[0.017s][info][gc,init] CardTable entry size: 512
[0.017s][info][gc     ] Using Parallel
[0.028s][info][gc,init] Version: 20+36-2344 (release)
[0.028s][info][gc,init] CPUs: 48 total, 48 available
[0.028s][info][gc,init] Memory: 382G
[0.028s][info][gc,init] Large Page Support: Disabled
[0.028s][info][gc,init] NUMA Support: Disabled
[0.028s][info][gc,init] Compressed Oops: Enabled (Zero based)
[0.028s][info][gc,init] Alignments: Space 512K, Generation 512K, Heap 2M
[0.028s][info][gc,init] Heap Min Capacity: 8M
[0.028s][info][gc,init] Heap Initial Capacity: 2G
[0.046s][info][gc,init] Heap Max Capacity: 4G
[0.046s][info][gc,init] Pre-touch: Disabled
[0.046s][info][gc,init] Parallel Workers: 33
[0.047s][info][gc,metaspace] CDS archive(s) mapped at: [0x0000000800000000-0x0000000800c60000-0x0000000800c60000), size 12976128, SharedBaseAddress: 0x0000000800000000, ArchiveRelocationMode: 0.
[0.047s][info][gc,metaspace] Compressed class space mapped at: 0x0000000801000000-0x0000000841000000, reserved size: 1073741824
[0.047s][info][gc,metaspace] Narrow klass base: 0x0000000800000000, Narrow klass shift: 0, Narrow klass range: 0x100000000
[1.166s][info][gc,start    ] GC(0) Pause Young (System.gc())
[1.175s][info][gc,heap     ] GC(0) PSYoungGen: 104964K(611840K)->4145K(611840K) Eden: 104964K(524800K)->0K(524800K) From: 0K(87040K)->4145K(87040K)
[1.175s][info][gc,heap     ] GC(0) ParOldGen: 0K(1398272K)->16K(1398272K)
[1.175s][info][gc,metaspace] GC(0) Metaspace: 8235K(8448K)->8235K(8448K) NonClass: 7128K(7232K)->7128K(7232K) Class: 1107K(1216K)->1107K(1216K)
[1.175s][info][gc          ] GC(0) Pause Young (System.gc()) 102M->4M(1963M) 9.297ms
[1.175s][info][gc,cpu      ] GC(0) User=0.00s Sys=0.00s Real=0.00s
[1.175s][info][gc,start    ] GC(1) Pause Full (System.gc())
[1.175s][info][gc,phases,start] GC(1) Marking Phase
[1.187s][info][gc,phases      ] GC(1) Marking Phase 11.709ms
[1.187s][info][gc,phases,start] GC(1) Summary Phase
[1.187s][info][gc,phases      ] GC(1) Summary Phase 0.014ms
[1.187s][info][gc,phases,start] GC(1) Adjust Roots
[1.189s][info][gc,phases      ] GC(1) Adjust Roots 1.746ms
[1.189s][info][gc,phases,start] GC(1) Compaction Phase
[1.195s][info][gc,phases      ] GC(1) Compaction Phase 5.611ms
[1.195s][info][gc,phases,start] GC(1) Post Compact
[1.196s][info][gc,phases      ] GC(1) Post Compact 1.098ms
[1.196s][info][gc,heap        ] GC(1) PSYoungGen: 4145K(611840K)->0K(611840K) Eden: 0K(524800K)->0K(524800K) From: 4145K(87040K)->0K(87040K)
[1.196s][info][gc,heap        ] GC(1) ParOldGen: 16K(1398272K)->3469K(1398272K)
[1.196s][info][gc,metaspace   ] GC(1) Metaspace: 8235K(8448K)->8235K(8448K) NonClass: 7128K(7232K)->7128K(7232K) Class: 1107K(1216K)->1107K(1216K)
[1.196s][info][gc             ] GC(1) Pause Full (System.gc()) 4M->3M(1963M) 20.369ms
[1.196s][info][gc,cpu         ] GC(1) User=0.50s Sys=0.02s Real=0.01s
[2.559s][info][gc,start       ] GC(2) Pause Young (Allocation Failure)
[2.563s][info][gc,heap        ] GC(2) PSYoungGen: 524800K(611840K)->4196K(611840K) Eden: 524800K(524800K)->0K(524800K) From: 0K(87040K)->4196K(87040K)
[2.563s][info][gc,heap        ] GC(2) ParOldGen: 3469K(1398272K)->3477K(1398272K)
[2.563s][info][gc,metaspace   ] GC(2) Metaspace: 14689K(15232K)->14689K(15232K) NonClass: 12605K(12928K)->12605K(12928K) Class: 2084K(2304K)->2084K(2304K)
[2.563s][info][gc             ] GC(2) Pause Young (Allocation Failure) 515M->7M(1963M) 3.570ms
[2.563s][info][gc,cpu         ] GC(2) User=0.00s Sys=0.00s Real=0.00s
[3.005s][info][gc,start       ] GC(3) Pause Young (Allocation Failure)
[3.007s][info][gc,heap        ] GC(3) PSYoungGen: 528996K(611840K)->4193K(611840K) Eden: 524800K(524800K)->0K(524800K) From: 4196K(87040K)->4193K(87040K)
[3.007s][info][gc,heap        ] GC(3) ParOldGen: 3477K(1398272K)->3485K(1398272K)
[3.007s][info][gc,metaspace   ] GC(3) Metaspace: 14695K(15232K)->14695K(15232K) NonClass: 12611K(12928K)->12611K(12928K) Class: 2084K(2304K)->2084K(2304K)
[3.007s][info][gc             ] GC(3) Pause Young (Allocation Failure) 519M->7M(1963M) 2.130ms
[3.007s][info][gc,cpu         ] GC(3) User=0.00s Sys=0.00s Real=0.00s
[3.371s][info][gc,start       ] GC(4) Pause Young (Allocation Failure)
[3.373s][info][gc,heap        ] GC(4) PSYoungGen: 528993K(611840K)->4245K(611840K) Eden: 524800K(524800K)->0K(524800K) From: 4193K(87040K)->4245K(87040K)
[3.373s][info][gc,heap        ] GC(4) ParOldGen: 3485K(1398272K)->3493K(1398272K)
[3.373s][info][gc,metaspace   ] GC(4) Metaspace: 14695K(15232K)->14695K(15232K) NonClass: 12611K(12928K)->12611K(12928K) Class: 2084K(2304K)->2084K(2304K)
[3.373s][info][gc             ] GC(4) Pause Young (Allocation Failure) 519M->7M(1963M) 1.903ms
[3.373s][info][gc,cpu         ] GC(4) User=0.00s Sys=0.00s Real=0.00s
[3.741s][info][gc,start       ] GC(5) Pause Young (Allocation Failure)
[3.743s][info][gc,heap        ] GC(5) PSYoungGen: 529045K(611840K)->4421K(611840K) Eden: 524800K(524800K)->0K(524800K) From: 4245K(87040K)->4421K(87040K)
[3.743s][info][gc,heap        ] GC(5) ParOldGen: 3493K(1398272K)->3501K(1398272K)
[3.743s][info][gc,metaspace   ] GC(5) Metaspace: 14695K(15232K)->14695K(15232K) NonClass: 12611K(12928K)->12611K(12928K) Class: 2084K(2304K)->2084K(2304K)
[3.744s][info][gc             ] GC(5) Pause Young (Allocation Failure) 520M->7M(1963M) 2.214ms
[3.744s][info][gc,cpu         ] GC(5) User=0.00s Sys=0.00s Real=0.00s
[4.155s][info][gc,start       ] GC(6) Pause Young (Allocation Failure)
[4.157s][info][gc,heap        ] GC(6) PSYoungGen: 529221K(611840K)->4369K(516608K) Eden: 524800K(524800K)->0K(512000K) From: 4421K(87040K)->4369K(4608K)
[4.157s][info][gc,heap        ] GC(6) ParOldGen: 3501K(1398272K)->3509K(1398272K)
[4.157s][info][gc,metaspace   ] GC(6) Metaspace: 14695K(15232K)->14695K(15232K) NonClass: 12611K(12928K)->12611K(12928K) Class: 2084K(2304K)->2084K(2304K)
[4.158s][info][gc             ] GC(6) Pause Young (Allocation Failure) 520M->7M(1870M) 2.594ms
[4.158s][info][gc,cpu         ] GC(6) User=0.00s Sys=0.00s Real=0.00s
[4.506s][info][gc,start       ] GC(7) Pause Young (Allocation Failure)
[4.510s][info][gc,heap        ] GC(7) PSYoungGen: 516369K(516608K)->4481K(504320K) Eden: 512000K(512000K)->0K(499712K) From: 4369K(4608K)->4481K(4608K)
[4.510s][info][gc,heap        ] GC(7) ParOldGen: 3509K(1398272K)->3517K(1398272K)
[4.510s][info][gc,metaspace   ] GC(7) Metaspace: 14695K(15232K)->14695K(15232K) NonClass: 12611K(12928K)->12611K(12928K) Class: 2084K(2304K)->2084K(2304K)
[4.510s][info][gc             ] GC(7) Pause Young (Allocation Failure) 507M->7M(1858M) 3.764ms
[4.510s][info][gc,cpu         ] GC(7) User=0.00s Sys=0.00s Real=0.00s
[4.844s][info][gc,start       ] GC(8) Pause Young (Allocation Failure)
[4.847s][info][gc,heap        ] GC(8) PSYoungGen: 504193K(504320K)->512K(488448K) Eden: 499712K(499712K)->0K(487936K) From: 4481K(4608K)->512K(512K)
[4.847s][info][gc,heap        ] GC(8) ParOldGen: 3517K(1398272K)->7644K(1398272K)
[4.847s][info][gc,metaspace   ] GC(8) Metaspace: 14696K(15232K)->14696K(15232K) NonClass: 12611K(12928K)->12611K(12928K) Class: 2084K(2304K)->2084K(2304K)
[4.847s][info][gc             ] GC(8) Pause Young (Allocation Failure) 495M->7M(1842M) 3.647ms
[4.847s][info][gc,cpu         ] GC(8) User=0.00s Sys=0.00s Real=0.00s
[5.198s][info][gc,start       ] GC(9) Pause Young (Allocation Failure)
[5.199s][info][gc,heap        ] GC(9) PSYoungGen: 488448K(488448K)->1056K(478208K) Eden: 487936K(487936K)->0K(476672K) From: 512K(512K)->1056K(1536K)
[5.200s][info][gc,heap        ] GC(9) ParOldGen: 7644K(1398272K)->7788K(1398272K)
[5.200s][info][gc,metaspace   ] GC(9) Metaspace: 14696K(15232K)->14696K(15232K) NonClass: 12611K(12928K)->12611K(12928K) Class: 2084K(2304K)->2084K(2304K)
[5.200s][info][gc             ] GC(9) Pause Young (Allocation Failure) 484M->8M(1832M) 1.278ms
[5.200s][info][gc,cpu         ] GC(9) User=0.00s Sys=0.00s Real=0.00s
[5.535s][info][gc,start       ] GC(10) Pause Young (Allocation Failure)
[5.537s][info][gc,heap        ] GC(10) PSYoungGen: 477728K(478208K)->1056K(466944K) Eden: 476672K(476672K)->0K(465408K) From: 1056K(1536K)->1056K(1536K)
[5.537s][info][gc,heap        ] GC(10) ParOldGen: 7788K(1398272K)->7964K(1398272K)
[5.537s][info][gc,metaspace   ] GC(10) Metaspace: 14696K(15232K)->14696K(15232K) NonClass: 12611K(12928K)->12611K(12928K) Class: 2084K(2304K)->2084K(2304K)
[5.537s][info][gc             ] GC(10) Pause Young (Allocation Failure) 474M->8M(1821M) 1.827ms
[5.537s][info][gc,cpu         ] GC(10) User=0.52s Sys=0.00s Real=0.00s
[5.872s][info][gc,start       ] GC(11) Pause Young (Allocation Failure)
[5.874s][info][gc,heap        ] GC(11) PSYoungGen: 466464K(466944K)->1056K(456192K) Eden: 465408K(465408K)->0K(454656K) From: 1056K(1536K)->1056K(1536K)
[5.874s][info][gc,heap        ] GC(11) ParOldGen: 7964K(1398272K)->8116K(1398272K)
[5.874s][info][gc,metaspace   ] GC(11) Metaspace: 14696K(15232K)->14696K(15232K) NonClass: 12611K(12928K)->12611K(12928K) Class: 2084K(2304K)->2084K(2304K)
[5.874s][info][gc             ] GC(11) Pause Young (Allocation Failure) 463M->8M(1811M) 1.245ms
[5.874s][info][gc,cpu         ] GC(11) User=0.00s Sys=0.00s Real=0.00s
[6.203s][info][gc,start       ] GC(12) Pause Young (Allocation Failure)
[6.204s][info][gc,heap        ] GC(12) PSYoungGen: 455712K(456192K)->1056K(445952K) Eden: 454656K(454656K)->0K(444416K) From: 1056K(1536K)->1056K(1536K)
[6.204s][info][gc,heap        ] GC(12) ParOldGen: 8116K(1398272K)->8348K(1398272K)
[6.204s][info][gc,metaspace   ] GC(12) Metaspace: 14696K(15232K)->14696K(15232K) NonClass: 12611K(12928K)->12611K(12928K) Class: 2084K(2304K)->2084K(2304K)
[6.204s][info][gc             ] GC(12) Pause Young (Allocation Failure) 452M->9M(1801M) 1.280ms
[6.204s][info][gc,cpu         ] GC(12) User=0.00s Sys=0.00s Real=0.00s
[6.531s][info][gc,start       ] GC(13) Pause Young (Allocation Failure)
[6.532s][info][gc,heap        ] GC(13) PSYoungGen: 445472K(445952K)->1024K(435712K) Eden: 444416K(444416K)->0K(434688K) From: 1056K(1536K)->1024K(1024K)
[6.532s][info][gc,heap        ] GC(13) ParOldGen: 8348K(1398272K)->8484K(1398272K)
[6.532s][info][gc,metaspace   ] GC(13) Metaspace: 14696K(15232K)->14696K(15232K) NonClass: 12611K(12928K)->12611K(12928K) Class: 2084K(2304K)->2084K(2304K)
[6.532s][info][gc             ] GC(13) Pause Young (Allocation Failure) 443M->9M(1791M) 1.143ms
[6.532s][info][gc,cpu         ] GC(13) User=0.00s Sys=0.00s Real=0.00s
[6.838s][info][gc,start       ] GC(14) Pause Young (Allocation Failure)
[6.840s][info][gc,heap        ] GC(14) PSYoungGen: 435712K(435712K)->1056K(426496K) Eden: 434688K(434688K)->0K(424960K) From: 1024K(1024K)->1056K(1536K)
[6.840s][info][gc,heap        ] GC(14) ParOldGen: 8484K(1398272K)->8612K(1398272K)
[6.840s][info][gc,metaspace   ] GC(14) Metaspace: 14696K(15232K)->14696K(15232K) NonClass: 12611K(12928K)->12611K(12928K) Class: 2084K(2304K)->2084K(2304K)
[6.840s][info][gc             ] GC(14) Pause Young (Allocation Failure) 433M->9M(1782M) 1.271ms
[6.840s][info][gc,cpu         ] GC(14) User=0.00s Sys=0.00s Real=0.00s
[7.141s][info][gc,start       ] GC(15) Pause Young (Allocation Failure)
[7.142s][info][gc,heap        ] GC(15) PSYoungGen: 426016K(426496K)->1056K(417280K) Eden: 424960K(424960K)->0K(415744K) From: 1056K(1536K)->1056K(1536K)
[7.142s][info][gc,heap        ] GC(15) ParOldGen: 8612K(1398272K)->8772K(1398272K)
[7.142s][info][gc,metaspace   ] GC(15) Metaspace: 14699K(15232K)->14699K(15232K) NonClass: 12615K(12928K)->12615K(12928K) Class: 2084K(2304K)->2084K(2304K)
[7.142s][info][gc             ] GC(15) Pause Young (Allocation Failure) 424M->9M(1773M) 1.296ms
[7.142s][info][gc,cpu         ] GC(15) User=0.00s Sys=0.00s Real=0.00s
[7.439s][info][gc,start       ] GC(16) Pause Young (Allocation Failure)
[7.440s][info][gc,heap        ] GC(16) PSYoungGen: 416800K(417280K)->960K(408064K) Eden: 415744K(415744K)->0K(407040K) From: 1056K(1536K)->960K(1024K)
[7.440s][info][gc,heap        ] GC(16) ParOldGen: 8772K(1398272K)->8924K(1398272K)
[7.440s][info][gc,metaspace   ] GC(16) Metaspace: 14699K(15232K)->14699K(15232K) NonClass: 12615K(12928K)->12615K(12928K) Class: 2084K(2304K)->2084K(2304K)
[7.440s][info][gc             ] GC(16) Pause Young (Allocation Failure) 415M->9M(1764M) 1.413ms
[7.440s][info][gc,cpu         ] GC(16) User=0.00s Sys=0.00s Real=0.00s
[7.730s][info][gc,start       ] GC(17) Pause Young (Allocation Failure)
[7.731s][info][gc,heap        ] GC(17) PSYoungGen: 408000K(408064K)->1056K(399872K) Eden: 407040K(407040K)->0K(398336K) From: 960K(1024K)->1056K(1536K)
[7.731s][info][gc,heap        ] GC(17) ParOldGen: 8924K(1398272K)->9036K(1398272K)
[7.731s][info][gc,metaspace   ] GC(17) Metaspace: 14699K(15232K)->14699K(15232K) NonClass: 12615K(12928K)->12615K(12928K) Class: 2084K(2304K)->2084K(2304K)
[7.731s][info][gc             ] GC(17) Pause Young (Allocation Failure) 407M->9M(1756M) 1.374ms
[7.731s][info][gc,cpu         ] GC(17) User=0.00s Sys=0.00s Real=0.00s
[8.014s][info][gc,start       ] GC(18) Pause Young (Allocation Failure)
[8.016s][info][gc,heap        ] GC(18) PSYoungGen: 399392K(399872K)->1024K(391168K) Eden: 398336K(398336K)->0K(390144K) From: 1056K(1536K)->1024K(1024K)
[8.016s][info][gc,heap        ] GC(18) ParOldGen: 9036K(1398272K)->9164K(1398272K)
[8.016s][info][gc,metaspace   ] GC(18) Metaspace: 14699K(15232K)->14699K(15232K) NonClass: 12615K(12928K)->12615K(12928K) Class: 2084K(2304K)->2084K(2304K)
[8.016s][info][gc             ] GC(18) Pause Young (Allocation Failure) 398M->9M(1747M) 1.438ms
[8.016s][info][gc,cpu         ] GC(18) User=0.00s Sys=0.00s Real=0.00s
[8.334s][info][gc,start       ] GC(19) Pause Young (Allocation Failure)
[8.335s][info][gc,heap        ] GC(19) PSYoungGen: 391168K(391168K)->1056K(388096K) Eden: 390144K(390144K)->0K(381952K) From: 1024K(1024K)->1056K(6144K)
[8.335s][info][gc,heap        ] GC(19) ParOldGen: 9164K(1398272K)->9284K(1398272K)
[8.336s][info][gc,metaspace   ] GC(19) Metaspace: 14699K(15232K)->14699K(15232K) NonClass: 12615K(12928K)->12615K(12928K) Class: 2084K(2304K)->2084K(2304K)
[8.336s][info][gc             ] GC(19) Pause Young (Allocation Failure) 390M->10M(1744M) 2.035ms
[8.336s][info][gc,cpu         ] GC(19) User=0.00s Sys=0.00s Real=0.00s
[8.630s][info][gc,start       ] GC(20) Pause Young (Allocation Failure)
[8.631s][info][gc,heap        ] GC(20) PSYoungGen: 383008K(388096K)->1056K(375808K) Eden: 381952K(381952K)->0K(374272K) From: 1056K(6144K)->1056K(1536K)
[8.631s][info][gc,heap        ] GC(20) ParOldGen: 9284K(1398272K)->9404K(1398272K)
[8.631s][info][gc,metaspace   ] GC(20) Metaspace: 14699K(15232K)->14699K(15232K) NonClass: 12615K(12928K)->12615K(12928K) Class: 2084K(2304K)->2084K(2304K)
[8.631s][info][gc             ] GC(20) Pause Young (Allocation Failure) 383M->10M(1732M) 1.157ms
[8.631s][info][gc,cpu         ] GC(20) User=0.00s Sys=0.00s Real=0.00s
[8.914s][info][gc,start       ] GC(21) Pause Young (Allocation Failure)
[8.915s][info][gc,heap        ] GC(21) PSYoungGen: 375328K(375808K)->1056K(368128K) Eden: 374272K(374272K)->0K(366592K) From: 1056K(1536K)->1056K(1536K)
[8.915s][info][gc,heap        ] GC(21) ParOldGen: 9404K(1398272K)->9516K(1398272K)
[8.915s][info][gc,metaspace   ] GC(21) Metaspace: 14699K(15232K)->14699K(15232K) NonClass: 12615K(12928K)->12615K(12928K) Class: 2084K(2304K)->2084K(2304K)
[8.915s][info][gc             ] GC(21) Pause Young (Allocation Failure) 375M->10M(1725M) 1.061ms
[8.915s][info][gc,cpu         ] GC(21) User=0.00s Sys=0.00s Real=0.00s
[9.176s][info][gc,start       ] GC(22) Pause Young (Allocation Failure)
[9.177s][info][gc,heap        ] GC(22) PSYoungGen: 367648K(368128K)->1056K(360960K) Eden: 366592K(366592K)->0K(359424K) From: 1056K(1536K)->1056K(1536K)
[9.177s][info][gc,heap        ] GC(22) ParOldGen: 9516K(1398272K)->9628K(1398272K)
[9.177s][info][gc,metaspace   ] GC(22) Metaspace: 14699K(15232K)->14699K(15232K) NonClass: 12615K(12928K)->12615K(12928K) Class: 2084K(2304K)->2084K(2304K)
[9.177s][info][gc             ] GC(22) Pause Young (Allocation Failure) 368M->10M(1718M) 1.136ms
[9.177s][info][gc,cpu         ] GC(22) User=0.52s Sys=0.00s Real=0.00s
[9.432s][info][gc,start       ] GC(23) Pause Young (Allocation Failure)
[9.433s][info][gc,heap        ] GC(23) PSYoungGen: 360480K(360960K)->1056K(353792K) Eden: 359424K(359424K)->0K(352256K) From: 1056K(1536K)->1056K(1536K)
[9.433s][info][gc,heap        ] GC(23) ParOldGen: 9628K(1398272K)->9732K(1398272K)
[9.433s][info][gc,metaspace   ] GC(23) Metaspace: 14699K(15232K)->14699K(15232K) NonClass: 12615K(12928K)->12615K(12928K) Class: 2084K(2304K)->2084K(2304K)
[9.433s][info][gc             ] GC(23) Pause Young (Allocation Failure) 361M->10M(1711M) 1.198ms
[9.433s][info][gc,cpu         ] GC(23) User=0.00s Sys=0.00s Real=0.00s
[9.683s][info][gc,start       ] GC(24) Pause Young (Allocation Failure)
[9.684s][info][gc,heap        ] GC(24) PSYoungGen: 353312K(353792K)->960K(346624K) Eden: 352256K(352256K)->0K(345600K) From: 1056K(1536K)->960K(1024K)
[9.684s][info][gc,heap        ] GC(24) ParOldGen: 9732K(1398272K)->9860K(1398272K)
[9.684s][info][gc,metaspace   ] GC(24) Metaspace: 14699K(15232K)->14699K(15232K) NonClass: 12615K(12928K)->12615K(12928K) Class: 2084K(2304K)->2084K(2304K)
[9.684s][info][gc             ] GC(24) Pause Young (Allocation Failure) 354M->10M(1704M) 1.198ms
[9.684s][info][gc,cpu         ] GC(24) User=0.00s Sys=0.00s Real=0.00s
[9.933s][info][gc,start       ] GC(25) Pause Young (Allocation Failure)
[9.934s][info][gc,heap        ] GC(25) PSYoungGen: 346560K(346624K)->1056K(344064K) Eden: 345600K(345600K)->0K(338944K) From: 960K(1024K)->1056K(5120K)
[9.934s][info][gc,heap        ] GC(25) ParOldGen: 9860K(1398272K)->9964K(1398272K)
[9.934s][info][gc,metaspace   ] GC(25) Metaspace: 14699K(15232K)->14699K(15232K) NonClass: 12615K(12928K)->12615K(12928K) Class: 2084K(2304K)->2084K(2304K)
[9.934s][info][gc             ] GC(25) Pause Young (Allocation Failure) 348M->10M(1701M) 1.234ms
[9.934s][info][gc,cpu         ] GC(25) User=0.00s Sys=0.00s Real=0.00s
[10.174s][info][gc,start       ] GC(26) Pause Young (Allocation Failure)
[10.175s][info][gc,heap        ] GC(26) PSYoungGen: 340000K(344064K)->1024K(333824K) Eden: 338944K(338944K)->0K(332800K) From: 1056K(5120K)->1024K(1024K)
[10.175s][info][gc,heap        ] GC(26) ParOldGen: 9964K(1398272K)->10076K(1398272K)
[10.175s][info][gc,metaspace   ] GC(26) Metaspace: 14699K(15232K)->14699K(15232K) NonClass: 12615K(12928K)->12615K(12928K) Class: 2084K(2304K)->2084K(2304K)
[10.175s][info][gc             ] GC(26) Pause Young (Allocation Failure) 341M->10M(1691M) 1.295ms
[10.175s][info][gc,cpu         ] GC(26) User=0.00s Sys=0.00s Real=0.00s
[10.414s][info][gc,start       ] GC(27) Pause Young (Allocation Failure)
[10.416s][info][gc,heap        ] GC(27) PSYoungGen: 333824K(333824K)->1056K(331264K) Eden: 332800K(332800K)->0K(326656K) From: 1024K(1024K)->1056K(4608K)
[10.416s][info][gc,heap        ] GC(27) ParOldGen: 10076K(1398272K)->10156K(1398272K)
[10.416s][info][gc,metaspace   ] GC(27) Metaspace: 14699K(15232K)->14699K(15232K) NonClass: 12615K(12928K)->12615K(12928K) Class: 2084K(2304K)->2084K(2304K)
[10.416s][info][gc             ] GC(27) Pause Young (Allocation Failure) 335M->10M(1689M) 1.328ms
[10.416s][info][gc,cpu         ] GC(27) User=0.00s Sys=0.00s Real=0.00s
[10.647s][info][gc,start       ] GC(28) Pause Young (Allocation Failure)
[10.649s][info][gc,heap        ] GC(28) PSYoungGen: 327712K(331264K)->1056K(322048K) Eden: 326656K(326656K)->0K(320512K) From: 1056K(4608K)->1056K(1536K)
[10.649s][info][gc,heap        ] GC(28) ParOldGen: 10156K(1398272K)->10252K(1398272K)
[10.649s][info][gc,metaspace   ] GC(28) Metaspace: 14699K(15232K)->14699K(15232K) NonClass: 12615K(12928K)->12615K(12928K) Class: 2084K(2304K)->2084K(2304K)
[10.649s][info][gc             ] GC(28) Pause Young (Allocation Failure) 329M->11M(1680M) 1.339ms
[10.649s][info][gc,cpu         ] GC(28) User=0.00s Sys=0.00s Real=0.00s
[11.000s][info][gc,start       ] GC(29) Pause Young (Allocation Failure)
[11.002s][info][gc,heap        ] GC(29) PSYoungGen: 321568K(322048K)->1024K(315904K) Eden: 320512K(320512K)->0K(314880K) From: 1056K(1536K)->1024K(1024K)
[11.002s][info][gc,heap        ] GC(29) ParOldGen: 10252K(1398272K)->10348K(1398272K)
[11.002s][info][gc,metaspace   ] GC(29) Metaspace: 14699K(15232K)->14699K(15232K) NonClass: 12615K(12928K)->12615K(12928K) Class: 2084K(2304K)->2084K(2304K)
[11.002s][info][gc             ] GC(29) Pause Young (Allocation Failure) 324M->11M(1674M) 1.988ms
[11.002s][info][gc,cpu         ] GC(29) User=0.00s Sys=0.00s Real=0.00s
[11.240s][info][gc,start       ] GC(30) Pause Young (Allocation Failure)
[11.241s][info][gc,heap        ] GC(30) PSYoungGen: 315904K(315904K)->1056K(310784K) Eden: 314880K(314880K)->0K(309248K) From: 1024K(1024K)->1056K(1536K)
[11.241s][info][gc,heap        ] GC(30) ParOldGen: 10348K(1398272K)->10436K(1398272K)
[11.241s][info][gc,metaspace   ] GC(30) Metaspace: 14699K(15232K)->14699K(15232K) NonClass: 12615K(12928K)->12615K(12928K) Class: 2084K(2304K)->2084K(2304K)
[11.241s][info][gc             ] GC(30) Pause Young (Allocation Failure) 318M->11M(1669M) 1.184ms
[11.241s][info][gc,cpu         ] GC(30) User=0.00s Sys=0.00s Real=0.00s
[11.466s][info][gc,start       ] GC(31) Pause Young (Allocation Failure)
[11.467s][info][gc,heap        ] GC(31) PSYoungGen: 310304K(310784K)->1056K(305152K) Eden: 309248K(309248K)->0K(303616K) From: 1056K(1536K)->1056K(1536K)
[11.467s][info][gc,heap        ] GC(31) ParOldGen: 10436K(1398272K)->10516K(1398272K)
[11.467s][info][gc,metaspace   ] GC(31) Metaspace: 14699K(15232K)->14699K(15232K) NonClass: 12615K(12928K)->12615K(12928K) Class: 2084K(2304K)->2084K(2304K)
[11.467s][info][gc             ] GC(31) Pause Young (Allocation Failure) 313M->11M(1663M) 1.120ms
[11.467s][info][gc,cpu         ] GC(31) User=0.00s Sys=0.00s Real=0.00s
[11.680s][info][gc,start       ] GC(32) Pause Young (Allocation Failure)
[11.681s][info][gc,heap        ] GC(32) PSYoungGen: 304672K(305152K)->992K(299520K) Eden: 303616K(303616K)->0K(298496K) From: 1056K(1536K)->992K(1024K)
[11.681s][info][gc,heap        ] GC(32) ParOldGen: 10516K(1398272K)->10604K(1398272K)
[11.681s][info][gc,metaspace   ] GC(32) Metaspace: 14699K(15232K)->14699K(15232K) NonClass: 12615K(12928K)->12615K(12928K) Class: 2084K(2304K)->2084K(2304K)
[11.681s][info][gc             ] GC(32) Pause Young (Allocation Failure) 307M->11M(1658M) 1.189ms
[11.681s][info][gc,cpu         ] GC(32) User=0.00s Sys=0.00s Real=0.00s
[11.907s][info][gc,start       ] GC(33) Pause Young (Allocation Failure)
[11.908s][info][gc,heap        ] GC(33) PSYoungGen: 299488K(299520K)->1056K(296960K) Eden: 298496K(298496K)->0K(293376K) From: 992K(1024K)->1056K(3584K)
[11.908s][info][gc,heap        ] GC(33) ParOldGen: 10604K(1398272K)->10692K(1398272K)
[11.908s][info][gc,metaspace   ] GC(33) Metaspace: 14699K(15232K)->14699K(15232K) NonClass: 12615K(12928K)->12615K(12928K) Class: 2084K(2304K)->2084K(2304K)
[11.908s][info][gc             ] GC(33) Pause Young (Allocation Failure) 302M->11M(1655M) 0.996ms
[11.908s][info][gc,cpu         ] GC(33) User=0.00s Sys=0.00s Real=0.00s
[12.113s][info][gc,start       ] GC(34) Pause Young (Allocation Failure)
[12.114s][info][gc,heap        ] GC(34) PSYoungGen: 294432K(296960K)->1024K(289280K) Eden: 293376K(293376K)->0K(288256K) From: 1056K(3584K)->1024K(1024K)
[12.114s][info][gc,heap        ] GC(34) ParOldGen: 10692K(1398272K)->10868K(1398272K)
[12.114s][info][gc,metaspace   ] GC(34) Metaspace: 14699K(15232K)->14699K(15232K) NonClass: 12615K(12928K)->12615K(12928K) Class: 2084K(2304K)->2084K(2304K)
[12.114s][info][gc             ] GC(34) Pause Young (Allocation Failure) 297M->11M(1648M) 1.070ms
[12.114s][info][gc,cpu         ] GC(34) User=0.52s Sys=0.00s Real=0.00s
[12.316s][info][gc,start       ] GC(35) Pause Young (Allocation Failure)
[12.317s][info][gc,heap        ] GC(35) PSYoungGen: 289280K(289280K)->1024K(284672K) Eden: 288256K(288256K)->0K(283648K) From: 1024K(1024K)->1024K(1024K)
[12.317s][info][gc,heap        ] GC(35) ParOldGen: 10868K(1398272K)->10944K(1398272K)
[12.317s][info][gc,metaspace   ] GC(35) Metaspace: 14699K(15232K)->14699K(15232K) NonClass: 12615K(12928K)->12615K(12928K) Class: 2084K(2304K)->2084K(2304K)
[12.317s][info][gc             ] GC(35) Pause Young (Allocation Failure) 293M->11M(1643M) 1.144ms
[12.317s][info][gc,cpu         ] GC(35) User=0.52s Sys=0.00s Real=0.00s
[12.519s][info][gc,start       ] GC(36) Pause Young (Allocation Failure)
[12.520s][info][gc,heap        ] GC(36) PSYoungGen: 284672K(284672K)->1024K(280064K) Eden: 283648K(283648K)->0K(279040K) From: 1024K(1024K)->1024K(1024K)
[12.520s][info][gc,heap        ] GC(36) ParOldGen: 10944K(1398272K)->11032K(1398272K)
[12.520s][info][gc,metaspace   ] GC(36) Metaspace: 14699K(15232K)->14699K(15232K) NonClass: 12615K(12928K)->12615K(12928K) Class: 2084K(2304K)->2084K(2304K)
[12.520s][info][gc             ] GC(36) Pause Young (Allocation Failure) 288M->11M(1639M) 1.114ms
[12.520s][info][gc,cpu         ] GC(36) User=0.02s Sys=0.00s Real=0.00s
[12.716s][info][gc,start       ] GC(37) Pause Young (Allocation Failure)
[12.717s][info][gc,heap        ] GC(37) PSYoungGen: 280064K(280064K)->1056K(277504K) Eden: 279040K(279040K)->0K(274432K) From: 1024K(1024K)->1056K(3072K)
[12.717s][info][gc,heap        ] GC(37) ParOldGen: 11032K(1398272K)->11104K(1398272K)
[12.717s][info][gc,metaspace   ] GC(37) Metaspace: 14699K(15232K)->14699K(15232K) NonClass: 12615K(12928K)->12615K(12928K) Class: 2084K(2304K)->2084K(2304K)
[12.717s][info][gc             ] GC(37) Pause Young (Allocation Failure) 284M->11M(1636M) 1.162ms
[12.717s][info][gc,cpu         ] GC(37) User=0.00s Sys=0.00s Real=0.00s
[12.909s][info][gc,start       ] GC(38) Pause Young (Allocation Failure)
[12.911s][info][gc,heap        ] GC(38) PSYoungGen: 275488K(277504K)->992K(270848K) Eden: 274432K(274432K)->0K(269824K) From: 1056K(3072K)->992K(1024K)
[12.911s][info][gc,heap        ] GC(38) ParOldGen: 11104K(1398272K)->11184K(1398272K)
[12.911s][info][gc,metaspace   ] GC(38) Metaspace: 14699K(15232K)->14699K(15232K) NonClass: 12615K(12928K)->12615K(12928K) Class: 2084K(2304K)->2084K(2304K)
[12.911s][info][gc             ] GC(38) Pause Young (Allocation Failure) 279M->11M(1630M) 1.227ms
[12.911s][info][gc,cpu         ] GC(38) User=0.00s Sys=0.00s Real=0.00s
[13.099s][info][gc,start       ] GC(39) Pause Young (Allocation Failure)
[13.100s][info][gc,heap        ] GC(39) PSYoungGen: 270816K(270848K)->1056K(267264K) Eden: 269824K(269824K)->0K(265728K) From: 992K(1024K)->1056K(1536K)
[13.100s][info][gc,heap        ] GC(39) ParOldGen: 11184K(1398272K)->11264K(1398272K)
[13.100s][info][gc,metaspace   ] GC(39) Metaspace: 14699K(15232K)->14699K(15232K) NonClass: 12615K(12928K)->12615K(12928K) Class: 2084K(2304K)->2084K(2304K)
[13.100s][info][gc             ] GC(39) Pause Young (Allocation Failure) 275M->12M(1626M) 1.232ms
[13.100s][info][gc,cpu         ] GC(39) User=0.00s Sys=0.00s Real=0.00s
[13.287s][info][gc,start       ] GC(40) Pause Young (Allocation Failure)
[13.288s][info][gc,heap        ] GC(40) PSYoungGen: 266784K(267264K)->1056K(263168K) Eden: 265728K(265728K)->0K(261632K) From: 1056K(1536K)->1056K(1536K)
[13.288s][info][gc,heap        ] GC(40) ParOldGen: 11264K(1398272K)->11336K(1398272K)
[13.288s][info][gc,metaspace   ] GC(40) Metaspace: 14699K(15232K)->14699K(15232K) NonClass: 12615K(12928K)->12615K(12928K) Class: 2084K(2304K)->2084K(2304K)
[13.288s][info][gc             ] GC(40) Pause Young (Allocation Failure) 271M->12M(1622M) 1.317ms
[13.289s][info][gc,cpu         ] GC(40) User=0.00s Sys=0.00s Real=0.00s
[13.474s][info][gc,start       ] GC(41) Pause Young (Allocation Failure)
[13.475s][info][gc,heap        ] GC(41) PSYoungGen: 262688K(263168K)->1056K(259072K) Eden: 261632K(261632K)->0K(257536K) From: 1056K(1536K)->1056K(1536K)
[13.475s][info][gc,heap        ] GC(41) ParOldGen: 11336K(1398272K)->11400K(1398272K)
[13.475s][info][gc,metaspace   ] GC(41) Metaspace: 14699K(15232K)->14699K(15232K) NonClass: 12615K(12928K)->12615K(12928K) Class: 2084K(2304K)->2084K(2304K)
[13.475s][info][gc             ] GC(41) Pause Young (Allocation Failure) 267M->12M(1618M) 1.350ms
[13.476s][info][gc,cpu         ] GC(41) User=0.00s Sys=0.00s Real=0.00s
[13.685s][info][gc,start       ] GC(42) Pause Young (Allocation Failure)
[13.687s][info][gc,heap        ] GC(42) PSYoungGen: 258592K(259072K)->992K(254464K) Eden: 257536K(257536K)->0K(253440K) From: 1056K(1536K)->992K(1024K)
[13.687s][info][gc,heap        ] GC(42) ParOldGen: 11400K(1398272K)->11480K(1398272K)
[13.687s][info][gc,metaspace   ] GC(42) Metaspace: 14699K(15232K)->14699K(15232K) NonClass: 12615K(12928K)->12615K(12928K) Class: 2084K(2304K)->2084K(2304K)
[13.687s][info][gc             ] GC(42) Pause Young (Allocation Failure) 263M->12M(1614M) 1.610ms
[13.687s][info][gc,cpu         ] GC(42) User=0.00s Sys=0.00s Real=0.00s
[13.875s][info][gc,start       ] GC(43) Pause Young (Allocation Failure)
[13.876s][info][gc,heap        ] GC(43) PSYoungGen: 254432K(254464K)->1056K(251904K) Eden: 253440K(253440K)->0K(249344K) From: 992K(1024K)->1056K(2560K)
[13.876s][info][gc,heap        ] GC(43) ParOldGen: 11480K(1398272K)->11592K(1398272K)
[13.876s][info][gc,metaspace   ] GC(43) Metaspace: 14699K(15232K)->14699K(15232K) NonClass: 12615K(12928K)->12615K(12928K) Class: 2084K(2304K)->2084K(2304K)
[13.876s][info][gc             ] GC(43) Pause Young (Allocation Failure) 259M->12M(1611M) 1.114ms
[13.876s][info][gc,cpu         ] GC(43) User=0.00s Sys=0.00s Real=0.00s
[14.061s][info][gc,start       ] GC(44) Pause Young (Allocation Failure)
[14.062s][info][gc,heap        ] GC(44) PSYoungGen: 250400K(251904K)->992K(246784K) Eden: 249344K(249344K)->0K(245760K) From: 1056K(2560K)->992K(1024K)
[14.062s][info][gc,heap        ] GC(44) ParOldGen: 11592K(1398272K)->11664K(1398272K)
[14.062s][info][gc,metaspace   ] GC(44) Metaspace: 14699K(15232K)->14699K(15232K) NonClass: 12615K(12928K)->12615K(12928K) Class: 2084K(2304K)->2084K(2304K)
[14.062s][info][gc             ] GC(44) Pause Young (Allocation Failure) 255M->12M(1606M) 1.014ms
[14.062s][info][gc,cpu         ] GC(44) User=0.00s Sys=0.00s Real=0.00s
[14.243s][info][gc,start       ] GC(45) Pause Young (Allocation Failure)
[14.244s][info][gc,heap        ] GC(45) PSYoungGen: 246752K(246784K)->1024K(243200K) Eden: 245760K(245760K)->0K(242176K) From: 992K(1024K)->1024K(1024K)
[14.244s][info][gc,heap        ] GC(45) ParOldGen: 11664K(1398272K)->11744K(1398272K)
[14.244s][info][gc,metaspace   ] GC(45) Metaspace: 14699K(15232K)->14699K(15232K) NonClass: 12615K(12928K)->12615K(12928K) Class: 2084K(2304K)->2084K(2304K)
[14.244s][info][gc             ] GC(45) Pause Young (Allocation Failure) 252M->12M(1603M) 1.035ms
[14.244s][info][gc,cpu         ] GC(45) User=0.00s Sys=0.00s Real=0.00s
[14.420s][info][gc,start       ] GC(46) Pause Young (Allocation Failure)
[14.421s][info][gc,heap        ] GC(46) PSYoungGen: 243200K(243200K)->1056K(240128K) Eden: 242176K(242176K)->0K(238592K) From: 1024K(1024K)->1056K(1536K)
[14.421s][info][gc,heap        ] GC(46) ParOldGen: 11744K(1398272K)->11808K(1398272K)
[14.421s][info][gc,metaspace   ] GC(46) Metaspace: 14699K(15232K)->14699K(15232K) NonClass: 12615K(12928K)->12615K(12928K) Class: 2084K(2304K)->2084K(2304K)
[14.421s][info][gc             ] GC(46) Pause Young (Allocation Failure) 248M->12M(1600M) 0.998ms
[14.421s][info][gc,cpu         ] GC(46) User=0.00s Sys=0.00s Real=0.00s
[14.587s][info][gc,start       ] GC(47) Pause Young (Allocation Failure)
[14.588s][info][gc,heap        ] GC(47) PSYoungGen: 239648K(240128K)->1024K(236032K) Eden: 238592K(238592K)->0K(235008K) From: 1056K(1536K)->1024K(1024K)
[14.588s][info][gc,heap        ] GC(47) ParOldGen: 11808K(1398272K)->11880K(1398272K)
[14.588s][info][gc,metaspace   ] GC(47) Metaspace: 14699K(15232K)->14699K(15232K) NonClass: 12615K(12928K)->12615K(12928K) Class: 2084K(2304K)->2084K(2304K)
[14.588s][info][gc             ] GC(47) Pause Young (Allocation Failure) 245M->12M(1596M) 0.956ms
[14.588s][info][gc,cpu         ] GC(47) User=0.00s Sys=0.00s Real=0.00s
[14.743s][info][gc,start       ] GC(48) Pause Young (Allocation Failure)
[14.744s][info][gc,heap        ] GC(48) PSYoungGen: 236032K(236032K)->1024K(232448K) Eden: 235008K(235008K)->0K(231424K) From: 1024K(1024K)->1024K(1024K)
[14.744s][info][gc,heap        ] GC(48) ParOldGen: 11880K(1398272K)->11976K(1398272K)
[14.744s][info][gc,metaspace   ] GC(48) Metaspace: 14699K(15232K)->14699K(15232K) NonClass: 12615K(12928K)->12615K(12928K) Class: 2084K(2304K)->2084K(2304K)
[14.745s][info][gc             ] GC(48) Pause Young (Allocation Failure) 242M->12M(1592M) 1.099ms
[14.745s][info][gc,cpu         ] GC(48) User=0.00s Sys=0.00s Real=0.00s
[14.898s][info][gc,start       ] GC(49) Pause Young (Allocation Failure)
[14.899s][info][gc,heap        ] GC(49) PSYoungGen: 232448K(232448K)->1056K(229888K) Eden: 231424K(231424K)->0K(228352K) From: 1024K(1024K)->1056K(1536K)
[14.899s][info][gc,heap        ] GC(49) ParOldGen: 11976K(1398272K)->12040K(1398272K)
[14.899s][info][gc,metaspace   ] GC(49) Metaspace: 14699K(15232K)->14699K(15232K) NonClass: 12615K(12928K)->12615K(12928K) Class: 2084K(2304K)->2084K(2304K)
[14.899s][info][gc             ] GC(49) Pause Young (Allocation Failure) 238M->12M(1590M) 1.063ms
[14.899s][info][gc,cpu         ] GC(49) User=0.00s Sys=0.00s Real=0.00s
[15.054s][info][gc,start       ] GC(50) Pause Young (Allocation Failure)
[15.055s][info][gc,heap        ] GC(50) PSYoungGen: 229408K(229888K)->992K(226304K) Eden: 228352K(228352K)->0K(225280K) From: 1056K(1536K)->992K(1024K)
[15.055s][info][gc,heap        ] GC(50) ParOldGen: 12040K(1398272K)->12112K(1398272K)
[15.055s][info][gc,metaspace   ] GC(50) Metaspace: 14699K(15232K)->14699K(15232K) NonClass: 12615K(12928K)->12615K(12928K) Class: 2084K(2304K)->2084K(2304K)
[15.055s][info][gc             ] GC(50) Pause Young (Allocation Failure) 235M->12M(1586M) 1.083ms
[15.055s][info][gc,cpu         ] GC(50) User=0.00s Sys=0.00s Real=0.00s
[15.171s][info][gc,start       ] GC(51) Pause Young (Allocation Failure)
[15.172s][info][gc,heap        ] GC(51) PSYoungGen: 226272K(226304K)->800K(223232K) Eden: 225280K(225280K)->0K(222208K) From: 992K(1024K)->800K(1024K)
[15.172s][info][gc,heap        ] GC(51) ParOldGen: 12112K(1398272K)->12184K(1398272K)
[15.172s][info][gc,metaspace   ] GC(51) Metaspace: 14699K(15232K)->14699K(15232K) NonClass: 12615K(12928K)->12615K(12928K) Class: 2084K(2304K)->2084K(2304K)
[15.172s][info][gc             ] GC(51) Pause Young (Allocation Failure) 232M->12M(1583M) 1.122ms
[15.172s][info][gc,cpu         ] GC(51) User=0.00s Sys=0.00s Real=0.00s
[15.305s][info][gc,start       ] GC(52) Pause Young (Allocation Failure)
[15.306s][info][gc,heap        ] GC(52) PSYoungGen: 223008K(223232K)->608K(220160K) Eden: 222208K(222208K)->0K(219136K) From: 800K(1024K)->608K(1024K)
[15.306s][info][gc,heap        ] GC(52) ParOldGen: 12184K(1398272K)->12264K(1398272K)
[15.306s][info][gc,metaspace   ] GC(52) Metaspace: 14699K(15232K)->14699K(15232K) NonClass: 12615K(12928K)->12615K(12928K) Class: 2084K(2304K)->2084K(2304K)
[15.306s][info][gc             ] GC(52) Pause Young (Allocation Failure) 229M->12M(1580M) 1.104ms
[15.306s][info][gc,cpu         ] GC(52) User=0.00s Sys=0.00s Real=0.00s
[15.722s][info][gc,start       ] GC(53) Pause Young (System.gc())
[15.724s][info][gc,heap        ] GC(53) PSYoungGen: 214911K(220160K)->1056K(220672K) Eden: 214303K(219136K)->0K(219136K) From: 608K(1024K)->1056K(1536K)
[15.724s][info][gc,heap        ] GC(53) ParOldGen: 12264K(1398272K)->12336K(1398272K)
[15.724s][info][gc,metaspace   ] GC(53) Metaspace: 14798K(15360K)->14798K(15360K) NonClass: 12703K(13056K)->12703K(13056K) Class: 2094K(2304K)->2094K(2304K)
[15.724s][info][gc             ] GC(53) Pause Young (System.gc()) 221M->13M(1581M) 1.421ms
[15.724s][info][gc,cpu         ] GC(53) User=0.00s Sys=0.00s Real=0.00s
[15.724s][info][gc,start       ] GC(54) Pause Full (System.gc())
[15.724s][info][gc,phases,start] GC(54) Marking Phase
[15.747s][info][gc,phases      ] GC(54) Marking Phase 22.905ms
[15.747s][info][gc,phases,start] GC(54) Summary Phase
[15.747s][info][gc,phases      ] GC(54) Summary Phase 0.017ms
[15.747s][info][gc,phases,start] GC(54) Adjust Roots
[15.753s][info][gc,phases      ] GC(54) Adjust Roots 5.568ms
[15.753s][info][gc,phases,start] GC(54) Compaction Phase
[15.761s][info][gc,phases      ] GC(54) Compaction Phase 8.173ms
[15.761s][info][gc,phases,start] GC(54) Post Compact
[15.764s][info][gc,phases      ] GC(54) Post Compact 2.867ms
[15.764s][info][gc,heap        ] GC(54) PSYoungGen: 1056K(220672K)->0K(220672K) Eden: 0K(219136K)->0K(219136K) From: 1056K(1536K)->0K(1536K)
[15.764s][info][gc,heap        ] GC(54) ParOldGen: 12336K(1398272K)->5367K(1398272K)
[15.764s][info][gc,metaspace   ] GC(54) Metaspace: 14798K(15360K)->14314K(15232K) NonClass: 12703K(13056K)->12355K(12928K) Class: 2094K(2304K)->1959K(2304K)
[15.764s][info][gc             ] GC(54) Pause Full (System.gc()) 13M->5M(1581M) 39.924ms
[15.764s][info][gc,cpu         ] GC(54) User=0.64s Sys=0.00s Real=0.05s
[15.951s][info][gc,start       ] GC(55) Pause Young (Allocation Failure)
[15.952s][info][gc,heap        ] GC(55) PSYoungGen: 219136K(220672K)->1888K(218112K) Eden: 219136K(219136K)->0K(216064K) From: 0K(1536K)->1888K(2048K)
[15.952s][info][gc,heap        ] GC(55) ParOldGen: 5367K(1398272K)->5367K(1398272K)
[15.952s][info][gc,metaspace   ] GC(55) Metaspace: 14315K(15232K)->14315K(15232K) NonClass: 12356K(12928K)->12356K(12928K) Class: 1959K(2304K)->1959K(2304K)
[15.952s][info][gc             ] GC(55) Pause Young (Allocation Failure) 219M->7M(1578M) 1.218ms
[15.952s][info][gc,cpu         ] GC(55) User=0.00s Sys=0.00s Real=0.00s
[16.070s][info][gc,start       ] GC(56) Pause Young (Allocation Failure)
[16.071s][info][gc,heap        ] GC(56) PSYoungGen: 217952K(218112K)->1024K(214016K) Eden: 216064K(216064K)->0K(212992K) From: 1888K(2048K)->1024K(1024K)
[16.072s][info][gc,heap        ] GC(56) ParOldGen: 5367K(1398272K)->7018K(1398272K)
[16.072s][info][gc,metaspace   ] GC(56) Metaspace: 14315K(15232K)->14315K(15232K) NonClass: 12356K(12928K)->12356K(12928K) Class: 1959K(2304K)->1959K(2304K)
[16.072s][info][gc             ] GC(56) Pause Young (Allocation Failure) 218M->7M(1574M) 1.442ms
[16.072s][info][gc,cpu         ] GC(56) User=0.00s Sys=0.00s Real=0.00s
[16.209s][info][gc,start       ] GC(57) Pause Young (Allocation Failure)
[16.210s][info][gc,heap        ] GC(57) PSYoungGen: 214016K(214016K)->1024K(210944K) Eden: 212992K(212992K)->0K(209920K) From: 1024K(1024K)->1024K(1024K)
[16.210s][info][gc,heap        ] GC(57) ParOldGen: 7018K(1398272K)->7074K(1398272K)
[16.210s][info][gc,metaspace   ] GC(57) Metaspace: 14315K(15232K)->14315K(15232K) NonClass: 12356K(12928K)->12356K(12928K) Class: 1959K(2304K)->1959K(2304K)
[16.210s][info][gc             ] GC(57) Pause Young (Allocation Failure) 215M->7M(1571M) 1.263ms
[16.210s][info][gc,cpu         ] GC(57) User=0.00s Sys=0.00s Real=0.00s
[16.347s][info][gc,start       ] GC(58) Pause Young (Allocation Failure)
[16.348s][info][gc,heap        ] GC(58) PSYoungGen: 210944K(210944K)->1024K(208384K) Eden: 209920K(209920K)->0K(207360K) From: 1024K(1024K)->1024K(1024K)
[16.348s][info][gc,heap        ] GC(58) ParOldGen: 7074K(1398272K)->7138K(1398272K)
[16.348s][info][gc,metaspace   ] GC(58) Metaspace: 14315K(15232K)->14315K(15232K) NonClass: 12356K(12928K)->12356K(12928K) Class: 1959K(2304K)->1959K(2304K)
[16.348s][info][gc             ] GC(58) Pause Young (Allocation Failure) 212M->7M(1569M) 1.228ms
[16.348s][info][gc,cpu         ] GC(58) User=0.00s Sys=0.00s Real=0.00s
[16.479s][info][gc,start       ] GC(59) Pause Young (Allocation Failure)
[16.481s][info][gc,heap        ] GC(59) PSYoungGen: 208384K(208384K)->1024K(205824K) Eden: 207360K(207360K)->0K(204800K) From: 1024K(1024K)->1024K(1024K)
[16.481s][info][gc,heap        ] GC(59) ParOldGen: 7138K(1398272K)->7202K(1398272K)
[16.481s][info][gc,metaspace   ] GC(59) Metaspace: 14315K(15232K)->14315K(15232K) NonClass: 12356K(12928K)->12356K(12928K) Class: 1959K(2304K)->1959K(2304K)
[16.481s][info][gc             ] GC(59) Pause Young (Allocation Failure) 210M->8M(1566M) 1.256ms
[16.481s][info][gc,cpu         ] GC(59) User=0.00s Sys=0.00s Real=0.00s
[16.613s][info][gc,start       ] GC(60) Pause Young (Allocation Failure)
[16.614s][info][gc,heap        ] GC(60) PSYoungGen: 205824K(205824K)->1024K(203264K) Eden: 204800K(204800K)->0K(202240K) From: 1024K(1024K)->1024K(1024K)
[16.614s][info][gc,heap        ] GC(60) ParOldGen: 7202K(1398272K)->7282K(1398272K)
[16.614s][info][gc,metaspace   ] GC(60) Metaspace: 14315K(15232K)->14315K(15232K) NonClass: 12356K(12928K)->12356K(12928K) Class: 1959K(2304K)->1959K(2304K)
[16.614s][info][gc             ] GC(60) Pause Young (Allocation Failure) 208M->8M(1564M) 1.273ms
[16.614s][info][gc,cpu         ] GC(60) User=0.52s Sys=0.00s Real=0.00s
[16.746s][info][gc,start       ] GC(61) Pause Young (Allocation Failure)
[16.747s][info][gc,heap        ] GC(61) PSYoungGen: 203264K(203264K)->1024K(200704K) Eden: 202240K(202240K)->0K(199680K) From: 1024K(1024K)->1024K(1024K)
[16.747s][info][gc,heap        ] GC(61) ParOldGen: 7282K(1398272K)->7338K(1398272K)
[16.747s][info][gc,metaspace   ] GC(61) Metaspace: 14315K(15232K)->14315K(15232K) NonClass: 12356K(12928K)->12356K(12928K) Class: 1959K(2304K)->1959K(2304K)
[16.747s][info][gc             ] GC(61) Pause Young (Allocation Failure) 205M->8M(1561M) 1.298ms
[16.747s][info][gc,cpu         ] GC(61) User=0.00s Sys=0.00s Real=0.00s
[16.875s][info][gc,start       ] GC(62) Pause Young (Allocation Failure)
[16.877s][info][gc,heap        ] GC(62) PSYoungGen: 200704K(200704K)->992K(198144K) Eden: 199680K(199680K)->0K(197120K) From: 1024K(1024K)->992K(1024K)
[16.877s][info][gc,heap        ] GC(62) ParOldGen: 7338K(1398272K)->7386K(1398272K)
[16.877s][info][gc,metaspace   ] GC(62) Metaspace: 14315K(15232K)->14315K(15232K) NonClass: 12356K(12928K)->12356K(12928K) Class: 1959K(2304K)->1959K(2304K)
[16.877s][info][gc             ] GC(62) Pause Young (Allocation Failure) 203M->8M(1559M) 1.304ms
[16.877s][info][gc,cpu         ] GC(62) User=0.00s Sys=0.00s Real=0.00s
[17.004s][info][gc,start       ] GC(63) Pause Young (Allocation Failure)
[17.005s][info][gc,heap        ] GC(63) PSYoungGen: 198112K(198144K)->1024K(195584K) Eden: 197120K(197120K)->0K(194560K) From: 992K(1024K)->1024K(1024K)
[17.005s][info][gc,heap        ] GC(63) ParOldGen: 7386K(1398272K)->7442K(1398272K)
[17.005s][info][gc,metaspace   ] GC(63) Metaspace: 14315K(15232K)->14315K(15232K) NonClass: 12356K(12928K)->12356K(12928K) Class: 1959K(2304K)->1959K(2304K)
[17.005s][info][gc             ] GC(63) Pause Young (Allocation Failure) 200M->8M(1556M) 1.296ms
[17.005s][info][gc,cpu         ] GC(63) User=0.44s Sys=0.08s Real=0.00s
[17.133s][info][gc,start       ] GC(64) Pause Young (Allocation Failure)
[17.134s][info][gc,heap        ] GC(64) PSYoungGen: 195584K(195584K)->992K(193024K) Eden: 194560K(194560K)->0K(192000K) From: 1024K(1024K)->992K(1024K)
[17.134s][info][gc,heap        ] GC(64) ParOldGen: 7442K(1398272K)->7530K(1398272K)
[17.134s][info][gc,metaspace   ] GC(64) Metaspace: 14315K(15232K)->14315K(15232K) NonClass: 12356K(12928K)->12356K(12928K) Class: 1959K(2304K)->1959K(2304K)
[17.134s][info][gc             ] GC(64) Pause Young (Allocation Failure) 198M->8M(1554M) 1.331ms
[17.134s][info][gc,cpu         ] GC(64) User=0.00s Sys=0.00s Real=0.00s
[17.263s][info][gc,start       ] GC(65) Pause Young (Allocation Failure)
[17.264s][info][gc,heap        ] GC(65) PSYoungGen: 192992K(193024K)->1024K(190464K) Eden: 192000K(192000K)->0K(189440K) From: 992K(1024K)->1024K(1024K)
[17.264s][info][gc,heap        ] GC(65) ParOldGen: 7530K(1398272K)->7586K(1398272K)
[17.264s][info][gc,metaspace   ] GC(65) Metaspace: 14315K(15232K)->14315K(15232K) NonClass: 12356K(12928K)->12356K(12928K) Class: 1959K(2304K)->1959K(2304K)
[17.264s][info][gc             ] GC(65) Pause Young (Allocation Failure) 195M->8M(1551M) 1.361ms
[17.264s][info][gc,cpu         ] GC(65) User=0.00s Sys=0.00s Real=0.00s
[17.459s][info][gc,start       ] GC(66) Pause Young (Allocation Failure)
[17.461s][info][gc,heap        ] GC(66) PSYoungGen: 190464K(190464K)->1024K(188416K) Eden: 189440K(189440K)->0K(187392K) From: 1024K(1024K)->1024K(1024K)
[17.461s][info][gc,heap        ] GC(66) ParOldGen: 7586K(1398272K)->7658K(1398272K)
[17.461s][info][gc,metaspace   ] GC(66) Metaspace: 14315K(15232K)->14315K(15232K) NonClass: 12356K(12928K)->12356K(12928K) Class: 1959K(2304K)->1959K(2304K)
[17.461s][info][gc             ] GC(66) Pause Young (Allocation Failure) 193M->8M(1549M) 1.970ms
[17.461s][info][gc,cpu         ] GC(66) User=0.00s Sys=0.00s Real=0.00s
[17.595s][info][gc,start       ] GC(67) Pause Young (Allocation Failure)
[17.596s][info][gc,heap        ] GC(67) PSYoungGen: 188416K(188416K)->992K(186368K) Eden: 187392K(187392K)->0K(185344K) From: 1024K(1024K)->992K(1024K)
[17.596s][info][gc,heap        ] GC(67) ParOldGen: 7658K(1398272K)->7706K(1398272K)
[17.596s][info][gc,metaspace   ] GC(67) Metaspace: 14315K(15232K)->14315K(15232K) NonClass: 12356K(12928K)->12356K(12928K) Class: 1959K(2304K)->1959K(2304K)
[17.596s][info][gc             ] GC(67) Pause Young (Allocation Failure) 191M->8M(1547M) 1.322ms
[17.596s][info][gc,cpu         ] GC(67) User=0.00s Sys=0.00s Real=0.00s
[17.722s][info][gc,start       ] GC(68) Pause Young (Allocation Failure)
[17.724s][info][gc,heap        ] GC(68) PSYoungGen: 186336K(186368K)->992K(184320K) Eden: 185344K(185344K)->0K(183296K) From: 992K(1024K)->992K(1024K)
[17.724s][info][gc,heap        ] GC(68) ParOldGen: 7706K(1398272K)->7762K(1398272K)
[17.724s][info][gc,metaspace   ] GC(68) Metaspace: 14315K(15232K)->14315K(15232K) NonClass: 12356K(12928K)->12356K(12928K) Class: 1959K(2304K)->1959K(2304K)
[17.724s][info][gc             ] GC(68) Pause Young (Allocation Failure) 189M->8M(1545M) 1.230ms
[17.724s][info][gc,cpu         ] GC(68) User=0.00s Sys=0.00s Real=0.00s
[17.848s][info][gc,start       ] GC(69) Pause Young (Allocation Failure)
[17.850s][info][gc,heap        ] GC(69) PSYoungGen: 184288K(184320K)->1024K(182272K) Eden: 183296K(183296K)->0K(181248K) From: 992K(1024K)->1024K(1024K)
[17.850s][info][gc,heap        ] GC(69) ParOldGen: 7762K(1398272K)->7810K(1398272K)
[17.850s][info][gc,metaspace   ] GC(69) Metaspace: 14315K(15232K)->14315K(15232K) NonClass: 12356K(12928K)->12356K(12928K) Class: 1959K(2304K)->1959K(2304K)
[17.850s][info][gc             ] GC(69) Pause Young (Allocation Failure) 187M->8M(1543M) 1.185ms
[17.850s][info][gc,cpu         ] GC(69) User=0.00s Sys=0.00s Real=0.00s
[17.989s][info][gc,start       ] GC(70) Pause Young (Allocation Failure)
[17.990s][info][gc,heap        ] GC(70) PSYoungGen: 182272K(182272K)->1024K(180224K) Eden: 181248K(181248K)->0K(179200K) From: 1024K(1024K)->1024K(1024K)
[17.990s][info][gc,heap        ] GC(70) ParOldGen: 7810K(1398272K)->7866K(1398272K)
[17.990s][info][gc,metaspace   ] GC(70) Metaspace: 14315K(15232K)->14315K(15232K) NonClass: 12356K(12928K)->12356K(12928K) Class: 1959K(2304K)->1959K(2304K)
[17.990s][info][gc             ] GC(70) Pause Young (Allocation Failure) 185M->8M(1541M) 1.137ms
[17.990s][info][gc,cpu         ] GC(70) User=0.00s Sys=0.00s Real=0.00s
[18.118s][info][gc,start       ] GC(71) Pause Young (Allocation Failure)
[18.118s][info][gc,heap        ] GC(71) PSYoungGen: 180224K(180224K)->1056K(178688K) Eden: 179200K(179200K)->0K(177152K) From: 1024K(1024K)->1056K(1536K)
[18.118s][info][gc,heap        ] GC(71) ParOldGen: 7866K(1398272K)->7938K(1398272K)
[18.118s][info][gc,metaspace   ] GC(71) Metaspace: 14315K(15232K)->14315K(15232K) NonClass: 12356K(12928K)->12356K(12928K) Class: 1959K(2304K)->1959K(2304K)
[18.118s][info][gc             ] GC(71) Pause Young (Allocation Failure) 183M->8M(1540M) 0.899ms
[18.118s][info][gc,cpu         ] GC(71) User=0.00s Sys=0.00s Real=0.00s
[18.234s][info][gc,start       ] GC(72) Pause Young (Allocation Failure)
[18.235s][info][gc,heap        ] GC(72) PSYoungGen: 178208K(178688K)->992K(176128K) Eden: 177152K(177152K)->0K(175104K) From: 1056K(1536K)->992K(1024K)
[18.235s][info][gc,heap        ] GC(72) ParOldGen: 7938K(1398272K)->7986K(1398272K)
[18.235s][info][gc,metaspace   ] GC(72) Metaspace: 14315K(15232K)->14315K(15232K) NonClass: 12356K(12928K)->12356K(12928K) Class: 1959K(2304K)->1959K(2304K)
[18.235s][info][gc             ] GC(72) Pause Young (Allocation Failure) 181M->8M(1537M) 1.009ms
[18.235s][info][gc,cpu         ] GC(72) User=0.00s Sys=0.00s Real=0.00s
[18.345s][info][gc,start       ] GC(73) Pause Young (Allocation Failure)
[18.345s][info][gc,heap        ] GC(73) PSYoungGen: 176096K(176128K)->992K(174080K) Eden: 175104K(175104K)->0K(173056K) From: 992K(1024K)->992K(1024K)
[18.346s][info][gc,heap        ] GC(73) ParOldGen: 7986K(1398272K)->8058K(1398272K)
[18.346s][info][gc,metaspace   ] GC(73) Metaspace: 14315K(15232K)->14315K(15232K) NonClass: 12356K(12928K)->12356K(12928K) Class: 1959K(2304K)->1959K(2304K)
[18.346s][info][gc             ] GC(73) Pause Young (Allocation Failure) 179M->8M(1535M) 0.848ms
[18.346s][info][gc,cpu         ] GC(73) User=0.00s Sys=0.00s Real=0.00s
[18.455s][info][gc,start       ] GC(74) Pause Young (Allocation Failure)
[18.456s][info][gc,heap        ] GC(74) PSYoungGen: 174048K(174080K)->1024K(172032K) Eden: 173056K(173056K)->0K(171008K) From: 992K(1024K)->1024K(1024K)
[18.456s][info][gc,heap        ] GC(74) ParOldGen: 8058K(1398272K)->8114K(1398272K)
[18.456s][info][gc,metaspace   ] GC(74) Metaspace: 14315K(15232K)->14315K(15232K) NonClass: 12356K(12928K)->12356K(12928K) Class: 1959K(2304K)->1959K(2304K)
[18.456s][info][gc             ] GC(74) Pause Young (Allocation Failure) 177M->8M(1533M) 0.962ms
[18.456s][info][gc,cpu         ] GC(74) User=0.00s Sys=0.00s Real=0.00s
[18.566s][info][gc,start       ] GC(75) Pause Young (Allocation Failure)
[18.567s][info][gc,heap        ] GC(75) PSYoungGen: 172032K(172032K)->1024K(169984K) Eden: 171008K(171008K)->0K(168960K) From: 1024K(1024K)->1024K(1024K)
[18.567s][info][gc,heap        ] GC(75) ParOldGen: 8114K(1398272K)->8170K(1398272K)
[18.567s][info][gc,metaspace   ] GC(75) Metaspace: 14315K(15232K)->14315K(15232K) NonClass: 12356K(12928K)->12356K(12928K) Class: 1959K(2304K)->1959K(2304K)
[18.567s][info][gc             ] GC(75) Pause Young (Allocation Failure) 175M->8M(1531M) 1.001ms
[18.567s][info][gc,cpu         ] GC(75) User=0.52s Sys=0.00s Real=0.00s
[18.675s][info][gc,start       ] GC(76) Pause Young (Allocation Failure)
[18.676s][info][gc,heap        ] GC(76) PSYoungGen: 169984K(169984K)->1024K(167936K) Eden: 168960K(168960K)->0K(166912K) From: 1024K(1024K)->1024K(1024K)
[18.676s][info][gc,heap        ] GC(76) ParOldGen: 8170K(1398272K)->8218K(1398272K)
[18.676s][info][gc,metaspace   ] GC(76) Metaspace: 14315K(15232K)->14315K(15232K) NonClass: 12356K(12928K)->12356K(12928K) Class: 1959K(2304K)->1959K(2304K)
[18.676s][info][gc             ] GC(76) Pause Young (Allocation Failure) 173M->9M(1529M) 0.983ms
[18.676s][info][gc,cpu         ] GC(76) User=0.00s Sys=0.00s Real=0.00s
[18.782s][info][gc,start       ] GC(77) Pause Young (Allocation Failure)
[18.783s][info][gc,heap        ] GC(77) PSYoungGen: 167936K(167936K)->992K(166400K) Eden: 166912K(166912K)->0K(165376K) From: 1024K(1024K)->992K(1024K)
[18.783s][info][gc,heap        ] GC(77) ParOldGen: 8218K(1398272K)->8266K(1398272K)
[18.783s][info][gc,metaspace   ] GC(77) Metaspace: 14315K(15232K)->14315K(15232K) NonClass: 12356K(12928K)->12356K(12928K) Class: 1959K(2304K)->1959K(2304K)
[18.783s][info][gc             ] GC(77) Pause Young (Allocation Failure) 172M->9M(1528M) 1.008ms
[18.783s][info][gc,cpu         ] GC(77) User=0.00s Sys=0.00s Real=0.00s
[18.890s][info][gc,start       ] GC(78) Pause Young (Allocation Failure)
[18.891s][info][gc,heap        ] GC(78) PSYoungGen: 166368K(166400K)->1024K(164864K) Eden: 165376K(165376K)->0K(163840K) From: 992K(1024K)->1024K(1024K)
[18.891s][info][gc,heap        ] GC(78) ParOldGen: 8266K(1398272K)->8330K(1398272K)
[18.891s][info][gc,metaspace   ] GC(78) Metaspace: 14315K(15232K)->14315K(15232K) NonClass: 12356K(12928K)->12356K(12928K) Class: 1959K(2304K)->1959K(2304K)
[18.891s][info][gc             ] GC(78) Pause Young (Allocation Failure) 170M->9M(1526M) 1.007ms
[18.891s][info][gc,cpu         ] GC(78) User=0.00s Sys=0.00s Real=0.00s
[18.996s][info][gc,start       ] GC(79) Pause Young (Allocation Failure)
[18.997s][info][gc,heap        ] GC(79) PSYoungGen: 164864K(164864K)->992K(163328K) Eden: 163840K(163840K)->0K(162304K) From: 1024K(1024K)->992K(1024K)
[18.997s][info][gc,heap        ] GC(79) ParOldGen: 8330K(1398272K)->8394K(1398272K)
[18.997s][info][gc,metaspace   ] GC(79) Metaspace: 14315K(15232K)->14315K(15232K) NonClass: 12356K(12928K)->12356K(12928K) Class: 1959K(2304K)->1959K(2304K)
[18.997s][info][gc             ] GC(79) Pause Young (Allocation Failure) 169M->9M(1525M) 1.023ms
[18.997s][info][gc,cpu         ] GC(79) User=0.00s Sys=0.00s Real=0.00s
[19.101s][info][gc,start       ] GC(80) Pause Young (Allocation Failure)
[19.102s][info][gc,heap        ] GC(80) PSYoungGen: 163296K(163328K)->1024K(161792K) Eden: 162304K(162304K)->0K(160768K) From: 992K(1024K)->1024K(1024K)
[19.102s][info][gc,heap        ] GC(80) ParOldGen: 8394K(1398272K)->8442K(1398272K)
[19.102s][info][gc,metaspace   ] GC(80) Metaspace: 14315K(15232K)->14315K(15232K) NonClass: 12356K(12928K)->12356K(12928K) Class: 1959K(2304K)->1959K(2304K)
[19.102s][info][gc             ] GC(80) Pause Young (Allocation Failure) 167M->9M(1523M) 1.053ms
[19.102s][info][gc,cpu         ] GC(80) User=0.00s Sys=0.00s Real=0.00s
[19.205s][info][gc,start       ] GC(81) Pause Young (Allocation Failure)
[19.206s][info][gc,heap        ] GC(81) PSYoungGen: 161792K(161792K)->960K(160256K) Eden: 160768K(160768K)->0K(159232K) From: 1024K(1024K)->960K(1024K)
[19.206s][info][gc,heap        ] GC(81) ParOldGen: 8442K(1398272K)->8490K(1398272K)
[19.206s][info][gc,metaspace   ] GC(81) Metaspace: 14315K(15232K)->14315K(15232K) NonClass: 12356K(12928K)->12356K(12928K) Class: 1959K(2304K)->1959K(2304K)
[19.206s][info][gc             ] GC(81) Pause Young (Allocation Failure) 166M->9M(1522M) 1.086ms
[19.206s][info][gc,cpu         ] GC(81) User=0.00s Sys=0.00s Real=0.00s
[19.309s][info][gc,start       ] GC(82) Pause Young (Allocation Failure)
[19.310s][info][gc,heap        ] GC(82) PSYoungGen: 160192K(160256K)->1024K(158720K) Eden: 159232K(159232K)->0K(157696K) From: 960K(1024K)->1024K(1024K)
[19.310s][info][gc,heap        ] GC(82) ParOldGen: 8490K(1398272K)->8538K(1398272K)
[19.310s][info][gc,metaspace   ] GC(82) Metaspace: 14315K(15232K)->14315K(15232K) NonClass: 12356K(12928K)->12356K(12928K) Class: 1959K(2304K)->1959K(2304K)
[19.310s][info][gc             ] GC(82) Pause Young (Allocation Failure) 164M->9M(1520M) 1.072ms
[19.310s][info][gc,cpu         ] GC(82) User=0.00s Sys=0.00s Real=0.00s
[19.411s][info][gc,start       ] GC(83) Pause Young (Allocation Failure)
[19.412s][info][gc,heap        ] GC(83) PSYoungGen: 158720K(158720K)->1024K(157184K) Eden: 157696K(157696K)->0K(156160K) From: 1024K(1024K)->1024K(1024K)
[19.412s][info][gc,heap        ] GC(83) ParOldGen: 8538K(1398272K)->8610K(1398272K)
[19.412s][info][gc,metaspace   ] GC(83) Metaspace: 14315K(15232K)->14315K(15232K) NonClass: 12356K(12928K)->12356K(12928K) Class: 1959K(2304K)->1959K(2304K)
[19.412s][info][gc             ] GC(83) Pause Young (Allocation Failure) 163M->9M(1519M) 1.131ms
[19.413s][info][gc,cpu         ] GC(83) User=0.00s Sys=0.00s Real=0.00s
[19.512s][info][gc,start       ] GC(84) Pause Young (Allocation Failure)
[19.513s][info][gc,heap        ] GC(84) PSYoungGen: 157184K(157184K)->1024K(155648K) Eden: 156160K(156160K)->0K(154624K) From: 1024K(1024K)->1024K(1024K)
[19.513s][info][gc,heap        ] GC(84) ParOldGen: 8610K(1398272K)->8666K(1398272K)
[19.513s][info][gc,metaspace   ] GC(84) Metaspace: 14315K(15232K)->14315K(15232K) NonClass: 12356K(12928K)->12356K(12928K) Class: 1959K(2304K)->1959K(2304K)
[19.513s][info][gc             ] GC(84) Pause Young (Allocation Failure) 161M->9M(1517M) 1.138ms
[19.513s][info][gc,cpu         ] GC(84) User=0.00s Sys=0.00s Real=0.00s
[19.611s][info][gc,start       ] GC(85) Pause Young (Allocation Failure)
[19.612s][info][gc,heap        ] GC(85) PSYoungGen: 155648K(155648K)->960K(154112K) Eden: 154624K(154624K)->0K(153088K) From: 1024K(1024K)->960K(1024K)
[19.612s][info][gc,heap        ] GC(85) ParOldGen: 8666K(1398272K)->8698K(1398272K)
[19.612s][info][gc,metaspace   ] GC(85) Metaspace: 14315K(15232K)->14315K(15232K) NonClass: 12356K(12928K)->12356K(12928K) Class: 1959K(2304K)->1959K(2304K)
[19.612s][info][gc             ] GC(85) Pause Young (Allocation Failure) 160M->9M(1516M) 1.111ms
[19.612s][info][gc,cpu         ] GC(85) User=0.00s Sys=0.00s Real=0.00s
[19.712s][info][gc,start       ] GC(86) Pause Young (Allocation Failure)
[19.713s][info][gc,heap        ] GC(86) PSYoungGen: 154048K(154112K)->992K(152576K) Eden: 153088K(153088K)->0K(151552K) From: 960K(1024K)->992K(1024K)
[19.713s][info][gc,heap        ] GC(86) ParOldGen: 8698K(1398272K)->8746K(1398272K)
[19.713s][info][gc,metaspace   ] GC(86) Metaspace: 14315K(15232K)->14315K(15232K) NonClass: 12356K(12928K)->12356K(12928K) Class: 1959K(2304K)->1959K(2304K)
[19.713s][info][gc             ] GC(86) Pause Young (Allocation Failure) 158M->9M(1514M) 1.174ms
[19.713s][info][gc,cpu         ] GC(86) User=0.00s Sys=0.00s Real=0.00s
[19.811s][info][gc,start       ] GC(87) Pause Young (Allocation Failure)
[19.812s][info][gc,heap        ] GC(87) PSYoungGen: 152544K(152576K)->1024K(151040K) Eden: 151552K(151552K)->0K(150016K) From: 992K(1024K)->1024K(1024K)
[19.812s][info][gc,heap        ] GC(87) ParOldGen: 8746K(1398272K)->8794K(1398272K)
[19.812s][info][gc,metaspace   ] GC(87) Metaspace: 14315K(15232K)->14315K(15232K) NonClass: 12356K(12928K)->12356K(12928K) Class: 1959K(2304K)->1959K(2304K)
[19.812s][info][gc             ] GC(87) Pause Young (Allocation Failure) 157M->9M(1513M) 1.229ms
[19.812s][info][gc,cpu         ] GC(87) User=0.00s Sys=0.00s Real=0.00s
[19.909s][info][gc,start       ] GC(88) Pause Young (Allocation Failure)
[19.910s][info][gc,heap        ] GC(88) PSYoungGen: 151040K(151040K)->992K(149504K) Eden: 150016K(150016K)->0K(148480K) From: 1024K(1024K)->992K(1024K)
[19.910s][info][gc,heap        ] GC(88) ParOldGen: 8794K(1398272K)->8842K(1398272K)
[19.910s][info][gc,metaspace   ] GC(88) Metaspace: 14315K(15232K)->14315K(15232K) NonClass: 12356K(12928K)->12356K(12928K) Class: 1959K(2304K)->1959K(2304K)
[19.910s][info][gc             ] GC(88) Pause Young (Allocation Failure) 156M->9M(1511M) 1.201ms
[19.910s][info][gc,cpu         ] GC(88) User=0.00s Sys=0.00s Real=0.00s
[20.004s][info][gc,start       ] GC(89) Pause Young (Allocation Failure)
[20.005s][info][gc,heap        ] GC(89) PSYoungGen: 149472K(149504K)->1024K(147968K) Eden: 148480K(148480K)->0K(146944K) From: 992K(1024K)->1024K(1024K)
[20.005s][info][gc,heap        ] GC(89) ParOldGen: 8842K(1398272K)->8890K(1398272K)
[20.005s][info][gc,metaspace   ] GC(89) Metaspace: 14315K(15232K)->14315K(15232K) NonClass: 12356K(12928K)->12356K(12928K) Class: 1959K(2304K)->1959K(2304K)
[20.005s][info][gc             ] GC(89) Pause Young (Allocation Failure) 154M->9M(1510M) 1.186ms
[20.005s][info][gc,cpu         ] GC(89) User=0.52s Sys=0.00s Real=0.00s
[20.099s][info][gc,start       ] GC(90) Pause Young (Allocation Failure)
[20.101s][info][gc,heap        ] GC(90) PSYoungGen: 147968K(147968K)->992K(177664K) Eden: 146944K(146944K)->0K(176640K) From: 1024K(1024K)->992K(1024K)
[20.101s][info][gc,heap        ] GC(90) ParOldGen: 8890K(1398272K)->8930K(1398272K)
[20.101s][info][gc,metaspace   ] GC(90) Metaspace: 14315K(15232K)->14315K(15232K) NonClass: 12356K(12928K)->12356K(12928K) Class: 1959K(2304K)->1959K(2304K)
[20.101s][info][gc             ] GC(90) Pause Young (Allocation Failure) 153M->9M(1539M) 1.292ms
[20.101s][info][gc,cpu         ] GC(90) User=0.00s Sys=0.00s Real=0.00s
[20.212s][info][gc,start       ] GC(91) Pause Young (Allocation Failure)
[20.214s][info][gc,heap        ] GC(91) PSYoungGen: 177632K(177664K)->992K(212992K) Eden: 176640K(176640K)->0K(211968K) From: 992K(1024K)->992K(1024K)
[20.214s][info][gc,heap        ] GC(91) ParOldGen: 8930K(1398272K)->8986K(1398272K)
[20.214s][info][gc,metaspace   ] GC(91) Metaspace: 14315K(15232K)->14315K(15232K) NonClass: 12356K(12928K)->12356K(12928K) Class: 1959K(2304K)->1959K(2304K)
[20.214s][info][gc             ] GC(91) Pause Young (Allocation Failure) 182M->9M(1573M) 1.275ms
[20.214s][info][gc,cpu         ] GC(91) User=0.00s Sys=0.00s Real=0.00s
[20.348s][info][gc,start       ] GC(92) Pause Young (Allocation Failure)
[20.350s][info][gc,heap        ] GC(92) PSYoungGen: 212960K(212992K)->1024K(210432K) Eden: 211968K(211968K)->0K(209408K) From: 992K(1024K)->1024K(1024K)
[20.350s][info][gc,heap        ] GC(92) ParOldGen: 8986K(1398272K)->9050K(1398272K)
[20.350s][info][gc,metaspace   ] GC(92) Metaspace: 14315K(15232K)->14315K(15232K) NonClass: 12356K(12928K)->12356K(12928K) Class: 1959K(2304K)->1959K(2304K)
[20.350s][info][gc             ] GC(92) Pause Young (Allocation Failure) 216M->9M(1571M) 1.368ms
[20.350s][info][gc,cpu         ] GC(92) User=0.00s Sys=0.00s Real=0.00s
[20.485s][info][gc,start       ] GC(93) Pause Young (Allocation Failure)
[20.486s][info][gc,heap        ] GC(93) PSYoungGen: 210432K(210432K)->1024K(207872K) Eden: 209408K(209408K)->0K(206848K) From: 1024K(1024K)->1024K(1024K)
[20.486s][info][gc,heap        ] GC(93) ParOldGen: 9050K(1398272K)->9122K(1398272K)
[20.486s][info][gc,metaspace   ] GC(93) Metaspace: 14315K(15232K)->14315K(15232K) NonClass: 12356K(12928K)->12356K(12928K) Class: 1959K(2304K)->1959K(2304K)
[20.486s][info][gc             ] GC(93) Pause Young (Allocation Failure) 214M->9M(1568M) 1.444ms
[20.486s][info][gc,cpu         ] GC(93) User=0.00s Sys=0.00s Real=0.00s
[20.619s][info][gc,start       ] GC(94) Pause Young (Allocation Failure)
[20.621s][info][gc,heap        ] GC(94) PSYoungGen: 207872K(207872K)->1024K(205312K) Eden: 206848K(206848K)->0K(204288K) From: 1024K(1024K)->1024K(1024K)
[20.621s][info][gc,heap        ] GC(94) ParOldGen: 9122K(1398272K)->9194K(1398272K)
[20.621s][info][gc,metaspace   ] GC(94) Metaspace: 14315K(15232K)->14315K(15232K) NonClass: 12356K(12928K)->12356K(12928K) Class: 1959K(2304K)->1959K(2304K)
[20.621s][info][gc             ] GC(94) Pause Young (Allocation Failure) 211M->9M(1566M) 1.422ms
[20.621s][info][gc,cpu         ] GC(94) User=0.00s Sys=0.00s Real=0.00s
[20.750s][info][gc,start       ] GC(95) Pause Young (Allocation Failure)
[20.751s][info][gc,heap        ] GC(95) PSYoungGen: 205312K(205312K)->1024K(202752K) Eden: 204288K(204288K)->0K(201728K) From: 1024K(1024K)->1024K(1024K)
[20.751s][info][gc,heap        ] GC(95) ParOldGen: 9194K(1398272K)->9274K(1398272K)
[20.751s][info][gc,metaspace   ] GC(95) Metaspace: 14315K(15232K)->14315K(15232K) NonClass: 12356K(12928K)->12356K(12928K) Class: 1959K(2304K)->1959K(2304K)
[20.751s][info][gc             ] GC(95) Pause Young (Allocation Failure) 209M->10M(1563M) 1.419ms
[20.751s][info][gc,cpu         ] GC(95) User=0.00s Sys=0.00s Real=0.00s
[20.881s][info][gc,start       ] GC(96) Pause Young (Allocation Failure)
[20.883s][info][gc,heap        ] GC(96) PSYoungGen: 202752K(202752K)->1024K(200192K) Eden: 201728K(201728K)->0K(199168K) From: 1024K(1024K)->1024K(1024K)
[20.883s][info][gc,heap        ] GC(96) ParOldGen: 9274K(1398272K)->9338K(1398272K)
[20.883s][info][gc,metaspace   ] GC(96) Metaspace: 14315K(15232K)->14315K(15232K) NonClass: 12356K(12928K)->12356K(12928K) Class: 1959K(2304K)->1959K(2304K)
[20.883s][info][gc             ] GC(96) Pause Young (Allocation Failure) 207M->10M(1561M) 1.487ms
[20.883s][info][gc,cpu         ] GC(96) User=0.00s Sys=0.00s Real=0.00s
[21.012s][info][gc,start       ] GC(97) Pause Young (Allocation Failure)
[21.013s][info][gc,heap        ] GC(97) PSYoungGen: 200192K(200192K)->1024K(197632K) Eden: 199168K(199168K)->0K(196608K) From: 1024K(1024K)->1024K(1024K)
[21.013s][info][gc,heap        ] GC(97) ParOldGen: 9338K(1398272K)->9402K(1398272K)
[21.013s][info][gc,metaspace   ] GC(97) Metaspace: 14315K(15232K)->14315K(15232K) NonClass: 12356K(12928K)->12356K(12928K) Class: 1959K(2304K)->1959K(2304K)
[21.013s][info][gc             ] GC(97) Pause Young (Allocation Failure) 204M->10M(1558M) 1.499ms
[21.013s][info][gc,cpu         ] GC(97) User=0.00s Sys=0.00s Real=0.00s
[21.141s][info][gc,start       ] GC(98) Pause Young (Allocation Failure)
[21.219s][info][gc,heap        ] GC(98) PSYoungGen: 197632K(197632K)->1024K(195072K) Eden: 196608K(196608K)->0K(194048K) From: 1024K(1024K)->1024K(1024K)
[21.219s][info][gc,heap        ] GC(98) ParOldGen: 9402K(1398272K)->9458K(1398272K)
[21.219s][info][gc,metaspace   ] GC(98) Metaspace: 14315K(15232K)->14315K(15232K) NonClass: 12356K(12928K)->12356K(12928K) Class: 1959K(2304K)->1959K(2304K)
[21.219s][info][gc             ] GC(98) Pause Young (Allocation Failure) 202M->10M(1556M) 77.648ms
[21.232s][info][gc,cpu         ] GC(98) User=0.00s Sys=0.00s Real=0.09s
[21.410s][info][gc,start       ] GC(99) Pause Young (Allocation Failure)
[21.412s][info][gc,heap        ] GC(99) PSYoungGen: 195072K(195072K)->960K(192512K) Eden: 194048K(194048K)->0K(191488K) From: 1024K(1024K)->960K(1024K)
[21.412s][info][gc,heap        ] GC(99) ParOldGen: 9458K(1398272K)->9522K(1398272K)
[21.412s][info][gc,metaspace   ] GC(99) Metaspace: 14315K(15232K)->14315K(15232K) NonClass: 12356K(12928K)->12356K(12928K) Class: 1959K(2304K)->1959K(2304K)
[21.412s][info][gc             ] GC(99) Pause Young (Allocation Failure) 199M->10M(1553M) 2.187ms
[21.412s][info][gc,cpu         ] GC(99) User=0.00s Sys=0.00s Real=0.00s
[21.549s][info][gc,start       ] GC(100) Pause Young (Allocation Failure)
[21.550s][info][gc,heap        ] GC(100) PSYoungGen: 192448K(192512K)->1024K(190464K) Eden: 191488K(191488K)->0K(189440K) From: 960K(1024K)->1024K(1024K)
[21.550s][info][gc,heap        ] GC(100) ParOldGen: 9522K(1398272K)->9578K(1398272K)
[21.550s][info][gc,metaspace   ] GC(100) Metaspace: 14315K(15232K)->14315K(15232K) NonClass: 12356K(12928K)->12356K(12928K) Class: 1959K(2304K)->1959K(2304K)
[21.550s][info][gc             ] GC(100) Pause Young (Allocation Failure) 197M->10M(1551M) 1.368ms
[21.550s][info][gc,cpu         ] GC(100) User=0.00s Sys=0.00s Real=0.00s
[21.676s][info][gc,start       ] GC(101) Pause Young (Allocation Failure)
[21.677s][info][gc,heap        ] GC(101) PSYoungGen: 190464K(190464K)->1024K(188416K) Eden: 189440K(189440K)->0K(187392K) From: 1024K(1024K)->1024K(1024K)
[21.677s][info][gc,heap        ] GC(101) ParOldGen: 9578K(1398272K)->9666K(1398272K)
[21.677s][info][gc,metaspace   ] GC(101) Metaspace: 14315K(15232K)->14315K(15232K) NonClass: 12356K(12928K)->12356K(12928K) Class: 1959K(2304K)->1959K(2304K)
[21.677s][info][gc             ] GC(101) Pause Young (Allocation Failure) 195M->10M(1549M) 1.314ms
[21.677s][info][gc,cpu         ] GC(101) User=0.52s Sys=0.00s Real=0.00s
[21.805s][info][gc,start       ] GC(102) Pause Young (Allocation Failure)
[21.806s][info][gc,heap        ] GC(102) PSYoungGen: 188416K(188416K)->1024K(186368K) Eden: 187392K(187392K)->0K(185344K) From: 1024K(1024K)->1024K(1024K)
[21.806s][info][gc,heap        ] GC(102) ParOldGen: 9666K(1398272K)->9730K(1398272K)
[21.806s][info][gc,metaspace   ] GC(102) Metaspace: 14315K(15232K)->14315K(15232K) NonClass: 12356K(12928K)->12356K(12928K) Class: 1959K(2304K)->1959K(2304K)
[21.806s][info][gc             ] GC(102) Pause Young (Allocation Failure) 193M->10M(1547M) 1.213ms
[21.806s][info][gc,cpu         ] GC(102) User=0.00s Sys=0.00s Real=0.00s
[21.928s][info][gc,start       ] GC(103) Pause Young (Allocation Failure)
[21.929s][info][gc,heap        ] GC(103) PSYoungGen: 186368K(186368K)->1024K(184320K) Eden: 185344K(185344K)->0K(183296K) From: 1024K(1024K)->1024K(1024K)
[21.929s][info][gc,heap        ] GC(103) ParOldGen: 9730K(1398272K)->9786K(1398272K)
[21.929s][info][gc,metaspace   ] GC(103) Metaspace: 14315K(15232K)->14315K(15232K) NonClass: 12356K(12928K)->12356K(12928K) Class: 1959K(2304K)->1959K(2304K)
[21.929s][info][gc             ] GC(103) Pause Young (Allocation Failure) 191M->10M(1545M) 1.186ms
[21.929s][info][gc,cpu         ] GC(103) User=0.00s Sys=0.00s Real=0.00s
[22.059s][info][gc,start       ] GC(104) Pause Young (Allocation Failure)
[22.060s][info][gc,heap        ] GC(104) PSYoungGen: 184320K(184320K)->1024K(182272K) Eden: 183296K(183296K)->0K(181248K) From: 1024K(1024K)->1024K(1024K)
[22.060s][info][gc,heap        ] GC(104) ParOldGen: 9786K(1398272K)->9834K(1398272K)
[22.060s][info][gc,metaspace   ] GC(104) Metaspace: 14315K(15232K)->14315K(15232K) NonClass: 12356K(12928K)->12356K(12928K) Class: 1959K(2304K)->1959K(2304K)
[22.060s][info][gc             ] GC(104) Pause Young (Allocation Failure) 189M->10M(1543M) 1.126ms
[22.060s][info][gc,cpu         ] GC(104) User=0.00s Sys=0.00s Real=0.00s
[22.186s][info][gc,start       ] GC(105) Pause Young (Allocation Failure)
[22.187s][info][gc,heap        ] GC(105) PSYoungGen: 182272K(182272K)->1024K(180224K) Eden: 181248K(181248K)->0K(179200K) From: 1024K(1024K)->1024K(1024K)
[22.187s][info][gc,heap        ] GC(105) ParOldGen: 9834K(1398272K)->9890K(1398272K)
[22.187s][info][gc,metaspace   ] GC(105) Metaspace: 14315K(15232K)->14315K(15232K) NonClass: 12356K(12928K)->12356K(12928K) Class: 1959K(2304K)->1959K(2304K)
[22.187s][info][gc             ] GC(105) Pause Young (Allocation Failure) 187M->10M(1541M) 1.063ms
[22.187s][info][gc,cpu         ] GC(105) User=0.00s Sys=0.00s Real=0.00s
[22.302s][info][gc,start       ] GC(106) Pause Young (Allocation Failure)
[22.303s][info][gc,heap        ] GC(106) PSYoungGen: 180224K(180224K)->960K(178176K) Eden: 179200K(179200K)->0K(177152K) From: 1024K(1024K)->960K(1024K)
[22.303s][info][gc,heap        ] GC(106) ParOldGen: 9890K(1398272K)->9938K(1398272K)
[22.303s][info][gc,metaspace   ] GC(106) Metaspace: 14315K(15232K)->14315K(15232K) NonClass: 12356K(12928K)->12356K(12928K) Class: 1959K(2304K)->1959K(2304K)
[22.303s][info][gc             ] GC(106) Pause Young (Allocation Failure) 185M->10M(1539M) 1.042ms
[22.303s][info][gc,cpu         ] GC(106) User=0.00s Sys=0.00s Real=0.00s
[22.416s][info][gc,start       ] GC(107) Pause Young (Allocation Failure)
[22.417s][info][gc,heap        ] GC(107) PSYoungGen: 178112K(178176K)->960K(176128K) Eden: 177152K(177152K)->0K(175104K) From: 960K(1024K)->960K(1024K)
[22.417s][info][gc,heap        ] GC(107) ParOldGen: 9938K(1398272K)->9986K(1398272K)
[22.417s][info][gc,metaspace   ] GC(107) Metaspace: 14315K(15232K)->14315K(15232K) NonClass: 12356K(12928K)->12356K(12928K) Class: 1959K(2304K)->1959K(2304K)
[22.417s][info][gc             ] GC(107) Pause Young (Allocation Failure) 183M->10M(1537M) 1.040ms
[22.417s][info][gc,cpu         ] GC(107) User=0.00s Sys=0.00s Real=0.00s
[22.529s][info][gc,start       ] GC(108) Pause Young (Allocation Failure)
[22.530s][info][gc,heap        ] GC(108) PSYoungGen: 176064K(176128K)->992K(174080K) Eden: 175104K(175104K)->0K(173056K) From: 960K(1024K)->992K(1024K)
[22.530s][info][gc,heap        ] GC(108) ParOldGen: 9986K(1398272K)->10034K(1398272K)
[22.530s][info][gc,metaspace   ] GC(108) Metaspace: 14315K(15232K)->14315K(15232K) NonClass: 12356K(12928K)->12356K(12928K) Class: 1959K(2304K)->1959K(2304K)
[22.530s][info][gc             ] GC(108) Pause Young (Allocation Failure) 181M->10M(1535M) 1.069ms
[22.530s][info][gc,cpu         ] GC(108) User=0.00s Sys=0.00s Real=0.00s
[22.642s][info][gc,start       ] GC(109) Pause Young (Allocation Failure)
[22.643s][info][gc,heap        ] GC(109) PSYoungGen: 174048K(174080K)->1024K(172032K) Eden: 173056K(173056K)->0K(171008K) From: 992K(1024K)->1024K(1024K)
[22.643s][info][gc,heap        ] GC(109) ParOldGen: 10034K(1398272K)->10090K(1398272K)
[22.643s][info][gc,metaspace   ] GC(109) Metaspace: 14315K(15232K)->14315K(15232K) NonClass: 12356K(12928K)->12356K(12928K) Class: 1959K(2304K)->1959K(2304K)
[22.643s][info][gc             ] GC(109) Pause Young (Allocation Failure) 179M->10M(1533M) 1.103ms
[22.643s][info][gc,cpu         ] GC(109) User=0.00s Sys=0.00s Real=0.00s
[22.752s][info][gc,start       ] GC(110) Pause Young (Allocation Failure)
[22.753s][info][gc,heap        ] GC(110) PSYoungGen: 172032K(172032K)->1024K(169984K) Eden: 171008K(171008K)->0K(168960K) From: 1024K(1024K)->1024K(1024K)
[22.753s][info][gc,heap        ] GC(110) ParOldGen: 10090K(1398272K)->10138K(1398272K)
[22.753s][info][gc,metaspace   ] GC(110) Metaspace: 14315K(15232K)->14315K(15232K) NonClass: 12356K(12928K)->12356K(12928K) Class: 1959K(2304K)->1959K(2304K)
[22.753s][info][gc             ] GC(110) Pause Young (Allocation Failure) 177M->10M(1531M) 1.133ms
[22.753s][info][gc,cpu         ] GC(110) User=0.00s Sys=0.00s Real=0.00s
[22.861s][info][gc,start       ] GC(111) Pause Young (Allocation Failure)
[22.863s][info][gc,heap        ] GC(111) PSYoungGen: 169984K(169984K)->992K(167936K) Eden: 168960K(168960K)->0K(166912K) From: 1024K(1024K)->992K(1024K)
[22.863s][info][gc,heap        ] GC(111) ParOldGen: 10138K(1398272K)->10186K(1398272K)
[22.863s][info][gc,metaspace   ] GC(111) Metaspace: 14315K(15232K)->14315K(15232K) NonClass: 12356K(12928K)->12356K(12928K) Class: 1959K(2304K)->1959K(2304K)
[22.863s][info][gc             ] GC(111) Pause Young (Allocation Failure) 175M->10M(1529M) 1.271ms
[22.863s][info][gc,cpu         ] GC(111) User=0.00s Sys=0.00s Real=0.00s
[22.970s][info][gc,start       ] GC(112) Pause Young (Allocation Failure)
[22.971s][info][gc,heap        ] GC(112) PSYoungGen: 167904K(167936K)->992K(166400K) Eden: 166912K(166912K)->0K(165376K) From: 992K(1024K)->992K(1024K)
[22.971s][info][gc,heap        ] GC(112) ParOldGen: 10186K(1398272K)->10250K(1398272K)
[22.971s][info][gc,metaspace   ] GC(112) Metaspace: 14315K(15232K)->14315K(15232K) NonClass: 12356K(12928K)->12356K(12928K) Class: 1959K(2304K)->1959K(2304K)
[22.971s][info][gc             ] GC(112) Pause Young (Allocation Failure) 173M->10M(1528M) 1.255ms
[22.971s][info][gc,cpu         ] GC(112) User=0.00s Sys=0.00s Real=0.00s
[23.077s][info][gc,start       ] GC(113) Pause Young (Allocation Failure)
[23.078s][info][gc,heap        ] GC(113) PSYoungGen: 166368K(166400K)->1024K(164864K) Eden: 165376K(165376K)->0K(163840K) From: 992K(1024K)->1024K(1024K)
[23.078s][info][gc,heap        ] GC(113) ParOldGen: 10250K(1398272K)->10306K(1398272K)
[23.078s][info][gc,metaspace   ] GC(113) Metaspace: 14315K(15232K)->14315K(15232K) NonClass: 12356K(12928K)->12356K(12928K) Class: 1959K(2304K)->1959K(2304K)
[23.078s][info][gc             ] GC(113) Pause Young (Allocation Failure) 172M->11M(1526M) 1.195ms
[23.078s][info][gc,cpu         ] GC(113) User=0.00s Sys=0.00s Real=0.00s
[23.180s][info][gc,start       ] GC(114) Pause Young (Allocation Failure)
[23.181s][info][gc,heap        ] GC(114) PSYoungGen: 164864K(164864K)->992K(163328K) Eden: 163840K(163840K)->0K(162304K) From: 1024K(1024K)->992K(1024K)
[23.181s][info][gc,heap        ] GC(114) ParOldGen: 10306K(1398272K)->10346K(1398272K)
[23.181s][info][gc,metaspace   ] GC(114) Metaspace: 14315K(15232K)->14315K(15232K) NonClass: 12356K(12928K)->12356K(12928K) Class: 1959K(2304K)->1959K(2304K)
[23.181s][info][gc             ] GC(114) Pause Young (Allocation Failure) 171M->11M(1525M) 1.205ms
[23.181s][info][gc,cpu         ] GC(114) User=0.00s Sys=0.00s Real=0.00s
[23.286s][info][gc,start       ] GC(115) Pause Young (Allocation Failure)
[23.287s][info][gc,heap        ] GC(115) PSYoungGen: 163296K(163328K)->960K(161792K) Eden: 162304K(162304K)->0K(160768K) From: 992K(1024K)->960K(1024K)
[23.287s][info][gc,heap        ] GC(115) ParOldGen: 10346K(1398272K)->10394K(1398272K)
[23.287s][info][gc,metaspace   ] GC(115) Metaspace: 14315K(15232K)->14315K(15232K) NonClass: 12356K(12928K)->12356K(12928K) Class: 1959K(2304K)->1959K(2304K)
[23.287s][info][gc             ] GC(115) Pause Young (Allocation Failure) 169M->11M(1523M) 1.260ms
[23.287s][info][gc,cpu         ] GC(115) User=0.00s Sys=0.00s Real=0.00s
[23.390s][info][gc,start       ] GC(116) Pause Young (Allocation Failure)
[23.391s][info][gc,heap        ] GC(116) PSYoungGen: 161728K(161792K)->992K(160256K) Eden: 160768K(160768K)->0K(159232K) From: 960K(1024K)->992K(1024K)
[23.391s][info][gc,heap        ] GC(116) ParOldGen: 10394K(1398272K)->10466K(1398272K)
[23.391s][info][gc,metaspace   ] GC(116) Metaspace: 14315K(15232K)->14315K(15232K) NonClass: 12356K(12928K)->12356K(12928K) Class: 1959K(2304K)->1959K(2304K)
[23.391s][info][gc             ] GC(116) Pause Young (Allocation Failure) 168M->11M(1522M) 1.221ms
[23.391s][info][gc,cpu         ] GC(116) User=0.00s Sys=0.00s Real=0.00s
[23.493s][info][gc,start       ] GC(117) Pause Young (Allocation Failure)
[23.494s][info][gc,heap        ] GC(117) PSYoungGen: 160224K(160256K)->1024K(158720K) Eden: 159232K(159232K)->0K(157696K) From: 992K(1024K)->1024K(1024K)
[23.494s][info][gc,heap        ] GC(117) ParOldGen: 10466K(1398272K)->10514K(1398272K)
[23.494s][info][gc,metaspace   ] GC(117) Metaspace: 14315K(15232K)->14315K(15232K) NonClass: 12356K(12928K)->12356K(12928K) Class: 1959K(2304K)->1959K(2304K)
[23.494s][info][gc             ] GC(117) Pause Young (Allocation Failure) 166M->11M(1520M) 1.248ms
[23.494s][info][gc,cpu         ] GC(117) User=0.00s Sys=0.00s Real=0.00s
[23.595s][info][gc,start       ] GC(118) Pause Young (Allocation Failure)
[23.596s][info][gc,heap        ] GC(118) PSYoungGen: 158720K(158720K)->1024K(157184K) Eden: 157696K(157696K)->0K(156160K) From: 1024K(1024K)->1024K(1024K)
[23.596s][info][gc,heap        ] GC(118) ParOldGen: 10514K(1398272K)->10578K(1398272K)
[23.596s][info][gc,metaspace   ] GC(118) Metaspace: 14315K(15232K)->14315K(15232K) NonClass: 12356K(12928K)->12356K(12928K) Class: 1959K(2304K)->1959K(2304K)
[23.596s][info][gc             ] GC(118) Pause Young (Allocation Failure) 165M->11M(1519M) 1.298ms
[23.596s][info][gc,cpu         ] GC(118) User=0.00s Sys=0.00s Real=0.00s
[23.696s][info][gc,start       ] GC(119) Pause Young (Allocation Failure)
[23.698s][info][gc,heap        ] GC(119) PSYoungGen: 157184K(157184K)->1024K(188416K) Eden: 156160K(156160K)->0K(187392K) From: 1024K(1024K)->1024K(1024K)
[23.698s][info][gc,heap        ] GC(119) ParOldGen: 10578K(1398272K)->10610K(1398272K)
[23.698s][info][gc,metaspace   ] GC(119) Metaspace: 14315K(15232K)->14315K(15232K) NonClass: 12356K(12928K)->12356K(12928K) Class: 1959K(2304K)->1959K(2304K)
[23.698s][info][gc             ] GC(119) Pause Young (Allocation Failure) 163M->11M(1549M) 1.336ms
[23.698s][info][gc,cpu         ] GC(119) User=0.00s Sys=0.00s Real=0.00s
[23.818s][info][gc,start       ] GC(120) Pause Young (Allocation Failure)
[23.819s][info][gc,heap        ] GC(120) PSYoungGen: 188415K(188416K)->1024K(186368K) Eden: 187391K(187392K)->0K(185344K) From: 1024K(1024K)->1024K(1024K)
[23.819s][info][gc,heap        ] GC(120) ParOldGen: 10610K(1398272K)->10666K(1398272K)
[23.819s][info][gc,metaspace   ] GC(120) Metaspace: 14315K(15232K)->14315K(15232K) NonClass: 12356K(12928K)->12356K(12928K) Class: 1959K(2304K)->1959K(2304K)
[23.819s][info][gc             ] GC(120) Pause Young (Allocation Failure) 194M->11M(1547M) 1.354ms
[23.819s][info][gc,cpu         ] GC(120) User=0.00s Sys=0.00s Real=0.00s
[23.939s][info][gc,start       ] GC(121) Pause Young (Allocation Failure)
[23.951s][info][gc,heap        ] GC(121) PSYoungGen: 186368K(186368K)->992K(184320K) Eden: 185344K(185344K)->0K(183296K) From: 1024K(1024K)->992K(1024K)
[23.951s][info][gc,heap        ] GC(121) ParOldGen: 10666K(1398272K)->10722K(1398272K)
[23.951s][info][gc,metaspace   ] GC(121) Metaspace: 14315K(15232K)->14315K(15232K) NonClass: 12356K(12928K)->12356K(12928K) Class: 1959K(2304K)->1959K(2304K)
[23.951s][info][gc             ] GC(121) Pause Young (Allocation Failure) 192M->11M(1545M) 12.880ms
[23.951s][info][gc,cpu         ] GC(121) User=0.00s Sys=0.00s Real=0.01s
[24.069s][info][gc,start       ] GC(122) Pause Young (Allocation Failure)
[24.070s][info][gc,heap        ] GC(122) PSYoungGen: 184288K(184320K)->1024K(182272K) Eden: 183296K(183296K)->0K(181248K) From: 992K(1024K)->1024K(1024K)
[24.071s][info][gc,heap        ] GC(122) ParOldGen: 10722K(1398272K)->10786K(1398272K)
[24.071s][info][gc,metaspace   ] GC(122) Metaspace: 14315K(15232K)->14315K(15232K) NonClass: 12356K(12928K)->12356K(12928K) Class: 1959K(2304K)->1959K(2304K)
[24.071s][info][gc             ] GC(122) Pause Young (Allocation Failure) 190M->11M(1543M) 1.430ms
[24.071s][info][gc,cpu         ] GC(122) User=0.00s Sys=0.00s Real=0.00s
[24.187s][info][gc,start       ] GC(123) Pause Young (Allocation Failure)
[24.188s][info][gc,heap        ] GC(123) PSYoungGen: 182272K(182272K)->992K(180224K) Eden: 181248K(181248K)->0K(179200K) From: 1024K(1024K)->992K(1024K)
[24.188s][info][gc,heap        ] GC(123) ParOldGen: 10786K(1398272K)->10850K(1398272K)
[24.188s][info][gc,metaspace   ] GC(123) Metaspace: 14315K(15232K)->14315K(15232K) NonClass: 12356K(12928K)->12356K(12928K) Class: 1959K(2304K)->1959K(2304K)
[24.188s][info][gc             ] GC(123) Pause Young (Allocation Failure) 188M->11M(1541M) 1.437ms
[24.188s][info][gc,cpu         ] GC(123) User=0.00s Sys=0.00s Real=0.00s
[24.302s][info][gc,start       ] GC(124) Pause Young (Allocation Failure)
[24.303s][info][gc,heap        ] GC(124) PSYoungGen: 180192K(180224K)->1024K(178176K) Eden: 179200K(179200K)->0K(177152K) From: 992K(1024K)->1024K(1024K)
[24.303s][info][gc,heap        ] GC(124) ParOldGen: 10850K(1398272K)->10914K(1398272K)
[24.303s][info][gc,metaspace   ] GC(124) Metaspace: 14315K(15232K)->14315K(15232K) NonClass: 12356K(12928K)->12356K(12928K) Class: 1959K(2304K)->1959K(2304K)
[24.303s][info][gc             ] GC(124) Pause Young (Allocation Failure) 186M->11M(1539M) 1.396ms
[24.303s][info][gc,cpu         ] GC(124) User=0.00s Sys=0.00s Real=0.00s
[24.417s][info][gc,start       ] GC(125) Pause Young (Allocation Failure)
[24.419s][info][gc,heap        ] GC(125) PSYoungGen: 178176K(178176K)->992K(214016K) Eden: 177152K(177152K)->0K(212992K) From: 1024K(1024K)->992K(1024K)
[24.419s][info][gc,heap        ] GC(125) ParOldGen: 10914K(1398272K)->10978K(1398272K)
[24.419s][info][gc,metaspace   ] GC(125) Metaspace: 14315K(15232K)->14315K(15232K) NonClass: 12356K(12928K)->12356K(12928K) Class: 1959K(2304K)->1959K(2304K)
[24.419s][info][gc             ] GC(125) Pause Young (Allocation Failure) 184M->11M(1574M) 1.442ms
[24.419s][info][gc,cpu         ] GC(125) User=0.00s Sys=0.00s Real=0.00s
[24.556s][info][gc,start       ] GC(126) Pause Young (Allocation Failure)
[24.557s][info][gc,heap        ] GC(126) PSYoungGen: 213984K(214016K)->1024K(210944K) Eden: 212992K(212992K)->0K(209920K) From: 992K(1024K)->1024K(1024K)
[24.557s][info][gc,heap        ] GC(126) ParOldGen: 10978K(1398272K)->11026K(1398272K)
[24.557s][info][gc,metaspace   ] GC(126) Metaspace: 14315K(15232K)->14315K(15232K) NonClass: 12356K(12928K)->12356K(12928K) Class: 1959K(2304K)->1959K(2304K)
[24.557s][info][gc             ] GC(126) Pause Young (Allocation Failure) 219M->11M(1571M) 1.520ms
[24.557s][info][gc,cpu         ] GC(126) User=0.00s Sys=0.00s Real=0.00s
[24.691s][info][gc,start       ] GC(127) Pause Young (Allocation Failure)
[24.693s][info][gc,heap        ] GC(127) PSYoungGen: 210944K(210944K)->1024K(252928K) Eden: 209920K(209920K)->0K(251904K) From: 1024K(1024K)->1024K(1024K)
[24.693s][info][gc,heap        ] GC(127) ParOldGen: 11026K(1398272K)->11106K(1398272K)
[24.693s][info][gc,metaspace   ] GC(127) Metaspace: 14315K(15232K)->14315K(15232K) NonClass: 12356K(12928K)->12356K(12928K) Class: 1959K(2304K)->1959K(2304K)
[24.693s][info][gc             ] GC(127) Pause Young (Allocation Failure) 216M->11M(1612M) 1.608ms
[24.693s][info][gc,cpu         ] GC(127) User=0.52s Sys=0.00s Real=0.00s
[24.854s][info][gc,start       ] GC(128) Pause Young (Allocation Failure)
[24.855s][info][gc,heap        ] GC(128) PSYoungGen: 252928K(252928K)->1024K(249344K) Eden: 251904K(251904K)->0K(248320K) From: 1024K(1024K)->1024K(1024K)
[24.855s][info][gc,heap        ] GC(128) ParOldGen: 11106K(1398272K)->11170K(1398272K)
[24.855s][info][gc,metaspace   ] GC(128) Metaspace: 14315K(15232K)->14315K(15232K) NonClass: 12356K(12928K)->12356K(12928K) Class: 1959K(2304K)->1959K(2304K)
[24.855s][info][gc             ] GC(128) Pause Young (Allocation Failure) 257M->11M(1609M) 1.600ms
[24.855s][info][gc,cpu         ] GC(128) User=0.00s Sys=0.00s Real=0.00s
[25.016s][info][gc,start       ] GC(129) Pause Young (Allocation Failure)
[25.018s][info][gc,heap        ] GC(129) PSYoungGen: 249344K(249344K)->1024K(245760K) Eden: 248320K(248320K)->0K(244736K) From: 1024K(1024K)->1024K(1024K)
[25.018s][info][gc,heap        ] GC(129) ParOldGen: 11170K(1398272K)->11242K(1398272K)
[25.018s][info][gc,metaspace   ] GC(129) Metaspace: 14315K(15232K)->14315K(15232K) NonClass: 12356K(12928K)->12356K(12928K) Class: 1959K(2304K)->1959K(2304K)
[25.018s][info][gc             ] GC(129) Pause Young (Allocation Failure) 254M->11M(1605M) 1.639ms
[25.018s][info][gc,cpu         ] GC(129) User=0.00s Sys=0.00s Real=0.00s
[25.271s][info][gc,start       ] GC(130) Pause Young (Allocation Failure)
[25.273s][info][gc,heap        ] GC(130) PSYoungGen: 245760K(245760K)->896K(242176K) Eden: 244736K(244736K)->0K(241152K) From: 1024K(1024K)->896K(1024K)
[25.273s][info][gc,heap        ] GC(130) ParOldGen: 11242K(1398272K)->11306K(1398272K)
[25.273s][info][gc,metaspace   ] GC(130) Metaspace: 14315K(15232K)->14315K(15232K) NonClass: 12356K(12928K)->12356K(12928K) Class: 1959K(2304K)->1959K(2304K)
[25.273s][info][gc             ] GC(130) Pause Young (Allocation Failure) 250M->11M(1602M) 2.316ms
[25.273s][info][gc,cpu         ] GC(130) User=0.00s Sys=0.00s Real=0.00s
[25.439s][info][gc,start       ] GC(131) Pause Young (Allocation Failure)
[25.441s][info][gc,heap        ] GC(131) PSYoungGen: 242048K(242176K)->1024K(238592K) Eden: 241152K(241152K)->0K(237568K) From: 896K(1024K)->1024K(1024K)
[25.441s][info][gc,heap        ] GC(131) ParOldGen: 11306K(1398272K)->11394K(1398272K)
[25.441s][info][gc,metaspace   ] GC(131) Metaspace: 14315K(15232K)->14315K(15232K) NonClass: 12356K(12928K)->12356K(12928K) Class: 1959K(2304K)->1959K(2304K)
[25.441s][info][gc             ] GC(131) Pause Young (Allocation Failure) 247M->12M(1598M) 1.518ms
[25.441s][info][gc,cpu         ] GC(131) User=0.00s Sys=0.00s Real=0.00s
[25.601s][info][gc,start       ] GC(132) Pause Young (Allocation Failure)
[25.603s][info][gc,heap        ] GC(132) PSYoungGen: 238592K(238592K)->1024K(235008K) Eden: 237568K(237568K)->0K(233984K) From: 1024K(1024K)->1024K(1024K)
[25.603s][info][gc,heap        ] GC(132) ParOldGen: 11394K(1398272K)->11466K(1398272K)
[25.603s][info][gc,metaspace   ] GC(132) Metaspace: 14315K(15232K)->14315K(15232K) NonClass: 12356K(12928K)->12356K(12928K) Class: 1959K(2304K)->1959K(2304K)
[25.603s][info][gc             ] GC(132) Pause Young (Allocation Failure) 244M->12M(1595M) 1.419ms
[25.603s][info][gc,cpu         ] GC(132) User=0.00s Sys=0.00s Real=0.00s
[25.775s][info][gc,start       ] GC(133) Pause Young (Allocation Failure)
[25.776s][info][gc,heap        ] GC(133) PSYoungGen: 235008K(235008K)->1024K(231424K) Eden: 233984K(233984K)->0K(230400K) From: 1024K(1024K)->1024K(1024K)
[25.776s][info][gc,heap        ] GC(133) ParOldGen: 11466K(1398272K)->11538K(1398272K)
[25.777s][info][gc,metaspace   ] GC(133) Metaspace: 14315K(15232K)->14315K(15232K) NonClass: 12356K(12928K)->12356K(12928K) Class: 1959K(2304K)->1959K(2304K)
[25.777s][info][gc             ] GC(133) Pause Young (Allocation Failure) 240M->12M(1591M) 1.316ms
[25.777s][info][gc,cpu         ] GC(133) User=0.00s Sys=0.00s Real=0.00s
[25.940s][info][gc,start       ] GC(134) Pause Young (Allocation Failure)
[25.942s][info][gc,heap        ] GC(134) PSYoungGen: 231424K(231424K)->1024K(228352K) Eden: 230400K(230400K)->0K(227328K) From: 1024K(1024K)->1024K(1024K)
[25.942s][info][gc,heap        ] GC(134) ParOldGen: 11538K(1398272K)->11602K(1398272K)
[25.942s][info][gc,metaspace   ] GC(134) Metaspace: 14315K(15232K)->14315K(15232K) NonClass: 12356K(12928K)->12356K(12928K) Class: 1959K(2304K)->1959K(2304K)
[25.942s][info][gc             ] GC(134) Pause Young (Allocation Failure) 237M->12M(1588M) 1.127ms
[25.942s][info][gc,cpu         ] GC(134) User=0.00s Sys=0.00s Real=0.00s
[26.087s][info][gc,start       ] GC(135) Pause Young (Allocation Failure)
[26.088s][info][gc,heap        ] GC(135) PSYoungGen: 228352K(228352K)->1024K(225280K) Eden: 227328K(227328K)->0K(224256K) From: 1024K(1024K)->1024K(1024K)
[26.088s][info][gc,heap        ] GC(135) ParOldGen: 11602K(1398272K)->11670K(1398272K)
[26.088s][info][gc,metaspace   ] GC(135) Metaspace: 14315K(15232K)->14315K(15232K) NonClass: 12356K(12928K)->12356K(12928K) Class: 1959K(2304K)->1959K(2304K)
[26.088s][info][gc             ] GC(135) Pause Young (Allocation Failure) 234M->12M(1585M) 1.154ms
[26.088s][info][gc,cpu         ] GC(135) User=0.00s Sys=0.00s Real=0.00s
[26.233s][info][gc,start       ] GC(136) Pause Young (Allocation Failure)
[26.234s][info][gc,heap        ] GC(136) PSYoungGen: 225280K(225280K)->1024K(222208K) Eden: 224256K(224256K)->0K(221184K) From: 1024K(1024K)->1024K(1024K)
[26.234s][info][gc,heap        ] GC(136) ParOldGen: 11670K(1398272K)->11734K(1398272K)
[26.234s][info][gc,metaspace   ] GC(136) Metaspace: 14315K(15232K)->14315K(15232K) NonClass: 12356K(12928K)->12356K(12928K) Class: 1959K(2304K)->1959K(2304K)
[26.234s][info][gc             ] GC(136) Pause Young (Allocation Failure) 231M->12M(1582M) 1.222ms
[26.234s][info][gc,cpu         ] GC(136) User=0.00s Sys=0.00s Real=0.00s
[26.377s][info][gc,start       ] GC(137) Pause Young (Allocation Failure)
[26.378s][info][gc,heap        ] GC(137) PSYoungGen: 222208K(222208K)->1024K(219136K) Eden: 221184K(221184K)->0K(218112K) From: 1024K(1024K)->1024K(1024K)
[26.378s][info][gc,heap        ] GC(137) ParOldGen: 11734K(1398272K)->11790K(1398272K)
[26.378s][info][gc,metaspace   ] GC(137) Metaspace: 14315K(15232K)->14315K(15232K) NonClass: 12356K(12928K)->12356K(12928K) Class: 1959K(2304K)->1959K(2304K)
[26.378s][info][gc             ] GC(137) Pause Young (Allocation Failure) 228M->12M(1579M) 1.236ms
[26.378s][info][gc,cpu         ] GC(137) User=0.00s Sys=0.00s Real=0.00s
[26.517s][info][gc,start       ] GC(138) Pause Young (Allocation Failure)
[26.518s][info][gc,heap        ] GC(138) PSYoungGen: 219136K(219136K)->1024K(216064K) Eden: 218112K(218112K)->0K(215040K) From: 1024K(1024K)->1024K(1024K)
[26.518s][info][gc,heap        ] GC(138) ParOldGen: 11790K(1398272K)->11838K(1398272K)
[26.518s][info][gc,metaspace   ] GC(138) Metaspace: 14315K(15232K)->14315K(15232K) NonClass: 12356K(12928K)->12356K(12928K) Class: 1959K(2304K)->1959K(2304K)
[26.518s][info][gc             ] GC(138) Pause Young (Allocation Failure) 225M->12M(1576M) 1.204ms
[26.518s][info][gc,cpu         ] GC(138) User=0.00s Sys=0.00s Real=0.00s
[26.656s][info][gc,start       ] GC(139) Pause Young (Allocation Failure)
[26.657s][info][gc,heap        ] GC(139) PSYoungGen: 216064K(216064K)->1024K(212992K) Eden: 215040K(215040K)->0K(211968K) From: 1024K(1024K)->1024K(1024K)
[26.657s][info][gc,heap        ] GC(139) ParOldGen: 11838K(1398272K)->11894K(1398272K)
[26.657s][info][gc,metaspace   ] GC(139) Metaspace: 14315K(15232K)->14315K(15232K) NonClass: 12356K(12928K)->12356K(12928K) Class: 1959K(2304K)->1959K(2304K)
[26.657s][info][gc             ] GC(139) Pause Young (Allocation Failure) 222M->12M(1573M) 1.256ms
[26.657s][info][gc,cpu         ] GC(139) User=0.00s Sys=0.00s Real=0.00s
[26.791s][info][gc,start       ] GC(140) Pause Young (Allocation Failure)
[26.792s][info][gc,heap        ] GC(140) PSYoungGen: 212992K(212992K)->992K(210432K) Eden: 211968K(211968K)->0K(209408K) From: 1024K(1024K)->992K(1024K)
[26.792s][info][gc,heap        ] GC(140) ParOldGen: 11894K(1398272K)->11958K(1398272K)
[26.792s][info][gc,metaspace   ] GC(140) Metaspace: 14315K(15232K)->14315K(15232K) NonClass: 12356K(12928K)->12356K(12928K) Class: 1959K(2304K)->1959K(2304K)
[26.792s][info][gc             ] GC(140) Pause Young (Allocation Failure) 219M->12M(1571M) 1.297ms
[26.793s][info][gc,cpu         ] GC(140) User=0.00s Sys=0.00s Real=0.00s
[26.927s][info][gc,start       ] GC(141) Pause Young (Allocation Failure)
[26.929s][info][gc,heap        ] GC(141) PSYoungGen: 210400K(210432K)->960K(207872K) Eden: 209408K(209408K)->0K(206848K) From: 992K(1024K)->960K(1024K)
[26.929s][info][gc,heap        ] GC(141) ParOldGen: 11958K(1398272K)->12030K(1398272K)
[26.929s][info][gc,metaspace   ] GC(141) Metaspace: 14315K(15232K)->14315K(15232K) NonClass: 12356K(12928K)->12356K(12928K) Class: 1959K(2304K)->1959K(2304K)
[26.929s][info][gc             ] GC(141) Pause Young (Allocation Failure) 217M->12M(1568M) 1.351ms
[26.929s][info][gc,cpu         ] GC(141) User=0.00s Sys=0.00s Real=0.00s
[27.060s][info][gc,start       ] GC(142) Pause Young (Allocation Failure)
[27.062s][info][gc,heap        ] GC(142) PSYoungGen: 207808K(207872K)->992K(205312K) Eden: 206848K(206848K)->0K(204288K) From: 960K(1024K)->992K(1024K)
[27.062s][info][gc,heap        ] GC(142) ParOldGen: 12030K(1398272K)->12086K(1398272K)
[27.062s][info][gc,metaspace   ] GC(142) Metaspace: 14315K(15232K)->14315K(15232K) NonClass: 12356K(12928K)->12356K(12928K) Class: 1959K(2304K)->1959K(2304K)
[27.062s][info][gc             ] GC(142) Pause Young (Allocation Failure) 214M->12M(1566M) 1.382ms
[27.062s][info][gc,cpu         ] GC(142) User=0.00s Sys=0.00s Real=0.00s
[27.191s][info][gc,start       ] GC(143) Pause Young (Allocation Failure)
[27.192s][info][gc,heap        ] GC(143) PSYoungGen: 205280K(205312K)->1024K(202752K) Eden: 204288K(204288K)->0K(201728K) From: 992K(1024K)->1024K(1024K)
[27.192s][info][gc,heap        ] GC(143) ParOldGen: 12086K(1398272K)->12150K(1398272K)
[27.192s][info][gc,metaspace   ] GC(143) Metaspace: 14315K(15232K)->14315K(15232K) NonClass: 12356K(12928K)->12356K(12928K) Class: 1959K(2304K)->1959K(2304K)
[27.192s][info][gc             ] GC(143) Pause Young (Allocation Failure) 212M->12M(1563M) 1.366ms
[27.192s][info][gc,cpu         ] GC(143) User=0.00s Sys=0.00s Real=0.00s
[27.320s][info][gc,start       ] GC(144) Pause Young (Allocation Failure)
[27.321s][info][gc,heap        ] GC(144) PSYoungGen: 202752K(202752K)->992K(200192K) Eden: 201728K(201728K)->0K(199168K) From: 1024K(1024K)->992K(1024K)
[27.321s][info][gc,heap        ] GC(144) ParOldGen: 12150K(1398272K)->12238K(1398272K)
[27.321s][info][gc,metaspace   ] GC(144) Metaspace: 14315K(15232K)->14315K(15232K) NonClass: 12356K(12928K)->12356K(12928K) Class: 1959K(2304K)->1959K(2304K)
[27.321s][info][gc             ] GC(144) Pause Young (Allocation Failure) 209M->12M(1561M) 1.386ms
[27.321s][info][gc,cpu         ] GC(144) User=0.00s Sys=0.00s Real=0.00s
[27.448s][info][gc,start       ] GC(145) Pause Young (Allocation Failure)
[27.450s][info][gc,heap        ] GC(145) PSYoungGen: 200160K(200192K)->992K(197632K) Eden: 199168K(199168K)->0K(196608K) From: 992K(1024K)->992K(1024K)
[27.450s][info][gc,heap        ] GC(145) ParOldGen: 12238K(1398272K)->12310K(1398272K)
[27.450s][info][gc,metaspace   ] GC(145) Metaspace: 14315K(15232K)->14315K(15232K) NonClass: 12356K(12928K)->12356K(12928K) Class: 1959K(2304K)->1959K(2304K)
[27.450s][info][gc             ] GC(145) Pause Young (Allocation Failure) 207M->12M(1558M) 1.448ms
[27.450s][info][gc,cpu         ] GC(145) User=0.00s Sys=0.00s Real=0.00s
[27.574s][info][gc,start       ] GC(146) Pause Young (Allocation Failure)
[27.576s][info][gc,heap        ] GC(146) PSYoungGen: 197600K(197632K)->1024K(195072K) Eden: 196608K(196608K)->0K(194048K) From: 992K(1024K)->1024K(1024K)
[27.576s][info][gc,heap        ] GC(146) ParOldGen: 12310K(1398272K)->12374K(1398272K)
[27.576s][info][gc,metaspace   ] GC(146) Metaspace: 14315K(15232K)->14315K(15232K) NonClass: 12356K(12928K)->12356K(12928K) Class: 1959K(2304K)->1959K(2304K)
[27.576s][info][gc             ] GC(146) Pause Young (Allocation Failure) 204M->13M(1556M) 1.407ms
[27.576s][info][gc,cpu         ] GC(146) User=0.00s Sys=0.00s Real=0.00s
[27.699s][info][gc,start       ] GC(147) Pause Young (Allocation Failure)
[27.700s][info][gc,heap        ] GC(147) PSYoungGen: 195072K(195072K)->992K(192512K) Eden: 194048K(194048K)->0K(191488K) From: 1024K(1024K)->992K(1024K)
[27.700s][info][gc,heap        ] GC(147) ParOldGen: 12374K(1398272K)->12430K(1398272K)
[27.700s][info][gc,metaspace   ] GC(147) Metaspace: 14315K(15232K)->14315K(15232K) NonClass: 12356K(12928K)->12356K(12928K) Class: 1959K(2304K)->1959K(2304K)
[27.700s][info][gc             ] GC(147) Pause Young (Allocation Failure) 202M->13M(1553M) 1.391ms
[27.700s][info][gc,cpu         ] GC(147) User=0.00s Sys=0.00s Real=0.00s
[27.820s][info][gc,start       ] GC(148) Pause Young (Allocation Failure)
[27.821s][info][gc,heap        ] GC(148) PSYoungGen: 192480K(192512K)->1024K(190464K) Eden: 191488K(191488K)->0K(189440K) From: 992K(1024K)->1024K(1024K)
[27.821s][info][gc,heap        ] GC(148) ParOldGen: 12430K(1398272K)->12486K(1398272K)
[27.821s][info][gc,metaspace   ] GC(148) Metaspace: 14315K(15232K)->14315K(15232K) NonClass: 12356K(12928K)->12356K(12928K) Class: 1959K(2304K)->1959K(2304K)
[27.821s][info][gc             ] GC(148) Pause Young (Allocation Failure) 200M->13M(1551M) 1.487ms
[27.821s][info][gc,cpu         ] GC(148) User=0.00s Sys=0.00s Real=0.00s
[27.937s][info][gc,start       ] GC(149) Pause Young (Allocation Failure)
[27.939s][info][gc,heap        ] GC(149) PSYoungGen: 190464K(190464K)->1024K(188416K) Eden: 189440K(189440K)->0K(187392K) From: 1024K(1024K)->1024K(1024K)
[27.939s][info][gc,heap        ] GC(149) ParOldGen: 12486K(1398272K)->12558K(1398272K)
[27.939s][info][gc,metaspace   ] GC(149) Metaspace: 14315K(15232K)->14315K(15232K) NonClass: 12356K(12928K)->12356K(12928K) Class: 1959K(2304K)->1959K(2304K)
[27.939s][info][gc             ] GC(149) Pause Young (Allocation Failure) 198M->13M(1549M) 1.464ms
[27.939s][info][gc,cpu         ] GC(149) User=0.00s Sys=0.00s Real=0.00s
[28.053s][info][gc,start       ] GC(150) Pause Young (Allocation Failure)
[28.054s][info][gc,heap        ] GC(150) PSYoungGen: 188416K(188416K)->960K(226304K) Eden: 187392K(187392K)->0K(225280K) From: 1024K(1024K)->960K(1024K)
[28.054s][info][gc,heap        ] GC(150) ParOldGen: 12558K(1398272K)->12606K(1398272K)
[28.054s][info][gc,metaspace   ] GC(150) Metaspace: 14315K(15232K)->14315K(15232K) NonClass: 12356K(12928K)->12356K(12928K) Class: 1959K(2304K)->1959K(2304K)
[28.054s][info][gc             ] GC(150) Pause Young (Allocation Failure) 196M->13M(1586M) 1.505ms
[28.054s][info][gc,cpu         ] GC(150) User=0.00s Sys=0.00s Real=0.00s
[28.188s][info][gc,start       ] GC(151) Pause Young (Allocation Failure)
[28.190s][info][gc,heap        ] GC(151) PSYoungGen: 226240K(226304K)->896K(271360K) Eden: 225280K(225280K)->0K(270336K) From: 960K(1024K)->896K(1024K)
[28.190s][info][gc,heap        ] GC(151) ParOldGen: 12606K(1398272K)->12662K(1398272K)
[28.190s][info][gc,metaspace   ] GC(151) Metaspace: 14315K(15232K)->14315K(15232K) NonClass: 12356K(12928K)->12356K(12928K) Class: 1959K(2304K)->1959K(2304K)
[28.190s][info][gc             ] GC(151) Pause Young (Allocation Failure) 233M->13M(1630M) 1.676ms
[28.190s][info][gc,cpu         ] GC(151) User=0.00s Sys=0.00s Real=0.00s
[28.311s][info][gc,start       ] GC(152) Pause Young (Allocation Failure)
[28.312s][info][gc,heap        ] GC(152) PSYoungGen: 271232K(271360K)->800K(325632K) Eden: 270336K(270336K)->0K(324608K) From: 896K(1024K)->800K(1024K)
[28.312s][info][gc,heap        ] GC(152) ParOldGen: 12662K(1398272K)->12718K(1398272K)
[28.312s][info][gc,metaspace   ] GC(152) Metaspace: 14315K(15232K)->14315K(15232K) NonClass: 12356K(12928K)->12356K(12928K) Class: 1959K(2304K)->1959K(2304K)
[28.312s][info][gc             ] GC(152) Pause Young (Allocation Failure) 277M->13M(1683M) 1.640ms
[28.312s][info][gc,cpu         ] GC(152) User=0.00s Sys=0.00s Real=0.00s
[28.489s][info][gc,start       ] GC(153) Pause Young (Allocation Failure)
[28.491s][info][gc,heap        ] GC(153) PSYoungGen: 325408K(325632K)->448K(390144K) Eden: 324608K(324608K)->0K(389632K) From: 800K(1024K)->448K(512K)
[28.491s][info][gc,heap        ] GC(153) ParOldGen: 12718K(1398272K)->12774K(1398272K)
[28.491s][info][gc,metaspace   ] GC(153) Metaspace: 14315K(15232K)->14315K(15232K) NonClass: 12356K(12928K)->12356K(12928K) Class: 1959K(2304K)->1959K(2304K)
[28.491s][info][gc             ] GC(153) Pause Young (Allocation Failure) 330M->12M(1746M) 2.058ms
[28.491s][info][gc,cpu         ] GC(153) User=0.23s Sys=0.06s Real=0.00s
[28.528s][info][gc,start       ] GC(154) Pause Young (System.gc())
[28.529s][info][gc,heap        ] GC(154) PSYoungGen: 22917K(390144K)->192K(391168K) Eden: 22469K(389632K)->0K(389632K) From: 448K(512K)->192K(1536K)
[28.529s][info][gc,heap        ] GC(154) ParOldGen: 12774K(1398272K)->12886K(1398272K)
[28.529s][info][gc,metaspace   ] GC(154) Metaspace: 14315K(15232K)->14315K(15232K) NonClass: 12356K(12928K)->12356K(12928K) Class: 1959K(2304K)->1959K(2304K)
[28.529s][info][gc             ] GC(154) Pause Young (System.gc()) 34M->12M(1747M) 1.598ms
[28.529s][info][gc,cpu         ] GC(154) User=0.00s Sys=0.00s Real=0.00s
[28.530s][info][gc,start       ] GC(155) Pause Full (System.gc())
[28.530s][info][gc,phases,start] GC(155) Marking Phase
[28.544s][info][gc,phases      ] GC(155) Marking Phase 14.260ms
[28.544s][info][gc,phases,start] GC(155) Summary Phase
[28.544s][info][gc,phases      ] GC(155) Summary Phase 0.018ms
[28.544s][info][gc,phases,start] GC(155) Adjust Roots
[28.547s][info][gc,phases      ] GC(155) Adjust Roots 3.044ms
[28.547s][info][gc,phases,start] GC(155) Compaction Phase
[28.552s][info][gc,phases      ] GC(155) Compaction Phase 4.911ms
[28.552s][info][gc,phases,start] GC(155) Post Compact
[28.553s][info][gc,phases      ] GC(155) Post Compact 0.795ms
[28.553s][info][gc,heap        ] GC(155) PSYoungGen: 192K(391168K)->0K(391168K) Eden: 0K(389632K)->0K(389632K) From: 192K(1536K)->0K(1536K)
[28.553s][info][gc,heap        ] GC(155) ParOldGen: 12886K(1398272K)->5373K(1398272K)
[28.553s][info][gc,metaspace   ] GC(155) Metaspace: 14315K(15232K)->14315K(15232K) NonClass: 12356K(12928K)->12356K(12928K) Class: 1959K(2304K)->1959K(2304K)
[28.553s][info][gc             ] GC(155) Pause Full (System.gc()) 12M->5M(1747M) 23.355ms
[28.553s][info][gc,cpu         ] GC(155) User=0.02s Sys=0.00s Real=0.02s
[28.867s][info][gc,start       ] GC(156) Pause Young (Allocation Failure)
[28.869s][info][gc,heap        ] GC(156) PSYoungGen: 389632K(391168K)->1536K(382976K) Eden: 389632K(389632K)->0K(381440K) From: 0K(1536K)->1536K(1536K)
[28.869s][info][gc,heap        ] GC(156) ParOldGen: 5373K(1398272K)->5563K(1398272K)
[28.869s][info][gc,metaspace   ] GC(156) Metaspace: 14319K(15232K)->14319K(15232K) NonClass: 12359K(12928K)->12359K(12928K) Class: 1959K(2304K)->1959K(2304K)
[28.869s][info][gc             ] GC(156) Pause Young (Allocation Failure) 385M->6M(1739M) 1.937ms
[28.869s][info][gc,cpu         ] GC(156) User=0.00s Sys=0.00s Real=0.00s
[29.176s][info][gc,start       ] GC(157) Pause Young (Allocation Failure)
[29.179s][info][gc,heap        ] GC(157) PSYoungGen: 382976K(382976K)->1056K(375296K) Eden: 381440K(381440K)->0K(373760K) From: 1536K(1536K)->1056K(1536K)
[29.179s][info][gc,heap        ] GC(157) ParOldGen: 5563K(1398272K)->7081K(1398272K)
[29.179s][info][gc,metaspace   ] GC(157) Metaspace: 14319K(15232K)->14319K(15232K) NonClass: 12359K(12928K)->12359K(12928K) Class: 1959K(2304K)->1959K(2304K)
[29.179s][info][gc             ] GC(157) Pause Young (Allocation Failure) 379M->7M(1732M) 2.828ms
[29.179s][info][gc,cpu         ] GC(157) User=0.00s Sys=0.00s Real=0.00s
[29.438s][info][gc,start       ] GC(158) Pause Young (Allocation Failure)
[29.439s][info][gc,heap        ] GC(158) PSYoungGen: 374816K(375296K)->1024K(367104K) Eden: 373760K(373760K)->0K(366080K) From: 1056K(1536K)->1024K(1024K)
[29.440s][info][gc,heap        ] GC(158) ParOldGen: 7081K(1398272K)->7161K(1398272K)
[29.440s][info][gc,metaspace   ] GC(158) Metaspace: 14319K(15232K)->14319K(15232K) NonClass: 12359K(12928K)->12359K(12928K) Class: 1959K(2304K)->1959K(2304K)
[29.440s][info][gc             ] GC(158) Pause Young (Allocation Failure) 372M->7M(1724M) 1.648ms
[29.440s][info][gc,cpu         ] GC(158) User=0.00s Sys=0.00s Real=0.00s
[29.688s][info][gc,start       ] GC(159) Pause Young (Allocation Failure)
[29.690s][info][gc,heap        ] GC(159) PSYoungGen: 367104K(367104K)->1024K(359936K) Eden: 366080K(366080K)->0K(358912K) From: 1024K(1024K)->1024K(1024K)
[29.690s][info][gc,heap        ] GC(159) ParOldGen: 7161K(1398272K)->7273K(1398272K)
[29.690s][info][gc,metaspace   ] GC(159) Metaspace: 14319K(15232K)->14319K(15232K) NonClass: 12359K(12928K)->12359K(12928K) Class: 1959K(2304K)->1959K(2304K)
[29.690s][info][gc             ] GC(159) Pause Young (Allocation Failure) 365M->8M(1717M) 1.558ms
[29.690s][info][gc,cpu         ] GC(159) User=0.00s Sys=0.00s Real=0.00s
[29.945s][info][gc,start       ] GC(160) Pause Young (Allocation Failure)
[29.946s][info][gc,heap        ] GC(160) PSYoungGen: 359936K(359936K)->992K(352768K) Eden: 358912K(358912K)->0K(351744K) From: 1024K(1024K)->992K(1024K)
[29.946s][info][gc,heap        ] GC(160) ParOldGen: 7273K(1398272K)->7385K(1398272K)
[29.946s][info][gc,metaspace   ] GC(160) Metaspace: 14319K(15232K)->14319K(15232K) NonClass: 12359K(12928K)->12359K(12928K) Class: 1959K(2304K)->1959K(2304K)
[29.946s][info][gc             ] GC(160) Pause Young (Allocation Failure) 358M->8M(1710M) 1.358ms
[29.946s][info][gc,cpu         ] GC(160) User=0.00s Sys=0.00s Real=0.00s
[30.174s][info][gc,start       ] GC(161) Pause Young (Allocation Failure)
[30.176s][info][gc,heap        ] GC(161) PSYoungGen: 352736K(352768K)->992K(346112K) Eden: 351744K(351744K)->0K(345088K) From: 992K(1024K)->992K(1024K)
[30.176s][info][gc,heap        ] GC(161) ParOldGen: 7385K(1398272K)->7481K(1398272K)
[30.176s][info][gc,metaspace   ] GC(161) Metaspace: 14319K(15232K)->14319K(15232K) NonClass: 12359K(12928K)->12359K(12928K) Class: 1959K(2304K)->1959K(2304K)
[30.176s][info][gc             ] GC(161) Pause Young (Allocation Failure) 351M->8M(1703M) 1.528ms
[30.176s][info][gc,cpu         ] GC(161) User=0.00s Sys=0.00s Real=0.00s
[30.397s][info][gc,start       ] GC(162) Pause Young (Allocation Failure)
[30.398s][info][gc,heap        ] GC(162) PSYoungGen: 346080K(346112K)->1024K(339456K) Eden: 345088K(345088K)->0K(338432K) From: 992K(1024K)->1024K(1024K)
[30.398s][info][gc,heap        ] GC(162) ParOldGen: 7481K(1398272K)->7577K(1398272K)
[30.398s][info][gc,metaspace   ] GC(162) Metaspace: 14319K(15232K)->14319K(15232K) NonClass: 12359K(12928K)->12359K(12928K) Class: 1959K(2304K)->1959K(2304K)
[30.398s][info][gc             ] GC(162) Pause Young (Allocation Failure) 345M->8M(1697M) 1.431ms
[30.398s][info][gc,cpu         ] GC(162) User=0.00s Sys=0.00s Real=0.00s
[30.616s][info][gc,start       ] GC(163) Pause Young (Allocation Failure)
[30.617s][info][gc,heap        ] GC(163) PSYoungGen: 339456K(339456K)->1024K(333312K) Eden: 338432K(338432K)->0K(332288K) From: 1024K(1024K)->1024K(1024K)
[30.617s][info][gc,heap        ] GC(163) ParOldGen: 7577K(1398272K)->7665K(1398272K)
[30.617s][info][gc,metaspace   ] GC(163) Metaspace: 14319K(15232K)->14319K(15232K) NonClass: 12359K(12928K)->12359K(12928K) Class: 1959K(2304K)->1959K(2304K)
[30.617s][info][gc             ] GC(163) Pause Young (Allocation Failure) 338M->8M(1691M) 1.563ms
[30.617s][info][gc,cpu         ] GC(163) User=0.00s Sys=0.00s Real=0.00s
[30.831s][info][gc,start       ] GC(164) Pause Young (Allocation Failure)
[30.832s][info][gc,heap        ] GC(164) PSYoungGen: 333312K(333312K)->1024K(327168K) Eden: 332288K(332288K)->0K(326144K) From: 1024K(1024K)->1024K(1024K)
[30.832s][info][gc,heap        ] GC(164) ParOldGen: 7665K(1398272K)->7777K(1398272K)
[30.832s][info][gc,metaspace   ] GC(164) Metaspace: 14319K(15232K)->14319K(15232K) NonClass: 12359K(12928K)->12359K(12928K) Class: 1959K(2304K)->1959K(2304K)
[30.832s][info][gc             ] GC(164) Pause Young (Allocation Failure) 332M->8M(1685M) 1.520ms
[30.832s][info][gc,cpu         ] GC(164) User=0.00s Sys=0.00s Real=0.00s
[31.041s][info][gc,start       ] GC(165) Pause Young (Allocation Failure)
[31.042s][info][gc,heap        ] GC(165) PSYoungGen: 327168K(327168K)->1024K(321024K) Eden: 326144K(326144K)->0K(320000K) From: 1024K(1024K)->1024K(1024K)
[31.042s][info][gc,heap        ] GC(165) ParOldGen: 7777K(1398272K)->7857K(1398272K)
[31.042s][info][gc,metaspace   ] GC(165) Metaspace: 14319K(15232K)->14319K(15232K) NonClass: 12359K(12928K)->12359K(12928K) Class: 1959K(2304K)->1959K(2304K)
[31.042s][info][gc             ] GC(165) Pause Young (Allocation Failure) 327M->8M(1679M) 1.632ms
[31.042s][info][gc,cpu         ] GC(165) User=0.00s Sys=0.00s Real=0.00s
[31.249s][info][gc,start       ] GC(166) Pause Young (Allocation Failure)
[31.250s][info][gc,heap        ] GC(166) PSYoungGen: 321024K(321024K)->992K(315392K) Eden: 320000K(320000K)->0K(314368K) From: 1024K(1024K)->992K(1024K)
[31.250s][info][gc,heap        ] GC(166) ParOldGen: 7857K(1398272K)->7953K(1398272K)
[31.250s][info][gc,metaspace   ] GC(166) Metaspace: 14319K(15232K)->14319K(15232K) NonClass: 12359K(12928K)->12359K(12928K) Class: 1959K(2304K)->1959K(2304K)
[31.250s][info][gc             ] GC(166) Pause Young (Allocation Failure) 321M->8M(1673M) 1.682ms
[31.250s][info][gc,cpu         ] GC(166) User=0.00s Sys=0.00s Real=0.00s
[31.452s][info][gc,start       ] GC(167) Pause Young (Allocation Failure)
[31.454s][info][gc,heap        ] GC(167) PSYoungGen: 315360K(315392K)->1024K(309760K) Eden: 314368K(314368K)->0K(308736K) From: 992K(1024K)->1024K(1024K)
[31.454s][info][gc,heap        ] GC(167) ParOldGen: 7953K(1398272K)->8081K(1398272K)
[31.454s][info][gc,metaspace   ] GC(167) Metaspace: 14319K(15232K)->14319K(15232K) NonClass: 12359K(12928K)->12359K(12928K) Class: 1959K(2304K)->1959K(2304K)
[31.454s][info][gc             ] GC(167) Pause Young (Allocation Failure) 315M->8M(1668M) 1.655ms
[31.454s][info][gc,cpu         ] GC(167) User=0.00s Sys=0.00s Real=0.00s
[31.651s][info][gc,start       ] GC(168) Pause Young (Allocation Failure)
[31.652s][info][gc,heap        ] GC(168) PSYoungGen: 309760K(309760K)->1024K(304128K) Eden: 308736K(308736K)->0K(303104K) From: 1024K(1024K)->1024K(1024K)
[31.652s][info][gc,heap        ] GC(168) ParOldGen: 8081K(1398272K)->8185K(1398272K)
[31.652s][info][gc,metaspace   ] GC(168) Metaspace: 14319K(15232K)->14319K(15232K) NonClass: 12359K(12928K)->12359K(12928K) Class: 1959K(2304K)->1959K(2304K)
[31.652s][info][gc             ] GC(168) Pause Young (Allocation Failure) 310M->8M(1662M) 1.672ms
[31.652s][info][gc,cpu         ] GC(168) User=0.00s Sys=0.00s Real=0.00s
[31.849s][info][gc,start       ] GC(169) Pause Young (Allocation Failure)
[31.850s][info][gc,heap        ] GC(169) PSYoungGen: 304128K(304128K)->992K(299008K) Eden: 303104K(303104K)->0K(297984K) From: 1024K(1024K)->992K(1024K)
[31.850s][info][gc,heap        ] GC(169) ParOldGen: 8185K(1398272K)->8297K(1398272K)
[31.850s][info][gc,metaspace   ] GC(169) Metaspace: 14319K(15232K)->14319K(15232K) NonClass: 12359K(12928K)->12359K(12928K) Class: 1959K(2304K)->1959K(2304K)
[31.850s][info][gc             ] GC(169) Pause Young (Allocation Failure) 304M->9M(1657M) 1.717ms
[31.850s][info][gc,cpu         ] GC(169) User=0.00s Sys=0.00s Real=0.00s
[32.041s][info][gc,start       ] GC(170) Pause Young (Allocation Failure)
[32.043s][info][gc,heap        ] GC(170) PSYoungGen: 298976K(299008K)->1024K(293888K) Eden: 297984K(297984K)->0K(292864K) From: 992K(1024K)->1024K(1024K)
[32.043s][info][gc,heap        ] GC(170) ParOldGen: 8297K(1398272K)->8369K(1398272K)
[32.043s][info][gc,metaspace   ] GC(170) Metaspace: 14319K(15232K)->14319K(15232K) NonClass: 12359K(12928K)->12359K(12928K) Class: 1959K(2304K)->1959K(2304K)
[32.043s][info][gc             ] GC(170) Pause Young (Allocation Failure) 300M->9M(1652M) 1.749ms
[32.043s][info][gc,cpu         ] GC(170) User=0.00s Sys=0.00s Real=0.00s
[32.232s][info][gc,start       ] GC(171) Pause Young (Allocation Failure)
[32.233s][info][gc,heap        ] GC(171) PSYoungGen: 293888K(293888K)->960K(288768K) Eden: 292864K(292864K)->0K(287744K) From: 1024K(1024K)->960K(1024K)
[32.234s][info][gc,heap        ] GC(171) ParOldGen: 8369K(1398272K)->8441K(1398272K)
[32.234s][info][gc,metaspace   ] GC(171) Metaspace: 14319K(15232K)->14319K(15232K) NonClass: 12359K(12928K)->12359K(12928K) Class: 1959K(2304K)->1959K(2304K)
[32.234s][info][gc             ] GC(171) Pause Young (Allocation Failure) 295M->9M(1647M) 1.746ms
[32.234s][info][gc,cpu         ] GC(171) User=0.00s Sys=0.00s Real=0.00s
[32.418s][info][gc,start       ] GC(172) Pause Young (Allocation Failure)
[32.420s][info][gc,heap        ] GC(172) PSYoungGen: 288704K(288768K)->1024K(284160K) Eden: 287744K(287744K)->0K(283136K) From: 960K(1024K)->1024K(1024K)
[32.420s][info][gc,heap        ] GC(172) ParOldGen: 8441K(1398272K)->8521K(1398272K)
[32.420s][info][gc,metaspace   ] GC(172) Metaspace: 14319K(15232K)->14319K(15232K) NonClass: 12359K(12928K)->12359K(12928K) Class: 1959K(2304K)->1959K(2304K)
[32.420s][info][gc             ] GC(172) Pause Young (Allocation Failure) 290M->9M(1643M) 1.779ms
[32.420s][info][gc,cpu         ] GC(172) User=0.00s Sys=0.00s Real=0.00s
[32.603s][info][gc,start       ] GC(173) Pause Young (Allocation Failure)
[32.605s][info][gc,heap        ] GC(173) PSYoungGen: 284160K(284160K)->1024K(279552K) Eden: 283136K(283136K)->0K(278528K) From: 1024K(1024K)->1024K(1024K)
[32.605s][info][gc,heap        ] GC(173) ParOldGen: 8521K(1398272K)->8617K(1398272K)
[32.605s][info][gc,metaspace   ] GC(173) Metaspace: 14319K(15232K)->14319K(15232K) NonClass: 12359K(12928K)->12359K(12928K) Class: 1959K(2304K)->1959K(2304K)
[32.605s][info][gc             ] GC(173) Pause Young (Allocation Failure) 285M->9M(1638M) 1.831ms
[32.605s][info][gc,cpu         ] GC(173) User=0.00s Sys=0.00s Real=0.00s
[32.785s][info][gc,start       ] GC(174) Pause Young (Allocation Failure)
[32.787s][info][gc,heap        ] GC(174) PSYoungGen: 279552K(279552K)->1024K(274944K) Eden: 278528K(278528K)->0K(273920K) From: 1024K(1024K)->1024K(1024K)
[32.787s][info][gc,heap        ] GC(174) ParOldGen: 8617K(1398272K)->8705K(1398272K)
[32.787s][info][gc,metaspace   ] GC(174) Metaspace: 14319K(15232K)->14319K(15232K) NonClass: 12359K(12928K)->12359K(12928K) Class: 1959K(2304K)->1959K(2304K)
[32.787s][info][gc             ] GC(174) Pause Young (Allocation Failure) 281M->9M(1634M) 1.872ms
[32.787s][info][gc,cpu         ] GC(174) User=0.52s Sys=0.00s Real=0.00s
[33.075s][info][gc,start       ] GC(175) Pause Young (Allocation Failure)
[33.077s][info][gc,heap        ] GC(175) PSYoungGen: 274944K(274944K)->1024K(270336K) Eden: 273920K(273920K)->0K(269312K) From: 1024K(1024K)->1024K(1024K)
[33.077s][info][gc,heap        ] GC(175) ParOldGen: 8705K(1398272K)->8769K(1398272K)
[33.077s][info][gc,metaspace   ] GC(175) Metaspace: 14319K(15232K)->14319K(15232K) NonClass: 12359K(12928K)->12359K(12928K) Class: 1959K(2304K)->1959K(2304K)
[33.077s][info][gc             ] GC(175) Pause Young (Allocation Failure) 277M->9M(1629M) 2.594ms
[33.077s][info][gc,cpu         ] GC(175) User=0.00s Sys=0.00s Real=0.00s
[33.267s][info][gc,start       ] GC(176) Pause Young (Allocation Failure)
[33.268s][info][gc,heap        ] GC(176) PSYoungGen: 270336K(270336K)->1024K(266240K) Eden: 269312K(269312K)->0K(265216K) From: 1024K(1024K)->1024K(1024K)
[33.268s][info][gc,heap        ] GC(176) ParOldGen: 8769K(1398272K)->8825K(1398272K)
[33.268s][info][gc,metaspace   ] GC(176) Metaspace: 14319K(15232K)->14319K(15232K) NonClass: 12359K(12928K)->12359K(12928K) Class: 1959K(2304K)->1959K(2304K)
[33.268s][info][gc             ] GC(176) Pause Young (Allocation Failure) 272M->9M(1625M) 1.770ms
[33.268s][info][gc,cpu         ] GC(176) User=0.00s Sys=0.00s Real=0.00s
[33.448s][info][gc,start       ] GC(177) Pause Young (Allocation Failure)
[33.450s][info][gc,heap        ] GC(177) PSYoungGen: 266240K(266240K)->1024K(262144K) Eden: 265216K(265216K)->0K(261120K) From: 1024K(1024K)->1024K(1024K)
[33.450s][info][gc,heap        ] GC(177) ParOldGen: 8825K(1398272K)->8921K(1398272K)
[33.450s][info][gc,metaspace   ] GC(177) Metaspace: 14319K(15232K)->14319K(15232K) NonClass: 12359K(12928K)->12359K(12928K) Class: 1959K(2304K)->1959K(2304K)
[33.450s][info][gc             ] GC(177) Pause Young (Allocation Failure) 268M->9M(1621M) 1.632ms
[33.450s][info][gc,cpu         ] GC(177) User=0.00s Sys=0.00s Real=0.00s
[33.627s][info][gc,start       ] GC(178) Pause Young (Allocation Failure)
[33.628s][info][gc,heap        ] GC(178) PSYoungGen: 262144K(262144K)->1024K(258048K) Eden: 261120K(261120K)->0K(257024K) From: 1024K(1024K)->1024K(1024K)
[33.628s][info][gc,heap        ] GC(178) ParOldGen: 8921K(1398272K)->9009K(1398272K)
[33.628s][info][gc,metaspace   ] GC(178) Metaspace: 14319K(15232K)->14319K(15232K) NonClass: 12359K(12928K)->12359K(12928K) Class: 1959K(2304K)->1959K(2304K)
[33.628s][info][gc             ] GC(178) Pause Young (Allocation Failure) 264M->9M(1617M) 1.509ms
[33.628s][info][gc,cpu         ] GC(178) User=0.00s Sys=0.00s Real=0.00s
[33.816s][info][gc,start       ] GC(179) Pause Young (Allocation Failure)
[33.817s][info][gc,heap        ] GC(179) PSYoungGen: 258048K(258048K)->1024K(253952K) Eden: 257024K(257024K)->0K(252928K) From: 1024K(1024K)->1024K(1024K)
[33.817s][info][gc,heap        ] GC(179) ParOldGen: 9009K(1398272K)->9097K(1398272K)
[33.817s][info][gc,metaspace   ] GC(179) Metaspace: 14319K(15232K)->14319K(15232K) NonClass: 12359K(12928K)->12359K(12928K) Class: 1959K(2304K)->1959K(2304K)
[33.817s][info][gc             ] GC(179) Pause Young (Allocation Failure) 260M->9M(1613M) 1.390ms
[33.817s][info][gc,cpu         ] GC(179) User=0.52s Sys=0.00s Real=0.00s
[33.987s][info][gc,start       ] GC(180) Pause Young (Allocation Failure)
[33.988s][info][gc,heap        ] GC(180) PSYoungGen: 253952K(253952K)->992K(249856K) Eden: 252928K(252928K)->0K(248832K) From: 1024K(1024K)->992K(1024K)
[33.988s][info][gc,heap        ] GC(180) ParOldGen: 9097K(1398272K)->9177K(1398272K)
[33.988s][info][gc,metaspace   ] GC(180) Metaspace: 14319K(15232K)->14319K(15232K) NonClass: 12359K(12928K)->12359K(12928K) Class: 1959K(2304K)->1959K(2304K)
[33.988s][info][gc             ] GC(180) Pause Young (Allocation Failure) 256M->9M(1609M) 1.393ms
[33.989s][info][gc,cpu         ] GC(180) User=0.00s Sys=0.00s Real=0.00s
[34.149s][info][gc,start       ] GC(181) Pause Young (Allocation Failure)
[34.150s][info][gc,heap        ] GC(181) PSYoungGen: 249824K(249856K)->1024K(246272K) Eden: 248832K(248832K)->0K(245248K) From: 992K(1024K)->1024K(1024K)
[34.150s][info][gc,heap        ] GC(181) ParOldGen: 9177K(1398272K)->9249K(1398272K)
[34.150s][info][gc,metaspace   ] GC(181) Metaspace: 14319K(15232K)->14319K(15232K) NonClass: 12359K(12928K)->12359K(12928K) Class: 1959K(2304K)->1959K(2304K)
[34.150s][info][gc             ] GC(181) Pause Young (Allocation Failure) 252M->10M(1606M) 1.416ms
[34.150s][info][gc,cpu         ] GC(181) User=0.00s Sys=0.00s Real=0.00s
[34.311s][info][gc,start       ] GC(182) Pause Young (Allocation Failure)
[34.313s][info][gc,heap        ] GC(182) PSYoungGen: 246272K(246272K)->1024K(242688K) Eden: 245248K(245248K)->0K(241664K) From: 1024K(1024K)->1024K(1024K)
[34.313s][info][gc,heap        ] GC(182) ParOldGen: 9249K(1398272K)->9321K(1398272K)
[34.313s][info][gc,metaspace   ] GC(182) Metaspace: 14319K(15232K)->14319K(15232K) NonClass: 12359K(12928K)->12359K(12928K) Class: 1959K(2304K)->1959K(2304K)
[34.313s][info][gc             ] GC(182) Pause Young (Allocation Failure) 249M->10M(1602M) 1.465ms
[34.313s][info][gc,cpu         ] GC(182) User=0.00s Sys=0.00s Real=0.00s
[34.469s][info][gc,start       ] GC(183) Pause Young (Allocation Failure)
[34.471s][info][gc,heap        ] GC(183) PSYoungGen: 242688K(242688K)->1024K(239104K) Eden: 241664K(241664K)->0K(238080K) From: 1024K(1024K)->1024K(1024K)
[34.471s][info][gc,heap        ] GC(183) ParOldGen: 9321K(1398272K)->9393K(1398272K)
[34.471s][info][gc,metaspace   ] GC(183) Metaspace: 14319K(15232K)->14319K(15232K) NonClass: 12359K(12928K)->12359K(12928K) Class: 1959K(2304K)->1959K(2304K)
[34.471s][info][gc             ] GC(183) Pause Young (Allocation Failure) 246M->10M(1599M) 1.458ms
[34.471s][info][gc,cpu         ] GC(183) User=0.00s Sys=0.00s Real=0.00s
[34.626s][info][gc,start       ] GC(184) Pause Young (Allocation Failure)
[34.627s][info][gc,heap        ] GC(184) PSYoungGen: 239104K(239104K)->1024K(235520K) Eden: 238080K(238080K)->0K(234496K) From: 1024K(1024K)->1024K(1024K)
[34.627s][info][gc,heap        ] GC(184) ParOldGen: 9393K(1398272K)->9465K(1398272K)
[34.627s][info][gc,metaspace   ] GC(184) Metaspace: 14319K(15232K)->14319K(15232K) NonClass: 12359K(12928K)->12359K(12928K) Class: 1959K(2304K)->1959K(2304K)
[34.627s][info][gc             ] GC(184) Pause Young (Allocation Failure) 242M->10M(1595M) 1.489ms
[34.627s][info][gc,cpu         ] GC(184) User=0.00s Sys=0.00s Real=0.00s
[34.779s][info][gc,start       ] GC(185) Pause Young (Allocation Failure)
[34.781s][info][gc,heap        ] GC(185) PSYoungGen: 235520K(235520K)->1024K(231936K) Eden: 234496K(234496K)->0K(230912K) From: 1024K(1024K)->1024K(1024K)
[34.781s][info][gc,heap        ] GC(185) ParOldGen: 9465K(1398272K)->9545K(1398272K)
[34.781s][info][gc,metaspace   ] GC(185) Metaspace: 14319K(15232K)->14319K(15232K) NonClass: 12359K(12928K)->12359K(12928K) Class: 1959K(2304K)->1959K(2304K)
[34.781s][info][gc             ] GC(185) Pause Young (Allocation Failure) 239M->10M(1592M) 1.522ms
[34.781s][info][gc,cpu         ] GC(185) User=0.00s Sys=0.00s Real=0.00s
[34.931s][info][gc,start       ] GC(186) Pause Young (Allocation Failure)
[34.932s][info][gc,heap        ] GC(186) PSYoungGen: 231936K(231936K)->1024K(228864K) Eden: 230912K(230912K)->0K(227840K) From: 1024K(1024K)->1024K(1024K)
[34.932s][info][gc,heap        ] GC(186) ParOldGen: 9545K(1398272K)->9617K(1398272K)
[34.932s][info][gc,metaspace   ] GC(186) Metaspace: 14319K(15232K)->14319K(15232K) NonClass: 12359K(12928K)->12359K(12928K) Class: 1959K(2304K)->1959K(2304K)
[34.933s][info][gc             ] GC(186) Pause Young (Allocation Failure) 235M->10M(1589M) 1.540ms
[34.933s][info][gc,cpu         ] GC(186) User=0.00s Sys=0.00s Real=0.00s
[35.081s][info][gc,start       ] GC(187) Pause Young (Allocation Failure)
[35.083s][info][gc,heap        ] GC(187) PSYoungGen: 228864K(228864K)->1024K(225792K) Eden: 227840K(227840K)->0K(224768K) From: 1024K(1024K)->1024K(1024K)
[35.083s][info][gc,heap        ] GC(187) ParOldGen: 9617K(1398272K)->9681K(1398272K)
[35.083s][info][gc,metaspace   ] GC(187) Metaspace: 14319K(15232K)->14319K(15232K) NonClass: 12359K(12928K)->12359K(12928K) Class: 1959K(2304K)->1959K(2304K)
[35.083s][info][gc             ] GC(187) Pause Young (Allocation Failure) 232M->10M(1586M) 1.645ms
[35.083s][info][gc,cpu         ] GC(187) User=0.52s Sys=0.00s Real=0.00s
[35.227s][info][gc,start       ] GC(188) Pause Young (Allocation Failure)
[35.228s][info][gc,heap        ] GC(188) PSYoungGen: 225792K(225792K)->1024K(222720K) Eden: 224768K(224768K)->0K(221696K) From: 1024K(1024K)->1024K(1024K)
[35.228s][info][gc,heap        ] GC(188) ParOldGen: 9681K(1398272K)->9753K(1398272K)
[35.228s][info][gc,metaspace   ] GC(188) Metaspace: 14319K(15232K)->14319K(15232K) NonClass: 12359K(12928K)->12359K(12928K) Class: 1959K(2304K)->1959K(2304K)
[35.228s][info][gc             ] GC(188) Pause Young (Allocation Failure) 229M->10M(1583M) 1.580ms
[35.228s][info][gc,cpu         ] GC(188) User=0.00s Sys=0.00s Real=0.00s
[35.374s][info][gc,start       ] GC(189) Pause Young (Allocation Failure)
[35.376s][info][gc,heap        ] GC(189) PSYoungGen: 222720K(222720K)->1024K(219648K) Eden: 221696K(221696K)->0K(218624K) From: 1024K(1024K)->1024K(1024K)
[35.376s][info][gc,heap        ] GC(189) ParOldGen: 9753K(1398272K)->9825K(1398272K)
[35.376s][info][gc,metaspace   ] GC(189) Metaspace: 14319K(15232K)->14319K(15232K) NonClass: 12359K(12928K)->12359K(12928K) Class: 1959K(2304K)->1959K(2304K)
[35.376s][info][gc             ] GC(189) Pause Young (Allocation Failure) 227M->10M(1580M) 1.663ms
[35.376s][info][gc,cpu         ] GC(189) User=0.00s Sys=0.00s Real=0.00s
[35.520s][info][gc,start       ] GC(190) Pause Young (Allocation Failure)
[35.522s][info][gc,heap        ] GC(190) PSYoungGen: 219648K(219648K)->1024K(216576K) Eden: 218624K(218624K)->0K(215552K) From: 1024K(1024K)->1024K(1024K)
[35.522s][info][gc,heap        ] GC(190) ParOldGen: 9825K(1398272K)->9897K(1398272K)
[35.522s][info][gc,metaspace   ] GC(190) Metaspace: 14319K(15232K)->14319K(15232K) NonClass: 12359K(12928K)->12359K(12928K) Class: 1959K(2304K)->1959K(2304K)
[35.522s][info][gc             ] GC(190) Pause Young (Allocation Failure) 224M->10M(1577M) 1.646ms
[35.522s][info][gc,cpu         ] GC(190) User=0.00s Sys=0.00s Real=0.00s
[35.660s][info][gc,start       ] GC(191) Pause Young (Allocation Failure)
[35.661s][info][gc,heap        ] GC(191) PSYoungGen: 216576K(216576K)->992K(213504K) Eden: 215552K(215552K)->0K(212480K) From: 1024K(1024K)->992K(1024K)
[35.661s][info][gc,heap        ] GC(191) ParOldGen: 9897K(1398272K)->9977K(1398272K)
[35.661s][info][gc,metaspace   ] GC(191) Metaspace: 14319K(15232K)->14319K(15232K) NonClass: 12359K(12928K)->12359K(12928K) Class: 1959K(2304K)->1959K(2304K)
[35.661s][info][gc             ] GC(191) Pause Young (Allocation Failure) 221M->10M(1574M) 1.690ms
[35.661s][info][gc,cpu         ] GC(191) User=0.52s Sys=0.00s Real=0.00s
[35.801s][info][gc,start       ] GC(192) Pause Young (Allocation Failure)
[35.802s][info][gc,heap        ] GC(192) PSYoungGen: 213472K(213504K)->1024K(210944K) Eden: 212480K(212480K)->0K(209920K) From: 992K(1024K)->1024K(1024K)
[35.802s][info][gc,heap        ] GC(192) ParOldGen: 9977K(1398272K)->10057K(1398272K)
[35.802s][info][gc,metaspace   ] GC(192) Metaspace: 14319K(15232K)->14319K(15232K) NonClass: 12359K(12928K)->12359K(12928K) Class: 1959K(2304K)->1959K(2304K)
[35.802s][info][gc             ] GC(192) Pause Young (Allocation Failure) 218M->10M(1571M) 1.699ms
[35.802s][info][gc,cpu         ] GC(192) User=0.27s Sys=0.02s Real=0.00s
[35.940s][info][gc,start       ] GC(193) Pause Young (Allocation Failure)
[35.942s][info][gc,heap        ] GC(193) PSYoungGen: 210944K(210944K)->1024K(208384K) Eden: 209920K(209920K)->0K(207360K) From: 1024K(1024K)->1024K(1024K)
[35.942s][info][gc,heap        ] GC(193) ParOldGen: 10057K(1398272K)->10105K(1398272K)
[35.942s][info][gc,metaspace   ] GC(193) Metaspace: 14319K(15232K)->14319K(15232K) NonClass: 12359K(12928K)->12359K(12928K) Class: 1959K(2304K)->1959K(2304K)
[35.942s][info][gc             ] GC(193) Pause Young (Allocation Failure) 215M->10M(1569M) 1.724ms
[35.942s][info][gc,cpu         ] GC(193) User=0.00s Sys=0.00s Real=0.00s
[36.076s][info][gc,start       ] GC(194) Pause Young (Allocation Failure)
[36.078s][info][gc,heap        ] GC(194) PSYoungGen: 208384K(208384K)->1024K(249856K) Eden: 207360K(207360K)->0K(248832K) From: 1024K(1024K)->1024K(1024K)
[36.078s][info][gc,heap        ] GC(194) ParOldGen: 10105K(1398272K)->10153K(1398272K)
[36.078s][info][gc,metaspace   ] GC(194) Metaspace: 14319K(15232K)->14319K(15232K) NonClass: 12359K(12928K)->12359K(12928K) Class: 1959K(2304K)->1959K(2304K)
[36.078s][info][gc             ] GC(194) Pause Young (Allocation Failure) 213M->10M(1609M) 1.765ms
[36.078s][info][gc,cpu         ] GC(194) User=0.00s Sys=0.00s Real=0.00s
[36.239s][info][gc,start       ] GC(195) Pause Young (Allocation Failure)
[36.241s][info][gc,heap        ] GC(195) PSYoungGen: 249856K(249856K)->1024K(300032K) Eden: 248832K(248832K)->0K(299008K) From: 1024K(1024K)->1024K(1024K)
[36.241s][info][gc,heap        ] GC(195) ParOldGen: 10153K(1398272K)->10209K(1398272K)
[36.241s][info][gc,metaspace   ] GC(195) Metaspace: 14319K(15232K)->14319K(15232K) NonClass: 12359K(12928K)->12359K(12928K) Class: 1959K(2304K)->1959K(2304K)
[36.241s][info][gc             ] GC(195) Pause Young (Allocation Failure) 253M->10M(1658M) 1.817ms
[36.241s][info][gc,cpu         ] GC(195) User=0.00s Sys=0.00s Real=0.00s
[36.434s][info][gc,start       ] GC(196) Pause Young (Allocation Failure)
[36.436s][info][gc,heap        ] GC(196) PSYoungGen: 300032K(300032K)->1024K(294912K) Eden: 299008K(299008K)->0K(293888K) From: 1024K(1024K)->1024K(1024K)
[36.436s][info][gc,heap        ] GC(196) ParOldGen: 10209K(1398272K)->10281K(1398272K)
[36.436s][info][gc,metaspace   ] GC(196) Metaspace: 14319K(15232K)->14319K(15232K) NonClass: 12359K(12928K)->12359K(12928K) Class: 1959K(2304K)->1959K(2304K)
[36.436s][info][gc             ] GC(196) Pause Young (Allocation Failure) 302M->11M(1653M) 1.905ms
[36.436s][info][gc,cpu         ] GC(196) User=0.00s Sys=0.00s Real=0.00s
[36.627s][info][gc,start       ] GC(197) Pause Young (Allocation Failure)
[36.629s][info][gc,heap        ] GC(197) PSYoungGen: 294912K(294912K)->1024K(289792K) Eden: 293888K(293888K)->0K(288768K) From: 1024K(1024K)->1024K(1024K)
[36.629s][info][gc,heap        ] GC(197) ParOldGen: 10281K(1398272K)->10361K(1398272K)
[36.629s][info][gc,metaspace   ] GC(197) Metaspace: 14319K(15232K)->14319K(15232K) NonClass: 12359K(12928K)->12359K(12928K) Class: 1959K(2304K)->1959K(2304K)
[36.629s][info][gc             ] GC(197) Pause Young (Allocation Failure) 298M->11M(1648M) 1.929ms
[36.629s][info][gc,cpu         ] GC(197) User=0.00s Sys=0.00s Real=0.00s
[36.966s][info][gc,start       ] GC(198) Pause Young (Allocation Failure)
[36.968s][info][gc,heap        ] GC(198) PSYoungGen: 289792K(289792K)->1024K(284672K) Eden: 288768K(288768K)->0K(283648K) From: 1024K(1024K)->1024K(1024K)
[36.968s][info][gc,heap        ] GC(198) ParOldGen: 10361K(1398272K)->10433K(1398272K)
[36.968s][info][gc,metaspace   ] GC(198) Metaspace: 14319K(15232K)->14319K(15232K) NonClass: 12359K(12928K)->12359K(12928K) Class: 1959K(2304K)->1959K(2304K)
[36.968s][info][gc             ] GC(198) Pause Young (Allocation Failure) 293M->11M(1643M) 2.492ms
[36.968s][info][gc,cpu         ] GC(198) User=0.00s Sys=0.00s Real=0.00s
[37.167s][info][gc,start       ] GC(199) Pause Young (Allocation Failure)
[37.169s][info][gc,heap        ] GC(199) PSYoungGen: 284672K(284672K)->1024K(280064K) Eden: 283648K(283648K)->0K(279040K) From: 1024K(1024K)->1024K(1024K)
[37.169s][info][gc,heap        ] GC(199) ParOldGen: 10433K(1398272K)->10505K(1398272K)
[37.169s][info][gc,metaspace   ] GC(199) Metaspace: 14319K(15232K)->14319K(15232K) NonClass: 12359K(12928K)->12359K(12928K) Class: 1959K(2304K)->1959K(2304K)
[37.169s][info][gc             ] GC(199) Pause Young (Allocation Failure) 288M->11M(1639M) 1.783ms
[37.169s][info][gc,cpu         ] GC(199) User=0.00s Sys=0.00s Real=0.00s
[37.358s][info][gc,start       ] GC(200) Pause Young (Allocation Failure)
[37.360s][info][gc,heap        ] GC(200) PSYoungGen: 280064K(280064K)->1024K(275456K) Eden: 279040K(279040K)->0K(274432K) From: 1024K(1024K)->1024K(1024K)
[37.360s][info][gc,heap        ] GC(200) ParOldGen: 10505K(1398272K)->10577K(1398272K)
[37.360s][info][gc,metaspace   ] GC(200) Metaspace: 14319K(15232K)->14319K(15232K) NonClass: 12359K(12928K)->12359K(12928K) Class: 1959K(2304K)->1959K(2304K)
[37.360s][info][gc             ] GC(200) Pause Young (Allocation Failure) 283M->11M(1634M) 1.633ms
[37.360s][info][gc,cpu         ] GC(200) User=0.00s Sys=0.00s Real=0.00s
[37.540s][info][gc,start       ] GC(201) Pause Young (Allocation Failure)
[37.542s][info][gc,heap        ] GC(201) PSYoungGen: 275456K(275456K)->1024K(270848K) Eden: 274432K(274432K)->0K(269824K) From: 1024K(1024K)->1024K(1024K)
[37.542s][info][gc,heap        ] GC(201) ParOldGen: 10577K(1398272K)->10641K(1398272K)
[37.542s][info][gc,metaspace   ] GC(201) Metaspace: 14319K(15232K)->14319K(15232K) NonClass: 12359K(12928K)->12359K(12928K) Class: 1959K(2304K)->1959K(2304K)
[37.542s][info][gc             ] GC(201) Pause Young (Allocation Failure) 279M->11M(1630M) 1.657ms
[37.542s][info][gc,cpu         ] GC(201) User=0.00s Sys=0.00s Real=0.00s
[37.741s][info][gc,start       ] GC(202) Pause Young (Allocation Failure)
[37.742s][info][gc,heap        ] GC(202) PSYoungGen: 270848K(270848K)->1024K(266752K) Eden: 269824K(269824K)->0K(265728K) From: 1024K(1024K)->1024K(1024K)
[37.742s][info][gc,heap        ] GC(202) ParOldGen: 10641K(1398272K)->10737K(1398272K)
[37.742s][info][gc,metaspace   ] GC(202) Metaspace: 14319K(15232K)->14319K(15232K) NonClass: 12359K(12928K)->12359K(12928K) Class: 1959K(2304K)->1959K(2304K)
[37.742s][info][gc             ] GC(202) Pause Young (Allocation Failure) 274M->11M(1626M) 1.490ms
[37.742s][info][gc,cpu         ] GC(202) User=0.00s Sys=0.00s Real=0.00s
[37.921s][info][gc,start       ] GC(203) Pause Young (Allocation Failure)
[37.922s][info][gc,heap        ] GC(203) PSYoungGen: 266752K(266752K)->960K(262656K) Eden: 265728K(265728K)->0K(261632K) From: 1024K(1024K)->960K(1024K)
[37.922s][info][gc,heap        ] GC(203) ParOldGen: 10737K(1398272K)->10825K(1398272K)
[37.922s][info][gc,metaspace   ] GC(203) Metaspace: 14319K(15232K)->14319K(15232K) NonClass: 12359K(12928K)->12359K(12928K) Class: 1959K(2304K)->1959K(2304K)
[37.922s][info][gc             ] GC(203) Pause Young (Allocation Failure) 270M->11M(1622M) 1.459ms
[37.922s][info][gc,cpu         ] GC(203) User=0.00s Sys=0.00s Real=0.00s
[38.093s][info][gc,start       ] GC(204) Pause Young (Allocation Failure)
[38.094s][info][gc,heap        ] GC(204) PSYoungGen: 262592K(262656K)->1024K(258560K) Eden: 261632K(261632K)->0K(257536K) From: 960K(1024K)->1024K(1024K)
[38.094s][info][gc,heap        ] GC(204) ParOldGen: 10825K(1398272K)->10905K(1398272K)
[38.094s][info][gc,metaspace   ] GC(204) Metaspace: 14319K(15232K)->14319K(15232K) NonClass: 12359K(12928K)->12359K(12928K) Class: 1959K(2304K)->1959K(2304K)
[38.094s][info][gc             ] GC(204) Pause Young (Allocation Failure) 267M->11M(1618M) 1.551ms
[38.094s][info][gc,cpu         ] GC(204) User=0.00s Sys=0.00s Real=0.00s
[38.261s][info][gc,start       ] GC(205) Pause Young (Allocation Failure)
[38.263s][info][gc,heap        ] GC(205) PSYoungGen: 258559K(258560K)->1024K(254464K) Eden: 257535K(257536K)->0K(253440K) From: 1024K(1024K)->1024K(1024K)
[38.263s][info][gc,heap        ] GC(205) ParOldGen: 10905K(1398272K)->10977K(1398272K)
[38.263s][info][gc,metaspace   ] GC(205) Metaspace: 14319K(15232K)->14319K(15232K) NonClass: 12359K(12928K)->12359K(12928K) Class: 1959K(2304K)->1959K(2304K)
[38.263s][info][gc             ] GC(205) Pause Young (Allocation Failure) 263M->11M(1614M) 1.580ms
[38.263s][info][gc,cpu         ] GC(205) User=0.00s Sys=0.00s Real=0.00s
[38.426s][info][gc,start       ] GC(206) Pause Young (Allocation Failure)
[38.428s][info][gc,heap        ] GC(206) PSYoungGen: 254464K(254464K)->1024K(250368K) Eden: 253440K(253440K)->0K(249344K) From: 1024K(1024K)->1024K(1024K)
[38.428s][info][gc,heap        ] GC(206) ParOldGen: 10977K(1398272K)->11049K(1398272K)
[38.428s][info][gc,metaspace   ] GC(206) Metaspace: 14319K(15232K)->14319K(15232K) NonClass: 12359K(12928K)->12359K(12928K) Class: 1959K(2304K)->1959K(2304K)
[38.428s][info][gc             ] GC(206) Pause Young (Allocation Failure) 259M->11M(1610M) 1.566ms
[38.428s][info][gc,cpu         ] GC(206) User=0.52s Sys=0.00s Real=0.00s
[38.589s][info][gc,start       ] GC(207) Pause Young (Allocation Failure)
[38.590s][info][gc,heap        ] GC(207) PSYoungGen: 250368K(250368K)->1024K(246784K) Eden: 249344K(249344K)->0K(245760K) From: 1024K(1024K)->1024K(1024K)
[38.590s][info][gc,heap        ] GC(207) ParOldGen: 11049K(1398272K)->11161K(1398272K)
[38.590s][info][gc,metaspace   ] GC(207) Metaspace: 14319K(15232K)->14319K(15232K) NonClass: 12359K(12928K)->12359K(12928K) Class: 1959K(2304K)->1959K(2304K)
[38.590s][info][gc             ] GC(207) Pause Young (Allocation Failure) 255M->11M(1606M) 1.600ms
[38.590s][info][gc,cpu         ] GC(207) User=0.00s Sys=0.00s Real=0.00s
[38.750s][info][gc,start       ] GC(208) Pause Young (Allocation Failure)
[38.751s][info][gc,heap        ] GC(208) PSYoungGen: 246784K(246784K)->1024K(243200K) Eden: 245760K(245760K)->0K(242176K) From: 1024K(1024K)->1024K(1024K)
[38.751s][info][gc,heap        ] GC(208) ParOldGen: 11161K(1398272K)->11249K(1398272K)
[38.751s][info][gc,metaspace   ] GC(208) Metaspace: 14319K(15232K)->14319K(15232K) NonClass: 12359K(12928K)->12359K(12928K) Class: 1959K(2304K)->1959K(2304K)
[38.751s][info][gc             ] GC(208) Pause Young (Allocation Failure) 251M->11M(1603M) 1.638ms
[38.751s][info][gc,cpu         ] GC(208) User=0.00s Sys=0.00s Real=0.00s
[38.908s][info][gc,start       ] GC(209) Pause Young (Allocation Failure)
[38.910s][info][gc,heap        ] GC(209) PSYoungGen: 243200K(243200K)->1024K(239616K) Eden: 242176K(242176K)->0K(238592K) From: 1024K(1024K)->1024K(1024K)
[38.910s][info][gc,heap        ] GC(209) ParOldGen: 11249K(1398272K)->11333K(1398272K)
[38.910s][info][gc,metaspace   ] GC(209) Metaspace: 14319K(15232K)->14319K(15232K) NonClass: 12359K(12928K)->12359K(12928K) Class: 1959K(2304K)->1959K(2304K)
[38.910s][info][gc             ] GC(209) Pause Young (Allocation Failure) 248M->12M(1599M) 1.688ms
[38.910s][info][gc,cpu         ] GC(209) User=0.00s Sys=0.00s Real=0.00s
[39.063s][info][gc,start       ] GC(210) Pause Young (Allocation Failure)
[39.065s][info][gc,heap        ] GC(210) PSYoungGen: 239616K(239616K)->1024K(236032K) Eden: 238592K(238592K)->0K(235008K) From: 1024K(1024K)->1024K(1024K)
[39.065s][info][gc,heap        ] GC(210) ParOldGen: 11333K(1398272K)->11397K(1398272K)
[39.065s][info][gc,metaspace   ] GC(210) Metaspace: 14319K(15232K)->14319K(15232K) NonClass: 12359K(12928K)->12359K(12928K) Class: 1959K(2304K)->1959K(2304K)
[39.065s][info][gc             ] GC(210) Pause Young (Allocation Failure) 245M->12M(1596M) 1.694ms
[39.065s][info][gc,cpu         ] GC(210) User=0.00s Sys=0.00s Real=0.00s
[39.217s][info][gc,start       ] GC(211) Pause Young (Allocation Failure)
[39.219s][info][gc,heap        ] GC(211) PSYoungGen: 236032K(236032K)->992K(232448K) Eden: 235008K(235008K)->0K(231424K) From: 1024K(1024K)->992K(1024K)
[39.219s][info][gc,heap        ] GC(211) ParOldGen: 11397K(1398272K)->11469K(1398272K)
[39.219s][info][gc,metaspace   ] GC(211) Metaspace: 14319K(15232K)->14319K(15232K) NonClass: 12359K(12928K)->12359K(12928K) Class: 1959K(2304K)->1959K(2304K)
[39.219s][info][gc             ] GC(211) Pause Young (Allocation Failure) 241M->12M(1592M) 1.719ms
[39.219s][info][gc,cpu         ] GC(211) User=0.00s Sys=0.00s Real=0.00s
[39.370s][info][gc,start       ] GC(212) Pause Young (Allocation Failure)
[39.371s][info][gc,heap        ] GC(212) PSYoungGen: 232415K(232448K)->1024K(229376K) Eden: 231423K(231424K)->0K(228352K) From: 992K(1024K)->1024K(1024K)
[39.371s][info][gc,heap        ] GC(212) ParOldGen: 11469K(1398272K)->11525K(1398272K)
[39.371s][info][gc,metaspace   ] GC(212) Metaspace: 14319K(15232K)->14319K(15232K) NonClass: 12359K(12928K)->12359K(12928K) Class: 1959K(2304K)->1959K(2304K)
[39.371s][info][gc             ] GC(212) Pause Young (Allocation Failure) 238M->12M(1589M) 1.768ms
[39.371s][info][gc,cpu         ] GC(212) User=0.00s Sys=0.00s Real=0.00s
[39.516s][info][gc,start       ] GC(213) Pause Young (Allocation Failure)
[39.518s][info][gc,heap        ] GC(213) PSYoungGen: 229376K(229376K)->992K(226304K) Eden: 228352K(228352K)->0K(225280K) From: 1024K(1024K)->992K(1024K)
[39.518s][info][gc,heap        ] GC(213) ParOldGen: 11525K(1398272K)->11597K(1398272K)
[39.518s][info][gc,metaspace   ] GC(213) Metaspace: 14319K(15232K)->14319K(15232K) NonClass: 12359K(12928K)->12359K(12928K) Class: 1959K(2304K)->1959K(2304K)
[39.518s][info][gc             ] GC(213) Pause Young (Allocation Failure) 235M->12M(1586M) 1.720ms
[39.518s][info][gc,cpu         ] GC(213) User=0.00s Sys=0.00s Real=0.00s
[39.665s][info][gc,start       ] GC(214) Pause Young (Allocation Failure)
[39.667s][info][gc,heap        ] GC(214) PSYoungGen: 226272K(226304K)->1024K(223232K) Eden: 225280K(225280K)->0K(222208K) From: 992K(1024K)->1024K(1024K)
[39.667s][info][gc,heap        ] GC(214) ParOldGen: 11597K(1398272K)->11637K(1398272K)
[39.667s][info][gc,metaspace   ] GC(214) Metaspace: 14319K(15232K)->14319K(15232K) NonClass: 12359K(12928K)->12359K(12928K) Class: 1959K(2304K)->1959K(2304K)
[39.667s][info][gc             ] GC(214) Pause Young (Allocation Failure) 232M->12M(1583M) 1.802ms
[39.667s][info][gc,cpu         ] GC(214) User=0.00s Sys=0.00s Real=0.00s
[39.808s][info][gc,start       ] GC(215) Pause Young (Allocation Failure)
[39.810s][info][gc,heap        ] GC(215) PSYoungGen: 223232K(223232K)->1024K(267776K) Eden: 222208K(222208K)->0K(266752K) From: 1024K(1024K)->1024K(1024K)
[39.810s][info][gc,heap        ] GC(215) ParOldGen: 11637K(1398272K)->11701K(1398272K)
[39.810s][info][gc,metaspace   ] GC(215) Metaspace: 14319K(15232K)->14319K(15232K) NonClass: 12359K(12928K)->12359K(12928K) Class: 1959K(2304K)->1959K(2304K)
[39.810s][info][gc             ] GC(215) Pause Young (Allocation Failure) 229M->12M(1627M) 1.775ms
[39.810s][info][gc,cpu         ] GC(215) User=0.00s Sys=0.00s Real=0.00s
[39.984s][info][gc,start       ] GC(216) Pause Young (Allocation Failure)
[39.985s][info][gc,heap        ] GC(216) PSYoungGen: 267776K(267776K)->1024K(263680K) Eden: 266752K(266752K)->0K(262656K) From: 1024K(1024K)->1024K(1024K)
[39.985s][info][gc,heap        ] GC(216) ParOldGen: 11701K(1398272K)->11765K(1398272K)
[39.985s][info][gc,metaspace   ] GC(216) Metaspace: 14319K(15232K)->14319K(15232K) NonClass: 12359K(12928K)->12359K(12928K) Class: 1959K(2304K)->1959K(2304K)
[39.985s][info][gc             ] GC(216) Pause Young (Allocation Failure) 272M->12M(1623M) 1.894ms
[39.985s][info][gc,cpu         ] GC(216) User=0.00s Sys=0.00s Real=0.00s
[40.154s][info][gc,start       ] GC(217) Pause Young (Allocation Failure)
[40.156s][info][gc,heap        ] GC(217) PSYoungGen: 263680K(263680K)->992K(259584K) Eden: 262656K(262656K)->0K(258560K) From: 1024K(1024K)->992K(1024K)
[40.156s][info][gc,heap        ] GC(217) ParOldGen: 11765K(1398272K)->11861K(1398272K)
[40.156s][info][gc,metaspace   ] GC(217) Metaspace: 14319K(15232K)->14319K(15232K) NonClass: 12359K(12928K)->12359K(12928K) Class: 1959K(2304K)->1959K(2304K)
[40.156s][info][gc             ] GC(217) Pause Young (Allocation Failure) 268M->12M(1619M) 1.933ms
[40.156s][info][gc,cpu         ] GC(217) User=0.00s Sys=0.00s Real=0.00s
[40.319s][info][gc,start       ] GC(218) Pause Young (Allocation Failure)
[40.320s][info][gc,heap        ] GC(218) PSYoungGen: 259552K(259584K)->1024K(311296K) Eden: 258560K(258560K)->0K(310272K) From: 992K(1024K)->1024K(1024K)
[40.321s][info][gc,heap        ] GC(218) ParOldGen: 11861K(1398272K)->11949K(1398272K)
[40.321s][info][gc,metaspace   ] GC(218) Metaspace: 14319K(15232K)->14319K(15232K) NonClass: 12359K(12928K)->12359K(12928K) Class: 1959K(2304K)->1959K(2304K)
[40.321s][info][gc             ] GC(218) Pause Young (Allocation Failure) 265M->12M(1669M) 1.921ms
[40.321s][info][gc,cpu         ] GC(218) User=0.00s Sys=0.00s Real=0.00s
[40.518s][info][gc,start       ] GC(219) Pause Young (Allocation Failure)
[40.519s][info][gc,heap        ] GC(219) PSYoungGen: 311296K(311296K)->1024K(305664K) Eden: 310272K(310272K)->0K(304640K) From: 1024K(1024K)->1024K(1024K)
[40.520s][info][gc,heap        ] GC(219) ParOldGen: 11949K(1398272K)->12013K(1398272K)
[40.520s][info][gc,metaspace   ] GC(219) Metaspace: 14319K(15232K)->14319K(15232K) NonClass: 12359K(12928K)->12359K(12928K) Class: 1959K(2304K)->1959K(2304K)
[40.520s][info][gc             ] GC(219) Pause Young (Allocation Failure) 315M->12M(1664M) 2.028ms
[40.520s][info][gc,cpu         ] GC(219) User=0.00s Sys=0.00s Real=0.00s
[40.789s][info][gc,start       ] GC(220) Pause Young (Allocation Failure)
[40.792s][info][gc,heap        ] GC(220) PSYoungGen: 305664K(305664K)->992K(300544K) Eden: 304640K(304640K)->0K(299520K) From: 1024K(1024K)->992K(1024K)
[40.792s][info][gc,heap        ] GC(220) ParOldGen: 12013K(1398272K)->12093K(1398272K)
[40.792s][info][gc,metaspace   ] GC(220) Metaspace: 14319K(15232K)->14319K(15232K) NonClass: 12359K(12928K)->12359K(12928K) Class: 1959K(2304K)->1959K(2304K)
[40.792s][info][gc             ] GC(220) Pause Young (Allocation Failure) 310M->12M(1659M) 2.831ms
[40.792s][info][gc,cpu         ] GC(220) User=0.00s Sys=0.00s Real=0.00s
[40.979s][info][gc,start       ] GC(221) Pause Young (Allocation Failure)
[40.981s][info][gc,heap        ] GC(221) PSYoungGen: 300512K(300544K)->864K(295424K) Eden: 299520K(299520K)->0K(294400K) From: 992K(1024K)->864K(1024K)
[40.981s][info][gc,heap        ] GC(221) ParOldGen: 12093K(1398272K)->12205K(1398272K)
[40.981s][info][gc,metaspace   ] GC(221) Metaspace: 14319K(15232K)->14319K(15232K) NonClass: 12359K(12928K)->12359K(12928K) Class: 1959K(2304K)->1959K(2304K)
[40.981s][info][gc             ] GC(221) Pause Young (Allocation Failure) 305M->12M(1654M) 1.817ms
[40.981s][info][gc,cpu         ] GC(221) User=0.00s Sys=0.00s Real=0.00s
[41.152s][info][gc,start       ] GC(222) Pause Young (Allocation Failure)
[41.154s][info][gc,heap        ] GC(222) PSYoungGen: 295264K(295424K)->480K(289792K) Eden: 294400K(294400K)->0K(289280K) From: 864K(1024K)->480K(512K)
[41.154s][info][gc,heap        ] GC(222) ParOldGen: 12205K(1398272K)->12277K(1398272K)
[41.154s][info][gc,metaspace   ] GC(222) Metaspace: 14319K(15232K)->14319K(15232K) NonClass: 12359K(12928K)->12359K(12928K) Class: 1959K(2304K)->1959K(2304K)
[41.154s][info][gc             ] GC(222) Pause Young (Allocation Failure) 300M->12M(1648M) 1.737ms
[41.154s][info][gc,cpu         ] GC(222) User=0.00s Sys=0.00s Real=0.00s
[41.295s][info][gc,start       ] GC(223) Pause Young (System.gc())
[41.297s][info][gc,heap        ] GC(223) PSYoungGen: 135576K(289792K)->480K(290816K) Eden: 135096K(289280K)->0K(289280K) From: 480K(512K)->480K(1536K)
[41.297s][info][gc,heap        ] GC(223) ParOldGen: 12277K(1398272K)->12357K(1398272K)
[41.297s][info][gc,metaspace   ] GC(223) Metaspace: 14319K(15232K)->14319K(15232K) NonClass: 12359K(12928K)->12359K(12928K) Class: 1959K(2304K)->1959K(2304K)
[41.297s][info][gc             ] GC(223) Pause Young (System.gc()) 144M->12M(1649M) 1.685ms
[41.297s][info][gc,cpu         ] GC(223) User=0.00s Sys=0.00s Real=0.00s
[41.297s][info][gc,start       ] GC(224) Pause Full (System.gc())
[41.297s][info][gc,phases,start] GC(224) Marking Phase
[41.313s][info][gc,phases      ] GC(224) Marking Phase 15.554ms
[41.313s][info][gc,phases,start] GC(224) Summary Phase
[41.313s][info][gc,phases      ] GC(224) Summary Phase 0.022ms
[41.313s][info][gc,phases,start] GC(224) Adjust Roots
[41.316s][info][gc,phases      ] GC(224) Adjust Roots 3.068ms
[41.316s][info][gc,phases,start] GC(224) Compaction Phase
[41.318s][info][gc,phases      ] GC(224) Compaction Phase 2.089ms
[41.318s][info][gc,phases,start] GC(224) Post Compact
[41.318s][info][gc,phases      ] GC(224) Post Compact 0.528ms
[41.318s][info][gc,heap        ] GC(224) PSYoungGen: 480K(290816K)->0K(290816K) Eden: 0K(289280K)->0K(289280K) From: 480K(1536K)->0K(1536K)
[41.318s][info][gc,heap        ] GC(224) ParOldGen: 12357K(1398272K)->5374K(1398272K)
[41.318s][info][gc,metaspace   ] GC(224) Metaspace: 14319K(15232K)->14319K(15232K) NonClass: 12359K(12928K)->12359K(12928K) Class: 1959K(2304K)->1959K(2304K)
[41.319s][info][gc             ] GC(224) Pause Full (System.gc()) 12M->5M(1649M) 21.511ms
[41.319s][info][gc,cpu         ] GC(224) User=0.02s Sys=0.00s Real=0.02s
[41.566s][info][gc,start       ] GC(225) Pause Young (Allocation Failure)
[41.568s][info][gc,heap        ] GC(225) PSYoungGen: 289280K(290816K)->1536K(285696K) Eden: 289280K(289280K)->0K(284160K) From: 0K(1536K)->1536K(1536K)
[41.568s][info][gc,heap        ] GC(225) ParOldGen: 5374K(1398272K)->5572K(1398272K)
[41.568s][info][gc,metaspace   ] GC(225) Metaspace: 14320K(15232K)->14320K(15232K) NonClass: 12360K(12928K)->12360K(12928K) Class: 1959K(2304K)->1959K(2304K)
[41.568s][info][gc             ] GC(225) Pause Young (Allocation Failure) 287M->6M(1644M) 1.614ms
[41.568s][info][gc,cpu         ] GC(225) User=0.02s Sys=0.00s Real=0.00s
[41.730s][info][gc,start       ] GC(226) Pause Young (Allocation Failure)
[41.732s][info][gc,heap        ] GC(226) PSYoungGen: 285696K(285696K)->1024K(280576K) Eden: 284160K(284160K)->0K(279552K) From: 1536K(1536K)->1024K(1024K)
[41.732s][info][gc,heap        ] GC(226) ParOldGen: 5572K(1398272K)->7117K(1398272K)
[41.732s][info][gc,metaspace   ] GC(226) Metaspace: 14320K(15232K)->14320K(15232K) NonClass: 12360K(12928K)->12360K(12928K) Class: 1959K(2304K)->1959K(2304K)
[41.732s][info][gc             ] GC(226) Pause Young (Allocation Failure) 284M->7M(1639M) 1.766ms
[41.732s][info][gc,cpu         ] GC(226) User=0.00s Sys=0.00s Real=0.00s
[41.915s][info][gc,start       ] GC(227) Pause Young (Allocation Failure)
[41.917s][info][gc,heap        ] GC(227) PSYoungGen: 280576K(280576K)->1024K(275968K) Eden: 279552K(279552K)->0K(274944K) From: 1024K(1024K)->1024K(1024K)
[41.917s][info][gc,heap        ] GC(227) ParOldGen: 7117K(1398272K)->7221K(1398272K)
[41.917s][info][gc,metaspace   ] GC(227) Metaspace: 14320K(15232K)->14320K(15232K) NonClass: 12360K(12928K)->12360K(12928K) Class: 1959K(2304K)->1959K(2304K)
[41.917s][info][gc             ] GC(227) Pause Young (Allocation Failure) 280M->8M(1635M) 1.567ms
[41.917s][info][gc,cpu         ] GC(227) User=0.00s Sys=0.00s Real=0.00s
[42.098s][info][gc,start       ] GC(228) Pause Young (Allocation Failure)
[42.100s][info][gc,heap        ] GC(228) PSYoungGen: 275968K(275968K)->992K(271360K) Eden: 274944K(274944K)->0K(270336K) From: 1024K(1024K)->992K(1024K)
[42.100s][info][gc,heap        ] GC(228) ParOldGen: 7221K(1398272K)->7333K(1398272K)
[42.100s][info][gc,metaspace   ] GC(228) Metaspace: 14320K(15232K)->14320K(15232K) NonClass: 12360K(12928K)->12360K(12928K) Class: 1959K(2304K)->1959K(2304K)
[42.100s][info][gc             ] GC(228) Pause Young (Allocation Failure) 276M->8M(1630M) 1.668ms
[42.100s][info][gc,cpu         ] GC(228) User=0.52s Sys=0.00s Real=0.00s
[42.278s][info][gc,start       ] GC(229) Pause Young (Allocation Failure)
[42.280s][info][gc,heap        ] GC(229) PSYoungGen: 271328K(271360K)->1024K(267264K) Eden: 270336K(270336K)->0K(266240K) From: 992K(1024K)->1024K(1024K)
[42.280s][info][gc,heap        ] GC(229) ParOldGen: 7333K(1398272K)->7413K(1398272K)
[42.280s][info][gc,metaspace   ] GC(229) Metaspace: 14320K(15232K)->14320K(15232K) NonClass: 12360K(12928K)->12360K(12928K) Class: 1959K(2304K)->1959K(2304K)
[42.280s][info][gc             ] GC(229) Pause Young (Allocation Failure) 272M->8M(1626M) 1.686ms
[42.280s][info][gc,cpu         ] GC(229) User=0.00s Sys=0.00s Real=0.00s
[42.455s][info][gc,start       ] GC(230) Pause Young (Allocation Failure)
[42.457s][info][gc,heap        ] GC(230) PSYoungGen: 267264K(267264K)->1024K(263168K) Eden: 266240K(266240K)->0K(262144K) From: 1024K(1024K)->1024K(1024K)
[42.457s][info][gc,heap        ] GC(230) ParOldGen: 7413K(1398272K)->7469K(1398272K)
[42.457s][info][gc,metaspace   ] GC(230) Metaspace: 14320K(15232K)->14320K(15232K) NonClass: 12360K(12928K)->12360K(12928K) Class: 1959K(2304K)->1959K(2304K)
[42.457s][info][gc             ] GC(230) Pause Young (Allocation Failure) 268M->8M(1622M) 1.727ms
[42.457s][info][gc,cpu         ] GC(230) User=0.00s Sys=0.00s Real=0.00s
[42.626s][info][gc,start       ] GC(231) Pause Young (Allocation Failure)
[42.628s][info][gc,heap        ] GC(231) PSYoungGen: 263168K(263168K)->1024K(259072K) Eden: 262144K(262144K)->0K(258048K) From: 1024K(1024K)->1024K(1024K)
[42.628s][info][gc,heap        ] GC(231) ParOldGen: 7469K(1398272K)->7597K(1398272K)
[42.628s][info][gc,metaspace   ] GC(231) Metaspace: 14320K(15232K)->14320K(15232K) NonClass: 12360K(12928K)->12360K(12928K) Class: 1959K(2304K)->1959K(2304K)
[42.628s][info][gc             ] GC(231) Pause Young (Allocation Failure) 264M->8M(1618M) 1.726ms
[42.628s][info][gc,cpu         ] GC(231) User=0.00s Sys=0.00s Real=0.00s
[42.799s][info][gc,start       ] GC(232) Pause Young (Allocation Failure)
[42.801s][info][gc,heap        ] GC(232) PSYoungGen: 259072K(259072K)->1024K(254976K) Eden: 258048K(258048K)->0K(253952K) From: 1024K(1024K)->1024K(1024K)
[42.801s][info][gc,heap        ] GC(232) ParOldGen: 7597K(1398272K)->7677K(1398272K)
[42.801s][info][gc,metaspace   ] GC(232) Metaspace: 14320K(15232K)->14320K(15232K) NonClass: 12360K(12928K)->12360K(12928K) Class: 1959K(2304K)->1959K(2304K)
[42.801s][info][gc             ] GC(232) Pause Young (Allocation Failure) 260M->8M(1614M) 1.751ms
[42.801s][info][gc,cpu         ] GC(232) User=0.00s Sys=0.00s Real=0.00s
[42.971s][info][gc,start       ] GC(233) Pause Young (Allocation Failure)
[42.972s][info][gc,heap        ] GC(233) PSYoungGen: 254976K(254976K)->992K(250880K) Eden: 253952K(253952K)->0K(249856K) From: 1024K(1024K)->992K(1024K)
[42.972s][info][gc,heap        ] GC(233) ParOldGen: 7677K(1398272K)->7765K(1398272K)
[42.972s][info][gc,metaspace   ] GC(233) Metaspace: 14320K(15232K)->14320K(15232K) NonClass: 12360K(12928K)->12360K(12928K) Class: 1959K(2304K)->1959K(2304K)
[42.972s][info][gc             ] GC(233) Pause Young (Allocation Failure) 256M->8M(1610M) 1.820ms
[42.972s][info][gc,cpu         ] GC(233) User=0.00s Sys=0.00s Real=0.00s
[43.137s][info][gc,start       ] GC(234) Pause Young (Allocation Failure)
[43.139s][info][gc,heap        ] GC(234) PSYoungGen: 250848K(250880K)->1024K(247296K) Eden: 249856K(249856K)->0K(246272K) From: 992K(1024K)->1024K(1024K)
[43.139s][info][gc,heap        ] GC(234) ParOldGen: 7765K(1398272K)->7853K(1398272K)
[43.139s][info][gc,metaspace   ] GC(234) Metaspace: 14320K(15232K)->14320K(15232K) NonClass: 12360K(12928K)->12360K(12928K) Class: 1959K(2304K)->1959K(2304K)
[43.139s][info][gc             ] GC(234) Pause Young (Allocation Failure) 252M->8M(1607M) 1.792ms
[43.139s][info][gc,cpu         ] GC(234) User=0.00s Sys=0.00s Real=0.00s
[43.302s][info][gc,start       ] GC(235) Pause Young (Allocation Failure)
[43.304s][info][gc,heap        ] GC(235) PSYoungGen: 247296K(247296K)->992K(243712K) Eden: 246272K(246272K)->0K(242688K) From: 1024K(1024K)->992K(1024K)
[43.304s][info][gc,heap        ] GC(235) ParOldGen: 7853K(1398272K)->7925K(1398272K)
[43.304s][info][gc,metaspace   ] GC(235) Metaspace: 14320K(15232K)->14320K(15232K) NonClass: 12360K(12928K)->12360K(12928K) Class: 1959K(2304K)->1959K(2304K)
[43.304s][info][gc             ] GC(235) Pause Young (Allocation Failure) 249M->8M(1603M) 1.835ms
[43.304s][info][gc,cpu         ] GC(235) User=0.00s Sys=0.00s Real=0.00s
[43.464s][info][gc,start       ] GC(236) Pause Young (Allocation Failure)
[43.466s][info][gc,heap        ] GC(236) PSYoungGen: 243680K(243712K)->992K(240128K) Eden: 242688K(242688K)->0K(239104K) From: 992K(1024K)->992K(1024K)
[43.466s][info][gc,heap        ] GC(236) ParOldGen: 7925K(1398272K)->8029K(1398272K)
[43.466s][info][gc,metaspace   ] GC(236) Metaspace: 14320K(15232K)->14320K(15232K) NonClass: 12360K(12928K)->12360K(12928K) Class: 1959K(2304K)->1959K(2304K)
[43.466s][info][gc             ] GC(236) Pause Young (Allocation Failure) 245M->8M(1600M) 1.881ms
[43.466s][info][gc,cpu         ] GC(236) User=0.00s Sys=0.00s Real=0.00s
[43.625s][info][gc,start       ] GC(237) Pause Young (Allocation Failure)
[43.627s][info][gc,heap        ] GC(237) PSYoungGen: 240096K(240128K)->992K(236544K) Eden: 239104K(239104K)->0K(235520K) From: 992K(1024K)->992K(1024K)
[43.627s][info][gc,heap        ] GC(237) ParOldGen: 8029K(1398272K)->8109K(1398272K)
[43.627s][info][gc,metaspace   ] GC(237) Metaspace: 14320K(15232K)->14320K(15232K) NonClass: 12360K(12928K)->12360K(12928K) Class: 1959K(2304K)->1959K(2304K)
[43.627s][info][gc             ] GC(237) Pause Young (Allocation Failure) 242M->8M(1596M) 1.871ms
[43.627s][info][gc,cpu         ] GC(237) User=0.00s Sys=0.00s Real=0.00s
[43.784s][info][gc,start       ] GC(238) Pause Young (Allocation Failure)
[43.786s][info][gc,heap        ] GC(238) PSYoungGen: 236512K(236544K)->1024K(232960K) Eden: 235520K(235520K)->0K(231936K) From: 992K(1024K)->1024K(1024K)
[43.786s][info][gc,heap        ] GC(238) ParOldGen: 8109K(1398272K)->8205K(1398272K)
[43.786s][info][gc,metaspace   ] GC(238) Metaspace: 14320K(15232K)->14320K(15232K) NonClass: 12360K(12928K)->12360K(12928K) Class: 1959K(2304K)->1959K(2304K)
[43.786s][info][gc             ] GC(238) Pause Young (Allocation Failure) 238M->9M(1593M) 1.955ms
[43.786s][info][gc,cpu         ] GC(238) User=0.00s Sys=0.02s Real=0.00s
[43.941s][info][gc,start       ] GC(239) Pause Young (Allocation Failure)
[43.943s][info][gc,heap        ] GC(239) PSYoungGen: 232960K(232960K)->1024K(279552K) Eden: 231936K(231936K)->0K(278528K) From: 1024K(1024K)->1024K(1024K)
[43.943s][info][gc,heap        ] GC(239) ParOldGen: 8205K(1398272K)->8293K(1398272K)
[43.943s][info][gc,metaspace   ] GC(239) Metaspace: 14320K(15232K)->14320K(15232K) NonClass: 12360K(12928K)->12360K(12928K) Class: 1959K(2304K)->1959K(2304K)
[43.943s][info][gc             ] GC(239) Pause Young (Allocation Failure) 235M->9M(1638M) 1.923ms
[43.943s][info][gc,cpu         ] GC(239) User=0.52s Sys=0.00s Real=0.00s
[44.129s][info][gc,start       ] GC(240) Pause Young (Allocation Failure)
[44.131s][info][gc,heap        ] GC(240) PSYoungGen: 279552K(279552K)->992K(335360K) Eden: 278528K(278528K)->0K(334336K) From: 1024K(1024K)->992K(1024K)
[44.131s][info][gc,heap        ] GC(240) ParOldGen: 8293K(1398272K)->8389K(1398272K)
[44.131s][info][gc,metaspace   ] GC(240) Metaspace: 14320K(15232K)->14320K(15232K) NonClass: 12360K(12928K)->12360K(12928K) Class: 1959K(2304K)->1959K(2304K)
[44.131s][info][gc             ] GC(240) Pause Young (Allocation Failure) 281M->9M(1693M) 2.010ms
[44.131s][info][gc,cpu         ] GC(240) User=0.33s Sys=0.03s Real=0.00s
[44.472s][info][gc,start       ] GC(241) Pause Young (Allocation Failure)
[44.475s][info][gc,heap        ] GC(241) PSYoungGen: 335328K(335360K)->928K(329216K) Eden: 334336K(334336K)->0K(328192K) From: 992K(1024K)->928K(1024K)
[44.475s][info][gc,heap        ] GC(241) ParOldGen: 8389K(1398272K)->8477K(1398272K)
[44.475s][info][gc,metaspace   ] GC(241) Metaspace: 14320K(15232K)->14320K(15232K) NonClass: 12360K(12928K)->12360K(12928K) Class: 1959K(2304K)->1959K(2304K)
[44.475s][info][gc             ] GC(241) Pause Young (Allocation Failure) 335M->9M(1687M) 2.954ms
[44.475s][info][gc,cpu         ] GC(241) User=0.52s Sys=0.00s Real=0.00s
[44.709s][info][gc,start       ] GC(242) Pause Young (Allocation Failure)
[44.711s][info][gc,heap        ] GC(242) PSYoungGen: 329120K(329216K)->1024K(323072K) Eden: 328192K(328192K)->0K(322048K) From: 928K(1024K)->1024K(1024K)
[44.711s][info][gc,heap        ] GC(242) ParOldGen: 8477K(1398272K)->8589K(1398272K)
[44.711s][info][gc,metaspace   ] GC(242) Metaspace: 14320K(15232K)->14320K(15232K) NonClass: 12360K(12928K)->12360K(12928K) Class: 1959K(2304K)->1959K(2304K)
[44.711s][info][gc             ] GC(242) Pause Young (Allocation Failure) 329M->9M(1681M) 1.903ms
[44.711s][info][gc,cpu         ] GC(242) User=0.00s Sys=0.00s Real=0.00s
[44.955s][info][gc,start       ] GC(243) Pause Young (Allocation Failure)
[44.957s][info][gc,heap        ] GC(243) PSYoungGen: 323072K(323072K)->1024K(317440K) Eden: 322048K(322048K)->0K(316416K) From: 1024K(1024K)->1024K(1024K)
[44.957s][info][gc,heap        ] GC(243) ParOldGen: 8589K(1398272K)->8701K(1398272K)
[44.957s][info][gc,metaspace   ] GC(243) Metaspace: 14320K(15232K)->14320K(15232K) NonClass: 12360K(12928K)->12360K(12928K) Class: 1959K(2304K)->1959K(2304K)
[44.957s][info][gc             ] GC(243) Pause Young (Allocation Failure) 323M->9M(1675M) 1.880ms
[44.957s][info][gc,cpu         ] GC(243) User=0.00s Sys=0.00s Real=0.00s
[45.177s][info][gc,start       ] GC(244) Pause Young (Allocation Failure)
[45.178s][info][gc,heap        ] GC(244) PSYoungGen: 317440K(317440K)->1024K(311808K) Eden: 316416K(316416K)->0K(310784K) From: 1024K(1024K)->1024K(1024K)
[45.178s][info][gc,heap        ] GC(244) ParOldGen: 8701K(1398272K)->8805K(1398272K)
[45.178s][info][gc,metaspace   ] GC(244) Metaspace: 14320K(15232K)->14320K(15232K) NonClass: 12360K(12928K)->12360K(12928K) Class: 1959K(2304K)->1959K(2304K)
[45.178s][info][gc             ] GC(244) Pause Young (Allocation Failure) 318M->9M(1670M) 1.708ms
[45.179s][info][gc,cpu         ] GC(244) User=0.00s Sys=0.00s Real=0.00s
[45.384s][info][gc,start       ] GC(245) Pause Young (Allocation Failure)
[45.385s][info][gc,heap        ] GC(245) PSYoungGen: 311808K(311808K)->1024K(306176K) Eden: 310784K(310784K)->0K(305152K) From: 1024K(1024K)->1024K(1024K)
[45.385s][info][gc,heap        ] GC(245) ParOldGen: 8805K(1398272K)->8925K(1398272K)
[45.385s][info][gc,metaspace   ] GC(245) Metaspace: 14320K(15232K)->14320K(15232K) NonClass: 12360K(12928K)->12360K(12928K) Class: 1959K(2304K)->1959K(2304K)
[45.385s][info][gc             ] GC(245) Pause Young (Allocation Failure) 313M->9M(1664M) 1.682ms
[45.385s][info][gc,cpu         ] GC(245) User=0.00s Sys=0.00s Real=0.00s
[45.586s][info][gc,start       ] GC(246) Pause Young (Allocation Failure)
[45.588s][info][gc,heap        ] GC(246) PSYoungGen: 306176K(306176K)->1024K(301056K) Eden: 305152K(305152K)->0K(300032K) From: 1024K(1024K)->1024K(1024K)
[45.588s][info][gc,heap        ] GC(246) ParOldGen: 8925K(1398272K)->9013K(1398272K)
[45.588s][info][gc,metaspace   ] GC(246) Metaspace: 14320K(15232K)->14320K(15232K) NonClass: 12360K(12928K)->12360K(12928K) Class: 1959K(2304K)->1959K(2304K)
[45.588s][info][gc             ] GC(246) Pause Young (Allocation Failure) 307M->9M(1659M) 1.738ms
[45.588s][info][gc,cpu         ] GC(246) User=0.00s Sys=0.00s Real=0.00s
[45.785s][info][gc,start       ] GC(247) Pause Young (Allocation Failure)
[45.787s][info][gc,heap        ] GC(247) PSYoungGen: 301056K(301056K)->1024K(295936K) Eden: 300032K(300032K)->0K(294912K) From: 1024K(1024K)->1024K(1024K)
[45.787s][info][gc,heap        ] GC(247) ParOldGen: 9013K(1398272K)->9085K(1398272K)
[45.787s][info][gc,metaspace   ] GC(247) Metaspace: 14320K(15232K)->14320K(15232K) NonClass: 12360K(12928K)->12360K(12928K) Class: 1959K(2304K)->1959K(2304K)
[45.787s][info][gc             ] GC(247) Pause Young (Allocation Failure) 302M->9M(1654M) 1.715ms
[45.787s][info][gc,cpu         ] GC(247) User=0.52s Sys=0.00s Real=0.00s
[45.982s][info][gc,start       ] GC(248) Pause Young (Allocation Failure)
[45.984s][info][gc,heap        ] GC(248) PSYoungGen: 295936K(295936K)->992K(290816K) Eden: 294912K(294912K)->0K(289792K) From: 1024K(1024K)->992K(1024K)
[45.984s][info][gc,heap        ] GC(248) ParOldGen: 9085K(1398272K)->9165K(1398272K)
[45.984s][info][gc,metaspace   ] GC(248) Metaspace: 14320K(15232K)->14320K(15232K) NonClass: 12360K(12928K)->12360K(12928K) Class: 1959K(2304K)->1959K(2304K)
[45.984s][info][gc             ] GC(248) Pause Young (Allocation Failure) 297M->9M(1649M) 1.731ms
[45.984s][info][gc,cpu         ] GC(248) User=0.00s Sys=0.00s Real=0.00s
[46.175s][info][gc,start       ] GC(249) Pause Young (Allocation Failure)
[46.177s][info][gc,heap        ] GC(249) PSYoungGen: 290784K(290816K)->1024K(285696K) Eden: 289792K(289792K)->0K(284672K) From: 992K(1024K)->1024K(1024K)
[46.189s][info][gc,heap        ] GC(249) ParOldGen: 9165K(1398272K)->9245K(1398272K)
[46.189s][info][gc,metaspace   ] GC(249) Metaspace: 14320K(15232K)->14320K(15232K) NonClass: 12360K(12928K)->12360K(12928K) Class: 1959K(2304K)->1959K(2304K)
[46.189s][info][gc             ] GC(249) Pause Young (Allocation Failure) 292M->10M(1644M) 13.454ms
[46.189s][info][gc,cpu         ] GC(249) User=0.52s Sys=0.00s Real=0.01s
[46.380s][info][gc,start       ] GC(250) Pause Young (Allocation Failure)
[46.381s][info][gc,heap        ] GC(250) PSYoungGen: 285696K(285696K)->1024K(281088K) Eden: 284672K(284672K)->0K(280064K) From: 1024K(1024K)->1024K(1024K)
[46.381s][info][gc,heap        ] GC(250) ParOldGen: 9245K(1398272K)->9325K(1398272K)
[46.381s][info][gc,metaspace   ] GC(250) Metaspace: 14320K(15232K)->14320K(15232K) NonClass: 12360K(12928K)->12360K(12928K) Class: 1959K(2304K)->1959K(2304K)
[46.381s][info][gc             ] GC(250) Pause Young (Allocation Failure) 288M->10M(1640M) 1.817ms
[46.381s][info][gc,cpu         ] GC(250) User=0.00s Sys=0.00s Real=0.00s
[46.566s][info][gc,start       ] GC(251) Pause Young (Allocation Failure)
[46.568s][info][gc,heap        ] GC(251) PSYoungGen: 281088K(281088K)->992K(276480K) Eden: 280064K(280064K)->0K(275456K) From: 1024K(1024K)->992K(1024K)
[46.568s][info][gc,heap        ] GC(251) ParOldGen: 9325K(1398272K)->9461K(1398272K)
[46.568s][info][gc,metaspace   ] GC(251) Metaspace: 14320K(15232K)->14320K(15232K) NonClass: 12360K(12928K)->12360K(12928K) Class: 1959K(2304K)->1959K(2304K)
[46.568s][info][gc             ] GC(251) Pause Young (Allocation Failure) 283M->10M(1635M) 1.840ms
[46.568s][info][gc,cpu         ] GC(251) User=0.52s Sys=0.00s Real=0.00s
[46.749s][info][gc,start       ] GC(252) Pause Young (Allocation Failure)
[46.751s][info][gc,heap        ] GC(252) PSYoungGen: 276448K(276480K)->992K(271872K) Eden: 275456K(275456K)->0K(270848K) From: 992K(1024K)->992K(1024K)
[46.751s][info][gc,heap        ] GC(252) ParOldGen: 9461K(1398272K)->9549K(1398272K)
[46.751s][info][gc,metaspace   ] GC(252) Metaspace: 14320K(15232K)->14320K(15232K) NonClass: 12360K(12928K)->12360K(12928K) Class: 1959K(2304K)->1959K(2304K)
[46.751s][info][gc             ] GC(252) Pause Young (Allocation Failure) 279M->10M(1631M) 1.857ms
[46.751s][info][gc,cpu         ] GC(252) User=0.00s Sys=0.00s Real=0.00s
[46.932s][info][gc,start       ] GC(253) Pause Young (Allocation Failure)
[46.934s][info][gc,heap        ] GC(253) PSYoungGen: 271840K(271872K)->992K(267264K) Eden: 270848K(270848K)->0K(266240K) From: 992K(1024K)->992K(1024K)
[46.934s][info][gc,heap        ] GC(253) ParOldGen: 9549K(1398272K)->9613K(1398272K)
[46.934s][info][gc,metaspace   ] GC(253) Metaspace: 14320K(15232K)->14320K(15232K) NonClass: 12360K(12928K)->12360K(12928K) Class: 1959K(2304K)->1959K(2304K)
[46.934s][info][gc             ] GC(253) Pause Young (Allocation Failure) 274M->10M(1626M) 1.903ms
[46.934s][info][gc,cpu         ] GC(253) User=0.00s Sys=0.00s Real=0.00s
[47.109s][info][gc,start       ] GC(254) Pause Young (Allocation Failure)
[47.110s][info][gc,heap        ] GC(254) PSYoungGen: 267232K(267264K)->1024K(263168K) Eden: 266240K(266240K)->0K(262144K) From: 992K(1024K)->1024K(1024K)
[47.110s][info][gc,heap        ] GC(254) ParOldGen: 9613K(1398272K)->9693K(1398272K)
[47.110s][info][gc,metaspace   ] GC(254) Metaspace: 14320K(15232K)->14320K(15232K) NonClass: 12360K(12928K)->12360K(12928K) Class: 1959K(2304K)->1959K(2304K)
[47.110s][info][gc             ] GC(254) Pause Young (Allocation Failure) 270M->10M(1622M) 1.928ms
[47.110s][info][gc,cpu         ] GC(254) User=0.00s Sys=0.00s Real=0.00s
[47.284s][info][gc,start       ] GC(255) Pause Young (Allocation Failure)
[47.286s][info][gc,heap        ] GC(255) PSYoungGen: 263168K(263168K)->992K(259072K) Eden: 262144K(262144K)->0K(258048K) From: 1024K(1024K)->992K(1024K)
[47.286s][info][gc,heap        ] GC(255) ParOldGen: 9693K(1398272K)->9773K(1398272K)
[47.286s][info][gc,metaspace   ] GC(255) Metaspace: 14320K(15232K)->14320K(15232K) NonClass: 12360K(12928K)->12360K(12928K) Class: 1959K(2304K)->1959K(2304K)
[47.286s][info][gc             ] GC(255) Pause Young (Allocation Failure) 266M->10M(1618M) 1.964ms
[47.286s][info][gc,cpu         ] GC(255) User=0.52s Sys=0.00s Real=0.00s
[47.454s][info][gc,start       ] GC(256) Pause Young (Allocation Failure)
[47.456s][info][gc,heap        ] GC(256) PSYoungGen: 259040K(259072K)->992K(254976K) Eden: 258048K(258048K)->0K(253952K) From: 992K(1024K)->992K(1024K)
[47.456s][info][gc,heap        ] GC(256) ParOldGen: 9773K(1398272K)->9845K(1398272K)
[47.456s][info][gc,metaspace   ] GC(256) Metaspace: 14320K(15232K)->14320K(15232K) NonClass: 12360K(12928K)->12360K(12928K) Class: 1959K(2304K)->1959K(2304K)
[47.456s][info][gc             ] GC(256) Pause Young (Allocation Failure) 262M->10M(1614M) 1.935ms
[47.456s][info][gc,cpu         ] GC(256) User=0.00s Sys=0.00s Real=0.00s
[47.624s][info][gc,start       ] GC(257) Pause Young (Allocation Failure)
[47.625s][info][gc,heap        ] GC(257) PSYoungGen: 254944K(254976K)->1024K(250880K) Eden: 253952K(253952K)->0K(249856K) From: 992K(1024K)->1024K(1024K)
[47.625s][info][gc,heap        ] GC(257) ParOldGen: 9845K(1398272K)->9925K(1398272K)
[47.625s][info][gc,metaspace   ] GC(257) Metaspace: 14320K(15232K)->14320K(15232K) NonClass: 12360K(12928K)->12360K(12928K) Class: 1959K(2304K)->1959K(2304K)
[47.626s][info][gc             ] GC(257) Pause Young (Allocation Failure) 258M->10M(1610M) 1.973ms
[47.626s][info][gc,cpu         ] GC(257) User=0.00s Sys=0.00s Real=0.00s
[47.793s][info][gc,start       ] GC(258) Pause Young (Allocation Failure)
[47.795s][info][gc,heap        ] GC(258) PSYoungGen: 250880K(250880K)->992K(247296K) Eden: 249856K(249856K)->0K(246272K) From: 1024K(1024K)->992K(1024K)
[47.795s][info][gc,heap        ] GC(258) ParOldGen: 9925K(1398272K)->9997K(1398272K)
[47.795s][info][gc,metaspace   ] GC(258) Metaspace: 14320K(15232K)->14320K(15232K) NonClass: 12360K(12928K)->12360K(12928K) Class: 1959K(2304K)->1959K(2304K)
[47.795s][info][gc             ] GC(258) Pause Young (Allocation Failure) 254M->10M(1607M) 2.061ms
[47.795s][info][gc,cpu         ] GC(258) User=0.00s Sys=0.00s Real=0.00s
[47.960s][info][gc,start       ] GC(259) Pause Young (Allocation Failure)
[47.962s][info][gc,heap        ] GC(259) PSYoungGen: 247264K(247296K)->992K(296960K) Eden: 246272K(246272K)->0K(295936K) From: 992K(1024K)->992K(1024K)
[47.962s][info][gc,heap        ] GC(259) ParOldGen: 9997K(1398272K)->10053K(1398272K)
[47.962s][info][gc,metaspace   ] GC(259) Metaspace: 14320K(15232K)->14320K(15232K) NonClass: 12360K(12928K)->12360K(12928K) Class: 1959K(2304K)->1959K(2304K)
[47.962s][info][gc             ] GC(259) Pause Young (Allocation Failure) 251M->10M(1655M) 2.020ms
[47.962s][info][gc,cpu         ] GC(259) User=0.00s Sys=0.00s Real=0.00s
[48.160s][info][gc,start       ] GC(260) Pause Young (Allocation Failure)
[48.162s][info][gc,heap        ] GC(260) PSYoungGen: 296928K(296960K)->1024K(291840K) Eden: 295936K(295936K)->0K(290816K) From: 992K(1024K)->1024K(1024K)
[48.162s][info][gc,heap        ] GC(260) ParOldGen: 10053K(1398272K)->10117K(1398272K)
[48.162s][info][gc,metaspace   ] GC(260) Metaspace: 14320K(15232K)->14320K(15232K) NonClass: 12360K(12928K)->12360K(12928K) Class: 1959K(2304K)->1959K(2304K)
[48.162s][info][gc             ] GC(260) Pause Young (Allocation Failure) 299M->10M(1650M) 2.147ms
[48.162s][info][gc,cpu         ] GC(260) User=0.02s Sys=0.00s Real=0.00s
[48.414s][info][gc,start       ] GC(261) Pause Young (Allocation Failure)
[48.417s][info][gc,heap        ] GC(261) PSYoungGen: 291840K(291840K)->992K(350208K) Eden: 290816K(290816K)->0K(349184K) From: 1024K(1024K)->992K(1024K)
[48.417s][info][gc,heap        ] GC(261) ParOldGen: 10117K(1398272K)->10189K(1398272K)
[48.417s][info][gc,metaspace   ] GC(261) Metaspace: 14320K(15232K)->14320K(15232K) NonClass: 12360K(12928K)->12360K(12928K) Class: 1959K(2304K)->1959K(2304K)
[48.417s][info][gc             ] GC(261) Pause Young (Allocation Failure) 294M->10M(1707M) 3.009ms
[48.417s][info][gc,cpu         ] GC(261) User=0.00s Sys=0.00s Real=0.00s
[48.664s][info][gc,start       ] GC(262) Pause Young (Allocation Failure)
[48.666s][info][gc,heap        ] GC(262) PSYoungGen: 350176K(350208K)->992K(343552K) Eden: 349184K(349184K)->0K(342528K) From: 992K(1024K)->992K(1024K)
[48.666s][info][gc,heap        ] GC(262) ParOldGen: 10189K(1398272K)->10261K(1398272K)
[48.666s][info][gc,metaspace   ] GC(262) Metaspace: 14320K(15232K)->14320K(15232K) NonClass: 12360K(12928K)->12360K(12928K) Class: 1959K(2304K)->1959K(2304K)
[48.666s][info][gc             ] GC(262) Pause Young (Allocation Failure) 351M->10M(1701M) 1.968ms
[48.666s][info][gc,cpu         ] GC(262) User=0.00s Sys=0.00s Real=0.00s
[48.921s][info][gc,start       ] GC(263) Pause Young (Allocation Failure)
[48.922s][info][gc,heap        ] GC(263) PSYoungGen: 343520K(343552K)->960K(336896K) Eden: 342528K(342528K)->0K(335872K) From: 992K(1024K)->960K(1024K)
[48.922s][info][gc,heap        ] GC(263) ParOldGen: 10261K(1398272K)->10397K(1398272K)
[48.922s][info][gc,metaspace   ] GC(263) Metaspace: 14320K(15232K)->14320K(15232K) NonClass: 12360K(12928K)->12360K(12928K) Class: 1959K(2304K)->1959K(2304K)
[48.922s][info][gc             ] GC(263) Pause Young (Allocation Failure) 345M->11M(1694M) 1.835ms
[48.923s][info][gc,cpu         ] GC(263) User=0.00s Sys=0.00s Real=0.00s
[49.153s][info][gc,start       ] GC(264) Pause Young (Allocation Failure)
[49.155s][info][gc,heap        ] GC(264) PSYoungGen: 336832K(336896K)->992K(330752K) Eden: 335872K(335872K)->0K(329728K) From: 960K(1024K)->992K(1024K)
[49.155s][info][gc,heap        ] GC(264) ParOldGen: 10397K(1398272K)->10517K(1398272K)
[49.155s][info][gc,metaspace   ] GC(264) Metaspace: 14320K(15232K)->14320K(15232K) NonClass: 12360K(12928K)->12360K(12928K) Class: 1959K(2304K)->1959K(2304K)
[49.155s][info][gc             ] GC(264) Pause Young (Allocation Failure) 339M->11M(1688M) 1.741ms
[49.155s][info][gc,cpu         ] GC(264) User=0.00s Sys=0.00s Real=0.00s
[49.371s][info][gc,start       ] GC(265) Pause Young (Allocation Failure)
[49.373s][info][gc,heap        ] GC(265) PSYoungGen: 330720K(330752K)->1024K(324608K) Eden: 329728K(329728K)->0K(323584K) From: 992K(1024K)->1024K(1024K)
[49.373s][info][gc,heap        ] GC(265) ParOldGen: 10517K(1398272K)->10605K(1398272K)
[49.373s][info][gc,metaspace   ] GC(265) Metaspace: 14320K(15232K)->14320K(15232K) NonClass: 12360K(12928K)->12360K(12928K) Class: 1959K(2304K)->1959K(2304K)
[49.373s][info][gc             ] GC(265) Pause Young (Allocation Failure) 333M->11M(1682M) 1.756ms
[49.373s][info][gc,cpu         ] GC(265) User=0.00s Sys=0.00s Real=0.00s
[49.588s][info][gc,start       ] GC(266) Pause Young (Allocation Failure)
[49.590s][info][gc,heap        ] GC(266) PSYoungGen: 324608K(324608K)->1024K(318464K) Eden: 323584K(323584K)->0K(317440K) From: 1024K(1024K)->1024K(1024K)
[49.590s][info][gc,heap        ] GC(266) ParOldGen: 10605K(1398272K)->10717K(1398272K)
[49.590s][info][gc,metaspace   ] GC(266) Metaspace: 14320K(15232K)->14320K(15232K) NonClass: 12360K(12928K)->12360K(12928K) Class: 1959K(2304K)->1959K(2304K)
[49.590s][info][gc             ] GC(266) Pause Young (Allocation Failure) 327M->11M(1676M) 1.781ms
[49.590s][info][gc,cpu         ] GC(266) User=0.00s Sys=0.00s Real=0.00s
[49.800s][info][gc,start       ] GC(267) Pause Young (Allocation Failure)
[49.802s][info][gc,heap        ] GC(267) PSYoungGen: 318464K(318464K)->960K(312832K) Eden: 317440K(317440K)->0K(311808K) From: 1024K(1024K)->960K(1024K)
[49.802s][info][gc,heap        ] GC(267) ParOldGen: 10717K(1398272K)->10797K(1398272K)
[49.802s][info][gc,metaspace   ] GC(267) Metaspace: 14320K(15232K)->14320K(15232K) NonClass: 12360K(12928K)->12360K(12928K) Class: 1959K(2304K)->1959K(2304K)
[49.802s][info][gc             ] GC(267) Pause Young (Allocation Failure) 321M->11M(1671M) 1.834ms
[49.802s][info][gc,cpu         ] GC(267) User=0.52s Sys=0.00s Real=0.00s
[50.007s][info][gc,start       ] GC(268) Pause Young (Allocation Failure)
[50.009s][info][gc,heap        ] GC(268) PSYoungGen: 312768K(312832K)->992K(307200K) Eden: 311808K(311808K)->0K(306176K) From: 960K(1024K)->992K(1024K)
[50.009s][info][gc,heap        ] GC(268) ParOldGen: 10797K(1398272K)->10885K(1398272K)
[50.009s][info][gc,metaspace   ] GC(268) Metaspace: 14320K(15232K)->14320K(15232K) NonClass: 12360K(12928K)->12360K(12928K) Class: 1959K(2304K)->1959K(2304K)
[50.009s][info][gc             ] GC(268) Pause Young (Allocation Failure) 315M->11M(1665M) 1.866ms
[50.009s][info][gc,cpu         ] GC(268) User=0.00s Sys=0.00s Real=0.00s
[50.211s][info][gc,start       ] GC(269) Pause Young (Allocation Failure)
[50.213s][info][gc,heap        ] GC(269) PSYoungGen: 307168K(307200K)->1024K(301568K) Eden: 306176K(306176K)->0K(300544K) From: 992K(1024K)->1024K(1024K)
[50.213s][info][gc,heap        ] GC(269) ParOldGen: 10885K(1398272K)->11005K(1398272K)
[50.213s][info][gc,metaspace   ] GC(269) Metaspace: 14320K(15232K)->14320K(15232K) NonClass: 12360K(12928K)->12360K(12928K) Class: 1959K(2304K)->1959K(2304K)
[50.213s][info][gc             ] GC(269) Pause Young (Allocation Failure) 310M->11M(1660M) 1.929ms
[50.213s][info][gc,cpu         ] GC(269) User=0.00s Sys=0.00s Real=0.00s
[50.411s][info][gc,start       ] GC(270) Pause Young (Allocation Failure)
[50.413s][info][gc,heap        ] GC(270) PSYoungGen: 301568K(301568K)->992K(296448K) Eden: 300544K(300544K)->0K(295424K) From: 1024K(1024K)->992K(1024K)
[50.413s][info][gc,heap        ] GC(270) ParOldGen: 11005K(1398272K)->11077K(1398272K)
[50.413s][info][gc,metaspace   ] GC(270) Metaspace: 14320K(15232K)->14320K(15232K) NonClass: 12360K(12928K)->12360K(12928K) Class: 1959K(2304K)->1959K(2304K)
[50.413s][info][gc             ] GC(270) Pause Young (Allocation Failure) 305M->11M(1655M) 1.931ms
[50.413s][info][gc,cpu         ] GC(270) User=0.00s Sys=0.00s Real=0.00s
[50.606s][info][gc,start       ] GC(271) Pause Young (Allocation Failure)
[50.607s][info][gc,heap        ] GC(271) PSYoungGen: 296416K(296448K)->992K(291328K) Eden: 295424K(295424K)->0K(290304K) From: 992K(1024K)->992K(1024K)
[50.607s][info][gc,heap        ] GC(271) ParOldGen: 11077K(1398272K)->11157K(1398272K)
[50.607s][info][gc,metaspace   ] GC(271) Metaspace: 14320K(15232K)->14320K(15232K) NonClass: 12360K(12928K)->12360K(12928K) Class: 1959K(2304K)->1959K(2304K)
[50.607s][info][gc             ] GC(271) Pause Young (Allocation Failure) 300M->11M(1650M) 1.929ms
[50.607s][info][gc,cpu         ] GC(271) User=0.00s Sys=0.00s Real=0.00s
[50.798s][info][gc,start       ] GC(272) Pause Young (Allocation Failure)
[50.800s][info][gc,heap        ] GC(272) PSYoungGen: 291296K(291328K)->992K(286208K) Eden: 290304K(290304K)->0K(285184K) From: 992K(1024K)->992K(1024K)
[50.800s][info][gc,heap        ] GC(272) ParOldGen: 11157K(1398272K)->11245K(1398272K)
[50.800s][info][gc,metaspace   ] GC(272) Metaspace: 14320K(15232K)->14320K(15232K) NonClass: 12360K(12928K)->12360K(12928K) Class: 1959K(2304K)->1959K(2304K)
[50.800s][info][gc             ] GC(272) Pause Young (Allocation Failure) 295M->11M(1645M) 1.978ms
[50.800s][info][gc,cpu         ] GC(272) User=0.00s Sys=0.00s Real=0.00s
[50.991s][info][gc,start       ] GC(273) Pause Young (Allocation Failure)
[50.993s][info][gc,heap        ] GC(273) PSYoungGen: 286176K(286208K)->960K(281600K) Eden: 285184K(285184K)->0K(280576K) From: 992K(1024K)->960K(1024K)
[50.993s][info][gc,heap        ] GC(273) ParOldGen: 11245K(1398272K)->11309K(1398272K)
[50.993s][info][gc,metaspace   ] GC(273) Metaspace: 14320K(15232K)->14320K(15232K) NonClass: 12360K(12928K)->12360K(12928K) Class: 1959K(2304K)->1959K(2304K)
[50.993s][info][gc             ] GC(273) Pause Young (Allocation Failure) 290M->11M(1640M) 2.019ms
[50.993s][info][gc,cpu         ] GC(273) User=0.00s Sys=0.00s Real=0.00s
[51.179s][info][gc,start       ] GC(274) Pause Young (Allocation Failure)
[51.181s][info][gc,heap        ] GC(274) PSYoungGen: 281536K(281600K)->992K(276992K) Eden: 280576K(280576K)->0K(275968K) From: 960K(1024K)->992K(1024K)
[51.181s][info][gc,heap        ] GC(274) ParOldGen: 11309K(1398272K)->11381K(1398272K)
[51.181s][info][gc,metaspace   ] GC(274) Metaspace: 14320K(15232K)->14320K(15232K) NonClass: 12360K(12928K)->12360K(12928K) Class: 1959K(2304K)->1959K(2304K)
[51.181s][info][gc             ] GC(274) Pause Young (Allocation Failure) 285M->12M(1636M) 2.053ms
[51.181s][info][gc,cpu         ] GC(274) User=0.00s Sys=0.00s Real=0.00s
[51.364s][info][gc,start       ] GC(275) Pause Young (Allocation Failure)
[51.366s][info][gc,heap        ] GC(275) PSYoungGen: 276960K(276992K)->1024K(272384K) Eden: 275968K(275968K)->0K(271360K) From: 992K(1024K)->1024K(1024K)
[51.366s][info][gc,heap        ] GC(275) ParOldGen: 11381K(1398272K)->11469K(1398272K)
[51.366s][info][gc,metaspace   ] GC(275) Metaspace: 14320K(15232K)->14320K(15232K) NonClass: 12360K(12928K)->12360K(12928K) Class: 1959K(2304K)->1959K(2304K)
[51.366s][info][gc             ] GC(275) Pause Young (Allocation Failure) 281M->12M(1631M) 2.086ms
[51.366s][info][gc,cpu         ] GC(275) User=0.02s Sys=0.00s Real=0.00s
[51.548s][info][gc,start       ] GC(276) Pause Young (Allocation Failure)
[51.550s][info][gc,heap        ] GC(276) PSYoungGen: 272384K(272384K)->1024K(267776K) Eden: 271360K(271360K)->0K(266752K) From: 1024K(1024K)->1024K(1024K)
[51.550s][info][gc,heap        ] GC(276) ParOldGen: 11469K(1398272K)->11549K(1398272K)
[51.550s][info][gc,metaspace   ] GC(276) Metaspace: 14320K(15232K)->14320K(15232K) NonClass: 12360K(12928K)->12360K(12928K) Class: 1959K(2304K)->1959K(2304K)
[51.550s][info][gc             ] GC(276) Pause Young (Allocation Failure) 277M->12M(1627M) 2.126ms
[51.550s][info][gc,cpu         ] GC(276) User=0.00s Sys=0.00s Real=0.00s
[51.728s][info][gc,start       ] GC(277) Pause Young (Allocation Failure)
[51.730s][info][gc,heap        ] GC(277) PSYoungGen: 267776K(267776K)->1024K(263680K) Eden: 266752K(266752K)->0K(262656K) From: 1024K(1024K)->1024K(1024K)
[51.730s][info][gc,heap        ] GC(277) ParOldGen: 11549K(1398272K)->11649K(1398272K)
[51.730s][info][gc,metaspace   ] GC(277) Metaspace: 14320K(15232K)->14320K(15232K) NonClass: 12360K(12928K)->12360K(12928K) Class: 1959K(2304K)->1959K(2304K)
[51.730s][info][gc             ] GC(277) Pause Young (Allocation Failure) 272M->12M(1623M) 2.136ms
[51.730s][info][gc,cpu         ] GC(277) User=0.00s Sys=0.00s Real=0.00s
[51.904s][info][gc,start       ] GC(278) Pause Young (Allocation Failure)
[51.906s][info][gc,heap        ] GC(278) PSYoungGen: 263679K(263680K)->1024K(259584K) Eden: 262655K(262656K)->0K(258560K) From: 1024K(1024K)->1024K(1024K)
[51.906s][info][gc,heap        ] GC(278) ParOldGen: 11649K(1398272K)->11713K(1398272K)
[51.906s][info][gc,metaspace   ] GC(278) Metaspace: 14320K(15232K)->14320K(15232K) NonClass: 12360K(12928K)->12360K(12928K) Class: 1959K(2304K)->1959K(2304K)
[51.906s][info][gc             ] GC(278) Pause Young (Allocation Failure) 268M->12M(1619M) 2.090ms
[51.906s][info][gc,cpu         ] GC(278) User=0.00s Sys=0.00s Real=0.00s
[52.078s][info][gc,start       ] GC(279) Pause Young (Allocation Failure)
[52.080s][info][gc,heap        ] GC(279) PSYoungGen: 259584K(259584K)->1024K(311296K) Eden: 258560K(258560K)->0K(310272K) From: 1024K(1024K)->1024K(1024K)
[52.080s][info][gc,heap        ] GC(279) ParOldGen: 11713K(1398272K)->11801K(1398272K)
[52.080s][info][gc,metaspace   ] GC(279) Metaspace: 14320K(15232K)->14320K(15232K) NonClass: 12360K(12928K)->12360K(12928K) Class: 1959K(2304K)->1959K(2304K)
[52.080s][info][gc             ] GC(279) Pause Young (Allocation Failure) 264M->12M(1669M) 2.208ms
[52.080s][info][gc,cpu         ] GC(279) User=0.00s Sys=0.00s Real=0.00s
[52.305s][info][gc,start       ] GC(280) Pause Young (Allocation Failure)
[52.307s][info][gc,heap        ] GC(280) PSYoungGen: 311296K(311296K)->992K(373760K) Eden: 310272K(310272K)->0K(372736K) From: 1024K(1024K)->992K(1024K)
[52.307s][info][gc,heap        ] GC(280) ParOldGen: 11801K(1398272K)->11857K(1398272K)
[52.307s][info][gc,metaspace   ] GC(280) Metaspace: 14320K(15232K)->14320K(15232K) NonClass: 12360K(12928K)->12360K(12928K) Class: 1959K(2304K)->1959K(2304K)
[52.307s][info][gc             ] GC(280) Pause Young (Allocation Failure) 315M->12M(1730M) 2.464ms
[52.307s][info][gc,cpu         ] GC(280) User=0.00s Sys=0.00s Real=0.00s
[52.572s][info][gc,start       ] GC(281) Pause Young (Allocation Failure)
[52.574s][info][gc,heap        ] GC(281) PSYoungGen: 373728K(373760K)->992K(366080K) Eden: 372736K(372736K)->0K(365056K) From: 992K(1024K)->992K(1024K)
[52.575s][info][gc,heap        ] GC(281) ParOldGen: 11857K(1398272K)->11929K(1398272K)
[52.575s][info][gc,metaspace   ] GC(281) Metaspace: 14320K(15232K)->14320K(15232K) NonClass: 12360K(12928K)->12360K(12928K) Class: 1959K(2304K)->1959K(2304K)
[52.575s][info][gc             ] GC(281) Pause Young (Allocation Failure) 376M->12M(1723M) 2.103ms
[52.575s][info][gc,cpu         ] GC(281) User=0.00s Sys=0.00s Real=0.00s
[52.840s][info][gc,start       ] GC(282) Pause Young (Allocation Failure)
[52.841s][info][gc,heap        ] GC(282) PSYoungGen: 366048K(366080K)->1024K(358912K) Eden: 365056K(365056K)->0K(357888K) From: 992K(1024K)->1024K(1024K)
[52.841s][info][gc,heap        ] GC(282) ParOldGen: 11929K(1398272K)->12057K(1398272K)
[52.841s][info][gc,metaspace   ] GC(282) Metaspace: 14320K(15232K)->14320K(15232K) NonClass: 12360K(12928K)->12360K(12928K) Class: 1959K(2304K)->1959K(2304K)
[52.841s][info][gc             ] GC(282) Pause Young (Allocation Failure) 369M->12M(1716M) 1.880ms
[52.841s][info][gc,cpu         ] GC(282) User=0.00s Sys=0.00s Real=0.00s
[53.072s][info][gc,start       ] GC(283) Pause Young (Allocation Failure)
[53.074s][info][gc,heap        ] GC(283) PSYoungGen: 358912K(358912K)->1024K(351744K) Eden: 357888K(357888K)->0K(350720K) From: 1024K(1024K)->1024K(1024K)
[53.074s][info][gc,heap        ] GC(283) ParOldGen: 12057K(1398272K)->12169K(1398272K)
[53.074s][info][gc,metaspace   ] GC(283) Metaspace: 14320K(15232K)->14320K(15232K) NonClass: 12360K(12928K)->12360K(12928K) Class: 1959K(2304K)->1959K(2304K)
[53.074s][info][gc             ] GC(283) Pause Young (Allocation Failure) 362M->12M(1709M) 1.861ms
[53.074s][info][gc,cpu         ] GC(283) User=0.00s Sys=0.00s Real=0.00s
[53.300s][info][gc,start       ] GC(284) Pause Young (Allocation Failure)
[53.302s][info][gc,heap        ] GC(284) PSYoungGen: 351744K(351744K)->1024K(345088K) Eden: 350720K(350720K)->0K(344064K) From: 1024K(1024K)->1024K(1024K)
[53.302s][info][gc,heap        ] GC(284) ParOldGen: 12169K(1398272K)->12257K(1398272K)
[53.302s][info][gc,metaspace   ] GC(284) Metaspace: 14320K(15232K)->14320K(15232K) NonClass: 12360K(12928K)->12360K(12928K) Class: 1959K(2304K)->1959K(2304K)
[53.302s][info][gc             ] GC(284) Pause Young (Allocation Failure) 355M->12M(1702M) 1.940ms
[53.302s][info][gc,cpu         ] GC(284) User=0.52s Sys=0.00s Real=0.00s
[53.524s][info][gc,start       ] GC(285) Pause Young (Allocation Failure)
[53.526s][info][gc,heap        ] GC(285) PSYoungGen: 345088K(345088K)->960K(338432K) Eden: 344064K(344064K)->0K(337408K) From: 1024K(1024K)->960K(1024K)
[53.526s][info][gc,heap        ] GC(285) ParOldGen: 12257K(1398272K)->12361K(1398272K)
[53.526s][info][gc,metaspace   ] GC(285) Metaspace: 14320K(15232K)->14320K(15232K) NonClass: 12360K(12928K)->12360K(12928K) Class: 1959K(2304K)->1959K(2304K)
[53.526s][info][gc             ] GC(285) Pause Young (Allocation Failure) 348M->13M(1696M) 2.029ms
[53.526s][info][gc,cpu         ] GC(285) User=0.00s Sys=0.00s Real=0.00s
[53.683s][info][gc,start       ] GC(286) Pause Young (Allocation Failure)
[53.685s][info][gc,heap        ] GC(286) PSYoungGen: 338368K(338432K)->768K(332288K) Eden: 337408K(337408K)->0K(331264K) From: 960K(1024K)->768K(1024K)
[53.685s][info][gc,heap        ] GC(286) ParOldGen: 12361K(1398272K)->12449K(1398272K)
[53.686s][info][gc,metaspace   ] GC(286) Metaspace: 14320K(15232K)->14320K(15232K) NonClass: 12360K(12928K)->12360K(12928K) Class: 1959K(2304K)->1959K(2304K)
[53.686s][info][gc             ] GC(286) Pause Young (Allocation Failure) 342M->12M(1690M) 2.035ms
[53.686s][info][gc,cpu         ] GC(286) User=0.00s Sys=0.00s Real=0.00s
[54.003s][info][gc,start       ] GC(287) Pause Young (Allocation Failure)
[54.006s][info][gc,heap        ] GC(287) PSYoungGen: 332032K(332288K)->608K(326144K) Eden: 331264K(331264K)->0K(325120K) From: 768K(1024K)->608K(1024K)
[54.006s][info][gc,heap        ] GC(287) ParOldGen: 12449K(1398272K)->12513K(1398272K)
[54.006s][info][gc,metaspace   ] GC(287) Metaspace: 14320K(15232K)->14320K(15232K) NonClass: 12360K(12928K)->12360K(12928K) Class: 1959K(2304K)->1959K(2304K)
[54.006s][info][gc             ] GC(287) Pause Young (Allocation Failure) 336M->12M(1684M) 2.729ms
[54.006s][info][gc,cpu         ] GC(287) User=0.00s Sys=0.00s Real=0.00s
[54.165s][info][gc,start       ] GC(288) Pause Young (System.gc())
[54.167s][info][gc,heap        ] GC(288) PSYoungGen: 83401K(326144K)->288K(325632K) Eden: 82793K(325120K)->0K(325120K) From: 608K(1024K)->288K(512K)
[54.167s][info][gc,heap        ] GC(288) ParOldGen: 12513K(1398272K)->12617K(1398272K)
[54.167s][info][gc,metaspace   ] GC(288) Metaspace: 14320K(15232K)->14320K(15232K) NonClass: 12360K(12928K)->12360K(12928K) Class: 1959K(2304K)->1959K(2304K)
[54.167s][info][gc             ] GC(288) Pause Young (System.gc()) 93M->12M(1683M) 2.314ms
[54.167s][info][gc,cpu         ] GC(288) User=0.00s Sys=0.00s Real=0.00s
[54.168s][info][gc,start       ] GC(289) Pause Full (System.gc())
[54.168s][info][gc,phases,start] GC(289) Marking Phase
[54.181s][info][gc,phases      ] GC(289) Marking Phase 13.515ms
[54.181s][info][gc,phases,start] GC(289) Summary Phase
[54.181s][info][gc,phases      ] GC(289) Summary Phase 0.017ms
[54.181s][info][gc,phases,start] GC(289) Adjust Roots
[54.186s][info][gc,phases      ] GC(289) Adjust Roots 4.457ms
[54.186s][info][gc,phases,start] GC(289) Compaction Phase
[54.188s][info][gc,phases      ] GC(289) Compaction Phase 1.944ms
[54.188s][info][gc,phases,start] GC(289) Post Compact
[54.188s][info][gc,phases      ] GC(289) Post Compact 0.577ms
[54.188s][info][gc,heap        ] GC(289) PSYoungGen: 288K(325632K)->0K(325632K) Eden: 0K(325120K)->0K(325120K) From: 288K(512K)->0K(512K)
[54.188s][info][gc,heap        ] GC(289) ParOldGen: 12617K(1398272K)->5373K(1398272K)
[54.188s][info][gc,metaspace   ] GC(289) Metaspace: 14320K(15232K)->14320K(15232K) NonClass: 12360K(12928K)->12360K(12928K) Class: 1959K(2304K)->1959K(2304K)
[54.188s][info][gc             ] GC(289) Pause Full (System.gc()) 12M->5M(1683M) 20.804ms
[54.188s][info][gc,cpu         ] GC(289) User=0.02s Sys=0.00s Real=0.02s
[54.454s][info][gc,start       ] GC(290) Pause Young (Allocation Failure)
[54.456s][info][gc,heap        ] GC(290) PSYoungGen: 325120K(325632K)->1536K(320512K) Eden: 325120K(325120K)->0K(318976K) From: 0K(512K)->1536K(1536K)
[54.456s][info][gc,heap        ] GC(290) ParOldGen: 5373K(1398272K)->5538K(1398272K)
[54.456s][info][gc,metaspace   ] GC(290) Metaspace: 14339K(15232K)->14339K(15232K) NonClass: 12379K(12928K)->12379K(12928K) Class: 1959K(2304K)->1959K(2304K)
[54.456s][info][gc             ] GC(290) Pause Young (Allocation Failure) 322M->6M(1678M) 2.170ms
[54.456s][info][gc,cpu         ] GC(290) User=0.00s Sys=0.00s Real=0.00s
[54.639s][info][gc,start       ] GC(291) Pause Young (Allocation Failure)
[54.641s][info][gc,heap        ] GC(291) PSYoungGen: 320512K(320512K)->1024K(314368K) Eden: 318976K(318976K)->0K(313344K) From: 1536K(1536K)->1024K(1024K)
[54.642s][info][gc,heap        ] GC(291) ParOldGen: 5538K(1398272K)->7075K(1398272K)
[54.642s][info][gc,metaspace   ] GC(291) Metaspace: 14339K(15232K)->14339K(15232K) NonClass: 12379K(12928K)->12379K(12928K) Class: 1959K(2304K)->1959K(2304K)
[54.642s][info][gc             ] GC(291) Pause Young (Allocation Failure) 318M->7M(1672M) 2.291ms
[54.642s][info][gc,cpu         ] GC(291) User=0.00s Sys=0.00s Real=0.00s
[54.845s][info][gc,start       ] GC(292) Pause Young (Allocation Failure)
[54.847s][info][gc,heap        ] GC(292) PSYoungGen: 314368K(314368K)->1024K(308736K) Eden: 313344K(313344K)->0K(307712K) From: 1024K(1024K)->1024K(1024K)
[54.847s][info][gc,heap        ] GC(292) ParOldGen: 7075K(1398272K)->7147K(1398272K)
[54.847s][info][gc,metaspace   ] GC(292) Metaspace: 14339K(15232K)->14339K(15232K) NonClass: 12379K(12928K)->12379K(12928K) Class: 1959K(2304K)->1959K(2304K)
[54.847s][info][gc             ] GC(292) Pause Young (Allocation Failure) 313M->7M(1667M) 2.107ms
[54.847s][info][gc,cpu         ] GC(292) User=0.00s Sys=0.00s Real=0.00s
[55.048s][info][gc,start       ] GC(293) Pause Young (Allocation Failure)
[55.050s][info][gc,heap        ] GC(293) PSYoungGen: 308736K(308736K)->1024K(303104K) Eden: 307712K(307712K)->0K(302080K) From: 1024K(1024K)->1024K(1024K)
[55.050s][info][gc,heap        ] GC(293) ParOldGen: 7147K(1398272K)->7227K(1398272K)
[55.050s][info][gc,metaspace   ] GC(293) Metaspace: 14339K(15232K)->14339K(15232K) NonClass: 12379K(12928K)->12379K(12928K) Class: 1959K(2304K)->1959K(2304K)
[55.050s][info][gc             ] GC(293) Pause Young (Allocation Failure) 308M->8M(1661M) 2.203ms
[55.050s][info][gc,cpu         ] GC(293) User=0.00s Sys=0.00s Real=0.00s
[55.248s][info][gc,start       ] GC(294) Pause Young (Allocation Failure)
[55.250s][info][gc,heap        ] GC(294) PSYoungGen: 303104K(303104K)->1024K(297984K) Eden: 302080K(302080K)->0K(296960K) From: 1024K(1024K)->1024K(1024K)
[55.250s][info][gc,heap        ] GC(294) ParOldGen: 7227K(1398272K)->7331K(1398272K)
[55.250s][info][gc,metaspace   ] GC(294) Metaspace: 14339K(15232K)->14339K(15232K) NonClass: 12379K(12928K)->12379K(12928K) Class: 1959K(2304K)->1959K(2304K)
[55.250s][info][gc             ] GC(294) Pause Young (Allocation Failure) 303M->8M(1656M) 2.244ms
[55.250s][info][gc,cpu         ] GC(294) User=0.00s Sys=0.00s Real=0.00s
[55.443s][info][gc,start       ] GC(295) Pause Young (Allocation Failure)
[55.445s][info][gc,heap        ] GC(295) PSYoungGen: 297984K(297984K)->1024K(292864K) Eden: 296960K(296960K)->0K(291840K) From: 1024K(1024K)->1024K(1024K)
[55.445s][info][gc,heap        ] GC(295) ParOldGen: 7331K(1398272K)->7419K(1398272K)
[55.445s][info][gc,metaspace   ] GC(295) Metaspace: 14339K(15232K)->14339K(15232K) NonClass: 12379K(12928K)->12379K(12928K) Class: 1959K(2304K)->1959K(2304K)
[55.445s][info][gc             ] GC(295) Pause Young (Allocation Failure) 298M->8M(1651M) 2.221ms
[55.445s][info][gc,cpu         ] GC(295) User=0.00s Sys=0.00s Real=0.00s
[55.637s][info][gc,start       ] GC(296) Pause Young (Allocation Failure)
[55.639s][info][gc,heap        ] GC(296) PSYoungGen: 292864K(292864K)->1024K(287744K) Eden: 291840K(291840K)->0K(286720K) From: 1024K(1024K)->1024K(1024K)
[55.639s][info][gc,heap        ] GC(296) ParOldGen: 7419K(1398272K)->7491K(1398272K)
[55.639s][info][gc,metaspace   ] GC(296) Metaspace: 14339K(15232K)->14339K(15232K) NonClass: 12379K(12928K)->12379K(12928K) Class: 1959K(2304K)->1959K(2304K)
[55.639s][info][gc             ] GC(296) Pause Young (Allocation Failure) 293M->8M(1646M) 2.277ms
[55.639s][info][gc,cpu         ] GC(296) User=0.00s Sys=0.00s Real=0.00s
[55.829s][info][gc,start       ] GC(297) Pause Young (Allocation Failure)
[55.831s][info][gc,heap        ] GC(297) PSYoungGen: 287744K(287744K)->992K(345088K) Eden: 286720K(286720K)->0K(344064K) From: 1024K(1024K)->992K(1024K)
[55.831s][info][gc,heap        ] GC(297) ParOldGen: 7491K(1398272K)->7587K(1398272K)
[55.831s][info][gc,metaspace   ] GC(297) Metaspace: 14339K(15232K)->14339K(15232K) NonClass: 12379K(12928K)->12379K(12928K) Class: 1959K(2304K)->1959K(2304K)
[55.831s][info][gc             ] GC(297) Pause Young (Allocation Failure) 288M->8M(1702M) 2.275ms
[55.831s][info][gc,cpu         ] GC(297) User=0.00s Sys=0.00s Real=0.00s
[56.093s][info][gc,start       ] GC(298) Pause Young (Allocation Failure)
[56.096s][info][gc,heap        ] GC(298) PSYoungGen: 345056K(345088K)->992K(412160K) Eden: 344064K(344064K)->0K(410624K) From: 992K(1024K)->992K(1536K)
[56.096s][info][gc,heap        ] GC(298) ParOldGen: 7587K(1398272K)->7651K(1398272K)
[56.096s][info][gc,metaspace   ] GC(298) Metaspace: 14339K(15232K)->14339K(15232K) NonClass: 12379K(12928K)->12379K(12928K) Class: 1959K(2304K)->1959K(2304K)
[56.097s][info][gc             ] GC(298) Pause Young (Allocation Failure) 344M->8M(1768M) 3.067ms
[56.097s][info][gc,cpu         ] GC(298) User=0.00s Sys=0.00s Real=0.00s
[56.376s][info][gc,start       ] GC(299) Pause Young (Allocation Failure)
[56.378s][info][gc,heap        ] GC(299) PSYoungGen: 411616K(412160K)->1024K(402944K) Eden: 410624K(410624K)->0K(401920K) From: 992K(1536K)->1024K(1024K)
[56.378s][info][gc,heap        ] GC(299) ParOldGen: 7651K(1398272K)->7747K(1398272K)
[56.378s][info][gc,metaspace   ] GC(299) Metaspace: 14339K(15232K)->14339K(15232K) NonClass: 12379K(12928K)->12379K(12928K) Class: 1959K(2304K)->1959K(2304K)
[56.378s][info][gc             ] GC(299) Pause Young (Allocation Failure) 409M->8M(1759M) 2.404ms
[56.379s][info][gc,cpu         ] GC(299) User=0.00s Sys=0.00s Real=0.00s
[56.652s][info][gc,start       ] GC(300) Pause Young (Allocation Failure)
[56.654s][info][gc,heap        ] GC(300) PSYoungGen: 402944K(402944K)->1024K(394240K) Eden: 401920K(401920K)->0K(393216K) From: 1024K(1024K)->1024K(1024K)
[56.654s][info][gc,heap        ] GC(300) ParOldGen: 7747K(1398272K)->7867K(1398272K)
[56.654s][info][gc,metaspace   ] GC(300) Metaspace: 14339K(15232K)->14339K(15232K) NonClass: 12379K(12928K)->12379K(12928K) Class: 1959K(2304K)->1959K(2304K)
[56.654s][info][gc             ] GC(300) Pause Young (Allocation Failure) 401M->8M(1750M) 2.046ms
[56.654s][info][gc,cpu         ] GC(300) User=0.00s Sys=0.00s Real=0.00s
[56.940s][info][gc,start       ] GC(301) Pause Young (Allocation Failure)
[56.942s][info][gc,heap        ] GC(301) PSYoungGen: 394240K(394240K)->1024K(386048K) Eden: 393216K(393216K)->0K(385024K) From: 1024K(1024K)->1024K(1024K)
[56.942s][info][gc,heap        ] GC(301) ParOldGen: 7867K(1398272K)->7979K(1398272K)
[56.942s][info][gc,metaspace   ] GC(301) Metaspace: 14339K(15232K)->14339K(15232K) NonClass: 12379K(12928K)->12379K(12928K) Class: 1959K(2304K)->1959K(2304K)
[56.942s][info][gc             ] GC(301) Pause Young (Allocation Failure) 392M->8M(1742M) 1.950ms
[56.942s][info][gc,cpu         ] GC(301) User=0.00s Sys=0.00s Real=0.00s
[57.190s][info][gc,start       ] GC(302) Pause Young (Allocation Failure)
[57.200s][info][gc,heap        ] GC(302) PSYoungGen: 386048K(386048K)->992K(378368K) Eden: 385024K(385024K)->0K(377344K) From: 1024K(1024K)->992K(1024K)
[57.200s][info][gc,heap        ] GC(302) ParOldGen: 7979K(1398272K)->8131K(1398272K)
[57.200s][info][gc,metaspace   ] GC(302) Metaspace: 14339K(15232K)->14339K(15232K) NonClass: 12379K(12928K)->12379K(12928K) Class: 1959K(2304K)->1959K(2304K)
[57.200s][info][gc             ] GC(302) Pause Young (Allocation Failure) 384M->8M(1735M) 9.654ms
[57.200s][info][gc,cpu         ] GC(302) User=0.00s Sys=0.00s Real=0.01s
[57.443s][info][gc,start       ] GC(303) Pause Young (Allocation Failure)
[57.445s][info][gc,heap        ] GC(303) PSYoungGen: 378336K(378368K)->1024K(370688K) Eden: 377344K(377344K)->0K(369664K) From: 992K(1024K)->1024K(1024K)
[57.445s][info][gc,heap        ] GC(303) ParOldGen: 8131K(1398272K)->8227K(1398272K)
[57.445s][info][gc,metaspace   ] GC(303) Metaspace: 14339K(15232K)->14339K(15232K) NonClass: 12379K(12928K)->12379K(12928K) Class: 1959K(2304K)->1959K(2304K)
[57.445s][info][gc             ] GC(303) Pause Young (Allocation Failure) 377M->9M(1727M) 2.073ms
[57.445s][info][gc,cpu         ] GC(303) User=0.00s Sys=0.00s Real=0.00s
[57.686s][info][gc,start       ] GC(304) Pause Young (Allocation Failure)
[57.688s][info][gc,heap        ] GC(304) PSYoungGen: 370688K(370688K)->1024K(363520K) Eden: 369664K(369664K)->0K(362496K) From: 1024K(1024K)->1024K(1024K)
[57.688s][info][gc,heap        ] GC(304) ParOldGen: 8227K(1398272K)->8339K(1398272K)
[57.688s][info][gc,metaspace   ] GC(304) Metaspace: 14339K(15232K)->14339K(15232K) NonClass: 12379K(12928K)->12379K(12928K) Class: 1959K(2304K)->1959K(2304K)
[57.688s][info][gc             ] GC(304) Pause Young (Allocation Failure) 370M->9M(1720M) 2.173ms
[57.688s][info][gc,cpu         ] GC(304) User=0.00s Sys=0.00s Real=0.00s
[57.922s][info][gc,start       ] GC(305) Pause Young (Allocation Failure)
[57.924s][info][gc,heap        ] GC(305) PSYoungGen: 363520K(363520K)->1024K(356352K) Eden: 362496K(362496K)->0K(355328K) From: 1024K(1024K)->1024K(1024K)
[57.924s][info][gc,heap        ] GC(305) ParOldGen: 8339K(1398272K)->8451K(1398272K)
[57.924s][info][gc,metaspace   ] GC(305) Metaspace: 14339K(15232K)->14339K(15232K) NonClass: 12379K(12928K)->12379K(12928K) Class: 1959K(2304K)->1959K(2304K)
[57.925s][info][gc             ] GC(305) Pause Young (Allocation Failure) 363M->9M(1713M) 2.200ms
[57.925s][info][gc,cpu         ] GC(305) User=0.00s Sys=0.00s Real=0.00s
[58.156s][info][gc,start       ] GC(306) Pause Young (Allocation Failure)
[58.158s][info][gc,heap        ] GC(306) PSYoungGen: 356352K(356352K)->992K(349184K) Eden: 355328K(355328K)->0K(348160K) From: 1024K(1024K)->992K(1024K)
[58.158s][info][gc,heap        ] GC(306) ParOldGen: 8451K(1398272K)->8571K(1398272K)
[58.158s][info][gc,metaspace   ] GC(306) Metaspace: 14339K(15232K)->14339K(15232K) NonClass: 12379K(12928K)->12379K(12928K) Class: 1959K(2304K)->1959K(2304K)
[58.158s][info][gc             ] GC(306) Pause Young (Allocation Failure) 356M->9M(1706M) 2.218ms
[58.158s][info][gc,cpu         ] GC(306) User=0.00s Sys=0.00s Real=0.00s
[58.383s][info][gc,start       ] GC(307) Pause Young (Allocation Failure)
[58.385s][info][gc,heap        ] GC(307) PSYoungGen: 349152K(349184K)->1024K(342528K) Eden: 348160K(348160K)->0K(341504K) From: 992K(1024K)->1024K(1024K)
[58.385s][info][gc,heap        ] GC(307) ParOldGen: 8571K(1398272K)->8683K(1398272K)
[58.385s][info][gc,metaspace   ] GC(307) Metaspace: 14339K(15232K)->14339K(15232K) NonClass: 12379K(12928K)->12379K(12928K) Class: 1959K(2304K)->1959K(2304K)
[58.385s][info][gc             ] GC(307) Pause Young (Allocation Failure) 349M->9M(1700M) 2.205ms
[58.385s][info][gc,cpu         ] GC(307) User=0.00s Sys=0.00s Real=0.00s
[58.605s][info][gc,start       ] GC(308) Pause Young (Allocation Failure)
[58.607s][info][gc,heap        ] GC(308) PSYoungGen: 342528K(342528K)->1024K(335872K) Eden: 341504K(341504K)->0K(334848K) From: 1024K(1024K)->1024K(1024K)
[58.607s][info][gc,heap        ] GC(308) ParOldGen: 8683K(1398272K)->8771K(1398272K)
[58.607s][info][gc,metaspace   ] GC(308) Metaspace: 14339K(15232K)->14339K(15232K) NonClass: 12379K(12928K)->12379K(12928K) Class: 1959K(2304K)->1959K(2304K)
[58.607s][info][gc             ] GC(308) Pause Young (Allocation Failure) 342M->9M(1693M) 2.242ms
[58.607s][info][gc,cpu         ] GC(308) User=0.00s Sys=0.00s Real=0.00s
[58.824s][info][gc,start       ] GC(309) Pause Young (Allocation Failure)
[58.827s][info][gc,heap        ] GC(309) PSYoungGen: 335872K(335872K)->992K(329728K) Eden: 334848K(334848K)->0K(328704K) From: 1024K(1024K)->992K(1024K)
[58.827s][info][gc,heap        ] GC(309) ParOldGen: 8771K(1398272K)->8867K(1398272K)
[58.827s][info][gc,metaspace   ] GC(309) Metaspace: 14339K(15232K)->14339K(15232K) NonClass: 12379K(12928K)->12379K(12928K) Class: 1959K(2304K)->1959K(2304K)
[58.827s][info][gc             ] GC(309) Pause Young (Allocation Failure) 336M->9M(1687M) 2.311ms
[58.827s][info][gc,cpu         ] GC(309) User=0.00s Sys=0.00s Real=0.00s
[59.041s][info][gc,start       ] GC(310) Pause Young (Allocation Failure)
[59.043s][info][gc,heap        ] GC(310) PSYoungGen: 329696K(329728K)->1056K(324096K) Eden: 328704K(328704K)->0K(322560K) From: 992K(1024K)->1056K(1536K)
[59.043s][info][gc,heap        ] GC(310) ParOldGen: 8867K(1398272K)->8947K(1398272K)
[59.043s][info][gc,metaspace   ] GC(310) Metaspace: 14339K(15232K)->14339K(15232K) NonClass: 12379K(12928K)->12379K(12928K) Class: 1959K(2304K)->1959K(2304K)
[59.043s][info][gc             ] GC(310) Pause Young (Allocation Failure) 330M->9M(1682M) 2.268ms
[59.043s][info][gc,cpu         ] GC(310) User=0.00s Sys=0.00s Real=0.00s
[59.254s][info][gc,start       ] GC(311) Pause Young (Allocation Failure)
[59.257s][info][gc,heap        ] GC(311) PSYoungGen: 323616K(324096K)->992K(317952K) Eden: 322560K(322560K)->0K(316928K) From: 1056K(1536K)->992K(1024K)
[59.257s][info][gc,heap        ] GC(311) ParOldGen: 8947K(1398272K)->9051K(1398272K)
[59.257s][info][gc,metaspace   ] GC(311) Metaspace: 14339K(15232K)->14339K(15232K) NonClass: 12379K(12928K)->12379K(12928K) Class: 1959K(2304K)->1959K(2304K)
[59.257s][info][gc             ] GC(311) Pause Young (Allocation Failure) 324M->9M(1676M) 2.521ms
[59.257s][info][gc,cpu         ] GC(311) User=0.00s Sys=0.00s Real=0.00s
[59.461s][info][gc,start       ] GC(312) Pause Young (Allocation Failure)
[59.463s][info][gc,heap        ] GC(312) PSYoungGen: 317920K(317952K)->1024K(312320K) Eden: 316928K(316928K)->0K(311296K) From: 992K(1024K)->1024K(1024K)
[59.464s][info][gc,heap        ] GC(312) ParOldGen: 9051K(1398272K)->9163K(1398272K)
[59.464s][info][gc,metaspace   ] GC(312) Metaspace: 14339K(15232K)->14339K(15232K) NonClass: 12379K(12928K)->12379K(12928K) Class: 1959K(2304K)->1959K(2304K)
[59.464s][info][gc             ] GC(312) Pause Young (Allocation Failure) 319M->9M(1670M) 2.331ms
[59.464s][info][gc,cpu         ] GC(312) User=0.00s Sys=0.00s Real=0.00s
[59.668s][info][gc,start       ] GC(313) Pause Young (Allocation Failure)
[59.671s][info][gc,heap        ] GC(313) PSYoungGen: 312320K(312320K)->1024K(306688K) Eden: 311296K(311296K)->0K(305664K) From: 1024K(1024K)->1024K(1024K)
[59.671s][info][gc,heap        ] GC(313) ParOldGen: 9163K(1398272K)->9243K(1398272K)
[59.671s][info][gc,metaspace   ] GC(313) Metaspace: 14339K(15232K)->14339K(15232K) NonClass: 12379K(12928K)->12379K(12928K) Class: 1959K(2304K)->1959K(2304K)
[59.671s][info][gc             ] GC(313) Pause Young (Allocation Failure) 313M->10M(1665M) 2.425ms
[59.671s][info][gc,cpu         ] GC(313) User=0.00s Sys=0.00s Real=0.00s
[60.008s][info][gc,start       ] GC(314) Pause Young (Allocation Failure)
[60.011s][info][gc,heap        ] GC(314) PSYoungGen: 306688K(306688K)->960K(301568K) Eden: 305664K(305664K)->0K(300544K) From: 1024K(1024K)->960K(1024K)
[60.011s][info][gc,heap        ] GC(314) ParOldGen: 9243K(1398272K)->9323K(1398272K)
[60.011s][info][gc,metaspace   ] GC(314) Metaspace: 14339K(15232K)->14339K(15232K) NonClass: 12379K(12928K)->12379K(12928K) Class: 1959K(2304K)->1959K(2304K)
[60.011s][info][gc             ] GC(314) Pause Young (Allocation Failure) 308M->10M(1660M) 3.256ms
[60.011s][info][gc,cpu         ] GC(314) User=0.00s Sys=0.00s Real=0.00s
[60.222s][info][gc,start       ] GC(315) Pause Young (Allocation Failure)
[60.225s][info][gc,heap        ] GC(315) PSYoungGen: 301504K(301568K)->1024K(296448K) Eden: 300544K(300544K)->0K(295424K) From: 960K(1024K)->1024K(1024K)
[60.225s][info][gc,heap        ] GC(315) ParOldGen: 9323K(1398272K)->9411K(1398272K)
[60.225s][info][gc,metaspace   ] GC(315) Metaspace: 14339K(15232K)->14339K(15232K) NonClass: 12379K(12928K)->12379K(12928K) Class: 1959K(2304K)->1959K(2304K)
[60.225s][info][gc             ] GC(315) Pause Young (Allocation Failure) 303M->10M(1655M) 2.233ms
[60.225s][info][gc,cpu         ] GC(315) User=0.52s Sys=0.00s Real=0.00s
[60.426s][info][gc,start       ] GC(316) Pause Young (Allocation Failure)
[60.428s][info][gc,heap        ] GC(316) PSYoungGen: 296448K(296448K)->992K(291328K) Eden: 295424K(295424K)->0K(290304K) From: 1024K(1024K)->992K(1024K)
[60.428s][info][gc,heap        ] GC(316) ParOldGen: 9411K(1398272K)->9507K(1398272K)
[60.428s][info][gc,metaspace   ] GC(316) Metaspace: 14339K(15232K)->14339K(15232K) NonClass: 12379K(12928K)->12379K(12928K) Class: 1959K(2304K)->1959K(2304K)
[60.428s][info][gc             ] GC(316) Pause Young (Allocation Failure) 298M->10M(1650M) 2.062ms
[60.428s][info][gc,cpu         ] GC(316) User=0.52s Sys=0.00s Real=0.00s
[60.616s][info][gc,start       ] GC(317) Pause Young (Allocation Failure)
[60.618s][info][gc,heap        ] GC(317) PSYoungGen: 291296K(291328K)->1024K(286208K) Eden: 290304K(290304K)->0K(285184K) From: 992K(1024K)->1024K(1024K)
[60.618s][info][gc,heap        ] GC(317) ParOldGen: 9507K(1398272K)->9595K(1398272K)
[60.618s][info][gc,metaspace   ] GC(317) Metaspace: 14339K(15232K)->14339K(15232K) NonClass: 12379K(12928K)->12379K(12928K) Class: 1959K(2304K)->1959K(2304K)
[60.618s][info][gc             ] GC(317) Pause Young (Allocation Failure) 293M->10M(1645M) 2.092ms
[60.618s][info][gc,cpu         ] GC(317) User=0.00s Sys=0.00s Real=0.00s
[60.819s][info][gc,start       ] GC(318) Pause Young (Allocation Failure)
[60.821s][info][gc,heap        ] GC(318) PSYoungGen: 286208K(286208K)->1024K(281600K) Eden: 285184K(285184K)->0K(280576K) From: 1024K(1024K)->1024K(1024K)
[60.821s][info][gc,heap        ] GC(318) ParOldGen: 9595K(1398272K)->9675K(1398272K)
[60.821s][info][gc,metaspace   ] GC(318) Metaspace: 14339K(15232K)->14339K(15232K) NonClass: 12379K(12928K)->12379K(12928K) Class: 1959K(2304K)->1959K(2304K)
[60.821s][info][gc             ] GC(318) Pause Young (Allocation Failure) 288M->10M(1640M) 1.992ms
[60.821s][info][gc,cpu         ] GC(318) User=0.00s Sys=0.00s Real=0.00s
[61.008s][info][gc,start       ] GC(319) Pause Young (Allocation Failure)
[61.010s][info][gc,heap        ] GC(319) PSYoungGen: 281600K(281600K)->1024K(276992K) Eden: 280576K(280576K)->0K(275968K) From: 1024K(1024K)->1024K(1024K)
[61.010s][info][gc,heap        ] GC(319) ParOldGen: 9675K(1398272K)->9747K(1398272K)
[61.010s][info][gc,metaspace   ] GC(319) Metaspace: 14339K(15232K)->14339K(15232K) NonClass: 12379K(12928K)->12379K(12928K) Class: 1959K(2304K)->1959K(2304K)
[61.010s][info][gc             ] GC(319) Pause Young (Allocation Failure) 284M->10M(1636M) 2.014ms
[61.010s][info][gc,cpu         ] GC(319) User=0.00s Sys=0.00s Real=0.00s
[61.187s][info][gc,start       ] GC(320) Pause Young (Allocation Failure)
[61.189s][info][gc,heap        ] GC(320) PSYoungGen: 276992K(276992K)->1024K(272384K) Eden: 275968K(275968K)->0K(271360K) From: 1024K(1024K)->1024K(1024K)
[61.190s][info][gc,heap        ] GC(320) ParOldGen: 9747K(1398272K)->9827K(1398272K)
[61.190s][info][gc,metaspace   ] GC(320) Metaspace: 14339K(15232K)->14339K(15232K) NonClass: 12379K(12928K)->12379K(12928K) Class: 1959K(2304K)->1959K(2304K)
[61.190s][info][gc             ] GC(320) Pause Young (Allocation Failure) 280M->10M(1631M) 2.063ms
[61.190s][info][gc,cpu         ] GC(320) User=0.00s Sys=0.00s Real=0.00s
[61.367s][info][gc,start       ] GC(321) Pause Young (Allocation Failure)
[61.369s][info][gc,heap        ] GC(321) PSYoungGen: 272384K(272384K)->1024K(267776K) Eden: 271360K(271360K)->0K(266752K) From: 1024K(1024K)->1024K(1024K)
[61.369s][info][gc,heap        ] GC(321) ParOldGen: 9827K(1398272K)->9891K(1398272K)
[61.369s][info][gc,metaspace   ] GC(321) Metaspace: 14339K(15232K)->14339K(15232K) NonClass: 12379K(12928K)->12379K(12928K) Class: 1959K(2304K)->1959K(2304K)
[61.369s][info][gc             ] GC(321) Pause Young (Allocation Failure) 275M->10M(1627M) 2.038ms
[61.369s][info][gc,cpu         ] GC(321) User=0.00s Sys=0.00s Real=0.00s
[61.541s][info][gc,start       ] GC(322) Pause Young (Allocation Failure)
[61.543s][info][gc,heap        ] GC(322) PSYoungGen: 267776K(267776K)->1024K(263680K) Eden: 266752K(266752K)->0K(262656K) From: 1024K(1024K)->1024K(1024K)
[61.543s][info][gc,heap        ] GC(322) ParOldGen: 9891K(1398272K)->9971K(1398272K)
[61.543s][info][gc,metaspace   ] GC(322) Metaspace: 14339K(15232K)->14339K(15232K) NonClass: 12379K(12928K)->12379K(12928K) Class: 1959K(2304K)->1959K(2304K)
[61.543s][info][gc             ] GC(322) Pause Young (Allocation Failure) 271M->10M(1623M) 2.077ms
[61.543s][info][gc,cpu         ] GC(322) User=0.00s Sys=0.00s Real=0.00s
[61.714s][info][gc,start       ] GC(323) Pause Young (Allocation Failure)
[61.716s][info][gc,heap        ] GC(323) PSYoungGen: 263680K(263680K)->1024K(316416K) Eden: 262656K(262656K)->0K(315392K) From: 1024K(1024K)->1024K(1024K)
[61.716s][info][gc,heap        ] GC(323) ParOldGen: 9971K(1398272K)->10027K(1398272K)
[61.716s][info][gc,metaspace   ] GC(323) Metaspace: 14339K(15232K)->14339K(15232K) NonClass: 12379K(12928K)->12379K(12928K) Class: 1959K(2304K)->1959K(2304K)
[61.716s][info][gc             ] GC(323) Pause Young (Allocation Failure) 267M->10M(1674M) 2.085ms
[61.716s][info][gc,cpu         ] GC(323) User=0.00s Sys=0.00s Real=0.00s
[61.921s][info][gc,start       ] GC(324) Pause Young (Allocation Failure)
[61.923s][info][gc,heap        ] GC(324) PSYoungGen: 316416K(316416K)->992K(310784K) Eden: 315392K(315392K)->0K(309760K) From: 1024K(1024K)->992K(1024K)
[61.923s][info][gc,heap        ] GC(324) ParOldGen: 10027K(1398272K)->10107K(1398272K)
[61.923s][info][gc,metaspace   ] GC(324) Metaspace: 14339K(15232K)->14339K(15232K) NonClass: 12379K(12928K)->12379K(12928K) Class: 1959K(2304K)->1959K(2304K)
[61.923s][info][gc             ] GC(324) Pause Young (Allocation Failure) 318M->10M(1669M) 2.210ms
[61.923s][info][gc,cpu         ] GC(324) User=0.00s Sys=0.00s Real=0.00s
[62.120s][info][gc,start       ] GC(325) Pause Young (Allocation Failure)
[62.122s][info][gc,heap        ] GC(325) PSYoungGen: 310752K(310784K)->1024K(305152K) Eden: 309760K(309760K)->0K(304128K) From: 992K(1024K)->1024K(1024K)
[62.122s][info][gc,heap        ] GC(325) ParOldGen: 10107K(1398272K)->10219K(1398272K)
[62.122s][info][gc,metaspace   ] GC(325) Metaspace: 14339K(15232K)->14339K(15232K) NonClass: 12379K(12928K)->12379K(12928K) Class: 1959K(2304K)->1959K(2304K)
[62.122s][info][gc             ] GC(325) Pause Young (Allocation Failure) 313M->10M(1663M) 2.224ms
[62.122s][info][gc,cpu         ] GC(325) User=0.00s Sys=0.00s Real=0.00s
[62.319s][info][gc,start       ] GC(326) Pause Young (Allocation Failure)
[62.322s][info][gc,heap        ] GC(326) PSYoungGen: 305152K(305152K)->1024K(366080K) Eden: 304128K(304128K)->0K(365056K) From: 1024K(1024K)->1024K(1024K)
[62.322s][info][gc,heap        ] GC(326) ParOldGen: 10219K(1398272K)->10299K(1398272K)
[62.322s][info][gc,metaspace   ] GC(326) Metaspace: 14339K(15232K)->14339K(15232K) NonClass: 12379K(12928K)->12379K(12928K) Class: 1959K(2304K)->1959K(2304K)
[62.322s][info][gc             ] GC(326) Pause Young (Allocation Failure) 307M->11M(1723M) 2.279ms
[62.322s][info][gc,cpu         ] GC(326) User=0.00s Sys=0.00s Real=0.00s
[62.558s][info][gc,start       ] GC(327) Pause Young (Allocation Failure)
[62.560s][info][gc,heap        ] GC(327) PSYoungGen: 366080K(366080K)->992K(358912K) Eden: 365056K(365056K)->0K(357888K) From: 1024K(1024K)->992K(1024K)
[62.560s][info][gc,heap        ] GC(327) ParOldGen: 10299K(1398272K)->10403K(1398272K)
[62.560s][info][gc,metaspace   ] GC(327) Metaspace: 14339K(15232K)->14339K(15232K) NonClass: 12379K(12928K)->12379K(12928K) Class: 1959K(2304K)->1959K(2304K)
[62.560s][info][gc             ] GC(327) Pause Young (Allocation Failure) 367M->11M(1716M) 2.389ms
[62.560s][info][gc,cpu         ] GC(327) User=0.00s Sys=0.00s Real=0.00s
[62.793s][info][gc,start       ] GC(328) Pause Young (Allocation Failure)
[62.795s][info][gc,heap        ] GC(328) PSYoungGen: 358880K(358912K)->1024K(351744K) Eden: 357888K(357888K)->0K(350720K) From: 992K(1024K)->1024K(1024K)
[62.795s][info][gc,heap        ] GC(328) ParOldGen: 10403K(1398272K)->10507K(1398272K)
[62.795s][info][gc,metaspace   ] GC(328) Metaspace: 14339K(15232K)->14339K(15232K) NonClass: 12379K(12928K)->12379K(12928K) Class: 1959K(2304K)->1959K(2304K)
[62.795s][info][gc             ] GC(328) Pause Young (Allocation Failure) 360M->11M(1709M) 2.427ms
[62.796s][info][gc,cpu         ] GC(328) User=0.00s Sys=0.00s Real=0.00s
[63.022s][info][gc,start       ] GC(329) Pause Young (Allocation Failure)
[63.025s][info][gc,heap        ] GC(329) PSYoungGen: 351744K(351744K)->1024K(345088K) Eden: 350720K(350720K)->0K(344064K) From: 1024K(1024K)->1024K(1024K)
[63.025s][info][gc,heap        ] GC(329) ParOldGen: 10507K(1398272K)->10603K(1398272K)
[63.025s][info][gc,metaspace   ] GC(329) Metaspace: 14339K(15232K)->14339K(15232K) NonClass: 12379K(12928K)->12379K(12928K) Class: 1959K(2304K)->1959K(2304K)
[63.025s][info][gc             ] GC(329) Pause Young (Allocation Failure) 353M->11M(1702M) 2.411ms
[63.025s][info][gc,cpu         ] GC(329) User=0.00s Sys=0.00s Real=0.00s
[63.248s][info][gc,start       ] GC(330) Pause Young (Allocation Failure)
[63.250s][info][gc,heap        ] GC(330) PSYoungGen: 345088K(345088K)->992K(338432K) Eden: 344064K(344064K)->0K(337408K) From: 1024K(1024K)->992K(1024K)
[63.250s][info][gc,heap        ] GC(330) ParOldGen: 10603K(1398272K)->10723K(1398272K)
[63.250s][info][gc,metaspace   ] GC(330) Metaspace: 14339K(15232K)->14339K(15232K) NonClass: 12379K(12928K)->12379K(12928K) Class: 1959K(2304K)->1959K(2304K)
[63.250s][info][gc             ] GC(330) Pause Young (Allocation Failure) 347M->11M(1696M) 2.519ms
[63.250s][info][gc,cpu         ] GC(330) User=0.00s Sys=0.00s Real=0.00s
[63.470s][info][gc,start       ] GC(331) Pause Young (Allocation Failure)
[63.473s][info][gc,heap        ] GC(331) PSYoungGen: 338400K(338432K)->992K(332288K) Eden: 337408K(337408K)->0K(331264K) From: 992K(1024K)->992K(1024K)
[63.473s][info][gc,heap        ] GC(331) ParOldGen: 10723K(1398272K)->10795K(1398272K)
[63.473s][info][gc,metaspace   ] GC(331) Metaspace: 14339K(15232K)->14339K(15232K) NonClass: 12379K(12928K)->12379K(12928K) Class: 1959K(2304K)->1959K(2304K)
[63.473s][info][gc             ] GC(331) Pause Young (Allocation Failure) 340M->11M(1690M) 2.509ms
[63.473s][info][gc,cpu         ] GC(331) User=0.00s Sys=0.00s Real=0.00s
[63.834s][info][gc,start       ] GC(332) Pause Young (Allocation Failure)
[63.837s][info][gc,heap        ] GC(332) PSYoungGen: 332256K(332288K)->1024K(326144K) Eden: 331264K(331264K)->0K(325120K) From: 992K(1024K)->1024K(1024K)
[63.837s][info][gc,heap        ] GC(332) ParOldGen: 10795K(1398272K)->10875K(1398272K)
[63.837s][info][gc,metaspace   ] GC(332) Metaspace: 14339K(15232K)->14339K(15232K) NonClass: 12379K(12928K)->12379K(12928K) Class: 1959K(2304K)->1959K(2304K)
[63.837s][info][gc             ] GC(332) Pause Young (Allocation Failure) 335M->11M(1684M) 3.357ms
[63.837s][info][gc,cpu         ] GC(332) User=0.00s Sys=0.00s Real=0.00s
[64.064s][info][gc,start       ] GC(333) Pause Young (Allocation Failure)
[64.067s][info][gc,heap        ] GC(333) PSYoungGen: 326144K(326144K)->992K(320000K) Eden: 325120K(325120K)->0K(318976K) From: 1024K(1024K)->992K(1024K)
[64.067s][info][gc,heap        ] GC(333) ParOldGen: 10875K(1398272K)->10979K(1398272K)
[64.067s][info][gc,metaspace   ] GC(333) Metaspace: 14339K(15232K)->14339K(15232K) NonClass: 12379K(12928K)->12379K(12928K) Class: 1959K(2304K)->1959K(2304K)
[64.067s][info][gc             ] GC(333) Pause Young (Allocation Failure) 329M->11M(1678M) 2.311ms
[64.067s][info][gc,cpu         ] GC(333) User=0.00s Sys=0.00s Real=0.00s
[64.283s][info][gc,start       ] GC(334) Pause Young (Allocation Failure)
[64.285s][info][gc,heap        ] GC(334) PSYoungGen: 319968K(320000K)->1024K(314368K) Eden: 318976K(318976K)->0K(313344K) From: 992K(1024K)->1024K(1024K)
[64.285s][info][gc,heap        ] GC(334) ParOldGen: 10979K(1398272K)->11075K(1398272K)
[64.285s][info][gc,metaspace   ] GC(334) Metaspace: 14339K(15232K)->14339K(15232K) NonClass: 12379K(12928K)->12379K(12928K) Class: 1959K(2304K)->1959K(2304K)
[64.285s][info][gc             ] GC(334) Pause Young (Allocation Failure) 323M->11M(1672M) 2.211ms
[64.285s][info][gc,cpu         ] GC(334) User=0.00s Sys=0.00s Real=0.00s
[64.491s][info][gc,start       ] GC(335) Pause Young (Allocation Failure)
[64.493s][info][gc,heap        ] GC(335) PSYoungGen: 314368K(314368K)->992K(308736K) Eden: 313344K(313344K)->0K(307712K) From: 1024K(1024K)->992K(1024K)
[64.493s][info][gc,heap        ] GC(335) ParOldGen: 11075K(1398272K)->11167K(1398272K)
[64.493s][info][gc,metaspace   ] GC(335) Metaspace: 14339K(15232K)->14339K(15232K) NonClass: 12379K(12928K)->12379K(12928K) Class: 1959K(2304K)->1959K(2304K)
[64.493s][info][gc             ] GC(335) Pause Young (Allocation Failure) 317M->11M(1667M) 2.237ms
[64.493s][info][gc,cpu         ] GC(335) User=0.00s Sys=0.00s Real=0.00s
[64.718s][info][gc,start       ] GC(336) Pause Young (Allocation Failure)
[64.721s][info][gc,heap        ] GC(336) PSYoungGen: 308704K(308736K)->1024K(303104K) Eden: 307712K(307712K)->0K(302080K) From: 992K(1024K)->1024K(1024K)
[64.721s][info][gc,heap        ] GC(336) ParOldGen: 11167K(1398272K)->11271K(1398272K)
[64.721s][info][gc,metaspace   ] GC(336) Metaspace: 14339K(15232K)->14339K(15232K) NonClass: 12379K(12928K)->12379K(12928K) Class: 1959K(2304K)->1959K(2304K)
[64.721s][info][gc             ] GC(336) Pause Young (Allocation Failure) 312M->12M(1661M) 2.139ms
[64.721s][info][gc,cpu         ] GC(336) User=0.00s Sys=0.00s Real=0.00s
[64.920s][info][gc,start       ] GC(337) Pause Young (Allocation Failure)
[64.922s][info][gc,heap        ] GC(337) PSYoungGen: 303104K(303104K)->1024K(297984K) Eden: 302080K(302080K)->0K(296960K) From: 1024K(1024K)->1024K(1024K)
[64.922s][info][gc,heap        ] GC(337) ParOldGen: 11271K(1398272K)->11367K(1398272K)
[64.922s][info][gc,metaspace   ] GC(337) Metaspace: 14339K(15232K)->14339K(15232K) NonClass: 12379K(12928K)->12379K(12928K) Class: 1959K(2304K)->1959K(2304K)
[64.922s][info][gc             ] GC(337) Pause Young (Allocation Failure) 307M->12M(1656M) 2.065ms
[64.922s][info][gc,cpu         ] GC(337) User=0.00s Sys=0.00s Real=0.00s
[65.116s][info][gc,start       ] GC(338) Pause Young (Allocation Failure)
[65.118s][info][gc,heap        ] GC(338) PSYoungGen: 297984K(297984K)->1024K(292864K) Eden: 296960K(296960K)->0K(291840K) From: 1024K(1024K)->1024K(1024K)
[65.118s][info][gc,heap        ] GC(338) ParOldGen: 11367K(1398272K)->11463K(1398272K)
[65.118s][info][gc,metaspace   ] GC(338) Metaspace: 14339K(15232K)->14339K(15232K) NonClass: 12379K(12928K)->12379K(12928K) Class: 1959K(2304K)->1959K(2304K)
[65.118s][info][gc             ] GC(338) Pause Young (Allocation Failure) 302M->12M(1651M) 2.117ms
[65.118s][info][gc,cpu         ] GC(338) User=0.00s Sys=0.00s Real=0.00s
[65.306s][info][gc,start       ] GC(339) Pause Young (Allocation Failure)
[65.308s][info][gc,heap        ] GC(339) PSYoungGen: 292864K(292864K)->1024K(287744K) Eden: 291840K(291840K)->0K(286720K) From: 1024K(1024K)->1024K(1024K)
[65.308s][info][gc,heap        ] GC(339) ParOldGen: 11463K(1398272K)->11535K(1398272K)
[65.308s][info][gc,metaspace   ] GC(339) Metaspace: 14339K(15232K)->14339K(15232K) NonClass: 12379K(12928K)->12379K(12928K) Class: 1959K(2304K)->1959K(2304K)
[65.308s][info][gc             ] GC(339) Pause Young (Allocation Failure) 297M->12M(1646M) 2.160ms
[65.309s][info][gc,cpu         ] GC(339) User=0.00s Sys=0.00s Real=0.00s
[65.490s][info][gc,start       ] GC(340) Pause Young (Allocation Failure)
[65.492s][info][gc,heap        ] GC(340) PSYoungGen: 287744K(287744K)->992K(283136K) Eden: 286720K(286720K)->0K(282112K) From: 1024K(1024K)->992K(1024K)
[65.492s][info][gc,heap        ] GC(340) ParOldGen: 11535K(1398272K)->11647K(1398272K)
[65.492s][info][gc,metaspace   ] GC(340) Metaspace: 14339K(15232K)->14339K(15232K) NonClass: 12379K(12928K)->12379K(12928K) Class: 1959K(2304K)->1959K(2304K)
[65.492s][info][gc             ] GC(340) Pause Young (Allocation Failure) 292M->12M(1642M) 2.157ms
[65.492s][info][gc,cpu         ] GC(340) User=0.00s Sys=0.00s Real=0.00s
[65.666s][info][gc,start       ] GC(341) Pause Young (Allocation Failure)
[65.668s][info][gc,heap        ] GC(341) PSYoungGen: 283104K(283136K)->1024K(339968K) Eden: 282112K(282112K)->0K(338944K) From: 992K(1024K)->1024K(1024K)
[65.668s][info][gc,heap        ] GC(341) ParOldGen: 11647K(1398272K)->11727K(1398272K)
[65.668s][info][gc,metaspace   ] GC(341) Metaspace: 14339K(15232K)->14339K(15232K) NonClass: 12379K(12928K)->12379K(12928K) Class: 1959K(2304K)->1959K(2304K)
[65.668s][info][gc             ] GC(341) Pause Young (Allocation Failure) 287M->12M(1697M) 2.199ms
[65.668s][info][gc,cpu         ] GC(341) User=0.00s Sys=0.00s Real=0.00s
[65.880s][info][gc,start       ] GC(342) Pause Young (Allocation Failure)
[65.882s][info][gc,heap        ] GC(342) PSYoungGen: 339968K(339968K)->992K(390656K) Eden: 338944K(338944K)->0K(389120K) From: 1024K(1024K)->992K(1536K)
[65.882s][info][gc,heap        ] GC(342) ParOldGen: 11727K(1398272K)->11799K(1398272K)
[65.882s][info][gc,metaspace   ] GC(342) Metaspace: 14339K(15232K)->14339K(15232K) NonClass: 12379K(12928K)->12379K(12928K) Class: 1959K(2304K)->1959K(2304K)
[65.882s][info][gc             ] GC(342) Pause Young (Allocation Failure) 343M->12M(1747M) 2.330ms
[65.882s][info][gc,cpu         ] GC(342) User=0.00s Sys=0.02s Real=0.00s
[66.130s][info][gc,start       ] GC(343) Pause Young (Allocation Failure)
[66.133s][info][gc,heap        ] GC(343) PSYoungGen: 390112K(390656K)->1024K(381952K) Eden: 389120K(389120K)->0K(380928K) From: 992K(1536K)->1024K(1024K)
[66.133s][info][gc,heap        ] GC(343) ParOldGen: 11799K(1398272K)->11911K(1398272K)
[66.133s][info][gc,metaspace   ] GC(343) Metaspace: 14339K(15232K)->14339K(15232K) NonClass: 12379K(12928K)->12379K(12928K) Class: 1959K(2304K)->1959K(2304K)
[66.133s][info][gc             ] GC(343) Pause Young (Allocation Failure) 392M->12M(1738M) 2.567ms
[66.133s][info][gc,cpu         ] GC(343) User=0.00s Sys=0.00s Real=0.00s
[66.368s][info][gc,start       ] GC(344) Pause Young (Allocation Failure)
[66.370s][info][gc,heap        ] GC(344) PSYoungGen: 381952K(381952K)->928K(374272K) Eden: 380928K(380928K)->0K(373248K) From: 1024K(1024K)->928K(1024K)
[66.370s][info][gc,heap        ] GC(344) ParOldGen: 11911K(1398272K)->12031K(1398272K)
[66.370s][info][gc,metaspace   ] GC(344) Metaspace: 14339K(15232K)->14339K(15232K) NonClass: 12379K(12928K)->12379K(12928K) Class: 1959K(2304K)->1959K(2304K)
[66.370s][info][gc             ] GC(344) Pause Young (Allocation Failure) 384M->12M(1731M) 2.409ms
[66.370s][info][gc,cpu         ] GC(344) User=0.00s Sys=0.00s Real=0.00s
[66.633s][info][gc,start       ] GC(345) Pause Young (Allocation Failure)
[66.636s][info][gc,heap        ] GC(345) PSYoungGen: 374176K(374272K)->896K(366592K) Eden: 373248K(373248K)->0K(365568K) From: 928K(1024K)->896K(1024K)
[66.636s][info][gc,heap        ] GC(345) ParOldGen: 12031K(1398272K)->12127K(1398272K)
[66.636s][info][gc,metaspace   ] GC(345) Metaspace: 14339K(15232K)->14339K(15232K) NonClass: 12379K(12928K)->12379K(12928K) Class: 1959K(2304K)->1959K(2304K)
[66.636s][info][gc             ] GC(345) Pause Young (Allocation Failure) 377M->12M(1723M) 3.139ms
[66.636s][info][gc,cpu         ] GC(345) User=0.00s Sys=0.00s Real=0.00s
[66.893s][info][gc,start       ] GC(346) Pause Young (System.gc())
[66.895s][info][gc,heap        ] GC(346) PSYoungGen: 342158K(366592K)->576K(366592K) Eden: 341262K(365568K)->0K(365568K) From: 896K(1024K)->576K(1024K)
[66.895s][info][gc,heap        ] GC(346) ParOldGen: 12127K(1398272K)->12191K(1398272K)
[66.895s][info][gc,metaspace   ] GC(346) Metaspace: 14339K(15232K)->14339K(15232K) NonClass: 12380K(12928K)->12380K(12928K) Class: 1959K(2304K)->1959K(2304K)
[66.895s][info][gc             ] GC(346) Pause Young (System.gc()) 345M->12M(1723M) 2.541ms
[66.895s][info][gc,cpu         ] GC(346) User=0.02s Sys=0.00s Real=0.00s
[66.895s][info][gc,start       ] GC(347) Pause Full (System.gc())
[66.895s][info][gc,phases,start] GC(347) Marking Phase
[66.912s][info][gc,phases      ] GC(347) Marking Phase 16.600ms
[66.912s][info][gc,phases,start] GC(347) Summary Phase
[66.912s][info][gc,phases      ] GC(347) Summary Phase 0.022ms
[66.912s][info][gc,phases,start] GC(347) Adjust Roots
[66.918s][info][gc,phases      ] GC(347) Adjust Roots 5.612ms
[66.918s][info][gc,phases,start] GC(347) Compaction Phase
[66.920s][info][gc,phases      ] GC(347) Compaction Phase 2.400ms
[66.920s][info][gc,phases,start] GC(347) Post Compact
[66.921s][info][gc,phases      ] GC(347) Post Compact 0.479ms
[66.921s][info][gc,heap        ] GC(347) PSYoungGen: 576K(366592K)->0K(366592K) Eden: 0K(365568K)->0K(365568K) From: 576K(1024K)->0K(1024K)
[66.921s][info][gc,heap        ] GC(347) ParOldGen: 12191K(1398272K)->5374K(1398272K)
[66.921s][info][gc,metaspace   ] GC(347) Metaspace: 14339K(15232K)->14339K(15232K) NonClass: 12380K(12928K)->12380K(12928K) Class: 1959K(2304K)->1959K(2304K)
[66.921s][info][gc             ] GC(347) Pause Full (System.gc()) 12M->5M(1723M) 25.382ms
[66.921s][info][gc,cpu         ] GC(347) User=0.02s Sys=0.00s Real=0.03s
[67.230s][info][gc,start       ] GC(348) Pause Young (Allocation Failure)
[67.232s][info][gc,heap        ] GC(348) PSYoungGen: 365568K(366592K)->1536K(359936K) Eden: 365568K(365568K)->0K(358400K) From: 0K(1024K)->1536K(1536K)
[67.232s][info][gc,heap        ] GC(348) ParOldGen: 5374K(1398272K)->5580K(1398272K)
[67.232s][info][gc,metaspace   ] GC(348) Metaspace: 14340K(15232K)->14340K(15232K) NonClass: 12381K(12928K)->12381K(12928K) Class: 1959K(2304K)->1959K(2304K)
[67.232s][info][gc             ] GC(348) Pause Young (Allocation Failure) 362M->6M(1717M) 2.119ms
[67.232s][info][gc,cpu         ] GC(348) User=0.00s Sys=0.00s Real=0.00s
[67.435s][info][gc,start       ] GC(349) Pause Young (Allocation Failure)
[67.437s][info][gc,heap        ] GC(349) PSYoungGen: 359936K(359936K)->1024K(352256K) Eden: 358400K(358400K)->0K(351232K) From: 1536K(1536K)->1024K(1024K)
[67.437s][info][gc,heap        ] GC(349) ParOldGen: 5580K(1398272K)->7080K(1398272K)
[67.437s][info][gc,metaspace   ] GC(349) Metaspace: 14340K(15232K)->14340K(15232K) NonClass: 12381K(12928K)->12381K(12928K) Class: 1959K(2304K)->1959K(2304K)
[67.437s][info][gc             ] GC(349) Pause Young (Allocation Failure) 356M->7M(1709M) 2.010ms
[67.437s][info][gc,cpu         ] GC(349) User=0.00s Sys=0.00s Real=0.00s
[67.666s][info][gc,start       ] GC(350) Pause Young (Allocation Failure)
[67.668s][info][gc,heap        ] GC(350) PSYoungGen: 352256K(352256K)->1024K(345600K) Eden: 351232K(351232K)->0K(344576K) From: 1024K(1024K)->1024K(1024K)
[67.668s][info][gc,heap        ] GC(350) ParOldGen: 7080K(1398272K)->7136K(1398272K)
[67.668s][info][gc,metaspace   ] GC(350) Metaspace: 14340K(15232K)->14340K(15232K) NonClass: 12381K(12928K)->12381K(12928K) Class: 1959K(2304K)->1959K(2304K)
[67.668s][info][gc             ] GC(350) Pause Young (Allocation Failure) 350M->7M(1703M) 2.069ms
[67.668s][info][gc,cpu         ] GC(350) User=0.00s Sys=0.00s Real=0.00s
[67.888s][info][gc,start       ] GC(351) Pause Young (Allocation Failure)
[67.890s][info][gc,heap        ] GC(351) PSYoungGen: 345600K(345600K)->1024K(338944K) Eden: 344576K(344576K)->0K(337920K) From: 1024K(1024K)->1024K(1024K)
[67.890s][info][gc,heap        ] GC(351) ParOldGen: 7136K(1398272K)->7264K(1398272K)
[67.890s][info][gc,metaspace   ] GC(351) Metaspace: 14340K(15232K)->14340K(15232K) NonClass: 12381K(12928K)->12381K(12928K) Class: 1959K(2304K)->1959K(2304K)
[67.890s][info][gc             ] GC(351) Pause Young (Allocation Failure) 344M->8M(1696M) 2.055ms
[67.890s][info][gc,cpu         ] GC(351) User=0.00s Sys=0.00s Real=0.00s
[68.108s][info][gc,start       ] GC(352) Pause Young (Allocation Failure)
[68.110s][info][gc,heap        ] GC(352) PSYoungGen: 338944K(338944K)->1024K(332800K) Eden: 337920K(337920K)->0K(331776K) From: 1024K(1024K)->1024K(1024K)
[68.110s][info][gc,heap        ] GC(352) ParOldGen: 7264K(1398272K)->7368K(1398272K)
[68.110s][info][gc,metaspace   ] GC(352) Metaspace: 14340K(15232K)->14340K(15232K) NonClass: 12381K(12928K)->12381K(12928K) Class: 1959K(2304K)->1959K(2304K)
[68.110s][info][gc             ] GC(352) Pause Young (Allocation Failure) 338M->8M(1690M) 2.099ms
[68.110s][info][gc,cpu         ] GC(352) User=0.00s Sys=0.00s Real=0.00s
[68.326s][info][gc,start       ] GC(353) Pause Young (Allocation Failure)
[68.328s][info][gc,heap        ] GC(353) PSYoungGen: 332800K(332800K)->1024K(326656K) Eden: 331776K(331776K)->0K(325632K) From: 1024K(1024K)->1024K(1024K)
[68.329s][info][gc,heap        ] GC(353) ParOldGen: 7368K(1398272K)->7488K(1398272K)
[68.329s][info][gc,metaspace   ] GC(353) Metaspace: 14340K(15232K)->14340K(15232K) NonClass: 12381K(12928K)->12381K(12928K) Class: 1959K(2304K)->1959K(2304K)
[68.329s][info][gc             ] GC(353) Pause Young (Allocation Failure) 332M->8M(1684M) 2.198ms
[68.329s][info][gc,cpu         ] GC(353) User=0.00s Sys=0.00s Real=0.00s
[68.539s][info][gc,start       ] GC(354) Pause Young (Allocation Failure)
[68.541s][info][gc,heap        ] GC(354) PSYoungGen: 326656K(326656K)->1024K(320512K) Eden: 325632K(325632K)->0K(319488K) From: 1024K(1024K)->1024K(1024K)
[68.541s][info][gc,heap        ] GC(354) ParOldGen: 7488K(1398272K)->7584K(1398272K)
[68.541s][info][gc,metaspace   ] GC(354) Metaspace: 14340K(15232K)->14340K(15232K) NonClass: 12381K(12928K)->12381K(12928K) Class: 1959K(2304K)->1959K(2304K)
[68.541s][info][gc             ] GC(354) Pause Young (Allocation Failure) 326M->8M(1678M) 2.250ms
[68.541s][info][gc,cpu         ] GC(354) User=0.00s Sys=0.00s Real=0.00s
[68.750s][info][gc,start       ] GC(355) Pause Young (Allocation Failure)
[68.752s][info][gc,heap        ] GC(355) PSYoungGen: 320512K(320512K)->1024K(314880K) Eden: 319488K(319488K)->0K(313856K) From: 1024K(1024K)->1024K(1024K)
[68.752s][info][gc,heap        ] GC(355) ParOldGen: 7584K(1398272K)->7680K(1398272K)
[68.752s][info][gc,metaspace   ] GC(355) Metaspace: 14340K(15232K)->14340K(15232K) NonClass: 12381K(12928K)->12381K(12928K) Class: 1959K(2304K)->1959K(2304K)
[68.752s][info][gc             ] GC(355) Pause Young (Allocation Failure) 320M->8M(1673M) 2.208ms
[68.752s][info][gc,cpu         ] GC(355) User=0.00s Sys=0.00s Real=0.00s
[68.952s][info][gc,start       ] GC(356) Pause Young (Allocation Failure)
[68.954s][info][gc,heap        ] GC(356) PSYoungGen: 314880K(314880K)->992K(309248K) Eden: 313856K(313856K)->0K(308224K) From: 1024K(1024K)->992K(1024K)
[68.954s][info][gc,heap        ] GC(356) ParOldGen: 7680K(1398272K)->7784K(1398272K)
[68.954s][info][gc,metaspace   ] GC(356) Metaspace: 14340K(15232K)->14340K(15232K) NonClass: 12381K(12928K)->12381K(12928K) Class: 1959K(2304K)->1959K(2304K)
[68.954s][info][gc             ] GC(356) Pause Young (Allocation Failure) 315M->8M(1667M) 2.283ms
[68.954s][info][gc,cpu         ] GC(356) User=0.00s Sys=0.00s Real=0.00s
[69.155s][info][gc,start       ] GC(357) Pause Young (Allocation Failure)
[69.157s][info][gc,heap        ] GC(357) PSYoungGen: 309216K(309248K)->1024K(303616K) Eden: 308224K(308224K)->0K(302592K) From: 992K(1024K)->1024K(1024K)
[69.157s][info][gc,heap        ] GC(357) ParOldGen: 7784K(1398272K)->7872K(1398272K)
[69.157s][info][gc,metaspace   ] GC(357) Metaspace: 14340K(15232K)->14340K(15232K) NonClass: 12381K(12928K)->12381K(12928K) Class: 1959K(2304K)->1959K(2304K)
[69.157s][info][gc             ] GC(357) Pause Young (Allocation Failure) 309M->8M(1662M) 2.304ms
[69.157s][info][gc,cpu         ] GC(357) User=0.00s Sys=0.00s Real=0.00s
[69.351s][info][gc,start       ] GC(358) Pause Young (Allocation Failure)
[69.353s][info][gc,heap        ] GC(358) PSYoungGen: 303616K(303616K)->992K(298496K) Eden: 302592K(302592K)->0K(297472K) From: 1024K(1024K)->992K(1024K)
[69.353s][info][gc,heap        ] GC(358) ParOldGen: 7872K(1398272K)->7952K(1398272K)
[69.353s][info][gc,metaspace   ] GC(358) Metaspace: 14340K(15232K)->14340K(15232K) NonClass: 12381K(12928K)->12381K(12928K) Class: 1959K(2304K)->1959K(2304K)
[69.354s][info][gc             ] GC(358) Pause Young (Allocation Failure) 304M->8M(1657M) 2.365ms
[69.354s][info][gc,cpu         ] GC(358) User=0.00s Sys=0.00s Real=0.00s
[69.544s][info][gc,start       ] GC(359) Pause Young (Allocation Failure)
[69.546s][info][gc,heap        ] GC(359) PSYoungGen: 298464K(298496K)->1024K(358400K) Eden: 297472K(297472K)->0K(357376K) From: 992K(1024K)->1024K(1024K)
[69.546s][info][gc,heap        ] GC(359) ParOldGen: 7952K(1398272K)->8048K(1398272K)
[69.546s][info][gc,metaspace   ] GC(359) Metaspace: 14340K(15232K)->14340K(15232K) NonClass: 12381K(12928K)->12381K(12928K) Class: 1959K(2304K)->1959K(2304K)
[69.546s][info][gc             ] GC(359) Pause Young (Allocation Failure) 299M->8M(1715M) 2.353ms
[69.546s][info][gc,cpu         ] GC(359) User=0.00s Sys=0.00s Real=0.00s
[69.777s][info][gc,start       ] GC(360) Pause Young (Allocation Failure)
[69.779s][info][gc,heap        ] GC(360) PSYoungGen: 358400K(358400K)->992K(351232K) Eden: 357376K(357376K)->0K(350208K) From: 1024K(1024K)->992K(1024K)
[69.779s][info][gc,heap        ] GC(360) ParOldGen: 8048K(1398272K)->8136K(1398272K)
[69.779s][info][gc,metaspace   ] GC(360) Metaspace: 14340K(15232K)->14340K(15232K) NonClass: 12381K(12928K)->12381K(12928K) Class: 1959K(2304K)->1959K(2304K)
[69.779s][info][gc             ] GC(360) Pause Young (Allocation Failure) 357M->8M(1708M) 2.470ms
[69.779s][info][gc,cpu         ] GC(360) User=0.00s Sys=0.00s Real=0.00s
[70.006s][info][gc,start       ] GC(361) Pause Young (Allocation Failure)
[70.009s][info][gc,heap        ] GC(361) PSYoungGen: 351200K(351232K)->992K(344576K) Eden: 350208K(350208K)->0K(343552K) From: 992K(1024K)->992K(1024K)
[70.009s][info][gc,heap        ] GC(361) ParOldGen: 8136K(1398272K)->8256K(1398272K)
[70.009s][info][gc,metaspace   ] GC(361) Metaspace: 14340K(15232K)->14340K(15232K) NonClass: 12381K(12928K)->12381K(12928K) Class: 1959K(2304K)->1959K(2304K)
[70.009s][info][gc             ] GC(361) Pause Young (Allocation Failure) 350M->9M(1702M) 2.467ms
[70.009s][info][gc,cpu         ] GC(361) User=0.00s Sys=0.00s Real=0.00s
[70.356s][info][gc,start       ] GC(362) Pause Young (Allocation Failure)
[70.359s][info][gc,heap        ] GC(362) PSYoungGen: 344544K(344576K)->928K(337920K) Eden: 343552K(343552K)->0K(336896K) From: 992K(1024K)->928K(1024K)
[70.359s][info][gc,heap        ] GC(362) ParOldGen: 8256K(1398272K)->8336K(1398272K)
[70.359s][info][gc,metaspace   ] GC(362) Metaspace: 14340K(15232K)->14340K(15232K) NonClass: 12381K(12928K)->12381K(12928K) Class: 1959K(2304K)->1959K(2304K)
[70.359s][info][gc             ] GC(362) Pause Young (Allocation Failure) 344M->9M(1695M) 3.324ms
[70.359s][info][gc,cpu         ] GC(362) User=0.00s Sys=0.00s Real=0.00s
[70.594s][info][gc,start       ] GC(363) Pause Young (Allocation Failure)
[70.596s][info][gc,heap        ] GC(363) PSYoungGen: 337824K(337920K)->1024K(331776K) Eden: 336896K(336896K)->0K(330752K) From: 928K(1024K)->1024K(1024K)
[70.596s][info][gc,heap        ] GC(363) ParOldGen: 8336K(1398272K)->8448K(1398272K)
[70.596s][info][gc,metaspace   ] GC(363) Metaspace: 14340K(15232K)->14340K(15232K) NonClass: 12381K(12928K)->12381K(12928K) Class: 1959K(2304K)->1959K(2304K)
[70.596s][info][gc             ] GC(363) Pause Young (Allocation Failure) 338M->9M(1689M) 2.267ms
[70.596s][info][gc,cpu         ] GC(363) User=0.00s Sys=0.00s Real=0.00s
[70.821s][info][gc,start       ] GC(364) Pause Young (Allocation Failure)
[70.823s][info][gc,heap        ] GC(364) PSYoungGen: 331776K(331776K)->1024K(325632K) Eden: 330752K(330752K)->0K(324608K) From: 1024K(1024K)->1024K(1024K)
[70.823s][info][gc,heap        ] GC(364) ParOldGen: 8448K(1398272K)->8544K(1398272K)
[70.823s][info][gc,metaspace   ] GC(364) Metaspace: 14340K(15232K)->14340K(15232K) NonClass: 12381K(12928K)->12381K(12928K) Class: 1959K(2304K)->1959K(2304K)
[70.823s][info][gc             ] GC(364) Pause Young (Allocation Failure) 332M->9M(1683M) 2.099ms
[70.823s][info][gc,cpu         ] GC(364) User=0.00s Sys=0.00s Real=0.00s
[71.028s][info][gc,start       ] GC(365) Pause Young (Allocation Failure)
[71.030s][info][gc,heap        ] GC(365) PSYoungGen: 325632K(325632K)->1024K(319488K) Eden: 324608K(324608K)->0K(318464K) From: 1024K(1024K)->1024K(1024K)
[71.030s][info][gc,heap        ] GC(365) ParOldGen: 8544K(1398272K)->8648K(1398272K)
[71.030s][info][gc,metaspace   ] GC(365) Metaspace: 14340K(15232K)->14340K(15232K) NonClass: 12381K(12928K)->12381K(12928K) Class: 1959K(2304K)->1959K(2304K)
[71.030s][info][gc             ] GC(365) Pause Young (Allocation Failure) 326M->9M(1677M) 2.180ms
[71.030s][info][gc,cpu         ] GC(365) User=0.00s Sys=0.00s Real=0.00s
[71.262s][info][gc,start       ] GC(366) Pause Young (Allocation Failure)
[71.264s][info][gc,heap        ] GC(366) PSYoungGen: 319488K(319488K)->1024K(313856K) Eden: 318464K(318464K)->0K(312832K) From: 1024K(1024K)->1024K(1024K)
[71.264s][info][gc,heap        ] GC(366) ParOldGen: 8648K(1398272K)->8720K(1398272K)
[71.264s][info][gc,metaspace   ] GC(366) Metaspace: 14340K(15232K)->14340K(15232K) NonClass: 12381K(12928K)->12381K(12928K) Class: 1959K(2304K)->1959K(2304K)
[71.264s][info][gc             ] GC(366) Pause Young (Allocation Failure) 320M->9M(1672M) 2.014ms
[71.264s][info][gc,cpu         ] GC(366) User=0.00s Sys=0.00s Real=0.00s
[71.469s][info][gc,start       ] GC(367) Pause Young (Allocation Failure)
[71.471s][info][gc,heap        ] GC(367) PSYoungGen: 313856K(313856K)->1024K(308224K) Eden: 312832K(312832K)->0K(307200K) From: 1024K(1024K)->1024K(1024K)
[71.471s][info][gc,heap        ] GC(367) ParOldGen: 8720K(1398272K)->8816K(1398272K)
[71.471s][info][gc,metaspace   ] GC(367) Metaspace: 14340K(15232K)->14340K(15232K) NonClass: 12381K(12928K)->12381K(12928K) Class: 1959K(2304K)->1959K(2304K)
[71.471s][info][gc             ] GC(367) Pause Young (Allocation Failure) 315M->9M(1666M) 2.062ms
[71.471s][info][gc,cpu         ] GC(367) User=0.00s Sys=0.00s Real=0.00s
[71.669s][info][gc,start       ] GC(368) Pause Young (Allocation Failure)
[71.671s][info][gc,heap        ] GC(368) PSYoungGen: 308224K(308224K)->992K(302592K) Eden: 307200K(307200K)->0K(301568K) From: 1024K(1024K)->992K(1024K)
[71.671s][info][gc,heap        ] GC(368) ParOldGen: 8816K(1398272K)->8920K(1398272K)
[71.671s][info][gc,metaspace   ] GC(368) Metaspace: 14340K(15232K)->14340K(15232K) NonClass: 12381K(12928K)->12381K(12928K) Class: 1959K(2304K)->1959K(2304K)
[71.671s][info][gc             ] GC(368) Pause Young (Allocation Failure) 309M->9M(1661M) 2.135ms
[71.671s][info][gc,cpu         ] GC(368) User=0.00s Sys=0.00s Real=0.00s
[71.867s][info][gc,start       ] GC(369) Pause Young (Allocation Failure)
[71.869s][info][gc,heap        ] GC(369) PSYoungGen: 302560K(302592K)->992K(297472K) Eden: 301568K(301568K)->0K(296448K) From: 992K(1024K)->992K(1024K)
[71.869s][info][gc,heap        ] GC(369) ParOldGen: 8920K(1398272K)->9032K(1398272K)
[71.869s][info][gc,metaspace   ] GC(369) Metaspace: 14340K(15232K)->14340K(15232K) NonClass: 12381K(12928K)->12381K(12928K) Class: 1959K(2304K)->1959K(2304K)
[71.869s][info][gc             ] GC(369) Pause Young (Allocation Failure) 304M->9M(1656M) 2.149ms
[71.869s][info][gc,cpu         ] GC(369) User=0.00s Sys=0.00s Real=0.00s
[72.061s][info][gc,start       ] GC(370) Pause Young (Allocation Failure)
[72.063s][info][gc,heap        ] GC(370) PSYoungGen: 297440K(297472K)->1024K(292352K) Eden: 296448K(296448K)->0K(291328K) From: 992K(1024K)->1024K(1024K)
[72.063s][info][gc,heap        ] GC(370) ParOldGen: 9032K(1398272K)->9120K(1398272K)
[72.063s][info][gc,metaspace   ] GC(370) Metaspace: 14340K(15232K)->14340K(15232K) NonClass: 12381K(12928K)->12381K(12928K) Class: 1959K(2304K)->1959K(2304K)
[72.063s][info][gc             ] GC(370) Pause Young (Allocation Failure) 299M->9M(1651M) 2.166ms
[72.063s][info][gc,cpu         ] GC(370) User=0.00s Sys=0.00s Real=0.00s
[72.252s][info][gc,start       ] GC(371) Pause Young (Allocation Failure)
[72.255s][info][gc,heap        ] GC(371) PSYoungGen: 292352K(292352K)->1024K(287232K) Eden: 291328K(291328K)->0K(286208K) From: 1024K(1024K)->1024K(1024K)
[72.255s][info][gc,heap        ] GC(371) ParOldGen: 9120K(1398272K)->9240K(1398272K)
[72.255s][info][gc,metaspace   ] GC(371) Metaspace: 14340K(15232K)->14340K(15232K) NonClass: 12381K(12928K)->12381K(12928K) Class: 1959K(2304K)->1959K(2304K)
[72.255s][info][gc             ] GC(371) Pause Young (Allocation Failure) 294M->10M(1646M) 2.192ms
[72.255s][info][gc,cpu         ] GC(371) User=0.52s Sys=0.00s Real=0.00s
[72.441s][info][gc,start       ] GC(372) Pause Young (Allocation Failure)
[72.443s][info][gc,heap        ] GC(372) PSYoungGen: 287232K(287232K)->1024K(282624K) Eden: 286208K(286208K)->0K(281600K) From: 1024K(1024K)->1024K(1024K)
[72.443s][info][gc,heap        ] GC(372) ParOldGen: 9240K(1398272K)->9344K(1398272K)
[72.443s][info][gc,metaspace   ] GC(372) Metaspace: 14340K(15232K)->14340K(15232K) NonClass: 12381K(12928K)->12381K(12928K) Class: 1959K(2304K)->1959K(2304K)
[72.443s][info][gc             ] GC(372) Pause Young (Allocation Failure) 289M->10M(1641M) 2.254ms
[72.443s][info][gc,cpu         ] GC(372) User=0.52s Sys=0.00s Real=0.00s
[72.624s][info][gc,start       ] GC(373) Pause Young (Allocation Failure)
[72.626s][info][gc,heap        ] GC(373) PSYoungGen: 282624K(282624K)->992K(338944K) Eden: 281600K(281600K)->0K(337920K) From: 1024K(1024K)->992K(1024K)
[72.626s][info][gc,heap        ] GC(373) ParOldGen: 9344K(1398272K)->9432K(1398272K)
[72.626s][info][gc,metaspace   ] GC(373) Metaspace: 14340K(15232K)->14340K(15232K) NonClass: 12381K(12928K)->12381K(12928K) Class: 1959K(2304K)->1959K(2304K)
[72.626s][info][gc             ] GC(373) Pause Young (Allocation Failure) 285M->10M(1696M) 2.241ms
[72.626s][info][gc,cpu         ] GC(373) User=0.00s Sys=0.00s Real=0.00s
[72.846s][info][gc,start       ] GC(374) Pause Young (Allocation Failure)
[72.849s][info][gc,heap        ] GC(374) PSYoungGen: 338912K(338944K)->992K(332800K) Eden: 337920K(337920K)->0K(331776K) From: 992K(1024K)->992K(1024K)
[72.849s][info][gc,heap        ] GC(374) ParOldGen: 9432K(1398272K)->9496K(1398272K)
[72.849s][info][gc,metaspace   ] GC(374) Metaspace: 14340K(15232K)->14340K(15232K) NonClass: 12381K(12928K)->12381K(12928K) Class: 1959K(2304K)->1959K(2304K)
[72.849s][info][gc             ] GC(374) Pause Young (Allocation Failure) 340M->10M(1690M) 2.372ms
[72.849s][info][gc,cpu         ] GC(374) User=0.52s Sys=0.00s Real=0.00s
[73.065s][info][gc,start       ] GC(375) Pause Young (Allocation Failure)
[73.067s][info][gc,heap        ] GC(375) PSYoungGen: 332768K(332800K)->1024K(326656K) Eden: 331776K(331776K)->0K(325632K) From: 992K(1024K)->1024K(1024K)
[73.067s][info][gc,heap        ] GC(375) ParOldGen: 9496K(1398272K)->9600K(1398272K)
[73.067s][info][gc,metaspace   ] GC(375) Metaspace: 14340K(15232K)->14340K(15232K) NonClass: 12381K(12928K)->12381K(12928K) Class: 1959K(2304K)->1959K(2304K)
[73.067s][info][gc             ] GC(375) Pause Young (Allocation Failure) 334M->10M(1684M) 2.373ms
[73.067s][info][gc,cpu         ] GC(375) User=0.52s Sys=0.00s Real=0.00s
[73.280s][info][gc,start       ] GC(376) Pause Young (Allocation Failure)
[73.282s][info][gc,heap        ] GC(376) PSYoungGen: 326656K(326656K)->992K(320512K) Eden: 325632K(325632K)->0K(319488K) From: 1024K(1024K)->992K(1024K)
[73.282s][info][gc,heap        ] GC(376) ParOldGen: 9600K(1398272K)->9696K(1398272K)
[73.282s][info][gc,metaspace   ] GC(376) Metaspace: 14340K(15232K)->14340K(15232K) NonClass: 12381K(12928K)->12381K(12928K) Class: 1959K(2304K)->1959K(2304K)
[73.282s][info][gc             ] GC(376) Pause Young (Allocation Failure) 328M->10M(1678M) 2.412ms
[73.282s][info][gc,cpu         ] GC(376) User=0.00s Sys=0.00s Real=0.00s
[73.490s][info][gc,start       ] GC(377) Pause Young (Allocation Failure)
[73.492s][info][gc,heap        ] GC(377) PSYoungGen: 320480K(320512K)->1024K(374272K) Eden: 319488K(319488K)->0K(372736K) From: 992K(1024K)->1024K(1536K)
[73.492s][info][gc,heap        ] GC(377) ParOldGen: 9696K(1398272K)->9768K(1398272K)
[73.492s][info][gc,metaspace   ] GC(377) Metaspace: 14340K(15232K)->14340K(15232K) NonClass: 12381K(12928K)->12381K(12928K) Class: 1959K(2304K)->1959K(2304K)
[73.492s][info][gc             ] GC(377) Pause Young (Allocation Failure) 322M->10M(1731M) 2.422ms
[73.492s][info][gc,cpu         ] GC(377) User=0.00s Sys=0.00s Real=0.00s
[73.735s][info][gc,start       ] GC(378) Pause Young (Allocation Failure)
[73.737s][info][gc,heap        ] GC(378) PSYoungGen: 373760K(374272K)->992K(366080K) Eden: 372736K(372736K)->0K(365056K) From: 1024K(1536K)->992K(1024K)
[73.737s][info][gc,heap        ] GC(378) ParOldGen: 9768K(1398272K)->9856K(1398272K)
[73.737s][info][gc,metaspace   ] GC(378) Metaspace: 14340K(15232K)->14340K(15232K) NonClass: 12381K(12928K)->12381K(12928K) Class: 1959K(2304K)->1959K(2304K)
[73.737s][info][gc             ] GC(378) Pause Young (Allocation Failure) 374M->10M(1723M) 2.671ms
[73.737s][info][gc,cpu         ] GC(378) User=0.00s Sys=0.00s Real=0.00s
[73.978s][info][gc,start       ] GC(379) Pause Young (Allocation Failure)
[73.980s][info][gc,heap        ] GC(379) PSYoungGen: 366048K(366080K)->1024K(358912K) Eden: 365056K(365056K)->0K(357888K) From: 992K(1024K)->1024K(1024K)
[73.980s][info][gc,heap        ] GC(379) ParOldGen: 9856K(1398272K)->10000K(1398272K)
[73.980s][info][gc,metaspace   ] GC(379) Metaspace: 14340K(15232K)->14340K(15232K) NonClass: 12381K(12928K)->12381K(12928K) Class: 1959K(2304K)->1959K(2304K)
[73.980s][info][gc             ] GC(379) Pause Young (Allocation Failure) 367M->10M(1716M) 2.528ms
[73.980s][info][gc,cpu         ] GC(379) User=0.00s Sys=0.00s Real=0.00s
[74.228s][info][gc,start       ] GC(380) Pause Young (Allocation Failure)
[74.230s][info][gc,heap        ] GC(380) PSYoungGen: 358912K(358912K)->1024K(351744K) Eden: 357888K(357888K)->0K(350720K) From: 1024K(1024K)->1024K(1024K)
[74.230s][info][gc,heap        ] GC(380) ParOldGen: 10000K(1398272K)->10072K(1398272K)
[74.230s][info][gc,metaspace   ] GC(380) Metaspace: 14340K(15232K)->14340K(15232K) NonClass: 12381K(12928K)->12381K(12928K) Class: 1959K(2304K)->1959K(2304K)
[74.230s][info][gc             ] GC(380) Pause Young (Allocation Failure) 360M->10M(1709M) 2.729ms
[74.230s][info][gc,cpu         ] GC(380) User=0.00s Sys=0.00s Real=0.00s
[74.470s][info][gc,start       ] GC(381) Pause Young (Allocation Failure)
[74.472s][info][gc,heap        ] GC(381) PSYoungGen: 351744K(351744K)->1024K(345088K) Eden: 350720K(350720K)->0K(344064K) From: 1024K(1024K)->1024K(1024K)
[74.472s][info][gc,heap        ] GC(381) ParOldGen: 10072K(1398272K)->10176K(1398272K)
[74.472s][info][gc,metaspace   ] GC(381) Metaspace: 14340K(15232K)->14340K(15232K) NonClass: 12381K(12928K)->12381K(12928K) Class: 1959K(2304K)->1959K(2304K)
[74.472s][info][gc             ] GC(381) Pause Young (Allocation Failure) 353M->10M(1702M) 2.402ms
[74.472s][info][gc,cpu         ] GC(381) User=0.00s Sys=0.00s Real=0.00s
[74.732s][info][gc,start       ] GC(382) Pause Young (Allocation Failure)
[74.734s][info][gc,heap        ] GC(382) PSYoungGen: 345088K(345088K)->992K(338432K) Eden: 344064K(344064K)->0K(337408K) From: 1024K(1024K)->992K(1024K)
[74.734s][info][gc,heap        ] GC(382) ParOldGen: 10176K(1398272K)->10256K(1398272K)
[74.734s][info][gc,metaspace   ] GC(382) Metaspace: 14340K(15232K)->14340K(15232K) NonClass: 12381K(12928K)->12381K(12928K) Class: 1959K(2304K)->1959K(2304K)
[74.734s][info][gc             ] GC(382) Pause Young (Allocation Failure) 346M->10M(1696M) 2.291ms
[74.734s][info][gc,cpu         ] GC(382) User=0.00s Sys=0.00s Real=0.00s
[74.958s][info][gc,start       ] GC(383) Pause Young (Allocation Failure)
[74.960s][info][gc,heap        ] GC(383) PSYoungGen: 338400K(338432K)->1024K(332288K) Eden: 337408K(337408K)->0K(331264K) From: 992K(1024K)->1024K(1024K)
[74.960s][info][gc,heap        ] GC(383) ParOldGen: 10256K(1398272K)->10368K(1398272K)
[74.960s][info][gc,metaspace   ] GC(383) Metaspace: 14340K(15232K)->14340K(15232K) NonClass: 12381K(12928K)->12381K(12928K) Class: 1959K(2304K)->1959K(2304K)
[74.960s][info][gc             ] GC(383) Pause Young (Allocation Failure) 340M->11M(1690M) 2.178ms
[74.960s][info][gc,cpu         ] GC(383) User=0.00s Sys=0.00s Real=0.00s
[75.174s][info][gc,start       ] GC(384) Pause Young (Allocation Failure)
[75.176s][info][gc,heap        ] GC(384) PSYoungGen: 332288K(332288K)->992K(326144K) Eden: 331264K(331264K)->0K(325120K) From: 1024K(1024K)->992K(1024K)
[75.176s][info][gc,heap        ] GC(384) ParOldGen: 10368K(1398272K)->10448K(1398272K)
[75.176s][info][gc,metaspace   ] GC(384) Metaspace: 14340K(15232K)->14340K(15232K) NonClass: 12381K(12928K)->12381K(12928K) Class: 1959K(2304K)->1959K(2304K)
[75.176s][info][gc             ] GC(384) Pause Young (Allocation Failure) 334M->11M(1684M) 2.114ms
[75.176s][info][gc,cpu         ] GC(384) User=0.00s Sys=0.00s Real=0.00s
[75.387s][info][gc,start       ] GC(385) Pause Young (Allocation Failure)
[75.390s][info][gc,heap        ] GC(385) PSYoungGen: 326112K(326144K)->1024K(320000K) Eden: 325120K(325120K)->0K(318976K) From: 992K(1024K)->1024K(1024K)
[75.390s][info][gc,heap        ] GC(385) ParOldGen: 10448K(1398272K)->10560K(1398272K)
[75.390s][info][gc,metaspace   ] GC(385) Metaspace: 14340K(15232K)->14340K(15232K) NonClass: 12381K(12928K)->12381K(12928K) Class: 1959K(2304K)->1959K(2304K)
[75.390s][info][gc             ] GC(385) Pause Young (Allocation Failure) 328M->11M(1678M) 2.245ms
[75.390s][info][gc,cpu         ] GC(385) User=0.00s Sys=0.00s Real=0.00s
[75.597s][info][gc,start       ] GC(386) Pause Young (Allocation Failure)
[75.599s][info][gc,heap        ] GC(386) PSYoungGen: 320000K(320000K)->1024K(314368K) Eden: 318976K(318976K)->0K(313344K) From: 1024K(1024K)->1024K(1024K)
[75.599s][info][gc,heap        ] GC(386) ParOldGen: 10560K(1398272K)->10672K(1398272K)
[75.599s][info][gc,metaspace   ] GC(386) Metaspace: 14340K(15232K)->14340K(15232K) NonClass: 12381K(12928K)->12381K(12928K) Class: 1959K(2304K)->1959K(2304K)
[75.600s][info][gc             ] GC(386) Pause Young (Allocation Failure) 322M->11M(1672M) 2.214ms
[75.600s][info][gc,cpu         ] GC(386) User=0.52s Sys=0.00s Real=0.00s
[75.801s][info][gc,start       ] GC(387) Pause Young (Allocation Failure)
[75.803s][info][gc,heap        ] GC(387) PSYoungGen: 314368K(314368K)->1024K(308736K) Eden: 313344K(313344K)->0K(307712K) From: 1024K(1024K)->1024K(1024K)
[75.803s][info][gc,heap        ] GC(387) ParOldGen: 10672K(1398272K)->10776K(1398272K)
[75.803s][info][gc,metaspace   ] GC(387) Metaspace: 14340K(15232K)->14340K(15232K) NonClass: 12381K(12928K)->12381K(12928K) Class: 1959K(2304K)->1959K(2304K)
[75.803s][info][gc             ] GC(387) Pause Young (Allocation Failure) 317M->11M(1667M) 2.242ms
[75.803s][info][gc,cpu         ] GC(387) User=0.03s Sys=0.03s Real=0.00s
[76.001s][info][gc,start       ] GC(388) Pause Young (Allocation Failure)
[76.004s][info][gc,heap        ] GC(388) PSYoungGen: 308736K(308736K)->960K(303104K) Eden: 307712K(307712K)->0K(302080K) From: 1024K(1024K)->960K(1024K)
[76.004s][info][gc,heap        ] GC(388) ParOldGen: 10776K(1398272K)->10856K(1398272K)
[76.004s][info][gc,metaspace   ] GC(388) Metaspace: 14340K(15232K)->14340K(15232K) NonClass: 12381K(12928K)->12381K(12928K) Class: 1959K(2304K)->1959K(2304K)
[76.004s][info][gc             ] GC(388) Pause Young (Allocation Failure) 312M->11M(1661M) 2.308ms
[76.004s][info][gc,cpu         ] GC(388) User=0.00s Sys=0.00s Real=0.00s
[76.200s][info][gc,start       ] GC(389) Pause Young (Allocation Failure)
[76.202s][info][gc,heap        ] GC(389) PSYoungGen: 303040K(303104K)->1024K(297984K) Eden: 302080K(302080K)->0K(296960K) From: 960K(1024K)->1024K(1024K)
[76.202s][info][gc,heap        ] GC(389) ParOldGen: 10856K(1398272K)->10944K(1398272K)
[76.202s][info][gc,metaspace   ] GC(389) Metaspace: 14340K(15232K)->14340K(15232K) NonClass: 12381K(12928K)->12381K(12928K) Class: 1959K(2304K)->1959K(2304K)
[76.202s][info][gc             ] GC(389) Pause Young (Allocation Failure) 306M->11M(1656M) 2.358ms
[76.203s][info][gc,cpu         ] GC(389) User=0.00s Sys=0.00s Real=0.00s
[76.392s][info][gc,start       ] GC(390) Pause Young (Allocation Failure)
[76.395s][info][gc,heap        ] GC(390) PSYoungGen: 297984K(297984K)->1024K(357376K) Eden: 296960K(296960K)->0K(356352K) From: 1024K(1024K)->1024K(1024K)
[76.395s][info][gc,heap        ] GC(390) ParOldGen: 10944K(1398272K)->11032K(1398272K)
[76.395s][info][gc,metaspace   ] GC(390) Metaspace: 14340K(15232K)->14340K(15232K) NonClass: 12381K(12928K)->12381K(12928K) Class: 1959K(2304K)->1959K(2304K)
[76.395s][info][gc             ] GC(390) Pause Young (Allocation Failure) 301M->11M(1714M) 2.348ms
[76.395s][info][gc,cpu         ] GC(390) User=0.00s Sys=0.00s Real=0.00s
[76.622s][info][gc,start       ] GC(391) Pause Young (Allocation Failure)
[76.625s][info][gc,heap        ] GC(391) PSYoungGen: 357376K(357376K)->1024K(350208K) Eden: 356352K(356352K)->0K(349184K) From: 1024K(1024K)->1024K(1024K)
[76.625s][info][gc,heap        ] GC(391) ParOldGen: 11032K(1398272K)->11128K(1398272K)
[76.625s][info][gc,metaspace   ] GC(391) Metaspace: 14340K(15232K)->14340K(15232K) NonClass: 12381K(12928K)->12381K(12928K) Class: 1959K(2304K)->1959K(2304K)
[76.625s][info][gc             ] GC(391) Pause Young (Allocation Failure) 359M->11M(1707M) 2.408ms
[76.625s][info][gc,cpu         ] GC(391) User=0.00s Sys=0.00s Real=0.00s
[76.850s][info][gc,start       ] GC(392) Pause Young (Allocation Failure)
[76.852s][info][gc,heap        ] GC(392) PSYoungGen: 350208K(350208K)->1024K(343552K) Eden: 349184K(349184K)->0K(342528K) From: 1024K(1024K)->1024K(1024K)
[76.852s][info][gc,heap        ] GC(392) ParOldGen: 11128K(1398272K)->11224K(1398272K)
[76.852s][info][gc,metaspace   ] GC(392) Metaspace: 14340K(15232K)->14340K(15232K) NonClass: 12381K(12928K)->12381K(12928K) Class: 1959K(2304K)->1959K(2304K)
[76.852s][info][gc             ] GC(392) Pause Young (Allocation Failure) 352M->11M(1701M) 2.414ms
[76.852s][info][gc,cpu         ] GC(392) User=0.00s Sys=0.00s Real=0.00s
[77.075s][info][gc,start       ] GC(393) Pause Young (Allocation Failure)
[77.078s][info][gc,heap        ] GC(393) PSYoungGen: 343552K(343552K)->1056K(337408K) Eden: 342528K(342528K)->0K(335872K) From: 1024K(1024K)->1056K(1536K)
[77.078s][info][gc,heap        ] GC(393) ParOldGen: 11224K(1398272K)->11364K(1398272K)
[77.078s][info][gc,metaspace   ] GC(393) Metaspace: 14340K(15232K)->14340K(15232K) NonClass: 12381K(12928K)->12381K(12928K) Class: 1959K(2304K)->1959K(2304K)
[77.078s][info][gc             ] GC(393) Pause Young (Allocation Failure) 346M->12M(1695M) 2.470ms
[77.078s][info][gc,cpu         ] GC(393) User=0.00s Sys=0.00s Real=0.00s
[77.297s][info][gc,start       ] GC(394) Pause Young (Allocation Failure)
[77.299s][info][gc,heap        ] GC(394) PSYoungGen: 336928K(337408K)->1024K(366592K) Eden: 335872K(335872K)->0K(365056K) From: 1056K(1536K)->1024K(1536K)
[77.299s][info][gc,heap        ] GC(394) ParOldGen: 11364K(1398272K)->11460K(1398272K)
[77.300s][info][gc,metaspace   ] GC(394) Metaspace: 14340K(15232K)->14340K(15232K) NonClass: 12381K(12928K)->12381K(12928K) Class: 1959K(2304K)->1959K(2304K)
[77.300s][info][gc             ] GC(394) Pause Young (Allocation Failure) 340M->12M(1723M) 2.550ms
[77.300s][info][gc,cpu         ] GC(394) User=0.00s Sys=0.00s Real=0.00s
[77.537s][info][gc,start       ] GC(395) Pause Young (Allocation Failure)
[77.539s][info][gc,heap        ] GC(395) PSYoungGen: 366080K(366592K)->1056K(404992K) Eden: 365056K(365056K)->0K(403456K) From: 1024K(1536K)->1056K(1536K)
[77.540s][info][gc,heap        ] GC(395) ParOldGen: 11460K(1398272K)->11532K(1398272K)
[77.540s][info][gc,metaspace   ] GC(395) Metaspace: 14340K(15232K)->14340K(15232K) NonClass: 12381K(12928K)->12381K(12928K) Class: 1959K(2304K)->1959K(2304K)
[77.540s][info][gc             ] GC(395) Pause Young (Allocation Failure) 368M->12M(1761M) 2.671ms
[77.540s][info][gc,cpu         ] GC(395) User=0.00s Sys=0.00s Real=0.00s
[77.798s][info][gc,start       ] GC(396) Pause Young (Allocation Failure)
[77.801s][info][gc,heap        ] GC(396) PSYoungGen: 404512K(404992K)->1024K(395776K) Eden: 403456K(403456K)->0K(394752K) From: 1056K(1536K)->1024K(1024K)
[77.801s][info][gc,heap        ] GC(396) ParOldGen: 11532K(1398272K)->11596K(1398272K)
[77.801s][info][gc,metaspace   ] GC(396) Metaspace: 14340K(15232K)->14340K(15232K) NonClass: 12381K(12928K)->12381K(12928K) Class: 1959K(2304K)->1959K(2304K)
[77.801s][info][gc             ] GC(396) Pause Young (Allocation Failure) 406M->12M(1752M) 2.706ms
[77.801s][info][gc,cpu         ] GC(396) User=0.00s Sys=0.00s Real=0.00s
[78.137s][info][gc,start       ] GC(397) Pause Young (Allocation Failure)
[78.141s][info][gc,heap        ] GC(397) PSYoungGen: 395776K(395776K)->1024K(387584K) Eden: 394752K(394752K)->0K(386560K) From: 1024K(1024K)->1024K(1024K)
[78.141s][info][gc,heap        ] GC(397) ParOldGen: 11596K(1398272K)->11684K(1398272K)
[78.141s][info][gc,metaspace   ] GC(397) Metaspace: 14340K(15232K)->14340K(15232K) NonClass: 12381K(12928K)->12381K(12928K) Class: 1959K(2304K)->1959K(2304K)
[78.141s][info][gc             ] GC(397) Pause Young (Allocation Failure) 397M->12M(1744M) 3.485ms
[78.141s][info][gc,cpu         ] GC(397) User=0.00s Sys=0.00s Real=0.00s
[78.419s][info][gc,start       ] GC(398) Pause Young (Allocation Failure)
[78.422s][info][gc,heap        ] GC(398) PSYoungGen: 387584K(387584K)->1024K(379392K) Eden: 386560K(386560K)->0K(378368K) From: 1024K(1024K)->1024K(1024K)
[78.422s][info][gc,heap        ] GC(398) ParOldGen: 11684K(1398272K)->11772K(1398272K)
[78.422s][info][gc,metaspace   ] GC(398) Metaspace: 14343K(15232K)->14343K(15232K) NonClass: 12384K(12928K)->12384K(12928K) Class: 1959K(2304K)->1959K(2304K)
[78.422s][info][gc             ] GC(398) Pause Young (Allocation Failure) 389M->12M(1736M) 2.535ms
[78.422s][info][gc,cpu         ] GC(398) User=0.00s Sys=0.00s Real=0.00s
[78.669s][info][gc,start       ] GC(399) Pause Young (Allocation Failure)
[78.672s][info][gc,heap        ] GC(399) PSYoungGen: 379392K(379392K)->1024K(371712K) Eden: 378368K(378368K)->0K(370688K) From: 1024K(1024K)->1024K(1024K)
[78.672s][info][gc,heap        ] GC(399) ParOldGen: 11772K(1398272K)->11884K(1398272K)
[78.672s][info][gc,metaspace   ] GC(399) Metaspace: 14343K(15232K)->14343K(15232K) NonClass: 12384K(12928K)->12384K(12928K) Class: 1959K(2304K)->1959K(2304K)
[78.672s][info][gc             ] GC(399) Pause Young (Allocation Failure) 381M->12M(1728M) 2.317ms
[78.672s][info][gc,cpu         ] GC(399) User=0.00s Sys=0.00s Real=0.00s
[78.917s][info][gc,start       ] GC(400) Pause Young (Allocation Failure)
[78.919s][info][gc,heap        ] GC(400) PSYoungGen: 371712K(371712K)->1024K(364544K) Eden: 370688K(370688K)->0K(363520K) From: 1024K(1024K)->1024K(1024K)
[78.919s][info][gc,heap        ] GC(400) ParOldGen: 11884K(1398272K)->11972K(1398272K)
[78.919s][info][gc,metaspace   ] GC(400) Metaspace: 14344K(15232K)->14344K(15232K) NonClass: 12385K(12928K)->12385K(12928K) Class: 1959K(2304K)->1959K(2304K)
[78.919s][info][gc             ] GC(400) Pause Young (Allocation Failure) 374M->12M(1721M) 2.163ms
[78.919s][info][gc,cpu         ] GC(400) User=0.00s Sys=0.00s Real=0.00s
[79.139s][info][gc,start       ] GC(401) Pause Young (Allocation Failure)
[79.141s][info][gc,heap        ] GC(401) PSYoungGen: 364544K(364544K)->896K(357376K) Eden: 363520K(363520K)->0K(356352K) From: 1024K(1024K)->896K(1024K)
[79.141s][info][gc,heap        ] GC(401) ParOldGen: 11972K(1398272K)->12060K(1398272K)
[79.141s][info][gc,metaspace   ] GC(401) Metaspace: 14344K(15232K)->14344K(15232K) NonClass: 12385K(12928K)->12385K(12928K) Class: 1959K(2304K)->1959K(2304K)
[79.141s][info][gc             ] GC(401) Pause Young (Allocation Failure) 367M->12M(1714M) 2.328ms
[79.141s][info][gc,cpu         ] GC(401) User=0.00s Sys=0.00s Real=0.00s
[79.295s][info][gc,start       ] GC(402) Pause Young (Allocation Failure)
[79.298s][info][gc,heap        ] GC(402) PSYoungGen: 357248K(357376K)->736K(401920K) Eden: 356352K(356352K)->0K(400384K) From: 896K(1024K)->736K(1536K)
[79.298s][info][gc,heap        ] GC(402) ParOldGen: 12060K(1398272K)->12156K(1398272K)
[79.298s][info][gc,metaspace   ] GC(402) Metaspace: 14344K(15232K)->14344K(15232K) NonClass: 12385K(12928K)->12385K(12928K) Class: 1959K(2304K)->1959K(2304K)
[79.298s][info][gc             ] GC(402) Pause Young (Allocation Failure) 360M->12M(1758M) 2.273ms
[79.298s][info][gc,cpu         ] GC(402) User=0.00s Sys=0.00s Real=0.00s
[79.371s][info][gc,start       ] GC(403) Pause Young (System.gc())
[79.373s][info][gc,heap        ] GC(403) PSYoungGen: 100333K(401920K)->320K(429568K) Eden: 99597K(400384K)->0K(428032K) From: 736K(1536K)->320K(1536K)
[79.373s][info][gc,heap        ] GC(403) ParOldGen: 12156K(1398272K)->12228K(1398272K)
[79.373s][info][gc,metaspace   ] GC(403) Metaspace: 14346K(15296K)->14346K(15296K) NonClass: 12387K(12992K)->12387K(12992K) Class: 1959K(2304K)->1959K(2304K)
[79.373s][info][gc             ] GC(403) Pause Young (System.gc()) 109M->12M(1785M) 2.148ms
[79.373s][info][gc,cpu         ] GC(403) User=0.00s Sys=0.00s Real=0.00s
[79.373s][info][gc,start       ] GC(404) Pause Full (System.gc())
[79.373s][info][gc,phases,start] GC(404) Marking Phase
[79.386s][info][gc,phases      ] GC(404) Marking Phase 12.556ms
[79.386s][info][gc,phases,start] GC(404) Summary Phase
[79.386s][info][gc,phases      ] GC(404) Summary Phase 0.104ms
[79.386s][info][gc,phases,start] GC(404) Adjust Roots
[79.391s][info][gc,phases      ] GC(404) Adjust Roots 5.480ms
[79.392s][info][gc,phases,start] GC(404) Compaction Phase
[79.393s][info][gc,phases      ] GC(404) Compaction Phase 1.474ms
[79.393s][info][gc,phases,start] GC(404) Post Compact
[79.394s][info][gc,phases      ] GC(404) Post Compact 0.492ms
[79.394s][info][gc,heap        ] GC(404) PSYoungGen: 320K(429568K)->0K(429568K) Eden: 0K(428032K)->0K(428032K) From: 320K(1536K)->0K(1536K)
[79.394s][info][gc,heap        ] GC(404) ParOldGen: 12228K(1398272K)->5374K(1398272K)
[79.394s][info][gc,metaspace   ] GC(404) Metaspace: 14346K(15296K)->14346K(15296K) NonClass: 12387K(12992K)->12387K(12992K) Class: 1959K(2304K)->1959K(2304K)
[79.394s][info][gc             ] GC(404) Pause Full (System.gc()) 12M->5M(1785M) 20.319ms
[79.394s][info][gc,cpu         ] GC(404) User=0.52s Sys=0.00s Real=0.02s
[79.739s][info][gc,start       ] GC(405) Pause Young (Allocation Failure)
[79.742s][info][gc,heap        ] GC(405) PSYoungGen: 428032K(429568K)->1536K(420352K) Eden: 428032K(428032K)->0K(418816K) From: 0K(1536K)->1536K(1536K)
[79.743s][info][gc,heap        ] GC(405) ParOldGen: 5374K(1398272K)->5703K(1398272K)
[79.743s][info][gc,metaspace   ] GC(405) Metaspace: 14347K(15296K)->14347K(15296K) NonClass: 12388K(12992K)->12388K(12992K) Class: 1959K(2304K)->1959K(2304K)
[79.743s][info][gc             ] GC(405) Pause Young (Allocation Failure) 423M->7M(1776M) 3.096ms
[79.743s][info][gc,cpu         ] GC(405) User=0.00s Sys=0.00s Real=0.00s
[80.075s][info][gc,start       ] GC(406) Pause Young (Allocation Failure)
[80.077s][info][gc,heap        ] GC(406) PSYoungGen: 420352K(420352K)->512K(410112K) Eden: 418816K(418816K)->0K(409600K) From: 1536K(1536K)->512K(512K)
[80.077s][info][gc,heap        ] GC(406) ParOldGen: 5703K(1398272K)->7110K(1398272K)
[80.077s][info][gc,metaspace   ] GC(406) Metaspace: 14347K(15296K)->14347K(15296K) NonClass: 12388K(12992K)->12388K(12992K) Class: 1959K(2304K)->1959K(2304K)
[80.077s][info][gc             ] GC(406) Pause Young (Allocation Failure) 416M->7M(1766M) 2.597ms
[80.077s][info][gc,cpu         ] GC(406) User=0.00s Sys=0.00s Real=0.00s
[80.348s][info][gc,start       ] GC(407) Pause Young (Allocation Failure)
[80.351s][info][gc,heap        ] GC(407) PSYoungGen: 410112K(410112K)->1024K(402944K) Eden: 409600K(409600K)->0K(400896K) From: 512K(512K)->1024K(2048K)
[80.351s][info][gc,heap        ] GC(407) ParOldGen: 7110K(1398272K)->7214K(1398272K)
[80.351s][info][gc,metaspace   ] GC(407) Metaspace: 14347K(15296K)->14347K(15296K) NonClass: 12388K(12992K)->12388K(12992K) Class: 1959K(2304K)->1959K(2304K)
[80.351s][info][gc             ] GC(407) Pause Young (Allocation Failure) 407M->8M(1759M) 2.494ms
[80.351s][info][gc,cpu         ] GC(407) User=0.31s Sys=0.20s Real=0.00s
[80.618s][info][gc,start       ] GC(408) Pause Young (Allocation Failure)
[80.620s][info][gc,heap        ] GC(408) PSYoungGen: 401920K(402944K)->1024K(393728K) Eden: 400896K(400896K)->0K(392704K) From: 1024K(2048K)->1024K(1024K)
[80.620s][info][gc,heap        ] GC(408) ParOldGen: 7214K(1398272K)->7342K(1398272K)
[80.620s][info][gc,metaspace   ] GC(408) Metaspace: 14347K(15296K)->14347K(15296K) NonClass: 12388K(12992K)->12388K(12992K) Class: 1959K(2304K)->1959K(2304K)
[80.620s][info][gc             ] GC(408) Pause Young (Allocation Failure) 399M->8M(1750M) 2.642ms
[80.620s][info][gc,cpu         ] GC(408) User=0.00s Sys=0.00s Real=0.00s
[80.884s][info][gc,start       ] GC(409) Pause Young (Allocation Failure)
[80.886s][info][gc,heap        ] GC(409) PSYoungGen: 393728K(393728K)->1056K(386048K) Eden: 392704K(392704K)->0K(384512K) From: 1024K(1024K)->1056K(1536K)
[80.886s][info][gc,heap        ] GC(409) ParOldGen: 7342K(1398272K)->7422K(1398272K)
[80.886s][info][gc,metaspace   ] GC(409) Metaspace: 14347K(15296K)->14347K(15296K) NonClass: 12388K(12992K)->12388K(12992K) Class: 1959K(2304K)->1959K(2304K)
[80.886s][info][gc             ] GC(409) Pause Young (Allocation Failure) 391M->8M(1742M) 2.645ms
[80.887s][info][gc,cpu         ] GC(409) User=0.00s Sys=0.00s Real=0.00s
[81.150s][info][gc,start       ] GC(410) Pause Young (Allocation Failure)
[81.152s][info][gc,heap        ] GC(410) PSYoungGen: 385568K(386048K)->1024K(377856K) Eden: 384512K(384512K)->0K(376832K) From: 1056K(1536K)->1024K(1024K)
[81.152s][info][gc,heap        ] GC(410) ParOldGen: 7422K(1398272K)->7566K(1398272K)
[81.152s][info][gc,metaspace   ] GC(410) Metaspace: 14347K(15296K)->14347K(15296K) NonClass: 12388K(12992K)->12388K(12992K) Class: 1959K(2304K)->1959K(2304K)
[81.152s][info][gc             ] GC(410) Pause Young (Allocation Failure) 383M->8M(1734M) 2.490ms
[81.152s][info][gc,cpu         ] GC(410) User=0.00s Sys=0.00s Real=0.00s
[81.449s][info][gc,start       ] GC(411) Pause Young (Allocation Failure)
[81.451s][info][gc,heap        ] GC(411) PSYoungGen: 377856K(377856K)->1024K(370176K) Eden: 376832K(376832K)->0K(369152K) From: 1024K(1024K)->1024K(1024K)
[81.452s][info][gc,heap        ] GC(411) ParOldGen: 7566K(1398272K)->7670K(1398272K)
[81.452s][info][gc,metaspace   ] GC(411) Metaspace: 14347K(15296K)->14347K(15296K) NonClass: 12388K(12992K)->12388K(12992K) Class: 1959K(2304K)->1959K(2304K)
[81.452s][info][gc             ] GC(411) Pause Young (Allocation Failure) 376M->8M(1727M) 2.118ms
[81.452s][info][gc,cpu         ] GC(411) User=0.00s Sys=0.00s Real=0.00s
[81.695s][info][gc,start       ] GC(412) Pause Young (Allocation Failure)
[81.697s][info][gc,heap        ] GC(412) PSYoungGen: 370176K(370176K)->1024K(363008K) Eden: 369152K(369152K)->0K(361984K) From: 1024K(1024K)->1024K(1024K)
[81.697s][info][gc,heap        ] GC(412) ParOldGen: 7670K(1398272K)->7790K(1398272K)
[81.697s][info][gc,metaspace   ] GC(412) Metaspace: 14347K(15296K)->14347K(15296K) NonClass: 12388K(12992K)->12388K(12992K) Class: 1959K(2304K)->1959K(2304K)
[81.697s][info][gc             ] GC(412) Pause Young (Allocation Failure) 368M->8M(1720M) 2.201ms
[81.697s][info][gc,cpu         ] GC(412) User=0.00s Sys=0.00s Real=0.00s
[81.938s][info][gc,start       ] GC(413) Pause Young (Allocation Failure)
[81.940s][info][gc,heap        ] GC(413) PSYoungGen: 363008K(363008K)->992K(355840K) Eden: 361984K(361984K)->0K(354816K) From: 1024K(1024K)->992K(1024K)
[81.940s][info][gc,heap        ] GC(413) ParOldGen: 7790K(1398272K)->7910K(1398272K)
[81.940s][info][gc,metaspace   ] GC(413) Metaspace: 14347K(15296K)->14347K(15296K) NonClass: 12388K(12992K)->12388K(12992K) Class: 1959K(2304K)->1959K(2304K)
[81.940s][info][gc             ] GC(413) Pause Young (Allocation Failure) 362M->8M(1713M) 2.164ms
[81.940s][info][gc,cpu         ] GC(413) User=0.00s Sys=0.00s Real=0.00s
[82.172s][info][gc,start       ] GC(414) Pause Young (Allocation Failure)
[82.174s][info][gc,heap        ] GC(414) PSYoungGen: 355808K(355840K)->1024K(349184K) Eden: 354816K(354816K)->0K(348160K) From: 992K(1024K)->1024K(1024K)
[82.174s][info][gc,heap        ] GC(414) ParOldGen: 7910K(1398272K)->8006K(1398272K)
[82.174s][info][gc,metaspace   ] GC(414) Metaspace: 14347K(15296K)->14347K(15296K) NonClass: 12388K(12992K)->12388K(12992K) Class: 1959K(2304K)->1959K(2304K)
[82.174s][info][gc             ] GC(414) Pause Young (Allocation Failure) 355M->8M(1706M) 2.231ms
[82.174s][info][gc,cpu         ] GC(414) User=0.00s Sys=0.00s Real=0.00s
[82.409s][info][gc,start       ] GC(415) Pause Young (Allocation Failure)
[82.411s][info][gc,heap        ] GC(415) PSYoungGen: 349184K(349184K)->1024K(342528K) Eden: 348160K(348160K)->0K(341504K) From: 1024K(1024K)->1024K(1024K)
[82.411s][info][gc,heap        ] GC(415) ParOldGen: 8006K(1398272K)->8086K(1398272K)
[82.411s][info][gc,metaspace   ] GC(415) Metaspace: 14347K(15296K)->14347K(15296K) NonClass: 12388K(12992K)->12388K(12992K) Class: 1959K(2304K)->1959K(2304K)
[82.411s][info][gc             ] GC(415) Pause Young (Allocation Failure) 348M->8M(1700M) 2.155ms
[82.411s][info][gc,cpu         ] GC(415) User=0.52s Sys=0.00s Real=0.00s
[82.639s][info][gc,start       ] GC(416) Pause Young (Allocation Failure)
[82.642s][info][gc,heap        ] GC(416) PSYoungGen: 342528K(342528K)->1024K(335872K) Eden: 341504K(341504K)->0K(334848K) From: 1024K(1024K)->1024K(1024K)
[82.642s][info][gc,heap        ] GC(416) ParOldGen: 8086K(1398272K)->8182K(1398272K)
[82.642s][info][gc,metaspace   ] GC(416) Metaspace: 14347K(15296K)->14347K(15296K) NonClass: 12388K(12992K)->12388K(12992K) Class: 1959K(2304K)->1959K(2304K)
[82.642s][info][gc             ] GC(416) Pause Young (Allocation Failure) 342M->8M(1693M) 2.248ms
[82.642s][info][gc,cpu         ] GC(416) User=0.00s Sys=0.00s Real=0.00s
[82.867s][info][gc,start       ] GC(417) Pause Young (Allocation Failure)
[82.869s][info][gc,heap        ] GC(417) PSYoungGen: 335872K(335872K)->1024K(329728K) Eden: 334848K(334848K)->0K(328704K) From: 1024K(1024K)->1024K(1024K)
[82.869s][info][gc,heap        ] GC(417) ParOldGen: 8182K(1398272K)->8286K(1398272K)
[82.869s][info][gc,metaspace   ] GC(417) Metaspace: 14347K(15296K)->14347K(15296K) NonClass: 12388K(12992K)->12388K(12992K) Class: 1959K(2304K)->1959K(2304K)
[82.869s][info][gc             ] GC(417) Pause Young (Allocation Failure) 335M->9M(1687M) 2.303ms
[82.869s][info][gc,cpu         ] GC(417) User=0.00s Sys=0.00s Real=0.00s
[83.085s][info][gc,start       ] GC(418) Pause Young (Allocation Failure)
[83.088s][info][gc,heap        ] GC(418) PSYoungGen: 329728K(329728K)->1024K(323584K) Eden: 328704K(328704K)->0K(322560K) From: 1024K(1024K)->1024K(1024K)
[83.088s][info][gc,heap        ] GC(418) ParOldGen: 8286K(1398272K)->8382K(1398272K)
[83.088s][info][gc,metaspace   ] GC(418) Metaspace: 14347K(15296K)->14347K(15296K) NonClass: 12388K(12992K)->12388K(12992K) Class: 1959K(2304K)->1959K(2304K)
[83.088s][info][gc             ] GC(418) Pause Young (Allocation Failure) 330M->9M(1681M) 2.357ms
[83.088s][info][gc,cpu         ] GC(418) User=0.00s Sys=0.00s Real=0.00s
[83.302s][info][gc,start       ] GC(419) Pause Young (Allocation Failure)
[83.305s][info][gc,heap        ] GC(419) PSYoungGen: 323584K(323584K)->1024K(317952K) Eden: 322560K(322560K)->0K(316928K) From: 1024K(1024K)->1024K(1024K)
[83.305s][info][gc,heap        ] GC(419) ParOldGen: 8382K(1398272K)->8462K(1398272K)
[83.305s][info][gc,metaspace   ] GC(419) Metaspace: 14347K(15296K)->14347K(15296K) NonClass: 12388K(12992K)->12388K(12992K) Class: 1959K(2304K)->1959K(2304K)
[83.305s][info][gc             ] GC(419) Pause Young (Allocation Failure) 324M->9M(1676M) 2.320ms
[83.305s][info][gc,cpu         ] GC(419) User=0.00s Sys=0.00s Real=0.00s
[83.516s][info][gc,start       ] GC(420) Pause Young (Allocation Failure)
[83.519s][info][gc,heap        ] GC(420) PSYoungGen: 317952K(317952K)->1024K(312320K) Eden: 316928K(316928K)->0K(311296K) From: 1024K(1024K)->1024K(1024K)
[83.519s][info][gc,heap        ] GC(420) ParOldGen: 8462K(1398272K)->8566K(1398272K)
[83.519s][info][gc,metaspace   ] GC(420) Metaspace: 14347K(15296K)->14347K(15296K) NonClass: 12388K(12992K)->12388K(12992K) Class: 1959K(2304K)->1959K(2304K)
[83.519s][info][gc             ] GC(420) Pause Young (Allocation Failure) 318M->9M(1670M) 2.427ms
[83.519s][info][gc,cpu         ] GC(420) User=0.00s Sys=0.00s Real=0.00s
[83.725s][info][gc,start       ] GC(421) Pause Young (Allocation Failure)
[83.728s][info][gc,heap        ] GC(421) PSYoungGen: 312320K(312320K)->1024K(306688K) Eden: 311296K(311296K)->0K(305664K) From: 1024K(1024K)->1024K(1024K)
[83.728s][info][gc,heap        ] GC(421) ParOldGen: 8566K(1398272K)->8670K(1398272K)
[83.728s][info][gc,metaspace   ] GC(421) Metaspace: 14347K(15296K)->14347K(15296K) NonClass: 12388K(12992K)->12388K(12992K) Class: 1959K(2304K)->1959K(2304K)
[83.728s][info][gc             ] GC(421) Pause Young (Allocation Failure) 313M->9M(1665M) 2.456ms
[83.728s][info][gc,cpu         ] GC(421) User=0.00s Sys=0.00s Real=0.00s
[83.931s][info][gc,start       ] GC(422) Pause Young (Allocation Failure)
[83.933s][info][gc,heap        ] GC(422) PSYoungGen: 306688K(306688K)->1024K(368128K) Eden: 305664K(305664K)->0K(367104K) From: 1024K(1024K)->1024K(1024K)
[83.933s][info][gc,heap        ] GC(422) ParOldGen: 8670K(1398272K)->8774K(1398272K)
[83.933s][info][gc,metaspace   ] GC(422) Metaspace: 14347K(15296K)->14347K(15296K) NonClass: 12388K(12992K)->12388K(12992K) Class: 1959K(2304K)->1959K(2304K)
[83.933s][info][gc             ] GC(422) Pause Young (Allocation Failure) 307M->9M(1725M) 2.449ms
[83.933s][info][gc,cpu         ] GC(422) User=0.00s Sys=0.00s Real=0.00s
[84.181s][info][gc,start       ] GC(423) Pause Young (Allocation Failure)
[84.183s][info][gc,heap        ] GC(423) PSYoungGen: 368128K(368128K)->1024K(360960K) Eden: 367104K(367104K)->0K(359936K) From: 1024K(1024K)->1024K(1024K)
[84.183s][info][gc,heap        ] GC(423) ParOldGen: 8774K(1398272K)->8870K(1398272K)
[84.183s][info][gc,metaspace   ] GC(423) Metaspace: 14347K(15296K)->14347K(15296K) NonClass: 12388K(12992K)->12388K(12992K) Class: 1959K(2304K)->1959K(2304K)
[84.183s][info][gc             ] GC(423) Pause Young (Allocation Failure) 368M->9M(1718M) 2.558ms
[84.183s][info][gc,cpu         ] GC(423) User=0.00s Sys=0.00s Real=0.00s
[84.421s][info][gc,start       ] GC(424) Pause Young (Allocation Failure)
[84.424s][info][gc,heap        ] GC(424) PSYoungGen: 360960K(360960K)->1024K(353792K) Eden: 359936K(359936K)->0K(352768K) From: 1024K(1024K)->1024K(1024K)
[84.424s][info][gc,heap        ] GC(424) ParOldGen: 8870K(1398272K)->8990K(1398272K)
[84.424s][info][gc,metaspace   ] GC(424) Metaspace: 14347K(15296K)->14347K(15296K) NonClass: 12388K(12992K)->12388K(12992K) Class: 1959K(2304K)->1959K(2304K)
[84.424s][info][gc             ] GC(424) Pause Young (Allocation Failure) 361M->9M(1711M) 2.616ms
[84.424s][info][gc,cpu         ] GC(424) User=0.00s Sys=0.00s Real=0.00s
[84.825s][info][gc,start       ] GC(425) Pause Young (Allocation Failure)
[84.828s][info][gc,heap        ] GC(425) PSYoungGen: 353792K(353792K)->992K(347136K) Eden: 352768K(352768K)->0K(346112K) From: 1024K(1024K)->992K(1024K)
[84.828s][info][gc,heap        ] GC(425) ParOldGen: 8990K(1398272K)->9070K(1398272K)
[84.828s][info][gc,metaspace   ] GC(425) Metaspace: 14347K(15296K)->14347K(15296K) NonClass: 12388K(12992K)->12388K(12992K) Class: 1959K(2304K)->1959K(2304K)
[84.828s][info][gc             ] GC(425) Pause Young (Allocation Failure) 354M->9M(1704M) 3.467ms
[84.828s][info][gc,cpu         ] GC(425) User=0.00s Sys=0.00s Real=0.00s
[85.074s][info][gc,start       ] GC(426) Pause Young (Allocation Failure)
[85.076s][info][gc,heap        ] GC(426) PSYoungGen: 347104K(347136K)->1024K(340480K) Eden: 346112K(346112K)->0K(339456K) From: 992K(1024K)->1024K(1024K)
[85.077s][info][gc,heap        ] GC(426) ParOldGen: 9070K(1398272K)->9166K(1398272K)
[85.077s][info][gc,metaspace   ] GC(426) Metaspace: 14347K(15296K)->14347K(15296K) NonClass: 12388K(12992K)->12388K(12992K) Class: 1959K(2304K)->1959K(2304K)
[85.077s][info][gc             ] GC(426) Pause Young (Allocation Failure) 347M->9M(1698M) 2.419ms
[85.077s][info][gc,cpu         ] GC(426) User=0.00s Sys=0.00s Real=0.00s
[85.316s][info][gc,start       ] GC(427) Pause Young (Allocation Failure)
[85.318s][info][gc,heap        ] GC(427) PSYoungGen: 340480K(340480K)->1024K(333824K) Eden: 339456K(339456K)->0K(332800K) From: 1024K(1024K)->1024K(1024K)
[85.318s][info][gc,heap        ] GC(427) ParOldGen: 9166K(1398272K)->9262K(1398272K)
[85.318s][info][gc,metaspace   ] GC(427) Metaspace: 14347K(15296K)->14347K(15296K) NonClass: 12388K(12992K)->12388K(12992K) Class: 1959K(2304K)->1959K(2304K)
[85.318s][info][gc             ] GC(427) Pause Young (Allocation Failure) 341M->10M(1691M) 2.310ms
[85.318s][info][gc,cpu         ] GC(427) User=0.52s Sys=0.00s Real=0.00s
[85.537s][info][gc,start       ] GC(428) Pause Young (Allocation Failure)
[85.539s][info][gc,heap        ] GC(428) PSYoungGen: 333824K(333824K)->1024K(327680K) Eden: 332800K(332800K)->0K(326656K) From: 1024K(1024K)->1024K(1024K)
[85.539s][info][gc,heap        ] GC(428) ParOldGen: 9262K(1398272K)->9358K(1398272K)
[85.539s][info][gc,metaspace   ] GC(428) Metaspace: 14347K(15296K)->14347K(15296K) NonClass: 12388K(12992K)->12388K(12992K) Class: 1959K(2304K)->1959K(2304K)
[85.539s][info][gc             ] GC(428) Pause Young (Allocation Failure) 335M->10M(1685M) 2.391ms
[85.539s][info][gc,cpu         ] GC(428) User=0.00s Sys=0.00s Real=0.00s
[85.776s][info][gc,start       ] GC(429) Pause Young (Allocation Failure)
[85.779s][info][gc,heap        ] GC(429) PSYoungGen: 327680K(327680K)->992K(321536K) Eden: 326656K(326656K)->0K(320512K) From: 1024K(1024K)->992K(1024K)
[85.779s][info][gc,heap        ] GC(429) ParOldGen: 9358K(1398272K)->9470K(1398272K)
[85.779s][info][gc,metaspace   ] GC(429) Metaspace: 14347K(15296K)->14347K(15296K) NonClass: 12388K(12992K)->12388K(12992K) Class: 1959K(2304K)->1959K(2304K)
[85.779s][info][gc             ] GC(429) Pause Young (Allocation Failure) 329M->10M(1679M) 2.153ms
[85.779s][info][gc,cpu         ] GC(429) User=0.00s Sys=0.00s Real=0.00s
[85.993s][info][gc,start       ] GC(430) Pause Young (Allocation Failure)
[85.995s][info][gc,heap        ] GC(430) PSYoungGen: 321504K(321536K)->1024K(315904K) Eden: 320512K(320512K)->0K(314880K) From: 992K(1024K)->1024K(1024K)
[85.995s][info][gc,heap        ] GC(430) ParOldGen: 9470K(1398272K)->9582K(1398272K)
[85.995s][info][gc,metaspace   ] GC(430) Metaspace: 14347K(15296K)->14347K(15296K) NonClass: 12388K(12992K)->12388K(12992K) Class: 1959K(2304K)->1959K(2304K)
[85.995s][info][gc             ] GC(430) Pause Young (Allocation Failure) 323M->10M(1674M) 2.206ms
[85.995s][info][gc,cpu         ] GC(430) User=0.00s Sys=0.00s Real=0.00s
[86.207s][info][gc,start       ] GC(431) Pause Young (Allocation Failure)
[86.210s][info][gc,heap        ] GC(431) PSYoungGen: 315904K(315904K)->1024K(310272K) Eden: 314880K(314880K)->0K(309248K) From: 1024K(1024K)->1024K(1024K)
[86.210s][info][gc,heap        ] GC(431) ParOldGen: 9582K(1398272K)->9686K(1398272K)
[86.210s][info][gc,metaspace   ] GC(431) Metaspace: 14347K(15296K)->14347K(15296K) NonClass: 12388K(12992K)->12388K(12992K) Class: 1959K(2304K)->1959K(2304K)
[86.210s][info][gc             ] GC(431) Pause Young (Allocation Failure) 317M->10M(1668M) 2.244ms
[86.210s][info][gc,cpu         ] GC(431) User=0.00s Sys=0.00s Real=0.00s
[86.415s][info][gc,start       ] GC(432) Pause Young (Allocation Failure)
[86.417s][info][gc,heap        ] GC(432) PSYoungGen: 310272K(310272K)->1024K(304640K) Eden: 309248K(309248K)->0K(303616K) From: 1024K(1024K)->1024K(1024K)
[86.417s][info][gc,heap        ] GC(432) ParOldGen: 9686K(1398272K)->9782K(1398272K)
[86.417s][info][gc,metaspace   ] GC(432) Metaspace: 14347K(15296K)->14347K(15296K) NonClass: 12388K(12992K)->12388K(12992K) Class: 1959K(2304K)->1959K(2304K)
[86.417s][info][gc             ] GC(432) Pause Young (Allocation Failure) 312M->10M(1663M) 2.280ms
[86.417s][info][gc,cpu         ] GC(432) User=0.00s Sys=0.00s Real=0.00s
[86.616s][info][gc,start       ] GC(433) Pause Young (Allocation Failure)
[86.618s][info][gc,heap        ] GC(433) PSYoungGen: 304640K(304640K)->992K(299520K) Eden: 303616K(303616K)->0K(298496K) From: 1024K(1024K)->992K(1024K)
[86.618s][info][gc,heap        ] GC(433) ParOldGen: 9782K(1398272K)->9870K(1398272K)
[86.618s][info][gc,metaspace   ] GC(433) Metaspace: 14347K(15296K)->14347K(15296K) NonClass: 12388K(12992K)->12388K(12992K) Class: 1959K(2304K)->1959K(2304K)
[86.618s][info][gc             ] GC(433) Pause Young (Allocation Failure) 307M->10M(1658M) 2.298ms
[86.618s][info][gc,cpu         ] GC(433) User=0.00s Sys=0.00s Real=0.00s
[86.817s][info][gc,start       ] GC(434) Pause Young (Allocation Failure)
[86.819s][info][gc,heap        ] GC(434) PSYoungGen: 299488K(299520K)->992K(294400K) Eden: 298496K(298496K)->0K(293376K) From: 992K(1024K)->992K(1024K)
[86.819s][info][gc,heap        ] GC(434) ParOldGen: 9870K(1398272K)->9966K(1398272K)
[86.819s][info][gc,metaspace   ] GC(434) Metaspace: 14347K(15296K)->14347K(15296K) NonClass: 12388K(12992K)->12388K(12992K) Class: 1959K(2304K)->1959K(2304K)
[86.819s][info][gc             ] GC(434) Pause Young (Allocation Failure) 302M->10M(1653M) 2.415ms
[86.819s][info][gc,cpu         ] GC(434) User=0.00s Sys=0.00s Real=0.00s
[87.014s][info][gc,start       ] GC(435) Pause Young (Allocation Failure)
[87.016s][info][gc,heap        ] GC(435) PSYoungGen: 294368K(294400K)->992K(353280K) Eden: 293376K(293376K)->0K(352256K) From: 992K(1024K)->992K(1024K)
[87.016s][info][gc,heap        ] GC(435) ParOldGen: 9966K(1398272K)->10062K(1398272K)
[87.016s][info][gc,metaspace   ] GC(435) Metaspace: 14347K(15296K)->14347K(15296K) NonClass: 12388K(12992K)->12388K(12992K) Class: 1959K(2304K)->1959K(2304K)
[87.016s][info][gc             ] GC(435) Pause Young (Allocation Failure) 297M->10M(1710M) 2.464ms
[87.016s][info][gc,cpu         ] GC(435) User=0.00s Sys=0.00s Real=0.00s
[87.251s][info][gc,start       ] GC(436) Pause Young (Allocation Failure)
[87.253s][info][gc,heap        ] GC(436) PSYoungGen: 353248K(353280K)->1024K(412672K) Eden: 352256K(352256K)->0K(411136K) From: 992K(1024K)->1024K(1536K)
[87.253s][info][gc,heap        ] GC(436) ParOldGen: 10062K(1398272K)->10150K(1398272K)
[87.253s][info][gc,metaspace   ] GC(436) Metaspace: 14347K(15296K)->14347K(15296K) NonClass: 12388K(12992K)->12388K(12992K) Class: 1959K(2304K)->1959K(2304K)
[87.253s][info][gc             ] GC(436) Pause Young (Allocation Failure) 354M->10M(1768M) 2.450ms
[87.253s][info][gc,cpu         ] GC(436) User=0.00s Sys=0.00s Real=0.00s
[87.531s][info][gc,start       ] GC(437) Pause Young (Allocation Failure)
[87.534s][info][gc,heap        ] GC(437) PSYoungGen: 412160K(412672K)->1024K(403456K) Eden: 411136K(411136K)->0K(402432K) From: 1024K(1536K)->1024K(1024K)
[87.534s][info][gc,heap        ] GC(437) ParOldGen: 10150K(1398272K)->10238K(1398272K)
[87.534s][info][gc,metaspace   ] GC(437) Metaspace: 14347K(15296K)->14347K(15296K) NonClass: 12388K(12992K)->12388K(12992K) Class: 1959K(2304K)->1959K(2304K)
[87.534s][info][gc             ] GC(437) Pause Young (Allocation Failure) 412M->10M(1759M) 2.765ms
[87.534s][info][gc,cpu         ] GC(437) User=0.00s Sys=0.00s Real=0.00s
[87.801s][info][gc,start       ] GC(438) Pause Young (Allocation Failure)
[87.803s][info][gc,heap        ] GC(438) PSYoungGen: 403456K(403456K)->1024K(394752K) Eden: 402432K(402432K)->0K(393728K) From: 1024K(1024K)->1024K(1024K)
[87.803s][info][gc,heap        ] GC(438) ParOldGen: 10238K(1398272K)->10350K(1398272K)
[87.803s][info][gc,metaspace   ] GC(438) Metaspace: 14347K(15296K)->14347K(15296K) NonClass: 12388K(12992K)->12388K(12992K) Class: 1959K(2304K)->1959K(2304K)
[87.803s][info][gc             ] GC(438) Pause Young (Allocation Failure) 403M->11M(1751M) 2.564ms
[87.803s][info][gc,cpu         ] GC(438) User=0.52s Sys=0.00s Real=0.00s
[88.068s][info][gc,start       ] GC(439) Pause Young (Allocation Failure)
[88.071s][info][gc,heap        ] GC(439) PSYoungGen: 394752K(394752K)->1024K(386560K) Eden: 393728K(393728K)->0K(385536K) From: 1024K(1024K)->1024K(1024K)
[88.071s][info][gc,heap        ] GC(439) ParOldGen: 10350K(1398272K)->10446K(1398272K)
[88.071s][info][gc,metaspace   ] GC(439) Metaspace: 14347K(15296K)->14347K(15296K) NonClass: 12388K(12992K)->12388K(12992K) Class: 1959K(2304K)->1959K(2304K)
[88.071s][info][gc             ] GC(439) Pause Young (Allocation Failure) 395M->11M(1743M) 2.701ms
[88.071s][info][gc,cpu         ] GC(439) User=0.00s Sys=0.00s Real=0.00s
[88.326s][info][gc,start       ] GC(440) Pause Young (Allocation Failure)
[88.329s][info][gc,heap        ] GC(440) PSYoungGen: 386560K(386560K)->992K(378880K) Eden: 385536K(385536K)->0K(377856K) From: 1024K(1024K)->992K(1024K)
[88.329s][info][gc,heap        ] GC(440) ParOldGen: 10446K(1398272K)->10534K(1398272K)
[88.329s][info][gc,metaspace   ] GC(440) Metaspace: 14347K(15296K)->14347K(15296K) NonClass: 12388K(12992K)->12388K(12992K) Class: 1959K(2304K)->1959K(2304K)
[88.329s][info][gc             ] GC(440) Pause Young (Allocation Failure) 387M->11M(1735M) 2.687ms
[88.329s][info][gc,cpu         ] GC(440) User=0.00s Sys=0.00s Real=0.00s
[88.692s][info][gc,start       ] GC(441) Pause Young (Allocation Failure)
[88.695s][info][gc,heap        ] GC(441) PSYoungGen: 378848K(378880K)->1024K(371200K) Eden: 377856K(377856K)->0K(370176K) From: 992K(1024K)->1024K(1024K)
[88.695s][info][gc,heap        ] GC(441) ParOldGen: 10534K(1398272K)->10638K(1398272K)
[88.695s][info][gc,metaspace   ] GC(441) Metaspace: 14347K(15296K)->14347K(15296K) NonClass: 12388K(12992K)->12388K(12992K) Class: 1959K(2304K)->1959K(2304K)
[88.695s][info][gc             ] GC(441) Pause Young (Allocation Failure) 380M->11M(1728M) 3.672ms
[88.695s][info][gc,cpu         ] GC(441) User=0.00s Sys=0.00s Real=0.00s
[88.961s][info][gc,start       ] GC(442) Pause Young (Allocation Failure)
[88.963s][info][gc,heap        ] GC(442) PSYoungGen: 371200K(371200K)->992K(364032K) Eden: 370176K(370176K)->0K(363008K) From: 1024K(1024K)->992K(1024K)
[88.963s][info][gc,heap        ] GC(442) ParOldGen: 10638K(1398272K)->10742K(1398272K)
[88.963s][info][gc,metaspace   ] GC(442) Metaspace: 14347K(15296K)->14347K(15296K) NonClass: 12388K(12992K)->12388K(12992K) Class: 1959K(2304K)->1959K(2304K)
[88.963s][info][gc             ] GC(442) Pause Young (Allocation Failure) 372M->11M(1721M) 2.478ms
[88.963s][info][gc,cpu         ] GC(442) User=0.00s Sys=0.00s Real=0.00s
[89.214s][info][gc,start       ] GC(443) Pause Young (Allocation Failure)
[89.217s][info][gc,heap        ] GC(443) PSYoungGen: 364000K(364032K)->1024K(356864K) Eden: 363008K(363008K)->0K(355840K) From: 992K(1024K)->1024K(1024K)
[89.217s][info][gc,heap        ] GC(443) ParOldGen: 10742K(1398272K)->10870K(1398272K)
[89.217s][info][gc,metaspace   ] GC(443) Metaspace: 14347K(15296K)->14347K(15296K) NonClass: 12388K(12992K)->12388K(12992K) Class: 1959K(2304K)->1959K(2304K)
[89.217s][info][gc             ] GC(443) Pause Young (Allocation Failure) 365M->11M(1714M) 2.409ms
[89.217s][info][gc,cpu         ] GC(443) User=0.00s Sys=0.00s Real=0.00s
[89.477s][info][gc,start       ] GC(444) Pause Young (Allocation Failure)
[89.480s][info][gc,heap        ] GC(444) PSYoungGen: 356864K(356864K)->1024K(349696K) Eden: 355840K(355840K)->0K(348672K) From: 1024K(1024K)->1024K(1024K)
[89.480s][info][gc,heap        ] GC(444) ParOldGen: 10870K(1398272K)->10982K(1398272K)
[89.480s][info][gc,metaspace   ] GC(444) Metaspace: 14347K(15296K)->14347K(15296K) NonClass: 12388K(12992K)->12388K(12992K) Class: 1959K(2304K)->1959K(2304K)
[89.480s][info][gc             ] GC(444) Pause Young (Allocation Failure) 359M->11M(1707M) 2.252ms
[89.480s][info][gc,cpu         ] GC(444) User=0.00s Sys=0.00s Real=0.00s
[89.711s][info][gc,start       ] GC(445) Pause Young (Allocation Failure)
[89.713s][info][gc,heap        ] GC(445) PSYoungGen: 349696K(349696K)->1024K(343040K) Eden: 348672K(348672K)->0K(342016K) From: 1024K(1024K)->1024K(1024K)
[89.713s][info][gc,heap        ] GC(445) ParOldGen: 10982K(1398272K)->11106K(1398272K)
[89.713s][info][gc,metaspace   ] GC(445) Metaspace: 14347K(15296K)->14347K(15296K) NonClass: 12388K(12992K)->12388K(12992K) Class: 1959K(2304K)->1959K(2304K)
[89.713s][info][gc             ] GC(445) Pause Young (Allocation Failure) 352M->11M(1700M) 2.279ms
[89.713s][info][gc,cpu         ] GC(445) User=0.00s Sys=0.00s Real=0.00s
[89.941s][info][gc,start       ] GC(446) Pause Young (Allocation Failure)
[89.943s][info][gc,heap        ] GC(446) PSYoungGen: 343040K(343040K)->1024K(336384K) Eden: 342016K(342016K)->0K(335360K) From: 1024K(1024K)->1024K(1024K)
[89.943s][info][gc,heap        ] GC(446) ParOldGen: 11106K(1398272K)->11210K(1398272K)
[89.943s][info][gc,metaspace   ] GC(446) Metaspace: 14347K(15296K)->14347K(15296K) NonClass: 12388K(12992K)->12388K(12992K) Class: 1959K(2304K)->1959K(2304K)
[89.943s][info][gc             ] GC(446) Pause Young (Allocation Failure) 345M->11M(1694M) 2.364ms
[89.943s][info][gc,cpu         ] GC(446) User=0.52s Sys=0.00s Real=0.00s
[90.170s][info][gc,start       ] GC(447) Pause Young (Allocation Failure)
[90.172s][info][gc,heap        ] GC(447) PSYoungGen: 336384K(336384K)->992K(330240K) Eden: 335360K(335360K)->0K(329216K) From: 1024K(1024K)->992K(1024K)
[90.172s][info][gc,heap        ] GC(447) ParOldGen: 11210K(1398272K)->11290K(1398272K)
[90.172s][info][gc,metaspace   ] GC(447) Metaspace: 14347K(15296K)->14347K(15296K) NonClass: 12388K(12992K)->12388K(12992K) Class: 1959K(2304K)->1959K(2304K)
[90.172s][info][gc             ] GC(447) Pause Young (Allocation Failure) 339M->11M(1688M) 2.432ms
[90.172s][info][gc,cpu         ] GC(447) User=0.00s Sys=0.00s Real=0.00s
[90.393s][info][gc,start       ] GC(448) Pause Young (Allocation Failure)
[90.395s][info][gc,heap        ] GC(448) PSYoungGen: 330208K(330240K)->1024K(324096K) Eden: 329216K(329216K)->0K(323072K) From: 992K(1024K)->1024K(1024K)
[90.395s][info][gc,heap        ] GC(448) ParOldGen: 11290K(1398272K)->11370K(1398272K)
[90.395s][info][gc,metaspace   ] GC(448) Metaspace: 14347K(15296K)->14347K(15296K) NonClass: 12388K(12992K)->12388K(12992K) Class: 1959K(2304K)->1959K(2304K)
[90.395s][info][gc             ] GC(448) Pause Young (Allocation Failure) 333M->12M(1682M) 2.410ms
[90.395s][info][gc,cpu         ] GC(448) User=0.00s Sys=0.00s Real=0.00s
[90.610s][info][gc,start       ] GC(449) Pause Young (Allocation Failure)
[90.612s][info][gc,heap        ] GC(449) PSYoungGen: 324096K(324096K)->992K(317952K) Eden: 323072K(323072K)->0K(316928K) From: 1024K(1024K)->992K(1024K)
[90.612s][info][gc,heap        ] GC(449) ParOldGen: 11370K(1398272K)->11466K(1398272K)
[90.612s][info][gc,metaspace   ] GC(449) Metaspace: 14347K(15296K)->14347K(15296K) NonClass: 12388K(12992K)->12388K(12992K) Class: 1959K(2304K)->1959K(2304K)
[90.612s][info][gc             ] GC(449) Pause Young (Allocation Failure) 327M->12M(1676M) 2.453ms
[90.612s][info][gc,cpu         ] GC(449) User=0.00s Sys=0.00s Real=0.00s
[90.822s][info][gc,start       ] GC(450) Pause Young (Allocation Failure)
[90.825s][info][gc,heap        ] GC(450) PSYoungGen: 317920K(317952K)->1024K(312320K) Eden: 316928K(316928K)->0K(311296K) From: 992K(1024K)->1024K(1024K)
[90.825s][info][gc,heap        ] GC(450) ParOldGen: 11466K(1398272K)->11546K(1398272K)
[90.825s][info][gc,metaspace   ] GC(450) Metaspace: 14347K(15296K)->14347K(15296K) NonClass: 12388K(12992K)->12388K(12992K) Class: 1959K(2304K)->1959K(2304K)
[90.825s][info][gc             ] GC(450) Pause Young (Allocation Failure) 321M->12M(1670M) 2.463ms
[90.825s][info][gc,cpu         ] GC(450) User=0.00s Sys=0.00s Real=0.00s
[91.031s][info][gc,start       ] GC(451) Pause Young (Allocation Failure)
[91.034s][info][gc,heap        ] GC(451) PSYoungGen: 312320K(312320K)->1024K(374784K) Eden: 311296K(311296K)->0K(373760K) From: 1024K(1024K)->1024K(1024K)
[91.034s][info][gc,heap        ] GC(451) ParOldGen: 11546K(1398272K)->11650K(1398272K)
[91.034s][info][gc,metaspace   ] GC(451) Metaspace: 14347K(15296K)->14347K(15296K) NonClass: 12388K(12992K)->12388K(12992K) Class: 1959K(2304K)->1959K(2304K)
[91.034s][info][gc             ] GC(451) Pause Young (Allocation Failure) 316M->12M(1731M) 2.527ms
[91.034s][info][gc,cpu         ] GC(451) User=0.00s Sys=0.00s Real=0.00s
[91.280s][info][gc,start       ] GC(452) Pause Young (Allocation Failure)
[91.283s][info][gc,heap        ] GC(452) PSYoungGen: 374784K(374784K)->992K(367104K) Eden: 373760K(373760K)->0K(366080K) From: 1024K(1024K)->992K(1024K)
[91.283s][info][gc,heap        ] GC(452) ParOldGen: 11650K(1398272K)->11722K(1398272K)
[91.283s][info][gc,metaspace   ] GC(452) Metaspace: 14347K(15296K)->14347K(15296K) NonClass: 12388K(12992K)->12388K(12992K) Class: 1959K(2304K)->1959K(2304K)
[91.283s][info][gc             ] GC(452) Pause Young (Allocation Failure) 377M->12M(1724M) 2.660ms
[91.283s][info][gc,cpu         ] GC(452) User=0.00s Sys=0.00s Real=0.00s
[91.519s][info][gc,start       ] GC(453) Pause Young (Allocation Failure)
[91.522s][info][gc,heap        ] GC(453) PSYoungGen: 367072K(367104K)->1024K(359936K) Eden: 366080K(366080K)->0K(358912K) From: 992K(1024K)->1024K(1024K)
[91.522s][info][gc,heap        ] GC(453) ParOldGen: 11722K(1398272K)->11810K(1398272K)
[91.522s][info][gc,metaspace   ] GC(453) Metaspace: 14347K(15296K)->14347K(15296K) NonClass: 12388K(12992K)->12388K(12992K) Class: 1959K(2304K)->1959K(2304K)
[91.522s][info][gc             ] GC(453) Pause Young (Allocation Failure) 369M->12M(1717M) 2.682ms
[91.522s][info][gc,cpu         ] GC(453) User=0.52s Sys=0.00s Real=0.00s
[91.745s][info][gc,start       ] GC(454) Pause Young (Allocation Failure)
[91.748s][info][gc,heap        ] GC(454) PSYoungGen: 359936K(359936K)->992K(403968K) Eden: 358912K(358912K)->0K(402432K) From: 1024K(1024K)->992K(1536K)
[91.748s][info][gc,heap        ] GC(454) ParOldGen: 11810K(1398272K)->11922K(1398272K)
[91.748s][info][gc,metaspace   ] GC(454) Metaspace: 14347K(15296K)->14347K(15296K) NonClass: 12388K(12992K)->12388K(12992K) Class: 1959K(2304K)->1959K(2304K)
[91.748s][info][gc             ] GC(454) Pause Young (Allocation Failure) 363M->12M(1760M) 2.713ms
[91.748s][info][gc,cpu         ] GC(454) User=0.00s Sys=0.00s Real=0.00s
[91.935s][info][gc,start       ] GC(455) Pause Young (Allocation Failure)
[91.938s][info][gc,heap        ] GC(455) PSYoungGen: 403424K(403968K)->672K(403968K) Eden: 402432K(402432K)->0K(402432K) From: 992K(1536K)->672K(1536K)
[91.938s][info][gc,heap        ] GC(455) ParOldGen: 11922K(1398272K)->12018K(1398272K)
[91.938s][info][gc,metaspace   ] GC(455) Metaspace: 14347K(15296K)->14347K(15296K) NonClass: 12388K(12992K)->12388K(12992K) Class: 1959K(2304K)->1959K(2304K)
[91.938s][info][gc             ] GC(455) Pause Young (Allocation Failure) 405M->12M(1760M) 2.842ms
[91.938s][info][gc,cpu         ] GC(455) User=0.00s Sys=0.00s Real=0.00s
[92.147s][info][gc,start       ] GC(456) Pause Young (System.gc())
[92.150s][info][gc,heap        ] GC(456) PSYoungGen: 276506K(403968K)->448K(484864K) Eden: 275834K(402432K)->0K(483328K) From: 672K(1536K)->448K(1536K)
[92.150s][info][gc,heap        ] GC(456) ParOldGen: 12018K(1398272K)->12090K(1398272K)
[92.150s][info][gc,metaspace   ] GC(456) Metaspace: 14348K(15296K)->14348K(15296K) NonClass: 12388K(12992K)->12388K(12992K) Class: 1959K(2304K)->1959K(2304K)
[92.151s][info][gc             ] GC(456) Pause Young (System.gc()) 281M->12M(1839M) 3.114ms
[92.151s][info][gc,cpu         ] GC(456) User=0.00s Sys=0.00s Real=0.00s
[92.151s][info][gc,start       ] GC(457) Pause Full (System.gc())
[92.151s][info][gc,phases,start] GC(457) Marking Phase
[92.166s][info][gc,phases      ] GC(457) Marking Phase 15.586ms
[92.166s][info][gc,phases,start] GC(457) Summary Phase
[92.166s][info][gc,phases      ] GC(457) Summary Phase 0.027ms
[92.166s][info][gc,phases,start] GC(457) Adjust Roots
[92.173s][info][gc,phases      ] GC(457) Adjust Roots 6.138ms
[92.173s][info][gc,phases,start] GC(457) Compaction Phase
[92.175s][info][gc,phases      ] GC(457) Compaction Phase 2.093ms
[92.175s][info][gc,phases,start] GC(457) Post Compact
[92.175s][info][gc,phases      ] GC(457) Post Compact 0.503ms
[92.175s][info][gc,heap        ] GC(457) PSYoungGen: 448K(484864K)->0K(484864K) Eden: 0K(483328K)->0K(483328K) From: 448K(1536K)->0K(1536K)
[92.175s][info][gc,heap        ] GC(457) ParOldGen: 12090K(1398272K)->5374K(1398272K)
[92.175s][info][gc,metaspace   ] GC(457) Metaspace: 14348K(15296K)->14348K(15296K) NonClass: 12388K(12992K)->12388K(12992K) Class: 1959K(2304K)->1959K(2304K)
[92.175s][info][gc             ] GC(457) Pause Full (System.gc()) 12M->5M(1839M) 24.608ms
[92.175s][info][gc,cpu         ] GC(457) User=0.02s Sys=0.00s Real=0.03s
[92.582s][info][gc,start       ] GC(458) Pause Young (Allocation Failure)
[92.585s][info][gc,heap        ] GC(458) PSYoungGen: 483328K(484864K)->1536K(484864K) Eden: 483328K(483328K)->0K(483328K) From: 0K(1536K)->1536K(1536K)
[92.585s][info][gc,heap        ] GC(458) ParOldGen: 5374K(1398272K)->5816K(1398272K)
[92.585s][info][gc,metaspace   ] GC(458) Metaspace: 14352K(15296K)->14352K(15296K) NonClass: 12392K(12992K)->12392K(12992K) Class: 1959K(2304K)->1959K(2304K)
[92.585s][info][gc             ] GC(458) Pause Young (Allocation Failure) 477M->7M(1839M) 3.704ms
[92.585s][info][gc,cpu         ] GC(458) User=0.11s Sys=0.41s Real=0.00s
[92.964s][info][gc,start       ] GC(459) Pause Young (Allocation Failure)
[92.967s][info][gc,heap        ] GC(459) PSYoungGen: 484864K(484864K)->1056K(473600K) Eden: 483328K(483328K)->0K(472064K) From: 1536K(1536K)->1056K(1536K)
[92.967s][info][gc,heap        ] GC(459) ParOldGen: 5816K(1398272K)->7098K(1398272K)
[92.967s][info][gc,metaspace   ] GC(459) Metaspace: 14352K(15296K)->14352K(15296K) NonClass: 12392K(12992K)->12392K(12992K) Class: 1959K(2304K)->1959K(2304K)
[92.967s][info][gc             ] GC(459) Pause Young (Allocation Failure) 479M->7M(1828M) 2.655ms
[92.967s][info][gc,cpu         ] GC(459) User=0.00s Sys=0.00s Real=0.00s
[93.301s][info][gc,start       ] GC(460) Pause Young (Allocation Failure)
[93.303s][info][gc,heap        ] GC(460) PSYoungGen: 473120K(473600K)->1056K(462848K) Eden: 472064K(472064K)->0K(461312K) From: 1056K(1536K)->1056K(1536K)
[93.303s][info][gc,heap        ] GC(460) ParOldGen: 7098K(1398272K)->7242K(1398272K)
[93.303s][info][gc,metaspace   ] GC(460) Metaspace: 14352K(15296K)->14352K(15296K) NonClass: 12392K(12992K)->12392K(12992K) Class: 1959K(2304K)->1959K(2304K)
[93.303s][info][gc             ] GC(460) Pause Young (Allocation Failure) 468M->8M(1817M) 2.351ms
[93.303s][info][gc,cpu         ] GC(460) User=0.52s Sys=0.00s Real=0.00s
[93.605s][info][gc,start       ] GC(461) Pause Young (Allocation Failure)
[93.607s][info][gc,heap        ] GC(461) PSYoungGen: 462368K(462848K)->512K(451072K) Eden: 461312K(461312K)->0K(450560K) From: 1056K(1536K)->512K(512K)
[93.607s][info][gc,heap        ] GC(461) ParOldGen: 7242K(1398272K)->7450K(1398272K)
[93.607s][info][gc,metaspace   ] GC(461) Metaspace: 14352K(15296K)->14352K(15296K) NonClass: 12392K(12992K)->12392K(12992K) Class: 1959K(2304K)->1959K(2304K)
[93.607s][info][gc             ] GC(461) Pause Young (Allocation Failure) 458M->7M(1806M) 2.453ms
[93.607s][info][gc,cpu         ] GC(461) User=0.00s Sys=0.00s Real=0.00s
[93.899s][info][gc,start       ] GC(462) Pause Young (Allocation Failure)
[93.902s][info][gc,heap        ] GC(462) PSYoungGen: 451072K(451072K)->1056K(441856K) Eden: 450560K(450560K)->0K(440320K) From: 512K(512K)->1056K(1536K)
[93.902s][info][gc,heap        ] GC(462) ParOldGen: 7450K(1398272K)->7506K(1398272K)
[93.902s][info][gc,metaspace   ] GC(462) Metaspace: 14352K(15296K)->14352K(15296K) NonClass: 12392K(12992K)->12392K(12992K) Class: 1959K(2304K)->1959K(2304K)
[93.902s][info][gc             ] GC(462) Pause Young (Allocation Failure) 447M->8M(1797M) 2.492ms
[93.902s][info][gc,cpu         ] GC(462) User=0.00s Sys=0.00s Real=0.00s
[94.188s][info][gc,start       ] GC(463) Pause Young (Allocation Failure)
[94.191s][info][gc,heap        ] GC(463) PSYoungGen: 441376K(441856K)->1024K(431616K) Eden: 440320K(440320K)->0K(430592K) From: 1056K(1536K)->1024K(1024K)
[94.191s][info][gc,heap        ] GC(463) ParOldGen: 7506K(1398272K)->7626K(1398272K)
[94.191s][info][gc,metaspace   ] GC(463) Metaspace: 14352K(15296K)->14352K(15296K) NonClass: 12392K(12992K)->12392K(12992K) Class: 1959K(2304K)->1959K(2304K)
[94.191s][info][gc             ] GC(463) Pause Young (Allocation Failure) 438M->8M(1787M) 2.540ms
[94.191s][info][gc,cpu         ] GC(463) User=0.00s Sys=0.00s Real=0.00s
[94.471s][info][gc,start       ] GC(464) Pause Young (Allocation Failure)
[94.474s][info][gc,heap        ] GC(464) PSYoungGen: 431616K(431616K)->1024K(422400K) Eden: 430592K(430592K)->0K(421376K) From: 1024K(1024K)->1024K(1024K)
[94.474s][info][gc,heap        ] GC(464) ParOldGen: 7626K(1398272K)->7730K(1398272K)
[94.474s][info][gc,metaspace   ] GC(464) Metaspace: 14352K(15296K)->14352K(15296K) NonClass: 12392K(12992K)->12392K(12992K) Class: 1959K(2304K)->1959K(2304K)
[94.474s][info][gc             ] GC(464) Pause Young (Allocation Failure) 428M->8M(1778M) 2.588ms
[94.474s][info][gc,cpu         ] GC(464) User=0.52s Sys=0.00s Real=0.00s
[94.747s][info][gc,start       ] GC(465) Pause Young (Allocation Failure)
[94.750s][info][gc,heap        ] GC(465) PSYoungGen: 422400K(422400K)->1056K(413696K) Eden: 421376K(421376K)->0K(412160K) From: 1024K(1024K)->1056K(1536K)
[94.750s][info][gc,heap        ] GC(465) ParOldGen: 7730K(1398272K)->7898K(1398272K)
[94.750s][info][gc,metaspace   ] GC(465) Metaspace: 14352K(15296K)->14352K(15296K) NonClass: 12392K(12992K)->12392K(12992K) Class: 1959K(2304K)->1959K(2304K)
[94.750s][info][gc             ] GC(465) Pause Young (Allocation Failure) 420M->8M(1769M) 2.612ms
[94.750s][info][gc,cpu         ] GC(465) User=0.00s Sys=0.00s Real=0.00s
[95.020s][info][gc,start       ] GC(466) Pause Young (Allocation Failure)
[95.023s][info][gc,heap        ] GC(466) PSYoungGen: 413216K(413696K)->1024K(404480K) Eden: 412160K(412160K)->0K(403456K) From: 1056K(1536K)->1024K(1024K)
[95.023s][info][gc,heap        ] GC(466) ParOldGen: 7898K(1398272K)->8018K(1398272K)
[95.023s][info][gc,metaspace   ] GC(466) Metaspace: 14352K(15296K)->14352K(15296K) NonClass: 12392K(12992K)->12392K(12992K) Class: 1959K(2304K)->1959K(2304K)
[95.023s][info][gc             ] GC(466) Pause Young (Allocation Failure) 411M->8M(1760M) 2.673ms
[95.023s][info][gc,cpu         ] GC(466) User=0.00s Sys=0.00s Real=0.00s
[95.286s][info][gc,start       ] GC(467) Pause Young (Allocation Failure)
[95.288s][info][gc,heap        ] GC(467) PSYoungGen: 404480K(404480K)->1024K(395776K) Eden: 403456K(403456K)->0K(394752K) From: 1024K(1024K)->1024K(1024K)
[95.288s][info][gc,heap        ] GC(467) ParOldGen: 8018K(1398272K)->8138K(1398272K)
[95.288s][info][gc,metaspace   ] GC(467) Metaspace: 14352K(15296K)->14352K(15296K) NonClass: 12392K(12992K)->12392K(12992K) Class: 1959K(2304K)->1959K(2304K)
[95.288s][info][gc             ] GC(467) Pause Young (Allocation Failure) 402M->8M(1752M) 2.641ms
[95.288s][info][gc,cpu         ] GC(467) User=0.00s Sys=0.00s Real=0.00s
[95.547s][info][gc,start       ] GC(468) Pause Young (Allocation Failure)
[95.550s][info][gc,heap        ] GC(468) PSYoungGen: 395776K(395776K)->1056K(388096K) Eden: 394752K(394752K)->0K(386560K) From: 1024K(1024K)->1056K(1536K)
[95.550s][info][gc,heap        ] GC(468) ParOldGen: 8138K(1398272K)->8226K(1398272K)
[95.550s][info][gc,metaspace   ] GC(468) Metaspace: 14352K(15296K)->14352K(15296K) NonClass: 12392K(12992K)->12392K(12992K) Class: 1959K(2304K)->1959K(2304K)
[95.550s][info][gc             ] GC(468) Pause Young (Allocation Failure) 394M->9M(1744M) 2.748ms
[95.550s][info][gc,cpu         ] GC(468) User=0.00s Sys=0.00s Real=0.00s
[95.799s][info][gc,start       ] GC(469) Pause Young (Allocation Failure)
[95.802s][info][gc,heap        ] GC(469) PSYoungGen: 387616K(388096K)->1024K(379392K) Eden: 386560K(386560K)->0K(378368K) From: 1056K(1536K)->1024K(1024K)
[95.802s][info][gc,heap        ] GC(469) ParOldGen: 8226K(1398272K)->8346K(1398272K)
[95.802s][info][gc,metaspace   ] GC(469) Metaspace: 14352K(15296K)->14352K(15296K) NonClass: 12392K(12992K)->12392K(12992K) Class: 1959K(2304K)->1959K(2304K)
[95.802s][info][gc             ] GC(469) Pause Young (Allocation Failure) 386M->9M(1736M) 2.754ms
[95.802s][info][gc,cpu         ] GC(469) User=0.52s Sys=0.00s Real=0.00s
[96.053s][info][gc,start       ] GC(470) Pause Young (Allocation Failure)
[96.056s][info][gc,heap        ] GC(470) PSYoungGen: 379392K(379392K)->1024K(371712K) Eden: 378368K(378368K)->0K(370688K) From: 1024K(1024K)->1024K(1024K)
[96.056s][info][gc,heap        ] GC(470) ParOldGen: 8346K(1398272K)->8458K(1398272K)
[96.056s][info][gc,metaspace   ] GC(470) Metaspace: 14352K(15296K)->14352K(15296K) NonClass: 12392K(12992K)->12392K(12992K) Class: 1959K(2304K)->1959K(2304K)
[96.056s][info][gc             ] GC(470) Pause Young (Allocation Failure) 378M->9M(1728M) 2.836ms
[96.056s][info][gc,cpu         ] GC(470) User=0.00s Sys=0.00s Real=0.00s
[96.324s][info][gc,start       ] GC(471) Pause Young (Allocation Failure)
[96.327s][info][gc,heap        ] GC(471) PSYoungGen: 371712K(371712K)->1024K(364544K) Eden: 370688K(370688K)->0K(363520K) From: 1024K(1024K)->1024K(1024K)
[96.327s][info][gc,heap        ] GC(471) ParOldGen: 8458K(1398272K)->8554K(1398272K)
[96.327s][info][gc,metaspace   ] GC(471) Metaspace: 14352K(15296K)->14352K(15296K) NonClass: 12392K(12992K)->12392K(12992K) Class: 1959K(2304K)->1959K(2304K)
[96.327s][info][gc             ] GC(471) Pause Young (Allocation Failure) 371M->9M(1721M) 3.170ms
[96.328s][info][gc,cpu         ] GC(471) User=0.00s Sys=0.00s Real=0.00s
[96.579s][info][gc,start       ] GC(472) Pause Young (Allocation Failure)
[96.582s][info][gc,heap        ] GC(472) PSYoungGen: 364544K(364544K)->1056K(357888K) Eden: 363520K(363520K)->0K(356352K) From: 1024K(1024K)->1056K(1536K)
[96.582s][info][gc,heap        ] GC(472) ParOldGen: 8554K(1398272K)->8650K(1398272K)
[96.582s][info][gc,metaspace   ] GC(472) Metaspace: 14352K(15296K)->14352K(15296K) NonClass: 12392K(12992K)->12392K(12992K) Class: 1959K(2304K)->1959K(2304K)
[96.582s][info][gc             ] GC(472) Pause Young (Allocation Failure) 364M->9M(1715M) 2.659ms
[96.582s][info][gc,cpu         ] GC(472) User=0.00s Sys=0.00s Real=0.00s
[96.844s][info][gc,start       ] GC(473) Pause Young (Allocation Failure)
[96.846s][info][gc,heap        ] GC(473) PSYoungGen: 357408K(357888K)->1024K(350208K) Eden: 356352K(356352K)->0K(349184K) From: 1056K(1536K)->1024K(1024K)
[96.846s][info][gc,heap        ] GC(473) ParOldGen: 8650K(1398272K)->8802K(1398272K)
[96.846s][info][gc,metaspace   ] GC(473) Metaspace: 14352K(15296K)->14352K(15296K) NonClass: 12392K(12992K)->12392K(12992K) Class: 1959K(2304K)->1959K(2304K)
[96.846s][info][gc             ] GC(473) Pause Young (Allocation Failure) 357M->9M(1707M) 2.400ms
[96.846s][info][gc,cpu         ] GC(473) User=0.00s Sys=0.00s Real=0.00s
[97.079s][info][gc,start       ] GC(474) Pause Young (Allocation Failure)
[97.081s][info][gc,heap        ] GC(474) PSYoungGen: 350208K(350208K)->1024K(343552K) Eden: 349184K(349184K)->0K(342528K) From: 1024K(1024K)->1024K(1024K)
[97.081s][info][gc,heap        ] GC(474) ParOldGen: 8802K(1398272K)->8914K(1398272K)
[97.081s][info][gc,metaspace   ] GC(474) Metaspace: 14352K(15296K)->14352K(15296K) NonClass: 12392K(12992K)->12392K(12992K) Class: 1959K(2304K)->1959K(2304K)
[97.081s][info][gc             ] GC(474) Pause Young (Allocation Failure) 350M->9M(1701M) 2.361ms
[97.081s][info][gc,cpu         ] GC(474) User=0.00s Sys=0.00s Real=0.00s
[97.301s][info][gc,start       ] GC(475) Pause Young (Allocation Failure)
[97.303s][info][gc,heap        ] GC(475) PSYoungGen: 343552K(343552K)->992K(336896K) Eden: 342528K(342528K)->0K(335872K) From: 1024K(1024K)->992K(1024K)
[97.303s][info][gc,heap        ] GC(475) ParOldGen: 8914K(1398272K)->9010K(1398272K)
[97.303s][info][gc,metaspace   ] GC(475) Metaspace: 14352K(15296K)->14352K(15296K) NonClass: 12392K(12992K)->12392K(12992K) Class: 1959K(2304K)->1959K(2304K)
[97.303s][info][gc             ] GC(475) Pause Young (Allocation Failure) 344M->9M(1694M) 2.369ms
[97.303s][info][gc,cpu         ] GC(475) User=0.36s Sys=0.05s Real=0.00s
[97.520s][info][gc,start       ] GC(476) Pause Young (Allocation Failure)
[97.522s][info][gc,heap        ] GC(476) PSYoungGen: 336864K(336896K)->1056K(331264K) Eden: 335872K(335872K)->0K(329728K) From: 992K(1024K)->1056K(1536K)
[97.522s][info][gc,heap        ] GC(476) ParOldGen: 9010K(1398272K)->9082K(1398272K)
[97.522s][info][gc,metaspace   ] GC(476) Metaspace: 14352K(15296K)->14352K(15296K) NonClass: 12392K(12992K)->12392K(12992K) Class: 1959K(2304K)->1959K(2304K)
[97.522s][info][gc             ] GC(476) Pause Young (Allocation Failure) 337M->9M(1689M) 2.386ms
[97.522s][info][gc,cpu         ] GC(476) User=0.00s Sys=0.00s Real=0.00s
[97.738s][info][gc,start       ] GC(477) Pause Young (Allocation Failure)
[97.740s][info][gc,heap        ] GC(477) PSYoungGen: 330784K(331264K)->1024K(324608K) Eden: 329728K(329728K)->0K(323584K) From: 1056K(1536K)->1024K(1024K)
[97.740s][info][gc,heap        ] GC(477) ParOldGen: 9082K(1398272K)->9186K(1398272K)
[97.740s][info][gc,metaspace   ] GC(477) Metaspace: 14352K(15296K)->14352K(15296K) NonClass: 12392K(12992K)->12392K(12992K) Class: 1959K(2304K)->1959K(2304K)
[97.740s][info][gc             ] GC(477) Pause Young (Allocation Failure) 331M->9M(1682M) 2.478ms
[97.740s][info][gc,cpu         ] GC(477) User=0.52s Sys=0.00s Real=0.00s
[97.949s][info][gc,start       ] GC(478) Pause Young (Allocation Failure)
[97.952s][info][gc,heap        ] GC(478) PSYoungGen: 324608K(324608K)->1024K(389632K) Eden: 323584K(323584K)->0K(388608K) From: 1024K(1024K)->1024K(1024K)
[97.952s][info][gc,heap        ] GC(478) ParOldGen: 9186K(1398272K)->9274K(1398272K)
[97.952s][info][gc,metaspace   ] GC(478) Metaspace: 14352K(15296K)->14352K(15296K) NonClass: 12392K(12992K)->12392K(12992K) Class: 1959K(2304K)->1959K(2304K)
[97.952s][info][gc             ] GC(478) Pause Young (Allocation Failure) 325M->10M(1746M) 2.477ms
[97.952s][info][gc,cpu         ] GC(478) User=0.00s Sys=0.00s Real=0.00s
[98.205s][info][gc,start       ] GC(479) Pause Young (Allocation Failure)
[98.208s][info][gc,heap        ] GC(479) PSYoungGen: 389632K(389632K)->1024K(467456K) Eden: 388608K(388608K)->0K(466432K) From: 1024K(1024K)->1024K(1024K)
[98.208s][info][gc,heap        ] GC(479) ParOldGen: 9274K(1398272K)->9362K(1398272K)
[98.208s][info][gc,metaspace   ] GC(479) Metaspace: 14352K(15296K)->14352K(15296K) NonClass: 12392K(12992K)->12392K(12992K) Class: 1959K(2304K)->1959K(2304K)
[98.208s][info][gc             ] GC(479) Pause Young (Allocation Failure) 389M->10M(1822M) 2.624ms
[98.208s][info][gc,cpu         ] GC(479) User=0.52s Sys=0.00s Real=0.00s
[98.510s][info][gc,start       ] GC(480) Pause Young (Allocation Failure)
[98.513s][info][gc,heap        ] GC(480) PSYoungGen: 467456K(467456K)->1056K(457216K) Eden: 466432K(466432K)->0K(455680K) From: 1024K(1024K)->1056K(1536K)
[98.513s][info][gc,heap        ] GC(480) ParOldGen: 9362K(1398272K)->9458K(1398272K)
[98.513s][info][gc,metaspace   ] GC(480) Metaspace: 14352K(15296K)->14352K(15296K) NonClass: 12392K(12992K)->12392K(12992K) Class: 1959K(2304K)->1959K(2304K)
[98.513s][info][gc             ] GC(480) Pause Young (Allocation Failure) 465M->10M(1812M) 2.771ms
[98.513s][info][gc,cpu         ] GC(480) User=0.00s Sys=0.00s Real=0.00s
[98.807s][info][gc,start       ] GC(481) Pause Young (Allocation Failure)
[98.810s][info][gc,heap        ] GC(481) PSYoungGen: 456736K(457216K)->1024K(446464K) Eden: 455680K(455680K)->0K(445440K) From: 1056K(1536K)->1024K(1024K)
[98.810s][info][gc,heap        ] GC(481) ParOldGen: 9458K(1398272K)->9586K(1398272K)
[98.810s][info][gc,metaspace   ] GC(481) Metaspace: 14352K(15296K)->14352K(15296K) NonClass: 12392K(12992K)->12392K(12992K) Class: 1959K(2304K)->1959K(2304K)
[98.810s][info][gc             ] GC(481) Pause Young (Allocation Failure) 455M->10M(1801M) 2.759ms
[98.810s][info][gc,cpu         ] GC(481) User=0.00s Sys=0.00s Real=0.00s
[99.177s][info][gc,start       ] GC(482) Pause Young (Allocation Failure)
[99.181s][info][gc,heap        ] GC(482) PSYoungGen: 446464K(446464K)->1024K(436736K) Eden: 445440K(445440K)->0K(435712K) From: 1024K(1024K)->1024K(1024K)
[99.181s][info][gc,heap        ] GC(482) ParOldGen: 9586K(1398272K)->9682K(1398272K)
[99.181s][info][gc,metaspace   ] GC(482) Metaspace: 14352K(15296K)->14352K(15296K) NonClass: 12392K(12992K)->12392K(12992K) Class: 1959K(2304K)->1959K(2304K)
[99.181s][info][gc             ] GC(482) Pause Young (Allocation Failure) 445M->10M(1792M) 3.729ms
[99.181s][info][gc,cpu         ] GC(482) User=0.00s Sys=0.00s Real=0.00s
[99.485s][info][gc,start       ] GC(483) Pause Young (Allocation Failure)
[99.487s][info][gc,heap        ] GC(483) PSYoungGen: 436736K(436736K)->1024K(427008K) Eden: 435712K(435712K)->0K(425984K) From: 1024K(1024K)->1024K(1024K)
[99.487s][info][gc,heap        ] GC(483) ParOldGen: 9682K(1398272K)->9802K(1398272K)
[99.487s][info][gc,metaspace   ] GC(483) Metaspace: 14352K(15296K)->14352K(15296K) NonClass: 12392K(12992K)->12392K(12992K) Class: 1959K(2304K)->1959K(2304K)
[99.487s][info][gc             ] GC(483) Pause Young (Allocation Failure) 435M->10M(1782M) 2.504ms
[99.487s][info][gc,cpu         ] GC(483) User=0.00s Sys=0.00s Real=0.00s
[99.796s][info][gc,start       ] GC(484) Pause Young (Allocation Failure)
[99.798s][info][gc,heap        ] GC(484) PSYoungGen: 427008K(427008K)->1056K(418304K) Eden: 425984K(425984K)->0K(416768K) From: 1024K(1024K)->1056K(1536K)
[99.798s][info][gc,heap        ] GC(484) ParOldGen: 9802K(1398272K)->9898K(1398272K)
[99.798s][info][gc,metaspace   ] GC(484) Metaspace: 14352K(15296K)->14352K(15296K) NonClass: 12392K(12992K)->12392K(12992K) Class: 1959K(2304K)->1959K(2304K)
[99.798s][info][gc             ] GC(484) Pause Young (Allocation Failure) 426M->10M(1774M) 2.289ms
[99.798s][info][gc,cpu         ] GC(484) User=0.00s Sys=0.00s Real=0.00s
[100.071s][info][gc,start       ] GC(485) Pause Young (Allocation Failure)
[100.073s][info][gc,heap        ] GC(485) PSYoungGen: 417824K(418304K)->992K(408576K) Eden: 416768K(416768K)->0K(407552K) From: 1056K(1536K)->992K(1024K)
[100.073s][info][gc,heap        ] GC(485) ParOldGen: 9898K(1398272K)->10018K(1398272K)
[100.073s][info][gc,metaspace   ] GC(485) Metaspace: 14352K(15296K)->14352K(15296K) NonClass: 12392K(12992K)->12392K(12992K) Class: 1959K(2304K)->1959K(2304K)
[100.073s][info][gc             ] GC(485) Pause Young (Allocation Failure) 417M->10M(1764M) 2.281ms
[100.073s][info][gc,cpu         ] GC(485) User=0.00s Sys=0.00s Real=0.00s
[100.338s][info][gc,start       ] GC(486) Pause Young (Allocation Failure)
[100.341s][info][gc,heap        ] GC(486) PSYoungGen: 408544K(408576K)->1024K(399872K) Eden: 407552K(407552K)->0K(398848K) From: 992K(1024K)->1024K(1024K)
[100.341s][info][gc,heap        ] GC(486) ParOldGen: 10018K(1398272K)->10146K(1398272K)
[100.341s][info][gc,metaspace   ] GC(486) Metaspace: 14352K(15296K)->14352K(15296K) NonClass: 12392K(12992K)->12392K(12992K) Class: 1959K(2304K)->1959K(2304K)
[100.341s][info][gc             ] GC(486) Pause Young (Allocation Failure) 408M->10M(1756M) 2.369ms
[100.341s][info][gc,cpu         ] GC(486) User=0.00s Sys=0.00s Real=0.00s
[100.600s][info][gc,start       ] GC(487) Pause Young (Allocation Failure)
[100.603s][info][gc,heap        ] GC(487) PSYoungGen: 399872K(399872K)->1024K(391680K) Eden: 398848K(398848K)->0K(390656K) From: 1024K(1024K)->1024K(1024K)
[100.603s][info][gc,heap        ] GC(487) ParOldGen: 10146K(1398272K)->10250K(1398272K)
[100.603s][info][gc,metaspace   ] GC(487) Metaspace: 14352K(15296K)->14352K(15296K) NonClass: 12392K(12992K)->12392K(12992K) Class: 1959K(2304K)->1959K(2304K)
[100.603s][info][gc             ] GC(487) Pause Young (Allocation Failure) 400M->11M(1748M) 2.448ms
[100.603s][info][gc,cpu         ] GC(487) User=0.00s Sys=0.00s Real=0.00s
[100.857s][info][gc,start       ] GC(488) Pause Young (Allocation Failure)
[100.860s][info][gc,heap        ] GC(488) PSYoungGen: 391680K(391680K)->1056K(384000K) Eden: 390656K(390656K)->0K(382464K) From: 1024K(1024K)->1056K(1536K)
[100.860s][info][gc,heap        ] GC(488) ParOldGen: 10250K(1398272K)->10354K(1398272K)
[100.860s][info][gc,metaspace   ] GC(488) Metaspace: 14352K(15296K)->14352K(15296K) NonClass: 12392K(12992K)->12392K(12992K) Class: 1959K(2304K)->1959K(2304K)
[100.860s][info][gc             ] GC(488) Pause Young (Allocation Failure) 392M->11M(1740M) 2.457ms
[100.860s][info][gc,cpu         ] GC(488) User=0.00s Sys=0.00s Real=0.00s
[101.108s][info][gc,start       ] GC(489) Pause Young (Allocation Failure)
[101.110s][info][gc,heap        ] GC(489) PSYoungGen: 383520K(384000K)->1024K(375808K) Eden: 382464K(382464K)->0K(374784K) From: 1056K(1536K)->1024K(1024K)
[101.110s][info][gc,heap        ] GC(489) ParOldGen: 10354K(1398272K)->10490K(1398272K)
[101.110s][info][gc,metaspace   ] GC(489) Metaspace: 14352K(15296K)->14352K(15296K) NonClass: 12392K(12992K)->12392K(12992K) Class: 1959K(2304K)->1959K(2304K)
[101.110s][info][gc             ] GC(489) Pause Young (Allocation Failure) 384M->11M(1732M) 2.478ms
[101.111s][info][gc,cpu         ] GC(489) User=0.00s Sys=0.00s Real=0.00s
[101.358s][info][gc,start       ] GC(490) Pause Young (Allocation Failure)
[101.360s][info][gc,heap        ] GC(490) PSYoungGen: 375808K(375808K)->1024K(368128K) Eden: 374784K(374784K)->0K(367104K) From: 1024K(1024K)->1024K(1024K)
[101.360s][info][gc,heap        ] GC(490) ParOldGen: 10490K(1398272K)->10586K(1398272K)
[101.360s][info][gc,metaspace   ] GC(490) Metaspace: 14352K(15296K)->14352K(15296K) NonClass: 12392K(12992K)->12392K(12992K) Class: 1959K(2304K)->1959K(2304K)
[101.360s][info][gc             ] GC(490) Pause Young (Allocation Failure) 377M->11M(1725M) 2.529ms
[101.360s][info][gc,cpu         ] GC(490) User=0.00s Sys=0.00s Real=0.00s
[101.600s][info][gc,start       ] GC(491) Pause Young (Allocation Failure)
[101.603s][info][gc,heap        ] GC(491) PSYoungGen: 368128K(368128K)->992K(360960K) Eden: 367104K(367104K)->0K(359936K) From: 1024K(1024K)->992K(1024K)
[101.603s][info][gc,heap        ] GC(491) ParOldGen: 10586K(1398272K)->10674K(1398272K)
[101.603s][info][gc,metaspace   ] GC(491) Metaspace: 14352K(15296K)->14352K(15296K) NonClass: 12392K(12992K)->12392K(12992K) Class: 1959K(2304K)->1959K(2304K)
[101.603s][info][gc             ] GC(491) Pause Young (Allocation Failure) 369M->11M(1718M) 2.622ms
[101.603s][info][gc,cpu         ] GC(491) User=0.00s Sys=0.00s Real=0.00s
[101.838s][info][gc,start       ] GC(492) Pause Young (Allocation Failure)
[101.841s][info][gc,heap        ] GC(492) PSYoungGen: 360928K(360960K)->1024K(353792K) Eden: 359936K(359936K)->0K(352768K) From: 992K(1024K)->1024K(1024K)
[101.841s][info][gc,heap        ] GC(492) ParOldGen: 10674K(1398272K)->10754K(1398272K)
[101.841s][info][gc,metaspace   ] GC(492) Metaspace: 14352K(15296K)->14352K(15296K) NonClass: 12392K(12992K)->12392K(12992K) Class: 1959K(2304K)->1959K(2304K)
[101.841s][info][gc             ] GC(492) Pause Young (Allocation Failure) 362M->11M(1711M) 2.620ms
[101.841s][info][gc,cpu         ] GC(492) User=0.00s Sys=0.00s Real=0.00s
[102.069s][info][gc,start       ] GC(493) Pause Young (Allocation Failure)
[102.071s][info][gc,heap        ] GC(493) PSYoungGen: 353792K(353792K)->1024K(347136K) Eden: 352768K(352768K)->0K(346112K) From: 1024K(1024K)->1024K(1024K)
[102.072s][info][gc,heap        ] GC(493) ParOldGen: 10754K(1398272K)->10842K(1398272K)
[102.072s][info][gc,metaspace   ] GC(493) Metaspace: 14352K(15296K)->14352K(15296K) NonClass: 12392K(12992K)->12392K(12992K) Class: 1959K(2304K)->1959K(2304K)
[102.072s][info][gc             ] GC(493) Pause Young (Allocation Failure) 356M->11M(1704M) 2.599ms
[102.072s][info][gc,cpu         ] GC(493) User=0.00s Sys=0.00s Real=0.00s
[102.297s][info][gc,start       ] GC(494) Pause Young (Allocation Failure)
[102.300s][info][gc,heap        ] GC(494) PSYoungGen: 347136K(347136K)->1024K(416768K) Eden: 346112K(346112K)->0K(415744K) From: 1024K(1024K)->1024K(1024K)
[102.300s][info][gc,heap        ] GC(494) ParOldGen: 10842K(1398272K)->10918K(1398272K)
[102.300s][info][gc,metaspace   ] GC(494) Metaspace: 14352K(15296K)->14352K(15296K) NonClass: 12392K(12992K)->12392K(12992K) Class: 1959K(2304K)->1959K(2304K)
[102.300s][info][gc             ] GC(494) Pause Young (Allocation Failure) 349M->11M(1772M) 2.667ms
[102.300s][info][gc,cpu         ] GC(494) User=0.00s Sys=0.00s Real=0.00s
[102.570s][info][gc,start       ] GC(495) Pause Young (Allocation Failure)
[102.573s][info][gc,heap        ] GC(495) PSYoungGen: 416768K(416768K)->1024K(408064K) Eden: 415744K(415744K)->0K(407040K) From: 1024K(1024K)->1024K(1024K)
[102.573s][info][gc,heap        ] GC(495) ParOldGen: 10918K(1398272K)->11030K(1398272K)
[102.573s][info][gc,metaspace   ] GC(495) Metaspace: 14352K(15296K)->14352K(15296K) NonClass: 12392K(12992K)->12392K(12992K) Class: 1959K(2304K)->1959K(2304K)
[102.573s][info][gc             ] GC(495) Pause Young (Allocation Failure) 417M->11M(1764M) 2.822ms
[102.573s][info][gc,cpu         ] GC(495) User=0.00s Sys=0.00s Real=0.00s
[102.838s][info][gc,start       ] GC(496) Pause Young (Allocation Failure)
[102.841s][info][gc,heap        ] GC(496) PSYoungGen: 408064K(408064K)->1056K(489984K) Eden: 407040K(407040K)->0K(488448K) From: 1024K(1024K)->1056K(1536K)
[102.841s][info][gc,heap        ] GC(496) ParOldGen: 11030K(1398272K)->11102K(1398272K)
[102.841s][info][gc,metaspace   ] GC(496) Metaspace: 14352K(15296K)->14352K(15296K) NonClass: 12392K(12992K)->12392K(12992K) Class: 1959K(2304K)->1959K(2304K)
[102.841s][info][gc             ] GC(496) Pause Young (Allocation Failure) 409M->11M(1844M) 2.901ms
[102.841s][info][gc,cpu         ] GC(496) User=0.00s Sys=0.00s Real=0.00s
[103.160s][info][gc,start       ] GC(497) Pause Young (Allocation Failure)
[103.163s][info][gc,heap        ] GC(497) PSYoungGen: 489504K(489984K)->1024K(478208K) Eden: 488448K(488448K)->0K(477184K) From: 1056K(1536K)->1024K(1024K)
[103.163s][info][gc,heap        ] GC(497) ParOldGen: 11102K(1398272K)->11206K(1398272K)
[103.163s][info][gc,metaspace   ] GC(497) Metaspace: 14352K(15296K)->14352K(15296K) NonClass: 12392K(12992K)->12392K(12992K) Class: 1959K(2304K)->1959K(2304K)
[103.163s][info][gc             ] GC(497) Pause Young (Allocation Failure) 488M->11M(1832M) 2.802ms
[103.163s][info][gc,cpu         ] GC(497) User=0.52s Sys=0.00s Real=0.00s
[103.515s][info][gc,start       ] GC(498) Pause Young (Allocation Failure)
[103.518s][info][gc,heap        ] GC(498) PSYoungGen: 478208K(478208K)->1024K(466944K) Eden: 477184K(477184K)->0K(465920K) From: 1024K(1024K)->1024K(1024K)
[103.518s][info][gc,heap        ] GC(498) ParOldGen: 11206K(1398272K)->11310K(1398272K)
[103.518s][info][gc,metaspace   ] GC(498) Metaspace: 14352K(15296K)->14352K(15296K) NonClass: 12392K(12992K)->12392K(12992K) Class: 1959K(2304K)->1959K(2304K)
[103.518s][info][gc             ] GC(498) Pause Young (Allocation Failure) 477M->12M(1821M) 2.531ms
[103.518s][info][gc,cpu         ] GC(498) User=0.00s Sys=0.00s Real=0.00s
[103.813s][info][gc,start       ] GC(499) Pause Young (Allocation Failure)
[103.815s][info][gc,heap        ] GC(499) PSYoungGen: 466944K(466944K)->992K(456192K) Eden: 465920K(465920K)->0K(455168K) From: 1024K(1024K)->992K(1024K)
[103.815s][info][gc,heap        ] GC(499) ParOldGen: 11310K(1398272K)->11446K(1398272K)
[103.815s][info][gc,metaspace   ] GC(499) Metaspace: 14352K(15296K)->14352K(15296K) NonClass: 12392K(12992K)->12392K(12992K) Class: 1959K(2304K)->1959K(2304K)
[103.815s][info][gc             ] GC(499) Pause Young (Allocation Failure) 467M->12M(1811M) 2.560ms
[103.815s][info][gc,cpu         ] GC(499) User=0.00s Sys=0.00s Real=0.00s
[104.105s][info][gc,start       ] GC(500) Pause Young (Allocation Failure)
[104.107s][info][gc,heap        ] GC(500) PSYoungGen: 456160K(456192K)->1056K(446464K) Eden: 455168K(455168K)->0K(444928K) From: 992K(1024K)->1056K(1536K)
[104.107s][info][gc,heap        ] GC(500) ParOldGen: 11446K(1398272K)->11542K(1398272K)
[104.107s][info][gc,metaspace   ] GC(500) Metaspace: 14352K(15296K)->14352K(15296K) NonClass: 12392K(12992K)->12392K(12992K) Class: 1959K(2304K)->1959K(2304K)
[104.107s][info][gc             ] GC(500) Pause Young (Allocation Failure) 456M->12M(1801M) 2.694ms
[104.107s][info][gc,cpu         ] GC(500) User=0.00s Sys=0.00s Real=0.00s
[104.331s][info][gc,start       ] GC(501) Pause Young (Allocation Failure)
[104.334s][info][gc,heap        ] GC(501) PSYoungGen: 445984K(446464K)->800K(436224K) Eden: 444928K(444928K)->0K(435200K) From: 1056K(1536K)->800K(1024K)
[104.334s][info][gc,heap        ] GC(501) ParOldGen: 11542K(1398272K)->11670K(1398272K)
[104.334s][info][gc,metaspace   ] GC(501) Metaspace: 14352K(15296K)->14352K(15296K) NonClass: 12392K(12992K)->12392K(12992K) Class: 1959K(2304K)->1959K(2304K)
[104.334s][info][gc             ] GC(501) Pause Young (Allocation Failure) 446M->12M(1791M) 2.663ms
[104.334s][info][gc,cpu         ] GC(501) User=0.52s Sys=0.00s Real=0.00s
[104.609s][info][gc,start       ] GC(502) Pause Young (System.gc())
[104.612s][info][gc,heap        ] GC(502) PSYoungGen: 402169K(436224K)->512K(435712K) Eden: 401369K(435200K)->0K(435200K) From: 800K(1024K)->512K(512K)
[104.612s][info][gc,heap        ] GC(502) ParOldGen: 11670K(1398272K)->11758K(1398272K)
[104.612s][info][gc,metaspace   ] GC(502) Metaspace: 14352K(15296K)->14352K(15296K) NonClass: 12392K(12992K)->12392K(12992K) Class: 1959K(2304K)->1959K(2304K)
[104.612s][info][gc             ] GC(502) Pause Young (System.gc()) 404M->11M(1791M) 2.884ms
[104.612s][info][gc,cpu         ] GC(502) User=0.00s Sys=0.00s Real=0.00s
[104.612s][info][gc,start       ] GC(503) Pause Full (System.gc())
[104.612s][info][gc,phases,start] GC(503) Marking Phase
[104.624s][info][gc,phases      ] GC(503) Marking Phase 11.969ms
[104.624s][info][gc,phases,start] GC(503) Summary Phase
[104.624s][info][gc,phases      ] GC(503) Summary Phase 0.018ms
[104.624s][info][gc,phases,start] GC(503) Adjust Roots
[104.629s][info][gc,phases      ] GC(503) Adjust Roots 5.242ms
[104.629s][info][gc,phases,start] GC(503) Compaction Phase
[104.631s][info][gc,phases      ] GC(503) Compaction Phase 1.720ms
[104.631s][info][gc,phases,start] GC(503) Post Compact
[104.632s][info][gc,phases      ] GC(503) Post Compact 0.474ms
[104.632s][info][gc,heap        ] GC(503) PSYoungGen: 512K(435712K)->0K(435712K) Eden: 0K(435200K)->0K(435200K) From: 512K(512K)->0K(512K)
[104.632s][info][gc,heap        ] GC(503) ParOldGen: 11758K(1398272K)->5374K(1398272K)
[104.632s][info][gc,metaspace   ] GC(503) Metaspace: 14352K(15296K)->14352K(15296K) NonClass: 12392K(12992K)->12392K(12992K) Class: 1959K(2304K)->1959K(2304K)
[104.632s][info][gc             ] GC(503) Pause Full (System.gc()) 11M->5M(1791M) 19.616ms
[104.632s][info][gc,cpu         ] GC(503) User=0.52s Sys=0.00s Real=0.01s
[104.984s][info][gc,start       ] GC(504) Pause Young (Allocation Failure)
[104.988s][info][gc,heap        ] GC(504) PSYoungGen: 435200K(435712K)->1536K(427008K) Eden: 435200K(435200K)->0K(425472K) From: 0K(512K)->1536K(1536K)
[104.988s][info][gc,heap        ] GC(504) ParOldGen: 5374K(1398272K)->5721K(1398272K)
[104.988s][info][gc,metaspace   ] GC(504) Metaspace: 14352K(15296K)->14352K(15296K) NonClass: 12392K(12992K)->12392K(12992K) Class: 1959K(2304K)->1959K(2304K)
[104.988s][info][gc             ] GC(504) Pause Young (Allocation Failure) 430M->7M(1782M) 3.272ms
[104.988s][info][gc,cpu         ] GC(504) User=0.00s Sys=0.00s Real=0.00s
[105.282s][info][gc,start       ] GC(505) Pause Young (Allocation Failure)
[105.285s][info][gc,heap        ] GC(505) PSYoungGen: 427008K(427008K)->1056K(417792K) Eden: 425472K(425472K)->0K(416256K) From: 1536K(1536K)->1056K(1536K)
[105.285s][info][gc,heap        ] GC(505) ParOldGen: 5721K(1398272K)->7115K(1398272K)
[105.285s][info][gc,metaspace   ] GC(505) Metaspace: 14352K(15296K)->14352K(15296K) NonClass: 12392K(12992K)->12392K(12992K) Class: 1959K(2304K)->1959K(2304K)
[105.285s][info][gc             ] GC(505) Pause Young (Allocation Failure) 422M->7M(1773M) 3.046ms
[105.285s][info][gc,cpu         ] GC(505) User=0.00s Sys=0.00s Real=0.00s
[105.558s][info][gc,start       ] GC(506) Pause Young (Allocation Failure)
[105.561s][info][gc,heap        ] GC(506) PSYoungGen: 417312K(417792K)->512K(408064K) Eden: 416256K(416256K)->0K(407552K) From: 1056K(1536K)->512K(512K)
[105.561s][info][gc,heap        ] GC(506) ParOldGen: 7115K(1398272K)->7307K(1398272K)
[105.561s][info][gc,metaspace   ] GC(506) Metaspace: 14352K(15296K)->14352K(15296K) NonClass: 12392K(12992K)->12392K(12992K) Class: 1959K(2304K)->1959K(2304K)
[105.561s][info][gc             ] GC(506) Pause Young (Allocation Failure) 414M->7M(1764M) 2.711ms
[105.561s][info][gc,cpu         ] GC(506) User=0.00s Sys=0.00s Real=0.00s
[105.849s][info][gc,start       ] GC(507) Pause Young (Allocation Failure)
[105.852s][info][gc,heap        ] GC(507) PSYoungGen: 408064K(408064K)->1056K(400384K) Eden: 407552K(407552K)->0K(398848K) From: 512K(512K)->1056K(1536K)
[105.853s][info][gc,heap        ] GC(507) ParOldGen: 7307K(1398272K)->7355K(1398272K)
[105.853s][info][gc,metaspace   ] GC(507) Metaspace: 14352K(15296K)->14352K(15296K) NonClass: 12392K(12992K)->12392K(12992K) Class: 1959K(2304K)->1959K(2304K)
[105.853s][info][gc             ] GC(507) Pause Young (Allocation Failure) 405M->8M(1756M) 3.090ms
[105.853s][info][gc,cpu         ] GC(507) User=0.00s Sys=0.00s Real=0.00s
[106.129s][info][gc,start       ] GC(508) Pause Young (Allocation Failure)
[106.131s][info][gc,heap        ] GC(508) PSYoungGen: 399904K(400384K)->992K(391680K) Eden: 398848K(398848K)->0K(390656K) From: 1056K(1536K)->992K(1024K)
[106.131s][info][gc,heap        ] GC(508) ParOldGen: 7355K(1398272K)->7475K(1398272K)
[106.131s][info][gc,metaspace   ] GC(508) Metaspace: 14352K(15296K)->14352K(15296K) NonClass: 12392K(12992K)->12392K(12992K) Class: 1959K(2304K)->1959K(2304K)
[106.131s][info][gc             ] GC(508) Pause Young (Allocation Failure) 397M->8M(1748M) 2.635ms
[106.131s][info][gc,cpu         ] GC(508) User=0.52s Sys=0.00s Real=0.00s
[106.399s][info][gc,start       ] GC(509) Pause Young (Allocation Failure)
[106.401s][info][gc,heap        ] GC(509) PSYoungGen: 391648K(391680K)->1024K(383488K) Eden: 390656K(390656K)->0K(382464K) From: 992K(1024K)->1024K(1024K)
[106.401s][info][gc,heap        ] GC(509) ParOldGen: 7475K(1398272K)->7595K(1398272K)
[106.401s][info][gc,metaspace   ] GC(509) Metaspace: 14352K(15296K)->14352K(15296K) NonClass: 12392K(12992K)->12392K(12992K) Class: 1959K(2304K)->1959K(2304K)
[106.401s][info][gc             ] GC(509) Pause Young (Allocation Failure) 389M->8M(1740M) 2.414ms
[106.401s][info][gc,cpu         ] GC(509) User=0.00s Sys=0.00s Real=0.00s
[106.677s][info][gc,start       ] GC(510) Pause Young (Allocation Failure)
[106.679s][info][gc,heap        ] GC(510) PSYoungGen: 383488K(383488K)->992K(375808K) Eden: 382464K(382464K)->0K(374784K) From: 1024K(1024K)->992K(1024K)
[106.679s][info][gc,heap        ] GC(510) ParOldGen: 7595K(1398272K)->7675K(1398272K)
[106.679s][info][gc,metaspace   ] GC(510) Metaspace: 14352K(15296K)->14352K(15296K) NonClass: 12392K(12992K)->12392K(12992K) Class: 1959K(2304K)->1959K(2304K)
[106.679s][info][gc             ] GC(510) Pause Young (Allocation Failure) 381M->8M(1732M) 2.257ms
[106.679s][info][gc,cpu         ] GC(510) User=0.00s Sys=0.00s Real=0.00s
[106.925s][info][gc,start       ] GC(511) Pause Young (Allocation Failure)
[106.928s][info][gc,heap        ] GC(511) PSYoungGen: 375776K(375808K)->1024K(368128K) Eden: 374784K(374784K)->0K(367104K) From: 992K(1024K)->1024K(1024K)
[106.928s][info][gc,heap        ] GC(511) ParOldGen: 7675K(1398272K)->7755K(1398272K)
[106.928s][info][gc,metaspace   ] GC(511) Metaspace: 14352K(15296K)->14352K(15296K) NonClass: 12392K(12992K)->12392K(12992K) Class: 1959K(2304K)->1959K(2304K)
[106.928s][info][gc             ] GC(511) Pause Young (Allocation Failure) 374M->8M(1725M) 2.331ms
[106.928s][info][gc,cpu         ] GC(511) User=0.52s Sys=0.00s Real=0.00s
[107.170s][info][gc,start       ] GC(512) Pause Young (Allocation Failure)
[107.173s][info][gc,heap        ] GC(512) PSYoungGen: 368128K(368128K)->992K(360960K) Eden: 367104K(367104K)->0K(359936K) From: 1024K(1024K)->992K(1024K)
[107.173s][info][gc,heap        ] GC(512) ParOldGen: 7755K(1398272K)->7891K(1398272K)
[107.173s][info][gc,metaspace   ] GC(512) Metaspace: 14352K(15296K)->14352K(15296K) NonClass: 12392K(12992K)->12392K(12992K) Class: 1959K(2304K)->1959K(2304K)
[107.173s][info][gc             ] GC(512) Pause Young (Allocation Failure) 367M->8M(1718M) 2.429ms
[107.173s][info][gc,cpu         ] GC(512) User=0.00s Sys=0.00s Real=0.00s
[107.411s][info][gc,start       ] GC(513) Pause Young (Allocation Failure)
[107.413s][info][gc,heap        ] GC(513) PSYoungGen: 360928K(360960K)->1056K(354304K) Eden: 359936K(359936K)->0K(352768K) From: 992K(1024K)->1056K(1536K)
[107.413s][info][gc,heap        ] GC(513) ParOldGen: 7891K(1398272K)->7995K(1398272K)
[107.413s][info][gc,metaspace   ] GC(513) Metaspace: 14352K(15296K)->14352K(15296K) NonClass: 12392K(12992K)->12392K(12992K) Class: 1959K(2304K)->1959K(2304K)
[107.414s][info][gc             ] GC(513) Pause Young (Allocation Failure) 360M->8M(1711M) 2.446ms
[107.414s][info][gc,cpu         ] GC(513) User=0.00s Sys=0.00s Real=0.00s
[107.648s][info][gc,start       ] GC(514) Pause Young (Allocation Failure)
[107.651s][info][gc,heap        ] GC(514) PSYoungGen: 353824K(354304K)->1024K(347136K) Eden: 352768K(352768K)->0K(346112K) From: 1056K(1536K)->1024K(1024K)
[107.651s][info][gc,heap        ] GC(514) ParOldGen: 7995K(1398272K)->8123K(1398272K)
[107.651s][info][gc,metaspace   ] GC(514) Metaspace: 14352K(15296K)->14352K(15296K) NonClass: 12392K(12992K)->12392K(12992K) Class: 1959K(2304K)->1959K(2304K)
[107.651s][info][gc             ] GC(514) Pause Young (Allocation Failure) 353M->8M(1704M) 2.438ms
[107.651s][info][gc,cpu         ] GC(514) User=0.00s Sys=0.00s Real=0.00s
[107.878s][info][gc,start       ] GC(515) Pause Young (Allocation Failure)
[107.881s][info][gc,heap        ] GC(515) PSYoungGen: 347135K(347136K)->1024K(340480K) Eden: 346111K(346112K)->0K(339456K) From: 1024K(1024K)->1024K(1024K)
[107.881s][info][gc,heap        ] GC(515) ParOldGen: 8123K(1398272K)->8243K(1398272K)
[107.881s][info][gc,metaspace   ] GC(515) Metaspace: 14352K(15296K)->14352K(15296K) NonClass: 12392K(12992K)->12392K(12992K) Class: 1959K(2304K)->1959K(2304K)
[107.881s][info][gc             ] GC(515) Pause Young (Allocation Failure) 346M->9M(1698M) 2.498ms
[107.881s][info][gc,cpu         ] GC(515) User=0.52s Sys=0.00s Real=0.00s
[108.102s][info][gc,start       ] GC(516) Pause Young (Allocation Failure)
[108.104s][info][gc,heap        ] GC(516) PSYoungGen: 340480K(340480K)->1024K(333824K) Eden: 339456K(339456K)->0K(332800K) From: 1024K(1024K)->1024K(1024K)
[108.104s][info][gc,heap        ] GC(516) ParOldGen: 8243K(1398272K)->8355K(1398272K)
[108.104s][info][gc,metaspace   ] GC(516) Metaspace: 14352K(15296K)->14352K(15296K) NonClass: 12392K(12992K)->12392K(12992K) Class: 1959K(2304K)->1959K(2304K)
[108.104s][info][gc             ] GC(516) Pause Young (Allocation Failure) 340M->9M(1691M) 2.502ms
[108.104s][info][gc,cpu         ] GC(516) User=0.00s Sys=0.00s Real=0.00s
[108.325s][info][gc,start       ] GC(517) Pause Young (Allocation Failure)
[108.328s][info][gc,heap        ] GC(517) PSYoungGen: 333824K(333824K)->1024K(327680K) Eden: 332800K(332800K)->0K(326656K) From: 1024K(1024K)->1024K(1024K)
[108.328s][info][gc,heap        ] GC(517) ParOldGen: 8355K(1398272K)->8427K(1398272K)
[108.328s][info][gc,metaspace   ] GC(517) Metaspace: 14352K(15296K)->14352K(15296K) NonClass: 12392K(12992K)->12392K(12992K) Class: 1959K(2304K)->1959K(2304K)
[108.328s][info][gc             ] GC(517) Pause Young (Allocation Failure) 334M->9M(1685M) 2.587ms
[108.328s][info][gc,cpu         ] GC(517) User=0.00s Sys=0.00s Real=0.00s
[108.543s][info][gc,start       ] GC(518) Pause Young (Allocation Failure)
[108.546s][info][gc,heap        ] GC(518) PSYoungGen: 327680K(327680K)->1024K(393216K) Eden: 326656K(326656K)->0K(392192K) From: 1024K(1024K)->1024K(1024K)
[108.546s][info][gc,heap        ] GC(518) ParOldGen: 8427K(1398272K)->8539K(1398272K)
[108.546s][info][gc,metaspace   ] GC(518) Metaspace: 14352K(15296K)->14352K(15296K) NonClass: 12392K(12992K)->12392K(12992K) Class: 1959K(2304K)->1959K(2304K)
[108.546s][info][gc             ] GC(518) Pause Young (Allocation Failure) 328M->9M(1749M) 2.615ms
[108.546s][info][gc,cpu         ] GC(518) User=0.00s Sys=0.00s Real=0.00s
[108.806s][info][gc,start       ] GC(519) Pause Young (Allocation Failure)
[108.809s][info][gc,heap        ] GC(519) PSYoungGen: 393216K(393216K)->1056K(472576K) Eden: 392192K(392192K)->0K(471040K) From: 1024K(1024K)->1056K(1536K)
[108.809s][info][gc,heap        ] GC(519) ParOldGen: 8539K(1398272K)->8667K(1398272K)
[108.809s][info][gc,metaspace   ] GC(519) Metaspace: 14352K(15296K)->14352K(15296K) NonClass: 12392K(12992K)->12392K(12992K) Class: 1959K(2304K)->1959K(2304K)
[108.809s][info][gc             ] GC(519) Pause Young (Allocation Failure) 392M->9M(1827M) 2.763ms
[108.809s][info][gc,cpu         ] GC(519) User=0.00s Sys=0.00s Real=0.00s
[109.118s][info][gc,start       ] GC(520) Pause Young (Allocation Failure)
[109.121s][info][gc,heap        ] GC(520) PSYoungGen: 472096K(472576K)->1024K(461312K) Eden: 471040K(471040K)->0K(460288K) From: 1056K(1536K)->1024K(1024K)
[109.121s][info][gc,heap        ] GC(520) ParOldGen: 8667K(1398272K)->8779K(1398272K)
[109.121s][info][gc,metaspace   ] GC(520) Metaspace: 14352K(15296K)->14352K(15296K) NonClass: 12392K(12992K)->12392K(12992K) Class: 1959K(2304K)->1959K(2304K)
[109.121s][info][gc             ] GC(520) Pause Young (Allocation Failure) 469M->9M(1816M) 2.825ms
[109.121s][info][gc,cpu         ] GC(520) User=0.00s Sys=0.00s Real=0.00s
[109.426s][info][gc,start       ] GC(521) Pause Young (Allocation Failure)
[109.428s][info][gc,heap        ] GC(521) PSYoungGen: 461312K(461312K)->992K(450560K) Eden: 460288K(460288K)->0K(449536K) From: 1024K(1024K)->992K(1024K)
[109.428s][info][gc,heap        ] GC(521) ParOldGen: 8779K(1398272K)->8907K(1398272K)
[109.428s][info][gc,metaspace   ] GC(521) Metaspace: 14352K(15296K)->14352K(15296K) NonClass: 12392K(12992K)->12392K(12992K) Class: 1959K(2304K)->1959K(2304K)
[109.428s][info][gc             ] GC(521) Pause Young (Allocation Failure) 459M->9M(1805M) 2.916ms
[109.429s][info][gc,cpu         ] GC(521) User=0.52s Sys=0.00s Real=0.00s
[109.745s][info][gc,start       ] GC(522) Pause Young (Allocation Failure)
[109.748s][info][gc,heap        ] GC(522) PSYoungGen: 450528K(450560K)->1024K(440320K) Eden: 449536K(449536K)->0K(439296K) From: 992K(1024K)->1024K(1024K)
[109.748s][info][gc,heap        ] GC(522) ParOldGen: 8907K(1398272K)->9035K(1398272K)
[109.748s][info][gc,metaspace   ] GC(522) Metaspace: 14352K(15296K)->14352K(15296K) NonClass: 12392K(12992K)->12392K(12992K) Class: 1959K(2304K)->1959K(2304K)
[109.748s][info][gc             ] GC(522) Pause Young (Allocation Failure) 448M->9M(1795M) 3.231ms
[109.748s][info][gc,cpu         ] GC(522) User=0.00s Sys=0.00s Real=0.00s
[110.056s][info][gc,start       ] GC(523) Pause Young (Allocation Failure)
[110.058s][info][gc,heap        ] GC(523) PSYoungGen: 440320K(440320K)->1056K(431104K) Eden: 439296K(439296K)->0K(429568K) From: 1024K(1024K)->1056K(1536K)
[110.058s][info][gc,heap        ] GC(523) ParOldGen: 9035K(1398272K)->9139K(1398272K)
[110.058s][info][gc,metaspace   ] GC(523) Metaspace: 14352K(15296K)->14352K(15296K) NonClass: 12392K(12992K)->12392K(12992K) Class: 1959K(2304K)->1959K(2304K)
[110.058s][info][gc             ] GC(523) Pause Young (Allocation Failure) 438M->9M(1786M) 2.622ms
[110.058s][info][gc,cpu         ] GC(523) User=0.00s Sys=0.00s Real=0.00s
[110.348s][info][gc,start       ] GC(524) Pause Young (Allocation Failure)
[110.350s][info][gc,heap        ] GC(524) PSYoungGen: 430624K(431104K)->992K(421376K) Eden: 429568K(429568K)->0K(420352K) From: 1056K(1536K)->992K(1024K)
[110.350s][info][gc,heap        ] GC(524) ParOldGen: 9139K(1398272K)->9267K(1398272K)
[110.350s][info][gc,metaspace   ] GC(524) Metaspace: 14352K(15296K)->14352K(15296K) NonClass: 12392K(12992K)->12392K(12992K) Class: 1959K(2304K)->1959K(2304K)
[110.350s][info][gc             ] GC(524) Pause Young (Allocation Failure) 429M->10M(1777M) 2.616ms
[110.350s][info][gc,cpu         ] GC(524) User=0.52s Sys=0.00s Real=0.00s
[110.649s][info][gc,start       ] GC(525) Pause Young (Allocation Failure)
[110.651s][info][gc,heap        ] GC(525) PSYoungGen: 421344K(421376K)->1024K(412160K) Eden: 420352K(420352K)->0K(411136K) From: 992K(1024K)->1024K(1024K)
[110.651s][info][gc,heap        ] GC(525) ParOldGen: 9267K(1398272K)->9387K(1398272K)
[110.651s][info][gc,metaspace   ] GC(525) Metaspace: 14352K(15296K)->14352K(15296K) NonClass: 12392K(12992K)->12392K(12992K) Class: 1959K(2304K)->1959K(2304K)
[110.651s][info][gc             ] GC(525) Pause Young (Allocation Failure) 420M->10M(1768M) 2.442ms
[110.651s][info][gc,cpu         ] GC(525) User=0.00s Sys=0.00s Real=0.00s
[110.923s][info][gc,start       ] GC(526) Pause Young (Allocation Failure)
[110.926s][info][gc,heap        ] GC(526) PSYoungGen: 412160K(412160K)->1024K(403456K) Eden: 411136K(411136K)->0K(402432K) From: 1024K(1024K)->1024K(1024K)
[110.926s][info][gc,heap        ] GC(526) ParOldGen: 9387K(1398272K)->9507K(1398272K)
[110.926s][info][gc,metaspace   ] GC(526) Metaspace: 14352K(15296K)->14352K(15296K) NonClass: 12392K(12992K)->12392K(12992K) Class: 1959K(2304K)->1959K(2304K)
[110.926s][info][gc             ] GC(526) Pause Young (Allocation Failure) 411M->10M(1759M) 2.512ms
[110.926s][info][gc,cpu         ] GC(526) User=0.00s Sys=0.00s Real=0.00s
[111.190s][info][gc,start       ] GC(527) Pause Young (Allocation Failure)
[111.193s][info][gc,heap        ] GC(527) PSYoungGen: 403456K(403456K)->1056K(395264K) Eden: 402432K(402432K)->0K(393728K) From: 1024K(1024K)->1056K(1536K)
[111.193s][info][gc,heap        ] GC(527) ParOldGen: 9507K(1398272K)->9587K(1398272K)
[111.193s][info][gc,metaspace   ] GC(527) Metaspace: 14352K(15296K)->14352K(15296K) NonClass: 12392K(12992K)->12392K(12992K) Class: 1959K(2304K)->1959K(2304K)
[111.193s][info][gc             ] GC(527) Pause Young (Allocation Failure) 403M->10M(1751M) 2.560ms
[111.193s][info][gc,cpu         ] GC(527) User=0.52s Sys=0.00s Real=0.00s
[111.455s][info][gc,start       ] GC(528) Pause Young (Allocation Failure)
[111.457s][info][gc,heap        ] GC(528) PSYoungGen: 394784K(395264K)->1024K(386560K) Eden: 393728K(393728K)->0K(385536K) From: 1056K(1536K)->1024K(1024K)
[111.457s][info][gc,heap        ] GC(528) ParOldGen: 9587K(1398272K)->9683K(1398272K)
[111.457s][info][gc,metaspace   ] GC(528) Metaspace: 14352K(15296K)->14352K(15296K) NonClass: 12392K(12992K)->12392K(12992K) Class: 1959K(2304K)->1959K(2304K)
[111.457s][info][gc             ] GC(528) Pause Young (Allocation Failure) 394M->10M(1743M) 2.564ms
[111.457s][info][gc,cpu         ] GC(528) User=0.02s Sys=0.00s Real=0.00s
[111.715s][info][gc,start       ] GC(529) Pause Young (Allocation Failure)
[111.718s][info][gc,heap        ] GC(529) PSYoungGen: 386560K(386560K)->1024K(378880K) Eden: 385536K(385536K)->0K(377856K) From: 1024K(1024K)->1024K(1024K)
[111.718s][info][gc,heap        ] GC(529) ParOldGen: 9683K(1398272K)->9803K(1398272K)
[111.718s][info][gc,metaspace   ] GC(529) Metaspace: 14352K(15296K)->14352K(15296K) NonClass: 12392K(12992K)->12392K(12992K) Class: 1959K(2304K)->1959K(2304K)
[111.718s][info][gc             ] GC(529) Pause Young (Allocation Failure) 386M->10M(1735M) 2.669ms
[111.718s][info][gc,cpu         ] GC(529) User=0.00s Sys=0.00s Real=0.00s
[111.969s][info][gc,start       ] GC(530) Pause Young (Allocation Failure)
[111.971s][info][gc,heap        ] GC(530) PSYoungGen: 378880K(378880K)->1024K(371200K) Eden: 377856K(377856K)->0K(370176K) From: 1024K(1024K)->1024K(1024K)
[111.971s][info][gc,heap        ] GC(530) ParOldGen: 9803K(1398272K)->9891K(1398272K)
[111.971s][info][gc,metaspace   ] GC(530) Metaspace: 14352K(15296K)->14352K(15296K) NonClass: 12392K(12992K)->12392K(12992K) Class: 1959K(2304K)->1959K(2304K)
[111.971s][info][gc             ] GC(530) Pause Young (Allocation Failure) 379M->10M(1728M) 2.677ms
[111.971s][info][gc,cpu         ] GC(530) User=0.00s Sys=0.00s Real=0.00s
[112.215s][info][gc,start       ] GC(531) Pause Young (Allocation Failure)
[112.217s][info][gc,heap        ] GC(531) PSYoungGen: 371200K(371200K)->1056K(364544K) Eden: 370176K(370176K)->0K(363008K) From: 1024K(1024K)->1056K(1536K)
[112.217s][info][gc,heap        ] GC(531) ParOldGen: 9891K(1398272K)->9987K(1398272K)
[112.217s][info][gc,metaspace   ] GC(531) Metaspace: 14352K(15296K)->14352K(15296K) NonClass: 12392K(12992K)->12392K(12992K) Class: 1959K(2304K)->1959K(2304K)
[112.218s][info][gc             ] GC(531) Pause Young (Allocation Failure) 372M->10M(1721M) 2.713ms
[112.218s][info][gc,cpu         ] GC(531) User=0.00s Sys=0.00s Real=0.00s
[112.571s][info][gc,start       ] GC(532) Pause Young (Allocation Failure)
[112.574s][info][gc,heap        ] GC(532) PSYoungGen: 364064K(364544K)->1024K(356864K) Eden: 363008K(363008K)->0K(355840K) From: 1056K(1536K)->1024K(1024K)
[112.574s][info][gc,heap        ] GC(532) ParOldGen: 9987K(1398272K)->10067K(1398272K)
[112.574s][info][gc,metaspace   ] GC(532) Metaspace: 14352K(15296K)->14352K(15296K) NonClass: 12392K(12992K)->12392K(12992K) Class: 1959K(2304K)->1959K(2304K)
[112.574s][info][gc             ] GC(532) Pause Young (Allocation Failure) 365M->10M(1714M) 3.583ms
[112.575s][info][gc,cpu         ] GC(532) User=0.00s Sys=0.00s Real=0.00s
[112.825s][info][gc,start       ] GC(533) Pause Young (Allocation Failure)
[112.828s][info][gc,heap        ] GC(533) PSYoungGen: 356864K(356864K)->1024K(349696K) Eden: 355840K(355840K)->0K(348672K) From: 1024K(1024K)->1024K(1024K)
[112.828s][info][gc,heap        ] GC(533) ParOldGen: 10067K(1398272K)->10163K(1398272K)
[112.828s][info][gc,metaspace   ] GC(533) Metaspace: 14352K(15296K)->14352K(15296K) NonClass: 12392K(12992K)->12392K(12992K) Class: 1959K(2304K)->1959K(2304K)
[112.828s][info][gc             ] GC(533) Pause Young (Allocation Failure) 358M->10M(1707M) 2.492ms
[112.828s][info][gc,cpu         ] GC(533) User=0.00s Sys=0.00s Real=0.00s
[113.068s][info][gc,start       ] GC(534) Pause Young (Allocation Failure)
[113.070s][info][gc,heap        ] GC(534) PSYoungGen: 349696K(349696K)->1024K(343040K) Eden: 348672K(348672K)->0K(342016K) From: 1024K(1024K)->1024K(1024K)
[113.070s][info][gc,heap        ] GC(534) ParOldGen: 10163K(1398272K)->10275K(1398272K)
[113.070s][info][gc,metaspace   ] GC(534) Metaspace: 14352K(15296K)->14352K(15296K) NonClass: 12392K(12992K)->12392K(12992K) Class: 1959K(2304K)->1959K(2304K)
[113.070s][info][gc             ] GC(534) Pause Young (Allocation Failure) 351M->11M(1700M) 2.360ms
[113.070s][info][gc,cpu         ] GC(534) User=0.00s Sys=0.00s Real=0.00s
[113.297s][info][gc,start       ] GC(535) Pause Young (Allocation Failure)
[113.299s][info][gc,heap        ] GC(535) PSYoungGen: 343040K(343040K)->1024K(336384K) Eden: 342016K(342016K)->0K(335360K) From: 1024K(1024K)->1024K(1024K)
[113.299s][info][gc,heap        ] GC(535) ParOldGen: 10275K(1398272K)->10355K(1398272K)
[113.299s][info][gc,metaspace   ] GC(535) Metaspace: 14352K(15296K)->14352K(15296K) NonClass: 12392K(12992K)->12392K(12992K) Class: 1959K(2304K)->1959K(2304K)
[113.299s][info][gc             ] GC(535) Pause Young (Allocation Failure) 345M->11M(1694M) 2.459ms
[113.299s][info][gc,cpu         ] GC(535) User=0.00s Sys=0.00s Real=0.00s
[113.549s][info][gc,start       ] GC(536) Pause Young (Allocation Failure)
[113.551s][info][gc,heap        ] GC(536) PSYoungGen: 336384K(336384K)->1024K(330240K) Eden: 335360K(335360K)->0K(329216K) From: 1024K(1024K)->1024K(1024K)
[113.551s][info][gc,heap        ] GC(536) ParOldGen: 10355K(1398272K)->10459K(1398272K)
[113.551s][info][gc,metaspace   ] GC(536) Metaspace: 14352K(15296K)->14352K(15296K) NonClass: 12392K(12992K)->12392K(12992K) Class: 1959K(2304K)->1959K(2304K)
[113.551s][info][gc             ] GC(536) Pause Young (Allocation Failure) 338M->11M(1688M) 2.218ms
[113.551s][info][gc,cpu         ] GC(536) User=0.00s Sys=0.00s Real=0.00s
[113.769s][info][gc,start       ] GC(537) Pause Young (Allocation Failure)
[113.771s][info][gc,heap        ] GC(537) PSYoungGen: 330240K(330240K)->1056K(324608K) Eden: 329216K(329216K)->0K(323072K) From: 1024K(1024K)->1056K(1536K)
[113.771s][info][gc,heap        ] GC(537) ParOldGen: 10459K(1398272K)->10531K(1398272K)
[113.771s][info][gc,metaspace   ] GC(537) Metaspace: 14352K(15296K)->14352K(15296K) NonClass: 12392K(12992K)->12392K(12992K) Class: 1959K(2304K)->1959K(2304K)
[113.771s][info][gc             ] GC(537) Pause Young (Allocation Failure) 332M->11M(1682M) 2.297ms
[113.771s][info][gc,cpu         ] GC(537) User=0.52s Sys=0.00s Real=0.00s
[113.987s][info][gc,start       ] GC(538) Pause Young (Allocation Failure)
[113.989s][info][gc,heap        ] GC(538) PSYoungGen: 324128K(324608K)->1024K(317952K) Eden: 323072K(323072K)->0K(316928K) From: 1056K(1536K)->1024K(1024K)
[113.989s][info][gc,heap        ] GC(538) ParOldGen: 10531K(1398272K)->10635K(1398272K)
[113.989s][info][gc,metaspace   ] GC(538) Metaspace: 14352K(15296K)->14352K(15296K) NonClass: 12392K(12992K)->12392K(12992K) Class: 1959K(2304K)->1959K(2304K)
[113.989s][info][gc             ] GC(538) Pause Young (Allocation Failure) 326M->11M(1676M) 2.343ms
[113.989s][info][gc,cpu         ] GC(538) User=0.52s Sys=0.00s Real=0.00s
[114.196s][info][gc,start       ] GC(539) Pause Young (Allocation Failure)
[114.206s][info][gc,heap        ] GC(539) PSYoungGen: 317952K(317952K)->1024K(312320K) Eden: 316928K(316928K)->0K(311296K) From: 1024K(1024K)->1024K(1024K)
[114.206s][info][gc,heap        ] GC(539) ParOldGen: 10635K(1398272K)->10707K(1398272K)
[114.206s][info][gc,metaspace   ] GC(539) Metaspace: 14352K(15296K)->14352K(15296K) NonClass: 12392K(12992K)->12392K(12992K) Class: 1959K(2304K)->1959K(2304K)
[114.206s][info][gc             ] GC(539) Pause Young (Allocation Failure) 320M->11M(1670M) 9.565ms
[114.206s][info][gc,cpu         ] GC(539) User=0.00s Sys=0.00s Real=0.01s
[114.414s][info][gc,start       ] GC(540) Pause Young (Allocation Failure)
[114.416s][info][gc,heap        ] GC(540) PSYoungGen: 312320K(312320K)->1024K(306688K) Eden: 311296K(311296K)->0K(305664K) From: 1024K(1024K)->1024K(1024K)
[114.416s][info][gc,heap        ] GC(540) ParOldGen: 10707K(1398272K)->10803K(1398272K)
[114.416s][info][gc,metaspace   ] GC(540) Metaspace: 14352K(15296K)->14352K(15296K) NonClass: 12392K(12992K)->12392K(12992K) Class: 1959K(2304K)->1959K(2304K)
[114.416s][info][gc             ] GC(540) Pause Young (Allocation Failure) 315M->11M(1665M) 2.395ms
[114.416s][info][gc,cpu         ] GC(540) User=0.00s Sys=0.00s Real=0.00s
[114.621s][info][gc,start       ] GC(541) Pause Young (Allocation Failure)
[114.623s][info][gc,heap        ] GC(541) PSYoungGen: 306688K(306688K)->1056K(368640K) Eden: 305664K(305664K)->0K(367104K) From: 1024K(1024K)->1056K(1536K)
[114.623s][info][gc,heap        ] GC(541) ParOldGen: 10803K(1398272K)->10875K(1398272K)
[114.623s][info][gc,metaspace   ] GC(541) Metaspace: 14352K(15296K)->14352K(15296K) NonClass: 12392K(12992K)->12392K(12992K) Class: 1959K(2304K)->1959K(2304K)
[114.623s][info][gc             ] GC(541) Pause Young (Allocation Failure) 310M->11M(1725M) 2.476ms
[114.623s][info][gc,cpu         ] GC(541) User=0.00s Sys=0.00s Real=0.00s
[114.869s][info][gc,start       ] GC(542) Pause Young (Allocation Failure)
[114.872s][info][gc,heap        ] GC(542) PSYoungGen: 368160K(368640K)->1024K(441856K) Eden: 367104K(367104K)->0K(440832K) From: 1056K(1536K)->1024K(1024K)
[114.872s][info][gc,heap        ] GC(542) ParOldGen: 10875K(1398272K)->10951K(1398272K)
[114.872s][info][gc,metaspace   ] GC(542) Metaspace: 14352K(15296K)->14352K(15296K) NonClass: 12392K(12992K)->12392K(12992K) Class: 1959K(2304K)->1959K(2304K)
[114.872s][info][gc             ] GC(542) Pause Young (Allocation Failure) 370M->11M(1797M) 2.547ms
[114.872s][info][gc,cpu         ] GC(542) User=0.00s Sys=0.00s Real=0.00s
[115.164s][info][gc,start       ] GC(543) Pause Young (Allocation Failure)
[115.167s][info][gc,heap        ] GC(543) PSYoungGen: 441856K(441856K)->1024K(432128K) Eden: 440832K(440832K)->0K(431104K) From: 1024K(1024K)->1024K(1024K)
[115.167s][info][gc,heap        ] GC(543) ParOldGen: 10951K(1398272K)->11023K(1398272K)
[115.167s][info][gc,metaspace   ] GC(543) Metaspace: 14352K(15296K)->14352K(15296K) NonClass: 12392K(12992K)->12392K(12992K) Class: 1959K(2304K)->1959K(2304K)
[115.167s][info][gc             ] GC(543) Pause Young (Allocation Failure) 442M->11M(1787M) 2.724ms
[115.167s][info][gc,cpu         ] GC(543) User=0.00s Sys=0.00s Real=0.00s
[115.451s][info][gc,start       ] GC(544) Pause Young (Allocation Failure)
[115.454s][info][gc,heap        ] GC(544) PSYoungGen: 432128K(432128K)->1024K(422912K) Eden: 431104K(431104K)->0K(421888K) From: 1024K(1024K)->1024K(1024K)
[115.454s][info][gc,heap        ] GC(544) ParOldGen: 11023K(1398272K)->11135K(1398272K)
[115.454s][info][gc,metaspace   ] GC(544) Metaspace: 14352K(15296K)->14352K(15296K) NonClass: 12392K(12992K)->12392K(12992K) Class: 1959K(2304K)->1959K(2304K)
[115.454s][info][gc             ] GC(544) Pause Young (Allocation Failure) 432M->11M(1778M) 2.748ms
[115.454s][info][gc,cpu         ] GC(544) User=0.00s Sys=0.00s Real=0.00s
[115.736s][info][gc,start       ] GC(545) Pause Young (Allocation Failure)
[115.739s][info][gc,heap        ] GC(545) PSYoungGen: 422912K(422912K)->1024K(413696K) Eden: 421888K(421888K)->0K(412672K) From: 1024K(1024K)->1024K(1024K)
[115.739s][info][gc,heap        ] GC(545) ParOldGen: 11135K(1398272K)->11239K(1398272K)
[115.739s][info][gc,metaspace   ] GC(545) Metaspace: 14352K(15296K)->14352K(15296K) NonClass: 12392K(12992K)->12392K(12992K) Class: 1959K(2304K)->1959K(2304K)
[115.739s][info][gc             ] GC(545) Pause Young (Allocation Failure) 423M->11M(1769M) 2.758ms
[115.739s][info][gc,cpu         ] GC(545) User=0.00s Sys=0.00s Real=0.00s
[116.010s][info][gc,start       ] GC(546) Pause Young (Allocation Failure)
[116.013s][info][gc,heap        ] GC(546) PSYoungGen: 413696K(413696K)->992K(404992K) Eden: 412672K(412672K)->0K(403968K) From: 1024K(1024K)->992K(1024K)
[116.013s][info][gc,heap        ] GC(546) ParOldGen: 11239K(1398272K)->11359K(1398272K)
[116.013s][info][gc,metaspace   ] GC(546) Metaspace: 14352K(15296K)->14352K(15296K) NonClass: 12392K(12992K)->12392K(12992K) Class: 1959K(2304K)->1959K(2304K)
[116.013s][info][gc             ] GC(546) Pause Young (Allocation Failure) 414M->12M(1761M) 2.852ms
[116.013s][info][gc,cpu         ] GC(546) User=0.00s Sys=0.00s Real=0.00s
[116.432s][info][gc,start       ] GC(547) Pause Young (Allocation Failure)
[116.435s][info][gc,heap        ] GC(547) PSYoungGen: 404960K(404992K)->1024K(396288K) Eden: 403968K(403968K)->0K(395264K) From: 992K(1024K)->1024K(1024K)
[116.435s][info][gc,heap        ] GC(547) ParOldGen: 11359K(1398272K)->11447K(1398272K)
[116.435s][info][gc,metaspace   ] GC(547) Metaspace: 14352K(15296K)->14352K(15296K) NonClass: 12392K(12992K)->12392K(12992K) Class: 1959K(2304K)->1959K(2304K)
[116.435s][info][gc             ] GC(547) Pause Young (Allocation Failure) 406M->12M(1752M) 3.708ms
[116.435s][info][gc,cpu         ] GC(547) User=0.00s Sys=0.00s Real=0.00s
[116.712s][info][gc,start       ] GC(548) Pause Young (Allocation Failure)
[116.715s][info][gc,heap        ] GC(548) PSYoungGen: 396288K(396288K)->1024K(388096K) Eden: 395264K(395264K)->0K(387072K) From: 1024K(1024K)->1024K(1024K)
[116.715s][info][gc,heap        ] GC(548) ParOldGen: 11447K(1398272K)->11575K(1398272K)
[116.715s][info][gc,metaspace   ] GC(548) Metaspace: 14352K(15296K)->14352K(15296K) NonClass: 12392K(12992K)->12392K(12992K) Class: 1959K(2304K)->1959K(2304K)
[116.715s][info][gc             ] GC(548) Pause Young (Allocation Failure) 398M->12M(1744M) 2.616ms
[116.715s][info][gc,cpu         ] GC(548) User=0.00s Sys=0.00s Real=0.00s
[116.945s][info][gc,start       ] GC(549) Pause Young (Allocation Failure)
[116.967s][info][gc,heap        ] GC(549) PSYoungGen: 388096K(388096K)->928K(379904K) Eden: 387072K(387072K)->0K(378880K) From: 1024K(1024K)->928K(1024K)
[116.967s][info][gc,heap        ] GC(549) ParOldGen: 11575K(1398272K)->11679K(1398272K)
[116.967s][info][gc,metaspace   ] GC(549) Metaspace: 14352K(15296K)->14352K(15296K) NonClass: 12392K(12992K)->12392K(12992K) Class: 1959K(2304K)->1959K(2304K)
[116.967s][info][gc             ] GC(549) Pause Young (Allocation Failure) 390M->12M(1736M) 22.248ms
[116.967s][info][gc,cpu         ] GC(549) User=0.00s Sys=0.00s Real=0.02s
[117.149s][info][gc,start       ] GC(550) Pause Young (Allocation Failure)
[117.151s][info][gc,heap        ] GC(550) PSYoungGen: 379808K(379904K)->608K(372224K) Eden: 378880K(378880K)->0K(371200K) From: 928K(1024K)->608K(1024K)
[117.151s][info][gc,heap        ] GC(550) ParOldGen: 11679K(1398272K)->11775K(1398272K)
[117.151s][info][gc,metaspace   ] GC(550) Metaspace: 14352K(15296K)->14352K(15296K) NonClass: 12392K(12992K)->12392K(12992K) Class: 1959K(2304K)->1959K(2304K)
[117.151s][info][gc             ] GC(550) Pause Young (Allocation Failure) 382M->12M(1729M) 2.264ms
[117.151s][info][gc,cpu         ] GC(550) User=0.00s Sys=0.00s Real=0.00s
[117.360s][info][gc,start       ] GC(551) Pause Young (System.gc())
[117.362s][info][gc,heap        ] GC(551) PSYoungGen: 234990K(372224K)->448K(371712K) Eden: 234382K(371200K)->0K(371200K) From: 608K(1024K)->448K(512K)
[117.362s][info][gc,heap        ] GC(551) ParOldGen: 11775K(1398272K)->11839K(1398272K)
[117.362s][info][gc,metaspace   ] GC(551) Metaspace: 14352K(15296K)->14352K(15296K) NonClass: 12392K(12992K)->12392K(12992K) Class: 1959K(2304K)->1959K(2304K)
[117.362s][info][gc             ] GC(551) Pause Young (System.gc()) 240M->11M(1728M) 2.609ms
[117.362s][info][gc,cpu         ] GC(551) User=0.00s Sys=0.00s Real=0.00s
[117.363s][info][gc,start       ] GC(552) Pause Full (System.gc())
[117.363s][info][gc,phases,start] GC(552) Marking Phase
[117.375s][info][gc,phases      ] GC(552) Marking Phase 12.903ms
[117.375s][info][gc,phases,start] GC(552) Summary Phase
[117.375s][info][gc,phases      ] GC(552) Summary Phase 0.012ms
[117.376s][info][gc,phases,start] GC(552) Adjust Roots
[117.379s][info][gc,phases      ] GC(552) Adjust Roots 3.918ms
[117.379s][info][gc,phases,start] GC(552) Compaction Phase
[117.381s][info][gc,phases      ] GC(552) Compaction Phase 1.668ms
[117.381s][info][gc,phases,start] GC(552) Post Compact
[117.382s][info][gc,phases      ] GC(552) Post Compact 0.450ms
[117.382s][info][gc,heap        ] GC(552) PSYoungGen: 448K(371712K)->0K(371712K) Eden: 0K(371200K)->0K(371200K) From: 448K(512K)->0K(512K)
[117.382s][info][gc,heap        ] GC(552) ParOldGen: 11839K(1398272K)->5374K(1398272K)
[117.382s][info][gc,metaspace   ] GC(552) Metaspace: 14352K(15296K)->14352K(15296K) NonClass: 12392K(12992K)->12392K(12992K) Class: 1959K(2304K)->1959K(2304K)
[117.382s][info][gc             ] GC(552) Pause Full (System.gc()) 11M->5M(1728M) 19.089ms
[117.382s][info][gc,cpu         ] GC(552) User=0.02s Sys=0.00s Real=0.02s
[117.698s][info][gc,start       ] GC(553) Pause Young (Allocation Failure)
[117.700s][info][gc,heap        ] GC(553) PSYoungGen: 371200K(371712K)->1536K(365056K) Eden: 371200K(371200K)->0K(363520K) From: 0K(512K)->1536K(1536K)
[117.700s][info][gc,heap        ] GC(553) ParOldGen: 5374K(1398272K)->5840K(1398272K)
[117.700s][info][gc,metaspace   ] GC(553) Metaspace: 14352K(15296K)->14352K(15296K) NonClass: 12392K(12992K)->12392K(12992K) Class: 1959K(2304K)->1959K(2304K)
[117.700s][info][gc             ] GC(553) Pause Young (Allocation Failure) 367M->7M(1722M) 2.792ms
[117.700s][info][gc,cpu         ] GC(553) User=0.00s Sys=0.00s Real=0.00s
[117.927s][info][gc,start       ] GC(554) Pause Young (Allocation Failure)
[117.929s][info][gc,heap        ] GC(554) PSYoungGen: 365056K(365056K)->1056K(357888K) Eden: 363520K(363520K)->0K(356352K) From: 1536K(1536K)->1056K(1536K)
[117.929s][info][gc,heap        ] GC(554) ParOldGen: 5840K(1398272K)->7086K(1398272K)
[117.929s][info][gc,metaspace   ] GC(554) Metaspace: 14352K(15296K)->14352K(15296K) NonClass: 12392K(12992K)->12392K(12992K) Class: 1959K(2304K)->1959K(2304K)
[117.929s][info][gc             ] GC(554) Pause Young (Allocation Failure) 362M->7M(1715M) 2.644ms
[117.929s][info][gc,cpu         ] GC(554) User=0.00s Sys=0.00s Real=0.00s
[118.159s][info][gc,start       ] GC(555) Pause Young (Allocation Failure)
[118.162s][info][gc,heap        ] GC(555) PSYoungGen: 357408K(357888K)->1024K(350208K) Eden: 356352K(356352K)->0K(349184K) From: 1056K(1536K)->1024K(1024K)
[118.162s][info][gc,heap        ] GC(555) ParOldGen: 7086K(1398272K)->7158K(1398272K)
[118.162s][info][gc,metaspace   ] GC(555) Metaspace: 14352K(15296K)->14352K(15296K) NonClass: 12392K(12992K)->12392K(12992K) Class: 1959K(2304K)->1959K(2304K)
[118.162s][info][gc             ] GC(555) Pause Young (Allocation Failure) 355M->7M(1707M) 2.537ms
[118.162s][info][gc,cpu         ] GC(555) User=0.52s Sys=0.00s Real=0.00s
[118.385s][info][gc,start       ] GC(556) Pause Young (Allocation Failure)
[118.387s][info][gc,heap        ] GC(556) PSYoungGen: 350208K(350208K)->1024K(343552K) Eden: 349184K(349184K)->0K(342528K) From: 1024K(1024K)->1024K(1024K)
[118.387s][info][gc,heap        ] GC(556) ParOldGen: 7158K(1398272K)->7246K(1398272K)
[118.387s][info][gc,metaspace   ] GC(556) Metaspace: 14352K(15296K)->14352K(15296K) NonClass: 12392K(12992K)->12392K(12992K) Class: 1959K(2304K)->1959K(2304K)
[118.387s][info][gc             ] GC(556) Pause Young (Allocation Failure) 348M->8M(1701M) 2.522ms
[118.387s][info][gc,cpu         ] GC(556) User=0.00s Sys=0.00s Real=0.00s
[118.613s][info][gc,start       ] GC(557) Pause Young (Allocation Failure)
[118.615s][info][gc,heap        ] GC(557) PSYoungGen: 343552K(343552K)->1024K(412160K) Eden: 342528K(342528K)->0K(411136K) From: 1024K(1024K)->1024K(1024K)
[118.615s][info][gc,heap        ] GC(557) ParOldGen: 7246K(1398272K)->7342K(1398272K)
[118.615s][info][gc,metaspace   ] GC(557) Metaspace: 14352K(15296K)->14352K(15296K) NonClass: 12392K(12992K)->12392K(12992K) Class: 1959K(2304K)->1959K(2304K)
[118.615s][info][gc             ] GC(557) Pause Young (Allocation Failure) 342M->8M(1768M) 2.640ms
[118.616s][info][gc,cpu         ] GC(557) User=0.52s Sys=0.00s Real=0.00s
[118.883s][info][gc,start       ] GC(558) Pause Young (Allocation Failure)
[118.886s][info][gc,heap        ] GC(558) PSYoungGen: 412160K(412160K)->1056K(403968K) Eden: 411136K(411136K)->0K(402432K) From: 1024K(1024K)->1056K(1536K)
[118.886s][info][gc,heap        ] GC(558) ParOldGen: 7342K(1398272K)->7438K(1398272K)
[118.886s][info][gc,metaspace   ] GC(558) Metaspace: 14352K(15296K)->14352K(15296K) NonClass: 12392K(12992K)->12392K(12992K) Class: 1959K(2304K)->1959K(2304K)
[118.886s][info][gc             ] GC(558) Pause Young (Allocation Failure) 409M->8M(1760M) 2.720ms
[118.886s][info][gc,cpu         ] GC(558) User=0.00s Sys=0.00s Real=0.00s
[119.147s][info][gc,start       ] GC(559) Pause Young (Allocation Failure)
[119.149s][info][gc,heap        ] GC(559) PSYoungGen: 403488K(403968K)->1024K(394752K) Eden: 402432K(402432K)->0K(393728K) From: 1056K(1536K)->1024K(1024K)
[119.149s][info][gc,heap        ] GC(559) ParOldGen: 7438K(1398272K)->7574K(1398272K)
[119.149s][info][gc,metaspace   ] GC(559) Metaspace: 14352K(15296K)->14352K(15296K) NonClass: 12392K(12992K)->12392K(12992K) Class: 1959K(2304K)->1959K(2304K)
[119.149s][info][gc             ] GC(559) Pause Young (Allocation Failure) 401M->8M(1751M) 2.732ms
[119.150s][info][gc,cpu         ] GC(559) User=0.00s Sys=0.00s Real=0.00s
[119.406s][info][gc,start       ] GC(560) Pause Young (Allocation Failure)
[119.409s][info][gc,heap        ] GC(560) PSYoungGen: 394752K(394752K)->1024K(386560K) Eden: 393728K(393728K)->0K(385536K) From: 1024K(1024K)->1024K(1024K)
[119.409s][info][gc,heap        ] GC(560) ParOldGen: 7574K(1398272K)->7678K(1398272K)
[119.409s][info][gc,metaspace   ] GC(560) Metaspace: 14352K(15296K)->14352K(15296K) NonClass: 12392K(12992K)->12392K(12992K) Class: 1959K(2304K)->1959K(2304K)
[119.409s][info][gc             ] GC(560) Pause Young (Allocation Failure) 392M->8M(1743M) 2.759ms
[119.409s][info][gc,cpu         ] GC(560) User=0.00s Sys=0.00s Real=0.00s
[119.662s][info][gc,start       ] GC(561) Pause Young (Allocation Failure)
[119.670s][info][gc,heap        ] GC(561) PSYoungGen: 386560K(386560K)->1024K(378880K) Eden: 385536K(385536K)->0K(377856K) From: 1024K(1024K)->1024K(1024K)
[119.670s][info][gc,heap        ] GC(561) ParOldGen: 7678K(1398272K)->7790K(1398272K)
[119.670s][info][gc,metaspace   ] GC(561) Metaspace: 14352K(15296K)->14352K(15296K) NonClass: 12392K(12992K)->12392K(12992K) Class: 1959K(2304K)->1959K(2304K)
[119.670s][info][gc             ] GC(561) Pause Young (Allocation Failure) 384M->8M(1735M) 8.877ms
[119.670s][info][gc,cpu         ] GC(561) User=0.00s Sys=0.00s Real=0.01s
[119.917s][info][gc,start       ] GC(562) Pause Young (Allocation Failure)
[119.920s][info][gc,heap        ] GC(562) PSYoungGen: 378880K(378880K)->1056K(455168K) Eden: 377856K(377856K)->0K(453632K) From: 1024K(1024K)->1056K(1536K)
[119.920s][info][gc,heap        ] GC(562) ParOldGen: 7790K(1398272K)->7894K(1398272K)
[119.920s][info][gc,metaspace   ] GC(562) Metaspace: 14352K(15296K)->14352K(15296K) NonClass: 12392K(12992K)->12392K(12992K) Class: 1959K(2304K)->1959K(2304K)
[119.920s][info][gc             ] GC(562) Pause Young (Allocation Failure) 377M->8M(1810M) 2.851ms
[119.920s][info][gc,cpu         ] GC(562) User=0.00s Sys=0.00s Real=0.00s
[120.346s][info][gc,start       ] GC(563) Pause Young (Allocation Failure)
[120.350s][info][gc,heap        ] GC(563) PSYoungGen: 454688K(455168K)->992K(444416K) Eden: 453632K(453632K)->0K(443392K) From: 1056K(1536K)->992K(1024K)
[120.350s][info][gc,heap        ] GC(563) ParOldGen: 7894K(1398272K)->7998K(1398272K)
[120.350s][info][gc,metaspace   ] GC(563) Metaspace: 14352K(15296K)->14352K(15296K) NonClass: 12392K(12992K)->12392K(12992K) Class: 1959K(2304K)->1959K(2304K)
[120.350s][info][gc             ] GC(563) Pause Young (Allocation Failure) 451M->8M(1799M) 3.832ms
[120.350s][info][gc,cpu         ] GC(563) User=0.00s Sys=0.00s Real=0.00s
[120.657s][info][gc,start       ] GC(564) Pause Young (Allocation Failure)
[120.659s][info][gc,heap        ] GC(564) PSYoungGen: 444384K(444416K)->1024K(434688K) Eden: 443392K(443392K)->0K(433664K) From: 992K(1024K)->1024K(1024K)
[120.659s][info][gc,heap        ] GC(564) ParOldGen: 7998K(1398272K)->8118K(1398272K)
[120.659s][info][gc,metaspace   ] GC(564) Metaspace: 14352K(15296K)->14352K(15296K) NonClass: 12392K(12992K)->12392K(12992K) Class: 1959K(2304K)->1959K(2304K)
[120.659s][info][gc             ] GC(564) Pause Young (Allocation Failure) 441M->8M(1790M) 2.685ms
[120.659s][info][gc,cpu         ] GC(564) User=0.00s Sys=0.00s Real=0.00s
[120.949s][info][gc,start       ] GC(565) Pause Young (Allocation Failure)
[120.951s][info][gc,heap        ] GC(565) PSYoungGen: 434688K(434688K)->1024K(424960K) Eden: 433664K(433664K)->0K(423936K) From: 1024K(1024K)->1024K(1024K)
[120.951s][info][gc,heap        ] GC(565) ParOldGen: 8118K(1398272K)->8254K(1398272K)
[120.951s][info][gc,metaspace   ] GC(565) Metaspace: 14352K(15296K)->14352K(15296K) NonClass: 12392K(12992K)->12392K(12992K) Class: 1959K(2304K)->1959K(2304K)
[120.951s][info][gc             ] GC(565) Pause Young (Allocation Failure) 432M->9M(1780M) 2.596ms
[120.951s][info][gc,cpu         ] GC(565) User=0.00s Sys=0.00s Real=0.00s
[121.254s][info][gc,start       ] GC(566) Pause Young (Allocation Failure)
[121.256s][info][gc,heap        ] GC(566) PSYoungGen: 424960K(424960K)->1056K(416256K) Eden: 423936K(423936K)->0K(414720K) From: 1024K(1024K)->1056K(1536K)
[121.256s][info][gc,heap        ] GC(566) ParOldGen: 8254K(1398272K)->8358K(1398272K)
[121.256s][info][gc,metaspace   ] GC(566) Metaspace: 14352K(15296K)->14352K(15296K) NonClass: 12392K(12992K)->12392K(12992K) Class: 1959K(2304K)->1959K(2304K)
[121.256s][info][gc             ] GC(566) Pause Young (Allocation Failure) 423M->9M(1772M) 2.398ms
[121.256s][info][gc,cpu         ] GC(566) User=0.52s Sys=0.00s Real=0.00s
[121.524s][info][gc,start       ] GC(567) Pause Young (Allocation Failure)
[121.527s][info][gc,heap        ] GC(567) PSYoungGen: 415776K(416256K)->1024K(407040K) Eden: 414720K(414720K)->0K(406016K) From: 1056K(1536K)->1024K(1024K)
[121.527s][info][gc,heap        ] GC(567) ParOldGen: 8358K(1398272K)->8510K(1398272K)
[121.527s][info][gc,metaspace   ] GC(567) Metaspace: 14352K(15296K)->14352K(15296K) NonClass: 12392K(12992K)->12392K(12992K) Class: 1959K(2304K)->1959K(2304K)
[121.527s][info][gc             ] GC(567) Pause Young (Allocation Failure) 414M->9M(1763M) 2.519ms
[121.527s][info][gc,cpu         ] GC(567) User=0.00s Sys=0.00s Real=0.00s
[121.791s][info][gc,start       ] GC(568) Pause Young (Allocation Failure)
[121.794s][info][gc,heap        ] GC(568) PSYoungGen: 407040K(407040K)->1024K(398336K) Eden: 406016K(406016K)->0K(397312K) From: 1024K(1024K)->1024K(1024K)
[121.794s][info][gc,heap        ] GC(568) ParOldGen: 8510K(1398272K)->8654K(1398272K)
[121.794s][info][gc,metaspace   ] GC(568) Metaspace: 14352K(15296K)->14352K(15296K) NonClass: 12392K(12992K)->12392K(12992K) Class: 1959K(2304K)->1959K(2304K)
[121.794s][info][gc             ] GC(568) Pause Young (Allocation Failure) 405M->9M(1754M) 2.578ms
[121.794s][info][gc,cpu         ] GC(568) User=0.00s Sys=0.00s Real=0.00s
[122.051s][info][gc,start       ] GC(569) Pause Young (Allocation Failure)
[122.053s][info][gc,heap        ] GC(569) PSYoungGen: 398336K(398336K)->1024K(390144K) Eden: 397312K(397312K)->0K(389120K) From: 1024K(1024K)->1024K(1024K)
[122.053s][info][gc,heap        ] GC(569) ParOldGen: 8654K(1398272K)->8766K(1398272K)
[122.053s][info][gc,metaspace   ] GC(569) Metaspace: 14352K(15296K)->14352K(15296K) NonClass: 12392K(12992K)->12392K(12992K) Class: 1959K(2304K)->1959K(2304K)
[122.053s][info][gc             ] GC(569) Pause Young (Allocation Failure) 397M->9M(1746M) 2.642ms
[122.053s][info][gc,cpu         ] GC(569) User=0.52s Sys=0.00s Real=0.00s
[122.307s][info][gc,start       ] GC(570) Pause Young (Allocation Failure)
[122.310s][info][gc,heap        ] GC(570) PSYoungGen: 390143K(390144K)->1056K(382464K) Eden: 389119K(389120K)->0K(380928K) From: 1024K(1024K)->1056K(1536K)
[122.310s][info][gc,heap        ] GC(570) ParOldGen: 8766K(1398272K)->8838K(1398272K)
[122.310s][info][gc,metaspace   ] GC(570) Metaspace: 14352K(15296K)->14352K(15296K) NonClass: 12392K(12992K)->12392K(12992K) Class: 1959K(2304K)->1959K(2304K)
[122.310s][info][gc             ] GC(570) Pause Young (Allocation Failure) 389M->9M(1739M) 2.644ms
[122.310s][info][gc,cpu         ] GC(570) User=0.00s Sys=0.00s Real=0.00s
[122.558s][info][gc,start       ] GC(571) Pause Young (Allocation Failure)
[122.560s][info][gc,heap        ] GC(571) PSYoungGen: 381984K(382464K)->1024K(374272K) Eden: 380928K(380928K)->0K(373248K) From: 1056K(1536K)->1024K(1024K)
[122.560s][info][gc,heap        ] GC(571) ParOldGen: 8838K(1398272K)->8942K(1398272K)
[122.560s][info][gc,metaspace   ] GC(571) Metaspace: 14352K(15296K)->14352K(15296K) NonClass: 12392K(12992K)->12392K(12992K) Class: 1959K(2304K)->1959K(2304K)
[122.560s][info][gc             ] GC(571) Pause Young (Allocation Failure) 381M->9M(1731M) 2.675ms
[122.561s][info][gc,cpu         ] GC(571) User=0.00s Sys=0.00s Real=0.00s
[122.804s][info][gc,start       ] GC(572) Pause Young (Allocation Failure)
[122.807s][info][gc,heap        ] GC(572) PSYoungGen: 374272K(374272K)->1024K(366592K) Eden: 373248K(373248K)->0K(365568K) From: 1024K(1024K)->1024K(1024K)
[122.807s][info][gc,heap        ] GC(572) ParOldGen: 8942K(1398272K)->9054K(1398272K)
[122.807s][info][gc,metaspace   ] GC(572) Metaspace: 14352K(15296K)->14352K(15296K) NonClass: 12392K(12992K)->12392K(12992K) Class: 1959K(2304K)->1959K(2304K)
[122.807s][info][gc             ] GC(572) Pause Young (Allocation Failure) 374M->9M(1723M) 2.724ms
[122.807s][info][gc,cpu         ] GC(572) User=0.00s Sys=0.00s Real=0.00s
[123.173s][info][gc,start       ] GC(573) Pause Young (Allocation Failure)
[123.177s][info][gc,heap        ] GC(573) PSYoungGen: 366592K(366592K)->992K(359424K) Eden: 365568K(365568K)->0K(358400K) From: 1024K(1024K)->992K(1024K)
[123.177s][info][gc,heap        ] GC(573) ParOldGen: 9054K(1398272K)->9142K(1398272K)
[123.177s][info][gc,metaspace   ] GC(573) Metaspace: 14352K(15296K)->14352K(15296K) NonClass: 12392K(12992K)->12392K(12992K) Class: 1959K(2304K)->1959K(2304K)
[123.177s][info][gc             ] GC(573) Pause Young (Allocation Failure) 366M->9M(1716M) 3.650ms
[123.177s][info][gc,cpu         ] GC(573) User=0.52s Sys=0.00s Real=0.00s
[123.427s][info][gc,start       ] GC(574) Pause Young (Allocation Failure)
[123.430s][info][gc,heap        ] GC(574) PSYoungGen: 359392K(359424K)->1056K(352768K) Eden: 358400K(358400K)->0K(351232K) From: 992K(1024K)->1056K(1536K)
[123.430s][info][gc,heap        ] GC(574) ParOldGen: 9142K(1398272K)->9222K(1398272K)
[123.430s][info][gc,metaspace   ] GC(574) Metaspace: 14352K(15296K)->14352K(15296K) NonClass: 12392K(12992K)->12392K(12992K) Class: 1959K(2304K)->1959K(2304K)
[123.430s][info][gc             ] GC(574) Pause Young (Allocation Failure) 359M->10M(1710M) 2.563ms
[123.430s][info][gc,cpu         ] GC(574) User=0.00s Sys=0.00s Real=0.00s
[123.667s][info][gc,start       ] GC(575) Pause Young (Allocation Failure)
[123.669s][info][gc,heap        ] GC(575) PSYoungGen: 352288K(352768K)->1024K(345600K) Eden: 351232K(351232K)->0K(344576K) From: 1056K(1536K)->1024K(1024K)
[123.669s][info][gc,heap        ] GC(575) ParOldGen: 9222K(1398272K)->9318K(1398272K)
[123.669s][info][gc,metaspace   ] GC(575) Metaspace: 14352K(15296K)->14352K(15296K) NonClass: 12392K(12992K)->12392K(12992K) Class: 1959K(2304K)->1959K(2304K)
[123.669s][info][gc             ] GC(575) Pause Young (Allocation Failure) 353M->10M(1703M) 2.350ms
[123.669s][info][gc,cpu         ] GC(575) User=0.00s Sys=0.00s Real=0.00s
[123.895s][info][gc,start       ] GC(576) Pause Young (Allocation Failure)
[123.897s][info][gc,heap        ] GC(576) PSYoungGen: 345600K(345600K)->1024K(338944K) Eden: 344576K(344576K)->0K(337920K) From: 1024K(1024K)->1024K(1024K)
[123.897s][info][gc,heap        ] GC(576) ParOldGen: 9318K(1398272K)->9414K(1398272K)
[123.897s][info][gc,metaspace   ] GC(576) Metaspace: 14352K(15296K)->14352K(15296K) NonClass: 12392K(12992K)->12392K(12992K) Class: 1959K(2304K)->1959K(2304K)
[123.897s][info][gc             ] GC(576) Pause Young (Allocation Failure) 346M->10M(1696M) 2.445ms
[123.897s][info][gc,cpu         ] GC(576) User=0.33s Sys=0.02s Real=0.00s
[124.142s][info][gc,start       ] GC(577) Pause Young (Allocation Failure)
[124.144s][info][gc,heap        ] GC(577) PSYoungGen: 338944K(338944K)->1024K(332800K) Eden: 337920K(337920K)->0K(331776K) From: 1024K(1024K)->1024K(1024K)
[124.144s][info][gc,heap        ] GC(577) ParOldGen: 9414K(1398272K)->9518K(1398272K)
[124.144s][info][gc,metaspace   ] GC(577) Metaspace: 14352K(15296K)->14352K(15296K) NonClass: 12392K(12992K)->12392K(12992K) Class: 1959K(2304K)->1959K(2304K)
[124.144s][info][gc             ] GC(577) Pause Young (Allocation Failure) 340M->10M(1690M) 2.218ms
[124.144s][info][gc,cpu         ] GC(577) User=0.00s Sys=0.00s Real=0.00s
[124.360s][info][gc,start       ] GC(578) Pause Young (Allocation Failure)
[124.362s][info][gc,heap        ] GC(578) PSYoungGen: 332800K(332800K)->1056K(327168K) Eden: 331776K(331776K)->0K(325632K) From: 1024K(1024K)->1056K(1536K)
[124.362s][info][gc,heap        ] GC(578) ParOldGen: 9518K(1398272K)->9582K(1398272K)
[124.362s][info][gc,metaspace   ] GC(578) Metaspace: 14352K(15296K)->14352K(15296K) NonClass: 12392K(12992K)->12392K(12992K) Class: 1959K(2304K)->1959K(2304K)
[124.362s][info][gc             ] GC(578) Pause Young (Allocation Failure) 334M->10M(1685M) 2.324ms
[124.362s][info][gc,cpu         ] GC(578) User=0.00s Sys=0.00s Real=0.00s
[124.574s][info][gc,start       ] GC(579) Pause Young (Allocation Failure)
[124.577s][info][gc,heap        ] GC(579) PSYoungGen: 326688K(327168K)->1024K(320512K) Eden: 325632K(325632K)->0K(319488K) From: 1056K(1536K)->1024K(1024K)
[124.577s][info][gc,heap        ] GC(579) ParOldGen: 9582K(1398272K)->9670K(1398272K)
[124.577s][info][gc,metaspace   ] GC(579) Metaspace: 14352K(15296K)->14352K(15296K) NonClass: 12392K(12992K)->12392K(12992K) Class: 1959K(2304K)->1959K(2304K)
[124.577s][info][gc             ] GC(579) Pause Young (Allocation Failure) 328M->10M(1678M) 2.316ms
[124.577s][info][gc,cpu         ] GC(579) User=0.00s Sys=0.00s Real=0.00s
[124.782s][info][gc,start       ] GC(580) Pause Young (Allocation Failure)
[124.784s][info][gc,heap        ] GC(580) PSYoungGen: 320512K(320512K)->1056K(315392K) Eden: 319488K(319488K)->0K(313856K) From: 1024K(1024K)->1056K(1536K)
[124.784s][info][gc,heap        ] GC(580) ParOldGen: 9670K(1398272K)->9750K(1398272K)
[124.784s][info][gc,metaspace   ] GC(580) Metaspace: 14352K(15296K)->14352K(15296K) NonClass: 12392K(12992K)->12392K(12992K) Class: 1959K(2304K)->1959K(2304K)
[124.784s][info][gc             ] GC(580) Pause Young (Allocation Failure) 322M->10M(1673M) 2.397ms
[124.784s][info][gc,cpu         ] GC(580) User=0.00s Sys=0.00s Real=0.00s
[124.987s][info][gc,start       ] GC(581) Pause Young (Allocation Failure)
[124.989s][info][gc,heap        ] GC(581) PSYoungGen: 314912K(315392K)->992K(377856K) Eden: 313856K(313856K)->0K(376832K) From: 1056K(1536K)->992K(1024K)
[124.989s][info][gc,heap        ] GC(581) ParOldGen: 9750K(1398272K)->9830K(1398272K)
[124.989s][info][gc,metaspace   ] GC(581) Metaspace: 14352K(15296K)->14352K(15296K) NonClass: 12392K(12992K)->12392K(12992K) Class: 1959K(2304K)->1959K(2304K)
[124.989s][info][gc             ] GC(581) Pause Young (Allocation Failure) 317M->10M(1734M) 2.394ms
[124.989s][info][gc,cpu         ] GC(581) User=0.00s Sys=0.00s Real=0.00s
[125.234s][info][gc,start       ] GC(582) Pause Young (Allocation Failure)
[125.237s][info][gc,heap        ] GC(582) PSYoungGen: 377824K(377856K)->1024K(453632K) Eden: 376832K(376832K)->0K(452608K) From: 992K(1024K)->1024K(1024K)
[125.237s][info][gc,heap        ] GC(582) ParOldGen: 9830K(1398272K)->9934K(1398272K)
[125.237s][info][gc,metaspace   ] GC(582) Metaspace: 14352K(15296K)->14352K(15296K) NonClass: 12392K(12992K)->12392K(12992K) Class: 1959K(2304K)->1959K(2304K)
[125.237s][info][gc             ] GC(582) Pause Young (Allocation Failure) 378M->10M(1808M) 2.577ms
[125.237s][info][gc,cpu         ] GC(582) User=0.00s Sys=0.00s Real=0.00s
[125.532s][info][gc,start       ] GC(583) Pause Young (Allocation Failure)
[125.534s][info][gc,heap        ] GC(583) PSYoungGen: 453632K(453632K)->1024K(443392K) Eden: 452608K(452608K)->0K(442368K) From: 1024K(1024K)->1024K(1024K)
[125.534s][info][gc,heap        ] GC(583) ParOldGen: 9934K(1398272K)->10062K(1398272K)
[125.534s][info][gc,metaspace   ] GC(583) Metaspace: 14352K(15296K)->14352K(15296K) NonClass: 12392K(12992K)->12392K(12992K) Class: 1959K(2304K)->1959K(2304K)
[125.534s][info][gc             ] GC(583) Pause Young (Allocation Failure) 452M->10M(1798M) 2.694ms
[125.534s][info][gc,cpu         ] GC(583) User=0.00s Sys=0.00s Real=0.00s
[125.822s][info][gc,start       ] GC(584) Pause Young (Allocation Failure)
[125.824s][info][gc,heap        ] GC(584) PSYoungGen: 443392K(443392K)->1024K(433664K) Eden: 442368K(442368K)->0K(432640K) From: 1024K(1024K)->1024K(1024K)
[125.824s][info][gc,heap        ] GC(584) ParOldGen: 10062K(1398272K)->10166K(1398272K)
[125.824s][info][gc,metaspace   ] GC(584) Metaspace: 14352K(15296K)->14352K(15296K) NonClass: 12392K(12992K)->12392K(12992K) Class: 1959K(2304K)->1959K(2304K)
[125.824s][info][gc             ] GC(584) Pause Young (Allocation Failure) 442M->10M(1789M) 2.769ms
[125.824s][info][gc,cpu         ] GC(584) User=0.00s Sys=0.00s Real=0.00s
[126.106s][info][gc,start       ] GC(585) Pause Young (Allocation Failure)
[126.109s][info][gc,heap        ] GC(585) PSYoungGen: 433664K(433664K)->1024K(423936K) Eden: 432640K(432640K)->0K(422912K) From: 1024K(1024K)->1024K(1024K)
[126.109s][info][gc,heap        ] GC(585) ParOldGen: 10166K(1398272K)->10262K(1398272K)
[126.109s][info][gc,metaspace   ] GC(585) Metaspace: 14352K(15296K)->14352K(15296K) NonClass: 12392K(12992K)->12392K(12992K) Class: 1959K(2304K)->1959K(2304K)
[126.109s][info][gc             ] GC(585) Pause Young (Allocation Failure) 433M->11M(1779M) 2.780ms
[126.109s][info][gc,cpu         ] GC(585) User=0.00s Sys=0.00s Real=0.00s
[126.384s][info][gc,start       ] GC(586) Pause Young (Allocation Failure)
[126.387s][info][gc,heap        ] GC(586) PSYoungGen: 423936K(423936K)->1024K(414720K) Eden: 422912K(422912K)->0K(413696K) From: 1024K(1024K)->1024K(1024K)
[126.387s][info][gc,heap        ] GC(586) ParOldGen: 10262K(1398272K)->10374K(1398272K)
[126.387s][info][gc,metaspace   ] GC(586) Metaspace: 14352K(15296K)->14352K(15296K) NonClass: 12392K(12992K)->12392K(12992K) Class: 1959K(2304K)->1959K(2304K)
[126.387s][info][gc             ] GC(586) Pause Young (Allocation Failure) 424M->11M(1770M) 2.811ms
[126.387s][info][gc,cpu         ] GC(586) User=0.00s Sys=0.00s Real=0.00s
[126.654s][info][gc,start       ] GC(587) Pause Young (Allocation Failure)
[126.656s][info][gc,heap        ] GC(587) PSYoungGen: 414720K(414720K)->992K(406016K) Eden: 413696K(413696K)->0K(404992K) From: 1024K(1024K)->992K(1024K)
[126.656s][info][gc,heap        ] GC(587) ParOldGen: 10374K(1398272K)->10494K(1398272K)
[126.656s][info][gc,metaspace   ] GC(587) Metaspace: 14352K(15296K)->14352K(15296K) NonClass: 12392K(12992K)->12392K(12992K) Class: 1959K(2304K)->1959K(2304K)
[126.656s][info][gc             ] GC(587) Pause Young (Allocation Failure) 415M->11M(1762M) 2.824ms
[126.656s][info][gc,cpu         ] GC(587) User=0.00s Sys=0.00s Real=0.00s
[126.921s][info][gc,start       ] GC(588) Pause Young (Allocation Failure)
[126.924s][info][gc,heap        ] GC(588) PSYoungGen: 405984K(406016K)->1056K(397824K) Eden: 404992K(404992K)->0K(396288K) From: 992K(1024K)->1056K(1536K)
[126.924s][info][gc,heap        ] GC(588) ParOldGen: 10494K(1398272K)->10582K(1398272K)
[126.924s][info][gc,metaspace   ] GC(588) Metaspace: 14352K(15296K)->14352K(15296K) NonClass: 12392K(12992K)->12392K(12992K) Class: 1959K(2304K)->1959K(2304K)
[126.924s][info][gc             ] GC(588) Pause Young (Allocation Failure) 406M->11M(1754M) 2.903ms
[126.924s][info][gc,cpu         ] GC(588) User=0.00s Sys=0.00s Real=0.00s
[127.184s][info][gc,start       ] GC(589) Pause Young (Allocation Failure)
[127.187s][info][gc,heap        ] GC(589) PSYoungGen: 397344K(397824K)->1024K(389120K) Eden: 396288K(396288K)->0K(388096K) From: 1056K(1536K)->1024K(1024K)
[127.187s][info][gc,heap        ] GC(589) ParOldGen: 10582K(1398272K)->10702K(1398272K)
[127.187s][info][gc,metaspace   ] GC(589) Metaspace: 14352K(15296K)->14352K(15296K) NonClass: 12392K(12992K)->12392K(12992K) Class: 1959K(2304K)->1959K(2304K)
[127.187s][info][gc             ] GC(589) Pause Young (Allocation Failure) 398M->11M(1745M) 2.853ms
[127.187s][info][gc,cpu         ] GC(589) User=0.00s Sys=0.00s Real=0.00s
[127.464s][info][gc,start       ] GC(590) Pause Young (Allocation Failure)
[127.466s][info][gc,heap        ] GC(590) PSYoungGen: 389120K(389120K)->1024K(380928K) Eden: 388096K(388096K)->0K(379904K) From: 1024K(1024K)->1024K(1024K)
[127.466s][info][gc,heap        ] GC(590) ParOldGen: 10702K(1398272K)->10790K(1398272K)
[127.466s][info][gc,metaspace   ] GC(590) Metaspace: 14352K(15296K)->14352K(15296K) NonClass: 12392K(12992K)->12392K(12992K) Class: 1959K(2304K)->1959K(2304K)
[127.467s][info][gc             ] GC(590) Pause Young (Allocation Failure) 390M->11M(1737M) 2.608ms
[127.467s][info][gc,cpu         ] GC(590) User=0.00s Sys=0.00s Real=0.00s
[127.715s][info][gc,start       ] GC(591) Pause Young (Allocation Failure)
[127.718s][info][gc,heap        ] GC(591) PSYoungGen: 380928K(380928K)->992K(373248K) Eden: 379904K(379904K)->0K(372224K) From: 1024K(1024K)->992K(1024K)
[127.718s][info][gc,heap        ] GC(591) ParOldGen: 10790K(1398272K)->10922K(1398272K)
[127.718s][info][gc,metaspace   ] GC(591) Metaspace: 14352K(15296K)->14352K(15296K) NonClass: 12392K(12992K)->12392K(12992K) Class: 1959K(2304K)->1959K(2304K)
[127.718s][info][gc             ] GC(591) Pause Young (Allocation Failure) 382M->11M(1730M) 2.601ms
[127.718s][info][gc,cpu         ] GC(591) User=0.00s Sys=0.00s Real=0.00s
[127.957s][info][gc,start       ] GC(592) Pause Young (Allocation Failure)
[127.960s][info][gc,heap        ] GC(592) PSYoungGen: 373216K(373248K)->1056K(366080K) Eden: 372224K(372224K)->0K(364544K) From: 992K(1024K)->1056K(1536K)
[127.960s][info][gc,heap        ] GC(592) ParOldGen: 10922K(1398272K)->10986K(1398272K)
[127.960s][info][gc,metaspace   ] GC(592) Metaspace: 14352K(15296K)->14352K(15296K) NonClass: 12392K(12992K)->12392K(12992K) Class: 1959K(2304K)->1959K(2304K)
[127.960s][info][gc             ] GC(592) Pause Young (Allocation Failure) 375M->11M(1723M) 2.525ms
[127.960s][info][gc,cpu         ] GC(592) User=0.36s Sys=0.03s Real=0.00s
[128.210s][info][gc,start       ] GC(593) Pause Young (Allocation Failure)
[128.212s][info][gc,heap        ] GC(593) PSYoungGen: 365600K(366080K)->1024K(358400K) Eden: 364544K(364544K)->0K(357376K) From: 1056K(1536K)->1024K(1024K)
[128.212s][info][gc,heap        ] GC(593) ParOldGen: 10986K(1398272K)->11082K(1398272K)
[128.212s][info][gc,metaspace   ] GC(593) Metaspace: 14352K(15296K)->14352K(15296K) NonClass: 12392K(12992K)->12392K(12992K) Class: 1959K(2304K)->1959K(2304K)
[128.212s][info][gc             ] GC(593) Pause Young (Allocation Failure) 367M->11M(1715M) 2.417ms
[128.212s][info][gc,cpu         ] GC(593) User=0.00s Sys=0.00s Real=0.00s
[128.443s][info][gc,start       ] GC(594) Pause Young (Allocation Failure)
[128.445s][info][gc,heap        ] GC(594) PSYoungGen: 358400K(358400K)->1024K(351232K) Eden: 357376K(357376K)->0K(350208K) From: 1024K(1024K)->1024K(1024K)
[128.445s][info][gc,heap        ] GC(594) ParOldGen: 11082K(1398272K)->11186K(1398272K)
[128.445s][info][gc,metaspace   ] GC(594) Metaspace: 14352K(15296K)->14352K(15296K) NonClass: 12392K(12992K)->12392K(12992K) Class: 1959K(2304K)->1959K(2304K)
[128.445s][info][gc             ] GC(594) Pause Young (Allocation Failure) 360M->11M(1708M) 2.497ms
[128.445s][info][gc,cpu         ] GC(594) User=0.00s Sys=0.00s Real=0.00s
[128.671s][info][gc,start       ] GC(595) Pause Young (Allocation Failure)
[128.674s][info][gc,heap        ] GC(595) PSYoungGen: 351232K(351232K)->1024K(344576K) Eden: 350208K(350208K)->0K(343552K) From: 1024K(1024K)->1024K(1024K)
[128.674s][info][gc,heap        ] GC(595) ParOldGen: 11186K(1398272K)->11282K(1398272K)
[128.674s][info][gc,metaspace   ] GC(595) Metaspace: 14352K(15296K)->14352K(15296K) NonClass: 12392K(12992K)->12392K(12992K) Class: 1959K(2304K)->1959K(2304K)
[128.674s][info][gc             ] GC(595) Pause Young (Allocation Failure) 353M->12M(1702M) 2.619ms
[128.674s][info][gc,cpu         ] GC(595) User=0.00s Sys=0.00s Real=0.00s
[128.895s][info][gc,start       ] GC(596) Pause Young (Allocation Failure)
[128.897s][info][gc,heap        ] GC(596) PSYoungGen: 344576K(344576K)->1056K(414208K) Eden: 343552K(343552K)->0K(412672K) From: 1024K(1024K)->1056K(1536K)
[128.898s][info][gc,heap        ] GC(596) ParOldGen: 11282K(1398272K)->11346K(1398272K)
[128.898s][info][gc,metaspace   ] GC(596) Metaspace: 14352K(15296K)->14352K(15296K) NonClass: 12392K(12992K)->12392K(12992K) Class: 1959K(2304K)->1959K(2304K)
[128.898s][info][gc             ] GC(596) Pause Young (Allocation Failure) 347M->12M(1770M) 2.605ms
[128.898s][info][gc,cpu         ] GC(596) User=0.08s Sys=0.02s Real=0.00s
[129.160s][info][gc,start       ] GC(597) Pause Young (Allocation Failure)
[129.162s][info][gc,heap        ] GC(597) PSYoungGen: 413728K(414208K)->1024K(404992K) Eden: 412672K(412672K)->0K(403968K) From: 1056K(1536K)->1024K(1024K)
[129.163s][info][gc,heap        ] GC(597) ParOldGen: 11346K(1398272K)->11450K(1398272K)
[129.163s][info][gc,metaspace   ] GC(597) Metaspace: 14352K(15296K)->14352K(15296K) NonClass: 12392K(12992K)->12392K(12992K) Class: 1959K(2304K)->1959K(2304K)
[129.163s][info][gc             ] GC(597) Pause Young (Allocation Failure) 415M->12M(1761M) 2.681ms
[129.163s][info][gc,cpu         ] GC(597) User=0.52s Sys=0.00s Real=0.00s
[129.419s][info][gc,start       ] GC(598) Pause Young (Allocation Failure)
[129.422s][info][gc,heap        ] GC(598) PSYoungGen: 404992K(404992K)->1024K(396288K) Eden: 403968K(403968K)->0K(395264K) From: 1024K(1024K)->1024K(1024K)
[129.422s][info][gc,heap        ] GC(598) ParOldGen: 11450K(1398272K)->11562K(1398272K)
[129.422s][info][gc,metaspace   ] GC(598) Metaspace: 14352K(15296K)->14352K(15296K) NonClass: 12392K(12992K)->12392K(12992K) Class: 1959K(2304K)->1959K(2304K)
[129.422s][info][gc             ] GC(598) Pause Young (Allocation Failure) 406M->12M(1752M) 2.747ms
[129.422s][info][gc,cpu         ] GC(598) User=0.00s Sys=0.00s Real=0.00s
[129.648s][info][gc,start       ] GC(599) Pause Young (Allocation Failure)
[129.651s][info][gc,heap        ] GC(599) PSYoungGen: 396288K(396288K)->768K(475648K) Eden: 395264K(395264K)->0K(474624K) From: 1024K(1024K)->768K(1024K)
[129.651s][info][gc,heap        ] GC(599) ParOldGen: 11562K(1398272K)->11674K(1398272K)
[129.651s][info][gc,metaspace   ] GC(599) Metaspace: 14352K(15296K)->14352K(15296K) NonClass: 12392K(12992K)->12392K(12992K) Class: 1959K(2304K)->1959K(2304K)
[129.651s][info][gc             ] GC(599) Pause Young (Allocation Failure) 398M->12M(1830M) 2.901ms
[129.651s][info][gc,cpu         ] GC(599) User=0.00s Sys=0.00s Real=0.00s
[129.891s][info][gc,start       ] GC(600) Pause Young (Allocation Failure)
[129.894s][info][gc,heap        ] GC(600) PSYoungGen: 475392K(475648K)->960K(526336K) Eden: 474624K(474624K)->0K(524800K) From: 768K(1024K)->960K(1536K)
[129.894s][info][gc,heap        ] GC(600) ParOldGen: 11674K(1398272K)->11730K(1398272K)
[129.894s][info][gc,metaspace   ] GC(600) Metaspace: 14352K(15296K)->14352K(15296K) NonClass: 12392K(12992K)->12392K(12992K) Class: 1959K(2304K)->1959K(2304K)
[129.894s][info][gc             ] GC(600) Pause Young (Allocation Failure) 475M->12M(1879M) 3.277ms
[129.894s][info][gc,cpu         ] GC(600) User=0.00s Sys=0.00s Real=0.00s
[130.001s][info][gc,start       ] GC(601) Pause Young (System.gc())
[130.004s][info][gc,heap        ] GC(601) PSYoungGen: 78262K(526336K)->384K(571392K) Eden: 77302K(524800K)->0K(569856K) From: 960K(1536K)->384K(1536K)
[130.004s][info][gc,heap        ] GC(601) ParOldGen: 11730K(1398272K)->11810K(1398272K)
[130.004s][info][gc,metaspace   ] GC(601) Metaspace: 14352K(15296K)->14352K(15296K) NonClass: 12392K(12992K)->12392K(12992K) Class: 1959K(2304K)->1959K(2304K)
[130.004s][info][gc             ] GC(601) Pause Young (System.gc()) 87M->11M(1923M) 2.751ms
[130.004s][info][gc,cpu         ] GC(601) User=0.00s Sys=0.00s Real=0.00s
[130.004s][info][gc,start       ] GC(602) Pause Full (System.gc())
[130.004s][info][gc,phases,start] GC(602) Marking Phase
[130.019s][info][gc,phases      ] GC(602) Marking Phase 15.197ms
[130.019s][info][gc,phases,start] GC(602) Summary Phase
[130.019s][info][gc,phases      ] GC(602) Summary Phase 0.024ms
[130.019s][info][gc,phases,start] GC(602) Adjust Roots
[130.025s][info][gc,phases      ] GC(602) Adjust Roots 5.330ms
[130.025s][info][gc,phases,start] GC(602) Compaction Phase
[130.027s][info][gc,phases      ] GC(602) Compaction Phase 2.335ms
[130.027s][info][gc,phases,start] GC(602) Post Compact
[130.028s][info][gc,phases      ] GC(602) Post Compact 0.590ms
[130.028s][info][gc,heap        ] GC(602) PSYoungGen: 384K(571392K)->0K(571392K) Eden: 0K(569856K)->0K(569856K) From: 384K(1536K)->0K(1536K)
[130.028s][info][gc,heap        ] GC(602) ParOldGen: 11810K(1398272K)->7325K(1398272K)
[130.028s][info][gc,metaspace   ] GC(602) Metaspace: 14352K(15296K)->14352K(15296K) NonClass: 12392K(12992K)->12392K(12992K) Class: 1959K(2304K)->1959K(2304K)
[130.028s][info][gc             ] GC(602) Pause Full (System.gc()) 11M->7M(1923M) 23.819ms
[130.028s][info][gc,cpu         ] GC(602) User=0.02s Sys=0.00s Real=0.02s
[130.483s][info][gc,start       ] GC(603) Pause Young (Allocation Failure)
[130.486s][info][gc,heap        ] GC(603) PSYoungGen: 569856K(571392K)->1536K(557056K) Eden: 569856K(569856K)->0K(555520K) From: 0K(1536K)->1536K(1536K)
[130.486s][info][gc,heap        ] GC(603) ParOldGen: 7325K(1398272K)->7578K(1398272K)
[130.486s][info][gc,metaspace   ] GC(603) Metaspace: 14352K(15296K)->14352K(15296K) NonClass: 12392K(12992K)->12392K(12992K) Class: 1959K(2304K)->1959K(2304K)
[130.486s][info][gc             ] GC(603) Pause Young (Allocation Failure) 563M->8M(1909M) 2.753ms
[130.486s][info][gc,cpu         ] GC(603) User=0.00s Sys=0.00s Real=0.00s
[130.795s][info][gc,start       ] GC(604) Pause Young (Allocation Failure)
[130.798s][info][gc,heap        ] GC(604) PSYoungGen: 557056K(557056K)->512K(542208K) Eden: 555520K(555520K)->0K(541696K) From: 1536K(1536K)->512K(512K)
[130.798s][info][gc,heap        ] GC(604) ParOldGen: 7578K(1398272K)->9147K(1398272K)
[130.798s][info][gc,metaspace   ] GC(604) Metaspace: 14352K(15296K)->14352K(15296K) NonClass: 12392K(12992K)->12392K(12992K) Class: 1959K(2304K)->1959K(2304K)
[130.798s][info][gc             ] GC(604) Pause Young (Allocation Failure) 551M->9M(1895M) 2.659ms
[130.798s][info][gc,cpu         ] GC(604) User=0.00s Sys=0.00s Real=0.00s
[131.148s][info][gc,start       ] GC(605) Pause Young (Allocation Failure)
[131.151s][info][gc,heap        ] GC(605) PSYoungGen: 542208K(542208K)->1056K(530432K) Eden: 541696K(541696K)->0K(528384K) From: 512K(512K)->1056K(2048K)
[131.151s][info][gc,heap        ] GC(605) ParOldGen: 9147K(1398272K)->9211K(1398272K)
[131.151s][info][gc,metaspace   ] GC(605) Metaspace: 14352K(15296K)->14352K(15296K) NonClass: 12392K(12992K)->12392K(12992K) Class: 1959K(2304K)->1959K(2304K)
[131.151s][info][gc             ] GC(605) Pause Young (Allocation Failure) 538M->10M(1883M) 2.486ms
[131.151s][info][gc,cpu         ] GC(605) User=0.00s Sys=0.00s Real=0.00s
[131.481s][info][gc,start       ] GC(606) Pause Young (Allocation Failure)
[131.484s][info][gc,heap        ] GC(606) PSYoungGen: 529440K(530432K)->992K(516608K) Eden: 528384K(528384K)->0K(515584K) From: 1056K(2048K)->992K(1024K)
[131.484s][info][gc,heap        ] GC(606) ParOldGen: 9211K(1398272K)->9379K(1398272K)
[131.484s][info][gc,metaspace   ] GC(606) Metaspace: 14352K(15296K)->14352K(15296K) NonClass: 12392K(12992K)->12392K(12992K) Class: 1959K(2304K)->1959K(2304K)
[131.484s][info][gc             ] GC(606) Pause Young (Allocation Failure) 526M->10M(1870M) 2.800ms
[131.484s][info][gc,cpu         ] GC(606) User=0.00s Sys=0.00s Real=0.00s
[131.809s][info][gc,start       ] GC(607) Pause Young (Allocation Failure)
[131.812s][info][gc,heap        ] GC(607) PSYoungGen: 516576K(516608K)->1056K(504832K) Eden: 515584K(515584K)->0K(503296K) From: 992K(1024K)->1056K(1536K)
[131.812s][info][gc,heap        ] GC(607) ParOldGen: 9379K(1398272K)->9507K(1398272K)
[131.812s][info][gc,metaspace   ] GC(607) Metaspace: 14352K(15296K)->14352K(15296K) NonClass: 12392K(12992K)->12392K(12992K) Class: 1959K(2304K)->1959K(2304K)
[131.812s][info][gc             ] GC(607) Pause Young (Allocation Failure) 513M->10M(1858M) 2.763ms
[131.812s][info][gc,cpu         ] GC(607) User=0.00s Sys=0.00s Real=0.00s
[132.126s][info][gc,start       ] GC(608) Pause Young (Allocation Failure)
[132.129s][info][gc,heap        ] GC(608) PSYoungGen: 504352K(504832K)->1024K(492032K) Eden: 503296K(503296K)->0K(491008K) From: 1056K(1536K)->1024K(1024K)
[132.129s][info][gc,heap        ] GC(608) ParOldGen: 9507K(1398272K)->9627K(1398272K)
[132.129s][info][gc,metaspace   ] GC(608) Metaspace: 14352K(15296K)->14352K(15296K) NonClass: 12392K(12992K)->12392K(12992K) Class: 1959K(2304K)->1959K(2304K)
[132.129s][info][gc             ] GC(608) Pause Young (Allocation Failure) 501M->10M(1846M) 2.763ms
[132.129s][info][gc,cpu         ] GC(608) User=0.00s Sys=0.00s Real=0.00s
[132.437s][info][gc,start       ] GC(609) Pause Young (Allocation Failure)
[132.440s][info][gc,heap        ] GC(609) PSYoungGen: 492032K(492032K)->1024K(480256K) Eden: 491008K(491008K)->0K(479232K) From: 1024K(1024K)->1024K(1024K)
[132.440s][info][gc,heap        ] GC(609) ParOldGen: 9627K(1398272K)->9723K(1398272K)
[132.440s][info][gc,metaspace   ] GC(609) Metaspace: 14352K(15296K)->14352K(15296K) NonClass: 12392K(12992K)->12392K(12992K) Class: 1959K(2304K)->1959K(2304K)
[132.440s][info][gc             ] GC(609) Pause Young (Allocation Failure) 489M->10M(1834M) 2.786ms
[132.440s][info][gc,cpu         ] GC(609) User=0.00s Sys=0.00s Real=0.00s
[132.739s][info][gc,start       ] GC(610) Pause Young (Allocation Failure)
[132.742s][info][gc,heap        ] GC(610) PSYoungGen: 480256K(480256K)->1024K(468992K) Eden: 479232K(479232K)->0K(467968K) From: 1024K(1024K)->1024K(1024K)
[132.742s][info][gc,heap        ] GC(610) ParOldGen: 9723K(1398272K)->9835K(1398272K)
[132.742s][info][gc,metaspace   ] GC(610) Metaspace: 14352K(15296K)->14352K(15296K) NonClass: 12392K(12992K)->12392K(12992K) Class: 1959K(2304K)->1959K(2304K)
[132.742s][info][gc             ] GC(610) Pause Young (Allocation Failure) 478M->10M(1823M) 2.888ms
[132.742s][info][gc,cpu         ] GC(610) User=0.00s Sys=0.00s Real=0.00s
[133.037s][info][gc,start       ] GC(611) Pause Young (Allocation Failure)
[133.040s][info][gc,heap        ] GC(611) PSYoungGen: 468992K(468992K)->1024K(459264K) Eden: 467968K(467968K)->0K(457216K) From: 1024K(1024K)->1024K(2048K)
[133.040s][info][gc,heap        ] GC(611) ParOldGen: 9835K(1398272K)->9987K(1398272K)
[133.040s][info][gc,metaspace   ] GC(611) Metaspace: 14352K(15296K)->14352K(15296K) NonClass: 12392K(12992K)->12392K(12992K) Class: 1959K(2304K)->1959K(2304K)
[133.040s][info][gc             ] GC(611) Pause Young (Allocation Failure) 467M->10M(1814M) 2.854ms
[133.040s][info][gc,cpu         ] GC(611) User=0.00s Sys=0.00s Real=0.00s
[133.328s][info][gc,start       ] GC(612) Pause Young (Allocation Failure)
[133.331s][info][gc,heap        ] GC(612) PSYoungGen: 458240K(459264K)->1024K(448000K) Eden: 457216K(457216K)->0K(446976K) From: 1024K(2048K)->1024K(1024K)
[133.331s][info][gc,heap        ] GC(612) ParOldGen: 9987K(1398272K)->10107K(1398272K)
[133.331s][info][gc,metaspace   ] GC(612) Metaspace: 14352K(15296K)->14352K(15296K) NonClass: 12392K(12992K)->12392K(12992K) Class: 1959K(2304K)->1959K(2304K)
[133.331s][info][gc             ] GC(612) Pause Young (Allocation Failure) 457M->10M(1803M) 2.878ms
[133.331s][info][gc,cpu         ] GC(612) User=0.00s Sys=0.00s Real=0.00s
[133.669s][info][gc,start       ] GC(613) Pause Young (Allocation Failure)
[133.673s][info][gc,heap        ] GC(613) PSYoungGen: 448000K(448000K)->960K(437760K) Eden: 446976K(446976K)->0K(436736K) From: 1024K(1024K)->960K(1024K)
[133.673s][info][gc,heap        ] GC(613) ParOldGen: 10107K(1398272K)->10187K(1398272K)
[133.673s][info][gc,metaspace   ] GC(613) Metaspace: 14352K(15296K)->14352K(15296K) NonClass: 12392K(12992K)->12392K(12992K) Class: 1959K(2304K)->1959K(2304K)
[133.673s][info][gc             ] GC(613) Pause Young (Allocation Failure) 447M->10M(1793M) 3.963ms
[133.673s][info][gc,cpu         ] GC(613) User=0.00s Sys=0.00s Real=0.00s
[133.968s][info][gc,start       ] GC(614) Pause Young (Allocation Failure)
[133.970s][info][gc,heap        ] GC(614) PSYoungGen: 437696K(437760K)->1024K(428032K) Eden: 436736K(436736K)->0K(427008K) From: 960K(1024K)->1024K(1024K)
[133.970s][info][gc,heap        ] GC(614) ParOldGen: 10187K(1398272K)->10299K(1398272K)
[133.970s][info][gc,metaspace   ] GC(614) Metaspace: 14352K(15296K)->14352K(15296K) NonClass: 12392K(12992K)->12392K(12992K) Class: 1959K(2304K)->1959K(2304K)
[133.970s][info][gc             ] GC(614) Pause Young (Allocation Failure) 437M->11M(1783M) 2.641ms
[133.970s][info][gc,cpu         ] GC(614) User=0.00s Sys=0.00s Real=0.00s
[134.277s][info][gc,start       ] GC(615) Pause Young (Allocation Failure)
[134.280s][info][gc,heap        ] GC(615) PSYoungGen: 428032K(428032K)->1056K(419328K) Eden: 427008K(427008K)->0K(417792K) From: 1024K(1024K)->1056K(1536K)
[134.280s][info][gc,heap        ] GC(615) ParOldGen: 10299K(1398272K)->10395K(1398272K)
[134.280s][info][gc,metaspace   ] GC(615) Metaspace: 14352K(15296K)->14352K(15296K) NonClass: 12392K(12992K)->12392K(12992K) Class: 1959K(2304K)->1959K(2304K)
[134.280s][info][gc             ] GC(615) Pause Young (Allocation Failure) 428M->11M(1775M) 2.416ms
[134.280s][info][gc,cpu         ] GC(615) User=0.00s Sys=0.00s Real=0.00s
[134.544s][info][gc,start       ] GC(616) Pause Young (Allocation Failure)
[134.546s][info][gc,heap        ] GC(616) PSYoungGen: 418848K(419328K)->1024K(409600K) Eden: 417792K(417792K)->0K(408576K) From: 1056K(1536K)->1024K(1024K)
[134.546s][info][gc,heap        ] GC(616) ParOldGen: 10395K(1398272K)->10531K(1398272K)
[134.546s][info][gc,metaspace   ] GC(616) Metaspace: 14352K(15296K)->14352K(15296K) NonClass: 12392K(12992K)->12392K(12992K) Class: 1959K(2304K)->1959K(2304K)
[134.546s][info][gc             ] GC(616) Pause Young (Allocation Failure) 419M->11M(1765M) 2.396ms
[134.546s][info][gc,cpu         ] GC(616) User=0.00s Sys=0.00s Real=0.00s
[134.801s][info][gc,start       ] GC(617) Pause Young (Allocation Failure)
[134.803s][info][gc,heap        ] GC(617) PSYoungGen: 409600K(409600K)->1024K(400896K) Eden: 408576K(408576K)->0K(399872K) From: 1024K(1024K)->1024K(1024K)
[134.803s][info][gc,heap        ] GC(617) ParOldGen: 10531K(1398272K)->10683K(1398272K)
[134.803s][info][gc,metaspace   ] GC(617) Metaspace: 14352K(15296K)->14352K(15296K) NonClass: 12392K(12992K)->12392K(12992K) Class: 1959K(2304K)->1959K(2304K)
[134.803s][info][gc             ] GC(617) Pause Young (Allocation Failure) 410M->11M(1757M) 2.448ms
[134.803s][info][gc,cpu         ] GC(617) User=0.27s Sys=0.00s Real=0.00s
[135.051s][info][gc,start       ] GC(618) Pause Young (Allocation Failure)
[135.054s][info][gc,heap        ] GC(618) PSYoungGen: 400896K(400896K)->992K(392704K) Eden: 399872K(399872K)->0K(391680K) From: 1024K(1024K)->992K(1024K)
[135.054s][info][gc,heap        ] GC(618) ParOldGen: 10683K(1398272K)->10787K(1398272K)
[135.054s][info][gc,metaspace   ] GC(618) Metaspace: 14352K(15296K)->14352K(15296K) NonClass: 12392K(12992K)->12392K(12992K) Class: 1959K(2304K)->1959K(2304K)
[135.054s][info][gc             ] GC(618) Pause Young (Allocation Failure) 401M->11M(1749M) 2.566ms
[135.054s][info][gc,cpu         ] GC(618) User=0.52s Sys=0.00s Real=0.00s
[135.300s][info][gc,start       ] GC(619) Pause Young (Allocation Failure)
[135.302s][info][gc,heap        ] GC(619) PSYoungGen: 392672K(392704K)->1056K(385024K) Eden: 391680K(391680K)->0K(383488K) From: 992K(1024K)->1056K(1536K)
[135.302s][info][gc,heap        ] GC(619) ParOldGen: 10787K(1398272K)->10883K(1398272K)
[135.302s][info][gc,metaspace   ] GC(619) Metaspace: 14352K(15296K)->14352K(15296K) NonClass: 12392K(12992K)->12392K(12992K) Class: 1959K(2304K)->1959K(2304K)
[135.302s][info][gc             ] GC(619) Pause Young (Allocation Failure) 394M->11M(1741M) 2.569ms
[135.302s][info][gc,cpu         ] GC(619) User=0.52s Sys=0.00s Real=0.00s
[135.541s][info][gc,start       ] GC(620) Pause Young (Allocation Failure)
[135.543s][info][gc,heap        ] GC(620) PSYoungGen: 384544K(385024K)->1024K(376832K) Eden: 383488K(383488K)->0K(375808K) From: 1056K(1536K)->1024K(1024K)
[135.543s][info][gc,heap        ] GC(620) ParOldGen: 10883K(1398272K)->10995K(1398272K)
[135.543s][info][gc,metaspace   ] GC(620) Metaspace: 14352K(15296K)->14352K(15296K) NonClass: 12392K(12992K)->12392K(12992K) Class: 1959K(2304K)->1959K(2304K)
[135.543s][info][gc             ] GC(620) Pause Young (Allocation Failure) 386M->11M(1733M) 2.529ms
[135.543s][info][gc,cpu         ] GC(620) User=0.00s Sys=0.00s Real=0.00s
[135.780s][info][gc,start       ] GC(621) Pause Young (Allocation Failure)
[135.782s][info][gc,heap        ] GC(621) PSYoungGen: 376832K(376832K)->1056K(369664K) Eden: 375808K(375808K)->0K(368128K) From: 1024K(1024K)->1056K(1536K)
[135.782s][info][gc,heap        ] GC(621) ParOldGen: 10995K(1398272K)->11099K(1398272K)
[135.782s][info][gc,metaspace   ] GC(621) Metaspace: 14352K(15296K)->14352K(15296K) NonClass: 12392K(12992K)->12392K(12992K) Class: 1959K(2304K)->1959K(2304K)
[135.782s][info][gc             ] GC(621) Pause Young (Allocation Failure) 378M->11M(1726M) 2.663ms
[135.782s][info][gc,cpu         ] GC(621) User=0.00s Sys=0.00s Real=0.00s
[136.013s][info][gc,start       ] GC(622) Pause Young (Allocation Failure)
[136.016s][info][gc,heap        ] GC(622) PSYoungGen: 369184K(369664K)->992K(361984K) Eden: 368128K(368128K)->0K(360960K) From: 1056K(1536K)->992K(1024K)
[136.016s][info][gc,heap        ] GC(622) ParOldGen: 11099K(1398272K)->11187K(1398272K)
[136.016s][info][gc,metaspace   ] GC(622) Metaspace: 14352K(15296K)->14352K(15296K) NonClass: 12392K(12992K)->12392K(12992K) Class: 1959K(2304K)->1959K(2304K)
[136.016s][info][gc             ] GC(622) Pause Young (Allocation Failure) 371M->11M(1719M) 2.645ms
[136.016s][info][gc,cpu         ] GC(622) User=0.00s Sys=0.00s Real=0.00s
[136.242s][info][gc,start       ] GC(623) Pause Young (Allocation Failure)
[136.245s][info][gc,heap        ] GC(623) PSYoungGen: 361952K(361984K)->1024K(434176K) Eden: 360960K(360960K)->0K(433152K) From: 992K(1024K)->1024K(1024K)
[136.245s][info][gc,heap        ] GC(623) ParOldGen: 11187K(1398272K)->11283K(1398272K)
[136.245s][info][gc,metaspace   ] GC(623) Metaspace: 14352K(15296K)->14352K(15296K) NonClass: 12392K(12992K)->12392K(12992K) Class: 1959K(2304K)->1959K(2304K)
[136.245s][info][gc             ] GC(623) Pause Young (Allocation Failure) 364M->12M(1789M) 2.744ms
[136.245s][info][gc,cpu         ] GC(623) User=0.00s Sys=0.00s Real=0.00s
[136.518s][info][gc,start       ] GC(624) Pause Young (Allocation Failure)
[136.521s][info][gc,heap        ] GC(624) PSYoungGen: 434176K(434176K)->992K(424448K) Eden: 433152K(433152K)->0K(423424K) From: 1024K(1024K)->992K(1024K)
[136.521s][info][gc,heap        ] GC(624) ParOldGen: 11283K(1398272K)->11379K(1398272K)
[136.521s][info][gc,metaspace   ] GC(624) Metaspace: 14352K(15296K)->14352K(15296K) NonClass: 12392K(12992K)->12392K(12992K) Class: 1959K(2304K)->1959K(2304K)
[136.521s][info][gc             ] GC(624) Pause Young (Allocation Failure) 435M->12M(1780M) 2.832ms
[136.521s][info][gc,cpu         ] GC(624) User=0.52s Sys=0.00s Real=0.00s
[136.788s][info][gc,start       ] GC(625) Pause Young (Allocation Failure)
[136.791s][info][gc,heap        ] GC(625) PSYoungGen: 424416K(424448K)->1024K(509440K) Eden: 423424K(423424K)->0K(508416K) From: 992K(1024K)->1024K(1024K)
[136.791s][info][gc,heap        ] GC(625) ParOldGen: 11379K(1398272K)->11475K(1398272K)
[136.791s][info][gc,metaspace   ] GC(625) Metaspace: 14352K(15296K)->14352K(15296K) NonClass: 12392K(12992K)->12392K(12992K) Class: 1959K(2304K)->1959K(2304K)
[136.791s][info][gc             ] GC(625) Pause Young (Allocation Failure) 425M->12M(1863M) 2.933ms
[136.791s][info][gc,cpu         ] GC(625) User=0.00s Sys=0.00s Real=0.00s
[137.108s][info][gc,start       ] GC(626) Pause Young (Allocation Failure)
[137.111s][info][gc,heap        ] GC(626) PSYoungGen: 509440K(509440K)->992K(497152K) Eden: 508416K(508416K)->0K(496128K) From: 1024K(1024K)->992K(1024K)
[137.111s][info][gc,heap        ] GC(626) ParOldGen: 11475K(1398272K)->11587K(1398272K)
[137.111s][info][gc,metaspace   ] GC(626) Metaspace: 14352K(15296K)->14352K(15296K) NonClass: 12392K(12992K)->12392K(12992K) Class: 1959K(2304K)->1959K(2304K)
[137.111s][info][gc             ] GC(626) Pause Young (Allocation Failure) 508M->12M(1851M) 3.023ms
[137.111s][info][gc,cpu         ] GC(626) User=0.00s Sys=0.00s Real=0.00s
[137.530s][info][gc,start       ] GC(627) Pause Young (Allocation Failure)
[137.534s][info][gc,heap        ] GC(627) PSYoungGen: 497120K(497152K)->1024K(485376K) Eden: 496128K(496128K)->0K(484352K) From: 992K(1024K)->1024K(1024K)
[137.534s][info][gc,heap        ] GC(627) ParOldGen: 11587K(1398272K)->11675K(1398272K)
[137.534s][info][gc,metaspace   ] GC(627) Metaspace: 14352K(15296K)->14352K(15296K) NonClass: 12392K(12992K)->12392K(12992K) Class: 1959K(2304K)->1959K(2304K)
[137.534s][info][gc             ] GC(627) Pause Young (Allocation Failure) 496M->12M(1839M) 3.847ms
[137.534s][info][gc,cpu         ] GC(627) User=0.00s Sys=0.00s Real=0.00s
[137.858s][info][gc,start       ] GC(628) Pause Young (Allocation Failure)
[137.861s][info][gc,heap        ] GC(628) PSYoungGen: 485376K(485376K)->1056K(474624K) Eden: 484352K(484352K)->0K(473088K) From: 1024K(1024K)->1056K(1536K)
[137.861s][info][gc,heap        ] GC(628) ParOldGen: 11675K(1398272K)->11811K(1398272K)
[137.861s][info][gc,metaspace   ] GC(628) Metaspace: 14352K(15296K)->14352K(15296K) NonClass: 12392K(12992K)->12392K(12992K) Class: 1959K(2304K)->1959K(2304K)
[137.861s][info][gc             ] GC(628) Pause Young (Allocation Failure) 485M->12M(1829M) 2.752ms
[137.861s][info][gc,cpu         ] GC(628) User=0.00s Sys=0.00s Real=0.00s
[138.163s][info][gc,start       ] GC(629) Pause Young (Allocation Failure)
[138.166s][info][gc,heap        ] GC(629) PSYoungGen: 474144K(474624K)->1024K(463360K) Eden: 473088K(473088K)->0K(462336K) From: 1056K(1536K)->1024K(1024K)
[138.166s][info][gc,heap        ] GC(629) ParOldGen: 11811K(1398272K)->11971K(1398272K)
[138.166s][info][gc,metaspace   ] GC(629) Metaspace: 14352K(15296K)->14352K(15296K) NonClass: 12392K(12992K)->12392K(12992K) Class: 1959K(2304K)->1959K(2304K)
[138.166s][info][gc             ] GC(629) Pause Young (Allocation Failure) 474M->12M(1818M) 2.802ms
[138.166s][info][gc,cpu         ] GC(629) User=0.00s Sys=0.00s Real=0.00s
[138.480s][info][gc,start       ] GC(630) Pause Young (Allocation Failure)
[138.482s][info][gc,heap        ] GC(630) PSYoungGen: 463360K(463360K)->1024K(452608K) Eden: 462336K(462336K)->0K(451584K) From: 1024K(1024K)->1024K(1024K)
[138.482s][info][gc,heap        ] GC(630) ParOldGen: 11971K(1398272K)->12083K(1398272K)
[138.482s][info][gc,metaspace   ] GC(630) Metaspace: 14352K(15296K)->14352K(15296K) NonClass: 12392K(12992K)->12392K(12992K) Class: 1959K(2304K)->1959K(2304K)
[138.482s][info][gc             ] GC(630) Pause Young (Allocation Failure) 464M->12M(1807M) 2.551ms
[138.482s][info][gc,cpu         ] GC(630) User=0.00s Sys=0.00s Real=0.00s
[138.766s][info][gc,start       ] GC(631) Pause Young (Allocation Failure)
[138.768s][info][gc,heap        ] GC(631) PSYoungGen: 452608K(452608K)->1024K(442368K) Eden: 451584K(451584K)->0K(441344K) From: 1024K(1024K)->1024K(1024K)
[138.768s][info][gc,heap        ] GC(631) ParOldGen: 12083K(1398272K)->12195K(1398272K)
[138.768s][info][gc,metaspace   ] GC(631) Metaspace: 14352K(15296K)->14352K(15296K) NonClass: 12392K(12992K)->12392K(12992K) Class: 1959K(2304K)->1959K(2304K)
[138.768s][info][gc             ] GC(631) Pause Young (Allocation Failure) 453M->12M(1797M) 2.691ms
[138.768s][info][gc,cpu         ] GC(631) User=0.00s Sys=0.00s Real=0.00s
[139.046s][info][gc,start       ] GC(632) Pause Young (Allocation Failure)
[139.049s][info][gc,heap        ] GC(632) PSYoungGen: 442368K(442368K)->1056K(433152K) Eden: 441344K(441344K)->0K(431616K) From: 1024K(1024K)->1056K(1536K)
[139.049s][info][gc,heap        ] GC(632) ParOldGen: 12195K(1398272K)->12315K(1398272K)
[139.049s][info][gc,metaspace   ] GC(632) Metaspace: 14352K(15296K)->14352K(15296K) NonClass: 12392K(12992K)->12392K(12992K) Class: 1959K(2304K)->1959K(2304K)
[139.049s][info][gc             ] GC(632) Pause Young (Allocation Failure) 443M->13M(1788M) 2.649ms
[139.049s][info][gc,cpu         ] GC(632) User=0.00s Sys=0.00s Real=0.00s
[139.318s][info][gc,start       ] GC(633) Pause Young (Allocation Failure)
[139.321s][info][gc,heap        ] GC(633) PSYoungGen: 432672K(433152K)->992K(422912K) Eden: 431616K(431616K)->0K(421888K) From: 1056K(1536K)->992K(1024K)
[139.321s][info][gc,heap        ] GC(633) ParOldGen: 12315K(1398272K)->12427K(1398272K)
[139.321s][info][gc,metaspace   ] GC(633) Metaspace: 14352K(15296K)->14352K(15296K) NonClass: 12392K(12992K)->12392K(12992K) Class: 1959K(2304K)->1959K(2304K)
[139.321s][info][gc             ] GC(633) Pause Young (Allocation Failure) 434M->13M(1778M) 2.751ms
[139.321s][info][gc,cpu         ] GC(633) User=0.00s Sys=0.00s Real=0.00s
[139.584s][info][gc,start       ] GC(634) Pause Young (Allocation Failure)
[139.586s][info][gc,heap        ] GC(634) PSYoungGen: 422880K(422912K)->1024K(413696K) Eden: 421888K(421888K)->0K(412672K) From: 992K(1024K)->1024K(1024K)
[139.586s][info][gc,heap        ] GC(634) ParOldGen: 12427K(1398272K)->12523K(1398272K)
[139.586s][info][gc,metaspace   ] GC(634) Metaspace: 14352K(15296K)->14352K(15296K) NonClass: 12392K(12992K)->12392K(12992K) Class: 1959K(2304K)->1959K(2304K)
[139.586s][info][gc             ] GC(634) Pause Young (Allocation Failure) 425M->13M(1769M) 2.751ms
[139.587s][info][gc,cpu         ] GC(634) User=0.00s Sys=0.00s Real=0.00s
[139.848s][info][gc,start       ] GC(635) Pause Young (Allocation Failure)
[139.851s][info][gc,heap        ] GC(635) PSYoungGen: 413696K(413696K)->1024K(404992K) Eden: 412672K(412672K)->0K(403968K) From: 1024K(1024K)->1024K(1024K)
[139.851s][info][gc,heap        ] GC(635) ParOldGen: 12523K(1398272K)->12635K(1398272K)
[139.851s][info][gc,metaspace   ] GC(635) Metaspace: 14352K(15296K)->14352K(15296K) NonClass: 12392K(12992K)->12392K(12992K) Class: 1959K(2304K)->1959K(2304K)
[139.851s][info][gc             ] GC(635) Pause Young (Allocation Failure) 416M->13M(1761M) 2.817ms
[139.851s][info][gc,cpu         ] GC(635) User=0.30s Sys=0.03s Real=0.00s
[140.100s][info][gc,start       ] GC(636) Pause Young (Allocation Failure)
[140.102s][info][gc,heap        ] GC(636) PSYoungGen: 404992K(404992K)->1024K(396288K) Eden: 403968K(403968K)->0K(395264K) From: 1024K(1024K)->1024K(1024K)
[140.102s][info][gc,heap        ] GC(636) ParOldGen: 12635K(1398272K)->12751K(1398272K)
[140.102s][info][gc,metaspace   ] GC(636) Metaspace: 14352K(15296K)->14352K(15296K) NonClass: 12392K(12992K)->12392K(12992K) Class: 1959K(2304K)->1959K(2304K)
[140.102s][info][gc             ] GC(636) Pause Young (Allocation Failure) 407M->13M(1752M) 2.841ms
[140.102s][info][gc,cpu         ] GC(636) User=0.00s Sys=0.00s Real=0.00s
[140.398s][info][gc,start       ] GC(637) Pause Young (Allocation Failure)
[140.401s][info][gc,heap        ] GC(637) PSYoungGen: 396288K(396288K)->1024K(475648K) Eden: 395264K(395264K)->0K(474624K) From: 1024K(1024K)->1024K(1024K)
[140.401s][info][gc,heap        ] GC(637) ParOldGen: 12751K(1398272K)->12839K(1398272K)
[140.401s][info][gc,metaspace   ] GC(637) Metaspace: 14352K(15296K)->14352K(15296K) NonClass: 12392K(12992K)->12392K(12992K) Class: 1959K(2304K)->1959K(2304K)
[140.401s][info][gc             ] GC(637) Pause Young (Allocation Failure) 399M->13M(1830M) 3.842ms
[140.401s][info][gc,cpu         ] GC(637) User=0.00s Sys=0.00s Real=0.00s
[140.720s][info][gc,start       ] GC(638) Pause Young (Allocation Failure)
[140.723s][info][gc,heap        ] GC(638) PSYoungGen: 475648K(475648K)->1024K(464384K) Eden: 474624K(474624K)->0K(463360K) From: 1024K(1024K)->1024K(1024K)
[140.723s][info][gc,heap        ] GC(638) ParOldGen: 12839K(1398272K)->12951K(1398272K)
[140.723s][info][gc,metaspace   ] GC(638) Metaspace: 14352K(15296K)->14352K(15296K) NonClass: 12392K(12992K)->12392K(12992K) Class: 1959K(2304K)->1959K(2304K)
[140.723s][info][gc             ] GC(638) Pause Young (Allocation Failure) 477M->13M(1819M) 2.708ms
[140.723s][info][gc,cpu         ] GC(638) User=0.52s Sys=0.00s Real=0.00s
[141.052s][info][gc,start       ] GC(639) Pause Young (Allocation Failure)
[141.055s][info][gc,heap        ] GC(639) PSYoungGen: 464384K(464384K)->1056K(454144K) Eden: 463360K(463360K)->0K(452608K) From: 1024K(1024K)->1056K(1536K)
[141.055s][info][gc,heap        ] GC(639) ParOldGen: 12951K(1398272K)->13095K(1398272K)
[141.055s][info][gc,metaspace   ] GC(639) Metaspace: 14352K(15296K)->14352K(15296K) NonClass: 12392K(12992K)->12392K(12992K) Class: 1959K(2304K)->1959K(2304K)
[141.055s][info][gc             ] GC(639) Pause Young (Allocation Failure) 466M->13M(1809M) 2.466ms
[141.055s][info][gc,cpu         ] GC(639) User=0.00s Sys=0.00s Real=0.00s
[141.338s][info][gc,start       ] GC(640) Pause Young (Allocation Failure)
[141.340s][info][gc,heap        ] GC(640) PSYoungGen: 453664K(454144K)->992K(443392K) Eden: 452608K(452608K)->0K(442368K) From: 1056K(1536K)->992K(1024K)
[141.340s][info][gc,heap        ] GC(640) ParOldGen: 13095K(1398272K)->13247K(1398272K)
[141.340s][info][gc,metaspace   ] GC(640) Metaspace: 14352K(15296K)->14352K(15296K) NonClass: 12392K(12992K)->12392K(12992K) Class: 1959K(2304K)->1959K(2304K)
[141.340s][info][gc             ] GC(640) Pause Young (Allocation Failure) 455M->13M(1798M) 2.415ms
[141.340s][info][gc,cpu         ] GC(640) User=0.00s Sys=0.00s Real=0.00s
[141.611s][info][gc,start       ] GC(641) Pause Young (Allocation Failure)
[141.614s][info][gc,heap        ] GC(641) PSYoungGen: 443360K(443392K)->1024K(433664K) Eden: 442368K(442368K)->0K(432640K) From: 992K(1024K)->1024K(1024K)
[141.614s][info][gc,heap        ] GC(641) ParOldGen: 13247K(1398272K)->13375K(1398272K)
[141.614s][info][gc,metaspace   ] GC(641) Metaspace: 14352K(15296K)->14352K(15296K) NonClass: 12392K(12992K)->12392K(12992K) Class: 1959K(2304K)->1959K(2304K)
[141.614s][info][gc             ] GC(641) Pause Young (Allocation Failure) 445M->14M(1789M) 2.547ms
[141.614s][info][gc,cpu         ] GC(641) User=0.00s Sys=0.00s Real=0.00s
[141.875s][info][gc,start       ] GC(642) Pause Young (Allocation Failure)
[141.878s][info][gc,heap        ] GC(642) PSYoungGen: 433664K(433664K)->1024K(423936K) Eden: 432640K(432640K)->0K(422912K) From: 1024K(1024K)->1024K(1024K)
[141.878s][info][gc,heap        ] GC(642) ParOldGen: 13375K(1398272K)->13495K(1398272K)
[141.878s][info][gc,metaspace   ] GC(642) Metaspace: 14352K(15296K)->14352K(15296K) NonClass: 12392K(12992K)->12392K(12992K) Class: 1959K(2304K)->1959K(2304K)
[141.878s][info][gc             ] GC(642) Pause Young (Allocation Failure) 436M->14M(1779M) 2.619ms
[141.878s][info][gc,cpu         ] GC(642) User=0.00s Sys=0.00s Real=0.00s
[142.090s][info][gc,start       ] GC(643) Pause Young (Allocation Failure)
[142.093s][info][gc,heap        ] GC(643) PSYoungGen: 423936K(423936K)->768K(414720K) Eden: 422912K(422912K)->0K(413696K) From: 1024K(1024K)->768K(1024K)
[142.093s][info][gc,heap        ] GC(643) ParOldGen: 13495K(1398272K)->13623K(1398272K)
[142.093s][info][gc,metaspace   ] GC(643) Metaspace: 14352K(15296K)->14352K(15296K) NonClass: 12392K(12992K)->12392K(12992K) Class: 1959K(2304K)->1959K(2304K)
[142.093s][info][gc             ] GC(643) Pause Young (Allocation Failure) 427M->14M(1770M) 2.762ms
[142.093s][info][gc,cpu         ] GC(643) User=0.00s Sys=0.00s Real=0.00s
[142.360s][info][gc,start       ] GC(644) Pause Young (System.gc())
[142.363s][info][gc,heap        ] GC(644) PSYoungGen: 284907K(414720K)->320K(414208K) Eden: 284139K(413696K)->0K(413696K) From: 768K(1024K)->320K(512K)
[142.363s][info][gc,heap        ] GC(644) ParOldGen: 13623K(1398272K)->13727K(1398272K)
[142.363s][info][gc,metaspace   ] GC(644) Metaspace: 14353K(15296K)->14353K(15296K) NonClass: 12394K(12992K)->12394K(12992K) Class: 1959K(2304K)->1959K(2304K)
[142.363s][info][gc             ] GC(644) Pause Young (System.gc()) 291M->13M(1770M) 3.120ms
[142.363s][info][gc,cpu         ] GC(644) User=0.00s Sys=0.00s Real=0.00s
[142.363s][info][gc,start       ] GC(645) Pause Full (System.gc())
[142.363s][info][gc,phases,start] GC(645) Marking Phase
[142.380s][info][gc,phases      ] GC(645) Marking Phase 16.402ms
[142.380s][info][gc,phases,start] GC(645) Summary Phase
[142.380s][info][gc,phases      ] GC(645) Summary Phase 0.018ms
[142.380s][info][gc,phases,start] GC(645) Adjust Roots
[142.384s][info][gc,phases      ] GC(645) Adjust Roots 4.224ms
[142.384s][info][gc,phases,start] GC(645) Compaction Phase
[142.386s][info][gc,phases      ] GC(645) Compaction Phase 1.742ms
[142.386s][info][gc,phases,start] GC(645) Post Compact
[142.386s][info][gc,phases      ] GC(645) Post Compact 0.548ms
[142.386s][info][gc,heap        ] GC(645) PSYoungGen: 320K(414208K)->0K(414208K) Eden: 0K(413696K)->0K(413696K) From: 320K(512K)->0K(512K)
[142.386s][info][gc,heap        ] GC(645) ParOldGen: 13727K(1398272K)->5375K(1398272K)
[142.387s][info][gc,metaspace   ] GC(645) Metaspace: 14353K(15296K)->14353K(15296K) NonClass: 12394K(12992K)->12394K(12992K) Class: 1959K(2304K)->1959K(2304K)
[142.387s][info][gc             ] GC(645) Pause Full (System.gc()) 13M->5M(1770M) 23.254ms
[142.387s][info][gc,cpu         ] GC(645) User=0.47s Sys=0.02s Real=0.02s
[142.721s][info][gc,start       ] GC(646) Pause Young (Allocation Failure)
[142.723s][info][gc,heap        ] GC(646) PSYoungGen: 413696K(414208K)->1536K(406528K) Eden: 413696K(413696K)->0K(404992K) From: 0K(512K)->1536K(1536K)
[142.724s][info][gc,heap        ] GC(646) ParOldGen: 5375K(1398272K)->5796K(1398272K)
[142.724s][info][gc,metaspace   ] GC(646) Metaspace: 14357K(15296K)->14357K(15296K) NonClass: 12397K(12992K)->12397K(12992K) Class: 1959K(2304K)->1959K(2304K)
[142.724s][info][gc             ] GC(646) Pause Young (Allocation Failure) 409M->7M(1762M) 2.875ms
[142.724s][info][gc,cpu         ] GC(646) User=0.52s Sys=0.00s Real=0.00s
[142.957s][info][gc,start       ] GC(647) Pause Young (Allocation Failure)
[142.960s][info][gc,heap        ] GC(647) PSYoungGen: 406528K(406528K)->1056K(397824K) Eden: 404992K(404992K)->0K(396288K) From: 1536K(1536K)->1056K(1536K)
[142.960s][info][gc,heap        ] GC(647) ParOldGen: 5796K(1398272K)->7075K(1398272K)
[142.960s][info][gc,metaspace   ] GC(647) Metaspace: 14357K(15296K)->14357K(15296K) NonClass: 12397K(12992K)->12397K(12992K) Class: 1959K(2304K)->1959K(2304K)
[142.960s][info][gc             ] GC(647) Pause Young (Allocation Failure) 402M->7M(1754M) 2.775ms
[142.960s][info][gc,cpu         ] GC(647) User=0.52s Sys=0.00s Real=0.00s
[143.227s][info][gc,start       ] GC(648) Pause Young (Allocation Failure)
[143.230s][info][gc,heap        ] GC(648) PSYoungGen: 397344K(397824K)->992K(389120K) Eden: 396288K(396288K)->0K(388096K) From: 1056K(1536K)->992K(1024K)
[143.230s][info][gc,heap        ] GC(648) ParOldGen: 7075K(1398272K)->7243K(1398272K)
[143.230s][info][gc,metaspace   ] GC(648) Metaspace: 14357K(15296K)->14357K(15296K) NonClass: 12397K(12992K)->12397K(12992K) Class: 1959K(2304K)->1959K(2304K)
[143.230s][info][gc             ] GC(648) Pause Young (Allocation Failure) 394M->8M(1745M) 2.921ms
[143.230s][info][gc,cpu         ] GC(648) User=0.00s Sys=0.00s Real=0.00s
[143.493s][info][gc,start       ] GC(649) Pause Young (Allocation Failure)
[143.496s][info][gc,heap        ] GC(649) PSYoungGen: 389088K(389120K)->1024K(380928K) Eden: 388096K(388096K)->0K(379904K) From: 992K(1024K)->1024K(1024K)
[143.496s][info][gc,heap        ] GC(649) ParOldGen: 7243K(1398272K)->7379K(1398272K)
[143.496s][info][gc,metaspace   ] GC(649) Metaspace: 14357K(15296K)->14357K(15296K) NonClass: 12397K(12992K)->12397K(12992K) Class: 1959K(2304K)->1959K(2304K)
[143.496s][info][gc             ] GC(649) Pause Young (Allocation Failure) 387M->8M(1737M) 2.800ms
[143.496s][info][gc,cpu         ] GC(649) User=0.00s Sys=0.00s Real=0.00s
[143.754s][info][gc,start       ] GC(650) Pause Young (Allocation Failure)
[143.756s][info][gc,heap        ] GC(650) PSYoungGen: 380928K(380928K)->1024K(373248K) Eden: 379904K(379904K)->0K(372224K) From: 1024K(1024K)->1024K(1024K)
[143.756s][info][gc,heap        ] GC(650) ParOldGen: 7379K(1398272K)->7499K(1398272K)
[143.756s][info][gc,metaspace   ] GC(650) Metaspace: 14357K(15296K)->14357K(15296K) NonClass: 12397K(12992K)->12397K(12992K) Class: 1959K(2304K)->1959K(2304K)
[143.756s][info][gc             ] GC(650) Pause Young (Allocation Failure) 379M->8M(1730M) 2.907ms
[143.756s][info][gc,cpu         ] GC(650) User=0.52s Sys=0.00s Real=0.00s
[144.004s][info][gc,start       ] GC(651) Pause Young (Allocation Failure)
[144.007s][info][gc,heap        ] GC(651) PSYoungGen: 373248K(373248K)->1024K(448000K) Eden: 372224K(372224K)->0K(446976K) From: 1024K(1024K)->1024K(1024K)
[144.007s][info][gc,heap        ] GC(651) ParOldGen: 7499K(1398272K)->7627K(1398272K)
[144.007s][info][gc,metaspace   ] GC(651) Metaspace: 14357K(15296K)->14357K(15296K) NonClass: 12397K(12992K)->12397K(12992K) Class: 1959K(2304K)->1959K(2304K)
[144.007s][info][gc             ] GC(651) Pause Young (Allocation Failure) 371M->8M(1803M) 2.921ms
[144.007s][info][gc,cpu         ] GC(651) User=0.52s Sys=0.00s Real=0.00s
[144.306s][info][gc,start       ] GC(652) Pause Young (Allocation Failure)
[144.309s][info][gc,heap        ] GC(652) PSYoungGen: 448000K(448000K)->1024K(437760K) Eden: 446976K(446976K)->0K(436736K) From: 1024K(1024K)->1024K(1024K)
[144.309s][info][gc,heap        ] GC(652) ParOldGen: 7627K(1398272K)->7731K(1398272K)
[144.309s][info][gc,metaspace   ] GC(652) Metaspace: 14357K(15296K)->14357K(15296K) NonClass: 12397K(12992K)->12397K(12992K) Class: 1959K(2304K)->1959K(2304K)
[144.309s][info][gc             ] GC(652) Pause Young (Allocation Failure) 444M->8M(1793M) 3.064ms
[144.309s][info][gc,cpu         ] GC(652) User=0.00s Sys=0.00s Real=0.00s
[144.614s][info][gc,start       ] GC(653) Pause Young (Allocation Failure)
[144.617s][info][gc,heap        ] GC(653) PSYoungGen: 437760K(437760K)->1024K(428032K) Eden: 436736K(436736K)->0K(427008K) From: 1024K(1024K)->1024K(1024K)
[144.617s][info][gc,heap        ] GC(653) ParOldGen: 7731K(1398272K)->7859K(1398272K)
[144.617s][info][gc,metaspace   ] GC(653) Metaspace: 14357K(15296K)->14357K(15296K) NonClass: 12397K(12992K)->12397K(12992K) Class: 1959K(2304K)->1959K(2304K)
[144.617s][info][gc             ] GC(653) Pause Young (Allocation Failure) 435M->8M(1783M) 2.765ms
[144.617s][info][gc,cpu         ] GC(653) User=0.00s Sys=0.00s Real=0.00s
[144.936s][info][gc,start       ] GC(654) Pause Young (Allocation Failure)
[144.939s][info][gc,heap        ] GC(654) PSYoungGen: 428032K(428032K)->992K(418816K) Eden: 427008K(427008K)->0K(417792K) From: 1024K(1024K)->992K(1024K)
[144.939s][info][gc,heap        ] GC(654) ParOldGen: 7859K(1398272K)->8019K(1398272K)
[144.939s][info][gc,metaspace   ] GC(654) Metaspace: 14357K(15296K)->14357K(15296K) NonClass: 12397K(12992K)->12397K(12992K) Class: 1959K(2304K)->1959K(2304K)
[144.939s][info][gc             ] GC(654) Pause Young (Allocation Failure) 425M->8M(1774M) 2.593ms
[144.939s][info][gc,cpu         ] GC(654) User=0.00s Sys=0.00s Real=0.00s
[145.220s][info][gc,start       ] GC(655) Pause Young (Allocation Failure)
[145.223s][info][gc,heap        ] GC(655) PSYoungGen: 418784K(418816K)->992K(409600K) Eden: 417792K(417792K)->0K(408576K) From: 992K(1024K)->992K(1024K)
[145.223s][info][gc,heap        ] GC(655) ParOldGen: 8019K(1398272K)->8155K(1398272K)
[145.223s][info][gc,metaspace   ] GC(655) Metaspace: 14357K(15296K)->14357K(15296K) NonClass: 12397K(12992K)->12397K(12992K) Class: 1959K(2304K)->1959K(2304K)
[145.223s][info][gc             ] GC(655) Pause Young (Allocation Failure) 416M->8M(1765M) 2.615ms
[145.223s][info][gc,cpu         ] GC(655) User=0.00s Sys=0.00s Real=0.00s
[145.497s][info][gc,start       ] GC(656) Pause Young (Allocation Failure)
[145.500s][info][gc,heap        ] GC(656) PSYoungGen: 409568K(409600K)->992K(400896K) Eden: 408576K(408576K)->0K(399872K) From: 992K(1024K)->992K(1024K)
[145.500s][info][gc,heap        ] GC(656) ParOldGen: 8155K(1398272K)->8291K(1398272K)
[145.500s][info][gc,metaspace   ] GC(656) Metaspace: 14357K(15296K)->14357K(15296K) NonClass: 12397K(12992K)->12397K(12992K) Class: 1959K(2304K)->1959K(2304K)
[145.500s][info][gc             ] GC(656) Pause Young (Allocation Failure) 407M->9M(1757M) 2.709ms
[145.500s][info][gc,cpu         ] GC(656) User=0.00s Sys=0.00s Real=0.00s
[145.769s][info][gc,start       ] GC(657) Pause Young (Allocation Failure)
[145.772s][info][gc,heap        ] GC(657) PSYoungGen: 400864K(400896K)->1024K(392704K) Eden: 399872K(399872K)->0K(391680K) From: 992K(1024K)->1024K(1024K)
[145.772s][info][gc,heap        ] GC(657) ParOldGen: 8291K(1398272K)->8387K(1398272K)
[145.772s][info][gc,metaspace   ] GC(657) Metaspace: 14357K(15296K)->14357K(15296K) NonClass: 12397K(12992K)->12397K(12992K) Class: 1959K(2304K)->1959K(2304K)
[145.772s][info][gc             ] GC(657) Pause Young (Allocation Failure) 399M->9M(1749M) 2.744ms
[145.772s][info][gc,cpu         ] GC(657) User=0.52s Sys=0.00s Real=0.00s
[146.035s][info][gc,start       ] GC(658) Pause Young (Allocation Failure)
[146.038s][info][gc,heap        ] GC(658) PSYoungGen: 392704K(392704K)->1024K(384512K) Eden: 391680K(391680K)->0K(383488K) From: 1024K(1024K)->1024K(1024K)
[146.038s][info][gc,heap        ] GC(658) ParOldGen: 8387K(1398272K)->8507K(1398272K)
[146.038s][info][gc,metaspace   ] GC(658) Metaspace: 14357K(15296K)->14357K(15296K) NonClass: 12397K(12992K)->12397K(12992K) Class: 1959K(2304K)->1959K(2304K)
[146.038s][info][gc             ] GC(658) Pause Young (Allocation Failure) 391M->9M(1741M) 2.767ms
[146.038s][info][gc,cpu         ] GC(658) User=0.52s Sys=0.00s Real=0.00s
[146.293s][info][gc,start       ] GC(659) Pause Young (Allocation Failure)
[146.296s][info][gc,heap        ] GC(659) PSYoungGen: 384512K(384512K)->1056K(377344K) Eden: 383488K(383488K)->0K(375808K) From: 1024K(1024K)->1056K(1536K)
[146.296s][info][gc,heap        ] GC(659) ParOldGen: 8507K(1398272K)->8611K(1398272K)
[146.296s][info][gc,metaspace   ] GC(659) Metaspace: 14357K(15296K)->14357K(15296K) NonClass: 12397K(12992K)->12397K(12992K) Class: 1959K(2304K)->1959K(2304K)
[146.296s][info][gc             ] GC(659) Pause Young (Allocation Failure) 383M->9M(1734M) 2.703ms
[146.296s][info][gc,cpu         ] GC(659) User=0.00s Sys=0.00s Real=0.00s
[146.550s][info][gc,start       ] GC(660) Pause Young (Allocation Failure)
[146.553s][info][gc,heap        ] GC(660) PSYoungGen: 376864K(377344K)->992K(369152K) Eden: 375808K(375808K)->0K(368128K) From: 1056K(1536K)->992K(1024K)
[146.553s][info][gc,heap        ] GC(660) ParOldGen: 8611K(1398272K)->8739K(1398272K)
[146.553s][info][gc,metaspace   ] GC(660) Metaspace: 14357K(15296K)->14357K(15296K) NonClass: 12397K(12992K)->12397K(12992K) Class: 1959K(2304K)->1959K(2304K)
[146.553s][info][gc             ] GC(660) Pause Young (Allocation Failure) 376M->9M(1726M) 2.946ms
[146.553s][info][gc,cpu         ] GC(660) User=0.52s Sys=0.00s Real=0.00s
[146.804s][info][gc,start       ] GC(661) Pause Young (Allocation Failure)
[146.807s][info][gc,heap        ] GC(661) PSYoungGen: 369120K(369152K)->960K(361984K) Eden: 368128K(368128K)->0K(360960K) From: 992K(1024K)->960K(1024K)
[146.807s][info][gc,heap        ] GC(661) ParOldGen: 8739K(1398272K)->8875K(1398272K)
[146.807s][info][gc,metaspace   ] GC(661) Metaspace: 14357K(15296K)->14357K(15296K) NonClass: 12397K(12992K)->12397K(12992K) Class: 1959K(2304K)->1959K(2304K)
[146.807s][info][gc             ] GC(661) Pause Young (Allocation Failure) 369M->9M(1719M) 2.769ms
[146.807s][info][gc,cpu         ] GC(661) User=0.00s Sys=0.00s Real=0.00s
[147.116s][info][gc,start       ] GC(662) Pause Young (Allocation Failure)
[147.120s][info][gc,heap        ] GC(662) PSYoungGen: 361920K(361984K)->992K(354816K) Eden: 360960K(360960K)->0K(353792K) From: 960K(1024K)->992K(1024K)
[147.120s][info][gc,heap        ] GC(662) ParOldGen: 8875K(1398272K)->8979K(1398272K)
[147.120s][info][gc,metaspace   ] GC(662) Metaspace: 14357K(15296K)->14357K(15296K) NonClass: 12397K(12992K)->12397K(12992K) Class: 1959K(2304K)->1959K(2304K)
[147.120s][info][gc             ] GC(662) Pause Young (Allocation Failure) 362M->9M(1712M) 3.859ms
[147.120s][info][gc,cpu         ] GC(662) User=0.00s Sys=0.00s Real=0.00s
[147.377s][info][gc,start       ] GC(663) Pause Young (Allocation Failure)
[147.380s][info][gc,heap        ] GC(663) PSYoungGen: 354784K(354816K)->1024K(348160K) Eden: 353792K(353792K)->0K(347136K) From: 992K(1024K)->1024K(1024K)
[147.380s][info][gc,heap        ] GC(663) ParOldGen: 8979K(1398272K)->9075K(1398272K)
[147.380s][info][gc,metaspace   ] GC(663) Metaspace: 14357K(15296K)->14357K(15296K) NonClass: 12397K(12992K)->12397K(12992K) Class: 1959K(2304K)->1959K(2304K)
[147.380s][info][gc             ] GC(663) Pause Young (Allocation Failure) 355M->9M(1705M) 2.639ms
[147.380s][info][gc,cpu         ] GC(663) User=0.52s Sys=0.00s Real=0.00s
[147.622s][info][gc,start       ] GC(664) Pause Young (Allocation Failure)
[147.625s][info][gc,heap        ] GC(664) PSYoungGen: 348160K(348160K)->992K(341504K) Eden: 347136K(347136K)->0K(340480K) From: 1024K(1024K)->992K(1024K)
[147.625s][info][gc,heap        ] GC(664) ParOldGen: 9075K(1398272K)->9171K(1398272K)
[147.625s][info][gc,metaspace   ] GC(664) Metaspace: 14357K(15296K)->14357K(15296K) NonClass: 12397K(12992K)->12397K(12992K) Class: 1959K(2304K)->1959K(2304K)
[147.625s][info][gc             ] GC(664) Pause Young (Allocation Failure) 348M->9M(1699M) 2.511ms
[147.625s][info][gc,cpu         ] GC(664) User=0.00s Sys=0.00s Real=0.00s
[147.873s][info][gc,start       ] GC(665) Pause Young (Allocation Failure)
[147.875s][info][gc,heap        ] GC(665) PSYoungGen: 341472K(341504K)->992K(334848K) Eden: 340480K(340480K)->0K(333824K) From: 992K(1024K)->992K(1024K)
[147.875s][info][gc,heap        ] GC(665) ParOldGen: 9171K(1398272K)->9291K(1398272K)
[147.875s][info][gc,metaspace   ] GC(665) Metaspace: 14357K(15296K)->14357K(15296K) NonClass: 12397K(12992K)->12397K(12992K) Class: 1959K(2304K)->1959K(2304K)
[147.875s][info][gc             ] GC(665) Pause Young (Allocation Failure) 342M->10M(1692M) 2.454ms
[147.875s][info][gc,cpu         ] GC(665) User=0.00s Sys=0.00s Real=0.00s
[148.105s][info][gc,start       ] GC(666) Pause Young (Allocation Failure)
[148.107s][info][gc,heap        ] GC(666) PSYoungGen: 334816K(334848K)->992K(328704K) Eden: 333824K(333824K)->0K(327680K) From: 992K(1024K)->992K(1024K)
[148.107s][info][gc,heap        ] GC(666) ParOldGen: 9291K(1398272K)->9363K(1398272K)
[148.107s][info][gc,metaspace   ] GC(666) Metaspace: 14357K(15296K)->14357K(15296K) NonClass: 12397K(12992K)->12397K(12992K) Class: 1959K(2304K)->1959K(2304K)
[148.107s][info][gc             ] GC(666) Pause Young (Allocation Failure) 336M->10M(1686M) 2.443ms
[148.107s][info][gc,cpu         ] GC(666) User=0.00s Sys=0.00s Real=0.00s
[148.328s][info][gc,start       ] GC(667) Pause Young (Allocation Failure)
[148.330s][info][gc,heap        ] GC(667) PSYoungGen: 328672K(328704K)->992K(322560K) Eden: 327680K(327680K)->0K(321536K) From: 992K(1024K)->992K(1024K)
[148.330s][info][gc,heap        ] GC(667) ParOldGen: 9363K(1398272K)->9459K(1398272K)
[148.330s][info][gc,metaspace   ] GC(667) Metaspace: 14357K(15296K)->14357K(15296K) NonClass: 12397K(12992K)->12397K(12992K) Class: 1959K(2304K)->1959K(2304K)
[148.330s][info][gc             ] GC(667) Pause Young (Allocation Failure) 330M->10M(1680M) 2.442ms
[148.330s][info][gc,cpu         ] GC(667) User=0.00s Sys=0.00s Real=0.00s
[148.544s][info][gc,start       ] GC(668) Pause Young (Allocation Failure)
[148.547s][info][gc,heap        ] GC(668) PSYoungGen: 322528K(322560K)->1024K(316928K) Eden: 321536K(321536K)->0K(315904K) From: 992K(1024K)->1024K(1024K)
[148.547s][info][gc,heap        ] GC(668) ParOldGen: 9459K(1398272K)->9555K(1398272K)
[148.547s][info][gc,metaspace   ] GC(668) Metaspace: 14357K(15296K)->14357K(15296K) NonClass: 12397K(12992K)->12397K(12992K) Class: 1959K(2304K)->1959K(2304K)
[148.547s][info][gc             ] GC(668) Pause Young (Allocation Failure) 324M->10M(1675M) 2.562ms
[148.547s][info][gc,cpu         ] GC(668) User=0.00s Sys=0.00s Real=0.00s
[148.757s][info][gc,start       ] GC(669) Pause Young (Allocation Failure)
[148.759s][info][gc,heap        ] GC(669) PSYoungGen: 316928K(316928K)->1024K(380416K) Eden: 315904K(315904K)->0K(379392K) From: 1024K(1024K)->1024K(1024K)
[148.759s][info][gc,heap        ] GC(669) ParOldGen: 9555K(1398272K)->9627K(1398272K)
[148.759s][info][gc,metaspace   ] GC(669) Metaspace: 14357K(15296K)->14357K(15296K) NonClass: 12397K(12992K)->12397K(12992K) Class: 1959K(2304K)->1959K(2304K)
[148.759s][info][gc             ] GC(669) Pause Young (Allocation Failure) 318M->10M(1737M) 2.544ms
[148.759s][info][gc,cpu         ] GC(669) User=0.00s Sys=0.00s Real=0.00s
[149.014s][info][gc,start       ] GC(670) Pause Young (Allocation Failure)
[149.017s][info][gc,heap        ] GC(670) PSYoungGen: 380416K(380416K)->1024K(372736K) Eden: 379392K(379392K)->0K(371712K) From: 1024K(1024K)->1024K(1024K)
[149.017s][info][gc,heap        ] GC(670) ParOldGen: 9627K(1398272K)->9731K(1398272K)
[149.017s][info][gc,metaspace   ] GC(670) Metaspace: 14357K(15296K)->14357K(15296K) NonClass: 12397K(12992K)->12397K(12992K) Class: 1959K(2304K)->1959K(2304K)
[149.017s][info][gc             ] GC(670) Pause Young (Allocation Failure) 380M->10M(1729M) 2.682ms
[149.017s][info][gc,cpu         ] GC(670) User=0.00s Sys=0.00s Real=0.00s
[149.266s][info][gc,start       ] GC(671) Pause Young (Allocation Failure)
[149.268s][info][gc,heap        ] GC(671) PSYoungGen: 372736K(372736K)->992K(365056K) Eden: 371712K(371712K)->0K(364032K) From: 1024K(1024K)->992K(1024K)
[149.268s][info][gc,heap        ] GC(671) ParOldGen: 9731K(1398272K)->9843K(1398272K)
[149.268s][info][gc,metaspace   ] GC(671) Metaspace: 14357K(15296K)->14357K(15296K) NonClass: 12397K(12992K)->12397K(12992K) Class: 1959K(2304K)->1959K(2304K)
[149.268s][info][gc             ] GC(671) Pause Young (Allocation Failure) 373M->10M(1722M) 2.684ms
[149.268s][info][gc,cpu         ] GC(671) User=0.00s Sys=0.00s Real=0.00s
[149.513s][info][gc,start       ] GC(672) Pause Young (Allocation Failure)
[149.516s][info][gc,heap        ] GC(672) PSYoungGen: 365024K(365056K)->1024K(357888K) Eden: 364032K(364032K)->0K(356864K) From: 992K(1024K)->1024K(1024K)
[149.516s][info][gc,heap        ] GC(672) ParOldGen: 9843K(1398272K)->9987K(1398272K)
[149.516s][info][gc,metaspace   ] GC(672) Metaspace: 14357K(15296K)->14357K(15296K) NonClass: 12397K(12992K)->12397K(12992K) Class: 1959K(2304K)->1959K(2304K)
[149.516s][info][gc             ] GC(672) Pause Young (Allocation Failure) 366M->10M(1715M) 2.743ms
[149.516s][info][gc,cpu         ] GC(672) User=0.00s Sys=0.00s Real=0.00s
[149.756s][info][gc,start       ] GC(673) Pause Young (Allocation Failure)
[149.759s][info][gc,heap        ] GC(673) PSYoungGen: 357888K(357888K)->1024K(429568K) Eden: 356864K(356864K)->0K(428544K) From: 1024K(1024K)->1024K(1024K)
[149.759s][info][gc,heap        ] GC(673) ParOldGen: 9987K(1398272K)->10099K(1398272K)
[149.759s][info][gc,metaspace   ] GC(673) Metaspace: 14357K(15296K)->14357K(15296K) NonClass: 12397K(12992K)->12397K(12992K) Class: 1959K(2304K)->1959K(2304K)
[149.759s][info][gc             ] GC(673) Pause Young (Allocation Failure) 359M->10M(1785M) 2.788ms
[149.759s][info][gc,cpu         ] GC(673) User=0.00s Sys=0.00s Real=0.00s
[150.050s][info][gc,start       ] GC(674) Pause Young (Allocation Failure)
[150.053s][info][gc,heap        ] GC(674) PSYoungGen: 429568K(429568K)->1024K(420352K) Eden: 428544K(428544K)->0K(419328K) From: 1024K(1024K)->1024K(1024K)
[150.053s][info][gc,heap        ] GC(674) ParOldGen: 10099K(1398272K)->10195K(1398272K)
[150.053s][info][gc,metaspace   ] GC(674) Metaspace: 14357K(15296K)->14357K(15296K) NonClass: 12397K(12992K)->12397K(12992K) Class: 1959K(2304K)->1959K(2304K)
[150.053s][info][gc             ] GC(674) Pause Young (Allocation Failure) 429M->10M(1776M) 2.933ms
[150.053s][info][gc,cpu         ] GC(674) User=0.52s Sys=0.00s Real=0.00s
[150.337s][info][gc,start       ] GC(675) Pause Young (Allocation Failure)
[150.339s][info][gc,heap        ] GC(675) PSYoungGen: 420352K(420352K)->1024K(411136K) Eden: 419328K(419328K)->0K(410112K) From: 1024K(1024K)->1024K(1024K)
[150.340s][info][gc,heap        ] GC(675) ParOldGen: 10195K(1398272K)->10291K(1398272K)
[150.340s][info][gc,metaspace   ] GC(675) Metaspace: 14357K(15296K)->14357K(15296K) NonClass: 12397K(12992K)->12397K(12992K) Class: 1959K(2304K)->1959K(2304K)
[150.340s][info][gc             ] GC(675) Pause Young (Allocation Failure) 420M->11M(1767M) 2.993ms
[150.340s][info][gc,cpu         ] GC(675) User=0.00s Sys=0.00s Real=0.00s
[150.617s][info][gc,start       ] GC(676) Pause Young (Allocation Failure)
[150.620s][info][gc,heap        ] GC(676) PSYoungGen: 411136K(411136K)->1024K(402432K) Eden: 410112K(410112K)->0K(401408K) From: 1024K(1024K)->1024K(1024K)
[150.620s][info][gc,heap        ] GC(676) ParOldGen: 10291K(1398272K)->10387K(1398272K)
[150.620s][info][gc,metaspace   ] GC(676) Metaspace: 14357K(15296K)->14357K(15296K) NonClass: 12397K(12992K)->12397K(12992K) Class: 1959K(2304K)->1959K(2304K)
[150.620s][info][gc             ] GC(676) Pause Young (Allocation Failure) 411M->11M(1758M) 2.950ms
[150.620s][info][gc,cpu         ] GC(676) User=0.00s Sys=0.00s Real=0.00s
[150.971s][info][gc,start       ] GC(677) Pause Young (Allocation Failure)
[150.975s][info][gc,heap        ] GC(677) PSYoungGen: 402432K(402432K)->960K(394240K) Eden: 401408K(401408K)->0K(393216K) From: 1024K(1024K)->960K(1024K)
[150.975s][info][gc,heap        ] GC(677) ParOldGen: 10387K(1398272K)->10459K(1398272K)
[150.975s][info][gc,metaspace   ] GC(677) Metaspace: 14357K(15296K)->14357K(15296K) NonClass: 12397K(12992K)->12397K(12992K) Class: 1959K(2304K)->1959K(2304K)
[150.975s][info][gc             ] GC(677) Pause Young (Allocation Failure) 403M->11M(1750M) 3.974ms
[150.975s][info][gc,cpu         ] GC(677) User=0.52s Sys=0.00s Real=0.00s
[151.261s][info][gc,start       ] GC(678) Pause Young (Allocation Failure)
[151.264s][info][gc,heap        ] GC(678) PSYoungGen: 394176K(394240K)->992K(386048K) Eden: 393216K(393216K)->0K(385024K) From: 960K(1024K)->992K(1024K)
[151.264s][info][gc,heap        ] GC(678) ParOldGen: 10459K(1398272K)->10571K(1398272K)
[151.264s][info][gc,metaspace   ] GC(678) Metaspace: 14357K(15296K)->14357K(15296K) NonClass: 12397K(12992K)->12397K(12992K) Class: 1959K(2304K)->1959K(2304K)
[151.264s][info][gc             ] GC(678) Pause Young (Allocation Failure) 395M->11M(1742M) 2.728ms
[151.264s][info][gc,cpu         ] GC(678) User=0.00s Sys=0.00s Real=0.00s
[151.554s][info][gc,start       ] GC(679) Pause Young (Allocation Failure)
[151.556s][info][gc,heap        ] GC(679) PSYoungGen: 386016K(386048K)->992K(378368K) Eden: 385024K(385024K)->0K(377344K) From: 992K(1024K)->992K(1024K)
[151.556s][info][gc,heap        ] GC(679) ParOldGen: 10571K(1398272K)->10667K(1398272K)
[151.556s][info][gc,metaspace   ] GC(679) Metaspace: 14357K(15296K)->14357K(15296K) NonClass: 12397K(12992K)->12397K(12992K) Class: 1959K(2304K)->1959K(2304K)
[151.556s][info][gc             ] GC(679) Pause Young (Allocation Failure) 387M->11M(1735M) 2.509ms
[151.556s][info][gc,cpu         ] GC(679) User=0.00s Sys=0.00s Real=0.00s
[151.812s][info][gc,start       ] GC(680) Pause Young (Allocation Failure)
[151.815s][info][gc,heap        ] GC(680) PSYoungGen: 378336K(378368K)->1024K(370688K) Eden: 377344K(377344K)->0K(369664K) From: 992K(1024K)->1024K(1024K)
[151.815s][info][gc,heap        ] GC(680) ParOldGen: 10667K(1398272K)->10755K(1398272K)
[151.815s][info][gc,metaspace   ] GC(680) Metaspace: 14357K(15296K)->14357K(15296K) NonClass: 12397K(12992K)->12397K(12992K) Class: 1959K(2304K)->1959K(2304K)
[151.815s][info][gc             ] GC(680) Pause Young (Allocation Failure) 379M->11M(1727M) 2.509ms
[151.815s][info][gc,cpu         ] GC(680) User=0.00s Sys=0.00s Real=0.00s
[152.064s][info][gc,start       ] GC(681) Pause Young (Allocation Failure)
[152.067s][info][gc,heap        ] GC(681) PSYoungGen: 370688K(370688K)->992K(363520K) Eden: 369664K(369664K)->0K(362496K) From: 1024K(1024K)->992K(1024K)
[152.067s][info][gc,heap        ] GC(681) ParOldGen: 10755K(1398272K)->10867K(1398272K)
[152.067s][info][gc,metaspace   ] GC(681) Metaspace: 14357K(15296K)->14357K(15296K) NonClass: 12397K(12992K)->12397K(12992K) Class: 1959K(2304K)->1959K(2304K)
[152.067s][info][gc             ] GC(681) Pause Young (Allocation Failure) 372M->11M(1720M) 2.582ms
[152.067s][info][gc,cpu         ] GC(681) User=0.00s Sys=0.02s Real=0.00s
[152.310s][info][gc,start       ] GC(682) Pause Young (Allocation Failure)
[152.313s][info][gc,heap        ] GC(682) PSYoungGen: 363488K(363520K)->1024K(356352K) Eden: 362496K(362496K)->0K(355328K) From: 992K(1024K)->1024K(1024K)
[152.313s][info][gc,heap        ] GC(682) ParOldGen: 10867K(1398272K)->10987K(1398272K)
[152.313s][info][gc,metaspace   ] GC(682) Metaspace: 14357K(15296K)->14357K(15296K) NonClass: 12397K(12992K)->12397K(12992K) Class: 1959K(2304K)->1959K(2304K)
[152.313s][info][gc             ] GC(682) Pause Young (Allocation Failure) 365M->11M(1713M) 2.639ms
[152.313s][info][gc,cpu         ] GC(682) User=0.00s Sys=0.00s Real=0.00s
[152.552s][info][gc,start       ] GC(683) Pause Young (Allocation Failure)
[152.554s][info][gc,heap        ] GC(683) PSYoungGen: 356352K(356352K)->992K(349184K) Eden: 355328K(355328K)->0K(348160K) From: 1024K(1024K)->992K(1024K)
[152.554s][info][gc,heap        ] GC(683) ParOldGen: 10987K(1398272K)->11111K(1398272K)
[152.554s][info][gc,metaspace   ] GC(683) Metaspace: 14357K(15296K)->14357K(15296K) NonClass: 12397K(12992K)->12397K(12992K) Class: 1959K(2304K)->1959K(2304K)
[152.554s][info][gc             ] GC(683) Pause Young (Allocation Failure) 358M->11M(1706M) 2.684ms
[152.554s][info][gc,cpu         ] GC(683) User=0.00s Sys=0.00s Real=0.00s
[152.790s][info][gc,start       ] GC(684) Pause Young (Allocation Failure)
[152.793s][info][gc,heap        ] GC(684) PSYoungGen: 349152K(349184K)->992K(342528K) Eden: 348160K(348160K)->0K(341504K) From: 992K(1024K)->992K(1024K)
[152.793s][info][gc,heap        ] GC(684) ParOldGen: 11111K(1398272K)->11199K(1398272K)
[152.793s][info][gc,metaspace   ] GC(684) Metaspace: 14357K(15296K)->14357K(15296K) NonClass: 12397K(12992K)->12397K(12992K) Class: 1959K(2304K)->1959K(2304K)
[152.793s][info][gc             ] GC(684) Pause Young (Allocation Failure) 351M->11M(1700M) 2.694ms
[152.793s][info][gc,cpu         ] GC(684) User=0.00s Sys=0.00s Real=0.00s
[153.023s][info][gc,start       ] GC(685) Pause Young (Allocation Failure)
[153.026s][info][gc,heap        ] GC(685) PSYoungGen: 342496K(342528K)->1024K(335872K) Eden: 341504K(341504K)->0K(334848K) From: 992K(1024K)->1024K(1024K)
[153.026s][info][gc,heap        ] GC(685) ParOldGen: 11199K(1398272K)->11303K(1398272K)
[153.026s][info][gc,metaspace   ] GC(685) Metaspace: 14357K(15296K)->14357K(15296K) NonClass: 12397K(12992K)->12397K(12992K) Class: 1959K(2304K)->1959K(2304K)
[153.026s][info][gc             ] GC(685) Pause Young (Allocation Failure) 345M->12M(1693M) 2.726ms
[153.026s][info][gc,cpu         ] GC(685) User=0.00s Sys=0.00s Real=0.00s
[153.254s][info][gc,start       ] GC(686) Pause Young (Allocation Failure)
[153.257s][info][gc,heap        ] GC(686) PSYoungGen: 335872K(335872K)->1024K(402944K) Eden: 334848K(334848K)->0K(401920K) From: 1024K(1024K)->1024K(1024K)
[153.257s][info][gc,heap        ] GC(686) ParOldGen: 11303K(1398272K)->11423K(1398272K)
[153.257s][info][gc,metaspace   ] GC(686) Metaspace: 14357K(15296K)->14357K(15296K) NonClass: 12397K(12992K)->12397K(12992K) Class: 1959K(2304K)->1959K(2304K)
[153.257s][info][gc             ] GC(686) Pause Young (Allocation Failure) 339M->12M(1759M) 2.838ms
[153.257s][info][gc,cpu         ] GC(686) User=0.02s Sys=0.00s Real=0.00s
[153.528s][info][gc,start       ] GC(687) Pause Young (Allocation Failure)
[153.530s][info][gc,heap        ] GC(687) PSYoungGen: 402944K(402944K)->1024K(483328K) Eden: 401920K(401920K)->0K(482304K) From: 1024K(1024K)->1024K(1024K)
[153.531s][info][gc,heap        ] GC(687) ParOldGen: 11423K(1398272K)->11519K(1398272K)
[153.531s][info][gc,metaspace   ] GC(687) Metaspace: 14357K(15296K)->14357K(15296K) NonClass: 12397K(12992K)->12397K(12992K) Class: 1959K(2304K)->1959K(2304K)
[153.531s][info][gc             ] GC(687) Pause Young (Allocation Failure) 404M->12M(1837M) 2.900ms
[153.531s][info][gc,cpu         ] GC(687) User=0.00s Sys=0.00s Real=0.00s
[153.852s][info][gc,start       ] GC(688) Pause Young (Allocation Failure)
[153.855s][info][gc,heap        ] GC(688) PSYoungGen: 483328K(483328K)->1024K(472064K) Eden: 482304K(482304K)->0K(471040K) From: 1024K(1024K)->1024K(1024K)
[153.855s][info][gc,heap        ] GC(688) ParOldGen: 11519K(1398272K)->11607K(1398272K)
[153.855s][info][gc,metaspace   ] GC(688) Metaspace: 14357K(15296K)->14357K(15296K) NonClass: 12397K(12992K)->12397K(12992K) Class: 1959K(2304K)->1959K(2304K)
[153.855s][info][gc             ] GC(688) Pause Young (Allocation Failure) 483M->12M(1826M) 3.035ms
[153.855s][info][gc,cpu         ] GC(688) User=0.00s Sys=0.00s Real=0.00s
[154.167s][info][gc,start       ] GC(689) Pause Young (Allocation Failure)
[154.170s][info][gc,heap        ] GC(689) PSYoungGen: 472064K(472064K)->1024K(461312K) Eden: 471040K(471040K)->0K(460288K) From: 1024K(1024K)->1024K(1024K)
[154.170s][info][gc,heap        ] GC(689) ParOldGen: 11607K(1398272K)->11743K(1398272K)
[154.170s][info][gc,metaspace   ] GC(689) Metaspace: 14357K(15296K)->14357K(15296K) NonClass: 12397K(12992K)->12397K(12992K) Class: 1959K(2304K)->1959K(2304K)
[154.170s][info][gc             ] GC(689) Pause Young (Allocation Failure) 472M->12M(1816M) 3.090ms
[154.170s][info][gc,cpu         ] GC(689) User=0.00s Sys=0.00s Real=0.00s
[154.460s][info][gc,start       ] GC(690) Pause Young (Allocation Failure)
[154.463s][info][gc,heap        ] GC(690) PSYoungGen: 461312K(461312K)->1024K(450560K) Eden: 460288K(460288K)->0K(449536K) From: 1024K(1024K)->1024K(1024K)
[154.463s][info][gc,heap        ] GC(690) ParOldGen: 11743K(1398272K)->11863K(1398272K)
[154.463s][info][gc,metaspace   ] GC(690) Metaspace: 14357K(15296K)->14357K(15296K) NonClass: 12397K(12992K)->12397K(12992K) Class: 1959K(2304K)->1959K(2304K)
[154.463s][info][gc             ] GC(690) Pause Young (Allocation Failure) 461M->12M(1805M) 3.088ms
[154.463s][info][gc,cpu         ] GC(690) User=0.00s Sys=0.00s Real=0.00s
[154.781s][info][gc,start       ] GC(691) Pause Young (Allocation Failure)
[154.785s][info][gc,heap        ] GC(691) PSYoungGen: 450560K(450560K)->864K(440320K) Eden: 449536K(449536K)->0K(439296K) From: 1024K(1024K)->864K(1024K)
[154.785s][info][gc,heap        ] GC(691) ParOldGen: 11863K(1398272K)->11999K(1398272K)
[154.785s][info][gc,metaspace   ] GC(691) Metaspace: 14357K(15296K)->14357K(15296K) NonClass: 12397K(12992K)->12397K(12992K) Class: 1959K(2304K)->1959K(2304K)
[154.785s][info][gc             ] GC(691) Pause Young (Allocation Failure) 451M->12M(1795M) 4.019ms
[154.785s][info][gc,cpu         ] GC(691) User=0.00s Sys=0.00s Real=0.00s
[155.003s][info][gc,start       ] GC(692) Pause Young (Allocation Failure)
[155.006s][info][gc,heap        ] GC(692) PSYoungGen: 440160K(440320K)->736K(528384K) Eden: 439296K(439296K)->0K(527360K) From: 864K(1024K)->736K(1024K)
[155.006s][info][gc,heap        ] GC(692) ParOldGen: 11999K(1398272K)->12119K(1398272K)
[155.006s][info][gc,metaspace   ] GC(692) Metaspace: 14357K(15296K)->14357K(15296K) NonClass: 12397K(12992K)->12397K(12992K) Class: 1959K(2304K)->1959K(2304K)
[155.006s][info][gc             ] GC(692) Pause Young (Allocation Failure) 441M->12M(1881M) 2.768ms
[155.006s][info][gc,cpu         ] GC(692) User=0.52s Sys=0.00s Real=0.00s
[155.050s][info][gc,start       ] GC(693) Pause Young (System.gc())
[155.053s][info][gc,heap        ] GC(693) PSYoungGen: 31849K(528384K)->128K(528896K) Eden: 31113K(527360K)->0K(527360K) From: 736K(1024K)->128K(1536K)
[155.053s][info][gc,heap        ] GC(693) ParOldGen: 12119K(1398272K)->12223K(1398272K)
[155.053s][info][gc,metaspace   ] GC(693) Metaspace: 14357K(15296K)->14357K(15296K) NonClass: 12397K(12992K)->12397K(12992K) Class: 1959K(2304K)->1959K(2304K)
[155.053s][info][gc             ] GC(693) Pause Young (System.gc()) 42M->12M(1882M) 2.512ms
[155.053s][info][gc,cpu         ] GC(693) User=0.00s Sys=0.00s Real=0.00s
[155.053s][info][gc,start       ] GC(694) Pause Full (System.gc())
[155.053s][info][gc,phases,start] GC(694) Marking Phase
[155.069s][info][gc,phases      ] GC(694) Marking Phase 15.571ms
[155.069s][info][gc,phases,start] GC(694) Summary Phase
[155.069s][info][gc,phases      ] GC(694) Summary Phase 0.029ms
[155.069s][info][gc,phases,start] GC(694) Adjust Roots
[155.075s][info][gc,phases      ] GC(694) Adjust Roots 5.920ms
[155.075s][info][gc,phases,start] GC(694) Compaction Phase
[155.077s][info][gc,phases      ] GC(694) Compaction Phase 2.510ms
[155.077s][info][gc,phases,start] GC(694) Post Compact
[155.078s][info][gc,phases      ] GC(694) Post Compact 0.496ms
[155.078s][info][gc,heap        ] GC(694) PSYoungGen: 128K(528896K)->0K(528896K) Eden: 0K(527360K)->0K(527360K) From: 128K(1536K)->0K(1536K)
[155.078s][info][gc,heap        ] GC(694) ParOldGen: 12223K(1398272K)->5374K(1398272K)
[155.078s][info][gc,metaspace   ] GC(694) Metaspace: 14357K(15296K)->14357K(15296K) NonClass: 12397K(12992K)->12397K(12992K) Class: 1959K(2304K)->1959K(2304K)
[155.078s][info][gc             ] GC(694) Pause Full (System.gc()) 12M->5M(1882M) 24.776ms
[155.078s][info][gc,cpu         ] GC(694) User=0.02s Sys=0.00s Real=0.02s
[155.491s][info][gc,start       ] GC(695) Pause Young (Allocation Failure)
[155.494s][info][gc,heap        ] GC(695) PSYoungGen: 527360K(528896K)->1536K(516096K) Eden: 527360K(527360K)->0K(514560K) From: 0K(1536K)->1536K(1536K)
[155.494s][info][gc,heap        ] GC(695) ParOldGen: 5374K(1398272K)->5640K(1398272K)
[155.494s][info][gc,metaspace   ] GC(695) Metaspace: 14357K(15296K)->14357K(15296K) NonClass: 12398K(12992K)->12398K(12992K) Class: 1959K(2304K)->1959K(2304K)
[155.494s][info][gc             ] GC(695) Pause Young (Allocation Failure) 520M->7M(1869M) 2.995ms
[155.494s][info][gc,cpu         ] GC(695) User=0.00s Sys=0.00s Real=0.00s
[155.780s][info][gc,start       ] GC(696) Pause Young (Allocation Failure)
[155.782s][info][gc,heap        ] GC(696) PSYoungGen: 516096K(516096K)->512K(502784K) Eden: 514560K(514560K)->0K(502272K) From: 1536K(1536K)->512K(512K)
[155.782s][info][gc,heap        ] GC(696) ParOldGen: 5640K(1398272K)->7228K(1398272K)
[155.782s][info][gc,metaspace   ] GC(696) Metaspace: 14357K(15296K)->14357K(15296K) NonClass: 12398K(12992K)->12398K(12992K) Class: 1959K(2304K)->1959K(2304K)
[155.782s][info][gc             ] GC(696) Pause Young (Allocation Failure) 509M->7M(1856M) 2.735ms
[155.782s][info][gc,cpu         ] GC(696) User=0.00s Sys=0.00s Real=0.00s
[156.114s][info][gc,start       ] GC(697) Pause Young (Allocation Failure)
[156.117s][info][gc,heap        ] GC(697) PSYoungGen: 502784K(502784K)->1024K(492544K) Eden: 502272K(502272K)->0K(490496K) From: 512K(512K)->1024K(2048K)
[156.117s][info][gc,heap        ] GC(697) ParOldGen: 7228K(1398272K)->7308K(1398272K)
[156.117s][info][gc,metaspace   ] GC(697) Metaspace: 14357K(15296K)->14357K(15296K) NonClass: 12398K(12992K)->12398K(12992K) Class: 1959K(2304K)->1959K(2304K)
[156.117s][info][gc             ] GC(697) Pause Young (Allocation Failure) 498M->8M(1846M) 2.722ms
[156.117s][info][gc,cpu         ] GC(697) User=0.00s Sys=0.00s Real=0.00s
[156.444s][info][gc,start       ] GC(698) Pause Young (Allocation Failure)
[156.447s][info][gc,heap        ] GC(698) PSYoungGen: 491520K(492544K)->992K(479744K) Eden: 490496K(490496K)->0K(478720K) From: 1024K(2048K)->992K(1024K)
[156.447s][info][gc,heap        ] GC(698) ParOldGen: 7308K(1398272K)->7484K(1398272K)
[156.447s][info][gc,metaspace   ] GC(698) Metaspace: 14357K(15296K)->14357K(15296K) NonClass: 12398K(12992K)->12398K(12992K) Class: 1959K(2304K)->1959K(2304K)
[156.447s][info][gc             ] GC(698) Pause Young (Allocation Failure) 487M->8M(1834M) 2.978ms
[156.447s][info][gc,cpu         ] GC(698) User=0.00s Sys=0.00s Real=0.00s
[156.766s][info][gc,start       ] GC(699) Pause Young (Allocation Failure)
[156.768s][info][gc,heap        ] GC(699) PSYoungGen: 479712K(479744K)->1024K(468480K) Eden: 478720K(478720K)->0K(467456K) From: 992K(1024K)->1024K(1024K)
[156.769s][info][gc,heap        ] GC(699) ParOldGen: 7484K(1398272K)->7644K(1398272K)
[156.769s][info][gc,metaspace   ] GC(699) Metaspace: 14357K(15296K)->14357K(15296K) NonClass: 12398K(12992K)->12398K(12992K) Class: 1959K(2304K)->1959K(2304K)
[156.769s][info][gc             ] GC(699) Pause Young (Allocation Failure) 475M->8M(1823M) 2.959ms
[156.769s][info][gc,cpu         ] GC(699) User=0.00s Sys=0.00s Real=0.00s
[157.075s][info][gc,start       ] GC(700) Pause Young (Allocation Failure)
[157.078s][info][gc,heap        ] GC(700) PSYoungGen: 468480K(468480K)->960K(457728K) Eden: 467456K(467456K)->0K(456704K) From: 1024K(1024K)->960K(1024K)
[157.078s][info][gc,heap        ] GC(700) ParOldGen: 7644K(1398272K)->7748K(1398272K)
[157.078s][info][gc,metaspace   ] GC(700) Metaspace: 14357K(15296K)->14357K(15296K) NonClass: 12398K(12992K)->12398K(12992K) Class: 1959K(2304K)->1959K(2304K)
[157.078s][info][gc             ] GC(700) Pause Young (Allocation Failure) 464M->8M(1812M) 3.051ms
[157.078s][info][gc,cpu         ] GC(700) User=0.00s Sys=0.00s Real=0.00s
[157.379s][info][gc,start       ] GC(701) Pause Young (Allocation Failure)
[157.382s][info][gc,heap        ] GC(701) PSYoungGen: 457664K(457728K)->992K(447488K) Eden: 456704K(456704K)->0K(446464K) From: 960K(1024K)->992K(1024K)
[157.382s][info][gc,heap        ] GC(701) ParOldGen: 7748K(1398272K)->7876K(1398272K)
[157.382s][info][gc,metaspace   ] GC(701) Metaspace: 14357K(15296K)->14357K(15296K) NonClass: 12398K(12992K)->12398K(12992K) Class: 1959K(2304K)->1959K(2304K)
[157.382s][info][gc             ] GC(701) Pause Young (Allocation Failure) 454M->8M(1802M) 3.128ms
[157.382s][info][gc,cpu         ] GC(701) User=0.02s Sys=0.00s Real=0.00s
[157.675s][info][gc,start       ] GC(702) Pause Young (Allocation Failure)
[157.678s][info][gc,heap        ] GC(702) PSYoungGen: 447456K(447488K)->928K(437248K) Eden: 446464K(446464K)->0K(436224K) From: 992K(1024K)->928K(1024K)
[157.678s][info][gc,heap        ] GC(702) ParOldGen: 7876K(1398272K)->8012K(1398272K)
[157.678s][info][gc,metaspace   ] GC(702) Metaspace: 14357K(15296K)->14357K(15296K) NonClass: 12398K(12992K)->12398K(12992K) Class: 1959K(2304K)->1959K(2304K)
[157.678s][info][gc             ] GC(702) Pause Young (Allocation Failure) 444M->8M(1792M) 3.187ms
[157.678s][info][gc,cpu         ] GC(702) User=0.52s Sys=0.00s Real=0.00s
[157.968s][info][gc,start       ] GC(703) Pause Young (Allocation Failure)
[157.971s][info][gc,heap        ] GC(703) PSYoungGen: 437152K(437248K)->1024K(428544K) Eden: 436224K(436224K)->0K(426496K) From: 928K(1024K)->1024K(2048K)
[157.971s][info][gc,heap        ] GC(703) ParOldGen: 8012K(1398272K)->8156K(1398272K)
[157.971s][info][gc,metaspace   ] GC(703) Metaspace: 14357K(15296K)->14357K(15296K) NonClass: 12398K(12992K)->12398K(12992K) Class: 1959K(2304K)->1959K(2304K)
[157.971s][info][gc             ] GC(703) Pause Young (Allocation Failure) 434M->8M(1784M) 3.176ms
[157.971s][info][gc,cpu         ] GC(703) User=0.00s Sys=0.00s Real=0.00s
[158.256s][info][gc,start       ] GC(704) Pause Young (Allocation Failure)
[158.260s][info][gc,heap        ] GC(704) PSYoungGen: 427520K(428544K)->1024K(418304K) Eden: 426496K(426496K)->0K(417280K) From: 1024K(2048K)->1024K(1024K)
[158.260s][info][gc,heap        ] GC(704) ParOldGen: 8156K(1398272K)->8268K(1398272K)
[158.260s][info][gc,metaspace   ] GC(704) Metaspace: 14357K(15296K)->14357K(15296K) NonClass: 12398K(12992K)->12398K(12992K) Class: 1959K(2304K)->1959K(2304K)
[158.260s][info][gc             ] GC(704) Pause Young (Allocation Failure) 425M->9M(1774M) 3.196ms
[158.260s][info][gc,cpu         ] GC(704) User=0.00s Sys=0.00s Real=0.00s
[158.539s][info][gc,start       ] GC(705) Pause Young (Allocation Failure)
[158.542s][info][gc,heap        ] GC(705) PSYoungGen: 418304K(418304K)->1024K(409088K) Eden: 417280K(417280K)->0K(408064K) From: 1024K(1024K)->1024K(1024K)
[158.542s][info][gc,heap        ] GC(705) ParOldGen: 8268K(1398272K)->8380K(1398272K)
[158.542s][info][gc,metaspace   ] GC(705) Metaspace: 14357K(15296K)->14357K(15296K) NonClass: 12398K(12992K)->12398K(12992K) Class: 1959K(2304K)->1959K(2304K)
[158.542s][info][gc             ] GC(705) Pause Young (Allocation Failure) 416M->9M(1765M) 3.130ms
[158.542s][info][gc,cpu         ] GC(705) User=0.00s Sys=0.00s Real=0.00s
[158.824s][info][gc,start       ] GC(706) Pause Young (Allocation Failure)
[158.827s][info][gc,heap        ] GC(706) PSYoungGen: 409088K(409088K)->1024K(400384K) Eden: 408064K(408064K)->0K(399360K) From: 1024K(1024K)->1024K(1024K)
[158.827s][info][gc,heap        ] GC(706) ParOldGen: 8380K(1398272K)->8500K(1398272K)
[158.827s][info][gc,metaspace   ] GC(706) Metaspace: 14357K(15296K)->14357K(15296K) NonClass: 12398K(12992K)->12398K(12992K) Class: 1959K(2304K)->1959K(2304K)
[158.827s][info][gc             ] GC(706) Pause Young (Allocation Failure) 407M->9M(1756M) 2.855ms
[158.827s][info][gc,cpu         ] GC(706) User=0.00s Sys=0.00s Real=0.00s
[159.125s][info][gc,start       ] GC(707) Pause Young (Allocation Failure)
[159.127s][info][gc,heap        ] GC(707) PSYoungGen: 400384K(400384K)->960K(392192K) Eden: 399360K(399360K)->0K(391168K) From: 1024K(1024K)->960K(1024K)
[159.127s][info][gc,heap        ] GC(707) ParOldGen: 8500K(1398272K)->8620K(1398272K)
[159.127s][info][gc,metaspace   ] GC(707) Metaspace: 14357K(15296K)->14357K(15296K) NonClass: 12398K(12992K)->12398K(12992K) Class: 1959K(2304K)->1959K(2304K)
[159.127s][info][gc             ] GC(707) Pause Young (Allocation Failure) 399M->9M(1748M) 2.610ms
[159.128s][info][gc,cpu         ] GC(707) User=0.00s Sys=0.00s Real=0.00s
[159.383s][info][gc,start       ] GC(708) Pause Young (Allocation Failure)
[159.385s][info][gc,heap        ] GC(708) PSYoungGen: 392128K(392192K)->992K(384000K) Eden: 391168K(391168K)->0K(382976K) From: 960K(1024K)->992K(1024K)
[159.386s][info][gc,heap        ] GC(708) ParOldGen: 8620K(1398272K)->8724K(1398272K)
[159.386s][info][gc,metaspace   ] GC(708) Metaspace: 14357K(15296K)->14357K(15296K) NonClass: 12398K(12992K)->12398K(12992K) Class: 1959K(2304K)->1959K(2304K)
[159.386s][info][gc             ] GC(708) Pause Young (Allocation Failure) 391M->9M(1740M) 2.709ms
[159.386s][info][gc,cpu         ] GC(708) User=0.00s Sys=0.00s Real=0.00s
[159.641s][info][gc,start       ] GC(709) Pause Young (Allocation Failure)
[159.644s][info][gc,heap        ] GC(709) PSYoungGen: 383968K(384000K)->960K(376320K) Eden: 382976K(382976K)->0K(375296K) From: 992K(1024K)->960K(1024K)
[159.644s][info][gc,heap        ] GC(709) ParOldGen: 8724K(1398272K)->8820K(1398272K)
[159.644s][info][gc,metaspace   ] GC(709) Metaspace: 14357K(15296K)->14357K(15296K) NonClass: 12398K(12992K)->12398K(12992K) Class: 1959K(2304K)->1959K(2304K)
[159.644s][info][gc             ] GC(709) Pause Young (Allocation Failure) 383M->9M(1733M) 2.770ms
[159.644s][info][gc,cpu         ] GC(709) User=0.00s Sys=0.00s Real=0.00s
[159.894s][info][gc,start       ] GC(710) Pause Young (Allocation Failure)
[159.897s][info][gc,heap        ] GC(710) PSYoungGen: 376256K(376320K)->1024K(368640K) Eden: 375296K(375296K)->0K(367616K) From: 960K(1024K)->1024K(1024K)
[159.897s][info][gc,heap        ] GC(710) ParOldGen: 8820K(1398272K)->8948K(1398272K)
[159.897s][info][gc,metaspace   ] GC(710) Metaspace: 14357K(15296K)->14357K(15296K) NonClass: 12398K(12992K)->12398K(12992K) Class: 1959K(2304K)->1959K(2304K)
[159.897s][info][gc             ] GC(710) Pause Young (Allocation Failure) 376M->9M(1725M) 2.790ms
[159.897s][info][gc,cpu         ] GC(710) User=0.52s Sys=0.00s Real=0.00s
[160.140s][info][gc,start       ] GC(711) Pause Young (Allocation Failure)
[160.143s][info][gc,heap        ] GC(711) PSYoungGen: 368640K(368640K)->992K(361472K) Eden: 367616K(367616K)->0K(360448K) From: 1024K(1024K)->992K(1024K)
[160.143s][info][gc,heap        ] GC(711) ParOldGen: 8948K(1398272K)->9028K(1398272K)
[160.143s][info][gc,metaspace   ] GC(711) Metaspace: 14357K(15296K)->14357K(15296K) NonClass: 12398K(12992K)->12398K(12992K) Class: 1959K(2304K)->1959K(2304K)
[160.143s][info][gc             ] GC(711) Pause Young (Allocation Failure) 368M->9M(1718M) 2.895ms
[160.143s][info][gc,cpu         ] GC(711) User=0.00s Sys=0.00s Real=0.00s
[160.384s][info][gc,start       ] GC(712) Pause Young (Allocation Failure)
[160.387s][info][gc,heap        ] GC(712) PSYoungGen: 361440K(361472K)->992K(433664K) Eden: 360448K(360448K)->0K(432640K) From: 992K(1024K)->992K(1024K)
[160.387s][info][gc,heap        ] GC(712) ParOldGen: 9028K(1398272K)->9172K(1398272K)
[160.387s][info][gc,metaspace   ] GC(712) Metaspace: 14357K(15296K)->14357K(15296K) NonClass: 12398K(12992K)->12398K(12992K) Class: 1959K(2304K)->1959K(2304K)
[160.387s][info][gc             ] GC(712) Pause Young (Allocation Failure) 361M->9M(1789M) 2.920ms
[160.387s][info][gc,cpu         ] GC(712) User=0.00s Sys=0.00s Real=0.00s
[160.673s][info][gc,start       ] GC(713) Pause Young (Allocation Failure)
[160.676s][info][gc,heap        ] GC(713) PSYoungGen: 433632K(433664K)->1024K(423936K) Eden: 432640K(432640K)->0K(422912K) From: 992K(1024K)->1024K(1024K)
[160.676s][info][gc,heap        ] GC(713) ParOldGen: 9172K(1398272K)->9244K(1398272K)
[160.676s][info][gc,metaspace   ] GC(713) Metaspace: 14357K(15296K)->14357K(15296K) NonClass: 12398K(12992K)->12398K(12992K) Class: 1959K(2304K)->1959K(2304K)
[160.676s][info][gc             ] GC(713) Pause Young (Allocation Failure) 432M->10M(1779M) 3.007ms
[160.676s][info][gc,cpu         ] GC(713) User=0.00s Sys=0.02s Real=0.00s
[160.956s][info][gc,start       ] GC(714) Pause Young (Allocation Failure)
[160.959s][info][gc,heap        ] GC(714) PSYoungGen: 423936K(423936K)->1024K(414720K) Eden: 422912K(422912K)->0K(413696K) From: 1024K(1024K)->1024K(1024K)
[160.959s][info][gc,heap        ] GC(714) ParOldGen: 9244K(1398272K)->9348K(1398272K)
[160.959s][info][gc,metaspace   ] GC(714) Metaspace: 14357K(15296K)->14357K(15296K) NonClass: 12398K(12992K)->12398K(12992K) Class: 1959K(2304K)->1959K(2304K)
[160.959s][info][gc             ] GC(714) Pause Young (Allocation Failure) 423M->10M(1770M) 3.076ms
[160.959s][info][gc,cpu         ] GC(714) User=0.52s Sys=0.00s Real=0.00s
[161.267s][info][gc,start       ] GC(715) Pause Young (Allocation Failure)
[161.271s][info][gc,heap        ] GC(715) PSYoungGen: 414720K(414720K)->1024K(497664K) Eden: 413696K(413696K)->0K(496640K) From: 1024K(1024K)->1024K(1024K)
[161.271s][info][gc,heap        ] GC(715) ParOldGen: 9348K(1398272K)->9444K(1398272K)
[161.271s][info][gc,metaspace   ] GC(715) Metaspace: 14357K(15296K)->14357K(15296K) NonClass: 12398K(12992K)->12398K(12992K) Class: 1959K(2304K)->1959K(2304K)
[161.271s][info][gc             ] GC(715) Pause Young (Allocation Failure) 414M->10M(1851M) 3.757ms
[161.271s][info][gc,cpu         ] GC(715) User=0.52s Sys=0.00s Real=0.00s
[161.618s][info][gc,start       ] GC(716) Pause Young (Allocation Failure)
[161.621s][info][gc,heap        ] GC(716) PSYoungGen: 497664K(497664K)->992K(485888K) Eden: 496640K(496640K)->0K(484864K) From: 1024K(1024K)->992K(1024K)
[161.621s][info][gc,heap        ] GC(716) ParOldGen: 9444K(1398272K)->9548K(1398272K)
[161.621s][info][gc,metaspace   ] GC(716) Metaspace: 14357K(15296K)->14357K(15296K) NonClass: 12398K(12992K)->12398K(12992K) Class: 1959K(2304K)->1959K(2304K)
[161.621s][info][gc             ] GC(716) Pause Young (Allocation Failure) 495M->10M(1840M) 2.903ms
[161.621s][info][gc,cpu         ] GC(716) User=0.00s Sys=0.00s Real=0.00s
[161.975s][info][gc,start       ] GC(717) Pause Young (Allocation Failure)
[161.977s][info][gc,heap        ] GC(717) PSYoungGen: 485856K(485888K)->960K(474624K) Eden: 484864K(484864K)->0K(473600K) From: 992K(1024K)->960K(1024K)
[161.977s][info][gc,heap        ] GC(717) ParOldGen: 9548K(1398272K)->9684K(1398272K)
[161.977s][info][gc,metaspace   ] GC(717) Metaspace: 14357K(15296K)->14357K(15296K) NonClass: 12398K(12992K)->12398K(12992K) Class: 1959K(2304K)->1959K(2304K)
[161.977s][info][gc             ] GC(717) Pause Young (Allocation Failure) 483M->10M(1829M) 2.601ms
[161.978s][info][gc,cpu         ] GC(717) User=0.00s Sys=0.00s Real=0.00s
[162.294s][info][gc,start       ] GC(718) Pause Young (Allocation Failure)
[162.297s][info][gc,heap        ] GC(718) PSYoungGen: 474560K(474624K)->992K(463872K) Eden: 473600K(473600K)->0K(462848K) From: 960K(1024K)->992K(1024K)
[162.297s][info][gc,heap        ] GC(718) ParOldGen: 9684K(1398272K)->9812K(1398272K)
[162.297s][info][gc,metaspace   ] GC(718) Metaspace: 14357K(15296K)->14357K(15296K) NonClass: 12398K(12992K)->12398K(12992K) Class: 1959K(2304K)->1959K(2304K)
[162.297s][info][gc             ] GC(718) Pause Young (Allocation Failure) 472M->10M(1818M) 2.708ms
[162.297s][info][gc,cpu         ] GC(718) User=0.00s Sys=0.00s Real=0.00s
[162.603s][info][gc,start       ] GC(719) Pause Young (Allocation Failure)
[162.606s][info][gc,heap        ] GC(719) PSYoungGen: 463840K(463872K)->1024K(453120K) Eden: 462848K(462848K)->0K(452096K) From: 992K(1024K)->1024K(1024K)
[162.606s][info][gc,heap        ] GC(719) ParOldGen: 9812K(1398272K)->9916K(1398272K)
[162.606s][info][gc,metaspace   ] GC(719) Metaspace: 14357K(15296K)->14357K(15296K) NonClass: 12398K(12992K)->12398K(12992K) Class: 1959K(2304K)->1959K(2304K)
[162.606s][info][gc             ] GC(719) Pause Young (Allocation Failure) 462M->10M(1808M) 2.789ms
[162.606s][info][gc,cpu         ] GC(719) User=0.00s Sys=0.00s Real=0.00s
[162.905s][info][gc,start       ] GC(720) Pause Young (Allocation Failure)
[162.908s][info][gc,heap        ] GC(720) PSYoungGen: 453120K(453120K)->1024K(442880K) Eden: 452096K(452096K)->0K(441856K) From: 1024K(1024K)->1024K(1024K)
[162.908s][info][gc,heap        ] GC(720) ParOldGen: 9916K(1398272K)->10036K(1398272K)
[162.908s][info][gc,metaspace   ] GC(720) Metaspace: 14357K(15296K)->14357K(15296K) NonClass: 12398K(12992K)->12398K(12992K) Class: 1959K(2304K)->1959K(2304K)
[162.908s][info][gc             ] GC(720) Pause Young (Allocation Failure) 452M->10M(1798M) 2.790ms
[162.908s][info][gc,cpu         ] GC(720) User=0.00s Sys=0.00s Real=0.00s
[163.203s][info][gc,start       ] GC(721) Pause Young (Allocation Failure)
[163.206s][info][gc,heap        ] GC(721) PSYoungGen: 442880K(442880K)->1024K(433152K) Eden: 441856K(441856K)->0K(432128K) From: 1024K(1024K)->1024K(1024K)
[163.206s][info][gc,heap        ] GC(721) ParOldGen: 10036K(1398272K)->10188K(1398272K)
[163.206s][info][gc,metaspace   ] GC(721) Metaspace: 14357K(15296K)->14357K(15296K) NonClass: 12398K(12992K)->12398K(12992K) Class: 1959K(2304K)->1959K(2304K)
[163.206s][info][gc             ] GC(721) Pause Young (Allocation Failure) 442M->10M(1788M) 2.900ms
[163.206s][info][gc,cpu         ] GC(721) User=0.00s Sys=0.00s Real=0.00s
[163.495s][info][gc,start       ] GC(722) Pause Young (Allocation Failure)
[163.497s][info][gc,heap        ] GC(722) PSYoungGen: 433152K(433152K)->1024K(423424K) Eden: 432128K(432128K)->0K(422400K) From: 1024K(1024K)->1024K(1024K)
[163.497s][info][gc,heap        ] GC(722) ParOldGen: 10188K(1398272K)->10292K(1398272K)
[163.497s][info][gc,metaspace   ] GC(722) Metaspace: 14357K(15296K)->14357K(15296K) NonClass: 12398K(12992K)->12398K(12992K) Class: 1959K(2304K)->1959K(2304K)
[163.497s][info][gc             ] GC(722) Pause Young (Allocation Failure) 432M->11M(1779M) 2.930ms
[163.498s][info][gc,cpu         ] GC(722) User=0.00s Sys=0.00s Real=0.00s
[163.778s][info][gc,start       ] GC(723) Pause Young (Allocation Failure)
[163.781s][info][gc,heap        ] GC(723) PSYoungGen: 423424K(423424K)->1024K(414208K) Eden: 422400K(422400K)->0K(413184K) From: 1024K(1024K)->1024K(1024K)
[163.781s][info][gc,heap        ] GC(723) ParOldGen: 10292K(1398272K)->10388K(1398272K)
[163.781s][info][gc,metaspace   ] GC(723) Metaspace: 14357K(15296K)->14357K(15296K) NonClass: 12398K(12992K)->12398K(12992K) Class: 1959K(2304K)->1959K(2304K)
[163.781s][info][gc             ] GC(723) Pause Young (Allocation Failure) 423M->11M(1770M) 2.944ms
[163.781s][info][gc,cpu         ] GC(723) User=0.00s Sys=0.00s Real=0.00s
[164.053s][info][gc,start       ] GC(724) Pause Young (Allocation Failure)
[164.055s][info][gc,heap        ] GC(724) PSYoungGen: 414207K(414208K)->992K(405504K) Eden: 413183K(413184K)->0K(404480K) From: 1024K(1024K)->992K(1024K)
[164.056s][info][gc,heap        ] GC(724) ParOldGen: 10388K(1398272K)->10492K(1398272K)
[164.056s][info][gc,metaspace   ] GC(724) Metaspace: 14357K(15296K)->14357K(15296K) NonClass: 12398K(12992K)->12398K(12992K) Class: 1959K(2304K)->1959K(2304K)
[164.056s][info][gc             ] GC(724) Pause Young (Allocation Failure) 414M->11M(1761M) 2.984ms
[164.056s][info][gc,cpu         ] GC(724) User=0.00s Sys=0.00s Real=0.00s
[164.324s][info][gc,start       ] GC(725) Pause Young (Allocation Failure)
[164.327s][info][gc,heap        ] GC(725) PSYoungGen: 405472K(405504K)->992K(396800K) Eden: 404480K(404480K)->0K(395776K) From: 992K(1024K)->992K(1024K)
[164.327s][info][gc,heap        ] GC(725) ParOldGen: 10492K(1398272K)->10588K(1398272K)
[164.327s][info][gc,metaspace   ] GC(725) Metaspace: 14357K(15296K)->14357K(15296K) NonClass: 12398K(12992K)->12398K(12992K) Class: 1959K(2304K)->1959K(2304K)
[164.327s][info][gc             ] GC(725) Pause Young (Allocation Failure) 406M->11M(1753M) 3.086ms
[164.327s][info][gc,cpu         ] GC(725) User=0.00s Sys=0.00s Real=0.00s
[164.591s][info][gc,start       ] GC(726) Pause Young (Allocation Failure)
[164.594s][info][gc,heap        ] GC(726) PSYoungGen: 396768K(396800K)->992K(388608K) Eden: 395776K(395776K)->0K(387584K) From: 992K(1024K)->992K(1024K)
[164.594s][info][gc,heap        ] GC(726) ParOldGen: 10588K(1398272K)->10684K(1398272K)
[164.594s][info][gc,metaspace   ] GC(726) Metaspace: 14357K(15296K)->14357K(15296K) NonClass: 12398K(12992K)->12398K(12992K) Class: 1959K(2304K)->1959K(2304K)
[164.594s][info][gc             ] GC(726) Pause Young (Allocation Failure) 397M->11M(1745M) 3.073ms
[164.594s][info][gc,cpu         ] GC(726) User=0.00s Sys=0.00s Real=0.00s
[164.851s][info][gc,start       ] GC(727) Pause Young (Allocation Failure)
[164.854s][info][gc,heap        ] GC(727) PSYoungGen: 388576K(388608K)->928K(466432K) Eden: 387584K(387584K)->0K(465408K) From: 992K(1024K)->928K(1024K)
[164.854s][info][gc,heap        ] GC(727) ParOldGen: 10684K(1398272K)->10788K(1398272K)
[164.854s][info][gc,metaspace   ] GC(727) Metaspace: 14357K(15296K)->14357K(15296K) NonClass: 12398K(12992K)->12398K(12992K) Class: 1959K(2304K)->1959K(2304K)
[164.854s][info][gc             ] GC(727) Pause Young (Allocation Failure) 389M->11M(1821M) 3.053ms
[164.854s][info][gc,cpu         ] GC(727) User=0.00s Sys=0.00s Real=0.00s
[165.183s][info][gc,start       ] GC(728) Pause Young (Allocation Failure)
[165.186s][info][gc,heap        ] GC(728) PSYoungGen: 466336K(466432K)->1024K(455680K) Eden: 465408K(465408K)->0K(454656K) From: 928K(1024K)->1024K(1024K)
[165.186s][info][gc,heap        ] GC(728) ParOldGen: 10788K(1398272K)->10876K(1398272K)
[165.186s][info][gc,metaspace   ] GC(728) Metaspace: 14357K(15296K)->14357K(15296K) NonClass: 12398K(12992K)->12398K(12992K) Class: 1959K(2304K)->1959K(2304K)
[165.186s][info][gc             ] GC(728) Pause Young (Allocation Failure) 465M->11M(1810M) 3.396ms
[165.186s][info][gc,cpu         ] GC(728) User=0.00s Sys=0.00s Real=0.00s
[165.504s][info][gc,start       ] GC(729) Pause Young (Allocation Failure)
[165.506s][info][gc,heap        ] GC(729) PSYoungGen: 455680K(455680K)->992K(445440K) Eden: 454656K(454656K)->0K(444416K) From: 1024K(1024K)->992K(1024K)
[165.506s][info][gc,heap        ] GC(729) ParOldGen: 10876K(1398272K)->10968K(1398272K)
[165.506s][info][gc,metaspace   ] GC(729) Metaspace: 14357K(15296K)->14357K(15296K) NonClass: 12398K(12992K)->12398K(12992K) Class: 1959K(2304K)->1959K(2304K)
[165.506s][info][gc             ] GC(729) Pause Young (Allocation Failure) 455M->11M(1800M) 2.953ms
[165.507s][info][gc,cpu         ] GC(729) User=0.52s Sys=0.00s Real=0.00s
[165.807s][info][gc,start       ] GC(730) Pause Young (Allocation Failure)
[165.810s][info][gc,heap        ] GC(730) PSYoungGen: 445408K(445440K)->992K(435712K) Eden: 444416K(444416K)->0K(434688K) From: 992K(1024K)->992K(1024K)
[165.810s][info][gc,heap        ] GC(730) ParOldGen: 10968K(1398272K)->11096K(1398272K)
[165.810s][info][gc,metaspace   ] GC(730) Metaspace: 14357K(15296K)->14357K(15296K) NonClass: 12398K(12992K)->12398K(12992K) Class: 1959K(2304K)->1959K(2304K)
[165.810s][info][gc             ] GC(730) Pause Young (Allocation Failure) 445M->11M(1791M) 2.867ms
[165.810s][info][gc,cpu         ] GC(730) User=0.00s Sys=0.00s Real=0.00s
[166.122s][info][gc,start       ] GC(731) Pause Young (Allocation Failure)
[166.125s][info][gc,heap        ] GC(731) PSYoungGen: 435680K(435712K)->992K(425984K) Eden: 434688K(434688K)->0K(424960K) From: 992K(1024K)->992K(1024K)
[166.125s][info][gc,heap        ] GC(731) ParOldGen: 11096K(1398272K)->11208K(1398272K)
[166.125s][info][gc,metaspace   ] GC(731) Metaspace: 14357K(15296K)->14357K(15296K) NonClass: 12398K(12992K)->12398K(12992K) Class: 1959K(2304K)->1959K(2304K)
[166.125s][info][gc             ] GC(731) Pause Young (Allocation Failure) 436M->11M(1781M) 2.722ms
[166.125s][info][gc,cpu         ] GC(731) User=0.00s Sys=0.00s Real=0.00s
[166.405s][info][gc,start       ] GC(732) Pause Young (Allocation Failure)
[166.408s][info][gc,heap        ] GC(732) PSYoungGen: 425952K(425984K)->992K(416768K) Eden: 424960K(424960K)->0K(415744K) From: 992K(1024K)->992K(1024K)
[166.408s][info][gc,heap        ] GC(732) ParOldGen: 11208K(1398272K)->11336K(1398272K)
[166.408s][info][gc,metaspace   ] GC(732) Metaspace: 14357K(15296K)->14357K(15296K) NonClass: 12398K(12992K)->12398K(12992K) Class: 1959K(2304K)->1959K(2304K)
[166.408s][info][gc             ] GC(732) Pause Young (Allocation Failure) 426M->12M(1772M) 2.822ms
[166.408s][info][gc,cpu         ] GC(732) User=0.00s Sys=0.00s Real=0.00s
[166.678s][info][gc,start       ] GC(733) Pause Young (Allocation Failure)
[166.680s][info][gc,heap        ] GC(733) PSYoungGen: 416736K(416768K)->1024K(408064K) Eden: 415744K(415744K)->0K(407040K) From: 992K(1024K)->1024K(1024K)
[166.680s][info][gc,heap        ] GC(733) ParOldGen: 11336K(1398272K)->11448K(1398272K)
[166.680s][info][gc,metaspace   ] GC(733) Metaspace: 14357K(15296K)->14357K(15296K) NonClass: 12398K(12992K)->12398K(12992K) Class: 1959K(2304K)->1959K(2304K)
[166.680s][info][gc             ] GC(733) Pause Young (Allocation Failure) 418M->12M(1764M) 2.864ms
[166.680s][info][gc,cpu         ] GC(733) User=0.00s Sys=0.00s Real=0.00s
[166.936s][info][gc,start       ] GC(734) Pause Young (Allocation Failure)
[166.938s][info][gc,heap        ] GC(734) PSYoungGen: 408064K(408064K)->928K(399360K) Eden: 407040K(407040K)->0K(398336K) From: 1024K(1024K)->928K(1024K)
[166.938s][info][gc,heap        ] GC(734) ParOldGen: 11448K(1398272K)->11552K(1398272K)
[166.938s][info][gc,metaspace   ] GC(734) Metaspace: 14357K(15296K)->14357K(15296K) NonClass: 12398K(12992K)->12398K(12992K) Class: 1959K(2304K)->1959K(2304K)
[166.938s][info][gc             ] GC(734) Pause Young (Allocation Failure) 409M->12M(1755M) 2.910ms
[166.938s][info][gc,cpu         ] GC(734) User=0.00s Sys=0.00s Real=0.00s
[167.173s][info][gc,start       ] GC(735) Pause Young (Allocation Failure)
[167.175s][info][gc,heap        ] GC(735) PSYoungGen: 399264K(399360K)->896K(391168K) Eden: 398336K(398336K)->0K(390144K) From: 928K(1024K)->896K(1024K)
[167.176s][info][gc,heap        ] GC(735) ParOldGen: 11552K(1398272K)->11672K(1398272K)
[167.176s][info][gc,metaspace   ] GC(735) Metaspace: 14357K(15296K)->14357K(15296K) NonClass: 12398K(12992K)->12398K(12992K) Class: 1959K(2304K)->1959K(2304K)
[167.176s][info][gc             ] GC(735) Pause Young (Allocation Failure) 401M->12M(1747M) 3.012ms
[167.176s][info][gc,cpu         ] GC(735) User=0.00s Sys=0.00s Real=0.00s
[167.346s][info][gc,start       ] GC(736) Pause Young (Allocation Failure)
[167.348s][info][gc,heap        ] GC(736) PSYoungGen: 391040K(391168K)->672K(469504K) Eden: 390144K(390144K)->0K(468480K) From: 896K(1024K)->672K(1024K)
[167.349s][info][gc,heap        ] GC(736) ParOldGen: 11672K(1398272K)->11784K(1398272K)
[167.349s][info][gc,metaspace   ] GC(736) Metaspace: 14357K(15296K)->14357K(15296K) NonClass: 12398K(12992K)->12398K(12992K) Class: 1959K(2304K)->1959K(2304K)
[167.349s][info][gc             ] GC(736) Pause Young (Allocation Failure) 393M->12M(1824M) 2.928ms
[167.349s][info][gc,cpu         ] GC(736) User=0.52s Sys=0.00s Real=0.00s
[167.495s][info][gc,start       ] GC(737) Pause Young (System.gc())
[167.498s][info][gc,heap        ] GC(737) PSYoungGen: 145130K(469504K)->448K(468992K) Eden: 144458K(468480K)->0K(468480K) From: 672K(1024K)->448K(512K)
[167.499s][info][gc,heap        ] GC(737) ParOldGen: 11784K(1398272K)->11832K(1398272K)
[167.499s][info][gc,metaspace   ] GC(737) Metaspace: 14360K(15296K)->14360K(15296K) NonClass: 12400K(12992K)->12400K(12992K) Class: 1959K(2304K)->1959K(2304K)
[167.499s][info][gc             ] GC(737) Pause Young (System.gc()) 153M->11M(1823M) 3.234ms
[167.499s][info][gc,cpu         ] GC(737) User=0.00s Sys=0.00s Real=0.00s
[167.499s][info][gc,start       ] GC(738) Pause Full (System.gc())
[167.499s][info][gc,phases,start] GC(738) Marking Phase
[167.512s][info][gc,phases      ] GC(738) Marking Phase 13.202ms
[167.512s][info][gc,phases,start] GC(738) Summary Phase
[167.512s][info][gc,phases      ] GC(738) Summary Phase 0.012ms
[167.512s][info][gc,phases,start] GC(738) Adjust Roots
[167.519s][info][gc,phases      ] GC(738) Adjust Roots 6.597ms
[167.519s][info][gc,phases,start] GC(738) Compaction Phase
[167.521s][info][gc,phases      ] GC(738) Compaction Phase 2.829ms
[167.521s][info][gc,phases,start] GC(738) Post Compact
[167.522s][info][gc,phases      ] GC(738) Post Compact 0.574ms
[167.522s][info][gc,heap        ] GC(738) PSYoungGen: 448K(468992K)->0K(468992K) Eden: 0K(468480K)->0K(468480K) From: 448K(512K)->0K(512K)
[167.522s][info][gc,heap        ] GC(738) ParOldGen: 11832K(1398272K)->5374K(1398272K)
[167.522s][info][gc,metaspace   ] GC(738) Metaspace: 14360K(15296K)->14360K(15296K) NonClass: 12400K(12992K)->12400K(12992K) Class: 1959K(2304K)->1959K(2304K)
[167.522s][info][gc             ] GC(738) Pause Full (System.gc()) 11M->5M(1823M) 23.490ms
[167.522s][info][gc,cpu         ] GC(738) User=0.02s Sys=0.00s Real=0.02s
[168.018s][info][gc,start       ] GC(739) Pause Young (Allocation Failure)
[168.023s][info][gc,heap        ] GC(739) PSYoungGen: 468480K(468992K)->1536K(505856K) Eden: 468480K(468480K)->0K(504320K) From: 0K(512K)->1536K(1536K)
[168.023s][info][gc,heap        ] GC(739) ParOldGen: 5374K(1398272K)->5595K(1398272K)
[168.023s][info][gc,metaspace   ] GC(739) Metaspace: 14366K(15296K)->14366K(15296K) NonClass: 12407K(12992K)->12407K(12992K) Class: 1959K(2304K)->1959K(2304K)
[168.023s][info][gc             ] GC(739) Pause Young (Allocation Failure) 462M->6M(1859M) 4.524ms
[168.023s][info][gc,cpu         ] GC(739) User=0.52s Sys=0.00s Real=0.00s
[168.325s][info][gc,start       ] GC(740) Pause Young (Allocation Failure)
[168.328s][info][gc,heap        ] GC(740) PSYoungGen: 505856K(505856K)->1056K(505856K) Eden: 504320K(504320K)->0K(504320K) From: 1536K(1536K)->1056K(1536K)
[168.328s][info][gc,heap        ] GC(740) ParOldGen: 5595K(1398272K)->7132K(1398272K)
[168.328s][info][gc,metaspace   ] GC(740) Metaspace: 14366K(15296K)->14366K(15296K) NonClass: 12407K(12992K)->12407K(12992K) Class: 1959K(2304K)->1959K(2304K)
[168.328s][info][gc             ] GC(740) Pause Young (Allocation Failure) 499M->7M(1859M) 3.018ms
[168.328s][info][gc,cpu         ] GC(740) User=0.00s Sys=0.00s Real=0.00s
[168.681s][info][gc,start       ] GC(741) Pause Young (Allocation Failure)
[168.684s][info][gc,heap        ] GC(741) PSYoungGen: 505376K(505856K)->1056K(493568K) Eden: 504320K(504320K)->0K(492032K) From: 1056K(1536K)->1056K(1536K)
[168.684s][info][gc,heap        ] GC(741) ParOldGen: 7132K(1398272K)->7228K(1398272K)
[168.684s][info][gc,metaspace   ] GC(741) Metaspace: 14366K(15296K)->14366K(15296K) NonClass: 12407K(12992K)->12407K(12992K) Class: 1959K(2304K)->1959K(2304K)
[168.684s][info][gc             ] GC(741) Pause Young (Allocation Failure) 500M->8M(1847M) 2.575ms
[168.684s][info][gc,cpu         ] GC(741) User=0.00s Sys=0.00s Real=0.00s
[168.991s][info][gc,start       ] GC(742) Pause Young (Allocation Failure)
[168.994s][info][gc,heap        ] GC(742) PSYoungGen: 493088K(493568K)->1024K(481280K) Eden: 492032K(492032K)->0K(480256K) From: 1056K(1536K)->1024K(1024K)
[168.994s][info][gc,heap        ] GC(742) ParOldGen: 7228K(1398272K)->7324K(1398272K)
[168.994s][info][gc,metaspace   ] GC(742) Metaspace: 14366K(15296K)->14366K(15296K) NonClass: 12407K(12992K)->12407K(12992K) Class: 1959K(2304K)->1959K(2304K)
[168.994s][info][gc             ] GC(742) Pause Young (Allocation Failure) 488M->8M(1835M) 2.639ms
[168.994s][info][gc,cpu         ] GC(742) User=0.00s Sys=0.00s Real=0.00s
[169.295s][info][gc,start       ] GC(743) Pause Young (Allocation Failure)
[169.298s][info][gc,heap        ] GC(743) PSYoungGen: 481280K(481280K)->1024K(470016K) Eden: 480256K(480256K)->0K(468992K) From: 1024K(1024K)->1024K(1024K)
[169.298s][info][gc,heap        ] GC(743) ParOldGen: 7324K(1398272K)->7476K(1398272K)
[169.298s][info][gc,metaspace   ] GC(743) Metaspace: 14366K(15296K)->14366K(15296K) NonClass: 12407K(12992K)->12407K(12992K) Class: 1959K(2304K)->1959K(2304K)
[169.298s][info][gc             ] GC(743) Pause Young (Allocation Failure) 477M->8M(1824M) 2.639ms
[169.298s][info][gc,cpu         ] GC(743) User=0.00s Sys=0.00s Real=0.00s
[169.594s][info][gc,start       ] GC(744) Pause Young (Allocation Failure)
[169.597s][info][gc,heap        ] GC(744) PSYoungGen: 470016K(470016K)->1056K(459776K) Eden: 468992K(468992K)->0K(458240K) From: 1024K(1024K)->1056K(1536K)
[169.597s][info][gc,heap        ] GC(744) ParOldGen: 7476K(1398272K)->7564K(1398272K)
[169.597s][info][gc,metaspace   ] GC(744) Metaspace: 14366K(15296K)->14366K(15296K) NonClass: 12407K(12992K)->12407K(12992K) Class: 1959K(2304K)->1959K(2304K)
[169.597s][info][gc             ] GC(744) Pause Young (Allocation Failure) 466M->8M(1814M) 2.740ms
[169.597s][info][gc,cpu         ] GC(744) User=0.00s Sys=0.00s Real=0.00s
[169.884s][info][gc,start       ] GC(745) Pause Young (Allocation Failure)
[169.887s][info][gc,heap        ] GC(745) PSYoungGen: 459296K(459776K)->1024K(449024K) Eden: 458240K(458240K)->0K(448000K) From: 1056K(1536K)->1024K(1024K)
[169.887s][info][gc,heap        ] GC(745) ParOldGen: 7564K(1398272K)->7668K(1398272K)
[169.887s][info][gc,metaspace   ] GC(745) Metaspace: 14366K(15296K)->14366K(15296K) NonClass: 12407K(12992K)->12407K(12992K) Class: 1959K(2304K)->1959K(2304K)
[169.887s][info][gc             ] GC(745) Pause Young (Allocation Failure) 455M->8M(1804M) 2.734ms
[169.887s][info][gc,cpu         ] GC(745) User=0.00s Sys=0.00s Real=0.00s
[170.170s][info][gc,start       ] GC(746) Pause Young (Allocation Failure)
[170.173s][info][gc,heap        ] GC(746) PSYoungGen: 449024K(449024K)->1024K(438784K) Eden: 448000K(448000K)->0K(437760K) From: 1024K(1024K)->1024K(1024K)
[170.173s][info][gc,heap        ] GC(746) ParOldGen: 7668K(1398272K)->7780K(1398272K)
[170.173s][info][gc,metaspace   ] GC(746) Metaspace: 14366K(15296K)->14366K(15296K) NonClass: 12407K(12992K)->12407K(12992K) Class: 1959K(2304K)->1959K(2304K)
[170.173s][info][gc             ] GC(746) Pause Young (Allocation Failure) 445M->8M(1794M) 2.834ms
[170.173s][info][gc,cpu         ] GC(746) User=0.00s Sys=0.00s Real=0.00s
[170.451s][info][gc,start       ] GC(747) Pause Young (Allocation Failure)
[170.454s][info][gc,heap        ] GC(747) PSYoungGen: 438784K(438784K)->992K(429056K) Eden: 437760K(437760K)->0K(428032K) From: 1024K(1024K)->992K(1024K)
[170.454s][info][gc,heap        ] GC(747) ParOldGen: 7780K(1398272K)->7892K(1398272K)
[170.454s][info][gc,metaspace   ] GC(747) Metaspace: 14366K(15296K)->14366K(15296K) NonClass: 12407K(12992K)->12407K(12992K) Class: 1959K(2304K)->1959K(2304K)
[170.454s][info][gc             ] GC(747) Pause Young (Allocation Failure) 436M->8M(1784M) 2.847ms
[170.454s][info][gc,cpu         ] GC(747) User=0.00s Sys=0.00s Real=0.00s
[170.724s][info][gc,start       ] GC(748) Pause Young (Allocation Failure)
[170.726s][info][gc,heap        ] GC(748) PSYoungGen: 429024K(429056K)->1024K(419840K) Eden: 428032K(428032K)->0K(418816K) From: 992K(1024K)->1024K(1024K)
[170.726s][info][gc,heap        ] GC(748) ParOldGen: 7892K(1398272K)->7996K(1398272K)
[170.726s][info][gc,metaspace   ] GC(748) Metaspace: 14366K(15296K)->14366K(15296K) NonClass: 12407K(12992K)->12407K(12992K) Class: 1959K(2304K)->1959K(2304K)
[170.726s][info][gc             ] GC(748) Pause Young (Allocation Failure) 426M->8M(1775M) 2.919ms
[170.726s][info][gc,cpu         ] GC(748) User=0.00s Sys=0.00s Real=0.00s
[170.991s][info][gc,start       ] GC(749) Pause Young (Allocation Failure)
[170.993s][info][gc,heap        ] GC(749) PSYoungGen: 419840K(419840K)->1024K(410624K) Eden: 418816K(418816K)->0K(409600K) From: 1024K(1024K)->1024K(1024K)
[170.993s][info][gc,heap        ] GC(749) ParOldGen: 7996K(1398272K)->8132K(1398272K)
[170.993s][info][gc,metaspace   ] GC(749) Metaspace: 14366K(15296K)->14366K(15296K) NonClass: 12407K(12992K)->12407K(12992K) Class: 1959K(2304K)->1959K(2304K)
[170.993s][info][gc             ] GC(749) Pause Young (Allocation Failure) 417M->8M(1766M) 2.963ms
[170.994s][info][gc,cpu         ] GC(749) User=0.00s Sys=0.00s Real=0.00s
[171.253s][info][gc,start       ] GC(750) Pause Young (Allocation Failure)
[171.256s][info][gc,heap        ] GC(750) PSYoungGen: 410623K(410624K)->1024K(401920K) Eden: 409599K(409600K)->0K(400896K) From: 1024K(1024K)->1024K(1024K)
[171.256s][info][gc,heap        ] GC(750) ParOldGen: 8132K(1398272K)->8228K(1398272K)
[171.256s][info][gc,metaspace   ] GC(750) Metaspace: 14366K(15296K)->14366K(15296K) NonClass: 12407K(12992K)->12407K(12992K) Class: 1959K(2304K)->1959K(2304K)
[171.256s][info][gc             ] GC(750) Pause Young (Allocation Failure) 408M->9M(1758M) 2.979ms
[171.256s][info][gc,cpu         ] GC(750) User=0.52s Sys=0.00s Real=0.00s
[171.508s][info][gc,start       ] GC(751) Pause Young (Allocation Failure)
[171.511s][info][gc,heap        ] GC(751) PSYoungGen: 401920K(401920K)->1024K(482304K) Eden: 400896K(400896K)->0K(481280K) From: 1024K(1024K)->1024K(1024K)
[171.511s][info][gc,heap        ] GC(751) ParOldGen: 8228K(1398272K)->8364K(1398272K)
[171.511s][info][gc,metaspace   ] GC(751) Metaspace: 14366K(15296K)->14366K(15296K) NonClass: 12407K(12992K)->12407K(12992K) Class: 1959K(2304K)->1959K(2304K)
[171.511s][info][gc             ] GC(751) Pause Young (Allocation Failure) 400M->9M(1836M) 3.000ms
[171.511s][info][gc,cpu         ] GC(751) User=0.00s Sys=0.00s Real=0.00s
[171.919s][info][gc,start       ] GC(752) Pause Young (Allocation Failure)
[171.923s][info][gc,heap        ] GC(752) PSYoungGen: 482304K(482304K)->1056K(471552K) Eden: 481280K(481280K)->0K(470016K) From: 1024K(1024K)->1056K(1536K)
[171.923s][info][gc,heap        ] GC(752) ParOldGen: 8364K(1398272K)->8436K(1398272K)
[171.923s][info][gc,metaspace   ] GC(752) Metaspace: 14366K(15296K)->14366K(15296K) NonClass: 12407K(12992K)->12407K(12992K) Class: 1959K(2304K)->1959K(2304K)
[171.923s][info][gc             ] GC(752) Pause Young (Allocation Failure) 479M->9M(1826M) 4.079ms
[171.923s][info][gc,cpu         ] GC(752) User=0.00s Sys=0.00s Real=0.00s
[172.241s][info][gc,start       ] GC(753) Pause Young (Allocation Failure)
[172.243s][info][gc,heap        ] GC(753) PSYoungGen: 471072K(471552K)->1024K(460288K) Eden: 470016K(470016K)->0K(459264K) From: 1056K(1536K)->1024K(1024K)
[172.243s][info][gc,heap        ] GC(753) ParOldGen: 8436K(1398272K)->8564K(1398272K)
[172.243s][info][gc,metaspace   ] GC(753) Metaspace: 14366K(15296K)->14366K(15296K) NonClass: 12407K(12992K)->12407K(12992K) Class: 1959K(2304K)->1959K(2304K)
[172.243s][info][gc             ] GC(753) Pause Young (Allocation Failure) 468M->9M(1815M) 2.741ms
[172.243s][info][gc,cpu         ] GC(753) User=0.00s Sys=0.00s Real=0.00s
[172.564s][info][gc,start       ] GC(754) Pause Young (Allocation Failure)
[172.567s][info][gc,heap        ] GC(754) PSYoungGen: 460288K(460288K)->1024K(450048K) Eden: 459264K(459264K)->0K(449024K) From: 1024K(1024K)->1024K(1024K)
[172.567s][info][gc,heap        ] GC(754) ParOldGen: 8564K(1398272K)->8684K(1398272K)
[172.567s][info][gc,metaspace   ] GC(754) Metaspace: 14366K(15296K)->14366K(15296K) NonClass: 12407K(12992K)->12407K(12992K) Class: 1959K(2304K)->1959K(2304K)
[172.567s][info][gc             ] GC(754) Pause Young (Allocation Failure) 457M->9M(1805M) 2.588ms
[172.567s][info][gc,cpu         ] GC(754) User=0.00s Sys=0.00s Real=0.00s
[172.849s][info][gc,start       ] GC(755) Pause Young (Allocation Failure)
[172.852s][info][gc,heap        ] GC(755) PSYoungGen: 450048K(450048K)->960K(439808K) Eden: 449024K(449024K)->0K(438784K) From: 1024K(1024K)->960K(1024K)
[172.852s][info][gc,heap        ] GC(755) ParOldGen: 8684K(1398272K)->8820K(1398272K)
[172.852s][info][gc,metaspace   ] GC(755) Metaspace: 14366K(15296K)->14366K(15296K) NonClass: 12407K(12992K)->12407K(12992K) Class: 1959K(2304K)->1959K(2304K)
[172.852s][info][gc             ] GC(755) Pause Young (Allocation Failure) 447M->9M(1795M) 2.628ms
[172.852s][info][gc,cpu         ] GC(755) User=0.00s Sys=0.00s Real=0.00s
[173.129s][info][gc,start       ] GC(756) Pause Young (Allocation Failure)
[173.132s][info][gc,heap        ] GC(756) PSYoungGen: 439744K(439808K)->1024K(430080K) Eden: 438784K(438784K)->0K(429056K) From: 960K(1024K)->1024K(1024K)
[173.132s][info][gc,heap        ] GC(756) ParOldGen: 8820K(1398272K)->8924K(1398272K)
[173.132s][info][gc,metaspace   ] GC(756) Metaspace: 14366K(15296K)->14366K(15296K) NonClass: 12407K(12992K)->12407K(12992K) Class: 1959K(2304K)->1959K(2304K)
[173.132s][info][gc             ] GC(756) Pause Young (Allocation Failure) 438M->9M(1785M) 2.715ms
[173.132s][info][gc,cpu         ] GC(756) User=0.45s Sys=0.06s Real=0.00s
[173.405s][info][gc,start       ] GC(757) Pause Young (Allocation Failure)
[173.407s][info][gc,heap        ] GC(757) PSYoungGen: 430080K(430080K)->1088K(421376K) Eden: 429056K(429056K)->0K(419840K) From: 1024K(1024K)->1088K(1536K)
[173.407s][info][gc,heap        ] GC(757) ParOldGen: 8924K(1398272K)->9044K(1398272K)
[173.407s][info][gc,metaspace   ] GC(757) Metaspace: 14366K(15296K)->14366K(15296K) NonClass: 12407K(12992K)->12407K(12992K) Class: 1959K(2304K)->1959K(2304K)
[173.407s][info][gc             ] GC(757) Pause Young (Allocation Failure) 428M->9M(1777M) 2.766ms
[173.407s][info][gc,cpu         ] GC(757) User=0.00s Sys=0.00s Real=0.00s
[173.672s][info][gc,start       ] GC(758) Pause Young (Allocation Failure)
[173.675s][info][gc,heap        ] GC(758) PSYoungGen: 420928K(421376K)->1024K(411648K) Eden: 419840K(419840K)->0K(410624K) From: 1088K(1536K)->1024K(1024K)
[173.675s][info][gc,heap        ] GC(758) ParOldGen: 9044K(1398272K)->9172K(1398272K)
[173.675s][info][gc,metaspace   ] GC(758) Metaspace: 14366K(15296K)->14366K(15296K) NonClass: 12407K(12992K)->12407K(12992K) Class: 1959K(2304K)->1959K(2304K)
[173.675s][info][gc             ] GC(758) Pause Young (Allocation Failure) 419M->9M(1767M) 2.861ms
[173.675s][info][gc,cpu         ] GC(758) User=0.00s Sys=0.00s Real=0.00s
[173.935s][info][gc,start       ] GC(759) Pause Young (Allocation Failure)
[173.937s][info][gc,heap        ] GC(759) PSYoungGen: 411648K(411648K)->1024K(402944K) Eden: 410624K(410624K)->0K(401920K) From: 1024K(1024K)->1024K(1024K)
[173.937s][info][gc,heap        ] GC(759) ParOldGen: 9172K(1398272K)->9292K(1398272K)
[173.937s][info][gc,metaspace   ] GC(759) Metaspace: 14366K(15296K)->14366K(15296K) NonClass: 12407K(12992K)->12407K(12992K) Class: 1959K(2304K)->1959K(2304K)
[173.938s][info][gc             ] GC(759) Pause Young (Allocation Failure) 410M->10M(1759M) 2.804ms
[173.938s][info][gc,cpu         ] GC(759) User=0.00s Sys=0.00s Real=0.00s
[174.191s][info][gc,start       ] GC(760) Pause Young (Allocation Failure)
[174.193s][info][gc,heap        ] GC(760) PSYoungGen: 402944K(402944K)->1056K(394752K) Eden: 401920K(401920K)->0K(393216K) From: 1024K(1024K)->1056K(1536K)
[174.193s][info][gc,heap        ] GC(760) ParOldGen: 9292K(1398272K)->9396K(1398272K)
[174.193s][info][gc,metaspace   ] GC(760) Metaspace: 14366K(15296K)->14366K(15296K) NonClass: 12407K(12992K)->12407K(12992K) Class: 1959K(2304K)->1959K(2304K)
[174.193s][info][gc             ] GC(760) Pause Young (Allocation Failure) 402M->10M(1751M) 2.908ms
[174.193s][info][gc,cpu         ] GC(760) User=0.52s Sys=0.00s Real=0.00s
[174.442s][info][gc,start       ] GC(761) Pause Young (Allocation Failure)
[174.445s][info][gc,heap        ] GC(761) PSYoungGen: 394272K(394752K)->1024K(473088K) Eden: 393216K(393216K)->0K(472064K) From: 1056K(1536K)->1024K(1024K)
[174.445s][info][gc,heap        ] GC(761) ParOldGen: 9396K(1398272K)->9516K(1398272K)
[174.445s][info][gc,metaspace   ] GC(761) Metaspace: 14366K(15296K)->14366K(15296K) NonClass: 12407K(12992K)->12407K(12992K) Class: 1959K(2304K)->1959K(2304K)
[174.445s][info][gc             ] GC(761) Pause Young (Allocation Failure) 394M->10M(1827M) 2.900ms
[174.445s][info][gc,cpu         ] GC(761) User=0.00s Sys=0.00s Real=0.00s
[174.744s][info][gc,start       ] GC(762) Pause Young (Allocation Failure)
[174.747s][info][gc,heap        ] GC(762) PSYoungGen: 473088K(473088K)->1024K(462336K) Eden: 472064K(472064K)->0K(461312K) From: 1024K(1024K)->1024K(1024K)
[174.748s][info][gc,heap        ] GC(762) ParOldGen: 9516K(1398272K)->9604K(1398272K)
[174.748s][info][gc,metaspace   ] GC(762) Metaspace: 14366K(15296K)->14366K(15296K) NonClass: 12407K(12992K)->12407K(12992K) Class: 1959K(2304K)->1959K(2304K)
[174.748s][info][gc             ] GC(762) Pause Young (Allocation Failure) 471M->10M(1817M) 3.065ms
[174.748s][info][gc,cpu         ] GC(762) User=0.00s Sys=0.00s Real=0.00s
[175.034s][info][gc,start       ] GC(763) Pause Young (Allocation Failure)
[175.037s][info][gc,heap        ] GC(763) PSYoungGen: 462336K(462336K)->1024K(451584K) Eden: 461312K(461312K)->0K(450560K) From: 1024K(1024K)->1024K(1024K)
[175.037s][info][gc,heap        ] GC(763) ParOldGen: 9604K(1398272K)->9732K(1398272K)
[175.037s][info][gc,metaspace   ] GC(763) Metaspace: 14366K(15296K)->14366K(15296K) NonClass: 12407K(12992K)->12407K(12992K) Class: 1959K(2304K)->1959K(2304K)
[175.037s][info][gc             ] GC(763) Pause Young (Allocation Failure) 460M->10M(1806M) 3.102ms
[175.037s][info][gc,cpu         ] GC(763) User=0.52s Sys=0.00s Real=0.00s
[175.320s][info][gc,start       ] GC(764) Pause Young (Allocation Failure)
[175.323s][info][gc,heap        ] GC(764) PSYoungGen: 451584K(451584K)->1056K(542208K) Eden: 450560K(450560K)->0K(540672K) From: 1024K(1024K)->1056K(1536K)
[175.323s][info][gc,heap        ] GC(764) ParOldGen: 9732K(1398272K)->9844K(1398272K)
[175.323s][info][gc,metaspace   ] GC(764) Metaspace: 14366K(15296K)->14366K(15296K) NonClass: 12407K(12992K)->12407K(12992K) Class: 1959K(2304K)->1959K(2304K)
[175.323s][info][gc             ] GC(764) Pause Young (Allocation Failure) 450M->10M(1895M) 3.173ms
[175.323s][info][gc,cpu         ] GC(764) User=0.00s Sys=0.00s Real=0.00s
[175.753s][info][gc,start       ] GC(765) Pause Young (Allocation Failure)
[175.757s][info][gc,heap        ] GC(765) PSYoungGen: 541728K(542208K)->992K(528384K) Eden: 540672K(540672K)->0K(527360K) From: 1056K(1536K)->992K(1024K)
[175.757s][info][gc,heap        ] GC(765) ParOldGen: 9844K(1398272K)->9940K(1398272K)
[175.757s][info][gc,metaspace   ] GC(765) Metaspace: 14366K(15296K)->14366K(15296K) NonClass: 12407K(12992K)->12407K(12992K) Class: 1959K(2304K)->1959K(2304K)
[175.758s][info][gc             ] GC(765) Pause Young (Allocation Failure) 538M->10M(1881M) 4.255ms
[175.758s][info][gc,cpu         ] GC(765) User=0.52s Sys=0.00s Real=0.00s
[176.110s][info][gc,start       ] GC(766) Pause Young (Allocation Failure)
[176.113s][info][gc,heap        ] GC(766) PSYoungGen: 528352K(528384K)->1024K(515584K) Eden: 527360K(527360K)->0K(514560K) From: 992K(1024K)->1024K(1024K)
[176.113s][info][gc,heap        ] GC(766) ParOldGen: 9940K(1398272K)->10084K(1398272K)
[176.113s][info][gc,metaspace   ] GC(766) Metaspace: 14366K(15296K)->14366K(15296K) NonClass: 12407K(12992K)->12407K(12992K) Class: 1959K(2304K)->1959K(2304K)
[176.113s][info][gc             ] GC(766) Pause Young (Allocation Failure) 525M->10M(1869M) 2.958ms
[176.113s][info][gc,cpu         ] GC(766) User=0.00s Sys=0.00s Real=0.00s
[176.467s][info][gc,start       ] GC(767) Pause Young (Allocation Failure)
[176.470s][info][gc,heap        ] GC(767) PSYoungGen: 515584K(515584K)->1024K(503296K) Eden: 514560K(514560K)->0K(502272K) From: 1024K(1024K)->1024K(1024K)
[176.470s][info][gc,heap        ] GC(767) ParOldGen: 10084K(1398272K)->10228K(1398272K)
[176.470s][info][gc,metaspace   ] GC(767) Metaspace: 14366K(15296K)->14366K(15296K) NonClass: 12407K(12992K)->12407K(12992K) Class: 1959K(2304K)->1959K(2304K)
[176.470s][info][gc             ] GC(767) Pause Young (Allocation Failure) 513M->10M(1857M) 2.762ms
[176.470s][info][gc,cpu         ] GC(767) User=0.00s Sys=0.00s Real=0.00s
[176.787s][info][gc,start       ] GC(768) Pause Young (Allocation Failure)
[176.790s][info][gc,heap        ] GC(768) PSYoungGen: 503296K(503296K)->1056K(492032K) Eden: 502272K(502272K)->0K(490496K) From: 1024K(1024K)->1056K(1536K)
[176.790s][info][gc,heap        ] GC(768) ParOldGen: 10228K(1398272K)->10364K(1398272K)
[176.790s][info][gc,metaspace   ] GC(768) Metaspace: 14366K(15296K)->14366K(15296K) NonClass: 12407K(12992K)->12407K(12992K) Class: 1959K(2304K)->1959K(2304K)
[176.790s][info][gc             ] GC(768) Pause Young (Allocation Failure) 501M->11M(1846M) 2.823ms
[176.790s][info][gc,cpu         ] GC(768) User=0.00s Sys=0.00s Real=0.00s
[177.098s][info][gc,start       ] GC(769) Pause Young (Allocation Failure)
[177.101s][info][gc,heap        ] GC(769) PSYoungGen: 491552K(492032K)->1024K(479744K) Eden: 490496K(490496K)->0K(478720K) From: 1056K(1536K)->1024K(1024K)
[177.101s][info][gc,heap        ] GC(769) ParOldGen: 10364K(1398272K)->10508K(1398272K)
[177.101s][info][gc,metaspace   ] GC(769) Metaspace: 14366K(15296K)->14366K(15296K) NonClass: 12407K(12992K)->12407K(12992K) Class: 1959K(2304K)->1959K(2304K)
[177.101s][info][gc             ] GC(769) Pause Young (Allocation Failure) 490M->11M(1834M) 2.859ms
[177.101s][info][gc,cpu         ] GC(769) User=0.00s Sys=0.00s Real=0.00s
[177.403s][info][gc,start       ] GC(770) Pause Young (Allocation Failure)
[177.406s][info][gc,heap        ] GC(770) PSYoungGen: 479744K(479744K)->1056K(468992K) Eden: 478720K(478720K)->0K(467456K) From: 1024K(1024K)->1056K(1536K)
[177.406s][info][gc,heap        ] GC(770) ParOldGen: 10508K(1398272K)->10668K(1398272K)
[177.406s][info][gc,metaspace   ] GC(770) Metaspace: 14366K(15296K)->14366K(15296K) NonClass: 12407K(12992K)->12407K(12992K) Class: 1959K(2304K)->1959K(2304K)
[177.406s][info][gc             ] GC(770) Pause Young (Allocation Failure) 478M->11M(1823M) 2.946ms
[177.406s][info][gc,cpu         ] GC(770) User=0.00s Sys=0.00s Real=0.00s
[177.700s][info][gc,start       ] GC(771) Pause Young (Allocation Failure)
[177.733s][info][gc,heap        ] GC(771) PSYoungGen: 468512K(468992K)->1024K(457728K) Eden: 467456K(467456K)->0K(456704K) From: 1056K(1536K)->1024K(1024K)
[177.733s][info][gc,heap        ] GC(771) ParOldGen: 10668K(1398272K)->10772K(1398272K)
[177.733s][info][gc,metaspace   ] GC(771) Metaspace: 14366K(15296K)->14366K(15296K) NonClass: 12407K(12992K)->12407K(12992K) Class: 1959K(2304K)->1959K(2304K)
[177.733s][info][gc             ] GC(771) Pause Young (Allocation Failure) 467M->11M(1812M) 33.019ms
[177.733s][info][gc,cpu         ] GC(771) User=0.00s Sys=0.00s Real=0.02s
[178.029s][info][gc,start       ] GC(772) Pause Young (Allocation Failure)
[178.032s][info][gc,heap        ] GC(772) PSYoungGen: 457728K(457728K)->1024K(447488K) Eden: 456704K(456704K)->0K(446464K) From: 1024K(1024K)->1024K(1024K)
[178.032s][info][gc,heap        ] GC(772) ParOldGen: 10772K(1398272K)->10912K(1398272K)
[178.032s][info][gc,metaspace   ] GC(772) Metaspace: 14366K(15296K)->14366K(15296K) NonClass: 12407K(12992K)->12407K(12992K) Class: 1959K(2304K)->1959K(2304K)
[178.032s][info][gc             ] GC(772) Pause Young (Allocation Failure) 457M->11M(1802M) 2.984ms
[178.032s][info][gc,cpu         ] GC(772) User=0.00s Sys=0.00s Real=0.00s
[178.315s][info][gc,start       ] GC(773) Pause Young (Allocation Failure)
[178.318s][info][gc,heap        ] GC(773) PSYoungGen: 447488K(447488K)->1024K(437248K) Eden: 446464K(446464K)->0K(436224K) From: 1024K(1024K)->1024K(1024K)
[178.318s][info][gc,heap        ] GC(773) ParOldGen: 10912K(1398272K)->11024K(1398272K)
[178.318s][info][gc,metaspace   ] GC(773) Metaspace: 14366K(15296K)->14366K(15296K) NonClass: 12407K(12992K)->12407K(12992K) Class: 1959K(2304K)->1959K(2304K)
[178.318s][info][gc             ] GC(773) Pause Young (Allocation Failure) 447M->11M(1792M) 3.016ms
[178.318s][info][gc,cpu         ] GC(773) User=0.52s Sys=0.00s Real=0.00s
[178.644s][info][gc,start       ] GC(774) Pause Young (Allocation Failure)
[178.648s][info][gc,heap        ] GC(774) PSYoungGen: 437248K(437248K)->1024K(427520K) Eden: 436224K(436224K)->0K(426496K) From: 1024K(1024K)->1024K(1024K)
[178.648s][info][gc,heap        ] GC(774) ParOldGen: 11024K(1398272K)->11112K(1398272K)
[178.648s][info][gc,metaspace   ] GC(774) Metaspace: 14366K(15296K)->14366K(15296K) NonClass: 12407K(12992K)->12407K(12992K) Class: 1959K(2304K)->1959K(2304K)
[178.648s][info][gc             ] GC(774) Pause Young (Allocation Failure) 437M->11M(1783M) 3.965ms
[178.648s][info][gc,cpu         ] GC(774) User=0.52s Sys=0.00s Real=0.00s
[178.938s][info][gc,start       ] GC(775) Pause Young (Allocation Failure)
[178.941s][info][gc,heap        ] GC(775) PSYoungGen: 427520K(427520K)->1024K(418304K) Eden: 426496K(426496K)->0K(417280K) From: 1024K(1024K)->1024K(1024K)
[178.941s][info][gc,heap        ] GC(775) ParOldGen: 11112K(1398272K)->11232K(1398272K)
[178.941s][info][gc,metaspace   ] GC(775) Metaspace: 14366K(15296K)->14366K(15296K) NonClass: 12407K(12992K)->12407K(12992K) Class: 1959K(2304K)->1959K(2304K)
[178.941s][info][gc             ] GC(775) Pause Young (Allocation Failure) 428M->11M(1774M) 2.792ms
[178.941s][info][gc,cpu         ] GC(775) User=0.00s Sys=0.00s Real=0.00s
[179.239s][info][gc,start       ] GC(776) Pause Young (Allocation Failure)
[179.242s][info][gc,heap        ] GC(776) PSYoungGen: 418304K(418304K)->1024K(409088K) Eden: 417280K(417280K)->0K(408064K) From: 1024K(1024K)->1024K(1024K)
[179.242s][info][gc,heap        ] GC(776) ParOldGen: 11232K(1398272K)->11320K(1398272K)
[179.242s][info][gc,metaspace   ] GC(776) Metaspace: 14366K(15296K)->14366K(15296K) NonClass: 12407K(12992K)->12407K(12992K) Class: 1959K(2304K)->1959K(2304K)
[179.242s][info][gc             ] GC(776) Pause Young (Allocation Failure) 419M->12M(1765M) 2.618ms
[179.242s][info][gc,cpu         ] GC(776) User=0.00s Sys=0.00s Real=0.00s
[179.488s][info][gc,start       ] GC(777) Pause Young (Allocation Failure)
[179.490s][info][gc,heap        ] GC(777) PSYoungGen: 409088K(409088K)->992K(400384K) Eden: 408064K(408064K)->0K(399360K) From: 1024K(1024K)->992K(1024K)
[179.491s][info][gc,heap        ] GC(777) ParOldGen: 11320K(1398272K)->11416K(1398272K)
[179.491s][info][gc,metaspace   ] GC(777) Metaspace: 14366K(15296K)->14366K(15296K) NonClass: 12407K(12992K)->12407K(12992K) Class: 1959K(2304K)->1959K(2304K)
[179.491s][info][gc             ] GC(777) Pause Young (Allocation Failure) 410M->12M(1756M) 2.579ms
[179.491s][info][gc,cpu         ] GC(777) User=0.52s Sys=0.00s Real=0.00s
[179.731s][info][gc,start       ] GC(778) Pause Young (Allocation Failure)
[179.734s][info][gc,heap        ] GC(778) PSYoungGen: 400352K(400384K)->1056K(392704K) Eden: 399360K(399360K)->0K(391168K) From: 992K(1024K)->1056K(1536K)
[179.734s][info][gc,heap        ] GC(778) ParOldGen: 11416K(1398272K)->11504K(1398272K)
[179.734s][info][gc,metaspace   ] GC(778) Metaspace: 14366K(15296K)->14366K(15296K) NonClass: 12407K(12992K)->12407K(12992K) Class: 1959K(2304K)->1959K(2304K)
[179.734s][info][gc             ] GC(778) Pause Young (Allocation Failure) 402M->12M(1749M) 2.647ms
[179.734s][info][gc,cpu         ] GC(778) User=0.00s Sys=0.00s Real=0.00s
[179.905s][info][gc,start       ] GC(779) Pause Young (Allocation Failure)
[179.908s][info][gc,heap        ] GC(779) PSYoungGen: 392224K(392704K)->832K(470528K) Eden: 391168K(391168K)->0K(469504K) From: 1056K(1536K)->832K(1024K)
[179.908s][info][gc,heap        ] GC(779) ParOldGen: 11504K(1398272K)->11584K(1398272K)
[179.908s][info][gc,metaspace   ] GC(779) Metaspace: 14366K(15296K)->14366K(15296K) NonClass: 12407K(12992K)->12407K(12992K) Class: 1959K(2304K)->1959K(2304K)
[179.908s][info][gc             ] GC(779) Pause Young (Allocation Failure) 394M->12M(1825M) 2.639ms
[179.908s][info][gc,cpu         ] GC(779) User=0.00s Sys=0.00s Real=0.00s
[180.130s][info][gc,start       ] GC(780) Pause Young (System.gc())
[180.133s][info][gc,heap        ] GC(780) PSYoungGen: 267391K(470528K)->544K(470528K) Eden: 266559K(469504K)->0K(469504K) From: 832K(1024K)->544K(1024K)
[180.133s][info][gc,heap        ] GC(780) ParOldGen: 11584K(1398272K)->11640K(1398272K)
[180.133s][info][gc,metaspace   ] GC(780) Metaspace: 14366K(15296K)->14366K(15296K) NonClass: 12407K(12992K)->12407K(12992K) Class: 1959K(2304K)->1959K(2304K)
[180.133s][info][gc             ] GC(780) Pause Young (System.gc()) 272M->11M(1825M) 3.163ms
[180.133s][info][gc,cpu         ] GC(780) User=0.00s Sys=0.00s Real=0.00s
[180.133s][info][gc,start       ] GC(781) Pause Full (System.gc())
[180.133s][info][gc,phases,start] GC(781) Marking Phase
[180.151s][info][gc,phases      ] GC(781) Marking Phase 17.924ms
[180.151s][info][gc,phases,start] GC(781) Summary Phase
[180.151s][info][gc,phases      ] GC(781) Summary Phase 0.020ms
[180.151s][info][gc,phases,start] GC(781) Adjust Roots
[180.157s][info][gc,phases      ] GC(781) Adjust Roots 6.046ms
[180.157s][info][gc,phases,start] GC(781) Compaction Phase
[180.159s][info][gc,phases      ] GC(781) Compaction Phase 1.937ms
[180.159s][info][gc,phases,start] GC(781) Post Compact
[180.160s][info][gc,phases      ] GC(781) Post Compact 0.504ms
[180.160s][info][gc,heap        ] GC(781) PSYoungGen: 544K(470528K)->0K(470528K) Eden: 0K(469504K)->0K(469504K) From: 544K(1024K)->0K(1024K)
[180.160s][info][gc,heap        ] GC(781) ParOldGen: 11640K(1398272K)->5374K(1398272K)
[180.160s][info][gc,metaspace   ] GC(781) Metaspace: 14366K(15296K)->14366K(15296K) NonClass: 12407K(12992K)->12407K(12992K) Class: 1959K(2304K)->1959K(2304K)
[180.160s][info][gc             ] GC(781) Pause Full (System.gc()) 11M->5M(1825M) 26.679ms
[180.160s][info][gc,cpu         ] GC(781) User=0.88s Sys=0.00s Real=0.03s
[180.537s][info][gc,start       ] GC(782) Pause Young (Allocation Failure)
[180.541s][info][gc,heap        ] GC(782) PSYoungGen: 469504K(470528K)->1536K(565248K) Eden: 469504K(469504K)->0K(563712K) From: 0K(1024K)->1536K(1536K)
[180.541s][info][gc,heap        ] GC(782) ParOldGen: 5374K(1398272K)->5731K(1398272K)
[180.541s][info][gc,metaspace   ] GC(782) Metaspace: 14369K(15296K)->14369K(15296K) NonClass: 12410K(12992K)->12410K(12992K) Class: 1959K(2304K)->1959K(2304K)
[180.541s][info][gc             ] GC(782) Pause Young (Allocation Failure) 463M->7M(1917M) 3.603ms
[180.541s][info][gc,cpu         ] GC(782) User=0.00s Sys=0.00s Real=0.00s
[180.891s][info][gc,start       ] GC(783) Pause Young (Allocation Failure)
[180.894s][info][gc,heap        ] GC(783) PSYoungGen: 565248K(565248K)->1056K(550912K) Eden: 563712K(563712K)->0K(549376K) From: 1536K(1536K)->1056K(1536K)
[180.894s][info][gc,heap        ] GC(783) ParOldGen: 5731K(1398272K)->7080K(1398272K)
[180.894s][info][gc,metaspace   ] GC(783) Metaspace: 14369K(15296K)->14369K(15296K) NonClass: 12410K(12992K)->12410K(12992K) Class: 1959K(2304K)->1959K(2304K)
[180.894s][info][gc             ] GC(783) Pause Young (Allocation Failure) 557M->7M(1903M) 3.306ms
[180.894s][info][gc,cpu         ] GC(783) User=0.00s Sys=0.00s Real=0.00s
[181.266s][info][gc,start       ] GC(784) Pause Young (Allocation Failure)
[181.269s][info][gc,heap        ] GC(784) PSYoungGen: 550432K(550912K)->512K(536064K) Eden: 549376K(549376K)->0K(535552K) From: 1056K(1536K)->512K(512K)
[181.269s][info][gc,heap        ] GC(784) ParOldGen: 7080K(1398272K)->7312K(1398272K)
[181.269s][info][gc,metaspace   ] GC(784) Metaspace: 14369K(15296K)->14369K(15296K) NonClass: 12410K(12992K)->12410K(12992K) Class: 1959K(2304K)->1959K(2304K)
[181.269s][info][gc             ] GC(784) Pause Young (Allocation Failure) 544M->7M(1889M) 3.075ms
[181.269s][info][gc,cpu         ] GC(784) User=0.00s Sys=0.00s Real=0.00s
[181.629s][info][gc,start       ] GC(785) Pause Young (Allocation Failure)
[181.632s][info][gc,heap        ] GC(785) PSYoungGen: 536064K(536064K)->1024K(523776K) Eden: 535552K(535552K)->0K(522240K) From: 512K(512K)->1024K(1536K)
[181.632s][info][gc,heap        ] GC(785) ParOldGen: 7312K(1398272K)->7384K(1398272K)
[181.632s][info][gc,metaspace   ] GC(785) Metaspace: 14369K(15296K)->14369K(15296K) NonClass: 12410K(12992K)->12410K(12992K) Class: 1959K(2304K)->1959K(2304K)
[181.632s][info][gc             ] GC(785) Pause Young (Allocation Failure) 530M->8M(1877M) 3.118ms
[181.632s][info][gc,cpu         ] GC(785) User=0.23s Sys=0.00s Real=0.00s
[181.983s][info][gc,start       ] GC(786) Pause Young (Allocation Failure)
[181.987s][info][gc,heap        ] GC(786) PSYoungGen: 523264K(523776K)->1024K(510464K) Eden: 522240K(522240K)->0K(509440K) From: 1024K(1536K)->1024K(1024K)
[181.987s][info][gc,heap        ] GC(786) ParOldGen: 7384K(1398272K)->7544K(1398272K)
[181.987s][info][gc,metaspace   ] GC(786) Metaspace: 14369K(15296K)->14369K(15296K) NonClass: 12410K(12992K)->12410K(12992K) Class: 1959K(2304K)->1959K(2304K)
[181.987s][info][gc             ] GC(786) Pause Young (Allocation Failure) 518M->8M(1864M) 3.349ms
[181.987s][info][gc,cpu         ] GC(786) User=0.00s Sys=0.00s Real=0.00s
[182.347s][info][gc,start       ] GC(787) Pause Young (Allocation Failure)
[182.351s][info][gc,heap        ] GC(787) PSYoungGen: 510464K(510464K)->1024K(498176K) Eden: 509440K(509440K)->0K(497152K) From: 1024K(1024K)->1024K(1024K)
[182.351s][info][gc,heap        ] GC(787) ParOldGen: 7544K(1398272K)->7664K(1398272K)
[182.351s][info][gc,metaspace   ] GC(787) Metaspace: 14369K(15296K)->14369K(15296K) NonClass: 12410K(12992K)->12410K(12992K) Class: 1959K(2304K)->1959K(2304K)
[182.351s][info][gc             ] GC(787) Pause Young (Allocation Failure) 505M->8M(1852M) 3.476ms
[182.351s][info][gc,cpu         ] GC(787) User=0.00s Sys=0.00s Real=0.00s
[182.692s][info][gc,start       ] GC(788) Pause Young (Allocation Failure)
[182.695s][info][gc,heap        ] GC(788) PSYoungGen: 498176K(498176K)->1024K(486400K) Eden: 497152K(497152K)->0K(485376K) From: 1024K(1024K)->1024K(1024K)
[182.696s][info][gc,heap        ] GC(788) ParOldGen: 7664K(1398272K)->7800K(1398272K)
[182.696s][info][gc,metaspace   ] GC(788) Metaspace: 14369K(15296K)->14369K(15296K) NonClass: 12410K(12992K)->12410K(12992K) Class: 1959K(2304K)->1959K(2304K)
[182.696s][info][gc             ] GC(788) Pause Young (Allocation Failure) 493M->8M(1840M) 3.166ms
[182.696s][info][gc,cpu         ] GC(788) User=0.00s Sys=0.00s Real=0.00s
[183.034s][info][gc,start       ] GC(789) Pause Young (Allocation Failure)
[183.037s][info][gc,heap        ] GC(789) PSYoungGen: 486400K(486400K)->1056K(475648K) Eden: 485376K(485376K)->0K(474112K) From: 1024K(1024K)->1056K(1536K)
[183.037s][info][gc,heap        ] GC(789) ParOldGen: 7800K(1398272K)->7904K(1398272K)
[183.037s][info][gc,metaspace   ] GC(789) Metaspace: 14369K(15296K)->14369K(15296K) NonClass: 12410K(12992K)->12410K(12992K) Class: 1959K(2304K)->1959K(2304K)
[183.037s][info][gc             ] GC(789) Pause Young (Allocation Failure) 482M->8M(1830M) 2.872ms
[183.037s][info][gc,cpu         ] GC(789) User=0.00s Sys=0.00s Real=0.00s
[183.377s][info][gc,start       ] GC(790) Pause Young (Allocation Failure)
[183.380s][info][gc,heap        ] GC(790) PSYoungGen: 475168K(475648K)->1024K(464384K) Eden: 474112K(474112K)->0K(463360K) From: 1056K(1536K)->1024K(1024K)
[183.380s][info][gc,heap        ] GC(790) ParOldGen: 7904K(1398272K)->8056K(1398272K)
[183.380s][info][gc,metaspace   ] GC(790) Metaspace: 14369K(15296K)->14369K(15296K) NonClass: 12410K(12992K)->12410K(12992K) Class: 1959K(2304K)->1959K(2304K)
[183.380s][info][gc             ] GC(790) Pause Young (Allocation Failure) 471M->8M(1819M) 2.699ms
[183.380s][info][gc,cpu         ] GC(790) User=0.00s Sys=0.00s Real=0.00s
[183.691s][info][gc,start       ] GC(791) Pause Young (Allocation Failure)
[183.694s][info][gc,heap        ] GC(791) PSYoungGen: 464384K(464384K)->1024K(453632K) Eden: 463360K(463360K)->0K(452608K) From: 1024K(1024K)->1024K(1024K)
[183.694s][info][gc,heap        ] GC(791) ParOldGen: 8056K(1398272K)->8208K(1398272K)
[183.694s][info][gc,metaspace   ] GC(791) Metaspace: 14369K(15296K)->14369K(15296K) NonClass: 12410K(12992K)->12410K(12992K) Class: 1959K(2304K)->1959K(2304K)
[183.694s][info][gc             ] GC(791) Pause Young (Allocation Failure) 461M->9M(1808M) 2.852ms
[183.694s][info][gc,cpu         ] GC(791) User=0.52s Sys=0.00s Real=0.00s
[183.999s][info][gc,start       ] GC(792) Pause Young (Allocation Failure)
[184.002s][info][gc,heap        ] GC(792) PSYoungGen: 453632K(453632K)->1024K(443392K) Eden: 452608K(452608K)->0K(442368K) From: 1024K(1024K)->1024K(1024K)
[184.002s][info][gc,heap        ] GC(792) ParOldGen: 8208K(1398272K)->8328K(1398272K)
[184.002s][info][gc,metaspace   ] GC(792) Metaspace: 14369K(15296K)->14369K(15296K) NonClass: 12410K(12992K)->12410K(12992K) Class: 1959K(2304K)->1959K(2304K)
[184.002s][info][gc             ] GC(792) Pause Young (Allocation Failure) 451M->9M(1798M) 2.859ms
[184.002s][info][gc,cpu         ] GC(792) User=0.00s Sys=0.00s Real=0.00s
[184.301s][info][gc,start       ] GC(793) Pause Young (Allocation Failure)
[184.304s][info][gc,heap        ] GC(793) PSYoungGen: 443392K(443392K)->1024K(433664K) Eden: 442368K(442368K)->0K(432640K) From: 1024K(1024K)->1024K(1024K)
[184.304s][info][gc,heap        ] GC(793) ParOldGen: 8328K(1398272K)->8432K(1398272K)
[184.304s][info][gc,metaspace   ] GC(793) Metaspace: 14369K(15296K)->14369K(15296K) NonClass: 12410K(12992K)->12410K(12992K) Class: 1959K(2304K)->1959K(2304K)
[184.304s][info][gc             ] GC(793) Pause Young (Allocation Failure) 441M->9M(1789M) 2.891ms
[184.304s][info][gc,cpu         ] GC(793) User=0.02s Sys=0.00s Real=0.00s
[184.596s][info][gc,start       ] GC(794) Pause Young (Allocation Failure)
[184.599s][info][gc,heap        ] GC(794) PSYoungGen: 433664K(433664K)->992K(423936K) Eden: 432640K(432640K)->0K(422912K) From: 1024K(1024K)->992K(1024K)
[184.599s][info][gc,heap        ] GC(794) ParOldGen: 8432K(1398272K)->8560K(1398272K)
[184.599s][info][gc,metaspace   ] GC(794) Metaspace: 14369K(15296K)->14369K(15296K) NonClass: 12410K(12992K)->12410K(12992K) Class: 1959K(2304K)->1959K(2304K)
[184.599s][info][gc             ] GC(794) Pause Young (Allocation Failure) 431M->9M(1779M) 2.955ms
[184.599s][info][gc,cpu         ] GC(794) User=0.00s Sys=0.02s Real=0.00s
[184.883s][info][gc,start       ] GC(795) Pause Young (Allocation Failure)
[184.886s][info][gc,heap        ] GC(795) PSYoungGen: 423904K(423936K)->1024K(414720K) Eden: 422912K(422912K)->0K(413696K) From: 992K(1024K)->1024K(1024K)
[184.886s][info][gc,heap        ] GC(795) ParOldGen: 8560K(1398272K)->8664K(1398272K)
[184.886s][info][gc,metaspace   ] GC(795) Metaspace: 14369K(15296K)->14369K(15296K) NonClass: 12410K(12992K)->12410K(12992K) Class: 1959K(2304K)->1959K(2304K)
[184.886s][info][gc             ] GC(795) Pause Young (Allocation Failure) 422M->9M(1770M) 2.996ms
[184.886s][info][gc,cpu         ] GC(795) User=0.00s Sys=0.00s Real=0.00s
[185.165s][info][gc,start       ] GC(796) Pause Young (Allocation Failure)
[185.168s][info][gc,heap        ] GC(796) PSYoungGen: 414720K(414720K)->992K(406016K) Eden: 413696K(413696K)->0K(404992K) From: 1024K(1024K)->992K(1024K)
[185.168s][info][gc,heap        ] GC(796) ParOldGen: 8664K(1398272K)->8760K(1398272K)
[185.168s][info][gc,metaspace   ] GC(796) Metaspace: 14369K(15296K)->14369K(15296K) NonClass: 12410K(12992K)->12410K(12992K) Class: 1959K(2304K)->1959K(2304K)
[185.168s][info][gc             ] GC(796) Pause Young (Allocation Failure) 413M->9M(1762M) 3.021ms
[185.168s][info][gc,cpu         ] GC(796) User=0.00s Sys=0.00s Real=0.00s
[185.443s][info][gc,start       ] GC(797) Pause Young (Allocation Failure)
[185.446s][info][gc,heap        ] GC(797) PSYoungGen: 405984K(406016K)->1056K(397824K) Eden: 404992K(404992K)->0K(396288K) From: 992K(1024K)->1056K(1536K)
[185.446s][info][gc,heap        ] GC(797) ParOldGen: 8760K(1398272K)->8864K(1398272K)
[185.446s][info][gc,metaspace   ] GC(797) Metaspace: 14369K(15296K)->14369K(15296K) NonClass: 12410K(12992K)->12410K(12992K) Class: 1959K(2304K)->1959K(2304K)
[185.446s][info][gc             ] GC(797) Pause Young (Allocation Failure) 405M->9M(1754M) 3.007ms
[185.446s][info][gc,cpu         ] GC(797) User=0.00s Sys=0.00s Real=0.00s
[185.725s][info][gc,start       ] GC(798) Pause Young (Allocation Failure)
[185.727s][info][gc,heap        ] GC(798) PSYoungGen: 397344K(397824K)->1024K(389120K) Eden: 396288K(396288K)->0K(388096K) From: 1056K(1536K)->1024K(1024K)
[185.727s][info][gc,heap        ] GC(798) ParOldGen: 8864K(1398272K)->8984K(1398272K)
[185.727s][info][gc,metaspace   ] GC(798) Metaspace: 14369K(15296K)->14369K(15296K) NonClass: 12410K(12992K)->12410K(12992K) Class: 1959K(2304K)->1959K(2304K)
[185.727s][info][gc             ] GC(798) Pause Young (Allocation Failure) 396M->9M(1745M) 2.721ms
[185.727s][info][gc,cpu         ] GC(798) User=0.00s Sys=0.00s Real=0.00s
[186.015s][info][gc,start       ] GC(799) Pause Young (Allocation Failure)
[186.017s][info][gc,heap        ] GC(799) PSYoungGen: 389120K(389120K)->1024K(380928K) Eden: 388096K(388096K)->0K(379904K) From: 1024K(1024K)->1024K(1024K)
[186.017s][info][gc,heap        ] GC(799) ParOldGen: 8984K(1398272K)->9088K(1398272K)
[186.017s][info][gc,metaspace   ] GC(799) Metaspace: 14369K(15296K)->14369K(15296K) NonClass: 12410K(12992K)->12410K(12992K) Class: 1959K(2304K)->1959K(2304K)
[186.017s][info][gc             ] GC(799) Pause Young (Allocation Failure) 388M->9M(1737M) 2.544ms
[186.017s][info][gc,cpu         ] GC(799) User=0.00s Sys=0.00s Real=0.00s
[186.273s][info][gc,start       ] GC(800) Pause Young (Allocation Failure)
[186.275s][info][gc,heap        ] GC(800) PSYoungGen: 380928K(380928K)->1024K(373248K) Eden: 379904K(379904K)->0K(372224K) From: 1024K(1024K)->1024K(1024K)
[186.275s][info][gc,heap        ] GC(800) ParOldGen: 9088K(1398272K)->9216K(1398272K)
[186.275s][info][gc,metaspace   ] GC(800) Metaspace: 14369K(15296K)->14369K(15296K) NonClass: 12410K(12992K)->12410K(12992K) Class: 1959K(2304K)->1959K(2304K)
[186.275s][info][gc             ] GC(800) Pause Young (Allocation Failure) 380M->10M(1730M) 2.522ms
[186.275s][info][gc,cpu         ] GC(800) User=0.00s Sys=0.00s Real=0.00s
[186.526s][info][gc,start       ] GC(801) Pause Young (Allocation Failure)
[186.529s][info][gc,heap        ] GC(801) PSYoungGen: 373248K(373248K)->1056K(366080K) Eden: 372224K(372224K)->0K(364544K) From: 1024K(1024K)->1056K(1536K)
[186.529s][info][gc,heap        ] GC(801) ParOldGen: 9216K(1398272K)->9288K(1398272K)
[186.529s][info][gc,metaspace   ] GC(801) Metaspace: 14369K(15296K)->14369K(15296K) NonClass: 12410K(12992K)->12410K(12992K) Class: 1959K(2304K)->1959K(2304K)
[186.529s][info][gc             ] GC(801) Pause Young (Allocation Failure) 373M->10M(1723M) 2.575ms
[186.529s][info][gc,cpu         ] GC(801) User=0.00s Sys=0.00s Real=0.00s
[186.777s][info][gc,start       ] GC(802) Pause Young (Allocation Failure)
[186.779s][info][gc,heap        ] GC(802) PSYoungGen: 365600K(366080K)->1024K(358400K) Eden: 364544K(364544K)->0K(357376K) From: 1056K(1536K)->1024K(1024K)
[186.779s][info][gc,heap        ] GC(802) ParOldGen: 9288K(1398272K)->9392K(1398272K)
[186.779s][info][gc,metaspace   ] GC(802) Metaspace: 14369K(15296K)->14369K(15296K) NonClass: 12410K(12992K)->12410K(12992K) Class: 1959K(2304K)->1959K(2304K)
[186.779s][info][gc             ] GC(802) Pause Young (Allocation Failure) 366M->10M(1715M) 2.622ms
[186.779s][info][gc,cpu         ] GC(802) User=0.00s Sys=0.00s Real=0.00s
[187.019s][info][gc,start       ] GC(803) Pause Young (Allocation Failure)
[187.021s][info][gc,heap        ] GC(803) PSYoungGen: 358400K(358400K)->1024K(351232K) Eden: 357376K(357376K)->0K(350208K) From: 1024K(1024K)->1024K(1024K)
[187.021s][info][gc,heap        ] GC(803) ParOldGen: 9392K(1398272K)->9488K(1398272K)
[187.021s][info][gc,metaspace   ] GC(803) Metaspace: 14369K(15296K)->14369K(15296K) NonClass: 12410K(12992K)->12410K(12992K) Class: 1959K(2304K)->1959K(2304K)
[187.021s][info][gc             ] GC(803) Pause Young (Allocation Failure) 359M->10M(1708M) 2.675ms
[187.021s][info][gc,cpu         ] GC(803) User=0.50s Sys=0.00s Real=0.00s
[187.260s][info][gc,start       ] GC(804) Pause Young (Allocation Failure)
[187.263s][info][gc,heap        ] GC(804) PSYoungGen: 351232K(351232K)->992K(344576K) Eden: 350208K(350208K)->0K(343552K) From: 1024K(1024K)->992K(1024K)
[187.263s][info][gc,heap        ] GC(804) ParOldGen: 9488K(1398272K)->9576K(1398272K)
[187.263s][info][gc,metaspace   ] GC(804) Metaspace: 14369K(15296K)->14369K(15296K) NonClass: 12410K(12992K)->12410K(12992K) Class: 1959K(2304K)->1959K(2304K)
[187.263s][info][gc             ] GC(804) Pause Young (Allocation Failure) 352M->10M(1702M) 2.739ms
[187.263s][info][gc,cpu         ] GC(804) User=0.00s Sys=0.00s Real=0.00s
[187.494s][info][gc,start       ] GC(805) Pause Young (Allocation Failure)
[187.497s][info][gc,heap        ] GC(805) PSYoungGen: 344544K(344576K)->1024K(413696K) Eden: 343552K(343552K)->0K(412672K) From: 992K(1024K)->1024K(1024K)
[187.497s][info][gc,heap        ] GC(805) ParOldGen: 9576K(1398272K)->9664K(1398272K)
[187.497s][info][gc,metaspace   ] GC(805) Metaspace: 14369K(15296K)->14369K(15296K) NonClass: 12410K(12992K)->12410K(12992K) Class: 1959K(2304K)->1959K(2304K)
[187.497s][info][gc             ] GC(805) Pause Young (Allocation Failure) 345M->10M(1769M) 2.749ms
[187.497s][info][gc,cpu         ] GC(805) User=0.00s Sys=0.00s Real=0.00s
[187.775s][info][gc,start       ] GC(806) Pause Young (Allocation Failure)
[187.778s][info][gc,heap        ] GC(806) PSYoungGen: 413696K(413696K)->1024K(496640K) Eden: 412672K(412672K)->0K(495616K) From: 1024K(1024K)->1024K(1024K)
[187.778s][info][gc,heap        ] GC(806) ParOldGen: 9664K(1398272K)->9776K(1398272K)
[187.778s][info][gc,metaspace   ] GC(806) Metaspace: 14369K(15296K)->14369K(15296K) NonClass: 12410K(12992K)->12410K(12992K) Class: 1959K(2304K)->1959K(2304K)
[187.778s][info][gc             ] GC(806) Pause Young (Allocation Failure) 413M->10M(1850M) 2.874ms
[187.778s][info][gc,cpu         ] GC(806) User=0.00s Sys=0.00s Real=0.00s
[188.113s][info][gc,start       ] GC(807) Pause Young (Allocation Failure)
[188.116s][info][gc,heap        ] GC(807) PSYoungGen: 496640K(496640K)->1056K(485376K) Eden: 495616K(495616K)->0K(483840K) From: 1024K(1024K)->1056K(1536K)
[188.116s][info][gc,heap        ] GC(807) ParOldGen: 9776K(1398272K)->9880K(1398272K)
[188.116s][info][gc,metaspace   ] GC(807) Metaspace: 14369K(15296K)->14369K(15296K) NonClass: 12410K(12992K)->12410K(12992K) Class: 1959K(2304K)->1959K(2304K)
[188.116s][info][gc             ] GC(807) Pause Young (Allocation Failure) 494M->10M(1839M) 3.067ms
[188.116s][info][gc,cpu         ] GC(807) User=0.52s Sys=0.00s Real=0.00s
[188.441s][info][gc,start       ] GC(808) Pause Young (Allocation Failure)
[188.444s][info][gc,heap        ] GC(808) PSYoungGen: 484896K(485376K)->1024K(473600K) Eden: 483840K(483840K)->0K(472576K) From: 1056K(1536K)->1024K(1024K)
[188.444s][info][gc,heap        ] GC(808) ParOldGen: 9880K(1398272K)->10016K(1398272K)
[188.444s][info][gc,metaspace   ] GC(808) Metaspace: 14369K(15296K)->14369K(15296K) NonClass: 12410K(12992K)->12410K(12992K) Class: 1959K(2304K)->1959K(2304K)
[188.444s][info][gc             ] GC(808) Pause Young (Allocation Failure) 483M->10M(1828M) 3.087ms
[188.444s][info][gc,cpu         ] GC(808) User=0.52s Sys=0.00s Real=0.00s
[188.761s][info][gc,start       ] GC(809) Pause Young (Allocation Failure)
[188.764s][info][gc,heap        ] GC(809) PSYoungGen: 473600K(473600K)->1024K(462848K) Eden: 472576K(472576K)->0K(461824K) From: 1024K(1024K)->1024K(1024K)
[188.764s][info][gc,heap        ] GC(809) ParOldGen: 10016K(1398272K)->10152K(1398272K)
[188.764s][info][gc,metaspace   ] GC(809) Metaspace: 14369K(15296K)->14369K(15296K) NonClass: 12410K(12992K)->12410K(12992K) Class: 1959K(2304K)->1959K(2304K)
[188.764s][info][gc             ] GC(809) Pause Young (Allocation Failure) 472M->10M(1817M) 3.117ms
[188.764s][info][gc,cpu         ] GC(809) User=0.00s Sys=0.00s Real=0.00s
[189.075s][info][gc,start       ] GC(810) Pause Young (Allocation Failure)
[189.078s][info][gc,heap        ] GC(810) PSYoungGen: 462848K(462848K)->1024K(452096K) Eden: 461824K(461824K)->0K(451072K) From: 1024K(1024K)->1024K(1024K)
[189.078s][info][gc,heap        ] GC(810) ParOldGen: 10152K(1398272K)->10240K(1398272K)
[189.078s][info][gc,metaspace   ] GC(810) Metaspace: 14369K(15296K)->14369K(15296K) NonClass: 12410K(12992K)->12410K(12992K) Class: 1959K(2304K)->1959K(2304K)
[189.078s][info][gc             ] GC(810) Pause Young (Allocation Failure) 461M->11M(1807M) 3.177ms
[189.078s][info][gc,cpu         ] GC(810) User=0.00s Sys=0.00s Real=0.00s
[189.386s][info][gc,start       ] GC(811) Pause Young (Allocation Failure)
[189.389s][info][gc,heap        ] GC(811) PSYoungGen: 452096K(452096K)->1056K(442368K) Eden: 451072K(451072K)->0K(440832K) From: 1024K(1024K)->1056K(1536K)
[189.389s][info][gc,heap        ] GC(811) ParOldGen: 10240K(1398272K)->10336K(1398272K)
[189.389s][info][gc,metaspace   ] GC(811) Metaspace: 14369K(15296K)->14369K(15296K) NonClass: 12410K(12992K)->12410K(12992K) Class: 1959K(2304K)->1959K(2304K)
[189.389s][info][gc             ] GC(811) Pause Young (Allocation Failure) 451M->11M(1797M) 3.079ms
[189.389s][info][gc,cpu         ] GC(811) User=0.00s Sys=0.00s Real=0.00s
[189.724s][info][gc,start       ] GC(812) Pause Young (Allocation Failure)
[189.726s][info][gc,heap        ] GC(812) PSYoungGen: 441888K(442368K)->1024K(432128K) Eden: 440832K(440832K)->0K(431104K) From: 1056K(1536K)->1024K(1024K)
[189.726s][info][gc,heap        ] GC(812) ParOldGen: 10336K(1398272K)->10456K(1398272K)
[189.726s][info][gc,metaspace   ] GC(812) Metaspace: 14369K(15296K)->14369K(15296K) NonClass: 12410K(12992K)->12410K(12992K) Class: 1959K(2304K)->1959K(2304K)
[189.726s][info][gc             ] GC(812) Pause Young (Allocation Failure) 441M->11M(1787M) 2.817ms
[189.727s][info][gc,cpu         ] GC(812) User=0.00s Sys=0.00s Real=0.00s
[190.026s][info][gc,start       ] GC(813) Pause Young (Allocation Failure)
[190.029s][info][gc,heap        ] GC(813) PSYoungGen: 432128K(432128K)->1024K(422912K) Eden: 431104K(431104K)->0K(421888K) From: 1024K(1024K)->1024K(1024K)
[190.029s][info][gc,heap        ] GC(813) ParOldGen: 10456K(1398272K)->10584K(1398272K)
[190.029s][info][gc,metaspace   ] GC(813) Metaspace: 14369K(15296K)->14369K(15296K) NonClass: 12410K(12992K)->12410K(12992K) Class: 1959K(2304K)->1959K(2304K)
[190.029s][info][gc             ] GC(813) Pause Young (Allocation Failure) 432M->11M(1778M) 2.742ms
[190.029s][info][gc,cpu         ] GC(813) User=0.00s Sys=0.00s Real=0.00s
[190.309s][info][gc,start       ] GC(814) Pause Young (Allocation Failure)
[190.312s][info][gc,heap        ] GC(814) PSYoungGen: 422912K(422912K)->1024K(413696K) Eden: 421888K(421888K)->0K(412672K) From: 1024K(1024K)->1024K(1024K)
[190.312s][info][gc,heap        ] GC(814) ParOldGen: 10584K(1398272K)->10676K(1398272K)
[190.312s][info][gc,metaspace   ] GC(814) Metaspace: 14369K(15296K)->14369K(15296K) NonClass: 12410K(12992K)->12410K(12992K) Class: 1959K(2304K)->1959K(2304K)
[190.312s][info][gc             ] GC(814) Pause Young (Allocation Failure) 423M->11M(1769M) 2.746ms
[190.312s][info][gc,cpu         ] GC(814) User=0.00s Sys=0.00s Real=0.00s
[190.588s][info][gc,start       ] GC(815) Pause Young (Allocation Failure)
[190.591s][info][gc,heap        ] GC(815) PSYoungGen: 413696K(413696K)->1056K(405504K) Eden: 412672K(412672K)->0K(403968K) From: 1024K(1024K)->1056K(1536K)
[190.591s][info][gc,heap        ] GC(815) ParOldGen: 10676K(1398272K)->10764K(1398272K)
[190.591s][info][gc,metaspace   ] GC(815) Metaspace: 14369K(15296K)->14369K(15296K) NonClass: 12410K(12992K)->12410K(12992K) Class: 1959K(2304K)->1959K(2304K)
[190.591s][info][gc             ] GC(815) Pause Young (Allocation Failure) 414M->11M(1761M) 2.739ms
[190.591s][info][gc,cpu         ] GC(815) User=0.00s Sys=0.00s Real=0.00s
[190.864s][info][gc,start       ] GC(816) Pause Young (Allocation Failure)
[190.867s][info][gc,heap        ] GC(816) PSYoungGen: 405024K(405504K)->1024K(396288K) Eden: 403968K(403968K)->0K(395264K) From: 1056K(1536K)->1024K(1024K)
[190.867s][info][gc,heap        ] GC(816) ParOldGen: 10764K(1398272K)->10868K(1398272K)
[190.867s][info][gc,metaspace   ] GC(816) Metaspace: 14369K(15296K)->14369K(15296K) NonClass: 12410K(12992K)->12410K(12992K) Class: 1959K(2304K)->1959K(2304K)
[190.867s][info][gc             ] GC(816) Pause Young (Allocation Failure) 406M->11M(1752M) 2.786ms
[190.867s][info][gc,cpu         ] GC(816) User=0.02s Sys=0.00s Real=0.00s
[191.133s][info][gc,start       ] GC(817) Pause Young (Allocation Failure)
[191.136s][info][gc,heap        ] GC(817) PSYoungGen: 396288K(396288K)->1024K(388096K) Eden: 395264K(395264K)->0K(387072K) From: 1024K(1024K)->1024K(1024K)
[191.136s][info][gc,heap        ] GC(817) ParOldGen: 10868K(1398272K)->10972K(1398272K)
[191.136s][info][gc,metaspace   ] GC(817) Metaspace: 14369K(15296K)->14369K(15296K) NonClass: 12410K(12992K)->12410K(12992K) Class: 1959K(2304K)->1959K(2304K)
[191.136s][info][gc             ] GC(817) Pause Young (Allocation Failure) 397M->11M(1744M) 2.864ms
[191.136s][info][gc,cpu         ] GC(817) User=0.00s Sys=0.00s Real=0.00s
[191.392s][info][gc,start       ] GC(818) Pause Young (Allocation Failure)
[191.395s][info][gc,heap        ] GC(818) PSYoungGen: 388096K(388096K)->1024K(379904K) Eden: 387072K(387072K)->0K(378880K) From: 1024K(1024K)->1024K(1024K)
[191.395s][info][gc,heap        ] GC(818) ParOldGen: 10972K(1398272K)->11092K(1398272K)
[191.395s][info][gc,metaspace   ] GC(818) Metaspace: 14369K(15296K)->14369K(15296K) NonClass: 12410K(12992K)->12410K(12992K) Class: 1959K(2304K)->1959K(2304K)
[191.395s][info][gc             ] GC(818) Pause Young (Allocation Failure) 389M->11M(1736M) 2.914ms
[191.395s][info][gc,cpu         ] GC(818) User=0.00s Sys=0.00s Real=0.00s
[191.640s][info][gc,start       ] GC(819) Pause Young (Allocation Failure)
[191.643s][info][gc,heap        ] GC(819) PSYoungGen: 379904K(379904K)->1024K(455680K) Eden: 378880K(378880K)->0K(454656K) From: 1024K(1024K)->1024K(1024K)
[191.643s][info][gc,heap        ] GC(819) ParOldGen: 11092K(1398272K)->11196K(1398272K)
[191.643s][info][gc,metaspace   ] GC(819) Metaspace: 14369K(15296K)->14369K(15296K) NonClass: 12410K(12992K)->12410K(12992K) Class: 1959K(2304K)->1959K(2304K)
[191.643s][info][gc             ] GC(819) Pause Young (Allocation Failure) 381M->11M(1810M) 2.992ms
[191.643s][info][gc,cpu         ] GC(819) User=0.00s Sys=0.00s Real=0.00s
[192.088s][info][gc,start       ] GC(820) Pause Young (Allocation Failure)
[192.092s][info][gc,heap        ] GC(820) PSYoungGen: 455680K(455680K)->992K(445440K) Eden: 454656K(454656K)->0K(444416K) From: 1024K(1024K)->992K(1024K)
[192.092s][info][gc,heap        ] GC(820) ParOldGen: 11196K(1398272K)->11276K(1398272K)
[192.092s][info][gc,metaspace   ] GC(820) Metaspace: 14369K(15296K)->14369K(15296K) NonClass: 12410K(12992K)->12410K(12992K) Class: 1959K(2304K)->1959K(2304K)
[192.092s][info][gc             ] GC(820) Pause Young (Allocation Failure) 455M->11M(1800M) 4.032ms
[192.092s][info][gc,cpu         ] GC(820) User=0.00s Sys=0.00s Real=0.00s
[192.403s][info][gc,start       ] GC(821) Pause Young (Allocation Failure)
[192.406s][info][gc,heap        ] GC(821) PSYoungGen: 445408K(445440K)->960K(435712K) Eden: 444416K(444416K)->0K(434688K) From: 992K(1024K)->960K(1024K)
[192.406s][info][gc,heap        ] GC(821) ParOldGen: 11276K(1398272K)->11364K(1398272K)
[192.406s][info][gc,metaspace   ] GC(821) Metaspace: 14369K(15296K)->14369K(15296K) NonClass: 12410K(12992K)->12410K(12992K) Class: 1959K(2304K)->1959K(2304K)
[192.406s][info][gc             ] GC(821) Pause Young (Allocation Failure) 445M->12M(1791M) 2.792ms
[192.406s][info][gc,cpu         ] GC(821) User=0.00s Sys=0.00s Real=0.00s
[192.621s][info][gc,start       ] GC(822) Pause Young (Allocation Failure)
[192.624s][info][gc,heap        ] GC(822) PSYoungGen: 435648K(435712K)->704K(425984K) Eden: 434688K(434688K)->0K(424960K) From: 960K(1024K)->704K(1024K)
[192.624s][info][gc,heap        ] GC(822) ParOldGen: 11364K(1398272K)->11484K(1398272K)
[192.624s][info][gc,metaspace   ] GC(822) Metaspace: 14369K(15296K)->14369K(15296K) NonClass: 12410K(12992K)->12410K(12992K) Class: 1959K(2304K)->1959K(2304K)
[192.624s][info][gc             ] GC(822) Pause Young (Allocation Failure) 436M->11M(1781M) 2.580ms
[192.624s][info][gc,cpu         ] GC(822) User=0.00s Sys=0.00s Real=0.00s
[192.800s][info][gc,start       ] GC(823) Pause Young (System.gc())
[192.812s][info][gc,heap        ] GC(823) PSYoungGen: 118834K(425984K)->384K(425472K) Eden: 118130K(424960K)->0K(424960K) From: 704K(1024K)->384K(512K)
[192.812s][info][gc,heap        ] GC(823) ParOldGen: 11484K(1398272K)->11572K(1398272K)
[192.812s][info][gc,metaspace   ] GC(823) Metaspace: 14370K(15296K)->14370K(15296K) NonClass: 12410K(12992K)->12410K(12992K) Class: 1959K(2304K)->1959K(2304K)
[192.812s][info][gc             ] GC(823) Pause Young (System.gc()) 127M->11M(1781M) 11.539ms
[192.812s][info][gc,cpu         ] GC(823) User=0.00s Sys=0.00s Real=0.01s
[192.812s][info][gc,start       ] GC(824) Pause Full (System.gc())
[192.812s][info][gc,phases,start] GC(824) Marking Phase
[192.827s][info][gc,phases      ] GC(824) Marking Phase 14.700ms
[192.827s][info][gc,phases,start] GC(824) Summary Phase
[192.827s][info][gc,phases      ] GC(824) Summary Phase 0.027ms
[192.827s][info][gc,phases,start] GC(824) Adjust Roots
[192.833s][info][gc,phases      ] GC(824) Adjust Roots 6.029ms
[192.833s][info][gc,phases,start] GC(824) Compaction Phase
[192.835s][info][gc,phases      ] GC(824) Compaction Phase 2.193ms
[192.835s][info][gc,phases,start] GC(824) Post Compact
[192.836s][info][gc,phases      ] GC(824) Post Compact 0.603ms
[192.836s][info][gc,heap        ] GC(824) PSYoungGen: 384K(425472K)->0K(425472K) Eden: 0K(424960K)->0K(424960K) From: 384K(512K)->0K(512K)
[192.836s][info][gc,heap        ] GC(824) ParOldGen: 11572K(1398272K)->5374K(1398272K)
[192.836s][info][gc,metaspace   ] GC(824) Metaspace: 14370K(15296K)->14370K(15296K) NonClass: 12410K(12992K)->12410K(12992K) Class: 1959K(2304K)->1959K(2304K)
[192.836s][info][gc             ] GC(824) Pause Full (System.gc()) 11M->5M(1781M) 23.932ms
[192.836s][info][gc,cpu         ] GC(824) User=0.50s Sys=0.00s Real=0.02s
[193.180s][info][gc,start       ] GC(825) Pause Young (Allocation Failure)
[193.184s][info][gc,heap        ] GC(825) PSYoungGen: 424960K(425472K)->1536K(417280K) Eden: 424960K(424960K)->0K(415744K) From: 0K(512K)->1536K(1536K)
[193.184s][info][gc,heap        ] GC(825) ParOldGen: 5374K(1398272K)->5674K(1398272K)
[193.184s][info][gc,metaspace   ] GC(825) Metaspace: 14370K(15296K)->14370K(15296K) NonClass: 12410K(12992K)->12410K(12992K) Class: 1959K(2304K)->1959K(2304K)
[193.184s][info][gc             ] GC(825) Pause Young (Allocation Failure) 420M->7M(1773M) 3.297ms
[193.184s][info][gc,cpu         ] GC(825) User=0.00s Sys=0.00s Real=0.00s
[193.483s][info][gc,start       ] GC(826) Pause Young (Allocation Failure)
[193.486s][info][gc,heap        ] GC(826) PSYoungGen: 417280K(417280K)->1056K(408576K) Eden: 415744K(415744K)->0K(407040K) From: 1536K(1536K)->1056K(1536K)
[193.486s][info][gc,heap        ] GC(826) ParOldGen: 5674K(1398272K)->7083K(1398272K)
[193.486s][info][gc,metaspace   ] GC(826) Metaspace: 14370K(15296K)->14370K(15296K) NonClass: 12410K(12992K)->12410K(12992K) Class: 1959K(2304K)->1959K(2304K)
[193.486s][info][gc             ] GC(826) Pause Young (Allocation Failure) 413M->7M(1764M) 3.037ms
[193.486s][info][gc,cpu         ] GC(826) User=0.00s Sys=0.00s Real=0.00s
[193.758s][info][gc,start       ] GC(827) Pause Young (Allocation Failure)
[193.761s][info][gc,heap        ] GC(827) PSYoungGen: 408096K(408576K)->512K(398848K) Eden: 407040K(407040K)->0K(398336K) From: 1056K(1536K)->512K(512K)
[193.761s][info][gc,heap        ] GC(827) ParOldGen: 7083K(1398272K)->7275K(1398272K)
[193.761s][info][gc,metaspace   ] GC(827) Metaspace: 14370K(15296K)->14370K(15296K) NonClass: 12410K(12992K)->12410K(12992K) Class: 1959K(2304K)->1959K(2304K)
[193.761s][info][gc             ] GC(827) Pause Young (Allocation Failure) 405M->7M(1755M) 2.699ms
[193.761s][info][gc,cpu         ] GC(827) User=0.00s Sys=0.00s Real=0.00s
[194.030s][info][gc,start       ] GC(828) Pause Young (Allocation Failure)
[194.033s][info][gc,heap        ] GC(828) PSYoungGen: 398848K(398848K)->1056K(391680K) Eden: 398336K(398336K)->0K(390144K) From: 512K(512K)->1056K(1536K)
[194.033s][info][gc,heap        ] GC(828) ParOldGen: 7275K(1398272K)->7323K(1398272K)
[194.033s][info][gc,metaspace   ] GC(828) Metaspace: 14370K(15296K)->14370K(15296K) NonClass: 12410K(12992K)->12410K(12992K) Class: 1959K(2304K)->1959K(2304K)
[194.033s][info][gc             ] GC(828) Pause Young (Allocation Failure) 396M->8M(1748M) 2.732ms
[194.033s][info][gc,cpu         ] GC(828) User=0.00s Sys=0.00s Real=0.00s
[194.294s][info][gc,start       ] GC(829) Pause Young (Allocation Failure)
[194.297s][info][gc,heap        ] GC(829) PSYoungGen: 391200K(391680K)->1024K(382976K) Eden: 390144K(390144K)->0K(381952K) From: 1056K(1536K)->1024K(1024K)
[194.297s][info][gc,heap        ] GC(829) ParOldGen: 7323K(1398272K)->7451K(1398272K)
[194.297s][info][gc,metaspace   ] GC(829) Metaspace: 14370K(15296K)->14370K(15296K) NonClass: 12410K(12992K)->12410K(12992K) Class: 1959K(2304K)->1959K(2304K)
[194.297s][info][gc             ] GC(829) Pause Young (Allocation Failure) 389M->8M(1739M) 2.822ms
[194.297s][info][gc,cpu         ] GC(829) User=0.00s Sys=0.00s Real=0.00s
[194.556s][info][gc,start       ] GC(830) Pause Young (Allocation Failure)
[194.559s][info][gc,heap        ] GC(830) PSYoungGen: 382976K(382976K)->1024K(375296K) Eden: 381952K(381952K)->0K(374272K) From: 1024K(1024K)->1024K(1024K)
[194.559s][info][gc,heap        ] GC(830) ParOldGen: 7451K(1398272K)->7595K(1398272K)
[194.559s][info][gc,metaspace   ] GC(830) Metaspace: 14370K(15296K)->14370K(15296K) NonClass: 12410K(12992K)->12410K(12992K) Class: 1959K(2304K)->1959K(2304K)
[194.559s][info][gc             ] GC(830) Pause Young (Allocation Failure) 381M->8M(1732M) 2.866ms
[194.559s][info][gc,cpu         ] GC(830) User=0.00s Sys=0.00s Real=0.00s
[194.812s][info][gc,start       ] GC(831) Pause Young (Allocation Failure)
[194.814s][info][gc,heap        ] GC(831) PSYoungGen: 375296K(375296K)->992K(367616K) Eden: 374272K(374272K)->0K(366592K) From: 1024K(1024K)->992K(1024K)
[194.814s][info][gc,heap        ] GC(831) ParOldGen: 7595K(1398272K)->7691K(1398272K)
[194.814s][info][gc,metaspace   ] GC(831) Metaspace: 14370K(15296K)->14370K(15296K) NonClass: 12410K(12992K)->12410K(12992K) Class: 1959K(2304K)->1959K(2304K)
[194.814s][info][gc             ] GC(831) Pause Young (Allocation Failure) 373M->8M(1724M) 2.822ms
[194.814s][info][gc,cpu         ] GC(831) User=0.00s Sys=0.00s Real=0.00s
[195.063s][info][gc,start       ] GC(832) Pause Young (Allocation Failure)
[195.065s][info][gc,heap        ] GC(832) PSYoungGen: 367584K(367616K)->1024K(441344K) Eden: 366592K(366592K)->0K(440320K) From: 992K(1024K)->1024K(1024K)
[195.066s][info][gc,heap        ] GC(832) ParOldGen: 7691K(1398272K)->7771K(1398272K)
[195.066s][info][gc,metaspace   ] GC(832) Metaspace: 14370K(15296K)->14370K(15296K) NonClass: 12410K(12992K)->12410K(12992K) Class: 1959K(2304K)->1959K(2304K)
[195.066s][info][gc             ] GC(832) Pause Young (Allocation Failure) 366M->8M(1796M) 2.929ms
[195.066s][info][gc,cpu         ] GC(832) User=0.00s Sys=0.00s Real=0.00s
[195.365s][info][gc,start       ] GC(833) Pause Young (Allocation Failure)
[195.368s][info][gc,heap        ] GC(833) PSYoungGen: 441344K(441344K)->992K(431616K) Eden: 440320K(440320K)->0K(430592K) From: 1024K(1024K)->992K(1024K)
[195.368s][info][gc,heap        ] GC(833) ParOldGen: 7771K(1398272K)->7859K(1398272K)
[195.368s][info][gc,metaspace   ] GC(833) Metaspace: 14370K(15296K)->14370K(15296K) NonClass: 12410K(12992K)->12410K(12992K) Class: 1959K(2304K)->1959K(2304K)
[195.368s][info][gc             ] GC(833) Pause Young (Allocation Failure) 438M->8M(1787M) 3.037ms
[195.368s][info][gc,cpu         ] GC(833) User=0.00s Sys=0.00s Real=0.00s
[195.659s][info][gc,start       ] GC(834) Pause Young (Allocation Failure)
[195.662s][info][gc,heap        ] GC(834) PSYoungGen: 431584K(431616K)->1024K(422400K) Eden: 430592K(430592K)->0K(421376K) From: 992K(1024K)->1024K(1024K)
[195.662s][info][gc,heap        ] GC(834) ParOldGen: 7859K(1398272K)->7979K(1398272K)
[195.662s][info][gc,metaspace   ] GC(834) Metaspace: 14370K(15296K)->14370K(15296K) NonClass: 12410K(12992K)->12410K(12992K) Class: 1959K(2304K)->1959K(2304K)
[195.662s][info][gc             ] GC(834) Pause Young (Allocation Failure) 429M->8M(1778M) 3.081ms
[195.662s][info][gc,cpu         ] GC(834) User=0.52s Sys=0.00s Real=0.00s
[195.947s][info][gc,start       ] GC(835) Pause Young (Allocation Failure)
[195.950s][info][gc,heap        ] GC(835) PSYoungGen: 422400K(422400K)->1024K(413184K) Eden: 421376K(421376K)->0K(412160K) From: 1024K(1024K)->1024K(1024K)
[195.951s][info][gc,heap        ] GC(835) ParOldGen: 7979K(1398272K)->8099K(1398272K)
[195.951s][info][gc,metaspace   ] GC(835) Metaspace: 14370K(15296K)->14370K(15296K) NonClass: 12410K(12992K)->12410K(12992K) Class: 1959K(2304K)->1959K(2304K)
[195.951s][info][gc             ] GC(835) Pause Young (Allocation Failure) 420M->8M(1769M) 3.076ms
[195.951s][info][gc,cpu         ] GC(835) User=0.00s Sys=0.00s Real=0.00s
[196.242s][info][gc,start       ] GC(836) Pause Young (Allocation Failure)
[196.245s][info][gc,heap        ] GC(836) PSYoungGen: 413184K(413184K)->1056K(404992K) Eden: 412160K(412160K)->0K(403456K) From: 1024K(1024K)->1056K(1536K)
[196.245s][info][gc,heap        ] GC(836) ParOldGen: 8099K(1398272K)->8235K(1398272K)
[196.245s][info][gc,metaspace   ] GC(836) Metaspace: 14370K(15296K)->14370K(15296K) NonClass: 12410K(12992K)->12410K(12992K) Class: 1959K(2304K)->1959K(2304K)
[196.245s][info][gc             ] GC(836) Pause Young (Allocation Failure) 411M->9M(1761M) 2.816ms
[196.245s][info][gc,cpu         ] GC(836) User=0.00s Sys=0.00s Real=0.00s
[196.554s][info][gc,start       ] GC(837) Pause Young (Allocation Failure)
[196.556s][info][gc,heap        ] GC(837) PSYoungGen: 404512K(404992K)->1024K(395776K) Eden: 403456K(403456K)->0K(394752K) From: 1056K(1536K)->1024K(1024K)
[196.556s][info][gc,heap        ] GC(837) ParOldGen: 8235K(1398272K)->8363K(1398272K)
[196.556s][info][gc,metaspace   ] GC(837) Metaspace: 14370K(15296K)->14370K(15296K) NonClass: 12410K(12992K)->12410K(12992K) Class: 1959K(2304K)->1959K(2304K)
[196.556s][info][gc             ] GC(837) Pause Young (Allocation Failure) 403M->9M(1752M) 2.579ms
[196.556s][info][gc,cpu         ] GC(837) User=0.00s Sys=0.00s Real=0.00s
[196.821s][info][gc,start       ] GC(838) Pause Young (Allocation Failure)
[196.824s][info][gc,heap        ] GC(838) PSYoungGen: 395776K(395776K)->1024K(387584K) Eden: 394752K(394752K)->0K(386560K) From: 1024K(1024K)->1024K(1024K)
[196.824s][info][gc,heap        ] GC(838) ParOldGen: 8363K(1398272K)->8491K(1398272K)
[196.824s][info][gc,metaspace   ] GC(838) Metaspace: 14370K(15296K)->14370K(15296K) NonClass: 12410K(12992K)->12410K(12992K) Class: 1959K(2304K)->1959K(2304K)
[196.824s][info][gc             ] GC(838) Pause Young (Allocation Failure) 394M->9M(1744M) 2.585ms
[196.824s][info][gc,cpu         ] GC(838) User=0.00s Sys=0.00s Real=0.00s
[197.086s][info][gc,start       ] GC(839) Pause Young (Allocation Failure)
[197.089s][info][gc,heap        ] GC(839) PSYoungGen: 387584K(387584K)->1024K(379392K) Eden: 386560K(386560K)->0K(378368K) From: 1024K(1024K)->1024K(1024K)
[197.089s][info][gc,heap        ] GC(839) ParOldGen: 8491K(1398272K)->8619K(1398272K)
[197.089s][info][gc,metaspace   ] GC(839) Metaspace: 14370K(15296K)->14370K(15296K) NonClass: 12410K(12992K)->12410K(12992K) Class: 1959K(2304K)->1959K(2304K)
[197.089s][info][gc             ] GC(839) Pause Young (Allocation Failure) 386M->9M(1736M) 2.717ms
[197.089s][info][gc,cpu         ] GC(839) User=0.00s Sys=0.00s Real=0.00s
[197.344s][info][gc,start       ] GC(840) Pause Young (Allocation Failure)
[197.347s][info][gc,heap        ] GC(840) PSYoungGen: 379392K(379392K)->1024K(371712K) Eden: 378368K(378368K)->0K(370688K) From: 1024K(1024K)->1024K(1024K)
[197.347s][info][gc,heap        ] GC(840) ParOldGen: 8619K(1398272K)->8731K(1398272K)
[197.347s][info][gc,metaspace   ] GC(840) Metaspace: 14370K(15296K)->14370K(15296K) NonClass: 12410K(12992K)->12410K(12992K) Class: 1959K(2304K)->1959K(2304K)
[197.347s][info][gc             ] GC(840) Pause Young (Allocation Failure) 378M->9M(1728M) 2.726ms
[197.347s][info][gc,cpu         ] GC(840) User=0.00s Sys=0.00s Real=0.00s
[197.596s][info][gc,start       ] GC(841) Pause Young (Allocation Failure)
[197.598s][info][gc,heap        ] GC(841) PSYoungGen: 371712K(371712K)->1024K(364544K) Eden: 370688K(370688K)->0K(363520K) From: 1024K(1024K)->1024K(1024K)
[197.598s][info][gc,heap        ] GC(841) ParOldGen: 8731K(1398272K)->8835K(1398272K)
[197.598s][info][gc,metaspace   ] GC(841) Metaspace: 14370K(15296K)->14370K(15296K) NonClass: 12410K(12992K)->12410K(12992K) Class: 1959K(2304K)->1959K(2304K)
[197.598s][info][gc             ] GC(841) Pause Young (Allocation Failure) 371M->9M(1721M) 2.815ms
[197.599s][info][gc,cpu         ] GC(841) User=0.00s Sys=0.00s Real=0.00s
[197.843s][info][gc,start       ] GC(842) Pause Young (Allocation Failure)
[197.846s][info][gc,heap        ] GC(842) PSYoungGen: 364544K(364544K)->1056K(357888K) Eden: 363520K(363520K)->0K(356352K) From: 1024K(1024K)->1056K(1536K)
[197.846s][info][gc,heap        ] GC(842) ParOldGen: 8835K(1398272K)->8915K(1398272K)
[197.846s][info][gc,metaspace   ] GC(842) Metaspace: 14370K(15296K)->14370K(15296K) NonClass: 12410K(12992K)->12410K(12992K) Class: 1959K(2304K)->1959K(2304K)
[197.846s][info][gc             ] GC(842) Pause Young (Allocation Failure) 364M->9M(1715M) 2.875ms
[197.846s][info][gc,cpu         ] GC(842) User=0.00s Sys=0.00s Real=0.00s
[198.087s][info][gc,start       ] GC(843) Pause Young (Allocation Failure)
[198.090s][info][gc,heap        ] GC(843) PSYoungGen: 357408K(357888K)->992K(429056K) Eden: 356352K(356352K)->0K(428032K) From: 1056K(1536K)->992K(1024K)
[198.090s][info][gc,heap        ] GC(843) ParOldGen: 8915K(1398272K)->9019K(1398272K)
[198.090s][info][gc,metaspace   ] GC(843) Metaspace: 14370K(15296K)->14370K(15296K) NonClass: 12410K(12992K)->12410K(12992K) Class: 1959K(2304K)->1959K(2304K)
[198.090s][info][gc             ] GC(843) Pause Young (Allocation Failure) 357M->9M(1784M) 2.791ms
[198.090s][info][gc,cpu         ] GC(843) User=0.00s Sys=0.00s Real=0.00s
[198.379s][info][gc,start       ] GC(844) Pause Young (Allocation Failure)
[198.382s][info][gc,heap        ] GC(844) PSYoungGen: 429024K(429056K)->1024K(515072K) Eden: 428032K(428032K)->0K(514048K) From: 992K(1024K)->1024K(1024K)
[198.382s][info][gc,heap        ] GC(844) ParOldGen: 9019K(1398272K)->9107K(1398272K)
[198.382s][info][gc,metaspace   ] GC(844) Metaspace: 14370K(15296K)->14370K(15296K) NonClass: 12410K(12992K)->12410K(12992K) Class: 1959K(2304K)->1959K(2304K)
[198.382s][info][gc             ] GC(844) Pause Young (Allocation Failure) 427M->9M(1868M) 2.982ms
[198.382s][info][gc,cpu         ] GC(844) User=0.45s Sys=0.06s Real=0.00s
[198.729s][info][gc,start       ] GC(845) Pause Young (Allocation Failure)
[198.732s][info][gc,heap        ] GC(845) PSYoungGen: 515072K(515072K)->1024K(502784K) Eden: 514048K(514048K)->0K(501760K) From: 1024K(1024K)->1024K(1024K)
[198.732s][info][gc,heap        ] GC(845) ParOldGen: 9107K(1398272K)->9219K(1398272K)
[198.732s][info][gc,metaspace   ] GC(845) Metaspace: 14370K(15296K)->14370K(15296K) NonClass: 12410K(12992K)->12410K(12992K) Class: 1959K(2304K)->1959K(2304K)
[198.732s][info][gc             ] GC(845) Pause Young (Allocation Failure) 511M->10M(1856M) 3.122ms
[198.732s][info][gc,cpu         ] GC(845) User=0.00s Sys=0.00s Real=0.00s
[199.071s][info][gc,start       ] GC(846) Pause Young (Allocation Failure)
[199.074s][info][gc,heap        ] GC(846) PSYoungGen: 502784K(502784K)->1024K(491008K) Eden: 501760K(501760K)->0K(489984K) From: 1024K(1024K)->1024K(1024K)
[199.074s][info][gc,heap        ] GC(846) ParOldGen: 9219K(1398272K)->9315K(1398272K)
[199.074s][info][gc,metaspace   ] GC(846) Metaspace: 14370K(15296K)->14370K(15296K) NonClass: 12410K(12992K)->12410K(12992K) Class: 1959K(2304K)->1959K(2304K)
[199.074s][info][gc             ] GC(846) Pause Young (Allocation Failure) 500M->10M(1845M) 3.192ms
[199.074s][info][gc,cpu         ] GC(846) User=0.00s Sys=0.00s Real=0.00s
[199.404s][info][gc,start       ] GC(847) Pause Young (Allocation Failure)
[199.407s][info][gc,heap        ] GC(847) PSYoungGen: 491008K(491008K)->1024K(479232K) Eden: 489984K(489984K)->0K(478208K) From: 1024K(1024K)->1024K(1024K)
[199.407s][info][gc,heap        ] GC(847) ParOldGen: 9315K(1398272K)->9451K(1398272K)
[199.407s][info][gc,metaspace   ] GC(847) Metaspace: 14370K(15296K)->14370K(15296K) NonClass: 12410K(12992K)->12410K(12992K) Class: 1959K(2304K)->1959K(2304K)
[199.407s][info][gc             ] GC(847) Pause Young (Allocation Failure) 488M->10M(1833M) 3.129ms
[199.407s][info][gc,cpu         ] GC(847) User=0.00s Sys=0.00s Real=0.00s
[199.760s][info][gc,start       ] GC(848) Pause Young (Allocation Failure)
[199.763s][info][gc,heap        ] GC(848) PSYoungGen: 479232K(479232K)->1024K(467968K) Eden: 478208K(478208K)->0K(466944K) From: 1024K(1024K)->1024K(1024K)
[199.763s][info][gc,heap        ] GC(848) ParOldGen: 9451K(1398272K)->9563K(1398272K)
[199.763s][info][gc,metaspace   ] GC(848) Metaspace: 14370K(15296K)->14370K(15296K) NonClass: 12410K(12992K)->12410K(12992K) Class: 1959K(2304K)->1959K(2304K)
[199.763s][info][gc             ] GC(848) Pause Young (Allocation Failure) 477M->10M(1822M) 3.748ms
[199.763s][info][gc,cpu         ] GC(848) User=0.00s Sys=0.00s Real=0.00s
[200.096s][info][gc,start       ] GC(849) Pause Young (Allocation Failure)
[200.099s][info][gc,heap        ] GC(849) PSYoungGen: 467968K(467968K)->1024K(457216K) Eden: 466944K(466944K)->0K(456192K) From: 1024K(1024K)->1024K(1024K)
[200.099s][info][gc,heap        ] GC(849) ParOldGen: 9563K(1398272K)->9675K(1398272K)
[200.099s][info][gc,metaspace   ] GC(849) Metaspace: 14370K(15296K)->14370K(15296K) NonClass: 12410K(12992K)->12410K(12992K) Class: 1959K(2304K)->1959K(2304K)
[200.099s][info][gc             ] GC(849) Pause Young (Allocation Failure) 466M->10M(1812M) 2.869ms
[200.099s][info][gc,cpu         ] GC(849) User=0.52s Sys=0.00s Real=0.00s
[200.439s][info][gc,start       ] GC(850) Pause Young (Allocation Failure)
[200.442s][info][gc,heap        ] GC(850) PSYoungGen: 457216K(457216K)->1024K(446976K) Eden: 456192K(456192K)->0K(445952K) From: 1024K(1024K)->1024K(1024K)
[200.442s][info][gc,heap        ] GC(850) ParOldGen: 9675K(1398272K)->9787K(1398272K)
[200.442s][info][gc,metaspace   ] GC(850) Metaspace: 14370K(15296K)->14370K(15296K) NonClass: 12410K(12992K)->12410K(12992K) Class: 1959K(2304K)->1959K(2304K)
[200.442s][info][gc             ] GC(850) Pause Young (Allocation Failure) 455M->10M(1802M) 2.686ms
[200.442s][info][gc,cpu         ] GC(850) User=0.00s Sys=0.00s Real=0.00s
[200.742s][info][gc,start       ] GC(851) Pause Young (Allocation Failure)
[200.745s][info][gc,heap        ] GC(851) PSYoungGen: 446976K(446976K)->1024K(436736K) Eden: 445952K(445952K)->0K(435712K) From: 1024K(1024K)->1024K(1024K)
[200.745s][info][gc,heap        ] GC(851) ParOldGen: 9787K(1398272K)->9915K(1398272K)
[200.745s][info][gc,metaspace   ] GC(851) Metaspace: 14370K(15296K)->14370K(15296K) NonClass: 12410K(12992K)->12410K(12992K) Class: 1959K(2304K)->1959K(2304K)
[200.745s][info][gc             ] GC(851) Pause Young (Allocation Failure) 446M->10M(1792M) 2.749ms
[200.745s][info][gc,cpu         ] GC(851) User=0.00s Sys=0.00s Real=0.00s
[201.038s][info][gc,start       ] GC(852) Pause Young (Allocation Failure)
[201.060s][info][gc,heap        ] GC(852) PSYoungGen: 436736K(436736K)->1024K(427008K) Eden: 435712K(435712K)->0K(425984K) From: 1024K(1024K)->1024K(1024K)
[201.060s][info][gc,heap        ] GC(852) ParOldGen: 9915K(1398272K)->10003K(1398272K)
[201.060s][info][gc,metaspace   ] GC(852) Metaspace: 14370K(15296K)->14370K(15296K) NonClass: 12410K(12992K)->12410K(12992K) Class: 1959K(2304K)->1959K(2304K)
[201.060s][info][gc             ] GC(852) Pause Young (Allocation Failure) 436M->10M(1782M) 21.961ms
[201.060s][info][gc,cpu         ] GC(852) User=0.00s Sys=0.00s Real=0.02s
[201.352s][info][gc,start       ] GC(853) Pause Young (Allocation Failure)
[201.355s][info][gc,heap        ] GC(853) PSYoungGen: 427008K(427008K)->1024K(417792K) Eden: 425984K(425984K)->0K(416768K) From: 1024K(1024K)->1024K(1024K)
[201.355s][info][gc,heap        ] GC(853) ParOldGen: 10003K(1398272K)->10099K(1398272K)
[201.355s][info][gc,metaspace   ] GC(853) Metaspace: 14370K(15296K)->14370K(15296K) NonClass: 12410K(12992K)->12410K(12992K) Class: 1959K(2304K)->1959K(2304K)
[201.355s][info][gc             ] GC(853) Pause Young (Allocation Failure) 426M->10M(1773M) 2.890ms
[201.355s][info][gc,cpu         ] GC(853) User=0.00s Sys=0.00s Real=0.00s
[201.636s][info][gc,start       ] GC(854) Pause Young (Allocation Failure)
[201.639s][info][gc,heap        ] GC(854) PSYoungGen: 417792K(417792K)->1024K(408576K) Eden: 416768K(416768K)->0K(407552K) From: 1024K(1024K)->1024K(1024K)
[201.639s][info][gc,heap        ] GC(854) ParOldGen: 10099K(1398272K)->10187K(1398272K)
[201.639s][info][gc,metaspace   ] GC(854) Metaspace: 14370K(15296K)->14370K(15296K) NonClass: 12410K(12992K)->12410K(12992K) Class: 1959K(2304K)->1959K(2304K)
[201.639s][info][gc             ] GC(854) Pause Young (Allocation Failure) 417M->10M(1764M) 2.929ms
[201.639s][info][gc,cpu         ] GC(854) User=0.00s Sys=0.00s Real=0.00s
[201.914s][info][gc,start       ] GC(855) Pause Young (Allocation Failure)
[201.917s][info][gc,heap        ] GC(855) PSYoungGen: 408576K(408576K)->1024K(399872K) Eden: 407552K(407552K)->0K(398848K) From: 1024K(1024K)->1024K(1024K)
[201.917s][info][gc,heap        ] GC(855) ParOldGen: 10187K(1398272K)->10323K(1398272K)
[201.917s][info][gc,metaspace   ] GC(855) Metaspace: 14370K(15296K)->14370K(15296K) NonClass: 12410K(12992K)->12410K(12992K) Class: 1959K(2304K)->1959K(2304K)
[201.917s][info][gc             ] GC(855) Pause Young (Allocation Failure) 408M->11M(1756M) 2.940ms
[201.917s][info][gc,cpu         ] GC(855) User=0.00s Sys=0.00s Real=0.00s
[202.187s][info][gc,start       ] GC(856) Pause Young (Allocation Failure)
[202.190s][info][gc,heap        ] GC(856) PSYoungGen: 399872K(399872K)->1024K(391680K) Eden: 398848K(398848K)->0K(390656K) From: 1024K(1024K)->1024K(1024K)
[202.190s][info][gc,heap        ] GC(856) ParOldGen: 10323K(1398272K)->10411K(1398272K)
[202.190s][info][gc,metaspace   ] GC(856) Metaspace: 14370K(15296K)->14370K(15296K) NonClass: 12410K(12992K)->12410K(12992K) Class: 1959K(2304K)->1959K(2304K)
[202.190s][info][gc             ] GC(856) Pause Young (Allocation Failure) 400M->11M(1748M) 3.021ms
[202.190s][info][gc,cpu         ] GC(856) User=0.00s Sys=0.00s Real=0.00s
[202.594s][info][gc,start       ] GC(857) Pause Young (Allocation Failure)
[202.598s][info][gc,heap        ] GC(857) PSYoungGen: 391680K(391680K)->1024K(383488K) Eden: 390656K(390656K)->0K(382464K) From: 1024K(1024K)->1024K(1024K)
[202.598s][info][gc,heap        ] GC(857) ParOldGen: 10411K(1398272K)->10507K(1398272K)
[202.598s][info][gc,metaspace   ] GC(857) Metaspace: 14370K(15296K)->14370K(15296K) NonClass: 12410K(12992K)->12410K(12992K) Class: 1959K(2304K)->1959K(2304K)
[202.598s][info][gc             ] GC(857) Pause Young (Allocation Failure) 392M->11M(1740M) 3.984ms
[202.598s][info][gc,cpu         ] GC(857) User=0.00s Sys=0.00s Real=0.00s
[202.874s][info][gc,start       ] GC(858) Pause Young (Allocation Failure)
[202.877s][info][gc,heap        ] GC(858) PSYoungGen: 383488K(383488K)->1024K(375808K) Eden: 382464K(382464K)->0K(374784K) From: 1024K(1024K)->1024K(1024K)
[202.877s][info][gc,heap        ] GC(858) ParOldGen: 10507K(1398272K)->10595K(1398272K)
[202.877s][info][gc,metaspace   ] GC(858) Metaspace: 14370K(15296K)->14370K(15296K) NonClass: 12410K(12992K)->12410K(12992K) Class: 1959K(2304K)->1959K(2304K)
[202.877s][info][gc             ] GC(858) Pause Young (Allocation Failure) 384M->11M(1732M) 2.783ms
[202.877s][info][gc,cpu         ] GC(858) User=0.00s Sys=0.00s Real=0.00s
[203.165s][info][gc,start       ] GC(859) Pause Young (Allocation Failure)
[203.168s][info][gc,heap        ] GC(859) PSYoungGen: 375808K(375808K)->1024K(368128K) Eden: 374784K(374784K)->0K(367104K) From: 1024K(1024K)->1024K(1024K)
[203.168s][info][gc,heap        ] GC(859) ParOldGen: 10595K(1398272K)->10727K(1398272K)
[203.168s][info][gc,metaspace   ] GC(859) Metaspace: 14370K(15296K)->14370K(15296K) NonClass: 12410K(12992K)->12410K(12992K) Class: 1959K(2304K)->1959K(2304K)
[203.168s][info][gc             ] GC(859) Pause Young (Allocation Failure) 377M->11M(1725M) 2.559ms
[203.168s][info][gc,cpu         ] GC(859) User=0.00s Sys=0.00s Real=0.00s
[203.413s][info][gc,start       ] GC(860) Pause Young (Allocation Failure)
[203.416s][info][gc,heap        ] GC(860) PSYoungGen: 368128K(368128K)->1024K(360960K) Eden: 367104K(367104K)->0K(359936K) From: 1024K(1024K)->1024K(1024K)
[203.416s][info][gc,heap        ] GC(860) ParOldGen: 10727K(1398272K)->10831K(1398272K)
[203.416s][info][gc,metaspace   ] GC(860) Metaspace: 14370K(15296K)->14370K(15296K) NonClass: 12410K(12992K)->12410K(12992K) Class: 1959K(2304K)->1959K(2304K)
[203.416s][info][gc             ] GC(860) Pause Young (Allocation Failure) 369M->11M(1718M) 2.593ms
[203.416s][info][gc,cpu         ] GC(860) User=0.00s Sys=0.00s Real=0.00s
[203.656s][info][gc,start       ] GC(861) Pause Young (Allocation Failure)
[203.659s][info][gc,heap        ] GC(861) PSYoungGen: 360960K(360960K)->992K(353792K) Eden: 359936K(359936K)->0K(352768K) From: 1024K(1024K)->992K(1024K)
[203.659s][info][gc,heap        ] GC(861) ParOldGen: 10831K(1398272K)->10935K(1398272K)
[203.659s][info][gc,metaspace   ] GC(861) Metaspace: 14370K(15296K)->14370K(15296K) NonClass: 12410K(12992K)->12410K(12992K) Class: 1959K(2304K)->1959K(2304K)
[203.659s][info][gc             ] GC(861) Pause Young (Allocation Failure) 363M->11M(1711M) 2.587ms
[203.659s][info][gc,cpu         ] GC(861) User=0.00s Sys=0.00s Real=0.00s
[203.895s][info][gc,start       ] GC(862) Pause Young (Allocation Failure)
[203.898s][info][gc,heap        ] GC(862) PSYoungGen: 353760K(353792K)->1024K(347136K) Eden: 352768K(352768K)->0K(346112K) From: 992K(1024K)->1024K(1024K)
[203.898s][info][gc,heap        ] GC(862) ParOldGen: 10935K(1398272K)->11047K(1398272K)
[203.898s][info][gc,metaspace   ] GC(862) Metaspace: 14370K(15296K)->14370K(15296K) NonClass: 12410K(12992K)->12410K(12992K) Class: 1959K(2304K)->1959K(2304K)
[203.898s][info][gc             ] GC(862) Pause Young (Allocation Failure) 356M->11M(1704M) 2.653ms
[203.898s][info][gc,cpu         ] GC(862) User=0.00s Sys=0.00s Real=0.00s
[204.131s][info][gc,start       ] GC(863) Pause Young (Allocation Failure)
[204.133s][info][gc,heap        ] GC(863) PSYoungGen: 347136K(347136K)->1024K(340480K) Eden: 346112K(346112K)->0K(339456K) From: 1024K(1024K)->1024K(1024K)
[204.133s][info][gc,heap        ] GC(863) ParOldGen: 11047K(1398272K)->11143K(1398272K)
[204.133s][info][gc,metaspace   ] GC(863) Metaspace: 14370K(15296K)->14370K(15296K) NonClass: 12410K(12992K)->12410K(12992K) Class: 1959K(2304K)->1959K(2304K)
[204.133s][info][gc             ] GC(863) Pause Young (Allocation Failure) 349M->11M(1698M) 2.692ms
[204.133s][info][gc,cpu         ] GC(863) User=0.00s Sys=0.00s Real=0.00s
[204.357s][info][gc,start       ] GC(864) Pause Young (Allocation Failure)
[204.360s][info][gc,heap        ] GC(864) PSYoungGen: 340480K(340480K)->1024K(408576K) Eden: 339456K(339456K)->0K(407552K) From: 1024K(1024K)->1024K(1024K)
[204.360s][info][gc,heap        ] GC(864) ParOldGen: 11143K(1398272K)->11215K(1398272K)
[204.360s][info][gc,metaspace   ] GC(864) Metaspace: 14370K(15296K)->14370K(15296K) NonClass: 12410K(12992K)->12410K(12992K) Class: 1959K(2304K)->1959K(2304K)
[204.360s][info][gc             ] GC(864) Pause Young (Allocation Failure) 343M->11M(1764M) 2.739ms
[204.360s][info][gc,cpu         ] GC(864) User=0.00s Sys=0.00s Real=0.00s
[204.631s][info][gc,start       ] GC(865) Pause Young (Allocation Failure)
[204.633s][info][gc,heap        ] GC(865) PSYoungGen: 408576K(408576K)->992K(490496K) Eden: 407552K(407552K)->0K(489472K) From: 1024K(1024K)->992K(1024K)
[204.633s][info][gc,heap        ] GC(865) ParOldGen: 11215K(1398272K)->11335K(1398272K)
[204.633s][info][gc,metaspace   ] GC(865) Metaspace: 14370K(15296K)->14370K(15296K) NonClass: 12410K(12992K)->12410K(12992K) Class: 1959K(2304K)->1959K(2304K)
[204.633s][info][gc             ] GC(865) Pause Young (Allocation Failure) 409M->12M(1844M) 2.925ms
[204.633s][info][gc,cpu         ] GC(865) User=0.00s Sys=0.00s Real=0.00s
[204.951s][info][gc,start       ] GC(866) Pause Young (Allocation Failure)
[204.954s][info][gc,heap        ] GC(866) PSYoungGen: 490464K(490496K)->1024K(478720K) Eden: 489472K(489472K)->0K(477696K) From: 992K(1024K)->1024K(1024K)
[204.954s][info][gc,heap        ] GC(866) ParOldGen: 11335K(1398272K)->11439K(1398272K)
[204.954s][info][gc,metaspace   ] GC(866) Metaspace: 14370K(15296K)->14370K(15296K) NonClass: 12410K(12992K)->12410K(12992K) Class: 1959K(2304K)->1959K(2304K)
[204.954s][info][gc             ] GC(866) Pause Young (Allocation Failure) 490M->12M(1833M) 3.058ms
[204.954s][info][gc,cpu         ] GC(866) User=0.00s Sys=0.00s Real=0.00s
[205.196s][info][gc,start       ] GC(867) Pause Young (Allocation Failure)
[205.212s][info][gc,heap        ] GC(867) PSYoungGen: 478720K(478720K)->704K(553984K) Eden: 477696K(477696K)->0K(552448K) From: 1024K(1024K)->704K(1536K)
[205.212s][info][gc,heap        ] GC(867) ParOldGen: 11439K(1398272K)->11551K(1398272K)
[205.212s][info][gc,metaspace   ] GC(867) Metaspace: 14370K(15296K)->14370K(15296K) NonClass: 12410K(12992K)->12410K(12992K) Class: 1959K(2304K)->1959K(2304K)
[205.212s][info][gc             ] GC(867) Pause Young (Allocation Failure) 478M->11M(1906M) 16.528ms
[205.212s][info][gc,cpu         ] GC(867) User=0.00s Sys=0.00s Real=0.02s
[205.506s][info][gc,start       ] GC(868) Pause Young (System.gc())
[205.509s][info][gc,heap        ] GC(868) PSYoungGen: 329882K(553984K)->480K(553984K) Eden: 329178K(552448K)->0K(552448K) From: 704K(1536K)->480K(1536K)
[205.509s][info][gc,heap        ] GC(868) ParOldGen: 11551K(1398272K)->11631K(1398272K)
[205.509s][info][gc,metaspace   ] GC(868) Metaspace: 14370K(15296K)->14370K(15296K) NonClass: 12410K(12992K)->12410K(12992K) Class: 1959K(2304K)->1959K(2304K)
[205.509s][info][gc             ] GC(868) Pause Young (System.gc()) 333M->11M(1906M) 3.512ms
[205.509s][info][gc,cpu         ] GC(868) User=0.00s Sys=0.00s Real=0.00s
[205.509s][info][gc,start       ] GC(869) Pause Full (System.gc())
[205.509s][info][gc,phases,start] GC(869) Marking Phase
[205.524s][info][gc,phases      ] GC(869) Marking Phase 15.035ms
[205.525s][info][gc,phases,start] GC(869) Summary Phase
[205.525s][info][gc,phases      ] GC(869) Summary Phase 0.024ms
[205.525s][info][gc,phases,start] GC(869) Adjust Roots
[205.531s][info][gc,phases      ] GC(869) Adjust Roots 6.667ms
[205.531s][info][gc,phases,start] GC(869) Compaction Phase
[205.533s][info][gc,phases      ] GC(869) Compaction Phase 1.983ms
[205.533s][info][gc,phases,start] GC(869) Post Compact
[205.534s][info][gc,phases      ] GC(869) Post Compact 0.589ms
[205.534s][info][gc,heap        ] GC(869) PSYoungGen: 480K(553984K)->0K(553984K) Eden: 0K(552448K)->0K(552448K) From: 480K(1536K)->0K(1536K)
[205.534s][info][gc,heap        ] GC(869) ParOldGen: 11631K(1398272K)->5374K(1398272K)
[205.534s][info][gc,metaspace   ] GC(869) Metaspace: 14370K(15296K)->14370K(15296K) NonClass: 12410K(12992K)->12410K(12992K) Class: 1959K(2304K)->1959K(2304K)
[205.534s][info][gc             ] GC(869) Pause Full (System.gc()) 11M->5M(1906M) 24.640ms
[205.534s][info][gc,cpu         ] GC(869) User=0.02s Sys=0.00s Real=0.01s
[205.980s][info][gc,start       ] GC(870) Pause Young (Allocation Failure)
[205.984s][info][gc,heap        ] GC(870) PSYoungGen: 552448K(553984K)->1536K(540160K) Eden: 552448K(552448K)->0K(538624K) From: 0K(1536K)->1536K(1536K)
[205.984s][info][gc,heap        ] GC(870) ParOldGen: 5374K(1398272K)->5795K(1398272K)
[205.984s][info][gc,metaspace   ] GC(870) Metaspace: 14370K(15296K)->14370K(15296K) NonClass: 12410K(12992K)->12410K(12992K) Class: 1959K(2304K)->1959K(2304K)
[205.984s][info][gc             ] GC(870) Pause Young (Allocation Failure) 544M->7M(1893M) 4.242ms
[205.984s][info][gc,cpu         ] GC(870) User=0.00s Sys=0.00s Real=0.00s
[206.458s][info][gc,start       ] GC(871) Pause Young (Allocation Failure)
[206.462s][info][gc,heap        ] GC(871) PSYoungGen: 540160K(540160K)->1056K(526848K) Eden: 538624K(538624K)->0K(525312K) From: 1536K(1536K)->1056K(1536K)
[206.462s][info][gc,heap        ] GC(871) ParOldGen: 5795K(1398272K)->7085K(1398272K)
[206.462s][info][gc,metaspace   ] GC(871) Metaspace: 14370K(15296K)->14370K(15296K) NonClass: 12410K(12992K)->12410K(12992K) Class: 1959K(2304K)->1959K(2304K)
[206.462s][info][gc             ] GC(871) Pause Young (Allocation Failure) 533M->7M(1880M) 4.622ms
[206.462s][info][gc,cpu         ] GC(871) User=0.00s Sys=0.00s Real=0.00s
[206.846s][info][gc,start       ] GC(872) Pause Young (Allocation Failure)
[206.848s][info][gc,heap        ] GC(872) PSYoungGen: 526368K(526848K)->512K(513024K) Eden: 525312K(525312K)->0K(512512K) From: 1056K(1536K)->512K(512K)
[206.848s][info][gc,heap        ] GC(872) ParOldGen: 7085K(1398272K)->7309K(1398272K)
[206.848s][info][gc,metaspace   ] GC(872) Metaspace: 14370K(15296K)->14370K(15296K) NonClass: 12410K(12992K)->12410K(12992K) Class: 1959K(2304K)->1959K(2304K)
[206.848s][info][gc             ] GC(872) Pause Young (Allocation Failure) 520M->7M(1866M) 2.899ms
[206.848s][info][gc,cpu         ] GC(872) User=0.00s Sys=0.00s Real=0.00s
[207.199s][info][gc,start       ] GC(873) Pause Young (Allocation Failure)
[207.201s][info][gc,heap        ] GC(873) PSYoungGen: 513024K(513024K)->1056K(501760K) Eden: 512512K(512512K)->0K(500224K) From: 512K(512K)->1056K(1536K)
[207.202s][info][gc,heap        ] GC(873) ParOldGen: 7309K(1398272K)->7373K(1398272K)
[207.202s][info][gc,metaspace   ] GC(873) Metaspace: 14370K(15296K)->14370K(15296K) NonClass: 12410K(12992K)->12410K(12992K) Class: 1959K(2304K)->1959K(2304K)
[207.202s][info][gc             ] GC(873) Pause Young (Allocation Failure) 508M->8M(1855M) 2.912ms
[207.202s][info][gc,cpu         ] GC(873) User=0.00s Sys=0.00s Real=0.00s
[207.570s][info][gc,start       ] GC(874) Pause Young (Allocation Failure)
[207.573s][info][gc,heap        ] GC(874) PSYoungGen: 501280K(501760K)->1024K(489472K) Eden: 500224K(500224K)->0K(488448K) From: 1056K(1536K)->1024K(1024K)
[207.573s][info][gc,heap        ] GC(874) ParOldGen: 7373K(1398272K)->7533K(1398272K)
[207.573s][info][gc,metaspace   ] GC(874) Metaspace: 14370K(15296K)->14370K(15296K) NonClass: 12410K(12992K)->12410K(12992K) Class: 1959K(2304K)->1959K(2304K)
[207.573s][info][gc             ] GC(874) Pause Young (Allocation Failure) 496M->8M(1843M) 2.845ms
[207.573s][info][gc,cpu         ] GC(874) User=0.00s Sys=0.00s Real=0.00s
[207.906s][info][gc,start       ] GC(875) Pause Young (Allocation Failure)
[207.909s][info][gc,heap        ] GC(875) PSYoungGen: 489472K(489472K)->1024K(478208K) Eden: 488448K(488448K)->0K(477184K) From: 1024K(1024K)->1024K(1024K)
[207.909s][info][gc,heap        ] GC(875) ParOldGen: 7533K(1398272K)->7637K(1398272K)
[207.909s][info][gc,metaspace   ] GC(875) Metaspace: 14370K(15296K)->14370K(15296K) NonClass: 12410K(12992K)->12410K(12992K) Class: 1959K(2304K)->1959K(2304K)
[207.909s][info][gc             ] GC(875) Pause Young (Allocation Failure) 485M->8M(1832M) 2.903ms
[207.909s][info][gc,cpu         ] GC(875) User=0.00s Sys=0.00s Real=0.00s
[208.237s][info][gc,start       ] GC(876) Pause Young (Allocation Failure)
[208.240s][info][gc,heap        ] GC(876) PSYoungGen: 478208K(478208K)->992K(466944K) Eden: 477184K(477184K)->0K(465920K) From: 1024K(1024K)->992K(1024K)
[208.240s][info][gc,heap        ] GC(876) ParOldGen: 7637K(1398272K)->7773K(1398272K)
[208.240s][info][gc,metaspace   ] GC(876) Metaspace: 14370K(15296K)->14370K(15296K) NonClass: 12410K(12992K)->12410K(12992K) Class: 1959K(2304K)->1959K(2304K)
[208.240s][info][gc             ] GC(876) Pause Young (Allocation Failure) 474M->8M(1821M) 2.968ms
[208.240s][info][gc,cpu         ] GC(876) User=0.52s Sys=0.00s Real=0.00s
[208.561s][info][gc,start       ] GC(877) Pause Young (Allocation Failure)
[208.564s][info][gc,heap        ] GC(877) PSYoungGen: 466912K(466944K)->1056K(456704K) Eden: 465920K(465920K)->0K(455168K) From: 992K(1024K)->1056K(1536K)
[208.564s][info][gc,heap        ] GC(877) ParOldGen: 7773K(1398272K)->7893K(1398272K)
[208.564s][info][gc,metaspace   ] GC(877) Metaspace: 14370K(15296K)->14370K(15296K) NonClass: 12410K(12992K)->12410K(12992K) Class: 1959K(2304K)->1959K(2304K)
[208.564s][info][gc             ] GC(877) Pause Young (Allocation Failure) 463M->8M(1811M) 3.016ms
[208.564s][info][gc,cpu         ] GC(877) User=0.00s Sys=0.00s Real=0.00s
[208.877s][info][gc,start       ] GC(878) Pause Young (Allocation Failure)
[208.880s][info][gc,heap        ] GC(878) PSYoungGen: 456224K(456704K)->1024K(445952K) Eden: 455168K(455168K)->0K(444928K) From: 1056K(1536K)->1024K(1024K)
[208.880s][info][gc,heap        ] GC(878) ParOldGen: 7893K(1398272K)->8021K(1398272K)
[208.880s][info][gc,metaspace   ] GC(878) Metaspace: 14370K(15296K)->14370K(15296K) NonClass: 12410K(12992K)->12410K(12992K) Class: 1959K(2304K)->1959K(2304K)
[208.880s][info][gc             ] GC(878) Pause Young (Allocation Failure) 453M->8M(1801M) 2.998ms
[208.880s][info][gc,cpu         ] GC(878) User=0.52s Sys=0.00s Real=0.00s
[209.185s][info][gc,start       ] GC(879) Pause Young (Allocation Failure)
[209.188s][info][gc,heap        ] GC(879) PSYoungGen: 445952K(445952K)->1024K(436224K) Eden: 444928K(444928K)->0K(435200K) From: 1024K(1024K)->1024K(1024K)
[209.188s][info][gc,heap        ] GC(879) ParOldGen: 8021K(1398272K)->8117K(1398272K)
[209.188s][info][gc,metaspace   ] GC(879) Metaspace: 14370K(15296K)->14370K(15296K) NonClass: 12410K(12992K)->12410K(12992K) Class: 1959K(2304K)->1959K(2304K)
[209.188s][info][gc             ] GC(879) Pause Young (Allocation Failure) 443M->8M(1791M) 3.072ms
[209.188s][info][gc,cpu         ] GC(879) User=0.00s Sys=0.00s Real=0.00s
[209.485s][info][gc,start       ] GC(880) Pause Young (Allocation Failure)
[209.488s][info][gc,heap        ] GC(880) PSYoungGen: 436224K(436224K)->1024K(426496K) Eden: 435200K(435200K)->0K(425472K) From: 1024K(1024K)->1024K(1024K)
[209.488s][info][gc,heap        ] GC(880) ParOldGen: 8117K(1398272K)->8229K(1398272K)
[209.488s][info][gc,metaspace   ] GC(880) Metaspace: 14370K(15296K)->14370K(15296K) NonClass: 12410K(12992K)->12410K(12992K) Class: 1959K(2304K)->1959K(2304K)
[209.488s][info][gc             ] GC(880) Pause Young (Allocation Failure) 433M->9M(1782M) 3.099ms
[209.488s][info][gc,cpu         ] GC(880) User=0.00s Sys=0.00s Real=0.00s
[209.778s][info][gc,start       ] GC(881) Pause Young (Allocation Failure)
[209.782s][info][gc,heap        ] GC(881) PSYoungGen: 426496K(426496K)->1056K(417792K) Eden: 425472K(425472K)->0K(416256K) From: 1024K(1024K)->1056K(1536K)
[209.782s][info][gc,heap        ] GC(881) ParOldGen: 8229K(1398272K)->8341K(1398272K)
[209.782s][info][gc,metaspace   ] GC(881) Metaspace: 14370K(15296K)->14370K(15296K) NonClass: 12410K(12992K)->12410K(12992K) Class: 1959K(2304K)->1959K(2304K)
[209.782s][info][gc             ] GC(881) Pause Young (Allocation Failure) 424M->9M(1773M) 3.169ms
[209.782s][info][gc,cpu         ] GC(881) User=0.00s Sys=0.00s Real=0.00s
[210.061s][info][gc,start       ] GC(882) Pause Young (Allocation Failure)
[210.064s][info][gc,heap        ] GC(882) PSYoungGen: 417312K(417792K)->1024K(408576K) Eden: 416256K(416256K)->0K(407552K) From: 1056K(1536K)->1024K(1024K)
[210.064s][info][gc,heap        ] GC(882) ParOldGen: 8341K(1398272K)->8445K(1398272K)
[210.064s][info][gc,metaspace   ] GC(882) Metaspace: 14370K(15296K)->14370K(15296K) NonClass: 12410K(12992K)->12410K(12992K) Class: 1959K(2304K)->1959K(2304K)
[210.064s][info][gc             ] GC(882) Pause Young (Allocation Failure) 415M->9M(1764M) 3.145ms
[210.064s][info][gc,cpu         ] GC(882) User=0.00s Sys=0.00s Real=0.00s
[210.350s][info][gc,start       ] GC(883) Pause Young (Allocation Failure)
[210.353s][info][gc,heap        ] GC(883) PSYoungGen: 408576K(408576K)->1024K(399872K) Eden: 407552K(407552K)->0K(398848K) From: 1024K(1024K)->1024K(1024K)
[210.353s][info][gc,heap        ] GC(883) ParOldGen: 8445K(1398272K)->8557K(1398272K)
[210.353s][info][gc,metaspace   ] GC(883) Metaspace: 14370K(15296K)->14370K(15296K) NonClass: 12410K(12992K)->12410K(12992K) Class: 1959K(2304K)->1959K(2304K)
[210.353s][info][gc             ] GC(883) Pause Young (Allocation Failure) 407M->9M(1756M) 3.279ms
[210.353s][info][gc,cpu         ] GC(883) User=0.00s Sys=0.00s Real=0.00s
[210.641s][info][gc,start       ] GC(884) Pause Young (Allocation Failure)
[210.643s][info][gc,heap        ] GC(884) PSYoungGen: 399872K(399872K)->1024K(391680K) Eden: 398848K(398848K)->0K(390656K) From: 1024K(1024K)->1024K(1024K)
[210.644s][info][gc,heap        ] GC(884) ParOldGen: 8557K(1398272K)->8669K(1398272K)
[210.644s][info][gc,metaspace   ] GC(884) Metaspace: 14370K(15296K)->14370K(15296K) NonClass: 12410K(12992K)->12410K(12992K) Class: 1959K(2304K)->1959K(2304K)
[210.644s][info][gc             ] GC(884) Pause Young (Allocation Failure) 398M->9M(1748M) 2.905ms
[210.644s][info][gc,cpu         ] GC(884) User=0.00s Sys=0.00s Real=0.00s
[210.946s][info][gc,start       ] GC(885) Pause Young (Allocation Failure)
[210.948s][info][gc,heap        ] GC(885) PSYoungGen: 391680K(391680K)->1056K(384000K) Eden: 390656K(390656K)->0K(382464K) From: 1024K(1024K)->1056K(1536K)
[210.948s][info][gc,heap        ] GC(885) ParOldGen: 8669K(1398272K)->8781K(1398272K)
[210.948s][info][gc,metaspace   ] GC(885) Metaspace: 14370K(15296K)->14370K(15296K) NonClass: 12410K(12992K)->12410K(12992K) Class: 1959K(2304K)->1959K(2304K)
[210.948s][info][gc             ] GC(885) Pause Young (Allocation Failure) 390M->9M(1740M) 2.714ms
[210.948s][info][gc,cpu         ] GC(885) User=0.00s Sys=0.00s Real=0.00s
[211.207s][info][gc,start       ] GC(886) Pause Young (Allocation Failure)
[211.210s][info][gc,heap        ] GC(886) PSYoungGen: 383520K(384000K)->1024K(375808K) Eden: 382464K(382464K)->0K(374784K) From: 1056K(1536K)->1024K(1024K)
[211.210s][info][gc,heap        ] GC(886) ParOldGen: 8781K(1398272K)->8901K(1398272K)
[211.210s][info][gc,metaspace   ] GC(886) Metaspace: 14370K(15296K)->14370K(15296K) NonClass: 12410K(12992K)->12410K(12992K) Class: 1959K(2304K)->1959K(2304K)
[211.210s][info][gc             ] GC(886) Pause Young (Allocation Failure) 383M->9M(1732M) 2.655ms
[211.210s][info][gc,cpu         ] GC(886) User=0.52s Sys=0.00s Real=0.00s
[211.463s][info][gc,start       ] GC(887) Pause Young (Allocation Failure)
[211.466s][info][gc,heap        ] GC(887) PSYoungGen: 375808K(375808K)->1024K(368128K) Eden: 374784K(374784K)->0K(367104K) From: 1024K(1024K)->1024K(1024K)
[211.466s][info][gc,heap        ] GC(887) ParOldGen: 8901K(1398272K)->9005K(1398272K)
[211.466s][info][gc,metaspace   ] GC(887) Metaspace: 14370K(15296K)->14370K(15296K) NonClass: 12410K(12992K)->12410K(12992K) Class: 1959K(2304K)->1959K(2304K)
[211.466s][info][gc             ] GC(887) Pause Young (Allocation Failure) 375M->9M(1725M) 2.791ms
[211.466s][info][gc,cpu         ] GC(887) User=0.00s Sys=0.00s Real=0.00s
[211.717s][info][gc,start       ] GC(888) Pause Young (Allocation Failure)
[211.720s][info][gc,heap        ] GC(888) PSYoungGen: 368128K(368128K)->1024K(360960K) Eden: 367104K(367104K)->0K(359936K) From: 1024K(1024K)->1024K(1024K)
[211.720s][info][gc,heap        ] GC(888) ParOldGen: 9005K(1398272K)->9093K(1398272K)
[211.720s][info][gc,metaspace   ] GC(888) Metaspace: 14370K(15296K)->14370K(15296K) NonClass: 12410K(12992K)->12410K(12992K) Class: 1959K(2304K)->1959K(2304K)
[211.720s][info][gc             ] GC(888) Pause Young (Allocation Failure) 368M->9M(1718M) 2.824ms
[211.720s][info][gc,cpu         ] GC(888) User=0.00s Sys=0.00s Real=0.00s
[211.966s][info][gc,start       ] GC(889) Pause Young (Allocation Failure)
[211.969s][info][gc,heap        ] GC(889) PSYoungGen: 360960K(360960K)->1024K(433152K) Eden: 359936K(359936K)->0K(432128K) From: 1024K(1024K)->1024K(1024K)
[211.969s][info][gc,heap        ] GC(889) ParOldGen: 9093K(1398272K)->9181K(1398272K)
[211.969s][info][gc,metaspace   ] GC(889) Metaspace: 14370K(15296K)->14370K(15296K) NonClass: 12410K(12992K)->12410K(12992K) Class: 1959K(2304K)->1959K(2304K)
[211.969s][info][gc             ] GC(889) Pause Young (Allocation Failure) 361M->9M(1788M) 2.987ms
[211.969s][info][gc,cpu         ] GC(889) User=0.00s Sys=0.00s Real=0.00s
[212.260s][info][gc,start       ] GC(890) Pause Young (Allocation Failure)
[212.263s][info][gc,heap        ] GC(890) PSYoungGen: 433152K(433152K)->1024K(423424K) Eden: 432128K(432128K)->0K(422400K) From: 1024K(1024K)->1024K(1024K)
[212.263s][info][gc,heap        ] GC(890) ParOldGen: 9181K(1398272K)->9285K(1398272K)
[212.263s][info][gc,metaspace   ] GC(890) Metaspace: 14370K(15296K)->14370K(15296K) NonClass: 12410K(12992K)->12410K(12992K) Class: 1959K(2304K)->1959K(2304K)
[212.263s][info][gc             ] GC(890) Pause Young (Allocation Failure) 431M->10M(1779M) 3.006ms
[212.263s][info][gc,cpu         ] GC(890) User=0.00s Sys=0.00s Real=0.00s
[212.549s][info][gc,start       ] GC(891) Pause Young (Allocation Failure)
[212.552s][info][gc,heap        ] GC(891) PSYoungGen: 423424K(423424K)->1056K(414720K) Eden: 422400K(422400K)->0K(413184K) From: 1024K(1024K)->1056K(1536K)
[212.553s][info][gc,heap        ] GC(891) ParOldGen: 9285K(1398272K)->9373K(1398272K)
[212.553s][info][gc,metaspace   ] GC(891) Metaspace: 14370K(15296K)->14370K(15296K) NonClass: 12410K(12992K)->12410K(12992K) Class: 1959K(2304K)->1959K(2304K)
[212.553s][info][gc             ] GC(891) Pause Young (Allocation Failure) 422M->10M(1770M) 3.057ms
[212.553s][info][gc,cpu         ] GC(891) User=0.52s Sys=0.00s Real=0.00s
[212.834s][info][gc,start       ] GC(892) Pause Young (Allocation Failure)
[212.837s][info][gc,heap        ] GC(892) PSYoungGen: 414240K(414720K)->1024K(405504K) Eden: 413184K(413184K)->0K(404480K) From: 1056K(1536K)->1024K(1024K)
[212.837s][info][gc,heap        ] GC(892) ParOldGen: 9373K(1398272K)->9477K(1398272K)
[212.837s][info][gc,metaspace   ] GC(892) Metaspace: 14370K(15296K)->14370K(15296K) NonClass: 12410K(12992K)->12410K(12992K) Class: 1959K(2304K)->1959K(2304K)
[212.837s][info][gc             ] GC(892) Pause Young (Allocation Failure) 413M->10M(1761M) 2.986ms
[212.837s][info][gc,cpu         ] GC(892) User=0.00s Sys=0.00s Real=0.00s
[213.163s][info][gc,start       ] GC(893) Pause Young (Allocation Failure)
[213.167s][info][gc,heap        ] GC(893) PSYoungGen: 405504K(405504K)->1024K(486400K) Eden: 404480K(404480K)->0K(485376K) From: 1024K(1024K)->1024K(1024K)
[213.167s][info][gc,heap        ] GC(893) ParOldGen: 9477K(1398272K)->9565K(1398272K)
[213.167s][info][gc,metaspace   ] GC(893) Metaspace: 14370K(15296K)->14370K(15296K) NonClass: 12410K(12992K)->12410K(12992K) Class: 1959K(2304K)->1959K(2304K)
[213.168s][info][gc             ] GC(893) Pause Young (Allocation Failure) 405M->10M(1840M) 4.065ms
[213.168s][info][gc,cpu         ] GC(893) User=0.00s Sys=0.00s Real=0.00s
[213.522s][info][gc,start       ] GC(894) Pause Young (Allocation Failure)
[213.525s][info][gc,heap        ] GC(894) PSYoungGen: 486400K(486400K)->992K(475136K) Eden: 485376K(485376K)->0K(474112K) From: 1024K(1024K)->992K(1024K)
[213.525s][info][gc,heap        ] GC(894) ParOldGen: 9565K(1398272K)->9701K(1398272K)
[213.525s][info][gc,metaspace   ] GC(894) Metaspace: 14370K(15296K)->14370K(15296K) NonClass: 12410K(12992K)->12410K(12992K) Class: 1959K(2304K)->1959K(2304K)
[213.525s][info][gc             ] GC(894) Pause Young (Allocation Failure) 484M->10M(1829M) 2.866ms
[213.525s][info][gc,cpu         ] GC(894) User=0.00s Sys=0.00s Real=0.00s
[213.877s][info][gc,start       ] GC(895) Pause Young (Allocation Failure)
[213.879s][info][gc,heap        ] GC(895) PSYoungGen: 475104K(475136K)->1056K(464896K) Eden: 474112K(474112K)->0K(463360K) From: 992K(1024K)->1056K(1536K)
[213.879s][info][gc,heap        ] GC(895) ParOldGen: 9701K(1398272K)->9805K(1398272K)
[213.879s][info][gc,metaspace   ] GC(895) Metaspace: 14370K(15296K)->14370K(15296K) NonClass: 12410K(12992K)->12410K(12992K) Class: 1959K(2304K)->1959K(2304K)
[213.879s][info][gc             ] GC(895) Pause Young (Allocation Failure) 473M->10M(1819M) 2.651ms
[213.880s][info][gc,cpu         ] GC(895) User=0.00s Sys=0.00s Real=0.00s
[214.198s][info][gc,start       ] GC(896) Pause Young (Allocation Failure)
[214.201s][info][gc,heap        ] GC(896) PSYoungGen: 464416K(464896K)->992K(453632K) Eden: 463360K(463360K)->0K(452608K) From: 1056K(1536K)->992K(1024K)
[214.201s][info][gc,heap        ] GC(896) ParOldGen: 9805K(1398272K)->9933K(1398272K)
[214.201s][info][gc,metaspace   ] GC(896) Metaspace: 14370K(15296K)->14370K(15296K) NonClass: 12410K(12992K)->12410K(12992K) Class: 1959K(2304K)->1959K(2304K)
[214.201s][info][gc             ] GC(896) Pause Young (Allocation Failure) 463M->10M(1808M) 2.646ms
[214.201s][info][gc,cpu         ] GC(896) User=0.00s Sys=0.00s Real=0.00s
[214.512s][info][gc,start       ] GC(897) Pause Young (Allocation Failure)
[214.515s][info][gc,heap        ] GC(897) PSYoungGen: 453600K(453632K)->1024K(443392K) Eden: 452608K(452608K)->0K(442368K) From: 992K(1024K)->1024K(1024K)
[214.515s][info][gc,heap        ] GC(897) ParOldGen: 9933K(1398272K)->10069K(1398272K)
[214.515s][info][gc,metaspace   ] GC(897) Metaspace: 14370K(15296K)->14370K(15296K) NonClass: 12410K(12992K)->12410K(12992K) Class: 1959K(2304K)->1959K(2304K)
[214.515s][info][gc             ] GC(897) Pause Young (Allocation Failure) 452M->10M(1798M) 2.802ms
[214.515s][info][gc,cpu         ] GC(897) User=0.00s Sys=0.00s Real=0.00s
[214.819s][info][gc,start       ] GC(898) Pause Young (Allocation Failure)
[214.822s][info][gc,heap        ] GC(898) PSYoungGen: 443392K(443392K)->1024K(433664K) Eden: 442368K(442368K)->0K(432640K) From: 1024K(1024K)->1024K(1024K)
[214.822s][info][gc,heap        ] GC(898) ParOldGen: 10069K(1398272K)->10165K(1398272K)
[214.822s][info][gc,metaspace   ] GC(898) Metaspace: 14370K(15296K)->14370K(15296K) NonClass: 12410K(12992K)->12410K(12992K) Class: 1959K(2304K)->1959K(2304K)
[214.822s][info][gc             ] GC(898) Pause Young (Allocation Failure) 442M->10M(1789M) 2.853ms
[214.822s][info][gc,cpu         ] GC(898) User=0.00s Sys=0.00s Real=0.00s
[215.121s][info][gc,start       ] GC(899) Pause Young (Allocation Failure)
[215.124s][info][gc,heap        ] GC(899) PSYoungGen: 433664K(433664K)->1056K(424448K) Eden: 432640K(432640K)->0K(422912K) From: 1024K(1024K)->1056K(1536K)
[215.124s][info][gc,heap        ] GC(899) ParOldGen: 10165K(1398272K)->10261K(1398272K)
[215.124s][info][gc,metaspace   ] GC(899) Metaspace: 14370K(15296K)->14370K(15296K) NonClass: 12410K(12992K)->12410K(12992K) Class: 1959K(2304K)->1959K(2304K)
[215.124s][info][gc             ] GC(899) Pause Young (Allocation Failure) 433M->11M(1780M) 2.926ms
[215.124s][info][gc,cpu         ] GC(899) User=0.00s Sys=0.00s Real=0.00s
[215.415s][info][gc,start       ] GC(900) Pause Young (Allocation Failure)
[215.418s][info][gc,heap        ] GC(900) PSYoungGen: 423968K(424448K)->1024K(414720K) Eden: 422912K(422912K)->0K(413696K) From: 1056K(1536K)->1024K(1024K)
[215.418s][info][gc,heap        ] GC(900) ParOldGen: 10261K(1398272K)->10357K(1398272K)
[215.418s][info][gc,metaspace   ] GC(900) Metaspace: 14370K(15296K)->14370K(15296K) NonClass: 12410K(12992K)->12410K(12992K) Class: 1959K(2304K)->1959K(2304K)
[215.418s][info][gc             ] GC(900) Pause Young (Allocation Failure) 424M->11M(1770M) 2.902ms
[215.418s][info][gc,cpu         ] GC(900) User=0.00s Sys=0.00s Real=0.00s
[215.701s][info][gc,start       ] GC(901) Pause Young (Allocation Failure)
[215.704s][info][gc,heap        ] GC(901) PSYoungGen: 414720K(414720K)->1056K(406528K) Eden: 413696K(413696K)->0K(404992K) From: 1024K(1024K)->1056K(1536K)
[215.704s][info][gc,heap        ] GC(901) ParOldGen: 10357K(1398272K)->10477K(1398272K)
[215.704s][info][gc,metaspace   ] GC(901) Metaspace: 14370K(15296K)->14370K(15296K) NonClass: 12410K(12992K)->12410K(12992K) Class: 1959K(2304K)->1959K(2304K)
[215.704s][info][gc             ] GC(901) Pause Young (Allocation Failure) 415M->11M(1762M) 3.006ms
[215.704s][info][gc,cpu         ] GC(901) User=0.00s Sys=0.00s Real=0.00s
[215.981s][info][gc,start       ] GC(902) Pause Young (Allocation Failure)
[215.984s][info][gc,heap        ] GC(902) PSYoungGen: 406048K(406528K)->1024K(397312K) Eden: 404992K(404992K)->0K(396288K) From: 1056K(1536K)->1024K(1024K)
[215.984s][info][gc,heap        ] GC(902) ParOldGen: 10477K(1398272K)->10593K(1398272K)
[215.984s][info][gc,metaspace   ] GC(902) Metaspace: 14370K(15296K)->14370K(15296K) NonClass: 12410K(12992K)->12410K(12992K) Class: 1959K(2304K)->1959K(2304K)
[215.984s][info][gc             ] GC(902) Pause Young (Allocation Failure) 406M->11M(1753M) 2.974ms
[215.984s][info][gc,cpu         ] GC(902) User=0.00s Sys=0.00s Real=0.00s
[216.250s][info][gc,start       ] GC(903) Pause Young (Allocation Failure)
[216.253s][info][gc,heap        ] GC(903) PSYoungGen: 397312K(397312K)->1024K(389120K) Eden: 396288K(396288K)->0K(388096K) From: 1024K(1024K)->1024K(1024K)
[216.253s][info][gc,heap        ] GC(903) ParOldGen: 10593K(1398272K)->10705K(1398272K)
[216.253s][info][gc,metaspace   ] GC(903) Metaspace: 14370K(15296K)->14370K(15296K) NonClass: 12410K(12992K)->12410K(12992K) Class: 1959K(2304K)->1959K(2304K)
[216.253s][info][gc             ] GC(903) Pause Young (Allocation Failure) 398M->11M(1745M) 3.008ms
[216.253s][info][gc,cpu         ] GC(903) User=0.00s Sys=0.00s Real=0.00s
[216.517s][info][gc,start       ] GC(904) Pause Young (Allocation Failure)
[216.520s][info][gc,heap        ] GC(904) PSYoungGen: 389120K(389120K)->1024K(380928K) Eden: 388096K(388096K)->0K(379904K) From: 1024K(1024K)->1024K(1024K)
[216.520s][info][gc,heap        ] GC(904) ParOldGen: 10705K(1398272K)->10825K(1398272K)
[216.520s][info][gc,metaspace   ] GC(904) Metaspace: 14370K(15296K)->14370K(15296K) NonClass: 12410K(12992K)->12410K(12992K) Class: 1959K(2304K)->1959K(2304K)
[216.520s][info][gc             ] GC(904) Pause Young (Allocation Failure) 390M->11M(1737M) 3.096ms
[216.520s][info][gc,cpu         ] GC(904) User=0.00s Sys=0.00s Real=0.00s
[216.777s][info][gc,start       ] GC(905) Pause Young (Allocation Failure)
[216.780s][info][gc,heap        ] GC(905) PSYoungGen: 380928K(380928K)->1056K(457728K) Eden: 379904K(379904K)->0K(456192K) From: 1024K(1024K)->1056K(1536K)
[216.780s][info][gc,heap        ] GC(905) ParOldGen: 10825K(1398272K)->10913K(1398272K)
[216.780s][info][gc,metaspace   ] GC(905) Metaspace: 14370K(15296K)->14370K(15296K) NonClass: 12410K(12992K)->12410K(12992K) Class: 1959K(2304K)->1959K(2304K)
[216.780s][info][gc             ] GC(905) Pause Young (Allocation Failure) 382M->11M(1812M) 3.140ms
[216.781s][info][gc,cpu         ] GC(905) User=0.00s Sys=0.00s Real=0.00s
[217.104s][info][gc,start       ] GC(906) Pause Young (Allocation Failure)
[217.108s][info][gc,heap        ] GC(906) PSYoungGen: 457248K(457728K)->1024K(548864K) Eden: 456192K(456192K)->0K(547840K) From: 1056K(1536K)->1024K(1024K)
[217.108s][info][gc,heap        ] GC(906) ParOldGen: 10913K(1398272K)->11033K(1398272K)
[217.108s][info][gc,metaspace   ] GC(906) Metaspace: 14370K(15296K)->14370K(15296K) NonClass: 12410K(12992K)->12410K(12992K) Class: 1959K(2304K)->1959K(2304K)
[217.108s][info][gc             ] GC(906) Pause Young (Allocation Failure) 457M->11M(1901M) 3.164ms
[217.108s][info][gc,cpu         ] GC(906) User=0.00s Sys=0.00s Real=0.00s
[217.513s][info][gc,start       ] GC(907) Pause Young (Allocation Failure)
[217.516s][info][gc,heap        ] GC(907) PSYoungGen: 548864K(548864K)->1024K(535040K) Eden: 547840K(547840K)->0K(534016K) From: 1024K(1024K)->1024K(1024K)
[217.516s][info][gc,heap        ] GC(907) ParOldGen: 11033K(1398272K)->11161K(1398272K)
[217.516s][info][gc,metaspace   ] GC(907) Metaspace: 14370K(15296K)->14370K(15296K) NonClass: 12410K(12992K)->12410K(12992K) Class: 1959K(2304K)->1959K(2304K)
[217.516s][info][gc             ] GC(907) Pause Young (Allocation Failure) 546M->11M(1888M) 2.904ms
[217.516s][info][gc,cpu         ] GC(907) User=0.00s Sys=0.00s Real=0.00s
[217.846s][info][gc,start       ] GC(908) Pause Young (Allocation Failure)
[217.849s][info][gc,heap        ] GC(908) PSYoungGen: 535040K(535040K)->1024K(521728K) Eden: 534016K(534016K)->0K(520704K) From: 1024K(1024K)->1024K(1024K)
[217.849s][info][gc,heap        ] GC(908) ParOldGen: 11161K(1398272K)->11249K(1398272K)
[217.849s][info][gc,metaspace   ] GC(908) Metaspace: 14370K(15296K)->14370K(15296K) NonClass: 12410K(12992K)->12410K(12992K) Class: 1959K(2304K)->1959K(2304K)
[217.850s][info][gc             ] GC(908) Pause Young (Allocation Failure) 533M->11M(1875M) 3.206ms
[217.850s][info][gc,cpu         ] GC(908) User=0.52s Sys=0.00s Real=0.00s
[218.109s][info][gc,start       ] GC(909) Pause Young (Allocation Failure)
[218.112s][info][gc,heap        ] GC(909) PSYoungGen: 521728K(521728K)->800K(508928K) Eden: 520704K(520704K)->0K(507904K) From: 1024K(1024K)->800K(1024K)
[218.112s][info][gc,heap        ] GC(909) ParOldGen: 11249K(1398272K)->11369K(1398272K)
[218.112s][info][gc,metaspace   ] GC(909) Metaspace: 14370K(15296K)->14370K(15296K) NonClass: 12410K(12992K)->12410K(12992K) Class: 1959K(2304K)->1959K(2304K)
[218.112s][info][gc             ] GC(909) Pause Young (Allocation Failure) 520M->11M(1862M) 3.085ms
[218.112s][info][gc,cpu         ] GC(909) User=0.00s Sys=0.00s Real=0.00s
[218.258s][info][gc,start       ] GC(910) Pause Young (System.gc())
[218.261s][info][gc,heap        ] GC(910) PSYoungGen: 111017K(508928K)->352K(508416K) Eden: 110217K(507904K)->0K(507904K) From: 800K(1024K)->352K(512K)
[218.261s][info][gc,heap        ] GC(910) ParOldGen: 11369K(1398272K)->11497K(1398272K)
[218.261s][info][gc,metaspace   ] GC(910) Metaspace: 14370K(15296K)->14370K(15296K) NonClass: 12410K(12992K)->12410K(12992K) Class: 1959K(2304K)->1959K(2304K)
[218.261s][info][gc             ] GC(910) Pause Young (System.gc()) 119M->11M(1862M) 3.062ms
[218.261s][info][gc,cpu         ] GC(910) User=0.00s Sys=0.00s Real=0.00s
[218.261s][info][gc,start       ] GC(911) Pause Full (System.gc())
[218.261s][info][gc,phases,start] GC(911) Marking Phase
[218.278s][info][gc,phases      ] GC(911) Marking Phase 16.569ms
[218.278s][info][gc,phases,start] GC(911) Summary Phase
[218.278s][info][gc,phases      ] GC(911) Summary Phase 0.021ms
[218.278s][info][gc,phases,start] GC(911) Adjust Roots
[218.283s][info][gc,phases      ] GC(911) Adjust Roots 4.917ms
[218.283s][info][gc,phases,start] GC(911) Compaction Phase
[218.285s][info][gc,phases      ] GC(911) Compaction Phase 2.090ms
[218.285s][info][gc,phases,start] GC(911) Post Compact
[218.285s][info][gc,phases      ] GC(911) Post Compact 0.513ms
[218.285s][info][gc,heap        ] GC(911) PSYoungGen: 352K(508416K)->0K(508416K) Eden: 0K(507904K)->0K(507904K) From: 352K(512K)->0K(512K)
[218.285s][info][gc,heap        ] GC(911) ParOldGen: 11497K(1398272K)->5375K(1398272K)
[218.285s][info][gc,metaspace   ] GC(911) Metaspace: 14370K(15296K)->14370K(15296K) NonClass: 12410K(12992K)->12410K(12992K) Class: 1959K(2304K)->1959K(2304K)
[218.285s][info][gc             ] GC(911) Pause Full (System.gc()) 11M->5M(1862M) 24.361ms
[218.285s][info][gc,cpu         ] GC(911) User=0.52s Sys=0.00s Real=0.02s
[218.694s][info][gc,start       ] GC(912) Pause Young (Allocation Failure)
[218.697s][info][gc,heap        ] GC(912) PSYoungGen: 507904K(508416K)->1536K(497152K) Eden: 507904K(507904K)->0K(495616K) From: 0K(512K)->1536K(1536K)
[218.697s][info][gc,heap        ] GC(912) ParOldGen: 5375K(1398272K)->5758K(1398272K)
[218.697s][info][gc,metaspace   ] GC(912) Metaspace: 14370K(15296K)->14370K(15296K) NonClass: 12410K(12992K)->12410K(12992K) Class: 1959K(2304K)->1959K(2304K)
[218.697s][info][gc             ] GC(912) Pause Young (Allocation Failure) 501M->7M(1851M) 3.672ms
[218.697s][info][gc,cpu         ] GC(912) User=0.00s Sys=0.00s Real=0.00s
[219.008s][info][gc,start       ] GC(913) Pause Young (Allocation Failure)
[219.011s][info][gc,heap        ] GC(913) PSYoungGen: 497152K(497152K)->1024K(484864K) Eden: 495616K(495616K)->0K(483840K) From: 1536K(1536K)->1024K(1024K)
[219.011s][info][gc,heap        ] GC(913) ParOldGen: 5758K(1398272K)->7083K(1398272K)
[219.011s][info][gc,metaspace   ] GC(913) Metaspace: 14370K(15296K)->14370K(15296K) NonClass: 12410K(12992K)->12410K(12992K) Class: 1959K(2304K)->1959K(2304K)
[219.011s][info][gc             ] GC(913) Pause Young (Allocation Failure) 491M->7M(1839M) 3.164ms
[219.011s][info][gc,cpu         ] GC(913) User=0.00s Sys=0.00s Real=0.00s
[219.334s][info][gc,start       ] GC(914) Pause Young (Allocation Failure)
[219.337s][info][gc,heap        ] GC(914) PSYoungGen: 484864K(484864K)->1024K(473600K) Eden: 483840K(483840K)->0K(472576K) From: 1024K(1024K)->1024K(1024K)
[219.337s][info][gc,heap        ] GC(914) ParOldGen: 7083K(1398272K)->7211K(1398272K)
[219.337s][info][gc,metaspace   ] GC(914) Metaspace: 14370K(15296K)->14370K(15296K) NonClass: 12410K(12992K)->12410K(12992K) Class: 1959K(2304K)->1959K(2304K)
[219.337s][info][gc             ] GC(914) Pause Young (Allocation Failure) 480M->8M(1828M) 3.147ms
[219.337s][info][gc,cpu         ] GC(914) User=0.00s Sys=0.00s Real=0.00s
[219.654s][info][gc,start       ] GC(915) Pause Young (Allocation Failure)
[219.657s][info][gc,heap        ] GC(915) PSYoungGen: 473600K(473600K)->992K(462848K) Eden: 472576K(472576K)->0K(461824K) From: 1024K(1024K)->992K(1024K)
[219.657s][info][gc,heap        ] GC(915) ParOldGen: 7211K(1398272K)->7339K(1398272K)
[219.657s][info][gc,metaspace   ] GC(915) Metaspace: 14370K(15296K)->14370K(15296K) NonClass: 12410K(12992K)->12410K(12992K) Class: 1959K(2304K)->1959K(2304K)
[219.657s][info][gc             ] GC(915) Pause Young (Allocation Failure) 469M->8M(1817M) 3.151ms
[219.657s][info][gc,cpu         ] GC(915) User=0.00s Sys=0.00s Real=0.00s
[219.971s][info][gc,start       ] GC(916) Pause Young (Allocation Failure)
[219.974s][info][gc,heap        ] GC(916) PSYoungGen: 462816K(462848K)->1056K(452608K) Eden: 461824K(461824K)->0K(451072K) From: 992K(1024K)->1056K(1536K)
[219.974s][info][gc,heap        ] GC(916) ParOldGen: 7339K(1398272K)->7459K(1398272K)
[219.974s][info][gc,metaspace   ] GC(916) Metaspace: 14370K(15296K)->14370K(15296K) NonClass: 12410K(12992K)->12410K(12992K) Class: 1959K(2304K)->1959K(2304K)
[219.974s][info][gc             ] GC(916) Pause Young (Allocation Failure) 459M->8M(1807M) 3.259ms
[219.974s][info][gc,cpu         ] GC(916) User=0.52s Sys=0.00s Real=0.00s
[220.291s][info][gc,start       ] GC(917) Pause Young (Allocation Failure)
[220.293s][info][gc,heap        ] GC(917) PSYoungGen: 452128K(452608K)->1024K(441856K) Eden: 451072K(451072K)->0K(440832K) From: 1056K(1536K)->1024K(1024K)
[220.293s][info][gc,heap        ] GC(917) ParOldGen: 7459K(1398272K)->7619K(1398272K)
[220.293s][info][gc,metaspace   ] GC(917) Metaspace: 14370K(15296K)->14370K(15296K) NonClass: 12410K(12992K)->12410K(12992K) Class: 1959K(2304K)->1959K(2304K)
[220.293s][info][gc             ] GC(917) Pause Young (Allocation Failure) 448M->8M(1797M) 2.858ms
[220.293s][info][gc,cpu         ] GC(917) User=0.00s Sys=0.00s Real=0.00s
[220.618s][info][gc,start       ] GC(918) Pause Young (Allocation Failure)
[220.621s][info][gc,heap        ] GC(918) PSYoungGen: 441856K(441856K)->1024K(432128K) Eden: 440832K(440832K)->0K(431104K) From: 1024K(1024K)->1024K(1024K)
[220.621s][info][gc,heap        ] GC(918) ParOldGen: 7619K(1398272K)->7731K(1398272K)
[220.621s][info][gc,metaspace   ] GC(918) Metaspace: 14370K(15296K)->14370K(15296K) NonClass: 12410K(12992K)->12410K(12992K) Class: 1959K(2304K)->1959K(2304K)
[220.621s][info][gc             ] GC(918) Pause Young (Allocation Failure) 438M->8M(1787M) 2.647ms
[220.621s][info][gc,cpu         ] GC(918) User=0.00s Sys=0.00s Real=0.00s
[220.905s][info][gc,start       ] GC(919) Pause Young (Allocation Failure)
[220.908s][info][gc,heap        ] GC(919) PSYoungGen: 432128K(432128K)->1024K(422912K) Eden: 431104K(431104K)->0K(421888K) From: 1024K(1024K)->1024K(1024K)
[220.908s][info][gc,heap        ] GC(919) ParOldGen: 7731K(1398272K)->7835K(1398272K)
[220.908s][info][gc,metaspace   ] GC(919) Metaspace: 14370K(15296K)->14370K(15296K) NonClass: 12410K(12992K)->12410K(12992K) Class: 1959K(2304K)->1959K(2304K)
[220.908s][info][gc             ] GC(919) Pause Young (Allocation Failure) 429M->8M(1778M) 2.765ms
[220.908s][info][gc,cpu         ] GC(919) User=0.00s Sys=0.00s Real=0.00s
[221.190s][info][gc,start       ] GC(920) Pause Young (Allocation Failure)
[221.193s][info][gc,heap        ] GC(920) PSYoungGen: 422912K(422912K)->992K(413696K) Eden: 421888K(421888K)->0K(412672K) From: 1024K(1024K)->992K(1024K)
[221.193s][info][gc,heap        ] GC(920) ParOldGen: 7835K(1398272K)->7947K(1398272K)
[221.193s][info][gc,metaspace   ] GC(920) Metaspace: 14370K(15296K)->14370K(15296K) NonClass: 12410K(12992K)->12410K(12992K) Class: 1959K(2304K)->1959K(2304K)
[221.193s][info][gc             ] GC(920) Pause Young (Allocation Failure) 420M->8M(1769M) 2.756ms
[221.193s][info][gc,cpu         ] GC(920) User=0.52s Sys=0.00s Real=0.00s
[221.469s][info][gc,start       ] GC(921) Pause Young (Allocation Failure)
[221.472s][info][gc,heap        ] GC(921) PSYoungGen: 413664K(413696K)->1024K(404992K) Eden: 412672K(412672K)->0K(403968K) From: 992K(1024K)->1024K(1024K)
[221.472s][info][gc,heap        ] GC(921) ParOldGen: 7947K(1398272K)->8067K(1398272K)
[221.472s][info][gc,metaspace   ] GC(921) Metaspace: 14370K(15296K)->14370K(15296K) NonClass: 12410K(12992K)->12410K(12992K) Class: 1959K(2304K)->1959K(2304K)
[221.472s][info][gc             ] GC(921) Pause Young (Allocation Failure) 411M->8M(1761M) 2.856ms
[221.472s][info][gc,cpu         ] GC(921) User=0.00s Sys=0.00s Real=0.00s
[221.738s][info][gc,start       ] GC(922) Pause Young (Allocation Failure)
[221.740s][info][gc,heap        ] GC(922) PSYoungGen: 404992K(404992K)->992K(396288K) Eden: 403968K(403968K)->0K(395264K) From: 1024K(1024K)->992K(1024K)
[221.741s][info][gc,heap        ] GC(922) ParOldGen: 8067K(1398272K)->8155K(1398272K)
[221.741s][info][gc,metaspace   ] GC(922) Metaspace: 14370K(15296K)->14370K(15296K) NonClass: 12410K(12992K)->12410K(12992K) Class: 1959K(2304K)->1959K(2304K)
[221.741s][info][gc             ] GC(922) Pause Young (Allocation Failure) 403M->8M(1752M) 2.841ms
[221.741s][info][gc,cpu         ] GC(922) User=0.52s Sys=0.00s Real=0.00s
[222.003s][info][gc,start       ] GC(923) Pause Young (Allocation Failure)
[222.006s][info][gc,heap        ] GC(923) PSYoungGen: 396256K(396288K)->992K(388096K) Eden: 395264K(395264K)->0K(387072K) From: 992K(1024K)->992K(1024K)
[222.006s][info][gc,heap        ] GC(923) ParOldGen: 8155K(1398272K)->8307K(1398272K)
[222.006s][info][gc,metaspace   ] GC(923) Metaspace: 14370K(15296K)->14370K(15296K) NonClass: 12410K(12992K)->12410K(12992K) Class: 1959K(2304K)->1959K(2304K)
[222.006s][info][gc             ] GC(923) Pause Young (Allocation Failure) 394M->9M(1744M) 2.961ms
[222.006s][info][gc,cpu         ] GC(923) User=0.52s Sys=0.00s Real=0.00s
[222.265s][info][gc,start       ] GC(924) Pause Young (Allocation Failure)
[222.268s][info][gc,heap        ] GC(924) PSYoungGen: 388064K(388096K)->992K(379904K) Eden: 387072K(387072K)->0K(378880K) From: 992K(1024K)->992K(1024K)
[222.268s][info][gc,heap        ] GC(924) ParOldGen: 8307K(1398272K)->8419K(1398272K)
[222.268s][info][gc,metaspace   ] GC(924) Metaspace: 14370K(15296K)->14370K(15296K) NonClass: 12410K(12992K)->12410K(12992K) Class: 1959K(2304K)->1959K(2304K)
[222.268s][info][gc             ] GC(924) Pause Young (Allocation Failure) 387M->9M(1736M) 2.957ms
[222.268s][info][gc,cpu         ] GC(924) User=0.00s Sys=0.00s Real=0.00s
[222.519s][info][gc,start       ] GC(925) Pause Young (Allocation Failure)
[222.522s][info][gc,heap        ] GC(925) PSYoungGen: 379872K(379904K)->1024K(455680K) Eden: 378880K(378880K)->0K(454656K) From: 992K(1024K)->1024K(1024K)
[222.522s][info][gc,heap        ] GC(925) ParOldGen: 8419K(1398272K)->8499K(1398272K)
[222.522s][info][gc,metaspace   ] GC(925) Metaspace: 14370K(15296K)->14370K(15296K) NonClass: 12410K(12992K)->12410K(12992K) Class: 1959K(2304K)->1959K(2304K)
[222.522s][info][gc             ] GC(925) Pause Young (Allocation Failure) 379M->9M(1810M) 3.013ms
[222.522s][info][gc,cpu         ] GC(925) User=0.52s Sys=0.00s Real=0.00s
[222.821s][info][gc,start       ] GC(926) Pause Young (Allocation Failure)
[222.824s][info][gc,heap        ] GC(926) PSYoungGen: 455680K(455680K)->1024K(445440K) Eden: 454656K(454656K)->0K(444416K) From: 1024K(1024K)->1024K(1024K)
[222.824s][info][gc,heap        ] GC(926) ParOldGen: 8499K(1398272K)->8603K(1398272K)
[222.824s][info][gc,metaspace   ] GC(926) Metaspace: 14370K(15296K)->14370K(15296K) NonClass: 12410K(12992K)->12410K(12992K) Class: 1959K(2304K)->1959K(2304K)
[222.824s][info][gc             ] GC(926) Pause Young (Allocation Failure) 453M->9M(1800M) 3.129ms
[222.824s][info][gc,cpu         ] GC(926) User=0.00s Sys=0.00s Real=0.00s
[223.118s][info][gc,start       ] GC(927) Pause Young (Allocation Failure)
[223.122s][info][gc,heap        ] GC(927) PSYoungGen: 445440K(445440K)->1024K(435712K) Eden: 444416K(444416K)->0K(434688K) From: 1024K(1024K)->1024K(1024K)
[223.122s][info][gc,heap        ] GC(927) ParOldGen: 8603K(1398272K)->8715K(1398272K)
[223.122s][info][gc,metaspace   ] GC(927) Metaspace: 14370K(15296K)->14370K(15296K) NonClass: 12410K(12992K)->12410K(12992K) Class: 1959K(2304K)->1959K(2304K)
[223.122s][info][gc             ] GC(927) Pause Young (Allocation Failure) 443M->9M(1791M) 3.180ms
[223.122s][info][gc,cpu         ] GC(927) User=0.00s Sys=0.00s Real=0.00s
[223.413s][info][gc,start       ] GC(928) Pause Young (Allocation Failure)
[223.416s][info][gc,heap        ] GC(928) PSYoungGen: 435712K(435712K)->1024K(425984K) Eden: 434688K(434688K)->0K(424960K) From: 1024K(1024K)->1024K(1024K)
[223.416s][info][gc,heap        ] GC(928) ParOldGen: 8715K(1398272K)->8843K(1398272K)
[223.416s][info][gc,metaspace   ] GC(928) Metaspace: 14370K(15296K)->14370K(15296K) NonClass: 12410K(12992K)->12410K(12992K) Class: 1959K(2304K)->1959K(2304K)
[223.416s][info][gc             ] GC(928) Pause Young (Allocation Failure) 434M->9M(1781M) 3.192ms
[223.416s][info][gc,cpu         ] GC(928) User=0.00s Sys=0.00s Real=0.00s
[223.719s][info][gc,start       ] GC(929) Pause Young (Allocation Failure)
[223.723s][info][gc,heap        ] GC(929) PSYoungGen: 425984K(425984K)->1024K(510976K) Eden: 424960K(424960K)->0K(509952K) From: 1024K(1024K)->1024K(1024K)
[223.723s][info][gc,heap        ] GC(929) ParOldGen: 8843K(1398272K)->8995K(1398272K)
[223.723s][info][gc,metaspace   ] GC(929) Metaspace: 14370K(15296K)->14370K(15296K) NonClass: 12410K(12992K)->12410K(12992K) Class: 1959K(2304K)->1959K(2304K)
[223.723s][info][gc             ] GC(929) Pause Young (Allocation Failure) 424M->9M(1864M) 3.597ms
[223.723s][info][gc,cpu         ] GC(929) User=0.00s Sys=0.00s Real=0.00s
[224.081s][info][gc,start       ] GC(930) Pause Young (Allocation Failure)
[224.084s][info][gc,heap        ] GC(930) PSYoungGen: 510976K(510976K)->1024K(498688K) Eden: 509952K(509952K)->0K(497664K) From: 1024K(1024K)->1024K(1024K)
[224.084s][info][gc,heap        ] GC(930) ParOldGen: 8995K(1398272K)->9107K(1398272K)
[224.084s][info][gc,metaspace   ] GC(930) Metaspace: 14370K(15296K)->14370K(15296K) NonClass: 12410K(12992K)->12410K(12992K) Class: 1959K(2304K)->1959K(2304K)
[224.084s][info][gc             ] GC(930) Pause Young (Allocation Failure) 507M->9M(1852M) 3.011ms
[224.084s][info][gc,cpu         ] GC(930) User=0.00s Sys=0.00s Real=0.00s
[224.442s][info][gc,start       ] GC(931) Pause Young (Allocation Failure)
[224.445s][info][gc,heap        ] GC(931) PSYoungGen: 498688K(498688K)->1024K(486912K) Eden: 497664K(497664K)->0K(485888K) From: 1024K(1024K)->1024K(1024K)
[224.445s][info][gc,heap        ] GC(931) ParOldGen: 9107K(1398272K)->9251K(1398272K)
[224.445s][info][gc,metaspace   ] GC(931) Metaspace: 14370K(15296K)->14370K(15296K) NonClass: 12410K(12992K)->12410K(12992K) Class: 1959K(2304K)->1959K(2304K)
[224.445s][info][gc             ] GC(931) Pause Young (Allocation Failure) 495M->10M(1841M) 2.774ms
[224.445s][info][gc,cpu         ] GC(931) User=0.00s Sys=0.00s Real=0.00s
[224.768s][info][gc,start       ] GC(932) Pause Young (Allocation Failure)
[224.771s][info][gc,heap        ] GC(932) PSYoungGen: 486912K(486912K)->992K(475648K) Eden: 485888K(485888K)->0K(474624K) From: 1024K(1024K)->992K(1024K)
[224.771s][info][gc,heap        ] GC(932) ParOldGen: 9251K(1398272K)->9395K(1398272K)
[224.771s][info][gc,metaspace   ] GC(932) Metaspace: 14370K(15296K)->14370K(15296K) NonClass: 12410K(12992K)->12410K(12992K) Class: 1959K(2304K)->1959K(2304K)
[224.771s][info][gc             ] GC(932) Pause Young (Allocation Failure) 484M->10M(1830M) 2.909ms
[224.771s][info][gc,cpu         ] GC(932) User=0.52s Sys=0.00s Real=0.00s
[225.086s][info][gc,start       ] GC(933) Pause Young (Allocation Failure)
[225.089s][info][gc,heap        ] GC(933) PSYoungGen: 475616K(475648K)->1024K(464384K) Eden: 474624K(474624K)->0K(463360K) From: 992K(1024K)->1024K(1024K)
[225.089s][info][gc,heap        ] GC(933) ParOldGen: 9395K(1398272K)->9531K(1398272K)
[225.089s][info][gc,metaspace   ] GC(933) Metaspace: 14370K(15296K)->14370K(15296K) NonClass: 12410K(12992K)->12410K(12992K) Class: 1959K(2304K)->1959K(2304K)
[225.089s][info][gc             ] GC(933) Pause Young (Allocation Failure) 473M->10M(1819M) 2.983ms
[225.089s][info][gc,cpu         ] GC(933) User=0.00s Sys=0.00s Real=0.00s
[225.398s][info][gc,start       ] GC(934) Pause Young (Allocation Failure)
[225.401s][info][gc,heap        ] GC(934) PSYoungGen: 464384K(464384K)->1024K(453632K) Eden: 463360K(463360K)->0K(452608K) From: 1024K(1024K)->1024K(1024K)
[225.401s][info][gc,heap        ] GC(934) ParOldGen: 9531K(1398272K)->9651K(1398272K)
[225.401s][info][gc,metaspace   ] GC(934) Metaspace: 14370K(15296K)->14370K(15296K) NonClass: 12410K(12992K)->12410K(12992K) Class: 1959K(2304K)->1959K(2304K)
[225.401s][info][gc             ] GC(934) Pause Young (Allocation Failure) 462M->10M(1808M) 3.020ms
[225.401s][info][gc,cpu         ] GC(934) User=0.00s Sys=0.00s Real=0.00s
[225.697s][info][gc,start       ] GC(935) Pause Young (Allocation Failure)
[225.700s][info][gc,heap        ] GC(935) PSYoungGen: 453631K(453632K)->992K(443392K) Eden: 452607K(452608K)->0K(442368K) From: 1024K(1024K)->992K(1024K)
[225.701s][info][gc,heap        ] GC(935) ParOldGen: 9651K(1398272K)->9763K(1398272K)
[225.701s][info][gc,metaspace   ] GC(935) Metaspace: 14370K(15296K)->14370K(15296K) NonClass: 12410K(12992K)->12410K(12992K) Class: 1959K(2304K)->1959K(2304K)
[225.701s][info][gc             ] GC(935) Pause Young (Allocation Failure) 452M->10M(1798M) 3.081ms
[225.701s][info][gc,cpu         ] GC(935) User=0.00s Sys=0.00s Real=0.00s
[225.998s][info][gc,start       ] GC(936) Pause Young (Allocation Failure)
[226.001s][info][gc,heap        ] GC(936) PSYoungGen: 443360K(443392K)->1024K(433664K) Eden: 442368K(442368K)->0K(432640K) From: 992K(1024K)->1024K(1024K)
[226.001s][info][gc,heap        ] GC(936) ParOldGen: 9763K(1398272K)->9875K(1398272K)
[226.001s][info][gc,metaspace   ] GC(936) Metaspace: 14370K(15296K)->14370K(15296K) NonClass: 12410K(12992K)->12410K(12992K) Class: 1959K(2304K)->1959K(2304K)
[226.001s][info][gc             ] GC(936) Pause Young (Allocation Failure) 442M->10M(1789M) 3.113ms
[226.001s][info][gc,cpu         ] GC(936) User=0.00s Sys=0.00s Real=0.00s
[226.291s][info][gc,start       ] GC(937) Pause Young (Allocation Failure)
[226.294s][info][gc,heap        ] GC(937) PSYoungGen: 433664K(433664K)->992K(423936K) Eden: 432640K(432640K)->0K(422912K) From: 1024K(1024K)->992K(1024K)
[226.294s][info][gc,heap        ] GC(937) ParOldGen: 9875K(1398272K)->9987K(1398272K)
[226.294s][info][gc,metaspace   ] GC(937) Metaspace: 14370K(15296K)->14370K(15296K) NonClass: 12410K(12992K)->12410K(12992K) Class: 1959K(2304K)->1959K(2304K)
[226.294s][info][gc             ] GC(937) Pause Young (Allocation Failure) 433M->10M(1779M) 3.186ms
[226.294s][info][gc,cpu         ] GC(937) User=0.00s Sys=0.00s Real=0.00s
[226.599s][info][gc,start       ] GC(938) Pause Young (Allocation Failure)
[226.602s][info][gc,heap        ] GC(938) PSYoungGen: 423904K(423936K)->1024K(414720K) Eden: 422912K(422912K)->0K(413696K) From: 992K(1024K)->1024K(1024K)
[226.603s][info][gc,heap        ] GC(938) ParOldGen: 9987K(1398272K)->10107K(1398272K)
[226.603s][info][gc,metaspace   ] GC(938) Metaspace: 14370K(15296K)->14370K(15296K) NonClass: 12410K(12992K)->12410K(12992K) Class: 1959K(2304K)->1959K(2304K)
[226.603s][info][gc             ] GC(938) Pause Young (Allocation Failure) 423M->10M(1770M) 3.380ms
[226.603s][info][gc,cpu         ] GC(938) User=0.00s Sys=0.00s Real=0.00s
[226.893s][info][gc,start       ] GC(939) Pause Young (Allocation Failure)
[226.896s][info][gc,heap        ] GC(939) PSYoungGen: 414720K(414720K)->960K(406016K) Eden: 413696K(413696K)->0K(404992K) From: 1024K(1024K)->960K(1024K)
[226.896s][info][gc,heap        ] GC(939) ParOldGen: 10107K(1398272K)->10211K(1398272K)
[226.896s][info][gc,metaspace   ] GC(939) Metaspace: 14370K(15296K)->14370K(15296K) NonClass: 12410K(12992K)->12410K(12992K) Class: 1959K(2304K)->1959K(2304K)
[226.896s][info][gc             ] GC(939) Pause Young (Allocation Failure) 414M->10M(1762M) 2.951ms
[226.896s][info][gc,cpu         ] GC(939) User=0.52s Sys=0.00s Real=0.00s
[227.202s][info][gc,start       ] GC(940) Pause Young (Allocation Failure)
[227.205s][info][gc,heap        ] GC(940) PSYoungGen: 405952K(406016K)->1024K(397312K) Eden: 404992K(404992K)->0K(396288K) From: 960K(1024K)->1024K(1024K)
[227.205s][info][gc,heap        ] GC(940) ParOldGen: 10211K(1398272K)->10339K(1398272K)
[227.205s][info][gc,metaspace   ] GC(940) Metaspace: 14370K(15296K)->14370K(15296K) NonClass: 12410K(12992K)->12410K(12992K) Class: 1959K(2304K)->1959K(2304K)
[227.205s][info][gc             ] GC(940) Pause Young (Allocation Failure) 406M->11M(1753M) 2.722ms
[227.205s][info][gc,cpu         ] GC(940) User=0.00s Sys=0.00s Real=0.00s
[227.471s][info][gc,start       ] GC(941) Pause Young (Allocation Failure)
[227.474s][info][gc,heap        ] GC(941) PSYoungGen: 397312K(397312K)->1024K(389120K) Eden: 396288K(396288K)->0K(388096K) From: 1024K(1024K)->1024K(1024K)
[227.474s][info][gc,heap        ] GC(941) ParOldGen: 10339K(1398272K)->10451K(1398272K)
[227.474s][info][gc,metaspace   ] GC(941) Metaspace: 14370K(15296K)->14370K(15296K) NonClass: 12410K(12992K)->12410K(12992K) Class: 1959K(2304K)->1959K(2304K)
[227.474s][info][gc             ] GC(941) Pause Young (Allocation Failure) 398M->11M(1745M) 2.639ms
[227.474s][info][gc,cpu         ] GC(941) User=0.52s Sys=0.00s Real=0.00s
[227.733s][info][gc,start       ] GC(942) Pause Young (Allocation Failure)
[227.736s][info][gc,heap        ] GC(942) PSYoungGen: 389120K(389120K)->1024K(380928K) Eden: 388096K(388096K)->0K(379904K) From: 1024K(1024K)->1024K(1024K)
[227.736s][info][gc,heap        ] GC(942) ParOldGen: 10451K(1398272K)->10587K(1398272K)
[227.736s][info][gc,metaspace   ] GC(942) Metaspace: 14370K(15296K)->14370K(15296K) NonClass: 12410K(12992K)->12410K(12992K) Class: 1959K(2304K)->1959K(2304K)
[227.736s][info][gc             ] GC(942) Pause Young (Allocation Failure) 390M->11M(1737M) 2.704ms
[227.736s][info][gc,cpu         ] GC(942) User=0.00s Sys=0.00s Real=0.00s
[227.989s][info][gc,start       ] GC(943) Pause Young (Allocation Failure)
[227.992s][info][gc,heap        ] GC(943) PSYoungGen: 380928K(380928K)->992K(373248K) Eden: 379904K(379904K)->0K(372224K) From: 1024K(1024K)->992K(1024K)
[227.992s][info][gc,heap        ] GC(943) ParOldGen: 10587K(1398272K)->10683K(1398272K)
[227.992s][info][gc,metaspace   ] GC(943) Metaspace: 14370K(15296K)->14370K(15296K) NonClass: 12410K(12992K)->12410K(12992K) Class: 1959K(2304K)->1959K(2304K)
[227.992s][info][gc             ] GC(943) Pause Young (Allocation Failure) 382M->11M(1730M) 2.770ms
[227.992s][info][gc,cpu         ] GC(943) User=0.00s Sys=0.00s Real=0.00s
[228.241s][info][gc,start       ] GC(944) Pause Young (Allocation Failure)
[228.243s][info][gc,heap        ] GC(944) PSYoungGen: 373216K(373248K)->1024K(365568K) Eden: 372224K(372224K)->0K(364544K) From: 992K(1024K)->1024K(1024K)
[228.244s][info][gc,heap        ] GC(944) ParOldGen: 10683K(1398272K)->10779K(1398272K)
[228.244s][info][gc,metaspace   ] GC(944) Metaspace: 14370K(15296K)->14370K(15296K) NonClass: 12410K(12992K)->12410K(12992K) Class: 1959K(2304K)->1959K(2304K)
[228.244s][info][gc             ] GC(944) Pause Young (Allocation Failure) 374M->11M(1722M) 2.880ms
[228.244s][info][gc,cpu         ] GC(944) User=0.00s Sys=0.00s Real=0.00s
[228.487s][info][gc,start       ] GC(945) Pause Young (Allocation Failure)
[228.490s][info][gc,heap        ] GC(945) PSYoungGen: 365568K(365568K)->1024K(358400K) Eden: 364544K(364544K)->0K(357376K) From: 1024K(1024K)->1024K(1024K)
[228.490s][info][gc,heap        ] GC(945) ParOldGen: 10779K(1398272K)->10903K(1398272K)
[228.490s][info][gc,metaspace   ] GC(945) Metaspace: 14370K(15296K)->14370K(15296K) NonClass: 12410K(12992K)->12410K(12992K) Class: 1959K(2304K)->1959K(2304K)
[228.490s][info][gc             ] GC(945) Pause Young (Allocation Failure) 367M->11M(1715M) 2.840ms
[228.490s][info][gc,cpu         ] GC(945) User=0.52s Sys=0.00s Real=0.00s
[228.729s][info][gc,start       ] GC(946) Pause Young (Allocation Failure)
[228.732s][info][gc,heap        ] GC(946) PSYoungGen: 358400K(358400K)->992K(430080K) Eden: 357376K(357376K)->0K(429056K) From: 1024K(1024K)->992K(1024K)
[228.732s][info][gc,heap        ] GC(946) ParOldGen: 10903K(1398272K)->10991K(1398272K)
[228.732s][info][gc,metaspace   ] GC(946) Metaspace: 14370K(15296K)->14370K(15296K) NonClass: 12410K(12992K)->12410K(12992K) Class: 1959K(2304K)->1959K(2304K)
[228.732s][info][gc             ] GC(946) Pause Young (Allocation Failure) 360M->11M(1785M) 2.881ms
[228.732s][info][gc,cpu         ] GC(946) User=0.00s Sys=0.00s Real=0.00s
[229.016s][info][gc,start       ] GC(947) Pause Young (Allocation Failure)
[229.019s][info][gc,heap        ] GC(947) PSYoungGen: 430048K(430080K)->1024K(516096K) Eden: 429056K(429056K)->0K(515072K) From: 992K(1024K)->1024K(1024K)
[229.019s][info][gc,heap        ] GC(947) ParOldGen: 10991K(1398272K)->11095K(1398272K)
[229.019s][info][gc,metaspace   ] GC(947) Metaspace: 14370K(15296K)->14370K(15296K) NonClass: 12410K(12992K)->12410K(12992K) Class: 1959K(2304K)->1959K(2304K)
[229.019s][info][gc             ] GC(947) Pause Young (Allocation Failure) 430M->11M(1869M) 3.054ms
[229.019s][info][gc,cpu         ] GC(947) User=0.00s Sys=0.00s Real=0.00s
[229.360s][info][gc,start       ] GC(948) Pause Young (Allocation Failure)
[229.363s][info][gc,heap        ] GC(948) PSYoungGen: 516096K(516096K)->1024K(503808K) Eden: 515072K(515072K)->0K(502784K) From: 1024K(1024K)->1024K(1024K)
[229.363s][info][gc,heap        ] GC(948) ParOldGen: 11095K(1398272K)->11223K(1398272K)
[229.363s][info][gc,metaspace   ] GC(948) Metaspace: 14370K(15296K)->14370K(15296K) NonClass: 12410K(12992K)->12410K(12992K) Class: 1959K(2304K)->1959K(2304K)
[229.363s][info][gc             ] GC(948) Pause Young (Allocation Failure) 514M->11M(1857M) 3.221ms
[229.363s][info][gc,cpu         ] GC(948) User=0.00s Sys=0.00s Real=0.00s
[229.691s][info][gc,start       ] GC(949) Pause Young (Allocation Failure)
[229.694s][info][gc,heap        ] GC(949) PSYoungGen: 503808K(503808K)->1024K(491520K) Eden: 502784K(502784K)->0K(490496K) From: 1024K(1024K)->1024K(1024K)
[229.694s][info][gc,heap        ] GC(949) ParOldGen: 11223K(1398272K)->11351K(1398272K)
[229.694s][info][gc,metaspace   ] GC(949) Metaspace: 14370K(15296K)->14370K(15296K) NonClass: 12410K(12992K)->12410K(12992K) Class: 1959K(2304K)->1959K(2304K)
[229.694s][info][gc             ] GC(949) Pause Young (Allocation Failure) 502M->12M(1845M) 3.294ms
[229.694s][info][gc,cpu         ] GC(949) User=0.52s Sys=0.00s Real=0.00s
[230.014s][info][gc,start       ] GC(950) Pause Young (Allocation Failure)
[230.017s][info][gc,heap        ] GC(950) PSYoungGen: 491520K(491520K)->1024K(479744K) Eden: 490496K(490496K)->0K(478720K) From: 1024K(1024K)->1024K(1024K)
[230.017s][info][gc,heap        ] GC(950) ParOldGen: 11351K(1398272K)->11487K(1398272K)
[230.017s][info][gc,metaspace   ] GC(950) Metaspace: 14370K(15296K)->14370K(15296K) NonClass: 12410K(12992K)->12410K(12992K) Class: 1959K(2304K)->1959K(2304K)
[230.017s][info][gc             ] GC(950) Pause Young (Allocation Failure) 491M->12M(1834M) 3.338ms
[230.017s][info][gc,cpu         ] GC(950) User=0.00s Sys=0.00s Real=0.00s
[230.456s][info][gc,start       ] GC(951) Pause Young (Allocation Failure)
[230.461s][info][gc,heap        ] GC(951) PSYoungGen: 479744K(479744K)->1024K(468480K) Eden: 478720K(478720K)->0K(467456K) From: 1024K(1024K)->1024K(1024K)
[230.461s][info][gc,heap        ] GC(951) ParOldGen: 11487K(1398272K)->11615K(1398272K)
[230.461s][info][gc,metaspace   ] GC(951) Metaspace: 14370K(15296K)->14370K(15296K) NonClass: 12410K(12992K)->12410K(12992K) Class: 1959K(2304K)->1959K(2304K)
[230.461s][info][gc             ] GC(951) Pause Young (Allocation Failure) 479M->12M(1823M) 4.496ms
[230.461s][info][gc,cpu         ] GC(951) User=0.52s Sys=0.00s Real=0.00s
[230.715s][info][gc,start       ] GC(952) Pause Young (Allocation Failure)
[230.718s][info][gc,heap        ] GC(952) PSYoungGen: 468480K(468480K)->768K(457728K) Eden: 467456K(467456K)->0K(456704K) From: 1024K(1024K)->768K(1024K)
[230.718s][info][gc,heap        ] GC(952) ParOldGen: 11615K(1398272K)->11743K(1398272K)
[230.718s][info][gc,metaspace   ] GC(952) Metaspace: 14370K(15296K)->14370K(15296K) NonClass: 12410K(12992K)->12410K(12992K) Class: 1959K(2304K)->1959K(2304K)
[230.718s][info][gc             ] GC(952) Pause Young (Allocation Failure) 468M->12M(1812M) 3.032ms
[230.718s][info][gc,cpu         ] GC(952) User=0.00s Sys=0.00s Real=0.00s
[230.880s][info][gc,start       ] GC(953) Pause Young (System.gc())
[230.883s][info][gc,heap        ] GC(953) PSYoungGen: 204174K(457728K)->352K(457216K) Eden: 203406K(456704K)->0K(456704K) From: 768K(1024K)->352K(512K)
[230.883s][info][gc,heap        ] GC(953) ParOldGen: 11743K(1398272K)->11839K(1398272K)
[230.883s][info][gc,metaspace   ] GC(953) Metaspace: 14370K(15296K)->14370K(15296K) NonClass: 12410K(12992K)->12410K(12992K) Class: 1959K(2304K)->1959K(2304K)
[230.883s][info][gc             ] GC(953) Pause Young (System.gc()) 210M->11M(1812M) 3.109ms
[230.883s][info][gc,cpu         ] GC(953) User=0.00s Sys=0.00s Real=0.00s
[230.883s][info][gc,start       ] GC(954) Pause Full (System.gc())
[230.883s][info][gc,phases,start] GC(954) Marking Phase
[230.898s][info][gc,phases      ] GC(954) Marking Phase 15.032ms
[230.898s][info][gc,phases,start] GC(954) Summary Phase
[230.898s][info][gc,phases      ] GC(954) Summary Phase 0.031ms
[230.898s][info][gc,phases,start] GC(954) Adjust Roots
[230.905s][info][gc,phases      ] GC(954) Adjust Roots 6.093ms
[230.905s][info][gc,phases,start] GC(954) Compaction Phase
[230.907s][info][gc,phases      ] GC(954) Compaction Phase 2.005ms
[230.907s][info][gc,phases,start] GC(954) Post Compact
[230.907s][info][gc,phases      ] GC(954) Post Compact 0.519ms
[230.907s][info][gc,heap        ] GC(954) PSYoungGen: 352K(457216K)->0K(457216K) Eden: 0K(456704K)->0K(456704K) From: 352K(512K)->0K(512K)
[230.907s][info][gc,heap        ] GC(954) ParOldGen: 11839K(1398272K)->5374K(1398272K)
[230.907s][info][gc,metaspace   ] GC(954) Metaspace: 14370K(15296K)->14370K(15296K) NonClass: 12410K(12992K)->12410K(12992K) Class: 1959K(2304K)->1959K(2304K)
[230.907s][info][gc             ] GC(954) Pause Full (System.gc()) 11M->5M(1812M) 23.944ms
[230.907s][info][gc,cpu         ] GC(954) User=0.02s Sys=0.00s Real=0.02s
[231.270s][info][gc,start       ] GC(955) Pause Young (Allocation Failure)
[231.273s][info][gc,heap        ] GC(955) PSYoungGen: 456704K(457216K)->1536K(448000K) Eden: 456704K(456704K)->0K(446464K) From: 0K(512K)->1536K(1536K)
[231.273s][info][gc,heap        ] GC(955) ParOldGen: 5374K(1398272K)->5645K(1398272K)
[231.273s][info][gc,metaspace   ] GC(955) Metaspace: 14370K(15296K)->14370K(15296K) NonClass: 12410K(12992K)->12410K(12992K) Class: 1959K(2304K)->1959K(2304K)
[231.273s][info][gc             ] GC(955) Pause Young (Allocation Failure) 451M->7M(1803M) 2.907ms
[231.273s][info][gc,cpu         ] GC(955) User=0.00s Sys=0.00s Real=0.00s
[231.526s][info][gc,start       ] GC(956) Pause Young (Allocation Failure)
[231.529s][info][gc,heap        ] GC(956) PSYoungGen: 448000K(448000K)->1024K(437248K) Eden: 446464K(446464K)->0K(436224K) From: 1536K(1536K)->1024K(1024K)
[231.529s][info][gc,heap        ] GC(956) ParOldGen: 5645K(1398272K)->7154K(1398272K)
[231.529s][info][gc,metaspace   ] GC(956) Metaspace: 14370K(15296K)->14370K(15296K) NonClass: 12410K(12992K)->12410K(12992K) Class: 1959K(2304K)->1959K(2304K)
[231.529s][info][gc             ] GC(956) Pause Young (Allocation Failure) 443M->7M(1792M) 3.015ms
[231.530s][info][gc,cpu         ] GC(956) User=0.00s Sys=0.00s Real=0.00s
[231.808s][info][gc,start       ] GC(957) Pause Young (Allocation Failure)
[231.811s][info][gc,heap        ] GC(957) PSYoungGen: 437248K(437248K)->1024K(427520K) Eden: 436224K(436224K)->0K(426496K) From: 1024K(1024K)->1024K(1024K)
[231.811s][info][gc,heap        ] GC(957) ParOldGen: 7154K(1398272K)->7266K(1398272K)
[231.811s][info][gc,metaspace   ] GC(957) Metaspace: 14370K(15296K)->14370K(15296K) NonClass: 12410K(12992K)->12410K(12992K) Class: 1959K(2304K)->1959K(2304K)
[231.811s][info][gc             ] GC(957) Pause Young (Allocation Failure) 433M->8M(1783M) 2.936ms
[231.811s][info][gc,cpu         ] GC(957) User=0.00s Sys=0.00s Real=0.00s
[232.088s][info][gc,start       ] GC(958) Pause Young (Allocation Failure)
[232.091s][info][gc,heap        ] GC(958) PSYoungGen: 427520K(427520K)->992K(418304K) Eden: 426496K(426496K)->0K(417280K) From: 1024K(1024K)->992K(1024K)
[232.091s][info][gc,heap        ] GC(958) ParOldGen: 7266K(1398272K)->7410K(1398272K)
[232.091s][info][gc,metaspace   ] GC(958) Metaspace: 14370K(15296K)->14370K(15296K) NonClass: 12410K(12992K)->12410K(12992K) Class: 1959K(2304K)->1959K(2304K)
[232.091s][info][gc             ] GC(958) Pause Young (Allocation Failure) 424M->8M(1774M) 3.005ms
[232.091s][info][gc,cpu         ] GC(958) User=0.00s Sys=0.00s Real=0.00s
[232.362s][info][gc,start       ] GC(959) Pause Young (Allocation Failure)
[232.365s][info][gc,heap        ] GC(959) PSYoungGen: 418272K(418304K)->992K(409088K) Eden: 417280K(417280K)->0K(408064K) From: 992K(1024K)->992K(1024K)
[232.365s][info][gc,heap        ] GC(959) ParOldGen: 7410K(1398272K)->7546K(1398272K)
[232.365s][info][gc,metaspace   ] GC(959) Metaspace: 14370K(15296K)->14370K(15296K) NonClass: 12410K(12992K)->12410K(12992K) Class: 1959K(2304K)->1959K(2304K)
[232.365s][info][gc             ] GC(959) Pause Young (Allocation Failure) 415M->8M(1765M) 3.002ms
[232.365s][info][gc,cpu         ] GC(959) User=0.52s Sys=0.00s Real=0.00s
[232.629s][info][gc,start       ] GC(960) Pause Young (Allocation Failure)
[232.632s][info][gc,heap        ] GC(960) PSYoungGen: 409056K(409088K)->1024K(400384K) Eden: 408064K(408064K)->0K(399360K) From: 992K(1024K)->1024K(1024K)
[232.632s][info][gc,heap        ] GC(960) ParOldGen: 7546K(1398272K)->7690K(1398272K)
[232.632s][info][gc,metaspace   ] GC(960) Metaspace: 14370K(15296K)->14370K(15296K) NonClass: 12410K(12992K)->12410K(12992K) Class: 1959K(2304K)->1959K(2304K)
[232.632s][info][gc             ] GC(960) Pause Young (Allocation Failure) 406M->8M(1756M) 3.137ms
[232.632s][info][gc,cpu         ] GC(960) User=0.47s Sys=0.03s Real=0.00s
[232.890s][info][gc,start       ] GC(961) Pause Young (Allocation Failure)
[232.893s][info][gc,heap        ] GC(961) PSYoungGen: 400384K(400384K)->992K(480256K) Eden: 399360K(399360K)->0K(479232K) From: 1024K(1024K)->992K(1024K)
[232.893s][info][gc,heap        ] GC(961) ParOldGen: 7690K(1398272K)->7786K(1398272K)
[232.893s][info][gc,metaspace   ] GC(961) Metaspace: 14370K(15296K)->14370K(15296K) NonClass: 12410K(12992K)->12410K(12992K) Class: 1959K(2304K)->1959K(2304K)
[232.893s][info][gc             ] GC(961) Pause Young (Allocation Failure) 398M->8M(1834M) 3.116ms
[232.893s][info][gc,cpu         ] GC(961) User=0.00s Sys=0.00s Real=0.00s
[233.213s][info][gc,start       ] GC(962) Pause Young (Allocation Failure)
[233.216s][info][gc,heap        ] GC(962) PSYoungGen: 480224K(480256K)->1024K(534528K) Eden: 479232K(479232K)->0K(532992K) From: 992K(1024K)->1024K(1536K)
[233.216s][info][gc,heap        ] GC(962) ParOldGen: 7786K(1398272K)->7866K(1398272K)
[233.216s][info][gc,metaspace   ] GC(962) Metaspace: 14370K(15296K)->14370K(15296K) NonClass: 12410K(12992K)->12410K(12992K) Class: 1959K(2304K)->1959K(2304K)
[233.216s][info][gc             ] GC(962) Pause Young (Allocation Failure) 476M->8M(1887M) 3.389ms
[233.216s][info][gc,cpu         ] GC(962) User=0.00s Sys=0.00s Real=0.00s
[233.573s][info][gc,start       ] GC(963) Pause Young (Allocation Failure)
[233.576s][info][gc,heap        ] GC(963) PSYoungGen: 534016K(534528K)->992K(520704K) Eden: 532992K(532992K)->0K(519680K) From: 1024K(1536K)->992K(1024K)
[233.576s][info][gc,heap        ] GC(963) ParOldGen: 7866K(1398272K)->8026K(1398272K)
[233.576s][info][gc,metaspace   ] GC(963) Metaspace: 14370K(15296K)->14370K(15296K) NonClass: 12410K(12992K)->12410K(12992K) Class: 1959K(2304K)->1959K(2304K)
[233.576s][info][gc             ] GC(963) Pause Young (Allocation Failure) 529M->8M(1874M) 3.154ms
[233.576s][info][gc,cpu         ] GC(963) User=0.00s Sys=0.00s Real=0.00s
[233.916s][info][gc,start       ] GC(964) Pause Young (Allocation Failure)
[233.919s][info][gc,heap        ] GC(964) PSYoungGen: 520672K(520704K)->992K(507904K) Eden: 519680K(519680K)->0K(506880K) From: 992K(1024K)->992K(1024K)
[233.919s][info][gc,heap        ] GC(964) ParOldGen: 8026K(1398272K)->8186K(1398272K)
[233.919s][info][gc,metaspace   ] GC(964) Metaspace: 14370K(15296K)->14370K(15296K) NonClass: 12410K(12992K)->12410K(12992K) Class: 1959K(2304K)->1959K(2304K)
[233.919s][info][gc             ] GC(964) Pause Young (Allocation Failure) 516M->8M(1861M) 2.895ms
[233.919s][info][gc,cpu         ] GC(964) User=0.00s Sys=0.00s Real=0.00s
[234.274s][info][gc,start       ] GC(965) Pause Young (Allocation Failure)
[234.277s][info][gc,heap        ] GC(965) PSYoungGen: 507872K(507904K)->1024K(495616K) Eden: 506880K(506880K)->0K(494592K) From: 992K(1024K)->1024K(1024K)
[234.277s][info][gc,heap        ] GC(965) ParOldGen: 8186K(1398272K)->8322K(1398272K)
[234.277s][info][gc,metaspace   ] GC(965) Metaspace: 14370K(15296K)->14370K(15296K) NonClass: 12410K(12992K)->12410K(12992K) Class: 1959K(2304K)->1959K(2304K)
[234.277s][info][gc             ] GC(965) Pause Young (Allocation Failure) 503M->9M(1849M) 2.777ms
[234.277s][info][gc,cpu         ] GC(965) User=0.00s Sys=0.00s Real=0.00s
[234.598s][info][gc,start       ] GC(966) Pause Young (Allocation Failure)
[234.601s][info][gc,heap        ] GC(966) PSYoungGen: 495616K(495616K)->1024K(483840K) Eden: 494592K(494592K)->0K(482816K) From: 1024K(1024K)->1024K(1024K)
[234.601s][info][gc,heap        ] GC(966) ParOldGen: 8322K(1398272K)->8466K(1398272K)
[234.601s][info][gc,metaspace   ] GC(966) Metaspace: 14370K(15296K)->14370K(15296K) NonClass: 12410K(12992K)->12410K(12992K) Class: 1959K(2304K)->1959K(2304K)
[234.601s][info][gc             ] GC(966) Pause Young (Allocation Failure) 492M->9M(1838M) 2.898ms
[234.601s][info][gc,cpu         ] GC(966) User=0.00s Sys=0.00s Real=0.00s
[234.915s][info][gc,start       ] GC(967) Pause Young (Allocation Failure)
[234.917s][info][gc,heap        ] GC(967) PSYoungGen: 483840K(483840K)->1024K(472576K) Eden: 482816K(482816K)->0K(471552K) From: 1024K(1024K)->1024K(1024K)
[234.918s][info][gc,heap        ] GC(967) ParOldGen: 8466K(1398272K)->8594K(1398272K)
[234.918s][info][gc,metaspace   ] GC(967) Metaspace: 14370K(15296K)->14370K(15296K) NonClass: 12410K(12992K)->12410K(12992K) Class: 1959K(2304K)->1959K(2304K)
[234.918s][info][gc             ] GC(967) Pause Young (Allocation Failure) 480M->9M(1827M) 3.004ms
[234.918s][info][gc,cpu         ] GC(967) User=0.00s Sys=0.00s Real=0.00s
[235.224s][info][gc,start       ] GC(968) Pause Young (Allocation Failure)
[235.227s][info][gc,heap        ] GC(968) PSYoungGen: 472576K(472576K)->1024K(461824K) Eden: 471552K(471552K)->0K(460800K) From: 1024K(1024K)->1024K(1024K)
[235.227s][info][gc,heap        ] GC(968) ParOldGen: 8594K(1398272K)->8706K(1398272K)
[235.227s][info][gc,metaspace   ] GC(968) Metaspace: 14370K(15296K)->14370K(15296K) NonClass: 12410K(12992K)->12410K(12992K) Class: 1959K(2304K)->1959K(2304K)
[235.227s][info][gc             ] GC(968) Pause Young (Allocation Failure) 469M->9M(1816M) 2.971ms
[235.227s][info][gc,cpu         ] GC(968) User=0.00s Sys=0.00s Real=0.00s
[235.528s][info][gc,start       ] GC(969) Pause Young (Allocation Failure)
[235.531s][info][gc,heap        ] GC(969) PSYoungGen: 461824K(461824K)->992K(451072K) Eden: 460800K(460800K)->0K(450048K) From: 1024K(1024K)->992K(1024K)
[235.531s][info][gc,heap        ] GC(969) ParOldGen: 8706K(1398272K)->8850K(1398272K)
[235.531s][info][gc,metaspace   ] GC(969) Metaspace: 14370K(15296K)->14370K(15296K) NonClass: 12410K(12992K)->12410K(12992K) Class: 1959K(2304K)->1959K(2304K)
[235.531s][info][gc             ] GC(969) Pause Young (Allocation Failure) 459M->9M(1806M) 3.099ms
[235.531s][info][gc,cpu         ] GC(969) User=0.00s Sys=0.00s Real=0.00s
[235.823s][info][gc,start       ] GC(970) Pause Young (Allocation Failure)
[235.827s][info][gc,heap        ] GC(970) PSYoungGen: 451040K(451072K)->992K(440832K) Eden: 450048K(450048K)->0K(439808K) From: 992K(1024K)->992K(1024K)
[235.827s][info][gc,heap        ] GC(970) ParOldGen: 8850K(1398272K)->9018K(1398272K)
[235.827s][info][gc,metaspace   ] GC(970) Metaspace: 14370K(15296K)->14370K(15296K) NonClass: 12410K(12992K)->12410K(12992K) Class: 1959K(2304K)->1959K(2304K)
[235.827s][info][gc             ] GC(970) Pause Young (Allocation Failure) 449M->9M(1796M) 3.121ms
[235.827s][info][gc,cpu         ] GC(970) User=0.00s Sys=0.00s Real=0.00s
[236.111s][info][gc,start       ] GC(971) Pause Young (Allocation Failure)
[236.114s][info][gc,heap        ] GC(971) PSYoungGen: 440800K(440832K)->992K(431104K) Eden: 439808K(439808K)->0K(430080K) From: 992K(1024K)->992K(1024K)
[236.114s][info][gc,heap        ] GC(971) ParOldGen: 9018K(1398272K)->9138K(1398272K)
[236.114s][info][gc,metaspace   ] GC(971) Metaspace: 14370K(15296K)->14370K(15296K) NonClass: 12410K(12992K)->12410K(12992K) Class: 1959K(2304K)->1959K(2304K)
[236.114s][info][gc             ] GC(971) Pause Young (Allocation Failure) 439M->9M(1786M) 3.139ms
[236.114s][info][gc,cpu         ] GC(971) User=0.52s Sys=0.00s Real=0.00s
[236.392s][info][gc,start       ] GC(972) Pause Young (Allocation Failure)
[236.396s][info][gc,heap        ] GC(972) PSYoungGen: 431072K(431104K)->1024K(421888K) Eden: 430080K(430080K)->0K(420864K) From: 992K(1024K)->1024K(1024K)
[236.396s][info][gc,heap        ] GC(972) ParOldGen: 9138K(1398272K)->9258K(1398272K)
[236.396s][info][gc,metaspace   ] GC(972) Metaspace: 14370K(15296K)->14370K(15296K) NonClass: 12410K(12992K)->12410K(12992K) Class: 1959K(2304K)->1959K(2304K)
[236.396s][info][gc             ] GC(972) Pause Young (Allocation Failure) 429M->10M(1777M) 3.126ms
[236.396s][info][gc,cpu         ] GC(972) User=0.52s Sys=0.00s Real=0.00s
[236.666s][info][gc,start       ] GC(973) Pause Young (Allocation Failure)
[236.669s][info][gc,heap        ] GC(973) PSYoungGen: 421888K(421888K)->1024K(412672K) Eden: 420864K(420864K)->0K(411648K) From: 1024K(1024K)->1024K(1024K)
[236.669s][info][gc,heap        ] GC(973) ParOldGen: 9258K(1398272K)->9354K(1398272K)
[236.669s][info][gc,metaspace   ] GC(973) Metaspace: 14370K(15296K)->14370K(15296K) NonClass: 12410K(12992K)->12410K(12992K) Class: 1959K(2304K)->1959K(2304K)
[236.669s][info][gc             ] GC(973) Pause Young (Allocation Failure) 421M->10M(1768M) 3.220ms
[236.669s][info][gc,cpu         ] GC(973) User=0.00s Sys=0.00s Real=0.00s
[237.075s][info][gc,start       ] GC(974) Pause Young (Allocation Failure)
[237.080s][info][gc,heap        ] GC(974) PSYoungGen: 412672K(412672K)->1024K(403968K) Eden: 411648K(411648K)->0K(402944K) From: 1024K(1024K)->1024K(1024K)
[237.080s][info][gc,heap        ] GC(974) ParOldGen: 9354K(1398272K)->9466K(1398272K)
[237.080s][info][gc,metaspace   ] GC(974) Metaspace: 14370K(15296K)->14370K(15296K) NonClass: 12410K(12992K)->12410K(12992K) Class: 1959K(2304K)->1959K(2304K)
[237.080s][info][gc             ] GC(974) Pause Young (Allocation Failure) 412M->10M(1760M) 4.359ms
[237.080s][info][gc,cpu         ] GC(974) User=0.00s Sys=0.00s Real=0.00s
[237.354s][info][gc,start       ] GC(975) Pause Young (Allocation Failure)
[237.357s][info][gc,heap        ] GC(975) PSYoungGen: 403968K(403968K)->992K(395264K) Eden: 402944K(402944K)->0K(394240K) From: 1024K(1024K)->992K(1024K)
[237.357s][info][gc,heap        ] GC(975) ParOldGen: 9466K(1398272K)->9546K(1398272K)
[237.357s][info][gc,metaspace   ] GC(975) Metaspace: 14370K(15296K)->14370K(15296K) NonClass: 12410K(12992K)->12410K(12992K) Class: 1959K(2304K)->1959K(2304K)
[237.357s][info][gc             ] GC(975) Pause Young (Allocation Failure) 403M->10M(1751M) 3.007ms
[237.357s][info][gc,cpu         ] GC(975) User=0.00s Sys=0.00s Real=0.00s
[237.651s][info][gc,start       ] GC(976) Pause Young (Allocation Failure)
[237.654s][info][gc,heap        ] GC(976) PSYoungGen: 395232K(395264K)->1024K(387072K) Eden: 394240K(394240K)->0K(386048K) From: 992K(1024K)->1024K(1024K)
[237.654s][info][gc,heap        ] GC(976) ParOldGen: 9546K(1398272K)->9658K(1398272K)
[237.654s][info][gc,metaspace   ] GC(976) Metaspace: 14370K(15296K)->14370K(15296K) NonClass: 12410K(12992K)->12410K(12992K) Class: 1959K(2304K)->1959K(2304K)
[237.654s][info][gc             ] GC(976) Pause Young (Allocation Failure) 395M->10M(1743M) 2.730ms
[237.654s][info][gc,cpu         ] GC(976) User=0.00s Sys=0.00s Real=0.00s
[237.902s][info][gc,start       ] GC(977) Pause Young (Allocation Failure)
[237.905s][info][gc,heap        ] GC(977) PSYoungGen: 387072K(387072K)->1024K(379392K) Eden: 386048K(386048K)->0K(378368K) From: 1024K(1024K)->1024K(1024K)
[237.905s][info][gc,heap        ] GC(977) ParOldGen: 9658K(1398272K)->9794K(1398272K)
[237.905s][info][gc,metaspace   ] GC(977) Metaspace: 14370K(15296K)->14370K(15296K) NonClass: 12410K(12992K)->12410K(12992K) Class: 1959K(2304K)->1959K(2304K)
[237.905s][info][gc             ] GC(977) Pause Young (Allocation Failure) 387M->10M(1736M) 2.766ms
[237.905s][info][gc,cpu         ] GC(977) User=0.00s Sys=0.00s Real=0.00s
[238.148s][info][gc,start       ] GC(978) Pause Young (Allocation Failure)
[238.151s][info][gc,heap        ] GC(978) PSYoungGen: 379392K(379392K)->1024K(371712K) Eden: 378368K(378368K)->0K(370688K) From: 1024K(1024K)->1024K(1024K)
[238.151s][info][gc,heap        ] GC(978) ParOldGen: 9794K(1398272K)->9898K(1398272K)
[238.151s][info][gc,metaspace   ] GC(978) Metaspace: 14370K(15296K)->14370K(15296K) NonClass: 12410K(12992K)->12410K(12992K) Class: 1959K(2304K)->1959K(2304K)
[238.151s][info][gc             ] GC(978) Pause Young (Allocation Failure) 380M->10M(1728M) 2.788ms
[238.151s][info][gc,cpu         ] GC(978) User=0.00s Sys=0.00s Real=0.00s
[238.392s][info][gc,start       ] GC(979) Pause Young (Allocation Failure)
[238.395s][info][gc,heap        ] GC(979) PSYoungGen: 371712K(371712K)->1024K(364544K) Eden: 370688K(370688K)->0K(363520K) From: 1024K(1024K)->1024K(1024K)
[238.395s][info][gc,heap        ] GC(979) ParOldGen: 9898K(1398272K)->10018K(1398272K)
[238.395s][info][gc,metaspace   ] GC(979) Metaspace: 14370K(15296K)->14370K(15296K) NonClass: 12410K(12992K)->12410K(12992K) Class: 1959K(2304K)->1959K(2304K)
[238.395s][info][gc             ] GC(979) Pause Young (Allocation Failure) 372M->10M(1721M) 2.835ms
[238.395s][info][gc,cpu         ] GC(979) User=0.00s Sys=0.00s Real=0.00s
[238.632s][info][gc,start       ] GC(980) Pause Young (Allocation Failure)
[238.635s][info][gc,heap        ] GC(980) PSYoungGen: 364544K(364544K)->992K(437248K) Eden: 363520K(363520K)->0K(436224K) From: 1024K(1024K)->992K(1024K)
[238.635s][info][gc,heap        ] GC(980) ParOldGen: 10018K(1398272K)->10122K(1398272K)
[238.635s][info][gc,metaspace   ] GC(980) Metaspace: 14370K(15296K)->14370K(15296K) NonClass: 12410K(12992K)->12410K(12992K) Class: 1959K(2304K)->1959K(2304K)
[238.635s][info][gc             ] GC(980) Pause Young (Allocation Failure) 365M->10M(1792M) 2.862ms
[238.635s][info][gc,cpu         ] GC(980) User=0.00s Sys=0.00s Real=0.00s
[238.917s][info][gc,start       ] GC(981) Pause Young (Allocation Failure)
[238.920s][info][gc,heap        ] GC(981) PSYoungGen: 437216K(437248K)->992K(525312K) Eden: 436224K(436224K)->0K(523776K) From: 992K(1024K)->992K(1536K)
[238.920s][info][gc,heap        ] GC(981) ParOldGen: 10122K(1398272K)->10226K(1398272K)
[238.920s][info][gc,metaspace   ] GC(981) Metaspace: 14370K(15296K)->14370K(15296K) NonClass: 12410K(12992K)->12410K(12992K) Class: 1959K(2304K)->1959K(2304K)
[238.920s][info][gc             ] GC(981) Pause Young (Allocation Failure) 436M->10M(1878M) 2.933ms
[238.920s][info][gc,cpu         ] GC(981) User=0.00s Sys=0.00s Real=0.00s
[239.256s][info][gc,start       ] GC(982) Pause Young (Allocation Failure)
[239.260s][info][gc,heap        ] GC(982) PSYoungGen: 524768K(525312K)->1024K(512000K) Eden: 523776K(523776K)->0K(510976K) From: 992K(1536K)->1024K(1024K)
[239.260s][info][gc,heap        ] GC(982) ParOldGen: 10226K(1398272K)->10346K(1398272K)
[239.260s][info][gc,metaspace   ] GC(982) Metaspace: 14370K(15296K)->14370K(15296K) NonClass: 12410K(12992K)->12410K(12992K) Class: 1959K(2304K)->1959K(2304K)
[239.260s][info][gc             ] GC(982) Pause Young (Allocation Failure) 522M->11M(1865M) 3.203ms
[239.260s][info][gc,cpu         ] GC(982) User=0.00s Sys=0.00s Real=0.00s
[239.589s][info][gc,start       ] GC(983) Pause Young (Allocation Failure)
[239.592s][info][gc,heap        ] GC(983) PSYoungGen: 512000K(512000K)->1024K(499712K) Eden: 510976K(510976K)->0K(498688K) From: 1024K(1024K)->1024K(1024K)
[239.592s][info][gc,heap        ] GC(983) ParOldGen: 10346K(1398272K)->10474K(1398272K)
[239.592s][info][gc,metaspace   ] GC(983) Metaspace: 14370K(15296K)->14370K(15296K) NonClass: 12410K(12992K)->12410K(12992K) Class: 1959K(2304K)->1959K(2304K)
[239.593s][info][gc             ] GC(983) Pause Young (Allocation Failure) 510M->11M(1853M) 3.212ms
[239.593s][info][gc,cpu         ] GC(983) User=0.00s Sys=0.00s Real=0.00s
[239.967s][info][gc,start       ] GC(984) Pause Young (Allocation Failure)
[239.971s][info][gc,heap        ] GC(984) PSYoungGen: 499712K(499712K)->1024K(487936K) Eden: 498688K(498688K)->0K(486912K) From: 1024K(1024K)->1024K(1024K)
[239.971s][info][gc,heap        ] GC(984) ParOldGen: 10474K(1398272K)->10594K(1398272K)
[239.971s][info][gc,metaspace   ] GC(984) Metaspace: 14370K(15296K)->14370K(15296K) NonClass: 12410K(12992K)->12410K(12992K) Class: 1959K(2304K)->1959K(2304K)
[239.971s][info][gc             ] GC(984) Pause Young (Allocation Failure) 498M->11M(1842M) 4.208ms
[239.971s][info][gc,cpu         ] GC(984) User=0.00s Sys=0.00s Real=0.00s
[240.306s][info][gc,start       ] GC(985) Pause Young (Allocation Failure)
[240.309s][info][gc,heap        ] GC(985) PSYoungGen: 487936K(487936K)->1024K(476672K) Eden: 486912K(486912K)->0K(475648K) From: 1024K(1024K)->1024K(1024K)
[240.309s][info][gc,heap        ] GC(985) ParOldGen: 10594K(1398272K)->10730K(1398272K)
[240.309s][info][gc,metaspace   ] GC(985) Metaspace: 14370K(15296K)->14370K(15296K) NonClass: 12410K(12992K)->12410K(12992K) Class: 1959K(2304K)->1959K(2304K)
[240.309s][info][gc             ] GC(985) Pause Young (Allocation Failure) 486M->11M(1831M) 2.880ms
[240.309s][info][gc,cpu         ] GC(985) User=0.00s Sys=0.00s Real=0.00s
[240.644s][info][gc,start       ] GC(986) Pause Young (Allocation Failure)
[240.647s][info][gc,heap        ] GC(986) PSYoungGen: 476672K(476672K)->1024K(465408K) Eden: 475648K(475648K)->0K(464384K) From: 1024K(1024K)->1024K(1024K)
[240.647s][info][gc,heap        ] GC(986) ParOldGen: 10730K(1398272K)->10882K(1398272K)
[240.647s][info][gc,metaspace   ] GC(986) Metaspace: 14370K(15296K)->14370K(15296K) NonClass: 12410K(12992K)->12410K(12992K) Class: 1959K(2304K)->1959K(2304K)
[240.647s][info][gc             ] GC(986) Pause Young (Allocation Failure) 475M->11M(1820M) 2.664ms
[240.647s][info][gc,cpu         ] GC(986) User=0.02s Sys=0.00s Real=0.00s
[240.948s][info][gc,start       ] GC(987) Pause Young (Allocation Failure)
[240.950s][info][gc,heap        ] GC(987) PSYoungGen: 465408K(465408K)->1024K(454656K) Eden: 464384K(464384K)->0K(453632K) From: 1024K(1024K)->1024K(1024K)
[240.950s][info][gc,heap        ] GC(987) ParOldGen: 10882K(1398272K)->11018K(1398272K)
[240.950s][info][gc,metaspace   ] GC(987) Metaspace: 14370K(15296K)->14370K(15296K) NonClass: 12410K(12992K)->12410K(12992K) Class: 1959K(2304K)->1959K(2304K)
[240.950s][info][gc             ] GC(987) Pause Young (Allocation Failure) 465M->11M(1809M) 2.833ms
[240.950s][info][gc,cpu         ] GC(987) User=0.00s Sys=0.00s Real=0.00s
[241.244s][info][gc,start       ] GC(988) Pause Young (Allocation Failure)
[241.247s][info][gc,heap        ] GC(988) PSYoungGen: 454656K(454656K)->1024K(444416K) Eden: 453632K(453632K)->0K(443392K) From: 1024K(1024K)->1024K(1024K)
[241.247s][info][gc,heap        ] GC(988) ParOldGen: 11018K(1398272K)->11158K(1398272K)
[241.247s][info][gc,metaspace   ] GC(988) Metaspace: 14370K(15296K)->14370K(15296K) NonClass: 12410K(12992K)->12410K(12992K) Class: 1959K(2304K)->1959K(2304K)
[241.247s][info][gc             ] GC(988) Pause Young (Allocation Failure) 454M->11M(1799M) 2.901ms
[241.247s][info][gc,cpu         ] GC(988) User=0.00s Sys=0.00s Real=0.00s
[241.537s][info][gc,start       ] GC(989) Pause Young (Allocation Failure)
[241.539s][info][gc,heap        ] GC(989) PSYoungGen: 444416K(444416K)->992K(434688K) Eden: 443392K(443392K)->0K(433664K) From: 1024K(1024K)->992K(1024K)
[241.540s][info][gc,heap        ] GC(989) ParOldGen: 11158K(1398272K)->11294K(1398272K)
[241.540s][info][gc,metaspace   ] GC(989) Metaspace: 14370K(15296K)->14370K(15296K) NonClass: 12410K(12992K)->12410K(12992K) Class: 1959K(2304K)->1959K(2304K)
[241.540s][info][gc             ] GC(989) Pause Young (Allocation Failure) 444M->11M(1790M) 2.887ms
[241.540s][info][gc,cpu         ] GC(989) User=0.00s Sys=0.00s Real=0.00s
[241.824s][info][gc,start       ] GC(990) Pause Young (Allocation Failure)
[241.827s][info][gc,heap        ] GC(990) PSYoungGen: 434656K(434688K)->1024K(424960K) Eden: 433664K(433664K)->0K(423936K) From: 992K(1024K)->1024K(1024K)
[241.827s][info][gc,heap        ] GC(990) ParOldGen: 11294K(1398272K)->11390K(1398272K)
[241.827s][info][gc,metaspace   ] GC(990) Metaspace: 14370K(15296K)->14370K(15296K) NonClass: 12410K(12992K)->12410K(12992K) Class: 1959K(2304K)->1959K(2304K)
[241.827s][info][gc             ] GC(990) Pause Young (Allocation Failure) 435M->12M(1780M) 2.888ms
[241.827s][info][gc,cpu         ] GC(990) User=0.00s Sys=0.00s Real=0.00s
[242.100s][info][gc,start       ] GC(991) Pause Young (Allocation Failure)
[242.103s][info][gc,heap        ] GC(991) PSYoungGen: 424960K(424960K)->1024K(415744K) Eden: 423936K(423936K)->0K(414720K) From: 1024K(1024K)->1024K(1024K)
[242.103s][info][gc,heap        ] GC(991) ParOldGen: 11390K(1398272K)->11526K(1398272K)
[242.103s][info][gc,metaspace   ] GC(991) Metaspace: 14370K(15296K)->14370K(15296K) NonClass: 12410K(12992K)->12410K(12992K) Class: 1959K(2304K)->1959K(2304K)
[242.103s][info][gc             ] GC(991) Pause Young (Allocation Failure) 426M->12M(1771M) 2.973ms
[242.103s][info][gc,cpu         ] GC(991) User=0.00s Sys=0.00s Real=0.00s
[242.369s][info][gc,start       ] GC(992) Pause Young (Allocation Failure)
[242.372s][info][gc,heap        ] GC(992) PSYoungGen: 415744K(415744K)->1024K(407040K) Eden: 414720K(414720K)->0K(406016K) From: 1024K(1024K)->1024K(1024K)
[242.372s][info][gc,heap        ] GC(992) ParOldGen: 11526K(1398272K)->11646K(1398272K)
[242.372s][info][gc,metaspace   ] GC(992) Metaspace: 14370K(15296K)->14370K(15296K) NonClass: 12410K(12992K)->12410K(12992K) Class: 1959K(2304K)->1959K(2304K)
[242.372s][info][gc             ] GC(992) Pause Young (Allocation Failure) 417M->12M(1763M) 3.013ms
[242.372s][info][gc,cpu         ] GC(992) User=0.00s Sys=0.00s Real=0.00s
[242.623s][info][gc,start       ] GC(993) Pause Young (Allocation Failure)
[242.625s][info][gc,heap        ] GC(993) PSYoungGen: 407040K(407040K)->992K(398336K) Eden: 406016K(406016K)->0K(397312K) From: 1024K(1024K)->992K(1024K)
[242.626s][info][gc,heap        ] GC(993) ParOldGen: 11646K(1398272K)->11758K(1398272K)
[242.626s][info][gc,metaspace   ] GC(993) Metaspace: 14370K(15296K)->14370K(15296K) NonClass: 12410K(12992K)->12410K(12992K) Class: 1959K(2304K)->1959K(2304K)
[242.626s][info][gc             ] GC(993) Pause Young (Allocation Failure) 408M->12M(1754M) 3.038ms
[242.626s][info][gc,cpu         ] GC(993) User=0.00s Sys=0.00s Real=0.00s
[242.870s][info][gc,start       ] GC(994) Pause Young (Allocation Failure)
[242.873s][info][gc,heap        ] GC(994) PSYoungGen: 398304K(398336K)->960K(478208K) Eden: 397312K(397312K)->0K(477184K) From: 992K(1024K)->960K(1024K)
[242.873s][info][gc,heap        ] GC(994) ParOldGen: 11758K(1398272K)->11870K(1398272K)
[242.873s][info][gc,metaspace   ] GC(994) Metaspace: 14370K(15296K)->14370K(15296K) NonClass: 12410K(12992K)->12410K(12992K) Class: 1959K(2304K)->1959K(2304K)
[242.873s][info][gc             ] GC(994) Pause Young (Allocation Failure) 400M->12M(1832M) 3.085ms
[242.873s][info][gc,cpu         ] GC(994) User=0.00s Sys=0.00s Real=0.00s
[243.142s][info][gc,start       ] GC(995) Pause Young (Allocation Failure)
[243.145s][info][gc,heap        ] GC(995) PSYoungGen: 478144K(478208K)->896K(518656K) Eden: 477184K(477184K)->0K(517120K) From: 960K(1024K)->896K(1536K)
[243.145s][info][gc,heap        ] GC(995) ParOldGen: 11870K(1398272K)->11942K(1398272K)
[243.145s][info][gc,metaspace   ] GC(995) Metaspace: 14370K(15296K)->14370K(15296K) NonClass: 12410K(12992K)->12410K(12992K) Class: 1959K(2304K)->1959K(2304K)
[243.146s][info][gc             ] GC(995) Pause Young (Allocation Failure) 478M->12M(1872M) 3.420ms
[243.146s][info][gc,cpu         ] GC(995) User=0.02s Sys=0.11s Real=0.00s
[243.391s][info][gc,start       ] GC(996) Pause Young (System.gc())
[243.394s][info][gc,heap        ] GC(996) PSYoungGen: 316598K(518656K)->672K(574464K) Eden: 315702K(517120K)->0K(572928K) From: 896K(1536K)->672K(1536K)
[243.394s][info][gc,heap        ] GC(996) ParOldGen: 11942K(1398272K)->12038K(1398272K)
[243.394s][info][gc,metaspace   ] GC(996) Metaspace: 14370K(15296K)->14370K(15296K) NonClass: 12410K(12992K)->12410K(12992K) Class: 1959K(2304K)->1959K(2304K)
[243.394s][info][gc             ] GC(996) Pause Young (System.gc()) 320M->12M(1926M) 3.491ms
[243.394s][info][gc,cpu         ] GC(996) User=0.00s Sys=0.00s Real=0.00s
[243.394s][info][gc,start       ] GC(997) Pause Full (System.gc())
[243.394s][info][gc,phases,start] GC(997) Marking Phase
[243.409s][info][gc,phases      ] GC(997) Marking Phase 14.177ms
[243.409s][info][gc,phases,start] GC(997) Summary Phase
[243.409s][info][gc,phases      ] GC(997) Summary Phase 0.014ms
[243.409s][info][gc,phases,start] GC(997) Adjust Roots
[243.414s][info][gc,phases      ] GC(997) Adjust Roots 5.504ms
[243.414s][info][gc,phases,start] GC(997) Compaction Phase
[243.417s][info][gc,phases      ] GC(997) Compaction Phase 2.443ms
[243.417s][info][gc,phases,start] GC(997) Post Compact
[243.417s][info][gc,phases      ] GC(997) Post Compact 0.580ms
[243.417s][info][gc,heap        ] GC(997) PSYoungGen: 672K(574464K)->0K(574464K) Eden: 0K(572928K)->0K(572928K) From: 672K(1536K)->0K(1536K)
[243.417s][info][gc,heap        ] GC(997) ParOldGen: 12038K(1398272K)->5375K(1398272K)
[243.417s][info][gc,metaspace   ] GC(997) Metaspace: 14370K(15296K)->14370K(15296K) NonClass: 12410K(12992K)->12410K(12992K) Class: 1959K(2304K)->1959K(2304K)
[243.417s][info][gc             ] GC(997) Pause Full (System.gc()) 12M->5M(1926M) 23.020ms
[243.417s][info][gc,cpu         ] GC(997) User=0.52s Sys=0.00s Real=0.02s
[243.881s][info][gc,start       ] GC(998) Pause Young (Allocation Failure)
[243.885s][info][gc,heap        ] GC(998) PSYoungGen: 572928K(574464K)->1536K(559616K) Eden: 572928K(572928K)->0K(558080K) From: 0K(1536K)->1536K(1536K)
[243.885s][info][gc,heap        ] GC(998) ParOldGen: 5375K(1398272K)->5779K(1398272K)
[243.885s][info][gc,metaspace   ] GC(998) Metaspace: 14370K(15296K)->14370K(15296K) NonClass: 12410K(12992K)->12410K(12992K) Class: 1959K(2304K)->1959K(2304K)
[243.885s][info][gc             ] GC(998) Pause Young (Allocation Failure) 564M->7M(1912M) 4.023ms
[243.885s][info][gc,cpu         ] GC(998) User=0.00s Sys=0.00s Real=0.00s
[244.331s][info][gc,start       ] GC(999) Pause Young (Allocation Failure)
[244.334s][info][gc,heap        ] GC(999) PSYoungGen: 559616K(559616K)->512K(544256K) Eden: 558080K(558080K)->0K(543744K) From: 1536K(1536K)->512K(512K)
[244.334s][info][gc,heap        ] GC(999) ParOldGen: 5779K(1398272K)->7178K(1398272K)
[244.334s][info][gc,metaspace   ] GC(999) Metaspace: 14370K(15296K)->14370K(15296K) NonClass: 12410K(12992K)->12410K(12992K) Class: 1959K(2304K)->1959K(2304K)
[244.334s][info][gc             ] GC(999) Pause Young (Allocation Failure) 552M->7M(1897M) 3.058ms
[244.334s][info][gc,cpu         ] GC(999) User=0.52s Sys=0.00s Real=0.00s
[244.719s][info][gc,start       ] GC(1000) Pause Young (Allocation Failure)
[244.722s][info][gc,heap        ] GC(1000) PSYoungGen: 544256K(544256K)->1056K(531968K) Eden: 543744K(543744K)->0K(529920K) From: 512K(512K)->1056K(2048K)
[244.722s][info][gc,heap        ] GC(1000) ParOldGen: 7178K(1398272K)->7226K(1398272K)
[244.722s][info][gc,metaspace   ] GC(1000) Metaspace: 14370K(15296K)->14370K(15296K) NonClass: 12410K(12992K)->12410K(12992K) Class: 1959K(2304K)->1959K(2304K)
[244.722s][info][gc             ] GC(1000) Pause Young (Allocation Failure) 538M->8M(1885M) 2.772ms
[244.722s][info][gc,cpu         ] GC(1000) User=0.00s Sys=0.00s Real=0.00s
[245.079s][info][gc,start       ] GC(1001) Pause Young (Allocation Failure)
[245.082s][info][gc,heap        ] GC(1001) PSYoungGen: 530976K(531968K)->1024K(517632K) Eden: 529920K(529920K)->0K(516608K) From: 1056K(2048K)->1024K(1024K)
[245.082s][info][gc,heap        ] GC(1001) ParOldGen: 7226K(1398272K)->7394K(1398272K)
[245.082s][info][gc,metaspace   ] GC(1001) Metaspace: 14370K(15296K)->14370K(15296K) NonClass: 12410K(12992K)->12410K(12992K) Class: 1959K(2304K)->1959K(2304K)
[245.082s][info][gc             ] GC(1001) Pause Young (Allocation Failure) 525M->8M(1871M) 3.118ms
[245.082s][info][gc,cpu         ] GC(1001) User=0.00s Sys=0.00s Real=0.00s
[245.432s][info][gc,start       ] GC(1002) Pause Young (Allocation Failure)
[245.435s][info][gc,heap        ] GC(1002) PSYoungGen: 517632K(517632K)->1024K(504832K) Eden: 516608K(516608K)->0K(503808K) From: 1024K(1024K)->1024K(1024K)
[245.435s][info][gc,heap        ] GC(1002) ParOldGen: 7394K(1398272K)->7522K(1398272K)
[245.435s][info][gc,metaspace   ] GC(1002) Metaspace: 14370K(15296K)->14370K(15296K) NonClass: 12410K(12992K)->12410K(12992K) Class: 1959K(2304K)->1959K(2304K)
[245.435s][info][gc             ] GC(1002) Pause Young (Allocation Failure) 512M->8M(1858M) 3.096ms
[245.435s][info][gc,cpu         ] GC(1002) User=0.00s Sys=0.00s Real=0.00s
[245.776s][info][gc,start       ] GC(1003) Pause Young (Allocation Failure)
[245.779s][info][gc,heap        ] GC(1003) PSYoungGen: 504832K(504832K)->1056K(493056K) Eden: 503808K(503808K)->0K(491520K) From: 1024K(1024K)->1056K(1536K)
[245.779s][info][gc,heap        ] GC(1003) ParOldGen: 7522K(1398272K)->7642K(1398272K)
[245.779s][info][gc,metaspace   ] GC(1003) Metaspace: 14370K(15296K)->14370K(15296K) NonClass: 12410K(12992K)->12410K(12992K) Class: 1959K(2304K)->1959K(2304K)
[245.779s][info][gc             ] GC(1003) Pause Young (Allocation Failure) 500M->8M(1847M) 3.091ms
[245.779s][info][gc,cpu         ] GC(1003) User=0.00s Sys=0.00s Real=0.00s
[246.114s][info][gc,start       ] GC(1004) Pause Young (Allocation Failure)
[246.117s][info][gc,heap        ] GC(1004) PSYoungGen: 492576K(493056K)->1024K(480768K) Eden: 491520K(491520K)->0K(479744K) From: 1056K(1536K)->1024K(1024K)
[246.117s][info][gc,heap        ] GC(1004) ParOldGen: 7642K(1398272K)->7746K(1398272K)
[246.117s][info][gc,metaspace   ] GC(1004) Metaspace: 14370K(15296K)->14370K(15296K) NonClass: 12410K(12992K)->12410K(12992K) Class: 1959K(2304K)->1959K(2304K)
[246.117s][info][gc             ] GC(1004) Pause Young (Allocation Failure) 488M->8M(1835M) 3.102ms
[246.117s][info][gc,cpu         ] GC(1004) User=0.00s Sys=0.00s Real=0.00s
[246.443s][info][gc,start       ] GC(1005) Pause Young (Allocation Failure)
[246.446s][info][gc,heap        ] GC(1005) PSYoungGen: 480768K(480768K)->1024K(469504K) Eden: 479744K(479744K)->0K(468480K) From: 1024K(1024K)->1024K(1024K)
[246.446s][info][gc,heap        ] GC(1005) ParOldGen: 7746K(1398272K)->7906K(1398272K)
[246.446s][info][gc,metaspace   ] GC(1005) Metaspace: 14370K(15296K)->14370K(15296K) NonClass: 12410K(12992K)->12410K(12992K) Class: 1959K(2304K)->1959K(2304K)
[246.446s][info][gc             ] GC(1005) Pause Young (Allocation Failure) 477M->8M(1824M) 3.186ms
[246.446s][info][gc,cpu         ] GC(1005) User=0.00s Sys=0.00s Real=0.00s
[246.766s][info][gc,start       ] GC(1006) Pause Young (Allocation Failure)
[246.769s][info][gc,heap        ] GC(1006) PSYoungGen: 469504K(469504K)->1024K(458752K) Eden: 468480K(468480K)->0K(457728K) From: 1024K(1024K)->1024K(1024K)
[246.769s][info][gc,heap        ] GC(1006) ParOldGen: 7906K(1398272K)->8018K(1398272K)
[246.769s][info][gc,metaspace   ] GC(1006) Metaspace: 14370K(15296K)->14370K(15296K) NonClass: 12410K(12992K)->12410K(12992K) Class: 1959K(2304K)->1959K(2304K)
[246.769s][info][gc             ] GC(1006) Pause Young (Allocation Failure) 466M->8M(1813M) 3.215ms
[246.769s][info][gc,cpu         ] GC(1006) User=0.00s Sys=0.00s Real=0.00s
[247.078s][info][gc,start       ] GC(1007) Pause Young (Allocation Failure)
[247.081s][info][gc,heap        ] GC(1007) PSYoungGen: 458752K(458752K)->1024K(448512K) Eden: 457728K(457728K)->0K(447488K) From: 1024K(1024K)->1024K(1024K)
[247.081s][info][gc,heap        ] GC(1007) ParOldGen: 8018K(1398272K)->8138K(1398272K)
[247.081s][info][gc,metaspace   ] GC(1007) Metaspace: 14370K(15296K)->14370K(15296K) NonClass: 12410K(12992K)->12410K(12992K) Class: 1959K(2304K)->1959K(2304K)
[247.081s][info][gc             ] GC(1007) Pause Young (Allocation Failure) 455M->8M(1803M) 3.193ms
[247.081s][info][gc,cpu         ] GC(1007) User=0.00s Sys=0.00s Real=0.00s
[247.381s][info][gc,start       ] GC(1008) Pause Young (Allocation Failure)
[247.384s][info][gc,heap        ] GC(1008) PSYoungGen: 448512K(448512K)->1024K(438272K) Eden: 447488K(447488K)->0K(437248K) From: 1024K(1024K)->1024K(1024K)
[247.384s][info][gc,heap        ] GC(1008) ParOldGen: 8138K(1398272K)->8242K(1398272K)
[247.384s][info][gc,metaspace   ] GC(1008) Metaspace: 14370K(15296K)->14370K(15296K) NonClass: 12410K(12992K)->12410K(12992K) Class: 1959K(2304K)->1959K(2304K)
[247.385s][info][gc             ] GC(1008) Pause Young (Allocation Failure) 445M->9M(1793M) 3.261ms
[247.385s][info][gc,cpu         ] GC(1008) User=0.00s Sys=0.00s Real=0.00s
[247.686s][info][gc,start       ] GC(1009) Pause Young (Allocation Failure)
[247.689s][info][gc,heap        ] GC(1009) PSYoungGen: 438272K(438272K)->992K(428544K) Eden: 437248K(437248K)->0K(427520K) From: 1024K(1024K)->992K(1024K)
[247.689s][info][gc,heap        ] GC(1009) ParOldGen: 8242K(1398272K)->8370K(1398272K)
[247.689s][info][gc,metaspace   ] GC(1009) Metaspace: 14370K(15296K)->14370K(15296K) NonClass: 12410K(12992K)->12410K(12992K) Class: 1959K(2304K)->1959K(2304K)
[247.689s][info][gc             ] GC(1009) Pause Young (Allocation Failure) 436M->9M(1784M) 3.183ms
[247.689s][info][gc,cpu         ] GC(1009) User=0.00s Sys=0.00s Real=0.00s
[247.989s][info][gc,start       ] GC(1010) Pause Young (Allocation Failure)
[247.992s][info][gc,heap        ] GC(1010) PSYoungGen: 428512K(428544K)->1056K(419840K) Eden: 427520K(427520K)->0K(418304K) From: 992K(1024K)->1056K(1536K)
[247.992s][info][gc,heap        ] GC(1010) ParOldGen: 8370K(1398272K)->8450K(1398272K)
[247.992s][info][gc,metaspace   ] GC(1010) Metaspace: 14370K(15296K)->14370K(15296K) NonClass: 12410K(12992K)->12410K(12992K) Class: 1959K(2304K)->1959K(2304K)
[247.992s][info][gc             ] GC(1010) Pause Young (Allocation Failure) 426M->9M(1775M) 2.954ms
[247.992s][info][gc,cpu         ] GC(1010) User=0.00s Sys=0.00s Real=0.00s
[248.298s][info][gc,start       ] GC(1011) Pause Young (Allocation Failure)
[248.300s][info][gc,heap        ] GC(1011) PSYoungGen: 419360K(419840K)->1024K(410112K) Eden: 418304K(418304K)->0K(409088K) From: 1056K(1536K)->1024K(1024K)
[248.301s][info][gc,heap        ] GC(1011) ParOldGen: 8450K(1398272K)->8570K(1398272K)
[248.301s][info][gc,metaspace   ] GC(1011) Metaspace: 14370K(15296K)->14370K(15296K) NonClass: 12410K(12992K)->12410K(12992K) Class: 1959K(2304K)->1959K(2304K)
[248.301s][info][gc             ] GC(1011) Pause Young (Allocation Failure) 417M->9M(1766M) 2.690ms
[248.301s][info][gc,cpu         ] GC(1011) User=0.00s Sys=0.00s Real=0.00s
[248.575s][info][gc,start       ] GC(1012) Pause Young (Allocation Failure)
[248.577s][info][gc,heap        ] GC(1012) PSYoungGen: 410112K(410112K)->1024K(401408K) Eden: 409088K(409088K)->0K(400384K) From: 1024K(1024K)->1024K(1024K)
[248.577s][info][gc,heap        ] GC(1012) ParOldGen: 8570K(1398272K)->8682K(1398272K)
[248.577s][info][gc,metaspace   ] GC(1012) Metaspace: 14370K(15296K)->14370K(15296K) NonClass: 12410K(12992K)->12410K(12992K) Class: 1959K(2304K)->1959K(2304K)
[248.577s][info][gc             ] GC(1012) Pause Young (Allocation Failure) 408M->9M(1757M) 2.831ms
[248.577s][info][gc,cpu         ] GC(1012) User=0.00s Sys=0.00s Real=0.00s
[248.852s][info][gc,start       ] GC(1013) Pause Young (Allocation Failure)
[248.855s][info][gc,heap        ] GC(1013) PSYoungGen: 401408K(401408K)->992K(393216K) Eden: 400384K(400384K)->0K(392192K) From: 1024K(1024K)->992K(1024K)
[248.855s][info][gc,heap        ] GC(1013) ParOldGen: 8682K(1398272K)->8810K(1398272K)
[248.855s][info][gc,metaspace   ] GC(1013) Metaspace: 14370K(15296K)->14370K(15296K) NonClass: 12410K(12992K)->12410K(12992K) Class: 1959K(2304K)->1959K(2304K)
[248.855s][info][gc             ] GC(1013) Pause Young (Allocation Failure) 400M->9M(1749M) 2.897ms
[248.855s][info][gc,cpu         ] GC(1013) User=0.00s Sys=0.00s Real=0.00s
[249.119s][info][gc,start       ] GC(1014) Pause Young (Allocation Failure)
[249.121s][info][gc,heap        ] GC(1014) PSYoungGen: 393184K(393216K)->1024K(385024K) Eden: 392192K(392192K)->0K(384000K) From: 992K(1024K)->1024K(1024K)
[249.121s][info][gc,heap        ] GC(1014) ParOldGen: 8810K(1398272K)->8898K(1398272K)
[249.121s][info][gc,metaspace   ] GC(1014) Metaspace: 14370K(15296K)->14370K(15296K) NonClass: 12410K(12992K)->12410K(12992K) Class: 1959K(2304K)->1959K(2304K)
[249.121s][info][gc             ] GC(1014) Pause Young (Allocation Failure) 392M->9M(1741M) 2.967ms
[249.122s][info][gc,cpu         ] GC(1014) User=0.00s Sys=0.00s Real=0.00s
[249.378s][info][gc,start       ] GC(1015) Pause Young (Allocation Failure)
[249.381s][info][gc,heap        ] GC(1015) PSYoungGen: 385024K(385024K)->992K(377344K) Eden: 384000K(384000K)->0K(376320K) From: 1024K(1024K)->992K(1024K)
[249.381s][info][gc,heap        ] GC(1015) ParOldGen: 8898K(1398272K)->9002K(1398272K)
[249.381s][info][gc,metaspace   ] GC(1015) Metaspace: 14370K(15296K)->14370K(15296K) NonClass: 12410K(12992K)->12410K(12992K) Class: 1959K(2304K)->1959K(2304K)
[249.381s][info][gc             ] GC(1015) Pause Young (Allocation Failure) 384M->9M(1734M) 2.986ms
[249.381s][info][gc,cpu         ] GC(1015) User=0.52s Sys=0.00s Real=0.00s
[249.636s][info][gc,start       ] GC(1016) Pause Young (Allocation Failure)
[249.639s][info][gc,heap        ] GC(1016) PSYoungGen: 377312K(377344K)->1024K(452608K) Eden: 376320K(376320K)->0K(451584K) From: 992K(1024K)->1024K(1024K)
[249.639s][info][gc,heap        ] GC(1016) ParOldGen: 9002K(1398272K)->9106K(1398272K)
[249.640s][info][gc,metaspace   ] GC(1016) Metaspace: 14370K(15296K)->14370K(15296K) NonClass: 12410K(12992K)->12410K(12992K) Class: 1959K(2304K)->1959K(2304K)
[249.640s][info][gc             ] GC(1016) Pause Young (Allocation Failure) 377M->9M(1807M) 3.032ms
[249.640s][info][gc,cpu         ] GC(1016) User=0.00s Sys=0.00s Real=0.00s
[249.942s][info][gc,start       ] GC(1017) Pause Young (Allocation Failure)
[249.945s][info][gc,heap        ] GC(1017) PSYoungGen: 452608K(452608K)->992K(543232K) Eden: 451584K(451584K)->0K(542208K) From: 1024K(1024K)->992K(1024K)
[249.945s][info][gc,heap        ] GC(1017) ParOldGen: 9106K(1398272K)->9210K(1398272K)
[249.945s][info][gc,metaspace   ] GC(1017) Metaspace: 14370K(15296K)->14370K(15296K) NonClass: 12410K(12992K)->12410K(12992K) Class: 1959K(2304K)->1959K(2304K)
[249.945s][info][gc             ] GC(1017) Pause Young (Allocation Failure) 450M->9M(1896M) 3.189ms
[249.945s][info][gc,cpu         ] GC(1017) User=0.52s Sys=0.00s Real=0.00s
[250.367s][info][gc,start       ] GC(1018) Pause Young (Allocation Failure)
[250.371s][info][gc,heap        ] GC(1018) PSYoungGen: 543200K(543232K)->1024K(529920K) Eden: 542208K(542208K)->0K(528896K) From: 992K(1024K)->1024K(1024K)
[250.371s][info][gc,heap        ] GC(1018) ParOldGen: 9210K(1398272K)->9298K(1398272K)
[250.371s][info][gc,metaspace   ] GC(1018) Metaspace: 14370K(15296K)->14370K(15296K) NonClass: 12410K(12992K)->12410K(12992K) Class: 1959K(2304K)->1959K(2304K)
[250.371s][info][gc             ] GC(1018) Pause Young (Allocation Failure) 539M->10M(1883M) 4.258ms
[250.371s][info][gc,cpu         ] GC(1018) User=0.00s Sys=0.00s Real=0.00s
[250.744s][info][gc,start       ] GC(1019) Pause Young (Allocation Failure)
[250.746s][info][gc,heap        ] GC(1019) PSYoungGen: 529920K(529920K)->1024K(517120K) Eden: 528896K(528896K)->0K(516096K) From: 1024K(1024K)->1024K(1024K)
[250.747s][info][gc,heap        ] GC(1019) ParOldGen: 9298K(1398272K)->9434K(1398272K)
[250.747s][info][gc,metaspace   ] GC(1019) Metaspace: 14370K(15296K)->14370K(15296K) NonClass: 12410K(12992K)->12410K(12992K) Class: 1959K(2304K)->1959K(2304K)
[250.747s][info][gc             ] GC(1019) Pause Young (Allocation Failure) 526M->10M(1870M) 2.987ms
[250.747s][info][gc,cpu         ] GC(1019) User=0.00s Sys=0.00s Real=0.00s
[251.136s][info][gc,start       ] GC(1020) Pause Young (Allocation Failure)
[251.139s][info][gc,heap        ] GC(1020) PSYoungGen: 517120K(517120K)->1024K(504832K) Eden: 516096K(516096K)->0K(503808K) From: 1024K(1024K)->1024K(1024K)
[251.139s][info][gc,heap        ] GC(1020) ParOldGen: 9434K(1398272K)->9570K(1398272K)
[251.139s][info][gc,metaspace   ] GC(1020) Metaspace: 14370K(15296K)->14370K(15296K) NonClass: 12410K(12992K)->12410K(12992K) Class: 1959K(2304K)->1959K(2304K)
[251.139s][info][gc             ] GC(1020) Pause Young (Allocation Failure) 514M->10M(1858M) 2.767ms
[251.139s][info][gc,cpu         ] GC(1020) User=0.00s Sys=0.00s Real=0.00s
[251.478s][info][gc,start       ] GC(1021) Pause Young (Allocation Failure)
[251.481s][info][gc,heap        ] GC(1021) PSYoungGen: 504832K(504832K)->1024K(492544K) Eden: 503808K(503808K)->0K(491520K) From: 1024K(1024K)->1024K(1024K)
[251.481s][info][gc,heap        ] GC(1021) ParOldGen: 9570K(1398272K)->9722K(1398272K)
[251.481s][info][gc,metaspace   ] GC(1021) Metaspace: 14370K(15296K)->14370K(15296K) NonClass: 12410K(12992K)->12410K(12992K) Class: 1959K(2304K)->1959K(2304K)
[251.481s][info][gc             ] GC(1021) Pause Young (Allocation Failure) 502M->10M(1846M) 2.827ms
[251.481s][info][gc,cpu         ] GC(1021) User=0.00s Sys=0.00s Real=0.00s
[251.813s][info][gc,start       ] GC(1022) Pause Young (Allocation Failure)
[251.816s][info][gc,heap        ] GC(1022) PSYoungGen: 492544K(492544K)->1024K(480768K) Eden: 491520K(491520K)->0K(479744K) From: 1024K(1024K)->1024K(1024K)
[251.816s][info][gc,heap        ] GC(1022) ParOldGen: 9722K(1398272K)->9850K(1398272K)
[251.816s][info][gc,metaspace   ] GC(1022) Metaspace: 14370K(15296K)->14370K(15296K) NonClass: 12410K(12992K)->12410K(12992K) Class: 1959K(2304K)->1959K(2304K)
[251.816s][info][gc             ] GC(1022) Pause Young (Allocation Failure) 490M->10M(1835M) 2.957ms
[251.816s][info][gc,cpu         ] GC(1022) User=0.00s Sys=0.00s Real=0.00s
[252.141s][info][gc,start       ] GC(1023) Pause Young (Allocation Failure)
[252.144s][info][gc,heap        ] GC(1023) PSYoungGen: 480768K(480768K)->1024K(469504K) Eden: 479744K(479744K)->0K(468480K) From: 1024K(1024K)->1024K(1024K)
[252.144s][info][gc,heap        ] GC(1023) ParOldGen: 9850K(1398272K)->9994K(1398272K)
[252.144s][info][gc,metaspace   ] GC(1023) Metaspace: 14370K(15296K)->14370K(15296K) NonClass: 12410K(12992K)->12410K(12992K) Class: 1959K(2304K)->1959K(2304K)
[252.144s][info][gc             ] GC(1023) Pause Young (Allocation Failure) 479M->10M(1824M) 2.983ms
[252.144s][info][gc,cpu         ] GC(1023) User=0.00s Sys=0.00s Real=0.00s
[252.460s][info][gc,start       ] GC(1024) Pause Young (Allocation Failure)
[252.463s][info][gc,heap        ] GC(1024) PSYoungGen: 469504K(469504K)->1024K(458752K) Eden: 468480K(468480K)->0K(457728K) From: 1024K(1024K)->1024K(1024K)
[252.463s][info][gc,heap        ] GC(1024) ParOldGen: 9994K(1398272K)->10122K(1398272K)
[252.463s][info][gc,metaspace   ] GC(1024) Metaspace: 14370K(15296K)->14370K(15296K) NonClass: 12410K(12992K)->12410K(12992K) Class: 1959K(2304K)->1959K(2304K)
[252.464s][info][gc             ] GC(1024) Pause Young (Allocation Failure) 468M->10M(1813M) 3.010ms
[252.464s][info][gc,cpu         ] GC(1024) User=0.00s Sys=0.00s Real=0.00s
[252.773s][info][gc,start       ] GC(1025) Pause Young (Allocation Failure)
[252.776s][info][gc,heap        ] GC(1025) PSYoungGen: 458752K(458752K)->1024K(448512K) Eden: 457728K(457728K)->0K(447488K) From: 1024K(1024K)->1024K(1024K)
[252.776s][info][gc,heap        ] GC(1025) ParOldGen: 10122K(1398272K)->10242K(1398272K)
[252.776s][info][gc,metaspace   ] GC(1025) Metaspace: 14370K(15296K)->14370K(15296K) NonClass: 12410K(12992K)->12410K(12992K) Class: 1959K(2304K)->1959K(2304K)
[252.776s][info][gc             ] GC(1025) Pause Young (Allocation Failure) 457M->11M(1803M) 3.061ms
[252.776s][info][gc,cpu         ] GC(1025) User=0.00s Sys=0.00s Real=0.00s
[253.079s][info][gc,start       ] GC(1026) Pause Young (Allocation Failure)
[253.082s][info][gc,heap        ] GC(1026) PSYoungGen: 448512K(448512K)->992K(438272K) Eden: 447488K(447488K)->0K(437248K) From: 1024K(1024K)->992K(1024K)
[253.082s][info][gc,heap        ] GC(1026) ParOldGen: 10242K(1398272K)->10346K(1398272K)
[253.082s][info][gc,metaspace   ] GC(1026) Metaspace: 14370K(15296K)->14370K(15296K) NonClass: 12410K(12992K)->12410K(12992K) Class: 1959K(2304K)->1959K(2304K)
[253.082s][info][gc             ] GC(1026) Pause Young (Allocation Failure) 448M->11M(1793M) 3.135ms
[253.082s][info][gc,cpu         ] GC(1026) User=0.00s Sys=0.00s Real=0.00s
[253.384s][info][gc,start       ] GC(1027) Pause Young (Allocation Failure)
[253.387s][info][gc,heap        ] GC(1027) PSYoungGen: 438240K(438272K)->1024K(428544K) Eden: 437248K(437248K)->0K(427520K) From: 992K(1024K)->1024K(1024K)
[253.387s][info][gc,heap        ] GC(1027) ParOldGen: 10346K(1398272K)->10474K(1398272K)
[253.387s][info][gc,metaspace   ] GC(1027) Metaspace: 14370K(15296K)->14370K(15296K) NonClass: 12410K(12992K)->12410K(12992K) Class: 1959K(2304K)->1959K(2304K)
[253.387s][info][gc             ] GC(1027) Pause Young (Allocation Failure) 438M->11M(1784M) 3.133ms
[253.387s][info][gc,cpu         ] GC(1027) User=0.00s Sys=0.00s Real=0.00s
[253.675s][info][gc,start       ] GC(1028) Pause Young (Allocation Failure)
[253.678s][info][gc,heap        ] GC(1028) PSYoungGen: 428544K(428544K)->1024K(419328K) Eden: 427520K(427520K)->0K(418304K) From: 1024K(1024K)->1024K(1024K)
[253.678s][info][gc,heap        ] GC(1028) ParOldGen: 10474K(1398272K)->10590K(1398272K)
[253.678s][info][gc,metaspace   ] GC(1028) Metaspace: 14370K(15296K)->14370K(15296K) NonClass: 12410K(12992K)->12410K(12992K) Class: 1959K(2304K)->1959K(2304K)
[253.679s][info][gc             ] GC(1028) Pause Young (Allocation Failure) 428M->11M(1775M) 3.210ms
[253.679s][info][gc,cpu         ] GC(1028) User=0.52s Sys=0.00s Real=0.00s
[253.962s][info][gc,start       ] GC(1029) Pause Young (Allocation Failure)
[253.965s][info][gc,heap        ] GC(1029) PSYoungGen: 419328K(419328K)->1024K(410112K) Eden: 418304K(418304K)->0K(409088K) From: 1024K(1024K)->1024K(1024K)
[253.965s][info][gc,heap        ] GC(1029) ParOldGen: 10590K(1398272K)->10718K(1398272K)
[253.965s][info][gc,metaspace   ] GC(1029) Metaspace: 14370K(15296K)->14370K(15296K) NonClass: 12410K(12992K)->12410K(12992K) Class: 1959K(2304K)->1959K(2304K)
[253.965s][info][gc             ] GC(1029) Pause Young (Allocation Failure) 419M->11M(1766M) 3.212ms
[253.965s][info][gc,cpu         ] GC(1029) User=0.00s Sys=0.00s Real=0.00s
[254.298s][info][gc,start       ] GC(1030) Pause Young (Allocation Failure)
[254.302s][info][gc,heap        ] GC(1030) PSYoungGen: 410112K(410112K)->992K(492032K) Eden: 409088K(409088K)->0K(491008K) From: 1024K(1024K)->992K(1024K)
[254.302s][info][gc,heap        ] GC(1030) ParOldGen: 10718K(1398272K)->10798K(1398272K)
[254.302s][info][gc,metaspace   ] GC(1030) Metaspace: 14370K(15296K)->14370K(15296K) NonClass: 12410K(12992K)->12410K(12992K) Class: 1959K(2304K)->1959K(2304K)
[254.302s][info][gc             ] GC(1030) Pause Young (Allocation Failure) 410M->11M(1846M) 4.390ms
[254.302s][info][gc,cpu         ] GC(1030) User=0.52s Sys=0.00s Real=0.00s
[254.670s][info][gc,start       ] GC(1031) Pause Young (Allocation Failure)
[254.673s][info][gc,heap        ] GC(1031) PSYoungGen: 492000K(492032K)->1024K(480256K) Eden: 491008K(491008K)->0K(479232K) From: 992K(1024K)->1024K(1024K)
[254.673s][info][gc,heap        ] GC(1031) ParOldGen: 10798K(1398272K)->10910K(1398272K)
[254.673s][info][gc,metaspace   ] GC(1031) Metaspace: 14370K(15296K)->14370K(15296K) NonClass: 12410K(12992K)->12410K(12992K) Class: 1959K(2304K)->1959K(2304K)
[254.673s][info][gc             ] GC(1031) Pause Young (Allocation Failure) 491M->11M(1834M) 2.989ms
[254.673s][info][gc,cpu         ] GC(1031) User=0.00s Sys=0.00s Real=0.00s
[255.012s][info][gc,start       ] GC(1032) Pause Young (Allocation Failure)
[255.015s][info][gc,heap        ] GC(1032) PSYoungGen: 480256K(480256K)->1024K(468992K) Eden: 479232K(479232K)->0K(467968K) From: 1024K(1024K)->1024K(1024K)
[255.015s][info][gc,heap        ] GC(1032) ParOldGen: 10910K(1398272K)->11086K(1398272K)
[255.015s][info][gc,metaspace   ] GC(1032) Metaspace: 14370K(15296K)->14370K(15296K) NonClass: 12410K(12992K)->12410K(12992K) Class: 1959K(2304K)->1959K(2304K)
[255.015s][info][gc             ] GC(1032) Pause Young (Allocation Failure) 479M->11M(1823M) 2.810ms
[255.015s][info][gc,cpu         ] GC(1032) User=0.00s Sys=0.00s Real=0.00s
[255.321s][info][gc,start       ] GC(1033) Pause Young (Allocation Failure)
[255.324s][info][gc,heap        ] GC(1033) PSYoungGen: 468992K(468992K)->992K(458240K) Eden: 467968K(467968K)->0K(457216K) From: 1024K(1024K)->992K(1024K)
[255.324s][info][gc,heap        ] GC(1033) ParOldGen: 11086K(1398272K)->11214K(1398272K)
[255.324s][info][gc,metaspace   ] GC(1033) Metaspace: 14370K(15296K)->14370K(15296K) NonClass: 12410K(12992K)->12410K(12992K) Class: 1959K(2304K)->1959K(2304K)
[255.324s][info][gc             ] GC(1033) Pause Young (Allocation Failure) 468M->11M(1813M) 2.913ms
[255.324s][info][gc,cpu         ] GC(1033) User=0.00s Sys=0.00s Real=0.00s
[255.614s][info][gc,start       ] GC(1034) Pause Young (Allocation Failure)
[255.617s][info][gc,heap        ] GC(1034) PSYoungGen: 458208K(458240K)->1024K(448000K) Eden: 457216K(457216K)->0K(446976K) From: 992K(1024K)->1024K(1024K)
[255.617s][info][gc,heap        ] GC(1034) ParOldGen: 11214K(1398272K)->11342K(1398272K)
[255.617s][info][gc,metaspace   ] GC(1034) Metaspace: 14370K(15296K)->14370K(15296K) NonClass: 12410K(12992K)->12410K(12992K) Class: 1959K(2304K)->1959K(2304K)
[255.617s][info][gc             ] GC(1034) Pause Young (Allocation Failure) 458M->12M(1803M) 3.303ms
[255.617s][info][gc,cpu         ] GC(1034) User=0.52s Sys=0.00s Real=0.00s
[255.835s][info][gc,start       ] GC(1035) Pause Young (Allocation Failure)
[255.838s][info][gc,heap        ] GC(1035) PSYoungGen: 448000K(448000K)->864K(537600K) Eden: 446976K(446976K)->0K(536576K) From: 1024K(1024K)->864K(1024K)
[255.838s][info][gc,heap        ] GC(1035) ParOldGen: 11342K(1398272K)->11462K(1398272K)
[255.838s][info][gc,metaspace   ] GC(1035) Metaspace: 14370K(15296K)->14370K(15296K) NonClass: 12410K(12992K)->12410K(12992K) Class: 1959K(2304K)->1959K(2304K)
[255.838s][info][gc             ] GC(1035) Pause Young (Allocation Failure) 448M->12M(1890M) 3.196ms
[255.838s][info][gc,cpu         ] GC(1035) User=0.00s Sys=0.00s Real=0.00s
[256.034s][info][gc,start       ] GC(1036) Pause Young (System.gc())
[256.037s][info][gc,heap        ] GC(1036) PSYoungGen: 297696K(537600K)->384K(537088K) Eden: 296832K(536576K)->0K(536576K) From: 864K(1024K)->384K(512K)
[256.038s][info][gc,heap        ] GC(1036) ParOldGen: 11462K(1398272K)->11566K(1398272K)
[256.038s][info][gc,metaspace   ] GC(1036) Metaspace: 14370K(15296K)->14370K(15296K) NonClass: 12410K(12992K)->12410K(12992K) Class: 1959K(2304K)->1959K(2304K)
[256.038s][info][gc             ] GC(1036) Pause Young (System.gc()) 301M->11M(1890M) 3.432ms
[256.038s][info][gc,cpu         ] GC(1036) User=0.00s Sys=0.00s Real=0.00s
[256.038s][info][gc,start       ] GC(1037) Pause Full (System.gc())
[256.038s][info][gc,phases,start] GC(1037) Marking Phase
[256.053s][info][gc,phases      ] GC(1037) Marking Phase 15.380ms
[256.053s][info][gc,phases,start] GC(1037) Summary Phase
[256.053s][info][gc,phases      ] GC(1037) Summary Phase 0.025ms
[256.053s][info][gc,phases,start] GC(1037) Adjust Roots
[256.060s][info][gc,phases      ] GC(1037) Adjust Roots 6.302ms
[256.060s][info][gc,phases,start] GC(1037) Compaction Phase
[256.062s][info][gc,phases      ] GC(1037) Compaction Phase 2.259ms
[256.062s][info][gc,phases,start] GC(1037) Post Compact
[256.062s][info][gc,phases      ] GC(1037) Post Compact 0.477ms
[256.062s][info][gc,heap        ] GC(1037) PSYoungGen: 384K(537088K)->0K(537088K) Eden: 0K(536576K)->0K(536576K) From: 384K(512K)->0K(512K)
[256.062s][info][gc,heap        ] GC(1037) ParOldGen: 11566K(1398272K)->5374K(1398272K)
[256.063s][info][gc,metaspace   ] GC(1037) Metaspace: 14370K(15296K)->14370K(15296K) NonClass: 12410K(12992K)->12410K(12992K) Class: 1959K(2304K)->1959K(2304K)
[256.063s][info][gc             ] GC(1037) Pause Full (System.gc()) 11M->5M(1890M) 24.690ms
[256.063s][info][gc,cpu         ] GC(1037) User=0.02s Sys=0.00s Real=0.01s
[256.492s][info][gc,start       ] GC(1038) Pause Young (Allocation Failure)
[256.504s][info][gc,heap        ] GC(1038) PSYoungGen: 536576K(537088K)->1536K(524800K) Eden: 536576K(536576K)->0K(523264K) From: 0K(512K)->1536K(1536K)
[256.504s][info][gc,heap        ] GC(1038) ParOldGen: 5374K(1398272K)->5746K(1398272K)
[256.504s][info][gc,metaspace   ] GC(1038) Metaspace: 14390K(15296K)->14390K(15296K) NonClass: 12431K(12992K)->12431K(12992K) Class: 1959K(2304K)->1959K(2304K)
[256.504s][info][gc             ] GC(1038) Pause Young (Allocation Failure) 529M->7M(1878M) 11.427ms
[256.504s][info][gc,cpu         ] GC(1038) User=0.00s Sys=0.00s Real=0.01s
[256.814s][info][gc,start       ] GC(1039) Pause Young (Allocation Failure)
[256.817s][info][gc,heap        ] GC(1039) PSYoungGen: 524800K(524800K)->1024K(511488K) Eden: 523264K(523264K)->0K(510464K) From: 1536K(1536K)->1024K(1024K)
[256.817s][info][gc,heap        ] GC(1039) ParOldGen: 5746K(1398272K)->7100K(1398272K)
[256.817s][info][gc,metaspace   ] GC(1039) Metaspace: 14390K(15296K)->14390K(15296K) NonClass: 12431K(12992K)->12431K(12992K) Class: 1959K(2304K)->1959K(2304K)
[256.817s][info][gc             ] GC(1039) Pause Young (Allocation Failure) 518M->7M(1865M) 3.374ms
[256.817s][info][gc,cpu         ] GC(1039) User=0.00s Sys=0.00s Real=0.00s
[257.165s][info][gc,start       ] GC(1040) Pause Young (Allocation Failure)
[257.168s][info][gc,heap        ] GC(1040) PSYoungGen: 511488K(511488K)->1024K(499200K) Eden: 510464K(510464K)->0K(498176K) From: 1024K(1024K)->1024K(1024K)
[257.168s][info][gc,heap        ] GC(1040) ParOldGen: 7100K(1398272K)->7244K(1398272K)
[257.168s][info][gc,metaspace   ] GC(1040) Metaspace: 14390K(15296K)->14390K(15296K) NonClass: 12431K(12992K)->12431K(12992K) Class: 1959K(2304K)->1959K(2304K)
[257.168s][info][gc             ] GC(1040) Pause Young (Allocation Failure) 506M->8M(1853M) 3.182ms
[257.168s][info][gc,cpu         ] GC(1040) User=0.00s Sys=0.00s Real=0.00s
[257.521s][info][gc,start       ] GC(1041) Pause Young (Allocation Failure)
[257.524s][info][gc,heap        ] GC(1041) PSYoungGen: 499200K(499200K)->1024K(487424K) Eden: 498176K(498176K)->0K(486400K) From: 1024K(1024K)->1024K(1024K)
[257.524s][info][gc,heap        ] GC(1041) ParOldGen: 7244K(1398272K)->7396K(1398272K)
[257.524s][info][gc,metaspace   ] GC(1041) Metaspace: 14390K(15296K)->14390K(15296K) NonClass: 12431K(12992K)->12431K(12992K) Class: 1959K(2304K)->1959K(2304K)
[257.524s][info][gc             ] GC(1041) Pause Young (Allocation Failure) 494M->8M(1841M) 2.919ms
[257.524s][info][gc,cpu         ] GC(1041) User=0.00s Sys=0.00s Real=0.00s
[257.885s][info][gc,start       ] GC(1042) Pause Young (Allocation Failure)
[257.888s][info][gc,heap        ] GC(1042) PSYoungGen: 487424K(487424K)->992K(476160K) Eden: 486400K(486400K)->0K(475136K) From: 1024K(1024K)->992K(1024K)
[257.888s][info][gc,heap        ] GC(1042) ParOldGen: 7396K(1398272K)->7556K(1398272K)
[257.888s][info][gc,metaspace   ] GC(1042) Metaspace: 14390K(15296K)->14390K(15296K) NonClass: 12431K(12992K)->12431K(12992K) Class: 1959K(2304K)->1959K(2304K)
[257.888s][info][gc             ] GC(1042) Pause Young (Allocation Failure) 483M->8M(1830M) 2.723ms
[257.888s][info][gc,cpu         ] GC(1042) User=0.00s Sys=0.00s Real=0.00s
[258.210s][info][gc,start       ] GC(1043) Pause Young (Allocation Failure)
[258.213s][info][gc,heap        ] GC(1043) PSYoungGen: 476128K(476160K)->992K(464896K) Eden: 475136K(475136K)->0K(463872K) From: 992K(1024K)->992K(1024K)
[258.213s][info][gc,heap        ] GC(1043) ParOldGen: 7556K(1398272K)->7708K(1398272K)
[258.213s][info][gc,metaspace   ] GC(1043) Metaspace: 14390K(15296K)->14390K(15296K) NonClass: 12431K(12992K)->12431K(12992K) Class: 1959K(2304K)->1959K(2304K)
[258.213s][info][gc             ] GC(1043) Pause Young (Allocation Failure) 472M->8M(1819M) 2.874ms
[258.213s][info][gc,cpu         ] GC(1043) User=0.00s Sys=0.00s Real=0.00s
[258.530s][info][gc,start       ] GC(1044) Pause Young (Allocation Failure)
[258.533s][info][gc,heap        ] GC(1044) PSYoungGen: 464864K(464896K)->1024K(454144K) Eden: 463872K(463872K)->0K(453120K) From: 992K(1024K)->1024K(1024K)
[258.533s][info][gc,heap        ] GC(1044) ParOldGen: 7708K(1398272K)->7844K(1398272K)
[258.533s][info][gc,metaspace   ] GC(1044) Metaspace: 14390K(15296K)->14390K(15296K) NonClass: 12431K(12992K)->12431K(12992K) Class: 1959K(2304K)->1959K(2304K)
[258.533s][info][gc             ] GC(1044) Pause Young (Allocation Failure) 461M->8M(1809M) 2.893ms
[258.533s][info][gc,cpu         ] GC(1044) User=0.00s Sys=0.00s Real=0.00s
[258.838s][info][gc,start       ] GC(1045) Pause Young (Allocation Failure)
[258.841s][info][gc,heap        ] GC(1045) PSYoungGen: 454144K(454144K)->992K(443904K) Eden: 453120K(453120K)->0K(442880K) From: 1024K(1024K)->992K(1024K)
[258.841s][info][gc,heap        ] GC(1045) ParOldGen: 7844K(1398272K)->7980K(1398272K)
[258.841s][info][gc,metaspace   ] GC(1045) Metaspace: 14390K(15296K)->14390K(15296K) NonClass: 12431K(12992K)->12431K(12992K) Class: 1959K(2304K)->1959K(2304K)
[258.841s][info][gc             ] GC(1045) Pause Young (Allocation Failure) 451M->8M(1799M) 2.939ms
[258.841s][info][gc,cpu         ] GC(1045) User=0.00s Sys=0.00s Real=0.00s
[259.141s][info][gc,start       ] GC(1046) Pause Young (Allocation Failure)
[259.144s][info][gc,heap        ] GC(1046) PSYoungGen: 443872K(443904K)->1024K(434176K) Eden: 442880K(442880K)->0K(433152K) From: 992K(1024K)->1024K(1024K)
[259.144s][info][gc,heap        ] GC(1046) ParOldGen: 7980K(1398272K)->8124K(1398272K)
[259.144s][info][gc,metaspace   ] GC(1046) Metaspace: 14390K(15296K)->14390K(15296K) NonClass: 12431K(12992K)->12431K(12992K) Class: 1959K(2304K)->1959K(2304K)
[259.144s][info][gc             ] GC(1046) Pause Young (Allocation Failure) 441M->8M(1789M) 3.023ms
[259.144s][info][gc,cpu         ] GC(1046) User=0.00s Sys=0.00s Real=0.00s
[259.441s][info][gc,start       ] GC(1047) Pause Young (Allocation Failure)
[259.444s][info][gc,heap        ] GC(1047) PSYoungGen: 434176K(434176K)->1024K(424448K) Eden: 433152K(433152K)->0K(423424K) From: 1024K(1024K)->1024K(1024K)
[259.444s][info][gc,heap        ] GC(1047) ParOldGen: 8124K(1398272K)->8236K(1398272K)
[259.444s][info][gc,metaspace   ] GC(1047) Metaspace: 14390K(15296K)->14390K(15296K) NonClass: 12431K(12992K)->12431K(12992K) Class: 1959K(2304K)->1959K(2304K)
[259.444s][info][gc             ] GC(1047) Pause Young (Allocation Failure) 431M->9M(1780M) 3.042ms
[259.444s][info][gc,cpu         ] GC(1047) User=0.52s Sys=0.00s Real=0.00s
[259.735s][info][gc,start       ] GC(1048) Pause Young (Allocation Failure)
[259.738s][info][gc,heap        ] GC(1048) PSYoungGen: 424448K(424448K)->1024K(415232K) Eden: 423424K(423424K)->0K(414208K) From: 1024K(1024K)->1024K(1024K)
[259.738s][info][gc,heap        ] GC(1048) ParOldGen: 8236K(1398272K)->8356K(1398272K)
[259.738s][info][gc,metaspace   ] GC(1048) Metaspace: 14390K(15296K)->14390K(15296K) NonClass: 12431K(12992K)->12431K(12992K) Class: 1959K(2304K)->1959K(2304K)
[259.738s][info][gc             ] GC(1048) Pause Young (Allocation Failure) 422M->9M(1771M) 3.095ms
[259.738s][info][gc,cpu         ] GC(1048) User=0.00s Sys=0.00s Real=0.00s
[260.019s][info][gc,start       ] GC(1049) Pause Young (Allocation Failure)
[260.022s][info][gc,heap        ] GC(1049) PSYoungGen: 415232K(415232K)->992K(406528K) Eden: 414208K(414208K)->0K(405504K) From: 1024K(1024K)->992K(1024K)
[260.023s][info][gc,heap        ] GC(1049) ParOldGen: 8356K(1398272K)->8492K(1398272K)
[260.023s][info][gc,metaspace   ] GC(1049) Metaspace: 14390K(15296K)->14390K(15296K) NonClass: 12431K(12992K)->12431K(12992K) Class: 1959K(2304K)->1959K(2304K)
[260.023s][info][gc             ] GC(1049) Pause Young (Allocation Failure) 413M->9M(1762M) 3.137ms
[260.023s][info][gc,cpu         ] GC(1049) User=0.52s Sys=0.00s Real=0.00s
[260.296s][info][gc,start       ] GC(1050) Pause Young (Allocation Failure)
[260.299s][info][gc,heap        ] GC(1050) PSYoungGen: 406496K(406528K)->992K(397824K) Eden: 405504K(405504K)->0K(396800K) From: 992K(1024K)->992K(1024K)
[260.299s][info][gc,heap        ] GC(1050) ParOldGen: 8492K(1398272K)->8628K(1398272K)
[260.299s][info][gc,metaspace   ] GC(1050) Metaspace: 14390K(15296K)->14390K(15296K) NonClass: 12431K(12992K)->12431K(12992K) Class: 1959K(2304K)->1959K(2304K)
[260.299s][info][gc             ] GC(1050) Pause Young (Allocation Failure) 405M->9M(1754M) 3.189ms
[260.299s][info][gc,cpu         ] GC(1050) User=0.00s Sys=0.00s Real=0.00s
[260.569s][info][gc,start       ] GC(1051) Pause Young (Allocation Failure)
[260.572s][info][gc,heap        ] GC(1051) PSYoungGen: 397792K(397824K)->1024K(389632K) Eden: 396800K(396800K)->0K(388608K) From: 992K(1024K)->1024K(1024K)
[260.572s][info][gc,heap        ] GC(1051) ParOldGen: 8628K(1398272K)->8724K(1398272K)
[260.572s][info][gc,metaspace   ] GC(1051) Metaspace: 14390K(15296K)->14390K(15296K) NonClass: 12431K(12992K)->12431K(12992K) Class: 1959K(2304K)->1959K(2304K)
[260.572s][info][gc             ] GC(1051) Pause Young (Allocation Failure) 396M->9M(1746M) 3.221ms
[260.572s][info][gc,cpu         ] GC(1051) User=0.00s Sys=0.00s Real=0.00s
[260.939s][info][gc,start       ] GC(1052) Pause Young (Allocation Failure)
[260.943s][info][gc,heap        ] GC(1052) PSYoungGen: 389632K(389632K)->1024K(381440K) Eden: 388608K(388608K)->0K(380416K) From: 1024K(1024K)->1024K(1024K)
[260.943s][info][gc,heap        ] GC(1052) ParOldGen: 8724K(1398272K)->8820K(1398272K)
[260.943s][info][gc,metaspace   ] GC(1052) Metaspace: 14390K(15296K)->14390K(15296K) NonClass: 12431K(12992K)->12431K(12992K) Class: 1959K(2304K)->1959K(2304K)
[260.943s][info][gc             ] GC(1052) Pause Young (Allocation Failure) 389M->9M(1738M) 4.170ms
[260.943s][info][gc,cpu         ] GC(1052) User=0.52s Sys=0.00s Real=0.00s
[261.234s][info][gc,start       ] GC(1053) Pause Young (Allocation Failure)
[261.236s][info][gc,heap        ] GC(1053) PSYoungGen: 381440K(381440K)->1024K(373760K) Eden: 380416K(380416K)->0K(372736K) From: 1024K(1024K)->1024K(1024K)
[261.236s][info][gc,heap        ] GC(1053) ParOldGen: 8820K(1398272K)->8924K(1398272K)
[261.236s][info][gc,metaspace   ] GC(1053) Metaspace: 14390K(15296K)->14390K(15296K) NonClass: 12431K(12992K)->12431K(12992K) Class: 1959K(2304K)->1959K(2304K)
[261.236s][info][gc             ] GC(1053) Pause Young (Allocation Failure) 381M->9M(1730M) 2.949ms
[261.237s][info][gc,cpu         ] GC(1053) User=0.00s Sys=0.00s Real=0.00s
[261.514s][info][gc,start       ] GC(1054) Pause Young (Allocation Failure)
[261.517s][info][gc,heap        ] GC(1054) PSYoungGen: 373760K(373760K)->1024K(366080K) Eden: 372736K(372736K)->0K(365056K) From: 1024K(1024K)->1024K(1024K)
[261.517s][info][gc,heap        ] GC(1054) ParOldGen: 8924K(1398272K)->9044K(1398272K)
[261.517s][info][gc,metaspace   ] GC(1054) Metaspace: 14390K(15296K)->14390K(15296K) NonClass: 12431K(12992K)->12431K(12992K) Class: 1959K(2304K)->1959K(2304K)
[261.517s][info][gc             ] GC(1054) Pause Young (Allocation Failure) 373M->9M(1723M) 2.799ms
[261.517s][info][gc,cpu         ] GC(1054) User=0.00s Sys=0.00s Real=0.00s
[261.764s][info][gc,start       ] GC(1055) Pause Young (Allocation Failure)
[261.767s][info][gc,heap        ] GC(1055) PSYoungGen: 366080K(366080K)->1024K(358912K) Eden: 365056K(365056K)->0K(357888K) From: 1024K(1024K)->1024K(1024K)
[261.767s][info][gc,heap        ] GC(1055) ParOldGen: 9044K(1398272K)->9156K(1398272K)
[261.767s][info][gc,metaspace   ] GC(1055) Metaspace: 14390K(15296K)->14390K(15296K) NonClass: 12431K(12992K)->12431K(12992K) Class: 1959K(2304K)->1959K(2304K)
[261.767s][info][gc             ] GC(1055) Pause Young (Allocation Failure) 366M->9M(1716M) 2.828ms
[261.767s][info][gc,cpu         ] GC(1055) User=0.00s Sys=0.00s Real=0.00s
[262.009s][info][gc,start       ] GC(1056) Pause Young (Allocation Failure)
[262.012s][info][gc,heap        ] GC(1056) PSYoungGen: 358912K(358912K)->1024K(351744K) Eden: 357888K(357888K)->0K(350720K) From: 1024K(1024K)->1024K(1024K)
[262.012s][info][gc,heap        ] GC(1056) ParOldGen: 9156K(1398272K)->9252K(1398272K)
[262.012s][info][gc,metaspace   ] GC(1056) Metaspace: 14390K(15296K)->14390K(15296K) NonClass: 12431K(12992K)->12431K(12992K) Class: 1959K(2304K)->1959K(2304K)
[262.012s][info][gc             ] GC(1056) Pause Young (Allocation Failure) 359M->10M(1709M) 2.841ms
[262.012s][info][gc,cpu         ] GC(1056) User=0.00s Sys=0.00s Real=0.00s
[262.251s][info][gc,start       ] GC(1057) Pause Young (Allocation Failure)
[262.254s][info][gc,heap        ] GC(1057) PSYoungGen: 351744K(351744K)->992K(421888K) Eden: 350720K(350720K)->0K(420864K) From: 1024K(1024K)->992K(1024K)
[262.254s][info][gc,heap        ] GC(1057) ParOldGen: 9252K(1398272K)->9356K(1398272K)
[262.254s][info][gc,metaspace   ] GC(1057) Metaspace: 14390K(15296K)->14390K(15296K) NonClass: 12431K(12992K)->12431K(12992K) Class: 1959K(2304K)->1959K(2304K)
[262.254s][info][gc             ] GC(1057) Pause Young (Allocation Failure) 352M->10M(1777M) 2.863ms
[262.254s][info][gc,cpu         ] GC(1057) User=0.00s Sys=0.00s Real=0.00s
[262.541s][info][gc,start       ] GC(1058) Pause Young (Allocation Failure)
[262.544s][info][gc,heap        ] GC(1058) PSYoungGen: 421856K(421888K)->992K(412672K) Eden: 420864K(420864K)->0K(411648K) From: 992K(1024K)->992K(1024K)
[262.544s][info][gc,heap        ] GC(1058) ParOldGen: 9356K(1398272K)->9460K(1398272K)
[262.544s][info][gc,metaspace   ] GC(1058) Metaspace: 14390K(15296K)->14390K(15296K) NonClass: 12431K(12992K)->12431K(12992K) Class: 1959K(2304K)->1959K(2304K)
[262.544s][info][gc             ] GC(1058) Pause Young (Allocation Failure) 421M->10M(1768M) 2.925ms
[262.544s][info][gc,cpu         ] GC(1058) User=0.00s Sys=0.00s Real=0.00s
[262.824s][info][gc,start       ] GC(1059) Pause Young (Allocation Failure)
[262.827s][info][gc,heap        ] GC(1059) PSYoungGen: 412640K(412672K)->1024K(403968K) Eden: 411648K(411648K)->0K(402944K) From: 992K(1024K)->1024K(1024K)
[262.827s][info][gc,heap        ] GC(1059) ParOldGen: 9460K(1398272K)->9548K(1398272K)
[262.827s][info][gc,metaspace   ] GC(1059) Metaspace: 14390K(15296K)->14390K(15296K) NonClass: 12431K(12992K)->12431K(12992K) Class: 1959K(2304K)->1959K(2304K)
[262.827s][info][gc             ] GC(1059) Pause Young (Allocation Failure) 412M->10M(1760M) 3.015ms
[262.827s][info][gc,cpu         ] GC(1059) User=0.00s Sys=0.00s Real=0.00s
[263.099s][info][gc,start       ] GC(1060) Pause Young (Allocation Failure)
[263.102s][info][gc,heap        ] GC(1060) PSYoungGen: 403968K(403968K)->1024K(395264K) Eden: 402944K(402944K)->0K(394240K) From: 1024K(1024K)->1024K(1024K)
[263.102s][info][gc,heap        ] GC(1060) ParOldGen: 9548K(1398272K)->9660K(1398272K)
[263.102s][info][gc,metaspace   ] GC(1060) Metaspace: 14390K(15296K)->14390K(15296K) NonClass: 12431K(12992K)->12431K(12992K) Class: 1959K(2304K)->1959K(2304K)
[263.102s][info][gc             ] GC(1060) Pause Young (Allocation Failure) 403M->10M(1751M) 3.016ms
[263.102s][info][gc,cpu         ] GC(1060) User=0.00s Sys=0.00s Real=0.00s
[263.367s][info][gc,start       ] GC(1061) Pause Young (Allocation Failure)
[263.370s][info][gc,heap        ] GC(1061) PSYoungGen: 395264K(395264K)->1024K(474112K) Eden: 394240K(394240K)->0K(473088K) From: 1024K(1024K)->1024K(1024K)
[263.370s][info][gc,heap        ] GC(1061) ParOldGen: 9660K(1398272K)->9740K(1398272K)
[263.370s][info][gc,metaspace   ] GC(1061) Metaspace: 14390K(15296K)->14390K(15296K) NonClass: 12431K(12992K)->12431K(12992K) Class: 1959K(2304K)->1959K(2304K)
[263.370s][info][gc             ] GC(1061) Pause Young (Allocation Failure) 395M->10M(1828M) 3.087ms
[263.370s][info][gc,cpu         ] GC(1061) User=0.00s Sys=0.00s Real=0.00s
[263.692s][info][gc,start       ] GC(1062) Pause Young (Allocation Failure)
[263.695s][info][gc,heap        ] GC(1062) PSYoungGen: 474112K(474112K)->992K(463360K) Eden: 473088K(473088K)->0K(462336K) From: 1024K(1024K)->992K(1024K)
[263.695s][info][gc,heap        ] GC(1062) ParOldGen: 9740K(1398272K)->9820K(1398272K)
[263.695s][info][gc,metaspace   ] GC(1062) Metaspace: 14390K(15296K)->14390K(15296K) NonClass: 12431K(12992K)->12431K(12992K) Class: 1959K(2304K)->1959K(2304K)
[263.695s][info][gc             ] GC(1062) Pause Young (Allocation Failure) 472M->10M(1818M) 3.221ms
[263.695s][info][gc,cpu         ] GC(1062) User=0.52s Sys=0.00s Real=0.00s
[264.009s][info][gc,start       ] GC(1063) Pause Young (Allocation Failure)
[264.012s][info][gc,heap        ] GC(1063) PSYoungGen: 463328K(463360K)->992K(452608K) Eden: 462336K(462336K)->0K(451584K) From: 992K(1024K)->992K(1024K)
[264.012s][info][gc,heap        ] GC(1063) ParOldGen: 9820K(1398272K)->9972K(1398272K)
[264.012s][info][gc,metaspace   ] GC(1063) Metaspace: 14390K(15296K)->14390K(15296K) NonClass: 12431K(12992K)->12431K(12992K) Class: 1959K(2304K)->1959K(2304K)
[264.012s][info][gc             ] GC(1063) Pause Young (Allocation Failure) 462M->10M(1807M) 3.291ms
[264.012s][info][gc,cpu         ] GC(1063) User=0.00s Sys=0.00s Real=0.00s
[264.316s][info][gc,start       ] GC(1064) Pause Young (Allocation Failure)
[264.320s][info][gc,heap        ] GC(1064) PSYoungGen: 452576K(452608K)->1024K(442368K) Eden: 451584K(451584K)->0K(441344K) From: 992K(1024K)->1024K(1024K)
[264.320s][info][gc,heap        ] GC(1064) ParOldGen: 9972K(1398272K)->10108K(1398272K)
[264.320s][info][gc,metaspace   ] GC(1064) Metaspace: 14390K(15296K)->14390K(15296K) NonClass: 12431K(12992K)->12431K(12992K) Class: 1959K(2304K)->1959K(2304K)
[264.320s][info][gc             ] GC(1064) Pause Young (Allocation Failure) 451M->10M(1797M) 3.330ms
[264.320s][info][gc,cpu         ] GC(1064) User=0.52s Sys=0.00s Real=0.00s
[264.777s][info][gc,start       ] GC(1065) Pause Young (Allocation Failure)
[264.781s][info][gc,heap        ] GC(1065) PSYoungGen: 442368K(442368K)->1024K(432640K) Eden: 441344K(441344K)->0K(431616K) From: 1024K(1024K)->1024K(1024K)
[264.781s][info][gc,heap        ] GC(1065) ParOldGen: 10108K(1398272K)->10220K(1398272K)
[264.781s][info][gc,metaspace   ] GC(1065) Metaspace: 14390K(15296K)->14390K(15296K) NonClass: 12431K(12992K)->12431K(12992K) Class: 1959K(2304K)->1959K(2304K)
[264.782s][info][gc             ] GC(1065) Pause Young (Allocation Failure) 441M->10M(1788M) 4.415ms
[264.782s][info][gc,cpu         ] GC(1065) User=0.00s Sys=0.00s Real=0.00s
[265.097s][info][gc,start       ] GC(1066) Pause Young (Allocation Failure)
[265.100s][info][gc,heap        ] GC(1066) PSYoungGen: 432640K(432640K)->1024K(422912K) Eden: 431616K(431616K)->0K(421888K) From: 1024K(1024K)->1024K(1024K)
[265.100s][info][gc,heap        ] GC(1066) ParOldGen: 10220K(1398272K)->10332K(1398272K)
[265.100s][info][gc,metaspace   ] GC(1066) Metaspace: 14390K(15296K)->14390K(15296K) NonClass: 12431K(12992K)->12431K(12992K) Class: 1959K(2304K)->1959K(2304K)
[265.100s][info][gc             ] GC(1066) Pause Young (Allocation Failure) 432M->11M(1778M) 3.052ms
[265.100s][info][gc,cpu         ] GC(1066) User=0.52s Sys=0.00s Real=0.00s
[265.419s][info][gc,start       ] GC(1067) Pause Young (Allocation Failure)
[265.422s][info][gc,heap        ] GC(1067) PSYoungGen: 422912K(422912K)->1024K(413696K) Eden: 421888K(421888K)->0K(412672K) From: 1024K(1024K)->1024K(1024K)
[265.422s][info][gc,heap        ] GC(1067) ParOldGen: 10332K(1398272K)->10460K(1398272K)
[265.422s][info][gc,metaspace   ] GC(1067) Metaspace: 14390K(15296K)->14390K(15296K) NonClass: 12431K(12992K)->12431K(12992K) Class: 1959K(2304K)->1959K(2304K)
[265.422s][info][gc             ] GC(1067) Pause Young (Allocation Failure) 423M->11M(1769M) 2.862ms
[265.422s][info][gc,cpu         ] GC(1067) User=0.00s Sys=0.00s Real=0.00s
[265.706s][info][gc,start       ] GC(1068) Pause Young (Allocation Failure)
[265.709s][info][gc,heap        ] GC(1068) PSYoungGen: 413696K(413696K)->1024K(404992K) Eden: 412672K(412672K)->0K(403968K) From: 1024K(1024K)->1024K(1024K)
[265.709s][info][gc,heap        ] GC(1068) ParOldGen: 10460K(1398272K)->10596K(1398272K)
[265.709s][info][gc,metaspace   ] GC(1068) Metaspace: 14390K(15296K)->14390K(15296K) NonClass: 12431K(12992K)->12431K(12992K) Class: 1959K(2304K)->1959K(2304K)
[265.709s][info][gc             ] GC(1068) Pause Young (Allocation Failure) 414M->11M(1761M) 2.833ms
[265.709s][info][gc,cpu         ] GC(1068) User=0.52s Sys=0.00s Real=0.00s
[265.984s][info][gc,start       ] GC(1069) Pause Young (Allocation Failure)
[265.986s][info][gc,heap        ] GC(1069) PSYoungGen: 404992K(404992K)->992K(396288K) Eden: 403968K(403968K)->0K(395264K) From: 1024K(1024K)->992K(1024K)
[265.986s][info][gc,heap        ] GC(1069) ParOldGen: 10596K(1398272K)->10740K(1398272K)
[265.986s][info][gc,metaspace   ] GC(1069) Metaspace: 14390K(15296K)->14390K(15296K) NonClass: 12431K(12992K)->12431K(12992K) Class: 1959K(2304K)->1959K(2304K)
[265.986s][info][gc             ] GC(1069) Pause Young (Allocation Failure) 405M->11M(1752M) 2.910ms
[265.986s][info][gc,cpu         ] GC(1069) User=0.00s Sys=0.00s Real=0.00s
[266.255s][info][gc,start       ] GC(1070) Pause Young (Allocation Failure)
[266.258s][info][gc,heap        ] GC(1070) PSYoungGen: 396256K(396288K)->992K(388096K) Eden: 395264K(395264K)->0K(387072K) From: 992K(1024K)->992K(1024K)
[266.258s][info][gc,heap        ] GC(1070) ParOldGen: 10740K(1398272K)->10828K(1398272K)
[266.258s][info][gc,metaspace   ] GC(1070) Metaspace: 14390K(15296K)->14390K(15296K) NonClass: 12431K(12992K)->12431K(12992K) Class: 1959K(2304K)->1959K(2304K)
[266.258s][info][gc             ] GC(1070) Pause Young (Allocation Failure) 397M->11M(1744M) 2.992ms
[266.258s][info][gc,cpu         ] GC(1070) User=0.00s Sys=0.00s Real=0.00s
[266.521s][info][gc,start       ] GC(1071) Pause Young (Allocation Failure)
[266.524s][info][gc,heap        ] GC(1071) PSYoungGen: 388064K(388096K)->1024K(379904K) Eden: 387072K(387072K)->0K(378880K) From: 992K(1024K)->1024K(1024K)
[266.524s][info][gc,heap        ] GC(1071) ParOldGen: 10828K(1398272K)->10936K(1398272K)
[266.524s][info][gc,metaspace   ] GC(1071) Metaspace: 14390K(15296K)->14390K(15296K) NonClass: 12431K(12992K)->12431K(12992K) Class: 1959K(2304K)->1959K(2304K)
[266.524s][info][gc             ] GC(1071) Pause Young (Allocation Failure) 389M->11M(1736M) 2.972ms
[266.524s][info][gc,cpu         ] GC(1071) User=0.00s Sys=0.00s Real=0.00s
[266.783s][info][gc,start       ] GC(1072) Pause Young (Allocation Failure)
[266.786s][info][gc,heap        ] GC(1072) PSYoungGen: 379904K(379904K)->1024K(372224K) Eden: 378880K(378880K)->0K(371200K) From: 1024K(1024K)->1024K(1024K)
[266.786s][info][gc,heap        ] GC(1072) ParOldGen: 10936K(1398272K)->11032K(1398272K)
[266.786s][info][gc,metaspace   ] GC(1072) Metaspace: 14390K(15296K)->14390K(15296K) NonClass: 12431K(12992K)->12431K(12992K) Class: 1959K(2304K)->1959K(2304K)
[266.786s][info][gc             ] GC(1072) Pause Young (Allocation Failure) 381M->11M(1729M) 3.002ms
[266.786s][info][gc,cpu         ] GC(1072) User=0.52s Sys=0.00s Real=0.00s
[267.034s][info][gc,start       ] GC(1073) Pause Young (Allocation Failure)
[267.037s][info][gc,heap        ] GC(1073) PSYoungGen: 372224K(372224K)->1024K(446464K) Eden: 371200K(371200K)->0K(445440K) From: 1024K(1024K)->1024K(1024K)
[267.037s][info][gc,heap        ] GC(1073) ParOldGen: 11032K(1398272K)->11136K(1398272K)
[267.037s][info][gc,metaspace   ] GC(1073) Metaspace: 14390K(15296K)->14390K(15296K) NonClass: 12431K(12992K)->12431K(12992K) Class: 1959K(2304K)->1959K(2304K)
[267.037s][info][gc             ] GC(1073) Pause Young (Allocation Failure) 374M->11M(1801M) 3.042ms
[267.037s][info][gc,cpu         ] GC(1073) User=0.52s Sys=0.00s Real=0.00s
[267.336s][info][gc,start       ] GC(1074) Pause Young (Allocation Failure)
[267.339s][info][gc,heap        ] GC(1074) PSYoungGen: 446464K(446464K)->1024K(536064K) Eden: 445440K(445440K)->0K(534528K) From: 1024K(1024K)->1024K(1536K)
[267.339s][info][gc,heap        ] GC(1074) ParOldGen: 11136K(1398272K)->11232K(1398272K)
[267.339s][info][gc,metaspace   ] GC(1074) Metaspace: 14390K(15296K)->14390K(15296K) NonClass: 12431K(12992K)->12431K(12992K) Class: 1959K(2304K)->1959K(2304K)
[267.339s][info][gc             ] GC(1074) Pause Young (Allocation Failure) 446M->11M(1889M) 3.038ms
[267.339s][info][gc,cpu         ] GC(1074) User=0.00s Sys=0.00s Real=0.00s
[267.697s][info][gc,start       ] GC(1075) Pause Young (Allocation Failure)
[267.700s][info][gc,heap        ] GC(1075) PSYoungGen: 535552K(536064K)->1024K(522240K) Eden: 534528K(534528K)->0K(521216K) From: 1024K(1536K)->1024K(1024K)
[267.700s][info][gc,heap        ] GC(1075) ParOldGen: 11232K(1398272K)->11320K(1398272K)
[267.700s][info][gc,metaspace   ] GC(1075) Metaspace: 14390K(15296K)->14390K(15296K) NonClass: 12431K(12992K)->12431K(12992K) Class: 1959K(2304K)->1959K(2304K)
[267.700s][info][gc             ] GC(1075) Pause Young (Allocation Failure) 533M->12M(1875M) 3.436ms
[267.700s][info][gc,cpu         ] GC(1075) User=0.00s Sys=0.00s Real=0.00s
[268.081s][info][gc,start       ] GC(1076) Pause Young (Allocation Failure)
[268.084s][info][gc,heap        ] GC(1076) PSYoungGen: 522240K(522240K)->1024K(509440K) Eden: 521216K(521216K)->0K(508416K) From: 1024K(1024K)->1024K(1024K)
[268.084s][info][gc,heap        ] GC(1076) ParOldGen: 11320K(1398272K)->11440K(1398272K)
[268.084s][info][gc,metaspace   ] GC(1076) Metaspace: 14390K(15296K)->14390K(15296K) NonClass: 12431K(12992K)->12431K(12992K) Class: 1959K(2304K)->1959K(2304K)
[268.084s][info][gc             ] GC(1076) Pause Young (Allocation Failure) 521M->12M(1863M) 3.098ms
[268.084s][info][gc,cpu         ] GC(1076) User=0.52s Sys=0.00s Real=0.00s
[268.399s][info][gc,start       ] GC(1077) Pause Young (Allocation Failure)
[268.402s][info][gc,heap        ] GC(1077) PSYoungGen: 509440K(509440K)->864K(497152K) Eden: 508416K(508416K)->0K(496128K) From: 1024K(1024K)->864K(1024K)
[268.402s][info][gc,heap        ] GC(1077) ParOldGen: 11440K(1398272K)->11600K(1398272K)
[268.402s][info][gc,metaspace   ] GC(1077) Metaspace: 14390K(15296K)->14390K(15296K) NonClass: 12431K(12992K)->12431K(12992K) Class: 1959K(2304K)->1959K(2304K)
[268.402s][info][gc             ] GC(1077) Pause Young (Allocation Failure) 508M->12M(1851M) 3.013ms
[268.402s][info][gc,cpu         ] GC(1077) User=0.00s Sys=0.00s Real=0.00s
[268.628s][info][gc,start       ] GC(1078) Pause Young (Allocation Failure)
[268.631s][info][gc,heap        ] GC(1078) PSYoungGen: 496992K(497152K)->736K(485376K) Eden: 496128K(496128K)->0K(484352K) From: 864K(1024K)->736K(1024K)
[268.631s][info][gc,heap        ] GC(1078) ParOldGen: 11600K(1398272K)->11720K(1398272K)
[268.631s][info][gc,metaspace   ] GC(1078) Metaspace: 14390K(15296K)->14390K(15296K) NonClass: 12431K(12992K)->12431K(12992K) Class: 1959K(2304K)->1959K(2304K)
[268.631s][info][gc             ] GC(1078) Pause Young (Allocation Failure) 496M->12M(1839M) 2.905ms
[268.631s][info][gc,cpu         ] GC(1078) User=0.52s Sys=0.00s Real=0.00s
[268.809s][info][gc,start       ] GC(1079) Pause Young (System.gc())
[268.812s][info][gc,heap        ] GC(1079) PSYoungGen: 202843K(485376K)->352K(484864K) Eden: 202107K(484352K)->0K(484352K) From: 736K(1024K)->352K(512K)
[268.812s][info][gc,heap        ] GC(1079) ParOldGen: 11720K(1398272K)->11800K(1398272K)
[268.812s][info][gc,metaspace   ] GC(1079) Metaspace: 14390K(15296K)->14390K(15296K) NonClass: 12431K(12992K)->12431K(12992K) Class: 1959K(2304K)->1959K(2304K)
[268.812s][info][gc             ] GC(1079) Pause Young (System.gc()) 209M->11M(1839M) 3.182ms
[268.812s][info][gc,cpu         ] GC(1079) User=0.00s Sys=0.00s Real=0.00s
[268.812s][info][gc,start       ] GC(1080) Pause Full (System.gc())
[268.812s][info][gc,phases,start] GC(1080) Marking Phase
[268.828s][info][gc,phases      ] GC(1080) Marking Phase 15.369ms
[268.828s][info][gc,phases,start] GC(1080) Summary Phase
[268.828s][info][gc,phases      ] GC(1080) Summary Phase 0.029ms
[268.828s][info][gc,phases,start] GC(1080) Adjust Roots
[268.834s][info][gc,phases      ] GC(1080) Adjust Roots 6.483ms
[268.834s][info][gc,phases,start] GC(1080) Compaction Phase
[268.837s][info][gc,phases      ] GC(1080) Compaction Phase 2.273ms
[268.837s][info][gc,phases,start] GC(1080) Post Compact
[268.837s][info][gc,phases      ] GC(1080) Post Compact 0.508ms
[268.837s][info][gc,heap        ] GC(1080) PSYoungGen: 352K(484864K)->0K(484864K) Eden: 0K(484352K)->0K(484352K) From: 352K(512K)->0K(512K)
[268.837s][info][gc,heap        ] GC(1080) ParOldGen: 11800K(1398272K)->5375K(1398272K)
[268.837s][info][gc,metaspace   ] GC(1080) Metaspace: 14390K(15296K)->14390K(15296K) NonClass: 12431K(12992K)->12431K(12992K) Class: 1959K(2304K)->1959K(2304K)
[268.837s][info][gc             ] GC(1080) Pause Full (System.gc()) 11M->5M(1839M) 24.997ms
[268.837s][info][gc,cpu         ] GC(1080) User=0.50s Sys=0.02s Real=0.02s
[269.223s][info][gc,start       ] GC(1081) Pause Young (Allocation Failure)
[269.226s][info][gc,heap        ] GC(1081) PSYoungGen: 484352K(484864K)->1536K(474624K) Eden: 484352K(484352K)->0K(473088K) From: 0K(512K)->1536K(1536K)
[269.226s][info][gc,heap        ] GC(1081) ParOldGen: 5375K(1398272K)->5609K(1398272K)
[269.226s][info][gc,metaspace   ] GC(1081) Metaspace: 14390K(15296K)->14390K(15296K) NonClass: 12431K(12992K)->12431K(12992K) Class: 1959K(2304K)->1959K(2304K)
[269.226s][info][gc             ] GC(1081) Pause Young (Allocation Failure) 478M->6M(1829M) 3.073ms
[269.226s][info][gc,cpu         ] GC(1081) User=0.52s Sys=0.00s Real=0.00s
[269.497s][info][gc,start       ] GC(1082) Pause Young (Allocation Failure)
[269.500s][info][gc,heap        ] GC(1082) PSYoungGen: 474624K(474624K)->1024K(463360K) Eden: 473088K(473088K)->0K(462336K) From: 1536K(1536K)->1024K(1024K)
[269.501s][info][gc,heap        ] GC(1082) ParOldGen: 5609K(1398272K)->7141K(1398272K)
[269.501s][info][gc,metaspace   ] GC(1082) Metaspace: 14390K(15296K)->14390K(15296K) NonClass: 12431K(12992K)->12431K(12992K) Class: 1959K(2304K)->1959K(2304K)
[269.501s][info][gc             ] GC(1082) Pause Young (Allocation Failure) 468M->7M(1818M) 3.175ms
[269.501s][info][gc,cpu         ] GC(1082) User=0.00s Sys=0.00s Real=0.00s
[269.795s][info][gc,start       ] GC(1083) Pause Young (Allocation Failure)
[269.798s][info][gc,heap        ] GC(1083) PSYoungGen: 463360K(463360K)->1024K(452608K) Eden: 462336K(462336K)->0K(451584K) From: 1024K(1024K)->1024K(1024K)
[269.798s][info][gc,heap        ] GC(1083) ParOldGen: 7141K(1398272K)->7269K(1398272K)
[269.798s][info][gc,metaspace   ] GC(1083) Metaspace: 14390K(15296K)->14390K(15296K) NonClass: 12431K(12992K)->12431K(12992K) Class: 1959K(2304K)->1959K(2304K)
[269.798s][info][gc             ] GC(1083) Pause Young (Allocation Failure) 459M->8M(1807M) 2.944ms
[269.798s][info][gc,cpu         ] GC(1083) User=0.00s Sys=0.00s Real=0.00s
[270.088s][info][gc,start       ] GC(1084) Pause Young (Allocation Failure)
[270.091s][info][gc,heap        ] GC(1084) PSYoungGen: 452608K(452608K)->1024K(442368K) Eden: 451584K(451584K)->0K(441344K) From: 1024K(1024K)->1024K(1024K)
[270.091s][info][gc,heap        ] GC(1084) ParOldGen: 7269K(1398272K)->7437K(1398272K)
[270.091s][info][gc,metaspace   ] GC(1084) Metaspace: 14390K(15296K)->14390K(15296K) NonClass: 12431K(12992K)->12431K(12992K) Class: 1959K(2304K)->1959K(2304K)
[270.091s][info][gc             ] GC(1084) Pause Young (Allocation Failure) 449M->8M(1797M) 3.091ms
[270.091s][info][gc,cpu         ] GC(1084) User=0.00s Sys=0.00s Real=0.00s
[270.373s][info][gc,start       ] GC(1085) Pause Young (Allocation Failure)
[270.376s][info][gc,heap        ] GC(1085) PSYoungGen: 442367K(442368K)->992K(432640K) Eden: 441343K(441344K)->0K(431616K) From: 1024K(1024K)->992K(1024K)
[270.376s][info][gc,heap        ] GC(1085) ParOldGen: 7437K(1398272K)->7541K(1398272K)
[270.376s][info][gc,metaspace   ] GC(1085) Metaspace: 14390K(15296K)->14390K(15296K) NonClass: 12431K(12992K)->12431K(12992K) Class: 1959K(2304K)->1959K(2304K)
[270.376s][info][gc             ] GC(1085) Pause Young (Allocation Failure) 439M->8M(1788M) 3.125ms
[270.377s][info][gc,cpu         ] GC(1085) User=0.00s Sys=0.00s Real=0.00s
[270.651s][info][gc,start       ] GC(1086) Pause Young (Allocation Failure)
[270.654s][info][gc,heap        ] GC(1086) PSYoungGen: 432608K(432640K)->1024K(422912K) Eden: 431616K(431616K)->0K(421888K) From: 992K(1024K)->1024K(1024K)
[270.654s][info][gc,heap        ] GC(1086) ParOldGen: 7541K(1398272K)->7645K(1398272K)
[270.654s][info][gc,metaspace   ] GC(1086) Metaspace: 14390K(15296K)->14390K(15296K) NonClass: 12431K(12992K)->12431K(12992K) Class: 1959K(2304K)->1959K(2304K)
[270.654s][info][gc             ] GC(1086) Pause Young (Allocation Failure) 429M->8M(1778M) 3.199ms
[270.654s][info][gc,cpu         ] GC(1086) User=0.00s Sys=0.00s Real=0.00s
[270.920s][info][gc,start       ] GC(1087) Pause Young (Allocation Failure)
[270.923s][info][gc,heap        ] GC(1087) PSYoungGen: 422912K(422912K)->1024K(507392K) Eden: 421888K(421888K)->0K(506368K) From: 1024K(1024K)->1024K(1024K)
[270.923s][info][gc,heap        ] GC(1087) ParOldGen: 7645K(1398272K)->7765K(1398272K)
[270.923s][info][gc,metaspace   ] GC(1087) Metaspace: 14390K(15296K)->14390K(15296K) NonClass: 12431K(12992K)->12431K(12992K) Class: 1959K(2304K)->1959K(2304K)
[270.923s][info][gc             ] GC(1087) Pause Young (Allocation Failure) 420M->8M(1861M) 3.200ms
[270.923s][info][gc,cpu         ] GC(1087) User=0.00s Sys=0.00s Real=0.00s
[271.249s][info][gc,start       ] GC(1088) Pause Young (Allocation Failure)
[271.252s][info][gc,heap        ] GC(1088) PSYoungGen: 507392K(507392K)->1024K(495104K) Eden: 506368K(506368K)->0K(494080K) From: 1024K(1024K)->1024K(1024K)
[271.252s][info][gc,heap        ] GC(1088) ParOldGen: 7765K(1398272K)->7869K(1398272K)
[271.252s][info][gc,metaspace   ] GC(1088) Metaspace: 14390K(15296K)->14390K(15296K) NonClass: 12431K(12992K)->12431K(12992K) Class: 1959K(2304K)->1959K(2304K)
[271.253s][info][gc             ] GC(1088) Pause Young (Allocation Failure) 503M->8M(1849M) 3.359ms
[271.253s][info][gc,cpu         ] GC(1088) User=0.00s Sys=0.00s Real=0.00s
[271.573s][info][gc,start       ] GC(1089) Pause Young (Allocation Failure)
[271.576s][info][gc,heap        ] GC(1089) PSYoungGen: 495104K(495104K)->1024K(483328K) Eden: 494080K(494080K)->0K(482304K) From: 1024K(1024K)->1024K(1024K)
[271.576s][info][gc,heap        ] GC(1089) ParOldGen: 7869K(1398272K)->8029K(1398272K)
[271.576s][info][gc,metaspace   ] GC(1089) Metaspace: 14390K(15296K)->14390K(15296K) NonClass: 12431K(12992K)->12431K(12992K) Class: 1959K(2304K)->1959K(2304K)
[271.576s][info][gc             ] GC(1089) Pause Young (Allocation Failure) 491M->8M(1837M) 3.417ms
[271.576s][info][gc,cpu         ] GC(1089) User=0.00s Sys=0.00s Real=0.00s
[271.897s][info][gc,start       ] GC(1090) Pause Young (Allocation Failure)
[271.900s][info][gc,heap        ] GC(1090) PSYoungGen: 483328K(483328K)->1024K(472064K) Eden: 482304K(482304K)->0K(471040K) From: 1024K(1024K)->1024K(1024K)
[271.900s][info][gc,heap        ] GC(1090) ParOldGen: 8029K(1398272K)->8165K(1398272K)
[271.900s][info][gc,metaspace   ] GC(1090) Metaspace: 14390K(15296K)->14390K(15296K) NonClass: 12431K(12992K)->12431K(12992K) Class: 1959K(2304K)->1959K(2304K)
[271.900s][info][gc             ] GC(1090) Pause Young (Allocation Failure) 479M->8M(1826M) 3.085ms
[271.900s][info][gc,cpu         ] GC(1090) User=0.00s Sys=0.00s Real=0.00s
[272.239s][info][gc,start       ] GC(1091) Pause Young (Allocation Failure)
[272.242s][info][gc,heap        ] GC(1091) PSYoungGen: 472064K(472064K)->1024K(461312K) Eden: 471040K(471040K)->0K(460288K) From: 1024K(1024K)->1024K(1024K)
[272.242s][info][gc,heap        ] GC(1091) ParOldGen: 8165K(1398272K)->8301K(1398272K)
[272.242s][info][gc,metaspace   ] GC(1091) Metaspace: 14390K(15296K)->14390K(15296K) NonClass: 12431K(12992K)->12431K(12992K) Class: 1959K(2304K)->1959K(2304K)
[272.242s][info][gc             ] GC(1091) Pause Young (Allocation Failure) 468M->9M(1816M) 2.833ms
[272.242s][info][gc,cpu         ] GC(1091) User=0.00s Sys=0.00s Real=0.00s
[272.536s][info][gc,start       ] GC(1092) Pause Young (Allocation Failure)
[272.538s][info][gc,heap        ] GC(1092) PSYoungGen: 461312K(461312K)->992K(450560K) Eden: 460288K(460288K)->0K(449536K) From: 1024K(1024K)->992K(1024K)
[272.538s][info][gc,heap        ] GC(1092) ParOldGen: 8301K(1398272K)->8413K(1398272K)
[272.538s][info][gc,metaspace   ] GC(1092) Metaspace: 14390K(15296K)->14390K(15296K) NonClass: 12431K(12992K)->12431K(12992K) Class: 1959K(2304K)->1959K(2304K)
[272.538s][info][gc             ] GC(1092) Pause Young (Allocation Failure) 458M->9M(1805M) 2.844ms
[272.539s][info][gc,cpu         ] GC(1092) User=0.00s Sys=0.00s Real=0.00s
[272.825s][info][gc,start       ] GC(1093) Pause Young (Allocation Failure)
[272.828s][info][gc,heap        ] GC(1093) PSYoungGen: 450527K(450560K)->1024K(440320K) Eden: 449535K(449536K)->0K(439296K) From: 992K(1024K)->1024K(1024K)
[272.828s][info][gc,heap        ] GC(1093) ParOldGen: 8413K(1398272K)->8509K(1398272K)
[272.828s][info][gc,metaspace   ] GC(1093) Metaspace: 14390K(15296K)->14390K(15296K) NonClass: 12431K(12992K)->12431K(12992K) Class: 1959K(2304K)->1959K(2304K)
[272.828s][info][gc             ] GC(1093) Pause Young (Allocation Failure) 448M->9M(1795M) 2.980ms
[272.828s][info][gc,cpu         ] GC(1093) User=0.00s Sys=0.00s Real=0.00s
[273.109s][info][gc,start       ] GC(1094) Pause Young (Allocation Failure)
[273.112s][info][gc,heap        ] GC(1094) PSYoungGen: 440320K(440320K)->992K(430592K) Eden: 439296K(439296K)->0K(429568K) From: 1024K(1024K)->992K(1024K)
[273.112s][info][gc,heap        ] GC(1094) ParOldGen: 8509K(1398272K)->8645K(1398272K)
[273.112s][info][gc,metaspace   ] GC(1094) Metaspace: 14390K(15296K)->14390K(15296K) NonClass: 12431K(12992K)->12431K(12992K) Class: 1959K(2304K)->1959K(2304K)
[273.112s][info][gc             ] GC(1094) Pause Young (Allocation Failure) 438M->9M(1786M) 3.030ms
[273.112s][info][gc,cpu         ] GC(1094) User=0.00s Sys=0.00s Real=0.00s
[273.387s][info][gc,start       ] GC(1095) Pause Young (Allocation Failure)
[273.390s][info][gc,heap        ] GC(1095) PSYoungGen: 430560K(430592K)->992K(421376K) Eden: 429568K(429568K)->0K(420352K) From: 992K(1024K)->992K(1024K)
[273.390s][info][gc,heap        ] GC(1095) ParOldGen: 8645K(1398272K)->8757K(1398272K)
[273.390s][info][gc,metaspace   ] GC(1095) Metaspace: 14390K(15296K)->14390K(15296K) NonClass: 12431K(12992K)->12431K(12992K) Class: 1959K(2304K)->1959K(2304K)
[273.390s][info][gc             ] GC(1095) Pause Young (Allocation Failure) 428M->9M(1777M) 3.067ms
[273.390s][info][gc,cpu         ] GC(1095) User=0.00s Sys=0.00s Real=0.00s
[273.654s][info][gc,start       ] GC(1096) Pause Young (Allocation Failure)
[273.657s][info][gc,heap        ] GC(1096) PSYoungGen: 421344K(421376K)->960K(412160K) Eden: 420352K(420352K)->0K(411136K) From: 992K(1024K)->960K(1024K)
[273.657s][info][gc,heap        ] GC(1096) ParOldGen: 8757K(1398272K)->8877K(1398272K)
[273.657s][info][gc,metaspace   ] GC(1096) Metaspace: 14390K(15296K)->14390K(15296K) NonClass: 12431K(12992K)->12431K(12992K) Class: 1959K(2304K)->1959K(2304K)
[273.657s][info][gc             ] GC(1096) Pause Young (Allocation Failure) 420M->9M(1768M) 3.064ms
[273.657s][info][gc,cpu         ] GC(1096) User=0.00s Sys=0.00s Real=0.00s
[273.920s][info][gc,start       ] GC(1097) Pause Young (Allocation Failure)
[273.923s][info][gc,heap        ] GC(1097) PSYoungGen: 412096K(412160K)->960K(494592K) Eden: 411136K(411136K)->0K(493568K) From: 960K(1024K)->960K(1024K)
[273.923s][info][gc,heap        ] GC(1097) ParOldGen: 8877K(1398272K)->8997K(1398272K)
[273.923s][info][gc,metaspace   ] GC(1097) Metaspace: 14390K(15296K)->14390K(15296K) NonClass: 12431K(12992K)->12431K(12992K) Class: 1959K(2304K)->1959K(2304K)
[273.923s][info][gc             ] GC(1097) Pause Young (Allocation Failure) 411M->9M(1848M) 3.138ms
[273.923s][info][gc,cpu         ] GC(1097) User=0.00s Sys=0.00s Real=0.00s
[274.239s][info][gc,start       ] GC(1098) Pause Young (Allocation Failure)
[274.243s][info][gc,heap        ] GC(1098) PSYoungGen: 494528K(494592K)->1024K(482816K) Eden: 493568K(493568K)->0K(481792K) From: 960K(1024K)->1024K(1024K)
[274.243s][info][gc,heap        ] GC(1098) ParOldGen: 8997K(1398272K)->9109K(1398272K)
[274.243s][info][gc,metaspace   ] GC(1098) Metaspace: 14390K(15296K)->14390K(15296K) NonClass: 12431K(12992K)->12431K(12992K) Class: 1959K(2304K)->1959K(2304K)
[274.243s][info][gc             ] GC(1098) Pause Young (Allocation Failure) 491M->9M(1837M) 3.256ms
[274.243s][info][gc,cpu         ] GC(1098) User=0.00s Sys=0.00s Real=0.00s
[274.556s][info][gc,start       ] GC(1099) Pause Young (Allocation Failure)
[274.559s][info][gc,heap        ] GC(1099) PSYoungGen: 482816K(482816K)->992K(471552K) Eden: 481792K(481792K)->0K(470528K) From: 1024K(1024K)->992K(1024K)
[274.559s][info][gc,heap        ] GC(1099) ParOldGen: 9109K(1398272K)->9245K(1398272K)
[274.559s][info][gc,metaspace   ] GC(1099) Metaspace: 14390K(15296K)->14390K(15296K) NonClass: 12431K(12992K)->12431K(12992K) Class: 1959K(2304K)->1959K(2304K)
[274.559s][info][gc             ] GC(1099) Pause Young (Allocation Failure) 480M->9M(1826M) 3.183ms
[274.560s][info][gc,cpu         ] GC(1099) User=0.00s Sys=0.00s Real=0.00s
[274.905s][info][gc,start       ] GC(1100) Pause Young (Allocation Failure)
[274.908s][info][gc,heap        ] GC(1100) PSYoungGen: 471520K(471552K)->1024K(460800K) Eden: 470528K(470528K)->0K(459776K) From: 992K(1024K)->1024K(1024K)
[274.908s][info][gc,heap        ] GC(1100) ParOldGen: 9245K(1398272K)->9373K(1398272K)
[274.908s][info][gc,metaspace   ] GC(1100) Metaspace: 14390K(15296K)->14390K(15296K) NonClass: 12431K(12992K)->12431K(12992K) Class: 1959K(2304K)->1959K(2304K)
[274.908s][info][gc             ] GC(1100) Pause Young (Allocation Failure) 469M->10M(1815M) 2.837ms
[274.908s][info][gc,cpu         ] GC(1100) User=0.00s Sys=0.00s Real=0.00s
[275.200s][info][gc,start       ] GC(1101) Pause Young (Allocation Failure)
[275.202s][info][gc,heap        ] GC(1101) PSYoungGen: 460800K(460800K)->992K(450560K) Eden: 459776K(459776K)->0K(449536K) From: 1024K(1024K)->992K(1024K)
[275.202s][info][gc,heap        ] GC(1101) ParOldGen: 9373K(1398272K)->9509K(1398272K)
[275.202s][info][gc,metaspace   ] GC(1101) Metaspace: 14390K(15296K)->14390K(15296K) NonClass: 12431K(12992K)->12431K(12992K) Class: 1959K(2304K)->1959K(2304K)
[275.203s][info][gc             ] GC(1101) Pause Young (Allocation Failure) 459M->10M(1805M) 2.808ms
[275.203s][info][gc,cpu         ] GC(1101) User=0.00s Sys=0.00s Real=0.00s
[275.481s][info][gc,start       ] GC(1102) Pause Young (Allocation Failure)
[275.484s][info][gc,heap        ] GC(1102) PSYoungGen: 450528K(450560K)->1024K(440320K) Eden: 449536K(449536K)->0K(439296K) From: 992K(1024K)->1024K(1024K)
[275.484s][info][gc,heap        ] GC(1102) ParOldGen: 9509K(1398272K)->9613K(1398272K)
[275.484s][info][gc,metaspace   ] GC(1102) Metaspace: 14390K(15296K)->14390K(15296K) NonClass: 12431K(12992K)->12431K(12992K) Class: 1959K(2304K)->1959K(2304K)
[275.484s][info][gc             ] GC(1102) Pause Young (Allocation Failure) 449M->10M(1795M) 2.862ms
[275.484s][info][gc,cpu         ] GC(1102) User=0.00s Sys=0.00s Real=0.00s
[275.763s][info][gc,start       ] GC(1103) Pause Young (Allocation Failure)
[275.766s][info][gc,heap        ] GC(1103) PSYoungGen: 440320K(440320K)->992K(430592K) Eden: 439296K(439296K)->0K(429568K) From: 1024K(1024K)->992K(1024K)
[275.766s][info][gc,heap        ] GC(1103) ParOldGen: 9613K(1398272K)->9749K(1398272K)
[275.766s][info][gc,metaspace   ] GC(1103) Metaspace: 14390K(15296K)->14390K(15296K) NonClass: 12431K(12992K)->12431K(12992K) Class: 1959K(2304K)->1959K(2304K)
[275.766s][info][gc             ] GC(1103) Pause Young (Allocation Failure) 439M->10M(1786M) 2.889ms
[275.766s][info][gc,cpu         ] GC(1103) User=0.00s Sys=0.00s Real=0.00s
[276.039s][info][gc,start       ] GC(1104) Pause Young (Allocation Failure)
[276.042s][info][gc,heap        ] GC(1104) PSYoungGen: 430560K(430592K)->992K(421376K) Eden: 429568K(429568K)->0K(420352K) From: 992K(1024K)->992K(1024K)
[276.042s][info][gc,heap        ] GC(1104) ParOldGen: 9749K(1398272K)->9845K(1398272K)
[276.042s][info][gc,metaspace   ] GC(1104) Metaspace: 14390K(15296K)->14390K(15296K) NonClass: 12431K(12992K)->12431K(12992K) Class: 1959K(2304K)->1959K(2304K)
[276.042s][info][gc             ] GC(1104) Pause Young (Allocation Failure) 429M->10M(1777M) 2.920ms
[276.042s][info][gc,cpu         ] GC(1104) User=0.00s Sys=0.00s Real=0.00s
[276.309s][info][gc,start       ] GC(1105) Pause Young (Allocation Failure)
[276.312s][info][gc,heap        ] GC(1105) PSYoungGen: 421344K(421376K)->1024K(412160K) Eden: 420352K(420352K)->0K(411136K) From: 992K(1024K)->1024K(1024K)
[276.312s][info][gc,heap        ] GC(1105) ParOldGen: 9845K(1398272K)->9973K(1398272K)
[276.312s][info][gc,metaspace   ] GC(1105) Metaspace: 14390K(15296K)->14390K(15296K) NonClass: 12431K(12992K)->12431K(12992K) Class: 1959K(2304K)->1959K(2304K)
[276.312s][info][gc             ] GC(1105) Pause Young (Allocation Failure) 421M->10M(1768M) 3.018ms
[276.312s][info][gc,cpu         ] GC(1105) User=0.00s Sys=0.00s Real=0.00s
[276.573s][info][gc,start       ] GC(1106) Pause Young (Allocation Failure)
[276.576s][info][gc,heap        ] GC(1106) PSYoungGen: 412160K(412160K)->1024K(403456K) Eden: 411136K(411136K)->0K(402432K) From: 1024K(1024K)->1024K(1024K)
[276.576s][info][gc,heap        ] GC(1106) ParOldGen: 9973K(1398272K)->10077K(1398272K)
[276.576s][info][gc,metaspace   ] GC(1106) Metaspace: 14390K(15296K)->14390K(15296K) NonClass: 12431K(12992K)->12431K(12992K) Class: 1959K(2304K)->1959K(2304K)
[276.576s][info][gc             ] GC(1106) Pause Young (Allocation Failure) 412M->10M(1759M) 3.046ms
[276.576s][info][gc,cpu         ] GC(1106) User=0.00s Sys=0.00s Real=0.00s
[276.830s][info][gc,start       ] GC(1107) Pause Young (Allocation Failure)
[276.833s][info][gc,heap        ] GC(1107) PSYoungGen: 403456K(403456K)->992K(484352K) Eden: 402432K(402432K)->0K(483328K) From: 1024K(1024K)->992K(1024K)
[276.833s][info][gc,heap        ] GC(1107) ParOldGen: 10077K(1398272K)->10165K(1398272K)
[276.833s][info][gc,metaspace   ] GC(1107) Metaspace: 14390K(15296K)->14390K(15296K) NonClass: 12431K(12992K)->12431K(12992K) Class: 1959K(2304K)->1959K(2304K)
[276.833s][info][gc             ] GC(1107) Pause Young (Allocation Failure) 403M->10M(1838M) 3.057ms
[276.833s][info][gc,cpu         ] GC(1107) User=0.00s Sys=0.00s Real=0.00s
[277.140s][info][gc,start       ] GC(1108) Pause Young (Allocation Failure)
[277.143s][info][gc,heap        ] GC(1108) PSYoungGen: 484320K(484352K)->1024K(473088K) Eden: 483328K(483328K)->0K(472064K) From: 992K(1024K)->1024K(1024K)
[277.143s][info][gc,heap        ] GC(1108) ParOldGen: 10165K(1398272K)->10277K(1398272K)
[277.143s][info][gc,metaspace   ] GC(1108) Metaspace: 14390K(15296K)->14390K(15296K) NonClass: 12431K(12992K)->12431K(12992K) Class: 1959K(2304K)->1959K(2304K)
[277.143s][info][gc             ] GC(1108) Pause Young (Allocation Failure) 482M->11M(1827M) 3.195ms
[277.143s][info][gc,cpu         ] GC(1108) User=0.00s Sys=0.00s Real=0.00s
[277.446s][info][gc,start       ] GC(1109) Pause Young (Allocation Failure)
[277.449s][info][gc,heap        ] GC(1109) PSYoungGen: 473087K(473088K)->992K(462336K) Eden: 472063K(472064K)->0K(461312K) From: 1024K(1024K)->992K(1024K)
[277.449s][info][gc,heap        ] GC(1109) ParOldGen: 10277K(1398272K)->10397K(1398272K)
[277.449s][info][gc,metaspace   ] GC(1109) Metaspace: 14390K(15296K)->14390K(15296K) NonClass: 12431K(12992K)->12431K(12992K) Class: 1959K(2304K)->1959K(2304K)
[277.449s][info][gc             ] GC(1109) Pause Young (Allocation Failure) 472M->11M(1817M) 3.308ms
[277.449s][info][gc,cpu         ] GC(1109) User=0.00s Sys=0.00s Real=0.00s
[277.746s][info][gc,start       ] GC(1110) Pause Young (Allocation Failure)
[277.750s][info][gc,heap        ] GC(1110) PSYoungGen: 462304K(462336K)->1024K(451584K) Eden: 461312K(461312K)->0K(450560K) From: 992K(1024K)->1024K(1024K)
[277.750s][info][gc,heap        ] GC(1110) ParOldGen: 10397K(1398272K)->10541K(1398272K)
[277.750s][info][gc,metaspace   ] GC(1110) Metaspace: 14390K(15296K)->14390K(15296K) NonClass: 12431K(12992K)->12431K(12992K) Class: 1959K(2304K)->1959K(2304K)
[277.750s][info][gc             ] GC(1110) Pause Young (Allocation Failure) 461M->11M(1806M) 3.306ms
[277.750s][info][gc,cpu         ] GC(1110) User=0.00s Sys=0.00s Real=0.00s
[278.040s][info][gc,start       ] GC(1111) Pause Young (Allocation Failure)
[278.043s][info][gc,heap        ] GC(1111) PSYoungGen: 451584K(451584K)->960K(518656K) Eden: 450560K(450560K)->0K(517120K) From: 1024K(1024K)->960K(1536K)
[278.043s][info][gc,heap        ] GC(1111) ParOldGen: 10541K(1398272K)->10685K(1398272K)
[278.043s][info][gc,metaspace   ] GC(1111) Metaspace: 14390K(15296K)->14390K(15296K) NonClass: 12431K(12992K)->12431K(12992K) Class: 1959K(2304K)->1959K(2304K)
[278.043s][info][gc             ] GC(1111) Pause Young (Allocation Failure) 451M->11M(1872M) 3.302ms
[278.043s][info][gc,cpu         ] GC(1111) User=0.00s Sys=0.00s Real=0.00s
[278.376s][info][gc,start       ] GC(1112) Pause Young (Allocation Failure)
[278.380s][info][gc,heap        ] GC(1112) PSYoungGen: 518080K(518656K)->992K(505344K) Eden: 517120K(517120K)->0K(504320K) From: 960K(1536K)->992K(1024K)
[278.380s][info][gc,heap        ] GC(1112) ParOldGen: 10685K(1398272K)->10813K(1398272K)
[278.380s][info][gc,metaspace   ] GC(1112) Metaspace: 14390K(15296K)->14390K(15296K) NonClass: 12431K(12992K)->12431K(12992K) Class: 1959K(2304K)->1959K(2304K)
[278.380s][info][gc             ] GC(1112) Pause Young (Allocation Failure) 516M->11M(1859M) 3.512ms
[278.380s][info][gc,cpu         ] GC(1112) User=0.00s Sys=0.02s Real=0.00s
[278.718s][info][gc,start       ] GC(1113) Pause Young (Allocation Failure)
[278.721s][info][gc,heap        ] GC(1113) PSYoungGen: 505312K(505344K)->1024K(493056K) Eden: 504320K(504320K)->0K(492032K) From: 992K(1024K)->1024K(1024K)
[278.721s][info][gc,heap        ] GC(1113) ParOldGen: 10813K(1398272K)->10973K(1398272K)
[278.721s][info][gc,metaspace   ] GC(1113) Metaspace: 14390K(15296K)->14390K(15296K) NonClass: 12431K(12992K)->12431K(12992K) Class: 1959K(2304K)->1959K(2304K)
[278.721s][info][gc             ] GC(1113) Pause Young (Allocation Failure) 504M->11M(1847M) 2.999ms
[278.721s][info][gc,cpu         ] GC(1113) User=0.00s Sys=0.00s Real=0.00s
[279.064s][info][gc,start       ] GC(1114) Pause Young (Allocation Failure)
[279.067s][info][gc,heap        ] GC(1114) PSYoungGen: 493056K(493056K)->992K(481280K) Eden: 492032K(492032K)->0K(480256K) From: 1024K(1024K)->992K(1024K)
[279.067s][info][gc,heap        ] GC(1114) ParOldGen: 10973K(1398272K)->11097K(1398272K)
[279.067s][info][gc,metaspace   ] GC(1114) Metaspace: 14390K(15296K)->14390K(15296K) NonClass: 12431K(12992K)->12431K(12992K) Class: 1959K(2304K)->1959K(2304K)
[279.067s][info][gc             ] GC(1114) Pause Young (Allocation Failure) 492M->11M(1835M) 2.848ms
[279.067s][info][gc,cpu         ] GC(1114) User=0.00s Sys=0.00s Real=0.00s
[279.372s][info][gc,start       ] GC(1115) Pause Young (Allocation Failure)
[279.375s][info][gc,heap        ] GC(1115) PSYoungGen: 481248K(481280K)->992K(470016K) Eden: 480256K(480256K)->0K(468992K) From: 992K(1024K)->992K(1024K)
[279.375s][info][gc,heap        ] GC(1115) ParOldGen: 11097K(1398272K)->11233K(1398272K)
[279.375s][info][gc,metaspace   ] GC(1115) Metaspace: 14390K(15296K)->14390K(15296K) NonClass: 12431K(12992K)->12431K(12992K) Class: 1959K(2304K)->1959K(2304K)
[279.375s][info][gc             ] GC(1115) Pause Young (Allocation Failure) 480M->11M(1824M) 3.034ms
[279.375s][info][gc,cpu         ] GC(1115) User=0.00s Sys=0.00s Real=0.00s
[279.674s][info][gc,start       ] GC(1116) Pause Young (Allocation Failure)
[279.677s][info][gc,heap        ] GC(1116) PSYoungGen: 469984K(470016K)->960K(459264K) Eden: 468992K(468992K)->0K(458240K) From: 992K(1024K)->960K(1024K)
[279.677s][info][gc,heap        ] GC(1116) ParOldGen: 11233K(1398272K)->11353K(1398272K)
[279.677s][info][gc,metaspace   ] GC(1116) Metaspace: 14390K(15296K)->14390K(15296K) NonClass: 12431K(12992K)->12431K(12992K) Class: 1959K(2304K)->1959K(2304K)
[279.677s][info][gc             ] GC(1116) Pause Young (Allocation Failure) 469M->12M(1814M) 3.020ms
[279.677s][info][gc,cpu         ] GC(1116) User=0.52s Sys=0.00s Real=0.00s
[279.971s][info][gc,start       ] GC(1117) Pause Young (Allocation Failure)
[279.974s][info][gc,heap        ] GC(1117) PSYoungGen: 459200K(459264K)->992K(449024K) Eden: 458240K(458240K)->0K(448000K) From: 960K(1024K)->992K(1024K)
[279.974s][info][gc,heap        ] GC(1117) ParOldGen: 11353K(1398272K)->11465K(1398272K)
[279.974s][info][gc,metaspace   ] GC(1117) Metaspace: 14390K(15296K)->14390K(15296K) NonClass: 12431K(12992K)->12431K(12992K) Class: 1959K(2304K)->1959K(2304K)
[279.974s][info][gc             ] GC(1117) Pause Young (Allocation Failure) 459M->12M(1804M) 3.096ms
[279.974s][info][gc,cpu         ] GC(1117) User=0.52s Sys=0.00s Real=0.00s
[280.253s][info][gc,start       ] GC(1118) Pause Young (Allocation Failure)
[280.257s][info][gc,heap        ] GC(1118) PSYoungGen: 448992K(449024K)->960K(438784K) Eden: 448000K(448000K)->0K(437760K) From: 992K(1024K)->960K(1024K)
[280.257s][info][gc,heap        ] GC(1118) ParOldGen: 11465K(1398272K)->11601K(1398272K)
[280.257s][info][gc,metaspace   ] GC(1118) Metaspace: 14390K(15296K)->14390K(15296K) NonClass: 12431K(12992K)->12431K(12992K) Class: 1959K(2304K)->1959K(2304K)
[280.257s][info][gc             ] GC(1118) Pause Young (Allocation Failure) 449M->12M(1794M) 3.142ms
[280.257s][info][gc,cpu         ] GC(1118) User=0.52s Sys=0.00s Real=0.00s
[280.527s][info][gc,start       ] GC(1119) Pause Young (Allocation Failure)
[280.530s][info][gc,heap        ] GC(1119) PSYoungGen: 438720K(438784K)->992K(429056K) Eden: 437760K(437760K)->0K(428032K) From: 960K(1024K)->992K(1024K)
[280.530s][info][gc,heap        ] GC(1119) ParOldGen: 11601K(1398272K)->11713K(1398272K)
[280.530s][info][gc,metaspace   ] GC(1119) Metaspace: 14390K(15296K)->14390K(15296K) NonClass: 12431K(12992K)->12431K(12992K) Class: 1959K(2304K)->1959K(2304K)
[280.530s][info][gc             ] GC(1119) Pause Young (Allocation Failure) 439M->12M(1784M) 3.204ms
[280.530s][info][gc,cpu         ] GC(1119) User=0.00s Sys=0.00s Real=0.00s
[280.769s][info][gc,start       ] GC(1120) Pause Young (Allocation Failure)
[280.772s][info][gc,heap        ] GC(1120) PSYoungGen: 429024K(429056K)->832K(514560K) Eden: 428032K(428032K)->0K(513024K) From: 992K(1024K)->832K(1536K)
[280.772s][info][gc,heap        ] GC(1120) ParOldGen: 11713K(1398272K)->11817K(1398272K)
[280.772s][info][gc,metaspace   ] GC(1120) Metaspace: 14390K(15296K)->14390K(15296K) NonClass: 12431K(12992K)->12431K(12992K) Class: 1959K(2304K)->1959K(2304K)
[280.772s][info][gc             ] GC(1120) Pause Young (Allocation Failure) 430M->12M(1868M) 3.144ms
[280.772s][info][gc,cpu         ] GC(1120) User=0.52s Sys=0.00s Real=0.00s
[281.041s][info][gc,start       ] GC(1121) Pause Young (System.gc())
[281.044s][info][gc,heap        ] GC(1121) PSYoungGen: 473181K(514560K)->544K(515584K) Eden: 472349K(513024K)->0K(514048K) From: 832K(1536K)->544K(1536K)
[281.045s][info][gc,heap        ] GC(1121) ParOldGen: 11817K(1398272K)->11897K(1398272K)
[281.045s][info][gc,metaspace   ] GC(1121) Metaspace: 14390K(15296K)->14390K(15296K) NonClass: 12431K(12992K)->12431K(12992K) Class: 1959K(2304K)->1959K(2304K)
[281.045s][info][gc             ] GC(1121) Pause Young (System.gc()) 473M->12M(1869M) 3.764ms
[281.045s][info][gc,cpu         ] GC(1121) User=0.00s Sys=0.00s Real=0.00s
[281.045s][info][gc,start       ] GC(1122) Pause Full (System.gc())
[281.045s][info][gc,phases,start] GC(1122) Marking Phase
[281.061s][info][gc,phases      ] GC(1122) Marking Phase 16.233ms
[281.061s][info][gc,phases,start] GC(1122) Summary Phase
[281.061s][info][gc,phases      ] GC(1122) Summary Phase 0.013ms
[281.061s][info][gc,phases,start] GC(1122) Adjust Roots
[281.067s][info][gc,phases      ] GC(1122) Adjust Roots 6.049ms
[281.067s][info][gc,phases,start] GC(1122) Compaction Phase
[281.069s][info][gc,phases      ] GC(1122) Compaction Phase 2.188ms
[281.069s][info][gc,phases,start] GC(1122) Post Compact
[281.070s][info][gc,phases      ] GC(1122) Post Compact 0.490ms
[281.070s][info][gc,heap        ] GC(1122) PSYoungGen: 544K(515584K)->0K(515584K) Eden: 0K(514048K)->0K(514048K) From: 544K(1536K)->0K(1536K)
[281.070s][info][gc,heap        ] GC(1122) ParOldGen: 11897K(1398272K)->5375K(1398272K)
[281.070s][info][gc,metaspace   ] GC(1122) Metaspace: 14390K(15296K)->14390K(15296K) NonClass: 12431K(12992K)->12431K(12992K) Class: 1959K(2304K)->1959K(2304K)
[281.070s][info][gc             ] GC(1122) Pause Full (System.gc()) 12M->5M(1869M) 25.226ms
[281.070s][info][gc,cpu         ] GC(1122) User=0.52s Sys=0.00s Real=0.02s
[281.494s][info][gc,start       ] GC(1123) Pause Young (Allocation Failure)
[281.497s][info][gc,heap        ] GC(1123) PSYoungGen: 514048K(515584K)->1536K(503296K) Eden: 514048K(514048K)->0K(501760K) From: 0K(1536K)->1536K(1536K)
[281.497s][info][gc,heap        ] GC(1123) ParOldGen: 5375K(1398272K)->5624K(1398272K)
[281.497s][info][gc,metaspace   ] GC(1123) Metaspace: 14390K(15296K)->14390K(15296K) NonClass: 12431K(12992K)->12431K(12992K) Class: 1959K(2304K)->1959K(2304K)
[281.497s][info][gc             ] GC(1123) Pause Young (Allocation Failure) 507M->6M(1857M) 3.014ms
[281.497s][info][gc,cpu         ] GC(1123) User=0.00s Sys=0.00s Real=0.00s
[281.782s][info][gc,start       ] GC(1124) Pause Young (Allocation Failure)
[281.785s][info][gc,heap        ] GC(1124) PSYoungGen: 503296K(503296K)->512K(490496K) Eden: 501760K(501760K)->0K(489984K) From: 1536K(1536K)->512K(512K)
[281.785s][info][gc,heap        ] GC(1124) ParOldGen: 5624K(1398272K)->7200K(1398272K)
[281.785s][info][gc,metaspace   ] GC(1124) Metaspace: 14390K(15296K)->14390K(15296K) NonClass: 12431K(12992K)->12431K(12992K) Class: 1959K(2304K)->1959K(2304K)
[281.785s][info][gc             ] GC(1124) Pause Young (Allocation Failure) 496M->7M(1844M) 3.025ms
[281.785s][info][gc,cpu         ] GC(1124) User=0.00s Sys=0.00s Real=0.00s
[282.127s][info][gc,start       ] GC(1125) Pause Young (Allocation Failure)
[282.129s][info][gc,heap        ] GC(1125) PSYoungGen: 490496K(490496K)->992K(480256K) Eden: 489984K(489984K)->0K(478208K) From: 512K(512K)->992K(2048K)
[282.129s][info][gc,heap        ] GC(1125) ParOldGen: 7200K(1398272K)->7240K(1398272K)
[282.129s][info][gc,metaspace   ] GC(1125) Metaspace: 14390K(15296K)->14390K(15296K) NonClass: 12431K(12992K)->12431K(12992K) Class: 1959K(2304K)->1959K(2304K)
[282.130s][info][gc             ] GC(1125) Pause Young (Allocation Failure) 486M->8M(1834M) 2.747ms
[282.130s][info][gc,cpu         ] GC(1125) User=0.00s Sys=0.02s Real=0.00s
[282.432s][info][gc,start       ] GC(1126) Pause Young (Allocation Failure)
[282.435s][info][gc,heap        ] GC(1126) PSYoungGen: 479200K(480256K)->992K(467968K) Eden: 478208K(478208K)->0K(466944K) From: 992K(2048K)->992K(1024K)
[282.435s][info][gc,heap        ] GC(1126) ParOldGen: 7240K(1398272K)->7416K(1398272K)
[282.435s][info][gc,metaspace   ] GC(1126) Metaspace: 14390K(15296K)->14390K(15296K) NonClass: 12431K(12992K)->12431K(12992K) Class: 1959K(2304K)->1959K(2304K)
[282.436s][info][gc             ] GC(1126) Pause Young (Allocation Failure) 475M->8M(1822M) 3.044ms
[282.436s][info][gc,cpu         ] GC(1126) User=0.00s Sys=0.00s Real=0.00s
[282.734s][info][gc,start       ] GC(1127) Pause Young (Allocation Failure)
[282.737s][info][gc,heap        ] GC(1127) PSYoungGen: 467936K(467968K)->1024K(457216K) Eden: 466944K(466944K)->0K(456192K) From: 992K(1024K)->1024K(1024K)
[282.737s][info][gc,heap        ] GC(1127) ParOldGen: 7416K(1398272K)->7536K(1398272K)
[282.737s][info][gc,metaspace   ] GC(1127) Metaspace: 14390K(15296K)->14390K(15296K) NonClass: 12431K(12992K)->12431K(12992K) Class: 1959K(2304K)->1959K(2304K)
[282.737s][info][gc             ] GC(1127) Pause Young (Allocation Failure) 464M->8M(1812M) 2.996ms
[282.737s][info][gc,cpu         ] GC(1127) User=0.00s Sys=0.00s Real=0.00s
[283.030s][info][gc,start       ] GC(1128) Pause Young (Allocation Failure)
[283.033s][info][gc,heap        ] GC(1128) PSYoungGen: 457216K(457216K)->1024K(446976K) Eden: 456192K(456192K)->0K(445952K) From: 1024K(1024K)->1024K(1024K)
[283.033s][info][gc,heap        ] GC(1128) ParOldGen: 7536K(1398272K)->7672K(1398272K)
[283.033s][info][gc,metaspace   ] GC(1128) Metaspace: 14390K(15296K)->14390K(15296K) NonClass: 12431K(12992K)->12431K(12992K) Class: 1959K(2304K)->1959K(2304K)
[283.033s][info][gc             ] GC(1128) Pause Young (Allocation Failure) 453M->8M(1802M) 3.185ms
[283.033s][info][gc,cpu         ] GC(1128) User=0.00s Sys=0.00s Real=0.00s
[283.319s][info][gc,start       ] GC(1129) Pause Young (Allocation Failure)
[283.322s][info][gc,heap        ] GC(1129) PSYoungGen: 446976K(446976K)->1024K(436736K) Eden: 445952K(445952K)->0K(435712K) From: 1024K(1024K)->1024K(1024K)
[283.322s][info][gc,heap        ] GC(1129) ParOldGen: 7672K(1398272K)->7808K(1398272K)
[283.322s][info][gc,metaspace   ] GC(1129) Metaspace: 14390K(15296K)->14390K(15296K) NonClass: 12431K(12992K)->12431K(12992K) Class: 1959K(2304K)->1959K(2304K)
[283.322s][info][gc             ] GC(1129) Pause Young (Allocation Failure) 443M->8M(1792M) 3.120ms
[283.322s][info][gc,cpu         ] GC(1129) User=0.00s Sys=0.00s Real=0.00s
[283.602s][info][gc,start       ] GC(1130) Pause Young (Allocation Failure)
[283.605s][info][gc,heap        ] GC(1130) PSYoungGen: 436736K(436736K)->1024K(427008K) Eden: 435712K(435712K)->0K(425984K) From: 1024K(1024K)->1024K(1024K)
[283.605s][info][gc,heap        ] GC(1130) ParOldGen: 7808K(1398272K)->7944K(1398272K)
[283.605s][info][gc,metaspace   ] GC(1130) Metaspace: 14390K(15296K)->14390K(15296K) NonClass: 12431K(12992K)->12431K(12992K) Class: 1959K(2304K)->1959K(2304K)
[283.605s][info][gc             ] GC(1130) Pause Young (Allocation Failure) 434M->8M(1782M) 3.185ms
[283.605s][info][gc,cpu         ] GC(1130) User=0.00s Sys=0.00s Real=0.00s
[283.878s][info][gc,start       ] GC(1131) Pause Young (Allocation Failure)
[283.881s][info][gc,heap        ] GC(1131) PSYoungGen: 427008K(427008K)->992K(417792K) Eden: 425984K(425984K)->0K(416768K) From: 1024K(1024K)->992K(1024K)
[283.881s][info][gc,heap        ] GC(1131) ParOldGen: 7944K(1398272K)->8080K(1398272K)
[283.881s][info][gc,metaspace   ] GC(1131) Metaspace: 14390K(15296K)->14390K(15296K) NonClass: 12431K(12992K)->12431K(12992K) Class: 1959K(2304K)->1959K(2304K)
[283.881s][info][gc             ] GC(1131) Pause Young (Allocation Failure) 424M->8M(1773M) 3.188ms
[283.881s][info][gc,cpu         ] GC(1131) User=0.52s Sys=0.00s Real=0.00s
[284.149s][info][gc,start       ] GC(1132) Pause Young (Allocation Failure)
[284.152s][info][gc,heap        ] GC(1132) PSYoungGen: 417760K(417792K)->1024K(501248K) Eden: 416768K(416768K)->0K(500224K) From: 992K(1024K)->1024K(1024K)
[284.152s][info][gc,heap        ] GC(1132) ParOldGen: 8080K(1398272K)->8184K(1398272K)
[284.152s][info][gc,metaspace   ] GC(1132) Metaspace: 14390K(15296K)->14390K(15296K) NonClass: 12431K(12992K)->12431K(12992K) Class: 1959K(2304K)->1959K(2304K)
[284.152s][info][gc             ] GC(1132) Pause Young (Allocation Failure) 415M->8M(1855M) 3.225ms
[284.152s][info][gc,cpu         ] GC(1132) User=0.00s Sys=0.00s Real=0.00s
[284.472s][info][gc,start       ] GC(1133) Pause Young (Allocation Failure)
[284.475s][info][gc,heap        ] GC(1133) PSYoungGen: 501248K(501248K)->1024K(489472K) Eden: 500224K(500224K)->0K(488448K) From: 1024K(1024K)->1024K(1024K)
[284.475s][info][gc,heap        ] GC(1133) ParOldGen: 8184K(1398272K)->8288K(1398272K)
[284.475s][info][gc,metaspace   ] GC(1133) Metaspace: 14390K(15296K)->14390K(15296K) NonClass: 12431K(12992K)->12431K(12992K) Class: 1959K(2304K)->1959K(2304K)
[284.475s][info][gc             ] GC(1133) Pause Young (Allocation Failure) 497M->9M(1843M) 3.339ms
[284.475s][info][gc,cpu         ] GC(1133) User=0.52s Sys=0.00s Real=0.00s
[284.850s][info][gc,start       ] GC(1134) Pause Young (Allocation Failure)
[284.854s][info][gc,heap        ] GC(1134) PSYoungGen: 489472K(489472K)->960K(508928K) Eden: 488448K(488448K)->0K(507392K) From: 1024K(1024K)->960K(1536K)
[284.854s][info][gc,heap        ] GC(1134) ParOldGen: 8288K(1398272K)->8432K(1398272K)
[284.854s][info][gc,metaspace   ] GC(1134) Metaspace: 14390K(15296K)->14390K(15296K) NonClass: 12431K(12992K)->12431K(12992K) Class: 1959K(2304K)->1959K(2304K)
[284.854s][info][gc             ] GC(1134) Pause Young (Allocation Failure) 486M->9M(1862M) 4.845ms
[284.855s][info][gc,cpu         ] GC(1134) User=0.00s Sys=0.00s Real=0.00s
[285.203s][info][gc,start       ] GC(1135) Pause Young (Allocation Failure)
[285.206s][info][gc,heap        ] GC(1135) PSYoungGen: 508352K(508928K)->1024K(496128K) Eden: 507392K(507392K)->0K(495104K) From: 960K(1536K)->1024K(1024K)
[285.206s][info][gc,heap        ] GC(1135) ParOldGen: 8432K(1398272K)->8552K(1398272K)
[285.206s][info][gc,metaspace   ] GC(1135) Metaspace: 14390K(15296K)->14390K(15296K) NonClass: 12431K(12992K)->12431K(12992K) Class: 1959K(2304K)->1959K(2304K)
[285.206s][info][gc             ] GC(1135) Pause Young (Allocation Failure) 504M->9M(1850M) 3.419ms
[285.206s][info][gc,cpu         ] GC(1135) User=0.00s Sys=0.00s Real=0.00s
[285.554s][info][gc,start       ] GC(1136) Pause Young (Allocation Failure)
[285.557s][info][gc,heap        ] GC(1136) PSYoungGen: 496128K(496128K)->1024K(484352K) Eden: 495104K(495104K)->0K(483328K) From: 1024K(1024K)->1024K(1024K)
[285.557s][info][gc,heap        ] GC(1136) ParOldGen: 8552K(1398272K)->8720K(1398272K)
[285.557s][info][gc,metaspace   ] GC(1136) Metaspace: 14390K(15296K)->14390K(15296K) NonClass: 12431K(12992K)->12431K(12992K) Class: 1959K(2304K)->1959K(2304K)
[285.557s][info][gc             ] GC(1136) Pause Young (Allocation Failure) 492M->9M(1838M) 2.778ms
[285.557s][info][gc,cpu         ] GC(1136) User=0.00s Sys=0.00s Real=0.00s
[285.867s][info][gc,start       ] GC(1137) Pause Young (Allocation Failure)
[285.870s][info][gc,heap        ] GC(1137) PSYoungGen: 484352K(484352K)->1024K(473088K) Eden: 483328K(483328K)->0K(472064K) From: 1024K(1024K)->1024K(1024K)
[285.870s][info][gc,heap        ] GC(1137) ParOldGen: 8720K(1398272K)->8864K(1398272K)
[285.870s][info][gc,metaspace   ] GC(1137) Metaspace: 14390K(15296K)->14390K(15296K) NonClass: 12431K(12992K)->12431K(12992K) Class: 1959K(2304K)->1959K(2304K)
[285.870s][info][gc             ] GC(1137) Pause Young (Allocation Failure) 481M->9M(1827M) 2.891ms
[285.870s][info][gc,cpu         ] GC(1137) User=0.00s Sys=0.00s Real=0.00s
[286.171s][info][gc,start       ] GC(1138) Pause Young (Allocation Failure)
[286.173s][info][gc,heap        ] GC(1138) PSYoungGen: 473088K(473088K)->960K(462336K) Eden: 472064K(472064K)->0K(461312K) From: 1024K(1024K)->960K(1024K)
[286.173s][info][gc,heap        ] GC(1138) ParOldGen: 8864K(1398272K)->8976K(1398272K)
[286.174s][info][gc,metaspace   ] GC(1138) Metaspace: 14390K(15296K)->14390K(15296K) NonClass: 12431K(12992K)->12431K(12992K) Class: 1959K(2304K)->1959K(2304K)
[286.174s][info][gc             ] GC(1138) Pause Young (Allocation Failure) 470M->9M(1817M) 2.962ms
[286.174s][info][gc,cpu         ] GC(1138) User=0.00s Sys=0.00s Real=0.00s
[286.466s][info][gc,start       ] GC(1139) Pause Young (Allocation Failure)
[286.469s][info][gc,heap        ] GC(1139) PSYoungGen: 462272K(462336K)->1024K(451584K) Eden: 461312K(461312K)->0K(450560K) From: 960K(1024K)->1024K(1024K)
[286.469s][info][gc,heap        ] GC(1139) ParOldGen: 8976K(1398272K)->9104K(1398272K)
[286.469s][info][gc,metaspace   ] GC(1139) Metaspace: 14390K(15296K)->14390K(15296K) NonClass: 12431K(12992K)->12431K(12992K) Class: 1959K(2304K)->1959K(2304K)
[286.470s][info][gc             ] GC(1139) Pause Young (Allocation Failure) 460M->9M(1806M) 3.052ms
[286.470s][info][gc,cpu         ] GC(1139) User=0.00s Sys=0.00s Real=0.00s
[286.757s][info][gc,start       ] GC(1140) Pause Young (Allocation Failure)
[286.760s][info][gc,heap        ] GC(1140) PSYoungGen: 451584K(451584K)->992K(441344K) Eden: 450560K(450560K)->0K(440320K) From: 1024K(1024K)->992K(1024K)
[286.760s][info][gc,heap        ] GC(1140) ParOldGen: 9104K(1398272K)->9224K(1398272K)
[286.760s][info][gc,metaspace   ] GC(1140) Metaspace: 14390K(15296K)->14390K(15296K) NonClass: 12431K(12992K)->12431K(12992K) Class: 1959K(2304K)->1959K(2304K)
[286.760s][info][gc             ] GC(1140) Pause Young (Allocation Failure) 449M->9M(1796M) 3.050ms
[286.760s][info][gc,cpu         ] GC(1140) User=0.00s Sys=0.00s Real=0.00s
[287.044s][info][gc,start       ] GC(1141) Pause Young (Allocation Failure)
[287.047s][info][gc,heap        ] GC(1141) PSYoungGen: 441312K(441344K)->992K(431616K) Eden: 440320K(440320K)->0K(430592K) From: 992K(1024K)->992K(1024K)
[287.047s][info][gc,heap        ] GC(1141) ParOldGen: 9224K(1398272K)->9360K(1398272K)
[287.047s][info][gc,metaspace   ] GC(1141) Metaspace: 14390K(15296K)->14390K(15296K) NonClass: 12431K(12992K)->12431K(12992K) Class: 1959K(2304K)->1959K(2304K)
[287.047s][info][gc             ] GC(1141) Pause Young (Allocation Failure) 439M->10M(1787M) 3.148ms
[287.047s][info][gc,cpu         ] GC(1141) User=0.00s Sys=0.00s Real=0.00s
[287.325s][info][gc,start       ] GC(1142) Pause Young (Allocation Failure)
[287.328s][info][gc,heap        ] GC(1142) PSYoungGen: 431584K(431616K)->896K(422400K) Eden: 430592K(430592K)->0K(421376K) From: 992K(1024K)->896K(1024K)
[287.328s][info][gc,heap        ] GC(1142) ParOldGen: 9360K(1398272K)->9472K(1398272K)
[287.328s][info][gc,metaspace   ] GC(1142) Metaspace: 14390K(15296K)->14390K(15296K) NonClass: 12431K(12992K)->12431K(12992K) Class: 1959K(2304K)->1959K(2304K)
[287.328s][info][gc             ] GC(1142) Pause Young (Allocation Failure) 430M->10M(1778M) 3.138ms
[287.328s][info][gc,cpu         ] GC(1142) User=0.00s Sys=0.00s Real=0.00s
[287.666s][info][gc,start       ] GC(1143) Pause Young (Allocation Failure)
[287.670s][info][gc,heap        ] GC(1143) PSYoungGen: 422272K(422400K)->928K(413184K) Eden: 421376K(421376K)->0K(412160K) From: 896K(1024K)->928K(1024K)
[287.670s][info][gc,heap        ] GC(1143) ParOldGen: 9472K(1398272K)->9560K(1398272K)
[287.670s][info][gc,metaspace   ] GC(1143) Metaspace: 14390K(15296K)->14390K(15296K) NonClass: 12431K(12992K)->12431K(12992K) Class: 1959K(2304K)->1959K(2304K)
[287.670s][info][gc             ] GC(1143) Pause Young (Allocation Failure) 421M->10M(1769M) 4.170ms
[287.670s][info][gc,cpu         ] GC(1143) User=0.00s Sys=0.00s Real=0.00s
[287.952s][info][gc,start       ] GC(1144) Pause Young (Allocation Failure)
[287.955s][info][gc,heap        ] GC(1144) PSYoungGen: 413088K(413184K)->992K(404480K) Eden: 412160K(412160K)->0K(403456K) From: 928K(1024K)->992K(1024K)
[287.955s][info][gc,heap        ] GC(1144) ParOldGen: 9560K(1398272K)->9656K(1398272K)
[287.955s][info][gc,metaspace   ] GC(1144) Metaspace: 14390K(15296K)->14390K(15296K) NonClass: 12431K(12992K)->12431K(12992K) Class: 1959K(2304K)->1959K(2304K)
[287.955s][info][gc             ] GC(1144) Pause Young (Allocation Failure) 412M->10M(1760M) 2.912ms
[287.955s][info][gc,cpu         ] GC(1144) User=0.00s Sys=0.00s Real=0.00s
[288.253s][info][gc,start       ] GC(1145) Pause Young (Allocation Failure)
[288.255s][info][gc,heap        ] GC(1145) PSYoungGen: 404448K(404480K)->1024K(395776K) Eden: 403456K(403456K)->0K(394752K) From: 992K(1024K)->1024K(1024K)
[288.255s][info][gc,heap        ] GC(1145) ParOldGen: 9656K(1398272K)->9784K(1398272K)
[288.255s][info][gc,metaspace   ] GC(1145) Metaspace: 14390K(15296K)->14390K(15296K) NonClass: 12431K(12992K)->12431K(12992K) Class: 1959K(2304K)->1959K(2304K)
[288.255s][info][gc             ] GC(1145) Pause Young (Allocation Failure) 404M->10M(1752M) 2.664ms
[288.255s][info][gc,cpu         ] GC(1145) User=0.52s Sys=0.00s Real=0.00s
[288.509s][info][gc,start       ] GC(1146) Pause Young (Allocation Failure)
[288.512s][info][gc,heap        ] GC(1146) PSYoungGen: 395776K(395776K)->1024K(387584K) Eden: 394752K(394752K)->0K(386560K) From: 1024K(1024K)->1024K(1024K)
[288.512s][info][gc,heap        ] GC(1146) ParOldGen: 9784K(1398272K)->9888K(1398272K)
[288.512s][info][gc,metaspace   ] GC(1146) Metaspace: 14390K(15296K)->14390K(15296K) NonClass: 12431K(12992K)->12431K(12992K) Class: 1959K(2304K)->1959K(2304K)
[288.512s][info][gc             ] GC(1146) Pause Young (Allocation Failure) 396M->10M(1744M) 2.721ms
[288.512s][info][gc,cpu         ] GC(1146) User=0.00s Sys=0.00s Real=0.00s
[288.759s][info][gc,start       ] GC(1147) Pause Young (Allocation Failure)
[288.761s][info][gc,heap        ] GC(1147) PSYoungGen: 387584K(387584K)->1024K(379392K) Eden: 386560K(386560K)->0K(378368K) From: 1024K(1024K)->1024K(1024K)
[288.761s][info][gc,heap        ] GC(1147) ParOldGen: 9888K(1398272K)->9992K(1398272K)
[288.761s][info][gc,metaspace   ] GC(1147) Metaspace: 14390K(15296K)->14390K(15296K) NonClass: 12431K(12992K)->12431K(12992K) Class: 1959K(2304K)->1959K(2304K)
[288.761s][info][gc             ] GC(1147) Pause Young (Allocation Failure) 388M->10M(1736M) 2.729ms
[288.761s][info][gc,cpu         ] GC(1147) User=0.00s Sys=0.00s Real=0.00s
[289.005s][info][gc,start       ] GC(1148) Pause Young (Allocation Failure)
[289.008s][info][gc,heap        ] GC(1148) PSYoungGen: 379392K(379392K)->992K(371712K) Eden: 378368K(378368K)->0K(370688K) From: 1024K(1024K)->992K(1024K)
[289.008s][info][gc,heap        ] GC(1148) ParOldGen: 9992K(1398272K)->10064K(1398272K)
[289.008s][info][gc,metaspace   ] GC(1148) Metaspace: 14390K(15296K)->14390K(15296K) NonClass: 12431K(12992K)->12431K(12992K) Class: 1959K(2304K)->1959K(2304K)
[289.008s][info][gc             ] GC(1148) Pause Young (Allocation Failure) 380M->10M(1728M) 2.746ms
[289.008s][info][gc,cpu         ] GC(1148) User=0.00s Sys=0.00s Real=0.00s
[289.246s][info][gc,start       ] GC(1149) Pause Young (Allocation Failure)
[289.249s][info][gc,heap        ] GC(1149) PSYoungGen: 371680K(371712K)->992K(364544K) Eden: 370688K(370688K)->0K(363520K) From: 992K(1024K)->992K(1024K)
[289.249s][info][gc,heap        ] GC(1149) ParOldGen: 10064K(1398272K)->10160K(1398272K)
[289.249s][info][gc,metaspace   ] GC(1149) Metaspace: 14390K(15296K)->14390K(15296K) NonClass: 12431K(12992K)->12431K(12992K) Class: 1959K(2304K)->1959K(2304K)
[289.249s][info][gc             ] GC(1149) Pause Young (Allocation Failure) 372M->10M(1721M) 2.868ms
[289.249s][info][gc,cpu         ] GC(1149) User=0.00s Sys=0.00s Real=0.00s
[289.483s][info][gc,start       ] GC(1150) Pause Young (Allocation Failure)
[289.486s][info][gc,heap        ] GC(1150) PSYoungGen: 364512K(364544K)->992K(437248K) Eden: 363520K(363520K)->0K(436224K) From: 992K(1024K)->992K(1024K)
[289.486s][info][gc,heap        ] GC(1150) ParOldGen: 10160K(1398272K)->10248K(1398272K)
[289.486s][info][gc,metaspace   ] GC(1150) Metaspace: 14390K(15296K)->14390K(15296K) NonClass: 12431K(12992K)->12431K(12992K) Class: 1959K(2304K)->1959K(2304K)
[289.486s][info][gc             ] GC(1150) Pause Young (Allocation Failure) 365M->10M(1792M) 2.907ms
[289.486s][info][gc,cpu         ] GC(1150) User=0.00s Sys=0.00s Real=0.00s
[289.766s][info][gc,start       ] GC(1151) Pause Young (Allocation Failure)
[289.769s][info][gc,heap        ] GC(1151) PSYoungGen: 437216K(437248K)->992K(500736K) Eden: 436224K(436224K)->0K(499200K) From: 992K(1024K)->992K(1536K)
[289.769s][info][gc,heap        ] GC(1151) ParOldGen: 10248K(1398272K)->10320K(1398272K)
[289.769s][info][gc,metaspace   ] GC(1151) Metaspace: 14390K(15296K)->14390K(15296K) NonClass: 12431K(12992K)->12431K(12992K) Class: 1959K(2304K)->1959K(2304K)
[289.769s][info][gc             ] GC(1151) Pause Young (Allocation Failure) 436M->11M(1854M) 2.992ms
[289.769s][info][gc,cpu         ] GC(1151) User=0.00s Sys=0.00s Real=0.00s
[290.090s][info][gc,start       ] GC(1152) Pause Young (Allocation Failure)
[290.093s][info][gc,heap        ] GC(1152) PSYoungGen: 500192K(500736K)->1056K(488960K) Eden: 499200K(499200K)->0K(487424K) From: 992K(1536K)->1056K(1536K)
[290.093s][info][gc,heap        ] GC(1152) ParOldGen: 10320K(1398272K)->10400K(1398272K)
[290.093s][info][gc,metaspace   ] GC(1152) Metaspace: 14390K(15296K)->14390K(15296K) NonClass: 12431K(12992K)->12431K(12992K) Class: 1959K(2304K)->1959K(2304K)
[290.093s][info][gc             ] GC(1152) Pause Young (Allocation Failure) 498M->11M(1843M) 3.038ms
[290.093s][info][gc,cpu         ] GC(1152) User=0.00s Sys=0.00s Real=0.00s
[290.408s][info][gc,start       ] GC(1153) Pause Young (Allocation Failure)
[290.411s][info][gc,heap        ] GC(1153) PSYoungGen: 488480K(488960K)->1056K(477696K) Eden: 487424K(487424K)->0K(476160K) From: 1056K(1536K)->1056K(1536K)
[290.411s][info][gc,heap        ] GC(1153) ParOldGen: 10400K(1398272K)->10488K(1398272K)
[290.411s][info][gc,metaspace   ] GC(1153) Metaspace: 14390K(15296K)->14390K(15296K) NonClass: 12431K(12992K)->12431K(12992K) Class: 1959K(2304K)->1959K(2304K)
[290.411s][info][gc             ] GC(1153) Pause Young (Allocation Failure) 487M->11M(1832M) 3.133ms
[290.411s][info][gc,cpu         ] GC(1153) User=0.52s Sys=0.00s Real=0.00s
[290.722s][info][gc,start       ] GC(1154) Pause Young (Allocation Failure)
[290.725s][info][gc,heap        ] GC(1154) PSYoungGen: 477216K(477696K)->512K(465408K) Eden: 476160K(476160K)->0K(464896K) From: 1056K(1536K)->512K(512K)
[290.726s][info][gc,heap        ] GC(1154) ParOldGen: 10488K(1398272K)->10680K(1398272K)
[290.726s][info][gc,metaspace   ] GC(1154) Metaspace: 14390K(15296K)->14390K(15296K) NonClass: 12431K(12992K)->12431K(12992K) Class: 1959K(2304K)->1959K(2304K)
[290.726s][info][gc             ] GC(1154) Pause Young (Allocation Failure) 476M->10M(1820M) 3.099ms
[290.726s][info][gc,cpu         ] GC(1154) User=0.00s Sys=0.00s Real=0.00s
[291.027s][info][gc,start       ] GC(1155) Pause Young (Allocation Failure)
[291.030s][info][gc,heap        ] GC(1155) PSYoungGen: 465408K(465408K)->1056K(455680K) Eden: 464896K(464896K)->0K(454144K) From: 512K(512K)->1056K(1536K)
[291.030s][info][gc,heap        ] GC(1155) ParOldGen: 10680K(1398272K)->10736K(1398272K)
[291.030s][info][gc,metaspace   ] GC(1155) Metaspace: 14390K(15296K)->14390K(15296K) NonClass: 12431K(12992K)->12431K(12992K) Class: 1959K(2304K)->1959K(2304K)
[291.030s][info][gc             ] GC(1155) Pause Young (Allocation Failure) 464M->11M(1810M) 3.175ms
[291.030s][info][gc,cpu         ] GC(1155) User=0.00s Sys=0.00s Real=0.00s
[291.324s][info][gc,start       ] GC(1156) Pause Young (Allocation Failure)
[291.327s][info][gc,heap        ] GC(1156) PSYoungGen: 455200K(455680K)->1024K(444928K) Eden: 454144K(454144K)->0K(443904K) From: 1056K(1536K)->1024K(1024K)
[291.327s][info][gc,heap        ] GC(1156) ParOldGen: 10736K(1398272K)->10876K(1398272K)
[291.327s][info][gc,metaspace   ] GC(1156) Metaspace: 14390K(15296K)->14390K(15296K) NonClass: 12431K(12992K)->12431K(12992K) Class: 1959K(2304K)->1959K(2304K)
[291.327s][info][gc             ] GC(1156) Pause Young (Allocation Failure) 455M->11M(1800M) 3.223ms
[291.327s][info][gc,cpu         ] GC(1156) User=0.00s Sys=0.00s Real=0.00s
[291.614s][info][gc,start       ] GC(1157) Pause Young (Allocation Failure)
[291.617s][info][gc,heap        ] GC(1157) PSYoungGen: 444928K(444928K)->1024K(435200K) Eden: 443904K(443904K)->0K(434176K) From: 1024K(1024K)->1024K(1024K)
[291.617s][info][gc,heap        ] GC(1157) ParOldGen: 10876K(1398272K)->10980K(1398272K)
[291.617s][info][gc,metaspace   ] GC(1157) Metaspace: 14390K(15296K)->14390K(15296K) NonClass: 12431K(12992K)->12431K(12992K) Class: 1959K(2304K)->1959K(2304K)
[291.617s][info][gc             ] GC(1157) Pause Young (Allocation Failure) 445M->11M(1790M) 3.189ms
[291.617s][info][gc,cpu         ] GC(1157) User=0.36s Sys=0.03s Real=0.00s
[291.938s][info][gc,start       ] GC(1158) Pause Young (Allocation Failure)
[291.940s][info][gc,heap        ] GC(1158) PSYoungGen: 435200K(435200K)->1024K(425472K) Eden: 434176K(434176K)->0K(424448K) From: 1024K(1024K)->1024K(1024K)
[291.940s][info][gc,heap        ] GC(1158) ParOldGen: 10980K(1398272K)->11116K(1398272K)
[291.941s][info][gc,metaspace   ] GC(1158) Metaspace: 14390K(15296K)->14390K(15296K) NonClass: 12431K(12992K)->12431K(12992K) Class: 1959K(2304K)->1959K(2304K)
[291.941s][info][gc             ] GC(1158) Pause Young (Allocation Failure) 435M->11M(1781M) 2.833ms
[291.941s][info][gc,cpu         ] GC(1158) User=0.00s Sys=0.00s Real=0.00s
[292.221s][info][gc,start       ] GC(1159) Pause Young (Allocation Failure)
[292.224s][info][gc,heap        ] GC(1159) PSYoungGen: 425472K(425472K)->1056K(416768K) Eden: 424448K(424448K)->0K(415232K) From: 1024K(1024K)->1056K(1536K)
[292.224s][info][gc,heap        ] GC(1159) ParOldGen: 11116K(1398272K)->11212K(1398272K)
[292.224s][info][gc,metaspace   ] GC(1159) Metaspace: 14390K(15296K)->14390K(15296K) NonClass: 12431K(12992K)->12431K(12992K) Class: 1959K(2304K)->1959K(2304K)
[292.224s][info][gc             ] GC(1159) Pause Young (Allocation Failure) 426M->11M(1772M) 2.812ms
[292.224s][info][gc,cpu         ] GC(1159) User=0.52s Sys=0.00s Real=0.00s
[292.484s][info][gc,start       ] GC(1160) Pause Young (Allocation Failure)
[292.487s][info][gc,heap        ] GC(1160) PSYoungGen: 416288K(416768K)->992K(407552K) Eden: 415232K(415232K)->0K(406528K) From: 1056K(1536K)->992K(1024K)
[292.487s][info][gc,heap        ] GC(1160) ParOldGen: 11212K(1398272K)->11284K(1398272K)
[292.487s][info][gc,metaspace   ] GC(1160) Metaspace: 14390K(15296K)->14390K(15296K) NonClass: 12431K(12992K)->12431K(12992K) Class: 1959K(2304K)->1959K(2304K)
[292.487s][info][gc             ] GC(1160) Pause Young (Allocation Failure) 417M->11M(1763M) 2.873ms
[292.487s][info][gc,cpu         ] GC(1160) User=0.00s Sys=0.00s Real=0.00s
[292.741s][info][gc,start       ] GC(1161) Pause Young (Allocation Failure)
[292.744s][info][gc,heap        ] GC(1161) PSYoungGen: 407520K(407552K)->1024K(398848K) Eden: 406528K(406528K)->0K(397824K) From: 992K(1024K)->1024K(1024K)
[292.744s][info][gc,heap        ] GC(1161) ParOldGen: 11284K(1398272K)->11396K(1398272K)
[292.744s][info][gc,metaspace   ] GC(1161) Metaspace: 14390K(15296K)->14390K(15296K) NonClass: 12431K(12992K)->12431K(12992K) Class: 1959K(2304K)->1959K(2304K)
[292.744s][info][gc             ] GC(1161) Pause Young (Allocation Failure) 408M->12M(1755M) 2.892ms
[292.744s][info][gc,cpu         ] GC(1161) User=0.00s Sys=0.00s Real=0.00s
[292.992s][info][gc,start       ] GC(1162) Pause Young (Allocation Failure)
[292.994s][info][gc,heap        ] GC(1162) PSYoungGen: 398848K(398848K)->1024K(478720K) Eden: 397824K(397824K)->0K(477696K) From: 1024K(1024K)->1024K(1024K)
[292.995s][info][gc,heap        ] GC(1162) ParOldGen: 11396K(1398272K)->11484K(1398272K)
[292.995s][info][gc,metaspace   ] GC(1162) Metaspace: 14390K(15296K)->14390K(15296K) NonClass: 12431K(12992K)->12431K(12992K) Class: 1959K(2304K)->1959K(2304K)
[292.995s][info][gc             ] GC(1162) Pause Young (Allocation Failure) 400M->12M(1833M) 2.901ms
[292.995s][info][gc,cpu         ] GC(1162) User=0.00s Sys=0.00s Real=0.00s
[293.217s][info][gc,start       ] GC(1163) Pause Young (Allocation Failure)
[293.220s][info][gc,heap        ] GC(1163) PSYoungGen: 478720K(478720K)->832K(521216K) Eden: 477696K(477696K)->0K(519680K) From: 1024K(1024K)->832K(1536K)
[293.220s][info][gc,heap        ] GC(1163) ParOldGen: 11484K(1398272K)->11564K(1398272K)
[293.220s][info][gc,metaspace   ] GC(1163) Metaspace: 14390K(15296K)->14390K(15296K) NonClass: 12431K(12992K)->12431K(12992K) Class: 1959K(2304K)->1959K(2304K)
[293.220s][info][gc             ] GC(1163) Pause Young (Allocation Failure) 478M->12M(1874M) 3.172ms
[293.220s][info][gc,cpu         ] GC(1163) User=0.00s Sys=0.00s Real=0.00s
[293.388s][info][gc,start       ] GC(1164) Pause Young (System.gc())
[293.391s][info][gc,heap        ] GC(1164) PSYoungGen: 230666K(521216K)->416K(574976K) Eden: 229834K(519680K)->0K(573440K) From: 832K(1536K)->416K(1536K)
[293.391s][info][gc,heap        ] GC(1164) ParOldGen: 11564K(1398272K)->11628K(1398272K)
[293.391s][info][gc,metaspace   ] GC(1164) Metaspace: 14390K(15296K)->14390K(15296K) NonClass: 12431K(12992K)->12431K(12992K) Class: 1959K(2304K)->1959K(2304K)
[293.392s][info][gc             ] GC(1164) Pause Young (System.gc()) 236M->11M(1927M) 3.335ms
[293.392s][info][gc,cpu         ] GC(1164) User=0.00s Sys=0.00s Real=0.00s
[293.392s][info][gc,start       ] GC(1165) Pause Full (System.gc())
[293.392s][info][gc,phases,start] GC(1165) Marking Phase
[293.408s][info][gc,phases      ] GC(1165) Marking Phase 16.612ms
[293.408s][info][gc,phases,start] GC(1165) Summary Phase
[293.408s][info][gc,phases      ] GC(1165) Summary Phase 0.020ms
[293.408s][info][gc,phases,start] GC(1165) Adjust Roots
[293.413s][info][gc,phases      ] GC(1165) Adjust Roots 4.739ms
[293.413s][info][gc,phases,start] GC(1165) Compaction Phase
[293.415s][info][gc,phases      ] GC(1165) Compaction Phase 2.177ms
[293.415s][info][gc,phases,start] GC(1165) Post Compact
[293.416s][info][gc,phases      ] GC(1165) Post Compact 0.460ms
[293.416s][info][gc,heap        ] GC(1165) PSYoungGen: 416K(574976K)->0K(574976K) Eden: 0K(573440K)->0K(573440K) From: 416K(1536K)->0K(1536K)
[293.416s][info][gc,heap        ] GC(1165) ParOldGen: 11628K(1398272K)->5375K(1398272K)
[293.416s][info][gc,metaspace   ] GC(1165) Metaspace: 14390K(15296K)->14390K(15296K) NonClass: 12431K(12992K)->12431K(12992K) Class: 1959K(2304K)->1959K(2304K)
[293.416s][info][gc             ] GC(1165) Pause Full (System.gc()) 11M->5M(1927M) 24.226ms
[293.416s][info][gc,cpu         ] GC(1165) User=0.52s Sys=0.00s Real=0.02s
[293.875s][info][gc,start       ] GC(1166) Pause Young (Allocation Failure)
[293.880s][info][gc,heap        ] GC(1166) PSYoungGen: 573440K(574976K)->1536K(574976K) Eden: 573440K(573440K)->0K(573440K) From: 0K(1536K)->1536K(1536K)
[293.880s][info][gc,heap        ] GC(1166) ParOldGen: 5375K(1398272K)->5806K(1398272K)
[293.880s][info][gc,metaspace   ] GC(1166) Metaspace: 14390K(15296K)->14390K(15296K) NonClass: 12431K(12992K)->12431K(12992K) Class: 1959K(2304K)->1959K(2304K)
[293.880s][info][gc             ] GC(1166) Pause Young (Allocation Failure) 565M->7M(1927M) 4.236ms
[293.880s][info][gc,cpu         ] GC(1166) User=0.52s Sys=0.00s Real=0.00s
[294.383s][info][gc,start       ] GC(1167) Pause Young (Allocation Failure)
[294.388s][info][gc,heap        ] GC(1167) PSYoungGen: 574976K(574976K)->1056K(560128K) Eden: 573440K(573440K)->0K(558592K) From: 1536K(1536K)->1056K(1536K)
[294.388s][info][gc,heap        ] GC(1167) ParOldGen: 5806K(1398272K)->7132K(1398272K)
[294.388s][info][gc,metaspace   ] GC(1167) Metaspace: 14390K(15296K)->14390K(15296K) NonClass: 12431K(12992K)->12431K(12992K) Class: 1959K(2304K)->1959K(2304K)
[294.388s][info][gc             ] GC(1167) Pause Young (Allocation Failure) 567M->7M(1912M) 4.432ms
[294.388s][info][gc,cpu         ] GC(1167) User=0.00s Sys=0.00s Real=0.00s
[294.797s][info][gc,start       ] GC(1168) Pause Young (Allocation Failure)
[294.800s][info][gc,heap        ] GC(1168) PSYoungGen: 559648K(560128K)->1056K(545792K) Eden: 558592K(558592K)->0K(544256K) From: 1056K(1536K)->1056K(1536K)
[294.800s][info][gc,heap        ] GC(1168) ParOldGen: 7132K(1398272K)->7260K(1398272K)
[294.800s][info][gc,metaspace   ] GC(1168) Metaspace: 14390K(15296K)->14390K(15296K) NonClass: 12431K(12992K)->12431K(12992K) Class: 1959K(2304K)->1959K(2304K)
[294.800s][info][gc             ] GC(1168) Pause Young (Allocation Failure) 553M->8M(1898M) 2.949ms
[294.800s][info][gc,cpu         ] GC(1168) User=0.00s Sys=0.00s Real=0.00s
[295.175s][info][gc,start       ] GC(1169) Pause Young (Allocation Failure)
[295.178s][info][gc,heap        ] GC(1169) PSYoungGen: 545312K(545792K)->1024K(531456K) Eden: 544256K(544256K)->0K(530432K) From: 1056K(1536K)->1024K(1024K)
[295.178s][info][gc,heap        ] GC(1169) ParOldGen: 7260K(1398272K)->7388K(1398272K)
[295.178s][info][gc,metaspace   ] GC(1169) Metaspace: 14390K(15296K)->14390K(15296K) NonClass: 12431K(12992K)->12431K(12992K) Class: 1959K(2304K)->1959K(2304K)
[295.178s][info][gc             ] GC(1169) Pause Young (Allocation Failure) 539M->8M(1884M) 3.033ms
[295.178s][info][gc,cpu         ] GC(1169) User=0.52s Sys=0.00s Real=0.00s
[295.569s][info][gc,start       ] GC(1170) Pause Young (Allocation Failure)
[295.572s][info][gc,heap        ] GC(1170) PSYoungGen: 531456K(531456K)->1024K(518144K) Eden: 530432K(530432K)->0K(517120K) From: 1024K(1024K)->1024K(1024K)
[295.572s][info][gc,heap        ] GC(1170) ParOldGen: 7388K(1398272K)->7548K(1398272K)
[295.572s][info][gc,metaspace   ] GC(1170) Metaspace: 14390K(15296K)->14390K(15296K) NonClass: 12431K(12992K)->12431K(12992K) Class: 1959K(2304K)->1959K(2304K)
[295.572s][info][gc             ] GC(1170) Pause Young (Allocation Failure) 526M->8M(1871M) 2.785ms
[295.572s][info][gc,cpu         ] GC(1170) User=0.00s Sys=0.00s Real=0.00s
[295.933s][info][gc,start       ] GC(1171) Pause Young (Allocation Failure)
[295.936s][info][gc,heap        ] GC(1171) PSYoungGen: 518144K(518144K)->1024K(505344K) Eden: 517120K(517120K)->0K(504320K) From: 1024K(1024K)->1024K(1024K)
[295.936s][info][gc,heap        ] GC(1171) ParOldGen: 7548K(1398272K)->7700K(1398272K)
[295.936s][info][gc,metaspace   ] GC(1171) Metaspace: 14390K(15296K)->14390K(15296K) NonClass: 12431K(12992K)->12431K(12992K) Class: 1959K(2304K)->1959K(2304K)
[295.936s][info][gc             ] GC(1171) Pause Young (Allocation Failure) 513M->8M(1859M) 2.907ms
[295.936s][info][gc,cpu         ] GC(1171) User=0.00s Sys=0.00s Real=0.00s
[296.286s][info][gc,start       ] GC(1172) Pause Young (Allocation Failure)
[296.288s][info][gc,heap        ] GC(1172) PSYoungGen: 505344K(505344K)->1056K(493568K) Eden: 504320K(504320K)->0K(492032K) From: 1024K(1024K)->1056K(1536K)
[296.288s][info][gc,heap        ] GC(1172) ParOldGen: 7700K(1398272K)->7820K(1398272K)
[296.288s][info][gc,metaspace   ] GC(1172) Metaspace: 14390K(15296K)->14390K(15296K) NonClass: 12431K(12992K)->12431K(12992K) Class: 1959K(2304K)->1959K(2304K)
[296.288s][info][gc             ] GC(1172) Pause Young (Allocation Failure) 501M->8M(1847M) 2.971ms
[296.289s][info][gc,cpu         ] GC(1172) User=0.47s Sys=0.03s Real=0.00s
[296.629s][info][gc,start       ] GC(1173) Pause Young (Allocation Failure)
[296.632s][info][gc,heap        ] GC(1173) PSYoungGen: 493088K(493568K)->992K(481280K) Eden: 492032K(492032K)->0K(480256K) From: 1056K(1536K)->992K(1024K)
[296.632s][info][gc,heap        ] GC(1173) ParOldGen: 7820K(1398272K)->7980K(1398272K)
[296.632s][info][gc,metaspace   ] GC(1173) Metaspace: 14390K(15296K)->14390K(15296K) NonClass: 12431K(12992K)->12431K(12992K) Class: 1959K(2304K)->1959K(2304K)
[296.632s][info][gc             ] GC(1173) Pause Young (Allocation Failure) 489M->8M(1835M) 3.062ms
[296.632s][info][gc,cpu         ] GC(1173) User=0.00s Sys=0.00s Real=0.00s
[296.964s][info][gc,start       ] GC(1174) Pause Young (Allocation Failure)
[296.967s][info][gc,heap        ] GC(1174) PSYoungGen: 481248K(481280K)->1024K(470016K) Eden: 480256K(480256K)->0K(468992K) From: 992K(1024K)->1024K(1024K)
[296.967s][info][gc,heap        ] GC(1174) ParOldGen: 7980K(1398272K)->8108K(1398272K)
[296.967s][info][gc,metaspace   ] GC(1174) Metaspace: 14390K(15296K)->14390K(15296K) NonClass: 12431K(12992K)->12431K(12992K) Class: 1959K(2304K)->1959K(2304K)
[296.967s][info][gc             ] GC(1174) Pause Young (Allocation Failure) 477M->8M(1824M) 3.086ms
[296.967s][info][gc,cpu         ] GC(1174) User=0.00s Sys=0.00s Real=0.00s
[297.291s][info][gc,start       ] GC(1175) Pause Young (Allocation Failure)
[297.294s][info][gc,heap        ] GC(1175) PSYoungGen: 470016K(470016K)->992K(459264K) Eden: 468992K(468992K)->0K(458240K) From: 1024K(1024K)->992K(1024K)
[297.294s][info][gc,heap        ] GC(1175) ParOldGen: 8108K(1398272K)->8244K(1398272K)
[297.294s][info][gc,metaspace   ] GC(1175) Metaspace: 14390K(15296K)->14390K(15296K) NonClass: 12431K(12992K)->12431K(12992K) Class: 1959K(2304K)->1959K(2304K)
[297.294s][info][gc             ] GC(1175) Pause Young (Allocation Failure) 466M->9M(1814M) 3.110ms
[297.294s][info][gc,cpu         ] GC(1175) User=0.00s Sys=0.00s Real=0.00s
[297.612s][info][gc,start       ] GC(1176) Pause Young (Allocation Failure)
[297.615s][info][gc,heap        ] GC(1176) PSYoungGen: 459232K(459264K)->1056K(449536K) Eden: 458240K(458240K)->0K(448000K) From: 992K(1024K)->1056K(1536K)
[297.615s][info][gc,heap        ] GC(1176) ParOldGen: 8244K(1398272K)->8324K(1398272K)
[297.615s][info][gc,metaspace   ] GC(1176) Metaspace: 14390K(15296K)->14390K(15296K) NonClass: 12431K(12992K)->12431K(12992K) Class: 1959K(2304K)->1959K(2304K)
[297.615s][info][gc             ] GC(1176) Pause Young (Allocation Failure) 456M->9M(1804M) 3.149ms
[297.615s][info][gc,cpu         ] GC(1176) User=0.00s Sys=0.00s Real=0.00s
[297.924s][info][gc,start       ] GC(1177) Pause Young (Allocation Failure)
[297.928s][info][gc,heap        ] GC(1177) PSYoungGen: 449056K(449536K)->1024K(438784K) Eden: 448000K(448000K)->0K(437760K) From: 1056K(1536K)->1024K(1024K)
[297.928s][info][gc,heap        ] GC(1177) ParOldGen: 8324K(1398272K)->8452K(1398272K)
[297.928s][info][gc,metaspace   ] GC(1177) Metaspace: 14390K(15296K)->14390K(15296K) NonClass: 12431K(12992K)->12431K(12992K) Class: 1959K(2304K)->1959K(2304K)
[297.928s][info][gc             ] GC(1177) Pause Young (Allocation Failure) 446M->9M(1794M) 3.177ms
[297.928s][info][gc,cpu         ] GC(1177) User=0.52s Sys=0.00s Real=0.00s
[298.231s][info][gc,start       ] GC(1178) Pause Young (Allocation Failure)
[298.235s][info][gc,heap        ] GC(1178) PSYoungGen: 438784K(438784K)->1024K(429056K) Eden: 437760K(437760K)->0K(428032K) From: 1024K(1024K)->1024K(1024K)
[298.235s][info][gc,heap        ] GC(1178) ParOldGen: 8452K(1398272K)->8588K(1398272K)
[298.235s][info][gc,metaspace   ] GC(1178) Metaspace: 14390K(15296K)->14390K(15296K) NonClass: 12431K(12992K)->12431K(12992K) Class: 1959K(2304K)->1959K(2304K)
[298.235s][info][gc             ] GC(1178) Pause Young (Allocation Failure) 436M->9M(1784M) 3.183ms
[298.235s][info][gc,cpu         ] GC(1178) User=0.00s Sys=0.00s Real=0.00s
[298.543s][info][gc,start       ] GC(1179) Pause Young (Allocation Failure)
[298.546s][info][gc,heap        ] GC(1179) PSYoungGen: 429056K(429056K)->992K(419840K) Eden: 428032K(428032K)->0K(418816K) From: 1024K(1024K)->992K(1024K)
[298.546s][info][gc,heap        ] GC(1179) ParOldGen: 8588K(1398272K)->8700K(1398272K)
[298.546s][info][gc,metaspace   ] GC(1179) Metaspace: 14390K(15296K)->14390K(15296K) NonClass: 12431K(12992K)->12431K(12992K) Class: 1959K(2304K)->1959K(2304K)
[298.546s][info][gc             ] GC(1179) Pause Young (Allocation Failure) 427M->9M(1775M) 3.000ms
[298.546s][info][gc,cpu         ] GC(1179) User=0.00s Sys=0.00s Real=0.00s
[298.869s][info][gc,start       ] GC(1180) Pause Young (Allocation Failure)
[298.872s][info][gc,heap        ] GC(1180) PSYoungGen: 419808K(419840K)->1056K(411136K) Eden: 418816K(418816K)->0K(409600K) From: 992K(1024K)->1056K(1536K)
[298.872s][info][gc,heap        ] GC(1180) ParOldGen: 8700K(1398272K)->8812K(1398272K)
[298.872s][info][gc,metaspace   ] GC(1180) Metaspace: 14390K(15296K)->14390K(15296K) NonClass: 12431K(12992K)->12431K(12992K) Class: 1959K(2304K)->1959K(2304K)
[298.872s][info][gc             ] GC(1180) Pause Young (Allocation Failure) 418M->9M(1767M) 2.737ms
[298.872s][info][gc,cpu         ] GC(1180) User=0.00s Sys=0.00s Real=0.00s
[299.152s][info][gc,start       ] GC(1181) Pause Young (Allocation Failure)
[299.155s][info][gc,heap        ] GC(1181) PSYoungGen: 410656K(411136K)->1024K(401920K) Eden: 409600K(409600K)->0K(400896K) From: 1056K(1536K)->1024K(1024K)
[299.155s][info][gc,heap        ] GC(1181) ParOldGen: 8812K(1398272K)->8972K(1398272K)
[299.155s][info][gc,metaspace   ] GC(1181) Metaspace: 14390K(15296K)->14390K(15296K) NonClass: 12431K(12992K)->12431K(12992K) Class: 1959K(2304K)->1959K(2304K)
[299.155s][info][gc             ] GC(1181) Pause Young (Allocation Failure) 409M->9M(1758M) 2.812ms
[299.155s][info][gc,cpu         ] GC(1181) User=0.00s Sys=0.00s Real=0.00s
[299.432s][info][gc,start       ] GC(1182) Pause Young (Allocation Failure)
[299.435s][info][gc,heap        ] GC(1182) PSYoungGen: 401920K(401920K)->1024K(393728K) Eden: 400896K(400896K)->0K(392704K) From: 1024K(1024K)->1024K(1024K)
[299.435s][info][gc,heap        ] GC(1182) ParOldGen: 8972K(1398272K)->9060K(1398272K)
[299.435s][info][gc,metaspace   ] GC(1182) Metaspace: 14390K(15296K)->14390K(15296K) NonClass: 12431K(12992K)->12431K(12992K) Class: 1959K(2304K)->1959K(2304K)
[299.435s][info][gc             ] GC(1182) Pause Young (Allocation Failure) 401M->9M(1750M) 2.812ms
[299.435s][info][gc,cpu         ] GC(1182) User=0.00s Sys=0.00s Real=0.00s
[299.706s][info][gc,start       ] GC(1183) Pause Young (Allocation Failure)
[299.708s][info][gc,heap        ] GC(1183) PSYoungGen: 393728K(393728K)->1024K(385536K) Eden: 392704K(392704K)->0K(384512K) From: 1024K(1024K)->1024K(1024K)
[299.709s][info][gc,heap        ] GC(1183) ParOldGen: 9060K(1398272K)->9172K(1398272K)
[299.709s][info][gc,metaspace   ] GC(1183) Metaspace: 14390K(15296K)->14390K(15296K) NonClass: 12431K(12992K)->12431K(12992K) Class: 1959K(2304K)->1959K(2304K)
[299.709s][info][gc             ] GC(1183) Pause Young (Allocation Failure) 393M->9M(1742M) 2.817ms
[299.709s][info][gc,cpu         ] GC(1183) User=0.52s Sys=0.00s Real=0.00s
[299.974s][info][gc,start       ] GC(1184) Pause Young (Allocation Failure)
[299.976s][info][gc,heap        ] GC(1184) PSYoungGen: 385536K(385536K)->1024K(377856K) Eden: 384512K(384512K)->0K(376832K) From: 1024K(1024K)->1024K(1024K)
[299.976s][info][gc,heap        ] GC(1184) ParOldGen: 9172K(1398272K)->9244K(1398272K)
[299.976s][info][gc,metaspace   ] GC(1184) Metaspace: 14390K(15296K)->14390K(15296K) NonClass: 12431K(12992K)->12431K(12992K) Class: 1959K(2304K)->1959K(2304K)
[299.976s][info][gc             ] GC(1184) Pause Young (Allocation Failure) 385M->10M(1734M) 2.848ms
[299.977s][info][gc,cpu         ] GC(1184) User=0.00s Sys=0.00s Real=0.00s
[300.235s][info][gc,start       ] GC(1185) Pause Young (Allocation Failure)
[300.238s][info][gc,heap        ] GC(1185) PSYoungGen: 377856K(377856K)->1024K(370176K) Eden: 376832K(376832K)->0K(369152K) From: 1024K(1024K)->1024K(1024K)
[300.238s][info][gc,heap        ] GC(1185) ParOldGen: 9244K(1398272K)->9356K(1398272K)
[300.238s][info][gc,metaspace   ] GC(1185) Metaspace: 14390K(15296K)->14390K(15296K) NonClass: 12431K(12992K)->12431K(12992K) Class: 1959K(2304K)->1959K(2304K)
[300.238s][info][gc             ] GC(1185) Pause Young (Allocation Failure) 378M->10M(1727M) 2.923ms
[300.238s][info][gc,cpu         ] GC(1185) User=0.00s Sys=0.00s Real=0.00s
[300.492s][info][gc,start       ] GC(1186) Pause Young (Allocation Failure)
[300.505s][info][gc,heap        ] GC(1186) PSYoungGen: 370176K(370176K)->1024K(363008K) Eden: 369152K(369152K)->0K(361984K) From: 1024K(1024K)->1024K(1024K)
[300.505s][info][gc,heap        ] GC(1186) ParOldGen: 9356K(1398272K)->9428K(1398272K)
[300.505s][info][gc,metaspace   ] GC(1186) Metaspace: 14390K(15296K)->14390K(15296K) NonClass: 12431K(12992K)->12431K(12992K) Class: 1959K(2304K)->1959K(2304K)
[300.505s][info][gc             ] GC(1186) Pause Young (Allocation Failure) 370M->10M(1720M) 12.611ms
[300.505s][info][gc,cpu         ] GC(1186) User=0.00s Sys=0.00s Real=0.01s
[300.755s][info][gc,start       ] GC(1187) Pause Young (Allocation Failure)
[300.758s][info][gc,heap        ] GC(1187) PSYoungGen: 363008K(363008K)->1024K(435712K) Eden: 361984K(361984K)->0K(434688K) From: 1024K(1024K)->1024K(1024K)
[300.758s][info][gc,heap        ] GC(1187) ParOldGen: 9428K(1398272K)->9524K(1398272K)
[300.758s][info][gc,metaspace   ] GC(1187) Metaspace: 14390K(15296K)->14390K(15296K) NonClass: 12431K(12992K)->12431K(12992K) Class: 1959K(2304K)->1959K(2304K)
[300.758s][info][gc             ] GC(1187) Pause Young (Allocation Failure) 363M->10M(1791M) 3.057ms
[300.758s][info][gc,cpu         ] GC(1187) User=0.52s Sys=0.00s Real=0.00s
[301.058s][info][gc,start       ] GC(1188) Pause Young (Allocation Failure)
[301.061s][info][gc,heap        ] GC(1188) PSYoungGen: 435712K(435712K)->1024K(522752K) Eden: 434688K(434688K)->0K(521728K) From: 1024K(1024K)->1024K(1024K)
[301.061s][info][gc,heap        ] GC(1188) ParOldGen: 9524K(1398272K)->9612K(1398272K)
[301.061s][info][gc,metaspace   ] GC(1188) Metaspace: 14390K(15296K)->14390K(15296K) NonClass: 12431K(12992K)->12431K(12992K) Class: 1959K(2304K)->1959K(2304K)
[301.061s][info][gc             ] GC(1188) Pause Young (Allocation Failure) 434M->10M(1876M) 3.138ms
[301.061s][info][gc,cpu         ] GC(1188) User=0.00s Sys=0.00s Real=0.00s
[301.420s][info][gc,start       ] GC(1189) Pause Young (Allocation Failure)
[301.423s][info][gc,heap        ] GC(1189) PSYoungGen: 522752K(522752K)->992K(509952K) Eden: 521728K(521728K)->0K(508928K) From: 1024K(1024K)->992K(1024K)
[301.423s][info][gc,heap        ] GC(1189) ParOldGen: 9612K(1398272K)->9724K(1398272K)
[301.423s][info][gc,metaspace   ] GC(1189) Metaspace: 14390K(15296K)->14390K(15296K) NonClass: 12431K(12992K)->12431K(12992K) Class: 1959K(2304K)->1959K(2304K)
[301.423s][info][gc             ] GC(1189) Pause Young (Allocation Failure) 519M->10M(1863M) 3.300ms
[301.423s][info][gc,cpu         ] GC(1189) User=0.00s Sys=0.00s Real=0.00s
[301.774s][info][gc,start       ] GC(1190) Pause Young (Allocation Failure)
[301.777s][info][gc,heap        ] GC(1190) PSYoungGen: 509920K(509952K)->1056K(498176K) Eden: 508928K(508928K)->0K(496640K) From: 992K(1024K)->1056K(1536K)
[301.777s][info][gc,heap        ] GC(1190) ParOldGen: 9724K(1398272K)->9844K(1398272K)
[301.777s][info][gc,metaspace   ] GC(1190) Metaspace: 14390K(15296K)->14390K(15296K) NonClass: 12431K(12992K)->12431K(12992K) Class: 1959K(2304K)->1959K(2304K)
[301.777s][info][gc             ] GC(1190) Pause Young (Allocation Failure) 507M->10M(1852M) 3.335ms
[301.777s][info][gc,cpu         ] GC(1190) User=0.00s Sys=0.00s Real=0.00s
[302.119s][info][gc,start       ] GC(1191) Pause Young (Allocation Failure)
[302.122s][info][gc,heap        ] GC(1191) PSYoungGen: 497696K(498176K)->1024K(485888K) Eden: 496640K(496640K)->0K(484864K) From: 1056K(1536K)->1024K(1024K)
[302.122s][info][gc,heap        ] GC(1191) ParOldGen: 9844K(1398272K)->9972K(1398272K)
[302.122s][info][gc,metaspace   ] GC(1191) Metaspace: 14390K(15296K)->14390K(15296K) NonClass: 12431K(12992K)->12431K(12992K) Class: 1959K(2304K)->1959K(2304K)
[302.122s][info][gc             ] GC(1191) Pause Young (Allocation Failure) 495M->10M(1840M) 3.293ms
[302.122s][info][gc,cpu         ] GC(1191) User=0.00s Sys=0.00s Real=0.00s
[302.469s][info][gc,start       ] GC(1192) Pause Young (Allocation Failure)
[302.472s][info][gc,heap        ] GC(1192) PSYoungGen: 485888K(485888K)->1024K(474624K) Eden: 484864K(484864K)->0K(473600K) From: 1024K(1024K)->1024K(1024K)
[302.472s][info][gc,heap        ] GC(1192) ParOldGen: 9972K(1398272K)->10108K(1398272K)
[302.472s][info][gc,metaspace   ] GC(1192) Metaspace: 14390K(15296K)->14390K(15296K) NonClass: 12431K(12992K)->12431K(12992K) Class: 1959K(2304K)->1959K(2304K)
[302.473s][info][gc             ] GC(1192) Pause Young (Allocation Failure) 484M->10M(1829M) 3.027ms
[302.473s][info][gc,cpu         ] GC(1192) User=0.00s Sys=0.00s Real=0.00s
[302.821s][info][gc,start       ] GC(1193) Pause Young (Allocation Failure)
[302.824s][info][gc,heap        ] GC(1193) PSYoungGen: 474624K(474624K)->1024K(463872K) Eden: 473600K(473600K)->0K(462848K) From: 1024K(1024K)->1024K(1024K)
[302.824s][info][gc,heap        ] GC(1193) ParOldGen: 10108K(1398272K)->10244K(1398272K)
[302.824s][info][gc,metaspace   ] GC(1193) Metaspace: 14390K(15296K)->14390K(15296K) NonClass: 12431K(12992K)->12431K(12992K) Class: 1959K(2304K)->1959K(2304K)
[302.824s][info][gc             ] GC(1193) Pause Young (Allocation Failure) 473M->11M(1818M) 2.814ms
[302.824s][info][gc,cpu         ] GC(1193) User=0.00s Sys=0.00s Real=0.00s
[303.143s][info][gc,start       ] GC(1194) Pause Young (Allocation Failure)
[303.146s][info][gc,heap        ] GC(1194) PSYoungGen: 463872K(463872K)->1056K(453632K) Eden: 462848K(462848K)->0K(452096K) From: 1024K(1024K)->1056K(1536K)
[303.146s][info][gc,heap        ] GC(1194) ParOldGen: 10244K(1398272K)->10356K(1398272K)
[303.146s][info][gc,metaspace   ] GC(1194) Metaspace: 14390K(15296K)->14390K(15296K) NonClass: 12431K(12992K)->12431K(12992K) Class: 1959K(2304K)->1959K(2304K)
[303.146s][info][gc             ] GC(1194) Pause Young (Allocation Failure) 463M->11M(1808M) 2.894ms
[303.146s][info][gc,cpu         ] GC(1194) User=0.52s Sys=0.00s Real=0.00s
[303.457s][info][gc,start       ] GC(1195) Pause Young (Allocation Failure)
[303.460s][info][gc,heap        ] GC(1195) PSYoungGen: 453152K(453632K)->1024K(442880K) Eden: 452096K(452096K)->0K(441856K) From: 1056K(1536K)->1024K(1024K)
[303.460s][info][gc,heap        ] GC(1195) ParOldGen: 10356K(1398272K)->10452K(1398272K)
[303.460s][info][gc,metaspace   ] GC(1195) Metaspace: 14390K(15296K)->14390K(15296K) NonClass: 12431K(12992K)->12431K(12992K) Class: 1959K(2304K)->1959K(2304K)
[303.460s][info][gc             ] GC(1195) Pause Young (Allocation Failure) 452M->11M(1798M) 2.964ms
[303.460s][info][gc,cpu         ] GC(1195) User=0.02s Sys=0.00s Real=0.00s
[303.765s][info][gc,start       ] GC(1196) Pause Young (Allocation Failure)
[303.768s][info][gc,heap        ] GC(1196) PSYoungGen: 442880K(442880K)->1056K(433664K) Eden: 441856K(441856K)->0K(432128K) From: 1024K(1024K)->1056K(1536K)
[303.768s][info][gc,heap        ] GC(1196) ParOldGen: 10452K(1398272K)->10584K(1398272K)
[303.768s][info][gc,metaspace   ] GC(1196) Metaspace: 14390K(15296K)->14390K(15296K) NonClass: 12431K(12992K)->12431K(12992K) Class: 1959K(2304K)->1959K(2304K)
[303.768s][info][gc             ] GC(1196) Pause Young (Allocation Failure) 442M->11M(1789M) 2.990ms
[303.768s][info][gc,cpu         ] GC(1196) User=0.00s Sys=0.00s Real=0.00s
[304.068s][info][gc,start       ] GC(1197) Pause Young (Allocation Failure)
[304.071s][info][gc,heap        ] GC(1197) PSYoungGen: 433184K(433664K)->1024K(423424K) Eden: 432128K(432128K)->0K(422400K) From: 1056K(1536K)->1024K(1024K)
[304.071s][info][gc,heap        ] GC(1197) ParOldGen: 10584K(1398272K)->10720K(1398272K)
[304.071s][info][gc,metaspace   ] GC(1197) Metaspace: 14390K(15296K)->14390K(15296K) NonClass: 12431K(12992K)->12431K(12992K) Class: 1959K(2304K)->1959K(2304K)
[304.071s][info][gc             ] GC(1197) Pause Young (Allocation Failure) 433M->11M(1779M) 3.043ms
[304.071s][info][gc,cpu         ] GC(1197) User=0.00s Sys=0.00s Real=0.00s
[304.362s][info][gc,start       ] GC(1198) Pause Young (Allocation Failure)
[304.365s][info][gc,heap        ] GC(1198) PSYoungGen: 423424K(423424K)->1024K(414208K) Eden: 422400K(422400K)->0K(413184K) From: 1024K(1024K)->1024K(1024K)
[304.366s][info][gc,heap        ] GC(1198) ParOldGen: 10720K(1398272K)->10840K(1398272K)
[304.366s][info][gc,metaspace   ] GC(1198) Metaspace: 14390K(15296K)->14390K(15296K) NonClass: 12431K(12992K)->12431K(12992K) Class: 1959K(2304K)->1959K(2304K)
[304.366s][info][gc             ] GC(1198) Pause Young (Allocation Failure) 423M->11M(1770M) 3.106ms
[304.366s][info][gc,cpu         ] GC(1198) User=0.52s Sys=0.00s Real=0.00s
[304.647s][info][gc,start       ] GC(1199) Pause Young (Allocation Failure)
[304.650s][info][gc,heap        ] GC(1199) PSYoungGen: 414208K(414208K)->1024K(405504K) Eden: 413184K(413184K)->0K(404480K) From: 1024K(1024K)->1024K(1024K)
[304.650s][info][gc,heap        ] GC(1199) ParOldGen: 10840K(1398272K)->10976K(1398272K)
[304.650s][info][gc,metaspace   ] GC(1199) Metaspace: 14390K(15296K)->14390K(15296K) NonClass: 12431K(12992K)->12431K(12992K) Class: 1959K(2304K)->1959K(2304K)
[304.650s][info][gc             ] GC(1199) Pause Young (Allocation Failure) 415M->11M(1761M) 3.112ms
[304.650s][info][gc,cpu         ] GC(1199) User=0.00s Sys=0.00s Real=0.00s
[304.947s][info][gc,start       ] GC(1200) Pause Young (Allocation Failure)
[304.950s][info][gc,heap        ] GC(1200) PSYoungGen: 405504K(405504K)->1056K(397312K) Eden: 404480K(404480K)->0K(395776K) From: 1024K(1024K)->1056K(1536K)
[304.950s][info][gc,heap        ] GC(1200) ParOldGen: 10976K(1398272K)->11056K(1398272K)
[304.950s][info][gc,metaspace   ] GC(1200) Metaspace: 14390K(15296K)->14390K(15296K) NonClass: 12431K(12992K)->12431K(12992K) Class: 1959K(2304K)->1959K(2304K)
[304.950s][info][gc             ] GC(1200) Pause Young (Allocation Failure) 406M->11M(1753M) 3.522ms
[304.950s][info][gc,cpu         ] GC(1200) User=0.00s Sys=0.00s Real=0.00s
[305.238s][info][gc,start       ] GC(1201) Pause Young (Allocation Failure)
[305.241s][info][gc,heap        ] GC(1201) PSYoungGen: 396832K(397312K)->1024K(388608K) Eden: 395776K(395776K)->0K(387584K) From: 1056K(1536K)->1024K(1024K)
[305.241s][info][gc,heap        ] GC(1201) ParOldGen: 11056K(1398272K)->11176K(1398272K)
[305.241s][info][gc,metaspace   ] GC(1201) Metaspace: 14390K(15296K)->14390K(15296K) NonClass: 12431K(12992K)->12431K(12992K) Class: 1959K(2304K)->1959K(2304K)
[305.241s][info][gc             ] GC(1201) Pause Young (Allocation Failure) 398M->11M(1745M) 2.899ms
[305.241s][info][gc,cpu         ] GC(1201) User=0.52s Sys=0.00s Real=0.00s
[305.524s][info][gc,start       ] GC(1202) Pause Young (Allocation Failure)
[305.527s][info][gc,heap        ] GC(1202) PSYoungGen: 388608K(388608K)->1024K(380416K) Eden: 387584K(387584K)->0K(379392K) From: 1024K(1024K)->1024K(1024K)
[305.527s][info][gc,heap        ] GC(1202) ParOldGen: 11176K(1398272K)->11312K(1398272K)
[305.527s][info][gc,metaspace   ] GC(1202) Metaspace: 14390K(15296K)->14390K(15296K) NonClass: 12431K(12992K)->12431K(12992K) Class: 1959K(2304K)->1959K(2304K)
[305.527s][info][gc             ] GC(1202) Pause Young (Allocation Failure) 390M->12M(1737M) 2.644ms
[305.527s][info][gc,cpu         ] GC(1202) User=0.00s Sys=0.00s Real=0.00s
[305.722s][info][gc,start       ] GC(1203) Pause Young (Allocation Failure)
[305.725s][info][gc,heap        ] GC(1203) PSYoungGen: 380416K(380416K)->832K(456704K) Eden: 379392K(379392K)->0K(455680K) From: 1024K(1024K)->832K(1024K)
[305.725s][info][gc,heap        ] GC(1203) ParOldGen: 11312K(1398272K)->11384K(1398272K)
[305.725s][info][gc,metaspace   ] GC(1203) Metaspace: 14390K(15296K)->14390K(15296K) NonClass: 12431K(12992K)->12431K(12992K) Class: 1959K(2304K)->1959K(2304K)
[305.725s][info][gc             ] GC(1203) Pause Young (Allocation Failure) 382M->11M(1811M) 2.783ms
[305.725s][info][gc,cpu         ] GC(1203) User=0.52s Sys=0.00s Real=0.00s
[305.922s][info][gc,start       ] GC(1204) Pause Young (Allocation Failure)
[305.925s][info][gc,heap        ] GC(1204) PSYoungGen: 456512K(456704K)->896K(547840K) Eden: 455680K(455680K)->0K(546816K) From: 832K(1024K)->896K(1024K)
[305.925s][info][gc,heap        ] GC(1204) ParOldGen: 11384K(1398272K)->11480K(1398272K)
[305.925s][info][gc,metaspace   ] GC(1204) Metaspace: 14390K(15296K)->14390K(15296K) NonClass: 12431K(12992K)->12431K(12992K) Class: 1959K(2304K)->1959K(2304K)
[305.925s][info][gc             ] GC(1204) Pause Young (Allocation Failure) 456M->12M(1900M) 2.761ms
[305.925s][info][gc,cpu         ] GC(1204) User=0.00s Sys=0.00s Real=0.00s
[306.234s][info][gc,start       ] GC(1205) Pause Young (System.gc())
[306.237s][info][gc,heap        ] GC(1205) PSYoungGen: 296765K(547840K)->320K(547328K) Eden: 295869K(546816K)->0K(546816K) From: 896K(1024K)->320K(512K)
[306.237s][info][gc,heap        ] GC(1205) ParOldGen: 11480K(1398272K)->11544K(1398272K)
[306.237s][info][gc,metaspace   ] GC(1205) Metaspace: 14390K(15296K)->14390K(15296K) NonClass: 12431K(12992K)->12431K(12992K) Class: 1959K(2304K)->1959K(2304K)
[306.237s][info][gc             ] GC(1205) Pause Young (System.gc()) 301M->11M(1900M) 3.457ms
[306.237s][info][gc,cpu         ] GC(1205) User=0.00s Sys=0.00s Real=0.00s
[306.238s][info][gc,start       ] GC(1206) Pause Full (System.gc())
[306.238s][info][gc,phases,start] GC(1206) Marking Phase
[306.253s][info][gc,phases      ] GC(1206) Marking Phase 14.967ms
[306.253s][info][gc,phases,start] GC(1206) Summary Phase
[306.253s][info][gc,phases      ] GC(1206) Summary Phase 0.027ms
[306.253s][info][gc,phases,start] GC(1206) Adjust Roots
[306.259s][info][gc,phases      ] GC(1206) Adjust Roots 6.412ms
[306.259s][info][gc,phases,start] GC(1206) Compaction Phase
[306.261s][info][gc,phases      ] GC(1206) Compaction Phase 1.913ms
[306.261s][info][gc,phases,start] GC(1206) Post Compact
[306.262s][info][gc,phases      ] GC(1206) Post Compact 0.553ms
[306.262s][info][gc,heap        ] GC(1206) PSYoungGen: 320K(547328K)->0K(547328K) Eden: 0K(546816K)->0K(546816K) From: 320K(512K)->0K(512K)
[306.262s][info][gc,heap        ] GC(1206) ParOldGen: 11544K(1398272K)->5375K(1398272K)
[306.262s][info][gc,metaspace   ] GC(1206) Metaspace: 14390K(15296K)->14390K(15296K) NonClass: 12431K(12992K)->12431K(12992K) Class: 1959K(2304K)->1959K(2304K)
[306.262s][info][gc             ] GC(1206) Pause Full (System.gc()) 11M->5M(1900M) 24.203ms
[306.262s][info][gc,cpu         ] GC(1206) User=0.02s Sys=0.00s Real=0.02s
[306.695s][info][gc,start       ] GC(1207) Pause Young (Allocation Failure)
[306.699s][info][gc,heap        ] GC(1207) PSYoungGen: 546816K(547328K)->1536K(657920K) Eden: 546816K(546816K)->0K(656384K) From: 0K(512K)->1536K(1536K)
[306.699s][info][gc,heap        ] GC(1207) ParOldGen: 5375K(1398272K)->5791K(1398272K)
[306.699s][info][gc,metaspace   ] GC(1207) Metaspace: 14390K(15296K)->14390K(15296K) NonClass: 12431K(12992K)->12431K(12992K) Class: 1959K(2304K)->1959K(2304K)
[306.699s][info][gc             ] GC(1207) Pause Young (Allocation Failure) 539M->7M(2008M) 3.724ms
[306.699s][info][gc,cpu         ] GC(1207) User=0.00s Sys=0.00s Real=0.00s
[307.125s][info][gc,start       ] GC(1208) Pause Young (Allocation Failure)
[307.128s][info][gc,heap        ] GC(1208) PSYoungGen: 657920K(657920K)->1056K(640000K) Eden: 656384K(656384K)->0K(638464K) From: 1536K(1536K)->1056K(1536K)
[307.128s][info][gc,heap        ] GC(1208) ParOldGen: 5791K(1398272K)->7107K(1398272K)
[307.128s][info][gc,metaspace   ] GC(1208) Metaspace: 14390K(15296K)->14390K(15296K) NonClass: 12431K(12992K)->12431K(12992K) Class: 1959K(2304K)->1959K(2304K)
[307.128s][info][gc             ] GC(1208) Pause Young (Allocation Failure) 648M->7M(1990M) 3.323ms
[307.128s][info][gc,cpu         ] GC(1208) User=0.00s Sys=0.00s Real=0.00s
[307.540s][info][gc,start       ] GC(1209) Pause Young (Allocation Failure)
[307.543s][info][gc,heap        ] GC(1209) PSYoungGen: 639520K(640000K)->1024K(622080K) Eden: 638464K(638464K)->0K(621056K) From: 1056K(1536K)->1024K(1024K)
[307.543s][info][gc,heap        ] GC(1209) ParOldGen: 7107K(1398272K)->7283K(1398272K)
[307.543s][info][gc,metaspace   ] GC(1209) Metaspace: 14390K(15296K)->14390K(15296K) NonClass: 12431K(12992K)->12431K(12992K) Class: 1959K(2304K)->1959K(2304K)
[307.543s][info][gc             ] GC(1209) Pause Young (Allocation Failure) 631M->8M(1973M) 3.334ms
[307.543s][info][gc,cpu         ] GC(1209) User=0.00s Sys=0.00s Real=0.00s
[307.946s][info][gc,start       ] GC(1210) Pause Young (Allocation Failure)
[307.949s][info][gc,heap        ] GC(1210) PSYoungGen: 622080K(622080K)->1024K(605696K) Eden: 621056K(621056K)->0K(604672K) From: 1024K(1024K)->1024K(1024K)
[307.949s][info][gc,heap        ] GC(1210) ParOldGen: 7283K(1398272K)->7451K(1398272K)
[307.949s][info][gc,metaspace   ] GC(1210) Metaspace: 14390K(15296K)->14390K(15296K) NonClass: 12431K(12992K)->12431K(12992K) Class: 1959K(2304K)->1959K(2304K)
[307.949s][info][gc             ] GC(1210) Pause Young (Allocation Failure) 614M->8M(1957M) 3.346ms
[307.949s][info][gc,cpu         ] GC(1210) User=0.00s Sys=0.00s Real=0.00s
[308.341s][info][gc,start       ] GC(1211) Pause Young (Allocation Failure)
[308.344s][info][gc,heap        ] GC(1211) PSYoungGen: 605696K(605696K)->1056K(590336K) Eden: 604672K(604672K)->0K(588800K) From: 1024K(1024K)->1056K(1536K)
[308.344s][info][gc,heap        ] GC(1211) ParOldGen: 7451K(1398272K)->7571K(1398272K)
[308.344s][info][gc,metaspace   ] GC(1211) Metaspace: 14390K(15296K)->14390K(15296K) NonClass: 12431K(12992K)->12431K(12992K) Class: 1959K(2304K)->1959K(2304K)
[308.344s][info][gc             ] GC(1211) Pause Young (Allocation Failure) 598M->8M(1942M) 3.418ms
[308.345s][info][gc,cpu         ] GC(1211) User=0.00s Sys=0.00s Real=0.00s
[308.783s][info][gc,start       ] GC(1212) Pause Young (Allocation Failure)
[308.787s][info][gc,heap        ] GC(1212) PSYoungGen: 589856K(590336K)->1024K(574464K) Eden: 588800K(588800K)->0K(573440K) From: 1056K(1536K)->1024K(1024K)
[308.788s][info][gc,heap        ] GC(1212) ParOldGen: 7571K(1398272K)->7707K(1398272K)
[308.788s][info][gc,metaspace   ] GC(1212) Metaspace: 14390K(15296K)->14390K(15296K) NonClass: 12431K(12992K)->12431K(12992K) Class: 1959K(2304K)->1959K(2304K)
[308.788s][info][gc             ] GC(1212) Pause Young (Allocation Failure) 583M->8M(1926M) 4.402ms
[308.788s][info][gc,cpu         ] GC(1212) User=0.00s Sys=0.00s Real=0.00s
[309.177s][info][gc,start       ] GC(1213) Pause Young (Allocation Failure)
[309.180s][info][gc,heap        ] GC(1213) PSYoungGen: 574464K(574464K)->1024K(559616K) Eden: 573440K(573440K)->0K(558592K) From: 1024K(1024K)->1024K(1024K)
[309.180s][info][gc,heap        ] GC(1213) ParOldGen: 7707K(1398272K)->7859K(1398272K)
[309.180s][info][gc,metaspace   ] GC(1213) Metaspace: 14390K(15296K)->14390K(15296K) NonClass: 12431K(12992K)->12431K(12992K) Class: 1959K(2304K)->1959K(2304K)
[309.180s][info][gc             ] GC(1213) Pause Young (Allocation Failure) 568M->8M(1912M) 3.208ms
[309.180s][info][gc,cpu         ] GC(1213) User=0.00s Sys=0.00s Real=0.00s
[309.549s][info][gc,start       ] GC(1214) Pause Young (Allocation Failure)
[309.553s][info][gc,heap        ] GC(1214) PSYoungGen: 559616K(559616K)->1024K(545280K) Eden: 558592K(558592K)->0K(544256K) From: 1024K(1024K)->1024K(1024K)
[309.553s][info][gc,heap        ] GC(1214) ParOldGen: 7859K(1398272K)->8027K(1398272K)
[309.553s][info][gc,metaspace   ] GC(1214) Metaspace: 14390K(15296K)->14390K(15296K) NonClass: 12431K(12992K)->12431K(12992K) Class: 1959K(2304K)->1959K(2304K)
[309.553s][info][gc             ] GC(1214) Pause Young (Allocation Failure) 554M->8M(1898M) 3.166ms
[309.553s][info][gc,cpu         ] GC(1214) User=0.52s Sys=0.00s Real=0.00s
[309.929s][info][gc,start       ] GC(1215) Pause Young (Allocation Failure)
[309.932s][info][gc,heap        ] GC(1215) PSYoungGen: 545280K(545280K)->1056K(531968K) Eden: 544256K(544256K)->0K(530432K) From: 1024K(1024K)->1056K(1536K)
[309.932s][info][gc,heap        ] GC(1215) ParOldGen: 8027K(1398272K)->8155K(1398272K)
[309.932s][info][gc,metaspace   ] GC(1215) Metaspace: 14390K(15296K)->14390K(15296K) NonClass: 12431K(12992K)->12431K(12992K) Class: 1959K(2304K)->1959K(2304K)
[309.932s][info][gc             ] GC(1215) Pause Young (Allocation Failure) 540M->8M(1885M) 3.052ms
[309.932s][info][gc,cpu         ] GC(1215) User=0.00s Sys=0.00s Real=0.00s
[310.275s][info][gc,start       ] GC(1216) Pause Young (Allocation Failure)
[310.278s][info][gc,heap        ] GC(1216) PSYoungGen: 531488K(531968K)->1024K(518144K) Eden: 530432K(530432K)->0K(517120K) From: 1056K(1536K)->1024K(1024K)
[310.278s][info][gc,heap        ] GC(1216) ParOldGen: 8155K(1398272K)->8315K(1398272K)
[310.278s][info][gc,metaspace   ] GC(1216) Metaspace: 14390K(15296K)->14390K(15296K) NonClass: 12431K(12992K)->12431K(12992K) Class: 1959K(2304K)->1959K(2304K)
[310.278s][info][gc             ] GC(1216) Pause Young (Allocation Failure) 526M->9M(1871M) 2.979ms
[310.278s][info][gc,cpu         ] GC(1216) User=0.00s Sys=0.00s Real=0.00s
[310.614s][info][gc,start       ] GC(1217) Pause Young (Allocation Failure)
[310.617s][info][gc,heap        ] GC(1217) PSYoungGen: 518144K(518144K)->1024K(505344K) Eden: 517120K(517120K)->0K(504320K) From: 1024K(1024K)->1024K(1024K)
[310.617s][info][gc,heap        ] GC(1217) ParOldGen: 8315K(1398272K)->8435K(1398272K)
[310.617s][info][gc,metaspace   ] GC(1217) Metaspace: 14390K(15296K)->14390K(15296K) NonClass: 12431K(12992K)->12431K(12992K) Class: 1959K(2304K)->1959K(2304K)
[310.617s][info][gc             ] GC(1217) Pause Young (Allocation Failure) 514M->9M(1859M) 3.149ms
[310.617s][info][gc,cpu         ] GC(1217) User=0.02s Sys=0.00s Real=0.00s
[310.939s][info][gc,start       ] GC(1218) Pause Young (Allocation Failure)
[310.942s][info][gc,heap        ] GC(1218) PSYoungGen: 505344K(505344K)->1024K(493056K) Eden: 504320K(504320K)->0K(492032K) From: 1024K(1024K)->1024K(1024K)
[310.942s][info][gc,heap        ] GC(1218) ParOldGen: 8435K(1398272K)->8595K(1398272K)
[310.942s][info][gc,metaspace   ] GC(1218) Metaspace: 14390K(15296K)->14390K(15296K) NonClass: 12431K(12992K)->12431K(12992K) Class: 1959K(2304K)->1959K(2304K)
[310.942s][info][gc             ] GC(1218) Pause Young (Allocation Failure) 501M->9M(1847M) 3.198ms
[310.942s][info][gc,cpu         ] GC(1218) User=0.00s Sys=0.02s Real=0.00s
[311.263s][info][gc,start       ] GC(1219) Pause Young (Allocation Failure)
[311.266s][info][gc,heap        ] GC(1219) PSYoungGen: 493056K(493056K)->1056K(481792K) Eden: 492032K(492032K)->0K(480256K) From: 1024K(1024K)->1056K(1536K)
[311.266s][info][gc,heap        ] GC(1219) ParOldGen: 8595K(1398272K)->8691K(1398272K)
[311.266s][info][gc,metaspace   ] GC(1219) Metaspace: 14390K(15296K)->14390K(15296K) NonClass: 12431K(12992K)->12431K(12992K) Class: 1959K(2304K)->1959K(2304K)
[311.266s][info][gc             ] GC(1219) Pause Young (Allocation Failure) 489M->9M(1836M) 3.230ms
[311.266s][info][gc,cpu         ] GC(1219) User=0.00s Sys=0.00s Real=0.00s
[311.664s][info][gc,start       ] GC(1220) Pause Young (Allocation Failure)
[311.668s][info][gc,heap        ] GC(1220) PSYoungGen: 481312K(481792K)->1024K(470016K) Eden: 480256K(480256K)->0K(468992K) From: 1056K(1536K)->1024K(1024K)
[311.668s][info][gc,heap        ] GC(1220) ParOldGen: 8691K(1398272K)->8819K(1398272K)
[311.668s][info][gc,metaspace   ] GC(1220) Metaspace: 14390K(15296K)->14390K(15296K) NonClass: 12431K(12992K)->12431K(12992K) Class: 1959K(2304K)->1959K(2304K)
[311.668s][info][gc             ] GC(1220) Pause Young (Allocation Failure) 478M->9M(1824M) 4.232ms
[311.668s][info][gc,cpu         ] GC(1220) User=0.00s Sys=0.00s Real=0.00s
[311.992s][info][gc,start       ] GC(1221) Pause Young (Allocation Failure)
[311.995s][info][gc,heap        ] GC(1221) PSYoungGen: 470016K(470016K)->1024K(459264K) Eden: 468992K(468992K)->0K(458240K) From: 1024K(1024K)->1024K(1024K)
[311.995s][info][gc,heap        ] GC(1221) ParOldGen: 8819K(1398272K)->8971K(1398272K)
[311.995s][info][gc,metaspace   ] GC(1221) Metaspace: 14390K(15296K)->14390K(15296K) NonClass: 12431K(12992K)->12431K(12992K) Class: 1959K(2304K)->1959K(2304K)
[311.995s][info][gc             ] GC(1221) Pause Young (Allocation Failure) 467M->9M(1814M) 2.927ms
[311.995s][info][gc,cpu         ] GC(1221) User=0.00s Sys=0.00s Real=0.00s
[312.329s][info][gc,start       ] GC(1222) Pause Young (Allocation Failure)
[312.332s][info][gc,heap        ] GC(1222) PSYoungGen: 459264K(459264K)->1024K(449024K) Eden: 458240K(458240K)->0K(448000K) From: 1024K(1024K)->1024K(1024K)
[312.332s][info][gc,heap        ] GC(1222) ParOldGen: 8971K(1398272K)->9083K(1398272K)
[312.332s][info][gc,metaspace   ] GC(1222) Metaspace: 14390K(15296K)->14390K(15296K) NonClass: 12431K(12992K)->12431K(12992K) Class: 1959K(2304K)->1959K(2304K)
[312.332s][info][gc             ] GC(1222) Pause Young (Allocation Failure) 457M->9M(1804M) 2.677ms
[312.332s][info][gc,cpu         ] GC(1222) User=0.00s Sys=0.00s Real=0.00s
[312.621s][info][gc,start       ] GC(1223) Pause Young (Allocation Failure)
[312.624s][info][gc,heap        ] GC(1223) PSYoungGen: 449024K(449024K)->1056K(439296K) Eden: 448000K(448000K)->0K(437760K) From: 1024K(1024K)->1056K(1536K)
[312.624s][info][gc,heap        ] GC(1223) ParOldGen: 9083K(1398272K)->9195K(1398272K)
[312.624s][info][gc,metaspace   ] GC(1223) Metaspace: 14390K(15296K)->14390K(15296K) NonClass: 12431K(12992K)->12431K(12992K) Class: 1959K(2304K)->1959K(2304K)
[312.624s][info][gc             ] GC(1223) Pause Young (Allocation Failure) 447M->10M(1794M) 2.719ms
[312.624s][info][gc,cpu         ] GC(1223) User=0.00s Sys=0.00s Real=0.00s
[312.907s][info][gc,start       ] GC(1224) Pause Young (Allocation Failure)
[312.910s][info][gc,heap        ] GC(1224) PSYoungGen: 438816K(439296K)->1024K(429056K) Eden: 437760K(437760K)->0K(428032K) From: 1056K(1536K)->1024K(1024K)
[312.910s][info][gc,heap        ] GC(1224) ParOldGen: 9195K(1398272K)->9315K(1398272K)
[312.910s][info][gc,metaspace   ] GC(1224) Metaspace: 14390K(15296K)->14390K(15296K) NonClass: 12431K(12992K)->12431K(12992K) Class: 1959K(2304K)->1959K(2304K)
[312.910s][info][gc             ] GC(1224) Pause Young (Allocation Failure) 437M->10M(1784M) 2.799ms
[312.910s][info][gc,cpu         ] GC(1224) User=0.00s Sys=0.00s Real=0.00s
[313.188s][info][gc,start       ] GC(1225) Pause Young (Allocation Failure)
[313.191s][info][gc,heap        ] GC(1225) PSYoungGen: 429056K(429056K)->1024K(419840K) Eden: 428032K(428032K)->0K(418816K) From: 1024K(1024K)->1024K(1024K)
[313.191s][info][gc,heap        ] GC(1225) ParOldGen: 9315K(1398272K)->9419K(1398272K)
[313.191s][info][gc,metaspace   ] GC(1225) Metaspace: 14390K(15296K)->14390K(15296K) NonClass: 12431K(12992K)->12431K(12992K) Class: 1959K(2304K)->1959K(2304K)
[313.191s][info][gc             ] GC(1225) Pause Young (Allocation Failure) 428M->10M(1775M) 2.858ms
[313.191s][info][gc,cpu         ] GC(1225) User=0.00s Sys=0.00s Real=0.00s
[313.461s][info][gc,start       ] GC(1226) Pause Young (Allocation Failure)
[313.464s][info][gc,heap        ] GC(1226) PSYoungGen: 419840K(419840K)->960K(410624K) Eden: 418816K(418816K)->0K(409600K) From: 1024K(1024K)->960K(1024K)
[313.464s][info][gc,heap        ] GC(1226) ParOldGen: 9419K(1398272K)->9531K(1398272K)
[313.464s][info][gc,metaspace   ] GC(1226) Metaspace: 14390K(15296K)->14390K(15296K) NonClass: 12431K(12992K)->12431K(12992K) Class: 1959K(2304K)->1959K(2304K)
[313.464s][info][gc             ] GC(1226) Pause Young (Allocation Failure) 419M->10M(1766M) 2.923ms
[313.464s][info][gc,cpu         ] GC(1226) User=0.00s Sys=0.00s Real=0.00s
[313.727s][info][gc,start       ] GC(1227) Pause Young (Allocation Failure)
[313.729s][info][gc,heap        ] GC(1227) PSYoungGen: 410560K(410624K)->1024K(401920K) Eden: 409600K(409600K)->0K(400896K) From: 960K(1024K)->1024K(1024K)
[313.730s][info][gc,heap        ] GC(1227) ParOldGen: 9531K(1398272K)->9627K(1398272K)
[313.730s][info][gc,metaspace   ] GC(1227) Metaspace: 14390K(15296K)->14390K(15296K) NonClass: 12431K(12992K)->12431K(12992K) Class: 1959K(2304K)->1959K(2304K)
[313.730s][info][gc             ] GC(1227) Pause Young (Allocation Failure) 410M->10M(1758M) 2.959ms
[313.730s][info][gc,cpu         ] GC(1227) User=0.00s Sys=0.00s Real=0.00s
[313.989s][info][gc,start       ] GC(1228) Pause Young (Allocation Failure)
[313.992s][info][gc,heap        ] GC(1228) PSYoungGen: 401919K(401920K)->1024K(393728K) Eden: 400895K(400896K)->0K(392704K) From: 1024K(1024K)->1024K(1024K)
[313.992s][info][gc,heap        ] GC(1228) ParOldGen: 9627K(1398272K)->9715K(1398272K)
[313.992s][info][gc,metaspace   ] GC(1228) Metaspace: 14390K(15296K)->14390K(15296K) NonClass: 12431K(12992K)->12431K(12992K) Class: 1959K(2304K)->1959K(2304K)
[313.992s][info][gc             ] GC(1228) Pause Young (Allocation Failure) 401M->10M(1750M) 2.994ms
[313.992s][info][gc,cpu         ] GC(1228) User=0.00s Sys=0.00s Real=0.00s
[314.245s][info][gc,start       ] GC(1229) Pause Young (Allocation Failure)
[314.248s][info][gc,heap        ] GC(1229) PSYoungGen: 393728K(393728K)->1056K(473088K) Eden: 392704K(392704K)->0K(471552K) From: 1024K(1024K)->1056K(1536K)
[314.248s][info][gc,heap        ] GC(1229) ParOldGen: 9715K(1398272K)->9787K(1398272K)
[314.248s][info][gc,metaspace   ] GC(1229) Metaspace: 14390K(15296K)->14390K(15296K) NonClass: 12431K(12992K)->12431K(12992K) Class: 1959K(2304K)->1959K(2304K)
[314.248s][info][gc             ] GC(1229) Pause Young (Allocation Failure) 393M->10M(1827M) 3.028ms
[314.248s][info][gc,cpu         ] GC(1229) User=0.00s Sys=0.00s Real=0.00s
[314.555s][info][gc,start       ] GC(1230) Pause Young (Allocation Failure)
[314.558s][info][gc,heap        ] GC(1230) PSYoungGen: 472608K(473088K)->992K(567296K) Eden: 471552K(471552K)->0K(566272K) From: 1056K(1536K)->992K(1024K)
[314.558s][info][gc,heap        ] GC(1230) ParOldGen: 9787K(1398272K)->9907K(1398272K)
[314.558s][info][gc,metaspace   ] GC(1230) Metaspace: 14390K(15296K)->14390K(15296K) NonClass: 12431K(12992K)->12431K(12992K) Class: 1959K(2304K)->1959K(2304K)
[314.558s][info][gc             ] GC(1230) Pause Young (Allocation Failure) 471M->10M(1919M) 3.163ms
[314.558s][info][gc,cpu         ] GC(1230) User=0.00s Sys=0.00s Real=0.00s
[314.927s][info][gc,start       ] GC(1231) Pause Young (Allocation Failure)
[314.930s][info][gc,heap        ] GC(1231) PSYoungGen: 567264K(567296K)->1024K(552960K) Eden: 566272K(566272K)->0K(551936K) From: 992K(1024K)->1024K(1024K)
[314.930s][info][gc,heap        ] GC(1231) ParOldGen: 9907K(1398272K)->10003K(1398272K)
[314.930s][info][gc,metaspace   ] GC(1231) Metaspace: 14390K(15296K)->14390K(15296K) NonClass: 12431K(12992K)->12431K(12992K) Class: 1959K(2304K)->1959K(2304K)
[314.930s][info][gc             ] GC(1231) Pause Young (Allocation Failure) 563M->10M(1905M) 3.318ms
[314.930s][info][gc,cpu         ] GC(1231) User=0.00s Sys=0.00s Real=0.00s
[315.289s][info][gc,start       ] GC(1232) Pause Young (Allocation Failure)
[315.293s][info][gc,heap        ] GC(1232) PSYoungGen: 552960K(552960K)->992K(539136K) Eden: 551936K(551936K)->0K(538112K) From: 1024K(1024K)->992K(1024K)
[315.293s][info][gc,heap        ] GC(1232) ParOldGen: 10003K(1398272K)->10107K(1398272K)
[315.293s][info][gc,metaspace   ] GC(1232) Metaspace: 14390K(15296K)->14390K(15296K) NonClass: 12431K(12992K)->12431K(12992K) Class: 1959K(2304K)->1959K(2304K)
[315.293s][info][gc             ] GC(1232) Pause Young (Allocation Failure) 549M->10M(1892M) 3.337ms
[315.293s][info][gc,cpu         ] GC(1232) User=0.00s Sys=0.00s Real=0.00s
[315.647s][info][gc,start       ] GC(1233) Pause Young (Allocation Failure)
[315.650s][info][gc,heap        ] GC(1233) PSYoungGen: 539104K(539136K)->1056K(526336K) Eden: 538112K(538112K)->0K(524800K) From: 992K(1024K)->1056K(1536K)
[315.650s][info][gc,heap        ] GC(1233) ParOldGen: 10107K(1398272K)->10243K(1398272K)
[315.650s][info][gc,metaspace   ] GC(1233) Metaspace: 14390K(15296K)->14390K(15296K) NonClass: 12431K(12992K)->12431K(12992K) Class: 1959K(2304K)->1959K(2304K)
[315.650s][info][gc             ] GC(1233) Pause Young (Allocation Failure) 536M->11M(1879M) 3.341ms
[315.650s][info][gc,cpu         ] GC(1233) User=0.00s Sys=0.00s Real=0.00s
[316.006s][info][gc,start       ] GC(1234) Pause Young (Allocation Failure)
[316.009s][info][gc,heap        ] GC(1234) PSYoungGen: 525856K(526336K)->1024K(513024K) Eden: 524800K(524800K)->0K(512000K) From: 1056K(1536K)->1024K(1024K)
[316.009s][info][gc,heap        ] GC(1234) ParOldGen: 10243K(1398272K)->10379K(1398272K)
[316.009s][info][gc,metaspace   ] GC(1234) Metaspace: 14390K(15296K)->14390K(15296K) NonClass: 12431K(12992K)->12431K(12992K) Class: 1959K(2304K)->1959K(2304K)
[316.009s][info][gc             ] GC(1234) Pause Young (Allocation Failure) 523M->11M(1866M) 3.024ms
[316.009s][info][gc,cpu         ] GC(1234) User=0.00s Sys=0.00s Real=0.00s
[316.370s][info][gc,start       ] GC(1235) Pause Young (Allocation Failure)
[316.373s][info][gc,heap        ] GC(1235) PSYoungGen: 513024K(513024K)->1056K(501248K) Eden: 512000K(512000K)->0K(499712K) From: 1024K(1024K)->1056K(1536K)
[316.373s][info][gc,heap        ] GC(1235) ParOldGen: 10379K(1398272K)->10491K(1398272K)
[316.373s][info][gc,metaspace   ] GC(1235) Metaspace: 14390K(15296K)->14390K(15296K) NonClass: 12431K(12992K)->12431K(12992K) Class: 1959K(2304K)->1959K(2304K)
[316.373s][info][gc             ] GC(1235) Pause Young (Allocation Failure) 511M->11M(1855M) 2.905ms
[316.373s][info][gc,cpu         ] GC(1235) User=0.00s Sys=0.00s Real=0.00s
[316.697s][info][gc,start       ] GC(1236) Pause Young (Allocation Failure)
[316.700s][info][gc,heap        ] GC(1236) PSYoungGen: 500768K(501248K)->1024K(488960K) Eden: 499712K(499712K)->0K(487936K) From: 1056K(1536K)->1024K(1024K)
[316.700s][info][gc,heap        ] GC(1236) ParOldGen: 10491K(1398272K)->10615K(1398272K)
[316.700s][info][gc,metaspace   ] GC(1236) Metaspace: 14390K(15296K)->14390K(15296K) NonClass: 12431K(12992K)->12431K(12992K) Class: 1959K(2304K)->1959K(2304K)
[316.700s][info][gc             ] GC(1236) Pause Young (Allocation Failure) 499M->11M(1843M) 2.954ms
[316.700s][info][gc,cpu         ] GC(1236) User=0.00s Sys=0.00s Real=0.00s
[317.017s][info][gc,start       ] GC(1237) Pause Young (Allocation Failure)
[317.020s][info][gc,heap        ] GC(1237) PSYoungGen: 488960K(488960K)->1024K(477696K) Eden: 487936K(487936K)->0K(476672K) From: 1024K(1024K)->1024K(1024K)
[317.020s][info][gc,heap        ] GC(1237) ParOldGen: 10615K(1398272K)->10719K(1398272K)
[317.020s][info][gc,metaspace   ] GC(1237) Metaspace: 14390K(15296K)->14390K(15296K) NonClass: 12431K(12992K)->12431K(12992K) Class: 1959K(2304K)->1959K(2304K)
[317.020s][info][gc             ] GC(1237) Pause Young (Allocation Failure) 487M->11M(1832M) 3.029ms
[317.020s][info][gc,cpu         ] GC(1237) User=0.00s Sys=0.00s Real=0.00s
[317.329s][info][gc,start       ] GC(1238) Pause Young (Allocation Failure)
[317.332s][info][gc,heap        ] GC(1238) PSYoungGen: 477696K(477696K)->1024K(466432K) Eden: 476672K(476672K)->0K(465408K) From: 1024K(1024K)->1024K(1024K)
[317.332s][info][gc,heap        ] GC(1238) ParOldGen: 10719K(1398272K)->10831K(1398272K)
[317.332s][info][gc,metaspace   ] GC(1238) Metaspace: 14390K(15296K)->14390K(15296K) NonClass: 12431K(12992K)->12431K(12992K) Class: 1959K(2304K)->1959K(2304K)
[317.332s][info][gc             ] GC(1238) Pause Young (Allocation Failure) 476M->11M(1821M) 3.061ms
[317.332s][info][gc,cpu         ] GC(1238) User=0.00s Sys=0.00s Real=0.00s
[317.632s][info][gc,start       ] GC(1239) Pause Young (Allocation Failure)
[317.635s][info][gc,heap        ] GC(1239) PSYoungGen: 466432K(466432K)->1056K(456192K) Eden: 465408K(465408K)->0K(454656K) From: 1024K(1024K)->1056K(1536K)
[317.635s][info][gc,heap        ] GC(1239) ParOldGen: 10831K(1398272K)->10927K(1398272K)
[317.635s][info][gc,metaspace   ] GC(1239) Metaspace: 14390K(15296K)->14390K(15296K) NonClass: 12431K(12992K)->12431K(12992K) Class: 1959K(2304K)->1959K(2304K)
[317.635s][info][gc             ] GC(1239) Pause Young (Allocation Failure) 466M->11M(1811M) 3.091ms
[317.635s][info][gc,cpu         ] GC(1239) User=0.00s Sys=0.00s Real=0.00s
[317.921s][info][gc,start       ] GC(1240) Pause Young (Allocation Failure)
[317.924s][info][gc,heap        ] GC(1240) PSYoungGen: 455712K(456192K)->1024K(445440K) Eden: 454656K(454656K)->0K(444416K) From: 1056K(1536K)->1024K(1024K)
[317.924s][info][gc,heap        ] GC(1240) ParOldGen: 10927K(1398272K)->11055K(1398272K)
[317.924s][info][gc,metaspace   ] GC(1240) Metaspace: 14390K(15296K)->14390K(15296K) NonClass: 12431K(12992K)->12431K(12992K) Class: 1959K(2304K)->1959K(2304K)
[317.924s][info][gc             ] GC(1240) Pause Young (Allocation Failure) 455M->11M(1800M) 3.171ms
[317.924s][info][gc,cpu         ] GC(1240) User=0.00s Sys=0.00s Real=0.00s
[318.290s][info][gc,start       ] GC(1241) Pause Young (Allocation Failure)
[318.294s][info][gc,heap        ] GC(1241) PSYoungGen: 445440K(445440K)->1024K(435712K) Eden: 444416K(444416K)->0K(434688K) From: 1024K(1024K)->1024K(1024K)
[318.294s][info][gc,heap        ] GC(1241) ParOldGen: 11055K(1398272K)->11151K(1398272K)
[318.294s][info][gc,metaspace   ] GC(1241) Metaspace: 14390K(15296K)->14390K(15296K) NonClass: 12431K(12992K)->12431K(12992K) Class: 1959K(2304K)->1959K(2304K)
[318.294s][info][gc             ] GC(1241) Pause Young (Allocation Failure) 445M->11M(1791M) 4.093ms
[318.294s][info][gc,cpu         ] GC(1241) User=0.00s Sys=0.00s Real=0.00s
[318.557s][info][gc,start       ] GC(1242) Pause Young (Allocation Failure)
[318.560s][info][gc,heap        ] GC(1242) PSYoungGen: 435712K(435712K)->800K(425984K) Eden: 434688K(434688K)->0K(424960K) From: 1024K(1024K)->800K(1024K)
[318.560s][info][gc,heap        ] GC(1242) ParOldGen: 11151K(1398272K)->11215K(1398272K)
[318.560s][info][gc,metaspace   ] GC(1242) Metaspace: 14390K(15296K)->14390K(15296K) NonClass: 12431K(12992K)->12431K(12992K) Class: 1959K(2304K)->1959K(2304K)
[318.560s][info][gc             ] GC(1242) Pause Young (Allocation Failure) 436M->11M(1781M) 2.918ms
[318.560s][info][gc,cpu         ] GC(1242) User=0.00s Sys=0.00s Real=0.00s
[318.753s][info][gc,start       ] GC(1243) Pause Young (System.gc())
[318.756s][info][gc,heap        ] GC(1243) PSYoungGen: 277340K(425984K)->384K(425472K) Eden: 276540K(424960K)->0K(424960K) From: 800K(1024K)->384K(512K)
[318.756s][info][gc,heap        ] GC(1243) ParOldGen: 11215K(1398272K)->11287K(1398272K)
[318.756s][info][gc,metaspace   ] GC(1243) Metaspace: 14390K(15296K)->14390K(15296K) NonClass: 12431K(12992K)->12431K(12992K) Class: 1959K(2304K)->1959K(2304K)
[318.756s][info][gc             ] GC(1243) Pause Young (System.gc()) 281M->11M(1781M) 3.068ms
[318.756s][info][gc,cpu         ] GC(1243) User=0.00s Sys=0.00s Real=0.00s
[318.756s][info][gc,start       ] GC(1244) Pause Full (System.gc())
[318.756s][info][gc,phases,start] GC(1244) Marking Phase
[318.771s][info][gc,phases      ] GC(1244) Marking Phase 14.792ms
[318.771s][info][gc,phases,start] GC(1244) Summary Phase
[318.771s][info][gc,phases      ] GC(1244) Summary Phase 0.024ms
[318.771s][info][gc,phases,start] GC(1244) Adjust Roots
[318.776s][info][gc,phases      ] GC(1244) Adjust Roots 5.521ms
[318.777s][info][gc,phases,start] GC(1244) Compaction Phase
[318.779s][info][gc,phases      ] GC(1244) Compaction Phase 2.408ms
[318.779s][info][gc,phases,start] GC(1244) Post Compact
[318.780s][info][gc,phases      ] GC(1244) Post Compact 0.593ms
[318.780s][info][gc,heap        ] GC(1244) PSYoungGen: 384K(425472K)->0K(425472K) Eden: 0K(424960K)->0K(424960K) From: 384K(512K)->0K(512K)
[318.780s][info][gc,heap        ] GC(1244) ParOldGen: 11287K(1398272K)->5375K(1398272K)
[318.780s][info][gc,metaspace   ] GC(1244) Metaspace: 14390K(15296K)->14390K(15296K) NonClass: 12431K(12992K)->12431K(12992K) Class: 1959K(2304K)->1959K(2304K)
[318.780s][info][gc             ] GC(1244) Pause Full (System.gc()) 11M->5M(1781M) 23.683ms
[318.780s][info][gc,cpu         ] GC(1244) User=0.02s Sys=0.00s Real=0.02s
[319.123s][info][gc,start       ] GC(1245) Pause Young (Allocation Failure)
[319.127s][info][gc,heap        ] GC(1245) PSYoungGen: 424960K(425472K)->1536K(417280K) Eden: 424960K(424960K)->0K(415744K) From: 0K(512K)->1536K(1536K)
[319.127s][info][gc,heap        ] GC(1245) ParOldGen: 5375K(1398272K)->5747K(1398272K)
[319.127s][info][gc,metaspace   ] GC(1245) Metaspace: 14391K(15296K)->14391K(15296K) NonClass: 12431K(12992K)->12431K(12992K) Class: 1959K(2304K)->1959K(2304K)
[319.127s][info][gc             ] GC(1245) Pause Young (Allocation Failure) 420M->7M(1773M) 3.154ms
[319.127s][info][gc,cpu         ] GC(1245) User=0.00s Sys=0.00s Real=0.00s
[319.415s][info][gc,start       ] GC(1246) Pause Young (Allocation Failure)
[319.418s][info][gc,heap        ] GC(1246) PSYoungGen: 417280K(417280K)->1056K(408576K) Eden: 415744K(415744K)->0K(407040K) From: 1536K(1536K)->1056K(1536K)
[319.418s][info][gc,heap        ] GC(1246) ParOldGen: 5747K(1398272K)->7110K(1398272K)
[319.418s][info][gc,metaspace   ] GC(1246) Metaspace: 14391K(15296K)->14391K(15296K) NonClass: 12431K(12992K)->12431K(12992K) Class: 1959K(2304K)->1959K(2304K)
[319.418s][info][gc             ] GC(1246) Pause Young (Allocation Failure) 413M->7M(1764M) 3.105ms
[319.418s][info][gc,cpu         ] GC(1246) User=0.00s Sys=0.00s Real=0.00s
[319.693s][info][gc,start       ] GC(1247) Pause Young (Allocation Failure)
[319.696s][info][gc,heap        ] GC(1247) PSYoungGen: 408096K(408576K)->1024K(399360K) Eden: 407040K(407040K)->0K(398336K) From: 1056K(1536K)->1024K(1024K)
[319.696s][info][gc,heap        ] GC(1247) ParOldGen: 7110K(1398272K)->7190K(1398272K)
[319.696s][info][gc,metaspace   ] GC(1247) Metaspace: 14391K(15296K)->14391K(15296K) NonClass: 12431K(12992K)->12431K(12992K) Class: 1959K(2304K)->1959K(2304K)
[319.696s][info][gc             ] GC(1247) Pause Young (Allocation Failure) 405M->8M(1755M) 2.842ms
[319.696s][info][gc,cpu         ] GC(1247) User=0.00s Sys=0.00s Real=0.00s
[319.961s][info][gc,start       ] GC(1248) Pause Young (Allocation Failure)
[319.963s][info][gc,heap        ] GC(1248) PSYoungGen: 399360K(399360K)->1024K(391168K) Eden: 398336K(398336K)->0K(390144K) From: 1024K(1024K)->1024K(1024K)
[319.964s][info][gc,heap        ] GC(1248) ParOldGen: 7190K(1398272K)->7318K(1398272K)
[319.964s][info][gc,metaspace   ] GC(1248) Metaspace: 14391K(15296K)->14391K(15296K) NonClass: 12431K(12992K)->12431K(12992K) Class: 1959K(2304K)->1959K(2304K)
[319.964s][info][gc             ] GC(1248) Pause Young (Allocation Failure) 397M->8M(1747M) 2.890ms
[319.964s][info][gc,cpu         ] GC(1248) User=0.00s Sys=0.00s Real=0.00s
[320.224s][info][gc,start       ] GC(1249) Pause Young (Allocation Failure)
[320.227s][info][gc,heap        ] GC(1249) PSYoungGen: 391168K(391168K)->1024K(382976K) Eden: 390144K(390144K)->0K(381952K) From: 1024K(1024K)->1024K(1024K)
[320.227s][info][gc,heap        ] GC(1249) ParOldGen: 7318K(1398272K)->7430K(1398272K)
[320.227s][info][gc,metaspace   ] GC(1249) Metaspace: 14391K(15296K)->14391K(15296K) NonClass: 12431K(12992K)->12431K(12992K) Class: 1959K(2304K)->1959K(2304K)
[320.227s][info][gc             ] GC(1249) Pause Young (Allocation Failure) 389M->8M(1739M) 2.882ms
[320.227s][info][gc,cpu         ] GC(1249) User=0.00s Sys=0.00s Real=0.00s
[320.481s][info][gc,start       ] GC(1250) Pause Young (Allocation Failure)
[320.484s][info][gc,heap        ] GC(1250) PSYoungGen: 382976K(382976K)->1024K(375296K) Eden: 381952K(381952K)->0K(374272K) From: 1024K(1024K)->1024K(1024K)
[320.484s][info][gc,heap        ] GC(1250) ParOldGen: 7430K(1398272K)->7550K(1398272K)
[320.484s][info][gc,metaspace   ] GC(1250) Metaspace: 14391K(15296K)->14391K(15296K) NonClass: 12431K(12992K)->12431K(12992K) Class: 1959K(2304K)->1959K(2304K)
[320.484s][info][gc             ] GC(1250) Pause Young (Allocation Failure) 381M->8M(1732M) 2.927ms
[320.484s][info][gc,cpu         ] GC(1250) User=0.00s Sys=0.00s Real=0.00s
[320.737s][info][gc,start       ] GC(1251) Pause Young (Allocation Failure)
[320.740s][info][gc,heap        ] GC(1251) PSYoungGen: 375296K(375296K)->1024K(450560K) Eden: 374272K(374272K)->0K(449536K) From: 1024K(1024K)->1024K(1024K)
[320.740s][info][gc,heap        ] GC(1251) ParOldGen: 7550K(1398272K)->7654K(1398272K)
[320.740s][info][gc,metaspace   ] GC(1251) Metaspace: 14391K(15296K)->14391K(15296K) NonClass: 12431K(12992K)->12431K(12992K) Class: 1959K(2304K)->1959K(2304K)
[320.740s][info][gc             ] GC(1251) Pause Young (Allocation Failure) 373M->8M(1805M) 2.966ms
[320.740s][info][gc,cpu         ] GC(1251) User=0.52s Sys=0.00s Real=0.00s
[321.044s][info][gc,start       ] GC(1252) Pause Young (Allocation Failure)
[321.047s][info][gc,heap        ] GC(1252) PSYoungGen: 450560K(450560K)->1024K(540672K) Eden: 449536K(449536K)->0K(539648K) From: 1024K(1024K)->1024K(1024K)
[321.047s][info][gc,heap        ] GC(1252) ParOldGen: 7654K(1398272K)->7734K(1398272K)
[321.047s][info][gc,metaspace   ] GC(1252) Metaspace: 14391K(15296K)->14391K(15296K) NonClass: 12431K(12992K)->12431K(12992K) Class: 1959K(2304K)->1959K(2304K)
[321.047s][info][gc             ] GC(1252) Pause Young (Allocation Failure) 447M->8M(1893M) 3.136ms
[321.047s][info][gc,cpu         ] GC(1252) User=0.00s Sys=0.00s Real=0.00s
[321.410s][info][gc,start       ] GC(1253) Pause Young (Allocation Failure)
[321.413s][info][gc,heap        ] GC(1253) PSYoungGen: 540672K(540672K)->1024K(527360K) Eden: 539648K(539648K)->0K(526336K) From: 1024K(1024K)->1024K(1024K)
[321.413s][info][gc,heap        ] GC(1253) ParOldGen: 7734K(1398272K)->7902K(1398272K)
[321.413s][info][gc,metaspace   ] GC(1253) Metaspace: 14391K(15296K)->14391K(15296K) NonClass: 12431K(12992K)->12431K(12992K) Class: 1959K(2304K)->1959K(2304K)
[321.413s][info][gc             ] GC(1253) Pause Young (Allocation Failure) 535M->8M(1880M) 3.383ms
[321.413s][info][gc,cpu         ] GC(1253) User=0.52s Sys=0.00s Real=0.00s
[321.766s][info][gc,start       ] GC(1254) Pause Young (Allocation Failure)
[321.769s][info][gc,heap        ] GC(1254) PSYoungGen: 527360K(527360K)->1056K(515072K) Eden: 526336K(526336K)->0K(513536K) From: 1024K(1024K)->1056K(1536K)
[321.769s][info][gc,heap        ] GC(1254) ParOldGen: 7902K(1398272K)->8022K(1398272K)
[321.769s][info][gc,metaspace   ] GC(1254) Metaspace: 14391K(15296K)->14391K(15296K) NonClass: 12431K(12992K)->12431K(12992K) Class: 1959K(2304K)->1959K(2304K)
[321.769s][info][gc             ] GC(1254) Pause Young (Allocation Failure) 522M->8M(1868M) 3.333ms
[321.769s][info][gc,cpu         ] GC(1254) User=0.00s Sys=0.00s Real=0.00s
[322.117s][info][gc,start       ] GC(1255) Pause Young (Allocation Failure)
[322.121s][info][gc,heap        ] GC(1255) PSYoungGen: 514592K(515072K)->1024K(502272K) Eden: 513536K(513536K)->0K(501248K) From: 1056K(1536K)->1024K(1024K)
[322.121s][info][gc,heap        ] GC(1255) ParOldGen: 8022K(1398272K)->8158K(1398272K)
[322.121s][info][gc,metaspace   ] GC(1255) Metaspace: 14391K(15296K)->14391K(15296K) NonClass: 12431K(12992K)->12431K(12992K) Class: 1959K(2304K)->1959K(2304K)
[322.121s][info][gc             ] GC(1255) Pause Young (Allocation Failure) 510M->8M(1856M) 3.267ms
[322.121s][info][gc,cpu         ] GC(1255) User=0.00s Sys=0.00s Real=0.00s
[322.473s][info][gc,start       ] GC(1256) Pause Young (Allocation Failure)
[322.504s][info][gc,heap        ] GC(1256) PSYoungGen: 502272K(502272K)->1024K(490496K) Eden: 501248K(501248K)->0K(489472K) From: 1024K(1024K)->1024K(1024K)
[322.504s][info][gc,heap        ] GC(1256) ParOldGen: 8158K(1398272K)->8270K(1398272K)
[322.504s][info][gc,metaspace   ] GC(1256) Metaspace: 14391K(15296K)->14391K(15296K) NonClass: 12431K(12992K)->12431K(12992K) Class: 1959K(2304K)->1959K(2304K)
[322.504s][info][gc             ] GC(1256) Pause Young (Allocation Failure) 498M->9M(1844M) 31.132ms
[322.504s][info][gc,cpu         ] GC(1256) User=0.00s Sys=0.00s Real=0.03s
[322.864s][info][gc,start       ] GC(1257) Pause Young (Allocation Failure)
[322.867s][info][gc,heap        ] GC(1257) PSYoungGen: 490496K(490496K)->1088K(479232K) Eden: 489472K(489472K)->0K(477696K) From: 1024K(1024K)->1088K(1536K)
[322.867s][info][gc,heap        ] GC(1257) ParOldGen: 8270K(1398272K)->8382K(1398272K)
[322.867s][info][gc,metaspace   ] GC(1257) Metaspace: 14391K(15296K)->14391K(15296K) NonClass: 12431K(12992K)->12431K(12992K) Class: 1959K(2304K)->1959K(2304K)
[322.867s][info][gc             ] GC(1257) Pause Young (Allocation Failure) 487M->9M(1833M) 2.779ms
[322.867s][info][gc,cpu         ] GC(1257) User=0.00s Sys=0.00s Real=0.00s
[323.187s][info][gc,start       ] GC(1258) Pause Young (Allocation Failure)
[323.190s][info][gc,heap        ] GC(1258) PSYoungGen: 478784K(479232K)->1024K(467456K) Eden: 477696K(477696K)->0K(466432K) From: 1088K(1536K)->1024K(1024K)
[323.190s][info][gc,heap        ] GC(1258) ParOldGen: 8382K(1398272K)->8534K(1398272K)
[323.190s][info][gc,metaspace   ] GC(1258) Metaspace: 14391K(15296K)->14391K(15296K) NonClass: 12431K(12992K)->12431K(12992K) Class: 1959K(2304K)->1959K(2304K)
[323.190s][info][gc             ] GC(1258) Pause Young (Allocation Failure) 475M->9M(1822M) 2.968ms
[323.190s][info][gc,cpu         ] GC(1258) User=0.00s Sys=0.00s Real=0.00s
[323.503s][info][gc,start       ] GC(1259) Pause Young (Allocation Failure)
[323.506s][info][gc,heap        ] GC(1259) PSYoungGen: 467456K(467456K)->1024K(456704K) Eden: 466432K(466432K)->0K(455680K) From: 1024K(1024K)->1024K(1024K)
[323.506s][info][gc,heap        ] GC(1259) ParOldGen: 8534K(1398272K)->8662K(1398272K)
[323.506s][info][gc,metaspace   ] GC(1259) Metaspace: 14391K(15296K)->14391K(15296K) NonClass: 12431K(12992K)->12431K(12992K) Class: 1959K(2304K)->1959K(2304K)
[323.506s][info][gc             ] GC(1259) Pause Young (Allocation Failure) 464M->9M(1811M) 3.016ms
[323.506s][info][gc,cpu         ] GC(1259) User=0.52s Sys=0.00s Real=0.00s
[323.813s][info][gc,start       ] GC(1260) Pause Young (Allocation Failure)
[323.816s][info][gc,heap        ] GC(1260) PSYoungGen: 456704K(456704K)->1024K(446464K) Eden: 455680K(455680K)->0K(445440K) From: 1024K(1024K)->1024K(1024K)
[323.816s][info][gc,heap        ] GC(1260) ParOldGen: 8662K(1398272K)->8806K(1398272K)
[323.816s][info][gc,metaspace   ] GC(1260) Metaspace: 14391K(15296K)->14391K(15296K) NonClass: 12431K(12992K)->12431K(12992K) Class: 1959K(2304K)->1959K(2304K)
[323.816s][info][gc             ] GC(1260) Pause Young (Allocation Failure) 454M->9M(1801M) 3.059ms
[323.816s][info][gc,cpu         ] GC(1260) User=0.00s Sys=0.00s Real=0.00s
[324.113s][info][gc,start       ] GC(1261) Pause Young (Allocation Failure)
[324.116s][info][gc,heap        ] GC(1261) PSYoungGen: 446464K(446464K)->992K(436736K) Eden: 445440K(445440K)->0K(435712K) From: 1024K(1024K)->992K(1024K)
[324.116s][info][gc,heap        ] GC(1261) ParOldGen: 8806K(1398272K)->8926K(1398272K)
[324.116s][info][gc,metaspace   ] GC(1261) Metaspace: 14391K(15296K)->14391K(15296K) NonClass: 12431K(12992K)->12431K(12992K) Class: 1959K(2304K)->1959K(2304K)
[324.116s][info][gc             ] GC(1261) Pause Young (Allocation Failure) 444M->9M(1792M) 3.027ms
[324.116s][info][gc,cpu         ] GC(1261) User=0.52s Sys=0.00s Real=0.00s
[324.408s][info][gc,start       ] GC(1262) Pause Young (Allocation Failure)
[324.411s][info][gc,heap        ] GC(1262) PSYoungGen: 436704K(436736K)->1056K(427520K) Eden: 435712K(435712K)->0K(425984K) From: 992K(1024K)->1056K(1536K)
[324.411s][info][gc,heap        ] GC(1262) ParOldGen: 8926K(1398272K)->9046K(1398272K)
[324.411s][info][gc,metaspace   ] GC(1262) Metaspace: 14391K(15296K)->14391K(15296K) NonClass: 12431K(12992K)->12431K(12992K) Class: 1959K(2304K)->1959K(2304K)
[324.411s][info][gc             ] GC(1262) Pause Young (Allocation Failure) 435M->9M(1783M) 3.109ms
[324.411s][info][gc,cpu         ] GC(1262) User=0.52s Sys=0.00s Real=0.00s
[324.694s][info][gc,start       ] GC(1263) Pause Young (Allocation Failure)
[324.697s][info][gc,heap        ] GC(1263) PSYoungGen: 427040K(427520K)->1024K(417792K) Eden: 425984K(425984K)->0K(416768K) From: 1056K(1536K)->1024K(1024K)
[324.697s][info][gc,heap        ] GC(1263) ParOldGen: 9046K(1398272K)->9150K(1398272K)
[324.697s][info][gc,metaspace   ] GC(1263) Metaspace: 14391K(15296K)->14391K(15296K) NonClass: 12431K(12992K)->12431K(12992K) Class: 1959K(2304K)->1959K(2304K)
[324.697s][info][gc             ] GC(1263) Pause Young (Allocation Failure) 425M->9M(1773M) 3.108ms
[324.697s][info][gc,cpu         ] GC(1263) User=0.00s Sys=0.00s Real=0.00s
[324.977s][info][gc,start       ] GC(1264) Pause Young (Allocation Failure)
[324.980s][info][gc,heap        ] GC(1264) PSYoungGen: 417792K(417792K)->1024K(408576K) Eden: 416768K(416768K)->0K(407552K) From: 1024K(1024K)->1024K(1024K)
[324.980s][info][gc,heap        ] GC(1264) ParOldGen: 9150K(1398272K)->9310K(1398272K)
[324.980s][info][gc,metaspace   ] GC(1264) Metaspace: 14391K(15296K)->14391K(15296K) NonClass: 12431K(12992K)->12431K(12992K) Class: 1959K(2304K)->1959K(2304K)
[324.980s][info][gc             ] GC(1264) Pause Young (Allocation Failure) 416M->10M(1764M) 3.187ms
[324.980s][info][gc,cpu         ] GC(1264) User=0.00s Sys=0.00s Real=0.00s
[325.254s][info][gc,start       ] GC(1265) Pause Young (Allocation Failure)
[325.257s][info][gc,heap        ] GC(1265) PSYoungGen: 408576K(408576K)->1056K(491008K) Eden: 407552K(407552K)->0K(489472K) From: 1024K(1024K)->1056K(1536K)
[325.257s][info][gc,heap        ] GC(1265) ParOldGen: 9310K(1398272K)->9470K(1398272K)
[325.257s][info][gc,metaspace   ] GC(1265) Metaspace: 14391K(15296K)->14391K(15296K) NonClass: 12431K(12992K)->12431K(12992K) Class: 1959K(2304K)->1959K(2304K)
[325.257s][info][gc             ] GC(1265) Pause Young (Allocation Failure) 408M->10M(1845M) 3.224ms
[325.257s][info][gc,cpu         ] GC(1265) User=0.52s Sys=0.00s Real=0.00s
[325.584s][info][gc,start       ] GC(1266) Pause Young (Allocation Failure)
[325.587s][info][gc,heap        ] GC(1266) PSYoungGen: 490528K(491008K)->1056K(479232K) Eden: 489472K(489472K)->0K(477696K) From: 1056K(1536K)->1056K(1536K)
[325.587s][info][gc,heap        ] GC(1266) ParOldGen: 9470K(1398272K)->9582K(1398272K)
[325.587s][info][gc,metaspace   ] GC(1266) Metaspace: 14391K(15296K)->14391K(15296K) NonClass: 12431K(12992K)->12431K(12992K) Class: 1959K(2304K)->1959K(2304K)
[325.587s][info][gc             ] GC(1266) Pause Young (Allocation Failure) 488M->10M(1833M) 3.355ms
[325.587s][info][gc,cpu         ] GC(1266) User=0.00s Sys=0.00s Real=0.00s
[325.945s][info][gc,start       ] GC(1267) Pause Young (Allocation Failure)
[325.949s][info][gc,heap        ] GC(1267) PSYoungGen: 478752K(479232K)->512K(573952K) Eden: 477696K(477696K)->0K(573440K) From: 1056K(1536K)->512K(512K)
[325.949s][info][gc,heap        ] GC(1267) ParOldGen: 9582K(1398272K)->9806K(1398272K)
[325.949s][info][gc,metaspace   ] GC(1267) Metaspace: 14391K(15296K)->14391K(15296K) NonClass: 12431K(12992K)->12431K(12992K) Class: 1959K(2304K)->1959K(2304K)
[325.949s][info][gc             ] GC(1267) Pause Young (Allocation Failure) 476M->10M(1926M) 3.959ms
[325.949s][info][gc,cpu         ] GC(1267) User=0.00s Sys=0.00s Real=0.00s
[326.358s][info][gc,start       ] GC(1268) Pause Young (Allocation Failure)
[326.361s][info][gc,heap        ] GC(1268) PSYoungGen: 573952K(573952K)->1056K(560128K) Eden: 573440K(573440K)->0K(558592K) From: 512K(512K)->1056K(1536K)
[326.361s][info][gc,heap        ] GC(1268) ParOldGen: 9806K(1398272K)->9846K(1398272K)
[326.361s][info][gc,metaspace   ] GC(1268) Metaspace: 14391K(15296K)->14391K(15296K) NonClass: 12431K(12992K)->12431K(12992K) Class: 1959K(2304K)->1959K(2304K)
[326.361s][info][gc             ] GC(1268) Pause Young (Allocation Failure) 570M->10M(1912M) 3.046ms
[326.361s][info][gc,cpu         ] GC(1268) User=0.00s Sys=0.00s Real=0.00s
[326.738s][info][gc,start       ] GC(1269) Pause Young (Allocation Failure)
[326.741s][info][gc,heap        ] GC(1269) PSYoungGen: 559648K(560128K)->1024K(545280K) Eden: 558592K(558592K)->0K(544256K) From: 1056K(1536K)->1024K(1024K)
[326.741s][info][gc,heap        ] GC(1269) ParOldGen: 9846K(1398272K)->10014K(1398272K)
[326.741s][info][gc,metaspace   ] GC(1269) Metaspace: 14391K(15296K)->14391K(15296K) NonClass: 12431K(12992K)->12431K(12992K) Class: 1959K(2304K)->1959K(2304K)
[326.741s][info][gc             ] GC(1269) Pause Young (Allocation Failure) 556M->10M(1898M) 3.173ms
[326.741s][info][gc,cpu         ] GC(1269) User=0.52s Sys=0.00s Real=0.00s
[327.129s][info][gc,start       ] GC(1270) Pause Young (Allocation Failure)
[327.132s][info][gc,heap        ] GC(1270) PSYoungGen: 545280K(545280K)->1024K(531456K) Eden: 544256K(544256K)->0K(530432K) From: 1024K(1024K)->1024K(1024K)
[327.132s][info][gc,heap        ] GC(1270) ParOldGen: 10014K(1398272K)->10158K(1398272K)
[327.132s][info][gc,metaspace   ] GC(1270) Metaspace: 14391K(15296K)->14391K(15296K) NonClass: 12431K(12992K)->12431K(12992K) Class: 1959K(2304K)->1959K(2304K)
[327.132s][info][gc             ] GC(1270) Pause Young (Allocation Failure) 542M->10M(1884M) 2.970ms
[327.132s][info][gc,cpu         ] GC(1270) User=0.52s Sys=0.00s Real=0.00s
[327.489s][info][gc,start       ] GC(1271) Pause Young (Allocation Failure)
[327.492s][info][gc,heap        ] GC(1271) PSYoungGen: 531456K(531456K)->1024K(518144K) Eden: 530432K(530432K)->0K(517120K) From: 1024K(1024K)->1024K(1024K)
[327.492s][info][gc,heap        ] GC(1271) ParOldGen: 10158K(1398272K)->10294K(1398272K)
[327.492s][info][gc,metaspace   ] GC(1271) Metaspace: 14391K(15296K)->14391K(15296K) NonClass: 12431K(12992K)->12431K(12992K) Class: 1959K(2304K)->1959K(2304K)
[327.492s][info][gc             ] GC(1271) Pause Young (Allocation Failure) 528M->11M(1871M) 3.129ms
[327.492s][info][gc,cpu         ] GC(1271) User=0.52s Sys=0.00s Real=0.00s
[327.838s][info][gc,start       ] GC(1272) Pause Young (Allocation Failure)
[327.841s][info][gc,heap        ] GC(1272) PSYoungGen: 518144K(518144K)->1024K(505344K) Eden: 517120K(517120K)->0K(504320K) From: 1024K(1024K)->1024K(1024K)
[327.841s][info][gc,heap        ] GC(1272) ParOldGen: 10294K(1398272K)->10430K(1398272K)
[327.841s][info][gc,metaspace   ] GC(1272) Metaspace: 14391K(15296K)->14391K(15296K) NonClass: 12431K(12992K)->12431K(12992K) Class: 1959K(2304K)->1959K(2304K)
[327.841s][info][gc             ] GC(1272) Pause Young (Allocation Failure) 516M->11M(1859M) 3.196ms
[327.841s][info][gc,cpu         ] GC(1272) User=0.00s Sys=0.00s Real=0.00s
[328.177s][info][gc,start       ] GC(1273) Pause Young (Allocation Failure)
[328.180s][info][gc,heap        ] GC(1273) PSYoungGen: 505344K(505344K)->992K(493056K) Eden: 504320K(504320K)->0K(492032K) From: 1024K(1024K)->992K(1024K)
[328.180s][info][gc,heap        ] GC(1273) ParOldGen: 10430K(1398272K)->10558K(1398272K)
[328.180s][info][gc,metaspace   ] GC(1273) Metaspace: 14391K(15296K)->14391K(15296K) NonClass: 12431K(12992K)->12431K(12992K) Class: 1959K(2304K)->1959K(2304K)
[328.180s][info][gc             ] GC(1273) Pause Young (Allocation Failure) 503M->11M(1847M) 3.293ms
[328.180s][info][gc,cpu         ] GC(1273) User=0.00s Sys=0.00s Real=0.00s
[328.510s][info][gc,start       ] GC(1274) Pause Young (Allocation Failure)
[328.513s][info][gc,heap        ] GC(1274) PSYoungGen: 493024K(493056K)->1056K(481792K) Eden: 492032K(492032K)->0K(480256K) From: 992K(1024K)->1056K(1536K)
[328.513s][info][gc,heap        ] GC(1274) ParOldGen: 10558K(1398272K)->10694K(1398272K)
[328.513s][info][gc,metaspace   ] GC(1274) Metaspace: 14391K(15296K)->14391K(15296K) NonClass: 12431K(12992K)->12431K(12992K) Class: 1959K(2304K)->1959K(2304K)
[328.513s][info][gc             ] GC(1274) Pause Young (Allocation Failure) 491M->11M(1836M) 3.311ms
[328.513s][info][gc,cpu         ] GC(1274) User=0.00s Sys=0.00s Real=0.00s
[328.840s][info][gc,start       ] GC(1275) Pause Young (Allocation Failure)
[328.843s][info][gc,heap        ] GC(1275) PSYoungGen: 481312K(481792K)->1024K(470016K) Eden: 480256K(480256K)->0K(468992K) From: 1056K(1536K)->1024K(1024K)
[328.843s][info][gc,heap        ] GC(1275) ParOldGen: 10694K(1398272K)->10846K(1398272K)
[328.843s][info][gc,metaspace   ] GC(1275) Metaspace: 14391K(15296K)->14391K(15296K) NonClass: 12431K(12992K)->12431K(12992K) Class: 1959K(2304K)->1959K(2304K)
[328.843s][info][gc             ] GC(1275) Pause Young (Allocation Failure) 480M->11M(1824M) 3.265ms
[328.843s][info][gc,cpu         ] GC(1275) User=0.00s Sys=0.00s Real=0.00s
[329.182s][info][gc,start       ] GC(1276) Pause Young (Allocation Failure)
[329.185s][info][gc,heap        ] GC(1276) PSYoungGen: 470016K(470016K)->1024K(459264K) Eden: 468992K(468992K)->0K(458240K) From: 1024K(1024K)->1024K(1024K)
[329.185s][info][gc,heap        ] GC(1276) ParOldGen: 10846K(1398272K)->10970K(1398272K)
[329.185s][info][gc,metaspace   ] GC(1276) Metaspace: 14391K(15296K)->14391K(15296K) NonClass: 12431K(12992K)->12431K(12992K) Class: 1959K(2304K)->1959K(2304K)
[329.185s][info][gc             ] GC(1276) Pause Young (Allocation Failure) 469M->11M(1814M) 3.002ms
[329.185s][info][gc,cpu         ] GC(1276) User=0.00s Sys=0.00s Real=0.00s
[329.491s][info][gc,start       ] GC(1277) Pause Young (Allocation Failure)
[329.494s][info][gc,heap        ] GC(1277) PSYoungGen: 459264K(459264K)->1024K(449024K) Eden: 458240K(458240K)->0K(448000K) From: 1024K(1024K)->1024K(1024K)
[329.494s][info][gc,heap        ] GC(1277) ParOldGen: 10970K(1398272K)->11098K(1398272K)
[329.494s][info][gc,metaspace   ] GC(1277) Metaspace: 14391K(15296K)->14391K(15296K) NonClass: 12431K(12992K)->12431K(12992K) Class: 1959K(2304K)->1959K(2304K)
[329.494s][info][gc             ] GC(1277) Pause Young (Allocation Failure) 459M->11M(1804M) 2.967ms
[329.494s][info][gc,cpu         ] GC(1277) User=0.00s Sys=0.00s Real=0.00s
[329.813s][info][gc,start       ] GC(1278) Pause Young (Allocation Failure)
[329.815s][info][gc,heap        ] GC(1278) PSYoungGen: 449024K(449024K)->1024K(438784K) Eden: 448000K(448000K)->0K(437760K) From: 1024K(1024K)->1024K(1024K)
[329.815s][info][gc,heap        ] GC(1278) ParOldGen: 11098K(1398272K)->11218K(1398272K)
[329.815s][info][gc,metaspace   ] GC(1278) Metaspace: 14391K(15296K)->14391K(15296K) NonClass: 12431K(12992K)->12431K(12992K) Class: 1959K(2304K)->1959K(2304K)
[329.815s][info][gc             ] GC(1278) Pause Young (Allocation Failure) 449M->11M(1794M) 2.814ms
[329.816s][info][gc,cpu         ] GC(1278) User=0.00s Sys=0.00s Real=0.00s
[330.106s][info][gc,start       ] GC(1279) Pause Young (Allocation Failure)
[330.109s][info][gc,heap        ] GC(1279) PSYoungGen: 438784K(438784K)->1024K(429056K) Eden: 437760K(437760K)->0K(428032K) From: 1024K(1024K)->1024K(1024K)
[330.109s][info][gc,heap        ] GC(1279) ParOldGen: 11218K(1398272K)->11370K(1398272K)
[330.109s][info][gc,metaspace   ] GC(1279) Metaspace: 14391K(15296K)->14391K(15296K) NonClass: 12431K(12992K)->12431K(12992K) Class: 1959K(2304K)->1959K(2304K)
[330.109s][info][gc             ] GC(1279) Pause Young (Allocation Failure) 439M->12M(1784M) 2.940ms
[330.109s][info][gc,cpu         ] GC(1279) User=0.00s Sys=0.00s Real=0.00s
[330.391s][info][gc,start       ] GC(1280) Pause Young (Allocation Failure)
[330.394s][info][gc,heap        ] GC(1280) PSYoungGen: 429056K(429056K)->1024K(419840K) Eden: 428032K(428032K)->0K(418816K) From: 1024K(1024K)->1024K(1024K)
[330.394s][info][gc,heap        ] GC(1280) ParOldGen: 11370K(1398272K)->11458K(1398272K)
[330.394s][info][gc,metaspace   ] GC(1280) Metaspace: 14391K(15296K)->14391K(15296K) NonClass: 12431K(12992K)->12431K(12992K) Class: 1959K(2304K)->1959K(2304K)
[330.394s][info][gc             ] GC(1280) Pause Young (Allocation Failure) 430M->12M(1775M) 3.156ms
[330.394s][info][gc,cpu         ] GC(1280) User=0.00s Sys=0.00s Real=0.00s
[330.665s][info][gc,start       ] GC(1281) Pause Young (Allocation Failure)
[330.668s][info][gc,heap        ] GC(1281) PSYoungGen: 419840K(419840K)->992K(410624K) Eden: 418816K(418816K)->0K(409600K) From: 1024K(1024K)->992K(1024K)
[330.668s][info][gc,heap        ] GC(1281) ParOldGen: 11458K(1398272K)->11594K(1398272K)
[330.668s][info][gc,metaspace   ] GC(1281) Metaspace: 14391K(15296K)->14391K(15296K) NonClass: 12431K(12992K)->12431K(12992K) Class: 1959K(2304K)->1959K(2304K)
[330.668s][info][gc             ] GC(1281) Pause Young (Allocation Failure) 421M->12M(1766M) 3.027ms
[330.668s][info][gc,cpu         ] GC(1281) User=0.00s Sys=0.00s Real=0.00s
[330.913s][info][gc,start       ] GC(1282) Pause Young (Allocation Failure)
[330.916s][info][gc,heap        ] GC(1282) PSYoungGen: 410592K(410624K)->992K(492544K) Eden: 409600K(409600K)->0K(491520K) From: 992K(1024K)->992K(1024K)
[330.916s][info][gc,heap        ] GC(1282) ParOldGen: 11594K(1398272K)->11690K(1398272K)
[330.916s][info][gc,metaspace   ] GC(1282) Metaspace: 14391K(15296K)->14391K(15296K) NonClass: 12431K(12992K)->12431K(12992K) Class: 1959K(2304K)->1959K(2304K)
[330.916s][info][gc             ] GC(1282) Pause Young (Allocation Failure) 412M->12M(1846M) 3.199ms
[330.916s][info][gc,cpu         ] GC(1282) User=0.00s Sys=0.00s Real=0.00s
[331.165s][info][gc,start       ] GC(1283) Pause Young (Allocation Failure)
[331.168s][info][gc,heap        ] GC(1283) PSYoungGen: 492512K(492544K)->640K(590848K) Eden: 491520K(491520K)->0K(589824K) From: 992K(1024K)->640K(1024K)
[331.168s][info][gc,heap        ] GC(1283) ParOldGen: 11690K(1398272K)->11778K(1398272K)
[331.168s][info][gc,metaspace   ] GC(1283) Metaspace: 14391K(15296K)->14391K(15296K) NonClass: 12431K(12992K)->12431K(12992K) Class: 1959K(2304K)->1959K(2304K)
[331.168s][info][gc             ] GC(1283) Pause Young (Allocation Failure) 492M->12M(1942M) 3.186ms
[331.168s][info][gc,cpu         ] GC(1283) User=0.00s Sys=0.00s Real=0.00s
[331.253s][info][gc,start       ] GC(1284) Pause Young (System.gc())
[331.256s][info][gc,heap        ] GC(1284) PSYoungGen: 52923K(590848K)->192K(590336K) Eden: 52283K(589824K)->0K(589824K) From: 640K(1024K)->192K(512K)
[331.256s][info][gc,heap        ] GC(1284) ParOldGen: 11778K(1398272K)->11890K(1398272K)
[331.256s][info][gc,metaspace   ] GC(1284) Metaspace: 14391K(15296K)->14391K(15296K) NonClass: 12431K(12992K)->12431K(12992K) Class: 1959K(2304K)->1959K(2304K)
[331.256s][info][gc             ] GC(1284) Pause Young (System.gc()) 63M->11M(1942M) 3.383ms
[331.256s][info][gc,cpu         ] GC(1284) User=0.00s Sys=0.00s Real=0.00s
[331.256s][info][gc,start       ] GC(1285) Pause Full (System.gc())
[331.256s][info][gc,phases,start] GC(1285) Marking Phase
[331.273s][info][gc,phases      ] GC(1285) Marking Phase 17.048ms
[331.273s][info][gc,phases,start] GC(1285) Summary Phase
[331.273s][info][gc,phases      ] GC(1285) Summary Phase 0.022ms
[331.273s][info][gc,phases,start] GC(1285) Adjust Roots
[331.280s][info][gc,phases      ] GC(1285) Adjust Roots 6.134ms
[331.280s][info][gc,phases,start] GC(1285) Compaction Phase
[331.282s][info][gc,phases      ] GC(1285) Compaction Phase 2.481ms
[331.282s][info][gc,phases,start] GC(1285) Post Compact
[331.283s][info][gc,phases      ] GC(1285) Post Compact 0.575ms
[331.283s][info][gc,heap        ] GC(1285) PSYoungGen: 192K(590336K)->0K(590336K) Eden: 0K(589824K)->0K(589824K) From: 192K(512K)->0K(512K)
[331.283s][info][gc,heap        ] GC(1285) ParOldGen: 11890K(1398272K)->5375K(1398272K)
[331.283s][info][gc,metaspace   ] GC(1285) Metaspace: 14391K(15296K)->14391K(15296K) NonClass: 12431K(12992K)->12431K(12992K) Class: 1959K(2304K)->1959K(2304K)
[331.283s][info][gc             ] GC(1285) Pause Full (System.gc()) 11M->5M(1942M) 26.633ms
[331.283s][info][gc,cpu         ] GC(1285) User=0.53s Sys=0.00s Real=0.03s
[331.754s][info][gc,start       ] GC(1286) Pause Young (Allocation Failure)
[331.757s][info][gc,heap        ] GC(1286) PSYoungGen: 589824K(590336K)->1536K(576000K) Eden: 589824K(589824K)->0K(574464K) From: 0K(512K)->1536K(1536K)
[331.757s][info][gc,heap        ] GC(1286) ParOldGen: 5375K(1398272K)->5906K(1398272K)
[331.757s][info][gc,metaspace   ] GC(1286) Metaspace: 14391K(15296K)->14391K(15296K) NonClass: 12431K(12992K)->12431K(12992K) Class: 1959K(2304K)->1959K(2304K)
[331.757s][info][gc             ] GC(1286) Pause Young (Allocation Failure) 581M->7M(1928M) 3.527ms
[331.757s][info][gc,cpu         ] GC(1286) User=0.52s Sys=0.00s Real=0.00s
[332.090s][info][gc,start       ] GC(1287) Pause Young (Allocation Failure)
[332.093s][info][gc,heap        ] GC(1287) PSYoungGen: 576000K(576000K)->1056K(561152K) Eden: 574464K(574464K)->0K(559616K) From: 1536K(1536K)->1056K(1536K)
[332.093s][info][gc,heap        ] GC(1287) ParOldGen: 5906K(1398272K)->7071K(1398272K)
[332.093s][info][gc,metaspace   ] GC(1287) Metaspace: 14391K(15296K)->14391K(15296K) NonClass: 12431K(12992K)->12431K(12992K) Class: 1959K(2304K)->1959K(2304K)
[332.093s][info][gc             ] GC(1287) Pause Young (Allocation Failure) 568M->7M(1913M) 3.554ms
[332.093s][info][gc,cpu         ] GC(1287) User=0.00s Sys=0.00s Real=0.00s
[332.459s][info][gc,start       ] GC(1288) Pause Young (Allocation Failure)
[332.462s][info][gc,heap        ] GC(1288) PSYoungGen: 560672K(561152K)->1024K(546304K) Eden: 559616K(559616K)->0K(545280K) From: 1056K(1536K)->1024K(1024K)
[332.463s][info][gc,heap        ] GC(1288) ParOldGen: 7071K(1398272K)->7207K(1398272K)
[332.463s][info][gc,metaspace   ] GC(1288) Metaspace: 14391K(15296K)->14391K(15296K) NonClass: 12431K(12992K)->12431K(12992K) Class: 1959K(2304K)->1959K(2304K)
[332.463s][info][gc             ] GC(1288) Pause Young (Allocation Failure) 554M->8M(1899M) 3.487ms
[332.463s][info][gc,cpu         ] GC(1288) User=0.00s Sys=0.00s Real=0.00s
[332.826s][info][gc,start       ] GC(1289) Pause Young (Allocation Failure)
[332.829s][info][gc,heap        ] GC(1289) PSYoungGen: 546304K(546304K)->992K(533504K) Eden: 545280K(545280K)->0K(531456K) From: 1024K(1024K)->992K(2048K)
[332.829s][info][gc,heap        ] GC(1289) ParOldGen: 7207K(1398272K)->7367K(1398272K)
[332.829s][info][gc,metaspace   ] GC(1289) Metaspace: 14391K(15296K)->14391K(15296K) NonClass: 12431K(12992K)->12431K(12992K) Class: 1959K(2304K)->1959K(2304K)
[332.829s][info][gc             ] GC(1289) Pause Young (Allocation Failure) 540M->8M(1886M) 3.330ms
[332.829s][info][gc,cpu         ] GC(1289) User=0.00s Sys=0.00s Real=0.00s
[333.184s][info][gc,start       ] GC(1290) Pause Young (Allocation Failure)
[333.187s][info][gc,heap        ] GC(1290) PSYoungGen: 532448K(533504K)->1024K(519168K) Eden: 531456K(531456K)->0K(518144K) From: 992K(2048K)->1024K(1024K)
[333.187s][info][gc,heap        ] GC(1290) ParOldGen: 7367K(1398272K)->7543K(1398272K)
[333.187s][info][gc,metaspace   ] GC(1290) Metaspace: 14391K(15296K)->14391K(15296K) NonClass: 12431K(12992K)->12431K(12992K) Class: 1959K(2304K)->1959K(2304K)
[333.187s][info][gc             ] GC(1290) Pause Young (Allocation Failure) 527M->8M(1872M) 3.151ms
[333.187s][info][gc,cpu         ] GC(1290) User=0.00s Sys=0.00s Real=0.00s
[333.546s][info][gc,start       ] GC(1291) Pause Young (Allocation Failure)
[333.549s][info][gc,heap        ] GC(1291) PSYoungGen: 519168K(519168K)->1024K(506368K) Eden: 518144K(518144K)->0K(505344K) From: 1024K(1024K)->1024K(1024K)
[333.549s][info][gc,heap        ] GC(1291) ParOldGen: 7543K(1398272K)->7679K(1398272K)
[333.549s][info][gc,metaspace   ] GC(1291) Metaspace: 14391K(15296K)->14391K(15296K) NonClass: 12431K(12992K)->12431K(12992K) Class: 1959K(2304K)->1959K(2304K)
[333.549s][info][gc             ] GC(1291) Pause Young (Allocation Failure) 514M->8M(1860M) 2.978ms
[333.549s][info][gc,cpu         ] GC(1291) User=0.00s Sys=0.00s Real=0.00s
[333.877s][info][gc,start       ] GC(1292) Pause Young (Allocation Failure)
[333.880s][info][gc,heap        ] GC(1292) PSYoungGen: 506368K(506368K)->1024K(494080K) Eden: 505344K(505344K)->0K(493056K) From: 1024K(1024K)->1024K(1024K)
[333.880s][info][gc,heap        ] GC(1292) ParOldGen: 7679K(1398272K)->7847K(1398272K)
[333.880s][info][gc,metaspace   ] GC(1292) Metaspace: 14391K(15296K)->14391K(15296K) NonClass: 12431K(12992K)->12431K(12992K) Class: 1959K(2304K)->1959K(2304K)
[333.880s][info][gc             ] GC(1292) Pause Young (Allocation Failure) 501M->8M(1848M) 3.072ms
[333.880s][info][gc,cpu         ] GC(1292) User=0.00s Sys=0.00s Real=0.00s
[334.198s][info][gc,start       ] GC(1293) Pause Young (Allocation Failure)
[334.201s][info][gc,heap        ] GC(1293) PSYoungGen: 494080K(494080K)->992K(482304K) Eden: 493056K(493056K)->0K(481280K) From: 1024K(1024K)->992K(1024K)
[334.201s][info][gc,heap        ] GC(1293) ParOldGen: 7847K(1398272K)->7975K(1398272K)
[334.201s][info][gc,metaspace   ] GC(1293) Metaspace: 14391K(15296K)->14391K(15296K) NonClass: 12431K(12992K)->12431K(12992K) Class: 1959K(2304K)->1959K(2304K)
[334.201s][info][gc             ] GC(1293) Pause Young (Allocation Failure) 490M->8M(1836M) 3.152ms
[334.201s][info][gc,cpu         ] GC(1293) User=0.00s Sys=0.00s Real=0.00s
[334.515s][info][gc,start       ] GC(1294) Pause Young (Allocation Failure)
[334.518s][info][gc,heap        ] GC(1294) PSYoungGen: 482272K(482304K)->1024K(471040K) Eden: 481280K(481280K)->0K(470016K) From: 992K(1024K)->1024K(1024K)
[334.518s][info][gc,heap        ] GC(1294) ParOldGen: 7975K(1398272K)->8119K(1398272K)
[334.518s][info][gc,metaspace   ] GC(1294) Metaspace: 14391K(15296K)->14391K(15296K) NonClass: 12431K(12992K)->12431K(12992K) Class: 1959K(2304K)->1959K(2304K)
[334.518s][info][gc             ] GC(1294) Pause Young (Allocation Failure) 478M->8M(1825M) 3.138ms
[334.518s][info][gc,cpu         ] GC(1294) User=0.00s Sys=0.00s Real=0.00s
[334.824s][info][gc,start       ] GC(1295) Pause Young (Allocation Failure)
[334.827s][info][gc,heap        ] GC(1295) PSYoungGen: 471040K(471040K)->1024K(460288K) Eden: 470016K(470016K)->0K(459264K) From: 1024K(1024K)->1024K(1024K)
[334.827s][info][gc,heap        ] GC(1295) ParOldGen: 8119K(1398272K)->8231K(1398272K)
[334.827s][info][gc,metaspace   ] GC(1295) Metaspace: 14391K(15296K)->14391K(15296K) NonClass: 12431K(12992K)->12431K(12992K) Class: 1959K(2304K)->1959K(2304K)
[334.827s][info][gc             ] GC(1295) Pause Young (Allocation Failure) 467M->9M(1815M) 3.223ms
[334.827s][info][gc,cpu         ] GC(1295) User=0.00s Sys=0.00s Real=0.00s
[335.127s][info][gc,start       ] GC(1296) Pause Young (Allocation Failure)
[335.130s][info][gc,heap        ] GC(1296) PSYoungGen: 460288K(460288K)->1024K(450048K) Eden: 459264K(459264K)->0K(449024K) From: 1024K(1024K)->1024K(1024K)
[335.130s][info][gc,heap        ] GC(1296) ParOldGen: 8231K(1398272K)->8367K(1398272K)
[335.130s][info][gc,metaspace   ] GC(1296) Metaspace: 14391K(15296K)->14391K(15296K) NonClass: 12431K(12992K)->12431K(12992K) Class: 1959K(2304K)->1959K(2304K)
[335.130s][info][gc             ] GC(1296) Pause Young (Allocation Failure) 457M->9M(1805M) 3.309ms
[335.131s][info][gc,cpu         ] GC(1296) User=0.52s Sys=0.00s Real=0.00s
[335.468s][info][gc,start       ] GC(1297) Pause Young (Allocation Failure)
[335.472s][info][gc,heap        ] GC(1297) PSYoungGen: 450048K(450048K)->1024K(439808K) Eden: 449024K(449024K)->0K(438784K) From: 1024K(1024K)->1024K(1024K)
[335.472s][info][gc,heap        ] GC(1297) ParOldGen: 8367K(1398272K)->8471K(1398272K)
[335.472s][info][gc,metaspace   ] GC(1297) Metaspace: 14391K(15296K)->14391K(15296K) NonClass: 12431K(12992K)->12431K(12992K) Class: 1959K(2304K)->1959K(2304K)
[335.472s][info][gc             ] GC(1297) Pause Young (Allocation Failure) 447M->9M(1795M) 4.334ms
[335.472s][info][gc,cpu         ] GC(1297) User=0.00s Sys=0.00s Real=0.00s
[335.771s][info][gc,start       ] GC(1298) Pause Young (Allocation Failure)
[335.774s][info][gc,heap        ] GC(1298) PSYoungGen: 439808K(439808K)->960K(430080K) Eden: 438784K(438784K)->0K(429056K) From: 1024K(1024K)->960K(1024K)
[335.774s][info][gc,heap        ] GC(1298) ParOldGen: 8471K(1398272K)->8607K(1398272K)
[335.774s][info][gc,metaspace   ] GC(1298) Metaspace: 14391K(15296K)->14391K(15296K) NonClass: 12431K(12992K)->12431K(12992K) Class: 1959K(2304K)->1959K(2304K)
[335.774s][info][gc             ] GC(1298) Pause Young (Allocation Failure) 437M->9M(1785M) 3.027ms
[335.774s][info][gc,cpu         ] GC(1298) User=0.00s Sys=0.00s Real=0.00s
[336.061s][info][gc,start       ] GC(1299) Pause Young (Allocation Failure)
[336.064s][info][gc,heap        ] GC(1299) PSYoungGen: 430016K(430080K)->1024K(420864K) Eden: 429056K(429056K)->0K(419840K) From: 960K(1024K)->1024K(1024K)
[336.064s][info][gc,heap        ] GC(1299) ParOldGen: 8607K(1398272K)->8751K(1398272K)
[336.064s][info][gc,metaspace   ] GC(1299) Metaspace: 14391K(15296K)->14391K(15296K) NonClass: 12431K(12992K)->12431K(12992K) Class: 1959K(2304K)->1959K(2304K)
[336.064s][info][gc             ] GC(1299) Pause Young (Allocation Failure) 428M->9M(1776M) 2.979ms
[336.064s][info][gc,cpu         ] GC(1299) User=0.00s Sys=0.00s Real=0.00s
[336.363s][info][gc,start       ] GC(1300) Pause Young (Allocation Failure)
[336.366s][info][gc,heap        ] GC(1300) PSYoungGen: 420864K(420864K)->1024K(411648K) Eden: 419840K(419840K)->0K(410624K) From: 1024K(1024K)->1024K(1024K)
[336.366s][info][gc,heap        ] GC(1300) ParOldGen: 8751K(1398272K)->8863K(1398272K)
[336.366s][info][gc,metaspace   ] GC(1300) Metaspace: 14391K(15296K)->14391K(15296K) NonClass: 12431K(12992K)->12431K(12992K) Class: 1959K(2304K)->1959K(2304K)
[336.366s][info][gc             ] GC(1300) Pause Young (Allocation Failure) 419M->9M(1767M) 2.777ms
[336.366s][info][gc,cpu         ] GC(1300) User=0.52s Sys=0.00s Real=0.00s
[336.632s][info][gc,start       ] GC(1301) Pause Young (Allocation Failure)
[336.635s][info][gc,heap        ] GC(1301) PSYoungGen: 411648K(411648K)->1024K(402944K) Eden: 410624K(410624K)->0K(401920K) From: 1024K(1024K)->1024K(1024K)
[336.635s][info][gc,heap        ] GC(1301) ParOldGen: 8863K(1398272K)->8999K(1398272K)
[336.635s][info][gc,metaspace   ] GC(1301) Metaspace: 14391K(15296K)->14391K(15296K) NonClass: 12431K(12992K)->12431K(12992K) Class: 1959K(2304K)->1959K(2304K)
[336.635s][info][gc             ] GC(1301) Pause Young (Allocation Failure) 410M->9M(1759M) 2.860ms
[336.635s][info][gc,cpu         ] GC(1301) User=0.00s Sys=0.00s Real=0.00s
[336.894s][info][gc,start       ] GC(1302) Pause Young (Allocation Failure)
[336.897s][info][gc,heap        ] GC(1302) PSYoungGen: 402944K(402944K)->1024K(394240K) Eden: 401920K(401920K)->0K(393216K) From: 1024K(1024K)->1024K(1024K)
[336.897s][info][gc,heap        ] GC(1302) ParOldGen: 8999K(1398272K)->9111K(1398272K)
[336.897s][info][gc,metaspace   ] GC(1302) Metaspace: 14391K(15296K)->14391K(15296K) NonClass: 12431K(12992K)->12431K(12992K) Class: 1959K(2304K)->1959K(2304K)
[336.897s][info][gc             ] GC(1302) Pause Young (Allocation Failure) 402M->9M(1750M) 2.891ms
[336.897s][info][gc,cpu         ] GC(1302) User=0.52s Sys=0.00s Real=0.00s
[337.152s][info][gc,start       ] GC(1303) Pause Young (Allocation Failure)
[337.155s][info][gc,heap        ] GC(1303) PSYoungGen: 394240K(394240K)->1024K(386048K) Eden: 393216K(393216K)->0K(385024K) From: 1024K(1024K)->1024K(1024K)
[337.155s][info][gc,heap        ] GC(1303) ParOldGen: 9111K(1398272K)->9231K(1398272K)
[337.155s][info][gc,metaspace   ] GC(1303) Metaspace: 14391K(15296K)->14391K(15296K) NonClass: 12431K(12992K)->12431K(12992K) Class: 1959K(2304K)->1959K(2304K)
[337.155s][info][gc             ] GC(1303) Pause Young (Allocation Failure) 393M->10M(1742M) 2.969ms
[337.155s][info][gc,cpu         ] GC(1303) User=0.00s Sys=0.00s Real=0.00s
[337.403s][info][gc,start       ] GC(1304) Pause Young (Allocation Failure)
[337.406s][info][gc,heap        ] GC(1304) PSYoungGen: 386048K(386048K)->1024K(463360K) Eden: 385024K(385024K)->0K(462336K) From: 1024K(1024K)->1024K(1024K)
[337.406s][info][gc,heap        ] GC(1304) ParOldGen: 9231K(1398272K)->9335K(1398272K)
[337.406s][info][gc,metaspace   ] GC(1304) Metaspace: 14391K(15296K)->14391K(15296K) NonClass: 12431K(12992K)->12431K(12992K) Class: 1959K(2304K)->1959K(2304K)
[337.406s][info][gc             ] GC(1304) Pause Young (Allocation Failure) 386M->10M(1818M) 3.011ms
[337.406s][info][gc,cpu         ] GC(1304) User=0.00s Sys=0.00s Real=0.00s
[337.708s][info][gc,start       ] GC(1305) Pause Young (Allocation Failure)
[337.711s][info][gc,heap        ] GC(1305) PSYoungGen: 463360K(463360K)->1024K(556032K) Eden: 462336K(462336K)->0K(555008K) From: 1024K(1024K)->1024K(1024K)
[337.711s][info][gc,heap        ] GC(1305) ParOldGen: 9335K(1398272K)->9463K(1398272K)
[337.711s][info][gc,metaspace   ] GC(1305) Metaspace: 14391K(15296K)->14391K(15296K) NonClass: 12431K(12992K)->12431K(12992K) Class: 1959K(2304K)->1959K(2304K)
[337.711s][info][gc             ] GC(1305) Pause Young (Allocation Failure) 461M->10M(1908M) 3.207ms
[337.711s][info][gc,cpu         ] GC(1305) User=0.00s Sys=0.00s Real=0.00s
[338.071s][info][gc,start       ] GC(1306) Pause Young (Allocation Failure)
[338.075s][info][gc,heap        ] GC(1306) PSYoungGen: 556032K(556032K)->1024K(542208K) Eden: 555008K(555008K)->0K(541184K) From: 1024K(1024K)->1024K(1024K)
[338.075s][info][gc,heap        ] GC(1306) ParOldGen: 9463K(1398272K)->9575K(1398272K)
[338.075s][info][gc,metaspace   ] GC(1306) Metaspace: 14391K(15296K)->14391K(15296K) NonClass: 12431K(12992K)->12431K(12992K) Class: 1959K(2304K)->1959K(2304K)
[338.075s][info][gc             ] GC(1306) Pause Young (Allocation Failure) 552M->10M(1895M) 3.320ms
[338.075s][info][gc,cpu         ] GC(1306) User=0.00s Sys=0.00s Real=0.00s
[338.426s][info][gc,start       ] GC(1307) Pause Young (Allocation Failure)
[338.429s][info][gc,heap        ] GC(1307) PSYoungGen: 542208K(542208K)->992K(528896K) Eden: 541184K(541184K)->0K(527872K) From: 1024K(1024K)->992K(1024K)
[338.429s][info][gc,heap        ] GC(1307) ParOldGen: 9575K(1398272K)->9703K(1398272K)
[338.429s][info][gc,metaspace   ] GC(1307) Metaspace: 14391K(15296K)->14391K(15296K) NonClass: 12431K(12992K)->12431K(12992K) Class: 1959K(2304K)->1959K(2304K)
[338.429s][info][gc             ] GC(1307) Pause Young (Allocation Failure) 538M->10M(1882M) 3.358ms
[338.429s][info][gc,cpu         ] GC(1307) User=0.52s Sys=0.00s Real=0.00s
[338.772s][info][gc,start       ] GC(1308) Pause Young (Allocation Failure)
[338.775s][info][gc,heap        ] GC(1308) PSYoungGen: 528864K(528896K)->1024K(516096K) Eden: 527872K(527872K)->0K(515072K) From: 992K(1024K)->1024K(1024K)
[338.775s][info][gc,heap        ] GC(1308) ParOldGen: 9703K(1398272K)->9863K(1398272K)
[338.775s][info][gc,metaspace   ] GC(1308) Metaspace: 14391K(15296K)->14391K(15296K) NonClass: 12431K(12992K)->12431K(12992K) Class: 1959K(2304K)->1959K(2304K)
[338.775s][info][gc             ] GC(1308) Pause Young (Allocation Failure) 525M->10M(1869M) 3.402ms
[338.775s][info][gc,cpu         ] GC(1308) User=0.00s Sys=0.00s Real=0.00s
[339.110s][info][gc,start       ] GC(1309) Pause Young (Allocation Failure)
[339.113s][info][gc,heap        ] GC(1309) PSYoungGen: 516096K(516096K)->992K(503808K) Eden: 515072K(515072K)->0K(502784K) From: 1024K(1024K)->992K(1024K)
[339.113s][info][gc,heap        ] GC(1309) ParOldGen: 9863K(1398272K)->9999K(1398272K)
[339.113s][info][gc,metaspace   ] GC(1309) Metaspace: 14391K(15296K)->14391K(15296K) NonClass: 12431K(12992K)->12431K(12992K) Class: 1959K(2304K)->1959K(2304K)
[339.113s][info][gc             ] GC(1309) Pause Young (Allocation Failure) 513M->10M(1857M) 3.497ms
[339.113s][info][gc,cpu         ] GC(1309) User=0.00s Sys=0.00s Real=0.00s
[339.445s][info][gc,start       ] GC(1310) Pause Young (Allocation Failure)
[339.448s][info][gc,heap        ] GC(1310) PSYoungGen: 503776K(503808K)->1024K(491520K) Eden: 502784K(502784K)->0K(490496K) From: 992K(1024K)->1024K(1024K)
[339.448s][info][gc,heap        ] GC(1310) ParOldGen: 9999K(1398272K)->10119K(1398272K)
[339.448s][info][gc,metaspace   ] GC(1310) Metaspace: 14391K(15296K)->14391K(15296K) NonClass: 12431K(12992K)->12431K(12992K) Class: 1959K(2304K)->1959K(2304K)
[339.448s][info][gc             ] GC(1310) Pause Young (Allocation Failure) 501M->10M(1845M) 3.380ms
[339.448s][info][gc,cpu         ] GC(1310) User=0.00s Sys=0.00s Real=0.00s
[339.805s][info][gc,start       ] GC(1311) Pause Young (Allocation Failure)
[339.808s][info][gc,heap        ] GC(1311) PSYoungGen: 491520K(491520K)->1024K(479744K) Eden: 490496K(490496K)->0K(478720K) From: 1024K(1024K)->1024K(1024K)
[339.808s][info][gc,heap        ] GC(1311) ParOldGen: 10119K(1398272K)->10263K(1398272K)
[339.808s][info][gc,metaspace   ] GC(1311) Metaspace: 14391K(15296K)->14391K(15296K) NonClass: 12431K(12992K)->12431K(12992K) Class: 1959K(2304K)->1959K(2304K)
[339.808s][info][gc             ] GC(1311) Pause Young (Allocation Failure) 489M->11M(1834M) 3.085ms
[339.808s][info][gc,cpu         ] GC(1311) User=0.00s Sys=0.00s Real=0.00s
[340.118s][info][gc,start       ] GC(1312) Pause Young (Allocation Failure)
[340.121s][info][gc,heap        ] GC(1312) PSYoungGen: 479744K(479744K)->1024K(468480K) Eden: 478720K(478720K)->0K(467456K) From: 1024K(1024K)->1024K(1024K)
[340.121s][info][gc,heap        ] GC(1312) ParOldGen: 10263K(1398272K)->10407K(1398272K)
[340.121s][info][gc,metaspace   ] GC(1312) Metaspace: 14391K(15296K)->14391K(15296K) NonClass: 12431K(12992K)->12431K(12992K) Class: 1959K(2304K)->1959K(2304K)
[340.121s][info][gc             ] GC(1312) Pause Young (Allocation Failure) 478M->11M(1823M) 3.199ms
[340.121s][info][gc,cpu         ] GC(1312) User=0.00s Sys=0.00s Real=0.00s
[340.422s][info][gc,start       ] GC(1313) Pause Young (Allocation Failure)
[340.425s][info][gc,heap        ] GC(1313) PSYoungGen: 468480K(468480K)->1024K(457728K) Eden: 467456K(467456K)->0K(456704K) From: 1024K(1024K)->1024K(1024K)
[340.425s][info][gc,heap        ] GC(1313) ParOldGen: 10407K(1398272K)->10535K(1398272K)
[340.425s][info][gc,metaspace   ] GC(1313) Metaspace: 14391K(15296K)->14391K(15296K) NonClass: 12431K(12992K)->12431K(12992K) Class: 1959K(2304K)->1959K(2304K)
[340.425s][info][gc             ] GC(1313) Pause Young (Allocation Failure) 467M->11M(1812M) 3.161ms
[340.425s][info][gc,cpu         ] GC(1313) User=0.00s Sys=0.00s Real=0.00s
[340.734s][info][gc,start       ] GC(1314) Pause Young (Allocation Failure)
[340.737s][info][gc,heap        ] GC(1314) PSYoungGen: 457728K(457728K)->1056K(448000K) Eden: 456704K(456704K)->0K(446464K) From: 1024K(1024K)->1056K(1536K)
[340.737s][info][gc,heap        ] GC(1314) ParOldGen: 10535K(1398272K)->10631K(1398272K)
[340.737s][info][gc,metaspace   ] GC(1314) Metaspace: 14391K(15296K)->14391K(15296K) NonClass: 12431K(12992K)->12431K(12992K) Class: 1959K(2304K)->1959K(2304K)
[340.737s][info][gc             ] GC(1314) Pause Young (Allocation Failure) 457M->11M(1803M) 2.926ms
[340.737s][info][gc,cpu         ] GC(1314) User=0.00s Sys=0.00s Real=0.00s
[341.027s][info][gc,start       ] GC(1315) Pause Young (Allocation Failure)
[341.030s][info][gc,heap        ] GC(1315) PSYoungGen: 447520K(448000K)->1024K(437248K) Eden: 446464K(446464K)->0K(436224K) From: 1056K(1536K)->1024K(1024K)
[341.030s][info][gc,heap        ] GC(1315) ParOldGen: 10631K(1398272K)->10775K(1398272K)
[341.030s][info][gc,metaspace   ] GC(1315) Metaspace: 14391K(15296K)->14391K(15296K) NonClass: 12431K(12992K)->12431K(12992K) Class: 1959K(2304K)->1959K(2304K)
[341.030s][info][gc             ] GC(1315) Pause Young (Allocation Failure) 447M->11M(1792M) 3.208ms
[341.030s][info][gc,cpu         ] GC(1315) User=0.00s Sys=0.00s Real=0.00s
[341.314s][info][gc,start       ] GC(1316) Pause Young (Allocation Failure)
[341.317s][info][gc,heap        ] GC(1316) PSYoungGen: 437248K(437248K)->1024K(427520K) Eden: 436224K(436224K)->0K(426496K) From: 1024K(1024K)->1024K(1024K)
[341.317s][info][gc,heap        ] GC(1316) ParOldGen: 10775K(1398272K)->10899K(1398272K)
[341.317s][info][gc,metaspace   ] GC(1316) Metaspace: 14391K(15296K)->14391K(15296K) NonClass: 12431K(12992K)->12431K(12992K) Class: 1959K(2304K)->1959K(2304K)
[341.317s][info][gc             ] GC(1316) Pause Young (Allocation Failure) 437M->11M(1783M) 3.128ms
[341.317s][info][gc,cpu         ] GC(1316) User=0.52s Sys=0.00s Real=0.00s
[341.591s][info][gc,start       ] GC(1317) Pause Young (Allocation Failure)
[341.594s][info][gc,heap        ] GC(1317) PSYoungGen: 427520K(427520K)->992K(418304K) Eden: 426496K(426496K)->0K(417280K) From: 1024K(1024K)->992K(1024K)
[341.594s][info][gc,heap        ] GC(1317) ParOldGen: 10899K(1398272K)->11019K(1398272K)
[341.594s][info][gc,metaspace   ] GC(1317) Metaspace: 14391K(15296K)->14391K(15296K) NonClass: 12431K(12992K)->12431K(12992K) Class: 1959K(2304K)->1959K(2304K)
[341.594s][info][gc             ] GC(1317) Pause Young (Allocation Failure) 428M->11M(1774M) 3.257ms
[341.594s][info][gc,cpu         ] GC(1317) User=0.00s Sys=0.00s Real=0.00s
[341.865s][info][gc,start       ] GC(1318) Pause Young (Allocation Failure)
[341.868s][info][gc,heap        ] GC(1318) PSYoungGen: 418272K(418304K)->1024K(501760K) Eden: 417280K(417280K)->0K(500736K) From: 992K(1024K)->1024K(1024K)
[341.868s][info][gc,heap        ] GC(1318) ParOldGen: 11019K(1398272K)->11147K(1398272K)
[341.868s][info][gc,metaspace   ] GC(1318) Metaspace: 14391K(15296K)->14391K(15296K) NonClass: 12431K(12992K)->12431K(12992K) Class: 1959K(2304K)->1959K(2304K)
[341.868s][info][gc             ] GC(1318) Pause Young (Allocation Failure) 419M->11M(1855M) 3.207ms
[341.868s][info][gc,cpu         ] GC(1318) User=0.00s Sys=0.00s Real=0.00s
[342.203s][info][gc,start       ] GC(1319) Pause Young (Allocation Failure)
[342.206s][info][gc,heap        ] GC(1319) PSYoungGen: 501760K(501760K)->992K(489984K) Eden: 500736K(500736K)->0K(488960K) From: 1024K(1024K)->992K(1024K)
[342.206s][info][gc,heap        ] GC(1319) ParOldGen: 11147K(1398272K)->11251K(1398272K)
[342.207s][info][gc,metaspace   ] GC(1319) Metaspace: 14391K(15296K)->14391K(15296K) NonClass: 12431K(12992K)->12431K(12992K) Class: 1959K(2304K)->1959K(2304K)
[342.207s][info][gc             ] GC(1319) Pause Young (Allocation Failure) 500M->11M(1844M) 3.496ms
[342.207s][info][gc,cpu         ] GC(1319) User=0.00s Sys=0.00s Real=0.00s
[342.537s][info][gc,start       ] GC(1320) Pause Young (Allocation Failure)
[342.540s][info][gc,heap        ] GC(1320) PSYoungGen: 489952K(489984K)->1024K(478208K) Eden: 488960K(488960K)->0K(477184K) From: 992K(1024K)->1024K(1024K)
[342.540s][info][gc,heap        ] GC(1320) ParOldGen: 11251K(1398272K)->11371K(1398272K)
[342.540s][info][gc,metaspace   ] GC(1320) Metaspace: 14391K(15296K)->14391K(15296K) NonClass: 12431K(12992K)->12431K(12992K) Class: 1959K(2304K)->1959K(2304K)
[342.540s][info][gc             ] GC(1320) Pause Young (Allocation Failure) 489M->12M(1832M) 3.111ms
[342.540s][info][gc,cpu         ] GC(1320) User=0.00s Sys=0.00s Real=0.00s
[342.882s][info][gc,start       ] GC(1321) Pause Young (Allocation Failure)
[342.885s][info][gc,heap        ] GC(1321) PSYoungGen: 478208K(478208K)->1024K(466944K) Eden: 477184K(477184K)->0K(465920K) From: 1024K(1024K)->1024K(1024K)
[342.885s][info][gc,heap        ] GC(1321) ParOldGen: 11371K(1398272K)->11475K(1398272K)
[342.885s][info][gc,metaspace   ] GC(1321) Metaspace: 14391K(15296K)->14391K(15296K) NonClass: 12431K(12992K)->12431K(12992K) Class: 1959K(2304K)->1959K(2304K)
[342.885s][info][gc             ] GC(1321) Pause Young (Allocation Failure) 478M->12M(1821M) 2.876ms
[342.885s][info][gc,cpu         ] GC(1321) User=0.00s Sys=0.00s Real=0.00s
[343.172s][info][gc,start       ] GC(1322) Pause Young (Allocation Failure)
[343.175s][info][gc,heap        ] GC(1322) PSYoungGen: 466944K(466944K)->1024K(456192K) Eden: 465920K(465920K)->0K(455168K) From: 1024K(1024K)->1024K(1024K)
[343.175s][info][gc,heap        ] GC(1322) ParOldGen: 11475K(1398272K)->11627K(1398272K)
[343.175s][info][gc,metaspace   ] GC(1322) Metaspace: 14391K(15296K)->14391K(15296K) NonClass: 12431K(12992K)->12431K(12992K) Class: 1959K(2304K)->1959K(2304K)
[343.175s][info][gc             ] GC(1322) Pause Young (Allocation Failure) 467M->12M(1811M) 2.951ms
[343.175s][info][gc,cpu         ] GC(1322) User=0.00s Sys=0.00s Real=0.00s
[343.406s][info][gc,start       ] GC(1323) Pause Young (Allocation Failure)
[343.409s][info][gc,heap        ] GC(1323) PSYoungGen: 456192K(456192K)->768K(445952K) Eden: 455168K(455168K)->0K(444928K) From: 1024K(1024K)->768K(1024K)
[343.409s][info][gc,heap        ] GC(1323) ParOldGen: 11627K(1398272K)->11739K(1398272K)
[343.409s][info][gc,metaspace   ] GC(1323) Metaspace: 14391K(15296K)->14391K(15296K) NonClass: 12431K(12992K)->12431K(12992K) Class: 1959K(2304K)->1959K(2304K)
[343.409s][info][gc             ] GC(1323) Pause Young (Allocation Failure) 456M->12M(1801M) 3.010ms
[343.409s][info][gc,cpu         ] GC(1323) User=0.00s Sys=0.00s Real=0.00s
[343.632s][info][gc,start       ] GC(1324) Pause Young (System.gc())
[343.635s][info][gc,heap        ] GC(1324) PSYoungGen: 256695K(445952K)->352K(445440K) Eden: 255927K(444928K)->0K(444928K) From: 768K(1024K)->352K(512K)
[343.635s][info][gc,heap        ] GC(1324) ParOldGen: 11739K(1398272K)->11835K(1398272K)
[343.635s][info][gc,metaspace   ] GC(1324) Metaspace: 14392K(15296K)->14392K(15296K) NonClass: 12433K(12992K)->12433K(12992K) Class: 1959K(2304K)->1959K(2304K)
[343.635s][info][gc             ] GC(1324) Pause Young (System.gc()) 262M->11M(1800M) 3.594ms
[343.635s][info][gc,cpu         ] GC(1324) User=0.00s Sys=0.00s Real=0.00s
[343.635s][info][gc,start       ] GC(1325) Pause Full (System.gc())
[343.635s][info][gc,phases,start] GC(1325) Marking Phase
[343.651s][info][gc,phases      ] GC(1325) Marking Phase 15.433ms
[343.651s][info][gc,phases,start] GC(1325) Summary Phase
[343.651s][info][gc,phases      ] GC(1325) Summary Phase 0.029ms
[343.651s][info][gc,phases,start] GC(1325) Adjust Roots
[343.658s][info][gc,phases      ] GC(1325) Adjust Roots 6.864ms
[343.658s][info][gc,phases,start] GC(1325) Compaction Phase
[343.660s][info][gc,phases      ] GC(1325) Compaction Phase 2.093ms
[343.660s][info][gc,phases,start] GC(1325) Post Compact
[343.660s][info][gc,phases      ] GC(1325) Post Compact 0.505ms
[343.660s][info][gc,heap        ] GC(1325) PSYoungGen: 352K(445440K)->0K(445440K) Eden: 0K(444928K)->0K(444928K) From: 352K(512K)->0K(512K)
[343.660s][info][gc,heap        ] GC(1325) ParOldGen: 11835K(1398272K)->5375K(1398272K)
[343.661s][info][gc,metaspace   ] GC(1325) Metaspace: 14392K(15296K)->14392K(15296K) NonClass: 12433K(12992K)->12433K(12992K) Class: 1959K(2304K)->1959K(2304K)
[343.661s][info][gc             ] GC(1325) Pause Full (System.gc()) 11M->5M(1800M) 25.192ms
[343.661s][info][gc,cpu         ] GC(1325) User=0.02s Sys=0.00s Real=0.02s
[344.022s][info][gc,start       ] GC(1326) Pause Young (Allocation Failure)
[344.025s][info][gc,heap        ] GC(1326) PSYoungGen: 444928K(445440K)->1536K(436736K) Eden: 444928K(444928K)->0K(435200K) From: 0K(512K)->1536K(1536K)
[344.025s][info][gc,heap        ] GC(1326) ParOldGen: 5375K(1398272K)->5601K(1398272K)
[344.025s][info][gc,metaspace   ] GC(1326) Metaspace: 14396K(15296K)->14396K(15296K) NonClass: 12436K(12992K)->12436K(12992K) Class: 1959K(2304K)->1959K(2304K)
[344.025s][info][gc             ] GC(1326) Pause Young (Allocation Failure) 439M->6M(1792M) 3.191ms
[344.025s][info][gc,cpu         ] GC(1326) User=0.00s Sys=0.00s Real=0.00s
[344.271s][info][gc,start       ] GC(1327) Pause Young (Allocation Failure)
[344.274s][info][gc,heap        ] GC(1327) PSYoungGen: 436736K(436736K)->1056K(427008K) Eden: 435200K(435200K)->0K(425472K) From: 1536K(1536K)->1056K(1536K)
[344.274s][info][gc,heap        ] GC(1327) ParOldGen: 5601K(1398272K)->7125K(1398272K)
[344.274s][info][gc,metaspace   ] GC(1327) Metaspace: 14396K(15296K)->14396K(15296K) NonClass: 12436K(12992K)->12436K(12992K) Class: 1959K(2304K)->1959K(2304K)
[344.274s][info][gc             ] GC(1327) Pause Young (Allocation Failure) 431M->7M(1782M) 3.086ms
[344.274s][info][gc,cpu         ] GC(1327) User=0.00s Sys=0.00s Real=0.00s
[344.545s][info][gc,start       ] GC(1328) Pause Young (Allocation Failure)
[344.548s][info][gc,heap        ] GC(1328) PSYoungGen: 426528K(427008K)->992K(512000K) Eden: 425472K(425472K)->0K(510976K) From: 1056K(1536K)->992K(1024K)
[344.548s][info][gc,heap        ] GC(1328) ParOldGen: 7125K(1398272K)->7253K(1398272K)
[344.548s][info][gc,metaspace   ] GC(1328) Metaspace: 14396K(15296K)->14396K(15296K) NonClass: 12436K(12992K)->12436K(12992K) Class: 1959K(2304K)->1959K(2304K)
[344.548s][info][gc             ] GC(1328) Pause Young (Allocation Failure) 423M->8M(1865M) 3.258ms
[344.548s][info][gc,cpu         ] GC(1328) User=0.00s Sys=0.00s Real=0.00s
[344.878s][info][gc,start       ] GC(1329) Pause Young (Allocation Failure)
[344.881s][info][gc,heap        ] GC(1329) PSYoungGen: 511968K(512000K)->992K(499712K) Eden: 510976K(510976K)->0K(498688K) From: 992K(1024K)->992K(1024K)
[344.881s][info][gc,heap        ] GC(1329) ParOldGen: 7253K(1398272K)->7381K(1398272K)
[344.881s][info][gc,metaspace   ] GC(1329) Metaspace: 14396K(15296K)->14396K(15296K) NonClass: 12436K(12992K)->12436K(12992K) Class: 1959K(2304K)->1959K(2304K)
[344.881s][info][gc             ] GC(1329) Pause Young (Allocation Failure) 507M->8M(1853M) 3.200ms
[344.881s][info][gc,cpu         ] GC(1329) User=0.00s Sys=0.00s Real=0.00s
[345.202s][info][gc,start       ] GC(1330) Pause Young (Allocation Failure)
[345.206s][info][gc,heap        ] GC(1330) PSYoungGen: 499680K(499712K)->1024K(487936K) Eden: 498688K(498688K)->0K(486912K) From: 992K(1024K)->1024K(1024K)
[345.206s][info][gc,heap        ] GC(1330) ParOldGen: 7381K(1398272K)->7517K(1398272K)
[345.206s][info][gc,metaspace   ] GC(1330) Metaspace: 14396K(15296K)->14396K(15296K) NonClass: 12436K(12992K)->12436K(12992K) Class: 1959K(2304K)->1959K(2304K)
[345.206s][info][gc             ] GC(1330) Pause Young (Allocation Failure) 495M->8M(1842M) 3.365ms
[345.206s][info][gc,cpu         ] GC(1330) User=0.00s Sys=0.00s Real=0.00s
[345.516s][info][gc,start       ] GC(1331) Pause Young (Allocation Failure)
[345.520s][info][gc,heap        ] GC(1331) PSYoungGen: 487936K(487936K)->1024K(476672K) Eden: 486912K(486912K)->0K(475648K) From: 1024K(1024K)->1024K(1024K)
[345.520s][info][gc,heap        ] GC(1331) ParOldGen: 7517K(1398272K)->7645K(1398272K)
[345.520s][info][gc,metaspace   ] GC(1331) Metaspace: 14396K(15296K)->14396K(15296K) NonClass: 12436K(12992K)->12436K(12992K) Class: 1959K(2304K)->1959K(2304K)
[345.520s][info][gc             ] GC(1331) Pause Young (Allocation Failure) 483M->8M(1831M) 3.367ms
[345.520s][info][gc,cpu         ] GC(1331) User=0.00s Sys=0.00s Real=0.00s
[345.827s][info][gc,start       ] GC(1332) Pause Young (Allocation Failure)
[345.847s][info][gc,heap        ] GC(1332) PSYoungGen: 476672K(476672K)->1024K(465408K) Eden: 475648K(475648K)->0K(464384K) From: 1024K(1024K)->1024K(1024K)
[345.847s][info][gc,heap        ] GC(1332) ParOldGen: 7645K(1398272K)->7733K(1398272K)
[345.847s][info][gc,metaspace   ] GC(1332) Metaspace: 14396K(15296K)->14396K(15296K) NonClass: 12436K(12992K)->12436K(12992K) Class: 1959K(2304K)->1959K(2304K)
[345.847s][info][gc             ] GC(1332) Pause Young (Allocation Failure) 472M->8M(1820M) 19.490ms
[345.847s][info][gc,cpu         ] GC(1332) User=0.00s Sys=0.00s Real=0.02s
[346.147s][info][gc,start       ] GC(1333) Pause Young (Allocation Failure)
[346.150s][info][gc,heap        ] GC(1333) PSYoungGen: 465408K(465408K)->1024K(558592K) Eden: 464384K(464384K)->0K(557568K) From: 1024K(1024K)->1024K(1024K)
[346.150s][info][gc,heap        ] GC(1333) ParOldGen: 7733K(1398272K)->7845K(1398272K)
[346.150s][info][gc,metaspace   ] GC(1333) Metaspace: 14396K(15296K)->14396K(15296K) NonClass: 12436K(12992K)->12436K(12992K) Class: 1959K(2304K)->1959K(2304K)
[346.150s][info][gc             ] GC(1333) Pause Young (Allocation Failure) 462M->8M(1911M) 3.449ms
[346.150s][info][gc,cpu         ] GC(1333) User=0.00s Sys=0.00s Real=0.00s
[346.532s][info][gc,start       ] GC(1334) Pause Young (Allocation Failure)
[346.535s][info][gc,heap        ] GC(1334) PSYoungGen: 558592K(558592K)->1024K(544256K) Eden: 557568K(557568K)->0K(543232K) From: 1024K(1024K)->1024K(1024K)
[346.535s][info][gc,heap        ] GC(1334) ParOldGen: 7845K(1398272K)->7981K(1398272K)
[346.535s][info][gc,metaspace   ] GC(1334) Metaspace: 14396K(15296K)->14396K(15296K) NonClass: 12436K(12992K)->12436K(12992K) Class: 1959K(2304K)->1959K(2304K)
[346.535s][info][gc             ] GC(1334) Pause Young (Allocation Failure) 553M->8M(1897M) 3.203ms
[346.535s][info][gc,cpu         ] GC(1334) User=0.00s Sys=0.00s Real=0.00s
[346.886s][info][gc,start       ] GC(1335) Pause Young (Allocation Failure)
[346.889s][info][gc,heap        ] GC(1335) PSYoungGen: 544256K(544256K)->1024K(530944K) Eden: 543232K(543232K)->0K(529920K) From: 1024K(1024K)->1024K(1024K)
[346.889s][info][gc,heap        ] GC(1335) ParOldGen: 7981K(1398272K)->8149K(1398272K)
[346.889s][info][gc,metaspace   ] GC(1335) Metaspace: 14396K(15296K)->14396K(15296K) NonClass: 12436K(12992K)->12436K(12992K) Class: 1959K(2304K)->1959K(2304K)
[346.889s][info][gc             ] GC(1335) Pause Young (Allocation Failure) 539M->8M(1884M) 3.163ms
[346.889s][info][gc,cpu         ] GC(1335) User=0.00s Sys=0.00s Real=0.00s
[347.252s][info][gc,start       ] GC(1336) Pause Young (Allocation Failure)
[347.262s][info][gc,heap        ] GC(1336) PSYoungGen: 530944K(530944K)->992K(517632K) Eden: 529920K(529920K)->0K(516608K) From: 1024K(1024K)->992K(1024K)
[347.262s][info][gc,heap        ] GC(1336) ParOldGen: 8149K(1398272K)->8293K(1398272K)
[347.262s][info][gc,metaspace   ] GC(1336) Metaspace: 14396K(15296K)->14396K(15296K) NonClass: 12436K(12992K)->12436K(12992K) Class: 1959K(2304K)->1959K(2304K)
[347.262s][info][gc             ] GC(1336) Pause Young (Allocation Failure) 526M->9M(1871M) 10.063ms
[347.262s][info][gc,cpu         ] GC(1336) User=0.00s Sys=0.00s Real=0.01s
[347.592s][info][gc,start       ] GC(1337) Pause Young (Allocation Failure)
[347.596s][info][gc,heap        ] GC(1337) PSYoungGen: 517600K(517632K)->1024K(504832K) Eden: 516608K(516608K)->0K(503808K) From: 992K(1024K)->1024K(1024K)
[347.596s][info][gc,heap        ] GC(1337) ParOldGen: 8293K(1398272K)->8445K(1398272K)
[347.596s][info][gc,metaspace   ] GC(1337) Metaspace: 14396K(15296K)->14396K(15296K) NonClass: 12436K(12992K)->12436K(12992K) Class: 1959K(2304K)->1959K(2304K)
[347.596s][info][gc             ] GC(1337) Pause Young (Allocation Failure) 513M->9M(1858M) 3.243ms
[347.596s][info][gc,cpu         ] GC(1337) User=0.00s Sys=0.00s Real=0.00s
[347.915s][info][gc,start       ] GC(1338) Pause Young (Allocation Failure)
[347.918s][info][gc,heap        ] GC(1338) PSYoungGen: 504832K(504832K)->992K(492544K) Eden: 503808K(503808K)->0K(491520K) From: 1024K(1024K)->992K(1024K)
[347.918s][info][gc,heap        ] GC(1338) ParOldGen: 8445K(1398272K)->8581K(1398272K)
[347.918s][info][gc,metaspace   ] GC(1338) Metaspace: 14396K(15296K)->14396K(15296K) NonClass: 12436K(12992K)->12436K(12992K) Class: 1959K(2304K)->1959K(2304K)
[347.918s][info][gc             ] GC(1338) Pause Young (Allocation Failure) 501M->9M(1846M) 3.215ms
[347.918s][info][gc,cpu         ] GC(1338) User=0.00s Sys=0.00s Real=0.00s
[348.237s][info][gc,start       ] GC(1339) Pause Young (Allocation Failure)
[348.240s][info][gc,heap        ] GC(1339) PSYoungGen: 492512K(492544K)->1024K(480768K) Eden: 491520K(491520K)->0K(479744K) From: 992K(1024K)->1024K(1024K)
[348.240s][info][gc,heap        ] GC(1339) ParOldGen: 8581K(1398272K)->8709K(1398272K)
[348.240s][info][gc,metaspace   ] GC(1339) Metaspace: 14396K(15296K)->14396K(15296K) NonClass: 12436K(12992K)->12436K(12992K) Class: 1959K(2304K)->1959K(2304K)
[348.240s][info][gc             ] GC(1339) Pause Young (Allocation Failure) 489M->9M(1835M) 3.327ms
[348.240s][info][gc,cpu         ] GC(1339) User=0.52s Sys=0.00s Real=0.00s
[348.548s][info][gc,start       ] GC(1340) Pause Young (Allocation Failure)
[348.551s][info][gc,heap        ] GC(1340) PSYoungGen: 480768K(480768K)->1024K(469504K) Eden: 479744K(479744K)->0K(468480K) From: 1024K(1024K)->1024K(1024K)
[348.552s][info][gc,heap        ] GC(1340) ParOldGen: 8709K(1398272K)->8861K(1398272K)
[348.552s][info][gc,metaspace   ] GC(1340) Metaspace: 14396K(15296K)->14396K(15296K) NonClass: 12436K(12992K)->12436K(12992K) Class: 1959K(2304K)->1959K(2304K)
[348.552s][info][gc             ] GC(1340) Pause Young (Allocation Failure) 478M->9M(1824M) 3.300ms
[348.552s][info][gc,cpu         ] GC(1340) User=0.00s Sys=0.02s Real=0.00s
[348.897s][info][gc,start       ] GC(1341) Pause Young (Allocation Failure)
[348.901s][info][gc,heap        ] GC(1341) PSYoungGen: 469504K(469504K)->992K(458752K) Eden: 468480K(468480K)->0K(457728K) From: 1024K(1024K)->992K(1024K)
[348.901s][info][gc,heap        ] GC(1341) ParOldGen: 8861K(1398272K)->9005K(1398272K)
[348.901s][info][gc,metaspace   ] GC(1341) Metaspace: 14396K(15296K)->14396K(15296K) NonClass: 12436K(12992K)->12436K(12992K) Class: 1959K(2304K)->1959K(2304K)
[348.901s][info][gc             ] GC(1341) Pause Young (Allocation Failure) 467M->9M(1813M) 4.358ms
[348.902s][info][gc,cpu         ] GC(1341) User=0.00s Sys=0.00s Real=0.00s
[349.216s][info][gc,start       ] GC(1342) Pause Young (Allocation Failure)
[349.219s][info][gc,heap        ] GC(1342) PSYoungGen: 458720K(458752K)->1024K(448512K) Eden: 457728K(457728K)->0K(447488K) From: 992K(1024K)->1024K(1024K)
[349.219s][info][gc,heap        ] GC(1342) ParOldGen: 9005K(1398272K)->9109K(1398272K)
[349.219s][info][gc,metaspace   ] GC(1342) Metaspace: 14396K(15296K)->14396K(15296K) NonClass: 12436K(12992K)->12436K(12992K) Class: 1959K(2304K)->1959K(2304K)
[349.219s][info][gc             ] GC(1342) Pause Young (Allocation Failure) 456M->9M(1803M) 3.092ms
[349.220s][info][gc,cpu         ] GC(1342) User=0.00s Sys=0.00s Real=0.00s
[349.512s][info][gc,start       ] GC(1343) Pause Young (Allocation Failure)
[349.515s][info][gc,heap        ] GC(1343) PSYoungGen: 448512K(448512K)->1024K(438272K) Eden: 447488K(447488K)->0K(437248K) From: 1024K(1024K)->1024K(1024K)
[349.515s][info][gc,heap        ] GC(1343) ParOldGen: 9109K(1398272K)->9213K(1398272K)
[349.515s][info][gc,metaspace   ] GC(1343) Metaspace: 14396K(15296K)->14396K(15296K) NonClass: 12436K(12992K)->12436K(12992K) Class: 1959K(2304K)->1959K(2304K)
[349.515s][info][gc             ] GC(1343) Pause Young (Allocation Failure) 446M->9M(1793M) 2.995ms
[349.515s][info][gc,cpu         ] GC(1343) User=0.00s Sys=0.00s Real=0.00s
[349.828s][info][gc,start       ] GC(1344) Pause Young (Allocation Failure)
[349.831s][info][gc,heap        ] GC(1344) PSYoungGen: 438272K(438272K)->992K(428544K) Eden: 437248K(437248K)->0K(427520K) From: 1024K(1024K)->992K(1024K)
[349.831s][info][gc,heap        ] GC(1344) ParOldGen: 9213K(1398272K)->9373K(1398272K)
[349.831s][info][gc,metaspace   ] GC(1344) Metaspace: 14396K(15296K)->14396K(15296K) NonClass: 12436K(12992K)->12436K(12992K) Class: 1959K(2304K)->1959K(2304K)
[349.831s][info][gc             ] GC(1344) Pause Young (Allocation Failure) 436M->10M(1784M) 2.805ms
[349.831s][info][gc,cpu         ] GC(1344) User=0.00s Sys=0.00s Real=0.00s
[350.109s][info][gc,start       ] GC(1345) Pause Young (Allocation Failure)
[350.112s][info][gc,heap        ] GC(1345) PSYoungGen: 428512K(428544K)->1024K(419328K) Eden: 427520K(427520K)->0K(418304K) From: 992K(1024K)->1024K(1024K)
[350.112s][info][gc,heap        ] GC(1345) ParOldGen: 9373K(1398272K)->9493K(1398272K)
[350.112s][info][gc,metaspace   ] GC(1345) Metaspace: 14396K(15296K)->14396K(15296K) NonClass: 12436K(12992K)->12436K(12992K) Class: 1959K(2304K)->1959K(2304K)
[350.112s][info][gc             ] GC(1345) Pause Young (Allocation Failure) 427M->10M(1775M) 2.964ms
[350.112s][info][gc,cpu         ] GC(1345) User=0.00s Sys=0.00s Real=0.00s
[350.381s][info][gc,start       ] GC(1346) Pause Young (Allocation Failure)
[350.384s][info][gc,heap        ] GC(1346) PSYoungGen: 419328K(419328K)->1024K(410112K) Eden: 418304K(418304K)->0K(409088K) From: 1024K(1024K)->1024K(1024K)
[350.384s][info][gc,heap        ] GC(1346) ParOldGen: 9493K(1398272K)->9605K(1398272K)
[350.384s][info][gc,metaspace   ] GC(1346) Metaspace: 14396K(15296K)->14396K(15296K) NonClass: 12436K(12992K)->12436K(12992K) Class: 1959K(2304K)->1959K(2304K)
[350.384s][info][gc             ] GC(1346) Pause Young (Allocation Failure) 418M->10M(1766M) 3.016ms
[350.384s][info][gc,cpu         ] GC(1346) User=0.00s Sys=0.00s Real=0.00s
[350.645s][info][gc,start       ] GC(1347) Pause Young (Allocation Failure)
[350.648s][info][gc,heap        ] GC(1347) PSYoungGen: 410112K(410112K)->1024K(401408K) Eden: 409088K(409088K)->0K(400384K) From: 1024K(1024K)->1024K(1024K)
[350.648s][info][gc,heap        ] GC(1347) ParOldGen: 9605K(1398272K)->9717K(1398272K)
[350.648s][info][gc,metaspace   ] GC(1347) Metaspace: 14396K(15296K)->14396K(15296K) NonClass: 12436K(12992K)->12436K(12992K) Class: 1959K(2304K)->1959K(2304K)
[350.648s][info][gc             ] GC(1347) Pause Young (Allocation Failure) 409M->10M(1757M) 3.022ms
[350.648s][info][gc,cpu         ] GC(1347) User=0.00s Sys=0.00s Real=0.00s
[350.901s][info][gc,start       ] GC(1348) Pause Young (Allocation Failure)
[350.904s][info][gc,heap        ] GC(1348) PSYoungGen: 401408K(401408K)->1024K(481792K) Eden: 400384K(400384K)->0K(480768K) From: 1024K(1024K)->1024K(1024K)
[350.904s][info][gc,heap        ] GC(1348) ParOldGen: 9717K(1398272K)->9813K(1398272K)
[350.904s][info][gc,metaspace   ] GC(1348) Metaspace: 14396K(15296K)->14396K(15296K) NonClass: 12436K(12992K)->12436K(12992K) Class: 1959K(2304K)->1959K(2304K)
[350.904s][info][gc             ] GC(1348) Pause Young (Allocation Failure) 401M->10M(1836M) 3.050ms
[350.904s][info][gc,cpu         ] GC(1348) User=0.00s Sys=0.00s Real=0.00s
[351.215s][info][gc,start       ] GC(1349) Pause Young (Allocation Failure)
[351.218s][info][gc,heap        ] GC(1349) PSYoungGen: 481792K(481792K)->1024K(470528K) Eden: 480768K(480768K)->0K(469504K) From: 1024K(1024K)->1024K(1024K)
[351.218s][info][gc,heap        ] GC(1349) ParOldGen: 9813K(1398272K)->9925K(1398272K)
[351.218s][info][gc,metaspace   ] GC(1349) Metaspace: 14396K(15296K)->14396K(15296K) NonClass: 12436K(12992K)->12436K(12992K) Class: 1959K(2304K)->1959K(2304K)
[351.218s][info][gc             ] GC(1349) Pause Young (Allocation Failure) 480M->10M(1825M) 3.188ms
[351.218s][info][gc,cpu         ] GC(1349) User=0.00s Sys=0.00s Real=0.00s
[351.520s][info][gc,start       ] GC(1350) Pause Young (Allocation Failure)
[351.523s][info][gc,heap        ] GC(1350) PSYoungGen: 470528K(470528K)->1024K(459776K) Eden: 469504K(469504K)->0K(458752K) From: 1024K(1024K)->1024K(1024K)
[351.523s][info][gc,heap        ] GC(1350) ParOldGen: 9925K(1398272K)->10069K(1398272K)
[351.523s][info][gc,metaspace   ] GC(1350) Metaspace: 14396K(15296K)->14396K(15296K) NonClass: 12436K(12992K)->12436K(12992K) Class: 1959K(2304K)->1959K(2304K)
[351.523s][info][gc             ] GC(1350) Pause Young (Allocation Failure) 469M->10M(1814M) 3.243ms
[351.523s][info][gc,cpu         ] GC(1350) User=0.52s Sys=0.00s Real=0.00s
[351.817s][info][gc,start       ] GC(1351) Pause Young (Allocation Failure)
[351.820s][info][gc,heap        ] GC(1351) PSYoungGen: 459776K(459776K)->1024K(449536K) Eden: 458752K(458752K)->0K(448512K) From: 1024K(1024K)->1024K(1024K)
[351.820s][info][gc,heap        ] GC(1351) ParOldGen: 10069K(1398272K)->10205K(1398272K)
[351.821s][info][gc,metaspace   ] GC(1351) Metaspace: 14396K(15296K)->14396K(15296K) NonClass: 12436K(12992K)->12436K(12992K) Class: 1959K(2304K)->1959K(2304K)
[351.821s][info][gc             ] GC(1351) Pause Young (Allocation Failure) 458M->10M(1804M) 3.332ms
[351.821s][info][gc,cpu         ] GC(1351) User=0.00s Sys=0.00s Real=0.00s
[352.112s][info][gc,start       ] GC(1352) Pause Young (Allocation Failure)
[352.115s][info][gc,heap        ] GC(1352) PSYoungGen: 449536K(449536K)->1024K(539648K) Eden: 448512K(448512K)->0K(538624K) From: 1024K(1024K)->1024K(1024K)
[352.115s][info][gc,heap        ] GC(1352) ParOldGen: 10205K(1398272K)->10325K(1398272K)
[352.115s][info][gc,metaspace   ] GC(1352) Metaspace: 14396K(15296K)->14396K(15296K) NonClass: 12436K(12992K)->12436K(12992K) Class: 1959K(2304K)->1959K(2304K)
[352.115s][info][gc             ] GC(1352) Pause Young (Allocation Failure) 448M->11M(1892M) 3.333ms
[352.115s][info][gc,cpu         ] GC(1352) User=0.52s Sys=0.00s Real=0.00s
[352.463s][info][gc,start       ] GC(1353) Pause Young (Allocation Failure)
[352.466s][info][gc,heap        ] GC(1353) PSYoungGen: 539648K(539648K)->1024K(526336K) Eden: 538624K(538624K)->0K(525312K) From: 1024K(1024K)->1024K(1024K)
[352.466s][info][gc,heap        ] GC(1353) ParOldGen: 10325K(1398272K)->10445K(1398272K)
[352.466s][info][gc,metaspace   ] GC(1353) Metaspace: 14396K(15296K)->14396K(15296K) NonClass: 12436K(12992K)->12436K(12992K) Class: 1959K(2304K)->1959K(2304K)
[352.466s][info][gc             ] GC(1353) Pause Young (Allocation Failure) 537M->11M(1879M) 3.469ms
[352.466s][info][gc,cpu         ] GC(1353) User=0.00s Sys=0.00s Real=0.00s
[352.808s][info][gc,start       ] GC(1354) Pause Young (Allocation Failure)
[352.812s][info][gc,heap        ] GC(1354) PSYoungGen: 526336K(526336K)->1024K(513536K) Eden: 525312K(525312K)->0K(512512K) From: 1024K(1024K)->1024K(1024K)
[352.812s][info][gc,heap        ] GC(1354) ParOldGen: 10445K(1398272K)->10581K(1398272K)
[352.812s][info][gc,metaspace   ] GC(1354) Metaspace: 14396K(15296K)->14396K(15296K) NonClass: 12436K(12992K)->12436K(12992K) Class: 1959K(2304K)->1959K(2304K)
[352.812s][info][gc             ] GC(1354) Pause Young (Allocation Failure) 524M->11M(1867M) 3.475ms
[352.812s][info][gc,cpu         ] GC(1354) User=0.00s Sys=0.00s Real=0.00s
[353.162s][info][gc,start       ] GC(1355) Pause Young (Allocation Failure)
[353.165s][info][gc,heap        ] GC(1355) PSYoungGen: 513536K(513536K)->992K(501248K) Eden: 512512K(512512K)->0K(500224K) From: 1024K(1024K)->992K(1024K)
[353.165s][info][gc,heap        ] GC(1355) ParOldGen: 10581K(1398272K)->10741K(1398272K)
[353.165s][info][gc,metaspace   ] GC(1355) Metaspace: 14396K(15296K)->14396K(15296K) NonClass: 12436K(12992K)->12436K(12992K) Class: 1959K(2304K)->1959K(2304K)
[353.165s][info][gc             ] GC(1355) Pause Young (Allocation Failure) 511M->11M(1855M) 3.156ms
[353.165s][info][gc,cpu         ] GC(1355) User=0.00s Sys=0.00s Real=0.00s
[353.487s][info][gc,start       ] GC(1356) Pause Young (Allocation Failure)
[353.490s][info][gc,heap        ] GC(1356) PSYoungGen: 501216K(501248K)->960K(489472K) Eden: 500224K(500224K)->0K(488448K) From: 992K(1024K)->960K(1024K)
[353.490s][info][gc,heap        ] GC(1356) ParOldGen: 10741K(1398272K)->10933K(1398272K)
[353.490s][info][gc,metaspace   ] GC(1356) Metaspace: 14396K(15296K)->14396K(15296K) NonClass: 12436K(12992K)->12436K(12992K) Class: 1959K(2304K)->1959K(2304K)
[353.490s][info][gc             ] GC(1356) Pause Young (Allocation Failure) 499M->11M(1843M) 3.190ms
[353.490s][info][gc,cpu         ] GC(1356) User=0.52s Sys=0.00s Real=0.00s
[353.833s][info][gc,start       ] GC(1357) Pause Young (Allocation Failure)
[353.836s][info][gc,heap        ] GC(1357) PSYoungGen: 489408K(489472K)->1024K(478208K) Eden: 488448K(488448K)->0K(477184K) From: 960K(1024K)->1024K(1024K)
[353.836s][info][gc,heap        ] GC(1357) ParOldGen: 10933K(1398272K)->11049K(1398272K)
[353.836s][info][gc,metaspace   ] GC(1357) Metaspace: 14396K(15296K)->14396K(15296K) NonClass: 12436K(12992K)->12436K(12992K) Class: 1959K(2304K)->1959K(2304K)
[353.836s][info][gc             ] GC(1357) Pause Young (Allocation Failure) 488M->11M(1832M) 3.035ms
[353.836s][info][gc,cpu         ] GC(1357) User=0.00s Sys=0.00s Real=0.00s
[354.142s][info][gc,start       ] GC(1358) Pause Young (Allocation Failure)
[354.145s][info][gc,heap        ] GC(1358) PSYoungGen: 478208K(478208K)->1056K(467456K) Eden: 477184K(477184K)->0K(465920K) From: 1024K(1024K)->1056K(1536K)
[354.145s][info][gc,heap        ] GC(1358) ParOldGen: 11049K(1398272K)->11161K(1398272K)
[354.145s][info][gc,metaspace   ] GC(1358) Metaspace: 14396K(15296K)->14396K(15296K) NonClass: 12436K(12992K)->12436K(12992K) Class: 1959K(2304K)->1959K(2304K)
[354.145s][info][gc             ] GC(1358) Pause Young (Allocation Failure) 477M->11M(1822M) 3.182ms
[354.145s][info][gc,cpu         ] GC(1358) User=0.00s Sys=0.00s Real=0.00s
[354.444s][info][gc,start       ] GC(1359) Pause Young (Allocation Failure)
[354.447s][info][gc,heap        ] GC(1359) PSYoungGen: 466976K(467456K)->1024K(456192K) Eden: 465920K(465920K)->0K(455168K) From: 1056K(1536K)->1024K(1024K)
[354.447s][info][gc,heap        ] GC(1359) ParOldGen: 11161K(1398272K)->11289K(1398272K)
[354.447s][info][gc,metaspace   ] GC(1359) Metaspace: 14396K(15296K)->14396K(15296K) NonClass: 12436K(12992K)->12436K(12992K) Class: 1959K(2304K)->1959K(2304K)
[354.447s][info][gc             ] GC(1359) Pause Young (Allocation Failure) 466M->12M(1811M) 3.170ms
[354.447s][info][gc,cpu         ] GC(1359) User=0.00s Sys=0.00s Real=0.00s
[354.736s][info][gc,start       ] GC(1360) Pause Young (Allocation Failure)
[354.740s][info][gc,heap        ] GC(1360) PSYoungGen: 456192K(456192K)->1056K(446464K) Eden: 455168K(455168K)->0K(444928K) From: 1024K(1024K)->1056K(1536K)
[354.740s][info][gc,heap        ] GC(1360) ParOldGen: 11289K(1398272K)->11401K(1398272K)
[354.740s][info][gc,metaspace   ] GC(1360) Metaspace: 14396K(15296K)->14396K(15296K) NonClass: 12436K(12992K)->12436K(12992K) Class: 1959K(2304K)->1959K(2304K)
[354.740s][info][gc             ] GC(1360) Pause Young (Allocation Failure) 456M->12M(1801M) 3.254ms
[354.740s][info][gc,cpu         ] GC(1360) User=0.52s Sys=0.00s Real=0.00s
[355.018s][info][gc,start       ] GC(1361) Pause Young (Allocation Failure)
[355.021s][info][gc,heap        ] GC(1361) PSYoungGen: 445984K(446464K)->960K(436224K) Eden: 444928K(444928K)->0K(435200K) From: 1056K(1536K)->960K(1024K)
[355.021s][info][gc,heap        ] GC(1361) ParOldGen: 11401K(1398272K)->11537K(1398272K)
[355.021s][info][gc,metaspace   ] GC(1361) Metaspace: 14396K(15296K)->14396K(15296K) NonClass: 12436K(12992K)->12436K(12992K) Class: 1959K(2304K)->1959K(2304K)
[355.021s][info][gc             ] GC(1361) Pause Young (Allocation Failure) 446M->12M(1791M) 3.190ms
[355.021s][info][gc,cpu         ] GC(1361) User=0.00s Sys=0.00s Real=0.00s
[355.294s][info][gc,start       ] GC(1362) Pause Young (Allocation Failure)
[355.297s][info][gc,heap        ] GC(1362) PSYoungGen: 436160K(436224K)->1024K(523264K) Eden: 435200K(435200K)->0K(522240K) From: 960K(1024K)->1024K(1024K)
[355.297s][info][gc,heap        ] GC(1362) ParOldGen: 11537K(1398272K)->11665K(1398272K)
[355.297s][info][gc,metaspace   ] GC(1362) Metaspace: 14396K(15296K)->14396K(15296K) NonClass: 12436K(12992K)->12436K(12992K) Class: 1959K(2304K)->1959K(2304K)
[355.297s][info][gc             ] GC(1362) Pause Young (Allocation Failure) 437M->12M(1876M) 3.336ms
[355.297s][info][gc,cpu         ] GC(1362) User=0.00s Sys=0.00s Real=0.00s
[355.619s][info][gc,start       ] GC(1363) Pause Young (Allocation Failure)
[355.622s][info][gc,heap        ] GC(1363) PSYoungGen: 523264K(523264K)->928K(605184K) Eden: 522240K(522240K)->0K(603648K) From: 1024K(1024K)->928K(1536K)
[355.622s][info][gc,heap        ] GC(1363) ParOldGen: 11665K(1398272K)->11801K(1398272K)
[355.622s][info][gc,metaspace   ] GC(1363) Metaspace: 14396K(15296K)->14396K(15296K) NonClass: 12436K(12992K)->12436K(12992K) Class: 1959K(2304K)->1959K(2304K)
[355.622s][info][gc             ] GC(1363) Pause Young (Allocation Failure) 522M->12M(1956M) 3.573ms
[355.622s][info][gc,cpu         ] GC(1363) User=0.00s Sys=0.00s Real=0.00s
[355.974s][info][gc,start       ] GC(1364) Pause Young (System.gc())
[355.978s][info][gc,heap        ] GC(1364) PSYoungGen: 582964K(605184K)->352K(605184K) Eden: 582036K(603648K)->0K(603648K) From: 928K(1536K)->352K(1536K)
[355.978s][info][gc,heap        ] GC(1364) ParOldGen: 11801K(1398272K)->11881K(1398272K)
[355.978s][info][gc,metaspace   ] GC(1364) Metaspace: 14396K(15296K)->14396K(15296K) NonClass: 12436K(12992K)->12436K(12992K) Class: 1959K(2304K)->1959K(2304K)
[355.978s][info][gc             ] GC(1364) Pause Young (System.gc()) 580M->11M(1956M) 3.516ms
[355.978s][info][gc,cpu         ] GC(1364) User=0.00s Sys=0.00s Real=0.00s
[355.978s][info][gc,start       ] GC(1365) Pause Full (System.gc())
[355.978s][info][gc,phases,start] GC(1365) Marking Phase
[355.993s][info][gc,phases      ] GC(1365) Marking Phase 14.939ms
[355.993s][info][gc,phases,start] GC(1365) Summary Phase
[355.993s][info][gc,phases      ] GC(1365) Summary Phase 0.020ms
[355.993s][info][gc,phases,start] GC(1365) Adjust Roots
[355.999s][info][gc,phases      ] GC(1365) Adjust Roots 5.723ms
[355.999s][info][gc,phases,start] GC(1365) Compaction Phase
[356.001s][info][gc,phases      ] GC(1365) Compaction Phase 1.888ms
[356.001s][info][gc,phases,start] GC(1365) Post Compact
[356.001s][info][gc,phases      ] GC(1365) Post Compact 0.556ms
[356.001s][info][gc,heap        ] GC(1365) PSYoungGen: 352K(605184K)->0K(605184K) Eden: 0K(603648K)->0K(603648K) From: 352K(1536K)->0K(1536K)
[356.001s][info][gc,heap        ] GC(1365) ParOldGen: 11881K(1398272K)->5375K(1398272K)
[356.001s][info][gc,metaspace   ] GC(1365) Metaspace: 14396K(15296K)->14396K(15296K) NonClass: 12436K(12992K)->12436K(12992K) Class: 1959K(2304K)->1959K(2304K)
[356.002s][info][gc             ] GC(1365) Pause Full (System.gc()) 11M->5M(1956M) 23.415ms
[356.002s][info][gc,cpu         ] GC(1365) User=0.02s Sys=0.00s Real=0.02s
[356.481s][info][gc,start       ] GC(1366) Pause Young (Allocation Failure)
[356.484s][info][gc,heap        ] GC(1366) PSYoungGen: 603648K(605184K)->1536K(589312K) Eden: 603648K(603648K)->0K(587776K) From: 0K(1536K)->1536K(1536K)
[356.484s][info][gc,heap        ] GC(1366) ParOldGen: 5375K(1398272K)->5770K(1398272K)
[356.484s][info][gc,metaspace   ] GC(1366) Metaspace: 14396K(15296K)->14396K(15296K) NonClass: 12436K(12992K)->12436K(12992K) Class: 1959K(2304K)->1959K(2304K)
[356.484s][info][gc             ] GC(1366) Pause Young (Allocation Failure) 594M->7M(1941M) 3.759ms
[356.484s][info][gc,cpu         ] GC(1366) User=0.00s Sys=0.00s Real=0.00s
[356.856s][info][gc,start       ] GC(1367) Pause Young (Allocation Failure)
[356.859s][info][gc,heap        ] GC(1367) PSYoungGen: 589312K(589312K)->1056K(573952K) Eden: 587776K(587776K)->0K(572416K) From: 1536K(1536K)->1056K(1536K)
[356.859s][info][gc,heap        ] GC(1367) ParOldGen: 5770K(1398272K)->7142K(1398272K)
[356.859s][info][gc,metaspace   ] GC(1367) Metaspace: 14396K(15296K)->14396K(15296K) NonClass: 12436K(12992K)->12436K(12992K) Class: 1959K(2304K)->1959K(2304K)
[356.859s][info][gc             ] GC(1367) Pause Young (Allocation Failure) 581M->8M(1926M) 3.374ms
[356.859s][info][gc,cpu         ] GC(1367) User=0.00s Sys=0.00s Real=0.00s
[357.226s][info][gc,start       ] GC(1368) Pause Young (Allocation Failure)
[357.229s][info][gc,heap        ] GC(1368) PSYoungGen: 573472K(573952K)->1056K(559104K) Eden: 572416K(572416K)->0K(557568K) From: 1056K(1536K)->1056K(1536K)
[357.229s][info][gc,heap        ] GC(1368) ParOldGen: 7142K(1398272K)->7278K(1398272K)
[357.229s][info][gc,metaspace   ] GC(1368) Metaspace: 14396K(15296K)->14396K(15296K) NonClass: 12436K(12992K)->12436K(12992K) Class: 1959K(2304K)->1959K(2304K)
[357.229s][info][gc             ] GC(1368) Pause Young (Allocation Failure) 567M->8M(1911M) 3.093ms
[357.229s][info][gc,cpu         ] GC(1368) User=0.00s Sys=0.00s Real=0.00s
[357.590s][info][gc,start       ] GC(1369) Pause Young (Allocation Failure)
[357.593s][info][gc,heap        ] GC(1369) PSYoungGen: 558624K(559104K)->1024K(544256K) Eden: 557568K(557568K)->0K(543232K) From: 1056K(1536K)->1024K(1024K)
[357.593s][info][gc,heap        ] GC(1369) ParOldGen: 7278K(1398272K)->7454K(1398272K)
[357.593s][info][gc,metaspace   ] GC(1369) Metaspace: 14396K(15296K)->14396K(15296K) NonClass: 12436K(12992K)->12436K(12992K) Class: 1959K(2304K)->1959K(2304K)
[357.593s][info][gc             ] GC(1369) Pause Young (Allocation Failure) 552M->8M(1897M) 3.289ms
[357.593s][info][gc,cpu         ] GC(1369) User=0.00s Sys=0.00s Real=0.00s
[357.946s][info][gc,start       ] GC(1370) Pause Young (Allocation Failure)
[357.949s][info][gc,heap        ] GC(1370) PSYoungGen: 544256K(544256K)->1024K(530944K) Eden: 543232K(543232K)->0K(529920K) From: 1024K(1024K)->1024K(1024K)
[357.949s][info][gc,heap        ] GC(1370) ParOldGen: 7454K(1398272K)->7622K(1398272K)
[357.949s][info][gc,metaspace   ] GC(1370) Metaspace: 14396K(15296K)->14396K(15296K) NonClass: 12436K(12992K)->12436K(12992K) Class: 1959K(2304K)->1959K(2304K)
[357.949s][info][gc             ] GC(1370) Pause Young (Allocation Failure) 538M->8M(1884M) 3.223ms
[357.949s][info][gc,cpu         ] GC(1370) User=0.00s Sys=0.00s Real=0.00s
[358.290s][info][gc,start       ] GC(1371) Pause Young (Allocation Failure)
[358.294s][info][gc,heap        ] GC(1371) PSYoungGen: 530944K(530944K)->1056K(518144K) Eden: 529920K(529920K)->0K(516608K) From: 1024K(1024K)->1056K(1536K)
[358.294s][info][gc,heap        ] GC(1371) ParOldGen: 7622K(1398272K)->7726K(1398272K)
[358.294s][info][gc,metaspace   ] GC(1371) Metaspace: 14396K(15296K)->14396K(15296K) NonClass: 12436K(12992K)->12436K(12992K) Class: 1959K(2304K)->1959K(2304K)
[358.294s][info][gc             ] GC(1371) Pause Young (Allocation Failure) 525M->8M(1871M) 3.264ms
[358.294s][info][gc,cpu         ] GC(1371) User=0.00s Sys=0.00s Real=0.00s
[358.628s][info][gc,start       ] GC(1372) Pause Young (Allocation Failure)
[358.631s][info][gc,heap        ] GC(1372) PSYoungGen: 517664K(518144K)->1024K(504832K) Eden: 516608K(516608K)->0K(503808K) From: 1056K(1536K)->1024K(1024K)
[358.631s][info][gc,heap        ] GC(1372) ParOldGen: 7726K(1398272K)->7878K(1398272K)
[358.631s][info][gc,metaspace   ] GC(1372) Metaspace: 14396K(15296K)->14396K(15296K) NonClass: 12436K(12992K)->12436K(12992K) Class: 1959K(2304K)->1959K(2304K)
[358.631s][info][gc             ] GC(1372) Pause Young (Allocation Failure) 513M->8M(1858M) 3.319ms
[358.631s][info][gc,cpu         ] GC(1372) User=0.52s Sys=0.00s Real=0.00s
[358.959s][info][gc,start       ] GC(1373) Pause Young (Allocation Failure)
[358.962s][info][gc,heap        ] GC(1373) PSYoungGen: 504832K(504832K)->1024K(492544K) Eden: 503808K(503808K)->0K(491520K) From: 1024K(1024K)->1024K(1024K)
[358.962s][info][gc,heap        ] GC(1373) ParOldGen: 7878K(1398272K)->8006K(1398272K)
[358.962s][info][gc,metaspace   ] GC(1373) Metaspace: 14396K(15296K)->14396K(15296K) NonClass: 12436K(12992K)->12436K(12992K) Class: 1959K(2304K)->1959K(2304K)
[358.962s][info][gc             ] GC(1373) Pause Young (Allocation Failure) 500M->8M(1846M) 3.364ms
[358.962s][info][gc,cpu         ] GC(1373) User=0.00s Sys=0.00s Real=0.00s
[359.331s][info][gc,start       ] GC(1374) Pause Young (Allocation Failure)
[359.335s][info][gc,heap        ] GC(1374) PSYoungGen: 492544K(492544K)->1056K(481280K) Eden: 491520K(491520K)->0K(479744K) From: 1024K(1024K)->1056K(1536K)
[359.335s][info][gc,heap        ] GC(1374) ParOldGen: 8006K(1398272K)->8134K(1398272K)
[359.335s][info][gc,metaspace   ] GC(1374) Metaspace: 14396K(15296K)->14396K(15296K) NonClass: 12436K(12992K)->12436K(12992K) Class: 1959K(2304K)->1959K(2304K)
[359.335s][info][gc             ] GC(1374) Pause Young (Allocation Failure) 488M->8M(1835M) 4.404ms
[359.335s][info][gc,cpu         ] GC(1374) User=0.00s Sys=0.00s Real=0.00s
[359.666s][info][gc,start       ] GC(1375) Pause Young (Allocation Failure)
[359.669s][info][gc,heap        ] GC(1375) PSYoungGen: 480800K(481280K)->1024K(469504K) Eden: 479744K(479744K)->0K(468480K) From: 1056K(1536K)->1024K(1024K)
[359.669s][info][gc,heap        ] GC(1375) ParOldGen: 8134K(1398272K)->8246K(1398272K)
[359.669s][info][gc,metaspace   ] GC(1375) Metaspace: 14396K(15296K)->14396K(15296K) NonClass: 12436K(12992K)->12436K(12992K) Class: 1959K(2304K)->1959K(2304K)
[359.669s][info][gc             ] GC(1375) Pause Young (Allocation Failure) 477M->9M(1824M) 3.172ms
[359.669s][info][gc,cpu         ] GC(1375) User=0.00s Sys=0.00s Real=0.00s
[359.972s][info][gc,start       ] GC(1376) Pause Young (Allocation Failure)
[359.975s][info][gc,heap        ] GC(1376) PSYoungGen: 469504K(469504K)->1024K(458752K) Eden: 468480K(468480K)->0K(457728K) From: 1024K(1024K)->1024K(1024K)
[359.975s][info][gc,heap        ] GC(1376) ParOldGen: 8246K(1398272K)->8382K(1398272K)
[359.975s][info][gc,metaspace   ] GC(1376) Metaspace: 14396K(15296K)->14396K(15296K) NonClass: 12436K(12992K)->12436K(12992K) Class: 1959K(2304K)->1959K(2304K)
[359.975s][info][gc             ] GC(1376) Pause Young (Allocation Failure) 466M->9M(1813M) 3.028ms
[359.975s][info][gc,cpu         ] GC(1376) User=0.34s Sys=0.02s Real=0.00s
[360.299s][info][gc,start       ] GC(1377) Pause Young (Allocation Failure)
[360.302s][info][gc,heap        ] GC(1377) PSYoungGen: 458752K(458752K)->1056K(449024K) Eden: 457728K(457728K)->0K(447488K) From: 1024K(1024K)->1056K(1536K)
[360.302s][info][gc,heap        ] GC(1377) ParOldGen: 8382K(1398272K)->8494K(1398272K)
[360.302s][info][gc,metaspace   ] GC(1377) Metaspace: 14396K(15296K)->14396K(15296K) NonClass: 12436K(12992K)->12436K(12992K) Class: 1959K(2304K)->1959K(2304K)
[360.302s][info][gc             ] GC(1377) Pause Young (Allocation Failure) 456M->9M(1804M) 2.927ms
[360.302s][info][gc,cpu         ] GC(1377) User=0.52s Sys=0.00s Real=0.00s
[360.594s][info][gc,start       ] GC(1378) Pause Young (Allocation Failure)
[360.597s][info][gc,heap        ] GC(1378) PSYoungGen: 448544K(449024K)->1024K(438272K) Eden: 447488K(447488K)->0K(437248K) From: 1056K(1536K)->1024K(1024K)
[360.597s][info][gc,heap        ] GC(1378) ParOldGen: 8494K(1398272K)->8646K(1398272K)
[360.597s][info][gc,metaspace   ] GC(1378) Metaspace: 14396K(15296K)->14396K(15296K) NonClass: 12436K(12992K)->12436K(12992K) Class: 1959K(2304K)->1959K(2304K)
[360.597s][info][gc             ] GC(1378) Pause Young (Allocation Failure) 446M->9M(1793M) 3.021ms
[360.597s][info][gc,cpu         ] GC(1378) User=0.00s Sys=0.00s Real=0.00s
[360.878s][info][gc,start       ] GC(1379) Pause Young (Allocation Failure)
[360.881s][info][gc,heap        ] GC(1379) PSYoungGen: 438272K(438272K)->1024K(428544K) Eden: 437248K(437248K)->0K(427520K) From: 1024K(1024K)->1024K(1024K)
[360.881s][info][gc,heap        ] GC(1379) ParOldGen: 8646K(1398272K)->8774K(1398272K)
[360.881s][info][gc,metaspace   ] GC(1379) Metaspace: 14396K(15296K)->14396K(15296K) NonClass: 12436K(12992K)->12436K(12992K) Class: 1959K(2304K)->1959K(2304K)
[360.881s][info][gc             ] GC(1379) Pause Young (Allocation Failure) 436M->9M(1784M) 3.053ms
[360.881s][info][gc,cpu         ] GC(1379) User=0.52s Sys=0.00s Real=0.00s
[361.155s][info][gc,start       ] GC(1380) Pause Young (Allocation Failure)
[361.158s][info][gc,heap        ] GC(1380) PSYoungGen: 428544K(428544K)->992K(419328K) Eden: 427520K(427520K)->0K(418304K) From: 1024K(1024K)->992K(1024K)
[361.159s][info][gc,heap        ] GC(1380) ParOldGen: 8774K(1398272K)->8878K(1398272K)
[361.159s][info][gc,metaspace   ] GC(1380) Metaspace: 14396K(15296K)->14396K(15296K) NonClass: 12436K(12992K)->12436K(12992K) Class: 1959K(2304K)->1959K(2304K)
[361.159s][info][gc             ] GC(1380) Pause Young (Allocation Failure) 427M->9M(1775M) 3.058ms
[361.159s][info][gc,cpu         ] GC(1380) User=0.00s Sys=0.00s Real=0.00s
[361.428s][info][gc,start       ] GC(1381) Pause Young (Allocation Failure)
[361.432s][info][gc,heap        ] GC(1381) PSYoungGen: 419296K(419328K)->1056K(410624K) Eden: 418304K(418304K)->0K(409088K) From: 992K(1024K)->1056K(1536K)
[361.432s][info][gc,heap        ] GC(1381) ParOldGen: 8878K(1398272K)->8990K(1398272K)
[361.432s][info][gc,metaspace   ] GC(1381) Metaspace: 14396K(15296K)->14396K(15296K) NonClass: 12436K(12992K)->12436K(12992K) Class: 1959K(2304K)->1959K(2304K)
[361.432s][info][gc             ] GC(1381) Pause Young (Allocation Failure) 418M->9M(1766M) 3.147ms
[361.432s][info][gc,cpu         ] GC(1381) User=0.00s Sys=0.00s Real=0.00s
[361.697s][info][gc,start       ] GC(1382) Pause Young (Allocation Failure)
[361.700s][info][gc,heap        ] GC(1382) PSYoungGen: 410144K(410624K)->1024K(492032K) Eden: 409088K(409088K)->0K(491008K) From: 1056K(1536K)->1024K(1024K)
[361.700s][info][gc,heap        ] GC(1382) ParOldGen: 8990K(1398272K)->9102K(1398272K)
[361.700s][info][gc,metaspace   ] GC(1382) Metaspace: 14396K(15296K)->14396K(15296K) NonClass: 12436K(12992K)->12436K(12992K) Class: 1959K(2304K)->1959K(2304K)
[361.700s][info][gc             ] GC(1382) Pause Young (Allocation Failure) 409M->9M(1846M) 3.122ms
[361.700s][info][gc,cpu         ] GC(1382) User=0.00s Sys=0.00s Real=0.00s
[362.152s][info][gc,start       ] GC(1383) Pause Young (Allocation Failure)
[362.157s][info][gc,heap        ] GC(1383) PSYoungGen: 492032K(492032K)->1024K(480256K) Eden: 491008K(491008K)->0K(479232K) From: 1024K(1024K)->1024K(1024K)
[362.157s][info][gc,heap        ] GC(1383) ParOldGen: 9102K(1398272K)->9182K(1398272K)
[362.157s][info][gc,metaspace   ] GC(1383) Metaspace: 14396K(15296K)->14396K(15296K) NonClass: 12436K(12992K)->12436K(12992K) Class: 1959K(2304K)->1959K(2304K)
[362.157s][info][gc             ] GC(1383) Pause Young (Allocation Failure) 489M->9M(1834M) 4.310ms
[362.157s][info][gc,cpu         ] GC(1383) User=0.00s Sys=0.00s Real=0.00s
[362.487s][info][gc,start       ] GC(1384) Pause Young (Allocation Failure)
[362.490s][info][gc,heap        ] GC(1384) PSYoungGen: 480256K(480256K)->1024K(468992K) Eden: 479232K(479232K)->0K(467968K) From: 1024K(1024K)->1024K(1024K)
[362.490s][info][gc,heap        ] GC(1384) ParOldGen: 9182K(1398272K)->9326K(1398272K)
[362.490s][info][gc,metaspace   ] GC(1384) Metaspace: 14396K(15296K)->14396K(15296K) NonClass: 12436K(12992K)->12436K(12992K) Class: 1959K(2304K)->1959K(2304K)
[362.490s][info][gc             ] GC(1384) Pause Young (Allocation Failure) 477M->10M(1823M) 3.008ms
[362.490s][info][gc,cpu         ] GC(1384) User=0.52s Sys=0.00s Real=0.00s
[362.797s][info][gc,start       ] GC(1385) Pause Young (Allocation Failure)
[362.800s][info][gc,heap        ] GC(1385) PSYoungGen: 468992K(468992K)->1056K(458752K) Eden: 467968K(467968K)->0K(457216K) From: 1024K(1024K)->1056K(1536K)
[362.800s][info][gc,heap        ] GC(1385) ParOldGen: 9326K(1398272K)->9430K(1398272K)
[362.800s][info][gc,metaspace   ] GC(1385) Metaspace: 14396K(15296K)->14396K(15296K) NonClass: 12436K(12992K)->12436K(12992K) Class: 1959K(2304K)->1959K(2304K)
[362.800s][info][gc             ] GC(1385) Pause Young (Allocation Failure) 467M->10M(1813M) 2.966ms
[362.800s][info][gc,cpu         ] GC(1385) User=0.00s Sys=0.00s Real=0.00s
[363.122s][info][gc,start       ] GC(1386) Pause Young (Allocation Failure)
[363.124s][info][gc,heap        ] GC(1386) PSYoungGen: 458272K(458752K)->1024K(448000K) Eden: 457216K(457216K)->0K(446976K) From: 1056K(1536K)->1024K(1024K)
[363.124s][info][gc,heap        ] GC(1386) ParOldGen: 9430K(1398272K)->9550K(1398272K)
[363.124s][info][gc,metaspace   ] GC(1386) Metaspace: 14396K(15296K)->14396K(15296K) NonClass: 12436K(12992K)->12436K(12992K) Class: 1959K(2304K)->1959K(2304K)
[363.124s][info][gc             ] GC(1386) Pause Young (Allocation Failure) 456M->10M(1803M) 2.724ms
[363.124s][info][gc,cpu         ] GC(1386) User=0.00s Sys=0.00s Real=0.00s
[363.413s][info][gc,start       ] GC(1387) Pause Young (Allocation Failure)
[363.416s][info][gc,heap        ] GC(1387) PSYoungGen: 448000K(448000K)->1024K(437760K) Eden: 446976K(446976K)->0K(436736K) From: 1024K(1024K)->1024K(1024K)
[363.416s][info][gc,heap        ] GC(1387) ParOldGen: 9550K(1398272K)->9646K(1398272K)
[363.416s][info][gc,metaspace   ] GC(1387) Metaspace: 14396K(15296K)->14396K(15296K) NonClass: 12436K(12992K)->12436K(12992K) Class: 1959K(2304K)->1959K(2304K)
[363.416s][info][gc             ] GC(1387) Pause Young (Allocation Failure) 446M->10M(1793M) 2.887ms
[363.416s][info][gc,cpu         ] GC(1387) User=0.00s Sys=0.00s Real=0.00s
[363.698s][info][gc,start       ] GC(1388) Pause Young (Allocation Failure)
[363.701s][info][gc,heap        ] GC(1388) PSYoungGen: 437760K(437760K)->1024K(428032K) Eden: 436736K(436736K)->0K(427008K) From: 1024K(1024K)->1024K(1024K)
[363.701s][info][gc,heap        ] GC(1388) ParOldGen: 9646K(1398272K)->9790K(1398272K)
[363.701s][info][gc,metaspace   ] GC(1388) Metaspace: 14396K(15296K)->14396K(15296K) NonClass: 12436K(12992K)->12436K(12992K) Class: 1959K(2304K)->1959K(2304K)
[363.701s][info][gc             ] GC(1388) Pause Young (Allocation Failure) 436M->10M(1783M) 2.947ms
[363.701s][info][gc,cpu         ] GC(1388) User=0.00s Sys=0.00s Real=0.00s
[363.975s][info][gc,start       ] GC(1389) Pause Young (Allocation Failure)
[363.978s][info][gc,heap        ] GC(1389) PSYoungGen: 428032K(428032K)->1024K(418816K) Eden: 427008K(427008K)->0K(417792K) From: 1024K(1024K)->1024K(1024K)
[363.978s][info][gc,heap        ] GC(1389) ParOldGen: 9790K(1398272K)->9870K(1398272K)
[363.978s][info][gc,metaspace   ] GC(1389) Metaspace: 14396K(15296K)->14396K(15296K) NonClass: 12436K(12992K)->12436K(12992K) Class: 1959K(2304K)->1959K(2304K)
[363.978s][info][gc             ] GC(1389) Pause Young (Allocation Failure) 427M->10M(1774M) 2.960ms
[363.978s][info][gc,cpu         ] GC(1389) User=0.00s Sys=0.00s Real=0.00s
[364.248s][info][gc,start       ] GC(1390) Pause Young (Allocation Failure)
[364.251s][info][gc,heap        ] GC(1390) PSYoungGen: 418816K(418816K)->1024K(409600K) Eden: 417792K(417792K)->0K(408576K) From: 1024K(1024K)->1024K(1024K)
[364.251s][info][gc,heap        ] GC(1390) ParOldGen: 9870K(1398272K)->9966K(1398272K)
[364.251s][info][gc,metaspace   ] GC(1390) Metaspace: 14396K(15296K)->14396K(15296K) NonClass: 12436K(12992K)->12436K(12992K) Class: 1959K(2304K)->1959K(2304K)
[364.251s][info][gc             ] GC(1390) Pause Young (Allocation Failure) 418M->10M(1765M) 3.019ms
[364.251s][info][gc,cpu         ] GC(1390) User=0.00s Sys=0.00s Real=0.00s
[364.513s][info][gc,start       ] GC(1391) Pause Young (Allocation Failure)
[364.516s][info][gc,heap        ] GC(1391) PSYoungGen: 409600K(409600K)->1024K(491520K) Eden: 408576K(408576K)->0K(490496K) From: 1024K(1024K)->1024K(1024K)
[364.516s][info][gc,heap        ] GC(1391) ParOldGen: 9966K(1398272K)->10062K(1398272K)
[364.516s][info][gc,metaspace   ] GC(1391) Metaspace: 14396K(15296K)->14396K(15296K) NonClass: 12436K(12992K)->12436K(12992K) Class: 1959K(2304K)->1959K(2304K)
[364.516s][info][gc             ] GC(1391) Pause Young (Allocation Failure) 409M->10M(1845M) 3.132ms
[364.516s][info][gc,cpu         ] GC(1391) User=0.00s Sys=0.00s Real=0.00s
[364.832s][info][gc,start       ] GC(1392) Pause Young (Allocation Failure)
[364.835s][info][gc,heap        ] GC(1392) PSYoungGen: 491520K(491520K)->1024K(479744K) Eden: 490496K(490496K)->0K(478720K) From: 1024K(1024K)->1024K(1024K)
[364.835s][info][gc,heap        ] GC(1392) ParOldGen: 10062K(1398272K)->10174K(1398272K)
[364.835s][info][gc,metaspace   ] GC(1392) Metaspace: 14396K(15296K)->14396K(15296K) NonClass: 12436K(12992K)->12436K(12992K) Class: 1959K(2304K)->1959K(2304K)
[364.835s][info][gc             ] GC(1392) Pause Young (Allocation Failure) 489M->10M(1834M) 3.200ms
[364.835s][info][gc,cpu         ] GC(1392) User=0.52s Sys=0.00s Real=0.00s
[365.140s][info][gc,start       ] GC(1393) Pause Young (Allocation Failure)
[365.144s][info][gc,heap        ] GC(1393) PSYoungGen: 479744K(479744K)->1024K(468480K) Eden: 478720K(478720K)->0K(467456K) From: 1024K(1024K)->1024K(1024K)
[365.144s][info][gc,heap        ] GC(1393) ParOldGen: 10174K(1398272K)->10294K(1398272K)
[365.144s][info][gc,metaspace   ] GC(1393) Metaspace: 14396K(15296K)->14396K(15296K) NonClass: 12436K(12992K)->12436K(12992K) Class: 1959K(2304K)->1959K(2304K)
[365.144s][info][gc             ] GC(1393) Pause Young (Allocation Failure) 478M->11M(1823M) 3.256ms
[365.144s][info][gc,cpu         ] GC(1393) User=0.00s Sys=0.00s Real=0.00s
[365.442s][info][gc,start       ] GC(1394) Pause Young (Allocation Failure)
[365.445s][info][gc,heap        ] GC(1394) PSYoungGen: 468480K(468480K)->1024K(457728K) Eden: 467456K(467456K)->0K(456704K) From: 1024K(1024K)->1024K(1024K)
[365.445s][info][gc,heap        ] GC(1394) ParOldGen: 10294K(1398272K)->10390K(1398272K)
[365.445s][info][gc,metaspace   ] GC(1394) Metaspace: 14396K(15296K)->14396K(15296K) NonClass: 12436K(12992K)->12436K(12992K) Class: 1959K(2304K)->1959K(2304K)
[365.445s][info][gc             ] GC(1394) Pause Young (Allocation Failure) 467M->11M(1812M) 3.297ms
[365.445s][info][gc,cpu         ] GC(1394) User=0.45s Sys=0.03s Real=0.00s
[365.739s][info][gc,start       ] GC(1395) Pause Young (Allocation Failure)
[365.742s][info][gc,heap        ] GC(1395) PSYoungGen: 457728K(457728K)->1056K(549888K) Eden: 456704K(456704K)->0K(548352K) From: 1024K(1024K)->1056K(1536K)
[365.743s][info][gc,heap        ] GC(1395) ParOldGen: 10390K(1398272K)->10486K(1398272K)
[365.743s][info][gc,metaspace   ] GC(1395) Metaspace: 14396K(15296K)->14396K(15296K) NonClass: 12436K(12992K)->12436K(12992K) Class: 1959K(2304K)->1959K(2304K)
[365.743s][info][gc             ] GC(1395) Pause Young (Allocation Failure) 457M->11M(1902M) 3.260ms
[365.743s][info][gc,cpu         ] GC(1395) User=0.00s Sys=0.00s Real=0.00s
[366.096s][info][gc,start       ] GC(1396) Pause Young (Allocation Failure)
[366.099s][info][gc,heap        ] GC(1396) PSYoungGen: 549408K(549888K)->1024K(535552K) Eden: 548352K(548352K)->0K(534528K) From: 1056K(1536K)->1024K(1024K)
[366.099s][info][gc,heap        ] GC(1396) ParOldGen: 10486K(1398272K)->10590K(1398272K)
[366.099s][info][gc,metaspace   ] GC(1396) Metaspace: 14396K(15296K)->14396K(15296K) NonClass: 12436K(12992K)->12436K(12992K) Class: 1959K(2304K)->1959K(2304K)
[366.099s][info][gc             ] GC(1396) Pause Young (Allocation Failure) 546M->11M(1888M) 3.403ms
[366.099s][info][gc,cpu         ] GC(1396) User=0.52s Sys=0.00s Real=0.00s
[366.468s][info][gc,start       ] GC(1397) Pause Young (Allocation Failure)
[366.481s][info][gc,heap        ] GC(1397) PSYoungGen: 535552K(535552K)->1024K(522240K) Eden: 534528K(534528K)->0K(521216K) From: 1024K(1024K)->1024K(1024K)
[366.481s][info][gc,heap        ] GC(1397) ParOldGen: 10590K(1398272K)->10722K(1398272K)
[366.481s][info][gc,metaspace   ] GC(1397) Metaspace: 14396K(15296K)->14396K(15296K) NonClass: 12436K(12992K)->12436K(12992K) Class: 1959K(2304K)->1959K(2304K)
[366.481s][info][gc             ] GC(1397) Pause Young (Allocation Failure) 533M->11M(1875M) 13.071ms
[366.481s][info][gc,cpu         ] GC(1397) User=0.00s Sys=0.00s Real=0.01s
[366.815s][info][gc,start       ] GC(1398) Pause Young (Allocation Failure)
[366.818s][info][gc,heap        ] GC(1398) PSYoungGen: 522240K(522240K)->1024K(509440K) Eden: 521216K(521216K)->0K(508416K) From: 1024K(1024K)->1024K(1024K)
[366.818s][info][gc,heap        ] GC(1398) ParOldGen: 10722K(1398272K)->10858K(1398272K)
[366.818s][info][gc,metaspace   ] GC(1398) Metaspace: 14396K(15296K)->14396K(15296K) NonClass: 12436K(12992K)->12436K(12992K) Class: 1959K(2304K)->1959K(2304K)
[366.818s][info][gc             ] GC(1398) Pause Young (Allocation Failure) 520M->11M(1863M) 3.076ms
[366.818s][info][gc,cpu         ] GC(1398) User=0.52s Sys=0.00s Real=0.00s
[367.164s][info][gc,start       ] GC(1399) Pause Young (Allocation Failure)
[367.167s][info][gc,heap        ] GC(1399) PSYoungGen: 509440K(509440K)->1056K(497664K) Eden: 508416K(508416K)->0K(496128K) From: 1024K(1024K)->1056K(1536K)
[367.167s][info][gc,heap        ] GC(1399) ParOldGen: 10858K(1398272K)->10954K(1398272K)
[367.167s][info][gc,metaspace   ] GC(1399) Metaspace: 14396K(15296K)->14396K(15296K) NonClass: 12436K(12992K)->12436K(12992K) Class: 1959K(2304K)->1959K(2304K)
[367.167s][info][gc             ] GC(1399) Pause Young (Allocation Failure) 508M->11M(1851M) 3.027ms
[367.167s][info][gc,cpu         ] GC(1399) User=0.00s Sys=0.00s Real=0.00s
[367.486s][info][gc,start       ] GC(1400) Pause Young (Allocation Failure)
[367.489s][info][gc,heap        ] GC(1400) PSYoungGen: 497184K(497664K)->992K(485376K) Eden: 496128K(496128K)->0K(484352K) From: 1056K(1536K)->992K(1024K)
[367.489s][info][gc,heap        ] GC(1400) ParOldGen: 10954K(1398272K)->11090K(1398272K)
[367.489s][info][gc,metaspace   ] GC(1400) Metaspace: 14396K(15296K)->14396K(15296K) NonClass: 12436K(12992K)->12436K(12992K) Class: 1959K(2304K)->1959K(2304K)
[367.489s][info][gc             ] GC(1400) Pause Young (Allocation Failure) 496M->11M(1839M) 3.052ms
[367.489s][info][gc,cpu         ] GC(1400) User=0.52s Sys=0.00s Real=0.00s
[367.796s][info][gc,start       ] GC(1401) Pause Young (Allocation Failure)
[367.799s][info][gc,heap        ] GC(1401) PSYoungGen: 485344K(485376K)->1024K(474112K) Eden: 484352K(484352K)->0K(473088K) From: 992K(1024K)->1024K(1024K)
[367.799s][info][gc,heap        ] GC(1401) ParOldGen: 11090K(1398272K)->11234K(1398272K)
[367.799s][info][gc,metaspace   ] GC(1401) Metaspace: 14396K(15296K)->14396K(15296K) NonClass: 12436K(12992K)->12436K(12992K) Class: 1959K(2304K)->1959K(2304K)
[367.799s][info][gc             ] GC(1401) Pause Young (Allocation Failure) 484M->11M(1828M) 3.169ms
[367.799s][info][gc,cpu         ] GC(1401) User=0.00s Sys=0.00s Real=0.00s
[368.085s][info][gc,start       ] GC(1402) Pause Young (Allocation Failure)
[368.088s][info][gc,heap        ] GC(1402) PSYoungGen: 474112K(474112K)->896K(463360K) Eden: 473088K(473088K)->0K(462336K) From: 1024K(1024K)->896K(1024K)
[368.089s][info][gc,heap        ] GC(1402) ParOldGen: 11234K(1398272K)->11354K(1398272K)
[368.089s][info][gc,metaspace   ] GC(1402) Metaspace: 14396K(15296K)->14396K(15296K) NonClass: 12436K(12992K)->12436K(12992K) Class: 1959K(2304K)->1959K(2304K)
[368.089s][info][gc             ] GC(1402) Pause Young (Allocation Failure) 473M->11M(1818M) 3.373ms
[368.089s][info][gc,cpu         ] GC(1402) User=0.00s Sys=0.00s Real=0.00s
[368.289s][info][gc,start       ] GC(1403) Pause Young (Allocation Failure)
[368.292s][info][gc,heap        ] GC(1403) PSYoungGen: 463232K(463360K)->800K(556032K) Eden: 462336K(462336K)->0K(555008K) From: 896K(1024K)->800K(1024K)
[368.292s][info][gc,heap        ] GC(1403) ParOldGen: 11354K(1398272K)->11442K(1398272K)
[368.292s][info][gc,metaspace   ] GC(1403) Metaspace: 14396K(15296K)->14396K(15296K) NonClass: 12436K(12992K)->12436K(12992K) Class: 1959K(2304K)->1959K(2304K)
[368.292s][info][gc             ] GC(1403) Pause Young (Allocation Failure) 463M->11M(1908M) 3.210ms
[368.292s][info][gc,cpu         ] GC(1403) User=0.00s Sys=0.00s Real=0.00s
[368.435s][info][gc,start       ] GC(1404) Pause Young (System.gc())
[368.438s][info][gc,heap        ] GC(1404) PSYoungGen: 129655K(556032K)->320K(555520K) Eden: 128855K(555008K)->0K(555008K) From: 800K(1024K)->320K(512K)
[368.438s][info][gc,heap        ] GC(1404) ParOldGen: 11442K(1398272K)->11538K(1398272K)
[368.438s][info][gc,metaspace   ] GC(1404) Metaspace: 14396K(15296K)->14396K(15296K) NonClass: 12436K(12992K)->12436K(12992K) Class: 1959K(2304K)->1959K(2304K)
[368.438s][info][gc             ] GC(1404) Pause Young (System.gc()) 137M->11M(1908M) 3.373ms
[368.438s][info][gc,cpu         ] GC(1404) User=0.00s Sys=0.00s Real=0.00s
[368.438s][info][gc,start       ] GC(1405) Pause Full (System.gc())
[368.438s][info][gc,phases,start] GC(1405) Marking Phase
[368.454s][info][gc,phases      ] GC(1405) Marking Phase 16.019ms
[368.454s][info][gc,phases,start] GC(1405) Summary Phase
[368.454s][info][gc,phases      ] GC(1405) Summary Phase 0.014ms
[368.454s][info][gc,phases,start] GC(1405) Adjust Roots
[368.460s][info][gc,phases      ] GC(1405) Adjust Roots 5.997ms
[368.460s][info][gc,phases,start] GC(1405) Compaction Phase
[368.462s][info][gc,phases      ] GC(1405) Compaction Phase 1.607ms
[368.462s][info][gc,phases,start] GC(1405) Post Compact
[368.462s][info][gc,phases      ] GC(1405) Post Compact 0.476ms
[368.462s][info][gc,heap        ] GC(1405) PSYoungGen: 320K(555520K)->0K(555520K) Eden: 0K(555008K)->0K(555008K) From: 320K(512K)->0K(512K)
[368.462s][info][gc,heap        ] GC(1405) ParOldGen: 11538K(1398272K)->5375K(1398272K)
[368.462s][info][gc,metaspace   ] GC(1405) Metaspace: 14396K(15296K)->14396K(15296K) NonClass: 12436K(12992K)->12436K(12992K) Class: 1959K(2304K)->1959K(2304K)
[368.463s][info][gc             ] GC(1405) Pause Full (System.gc()) 11M->5M(1908M) 24.305ms
[368.463s][info][gc,cpu         ] GC(1405) User=0.53s Sys=0.00s Real=0.03s
[368.902s][info][gc,start       ] GC(1406) Pause Young (Allocation Failure)
[368.906s][info][gc,heap        ] GC(1406) PSYoungGen: 555008K(555520K)->1536K(611840K) Eden: 555008K(555008K)->0K(610304K) From: 0K(512K)->1536K(1536K)
[368.906s][info][gc,heap        ] GC(1406) ParOldGen: 5375K(1398272K)->5748K(1398272K)
[368.906s][info][gc,metaspace   ] GC(1406) Metaspace: 14396K(15296K)->14396K(15296K) NonClass: 12436K(12992K)->12436K(12992K) Class: 1959K(2304K)->1959K(2304K)
[368.906s][info][gc             ] GC(1406) Pause Young (Allocation Failure) 547M->7M(1963M) 4.066ms
[368.906s][info][gc,cpu         ] GC(1406) User=0.00s Sys=0.00s Real=0.00s
[369.325s][info][gc,start       ] GC(1407) Pause Young (Allocation Failure)
[369.328s][info][gc,heap        ] GC(1407) PSYoungGen: 611840K(611840K)->1056K(595456K) Eden: 610304K(610304K)->0K(593920K) From: 1536K(1536K)->1056K(1536K)
[369.328s][info][gc,heap        ] GC(1407) ParOldGen: 5748K(1398272K)->7100K(1398272K)
[369.328s][info][gc,metaspace   ] GC(1407) Metaspace: 14396K(15296K)->14396K(15296K) NonClass: 12436K(12992K)->12436K(12992K) Class: 1959K(2304K)->1959K(2304K)
[369.328s][info][gc             ] GC(1407) Pause Young (Allocation Failure) 603M->7M(1947M) 3.349ms
[369.328s][info][gc,cpu         ] GC(1407) User=0.00s Sys=0.00s Real=0.00s
[369.753s][info][gc,start       ] GC(1408) Pause Young (Allocation Failure)
[369.756s][info][gc,heap        ] GC(1408) PSYoungGen: 594976K(595456K)->1056K(580096K) Eden: 593920K(593920K)->0K(578560K) From: 1056K(1536K)->1056K(1536K)
[369.756s][info][gc,heap        ] GC(1408) ParOldGen: 7100K(1398272K)->7228K(1398272K)
[369.756s][info][gc,metaspace   ] GC(1408) Metaspace: 14396K(15296K)->14396K(15296K) NonClass: 12436K(12992K)->12436K(12992K) Class: 1959K(2304K)->1959K(2304K)
[369.756s][info][gc             ] GC(1408) Pause Young (Allocation Failure) 587M->8M(1932M) 2.941ms
[369.756s][info][gc,cpu         ] GC(1408) User=0.52s Sys=0.00s Real=0.00s
[370.142s][info][gc,start       ] GC(1409) Pause Young (Allocation Failure)
[370.145s][info][gc,heap        ] GC(1409) PSYoungGen: 579616K(580096K)->512K(564224K) Eden: 578560K(578560K)->0K(563712K) From: 1056K(1536K)->512K(512K)
[370.145s][info][gc,heap        ] GC(1409) ParOldGen: 7228K(1398272K)->7460K(1398272K)
[370.145s][info][gc,metaspace   ] GC(1409) Metaspace: 14396K(15296K)->14396K(15296K) NonClass: 12436K(12992K)->12436K(12992K) Class: 1959K(2304K)->1959K(2304K)
[370.145s][info][gc             ] GC(1409) Pause Young (Allocation Failure) 573M->7M(1916M) 2.999ms
[370.145s][info][gc,cpu         ] GC(1409) User=0.00s Sys=0.00s Real=0.00s
[370.522s][info][gc,start       ] GC(1410) Pause Young (Allocation Failure)
[370.525s][info][gc,heap        ] GC(1410) PSYoungGen: 564224K(564224K)->1056K(550912K) Eden: 563712K(563712K)->0K(549376K) From: 512K(512K)->1056K(1536K)
[370.525s][info][gc,heap        ] GC(1410) ParOldGen: 7460K(1398272K)->7556K(1398272K)
[370.525s][info][gc,metaspace   ] GC(1410) Metaspace: 14396K(15296K)->14396K(15296K) NonClass: 12436K(12992K)->12436K(12992K) Class: 1959K(2304K)->1959K(2304K)
[370.525s][info][gc             ] GC(1410) Pause Young (Allocation Failure) 558M->8M(1903M) 3.071ms
[370.525s][info][gc,cpu         ] GC(1410) User=0.00s Sys=0.00s Real=0.00s
[370.894s][info][gc,start       ] GC(1411) Pause Young (Allocation Failure)
[370.897s][info][gc,heap        ] GC(1411) PSYoungGen: 550432K(550912K)->1024K(536576K) Eden: 549376K(549376K)->0K(535552K) From: 1056K(1536K)->1024K(1024K)
[370.897s][info][gc,heap        ] GC(1411) ParOldGen: 7556K(1398272K)->7692K(1398272K)
[370.897s][info][gc,metaspace   ] GC(1411) Metaspace: 14396K(15296K)->14396K(15296K) NonClass: 12436K(12992K)->12436K(12992K) Class: 1959K(2304K)->1959K(2304K)
[370.897s][info][gc             ] GC(1411) Pause Young (Allocation Failure) 544M->8M(1889M) 3.139ms
[370.897s][info][gc,cpu         ] GC(1411) User=0.52s Sys=0.00s Real=0.00s
[371.257s][info][gc,start       ] GC(1412) Pause Young (Allocation Failure)
[371.260s][info][gc,heap        ] GC(1412) PSYoungGen: 536576K(536576K)->1024K(523264K) Eden: 535552K(535552K)->0K(522240K) From: 1024K(1024K)->1024K(1024K)
[371.260s][info][gc,heap        ] GC(1412) ParOldGen: 7692K(1398272K)->7820K(1398272K)
[371.260s][info][gc,metaspace   ] GC(1412) Metaspace: 14396K(15296K)->14396K(15296K) NonClass: 12436K(12992K)->12436K(12992K) Class: 1959K(2304K)->1959K(2304K)
[371.260s][info][gc             ] GC(1412) Pause Young (Allocation Failure) 531M->8M(1876M) 3.190ms
[371.260s][info][gc,cpu         ] GC(1412) User=0.00s Sys=0.00s Real=0.00s
[371.607s][info][gc,start       ] GC(1413) Pause Young (Allocation Failure)
[371.611s][info][gc,heap        ] GC(1413) PSYoungGen: 523264K(523264K)->1024K(510464K) Eden: 522240K(522240K)->0K(509440K) From: 1024K(1024K)->1024K(1024K)
[371.611s][info][gc,heap        ] GC(1413) ParOldGen: 7820K(1398272K)->7980K(1398272K)
[371.611s][info][gc,metaspace   ] GC(1413) Metaspace: 14396K(15296K)->14396K(15296K) NonClass: 12436K(12992K)->12436K(12992K) Class: 1959K(2304K)->1959K(2304K)
[371.611s][info][gc             ] GC(1413) Pause Young (Allocation Failure) 518M->8M(1864M) 3.265ms
[371.611s][info][gc,cpu         ] GC(1413) User=0.00s Sys=0.00s Real=0.00s
[371.952s][info][gc,start       ] GC(1414) Pause Young (Allocation Failure)
[371.956s][info][gc,heap        ] GC(1414) PSYoungGen: 510464K(510464K)->1024K(498176K) Eden: 509440K(509440K)->0K(497152K) From: 1024K(1024K)->1024K(1024K)
[371.956s][info][gc,heap        ] GC(1414) ParOldGen: 7980K(1398272K)->8108K(1398272K)
[371.956s][info][gc,metaspace   ] GC(1414) Metaspace: 14396K(15296K)->14396K(15296K) NonClass: 12436K(12992K)->12436K(12992K) Class: 1959K(2304K)->1959K(2304K)
[371.956s][info][gc             ] GC(1414) Pause Young (Allocation Failure) 506M->8M(1852M) 3.306ms
[371.956s][info][gc,cpu         ] GC(1414) User=0.00s Sys=0.00s Real=0.00s
[372.289s][info][gc,start       ] GC(1415) Pause Young (Allocation Failure)
[372.292s][info][gc,heap        ] GC(1415) PSYoungGen: 498176K(498176K)->1024K(486400K) Eden: 497152K(497152K)->0K(485376K) From: 1024K(1024K)->1024K(1024K)
[372.292s][info][gc,heap        ] GC(1415) ParOldGen: 8108K(1398272K)->8236K(1398272K)
[372.292s][info][gc,metaspace   ] GC(1415) Metaspace: 14396K(15296K)->14396K(15296K) NonClass: 12436K(12992K)->12436K(12992K) Class: 1959K(2304K)->1959K(2304K)
[372.292s][info][gc             ] GC(1415) Pause Young (Allocation Failure) 494M->9M(1840M) 3.364ms
[372.292s][info][gc,cpu         ] GC(1415) User=0.00s Sys=0.00s Real=0.00s
[372.753s][info][gc,start       ] GC(1416) Pause Young (Allocation Failure)
[372.757s][info][gc,heap        ] GC(1416) PSYoungGen: 486400K(486400K)->1056K(475648K) Eden: 485376K(485376K)->0K(474112K) From: 1024K(1024K)->1056K(1536K)
[372.757s][info][gc,heap        ] GC(1416) ParOldGen: 8236K(1398272K)->8316K(1398272K)
[372.757s][info][gc,metaspace   ] GC(1416) Metaspace: 14396K(15296K)->14396K(15296K) NonClass: 12436K(12992K)->12436K(12992K) Class: 1959K(2304K)->1959K(2304K)
[372.757s][info][gc             ] GC(1416) Pause Young (Allocation Failure) 483M->9M(1830M) 4.367ms
[372.757s][info][gc,cpu         ] GC(1416) User=0.00s Sys=0.00s Real=0.00s
[373.098s][info][gc,start       ] GC(1417) Pause Young (Allocation Failure)
[373.101s][info][gc,heap        ] GC(1417) PSYoungGen: 475168K(475648K)->992K(464384K) Eden: 474112K(474112K)->0K(463360K) From: 1056K(1536K)->992K(1024K)
[373.101s][info][gc,heap        ] GC(1417) ParOldGen: 8316K(1398272K)->8444K(1398272K)
[373.101s][info][gc,metaspace   ] GC(1417) Metaspace: 14396K(15296K)->14396K(15296K) NonClass: 12436K(12992K)->12436K(12992K) Class: 1959K(2304K)->1959K(2304K)
[373.101s][info][gc             ] GC(1417) Pause Young (Allocation Failure) 472M->9M(1819M) 3.020ms
[373.101s][info][gc,cpu         ] GC(1417) User=0.00s Sys=0.00s Real=0.00s
[373.443s][info][gc,start       ] GC(1418) Pause Young (Allocation Failure)
[373.446s][info][gc,heap        ] GC(1418) PSYoungGen: 464352K(464384K)->1024K(453632K) Eden: 463360K(463360K)->0K(452608K) From: 992K(1024K)->1024K(1024K)
[373.446s][info][gc,heap        ] GC(1418) ParOldGen: 8444K(1398272K)->8580K(1398272K)
[373.446s][info][gc,metaspace   ] GC(1418) Metaspace: 14396K(15296K)->14396K(15296K) NonClass: 12436K(12992K)->12436K(12992K) Class: 1959K(2304K)->1959K(2304K)
[373.446s][info][gc             ] GC(1418) Pause Young (Allocation Failure) 461M->9M(1808M) 2.850ms
[373.446s][info][gc,cpu         ] GC(1418) User=0.00s Sys=0.00s Real=0.00s
[373.751s][info][gc,start       ] GC(1419) Pause Young (Allocation Failure)
[373.754s][info][gc,heap        ] GC(1419) PSYoungGen: 453632K(453632K)->896K(443392K) Eden: 452608K(452608K)->0K(442368K) From: 1024K(1024K)->896K(1024K)
[373.754s][info][gc,heap        ] GC(1419) ParOldGen: 8580K(1398272K)->8748K(1398272K)
[373.754s][info][gc,metaspace   ] GC(1419) Metaspace: 14396K(15296K)->14396K(15296K) NonClass: 12436K(12992K)->12436K(12992K) Class: 1959K(2304K)->1959K(2304K)
[373.754s][info][gc             ] GC(1419) Pause Young (Allocation Failure) 451M->9M(1798M) 2.938ms
[373.754s][info][gc,cpu         ] GC(1419) User=0.00s Sys=0.00s Real=0.00s
[374.053s][info][gc,start       ] GC(1420) Pause Young (Allocation Failure)
[374.056s][info][gc,heap        ] GC(1420) PSYoungGen: 443264K(443392K)->1056K(434176K) Eden: 442368K(442368K)->0K(432640K) From: 896K(1024K)->1056K(1536K)
[374.056s][info][gc,heap        ] GC(1420) ParOldGen: 8748K(1398272K)->8844K(1398272K)
[374.056s][info][gc,metaspace   ] GC(1420) Metaspace: 14396K(15296K)->14396K(15296K) NonClass: 12436K(12992K)->12436K(12992K) Class: 1959K(2304K)->1959K(2304K)
[374.056s][info][gc             ] GC(1420) Pause Young (Allocation Failure) 441M->9M(1789M) 2.980ms
[374.056s][info][gc,cpu         ] GC(1420) User=0.00s Sys=0.00s Real=0.00s
[374.348s][info][gc,start       ] GC(1421) Pause Young (Allocation Failure)
[374.350s][info][gc,heap        ] GC(1421) PSYoungGen: 433696K(434176K)->1024K(423936K) Eden: 432640K(432640K)->0K(422912K) From: 1056K(1536K)->1024K(1024K)
[374.351s][info][gc,heap        ] GC(1421) ParOldGen: 8844K(1398272K)->8948K(1398272K)
[374.351s][info][gc,metaspace   ] GC(1421) Metaspace: 14396K(15296K)->14396K(15296K) NonClass: 12436K(12992K)->12436K(12992K) Class: 1959K(2304K)->1959K(2304K)
[374.351s][info][gc             ] GC(1421) Pause Young (Allocation Failure) 432M->9M(1779M) 2.997ms
[374.351s][info][gc,cpu         ] GC(1421) User=0.52s Sys=0.00s Real=0.00s
[374.635s][info][gc,start       ] GC(1422) Pause Young (Allocation Failure)
[374.638s][info][gc,heap        ] GC(1422) PSYoungGen: 423936K(423936K)->1024K(414720K) Eden: 422912K(422912K)->0K(413696K) From: 1024K(1024K)->1024K(1024K)
[374.638s][info][gc,heap        ] GC(1422) ParOldGen: 8948K(1398272K)->9068K(1398272K)
[374.638s][info][gc,metaspace   ] GC(1422) Metaspace: 14396K(15296K)->14396K(15296K) NonClass: 12436K(12992K)->12436K(12992K) Class: 1959K(2304K)->1959K(2304K)
[374.638s][info][gc             ] GC(1422) Pause Young (Allocation Failure) 422M->9M(1770M) 3.058ms
[374.638s][info][gc,cpu         ] GC(1422) User=0.00s Sys=0.00s Real=0.00s
[374.918s][info][gc,start       ] GC(1423) Pause Young (Allocation Failure)
[374.921s][info][gc,heap        ] GC(1423) PSYoungGen: 414720K(414720K)->1024K(406016K) Eden: 413696K(413696K)->0K(404992K) From: 1024K(1024K)->1024K(1024K)
[374.921s][info][gc,heap        ] GC(1423) ParOldGen: 9068K(1398272K)->9180K(1398272K)
[374.921s][info][gc,metaspace   ] GC(1423) Metaspace: 14396K(15296K)->14396K(15296K) NonClass: 12436K(12992K)->12436K(12992K) Class: 1959K(2304K)->1959K(2304K)
[374.921s][info][gc             ] GC(1423) Pause Young (Allocation Failure) 413M->9M(1762M) 3.107ms
[374.921s][info][gc,cpu         ] GC(1423) User=0.00s Sys=0.00s Real=0.00s
[375.191s][info][gc,start       ] GC(1424) Pause Young (Allocation Failure)
[375.194s][info][gc,heap        ] GC(1424) PSYoungGen: 406016K(406016K)->1024K(397312K) Eden: 404992K(404992K)->0K(396288K) From: 1024K(1024K)->1024K(1024K)
[375.194s][info][gc,heap        ] GC(1424) ParOldGen: 9180K(1398272K)->9268K(1398272K)
[375.194s][info][gc,metaspace   ] GC(1424) Metaspace: 14396K(15296K)->14396K(15296K) NonClass: 12436K(12992K)->12436K(12992K) Class: 1959K(2304K)->1959K(2304K)
[375.194s][info][gc             ] GC(1424) Pause Young (Allocation Failure) 405M->10M(1753M) 3.181ms
[375.194s][info][gc,cpu         ] GC(1424) User=0.52s Sys=0.00s Real=0.00s
[375.545s][info][gc,start       ] GC(1425) Pause Young (Allocation Failure)
[375.549s][info][gc,heap        ] GC(1425) PSYoungGen: 397312K(397312K)->1024K(476672K) Eden: 396288K(396288K)->0K(475648K) From: 1024K(1024K)->1024K(1024K)
[375.549s][info][gc,heap        ] GC(1425) ParOldGen: 9268K(1398272K)->9388K(1398272K)
[375.549s][info][gc,metaspace   ] GC(1425) Metaspace: 14396K(15296K)->14396K(15296K) NonClass: 12436K(12992K)->12436K(12992K) Class: 1959K(2304K)->1959K(2304K)
[375.549s][info][gc             ] GC(1425) Pause Young (Allocation Failure) 397M->10M(1831M) 4.030ms
[375.549s][info][gc,cpu         ] GC(1425) User=0.00s Sys=0.00s Real=0.00s
[375.892s][info][gc,start       ] GC(1426) Pause Young (Allocation Failure)
[375.895s][info][gc,heap        ] GC(1426) PSYoungGen: 476672K(476672K)->1056K(465920K) Eden: 475648K(475648K)->0K(464384K) From: 1024K(1024K)->1056K(1536K)
[375.895s][info][gc,heap        ] GC(1426) ParOldGen: 9388K(1398272K)->9468K(1398272K)
[375.895s][info][gc,metaspace   ] GC(1426) Metaspace: 14396K(15296K)->14396K(15296K) NonClass: 12436K(12992K)->12436K(12992K) Class: 1959K(2304K)->1959K(2304K)
[375.895s][info][gc             ] GC(1426) Pause Young (Allocation Failure) 474M->10M(1820M) 2.911ms
[375.895s][info][gc,cpu         ] GC(1426) User=0.00s Sys=0.00s Real=0.00s
[376.237s][info][gc,start       ] GC(1427) Pause Young (Allocation Failure)
[376.240s][info][gc,heap        ] GC(1427) PSYoungGen: 465440K(465920K)->1024K(454656K) Eden: 464384K(464384K)->0K(453632K) From: 1056K(1536K)->1024K(1024K)
[376.240s][info][gc,heap        ] GC(1427) ParOldGen: 9468K(1398272K)->9596K(1398272K)
[376.240s][info][gc,metaspace   ] GC(1427) Metaspace: 14396K(15296K)->14396K(15296K) NonClass: 12436K(12992K)->12436K(12992K) Class: 1959K(2304K)->1959K(2304K)
[376.240s][info][gc             ] GC(1427) Pause Young (Allocation Failure) 463M->10M(1809M) 2.674ms
[376.240s][info][gc,cpu         ] GC(1427) User=0.52s Sys=0.00s Real=0.00s
[376.548s][info][gc,start       ] GC(1428) Pause Young (Allocation Failure)
[376.551s][info][gc,heap        ] GC(1428) PSYoungGen: 454656K(454656K)->1024K(444416K) Eden: 453632K(453632K)->0K(443392K) From: 1024K(1024K)->1024K(1024K)
[376.551s][info][gc,heap        ] GC(1428) ParOldGen: 9596K(1398272K)->9756K(1398272K)
[376.551s][info][gc,metaspace   ] GC(1428) Metaspace: 14396K(15296K)->14396K(15296K) NonClass: 12436K(12992K)->12436K(12992K) Class: 1959K(2304K)->1959K(2304K)
[376.551s][info][gc             ] GC(1428) Pause Young (Allocation Failure) 453M->10M(1799M) 2.788ms
[376.551s][info][gc,cpu         ] GC(1428) User=0.00s Sys=0.00s Real=0.00s
[376.846s][info][gc,start       ] GC(1429) Pause Young (Allocation Failure)
[376.848s][info][gc,heap        ] GC(1429) PSYoungGen: 444416K(444416K)->1024K(434688K) Eden: 443392K(443392K)->0K(433664K) From: 1024K(1024K)->1024K(1024K)
[376.848s][info][gc,heap        ] GC(1429) ParOldGen: 9756K(1398272K)->9860K(1398272K)
[376.848s][info][gc,metaspace   ] GC(1429) Metaspace: 14396K(15296K)->14396K(15296K) NonClass: 12436K(12992K)->12436K(12992K) Class: 1959K(2304K)->1959K(2304K)
[376.849s][info][gc             ] GC(1429) Pause Young (Allocation Failure) 443M->10M(1790M) 2.839ms
[376.849s][info][gc,cpu         ] GC(1429) User=0.52s Sys=0.00s Real=0.00s
[377.141s][info][gc,start       ] GC(1430) Pause Young (Allocation Failure)
[377.144s][info][gc,heap        ] GC(1430) PSYoungGen: 434688K(434688K)->1024K(424960K) Eden: 433664K(433664K)->0K(423936K) From: 1024K(1024K)->1024K(1024K)
[377.144s][info][gc,heap        ] GC(1430) ParOldGen: 9860K(1398272K)->9956K(1398272K)
[377.144s][info][gc,metaspace   ] GC(1430) Metaspace: 14396K(15296K)->14396K(15296K) NonClass: 12436K(12992K)->12436K(12992K) Class: 1959K(2304K)->1959K(2304K)
[377.144s][info][gc             ] GC(1430) Pause Young (Allocation Failure) 434M->10M(1780M) 2.880ms
[377.144s][info][gc,cpu         ] GC(1430) User=0.00s Sys=0.00s Real=0.00s
[377.427s][info][gc,start       ] GC(1431) Pause Young (Allocation Failure)
[377.430s][info][gc,heap        ] GC(1431) PSYoungGen: 424960K(424960K)->1024K(415744K) Eden: 423936K(423936K)->0K(414720K) From: 1024K(1024K)->1024K(1024K)
[377.430s][info][gc,heap        ] GC(1431) ParOldGen: 9956K(1398272K)->10092K(1398272K)
[377.430s][info][gc,metaspace   ] GC(1431) Metaspace: 14396K(15296K)->14396K(15296K) NonClass: 12436K(12992K)->12436K(12992K) Class: 1959K(2304K)->1959K(2304K)
[377.430s][info][gc             ] GC(1431) Pause Young (Allocation Failure) 424M->10M(1771M) 2.932ms
[377.430s][info][gc,cpu         ] GC(1431) User=0.00s Sys=0.00s Real=0.00s
[377.706s][info][gc,start       ] GC(1432) Pause Young (Allocation Failure)
[377.709s][info][gc,heap        ] GC(1432) PSYoungGen: 415744K(415744K)->1056K(407552K) Eden: 414720K(414720K)->0K(406016K) From: 1024K(1024K)->1056K(1536K)
[377.709s][info][gc,heap        ] GC(1432) ParOldGen: 10092K(1398272K)->10196K(1398272K)
[377.709s][info][gc,metaspace   ] GC(1432) Metaspace: 14396K(15296K)->14396K(15296K) NonClass: 12436K(12992K)->12436K(12992K) Class: 1959K(2304K)->1959K(2304K)
[377.709s][info][gc             ] GC(1432) Pause Young (Allocation Failure) 415M->10M(1763M) 2.989ms
[377.709s][info][gc,cpu         ] GC(1432) User=0.52s Sys=0.00s Real=0.00s
[377.983s][info][gc,start       ] GC(1433) Pause Young (Allocation Failure)
[377.986s][info][gc,heap        ] GC(1433) PSYoungGen: 407072K(407552K)->1024K(398336K) Eden: 406016K(406016K)->0K(397312K) From: 1056K(1536K)->1024K(1024K)
[377.986s][info][gc,heap        ] GC(1433) ParOldGen: 10196K(1398272K)->10308K(1398272K)
[377.986s][info][gc,metaspace   ] GC(1433) Metaspace: 14396K(15296K)->14396K(15296K) NonClass: 12436K(12992K)->12436K(12992K) Class: 1959K(2304K)->1959K(2304K)
[377.986s][info][gc             ] GC(1433) Pause Young (Allocation Failure) 407M->11M(1754M) 2.996ms
[377.986s][info][gc,cpu         ] GC(1433) User=0.00s Sys=0.00s Real=0.00s
[378.252s][info][gc,start       ] GC(1434) Pause Young (Allocation Failure)
[378.255s][info][gc,heap        ] GC(1434) PSYoungGen: 398336K(398336K)->1024K(390144K) Eden: 397312K(397312K)->0K(389120K) From: 1024K(1024K)->1024K(1024K)
[378.255s][info][gc,heap        ] GC(1434) ParOldGen: 10308K(1398272K)->10420K(1398272K)
[378.255s][info][gc,metaspace   ] GC(1434) Metaspace: 14396K(15296K)->14396K(15296K) NonClass: 12436K(12992K)->12436K(12992K) Class: 1959K(2304K)->1959K(2304K)
[378.255s][info][gc             ] GC(1434) Pause Young (Allocation Failure) 399M->11M(1746M) 3.059ms
[378.255s][info][gc,cpu         ] GC(1434) User=0.52s Sys=0.00s Real=0.00s
[378.519s][info][gc,start       ] GC(1435) Pause Young (Allocation Failure)
[378.522s][info][gc,heap        ] GC(1435) PSYoungGen: 390144K(390144K)->1024K(467968K) Eden: 389120K(389120K)->0K(466944K) From: 1024K(1024K)->1024K(1024K)
[378.522s][info][gc,heap        ] GC(1435) ParOldGen: 10420K(1398272K)->10532K(1398272K)
[378.522s][info][gc,metaspace   ] GC(1435) Metaspace: 14396K(15296K)->14396K(15296K) NonClass: 12436K(12992K)->12436K(12992K) Class: 1959K(2304K)->1959K(2304K)
[378.522s][info][gc             ] GC(1435) Pause Young (Allocation Failure) 391M->11M(1822M) 3.110ms
[378.522s][info][gc,cpu         ] GC(1435) User=0.52s Sys=0.00s Real=0.00s
[378.837s][info][gc,start       ] GC(1436) Pause Young (Allocation Failure)
[378.840s][info][gc,heap        ] GC(1436) PSYoungGen: 467968K(467968K)->1056K(457728K) Eden: 466944K(466944K)->0K(456192K) From: 1024K(1024K)->1056K(1536K)
[378.840s][info][gc,heap        ] GC(1436) ParOldGen: 10532K(1398272K)->10632K(1398272K)
[378.840s][info][gc,metaspace   ] GC(1436) Metaspace: 14396K(15296K)->14396K(15296K) NonClass: 12436K(12992K)->12436K(12992K) Class: 1959K(2304K)->1959K(2304K)
[378.840s][info][gc             ] GC(1436) Pause Young (Allocation Failure) 467M->11M(1812M) 3.245ms
[378.840s][info][gc,cpu         ] GC(1436) User=0.00s Sys=0.00s Real=0.00s
[379.147s][info][gc,start       ] GC(1437) Pause Young (Allocation Failure)
[379.150s][info][gc,heap        ] GC(1437) PSYoungGen: 457248K(457728K)->1024K(548864K) Eden: 456192K(456192K)->0K(547840K) From: 1056K(1536K)->1024K(1024K)
[379.150s][info][gc,heap        ] GC(1437) ParOldGen: 10632K(1398272K)->10744K(1398272K)
[379.150s][info][gc,metaspace   ] GC(1437) Metaspace: 14396K(15296K)->14396K(15296K) NonClass: 12436K(12992K)->12436K(12992K) Class: 1959K(2304K)->1959K(2304K)
[379.150s][info][gc             ] GC(1437) Pause Young (Allocation Failure) 456M->11M(1901M) 3.270ms
[379.150s][info][gc,cpu         ] GC(1437) User=0.00s Sys=0.00s Real=0.00s
[379.524s][info][gc,start       ] GC(1438) Pause Young (Allocation Failure)
[379.527s][info][gc,heap        ] GC(1438) PSYoungGen: 548864K(548864K)->1024K(535040K) Eden: 547840K(547840K)->0K(534016K) From: 1024K(1024K)->1024K(1024K)
[379.527s][info][gc,heap        ] GC(1438) ParOldGen: 10744K(1398272K)->10872K(1398272K)
[379.527s][info][gc,metaspace   ] GC(1438) Metaspace: 14396K(15296K)->14396K(15296K) NonClass: 12436K(12992K)->12436K(12992K) Class: 1959K(2304K)->1959K(2304K)
[379.527s][info][gc             ] GC(1438) Pause Young (Allocation Failure) 546M->11M(1888M) 3.347ms
[379.527s][info][gc,cpu         ] GC(1438) User=0.00s Sys=0.00s Real=0.00s
[379.914s][info][gc,start       ] GC(1439) Pause Young (Allocation Failure)
[379.917s][info][gc,heap        ] GC(1439) PSYoungGen: 535040K(535040K)->1024K(521728K) Eden: 534016K(534016K)->0K(520704K) From: 1024K(1024K)->1024K(1024K)
[379.917s][info][gc,heap        ] GC(1439) ParOldGen: 10872K(1398272K)->11032K(1398272K)
[379.917s][info][gc,metaspace   ] GC(1439) Metaspace: 14396K(15296K)->14396K(15296K) NonClass: 12436K(12992K)->12436K(12992K) Class: 1959K(2304K)->1959K(2304K)
[379.917s][info][gc             ] GC(1439) Pause Young (Allocation Failure) 533M->11M(1875M) 2.913ms
[379.917s][info][gc,cpu         ] GC(1439) User=0.00s Sys=0.00s Real=0.00s
[380.258s][info][gc,start       ] GC(1440) Pause Young (Allocation Failure)
[380.261s][info][gc,heap        ] GC(1440) PSYoungGen: 521728K(521728K)->1056K(509440K) Eden: 520704K(520704K)->0K(507904K) From: 1024K(1024K)->1056K(1536K)
[380.261s][info][gc,heap        ] GC(1440) ParOldGen: 11032K(1398272K)->11144K(1398272K)
[380.261s][info][gc,metaspace   ] GC(1440) Metaspace: 14396K(15296K)->14396K(15296K) NonClass: 12436K(12992K)->12436K(12992K) Class: 1959K(2304K)->1959K(2304K)
[380.261s][info][gc             ] GC(1440) Pause Young (Allocation Failure) 520M->11M(1863M) 2.943ms
[380.261s][info][gc,cpu         ] GC(1440) User=0.00s Sys=0.00s Real=0.00s
[380.588s][info][gc,start       ] GC(1441) Pause Young (Allocation Failure)
[380.591s][info][gc,heap        ] GC(1441) PSYoungGen: 508960K(509440K)->992K(496640K) Eden: 507904K(507904K)->0K(495616K) From: 1056K(1536K)->992K(1024K)
[380.591s][info][gc,heap        ] GC(1441) ParOldGen: 11144K(1398272K)->11272K(1398272K)
[380.591s][info][gc,metaspace   ] GC(1441) Metaspace: 14396K(15296K)->14396K(15296K) NonClass: 12436K(12992K)->12436K(12992K) Class: 1959K(2304K)->1959K(2304K)
[380.591s][info][gc             ] GC(1441) Pause Young (Allocation Failure) 507M->11M(1850M) 2.995ms
[380.591s][info][gc,cpu         ] GC(1441) User=0.00s Sys=0.00s Real=0.00s
[380.868s][info][gc,start       ] GC(1442) Pause Young (Allocation Failure)
[380.871s][info][gc,heap        ] GC(1442) PSYoungGen: 496608K(496640K)->960K(484864K) Eden: 495616K(495616K)->0K(483840K) From: 992K(1024K)->960K(1024K)
[380.871s][info][gc,heap        ] GC(1442) ParOldGen: 11272K(1398272K)->11360K(1398272K)
[380.871s][info][gc,metaspace   ] GC(1442) Metaspace: 14396K(15296K)->14396K(15296K) NonClass: 12436K(12992K)->12436K(12992K) Class: 1959K(2304K)->1959K(2304K)
[380.871s][info][gc             ] GC(1442) Pause Young (Allocation Failure) 495M->12M(1839M) 3.252ms
[380.871s][info][gc,cpu         ] GC(1442) User=0.00s Sys=0.00s Real=0.00s
[381.510s][info][gc,heap,exit   ] Heap
[381.510s][info][gc,heap,exit   ]  PSYoungGen      total 484864K, used 265365K [0x00000007aab00000, 0x00000007d2b00000, 0x0000000800000000)
[381.510s][info][gc,heap,exit   ]   eden space 483840K, 54% used [0x00000007aab00000,0x00000007bad35628,0x00000007c8380000)
[381.510s][info][gc,heap,exit   ]   from space 1024K, 93% used [0x00000007d2880000,0x00000007d2970000,0x00000007d2980000)
[381.510s][info][gc,heap,exit   ]   to   space 1536K, 0% used [0x00000007d2980000,0x00000007d2980000,0x00000007d2b00000)
[381.510s][info][gc,heap,exit   ]  ParOldGen       total 1398272K, used 11360K [0x0000000700000000, 0x0000000755580000, 0x00000007aab00000)
[381.510s][info][gc,heap,exit   ]   object space 1398272K, 0% used [0x0000000700000000,0x0000000700b181c8,0x0000000755580000)
[381.510s][info][gc,heap,exit   ]  Metaspace       used 14455K, committed 15360K, reserved 1114112K
[381.510s][info][gc,heap,exit   ]   class space    used 1968K, committed 2304K, reserved 1048576K
