[0.049s][info][gc,init] CardTable entry size: 512
[0.050s][info][gc     ] Using Parallel
[0.061s][info][gc,init] Version: 20+36-2344 (release)
[0.061s][info][gc,init] CPUs: 48 total, 48 available
[0.061s][info][gc,init] Memory: 382G
[0.061s][info][gc,init] Large Page Support: Disabled
[0.061s][info][gc,init] NUMA Support: Disabled
[0.061s][info][gc,init] Compressed Oops: Enabled (32-bit)
[0.061s][info][gc,init] Alignments: Space 512K, Generation 512K, Heap 2M
[0.061s][info][gc,init] Heap Min Capacity: 8M
[0.061s][info][gc,init] Heap Initial Capacity: 2G
[0.082s][info][gc,init] Heap Max Capacity: 2G
[0.082s][info][gc,init] Pre-touch: Disabled
[0.082s][info][gc,init] Parallel Workers: 33
[0.084s][info][gc,metaspace] CDS archive(s) mapped at: [0x0000000800000000-0x0000000800c60000-0x0000000800c60000), size 12976128, SharedBaseAddress: 0x0000000800000000, ArchiveRelocationMode: 0.
[0.084s][info][gc,metaspace] Compressed class space mapped at: 0x0000000801000000-0x0000000841000000, reserved size: 1073741824
[0.084s][info][gc,metaspace] Narrow klass base: 0x0000000800000000, Narrow klass shift: 0, Narrow klass range: 0x100000000
[1.155s][info][gc,start    ] GC(0) Pause Young (System.gc())
[1.165s][info][gc,heap     ] GC(0) PSYoungGen: 104964K(611840K)->4033K(611840K) Eden: 104964K(524800K)->0K(524800K) From: 0K(87040K)->4033K(87040K)
[1.165s][info][gc,heap     ] GC(0) ParOldGen: 0K(1398272K)->16K(1398272K)
[1.165s][info][gc,metaspace] GC(0) Metaspace: 8237K(8448K)->8237K(8448K) NonClass: 7128K(7232K)->7128K(7232K) Class: 1108K(1216K)->1108K(1216K)
[1.165s][info][gc          ] GC(0) Pause Young (System.gc()) 102M->3M(1963M) 9.916ms
[1.165s][info][gc,cpu      ] GC(0) User=0.00s Sys=0.00s Real=0.00s
[1.165s][info][gc,start    ] GC(1) Pause Full (System.gc())
[1.165s][info][gc,phases,start] GC(1) Marking Phase
[1.176s][info][gc,phases      ] GC(1) Marking Phase 11.326ms
[1.177s][info][gc,phases,start] GC(1) Summary Phase
[1.177s][info][gc,phases      ] GC(1) Summary Phase 0.016ms
[1.177s][info][gc,phases,start] GC(1) Adjust Roots
[1.179s][info][gc,phases      ] GC(1) Adjust Roots 2.526ms
[1.179s][info][gc,phases,start] GC(1) Compaction Phase
[1.185s][info][gc,phases      ] GC(1) Compaction Phase 5.526ms
[1.185s][info][gc,phases,start] GC(1) Post Compact
[1.186s][info][gc,phases      ] GC(1) Post Compact 1.342ms
[1.186s][info][gc,heap        ] GC(1) PSYoungGen: 4033K(611840K)->0K(611840K) Eden: 0K(524800K)->0K(524800K) From: 4033K(87040K)->0K(87040K)
[1.186s][info][gc,heap        ] GC(1) ParOldGen: 16K(1398272K)->3469K(1398272K)
[1.186s][info][gc,metaspace   ] GC(1) Metaspace: 8237K(8448K)->8237K(8448K) NonClass: 7128K(7232K)->7128K(7232K) Class: 1108K(1216K)->1108K(1216K)
[1.186s][info][gc             ] GC(1) Pause Full (System.gc()) 3M->3M(1963M) 20.961ms
[1.186s][info][gc,cpu         ] GC(1) User=0.64s Sys=0.00s Real=0.03s
[2.671s][info][gc,start       ] GC(2) Pause Young (Allocation Failure)
[2.674s][info][gc,heap        ] GC(2) PSYoungGen: 524800K(611840K)->4246K(611840K) Eden: 524800K(524800K)->0K(524800K) From: 0K(87040K)->4246K(87040K)
[2.674s][info][gc,heap        ] GC(2) ParOldGen: 3469K(1398272K)->3477K(1398272K)
[2.674s][info][gc,metaspace   ] GC(2) Metaspace: 14436K(14912K)->14436K(14912K) NonClass: 12406K(12672K)->12406K(12672K) Class: 2029K(2240K)->2029K(2240K)
[2.674s][info][gc             ] GC(2) Pause Young (Allocation Failure) 515M->7M(1963M) 3.134ms
[2.674s][info][gc,cpu         ] GC(2) User=0.00s Sys=0.00s Real=0.00s
[3.131s][info][gc,start       ] GC(3) Pause Young (Allocation Failure)
[3.133s][info][gc,heap        ] GC(3) PSYoungGen: 529046K(611840K)->4237K(611840K) Eden: 524800K(524800K)->0K(524800K) From: 4246K(87040K)->4237K(87040K)
[3.133s][info][gc,heap        ] GC(3) ParOldGen: 3477K(1398272K)->3485K(1398272K)
[3.134s][info][gc,metaspace   ] GC(3) Metaspace: 14442K(14912K)->14442K(14912K) NonClass: 12413K(12672K)->12413K(12672K) Class: 2029K(2240K)->2029K(2240K)
[3.134s][info][gc             ] GC(3) Pause Young (Allocation Failure) 520M->7M(1963M) 2.263ms
[3.134s][info][gc,cpu         ] GC(3) User=0.52s Sys=0.00s Real=0.00s
[3.497s][info][gc,start       ] GC(4) Pause Young (Allocation Failure)
[3.499s][info][gc,heap        ] GC(4) PSYoungGen: 529037K(611840K)->4252K(611840K) Eden: 524800K(524800K)->0K(524800K) From: 4237K(87040K)->4252K(87040K)
[3.499s][info][gc,heap        ] GC(4) ParOldGen: 3485K(1398272K)->3493K(1398272K)
[3.499s][info][gc,metaspace   ] GC(4) Metaspace: 14442K(14912K)->14442K(14912K) NonClass: 12413K(12672K)->12413K(12672K) Class: 2029K(2240K)->2029K(2240K)
[3.499s][info][gc             ] GC(4) Pause Young (Allocation Failure) 520M->7M(1963M) 1.987ms
[3.499s][info][gc,cpu         ] GC(4) User=0.00s Sys=0.00s Real=0.00s
[3.862s][info][gc,start       ] GC(5) Pause Young (Allocation Failure)
[3.864s][info][gc,heap        ] GC(5) PSYoungGen: 529052K(611840K)->4317K(611840K) Eden: 524800K(524800K)->0K(524800K) From: 4252K(87040K)->4317K(87040K)
[3.864s][info][gc,heap        ] GC(5) ParOldGen: 3493K(1398272K)->3501K(1398272K)
[3.864s][info][gc,metaspace   ] GC(5) Metaspace: 14442K(14912K)->14442K(14912K) NonClass: 12413K(12672K)->12413K(12672K) Class: 2029K(2240K)->2029K(2240K)
[3.864s][info][gc             ] GC(5) Pause Young (Allocation Failure) 520M->7M(1963M) 2.128ms
[3.864s][info][gc,cpu         ] GC(5) User=0.00s Sys=0.00s Real=0.00s
[4.216s][info][gc,start       ] GC(6) Pause Young (Allocation Failure)
[4.219s][info][gc,heap        ] GC(6) PSYoungGen: 529117K(611840K)->4442K(516608K) Eden: 524800K(524800K)->0K(512000K) From: 4317K(87040K)->4442K(4608K)
[4.219s][info][gc,heap        ] GC(6) ParOldGen: 3501K(1398272K)->3509K(1398272K)
[4.219s][info][gc,metaspace   ] GC(6) Metaspace: 14442K(14912K)->14442K(14912K) NonClass: 12413K(12672K)->12413K(12672K) Class: 2029K(2240K)->2029K(2240K)
[4.219s][info][gc             ] GC(6) Pause Young (Allocation Failure) 520M->7M(1870M) 2.403ms
[4.219s][info][gc,cpu         ] GC(6) User=0.00s Sys=0.00s Real=0.00s
[4.498s][info][gc,start       ] GC(7) Pause Young (Allocation Failure)
[4.502s][info][gc,heap        ] GC(7) PSYoungGen: 516442K(516608K)->4292K(504320K) Eden: 512000K(512000K)->0K(499712K) From: 4442K(4608K)->4292K(4608K)
[4.502s][info][gc,heap        ] GC(7) ParOldGen: 3509K(1398272K)->3517K(1398272K)
[4.502s][info][gc,metaspace   ] GC(7) Metaspace: 14442K(14912K)->14442K(14912K) NonClass: 12413K(12672K)->12413K(12672K) Class: 2029K(2240K)->2029K(2240K)
[4.502s][info][gc             ] GC(7) Pause Young (Allocation Failure) 507M->7M(1858M) 3.938ms
[4.502s][info][gc,cpu         ] GC(7) User=0.00s Sys=0.00s Real=0.00s
[4.822s][info][gc,start       ] GC(8) Pause Young (Allocation Failure)
[4.826s][info][gc,heap        ] GC(8) PSYoungGen: 504004K(504320K)->512K(488448K) Eden: 499712K(499712K)->0K(487936K) From: 4292K(4608K)->512K(512K)
[4.826s][info][gc,heap        ] GC(8) ParOldGen: 3517K(1398272K)->7647K(1398272K)
[4.826s][info][gc,metaspace   ] GC(8) Metaspace: 14443K(14912K)->14443K(14912K) NonClass: 12413K(12672K)->12413K(12672K) Class: 2029K(2240K)->2029K(2240K)
[4.826s][info][gc             ] GC(8) Pause Young (Allocation Failure) 495M->7M(1842M) 3.776ms
[4.826s][info][gc,cpu         ] GC(8) User=0.00s Sys=0.00s Real=0.00s
[5.204s][info][gc,start       ] GC(9) Pause Young (Allocation Failure)
[5.206s][info][gc,heap        ] GC(9) PSYoungGen: 488448K(488448K)->1056K(478208K) Eden: 487936K(487936K)->0K(476672K) From: 512K(512K)->1056K(1536K)
[5.206s][info][gc,heap        ] GC(9) ParOldGen: 7647K(1398272K)->7671K(1398272K)
[5.206s][info][gc,metaspace   ] GC(9) Metaspace: 14443K(14912K)->14443K(14912K) NonClass: 12413K(12672K)->12413K(12672K) Class: 2029K(2240K)->2029K(2240K)
[5.206s][info][gc             ] GC(9) Pause Young (Allocation Failure) 484M->8M(1832M) 1.434ms
[5.206s][info][gc,cpu         ] GC(9) User=0.00s Sys=0.00s Real=0.00s
[5.578s][info][gc,start       ] GC(10) Pause Young (Allocation Failure)
[5.580s][info][gc,heap        ] GC(10) PSYoungGen: 477728K(478208K)->1056K(466944K) Eden: 476672K(476672K)->0K(465408K) From: 1056K(1536K)->1056K(1536K)
[5.580s][info][gc,heap        ] GC(10) ParOldGen: 7671K(1398272K)->7863K(1398272K)
[5.580s][info][gc,metaspace   ] GC(10) Metaspace: 14443K(14912K)->14443K(14912K) NonClass: 12413K(12672K)->12413K(12672K) Class: 2029K(2240K)->2029K(2240K)
[5.580s][info][gc             ] GC(10) Pause Young (Allocation Failure) 474M->8M(1821M) 1.928ms
[5.580s][info][gc,cpu         ] GC(10) User=0.00s Sys=0.00s Real=0.00s
[5.938s][info][gc,start       ] GC(11) Pause Young (Allocation Failure)
[5.940s][info][gc,heap        ] GC(11) PSYoungGen: 466464K(466944K)->1056K(456192K) Eden: 465408K(465408K)->0K(454656K) From: 1056K(1536K)->1056K(1536K)
[5.940s][info][gc,heap        ] GC(11) ParOldGen: 7863K(1398272K)->8119K(1398272K)
[5.940s][info][gc,metaspace   ] GC(11) Metaspace: 14443K(14912K)->14443K(14912K) NonClass: 12413K(12672K)->12413K(12672K) Class: 2029K(2240K)->2029K(2240K)
[5.940s][info][gc             ] GC(11) Pause Young (Allocation Failure) 463M->8M(1811M) 1.454ms
[5.940s][info][gc,cpu         ] GC(11) User=0.00s Sys=0.00s Real=0.00s
[6.300s][info][gc,start       ] GC(12) Pause Young (Allocation Failure)
[6.302s][info][gc,heap        ] GC(12) PSYoungGen: 455712K(456192K)->1024K(445440K) Eden: 454656K(454656K)->0K(444416K) From: 1056K(1536K)->1024K(1024K)
[6.302s][info][gc,heap        ] GC(12) ParOldGen: 8119K(1398272K)->8399K(1398272K)
[6.302s][info][gc,metaspace   ] GC(12) Metaspace: 14443K(14912K)->14443K(14912K) NonClass: 12413K(12672K)->12413K(12672K) Class: 2029K(2240K)->2029K(2240K)
[6.302s][info][gc             ] GC(12) Pause Young (Allocation Failure) 452M->9M(1800M) 1.443ms
[6.302s][info][gc,cpu         ] GC(12) User=0.00s Sys=0.00s Real=0.00s
[6.652s][info][gc,start       ] GC(13) Pause Young (Allocation Failure)
[6.653s][info][gc,heap        ] GC(13) PSYoungGen: 445440K(445440K)->1024K(435712K) Eden: 444416K(444416K)->0K(434688K) From: 1024K(1024K)->1024K(1024K)
[6.653s][info][gc,heap        ] GC(13) ParOldGen: 8399K(1398272K)->8559K(1398272K)
[6.653s][info][gc,metaspace   ] GC(13) Metaspace: 14443K(14912K)->14443K(14912K) NonClass: 12413K(12672K)->12413K(12672K) Class: 2029K(2240K)->2029K(2240K)
[6.653s][info][gc             ] GC(13) Pause Young (Allocation Failure) 443M->9M(1791M) 1.280ms
[6.653s][info][gc,cpu         ] GC(13) User=0.00s Sys=0.00s Real=0.00s
[6.984s][info][gc,start       ] GC(14) Pause Young (Allocation Failure)
[6.985s][info][gc,heap        ] GC(14) PSYoungGen: 435712K(435712K)->1056K(426496K) Eden: 434688K(434688K)->0K(424960K) From: 1024K(1024K)->1056K(1536K)
[6.985s][info][gc,heap        ] GC(14) ParOldGen: 8559K(1398272K)->8703K(1398272K)
[6.985s][info][gc,metaspace   ] GC(14) Metaspace: 14443K(14912K)->14443K(14912K) NonClass: 12413K(12672K)->12413K(12672K) Class: 2029K(2240K)->2029K(2240K)
[6.985s][info][gc             ] GC(14) Pause Young (Allocation Failure) 433M->9M(1782M) 1.378ms
[6.985s][info][gc,cpu         ] GC(14) User=0.00s Sys=0.00s Real=0.00s
[7.314s][info][gc,start       ] GC(15) Pause Young (Allocation Failure)
[7.315s][info][gc,heap        ] GC(15) PSYoungGen: 426016K(426496K)->1056K(417280K) Eden: 424960K(424960K)->0K(415744K) From: 1056K(1536K)->1056K(1536K)
[7.315s][info][gc,heap        ] GC(15) ParOldGen: 8703K(1398272K)->8871K(1398272K)
[7.316s][info][gc,metaspace   ] GC(15) Metaspace: 14446K(14912K)->14446K(14912K) NonClass: 12416K(12672K)->12416K(12672K) Class: 2029K(2240K)->2029K(2240K)
[7.316s][info][gc             ] GC(15) Pause Young (Allocation Failure) 424M->9M(1773M) 1.421ms
[7.316s][info][gc,cpu         ] GC(15) User=0.00s Sys=0.00s Real=0.00s
[7.636s][info][gc,start       ] GC(16) Pause Young (Allocation Failure)
[7.637s][info][gc,heap        ] GC(16) PSYoungGen: 416800K(417280K)->1024K(408064K) Eden: 415744K(415744K)->0K(407040K) From: 1056K(1536K)->1024K(1024K)
[7.637s][info][gc,heap        ] GC(16) ParOldGen: 8871K(1398272K)->9007K(1398272K)
[7.637s][info][gc,metaspace   ] GC(16) Metaspace: 14446K(14912K)->14446K(14912K) NonClass: 12416K(12672K)->12416K(12672K) Class: 2029K(2240K)->2029K(2240K)
[7.637s][info][gc             ] GC(16) Pause Young (Allocation Failure) 415M->9M(1764M) 1.440ms
[7.637s][info][gc,cpu         ] GC(16) User=0.00s Sys=0.00s Real=0.00s
[7.952s][info][gc,start       ] GC(17) Pause Young (Allocation Failure)
[7.954s][info][gc,heap        ] GC(17) PSYoungGen: 408064K(408064K)->1056K(399872K) Eden: 407040K(407040K)->0K(398336K) From: 1024K(1024K)->1056K(1536K)
[7.954s][info][gc,heap        ] GC(17) ParOldGen: 9007K(1398272K)->9135K(1398272K)
[7.954s][info][gc,metaspace   ] GC(17) Metaspace: 14446K(14912K)->14446K(14912K) NonClass: 12416K(12672K)->12416K(12672K) Class: 2029K(2240K)->2029K(2240K)
[7.954s][info][gc             ] GC(17) Pause Young (Allocation Failure) 407M->9M(1756M) 1.481ms
[7.954s][info][gc,cpu         ] GC(17) User=0.00s Sys=0.00s Real=0.00s
[8.262s][info][gc,start       ] GC(18) Pause Young (Allocation Failure)
[8.263s][info][gc,heap        ] GC(18) PSYoungGen: 399392K(399872K)->1024K(391168K) Eden: 398336K(398336K)->0K(390144K) From: 1056K(1536K)->1024K(1024K)
[8.263s][info][gc,heap        ] GC(18) ParOldGen: 9135K(1398272K)->9279K(1398272K)
[8.263s][info][gc,metaspace   ] GC(18) Metaspace: 14446K(14912K)->14446K(14912K) NonClass: 12416K(12672K)->12416K(12672K) Class: 2029K(2240K)->2029K(2240K)
[8.263s][info][gc             ] GC(18) Pause Young (Allocation Failure) 398M->10M(1747M) 1.583ms
[8.263s][info][gc,cpu         ] GC(18) User=0.00s Sys=0.00s Real=0.00s
[8.567s][info][gc,start       ] GC(19) Pause Young (Allocation Failure)
[8.569s][info][gc,heap        ] GC(19) PSYoungGen: 391168K(391168K)->1056K(388096K) Eden: 390144K(390144K)->0K(381952K) From: 1024K(1024K)->1056K(6144K)
[8.569s][info][gc,heap        ] GC(19) ParOldGen: 9279K(1398272K)->9407K(1398272K)
[8.569s][info][gc,metaspace   ] GC(19) Metaspace: 14446K(14912K)->14446K(14912K) NonClass: 12416K(12672K)->12416K(12672K) Class: 2029K(2240K)->2029K(2240K)
[8.569s][info][gc             ] GC(19) Pause Young (Allocation Failure) 391M->10M(1744M) 1.498ms
[8.569s][info][gc,cpu         ] GC(19) User=0.00s Sys=0.00s Real=0.00s
[8.873s][info][gc,start       ] GC(20) Pause Young (Allocation Failure)
[8.875s][info][gc,heap        ] GC(20) PSYoungGen: 383008K(388096K)->1024K(375296K) Eden: 381952K(381952K)->0K(374272K) From: 1056K(6144K)->1024K(1024K)
[8.875s][info][gc,heap        ] GC(20) ParOldGen: 9407K(1398272K)->9543K(1398272K)
[8.875s][info][gc,metaspace   ] GC(20) Metaspace: 14446K(14912K)->14446K(14912K) NonClass: 12416K(12672K)->12416K(12672K) Class: 2029K(2240K)->2029K(2240K)
[8.875s][info][gc             ] GC(20) Pause Young (Allocation Failure) 383M->10M(1732M) 1.257ms
[8.875s][info][gc,cpu         ] GC(20) User=0.00s Sys=0.00s Real=0.00s
[9.178s][info][gc,start       ] GC(21) Pause Young (Allocation Failure)
[9.179s][info][gc,heap        ] GC(21) PSYoungGen: 375296K(375296K)->1024K(367616K) Eden: 374272K(374272K)->0K(366592K) From: 1024K(1024K)->1024K(1024K)
[9.179s][info][gc,heap        ] GC(21) ParOldGen: 9543K(1398272K)->9671K(1398272K)
[9.179s][info][gc,metaspace   ] GC(21) Metaspace: 14446K(14912K)->14446K(14912K) NonClass: 12416K(12672K)->12416K(12672K) Class: 2029K(2240K)->2029K(2240K)
[9.179s][info][gc             ] GC(21) Pause Young (Allocation Failure) 375M->10M(1724M) 1.133ms
[9.179s][info][gc,cpu         ] GC(21) User=0.00s Sys=0.00s Real=0.00s
[9.462s][info][gc,start       ] GC(22) Pause Young (Allocation Failure)
[9.463s][info][gc,heap        ] GC(22) PSYoungGen: 367616K(367616K)->1024K(360448K) Eden: 366592K(366592K)->0K(359424K) From: 1024K(1024K)->1024K(1024K)
[9.463s][info][gc,heap        ] GC(22) ParOldGen: 9671K(1398272K)->9791K(1398272K)
[9.463s][info][gc,metaspace   ] GC(22) Metaspace: 14446K(14912K)->14446K(14912K) NonClass: 12416K(12672K)->12416K(12672K) Class: 2029K(2240K)->2029K(2240K)
[9.463s][info][gc             ] GC(22) Pause Young (Allocation Failure) 368M->10M(1717M) 1.212ms
[9.463s][info][gc,cpu         ] GC(22) User=0.00s Sys=0.00s Real=0.00s
[9.740s][info][gc,start       ] GC(23) Pause Young (Allocation Failure)
[9.741s][info][gc,heap        ] GC(23) PSYoungGen: 360448K(360448K)->1024K(353280K) Eden: 359424K(359424K)->0K(352256K) From: 1024K(1024K)->1024K(1024K)
[9.741s][info][gc,heap        ] GC(23) ParOldGen: 9791K(1398272K)->9911K(1398272K)
[9.741s][info][gc,metaspace   ] GC(23) Metaspace: 14446K(14912K)->14446K(14912K) NonClass: 12416K(12672K)->12416K(12672K) Class: 2029K(2240K)->2029K(2240K)
[9.741s][info][gc             ] GC(23) Pause Young (Allocation Failure) 361M->10M(1710M) 1.347ms
[9.741s][info][gc,cpu         ] GC(23) User=0.00s Sys=0.00s Real=0.00s
[10.014s][info][gc,start       ] GC(24) Pause Young (Allocation Failure)
[10.015s][info][gc,heap        ] GC(24) PSYoungGen: 353280K(353280K)->1024K(346624K) Eden: 352256K(352256K)->0K(345600K) From: 1024K(1024K)->1024K(1024K)
[10.015s][info][gc,heap        ] GC(24) ParOldGen: 9911K(1398272K)->10023K(1398272K)
[10.015s][info][gc,metaspace   ] GC(24) Metaspace: 14446K(14912K)->14446K(14912K) NonClass: 12416K(12672K)->12416K(12672K) Class: 2029K(2240K)->2029K(2240K)
[10.015s][info][gc             ] GC(24) Pause Young (Allocation Failure) 354M->10M(1704M) 1.364ms
[10.015s][info][gc,cpu         ] GC(24) User=0.00s Sys=0.00s Real=0.00s
[10.281s][info][gc,start       ] GC(25) Pause Young (Allocation Failure)
[10.282s][info][gc,heap        ] GC(25) PSYoungGen: 346624K(346624K)->1024K(339968K) Eden: 345600K(345600K)->0K(338944K) From: 1024K(1024K)->1024K(1024K)
[10.282s][info][gc,heap        ] GC(25) ParOldGen: 10023K(1398272K)->10143K(1398272K)
[10.282s][info][gc,metaspace   ] GC(25) Metaspace: 14446K(14912K)->14446K(14912K) NonClass: 12416K(12672K)->12416K(12672K) Class: 2029K(2240K)->2029K(2240K)
[10.282s][info][gc             ] GC(25) Pause Young (Allocation Failure) 348M->10M(1697M) 1.418ms
[10.282s][info][gc,cpu         ] GC(25) User=0.00s Sys=0.00s Real=0.00s
[10.539s][info][gc,start       ] GC(26) Pause Young (Allocation Failure)
[10.540s][info][gc,heap        ] GC(26) PSYoungGen: 339968K(339968K)->1056K(334336K) Eden: 338944K(338944K)->0K(332800K) From: 1024K(1024K)->1056K(1536K)
[10.540s][info][gc,heap        ] GC(26) ParOldGen: 10143K(1398272K)->10263K(1398272K)
[10.540s][info][gc,metaspace   ] GC(26) Metaspace: 14446K(14912K)->14446K(14912K) NonClass: 12416K(12672K)->12416K(12672K) Class: 2029K(2240K)->2029K(2240K)
[10.540s][info][gc             ] GC(26) Pause Young (Allocation Failure) 341M->11M(1692M) 1.444ms
[10.540s][info][gc,cpu         ] GC(26) User=0.52s Sys=0.00s Real=0.00s
[10.798s][info][gc,start       ] GC(27) Pause Young (Allocation Failure)
[10.799s][info][gc,heap        ] GC(27) PSYoungGen: 333856K(334336K)->1024K(327680K) Eden: 332800K(332800K)->0K(326656K) From: 1056K(1536K)->1024K(1024K)
[10.799s][info][gc,heap        ] GC(27) ParOldGen: 10263K(1398272K)->10375K(1398272K)
[10.799s][info][gc,metaspace   ] GC(27) Metaspace: 14446K(14912K)->14446K(14912K) NonClass: 12416K(12672K)->12416K(12672K) Class: 2029K(2240K)->2029K(2240K)
[10.799s][info][gc             ] GC(27) Pause Young (Allocation Failure) 336M->11M(1685M) 1.453ms
[10.799s][info][gc,cpu         ] GC(27) User=0.00s Sys=0.00s Real=0.00s
[11.048s][info][gc,start       ] GC(28) Pause Young (Allocation Failure)
[11.050s][info][gc,heap        ] GC(28) PSYoungGen: 327680K(327680K)->1024K(321536K) Eden: 326656K(326656K)->0K(320512K) From: 1024K(1024K)->1024K(1024K)
[11.050s][info][gc,heap        ] GC(28) ParOldGen: 10375K(1398272K)->10503K(1398272K)
[11.050s][info][gc,metaspace   ] GC(28) Metaspace: 14446K(14912K)->14446K(14912K) NonClass: 12416K(12672K)->12416K(12672K) Class: 2029K(2240K)->2029K(2240K)
[11.050s][info][gc             ] GC(28) Pause Young (Allocation Failure) 330M->11M(1679M) 1.558ms
[11.050s][info][gc,cpu         ] GC(28) User=0.00s Sys=0.00s Real=0.00s
[11.301s][info][gc,start       ] GC(29) Pause Young (Allocation Failure)
[11.302s][info][gc,heap        ] GC(29) PSYoungGen: 321536K(321536K)->1056K(316416K) Eden: 320512K(320512K)->0K(314880K) From: 1024K(1024K)->1056K(1536K)
[11.302s][info][gc,heap        ] GC(29) ParOldGen: 10503K(1398272K)->10607K(1398272K)
[11.302s][info][gc,metaspace   ] GC(29) Metaspace: 14446K(14912K)->14446K(14912K) NonClass: 12416K(12672K)->12416K(12672K) Class: 2029K(2240K)->2029K(2240K)
[11.302s][info][gc             ] GC(29) Pause Young (Allocation Failure) 324M->11M(1674M) 1.527ms
[11.302s][info][gc,cpu         ] GC(29) User=0.00s Sys=0.00s Real=0.00s
[11.554s][info][gc,start       ] GC(30) Pause Young (Allocation Failure)
[11.556s][info][gc,heap        ] GC(30) PSYoungGen: 315936K(316416K)->1056K(310784K) Eden: 314880K(314880K)->0K(309248K) From: 1056K(1536K)->1056K(1536K)
[11.556s][info][gc,heap        ] GC(30) ParOldGen: 10607K(1398272K)->10727K(1398272K)
[11.556s][info][gc,metaspace   ] GC(30) Metaspace: 14446K(14912K)->14446K(14912K) NonClass: 12416K(12672K)->12416K(12672K) Class: 2029K(2240K)->2029K(2240K)
[11.556s][info][gc             ] GC(30) Pause Young (Allocation Failure) 318M->11M(1669M) 1.364ms
[11.556s][info][gc,cpu         ] GC(30) User=0.52s Sys=0.00s Real=0.00s
[11.799s][info][gc,start       ] GC(31) Pause Young (Allocation Failure)
[11.801s][info][gc,heap        ] GC(31) PSYoungGen: 310304K(310784K)->1024K(304640K) Eden: 309248K(309248K)->0K(303616K) From: 1056K(1536K)->1024K(1024K)
[11.801s][info][gc,heap        ] GC(31) ParOldGen: 10727K(1398272K)->10847K(1398272K)
[11.801s][info][gc,metaspace   ] GC(31) Metaspace: 14446K(14912K)->14446K(14912K) NonClass: 12416K(12672K)->12416K(12672K) Class: 2029K(2240K)->2029K(2240K)
[11.801s][info][gc             ] GC(31) Pause Young (Allocation Failure) 313M->11M(1663M) 1.202ms
[11.801s][info][gc,cpu         ] GC(31) User=0.00s Sys=0.00s Real=0.00s
[12.030s][info][gc,start       ] GC(32) Pause Young (Allocation Failure)
[12.032s][info][gc,heap        ] GC(32) PSYoungGen: 304640K(304640K)->1024K(299520K) Eden: 303616K(303616K)->0K(298496K) From: 1024K(1024K)->1024K(1024K)
[12.032s][info][gc,heap        ] GC(32) ParOldGen: 10847K(1398272K)->10959K(1398272K)
[12.032s][info][gc,metaspace   ] GC(32) Metaspace: 14446K(14912K)->14446K(14912K) NonClass: 12416K(12672K)->12416K(12672K) Class: 2029K(2240K)->2029K(2240K)
[12.032s][info][gc             ] GC(32) Pause Young (Allocation Failure) 308M->11M(1658M) 1.366ms
[12.032s][info][gc,cpu         ] GC(32) User=0.00s Sys=0.00s Real=0.00s
[12.271s][info][gc,start       ] GC(33) Pause Young (Allocation Failure)
[12.272s][info][gc,heap        ] GC(33) PSYoungGen: 299520K(299520K)->1024K(296960K) Eden: 298496K(298496K)->0K(293376K) From: 1024K(1024K)->1024K(3584K)
[12.272s][info][gc,heap        ] GC(33) ParOldGen: 10959K(1398272K)->11075K(1398272K)
[12.272s][info][gc,metaspace   ] GC(33) Metaspace: 14446K(14912K)->14446K(14912K) NonClass: 12416K(12672K)->12416K(12672K) Class: 2029K(2240K)->2029K(2240K)
[12.272s][info][gc             ] GC(33) Pause Young (Allocation Failure) 303M->11M(1655M) 1.118ms
[12.272s][info][gc,cpu         ] GC(33) User=0.00s Sys=0.00s Real=0.00s
[12.498s][info][gc,start       ] GC(34) Pause Young (Allocation Failure)
[12.499s][info][gc,heap        ] GC(34) PSYoungGen: 294400K(296960K)->1024K(289280K) Eden: 293376K(293376K)->0K(288256K) From: 1024K(3584K)->1024K(1024K)
[12.499s][info][gc,heap        ] GC(34) ParOldGen: 11075K(1398272K)->11179K(1398272K)
[12.499s][info][gc,metaspace   ] GC(34) Metaspace: 14446K(14912K)->14446K(14912K) NonClass: 12416K(12672K)->12416K(12672K) Class: 2029K(2240K)->2029K(2240K)
[12.499s][info][gc             ] GC(34) Pause Young (Allocation Failure) 298M->11M(1648M) 1.212ms
[12.499s][info][gc,cpu         ] GC(34) User=0.00s Sys=0.00s Real=0.00s
[12.719s][info][gc,start       ] GC(35) Pause Young (Allocation Failure)
[12.720s][info][gc,heap        ] GC(35) PSYoungGen: 289280K(289280K)->1056K(285184K) Eden: 288256K(288256K)->0K(283648K) From: 1024K(1024K)->1056K(1536K)
[12.720s][info][gc,heap        ] GC(35) ParOldGen: 11179K(1398272K)->11283K(1398272K)
[12.720s][info][gc,metaspace   ] GC(35) Metaspace: 14446K(14912K)->14446K(14912K) NonClass: 12416K(12672K)->12416K(12672K) Class: 2029K(2240K)->2029K(2240K)
[12.720s][info][gc             ] GC(35) Pause Young (Allocation Failure) 293M->12M(1644M) 1.237ms
[12.720s][info][gc,cpu         ] GC(35) User=0.00s Sys=0.00s Real=0.00s
[12.936s][info][gc,start       ] GC(36) Pause Young (Allocation Failure)
[12.937s][info][gc,heap        ] GC(36) PSYoungGen: 284704K(285184K)->1056K(280576K) Eden: 283648K(283648K)->0K(279040K) From: 1056K(1536K)->1056K(1536K)
[12.937s][info][gc,heap        ] GC(36) ParOldGen: 11283K(1398272K)->11371K(1398272K)
[12.937s][info][gc,metaspace   ] GC(36) Metaspace: 14446K(14912K)->14446K(14912K) NonClass: 12416K(12672K)->12416K(12672K) Class: 2029K(2240K)->2029K(2240K)
[12.937s][info][gc             ] GC(36) Pause Young (Allocation Failure) 289M->12M(1639M) 1.254ms
[12.937s][info][gc,cpu         ] GC(36) User=0.00s Sys=0.00s Real=0.00s
[13.153s][info][gc,start       ] GC(37) Pause Young (Allocation Failure)
[13.154s][info][gc,heap        ] GC(37) PSYoungGen: 280096K(280576K)->1024K(275456K) Eden: 279040K(279040K)->0K(274432K) From: 1056K(1536K)->1024K(1024K)
[13.154s][info][gc,heap        ] GC(37) ParOldGen: 11371K(1398272K)->11451K(1398272K)
[13.154s][info][gc,metaspace   ] GC(37) Metaspace: 14446K(14912K)->14446K(14912K) NonClass: 12416K(12672K)->12416K(12672K) Class: 2029K(2240K)->2029K(2240K)
[13.154s][info][gc             ] GC(37) Pause Young (Allocation Failure) 284M->12M(1634M) 1.298ms
[13.154s][info][gc,cpu         ] GC(37) User=0.00s Sys=0.00s Real=0.00s
[13.363s][info][gc,start       ] GC(38) Pause Young (Allocation Failure)
[13.364s][info][gc,heap        ] GC(38) PSYoungGen: 275456K(275456K)->1024K(270848K) Eden: 274432K(274432K)->0K(269824K) From: 1024K(1024K)->1024K(1024K)
[13.364s][info][gc,heap        ] GC(38) ParOldGen: 11451K(1398272K)->11555K(1398272K)
[13.364s][info][gc,metaspace   ] GC(38) Metaspace: 14446K(14912K)->14446K(14912K) NonClass: 12416K(12672K)->12416K(12672K) Class: 2029K(2240K)->2029K(2240K)
[13.364s][info][gc             ] GC(38) Pause Young (Allocation Failure) 280M->12M(1630M) 1.341ms
[13.364s][info][gc,cpu         ] GC(38) User=0.00s Sys=0.00s Real=0.00s
[13.570s][info][gc,start       ] GC(39) Pause Young (Allocation Failure)
[13.571s][info][gc,heap        ] GC(39) PSYoungGen: 270848K(270848K)->1056K(267264K) Eden: 269824K(269824K)->0K(265728K) From: 1024K(1024K)->1056K(1536K)
[13.571s][info][gc,heap        ] GC(39) ParOldGen: 11555K(1398272K)->11651K(1398272K)
[13.571s][info][gc,metaspace   ] GC(39) Metaspace: 14446K(14912K)->14446K(14912K) NonClass: 12416K(12672K)->12416K(12672K) Class: 2029K(2240K)->2029K(2240K)
[13.571s][info][gc             ] GC(39) Pause Young (Allocation Failure) 275M->12M(1626M) 1.376ms
[13.571s][info][gc,cpu         ] GC(39) User=0.31s Sys=0.00s Real=0.00s
[13.777s][info][gc,start       ] GC(40) Pause Young (Allocation Failure)
[13.778s][info][gc,heap        ] GC(40) PSYoungGen: 266784K(267264K)->1056K(263168K) Eden: 265728K(265728K)->0K(261632K) From: 1056K(1536K)->1056K(1536K)
[13.778s][info][gc,heap        ] GC(40) ParOldGen: 11651K(1398272K)->11739K(1398272K)
[13.778s][info][gc,metaspace   ] GC(40) Metaspace: 14446K(14912K)->14446K(14912K) NonClass: 12416K(12672K)->12416K(12672K) Class: 2029K(2240K)->2029K(2240K)
[13.778s][info][gc             ] GC(40) Pause Young (Allocation Failure) 271M->12M(1622M) 1.449ms
[13.778s][info][gc,cpu         ] GC(40) User=0.00s Sys=0.00s Real=0.00s
[14.123s][info][gc,start       ] GC(41) Pause Young (Allocation Failure)
[14.125s][info][gc,heap        ] GC(41) PSYoungGen: 262688K(263168K)->1056K(259072K) Eden: 261632K(261632K)->0K(257536K) From: 1056K(1536K)->1056K(1536K)
[14.125s][info][gc,heap        ] GC(41) ParOldGen: 11739K(1398272K)->11835K(1398272K)
[14.125s][info][gc,metaspace   ] GC(41) Metaspace: 14446K(14912K)->14446K(14912K) NonClass: 12416K(12672K)->12416K(12672K) Class: 2029K(2240K)->2029K(2240K)
[14.125s][info][gc             ] GC(41) Pause Young (Allocation Failure) 267M->12M(1618M) 2.026ms
[14.125s][info][gc,cpu         ] GC(41) User=0.00s Sys=0.00s Real=0.00s
[14.339s][info][gc,start       ] GC(42) Pause Young (Allocation Failure)
[14.341s][info][gc,heap        ] GC(42) PSYoungGen: 258592K(259072K)->992K(254464K) Eden: 257536K(257536K)->0K(253440K) From: 1056K(1536K)->992K(1024K)
[14.341s][info][gc,heap        ] GC(42) ParOldGen: 11835K(1398272K)->11939K(1398272K)
[14.341s][info][gc,metaspace   ] GC(42) Metaspace: 14446K(14912K)->14446K(14912K) NonClass: 12416K(12672K)->12416K(12672K) Class: 2029K(2240K)->2029K(2240K)
[14.341s][info][gc             ] GC(42) Pause Young (Allocation Failure) 264M->12M(1614M) 1.285ms
[14.341s][info][gc,cpu         ] GC(42) User=0.00s Sys=0.00s Real=0.00s
[14.545s][info][gc,start       ] GC(43) Pause Young (Allocation Failure)
[14.546s][info][gc,heap        ] GC(43) PSYoungGen: 254432K(254464K)->1056K(251904K) Eden: 253440K(253440K)->0K(249344K) From: 992K(1024K)->1056K(2560K)
[14.546s][info][gc,heap        ] GC(43) ParOldGen: 11939K(1398272K)->12035K(1398272K)
[14.546s][info][gc,metaspace   ] GC(43) Metaspace: 14446K(14912K)->14446K(14912K) NonClass: 12416K(12672K)->12416K(12672K) Class: 2029K(2240K)->2029K(2240K)
[14.546s][info][gc             ] GC(43) Pause Young (Allocation Failure) 260M->12M(1611M) 1.134ms
[14.546s][info][gc,cpu         ] GC(43) User=0.00s Sys=0.00s Real=0.00s
[14.740s][info][gc,start       ] GC(44) Pause Young (Allocation Failure)
[14.741s][info][gc,heap        ] GC(44) PSYoungGen: 250400K(251904K)->992K(246784K) Eden: 249344K(249344K)->0K(245760K) From: 1056K(2560K)->992K(1024K)
[14.741s][info][gc,heap        ] GC(44) ParOldGen: 12035K(1398272K)->12123K(1398272K)
[14.741s][info][gc,metaspace   ] GC(44) Metaspace: 14446K(14912K)->14446K(14912K) NonClass: 12416K(12672K)->12416K(12672K) Class: 2029K(2240K)->2029K(2240K)
[14.741s][info][gc             ] GC(44) Pause Young (Allocation Failure) 256M->12M(1606M) 1.141ms
[14.741s][info][gc,cpu         ] GC(44) User=0.00s Sys=0.00s Real=0.00s
[14.941s][info][gc,start       ] GC(45) Pause Young (Allocation Failure)
[14.942s][info][gc,heap        ] GC(45) PSYoungGen: 246752K(246784K)->1024K(243200K) Eden: 245760K(245760K)->0K(242176K) From: 992K(1024K)->1024K(1024K)
[14.942s][info][gc,heap        ] GC(45) ParOldGen: 12123K(1398272K)->12211K(1398272K)
[14.942s][info][gc,metaspace   ] GC(45) Metaspace: 14446K(14912K)->14446K(14912K) NonClass: 12417K(12672K)->12417K(12672K) Class: 2029K(2240K)->2029K(2240K)
[14.942s][info][gc             ] GC(45) Pause Young (Allocation Failure) 252M->12M(1603M) 1.022ms
[14.942s][info][gc,cpu         ] GC(45) User=0.00s Sys=0.00s Real=0.00s
[15.125s][info][gc,start       ] GC(46) Pause Young (Allocation Failure)
[15.126s][info][gc,heap        ] GC(46) PSYoungGen: 243200K(243200K)->1024K(239616K) Eden: 242176K(242176K)->0K(238592K) From: 1024K(1024K)->1024K(1024K)
[15.126s][info][gc,heap        ] GC(46) ParOldGen: 12211K(1398272K)->12291K(1398272K)
[15.126s][info][gc,metaspace   ] GC(46) Metaspace: 14446K(14912K)->14446K(14912K) NonClass: 12417K(12672K)->12417K(12672K) Class: 2029K(2240K)->2029K(2240K)
[15.126s][info][gc             ] GC(46) Pause Young (Allocation Failure) 249M->13M(1599M) 1.023ms
[15.126s][info][gc,cpu         ] GC(46) User=0.00s Sys=0.00s Real=0.00s
[15.306s][info][gc,start       ] GC(47) Pause Young (Allocation Failure)
[15.307s][info][gc,heap        ] GC(47) PSYoungGen: 239616K(239616K)->1024K(236032K) Eden: 238592K(238592K)->0K(235008K) From: 1024K(1024K)->1024K(1024K)
[15.307s][info][gc,heap        ] GC(47) ParOldGen: 12291K(1398272K)->12371K(1398272K)
[15.307s][info][gc,metaspace   ] GC(47) Metaspace: 14446K(14912K)->14446K(14912K) NonClass: 12417K(12672K)->12417K(12672K) Class: 2029K(2240K)->2029K(2240K)
[15.307s][info][gc             ] GC(47) Pause Young (Allocation Failure) 246M->13M(1596M) 1.087ms
[15.307s][info][gc,cpu         ] GC(47) User=0.00s Sys=0.00s Real=0.00s
[15.483s][info][gc,start       ] GC(48) Pause Young (Allocation Failure)
[15.484s][info][gc,heap        ] GC(48) PSYoungGen: 236032K(236032K)->1024K(232448K) Eden: 235008K(235008K)->0K(231424K) From: 1024K(1024K)->1024K(1024K)
[15.484s][info][gc,heap        ] GC(48) ParOldGen: 12371K(1398272K)->12451K(1398272K)
[15.484s][info][gc,metaspace   ] GC(48) Metaspace: 14446K(14912K)->14446K(14912K) NonClass: 12417K(12672K)->12417K(12672K) Class: 2029K(2240K)->2029K(2240K)
[15.485s][info][gc             ] GC(48) Pause Young (Allocation Failure) 242M->13M(1592M) 1.185ms
[15.485s][info][gc,cpu         ] GC(48) User=0.00s Sys=0.00s Real=0.00s
[15.659s][info][gc,start       ] GC(49) Pause Young (Allocation Failure)
[15.660s][info][gc,heap        ] GC(49) PSYoungGen: 232448K(232448K)->1024K(229376K) Eden: 231424K(231424K)->0K(228352K) From: 1024K(1024K)->1024K(1024K)
[15.660s][info][gc,heap        ] GC(49) ParOldGen: 12451K(1398272K)->12531K(1398272K)
[15.660s][info][gc,metaspace   ] GC(49) Metaspace: 14446K(14912K)->14446K(14912K) NonClass: 12417K(12672K)->12417K(12672K) Class: 2029K(2240K)->2029K(2240K)
[15.660s][info][gc             ] GC(49) Pause Young (Allocation Failure) 239M->13M(1589M) 1.246ms
[15.660s][info][gc,cpu         ] GC(49) User=0.00s Sys=0.00s Real=0.00s
[15.832s][info][gc,start       ] GC(50) Pause Young (Allocation Failure)
[15.833s][info][gc,heap        ] GC(50) PSYoungGen: 229376K(229376K)->896K(226304K) Eden: 228352K(228352K)->0K(225280K) From: 1024K(1024K)->896K(1024K)
[15.833s][info][gc,heap        ] GC(50) ParOldGen: 12531K(1398272K)->12603K(1398272K)
[15.833s][info][gc,metaspace   ] GC(50) Metaspace: 14446K(14912K)->14446K(14912K) NonClass: 12417K(12672K)->12417K(12672K) Class: 2029K(2240K)->2029K(2240K)
[15.833s][info][gc             ] GC(50) Pause Young (Allocation Failure) 236M->13M(1586M) 1.276ms
[15.833s][info][gc,cpu         ] GC(50) User=0.00s Sys=0.00s Real=0.00s
[15.973s][info][gc,start       ] GC(51) Pause Young (Allocation Failure)
[15.974s][info][gc,heap        ] GC(51) PSYoungGen: 226176K(226304K)->864K(223232K) Eden: 225280K(225280K)->0K(222208K) From: 896K(1024K)->864K(1024K)
[15.974s][info][gc,heap        ] GC(51) ParOldGen: 12603K(1398272K)->12683K(1398272K)
[15.974s][info][gc,metaspace   ] GC(51) Metaspace: 14446K(14912K)->14446K(14912K) NonClass: 12417K(12672K)->12417K(12672K) Class: 2029K(2240K)->2029K(2240K)
[15.974s][info][gc             ] GC(51) Pause Young (Allocation Failure) 233M->13M(1583M) 1.234ms
[15.974s][info][gc,cpu         ] GC(51) User=0.00s Sys=0.00s Real=0.00s
[16.188s][info][gc,start       ] GC(52) Pause Young (Allocation Failure)
[16.189s][info][gc,heap        ] GC(52) PSYoungGen: 223072K(223232K)->608K(220160K) Eden: 222208K(222208K)->0K(219136K) From: 864K(1024K)->608K(1024K)
[16.189s][info][gc,heap        ] GC(52) ParOldGen: 12683K(1398272K)->12747K(1398272K)
[16.189s][info][gc,metaspace   ] GC(52) Metaspace: 14446K(14912K)->14446K(14912K) NonClass: 12417K(12672K)->12417K(12672K) Class: 2029K(2240K)->2029K(2240K)
[16.189s][info][gc             ] GC(52) Pause Young (Allocation Failure) 230M->13M(1580M) 1.473ms
[16.189s][info][gc,cpu         ] GC(52) User=0.00s Sys=0.00s Real=0.00s
[16.572s][info][gc,start       ] GC(53) Pause Young (Allocation Failure)
[16.574s][info][gc,heap        ] GC(53) PSYoungGen: 219744K(220160K)->704K(217088K) Eden: 219136K(219136K)->0K(216064K) From: 608K(1024K)->704K(1024K)
[16.574s][info][gc,heap        ] GC(53) ParOldGen: 12747K(1398272K)->12875K(1398272K)
[16.574s][info][gc,metaspace   ] GC(53) Metaspace: 14446K(14912K)->14446K(14912K) NonClass: 12417K(12672K)->12417K(12672K) Class: 2029K(2240K)->2029K(2240K)
[16.574s][info][gc             ] GC(53) Pause Young (Allocation Failure) 227M->13M(1577M) 1.714ms
[16.574s][info][gc,cpu         ] GC(53) User=0.00s Sys=0.00s Real=0.00s
[16.710s][info][gc,start       ] GC(54) Pause Young (System.gc())
[16.711s][info][gc,heap        ] GC(54) PSYoungGen: 61673K(217088K)->832K(217088K) Eden: 60969K(216064K)->0K(216064K) From: 704K(1024K)->832K(1024K)
[16.711s][info][gc,heap        ] GC(54) ParOldGen: 12875K(1398272K)->13051K(1398272K)
[16.711s][info][gc,metaspace   ] GC(54) Metaspace: 14545K(15040K)->14545K(15040K) NonClass: 12505K(12800K)->12505K(12800K) Class: 2039K(2240K)->2039K(2240K)
[16.711s][info][gc             ] GC(54) Pause Young (System.gc()) 72M->13M(1577M) 1.366ms
[16.711s][info][gc,cpu         ] GC(54) User=0.00s Sys=0.00s Real=0.00s
[16.711s][info][gc,start       ] GC(55) Pause Full (System.gc())
[16.711s][info][gc,phases,start] GC(55) Marking Phase
[16.730s][info][gc,phases      ] GC(55) Marking Phase 18.872ms
[16.730s][info][gc,phases,start] GC(55) Summary Phase
[16.730s][info][gc,phases      ] GC(55) Summary Phase 0.015ms
[16.730s][info][gc,phases,start] GC(55) Adjust Roots
[16.737s][info][gc,phases      ] GC(55) Adjust Roots 7.105ms
[16.737s][info][gc,phases,start] GC(55) Compaction Phase
[16.745s][info][gc,phases      ] GC(55) Compaction Phase 7.813ms
[16.745s][info][gc,phases,start] GC(55) Post Compact
[16.748s][info][gc,phases      ] GC(55) Post Compact 2.509ms
[16.748s][info][gc,heap        ] GC(55) PSYoungGen: 832K(217088K)->0K(217088K) Eden: 0K(216064K)->0K(216064K) From: 832K(1024K)->0K(1024K)
[16.748s][info][gc,heap        ] GC(55) ParOldGen: 13051K(1398272K)->5365K(1398272K)
[16.748s][info][gc,metaspace   ] GC(55) Metaspace: 14545K(15040K)->14224K(14976K) NonClass: 12505K(12800K)->12274K(12736K) Class: 2039K(2240K)->1950K(2240K)
[16.748s][info][gc             ] GC(55) Pause Full (System.gc()) 13M->5M(1577M) 36.684ms
[16.748s][info][gc,cpu         ] GC(55) User=0.58s Sys=0.00s Real=0.05s
[16.937s][info][gc,start       ] GC(56) Pause Young (Allocation Failure)
[16.938s][info][gc,heap        ] GC(56) PSYoungGen: 216064K(217088K)->2048K(215040K) Eden: 216064K(216064K)->0K(212992K) From: 0K(1024K)->2048K(2048K)
[16.938s][info][gc,heap        ] GC(56) ParOldGen: 5365K(1398272K)->5386K(1398272K)
[16.938s][info][gc,metaspace   ] GC(56) Metaspace: 14225K(14976K)->14225K(14976K) NonClass: 12275K(12736K)->12275K(12736K) Class: 1950K(2240K)->1950K(2240K)
[16.938s][info][gc             ] GC(56) Pause Young (Allocation Failure) 216M->7M(1575M) 1.401ms
[16.938s][info][gc,cpu         ] GC(56) User=0.00s Sys=0.00s Real=0.00s
[17.074s][info][gc,start       ] GC(57) Pause Young (Allocation Failure)
[17.075s][info][gc,heap        ] GC(57) PSYoungGen: 215040K(215040K)->1056K(211456K) Eden: 212992K(212992K)->0K(209920K) From: 2048K(2048K)->1056K(1536K)
[17.075s][info][gc,heap        ] GC(57) ParOldGen: 5386K(1398272K)->7027K(1398272K)
[17.075s][info][gc,metaspace   ] GC(57) Metaspace: 14225K(14976K)->14225K(14976K) NonClass: 12275K(12736K)->12275K(12736K) Class: 1950K(2240K)->1950K(2240K)
[17.075s][info][gc             ] GC(57) Pause Young (Allocation Failure) 215M->7M(1572M) 1.367ms
[17.075s][info][gc,cpu         ] GC(57) User=0.00s Sys=0.00s Real=0.00s
[17.231s][info][gc,start       ] GC(58) Pause Young (Allocation Failure)
[17.233s][info][gc,heap        ] GC(58) PSYoungGen: 210976K(211456K)->1024K(208384K) Eden: 209920K(209920K)->0K(207360K) From: 1056K(1536K)->1024K(1024K)
[17.233s][info][gc,heap        ] GC(58) ParOldGen: 7027K(1398272K)->7099K(1398272K)
[17.233s][info][gc,metaspace   ] GC(58) Metaspace: 14225K(14976K)->14225K(14976K) NonClass: 12275K(12736K)->12275K(12736K) Class: 1950K(2240K)->1950K(2240K)
[17.233s][info][gc             ] GC(58) Pause Young (Allocation Failure) 212M->7M(1569M) 1.347ms
[17.233s][info][gc,cpu         ] GC(58) User=0.00s Sys=0.00s Real=0.00s
[17.384s][info][gc,start       ] GC(59) Pause Young (Allocation Failure)
[17.385s][info][gc,heap        ] GC(59) PSYoungGen: 208384K(208384K)->1024K(205824K) Eden: 207360K(207360K)->0K(204800K) From: 1024K(1024K)->1024K(1024K)
[17.385s][info][gc,heap        ] GC(59) ParOldGen: 7099K(1398272K)->7187K(1398272K)
[17.385s][info][gc,metaspace   ] GC(59) Metaspace: 14225K(14976K)->14225K(14976K) NonClass: 12275K(12736K)->12275K(12736K) Class: 1950K(2240K)->1950K(2240K)
[17.385s][info][gc             ] GC(59) Pause Young (Allocation Failure) 210M->8M(1566M) 1.419ms
[17.385s][info][gc,cpu         ] GC(59) User=0.00s Sys=0.00s Real=0.00s
[17.537s][info][gc,start       ] GC(60) Pause Young (Allocation Failure)
[17.538s][info][gc,heap        ] GC(60) PSYoungGen: 205824K(205824K)->1024K(203264K) Eden: 204800K(204800K)->0K(202240K) From: 1024K(1024K)->1024K(1024K)
[17.538s][info][gc,heap        ] GC(60) ParOldGen: 7187K(1398272K)->7243K(1398272K)
[17.538s][info][gc,metaspace   ] GC(60) Metaspace: 14225K(14976K)->14225K(14976K) NonClass: 12275K(12736K)->12275K(12736K) Class: 1950K(2240K)->1950K(2240K)
[17.538s][info][gc             ] GC(60) Pause Young (Allocation Failure) 208M->8M(1564M) 1.461ms
[17.538s][info][gc,cpu         ] GC(60) User=0.00s Sys=0.00s Real=0.00s
[17.688s][info][gc,start       ] GC(61) Pause Young (Allocation Failure)
[17.690s][info][gc,heap        ] GC(61) PSYoungGen: 203264K(203264K)->1024K(200704K) Eden: 202240K(202240K)->0K(199680K) From: 1024K(1024K)->1024K(1024K)
[17.690s][info][gc,heap        ] GC(61) ParOldGen: 7243K(1398272K)->7339K(1398272K)
[17.690s][info][gc,metaspace   ] GC(61) Metaspace: 14225K(14976K)->14225K(14976K) NonClass: 12275K(12736K)->12275K(12736K) Class: 1950K(2240K)->1950K(2240K)
[17.690s][info][gc             ] GC(61) Pause Young (Allocation Failure) 205M->8M(1561M) 1.561ms
[17.690s][info][gc,cpu         ] GC(61) User=0.00s Sys=0.00s Real=0.00s
[17.862s][info][gc,start       ] GC(62) Pause Young (Allocation Failure)
[17.864s][info][gc,heap        ] GC(62) PSYoungGen: 200704K(200704K)->1024K(199168K) Eden: 199680K(199680K)->0K(197120K) From: 1024K(1024K)->1024K(2048K)
[17.864s][info][gc,heap        ] GC(62) ParOldGen: 7339K(1398272K)->7419K(1398272K)
[17.864s][info][gc,metaspace   ] GC(62) Metaspace: 14225K(14976K)->14225K(14976K) NonClass: 12275K(12736K)->12275K(12736K) Class: 1950K(2240K)->1950K(2240K)
[17.864s][info][gc             ] GC(62) Pause Young (Allocation Failure) 203M->8M(1560M) 1.678ms
[17.864s][info][gc,cpu         ] GC(62) User=0.00s Sys=0.00s Real=0.00s
[18.013s][info][gc,start       ] GC(63) Pause Young (Allocation Failure)
[18.014s][info][gc,heap        ] GC(63) PSYoungGen: 198144K(199168K)->1024K(195584K) Eden: 197120K(197120K)->0K(194560K) From: 1024K(2048K)->1024K(1024K)
[18.014s][info][gc,heap        ] GC(63) ParOldGen: 7419K(1398272K)->7467K(1398272K)
[18.014s][info][gc,metaspace   ] GC(63) Metaspace: 14225K(14976K)->14225K(14976K) NonClass: 12275K(12736K)->12275K(12736K) Class: 1950K(2240K)->1950K(2240K)
[18.014s][info][gc             ] GC(63) Pause Young (Allocation Failure) 200M->8M(1556M) 1.414ms
[18.014s][info][gc,cpu         ] GC(63) User=0.00s Sys=0.00s Real=0.00s
[18.165s][info][gc,start       ] GC(64) Pause Young (Allocation Failure)
[18.166s][info][gc,heap        ] GC(64) PSYoungGen: 195584K(195584K)->992K(193024K) Eden: 194560K(194560K)->0K(192000K) From: 1024K(1024K)->992K(1024K)
[18.166s][info][gc,heap        ] GC(64) ParOldGen: 7467K(1398272K)->7555K(1398272K)
[18.166s][info][gc,metaspace   ] GC(64) Metaspace: 14225K(14976K)->14225K(14976K) NonClass: 12275K(12736K)->12275K(12736K) Class: 1950K(2240K)->1950K(2240K)
[18.166s][info][gc             ] GC(64) Pause Young (Allocation Failure) 198M->8M(1554M) 1.356ms
[18.166s][info][gc,cpu         ] GC(64) User=0.00s Sys=0.00s Real=0.00s
[18.326s][info][gc,start       ] GC(65) Pause Young (Allocation Failure)
[18.327s][info][gc,heap        ] GC(65) PSYoungGen: 192992K(193024K)->1024K(190464K) Eden: 192000K(192000K)->0K(189440K) From: 992K(1024K)->1024K(1024K)
[18.327s][info][gc,heap        ] GC(65) ParOldGen: 7555K(1398272K)->7651K(1398272K)
[18.327s][info][gc,metaspace   ] GC(65) Metaspace: 14225K(14976K)->14225K(14976K) NonClass: 12275K(12736K)->12275K(12736K) Class: 1950K(2240K)->1950K(2240K)
[18.327s][info][gc             ] GC(65) Pause Young (Allocation Failure) 195M->8M(1551M) 1.202ms
[18.327s][info][gc,cpu         ] GC(65) User=0.00s Sys=0.00s Real=0.00s
[18.477s][info][gc,start       ] GC(66) Pause Young (Allocation Failure)
[18.478s][info][gc,heap        ] GC(66) PSYoungGen: 190464K(190464K)->1024K(188416K) Eden: 189440K(189440K)->0K(187392K) From: 1024K(1024K)->1024K(1024K)
[18.478s][info][gc,heap        ] GC(66) ParOldGen: 7651K(1398272K)->7747K(1398272K)
[18.478s][info][gc,metaspace   ] GC(66) Metaspace: 14225K(14976K)->14225K(14976K) NonClass: 12275K(12736K)->12275K(12736K) Class: 1950K(2240K)->1950K(2240K)
[18.478s][info][gc             ] GC(66) Pause Young (Allocation Failure) 193M->8M(1549M) 1.157ms
[18.478s][info][gc,cpu         ] GC(66) User=0.00s Sys=0.00s Real=0.00s
[18.619s][info][gc,start       ] GC(67) Pause Young (Allocation Failure)
[18.620s][info][gc,heap        ] GC(67) PSYoungGen: 188416K(188416K)->1024K(186368K) Eden: 187392K(187392K)->0K(185344K) From: 1024K(1024K)->1024K(1024K)
[18.620s][info][gc,heap        ] GC(67) ParOldGen: 7747K(1398272K)->7835K(1398272K)
[18.620s][info][gc,metaspace   ] GC(67) Metaspace: 14225K(14976K)->14225K(14976K) NonClass: 12275K(12736K)->12275K(12736K) Class: 1950K(2240K)->1950K(2240K)
[18.620s][info][gc             ] GC(67) Pause Young (Allocation Failure) 191M->8M(1547M) 1.141ms
[18.620s][info][gc,cpu         ] GC(67) User=0.00s Sys=0.00s Real=0.00s
[18.756s][info][gc,start       ] GC(68) Pause Young (Allocation Failure)
[18.757s][info][gc,heap        ] GC(68) PSYoungGen: 186368K(186368K)->1024K(184320K) Eden: 185344K(185344K)->0K(183296K) From: 1024K(1024K)->1024K(1024K)
[18.757s][info][gc,heap        ] GC(68) ParOldGen: 7835K(1398272K)->7915K(1398272K)
[18.757s][info][gc,metaspace   ] GC(68) Metaspace: 14225K(14976K)->14225K(14976K) NonClass: 12275K(12736K)->12275K(12736K) Class: 1950K(2240K)->1950K(2240K)
[18.757s][info][gc             ] GC(68) Pause Young (Allocation Failure) 189M->8M(1545M) 1.169ms
[18.757s][info][gc,cpu         ] GC(68) User=0.00s Sys=0.00s Real=0.00s
[18.891s][info][gc,start       ] GC(69) Pause Young (Allocation Failure)
[18.892s][info][gc,heap        ] GC(69) PSYoungGen: 184320K(184320K)->1024K(182272K) Eden: 183296K(183296K)->0K(181248K) From: 1024K(1024K)->1024K(1024K)
[18.892s][info][gc,heap        ] GC(69) ParOldGen: 7915K(1398272K)->7995K(1398272K)
[18.892s][info][gc,metaspace   ] GC(69) Metaspace: 14225K(14976K)->14225K(14976K) NonClass: 12275K(12736K)->12275K(12736K) Class: 1950K(2240K)->1950K(2240K)
[18.892s][info][gc             ] GC(69) Pause Young (Allocation Failure) 187M->8M(1543M) 1.126ms
[18.892s][info][gc,cpu         ] GC(69) User=0.00s Sys=0.00s Real=0.00s
[19.032s][info][gc,start       ] GC(70) Pause Young (Allocation Failure)
[19.033s][info][gc,heap        ] GC(70) PSYoungGen: 182272K(182272K)->1024K(180224K) Eden: 181248K(181248K)->0K(179200K) From: 1024K(1024K)->1024K(1024K)
[19.033s][info][gc,heap        ] GC(70) ParOldGen: 7995K(1398272K)->8067K(1398272K)
[19.033s][info][gc,metaspace   ] GC(70) Metaspace: 14225K(14976K)->14225K(14976K) NonClass: 12275K(12736K)->12275K(12736K) Class: 1950K(2240K)->1950K(2240K)
[19.033s][info][gc             ] GC(70) Pause Young (Allocation Failure) 185M->8M(1541M) 1.089ms
[19.033s][info][gc,cpu         ] GC(70) User=0.00s Sys=0.00s Real=0.00s
[19.164s][info][gc,start       ] GC(71) Pause Young (Allocation Failure)
[19.165s][info][gc,heap        ] GC(71) PSYoungGen: 180224K(180224K)->1056K(178688K) Eden: 179200K(179200K)->0K(177152K) From: 1024K(1024K)->1056K(1536K)
[19.165s][info][gc,heap        ] GC(71) ParOldGen: 8067K(1398272K)->8131K(1398272K)
[19.165s][info][gc,metaspace   ] GC(71) Metaspace: 14225K(14976K)->14225K(14976K) NonClass: 12275K(12736K)->12275K(12736K) Class: 1950K(2240K)->1950K(2240K)
[19.165s][info][gc             ] GC(71) Pause Young (Allocation Failure) 183M->8M(1540M) 1.038ms
[19.165s][info][gc,cpu         ] GC(71) User=0.00s Sys=0.00s Real=0.00s
[19.293s][info][gc,start       ] GC(72) Pause Young (Allocation Failure)
[19.294s][info][gc,heap        ] GC(72) PSYoungGen: 178208K(178688K)->1024K(176128K) Eden: 177152K(177152K)->0K(175104K) From: 1056K(1536K)->1024K(1024K)
[19.294s][info][gc,heap        ] GC(72) ParOldGen: 8131K(1398272K)->8195K(1398272K)
[19.294s][info][gc,metaspace   ] GC(72) Metaspace: 14225K(14976K)->14225K(14976K) NonClass: 12275K(12736K)->12275K(12736K) Class: 1950K(2240K)->1950K(2240K)
[19.294s][info][gc             ] GC(72) Pause Young (Allocation Failure) 181M->9M(1537M) 1.235ms
[19.294s][info][gc,cpu         ] GC(72) User=0.00s Sys=0.00s Real=0.00s
[19.421s][info][gc,start       ] GC(73) Pause Young (Allocation Failure)
[19.422s][info][gc,heap        ] GC(73) PSYoungGen: 176128K(176128K)->992K(174080K) Eden: 175104K(175104K)->0K(173056K) From: 1024K(1024K)->992K(1024K)
[19.422s][info][gc,heap        ] GC(73) ParOldGen: 8195K(1398272K)->8243K(1398272K)
[19.422s][info][gc,metaspace   ] GC(73) Metaspace: 14225K(14976K)->14225K(14976K) NonClass: 12275K(12736K)->12275K(12736K) Class: 1950K(2240K)->1950K(2240K)
[19.422s][info][gc             ] GC(73) Pause Young (Allocation Failure) 180M->9M(1535M) 1.108ms
[19.422s][info][gc,cpu         ] GC(73) User=0.00s Sys=0.00s Real=0.00s
[19.549s][info][gc,start       ] GC(74) Pause Young (Allocation Failure)
[19.550s][info][gc,heap        ] GC(74) PSYoungGen: 174048K(174080K)->1024K(172032K) Eden: 173056K(173056K)->0K(171008K) From: 992K(1024K)->1024K(1024K)
[19.550s][info][gc,heap        ] GC(74) ParOldGen: 8243K(1398272K)->8315K(1398272K)
[19.550s][info][gc,metaspace   ] GC(74) Metaspace: 14225K(14976K)->14225K(14976K) NonClass: 12275K(12736K)->12275K(12736K) Class: 1950K(2240K)->1950K(2240K)
[19.550s][info][gc             ] GC(74) Pause Young (Allocation Failure) 178M->9M(1533M) 1.205ms
[19.550s][info][gc,cpu         ] GC(74) User=0.00s Sys=0.00s Real=0.00s
[19.679s][info][gc,start       ] GC(75) Pause Young (Allocation Failure)
[19.680s][info][gc,heap        ] GC(75) PSYoungGen: 172032K(172032K)->1024K(169984K) Eden: 171008K(171008K)->0K(168960K) From: 1024K(1024K)->1024K(1024K)
[19.680s][info][gc,heap        ] GC(75) ParOldGen: 8315K(1398272K)->8379K(1398272K)
[19.680s][info][gc,metaspace   ] GC(75) Metaspace: 14225K(14976K)->14225K(14976K) NonClass: 12275K(12736K)->12275K(12736K) Class: 1950K(2240K)->1950K(2240K)
[19.680s][info][gc             ] GC(75) Pause Young (Allocation Failure) 176M->9M(1531M) 1.229ms
[19.680s][info][gc,cpu         ] GC(75) User=0.00s Sys=0.00s Real=0.00s
[19.804s][info][gc,start       ] GC(76) Pause Young (Allocation Failure)
[19.806s][info][gc,heap        ] GC(76) PSYoungGen: 169984K(169984K)->1024K(167936K) Eden: 168960K(168960K)->0K(166912K) From: 1024K(1024K)->1024K(1024K)
[19.806s][info][gc,heap        ] GC(76) ParOldGen: 8379K(1398272K)->8459K(1398272K)
[19.806s][info][gc,metaspace   ] GC(76) Metaspace: 14225K(14976K)->14225K(14976K) NonClass: 12275K(12736K)->12275K(12736K) Class: 1950K(2240K)->1950K(2240K)
[19.806s][info][gc             ] GC(76) Pause Young (Allocation Failure) 174M->9M(1529M) 1.200ms
[19.806s][info][gc,cpu         ] GC(76) User=0.00s Sys=0.00s Real=0.00s
[19.928s][info][gc,start       ] GC(77) Pause Young (Allocation Failure)
[19.929s][info][gc,heap        ] GC(77) PSYoungGen: 167936K(167936K)->1024K(166400K) Eden: 166912K(166912K)->0K(165376K) From: 1024K(1024K)->1024K(1024K)
[19.929s][info][gc,heap        ] GC(77) ParOldGen: 8459K(1398272K)->8515K(1398272K)
[19.929s][info][gc,metaspace   ] GC(77) Metaspace: 14225K(14976K)->14225K(14976K) NonClass: 12275K(12736K)->12275K(12736K) Class: 1950K(2240K)->1950K(2240K)
[19.929s][info][gc             ] GC(77) Pause Young (Allocation Failure) 172M->9M(1528M) 1.234ms
[19.929s][info][gc,cpu         ] GC(77) User=0.00s Sys=0.00s Real=0.00s
[20.049s][info][gc,start       ] GC(78) Pause Young (Allocation Failure)
[20.050s][info][gc,heap        ] GC(78) PSYoungGen: 166400K(166400K)->1024K(164864K) Eden: 165376K(165376K)->0K(163840K) From: 1024K(1024K)->1024K(1024K)
[20.050s][info][gc,heap        ] GC(78) ParOldGen: 8515K(1398272K)->8571K(1398272K)
[20.050s][info][gc,metaspace   ] GC(78) Metaspace: 14225K(14976K)->14225K(14976K) NonClass: 12275K(12736K)->12275K(12736K) Class: 1950K(2240K)->1950K(2240K)
[20.050s][info][gc             ] GC(78) Pause Young (Allocation Failure) 170M->9M(1526M) 1.268ms
[20.050s][info][gc,cpu         ] GC(78) User=0.00s Sys=0.00s Real=0.00s
[20.170s][info][gc,start       ] GC(79) Pause Young (Allocation Failure)
[20.171s][info][gc,heap        ] GC(79) PSYoungGen: 164864K(164864K)->1024K(163328K) Eden: 163840K(163840K)->0K(162304K) From: 1024K(1024K)->1024K(1024K)
[20.171s][info][gc,heap        ] GC(79) ParOldGen: 8571K(1398272K)->8627K(1398272K)
[20.171s][info][gc,metaspace   ] GC(79) Metaspace: 14225K(14976K)->14225K(14976K) NonClass: 12275K(12736K)->12275K(12736K) Class: 1950K(2240K)->1950K(2240K)
[20.171s][info][gc             ] GC(79) Pause Young (Allocation Failure) 169M->9M(1525M) 1.318ms
[20.171s][info][gc,cpu         ] GC(79) User=0.00s Sys=0.00s Real=0.00s
[20.290s][info][gc,start       ] GC(80) Pause Young (Allocation Failure)
[20.291s][info][gc,heap        ] GC(80) PSYoungGen: 163328K(163328K)->1024K(161792K) Eden: 162304K(162304K)->0K(160768K) From: 1024K(1024K)->1024K(1024K)
[20.291s][info][gc,heap        ] GC(80) ParOldGen: 8627K(1398272K)->8675K(1398272K)
[20.291s][info][gc,metaspace   ] GC(80) Metaspace: 14225K(14976K)->14225K(14976K) NonClass: 12275K(12736K)->12275K(12736K) Class: 1950K(2240K)->1950K(2240K)
[20.291s][info][gc             ] GC(80) Pause Young (Allocation Failure) 167M->9M(1523M) 1.310ms
[20.291s][info][gc,cpu         ] GC(80) User=0.00s Sys=0.00s Real=0.00s
[20.408s][info][gc,start       ] GC(81) Pause Young (Allocation Failure)
[20.410s][info][gc,heap        ] GC(81) PSYoungGen: 161792K(161792K)->1024K(160256K) Eden: 160768K(160768K)->0K(159232K) From: 1024K(1024K)->1024K(1024K)
[20.410s][info][gc,heap        ] GC(81) ParOldGen: 8675K(1398272K)->8739K(1398272K)
[20.410s][info][gc,metaspace   ] GC(81) Metaspace: 14225K(14976K)->14225K(14976K) NonClass: 12275K(12736K)->12275K(12736K) Class: 1950K(2240K)->1950K(2240K)
[20.410s][info][gc             ] GC(81) Pause Young (Allocation Failure) 166M->9M(1522M) 1.315ms
[20.410s][info][gc,cpu         ] GC(81) User=0.00s Sys=0.00s Real=0.00s
[20.525s][info][gc,start       ] GC(82) Pause Young (Allocation Failure)
[20.671s][info][gc,heap        ] GC(82) PSYoungGen: 160256K(160256K)->1056K(159232K) Eden: 159232K(159232K)->0K(157696K) From: 1024K(1024K)->1056K(1536K)
[20.671s][info][gc,heap        ] GC(82) ParOldGen: 8739K(1398272K)->8795K(1398272K)
[20.671s][info][gc,metaspace   ] GC(82) Metaspace: 14225K(14976K)->14225K(14976K) NonClass: 12275K(12736K)->12275K(12736K) Class: 1950K(2240K)->1950K(2240K)
[20.671s][info][gc             ] GC(82) Pause Young (Allocation Failure) 165M->9M(1521M) 145.723ms
[20.671s][info][gc,cpu         ] GC(82) User=0.00s Sys=0.00s Real=0.15s
[20.795s][info][gc,start       ] GC(83) Pause Young (Allocation Failure)
[20.796s][info][gc,heap        ] GC(83) PSYoungGen: 158752K(159232K)->992K(157184K) Eden: 157696K(157696K)->0K(156160K) From: 1056K(1536K)->992K(1024K)
[20.796s][info][gc,heap        ] GC(83) ParOldGen: 8795K(1398272K)->8851K(1398272K)
[20.796s][info][gc,metaspace   ] GC(83) Metaspace: 14225K(14976K)->14225K(14976K) NonClass: 12275K(12736K)->12275K(12736K) Class: 1950K(2240K)->1950K(2240K)
[20.796s][info][gc             ] GC(83) Pause Young (Allocation Failure) 163M->9M(1519M) 1.319ms
[20.796s][info][gc,cpu         ] GC(83) User=0.00s Sys=0.00s Real=0.00s
[20.910s][info][gc,start       ] GC(84) Pause Young (Allocation Failure)
[20.911s][info][gc,heap        ] GC(84) PSYoungGen: 157152K(157184K)->1024K(155648K) Eden: 156160K(156160K)->0K(154624K) From: 992K(1024K)->1024K(1024K)
[20.911s][info][gc,heap        ] GC(84) ParOldGen: 8851K(1398272K)->8915K(1398272K)
[20.911s][info][gc,metaspace   ] GC(84) Metaspace: 14225K(14976K)->14225K(14976K) NonClass: 12275K(12736K)->12275K(12736K) Class: 1950K(2240K)->1950K(2240K)
[20.911s][info][gc             ] GC(84) Pause Young (Allocation Failure) 162M->9M(1517M) 1.427ms
[20.911s][info][gc,cpu         ] GC(84) User=0.00s Sys=0.00s Real=0.00s
[21.022s][info][gc,start       ] GC(85) Pause Young (Allocation Failure)
[21.024s][info][gc,heap        ] GC(85) PSYoungGen: 155648K(155648K)->992K(154112K) Eden: 154624K(154624K)->0K(153088K) From: 1024K(1024K)->992K(1024K)
[21.024s][info][gc,heap        ] GC(85) ParOldGen: 8915K(1398272K)->8971K(1398272K)
[21.024s][info][gc,metaspace   ] GC(85) Metaspace: 14225K(14976K)->14225K(14976K) NonClass: 12275K(12736K)->12275K(12736K) Class: 1950K(2240K)->1950K(2240K)
[21.024s][info][gc             ] GC(85) Pause Young (Allocation Failure) 160M->9M(1516M) 1.458ms
[21.024s][info][gc,cpu         ] GC(85) User=0.52s Sys=0.00s Real=0.00s
[21.136s][info][gc,start       ] GC(86) Pause Young (Allocation Failure)
[21.137s][info][gc,heap        ] GC(86) PSYoungGen: 154080K(154112K)->992K(152576K) Eden: 153088K(153088K)->0K(151552K) From: 992K(1024K)->992K(1024K)
[21.138s][info][gc,heap        ] GC(86) ParOldGen: 8971K(1398272K)->9027K(1398272K)
[21.138s][info][gc,metaspace   ] GC(86) Metaspace: 14225K(14976K)->14225K(14976K) NonClass: 12275K(12736K)->12275K(12736K) Class: 1950K(2240K)->1950K(2240K)
[21.138s][info][gc             ] GC(86) Pause Young (Allocation Failure) 159M->9M(1514M) 1.450ms
[21.138s][info][gc,cpu         ] GC(86) User=0.00s Sys=0.00s Real=0.00s
[21.250s][info][gc,start       ] GC(87) Pause Young (Allocation Failure)
[21.251s][info][gc,heap        ] GC(87) PSYoungGen: 152544K(152576K)->992K(183296K) Eden: 151552K(151552K)->0K(182272K) From: 992K(1024K)->992K(1024K)
[21.251s][info][gc,heap        ] GC(87) ParOldGen: 9027K(1398272K)->9075K(1398272K)
[21.251s][info][gc,metaspace   ] GC(87) Metaspace: 14225K(14976K)->14225K(14976K) NonClass: 12275K(12736K)->12275K(12736K) Class: 1950K(2240K)->1950K(2240K)
[21.251s][info][gc             ] GC(87) Pause Young (Allocation Failure) 157M->9M(1544M) 1.484ms
[21.251s][info][gc,cpu         ] GC(87) User=0.00s Sys=0.00s Real=0.00s
[21.384s][info][gc,start       ] GC(88) Pause Young (Allocation Failure)
[21.385s][info][gc,heap        ] GC(88) PSYoungGen: 183264K(183296K)->1024K(220160K) Eden: 182272K(182272K)->0K(219136K) From: 992K(1024K)->1024K(1024K)
[21.385s][info][gc,heap        ] GC(88) ParOldGen: 9075K(1398272K)->9131K(1398272K)
[21.386s][info][gc,metaspace   ] GC(88) Metaspace: 14225K(14976K)->14225K(14976K) NonClass: 12275K(12736K)->12275K(12736K) Class: 1950K(2240K)->1950K(2240K)
[21.386s][info][gc             ] GC(88) Pause Young (Allocation Failure) 187M->9M(1580M) 1.562ms
[21.386s][info][gc,cpu         ] GC(88) User=0.00s Sys=0.00s Real=0.00s
[21.545s][info][gc,start       ] GC(89) Pause Young (Allocation Failure)
[21.547s][info][gc,heap        ] GC(89) PSYoungGen: 220160K(220160K)->992K(217088K) Eden: 219136K(219136K)->0K(216064K) From: 1024K(1024K)->992K(1024K)
[21.547s][info][gc,heap        ] GC(89) ParOldGen: 9131K(1398272K)->9187K(1398272K)
[21.547s][info][gc,metaspace   ] GC(89) Metaspace: 14225K(14976K)->14225K(14976K) NonClass: 12275K(12736K)->12275K(12736K) Class: 1950K(2240K)->1950K(2240K)
[21.547s][info][gc             ] GC(89) Pause Young (Allocation Failure) 223M->9M(1577M) 1.607ms
[21.547s][info][gc,cpu         ] GC(89) User=0.00s Sys=0.00s Real=0.00s
[21.706s][info][gc,start       ] GC(90) Pause Young (Allocation Failure)
[21.707s][info][gc,heap        ] GC(90) PSYoungGen: 217055K(217088K)->1024K(214016K) Eden: 216063K(216064K)->0K(212992K) From: 992K(1024K)->1024K(1024K)
[21.707s][info][gc,heap        ] GC(90) ParOldGen: 9187K(1398272K)->9267K(1398272K)
[21.707s][info][gc,metaspace   ] GC(90) Metaspace: 14225K(14976K)->14225K(14976K) NonClass: 12275K(12736K)->12275K(12736K) Class: 1950K(2240K)->1950K(2240K)
[21.707s][info][gc             ] GC(90) Pause Young (Allocation Failure) 220M->10M(1574M) 1.695ms
[21.707s][info][gc,cpu         ] GC(90) User=0.00s Sys=0.00s Real=0.00s
[21.968s][info][gc,start       ] GC(91) Pause Young (Allocation Failure)
[21.970s][info][gc,heap        ] GC(91) PSYoungGen: 214016K(214016K)->1024K(210944K) Eden: 212992K(212992K)->0K(209920K) From: 1024K(1024K)->1024K(1024K)
[21.971s][info][gc,heap        ] GC(91) ParOldGen: 9267K(1398272K)->9307K(1398272K)
[21.971s][info][gc,metaspace   ] GC(91) Metaspace: 14225K(14976K)->14225K(14976K) NonClass: 12275K(12736K)->12275K(12736K) Class: 1950K(2240K)->1950K(2240K)
[21.971s][info][gc             ] GC(91) Pause Young (Allocation Failure) 218M->10M(1571M) 2.433ms
[21.971s][info][gc,cpu         ] GC(91) User=0.00s Sys=0.00s Real=0.00s
[22.139s][info][gc,start       ] GC(92) Pause Young (Allocation Failure)
[22.140s][info][gc,heap        ] GC(92) PSYoungGen: 210944K(210944K)->1024K(208384K) Eden: 209920K(209920K)->0K(207360K) From: 1024K(1024K)->1024K(1024K)
[22.140s][info][gc,heap        ] GC(92) ParOldGen: 9307K(1398272K)->9403K(1398272K)
[22.141s][info][gc,metaspace   ] GC(92) Metaspace: 14225K(14976K)->14225K(14976K) NonClass: 12275K(12736K)->12275K(12736K) Class: 1950K(2240K)->1950K(2240K)
[22.141s][info][gc             ] GC(92) Pause Young (Allocation Failure) 215M->10M(1569M) 1.519ms
[22.141s][info][gc,cpu         ] GC(92) User=0.00s Sys=0.00s Real=0.00s
[22.302s][info][gc,start       ] GC(93) Pause Young (Allocation Failure)
[22.304s][info][gc,heap        ] GC(93) PSYoungGen: 208384K(208384K)->1024K(205824K) Eden: 207360K(207360K)->0K(204800K) From: 1024K(1024K)->1024K(1024K)
[22.304s][info][gc,heap        ] GC(93) ParOldGen: 9403K(1398272K)->9491K(1398272K)
[22.304s][info][gc,metaspace   ] GC(93) Metaspace: 14225K(14976K)->14225K(14976K) NonClass: 12275K(12736K)->12275K(12736K) Class: 1950K(2240K)->1950K(2240K)
[22.304s][info][gc             ] GC(93) Pause Young (Allocation Failure) 212M->10M(1566M) 1.438ms
[22.304s][info][gc,cpu         ] GC(93) User=0.00s Sys=0.00s Real=0.00s
[22.466s][info][gc,start       ] GC(94) Pause Young (Allocation Failure)
[22.468s][info][gc,heap        ] GC(94) PSYoungGen: 205824K(205824K)->1024K(203264K) Eden: 204800K(204800K)->0K(202240K) From: 1024K(1024K)->1024K(1024K)
[22.468s][info][gc,heap        ] GC(94) ParOldGen: 9491K(1398272K)->9579K(1398272K)
[22.468s][info][gc,metaspace   ] GC(94) Metaspace: 14225K(14976K)->14225K(14976K) NonClass: 12275K(12736K)->12275K(12736K) Class: 1950K(2240K)->1950K(2240K)
[22.468s][info][gc             ] GC(94) Pause Young (Allocation Failure) 210M->10M(1564M) 1.427ms
[22.468s][info][gc,cpu         ] GC(94) User=0.00s Sys=0.00s Real=0.00s
[22.616s][info][gc,start       ] GC(95) Pause Young (Allocation Failure)
[22.617s][info][gc,heap        ] GC(95) PSYoungGen: 203264K(203264K)->1024K(200704K) Eden: 202240K(202240K)->0K(199680K) From: 1024K(1024K)->1024K(1024K)
[22.617s][info][gc,heap        ] GC(95) ParOldGen: 9579K(1398272K)->9659K(1398272K)
[22.617s][info][gc,metaspace   ] GC(95) Metaspace: 14225K(14976K)->14225K(14976K) NonClass: 12275K(12736K)->12275K(12736K) Class: 1950K(2240K)->1950K(2240K)
[22.617s][info][gc             ] GC(95) Pause Young (Allocation Failure) 207M->10M(1561M) 1.390ms
[22.617s][info][gc,cpu         ] GC(95) User=0.00s Sys=0.00s Real=0.00s
[22.776s][info][gc,start       ] GC(96) Pause Young (Allocation Failure)
[22.778s][info][gc,heap        ] GC(96) PSYoungGen: 200704K(200704K)->1024K(198144K) Eden: 199680K(199680K)->0K(197120K) From: 1024K(1024K)->1024K(1024K)
[22.778s][info][gc,heap        ] GC(96) ParOldGen: 9659K(1398272K)->9731K(1398272K)
[22.778s][info][gc,metaspace   ] GC(96) Metaspace: 14225K(14976K)->14225K(14976K) NonClass: 12275K(12736K)->12275K(12736K) Class: 1950K(2240K)->1950K(2240K)
[22.778s][info][gc             ] GC(96) Pause Young (Allocation Failure) 205M->10M(1559M) 1.297ms
[22.778s][info][gc,cpu         ] GC(96) User=0.00s Sys=0.00s Real=0.00s
[22.928s][info][gc,start       ] GC(97) Pause Young (Allocation Failure)
[22.929s][info][gc,heap        ] GC(97) PSYoungGen: 198144K(198144K)->1024K(195584K) Eden: 197120K(197120K)->0K(194560K) From: 1024K(1024K)->1024K(1024K)
[22.929s][info][gc,heap        ] GC(97) ParOldGen: 9731K(1398272K)->9819K(1398272K)
[22.929s][info][gc,metaspace   ] GC(97) Metaspace: 14225K(14976K)->14225K(14976K) NonClass: 12275K(12736K)->12275K(12736K) Class: 1950K(2240K)->1950K(2240K)
[22.929s][info][gc             ] GC(97) Pause Young (Allocation Failure) 203M->10M(1556M) 1.217ms
[22.929s][info][gc,cpu         ] GC(97) User=0.00s Sys=0.00s Real=0.00s
[23.074s][info][gc,start       ] GC(98) Pause Young (Allocation Failure)
[23.076s][info][gc,heap        ] GC(98) PSYoungGen: 195584K(195584K)->1024K(193024K) Eden: 194560K(194560K)->0K(192000K) From: 1024K(1024K)->1024K(1024K)
[23.076s][info][gc,heap        ] GC(98) ParOldGen: 9819K(1398272K)->9867K(1398272K)
[23.076s][info][gc,metaspace   ] GC(98) Metaspace: 14225K(14976K)->14225K(14976K) NonClass: 12275K(12736K)->12275K(12736K) Class: 1950K(2240K)->1950K(2240K)
[23.076s][info][gc             ] GC(98) Pause Young (Allocation Failure) 200M->10M(1554M) 1.394ms
[23.076s][info][gc,cpu         ] GC(98) User=0.00s Sys=0.00s Real=0.00s
[23.218s][info][gc,start       ] GC(99) Pause Young (Allocation Failure)
[23.219s][info][gc,heap        ] GC(99) PSYoungGen: 193024K(193024K)->1024K(190464K) Eden: 192000K(192000K)->0K(189440K) From: 1024K(1024K)->1024K(1024K)
[23.219s][info][gc,heap        ] GC(99) ParOldGen: 9867K(1398272K)->9939K(1398272K)
[23.219s][info][gc,metaspace   ] GC(99) Metaspace: 14225K(14976K)->14225K(14976K) NonClass: 12275K(12736K)->12275K(12736K) Class: 1950K(2240K)->1950K(2240K)
[23.219s][info][gc             ] GC(99) Pause Young (Allocation Failure) 198M->10M(1551M) 1.335ms
[23.219s][info][gc,cpu         ] GC(99) User=0.00s Sys=0.00s Real=0.00s
[23.360s][info][gc,start       ] GC(100) Pause Young (Allocation Failure)
[23.362s][info][gc,heap        ] GC(100) PSYoungGen: 190464K(190464K)->1024K(188416K) Eden: 189440K(189440K)->0K(187392K) From: 1024K(1024K)->1024K(1024K)
[23.362s][info][gc,heap        ] GC(100) ParOldGen: 9939K(1398272K)->10027K(1398272K)
[23.362s][info][gc,metaspace   ] GC(100) Metaspace: 14225K(14976K)->14225K(14976K) NonClass: 12275K(12736K)->12275K(12736K) Class: 1950K(2240K)->1950K(2240K)
[23.362s][info][gc             ] GC(100) Pause Young (Allocation Failure) 195M->10M(1549M) 1.358ms
[23.362s][info][gc,cpu         ] GC(100) User=0.00s Sys=0.00s Real=0.00s
[23.500s][info][gc,start       ] GC(101) Pause Young (Allocation Failure)
[23.502s][info][gc,heap        ] GC(101) PSYoungGen: 188416K(188416K)->1024K(186368K) Eden: 187392K(187392K)->0K(185344K) From: 1024K(1024K)->1024K(1024K)
[23.502s][info][gc,heap        ] GC(101) ParOldGen: 10027K(1398272K)->10091K(1398272K)
[23.502s][info][gc,metaspace   ] GC(101) Metaspace: 14225K(14976K)->14225K(14976K) NonClass: 12275K(12736K)->12275K(12736K) Class: 1950K(2240K)->1950K(2240K)
[23.502s][info][gc             ] GC(101) Pause Young (Allocation Failure) 193M->10M(1547M) 1.347ms
[23.502s][info][gc,cpu         ] GC(101) User=0.00s Sys=0.00s Real=0.00s
[23.638s][info][gc,start       ] GC(102) Pause Young (Allocation Failure)
[23.639s][info][gc,heap        ] GC(102) PSYoungGen: 186368K(186368K)->992K(184320K) Eden: 185344K(185344K)->0K(183296K) From: 1024K(1024K)->992K(1024K)
[23.639s][info][gc,heap        ] GC(102) ParOldGen: 10091K(1398272K)->10147K(1398272K)
[23.639s][info][gc,metaspace   ] GC(102) Metaspace: 14225K(14976K)->14225K(14976K) NonClass: 12275K(12736K)->12275K(12736K) Class: 1950K(2240K)->1950K(2240K)
[23.639s][info][gc             ] GC(102) Pause Young (Allocation Failure) 191M->10M(1545M) 1.362ms
[23.639s][info][gc,cpu         ] GC(102) User=0.00s Sys=0.00s Real=0.00s
[23.775s][info][gc,start       ] GC(103) Pause Young (Allocation Failure)
[23.776s][info][gc,heap        ] GC(103) PSYoungGen: 184288K(184320K)->1024K(182272K) Eden: 183296K(183296K)->0K(181248K) From: 992K(1024K)->1024K(1024K)
[23.777s][info][gc,heap        ] GC(103) ParOldGen: 10147K(1398272K)->10203K(1398272K)
[23.777s][info][gc,metaspace   ] GC(103) Metaspace: 14225K(14976K)->14225K(14976K) NonClass: 12275K(12736K)->12275K(12736K) Class: 1950K(2240K)->1950K(2240K)
[23.777s][info][gc             ] GC(103) Pause Young (Allocation Failure) 189M->10M(1543M) 1.401ms
[23.777s][info][gc,cpu         ] GC(103) User=0.00s Sys=0.00s Real=0.00s
[23.912s][info][gc,start       ] GC(104) Pause Young (Allocation Failure)
[23.913s][info][gc,heap        ] GC(104) PSYoungGen: 182272K(182272K)->992K(180224K) Eden: 181248K(181248K)->0K(179200K) From: 1024K(1024K)->992K(1024K)
[23.913s][info][gc,heap        ] GC(104) ParOldGen: 10203K(1398272K)->10283K(1398272K)
[23.913s][info][gc,metaspace   ] GC(104) Metaspace: 14225K(14976K)->14225K(14976K) NonClass: 12275K(12736K)->12275K(12736K) Class: 1950K(2240K)->1950K(2240K)
[23.913s][info][gc             ] GC(104) Pause Young (Allocation Failure) 187M->11M(1541M) 1.437ms
[23.913s][info][gc,cpu         ] GC(104) User=0.00s Sys=0.00s Real=0.00s
[24.047s][info][gc,start       ] GC(105) Pause Young (Allocation Failure)
[24.049s][info][gc,heap        ] GC(105) PSYoungGen: 180192K(180224K)->992K(178176K) Eden: 179200K(179200K)->0K(177152K) From: 992K(1024K)->992K(1024K)
[24.049s][info][gc,heap        ] GC(105) ParOldGen: 10283K(1398272K)->10347K(1398272K)
[24.049s][info][gc,metaspace   ] GC(105) Metaspace: 14225K(14976K)->14225K(14976K) NonClass: 12275K(12736K)->12275K(12736K) Class: 1950K(2240K)->1950K(2240K)
[24.049s][info][gc             ] GC(105) Pause Young (Allocation Failure) 186M->11M(1539M) 1.537ms
[24.049s][info][gc,cpu         ] GC(105) User=0.00s Sys=0.00s Real=0.00s
[24.181s][info][gc,start       ] GC(106) Pause Young (Allocation Failure)
[24.182s][info][gc,heap        ] GC(106) PSYoungGen: 178144K(178176K)->1024K(176128K) Eden: 177152K(177152K)->0K(175104K) From: 992K(1024K)->1024K(1024K)
[24.182s][info][gc,heap        ] GC(106) ParOldGen: 10347K(1398272K)->10403K(1398272K)
[24.182s][info][gc,metaspace   ] GC(106) Metaspace: 14225K(14976K)->14225K(14976K) NonClass: 12275K(12736K)->12275K(12736K) Class: 1950K(2240K)->1950K(2240K)
[24.182s][info][gc             ] GC(106) Pause Young (Allocation Failure) 184M->11M(1537M) 1.506ms
[24.182s][info][gc,cpu         ] GC(106) User=0.00s Sys=0.00s Real=0.00s
[24.313s][info][gc,start       ] GC(107) Pause Young (Allocation Failure)
[24.315s][info][gc,heap        ] GC(107) PSYoungGen: 176128K(176128K)->1024K(174080K) Eden: 175104K(175104K)->0K(173056K) From: 1024K(1024K)->1024K(1024K)
[24.315s][info][gc,heap        ] GC(107) ParOldGen: 10403K(1398272K)->10475K(1398272K)
[24.315s][info][gc,metaspace   ] GC(107) Metaspace: 14225K(14976K)->14225K(14976K) NonClass: 12275K(12736K)->12275K(12736K) Class: 1950K(2240K)->1950K(2240K)
[24.315s][info][gc             ] GC(107) Pause Young (Allocation Failure) 182M->11M(1535M) 1.492ms
[24.315s][info][gc,cpu         ] GC(107) User=0.00s Sys=0.00s Real=0.00s
[24.443s][info][gc,start       ] GC(108) Pause Young (Allocation Failure)
[24.445s][info][gc,heap        ] GC(108) PSYoungGen: 174080K(174080K)->1024K(172032K) Eden: 173056K(173056K)->0K(171008K) From: 1024K(1024K)->1024K(1024K)
[24.445s][info][gc,heap        ] GC(108) ParOldGen: 10475K(1398272K)->10547K(1398272K)
[24.445s][info][gc,metaspace   ] GC(108) Metaspace: 14225K(14976K)->14225K(14976K) NonClass: 12275K(12736K)->12275K(12736K) Class: 1950K(2240K)->1950K(2240K)
[24.445s][info][gc             ] GC(108) Pause Young (Allocation Failure) 180M->11M(1533M) 1.572ms
[24.445s][info][gc,cpu         ] GC(108) User=0.00s Sys=0.00s Real=0.00s
[24.573s][info][gc,start       ] GC(109) Pause Young (Allocation Failure)
[24.575s][info][gc,heap        ] GC(109) PSYoungGen: 172032K(172032K)->1024K(169984K) Eden: 171008K(171008K)->0K(168960K) From: 1024K(1024K)->1024K(1024K)
[24.575s][info][gc,heap        ] GC(109) ParOldGen: 10547K(1398272K)->10611K(1398272K)
[24.575s][info][gc,metaspace   ] GC(109) Metaspace: 14225K(14976K)->14225K(14976K) NonClass: 12275K(12736K)->12275K(12736K) Class: 1950K(2240K)->1950K(2240K)
[24.575s][info][gc             ] GC(109) Pause Young (Allocation Failure) 178M->11M(1531M) 1.555ms
[24.575s][info][gc,cpu         ] GC(109) User=0.00s Sys=0.00s Real=0.00s
[24.699s][info][gc,start       ] GC(110) Pause Young (Allocation Failure)
[24.700s][info][gc,heap        ] GC(110) PSYoungGen: 169984K(169984K)->1024K(167936K) Eden: 168960K(168960K)->0K(166912K) From: 1024K(1024K)->1024K(1024K)
[24.700s][info][gc,heap        ] GC(110) ParOldGen: 10611K(1398272K)->10667K(1398272K)
[24.700s][info][gc,metaspace   ] GC(110) Metaspace: 14225K(14976K)->14225K(14976K) NonClass: 12275K(12736K)->12275K(12736K) Class: 1950K(2240K)->1950K(2240K)
[24.700s][info][gc             ] GC(110) Pause Young (Allocation Failure) 176M->11M(1529M) 1.551ms
[24.700s][info][gc,cpu         ] GC(110) User=0.00s Sys=0.00s Real=0.00s
[24.822s][info][gc,start       ] GC(111) Pause Young (Allocation Failure)
[24.824s][info][gc,heap        ] GC(111) PSYoungGen: 167936K(167936K)->1024K(201728K) Eden: 166912K(166912K)->0K(200704K) From: 1024K(1024K)->1024K(1024K)
[24.824s][info][gc,heap        ] GC(111) ParOldGen: 10667K(1398272K)->10739K(1398272K)
[24.824s][info][gc,metaspace   ] GC(111) Metaspace: 14225K(14976K)->14225K(14976K) NonClass: 12275K(12736K)->12275K(12736K) Class: 1950K(2240K)->1950K(2240K)
[24.824s][info][gc             ] GC(111) Pause Young (Allocation Failure) 174M->11M(1562M) 1.663ms
[24.824s][info][gc,cpu         ] GC(111) User=0.00s Sys=0.00s Real=0.00s
[24.972s][info][gc,start       ] GC(112) Pause Young (Allocation Failure)
[24.973s][info][gc,heap        ] GC(112) PSYoungGen: 201728K(201728K)->1024K(199168K) Eden: 200704K(200704K)->0K(198144K) From: 1024K(1024K)->1024K(1024K)
[24.974s][info][gc,heap        ] GC(112) ParOldGen: 10739K(1398272K)->10779K(1398272K)
[24.974s][info][gc,metaspace   ] GC(112) Metaspace: 14225K(14976K)->14225K(14976K) NonClass: 12275K(12736K)->12275K(12736K) Class: 1950K(2240K)->1950K(2240K)
[24.974s][info][gc             ] GC(112) Pause Young (Allocation Failure) 207M->11M(1560M) 1.663ms
[24.974s][info][gc,cpu         ] GC(112) User=0.00s Sys=0.00s Real=0.00s
[25.121s][info][gc,start       ] GC(113) Pause Young (Allocation Failure)
[25.122s][info][gc,heap        ] GC(113) PSYoungGen: 199168K(199168K)->992K(239104K) Eden: 198144K(198144K)->0K(238080K) From: 1024K(1024K)->992K(1024K)
[25.122s][info][gc,heap        ] GC(113) ParOldGen: 10779K(1398272K)->10835K(1398272K)
[25.122s][info][gc,metaspace   ] GC(113) Metaspace: 14225K(14976K)->14225K(14976K) NonClass: 12275K(12736K)->12275K(12736K) Class: 1950K(2240K)->1950K(2240K)
[25.122s][info][gc             ] GC(113) Pause Young (Allocation Failure) 205M->11M(1599M) 1.704ms
[25.123s][info][gc,cpu         ] GC(113) User=0.00s Sys=0.00s Real=0.00s
[25.301s][info][gc,start       ] GC(114) Pause Young (Allocation Failure)
[25.302s][info][gc,heap        ] GC(114) PSYoungGen: 239071K(239104K)->992K(235520K) Eden: 238079K(238080K)->0K(234496K) From: 992K(1024K)->992K(1024K)
[25.302s][info][gc,heap        ] GC(114) ParOldGen: 10835K(1398272K)->10915K(1398272K)
[25.302s][info][gc,metaspace   ] GC(114) Metaspace: 14225K(14976K)->14225K(14976K) NonClass: 12275K(12736K)->12275K(12736K) Class: 1950K(2240K)->1950K(2240K)
[25.302s][info][gc             ] GC(114) Pause Young (Allocation Failure) 244M->11M(1595M) 1.745ms
[25.302s][info][gc,cpu         ] GC(114) User=0.00s Sys=0.00s Real=0.00s
[25.478s][info][gc,start       ] GC(115) Pause Young (Allocation Failure)
[25.479s][info][gc,heap        ] GC(115) PSYoungGen: 235488K(235520K)->1024K(231936K) Eden: 234496K(234496K)->0K(230912K) From: 992K(1024K)->1024K(1024K)
[25.479s][info][gc,heap        ] GC(115) ParOldGen: 10915K(1398272K)->10995K(1398272K)
[25.479s][info][gc,metaspace   ] GC(115) Metaspace: 14225K(14976K)->14225K(14976K) NonClass: 12275K(12736K)->12275K(12736K) Class: 1950K(2240K)->1950K(2240K)
[25.479s][info][gc             ] GC(115) Pause Young (Allocation Failure) 240M->11M(1592M) 1.810ms
[25.479s][info][gc,cpu         ] GC(115) User=0.00s Sys=0.00s Real=0.00s
[25.652s][info][gc,start       ] GC(116) Pause Young (Allocation Failure)
[25.654s][info][gc,heap        ] GC(116) PSYoungGen: 231936K(231936K)->1024K(228864K) Eden: 230912K(230912K)->0K(227840K) From: 1024K(1024K)->1024K(1024K)
[25.654s][info][gc,heap        ] GC(116) ParOldGen: 10995K(1398272K)->11091K(1398272K)
[25.654s][info][gc,metaspace   ] GC(116) Metaspace: 14225K(14976K)->14225K(14976K) NonClass: 12275K(12736K)->12275K(12736K) Class: 1950K(2240K)->1950K(2240K)
[25.654s][info][gc             ] GC(116) Pause Young (Allocation Failure) 237M->11M(1589M) 1.909ms
[25.654s][info][gc,cpu         ] GC(116) User=0.00s Sys=0.00s Real=0.00s
[25.901s][info][gc,start       ] GC(117) Pause Young (Allocation Failure)
[25.903s][info][gc,heap        ] GC(117) PSYoungGen: 228864K(228864K)->1024K(225792K) Eden: 227840K(227840K)->0K(224768K) From: 1024K(1024K)->1024K(1024K)
[25.903s][info][gc,heap        ] GC(117) ParOldGen: 11091K(1398272K)->11155K(1398272K)
[25.903s][info][gc,metaspace   ] GC(117) Metaspace: 14225K(14976K)->14225K(14976K) NonClass: 12275K(12736K)->12275K(12736K) Class: 1950K(2240K)->1950K(2240K)
[25.903s][info][gc             ] GC(117) Pause Young (Allocation Failure) 234M->11M(1586M) 2.680ms
[25.904s][info][gc,cpu         ] GC(117) User=0.00s Sys=0.00s Real=0.00s
[26.085s][info][gc,start       ] GC(118) Pause Young (Allocation Failure)
[26.086s][info][gc,heap        ] GC(118) PSYoungGen: 225792K(225792K)->1024K(222720K) Eden: 224768K(224768K)->0K(221696K) From: 1024K(1024K)->1024K(1024K)
[26.086s][info][gc,heap        ] GC(118) ParOldGen: 11155K(1398272K)->11243K(1398272K)
[26.087s][info][gc,metaspace   ] GC(118) Metaspace: 14225K(14976K)->14225K(14976K) NonClass: 12275K(12736K)->12275K(12736K) Class: 1950K(2240K)->1950K(2240K)
[26.087s][info][gc             ] GC(118) Pause Young (Allocation Failure) 231M->11M(1583M) 1.705ms
[26.087s][info][gc,cpu         ] GC(118) User=0.00s Sys=0.02s Real=0.00s
[26.273s][info][gc,start       ] GC(119) Pause Young (Allocation Failure)
[26.274s][info][gc,heap        ] GC(119) PSYoungGen: 222720K(222720K)->992K(219648K) Eden: 221696K(221696K)->0K(218624K) From: 1024K(1024K)->992K(1024K)
[26.274s][info][gc,heap        ] GC(119) ParOldGen: 11243K(1398272K)->11323K(1398272K)
[26.274s][info][gc,metaspace   ] GC(119) Metaspace: 14225K(14976K)->14225K(14976K) NonClass: 12275K(12736K)->12275K(12736K) Class: 1950K(2240K)->1950K(2240K)
[26.274s][info][gc             ] GC(119) Pause Young (Allocation Failure) 228M->12M(1580M) 1.726ms
[26.274s][info][gc,cpu         ] GC(119) User=0.52s Sys=0.00s Real=0.00s
[26.456s][info][gc,start       ] GC(120) Pause Young (Allocation Failure)
[26.457s][info][gc,heap        ] GC(120) PSYoungGen: 219616K(219648K)->1024K(216576K) Eden: 218624K(218624K)->0K(215552K) From: 992K(1024K)->1024K(1024K)
[26.457s][info][gc,heap        ] GC(120) ParOldGen: 11323K(1398272K)->11419K(1398272K)
[26.457s][info][gc,metaspace   ] GC(120) Metaspace: 14225K(14976K)->14225K(14976K) NonClass: 12275K(12736K)->12275K(12736K) Class: 1950K(2240K)->1950K(2240K)
[26.457s][info][gc             ] GC(120) Pause Young (Allocation Failure) 225M->12M(1577M) 1.446ms
[26.457s][info][gc,cpu         ] GC(120) User=0.00s Sys=0.00s Real=0.00s
[26.615s][info][gc,start       ] GC(121) Pause Young (Allocation Failure)
[26.616s][info][gc,heap        ] GC(121) PSYoungGen: 216576K(216576K)->1024K(213504K) Eden: 215552K(215552K)->0K(212480K) From: 1024K(1024K)->1024K(1024K)
[26.617s][info][gc,heap        ] GC(121) ParOldGen: 11419K(1398272K)->11475K(1398272K)
[26.617s][info][gc,metaspace   ] GC(121) Metaspace: 14225K(14976K)->14225K(14976K) NonClass: 12275K(12736K)->12275K(12736K) Class: 1950K(2240K)->1950K(2240K)
[26.617s][info][gc             ] GC(121) Pause Young (Allocation Failure) 222M->12M(1574M) 1.511ms
[26.617s][info][gc,cpu         ] GC(121) User=0.00s Sys=0.00s Real=0.00s
[26.773s][info][gc,start       ] GC(122) Pause Young (Allocation Failure)
[26.775s][info][gc,heap        ] GC(122) PSYoungGen: 213504K(213504K)->1024K(210944K) Eden: 212480K(212480K)->0K(209920K) From: 1024K(1024K)->1024K(1024K)
[26.775s][info][gc,heap        ] GC(122) ParOldGen: 11475K(1398272K)->11539K(1398272K)
[26.775s][info][gc,metaspace   ] GC(122) Metaspace: 14225K(14976K)->14225K(14976K) NonClass: 12275K(12736K)->12275K(12736K) Class: 1950K(2240K)->1950K(2240K)
[26.775s][info][gc             ] GC(122) Pause Young (Allocation Failure) 219M->12M(1571M) 1.490ms
[26.775s][info][gc,cpu         ] GC(122) User=0.00s Sys=0.00s Real=0.00s
[26.928s][info][gc,start       ] GC(123) Pause Young (Allocation Failure)
[26.929s][info][gc,heap        ] GC(123) PSYoungGen: 210944K(210944K)->1024K(208384K) Eden: 209920K(209920K)->0K(207360K) From: 1024K(1024K)->1024K(1024K)
[26.929s][info][gc,heap        ] GC(123) ParOldGen: 11539K(1398272K)->11603K(1398272K)
[26.929s][info][gc,metaspace   ] GC(123) Metaspace: 14225K(14976K)->14225K(14976K) NonClass: 12275K(12736K)->12275K(12736K) Class: 1950K(2240K)->1950K(2240K)
[26.929s][info][gc             ] GC(123) Pause Young (Allocation Failure) 217M->12M(1569M) 1.530ms
[26.929s][info][gc,cpu         ] GC(123) User=0.00s Sys=0.00s Real=0.00s
[27.081s][info][gc,start       ] GC(124) Pause Young (Allocation Failure)
[27.083s][info][gc,heap        ] GC(124) PSYoungGen: 208384K(208384K)->1024K(205824K) Eden: 207360K(207360K)->0K(204800K) From: 1024K(1024K)->1024K(1024K)
[27.083s][info][gc,heap        ] GC(124) ParOldGen: 11603K(1398272K)->11687K(1398272K)
[27.083s][info][gc,metaspace   ] GC(124) Metaspace: 14225K(14976K)->14225K(14976K) NonClass: 12275K(12736K)->12275K(12736K) Class: 1950K(2240K)->1950K(2240K)
[27.083s][info][gc             ] GC(124) Pause Young (Allocation Failure) 214M->12M(1566M) 1.552ms
[27.083s][info][gc,cpu         ] GC(124) User=0.00s Sys=0.00s Real=0.00s
[27.233s][info][gc,start       ] GC(125) Pause Young (Allocation Failure)
[27.235s][info][gc,heap        ] GC(125) PSYoungGen: 205824K(205824K)->992K(203264K) Eden: 204800K(204800K)->0K(202240K) From: 1024K(1024K)->992K(1024K)
[27.235s][info][gc,heap        ] GC(125) ParOldGen: 11687K(1398272K)->11775K(1398272K)
[27.235s][info][gc,metaspace   ] GC(125) Metaspace: 14225K(14976K)->14225K(14976K) NonClass: 12275K(12736K)->12275K(12736K) Class: 1950K(2240K)->1950K(2240K)
[27.235s][info][gc             ] GC(125) Pause Young (Allocation Failure) 212M->12M(1564M) 1.550ms
[27.235s][info][gc,cpu         ] GC(125) User=0.00s Sys=0.00s Real=0.00s
[27.383s][info][gc,start       ] GC(126) Pause Young (Allocation Failure)
[27.384s][info][gc,heap        ] GC(126) PSYoungGen: 203232K(203264K)->1024K(200704K) Eden: 202240K(202240K)->0K(199680K) From: 992K(1024K)->1024K(1024K)
[27.384s][info][gc,heap        ] GC(126) ParOldGen: 11775K(1398272K)->11839K(1398272K)
[27.384s][info][gc,metaspace   ] GC(126) Metaspace: 14225K(14976K)->14225K(14976K) NonClass: 12275K(12736K)->12275K(12736K) Class: 1950K(2240K)->1950K(2240K)
[27.384s][info][gc             ] GC(126) Pause Young (Allocation Failure) 209M->12M(1561M) 1.522ms
[27.384s][info][gc,cpu         ] GC(126) User=0.00s Sys=0.00s Real=0.00s
[27.530s][info][gc,start       ] GC(127) Pause Young (Allocation Failure)
[27.531s][info][gc,heap        ] GC(127) PSYoungGen: 200704K(200704K)->1024K(198144K) Eden: 199680K(199680K)->0K(197120K) From: 1024K(1024K)->1024K(1024K)
[27.531s][info][gc,heap        ] GC(127) ParOldGen: 11839K(1398272K)->11919K(1398272K)
[27.531s][info][gc,metaspace   ] GC(127) Metaspace: 14225K(14976K)->14225K(14976K) NonClass: 12275K(12736K)->12275K(12736K) Class: 1950K(2240K)->1950K(2240K)
[27.531s][info][gc             ] GC(127) Pause Young (Allocation Failure) 207M->12M(1559M) 1.553ms
[27.531s][info][gc,cpu         ] GC(127) User=0.00s Sys=0.00s Real=0.00s
[27.678s][info][gc,start       ] GC(128) Pause Young (Allocation Failure)
[27.680s][info][gc,heap        ] GC(128) PSYoungGen: 198144K(198144K)->1024K(195584K) Eden: 197120K(197120K)->0K(194560K) From: 1024K(1024K)->1024K(1024K)
[27.680s][info][gc,heap        ] GC(128) ParOldGen: 11919K(1398272K)->11983K(1398272K)
[27.680s][info][gc,metaspace   ] GC(128) Metaspace: 14225K(14976K)->14225K(14976K) NonClass: 12275K(12736K)->12275K(12736K) Class: 1950K(2240K)->1950K(2240K)
[27.680s][info][gc             ] GC(128) Pause Young (Allocation Failure) 205M->12M(1556M) 1.611ms
[27.680s][info][gc,cpu         ] GC(128) User=0.00s Sys=0.00s Real=0.00s
[27.822s][info][gc,start       ] GC(129) Pause Young (Allocation Failure)
[27.823s][info][gc,heap        ] GC(129) PSYoungGen: 195584K(195584K)->1024K(193024K) Eden: 194560K(194560K)->0K(192000K) From: 1024K(1024K)->1024K(1024K)
[27.823s][info][gc,heap        ] GC(129) ParOldGen: 11983K(1398272K)->12031K(1398272K)
[27.823s][info][gc,metaspace   ] GC(129) Metaspace: 14225K(14976K)->14225K(14976K) NonClass: 12275K(12736K)->12275K(12736K) Class: 1950K(2240K)->1950K(2240K)
[27.823s][info][gc             ] GC(129) Pause Young (Allocation Failure) 202M->12M(1554M) 1.611ms
[27.823s][info][gc,cpu         ] GC(129) User=0.00s Sys=0.00s Real=0.00s
[27.963s][info][gc,start       ] GC(130) Pause Young (Allocation Failure)
[27.965s][info][gc,heap        ] GC(130) PSYoungGen: 193024K(193024K)->1024K(190464K) Eden: 192000K(192000K)->0K(189440K) From: 1024K(1024K)->1024K(1024K)
[27.965s][info][gc,heap        ] GC(130) ParOldGen: 12031K(1398272K)->12111K(1398272K)
[27.965s][info][gc,metaspace   ] GC(130) Metaspace: 14225K(14976K)->14225K(14976K) NonClass: 12275K(12736K)->12275K(12736K) Class: 1950K(2240K)->1950K(2240K)
[27.965s][info][gc             ] GC(130) Pause Young (Allocation Failure) 200M->12M(1551M) 1.614ms
[27.965s][info][gc,cpu         ] GC(130) User=0.00s Sys=0.00s Real=0.00s
[28.105s][info][gc,start       ] GC(131) Pause Young (Allocation Failure)
[28.107s][info][gc,heap        ] GC(131) PSYoungGen: 190464K(190464K)->992K(188416K) Eden: 189440K(189440K)->0K(187392K) From: 1024K(1024K)->992K(1024K)
[28.107s][info][gc,heap        ] GC(131) ParOldGen: 12111K(1398272K)->12175K(1398272K)
[28.107s][info][gc,metaspace   ] GC(131) Metaspace: 14225K(14976K)->14225K(14976K) NonClass: 12275K(12736K)->12275K(12736K) Class: 1950K(2240K)->1950K(2240K)
[28.107s][info][gc             ] GC(131) Pause Young (Allocation Failure) 197M->12M(1549M) 1.678ms
[28.107s][info][gc,cpu         ] GC(131) User=0.00s Sys=0.00s Real=0.00s
[28.246s][info][gc,start       ] GC(132) Pause Young (Allocation Failure)
[28.248s][info][gc,heap        ] GC(132) PSYoungGen: 188383K(188416K)->1024K(186368K) Eden: 187391K(187392K)->0K(185344K) From: 992K(1024K)->1024K(1024K)
[28.248s][info][gc,heap        ] GC(132) ParOldGen: 12175K(1398272K)->12247K(1398272K)
[28.248s][info][gc,metaspace   ] GC(132) Metaspace: 14225K(14976K)->14225K(14976K) NonClass: 12275K(12736K)->12275K(12736K) Class: 1950K(2240K)->1950K(2240K)
[28.248s][info][gc             ] GC(132) Pause Young (Allocation Failure) 195M->12M(1547M) 1.708ms
[28.248s][info][gc,cpu         ] GC(132) User=0.00s Sys=0.00s Real=0.00s
[28.385s][info][gc,start       ] GC(133) Pause Young (Allocation Failure)
[28.387s][info][gc,heap        ] GC(133) PSYoungGen: 186368K(186368K)->1024K(184320K) Eden: 185344K(185344K)->0K(183296K) From: 1024K(1024K)->1024K(1024K)
[28.387s][info][gc,heap        ] GC(133) ParOldGen: 12247K(1398272K)->12303K(1398272K)
[28.387s][info][gc,metaspace   ] GC(133) Metaspace: 14225K(14976K)->14225K(14976K) NonClass: 12275K(12736K)->12275K(12736K) Class: 1950K(2240K)->1950K(2240K)
[28.387s][info][gc             ] GC(133) Pause Young (Allocation Failure) 193M->13M(1545M) 1.713ms
[28.387s][info][gc,cpu         ] GC(133) User=0.00s Sys=0.00s Real=0.00s
[28.522s][info][gc,start       ] GC(134) Pause Young (Allocation Failure)
[28.524s][info][gc,heap        ] GC(134) PSYoungGen: 184320K(184320K)->1024K(221184K) Eden: 183296K(183296K)->0K(220160K) From: 1024K(1024K)->1024K(1024K)
[28.524s][info][gc,heap        ] GC(134) ParOldGen: 12303K(1398272K)->12359K(1398272K)
[28.524s][info][gc,metaspace   ] GC(134) Metaspace: 14225K(14976K)->14225K(14976K) NonClass: 12275K(12736K)->12275K(12736K) Class: 1950K(2240K)->1950K(2240K)
[28.524s][info][gc             ] GC(134) Pause Young (Allocation Failure) 192M->13M(1581M) 1.750ms
[28.524s][info][gc,cpu         ] GC(134) User=0.52s Sys=0.00s Real=0.00s
[28.684s][info][gc,start       ] GC(135) Pause Young (Allocation Failure)
[28.686s][info][gc,heap        ] GC(135) PSYoungGen: 221184K(221184K)->1024K(265216K) Eden: 220160K(220160K)->0K(264192K) From: 1024K(1024K)->1024K(1024K)
[28.686s][info][gc,heap        ] GC(135) ParOldGen: 12359K(1398272K)->12415K(1398272K)
[28.686s][info][gc,metaspace   ] GC(135) Metaspace: 14225K(14976K)->14225K(14976K) NonClass: 12275K(12736K)->12275K(12736K) Class: 1950K(2240K)->1950K(2240K)
[28.686s][info][gc             ] GC(135) Pause Young (Allocation Failure) 228M->13M(1624M) 1.810ms
[28.686s][info][gc,cpu         ] GC(135) User=0.00s Sys=0.00s Real=0.00s
[28.878s][info][gc,start       ] GC(136) Pause Young (Allocation Failure)
[28.880s][info][gc,heap        ] GC(136) PSYoungGen: 265216K(265216K)->1024K(261120K) Eden: 264192K(264192K)->0K(260096K) From: 1024K(1024K)->1024K(1024K)
[28.880s][info][gc,heap        ] GC(136) ParOldGen: 12415K(1398272K)->12495K(1398272K)
[28.880s][info][gc,metaspace   ] GC(136) Metaspace: 14225K(14976K)->14225K(14976K) NonClass: 12275K(12736K)->12275K(12736K) Class: 1950K(2240K)->1950K(2240K)
[28.880s][info][gc             ] GC(136) Pause Young (Allocation Failure) 271M->13M(1620M) 1.913ms
[28.880s][info][gc,cpu         ] GC(136) User=0.00s Sys=0.00s Real=0.00s
[29.068s][info][gc,start       ] GC(137) Pause Young (Allocation Failure)
[29.070s][info][gc,heap        ] GC(137) PSYoungGen: 261120K(261120K)->1024K(257024K) Eden: 260096K(260096K)->0K(256000K) From: 1024K(1024K)->1024K(1024K)
[29.070s][info][gc,heap        ] GC(137) ParOldGen: 12495K(1398272K)->12567K(1398272K)
[29.070s][info][gc,metaspace   ] GC(137) Metaspace: 14225K(14976K)->14225K(14976K) NonClass: 12275K(12736K)->12275K(12736K) Class: 1950K(2240K)->1950K(2240K)
[29.070s][info][gc             ] GC(137) Pause Young (Allocation Failure) 267M->13M(1616M) 1.986ms
[29.070s][info][gc,cpu         ] GC(137) User=0.00s Sys=0.00s Real=0.00s
[29.252s][info][gc,start       ] GC(138) Pause Young (Allocation Failure)
[29.254s][info][gc,heap        ] GC(138) PSYoungGen: 257024K(257024K)->1024K(252928K) Eden: 256000K(256000K)->0K(251904K) From: 1024K(1024K)->1024K(1024K)
[29.254s][info][gc,heap        ] GC(138) ParOldGen: 12567K(1398272K)->12639K(1398272K)
[29.254s][info][gc,metaspace   ] GC(138) Metaspace: 14225K(14976K)->14225K(14976K) NonClass: 12275K(12736K)->12275K(12736K) Class: 1950K(2240K)->1950K(2240K)
[29.254s][info][gc             ] GC(138) Pause Young (Allocation Failure) 263M->13M(1612M) 2.020ms
[29.254s][info][gc,cpu         ] GC(138) User=0.00s Sys=0.00s Real=0.00s
[29.428s][info][gc,start       ] GC(139) Pause Young (Allocation Failure)
[29.430s][info][gc,heap        ] GC(139) PSYoungGen: 252928K(252928K)->992K(249344K) Eden: 251904K(251904K)->0K(248320K) From: 1024K(1024K)->992K(1024K)
[29.430s][info][gc,heap        ] GC(139) ParOldGen: 12639K(1398272K)->12735K(1398272K)
[29.430s][info][gc,metaspace   ] GC(139) Metaspace: 14225K(14976K)->14225K(14976K) NonClass: 12275K(12736K)->12275K(12736K) Class: 1950K(2240K)->1950K(2240K)
[29.430s][info][gc             ] GC(139) Pause Young (Allocation Failure) 259M->13M(1609M) 2.043ms
[29.430s][info][gc,cpu         ] GC(139) User=0.52s Sys=0.00s Real=0.00s
[29.593s][info][gc,start       ] GC(140) Pause Young (Allocation Failure)
[29.595s][info][gc,heap        ] GC(140) PSYoungGen: 249312K(249344K)->896K(299008K) Eden: 248320K(248320K)->0K(297984K) From: 992K(1024K)->896K(1024K)
[29.595s][info][gc,heap        ] GC(140) ParOldGen: 12735K(1398272K)->12831K(1398272K)
[29.595s][info][gc,metaspace   ] GC(140) Metaspace: 14225K(14976K)->14225K(14976K) NonClass: 12275K(12736K)->12275K(12736K) Class: 1950K(2240K)->1950K(2240K)
[29.595s][info][gc             ] GC(140) Pause Young (Allocation Failure) 255M->13M(1657M) 2.165ms
[29.595s][info][gc,cpu         ] GC(140) User=0.00s Sys=0.00s Real=0.00s
[29.806s][info][gc,start       ] GC(141) Pause Young (Allocation Failure)
[29.809s][info][gc,heap        ] GC(141) PSYoungGen: 298880K(299008K)->800K(358912K) Eden: 297984K(297984K)->0K(357888K) From: 896K(1024K)->800K(1024K)
[29.809s][info][gc,heap        ] GC(141) ParOldGen: 12831K(1398272K)->12911K(1398272K)
[29.809s][info][gc,metaspace   ] GC(141) Metaspace: 14225K(14976K)->14225K(14976K) NonClass: 12275K(12736K)->12275K(12736K) Class: 1950K(2240K)->1950K(2240K)
[29.809s][info][gc             ] GC(141) Pause Young (Allocation Failure) 304M->13M(1716M) 2.590ms
[29.809s][info][gc,cpu         ] GC(141) User=0.00s Sys=0.00s Real=0.00s
[30.020s][info][gc,start       ] GC(142) Pause Young (System.gc())
[30.022s][info][gc,heap        ] GC(142) PSYoungGen: 222672K(358912K)->352K(358400K) Eden: 221872K(357888K)->0K(357888K) From: 800K(1024K)->352K(512K)
[30.022s][info][gc,heap        ] GC(142) ParOldGen: 12911K(1398272K)->12983K(1398272K)
[30.022s][info][gc,metaspace   ] GC(142) Metaspace: 14225K(14976K)->14225K(14976K) NonClass: 12275K(12736K)->12275K(12736K) Class: 1950K(2240K)->1950K(2240K)
[30.022s][info][gc             ] GC(142) Pause Young (System.gc()) 230M->13M(1715M) 1.629ms
[30.022s][info][gc,cpu         ] GC(142) User=0.00s Sys=0.00s Real=0.00s
[30.022s][info][gc,start       ] GC(143) Pause Full (System.gc())
[30.022s][info][gc,phases,start] GC(143) Marking Phase
[30.036s][info][gc,phases      ] GC(143) Marking Phase 13.908ms
[30.036s][info][gc,phases,start] GC(143) Summary Phase
[30.036s][info][gc,phases      ] GC(143) Summary Phase 0.012ms
[30.036s][info][gc,phases,start] GC(143) Adjust Roots
[30.040s][info][gc,phases      ] GC(143) Adjust Roots 4.213ms
[30.040s][info][gc,phases,start] GC(143) Compaction Phase
[30.043s][info][gc,phases      ] GC(143) Compaction Phase 3.305ms
[30.043s][info][gc,phases,start] GC(143) Post Compact
[30.044s][info][gc,phases      ] GC(143) Post Compact 0.844ms
[30.044s][info][gc,heap        ] GC(143) PSYoungGen: 352K(358400K)->0K(358400K) Eden: 0K(357888K)->0K(357888K) From: 352K(512K)->0K(512K)
[30.044s][info][gc,heap        ] GC(143) ParOldGen: 12983K(1398272K)->5366K(1398272K)
[30.044s][info][gc,metaspace   ] GC(143) Metaspace: 14225K(14976K)->14225K(14976K) NonClass: 12275K(12736K)->12275K(12736K) Class: 1950K(2240K)->1950K(2240K)
[30.044s][info][gc             ] GC(143) Pause Full (System.gc()) 13M->5M(1715M) 22.556ms
[30.044s][info][gc,cpu         ] GC(143) User=0.02s Sys=0.00s Real=0.02s
[30.357s][info][gc,start       ] GC(144) Pause Young (Allocation Failure)
[30.359s][info][gc,heap        ] GC(144) PSYoungGen: 357888K(358400K)->1536K(352256K) Eden: 357888K(357888K)->0K(350720K) From: 0K(512K)->1536K(1536K)
[30.359s][info][gc,heap        ] GC(144) ParOldGen: 5366K(1398272K)->5591K(1398272K)
[30.359s][info][gc,metaspace   ] GC(144) Metaspace: 14229K(14976K)->14229K(14976K) NonClass: 12278K(12736K)->12278K(12736K) Class: 1950K(2240K)->1950K(2240K)
[30.359s][info][gc             ] GC(144) Pause Young (Allocation Failure) 354M->6M(1709M) 1.813ms
[30.359s][info][gc,cpu         ] GC(144) User=0.00s Sys=0.00s Real=0.00s
[30.581s][info][gc,start       ] GC(145) Pause Young (Allocation Failure)
[30.583s][info][gc,heap        ] GC(145) PSYoungGen: 352256K(352256K)->1056K(345600K) Eden: 350720K(350720K)->0K(344064K) From: 1536K(1536K)->1056K(1536K)
[30.583s][info][gc,heap        ] GC(145) ParOldGen: 5591K(1398272K)->7099K(1398272K)
[30.583s][info][gc,metaspace   ] GC(145) Metaspace: 14229K(14976K)->14229K(14976K) NonClass: 12278K(12736K)->12278K(12736K) Class: 1950K(2240K)->1950K(2240K)
[30.583s][info][gc             ] GC(145) Pause Young (Allocation Failure) 349M->7M(1703M) 1.949ms
[30.583s][info][gc,cpu         ] GC(145) User=0.00s Sys=0.00s Real=0.00s
[30.827s][info][gc,start       ] GC(146) Pause Young (Allocation Failure)
[30.828s][info][gc,heap        ] GC(146) PSYoungGen: 345120K(345600K)->512K(337920K) Eden: 344064K(344064K)->0K(337408K) From: 1056K(1536K)->512K(512K)
[30.828s][info][gc,heap        ] GC(146) ParOldGen: 7099K(1398272K)->7275K(1398272K)
[30.828s][info][gc,metaspace   ] GC(146) Metaspace: 14229K(14976K)->14229K(14976K) NonClass: 12278K(12736K)->12278K(12736K) Class: 1950K(2240K)->1950K(2240K)
[30.828s][info][gc             ] GC(146) Pause Young (Allocation Failure) 343M->7M(1695M) 1.662ms
[30.828s][info][gc,cpu         ] GC(146) User=0.00s Sys=0.00s Real=0.00s
[31.068s][info][gc,start       ] GC(147) Pause Young (Allocation Failure)
[31.069s][info][gc,heap        ] GC(147) PSYoungGen: 337920K(337920K)->992K(332800K) Eden: 337408K(337408K)->0K(331264K) From: 512K(512K)->992K(1536K)
[31.069s][info][gc,heap        ] GC(147) ParOldGen: 7275K(1398272K)->7323K(1398272K)
[31.069s][info][gc,metaspace   ] GC(147) Metaspace: 14229K(14976K)->14229K(14976K) NonClass: 12278K(12736K)->12278K(12736K) Class: 1950K(2240K)->1950K(2240K)
[31.069s][info][gc             ] GC(147) Pause Young (Allocation Failure) 337M->8M(1690M) 1.748ms
[31.069s][info][gc,cpu         ] GC(147) User=0.00s Sys=0.00s Real=0.00s
[31.306s][info][gc,start       ] GC(148) Pause Young (Allocation Failure)
[31.308s][info][gc,heap        ] GC(148) PSYoungGen: 332256K(332800K)->992K(326144K) Eden: 331264K(331264K)->0K(325120K) From: 992K(1536K)->992K(1024K)
[31.308s][info][gc,heap        ] GC(148) ParOldGen: 7323K(1398272K)->7499K(1398272K)
[31.308s][info][gc,metaspace   ] GC(148) Metaspace: 14229K(14976K)->14229K(14976K) NonClass: 12278K(12736K)->12278K(12736K) Class: 1950K(2240K)->1950K(2240K)
[31.308s][info][gc             ] GC(148) Pause Young (Allocation Failure) 331M->8M(1684M) 1.904ms
[31.308s][info][gc,cpu         ] GC(148) User=0.00s Sys=0.00s Real=0.00s
[31.540s][info][gc,start       ] GC(149) Pause Young (Allocation Failure)
[31.542s][info][gc,heap        ] GC(149) PSYoungGen: 326112K(326144K)->992K(320000K) Eden: 325120K(325120K)->0K(318976K) From: 992K(1024K)->992K(1024K)
[31.542s][info][gc,heap        ] GC(149) ParOldGen: 7499K(1398272K)->7627K(1398272K)
[31.542s][info][gc,metaspace   ] GC(149) Metaspace: 14229K(14976K)->14229K(14976K) NonClass: 12278K(12736K)->12278K(12736K) Class: 1950K(2240K)->1950K(2240K)
[31.542s][info][gc             ] GC(149) Pause Young (Allocation Failure) 325M->8M(1678M) 1.888ms
[31.542s][info][gc,cpu         ] GC(149) User=0.00s Sys=0.00s Real=0.00s
[31.770s][info][gc,start       ] GC(150) Pause Young (Allocation Failure)
[31.772s][info][gc,heap        ] GC(150) PSYoungGen: 319968K(320000K)->960K(314368K) Eden: 318976K(318976K)->0K(313344K) From: 992K(1024K)->960K(1024K)
[31.772s][info][gc,heap        ] GC(150) ParOldGen: 7627K(1398272K)->7747K(1398272K)
[31.772s][info][gc,metaspace   ] GC(150) Metaspace: 14229K(14976K)->14229K(14976K) NonClass: 12278K(12736K)->12278K(12736K) Class: 1950K(2240K)->1950K(2240K)
[31.772s][info][gc             ] GC(150) Pause Young (Allocation Failure) 319M->8M(1672M) 1.974ms
[31.772s][info][gc,cpu         ] GC(150) User=0.00s Sys=0.00s Real=0.00s
[31.995s][info][gc,start       ] GC(151) Pause Young (Allocation Failure)
[31.997s][info][gc,heap        ] GC(151) PSYoungGen: 314304K(314368K)->1024K(308736K) Eden: 313344K(313344K)->0K(307712K) From: 960K(1024K)->1024K(1024K)
[31.997s][info][gc,heap        ] GC(151) ParOldGen: 7747K(1398272K)->7835K(1398272K)
[31.997s][info][gc,metaspace   ] GC(151) Metaspace: 14229K(14976K)->14229K(14976K) NonClass: 12278K(12736K)->12278K(12736K) Class: 1950K(2240K)->1950K(2240K)
[31.997s][info][gc             ] GC(151) Pause Young (Allocation Failure) 314M->8M(1667M) 1.986ms
[31.997s][info][gc,cpu         ] GC(151) User=0.00s Sys=0.00s Real=0.00s
[32.213s][info][gc,start       ] GC(152) Pause Young (Allocation Failure)
[32.215s][info][gc,heap        ] GC(152) PSYoungGen: 308736K(308736K)->1024K(303104K) Eden: 307712K(307712K)->0K(302080K) From: 1024K(1024K)->1024K(1024K)
[32.215s][info][gc,heap        ] GC(152) ParOldGen: 7835K(1398272K)->7947K(1398272K)
[32.215s][info][gc,metaspace   ] GC(152) Metaspace: 14229K(14976K)->14229K(14976K) NonClass: 12278K(12736K)->12278K(12736K) Class: 1950K(2240K)->1950K(2240K)
[32.215s][info][gc             ] GC(152) Pause Young (Allocation Failure) 309M->8M(1661M) 2.046ms
[32.215s][info][gc,cpu         ] GC(152) User=0.00s Sys=0.00s Real=0.00s
[32.431s][info][gc,start       ] GC(153) Pause Young (Allocation Failure)
[32.433s][info][gc,heap        ] GC(153) PSYoungGen: 303104K(303104K)->1024K(297984K) Eden: 302080K(302080K)->0K(296960K) From: 1024K(1024K)->1024K(1024K)
[32.433s][info][gc,heap        ] GC(153) ParOldGen: 7947K(1398272K)->8067K(1398272K)
[32.433s][info][gc,metaspace   ] GC(153) Metaspace: 14229K(14976K)->14229K(14976K) NonClass: 12278K(12736K)->12278K(12736K) Class: 1950K(2240K)->1950K(2240K)
[32.433s][info][gc             ] GC(153) Pause Young (Allocation Failure) 303M->8M(1656M) 2.061ms
[32.433s][info][gc,cpu         ] GC(153) User=0.00s Sys=0.00s Real=0.00s
[32.643s][info][gc,start       ] GC(154) Pause Young (Allocation Failure)
[32.645s][info][gc,heap        ] GC(154) PSYoungGen: 297984K(297984K)->1024K(292864K) Eden: 296960K(296960K)->0K(291840K) From: 1024K(1024K)->1024K(1024K)
[32.645s][info][gc,heap        ] GC(154) ParOldGen: 8067K(1398272K)->8203K(1398272K)
[32.645s][info][gc,metaspace   ] GC(154) Metaspace: 14229K(14976K)->14229K(14976K) NonClass: 12278K(12736K)->12278K(12736K) Class: 1950K(2240K)->1950K(2240K)
[32.645s][info][gc             ] GC(154) Pause Young (Allocation Failure) 298M->9M(1651M) 2.129ms
[32.645s][info][gc,cpu         ] GC(154) User=0.00s Sys=0.00s Real=0.00s
[32.850s][info][gc,start       ] GC(155) Pause Young (Allocation Failure)
[32.852s][info][gc,heap        ] GC(155) PSYoungGen: 292864K(292864K)->992K(287744K) Eden: 291840K(291840K)->0K(286720K) From: 1024K(1024K)->992K(1024K)
[32.852s][info][gc,heap        ] GC(155) ParOldGen: 8203K(1398272K)->8307K(1398272K)
[32.852s][info][gc,metaspace   ] GC(155) Metaspace: 14229K(14976K)->14229K(14976K) NonClass: 12278K(12736K)->12278K(12736K) Class: 1950K(2240K)->1950K(2240K)
[32.852s][info][gc             ] GC(155) Pause Young (Allocation Failure) 294M->9M(1646M) 2.116ms
[32.852s][info][gc,cpu         ] GC(155) User=0.52s Sys=0.00s Real=0.00s
[33.056s][info][gc,start       ] GC(156) Pause Young (Allocation Failure)
[33.058s][info][gc,heap        ] GC(156) PSYoungGen: 287712K(287744K)->1024K(283136K) Eden: 286720K(286720K)->0K(282112K) From: 992K(1024K)->1024K(1024K)
[33.058s][info][gc,heap        ] GC(156) ParOldGen: 8307K(1398272K)->8403K(1398272K)
[33.058s][info][gc,metaspace   ] GC(156) Metaspace: 14229K(14976K)->14229K(14976K) NonClass: 12278K(12736K)->12278K(12736K) Class: 1950K(2240K)->1950K(2240K)
[33.058s][info][gc             ] GC(156) Pause Young (Allocation Failure) 289M->9M(1642M) 2.187ms
[33.058s][info][gc,cpu         ] GC(156) User=0.00s Sys=0.00s Real=0.00s
[33.256s][info][gc,start       ] GC(157) Pause Young (Allocation Failure)
[33.258s][info][gc,heap        ] GC(157) PSYoungGen: 283135K(283136K)->992K(278528K) Eden: 282111K(282112K)->0K(277504K) From: 1024K(1024K)->992K(1024K)
[33.258s][info][gc,heap        ] GC(157) ParOldGen: 8403K(1398272K)->8491K(1398272K)
[33.258s][info][gc,metaspace   ] GC(157) Metaspace: 14229K(14976K)->14229K(14976K) NonClass: 12278K(12736K)->12278K(12736K) Class: 1950K(2240K)->1950K(2240K)
[33.258s][info][gc             ] GC(157) Pause Young (Allocation Failure) 284M->9M(1637M) 2.191ms
[33.258s][info][gc,cpu         ] GC(157) User=0.52s Sys=0.00s Real=0.00s
[33.598s][info][gc,start       ] GC(158) Pause Young (Allocation Failure)
[33.601s][info][gc,heap        ] GC(158) PSYoungGen: 278496K(278528K)->1024K(273920K) Eden: 277504K(277504K)->0K(272896K) From: 992K(1024K)->1024K(1024K)
[33.601s][info][gc,heap        ] GC(158) ParOldGen: 8491K(1398272K)->8563K(1398272K)
[33.601s][info][gc,metaspace   ] GC(158) Metaspace: 14229K(14976K)->14229K(14976K) NonClass: 12278K(12736K)->12278K(12736K) Class: 1950K(2240K)->1950K(2240K)
[33.601s][info][gc             ] GC(158) Pause Young (Allocation Failure) 280M->9M(1633M) 3.122ms
[33.601s][info][gc,cpu         ] GC(158) User=0.00s Sys=0.00s Real=0.00s
[33.809s][info][gc,start       ] GC(159) Pause Young (Allocation Failure)
[33.811s][info][gc,heap        ] GC(159) PSYoungGen: 273920K(273920K)->1024K(269312K) Eden: 272896K(272896K)->0K(268288K) From: 1024K(1024K)->1024K(1024K)
[33.811s][info][gc,heap        ] GC(159) ParOldGen: 8563K(1398272K)->8651K(1398272K)
[33.811s][info][gc,metaspace   ] GC(159) Metaspace: 14229K(14976K)->14229K(14976K) NonClass: 12278K(12736K)->12278K(12736K) Class: 1950K(2240K)->1950K(2240K)
[33.811s][info][gc             ] GC(159) Pause Young (Allocation Failure) 275M->9M(1628M) 2.059ms
[33.811s][info][gc,cpu         ] GC(159) User=0.00s Sys=0.00s Real=0.00s
[34.031s][info][gc,start       ] GC(160) Pause Young (Allocation Failure)
[34.033s][info][gc,heap        ] GC(160) PSYoungGen: 269312K(269312K)->1024K(265216K) Eden: 268288K(268288K)->0K(264192K) From: 1024K(1024K)->1024K(1024K)
[34.033s][info][gc,heap        ] GC(160) ParOldGen: 8651K(1398272K)->8739K(1398272K)
[34.033s][info][gc,metaspace   ] GC(160) Metaspace: 14229K(14976K)->14229K(14976K) NonClass: 12278K(12736K)->12278K(12736K) Class: 1950K(2240K)->1950K(2240K)
[34.033s][info][gc             ] GC(160) Pause Young (Allocation Failure) 271M->9M(1624M) 1.925ms
[34.033s][info][gc,cpu         ] GC(160) User=0.00s Sys=0.00s Real=0.00s
[34.231s][info][gc,start       ] GC(161) Pause Young (Allocation Failure)
[34.233s][info][gc,heap        ] GC(161) PSYoungGen: 265216K(265216K)->1024K(261120K) Eden: 264192K(264192K)->0K(260096K) From: 1024K(1024K)->1024K(1024K)
[34.233s][info][gc,heap        ] GC(161) ParOldGen: 8739K(1398272K)->8851K(1398272K)
[34.233s][info][gc,metaspace   ] GC(161) Metaspace: 14229K(14976K)->14229K(14976K) NonClass: 12278K(12736K)->12278K(12736K) Class: 1950K(2240K)->1950K(2240K)
[34.233s][info][gc             ] GC(161) Pause Young (Allocation Failure) 267M->9M(1620M) 1.858ms
[34.233s][info][gc,cpu         ] GC(161) User=0.00s Sys=0.00s Real=0.00s
[34.417s][info][gc,start       ] GC(162) Pause Young (Allocation Failure)
[34.419s][info][gc,heap        ] GC(162) PSYoungGen: 261120K(261120K)->1024K(257024K) Eden: 260096K(260096K)->0K(256000K) From: 1024K(1024K)->1024K(1024K)
[34.419s][info][gc,heap        ] GC(162) ParOldGen: 8851K(1398272K)->8939K(1398272K)
[34.419s][info][gc,metaspace   ] GC(162) Metaspace: 14229K(14976K)->14229K(14976K) NonClass: 12278K(12736K)->12278K(12736K) Class: 1950K(2240K)->1950K(2240K)
[34.419s][info][gc             ] GC(162) Pause Young (Allocation Failure) 263M->9M(1616M) 1.847ms
[34.419s][info][gc,cpu         ] GC(162) User=0.00s Sys=0.00s Real=0.00s
[34.598s][info][gc,start       ] GC(163) Pause Young (Allocation Failure)
[34.600s][info][gc,heap        ] GC(163) PSYoungGen: 257024K(257024K)->1024K(252928K) Eden: 256000K(256000K)->0K(251904K) From: 1024K(1024K)->1024K(1024K)
[34.600s][info][gc,heap        ] GC(163) ParOldGen: 8939K(1398272K)->9027K(1398272K)
[34.600s][info][gc,metaspace   ] GC(163) Metaspace: 14229K(14976K)->14229K(14976K) NonClass: 12278K(12736K)->12278K(12736K) Class: 1950K(2240K)->1950K(2240K)
[34.600s][info][gc             ] GC(163) Pause Young (Allocation Failure) 259M->9M(1612M) 1.888ms
[34.600s][info][gc,cpu         ] GC(163) User=0.00s Sys=0.00s Real=0.00s
[34.776s][info][gc,start       ] GC(164) Pause Young (Allocation Failure)
[34.778s][info][gc,heap        ] GC(164) PSYoungGen: 252928K(252928K)->1024K(249344K) Eden: 251904K(251904K)->0K(248320K) From: 1024K(1024K)->1024K(1024K)
[34.778s][info][gc,heap        ] GC(164) ParOldGen: 9027K(1398272K)->9115K(1398272K)
[34.778s][info][gc,metaspace   ] GC(164) Metaspace: 14229K(14976K)->14229K(14976K) NonClass: 12278K(12736K)->12278K(12736K) Class: 1950K(2240K)->1950K(2240K)
[34.778s][info][gc             ] GC(164) Pause Young (Allocation Failure) 255M->9M(1609M) 1.938ms
[34.778s][info][gc,cpu         ] GC(164) User=0.00s Sys=0.00s Real=0.00s
[34.954s][info][gc,start       ] GC(165) Pause Young (Allocation Failure)
[34.956s][info][gc,heap        ] GC(165) PSYoungGen: 249344K(249344K)->992K(245760K) Eden: 248320K(248320K)->0K(244736K) From: 1024K(1024K)->992K(1024K)
[34.956s][info][gc,heap        ] GC(165) ParOldGen: 9115K(1398272K)->9179K(1398272K)
[34.956s][info][gc,metaspace   ] GC(165) Metaspace: 14229K(14976K)->14229K(14976K) NonClass: 12278K(12736K)->12278K(12736K) Class: 1950K(2240K)->1950K(2240K)
[34.956s][info][gc             ] GC(165) Pause Young (Allocation Failure) 252M->9M(1605M) 1.977ms
[34.956s][info][gc,cpu         ] GC(165) User=0.00s Sys=0.00s Real=0.00s
[35.130s][info][gc,start       ] GC(166) Pause Young (Allocation Failure)
[35.132s][info][gc,heap        ] GC(166) PSYoungGen: 245728K(245760K)->1024K(242176K) Eden: 244736K(244736K)->0K(241152K) From: 992K(1024K)->1024K(1024K)
[35.132s][info][gc,heap        ] GC(166) ParOldGen: 9179K(1398272K)->9283K(1398272K)
[35.132s][info][gc,metaspace   ] GC(166) Metaspace: 14229K(14976K)->14229K(14976K) NonClass: 12278K(12736K)->12278K(12736K) Class: 1950K(2240K)->1950K(2240K)
[35.132s][info][gc             ] GC(166) Pause Young (Allocation Failure) 248M->10M(1602M) 1.927ms
[35.132s][info][gc,cpu         ] GC(166) User=0.00s Sys=0.00s Real=0.00s
[35.303s][info][gc,start       ] GC(167) Pause Young (Allocation Failure)
[35.305s][info][gc,heap        ] GC(167) PSYoungGen: 242176K(242176K)->960K(238592K) Eden: 241152K(241152K)->0K(237568K) From: 1024K(1024K)->960K(1024K)
[35.305s][info][gc,heap        ] GC(167) ParOldGen: 9283K(1398272K)->9363K(1398272K)
[35.305s][info][gc,metaspace   ] GC(167) Metaspace: 14229K(14976K)->14229K(14976K) NonClass: 12278K(12736K)->12278K(12736K) Class: 1950K(2240K)->1950K(2240K)
[35.305s][info][gc             ] GC(167) Pause Young (Allocation Failure) 245M->10M(1598M) 1.978ms
[35.305s][info][gc,cpu         ] GC(167) User=0.00s Sys=0.00s Real=0.00s
[35.472s][info][gc,start       ] GC(168) Pause Young (Allocation Failure)
[35.474s][info][gc,heap        ] GC(168) PSYoungGen: 238528K(238592K)->992K(235008K) Eden: 237568K(237568K)->0K(233984K) From: 960K(1024K)->992K(1024K)
[35.474s][info][gc,heap        ] GC(168) ParOldGen: 9363K(1398272K)->9427K(1398272K)
[35.474s][info][gc,metaspace   ] GC(168) Metaspace: 14229K(14976K)->14229K(14976K) NonClass: 12278K(12736K)->12278K(12736K) Class: 1950K(2240K)->1950K(2240K)
[35.474s][info][gc             ] GC(168) Pause Young (Allocation Failure) 242M->10M(1595M) 1.945ms
[35.474s][info][gc,cpu         ] GC(168) User=0.00s Sys=0.00s Real=0.00s
[35.640s][info][gc,start       ] GC(169) Pause Young (Allocation Failure)
[35.651s][info][gc,heap        ] GC(169) PSYoungGen: 234976K(235008K)->992K(231424K) Eden: 233984K(233984K)->0K(230400K) From: 992K(1024K)->992K(1024K)
[35.651s][info][gc,heap        ] GC(169) ParOldGen: 9427K(1398272K)->9507K(1398272K)
[35.651s][info][gc,metaspace   ] GC(169) Metaspace: 14229K(14976K)->14229K(14976K) NonClass: 12278K(12736K)->12278K(12736K) Class: 1950K(2240K)->1950K(2240K)
[35.651s][info][gc             ] GC(169) Pause Young (Allocation Failure) 238M->10M(1591M) 10.837ms
[35.651s][info][gc,cpu         ] GC(169) User=0.00s Sys=0.00s Real=0.01s
[35.818s][info][gc,start       ] GC(170) Pause Young (Allocation Failure)
[35.820s][info][gc,heap        ] GC(170) PSYoungGen: 231392K(231424K)->1024K(228352K) Eden: 230400K(230400K)->0K(227328K) From: 992K(1024K)->1024K(1024K)
[35.820s][info][gc,heap        ] GC(170) ParOldGen: 9507K(1398272K)->9571K(1398272K)
[35.820s][info][gc,metaspace   ] GC(170) Metaspace: 14229K(14976K)->14229K(14976K) NonClass: 12278K(12736K)->12278K(12736K) Class: 1950K(2240K)->1950K(2240K)
[35.820s][info][gc             ] GC(170) Pause Young (Allocation Failure) 235M->10M(1588M) 2.015ms
[35.820s][info][gc,cpu         ] GC(170) User=0.00s Sys=0.00s Real=0.00s
[35.983s][info][gc,start       ] GC(171) Pause Young (Allocation Failure)
[35.985s][info][gc,heap        ] GC(171) PSYoungGen: 228352K(228352K)->1024K(273920K) Eden: 227328K(227328K)->0K(272896K) From: 1024K(1024K)->1024K(1024K)
[35.985s][info][gc,heap        ] GC(171) ParOldGen: 9571K(1398272K)->9627K(1398272K)
[35.985s][info][gc,metaspace   ] GC(171) Metaspace: 14229K(14976K)->14229K(14976K) NonClass: 12278K(12736K)->12278K(12736K) Class: 1950K(2240K)->1950K(2240K)
[35.985s][info][gc             ] GC(171) Pause Young (Allocation Failure) 232M->10M(1633M) 2.042ms
[35.985s][info][gc,cpu         ] GC(171) User=0.00s Sys=0.00s Real=0.00s
[36.177s][info][gc,start       ] GC(172) Pause Young (Allocation Failure)
[36.179s][info][gc,heap        ] GC(172) PSYoungGen: 273920K(273920K)->992K(328704K) Eden: 272896K(272896K)->0K(327680K) From: 1024K(1024K)->992K(1024K)
[36.179s][info][gc,heap        ] GC(172) ParOldGen: 9627K(1398272K)->9691K(1398272K)
[36.179s][info][gc,metaspace   ] GC(172) Metaspace: 14229K(14976K)->14229K(14976K) NonClass: 12278K(12736K)->12278K(12736K) Class: 1950K(2240K)->1950K(2240K)
[36.179s][info][gc             ] GC(172) Pause Young (Allocation Failure) 276M->10M(1686M) 2.114ms
[36.179s][info][gc,cpu         ] GC(172) User=0.00s Sys=0.00s Real=0.00s
[36.550s][info][gc,start       ] GC(173) Pause Young (Allocation Failure)
[36.553s][info][gc,heap        ] GC(173) PSYoungGen: 328672K(328704K)->1024K(322560K) Eden: 327680K(327680K)->0K(321536K) From: 992K(1024K)->1024K(1024K)
[36.553s][info][gc,heap        ] GC(173) ParOldGen: 9691K(1398272K)->9763K(1398272K)
[36.554s][info][gc,metaspace   ] GC(173) Metaspace: 14229K(14976K)->14229K(14976K) NonClass: 12278K(12736K)->12278K(12736K) Class: 1950K(2240K)->1950K(2240K)
[36.554s][info][gc             ] GC(173) Pause Young (Allocation Failure) 330M->10M(1680M) 3.096ms
[36.554s][info][gc,cpu         ] GC(173) User=0.00s Sys=0.00s Real=0.00s
[36.817s][info][gc,start       ] GC(174) Pause Young (Allocation Failure)
[36.819s][info][gc,heap        ] GC(174) PSYoungGen: 322560K(322560K)->1024K(316928K) Eden: 321536K(321536K)->0K(315904K) From: 1024K(1024K)->1024K(1024K)
[36.819s][info][gc,heap        ] GC(174) ParOldGen: 9763K(1398272K)->9851K(1398272K)
[36.819s][info][gc,metaspace   ] GC(174) Metaspace: 14229K(14976K)->14229K(14976K) NonClass: 12278K(12736K)->12278K(12736K) Class: 1950K(2240K)->1950K(2240K)
[36.819s][info][gc             ] GC(174) Pause Young (Allocation Failure) 324M->10M(1675M) 2.172ms
[36.819s][info][gc,cpu         ] GC(174) User=0.00s Sys=0.00s Real=0.00s
[37.076s][info][gc,start       ] GC(175) Pause Young (Allocation Failure)
[37.118s][info][gc,heap        ] GC(175) PSYoungGen: 316928K(316928K)->1024K(311296K) Eden: 315904K(315904K)->0K(310272K) From: 1024K(1024K)->1024K(1024K)
[37.118s][info][gc,heap        ] GC(175) ParOldGen: 9851K(1398272K)->9939K(1398272K)
[37.118s][info][gc,metaspace   ] GC(175) Metaspace: 14229K(14976K)->14229K(14976K) NonClass: 12278K(12736K)->12278K(12736K) Class: 1950K(2240K)->1950K(2240K)
[37.118s][info][gc             ] GC(175) Pause Young (Allocation Failure) 319M->10M(1669M) 42.438ms
[37.118s][info][gc,cpu         ] GC(175) User=0.00s Sys=0.00s Real=0.03s
[37.348s][info][gc,start       ] GC(176) Pause Young (Allocation Failure)
[37.350s][info][gc,heap        ] GC(176) PSYoungGen: 311296K(311296K)->928K(305664K) Eden: 310272K(310272K)->0K(304640K) From: 1024K(1024K)->928K(1024K)
[37.350s][info][gc,heap        ] GC(176) ParOldGen: 9939K(1398272K)->10059K(1398272K)
[37.350s][info][gc,metaspace   ] GC(176) Metaspace: 14229K(14976K)->14229K(14976K) NonClass: 12278K(12736K)->12278K(12736K) Class: 1950K(2240K)->1950K(2240K)
[37.350s][info][gc             ] GC(176) Pause Young (Allocation Failure) 313M->10M(1664M) 1.864ms
[37.350s][info][gc,cpu         ] GC(176) User=0.00s Sys=0.00s Real=0.00s
[37.564s][info][gc,start       ] GC(177) Pause Young (Allocation Failure)
[37.565s][info][gc,heap        ] GC(177) PSYoungGen: 305568K(305664K)->992K(300544K) Eden: 304640K(304640K)->0K(299520K) From: 928K(1024K)->992K(1024K)
[37.565s][info][gc,heap        ] GC(177) ParOldGen: 10059K(1398272K)->10171K(1398272K)
[37.565s][info][gc,metaspace   ] GC(177) Metaspace: 14229K(14976K)->14229K(14976K) NonClass: 12278K(12736K)->12278K(12736K) Class: 1950K(2240K)->1950K(2240K)
[37.566s][info][gc             ] GC(177) Pause Young (Allocation Failure) 308M->10M(1659M) 1.857ms
[37.566s][info][gc,cpu         ] GC(177) User=0.00s Sys=0.00s Real=0.00s
[37.778s][info][gc,start       ] GC(178) Pause Young (Allocation Failure)
[37.780s][info][gc,heap        ] GC(178) PSYoungGen: 300512K(300544K)->1024K(295424K) Eden: 299520K(299520K)->0K(294400K) From: 992K(1024K)->1024K(1024K)
[37.780s][info][gc,heap        ] GC(178) ParOldGen: 10171K(1398272K)->10251K(1398272K)
[37.780s][info][gc,metaspace   ] GC(178) Metaspace: 14229K(14976K)->14229K(14976K) NonClass: 12278K(12736K)->12278K(12736K) Class: 1950K(2240K)->1950K(2240K)
[37.780s][info][gc             ] GC(178) Pause Young (Allocation Failure) 303M->11M(1654M) 1.840ms
[37.780s][info][gc,cpu         ] GC(178) User=0.00s Sys=0.00s Real=0.00s
[37.988s][info][gc,start       ] GC(179) Pause Young (Allocation Failure)
[37.990s][info][gc,heap        ] GC(179) PSYoungGen: 295424K(295424K)->1024K(290304K) Eden: 294400K(294400K)->0K(289280K) From: 1024K(1024K)->1024K(1024K)
[37.990s][info][gc,heap        ] GC(179) ParOldGen: 10251K(1398272K)->10347K(1398272K)
[37.990s][info][gc,metaspace   ] GC(179) Metaspace: 14229K(14976K)->14229K(14976K) NonClass: 12278K(12736K)->12278K(12736K) Class: 1950K(2240K)->1950K(2240K)
[37.990s][info][gc             ] GC(179) Pause Young (Allocation Failure) 298M->11M(1649M) 1.910ms
[37.990s][info][gc,cpu         ] GC(179) User=0.00s Sys=0.00s Real=0.00s
[38.195s][info][gc,start       ] GC(180) Pause Young (Allocation Failure)
[38.197s][info][gc,heap        ] GC(180) PSYoungGen: 290304K(290304K)->960K(285184K) Eden: 289280K(289280K)->0K(284160K) From: 1024K(1024K)->960K(1024K)
[38.197s][info][gc,heap        ] GC(180) ParOldGen: 10347K(1398272K)->10443K(1398272K)
[38.197s][info][gc,metaspace   ] GC(180) Metaspace: 14229K(14976K)->14229K(14976K) NonClass: 12278K(12736K)->12278K(12736K) Class: 1950K(2240K)->1950K(2240K)
[38.197s][info][gc             ] GC(180) Pause Young (Allocation Failure) 293M->11M(1644M) 1.859ms
[38.197s][info][gc,cpu         ] GC(180) User=0.00s Sys=0.00s Real=0.00s
[38.403s][info][gc,start       ] GC(181) Pause Young (Allocation Failure)
[38.416s][info][gc,heap        ] GC(181) PSYoungGen: 285120K(285184K)->1024K(280576K) Eden: 284160K(284160K)->0K(279552K) From: 960K(1024K)->1024K(1024K)
[38.416s][info][gc,heap        ] GC(181) ParOldGen: 10443K(1398272K)->10523K(1398272K)
[38.416s][info][gc,metaspace   ] GC(181) Metaspace: 14229K(14976K)->14229K(14976K) NonClass: 12278K(12736K)->12278K(12736K) Class: 1950K(2240K)->1950K(2240K)
[38.416s][info][gc             ] GC(181) Pause Young (Allocation Failure) 288M->11M(1639M) 13.659ms
[38.416s][info][gc,cpu         ] GC(181) User=0.00s Sys=0.00s Real=0.01s
[38.613s][info][gc,start       ] GC(182) Pause Young (Allocation Failure)
[38.615s][info][gc,heap        ] GC(182) PSYoungGen: 280576K(280576K)->992K(275968K) Eden: 279552K(279552K)->0K(274944K) From: 1024K(1024K)->992K(1024K)
[38.615s][info][gc,heap        ] GC(182) ParOldGen: 10523K(1398272K)->10611K(1398272K)
[38.615s][info][gc,metaspace   ] GC(182) Metaspace: 14229K(14976K)->14229K(14976K) NonClass: 12278K(12736K)->12278K(12736K) Class: 1950K(2240K)->1950K(2240K)
[38.615s][info][gc             ] GC(182) Pause Young (Allocation Failure) 284M->11M(1635M) 1.975ms
[38.615s][info][gc,cpu         ] GC(182) User=0.00s Sys=0.00s Real=0.00s
[38.810s][info][gc,start       ] GC(183) Pause Young (Allocation Failure)
[38.812s][info][gc,heap        ] GC(183) PSYoungGen: 275936K(275968K)->1024K(271360K) Eden: 274944K(274944K)->0K(270336K) From: 992K(1024K)->1024K(1024K)
[38.812s][info][gc,heap        ] GC(183) ParOldGen: 10611K(1398272K)->10707K(1398272K)
[38.812s][info][gc,metaspace   ] GC(183) Metaspace: 14229K(14976K)->14229K(14976K) NonClass: 12278K(12736K)->12278K(12736K) Class: 1950K(2240K)->1950K(2240K)
[38.812s][info][gc             ] GC(183) Pause Young (Allocation Failure) 279M->11M(1630M) 2.006ms
[38.812s][info][gc,cpu         ] GC(183) User=0.00s Sys=0.00s Real=0.00s
[39.004s][info][gc,start       ] GC(184) Pause Young (Allocation Failure)
[39.006s][info][gc,heap        ] GC(184) PSYoungGen: 271360K(271360K)->1024K(267264K) Eden: 270336K(270336K)->0K(266240K) From: 1024K(1024K)->1024K(1024K)
[39.006s][info][gc,heap        ] GC(184) ParOldGen: 10707K(1398272K)->10779K(1398272K)
[39.006s][info][gc,metaspace   ] GC(184) Metaspace: 14229K(14976K)->14229K(14976K) NonClass: 12278K(12736K)->12278K(12736K) Class: 1950K(2240K)->1950K(2240K)
[39.006s][info][gc             ] GC(184) Pause Young (Allocation Failure) 275M->11M(1626M) 2.117ms
[39.006s][info][gc,cpu         ] GC(184) User=0.00s Sys=0.00s Real=0.00s
[39.195s][info][gc,start       ] GC(185) Pause Young (Allocation Failure)
[39.197s][info][gc,heap        ] GC(185) PSYoungGen: 267264K(267264K)->1024K(263168K) Eden: 266240K(266240K)->0K(262144K) From: 1024K(1024K)->1024K(1024K)
[39.197s][info][gc,heap        ] GC(185) ParOldGen: 10779K(1398272K)->10859K(1398272K)
[39.197s][info][gc,metaspace   ] GC(185) Metaspace: 14229K(14976K)->14229K(14976K) NonClass: 12278K(12736K)->12278K(12736K) Class: 1950K(2240K)->1950K(2240K)
[39.197s][info][gc             ] GC(185) Pause Young (Allocation Failure) 271M->11M(1622M) 2.121ms
[39.197s][info][gc,cpu         ] GC(185) User=0.52s Sys=0.00s Real=0.00s
[39.382s][info][gc,start       ] GC(186) Pause Young (Allocation Failure)
[39.384s][info][gc,heap        ] GC(186) PSYoungGen: 263168K(263168K)->992K(259072K) Eden: 262144K(262144K)->0K(258048K) From: 1024K(1024K)->992K(1024K)
[39.384s][info][gc,heap        ] GC(186) ParOldGen: 10859K(1398272K)->10947K(1398272K)
[39.384s][info][gc,metaspace   ] GC(186) Metaspace: 14229K(14976K)->14229K(14976K) NonClass: 12278K(12736K)->12278K(12736K) Class: 1950K(2240K)->1950K(2240K)
[39.384s][info][gc             ] GC(186) Pause Young (Allocation Failure) 267M->11M(1618M) 2.106ms
[39.384s][info][gc,cpu         ] GC(186) User=0.52s Sys=0.00s Real=0.00s
[39.566s][info][gc,start       ] GC(187) Pause Young (Allocation Failure)
[39.568s][info][gc,heap        ] GC(187) PSYoungGen: 259040K(259072K)->992K(254976K) Eden: 258048K(258048K)->0K(253952K) From: 992K(1024K)->992K(1024K)
[39.568s][info][gc,heap        ] GC(187) ParOldGen: 10947K(1398272K)->11035K(1398272K)
[39.568s][info][gc,metaspace   ] GC(187) Metaspace: 14229K(14976K)->14229K(14976K) NonClass: 12278K(12736K)->12278K(12736K) Class: 1950K(2240K)->1950K(2240K)
[39.568s][info][gc             ] GC(187) Pause Young (Allocation Failure) 263M->11M(1614M) 2.147ms
[39.568s][info][gc,cpu         ] GC(187) User=0.00s Sys=0.00s Real=0.00s
[39.750s][info][gc,start       ] GC(188) Pause Young (Allocation Failure)
[39.752s][info][gc,heap        ] GC(188) PSYoungGen: 254944K(254976K)->960K(250880K) Eden: 253952K(253952K)->0K(249856K) From: 992K(1024K)->960K(1024K)
[39.768s][info][gc,heap        ] GC(188) ParOldGen: 11035K(1398272K)->11115K(1398272K)
[39.768s][info][gc,metaspace   ] GC(188) Metaspace: 14229K(14976K)->14229K(14976K) NonClass: 12278K(12736K)->12278K(12736K) Class: 1950K(2240K)->1950K(2240K)
[39.768s][info][gc             ] GC(188) Pause Young (Allocation Failure) 259M->11M(1610M) 18.172ms
[39.768s][info][gc,cpu         ] GC(188) User=0.00s Sys=0.00s Real=0.01s
[39.948s][info][gc,start       ] GC(189) Pause Young (Allocation Failure)
[39.950s][info][gc,heap        ] GC(189) PSYoungGen: 250816K(250880K)->1024K(247296K) Eden: 249856K(249856K)->0K(246272K) From: 960K(1024K)->1024K(1024K)
[39.950s][info][gc,heap        ] GC(189) ParOldGen: 11115K(1398272K)->11195K(1398272K)
[39.950s][info][gc,metaspace   ] GC(189) Metaspace: 14229K(14976K)->14229K(14976K) NonClass: 12278K(12736K)->12278K(12736K) Class: 1950K(2240K)->1950K(2240K)
[39.950s][info][gc             ] GC(189) Pause Young (Allocation Failure) 255M->11M(1607M) 2.234ms
[39.950s][info][gc,cpu         ] GC(189) User=0.00s Sys=0.00s Real=0.00s
[40.124s][info][gc,start       ] GC(190) Pause Young (Allocation Failure)
[40.126s][info][gc,heap        ] GC(190) PSYoungGen: 247296K(247296K)->992K(296960K) Eden: 246272K(246272K)->0K(295936K) From: 1024K(1024K)->992K(1024K)
[40.126s][info][gc,heap        ] GC(190) ParOldGen: 11195K(1398272K)->11291K(1398272K)
[40.126s][info][gc,metaspace   ] GC(190) Metaspace: 14229K(14976K)->14229K(14976K) NonClass: 12278K(12736K)->12278K(12736K) Class: 1950K(2240K)->1950K(2240K)
[40.126s][info][gc             ] GC(190) Pause Young (Allocation Failure) 252M->11M(1655M) 2.208ms
[40.126s][info][gc,cpu         ] GC(190) User=0.00s Sys=0.00s Real=0.00s
[40.422s][info][gc,start       ] GC(191) Pause Young (Allocation Failure)
[40.425s][info][gc,heap        ] GC(191) PSYoungGen: 296927K(296960K)->992K(291840K) Eden: 295935K(295936K)->0K(290816K) From: 992K(1024K)->992K(1024K)
[40.425s][info][gc,heap        ] GC(191) ParOldGen: 11291K(1398272K)->11375K(1398272K)
[40.425s][info][gc,metaspace   ] GC(191) Metaspace: 14229K(14976K)->14229K(14976K) NonClass: 12278K(12736K)->12278K(12736K) Class: 1950K(2240K)->1950K(2240K)
[40.425s][info][gc             ] GC(191) Pause Young (Allocation Failure) 300M->12M(1650M) 3.016ms
[40.425s][info][gc,cpu         ] GC(191) User=0.00s Sys=0.00s Real=0.00s
[40.649s][info][gc,start       ] GC(192) Pause Young (Allocation Failure)
[40.651s][info][gc,heap        ] GC(192) PSYoungGen: 291808K(291840K)->1024K(286720K) Eden: 290816K(290816K)->0K(285696K) From: 992K(1024K)->1024K(1024K)
[40.651s][info][gc,heap        ] GC(192) ParOldGen: 11375K(1398272K)->11471K(1398272K)
[40.651s][info][gc,metaspace   ] GC(192) Metaspace: 14229K(14976K)->14229K(14976K) NonClass: 12278K(12736K)->12278K(12736K) Class: 1950K(2240K)->1950K(2240K)
[40.651s][info][gc             ] GC(192) Pause Young (Allocation Failure) 296M->12M(1645M) 2.061ms
[40.651s][info][gc,cpu         ] GC(192) User=0.00s Sys=0.00s Real=0.00s
[40.883s][info][gc,start       ] GC(193) Pause Young (Allocation Failure)
[40.885s][info][gc,heap        ] GC(193) PSYoungGen: 286720K(286720K)->960K(282112K) Eden: 285696K(285696K)->0K(281088K) From: 1024K(1024K)->960K(1024K)
[40.885s][info][gc,heap        ] GC(193) ParOldGen: 11471K(1398272K)->11567K(1398272K)
[40.885s][info][gc,metaspace   ] GC(193) Metaspace: 14229K(14976K)->14229K(14976K) NonClass: 12278K(12736K)->12278K(12736K) Class: 1950K(2240K)->1950K(2240K)
[40.885s][info][gc             ] GC(193) Pause Young (Allocation Failure) 291M->12M(1641M) 1.978ms
[40.885s][info][gc,cpu         ] GC(193) User=0.52s Sys=0.00s Real=0.00s
[41.088s][info][gc,start       ] GC(194) Pause Young (Allocation Failure)
[41.090s][info][gc,heap        ] GC(194) PSYoungGen: 282048K(282112K)->960K(277504K) Eden: 281088K(281088K)->0K(276480K) From: 960K(1024K)->960K(1024K)
[41.090s][info][gc,heap        ] GC(194) ParOldGen: 11567K(1398272K)->11687K(1398272K)
[41.090s][info][gc,metaspace   ] GC(194) Metaspace: 14229K(14976K)->14229K(14976K) NonClass: 12278K(12736K)->12278K(12736K) Class: 1950K(2240K)->1950K(2240K)
[41.090s][info][gc             ] GC(194) Pause Young (Allocation Failure) 286M->12M(1636M) 1.973ms
[41.090s][info][gc,cpu         ] GC(194) User=0.00s Sys=0.00s Real=0.00s
[41.283s][info][gc,start       ] GC(195) Pause Young (Allocation Failure)
[41.285s][info][gc,heap        ] GC(195) PSYoungGen: 277440K(277504K)->960K(272896K) Eden: 276480K(276480K)->0K(271872K) From: 960K(1024K)->960K(1024K)
[41.285s][info][gc,heap        ] GC(195) ParOldGen: 11687K(1398272K)->11759K(1398272K)
[41.285s][info][gc,metaspace   ] GC(195) Metaspace: 14229K(14976K)->14229K(14976K) NonClass: 12278K(12736K)->12278K(12736K) Class: 1950K(2240K)->1950K(2240K)
[41.285s][info][gc             ] GC(195) Pause Young (Allocation Failure) 282M->12M(1632M) 1.898ms
[41.285s][info][gc,cpu         ] GC(195) User=0.00s Sys=0.00s Real=0.00s
[41.478s][info][gc,start       ] GC(196) Pause Young (Allocation Failure)
[41.480s][info][gc,heap        ] GC(196) PSYoungGen: 272832K(272896K)->1024K(268288K) Eden: 271872K(271872K)->0K(267264K) From: 960K(1024K)->1024K(1024K)
[41.480s][info][gc,heap        ] GC(196) ParOldGen: 11759K(1398272K)->11831K(1398272K)
[41.480s][info][gc,metaspace   ] GC(196) Metaspace: 14229K(14976K)->14229K(14976K) NonClass: 12278K(12736K)->12278K(12736K) Class: 1950K(2240K)->1950K(2240K)
[41.480s][info][gc             ] GC(196) Pause Young (Allocation Failure) 277M->12M(1627M) 1.981ms
[41.480s][info][gc,cpu         ] GC(196) User=0.00s Sys=0.00s Real=0.00s
[41.667s][info][gc,start       ] GC(197) Pause Young (Allocation Failure)
[41.669s][info][gc,heap        ] GC(197) PSYoungGen: 268288K(268288K)->960K(264192K) Eden: 267264K(267264K)->0K(263168K) From: 1024K(1024K)->960K(1024K)
[41.669s][info][gc,heap        ] GC(197) ParOldGen: 11831K(1398272K)->11895K(1398272K)
[41.669s][info][gc,metaspace   ] GC(197) Metaspace: 14229K(14976K)->14229K(14976K) NonClass: 12278K(12736K)->12278K(12736K) Class: 1950K(2240K)->1950K(2240K)
[41.669s][info][gc             ] GC(197) Pause Young (Allocation Failure) 273M->12M(1623M) 1.996ms
[41.669s][info][gc,cpu         ] GC(197) User=0.00s Sys=0.00s Real=0.00s
[41.853s][info][gc,start       ] GC(198) Pause Young (Allocation Failure)
[41.854s][info][gc,heap        ] GC(198) PSYoungGen: 264128K(264192K)->1024K(260096K) Eden: 263168K(263168K)->0K(259072K) From: 960K(1024K)->1024K(1024K)
[41.854s][info][gc,heap        ] GC(198) ParOldGen: 11895K(1398272K)->11991K(1398272K)
[41.854s][info][gc,metaspace   ] GC(198) Metaspace: 14229K(14976K)->14229K(14976K) NonClass: 12278K(12736K)->12278K(12736K) Class: 1950K(2240K)->1950K(2240K)
[41.854s][info][gc             ] GC(198) Pause Young (Allocation Failure) 269M->12M(1619M) 1.939ms
[41.854s][info][gc,cpu         ] GC(198) User=0.00s Sys=0.00s Real=0.00s
[42.033s][info][gc,start       ] GC(199) Pause Young (Allocation Failure)
[42.035s][info][gc,heap        ] GC(199) PSYoungGen: 260096K(260096K)->1024K(256000K) Eden: 259072K(259072K)->0K(254976K) From: 1024K(1024K)->1024K(1024K)
[42.035s][info][gc,heap        ] GC(199) ParOldGen: 11991K(1398272K)->12055K(1398272K)
[42.035s][info][gc,metaspace   ] GC(199) Metaspace: 14229K(14976K)->14229K(14976K) NonClass: 12278K(12736K)->12278K(12736K) Class: 1950K(2240K)->1950K(2240K)
[42.035s][info][gc             ] GC(199) Pause Young (Allocation Failure) 265M->12M(1615M) 1.992ms
[42.035s][info][gc,cpu         ] GC(199) User=0.00s Sys=0.00s Real=0.00s
[42.208s][info][gc,start       ] GC(200) Pause Young (Allocation Failure)
[42.210s][info][gc,heap        ] GC(200) PSYoungGen: 256000K(256000K)->1024K(251904K) Eden: 254976K(254976K)->0K(250880K) From: 1024K(1024K)->1024K(1024K)
[42.210s][info][gc,heap        ] GC(200) ParOldGen: 12055K(1398272K)->12103K(1398272K)
[42.210s][info][gc,metaspace   ] GC(200) Metaspace: 14229K(14976K)->14229K(14976K) NonClass: 12278K(12736K)->12278K(12736K) Class: 1950K(2240K)->1950K(2240K)
[42.210s][info][gc             ] GC(200) Pause Young (Allocation Failure) 261M->12M(1611M) 2.063ms
[42.210s][info][gc,cpu         ] GC(200) User=0.00s Sys=0.00s Real=0.00s
[42.371s][info][gc,start       ] GC(201) Pause Young (Allocation Failure)
[42.373s][info][gc,heap        ] GC(201) PSYoungGen: 251904K(251904K)->960K(248320K) Eden: 250880K(250880K)->0K(247296K) From: 1024K(1024K)->960K(1024K)
[42.373s][info][gc,heap        ] GC(201) ParOldGen: 12103K(1398272K)->12191K(1398272K)
[42.373s][info][gc,metaspace   ] GC(201) Metaspace: 14229K(14976K)->14229K(14976K) NonClass: 12278K(12736K)->12278K(12736K) Class: 1950K(2240K)->1950K(2240K)
[42.373s][info][gc             ] GC(201) Pause Young (Allocation Failure) 257M->12M(1608M) 2.087ms
[42.373s][info][gc,cpu         ] GC(201) User=0.00s Sys=0.00s Real=0.00s
[42.535s][info][gc,start       ] GC(202) Pause Young (Allocation Failure)
[42.537s][info][gc,heap        ] GC(202) PSYoungGen: 248256K(248320K)->960K(297984K) Eden: 247296K(247296K)->0K(296960K) From: 960K(1024K)->960K(1024K)
[42.537s][info][gc,heap        ] GC(202) ParOldGen: 12191K(1398272K)->12279K(1398272K)
[42.538s][info][gc,metaspace   ] GC(202) Metaspace: 14229K(14976K)->14229K(14976K) NonClass: 12278K(12736K)->12278K(12736K) Class: 1950K(2240K)->1950K(2240K)
[42.538s][info][gc             ] GC(202) Pause Young (Allocation Failure) 254M->12M(1656M) 2.091ms
[42.538s][info][gc,cpu         ] GC(202) User=0.00s Sys=0.00s Real=0.00s
[42.711s][info][gc,start       ] GC(203) Pause Young (Allocation Failure)
[42.713s][info][gc,heap        ] GC(203) PSYoungGen: 297920K(297984K)->864K(357376K) Eden: 296960K(296960K)->0K(356352K) From: 960K(1024K)->864K(1024K)
[42.714s][info][gc,heap        ] GC(203) ParOldGen: 12279K(1398272K)->12343K(1398272K)
[42.714s][info][gc,metaspace   ] GC(203) Metaspace: 14229K(14976K)->14229K(14976K) NonClass: 12278K(12736K)->12278K(12736K) Class: 1950K(2240K)->1950K(2240K)
[42.714s][info][gc             ] GC(203) Pause Young (Allocation Failure) 302M->12M(1714M) 2.287ms
[42.714s][info][gc,cpu         ] GC(203) User=0.00s Sys=0.00s Real=0.00s
[42.939s][info][gc,start       ] GC(204) Pause Young (Allocation Failure)
[42.942s][info][gc,heap        ] GC(204) PSYoungGen: 357216K(357376K)->512K(428544K) Eden: 356352K(356352K)->0K(428032K) From: 864K(1024K)->512K(512K)
[42.942s][info][gc,heap        ] GC(204) ParOldGen: 12343K(1398272K)->12391K(1398272K)
[42.942s][info][gc,metaspace   ] GC(204) Metaspace: 14229K(14976K)->14229K(14976K) NonClass: 12278K(12736K)->12278K(12736K) Class: 1950K(2240K)->1950K(2240K)
[42.942s][info][gc             ] GC(204) Pause Young (Allocation Failure) 360M->12M(1784M) 2.628ms
[42.942s][info][gc,cpu         ] GC(204) User=0.00s Sys=0.00s Real=0.00s
[42.973s][info][gc,start       ] GC(205) Pause Young (System.gc())
[42.975s][info][gc,heap        ] GC(205) PSYoungGen: 17915K(428544K)->96K(429568K) Eden: 17403K(428032K)->0K(428032K) From: 512K(512K)->96K(1536K)
[42.975s][info][gc,heap        ] GC(205) ParOldGen: 12391K(1398272K)->12479K(1398272K)
[42.975s][info][gc,metaspace   ] GC(205) Metaspace: 14229K(14976K)->14229K(14976K) NonClass: 12278K(12736K)->12278K(12736K) Class: 1950K(2240K)->1950K(2240K)
[42.975s][info][gc             ] GC(205) Pause Young (System.gc()) 29M->12M(1785M) 1.684ms
[42.975s][info][gc,cpu         ] GC(205) User=0.00s Sys=0.00s Real=0.00s
[42.975s][info][gc,start       ] GC(206) Pause Full (System.gc())
[42.975s][info][gc,phases,start] GC(206) Marking Phase
[42.990s][info][gc,phases      ] GC(206) Marking Phase 15.123ms
[42.990s][info][gc,phases,start] GC(206) Summary Phase
[42.990s][info][gc,phases      ] GC(206) Summary Phase 0.029ms
[42.990s][info][gc,phases,start] GC(206) Adjust Roots
[42.995s][info][gc,phases      ] GC(206) Adjust Roots 4.202ms
[42.995s][info][gc,phases,start] GC(206) Compaction Phase
[42.997s][info][gc,phases      ] GC(206) Compaction Phase 1.996ms
[42.997s][info][gc,phases,start] GC(206) Post Compact
[42.997s][info][gc,phases      ] GC(206) Post Compact 0.620ms
[42.997s][info][gc,heap        ] GC(206) PSYoungGen: 96K(429568K)->0K(429568K) Eden: 0K(428032K)->0K(428032K) From: 96K(1536K)->0K(1536K)
[42.997s][info][gc,heap        ] GC(206) ParOldGen: 12479K(1398272K)->5366K(1398272K)
[42.997s][info][gc,metaspace   ] GC(206) Metaspace: 14229K(14976K)->14229K(14976K) NonClass: 12278K(12736K)->12278K(12736K) Class: 1950K(2240K)->1950K(2240K)
[42.997s][info][gc             ] GC(206) Pause Full (System.gc()) 12M->5M(1785M) 22.348ms
[42.997s][info][gc,cpu         ] GC(206) User=0.02s Sys=0.00s Real=0.02s
[43.382s][info][gc,start       ] GC(207) Pause Young (Allocation Failure)
[43.384s][info][gc,heap        ] GC(207) PSYoungGen: 428032K(429568K)->1536K(420352K) Eden: 428032K(428032K)->0K(418816K) From: 0K(1536K)->1536K(1536K)
[43.384s][info][gc,heap        ] GC(207) ParOldGen: 5366K(1398272K)->5619K(1398272K)
[43.384s][info][gc,metaspace   ] GC(207) Metaspace: 14230K(14976K)->14230K(14976K) NonClass: 12279K(12736K)->12279K(12736K) Class: 1950K(2240K)->1950K(2240K)
[43.384s][info][gc             ] GC(207) Pause Young (Allocation Failure) 423M->6M(1776M) 2.376ms
[43.384s][info][gc,cpu         ] GC(207) User=0.00s Sys=0.00s Real=0.00s
[43.663s][info][gc,start       ] GC(208) Pause Young (Allocation Failure)
[43.666s][info][gc,heap        ] GC(208) PSYoungGen: 420352K(420352K)->1056K(411136K) Eden: 418816K(418816K)->0K(409600K) From: 1536K(1536K)->1056K(1536K)
[43.666s][info][gc,heap        ] GC(208) ParOldGen: 5619K(1398272K)->7115K(1398272K)
[43.666s][info][gc,metaspace   ] GC(208) Metaspace: 14230K(14976K)->14230K(14976K) NonClass: 12279K(12736K)->12279K(12736K) Class: 1950K(2240K)->1950K(2240K)
[43.666s][info][gc             ] GC(208) Pause Young (Allocation Failure) 415M->7M(1767M) 2.278ms
[43.666s][info][gc,cpu         ] GC(208) User=0.44s Sys=0.02s Real=0.00s
[43.991s][info][gc,start       ] GC(209) Pause Young (Allocation Failure)
[43.993s][info][gc,heap        ] GC(209) PSYoungGen: 410656K(411136K)->1024K(401920K) Eden: 409600K(409600K)->0K(400896K) From: 1056K(1536K)->1024K(1024K)
[43.993s][info][gc,heap        ] GC(209) ParOldGen: 7115K(1398272K)->7267K(1398272K)
[43.993s][info][gc,metaspace   ] GC(209) Metaspace: 14230K(14976K)->14230K(14976K) NonClass: 12279K(12736K)->12279K(12736K) Class: 1950K(2240K)->1950K(2240K)
[43.993s][info][gc             ] GC(209) Pause Young (Allocation Failure) 407M->8M(1758M) 1.983ms
[43.993s][info][gc,cpu         ] GC(209) User=0.52s Sys=0.00s Real=0.00s
[44.289s][info][gc,start       ] GC(210) Pause Young (Allocation Failure)
[44.291s][info][gc,heap        ] GC(210) PSYoungGen: 401920K(401920K)->992K(393728K) Eden: 400896K(400896K)->0K(392704K) From: 1024K(1024K)->992K(1024K)
[44.291s][info][gc,heap        ] GC(210) ParOldGen: 7267K(1398272K)->7403K(1398272K)
[44.291s][info][gc,metaspace   ] GC(210) Metaspace: 14230K(14976K)->14230K(14976K) NonClass: 12279K(12736K)->12279K(12736K) Class: 1950K(2240K)->1950K(2240K)
[44.291s][info][gc             ] GC(210) Pause Young (Allocation Failure) 399M->8M(1750M) 2.080ms
[44.291s][info][gc,cpu         ] GC(210) User=0.52s Sys=0.00s Real=0.00s
[44.577s][info][gc,start       ] GC(211) Pause Young (Allocation Failure)
[44.579s][info][gc,heap        ] GC(211) PSYoungGen: 393696K(393728K)->1024K(385536K) Eden: 392704K(392704K)->0K(384512K) From: 992K(1024K)->1024K(1024K)
[44.579s][info][gc,heap        ] GC(211) ParOldGen: 7403K(1398272K)->7547K(1398272K)
[44.579s][info][gc,metaspace   ] GC(211) Metaspace: 14230K(14976K)->14230K(14976K) NonClass: 12279K(12736K)->12279K(12736K) Class: 1950K(2240K)->1950K(2240K)
[44.579s][info][gc             ] GC(211) Pause Young (Allocation Failure) 391M->8M(1742M) 2.020ms
[44.580s][info][gc,cpu         ] GC(211) User=0.00s Sys=0.00s Real=0.00s
[44.862s][info][gc,start       ] GC(212) Pause Young (Allocation Failure)
[44.864s][info][gc,heap        ] GC(212) PSYoungGen: 385536K(385536K)->1024K(377856K) Eden: 384512K(384512K)->0K(376832K) From: 1024K(1024K)->1024K(1024K)
[44.864s][info][gc,heap        ] GC(212) ParOldGen: 7547K(1398272K)->7651K(1398272K)
[44.864s][info][gc,metaspace   ] GC(212) Metaspace: 14230K(14976K)->14230K(14976K) NonClass: 12279K(12736K)->12279K(12736K) Class: 1950K(2240K)->1950K(2240K)
[44.864s][info][gc             ] GC(212) Pause Young (Allocation Failure) 383M->8M(1734M) 2.141ms
[44.864s][info][gc,cpu         ] GC(212) User=0.00s Sys=0.00s Real=0.00s
[45.144s][info][gc,start       ] GC(213) Pause Young (Allocation Failure)
[45.146s][info][gc,heap        ] GC(213) PSYoungGen: 377856K(377856K)->1024K(370176K) Eden: 376832K(376832K)->0K(369152K) From: 1024K(1024K)->1024K(1024K)
[45.146s][info][gc,heap        ] GC(213) ParOldGen: 7651K(1398272K)->7747K(1398272K)
[45.146s][info][gc,metaspace   ] GC(213) Metaspace: 14230K(14976K)->14230K(14976K) NonClass: 12279K(12736K)->12279K(12736K) Class: 1950K(2240K)->1950K(2240K)
[45.146s][info][gc             ] GC(213) Pause Young (Allocation Failure) 376M->8M(1727M) 2.167ms
[45.146s][info][gc,cpu         ] GC(213) User=0.00s Sys=0.00s Real=0.00s
[45.415s][info][gc,start       ] GC(214) Pause Young (Allocation Failure)
[45.417s][info][gc,heap        ] GC(214) PSYoungGen: 370176K(370176K)->1024K(363008K) Eden: 369152K(369152K)->0K(361984K) From: 1024K(1024K)->1024K(1024K)
[45.417s][info][gc,heap        ] GC(214) ParOldGen: 7747K(1398272K)->7875K(1398272K)
[45.417s][info][gc,metaspace   ] GC(214) Metaspace: 14230K(14976K)->14230K(14976K) NonClass: 12279K(12736K)->12279K(12736K) Class: 1950K(2240K)->1950K(2240K)
[45.417s][info][gc             ] GC(214) Pause Young (Allocation Failure) 369M->8M(1720M) 2.220ms
[45.417s][info][gc,cpu         ] GC(214) User=0.00s Sys=0.00s Real=0.00s
[45.685s][info][gc,start       ] GC(215) Pause Young (Allocation Failure)
[45.688s][info][gc,heap        ] GC(215) PSYoungGen: 363008K(363008K)->1024K(355840K) Eden: 361984K(361984K)->0K(354816K) From: 1024K(1024K)->1024K(1024K)
[45.688s][info][gc,heap        ] GC(215) ParOldGen: 7875K(1398272K)->8035K(1398272K)
[45.688s][info][gc,metaspace   ] GC(215) Metaspace: 14230K(14976K)->14230K(14976K) NonClass: 12279K(12736K)->12279K(12736K) Class: 1950K(2240K)->1950K(2240K)
[45.688s][info][gc             ] GC(215) Pause Young (Allocation Failure) 362M->8M(1713M) 2.288ms
[45.688s][info][gc,cpu         ] GC(215) User=0.00s Sys=0.00s Real=0.00s
[45.951s][info][gc,start       ] GC(216) Pause Young (Allocation Failure)
[45.954s][info][gc,heap        ] GC(216) PSYoungGen: 355840K(355840K)->1024K(349184K) Eden: 354816K(354816K)->0K(348160K) From: 1024K(1024K)->1024K(1024K)
[45.954s][info][gc,heap        ] GC(216) ParOldGen: 8035K(1398272K)->8171K(1398272K)
[45.954s][info][gc,metaspace   ] GC(216) Metaspace: 14230K(14976K)->14230K(14976K) NonClass: 12279K(12736K)->12279K(12736K) Class: 1950K(2240K)->1950K(2240K)
[45.954s][info][gc             ] GC(216) Pause Young (Allocation Failure) 355M->8M(1706M) 2.310ms
[45.954s][info][gc,cpu         ] GC(216) User=0.00s Sys=0.00s Real=0.00s
[46.212s][info][gc,start       ] GC(217) Pause Young (Allocation Failure)
[46.214s][info][gc,heap        ] GC(217) PSYoungGen: 349184K(349184K)->992K(342528K) Eden: 348160K(348160K)->0K(341504K) From: 1024K(1024K)->992K(1024K)
[46.214s][info][gc,heap        ] GC(217) ParOldGen: 8171K(1398272K)->8275K(1398272K)
[46.214s][info][gc,metaspace   ] GC(217) Metaspace: 14230K(14976K)->14230K(14976K) NonClass: 12279K(12736K)->12279K(12736K) Class: 1950K(2240K)->1950K(2240K)
[46.214s][info][gc             ] GC(217) Pause Young (Allocation Failure) 348M->9M(1700M) 2.375ms
[46.214s][info][gc,cpu         ] GC(217) User=0.00s Sys=0.00s Real=0.00s
[46.468s][info][gc,start       ] GC(218) Pause Young (Allocation Failure)
[46.470s][info][gc,heap        ] GC(218) PSYoungGen: 342496K(342528K)->1024K(335872K) Eden: 341504K(341504K)->0K(334848K) From: 992K(1024K)->1024K(1024K)
[46.470s][info][gc,heap        ] GC(218) ParOldGen: 8275K(1398272K)->8363K(1398272K)
[46.470s][info][gc,metaspace   ] GC(218) Metaspace: 14230K(14976K)->14230K(14976K) NonClass: 12279K(12736K)->12279K(12736K) Class: 1950K(2240K)->1950K(2240K)
[46.470s][info][gc             ] GC(218) Pause Young (Allocation Failure) 342M->9M(1693M) 2.392ms
[46.470s][info][gc,cpu         ] GC(218) User=0.00s Sys=0.00s Real=0.00s
[46.721s][info][gc,start       ] GC(219) Pause Young (Allocation Failure)
[46.724s][info][gc,heap        ] GC(219) PSYoungGen: 335871K(335872K)->1024K(329728K) Eden: 334847K(334848K)->0K(328704K) From: 1024K(1024K)->1024K(1024K)
[46.724s][info][gc,heap        ] GC(219) ParOldGen: 8363K(1398272K)->8459K(1398272K)
[46.724s][info][gc,metaspace   ] GC(219) Metaspace: 14230K(14976K)->14230K(14976K) NonClass: 12279K(12736K)->12279K(12736K) Class: 1950K(2240K)->1950K(2240K)
[46.724s][info][gc             ] GC(219) Pause Young (Allocation Failure) 336M->9M(1687M) 2.597ms
[46.724s][info][gc,cpu         ] GC(219) User=0.00s Sys=0.00s Real=0.00s
[47.106s][info][gc,start       ] GC(220) Pause Young (Allocation Failure)
[47.110s][info][gc,heap        ] GC(220) PSYoungGen: 329728K(329728K)->1056K(324096K) Eden: 328704K(328704K)->0K(322560K) From: 1024K(1024K)->1056K(1536K)
[47.110s][info][gc,heap        ] GC(220) ParOldGen: 8459K(1398272K)->8539K(1398272K)
[47.110s][info][gc,metaspace   ] GC(220) Metaspace: 14230K(14976K)->14230K(14976K) NonClass: 12279K(12736K)->12279K(12736K) Class: 1950K(2240K)->1950K(2240K)
[47.110s][info][gc             ] GC(220) Pause Young (Allocation Failure) 330M->9M(1682M) 3.374ms
[47.110s][info][gc,cpu         ] GC(220) User=0.00s Sys=0.00s Real=0.00s
[47.366s][info][gc,start       ] GC(221) Pause Young (Allocation Failure)
[47.369s][info][gc,heap        ] GC(221) PSYoungGen: 323616K(324096K)->1024K(317952K) Eden: 322560K(322560K)->0K(316928K) From: 1056K(1536K)->1024K(1024K)
[47.369s][info][gc,heap        ] GC(221) ParOldGen: 8539K(1398272K)->8659K(1398272K)
[47.369s][info][gc,metaspace   ] GC(221) Metaspace: 14230K(14976K)->14230K(14976K) NonClass: 12279K(12736K)->12279K(12736K) Class: 1950K(2240K)->1950K(2240K)
[47.369s][info][gc             ] GC(221) Pause Young (Allocation Failure) 324M->9M(1676M) 2.178ms
[47.369s][info][gc,cpu         ] GC(221) User=0.52s Sys=0.00s Real=0.00s
[47.614s][info][gc,start       ] GC(222) Pause Young (Allocation Failure)
[47.616s][info][gc,heap        ] GC(222) PSYoungGen: 317952K(317952K)->1056K(312832K) Eden: 316928K(316928K)->0K(311296K) From: 1024K(1024K)->1056K(1536K)
[47.616s][info][gc,heap        ] GC(222) ParOldGen: 8659K(1398272K)->8763K(1398272K)
[47.616s][info][gc,metaspace   ] GC(222) Metaspace: 14230K(14976K)->14230K(14976K) NonClass: 12279K(12736K)->12279K(12736K) Class: 1950K(2240K)->1950K(2240K)
[47.616s][info][gc             ] GC(222) Pause Young (Allocation Failure) 318M->9M(1671M) 2.176ms
[47.616s][info][gc,cpu         ] GC(222) User=0.00s Sys=0.00s Real=0.00s
[47.864s][info][gc,start       ] GC(223) Pause Young (Allocation Failure)
[47.866s][info][gc,heap        ] GC(223) PSYoungGen: 312352K(312832K)->1024K(306688K) Eden: 311296K(311296K)->0K(305664K) From: 1056K(1536K)->1024K(1024K)
[47.866s][info][gc,heap        ] GC(223) ParOldGen: 8763K(1398272K)->8867K(1398272K)
[47.866s][info][gc,metaspace   ] GC(223) Metaspace: 14230K(14976K)->14230K(14976K) NonClass: 12279K(12736K)->12279K(12736K) Class: 1950K(2240K)->1950K(2240K)
[47.866s][info][gc             ] GC(223) Pause Young (Allocation Failure) 313M->9M(1665M) 1.902ms
[47.866s][info][gc,cpu         ] GC(223) User=0.00s Sys=0.00s Real=0.00s
[48.091s][info][gc,start       ] GC(224) Pause Young (Allocation Failure)
[48.093s][info][gc,heap        ] GC(224) PSYoungGen: 306688K(306688K)->992K(301568K) Eden: 305664K(305664K)->0K(300544K) From: 1024K(1024K)->992K(1024K)
[48.093s][info][gc,heap        ] GC(224) ParOldGen: 8867K(1398272K)->8971K(1398272K)
[48.093s][info][gc,metaspace   ] GC(224) Metaspace: 14230K(14976K)->14230K(14976K) NonClass: 12279K(12736K)->12279K(12736K) Class: 1950K(2240K)->1950K(2240K)
[48.093s][info][gc             ] GC(224) Pause Young (Allocation Failure) 308M->9M(1660M) 2.023ms
[48.093s][info][gc,cpu         ] GC(224) User=0.00s Sys=0.00s Real=0.00s
[48.316s][info][gc,start       ] GC(225) Pause Young (Allocation Failure)
[48.318s][info][gc,heap        ] GC(225) PSYoungGen: 301536K(301568K)->992K(296448K) Eden: 300544K(300544K)->0K(295424K) From: 992K(1024K)->992K(1024K)
[48.318s][info][gc,heap        ] GC(225) ParOldGen: 8971K(1398272K)->9067K(1398272K)
[48.318s][info][gc,metaspace   ] GC(225) Metaspace: 14230K(14976K)->14230K(14976K) NonClass: 12279K(12736K)->12279K(12736K) Class: 1950K(2240K)->1950K(2240K)
[48.318s][info][gc             ] GC(225) Pause Young (Allocation Failure) 303M->9M(1655M) 2.022ms
[48.318s][info][gc,cpu         ] GC(225) User=0.00s Sys=0.00s Real=0.00s
[48.537s][info][gc,start       ] GC(226) Pause Young (Allocation Failure)
[48.539s][info][gc,heap        ] GC(226) PSYoungGen: 296416K(296448K)->1024K(291328K) Eden: 295424K(295424K)->0K(290304K) From: 992K(1024K)->1024K(1024K)
[48.539s][info][gc,heap        ] GC(226) ParOldGen: 9067K(1398272K)->9147K(1398272K)
[48.539s][info][gc,metaspace   ] GC(226) Metaspace: 14230K(14976K)->14230K(14976K) NonClass: 12279K(12736K)->12279K(12736K) Class: 1950K(2240K)->1950K(2240K)
[48.539s][info][gc             ] GC(226) Pause Young (Allocation Failure) 298M->9M(1650M) 2.066ms
[48.539s][info][gc,cpu         ] GC(226) User=0.00s Sys=0.00s Real=0.00s
[48.751s][info][gc,start       ] GC(227) Pause Young (Allocation Failure)
[48.753s][info][gc,heap        ] GC(227) PSYoungGen: 291328K(291328K)->960K(286208K) Eden: 290304K(290304K)->0K(285184K) From: 1024K(1024K)->960K(1024K)
[48.753s][info][gc,heap        ] GC(227) ParOldGen: 9147K(1398272K)->9251K(1398272K)
[48.753s][info][gc,metaspace   ] GC(227) Metaspace: 14230K(14976K)->14230K(14976K) NonClass: 12279K(12736K)->12279K(12736K) Class: 1950K(2240K)->1950K(2240K)
[48.753s][info][gc             ] GC(227) Pause Young (Allocation Failure) 293M->9M(1645M) 2.138ms
[48.753s][info][gc,cpu         ] GC(227) User=0.00s Sys=0.00s Real=0.00s
[48.963s][info][gc,start       ] GC(228) Pause Young (Allocation Failure)
[48.965s][info][gc,heap        ] GC(228) PSYoungGen: 286144K(286208K)->1024K(281600K) Eden: 285184K(285184K)->0K(280576K) From: 960K(1024K)->1024K(1024K)
[48.965s][info][gc,heap        ] GC(228) ParOldGen: 9251K(1398272K)->9323K(1398272K)
[48.965s][info][gc,metaspace   ] GC(228) Metaspace: 14230K(14976K)->14230K(14976K) NonClass: 12279K(12736K)->12279K(12736K) Class: 1950K(2240K)->1950K(2240K)
[48.965s][info][gc             ] GC(228) Pause Young (Allocation Failure) 288M->10M(1640M) 2.170ms
[48.965s][info][gc,cpu         ] GC(228) User=0.00s Sys=0.00s Real=0.00s
[49.172s][info][gc,start       ] GC(229) Pause Young (Allocation Failure)
[49.174s][info][gc,heap        ] GC(229) PSYoungGen: 281600K(281600K)->1024K(276992K) Eden: 280576K(280576K)->0K(275968K) From: 1024K(1024K)->1024K(1024K)
[49.174s][info][gc,heap        ] GC(229) ParOldGen: 9323K(1398272K)->9403K(1398272K)
[49.174s][info][gc,metaspace   ] GC(229) Metaspace: 14230K(14976K)->14230K(14976K) NonClass: 12279K(12736K)->12279K(12736K) Class: 1950K(2240K)->1950K(2240K)
[49.174s][info][gc             ] GC(229) Pause Young (Allocation Failure) 284M->10M(1636M) 2.249ms
[49.174s][info][gc,cpu         ] GC(229) User=0.00s Sys=0.00s Real=0.00s
[49.378s][info][gc,start       ] GC(230) Pause Young (Allocation Failure)
[49.380s][info][gc,heap        ] GC(230) PSYoungGen: 276992K(276992K)->1024K(272384K) Eden: 275968K(275968K)->0K(271360K) From: 1024K(1024K)->1024K(1024K)
[49.380s][info][gc,heap        ] GC(230) ParOldGen: 9403K(1398272K)->9467K(1398272K)
[49.380s][info][gc,metaspace   ] GC(230) Metaspace: 14230K(14976K)->14230K(14976K) NonClass: 12279K(12736K)->12279K(12736K) Class: 1950K(2240K)->1950K(2240K)
[49.380s][info][gc             ] GC(230) Pause Young (Allocation Failure) 279M->10M(1631M) 2.253ms
[49.381s][info][gc,cpu         ] GC(230) User=0.00s Sys=0.00s Real=0.00s
[49.579s][info][gc,start       ] GC(231) Pause Young (Allocation Failure)
[49.582s][info][gc,heap        ] GC(231) PSYoungGen: 272384K(272384K)->1024K(267776K) Eden: 271360K(271360K)->0K(266752K) From: 1024K(1024K)->1024K(1024K)
[49.582s][info][gc,heap        ] GC(231) ParOldGen: 9467K(1398272K)->9563K(1398272K)
[49.582s][info][gc,metaspace   ] GC(231) Metaspace: 14230K(14976K)->14230K(14976K) NonClass: 12279K(12736K)->12279K(12736K) Class: 1950K(2240K)->1950K(2240K)
[49.582s][info][gc             ] GC(231) Pause Young (Allocation Failure) 275M->10M(1627M) 2.342ms
[49.582s][info][gc,cpu         ] GC(231) User=0.00s Sys=0.00s Real=0.00s
[49.777s][info][gc,start       ] GC(232) Pause Young (Allocation Failure)
[49.779s][info][gc,heap        ] GC(232) PSYoungGen: 267776K(267776K)->992K(263680K) Eden: 266752K(266752K)->0K(262656K) From: 1024K(1024K)->992K(1024K)
[49.779s][info][gc,heap        ] GC(232) ParOldGen: 9563K(1398272K)->9659K(1398272K)
[49.779s][info][gc,metaspace   ] GC(232) Metaspace: 14230K(14976K)->14230K(14976K) NonClass: 12279K(12736K)->12279K(12736K) Class: 1950K(2240K)->1950K(2240K)
[49.779s][info][gc             ] GC(232) Pause Young (Allocation Failure) 270M->10M(1623M) 2.317ms
[49.779s][info][gc,cpu         ] GC(232) User=0.00s Sys=0.00s Real=0.00s
[50.002s][info][gc,start       ] GC(233) Pause Young (Allocation Failure)
[50.004s][info][gc,heap        ] GC(233) PSYoungGen: 263648K(263680K)->992K(259584K) Eden: 262656K(262656K)->0K(258560K) From: 992K(1024K)->992K(1024K)
[50.004s][info][gc,heap        ] GC(233) ParOldGen: 9659K(1398272K)->9739K(1398272K)
[50.005s][info][gc,metaspace   ] GC(233) Metaspace: 14230K(14976K)->14230K(14976K) NonClass: 12279K(12736K)->12279K(12736K) Class: 1950K(2240K)->1950K(2240K)
[50.005s][info][gc             ] GC(233) Pause Young (Allocation Failure) 266M->10M(1619M) 2.727ms
[50.005s][info][gc,cpu         ] GC(233) User=0.00s Sys=0.00s Real=0.00s
[50.212s][info][gc,start       ] GC(234) Pause Young (Allocation Failure)
[50.215s][info][gc,heap        ] GC(234) PSYoungGen: 259552K(259584K)->1024K(255488K) Eden: 258560K(258560K)->0K(254464K) From: 992K(1024K)->1024K(1024K)
[50.215s][info][gc,heap        ] GC(234) ParOldGen: 9739K(1398272K)->9851K(1398272K)
[50.215s][info][gc,metaspace   ] GC(234) Metaspace: 14230K(14976K)->14230K(14976K) NonClass: 12279K(12736K)->12279K(12736K) Class: 1950K(2240K)->1950K(2240K)
[50.215s][info][gc             ] GC(234) Pause Young (Allocation Failure) 262M->10M(1615M) 2.178ms
[50.215s][info][gc,cpu         ] GC(234) User=0.00s Sys=0.00s Real=0.00s
[50.409s][info][gc,start       ] GC(235) Pause Young (Allocation Failure)
[50.411s][info][gc,heap        ] GC(235) PSYoungGen: 255487K(255488K)->992K(251392K) Eden: 254463K(254464K)->0K(250368K) From: 1024K(1024K)->992K(1024K)
[50.411s][info][gc,heap        ] GC(235) ParOldGen: 9851K(1398272K)->9947K(1398272K)
[50.411s][info][gc,metaspace   ] GC(235) Metaspace: 14230K(14976K)->14230K(14976K) NonClass: 12279K(12736K)->12279K(12736K) Class: 1950K(2240K)->1950K(2240K)
[50.411s][info][gc             ] GC(235) Pause Young (Allocation Failure) 259M->10M(1611M) 2.097ms
[50.411s][info][gc,cpu         ] GC(235) User=0.00s Sys=0.00s Real=0.00s
[50.620s][info][gc,start       ] GC(236) Pause Young (Allocation Failure)
[50.622s][info][gc,heap        ] GC(236) PSYoungGen: 251360K(251392K)->1024K(247808K) Eden: 250368K(250368K)->0K(246784K) From: 992K(1024K)->1024K(1024K)
[50.622s][info][gc,heap        ] GC(236) ParOldGen: 9947K(1398272K)->10035K(1398272K)
[50.622s][info][gc,metaspace   ] GC(236) Metaspace: 14230K(14976K)->14230K(14976K) NonClass: 12279K(12736K)->12279K(12736K) Class: 1950K(2240K)->1950K(2240K)
[50.622s][info][gc             ] GC(236) Pause Young (Allocation Failure) 255M->10M(1607M) 1.938ms
[50.622s][info][gc,cpu         ] GC(236) User=0.00s Sys=0.00s Real=0.00s
[50.808s][info][gc,start       ] GC(237) Pause Young (Allocation Failure)
[50.810s][info][gc,heap        ] GC(237) PSYoungGen: 247808K(247808K)->1024K(244224K) Eden: 246784K(246784K)->0K(243200K) From: 1024K(1024K)->1024K(1024K)
[50.810s][info][gc,heap        ] GC(237) ParOldGen: 10035K(1398272K)->10107K(1398272K)
[50.810s][info][gc,metaspace   ] GC(237) Metaspace: 14230K(14976K)->14230K(14976K) NonClass: 12279K(12736K)->12279K(12736K) Class: 1950K(2240K)->1950K(2240K)
[50.810s][info][gc             ] GC(237) Pause Young (Allocation Failure) 251M->10M(1604M) 1.939ms
[50.810s][info][gc,cpu         ] GC(237) User=0.00s Sys=0.00s Real=0.00s
[50.990s][info][gc,start       ] GC(238) Pause Young (Allocation Failure)
[50.992s][info][gc,heap        ] GC(238) PSYoungGen: 244224K(244224K)->1024K(240640K) Eden: 243200K(243200K)->0K(239616K) From: 1024K(1024K)->1024K(1024K)
[50.992s][info][gc,heap        ] GC(238) ParOldGen: 10107K(1398272K)->10187K(1398272K)
[50.992s][info][gc,metaspace   ] GC(238) Metaspace: 14230K(14976K)->14230K(14976K) NonClass: 12279K(12736K)->12279K(12736K) Class: 1950K(2240K)->1950K(2240K)
[50.992s][info][gc             ] GC(238) Pause Young (Allocation Failure) 248M->10M(1600M) 1.951ms
[50.992s][info][gc,cpu         ] GC(238) User=0.00s Sys=0.00s Real=0.00s
[51.167s][info][gc,start       ] GC(239) Pause Young (Allocation Failure)
[51.169s][info][gc,heap        ] GC(239) PSYoungGen: 240640K(240640K)->1024K(237056K) Eden: 239616K(239616K)->0K(236032K) From: 1024K(1024K)->1024K(1024K)
[51.169s][info][gc,heap        ] GC(239) ParOldGen: 10187K(1398272K)->10283K(1398272K)
[51.169s][info][gc,metaspace   ] GC(239) Metaspace: 14230K(14976K)->14230K(14976K) NonClass: 12279K(12736K)->12279K(12736K) Class: 1950K(2240K)->1950K(2240K)
[51.169s][info][gc             ] GC(239) Pause Young (Allocation Failure) 244M->11M(1597M) 1.926ms
[51.169s][info][gc,cpu         ] GC(239) User=0.00s Sys=0.00s Real=0.00s
[51.344s][info][gc,start       ] GC(240) Pause Young (Allocation Failure)
[51.346s][info][gc,heap        ] GC(240) PSYoungGen: 237056K(237056K)->1024K(233472K) Eden: 236032K(236032K)->0K(232448K) From: 1024K(1024K)->1024K(1024K)
[51.346s][info][gc,heap        ] GC(240) ParOldGen: 10283K(1398272K)->10347K(1398272K)
[51.346s][info][gc,metaspace   ] GC(240) Metaspace: 14230K(14976K)->14230K(14976K) NonClass: 12279K(12736K)->12279K(12736K) Class: 1950K(2240K)->1950K(2240K)
[51.346s][info][gc             ] GC(240) Pause Young (Allocation Failure) 241M->11M(1593M) 1.974ms
[51.346s][info][gc,cpu         ] GC(240) User=0.00s Sys=0.00s Real=0.00s
[51.517s][info][gc,start       ] GC(241) Pause Young (Allocation Failure)
[51.519s][info][gc,heap        ] GC(241) PSYoungGen: 233472K(233472K)->992K(230400K) Eden: 232448K(232448K)->0K(229376K) From: 1024K(1024K)->992K(1024K)
[51.519s][info][gc,heap        ] GC(241) ParOldGen: 10347K(1398272K)->10419K(1398272K)
[51.519s][info][gc,metaspace   ] GC(241) Metaspace: 14230K(14976K)->14230K(14976K) NonClass: 12279K(12736K)->12279K(12736K) Class: 1950K(2240K)->1950K(2240K)
[51.519s][info][gc             ] GC(241) Pause Young (Allocation Failure) 238M->11M(1590M) 1.989ms
[51.519s][info][gc,cpu         ] GC(241) User=0.00s Sys=0.00s Real=0.00s
[51.686s][info][gc,start       ] GC(242) Pause Young (Allocation Failure)
[51.688s][info][gc,heap        ] GC(242) PSYoungGen: 230368K(230400K)->992K(227328K) Eden: 229376K(229376K)->0K(226304K) From: 992K(1024K)->992K(1024K)
[51.688s][info][gc,heap        ] GC(242) ParOldGen: 10419K(1398272K)->10491K(1398272K)
[51.688s][info][gc,metaspace   ] GC(242) Metaspace: 14230K(14976K)->14230K(14976K) NonClass: 12279K(12736K)->12279K(12736K) Class: 1950K(2240K)->1950K(2240K)
[51.688s][info][gc             ] GC(242) Pause Young (Allocation Failure) 235M->11M(1587M) 2.069ms
[51.688s][info][gc,cpu         ] GC(242) User=0.00s Sys=0.00s Real=0.00s
[51.856s][info][gc,start       ] GC(243) Pause Young (Allocation Failure)
[51.858s][info][gc,heap        ] GC(243) PSYoungGen: 227296K(227328K)->1024K(272896K) Eden: 226304K(226304K)->0K(271872K) From: 992K(1024K)->1024K(1024K)
[51.858s][info][gc,heap        ] GC(243) ParOldGen: 10491K(1398272K)->10595K(1398272K)
[51.858s][info][gc,metaspace   ] GC(243) Metaspace: 14230K(14976K)->14230K(14976K) NonClass: 12279K(12736K)->12279K(12736K) Class: 1950K(2240K)->1950K(2240K)
[51.858s][info][gc             ] GC(243) Pause Young (Allocation Failure) 232M->11M(1632M) 2.058ms
[51.858s][info][gc,cpu         ] GC(243) User=0.00s Sys=0.00s Real=0.00s
[52.058s][info][gc,start       ] GC(244) Pause Young (Allocation Failure)
[52.060s][info][gc,heap        ] GC(244) PSYoungGen: 272896K(272896K)->1024K(327680K) Eden: 271872K(271872K)->0K(326656K) From: 1024K(1024K)->1024K(1024K)
[52.060s][info][gc,heap        ] GC(244) ParOldGen: 10595K(1398272K)->10659K(1398272K)
[52.060s][info][gc,metaspace   ] GC(244) Metaspace: 14230K(14976K)->14230K(14976K) NonClass: 12279K(12736K)->12279K(12736K) Class: 1950K(2240K)->1950K(2240K)
[52.060s][info][gc             ] GC(244) Pause Young (Allocation Failure) 276M->11M(1685M) 2.166ms
[52.060s][info][gc,cpu         ] GC(244) User=0.00s Sys=0.00s Real=0.00s
[52.299s][info][gc,start       ] GC(245) Pause Young (Allocation Failure)
[52.301s][info][gc,heap        ] GC(245) PSYoungGen: 327680K(327680K)->1024K(321536K) Eden: 326656K(326656K)->0K(320512K) From: 1024K(1024K)->1024K(1024K)
[52.301s][info][gc,heap        ] GC(245) ParOldGen: 10659K(1398272K)->10755K(1398272K)
[52.301s][info][gc,metaspace   ] GC(245) Metaspace: 14230K(14976K)->14230K(14976K) NonClass: 12279K(12736K)->12279K(12736K) Class: 1950K(2240K)->1950K(2240K)
[52.301s][info][gc             ] GC(245) Pause Young (Allocation Failure) 330M->11M(1679M) 2.277ms
[52.301s][info][gc,cpu         ] GC(245) User=0.00s Sys=0.00s Real=0.00s
[52.534s][info][gc,start       ] GC(246) Pause Young (Allocation Failure)
[52.537s][info][gc,heap        ] GC(246) PSYoungGen: 321536K(321536K)->992K(315904K) Eden: 320512K(320512K)->0K(314880K) From: 1024K(1024K)->992K(1024K)
[52.537s][info][gc,heap        ] GC(246) ParOldGen: 10755K(1398272K)->10875K(1398272K)
[52.537s][info][gc,metaspace   ] GC(246) Metaspace: 14230K(14976K)->14230K(14976K) NonClass: 12279K(12736K)->12279K(12736K) Class: 1950K(2240K)->1950K(2240K)
[52.537s][info][gc             ] GC(246) Pause Young (Allocation Failure) 324M->11M(1674M) 2.348ms
[52.537s][info][gc,cpu         ] GC(246) User=0.00s Sys=0.00s Real=0.00s
[52.769s][info][gc,start       ] GC(247) Pause Young (Allocation Failure)
[52.772s][info][gc,heap        ] GC(247) PSYoungGen: 315872K(315904K)->1024K(310272K) Eden: 314880K(314880K)->0K(309248K) From: 992K(1024K)->1024K(1024K)
[52.772s][info][gc,heap        ] GC(247) ParOldGen: 10875K(1398272K)->10963K(1398272K)
[52.772s][info][gc,metaspace   ] GC(247) Metaspace: 14230K(14976K)->14230K(14976K) NonClass: 12279K(12736K)->12279K(12736K) Class: 1950K(2240K)->1950K(2240K)
[52.772s][info][gc             ] GC(247) Pause Young (Allocation Failure) 319M->11M(1668M) 2.373ms
[52.772s][info][gc,cpu         ] GC(247) User=0.00s Sys=0.00s Real=0.00s
[53.000s][info][gc,start       ] GC(248) Pause Young (Allocation Failure)
[53.003s][info][gc,heap        ] GC(248) PSYoungGen: 310272K(310272K)->1024K(304640K) Eden: 309248K(309248K)->0K(303616K) From: 1024K(1024K)->1024K(1024K)
[53.003s][info][gc,heap        ] GC(248) ParOldGen: 10963K(1398272K)->11067K(1398272K)
[53.003s][info][gc,metaspace   ] GC(248) Metaspace: 14230K(14976K)->14230K(14976K) NonClass: 12279K(12736K)->12279K(12736K) Class: 1950K(2240K)->1950K(2240K)
[53.003s][info][gc             ] GC(248) Pause Young (Allocation Failure) 313M->11M(1663M) 2.426ms
[53.003s][info][gc,cpu         ] GC(248) User=0.00s Sys=0.00s Real=0.00s
[53.229s][info][gc,start       ] GC(249) Pause Young (Allocation Failure)
[53.232s][info][gc,heap        ] GC(249) PSYoungGen: 304640K(304640K)->1024K(299520K) Eden: 303616K(303616K)->0K(298496K) From: 1024K(1024K)->1024K(1024K)
[53.232s][info][gc,heap        ] GC(249) ParOldGen: 11067K(1398272K)->11187K(1398272K)
[53.232s][info][gc,metaspace   ] GC(249) Metaspace: 14230K(14976K)->14230K(14976K) NonClass: 12279K(12736K)->12279K(12736K) Class: 1950K(2240K)->1950K(2240K)
[53.232s][info][gc             ] GC(249) Pause Young (Allocation Failure) 308M->11M(1658M) 2.439ms
[53.232s][info][gc,cpu         ] GC(249) User=0.00s Sys=0.00s Real=0.00s
[53.454s][info][gc,start       ] GC(250) Pause Young (Allocation Failure)
[53.456s][info][gc,heap        ] GC(250) PSYoungGen: 299520K(299520K)->1024K(294400K) Eden: 298496K(298496K)->0K(293376K) From: 1024K(1024K)->1024K(1024K)
[53.456s][info][gc,heap        ] GC(250) ParOldGen: 11187K(1398272K)->11311K(1398272K)
[53.456s][info][gc,metaspace   ] GC(250) Metaspace: 14230K(14976K)->14230K(14976K) NonClass: 12279K(12736K)->12279K(12736K) Class: 1950K(2240K)->1950K(2240K)
[53.456s][info][gc             ] GC(250) Pause Young (Allocation Failure) 303M->12M(1653M) 2.467ms
[53.456s][info][gc,cpu         ] GC(250) User=0.00s Sys=0.00s Real=0.00s
[53.674s][info][gc,start       ] GC(251) Pause Young (Allocation Failure)
[53.676s][info][gc,heap        ] GC(251) PSYoungGen: 294400K(294400K)->1024K(289280K) Eden: 293376K(293376K)->0K(288256K) From: 1024K(1024K)->1024K(1024K)
[53.676s][info][gc,heap        ] GC(251) ParOldGen: 11311K(1398272K)->11399K(1398272K)
[53.676s][info][gc,metaspace   ] GC(251) Metaspace: 14230K(14976K)->14230K(14976K) NonClass: 12279K(12736K)->12279K(12736K) Class: 1950K(2240K)->1950K(2240K)
[53.676s][info][gc             ] GC(251) Pause Young (Allocation Failure) 298M->12M(1648M) 2.519ms
[53.676s][info][gc,cpu         ] GC(251) User=0.00s Sys=0.00s Real=0.00s
[53.937s][info][gc,start       ] GC(252) Pause Young (Allocation Failure)
[53.940s][info][gc,heap        ] GC(252) PSYoungGen: 289280K(289280K)->992K(347136K) Eden: 288256K(288256K)->0K(346112K) From: 1024K(1024K)->992K(1024K)
[53.940s][info][gc,heap        ] GC(252) ParOldGen: 11399K(1398272K)->11479K(1398272K)
[53.940s][info][gc,metaspace   ] GC(252) Metaspace: 14230K(14976K)->14230K(14976K) NonClass: 12279K(12736K)->12279K(12736K) Class: 1950K(2240K)->1950K(2240K)
[53.940s][info][gc             ] GC(252) Pause Young (Allocation Failure) 293M->12M(1704M) 3.438ms
[53.940s][info][gc,cpu         ] GC(252) User=0.00s Sys=0.00s Real=0.00s
[54.213s][info][gc,start       ] GC(253) Pause Young (Allocation Failure)
[54.216s][info][gc,heap        ] GC(253) PSYoungGen: 347104K(347136K)->1024K(340480K) Eden: 346112K(346112K)->0K(339456K) From: 992K(1024K)->1024K(1024K)
[54.216s][info][gc,heap        ] GC(253) ParOldGen: 11479K(1398272K)->11567K(1398272K)
[54.216s][info][gc,metaspace   ] GC(253) Metaspace: 14230K(14976K)->14230K(14976K) NonClass: 12279K(12736K)->12279K(12736K) Class: 1950K(2240K)->1950K(2240K)
[54.216s][info][gc             ] GC(253) Pause Young (Allocation Failure) 350M->12M(1698M) 2.552ms
[54.216s][info][gc,cpu         ] GC(253) User=0.00s Sys=0.00s Real=0.00s
[54.499s][info][gc,start       ] GC(254) Pause Young (Allocation Failure)
[54.501s][info][gc,heap        ] GC(254) PSYoungGen: 340480K(340480K)->992K(333824K) Eden: 339456K(339456K)->0K(332800K) From: 1024K(1024K)->992K(1024K)
[54.501s][info][gc,heap        ] GC(254) ParOldGen: 11567K(1398272K)->11679K(1398272K)
[54.501s][info][gc,metaspace   ] GC(254) Metaspace: 14230K(14976K)->14230K(14976K) NonClass: 12279K(12736K)->12279K(12736K) Class: 1950K(2240K)->1950K(2240K)
[54.501s][info][gc             ] GC(254) Pause Young (Allocation Failure) 343M->12M(1691M) 2.242ms
[54.502s][info][gc,cpu         ] GC(254) User=0.00s Sys=0.00s Real=0.00s
[54.742s][info][gc,start       ] GC(255) Pause Young (Allocation Failure)
[54.744s][info][gc,heap        ] GC(255) PSYoungGen: 333792K(333824K)->1024K(327680K) Eden: 332800K(332800K)->0K(326656K) From: 992K(1024K)->1024K(1024K)
[54.744s][info][gc,heap        ] GC(255) ParOldGen: 11679K(1398272K)->11807K(1398272K)
[54.745s][info][gc,metaspace   ] GC(255) Metaspace: 14230K(14976K)->14230K(14976K) NonClass: 12279K(12736K)->12279K(12736K) Class: 1950K(2240K)->1950K(2240K)
[54.745s][info][gc             ] GC(255) Pause Young (Allocation Failure) 337M->12M(1685M) 2.287ms
[54.745s][info][gc,cpu         ] GC(255) User=0.00s Sys=0.00s Real=0.00s
[54.979s][info][gc,start       ] GC(256) Pause Young (Allocation Failure)
[54.981s][info][gc,heap        ] GC(256) PSYoungGen: 327680K(327680K)->1024K(321536K) Eden: 326656K(326656K)->0K(320512K) From: 1024K(1024K)->1024K(1024K)
[54.981s][info][gc,heap        ] GC(256) ParOldGen: 11807K(1398272K)->11911K(1398272K)
[54.981s][info][gc,metaspace   ] GC(256) Metaspace: 14230K(14976K)->14230K(14976K) NonClass: 12279K(12736K)->12279K(12736K) Class: 1950K(2240K)->1950K(2240K)
[54.981s][info][gc             ] GC(256) Pause Young (Allocation Failure) 331M->12M(1679M) 2.257ms
[54.981s][info][gc,cpu         ] GC(256) User=0.00s Sys=0.00s Real=0.00s
[55.202s][info][gc,start       ] GC(257) Pause Young (Allocation Failure)
[55.204s][info][gc,heap        ] GC(257) PSYoungGen: 321536K(321536K)->1024K(315904K) Eden: 320512K(320512K)->0K(314880K) From: 1024K(1024K)->1024K(1024K)
[55.204s][info][gc,heap        ] GC(257) ParOldGen: 11911K(1398272K)->12015K(1398272K)
[55.204s][info][gc,metaspace   ] GC(257) Metaspace: 14230K(14976K)->14230K(14976K) NonClass: 12279K(12736K)->12279K(12736K) Class: 1950K(2240K)->1950K(2240K)
[55.204s][info][gc             ] GC(257) Pause Young (Allocation Failure) 325M->12M(1674M) 2.253ms
[55.204s][info][gc,cpu         ] GC(257) User=0.00s Sys=0.00s Real=0.00s
[55.411s][info][gc,start       ] GC(258) Pause Young (Allocation Failure)
[55.414s][info][gc,heap        ] GC(258) PSYoungGen: 315904K(315904K)->864K(310272K) Eden: 314880K(314880K)->0K(309248K) From: 1024K(1024K)->864K(1024K)
[55.414s][info][gc,heap        ] GC(258) ParOldGen: 12015K(1398272K)->12087K(1398272K)
[55.414s][info][gc,metaspace   ] GC(258) Metaspace: 14230K(14976K)->14230K(14976K) NonClass: 12279K(12736K)->12279K(12736K) Class: 1950K(2240K)->1950K(2240K)
[55.414s][info][gc             ] GC(258) Pause Young (Allocation Failure) 320M->12M(1668M) 2.385ms
[55.414s][info][gc,cpu         ] GC(258) User=0.00s Sys=0.00s Real=0.00s
[55.562s][info][gc,start       ] GC(259) Pause Young (Allocation Failure)
[55.564s][info][gc,heap        ] GC(259) PSYoungGen: 310112K(310272K)->800K(372224K) Eden: 309248K(309248K)->0K(371200K) From: 864K(1024K)->800K(1024K)
[55.564s][info][gc,heap        ] GC(259) ParOldGen: 12087K(1398272K)->12191K(1398272K)
[55.564s][info][gc,metaspace   ] GC(259) Metaspace: 14230K(14976K)->14230K(14976K) NonClass: 12279K(12736K)->12279K(12736K) Class: 1950K(2240K)->1950K(2240K)
[55.564s][info][gc             ] GC(259) Pause Young (Allocation Failure) 314M->12M(1729M) 2.369ms
[55.564s][info][gc,cpu         ] GC(259) User=0.00s Sys=0.00s Real=0.00s
[55.796s][info][gc,start       ] GC(260) Pause Young (Allocation Failure)
[55.798s][info][gc,heap        ] GC(260) PSYoungGen: 372000K(372224K)->672K(432640K) Eden: 371200K(371200K)->0K(431104K) From: 800K(1024K)->672K(1536K)
[55.798s][info][gc,heap        ] GC(260) ParOldGen: 12191K(1398272K)->12255K(1398272K)
[55.798s][info][gc,metaspace   ] GC(260) Metaspace: 14230K(14976K)->14230K(14976K) NonClass: 12279K(12736K)->12279K(12736K) Class: 1950K(2240K)->1950K(2240K)
[55.798s][info][gc             ] GC(260) Pause Young (Allocation Failure) 375M->12M(1788M) 2.589ms
[55.798s][info][gc,cpu         ] GC(260) User=0.00s Sys=0.00s Real=0.00s
[55.903s][info][gc,start       ] GC(261) Pause Young (System.gc())
[55.905s][info][gc,heap        ] GC(261) PSYoungGen: 63380K(432640K)->352K(446976K) Eden: 62708K(431104K)->0K(445440K) From: 672K(1536K)->352K(1536K)
[55.905s][info][gc,heap        ] GC(261) ParOldGen: 12255K(1398272K)->12351K(1398272K)
[55.905s][info][gc,metaspace   ] GC(261) Metaspace: 14230K(14976K)->14230K(14976K) NonClass: 12279K(12736K)->12279K(12736K) Class: 1950K(2240K)->1950K(2240K)
[55.905s][info][gc             ] GC(261) Pause Young (System.gc()) 73M->12M(1802M) 1.957ms
[55.905s][info][gc,cpu         ] GC(261) User=0.00s Sys=0.00s Real=0.00s
[55.905s][info][gc,start       ] GC(262) Pause Full (System.gc())
[55.905s][info][gc,phases,start] GC(262) Marking Phase
[55.917s][info][gc,phases      ] GC(262) Marking Phase 11.159ms
[55.917s][info][gc,phases,start] GC(262) Summary Phase
[55.917s][info][gc,phases      ] GC(262) Summary Phase 0.012ms
[55.917s][info][gc,phases,start] GC(262) Adjust Roots
[55.922s][info][gc,phases      ] GC(262) Adjust Roots 5.798ms
[55.922s][info][gc,phases,start] GC(262) Compaction Phase
[55.925s][info][gc,phases      ] GC(262) Compaction Phase 2.576ms
[55.925s][info][gc,phases,start] GC(262) Post Compact
[55.926s][info][gc,phases      ] GC(262) Post Compact 0.484ms
[55.926s][info][gc,heap        ] GC(262) PSYoungGen: 352K(446976K)->0K(446976K) Eden: 0K(445440K)->0K(445440K) From: 352K(1536K)->0K(1536K)
[55.926s][info][gc,heap        ] GC(262) ParOldGen: 12351K(1398272K)->5366K(1398272K)
[55.926s][info][gc,metaspace   ] GC(262) Metaspace: 14230K(14976K)->14230K(14976K) NonClass: 12279K(12736K)->12279K(12736K) Class: 1950K(2240K)->1950K(2240K)
[55.926s][info][gc             ] GC(262) Pause Full (System.gc()) 12M->5M(1802M) 20.200ms
[55.926s][info][gc,cpu         ] GC(262) User=0.52s Sys=0.00s Real=0.01s
[56.306s][info][gc,start       ] GC(263) Pause Young (Allocation Failure)
[56.310s][info][gc,heap        ] GC(263) PSYoungGen: 445440K(446976K)->1536K(437248K) Eden: 445440K(445440K)->0K(435712K) From: 0K(1536K)->1536K(1536K)
[56.310s][info][gc,heap        ] GC(263) ParOldGen: 5366K(1398272K)->5746K(1398272K)
[56.310s][info][gc,metaspace   ] GC(263) Metaspace: 14248K(14976K)->14248K(14976K) NonClass: 12297K(12736K)->12297K(12736K) Class: 1950K(2240K)->1950K(2240K)
[56.310s][info][gc             ] GC(263) Pause Young (Allocation Failure) 440M->7M(1792M) 3.293ms
[56.310s][info][gc,cpu         ] GC(263) User=0.00s Sys=0.00s Real=0.00s
[56.658s][info][gc,start       ] GC(264) Pause Young (Allocation Failure)
[56.660s][info][gc,heap        ] GC(264) PSYoungGen: 437248K(437248K)->512K(426496K) Eden: 435712K(435712K)->0K(425984K) From: 1536K(1536K)->512K(512K)
[56.660s][info][gc,heap        ] GC(264) ParOldGen: 5746K(1398272K)->7144K(1398272K)
[56.660s][info][gc,metaspace   ] GC(264) Metaspace: 14248K(14976K)->14248K(14976K) NonClass: 12297K(12736K)->12297K(12736K) Class: 1950K(2240K)->1950K(2240K)
[56.660s][info][gc             ] GC(264) Pause Young (Allocation Failure) 432M->7M(1782M) 2.716ms
[56.661s][info][gc,cpu         ] GC(264) User=0.00s Sys=0.00s Real=0.00s
[56.971s][info][gc,start       ] GC(265) Pause Young (Allocation Failure)
[56.974s][info][gc,heap        ] GC(265) PSYoungGen: 426496K(426496K)->1056K(418816K) Eden: 425984K(425984K)->0K(416768K) From: 512K(512K)->1056K(2048K)
[56.974s][info][gc,heap        ] GC(265) ParOldGen: 7144K(1398272K)->7184K(1398272K)
[56.974s][info][gc,metaspace   ] GC(265) Metaspace: 14248K(14976K)->14248K(14976K) NonClass: 12297K(12736K)->12297K(12736K) Class: 1950K(2240K)->1950K(2240K)
[56.974s][info][gc             ] GC(265) Pause Young (Allocation Failure) 423M->8M(1774M) 2.527ms
[56.974s][info][gc,cpu         ] GC(265) User=0.00s Sys=0.00s Real=0.00s
[57.294s][info][gc,start       ] GC(266) Pause Young (Allocation Failure)
[57.297s][info][gc,heap        ] GC(266) PSYoungGen: 417824K(418816K)->992K(408576K) Eden: 416768K(416768K)->0K(407552K) From: 1056K(2048K)->992K(1024K)
[57.297s][info][gc,heap        ] GC(266) ParOldGen: 7184K(1398272K)->7336K(1398272K)
[57.297s][info][gc,metaspace   ] GC(266) Metaspace: 14248K(14976K)->14248K(14976K) NonClass: 12297K(12736K)->12297K(12736K) Class: 1950K(2240K)->1950K(2240K)
[57.297s][info][gc             ] GC(266) Pause Young (Allocation Failure) 415M->8M(1764M) 2.465ms
[57.297s][info][gc,cpu         ] GC(266) User=0.00s Sys=0.00s Real=0.00s
[57.616s][info][gc,start       ] GC(267) Pause Young (Allocation Failure)
[57.619s][info][gc,heap        ] GC(267) PSYoungGen: 408544K(408576K)->1056K(400384K) Eden: 407552K(407552K)->0K(398848K) From: 992K(1024K)->1056K(1536K)
[57.619s][info][gc,heap        ] GC(267) ParOldGen: 7336K(1398272K)->7472K(1398272K)
[57.619s][info][gc,metaspace   ] GC(267) Metaspace: 14248K(14976K)->14248K(14976K) NonClass: 12297K(12736K)->12297K(12736K) Class: 1950K(2240K)->1950K(2240K)
[57.619s][info][gc             ] GC(267) Pause Young (Allocation Failure) 406M->8M(1756M) 2.232ms
[57.619s][info][gc,cpu         ] GC(267) User=0.28s Sys=0.02s Real=0.00s
[57.910s][info][gc,start       ] GC(268) Pause Young (Allocation Failure)
[57.912s][info][gc,heap        ] GC(268) PSYoungGen: 399904K(400384K)->1024K(391680K) Eden: 398848K(398848K)->0K(390656K) From: 1056K(1536K)->1024K(1024K)
[57.912s][info][gc,heap        ] GC(268) ParOldGen: 7472K(1398272K)->7592K(1398272K)
[57.912s][info][gc,metaspace   ] GC(268) Metaspace: 14248K(14976K)->14248K(14976K) NonClass: 12297K(12736K)->12297K(12736K) Class: 1950K(2240K)->1950K(2240K)
[57.912s][info][gc             ] GC(268) Pause Young (Allocation Failure) 397M->8M(1748M) 2.255ms
[57.912s][info][gc,cpu         ] GC(268) User=0.00s Sys=0.00s Real=0.00s
[58.196s][info][gc,start       ] GC(269) Pause Young (Allocation Failure)
[58.198s][info][gc,heap        ] GC(269) PSYoungGen: 391680K(391680K)->1024K(383488K) Eden: 390656K(390656K)->0K(382464K) From: 1024K(1024K)->1024K(1024K)
[58.198s][info][gc,heap        ] GC(269) ParOldGen: 7592K(1398272K)->7696K(1398272K)
[58.198s][info][gc,metaspace   ] GC(269) Metaspace: 14248K(14976K)->14248K(14976K) NonClass: 12297K(12736K)->12297K(12736K) Class: 1950K(2240K)->1950K(2240K)
[58.198s][info][gc             ] GC(269) Pause Young (Allocation Failure) 389M->8M(1740M) 2.222ms
[58.198s][info][gc,cpu         ] GC(269) User=0.00s Sys=0.00s Real=0.00s
[58.476s][info][gc,start       ] GC(270) Pause Young (Allocation Failure)
[58.478s][info][gc,heap        ] GC(270) PSYoungGen: 383488K(383488K)->1024K(375808K) Eden: 382464K(382464K)->0K(374784K) From: 1024K(1024K)->1024K(1024K)
[58.478s][info][gc,heap        ] GC(270) ParOldGen: 7696K(1398272K)->7816K(1398272K)
[58.478s][info][gc,metaspace   ] GC(270) Metaspace: 14248K(14976K)->14248K(14976K) NonClass: 12297K(12736K)->12297K(12736K) Class: 1950K(2240K)->1950K(2240K)
[58.478s][info][gc             ] GC(270) Pause Young (Allocation Failure) 382M->8M(1732M) 2.308ms
[58.478s][info][gc,cpu         ] GC(270) User=0.00s Sys=0.00s Real=0.00s
[58.749s][info][gc,start       ] GC(271) Pause Young (Allocation Failure)
[58.751s][info][gc,heap        ] GC(271) PSYoungGen: 375808K(375808K)->1024K(368128K) Eden: 374784K(374784K)->0K(367104K) From: 1024K(1024K)->1024K(1024K)
[58.751s][info][gc,heap        ] GC(271) ParOldGen: 7816K(1398272K)->7936K(1398272K)
[58.751s][info][gc,metaspace   ] GC(271) Metaspace: 14248K(14976K)->14248K(14976K) NonClass: 12297K(12736K)->12297K(12736K) Class: 1950K(2240K)->1950K(2240K)
[58.751s][info][gc             ] GC(271) Pause Young (Allocation Failure) 374M->8M(1725M) 2.368ms
[58.751s][info][gc,cpu         ] GC(271) User=0.00s Sys=0.00s Real=0.00s
[59.014s][info][gc,start       ] GC(272) Pause Young (Allocation Failure)
[59.017s][info][gc,heap        ] GC(272) PSYoungGen: 368128K(368128K)->1024K(360960K) Eden: 367104K(367104K)->0K(359936K) From: 1024K(1024K)->1024K(1024K)
[59.017s][info][gc,heap        ] GC(272) ParOldGen: 7936K(1398272K)->8024K(1398272K)
[59.017s][info][gc,metaspace   ] GC(272) Metaspace: 14248K(14976K)->14248K(14976K) NonClass: 12297K(12736K)->12297K(12736K) Class: 1950K(2240K)->1950K(2240K)
[59.017s][info][gc             ] GC(272) Pause Young (Allocation Failure) 367M->8M(1718M) 2.394ms
[59.017s][info][gc,cpu         ] GC(272) User=0.00s Sys=0.00s Real=0.00s
[59.278s][info][gc,start       ] GC(273) Pause Young (Allocation Failure)
[59.280s][info][gc,heap        ] GC(273) PSYoungGen: 360960K(360960K)->1056K(354304K) Eden: 359936K(359936K)->0K(352768K) From: 1024K(1024K)->1056K(1536K)
[59.280s][info][gc,heap        ] GC(273) ParOldGen: 8024K(1398272K)->8112K(1398272K)
[59.280s][info][gc,metaspace   ] GC(273) Metaspace: 14248K(14976K)->14248K(14976K) NonClass: 12297K(12736K)->12297K(12736K) Class: 1950K(2240K)->1950K(2240K)
[59.280s][info][gc             ] GC(273) Pause Young (Allocation Failure) 360M->8M(1711M) 2.468ms
[59.280s][info][gc,cpu         ] GC(273) User=0.00s Sys=0.00s Real=0.00s
[59.543s][info][gc,start       ] GC(274) Pause Young (Allocation Failure)
[59.546s][info][gc,heap        ] GC(274) PSYoungGen: 353824K(354304K)->1024K(347136K) Eden: 352768K(352768K)->0K(346112K) From: 1056K(1536K)->1024K(1024K)
[59.546s][info][gc,heap        ] GC(274) ParOldGen: 8112K(1398272K)->8232K(1398272K)
[59.546s][info][gc,metaspace   ] GC(274) Metaspace: 14248K(14976K)->14248K(14976K) NonClass: 12297K(12736K)->12297K(12736K) Class: 1950K(2240K)->1950K(2240K)
[59.546s][info][gc             ] GC(274) Pause Young (Allocation Failure) 353M->9M(1704M) 2.449ms
[59.546s][info][gc,cpu         ] GC(274) User=0.00s Sys=0.00s Real=0.00s
[59.797s][info][gc,start       ] GC(275) Pause Young (Allocation Failure)
[59.799s][info][gc,heap        ] GC(275) PSYoungGen: 347136K(347136K)->1024K(340480K) Eden: 346112K(346112K)->0K(339456K) From: 1024K(1024K)->1024K(1024K)
[59.799s][info][gc,heap        ] GC(275) ParOldGen: 8232K(1398272K)->8344K(1398272K)
[59.799s][info][gc,metaspace   ] GC(275) Metaspace: 14248K(14976K)->14248K(14976K) NonClass: 12297K(12736K)->12297K(12736K) Class: 1950K(2240K)->1950K(2240K)
[59.799s][info][gc             ] GC(275) Pause Young (Allocation Failure) 347M->9M(1698M) 2.481ms
[59.799s][info][gc,cpu         ] GC(275) User=0.00s Sys=0.00s Real=0.00s
[60.058s][info][gc,start       ] GC(276) Pause Young (Allocation Failure)
[60.060s][info][gc,heap        ] GC(276) PSYoungGen: 340480K(340480K)->1024K(333824K) Eden: 339456K(339456K)->0K(332800K) From: 1024K(1024K)->1024K(1024K)
[60.060s][info][gc,heap        ] GC(276) ParOldGen: 8344K(1398272K)->8448K(1398272K)
[60.060s][info][gc,metaspace   ] GC(276) Metaspace: 14248K(14976K)->14248K(14976K) NonClass: 12297K(12736K)->12297K(12736K) Class: 1950K(2240K)->1950K(2240K)
[60.060s][info][gc             ] GC(276) Pause Young (Allocation Failure) 340M->9M(1691M) 2.309ms
[60.060s][info][gc,cpu         ] GC(276) User=0.00s Sys=0.00s Real=0.00s
[60.331s][info][gc,start       ] GC(277) Pause Young (Allocation Failure)
[60.333s][info][gc,heap        ] GC(277) PSYoungGen: 333824K(333824K)->1024K(327680K) Eden: 332800K(332800K)->0K(326656K) From: 1024K(1024K)->1024K(1024K)
[60.333s][info][gc,heap        ] GC(277) ParOldGen: 8448K(1398272K)->8552K(1398272K)
[60.333s][info][gc,metaspace   ] GC(277) Metaspace: 14248K(14976K)->14248K(14976K) NonClass: 12297K(12736K)->12297K(12736K) Class: 1950K(2240K)->1950K(2240K)
[60.333s][info][gc             ] GC(277) Pause Young (Allocation Failure) 334M->9M(1685M) 2.074ms
[60.333s][info][gc,cpu         ] GC(277) User=0.00s Sys=0.00s Real=0.00s
[60.569s][info][gc,start       ] GC(278) Pause Young (Allocation Failure)
[60.571s][info][gc,heap        ] GC(278) PSYoungGen: 327680K(327680K)->992K(321536K) Eden: 326656K(326656K)->0K(320512K) From: 1024K(1024K)->992K(1024K)
[60.571s][info][gc,heap        ] GC(278) ParOldGen: 8552K(1398272K)->8664K(1398272K)
[60.571s][info][gc,metaspace   ] GC(278) Metaspace: 14248K(14976K)->14248K(14976K) NonClass: 12297K(12736K)->12297K(12736K) Class: 1950K(2240K)->1950K(2240K)
[60.571s][info][gc             ] GC(278) Pause Young (Allocation Failure) 328M->9M(1679M) 2.073ms
[60.572s][info][gc,cpu         ] GC(278) User=0.52s Sys=0.00s Real=0.00s
[60.802s][info][gc,start       ] GC(279) Pause Young (Allocation Failure)
[60.804s][info][gc,heap        ] GC(279) PSYoungGen: 321504K(321536K)->1056K(316416K) Eden: 320512K(320512K)->0K(314880K) From: 992K(1024K)->1056K(1536K)
[60.804s][info][gc,heap        ] GC(279) ParOldGen: 8664K(1398272K)->8744K(1398272K)
[60.804s][info][gc,metaspace   ] GC(279) Metaspace: 14248K(14976K)->14248K(14976K) NonClass: 12297K(12736K)->12297K(12736K) Class: 1950K(2240K)->1950K(2240K)
[60.804s][info][gc             ] GC(279) Pause Young (Allocation Failure) 322M->9M(1674M) 2.078ms
[60.804s][info][gc,cpu         ] GC(279) User=0.00s Sys=0.00s Real=0.00s
[61.031s][info][gc,start       ] GC(280) Pause Young (Allocation Failure)
[61.033s][info][gc,heap        ] GC(280) PSYoungGen: 315936K(316416K)->1024K(310272K) Eden: 314880K(314880K)->0K(309248K) From: 1056K(1536K)->1024K(1024K)
[61.033s][info][gc,heap        ] GC(280) ParOldGen: 8744K(1398272K)->8856K(1398272K)
[61.033s][info][gc,metaspace   ] GC(280) Metaspace: 14248K(14976K)->14248K(14976K) NonClass: 12297K(12736K)->12297K(12736K) Class: 1950K(2240K)->1950K(2240K)
[61.033s][info][gc             ] GC(280) Pause Young (Allocation Failure) 317M->9M(1668M) 2.038ms
[61.033s][info][gc,cpu         ] GC(280) User=0.00s Sys=0.00s Real=0.00s
[61.255s][info][gc,start       ] GC(281) Pause Young (Allocation Failure)
[61.257s][info][gc,heap        ] GC(281) PSYoungGen: 310272K(310272K)->1024K(304640K) Eden: 309248K(309248K)->0K(303616K) From: 1024K(1024K)->1024K(1024K)
[61.257s][info][gc,heap        ] GC(281) ParOldGen: 8856K(1398272K)->9008K(1398272K)
[61.257s][info][gc,metaspace   ] GC(281) Metaspace: 14248K(14976K)->14248K(14976K) NonClass: 12297K(12736K)->12297K(12736K) Class: 1950K(2240K)->1950K(2240K)
[61.257s][info][gc             ] GC(281) Pause Young (Allocation Failure) 311M->9M(1663M) 2.119ms
[61.257s][info][gc,cpu         ] GC(281) User=0.00s Sys=0.00s Real=0.00s
[61.475s][info][gc,start       ] GC(282) Pause Young (Allocation Failure)
[61.478s][info][gc,heap        ] GC(282) PSYoungGen: 304640K(304640K)->1024K(299520K) Eden: 303616K(303616K)->0K(298496K) From: 1024K(1024K)->1024K(1024K)
[61.478s][info][gc,heap        ] GC(282) ParOldGen: 9008K(1398272K)->9104K(1398272K)
[61.478s][info][gc,metaspace   ] GC(282) Metaspace: 14248K(14976K)->14248K(14976K) NonClass: 12297K(12736K)->12297K(12736K) Class: 1950K(2240K)->1950K(2240K)
[61.478s][info][gc             ] GC(282) Pause Young (Allocation Failure) 306M->9M(1658M) 2.181ms
[61.478s][info][gc,cpu         ] GC(282) User=0.52s Sys=0.00s Real=0.00s
[61.694s][info][gc,start       ] GC(283) Pause Young (Allocation Failure)
[61.696s][info][gc,heap        ] GC(283) PSYoungGen: 299520K(299520K)->1024K(294400K) Eden: 298496K(298496K)->0K(293376K) From: 1024K(1024K)->1024K(1024K)
[61.696s][info][gc,heap        ] GC(283) ParOldGen: 9104K(1398272K)->9168K(1398272K)
[61.696s][info][gc,metaspace   ] GC(283) Metaspace: 14248K(14976K)->14248K(14976K) NonClass: 12297K(12736K)->12297K(12736K) Class: 1950K(2240K)->1950K(2240K)
[61.696s][info][gc             ] GC(283) Pause Young (Allocation Failure) 301M->9M(1653M) 2.227ms
[61.696s][info][gc,cpu         ] GC(283) User=0.52s Sys=0.00s Real=0.00s
[61.908s][info][gc,start       ] GC(284) Pause Young (Allocation Failure)
[61.910s][info][gc,heap        ] GC(284) PSYoungGen: 294400K(294400K)->1024K(289280K) Eden: 293376K(293376K)->0K(288256K) From: 1024K(1024K)->1024K(1024K)
[61.910s][info][gc,heap        ] GC(284) ParOldGen: 9168K(1398272K)->9248K(1398272K)
[61.910s][info][gc,metaspace   ] GC(284) Metaspace: 14248K(14976K)->14248K(14976K) NonClass: 12297K(12736K)->12297K(12736K) Class: 1950K(2240K)->1950K(2240K)
[61.910s][info][gc             ] GC(284) Pause Young (Allocation Failure) 296M->10M(1648M) 2.294ms
[61.910s][info][gc,cpu         ] GC(284) User=0.00s Sys=0.00s Real=0.00s
[62.119s][info][gc,start       ] GC(285) Pause Young (Allocation Failure)
[62.122s][info][gc,heap        ] GC(285) PSYoungGen: 289280K(289280K)->992K(284672K) Eden: 288256K(288256K)->0K(283648K) From: 1024K(1024K)->992K(1024K)
[62.122s][info][gc,heap        ] GC(285) ParOldGen: 9248K(1398272K)->9344K(1398272K)
[62.122s][info][gc,metaspace   ] GC(285) Metaspace: 14248K(14976K)->14248K(14976K) NonClass: 12297K(12736K)->12297K(12736K) Class: 1950K(2240K)->1950K(2240K)
[62.122s][info][gc             ] GC(285) Pause Young (Allocation Failure) 291M->10M(1643M) 2.347ms
[62.122s][info][gc,cpu         ] GC(285) User=0.00s Sys=0.00s Real=0.00s
[62.324s][info][gc,start       ] GC(286) Pause Young (Allocation Failure)
[62.326s][info][gc,heap        ] GC(286) PSYoungGen: 284640K(284672K)->1024K(280064K) Eden: 283648K(283648K)->0K(279040K) From: 992K(1024K)->1024K(1024K)
[62.326s][info][gc,heap        ] GC(286) ParOldGen: 9344K(1398272K)->9432K(1398272K)
[62.326s][info][gc,metaspace   ] GC(286) Metaspace: 14248K(14976K)->14248K(14976K) NonClass: 12297K(12736K)->12297K(12736K) Class: 1950K(2240K)->1950K(2240K)
[62.326s][info][gc             ] GC(286) Pause Young (Allocation Failure) 287M->10M(1639M) 2.351ms
[62.326s][info][gc,cpu         ] GC(286) User=0.00s Sys=0.00s Real=0.00s
[62.526s][info][gc,start       ] GC(287) Pause Young (Allocation Failure)
[62.529s][info][gc,heap        ] GC(287) PSYoungGen: 280064K(280064K)->1024K(275456K) Eden: 279040K(279040K)->0K(274432K) From: 1024K(1024K)->1024K(1024K)
[62.529s][info][gc,heap        ] GC(287) ParOldGen: 9432K(1398272K)->9488K(1398272K)
[62.529s][info][gc,metaspace   ] GC(287) Metaspace: 14248K(14976K)->14248K(14976K) NonClass: 12297K(12736K)->12297K(12736K) Class: 1950K(2240K)->1950K(2240K)
[62.529s][info][gc             ] GC(287) Pause Young (Allocation Failure) 282M->10M(1634M) 2.412ms
[62.529s][info][gc,cpu         ] GC(287) User=0.00s Sys=0.00s Real=0.00s
[62.726s][info][gc,start       ] GC(288) Pause Young (Allocation Failure)
[62.728s][info][gc,heap        ] GC(288) PSYoungGen: 275456K(275456K)->1024K(330752K) Eden: 274432K(274432K)->0K(329728K) From: 1024K(1024K)->1024K(1024K)
[62.729s][info][gc,heap        ] GC(288) ParOldGen: 9488K(1398272K)->9568K(1398272K)
[62.729s][info][gc,metaspace   ] GC(288) Metaspace: 14248K(14976K)->14248K(14976K) NonClass: 12297K(12736K)->12297K(12736K) Class: 1950K(2240K)->1950K(2240K)
[62.729s][info][gc             ] GC(288) Pause Young (Allocation Failure) 278M->10M(1688M) 2.469ms
[62.729s][info][gc,cpu         ] GC(288) User=0.00s Sys=0.00s Real=0.00s
[62.966s][info][gc,start       ] GC(289) Pause Young (Allocation Failure)
[62.968s][info][gc,heap        ] GC(289) PSYoungGen: 330752K(330752K)->1024K(396800K) Eden: 329728K(329728K)->0K(395776K) From: 1024K(1024K)->1024K(1024K)
[62.968s][info][gc,heap        ] GC(289) ParOldGen: 9568K(1398272K)->9632K(1398272K)
[62.968s][info][gc,metaspace   ] GC(289) Metaspace: 14248K(14976K)->14248K(14976K) NonClass: 12297K(12736K)->12297K(12736K) Class: 1950K(2240K)->1950K(2240K)
[62.968s][info][gc             ] GC(289) Pause Young (Allocation Failure) 332M->10M(1753M) 2.530ms
[62.968s][info][gc,cpu         ] GC(289) User=0.00s Sys=0.00s Real=0.00s
[63.255s][info][gc,start       ] GC(290) Pause Young (Allocation Failure)
[63.258s][info][gc,heap        ] GC(290) PSYoungGen: 396800K(396800K)->992K(388608K) Eden: 395776K(395776K)->0K(387584K) From: 1024K(1024K)->992K(1024K)
[63.258s][info][gc,heap        ] GC(290) ParOldGen: 9632K(1398272K)->9736K(1398272K)
[63.258s][info][gc,metaspace   ] GC(290) Metaspace: 14248K(14976K)->14248K(14976K) NonClass: 12297K(12736K)->12297K(12736K) Class: 1950K(2240K)->1950K(2240K)
[63.258s][info][gc             ] GC(290) Pause Young (Allocation Failure) 396M->10M(1745M) 2.646ms
[63.258s][info][gc,cpu         ] GC(290) User=0.52s Sys=0.00s Real=0.00s
[63.650s][info][gc,start       ] GC(291) Pause Young (Allocation Failure)
[63.653s][info][gc,heap        ] GC(291) PSYoungGen: 388576K(388608K)->992K(380416K) Eden: 387584K(387584K)->0K(379392K) From: 992K(1024K)->992K(1024K)
[63.653s][info][gc,heap        ] GC(291) ParOldGen: 9736K(1398272K)->9832K(1398272K)
[63.653s][info][gc,metaspace   ] GC(291) Metaspace: 14248K(14976K)->14248K(14976K) NonClass: 12297K(12736K)->12297K(12736K) Class: 1950K(2240K)->1950K(2240K)
[63.653s][info][gc             ] GC(291) Pause Young (Allocation Failure) 388M->10M(1737M) 3.744ms
[63.653s][info][gc,cpu         ] GC(291) User=0.00s Sys=0.00s Real=0.00s
[63.948s][info][gc,start       ] GC(292) Pause Young (Allocation Failure)
[63.951s][info][gc,heap        ] GC(292) PSYoungGen: 380384K(380416K)->992K(372736K) Eden: 379392K(379392K)->0K(371712K) From: 992K(1024K)->992K(1024K)
[63.951s][info][gc,heap        ] GC(292) ParOldGen: 9832K(1398272K)->9960K(1398272K)
[63.951s][info][gc,metaspace   ] GC(292) Metaspace: 14248K(14976K)->14248K(14976K) NonClass: 12297K(12736K)->12297K(12736K) Class: 1950K(2240K)->1950K(2240K)
[63.951s][info][gc             ] GC(292) Pause Young (Allocation Failure) 381M->10M(1729M) 2.560ms
[63.951s][info][gc,cpu         ] GC(292) User=0.00s Sys=0.00s Real=0.00s
[64.256s][info][gc,start       ] GC(293) Pause Young (Allocation Failure)
[64.258s][info][gc,heap        ] GC(293) PSYoungGen: 372704K(372736K)->1024K(365056K) Eden: 371712K(371712K)->0K(364032K) From: 992K(1024K)->1024K(1024K)
[64.258s][info][gc,heap        ] GC(293) ParOldGen: 9960K(1398272K)->10096K(1398272K)
[64.258s][info][gc,metaspace   ] GC(293) Metaspace: 14248K(14976K)->14248K(14976K) NonClass: 12297K(12736K)->12297K(12736K) Class: 1950K(2240K)->1950K(2240K)
[64.258s][info][gc             ] GC(293) Pause Young (Allocation Failure) 373M->10M(1722M) 2.372ms
[64.258s][info][gc,cpu         ] GC(293) User=0.00s Sys=0.00s Real=0.00s
[64.522s][info][gc,start       ] GC(294) Pause Young (Allocation Failure)
[64.525s][info][gc,heap        ] GC(294) PSYoungGen: 365056K(365056K)->1024K(357888K) Eden: 364032K(364032K)->0K(356864K) From: 1024K(1024K)->1024K(1024K)
[64.525s][info][gc,heap        ] GC(294) ParOldGen: 10096K(1398272K)->10232K(1398272K)
[64.525s][info][gc,metaspace   ] GC(294) Metaspace: 14248K(14976K)->14248K(14976K) NonClass: 12297K(12736K)->12297K(12736K) Class: 1950K(2240K)->1950K(2240K)
[64.525s][info][gc             ] GC(294) Pause Young (Allocation Failure) 366M->10M(1715M) 2.311ms
[64.525s][info][gc,cpu         ] GC(294) User=0.52s Sys=0.00s Real=0.00s
[64.782s][info][gc,start       ] GC(295) Pause Young (Allocation Failure)
[64.784s][info][gc,heap        ] GC(295) PSYoungGen: 357888K(357888K)->992K(350720K) Eden: 356864K(356864K)->0K(349696K) From: 1024K(1024K)->992K(1024K)
[64.784s][info][gc,heap        ] GC(295) ParOldGen: 10232K(1398272K)->10368K(1398272K)
[64.784s][info][gc,metaspace   ] GC(295) Metaspace: 14248K(14976K)->14248K(14976K) NonClass: 12297K(12736K)->12297K(12736K) Class: 1950K(2240K)->1950K(2240K)
[64.784s][info][gc             ] GC(295) Pause Young (Allocation Failure) 359M->11M(1708M) 2.363ms
[64.784s][info][gc,cpu         ] GC(295) User=0.00s Sys=0.00s Real=0.00s
[65.038s][info][gc,start       ] GC(296) Pause Young (Allocation Failure)
[65.040s][info][gc,heap        ] GC(296) PSYoungGen: 350688K(350720K)->1024K(344064K) Eden: 349696K(349696K)->0K(343040K) From: 992K(1024K)->1024K(1024K)
[65.040s][info][gc,heap        ] GC(296) ParOldGen: 10368K(1398272K)->10480K(1398272K)
[65.040s][info][gc,metaspace   ] GC(296) Metaspace: 14248K(14976K)->14248K(14976K) NonClass: 12297K(12736K)->12297K(12736K) Class: 1950K(2240K)->1950K(2240K)
[65.040s][info][gc             ] GC(296) Pause Young (Allocation Failure) 352M->11M(1701M) 2.373ms
[65.040s][info][gc,cpu         ] GC(296) User=0.52s Sys=0.00s Real=0.00s
[65.293s][info][gc,start       ] GC(297) Pause Young (Allocation Failure)
[65.295s][info][gc,heap        ] GC(297) PSYoungGen: 344064K(344064K)->1024K(337408K) Eden: 343040K(343040K)->0K(336384K) From: 1024K(1024K)->1024K(1024K)
[65.295s][info][gc,heap        ] GC(297) ParOldGen: 10480K(1398272K)->10592K(1398272K)
[65.295s][info][gc,metaspace   ] GC(297) Metaspace: 14248K(14976K)->14248K(14976K) NonClass: 12297K(12736K)->12297K(12736K) Class: 1950K(2240K)->1950K(2240K)
[65.295s][info][gc             ] GC(297) Pause Young (Allocation Failure) 346M->11M(1695M) 2.379ms
[65.295s][info][gc,cpu         ] GC(297) User=0.00s Sys=0.00s Real=0.00s
[65.539s][info][gc,start       ] GC(298) Pause Young (Allocation Failure)
[65.541s][info][gc,heap        ] GC(298) PSYoungGen: 337408K(337408K)->960K(331264K) Eden: 336384K(336384K)->0K(330240K) From: 1024K(1024K)->960K(1024K)
[65.541s][info][gc,heap        ] GC(298) ParOldGen: 10592K(1398272K)->10704K(1398272K)
[65.541s][info][gc,metaspace   ] GC(298) Metaspace: 14248K(14976K)->14248K(14976K) NonClass: 12297K(12736K)->12297K(12736K) Class: 1950K(2240K)->1950K(2240K)
[65.541s][info][gc             ] GC(298) Pause Young (Allocation Failure) 339M->11M(1689M) 2.459ms
[65.541s][info][gc,cpu         ] GC(298) User=0.52s Sys=0.00s Real=0.00s
[65.782s][info][gc,start       ] GC(299) Pause Young (Allocation Failure)
[65.784s][info][gc,heap        ] GC(299) PSYoungGen: 331200K(331264K)->1024K(325120K) Eden: 330240K(330240K)->0K(324096K) From: 960K(1024K)->1024K(1024K)
[65.784s][info][gc,heap        ] GC(299) ParOldGen: 10704K(1398272K)->10816K(1398272K)
[65.784s][info][gc,metaspace   ] GC(299) Metaspace: 14248K(14976K)->14248K(14976K) NonClass: 12297K(12736K)->12297K(12736K) Class: 1950K(2240K)->1950K(2240K)
[65.784s][info][gc             ] GC(299) Pause Young (Allocation Failure) 333M->11M(1683M) 2.573ms
[65.784s][info][gc,cpu         ] GC(299) User=0.00s Sys=0.00s Real=0.00s
[66.017s][info][gc,start       ] GC(300) Pause Young (Allocation Failure)
[66.019s][info][gc,heap        ] GC(300) PSYoungGen: 325120K(325120K)->1024K(318976K) Eden: 324096K(324096K)->0K(317952K) From: 1024K(1024K)->1024K(1024K)
[66.019s][info][gc,heap        ] GC(300) ParOldGen: 10816K(1398272K)->10912K(1398272K)
[66.020s][info][gc,metaspace   ] GC(300) Metaspace: 14248K(14976K)->14248K(14976K) NonClass: 12297K(12736K)->12297K(12736K) Class: 1950K(2240K)->1950K(2240K)
[66.020s][info][gc             ] GC(300) Pause Young (Allocation Failure) 328M->11M(1677M) 2.551ms
[66.020s][info][gc,cpu         ] GC(300) User=0.00s Sys=0.00s Real=0.00s
[66.249s][info][gc,start       ] GC(301) Pause Young (Allocation Failure)
[66.251s][info][gc,heap        ] GC(301) PSYoungGen: 318976K(318976K)->1024K(313344K) Eden: 317952K(317952K)->0K(312320K) From: 1024K(1024K)->1024K(1024K)
[66.251s][info][gc,heap        ] GC(301) ParOldGen: 10912K(1398272K)->11036K(1398272K)
[66.252s][info][gc,metaspace   ] GC(301) Metaspace: 14248K(14976K)->14248K(14976K) NonClass: 12297K(12736K)->12297K(12736K) Class: 1950K(2240K)->1950K(2240K)
[66.252s][info][gc             ] GC(301) Pause Young (Allocation Failure) 322M->11M(1671M) 2.545ms
[66.252s][info][gc,cpu         ] GC(301) User=0.00s Sys=0.00s Real=0.00s
[66.565s][info][gc,start       ] GC(302) Pause Young (Allocation Failure)
[66.568s][info][gc,heap        ] GC(302) PSYoungGen: 313344K(313344K)->1024K(307712K) Eden: 312320K(312320K)->0K(306688K) From: 1024K(1024K)->1024K(1024K)
[66.569s][info][gc,heap        ] GC(302) ParOldGen: 11036K(1398272K)->11124K(1398272K)
[66.569s][info][gc,metaspace   ] GC(302) Metaspace: 14248K(14976K)->14248K(14976K) NonClass: 12297K(12736K)->12297K(12736K) Class: 1950K(2240K)->1950K(2240K)
[66.569s][info][gc             ] GC(302) Pause Young (Allocation Failure) 316M->11M(1666M) 3.540ms
[66.569s][info][gc,cpu         ] GC(302) User=0.00s Sys=0.00s Real=0.00s
[66.809s][info][gc,start       ] GC(303) Pause Young (Allocation Failure)
[66.811s][info][gc,heap        ] GC(303) PSYoungGen: 307712K(307712K)->1024K(302080K) Eden: 306688K(306688K)->0K(301056K) From: 1024K(1024K)->1024K(1024K)
[66.811s][info][gc,heap        ] GC(303) ParOldGen: 11124K(1398272K)->11220K(1398272K)
[66.811s][info][gc,metaspace   ] GC(303) Metaspace: 14248K(14976K)->14248K(14976K) NonClass: 12297K(12736K)->12297K(12736K) Class: 1950K(2240K)->1950K(2240K)
[66.811s][info][gc             ] GC(303) Pause Young (Allocation Failure) 311M->11M(1660M) 2.403ms
[66.811s][info][gc,cpu         ] GC(303) User=0.00s Sys=0.00s Real=0.00s
[67.060s][info][gc,start       ] GC(304) Pause Young (Allocation Failure)
[67.062s][info][gc,heap        ] GC(304) PSYoungGen: 302080K(302080K)->1024K(296960K) Eden: 301056K(301056K)->0K(295936K) From: 1024K(1024K)->1024K(1024K)
[67.063s][info][gc,heap        ] GC(304) ParOldGen: 11220K(1398272K)->11308K(1398272K)
[67.063s][info][gc,metaspace   ] GC(304) Metaspace: 14248K(14976K)->14248K(14976K) NonClass: 12297K(12736K)->12297K(12736K) Class: 1950K(2240K)->1950K(2240K)
[67.063s][info][gc             ] GC(304) Pause Young (Allocation Failure) 305M->12M(1655M) 2.247ms
[67.063s][info][gc,cpu         ] GC(304) User=0.00s Sys=0.00s Real=0.00s
[67.275s][info][gc,start       ] GC(305) Pause Young (Allocation Failure)
[67.278s][info][gc,heap        ] GC(305) PSYoungGen: 296960K(296960K)->992K(291840K) Eden: 295936K(295936K)->0K(290816K) From: 1024K(1024K)->992K(1024K)
[67.278s][info][gc,heap        ] GC(305) ParOldGen: 11308K(1398272K)->11412K(1398272K)
[67.278s][info][gc,metaspace   ] GC(305) Metaspace: 14248K(14976K)->14248K(14976K) NonClass: 12297K(12736K)->12297K(12736K) Class: 1950K(2240K)->1950K(2240K)
[67.278s][info][gc             ] GC(305) Pause Young (Allocation Failure) 301M->12M(1650M) 2.277ms
[67.278s][info][gc,cpu         ] GC(305) User=0.00s Sys=0.00s Real=0.00s
[67.478s][info][gc,start       ] GC(306) Pause Young (Allocation Failure)
[67.481s][info][gc,heap        ] GC(306) PSYoungGen: 291808K(291840K)->1024K(286720K) Eden: 290816K(290816K)->0K(285696K) From: 992K(1024K)->1024K(1024K)
[67.481s][info][gc,heap        ] GC(306) ParOldGen: 11412K(1398272K)->11508K(1398272K)
[67.481s][info][gc,metaspace   ] GC(306) Metaspace: 14248K(14976K)->14248K(14976K) NonClass: 12297K(12736K)->12297K(12736K) Class: 1950K(2240K)->1950K(2240K)
[67.481s][info][gc             ] GC(306) Pause Young (Allocation Failure) 296M->12M(1645M) 2.239ms
[67.481s][info][gc,cpu         ] GC(306) User=0.00s Sys=0.00s Real=0.00s
[67.681s][info][gc,start       ] GC(307) Pause Young (Allocation Failure)
[67.683s][info][gc,heap        ] GC(307) PSYoungGen: 286720K(286720K)->1024K(282112K) Eden: 285696K(285696K)->0K(281088K) From: 1024K(1024K)->1024K(1024K)
[67.683s][info][gc,heap        ] GC(307) ParOldGen: 11508K(1398272K)->11604K(1398272K)
[67.683s][info][gc,metaspace   ] GC(307) Metaspace: 14248K(14976K)->14248K(14976K) NonClass: 12297K(12736K)->12297K(12736K) Class: 1950K(2240K)->1950K(2240K)
[67.683s][info][gc             ] GC(307) Pause Young (Allocation Failure) 291M->12M(1641M) 2.267ms
[67.683s][info][gc,cpu         ] GC(307) User=0.00s Sys=0.00s Real=0.00s
[67.879s][info][gc,start       ] GC(308) Pause Young (Allocation Failure)
[67.882s][info][gc,heap        ] GC(308) PSYoungGen: 282112K(282112K)->1024K(277504K) Eden: 281088K(281088K)->0K(276480K) From: 1024K(1024K)->1024K(1024K)
[67.882s][info][gc,heap        ] GC(308) ParOldGen: 11604K(1398272K)->11716K(1398272K)
[67.882s][info][gc,metaspace   ] GC(308) Metaspace: 14248K(14976K)->14248K(14976K) NonClass: 12297K(12736K)->12297K(12736K) Class: 1950K(2240K)->1950K(2240K)
[67.882s][info][gc             ] GC(308) Pause Young (Allocation Failure) 286M->12M(1636M) 2.236ms
[67.882s][info][gc,cpu         ] GC(308) User=0.00s Sys=0.00s Real=0.00s
[68.069s][info][gc,start       ] GC(309) Pause Young (Allocation Failure)
[68.071s][info][gc,heap        ] GC(309) PSYoungGen: 277504K(277504K)->992K(272896K) Eden: 276480K(276480K)->0K(271872K) From: 1024K(1024K)->992K(1024K)
[68.071s][info][gc,heap        ] GC(309) ParOldGen: 11716K(1398272K)->11788K(1398272K)
[68.071s][info][gc,metaspace   ] GC(309) Metaspace: 14248K(14976K)->14248K(14976K) NonClass: 12297K(12736K)->12297K(12736K) Class: 1950K(2240K)->1950K(2240K)
[68.071s][info][gc             ] GC(309) Pause Young (Allocation Failure) 282M->12M(1632M) 2.286ms
[68.071s][info][gc,cpu         ] GC(309) User=0.52s Sys=0.00s Real=0.00s
[68.247s][info][gc,start       ] GC(310) Pause Young (Allocation Failure)
[68.250s][info][gc,heap        ] GC(310) PSYoungGen: 272864K(272896K)->864K(327680K) Eden: 271872K(271872K)->0K(326656K) From: 992K(1024K)->864K(1024K)
[68.250s][info][gc,heap        ] GC(310) ParOldGen: 11788K(1398272K)->11892K(1398272K)
[68.250s][info][gc,metaspace   ] GC(310) Metaspace: 14248K(14976K)->14248K(14976K) NonClass: 12297K(12736K)->12297K(12736K) Class: 1950K(2240K)->1950K(2240K)
[68.250s][info][gc             ] GC(310) Pause Young (Allocation Failure) 277M->12M(1685M) 2.354ms
[68.250s][info][gc,cpu         ] GC(310) User=0.00s Sys=0.00s Real=0.00s
[68.438s][info][gc,start       ] GC(311) Pause Young (Allocation Failure)
[68.441s][info][gc,heap        ] GC(311) PSYoungGen: 327520K(327680K)->896K(393216K) Eden: 326656K(326656K)->0K(392192K) From: 864K(1024K)->896K(1024K)
[68.441s][info][gc,heap        ] GC(311) ParOldGen: 11892K(1398272K)->11980K(1398272K)
[68.441s][info][gc,metaspace   ] GC(311) Metaspace: 14248K(14976K)->14248K(14976K) NonClass: 12297K(12736K)->12297K(12736K) Class: 1950K(2240K)->1950K(2240K)
[68.441s][info][gc             ] GC(311) Pause Young (Allocation Failure) 331M->12M(1749M) 2.569ms
[68.441s][info][gc,cpu         ] GC(311) User=0.00s Sys=0.00s Real=0.00s
[68.629s][info][gc,start       ] GC(312) Pause Young (Allocation Failure)
[68.632s][info][gc,heap        ] GC(312) PSYoungGen: 393088K(393216K)->672K(421888K) Eden: 392192K(392192K)->0K(420352K) From: 896K(1024K)->672K(1536K)
[68.632s][info][gc,heap        ] GC(312) ParOldGen: 11980K(1398272K)->12060K(1398272K)
[68.632s][info][gc,metaspace   ] GC(312) Metaspace: 14248K(14976K)->14248K(14976K) NonClass: 12297K(12736K)->12297K(12736K) Class: 1950K(2240K)->1950K(2240K)
[68.632s][info][gc             ] GC(312) Pause Young (Allocation Failure) 395M->12M(1777M) 2.540ms
[68.632s][info][gc,cpu         ] GC(312) User=0.00s Sys=0.00s Real=0.00s
[68.712s][info][gc,start       ] GC(313) Pause Young (System.gc())
[68.714s][info][gc,heap        ] GC(313) PSYoungGen: 58384K(421888K)->256K(421888K) Eden: 57712K(420352K)->0K(420352K) From: 672K(1536K)->256K(1536K)
[68.714s][info][gc,heap        ] GC(313) ParOldGen: 12060K(1398272K)->12156K(1398272K)
[68.714s][info][gc,metaspace   ] GC(313) Metaspace: 14249K(14976K)->14249K(14976K) NonClass: 12298K(12736K)->12298K(12736K) Class: 1950K(2240K)->1950K(2240K)
[68.714s][info][gc             ] GC(313) Pause Young (System.gc()) 68M->12M(1777M) 2.112ms
[68.714s][info][gc,cpu         ] GC(313) User=0.00s Sys=0.00s Real=0.00s
[68.715s][info][gc,start       ] GC(314) Pause Full (System.gc())
[68.715s][info][gc,phases,start] GC(314) Marking Phase
[68.727s][info][gc,phases      ] GC(314) Marking Phase 12.392ms
[68.727s][info][gc,phases,start] GC(314) Summary Phase
[68.727s][info][gc,phases      ] GC(314) Summary Phase 0.013ms
[68.727s][info][gc,phases,start] GC(314) Adjust Roots
[68.733s][info][gc,phases      ] GC(314) Adjust Roots 5.590ms
[68.733s][info][gc,phases,start] GC(314) Compaction Phase
[68.735s][info][gc,phases      ] GC(314) Compaction Phase 2.152ms
[68.735s][info][gc,phases,start] GC(314) Post Compact
[68.736s][info][gc,phases      ] GC(314) Post Compact 0.587ms
[68.736s][info][gc,heap        ] GC(314) PSYoungGen: 256K(421888K)->0K(421888K) Eden: 0K(420352K)->0K(420352K) From: 256K(1536K)->0K(1536K)
[68.736s][info][gc,heap        ] GC(314) ParOldGen: 12156K(1398272K)->5366K(1398272K)
[68.736s][info][gc,metaspace   ] GC(314) Metaspace: 14249K(14976K)->14249K(14976K) NonClass: 12298K(12736K)->12298K(12736K) Class: 1950K(2240K)->1950K(2240K)
[68.736s][info][gc             ] GC(314) Pause Full (System.gc()) 12M->5M(1777M) 21.039ms
[68.736s][info][gc,cpu         ] GC(314) User=0.02s Sys=0.00s Real=0.02s
[69.106s][info][gc,start       ] GC(315) Pause Young (Allocation Failure)
[69.109s][info][gc,heap        ] GC(315) PSYoungGen: 420352K(421888K)->1536K(472064K) Eden: 420352K(420352K)->0K(470528K) From: 0K(1536K)->1536K(1536K)
[69.109s][info][gc,heap        ] GC(315) ParOldGen: 5366K(1398272K)->5747K(1398272K)
[69.109s][info][gc,metaspace   ] GC(315) Metaspace: 14251K(14976K)->14251K(14976K) NonClass: 12300K(12736K)->12300K(12736K) Class: 1950K(2240K)->1950K(2240K)
[69.109s][info][gc             ] GC(315) Pause Young (Allocation Failure) 415M->7M(1826M) 3.294ms
[69.109s][info][gc,cpu         ] GC(315) User=0.00s Sys=0.00s Real=0.00s
[69.450s][info][gc,start       ] GC(316) Pause Young (Allocation Failure)
[69.453s][info][gc,heap        ] GC(316) PSYoungGen: 472064K(472064K)->1056K(461312K) Eden: 470528K(470528K)->0K(459776K) From: 1536K(1536K)->1056K(1536K)
[69.453s][info][gc,heap        ] GC(316) ParOldGen: 5747K(1398272K)->7078K(1398272K)
[69.453s][info][gc,metaspace   ] GC(316) Metaspace: 14251K(14976K)->14251K(14976K) NonClass: 12300K(12736K)->12300K(12736K) Class: 1950K(2240K)->1950K(2240K)
[69.453s][info][gc             ] GC(316) Pause Young (Allocation Failure) 466M->7M(1816M) 3.064ms
[69.453s][info][gc,cpu         ] GC(316) User=0.00s Sys=0.00s Real=0.00s
[69.818s][info][gc,start       ] GC(317) Pause Young (Allocation Failure)
[69.820s][info][gc,heap        ] GC(317) PSYoungGen: 460832K(461312K)->1024K(450560K) Eden: 459776K(459776K)->0K(449536K) From: 1056K(1536K)->1024K(1024K)
[69.820s][info][gc,heap        ] GC(317) ParOldGen: 7078K(1398272K)->7206K(1398272K)
[69.820s][info][gc,metaspace   ] GC(317) Metaspace: 14251K(14976K)->14251K(14976K) NonClass: 12300K(12736K)->12300K(12736K) Class: 1950K(2240K)->1950K(2240K)
[69.820s][info][gc             ] GC(317) Pause Young (Allocation Failure) 456M->8M(1805M) 2.437ms
[69.820s][info][gc,cpu         ] GC(317) User=0.00s Sys=0.00s Real=0.00s
[70.161s][info][gc,start       ] GC(318) Pause Young (Allocation Failure)
[70.163s][info][gc,heap        ] GC(318) PSYoungGen: 450560K(450560K)->1024K(440320K) Eden: 449536K(449536K)->0K(439296K) From: 1024K(1024K)->1024K(1024K)
[70.163s][info][gc,heap        ] GC(318) ParOldGen: 7206K(1398272K)->7358K(1398272K)
[70.163s][info][gc,metaspace   ] GC(318) Metaspace: 14251K(14976K)->14251K(14976K) NonClass: 12300K(12736K)->12300K(12736K) Class: 1950K(2240K)->1950K(2240K)
[70.163s][info][gc             ] GC(318) Pause Young (Allocation Failure) 447M->8M(1795M) 2.503ms
[70.163s][info][gc,cpu         ] GC(318) User=0.00s Sys=0.00s Real=0.00s
[70.510s][info][gc,start       ] GC(319) Pause Young (Allocation Failure)
[70.512s][info][gc,heap        ] GC(319) PSYoungGen: 440320K(440320K)->1024K(430592K) Eden: 439296K(439296K)->0K(429568K) From: 1024K(1024K)->1024K(1024K)
[70.512s][info][gc,heap        ] GC(319) ParOldGen: 7358K(1398272K)->7494K(1398272K)
[70.512s][info][gc,metaspace   ] GC(319) Metaspace: 14251K(14976K)->14251K(14976K) NonClass: 12300K(12736K)->12300K(12736K) Class: 1950K(2240K)->1950K(2240K)
[70.512s][info][gc             ] GC(319) Pause Young (Allocation Failure) 437M->8M(1786M) 2.333ms
[70.512s][info][gc,cpu         ] GC(319) User=0.00s Sys=0.00s Real=0.00s
[70.834s][info][gc,start       ] GC(320) Pause Young (Allocation Failure)
[70.836s][info][gc,heap        ] GC(320) PSYoungGen: 430592K(430592K)->1024K(421376K) Eden: 429568K(429568K)->0K(420352K) From: 1024K(1024K)->1024K(1024K)
[70.836s][info][gc,heap        ] GC(320) ParOldGen: 7494K(1398272K)->7614K(1398272K)
[70.836s][info][gc,metaspace   ] GC(320) Metaspace: 14251K(14976K)->14251K(14976K) NonClass: 12300K(12736K)->12300K(12736K) Class: 1950K(2240K)->1950K(2240K)
[70.836s][info][gc             ] GC(320) Pause Young (Allocation Failure) 427M->8M(1777M) 2.362ms
[70.836s][info][gc,cpu         ] GC(320) User=0.02s Sys=0.00s Real=0.00s
[71.155s][info][gc,start       ] GC(321) Pause Young (Allocation Failure)
[71.157s][info][gc,heap        ] GC(321) PSYoungGen: 421376K(421376K)->1024K(412160K) Eden: 420352K(420352K)->0K(411136K) From: 1024K(1024K)->1024K(1024K)
[71.157s][info][gc,heap        ] GC(321) ParOldGen: 7614K(1398272K)->7758K(1398272K)
[71.157s][info][gc,metaspace   ] GC(321) Metaspace: 14251K(14976K)->14251K(14976K) NonClass: 12300K(12736K)->12300K(12736K) Class: 1950K(2240K)->1950K(2240K)
[71.157s][info][gc             ] GC(321) Pause Young (Allocation Failure) 418M->8M(1768M) 2.357ms
[71.157s][info][gc,cpu         ] GC(321) User=0.00s Sys=0.00s Real=0.00s
[71.468s][info][gc,start       ] GC(322) Pause Young (Allocation Failure)
[71.470s][info][gc,heap        ] GC(322) PSYoungGen: 412160K(412160K)->1024K(403456K) Eden: 411136K(411136K)->0K(402432K) From: 1024K(1024K)->1024K(1024K)
[71.470s][info][gc,heap        ] GC(322) ParOldGen: 7758K(1398272K)->7854K(1398272K)
[71.470s][info][gc,metaspace   ] GC(322) Metaspace: 14251K(14976K)->14251K(14976K) NonClass: 12300K(12736K)->12300K(12736K) Class: 1950K(2240K)->1950K(2240K)
[71.470s][info][gc             ] GC(322) Pause Young (Allocation Failure) 410M->8M(1759M) 2.502ms
[71.470s][info][gc,cpu         ] GC(322) User=0.00s Sys=0.00s Real=0.00s
[71.769s][info][gc,start       ] GC(323) Pause Young (Allocation Failure)
[71.772s][info][gc,heap        ] GC(323) PSYoungGen: 403456K(403456K)->1024K(394752K) Eden: 402432K(402432K)->0K(393728K) From: 1024K(1024K)->1024K(1024K)
[71.772s][info][gc,heap        ] GC(323) ParOldGen: 7854K(1398272K)->7990K(1398272K)
[71.772s][info][gc,metaspace   ] GC(323) Metaspace: 14251K(14976K)->14251K(14976K) NonClass: 12300K(12736K)->12300K(12736K) Class: 1950K(2240K)->1950K(2240K)
[71.772s][info][gc             ] GC(323) Pause Young (Allocation Failure) 401M->8M(1751M) 2.560ms
[71.772s][info][gc,cpu         ] GC(323) User=0.00s Sys=0.00s Real=0.00s
[72.066s][info][gc,start       ] GC(324) Pause Young (Allocation Failure)
[72.069s][info][gc,heap        ] GC(324) PSYoungGen: 394752K(394752K)->1024K(386560K) Eden: 393728K(393728K)->0K(385536K) From: 1024K(1024K)->1024K(1024K)
[72.069s][info][gc,heap        ] GC(324) ParOldGen: 7990K(1398272K)->8102K(1398272K)
[72.069s][info][gc,metaspace   ] GC(324) Metaspace: 14251K(14976K)->14251K(14976K) NonClass: 12300K(12736K)->12300K(12736K) Class: 1950K(2240K)->1950K(2240K)
[72.069s][info][gc             ] GC(324) Pause Young (Allocation Failure) 393M->8M(1743M) 2.606ms
[72.069s][info][gc,cpu         ] GC(324) User=0.00s Sys=0.00s Real=0.00s
[72.355s][info][gc,start       ] GC(325) Pause Young (Allocation Failure)
[72.358s][info][gc,heap        ] GC(325) PSYoungGen: 386560K(386560K)->1024K(378880K) Eden: 385536K(385536K)->0K(377856K) From: 1024K(1024K)->1024K(1024K)
[72.358s][info][gc,heap        ] GC(325) ParOldGen: 8102K(1398272K)->8206K(1398272K)
[72.358s][info][gc,metaspace   ] GC(325) Metaspace: 14251K(14976K)->14251K(14976K) NonClass: 12300K(12736K)->12300K(12736K) Class: 1950K(2240K)->1950K(2240K)
[72.358s][info][gc             ] GC(325) Pause Young (Allocation Failure) 385M->9M(1735M) 2.579ms
[72.358s][info][gc,cpu         ] GC(325) User=0.00s Sys=0.00s Real=0.00s
[72.644s][info][gc,start       ] GC(326) Pause Young (Allocation Failure)
[72.647s][info][gc,heap        ] GC(326) PSYoungGen: 378880K(378880K)->1024K(371200K) Eden: 377856K(377856K)->0K(370176K) From: 1024K(1024K)->1024K(1024K)
[72.647s][info][gc,heap        ] GC(326) ParOldGen: 8206K(1398272K)->8294K(1398272K)
[72.647s][info][gc,metaspace   ] GC(326) Metaspace: 14251K(14976K)->14251K(14976K) NonClass: 12300K(12736K)->12300K(12736K) Class: 1950K(2240K)->1950K(2240K)
[72.647s][info][gc             ] GC(326) Pause Young (Allocation Failure) 378M->9M(1728M) 2.690ms
[72.647s][info][gc,cpu         ] GC(326) User=0.00s Sys=0.00s Real=0.00s
[72.925s][info][gc,start       ] GC(327) Pause Young (Allocation Failure)
[72.928s][info][gc,heap        ] GC(327) PSYoungGen: 371200K(371200K)->1024K(364032K) Eden: 370176K(370176K)->0K(363008K) From: 1024K(1024K)->1024K(1024K)
[72.928s][info][gc,heap        ] GC(327) ParOldGen: 8294K(1398272K)->8422K(1398272K)
[72.928s][info][gc,metaspace   ] GC(327) Metaspace: 14251K(14976K)->14251K(14976K) NonClass: 12300K(12736K)->12300K(12736K) Class: 1950K(2240K)->1950K(2240K)
[72.928s][info][gc             ] GC(327) Pause Young (Allocation Failure) 370M->9M(1721M) 2.712ms
[72.928s][info][gc,cpu         ] GC(327) User=0.00s Sys=0.00s Real=0.00s
[73.344s][info][gc,start       ] GC(328) Pause Young (Allocation Failure)
[73.348s][info][gc,heap        ] GC(328) PSYoungGen: 364032K(364032K)->1056K(357376K) Eden: 363008K(363008K)->0K(355840K) From: 1024K(1024K)->1056K(1536K)
[73.348s][info][gc,heap        ] GC(328) ParOldGen: 8422K(1398272K)->8534K(1398272K)
[73.348s][info][gc,metaspace   ] GC(328) Metaspace: 14251K(14976K)->14251K(14976K) NonClass: 12300K(12736K)->12300K(12736K) Class: 1950K(2240K)->1950K(2240K)
[73.348s][info][gc             ] GC(328) Pause Young (Allocation Failure) 363M->9M(1714M) 3.784ms
[73.348s][info][gc,cpu         ] GC(328) User=0.00s Sys=0.00s Real=0.00s
[73.637s][info][gc,start       ] GC(329) Pause Young (Allocation Failure)
[73.640s][info][gc,heap        ] GC(329) PSYoungGen: 356896K(357376K)->992K(349696K) Eden: 355840K(355840K)->0K(348672K) From: 1056K(1536K)->992K(1024K)
[73.640s][info][gc,heap        ] GC(329) ParOldGen: 8534K(1398272K)->8630K(1398272K)
[73.640s][info][gc,metaspace   ] GC(329) Metaspace: 14251K(14976K)->14251K(14976K) NonClass: 12300K(12736K)->12300K(12736K) Class: 1950K(2240K)->1950K(2240K)
[73.640s][info][gc             ] GC(329) Pause Young (Allocation Failure) 356M->9M(1707M) 2.435ms
[73.640s][info][gc,cpu         ] GC(329) User=0.00s Sys=0.00s Real=0.00s
[73.909s][info][gc,start       ] GC(330) Pause Young (Allocation Failure)
[73.911s][info][gc,heap        ] GC(330) PSYoungGen: 349664K(349696K)->992K(343040K) Eden: 348672K(348672K)->0K(342016K) From: 992K(1024K)->992K(1024K)
[73.911s][info][gc,heap        ] GC(330) ParOldGen: 8630K(1398272K)->8726K(1398272K)
[73.911s][info][gc,metaspace   ] GC(330) Metaspace: 14251K(14976K)->14251K(14976K) NonClass: 12300K(12736K)->12300K(12736K) Class: 1950K(2240K)->1950K(2240K)
[73.911s][info][gc             ] GC(330) Pause Young (Allocation Failure) 349M->9M(1700M) 2.408ms
[73.911s][info][gc,cpu         ] GC(330) User=0.00s Sys=0.00s Real=0.00s
[74.189s][info][gc,start       ] GC(331) Pause Young (Allocation Failure)
[74.191s][info][gc,heap        ] GC(331) PSYoungGen: 343008K(343040K)->992K(336384K) Eden: 342016K(342016K)->0K(335360K) From: 992K(1024K)->992K(1024K)
[74.191s][info][gc,heap        ] GC(331) ParOldGen: 8726K(1398272K)->8854K(1398272K)
[74.191s][info][gc,metaspace   ] GC(331) Metaspace: 14251K(14976K)->14251K(14976K) NonClass: 12300K(12736K)->12300K(12736K) Class: 1950K(2240K)->1950K(2240K)
[74.191s][info][gc             ] GC(331) Pause Young (Allocation Failure) 343M->9M(1694M) 2.284ms
[74.191s][info][gc,cpu         ] GC(331) User=0.00s Sys=0.00s Real=0.00s
[74.444s][info][gc,start       ] GC(332) Pause Young (Allocation Failure)
[74.446s][info][gc,heap        ] GC(332) PSYoungGen: 336352K(336384K)->1024K(330240K) Eden: 335360K(335360K)->0K(329216K) From: 992K(1024K)->1024K(1024K)
[74.446s][info][gc,heap        ] GC(332) ParOldGen: 8854K(1398272K)->8974K(1398272K)
[74.446s][info][gc,metaspace   ] GC(332) Metaspace: 14251K(14976K)->14251K(14976K) NonClass: 12300K(12736K)->12300K(12736K) Class: 1950K(2240K)->1950K(2240K)
[74.446s][info][gc             ] GC(332) Pause Young (Allocation Failure) 337M->9M(1688M) 2.308ms
[74.446s][info][gc,cpu         ] GC(332) User=0.52s Sys=0.00s Real=0.00s
[74.696s][info][gc,start       ] GC(333) Pause Young (Allocation Failure)
[74.698s][info][gc,heap        ] GC(333) PSYoungGen: 330240K(330240K)->1024K(324096K) Eden: 329216K(329216K)->0K(323072K) From: 1024K(1024K)->1024K(1024K)
[74.698s][info][gc,heap        ] GC(333) ParOldGen: 8974K(1398272K)->9094K(1398272K)
[74.698s][info][gc,metaspace   ] GC(333) Metaspace: 14251K(14976K)->14251K(14976K) NonClass: 12300K(12736K)->12300K(12736K) Class: 1950K(2240K)->1950K(2240K)
[74.698s][info][gc             ] GC(333) Pause Young (Allocation Failure) 331M->9M(1682M) 2.322ms
[74.698s][info][gc,cpu         ] GC(333) User=0.00s Sys=0.00s Real=0.00s
[74.943s][info][gc,start       ] GC(334) Pause Young (Allocation Failure)
[74.945s][info][gc,heap        ] GC(334) PSYoungGen: 324096K(324096K)->1024K(317952K) Eden: 323072K(323072K)->0K(316928K) From: 1024K(1024K)->1024K(1024K)
[74.945s][info][gc,heap        ] GC(334) ParOldGen: 9094K(1398272K)->9206K(1398272K)
[74.945s][info][gc,metaspace   ] GC(334) Metaspace: 14251K(14976K)->14251K(14976K) NonClass: 12300K(12736K)->12300K(12736K) Class: 1950K(2240K)->1950K(2240K)
[74.945s][info][gc             ] GC(334) Pause Young (Allocation Failure) 325M->9M(1676M) 2.419ms
[74.945s][info][gc,cpu         ] GC(334) User=0.00s Sys=0.00s Real=0.00s
[75.183s][info][gc,start       ] GC(335) Pause Young (Allocation Failure)
[75.185s][info][gc,heap        ] GC(335) PSYoungGen: 317952K(317952K)->992K(312320K) Eden: 316928K(316928K)->0K(311296K) From: 1024K(1024K)->992K(1024K)
[75.185s][info][gc,heap        ] GC(335) ParOldGen: 9206K(1398272K)->9302K(1398272K)
[75.185s][info][gc,metaspace   ] GC(335) Metaspace: 14251K(14976K)->14251K(14976K) NonClass: 12300K(12736K)->12300K(12736K) Class: 1950K(2240K)->1950K(2240K)
[75.185s][info][gc             ] GC(335) Pause Young (Allocation Failure) 319M->10M(1670M) 2.446ms
[75.185s][info][gc,cpu         ] GC(335) User=0.00s Sys=0.00s Real=0.00s
[75.418s][info][gc,start       ] GC(336) Pause Young (Allocation Failure)
[75.420s][info][gc,heap        ] GC(336) PSYoungGen: 312288K(312320K)->1024K(306688K) Eden: 311296K(311296K)->0K(305664K) From: 992K(1024K)->1024K(1024K)
[75.420s][info][gc,heap        ] GC(336) ParOldGen: 9302K(1398272K)->9414K(1398272K)
[75.420s][info][gc,metaspace   ] GC(336) Metaspace: 14251K(14976K)->14251K(14976K) NonClass: 12300K(12736K)->12300K(12736K) Class: 1950K(2240K)->1950K(2240K)
[75.420s][info][gc             ] GC(336) Pause Young (Allocation Failure) 314M->10M(1665M) 2.541ms
[75.420s][info][gc,cpu         ] GC(336) User=0.00s Sys=0.00s Real=0.00s
[75.650s][info][gc,start       ] GC(337) Pause Young (Allocation Failure)
[75.652s][info][gc,heap        ] GC(337) PSYoungGen: 306688K(306688K)->992K(301568K) Eden: 305664K(305664K)->0K(300544K) From: 1024K(1024K)->992K(1024K)
[75.652s][info][gc,heap        ] GC(337) ParOldGen: 9414K(1398272K)->9510K(1398272K)
[75.652s][info][gc,metaspace   ] GC(337) Metaspace: 14251K(14976K)->14251K(14976K) NonClass: 12300K(12736K)->12300K(12736K) Class: 1950K(2240K)->1950K(2240K)
[75.652s][info][gc             ] GC(337) Pause Young (Allocation Failure) 308M->10M(1660M) 2.587ms
[75.652s][info][gc,cpu         ] GC(337) User=0.00s Sys=0.00s Real=0.00s
[75.880s][info][gc,start       ] GC(338) Pause Young (Allocation Failure)
[75.883s][info][gc,heap        ] GC(338) PSYoungGen: 301536K(301568K)->1024K(296448K) Eden: 300544K(300544K)->0K(295424K) From: 992K(1024K)->1024K(1024K)
[75.883s][info][gc,heap        ] GC(338) ParOldGen: 9510K(1398272K)->9598K(1398272K)
[75.883s][info][gc,metaspace   ] GC(338) Metaspace: 14251K(14976K)->14251K(14976K) NonClass: 12300K(12736K)->12300K(12736K) Class: 1950K(2240K)->1950K(2240K)
[75.883s][info][gc             ] GC(338) Pause Young (Allocation Failure) 303M->10M(1655M) 2.568ms
[75.883s][info][gc,cpu         ] GC(338) User=0.00s Sys=0.00s Real=0.00s
[76.208s][info][gc,start       ] GC(339) Pause Young (Allocation Failure)
[76.212s][info][gc,heap        ] GC(339) PSYoungGen: 296448K(296448K)->1024K(291328K) Eden: 295424K(295424K)->0K(290304K) From: 1024K(1024K)->1024K(1024K)
[76.212s][info][gc,heap        ] GC(339) ParOldGen: 9598K(1398272K)->9678K(1398272K)
[76.212s][info][gc,metaspace   ] GC(339) Metaspace: 14251K(14976K)->14251K(14976K) NonClass: 12300K(12736K)->12300K(12736K) Class: 1950K(2240K)->1950K(2240K)
[76.212s][info][gc             ] GC(339) Pause Young (Allocation Failure) 298M->10M(1650M) 3.527ms
[76.212s][info][gc,cpu         ] GC(339) User=0.00s Sys=0.00s Real=0.00s
[76.445s][info][gc,start       ] GC(340) Pause Young (Allocation Failure)
[76.448s][info][gc,heap        ] GC(340) PSYoungGen: 291328K(291328K)->1024K(286208K) Eden: 290304K(290304K)->0K(285184K) From: 1024K(1024K)->1024K(1024K)
[76.448s][info][gc,heap        ] GC(340) ParOldGen: 9678K(1398272K)->9766K(1398272K)
[76.448s][info][gc,metaspace   ] GC(340) Metaspace: 14251K(14976K)->14251K(14976K) NonClass: 12300K(12736K)->12300K(12736K) Class: 1950K(2240K)->1950K(2240K)
[76.448s][info][gc             ] GC(340) Pause Young (Allocation Failure) 293M->10M(1645M) 2.408ms
[76.448s][info][gc,cpu         ] GC(340) User=0.00s Sys=0.00s Real=0.00s
[76.671s][info][gc,start       ] GC(341) Pause Young (Allocation Failure)
[76.673s][info][gc,heap        ] GC(341) PSYoungGen: 286208K(286208K)->1024K(281600K) Eden: 285184K(285184K)->0K(280576K) From: 1024K(1024K)->1024K(1024K)
[76.674s][info][gc,heap        ] GC(341) ParOldGen: 9766K(1398272K)->9870K(1398272K)
[76.674s][info][gc,metaspace   ] GC(341) Metaspace: 14251K(14976K)->14251K(14976K) NonClass: 12300K(12736K)->12300K(12736K) Class: 1950K(2240K)->1950K(2240K)
[76.674s][info][gc             ] GC(341) Pause Young (Allocation Failure) 289M->10M(1640M) 2.343ms
[76.674s][info][gc,cpu         ] GC(341) User=0.00s Sys=0.00s Real=0.00s
[76.882s][info][gc,start       ] GC(342) Pause Young (Allocation Failure)
[76.884s][info][gc,heap        ] GC(342) PSYoungGen: 281600K(281600K)->1024K(276992K) Eden: 280576K(280576K)->0K(275968K) From: 1024K(1024K)->1024K(1024K)
[76.884s][info][gc,heap        ] GC(342) ParOldGen: 9870K(1398272K)->9966K(1398272K)
[76.884s][info][gc,metaspace   ] GC(342) Metaspace: 14251K(14976K)->14251K(14976K) NonClass: 12300K(12736K)->12300K(12736K) Class: 1950K(2240K)->1950K(2240K)
[76.884s][info][gc             ] GC(342) Pause Young (Allocation Failure) 284M->10M(1636M) 2.343ms
[76.884s][info][gc,cpu         ] GC(342) User=0.52s Sys=0.00s Real=0.00s
[77.112s][info][gc,start       ] GC(343) Pause Young (Allocation Failure)
[77.114s][info][gc,heap        ] GC(343) PSYoungGen: 276992K(276992K)->992K(272384K) Eden: 275968K(275968K)->0K(271360K) From: 1024K(1024K)->992K(1024K)
[77.114s][info][gc,heap        ] GC(343) ParOldGen: 9966K(1398272K)->10054K(1398272K)
[77.114s][info][gc,metaspace   ] GC(343) Metaspace: 14251K(14976K)->14251K(14976K) NonClass: 12300K(12736K)->12300K(12736K) Class: 1950K(2240K)->1950K(2240K)
[77.114s][info][gc             ] GC(343) Pause Young (Allocation Failure) 280M->10M(1631M) 2.179ms
[77.114s][info][gc,cpu         ] GC(343) User=0.00s Sys=0.00s Real=0.00s
[77.318s][info][gc,start       ] GC(344) Pause Young (Allocation Failure)
[77.320s][info][gc,heap        ] GC(344) PSYoungGen: 272352K(272384K)->1024K(267776K) Eden: 271360K(271360K)->0K(266752K) From: 992K(1024K)->1024K(1024K)
[77.320s][info][gc,heap        ] GC(344) ParOldGen: 10054K(1398272K)->10142K(1398272K)
[77.320s][info][gc,metaspace   ] GC(344) Metaspace: 14251K(14976K)->14251K(14976K) NonClass: 12300K(12736K)->12300K(12736K) Class: 1950K(2240K)->1950K(2240K)
[77.320s][info][gc             ] GC(344) Pause Young (Allocation Failure) 275M->10M(1627M) 2.220ms
[77.320s][info][gc,cpu         ] GC(344) User=0.00s Sys=0.00s Real=0.00s
[77.519s][info][gc,start       ] GC(345) Pause Young (Allocation Failure)
[77.521s][info][gc,heap        ] GC(345) PSYoungGen: 267776K(267776K)->992K(263680K) Eden: 266752K(266752K)->0K(262656K) From: 1024K(1024K)->992K(1024K)
[77.521s][info][gc,heap        ] GC(345) ParOldGen: 10142K(1398272K)->10222K(1398272K)
[77.521s][info][gc,metaspace   ] GC(345) Metaspace: 14251K(14976K)->14251K(14976K) NonClass: 12300K(12736K)->12300K(12736K) Class: 1950K(2240K)->1950K(2240K)
[77.521s][info][gc             ] GC(345) Pause Young (Allocation Failure) 271M->10M(1623M) 2.219ms
[77.521s][info][gc,cpu         ] GC(345) User=0.00s Sys=0.00s Real=0.00s
[77.717s][info][gc,start       ] GC(346) Pause Young (Allocation Failure)
[77.719s][info][gc,heap        ] GC(346) PSYoungGen: 263648K(263680K)->1024K(259584K) Eden: 262656K(262656K)->0K(258560K) From: 992K(1024K)->1024K(1024K)
[77.719s][info][gc,heap        ] GC(346) ParOldGen: 10222K(1398272K)->10326K(1398272K)
[77.719s][info][gc,metaspace   ] GC(346) Metaspace: 14251K(14976K)->14251K(14976K) NonClass: 12300K(12736K)->12300K(12736K) Class: 1950K(2240K)->1950K(2240K)
[77.719s][info][gc             ] GC(346) Pause Young (Allocation Failure) 267M->11M(1619M) 2.219ms
[77.719s][info][gc,cpu         ] GC(346) User=0.00s Sys=0.00s Real=0.00s
[77.916s][info][gc,start       ] GC(347) Pause Young (Allocation Failure)
[77.918s][info][gc,heap        ] GC(347) PSYoungGen: 259584K(259584K)->1024K(255488K) Eden: 258560K(258560K)->0K(254464K) From: 1024K(1024K)->1024K(1024K)
[77.918s][info][gc,heap        ] GC(347) ParOldGen: 10326K(1398272K)->10398K(1398272K)
[77.918s][info][gc,metaspace   ] GC(347) Metaspace: 14251K(14976K)->14251K(14976K) NonClass: 12300K(12736K)->12300K(12736K) Class: 1950K(2240K)->1950K(2240K)
[77.918s][info][gc             ] GC(347) Pause Young (Allocation Failure) 263M->11M(1615M) 2.386ms
[77.918s][info][gc,cpu         ] GC(347) User=0.00s Sys=0.00s Real=0.00s
[78.110s][info][gc,start       ] GC(348) Pause Young (Allocation Failure)
[78.113s][info][gc,heap        ] GC(348) PSYoungGen: 255488K(255488K)->1024K(306688K) Eden: 254464K(254464K)->0K(305664K) From: 1024K(1024K)->1024K(1024K)
[78.113s][info][gc,heap        ] GC(348) ParOldGen: 10398K(1398272K)->10486K(1398272K)
[78.113s][info][gc,metaspace   ] GC(348) Metaspace: 14251K(14976K)->14251K(14976K) NonClass: 12300K(12736K)->12300K(12736K) Class: 1950K(2240K)->1950K(2240K)
[78.113s][info][gc             ] GC(348) Pause Young (Allocation Failure) 259M->11M(1665M) 2.371ms
[78.113s][info][gc,cpu         ] GC(348) User=0.00s Sys=0.00s Real=0.00s
[78.341s][info][gc,start       ] GC(349) Pause Young (Allocation Failure)
[78.343s][info][gc,heap        ] GC(349) PSYoungGen: 306688K(306688K)->1024K(368128K) Eden: 305664K(305664K)->0K(367104K) From: 1024K(1024K)->1024K(1024K)
[78.343s][info][gc,heap        ] GC(349) ParOldGen: 10486K(1398272K)->10558K(1398272K)
[78.343s][info][gc,metaspace   ] GC(349) Metaspace: 14251K(14976K)->14251K(14976K) NonClass: 12300K(12736K)->12300K(12736K) Class: 1950K(2240K)->1950K(2240K)
[78.343s][info][gc             ] GC(349) Pause Young (Allocation Failure) 309M->11M(1725M) 2.443ms
[78.343s][info][gc,cpu         ] GC(349) User=0.00s Sys=0.00s Real=0.00s
[78.617s][info][gc,start       ] GC(350) Pause Young (Allocation Failure)
[78.620s][info][gc,heap        ] GC(350) PSYoungGen: 368128K(368128K)->1024K(360960K) Eden: 367104K(367104K)->0K(359936K) From: 1024K(1024K)->1024K(1024K)
[78.620s][info][gc,heap        ] GC(350) ParOldGen: 10558K(1398272K)->10654K(1398272K)
[78.620s][info][gc,metaspace   ] GC(350) Metaspace: 14251K(14976K)->14251K(14976K) NonClass: 12300K(12736K)->12300K(12736K) Class: 1950K(2240K)->1950K(2240K)
[78.620s][info][gc             ] GC(350) Pause Young (Allocation Failure) 369M->11M(1718M) 2.606ms
[78.620s][info][gc,cpu         ] GC(350) User=0.00s Sys=0.00s Real=0.00s
[78.893s][info][gc,start       ] GC(351) Pause Young (Allocation Failure)
[78.895s][info][gc,heap        ] GC(351) PSYoungGen: 360960K(360960K)->1024K(353792K) Eden: 359936K(359936K)->0K(352768K) From: 1024K(1024K)->1024K(1024K)
[78.895s][info][gc,heap        ] GC(351) ParOldGen: 10654K(1398272K)->10798K(1398272K)
[78.895s][info][gc,metaspace   ] GC(351) Metaspace: 14251K(14976K)->14251K(14976K) NonClass: 12300K(12736K)->12300K(12736K) Class: 1950K(2240K)->1950K(2240K)
[78.895s][info][gc             ] GC(351) Pause Young (Allocation Failure) 362M->11M(1711M) 2.655ms
[78.895s][info][gc,cpu         ] GC(351) User=0.00s Sys=0.00s Real=0.00s
[79.161s][info][gc,start       ] GC(352) Pause Young (Allocation Failure)
[79.164s][info][gc,heap        ] GC(352) PSYoungGen: 353792K(353792K)->1024K(347136K) Eden: 352768K(352768K)->0K(346112K) From: 1024K(1024K)->1024K(1024K)
[79.164s][info][gc,heap        ] GC(352) ParOldGen: 10798K(1398272K)->10914K(1398272K)
[79.164s][info][gc,metaspace   ] GC(352) Metaspace: 14251K(14976K)->14251K(14976K) NonClass: 12300K(12736K)->12300K(12736K) Class: 1950K(2240K)->1950K(2240K)
[79.164s][info][gc             ] GC(352) Pause Young (Allocation Failure) 356M->11M(1704M) 2.667ms
[79.164s][info][gc,cpu         ] GC(352) User=0.00s Sys=0.00s Real=0.00s
[79.425s][info][gc,start       ] GC(353) Pause Young (Allocation Failure)
[79.427s][info][gc,heap        ] GC(353) PSYoungGen: 347136K(347136K)->1024K(340480K) Eden: 346112K(346112K)->0K(339456K) From: 1024K(1024K)->1024K(1024K)
[79.427s][info][gc,heap        ] GC(353) ParOldGen: 10914K(1398272K)->11010K(1398272K)
[79.427s][info][gc,metaspace   ] GC(353) Metaspace: 14251K(14976K)->14251K(14976K) NonClass: 12300K(12736K)->12300K(12736K) Class: 1950K(2240K)->1950K(2240K)
[79.427s][info][gc             ] GC(353) Pause Young (Allocation Failure) 349M->11M(1698M) 2.750ms
[79.427s][info][gc,cpu         ] GC(353) User=0.00s Sys=0.00s Real=0.00s
[79.678s][info][gc,start       ] GC(354) Pause Young (Allocation Failure)
[79.681s][info][gc,heap        ] GC(354) PSYoungGen: 340480K(340480K)->992K(333824K) Eden: 339456K(339456K)->0K(332800K) From: 1024K(1024K)->992K(1024K)
[79.681s][info][gc,heap        ] GC(354) ParOldGen: 11010K(1398272K)->11138K(1398272K)
[79.681s][info][gc,metaspace   ] GC(354) Metaspace: 14251K(14976K)->14251K(14976K) NonClass: 12300K(12736K)->12300K(12736K) Class: 1950K(2240K)->1950K(2240K)
[79.681s][info][gc             ] GC(354) Pause Young (Allocation Failure) 343M->11M(1691M) 2.808ms
[79.681s][info][gc,cpu         ] GC(354) User=0.52s Sys=0.00s Real=0.00s
[80.065s][info][gc,start       ] GC(355) Pause Young (Allocation Failure)
[80.068s][info][gc,heap        ] GC(355) PSYoungGen: 333792K(333824K)->1056K(328192K) Eden: 332800K(332800K)->0K(326656K) From: 992K(1024K)->1056K(1536K)
[80.068s][info][gc,heap        ] GC(355) ParOldGen: 11138K(1398272K)->11242K(1398272K)
[80.068s][info][gc,metaspace   ] GC(355) Metaspace: 14251K(14976K)->14251K(14976K) NonClass: 12300K(12736K)->12300K(12736K) Class: 1950K(2240K)->1950K(2240K)
[80.068s][info][gc             ] GC(355) Pause Young (Allocation Failure) 336M->12M(1686M) 3.685ms
[80.068s][info][gc,cpu         ] GC(355) User=0.00s Sys=0.00s Real=0.00s
[80.331s][info][gc,start       ] GC(356) Pause Young (Allocation Failure)
[80.333s][info][gc,heap        ] GC(356) PSYoungGen: 327712K(328192K)->1024K(321536K) Eden: 326656K(326656K)->0K(320512K) From: 1056K(1536K)->1024K(1024K)
[80.333s][info][gc,heap        ] GC(356) ParOldGen: 11242K(1398272K)->11338K(1398272K)
[80.333s][info][gc,metaspace   ] GC(356) Metaspace: 14251K(14976K)->14251K(14976K) NonClass: 12300K(12736K)->12300K(12736K) Class: 1950K(2240K)->1950K(2240K)
[80.333s][info][gc             ] GC(356) Pause Young (Allocation Failure) 331M->12M(1679M) 2.615ms
[80.333s][info][gc,cpu         ] GC(356) User=0.00s Sys=0.00s Real=0.00s
[80.594s][info][gc,start       ] GC(357) Pause Young (Allocation Failure)
[80.596s][info][gc,heap        ] GC(357) PSYoungGen: 321536K(321536K)->992K(315904K) Eden: 320512K(320512K)->0K(314880K) From: 1024K(1024K)->992K(1024K)
[80.596s][info][gc,heap        ] GC(357) ParOldGen: 11338K(1398272K)->11434K(1398272K)
[80.596s][info][gc,metaspace   ] GC(357) Metaspace: 14251K(14976K)->14251K(14976K) NonClass: 12300K(12736K)->12300K(12736K) Class: 1950K(2240K)->1950K(2240K)
[80.596s][info][gc             ] GC(357) Pause Young (Allocation Failure) 325M->12M(1674M) 2.389ms
[80.596s][info][gc,cpu         ] GC(357) User=0.00s Sys=0.00s Real=0.00s
[80.828s][info][gc,start       ] GC(358) Pause Young (Allocation Failure)
[80.830s][info][gc,heap        ] GC(358) PSYoungGen: 315872K(315904K)->1024K(310272K) Eden: 314880K(314880K)->0K(309248K) From: 992K(1024K)->1024K(1024K)
[80.830s][info][gc,heap        ] GC(358) ParOldGen: 11434K(1398272K)->11538K(1398272K)
[80.830s][info][gc,metaspace   ] GC(358) Metaspace: 14254K(15040K)->14254K(15040K) NonClass: 12303K(12800K)->12303K(12800K) Class: 1950K(2240K)->1950K(2240K)
[80.830s][info][gc             ] GC(358) Pause Young (Allocation Failure) 319M->12M(1668M) 2.380ms
[80.830s][info][gc,cpu         ] GC(358) User=0.00s Sys=0.00s Real=0.00s
[81.046s][info][gc,start       ] GC(359) Pause Young (Allocation Failure)
[81.048s][info][gc,heap        ] GC(359) PSYoungGen: 310272K(310272K)->1024K(304640K) Eden: 309248K(309248K)->0K(303616K) From: 1024K(1024K)->1024K(1024K)
[81.048s][info][gc,heap        ] GC(359) ParOldGen: 11538K(1398272K)->11626K(1398272K)
[81.048s][info][gc,metaspace   ] GC(359) Metaspace: 14254K(15040K)->14254K(15040K) NonClass: 12303K(12800K)->12303K(12800K) Class: 1950K(2240K)->1950K(2240K)
[81.048s][info][gc             ] GC(359) Pause Young (Allocation Failure) 314M->12M(1663M) 2.420ms
[81.048s][info][gc,cpu         ] GC(359) User=0.00s Sys=0.00s Real=0.00s
[81.259s][info][gc,start       ] GC(360) Pause Young (Allocation Failure)
[81.261s][info][gc,heap        ] GC(360) PSYoungGen: 304640K(304640K)->992K(299520K) Eden: 303616K(303616K)->0K(298496K) From: 1024K(1024K)->992K(1024K)
[81.261s][info][gc,heap        ] GC(360) ParOldGen: 11626K(1398272K)->11738K(1398272K)
[81.261s][info][gc,metaspace   ] GC(360) Metaspace: 14255K(15040K)->14255K(15040K) NonClass: 12304K(12800K)->12304K(12800K) Class: 1950K(2240K)->1950K(2240K)
[81.261s][info][gc             ] GC(360) Pause Young (Allocation Failure) 308M->12M(1658M) 2.461ms
[81.261s][info][gc,cpu         ] GC(360) User=0.00s Sys=0.00s Real=0.00s
[81.442s][info][gc,start       ] GC(361) Pause Young (Allocation Failure)
[81.445s][info][gc,heap        ] GC(361) PSYoungGen: 299488K(299520K)->864K(359424K) Eden: 298496K(298496K)->0K(358400K) From: 992K(1024K)->864K(1024K)
[81.445s][info][gc,heap        ] GC(361) ParOldGen: 11738K(1398272K)->11842K(1398272K)
[81.445s][info][gc,metaspace   ] GC(361) Metaspace: 14255K(15040K)->14255K(15040K) NonClass: 12304K(12800K)->12304K(12800K) Class: 1950K(2240K)->1950K(2240K)
[81.445s][info][gc             ] GC(361) Pause Young (Allocation Failure) 303M->12M(1716M) 2.586ms
[81.445s][info][gc,cpu         ] GC(361) User=0.00s Sys=0.00s Real=0.00s
[81.606s][info][gc,start       ] GC(362) Pause Young (Allocation Failure)
[81.609s][info][gc,heap        ] GC(362) PSYoungGen: 359264K(359424K)->768K(431104K) Eden: 358400K(358400K)->0K(430080K) From: 864K(1024K)->768K(1024K)
[81.609s][info][gc,heap        ] GC(362) ParOldGen: 11842K(1398272K)->11930K(1398272K)
[81.609s][info][gc,metaspace   ] GC(362) Metaspace: 14255K(15040K)->14255K(15040K) NonClass: 12304K(12800K)->12304K(12800K) Class: 1950K(2240K)->1950K(2240K)
[81.609s][info][gc             ] GC(362) Pause Young (Allocation Failure) 362M->12M(1786M) 2.539ms
[81.609s][info][gc,cpu         ] GC(362) User=0.00s Sys=0.00s Real=0.00s
[81.810s][info][gc,start       ] GC(363) Pause Young (System.gc())
[81.813s][info][gc,heap        ] GC(363) PSYoungGen: 222319K(431104K)->512K(430592K) Eden: 221551K(430080K)->0K(430080K) From: 768K(1024K)->512K(512K)
[81.813s][info][gc,heap        ] GC(363) ParOldGen: 11930K(1398272K)->12026K(1398272K)
[81.813s][info][gc,metaspace   ] GC(363) Metaspace: 14257K(15040K)->14257K(15040K) NonClass: 12306K(12800K)->12306K(12800K) Class: 1950K(2240K)->1950K(2240K)
[81.813s][info][gc             ] GC(363) Pause Young (System.gc()) 228M->12M(1786M) 2.229ms
[81.813s][info][gc,cpu         ] GC(363) User=0.00s Sys=0.00s Real=0.00s
[81.813s][info][gc,start       ] GC(364) Pause Full (System.gc())
[81.813s][info][gc,phases,start] GC(364) Marking Phase
[81.826s][info][gc,phases      ] GC(364) Marking Phase 13.437ms
[81.826s][info][gc,phases,start] GC(364) Summary Phase
[81.826s][info][gc,phases      ] GC(364) Summary Phase 0.020ms
[81.826s][info][gc,phases,start] GC(364) Adjust Roots
[81.832s][info][gc,phases      ] GC(364) Adjust Roots 6.146ms
[81.832s][info][gc,phases,start] GC(364) Compaction Phase
[81.834s][info][gc,phases      ] GC(364) Compaction Phase 1.998ms
[81.834s][info][gc,phases,start] GC(364) Post Compact
[81.835s][info][gc,phases      ] GC(364) Post Compact 0.470ms
[81.835s][info][gc,heap        ] GC(364) PSYoungGen: 512K(430592K)->0K(430592K) Eden: 0K(430080K)->0K(430080K) From: 512K(512K)->0K(512K)
[81.835s][info][gc,heap        ] GC(364) ParOldGen: 12026K(1398272K)->5366K(1398272K)
[81.835s][info][gc,metaspace   ] GC(364) Metaspace: 14257K(15040K)->14257K(15040K) NonClass: 12306K(12800K)->12306K(12800K) Class: 1950K(2240K)->1950K(2240K)
[81.835s][info][gc             ] GC(364) Pause Full (System.gc()) 12M->5M(1786M) 22.265ms
[81.835s][info][gc,cpu         ] GC(364) User=0.02s Sys=0.00s Real=0.02s
[82.211s][info][gc,start       ] GC(365) Pause Young (Allocation Failure)
[82.214s][info][gc,heap        ] GC(365) PSYoungGen: 430080K(430592K)->1536K(448512K) Eden: 430080K(430080K)->0K(446976K) From: 0K(512K)->1536K(1536K)
[82.214s][info][gc,heap        ] GC(365) ParOldGen: 5366K(1398272K)->5650K(1398272K)
[82.214s][info][gc,metaspace   ] GC(365) Metaspace: 14257K(15040K)->14257K(15040K) NonClass: 12307K(12800K)->12307K(12800K) Class: 1950K(2240K)->1950K(2240K)
[82.214s][info][gc             ] GC(365) Pause Young (Allocation Failure) 425M->7M(1803M) 3.138ms
[82.214s][info][gc,cpu         ] GC(365) User=0.02s Sys=0.00s Real=0.00s
[82.511s][info][gc,start       ] GC(366) Pause Young (Allocation Failure)
[82.514s][info][gc,heap        ] GC(366) PSYoungGen: 448512K(448512K)->1056K(438272K) Eden: 446976K(446976K)->0K(436736K) From: 1536K(1536K)->1056K(1536K)
[82.514s][info][gc,heap        ] GC(366) ParOldGen: 5650K(1398272K)->7144K(1398272K)
[82.514s][info][gc,metaspace   ] GC(366) Metaspace: 14257K(15040K)->14257K(15040K) NonClass: 12307K(12800K)->12307K(12800K) Class: 1950K(2240K)->1950K(2240K)
[82.514s][info][gc             ] GC(366) Pause Young (Allocation Failure) 443M->8M(1793M) 2.934ms
[82.514s][info][gc,cpu         ] GC(366) User=0.00s Sys=0.00s Real=0.00s
[82.951s][info][gc,start       ] GC(367) Pause Young (Allocation Failure)
[82.954s][info][gc,heap        ] GC(367) PSYoungGen: 437792K(438272K)->1024K(428032K) Eden: 436736K(436736K)->0K(427008K) From: 1056K(1536K)->1024K(1024K)
[82.954s][info][gc,heap        ] GC(367) ParOldGen: 7144K(1398272K)->7248K(1398272K)
[82.954s][info][gc,metaspace   ] GC(367) Metaspace: 14257K(15040K)->14257K(15040K) NonClass: 12307K(12800K)->12307K(12800K) Class: 1950K(2240K)->1950K(2240K)
[82.954s][info][gc             ] GC(367) Pause Young (Allocation Failure) 434M->8M(1783M) 3.748ms
[82.954s][info][gc,cpu         ] GC(367) User=0.00s Sys=0.00s Real=0.00s
[83.290s][info][gc,start       ] GC(368) Pause Young (Allocation Failure)
[83.292s][info][gc,heap        ] GC(368) PSYoungGen: 428032K(428032K)->1024K(418816K) Eden: 427008K(427008K)->0K(417792K) From: 1024K(1024K)->1024K(1024K)
[83.292s][info][gc,heap        ] GC(368) ParOldGen: 7248K(1398272K)->7392K(1398272K)
[83.292s][info][gc,metaspace   ] GC(368) Metaspace: 14257K(15040K)->14257K(15040K) NonClass: 12307K(12800K)->12307K(12800K) Class: 1950K(2240K)->1950K(2240K)
[83.292s][info][gc             ] GC(368) Pause Young (Allocation Failure) 425M->8M(1774M) 2.560ms
[83.292s][info][gc,cpu         ] GC(368) User=0.00s Sys=0.00s Real=0.00s
[83.630s][info][gc,start       ] GC(369) Pause Young (Allocation Failure)
[83.632s][info][gc,heap        ] GC(369) PSYoungGen: 418816K(418816K)->1056K(410112K) Eden: 417792K(417792K)->0K(408576K) From: 1024K(1024K)->1056K(1536K)
[83.632s][info][gc,heap        ] GC(369) ParOldGen: 7392K(1398272K)->7512K(1398272K)
[83.632s][info][gc,metaspace   ] GC(369) Metaspace: 14257K(15040K)->14257K(15040K) NonClass: 12307K(12800K)->12307K(12800K) Class: 1950K(2240K)->1950K(2240K)
[83.632s][info][gc             ] GC(369) Pause Young (Allocation Failure) 416M->8M(1766M) 2.443ms
[83.632s][info][gc,cpu         ] GC(369) User=0.00s Sys=0.00s Real=0.00s
[83.928s][info][gc,start       ] GC(370) Pause Young (Allocation Failure)
[83.930s][info][gc,heap        ] GC(370) PSYoungGen: 409632K(410112K)->1024K(400896K) Eden: 408576K(408576K)->0K(399872K) From: 1056K(1536K)->1024K(1024K)
[83.930s][info][gc,heap        ] GC(370) ParOldGen: 7512K(1398272K)->7632K(1398272K)
[83.930s][info][gc,metaspace   ] GC(370) Metaspace: 14257K(15040K)->14257K(15040K) NonClass: 12307K(12800K)->12307K(12800K) Class: 1950K(2240K)->1950K(2240K)
[83.930s][info][gc             ] GC(370) Pause Young (Allocation Failure) 407M->8M(1757M) 2.378ms
[83.930s][info][gc,cpu         ] GC(370) User=0.52s Sys=0.00s Real=0.00s
[84.225s][info][gc,start       ] GC(371) Pause Young (Allocation Failure)
[84.228s][info][gc,heap        ] GC(371) PSYoungGen: 400896K(400896K)->1024K(392704K) Eden: 399872K(399872K)->0K(391680K) From: 1024K(1024K)->1024K(1024K)
[84.228s][info][gc,heap        ] GC(371) ParOldGen: 7632K(1398272K)->7736K(1398272K)
[84.228s][info][gc,metaspace   ] GC(371) Metaspace: 14257K(15040K)->14257K(15040K) NonClass: 12307K(12800K)->12307K(12800K) Class: 1950K(2240K)->1950K(2240K)
[84.228s][info][gc             ] GC(371) Pause Young (Allocation Failure) 398M->8M(1749M) 2.438ms
[84.228s][info][gc,cpu         ] GC(371) User=0.00s Sys=0.00s Real=0.00s
[84.515s][info][gc,start       ] GC(372) Pause Young (Allocation Failure)
[84.518s][info][gc,heap        ] GC(372) PSYoungGen: 392704K(392704K)->1024K(384512K) Eden: 391680K(391680K)->0K(383488K) From: 1024K(1024K)->1024K(1024K)
[84.518s][info][gc,heap        ] GC(372) ParOldGen: 7736K(1398272K)->7888K(1398272K)
[84.518s][info][gc,metaspace   ] GC(372) Metaspace: 14257K(15040K)->14257K(15040K) NonClass: 12307K(12800K)->12307K(12800K) Class: 1950K(2240K)->1950K(2240K)
[84.518s][info][gc             ] GC(372) Pause Young (Allocation Failure) 391M->8M(1741M) 2.435ms
[84.518s][info][gc,cpu         ] GC(372) User=0.00s Sys=0.00s Real=0.00s
[84.798s][info][gc,start       ] GC(373) Pause Young (Allocation Failure)
[84.800s][info][gc,heap        ] GC(373) PSYoungGen: 384512K(384512K)->1056K(377344K) Eden: 383488K(383488K)->0K(375808K) From: 1024K(1024K)->1056K(1536K)
[84.800s][info][gc,heap        ] GC(373) ParOldGen: 7888K(1398272K)->7992K(1398272K)
[84.800s][info][gc,metaspace   ] GC(373) Metaspace: 14257K(15040K)->14257K(15040K) NonClass: 12307K(12800K)->12307K(12800K) Class: 1950K(2240K)->1950K(2240K)
[84.800s][info][gc             ] GC(373) Pause Young (Allocation Failure) 383M->8M(1734M) 2.512ms
[84.800s][info][gc,cpu         ] GC(373) User=0.00s Sys=0.00s Real=0.00s
[85.073s][info][gc,start       ] GC(374) Pause Young (Allocation Failure)
[85.076s][info][gc,heap        ] GC(374) PSYoungGen: 376864K(377344K)->1024K(369152K) Eden: 375808K(375808K)->0K(368128K) From: 1056K(1536K)->1024K(1024K)
[85.076s][info][gc,heap        ] GC(374) ParOldGen: 7992K(1398272K)->8104K(1398272K)
[85.076s][info][gc,metaspace   ] GC(374) Metaspace: 14257K(15040K)->14257K(15040K) NonClass: 12307K(12800K)->12307K(12800K) Class: 1950K(2240K)->1950K(2240K)
[85.076s][info][gc             ] GC(374) Pause Young (Allocation Failure) 375M->8M(1726M) 2.573ms
[85.076s][info][gc,cpu         ] GC(374) User=0.00s Sys=0.00s Real=0.00s
[85.346s][info][gc,start       ] GC(375) Pause Young (Allocation Failure)
[85.349s][info][gc,heap        ] GC(375) PSYoungGen: 369152K(369152K)->1024K(361984K) Eden: 368128K(368128K)->0K(360960K) From: 1024K(1024K)->1024K(1024K)
[85.349s][info][gc,heap        ] GC(375) ParOldGen: 8104K(1398272K)->8200K(1398272K)
[85.349s][info][gc,metaspace   ] GC(375) Metaspace: 14257K(15040K)->14257K(15040K) NonClass: 12307K(12800K)->12307K(12800K) Class: 1950K(2240K)->1950K(2240K)
[85.349s][info][gc             ] GC(375) Pause Young (Allocation Failure) 368M->9M(1719M) 2.648ms
[85.349s][info][gc,cpu         ] GC(375) User=0.00s Sys=0.00s Real=0.00s
[85.616s][info][gc,start       ] GC(376) Pause Young (Allocation Failure)
[85.619s][info][gc,heap        ] GC(376) PSYoungGen: 361984K(361984K)->1024K(354816K) Eden: 360960K(360960K)->0K(353792K) From: 1024K(1024K)->1024K(1024K)
[85.619s][info][gc,heap        ] GC(376) ParOldGen: 8200K(1398272K)->8336K(1398272K)
[85.619s][info][gc,metaspace   ] GC(376) Metaspace: 14257K(15040K)->14257K(15040K) NonClass: 12307K(12800K)->12307K(12800K) Class: 1950K(2240K)->1950K(2240K)
[85.619s][info][gc             ] GC(376) Pause Young (Allocation Failure) 361M->9M(1712M) 2.655ms
[85.619s][info][gc,cpu         ] GC(376) User=0.00s Sys=0.00s Real=0.00s
[85.886s][info][gc,start       ] GC(377) Pause Young (Allocation Failure)
[85.889s][info][gc,heap        ] GC(377) PSYoungGen: 354816K(354816K)->1024K(348160K) Eden: 353792K(353792K)->0K(347136K) From: 1024K(1024K)->1024K(1024K)
[85.889s][info][gc,heap        ] GC(377) ParOldGen: 8336K(1398272K)->8448K(1398272K)
[85.889s][info][gc,metaspace   ] GC(377) Metaspace: 14257K(15040K)->14257K(15040K) NonClass: 12307K(12800K)->12307K(12800K) Class: 1950K(2240K)->1950K(2240K)
[85.889s][info][gc             ] GC(377) Pause Young (Allocation Failure) 354M->9M(1705M) 2.805ms
[85.889s][info][gc,cpu         ] GC(377) User=0.00s Sys=0.00s Real=0.00s
[86.153s][info][gc,start       ] GC(378) Pause Young (Allocation Failure)
[86.156s][info][gc,heap        ] GC(378) PSYoungGen: 348160K(348160K)->1024K(341504K) Eden: 347136K(347136K)->0K(340480K) From: 1024K(1024K)->1024K(1024K)
[86.156s][info][gc,heap        ] GC(378) ParOldGen: 8448K(1398272K)->8568K(1398272K)
[86.156s][info][gc,metaspace   ] GC(378) Metaspace: 14257K(15040K)->14257K(15040K) NonClass: 12307K(12800K)->12307K(12800K) Class: 1950K(2240K)->1950K(2240K)
[86.156s][info][gc             ] GC(378) Pause Young (Allocation Failure) 348M->9M(1699M) 2.490ms
[86.156s][info][gc,cpu         ] GC(378) User=0.00s Sys=0.00s Real=0.00s
[86.416s][info][gc,start       ] GC(379) Pause Young (Allocation Failure)
[86.419s][info][gc,heap        ] GC(379) PSYoungGen: 341504K(341504K)->1056K(335360K) Eden: 340480K(340480K)->0K(333824K) From: 1024K(1024K)->1056K(1536K)
[86.419s][info][gc,heap        ] GC(379) ParOldGen: 8568K(1398272K)->8656K(1398272K)
[86.419s][info][gc,metaspace   ] GC(379) Metaspace: 14257K(15040K)->14257K(15040K) NonClass: 12307K(12800K)->12307K(12800K) Class: 1950K(2240K)->1950K(2240K)
[86.419s][info][gc             ] GC(379) Pause Young (Allocation Failure) 341M->9M(1693M) 2.381ms
[86.419s][info][gc,cpu         ] GC(379) User=0.00s Sys=0.00s Real=0.00s
[86.686s][info][gc,start       ] GC(380) Pause Young (Allocation Failure)
[86.688s][info][gc,heap        ] GC(380) PSYoungGen: 334880K(335360K)->1024K(328704K) Eden: 333824K(333824K)->0K(327680K) From: 1056K(1536K)->1024K(1024K)
[86.688s][info][gc,heap        ] GC(380) ParOldGen: 8656K(1398272K)->8776K(1398272K)
[86.688s][info][gc,metaspace   ] GC(380) Metaspace: 14257K(15040K)->14257K(15040K) NonClass: 12307K(12800K)->12307K(12800K) Class: 1950K(2240K)->1950K(2240K)
[86.688s][info][gc             ] GC(380) Pause Young (Allocation Failure) 335M->9M(1686M) 2.257ms
[86.688s][info][gc,cpu         ] GC(380) User=0.00s Sys=0.00s Real=0.00s
[86.928s][info][gc,start       ] GC(381) Pause Young (Allocation Failure)
[86.930s][info][gc,heap        ] GC(381) PSYoungGen: 328704K(328704K)->1024K(322560K) Eden: 327680K(327680K)->0K(321536K) From: 1024K(1024K)->1024K(1024K)
[86.930s][info][gc,heap        ] GC(381) ParOldGen: 8776K(1398272K)->8896K(1398272K)
[86.930s][info][gc,metaspace   ] GC(381) Metaspace: 14257K(15040K)->14257K(15040K) NonClass: 12307K(12800K)->12307K(12800K) Class: 1950K(2240K)->1950K(2240K)
[86.930s][info][gc             ] GC(381) Pause Young (Allocation Failure) 329M->9M(1680M) 2.266ms
[86.930s][info][gc,cpu         ] GC(381) User=0.52s Sys=0.00s Real=0.00s
[87.165s][info][gc,start       ] GC(382) Pause Young (Allocation Failure)
[87.167s][info][gc,heap        ] GC(382) PSYoungGen: 322560K(322560K)->992K(316928K) Eden: 321536K(321536K)->0K(315904K) From: 1024K(1024K)->992K(1024K)
[87.168s][info][gc,heap        ] GC(382) ParOldGen: 8896K(1398272K)->9040K(1398272K)
[87.168s][info][gc,metaspace   ] GC(382) Metaspace: 14257K(15040K)->14257K(15040K) NonClass: 12307K(12800K)->12307K(12800K) Class: 1950K(2240K)->1950K(2240K)
[87.168s][info][gc             ] GC(382) Pause Young (Allocation Failure) 323M->9M(1675M) 2.300ms
[87.168s][info][gc,cpu         ] GC(382) User=0.00s Sys=0.00s Real=0.00s
[87.401s][info][gc,start       ] GC(383) Pause Young (Allocation Failure)
[87.403s][info][gc,heap        ] GC(383) PSYoungGen: 316896K(316928K)->1024K(311296K) Eden: 315904K(315904K)->0K(310272K) From: 992K(1024K)->1024K(1024K)
[87.403s][info][gc,heap        ] GC(383) ParOldGen: 9040K(1398272K)->9120K(1398272K)
[87.403s][info][gc,metaspace   ] GC(383) Metaspace: 14257K(15040K)->14257K(15040K) NonClass: 12307K(12800K)->12307K(12800K) Class: 1950K(2240K)->1950K(2240K)
[87.403s][info][gc             ] GC(383) Pause Young (Allocation Failure) 318M->9M(1669M) 2.284ms
[87.403s][info][gc,cpu         ] GC(383) User=0.00s Sys=0.00s Real=0.00s
[87.631s][info][gc,start       ] GC(384) Pause Young (Allocation Failure)
[87.633s][info][gc,heap        ] GC(384) PSYoungGen: 311296K(311296K)->1024K(305664K) Eden: 310272K(310272K)->0K(304640K) From: 1024K(1024K)->1024K(1024K)
[87.633s][info][gc,heap        ] GC(384) ParOldGen: 9120K(1398272K)->9200K(1398272K)
[87.633s][info][gc,metaspace   ] GC(384) Metaspace: 14257K(15040K)->14257K(15040K) NonClass: 12307K(12800K)->12307K(12800K) Class: 1950K(2240K)->1950K(2240K)
[87.633s][info][gc             ] GC(384) Pause Young (Allocation Failure) 312M->9M(1664M) 2.387ms
[87.633s][info][gc,cpu         ] GC(384) User=0.52s Sys=0.00s Real=0.00s
[87.856s][info][gc,start       ] GC(385) Pause Young (Allocation Failure)
[87.859s][info][gc,heap        ] GC(385) PSYoungGen: 305664K(305664K)->1056K(301056K) Eden: 304640K(304640K)->0K(299520K) From: 1024K(1024K)->1056K(1536K)
[87.859s][info][gc,heap        ] GC(385) ParOldGen: 9200K(1398272K)->9272K(1398272K)
[87.859s][info][gc,metaspace   ] GC(385) Metaspace: 14257K(15040K)->14257K(15040K) NonClass: 12307K(12800K)->12307K(12800K) Class: 1950K(2240K)->1950K(2240K)
[87.859s][info][gc             ] GC(385) Pause Young (Allocation Failure) 307M->10M(1659M) 2.451ms
[87.859s][info][gc,cpu         ] GC(385) User=0.00s Sys=0.00s Real=0.00s
[88.081s][info][gc,start       ] GC(386) Pause Young (Allocation Failure)
[88.083s][info][gc,heap        ] GC(386) PSYoungGen: 300576K(301056K)->1024K(295424K) Eden: 299520K(299520K)->0K(294400K) From: 1056K(1536K)->1024K(1024K)
[88.083s][info][gc,heap        ] GC(386) ParOldGen: 9272K(1398272K)->9384K(1398272K)
[88.083s][info][gc,metaspace   ] GC(386) Metaspace: 14257K(15040K)->14257K(15040K) NonClass: 12307K(12800K)->12307K(12800K) Class: 1950K(2240K)->1950K(2240K)
[88.084s][info][gc             ] GC(386) Pause Young (Allocation Failure) 302M->10M(1654M) 2.442ms
[88.084s][info][gc,cpu         ] GC(386) User=0.00s Sys=0.00s Real=0.00s
[88.298s][info][gc,start       ] GC(387) Pause Young (Allocation Failure)
[88.301s][info][gc,heap        ] GC(387) PSYoungGen: 295424K(295424K)->1024K(290304K) Eden: 294400K(294400K)->0K(289280K) From: 1024K(1024K)->1024K(1024K)
[88.301s][info][gc,heap        ] GC(387) ParOldGen: 9384K(1398272K)->9464K(1398272K)
[88.301s][info][gc,metaspace   ] GC(387) Metaspace: 14257K(15040K)->14257K(15040K) NonClass: 12307K(12800K)->12307K(12800K) Class: 1950K(2240K)->1950K(2240K)
[88.301s][info][gc             ] GC(387) Pause Young (Allocation Failure) 297M->10M(1649M) 2.479ms
[88.301s][info][gc,cpu         ] GC(387) User=0.00s Sys=0.00s Real=0.00s
[88.512s][info][gc,start       ] GC(388) Pause Young (Allocation Failure)
[88.515s][info][gc,heap        ] GC(388) PSYoungGen: 290304K(290304K)->1024K(348160K) Eden: 289280K(289280K)->0K(347136K) From: 1024K(1024K)->1024K(1024K)
[88.515s][info][gc,heap        ] GC(388) ParOldGen: 9464K(1398272K)->9560K(1398272K)
[88.515s][info][gc,metaspace   ] GC(388) Metaspace: 14257K(15040K)->14257K(15040K) NonClass: 12307K(12800K)->12307K(12800K) Class: 1950K(2240K)->1950K(2240K)
[88.515s][info][gc             ] GC(388) Pause Young (Allocation Failure) 292M->10M(1705M) 2.562ms
[88.515s][info][gc,cpu         ] GC(388) User=0.00s Sys=0.00s Real=0.00s
[88.771s][info][gc,start       ] GC(389) Pause Young (Allocation Failure)
[88.774s][info][gc,heap        ] GC(389) PSYoungGen: 348160K(348160K)->1024K(341504K) Eden: 347136K(347136K)->0K(340480K) From: 1024K(1024K)->1024K(1024K)
[88.774s][info][gc,heap        ] GC(389) ParOldGen: 9560K(1398272K)->9632K(1398272K)
[88.774s][info][gc,metaspace   ] GC(389) Metaspace: 14257K(15040K)->14257K(15040K) NonClass: 12307K(12800K)->12307K(12800K) Class: 1950K(2240K)->1950K(2240K)
[88.774s][info][gc             ] GC(389) Pause Young (Allocation Failure) 349M->10M(1699M) 2.668ms
[88.774s][info][gc,cpu         ] GC(389) User=0.00s Sys=0.00s Real=0.00s
[89.023s][info][gc,start       ] GC(390) Pause Young (Allocation Failure)
[89.025s][info][gc,heap        ] GC(390) PSYoungGen: 341504K(341504K)->1024K(409600K) Eden: 340480K(340480K)->0K(408576K) From: 1024K(1024K)->1024K(1024K)
[89.025s][info][gc,heap        ] GC(390) ParOldGen: 9632K(1398272K)->9728K(1398272K)
[89.025s][info][gc,metaspace   ] GC(390) Metaspace: 14257K(15040K)->14257K(15040K) NonClass: 12307K(12800K)->12307K(12800K) Class: 1950K(2240K)->1950K(2240K)
[89.025s][info][gc             ] GC(390) Pause Young (Allocation Failure) 342M->10M(1765M) 2.700ms
[89.026s][info][gc,cpu         ] GC(390) User=0.52s Sys=0.00s Real=0.00s
[89.327s][info][gc,start       ] GC(391) Pause Young (Allocation Failure)
[89.330s][info][gc,heap        ] GC(391) PSYoungGen: 409600K(409600K)->1024K(400896K) Eden: 408576K(408576K)->0K(399872K) From: 1024K(1024K)->1024K(1024K)
[89.330s][info][gc,heap        ] GC(391) ParOldGen: 9728K(1398272K)->9808K(1398272K)
[89.330s][info][gc,metaspace   ] GC(391) Metaspace: 14257K(15040K)->14257K(15040K) NonClass: 12307K(12800K)->12307K(12800K) Class: 1950K(2240K)->1950K(2240K)
[89.330s][info][gc             ] GC(391) Pause Young (Allocation Failure) 409M->10M(1757M) 2.853ms
[89.330s][info][gc,cpu         ] GC(391) User=0.00s Sys=0.00s Real=0.00s
[89.623s][info][gc,start       ] GC(392) Pause Young (Allocation Failure)
[89.626s][info][gc,heap        ] GC(392) PSYoungGen: 400896K(400896K)->1024K(392704K) Eden: 399872K(399872K)->0K(391680K) From: 1024K(1024K)->1024K(1024K)
[89.626s][info][gc,heap        ] GC(392) ParOldGen: 9808K(1398272K)->9912K(1398272K)
[89.626s][info][gc,metaspace   ] GC(392) Metaspace: 14257K(15040K)->14257K(15040K) NonClass: 12307K(12800K)->12307K(12800K) Class: 1950K(2240K)->1950K(2240K)
[89.626s][info][gc             ] GC(392) Pause Young (Allocation Failure) 401M->10M(1749M) 2.870ms
[89.626s][info][gc,cpu         ] GC(392) User=0.00s Sys=0.00s Real=0.00s
[89.915s][info][gc,start       ] GC(393) Pause Young (Allocation Failure)
[89.918s][info][gc,heap        ] GC(393) PSYoungGen: 392704K(392704K)->1024K(384512K) Eden: 391680K(391680K)->0K(383488K) From: 1024K(1024K)->1024K(1024K)
[89.918s][info][gc,heap        ] GC(393) ParOldGen: 9912K(1398272K)->10008K(1398272K)
[89.918s][info][gc,metaspace   ] GC(393) Metaspace: 14257K(15040K)->14257K(15040K) NonClass: 12307K(12800K)->12307K(12800K) Class: 1950K(2240K)->1950K(2240K)
[89.918s][info][gc             ] GC(393) Pause Young (Allocation Failure) 393M->10M(1741M) 2.764ms
[89.918s][info][gc,cpu         ] GC(393) User=0.00s Sys=0.00s Real=0.00s
[90.239s][info][gc,start       ] GC(394) Pause Young (Allocation Failure)
[90.242s][info][gc,heap        ] GC(394) PSYoungGen: 384512K(384512K)->1024K(376832K) Eden: 383488K(383488K)->0K(375808K) From: 1024K(1024K)->1024K(1024K)
[90.242s][info][gc,heap        ] GC(394) ParOldGen: 10008K(1398272K)->10096K(1398272K)
[90.242s][info][gc,metaspace   ] GC(394) Metaspace: 14257K(15040K)->14257K(15040K) NonClass: 12307K(12800K)->12307K(12800K) Class: 1950K(2240K)->1950K(2240K)
[90.242s][info][gc             ] GC(394) Pause Young (Allocation Failure) 385M->10M(1733M) 2.550ms
[90.242s][info][gc,cpu         ] GC(394) User=0.00s Sys=0.00s Real=0.00s
[90.517s][info][gc,start       ] GC(395) Pause Young (Allocation Failure)
[90.520s][info][gc,heap        ] GC(395) PSYoungGen: 376832K(376832K)->1024K(369152K) Eden: 375808K(375808K)->0K(368128K) From: 1024K(1024K)->1024K(1024K)
[90.520s][info][gc,heap        ] GC(395) ParOldGen: 10096K(1398272K)->10216K(1398272K)
[90.520s][info][gc,metaspace   ] GC(395) Metaspace: 14257K(15040K)->14257K(15040K) NonClass: 12307K(12800K)->12307K(12800K) Class: 1950K(2240K)->1950K(2240K)
[90.520s][info][gc             ] GC(395) Pause Young (Allocation Failure) 377M->10M(1726M) 2.537ms
[90.520s][info][gc,cpu         ] GC(395) User=0.00s Sys=0.00s Real=0.00s
[90.792s][info][gc,start       ] GC(396) Pause Young (Allocation Failure)
[90.794s][info][gc,heap        ] GC(396) PSYoungGen: 369152K(369152K)->1024K(361984K) Eden: 368128K(368128K)->0K(360960K) From: 1024K(1024K)->1024K(1024K)
[90.794s][info][gc,heap        ] GC(396) ParOldGen: 10216K(1398272K)->10320K(1398272K)
[90.794s][info][gc,metaspace   ] GC(396) Metaspace: 14257K(15040K)->14257K(15040K) NonClass: 12307K(12800K)->12307K(12800K) Class: 1950K(2240K)->1950K(2240K)
[90.794s][info][gc             ] GC(396) Pause Young (Allocation Failure) 370M->11M(1719M) 2.515ms
[90.794s][info][gc,cpu         ] GC(396) User=0.00s Sys=0.00s Real=0.00s
[91.066s][info][gc,start       ] GC(397) Pause Young (Allocation Failure)
[91.068s][info][gc,heap        ] GC(397) PSYoungGen: 361984K(361984K)->1024K(354816K) Eden: 360960K(360960K)->0K(353792K) From: 1024K(1024K)->1024K(1024K)
[91.068s][info][gc,heap        ] GC(397) ParOldGen: 10320K(1398272K)->10416K(1398272K)
[91.068s][info][gc,metaspace   ] GC(397) Metaspace: 14257K(15040K)->14257K(15040K) NonClass: 12307K(12800K)->12307K(12800K) Class: 1950K(2240K)->1950K(2240K)
[91.068s][info][gc             ] GC(397) Pause Young (Allocation Failure) 363M->11M(1712M) 2.624ms
[91.068s][info][gc,cpu         ] GC(397) User=0.00s Sys=0.00s Real=0.00s
[91.329s][info][gc,start       ] GC(398) Pause Young (Allocation Failure)
[91.332s][info][gc,heap        ] GC(398) PSYoungGen: 354816K(354816K)->992K(348160K) Eden: 353792K(353792K)->0K(347136K) From: 1024K(1024K)->992K(1024K)
[91.332s][info][gc,heap        ] GC(398) ParOldGen: 10416K(1398272K)->10528K(1398272K)
[91.332s][info][gc,metaspace   ] GC(398) Metaspace: 14257K(15040K)->14257K(15040K) NonClass: 12307K(12800K)->12307K(12800K) Class: 1950K(2240K)->1950K(2240K)
[91.332s][info][gc             ] GC(398) Pause Young (Allocation Failure) 356M->11M(1705M) 2.559ms
[91.332s][info][gc,cpu         ] GC(398) User=0.00s Sys=0.00s Real=0.00s
[91.585s][info][gc,start       ] GC(399) Pause Young (Allocation Failure)
[91.588s][info][gc,heap        ] GC(399) PSYoungGen: 348128K(348160K)->1024K(341504K) Eden: 347136K(347136K)->0K(340480K) From: 992K(1024K)->1024K(1024K)
[91.588s][info][gc,heap        ] GC(399) ParOldGen: 10528K(1398272K)->10608K(1398272K)
[91.588s][info][gc,metaspace   ] GC(399) Metaspace: 14257K(15040K)->14257K(15040K) NonClass: 12307K(12800K)->12307K(12800K) Class: 1950K(2240K)->1950K(2240K)
[91.588s][info][gc             ] GC(399) Pause Young (Allocation Failure) 350M->11M(1699M) 2.595ms
[91.588s][info][gc,cpu         ] GC(399) User=0.52s Sys=0.00s Real=0.00s
[91.841s][info][gc,start       ] GC(400) Pause Young (Allocation Failure)
[91.844s][info][gc,heap        ] GC(400) PSYoungGen: 341504K(341504K)->1024K(334848K) Eden: 340480K(340480K)->0K(333824K) From: 1024K(1024K)->1024K(1024K)
[91.844s][info][gc,heap        ] GC(400) ParOldGen: 10608K(1398272K)->10704K(1398272K)
[91.844s][info][gc,metaspace   ] GC(400) Metaspace: 14257K(15040K)->14257K(15040K) NonClass: 12307K(12800K)->12307K(12800K) Class: 1950K(2240K)->1950K(2240K)
[91.844s][info][gc             ] GC(400) Pause Young (Allocation Failure) 343M->11M(1692M) 2.630ms
[91.844s][info][gc,cpu         ] GC(400) User=0.00s Sys=0.00s Real=0.00s
[92.090s][info][gc,start       ] GC(401) Pause Young (Allocation Failure)
[92.092s][info][gc,heap        ] GC(401) PSYoungGen: 334848K(334848K)->1056K(329216K) Eden: 333824K(333824K)->0K(327680K) From: 1024K(1024K)->1056K(1536K)
[92.092s][info][gc,heap        ] GC(401) ParOldGen: 10704K(1398272K)->10812K(1398272K)
[92.092s][info][gc,metaspace   ] GC(401) Metaspace: 14257K(15040K)->14257K(15040K) NonClass: 12307K(12800K)->12307K(12800K) Class: 1950K(2240K)->1950K(2240K)
[92.092s][info][gc             ] GC(401) Pause Young (Allocation Failure) 337M->11M(1687M) 2.647ms
[92.093s][info][gc,cpu         ] GC(401) User=0.00s Sys=0.00s Real=0.00s
[92.334s][info][gc,start       ] GC(402) Pause Young (Allocation Failure)
[92.336s][info][gc,heap        ] GC(402) PSYoungGen: 328736K(329216K)->1024K(322560K) Eden: 327680K(327680K)->0K(321536K) From: 1056K(1536K)->1024K(1024K)
[92.337s][info][gc,heap        ] GC(402) ParOldGen: 10812K(1398272K)->10908K(1398272K)
[92.337s][info][gc,metaspace   ] GC(402) Metaspace: 14257K(15040K)->14257K(15040K) NonClass: 12307K(12800K)->12307K(12800K) Class: 1950K(2240K)->1950K(2240K)
[92.337s][info][gc             ] GC(402) Pause Young (Allocation Failure) 331M->11M(1680M) 2.670ms
[92.337s][info][gc,cpu         ] GC(402) User=0.52s Sys=0.00s Real=0.00s
[92.714s][info][gc,start       ] GC(403) Pause Young (Allocation Failure)
[92.717s][info][gc,heap        ] GC(403) PSYoungGen: 322560K(322560K)->1024K(316928K) Eden: 321536K(321536K)->0K(315904K) From: 1024K(1024K)->1024K(1024K)
[92.717s][info][gc,heap        ] GC(403) ParOldGen: 10908K(1398272K)->10988K(1398272K)
[92.717s][info][gc,metaspace   ] GC(403) Metaspace: 14257K(15040K)->14257K(15040K) NonClass: 12307K(12800K)->12307K(12800K) Class: 1950K(2240K)->1950K(2240K)
[92.717s][info][gc             ] GC(403) Pause Young (Allocation Failure) 325M->11M(1675M) 3.706ms
[92.718s][info][gc,cpu         ] GC(403) User=0.00s Sys=0.00s Real=0.00s
[92.967s][info][gc,start       ] GC(404) Pause Young (Allocation Failure)
[92.970s][info][gc,heap        ] GC(404) PSYoungGen: 316928K(316928K)->1024K(311296K) Eden: 315904K(315904K)->0K(310272K) From: 1024K(1024K)->1024K(1024K)
[92.970s][info][gc,heap        ] GC(404) ParOldGen: 10988K(1398272K)->11092K(1398272K)
[92.970s][info][gc,metaspace   ] GC(404) Metaspace: 14257K(15040K)->14257K(15040K) NonClass: 12307K(12800K)->12307K(12800K) Class: 1950K(2240K)->1950K(2240K)
[92.970s][info][gc             ] GC(404) Pause Young (Allocation Failure) 320M->11M(1669M) 2.519ms
[92.970s][info][gc,cpu         ] GC(404) User=0.00s Sys=0.00s Real=0.00s
[93.229s][info][gc,start       ] GC(405) Pause Young (Allocation Failure)
[93.231s][info][gc,heap        ] GC(405) PSYoungGen: 311296K(311296K)->1056K(306176K) Eden: 310272K(310272K)->0K(304640K) From: 1024K(1024K)->1056K(1536K)
[93.231s][info][gc,heap        ] GC(405) ParOldGen: 11092K(1398272K)->11196K(1398272K)
[93.231s][info][gc,metaspace   ] GC(405) Metaspace: 14257K(15040K)->14257K(15040K) NonClass: 12307K(12800K)->12307K(12800K) Class: 1950K(2240K)->1950K(2240K)
[93.231s][info][gc             ] GC(405) Pause Young (Allocation Failure) 314M->11M(1664M) 2.342ms
[93.231s][info][gc,cpu         ] GC(405) User=0.00s Sys=0.00s Real=0.00s
[93.453s][info][gc,start       ] GC(406) Pause Young (Allocation Failure)
[93.456s][info][gc,heap        ] GC(406) PSYoungGen: 305696K(306176K)->1024K(300544K) Eden: 304640K(304640K)->0K(299520K) From: 1056K(1536K)->1024K(1024K)
[93.456s][info][gc,heap        ] GC(406) ParOldGen: 11196K(1398272K)->11324K(1398272K)
[93.456s][info][gc,metaspace   ] GC(406) Metaspace: 14257K(15040K)->14257K(15040K) NonClass: 12307K(12800K)->12307K(12800K) Class: 1950K(2240K)->1950K(2240K)
[93.456s][info][gc             ] GC(406) Pause Young (Allocation Failure) 309M->12M(1659M) 2.282ms
[93.456s][info][gc,cpu         ] GC(406) User=0.00s Sys=0.00s Real=0.00s
[93.674s][info][gc,start       ] GC(407) Pause Young (Allocation Failure)
[93.676s][info][gc,heap        ] GC(407) PSYoungGen: 300544K(300544K)->1024K(295424K) Eden: 299520K(299520K)->0K(294400K) From: 1024K(1024K)->1024K(1024K)
[93.676s][info][gc,heap        ] GC(407) ParOldGen: 11324K(1398272K)->11428K(1398272K)
[93.676s][info][gc,metaspace   ] GC(407) Metaspace: 14257K(15040K)->14257K(15040K) NonClass: 12307K(12800K)->12307K(12800K) Class: 1950K(2240K)->1950K(2240K)
[93.676s][info][gc             ] GC(407) Pause Young (Allocation Failure) 304M->12M(1654M) 2.332ms
[93.676s][info][gc,cpu         ] GC(407) User=0.00s Sys=0.00s Real=0.00s
[93.885s][info][gc,start       ] GC(408) Pause Young (Allocation Failure)
[93.887s][info][gc,heap        ] GC(408) PSYoungGen: 295424K(295424K)->1024K(290304K) Eden: 294400K(294400K)->0K(289280K) From: 1024K(1024K)->1024K(1024K)
[93.887s][info][gc,heap        ] GC(408) ParOldGen: 11428K(1398272K)->11540K(1398272K)
[93.887s][info][gc,metaspace   ] GC(408) Metaspace: 14257K(15040K)->14257K(15040K) NonClass: 12307K(12800K)->12307K(12800K) Class: 1950K(2240K)->1950K(2240K)
[93.887s][info][gc             ] GC(408) Pause Young (Allocation Failure) 299M->12M(1649M) 2.326ms
[93.887s][info][gc,cpu         ] GC(408) User=0.00s Sys=0.00s Real=0.00s
[94.087s][info][gc,start       ] GC(409) Pause Young (Allocation Failure)
[94.090s][info][gc,heap        ] GC(409) PSYoungGen: 290304K(290304K)->1056K(285696K) Eden: 289280K(289280K)->0K(284160K) From: 1024K(1024K)->1056K(1536K)
[94.090s][info][gc,heap        ] GC(409) ParOldGen: 11540K(1398272K)->11604K(1398272K)
[94.090s][info][gc,metaspace   ] GC(409) Metaspace: 14257K(15040K)->14257K(15040K) NonClass: 12307K(12800K)->12307K(12800K) Class: 1950K(2240K)->1950K(2240K)
[94.090s][info][gc             ] GC(409) Pause Young (Allocation Failure) 294M->12M(1644M) 2.382ms
[94.090s][info][gc,cpu         ] GC(409) User=0.00s Sys=0.00s Real=0.00s
[94.278s][info][gc,start       ] GC(410) Pause Young (Allocation Failure)
[94.281s][info][gc,heap        ] GC(410) PSYoungGen: 285216K(285696K)->960K(342016K) Eden: 284160K(284160K)->0K(340992K) From: 1056K(1536K)->960K(1024K)
[94.281s][info][gc,heap        ] GC(410) ParOldGen: 11604K(1398272K)->11692K(1398272K)
[94.281s][info][gc,metaspace   ] GC(410) Metaspace: 14257K(15040K)->14257K(15040K) NonClass: 12307K(12800K)->12307K(12800K) Class: 1950K(2240K)->1950K(2240K)
[94.281s][info][gc             ] GC(410) Pause Young (Allocation Failure) 289M->12M(1699M) 2.302ms
[94.281s][info][gc,cpu         ] GC(410) User=0.00s Sys=0.00s Real=0.00s
[94.472s][info][gc,start       ] GC(411) Pause Young (Allocation Failure)
[94.474s][info][gc,heap        ] GC(411) PSYoungGen: 341952K(342016K)->768K(410624K) Eden: 340992K(340992K)->0K(409600K) From: 960K(1024K)->768K(1024K)
[94.474s][info][gc,heap        ] GC(411) ParOldGen: 11692K(1398272K)->11772K(1398272K)
[94.474s][info][gc,metaspace   ] GC(411) Metaspace: 14257K(15040K)->14257K(15040K) NonClass: 12307K(12800K)->12307K(12800K) Class: 1950K(2240K)->1950K(2240K)
[94.474s][info][gc             ] GC(411) Pause Young (Allocation Failure) 345M->12M(1766M) 2.644ms
[94.474s][info][gc,cpu         ] GC(411) User=0.00s Sys=0.00s Real=0.00s
[94.638s][info][gc,start       ] GC(412) Pause Young (System.gc())
[94.641s][info][gc,heap        ] GC(412) PSYoungGen: 236676K(410624K)->352K(410112K) Eden: 235908K(409600K)->0K(409600K) From: 768K(1024K)->352K(512K)
[94.641s][info][gc,heap        ] GC(412) ParOldGen: 11772K(1398272K)->11836K(1398272K)
[94.641s][info][gc,metaspace   ] GC(412) Metaspace: 14258K(15040K)->14258K(15040K) NonClass: 12308K(12800K)->12308K(12800K) Class: 1950K(2240K)->1950K(2240K)
[94.641s][info][gc             ] GC(412) Pause Young (System.gc()) 242M->11M(1766M) 2.255ms
[94.641s][info][gc,cpu         ] GC(412) User=0.00s Sys=0.00s Real=0.00s
[94.641s][info][gc,start       ] GC(413) Pause Full (System.gc())
[94.641s][info][gc,phases,start] GC(413) Marking Phase
[94.655s][info][gc,phases      ] GC(413) Marking Phase 14.151ms
[94.655s][info][gc,phases,start] GC(413) Summary Phase
[94.655s][info][gc,phases      ] GC(413) Summary Phase 0.019ms
[94.655s][info][gc,phases,start] GC(413) Adjust Roots
[94.661s][info][gc,phases      ] GC(413) Adjust Roots 6.033ms
[94.661s][info][gc,phases,start] GC(413) Compaction Phase
[94.663s][info][gc,phases      ] GC(413) Compaction Phase 1.969ms
[94.663s][info][gc,phases,start] GC(413) Post Compact
[94.664s][info][gc,phases      ] GC(413) Post Compact 0.557ms
[94.664s][info][gc,heap        ] GC(413) PSYoungGen: 352K(410112K)->0K(410112K) Eden: 0K(409600K)->0K(409600K) From: 352K(512K)->0K(512K)
[94.664s][info][gc,heap        ] GC(413) ParOldGen: 11836K(1398272K)->5366K(1398272K)
[94.664s][info][gc,metaspace   ] GC(413) Metaspace: 14258K(15040K)->14258K(15040K) NonClass: 12308K(12800K)->12308K(12800K) Class: 1950K(2240K)->1950K(2240K)
[94.664s][info][gc             ] GC(413) Pause Full (System.gc()) 11M->5M(1766M) 23.000ms
[94.664s][info][gc,cpu         ] GC(413) User=0.02s Sys=0.00s Real=0.02s
[95.032s][info][gc,start       ] GC(414) Pause Young (Allocation Failure)
[95.035s][info][gc,heap        ] GC(414) PSYoungGen: 409600K(410112K)->1536K(493056K) Eden: 409600K(409600K)->0K(491520K) From: 0K(512K)->1536K(1536K)
[95.035s][info][gc,heap        ] GC(414) ParOldGen: 5366K(1398272K)->5785K(1398272K)
[95.035s][info][gc,metaspace   ] GC(414) Metaspace: 14262K(15040K)->14262K(15040K) NonClass: 12311K(12800K)->12311K(12800K) Class: 1950K(2240K)->1950K(2240K)
[95.035s][info][gc             ] GC(414) Pause Young (Allocation Failure) 405M->7M(1847M) 3.345ms
[95.035s][info][gc,cpu         ] GC(414) User=0.00s Sys=0.00s Real=0.00s
[95.416s][info][gc,start       ] GC(415) Pause Young (Allocation Failure)
[95.419s][info][gc,heap        ] GC(415) PSYoungGen: 493056K(493056K)->1024K(480768K) Eden: 491520K(491520K)->0K(479744K) From: 1536K(1536K)->1024K(1024K)
[95.419s][info][gc,heap        ] GC(415) ParOldGen: 5785K(1398272K)->7075K(1398272K)
[95.419s][info][gc,metaspace   ] GC(415) Metaspace: 14262K(15040K)->14262K(15040K) NonClass: 12311K(12800K)->12311K(12800K) Class: 1950K(2240K)->1950K(2240K)
[95.419s][info][gc             ] GC(415) Pause Young (Allocation Failure) 487M->7M(1835M) 3.005ms
[95.419s][info][gc,cpu         ] GC(415) User=0.00s Sys=0.00s Real=0.00s
[95.792s][info][gc,start       ] GC(416) Pause Young (Allocation Failure)
[95.794s][info][gc,heap        ] GC(416) PSYoungGen: 480768K(480768K)->1024K(469504K) Eden: 479744K(479744K)->0K(468480K) From: 1024K(1024K)->1024K(1024K)
[95.795s][info][gc,heap        ] GC(416) ParOldGen: 7075K(1398272K)->7243K(1398272K)
[95.795s][info][gc,metaspace   ] GC(416) Metaspace: 14262K(15040K)->14262K(15040K) NonClass: 12311K(12800K)->12311K(12800K) Class: 1950K(2240K)->1950K(2240K)
[95.795s][info][gc             ] GC(416) Pause Young (Allocation Failure) 476M->8M(1824M) 3.001ms
[95.795s][info][gc,cpu         ] GC(416) User=0.00s Sys=0.00s Real=0.00s
[96.160s][info][gc,start       ] GC(417) Pause Young (Allocation Failure)
[96.163s][info][gc,heap        ] GC(417) PSYoungGen: 469504K(469504K)->1024K(458752K) Eden: 468480K(468480K)->0K(457728K) From: 1024K(1024K)->1024K(1024K)
[96.163s][info][gc,heap        ] GC(417) ParOldGen: 7243K(1398272K)->7403K(1398272K)
[96.163s][info][gc,metaspace   ] GC(417) Metaspace: 14262K(15040K)->14262K(15040K) NonClass: 12311K(12800K)->12311K(12800K) Class: 1950K(2240K)->1950K(2240K)
[96.163s][info][gc             ] GC(417) Pause Young (Allocation Failure) 465M->8M(1813M) 3.019ms
[96.163s][info][gc,cpu         ] GC(417) User=0.00s Sys=0.00s Real=0.00s
[96.601s][info][gc,start       ] GC(418) Pause Young (Allocation Failure)
[96.605s][info][gc,heap        ] GC(418) PSYoungGen: 458752K(458752K)->1024K(448512K) Eden: 457728K(457728K)->0K(447488K) From: 1024K(1024K)->1024K(1024K)
[96.605s][info][gc,heap        ] GC(418) ParOldGen: 7403K(1398272K)->7555K(1398272K)
[96.605s][info][gc,metaspace   ] GC(418) Metaspace: 14262K(15040K)->14262K(15040K) NonClass: 12311K(12800K)->12311K(12800K) Class: 1950K(2240K)->1950K(2240K)
[96.605s][info][gc             ] GC(418) Pause Young (Allocation Failure) 455M->8M(1803M) 4.131ms
[96.605s][info][gc,cpu         ] GC(418) User=0.00s Sys=0.00s Real=0.00s
[96.979s][info][gc,start       ] GC(419) Pause Young (Allocation Failure)
[96.982s][info][gc,heap        ] GC(419) PSYoungGen: 448512K(448512K)->1024K(438272K) Eden: 447488K(447488K)->0K(437248K) From: 1024K(1024K)->1024K(1024K)
[96.982s][info][gc,heap        ] GC(419) ParOldGen: 7555K(1398272K)->7683K(1398272K)
[96.982s][info][gc,metaspace   ] GC(419) Metaspace: 14262K(15040K)->14262K(15040K) NonClass: 12311K(12800K)->12311K(12800K) Class: 1950K(2240K)->1950K(2240K)
[96.982s][info][gc             ] GC(419) Pause Young (Allocation Failure) 445M->8M(1793M) 2.760ms
[96.982s][info][gc,cpu         ] GC(419) User=0.00s Sys=0.00s Real=0.00s
[97.347s][info][gc,start       ] GC(420) Pause Young (Allocation Failure)
[97.350s][info][gc,heap        ] GC(420) PSYoungGen: 438272K(438272K)->1056K(429056K) Eden: 437248K(437248K)->0K(427520K) From: 1024K(1024K)->1056K(1536K)
[97.350s][info][gc,heap        ] GC(420) ParOldGen: 7683K(1398272K)->7827K(1398272K)
[97.350s][info][gc,metaspace   ] GC(420) Metaspace: 14262K(15040K)->14262K(15040K) NonClass: 12311K(12800K)->12311K(12800K) Class: 1950K(2240K)->1950K(2240K)
[97.350s][info][gc             ] GC(420) Pause Young (Allocation Failure) 435M->8M(1784M) 2.707ms
[97.350s][info][gc,cpu         ] GC(420) User=0.00s Sys=0.00s Real=0.00s
[97.685s][info][gc,start       ] GC(421) Pause Young (Allocation Failure)
[97.687s][info][gc,heap        ] GC(421) PSYoungGen: 428576K(429056K)->1024K(419328K) Eden: 427520K(427520K)->0K(418304K) From: 1056K(1536K)->1024K(1024K)
[97.692s][info][gc,heap        ] GC(421) ParOldGen: 7827K(1398272K)->7955K(1398272K)
[97.692s][info][gc,metaspace   ] GC(421) Metaspace: 14262K(15040K)->14262K(15040K) NonClass: 12311K(12800K)->12311K(12800K) Class: 1950K(2240K)->1950K(2240K)
[97.692s][info][gc             ] GC(421) Pause Young (Allocation Failure) 426M->8M(1775M) 7.146ms
[97.692s][info][gc,cpu         ] GC(421) User=0.00s Sys=0.00s Real=0.01s
[98.018s][info][gc,start       ] GC(422) Pause Young (Allocation Failure)
[98.020s][info][gc,heap        ] GC(422) PSYoungGen: 419328K(419328K)->1024K(410112K) Eden: 418304K(418304K)->0K(409088K) From: 1024K(1024K)->1024K(1024K)
[98.020s][info][gc,heap        ] GC(422) ParOldGen: 7955K(1398272K)->8059K(1398272K)
[98.020s][info][gc,metaspace   ] GC(422) Metaspace: 14262K(15040K)->14262K(15040K) NonClass: 12311K(12800K)->12311K(12800K) Class: 1950K(2240K)->1950K(2240K)
[98.020s][info][gc             ] GC(422) Pause Young (Allocation Failure) 417M->8M(1766M) 2.622ms
[98.020s][info][gc,cpu         ] GC(422) User=0.00s Sys=0.00s Real=0.00s
[98.341s][info][gc,start       ] GC(423) Pause Young (Allocation Failure)
[98.343s][info][gc,heap        ] GC(423) PSYoungGen: 410112K(410112K)->1024K(401408K) Eden: 409088K(409088K)->0K(400384K) From: 1024K(1024K)->1024K(1024K)
[98.344s][info][gc,heap        ] GC(423) ParOldGen: 8059K(1398272K)->8203K(1398272K)
[98.344s][info][gc,metaspace   ] GC(423) Metaspace: 14262K(15040K)->14262K(15040K) NonClass: 12311K(12800K)->12311K(12800K) Class: 1950K(2240K)->1950K(2240K)
[98.344s][info][gc             ] GC(423) Pause Young (Allocation Failure) 408M->9M(1757M) 2.683ms
[98.344s][info][gc,cpu         ] GC(423) User=0.00s Sys=0.00s Real=0.00s
[98.656s][info][gc,start       ] GC(424) Pause Young (Allocation Failure)
[98.659s][info][gc,heap        ] GC(424) PSYoungGen: 401408K(401408K)->1056K(393728K) Eden: 400384K(400384K)->0K(392192K) From: 1024K(1024K)->1056K(1536K)
[98.659s][info][gc,heap        ] GC(424) ParOldGen: 8203K(1398272K)->8307K(1398272K)
[98.659s][info][gc,metaspace   ] GC(424) Metaspace: 14262K(15040K)->14262K(15040K) NonClass: 12311K(12800K)->12311K(12800K) Class: 1950K(2240K)->1950K(2240K)
[98.659s][info][gc             ] GC(424) Pause Young (Allocation Failure) 400M->9M(1750M) 2.779ms
[98.659s][info][gc,cpu         ] GC(424) User=0.00s Sys=0.00s Real=0.00s
[98.966s][info][gc,start       ] GC(425) Pause Young (Allocation Failure)
[98.969s][info][gc,heap        ] GC(425) PSYoungGen: 393248K(393728K)->1024K(385024K) Eden: 392192K(392192K)->0K(384000K) From: 1056K(1536K)->1024K(1024K)
[98.969s][info][gc,heap        ] GC(425) ParOldGen: 8307K(1398272K)->8435K(1398272K)
[98.969s][info][gc,metaspace   ] GC(425) Metaspace: 14262K(15040K)->14262K(15040K) NonClass: 12311K(12800K)->12311K(12800K) Class: 1950K(2240K)->1950K(2240K)
[98.969s][info][gc             ] GC(425) Pause Young (Allocation Failure) 392M->9M(1741M) 2.831ms
[98.969s][info][gc,cpu         ] GC(425) User=0.00s Sys=0.00s Real=0.00s
[99.268s][info][gc,start       ] GC(426) Pause Young (Allocation Failure)
[99.271s][info][gc,heap        ] GC(426) PSYoungGen: 385024K(385024K)->1024K(377344K) Eden: 384000K(384000K)->0K(376320K) From: 1024K(1024K)->1024K(1024K)
[99.271s][info][gc,heap        ] GC(426) ParOldGen: 8435K(1398272K)->8563K(1398272K)
[99.271s][info][gc,metaspace   ] GC(426) Metaspace: 14262K(15040K)->14262K(15040K) NonClass: 12311K(12800K)->12311K(12800K) Class: 1950K(2240K)->1950K(2240K)
[99.271s][info][gc             ] GC(426) Pause Young (Allocation Failure) 384M->9M(1734M) 2.882ms
[99.271s][info][gc,cpu         ] GC(426) User=0.00s Sys=0.00s Real=0.00s
[99.568s][info][gc,start       ] GC(427) Pause Young (Allocation Failure)
[99.571s][info][gc,heap        ] GC(427) PSYoungGen: 377344K(377344K)->1024K(369664K) Eden: 376320K(376320K)->0K(368640K) From: 1024K(1024K)->1024K(1024K)
[99.571s][info][gc,heap        ] GC(427) ParOldGen: 8563K(1398272K)->8675K(1398272K)
[99.571s][info][gc,metaspace   ] GC(427) Metaspace: 14262K(15040K)->14262K(15040K) NonClass: 12311K(12800K)->12311K(12800K) Class: 1950K(2240K)->1950K(2240K)
[99.571s][info][gc             ] GC(427) Pause Young (Allocation Failure) 376M->9M(1726M) 2.850ms
[99.571s][info][gc,cpu         ] GC(427) User=0.00s Sys=0.00s Real=0.00s
[99.888s][info][gc,start       ] GC(428) Pause Young (Allocation Failure)
[99.890s][info][gc,heap        ] GC(428) PSYoungGen: 369664K(369664K)->1024K(362496K) Eden: 368640K(368640K)->0K(361472K) From: 1024K(1024K)->1024K(1024K)
[99.890s][info][gc,heap        ] GC(428) ParOldGen: 8675K(1398272K)->8755K(1398272K)
[99.890s][info][gc,metaspace   ] GC(428) Metaspace: 14262K(15040K)->14262K(15040K) NonClass: 12311K(12800K)->12311K(12800K) Class: 1950K(2240K)->1950K(2240K)
[99.890s][info][gc             ] GC(428) Pause Young (Allocation Failure) 369M->9M(1719M) 2.598ms
[99.890s][info][gc,cpu         ] GC(428) User=0.00s Sys=0.00s Real=0.00s
[100.183s][info][gc,start       ] GC(429) Pause Young (Allocation Failure)
[100.186s][info][gc,heap        ] GC(429) PSYoungGen: 362496K(362496K)->992K(355328K) Eden: 361472K(361472K)->0K(354304K) From: 1024K(1024K)->992K(1024K)
[100.186s][info][gc,heap        ] GC(429) ParOldGen: 8755K(1398272K)->8891K(1398272K)
[100.186s][info][gc,metaspace   ] GC(429) Metaspace: 14262K(15040K)->14262K(15040K) NonClass: 12311K(12800K)->12311K(12800K) Class: 1950K(2240K)->1950K(2240K)
[100.186s][info][gc             ] GC(429) Pause Young (Allocation Failure) 362M->9M(1712M) 2.496ms
[100.186s][info][gc,cpu         ] GC(429) User=0.00s Sys=0.00s Real=0.00s
[100.464s][info][gc,start       ] GC(430) Pause Young (Allocation Failure)
[100.466s][info][gc,heap        ] GC(430) PSYoungGen: 355296K(355328K)->1024K(348672K) Eden: 354304K(354304K)->0K(347648K) From: 992K(1024K)->1024K(1024K)
[100.466s][info][gc,heap        ] GC(430) ParOldGen: 8891K(1398272K)->8987K(1398272K)
[100.466s][info][gc,metaspace   ] GC(430) Metaspace: 14262K(15040K)->14262K(15040K) NonClass: 12311K(12800K)->12311K(12800K) Class: 1950K(2240K)->1950K(2240K)
[100.466s][info][gc             ] GC(430) Pause Young (Allocation Failure) 355M->9M(1706M) 2.501ms
[100.466s][info][gc,cpu         ] GC(430) User=0.00s Sys=0.00s Real=0.00s
[100.734s][info][gc,start       ] GC(431) Pause Young (Allocation Failure)
[100.737s][info][gc,heap        ] GC(431) PSYoungGen: 348672K(348672K)->1024K(342016K) Eden: 347648K(347648K)->0K(340992K) From: 1024K(1024K)->1024K(1024K)
[100.737s][info][gc,heap        ] GC(431) ParOldGen: 8987K(1398272K)->9099K(1398272K)
[100.737s][info][gc,metaspace   ] GC(431) Metaspace: 14262K(15040K)->14262K(15040K) NonClass: 12311K(12800K)->12311K(12800K) Class: 1950K(2240K)->1950K(2240K)
[100.737s][info][gc             ] GC(431) Pause Young (Allocation Failure) 349M->9M(1699M) 2.513ms
[100.737s][info][gc,cpu         ] GC(431) User=0.00s Sys=0.00s Real=0.00s
[100.999s][info][gc,start       ] GC(432) Pause Young (Allocation Failure)
[101.001s][info][gc,heap        ] GC(432) PSYoungGen: 342016K(342016K)->1024K(335360K) Eden: 340992K(340992K)->0K(334336K) From: 1024K(1024K)->1024K(1024K)
[101.001s][info][gc,heap        ] GC(432) ParOldGen: 9099K(1398272K)->9195K(1398272K)
[101.001s][info][gc,metaspace   ] GC(432) Metaspace: 14262K(15040K)->14262K(15040K) NonClass: 12311K(12800K)->12311K(12800K) Class: 1950K(2240K)->1950K(2240K)
[101.001s][info][gc             ] GC(432) Pause Young (Allocation Failure) 342M->9M(1693M) 2.607ms
[101.001s][info][gc,cpu         ] GC(432) User=0.00s Sys=0.00s Real=0.00s
[101.261s][info][gc,start       ] GC(433) Pause Young (Allocation Failure)
[101.263s][info][gc,heap        ] GC(433) PSYoungGen: 335360K(335360K)->1024K(329216K) Eden: 334336K(334336K)->0K(328192K) From: 1024K(1024K)->1024K(1024K)
[101.263s][info][gc,heap        ] GC(433) ParOldGen: 9195K(1398272K)->9283K(1398272K)
[101.263s][info][gc,metaspace   ] GC(433) Metaspace: 14262K(15040K)->14262K(15040K) NonClass: 12311K(12800K)->12311K(12800K) Class: 1950K(2240K)->1950K(2240K)
[101.263s][info][gc             ] GC(433) Pause Young (Allocation Failure) 336M->10M(1687M) 2.529ms
[101.263s][info][gc,cpu         ] GC(433) User=0.00s Sys=0.00s Real=0.00s
[101.517s][info][gc,start       ] GC(434) Pause Young (Allocation Failure)
[101.520s][info][gc,heap        ] GC(434) PSYoungGen: 329216K(329216K)->1024K(323072K) Eden: 328192K(328192K)->0K(322048K) From: 1024K(1024K)->1024K(1024K)
[101.520s][info][gc,heap        ] GC(434) ParOldGen: 9283K(1398272K)->9411K(1398272K)
[101.520s][info][gc,metaspace   ] GC(434) Metaspace: 14262K(15040K)->14262K(15040K) NonClass: 12311K(12800K)->12311K(12800K) Class: 1950K(2240K)->1950K(2240K)
[101.520s][info][gc             ] GC(434) Pause Young (Allocation Failure) 330M->10M(1681M) 2.643ms
[101.520s][info][gc,cpu         ] GC(434) User=0.00s Sys=0.00s Real=0.00s
[101.771s][info][gc,start       ] GC(435) Pause Young (Allocation Failure)
[101.773s][info][gc,heap        ] GC(435) PSYoungGen: 323072K(323072K)->1024K(317440K) Eden: 322048K(322048K)->0K(316416K) From: 1024K(1024K)->1024K(1024K)
[101.773s][info][gc,heap        ] GC(435) ParOldGen: 9411K(1398272K)->9507K(1398272K)
[101.773s][info][gc,metaspace   ] GC(435) Metaspace: 14262K(15040K)->14262K(15040K) NonClass: 12311K(12800K)->12311K(12800K) Class: 1950K(2240K)->1950K(2240K)
[101.773s][info][gc             ] GC(435) Pause Young (Allocation Failure) 324M->10M(1675M) 2.667ms
[101.773s][info][gc,cpu         ] GC(435) User=0.00s Sys=0.00s Real=0.00s
[102.018s][info][gc,start       ] GC(436) Pause Young (Allocation Failure)
[102.020s][info][gc,heap        ] GC(436) PSYoungGen: 317440K(317440K)->1024K(311808K) Eden: 316416K(316416K)->0K(310784K) From: 1024K(1024K)->1024K(1024K)
[102.020s][info][gc,heap        ] GC(436) ParOldGen: 9507K(1398272K)->9595K(1398272K)
[102.020s][info][gc,metaspace   ] GC(436) Metaspace: 14262K(15040K)->14262K(15040K) NonClass: 12311K(12800K)->12311K(12800K) Class: 1950K(2240K)->1950K(2240K)
[102.020s][info][gc             ] GC(436) Pause Young (Allocation Failure) 319M->10M(1670M) 2.738ms
[102.020s][info][gc,cpu         ] GC(436) User=0.00s Sys=0.00s Real=0.00s
[102.258s][info][gc,start       ] GC(437) Pause Young (Allocation Failure)
[102.260s][info][gc,heap        ] GC(437) PSYoungGen: 311808K(311808K)->992K(306176K) Eden: 310784K(310784K)->0K(305152K) From: 1024K(1024K)->992K(1024K)
[102.260s][info][gc,heap        ] GC(437) ParOldGen: 9595K(1398272K)->9699K(1398272K)
[102.260s][info][gc,metaspace   ] GC(437) Metaspace: 14262K(15040K)->14262K(15040K) NonClass: 12311K(12800K)->12311K(12800K) Class: 1950K(2240K)->1950K(2240K)
[102.260s][info][gc             ] GC(437) Pause Young (Allocation Failure) 313M->10M(1664M) 2.789ms
[102.261s][info][gc,cpu         ] GC(437) User=0.52s Sys=0.00s Real=0.00s
[102.497s][info][gc,start       ] GC(438) Pause Young (Allocation Failure)
[102.500s][info][gc,heap        ] GC(438) PSYoungGen: 306144K(306176K)->1024K(367616K) Eden: 305152K(305152K)->0K(366592K) From: 992K(1024K)->1024K(1024K)
[102.500s][info][gc,heap        ] GC(438) ParOldGen: 9699K(1398272K)->9771K(1398272K)
[102.500s][info][gc,metaspace   ] GC(438) Metaspace: 14262K(15040K)->14262K(15040K) NonClass: 12311K(12800K)->12311K(12800K) Class: 1950K(2240K)->1950K(2240K)
[102.500s][info][gc             ] GC(438) Pause Young (Allocation Failure) 308M->10M(1724M) 2.826ms
[102.500s][info][gc,cpu         ] GC(438) User=0.00s Sys=0.00s Real=0.00s
[102.785s][info][gc,start       ] GC(439) Pause Young (Allocation Failure)
[102.787s][info][gc,heap        ] GC(439) PSYoungGen: 367616K(367616K)->1024K(360448K) Eden: 366592K(366592K)->0K(359424K) From: 1024K(1024K)->1024K(1024K)
[102.788s][info][gc,heap        ] GC(439) ParOldGen: 9771K(1398272K)->9859K(1398272K)
[102.788s][info][gc,metaspace   ] GC(439) Metaspace: 14262K(15040K)->14262K(15040K) NonClass: 12311K(12800K)->12311K(12800K) Class: 1950K(2240K)->1950K(2240K)
[102.788s][info][gc             ] GC(439) Pause Young (Allocation Failure) 368M->10M(1717M) 2.964ms
[102.788s][info][gc,cpu         ] GC(439) User=0.00s Sys=0.00s Real=0.00s
[103.066s][info][gc,start       ] GC(440) Pause Young (Allocation Failure)
[103.069s][info][gc,heap        ] GC(440) PSYoungGen: 360448K(360448K)->1024K(353280K) Eden: 359424K(359424K)->0K(352256K) From: 1024K(1024K)->1024K(1024K)
[103.069s][info][gc,heap        ] GC(440) ParOldGen: 9859K(1398272K)->9963K(1398272K)
[103.069s][info][gc,metaspace   ] GC(440) Metaspace: 14262K(15040K)->14262K(15040K) NonClass: 12311K(12800K)->12311K(12800K) Class: 1950K(2240K)->1950K(2240K)
[103.069s][info][gc             ] GC(440) Pause Young (Allocation Failure) 361M->10M(1710M) 2.975ms
[103.069s][info][gc,cpu         ] GC(440) User=0.00s Sys=0.00s Real=0.00s
[103.387s][info][gc,start       ] GC(441) Pause Young (Allocation Failure)
[103.391s][info][gc,heap        ] GC(441) PSYoungGen: 353280K(353280K)->992K(423936K) Eden: 352256K(352256K)->0K(422912K) From: 1024K(1024K)->992K(1024K)
[103.391s][info][gc,heap        ] GC(441) ParOldGen: 9963K(1398272K)->10067K(1398272K)
[103.391s][info][gc,metaspace   ] GC(441) Metaspace: 14262K(15040K)->14262K(15040K) NonClass: 12311K(12800K)->12311K(12800K) Class: 1950K(2240K)->1950K(2240K)
[103.391s][info][gc             ] GC(441) Pause Young (Allocation Failure) 354M->10M(1779M) 3.817ms
[103.391s][info][gc,cpu         ] GC(441) User=0.00s Sys=0.00s Real=0.00s
[103.742s][info][gc,start       ] GC(442) Pause Young (Allocation Failure)
[103.745s][info][gc,heap        ] GC(442) PSYoungGen: 423904K(423936K)->1024K(414720K) Eden: 422912K(422912K)->0K(413696K) From: 992K(1024K)->1024K(1024K)
[103.745s][info][gc,heap        ] GC(442) ParOldGen: 10067K(1398272K)->10179K(1398272K)
[103.745s][info][gc,metaspace   ] GC(442) Metaspace: 14262K(15040K)->14262K(15040K) NonClass: 12311K(12800K)->12311K(12800K) Class: 1950K(2240K)->1950K(2240K)
[103.745s][info][gc             ] GC(442) Pause Young (Allocation Failure) 423M->10M(1770M) 2.852ms
[103.745s][info][gc,cpu         ] GC(442) User=0.00s Sys=0.00s Real=0.00s
[104.070s][info][gc,start       ] GC(443) Pause Young (Allocation Failure)
[104.073s][info][gc,heap        ] GC(443) PSYoungGen: 414720K(414720K)->1024K(406016K) Eden: 413696K(413696K)->0K(404992K) From: 1024K(1024K)->1024K(1024K)
[104.073s][info][gc,heap        ] GC(443) ParOldGen: 10179K(1398272K)->10307K(1398272K)
[104.073s][info][gc,metaspace   ] GC(443) Metaspace: 14262K(15040K)->14262K(15040K) NonClass: 12311K(12800K)->12311K(12800K) Class: 1950K(2240K)->1950K(2240K)
[104.073s][info][gc             ] GC(443) Pause Young (Allocation Failure) 414M->11M(1762M) 2.780ms
[104.073s][info][gc,cpu         ] GC(443) User=0.00s Sys=0.00s Real=0.00s
[104.407s][info][gc,start       ] GC(444) Pause Young (Allocation Failure)
[104.410s][info][gc,heap        ] GC(444) PSYoungGen: 406016K(406016K)->1024K(397312K) Eden: 404992K(404992K)->0K(396288K) From: 1024K(1024K)->1024K(1024K)
[104.410s][info][gc,heap        ] GC(444) ParOldGen: 10307K(1398272K)->10435K(1398272K)
[104.410s][info][gc,metaspace   ] GC(444) Metaspace: 14262K(15040K)->14262K(15040K) NonClass: 12311K(12800K)->12311K(12800K) Class: 1950K(2240K)->1950K(2240K)
[104.410s][info][gc             ] GC(444) Pause Young (Allocation Failure) 406M->11M(1753M) 2.736ms
[104.410s][info][gc,cpu         ] GC(444) User=0.00s Sys=0.00s Real=0.00s
[104.720s][info][gc,start       ] GC(445) Pause Young (Allocation Failure)
[104.723s][info][gc,heap        ] GC(445) PSYoungGen: 397312K(397312K)->1024K(389120K) Eden: 396288K(396288K)->0K(388096K) From: 1024K(1024K)->1024K(1024K)
[104.723s][info][gc,heap        ] GC(445) ParOldGen: 10435K(1398272K)->10563K(1398272K)
[104.723s][info][gc,metaspace   ] GC(445) Metaspace: 14262K(15040K)->14262K(15040K) NonClass: 12311K(12800K)->12311K(12800K) Class: 1950K(2240K)->1950K(2240K)
[104.723s][info][gc             ] GC(445) Pause Young (Allocation Failure) 398M->11M(1745M) 2.803ms
[104.723s][info][gc,cpu         ] GC(445) User=0.00s Sys=0.00s Real=0.00s
[105.025s][info][gc,start       ] GC(446) Pause Young (Allocation Failure)
[105.028s][info][gc,heap        ] GC(446) PSYoungGen: 389120K(389120K)->1024K(380928K) Eden: 388096K(388096K)->0K(379904K) From: 1024K(1024K)->1024K(1024K)
[105.028s][info][gc,heap        ] GC(446) ParOldGen: 10563K(1398272K)->10687K(1398272K)
[105.028s][info][gc,metaspace   ] GC(446) Metaspace: 14262K(15040K)->14262K(15040K) NonClass: 12311K(12800K)->12311K(12800K) Class: 1950K(2240K)->1950K(2240K)
[105.028s][info][gc             ] GC(446) Pause Young (Allocation Failure) 390M->11M(1737M) 2.745ms
[105.028s][info][gc,cpu         ] GC(446) User=0.00s Sys=0.00s Real=0.00s
[105.323s][info][gc,start       ] GC(447) Pause Young (Allocation Failure)
[105.326s][info][gc,heap        ] GC(447) PSYoungGen: 380928K(380928K)->1024K(373248K) Eden: 379904K(379904K)->0K(372224K) From: 1024K(1024K)->1024K(1024K)
[105.326s][info][gc,heap        ] GC(447) ParOldGen: 10687K(1398272K)->10815K(1398272K)
[105.326s][info][gc,metaspace   ] GC(447) Metaspace: 14262K(15040K)->14262K(15040K) NonClass: 12311K(12800K)->12311K(12800K) Class: 1950K(2240K)->1950K(2240K)
[105.326s][info][gc             ] GC(447) Pause Young (Allocation Failure) 382M->11M(1730M) 2.854ms
[105.326s][info][gc,cpu         ] GC(447) User=0.00s Sys=0.00s Real=0.00s
[105.616s][info][gc,start       ] GC(448) Pause Young (Allocation Failure)
[105.619s][info][gc,heap        ] GC(448) PSYoungGen: 373248K(373248K)->1024K(365568K) Eden: 372224K(372224K)->0K(364544K) From: 1024K(1024K)->1024K(1024K)
[105.619s][info][gc,heap        ] GC(448) ParOldGen: 10815K(1398272K)->10927K(1398272K)
[105.619s][info][gc,metaspace   ] GC(448) Metaspace: 14262K(15040K)->14262K(15040K) NonClass: 12311K(12800K)->12311K(12800K) Class: 1950K(2240K)->1950K(2240K)
[105.619s][info][gc             ] GC(448) Pause Young (Allocation Failure) 375M->11M(1722M) 2.910ms
[105.619s][info][gc,cpu         ] GC(448) User=0.52s Sys=0.00s Real=0.00s
[105.903s][info][gc,start       ] GC(449) Pause Young (Allocation Failure)
[105.905s][info][gc,heap        ] GC(449) PSYoungGen: 365568K(365568K)->1024K(358400K) Eden: 364544K(364544K)->0K(357376K) From: 1024K(1024K)->1024K(1024K)
[105.906s][info][gc,heap        ] GC(449) ParOldGen: 10927K(1398272K)->11063K(1398272K)
[105.906s][info][gc,metaspace   ] GC(449) Metaspace: 14262K(15040K)->14262K(15040K) NonClass: 12311K(12800K)->12311K(12800K) Class: 1950K(2240K)->1950K(2240K)
[105.906s][info][gc             ] GC(449) Pause Young (Allocation Failure) 367M->11M(1715M) 2.928ms
[105.906s][info][gc,cpu         ] GC(449) User=0.00s Sys=0.00s Real=0.00s
[106.280s][info][gc,start       ] GC(450) Pause Young (Allocation Failure)
[106.284s][info][gc,heap        ] GC(450) PSYoungGen: 358400K(358400K)->1024K(351232K) Eden: 357376K(357376K)->0K(350208K) From: 1024K(1024K)->1024K(1024K)
[106.284s][info][gc,heap        ] GC(450) ParOldGen: 11063K(1398272K)->11143K(1398272K)
[106.284s][info][gc,metaspace   ] GC(450) Metaspace: 14262K(15040K)->14262K(15040K) NonClass: 12311K(12800K)->12311K(12800K) Class: 1950K(2240K)->1950K(2240K)
[106.284s][info][gc             ] GC(450) Pause Young (Allocation Failure) 360M->11M(1708M) 3.933ms
[106.284s][info][gc,cpu         ] GC(450) User=0.00s Sys=0.00s Real=0.00s
[106.576s][info][gc,start       ] GC(451) Pause Young (Allocation Failure)
[106.579s][info][gc,heap        ] GC(451) PSYoungGen: 351232K(351232K)->992K(344576K) Eden: 350208K(350208K)->0K(343552K) From: 1024K(1024K)->992K(1024K)
[106.579s][info][gc,heap        ] GC(451) ParOldGen: 11143K(1398272K)->11247K(1398272K)
[106.579s][info][gc,metaspace   ] GC(451) Metaspace: 14262K(15040K)->14262K(15040K) NonClass: 12311K(12800K)->12311K(12800K) Class: 1950K(2240K)->1950K(2240K)
[106.579s][info][gc             ] GC(451) Pause Young (Allocation Failure) 353M->11M(1702M) 2.746ms
[106.579s][info][gc,cpu         ] GC(451) User=0.00s Sys=0.00s Real=0.00s
[106.855s][info][gc,start       ] GC(452) Pause Young (Allocation Failure)
[106.858s][info][gc,heap        ] GC(452) PSYoungGen: 344544K(344576K)->1024K(337920K) Eden: 343552K(343552K)->0K(336896K) From: 992K(1024K)->1024K(1024K)
[106.858s][info][gc,heap        ] GC(452) ParOldGen: 11247K(1398272K)->11359K(1398272K)
[106.858s][info][gc,metaspace   ] GC(452) Metaspace: 14262K(15040K)->14262K(15040K) NonClass: 12311K(12800K)->12311K(12800K) Class: 1950K(2240K)->1950K(2240K)
[106.858s][info][gc             ] GC(452) Pause Young (Allocation Failure) 347M->12M(1695M) 2.538ms
[106.858s][info][gc,cpu         ] GC(452) User=0.00s Sys=0.00s Real=0.00s
[107.108s][info][gc,start       ] GC(453) Pause Young (Allocation Failure)
[107.111s][info][gc,heap        ] GC(453) PSYoungGen: 337920K(337920K)->992K(331776K) Eden: 336896K(336896K)->0K(330752K) From: 1024K(1024K)->992K(1024K)
[107.111s][info][gc,heap        ] GC(453) ParOldGen: 11359K(1398272K)->11455K(1398272K)
[107.111s][info][gc,metaspace   ] GC(453) Metaspace: 14262K(15040K)->14262K(15040K) NonClass: 12311K(12800K)->12311K(12800K) Class: 1950K(2240K)->1950K(2240K)
[107.111s][info][gc             ] GC(453) Pause Young (Allocation Failure) 341M->12M(1689M) 2.560ms
[107.111s][info][gc,cpu         ] GC(453) User=0.00s Sys=0.00s Real=0.00s
[107.353s][info][gc,start       ] GC(454) Pause Young (Allocation Failure)
[107.355s][info][gc,heap        ] GC(454) PSYoungGen: 331744K(331776K)->1024K(325632K) Eden: 330752K(330752K)->0K(324608K) From: 992K(1024K)->1024K(1024K)
[107.355s][info][gc,heap        ] GC(454) ParOldGen: 11455K(1398272K)->11559K(1398272K)
[107.355s][info][gc,metaspace   ] GC(454) Metaspace: 14262K(15040K)->14262K(15040K) NonClass: 12311K(12800K)->12311K(12800K) Class: 1950K(2240K)->1950K(2240K)
[107.355s][info][gc             ] GC(454) Pause Young (Allocation Failure) 335M->12M(1683M) 2.637ms
[107.356s][info][gc,cpu         ] GC(454) User=0.00s Sys=0.00s Real=0.00s
[107.540s][info][gc,start       ] GC(455) Pause Young (Allocation Failure)
[107.542s][info][gc,heap        ] GC(455) PSYoungGen: 325632K(325632K)->832K(390656K) Eden: 324608K(324608K)->0K(389632K) From: 1024K(1024K)->832K(1024K)
[107.542s][info][gc,heap        ] GC(455) ParOldGen: 11559K(1398272K)->11687K(1398272K)
[107.542s][info][gc,metaspace   ] GC(455) Metaspace: 14262K(15040K)->14262K(15040K) NonClass: 12311K(12800K)->12311K(12800K) Class: 1950K(2240K)->1950K(2240K)
[107.542s][info][gc             ] GC(455) Pause Young (Allocation Failure) 329M->12M(1747M) 2.648ms
[107.542s][info][gc,cpu         ] GC(455) User=0.00s Sys=0.00s Real=0.00s
[107.842s][info][gc,start       ] GC(456) Pause Young (Allocation Failure)
[107.845s][info][gc,heap        ] GC(456) PSYoungGen: 390464K(390656K)->640K(382464K) Eden: 389632K(389632K)->0K(381440K) From: 832K(1024K)->640K(1024K)
[107.845s][info][gc,heap        ] GC(456) ParOldGen: 11687K(1398272K)->11759K(1398272K)
[107.845s][info][gc,metaspace   ] GC(456) Metaspace: 14262K(15040K)->14262K(15040K) NonClass: 12311K(12800K)->12311K(12800K) Class: 1950K(2240K)->1950K(2240K)
[107.845s][info][gc             ] GC(456) Pause Young (Allocation Failure) 392M->12M(1739M) 3.086ms
[107.846s][info][gc,cpu         ] GC(456) User=0.00s Sys=0.00s Real=0.00s
[107.962s][info][gc,start       ] GC(457) Pause Young (System.gc())
[107.965s][info][gc,heap        ] GC(457) PSYoungGen: 53031K(382464K)->288K(381952K) Eden: 52391K(381440K)->0K(381440K) From: 640K(1024K)->288K(512K)
[107.965s][info][gc,heap        ] GC(457) ParOldGen: 11759K(1398272K)->11879K(1398272K)
[107.965s][info][gc,metaspace   ] GC(457) Metaspace: 14262K(15040K)->14262K(15040K) NonClass: 12311K(12800K)->12311K(12800K) Class: 1950K(2240K)->1950K(2240K)
[107.965s][info][gc             ] GC(457) Pause Young (System.gc()) 63M->11M(1738M) 2.748ms
[107.965s][info][gc,cpu         ] GC(457) User=0.00s Sys=0.00s Real=0.00s
[107.965s][info][gc,start       ] GC(458) Pause Full (System.gc())
[107.965s][info][gc,phases,start] GC(458) Marking Phase
[107.983s][info][gc,phases      ] GC(458) Marking Phase 17.175ms
[107.983s][info][gc,phases,start] GC(458) Summary Phase
[107.983s][info][gc,phases      ] GC(458) Summary Phase 0.021ms
[107.983s][info][gc,phases,start] GC(458) Adjust Roots
[107.989s][info][gc,phases      ] GC(458) Adjust Roots 6.215ms
[107.989s][info][gc,phases,start] GC(458) Compaction Phase
[107.991s][info][gc,phases      ] GC(458) Compaction Phase 2.099ms
[107.991s][info][gc,phases,start] GC(458) Post Compact
[107.992s][info][gc,phases      ] GC(458) Post Compact 0.556ms
[107.992s][info][gc,heap        ] GC(458) PSYoungGen: 288K(381952K)->0K(381952K) Eden: 0K(381440K)->0K(381440K) From: 288K(512K)->0K(512K)
[107.992s][info][gc,heap        ] GC(458) ParOldGen: 11879K(1398272K)->5366K(1398272K)
[107.992s][info][gc,metaspace   ] GC(458) Metaspace: 14262K(15040K)->14262K(15040K) NonClass: 12311K(12800K)->12311K(12800K) Class: 1950K(2240K)->1950K(2240K)
[107.992s][info][gc             ] GC(458) Pause Full (System.gc()) 11M->5M(1738M) 26.361ms
[107.992s][info][gc,cpu         ] GC(458) User=0.52s Sys=0.00s Real=0.02s
[108.320s][info][gc,start       ] GC(459) Pause Young (Allocation Failure)
[108.323s][info][gc,heap        ] GC(459) PSYoungGen: 381440K(381952K)->1536K(375296K) Eden: 381440K(381440K)->0K(373760K) From: 0K(512K)->1536K(1536K)
[108.323s][info][gc,heap        ] GC(459) ParOldGen: 5366K(1398272K)->5588K(1398272K)
[108.323s][info][gc,metaspace   ] GC(459) Metaspace: 14262K(15040K)->14262K(15040K) NonClass: 12311K(12800K)->12311K(12800K) Class: 1950K(2240K)->1950K(2240K)
[108.323s][info][gc             ] GC(459) Pause Young (Allocation Failure) 377M->6M(1732M) 2.897ms
[108.323s][info][gc,cpu         ] GC(459) User=0.02s Sys=0.00s Real=0.00s
[108.562s][info][gc,start       ] GC(460) Pause Young (Allocation Failure)
[108.565s][info][gc,heap        ] GC(460) PSYoungGen: 375296K(375296K)->1056K(367616K) Eden: 373760K(373760K)->0K(366080K) From: 1536K(1536K)->1056K(1536K)
[108.565s][info][gc,heap        ] GC(460) ParOldGen: 5588K(1398272K)->7097K(1398272K)
[108.565s][info][gc,metaspace   ] GC(460) Metaspace: 14262K(15040K)->14262K(15040K) NonClass: 12311K(12800K)->12311K(12800K) Class: 1950K(2240K)->1950K(2240K)
[108.565s][info][gc             ] GC(460) Pause Young (Allocation Failure) 371M->7M(1724M) 2.800ms
[108.565s][info][gc,cpu         ] GC(460) User=0.00s Sys=0.00s Real=0.00s
[108.831s][info][gc,start       ] GC(461) Pause Young (Allocation Failure)
[108.834s][info][gc,heap        ] GC(461) PSYoungGen: 367136K(367616K)->992K(359936K) Eden: 366080K(366080K)->0K(358912K) From: 1056K(1536K)->992K(1024K)
[108.834s][info][gc,heap        ] GC(461) ParOldGen: 7097K(1398272K)->7185K(1398272K)
[108.834s][info][gc,metaspace   ] GC(461) Metaspace: 14262K(15040K)->14262K(15040K) NonClass: 12311K(12800K)->12311K(12800K) Class: 1950K(2240K)->1950K(2240K)
[108.834s][info][gc             ] GC(461) Pause Young (Allocation Failure) 365M->7M(1717M) 2.946ms
[108.834s][info][gc,cpu         ] GC(461) User=0.00s Sys=0.00s Real=0.00s
[109.094s][info][gc,start       ] GC(462) Pause Young (Allocation Failure)
[109.096s][info][gc,heap        ] GC(462) PSYoungGen: 359904K(359936K)->992K(352768K) Eden: 358912K(358912K)->0K(351744K) From: 992K(1024K)->992K(1024K)
[109.096s][info][gc,heap        ] GC(462) ParOldGen: 7185K(1398272K)->7305K(1398272K)
[109.096s][info][gc,metaspace   ] GC(462) Metaspace: 14262K(15040K)->14262K(15040K) NonClass: 12311K(12800K)->12311K(12800K) Class: 1950K(2240K)->1950K(2240K)
[109.096s][info][gc             ] GC(462) Pause Young (Allocation Failure) 358M->8M(1710M) 2.813ms
[109.096s][info][gc,cpu         ] GC(462) User=0.00s Sys=0.00s Real=0.00s
[109.353s][info][gc,start       ] GC(463) Pause Young (Allocation Failure)
[109.356s][info][gc,heap        ] GC(463) PSYoungGen: 352736K(352768K)->1024K(423424K) Eden: 351744K(351744K)->0K(422400K) From: 992K(1024K)->1024K(1024K)
[109.356s][info][gc,heap        ] GC(463) ParOldGen: 7305K(1398272K)->7425K(1398272K)
[109.356s][info][gc,metaspace   ] GC(463) Metaspace: 14262K(15040K)->14262K(15040K) NonClass: 12311K(12800K)->12311K(12800K) Class: 1950K(2240K)->1950K(2240K)
[109.356s][info][gc             ] GC(463) Pause Young (Allocation Failure) 351M->8M(1779M) 2.972ms
[109.356s][info][gc,cpu         ] GC(463) User=0.00s Sys=0.00s Real=0.00s
[109.661s][info][gc,start       ] GC(464) Pause Young (Allocation Failure)
[109.664s][info][gc,heap        ] GC(464) PSYoungGen: 423424K(423424K)->1024K(414208K) Eden: 422400K(422400K)->0K(413184K) From: 1024K(1024K)->1024K(1024K)
[109.664s][info][gc,heap        ] GC(464) ParOldGen: 7425K(1398272K)->7561K(1398272K)
[109.664s][info][gc,metaspace   ] GC(464) Metaspace: 14262K(15040K)->14262K(15040K) NonClass: 12311K(12800K)->12311K(12800K) Class: 1950K(2240K)->1950K(2240K)
[109.664s][info][gc             ] GC(464) Pause Young (Allocation Failure) 420M->8M(1770M) 3.112ms
[109.665s][info][gc,cpu         ] GC(464) User=0.52s Sys=0.00s Real=0.00s
[110.025s][info][gc,start       ] GC(465) Pause Young (Allocation Failure)
[110.029s][info][gc,heap        ] GC(465) PSYoungGen: 414208K(414208K)->1024K(405504K) Eden: 413184K(413184K)->0K(404480K) From: 1024K(1024K)->1024K(1024K)
[110.029s][info][gc,heap        ] GC(465) ParOldGen: 7561K(1398272K)->7657K(1398272K)
[110.029s][info][gc,metaspace   ] GC(465) Metaspace: 14262K(15040K)->14262K(15040K) NonClass: 12311K(12800K)->12311K(12800K) Class: 1950K(2240K)->1950K(2240K)
[110.029s][info][gc             ] GC(465) Pause Young (Allocation Failure) 411M->8M(1761M) 4.157ms
[110.029s][info][gc,cpu         ] GC(465) User=0.00s Sys=0.00s Real=0.00s
[110.342s][info][gc,start       ] GC(466) Pause Young (Allocation Failure)
[110.345s][info][gc,heap        ] GC(466) PSYoungGen: 405504K(405504K)->1024K(396800K) Eden: 404480K(404480K)->0K(395776K) From: 1024K(1024K)->1024K(1024K)
[110.345s][info][gc,heap        ] GC(466) ParOldGen: 7657K(1398272K)->7777K(1398272K)
[110.345s][info][gc,metaspace   ] GC(466) Metaspace: 14262K(15040K)->14262K(15040K) NonClass: 12311K(12800K)->12311K(12800K) Class: 1950K(2240K)->1950K(2240K)
[110.345s][info][gc             ] GC(466) Pause Young (Allocation Failure) 403M->8M(1753M) 2.959ms
[110.345s][info][gc,cpu         ] GC(466) User=0.00s Sys=0.00s Real=0.00s
[110.664s][info][gc,start       ] GC(467) Pause Young (Allocation Failure)
[110.667s][info][gc,heap        ] GC(467) PSYoungGen: 396800K(396800K)->992K(388608K) Eden: 395776K(395776K)->0K(387584K) From: 1024K(1024K)->992K(1024K)
[110.667s][info][gc,heap        ] GC(467) ParOldGen: 7777K(1398272K)->7921K(1398272K)
[110.667s][info][gc,metaspace   ] GC(467) Metaspace: 14262K(15040K)->14262K(15040K) NonClass: 12311K(12800K)->12311K(12800K) Class: 1950K(2240K)->1950K(2240K)
[110.667s][info][gc             ] GC(467) Pause Young (Allocation Failure) 395M->8M(1745M) 2.726ms
[110.667s][info][gc,cpu         ] GC(467) User=0.00s Sys=0.00s Real=0.00s
[110.946s][info][gc,start       ] GC(468) Pause Young (Allocation Failure)
[110.949s][info][gc,heap        ] GC(468) PSYoungGen: 388576K(388608K)->1024K(380416K) Eden: 387584K(387584K)->0K(379392K) From: 992K(1024K)->1024K(1024K)
[110.949s][info][gc,heap        ] GC(468) ParOldGen: 7921K(1398272K)->8041K(1398272K)
[110.949s][info][gc,metaspace   ] GC(468) Metaspace: 14262K(15040K)->14262K(15040K) NonClass: 12311K(12800K)->12311K(12800K) Class: 1950K(2240K)->1950K(2240K)
[110.949s][info][gc             ] GC(468) Pause Young (Allocation Failure) 387M->8M(1737M) 2.769ms
[110.949s][info][gc,cpu         ] GC(468) User=0.00s Sys=0.00s Real=0.00s
[111.222s][info][gc,start       ] GC(469) Pause Young (Allocation Failure)
[111.224s][info][gc,heap        ] GC(469) PSYoungGen: 380416K(380416K)->960K(372736K) Eden: 379392K(379392K)->0K(371712K) From: 1024K(1024K)->960K(1024K)
[111.224s][info][gc,heap        ] GC(469) ParOldGen: 8041K(1398272K)->8161K(1398272K)
[111.224s][info][gc,metaspace   ] GC(469) Metaspace: 14262K(15040K)->14262K(15040K) NonClass: 12311K(12800K)->12311K(12800K) Class: 1950K(2240K)->1950K(2240K)
[111.224s][info][gc             ] GC(469) Pause Young (Allocation Failure) 379M->8M(1729M) 2.774ms
[111.224s][info][gc,cpu         ] GC(469) User=0.00s Sys=0.00s Real=0.00s
[111.493s][info][gc,start       ] GC(470) Pause Young (Allocation Failure)
[111.495s][info][gc,heap        ] GC(470) PSYoungGen: 372672K(372736K)->1024K(365056K) Eden: 371712K(371712K)->0K(364032K) From: 960K(1024K)->1024K(1024K)
[111.495s][info][gc,heap        ] GC(470) ParOldGen: 8161K(1398272K)->8273K(1398272K)
[111.495s][info][gc,metaspace   ] GC(470) Metaspace: 14262K(15040K)->14262K(15040K) NonClass: 12311K(12800K)->12311K(12800K) Class: 1950K(2240K)->1950K(2240K)
[111.495s][info][gc             ] GC(470) Pause Young (Allocation Failure) 371M->9M(1722M) 2.738ms
[111.495s][info][gc,cpu         ] GC(470) User=0.00s Sys=0.00s Real=0.00s
[111.759s][info][gc,start       ] GC(471) Pause Young (Allocation Failure)
[111.762s][info][gc,heap        ] GC(471) PSYoungGen: 365056K(365056K)->960K(357888K) Eden: 364032K(364032K)->0K(356864K) From: 1024K(1024K)->960K(1024K)
[111.762s][info][gc,heap        ] GC(471) ParOldGen: 8273K(1398272K)->8409K(1398272K)
[111.762s][info][gc,metaspace   ] GC(471) Metaspace: 14262K(15040K)->14262K(15040K) NonClass: 12311K(12800K)->12311K(12800K) Class: 1950K(2240K)->1950K(2240K)
[111.762s][info][gc             ] GC(471) Pause Young (Allocation Failure) 364M->9M(1715M) 2.811ms
[111.762s][info][gc,cpu         ] GC(471) User=0.00s Sys=0.00s Real=0.00s
[112.018s][info][gc,start       ] GC(472) Pause Young (Allocation Failure)
[112.021s][info][gc,heap        ] GC(472) PSYoungGen: 357824K(357888K)->1024K(350720K) Eden: 356864K(356864K)->0K(349696K) From: 960K(1024K)->1024K(1024K)
[112.021s][info][gc,heap        ] GC(472) ParOldGen: 8409K(1398272K)->8521K(1398272K)
[112.021s][info][gc,metaspace   ] GC(472) Metaspace: 14262K(15040K)->14262K(15040K) NonClass: 12311K(12800K)->12311K(12800K) Class: 1950K(2240K)->1950K(2240K)
[112.021s][info][gc             ] GC(472) Pause Young (Allocation Failure) 357M->9M(1708M) 2.877ms
[112.021s][info][gc,cpu         ] GC(472) User=0.00s Sys=0.00s Real=0.00s
[112.275s][info][gc,start       ] GC(473) Pause Young (Allocation Failure)
[112.278s][info][gc,heap        ] GC(473) PSYoungGen: 350720K(350720K)->992K(344064K) Eden: 349696K(349696K)->0K(343040K) From: 1024K(1024K)->992K(1024K)
[112.278s][info][gc,heap        ] GC(473) ParOldGen: 8521K(1398272K)->8633K(1398272K)
[112.278s][info][gc,metaspace   ] GC(473) Metaspace: 14262K(15040K)->14262K(15040K) NonClass: 12311K(12800K)->12311K(12800K) Class: 1950K(2240K)->1950K(2240K)
[112.278s][info][gc             ] GC(473) Pause Young (Allocation Failure) 350M->9M(1701M) 2.888ms
[112.278s][info][gc,cpu         ] GC(473) User=0.00s Sys=0.00s Real=0.00s
[112.528s][info][gc,start       ] GC(474) Pause Young (Allocation Failure)
[112.531s][info][gc,heap        ] GC(474) PSYoungGen: 344032K(344064K)->1024K(337408K) Eden: 343040K(343040K)->0K(336384K) From: 992K(1024K)->1024K(1024K)
[112.531s][info][gc,heap        ] GC(474) ParOldGen: 8633K(1398272K)->8753K(1398272K)
[112.531s][info][gc,metaspace   ] GC(474) Metaspace: 14262K(15040K)->14262K(15040K) NonClass: 12311K(12800K)->12311K(12800K) Class: 1950K(2240K)->1950K(2240K)
[112.531s][info][gc             ] GC(474) Pause Young (Allocation Failure) 344M->9M(1695M) 2.959ms
[112.531s][info][gc,cpu         ] GC(474) User=0.00s Sys=0.00s Real=0.00s
[112.777s][info][gc,start       ] GC(475) Pause Young (Allocation Failure)
[112.779s][info][gc,heap        ] GC(475) PSYoungGen: 337408K(337408K)->992K(404992K) Eden: 336384K(336384K)->0K(403968K) From: 1024K(1024K)->992K(1024K)
[112.780s][info][gc,heap        ] GC(475) ParOldGen: 8753K(1398272K)->8873K(1398272K)
[112.780s][info][gc,metaspace   ] GC(475) Metaspace: 14262K(15040K)->14262K(15040K) NonClass: 12311K(12800K)->12311K(12800K) Class: 1950K(2240K)->1950K(2240K)
[112.780s][info][gc             ] GC(475) Pause Young (Allocation Failure) 338M->9M(1761M) 3.001ms
[112.780s][info][gc,cpu         ] GC(475) User=0.00s Sys=0.00s Real=0.00s
[113.077s][info][gc,start       ] GC(476) Pause Young (Allocation Failure)
[113.080s][info][gc,heap        ] GC(476) PSYoungGen: 404960K(404992K)->1024K(467968K) Eden: 403968K(403968K)->0K(466432K) From: 992K(1024K)->1024K(1536K)
[113.080s][info][gc,heap        ] GC(476) ParOldGen: 8873K(1398272K)->8985K(1398272K)
[113.080s][info][gc,metaspace   ] GC(476) Metaspace: 14262K(15040K)->14262K(15040K) NonClass: 12311K(12800K)->12311K(12800K) Class: 1950K(2240K)->1950K(2240K)
[113.080s][info][gc             ] GC(476) Pause Young (Allocation Failure) 404M->9M(1822M) 2.989ms
[113.080s][info][gc,cpu         ] GC(476) User=0.00s Sys=0.00s Real=0.00s
[113.456s][info][gc,start       ] GC(477) Pause Young (Allocation Failure)
[113.459s][info][gc,heap        ] GC(477) PSYoungGen: 467456K(467968K)->928K(456704K) Eden: 466432K(466432K)->0K(455680K) From: 1024K(1536K)->928K(1024K)
[113.459s][info][gc,heap        ] GC(477) ParOldGen: 8985K(1398272K)->9089K(1398272K)
[113.459s][info][gc,metaspace   ] GC(477) Metaspace: 14262K(15040K)->14262K(15040K) NonClass: 12311K(12800K)->12311K(12800K) Class: 1950K(2240K)->1950K(2240K)
[113.459s][info][gc             ] GC(477) Pause Young (Allocation Failure) 465M->9M(1811M) 2.942ms
[113.459s][info][gc,cpu         ] GC(477) User=0.00s Sys=0.00s Real=0.00s
[113.796s][info][gc,start       ] GC(478) Pause Young (Allocation Failure)
[113.798s][info][gc,heap        ] GC(478) PSYoungGen: 456608K(456704K)->992K(446464K) Eden: 455680K(455680K)->0K(445440K) From: 928K(1024K)->992K(1024K)
[113.798s][info][gc,heap        ] GC(478) ParOldGen: 9089K(1398272K)->9241K(1398272K)
[113.798s][info][gc,metaspace   ] GC(478) Metaspace: 14262K(15040K)->14262K(15040K) NonClass: 12311K(12800K)->12311K(12800K) Class: 1950K(2240K)->1950K(2240K)
[113.798s][info][gc             ] GC(478) Pause Young (Allocation Failure) 454M->9M(1801M) 2.715ms
[113.798s][info][gc,cpu         ] GC(478) User=0.00s Sys=0.00s Real=0.00s
[114.120s][info][gc,start       ] GC(479) Pause Young (Allocation Failure)
[114.122s][info][gc,heap        ] GC(479) PSYoungGen: 446432K(446464K)->1024K(436736K) Eden: 445440K(445440K)->0K(435712K) From: 992K(1024K)->1024K(1024K)
[114.123s][info][gc,heap        ] GC(479) ParOldGen: 9241K(1398272K)->9377K(1398272K)
[114.123s][info][gc,metaspace   ] GC(479) Metaspace: 14262K(15040K)->14262K(15040K) NonClass: 12311K(12800K)->12311K(12800K) Class: 1950K(2240K)->1950K(2240K)
[114.123s][info][gc             ] GC(479) Pause Young (Allocation Failure) 444M->10M(1792M) 2.835ms
[114.123s][info][gc,cpu         ] GC(479) User=0.00s Sys=0.00s Real=0.00s
[114.438s][info][gc,start       ] GC(480) Pause Young (Allocation Failure)
[114.440s][info][gc,heap        ] GC(480) PSYoungGen: 436736K(436736K)->1024K(427008K) Eden: 435712K(435712K)->0K(425984K) From: 1024K(1024K)->1024K(1024K)
[114.440s][info][gc,heap        ] GC(480) ParOldGen: 9377K(1398272K)->9513K(1398272K)
[114.440s][info][gc,metaspace   ] GC(480) Metaspace: 14262K(15040K)->14262K(15040K) NonClass: 12311K(12800K)->12311K(12800K) Class: 1950K(2240K)->1950K(2240K)
[114.440s][info][gc             ] GC(480) Pause Young (Allocation Failure) 435M->10M(1782M) 2.844ms
[114.440s][info][gc,cpu         ] GC(480) User=0.00s Sys=0.00s Real=0.00s
[114.747s][info][gc,start       ] GC(481) Pause Young (Allocation Failure)
[114.750s][info][gc,heap        ] GC(481) PSYoungGen: 427008K(427008K)->992K(417792K) Eden: 425984K(425984K)->0K(416768K) From: 1024K(1024K)->992K(1024K)
[114.750s][info][gc,heap        ] GC(481) ParOldGen: 9513K(1398272K)->9633K(1398272K)
[114.750s][info][gc,metaspace   ] GC(481) Metaspace: 14262K(15040K)->14262K(15040K) NonClass: 12311K(12800K)->12311K(12800K) Class: 1950K(2240K)->1950K(2240K)
[114.750s][info][gc             ] GC(481) Pause Young (Allocation Failure) 426M->10M(1773M) 2.824ms
[114.750s][info][gc,cpu         ] GC(481) User=0.00s Sys=0.00s Real=0.00s
[115.052s][info][gc,start       ] GC(482) Pause Young (Allocation Failure)
[115.055s][info][gc,heap        ] GC(482) PSYoungGen: 417760K(417792K)->960K(408576K) Eden: 416768K(416768K)->0K(407552K) From: 992K(1024K)->960K(1024K)
[115.055s][info][gc,heap        ] GC(482) ParOldGen: 9633K(1398272K)->9737K(1398272K)
[115.055s][info][gc,metaspace   ] GC(482) Metaspace: 14262K(15040K)->14262K(15040K) NonClass: 12311K(12800K)->12311K(12800K) Class: 1950K(2240K)->1950K(2240K)
[115.055s][info][gc             ] GC(482) Pause Young (Allocation Failure) 417M->10M(1764M) 2.926ms
[115.055s][info][gc,cpu         ] GC(482) User=0.52s Sys=0.00s Real=0.00s
[115.348s][info][gc,start       ] GC(483) Pause Young (Allocation Failure)
[115.351s][info][gc,heap        ] GC(483) PSYoungGen: 408512K(408576K)->992K(399872K) Eden: 407552K(407552K)->0K(398848K) From: 960K(1024K)->992K(1024K)
[115.351s][info][gc,heap        ] GC(483) ParOldGen: 9737K(1398272K)->9849K(1398272K)
[115.351s][info][gc,metaspace   ] GC(483) Metaspace: 14262K(15040K)->14262K(15040K) NonClass: 12311K(12800K)->12311K(12800K) Class: 1950K(2240K)->1950K(2240K)
[115.351s][info][gc             ] GC(483) Pause Young (Allocation Failure) 408M->10M(1756M) 2.981ms
[115.351s][info][gc,cpu         ] GC(483) User=0.00s Sys=0.00s Real=0.00s
[115.642s][info][gc,start       ] GC(484) Pause Young (Allocation Failure)
[115.645s][info][gc,heap        ] GC(484) PSYoungGen: 399840K(399872K)->960K(391680K) Eden: 398848K(398848K)->0K(390656K) From: 992K(1024K)->960K(1024K)
[115.645s][info][gc,heap        ] GC(484) ParOldGen: 9849K(1398272K)->9985K(1398272K)
[115.645s][info][gc,metaspace   ] GC(484) Metaspace: 14262K(15040K)->14262K(15040K) NonClass: 12311K(12800K)->12311K(12800K) Class: 1950K(2240K)->1950K(2240K)
[115.645s][info][gc             ] GC(484) Pause Young (Allocation Failure) 400M->10M(1748M) 2.996ms
[115.645s][info][gc,cpu         ] GC(484) User=0.00s Sys=0.00s Real=0.00s
[115.928s][info][gc,start       ] GC(485) Pause Young (Allocation Failure)
[115.931s][info][gc,heap        ] GC(485) PSYoungGen: 391616K(391680K)->1024K(383488K) Eden: 390656K(390656K)->0K(382464K) From: 960K(1024K)->1024K(1024K)
[115.931s][info][gc,heap        ] GC(485) ParOldGen: 9985K(1398272K)->10105K(1398272K)
[115.931s][info][gc,metaspace   ] GC(485) Metaspace: 14262K(15040K)->14262K(15040K) NonClass: 12311K(12800K)->12311K(12800K) Class: 1950K(2240K)->1950K(2240K)
[115.931s][info][gc             ] GC(485) Pause Young (Allocation Failure) 392M->10M(1740M) 3.058ms
[115.931s][info][gc,cpu         ] GC(485) User=0.52s Sys=0.00s Real=0.00s
[116.223s][info][gc,start       ] GC(486) Pause Young (Allocation Failure)
[116.226s][info][gc,heap        ] GC(486) PSYoungGen: 383488K(383488K)->1024K(375808K) Eden: 382464K(382464K)->0K(374784K) From: 1024K(1024K)->1024K(1024K)
[116.226s][info][gc,heap        ] GC(486) ParOldGen: 10105K(1398272K)->10209K(1398272K)
[116.226s][info][gc,metaspace   ] GC(486) Metaspace: 14262K(15040K)->14262K(15040K) NonClass: 12311K(12800K)->12311K(12800K) Class: 1950K(2240K)->1950K(2240K)
[116.226s][info][gc             ] GC(486) Pause Young (Allocation Failure) 384M->10M(1732M) 2.796ms
[116.226s][info][gc,cpu         ] GC(486) User=0.00s Sys=0.00s Real=0.00s
[116.527s][info][gc,start       ] GC(487) Pause Young (Allocation Failure)
[116.530s][info][gc,heap        ] GC(487) PSYoungGen: 375808K(375808K)->1024K(368128K) Eden: 374784K(374784K)->0K(367104K) From: 1024K(1024K)->1024K(1024K)
[116.530s][info][gc,heap        ] GC(487) ParOldGen: 10209K(1398272K)->10329K(1398272K)
[116.530s][info][gc,metaspace   ] GC(487) Metaspace: 14262K(15040K)->14262K(15040K) NonClass: 12311K(12800K)->12311K(12800K) Class: 1950K(2240K)->1950K(2240K)
[116.530s][info][gc             ] GC(487) Pause Young (Allocation Failure) 376M->11M(1725M) 2.598ms
[116.530s][info][gc,cpu         ] GC(487) User=0.00s Sys=0.00s Real=0.00s
[116.794s][info][gc,start       ] GC(488) Pause Young (Allocation Failure)
[116.797s][info][gc,heap        ] GC(488) PSYoungGen: 368128K(368128K)->992K(360960K) Eden: 367104K(367104K)->0K(359936K) From: 1024K(1024K)->992K(1024K)
[116.797s][info][gc,heap        ] GC(488) ParOldGen: 10329K(1398272K)->10449K(1398272K)
[116.797s][info][gc,metaspace   ] GC(488) Metaspace: 14262K(15040K)->14262K(15040K) NonClass: 12311K(12800K)->12311K(12800K) Class: 1950K(2240K)->1950K(2240K)
[116.797s][info][gc             ] GC(488) Pause Young (Allocation Failure) 369M->11M(1718M) 2.645ms
[116.797s][info][gc,cpu         ] GC(488) User=0.00s Sys=0.00s Real=0.00s
[117.058s][info][gc,start       ] GC(489) Pause Young (Allocation Failure)
[117.061s][info][gc,heap        ] GC(489) PSYoungGen: 360928K(360960K)->992K(353792K) Eden: 359936K(359936K)->0K(352768K) From: 992K(1024K)->992K(1024K)
[117.061s][info][gc,heap        ] GC(489) ParOldGen: 10449K(1398272K)->10537K(1398272K)
[117.061s][info][gc,metaspace   ] GC(489) Metaspace: 14262K(15040K)->14262K(15040K) NonClass: 12311K(12800K)->12311K(12800K) Class: 1950K(2240K)->1950K(2240K)
[117.061s][info][gc             ] GC(489) Pause Young (Allocation Failure) 362M->11M(1711M) 2.658ms
[117.061s][info][gc,cpu         ] GC(489) User=0.00s Sys=0.00s Real=0.00s
[117.312s][info][gc,start       ] GC(490) Pause Young (Allocation Failure)
[117.315s][info][gc,heap        ] GC(490) PSYoungGen: 353760K(353792K)->960K(347136K) Eden: 352768K(352768K)->0K(346112K) From: 992K(1024K)->960K(1024K)
[117.315s][info][gc,heap        ] GC(490) ParOldGen: 10537K(1398272K)->10649K(1398272K)
[117.315s][info][gc,metaspace   ] GC(490) Metaspace: 14262K(15040K)->14262K(15040K) NonClass: 12311K(12800K)->12311K(12800K) Class: 1950K(2240K)->1950K(2240K)
[117.315s][info][gc             ] GC(490) Pause Young (Allocation Failure) 355M->11M(1704M) 2.620ms
[117.315s][info][gc,cpu         ] GC(490) User=0.00s Sys=0.00s Real=0.00s
[117.566s][info][gc,start       ] GC(491) Pause Young (Allocation Failure)
[117.568s][info][gc,heap        ] GC(491) PSYoungGen: 347072K(347136K)->1024K(340480K) Eden: 346112K(346112K)->0K(339456K) From: 960K(1024K)->1024K(1024K)
[117.568s][info][gc,heap        ] GC(491) ParOldGen: 10649K(1398272K)->10753K(1398272K)
[117.568s][info][gc,metaspace   ] GC(491) Metaspace: 14262K(15040K)->14262K(15040K) NonClass: 12311K(12800K)->12311K(12800K) Class: 1950K(2240K)->1950K(2240K)
[117.568s][info][gc             ] GC(491) Pause Young (Allocation Failure) 349M->11M(1698M) 2.664ms
[117.568s][info][gc,cpu         ] GC(491) User=0.00s Sys=0.00s Real=0.00s
[117.815s][info][gc,start       ] GC(492) Pause Young (Allocation Failure)
[117.818s][info][gc,heap        ] GC(492) PSYoungGen: 340480K(340480K)->1024K(333824K) Eden: 339456K(339456K)->0K(332800K) From: 1024K(1024K)->1024K(1024K)
[117.818s][info][gc,heap        ] GC(492) ParOldGen: 10753K(1398272K)->10857K(1398272K)
[117.818s][info][gc,metaspace   ] GC(492) Metaspace: 14262K(15040K)->14262K(15040K) NonClass: 12311K(12800K)->12311K(12800K) Class: 1950K(2240K)->1950K(2240K)
[117.818s][info][gc             ] GC(492) Pause Young (Allocation Failure) 343M->11M(1691M) 2.742ms
[117.818s][info][gc,cpu         ] GC(492) User=0.00s Sys=0.00s Real=0.00s
[118.060s][info][gc,start       ] GC(493) Pause Young (Allocation Failure)
[118.063s][info][gc,heap        ] GC(493) PSYoungGen: 333824K(333824K)->992K(327680K) Eden: 332800K(332800K)->0K(326656K) From: 1024K(1024K)->992K(1024K)
[118.063s][info][gc,heap        ] GC(493) ParOldGen: 10857K(1398272K)->10945K(1398272K)
[118.063s][info][gc,metaspace   ] GC(493) Metaspace: 14262K(15040K)->14262K(15040K) NonClass: 12311K(12800K)->12311K(12800K) Class: 1950K(2240K)->1950K(2240K)
[118.063s][info][gc             ] GC(493) Pause Young (Allocation Failure) 336M->11M(1685M) 2.818ms
[118.063s][info][gc,cpu         ] GC(493) User=0.00s Sys=0.00s Real=0.00s
[118.300s][info][gc,start       ] GC(494) Pause Young (Allocation Failure)
[118.303s][info][gc,heap        ] GC(494) PSYoungGen: 327648K(327680K)->992K(321536K) Eden: 326656K(326656K)->0K(320512K) From: 992K(1024K)->992K(1024K)
[118.303s][info][gc,heap        ] GC(494) ParOldGen: 10945K(1398272K)->11053K(1398272K)
[118.303s][info][gc,metaspace   ] GC(494) Metaspace: 14262K(15040K)->14262K(15040K) NonClass: 12311K(12800K)->12311K(12800K) Class: 1950K(2240K)->1950K(2240K)
[118.303s][info][gc             ] GC(494) Pause Young (Allocation Failure) 330M->11M(1679M) 2.822ms
[118.303s][info][gc,cpu         ] GC(494) User=0.00s Sys=0.00s Real=0.00s
[118.532s][info][gc,start       ] GC(495) Pause Young (Allocation Failure)
[118.535s][info][gc,heap        ] GC(495) PSYoungGen: 321504K(321536K)->992K(386048K) Eden: 320512K(320512K)->0K(385024K) From: 992K(1024K)->992K(1024K)
[118.535s][info][gc,heap        ] GC(495) ParOldGen: 11053K(1398272K)->11165K(1398272K)
[118.535s][info][gc,metaspace   ] GC(495) Metaspace: 14262K(15040K)->14262K(15040K) NonClass: 12311K(12800K)->12311K(12800K) Class: 1950K(2240K)->1950K(2240K)
[118.535s][info][gc             ] GC(495) Pause Young (Allocation Failure) 324M->11M(1742M) 2.895ms
[118.535s][info][gc,cpu         ] GC(495) User=0.00s Sys=0.00s Real=0.00s
[118.815s][info][gc,start       ] GC(496) Pause Young (Allocation Failure)
[118.818s][info][gc,heap        ] GC(496) PSYoungGen: 386016K(386048K)->1056K(458240K) Eden: 385024K(385024K)->0K(456704K) From: 992K(1024K)->1056K(1536K)
[118.818s][info][gc,heap        ] GC(496) ParOldGen: 11165K(1398272K)->11277K(1398272K)
[118.818s][info][gc,metaspace   ] GC(496) Metaspace: 14262K(15040K)->14262K(15040K) NonClass: 12311K(12800K)->12311K(12800K) Class: 1950K(2240K)->1950K(2240K)
[118.818s][info][gc             ] GC(496) Pause Young (Allocation Failure) 387M->12M(1813M) 2.986ms
[118.818s][info][gc,cpu         ] GC(496) User=0.00s Sys=0.00s Real=0.00s
[119.148s][info][gc,start       ] GC(497) Pause Young (Allocation Failure)
[119.151s][info][gc,heap        ] GC(497) PSYoungGen: 457760K(458240K)->1056K(448000K) Eden: 456704K(456704K)->0K(446464K) From: 1056K(1536K)->1056K(1536K)
[119.151s][info][gc,heap        ] GC(497) ParOldGen: 11277K(1398272K)->11389K(1398272K)
[119.151s][info][gc,metaspace   ] GC(497) Metaspace: 14262K(15040K)->14262K(15040K) NonClass: 12311K(12800K)->12311K(12800K) Class: 1950K(2240K)->1950K(2240K)
[119.151s][info][gc             ] GC(497) Pause Young (Allocation Failure) 458M->12M(1803M) 3.256ms
[119.151s][info][gc,cpu         ] GC(497) User=0.52s Sys=0.00s Real=0.00s
[119.470s][info][gc,start       ] GC(498) Pause Young (Allocation Failure)
[119.473s][info][gc,heap        ] GC(498) PSYoungGen: 447520K(448000K)->512K(436736K) Eden: 446464K(446464K)->0K(436224K) From: 1056K(1536K)->512K(512K)
[119.473s][info][gc,heap        ] GC(498) ParOldGen: 11389K(1398272K)->11621K(1398272K)
[119.473s][info][gc,metaspace   ] GC(498) Metaspace: 14262K(15040K)->14262K(15040K) NonClass: 12311K(12800K)->12311K(12800K) Class: 1950K(2240K)->1950K(2240K)
[119.473s][info][gc             ] GC(498) Pause Young (Allocation Failure) 448M->11M(1792M) 3.184ms
[119.473s][info][gc,cpu         ] GC(498) User=0.00s Sys=0.00s Real=0.00s
[119.778s][info][gc,start       ] GC(499) Pause Young (Allocation Failure)
[119.815s][info][gc,heap        ] GC(499) PSYoungGen: 436736K(436736K)->960K(428032K) Eden: 436224K(436224K)->0K(426496K) From: 512K(512K)->960K(1536K)
[119.815s][info][gc,heap        ] GC(499) ParOldGen: 11621K(1398272K)->11669K(1398272K)
[119.815s][info][gc,metaspace   ] GC(499) Metaspace: 14262K(15040K)->14262K(15040K) NonClass: 12311K(12800K)->12311K(12800K) Class: 1950K(2240K)->1950K(2240K)
[119.815s][info][gc             ] GC(499) Pause Young (Allocation Failure) 437M->12M(1783M) 37.360ms
[119.815s][info][gc,cpu         ] GC(499) User=0.00s Sys=0.00s Real=0.04s
[120.128s][info][gc,start       ] GC(500) Pause Young (Allocation Failure)
[120.131s][info][gc,heap        ] GC(500) PSYoungGen: 427456K(428032K)->992K(418304K) Eden: 426496K(426496K)->0K(417280K) From: 960K(1536K)->992K(1024K)
[120.131s][info][gc,heap        ] GC(500) ParOldGen: 11669K(1398272K)->11837K(1398272K)
[120.131s][info][gc,metaspace   ] GC(500) Metaspace: 14262K(15040K)->14262K(15040K) NonClass: 12311K(12800K)->12311K(12800K) Class: 1950K(2240K)->1950K(2240K)
[120.131s][info][gc             ] GC(500) Pause Young (Allocation Failure) 428M->12M(1774M) 3.056ms
[120.131s][info][gc,cpu         ] GC(500) User=0.00s Sys=0.00s Real=0.00s
[120.372s][info][gc,start       ] GC(501) Pause Young (Allocation Failure)
[120.375s][info][gc,heap        ] GC(501) PSYoungGen: 418272K(418304K)->800K(456704K) Eden: 417280K(417280K)->0K(455168K) From: 992K(1024K)->800K(1536K)
[120.375s][info][gc,heap        ] GC(501) ParOldGen: 11837K(1398272K)->11973K(1398272K)
[120.375s][info][gc,metaspace   ] GC(501) Metaspace: 14262K(15040K)->14262K(15040K) NonClass: 12311K(12800K)->12311K(12800K) Class: 1950K(2240K)->1950K(2240K)
[120.375s][info][gc             ] GC(501) Pause Young (Allocation Failure) 420M->12M(1811M) 2.979ms
[120.375s][info][gc,cpu         ] GC(501) User=0.00s Sys=0.00s Real=0.00s
[120.608s][info][gc,start       ] GC(502) Pause Young (System.gc())
[120.610s][info][gc,heap        ] GC(502) PSYoungGen: 307014K(456704K)->320K(502272K) Eden: 306214K(455168K)->0K(500736K) From: 800K(1536K)->320K(1536K)
[120.610s][info][gc,heap        ] GC(502) ParOldGen: 11973K(1398272K)->12037K(1398272K)
[120.610s][info][gc,metaspace   ] GC(502) Metaspace: 14262K(15040K)->14262K(15040K) NonClass: 12311K(12800K)->12311K(12800K) Class: 1950K(2240K)->1950K(2240K)
[120.610s][info][gc             ] GC(502) Pause Young (System.gc()) 311M->12M(1856M) 2.482ms
[120.610s][info][gc,cpu         ] GC(502) User=0.00s Sys=0.00s Real=0.00s
[120.610s][info][gc,start       ] GC(503) Pause Full (System.gc())
[120.610s][info][gc,phases,start] GC(503) Marking Phase
[120.625s][info][gc,phases      ] GC(503) Marking Phase 14.769ms
[120.625s][info][gc,phases,start] GC(503) Summary Phase
[120.625s][info][gc,phases      ] GC(503) Summary Phase 0.012ms
[120.625s][info][gc,phases,start] GC(503) Adjust Roots
[120.630s][info][gc,phases      ] GC(503) Adjust Roots 5.531ms
[120.631s][info][gc,phases,start] GC(503) Compaction Phase
[120.633s][info][gc,phases      ] GC(503) Compaction Phase 2.161ms
[120.633s][info][gc,phases,start] GC(503) Post Compact
[120.633s][info][gc,phases      ] GC(503) Post Compact 0.573ms
[120.633s][info][gc,heap        ] GC(503) PSYoungGen: 320K(502272K)->0K(502272K) Eden: 0K(500736K)->0K(500736K) From: 320K(1536K)->0K(1536K)
[120.633s][info][gc,heap        ] GC(503) ParOldGen: 12037K(1398272K)->5367K(1398272K)
[120.633s][info][gc,metaspace   ] GC(503) Metaspace: 14262K(15040K)->14262K(15040K) NonClass: 12311K(12800K)->12311K(12800K) Class: 1950K(2240K)->1950K(2240K)
[120.633s][info][gc             ] GC(503) Pause Full (System.gc()) 12M->5M(1856M) 23.317ms
[120.633s][info][gc,cpu         ] GC(503) User=0.02s Sys=0.00s Real=0.01s
[121.083s][info][gc,start       ] GC(504) Pause Young (Allocation Failure)
[121.087s][info][gc,heap        ] GC(504) PSYoungGen: 500736K(502272K)->1536K(490496K) Eden: 500736K(500736K)->0K(488960K) From: 0K(1536K)->1536K(1536K)
[121.087s][info][gc,heap        ] GC(504) ParOldGen: 5367K(1398272K)->5736K(1398272K)
[121.087s][info][gc,metaspace   ] GC(504) Metaspace: 14262K(15040K)->14262K(15040K) NonClass: 12311K(12800K)->12311K(12800K) Class: 1950K(2240K)->1950K(2240K)
[121.087s][info][gc             ] GC(504) Pause Young (Allocation Failure) 494M->7M(1844M) 3.792ms
[121.087s][info][gc,cpu         ] GC(504) User=0.00s Sys=0.00s Real=0.00s
[121.448s][info][gc,start       ] GC(505) Pause Young (Allocation Failure)
[121.451s][info][gc,heap        ] GC(505) PSYoungGen: 490496K(490496K)->512K(477696K) Eden: 488960K(488960K)->0K(477184K) From: 1536K(1536K)->512K(512K)
[121.451s][info][gc,heap        ] GC(505) ParOldGen: 5736K(1398272K)->7203K(1398272K)
[121.451s][info][gc,metaspace   ] GC(505) Metaspace: 14262K(15040K)->14262K(15040K) NonClass: 12311K(12800K)->12311K(12800K) Class: 1950K(2240K)->1950K(2240K)
[121.451s][info][gc             ] GC(505) Pause Young (Allocation Failure) 484M->7M(1832M) 2.983ms
[121.451s][info][gc,cpu         ] GC(505) User=0.00s Sys=0.00s Real=0.00s
[121.799s][info][gc,start       ] GC(506) Pause Young (Allocation Failure)
[121.802s][info][gc,heap        ] GC(506) PSYoungGen: 477696K(477696K)->1024K(467968K) Eden: 477184K(477184K)->0K(465920K) From: 512K(512K)->1024K(2048K)
[121.802s][info][gc,heap        ] GC(506) ParOldGen: 7203K(1398272K)->7235K(1398272K)
[121.802s][info][gc,metaspace   ] GC(506) Metaspace: 14262K(15040K)->14262K(15040K) NonClass: 12311K(12800K)->12311K(12800K) Class: 1950K(2240K)->1950K(2240K)
[121.802s][info][gc             ] GC(506) Pause Young (Allocation Failure) 473M->8M(1822M) 3.004ms
[121.803s][info][gc,cpu         ] GC(506) User=0.00s Sys=0.00s Real=0.00s
[122.144s][info][gc,start       ] GC(507) Pause Young (Allocation Failure)
[122.147s][info][gc,heap        ] GC(507) PSYoungGen: 466944K(467968K)->1024K(456192K) Eden: 465920K(465920K)->0K(455168K) From: 1024K(2048K)->1024K(1024K)
[122.147s][info][gc,heap        ] GC(507) ParOldGen: 7235K(1398272K)->7403K(1398272K)
[122.147s][info][gc,metaspace   ] GC(507) Metaspace: 14262K(15040K)->14262K(15040K) NonClass: 12311K(12800K)->12311K(12800K) Class: 1950K(2240K)->1950K(2240K)
[122.148s][info][gc             ] GC(507) Pause Young (Allocation Failure) 463M->8M(1811M) 3.168ms
[122.148s][info][gc,cpu         ] GC(507) User=0.00s Sys=0.00s Real=0.00s
[122.477s][info][gc,start       ] GC(508) Pause Young (Allocation Failure)
[122.481s][info][gc,heap        ] GC(508) PSYoungGen: 456192K(456192K)->1024K(445952K) Eden: 455168K(455168K)->0K(444928K) From: 1024K(1024K)->1024K(1024K)
[122.481s][info][gc,heap        ] GC(508) ParOldGen: 7403K(1398272K)->7539K(1398272K)
[122.481s][info][gc,metaspace   ] GC(508) Metaspace: 14262K(15040K)->14262K(15040K) NonClass: 12311K(12800K)->12311K(12800K) Class: 1950K(2240K)->1950K(2240K)
[122.481s][info][gc             ] GC(508) Pause Young (Allocation Failure) 452M->8M(1801M) 3.191ms
[122.481s][info][gc,cpu         ] GC(508) User=0.00s Sys=0.00s Real=0.00s
[122.815s][info][gc,start       ] GC(509) Pause Young (Allocation Failure)
[122.818s][info][gc,heap        ] GC(509) PSYoungGen: 445952K(445952K)->1024K(436224K) Eden: 444928K(444928K)->0K(435200K) From: 1024K(1024K)->1024K(1024K)
[122.818s][info][gc,heap        ] GC(509) ParOldGen: 7539K(1398272K)->7651K(1398272K)
[122.818s][info][gc,metaspace   ] GC(509) Metaspace: 14262K(15040K)->14262K(15040K) NonClass: 12311K(12800K)->12311K(12800K) Class: 1950K(2240K)->1950K(2240K)
[122.818s][info][gc             ] GC(509) Pause Young (Allocation Failure) 442M->8M(1791M) 3.116ms
[122.818s][info][gc,cpu         ] GC(509) User=0.00s Sys=0.00s Real=0.00s
[123.150s][info][gc,start       ] GC(510) Pause Young (Allocation Failure)
[123.153s][info][gc,heap        ] GC(510) PSYoungGen: 436224K(436224K)->1024K(426496K) Eden: 435200K(435200K)->0K(425472K) From: 1024K(1024K)->1024K(1024K)
[123.153s][info][gc,heap        ] GC(510) ParOldGen: 7651K(1398272K)->7779K(1398272K)
[123.153s][info][gc,metaspace   ] GC(510) Metaspace: 14262K(15040K)->14262K(15040K) NonClass: 12311K(12800K)->12311K(12800K) Class: 1950K(2240K)->1950K(2240K)
[123.153s][info][gc             ] GC(510) Pause Young (Allocation Failure) 433M->8M(1782M) 2.824ms
[123.153s][info][gc,cpu         ] GC(510) User=0.00s Sys=0.00s Real=0.00s
[123.486s][info][gc,start       ] GC(511) Pause Young (Allocation Failure)
[123.489s][info][gc,heap        ] GC(511) PSYoungGen: 426496K(426496K)->1024K(417280K) Eden: 425472K(425472K)->0K(416256K) From: 1024K(1024K)->1024K(1024K)
[123.489s][info][gc,heap        ] GC(511) ParOldGen: 7779K(1398272K)->7923K(1398272K)
[123.489s][info][gc,metaspace   ] GC(511) Metaspace: 14262K(15040K)->14262K(15040K) NonClass: 12311K(12800K)->12311K(12800K) Class: 1950K(2240K)->1950K(2240K)
[123.489s][info][gc             ] GC(511) Pause Young (Allocation Failure) 424M->8M(1773M) 2.757ms
[123.489s][info][gc,cpu         ] GC(511) User=0.00s Sys=0.00s Real=0.00s
[123.792s][info][gc,start       ] GC(512) Pause Young (Allocation Failure)
[123.795s][info][gc,heap        ] GC(512) PSYoungGen: 417280K(417280K)->1024K(409600K) Eden: 416256K(416256K)->0K(407552K) From: 1024K(1024K)->1024K(2048K)
[123.795s][info][gc,heap        ] GC(512) ParOldGen: 7923K(1398272K)->8075K(1398272K)
[123.795s][info][gc,metaspace   ] GC(512) Metaspace: 14262K(15040K)->14262K(15040K) NonClass: 12311K(12800K)->12311K(12800K) Class: 1950K(2240K)->1950K(2240K)
[123.795s][info][gc             ] GC(512) Pause Young (Allocation Failure) 415M->8M(1765M) 2.700ms
[123.795s][info][gc,cpu         ] GC(512) User=0.00s Sys=0.00s Real=0.00s
[124.090s][info][gc,start       ] GC(513) Pause Young (Allocation Failure)
[124.093s][info][gc,heap        ] GC(513) PSYoungGen: 408576K(409600K)->1024K(399872K) Eden: 407552K(407552K)->0K(398848K) From: 1024K(2048K)->1024K(1024K)
[124.093s][info][gc,heap        ] GC(513) ParOldGen: 8075K(1398272K)->8195K(1398272K)
[124.093s][info][gc,metaspace   ] GC(513) Metaspace: 14262K(15040K)->14262K(15040K) NonClass: 12311K(12800K)->12311K(12800K) Class: 1950K(2240K)->1950K(2240K)
[124.093s][info][gc             ] GC(513) Pause Young (Allocation Failure) 406M->9M(1756M) 2.756ms
[124.093s][info][gc,cpu         ] GC(513) User=0.00s Sys=0.00s Real=0.00s
[124.387s][info][gc,start       ] GC(514) Pause Young (Allocation Failure)
[124.389s][info][gc,heap        ] GC(514) PSYoungGen: 399872K(399872K)->1024K(391680K) Eden: 398848K(398848K)->0K(390656K) From: 1024K(1024K)->1024K(1024K)
[124.389s][info][gc,heap        ] GC(514) ParOldGen: 8195K(1398272K)->8323K(1398272K)
[124.389s][info][gc,metaspace   ] GC(514) Metaspace: 14262K(15040K)->14262K(15040K) NonClass: 12311K(12800K)->12311K(12800K) Class: 1950K(2240K)->1950K(2240K)
[124.389s][info][gc             ] GC(514) Pause Young (Allocation Failure) 398M->9M(1748M) 2.808ms
[124.389s][info][gc,cpu         ] GC(514) User=0.00s Sys=0.00s Real=0.00s
[124.673s][info][gc,start       ] GC(515) Pause Young (Allocation Failure)
[124.676s][info][gc,heap        ] GC(515) PSYoungGen: 391680K(391680K)->992K(383488K) Eden: 390656K(390656K)->0K(382464K) From: 1024K(1024K)->992K(1024K)
[124.676s][info][gc,heap        ] GC(515) ParOldGen: 8323K(1398272K)->8451K(1398272K)
[124.676s][info][gc,metaspace   ] GC(515) Metaspace: 14262K(15040K)->14262K(15040K) NonClass: 12311K(12800K)->12311K(12800K) Class: 1950K(2240K)->1950K(2240K)
[124.676s][info][gc             ] GC(515) Pause Young (Allocation Failure) 390M->9M(1740M) 2.909ms
[124.676s][info][gc,cpu         ] GC(515) User=0.00s Sys=0.00s Real=0.00s
[124.954s][info][gc,start       ] GC(516) Pause Young (Allocation Failure)
[124.957s][info][gc,heap        ] GC(516) PSYoungGen: 383456K(383488K)->1024K(375808K) Eden: 382464K(382464K)->0K(374784K) From: 992K(1024K)->1024K(1024K)
[124.957s][info][gc,heap        ] GC(516) ParOldGen: 8451K(1398272K)->8555K(1398272K)
[124.957s][info][gc,metaspace   ] GC(516) Metaspace: 14262K(15040K)->14262K(15040K) NonClass: 12311K(12800K)->12311K(12800K) Class: 1950K(2240K)->1950K(2240K)
[124.957s][info][gc             ] GC(516) Pause Young (Allocation Failure) 382M->9M(1732M) 2.959ms
[124.957s][info][gc,cpu         ] GC(516) User=0.00s Sys=0.00s Real=0.00s
[125.229s][info][gc,start       ] GC(517) Pause Young (Allocation Failure)
[125.232s][info][gc,heap        ] GC(517) PSYoungGen: 375808K(375808K)->1024K(368128K) Eden: 374784K(374784K)->0K(367104K) From: 1024K(1024K)->1024K(1024K)
[125.232s][info][gc,heap        ] GC(517) ParOldGen: 8555K(1398272K)->8691K(1398272K)
[125.232s][info][gc,metaspace   ] GC(517) Metaspace: 14262K(15040K)->14262K(15040K) NonClass: 12311K(12800K)->12311K(12800K) Class: 1950K(2240K)->1950K(2240K)
[125.232s][info][gc             ] GC(517) Pause Young (Allocation Failure) 375M->9M(1725M) 3.037ms
[125.232s][info][gc,cpu         ] GC(517) User=0.00s Sys=0.00s Real=0.00s
[125.548s][info][gc,start       ] GC(518) Pause Young (Allocation Failure)
[125.552s][info][gc,heap        ] GC(518) PSYoungGen: 368128K(368128K)->1024K(360960K) Eden: 367104K(367104K)->0K(359936K) From: 1024K(1024K)->1024K(1024K)
[125.552s][info][gc,heap        ] GC(518) ParOldGen: 8691K(1398272K)->8787K(1398272K)
[125.552s][info][gc,metaspace   ] GC(518) Metaspace: 14262K(15040K)->14262K(15040K) NonClass: 12311K(12800K)->12311K(12800K) Class: 1950K(2240K)->1950K(2240K)
[125.552s][info][gc             ] GC(518) Pause Young (Allocation Failure) 367M->9M(1718M) 4.034ms
[125.553s][info][gc,cpu         ] GC(518) User=0.00s Sys=0.00s Real=0.00s
[125.837s][info][gc,start       ] GC(519) Pause Young (Allocation Failure)
[125.840s][info][gc,heap        ] GC(519) PSYoungGen: 360960K(360960K)->992K(353792K) Eden: 359936K(359936K)->0K(352768K) From: 1024K(1024K)->992K(1024K)
[125.840s][info][gc,heap        ] GC(519) ParOldGen: 8787K(1398272K)->8891K(1398272K)
[125.840s][info][gc,metaspace   ] GC(519) Metaspace: 14262K(15040K)->14262K(15040K) NonClass: 12311K(12800K)->12311K(12800K) Class: 1950K(2240K)->1950K(2240K)
[125.840s][info][gc             ] GC(519) Pause Young (Allocation Failure) 361M->9M(1711M) 2.788ms
[125.840s][info][gc,cpu         ] GC(519) User=0.00s Sys=0.00s Real=0.00s
[126.110s][info][gc,start       ] GC(520) Pause Young (Allocation Failure)
[126.112s][info][gc,heap        ] GC(520) PSYoungGen: 353760K(353792K)->1024K(347136K) Eden: 352768K(352768K)->0K(346112K) From: 992K(1024K)->1024K(1024K)
[126.112s][info][gc,heap        ] GC(520) ParOldGen: 8891K(1398272K)->9019K(1398272K)
[126.112s][info][gc,metaspace   ] GC(520) Metaspace: 14262K(15040K)->14262K(15040K) NonClass: 12311K(12800K)->12311K(12800K) Class: 1950K(2240K)->1950K(2240K)
[126.112s][info][gc             ] GC(520) Pause Young (Allocation Failure) 354M->9M(1704M) 2.755ms
[126.112s][info][gc,cpu         ] GC(520) User=0.00s Sys=0.00s Real=0.00s
[126.389s][info][gc,start       ] GC(521) Pause Young (Allocation Failure)
[126.392s][info][gc,heap        ] GC(521) PSYoungGen: 347136K(347136K)->992K(340480K) Eden: 346112K(346112K)->0K(339456K) From: 1024K(1024K)->992K(1024K)
[126.392s][info][gc,heap        ] GC(521) ParOldGen: 9019K(1398272K)->9155K(1398272K)
[126.392s][info][gc,metaspace   ] GC(521) Metaspace: 14262K(15040K)->14262K(15040K) NonClass: 12311K(12800K)->12311K(12800K) Class: 1950K(2240K)->1950K(2240K)
[126.392s][info][gc             ] GC(521) Pause Young (Allocation Failure) 347M->9M(1698M) 2.587ms
[126.392s][info][gc,cpu         ] GC(521) User=0.00s Sys=0.00s Real=0.00s
[126.640s][info][gc,start       ] GC(522) Pause Young (Allocation Failure)
[126.642s][info][gc,heap        ] GC(522) PSYoungGen: 340448K(340480K)->1024K(333824K) Eden: 339456K(339456K)->0K(332800K) From: 992K(1024K)->1024K(1024K)
[126.642s][info][gc,heap        ] GC(522) ParOldGen: 9155K(1398272K)->9291K(1398272K)
[126.642s][info][gc,metaspace   ] GC(522) Metaspace: 14262K(15040K)->14262K(15040K) NonClass: 12311K(12800K)->12311K(12800K) Class: 1950K(2240K)->1950K(2240K)
[126.642s][info][gc             ] GC(522) Pause Young (Allocation Failure) 341M->10M(1691M) 2.638ms
[126.642s][info][gc,cpu         ] GC(522) User=0.00s Sys=0.00s Real=0.00s
[126.887s][info][gc,start       ] GC(523) Pause Young (Allocation Failure)
[126.890s][info][gc,heap        ] GC(523) PSYoungGen: 333824K(333824K)->992K(327680K) Eden: 332800K(332800K)->0K(326656K) From: 1024K(1024K)->992K(1024K)
[126.890s][info][gc,heap        ] GC(523) ParOldGen: 9291K(1398272K)->9419K(1398272K)
[126.890s][info][gc,metaspace   ] GC(523) Metaspace: 14262K(15040K)->14262K(15040K) NonClass: 12311K(12800K)->12311K(12800K) Class: 1950K(2240K)->1950K(2240K)
[126.890s][info][gc             ] GC(523) Pause Young (Allocation Failure) 335M->10M(1685M) 2.610ms
[126.890s][info][gc,cpu         ] GC(523) User=0.00s Sys=0.00s Real=0.00s
[127.129s][info][gc,start       ] GC(524) Pause Young (Allocation Failure)
[127.131s][info][gc,heap        ] GC(524) PSYoungGen: 327648K(327680K)->1024K(321536K) Eden: 326656K(326656K)->0K(320512K) From: 992K(1024K)->1024K(1024K)
[127.131s][info][gc,heap        ] GC(524) ParOldGen: 9419K(1398272K)->9515K(1398272K)
[127.131s][info][gc,metaspace   ] GC(524) Metaspace: 14262K(15040K)->14262K(15040K) NonClass: 12311K(12800K)->12311K(12800K) Class: 1950K(2240K)->1950K(2240K)
[127.131s][info][gc             ] GC(524) Pause Young (Allocation Failure) 329M->10M(1679M) 2.662ms
[127.131s][info][gc,cpu         ] GC(524) User=0.00s Sys=0.00s Real=0.00s
[127.366s][info][gc,start       ] GC(525) Pause Young (Allocation Failure)
[127.369s][info][gc,heap        ] GC(525) PSYoungGen: 321536K(321536K)->992K(315904K) Eden: 320512K(320512K)->0K(314880K) From: 1024K(1024K)->992K(1024K)
[127.369s][info][gc,heap        ] GC(525) ParOldGen: 9515K(1398272K)->9595K(1398272K)
[127.369s][info][gc,metaspace   ] GC(525) Metaspace: 14262K(15040K)->14262K(15040K) NonClass: 12311K(12800K)->12311K(12800K) Class: 1950K(2240K)->1950K(2240K)
[127.369s][info][gc             ] GC(525) Pause Young (Allocation Failure) 323M->10M(1674M) 2.698ms
[127.369s][info][gc,cpu         ] GC(525) User=0.52s Sys=0.00s Real=0.00s
[127.602s][info][gc,start       ] GC(526) Pause Young (Allocation Failure)
[127.604s][info][gc,heap        ] GC(526) PSYoungGen: 315872K(315904K)->1024K(378880K) Eden: 314880K(314880K)->0K(377856K) From: 992K(1024K)->1024K(1024K)
[127.604s][info][gc,heap        ] GC(526) ParOldGen: 9595K(1398272K)->9691K(1398272K)
[127.604s][info][gc,metaspace   ] GC(526) Metaspace: 14262K(15040K)->14262K(15040K) NonClass: 12311K(12800K)->12311K(12800K) Class: 1950K(2240K)->1950K(2240K)
[127.604s][info][gc             ] GC(526) Pause Young (Allocation Failure) 317M->10M(1735M) 2.799ms
[127.605s][info][gc,cpu         ] GC(526) User=0.00s Sys=0.00s Real=0.00s
[127.885s][info][gc,start       ] GC(527) Pause Young (Allocation Failure)
[127.887s][info][gc,heap        ] GC(527) PSYoungGen: 378880K(378880K)->992K(371200K) Eden: 377856K(377856K)->0K(370176K) From: 1024K(1024K)->992K(1024K)
[127.887s][info][gc,heap        ] GC(527) ParOldGen: 9691K(1398272K)->9771K(1398272K)
[127.887s][info][gc,metaspace   ] GC(527) Metaspace: 14262K(15040K)->14262K(15040K) NonClass: 12311K(12800K)->12311K(12800K) Class: 1950K(2240K)->1950K(2240K)
[127.888s][info][gc             ] GC(527) Pause Young (Allocation Failure) 379M->10M(1728M) 2.891ms
[127.888s][info][gc,cpu         ] GC(527) User=0.00s Sys=0.00s Real=0.00s
[128.160s][info][gc,start       ] GC(528) Pause Young (Allocation Failure)
[128.162s][info][gc,heap        ] GC(528) PSYoungGen: 371168K(371200K)->992K(364032K) Eden: 370176K(370176K)->0K(363008K) From: 992K(1024K)->992K(1024K)
[128.163s][info][gc,heap        ] GC(528) ParOldGen: 9771K(1398272K)->9883K(1398272K)
[128.163s][info][gc,metaspace   ] GC(528) Metaspace: 14262K(15040K)->14262K(15040K) NonClass: 12311K(12800K)->12311K(12800K) Class: 1950K(2240K)->1950K(2240K)
[128.163s][info][gc             ] GC(528) Pause Young (Allocation Failure) 372M->10M(1721M) 2.972ms
[128.163s][info][gc,cpu         ] GC(528) User=0.00s Sys=0.00s Real=0.00s
[128.431s][info][gc,start       ] GC(529) Pause Young (Allocation Failure)
[128.434s][info][gc,heap        ] GC(529) PSYoungGen: 364000K(364032K)->1024K(436736K) Eden: 363008K(363008K)->0K(435712K) From: 992K(1024K)->1024K(1024K)
[128.434s][info][gc,heap        ] GC(529) ParOldGen: 9883K(1398272K)->9971K(1398272K)
[128.434s][info][gc,metaspace   ] GC(529) Metaspace: 14262K(15040K)->14262K(15040K) NonClass: 12311K(12800K)->12311K(12800K) Class: 1950K(2240K)->1950K(2240K)
[128.434s][info][gc             ] GC(529) Pause Young (Allocation Failure) 365M->10M(1792M) 2.999ms
[128.434s][info][gc,cpu         ] GC(529) User=0.00s Sys=0.00s Real=0.00s
[128.756s][info][gc,start       ] GC(530) Pause Young (Allocation Failure)
[128.759s][info][gc,heap        ] GC(530) PSYoungGen: 436736K(436736K)->1024K(427008K) Eden: 435712K(435712K)->0K(425984K) From: 1024K(1024K)->1024K(1024K)
[128.759s][info][gc,heap        ] GC(530) ParOldGen: 9971K(1398272K)->10083K(1398272K)
[128.759s][info][gc,metaspace   ] GC(530) Metaspace: 14262K(15040K)->14262K(15040K) NonClass: 12311K(12800K)->12311K(12800K) Class: 1950K(2240K)->1950K(2240K)
[128.759s][info][gc             ] GC(530) Pause Young (Allocation Failure) 436M->10M(1782M) 3.180ms
[128.759s][info][gc,cpu         ] GC(530) User=0.52s Sys=0.00s Real=0.00s
[129.070s][info][gc,start       ] GC(531) Pause Young (Allocation Failure)
[129.073s][info][gc,heap        ] GC(531) PSYoungGen: 427008K(427008K)->1024K(417792K) Eden: 425984K(425984K)->0K(416768K) From: 1024K(1024K)->1024K(1024K)
[129.073s][info][gc,heap        ] GC(531) ParOldGen: 10083K(1398272K)->10219K(1398272K)
[129.073s][info][gc,metaspace   ] GC(531) Metaspace: 14262K(15040K)->14262K(15040K) NonClass: 12311K(12800K)->12311K(12800K) Class: 1950K(2240K)->1950K(2240K)
[129.073s][info][gc             ] GC(531) Pause Young (Allocation Failure) 426M->10M(1773M) 3.182ms
[129.074s][info][gc,cpu         ] GC(531) User=0.52s Sys=0.00s Real=0.00s
[129.425s][info][gc,start       ] GC(532) Pause Young (Allocation Failure)
[129.429s][info][gc,heap        ] GC(532) PSYoungGen: 417792K(417792K)->1056K(409088K) Eden: 416768K(416768K)->0K(407552K) From: 1024K(1024K)->1056K(1536K)
[129.429s][info][gc,heap        ] GC(532) ParOldGen: 10219K(1398272K)->10331K(1398272K)
[129.429s][info][gc,metaspace   ] GC(532) Metaspace: 14262K(15040K)->14262K(15040K) NonClass: 12311K(12800K)->12311K(12800K) Class: 1950K(2240K)->1950K(2240K)
[129.429s][info][gc             ] GC(532) Pause Young (Allocation Failure) 417M->11M(1765M) 4.223ms
[129.429s][info][gc,cpu         ] GC(532) User=0.00s Sys=0.00s Real=0.00s
[129.744s][info][gc,start       ] GC(533) Pause Young (Allocation Failure)
[129.747s][info][gc,heap        ] GC(533) PSYoungGen: 408608K(409088K)->1024K(399872K) Eden: 407552K(407552K)->0K(398848K) From: 1056K(1536K)->1024K(1024K)
[129.747s][info][gc,heap        ] GC(533) ParOldGen: 10331K(1398272K)->10427K(1398272K)
[129.747s][info][gc,metaspace   ] GC(533) Metaspace: 14262K(15040K)->14262K(15040K) NonClass: 12311K(12800K)->12311K(12800K) Class: 1950K(2240K)->1950K(2240K)
[129.747s][info][gc             ] GC(533) Pause Young (Allocation Failure) 409M->11M(1756M) 2.888ms
[129.747s][info][gc,cpu         ] GC(533) User=0.00s Sys=0.00s Real=0.00s
[130.067s][info][gc,start       ] GC(534) Pause Young (Allocation Failure)
[130.070s][info][gc,heap        ] GC(534) PSYoungGen: 399872K(399872K)->1024K(391680K) Eden: 398848K(398848K)->0K(390656K) From: 1024K(1024K)->1024K(1024K)
[130.070s][info][gc,heap        ] GC(534) ParOldGen: 10427K(1398272K)->10531K(1398272K)
[130.070s][info][gc,metaspace   ] GC(534) Metaspace: 14262K(15040K)->14262K(15040K) NonClass: 12311K(12800K)->12311K(12800K) Class: 1950K(2240K)->1950K(2240K)
[130.070s][info][gc             ] GC(534) Pause Young (Allocation Failure) 400M->11M(1748M) 2.748ms
[130.070s][info][gc,cpu         ] GC(534) User=0.00s Sys=0.00s Real=0.00s
[130.354s][info][gc,start       ] GC(535) Pause Young (Allocation Failure)
[130.356s][info][gc,heap        ] GC(535) PSYoungGen: 391680K(391680K)->992K(383488K) Eden: 390656K(390656K)->0K(382464K) From: 1024K(1024K)->992K(1024K)
[130.356s][info][gc,heap        ] GC(535) ParOldGen: 10531K(1398272K)->10635K(1398272K)
[130.356s][info][gc,metaspace   ] GC(535) Metaspace: 14262K(15040K)->14262K(15040K) NonClass: 12311K(12800K)->12311K(12800K) Class: 1950K(2240K)->1950K(2240K)
[130.356s][info][gc             ] GC(535) Pause Young (Allocation Failure) 392M->11M(1740M) 2.767ms
[130.356s][info][gc,cpu         ] GC(535) User=0.00s Sys=0.00s Real=0.00s
[130.640s][info][gc,start       ] GC(536) Pause Young (Allocation Failure)
[130.642s][info][gc,heap        ] GC(536) PSYoungGen: 383456K(383488K)->1024K(375808K) Eden: 382464K(382464K)->0K(374784K) From: 992K(1024K)->1024K(1024K)
[130.643s][info][gc,heap        ] GC(536) ParOldGen: 10635K(1398272K)->10723K(1398272K)
[130.643s][info][gc,metaspace   ] GC(536) Metaspace: 14262K(15040K)->14262K(15040K) NonClass: 12311K(12800K)->12311K(12800K) Class: 1950K(2240K)->1950K(2240K)
[130.643s][info][gc             ] GC(536) Pause Young (Allocation Failure) 384M->11M(1732M) 2.775ms
[130.643s][info][gc,cpu         ] GC(536) User=0.00s Sys=0.00s Real=0.00s
[130.918s][info][gc,start       ] GC(537) Pause Young (Allocation Failure)
[130.920s][info][gc,heap        ] GC(537) PSYoungGen: 375808K(375808K)->960K(368128K) Eden: 374784K(374784K)->0K(367104K) From: 1024K(1024K)->960K(1024K)
[130.920s][info][gc,heap        ] GC(537) ParOldGen: 10723K(1398272K)->10847K(1398272K)
[130.920s][info][gc,metaspace   ] GC(537) Metaspace: 14262K(15040K)->14262K(15040K) NonClass: 12311K(12800K)->12311K(12800K) Class: 1950K(2240K)->1950K(2240K)
[130.920s][info][gc             ] GC(537) Pause Young (Allocation Failure) 377M->11M(1725M) 2.864ms
[130.920s][info][gc,cpu         ] GC(537) User=0.00s Sys=0.00s Real=0.00s
[131.191s][info][gc,start       ] GC(538) Pause Young (Allocation Failure)
[131.194s][info][gc,heap        ] GC(538) PSYoungGen: 368064K(368128K)->1024K(360960K) Eden: 367104K(367104K)->0K(359936K) From: 960K(1024K)->1024K(1024K)
[131.194s][info][gc,heap        ] GC(538) ParOldGen: 10847K(1398272K)->10967K(1398272K)
[131.194s][info][gc,metaspace   ] GC(538) Metaspace: 14262K(15040K)->14262K(15040K) NonClass: 12311K(12800K)->12311K(12800K) Class: 1950K(2240K)->1950K(2240K)
[131.194s][info][gc             ] GC(538) Pause Young (Allocation Failure) 370M->11M(1718M) 2.954ms
[131.194s][info][gc,cpu         ] GC(538) User=0.00s Sys=0.00s Real=0.00s
[131.455s][info][gc,start       ] GC(539) Pause Young (Allocation Failure)
[131.457s][info][gc,heap        ] GC(539) PSYoungGen: 360960K(360960K)->992K(353792K) Eden: 359936K(359936K)->0K(352768K) From: 1024K(1024K)->992K(1024K)
[131.457s][info][gc,heap        ] GC(539) ParOldGen: 10967K(1398272K)->11087K(1398272K)
[131.458s][info][gc,metaspace   ] GC(539) Metaspace: 14262K(15040K)->14262K(15040K) NonClass: 12311K(12800K)->12311K(12800K) Class: 1950K(2240K)->1950K(2240K)
[131.458s][info][gc             ] GC(539) Pause Young (Allocation Failure) 363M->11M(1711M) 2.973ms
[131.458s][info][gc,cpu         ] GC(539) User=0.00s Sys=0.00s Real=0.00s
[131.719s][info][gc,start       ] GC(540) Pause Young (Allocation Failure)
[131.722s][info][gc,heap        ] GC(540) PSYoungGen: 353760K(353792K)->1024K(347136K) Eden: 352768K(352768K)->0K(346112K) From: 992K(1024K)->1024K(1024K)
[131.722s][info][gc,heap        ] GC(540) ParOldGen: 11087K(1398272K)->11175K(1398272K)
[131.722s][info][gc,metaspace   ] GC(540) Metaspace: 14262K(15040K)->14262K(15040K) NonClass: 12311K(12800K)->12311K(12800K) Class: 1950K(2240K)->1950K(2240K)
[131.722s][info][gc             ] GC(540) Pause Young (Allocation Failure) 356M->11M(1704M) 3.001ms
[131.722s][info][gc,cpu         ] GC(540) User=0.00s Sys=0.00s Real=0.00s
[131.977s][info][gc,start       ] GC(541) Pause Young (Allocation Failure)
[131.980s][info][gc,heap        ] GC(541) PSYoungGen: 347136K(347136K)->1024K(416768K) Eden: 346112K(346112K)->0K(415744K) From: 1024K(1024K)->1024K(1024K)
[131.980s][info][gc,heap        ] GC(541) ParOldGen: 11175K(1398272K)->11303K(1398272K)
[131.980s][info][gc,metaspace   ] GC(541) Metaspace: 14262K(15040K)->14262K(15040K) NonClass: 12311K(12800K)->12311K(12800K) Class: 1950K(2240K)->1950K(2240K)
[131.980s][info][gc             ] GC(541) Pause Young (Allocation Failure) 349M->12M(1772M) 3.035ms
[131.981s][info][gc,cpu         ] GC(541) User=0.00s Sys=0.00s Real=0.00s
[132.312s][info][gc,start       ] GC(542) Pause Young (Allocation Failure)
[132.316s][info][gc,heap        ] GC(542) PSYoungGen: 416768K(416768K)->1024K(408064K) Eden: 415744K(415744K)->0K(407040K) From: 1024K(1024K)->1024K(1024K)
[132.316s][info][gc,heap        ] GC(542) ParOldGen: 11303K(1398272K)->11423K(1398272K)
[132.316s][info][gc,metaspace   ] GC(542) Metaspace: 14262K(15040K)->14262K(15040K) NonClass: 12311K(12800K)->12311K(12800K) Class: 1950K(2240K)->1950K(2240K)
[132.316s][info][gc             ] GC(542) Pause Young (Allocation Failure) 418M->12M(1764M) 3.561ms
[132.316s][info][gc,cpu         ] GC(542) User=0.00s Sys=0.00s Real=0.00s
[132.631s][info][gc,start       ] GC(543) Pause Young (Allocation Failure)
[132.634s][info][gc,heap        ] GC(543) PSYoungGen: 408064K(408064K)->992K(399360K) Eden: 407040K(407040K)->0K(398336K) From: 1024K(1024K)->992K(1024K)
[132.634s][info][gc,heap        ] GC(543) ParOldGen: 11423K(1398272K)->11559K(1398272K)
[132.634s][info][gc,metaspace   ] GC(543) Metaspace: 14262K(15040K)->14262K(15040K) NonClass: 12311K(12800K)->12311K(12800K) Class: 1950K(2240K)->1950K(2240K)
[132.634s][info][gc             ] GC(543) Pause Young (Allocation Failure) 409M->12M(1755M) 2.946ms
[132.634s][info][gc,cpu         ] GC(543) User=0.52s Sys=0.00s Real=0.00s
[132.926s][info][gc,start       ] GC(544) Pause Young (Allocation Failure)
[132.929s][info][gc,heap        ] GC(544) PSYoungGen: 399328K(399360K)->960K(391168K) Eden: 398336K(398336K)->0K(390144K) From: 992K(1024K)->960K(1024K)
[132.929s][info][gc,heap        ] GC(544) ParOldGen: 11559K(1398272K)->11695K(1398272K)
[132.929s][info][gc,metaspace   ] GC(544) Metaspace: 14262K(15040K)->14262K(15040K) NonClass: 12311K(12800K)->12311K(12800K) Class: 1950K(2240K)->1950K(2240K)
[132.929s][info][gc             ] GC(544) Pause Young (Allocation Failure) 401M->12M(1747M) 2.844ms
[132.929s][info][gc,cpu         ] GC(544) User=0.00s Sys=0.00s Real=0.00s
[133.139s][info][gc,start       ] GC(545) Pause Young (Allocation Failure)
[133.142s][info][gc,heap        ] GC(545) PSYoungGen: 391104K(391168K)->832K(469504K) Eden: 390144K(390144K)->0K(468480K) From: 960K(1024K)->832K(1024K)
[133.142s][info][gc,heap        ] GC(545) ParOldGen: 11695K(1398272K)->11823K(1398272K)
[133.142s][info][gc,metaspace   ] GC(545) Metaspace: 14262K(15040K)->14262K(15040K) NonClass: 12311K(12800K)->12311K(12800K) Class: 1950K(2240K)->1950K(2240K)
[133.142s][info][gc             ] GC(545) Pause Young (Allocation Failure) 393M->12M(1824M) 2.954ms
[133.142s][info][gc,cpu         ] GC(545) User=0.00s Sys=0.00s Real=0.00s
[133.342s][info][gc,start       ] GC(546) Pause Young (System.gc())
[133.344s][info][gc,heap        ] GC(546) PSYoungGen: 329217K(469504K)->544K(469504K) Eden: 328385K(468480K)->0K(468480K) From: 832K(1024K)->544K(1024K)
[133.344s][info][gc,heap        ] GC(546) ParOldGen: 11823K(1398272K)->11911K(1398272K)
[133.344s][info][gc,metaspace   ] GC(546) Metaspace: 14262K(15040K)->14262K(15040K) NonClass: 12311K(12800K)->12311K(12800K) Class: 1950K(2240K)->1950K(2240K)
[133.344s][info][gc             ] GC(546) Pause Young (System.gc()) 333M->12M(1824M) 2.401ms
[133.344s][info][gc,cpu         ] GC(546) User=0.00s Sys=0.00s Real=0.00s
[133.344s][info][gc,start       ] GC(547) Pause Full (System.gc())
[133.344s][info][gc,phases,start] GC(547) Marking Phase
[133.359s][info][gc,phases      ] GC(547) Marking Phase 14.832ms
[133.359s][info][gc,phases,start] GC(547) Summary Phase
[133.359s][info][gc,phases      ] GC(547) Summary Phase 0.023ms
[133.359s][info][gc,phases,start] GC(547) Adjust Roots
[133.365s][info][gc,phases      ] GC(547) Adjust Roots 5.760ms
[133.365s][info][gc,phases,start] GC(547) Compaction Phase
[133.367s][info][gc,phases      ] GC(547) Compaction Phase 1.683ms
[133.367s][info][gc,phases,start] GC(547) Post Compact
[133.367s][info][gc,phases      ] GC(547) Post Compact 0.486ms
[133.367s][info][gc,heap        ] GC(547) PSYoungGen: 544K(469504K)->0K(469504K) Eden: 0K(468480K)->0K(468480K) From: 544K(1024K)->0K(1024K)
[133.367s][info][gc,heap        ] GC(547) ParOldGen: 11911K(1398272K)->5366K(1398272K)
[133.367s][info][gc,metaspace   ] GC(547) Metaspace: 14262K(15040K)->14262K(15040K) NonClass: 12311K(12800K)->12311K(12800K) Class: 1950K(2240K)->1950K(2240K)
[133.367s][info][gc             ] GC(547) Pause Full (System.gc()) 12M->5M(1824M) 22.989ms
[133.367s][info][gc,cpu         ] GC(547) User=0.02s Sys=0.00s Real=0.02s
[133.771s][info][gc,start       ] GC(548) Pause Young (Allocation Failure)
[133.774s][info][gc,heap        ] GC(548) PSYoungGen: 468480K(469504K)->1536K(459264K) Eden: 468480K(468480K)->0K(457728K) From: 0K(1024K)->1536K(1536K)
[133.774s][info][gc,heap        ] GC(548) ParOldGen: 5366K(1398272K)->5602K(1398272K)
[133.774s][info][gc,metaspace   ] GC(548) Metaspace: 14262K(15040K)->14262K(15040K) NonClass: 12311K(12800K)->12311K(12800K) Class: 1950K(2240K)->1950K(2240K)
[133.774s][info][gc             ] GC(548) Pause Young (Allocation Failure) 462M->6M(1814M) 2.997ms
[133.774s][info][gc,cpu         ] GC(548) User=0.52s Sys=0.00s Real=0.00s
[134.078s][info][gc,start       ] GC(549) Pause Young (Allocation Failure)
[134.081s][info][gc,heap        ] GC(549) PSYoungGen: 459264K(459264K)->1024K(448512K) Eden: 457728K(457728K)->0K(447488K) From: 1536K(1536K)->1024K(1024K)
[134.081s][info][gc,heap        ] GC(549) ParOldGen: 5602K(1398272K)->7198K(1398272K)
[134.081s][info][gc,metaspace   ] GC(549) Metaspace: 14262K(15040K)->14262K(15040K) NonClass: 12311K(12800K)->12311K(12800K) Class: 1950K(2240K)->1950K(2240K)
[134.081s][info][gc             ] GC(549) Pause Young (Allocation Failure) 453M->8M(1803M) 3.145ms
[134.081s][info][gc,cpu         ] GC(549) User=0.00s Sys=0.00s Real=0.00s
[134.404s][info][gc,start       ] GC(550) Pause Young (Allocation Failure)
[134.407s][info][gc,heap        ] GC(550) PSYoungGen: 448512K(448512K)->992K(438272K) Eden: 447488K(447488K)->0K(437248K) From: 1024K(1024K)->992K(1024K)
[134.407s][info][gc,heap        ] GC(550) ParOldGen: 7198K(1398272K)->7334K(1398272K)
[134.407s][info][gc,metaspace   ] GC(550) Metaspace: 14262K(15040K)->14262K(15040K) NonClass: 12311K(12800K)->12311K(12800K) Class: 1950K(2240K)->1950K(2240K)
[134.407s][info][gc             ] GC(550) Pause Young (Allocation Failure) 445M->8M(1793M) 2.990ms
[134.407s][info][gc,cpu         ] GC(550) User=0.00s Sys=0.00s Real=0.00s
[134.720s][info][gc,start       ] GC(551) Pause Young (Allocation Failure)
[134.723s][info][gc,heap        ] GC(551) PSYoungGen: 438240K(438272K)->992K(428544K) Eden: 437248K(437248K)->0K(427520K) From: 992K(1024K)->992K(1024K)
[134.723s][info][gc,heap        ] GC(551) ParOldGen: 7334K(1398272K)->7454K(1398272K)
[134.723s][info][gc,metaspace   ] GC(551) Metaspace: 14262K(15040K)->14262K(15040K) NonClass: 12311K(12800K)->12311K(12800K) Class: 1950K(2240K)->1950K(2240K)
[134.723s][info][gc             ] GC(551) Pause Young (Allocation Failure) 435M->8M(1784M) 3.161ms
[134.723s][info][gc,cpu         ] GC(551) User=0.00s Sys=0.00s Real=0.00s
[135.078s][info][gc,start       ] GC(552) Pause Young (Allocation Failure)
[135.082s][info][gc,heap        ] GC(552) PSYoungGen: 428512K(428544K)->1024K(419328K) Eden: 427520K(427520K)->0K(418304K) From: 992K(1024K)->1024K(1024K)
[135.083s][info][gc,heap        ] GC(552) ParOldGen: 7454K(1398272K)->7582K(1398272K)
[135.083s][info][gc,metaspace   ] GC(552) Metaspace: 14262K(15040K)->14262K(15040K) NonClass: 12311K(12800K)->12311K(12800K) Class: 1950K(2240K)->1950K(2240K)
[135.083s][info][gc             ] GC(552) Pause Young (Allocation Failure) 425M->8M(1775M) 4.211ms
[135.083s][info][gc,cpu         ] GC(552) User=0.00s Sys=0.00s Real=0.00s
[135.395s][info][gc,start       ] GC(553) Pause Young (Allocation Failure)
[135.398s][info][gc,heap        ] GC(553) PSYoungGen: 419328K(419328K)->1024K(410112K) Eden: 418304K(418304K)->0K(409088K) From: 1024K(1024K)->1024K(1024K)
[135.398s][info][gc,heap        ] GC(553) ParOldGen: 7582K(1398272K)->7718K(1398272K)
[135.398s][info][gc,metaspace   ] GC(553) Metaspace: 14262K(15040K)->14262K(15040K) NonClass: 12311K(12800K)->12311K(12800K) Class: 1950K(2240K)->1950K(2240K)
[135.398s][info][gc             ] GC(553) Pause Young (Allocation Failure) 416M->8M(1766M) 2.991ms
[135.398s][info][gc,cpu         ] GC(553) User=0.00s Sys=0.00s Real=0.00s
[135.723s][info][gc,start       ] GC(554) Pause Young (Allocation Failure)
[135.726s][info][gc,heap        ] GC(554) PSYoungGen: 410112K(410112K)->1024K(401408K) Eden: 409088K(409088K)->0K(400384K) From: 1024K(1024K)->1024K(1024K)
[135.726s][info][gc,heap        ] GC(554) ParOldGen: 7718K(1398272K)->7862K(1398272K)
[135.726s][info][gc,metaspace   ] GC(554) Metaspace: 14262K(15040K)->14262K(15040K) NonClass: 12311K(12800K)->12311K(12800K) Class: 1950K(2240K)->1950K(2240K)
[135.726s][info][gc             ] GC(554) Pause Young (Allocation Failure) 408M->8M(1757M) 2.813ms
[135.726s][info][gc,cpu         ] GC(554) User=0.00s Sys=0.00s Real=0.00s
[136.014s][info][gc,start       ] GC(555) Pause Young (Allocation Failure)
[136.017s][info][gc,heap        ] GC(555) PSYoungGen: 401408K(401408K)->1024K(393216K) Eden: 400384K(400384K)->0K(392192K) From: 1024K(1024K)->1024K(1024K)
[136.017s][info][gc,heap        ] GC(555) ParOldGen: 7862K(1398272K)->8030K(1398272K)
[136.017s][info][gc,metaspace   ] GC(555) Metaspace: 14262K(15040K)->14262K(15040K) NonClass: 12311K(12800K)->12311K(12800K) Class: 1950K(2240K)->1950K(2240K)
[136.017s][info][gc             ] GC(555) Pause Young (Allocation Failure) 399M->8M(1749M) 2.734ms
[136.017s][info][gc,cpu         ] GC(555) User=0.00s Sys=0.00s Real=0.00s
[136.297s][info][gc,start       ] GC(556) Pause Young (Allocation Failure)
[136.299s][info][gc,heap        ] GC(556) PSYoungGen: 393216K(393216K)->1024K(385024K) Eden: 392192K(392192K)->0K(384000K) From: 1024K(1024K)->1024K(1024K)
[136.299s][info][gc,heap        ] GC(556) ParOldGen: 8030K(1398272K)->8166K(1398272K)
[136.299s][info][gc,metaspace   ] GC(556) Metaspace: 14262K(15040K)->14262K(15040K) NonClass: 12311K(12800K)->12311K(12800K) Class: 1950K(2240K)->1950K(2240K)
[136.299s][info][gc             ] GC(556) Pause Young (Allocation Failure) 391M->8M(1741M) 2.755ms
[136.299s][info][gc,cpu         ] GC(556) User=0.00s Sys=0.00s Real=0.00s
[136.573s][info][gc,start       ] GC(557) Pause Young (Allocation Failure)
[136.576s][info][gc,heap        ] GC(557) PSYoungGen: 385024K(385024K)->1024K(377344K) Eden: 384000K(384000K)->0K(376320K) From: 1024K(1024K)->1024K(1024K)
[136.576s][info][gc,heap        ] GC(557) ParOldGen: 8166K(1398272K)->8270K(1398272K)
[136.576s][info][gc,metaspace   ] GC(557) Metaspace: 14262K(15040K)->14262K(15040K) NonClass: 12311K(12800K)->12311K(12800K) Class: 1950K(2240K)->1950K(2240K)
[136.576s][info][gc             ] GC(557) Pause Young (Allocation Failure) 383M->9M(1734M) 2.735ms
[136.576s][info][gc,cpu         ] GC(557) User=0.00s Sys=0.00s Real=0.00s
[136.847s][info][gc,start       ] GC(558) Pause Young (Allocation Failure)
[136.849s][info][gc,heap        ] GC(558) PSYoungGen: 377344K(377344K)->992K(369664K) Eden: 376320K(376320K)->0K(368640K) From: 1024K(1024K)->992K(1024K)
[136.849s][info][gc,heap        ] GC(558) ParOldGen: 8270K(1398272K)->8390K(1398272K)
[136.850s][info][gc,metaspace   ] GC(558) Metaspace: 14262K(15040K)->14262K(15040K) NonClass: 12311K(12800K)->12311K(12800K) Class: 1950K(2240K)->1950K(2240K)
[136.850s][info][gc             ] GC(558) Pause Young (Allocation Failure) 376M->9M(1726M) 2.723ms
[136.850s][info][gc,cpu         ] GC(558) User=0.00s Sys=0.00s Real=0.00s
[137.115s][info][gc,start       ] GC(559) Pause Young (Allocation Failure)
[137.118s][info][gc,heap        ] GC(559) PSYoungGen: 369632K(369664K)->992K(362496K) Eden: 368640K(368640K)->0K(361472K) From: 992K(1024K)->992K(1024K)
[137.118s][info][gc,heap        ] GC(559) ParOldGen: 8390K(1398272K)->8510K(1398272K)
[137.118s][info][gc,metaspace   ] GC(559) Metaspace: 14262K(15040K)->14262K(15040K) NonClass: 12311K(12800K)->12311K(12800K) Class: 1950K(2240K)->1950K(2240K)
[137.118s][info][gc             ] GC(559) Pause Young (Allocation Failure) 369M->9M(1719M) 2.879ms
[137.118s][info][gc,cpu         ] GC(559) User=0.52s Sys=0.00s Real=0.00s
[137.377s][info][gc,start       ] GC(560) Pause Young (Allocation Failure)
[137.380s][info][gc,heap        ] GC(560) PSYoungGen: 362464K(362496K)->992K(355328K) Eden: 361472K(361472K)->0K(354304K) From: 992K(1024K)->992K(1024K)
[137.380s][info][gc,heap        ] GC(560) ParOldGen: 8510K(1398272K)->8622K(1398272K)
[137.380s][info][gc,metaspace   ] GC(560) Metaspace: 14262K(15040K)->14262K(15040K) NonClass: 12311K(12800K)->12311K(12800K) Class: 1950K(2240K)->1950K(2240K)
[137.380s][info][gc             ] GC(560) Pause Young (Allocation Failure) 362M->9M(1712M) 2.871ms
[137.380s][info][gc,cpu         ] GC(560) User=0.00s Sys=0.00s Real=0.00s
[137.633s][info][gc,start       ] GC(561) Pause Young (Allocation Failure)
[137.635s][info][gc,heap        ] GC(561) PSYoungGen: 355296K(355328K)->960K(348672K) Eden: 354304K(354304K)->0K(347648K) From: 992K(1024K)->960K(1024K)
[137.635s][info][gc,heap        ] GC(561) ParOldGen: 8622K(1398272K)->8718K(1398272K)
[137.635s][info][gc,metaspace   ] GC(561) Metaspace: 14262K(15040K)->14262K(15040K) NonClass: 12311K(12800K)->12311K(12800K) Class: 1950K(2240K)->1950K(2240K)
[137.636s][info][gc             ] GC(561) Pause Young (Allocation Failure) 355M->9M(1706M) 2.939ms
[137.636s][info][gc,cpu         ] GC(561) User=0.52s Sys=0.00s Real=0.00s
[137.885s][info][gc,start       ] GC(562) Pause Young (Allocation Failure)
[137.888s][info][gc,heap        ] GC(562) PSYoungGen: 348608K(348672K)->992K(342016K) Eden: 347648K(347648K)->0K(340992K) From: 960K(1024K)->992K(1024K)
[137.888s][info][gc,heap        ] GC(562) ParOldGen: 8718K(1398272K)->8822K(1398272K)
[137.888s][info][gc,metaspace   ] GC(562) Metaspace: 14262K(15040K)->14262K(15040K) NonClass: 12311K(12800K)->12311K(12800K) Class: 1950K(2240K)->1950K(2240K)
[137.888s][info][gc             ] GC(562) Pause Young (Allocation Failure) 348M->9M(1699M) 3.000ms
[137.888s][info][gc,cpu         ] GC(562) User=0.00s Sys=0.00s Real=0.00s
[138.131s][info][gc,start       ] GC(563) Pause Young (Allocation Failure)
[138.134s][info][gc,heap        ] GC(563) PSYoungGen: 341984K(342016K)->1024K(410624K) Eden: 340992K(340992K)->0K(409600K) From: 992K(1024K)->1024K(1024K)
[138.134s][info][gc,heap        ] GC(563) ParOldGen: 8822K(1398272K)->8934K(1398272K)
[138.134s][info][gc,metaspace   ] GC(563) Metaspace: 14262K(15040K)->14262K(15040K) NonClass: 12311K(12800K)->12311K(12800K) Class: 1950K(2240K)->1950K(2240K)
[138.134s][info][gc             ] GC(563) Pause Young (Allocation Failure) 342M->9M(1766M) 3.010ms
[138.134s][info][gc,cpu         ] GC(563) User=0.52s Sys=0.00s Real=0.00s
[138.428s][info][gc,start       ] GC(564) Pause Young (Allocation Failure)
[138.431s][info][gc,heap        ] GC(564) PSYoungGen: 410624K(410624K)->1024K(472064K) Eden: 409600K(409600K)->0K(470528K) From: 1024K(1024K)->1024K(1536K)
[138.431s][info][gc,heap        ] GC(564) ParOldGen: 8934K(1398272K)->9062K(1398272K)
[138.431s][info][gc,metaspace   ] GC(564) Metaspace: 14262K(15040K)->14262K(15040K) NonClass: 12311K(12800K)->12311K(12800K) Class: 1950K(2240K)->1950K(2240K)
[138.431s][info][gc             ] GC(564) Pause Young (Allocation Failure) 409M->9M(1826M) 3.150ms
[138.431s][info][gc,cpu         ] GC(564) User=0.52s Sys=0.00s Real=0.00s
[138.770s][info][gc,start       ] GC(565) Pause Young (Allocation Failure)
[138.774s][info][gc,heap        ] GC(565) PSYoungGen: 471552K(472064K)->992K(460800K) Eden: 470528K(470528K)->0K(459776K) From: 1024K(1536K)->992K(1024K)
[138.774s][info][gc,heap        ] GC(565) ParOldGen: 9062K(1398272K)->9166K(1398272K)
[138.774s][info][gc,metaspace   ] GC(565) Metaspace: 14262K(15040K)->14262K(15040K) NonClass: 12311K(12800K)->12311K(12800K) Class: 1950K(2240K)->1950K(2240K)
[138.774s][info][gc             ] GC(565) Pause Young (Allocation Failure) 469M->9M(1815M) 3.376ms
[138.774s][info][gc,cpu         ] GC(565) User=0.52s Sys=0.00s Real=0.00s
[139.104s][info][gc,start       ] GC(566) Pause Young (Allocation Failure)
[139.107s][info][gc,heap        ] GC(566) PSYoungGen: 460768K(460800K)->1024K(450560K) Eden: 459776K(459776K)->0K(449536K) From: 992K(1024K)->1024K(1024K)
[139.107s][info][gc,heap        ] GC(566) ParOldGen: 9166K(1398272K)->9310K(1398272K)
[139.107s][info][gc,metaspace   ] GC(566) Metaspace: 14262K(15040K)->14262K(15040K) NonClass: 12311K(12800K)->12311K(12800K) Class: 1950K(2240K)->1950K(2240K)
[139.107s][info][gc             ] GC(566) Pause Young (Allocation Failure) 458M->10M(1805M) 3.225ms
[139.107s][info][gc,cpu         ] GC(566) User=0.00s Sys=0.00s Real=0.00s
[139.447s][info][gc,start       ] GC(567) Pause Young (Allocation Failure)
[139.450s][info][gc,heap        ] GC(567) PSYoungGen: 450560K(450560K)->1024K(440320K) Eden: 449536K(449536K)->0K(439296K) From: 1024K(1024K)->1024K(1024K)
[139.450s][info][gc,heap        ] GC(567) ParOldGen: 9310K(1398272K)->9446K(1398272K)
[139.450s][info][gc,metaspace   ] GC(567) Metaspace: 14262K(15040K)->14262K(15040K) NonClass: 12311K(12800K)->12311K(12800K) Class: 1950K(2240K)->1950K(2240K)
[139.450s][info][gc             ] GC(567) Pause Young (Allocation Failure) 449M->10M(1795M) 3.059ms
[139.450s][info][gc,cpu         ] GC(567) User=0.00s Sys=0.00s Real=0.00s
[139.769s][info][gc,start       ] GC(568) Pause Young (Allocation Failure)
[139.772s][info][gc,heap        ] GC(568) PSYoungGen: 440320K(440320K)->1024K(430592K) Eden: 439296K(439296K)->0K(429568K) From: 1024K(1024K)->1024K(1024K)
[139.772s][info][gc,heap        ] GC(568) ParOldGen: 9446K(1398272K)->9606K(1398272K)
[139.772s][info][gc,metaspace   ] GC(568) Metaspace: 14262K(15040K)->14262K(15040K) NonClass: 12311K(12800K)->12311K(12800K) Class: 1950K(2240K)->1950K(2240K)
[139.772s][info][gc             ] GC(568) Pause Young (Allocation Failure) 439M->10M(1786M) 3.042ms
[139.772s][info][gc,cpu         ] GC(568) User=0.00s Sys=0.00s Real=0.00s
[140.096s][info][gc,start       ] GC(569) Pause Young (Allocation Failure)
[140.098s][info][gc,heap        ] GC(569) PSYoungGen: 430592K(430592K)->1024K(421376K) Eden: 429568K(429568K)->0K(420352K) From: 1024K(1024K)->1024K(1024K)
[140.098s][info][gc,heap        ] GC(569) ParOldGen: 9606K(1398272K)->9742K(1398272K)
[140.098s][info][gc,metaspace   ] GC(569) Metaspace: 14262K(15040K)->14262K(15040K) NonClass: 12311K(12800K)->12311K(12800K) Class: 1950K(2240K)->1950K(2240K)
[140.099s][info][gc             ] GC(569) Pause Young (Allocation Failure) 429M->10M(1777M) 2.906ms
[140.099s][info][gc,cpu         ] GC(569) User=0.00s Sys=0.00s Real=0.00s
[140.399s][info][gc,start       ] GC(570) Pause Young (Allocation Failure)
[140.401s][info][gc,heap        ] GC(570) PSYoungGen: 421376K(421376K)->1024K(412160K) Eden: 420352K(420352K)->0K(411136K) From: 1024K(1024K)->1024K(1024K)
[140.401s][info][gc,heap        ] GC(570) ParOldGen: 9742K(1398272K)->9878K(1398272K)
[140.401s][info][gc,metaspace   ] GC(570) Metaspace: 14262K(15040K)->14262K(15040K) NonClass: 12311K(12800K)->12311K(12800K) Class: 1950K(2240K)->1950K(2240K)
[140.401s][info][gc             ] GC(570) Pause Young (Allocation Failure) 421M->10M(1768M) 2.890ms
[140.401s][info][gc,cpu         ] GC(570) User=0.00s Sys=0.00s Real=0.00s
[140.696s][info][gc,start       ] GC(571) Pause Young (Allocation Failure)
[140.699s][info][gc,heap        ] GC(571) PSYoungGen: 412160K(412160K)->1024K(403456K) Eden: 411136K(411136K)->0K(402432K) From: 1024K(1024K)->1024K(1024K)
[140.699s][info][gc,heap        ] GC(571) ParOldGen: 9878K(1398272K)->9990K(1398272K)
[140.699s][info][gc,metaspace   ] GC(571) Metaspace: 14262K(15040K)->14262K(15040K) NonClass: 12311K(12800K)->12311K(12800K) Class: 1950K(2240K)->1950K(2240K)
[140.699s][info][gc             ] GC(571) Pause Young (Allocation Failure) 412M->10M(1759M) 2.930ms
[140.699s][info][gc,cpu         ] GC(571) User=0.00s Sys=0.00s Real=0.00s
[140.987s][info][gc,start       ] GC(572) Pause Young (Allocation Failure)
[140.990s][info][gc,heap        ] GC(572) PSYoungGen: 403456K(403456K)->1024K(394752K) Eden: 402432K(402432K)->0K(393728K) From: 1024K(1024K)->1024K(1024K)
[140.990s][info][gc,heap        ] GC(572) ParOldGen: 9990K(1398272K)->10086K(1398272K)
[140.990s][info][gc,metaspace   ] GC(572) Metaspace: 14262K(15040K)->14262K(15040K) NonClass: 12311K(12800K)->12311K(12800K) Class: 1950K(2240K)->1950K(2240K)
[140.991s][info][gc             ] GC(572) Pause Young (Allocation Failure) 403M->10M(1751M) 3.139ms
[140.991s][info][gc,cpu         ] GC(572) User=0.00s Sys=0.00s Real=0.00s
[141.271s][info][gc,start       ] GC(573) Pause Young (Allocation Failure)
[141.274s][info][gc,heap        ] GC(573) PSYoungGen: 394752K(394752K)->960K(386560K) Eden: 393728K(393728K)->0K(385536K) From: 1024K(1024K)->960K(1024K)
[141.274s][info][gc,heap        ] GC(573) ParOldGen: 10086K(1398272K)->10182K(1398272K)
[141.274s][info][gc,metaspace   ] GC(573) Metaspace: 14262K(15040K)->14262K(15040K) NonClass: 12311K(12800K)->12311K(12800K) Class: 1950K(2240K)->1950K(2240K)
[141.274s][info][gc             ] GC(573) Pause Young (Allocation Failure) 395M->10M(1743M) 3.118ms
[141.274s][info][gc,cpu         ] GC(573) User=0.52s Sys=0.00s Real=0.00s
[141.554s][info][gc,start       ] GC(574) Pause Young (Allocation Failure)
[141.557s][info][gc,heap        ] GC(574) PSYoungGen: 386496K(386560K)->992K(378880K) Eden: 385536K(385536K)->0K(377856K) From: 960K(1024K)->992K(1024K)
[141.557s][info][gc,heap        ] GC(574) ParOldGen: 10182K(1398272K)->10310K(1398272K)
[141.557s][info][gc,metaspace   ] GC(574) Metaspace: 14262K(15040K)->14262K(15040K) NonClass: 12311K(12800K)->12311K(12800K) Class: 1950K(2240K)->1950K(2240K)
[141.557s][info][gc             ] GC(574) Pause Young (Allocation Failure) 387M->11M(1735M) 3.164ms
[141.557s][info][gc,cpu         ] GC(574) User=0.52s Sys=0.00s Real=0.00s
[141.934s][info][gc,start       ] GC(575) Pause Young (Allocation Failure)
[141.938s][info][gc,heap        ] GC(575) PSYoungGen: 378848K(378880K)->992K(371200K) Eden: 377856K(377856K)->0K(370176K) From: 992K(1024K)->992K(1024K)
[141.938s][info][gc,heap        ] GC(575) ParOldGen: 10310K(1398272K)->10398K(1398272K)
[141.938s][info][gc,metaspace   ] GC(575) Metaspace: 14262K(15040K)->14262K(15040K) NonClass: 12311K(12800K)->12311K(12800K) Class: 1950K(2240K)->1950K(2240K)
[141.938s][info][gc             ] GC(575) Pause Young (Allocation Failure) 380M->11M(1728M) 4.150ms
[141.938s][info][gc,cpu         ] GC(575) User=0.00s Sys=0.00s Real=0.00s
[142.223s][info][gc,start       ] GC(576) Pause Young (Allocation Failure)
[142.226s][info][gc,heap        ] GC(576) PSYoungGen: 371168K(371200K)->1024K(364032K) Eden: 370176K(370176K)->0K(363008K) From: 992K(1024K)->1024K(1024K)
[142.226s][info][gc,heap        ] GC(576) ParOldGen: 10398K(1398272K)->10486K(1398272K)
[142.226s][info][gc,metaspace   ] GC(576) Metaspace: 14262K(15040K)->14262K(15040K) NonClass: 12311K(12800K)->12311K(12800K) Class: 1950K(2240K)->1950K(2240K)
[142.226s][info][gc             ] GC(576) Pause Young (Allocation Failure) 372M->11M(1721M) 2.936ms
[142.226s][info][gc,cpu         ] GC(576) User=0.00s Sys=0.00s Real=0.00s
[142.494s][info][gc,start       ] GC(577) Pause Young (Allocation Failure)
[142.497s][info][gc,heap        ] GC(577) PSYoungGen: 364032K(364032K)->992K(356864K) Eden: 363008K(363008K)->0K(355840K) From: 1024K(1024K)->992K(1024K)
[142.497s][info][gc,heap        ] GC(577) ParOldGen: 10486K(1398272K)->10606K(1398272K)
[142.497s][info][gc,metaspace   ] GC(577) Metaspace: 14262K(15040K)->14262K(15040K) NonClass: 12311K(12800K)->12311K(12800K) Class: 1950K(2240K)->1950K(2240K)
[142.497s][info][gc             ] GC(577) Pause Young (Allocation Failure) 365M->11M(1714M) 2.842ms
[142.497s][info][gc,cpu         ] GC(577) User=0.00s Sys=0.00s Real=0.00s
[142.765s][info][gc,start       ] GC(578) Pause Young (Allocation Failure)
[142.768s][info][gc,heap        ] GC(578) PSYoungGen: 356832K(356864K)->1024K(349696K) Eden: 355840K(355840K)->0K(348672K) From: 992K(1024K)->1024K(1024K)
[142.768s][info][gc,heap        ] GC(578) ParOldGen: 10606K(1398272K)->10718K(1398272K)
[142.768s][info][gc,metaspace   ] GC(578) Metaspace: 14262K(15040K)->14262K(15040K) NonClass: 12311K(12800K)->12311K(12800K) Class: 1950K(2240K)->1950K(2240K)
[142.768s][info][gc             ] GC(578) Pause Young (Allocation Failure) 358M->11M(1707M) 2.690ms
[142.768s][info][gc,cpu         ] GC(578) User=0.00s Sys=0.00s Real=0.00s
[143.012s][info][gc,start       ] GC(579) Pause Young (Allocation Failure)
[143.015s][info][gc,heap        ] GC(579) PSYoungGen: 349696K(349696K)->1024K(343040K) Eden: 348672K(348672K)->0K(342016K) From: 1024K(1024K)->1024K(1024K)
[143.015s][info][gc,heap        ] GC(579) ParOldGen: 10718K(1398272K)->10830K(1398272K)
[143.015s][info][gc,metaspace   ] GC(579) Metaspace: 14262K(15040K)->14262K(15040K) NonClass: 12311K(12800K)->12311K(12800K) Class: 1950K(2240K)->1950K(2240K)
[143.015s][info][gc             ] GC(579) Pause Young (Allocation Failure) 351M->11M(1700M) 2.697ms
[143.015s][info][gc,cpu         ] GC(579) User=0.00s Sys=0.00s Real=0.00s
[143.259s][info][gc,start       ] GC(580) Pause Young (Allocation Failure)
[143.262s][info][gc,heap        ] GC(580) PSYoungGen: 343040K(343040K)->992K(336384K) Eden: 342016K(342016K)->0K(335360K) From: 1024K(1024K)->992K(1024K)
[143.262s][info][gc,heap        ] GC(580) ParOldGen: 10830K(1398272K)->10958K(1398272K)
[143.262s][info][gc,metaspace   ] GC(580) Metaspace: 14262K(15040K)->14262K(15040K) NonClass: 12311K(12800K)->12311K(12800K) Class: 1950K(2240K)->1950K(2240K)
[143.262s][info][gc             ] GC(580) Pause Young (Allocation Failure) 345M->11M(1694M) 2.709ms
[143.262s][info][gc,cpu         ] GC(580) User=0.00s Sys=0.00s Real=0.00s
[143.504s][info][gc,start       ] GC(581) Pause Young (Allocation Failure)
[143.506s][info][gc,heap        ] GC(581) PSYoungGen: 336352K(336384K)->960K(330240K) Eden: 335360K(335360K)->0K(329216K) From: 992K(1024K)->960K(1024K)
[143.506s][info][gc,heap        ] GC(581) ParOldGen: 10958K(1398272K)->11086K(1398272K)
[143.507s][info][gc,metaspace   ] GC(581) Metaspace: 14262K(15040K)->14262K(15040K) NonClass: 12311K(12800K)->12311K(12800K) Class: 1950K(2240K)->1950K(2240K)
[143.507s][info][gc             ] GC(581) Pause Young (Allocation Failure) 339M->11M(1688M) 2.770ms
[143.507s][info][gc,cpu         ] GC(581) User=0.00s Sys=0.00s Real=0.00s
[143.740s][info][gc,start       ] GC(582) Pause Young (Allocation Failure)
[143.743s][info][gc,heap        ] GC(582) PSYoungGen: 330176K(330240K)->992K(396288K) Eden: 329216K(329216K)->0K(395264K) From: 960K(1024K)->992K(1024K)
[143.743s][info][gc,heap        ] GC(582) ParOldGen: 11086K(1398272K)->11194K(1398272K)
[143.743s][info][gc,metaspace   ] GC(582) Metaspace: 14262K(15040K)->14262K(15040K) NonClass: 12311K(12800K)->12311K(12800K) Class: 1950K(2240K)->1950K(2240K)
[143.743s][info][gc             ] GC(582) Pause Young (Allocation Failure) 333M->11M(1752M) 2.851ms
[143.743s][info][gc,cpu         ] GC(582) User=0.52s Sys=0.00s Real=0.00s
[144.026s][info][gc,start       ] GC(583) Pause Young (Allocation Failure)
[144.029s][info][gc,heap        ] GC(583) PSYoungGen: 396256K(396288K)->960K(462848K) Eden: 395264K(395264K)->0K(461312K) From: 992K(1024K)->960K(1536K)
[144.029s][info][gc,heap        ] GC(583) ParOldGen: 11194K(1398272K)->11274K(1398272K)
[144.029s][info][gc,metaspace   ] GC(583) Metaspace: 14262K(15040K)->14262K(15040K) NonClass: 12311K(12800K)->12311K(12800K) Class: 1950K(2240K)->1950K(2240K)
[144.029s][info][gc             ] GC(583) Pause Young (Allocation Failure) 397M->11M(1817M) 2.921ms
[144.029s][info][gc,cpu         ] GC(583) User=0.00s Sys=0.00s Real=0.00s
[144.358s][info][gc,start       ] GC(584) Pause Young (Allocation Failure)
[144.361s][info][gc,heap        ] GC(584) PSYoungGen: 462272K(462848K)->1056K(452096K) Eden: 461312K(461312K)->0K(450560K) From: 960K(1536K)->1056K(1536K)
[144.361s][info][gc,heap        ] GC(584) ParOldGen: 11274K(1398272K)->11354K(1398272K)
[144.361s][info][gc,metaspace   ] GC(584) Metaspace: 14262K(15040K)->14262K(15040K) NonClass: 12311K(12800K)->12311K(12800K) Class: 1950K(2240K)->1950K(2240K)
[144.361s][info][gc             ] GC(584) Pause Young (Allocation Failure) 462M->12M(1807M) 3.058ms
[144.361s][info][gc,cpu         ] GC(584) User=0.00s Sys=0.00s Real=0.00s
[144.826s][info][gc,start       ] GC(585) Pause Young (Allocation Failure)
[144.830s][info][gc,heap        ] GC(585) PSYoungGen: 451616K(452096K)->1056K(441856K) Eden: 450560K(450560K)->0K(440320K) From: 1056K(1536K)->1056K(1536K)
[144.830s][info][gc,heap        ] GC(585) ParOldGen: 11354K(1398272K)->11474K(1398272K)
[144.830s][info][gc,metaspace   ] GC(585) Metaspace: 14262K(15040K)->14262K(15040K) NonClass: 12311K(12800K)->12311K(12800K) Class: 1950K(2240K)->1950K(2240K)
[144.830s][info][gc             ] GC(585) Pause Young (Allocation Failure) 452M->12M(1797M) 4.067ms
[144.830s][info][gc,cpu         ] GC(585) User=0.00s Sys=0.00s Real=0.00s
[145.172s][info][gc,start       ] GC(586) Pause Young (Allocation Failure)
[145.174s][info][gc,heap        ] GC(586) PSYoungGen: 441376K(441856K)->512K(431104K) Eden: 440320K(440320K)->0K(430592K) From: 1056K(1536K)->512K(512K)
[145.174s][info][gc,heap        ] GC(586) ParOldGen: 11474K(1398272K)->11650K(1398272K)
[145.174s][info][gc,metaspace   ] GC(586) Metaspace: 14262K(15040K)->14262K(15040K) NonClass: 12311K(12800K)->12311K(12800K) Class: 1950K(2240K)->1950K(2240K)
[145.174s][info][gc             ] GC(586) Pause Young (Allocation Failure) 442M->11M(1786M) 2.779ms
[145.174s][info][gc,cpu         ] GC(586) User=0.00s Sys=0.00s Real=0.00s
[145.480s][info][gc,start       ] GC(587) Pause Young (Allocation Failure)
[145.483s][info][gc,heap        ] GC(587) PSYoungGen: 431104K(431104K)->1024K(422912K) Eden: 430592K(430592K)->0K(421376K) From: 512K(512K)->1024K(1536K)
[145.483s][info][gc,heap        ] GC(587) ParOldGen: 11650K(1398272K)->11746K(1398272K)
[145.483s][info][gc,metaspace   ] GC(587) Metaspace: 14262K(15040K)->14262K(15040K) NonClass: 12311K(12800K)->12311K(12800K) Class: 1950K(2240K)->1950K(2240K)
[145.483s][info][gc             ] GC(587) Pause Young (Allocation Failure) 432M->12M(1778M) 2.612ms
[145.483s][info][gc,cpu         ] GC(587) User=0.00s Sys=0.00s Real=0.00s
[145.755s][info][gc,start       ] GC(588) Pause Young (Allocation Failure)
[145.758s][info][gc,heap        ] GC(588) PSYoungGen: 422400K(422912K)->896K(413184K) Eden: 421376K(421376K)->0K(412160K) From: 1024K(1536K)->896K(1024K)
[145.758s][info][gc,heap        ] GC(588) ParOldGen: 11746K(1398272K)->11858K(1398272K)
[145.758s][info][gc,metaspace   ] GC(588) Metaspace: 14262K(15040K)->14262K(15040K) NonClass: 12311K(12800K)->12311K(12800K) Class: 1950K(2240K)->1950K(2240K)
[145.758s][info][gc             ] GC(588) Pause Young (Allocation Failure) 423M->12M(1769M) 2.860ms
[145.758s][info][gc,cpu         ] GC(588) User=0.52s Sys=0.00s Real=0.00s
[146.032s][info][gc,start       ] GC(589) Pause Young (Allocation Failure)
[146.038s][info][gc,heap        ] GC(589) PSYoungGen: 413056K(413184K)->704K(404480K) Eden: 412160K(412160K)->0K(403456K) From: 896K(1024K)->704K(1024K)
[146.038s][info][gc,heap        ] GC(589) ParOldGen: 11858K(1398272K)->11938K(1398272K)
[146.038s][info][gc,metaspace   ] GC(589) Metaspace: 14262K(15040K)->14262K(15040K) NonClass: 12311K(12800K)->12311K(12800K) Class: 1950K(2240K)->1950K(2240K)
[146.038s][info][gc             ] GC(589) Pause Young (Allocation Failure) 414M->12M(1760M) 5.627ms
[146.038s][info][gc,cpu         ] GC(589) User=0.00s Sys=0.00s Real=0.01s
[146.097s][info][gc,start       ] GC(590) Pause Young (System.gc())
[146.099s][info][gc,heap        ] GC(590) PSYoungGen: 31322K(404480K)->192K(403968K) Eden: 30618K(403456K)->0K(403456K) From: 704K(1024K)->192K(512K)
[146.099s][info][gc,heap        ] GC(590) ParOldGen: 11938K(1398272K)->12050K(1398272K)
[146.099s][info][gc,metaspace   ] GC(590) Metaspace: 14263K(15040K)->14263K(15040K) NonClass: 12313K(12800K)->12313K(12800K) Class: 1950K(2240K)->1950K(2240K)
[146.100s][info][gc             ] GC(590) Pause Young (System.gc()) 42M->11M(1760M) 2.237ms
[146.100s][info][gc,cpu         ] GC(590) User=0.00s Sys=0.00s Real=0.00s
[146.100s][info][gc,start       ] GC(591) Pause Full (System.gc())
[146.100s][info][gc,phases,start] GC(591) Marking Phase
[146.114s][info][gc,phases      ] GC(591) Marking Phase 14.485ms
[146.114s][info][gc,phases,start] GC(591) Summary Phase
[146.114s][info][gc,phases      ] GC(591) Summary Phase 0.025ms
[146.114s][info][gc,phases,start] GC(591) Adjust Roots
[146.118s][info][gc,phases      ] GC(591) Adjust Roots 3.715ms
[146.118s][info][gc,phases,start] GC(591) Compaction Phase
[146.120s][info][gc,phases      ] GC(591) Compaction Phase 1.864ms
[146.120s][info][gc,phases,start] GC(591) Post Compact
[146.120s][info][gc,phases      ] GC(591) Post Compact 0.480ms
[146.120s][info][gc,heap        ] GC(591) PSYoungGen: 192K(403968K)->0K(403968K) Eden: 0K(403456K)->0K(403456K) From: 192K(512K)->0K(512K)
[146.120s][info][gc,heap        ] GC(591) ParOldGen: 12050K(1398272K)->5366K(1398272K)
[146.120s][info][gc,metaspace   ] GC(591) Metaspace: 14263K(15040K)->14263K(15040K) NonClass: 12313K(12800K)->12313K(12800K) Class: 1950K(2240K)->1950K(2240K)
[146.120s][info][gc             ] GC(591) Pause Full (System.gc()) 11M->5M(1760M) 20.795ms
[146.120s][info][gc,cpu         ] GC(591) User=0.02s Sys=0.00s Real=0.01s
[146.469s][info][gc,start       ] GC(592) Pause Young (Allocation Failure)
[146.473s][info][gc,heap        ] GC(592) PSYoungGen: 403456K(403968K)->1536K(396288K) Eden: 403456K(403456K)->0K(394752K) From: 0K(512K)->1536K(1536K)
[146.473s][info][gc,heap        ] GC(592) ParOldGen: 5366K(1398272K)->5746K(1398272K)
[146.473s][info][gc,metaspace   ] GC(592) Metaspace: 14267K(15040K)->14267K(15040K) NonClass: 12316K(12800K)->12316K(12800K) Class: 1950K(2240K)->1950K(2240K)
[146.473s][info][gc             ] GC(592) Pause Young (Allocation Failure) 399M->7M(1752M) 3.513ms
[146.473s][info][gc,cpu         ] GC(592) User=0.00s Sys=0.00s Real=0.00s
[146.743s][info][gc,start       ] GC(593) Pause Young (Allocation Failure)
[146.746s][info][gc,heap        ] GC(593) PSYoungGen: 396288K(396288K)->992K(387584K) Eden: 394752K(394752K)->0K(386560K) From: 1536K(1536K)->992K(1024K)
[146.746s][info][gc,heap        ] GC(593) ParOldGen: 5746K(1398272K)->7082K(1398272K)
[146.746s][info][gc,metaspace   ] GC(593) Metaspace: 14267K(15040K)->14267K(15040K) NonClass: 12316K(12800K)->12316K(12800K) Class: 1950K(2240K)->1950K(2240K)
[146.746s][info][gc             ] GC(593) Pause Young (Allocation Failure) 392M->7M(1744M) 3.031ms
[146.746s][info][gc,cpu         ] GC(593) User=0.00s Sys=0.00s Real=0.00s
[147.037s][info][gc,start       ] GC(594) Pause Young (Allocation Failure)
[147.039s][info][gc,heap        ] GC(594) PSYoungGen: 387552K(387584K)->1024K(380416K) Eden: 386560K(386560K)->0K(378368K) From: 992K(1024K)->1024K(2048K)
[147.039s][info][gc,heap        ] GC(594) ParOldGen: 7082K(1398272K)->7186K(1398272K)
[147.039s][info][gc,metaspace   ] GC(594) Metaspace: 14267K(15040K)->14267K(15040K) NonClass: 12316K(12800K)->12316K(12800K) Class: 1950K(2240K)->1950K(2240K)
[147.039s][info][gc             ] GC(594) Pause Young (Allocation Failure) 385M->8M(1737M) 2.908ms
[147.039s][info][gc,cpu         ] GC(594) User=0.52s Sys=0.00s Real=0.00s
[147.324s][info][gc,start       ] GC(595) Pause Young (Allocation Failure)
[147.326s][info][gc,heap        ] GC(595) PSYoungGen: 379392K(380416K)->1024K(371712K) Eden: 378368K(378368K)->0K(370688K) From: 1024K(2048K)->1024K(1024K)
[147.326s][info][gc,heap        ] GC(595) ParOldGen: 7186K(1398272K)->7306K(1398272K)
[147.327s][info][gc,metaspace   ] GC(595) Metaspace: 14267K(15040K)->14267K(15040K) NonClass: 12316K(12800K)->12316K(12800K) Class: 1950K(2240K)->1950K(2240K)
[147.327s][info][gc             ] GC(595) Pause Young (Allocation Failure) 377M->8M(1728M) 2.928ms
[147.327s][info][gc,cpu         ] GC(595) User=0.00s Sys=0.00s Real=0.00s
[147.605s][info][gc,start       ] GC(596) Pause Young (Allocation Failure)
[147.608s][info][gc,heap        ] GC(596) PSYoungGen: 371712K(371712K)->1024K(364544K) Eden: 370688K(370688K)->0K(363520K) From: 1024K(1024K)->1024K(1024K)
[147.608s][info][gc,heap        ] GC(596) ParOldGen: 7306K(1398272K)->7442K(1398272K)
[147.608s][info][gc,metaspace   ] GC(596) Metaspace: 14267K(15040K)->14267K(15040K) NonClass: 12316K(12800K)->12316K(12800K) Class: 1950K(2240K)->1950K(2240K)
[147.608s][info][gc             ] GC(596) Pause Young (Allocation Failure) 370M->8M(1721M) 3.025ms
[147.608s][info][gc,cpu         ] GC(596) User=0.00s Sys=0.00s Real=0.00s
[147.878s][info][gc,start       ] GC(597) Pause Young (Allocation Failure)
[147.881s][info][gc,heap        ] GC(597) PSYoungGen: 364544K(364544K)->1024K(357376K) Eden: 363520K(363520K)->0K(356352K) From: 1024K(1024K)->1024K(1024K)
[147.881s][info][gc,heap        ] GC(597) ParOldGen: 7442K(1398272K)->7570K(1398272K)
[147.881s][info][gc,metaspace   ] GC(597) Metaspace: 14267K(15040K)->14267K(15040K) NonClass: 12316K(12800K)->12316K(12800K) Class: 1950K(2240K)->1950K(2240K)
[147.881s][info][gc             ] GC(597) Pause Young (Allocation Failure) 363M->8M(1714M) 3.082ms
[147.881s][info][gc,cpu         ] GC(597) User=0.00s Sys=0.00s Real=0.00s
[148.144s][info][gc,start       ] GC(598) Pause Young (Allocation Failure)
[148.147s][info][gc,heap        ] GC(598) PSYoungGen: 357376K(357376K)->1024K(429056K) Eden: 356352K(356352K)->0K(428032K) From: 1024K(1024K)->1024K(1024K)
[148.147s][info][gc,heap        ] GC(598) ParOldGen: 7570K(1398272K)->7642K(1398272K)
[148.147s][info][gc,metaspace   ] GC(598) Metaspace: 14267K(15040K)->14267K(15040K) NonClass: 12316K(12800K)->12316K(12800K) Class: 1950K(2240K)->1950K(2240K)
[148.147s][info][gc             ] GC(598) Pause Young (Allocation Failure) 356M->8M(1784M) 3.076ms
[148.147s][info][gc,cpu         ] GC(598) User=0.00s Sys=0.00s Real=0.00s
[148.469s][info][gc,start       ] GC(599) Pause Young (Allocation Failure)
[148.472s][info][gc,heap        ] GC(599) PSYoungGen: 429056K(429056K)->992K(419840K) Eden: 428032K(428032K)->0K(418816K) From: 1024K(1024K)->992K(1024K)
[148.472s][info][gc,heap        ] GC(599) ParOldGen: 7642K(1398272K)->7746K(1398272K)
[148.472s][info][gc,metaspace   ] GC(599) Metaspace: 14267K(15040K)->14267K(15040K) NonClass: 12316K(12800K)->12316K(12800K) Class: 1950K(2240K)->1950K(2240K)
[148.472s][info][gc             ] GC(599) Pause Young (Allocation Failure) 426M->8M(1775M) 3.283ms
[148.472s][info][gc,cpu         ] GC(599) User=0.00s Sys=0.00s Real=0.00s
[148.790s][info][gc,start       ] GC(600) Pause Young (Allocation Failure)
[148.794s][info][gc,heap        ] GC(600) PSYoungGen: 419808K(419840K)->1056K(411136K) Eden: 418816K(418816K)->0K(409600K) From: 992K(1024K)->1056K(1536K)
[148.794s][info][gc,heap        ] GC(600) ParOldGen: 7746K(1398272K)->7882K(1398272K)
[148.794s][info][gc,metaspace   ] GC(600) Metaspace: 14267K(15040K)->14267K(15040K) NonClass: 12316K(12800K)->12316K(12800K) Class: 1950K(2240K)->1950K(2240K)
[148.794s][info][gc             ] GC(600) Pause Young (Allocation Failure) 417M->8M(1767M) 3.213ms
[148.794s][info][gc,cpu         ] GC(600) User=0.00s Sys=0.00s Real=0.00s
[149.116s][info][gc,start       ] GC(601) Pause Young (Allocation Failure)
[149.119s][info][gc,heap        ] GC(601) PSYoungGen: 410656K(411136K)->992K(401920K) Eden: 409600K(409600K)->0K(400896K) From: 1056K(1536K)->992K(1024K)
[149.119s][info][gc,heap        ] GC(601) ParOldGen: 7882K(1398272K)->7994K(1398272K)
[149.119s][info][gc,metaspace   ] GC(601) Metaspace: 14267K(15040K)->14267K(15040K) NonClass: 12316K(12800K)->12316K(12800K) Class: 1950K(2240K)->1950K(2240K)
[149.119s][info][gc             ] GC(601) Pause Young (Allocation Failure) 408M->8M(1758M) 2.902ms
[149.119s][info][gc,cpu         ] GC(601) User=0.52s Sys=0.00s Real=0.00s
[149.448s][info][gc,start       ] GC(602) Pause Young (Allocation Failure)
[149.451s][info][gc,heap        ] GC(602) PSYoungGen: 401888K(401920K)->1024K(393728K) Eden: 400896K(400896K)->0K(392704K) From: 992K(1024K)->1024K(1024K)
[149.451s][info][gc,heap        ] GC(602) ParOldGen: 7994K(1398272K)->8130K(1398272K)
[149.451s][info][gc,metaspace   ] GC(602) Metaspace: 14267K(15040K)->14267K(15040K) NonClass: 12316K(12800K)->12316K(12800K) Class: 1950K(2240K)->1950K(2240K)
[149.451s][info][gc             ] GC(602) Pause Young (Allocation Failure) 400M->8M(1750M) 2.737ms
[149.451s][info][gc,cpu         ] GC(602) User=0.00s Sys=0.00s Real=0.00s
[149.745s][info][gc,start       ] GC(603) Pause Young (Allocation Failure)
[149.748s][info][gc,heap        ] GC(603) PSYoungGen: 393728K(393728K)->1056K(386048K) Eden: 392704K(392704K)->0K(384512K) From: 1024K(1024K)->1056K(1536K)
[149.748s][info][gc,heap        ] GC(603) ParOldGen: 8130K(1398272K)->8274K(1398272K)
[149.748s][info][gc,metaspace   ] GC(603) Metaspace: 14267K(15040K)->14267K(15040K) NonClass: 12316K(12800K)->12316K(12800K) Class: 1950K(2240K)->1950K(2240K)
[149.748s][info][gc             ] GC(603) Pause Young (Allocation Failure) 392M->9M(1742M) 2.747ms
[149.748s][info][gc,cpu         ] GC(603) User=0.00s Sys=0.00s Real=0.00s
[150.035s][info][gc,start       ] GC(604) Pause Young (Allocation Failure)
[150.037s][info][gc,heap        ] GC(604) PSYoungGen: 385568K(386048K)->1024K(377856K) Eden: 384512K(384512K)->0K(376832K) From: 1056K(1536K)->1024K(1024K)
[150.037s][info][gc,heap        ] GC(604) ParOldGen: 8274K(1398272K)->8386K(1398272K)
[150.037s][info][gc,metaspace   ] GC(604) Metaspace: 14267K(15040K)->14267K(15040K) NonClass: 12316K(12800K)->12316K(12800K) Class: 1950K(2240K)->1950K(2240K)
[150.037s][info][gc             ] GC(604) Pause Young (Allocation Failure) 384M->9M(1734M) 2.799ms
[150.037s][info][gc,cpu         ] GC(604) User=0.00s Sys=0.00s Real=0.00s
[150.323s][info][gc,start       ] GC(605) Pause Young (Allocation Failure)
[150.326s][info][gc,heap        ] GC(605) PSYoungGen: 377856K(377856K)->1024K(370176K) Eden: 376832K(376832K)->0K(369152K) From: 1024K(1024K)->1024K(1024K)
[150.326s][info][gc,heap        ] GC(605) ParOldGen: 8386K(1398272K)->8522K(1398272K)
[150.326s][info][gc,metaspace   ] GC(605) Metaspace: 14267K(15040K)->14267K(15040K) NonClass: 12316K(12800K)->12316K(12800K) Class: 1950K(2240K)->1950K(2240K)
[150.326s][info][gc             ] GC(605) Pause Young (Allocation Failure) 377M->9M(1727M) 2.936ms
[150.326s][info][gc,cpu         ] GC(605) User=0.00s Sys=0.00s Real=0.00s
[150.603s][info][gc,start       ] GC(606) Pause Young (Allocation Failure)
[150.606s][info][gc,heap        ] GC(606) PSYoungGen: 370176K(370176K)->1056K(363520K) Eden: 369152K(369152K)->0K(361984K) From: 1024K(1024K)->1056K(1536K)
[150.606s][info][gc,heap        ] GC(606) ParOldGen: 8522K(1398272K)->8634K(1398272K)
[150.606s][info][gc,metaspace   ] GC(606) Metaspace: 14267K(15040K)->14267K(15040K) NonClass: 12316K(12800K)->12316K(12800K) Class: 1950K(2240K)->1950K(2240K)
[150.606s][info][gc             ] GC(606) Pause Young (Allocation Failure) 369M->9M(1720M) 2.966ms
[150.606s][info][gc,cpu         ] GC(606) User=0.00s Sys=0.00s Real=0.00s
[150.878s][info][gc,start       ] GC(607) Pause Young (Allocation Failure)
[150.881s][info][gc,heap        ] GC(607) PSYoungGen: 363040K(363520K)->1024K(355840K) Eden: 361984K(361984K)->0K(354816K) From: 1056K(1536K)->1024K(1024K)
[150.881s][info][gc,heap        ] GC(607) ParOldGen: 8634K(1398272K)->8794K(1398272K)
[150.881s][info][gc,metaspace   ] GC(607) Metaspace: 14267K(15040K)->14267K(15040K) NonClass: 12316K(12800K)->12316K(12800K) Class: 1950K(2240K)->1950K(2240K)
[150.881s][info][gc             ] GC(607) Pause Young (Allocation Failure) 362M->9M(1713M) 2.959ms
[150.881s][info][gc,cpu         ] GC(607) User=0.00s Sys=0.00s Real=0.00s
[151.150s][info][gc,start       ] GC(608) Pause Young (Allocation Failure)
[151.153s][info][gc,heap        ] GC(608) PSYoungGen: 355840K(355840K)->1024K(349184K) Eden: 354816K(354816K)->0K(348160K) From: 1024K(1024K)->1024K(1024K)
[151.153s][info][gc,heap        ] GC(608) ParOldGen: 8794K(1398272K)->8922K(1398272K)
[151.153s][info][gc,metaspace   ] GC(608) Metaspace: 14267K(15040K)->14267K(15040K) NonClass: 12316K(12800K)->12316K(12800K) Class: 1950K(2240K)->1950K(2240K)
[151.153s][info][gc             ] GC(608) Pause Young (Allocation Failure) 356M->9M(1706M) 3.048ms
[151.153s][info][gc,cpu         ] GC(608) User=0.00s Sys=0.00s Real=0.00s
[151.545s][info][gc,start       ] GC(609) Pause Young (Allocation Failure)
[151.549s][info][gc,heap        ] GC(609) PSYoungGen: 349184K(349184K)->1024K(342528K) Eden: 348160K(348160K)->0K(341504K) From: 1024K(1024K)->1024K(1024K)
[151.549s][info][gc,heap        ] GC(609) ParOldGen: 8922K(1398272K)->9034K(1398272K)
[151.549s][info][gc,metaspace   ] GC(609) Metaspace: 14267K(15040K)->14267K(15040K) NonClass: 12316K(12800K)->12316K(12800K) Class: 1950K(2240K)->1950K(2240K)
[151.549s][info][gc             ] GC(609) Pause Young (Allocation Failure) 349M->9M(1700M) 4.042ms
[151.549s][info][gc,cpu         ] GC(609) User=0.00s Sys=0.00s Real=0.00s
[151.827s][info][gc,start       ] GC(610) Pause Young (Allocation Failure)
[151.829s][info][gc,heap        ] GC(610) PSYoungGen: 342528K(342528K)->1056K(336384K) Eden: 341504K(341504K)->0K(334848K) From: 1024K(1024K)->1056K(1536K)
[151.829s][info][gc,heap        ] GC(610) ParOldGen: 9034K(1398272K)->9114K(1398272K)
[151.829s][info][gc,metaspace   ] GC(610) Metaspace: 14267K(15040K)->14267K(15040K) NonClass: 12316K(12800K)->12316K(12800K) Class: 1950K(2240K)->1950K(2240K)
[151.829s][info][gc             ] GC(610) Pause Young (Allocation Failure) 343M->9M(1694M) 2.851ms
[151.829s][info][gc,cpu         ] GC(610) User=0.00s Sys=0.00s Real=0.00s
[152.087s][info][gc,start       ] GC(611) Pause Young (Allocation Failure)
[152.089s][info][gc,heap        ] GC(611) PSYoungGen: 335904K(336384K)->1024K(329728K) Eden: 334848K(334848K)->0K(328704K) From: 1056K(1536K)->1024K(1024K)
[152.089s][info][gc,heap        ] GC(611) ParOldGen: 9114K(1398272K)->9242K(1398272K)
[152.089s][info][gc,metaspace   ] GC(611) Metaspace: 14267K(15040K)->14267K(15040K) NonClass: 12316K(12800K)->12316K(12800K) Class: 1950K(2240K)->1950K(2240K)
[152.089s][info][gc             ] GC(611) Pause Young (Allocation Failure) 336M->10M(1687M) 2.739ms
[152.089s][info][gc,cpu         ] GC(611) User=0.00s Sys=0.00s Real=0.00s
[152.356s][info][gc,start       ] GC(612) Pause Young (Allocation Failure)
[152.359s][info][gc,heap        ] GC(612) PSYoungGen: 329728K(329728K)->1024K(323584K) Eden: 328704K(328704K)->0K(322560K) From: 1024K(1024K)->1024K(1024K)
[152.359s][info][gc,heap        ] GC(612) ParOldGen: 9242K(1398272K)->9322K(1398272K)
[152.359s][info][gc,metaspace   ] GC(612) Metaspace: 14267K(15040K)->14267K(15040K) NonClass: 12316K(12800K)->12316K(12800K) Class: 1950K(2240K)->1950K(2240K)
[152.359s][info][gc             ] GC(612) Pause Young (Allocation Failure) 331M->10M(1681M) 2.613ms
[152.359s][info][gc,cpu         ] GC(612) User=0.00s Sys=0.00s Real=0.00s
[152.601s][info][gc,start       ] GC(613) Pause Young (Allocation Failure)
[152.603s][info][gc,heap        ] GC(613) PSYoungGen: 323584K(323584K)->1024K(317952K) Eden: 322560K(322560K)->0K(316928K) From: 1024K(1024K)->1024K(1024K)
[152.603s][info][gc,heap        ] GC(613) ParOldGen: 9322K(1398272K)->9450K(1398272K)
[152.603s][info][gc,metaspace   ] GC(613) Metaspace: 14267K(15040K)->14267K(15040K) NonClass: 12316K(12800K)->12316K(12800K) Class: 1950K(2240K)->1950K(2240K)
[152.603s][info][gc             ] GC(613) Pause Young (Allocation Failure) 325M->10M(1676M) 2.637ms
[152.603s][info][gc,cpu         ] GC(613) User=0.52s Sys=0.00s Real=0.00s
[152.841s][info][gc,start       ] GC(614) Pause Young (Allocation Failure)
[152.843s][info][gc,heap        ] GC(614) PSYoungGen: 317952K(317952K)->1024K(312320K) Eden: 316928K(316928K)->0K(311296K) From: 1024K(1024K)->1024K(1024K)
[152.843s][info][gc,heap        ] GC(614) ParOldGen: 9450K(1398272K)->9570K(1398272K)
[152.843s][info][gc,metaspace   ] GC(614) Metaspace: 14267K(15040K)->14267K(15040K) NonClass: 12316K(12800K)->12316K(12800K) Class: 1950K(2240K)->1950K(2240K)
[152.843s][info][gc             ] GC(614) Pause Young (Allocation Failure) 319M->10M(1670M) 2.617ms
[152.843s][info][gc,cpu         ] GC(614) User=0.00s Sys=0.00s Real=0.00s
[153.077s][info][gc,start       ] GC(615) Pause Young (Allocation Failure)
[153.080s][info][gc,heap        ] GC(615) PSYoungGen: 312320K(312320K)->960K(306688K) Eden: 311296K(311296K)->0K(305664K) From: 1024K(1024K)->960K(1024K)
[153.080s][info][gc,heap        ] GC(615) ParOldGen: 9570K(1398272K)->9674K(1398272K)
[153.080s][info][gc,metaspace   ] GC(615) Metaspace: 14267K(15040K)->14267K(15040K) NonClass: 12316K(12800K)->12316K(12800K) Class: 1950K(2240K)->1950K(2240K)
[153.080s][info][gc             ] GC(615) Pause Young (Allocation Failure) 314M->10M(1665M) 2.620ms
[153.080s][info][gc,cpu         ] GC(615) User=0.00s Sys=0.00s Real=0.00s
[153.310s][info][gc,start       ] GC(616) Pause Young (Allocation Failure)
[153.312s][info][gc,heap        ] GC(616) PSYoungGen: 306624K(306688K)->1024K(368128K) Eden: 305664K(305664K)->0K(367104K) From: 960K(1024K)->1024K(1024K)
[153.312s][info][gc,heap        ] GC(616) ParOldGen: 9674K(1398272K)->9746K(1398272K)
[153.312s][info][gc,metaspace   ] GC(616) Metaspace: 14267K(15040K)->14267K(15040K) NonClass: 12316K(12800K)->12316K(12800K) Class: 1950K(2240K)->1950K(2240K)
[153.312s][info][gc             ] GC(616) Pause Young (Allocation Failure) 308M->10M(1725M) 2.714ms
[153.312s][info][gc,cpu         ] GC(616) User=0.00s Sys=0.00s Real=0.00s
[153.591s][info][gc,start       ] GC(617) Pause Young (Allocation Failure)
[153.594s][info][gc,heap        ] GC(617) PSYoungGen: 368128K(368128K)->1024K(441856K) Eden: 367104K(367104K)->0K(440832K) From: 1024K(1024K)->1024K(1024K)
[153.594s][info][gc,heap        ] GC(617) ParOldGen: 9746K(1398272K)->9850K(1398272K)
[153.594s][info][gc,metaspace   ] GC(617) Metaspace: 14267K(15040K)->14267K(15040K) NonClass: 12316K(12800K)->12316K(12800K) Class: 1950K(2240K)->1950K(2240K)
[153.594s][info][gc             ] GC(617) Pause Young (Allocation Failure) 369M->10M(1797M) 2.938ms
[153.594s][info][gc,cpu         ] GC(617) User=0.00s Sys=0.00s Real=0.00s
[153.928s][info][gc,start       ] GC(618) Pause Young (Allocation Failure)
[153.931s][info][gc,heap        ] GC(618) PSYoungGen: 441856K(441856K)->1024K(432128K) Eden: 440832K(440832K)->0K(431104K) From: 1024K(1024K)->1024K(1024K)
[153.931s][info][gc,heap        ] GC(618) ParOldGen: 9850K(1398272K)->9986K(1398272K)
[153.931s][info][gc,metaspace   ] GC(618) Metaspace: 14267K(15040K)->14267K(15040K) NonClass: 12316K(12800K)->12316K(12800K) Class: 1950K(2240K)->1950K(2240K)
[153.931s][info][gc             ] GC(618) Pause Young (Allocation Failure) 441M->10M(1787M) 3.196ms
[153.931s][info][gc,cpu         ] GC(618) User=0.52s Sys=0.00s Real=0.00s
[154.257s][info][gc,start       ] GC(619) Pause Young (Allocation Failure)
[154.260s][info][gc,heap        ] GC(619) PSYoungGen: 432128K(432128K)->1024K(422912K) Eden: 431104K(431104K)->0K(421888K) From: 1024K(1024K)->1024K(1024K)
[154.260s][info][gc,heap        ] GC(619) ParOldGen: 9986K(1398272K)->10106K(1398272K)
[154.260s][info][gc,metaspace   ] GC(619) Metaspace: 14267K(15040K)->14267K(15040K) NonClass: 12316K(12800K)->12316K(12800K) Class: 1950K(2240K)->1950K(2240K)
[154.260s][info][gc             ] GC(619) Pause Young (Allocation Failure) 431M->10M(1778M) 3.295ms
[154.260s][info][gc,cpu         ] GC(619) User=0.52s Sys=0.00s Real=0.00s
[154.578s][info][gc,start       ] GC(620) Pause Young (Allocation Failure)
[154.581s][info][gc,heap        ] GC(620) PSYoungGen: 422912K(422912K)->1024K(413696K) Eden: 421888K(421888K)->0K(412672K) From: 1024K(1024K)->1024K(1024K)
[154.581s][info][gc,heap        ] GC(620) ParOldGen: 10106K(1398272K)->10210K(1398272K)
[154.581s][info][gc,metaspace   ] GC(620) Metaspace: 14267K(15040K)->14267K(15040K) NonClass: 12316K(12800K)->12316K(12800K) Class: 1950K(2240K)->1950K(2240K)
[154.581s][info][gc             ] GC(620) Pause Young (Allocation Failure) 422M->10M(1769M) 3.203ms
[154.582s][info][gc,cpu         ] GC(620) User=0.00s Sys=0.00s Real=0.00s
[154.893s][info][gc,start       ] GC(621) Pause Young (Allocation Failure)
[154.896s][info][gc,heap        ] GC(621) PSYoungGen: 413696K(413696K)->1024K(404992K) Eden: 412672K(412672K)->0K(403968K) From: 1024K(1024K)->1024K(1024K)
[154.896s][info][gc,heap        ] GC(621) ParOldGen: 10210K(1398272K)->10354K(1398272K)
[154.896s][info][gc,metaspace   ] GC(621) Metaspace: 14267K(15040K)->14267K(15040K) NonClass: 12316K(12800K)->12316K(12800K) Class: 1950K(2240K)->1950K(2240K)
[154.896s][info][gc             ] GC(621) Pause Young (Allocation Failure) 413M->11M(1761M) 3.234ms
[154.896s][info][gc,cpu         ] GC(621) User=0.00s Sys=0.00s Real=0.00s
[155.205s][info][gc,start       ] GC(622) Pause Young (Allocation Failure)
[155.209s][info][gc,heap        ] GC(622) PSYoungGen: 404992K(404992K)->1024K(396288K) Eden: 403968K(403968K)->0K(395264K) From: 1024K(1024K)->1024K(1024K)
[155.209s][info][gc,heap        ] GC(622) ParOldGen: 10354K(1398272K)->10474K(1398272K)
[155.209s][info][gc,metaspace   ] GC(622) Metaspace: 14267K(15040K)->14267K(15040K) NonClass: 12316K(12800K)->12316K(12800K) Class: 1950K(2240K)->1950K(2240K)
[155.209s][info][gc             ] GC(622) Pause Young (Allocation Failure) 405M->11M(1752M) 3.356ms
[155.209s][info][gc,cpu         ] GC(622) User=0.00s Sys=0.00s Real=0.00s
[155.511s][info][gc,start       ] GC(623) Pause Young (Allocation Failure)
[155.515s][info][gc,heap        ] GC(623) PSYoungGen: 396288K(396288K)->1024K(388096K) Eden: 395264K(395264K)->0K(387072K) From: 1024K(1024K)->1024K(1024K)
[155.515s][info][gc,heap        ] GC(623) ParOldGen: 10474K(1398272K)->10586K(1398272K)
[155.515s][info][gc,metaspace   ] GC(623) Metaspace: 14267K(15040K)->14267K(15040K) NonClass: 12316K(12800K)->12316K(12800K) Class: 1950K(2240K)->1950K(2240K)
[155.515s][info][gc             ] GC(623) Pause Young (Allocation Failure) 397M->11M(1744M) 3.236ms
[155.515s][info][gc,cpu         ] GC(623) User=0.00s Sys=0.00s Real=0.00s
[155.843s][info][gc,start       ] GC(624) Pause Young (Allocation Failure)
[155.845s][info][gc,heap        ] GC(624) PSYoungGen: 388096K(388096K)->1024K(379904K) Eden: 387072K(387072K)->0K(378880K) From: 1024K(1024K)->1024K(1024K)
[155.845s][info][gc,heap        ] GC(624) ParOldGen: 10586K(1398272K)->10666K(1398272K)
[155.846s][info][gc,metaspace   ] GC(624) Metaspace: 14267K(15040K)->14267K(15040K) NonClass: 12316K(12800K)->12316K(12800K) Class: 1950K(2240K)->1950K(2240K)
[155.846s][info][gc             ] GC(624) Pause Young (Allocation Failure) 389M->11M(1736M) 3.027ms
[155.846s][info][gc,cpu         ] GC(624) User=0.00s Sys=0.00s Real=0.00s
[156.131s][info][gc,start       ] GC(625) Pause Young (Allocation Failure)
[156.134s][info][gc,heap        ] GC(625) PSYoungGen: 379904K(379904K)->992K(372224K) Eden: 378880K(378880K)->0K(371200K) From: 1024K(1024K)->992K(1024K)
[156.134s][info][gc,heap        ] GC(625) ParOldGen: 10666K(1398272K)->10810K(1398272K)
[156.134s][info][gc,metaspace   ] GC(625) Metaspace: 14267K(15040K)->14267K(15040K) NonClass: 12316K(12800K)->12316K(12800K) Class: 1950K(2240K)->1950K(2240K)
[156.134s][info][gc             ] GC(625) Pause Young (Allocation Failure) 381M->11M(1729M) 2.897ms
[156.134s][info][gc,cpu         ] GC(625) User=0.52s Sys=0.00s Real=0.00s
[156.412s][info][gc,start       ] GC(626) Pause Young (Allocation Failure)
[156.415s][info][gc,heap        ] GC(626) PSYoungGen: 372192K(372224K)->1024K(364544K) Eden: 371200K(371200K)->0K(363520K) From: 992K(1024K)->1024K(1024K)
[156.415s][info][gc,heap        ] GC(626) ParOldGen: 10810K(1398272K)->10890K(1398272K)
[156.415s][info][gc,metaspace   ] GC(626) Metaspace: 14267K(15040K)->14267K(15040K) NonClass: 12316K(12800K)->12316K(12800K) Class: 1950K(2240K)->1950K(2240K)
[156.415s][info][gc             ] GC(626) Pause Young (Allocation Failure) 374M->11M(1721M) 2.963ms
[156.415s][info][gc,cpu         ] GC(626) User=0.52s Sys=0.00s Real=0.00s
[156.688s][info][gc,start       ] GC(627) Pause Young (Allocation Failure)
[156.691s][info][gc,heap        ] GC(627) PSYoungGen: 364544K(364544K)->992K(357376K) Eden: 363520K(363520K)->0K(356352K) From: 1024K(1024K)->992K(1024K)
[156.691s][info][gc,heap        ] GC(627) ParOldGen: 10890K(1398272K)->11014K(1398272K)
[156.691s][info][gc,metaspace   ] GC(627) Metaspace: 14267K(15040K)->14267K(15040K) NonClass: 12316K(12800K)->12316K(12800K) Class: 1950K(2240K)->1950K(2240K)
[156.691s][info][gc             ] GC(627) Pause Young (Allocation Failure) 366M->11M(1714M) 2.954ms
[156.691s][info][gc,cpu         ] GC(627) User=0.00s Sys=0.00s Real=0.00s
[156.957s][info][gc,start       ] GC(628) Pause Young (Allocation Failure)
[156.960s][info][gc,heap        ] GC(628) PSYoungGen: 357344K(357376K)->1024K(350208K) Eden: 356352K(356352K)->0K(349184K) From: 992K(1024K)->1024K(1024K)
[156.960s][info][gc,heap        ] GC(628) ParOldGen: 11014K(1398272K)->11158K(1398272K)
[156.960s][info][gc,metaspace   ] GC(628) Metaspace: 14267K(15040K)->14267K(15040K) NonClass: 12316K(12800K)->12316K(12800K) Class: 1950K(2240K)->1950K(2240K)
[156.960s][info][gc             ] GC(628) Pause Young (Allocation Failure) 359M->11M(1707M) 2.963ms
[156.960s][info][gc,cpu         ] GC(628) User=0.00s Sys=0.00s Real=0.00s
[157.222s][info][gc,start       ] GC(629) Pause Young (Allocation Failure)
[157.224s][info][gc,heap        ] GC(629) PSYoungGen: 350208K(350208K)->992K(343552K) Eden: 349184K(349184K)->0K(342528K) From: 1024K(1024K)->992K(1024K)
[157.224s][info][gc,heap        ] GC(629) ParOldGen: 11158K(1398272K)->11254K(1398272K)
[157.225s][info][gc,metaspace   ] GC(629) Metaspace: 14267K(15040K)->14267K(15040K) NonClass: 12316K(12800K)->12316K(12800K) Class: 1950K(2240K)->1950K(2240K)
[157.225s][info][gc             ] GC(629) Pause Young (Allocation Failure) 352M->11M(1701M) 3.000ms
[157.225s][info][gc,cpu         ] GC(629) User=0.00s Sys=0.00s Real=0.00s
[157.481s][info][gc,start       ] GC(630) Pause Young (Allocation Failure)
[157.484s][info][gc,heap        ] GC(630) PSYoungGen: 343520K(343552K)->1024K(412160K) Eden: 342528K(342528K)->0K(411136K) From: 992K(1024K)->1024K(1024K)
[157.484s][info][gc,heap        ] GC(630) ParOldGen: 11254K(1398272K)->11374K(1398272K)
[157.484s][info][gc,metaspace   ] GC(630) Metaspace: 14267K(15040K)->14267K(15040K) NonClass: 12316K(12800K)->12316K(12800K) Class: 1950K(2240K)->1950K(2240K)
[157.485s][info][gc             ] GC(630) Pause Young (Allocation Failure) 346M->12M(1768M) 3.122ms
[157.485s][info][gc,cpu         ] GC(630) User=0.00s Sys=0.00s Real=0.00s
[157.791s][info][gc,start       ] GC(631) Pause Young (Allocation Failure)
[157.794s][info][gc,heap        ] GC(631) PSYoungGen: 412160K(412160K)->1024K(403456K) Eden: 411136K(411136K)->0K(402432K) From: 1024K(1024K)->1024K(1024K)
[157.794s][info][gc,heap        ] GC(631) ParOldGen: 11374K(1398272K)->11486K(1398272K)
[157.794s][info][gc,metaspace   ] GC(631) Metaspace: 14267K(15040K)->14267K(15040K) NonClass: 12316K(12800K)->12316K(12800K) Class: 1950K(2240K)->1950K(2240K)
[157.794s][info][gc             ] GC(631) Pause Young (Allocation Failure) 413M->12M(1759M) 3.243ms
[157.794s][info][gc,cpu         ] GC(631) User=0.00s Sys=0.00s Real=0.00s
[158.165s][info][gc,start       ] GC(632) Pause Young (Allocation Failure)
[158.169s][info][gc,heap        ] GC(632) PSYoungGen: 403456K(403456K)->1024K(455168K) Eden: 402432K(402432K)->0K(453632K) From: 1024K(1024K)->1024K(1536K)
[158.169s][info][gc,heap        ] GC(632) ParOldGen: 11486K(1398272K)->11606K(1398272K)
[158.169s][info][gc,metaspace   ] GC(632) Metaspace: 14267K(15040K)->14267K(15040K) NonClass: 12316K(12800K)->12316K(12800K) Class: 1950K(2240K)->1950K(2240K)
[158.169s][info][gc             ] GC(632) Pause Young (Allocation Failure) 405M->12M(1810M) 4.311ms
[158.169s][info][gc,cpu         ] GC(632) User=0.00s Sys=0.00s Real=0.00s
[158.540s][info][gc,start       ] GC(633) Pause Young (Allocation Failure)
[158.543s][info][gc,heap        ] GC(633) PSYoungGen: 454656K(455168K)->1024K(444416K) Eden: 453632K(453632K)->0K(443392K) From: 1024K(1536K)->1024K(1024K)
[158.543s][info][gc,heap        ] GC(633) ParOldGen: 11606K(1398272K)->11694K(1398272K)
[158.543s][info][gc,metaspace   ] GC(633) Metaspace: 14267K(15040K)->14267K(15040K) NonClass: 12316K(12800K)->12316K(12800K) Class: 1950K(2240K)->1950K(2240K)
[158.543s][info][gc             ] GC(633) Pause Young (Allocation Failure) 455M->12M(1799M) 3.031ms
[158.543s][info][gc,cpu         ] GC(633) User=0.00s Sys=0.00s Real=0.00s
[158.777s][info][gc,start       ] GC(634) Pause Young (Allocation Failure)
[158.781s][info][gc,heap        ] GC(634) PSYoungGen: 444416K(444416K)->992K(484352K) Eden: 443392K(443392K)->0K(482816K) From: 1024K(1024K)->992K(1536K)
[158.781s][info][gc,heap        ] GC(634) ParOldGen: 11694K(1398272K)->11798K(1398272K)
[158.781s][info][gc,metaspace   ] GC(634) Metaspace: 14267K(15040K)->14267K(15040K) NonClass: 12316K(12800K)->12316K(12800K) Class: 1950K(2240K)->1950K(2240K)
[158.781s][info][gc             ] GC(634) Pause Young (Allocation Failure) 445M->12M(1838M) 3.101ms
[158.781s][info][gc,cpu         ] GC(634) User=0.00s Sys=0.00s Real=0.00s
[159.060s][info][gc,start       ] GC(635) Pause Young (System.gc())
[159.062s][info][gc,heap        ] GC(635) PSYoungGen: 380834K(484352K)->640K(534016K) Eden: 379842K(482816K)->0K(532480K) From: 992K(1536K)->640K(1536K)
[159.062s][info][gc,heap        ] GC(635) ParOldGen: 11798K(1398272K)->11870K(1398272K)
[159.062s][info][gc,metaspace   ] GC(635) Metaspace: 14267K(15040K)->14267K(15040K) NonClass: 12316K(12800K)->12316K(12800K) Class: 1950K(2240K)->1950K(2240K)
[159.062s][info][gc             ] GC(635) Pause Young (System.gc()) 383M->12M(1887M) 2.570ms
[159.062s][info][gc,cpu         ] GC(635) User=0.00s Sys=0.00s Real=0.00s
[159.062s][info][gc,start       ] GC(636) Pause Full (System.gc())
[159.062s][info][gc,phases,start] GC(636) Marking Phase
[159.077s][info][gc,phases      ] GC(636) Marking Phase 14.541ms
[159.077s][info][gc,phases,start] GC(636) Summary Phase
[159.077s][info][gc,phases      ] GC(636) Summary Phase 0.014ms
[159.077s][info][gc,phases,start] GC(636) Adjust Roots
[159.081s][info][gc,phases      ] GC(636) Adjust Roots 4.112ms
[159.081s][info][gc,phases,start] GC(636) Compaction Phase
[159.083s][info][gc,phases      ] GC(636) Compaction Phase 1.728ms
[159.083s][info][gc,phases,start] GC(636) Post Compact
[159.083s][info][gc,phases      ] GC(636) Post Compact 0.594ms
[159.083s][info][gc,heap        ] GC(636) PSYoungGen: 640K(534016K)->0K(534016K) Eden: 0K(532480K)->0K(532480K) From: 640K(1536K)->0K(1536K)
[159.083s][info][gc,heap        ] GC(636) ParOldGen: 11870K(1398272K)->5366K(1398272K)
[159.084s][info][gc,metaspace   ] GC(636) Metaspace: 14267K(15040K)->14267K(15040K) NonClass: 12316K(12800K)->12316K(12800K) Class: 1950K(2240K)->1950K(2240K)
[159.084s][info][gc             ] GC(636) Pause Full (System.gc()) 12M->5M(1887M) 21.222ms
[159.084s][info][gc,cpu         ] GC(636) User=0.02s Sys=0.00s Real=0.02s
[159.540s][info][gc,start       ] GC(637) Pause Young (Allocation Failure)
[159.544s][info][gc,heap        ] GC(637) PSYoungGen: 532480K(534016K)->1536K(520704K) Eden: 532480K(532480K)->0K(519168K) From: 0K(1536K)->1536K(1536K)
[159.544s][info][gc,heap        ] GC(637) ParOldGen: 5366K(1398272K)->5859K(1398272K)
[159.544s][info][gc,metaspace   ] GC(637) Metaspace: 14267K(15040K)->14267K(15040K) NonClass: 12317K(12800K)->12317K(12800K) Class: 1950K(2240K)->1950K(2240K)
[159.544s][info][gc             ] GC(637) Pause Young (Allocation Failure) 525M->7M(1874M) 3.709ms
[159.544s][info][gc,cpu         ] GC(637) User=0.00s Sys=0.00s Real=0.00s
[159.900s][info][gc,start       ] GC(638) Pause Young (Allocation Failure)
[159.903s][info][gc,heap        ] GC(638) PSYoungGen: 520704K(520704K)->512K(506880K) Eden: 519168K(519168K)->0K(506368K) From: 1536K(1536K)->512K(512K)
[159.903s][info][gc,heap        ] GC(638) ParOldGen: 5859K(1398272K)->7189K(1398272K)
[159.903s][info][gc,metaspace   ] GC(638) Metaspace: 14267K(15040K)->14267K(15040K) NonClass: 12317K(12800K)->12317K(12800K) Class: 1950K(2240K)->1950K(2240K)
[159.903s][info][gc             ] GC(638) Pause Young (Allocation Failure) 514M->7M(1860M) 3.096ms
[159.903s][info][gc,cpu         ] GC(638) User=0.00s Sys=0.00s Real=0.00s
[160.345s][info][gc,start       ] GC(639) Pause Young (Allocation Failure)
[160.348s][info][gc,heap        ] GC(639) PSYoungGen: 506880K(506880K)->1056K(496128K) Eden: 506368K(506368K)->0K(494080K) From: 512K(512K)->1056K(2048K)
[160.348s][info][gc,heap        ] GC(639) ParOldGen: 7189K(1398272K)->7213K(1398272K)
[160.348s][info][gc,metaspace   ] GC(639) Metaspace: 14267K(15040K)->14267K(15040K) NonClass: 12317K(12800K)->12317K(12800K) Class: 1950K(2240K)->1950K(2240K)
[160.348s][info][gc             ] GC(639) Pause Young (Allocation Failure) 502M->8M(1850M) 3.174ms
[160.348s][info][gc,cpu         ] GC(639) User=0.00s Sys=0.00s Real=0.00s
[160.730s][info][gc,start       ] GC(640) Pause Young (Allocation Failure)
[160.734s][info][gc,heap        ] GC(640) PSYoungGen: 495136K(496128K)->1024K(483328K) Eden: 494080K(494080K)->0K(482304K) From: 1056K(2048K)->1024K(1024K)
[160.734s][info][gc,heap        ] GC(640) ParOldGen: 7213K(1398272K)->7381K(1398272K)
[160.734s][info][gc,metaspace   ] GC(640) Metaspace: 14267K(15040K)->14267K(15040K) NonClass: 12317K(12800K)->12317K(12800K) Class: 1950K(2240K)->1950K(2240K)
[160.734s][info][gc             ] GC(640) Pause Young (Allocation Failure) 490M->8M(1837M) 3.266ms
[160.734s][info][gc,cpu         ] GC(640) User=0.00s Sys=0.00s Real=0.00s
[161.105s][info][gc,start       ] GC(641) Pause Young (Allocation Failure)
[161.108s][info][gc,heap        ] GC(641) PSYoungGen: 483328K(483328K)->1056K(472576K) Eden: 482304K(482304K)->0K(471040K) From: 1024K(1024K)->1056K(1536K)
[161.108s][info][gc,heap        ] GC(641) ParOldGen: 7381K(1398272K)->7517K(1398272K)
[161.108s][info][gc,metaspace   ] GC(641) Metaspace: 14267K(15040K)->14267K(15040K) NonClass: 12317K(12800K)->12317K(12800K) Class: 1950K(2240K)->1950K(2240K)
[161.108s][info][gc             ] GC(641) Pause Young (Allocation Failure) 479M->8M(1827M) 3.328ms
[161.108s][info][gc,cpu         ] GC(641) User=0.00s Sys=0.00s Real=0.00s
[161.472s][info][gc,start       ] GC(642) Pause Young (Allocation Failure)
[161.476s][info][gc,heap        ] GC(642) PSYoungGen: 472096K(472576K)->1024K(461312K) Eden: 471040K(471040K)->0K(460288K) From: 1056K(1536K)->1024K(1024K)
[161.476s][info][gc,heap        ] GC(642) ParOldGen: 7517K(1398272K)->7621K(1398272K)
[161.476s][info][gc,metaspace   ] GC(642) Metaspace: 14267K(15040K)->14267K(15040K) NonClass: 12317K(12800K)->12317K(12800K) Class: 1950K(2240K)->1950K(2240K)
[161.476s][info][gc             ] GC(642) Pause Young (Allocation Failure) 468M->8M(1816M) 3.448ms
[161.476s][info][gc,cpu         ] GC(642) User=0.00s Sys=0.00s Real=0.00s
[161.932s][info][gc,start       ] GC(643) Pause Young (Allocation Failure)
[161.937s][info][gc,heap        ] GC(643) PSYoungGen: 461312K(461312K)->1024K(450560K) Eden: 460288K(460288K)->0K(449536K) From: 1024K(1024K)->1024K(1024K)
[161.937s][info][gc,heap        ] GC(643) ParOldGen: 7621K(1398272K)->7741K(1398272K)
[161.937s][info][gc,metaspace   ] GC(643) Metaspace: 14267K(15040K)->14267K(15040K) NonClass: 12317K(12800K)->12317K(12800K) Class: 1950K(2240K)->1950K(2240K)
[161.937s][info][gc             ] GC(643) Pause Young (Allocation Failure) 457M->8M(1805M) 4.357ms
[161.937s][info][gc,cpu         ] GC(643) User=0.00s Sys=0.00s Real=0.00s
[162.305s][info][gc,start       ] GC(644) Pause Young (Allocation Failure)
[162.308s][info][gc,heap        ] GC(644) PSYoungGen: 450560K(450560K)->1024K(440320K) Eden: 449536K(449536K)->0K(439296K) From: 1024K(1024K)->1024K(1024K)
[162.308s][info][gc,heap        ] GC(644) ParOldGen: 7741K(1398272K)->7893K(1398272K)
[162.308s][info][gc,metaspace   ] GC(644) Metaspace: 14267K(15040K)->14267K(15040K) NonClass: 12317K(12800K)->12317K(12800K) Class: 1950K(2240K)->1950K(2240K)
[162.308s][info][gc             ] GC(644) Pause Young (Allocation Failure) 447M->8M(1795M) 3.061ms
[162.309s][info][gc,cpu         ] GC(644) User=0.00s Sys=0.00s Real=0.00s
[162.676s][info][gc,start       ] GC(645) Pause Young (Allocation Failure)
[162.679s][info][gc,heap        ] GC(645) PSYoungGen: 440320K(440320K)->1024K(430592K) Eden: 439296K(439296K)->0K(429568K) From: 1024K(1024K)->1024K(1024K)
[162.679s][info][gc,heap        ] GC(645) ParOldGen: 7893K(1398272K)->8053K(1398272K)
[162.679s][info][gc,metaspace   ] GC(645) Metaspace: 14267K(15040K)->14267K(15040K) NonClass: 12317K(12800K)->12317K(12800K) Class: 1950K(2240K)->1950K(2240K)
[162.679s][info][gc             ] GC(645) Pause Young (Allocation Failure) 437M->8M(1786M) 2.946ms
[162.679s][info][gc,cpu         ] GC(645) User=0.00s Sys=0.00s Real=0.00s
[163.010s][info][gc,start       ] GC(646) Pause Young (Allocation Failure)
[163.012s][info][gc,heap        ] GC(646) PSYoungGen: 430592K(430592K)->1024K(421376K) Eden: 429568K(429568K)->0K(420352K) From: 1024K(1024K)->1024K(1024K)
[163.012s][info][gc,heap        ] GC(646) ParOldGen: 8053K(1398272K)->8189K(1398272K)
[163.012s][info][gc,metaspace   ] GC(646) Metaspace: 14267K(15040K)->14267K(15040K) NonClass: 12317K(12800K)->12317K(12800K) Class: 1950K(2240K)->1950K(2240K)
[163.013s][info][gc             ] GC(646) Pause Young (Allocation Failure) 428M->8M(1777M) 2.985ms
[163.013s][info][gc,cpu         ] GC(646) User=0.00s Sys=0.00s Real=0.00s
[163.337s][info][gc,start       ] GC(647) Pause Young (Allocation Failure)
[163.340s][info][gc,heap        ] GC(647) PSYoungGen: 421376K(421376K)->1024K(412160K) Eden: 420352K(420352K)->0K(411136K) From: 1024K(1024K)->1024K(1024K)
[163.340s][info][gc,heap        ] GC(647) ParOldGen: 8189K(1398272K)->8285K(1398272K)
[163.340s][info][gc,metaspace   ] GC(647) Metaspace: 14267K(15040K)->14267K(15040K) NonClass: 12317K(12800K)->12317K(12800K) Class: 1950K(2240K)->1950K(2240K)
[163.340s][info][gc             ] GC(647) Pause Young (Allocation Failure) 419M->9M(1768M) 2.939ms
[163.340s][info][gc,cpu         ] GC(647) User=0.00s Sys=0.00s Real=0.00s
[163.656s][info][gc,start       ] GC(648) Pause Young (Allocation Failure)
[163.659s][info][gc,heap        ] GC(648) PSYoungGen: 412160K(412160K)->992K(403456K) Eden: 411136K(411136K)->0K(402432K) From: 1024K(1024K)->992K(1024K)
[163.659s][info][gc,heap        ] GC(648) ParOldGen: 8285K(1398272K)->8405K(1398272K)
[163.659s][info][gc,metaspace   ] GC(648) Metaspace: 14267K(15040K)->14267K(15040K) NonClass: 12317K(12800K)->12317K(12800K) Class: 1950K(2240K)->1950K(2240K)
[163.659s][info][gc             ] GC(648) Pause Young (Allocation Failure) 410M->9M(1759M) 3.010ms
[163.659s][info][gc,cpu         ] GC(648) User=0.00s Sys=0.00s Real=0.00s
[163.967s][info][gc,start       ] GC(649) Pause Young (Allocation Failure)
[163.970s][info][gc,heap        ] GC(649) PSYoungGen: 403424K(403456K)->1024K(394752K) Eden: 402432K(402432K)->0K(393728K) From: 992K(1024K)->1024K(1024K)
[163.970s][info][gc,heap        ] GC(649) ParOldGen: 8405K(1398272K)->8517K(1398272K)
[163.970s][info][gc,metaspace   ] GC(649) Metaspace: 14267K(15040K)->14267K(15040K) NonClass: 12317K(12800K)->12317K(12800K) Class: 1950K(2240K)->1950K(2240K)
[163.971s][info][gc             ] GC(649) Pause Young (Allocation Failure) 402M->9M(1751M) 3.027ms
[163.971s][info][gc,cpu         ] GC(649) User=0.00s Sys=0.00s Real=0.00s
[164.277s][info][gc,start       ] GC(650) Pause Young (Allocation Failure)
[164.280s][info][gc,heap        ] GC(650) PSYoungGen: 394752K(394752K)->1024K(386560K) Eden: 393728K(393728K)->0K(385536K) From: 1024K(1024K)->1024K(1024K)
[164.280s][info][gc,heap        ] GC(650) ParOldGen: 8517K(1398272K)->8629K(1398272K)
[164.280s][info][gc,metaspace   ] GC(650) Metaspace: 14267K(15040K)->14267K(15040K) NonClass: 12317K(12800K)->12317K(12800K) Class: 1950K(2240K)->1950K(2240K)
[164.280s][info][gc             ] GC(650) Pause Young (Allocation Failure) 393M->9M(1743M) 3.122ms
[164.280s][info][gc,cpu         ] GC(650) User=0.00s Sys=0.00s Real=0.00s
[164.578s][info][gc,start       ] GC(651) Pause Young (Allocation Failure)
[164.581s][info][gc,heap        ] GC(651) PSYoungGen: 386560K(386560K)->1024K(378880K) Eden: 385536K(385536K)->0K(377856K) From: 1024K(1024K)->1024K(1024K)
[164.581s][info][gc,heap        ] GC(651) ParOldGen: 8629K(1398272K)->8773K(1398272K)
[164.581s][info][gc,metaspace   ] GC(651) Metaspace: 14267K(15040K)->14267K(15040K) NonClass: 12317K(12800K)->12317K(12800K) Class: 1950K(2240K)->1950K(2240K)
[164.581s][info][gc             ] GC(651) Pause Young (Allocation Failure) 385M->9M(1735M) 3.199ms
[164.581s][info][gc,cpu         ] GC(651) User=0.00s Sys=0.00s Real=0.00s
[164.876s][info][gc,start       ] GC(652) Pause Young (Allocation Failure)
[164.879s][info][gc,heap        ] GC(652) PSYoungGen: 378880K(378880K)->1024K(371200K) Eden: 377856K(377856K)->0K(370176K) From: 1024K(1024K)->1024K(1024K)
[164.879s][info][gc,heap        ] GC(652) ParOldGen: 8773K(1398272K)->8909K(1398272K)
[164.879s][info][gc,metaspace   ] GC(652) Metaspace: 14267K(15040K)->14267K(15040K) NonClass: 12317K(12800K)->12317K(12800K) Class: 1950K(2240K)->1950K(2240K)
[164.879s][info][gc             ] GC(652) Pause Young (Allocation Failure) 378M->9M(1728M) 3.177ms
[164.879s][info][gc,cpu         ] GC(652) User=0.00s Sys=0.00s Real=0.00s
[165.175s][info][gc,start       ] GC(653) Pause Young (Allocation Failure)
[165.178s][info][gc,heap        ] GC(653) PSYoungGen: 371200K(371200K)->1024K(364032K) Eden: 370176K(370176K)->0K(363008K) From: 1024K(1024K)->1024K(1024K)
[165.178s][info][gc,heap        ] GC(653) ParOldGen: 8909K(1398272K)->9013K(1398272K)
[165.178s][info][gc,metaspace   ] GC(653) Metaspace: 14267K(15040K)->14267K(15040K) NonClass: 12317K(12800K)->12317K(12800K) Class: 1950K(2240K)->1950K(2240K)
[165.178s][info][gc             ] GC(653) Pause Young (Allocation Failure) 371M->9M(1721M) 2.964ms
[165.178s][info][gc,cpu         ] GC(653) User=0.00s Sys=0.00s Real=0.00s
[165.488s][info][gc,start       ] GC(654) Pause Young (Allocation Failure)
[165.490s][info][gc,heap        ] GC(654) PSYoungGen: 364032K(364032K)->1024K(356864K) Eden: 363008K(363008K)->0K(355840K) From: 1024K(1024K)->1024K(1024K)
[165.490s][info][gc,heap        ] GC(654) ParOldGen: 9013K(1398272K)->9101K(1398272K)
[165.490s][info][gc,metaspace   ] GC(654) Metaspace: 14267K(15040K)->14267K(15040K) NonClass: 12317K(12800K)->12317K(12800K) Class: 1950K(2240K)->1950K(2240K)
[165.490s][info][gc             ] GC(654) Pause Young (Allocation Failure) 364M->9M(1714M) 2.768ms
[165.490s][info][gc,cpu         ] GC(654) User=0.00s Sys=0.00s Real=0.00s
[165.764s][info][gc,start       ] GC(655) Pause Young (Allocation Failure)
[165.767s][info][gc,heap        ] GC(655) PSYoungGen: 356864K(356864K)->1024K(349696K) Eden: 355840K(355840K)->0K(348672K) From: 1024K(1024K)->1024K(1024K)
[165.767s][info][gc,heap        ] GC(655) ParOldGen: 9101K(1398272K)->9213K(1398272K)
[165.767s][info][gc,metaspace   ] GC(655) Metaspace: 14267K(15040K)->14267K(15040K) NonClass: 12317K(12800K)->12317K(12800K) Class: 1950K(2240K)->1950K(2240K)
[165.767s][info][gc             ] GC(655) Pause Young (Allocation Failure) 357M->9M(1707M) 2.816ms
[165.767s][info][gc,cpu         ] GC(655) User=0.00s Sys=0.00s Real=0.00s
[166.033s][info][gc,start       ] GC(656) Pause Young (Allocation Failure)
[166.035s][info][gc,heap        ] GC(656) PSYoungGen: 349696K(349696K)->1024K(343040K) Eden: 348672K(348672K)->0K(342016K) From: 1024K(1024K)->1024K(1024K)
[166.036s][info][gc,heap        ] GC(656) ParOldGen: 9213K(1398272K)->9309K(1398272K)
[166.036s][info][gc,metaspace   ] GC(656) Metaspace: 14267K(15040K)->14267K(15040K) NonClass: 12317K(12800K)->12317K(12800K) Class: 1950K(2240K)->1950K(2240K)
[166.036s][info][gc             ] GC(656) Pause Young (Allocation Failure) 350M->10M(1700M) 2.800ms
[166.036s][info][gc,cpu         ] GC(656) User=0.00s Sys=0.00s Real=0.00s
[166.299s][info][gc,start       ] GC(657) Pause Young (Allocation Failure)
[166.301s][info][gc,heap        ] GC(657) PSYoungGen: 343040K(343040K)->1024K(336384K) Eden: 342016K(342016K)->0K(335360K) From: 1024K(1024K)->1024K(1024K)
[166.301s][info][gc,heap        ] GC(657) ParOldGen: 9309K(1398272K)->9413K(1398272K)
[166.301s][info][gc,metaspace   ] GC(657) Metaspace: 14267K(15040K)->14267K(15040K) NonClass: 12317K(12800K)->12317K(12800K) Class: 1950K(2240K)->1950K(2240K)
[166.301s][info][gc             ] GC(657) Pause Young (Allocation Failure) 344M->10M(1694M) 2.845ms
[166.301s][info][gc,cpu         ] GC(657) User=0.00s Sys=0.00s Real=0.00s
[166.560s][info][gc,start       ] GC(658) Pause Young (Allocation Failure)
[166.562s][info][gc,heap        ] GC(658) PSYoungGen: 336384K(336384K)->992K(330240K) Eden: 335360K(335360K)->0K(329216K) From: 1024K(1024K)->992K(1024K)
[166.562s][info][gc,heap        ] GC(658) ParOldGen: 9413K(1398272K)->9525K(1398272K)
[166.562s][info][gc,metaspace   ] GC(658) Metaspace: 14267K(15040K)->14267K(15040K) NonClass: 12317K(12800K)->12317K(12800K) Class: 1950K(2240K)->1950K(2240K)
[166.562s][info][gc             ] GC(658) Pause Young (Allocation Failure) 337M->10M(1688M) 2.827ms
[166.562s][info][gc,cpu         ] GC(658) User=0.00s Sys=0.00s Real=0.00s
[166.819s][info][gc,start       ] GC(659) Pause Young (Allocation Failure)
[166.821s][info][gc,heap        ] GC(659) PSYoungGen: 330208K(330240K)->1024K(324096K) Eden: 329216K(329216K)->0K(323072K) From: 992K(1024K)->1024K(1024K)
[166.821s][info][gc,heap        ] GC(659) ParOldGen: 9525K(1398272K)->9621K(1398272K)
[166.821s][info][gc,metaspace   ] GC(659) Metaspace: 14267K(15040K)->14267K(15040K) NonClass: 12317K(12800K)->12317K(12800K) Class: 1950K(2240K)->1950K(2240K)
[166.822s][info][gc             ] GC(659) Pause Young (Allocation Failure) 331M->10M(1682M) 2.956ms
[166.822s][info][gc,cpu         ] GC(659) User=0.52s Sys=0.00s Real=0.00s
[167.070s][info][gc,start       ] GC(660) Pause Young (Allocation Failure)
[167.073s][info][gc,heap        ] GC(660) PSYoungGen: 324096K(324096K)->1024K(389120K) Eden: 323072K(323072K)->0K(388096K) From: 1024K(1024K)->1024K(1024K)
[167.073s][info][gc,heap        ] GC(660) ParOldGen: 9621K(1398272K)->9725K(1398272K)
[167.073s][info][gc,metaspace   ] GC(660) Metaspace: 14267K(15040K)->14267K(15040K) NonClass: 12317K(12800K)->12317K(12800K) Class: 1950K(2240K)->1950K(2240K)
[167.073s][info][gc             ] GC(660) Pause Young (Allocation Failure) 325M->10M(1745M) 2.997ms
[167.073s][info][gc,cpu         ] GC(660) User=0.52s Sys=0.00s Real=0.00s
[167.375s][info][gc,start       ] GC(661) Pause Young (Allocation Failure)
[167.378s][info][gc,heap        ] GC(661) PSYoungGen: 389120K(389120K)->1024K(380928K) Eden: 388096K(388096K)->0K(379904K) From: 1024K(1024K)->1024K(1024K)
[167.378s][info][gc,heap        ] GC(661) ParOldGen: 9725K(1398272K)->9821K(1398272K)
[167.378s][info][gc,metaspace   ] GC(661) Metaspace: 14267K(15040K)->14267K(15040K) NonClass: 12317K(12800K)->12317K(12800K) Class: 1950K(2240K)->1950K(2240K)
[167.378s][info][gc             ] GC(661) Pause Young (Allocation Failure) 389M->10M(1737M) 3.095ms
[167.378s][info][gc,cpu         ] GC(661) User=0.00s Sys=0.00s Real=0.00s
[167.721s][info][gc,start       ] GC(662) Pause Young (Allocation Failure)
[167.725s][info][gc,heap        ] GC(662) PSYoungGen: 380928K(380928K)->1024K(457216K) Eden: 379904K(379904K)->0K(456192K) From: 1024K(1024K)->1024K(1024K)
[167.725s][info][gc,heap        ] GC(662) ParOldGen: 9821K(1398272K)->9917K(1398272K)
[167.725s][info][gc,metaspace   ] GC(662) Metaspace: 14267K(15040K)->14267K(15040K) NonClass: 12317K(12800K)->12317K(12800K) Class: 1950K(2240K)->1950K(2240K)
[167.725s][info][gc             ] GC(662) Pause Young (Allocation Failure) 381M->10M(1812M) 4.088ms
[167.725s][info][gc,cpu         ] GC(662) User=0.00s Sys=0.00s Real=0.00s
[168.098s][info][gc,start       ] GC(663) Pause Young (Allocation Failure)
[168.101s][info][gc,heap        ] GC(663) PSYoungGen: 457216K(457216K)->1024K(446976K) Eden: 456192K(456192K)->0K(445952K) From: 1024K(1024K)->1024K(1024K)
[168.101s][info][gc,heap        ] GC(663) ParOldGen: 9917K(1398272K)->10061K(1398272K)
[168.101s][info][gc,metaspace   ] GC(663) Metaspace: 14267K(15040K)->14267K(15040K) NonClass: 12317K(12800K)->12317K(12800K) Class: 1950K(2240K)->1950K(2240K)
[168.101s][info][gc             ] GC(663) Pause Young (Allocation Failure) 456M->10M(1802M) 2.985ms
[168.101s][info][gc,cpu         ] GC(663) User=0.00s Sys=0.00s Real=0.00s
[168.469s][info][gc,start       ] GC(664) Pause Young (Allocation Failure)
[168.471s][info][gc,heap        ] GC(664) PSYoungGen: 446976K(446976K)->992K(436736K) Eden: 445952K(445952K)->0K(435712K) From: 1024K(1024K)->992K(1024K)
[168.471s][info][gc,heap        ] GC(664) ParOldGen: 10061K(1398272K)->10221K(1398272K)
[168.471s][info][gc,metaspace   ] GC(664) Metaspace: 14267K(15040K)->14267K(15040K) NonClass: 12317K(12800K)->12317K(12800K) Class: 1950K(2240K)->1950K(2240K)
[168.471s][info][gc             ] GC(664) Pause Young (Allocation Failure) 446M->10M(1792M) 2.851ms
[168.471s][info][gc,cpu         ] GC(664) User=0.00s Sys=0.00s Real=0.00s
[168.806s][info][gc,start       ] GC(665) Pause Young (Allocation Failure)
[168.809s][info][gc,heap        ] GC(665) PSYoungGen: 436704K(436736K)->992K(427008K) Eden: 435712K(435712K)->0K(425984K) From: 992K(1024K)->992K(1024K)
[168.809s][info][gc,heap        ] GC(665) ParOldGen: 10221K(1398272K)->10373K(1398272K)
[168.809s][info][gc,metaspace   ] GC(665) Metaspace: 14267K(15040K)->14267K(15040K) NonClass: 12317K(12800K)->12317K(12800K) Class: 1950K(2240K)->1950K(2240K)
[168.809s][info][gc             ] GC(665) Pause Young (Allocation Failure) 436M->11M(1782M) 2.852ms
[168.809s][info][gc,cpu         ] GC(665) User=0.00s Sys=0.00s Real=0.00s
[169.139s][info][gc,start       ] GC(666) Pause Young (Allocation Failure)
[169.141s][info][gc,heap        ] GC(666) PSYoungGen: 426976K(427008K)->1024K(417792K) Eden: 425984K(425984K)->0K(416768K) From: 992K(1024K)->1024K(1024K)
[169.141s][info][gc,heap        ] GC(666) ParOldGen: 10373K(1398272K)->10485K(1398272K)
[169.141s][info][gc,metaspace   ] GC(666) Metaspace: 14267K(15040K)->14267K(15040K) NonClass: 12317K(12800K)->12317K(12800K) Class: 1950K(2240K)->1950K(2240K)
[169.141s][info][gc             ] GC(666) Pause Young (Allocation Failure) 427M->11M(1773M) 2.902ms
[169.141s][info][gc,cpu         ] GC(666) User=0.00s Sys=0.00s Real=0.00s
[169.465s][info][gc,start       ] GC(667) Pause Young (Allocation Failure)
[169.468s][info][gc,heap        ] GC(667) PSYoungGen: 417792K(417792K)->1056K(409088K) Eden: 416768K(416768K)->0K(407552K) From: 1024K(1024K)->1056K(1536K)
[169.468s][info][gc,heap        ] GC(667) ParOldGen: 10485K(1398272K)->10621K(1398272K)
[169.468s][info][gc,metaspace   ] GC(667) Metaspace: 14267K(15040K)->14267K(15040K) NonClass: 12317K(12800K)->12317K(12800K) Class: 1950K(2240K)->1950K(2240K)
[169.468s][info][gc             ] GC(667) Pause Young (Allocation Failure) 418M->11M(1765M) 3.011ms
[169.468s][info][gc,cpu         ] GC(667) User=0.00s Sys=0.00s Real=0.00s
[169.785s][info][gc,start       ] GC(668) Pause Young (Allocation Failure)
[169.788s][info][gc,heap        ] GC(668) PSYoungGen: 408608K(409088K)->1024K(399872K) Eden: 407552K(407552K)->0K(398848K) From: 1056K(1536K)->1024K(1024K)
[169.788s][info][gc,heap        ] GC(668) ParOldGen: 10621K(1398272K)->10737K(1398272K)
[169.788s][info][gc,metaspace   ] GC(668) Metaspace: 14267K(15040K)->14267K(15040K) NonClass: 12317K(12800K)->12317K(12800K) Class: 1950K(2240K)->1950K(2240K)
[169.788s][info][gc             ] GC(668) Pause Young (Allocation Failure) 409M->11M(1756M) 2.940ms
[169.788s][info][gc,cpu         ] GC(668) User=0.00s Sys=0.00s Real=0.00s
[170.098s][info][gc,start       ] GC(669) Pause Young (Allocation Failure)
[170.100s][info][gc,heap        ] GC(669) PSYoungGen: 399872K(399872K)->1024K(391680K) Eden: 398848K(398848K)->0K(390656K) From: 1024K(1024K)->1024K(1024K)
[170.101s][info][gc,heap        ] GC(669) ParOldGen: 10737K(1398272K)->10889K(1398272K)
[170.101s][info][gc,metaspace   ] GC(669) Metaspace: 14267K(15040K)->14267K(15040K) NonClass: 12317K(12800K)->12317K(12800K) Class: 1950K(2240K)->1950K(2240K)
[170.101s][info][gc             ] GC(669) Pause Young (Allocation Failure) 400M->11M(1748M) 3.060ms
[170.101s][info][gc,cpu         ] GC(669) User=0.00s Sys=0.00s Real=0.00s
[170.397s][info][gc,start       ] GC(670) Pause Young (Allocation Failure)
[170.400s][info][gc,heap        ] GC(670) PSYoungGen: 391680K(391680K)->1024K(383488K) Eden: 390656K(390656K)->0K(382464K) From: 1024K(1024K)->1024K(1024K)
[170.400s][info][gc,heap        ] GC(670) ParOldGen: 10889K(1398272K)->11017K(1398272K)
[170.400s][info][gc,metaspace   ] GC(670) Metaspace: 14267K(15040K)->14267K(15040K) NonClass: 12317K(12800K)->12317K(12800K) Class: 1950K(2240K)->1950K(2240K)
[170.400s][info][gc             ] GC(670) Pause Young (Allocation Failure) 393M->11M(1740M) 3.109ms
[170.400s][info][gc,cpu         ] GC(670) User=0.00s Sys=0.00s Real=0.00s
[170.697s][info][gc,start       ] GC(671) Pause Young (Allocation Failure)
[170.705s][info][gc,heap        ] GC(671) PSYoungGen: 383488K(383488K)->1024K(375808K) Eden: 382464K(382464K)->0K(374784K) From: 1024K(1024K)->1024K(1024K)
[170.705s][info][gc,heap        ] GC(671) ParOldGen: 11017K(1398272K)->11153K(1398272K)
[170.705s][info][gc,metaspace   ] GC(671) Metaspace: 14267K(15040K)->14267K(15040K) NonClass: 12317K(12800K)->12317K(12800K) Class: 1950K(2240K)->1950K(2240K)
[170.705s][info][gc             ] GC(671) Pause Young (Allocation Failure) 385M->11M(1732M) 7.924ms
[170.705s][info][gc,cpu         ] GC(671) User=0.00s Sys=0.00s Real=0.01s
[170.997s][info][gc,start       ] GC(672) Pause Young (Allocation Failure)
[171.000s][info][gc,heap        ] GC(672) PSYoungGen: 375807K(375808K)->992K(368128K) Eden: 374783K(374784K)->0K(367104K) From: 1024K(1024K)->992K(1024K)
[171.000s][info][gc,heap        ] GC(672) ParOldGen: 11153K(1398272K)->11289K(1398272K)
[171.000s][info][gc,metaspace   ] GC(672) Metaspace: 14267K(15040K)->14267K(15040K) NonClass: 12317K(12800K)->12317K(12800K) Class: 1950K(2240K)->1950K(2240K)
[171.000s][info][gc             ] GC(672) Pause Young (Allocation Failure) 377M->11M(1725M) 3.212ms
[171.000s][info][gc,cpu         ] GC(672) User=0.00s Sys=0.00s Real=0.00s
[171.273s][info][gc,start       ] GC(673) Pause Young (Allocation Failure)
[171.276s][info][gc,heap        ] GC(673) PSYoungGen: 368096K(368128K)->992K(360960K) Eden: 367104K(367104K)->0K(359936K) From: 992K(1024K)->992K(1024K)
[171.276s][info][gc,heap        ] GC(673) ParOldGen: 11289K(1398272K)->11385K(1398272K)
[171.276s][info][gc,metaspace   ] GC(673) Metaspace: 14267K(15040K)->14267K(15040K) NonClass: 12317K(12800K)->12317K(12800K) Class: 1950K(2240K)->1950K(2240K)
[171.276s][info][gc             ] GC(673) Pause Young (Allocation Failure) 370M->12M(1718M) 3.279ms
[171.276s][info][gc,cpu         ] GC(673) User=0.02s Sys=0.00s Real=0.00s
[171.564s][info][gc,start       ] GC(674) Pause Young (Allocation Failure)
[171.568s][info][gc,heap        ] GC(674) PSYoungGen: 360928K(360960K)->992K(433152K) Eden: 359936K(359936K)->0K(432128K) From: 992K(1024K)->992K(1024K)
[171.568s][info][gc,heap        ] GC(674) ParOldGen: 11385K(1398272K)->11521K(1398272K)
[171.568s][info][gc,metaspace   ] GC(674) Metaspace: 14267K(15040K)->14267K(15040K) NonClass: 12317K(12800K)->12317K(12800K) Class: 1950K(2240K)->1950K(2240K)
[171.568s][info][gc             ] GC(674) Pause Young (Allocation Failure) 363M->12M(1788M) 4.047ms
[171.568s][info][gc,cpu         ] GC(674) User=0.00s Sys=0.00s Real=0.00s
[171.853s][info][gc,start       ] GC(675) Pause Young (Allocation Failure)
[171.856s][info][gc,heap        ] GC(675) PSYoungGen: 433120K(433152K)->992K(514048K) Eden: 432128K(432128K)->0K(512512K) From: 992K(1024K)->992K(1536K)
[171.856s][info][gc,heap        ] GC(675) ParOldGen: 11521K(1398272K)->11641K(1398272K)
[171.856s][info][gc,metaspace   ] GC(675) Metaspace: 14267K(15040K)->14267K(15040K) NonClass: 12317K(12800K)->12317K(12800K) Class: 1950K(2240K)->1950K(2240K)
[171.856s][info][gc             ] GC(675) Pause Young (Allocation Failure) 434M->12M(1867M) 3.266ms
[171.856s][info][gc,cpu         ] GC(675) User=0.00s Sys=0.00s Real=0.00s
[172.206s][info][gc,start       ] GC(676) Pause Young (System.gc())
[172.209s][info][gc,heap        ] GC(676) PSYoungGen: 387970K(514048K)->320K(520192K) Eden: 386978K(512512K)->0K(518656K) From: 992K(1536K)->320K(1536K)
[172.209s][info][gc,heap        ] GC(676) ParOldGen: 11641K(1398272K)->11713K(1398272K)
[172.209s][info][gc,metaspace   ] GC(676) Metaspace: 14269K(15040K)->14269K(15040K) NonClass: 12319K(12800K)->12319K(12800K) Class: 1950K(2240K)->1950K(2240K)
[172.209s][info][gc             ] GC(676) Pause Young (System.gc()) 390M->11M(1873M) 2.490ms
[172.209s][info][gc,cpu         ] GC(676) User=0.00s Sys=0.00s Real=0.00s
[172.209s][info][gc,start       ] GC(677) Pause Full (System.gc())
[172.209s][info][gc,phases,start] GC(677) Marking Phase
[172.222s][info][gc,phases      ] GC(677) Marking Phase 13.516ms
[172.222s][info][gc,phases,start] GC(677) Summary Phase
[172.222s][info][gc,phases      ] GC(677) Summary Phase 0.013ms
[172.222s][info][gc,phases,start] GC(677) Adjust Roots
[172.228s][info][gc,phases      ] GC(677) Adjust Roots 5.720ms
[172.228s][info][gc,phases,start] GC(677) Compaction Phase
[172.230s][info][gc,phases      ] GC(677) Compaction Phase 1.963ms
[172.230s][info][gc,phases,start] GC(677) Post Compact
[172.231s][info][gc,phases      ] GC(677) Post Compact 0.460ms
[172.231s][info][gc,heap        ] GC(677) PSYoungGen: 320K(520192K)->0K(520192K) Eden: 0K(518656K)->0K(518656K) From: 320K(1536K)->0K(1536K)
[172.231s][info][gc,heap        ] GC(677) ParOldGen: 11713K(1398272K)->5366K(1398272K)
[172.231s][info][gc,metaspace   ] GC(677) Metaspace: 14269K(15040K)->14269K(15040K) NonClass: 12319K(12800K)->12319K(12800K) Class: 1950K(2240K)->1950K(2240K)
[172.231s][info][gc             ] GC(677) Pause Full (System.gc()) 11M->5M(1873M) 21.825ms
[172.231s][info][gc,cpu         ] GC(677) User=0.02s Sys=0.00s Real=0.02s
[172.670s][info][gc,start       ] GC(678) Pause Young (Allocation Failure)
[172.673s][info][gc,heap        ] GC(678) PSYoungGen: 518656K(520192K)->1536K(507392K) Eden: 518656K(518656K)->0K(505856K) From: 0K(1536K)->1536K(1536K)
[172.673s][info][gc,heap        ] GC(678) ParOldGen: 5366K(1398272K)->5733K(1398272K)
[172.674s][info][gc,metaspace   ] GC(678) Metaspace: 14276K(15040K)->14276K(15040K) NonClass: 12326K(12800K)->12326K(12800K) Class: 1950K(2240K)->1950K(2240K)
[172.674s][info][gc             ] GC(678) Pause Young (Allocation Failure) 511M->7M(1861M) 3.869ms
[172.674s][info][gc,cpu         ] GC(678) User=0.00s Sys=0.00s Real=0.00s
[173.011s][info][gc,start       ] GC(679) Pause Young (Allocation Failure)
[173.014s][info][gc,heap        ] GC(679) PSYoungGen: 507392K(507392K)->512K(494080K) Eden: 505856K(505856K)->0K(493568K) From: 1536K(1536K)->512K(512K)
[173.014s][info][gc,heap        ] GC(679) ParOldGen: 5733K(1398272K)->7150K(1398272K)
[173.014s][info][gc,metaspace   ] GC(679) Metaspace: 14276K(15040K)->14276K(15040K) NonClass: 12326K(12800K)->12326K(12800K) Class: 1950K(2240K)->1950K(2240K)
[173.014s][info][gc             ] GC(679) Pause Young (Allocation Failure) 501M->7M(1848M) 3.075ms
[173.014s][info][gc,cpu         ] GC(679) User=0.00s Sys=0.00s Real=0.00s
[173.380s][info][gc,start       ] GC(680) Pause Young (Allocation Failure)
[173.383s][info][gc,heap        ] GC(680) PSYoungGen: 494080K(494080K)->1024K(483840K) Eden: 493568K(493568K)->0K(481792K) From: 512K(512K)->1024K(2048K)
[173.383s][info][gc,heap        ] GC(680) ParOldGen: 7150K(1398272K)->7174K(1398272K)
[173.383s][info][gc,metaspace   ] GC(680) Metaspace: 14276K(15040K)->14276K(15040K) NonClass: 12326K(12800K)->12326K(12800K) Class: 1950K(2240K)->1950K(2240K)
[173.383s][info][gc             ] GC(680) Pause Young (Allocation Failure) 489M->8M(1838M) 3.123ms
[173.383s][info][gc,cpu         ] GC(680) User=0.00s Sys=0.00s Real=0.00s
[173.740s][info][gc,start       ] GC(681) Pause Young (Allocation Failure)
[173.743s][info][gc,heap        ] GC(681) PSYoungGen: 482816K(483840K)->1024K(471552K) Eden: 481792K(481792K)->0K(470528K) From: 1024K(2048K)->1024K(1024K)
[173.744s][info][gc,heap        ] GC(681) ParOldGen: 7174K(1398272K)->7334K(1398272K)
[173.744s][info][gc,metaspace   ] GC(681) Metaspace: 14276K(15040K)->14276K(15040K) NonClass: 12326K(12800K)->12326K(12800K) Class: 1950K(2240K)->1950K(2240K)
[173.744s][info][gc             ] GC(681) Pause Young (Allocation Failure) 478M->8M(1826M) 3.294ms
[173.744s][info][gc,cpu         ] GC(681) User=0.00s Sys=0.00s Real=0.00s
[174.095s][info][gc,start       ] GC(682) Pause Young (Allocation Failure)
[174.098s][info][gc,heap        ] GC(682) PSYoungGen: 471552K(471552K)->1024K(460800K) Eden: 470528K(470528K)->0K(459776K) From: 1024K(1024K)->1024K(1024K)
[174.098s][info][gc,heap        ] GC(682) ParOldGen: 7334K(1398272K)->7478K(1398272K)
[174.098s][info][gc,metaspace   ] GC(682) Metaspace: 14276K(15040K)->14276K(15040K) NonClass: 12326K(12800K)->12326K(12800K) Class: 1950K(2240K)->1950K(2240K)
[174.098s][info][gc             ] GC(682) Pause Young (Allocation Failure) 467M->8M(1815M) 3.309ms
[174.098s][info][gc,cpu         ] GC(682) User=0.00s Sys=0.00s Real=0.00s
[174.441s][info][gc,start       ] GC(683) Pause Young (Allocation Failure)
[174.444s][info][gc,heap        ] GC(683) PSYoungGen: 460800K(460800K)->1024K(450560K) Eden: 459776K(459776K)->0K(449536K) From: 1024K(1024K)->1024K(1024K)
[174.444s][info][gc,heap        ] GC(683) ParOldGen: 7478K(1398272K)->7582K(1398272K)
[174.444s][info][gc,metaspace   ] GC(683) Metaspace: 14276K(15040K)->14276K(15040K) NonClass: 12326K(12800K)->12326K(12800K) Class: 1950K(2240K)->1950K(2240K)
[174.444s][info][gc             ] GC(683) Pause Young (Allocation Failure) 457M->8M(1805M) 3.294ms
[174.444s][info][gc,cpu         ] GC(683) User=0.00s Sys=0.00s Real=0.00s
[174.795s][info][gc,start       ] GC(684) Pause Young (Allocation Failure)
[174.798s][info][gc,heap        ] GC(684) PSYoungGen: 450560K(450560K)->1024K(440320K) Eden: 449536K(449536K)->0K(439296K) From: 1024K(1024K)->1024K(1024K)
[174.798s][info][gc,heap        ] GC(684) ParOldGen: 7582K(1398272K)->7750K(1398272K)
[174.798s][info][gc,metaspace   ] GC(684) Metaspace: 14276K(15040K)->14276K(15040K) NonClass: 12326K(12800K)->12326K(12800K) Class: 1950K(2240K)->1950K(2240K)
[174.798s][info][gc             ] GC(684) Pause Young (Allocation Failure) 447M->8M(1795M) 2.989ms
[174.798s][info][gc,cpu         ] GC(684) User=0.00s Sys=0.00s Real=0.00s
[175.150s][info][gc,start       ] GC(685) Pause Young (Allocation Failure)
[175.153s][info][gc,heap        ] GC(685) PSYoungGen: 440320K(440320K)->1024K(430592K) Eden: 439296K(439296K)->0K(429568K) From: 1024K(1024K)->1024K(1024K)
[175.153s][info][gc,heap        ] GC(685) ParOldGen: 7750K(1398272K)->7870K(1398272K)
[175.153s][info][gc,metaspace   ] GC(685) Metaspace: 14276K(15040K)->14276K(15040K) NonClass: 12326K(12800K)->12326K(12800K) Class: 1950K(2240K)->1950K(2240K)
[175.153s][info][gc             ] GC(685) Pause Young (Allocation Failure) 437M->8M(1786M) 2.917ms
[175.153s][info][gc,cpu         ] GC(685) User=0.00s Sys=0.00s Real=0.00s
[175.473s][info][gc,start       ] GC(686) Pause Young (Allocation Failure)
[175.476s][info][gc,heap        ] GC(686) PSYoungGen: 430592K(430592K)->1024K(422400K) Eden: 429568K(429568K)->0K(420352K) From: 1024K(1024K)->1024K(2048K)
[175.476s][info][gc,heap        ] GC(686) ParOldGen: 7870K(1398272K)->8014K(1398272K)
[175.476s][info][gc,metaspace   ] GC(686) Metaspace: 14276K(15040K)->14276K(15040K) NonClass: 12326K(12800K)->12326K(12800K) Class: 1950K(2240K)->1950K(2240K)
[175.476s][info][gc             ] GC(686) Pause Young (Allocation Failure) 428M->8M(1778M) 2.925ms
[175.476s][info][gc,cpu         ] GC(686) User=0.00s Sys=0.00s Real=0.00s
[175.786s][info][gc,start       ] GC(687) Pause Young (Allocation Failure)
[175.789s][info][gc,heap        ] GC(687) PSYoungGen: 421376K(422400K)->1024K(412160K) Eden: 420352K(420352K)->0K(411136K) From: 1024K(2048K)->1024K(1024K)
[175.789s][info][gc,heap        ] GC(687) ParOldGen: 8014K(1398272K)->8134K(1398272K)
[175.789s][info][gc,metaspace   ] GC(687) Metaspace: 14276K(15040K)->14276K(15040K) NonClass: 12326K(12800K)->12326K(12800K) Class: 1950K(2240K)->1950K(2240K)
[175.789s][info][gc             ] GC(687) Pause Young (Allocation Failure) 419M->8M(1768M) 2.918ms
[175.789s][info][gc,cpu         ] GC(687) User=0.00s Sys=0.02s Real=0.00s
[176.095s][info][gc,start       ] GC(688) Pause Young (Allocation Failure)
[176.098s][info][gc,heap        ] GC(688) PSYoungGen: 412160K(412160K)->1024K(403456K) Eden: 411136K(411136K)->0K(402432K) From: 1024K(1024K)->1024K(1024K)
[176.098s][info][gc,heap        ] GC(688) ParOldGen: 8134K(1398272K)->8246K(1398272K)
[176.098s][info][gc,metaspace   ] GC(688) Metaspace: 14276K(15040K)->14276K(15040K) NonClass: 12326K(12800K)->12326K(12800K) Class: 1950K(2240K)->1950K(2240K)
[176.098s][info][gc             ] GC(688) Pause Young (Allocation Failure) 410M->9M(1759M) 3.034ms
[176.098s][info][gc,cpu         ] GC(688) User=0.00s Sys=0.00s Real=0.00s
[176.399s][info][gc,start       ] GC(689) Pause Young (Allocation Failure)
[176.402s][info][gc,heap        ] GC(689) PSYoungGen: 403456K(403456K)->1024K(394752K) Eden: 402432K(402432K)->0K(393728K) From: 1024K(1024K)->1024K(1024K)
[176.402s][info][gc,heap        ] GC(689) ParOldGen: 8246K(1398272K)->8374K(1398272K)
[176.402s][info][gc,metaspace   ] GC(689) Metaspace: 14276K(15040K)->14276K(15040K) NonClass: 12326K(12800K)->12326K(12800K) Class: 1950K(2240K)->1950K(2240K)
[176.402s][info][gc             ] GC(689) Pause Young (Allocation Failure) 402M->9M(1751M) 3.059ms
[176.402s][info][gc,cpu         ] GC(689) User=0.00s Sys=0.00s Real=0.00s
[176.695s][info][gc,start       ] GC(690) Pause Young (Allocation Failure)
[176.698s][info][gc,heap        ] GC(690) PSYoungGen: 394752K(394752K)->992K(386560K) Eden: 393728K(393728K)->0K(385536K) From: 1024K(1024K)->992K(1024K)
[176.698s][info][gc,heap        ] GC(690) ParOldGen: 8374K(1398272K)->8526K(1398272K)
[176.698s][info][gc,metaspace   ] GC(690) Metaspace: 14276K(15040K)->14276K(15040K) NonClass: 12326K(12800K)->12326K(12800K) Class: 1950K(2240K)->1950K(2240K)
[176.698s][info][gc             ] GC(690) Pause Young (Allocation Failure) 393M->9M(1743M) 3.129ms
[176.698s][info][gc,cpu         ] GC(690) User=0.39s Sys=0.03s Real=0.00s
[176.985s][info][gc,start       ] GC(691) Pause Young (Allocation Failure)
[176.988s][info][gc,heap        ] GC(691) PSYoungGen: 386528K(386560K)->1024K(378880K) Eden: 385536K(385536K)->0K(377856K) From: 992K(1024K)->1024K(1024K)
[176.988s][info][gc,heap        ] GC(691) ParOldGen: 8526K(1398272K)->8622K(1398272K)
[176.988s][info][gc,metaspace   ] GC(691) Metaspace: 14276K(15040K)->14276K(15040K) NonClass: 12326K(12800K)->12326K(12800K) Class: 1950K(2240K)->1950K(2240K)
[176.988s][info][gc             ] GC(691) Pause Young (Allocation Failure) 385M->9M(1735M) 3.173ms
[176.988s][info][gc,cpu         ] GC(691) User=0.00s Sys=0.00s Real=0.00s
[177.268s][info][gc,start       ] GC(692) Pause Young (Allocation Failure)
[177.271s][info][gc,heap        ] GC(692) PSYoungGen: 378880K(378880K)->992K(371200K) Eden: 377856K(377856K)->0K(370176K) From: 1024K(1024K)->992K(1024K)
[177.271s][info][gc,heap        ] GC(692) ParOldGen: 8622K(1398272K)->8710K(1398272K)
[177.271s][info][gc,metaspace   ] GC(692) Metaspace: 14276K(15040K)->14276K(15040K) NonClass: 12326K(12800K)->12326K(12800K) Class: 1950K(2240K)->1950K(2240K)
[177.271s][info][gc             ] GC(692) Pause Young (Allocation Failure) 378M->9M(1728M) 3.214ms
[177.271s][info][gc,cpu         ] GC(692) User=0.00s Sys=0.00s Real=0.00s
[177.557s][info][gc,start       ] GC(693) Pause Young (Allocation Failure)
[177.560s][info][gc,heap        ] GC(693) PSYoungGen: 371168K(371200K)->1056K(364544K) Eden: 370176K(370176K)->0K(363008K) From: 992K(1024K)->1056K(1536K)
[177.560s][info][gc,heap        ] GC(693) ParOldGen: 8710K(1398272K)->8830K(1398272K)
[177.560s][info][gc,metaspace   ] GC(693) Metaspace: 14276K(15040K)->14276K(15040K) NonClass: 12326K(12800K)->12326K(12800K) Class: 1950K(2240K)->1950K(2240K)
[177.560s][info][gc             ] GC(693) Pause Young (Allocation Failure) 370M->9M(1721M) 2.915ms
[177.560s][info][gc,cpu         ] GC(693) User=0.00s Sys=0.00s Real=0.00s
[177.835s][info][gc,start       ] GC(694) Pause Young (Allocation Failure)
[177.838s][info][gc,heap        ] GC(694) PSYoungGen: 364064K(364544K)->1024K(356864K) Eden: 363008K(363008K)->0K(355840K) From: 1056K(1536K)->1024K(1024K)
[177.838s][info][gc,heap        ] GC(694) ParOldGen: 8830K(1398272K)->8942K(1398272K)
[177.838s][info][gc,metaspace   ] GC(694) Metaspace: 14276K(15040K)->14276K(15040K) NonClass: 12326K(12800K)->12326K(12800K) Class: 1950K(2240K)->1950K(2240K)
[177.838s][info][gc             ] GC(694) Pause Young (Allocation Failure) 364M->9M(1714M) 3.093ms
[177.838s][info][gc,cpu         ] GC(694) User=0.52s Sys=0.00s Real=0.00s
[178.125s][info][gc,start       ] GC(695) Pause Young (Allocation Failure)
[178.127s][info][gc,heap        ] GC(695) PSYoungGen: 356864K(356864K)->1024K(349696K) Eden: 355840K(355840K)->0K(348672K) From: 1024K(1024K)->1024K(1024K)
[178.127s][info][gc,heap        ] GC(695) ParOldGen: 8942K(1398272K)->9054K(1398272K)
[178.127s][info][gc,metaspace   ] GC(695) Metaspace: 14276K(15040K)->14276K(15040K) NonClass: 12326K(12800K)->12326K(12800K) Class: 1950K(2240K)->1950K(2240K)
[178.127s][info][gc             ] GC(695) Pause Young (Allocation Failure) 357M->9M(1707M) 2.685ms
[178.127s][info][gc,cpu         ] GC(695) User=0.00s Sys=0.00s Real=0.00s
[178.386s][info][gc,start       ] GC(696) Pause Young (Allocation Failure)
[178.389s][info][gc,heap        ] GC(696) PSYoungGen: 349696K(349696K)->960K(343040K) Eden: 348672K(348672K)->0K(342016K) From: 1024K(1024K)->960K(1024K)
[178.389s][info][gc,heap        ] GC(696) ParOldGen: 9054K(1398272K)->9190K(1398272K)
[178.389s][info][gc,metaspace   ] GC(696) Metaspace: 14276K(15040K)->14276K(15040K) NonClass: 12326K(12800K)->12326K(12800K) Class: 1950K(2240K)->1950K(2240K)
[178.389s][info][gc             ] GC(696) Pause Young (Allocation Failure) 350M->9M(1700M) 2.818ms
[178.389s][info][gc,cpu         ] GC(696) User=0.00s Sys=0.00s Real=0.00s
[178.644s][info][gc,start       ] GC(697) Pause Young (Allocation Failure)
[178.646s][info][gc,heap        ] GC(697) PSYoungGen: 342976K(343040K)->1024K(336384K) Eden: 342016K(342016K)->0K(335360K) From: 960K(1024K)->1024K(1024K)
[178.646s][info][gc,heap        ] GC(697) ParOldGen: 9190K(1398272K)->9286K(1398272K)
[178.646s][info][gc,metaspace   ] GC(697) Metaspace: 14276K(15040K)->14276K(15040K) NonClass: 12326K(12800K)->12326K(12800K) Class: 1950K(2240K)->1950K(2240K)
[178.646s][info][gc             ] GC(697) Pause Young (Allocation Failure) 343M->10M(1694M) 2.795ms
[178.646s][info][gc,cpu         ] GC(697) User=0.00s Sys=0.00s Real=0.00s
[178.896s][info][gc,start       ] GC(698) Pause Young (Allocation Failure)
[178.899s][info][gc,heap        ] GC(698) PSYoungGen: 336384K(336384K)->1024K(330240K) Eden: 335360K(335360K)->0K(329216K) From: 1024K(1024K)->1024K(1024K)
[178.899s][info][gc,heap        ] GC(698) ParOldGen: 9286K(1398272K)->9374K(1398272K)
[178.899s][info][gc,metaspace   ] GC(698) Metaspace: 14276K(15040K)->14276K(15040K) NonClass: 12326K(12800K)->12326K(12800K) Class: 1950K(2240K)->1950K(2240K)
[178.899s][info][gc             ] GC(698) Pause Young (Allocation Failure) 337M->10M(1688M) 2.843ms
[178.899s][info][gc,cpu         ] GC(698) User=0.52s Sys=0.00s Real=0.00s
[179.145s][info][gc,start       ] GC(699) Pause Young (Allocation Failure)
[179.147s][info][gc,heap        ] GC(699) PSYoungGen: 330240K(330240K)->1024K(396288K) Eden: 329216K(329216K)->0K(395264K) From: 1024K(1024K)->1024K(1024K)
[179.147s][info][gc,heap        ] GC(699) ParOldGen: 9374K(1398272K)->9502K(1398272K)
[179.147s][info][gc,metaspace   ] GC(699) Metaspace: 14276K(15040K)->14276K(15040K) NonClass: 12326K(12800K)->12326K(12800K) Class: 1950K(2240K)->1950K(2240K)
[179.147s][info][gc             ] GC(699) Pause Young (Allocation Failure) 331M->10M(1752M) 2.970ms
[179.148s][info][gc,cpu         ] GC(699) User=0.00s Sys=0.00s Real=0.00s
[179.441s][info][gc,start       ] GC(700) Pause Young (Allocation Failure)
[179.444s][info][gc,heap        ] GC(700) PSYoungGen: 396288K(396288K)->1024K(388096K) Eden: 395264K(395264K)->0K(387072K) From: 1024K(1024K)->1024K(1024K)
[179.444s][info][gc,heap        ] GC(700) ParOldGen: 9502K(1398272K)->9606K(1398272K)
[179.444s][info][gc,metaspace   ] GC(700) Metaspace: 14276K(15040K)->14276K(15040K) NonClass: 12326K(12800K)->12326K(12800K) Class: 1950K(2240K)->1950K(2240K)
[179.444s][info][gc             ] GC(700) Pause Young (Allocation Failure) 396M->10M(1744M) 3.075ms
[179.444s][info][gc,cpu         ] GC(700) User=0.00s Sys=0.00s Real=0.00s
[179.731s][info][gc,start       ] GC(701) Pause Young (Allocation Failure)
[179.734s][info][gc,heap        ] GC(701) PSYoungGen: 388096K(388096K)->1024K(379904K) Eden: 387072K(387072K)->0K(378880K) From: 1024K(1024K)->1024K(1024K)
[179.734s][info][gc,heap        ] GC(701) ParOldGen: 9606K(1398272K)->9718K(1398272K)
[179.734s][info][gc,metaspace   ] GC(701) Metaspace: 14276K(15040K)->14276K(15040K) NonClass: 12326K(12800K)->12326K(12800K) Class: 1950K(2240K)->1950K(2240K)
[179.734s][info][gc             ] GC(701) Pause Young (Allocation Failure) 388M->10M(1736M) 3.138ms
[179.734s][info][gc,cpu         ] GC(701) User=0.00s Sys=0.00s Real=0.00s
[180.014s][info][gc,start       ] GC(702) Pause Young (Allocation Failure)
[180.017s][info][gc,heap        ] GC(702) PSYoungGen: 379904K(379904K)->992K(455680K) Eden: 378880K(378880K)->0K(454656K) From: 1024K(1024K)->992K(1024K)
[180.017s][info][gc,heap        ] GC(702) ParOldGen: 9718K(1398272K)->9814K(1398272K)
[180.017s][info][gc,metaspace   ] GC(702) Metaspace: 14276K(15040K)->14276K(15040K) NonClass: 12326K(12800K)->12326K(12800K) Class: 1950K(2240K)->1950K(2240K)
[180.017s][info][gc             ] GC(702) Pause Young (Allocation Failure) 380M->10M(1810M) 3.162ms
[180.017s][info][gc,cpu         ] GC(702) User=0.00s Sys=0.00s Real=0.00s
[180.356s][info][gc,start       ] GC(703) Pause Young (Allocation Failure)
[180.359s][info][gc,heap        ] GC(703) PSYoungGen: 455648K(455680K)->992K(445440K) Eden: 454656K(454656K)->0K(444416K) From: 992K(1024K)->992K(1024K)
[180.359s][info][gc,heap        ] GC(703) ParOldGen: 9814K(1398272K)->9902K(1398272K)
[180.359s][info][gc,metaspace   ] GC(703) Metaspace: 14276K(15040K)->14276K(15040K) NonClass: 12326K(12800K)->12326K(12800K) Class: 1950K(2240K)->1950K(2240K)
[180.359s][info][gc             ] GC(703) Pause Young (Allocation Failure) 454M->10M(1800M) 3.292ms
[180.359s][info][gc,cpu         ] GC(703) User=0.00s Sys=0.00s Real=0.00s
[180.690s][info][gc,start       ] GC(704) Pause Young (Allocation Failure)
[180.693s][info][gc,heap        ] GC(704) PSYoungGen: 445408K(445440K)->1024K(435712K) Eden: 444416K(444416K)->0K(434688K) From: 992K(1024K)->1024K(1024K)
[180.693s][info][gc,heap        ] GC(704) ParOldGen: 9902K(1398272K)->10030K(1398272K)
[180.693s][info][gc,metaspace   ] GC(704) Metaspace: 14276K(15040K)->14276K(15040K) NonClass: 12326K(12800K)->12326K(12800K) Class: 1950K(2240K)->1950K(2240K)
[180.693s][info][gc             ] GC(704) Pause Young (Allocation Failure) 444M->10M(1791M) 3.358ms
[180.693s][info][gc,cpu         ] GC(704) User=0.00s Sys=0.00s Real=0.00s
[181.106s][info][gc,start       ] GC(705) Pause Young (Allocation Failure)
[181.110s][info][gc,heap        ] GC(705) PSYoungGen: 435712K(435712K)->1024K(425984K) Eden: 434688K(434688K)->0K(424960K) From: 1024K(1024K)->1024K(1024K)
[181.110s][info][gc,heap        ] GC(705) ParOldGen: 10030K(1398272K)->10142K(1398272K)
[181.110s][info][gc,metaspace   ] GC(705) Metaspace: 14276K(15040K)->14276K(15040K) NonClass: 12326K(12800K)->12326K(12800K) Class: 1950K(2240K)->1950K(2240K)
[181.110s][info][gc             ] GC(705) Pause Young (Allocation Failure) 435M->10M(1781M) 4.447ms
[181.110s][info][gc,cpu         ] GC(705) User=0.00s Sys=0.00s Real=0.00s
[181.447s][info][gc,start       ] GC(706) Pause Young (Allocation Failure)
[181.450s][info][gc,heap        ] GC(706) PSYoungGen: 425984K(425984K)->1024K(416768K) Eden: 424960K(424960K)->0K(415744K) From: 1024K(1024K)->1024K(1024K)
[181.450s][info][gc,heap        ] GC(706) ParOldGen: 10142K(1398272K)->10294K(1398272K)
[181.450s][info][gc,metaspace   ] GC(706) Metaspace: 14276K(15040K)->14276K(15040K) NonClass: 12326K(12800K)->12326K(12800K) Class: 1950K(2240K)->1950K(2240K)
[181.450s][info][gc             ] GC(706) Pause Young (Allocation Failure) 425M->11M(1772M) 3.149ms
[181.450s][info][gc,cpu         ] GC(706) User=0.00s Sys=0.00s Real=0.00s
[181.786s][info][gc,start       ] GC(707) Pause Young (Allocation Failure)
[181.788s][info][gc,heap        ] GC(707) PSYoungGen: 416768K(416768K)->992K(408064K) Eden: 415744K(415744K)->0K(407040K) From: 1024K(1024K)->992K(1024K)
[181.788s][info][gc,heap        ] GC(707) ParOldGen: 10294K(1398272K)->10430K(1398272K)
[181.788s][info][gc,metaspace   ] GC(707) Metaspace: 14276K(15040K)->14276K(15040K) NonClass: 12326K(12800K)->12326K(12800K) Class: 1950K(2240K)->1950K(2240K)
[181.788s][info][gc             ] GC(707) Pause Young (Allocation Failure) 417M->11M(1764M) 2.903ms
[181.788s][info][gc,cpu         ] GC(707) User=0.00s Sys=0.00s Real=0.00s
[182.088s][info][gc,start       ] GC(708) Pause Young (Allocation Failure)
[182.091s][info][gc,heap        ] GC(708) PSYoungGen: 408032K(408064K)->1024K(399360K) Eden: 407040K(407040K)->0K(398336K) From: 992K(1024K)->1024K(1024K)
[182.091s][info][gc,heap        ] GC(708) ParOldGen: 10430K(1398272K)->10574K(1398272K)
[182.091s][info][gc,metaspace   ] GC(708) Metaspace: 14276K(15040K)->14276K(15040K) NonClass: 12326K(12800K)->12326K(12800K) Class: 1950K(2240K)->1950K(2240K)
[182.091s][info][gc             ] GC(708) Pause Young (Allocation Failure) 408M->11M(1755M) 2.922ms
[182.091s][info][gc,cpu         ] GC(708) User=0.00s Sys=0.00s Real=0.00s
[182.386s][info][gc,start       ] GC(709) Pause Young (Allocation Failure)
[182.389s][info][gc,heap        ] GC(709) PSYoungGen: 399360K(399360K)->992K(391168K) Eden: 398336K(398336K)->0K(390144K) From: 1024K(1024K)->992K(1024K)
[182.389s][info][gc,heap        ] GC(709) ParOldGen: 10574K(1398272K)->10694K(1398272K)
[182.389s][info][gc,metaspace   ] GC(709) Metaspace: 14276K(15040K)->14276K(15040K) NonClass: 12326K(12800K)->12326K(12800K) Class: 1950K(2240K)->1950K(2240K)
[182.389s][info][gc             ] GC(709) Pause Young (Allocation Failure) 400M->11M(1747M) 2.971ms
[182.389s][info][gc,cpu         ] GC(709) User=0.00s Sys=0.00s Real=0.00s
[182.681s][info][gc,start       ] GC(710) Pause Young (Allocation Failure)
[182.684s][info][gc,heap        ] GC(710) PSYoungGen: 391136K(391168K)->960K(382976K) Eden: 390144K(390144K)->0K(381952K) From: 992K(1024K)->960K(1024K)
[182.684s][info][gc,heap        ] GC(710) ParOldGen: 10694K(1398272K)->10858K(1398272K)
[182.684s][info][gc,metaspace   ] GC(710) Metaspace: 14276K(15040K)->14276K(15040K) NonClass: 12326K(12800K)->12326K(12800K) Class: 1950K(2240K)->1950K(2240K)
[182.684s][info][gc             ] GC(710) Pause Young (Allocation Failure) 392M->11M(1739M) 3.107ms
[182.684s][info][gc,cpu         ] GC(710) User=0.00s Sys=0.00s Real=0.00s
[182.970s][info][gc,start       ] GC(711) Pause Young (Allocation Failure)
[182.974s][info][gc,heap        ] GC(711) PSYoungGen: 382912K(382976K)->992K(375296K) Eden: 381952K(381952K)->0K(374272K) From: 960K(1024K)->992K(1024K)
[182.974s][info][gc,heap        ] GC(711) ParOldGen: 10858K(1398272K)->10978K(1398272K)
[182.974s][info][gc,metaspace   ] GC(711) Metaspace: 14276K(15040K)->14276K(15040K) NonClass: 12326K(12800K)->12326K(12800K) Class: 1950K(2240K)->1950K(2240K)
[182.974s][info][gc             ] GC(711) Pause Young (Allocation Failure) 384M->11M(1732M) 3.124ms
[182.974s][info][gc,cpu         ] GC(711) User=0.00s Sys=0.00s Real=0.00s
[183.254s][info][gc,start       ] GC(712) Pause Young (Allocation Failure)
[183.257s][info][gc,heap        ] GC(712) PSYoungGen: 375264K(375296K)->992K(367616K) Eden: 374272K(374272K)->0K(366592K) From: 992K(1024K)->992K(1024K)
[183.257s][info][gc,heap        ] GC(712) ParOldGen: 10978K(1398272K)->11114K(1398272K)
[183.257s][info][gc,metaspace   ] GC(712) Metaspace: 14276K(15040K)->14276K(15040K) NonClass: 12326K(12800K)->12326K(12800K) Class: 1950K(2240K)->1950K(2240K)
[183.257s][info][gc             ] GC(712) Pause Young (Allocation Failure) 377M->11M(1724M) 3.162ms
[183.257s][info][gc,cpu         ] GC(712) User=0.00s Sys=0.00s Real=0.00s
[183.526s][info][gc,start       ] GC(713) Pause Young (Allocation Failure)
[183.529s][info][gc,heap        ] GC(713) PSYoungGen: 367584K(367616K)->1024K(360448K) Eden: 366592K(366592K)->0K(359424K) From: 992K(1024K)->1024K(1024K)
[183.529s][info][gc,heap        ] GC(713) ParOldGen: 11114K(1398272K)->11242K(1398272K)
[183.529s][info][gc,metaspace   ] GC(713) Metaspace: 14276K(15040K)->14276K(15040K) NonClass: 12326K(12800K)->12326K(12800K) Class: 1950K(2240K)->1950K(2240K)
[183.529s][info][gc             ] GC(713) Pause Young (Allocation Failure) 369M->11M(1717M) 3.211ms
[183.529s][info][gc,cpu         ] GC(713) User=0.00s Sys=0.00s Real=0.00s
[183.895s][info][gc,start       ] GC(714) Pause Young (Allocation Failure)
[183.899s][info][gc,heap        ] GC(714) PSYoungGen: 360448K(360448K)->960K(432640K) Eden: 359424K(359424K)->0K(431616K) From: 1024K(1024K)->960K(1024K)
[183.899s][info][gc,heap        ] GC(714) ParOldGen: 11242K(1398272K)->11346K(1398272K)
[183.900s][info][gc,metaspace   ] GC(714) Metaspace: 14276K(15040K)->14276K(15040K) NonClass: 12326K(12800K)->12326K(12800K) Class: 1950K(2240K)->1950K(2240K)
[183.900s][info][gc             ] GC(714) Pause Young (Allocation Failure) 362M->12M(1788M) 4.276ms
[183.900s][info][gc,cpu         ] GC(714) User=0.00s Sys=0.00s Real=0.00s
[184.237s][info][gc,start       ] GC(715) Pause Young (Allocation Failure)
[184.240s][info][gc,heap        ] GC(715) PSYoungGen: 432576K(432640K)->992K(422912K) Eden: 431616K(431616K)->0K(421888K) From: 960K(1024K)->992K(1024K)
[184.240s][info][gc,heap        ] GC(715) ParOldGen: 11346K(1398272K)->11466K(1398272K)
[184.240s][info][gc,metaspace   ] GC(715) Metaspace: 14276K(15040K)->14276K(15040K) NonClass: 12326K(12800K)->12326K(12800K) Class: 1950K(2240K)->1950K(2240K)
[184.240s][info][gc             ] GC(715) Pause Young (Allocation Failure) 433M->12M(1778M) 3.056ms
[184.240s][info][gc,cpu         ] GC(715) User=0.00s Sys=0.00s Real=0.00s
[184.552s][info][gc,start       ] GC(716) Pause Young (Allocation Failure)
[184.556s][info][gc,heap        ] GC(716) PSYoungGen: 422880K(422912K)->992K(413696K) Eden: 421888K(421888K)->0K(412672K) From: 992K(1024K)->992K(1024K)
[184.556s][info][gc,heap        ] GC(716) ParOldGen: 11466K(1398272K)->11602K(1398272K)
[184.556s][info][gc,metaspace   ] GC(716) Metaspace: 14276K(15040K)->14276K(15040K) NonClass: 12326K(12800K)->12326K(12800K) Class: 1950K(2240K)->1950K(2240K)
[184.556s][info][gc             ] GC(716) Pause Young (Allocation Failure) 424M->12M(1769M) 4.303ms
[184.556s][info][gc,cpu         ] GC(716) User=0.00s Sys=0.00s Real=0.00s
[184.779s][info][gc,start       ] GC(717) Pause Young (Allocation Failure)
[184.782s][info][gc,heap        ] GC(717) PSYoungGen: 413664K(413696K)->768K(496640K) Eden: 412672K(412672K)->0K(495616K) From: 992K(1024K)->768K(1024K)
[184.782s][info][gc,heap        ] GC(717) ParOldGen: 11602K(1398272K)->11698K(1398272K)
[184.782s][info][gc,metaspace   ] GC(717) Metaspace: 14276K(15040K)->14276K(15040K) NonClass: 12326K(12800K)->12326K(12800K) Class: 1950K(2240K)->1950K(2240K)
[184.782s][info][gc             ] GC(717) Pause Young (Allocation Failure) 415M->12M(1850M) 3.022ms
[184.782s][info][gc,cpu         ] GC(717) User=0.00s Sys=0.00s Real=0.00s
[184.995s][info][gc,start       ] GC(718) Pause Young (System.gc())
[184.997s][info][gc,heap        ] GC(718) PSYoungGen: 340326K(496640K)->416K(496128K) Eden: 339558K(495616K)->0K(495616K) From: 768K(1024K)->416K(512K)
[184.997s][info][gc,heap        ] GC(718) ParOldGen: 11698K(1398272K)->11770K(1398272K)
[184.997s][info][gc,metaspace   ] GC(718) Metaspace: 14276K(15040K)->14276K(15040K) NonClass: 12326K(12800K)->12326K(12800K) Class: 1950K(2240K)->1950K(2240K)
[184.997s][info][gc             ] GC(718) Pause Young (System.gc()) 343M->11M(1850M) 2.486ms
[184.997s][info][gc,cpu         ] GC(718) User=0.00s Sys=0.00s Real=0.00s
[184.997s][info][gc,start       ] GC(719) Pause Full (System.gc())
[184.997s][info][gc,phases,start] GC(719) Marking Phase
[185.013s][info][gc,phases      ] GC(719) Marking Phase 15.906ms
[185.013s][info][gc,phases,start] GC(719) Summary Phase
[185.013s][info][gc,phases      ] GC(719) Summary Phase 0.024ms
[185.013s][info][gc,phases,start] GC(719) Adjust Roots
[185.018s][info][gc,phases      ] GC(719) Adjust Roots 4.382ms
[185.018s][info][gc,phases,start] GC(719) Compaction Phase
[185.020s][info][gc,phases      ] GC(719) Compaction Phase 1.841ms
[185.020s][info][gc,phases,start] GC(719) Post Compact
[185.020s][info][gc,phases      ] GC(719) Post Compact 0.597ms
[185.020s][info][gc,heap        ] GC(719) PSYoungGen: 416K(496128K)->0K(496128K) Eden: 0K(495616K)->0K(495616K) From: 416K(512K)->0K(512K)
[185.020s][info][gc,heap        ] GC(719) ParOldGen: 11770K(1398272K)->5366K(1398272K)
[185.020s][info][gc,metaspace   ] GC(719) Metaspace: 14276K(15040K)->14276K(15040K) NonClass: 12326K(12800K)->12326K(12800K) Class: 1950K(2240K)->1950K(2240K)
[185.020s][info][gc             ] GC(719) Pause Full (System.gc()) 11M->5M(1850M) 23.020ms
[185.020s][info][gc,cpu         ] GC(719) User=0.02s Sys=0.00s Real=0.01s
[185.450s][info][gc,start       ] GC(720) Pause Young (Allocation Failure)
[185.453s][info][gc,heap        ] GC(720) PSYoungGen: 495616K(496128K)->1536K(485376K) Eden: 495616K(495616K)->0K(483840K) From: 0K(512K)->1536K(1536K)
[185.453s][info][gc,heap        ] GC(720) ParOldGen: 5366K(1398272K)->5575K(1398272K)
[185.453s][info][gc,metaspace   ] GC(720) Metaspace: 14279K(15040K)->14279K(15040K) NonClass: 12329K(12800K)->12329K(12800K) Class: 1950K(2240K)->1950K(2240K)
[185.453s][info][gc             ] GC(720) Pause Young (Allocation Failure) 489M->6M(1839M) 3.124ms
[185.453s][info][gc,cpu         ] GC(720) User=0.00s Sys=0.00s Real=0.00s
[185.770s][info][gc,start       ] GC(721) Pause Young (Allocation Failure)
[185.773s][info][gc,heap        ] GC(721) PSYoungGen: 485376K(485376K)->1024K(473600K) Eden: 483840K(483840K)->0K(472576K) From: 1536K(1536K)->1024K(1024K)
[185.773s][info][gc,heap        ] GC(721) ParOldGen: 5575K(1398272K)->7109K(1398272K)
[185.773s][info][gc,metaspace   ] GC(721) Metaspace: 14279K(15040K)->14279K(15040K) NonClass: 12329K(12800K)->12329K(12800K) Class: 1950K(2240K)->1950K(2240K)
[185.773s][info][gc             ] GC(721) Pause Young (Allocation Failure) 479M->7M(1828M) 3.324ms
[185.773s][info][gc,cpu         ] GC(721) User=0.00s Sys=0.00s Real=0.00s
[186.117s][info][gc,start       ] GC(722) Pause Young (Allocation Failure)
[186.120s][info][gc,heap        ] GC(722) PSYoungGen: 473600K(473600K)->1024K(462848K) Eden: 472576K(472576K)->0K(461824K) From: 1024K(1024K)->1024K(1024K)
[186.121s][info][gc,heap        ] GC(722) ParOldGen: 7109K(1398272K)->7237K(1398272K)
[186.121s][info][gc,metaspace   ] GC(722) Metaspace: 14279K(15040K)->14279K(15040K) NonClass: 12329K(12800K)->12329K(12800K) Class: 1950K(2240K)->1950K(2240K)
[186.121s][info][gc             ] GC(722) Pause Young (Allocation Failure) 469M->8M(1817M) 3.151ms
[186.121s][info][gc,cpu         ] GC(722) User=0.00s Sys=0.02s Real=0.00s
[186.457s][info][gc,start       ] GC(723) Pause Young (Allocation Failure)
[186.460s][info][gc,heap        ] GC(723) PSYoungGen: 462848K(462848K)->1024K(452096K) Eden: 461824K(461824K)->0K(451072K) From: 1024K(1024K)->1024K(1024K)
[186.460s][info][gc,heap        ] GC(723) ParOldGen: 7237K(1398272K)->7381K(1398272K)
[186.460s][info][gc,metaspace   ] GC(723) Metaspace: 14279K(15040K)->14279K(15040K) NonClass: 12329K(12800K)->12329K(12800K) Class: 1950K(2240K)->1950K(2240K)
[186.460s][info][gc             ] GC(723) Pause Young (Allocation Failure) 459M->8M(1807M) 3.235ms
[186.460s][info][gc,cpu         ] GC(723) User=0.00s Sys=0.00s Real=0.00s
[186.790s][info][gc,start       ] GC(724) Pause Young (Allocation Failure)
[186.793s][info][gc,heap        ] GC(724) PSYoungGen: 452096K(452096K)->1024K(441856K) Eden: 451072K(451072K)->0K(440832K) From: 1024K(1024K)->1024K(1024K)
[186.793s][info][gc,heap        ] GC(724) ParOldGen: 7381K(1398272K)->7533K(1398272K)
[186.793s][info][gc,metaspace   ] GC(724) Metaspace: 14279K(15040K)->14279K(15040K) NonClass: 12329K(12800K)->12329K(12800K) Class: 1950K(2240K)->1950K(2240K)
[186.793s][info][gc             ] GC(724) Pause Young (Allocation Failure) 448M->8M(1797M) 3.314ms
[186.793s][info][gc,cpu         ] GC(724) User=0.00s Sys=0.00s Real=0.00s
[187.126s][info][gc,start       ] GC(725) Pause Young (Allocation Failure)
[187.129s][info][gc,heap        ] GC(725) PSYoungGen: 441856K(441856K)->992K(432128K) Eden: 440832K(440832K)->0K(431104K) From: 1024K(1024K)->992K(1024K)
[187.129s][info][gc,heap        ] GC(725) ParOldGen: 7533K(1398272K)->7653K(1398272K)
[187.129s][info][gc,metaspace   ] GC(725) Metaspace: 14279K(15040K)->14279K(15040K) NonClass: 12329K(12800K)->12329K(12800K) Class: 1950K(2240K)->1950K(2240K)
[187.129s][info][gc             ] GC(725) Pause Young (Allocation Failure) 438M->8M(1787M) 3.002ms
[187.129s][info][gc,cpu         ] GC(725) User=0.00s Sys=0.00s Real=0.00s
[187.470s][info][gc,start       ] GC(726) Pause Young (Allocation Failure)
[187.472s][info][gc,heap        ] GC(726) PSYoungGen: 432096K(432128K)->1024K(422912K) Eden: 431104K(431104K)->0K(421888K) From: 992K(1024K)->1024K(1024K)
[187.472s][info][gc,heap        ] GC(726) ParOldGen: 7653K(1398272K)->7789K(1398272K)
[187.472s][info][gc,metaspace   ] GC(726) Metaspace: 14279K(15040K)->14279K(15040K) NonClass: 12329K(12800K)->12329K(12800K) Class: 1950K(2240K)->1950K(2240K)
[187.472s][info][gc             ] GC(726) Pause Young (Allocation Failure) 429M->8M(1778M) 2.847ms
[187.472s][info][gc,cpu         ] GC(726) User=0.00s Sys=0.00s Real=0.00s
[187.779s][info][gc,start       ] GC(727) Pause Young (Allocation Failure)
[187.782s][info][gc,heap        ] GC(727) PSYoungGen: 422912K(422912K)->1024K(413696K) Eden: 421888K(421888K)->0K(412672K) From: 1024K(1024K)->1024K(1024K)
[187.782s][info][gc,heap        ] GC(727) ParOldGen: 7789K(1398272K)->7925K(1398272K)
[187.782s][info][gc,metaspace   ] GC(727) Metaspace: 14279K(15040K)->14279K(15040K) NonClass: 12329K(12800K)->12329K(12800K) Class: 1950K(2240K)->1950K(2240K)
[187.782s][info][gc             ] GC(727) Pause Young (Allocation Failure) 420M->8M(1769M) 2.942ms
[187.782s][info][gc,cpu         ] GC(727) User=0.00s Sys=0.00s Real=0.00s
[188.083s][info][gc,start       ] GC(728) Pause Young (Allocation Failure)
[188.086s][info][gc,heap        ] GC(728) PSYoungGen: 413696K(413696K)->1024K(404992K) Eden: 412672K(412672K)->0K(403968K) From: 1024K(1024K)->1024K(1024K)
[188.086s][info][gc,heap        ] GC(728) ParOldGen: 7925K(1398272K)->8093K(1398272K)
[188.086s][info][gc,metaspace   ] GC(728) Metaspace: 14279K(15040K)->14279K(15040K) NonClass: 12329K(12800K)->12329K(12800K) Class: 1950K(2240K)->1950K(2240K)
[188.086s][info][gc             ] GC(728) Pause Young (Allocation Failure) 411M->8M(1761M) 2.828ms
[188.086s][info][gc,cpu         ] GC(728) User=0.00s Sys=0.00s Real=0.00s
[188.380s][info][gc,start       ] GC(729) Pause Young (Allocation Failure)
[188.382s][info][gc,heap        ] GC(729) PSYoungGen: 404992K(404992K)->960K(396288K) Eden: 403968K(403968K)->0K(395264K) From: 1024K(1024K)->960K(1024K)
[188.382s][info][gc,heap        ] GC(729) ParOldGen: 8093K(1398272K)->8221K(1398272K)
[188.382s][info][gc,metaspace   ] GC(729) Metaspace: 14279K(15040K)->14279K(15040K) NonClass: 12329K(12800K)->12329K(12800K) Class: 1950K(2240K)->1950K(2240K)
[188.383s][info][gc             ] GC(729) Pause Young (Allocation Failure) 403M->8M(1752M) 2.833ms
[188.383s][info][gc,cpu         ] GC(729) User=0.00s Sys=0.02s Real=0.00s
[188.670s][info][gc,start       ] GC(730) Pause Young (Allocation Failure)
[188.680s][info][gc,heap        ] GC(730) PSYoungGen: 396224K(396288K)->1024K(388096K) Eden: 395264K(395264K)->0K(387072K) From: 960K(1024K)->1024K(1024K)
[188.680s][info][gc,heap        ] GC(730) ParOldGen: 8221K(1398272K)->8317K(1398272K)
[188.680s][info][gc,metaspace   ] GC(730) Metaspace: 14279K(15040K)->14279K(15040K) NonClass: 12329K(12800K)->12329K(12800K) Class: 1950K(2240K)->1950K(2240K)
[188.680s][info][gc             ] GC(730) Pause Young (Allocation Failure) 394M->9M(1744M) 9.463ms
[188.680s][info][gc,cpu         ] GC(730) User=0.00s Sys=0.00s Real=0.00s
[188.961s][info][gc,start       ] GC(731) Pause Young (Allocation Failure)
[188.964s][info][gc,heap        ] GC(731) PSYoungGen: 388096K(388096K)->1024K(379904K) Eden: 387072K(387072K)->0K(378880K) From: 1024K(1024K)->1024K(1024K)
[188.964s][info][gc,heap        ] GC(731) ParOldGen: 8317K(1398272K)->8445K(1398272K)
[188.964s][info][gc,metaspace   ] GC(731) Metaspace: 14279K(15040K)->14279K(15040K) NonClass: 12329K(12800K)->12329K(12800K) Class: 1950K(2240K)->1950K(2240K)
[188.964s][info][gc             ] GC(731) Pause Young (Allocation Failure) 387M->9M(1736M) 3.044ms
[188.964s][info][gc,cpu         ] GC(731) User=0.00s Sys=0.00s Real=0.00s
[189.243s][info][gc,start       ] GC(732) Pause Young (Allocation Failure)
[189.246s][info][gc,heap        ] GC(732) PSYoungGen: 379904K(379904K)->1024K(372224K) Eden: 378880K(378880K)->0K(371200K) From: 1024K(1024K)->1024K(1024K)
[189.246s][info][gc,heap        ] GC(732) ParOldGen: 8445K(1398272K)->8549K(1398272K)
[189.246s][info][gc,metaspace   ] GC(732) Metaspace: 14279K(15040K)->14279K(15040K) NonClass: 12329K(12800K)->12329K(12800K) Class: 1950K(2240K)->1950K(2240K)
[189.246s][info][gc             ] GC(732) Pause Young (Allocation Failure) 379M->9M(1729M) 3.128ms
[189.246s][info][gc,cpu         ] GC(732) User=0.00s Sys=0.00s Real=0.00s
[189.517s][info][gc,start       ] GC(733) Pause Young (Allocation Failure)
[189.520s][info][gc,heap        ] GC(733) PSYoungGen: 372224K(372224K)->992K(364544K) Eden: 371200K(371200K)->0K(363520K) From: 1024K(1024K)->992K(1024K)
[189.520s][info][gc,heap        ] GC(733) ParOldGen: 8549K(1398272K)->8645K(1398272K)
[189.520s][info][gc,metaspace   ] GC(733) Metaspace: 14279K(15040K)->14279K(15040K) NonClass: 12329K(12800K)->12329K(12800K) Class: 1950K(2240K)->1950K(2240K)
[189.520s][info][gc             ] GC(733) Pause Young (Allocation Failure) 371M->9M(1721M) 3.179ms
[189.520s][info][gc,cpu         ] GC(733) User=0.00s Sys=0.00s Real=0.00s
[189.784s][info][gc,start       ] GC(734) Pause Young (Allocation Failure)
[189.787s][info][gc,heap        ] GC(734) PSYoungGen: 364512K(364544K)->1024K(437248K) Eden: 363520K(363520K)->0K(436224K) From: 992K(1024K)->1024K(1024K)
[189.787s][info][gc,heap        ] GC(734) ParOldGen: 8645K(1398272K)->8765K(1398272K)
[189.787s][info][gc,metaspace   ] GC(734) Metaspace: 14279K(15040K)->14279K(15040K) NonClass: 12329K(12800K)->12329K(12800K) Class: 1950K(2240K)->1950K(2240K)
[189.787s][info][gc             ] GC(734) Pause Young (Allocation Failure) 364M->9M(1792M) 3.256ms
[189.787s][info][gc,cpu         ] GC(734) User=0.00s Sys=0.00s Real=0.00s
[190.106s][info][gc,start       ] GC(735) Pause Young (Allocation Failure)
[190.109s][info][gc,heap        ] GC(735) PSYoungGen: 437248K(437248K)->1024K(427520K) Eden: 436224K(436224K)->0K(426496K) From: 1024K(1024K)->1024K(1024K)
[190.109s][info][gc,heap        ] GC(735) ParOldGen: 8765K(1398272K)->8925K(1398272K)
[190.109s][info][gc,metaspace   ] GC(735) Metaspace: 14279K(15040K)->14279K(15040K) NonClass: 12329K(12800K)->12329K(12800K) Class: 1950K(2240K)->1950K(2240K)
[190.109s][info][gc             ] GC(735) Pause Young (Allocation Failure) 435M->9M(1783M) 3.342ms
[190.109s][info][gc,cpu         ] GC(735) User=0.00s Sys=0.00s Real=0.00s
[190.418s][info][gc,start       ] GC(736) Pause Young (Allocation Failure)
[190.421s][info][gc,heap        ] GC(736) PSYoungGen: 427520K(427520K)->1024K(418304K) Eden: 426496K(426496K)->0K(417280K) From: 1024K(1024K)->1024K(1024K)
[190.421s][info][gc,heap        ] GC(736) ParOldGen: 8925K(1398272K)->9085K(1398272K)
[190.421s][info][gc,metaspace   ] GC(736) Metaspace: 14279K(15040K)->14279K(15040K) NonClass: 12329K(12800K)->12329K(12800K) Class: 1950K(2240K)->1950K(2240K)
[190.421s][info][gc             ] GC(736) Pause Young (Allocation Failure) 426M->9M(1774M) 3.401ms
[190.421s][info][gc,cpu         ] GC(736) User=0.00s Sys=0.00s Real=0.00s
[190.729s][info][gc,start       ] GC(737) Pause Young (Allocation Failure)
[190.732s][info][gc,heap        ] GC(737) PSYoungGen: 418304K(418304K)->1024K(409088K) Eden: 417280K(417280K)->0K(408064K) From: 1024K(1024K)->1024K(1024K)
[190.733s][info][gc,heap        ] GC(737) ParOldGen: 9085K(1398272K)->9205K(1398272K)
[190.733s][info][gc,metaspace   ] GC(737) Metaspace: 14279K(15040K)->14279K(15040K) NonClass: 12329K(12800K)->12329K(12800K) Class: 1950K(2240K)->1950K(2240K)
[190.733s][info][gc             ] GC(737) Pause Young (Allocation Failure) 417M->9M(1765M) 3.326ms
[190.733s][info][gc,cpu         ] GC(737) User=0.00s Sys=0.00s Real=0.00s
[191.044s][info][gc,start       ] GC(738) Pause Young (Allocation Failure)
[191.047s][info][gc,heap        ] GC(738) PSYoungGen: 409088K(409088K)->1024K(400384K) Eden: 408064K(408064K)->0K(399360K) From: 1024K(1024K)->1024K(1024K)
[191.047s][info][gc,heap        ] GC(738) ParOldGen: 9205K(1398272K)->9357K(1398272K)
[191.047s][info][gc,metaspace   ] GC(738) Metaspace: 14279K(15040K)->14279K(15040K) NonClass: 12329K(12800K)->12329K(12800K) Class: 1950K(2240K)->1950K(2240K)
[191.047s][info][gc             ] GC(738) Pause Young (Allocation Failure) 408M->10M(1756M) 3.090ms
[191.047s][info][gc,cpu         ] GC(738) User=0.00s Sys=0.00s Real=0.00s
[191.355s][info][gc,start       ] GC(739) Pause Young (Allocation Failure)
[191.358s][info][gc,heap        ] GC(739) PSYoungGen: 400384K(400384K)->1024K(392192K) Eden: 399360K(399360K)->0K(391168K) From: 1024K(1024K)->1024K(1024K)
[191.358s][info][gc,heap        ] GC(739) ParOldGen: 9357K(1398272K)->9477K(1398272K)
[191.358s][info][gc,metaspace   ] GC(739) Metaspace: 14279K(15040K)->14279K(15040K) NonClass: 12329K(12800K)->12329K(12800K) Class: 1950K(2240K)->1950K(2240K)
[191.358s][info][gc             ] GC(739) Pause Young (Allocation Failure) 400M->10M(1748M) 2.930ms
[191.358s][info][gc,cpu         ] GC(739) User=0.00s Sys=0.00s Real=0.00s
[191.642s][info][gc,start       ] GC(740) Pause Young (Allocation Failure)
[191.645s][info][gc,heap        ] GC(740) PSYoungGen: 392192K(392192K)->960K(384000K) Eden: 391168K(391168K)->0K(382976K) From: 1024K(1024K)->960K(1024K)
[191.645s][info][gc,heap        ] GC(740) ParOldGen: 9477K(1398272K)->9605K(1398272K)
[191.645s][info][gc,metaspace   ] GC(740) Metaspace: 14279K(15040K)->14279K(15040K) NonClass: 12329K(12800K)->12329K(12800K) Class: 1950K(2240K)->1950K(2240K)
[191.645s][info][gc             ] GC(740) Pause Young (Allocation Failure) 392M->10M(1740M) 3.033ms
[191.645s][info][gc,cpu         ] GC(740) User=0.00s Sys=0.00s Real=0.00s
[191.923s][info][gc,start       ] GC(741) Pause Young (Allocation Failure)
[191.926s][info][gc,heap        ] GC(741) PSYoungGen: 383936K(384000K)->992K(376320K) Eden: 382976K(382976K)->0K(375296K) From: 960K(1024K)->992K(1024K)
[191.926s][info][gc,heap        ] GC(741) ParOldGen: 9605K(1398272K)->9741K(1398272K)
[191.926s][info][gc,metaspace   ] GC(741) Metaspace: 14279K(15040K)->14279K(15040K) NonClass: 12329K(12800K)->12329K(12800K) Class: 1950K(2240K)->1950K(2240K)
[191.926s][info][gc             ] GC(741) Pause Young (Allocation Failure) 384M->10M(1733M) 2.936ms
[191.926s][info][gc,cpu         ] GC(741) User=0.00s Sys=0.00s Real=0.00s
[192.201s][info][gc,start       ] GC(742) Pause Young (Allocation Failure)
[192.204s][info][gc,heap        ] GC(742) PSYoungGen: 376288K(376320K)->992K(368640K) Eden: 375296K(375296K)->0K(367616K) From: 992K(1024K)->992K(1024K)
[192.204s][info][gc,heap        ] GC(742) ParOldGen: 9741K(1398272K)->9853K(1398272K)
[192.204s][info][gc,metaspace   ] GC(742) Metaspace: 14279K(15040K)->14279K(15040K) NonClass: 12329K(12800K)->12329K(12800K) Class: 1950K(2240K)->1950K(2240K)
[192.204s][info][gc             ] GC(742) Pause Young (Allocation Failure) 376M->10M(1725M) 3.070ms
[192.204s][info][gc,cpu         ] GC(742) User=0.00s Sys=0.00s Real=0.00s
[192.473s][info][gc,start       ] GC(743) Pause Young (Allocation Failure)
[192.476s][info][gc,heap        ] GC(743) PSYoungGen: 368608K(368640K)->1024K(361472K) Eden: 367616K(367616K)->0K(360448K) From: 992K(1024K)->1024K(1024K)
[192.476s][info][gc,heap        ] GC(743) ParOldGen: 9853K(1398272K)->9965K(1398272K)
[192.476s][info][gc,metaspace   ] GC(743) Metaspace: 14279K(15040K)->14279K(15040K) NonClass: 12329K(12800K)->12329K(12800K) Class: 1950K(2240K)->1950K(2240K)
[192.476s][info][gc             ] GC(743) Pause Young (Allocation Failure) 369M->10M(1718M) 3.145ms
[192.476s][info][gc,cpu         ] GC(743) User=0.00s Sys=0.00s Real=0.00s
[192.739s][info][gc,start       ] GC(744) Pause Young (Allocation Failure)
[192.743s][info][gc,heap        ] GC(744) PSYoungGen: 361472K(361472K)->960K(433664K) Eden: 360448K(360448K)->0K(432640K) From: 1024K(1024K)->960K(1024K)
[192.743s][info][gc,heap        ] GC(744) ParOldGen: 9965K(1398272K)->10109K(1398272K)
[192.743s][info][gc,metaspace   ] GC(744) Metaspace: 14279K(15040K)->14279K(15040K) NonClass: 12329K(12800K)->12329K(12800K) Class: 1950K(2240K)->1950K(2240K)
[192.743s][info][gc             ] GC(744) Pause Young (Allocation Failure) 362M->10M(1789M) 3.171ms
[192.743s][info][gc,cpu         ] GC(744) User=0.52s Sys=0.00s Real=0.00s
[193.058s][info][gc,start       ] GC(745) Pause Young (Allocation Failure)
[193.061s][info][gc,heap        ] GC(745) PSYoungGen: 433600K(433664K)->1024K(486400K) Eden: 432640K(432640K)->0K(484864K) From: 960K(1024K)->1024K(1536K)
[193.062s][info][gc,heap        ] GC(745) ParOldGen: 10109K(1398272K)->10213K(1398272K)
[193.062s][info][gc,metaspace   ] GC(745) Metaspace: 14279K(15040K)->14279K(15040K) NonClass: 12329K(12800K)->12329K(12800K) Class: 1950K(2240K)->1950K(2240K)
[193.062s][info][gc             ] GC(745) Pause Young (Allocation Failure) 433M->10M(1840M) 3.316ms
[193.062s][info][gc,cpu         ] GC(745) User=0.00s Sys=0.00s Real=0.00s
[193.485s][info][gc,start       ] GC(746) Pause Young (Allocation Failure)
[193.489s][info][gc,heap        ] GC(746) PSYoungGen: 485888K(486400K)->1056K(475136K) Eden: 484864K(484864K)->0K(473600K) From: 1024K(1536K)->1056K(1536K)
[193.489s][info][gc,heap        ] GC(746) ParOldGen: 10213K(1398272K)->10301K(1398272K)
[193.489s][info][gc,metaspace   ] GC(746) Metaspace: 14279K(15040K)->14279K(15040K) NonClass: 12329K(12800K)->12329K(12800K) Class: 1950K(2240K)->1950K(2240K)
[193.490s][info][gc             ] GC(746) Pause Young (Allocation Failure) 484M->11M(1829M) 4.330ms
[193.490s][info][gc,cpu         ] GC(746) User=0.00s Sys=0.00s Real=0.00s
[193.860s][info][gc,start       ] GC(747) Pause Young (Allocation Failure)
[193.863s][info][gc,heap        ] GC(747) PSYoungGen: 474656K(475136K)->1056K(464384K) Eden: 473600K(473600K)->0K(462848K) From: 1056K(1536K)->1056K(1536K)
[193.863s][info][gc,heap        ] GC(747) ParOldGen: 10301K(1398272K)->10405K(1398272K)
[193.863s][info][gc,metaspace   ] GC(747) Metaspace: 14279K(15040K)->14279K(15040K) NonClass: 12329K(12800K)->12329K(12800K) Class: 1950K(2240K)->1950K(2240K)
[193.863s][info][gc             ] GC(747) Pause Young (Allocation Failure) 473M->11M(1819M) 3.047ms
[193.863s][info][gc,cpu         ] GC(747) User=0.00s Sys=0.00s Real=0.00s
[194.202s][info][gc,start       ] GC(748) Pause Young (Allocation Failure)
[194.204s][info][gc,heap        ] GC(748) PSYoungGen: 463904K(464384K)->512K(452608K) Eden: 462848K(462848K)->0K(452096K) From: 1056K(1536K)->512K(512K)
[194.205s][info][gc,heap        ] GC(748) ParOldGen: 10405K(1398272K)->10629K(1398272K)
[194.205s][info][gc,metaspace   ] GC(748) Metaspace: 14279K(15040K)->14279K(15040K) NonClass: 12329K(12800K)->12329K(12800K) Class: 1950K(2240K)->1950K(2240K)
[194.205s][info][gc             ] GC(748) Pause Young (Allocation Failure) 463M->10M(1807M) 3.027ms
[194.205s][info][gc,cpu         ] GC(748) User=0.00s Sys=0.00s Real=0.00s
[194.553s][info][gc,start       ] GC(749) Pause Young (Allocation Failure)
[194.556s][info][gc,heap        ] GC(749) PSYoungGen: 452608K(452608K)->1024K(443392K) Eden: 452096K(452096K)->0K(441856K) From: 512K(512K)->1024K(1536K)
[194.556s][info][gc,heap        ] GC(749) ParOldGen: 10629K(1398272K)->10701K(1398272K)
[194.556s][info][gc,metaspace   ] GC(749) Metaspace: 14279K(15040K)->14279K(15040K) NonClass: 12329K(12800K)->12329K(12800K) Class: 1950K(2240K)->1950K(2240K)
[194.556s][info][gc             ] GC(749) Pause Young (Allocation Failure) 452M->11M(1798M) 2.892ms
[194.556s][info][gc,cpu         ] GC(749) User=0.52s Sys=0.00s Real=0.00s
[194.878s][info][gc,start       ] GC(750) Pause Young (Allocation Failure)
[194.881s][info][gc,heap        ] GC(750) PSYoungGen: 442880K(443392K)->1056K(433664K) Eden: 441856K(441856K)->0K(432128K) From: 1024K(1536K)->1056K(1536K)
[194.881s][info][gc,heap        ] GC(750) ParOldGen: 10701K(1398272K)->10845K(1398272K)
[194.881s][info][gc,metaspace   ] GC(750) Metaspace: 14279K(15040K)->14279K(15040K) NonClass: 12329K(12800K)->12329K(12800K) Class: 1950K(2240K)->1950K(2240K)
[194.881s][info][gc             ] GC(750) Pause Young (Allocation Failure) 442M->11M(1789M) 2.898ms
[194.881s][info][gc,cpu         ] GC(750) User=0.00s Sys=0.00s Real=0.00s
[195.192s][info][gc,start       ] GC(751) Pause Young (Allocation Failure)
[195.195s][info][gc,heap        ] GC(751) PSYoungGen: 433184K(433664K)->992K(423424K) Eden: 432128K(432128K)->0K(422400K) From: 1056K(1536K)->992K(1024K)
[195.195s][info][gc,heap        ] GC(751) ParOldGen: 10845K(1398272K)->10981K(1398272K)
[195.196s][info][gc,metaspace   ] GC(751) Metaspace: 14279K(15040K)->14279K(15040K) NonClass: 12329K(12800K)->12329K(12800K) Class: 1950K(2240K)->1950K(2240K)
[195.196s][info][gc             ] GC(751) Pause Young (Allocation Failure) 433M->11M(1779M) 3.091ms
[195.196s][info][gc,cpu         ] GC(751) User=0.02s Sys=0.00s Real=0.00s
[195.503s][info][gc,start       ] GC(752) Pause Young (Allocation Failure)
[195.506s][info][gc,heap        ] GC(752) PSYoungGen: 423392K(423424K)->992K(414208K) Eden: 422400K(422400K)->0K(413184K) From: 992K(1024K)->992K(1024K)
[195.506s][info][gc,heap        ] GC(752) ParOldGen: 10981K(1398272K)->11113K(1398272K)
[195.506s][info][gc,metaspace   ] GC(752) Metaspace: 14279K(15040K)->14279K(15040K) NonClass: 12329K(12800K)->12329K(12800K) Class: 1950K(2240K)->1950K(2240K)
[195.506s][info][gc             ] GC(752) Pause Young (Allocation Failure) 424M->11M(1770M) 3.043ms
[195.506s][info][gc,cpu         ] GC(752) User=0.00s Sys=0.00s Real=0.00s
[195.809s][info][gc,start       ] GC(753) Pause Young (Allocation Failure)
[195.812s][info][gc,heap        ] GC(753) PSYoungGen: 414176K(414208K)->1056K(406016K) Eden: 413184K(413184K)->0K(404480K) From: 992K(1024K)->1056K(1536K)
[195.812s][info][gc,heap        ] GC(753) ParOldGen: 11113K(1398272K)->11241K(1398272K)
[195.812s][info][gc,metaspace   ] GC(753) Metaspace: 14279K(15040K)->14279K(15040K) NonClass: 12329K(12800K)->12329K(12800K) Class: 1950K(2240K)->1950K(2240K)
[195.812s][info][gc             ] GC(753) Pause Young (Allocation Failure) 415M->12M(1762M) 3.137ms
[195.812s][info][gc,cpu         ] GC(753) User=0.00s Sys=0.00s Real=0.00s
[196.111s][info][gc,start       ] GC(754) Pause Young (Allocation Failure)
[196.114s][info][gc,heap        ] GC(754) PSYoungGen: 405536K(406016K)->1024K(396800K) Eden: 404480K(404480K)->0K(395776K) From: 1056K(1536K)->1024K(1024K)
[196.114s][info][gc,heap        ] GC(754) ParOldGen: 11241K(1398272K)->11361K(1398272K)
[196.114s][info][gc,metaspace   ] GC(754) Metaspace: 14279K(15040K)->14279K(15040K) NonClass: 12329K(12800K)->12329K(12800K) Class: 1950K(2240K)->1950K(2240K)
[196.114s][info][gc             ] GC(754) Pause Young (Allocation Failure) 407M->12M(1753M) 3.170ms
[196.114s][info][gc,cpu         ] GC(754) User=0.00s Sys=0.00s Real=0.00s
[196.402s][info][gc,start       ] GC(755) Pause Young (Allocation Failure)
[196.405s][info][gc,heap        ] GC(755) PSYoungGen: 396800K(396800K)->1056K(389120K) Eden: 395776K(395776K)->0K(387584K) From: 1024K(1024K)->1056K(1536K)
[196.405s][info][gc,heap        ] GC(755) ParOldGen: 11361K(1398272K)->11513K(1398272K)
[196.405s][info][gc,metaspace   ] GC(755) Metaspace: 14279K(15040K)->14279K(15040K) NonClass: 12329K(12800K)->12329K(12800K) Class: 1950K(2240K)->1950K(2240K)
[196.405s][info][gc             ] GC(755) Pause Young (Allocation Failure) 398M->12M(1745M) 3.198ms
[196.405s][info][gc,cpu         ] GC(755) User=0.00s Sys=0.00s Real=0.00s
[196.703s][info][gc,start       ] GC(756) Pause Young (Allocation Failure)
[196.706s][info][gc,heap        ] GC(756) PSYoungGen: 388640K(389120K)->1024K(380416K) Eden: 387584K(387584K)->0K(379392K) From: 1056K(1536K)->1024K(1024K)
[196.706s][info][gc,heap        ] GC(756) ParOldGen: 11513K(1398272K)->11625K(1398272K)
[196.706s][info][gc,metaspace   ] GC(756) Metaspace: 14279K(15040K)->14279K(15040K) NonClass: 12329K(12800K)->12329K(12800K) Class: 1950K(2240K)->1950K(2240K)
[196.706s][info][gc             ] GC(756) Pause Young (Allocation Failure) 390M->12M(1737M) 2.973ms
[196.706s][info][gc,cpu         ] GC(756) User=0.00s Sys=0.00s Real=0.00s
[196.987s][info][gc,start       ] GC(757) Pause Young (Allocation Failure)
[196.989s][info][gc,heap        ] GC(757) PSYoungGen: 380416K(380416K)->1056K(373248K) Eden: 379392K(379392K)->0K(371712K) From: 1024K(1024K)->1056K(1536K)
[197.000s][info][gc,heap        ] GC(757) ParOldGen: 11625K(1398272K)->11737K(1398272K)
[197.000s][info][gc,metaspace   ] GC(757) Metaspace: 14279K(15040K)->14279K(15040K) NonClass: 12329K(12800K)->12329K(12800K) Class: 1950K(2240K)->1950K(2240K)
[197.000s][info][gc             ] GC(757) Pause Young (Allocation Failure) 382M->12M(1730M) 13.054ms
[197.000s][info][gc,cpu         ] GC(757) User=0.00s Sys=0.00s Real=0.01s
[197.251s][info][gc,start       ] GC(758) Pause Young (Allocation Failure)
[197.254s][info][gc,heap        ] GC(758) PSYoungGen: 372768K(373248K)->960K(365056K) Eden: 371712K(371712K)->0K(364032K) From: 1056K(1536K)->960K(1024K)
[197.254s][info][gc,heap        ] GC(758) ParOldGen: 11737K(1398272K)->11857K(1398272K)
[197.254s][info][gc,metaspace   ] GC(758) Metaspace: 14279K(15040K)->14279K(15040K) NonClass: 12329K(12800K)->12329K(12800K) Class: 1950K(2240K)->1950K(2240K)
[197.254s][info][gc             ] GC(758) Pause Young (Allocation Failure) 375M->12M(1722M) 2.854ms
[197.254s][info][gc,cpu         ] GC(758) User=0.00s Sys=0.00s Real=0.00s
[197.430s][info][gc,start       ] GC(759) Pause Young (Allocation Failure)
[197.433s][info][gc,heap        ] GC(759) PSYoungGen: 364992K(365056K)->800K(438272K) Eden: 364032K(364032K)->0K(437248K) From: 960K(1024K)->800K(1024K)
[197.433s][info][gc,heap        ] GC(759) ParOldGen: 11857K(1398272K)->11937K(1398272K)
[197.433s][info][gc,metaspace   ] GC(759) Metaspace: 14279K(15040K)->14279K(15040K) NonClass: 12329K(12800K)->12329K(12800K) Class: 1950K(2240K)->1950K(2240K)
[197.433s][info][gc             ] GC(759) Pause Young (Allocation Failure) 368M->12M(1793M) 2.791ms
[197.433s][info][gc,cpu         ] GC(759) User=0.00s Sys=0.00s Real=0.00s
[197.624s][info][gc,start       ] GC(760) Pause Young (System.gc())
[197.627s][info][gc,heap        ] GC(760) PSYoungGen: 224047K(438272K)->384K(437760K) Eden: 223247K(437248K)->0K(437248K) From: 800K(1024K)->384K(512K)
[197.627s][info][gc,heap        ] GC(760) ParOldGen: 11937K(1398272K)->12009K(1398272K)
[197.627s][info][gc,metaspace   ] GC(760) Metaspace: 14280K(15040K)->14280K(15040K) NonClass: 12329K(12800K)->12329K(12800K) Class: 1950K(2240K)->1950K(2240K)
[197.627s][info][gc             ] GC(760) Pause Young (System.gc()) 230M->12M(1793M) 2.389ms
[197.627s][info][gc,cpu         ] GC(760) User=0.00s Sys=0.00s Real=0.00s
[197.627s][info][gc,start       ] GC(761) Pause Full (System.gc())
[197.627s][info][gc,phases,start] GC(761) Marking Phase
[197.639s][info][gc,phases      ] GC(761) Marking Phase 12.372ms
[197.639s][info][gc,phases,start] GC(761) Summary Phase
[197.639s][info][gc,phases      ] GC(761) Summary Phase 0.013ms
[197.639s][info][gc,phases,start] GC(761) Adjust Roots
[197.646s][info][gc,phases      ] GC(761) Adjust Roots 6.605ms
[197.646s][info][gc,phases,start] GC(761) Compaction Phase
[197.648s][info][gc,phases      ] GC(761) Compaction Phase 2.122ms
[197.648s][info][gc,phases,start] GC(761) Post Compact
[197.649s][info][gc,phases      ] GC(761) Post Compact 0.573ms
[197.649s][info][gc,heap        ] GC(761) PSYoungGen: 384K(437760K)->0K(437760K) Eden: 0K(437248K)->0K(437248K) From: 384K(512K)->0K(512K)
[197.649s][info][gc,heap        ] GC(761) ParOldGen: 12009K(1398272K)->5366K(1398272K)
[197.649s][info][gc,metaspace   ] GC(761) Metaspace: 14280K(15040K)->14280K(15040K) NonClass: 12329K(12800K)->12329K(12800K) Class: 1950K(2240K)->1950K(2240K)
[197.649s][info][gc             ] GC(761) Pause Full (System.gc()) 12M->5M(1793M) 21.956ms
[197.649s][info][gc,cpu         ] GC(761) User=0.02s Sys=0.00s Real=0.02s
[198.026s][info][gc,start       ] GC(762) Pause Young (Allocation Failure)
[198.030s][info][gc,heap        ] GC(762) PSYoungGen: 437248K(437760K)->1536K(515584K) Eden: 437248K(437248K)->0K(514048K) From: 0K(512K)->1536K(1536K)
[198.030s][info][gc,heap        ] GC(762) ParOldGen: 5366K(1398272K)->5840K(1398272K)
[198.030s][info][gc,metaspace   ] GC(762) Metaspace: 14280K(15040K)->14280K(15040K) NonClass: 12329K(12800K)->12329K(12800K) Class: 1950K(2240K)->1950K(2240K)
[198.030s][info][gc             ] GC(762) Pause Young (Allocation Failure) 432M->7M(1869M) 3.613ms
[198.030s][info][gc,cpu         ] GC(762) User=0.00s Sys=0.00s Real=0.00s
[198.425s][info][gc,start       ] GC(763) Pause Young (Allocation Failure)
[198.428s][info][gc,heap        ] GC(763) PSYoungGen: 515584K(515584K)->1024K(502784K) Eden: 514048K(514048K)->0K(501760K) From: 1536K(1536K)->1024K(1024K)
[198.428s][info][gc,heap        ] GC(763) ParOldGen: 5840K(1398272K)->7066K(1398272K)
[198.428s][info][gc,metaspace   ] GC(763) Metaspace: 14280K(15040K)->14280K(15040K) NonClass: 12329K(12800K)->12329K(12800K) Class: 1950K(2240K)->1950K(2240K)
[198.428s][info][gc             ] GC(763) Pause Young (Allocation Failure) 509M->7M(1856M) 3.274ms
[198.428s][info][gc,cpu         ] GC(763) User=0.00s Sys=0.00s Real=0.00s
[198.806s][info][gc,start       ] GC(764) Pause Young (Allocation Failure)
[198.810s][info][gc,heap        ] GC(764) PSYoungGen: 502784K(502784K)->1056K(492032K) Eden: 501760K(501760K)->0K(489984K) From: 1024K(1024K)->1056K(2048K)
[198.810s][info][gc,heap        ] GC(764) ParOldGen: 7066K(1398272K)->7202K(1398272K)
[198.810s][info][gc,metaspace   ] GC(764) Metaspace: 14280K(15040K)->14280K(15040K) NonClass: 12329K(12800K)->12329K(12800K) Class: 1950K(2240K)->1950K(2240K)
[198.810s][info][gc             ] GC(764) Pause Young (Allocation Failure) 497M->8M(1846M) 3.224ms
[198.810s][info][gc,cpu         ] GC(764) User=0.00s Sys=0.00s Real=0.00s
[199.176s][info][gc,start       ] GC(765) Pause Young (Allocation Failure)
[199.179s][info][gc,heap        ] GC(765) PSYoungGen: 491040K(492032K)->1056K(479744K) Eden: 489984K(489984K)->0K(478208K) From: 1056K(2048K)->1056K(1536K)
[199.179s][info][gc,heap        ] GC(765) ParOldGen: 7202K(1398272K)->7306K(1398272K)
[199.179s][info][gc,metaspace   ] GC(765) Metaspace: 14280K(15040K)->14280K(15040K) NonClass: 12329K(12800K)->12329K(12800K) Class: 1950K(2240K)->1950K(2240K)
[199.179s][info][gc             ] GC(765) Pause Young (Allocation Failure) 486M->8M(1834M) 3.267ms
[199.179s][info][gc,cpu         ] GC(765) User=0.00s Sys=0.00s Real=0.00s
[199.540s][info][gc,start       ] GC(766) Pause Young (Allocation Failure)
[199.543s][info][gc,heap        ] GC(766) PSYoungGen: 479264K(479744K)->1024K(467968K) Eden: 478208K(478208K)->0K(466944K) From: 1056K(1536K)->1024K(1024K)
[199.543s][info][gc,heap        ] GC(766) ParOldGen: 7306K(1398272K)->7426K(1398272K)
[199.543s][info][gc,metaspace   ] GC(766) Metaspace: 14280K(15040K)->14280K(15040K) NonClass: 12329K(12800K)->12329K(12800K) Class: 1950K(2240K)->1950K(2240K)
[199.543s][info][gc             ] GC(766) Pause Young (Allocation Failure) 475M->8M(1822M) 3.379ms
[199.543s][info][gc,cpu         ] GC(766) User=0.00s Sys=0.00s Real=0.00s
[199.893s][info][gc,start       ] GC(767) Pause Young (Allocation Failure)
[199.896s][info][gc,heap        ] GC(767) PSYoungGen: 467968K(467968K)->1024K(457216K) Eden: 466944K(466944K)->0K(456192K) From: 1024K(1024K)->1024K(1024K)
[199.897s][info][gc,heap        ] GC(767) ParOldGen: 7426K(1398272K)->7554K(1398272K)
[199.897s][info][gc,metaspace   ] GC(767) Metaspace: 14280K(15040K)->14280K(15040K) NonClass: 12329K(12800K)->12329K(12800K) Class: 1950K(2240K)->1950K(2240K)
[199.897s][info][gc             ] GC(767) Pause Young (Allocation Failure) 464M->8M(1812M) 3.377ms
[199.897s][info][gc,cpu         ] GC(767) User=0.00s Sys=0.00s Real=0.00s
[200.249s][info][gc,start       ] GC(768) Pause Young (Allocation Failure)
[200.253s][info][gc,heap        ] GC(768) PSYoungGen: 457216K(457216K)->1024K(446976K) Eden: 456192K(456192K)->0K(445952K) From: 1024K(1024K)->1024K(1024K)
[200.253s][info][gc,heap        ] GC(768) ParOldGen: 7554K(1398272K)->7690K(1398272K)
[200.253s][info][gc,metaspace   ] GC(768) Metaspace: 14280K(15040K)->14280K(15040K) NonClass: 12329K(12800K)->12329K(12800K) Class: 1950K(2240K)->1950K(2240K)
[200.253s][info][gc             ] GC(768) Pause Young (Allocation Failure) 453M->8M(1802M) 3.526ms
[200.253s][info][gc,cpu         ] GC(768) User=0.00s Sys=0.00s Real=0.00s
[200.600s][info][gc,start       ] GC(769) Pause Young (Allocation Failure)
[200.603s][info][gc,heap        ] GC(769) PSYoungGen: 446976K(446976K)->1056K(437248K) Eden: 445952K(445952K)->0K(435712K) From: 1024K(1024K)->1056K(1536K)
[200.603s][info][gc,heap        ] GC(769) ParOldGen: 7690K(1398272K)->7834K(1398272K)
[200.603s][info][gc,metaspace   ] GC(769) Metaspace: 14280K(15040K)->14280K(15040K) NonClass: 12329K(12800K)->12329K(12800K) Class: 1950K(2240K)->1950K(2240K)
[200.603s][info][gc             ] GC(769) Pause Young (Allocation Failure) 444M->8M(1792M) 3.176ms
[200.603s][info][gc,cpu         ] GC(769) User=0.52s Sys=0.00s Real=0.00s
[200.953s][info][gc,start       ] GC(770) Pause Young (Allocation Failure)
[200.956s][info][gc,heap        ] GC(770) PSYoungGen: 436768K(437248K)->1024K(427008K) Eden: 435712K(435712K)->0K(425984K) From: 1056K(1536K)->1024K(1024K)
[200.956s][info][gc,heap        ] GC(770) ParOldGen: 7834K(1398272K)->7970K(1398272K)
[200.956s][info][gc,metaspace   ] GC(770) Metaspace: 14280K(15040K)->14280K(15040K) NonClass: 12329K(12800K)->12329K(12800K) Class: 1950K(2240K)->1950K(2240K)
[200.956s][info][gc             ] GC(770) Pause Young (Allocation Failure) 434M->8M(1782M) 2.993ms
[200.957s][info][gc,cpu         ] GC(770) User=0.00s Sys=0.00s Real=0.00s
[201.274s][info][gc,start       ] GC(771) Pause Young (Allocation Failure)
[201.277s][info][gc,heap        ] GC(771) PSYoungGen: 427008K(427008K)->1024K(417792K) Eden: 425984K(425984K)->0K(416768K) From: 1024K(1024K)->1024K(1024K)
[201.277s][info][gc,heap        ] GC(771) ParOldGen: 7970K(1398272K)->8130K(1398272K)
[201.277s][info][gc,metaspace   ] GC(771) Metaspace: 14280K(15040K)->14280K(15040K) NonClass: 12329K(12800K)->12329K(12800K) Class: 1950K(2240K)->1950K(2240K)
[201.277s][info][gc             ] GC(771) Pause Young (Allocation Failure) 424M->8M(1773M) 2.990ms
[201.277s][info][gc,cpu         ] GC(771) User=0.00s Sys=0.00s Real=0.00s
[201.587s][info][gc,start       ] GC(772) Pause Young (Allocation Failure)
[201.590s][info][gc,heap        ] GC(772) PSYoungGen: 417792K(417792K)->1056K(409088K) Eden: 416768K(416768K)->0K(407552K) From: 1024K(1024K)->1056K(1536K)
[201.590s][info][gc,heap        ] GC(772) ParOldGen: 8130K(1398272K)->8226K(1398272K)
[201.590s][info][gc,metaspace   ] GC(772) Metaspace: 14280K(15040K)->14280K(15040K) NonClass: 12329K(12800K)->12329K(12800K) Class: 1950K(2240K)->1950K(2240K)
[201.590s][info][gc             ] GC(772) Pause Young (Allocation Failure) 415M->9M(1765M) 2.975ms
[201.590s][info][gc,cpu         ] GC(772) User=0.00s Sys=0.00s Real=0.00s
[201.893s][info][gc,start       ] GC(773) Pause Young (Allocation Failure)
[201.896s][info][gc,heap        ] GC(773) PSYoungGen: 408608K(409088K)->1024K(399872K) Eden: 407552K(407552K)->0K(398848K) From: 1056K(1536K)->1024K(1024K)
[201.896s][info][gc,heap        ] GC(773) ParOldGen: 8226K(1398272K)->8354K(1398272K)
[201.896s][info][gc,metaspace   ] GC(773) Metaspace: 14280K(15040K)->14280K(15040K) NonClass: 12329K(12800K)->12329K(12800K) Class: 1950K(2240K)->1950K(2240K)
[201.896s][info][gc             ] GC(773) Pause Young (Allocation Failure) 407M->9M(1756M) 2.991ms
[201.896s][info][gc,cpu         ] GC(773) User=0.00s Sys=0.00s Real=0.00s
[202.196s][info][gc,start       ] GC(774) Pause Young (Allocation Failure)
[202.199s][info][gc,heap        ] GC(774) PSYoungGen: 399872K(399872K)->1024K(391680K) Eden: 398848K(398848K)->0K(390656K) From: 1024K(1024K)->1024K(1024K)
[202.199s][info][gc,heap        ] GC(774) ParOldGen: 8354K(1398272K)->8458K(1398272K)
[202.199s][info][gc,metaspace   ] GC(774) Metaspace: 14280K(15040K)->14280K(15040K) NonClass: 12329K(12800K)->12329K(12800K) Class: 1950K(2240K)->1950K(2240K)
[202.199s][info][gc             ] GC(774) Pause Young (Allocation Failure) 398M->9M(1748M) 3.161ms
[202.199s][info][gc,cpu         ] GC(774) User=0.00s Sys=0.00s Real=0.00s
[202.493s][info][gc,start       ] GC(775) Pause Young (Allocation Failure)
[202.496s][info][gc,heap        ] GC(775) PSYoungGen: 391680K(391680K)->1024K(383488K) Eden: 390656K(390656K)->0K(382464K) From: 1024K(1024K)->1024K(1024K)
[202.496s][info][gc,heap        ] GC(775) ParOldGen: 8458K(1398272K)->8570K(1398272K)
[202.496s][info][gc,metaspace   ] GC(775) Metaspace: 14280K(15040K)->14280K(15040K) NonClass: 12329K(12800K)->12329K(12800K) Class: 1950K(2240K)->1950K(2240K)
[202.496s][info][gc             ] GC(775) Pause Young (Allocation Failure) 390M->9M(1740M) 3.169ms
[202.496s][info][gc,cpu         ] GC(775) User=0.00s Sys=0.00s Real=0.00s
[202.786s][info][gc,start       ] GC(776) Pause Young (Allocation Failure)
[202.789s][info][gc,heap        ] GC(776) PSYoungGen: 383488K(383488K)->1024K(375808K) Eden: 382464K(382464K)->0K(374784K) From: 1024K(1024K)->1024K(1024K)
[202.789s][info][gc,heap        ] GC(776) ParOldGen: 8570K(1398272K)->8666K(1398272K)
[202.789s][info][gc,metaspace   ] GC(776) Metaspace: 14280K(15040K)->14280K(15040K) NonClass: 12329K(12800K)->12329K(12800K) Class: 1950K(2240K)->1950K(2240K)
[202.789s][info][gc             ] GC(776) Pause Young (Allocation Failure) 382M->9M(1732M) 3.229ms
[202.789s][info][gc,cpu         ] GC(776) User=0.52s Sys=0.00s Real=0.00s
[203.130s][info][gc,start       ] GC(777) Pause Young (Allocation Failure)
[203.134s][info][gc,heap        ] GC(777) PSYoungGen: 375808K(375808K)->1024K(451072K) Eden: 374784K(374784K)->0K(450048K) From: 1024K(1024K)->1024K(1024K)
[203.134s][info][gc,heap        ] GC(777) ParOldGen: 8666K(1398272K)->8786K(1398272K)
[203.134s][info][gc,metaspace   ] GC(777) Metaspace: 14280K(15040K)->14280K(15040K) NonClass: 12329K(12800K)->12329K(12800K) Class: 1950K(2240K)->1950K(2240K)
[203.134s][info][gc             ] GC(777) Pause Young (Allocation Failure) 375M->9M(1806M) 4.349ms
[203.134s][info][gc,cpu         ] GC(777) User=0.52s Sys=0.00s Real=0.00s
[203.489s][info][gc,start       ] GC(778) Pause Young (Allocation Failure)
[203.492s][info][gc,heap        ] GC(778) PSYoungGen: 451072K(451072K)->1056K(441344K) Eden: 450048K(450048K)->0K(439808K) From: 1024K(1024K)->1056K(1536K)
[203.492s][info][gc,heap        ] GC(778) ParOldGen: 8786K(1398272K)->8882K(1398272K)
[203.492s][info][gc,metaspace   ] GC(778) Metaspace: 14280K(15040K)->14280K(15040K) NonClass: 12329K(12800K)->12329K(12800K) Class: 1950K(2240K)->1950K(2240K)
[203.492s][info][gc             ] GC(778) Pause Young (Allocation Failure) 449M->9M(1796M) 3.116ms
[203.493s][info][gc,cpu         ] GC(778) User=0.52s Sys=0.00s Real=0.00s
[203.829s][info][gc,start       ] GC(779) Pause Young (Allocation Failure)
[203.832s][info][gc,heap        ] GC(779) PSYoungGen: 440864K(441344K)->992K(431104K) Eden: 439808K(439808K)->0K(430080K) From: 1056K(1536K)->992K(1024K)
[203.832s][info][gc,heap        ] GC(779) ParOldGen: 8882K(1398272K)->9018K(1398272K)
[203.832s][info][gc,metaspace   ] GC(779) Metaspace: 14280K(15040K)->14280K(15040K) NonClass: 12329K(12800K)->12329K(12800K) Class: 1950K(2240K)->1950K(2240K)
[203.832s][info][gc             ] GC(779) Pause Young (Allocation Failure) 439M->9M(1786M) 3.113ms
[203.832s][info][gc,cpu         ] GC(779) User=0.00s Sys=0.00s Real=0.00s
[204.173s][info][gc,start       ] GC(780) Pause Young (Allocation Failure)
[204.176s][info][gc,heap        ] GC(780) PSYoungGen: 431072K(431104K)->1024K(421888K) Eden: 430080K(430080K)->0K(420864K) From: 992K(1024K)->1024K(1024K)
[204.176s][info][gc,heap        ] GC(780) ParOldGen: 9018K(1398272K)->9138K(1398272K)
[204.176s][info][gc,metaspace   ] GC(780) Metaspace: 14280K(15040K)->14280K(15040K) NonClass: 12329K(12800K)->12329K(12800K) Class: 1950K(2240K)->1950K(2240K)
[204.176s][info][gc             ] GC(780) Pause Young (Allocation Failure) 429M->9M(1777M) 2.941ms
[204.176s][info][gc,cpu         ] GC(780) User=0.00s Sys=0.00s Real=0.00s
[204.491s][info][gc,start       ] GC(781) Pause Young (Allocation Failure)
[204.494s][info][gc,heap        ] GC(781) PSYoungGen: 421888K(421888K)->1024K(412672K) Eden: 420864K(420864K)->0K(411648K) From: 1024K(1024K)->1024K(1024K)
[204.494s][info][gc,heap        ] GC(781) ParOldGen: 9138K(1398272K)->9274K(1398272K)
[204.494s][info][gc,metaspace   ] GC(781) Metaspace: 14280K(15040K)->14280K(15040K) NonClass: 12329K(12800K)->12329K(12800K) Class: 1950K(2240K)->1950K(2240K)
[204.494s][info][gc             ] GC(781) Pause Young (Allocation Failure) 420M->10M(1768M) 3.034ms
[204.494s][info][gc,cpu         ] GC(781) User=0.52s Sys=0.00s Real=0.00s
[204.801s][info][gc,start       ] GC(782) Pause Young (Allocation Failure)
[204.804s][info][gc,heap        ] GC(782) PSYoungGen: 412672K(412672K)->1056K(404480K) Eden: 411648K(411648K)->0K(402944K) From: 1024K(1024K)->1056K(1536K)
[204.804s][info][gc,heap        ] GC(782) ParOldGen: 9274K(1398272K)->9378K(1398272K)
[204.804s][info][gc,metaspace   ] GC(782) Metaspace: 14280K(15040K)->14280K(15040K) NonClass: 12329K(12800K)->12329K(12800K) Class: 1950K(2240K)->1950K(2240K)
[204.804s][info][gc             ] GC(782) Pause Young (Allocation Failure) 412M->10M(1760M) 2.981ms
[204.804s][info][gc,cpu         ] GC(782) User=0.00s Sys=0.00s Real=0.00s
[205.106s][info][gc,start       ] GC(783) Pause Young (Allocation Failure)
[205.109s][info][gc,heap        ] GC(783) PSYoungGen: 404000K(404480K)->1024K(395264K) Eden: 402944K(402944K)->0K(394240K) From: 1056K(1536K)->1024K(1024K)
[205.109s][info][gc,heap        ] GC(783) ParOldGen: 9378K(1398272K)->9514K(1398272K)
[205.109s][info][gc,metaspace   ] GC(783) Metaspace: 14280K(15040K)->14280K(15040K) NonClass: 12329K(12800K)->12329K(12800K) Class: 1950K(2240K)->1950K(2240K)
[205.110s][info][gc             ] GC(783) Pause Young (Allocation Failure) 403M->10M(1751M) 3.095ms
[205.110s][info][gc,cpu         ] GC(783) User=0.00s Sys=0.00s Real=0.00s
[205.403s][info][gc,start       ] GC(784) Pause Young (Allocation Failure)
[205.406s][info][gc,heap        ] GC(784) PSYoungGen: 395264K(395264K)->1024K(387072K) Eden: 394240K(394240K)->0K(386048K) From: 1024K(1024K)->1024K(1024K)
[205.407s][info][gc,heap        ] GC(784) ParOldGen: 9514K(1398272K)->9634K(1398272K)
[205.407s][info][gc,metaspace   ] GC(784) Metaspace: 14280K(15040K)->14280K(15040K) NonClass: 12329K(12800K)->12329K(12800K) Class: 1950K(2240K)->1950K(2240K)
[205.407s][info][gc             ] GC(784) Pause Young (Allocation Failure) 395M->10M(1743M) 3.139ms
[205.407s][info][gc,cpu         ] GC(784) User=0.00s Sys=0.00s Real=0.00s
[205.696s][info][gc,start       ] GC(785) Pause Young (Allocation Failure)
[205.699s][info][gc,heap        ] GC(785) PSYoungGen: 387072K(387072K)->1024K(379392K) Eden: 386048K(386048K)->0K(378368K) From: 1024K(1024K)->1024K(1024K)
[205.699s][info][gc,heap        ] GC(785) ParOldGen: 9634K(1398272K)->9746K(1398272K)
[205.699s][info][gc,metaspace   ] GC(785) Metaspace: 14280K(15040K)->14280K(15040K) NonClass: 12329K(12800K)->12329K(12800K) Class: 1950K(2240K)->1950K(2240K)
[205.699s][info][gc             ] GC(785) Pause Young (Allocation Failure) 387M->10M(1736M) 3.253ms
[205.699s][info][gc,cpu         ] GC(785) User=0.00s Sys=0.00s Real=0.00s
[206.015s][info][gc,start       ] GC(786) Pause Young (Allocation Failure)
[206.019s][info][gc,heap        ] GC(786) PSYoungGen: 379392K(379392K)->1024K(371712K) Eden: 378368K(378368K)->0K(370688K) From: 1024K(1024K)->1024K(1024K)
[206.019s][info][gc,heap        ] GC(786) ParOldGen: 9746K(1398272K)->9858K(1398272K)
[206.019s][info][gc,metaspace   ] GC(786) Metaspace: 14280K(15040K)->14280K(15040K) NonClass: 12329K(12800K)->12329K(12800K) Class: 1950K(2240K)->1950K(2240K)
[206.019s][info][gc             ] GC(786) Pause Young (Allocation Failure) 380M->10M(1728M) 3.713ms
[206.019s][info][gc,cpu         ] GC(786) User=0.00s Sys=0.00s Real=0.00s
[206.318s][info][gc,start       ] GC(787) Pause Young (Allocation Failure)
[206.321s][info][gc,heap        ] GC(787) PSYoungGen: 371712K(371712K)->1024K(364544K) Eden: 370688K(370688K)->0K(363520K) From: 1024K(1024K)->1024K(1024K)
[206.321s][info][gc,heap        ] GC(787) ParOldGen: 9858K(1398272K)->9970K(1398272K)
[206.321s][info][gc,metaspace   ] GC(787) Metaspace: 14280K(15040K)->14280K(15040K) NonClass: 12329K(12800K)->12329K(12800K) Class: 1950K(2240K)->1950K(2240K)
[206.321s][info][gc             ] GC(787) Pause Young (Allocation Failure) 372M->10M(1721M) 2.974ms
[206.321s][info][gc,cpu         ] GC(787) User=0.52s Sys=0.00s Real=0.00s
[206.599s][info][gc,start       ] GC(788) Pause Young (Allocation Failure)
[206.602s][info][gc,heap        ] GC(788) PSYoungGen: 364544K(364544K)->1056K(357888K) Eden: 363520K(363520K)->0K(356352K) From: 1024K(1024K)->1056K(1536K)
[206.602s][info][gc,heap        ] GC(788) ParOldGen: 9970K(1398272K)->10106K(1398272K)
[206.602s][info][gc,metaspace   ] GC(788) Metaspace: 14280K(15040K)->14280K(15040K) NonClass: 12329K(12800K)->12329K(12800K) Class: 1950K(2240K)->1950K(2240K)
[206.602s][info][gc             ] GC(788) Pause Young (Allocation Failure) 365M->10M(1715M) 2.963ms
[206.602s][info][gc,cpu         ] GC(788) User=0.00s Sys=0.00s Real=0.00s
[206.889s][info][gc,start       ] GC(789) Pause Young (Allocation Failure)
[206.892s][info][gc,heap        ] GC(789) PSYoungGen: 357408K(357888K)->1024K(350208K) Eden: 356352K(356352K)->0K(349184K) From: 1056K(1536K)->1024K(1024K)
[206.892s][info][gc,heap        ] GC(789) ParOldGen: 10106K(1398272K)->10234K(1398272K)
[206.892s][info][gc,metaspace   ] GC(789) Metaspace: 14280K(15040K)->14280K(15040K) NonClass: 12329K(12800K)->12329K(12800K) Class: 1950K(2240K)->1950K(2240K)
[206.892s][info][gc             ] GC(789) Pause Young (Allocation Failure) 358M->10M(1707M) 2.822ms
[206.892s][info][gc,cpu         ] GC(789) User=0.00s Sys=0.00s Real=0.00s
[207.156s][info][gc,start       ] GC(790) Pause Young (Allocation Failure)
[207.159s][info][gc,heap        ] GC(790) PSYoungGen: 350208K(350208K)->1024K(343552K) Eden: 349184K(349184K)->0K(342528K) From: 1024K(1024K)->1024K(1024K)
[207.159s][info][gc,heap        ] GC(790) ParOldGen: 10234K(1398272K)->10362K(1398272K)
[207.159s][info][gc,metaspace   ] GC(790) Metaspace: 14280K(15040K)->14280K(15040K) NonClass: 12329K(12800K)->12329K(12800K) Class: 1950K(2240K)->1950K(2240K)
[207.159s][info][gc             ] GC(790) Pause Young (Allocation Failure) 351M->11M(1701M) 2.851ms
[207.159s][info][gc,cpu         ] GC(790) User=0.00s Sys=0.00s Real=0.00s
[207.409s][info][gc,start       ] GC(791) Pause Young (Allocation Failure)
[207.412s][info][gc,heap        ] GC(791) PSYoungGen: 343552K(343552K)->992K(336896K) Eden: 342528K(342528K)->0K(335872K) From: 1024K(1024K)->992K(1024K)
[207.412s][info][gc,heap        ] GC(791) ParOldGen: 10362K(1398272K)->10458K(1398272K)
[207.412s][info][gc,metaspace   ] GC(791) Metaspace: 14280K(15040K)->14280K(15040K) NonClass: 12329K(12800K)->12329K(12800K) Class: 1950K(2240K)->1950K(2240K)
[207.412s][info][gc             ] GC(791) Pause Young (Allocation Failure) 345M->11M(1694M) 2.797ms
[207.412s][info][gc,cpu         ] GC(791) User=0.00s Sys=0.00s Real=0.00s
[207.663s][info][gc,start       ] GC(792) Pause Young (Allocation Failure)
[207.666s][info][gc,heap        ] GC(792) PSYoungGen: 336864K(336896K)->992K(330752K) Eden: 335872K(335872K)->0K(329728K) From: 992K(1024K)->992K(1024K)
[207.666s][info][gc,heap        ] GC(792) ParOldGen: 10458K(1398272K)->10546K(1398272K)
[207.666s][info][gc,metaspace   ] GC(792) Metaspace: 14280K(15040K)->14280K(15040K) NonClass: 12329K(12800K)->12329K(12800K) Class: 1950K(2240K)->1950K(2240K)
[207.666s][info][gc             ] GC(792) Pause Young (Allocation Failure) 339M->11M(1688M) 2.825ms
[207.666s][info][gc,cpu         ] GC(792) User=0.52s Sys=0.00s Real=0.00s
[207.912s][info][gc,start       ] GC(793) Pause Young (Allocation Failure)
[207.915s][info][gc,heap        ] GC(793) PSYoungGen: 330720K(330752K)->992K(396800K) Eden: 329728K(329728K)->0K(395776K) From: 992K(1024K)->992K(1024K)
[207.915s][info][gc,heap        ] GC(793) ParOldGen: 10546K(1398272K)->10638K(1398272K)
[207.915s][info][gc,metaspace   ] GC(793) Metaspace: 14280K(15040K)->14280K(15040K) NonClass: 12329K(12800K)->12329K(12800K) Class: 1950K(2240K)->1950K(2240K)
[207.915s][info][gc             ] GC(793) Pause Young (Allocation Failure) 333M->11M(1753M) 2.931ms
[207.915s][info][gc,cpu         ] GC(793) User=0.52s Sys=0.00s Real=0.00s
[208.214s][info][gc,start       ] GC(794) Pause Young (Allocation Failure)
[208.217s][info][gc,heap        ] GC(794) PSYoungGen: 396768K(396800K)->1024K(476160K) Eden: 395776K(395776K)->0K(475136K) From: 992K(1024K)->1024K(1024K)
[208.217s][info][gc,heap        ] GC(794) ParOldGen: 10638K(1398272K)->10718K(1398272K)
[208.217s][info][gc,metaspace   ] GC(794) Metaspace: 14280K(15040K)->14280K(15040K) NonClass: 12329K(12800K)->12329K(12800K) Class: 1950K(2240K)->1950K(2240K)
[208.217s][info][gc             ] GC(794) Pause Young (Allocation Failure) 397M->11M(1830M) 3.123ms
[208.217s][info][gc,cpu         ] GC(794) User=0.00s Sys=0.00s Real=0.00s
[208.574s][info][gc,start       ] GC(795) Pause Young (Allocation Failure)
[208.578s][info][gc,heap        ] GC(795) PSYoungGen: 476160K(476160K)->1024K(464896K) Eden: 475136K(475136K)->0K(463872K) From: 1024K(1024K)->1024K(1024K)
[208.578s][info][gc,heap        ] GC(795) ParOldGen: 10718K(1398272K)->10830K(1398272K)
[208.578s][info][gc,metaspace   ] GC(795) Metaspace: 14280K(15040K)->14280K(15040K) NonClass: 12329K(12800K)->12329K(12800K) Class: 1950K(2240K)->1950K(2240K)
[208.578s][info][gc             ] GC(795) Pause Young (Allocation Failure) 475M->11M(1819M) 3.347ms
[208.578s][info][gc,cpu         ] GC(795) User=0.00s Sys=0.00s Real=0.00s
[208.927s][info][gc,start       ] GC(796) Pause Young (Allocation Failure)
[208.931s][info][gc,heap        ] GC(796) PSYoungGen: 464896K(464896K)->1024K(454144K) Eden: 463872K(463872K)->0K(453120K) From: 1024K(1024K)->1024K(1024K)
[208.931s][info][gc,heap        ] GC(796) ParOldGen: 10830K(1398272K)->10958K(1398272K)
[208.931s][info][gc,metaspace   ] GC(796) Metaspace: 14280K(15040K)->14280K(15040K) NonClass: 12329K(12800K)->12329K(12800K) Class: 1950K(2240K)->1950K(2240K)
[208.931s][info][gc             ] GC(796) Pause Young (Allocation Failure) 464M->11M(1809M) 3.383ms
[208.931s][info][gc,cpu         ] GC(796) User=0.52s Sys=0.00s Real=0.00s
[209.270s][info][gc,start       ] GC(797) Pause Young (Allocation Failure)
[209.273s][info][gc,heap        ] GC(797) PSYoungGen: 454144K(454144K)->1024K(443904K) Eden: 453120K(453120K)->0K(442880K) From: 1024K(1024K)->1024K(1024K)
[209.274s][info][gc,heap        ] GC(797) ParOldGen: 10958K(1398272K)->11070K(1398272K)
[209.274s][info][gc,metaspace   ] GC(797) Metaspace: 14280K(15040K)->14280K(15040K) NonClass: 12329K(12800K)->12329K(12800K) Class: 1950K(2240K)->1950K(2240K)
[209.274s][info][gc             ] GC(797) Pause Young (Allocation Failure) 454M->11M(1799M) 3.370ms
[209.274s][info][gc,cpu         ] GC(797) User=0.52s Sys=0.00s Real=0.00s
[209.597s][info][gc,start       ] GC(798) Pause Young (Allocation Failure)
[209.601s][info][gc,heap        ] GC(798) PSYoungGen: 443904K(443904K)->1056K(434688K) Eden: 442880K(442880K)->0K(433152K) From: 1024K(1024K)->1056K(1536K)
[209.601s][info][gc,heap        ] GC(798) ParOldGen: 11070K(1398272K)->11158K(1398272K)
[209.601s][info][gc,metaspace   ] GC(798) Metaspace: 14280K(15040K)->14280K(15040K) NonClass: 12329K(12800K)->12329K(12800K) Class: 1950K(2240K)->1950K(2240K)
[209.601s][info][gc             ] GC(798) Pause Young (Allocation Failure) 444M->11M(1790M) 3.407ms
[209.601s][info][gc,cpu         ] GC(798) User=0.00s Sys=0.00s Real=0.00s
[209.895s][info][gc,start       ] GC(799) Pause Young (Allocation Failure)
[209.899s][info][gc,heap        ] GC(799) PSYoungGen: 434208K(434688K)->1024K(424448K) Eden: 433152K(433152K)->0K(423424K) From: 1056K(1536K)->1024K(1024K)
[209.899s][info][gc,heap        ] GC(799) ParOldGen: 11158K(1398272K)->11278K(1398272K)
[209.899s][info][gc,metaspace   ] GC(799) Metaspace: 14280K(15040K)->14280K(15040K) NonClass: 12329K(12800K)->12329K(12800K) Class: 1950K(2240K)->1950K(2240K)
[209.899s][info][gc             ] GC(799) Pause Young (Allocation Failure) 434M->12M(1780M) 3.442ms
[209.899s][info][gc,cpu         ] GC(799) User=0.00s Sys=0.00s Real=0.00s
[210.150s][info][gc,start       ] GC(800) Pause Young (Allocation Failure)
[210.153s][info][gc,heap        ] GC(800) PSYoungGen: 424448K(424448K)->864K(509440K) Eden: 423424K(423424K)->0K(508416K) From: 1024K(1024K)->864K(1024K)
[210.153s][info][gc,heap        ] GC(800) ParOldGen: 11278K(1398272K)->11382K(1398272K)
[210.153s][info][gc,metaspace   ] GC(800) Metaspace: 14280K(15040K)->14280K(15040K) NonClass: 12329K(12800K)->12329K(12800K) Class: 1950K(2240K)->1950K(2240K)
[210.153s][info][gc             ] GC(800) Pause Young (Allocation Failure) 425M->11M(1863M) 3.372ms
[210.153s][info][gc,cpu         ] GC(800) User=0.00s Sys=0.00s Real=0.00s
[210.393s][info][gc,start       ] GC(801) Pause Young (System.gc())
[210.396s][info][gc,heap        ] GC(801) PSYoungGen: 344960K(509440K)->448K(508928K) Eden: 344096K(508416K)->0K(508416K) From: 864K(1024K)->448K(512K)
[210.396s][info][gc,heap        ] GC(801) ParOldGen: 11382K(1398272K)->11470K(1398272K)
[210.396s][info][gc,metaspace   ] GC(801) Metaspace: 14280K(15040K)->14280K(15040K) NonClass: 12329K(12800K)->12329K(12800K) Class: 1950K(2240K)->1950K(2240K)
[210.396s][info][gc             ] GC(801) Pause Young (System.gc()) 347M->11M(1862M) 2.734ms
[210.396s][info][gc,cpu         ] GC(801) User=0.00s Sys=0.00s Real=0.00s
[210.396s][info][gc,start       ] GC(802) Pause Full (System.gc())
[210.396s][info][gc,phases,start] GC(802) Marking Phase
[210.413s][info][gc,phases      ] GC(802) Marking Phase 16.994ms
[210.413s][info][gc,phases,start] GC(802) Summary Phase
[210.413s][info][gc,phases      ] GC(802) Summary Phase 0.021ms
[210.413s][info][gc,phases,start] GC(802) Adjust Roots
[210.420s][info][gc,phases      ] GC(802) Adjust Roots 6.648ms
[210.420s][info][gc,phases,start] GC(802) Compaction Phase
[210.422s][info][gc,phases      ] GC(802) Compaction Phase 1.803ms
[210.422s][info][gc,phases,start] GC(802) Post Compact
[210.422s][info][gc,phases      ] GC(802) Post Compact 0.549ms
[210.422s][info][gc,heap        ] GC(802) PSYoungGen: 448K(508928K)->0K(508928K) Eden: 0K(508416K)->0K(508416K) From: 448K(512K)->0K(512K)
[210.422s][info][gc,heap        ] GC(802) ParOldGen: 11470K(1398272K)->5366K(1398272K)
[210.422s][info][gc,metaspace   ] GC(802) Metaspace: 14280K(15040K)->14280K(15040K) NonClass: 12329K(12800K)->12329K(12800K) Class: 1950K(2240K)->1950K(2240K)
[210.422s][info][gc             ] GC(802) Pause Full (System.gc()) 11M->5M(1862M) 26.300ms
[210.422s][info][gc,cpu         ] GC(802) User=0.52s Sys=0.00s Real=0.02s
[210.865s][info][gc,start       ] GC(803) Pause Young (Allocation Failure)
[210.869s][info][gc,heap        ] GC(803) PSYoungGen: 508416K(508928K)->1536K(497664K) Eden: 508416K(508416K)->0K(496128K) From: 0K(512K)->1536K(1536K)
[210.869s][info][gc,heap        ] GC(803) ParOldGen: 5366K(1398272K)->5717K(1398272K)
[210.869s][info][gc,metaspace   ] GC(803) Metaspace: 14280K(15040K)->14280K(15040K) NonClass: 12329K(12800K)->12329K(12800K) Class: 1950K(2240K)->1950K(2240K)
[210.869s][info][gc             ] GC(803) Pause Young (Allocation Failure) 501M->7M(1851M) 3.777ms
[210.869s][info][gc,cpu         ] GC(803) User=0.52s Sys=0.00s Real=0.00s
[211.232s][info][gc,start       ] GC(804) Pause Young (Allocation Failure)
[211.235s][info][gc,heap        ] GC(804) PSYoungGen: 497664K(497664K)->1024K(485376K) Eden: 496128K(496128K)->0K(484352K) From: 1536K(1536K)->1024K(1024K)
[211.235s][info][gc,heap        ] GC(804) ParOldGen: 5717K(1398272K)->7083K(1398272K)
[211.235s][info][gc,metaspace   ] GC(804) Metaspace: 14280K(15040K)->14280K(15040K) NonClass: 12329K(12800K)->12329K(12800K) Class: 1950K(2240K)->1950K(2240K)
[211.235s][info][gc             ] GC(804) Pause Young (Allocation Failure) 491M->7M(1839M) 3.247ms
[211.235s][info][gc,cpu         ] GC(804) User=0.00s Sys=0.00s Real=0.00s
[211.597s][info][gc,start       ] GC(805) Pause Young (Allocation Failure)
[211.600s][info][gc,heap        ] GC(805) PSYoungGen: 485376K(485376K)->1024K(474112K) Eden: 484352K(484352K)->0K(473088K) From: 1024K(1024K)->1024K(1024K)
[211.600s][info][gc,heap        ] GC(805) ParOldGen: 7083K(1398272K)->7251K(1398272K)
[211.600s][info][gc,metaspace   ] GC(805) Metaspace: 14280K(15040K)->14280K(15040K) NonClass: 12329K(12800K)->12329K(12800K) Class: 1950K(2240K)->1950K(2240K)
[211.600s][info][gc             ] GC(805) Pause Young (Allocation Failure) 480M->8M(1828M) 3.290ms
[211.600s][info][gc,cpu         ] GC(805) User=0.00s Sys=0.00s Real=0.00s
[211.949s][info][gc,start       ] GC(806) Pause Young (Allocation Failure)
[211.953s][info][gc,heap        ] GC(806) PSYoungGen: 474112K(474112K)->1024K(463360K) Eden: 473088K(473088K)->0K(462336K) From: 1024K(1024K)->1024K(1024K)
[211.953s][info][gc,heap        ] GC(806) ParOldGen: 7251K(1398272K)->7347K(1398272K)
[211.953s][info][gc,metaspace   ] GC(806) Metaspace: 14280K(15040K)->14280K(15040K) NonClass: 12329K(12800K)->12329K(12800K) Class: 1950K(2240K)->1950K(2240K)
[211.953s][info][gc             ] GC(806) Pause Young (Allocation Failure) 470M->8M(1818M) 3.316ms
[211.953s][info][gc,cpu         ] GC(806) User=0.00s Sys=0.00s Real=0.00s
[212.297s][info][gc,start       ] GC(807) Pause Young (Allocation Failure)
[212.300s][info][gc,heap        ] GC(807) PSYoungGen: 463360K(463360K)->1024K(452608K) Eden: 462336K(462336K)->0K(451584K) From: 1024K(1024K)->1024K(1024K)
[212.300s][info][gc,heap        ] GC(807) ParOldGen: 7347K(1398272K)->7483K(1398272K)
[212.300s][info][gc,metaspace   ] GC(807) Metaspace: 14280K(15040K)->14280K(15040K) NonClass: 12329K(12800K)->12329K(12800K) Class: 1950K(2240K)->1950K(2240K)
[212.301s][info][gc             ] GC(807) Pause Young (Allocation Failure) 459M->8M(1807M) 3.411ms
[212.301s][info][gc,cpu         ] GC(807) User=0.00s Sys=0.00s Real=0.00s
[212.687s][info][gc,start       ] GC(808) Pause Young (Allocation Failure)
[212.691s][info][gc,heap        ] GC(808) PSYoungGen: 452608K(452608K)->992K(442368K) Eden: 451584K(451584K)->0K(441344K) From: 1024K(1024K)->992K(1024K)
[212.691s][info][gc,heap        ] GC(808) ParOldGen: 7483K(1398272K)->7627K(1398272K)
[212.691s][info][gc,metaspace   ] GC(808) Metaspace: 14280K(15040K)->14280K(15040K) NonClass: 12329K(12800K)->12329K(12800K) Class: 1950K(2240K)->1950K(2240K)
[212.691s][info][gc             ] GC(808) Pause Young (Allocation Failure) 449M->8M(1797M) 4.506ms
[212.691s][info][gc,cpu         ] GC(808) User=0.00s Sys=0.00s Real=0.00s
[213.044s][info][gc,start       ] GC(809) Pause Young (Allocation Failure)
[213.047s][info][gc,heap        ] GC(809) PSYoungGen: 442336K(442368K)->1024K(432640K) Eden: 441344K(441344K)->0K(431616K) From: 992K(1024K)->1024K(1024K)
[213.047s][info][gc,heap        ] GC(809) ParOldGen: 7627K(1398272K)->7747K(1398272K)
[213.047s][info][gc,metaspace   ] GC(809) Metaspace: 14280K(15040K)->14280K(15040K) NonClass: 12329K(12800K)->12329K(12800K) Class: 1950K(2240K)->1950K(2240K)
[213.047s][info][gc             ] GC(809) Pause Young (Allocation Failure) 439M->8M(1788M) 3.148ms
[213.047s][info][gc,cpu         ] GC(809) User=0.00s Sys=0.00s Real=0.00s
[213.370s][info][gc,start       ] GC(810) Pause Young (Allocation Failure)
[213.373s][info][gc,heap        ] GC(810) PSYoungGen: 432640K(432640K)->1024K(422912K) Eden: 431616K(431616K)->0K(421888K) From: 1024K(1024K)->1024K(1024K)
[213.373s][info][gc,heap        ] GC(810) ParOldGen: 7747K(1398272K)->7859K(1398272K)
[213.373s][info][gc,metaspace   ] GC(810) Metaspace: 14280K(15040K)->14280K(15040K) NonClass: 12329K(12800K)->12329K(12800K) Class: 1950K(2240K)->1950K(2240K)
[213.373s][info][gc             ] GC(810) Pause Young (Allocation Failure) 430M->8M(1778M) 3.174ms
[213.373s][info][gc,cpu         ] GC(810) User=0.00s Sys=0.00s Real=0.00s
[213.704s][info][gc,start       ] GC(811) Pause Young (Allocation Failure)
[213.707s][info][gc,heap        ] GC(811) PSYoungGen: 422912K(422912K)->1056K(414208K) Eden: 421888K(421888K)->0K(412672K) From: 1024K(1024K)->1056K(1536K)
[213.707s][info][gc,heap        ] GC(811) ParOldGen: 7859K(1398272K)->7987K(1398272K)
[213.707s][info][gc,metaspace   ] GC(811) Metaspace: 14280K(15040K)->14280K(15040K) NonClass: 12329K(12800K)->12329K(12800K) Class: 1950K(2240K)->1950K(2240K)
[213.707s][info][gc             ] GC(811) Pause Young (Allocation Failure) 420M->8M(1770M) 2.972ms
[213.707s][info][gc,cpu         ] GC(811) User=0.00s Sys=0.00s Real=0.00s
[214.014s][info][gc,start       ] GC(812) Pause Young (Allocation Failure)
[214.017s][info][gc,heap        ] GC(812) PSYoungGen: 413728K(414208K)->1024K(404992K) Eden: 412672K(412672K)->0K(403968K) From: 1056K(1536K)->1024K(1024K)
[214.017s][info][gc,heap        ] GC(812) ParOldGen: 7987K(1398272K)->8107K(1398272K)
[214.017s][info][gc,metaspace   ] GC(812) Metaspace: 14280K(15040K)->14280K(15040K) NonClass: 12329K(12800K)->12329K(12800K) Class: 1950K(2240K)->1950K(2240K)
[214.017s][info][gc             ] GC(812) Pause Young (Allocation Failure) 411M->8M(1761M) 2.965ms
[214.017s][info][gc,cpu         ] GC(812) User=0.00s Sys=0.00s Real=0.00s
[214.320s][info][gc,start       ] GC(813) Pause Young (Allocation Failure)
[214.323s][info][gc,heap        ] GC(813) PSYoungGen: 404992K(404992K)->1024K(396288K) Eden: 403968K(403968K)->0K(395264K) From: 1024K(1024K)->1024K(1024K)
[214.323s][info][gc,heap        ] GC(813) ParOldGen: 8107K(1398272K)->8251K(1398272K)
[214.323s][info][gc,metaspace   ] GC(813) Metaspace: 14280K(15040K)->14280K(15040K) NonClass: 12329K(12800K)->12329K(12800K) Class: 1950K(2240K)->1950K(2240K)
[214.323s][info][gc             ] GC(813) Pause Young (Allocation Failure) 403M->9M(1752M) 3.021ms
[214.323s][info][gc,cpu         ] GC(813) User=0.52s Sys=0.00s Real=0.00s
[214.617s][info][gc,start       ] GC(814) Pause Young (Allocation Failure)
[214.620s][info][gc,heap        ] GC(814) PSYoungGen: 396288K(396288K)->1024K(388096K) Eden: 395264K(395264K)->0K(387072K) From: 1024K(1024K)->1024K(1024K)
[214.620s][info][gc,heap        ] GC(814) ParOldGen: 8251K(1398272K)->8371K(1398272K)
[214.620s][info][gc,metaspace   ] GC(814) Metaspace: 14280K(15040K)->14280K(15040K) NonClass: 12329K(12800K)->12329K(12800K) Class: 1950K(2240K)->1950K(2240K)
[214.620s][info][gc             ] GC(814) Pause Young (Allocation Failure) 395M->9M(1744M) 3.141ms
[214.620s][info][gc,cpu         ] GC(814) User=0.52s Sys=0.00s Real=0.00s
[214.912s][info][gc,start       ] GC(815) Pause Young (Allocation Failure)
[214.916s][info][gc,heap        ] GC(815) PSYoungGen: 388096K(388096K)->1024K(379904K) Eden: 387072K(387072K)->0K(378880K) From: 1024K(1024K)->1024K(1024K)
[214.916s][info][gc,heap        ] GC(815) ParOldGen: 8371K(1398272K)->8467K(1398272K)
[214.916s][info][gc,metaspace   ] GC(815) Metaspace: 14280K(15040K)->14280K(15040K) NonClass: 12329K(12800K)->12329K(12800K) Class: 1950K(2240K)->1950K(2240K)
[214.916s][info][gc             ] GC(815) Pause Young (Allocation Failure) 387M->9M(1736M) 3.252ms
[214.916s][info][gc,cpu         ] GC(815) User=0.52s Sys=0.00s Real=0.00s
[215.197s][info][gc,start       ] GC(816) Pause Young (Allocation Failure)
[215.200s][info][gc,heap        ] GC(816) PSYoungGen: 379904K(379904K)->1024K(372224K) Eden: 378880K(378880K)->0K(371200K) From: 1024K(1024K)->1024K(1024K)
[215.200s][info][gc,heap        ] GC(816) ParOldGen: 8467K(1398272K)->8587K(1398272K)
[215.200s][info][gc,metaspace   ] GC(816) Metaspace: 14280K(15040K)->14280K(15040K) NonClass: 12329K(12800K)->12329K(12800K) Class: 1950K(2240K)->1950K(2240K)
[215.200s][info][gc             ] GC(816) Pause Young (Allocation Failure) 379M->9M(1729M) 3.179ms
[215.200s][info][gc,cpu         ] GC(816) User=0.00s Sys=0.00s Real=0.00s
[215.492s][info][gc,start       ] GC(817) Pause Young (Allocation Failure)
[215.495s][info][gc,heap        ] GC(817) PSYoungGen: 372224K(372224K)->1024K(364544K) Eden: 371200K(371200K)->0K(363520K) From: 1024K(1024K)->1024K(1024K)
[215.495s][info][gc,heap        ] GC(817) ParOldGen: 8587K(1398272K)->8691K(1398272K)
[215.495s][info][gc,metaspace   ] GC(817) Metaspace: 14280K(15040K)->14280K(15040K) NonClass: 12329K(12800K)->12329K(12800K) Class: 1950K(2240K)->1950K(2240K)
[215.495s][info][gc             ] GC(817) Pause Young (Allocation Failure) 371M->9M(1721M) 3.423ms
[215.495s][info][gc,cpu         ] GC(817) User=0.52s Sys=0.00s Real=0.00s
[215.776s][info][gc,start       ] GC(818) Pause Young (Allocation Failure)
[215.779s][info][gc,heap        ] GC(818) PSYoungGen: 364544K(364544K)->1024K(357376K) Eden: 363520K(363520K)->0K(356352K) From: 1024K(1024K)->1024K(1024K)
[215.779s][info][gc,heap        ] GC(818) ParOldGen: 8691K(1398272K)->8803K(1398272K)
[215.779s][info][gc,metaspace   ] GC(818) Metaspace: 14280K(15040K)->14280K(15040K) NonClass: 12329K(12800K)->12329K(12800K) Class: 1950K(2240K)->1950K(2240K)
[215.779s][info][gc             ] GC(818) Pause Young (Allocation Failure) 364M->9M(1714M) 3.044ms
[215.779s][info][gc,cpu         ] GC(818) User=0.00s Sys=0.00s Real=0.00s
[216.053s][info][gc,start       ] GC(819) Pause Young (Allocation Failure)
[216.056s][info][gc,heap        ] GC(819) PSYoungGen: 357376K(357376K)->1024K(350208K) Eden: 356352K(356352K)->0K(349184K) From: 1024K(1024K)->1024K(1024K)
[216.056s][info][gc,heap        ] GC(819) ParOldGen: 8803K(1398272K)->8931K(1398272K)
[216.056s][info][gc,metaspace   ] GC(819) Metaspace: 14280K(15040K)->14280K(15040K) NonClass: 12329K(12800K)->12329K(12800K) Class: 1950K(2240K)->1950K(2240K)
[216.056s][info][gc             ] GC(819) Pause Young (Allocation Failure) 357M->9M(1707M) 2.986ms
[216.056s][info][gc,cpu         ] GC(819) User=0.52s Sys=0.00s Real=0.00s
[216.336s][info][gc,start       ] GC(820) Pause Young (Allocation Failure)
[216.345s][info][gc,heap        ] GC(820) PSYoungGen: 350208K(350208K)->1024K(343552K) Eden: 349184K(349184K)->0K(342528K) From: 1024K(1024K)->1024K(1024K)
[216.345s][info][gc,heap        ] GC(820) ParOldGen: 8931K(1398272K)->9027K(1398272K)
[216.345s][info][gc,metaspace   ] GC(820) Metaspace: 14280K(15040K)->14280K(15040K) NonClass: 12329K(12800K)->12329K(12800K) Class: 1950K(2240K)->1950K(2240K)
[216.345s][info][gc             ] GC(820) Pause Young (Allocation Failure) 350M->9M(1701M) 9.315ms
[216.345s][info][gc,cpu         ] GC(820) User=0.00s Sys=0.00s Real=0.01s
[216.600s][info][gc,start       ] GC(821) Pause Young (Allocation Failure)
[216.603s][info][gc,heap        ] GC(821) PSYoungGen: 343552K(343552K)->1024K(336896K) Eden: 342528K(342528K)->0K(335872K) From: 1024K(1024K)->1024K(1024K)
[216.603s][info][gc,heap        ] GC(821) ParOldGen: 9027K(1398272K)->9131K(1398272K)
[216.603s][info][gc,metaspace   ] GC(821) Metaspace: 14280K(15040K)->14280K(15040K) NonClass: 12329K(12800K)->12329K(12800K) Class: 1950K(2240K)->1950K(2240K)
[216.603s][info][gc             ] GC(821) Pause Young (Allocation Failure) 344M->9M(1694M) 2.944ms
[216.603s][info][gc,cpu         ] GC(821) User=0.00s Sys=0.00s Real=0.00s
[216.853s][info][gc,start       ] GC(822) Pause Young (Allocation Failure)
[216.855s][info][gc,heap        ] GC(822) PSYoungGen: 336896K(336896K)->1024K(404480K) Eden: 335872K(335872K)->0K(403456K) From: 1024K(1024K)->1024K(1024K)
[216.856s][info][gc,heap        ] GC(822) ParOldGen: 9131K(1398272K)->9243K(1398272K)
[216.856s][info][gc,metaspace   ] GC(822) Metaspace: 14280K(15040K)->14280K(15040K) NonClass: 12329K(12800K)->12329K(12800K) Class: 1950K(2240K)->1950K(2240K)
[216.856s][info][gc             ] GC(822) Pause Young (Allocation Failure) 337M->10M(1760M) 2.870ms
[216.856s][info][gc,cpu         ] GC(822) User=0.00s Sys=0.00s Real=0.00s
[217.157s][info][gc,start       ] GC(823) Pause Young (Allocation Failure)
[217.160s][info][gc,heap        ] GC(823) PSYoungGen: 404480K(404480K)->1024K(395776K) Eden: 403456K(403456K)->0K(394752K) From: 1024K(1024K)->1024K(1024K)
[217.160s][info][gc,heap        ] GC(823) ParOldGen: 9243K(1398272K)->9347K(1398272K)
[217.160s][info][gc,metaspace   ] GC(823) Metaspace: 14280K(15040K)->14280K(15040K) NonClass: 12329K(12800K)->12329K(12800K) Class: 1950K(2240K)->1950K(2240K)
[217.160s][info][gc             ] GC(823) Pause Young (Allocation Failure) 404M->10M(1752M) 3.002ms
[217.160s][info][gc,cpu         ] GC(823) User=0.00s Sys=0.00s Real=0.00s
[217.458s][info][gc,start       ] GC(824) Pause Young (Allocation Failure)
[217.461s][info][gc,heap        ] GC(824) PSYoungGen: 395776K(395776K)->992K(387584K) Eden: 394752K(394752K)->0K(386560K) From: 1024K(1024K)->992K(1024K)
[217.461s][info][gc,heap        ] GC(824) ParOldGen: 9347K(1398272K)->9467K(1398272K)
[217.461s][info][gc,metaspace   ] GC(824) Metaspace: 14280K(15040K)->14280K(15040K) NonClass: 12329K(12800K)->12329K(12800K) Class: 1950K(2240K)->1950K(2240K)
[217.461s][info][gc             ] GC(824) Pause Young (Allocation Failure) 395M->10M(1744M) 3.117ms
[217.461s][info][gc,cpu         ] GC(824) User=0.52s Sys=0.00s Real=0.00s
[217.752s][info][gc,start       ] GC(825) Pause Young (Allocation Failure)
[217.755s][info][gc,heap        ] GC(825) PSYoungGen: 387552K(387584K)->1024K(379392K) Eden: 386560K(386560K)->0K(378368K) From: 992K(1024K)->1024K(1024K)
[217.755s][info][gc,heap        ] GC(825) ParOldGen: 9467K(1398272K)->9571K(1398272K)
[217.755s][info][gc,metaspace   ] GC(825) Metaspace: 14280K(15040K)->14280K(15040K) NonClass: 12329K(12800K)->12329K(12800K) Class: 1950K(2240K)->1950K(2240K)
[217.755s][info][gc             ] GC(825) Pause Young (Allocation Failure) 387M->10M(1736M) 3.247ms
[217.755s][info][gc,cpu         ] GC(825) User=0.00s Sys=0.00s Real=0.00s
[218.040s][info][gc,start       ] GC(826) Pause Young (Allocation Failure)
[218.043s][info][gc,heap        ] GC(826) PSYoungGen: 379392K(379392K)->1024K(371712K) Eden: 378368K(378368K)->0K(370688K) From: 1024K(1024K)->1024K(1024K)
[218.043s][info][gc,heap        ] GC(826) ParOldGen: 9571K(1398272K)->9707K(1398272K)
[218.043s][info][gc,metaspace   ] GC(826) Metaspace: 14280K(15040K)->14280K(15040K) NonClass: 12329K(12800K)->12329K(12800K) Class: 1950K(2240K)->1950K(2240K)
[218.043s][info][gc             ] GC(826) Pause Young (Allocation Failure) 379M->10M(1728M) 3.223ms
[218.043s][info][gc,cpu         ] GC(826) User=0.00s Sys=0.00s Real=0.00s
[218.321s][info][gc,start       ] GC(827) Pause Young (Allocation Failure)
[218.324s][info][gc,heap        ] GC(827) PSYoungGen: 371712K(371712K)->992K(445952K) Eden: 370688K(370688K)->0K(444928K) From: 1024K(1024K)->992K(1024K)
[218.324s][info][gc,heap        ] GC(827) ParOldGen: 9707K(1398272K)->9811K(1398272K)
[218.324s][info][gc,metaspace   ] GC(827) Metaspace: 14280K(15040K)->14280K(15040K) NonClass: 12329K(12800K)->12329K(12800K) Class: 1950K(2240K)->1950K(2240K)
[218.324s][info][gc             ] GC(827) Pause Young (Allocation Failure) 372M->10M(1801M) 3.272ms
[218.324s][info][gc,cpu         ] GC(827) User=0.00s Sys=0.00s Real=0.00s
[218.655s][info][gc,start       ] GC(828) Pause Young (Allocation Failure)
[218.658s][info][gc,heap        ] GC(828) PSYoungGen: 445920K(445952K)->1024K(436224K) Eden: 444928K(444928K)->0K(435200K) From: 992K(1024K)->1024K(1024K)
[218.658s][info][gc,heap        ] GC(828) ParOldGen: 9811K(1398272K)->9915K(1398272K)
[218.658s][info][gc,metaspace   ] GC(828) Metaspace: 14280K(15040K)->14280K(15040K) NonClass: 12329K(12800K)->12329K(12800K) Class: 1950K(2240K)->1950K(2240K)
[218.658s][info][gc             ] GC(828) Pause Young (Allocation Failure) 445M->10M(1791M) 3.450ms
[218.658s][info][gc,cpu         ] GC(828) User=0.00s Sys=0.00s Real=0.00s
[218.987s][info][gc,start       ] GC(829) Pause Young (Allocation Failure)
[218.990s][info][gc,heap        ] GC(829) PSYoungGen: 436224K(436224K)->1024K(426496K) Eden: 435200K(435200K)->0K(425472K) From: 1024K(1024K)->1024K(1024K)
[218.990s][info][gc,heap        ] GC(829) ParOldGen: 9915K(1398272K)->10059K(1398272K)
[218.990s][info][gc,metaspace   ] GC(829) Metaspace: 14280K(15040K)->14280K(15040K) NonClass: 12329K(12800K)->12329K(12800K) Class: 1950K(2240K)->1950K(2240K)
[218.990s][info][gc             ] GC(829) Pause Young (Allocation Failure) 435M->10M(1782M) 3.387ms
[218.990s][info][gc,cpu         ] GC(829) User=0.00s Sys=0.00s Real=0.00s
[219.345s][info][gc,start       ] GC(830) Pause Young (Allocation Failure)
[219.349s][info][gc,heap        ] GC(830) PSYoungGen: 426496K(426496K)->1024K(497152K) Eden: 425472K(425472K)->0K(495616K) From: 1024K(1024K)->1024K(1536K)
[219.349s][info][gc,heap        ] GC(830) ParOldGen: 10059K(1398272K)->10155K(1398272K)
[219.349s][info][gc,metaspace   ] GC(830) Metaspace: 14280K(15040K)->14280K(15040K) NonClass: 12329K(12800K)->12329K(12800K) Class: 1950K(2240K)->1950K(2240K)
[219.349s][info][gc             ] GC(830) Pause Young (Allocation Failure) 426M->10M(1851M) 4.378ms
[219.349s][info][gc,cpu         ] GC(830) User=0.00s Sys=0.00s Real=0.00s
[219.742s][info][gc,start       ] GC(831) Pause Young (Allocation Failure)
[219.745s][info][gc,heap        ] GC(831) PSYoungGen: 496640K(497152K)->1024K(484864K) Eden: 495616K(495616K)->0K(483840K) From: 1024K(1536K)->1024K(1024K)
[219.745s][info][gc,heap        ] GC(831) ParOldGen: 10155K(1398272K)->10259K(1398272K)
[219.745s][info][gc,metaspace   ] GC(831) Metaspace: 14280K(15040K)->14280K(15040K) NonClass: 12329K(12800K)->12329K(12800K) Class: 1950K(2240K)->1950K(2240K)
[219.745s][info][gc             ] GC(831) Pause Young (Allocation Failure) 494M->11M(1839M) 3.312ms
[219.745s][info][gc,cpu         ] GC(831) User=0.52s Sys=0.00s Real=0.00s
[220.127s][info][gc,start       ] GC(832) Pause Young (Allocation Failure)
[220.130s][info][gc,heap        ] GC(832) PSYoungGen: 484864K(484864K)->1024K(473600K) Eden: 483840K(483840K)->0K(472576K) From: 1024K(1024K)->1024K(1024K)
[220.130s][info][gc,heap        ] GC(832) ParOldGen: 10259K(1398272K)->10403K(1398272K)
[220.130s][info][gc,metaspace   ] GC(832) Metaspace: 14280K(15040K)->14280K(15040K) NonClass: 12329K(12800K)->12329K(12800K) Class: 1950K(2240K)->1950K(2240K)
[220.130s][info][gc             ] GC(832) Pause Young (Allocation Failure) 483M->11M(1828M) 2.997ms
[220.130s][info][gc,cpu         ] GC(832) User=0.00s Sys=0.00s Real=0.00s
[220.485s][info][gc,start       ] GC(833) Pause Young (Allocation Failure)
[220.488s][info][gc,heap        ] GC(833) PSYoungGen: 473600K(473600K)->1024K(462848K) Eden: 472576K(472576K)->0K(461824K) From: 1024K(1024K)->1024K(1024K)
[220.488s][info][gc,heap        ] GC(833) ParOldGen: 10403K(1398272K)->10531K(1398272K)
[220.488s][info][gc,metaspace   ] GC(833) Metaspace: 14280K(15040K)->14280K(15040K) NonClass: 12329K(12800K)->12329K(12800K) Class: 1950K(2240K)->1950K(2240K)
[220.488s][info][gc             ] GC(833) Pause Young (Allocation Failure) 472M->11M(1817M) 3.146ms
[220.488s][info][gc,cpu         ] GC(833) User=0.00s Sys=0.00s Real=0.00s
[220.836s][info][gc,start       ] GC(834) Pause Young (Allocation Failure)
[220.839s][info][gc,heap        ] GC(834) PSYoungGen: 462848K(462848K)->1024K(452096K) Eden: 461824K(461824K)->0K(451072K) From: 1024K(1024K)->1024K(1024K)
[220.839s][info][gc,heap        ] GC(834) ParOldGen: 10531K(1398272K)->10655K(1398272K)
[220.839s][info][gc,metaspace   ] GC(834) Metaspace: 14280K(15040K)->14280K(15040K) NonClass: 12329K(12800K)->12329K(12800K) Class: 1950K(2240K)->1950K(2240K)
[220.839s][info][gc             ] GC(834) Pause Young (Allocation Failure) 462M->11M(1807M) 3.171ms
[220.839s][info][gc,cpu         ] GC(834) User=0.00s Sys=0.00s Real=0.00s
[221.175s][info][gc,start       ] GC(835) Pause Young (Allocation Failure)
[221.179s][info][gc,heap        ] GC(835) PSYoungGen: 452096K(452096K)->1024K(441856K) Eden: 451072K(451072K)->0K(440832K) From: 1024K(1024K)->1024K(1024K)
[221.179s][info][gc,heap        ] GC(835) ParOldGen: 10655K(1398272K)->10791K(1398272K)
[221.179s][info][gc,metaspace   ] GC(835) Metaspace: 14280K(15040K)->14280K(15040K) NonClass: 12329K(12800K)->12329K(12800K) Class: 1950K(2240K)->1950K(2240K)
[221.179s][info][gc             ] GC(835) Pause Young (Allocation Failure) 451M->11M(1797M) 3.284ms
[221.179s][info][gc,cpu         ] GC(835) User=0.00s Sys=0.00s Real=0.00s
[221.509s][info][gc,start       ] GC(836) Pause Young (Allocation Failure)
[221.512s][info][gc,heap        ] GC(836) PSYoungGen: 441856K(441856K)->1024K(432128K) Eden: 440832K(440832K)->0K(431104K) From: 1024K(1024K)->1024K(1024K)
[221.512s][info][gc,heap        ] GC(836) ParOldGen: 10791K(1398272K)->10919K(1398272K)
[221.512s][info][gc,metaspace   ] GC(836) Metaspace: 14280K(15040K)->14280K(15040K) NonClass: 12329K(12800K)->12329K(12800K) Class: 1950K(2240K)->1950K(2240K)
[221.512s][info][gc             ] GC(836) Pause Young (Allocation Failure) 442M->11M(1787M) 3.371ms
[221.512s][info][gc,cpu         ] GC(836) User=0.00s Sys=0.00s Real=0.00s
[221.828s][info][gc,start       ] GC(837) Pause Young (Allocation Failure)
[221.831s][info][gc,heap        ] GC(837) PSYoungGen: 432128K(432128K)->992K(422912K) Eden: 431104K(431104K)->0K(421888K) From: 1024K(1024K)->992K(1024K)
[221.831s][info][gc,heap        ] GC(837) ParOldGen: 10919K(1398272K)->11063K(1398272K)
[221.831s][info][gc,metaspace   ] GC(837) Metaspace: 14280K(15040K)->14280K(15040K) NonClass: 12329K(12800K)->12329K(12800K) Class: 1950K(2240K)->1950K(2240K)
[221.831s][info][gc             ] GC(837) Pause Young (Allocation Failure) 432M->11M(1778M) 3.308ms
[221.831s][info][gc,cpu         ] GC(837) User=0.00s Sys=0.00s Real=0.00s
[222.173s][info][gc,start       ] GC(838) Pause Young (Allocation Failure)
[222.177s][info][gc,heap        ] GC(838) PSYoungGen: 422880K(422912K)->1024K(413696K) Eden: 421888K(421888K)->0K(412672K) From: 992K(1024K)->1024K(1024K)
[222.177s][info][gc,heap        ] GC(838) ParOldGen: 11063K(1398272K)->11191K(1398272K)
[222.177s][info][gc,metaspace   ] GC(838) Metaspace: 14280K(15040K)->14280K(15040K) NonClass: 12329K(12800K)->12329K(12800K) Class: 1950K(2240K)->1950K(2240K)
[222.177s][info][gc             ] GC(838) Pause Young (Allocation Failure) 423M->11M(1769M) 4.228ms
[222.177s][info][gc,cpu         ] GC(838) User=0.00s Sys=0.00s Real=0.00s
[222.514s][info][gc,start       ] GC(839) Pause Young (Allocation Failure)
[222.517s][info][gc,heap        ] GC(839) PSYoungGen: 413696K(413696K)->1024K(404992K) Eden: 412672K(412672K)->0K(403968K) From: 1024K(1024K)->1024K(1024K)
[222.517s][info][gc,heap        ] GC(839) ParOldGen: 11191K(1398272K)->11295K(1398272K)
[222.517s][info][gc,metaspace   ] GC(839) Metaspace: 14280K(15040K)->14280K(15040K) NonClass: 12329K(12800K)->12329K(12800K) Class: 1950K(2240K)->1950K(2240K)
[222.517s][info][gc             ] GC(839) Pause Young (Allocation Failure) 414M->12M(1761M) 3.204ms
[222.517s][info][gc,cpu         ] GC(839) User=0.00s Sys=0.00s Real=0.00s
[222.758s][info][gc,start       ] GC(840) Pause Young (Allocation Failure)
[222.761s][info][gc,heap        ] GC(840) PSYoungGen: 404992K(404992K)->992K(485888K) Eden: 403968K(403968K)->0K(484864K) From: 1024K(1024K)->992K(1024K)
[222.761s][info][gc,heap        ] GC(840) ParOldGen: 11295K(1398272K)->11383K(1398272K)
[222.761s][info][gc,metaspace   ] GC(840) Metaspace: 14280K(15040K)->14280K(15040K) NonClass: 12329K(12800K)->12329K(12800K) Class: 1950K(2240K)->1950K(2240K)
[222.761s][info][gc             ] GC(840) Pause Young (Allocation Failure) 406M->12M(1840M) 3.160ms
[222.761s][info][gc,cpu         ] GC(840) User=0.52s Sys=0.00s Real=0.00s
[223.027s][info][gc,start       ] GC(841) Pause Young (Allocation Failure)
[223.031s][info][gc,heap        ] GC(841) PSYoungGen: 485856K(485888K)->608K(492032K) Eden: 484864K(484864K)->0K(490496K) From: 992K(1024K)->608K(1536K)
[223.031s][info][gc,heap        ] GC(841) ParOldGen: 11383K(1398272K)->11447K(1398272K)
[223.031s][info][gc,metaspace   ] GC(841) Metaspace: 14280K(15040K)->14280K(15040K) NonClass: 12329K(12800K)->12329K(12800K) Class: 1950K(2240K)->1950K(2240K)
[223.031s][info][gc             ] GC(841) Pause Young (Allocation Failure) 485M->11M(1846M) 3.495ms
[223.031s][info][gc,cpu         ] GC(841) User=0.00s Sys=0.00s Real=0.00s
[223.202s][info][gc,start       ] GC(842) Pause Young (System.gc())
[223.204s][info][gc,heap        ] GC(842) PSYoungGen: 89021K(492032K)->192K(583680K) Eden: 88413K(490496K)->0K(582144K) From: 608K(1536K)->192K(1536K)
[223.204s][info][gc,heap        ] GC(842) ParOldGen: 11447K(1398272K)->11527K(1398272K)
[223.204s][info][gc,metaspace   ] GC(842) Metaspace: 14280K(15040K)->14280K(15040K) NonClass: 12329K(12800K)->12329K(12800K) Class: 1950K(2240K)->1950K(2240K)
[223.204s][info][gc             ] GC(842) Pause Young (System.gc()) 98M->11M(1935M) 2.713ms
[223.205s][info][gc,cpu         ] GC(842) User=0.00s Sys=0.00s Real=0.00s
[223.205s][info][gc,start       ] GC(843) Pause Full (System.gc())
[223.205s][info][gc,phases,start] GC(843) Marking Phase
[223.221s][info][gc,phases      ] GC(843) Marking Phase 16.587ms
[223.221s][info][gc,phases,start] GC(843) Summary Phase
[223.221s][info][gc,phases      ] GC(843) Summary Phase 0.024ms
[223.221s][info][gc,phases,start] GC(843) Adjust Roots
[223.227s][info][gc,phases      ] GC(843) Adjust Roots 5.638ms
[223.227s][info][gc,phases,start] GC(843) Compaction Phase
[223.229s][info][gc,phases      ] GC(843) Compaction Phase 1.813ms
[223.229s][info][gc,phases,start] GC(843) Post Compact
[223.229s][info][gc,phases      ] GC(843) Post Compact 0.581ms
[223.230s][info][gc,heap        ] GC(843) PSYoungGen: 192K(583680K)->0K(583680K) Eden: 0K(582144K)->0K(582144K) From: 192K(1536K)->0K(1536K)
[223.230s][info][gc,heap        ] GC(843) ParOldGen: 11527K(1398272K)->5366K(1398272K)
[223.230s][info][gc,metaspace   ] GC(843) Metaspace: 14280K(15040K)->14280K(15040K) NonClass: 12329K(12800K)->12329K(12800K) Class: 1950K(2240K)->1950K(2240K)
[223.230s][info][gc             ] GC(843) Pause Full (System.gc()) 11M->5M(1935M) 24.988ms
[223.230s][info][gc,cpu         ] GC(843) User=0.52s Sys=0.00s Real=0.02s
[223.720s][info][gc,start       ] GC(844) Pause Young (Allocation Failure)
[223.724s][info][gc,heap        ] GC(844) PSYoungGen: 582144K(583680K)->1536K(568832K) Eden: 582144K(582144K)->0K(567296K) From: 0K(1536K)->1536K(1536K)
[223.724s][info][gc,heap        ] GC(844) ParOldGen: 5366K(1398272K)->5790K(1398272K)
[223.724s][info][gc,metaspace   ] GC(844) Metaspace: 14280K(15040K)->14280K(15040K) NonClass: 12329K(12800K)->12329K(12800K) Class: 1950K(2240K)->1950K(2240K)
[223.724s][info][gc             ] GC(844) Pause Young (Allocation Failure) 573M->7M(1921M) 4.085ms
[223.724s][info][gc,cpu         ] GC(844) User=0.00s Sys=0.00s Real=0.00s
[224.193s][info][gc,start       ] GC(845) Pause Young (Allocation Failure)
[224.197s][info][gc,heap        ] GC(845) PSYoungGen: 568832K(568832K)->512K(553472K) Eden: 567296K(567296K)->0K(552960K) From: 1536K(1536K)->512K(512K)
[224.197s][info][gc,heap        ] GC(845) ParOldGen: 5790K(1398272K)->7163K(1398272K)
[224.197s][info][gc,metaspace   ] GC(845) Metaspace: 14280K(15040K)->14280K(15040K) NonClass: 12329K(12800K)->12329K(12800K) Class: 1950K(2240K)->1950K(2240K)
[224.197s][info][gc             ] GC(845) Pause Young (Allocation Failure) 561M->7M(1906M) 3.477ms
[224.197s][info][gc,cpu         ] GC(845) User=0.52s Sys=0.00s Real=0.00s
[224.615s][info][gc,start       ] GC(846) Pause Young (Allocation Failure)
[224.618s][info][gc,heap        ] GC(846) PSYoungGen: 553472K(553472K)->1056K(541184K) Eden: 552960K(552960K)->0K(539136K) From: 512K(512K)->1056K(2048K)
[224.648s][info][gc,heap        ] GC(846) ParOldGen: 7163K(1398272K)->7243K(1398272K)
[224.648s][info][gc,metaspace   ] GC(846) Metaspace: 14280K(15040K)->14280K(15040K) NonClass: 12329K(12800K)->12329K(12800K) Class: 1950K(2240K)->1950K(2240K)
[224.648s][info][gc             ] GC(846) Pause Young (Allocation Failure) 547M->8M(1894M) 33.547ms
[224.648s][info][gc,cpu         ] GC(846) User=0.52s Sys=0.00s Real=0.03s
[225.055s][info][gc,start       ] GC(847) Pause Young (Allocation Failure)
[225.059s][info][gc,heap        ] GC(847) PSYoungGen: 540192K(541184K)->1024K(526848K) Eden: 539136K(539136K)->0K(525824K) From: 1056K(2048K)->1024K(1024K)
[225.059s][info][gc,heap        ] GC(847) ParOldGen: 7243K(1398272K)->7419K(1398272K)
[225.059s][info][gc,metaspace   ] GC(847) Metaspace: 14280K(15040K)->14280K(15040K) NonClass: 12329K(12800K)->12329K(12800K) Class: 1950K(2240K)->1950K(2240K)
[225.059s][info][gc             ] GC(847) Pause Young (Allocation Failure) 534M->8M(1880M) 3.506ms
[225.059s][info][gc,cpu         ] GC(847) User=0.00s Sys=0.00s Real=0.00s
[225.456s][info][gc,start       ] GC(848) Pause Young (Allocation Failure)
[225.459s][info][gc,heap        ] GC(848) PSYoungGen: 526848K(526848K)->1056K(514560K) Eden: 525824K(525824K)->0K(513024K) From: 1024K(1024K)->1056K(1536K)
[225.459s][info][gc,heap        ] GC(848) ParOldGen: 7419K(1398272K)->7523K(1398272K)
[225.459s][info][gc,metaspace   ] GC(848) Metaspace: 14280K(15040K)->14280K(15040K) NonClass: 12329K(12800K)->12329K(12800K) Class: 1950K(2240K)->1950K(2240K)
[225.459s][info][gc             ] GC(848) Pause Young (Allocation Failure) 521M->8M(1868M) 3.563ms
[225.459s][info][gc,cpu         ] GC(848) User=0.00s Sys=0.00s Real=0.00s
[225.928s][info][gc,start       ] GC(849) Pause Young (Allocation Failure)
[225.933s][info][gc,heap        ] GC(849) PSYoungGen: 514080K(514560K)->992K(501760K) Eden: 513024K(513024K)->0K(500736K) From: 1056K(1536K)->992K(1024K)
[225.933s][info][gc,heap        ] GC(849) ParOldGen: 7523K(1398272K)->7659K(1398272K)
[225.933s][info][gc,metaspace   ] GC(849) Metaspace: 14280K(15040K)->14280K(15040K) NonClass: 12329K(12800K)->12329K(12800K) Class: 1950K(2240K)->1950K(2240K)
[225.933s][info][gc             ] GC(849) Pause Young (Allocation Failure) 509M->8M(1855M) 4.521ms
[225.933s][info][gc,cpu         ] GC(849) User=0.52s Sys=0.00s Real=0.00s
[226.334s][info][gc,start       ] GC(850) Pause Young (Allocation Failure)
[226.337s][info][gc,heap        ] GC(850) PSYoungGen: 501728K(501760K)->1056K(490496K) Eden: 500736K(500736K)->0K(488960K) From: 992K(1024K)->1056K(1536K)
[226.337s][info][gc,heap        ] GC(850) ParOldGen: 7659K(1398272K)->7811K(1398272K)
[226.337s][info][gc,metaspace   ] GC(850) Metaspace: 14280K(15040K)->14280K(15040K) NonClass: 12329K(12800K)->12329K(12800K) Class: 1950K(2240K)->1950K(2240K)
[226.337s][info][gc             ] GC(850) Pause Young (Allocation Failure) 497M->8M(1844M) 3.273ms
[226.337s][info][gc,cpu         ] GC(850) User=0.52s Sys=0.00s Real=0.00s
[226.710s][info][gc,start       ] GC(851) Pause Young (Allocation Failure)
[226.713s][info][gc,heap        ] GC(851) PSYoungGen: 490016K(490496K)->1024K(478208K) Eden: 488960K(488960K)->0K(477184K) From: 1056K(1536K)->1024K(1024K)
[226.713s][info][gc,heap        ] GC(851) ParOldGen: 7811K(1398272K)->7947K(1398272K)
[226.713s][info][gc,metaspace   ] GC(851) Metaspace: 14280K(15040K)->14280K(15040K) NonClass: 12329K(12800K)->12329K(12800K) Class: 1950K(2240K)->1950K(2240K)
[226.713s][info][gc             ] GC(851) Pause Young (Allocation Failure) 486M->8M(1832M) 3.271ms
[226.713s][info][gc,cpu         ] GC(851) User=0.52s Sys=0.00s Real=0.00s
[227.088s][info][gc,start       ] GC(852) Pause Young (Allocation Failure)
[227.091s][info][gc,heap        ] GC(852) PSYoungGen: 478208K(478208K)->1024K(466944K) Eden: 477184K(477184K)->0K(465920K) From: 1024K(1024K)->1024K(1024K)
[227.091s][info][gc,heap        ] GC(852) ParOldGen: 7947K(1398272K)->8099K(1398272K)
[227.091s][info][gc,metaspace   ] GC(852) Metaspace: 14280K(15040K)->14280K(15040K) NonClass: 12329K(12800K)->12329K(12800K) Class: 1950K(2240K)->1950K(2240K)
[227.091s][info][gc             ] GC(852) Pause Young (Allocation Failure) 474M->8M(1821M) 3.138ms
[227.091s][info][gc,cpu         ] GC(852) User=0.00s Sys=0.00s Real=0.00s
[227.442s][info][gc,start       ] GC(853) Pause Young (Allocation Failure)
[227.445s][info][gc,heap        ] GC(853) PSYoungGen: 466944K(466944K)->1056K(456704K) Eden: 465920K(465920K)->0K(455168K) From: 1024K(1024K)->1056K(1536K)
[227.445s][info][gc,heap        ] GC(853) ParOldGen: 8099K(1398272K)->8211K(1398272K)
[227.445s][info][gc,metaspace   ] GC(853) Metaspace: 14280K(15040K)->14280K(15040K) NonClass: 12329K(12800K)->12329K(12800K) Class: 1950K(2240K)->1950K(2240K)
[227.445s][info][gc             ] GC(853) Pause Young (Allocation Failure) 463M->9M(1811M) 3.160ms
[227.445s][info][gc,cpu         ] GC(853) User=0.00s Sys=0.00s Real=0.00s
[227.788s][info][gc,start       ] GC(854) Pause Young (Allocation Failure)
[227.791s][info][gc,heap        ] GC(854) PSYoungGen: 456224K(456704K)->1056K(446464K) Eden: 455168K(455168K)->0K(444928K) From: 1056K(1536K)->1056K(1536K)
[227.791s][info][gc,heap        ] GC(854) ParOldGen: 8211K(1398272K)->8323K(1398272K)
[227.791s][info][gc,metaspace   ] GC(854) Metaspace: 14280K(15040K)->14280K(15040K) NonClass: 12329K(12800K)->12329K(12800K) Class: 1950K(2240K)->1950K(2240K)
[227.791s][info][gc             ] GC(854) Pause Young (Allocation Failure) 453M->9M(1801M) 3.283ms
[227.791s][info][gc,cpu         ] GC(854) User=0.52s Sys=0.00s Real=0.00s
[228.126s][info][gc,start       ] GC(855) Pause Young (Allocation Failure)
[228.129s][info][gc,heap        ] GC(855) PSYoungGen: 445984K(446464K)->512K(435712K) Eden: 444928K(444928K)->0K(435200K) From: 1056K(1536K)->512K(512K)
[228.129s][info][gc,heap        ] GC(855) ParOldGen: 8323K(1398272K)->8539K(1398272K)
[228.129s][info][gc,metaspace   ] GC(855) Metaspace: 14280K(15040K)->14280K(15040K) NonClass: 12329K(12800K)->12329K(12800K) Class: 1950K(2240K)->1950K(2240K)
[228.129s][info][gc             ] GC(855) Pause Young (Allocation Failure) 443M->8M(1791M) 3.295ms
[228.129s][info][gc,cpu         ] GC(855) User=0.00s Sys=0.00s Real=0.00s
[228.457s][info][gc,start       ] GC(856) Pause Young (Allocation Failure)
[228.460s][info][gc,heap        ] GC(856) PSYoungGen: 435712K(435712K)->1056K(427008K) Eden: 435200K(435200K)->0K(425472K) From: 512K(512K)->1056K(1536K)
[228.460s][info][gc,heap        ] GC(856) ParOldGen: 8539K(1398272K)->8595K(1398272K)
[228.460s][info][gc,metaspace   ] GC(856) Metaspace: 14280K(15040K)->14280K(15040K) NonClass: 12329K(12800K)->12329K(12800K) Class: 1950K(2240K)->1950K(2240K)
[228.460s][info][gc             ] GC(856) Pause Young (Allocation Failure) 433M->9M(1782M) 3.300ms
[228.460s][info][gc,cpu         ] GC(856) User=0.00s Sys=0.00s Real=0.00s
[228.815s][info][gc,start       ] GC(857) Pause Young (Allocation Failure)
[228.819s][info][gc,heap        ] GC(857) PSYoungGen: 426528K(427008K)->1024K(417280K) Eden: 425472K(425472K)->0K(416256K) From: 1056K(1536K)->1024K(1024K)
[228.819s][info][gc,heap        ] GC(857) ParOldGen: 8595K(1398272K)->8739K(1398272K)
[228.819s][info][gc,metaspace   ] GC(857) Metaspace: 14280K(15040K)->14280K(15040K) NonClass: 12329K(12800K)->12329K(12800K) Class: 1950K(2240K)->1950K(2240K)
[228.819s][info][gc             ] GC(857) Pause Young (Allocation Failure) 424M->9M(1773M) 4.126ms
[228.819s][info][gc,cpu         ] GC(857) User=0.00s Sys=0.00s Real=0.00s
[229.151s][info][gc,start       ] GC(858) Pause Young (Allocation Failure)
[229.154s][info][gc,heap        ] GC(858) PSYoungGen: 417280K(417280K)->1024K(408576K) Eden: 416256K(416256K)->0K(407552K) From: 1024K(1024K)->1024K(1024K)
[229.154s][info][gc,heap        ] GC(858) ParOldGen: 8739K(1398272K)->8875K(1398272K)
[229.154s][info][gc,metaspace   ] GC(858) Metaspace: 14280K(15040K)->14280K(15040K) NonClass: 12329K(12800K)->12329K(12800K) Class: 1950K(2240K)->1950K(2240K)
[229.154s][info][gc             ] GC(858) Pause Young (Allocation Failure) 416M->9M(1764M) 3.154ms
[229.154s][info][gc,cpu         ] GC(858) User=0.00s Sys=0.00s Real=0.00s
[229.487s][info][gc,start       ] GC(859) Pause Young (Allocation Failure)
[229.490s][info][gc,heap        ] GC(859) PSYoungGen: 408576K(408576K)->1024K(399872K) Eden: 407552K(407552K)->0K(398848K) From: 1024K(1024K)->1024K(1024K)
[229.490s][info][gc,heap        ] GC(859) ParOldGen: 8875K(1398272K)->9003K(1398272K)
[229.490s][info][gc,metaspace   ] GC(859) Metaspace: 14280K(15040K)->14280K(15040K) NonClass: 12329K(12800K)->12329K(12800K) Class: 1950K(2240K)->1950K(2240K)
[229.490s][info][gc             ] GC(859) Pause Young (Allocation Failure) 407M->9M(1756M) 2.933ms
[229.490s][info][gc,cpu         ] GC(859) User=0.00s Sys=0.00s Real=0.00s
[229.794s][info][gc,start       ] GC(860) Pause Young (Allocation Failure)
[229.797s][info][gc,heap        ] GC(860) PSYoungGen: 399872K(399872K)->1024K(391680K) Eden: 398848K(398848K)->0K(390656K) From: 1024K(1024K)->1024K(1024K)
[229.797s][info][gc,heap        ] GC(860) ParOldGen: 9003K(1398272K)->9107K(1398272K)
[229.797s][info][gc,metaspace   ] GC(860) Metaspace: 14280K(15040K)->14280K(15040K) NonClass: 12329K(12800K)->12329K(12800K) Class: 1950K(2240K)->1950K(2240K)
[229.797s][info][gc             ] GC(860) Pause Young (Allocation Failure) 399M->9M(1748M) 2.985ms
[229.797s][info][gc,cpu         ] GC(860) User=0.00s Sys=0.00s Real=0.00s
[230.091s][info][gc,start       ] GC(861) Pause Young (Allocation Failure)
[230.096s][info][gc,heap        ] GC(861) PSYoungGen: 391680K(391680K)->1024K(383488K) Eden: 390656K(390656K)->0K(382464K) From: 1024K(1024K)->1024K(1024K)
[230.096s][info][gc,heap        ] GC(861) ParOldGen: 9107K(1398272K)->9211K(1398272K)
[230.096s][info][gc,metaspace   ] GC(861) Metaspace: 14280K(15040K)->14280K(15040K) NonClass: 12329K(12800K)->12329K(12800K) Class: 1950K(2240K)->1950K(2240K)
[230.096s][info][gc             ] GC(861) Pause Young (Allocation Failure) 391M->9M(1740M) 4.807ms
[230.096s][info][gc,cpu         ] GC(861) User=0.00s Sys=0.00s Real=0.01s
[230.386s][info][gc,start       ] GC(862) Pause Young (Allocation Failure)
[230.388s][info][gc,heap        ] GC(862) PSYoungGen: 383488K(383488K)->1024K(375808K) Eden: 382464K(382464K)->0K(374784K) From: 1024K(1024K)->1024K(1024K)
[230.389s][info][gc,heap        ] GC(862) ParOldGen: 9211K(1398272K)->9307K(1398272K)
[230.389s][info][gc,metaspace   ] GC(862) Metaspace: 14280K(15040K)->14280K(15040K) NonClass: 12329K(12800K)->12329K(12800K) Class: 1950K(2240K)->1950K(2240K)
[230.389s][info][gc             ] GC(862) Pause Young (Allocation Failure) 383M->10M(1732M) 2.969ms
[230.389s][info][gc,cpu         ] GC(862) User=0.00s Sys=0.00s Real=0.00s
[230.673s][info][gc,start       ] GC(863) Pause Young (Allocation Failure)
[230.676s][info][gc,heap        ] GC(863) PSYoungGen: 375808K(375808K)->1024K(368128K) Eden: 374784K(374784K)->0K(367104K) From: 1024K(1024K)->1024K(1024K)
[230.676s][info][gc,heap        ] GC(863) ParOldGen: 9307K(1398272K)->9451K(1398272K)
[230.676s][info][gc,metaspace   ] GC(863) Metaspace: 14280K(15040K)->14280K(15040K) NonClass: 12329K(12800K)->12329K(12800K) Class: 1950K(2240K)->1950K(2240K)
[230.676s][info][gc             ] GC(863) Pause Young (Allocation Failure) 376M->10M(1725M) 3.148ms
[230.676s][info][gc,cpu         ] GC(863) User=0.00s Sys=0.00s Real=0.00s
[230.953s][info][gc,start       ] GC(864) Pause Young (Allocation Failure)
[230.956s][info][gc,heap        ] GC(864) PSYoungGen: 368128K(368128K)->1024K(360960K) Eden: 367104K(367104K)->0K(359936K) From: 1024K(1024K)->1024K(1024K)
[230.956s][info][gc,heap        ] GC(864) ParOldGen: 9451K(1398272K)->9555K(1398272K)
[230.956s][info][gc,metaspace   ] GC(864) Metaspace: 14280K(15040K)->14280K(15040K) NonClass: 12329K(12800K)->12329K(12800K) Class: 1950K(2240K)->1950K(2240K)
[230.956s][info][gc             ] GC(864) Pause Young (Allocation Failure) 368M->10M(1718M) 3.207ms
[230.956s][info][gc,cpu         ] GC(864) User=0.00s Sys=0.00s Real=0.00s
[231.226s][info][gc,start       ] GC(865) Pause Young (Allocation Failure)
[231.229s][info][gc,heap        ] GC(865) PSYoungGen: 360960K(360960K)->1024K(433152K) Eden: 359936K(359936K)->0K(432128K) From: 1024K(1024K)->1024K(1024K)
[231.229s][info][gc,heap        ] GC(865) ParOldGen: 9555K(1398272K)->9659K(1398272K)
[231.229s][info][gc,metaspace   ] GC(865) Metaspace: 14280K(15040K)->14280K(15040K) NonClass: 12329K(12800K)->12329K(12800K) Class: 1950K(2240K)->1950K(2240K)
[231.229s][info][gc             ] GC(865) Pause Young (Allocation Failure) 361M->10M(1788M) 3.236ms
[231.229s][info][gc,cpu         ] GC(865) User=0.52s Sys=0.00s Real=0.00s
[231.663s][info][gc,start       ] GC(866) Pause Young (Allocation Failure)
[231.667s][info][gc,heap        ] GC(866) PSYoungGen: 433152K(433152K)->1056K(423936K) Eden: 432128K(432128K)->0K(422400K) From: 1024K(1024K)->1056K(1536K)
[231.667s][info][gc,heap        ] GC(866) ParOldGen: 9659K(1398272K)->9747K(1398272K)
[231.667s][info][gc,metaspace   ] GC(866) Metaspace: 14280K(15040K)->14280K(15040K) NonClass: 12329K(12800K)->12329K(12800K) Class: 1950K(2240K)->1950K(2240K)
[231.667s][info][gc             ] GC(866) Pause Young (Allocation Failure) 432M->10M(1779M) 4.381ms
[231.667s][info][gc,cpu         ] GC(866) User=0.00s Sys=0.00s Real=0.00s
[232.008s][info][gc,start       ] GC(867) Pause Young (Allocation Failure)
[232.011s][info][gc,heap        ] GC(867) PSYoungGen: 423456K(423936K)->1024K(414208K) Eden: 422400K(422400K)->0K(413184K) From: 1056K(1536K)->1024K(1024K)
[232.011s][info][gc,heap        ] GC(867) ParOldGen: 9747K(1398272K)->9883K(1398272K)
[232.011s][info][gc,metaspace   ] GC(867) Metaspace: 14280K(15040K)->14280K(15040K) NonClass: 12329K(12800K)->12329K(12800K) Class: 1950K(2240K)->1950K(2240K)
[232.011s][info][gc             ] GC(867) Pause Young (Allocation Failure) 423M->10M(1770M) 2.985ms
[232.011s][info][gc,cpu         ] GC(867) User=0.00s Sys=0.00s Real=0.00s
[232.353s][info][gc,start       ] GC(868) Pause Young (Allocation Failure)
[232.355s][info][gc,heap        ] GC(868) PSYoungGen: 414208K(414208K)->1024K(405504K) Eden: 413184K(413184K)->0K(404480K) From: 1024K(1024K)->1024K(1024K)
[232.355s][info][gc,heap        ] GC(868) ParOldGen: 9883K(1398272K)->10035K(1398272K)
[232.355s][info][gc,metaspace   ] GC(868) Metaspace: 14280K(15040K)->14280K(15040K) NonClass: 12329K(12800K)->12329K(12800K) Class: 1950K(2240K)->1950K(2240K)
[232.355s][info][gc             ] GC(868) Pause Young (Allocation Failure) 414M->10M(1761M) 2.898ms
[232.356s][info][gc,cpu         ] GC(868) User=0.00s Sys=0.00s Real=0.00s
[232.662s][info][gc,start       ] GC(869) Pause Young (Allocation Failure)
[232.665s][info][gc,heap        ] GC(869) PSYoungGen: 405504K(405504K)->1024K(396800K) Eden: 404480K(404480K)->0K(395776K) From: 1024K(1024K)->1024K(1024K)
[232.665s][info][gc,heap        ] GC(869) ParOldGen: 10035K(1398272K)->10155K(1398272K)
[232.665s][info][gc,metaspace   ] GC(869) Metaspace: 14280K(15040K)->14280K(15040K) NonClass: 12329K(12800K)->12329K(12800K) Class: 1950K(2240K)->1950K(2240K)
[232.665s][info][gc             ] GC(869) Pause Young (Allocation Failure) 405M->10M(1753M) 2.971ms
[232.665s][info][gc,cpu         ] GC(869) User=0.52s Sys=0.00s Real=0.00s
[232.963s][info][gc,start       ] GC(870) Pause Young (Allocation Failure)
[232.966s][info][gc,heap        ] GC(870) PSYoungGen: 396800K(396800K)->1024K(388608K) Eden: 395776K(395776K)->0K(387584K) From: 1024K(1024K)->1024K(1024K)
[232.966s][info][gc,heap        ] GC(870) ParOldGen: 10155K(1398272K)->10267K(1398272K)
[232.966s][info][gc,metaspace   ] GC(870) Metaspace: 14280K(15040K)->14280K(15040K) NonClass: 12329K(12800K)->12329K(12800K) Class: 1950K(2240K)->1950K(2240K)
[232.966s][info][gc             ] GC(870) Pause Young (Allocation Failure) 397M->11M(1745M) 2.957ms
[232.966s][info][gc,cpu         ] GC(870) User=0.00s Sys=0.00s Real=0.00s
[233.257s][info][gc,start       ] GC(871) Pause Young (Allocation Failure)
[233.260s][info][gc,heap        ] GC(871) PSYoungGen: 388608K(388608K)->1024K(380416K) Eden: 387584K(387584K)->0K(379392K) From: 1024K(1024K)->1024K(1024K)
[233.260s][info][gc,heap        ] GC(871) ParOldGen: 10267K(1398272K)->10387K(1398272K)
[233.260s][info][gc,metaspace   ] GC(871) Metaspace: 14280K(15040K)->14280K(15040K) NonClass: 12329K(12800K)->12329K(12800K) Class: 1950K(2240K)->1950K(2240K)
[233.260s][info][gc             ] GC(871) Pause Young (Allocation Failure) 389M->11M(1737M) 2.984ms
[233.260s][info][gc,cpu         ] GC(871) User=0.52s Sys=0.00s Real=0.00s
[233.546s][info][gc,start       ] GC(872) Pause Young (Allocation Failure)
[233.549s][info][gc,heap        ] GC(872) PSYoungGen: 380416K(380416K)->1024K(372736K) Eden: 379392K(379392K)->0K(371712K) From: 1024K(1024K)->1024K(1024K)
[233.549s][info][gc,heap        ] GC(872) ParOldGen: 10387K(1398272K)->10491K(1398272K)
[233.549s][info][gc,metaspace   ] GC(872) Metaspace: 14280K(15040K)->14280K(15040K) NonClass: 12329K(12800K)->12329K(12800K) Class: 1950K(2240K)->1950K(2240K)
[233.549s][info][gc             ] GC(872) Pause Young (Allocation Failure) 381M->11M(1729M) 3.012ms
[233.549s][info][gc,cpu         ] GC(872) User=0.00s Sys=0.00s Real=0.00s
[233.829s][info][gc,start       ] GC(873) Pause Young (Allocation Failure)
[233.832s][info][gc,heap        ] GC(873) PSYoungGen: 372736K(372736K)->1024K(365056K) Eden: 371712K(371712K)->0K(364032K) From: 1024K(1024K)->1024K(1024K)
[233.832s][info][gc,heap        ] GC(873) ParOldGen: 10491K(1398272K)->10623K(1398272K)
[233.832s][info][gc,metaspace   ] GC(873) Metaspace: 14280K(15040K)->14280K(15040K) NonClass: 12329K(12800K)->12329K(12800K) Class: 1950K(2240K)->1950K(2240K)
[233.832s][info][gc             ] GC(873) Pause Young (Allocation Failure) 374M->11M(1722M) 3.077ms
[233.832s][info][gc,cpu         ] GC(873) User=0.00s Sys=0.00s Real=0.00s
[234.106s][info][gc,start       ] GC(874) Pause Young (Allocation Failure)
[234.109s][info][gc,heap        ] GC(874) PSYoungGen: 365056K(365056K)->1024K(357888K) Eden: 364032K(364032K)->0K(356864K) From: 1024K(1024K)->1024K(1024K)
[234.109s][info][gc,heap        ] GC(874) ParOldGen: 10623K(1398272K)->10727K(1398272K)
[234.109s][info][gc,metaspace   ] GC(874) Metaspace: 14280K(15040K)->14280K(15040K) NonClass: 12329K(12800K)->12329K(12800K) Class: 1950K(2240K)->1950K(2240K)
[234.109s][info][gc             ] GC(874) Pause Young (Allocation Failure) 366M->11M(1715M) 3.186ms
[234.109s][info][gc,cpu         ] GC(874) User=0.00s Sys=0.00s Real=0.00s
[234.378s][info][gc,start       ] GC(875) Pause Young (Allocation Failure)
[234.381s][info][gc,heap        ] GC(875) PSYoungGen: 357888K(357888K)->1024K(429568K) Eden: 356864K(356864K)->0K(428544K) From: 1024K(1024K)->1024K(1024K)
[234.381s][info][gc,heap        ] GC(875) ParOldGen: 10727K(1398272K)->10855K(1398272K)
[234.381s][info][gc,metaspace   ] GC(875) Metaspace: 14280K(15040K)->14280K(15040K) NonClass: 12329K(12800K)->12329K(12800K) Class: 1950K(2240K)->1950K(2240K)
[234.381s][info][gc             ] GC(875) Pause Young (Allocation Failure) 359M->11M(1785M) 3.164ms
[234.381s][info][gc,cpu         ] GC(875) User=0.00s Sys=0.00s Real=0.00s
[234.702s][info][gc,start       ] GC(876) Pause Young (Allocation Failure)
[234.705s][info][gc,heap        ] GC(876) PSYoungGen: 429568K(429568K)->1024K(420352K) Eden: 428544K(428544K)->0K(419328K) From: 1024K(1024K)->1024K(1024K)
[234.706s][info][gc,heap        ] GC(876) ParOldGen: 10855K(1398272K)->10959K(1398272K)
[234.706s][info][gc,metaspace   ] GC(876) Metaspace: 14280K(15040K)->14280K(15040K) NonClass: 12329K(12800K)->12329K(12800K) Class: 1950K(2240K)->1950K(2240K)
[234.706s][info][gc             ] GC(876) Pause Young (Allocation Failure) 430M->11M(1776M) 3.354ms
[234.706s][info][gc,cpu         ] GC(876) User=0.00s Sys=0.00s Real=0.00s
[235.022s][info][gc,start       ] GC(877) Pause Young (Allocation Failure)
[235.025s][info][gc,heap        ] GC(877) PSYoungGen: 420352K(420352K)->1024K(411136K) Eden: 419328K(419328K)->0K(410112K) From: 1024K(1024K)->1024K(1024K)
[235.025s][info][gc,heap        ] GC(877) ParOldGen: 10959K(1398272K)->11095K(1398272K)
[235.025s][info][gc,metaspace   ] GC(877) Metaspace: 14280K(15040K)->14280K(15040K) NonClass: 12329K(12800K)->12329K(12800K) Class: 1950K(2240K)->1950K(2240K)
[235.025s][info][gc             ] GC(877) Pause Young (Allocation Failure) 421M->11M(1767M) 3.392ms
[235.025s][info][gc,cpu         ] GC(877) User=0.52s Sys=0.00s Real=0.00s
[235.329s][info][gc,start       ] GC(878) Pause Young (Allocation Failure)
[235.332s][info][gc,heap        ] GC(878) PSYoungGen: 411136K(411136K)->1024K(493568K) Eden: 410112K(410112K)->0K(492544K) From: 1024K(1024K)->1024K(1024K)
[235.332s][info][gc,heap        ] GC(878) ParOldGen: 11095K(1398272K)->11199K(1398272K)
[235.332s][info][gc,metaspace   ] GC(878) Metaspace: 14280K(15040K)->14280K(15040K) NonClass: 12329K(12800K)->12329K(12800K) Class: 1950K(2240K)->1950K(2240K)
[235.332s][info][gc             ] GC(878) Pause Young (Allocation Failure) 412M->11M(1847M) 3.468ms
[235.332s][info][gc,cpu         ] GC(878) User=0.00s Sys=0.00s Real=0.00s
[235.695s][info][gc,start       ] GC(879) Pause Young (Allocation Failure)
[235.699s][info][gc,heap        ] GC(879) PSYoungGen: 493568K(493568K)->1024K(481792K) Eden: 492544K(492544K)->0K(480768K) From: 1024K(1024K)->1024K(1024K)
[235.699s][info][gc,heap        ] GC(879) ParOldGen: 11199K(1398272K)->11335K(1398272K)
[235.699s][info][gc,metaspace   ] GC(879) Metaspace: 14280K(15040K)->14280K(15040K) NonClass: 12329K(12800K)->12329K(12800K) Class: 1950K(2240K)->1950K(2240K)
[235.699s][info][gc             ] GC(879) Pause Young (Allocation Failure) 492M->12M(1836M) 3.529ms
[235.699s][info][gc,cpu         ] GC(879) User=0.44s Sys=0.03s Real=0.00s
[236.030s][info][gc,start       ] GC(880) Pause Young (Allocation Failure)
[236.033s][info][gc,heap        ] GC(880) PSYoungGen: 481792K(481792K)->928K(470528K) Eden: 480768K(480768K)->0K(469504K) From: 1024K(1024K)->928K(1024K)
[236.033s][info][gc,heap        ] GC(880) ParOldGen: 11335K(1398272K)->11431K(1398272K)
[236.033s][info][gc,metaspace   ] GC(880) Metaspace: 14280K(15040K)->14280K(15040K) NonClass: 12329K(12800K)->12329K(12800K) Class: 1950K(2240K)->1950K(2240K)
[236.033s][info][gc             ] GC(880) Pause Young (Allocation Failure) 481M->12M(1825M) 3.273ms
[236.033s][info][gc,cpu         ] GC(880) User=0.00s Sys=0.00s Real=0.00s
[236.317s][info][gc,start       ] GC(881) Pause Young (System.gc())
[236.319s][info][gc,heap        ] GC(881) PSYoungGen: 380763K(470528K)->384K(470016K) Eden: 379835K(469504K)->0K(469504K) From: 928K(1024K)->384K(512K)
[236.319s][info][gc,heap        ] GC(881) ParOldGen: 11431K(1398272K)->11535K(1398272K)
[236.319s][info][gc,metaspace   ] GC(881) Metaspace: 14280K(15040K)->14280K(15040K) NonClass: 12329K(12800K)->12329K(12800K) Class: 1950K(2240K)->1950K(2240K)
[236.320s][info][gc             ] GC(881) Pause Young (System.gc()) 383M->11M(1824M) 3.027ms
[236.320s][info][gc,cpu         ] GC(881) User=0.00s Sys=0.00s Real=0.00s
[236.320s][info][gc,start       ] GC(882) Pause Full (System.gc())
[236.320s][info][gc,phases,start] GC(882) Marking Phase
[236.336s][info][gc,phases      ] GC(882) Marking Phase 16.707ms
[236.337s][info][gc,phases,start] GC(882) Summary Phase
[236.337s][info][gc,phases      ] GC(882) Summary Phase 0.021ms
[236.337s][info][gc,phases,start] GC(882) Adjust Roots
[236.343s][info][gc,phases      ] GC(882) Adjust Roots 6.441ms
[236.343s][info][gc,phases,start] GC(882) Compaction Phase
[236.345s][info][gc,phases      ] GC(882) Compaction Phase 1.968ms
[236.345s][info][gc,phases,start] GC(882) Post Compact
[236.346s][info][gc,phases      ] GC(882) Post Compact 0.553ms
[236.346s][info][gc,heap        ] GC(882) PSYoungGen: 384K(470016K)->0K(470016K) Eden: 0K(469504K)->0K(469504K) From: 384K(512K)->0K(512K)
[236.346s][info][gc,heap        ] GC(882) ParOldGen: 11535K(1398272K)->5366K(1398272K)
[236.346s][info][gc,metaspace   ] GC(882) Metaspace: 14280K(15040K)->14280K(15040K) NonClass: 12329K(12800K)->12329K(12800K) Class: 1950K(2240K)->1950K(2240K)
[236.346s][info][gc             ] GC(882) Pause Full (System.gc()) 11M->5M(1824M) 25.972ms
[236.346s][info][gc,cpu         ] GC(882) User=0.52s Sys=0.00s Real=0.02s
[236.757s][info][gc,start       ] GC(883) Pause Young (Allocation Failure)
[236.761s][info][gc,heap        ] GC(883) PSYoungGen: 469504K(470016K)->1536K(460288K) Eden: 469504K(469504K)->0K(458752K) From: 0K(512K)->1536K(1536K)
[236.761s][info][gc,heap        ] GC(883) ParOldGen: 5366K(1398272K)->5747K(1398272K)
[236.761s][info][gc,metaspace   ] GC(883) Metaspace: 14280K(15040K)->14280K(15040K) NonClass: 12329K(12800K)->12329K(12800K) Class: 1950K(2240K)->1950K(2240K)
[236.761s][info][gc             ] GC(883) Pause Young (Allocation Failure) 463M->7M(1815M) 3.272ms
[236.761s][info][gc,cpu         ] GC(883) User=0.52s Sys=0.00s Real=0.00s
[237.062s][info][gc,start       ] GC(884) Pause Young (Allocation Failure)
[237.065s][info][gc,heap        ] GC(884) PSYoungGen: 460288K(460288K)->1024K(449536K) Eden: 458752K(458752K)->0K(448512K) From: 1536K(1536K)->1024K(1024K)
[237.065s][info][gc,heap        ] GC(884) ParOldGen: 5747K(1398272K)->7071K(1398272K)
[237.065s][info][gc,metaspace   ] GC(884) Metaspace: 14280K(15040K)->14280K(15040K) NonClass: 12329K(12800K)->12329K(12800K) Class: 1950K(2240K)->1950K(2240K)
[237.065s][info][gc             ] GC(884) Pause Young (Allocation Failure) 455M->7M(1804M) 3.248ms
[237.065s][info][gc,cpu         ] GC(884) User=0.00s Sys=0.00s Real=0.00s
[237.397s][info][gc,start       ] GC(885) Pause Young (Allocation Failure)
[237.400s][info][gc,heap        ] GC(885) PSYoungGen: 449536K(449536K)->1024K(439296K) Eden: 448512K(448512K)->0K(438272K) From: 1024K(1024K)->1024K(1024K)
[237.400s][info][gc,heap        ] GC(885) ParOldGen: 7071K(1398272K)->7191K(1398272K)
[237.400s][info][gc,metaspace   ] GC(885) Metaspace: 14280K(15040K)->14280K(15040K) NonClass: 12329K(12800K)->12329K(12800K) Class: 1950K(2240K)->1950K(2240K)
[237.400s][info][gc             ] GC(885) Pause Young (Allocation Failure) 445M->8M(1794M) 3.287ms
[237.400s][info][gc,cpu         ] GC(885) User=0.52s Sys=0.00s Real=0.00s
[237.726s][info][gc,start       ] GC(886) Pause Young (Allocation Failure)
[237.729s][info][gc,heap        ] GC(886) PSYoungGen: 439296K(439296K)->1024K(429568K) Eden: 438272K(438272K)->0K(428544K) From: 1024K(1024K)->1024K(1024K)
[237.729s][info][gc,heap        ] GC(886) ParOldGen: 7191K(1398272K)->7335K(1398272K)
[237.729s][info][gc,metaspace   ] GC(886) Metaspace: 14280K(15040K)->14280K(15040K) NonClass: 12329K(12800K)->12329K(12800K) Class: 1950K(2240K)->1950K(2240K)
[237.729s][info][gc             ] GC(886) Pause Young (Allocation Failure) 436M->8M(1785M) 3.370ms
[237.729s][info][gc,cpu         ] GC(886) User=0.52s Sys=0.00s Real=0.00s
[238.045s][info][gc,start       ] GC(887) Pause Young (Allocation Failure)
[238.049s][info][gc,heap        ] GC(887) PSYoungGen: 429568K(429568K)->1024K(420352K) Eden: 428544K(428544K)->0K(419328K) From: 1024K(1024K)->1024K(1024K)
[238.049s][info][gc,heap        ] GC(887) ParOldGen: 7335K(1398272K)->7471K(1398272K)
[238.049s][info][gc,metaspace   ] GC(887) Metaspace: 14280K(15040K)->14280K(15040K) NonClass: 12329K(12800K)->12329K(12800K) Class: 1950K(2240K)->1950K(2240K)
[238.049s][info][gc             ] GC(887) Pause Young (Allocation Failure) 426M->8M(1776M) 3.450ms
[238.049s][info][gc,cpu         ] GC(887) User=0.00s Sys=0.00s Real=0.00s
[238.418s][info][gc,start       ] GC(888) Pause Young (Allocation Failure)
[238.423s][info][gc,heap        ] GC(888) PSYoungGen: 420352K(420352K)->960K(411136K) Eden: 419328K(419328K)->0K(410112K) From: 1024K(1024K)->960K(1024K)
[238.423s][info][gc,heap        ] GC(888) ParOldGen: 7471K(1398272K)->7599K(1398272K)
[238.423s][info][gc,metaspace   ] GC(888) Metaspace: 14280K(15040K)->14280K(15040K) NonClass: 12329K(12800K)->12329K(12800K) Class: 1950K(2240K)->1950K(2240K)
[238.423s][info][gc             ] GC(888) Pause Young (Allocation Failure) 417M->8M(1767M) 4.541ms
[238.423s][info][gc,cpu         ] GC(888) User=0.00s Sys=0.00s Real=0.00s
[238.746s][info][gc,start       ] GC(889) Pause Young (Allocation Failure)
[238.750s][info][gc,heap        ] GC(889) PSYoungGen: 411072K(411136K)->1024K(402432K) Eden: 410112K(410112K)->0K(401408K) From: 960K(1024K)->1024K(1024K)
[238.750s][info][gc,heap        ] GC(889) ParOldGen: 7599K(1398272K)->7687K(1398272K)
[238.750s][info][gc,metaspace   ] GC(889) Metaspace: 14280K(15040K)->14280K(15040K) NonClass: 12329K(12800K)->12329K(12800K) Class: 1950K(2240K)->1950K(2240K)
[238.750s][info][gc             ] GC(889) Pause Young (Allocation Failure) 408M->8M(1758M) 3.201ms
[238.750s][info][gc,cpu         ] GC(889) User=0.00s Sys=0.00s Real=0.00s
[239.072s][info][gc,start       ] GC(890) Pause Young (Allocation Failure)
[239.075s][info][gc,heap        ] GC(890) PSYoungGen: 402432K(402432K)->1024K(394240K) Eden: 401408K(401408K)->0K(393216K) From: 1024K(1024K)->1024K(1024K)
[239.075s][info][gc,heap        ] GC(890) ParOldGen: 7687K(1398272K)->7815K(1398272K)
[239.075s][info][gc,metaspace   ] GC(890) Metaspace: 14280K(15040K)->14280K(15040K) NonClass: 12329K(12800K)->12329K(12800K) Class: 1950K(2240K)->1950K(2240K)
[239.075s][info][gc             ] GC(890) Pause Young (Allocation Failure) 400M->8M(1750M) 2.979ms
[239.075s][info][gc,cpu         ] GC(890) User=0.00s Sys=0.00s Real=0.00s
[239.366s][info][gc,start       ] GC(891) Pause Young (Allocation Failure)
[239.369s][info][gc,heap        ] GC(891) PSYoungGen: 394240K(394240K)->1024K(386048K) Eden: 393216K(393216K)->0K(385024K) From: 1024K(1024K)->1024K(1024K)
[239.369s][info][gc,heap        ] GC(891) ParOldGen: 7815K(1398272K)->7943K(1398272K)
[239.369s][info][gc,metaspace   ] GC(891) Metaspace: 14280K(15040K)->14280K(15040K) NonClass: 12329K(12800K)->12329K(12800K) Class: 1950K(2240K)->1950K(2240K)
[239.369s][info][gc             ] GC(891) Pause Young (Allocation Failure) 392M->8M(1742M) 3.046ms
[239.369s][info][gc,cpu         ] GC(891) User=0.52s Sys=0.00s Real=0.00s
[239.656s][info][gc,start       ] GC(892) Pause Young (Allocation Failure)
[239.659s][info][gc,heap        ] GC(892) PSYoungGen: 386048K(386048K)->992K(378368K) Eden: 385024K(385024K)->0K(377344K) From: 1024K(1024K)->992K(1024K)
[239.659s][info][gc,heap        ] GC(892) ParOldGen: 7943K(1398272K)->8087K(1398272K)
[239.659s][info][gc,metaspace   ] GC(892) Metaspace: 14280K(15040K)->14280K(15040K) NonClass: 12329K(12800K)->12329K(12800K) Class: 1950K(2240K)->1950K(2240K)
[239.659s][info][gc             ] GC(892) Pause Young (Allocation Failure) 384M->8M(1735M) 3.034ms
[239.659s][info][gc,cpu         ] GC(892) User=0.00s Sys=0.00s Real=0.00s
[239.937s][info][gc,start       ] GC(893) Pause Young (Allocation Failure)
[239.940s][info][gc,heap        ] GC(893) PSYoungGen: 378336K(378368K)->1024K(370688K) Eden: 377344K(377344K)->0K(369664K) From: 992K(1024K)->1024K(1024K)
[239.940s][info][gc,heap        ] GC(893) ParOldGen: 8087K(1398272K)->8183K(1398272K)
[239.940s][info][gc,metaspace   ] GC(893) Metaspace: 14280K(15040K)->14280K(15040K) NonClass: 12329K(12800K)->12329K(12800K) Class: 1950K(2240K)->1950K(2240K)
[239.940s][info][gc             ] GC(893) Pause Young (Allocation Failure) 377M->8M(1727M) 3.057ms
[239.940s][info][gc,cpu         ] GC(893) User=0.00s Sys=0.00s Real=0.00s
[240.214s][info][gc,start       ] GC(894) Pause Young (Allocation Failure)
[240.217s][info][gc,heap        ] GC(894) PSYoungGen: 370688K(370688K)->1024K(363520K) Eden: 369664K(369664K)->0K(362496K) From: 1024K(1024K)->1024K(1024K)
[240.217s][info][gc,heap        ] GC(894) ParOldGen: 8183K(1398272K)->8319K(1398272K)
[240.217s][info][gc,metaspace   ] GC(894) Metaspace: 14280K(15040K)->14280K(15040K) NonClass: 12329K(12800K)->12329K(12800K) Class: 1950K(2240K)->1950K(2240K)
[240.217s][info][gc             ] GC(894) Pause Young (Allocation Failure) 369M->9M(1720M) 3.128ms
[240.217s][info][gc,cpu         ] GC(894) User=0.00s Sys=0.00s Real=0.00s
[240.483s][info][gc,start       ] GC(895) Pause Young (Allocation Failure)
[240.486s][info][gc,heap        ] GC(895) PSYoungGen: 363520K(363520K)->1024K(436224K) Eden: 362496K(362496K)->0K(435200K) From: 1024K(1024K)->1024K(1024K)
[240.486s][info][gc,heap        ] GC(895) ParOldGen: 8319K(1398272K)->8439K(1398272K)
[240.486s][info][gc,metaspace   ] GC(895) Metaspace: 14280K(15040K)->14280K(15040K) NonClass: 12329K(12800K)->12329K(12800K) Class: 1950K(2240K)->1950K(2240K)
[240.486s][info][gc             ] GC(895) Pause Young (Allocation Failure) 363M->9M(1791M) 3.182ms
[240.487s][info][gc,cpu         ] GC(895) User=0.00s Sys=0.00s Real=0.00s
[240.808s][info][gc,start       ] GC(896) Pause Young (Allocation Failure)
[240.811s][info][gc,heap        ] GC(896) PSYoungGen: 436224K(436224K)->1024K(426496K) Eden: 435200K(435200K)->0K(425472K) From: 1024K(1024K)->1024K(1024K)
[240.811s][info][gc,heap        ] GC(896) ParOldGen: 8439K(1398272K)->8535K(1398272K)
[240.811s][info][gc,metaspace   ] GC(896) Metaspace: 14280K(15040K)->14280K(15040K) NonClass: 12329K(12800K)->12329K(12800K) Class: 1950K(2240K)->1950K(2240K)
[240.811s][info][gc             ] GC(896) Pause Young (Allocation Failure) 434M->9M(1782M) 3.347ms
[240.811s][info][gc,cpu         ] GC(896) User=0.00s Sys=0.00s Real=0.00s
[241.259s][info][gc,start       ] GC(897) Pause Young (Allocation Failure)
[241.263s][info][gc,heap        ] GC(897) PSYoungGen: 426496K(426496K)->992K(417280K) Eden: 425472K(425472K)->0K(416256K) From: 1024K(1024K)->992K(1024K)
[241.263s][info][gc,heap        ] GC(897) ParOldGen: 8535K(1398272K)->8655K(1398272K)
[241.263s][info][gc,metaspace   ] GC(897) Metaspace: 14280K(15040K)->14280K(15040K) NonClass: 12329K(12800K)->12329K(12800K) Class: 1950K(2240K)->1950K(2240K)
[241.263s][info][gc             ] GC(897) Pause Young (Allocation Failure) 424M->9M(1773M) 4.452ms
[241.263s][info][gc,cpu         ] GC(897) User=0.00s Sys=0.00s Real=0.00s
[241.595s][info][gc,start       ] GC(898) Pause Young (Allocation Failure)
[241.598s][info][gc,heap        ] GC(898) PSYoungGen: 417248K(417280K)->992K(408576K) Eden: 416256K(416256K)->0K(407552K) From: 992K(1024K)->992K(1024K)
[241.598s][info][gc,heap        ] GC(898) ParOldGen: 8655K(1398272K)->8775K(1398272K)
[241.598s][info][gc,metaspace   ] GC(898) Metaspace: 14280K(15040K)->14280K(15040K) NonClass: 12329K(12800K)->12329K(12800K) Class: 1950K(2240K)->1950K(2240K)
[241.598s][info][gc             ] GC(898) Pause Young (Allocation Failure) 415M->9M(1764M) 3.130ms
[241.598s][info][gc,cpu         ] GC(898) User=0.00s Sys=0.00s Real=0.00s
[241.928s][info][gc,start       ] GC(899) Pause Young (Allocation Failure)
[241.931s][info][gc,heap        ] GC(899) PSYoungGen: 408544K(408576K)->1024K(399872K) Eden: 407552K(407552K)->0K(398848K) From: 992K(1024K)->1024K(1024K)
[241.931s][info][gc,heap        ] GC(899) ParOldGen: 8775K(1398272K)->8935K(1398272K)
[241.931s][info][gc,metaspace   ] GC(899) Metaspace: 14280K(15040K)->14280K(15040K) NonClass: 12329K(12800K)->12329K(12800K) Class: 1950K(2240K)->1950K(2240K)
[241.931s][info][gc             ] GC(899) Pause Young (Allocation Failure) 407M->9M(1756M) 2.907ms
[241.931s][info][gc,cpu         ] GC(899) User=0.52s Sys=0.00s Real=0.00s
[242.225s][info][gc,start       ] GC(900) Pause Young (Allocation Failure)
[242.228s][info][gc,heap        ] GC(900) PSYoungGen: 399872K(399872K)->992K(391680K) Eden: 398848K(398848K)->0K(390656K) From: 1024K(1024K)->992K(1024K)
[242.228s][info][gc,heap        ] GC(900) ParOldGen: 8935K(1398272K)->9039K(1398272K)
[242.228s][info][gc,metaspace   ] GC(900) Metaspace: 14280K(15040K)->14280K(15040K) NonClass: 12329K(12800K)->12329K(12800K) Class: 1950K(2240K)->1950K(2240K)
[242.228s][info][gc             ] GC(900) Pause Young (Allocation Failure) 399M->9M(1748M) 2.955ms
[242.228s][info][gc,cpu         ] GC(900) User=0.52s Sys=0.00s Real=0.00s
[242.519s][info][gc,start       ] GC(901) Pause Young (Allocation Failure)
[242.522s][info][gc,heap        ] GC(901) PSYoungGen: 391648K(391680K)->992K(383488K) Eden: 390656K(390656K)->0K(382464K) From: 992K(1024K)->992K(1024K)
[242.522s][info][gc,heap        ] GC(901) ParOldGen: 9039K(1398272K)->9143K(1398272K)
[242.522s][info][gc,metaspace   ] GC(901) Metaspace: 14280K(15040K)->14280K(15040K) NonClass: 12329K(12800K)->12329K(12800K) Class: 1950K(2240K)->1950K(2240K)
[242.522s][info][gc             ] GC(901) Pause Young (Allocation Failure) 391M->9M(1740M) 2.911ms
[242.522s][info][gc,cpu         ] GC(901) User=0.00s Sys=0.00s Real=0.00s
[242.805s][info][gc,start       ] GC(902) Pause Young (Allocation Failure)
[242.808s][info][gc,heap        ] GC(902) PSYoungGen: 383456K(383488K)->1024K(375808K) Eden: 382464K(382464K)->0K(374784K) From: 992K(1024K)->1024K(1024K)
[242.808s][info][gc,heap        ] GC(902) ParOldGen: 9143K(1398272K)->9263K(1398272K)
[242.808s][info][gc,metaspace   ] GC(902) Metaspace: 14280K(15040K)->14280K(15040K) NonClass: 12329K(12800K)->12329K(12800K) Class: 1950K(2240K)->1950K(2240K)
[242.808s][info][gc             ] GC(902) Pause Young (Allocation Failure) 383M->10M(1732M) 2.966ms
[242.808s][info][gc,cpu         ] GC(902) User=0.00s Sys=0.00s Real=0.00s
[243.083s][info][gc,start       ] GC(903) Pause Young (Allocation Failure)
[243.086s][info][gc,heap        ] GC(903) PSYoungGen: 375808K(375808K)->992K(368128K) Eden: 374784K(374784K)->0K(367104K) From: 1024K(1024K)->992K(1024K)
[243.086s][info][gc,heap        ] GC(903) ParOldGen: 9263K(1398272K)->9399K(1398272K)
[243.086s][info][gc,metaspace   ] GC(903) Metaspace: 14280K(15040K)->14280K(15040K) NonClass: 12329K(12800K)->12329K(12800K) Class: 1950K(2240K)->1950K(2240K)
[243.086s][info][gc             ] GC(903) Pause Young (Allocation Failure) 376M->10M(1725M) 3.070ms
[243.086s][info][gc,cpu         ] GC(903) User=0.00s Sys=0.00s Real=0.00s
[243.358s][info][gc,start       ] GC(904) Pause Young (Allocation Failure)
[243.361s][info][gc,heap        ] GC(904) PSYoungGen: 368096K(368128K)->1024K(360960K) Eden: 367104K(367104K)->0K(359936K) From: 992K(1024K)->1024K(1024K)
[243.361s][info][gc,heap        ] GC(904) ParOldGen: 9399K(1398272K)->9535K(1398272K)
[243.361s][info][gc,metaspace   ] GC(904) Metaspace: 14280K(15040K)->14280K(15040K) NonClass: 12329K(12800K)->12329K(12800K) Class: 1950K(2240K)->1950K(2240K)
[243.361s][info][gc             ] GC(904) Pause Young (Allocation Failure) 368M->10M(1718M) 3.106ms
[243.361s][info][gc,cpu         ] GC(904) User=0.00s Sys=0.00s Real=0.00s
[243.630s][info][gc,start       ] GC(905) Pause Young (Allocation Failure)
[243.633s][info][gc,heap        ] GC(905) PSYoungGen: 360960K(360960K)->1024K(353792K) Eden: 359936K(359936K)->0K(352768K) From: 1024K(1024K)->1024K(1024K)
[243.633s][info][gc,heap        ] GC(905) ParOldGen: 9535K(1398272K)->9663K(1398272K)
[243.633s][info][gc,metaspace   ] GC(905) Metaspace: 14280K(15040K)->14280K(15040K) NonClass: 12329K(12800K)->12329K(12800K) Class: 1950K(2240K)->1950K(2240K)
[243.633s][info][gc             ] GC(905) Pause Young (Allocation Failure) 361M->10M(1711M) 3.190ms
[243.633s][info][gc,cpu         ] GC(905) User=0.52s Sys=0.00s Real=0.00s
[243.893s][info][gc,start       ] GC(906) Pause Young (Allocation Failure)
[243.897s][info][gc,heap        ] GC(906) PSYoungGen: 353792K(353792K)->1024K(424448K) Eden: 352768K(352768K)->0K(423424K) From: 1024K(1024K)->1024K(1024K)
[243.897s][info][gc,heap        ] GC(906) ParOldGen: 9663K(1398272K)->9767K(1398272K)
[243.897s][info][gc,metaspace   ] GC(906) Metaspace: 14280K(15040K)->14280K(15040K) NonClass: 12329K(12800K)->12329K(12800K) Class: 1950K(2240K)->1950K(2240K)
[243.897s][info][gc             ] GC(906) Pause Young (Allocation Failure) 354M->10M(1780M) 3.206ms
[243.897s][info][gc,cpu         ] GC(906) User=0.00s Sys=0.00s Real=0.00s
[244.213s][info][gc,start       ] GC(907) Pause Young (Allocation Failure)
[244.217s][info][gc,heap        ] GC(907) PSYoungGen: 424448K(424448K)->1024K(509440K) Eden: 423424K(423424K)->0K(508416K) From: 1024K(1024K)->1024K(1024K)
[244.217s][info][gc,heap        ] GC(907) ParOldGen: 9767K(1398272K)->9887K(1398272K)
[244.217s][info][gc,metaspace   ] GC(907) Metaspace: 14280K(15040K)->14280K(15040K) NonClass: 12329K(12800K)->12329K(12800K) Class: 1950K(2240K)->1950K(2240K)
[244.217s][info][gc             ] GC(907) Pause Young (Allocation Failure) 424M->10M(1863M) 3.362ms
[244.217s][info][gc,cpu         ] GC(907) User=0.00s Sys=0.00s Real=0.00s
[244.592s][info][gc,start       ] GC(908) Pause Young (Allocation Failure)
[244.596s][info][gc,heap        ] GC(908) PSYoungGen: 509440K(509440K)->1024K(497152K) Eden: 508416K(508416K)->0K(496128K) From: 1024K(1024K)->1024K(1024K)
[244.596s][info][gc,heap        ] GC(908) ParOldGen: 9887K(1398272K)->9999K(1398272K)
[244.596s][info][gc,metaspace   ] GC(908) Metaspace: 14280K(15040K)->14280K(15040K) NonClass: 12329K(12800K)->12329K(12800K) Class: 1950K(2240K)->1950K(2240K)
[244.596s][info][gc             ] GC(908) Pause Young (Allocation Failure) 507M->10M(1851M) 3.517ms
[244.596s][info][gc,cpu         ] GC(908) User=0.00s Sys=0.00s Real=0.00s
[244.963s][info][gc,start       ] GC(909) Pause Young (Allocation Failure)
[244.966s][info][gc,heap        ] GC(909) PSYoungGen: 497152K(497152K)->1024K(485376K) Eden: 496128K(496128K)->0K(484352K) From: 1024K(1024K)->1024K(1024K)
[244.966s][info][gc,heap        ] GC(909) ParOldGen: 9999K(1398272K)->10127K(1398272K)
[244.966s][info][gc,metaspace   ] GC(909) Metaspace: 14280K(15040K)->14280K(15040K) NonClass: 12329K(12800K)->12329K(12800K) Class: 1950K(2240K)->1950K(2240K)
[244.966s][info][gc             ] GC(909) Pause Young (Allocation Failure) 495M->10M(1839M) 3.556ms
[244.966s][info][gc,cpu         ] GC(909) User=0.00s Sys=0.00s Real=0.00s
[245.335s][info][gc,start       ] GC(910) Pause Young (Allocation Failure)
[245.339s][info][gc,heap        ] GC(910) PSYoungGen: 485376K(485376K)->1024K(474112K) Eden: 484352K(484352K)->0K(473088K) From: 1024K(1024K)->1024K(1024K)
[245.339s][info][gc,heap        ] GC(910) ParOldGen: 10127K(1398272K)->10263K(1398272K)
[245.339s][info][gc,metaspace   ] GC(910) Metaspace: 14280K(15040K)->14280K(15040K) NonClass: 12329K(12800K)->12329K(12800K) Class: 1950K(2240K)->1950K(2240K)
[245.339s][info][gc             ] GC(910) Pause Young (Allocation Failure) 483M->11M(1828M) 3.459ms
[245.339s][info][gc,cpu         ] GC(910) User=0.52s Sys=0.00s Real=0.00s
[245.698s][info][gc,start       ] GC(911) Pause Young (Allocation Failure)
[245.701s][info][gc,heap        ] GC(911) PSYoungGen: 474112K(474112K)->1024K(463360K) Eden: 473088K(473088K)->0K(462336K) From: 1024K(1024K)->1024K(1024K)
[245.701s][info][gc,heap        ] GC(911) ParOldGen: 10263K(1398272K)->10431K(1398272K)
[245.701s][info][gc,metaspace   ] GC(911) Metaspace: 14280K(15040K)->14280K(15040K) NonClass: 12329K(12800K)->12329K(12800K) Class: 1950K(2240K)->1950K(2240K)
[245.701s][info][gc             ] GC(911) Pause Young (Allocation Failure) 473M->11M(1818M) 3.234ms
[245.701s][info][gc,cpu         ] GC(911) User=0.00s Sys=0.00s Real=0.00s
[246.069s][info][gc,start       ] GC(912) Pause Young (Allocation Failure)
[246.072s][info][gc,heap        ] GC(912) PSYoungGen: 463360K(463360K)->1024K(452608K) Eden: 462336K(462336K)->0K(451584K) From: 1024K(1024K)->1024K(1024K)
[246.073s][info][gc,heap        ] GC(912) ParOldGen: 10431K(1398272K)->10575K(1398272K)
[246.073s][info][gc,metaspace   ] GC(912) Metaspace: 14280K(15040K)->14280K(15040K) NonClass: 12329K(12800K)->12329K(12800K) Class: 1950K(2240K)->1950K(2240K)
[246.073s][info][gc             ] GC(912) Pause Young (Allocation Failure) 462M->11M(1807M) 3.120ms
[246.073s][info][gc,cpu         ] GC(912) User=0.52s Sys=0.00s Real=0.00s
[246.406s][info][gc,start       ] GC(913) Pause Young (Allocation Failure)
[246.410s][info][gc,heap        ] GC(913) PSYoungGen: 452608K(452608K)->1024K(442368K) Eden: 451584K(451584K)->0K(441344K) From: 1024K(1024K)->1024K(1024K)
[246.410s][info][gc,heap        ] GC(913) ParOldGen: 10575K(1398272K)->10719K(1398272K)
[246.410s][info][gc,metaspace   ] GC(913) Metaspace: 14280K(15040K)->14280K(15040K) NonClass: 12329K(12800K)->12329K(12800K) Class: 1950K(2240K)->1950K(2240K)
[246.410s][info][gc             ] GC(913) Pause Young (Allocation Failure) 452M->11M(1797M) 3.119ms
[246.410s][info][gc,cpu         ] GC(913) User=0.00s Sys=0.00s Real=0.00s
[246.739s][info][gc,start       ] GC(914) Pause Young (Allocation Failure)
[246.743s][info][gc,heap        ] GC(914) PSYoungGen: 442368K(442368K)->1024K(432640K) Eden: 441344K(441344K)->0K(431616K) From: 1024K(1024K)->1024K(1024K)
[246.743s][info][gc,heap        ] GC(914) ParOldGen: 10719K(1398272K)->10843K(1398272K)
[246.743s][info][gc,metaspace   ] GC(914) Metaspace: 14280K(15040K)->14280K(15040K) NonClass: 12329K(12800K)->12329K(12800K) Class: 1950K(2240K)->1950K(2240K)
[246.743s][info][gc             ] GC(914) Pause Young (Allocation Failure) 442M->11M(1788M) 3.244ms
[246.743s][info][gc,cpu         ] GC(914) User=0.52s Sys=0.00s Real=0.00s
[247.064s][info][gc,start       ] GC(915) Pause Young (Allocation Failure)
[247.067s][info][gc,heap        ] GC(915) PSYoungGen: 432640K(432640K)->1024K(422912K) Eden: 431616K(431616K)->0K(421888K) From: 1024K(1024K)->1024K(1024K)
[247.067s][info][gc,heap        ] GC(915) ParOldGen: 10843K(1398272K)->11011K(1398272K)
[247.067s][info][gc,metaspace   ] GC(915) Metaspace: 14280K(15040K)->14280K(15040K) NonClass: 12329K(12800K)->12329K(12800K) Class: 1950K(2240K)->1950K(2240K)
[247.067s][info][gc             ] GC(915) Pause Young (Allocation Failure) 433M->11M(1778M) 3.335ms
[247.067s][info][gc,cpu         ] GC(915) User=0.00s Sys=0.00s Real=0.00s
[247.383s][info][gc,start       ] GC(916) Pause Young (Allocation Failure)
[247.387s][info][gc,heap        ] GC(916) PSYoungGen: 422912K(422912K)->1024K(413696K) Eden: 421888K(421888K)->0K(412672K) From: 1024K(1024K)->1024K(1024K)
[247.387s][info][gc,heap        ] GC(916) ParOldGen: 11011K(1398272K)->11131K(1398272K)
[247.387s][info][gc,metaspace   ] GC(916) Metaspace: 14280K(15040K)->14280K(15040K) NonClass: 12329K(12800K)->12329K(12800K) Class: 1950K(2240K)->1950K(2240K)
[247.387s][info][gc             ] GC(916) Pause Young (Allocation Failure) 423M->11M(1769M) 3.309ms
[247.387s][info][gc,cpu         ] GC(916) User=0.00s Sys=0.00s Real=0.00s
[247.695s][info][gc,start       ] GC(917) Pause Young (Allocation Failure)
[247.698s][info][gc,heap        ] GC(917) PSYoungGen: 413696K(413696K)->1024K(404992K) Eden: 412672K(412672K)->0K(403968K) From: 1024K(1024K)->1024K(1024K)
[247.698s][info][gc,heap        ] GC(917) ParOldGen: 11131K(1398272K)->11251K(1398272K)
[247.698s][info][gc,metaspace   ] GC(917) Metaspace: 14280K(15040K)->14280K(15040K) NonClass: 12329K(12800K)->12329K(12800K) Class: 1950K(2240K)->1950K(2240K)
[247.698s][info][gc             ] GC(917) Pause Young (Allocation Failure) 414M->11M(1761M) 3.416ms
[247.698s][info][gc,cpu         ] GC(917) User=0.52s Sys=0.00s Real=0.00s
[248.026s][info][gc,start       ] GC(918) Pause Young (Allocation Failure)
[248.030s][info][gc,heap        ] GC(918) PSYoungGen: 404992K(404992K)->960K(396288K) Eden: 403968K(403968K)->0K(395264K) From: 1024K(1024K)->960K(1024K)
[248.030s][info][gc,heap        ] GC(918) ParOldGen: 11251K(1398272K)->11363K(1398272K)
[248.030s][info][gc,metaspace   ] GC(918) Metaspace: 14280K(15040K)->14280K(15040K) NonClass: 12329K(12800K)->12329K(12800K) Class: 1950K(2240K)->1950K(2240K)
[248.030s][info][gc             ] GC(918) Pause Young (Allocation Failure) 406M->12M(1752M) 4.091ms
[248.030s][info][gc,cpu         ] GC(918) User=0.00s Sys=0.00s Real=0.00s
[248.355s][info][gc,start       ] GC(919) Pause Young (Allocation Failure)
[248.358s][info][gc,heap        ] GC(919) PSYoungGen: 396224K(396288K)->1024K(388096K) Eden: 395264K(395264K)->0K(387072K) From: 960K(1024K)->1024K(1024K)
[248.358s][info][gc,heap        ] GC(919) ParOldGen: 11363K(1398272K)->11475K(1398272K)
[248.358s][info][gc,metaspace   ] GC(919) Metaspace: 14280K(15040K)->14280K(15040K) NonClass: 12329K(12800K)->12329K(12800K) Class: 1950K(2240K)->1950K(2240K)
[248.358s][info][gc             ] GC(919) Pause Young (Allocation Failure) 398M->12M(1744M) 3.127ms
[248.359s][info][gc,cpu         ] GC(919) User=0.00s Sys=0.00s Real=0.00s
[248.647s][info][gc,start       ] GC(920) Pause Young (Allocation Failure)
[248.650s][info][gc,heap        ] GC(920) PSYoungGen: 388096K(388096K)->992K(379904K) Eden: 387072K(387072K)->0K(378880K) From: 1024K(1024K)->992K(1024K)
[248.650s][info][gc,heap        ] GC(920) ParOldGen: 11475K(1398272K)->11643K(1398272K)
[248.650s][info][gc,metaspace   ] GC(920) Metaspace: 14280K(15040K)->14280K(15040K) NonClass: 12329K(12800K)->12329K(12800K) Class: 1950K(2240K)->1950K(2240K)
[248.650s][info][gc             ] GC(920) Pause Young (Allocation Failure) 390M->12M(1736M) 3.082ms
[248.650s][info][gc,cpu         ] GC(920) User=0.52s Sys=0.00s Real=0.00s
[248.905s][info][gc,start       ] GC(921) Pause Young (Allocation Failure)
[248.908s][info][gc,heap        ] GC(921) PSYoungGen: 379872K(379904K)->928K(372224K) Eden: 378880K(378880K)->0K(371200K) From: 992K(1024K)->928K(1024K)
[248.908s][info][gc,heap        ] GC(921) ParOldGen: 11643K(1398272K)->11763K(1398272K)
[248.908s][info][gc,metaspace   ] GC(921) Metaspace: 14280K(15040K)->14280K(15040K) NonClass: 12329K(12800K)->12329K(12800K) Class: 1950K(2240K)->1950K(2240K)
[248.908s][info][gc             ] GC(921) Pause Young (Allocation Failure) 382M->12M(1729M) 3.081ms
[248.908s][info][gc,cpu         ] GC(921) User=0.00s Sys=0.00s Real=0.00s
[249.105s][info][gc,start       ] GC(922) Pause Young (Allocation Failure)
[249.108s][info][gc,heap        ] GC(922) PSYoungGen: 372128K(372224K)->672K(446464K) Eden: 371200K(371200K)->0K(445440K) From: 928K(1024K)->672K(1024K)
[249.108s][info][gc,heap        ] GC(922) ParOldGen: 11763K(1398272K)->11859K(1398272K)
[249.108s][info][gc,metaspace   ] GC(922) Metaspace: 14280K(15040K)->14280K(15040K) NonClass: 12329K(12800K)->12329K(12800K) Class: 1950K(2240K)->1950K(2240K)
[249.109s][info][gc             ] GC(922) Pause Young (Allocation Failure) 374M->12M(1801M) 3.048ms
[249.109s][info][gc,cpu         ] GC(922) User=0.00s Sys=0.00s Real=0.00s
[249.346s][info][gc,start       ] GC(923) Pause Young (System.gc())
[249.349s][info][gc,heap        ] GC(923) PSYoungGen: 171207K(446464K)->416K(445952K) Eden: 170535K(445440K)->0K(445440K) From: 672K(1024K)->416K(512K)
[249.349s][info][gc,heap        ] GC(923) ParOldGen: 11859K(1398272K)->11955K(1398272K)
[249.349s][info][gc,metaspace   ] GC(923) Metaspace: 14280K(15040K)->14280K(15040K) NonClass: 12329K(12800K)->12329K(12800K) Class: 1950K(2240K)->1950K(2240K)
[249.349s][info][gc             ] GC(923) Pause Young (System.gc()) 178M->12M(1801M) 2.601ms
[249.349s][info][gc,cpu         ] GC(923) User=0.00s Sys=0.00s Real=0.00s
[249.349s][info][gc,start       ] GC(924) Pause Full (System.gc())
[249.349s][info][gc,phases,start] GC(924) Marking Phase
[249.362s][info][gc,phases      ] GC(924) Marking Phase 12.630ms
[249.362s][info][gc,phases,start] GC(924) Summary Phase
[249.362s][info][gc,phases      ] GC(924) Summary Phase 0.012ms
[249.362s][info][gc,phases,start] GC(924) Adjust Roots
[249.368s][info][gc,phases      ] GC(924) Adjust Roots 6.712ms
[249.368s][info][gc,phases,start] GC(924) Compaction Phase
[249.370s][info][gc,phases      ] GC(924) Compaction Phase 2.007ms
[249.370s][info][gc,phases,start] GC(924) Post Compact
[249.371s][info][gc,phases      ] GC(924) Post Compact 0.485ms
[249.371s][info][gc,heap        ] GC(924) PSYoungGen: 416K(445952K)->0K(445952K) Eden: 0K(445440K)->0K(445440K) From: 416K(512K)->0K(512K)
[249.371s][info][gc,heap        ] GC(924) ParOldGen: 11955K(1398272K)->5366K(1398272K)
[249.371s][info][gc,metaspace   ] GC(924) Metaspace: 14280K(15040K)->14280K(15040K) NonClass: 12329K(12800K)->12329K(12800K) Class: 1950K(2240K)->1950K(2240K)
[249.371s][info][gc             ] GC(924) Pause Full (System.gc()) 12M->5M(1801M) 22.051ms
[249.371s][info][gc,cpu         ] GC(924) User=0.02s Sys=0.00s Real=0.02s
[249.762s][info][gc,start       ] GC(925) Pause Young (Allocation Failure)
[249.765s][info][gc,heap        ] GC(925) PSYoungGen: 445440K(445952K)->1536K(536064K) Eden: 445440K(445440K)->0K(534528K) From: 0K(512K)->1536K(1536K)
[249.765s][info][gc,heap        ] GC(925) ParOldGen: 5366K(1398272K)->5612K(1398272K)
[249.765s][info][gc,metaspace   ] GC(925) Metaspace: 14280K(15040K)->14280K(15040K) NonClass: 12329K(12800K)->12329K(12800K) Class: 1950K(2240K)->1950K(2240K)
[249.765s][info][gc             ] GC(925) Pause Young (Allocation Failure) 440M->6M(1889M) 3.229ms
[249.765s][info][gc,cpu         ] GC(925) User=0.00s Sys=0.00s Real=0.00s
[250.116s][info][gc,start       ] GC(926) Pause Young (Allocation Failure)
[250.119s][info][gc,heap        ] GC(926) PSYoungGen: 536064K(536064K)->1024K(522240K) Eden: 534528K(534528K)->0K(521216K) From: 1536K(1536K)->1024K(1024K)
[250.120s][info][gc,heap        ] GC(926) ParOldGen: 5612K(1398272K)->7105K(1398272K)
[250.120s][info][gc,metaspace   ] GC(926) Metaspace: 14280K(15040K)->14280K(15040K) NonClass: 12329K(12800K)->12329K(12800K) Class: 1950K(2240K)->1950K(2240K)
[250.120s][info][gc             ] GC(926) Pause Young (Allocation Failure) 528M->7M(1875M) 3.543ms
[250.120s][info][gc,cpu         ] GC(926) User=0.52s Sys=0.00s Real=0.00s
[250.506s][info][gc,start       ] GC(927) Pause Young (Allocation Failure)
[250.509s][info][gc,heap        ] GC(927) PSYoungGen: 522240K(522240K)->992K(509440K) Eden: 521216K(521216K)->0K(508416K) From: 1024K(1024K)->992K(1024K)
[250.509s][info][gc,heap        ] GC(927) ParOldGen: 7105K(1398272K)->7265K(1398272K)
[250.509s][info][gc,metaspace   ] GC(927) Metaspace: 14280K(15040K)->14280K(15040K) NonClass: 12329K(12800K)->12329K(12800K) Class: 1950K(2240K)->1950K(2240K)
[250.509s][info][gc             ] GC(927) Pause Young (Allocation Failure) 516M->8M(1863M) 3.396ms
[250.509s][info][gc,cpu         ] GC(927) User=0.52s Sys=0.00s Real=0.00s
[250.888s][info][gc,start       ] GC(928) Pause Young (Allocation Failure)
[250.892s][info][gc,heap        ] GC(928) PSYoungGen: 509408K(509440K)->960K(497152K) Eden: 508416K(508416K)->0K(496128K) From: 992K(1024K)->960K(1024K)
[250.892s][info][gc,heap        ] GC(928) ParOldGen: 7265K(1398272K)->7449K(1398272K)
[250.892s][info][gc,metaspace   ] GC(928) Metaspace: 14280K(15040K)->14280K(15040K) NonClass: 12329K(12800K)->12329K(12800K) Class: 1950K(2240K)->1950K(2240K)
[250.892s][info][gc             ] GC(928) Pause Young (Allocation Failure) 504M->8M(1851M) 3.501ms
[250.892s][info][gc,cpu         ] GC(928) User=0.00s Sys=0.00s Real=0.00s
[251.263s][info][gc,start       ] GC(929) Pause Young (Allocation Failure)
[251.266s][info][gc,heap        ] GC(929) PSYoungGen: 497088K(497152K)->1024K(485376K) Eden: 496128K(496128K)->0K(484352K) From: 960K(1024K)->1024K(1024K)
[251.266s][info][gc,heap        ] GC(929) ParOldGen: 7449K(1398272K)->7585K(1398272K)
[251.266s][info][gc,metaspace   ] GC(929) Metaspace: 14280K(15040K)->14280K(15040K) NonClass: 12329K(12800K)->12329K(12800K) Class: 1950K(2240K)->1950K(2240K)
[251.266s][info][gc             ] GC(929) Pause Young (Allocation Failure) 492M->8M(1839M) 3.571ms
[251.266s][info][gc,cpu         ] GC(929) User=0.00s Sys=0.00s Real=0.00s
[251.635s][info][gc,start       ] GC(930) Pause Young (Allocation Failure)
[251.638s][info][gc,heap        ] GC(930) PSYoungGen: 485376K(485376K)->1024K(474112K) Eden: 484352K(484352K)->0K(473088K) From: 1024K(1024K)->1024K(1024K)
[251.638s][info][gc,heap        ] GC(930) ParOldGen: 7585K(1398272K)->7737K(1398272K)
[251.638s][info][gc,metaspace   ] GC(930) Metaspace: 14280K(15040K)->14280K(15040K) NonClass: 12329K(12800K)->12329K(12800K) Class: 1950K(2240K)->1950K(2240K)
[251.638s][info][gc             ] GC(930) Pause Young (Allocation Failure) 481M->8M(1828M) 3.589ms
[251.638s][info][gc,cpu         ] GC(930) User=0.00s Sys=0.00s Real=0.00s
[252.002s][info][gc,start       ] GC(931) Pause Young (Allocation Failure)
[252.006s][info][gc,heap        ] GC(931) PSYoungGen: 474112K(474112K)->960K(463360K) Eden: 473088K(473088K)->0K(462336K) From: 1024K(1024K)->960K(1024K)
[252.006s][info][gc,heap        ] GC(931) ParOldGen: 7737K(1398272K)->7881K(1398272K)
[252.006s][info][gc,metaspace   ] GC(931) Metaspace: 14280K(15040K)->14280K(15040K) NonClass: 12329K(12800K)->12329K(12800K) Class: 1950K(2240K)->1950K(2240K)
[252.006s][info][gc             ] GC(931) Pause Young (Allocation Failure) 470M->8M(1818M) 3.525ms
[252.006s][info][gc,cpu         ] GC(931) User=0.00s Sys=0.00s Real=0.00s
[252.368s][info][gc,start       ] GC(932) Pause Young (Allocation Failure)
[252.371s][info][gc,heap        ] GC(932) PSYoungGen: 463296K(463360K)->1024K(452608K) Eden: 462336K(462336K)->0K(451584K) From: 960K(1024K)->1024K(1024K)
[252.371s][info][gc,heap        ] GC(932) ParOldGen: 7881K(1398272K)->8009K(1398272K)
[252.371s][info][gc,metaspace   ] GC(932) Metaspace: 14280K(15040K)->14280K(15040K) NonClass: 12329K(12800K)->12329K(12800K) Class: 1950K(2240K)->1950K(2240K)
[252.371s][info][gc             ] GC(932) Pause Young (Allocation Failure) 460M->8M(1807M) 3.263ms
[252.371s][info][gc,cpu         ] GC(932) User=0.00s Sys=0.00s Real=0.00s
[252.728s][info][gc,start       ] GC(933) Pause Young (Allocation Failure)
[252.731s][info][gc,heap        ] GC(933) PSYoungGen: 452607K(452608K)->1024K(442368K) Eden: 451583K(451584K)->0K(441344K) From: 1024K(1024K)->1024K(1024K)
[252.731s][info][gc,heap        ] GC(933) ParOldGen: 8009K(1398272K)->8177K(1398272K)
[252.731s][info][gc,metaspace   ] GC(933) Metaspace: 14280K(15040K)->14280K(15040K) NonClass: 12329K(12800K)->12329K(12800K) Class: 1950K(2240K)->1950K(2240K)
[252.731s][info][gc             ] GC(933) Pause Young (Allocation Failure) 449M->8M(1797M) 3.177ms
[252.731s][info][gc,cpu         ] GC(933) User=0.00s Sys=0.00s Real=0.00s
[253.062s][info][gc,start       ] GC(934) Pause Young (Allocation Failure)
[253.065s][info][gc,heap        ] GC(934) PSYoungGen: 442368K(442368K)->992K(432640K) Eden: 441344K(441344K)->0K(431616K) From: 1024K(1024K)->992K(1024K)
[253.065s][info][gc,heap        ] GC(934) ParOldGen: 8177K(1398272K)->8305K(1398272K)
[253.065s][info][gc,metaspace   ] GC(934) Metaspace: 14280K(15040K)->14280K(15040K) NonClass: 12329K(12800K)->12329K(12800K) Class: 1950K(2240K)->1950K(2240K)
[253.065s][info][gc             ] GC(934) Pause Young (Allocation Failure) 439M->9M(1788M) 3.213ms
[253.065s][info][gc,cpu         ] GC(934) User=0.00s Sys=0.00s Real=0.00s
[253.387s][info][gc,start       ] GC(935) Pause Young (Allocation Failure)
[253.390s][info][gc,heap        ] GC(935) PSYoungGen: 432608K(432640K)->992K(422912K) Eden: 431616K(431616K)->0K(421888K) From: 992K(1024K)->992K(1024K)
[253.391s][info][gc,heap        ] GC(935) ParOldGen: 8305K(1398272K)->8441K(1398272K)
[253.391s][info][gc,metaspace   ] GC(935) Metaspace: 14280K(15040K)->14280K(15040K) NonClass: 12329K(12800K)->12329K(12800K) Class: 1950K(2240K)->1950K(2240K)
[253.391s][info][gc             ] GC(935) Pause Young (Allocation Failure) 430M->9M(1778M) 3.212ms
[253.391s][info][gc,cpu         ] GC(935) User=0.00s Sys=0.00s Real=0.00s
[253.702s][info][gc,start       ] GC(936) Pause Young (Allocation Failure)
[253.705s][info][gc,heap        ] GC(936) PSYoungGen: 422880K(422912K)->1024K(413696K) Eden: 421888K(421888K)->0K(412672K) From: 992K(1024K)->1024K(1024K)
[253.705s][info][gc,heap        ] GC(936) ParOldGen: 8441K(1398272K)->8569K(1398272K)
[253.705s][info][gc,metaspace   ] GC(936) Metaspace: 14280K(15040K)->14280K(15040K) NonClass: 12329K(12800K)->12329K(12800K) Class: 1950K(2240K)->1950K(2240K)
[253.705s][info][gc             ] GC(936) Pause Young (Allocation Failure) 421M->9M(1769M) 3.358ms
[253.705s][info][gc,cpu         ] GC(936) User=0.00s Sys=0.00s Real=0.00s
[254.012s][info][gc,start       ] GC(937) Pause Young (Allocation Failure)
[254.016s][info][gc,heap        ] GC(937) PSYoungGen: 413696K(413696K)->992K(404992K) Eden: 412672K(412672K)->0K(403968K) From: 1024K(1024K)->992K(1024K)
[254.016s][info][gc,heap        ] GC(937) ParOldGen: 8569K(1398272K)->8673K(1398272K)
[254.016s][info][gc,metaspace   ] GC(937) Metaspace: 14280K(15040K)->14280K(15040K) NonClass: 12329K(12800K)->12329K(12800K) Class: 1950K(2240K)->1950K(2240K)
[254.016s][info][gc             ] GC(937) Pause Young (Allocation Failure) 412M->9M(1761M) 3.391ms
[254.016s][info][gc,cpu         ] GC(937) User=0.00s Sys=0.00s Real=0.00s
[254.319s][info][gc,start       ] GC(938) Pause Young (Allocation Failure)
[254.323s][info][gc,heap        ] GC(938) PSYoungGen: 404960K(404992K)->1024K(396288K) Eden: 403968K(403968K)->0K(395264K) From: 992K(1024K)->1024K(1024K)
[254.323s][info][gc,heap        ] GC(938) ParOldGen: 8673K(1398272K)->8825K(1398272K)
[254.323s][info][gc,metaspace   ] GC(938) Metaspace: 14280K(15040K)->14280K(15040K) NonClass: 12329K(12800K)->12329K(12800K) Class: 1950K(2240K)->1950K(2240K)
[254.323s][info][gc             ] GC(938) Pause Young (Allocation Failure) 403M->9M(1752M) 3.504ms
[254.323s][info][gc,cpu         ] GC(938) User=0.52s Sys=0.00s Real=0.00s
[254.679s][info][gc,start       ] GC(939) Pause Young (Allocation Failure)
[254.683s][info][gc,heap        ] GC(939) PSYoungGen: 396288K(396288K)->992K(475648K) Eden: 395264K(395264K)->0K(474624K) From: 1024K(1024K)->992K(1024K)
[254.683s][info][gc,heap        ] GC(939) ParOldGen: 8825K(1398272K)->8977K(1398272K)
[254.683s][info][gc,metaspace   ] GC(939) Metaspace: 14280K(15040K)->14280K(15040K) NonClass: 12329K(12800K)->12329K(12800K) Class: 1950K(2240K)->1950K(2240K)
[254.683s][info][gc             ] GC(939) Pause Young (Allocation Failure) 395M->9M(1830M) 4.483ms
[254.684s][info][gc,cpu         ] GC(939) User=0.00s Sys=0.00s Real=0.00s
[255.058s][info][gc,start       ] GC(940) Pause Young (Allocation Failure)
[255.062s][info][gc,heap        ] GC(940) PSYoungGen: 475616K(475648K)->1024K(464384K) Eden: 474624K(474624K)->0K(463360K) From: 992K(1024K)->1024K(1024K)
[255.062s][info][gc,heap        ] GC(940) ParOldGen: 8977K(1398272K)->9113K(1398272K)
[255.062s][info][gc,metaspace   ] GC(940) Metaspace: 14280K(15040K)->14280K(15040K) NonClass: 12329K(12800K)->12329K(12800K) Class: 1950K(2240K)->1950K(2240K)
[255.062s][info][gc             ] GC(940) Pause Young (Allocation Failure) 473M->9M(1819M) 3.311ms
[255.062s][info][gc,cpu         ] GC(940) User=0.00s Sys=0.00s Real=0.00s
[255.427s][info][gc,start       ] GC(941) Pause Young (Allocation Failure)
[255.430s][info][gc,heap        ] GC(941) PSYoungGen: 464384K(464384K)->1024K(453632K) Eden: 463360K(463360K)->0K(452608K) From: 1024K(1024K)->1024K(1024K)
[255.430s][info][gc,heap        ] GC(941) ParOldGen: 9113K(1398272K)->9249K(1398272K)
[255.430s][info][gc,metaspace   ] GC(941) Metaspace: 14280K(15040K)->14280K(15040K) NonClass: 12329K(12800K)->12329K(12800K) Class: 1950K(2240K)->1950K(2240K)
[255.430s][info][gc             ] GC(941) Pause Young (Allocation Failure) 462M->10M(1808M) 3.113ms
[255.430s][info][gc,cpu         ] GC(941) User=0.00s Sys=0.02s Real=0.00s
[255.765s][info][gc,start       ] GC(942) Pause Young (Allocation Failure)
[255.768s][info][gc,heap        ] GC(942) PSYoungGen: 453632K(453632K)->1024K(443392K) Eden: 452608K(452608K)->0K(442368K) From: 1024K(1024K)->1024K(1024K)
[255.768s][info][gc,heap        ] GC(942) ParOldGen: 9249K(1398272K)->9361K(1398272K)
[255.768s][info][gc,metaspace   ] GC(942) Metaspace: 14280K(15040K)->14280K(15040K) NonClass: 12329K(12800K)->12329K(12800K) Class: 1950K(2240K)->1950K(2240K)
[255.768s][info][gc             ] GC(942) Pause Young (Allocation Failure) 452M->10M(1798M) 3.172ms
[255.768s][info][gc,cpu         ] GC(942) User=0.00s Sys=0.00s Real=0.00s
[256.092s][info][gc,start       ] GC(943) Pause Young (Allocation Failure)
[256.096s][info][gc,heap        ] GC(943) PSYoungGen: 443392K(443392K)->1024K(433664K) Eden: 442368K(442368K)->0K(432640K) From: 1024K(1024K)->1024K(1024K)
[256.096s][info][gc,heap        ] GC(943) ParOldGen: 9361K(1398272K)->9505K(1398272K)
[256.096s][info][gc,metaspace   ] GC(943) Metaspace: 14280K(15040K)->14280K(15040K) NonClass: 12329K(12800K)->12329K(12800K) Class: 1950K(2240K)->1950K(2240K)
[256.096s][info][gc             ] GC(943) Pause Young (Allocation Failure) 442M->10M(1789M) 3.134ms
[256.096s][info][gc,cpu         ] GC(943) User=0.00s Sys=0.00s Real=0.00s
[256.418s][info][gc,start       ] GC(944) Pause Young (Allocation Failure)
[256.421s][info][gc,heap        ] GC(944) PSYoungGen: 433664K(433664K)->992K(423936K) Eden: 432640K(432640K)->0K(422912K) From: 1024K(1024K)->992K(1024K)
[256.421s][info][gc,heap        ] GC(944) ParOldGen: 9505K(1398272K)->9633K(1398272K)
[256.421s][info][gc,metaspace   ] GC(944) Metaspace: 14280K(15040K)->14280K(15040K) NonClass: 12329K(12800K)->12329K(12800K) Class: 1950K(2240K)->1950K(2240K)
[256.421s][info][gc             ] GC(944) Pause Young (Allocation Failure) 432M->10M(1779M) 3.214ms
[256.421s][info][gc,cpu         ] GC(944) User=0.00s Sys=0.00s Real=0.00s
[256.738s][info][gc,start       ] GC(945) Pause Young (Allocation Failure)
[256.741s][info][gc,heap        ] GC(945) PSYoungGen: 423904K(423936K)->1024K(414720K) Eden: 422912K(422912K)->0K(413696K) From: 992K(1024K)->1024K(1024K)
[256.742s][info][gc,heap        ] GC(945) ParOldGen: 9633K(1398272K)->9777K(1398272K)
[256.742s][info][gc,metaspace   ] GC(945) Metaspace: 14280K(15040K)->14280K(15040K) NonClass: 12329K(12800K)->12329K(12800K) Class: 1950K(2240K)->1950K(2240K)
[256.742s][info][gc             ] GC(945) Pause Young (Allocation Failure) 423M->10M(1770M) 3.306ms
[256.742s][info][gc,cpu         ] GC(945) User=0.00s Sys=0.00s Real=0.00s
[257.046s][info][gc,start       ] GC(946) Pause Young (Allocation Failure)
[257.049s][info][gc,heap        ] GC(946) PSYoungGen: 414720K(414720K)->1024K(406016K) Eden: 413696K(413696K)->0K(404992K) From: 1024K(1024K)->1024K(1024K)
[257.049s][info][gc,heap        ] GC(946) ParOldGen: 9777K(1398272K)->9905K(1398272K)
[257.049s][info][gc,metaspace   ] GC(946) Metaspace: 14280K(15040K)->14280K(15040K) NonClass: 12329K(12800K)->12329K(12800K) Class: 1950K(2240K)->1950K(2240K)
[257.049s][info][gc             ] GC(946) Pause Young (Allocation Failure) 414M->10M(1762M) 3.356ms
[257.049s][info][gc,cpu         ] GC(946) User=0.00s Sys=0.00s Real=0.00s
[257.352s][info][gc,start       ] GC(947) Pause Young (Allocation Failure)
[257.355s][info][gc,heap        ] GC(947) PSYoungGen: 406016K(406016K)->1024K(397312K) Eden: 404992K(404992K)->0K(396288K) From: 1024K(1024K)->1024K(1024K)
[257.355s][info][gc,heap        ] GC(947) ParOldGen: 9905K(1398272K)->10001K(1398272K)
[257.355s][info][gc,metaspace   ] GC(947) Metaspace: 14280K(15040K)->14280K(15040K) NonClass: 12329K(12800K)->12329K(12800K) Class: 1950K(2240K)->1950K(2240K)
[257.355s][info][gc             ] GC(947) Pause Young (Allocation Failure) 406M->10M(1753M) 3.384ms
[257.355s][info][gc,cpu         ] GC(947) User=0.00s Sys=0.00s Real=0.00s
[257.653s][info][gc,start       ] GC(948) Pause Young (Allocation Failure)
[257.656s][info][gc,heap        ] GC(948) PSYoungGen: 397312K(397312K)->1056K(389632K) Eden: 396288K(396288K)->0K(388096K) From: 1024K(1024K)->1056K(1536K)
[257.656s][info][gc,heap        ] GC(948) ParOldGen: 10001K(1398272K)->10121K(1398272K)
[257.656s][info][gc,metaspace   ] GC(948) Metaspace: 14280K(15040K)->14280K(15040K) NonClass: 12329K(12800K)->12329K(12800K) Class: 1950K(2240K)->1950K(2240K)
[257.656s][info][gc             ] GC(948) Pause Young (Allocation Failure) 397M->10M(1746M) 3.722ms
[257.656s][info][gc,cpu         ] GC(948) User=0.00s Sys=0.00s Real=0.00s
[257.983s][info][gc,start       ] GC(949) Pause Young (Allocation Failure)
[257.986s][info][gc,heap        ] GC(949) PSYoungGen: 389152K(389632K)->1024K(380928K) Eden: 388096K(388096K)->0K(379904K) From: 1056K(1536K)->1024K(1024K)
[257.986s][info][gc,heap        ] GC(949) ParOldGen: 10121K(1398272K)->10233K(1398272K)
[257.986s][info][gc,metaspace   ] GC(949) Metaspace: 14280K(15040K)->14280K(15040K) NonClass: 12329K(12800K)->12329K(12800K) Class: 1950K(2240K)->1950K(2240K)
[257.986s][info][gc             ] GC(949) Pause Young (Allocation Failure) 389M->10M(1737M) 2.979ms
[257.986s][info][gc,cpu         ] GC(949) User=0.00s Sys=0.00s Real=0.00s
[258.275s][info][gc,start       ] GC(950) Pause Young (Allocation Failure)
[258.278s][info][gc,heap        ] GC(950) PSYoungGen: 380928K(380928K)->992K(373248K) Eden: 379904K(379904K)->0K(372224K) From: 1024K(1024K)->992K(1024K)
[258.278s][info][gc,heap        ] GC(950) ParOldGen: 10233K(1398272K)->10345K(1398272K)
[258.278s][info][gc,metaspace   ] GC(950) Metaspace: 14280K(15040K)->14280K(15040K) NonClass: 12329K(12800K)->12329K(12800K) Class: 1950K(2240K)->1950K(2240K)
[258.278s][info][gc             ] GC(950) Pause Young (Allocation Failure) 381M->11M(1730M) 3.066ms
[258.278s][info][gc,cpu         ] GC(950) User=0.00s Sys=0.00s Real=0.00s
[258.553s][info][gc,start       ] GC(951) Pause Young (Allocation Failure)
[258.556s][info][gc,heap        ] GC(951) PSYoungGen: 373216K(373248K)->1024K(365568K) Eden: 372224K(372224K)->0K(364544K) From: 992K(1024K)->1024K(1024K)
[258.556s][info][gc,heap        ] GC(951) ParOldGen: 10345K(1398272K)->10465K(1398272K)
[258.556s][info][gc,metaspace   ] GC(951) Metaspace: 14280K(15040K)->14280K(15040K) NonClass: 12329K(12800K)->12329K(12800K) Class: 1950K(2240K)->1950K(2240K)
[258.556s][info][gc             ] GC(951) Pause Young (Allocation Failure) 374M->11M(1722M) 3.031ms
[258.556s][info][gc,cpu         ] GC(951) User=0.52s Sys=0.00s Real=0.00s
[258.825s][info][gc,start       ] GC(952) Pause Young (Allocation Failure)
[258.828s][info][gc,heap        ] GC(952) PSYoungGen: 365568K(365568K)->992K(358400K) Eden: 364544K(364544K)->0K(357376K) From: 1024K(1024K)->992K(1024K)
[258.828s][info][gc,heap        ] GC(952) ParOldGen: 10465K(1398272K)->10569K(1398272K)
[258.828s][info][gc,metaspace   ] GC(952) Metaspace: 14280K(15040K)->14280K(15040K) NonClass: 12329K(12800K)->12329K(12800K) Class: 1950K(2240K)->1950K(2240K)
[258.828s][info][gc             ] GC(952) Pause Young (Allocation Failure) 367M->11M(1715M) 3.049ms
[258.828s][info][gc,cpu         ] GC(952) User=0.00s Sys=0.00s Real=0.00s
[259.094s][info][gc,start       ] GC(953) Pause Young (Allocation Failure)
[259.097s][info][gc,heap        ] GC(953) PSYoungGen: 358368K(358400K)->1024K(351232K) Eden: 357376K(357376K)->0K(350208K) From: 992K(1024K)->1024K(1024K)
[259.097s][info][gc,heap        ] GC(953) ParOldGen: 10569K(1398272K)->10681K(1398272K)
[259.097s][info][gc,metaspace   ] GC(953) Metaspace: 14280K(15040K)->14280K(15040K) NonClass: 12329K(12800K)->12329K(12800K) Class: 1950K(2240K)->1950K(2240K)
[259.097s][info][gc             ] GC(953) Pause Young (Allocation Failure) 360M->11M(1708M) 3.027ms
[259.097s][info][gc,cpu         ] GC(953) User=0.00s Sys=0.00s Real=0.00s
[259.358s][info][gc,start       ] GC(954) Pause Young (Allocation Failure)
[259.361s][info][gc,heap        ] GC(954) PSYoungGen: 351232K(351232K)->960K(421376K) Eden: 350208K(350208K)->0K(420352K) From: 1024K(1024K)->960K(1024K)
[259.361s][info][gc,heap        ] GC(954) ParOldGen: 10681K(1398272K)->10849K(1398272K)
[259.361s][info][gc,metaspace   ] GC(954) Metaspace: 14280K(15040K)->14280K(15040K) NonClass: 12329K(12800K)->12329K(12800K) Class: 1950K(2240K)->1950K(2240K)
[259.361s][info][gc             ] GC(954) Pause Young (Allocation Failure) 353M->11M(1777M) 3.045ms
[259.361s][info][gc,cpu         ] GC(954) User=0.00s Sys=0.00s Real=0.00s
[259.674s][info][gc,start       ] GC(955) Pause Young (Allocation Failure)
[259.677s][info][gc,heap        ] GC(955) PSYoungGen: 421312K(421376K)->992K(412160K) Eden: 420352K(420352K)->0K(411136K) From: 960K(1024K)->992K(1024K)
[259.677s][info][gc,heap        ] GC(955) ParOldGen: 10849K(1398272K)->10965K(1398272K)
[259.677s][info][gc,metaspace   ] GC(955) Metaspace: 14280K(15040K)->14280K(15040K) NonClass: 12329K(12800K)->12329K(12800K) Class: 1950K(2240K)->1950K(2240K)
[259.677s][info][gc             ] GC(955) Pause Young (Allocation Failure) 422M->11M(1768M) 3.270ms
[259.678s][info][gc,cpu         ] GC(955) User=0.00s Sys=0.00s Real=0.00s
[259.981s][info][gc,start       ] GC(956) Pause Young (Allocation Failure)
[259.984s][info][gc,heap        ] GC(956) PSYoungGen: 412128K(412160K)->1024K(403456K) Eden: 411136K(411136K)->0K(402432K) From: 992K(1024K)->1024K(1024K)
[259.984s][info][gc,heap        ] GC(956) ParOldGen: 10965K(1398272K)->11061K(1398272K)
[259.984s][info][gc,metaspace   ] GC(956) Metaspace: 14280K(15040K)->14280K(15040K) NonClass: 12329K(12800K)->12329K(12800K) Class: 1950K(2240K)->1950K(2240K)
[259.984s][info][gc             ] GC(956) Pause Young (Allocation Failure) 413M->11M(1759M) 3.319ms
[259.984s][info][gc,cpu         ] GC(956) User=0.00s Sys=0.00s Real=0.00s
[260.288s][info][gc,start       ] GC(957) Pause Young (Allocation Failure)
[260.291s][info][gc,heap        ] GC(957) PSYoungGen: 403456K(403456K)->1024K(394752K) Eden: 402432K(402432K)->0K(393728K) From: 1024K(1024K)->1024K(1024K)
[260.291s][info][gc,heap        ] GC(957) ParOldGen: 11061K(1398272K)->11181K(1398272K)
[260.291s][info][gc,metaspace   ] GC(957) Metaspace: 14280K(15040K)->14280K(15040K) NonClass: 12329K(12800K)->12329K(12800K) Class: 1950K(2240K)->1950K(2240K)
[260.291s][info][gc             ] GC(957) Pause Young (Allocation Failure) 404M->11M(1751M) 3.347ms
[260.291s][info][gc,cpu         ] GC(957) User=0.52s Sys=0.00s Real=0.00s
[260.587s][info][gc,start       ] GC(958) Pause Young (Allocation Failure)
[260.591s][info][gc,heap        ] GC(958) PSYoungGen: 394752K(394752K)->1024K(473600K) Eden: 393728K(393728K)->0K(472576K) From: 1024K(1024K)->1024K(1024K)
[260.591s][info][gc,heap        ] GC(958) ParOldGen: 11181K(1398272K)->11317K(1398272K)
[260.591s][info][gc,metaspace   ] GC(958) Metaspace: 14280K(15040K)->14280K(15040K) NonClass: 12329K(12800K)->12329K(12800K) Class: 1950K(2240K)->1950K(2240K)
[260.591s][info][gc             ] GC(958) Pause Young (Allocation Failure) 396M->12M(1828M) 3.396ms
[260.591s][info][gc,cpu         ] GC(958) User=0.00s Sys=0.00s Real=0.00s
[260.930s][info][gc,start       ] GC(959) Pause Young (Allocation Failure)
[260.934s][info][gc,heap        ] GC(959) PSYoungGen: 473600K(473600K)->992K(527360K) Eden: 472576K(472576K)->0K(525824K) From: 1024K(1024K)->992K(1536K)
[260.934s][info][gc,heap        ] GC(959) ParOldGen: 11317K(1398272K)->11445K(1398272K)
[260.934s][info][gc,metaspace   ] GC(959) Metaspace: 14280K(15040K)->14280K(15040K) NonClass: 12329K(12800K)->12329K(12800K) Class: 1950K(2240K)->1950K(2240K)
[260.934s][info][gc             ] GC(959) Pause Young (Allocation Failure) 473M->12M(1880M) 3.614ms
[260.934s][info][gc,cpu         ] GC(959) User=0.00s Sys=0.00s Real=0.00s
[261.413s][info][gc,start       ] GC(960) Pause Young (Allocation Failure)
[261.418s][info][gc,heap        ] GC(960) PSYoungGen: 526816K(527360K)->992K(514048K) Eden: 525824K(525824K)->0K(513024K) From: 992K(1536K)->992K(1024K)
[261.418s][info][gc,heap        ] GC(960) ParOldGen: 11445K(1398272K)->11549K(1398272K)
[261.418s][info][gc,metaspace   ] GC(960) Metaspace: 14280K(15040K)->14280K(15040K) NonClass: 12329K(12800K)->12329K(12800K) Class: 1950K(2240K)->1950K(2240K)
[261.418s][info][gc             ] GC(960) Pause Young (Allocation Failure) 525M->12M(1867M) 5.323ms
[261.418s][info][gc,cpu         ] GC(960) User=0.00s Sys=0.00s Real=0.00s
[261.774s][info][gc,start       ] GC(961) Pause Young (Allocation Failure)
[261.778s][info][gc,heap        ] GC(961) PSYoungGen: 514016K(514048K)->896K(501760K) Eden: 513024K(513024K)->0K(500736K) From: 992K(1024K)->896K(1024K)
[261.778s][info][gc,heap        ] GC(961) ParOldGen: 11549K(1398272K)->11693K(1398272K)
[261.778s][info][gc,metaspace   ] GC(961) Metaspace: 14280K(15040K)->14280K(15040K) NonClass: 12329K(12800K)->12329K(12800K) Class: 1950K(2240K)->1950K(2240K)
[261.778s][info][gc             ] GC(961) Pause Young (Allocation Failure) 513M->12M(1855M) 3.475ms
[261.778s][info][gc,cpu         ] GC(961) User=0.00s Sys=0.00s Real=0.00s
[262.204s][info][gc,start       ] GC(962) Pause Young (System.gc())
[262.207s][info][gc,heap        ] GC(962) PSYoungGen: 488142K(501760K)->576K(501760K) Eden: 487246K(500736K)->0K(500736K) From: 896K(1024K)->576K(1024K)
[262.207s][info][gc,heap        ] GC(962) ParOldGen: 11693K(1398272K)->11797K(1398272K)
[262.207s][info][gc,metaspace   ] GC(962) Metaspace: 14280K(15040K)->14280K(15040K) NonClass: 12329K(12800K)->12329K(12800K) Class: 1950K(2240K)->1950K(2240K)
[262.207s][info][gc             ] GC(962) Pause Young (System.gc()) 488M->12M(1855M) 3.068ms
[262.207s][info][gc,cpu         ] GC(962) User=0.00s Sys=0.00s Real=0.00s
[262.208s][info][gc,start       ] GC(963) Pause Full (System.gc())
[262.208s][info][gc,phases,start] GC(963) Marking Phase
[262.222s][info][gc,phases      ] GC(963) Marking Phase 14.343ms
[262.222s][info][gc,phases,start] GC(963) Summary Phase
[262.222s][info][gc,phases      ] GC(963) Summary Phase 0.019ms
[262.222s][info][gc,phases,start] GC(963) Adjust Roots
[262.228s][info][gc,phases      ] GC(963) Adjust Roots 6.331ms
[262.228s][info][gc,phases,start] GC(963) Compaction Phase
[262.230s][info][gc,phases      ] GC(963) Compaction Phase 2.028ms
[262.230s][info][gc,phases,start] GC(963) Post Compact
[262.231s][info][gc,phases      ] GC(963) Post Compact 0.610ms
[262.231s][info][gc,heap        ] GC(963) PSYoungGen: 576K(501760K)->0K(501760K) Eden: 0K(500736K)->0K(500736K) From: 576K(1024K)->0K(1024K)
[262.231s][info][gc,heap        ] GC(963) ParOldGen: 11797K(1398272K)->5367K(1398272K)
[262.231s][info][gc,metaspace   ] GC(963) Metaspace: 14280K(15040K)->14280K(15040K) NonClass: 12329K(12800K)->12329K(12800K) Class: 1950K(2240K)->1950K(2240K)
[262.231s][info][gc             ] GC(963) Pause Full (System.gc()) 12M->5M(1855M) 23.668ms
[262.231s][info][gc,cpu         ] GC(963) User=0.02s Sys=0.00s Real=0.02s
[262.674s][info][gc,start       ] GC(964) Pause Young (Allocation Failure)
[262.678s][info][gc,heap        ] GC(964) PSYoungGen: 500736K(501760K)->1536K(490496K) Eden: 500736K(500736K)->0K(488960K) From: 0K(1024K)->1536K(1536K)
[262.678s][info][gc,heap        ] GC(964) ParOldGen: 5367K(1398272K)->5596K(1398272K)
[262.678s][info][gc,metaspace   ] GC(964) Metaspace: 14301K(15040K)->14301K(15040K) NonClass: 12351K(12800K)->12351K(12800K) Class: 1950K(2240K)->1950K(2240K)
[262.678s][info][gc             ] GC(964) Pause Young (Allocation Failure) 494M->6M(1844M) 3.421ms
[262.678s][info][gc,cpu         ] GC(964) User=0.00s Sys=0.00s Real=0.00s
[263.001s][info][gc,start       ] GC(965) Pause Young (Allocation Failure)
[263.005s][info][gc,heap        ] GC(965) PSYoungGen: 490496K(490496K)->1056K(478720K) Eden: 488960K(488960K)->0K(477184K) From: 1536K(1536K)->1056K(1536K)
[263.005s][info][gc,heap        ] GC(965) ParOldGen: 5596K(1398272K)->7125K(1398272K)
[263.005s][info][gc,metaspace   ] GC(965) Metaspace: 14301K(15040K)->14301K(15040K) NonClass: 12351K(12800K)->12351K(12800K) Class: 1950K(2240K)->1950K(2240K)
[263.005s][info][gc             ] GC(965) Pause Young (Allocation Failure) 484M->7M(1833M) 3.466ms
[263.005s][info][gc,cpu         ] GC(965) User=0.00s Sys=0.00s Real=0.00s
[263.353s][info][gc,start       ] GC(966) Pause Young (Allocation Failure)
[263.357s][info][gc,heap        ] GC(966) PSYoungGen: 478240K(478720K)->512K(466432K) Eden: 477184K(477184K)->0K(465920K) From: 1056K(1536K)->512K(512K)
[263.357s][info][gc,heap        ] GC(966) ParOldGen: 7125K(1398272K)->7341K(1398272K)
[263.357s][info][gc,metaspace   ] GC(966) Metaspace: 14301K(15040K)->14301K(15040K) NonClass: 12351K(12800K)->12351K(12800K) Class: 1950K(2240K)->1950K(2240K)
[263.357s][info][gc             ] GC(966) Pause Young (Allocation Failure) 473M->7M(1821M) 3.225ms
[263.357s][info][gc,cpu         ] GC(966) User=0.00s Sys=0.00s Real=0.00s
[263.699s][info][gc,start       ] GC(967) Pause Young (Allocation Failure)
[263.703s][info][gc,heap        ] GC(967) PSYoungGen: 466432K(466432K)->1024K(456704K) Eden: 465920K(465920K)->0K(455168K) From: 512K(512K)->1024K(1536K)
[263.703s][info][gc,heap        ] GC(967) ParOldGen: 7341K(1398272K)->7461K(1398272K)
[263.703s][info][gc,metaspace   ] GC(967) Metaspace: 14301K(15040K)->14301K(15040K) NonClass: 12351K(12800K)->12351K(12800K) Class: 1950K(2240K)->1950K(2240K)
[263.703s][info][gc             ] GC(967) Pause Young (Allocation Failure) 462M->8M(1811M) 3.388ms
[263.703s][info][gc,cpu         ] GC(967) User=0.00s Sys=0.00s Real=0.00s
[264.038s][info][gc,start       ] GC(968) Pause Young (Allocation Failure)
[264.042s][info][gc,heap        ] GC(968) PSYoungGen: 456192K(456704K)->992K(445952K) Eden: 455168K(455168K)->0K(444928K) From: 1024K(1536K)->992K(1024K)
[264.042s][info][gc,heap        ] GC(968) ParOldGen: 7461K(1398272K)->7629K(1398272K)
[264.042s][info][gc,metaspace   ] GC(968) Metaspace: 14301K(15040K)->14301K(15040K) NonClass: 12351K(12800K)->12351K(12800K) Class: 1950K(2240K)->1950K(2240K)
[264.042s][info][gc             ] GC(968) Pause Young (Allocation Failure) 452M->8M(1801M) 3.487ms
[264.042s][info][gc,cpu         ] GC(968) User=0.52s Sys=0.00s Real=0.00s
[264.372s][info][gc,start       ] GC(969) Pause Young (Allocation Failure)
[264.376s][info][gc,heap        ] GC(969) PSYoungGen: 445920K(445952K)->1024K(436224K) Eden: 444928K(444928K)->0K(435200K) From: 992K(1024K)->1024K(1024K)
[264.376s][info][gc,heap        ] GC(969) ParOldGen: 7629K(1398272K)->7749K(1398272K)
[264.376s][info][gc,metaspace   ] GC(969) Metaspace: 14301K(15040K)->14301K(15040K) NonClass: 12351K(12800K)->12351K(12800K) Class: 1950K(2240K)->1950K(2240K)
[264.376s][info][gc             ] GC(969) Pause Young (Allocation Failure) 442M->8M(1791M) 3.503ms
[264.376s][info][gc,cpu         ] GC(969) User=0.00s Sys=0.00s Real=0.00s
[264.711s][info][gc,start       ] GC(970) Pause Young (Allocation Failure)
[264.715s][info][gc,heap        ] GC(970) PSYoungGen: 436224K(436224K)->1024K(426496K) Eden: 435200K(435200K)->0K(425472K) From: 1024K(1024K)->1024K(1024K)
[264.715s][info][gc,heap        ] GC(970) ParOldGen: 7749K(1398272K)->7877K(1398272K)
[264.715s][info][gc,metaspace   ] GC(970) Metaspace: 14301K(15040K)->14301K(15040K) NonClass: 12351K(12800K)->12351K(12800K) Class: 1950K(2240K)->1950K(2240K)
[264.715s][info][gc             ] GC(970) Pause Young (Allocation Failure) 433M->8M(1782M) 3.209ms
[264.715s][info][gc,cpu         ] GC(970) User=0.00s Sys=0.00s Real=0.00s
[265.046s][info][gc,start       ] GC(971) Pause Young (Allocation Failure)
[265.049s][info][gc,heap        ] GC(971) PSYoungGen: 426496K(426496K)->1024K(417280K) Eden: 425472K(425472K)->0K(416256K) From: 1024K(1024K)->1024K(1024K)
[265.049s][info][gc,heap        ] GC(971) ParOldGen: 7877K(1398272K)->8029K(1398272K)
[265.049s][info][gc,metaspace   ] GC(971) Metaspace: 14301K(15040K)->14301K(15040K) NonClass: 12351K(12800K)->12351K(12800K) Class: 1950K(2240K)->1950K(2240K)
[265.049s][info][gc             ] GC(971) Pause Young (Allocation Failure) 424M->8M(1773M) 3.071ms
[265.049s][info][gc,cpu         ] GC(971) User=0.00s Sys=0.00s Real=0.00s
[265.354s][info][gc,start       ] GC(972) Pause Young (Allocation Failure)
[265.357s][info][gc,heap        ] GC(972) PSYoungGen: 417280K(417280K)->1024K(408576K) Eden: 416256K(416256K)->0K(407552K) From: 1024K(1024K)->1024K(1024K)
[265.357s][info][gc,heap        ] GC(972) ParOldGen: 8029K(1398272K)->8149K(1398272K)
[265.357s][info][gc,metaspace   ] GC(972) Metaspace: 14301K(15040K)->14301K(15040K) NonClass: 12351K(12800K)->12351K(12800K) Class: 1950K(2240K)->1950K(2240K)
[265.358s][info][gc             ] GC(972) Pause Young (Allocation Failure) 415M->8M(1764M) 3.105ms
[265.358s][info][gc,cpu         ] GC(972) User=0.00s Sys=0.00s Real=0.00s
[265.653s][info][gc,start       ] GC(973) Pause Young (Allocation Failure)
[265.656s][info][gc,heap        ] GC(973) PSYoungGen: 408576K(408576K)->1024K(399872K) Eden: 407552K(407552K)->0K(398848K) From: 1024K(1024K)->1024K(1024K)
[265.656s][info][gc,heap        ] GC(973) ParOldGen: 8149K(1398272K)->8285K(1398272K)
[265.656s][info][gc,metaspace   ] GC(973) Metaspace: 14301K(15040K)->14301K(15040K) NonClass: 12351K(12800K)->12351K(12800K) Class: 1950K(2240K)->1950K(2240K)
[265.656s][info][gc             ] GC(973) Pause Young (Allocation Failure) 406M->9M(1756M) 3.158ms
[265.656s][info][gc,cpu         ] GC(973) User=0.00s Sys=0.00s Real=0.00s
[265.949s][info][gc,start       ] GC(974) Pause Young (Allocation Failure)
[265.953s][info][gc,heap        ] GC(974) PSYoungGen: 399872K(399872K)->1024K(391680K) Eden: 398848K(398848K)->0K(390656K) From: 1024K(1024K)->1024K(1024K)
[265.953s][info][gc,heap        ] GC(974) ParOldGen: 8285K(1398272K)->8405K(1398272K)
[265.953s][info][gc,metaspace   ] GC(974) Metaspace: 14301K(15040K)->14301K(15040K) NonClass: 12351K(12800K)->12351K(12800K) Class: 1950K(2240K)->1950K(2240K)
[265.953s][info][gc             ] GC(974) Pause Young (Allocation Failure) 398M->9M(1748M) 3.185ms
[265.953s][info][gc,cpu         ] GC(974) User=0.00s Sys=0.00s Real=0.00s
[266.238s][info][gc,start       ] GC(975) Pause Young (Allocation Failure)
[266.255s][info][gc,heap        ] GC(975) PSYoungGen: 391680K(391680K)->992K(383488K) Eden: 390656K(390656K)->0K(382464K) From: 1024K(1024K)->992K(1024K)
[266.255s][info][gc,heap        ] GC(975) ParOldGen: 8405K(1398272K)->8541K(1398272K)
[266.255s][info][gc,metaspace   ] GC(975) Metaspace: 14301K(15040K)->14301K(15040K) NonClass: 12351K(12800K)->12351K(12800K) Class: 1950K(2240K)->1950K(2240K)
[266.255s][info][gc             ] GC(975) Pause Young (Allocation Failure) 390M->9M(1740M) 17.020ms
[266.255s][info][gc,cpu         ] GC(975) User=0.00s Sys=0.00s Real=0.01s
[266.536s][info][gc,start       ] GC(976) Pause Young (Allocation Failure)
[266.539s][info][gc,heap        ] GC(976) PSYoungGen: 383456K(383488K)->960K(375808K) Eden: 382464K(382464K)->0K(374784K) From: 992K(1024K)->960K(1024K)
[266.539s][info][gc,heap        ] GC(976) ParOldGen: 8541K(1398272K)->8645K(1398272K)
[266.539s][info][gc,metaspace   ] GC(976) Metaspace: 14301K(15040K)->14301K(15040K) NonClass: 12351K(12800K)->12351K(12800K) Class: 1950K(2240K)->1950K(2240K)
[266.539s][info][gc             ] GC(976) Pause Young (Allocation Failure) 382M->9M(1732M) 3.395ms
[266.539s][info][gc,cpu         ] GC(976) User=0.52s Sys=0.00s Real=0.00s
[266.814s][info][gc,start       ] GC(977) Pause Young (Allocation Failure)
[266.817s][info][gc,heap        ] GC(977) PSYoungGen: 375744K(375808K)->1024K(451072K) Eden: 374784K(374784K)->0K(450048K) From: 960K(1024K)->1024K(1024K)
[266.817s][info][gc,heap        ] GC(977) ParOldGen: 8645K(1398272K)->8781K(1398272K)
[266.817s][info][gc,metaspace   ] GC(977) Metaspace: 14301K(15040K)->14301K(15040K) NonClass: 12351K(12800K)->12351K(12800K) Class: 1950K(2240K)->1950K(2240K)
[266.817s][info][gc             ] GC(977) Pause Young (Allocation Failure) 375M->9M(1806M) 3.314ms
[266.817s][info][gc,cpu         ] GC(977) User=0.00s Sys=0.00s Real=0.00s
[267.169s][info][gc,start       ] GC(978) Pause Young (Allocation Failure)
[267.172s][info][gc,heap        ] GC(978) PSYoungGen: 451072K(451072K)->992K(519680K) Eden: 450048K(450048K)->0K(518144K) From: 1024K(1024K)->992K(1536K)
[267.172s][info][gc,heap        ] GC(978) ParOldGen: 8781K(1398272K)->8901K(1398272K)
[267.173s][info][gc,metaspace   ] GC(978) Metaspace: 14301K(15040K)->14301K(15040K) NonClass: 12351K(12800K)->12351K(12800K) Class: 1950K(2240K)->1950K(2240K)
[267.173s][info][gc             ] GC(978) Pause Young (Allocation Failure) 449M->9M(1873M) 3.854ms
[267.173s][info][gc,cpu         ] GC(978) User=0.00s Sys=0.00s Real=0.00s
[267.605s][info][gc,start       ] GC(979) Pause Young (Allocation Failure)
[267.608s][info][gc,heap        ] GC(979) PSYoungGen: 519136K(519680K)->992K(506368K) Eden: 518144K(518144K)->0K(505344K) From: 992K(1536K)->992K(1024K)
[267.608s][info][gc,heap        ] GC(979) ParOldGen: 8901K(1398272K)->9029K(1398272K)
[267.608s][info][gc,metaspace   ] GC(979) Metaspace: 14301K(15040K)->14301K(15040K) NonClass: 12351K(12800K)->12351K(12800K) Class: 1950K(2240K)->1950K(2240K)
[267.608s][info][gc             ] GC(979) Pause Young (Allocation Failure) 515M->9M(1860M) 3.342ms
[267.608s][info][gc,cpu         ] GC(979) User=0.00s Sys=0.00s Real=0.00s
[267.976s][info][gc,start       ] GC(980) Pause Young (Allocation Failure)
[267.979s][info][gc,heap        ] GC(980) PSYoungGen: 506336K(506368K)->1024K(494080K) Eden: 505344K(505344K)->0K(493056K) From: 992K(1024K)->1024K(1024K)
[267.979s][info][gc,heap        ] GC(980) ParOldGen: 9029K(1398272K)->9205K(1398272K)
[267.979s][info][gc,metaspace   ] GC(980) Metaspace: 14301K(15040K)->14301K(15040K) NonClass: 12351K(12800K)->12351K(12800K) Class: 1950K(2240K)->1950K(2240K)
[267.980s][info][gc             ] GC(980) Pause Young (Allocation Failure) 503M->9M(1848M) 3.163ms
[267.980s][info][gc,cpu         ] GC(980) User=0.00s Sys=0.00s Real=0.00s
[268.334s][info][gc,start       ] GC(981) Pause Young (Allocation Failure)
[268.337s][info][gc,heap        ] GC(981) PSYoungGen: 494080K(494080K)->1024K(482304K) Eden: 493056K(493056K)->0K(481280K) From: 1024K(1024K)->1024K(1024K)
[268.337s][info][gc,heap        ] GC(981) ParOldGen: 9205K(1398272K)->9349K(1398272K)
[268.337s][info][gc,metaspace   ] GC(981) Metaspace: 14301K(15040K)->14301K(15040K) NonClass: 12351K(12800K)->12351K(12800K) Class: 1950K(2240K)->1950K(2240K)
[268.337s][info][gc             ] GC(981) Pause Young (Allocation Failure) 491M->10M(1836M) 3.200ms
[268.337s][info][gc,cpu         ] GC(981) User=0.52s Sys=0.00s Real=0.00s
[268.682s][info][gc,start       ] GC(982) Pause Young (Allocation Failure)
[268.685s][info][gc,heap        ] GC(982) PSYoungGen: 482304K(482304K)->1024K(471040K) Eden: 481280K(481280K)->0K(470016K) From: 1024K(1024K)->1024K(1024K)
[268.685s][info][gc,heap        ] GC(982) ParOldGen: 9349K(1398272K)->9461K(1398272K)
[268.685s][info][gc,metaspace   ] GC(982) Metaspace: 14301K(15040K)->14301K(15040K) NonClass: 12351K(12800K)->12351K(12800K) Class: 1950K(2240K)->1950K(2240K)
[268.685s][info][gc             ] GC(982) Pause Young (Allocation Failure) 480M->10M(1825M) 3.224ms
[268.685s][info][gc,cpu         ] GC(982) User=0.00s Sys=0.00s Real=0.00s
[269.024s][info][gc,start       ] GC(983) Pause Young (Allocation Failure)
[269.027s][info][gc,heap        ] GC(983) PSYoungGen: 471040K(471040K)->1024K(460288K) Eden: 470016K(470016K)->0K(459264K) From: 1024K(1024K)->1024K(1024K)
[269.027s][info][gc,heap        ] GC(983) ParOldGen: 9461K(1398272K)->9597K(1398272K)
[269.027s][info][gc,metaspace   ] GC(983) Metaspace: 14301K(15040K)->14301K(15040K) NonClass: 12351K(12800K)->12351K(12800K) Class: 1950K(2240K)->1950K(2240K)
[269.027s][info][gc             ] GC(983) Pause Young (Allocation Failure) 469M->10M(1815M) 3.257ms
[269.027s][info][gc,cpu         ] GC(983) User=0.00s Sys=0.00s Real=0.00s
[269.365s][info][gc,start       ] GC(984) Pause Young (Allocation Failure)
[269.368s][info][gc,heap        ] GC(984) PSYoungGen: 460288K(460288K)->1024K(450048K) Eden: 459264K(459264K)->0K(449024K) From: 1024K(1024K)->1024K(1024K)
[269.368s][info][gc,heap        ] GC(984) ParOldGen: 9597K(1398272K)->9725K(1398272K)
[269.368s][info][gc,metaspace   ] GC(984) Metaspace: 14301K(15040K)->14301K(15040K) NonClass: 12351K(12800K)->12351K(12800K) Class: 1950K(2240K)->1950K(2240K)
[269.368s][info][gc             ] GC(984) Pause Young (Allocation Failure) 458M->10M(1805M) 3.323ms
[269.368s][info][gc,cpu         ] GC(984) User=0.00s Sys=0.00s Real=0.00s
[269.694s][info][gc,start       ] GC(985) Pause Young (Allocation Failure)
[269.697s][info][gc,heap        ] GC(985) PSYoungGen: 450048K(450048K)->1024K(439808K) Eden: 449024K(449024K)->0K(438784K) From: 1024K(1024K)->1024K(1024K)
[269.697s][info][gc,heap        ] GC(985) ParOldGen: 9725K(1398272K)->9885K(1398272K)
[269.697s][info][gc,metaspace   ] GC(985) Metaspace: 14301K(15040K)->14301K(15040K) NonClass: 12351K(12800K)->12351K(12800K) Class: 1950K(2240K)->1950K(2240K)
[269.697s][info][gc             ] GC(985) Pause Young (Allocation Failure) 448M->10M(1795M) 3.478ms
[269.697s][info][gc,cpu         ] GC(985) User=0.52s Sys=0.00s Real=0.00s
[270.017s][info][gc,start       ] GC(986) Pause Young (Allocation Failure)
[270.021s][info][gc,heap        ] GC(986) PSYoungGen: 439808K(439808K)->1024K(430080K) Eden: 438784K(438784K)->0K(429056K) From: 1024K(1024K)->1024K(1024K)
[270.021s][info][gc,heap        ] GC(986) ParOldGen: 9885K(1398272K)->10013K(1398272K)
[270.021s][info][gc,metaspace   ] GC(986) Metaspace: 14301K(15040K)->14301K(15040K) NonClass: 12351K(12800K)->12351K(12800K) Class: 1950K(2240K)->1950K(2240K)
[270.021s][info][gc             ] GC(986) Pause Young (Allocation Failure) 439M->10M(1785M) 3.456ms
[270.021s][info][gc,cpu         ] GC(986) User=0.00s Sys=0.00s Real=0.00s
[270.331s][info][gc,start       ] GC(987) Pause Young (Allocation Failure)
[270.340s][info][gc,heap        ] GC(987) PSYoungGen: 430080K(430080K)->1024K(420864K) Eden: 429056K(429056K)->0K(419840K) From: 1024K(1024K)->1024K(1024K)
[270.340s][info][gc,heap        ] GC(987) ParOldGen: 10013K(1398272K)->10157K(1398272K)
[270.340s][info][gc,metaspace   ] GC(987) Metaspace: 14301K(15040K)->14301K(15040K) NonClass: 12351K(12800K)->12351K(12800K) Class: 1950K(2240K)->1950K(2240K)
[270.340s][info][gc             ] GC(987) Pause Young (Allocation Failure) 429M->10M(1776M) 9.380ms
[270.340s][info][gc,cpu         ] GC(987) User=0.00s Sys=0.00s Real=0.01s
[270.645s][info][gc,start       ] GC(988) Pause Young (Allocation Failure)
[270.649s][info][gc,heap        ] GC(988) PSYoungGen: 420864K(420864K)->1024K(411648K) Eden: 419840K(419840K)->0K(410624K) From: 1024K(1024K)->1024K(1024K)
[270.649s][info][gc,heap        ] GC(988) ParOldGen: 10157K(1398272K)->10285K(1398272K)
[270.649s][info][gc,metaspace   ] GC(988) Metaspace: 14301K(15040K)->14301K(15040K) NonClass: 12351K(12800K)->12351K(12800K) Class: 1950K(2240K)->1950K(2240K)
[270.649s][info][gc             ] GC(988) Pause Young (Allocation Failure) 420M->11M(1767M) 3.457ms
[270.649s][info][gc,cpu         ] GC(988) User=0.00s Sys=0.00s Real=0.00s
[270.997s][info][gc,start       ] GC(989) Pause Young (Allocation Failure)
[271.002s][info][gc,heap        ] GC(989) PSYoungGen: 411648K(411648K)->992K(494080K) Eden: 410624K(410624K)->0K(493056K) From: 1024K(1024K)->992K(1024K)
[271.002s][info][gc,heap        ] GC(989) ParOldGen: 10285K(1398272K)->10381K(1398272K)
[271.002s][info][gc,metaspace   ] GC(989) Metaspace: 14301K(15040K)->14301K(15040K) NonClass: 12351K(12800K)->12351K(12800K) Class: 1950K(2240K)->1950K(2240K)
[271.002s][info][gc             ] GC(989) Pause Young (Allocation Failure) 412M->11M(1848M) 4.612ms
[271.002s][info][gc,cpu         ] GC(989) User=0.00s Sys=0.00s Real=0.00s
[271.386s][info][gc,start       ] GC(990) Pause Young (Allocation Failure)
[271.389s][info][gc,heap        ] GC(990) PSYoungGen: 494048K(494080K)->1024K(482304K) Eden: 493056K(493056K)->0K(481280K) From: 992K(1024K)->1024K(1024K)
[271.389s][info][gc,heap        ] GC(990) ParOldGen: 10381K(1398272K)->10525K(1398272K)
[271.389s][info][gc,metaspace   ] GC(990) Metaspace: 14301K(15040K)->14301K(15040K) NonClass: 12351K(12800K)->12351K(12800K) Class: 1950K(2240K)->1950K(2240K)
[271.389s][info][gc             ] GC(990) Pause Young (Allocation Failure) 492M->11M(1836M) 3.334ms
[271.389s][info][gc,cpu         ] GC(990) User=0.00s Sys=0.00s Real=0.00s
[271.767s][info][gc,start       ] GC(991) Pause Young (Allocation Failure)
[271.770s][info][gc,heap        ] GC(991) PSYoungGen: 482304K(482304K)->1024K(471040K) Eden: 481280K(481280K)->0K(470016K) From: 1024K(1024K)->1024K(1024K)
[271.771s][info][gc,heap        ] GC(991) ParOldGen: 10525K(1398272K)->10653K(1398272K)
[271.771s][info][gc,metaspace   ] GC(991) Metaspace: 14301K(15040K)->14301K(15040K) NonClass: 12351K(12800K)->12351K(12800K) Class: 1950K(2240K)->1950K(2240K)
[271.771s][info][gc             ] GC(991) Pause Young (Allocation Failure) 481M->11M(1825M) 3.214ms
[271.771s][info][gc,cpu         ] GC(991) User=0.00s Sys=0.00s Real=0.00s
[272.116s][info][gc,start       ] GC(992) Pause Young (Allocation Failure)
[272.119s][info][gc,heap        ] GC(992) PSYoungGen: 471040K(471040K)->1024K(460288K) Eden: 470016K(470016K)->0K(459264K) From: 1024K(1024K)->1024K(1024K)
[272.119s][info][gc,heap        ] GC(992) ParOldGen: 10653K(1398272K)->10813K(1398272K)
[272.119s][info][gc,metaspace   ] GC(992) Metaspace: 14301K(15040K)->14301K(15040K) NonClass: 12351K(12800K)->12351K(12800K) Class: 1950K(2240K)->1950K(2240K)
[272.119s][info][gc             ] GC(992) Pause Young (Allocation Failure) 470M->11M(1815M) 3.255ms
[272.119s][info][gc,cpu         ] GC(992) User=0.52s Sys=0.00s Real=0.00s
[272.453s][info][gc,start       ] GC(993) Pause Young (Allocation Failure)
[272.456s][info][gc,heap        ] GC(993) PSYoungGen: 460288K(460288K)->1024K(450048K) Eden: 459264K(459264K)->0K(449024K) From: 1024K(1024K)->1024K(1024K)
[272.456s][info][gc,heap        ] GC(993) ParOldGen: 10813K(1398272K)->10953K(1398272K)
[272.456s][info][gc,metaspace   ] GC(993) Metaspace: 14301K(15040K)->14301K(15040K) NonClass: 12351K(12800K)->12351K(12800K) Class: 1950K(2240K)->1950K(2240K)
[272.456s][info][gc             ] GC(993) Pause Young (Allocation Failure) 460M->11M(1805M) 3.222ms
[272.456s][info][gc,cpu         ] GC(993) User=0.00s Sys=0.00s Real=0.00s
[272.782s][info][gc,start       ] GC(994) Pause Young (Allocation Failure)
[272.785s][info][gc,heap        ] GC(994) PSYoungGen: 450048K(450048K)->1024K(439808K) Eden: 449024K(449024K)->0K(438784K) From: 1024K(1024K)->1024K(1024K)
[272.785s][info][gc,heap        ] GC(994) ParOldGen: 10953K(1398272K)->11081K(1398272K)
[272.785s][info][gc,metaspace   ] GC(994) Metaspace: 14301K(15040K)->14301K(15040K) NonClass: 12351K(12800K)->12351K(12800K) Class: 1950K(2240K)->1950K(2240K)
[272.785s][info][gc             ] GC(994) Pause Young (Allocation Failure) 450M->11M(1795M) 3.259ms
[272.785s][info][gc,cpu         ] GC(994) User=0.00s Sys=0.00s Real=0.00s
[273.107s][info][gc,start       ] GC(995) Pause Young (Allocation Failure)
[273.110s][info][gc,heap        ] GC(995) PSYoungGen: 439808K(439808K)->992K(430080K) Eden: 438784K(438784K)->0K(429056K) From: 1024K(1024K)->992K(1024K)
[273.110s][info][gc,heap        ] GC(995) ParOldGen: 11081K(1398272K)->11209K(1398272K)
[273.110s][info][gc,metaspace   ] GC(995) Metaspace: 14301K(15040K)->14301K(15040K) NonClass: 12351K(12800K)->12351K(12800K) Class: 1950K(2240K)->1950K(2240K)
[273.110s][info][gc             ] GC(995) Pause Young (Allocation Failure) 440M->11M(1785M) 3.445ms
[273.110s][info][gc,cpu         ] GC(995) User=0.00s Sys=0.00s Real=0.00s
[273.426s][info][gc,start       ] GC(996) Pause Young (Allocation Failure)
[273.430s][info][gc,heap        ] GC(996) PSYoungGen: 430048K(430080K)->1024K(420864K) Eden: 429056K(429056K)->0K(419840K) From: 992K(1024K)->1024K(1024K)
[273.430s][info][gc,heap        ] GC(996) ParOldGen: 11209K(1398272K)->11305K(1398272K)
[273.430s][info][gc,metaspace   ] GC(996) Metaspace: 14301K(15040K)->14301K(15040K) NonClass: 12351K(12800K)->12351K(12800K) Class: 1950K(2240K)->1950K(2240K)
[273.430s][info][gc             ] GC(996) Pause Young (Allocation Failure) 430M->12M(1776M) 3.459ms
[273.430s][info][gc,cpu         ] GC(996) User=0.52s Sys=0.00s Real=0.00s
[273.865s][info][gc,start       ] GC(997) Pause Young (Allocation Failure)
[273.869s][info][gc,heap        ] GC(997) PSYoungGen: 420864K(420864K)->1024K(411648K) Eden: 419840K(419840K)->0K(410624K) From: 1024K(1024K)->1024K(1024K)
[273.869s][info][gc,heap        ] GC(997) ParOldGen: 11305K(1398272K)->11457K(1398272K)
[273.869s][info][gc,metaspace   ] GC(997) Metaspace: 14301K(15040K)->14301K(15040K) NonClass: 12351K(12800K)->12351K(12800K) Class: 1950K(2240K)->1950K(2240K)
[273.869s][info][gc             ] GC(997) Pause Young (Allocation Failure) 422M->12M(1767M) 4.462ms
[273.869s][info][gc,cpu         ] GC(997) User=0.00s Sys=0.00s Real=0.00s
[274.200s][info][gc,start       ] GC(998) Pause Young (Allocation Failure)
[274.204s][info][gc,heap        ] GC(998) PSYoungGen: 411648K(411648K)->992K(402944K) Eden: 410624K(410624K)->0K(401920K) From: 1024K(1024K)->992K(1024K)
[274.204s][info][gc,heap        ] GC(998) ParOldGen: 11457K(1398272K)->11561K(1398272K)
[274.204s][info][gc,metaspace   ] GC(998) Metaspace: 14301K(15040K)->14301K(15040K) NonClass: 12351K(12800K)->12351K(12800K) Class: 1950K(2240K)->1950K(2240K)
[274.204s][info][gc             ] GC(998) Pause Young (Allocation Failure) 413M->12M(1759M) 3.232ms
[274.204s][info][gc,cpu         ] GC(998) User=0.00s Sys=0.00s Real=0.00s
[274.510s][info][gc,start       ] GC(999) Pause Young (Allocation Failure)
[274.513s][info][gc,heap        ] GC(999) PSYoungGen: 402912K(402944K)->1024K(394240K) Eden: 401920K(401920K)->0K(393216K) From: 992K(1024K)->1024K(1024K)
[274.513s][info][gc,heap        ] GC(999) ParOldGen: 11561K(1398272K)->11689K(1398272K)
[274.513s][info][gc,metaspace   ] GC(999) Metaspace: 14301K(15040K)->14301K(15040K) NonClass: 12351K(12800K)->12351K(12800K) Class: 1950K(2240K)->1950K(2240K)
[274.513s][info][gc             ] GC(999) Pause Young (Allocation Failure) 404M->12M(1750M) 3.051ms
[274.513s][info][gc,cpu         ] GC(999) User=0.00s Sys=0.00s Real=0.00s
[274.751s][info][gc,start       ] GC(1000) Pause Young (Allocation Failure)
[274.755s][info][gc,heap        ] GC(1000) PSYoungGen: 394240K(394240K)->832K(386048K) Eden: 393216K(393216K)->0K(385024K) From: 1024K(1024K)->832K(1024K)
[274.755s][info][gc,heap        ] GC(1000) ParOldGen: 11689K(1398272K)->11817K(1398272K)
[274.755s][info][gc,metaspace   ] GC(1000) Metaspace: 14301K(15040K)->14301K(15040K) NonClass: 12351K(12800K)->12351K(12800K) Class: 1950K(2240K)->1950K(2240K)
[274.755s][info][gc             ] GC(1000) Pause Young (Allocation Failure) 396M->12M(1742M) 3.201ms
[274.755s][info][gc,cpu         ] GC(1000) User=0.00s Sys=0.00s Real=0.00s
[274.888s][info][gc,start       ] GC(1001) Pause Young (System.gc())
[274.891s][info][gc,heap        ] GC(1001) PSYoungGen: 184008K(386048K)->352K(385536K) Eden: 183176K(385024K)->0K(385024K) From: 832K(1024K)->352K(512K)
[274.891s][info][gc,heap        ] GC(1001) ParOldGen: 11817K(1398272K)->11905K(1398272K)
[274.891s][info][gc,metaspace   ] GC(1001) Metaspace: 14301K(15040K)->14301K(15040K) NonClass: 12351K(12800K)->12351K(12800K) Class: 1950K(2240K)->1950K(2240K)
[274.891s][info][gc             ] GC(1001) Pause Young (System.gc()) 191M->11M(1742M) 2.475ms
[274.891s][info][gc,cpu         ] GC(1001) User=0.00s Sys=0.00s Real=0.00s
[274.891s][info][gc,start       ] GC(1002) Pause Full (System.gc())
[274.891s][info][gc,phases,start] GC(1002) Marking Phase
[274.906s][info][gc,phases      ] GC(1002) Marking Phase 15.071ms
[274.906s][info][gc,phases,start] GC(1002) Summary Phase
[274.906s][info][gc,phases      ] GC(1002) Summary Phase 0.024ms
[274.906s][info][gc,phases,start] GC(1002) Adjust Roots
[274.913s][info][gc,phases      ] GC(1002) Adjust Roots 6.740ms
[274.913s][info][gc,phases,start] GC(1002) Compaction Phase
[274.915s][info][gc,phases      ] GC(1002) Compaction Phase 2.152ms
[274.915s][info][gc,phases,start] GC(1002) Post Compact
[274.916s][info][gc,phases      ] GC(1002) Post Compact 0.590ms
[274.916s][info][gc,heap        ] GC(1002) PSYoungGen: 352K(385536K)->0K(385536K) Eden: 0K(385024K)->0K(385024K) From: 352K(512K)->0K(512K)
[274.916s][info][gc,heap        ] GC(1002) ParOldGen: 11905K(1398272K)->5367K(1398272K)
[274.916s][info][gc,metaspace   ] GC(1002) Metaspace: 14301K(15040K)->14301K(15040K) NonClass: 12351K(12800K)->12351K(12800K) Class: 1950K(2240K)->1950K(2240K)
[274.916s][info][gc             ] GC(1002) Pause Full (System.gc()) 11M->5M(1742M) 24.900ms
[274.916s][info][gc,cpu         ] GC(1002) User=0.02s Sys=0.00s Real=0.02s
[275.248s][info][gc,start       ] GC(1003) Pause Young (Allocation Failure)
[275.251s][info][gc,heap        ] GC(1003) PSYoungGen: 385024K(385536K)->1536K(378880K) Eden: 385024K(385024K)->0K(377344K) From: 0K(512K)->1536K(1536K)
[275.251s][info][gc,heap        ] GC(1003) ParOldGen: 5367K(1398272K)->5521K(1398272K)
[275.251s][info][gc,metaspace   ] GC(1003) Metaspace: 14301K(15040K)->14301K(15040K) NonClass: 12351K(12800K)->12351K(12800K) Class: 1950K(2240K)->1950K(2240K)
[275.251s][info][gc             ] GC(1003) Pause Young (Allocation Failure) 381M->6M(1735M) 3.132ms
[275.251s][info][gc,cpu         ] GC(1003) User=0.00s Sys=0.00s Real=0.00s
[275.495s][info][gc,start       ] GC(1004) Pause Young (Allocation Failure)
[275.498s][info][gc,heap        ] GC(1004) PSYoungGen: 378880K(378880K)->1056K(454656K) Eden: 377344K(377344K)->0K(453120K) From: 1536K(1536K)->1056K(1536K)
[275.498s][info][gc,heap        ] GC(1004) ParOldGen: 5521K(1398272K)->7109K(1398272K)
[275.498s][info][gc,metaspace   ] GC(1004) Metaspace: 14301K(15040K)->14301K(15040K) NonClass: 12351K(12800K)->12351K(12800K) Class: 1950K(2240K)->1950K(2240K)
[275.498s][info][gc             ] GC(1004) Pause Young (Allocation Failure) 375M->7M(1809M) 3.309ms
[275.498s][info][gc,cpu         ] GC(1004) User=0.00s Sys=0.00s Real=0.00s
[275.822s][info][gc,start       ] GC(1005) Pause Young (Allocation Failure)
[275.825s][info][gc,heap        ] GC(1005) PSYoungGen: 454176K(454656K)->512K(506880K) Eden: 453120K(453120K)->0K(506368K) From: 1056K(1536K)->512K(512K)
[275.825s][info][gc,heap        ] GC(1005) ParOldGen: 7109K(1398272K)->7309K(1398272K)
[275.825s][info][gc,metaspace   ] GC(1005) Metaspace: 14301K(15040K)->14301K(15040K) NonClass: 12351K(12800K)->12351K(12800K) Class: 1950K(2240K)->1950K(2240K)
[275.825s][info][gc             ] GC(1005) Pause Young (Allocation Failure) 450M->7M(1860M) 3.349ms
[275.825s][info][gc,cpu         ] GC(1005) User=0.00s Sys=0.00s Real=0.00s
[276.190s][info][gc,start       ] GC(1006) Pause Young (Allocation Failure)
[276.193s][info][gc,heap        ] GC(1006) PSYoungGen: 506880K(506880K)->1024K(495104K) Eden: 506368K(506368K)->0K(494080K) From: 512K(512K)->1024K(1024K)
[276.193s][info][gc,heap        ] GC(1006) ParOldGen: 7309K(1398272K)->7437K(1398272K)
[276.193s][info][gc,metaspace   ] GC(1006) Metaspace: 14301K(15040K)->14301K(15040K) NonClass: 12351K(12800K)->12351K(12800K) Class: 1950K(2240K)->1950K(2240K)
[276.193s][info][gc             ] GC(1006) Pause Young (Allocation Failure) 502M->8M(1849M) 3.499ms
[276.193s][info][gc,cpu         ] GC(1006) User=0.00s Sys=0.00s Real=0.00s
[276.551s][info][gc,start       ] GC(1007) Pause Young (Allocation Failure)
[276.554s][info][gc,heap        ] GC(1007) PSYoungGen: 495104K(495104K)->992K(483328K) Eden: 494080K(494080K)->0K(482304K) From: 1024K(1024K)->992K(1024K)
[276.554s][info][gc,heap        ] GC(1007) ParOldGen: 7437K(1398272K)->7605K(1398272K)
[276.554s][info][gc,metaspace   ] GC(1007) Metaspace: 14301K(15040K)->14301K(15040K) NonClass: 12351K(12800K)->12351K(12800K) Class: 1950K(2240K)->1950K(2240K)
[276.554s][info][gc             ] GC(1007) Pause Young (Allocation Failure) 490M->8M(1837M) 3.393ms
[276.554s][info][gc,cpu         ] GC(1007) User=0.00s Sys=0.00s Real=0.00s
[276.905s][info][gc,start       ] GC(1008) Pause Young (Allocation Failure)
[276.908s][info][gc,heap        ] GC(1008) PSYoungGen: 483296K(483328K)->992K(472064K) Eden: 482304K(482304K)->0K(471040K) From: 992K(1024K)->992K(1024K)
[276.908s][info][gc,heap        ] GC(1008) ParOldGen: 7605K(1398272K)->7725K(1398272K)
[276.908s][info][gc,metaspace   ] GC(1008) Metaspace: 14301K(15040K)->14301K(15040K) NonClass: 12351K(12800K)->12351K(12800K) Class: 1950K(2240K)->1950K(2240K)
[276.908s][info][gc             ] GC(1008) Pause Young (Allocation Failure) 479M->8M(1826M) 3.459ms
[276.908s][info][gc,cpu         ] GC(1008) User=0.00s Sys=0.00s Real=0.00s
[277.263s][info][gc,start       ] GC(1009) Pause Young (Allocation Failure)
[277.266s][info][gc,heap        ] GC(1009) PSYoungGen: 472032K(472064K)->992K(461312K) Eden: 471040K(471040K)->0K(460288K) From: 992K(1024K)->992K(1024K)
[277.266s][info][gc,heap        ] GC(1009) ParOldGen: 7725K(1398272K)->7877K(1398272K)
[277.266s][info][gc,metaspace   ] GC(1009) Metaspace: 14301K(15040K)->14301K(15040K) NonClass: 12351K(12800K)->12351K(12800K) Class: 1950K(2240K)->1950K(2240K)
[277.266s][info][gc             ] GC(1009) Pause Young (Allocation Failure) 468M->8M(1816M) 3.191ms
[277.266s][info][gc,cpu         ] GC(1009) User=0.00s Sys=0.00s Real=0.00s
[277.616s][info][gc,start       ] GC(1010) Pause Young (Allocation Failure)
[277.619s][info][gc,heap        ] GC(1010) PSYoungGen: 461280K(461312K)->992K(450560K) Eden: 460288K(460288K)->0K(449536K) From: 992K(1024K)->992K(1024K)
[277.619s][info][gc,heap        ] GC(1010) ParOldGen: 7877K(1398272K)->8021K(1398272K)
[277.619s][info][gc,metaspace   ] GC(1010) Metaspace: 14301K(15040K)->14301K(15040K) NonClass: 12351K(12800K)->12351K(12800K) Class: 1950K(2240K)->1950K(2240K)
[277.619s][info][gc             ] GC(1010) Pause Young (Allocation Failure) 458M->8M(1805M) 3.027ms
[277.619s][info][gc,cpu         ] GC(1010) User=0.52s Sys=0.00s Real=0.00s
[277.942s][info][gc,start       ] GC(1011) Pause Young (Allocation Failure)
[277.945s][info][gc,heap        ] GC(1011) PSYoungGen: 450528K(450560K)->992K(440320K) Eden: 449536K(449536K)->0K(439296K) From: 992K(1024K)->992K(1024K)
[277.945s][info][gc,heap        ] GC(1011) ParOldGen: 8021K(1398272K)->8197K(1398272K)
[277.945s][info][gc,metaspace   ] GC(1011) Metaspace: 14301K(15040K)->14301K(15040K) NonClass: 12351K(12800K)->12351K(12800K) Class: 1950K(2240K)->1950K(2240K)
[277.945s][info][gc             ] GC(1011) Pause Young (Allocation Failure) 447M->8M(1795M) 3.059ms
[277.945s][info][gc,cpu         ] GC(1011) User=0.52s Sys=0.00s Real=0.00s
[278.259s][info][gc,start       ] GC(1012) Pause Young (Allocation Failure)
[278.262s][info][gc,heap        ] GC(1012) PSYoungGen: 440288K(440320K)->1024K(430592K) Eden: 439296K(439296K)->0K(429568K) From: 992K(1024K)->1024K(1024K)
[278.262s][info][gc,heap        ] GC(1012) ParOldGen: 8197K(1398272K)->8325K(1398272K)
[278.262s][info][gc,metaspace   ] GC(1012) Metaspace: 14301K(15040K)->14301K(15040K) NonClass: 12351K(12800K)->12351K(12800K) Class: 1950K(2240K)->1950K(2240K)
[278.262s][info][gc             ] GC(1012) Pause Young (Allocation Failure) 437M->9M(1786M) 3.087ms
[278.262s][info][gc,cpu         ] GC(1012) User=0.00s Sys=0.00s Real=0.00s
[278.571s][info][gc,start       ] GC(1013) Pause Young (Allocation Failure)
[278.575s][info][gc,heap        ] GC(1013) PSYoungGen: 430592K(430592K)->1024K(421376K) Eden: 429568K(429568K)->0K(420352K) From: 1024K(1024K)->1024K(1024K)
[278.575s][info][gc,heap        ] GC(1013) ParOldGen: 8325K(1398272K)->8461K(1398272K)
[278.575s][info][gc,metaspace   ] GC(1013) Metaspace: 14301K(15040K)->14301K(15040K) NonClass: 12351K(12800K)->12351K(12800K) Class: 1950K(2240K)->1950K(2240K)
[278.575s][info][gc             ] GC(1013) Pause Young (Allocation Failure) 428M->9M(1777M) 3.308ms
[278.575s][info][gc,cpu         ] GC(1013) User=0.00s Sys=0.00s Real=0.00s
[278.878s][info][gc,start       ] GC(1014) Pause Young (Allocation Failure)
[278.881s][info][gc,heap        ] GC(1014) PSYoungGen: 421376K(421376K)->1024K(412160K) Eden: 420352K(420352K)->0K(411136K) From: 1024K(1024K)->1024K(1024K)
[278.881s][info][gc,heap        ] GC(1014) ParOldGen: 8461K(1398272K)->8573K(1398272K)
[278.881s][info][gc,metaspace   ] GC(1014) Metaspace: 14301K(15040K)->14301K(15040K) NonClass: 12351K(12800K)->12351K(12800K) Class: 1950K(2240K)->1950K(2240K)
[278.881s][info][gc             ] GC(1014) Pause Young (Allocation Failure) 419M->9M(1768M) 3.264ms
[278.881s][info][gc,cpu         ] GC(1014) User=0.00s Sys=0.00s Real=0.00s
[279.176s][info][gc,start       ] GC(1015) Pause Young (Allocation Failure)
[279.179s][info][gc,heap        ] GC(1015) PSYoungGen: 412160K(412160K)->1024K(403456K) Eden: 411136K(411136K)->0K(402432K) From: 1024K(1024K)->1024K(1024K)
[279.179s][info][gc,heap        ] GC(1015) ParOldGen: 8573K(1398272K)->8701K(1398272K)
[279.179s][info][gc,metaspace   ] GC(1015) Metaspace: 14301K(15040K)->14301K(15040K) NonClass: 12351K(12800K)->12351K(12800K) Class: 1950K(2240K)->1950K(2240K)
[279.179s][info][gc             ] GC(1015) Pause Young (Allocation Failure) 410M->9M(1759M) 3.327ms
[279.179s][info][gc,cpu         ] GC(1015) User=0.00s Sys=0.00s Real=0.00s
[279.467s][info][gc,start       ] GC(1016) Pause Young (Allocation Failure)
[279.470s][info][gc,heap        ] GC(1016) PSYoungGen: 403456K(403456K)->1024K(394752K) Eden: 402432K(402432K)->0K(393728K) From: 1024K(1024K)->1024K(1024K)
[279.470s][info][gc,heap        ] GC(1016) ParOldGen: 8701K(1398272K)->8813K(1398272K)
[279.470s][info][gc,metaspace   ] GC(1016) Metaspace: 14301K(15040K)->14301K(15040K) NonClass: 12351K(12800K)->12351K(12800K) Class: 1950K(2240K)->1950K(2240K)
[279.470s][info][gc             ] GC(1016) Pause Young (Allocation Failure) 402M->9M(1751M) 3.411ms
[279.470s][info][gc,cpu         ] GC(1016) User=0.00s Sys=0.00s Real=0.00s
[279.752s][info][gc,start       ] GC(1017) Pause Young (Allocation Failure)
[279.755s][info][gc,heap        ] GC(1017) PSYoungGen: 394752K(394752K)->960K(473600K) Eden: 393728K(393728K)->0K(472576K) From: 1024K(1024K)->960K(1024K)
[279.756s][info][gc,heap        ] GC(1017) ParOldGen: 8813K(1398272K)->8933K(1398272K)
[279.756s][info][gc,metaspace   ] GC(1017) Metaspace: 14301K(15040K)->14301K(15040K) NonClass: 12351K(12800K)->12351K(12800K) Class: 1950K(2240K)->1950K(2240K)
[279.756s][info][gc             ] GC(1017) Pause Young (Allocation Failure) 394M->9M(1828M) 3.448ms
[279.756s][info][gc,cpu         ] GC(1017) User=0.00s Sys=0.00s Real=0.00s
[280.090s][info][gc,start       ] GC(1018) Pause Young (Allocation Failure)
[280.102s][info][gc,heap        ] GC(1018) PSYoungGen: 473536K(473600K)->1024K(501760K) Eden: 472576K(472576K)->0K(500224K) From: 960K(1024K)->1024K(1536K)
[280.102s][info][gc,heap        ] GC(1018) ParOldGen: 8933K(1398272K)->9077K(1398272K)
[280.102s][info][gc,metaspace   ] GC(1018) Metaspace: 14301K(15040K)->14301K(15040K) NonClass: 12351K(12800K)->12351K(12800K) Class: 1950K(2240K)->1950K(2240K)
[280.102s][info][gc             ] GC(1018) Pause Young (Allocation Failure) 471M->9M(1855M) 12.372ms
[280.102s][info][gc,cpu         ] GC(1018) User=0.00s Sys=0.00s Real=0.01s
[280.467s][info][gc,start       ] GC(1019) Pause Young (Allocation Failure)
[280.471s][info][gc,heap        ] GC(1019) PSYoungGen: 501248K(501760K)->1056K(489984K) Eden: 500224K(500224K)->0K(488448K) From: 1024K(1536K)->1056K(1536K)
[280.471s][info][gc,heap        ] GC(1019) ParOldGen: 9077K(1398272K)->9173K(1398272K)
[280.471s][info][gc,metaspace   ] GC(1019) Metaspace: 14301K(15040K)->14301K(15040K) NonClass: 12351K(12800K)->12351K(12800K) Class: 1950K(2240K)->1950K(2240K)
[280.471s][info][gc             ] GC(1019) Pause Young (Allocation Failure) 498M->9M(1844M) 3.590ms
[280.471s][info][gc,cpu         ] GC(1019) User=0.00s Sys=0.00s Real=0.00s
[280.832s][info][gc,start       ] GC(1020) Pause Young (Allocation Failure)
[280.835s][info][gc,heap        ] GC(1020) PSYoungGen: 489504K(489984K)->1024K(478208K) Eden: 488448K(488448K)->0K(477184K) From: 1056K(1536K)->1024K(1024K)
[280.835s][info][gc,heap        ] GC(1020) ParOldGen: 9173K(1398272K)->9293K(1398272K)
[280.835s][info][gc,metaspace   ] GC(1020) Metaspace: 14301K(15040K)->14301K(15040K) NonClass: 12351K(12800K)->12351K(12800K) Class: 1950K(2240K)->1950K(2240K)
[280.835s][info][gc             ] GC(1020) Pause Young (Allocation Failure) 486M->10M(1832M) 3.490ms
[280.835s][info][gc,cpu         ] GC(1020) User=0.00s Sys=0.00s Real=0.00s
[281.191s][info][gc,start       ] GC(1021) Pause Young (Allocation Failure)
[281.195s][info][gc,heap        ] GC(1021) PSYoungGen: 478208K(478208K)->1024K(466944K) Eden: 477184K(477184K)->0K(465920K) From: 1024K(1024K)->1024K(1024K)
[281.195s][info][gc,heap        ] GC(1021) ParOldGen: 9293K(1398272K)->9429K(1398272K)
[281.195s][info][gc,metaspace   ] GC(1021) Metaspace: 14301K(15040K)->14301K(15040K) NonClass: 12351K(12800K)->12351K(12800K) Class: 1950K(2240K)->1950K(2240K)
[281.195s][info][gc             ] GC(1021) Pause Young (Allocation Failure) 476M->10M(1821M) 3.252ms
[281.195s][info][gc,cpu         ] GC(1021) User=0.00s Sys=0.00s Real=0.00s
[281.550s][info][gc,start       ] GC(1022) Pause Young (Allocation Failure)
[281.554s][info][gc,heap        ] GC(1022) PSYoungGen: 466944K(466944K)->1056K(456704K) Eden: 465920K(465920K)->0K(455168K) From: 1024K(1024K)->1056K(1536K)
[281.554s][info][gc,heap        ] GC(1022) ParOldGen: 9429K(1398272K)->9533K(1398272K)
[281.554s][info][gc,metaspace   ] GC(1022) Metaspace: 14301K(15040K)->14301K(15040K) NonClass: 12351K(12800K)->12351K(12800K) Class: 1950K(2240K)->1950K(2240K)
[281.554s][info][gc             ] GC(1022) Pause Young (Allocation Failure) 465M->10M(1811M) 3.127ms
[281.554s][info][gc,cpu         ] GC(1022) User=0.00s Sys=0.00s Real=0.00s
[281.877s][info][gc,start       ] GC(1023) Pause Young (Allocation Failure)
[281.880s][info][gc,heap        ] GC(1023) PSYoungGen: 456224K(456704K)->992K(445952K) Eden: 455168K(455168K)->0K(444928K) From: 1056K(1536K)->992K(1024K)
[281.880s][info][gc,heap        ] GC(1023) ParOldGen: 9533K(1398272K)->9701K(1398272K)
[281.880s][info][gc,metaspace   ] GC(1023) Metaspace: 14301K(15040K)->14301K(15040K) NonClass: 12351K(12800K)->12351K(12800K) Class: 1950K(2240K)->1950K(2240K)
[281.880s][info][gc             ] GC(1023) Pause Young (Allocation Failure) 454M->10M(1801M) 3.123ms
[281.880s][info][gc,cpu         ] GC(1023) User=0.00s Sys=0.00s Real=0.00s
[282.200s][info][gc,start       ] GC(1024) Pause Young (Allocation Failure)
[282.204s][info][gc,heap        ] GC(1024) PSYoungGen: 445920K(445952K)->1024K(436224K) Eden: 444928K(444928K)->0K(435200K) From: 992K(1024K)->1024K(1024K)
[282.204s][info][gc,heap        ] GC(1024) ParOldGen: 9701K(1398272K)->9829K(1398272K)
[282.204s][info][gc,metaspace   ] GC(1024) Metaspace: 14301K(15040K)->14301K(15040K) NonClass: 12351K(12800K)->12351K(12800K) Class: 1950K(2240K)->1950K(2240K)
[282.204s][info][gc             ] GC(1024) Pause Young (Allocation Failure) 444M->10M(1791M) 3.219ms
[282.204s][info][gc,cpu         ] GC(1024) User=0.00s Sys=0.00s Real=0.00s
[282.512s][info][gc,start       ] GC(1025) Pause Young (Allocation Failure)
[282.516s][info][gc,heap        ] GC(1025) PSYoungGen: 436224K(436224K)->1024K(426496K) Eden: 435200K(435200K)->0K(425472K) From: 1024K(1024K)->1024K(1024K)
[282.516s][info][gc,heap        ] GC(1025) ParOldGen: 9829K(1398272K)->9965K(1398272K)
[282.516s][info][gc,metaspace   ] GC(1025) Metaspace: 14301K(15040K)->14301K(15040K) NonClass: 12351K(12800K)->12351K(12800K) Class: 1950K(2240K)->1950K(2240K)
[282.516s][info][gc             ] GC(1025) Pause Young (Allocation Failure) 435M->10M(1782M) 3.316ms
[282.516s][info][gc,cpu         ] GC(1025) User=0.00s Sys=0.00s Real=0.00s
[282.820s][info][gc,start       ] GC(1026) Pause Young (Allocation Failure)
[282.824s][info][gc,heap        ] GC(1026) PSYoungGen: 426496K(426496K)->1056K(417792K) Eden: 425472K(425472K)->0K(416256K) From: 1024K(1024K)->1056K(1536K)
[282.824s][info][gc,heap        ] GC(1026) ParOldGen: 9965K(1398272K)->10053K(1398272K)
[282.824s][info][gc,metaspace   ] GC(1026) Metaspace: 14301K(15040K)->14301K(15040K) NonClass: 12351K(12800K)->12351K(12800K) Class: 1950K(2240K)->1950K(2240K)
[282.824s][info][gc             ] GC(1026) Pause Young (Allocation Failure) 426M->10M(1773M) 3.365ms
[282.824s][info][gc,cpu         ] GC(1026) User=0.48s Sys=0.03s Real=0.00s
[283.121s][info][gc,start       ] GC(1027) Pause Young (Allocation Failure)
[283.125s][info][gc,heap        ] GC(1027) PSYoungGen: 417312K(417792K)->1024K(408576K) Eden: 416256K(416256K)->0K(407552K) From: 1056K(1536K)->1024K(1024K)
[283.125s][info][gc,heap        ] GC(1027) ParOldGen: 10053K(1398272K)->10165K(1398272K)
[283.125s][info][gc,metaspace   ] GC(1027) Metaspace: 14301K(15040K)->14301K(15040K) NonClass: 12351K(12800K)->12351K(12800K) Class: 1950K(2240K)->1950K(2240K)
[283.125s][info][gc             ] GC(1027) Pause Young (Allocation Failure) 417M->10M(1764M) 3.367ms
[283.125s][info][gc,cpu         ] GC(1027) User=0.00s Sys=0.00s Real=0.00s
[283.545s][info][gc,start       ] GC(1028) Pause Young (Allocation Failure)
[283.550s][info][gc,heap        ] GC(1028) PSYoungGen: 408576K(408576K)->1056K(400384K) Eden: 407552K(407552K)->0K(398848K) From: 1024K(1024K)->1056K(1536K)
[283.550s][info][gc,heap        ] GC(1028) ParOldGen: 10165K(1398272K)->10269K(1398272K)
[283.550s][info][gc,metaspace   ] GC(1028) Metaspace: 14301K(15040K)->14301K(15040K) NonClass: 12351K(12800K)->12351K(12800K) Class: 1950K(2240K)->1950K(2240K)
[283.550s][info][gc             ] GC(1028) Pause Young (Allocation Failure) 408M->11M(1756M) 4.445ms
[283.550s][info][gc,cpu         ] GC(1028) User=0.00s Sys=0.00s Real=0.00s
[283.858s][info][gc,start       ] GC(1029) Pause Young (Allocation Failure)
[283.861s][info][gc,heap        ] GC(1029) PSYoungGen: 399904K(400384K)->1024K(391680K) Eden: 398848K(398848K)->0K(390656K) From: 1056K(1536K)->1024K(1024K)
[283.861s][info][gc,heap        ] GC(1029) ParOldGen: 10269K(1398272K)->10405K(1398272K)
[283.861s][info][gc,metaspace   ] GC(1029) Metaspace: 14301K(15040K)->14301K(15040K) NonClass: 12351K(12800K)->12351K(12800K) Class: 1950K(2240K)->1950K(2240K)
[283.861s][info][gc             ] GC(1029) Pause Young (Allocation Failure) 400M->11M(1748M) 3.096ms
[283.861s][info][gc,cpu         ] GC(1029) User=0.00s Sys=0.00s Real=0.00s
[284.145s][info][gc,start       ] GC(1030) Pause Young (Allocation Failure)
[284.148s][info][gc,heap        ] GC(1030) PSYoungGen: 391680K(391680K)->1024K(383488K) Eden: 390656K(390656K)->0K(382464K) From: 1024K(1024K)->1024K(1024K)
[284.148s][info][gc,heap        ] GC(1030) ParOldGen: 10405K(1398272K)->10533K(1398272K)
[284.148s][info][gc,metaspace   ] GC(1030) Metaspace: 14301K(15040K)->14301K(15040K) NonClass: 12351K(12800K)->12351K(12800K) Class: 1950K(2240K)->1950K(2240K)
[284.148s][info][gc             ] GC(1030) Pause Young (Allocation Failure) 392M->11M(1740M) 3.111ms
[284.148s][info][gc,cpu         ] GC(1030) User=0.00s Sys=0.00s Real=0.00s
[284.443s][info][gc,start       ] GC(1031) Pause Young (Allocation Failure)
[284.446s][info][gc,heap        ] GC(1031) PSYoungGen: 383488K(383488K)->960K(375808K) Eden: 382464K(382464K)->0K(374784K) From: 1024K(1024K)->960K(1024K)
[284.446s][info][gc,heap        ] GC(1031) ParOldGen: 10533K(1398272K)->10653K(1398272K)
[284.446s][info][gc,metaspace   ] GC(1031) Metaspace: 14301K(15040K)->14301K(15040K) NonClass: 12351K(12800K)->12351K(12800K) Class: 1950K(2240K)->1950K(2240K)
[284.446s][info][gc             ] GC(1031) Pause Young (Allocation Failure) 384M->11M(1732M) 2.964ms
[284.446s][info][gc,cpu         ] GC(1031) User=0.00s Sys=0.00s Real=0.00s
[284.713s][info][gc,start       ] GC(1032) Pause Young (Allocation Failure)
[284.716s][info][gc,heap        ] GC(1032) PSYoungGen: 375744K(375808K)->1056K(368640K) Eden: 374784K(374784K)->0K(367104K) From: 960K(1024K)->1056K(1536K)
[284.716s][info][gc,heap        ] GC(1032) ParOldGen: 10653K(1398272K)->10741K(1398272K)
[284.716s][info][gc,metaspace   ] GC(1032) Metaspace: 14301K(15040K)->14301K(15040K) NonClass: 12351K(12800K)->12351K(12800K) Class: 1950K(2240K)->1950K(2240K)
[284.716s][info][gc             ] GC(1032) Pause Young (Allocation Failure) 377M->11M(1725M) 2.987ms
[284.716s][info][gc,cpu         ] GC(1032) User=0.00s Sys=0.00s Real=0.00s
[284.981s][info][gc,start       ] GC(1033) Pause Young (Allocation Failure)
[284.984s][info][gc,heap        ] GC(1033) PSYoungGen: 368160K(368640K)->1024K(441856K) Eden: 367104K(367104K)->0K(440832K) From: 1056K(1536K)->1024K(1024K)
[284.984s][info][gc,heap        ] GC(1033) ParOldGen: 10741K(1398272K)->10869K(1398272K)
[284.984s][info][gc,metaspace   ] GC(1033) Metaspace: 14301K(15040K)->14301K(15040K) NonClass: 12351K(12800K)->12351K(12800K) Class: 1950K(2240K)->1950K(2240K)
[284.984s][info][gc             ] GC(1033) Pause Young (Allocation Failure) 370M->11M(1797M) 2.978ms
[284.984s][info][gc,cpu         ] GC(1033) User=0.00s Sys=0.00s Real=0.00s
[285.299s][info][gc,start       ] GC(1034) Pause Young (Allocation Failure)
[285.302s][info][gc,heap        ] GC(1034) PSYoungGen: 441856K(441856K)->1024K(432128K) Eden: 440832K(440832K)->0K(431104K) From: 1024K(1024K)->1024K(1024K)
[285.302s][info][gc,heap        ] GC(1034) ParOldGen: 10869K(1398272K)->10985K(1398272K)
[285.302s][info][gc,metaspace   ] GC(1034) Metaspace: 14301K(15040K)->14301K(15040K) NonClass: 12351K(12800K)->12351K(12800K) Class: 1950K(2240K)->1950K(2240K)
[285.302s][info][gc             ] GC(1034) Pause Young (Allocation Failure) 442M->11M(1787M) 3.270ms
[285.302s][info][gc,cpu         ] GC(1034) User=0.00s Sys=0.00s Real=0.00s
[285.612s][info][gc,start       ] GC(1035) Pause Young (Allocation Failure)
[285.615s][info][gc,heap        ] GC(1035) PSYoungGen: 432128K(432128K)->1024K(422912K) Eden: 431104K(431104K)->0K(421888K) From: 1024K(1024K)->1024K(1024K)
[285.615s][info][gc,heap        ] GC(1035) ParOldGen: 10985K(1398272K)->11113K(1398272K)
[285.615s][info][gc,metaspace   ] GC(1035) Metaspace: 14301K(15040K)->14301K(15040K) NonClass: 12351K(12800K)->12351K(12800K) Class: 1950K(2240K)->1950K(2240K)
[285.615s][info][gc             ] GC(1035) Pause Young (Allocation Failure) 432M->11M(1778M) 3.329ms
[285.615s][info][gc,cpu         ] GC(1035) User=0.00s Sys=0.00s Real=0.00s
[285.916s][info][gc,start       ] GC(1036) Pause Young (Allocation Failure)
[285.919s][info][gc,heap        ] GC(1036) PSYoungGen: 422912K(422912K)->1056K(507904K) Eden: 421888K(421888K)->0K(506368K) From: 1024K(1024K)->1056K(1536K)
[285.919s][info][gc,heap        ] GC(1036) ParOldGen: 11113K(1398272K)->11201K(1398272K)
[285.919s][info][gc,metaspace   ] GC(1036) Metaspace: 14301K(15040K)->14301K(15040K) NonClass: 12351K(12800K)->12351K(12800K) Class: 1950K(2240K)->1950K(2240K)
[285.919s][info][gc             ] GC(1036) Pause Young (Allocation Failure) 423M->11M(1861M) 3.347ms
[285.919s][info][gc,cpu         ] GC(1036) User=0.00s Sys=0.00s Real=0.00s
[286.421s][info][gc,start       ] GC(1037) Pause Young (Allocation Failure)
[286.426s][info][gc,heap        ] GC(1037) PSYoungGen: 507424K(507904K)->1024K(495104K) Eden: 506368K(506368K)->0K(494080K) From: 1056K(1536K)->1024K(1024K)
[286.426s][info][gc,heap        ] GC(1037) ParOldGen: 11201K(1398272K)->11289K(1398272K)
[286.426s][info][gc,metaspace   ] GC(1037) Metaspace: 14301K(15040K)->14301K(15040K) NonClass: 12351K(12800K)->12351K(12800K) Class: 1950K(2240K)->1950K(2240K)
[286.426s][info][gc             ] GC(1037) Pause Young (Allocation Failure) 506M->12M(1849M) 4.394ms
[286.426s][info][gc,cpu         ] GC(1037) User=0.00s Sys=0.00s Real=0.00s
[286.809s][info][gc,start       ] GC(1038) Pause Young (Allocation Failure)
[286.812s][info][gc,heap        ] GC(1038) PSYoungGen: 495104K(495104K)->1056K(483840K) Eden: 494080K(494080K)->0K(482304K) From: 1024K(1024K)->1056K(1536K)
[286.812s][info][gc,heap        ] GC(1038) ParOldGen: 11289K(1398272K)->11401K(1398272K)
[286.812s][info][gc,metaspace   ] GC(1038) Metaspace: 14301K(15040K)->14301K(15040K) NonClass: 12351K(12800K)->12351K(12800K) Class: 1950K(2240K)->1950K(2240K)
[286.812s][info][gc             ] GC(1038) Pause Young (Allocation Failure) 494M->12M(1838M) 3.175ms
[286.812s][info][gc,cpu         ] GC(1038) User=0.00s Sys=0.00s Real=0.00s
[287.147s][info][gc,start       ] GC(1039) Pause Young (Allocation Failure)
[287.150s][info][gc,heap        ] GC(1039) PSYoungGen: 483360K(483840K)->1024K(472064K) Eden: 482304K(482304K)->0K(471040K) From: 1056K(1536K)->1024K(1024K)
[287.150s][info][gc,heap        ] GC(1039) ParOldGen: 11401K(1398272K)->11521K(1398272K)
[287.150s][info][gc,metaspace   ] GC(1039) Metaspace: 14301K(15040K)->14301K(15040K) NonClass: 12351K(12800K)->12351K(12800K) Class: 1950K(2240K)->1950K(2240K)
[287.150s][info][gc             ] GC(1039) Pause Young (Allocation Failure) 483M->12M(1826M) 3.077ms
[287.150s][info][gc,cpu         ] GC(1039) User=0.52s Sys=0.00s Real=0.00s
[287.433s][info][gc,start       ] GC(1040) Pause Young (Allocation Failure)
[287.436s][info][gc,heap        ] GC(1040) PSYoungGen: 472064K(472064K)->928K(461312K) Eden: 471040K(471040K)->0K(460288K) From: 1024K(1024K)->928K(1024K)
[287.436s][info][gc,heap        ] GC(1040) ParOldGen: 11521K(1398272K)->11649K(1398272K)
[287.436s][info][gc,metaspace   ] GC(1040) Metaspace: 14301K(15040K)->14301K(15040K) NonClass: 12351K(12800K)->12351K(12800K) Class: 1950K(2240K)->1950K(2240K)
[287.436s][info][gc             ] GC(1040) Pause Young (Allocation Failure) 472M->12M(1816M) 3.194ms
[287.436s][info][gc,cpu         ] GC(1040) User=0.00s Sys=0.00s Real=0.00s
[287.567s][info][gc,start       ] GC(1041) Pause Young (System.gc())
[287.570s][info][gc,heap        ] GC(1041) PSYoungGen: 204456K(461312K)->480K(460800K) Eden: 203528K(460288K)->0K(460288K) From: 928K(1024K)->480K(512K)
[287.570s][info][gc,heap        ] GC(1041) ParOldGen: 11649K(1398272K)->11745K(1398272K)
[287.570s][info][gc,metaspace   ] GC(1041) Metaspace: 14301K(15040K)->14301K(15040K) NonClass: 12351K(12800K)->12351K(12800K) Class: 1950K(2240K)->1950K(2240K)
[287.570s][info][gc             ] GC(1041) Pause Young (System.gc()) 211M->11M(1815M) 2.435ms
[287.570s][info][gc,cpu         ] GC(1041) User=0.00s Sys=0.00s Real=0.00s
[287.570s][info][gc,start       ] GC(1042) Pause Full (System.gc())
[287.570s][info][gc,phases,start] GC(1042) Marking Phase
[287.585s][info][gc,phases      ] GC(1042) Marking Phase 15.296ms
[287.585s][info][gc,phases,start] GC(1042) Summary Phase
[287.585s][info][gc,phases      ] GC(1042) Summary Phase 0.027ms
[287.585s][info][gc,phases,start] GC(1042) Adjust Roots
[287.591s][info][gc,phases      ] GC(1042) Adjust Roots 6.038ms
[287.591s][info][gc,phases,start] GC(1042) Compaction Phase
[287.593s][info][gc,phases      ] GC(1042) Compaction Phase 1.907ms
[287.593s][info][gc,phases,start] GC(1042) Post Compact
[287.594s][info][gc,phases      ] GC(1042) Post Compact 0.496ms
[287.594s][info][gc,heap        ] GC(1042) PSYoungGen: 480K(460800K)->0K(460800K) Eden: 0K(460288K)->0K(460288K) From: 480K(512K)->0K(512K)
[287.594s][info][gc,heap        ] GC(1042) ParOldGen: 11745K(1398272K)->5367K(1398272K)
[287.594s][info][gc,metaspace   ] GC(1042) Metaspace: 14301K(15040K)->14301K(15040K) NonClass: 12351K(12800K)->12351K(12800K) Class: 1950K(2240K)->1950K(2240K)
[287.594s][info][gc             ] GC(1042) Pause Full (System.gc()) 11M->5M(1815M) 23.999ms
[287.594s][info][gc,cpu         ] GC(1042) User=0.02s Sys=0.00s Real=0.02s
[287.998s][info][gc,start       ] GC(1043) Pause Young (Allocation Failure)
[288.001s][info][gc,heap        ] GC(1043) PSYoungGen: 460288K(460800K)->1536K(451072K) Eden: 460288K(460288K)->0K(449536K) From: 0K(512K)->1536K(1536K)
[288.001s][info][gc,heap        ] GC(1043) ParOldGen: 5367K(1398272K)->5762K(1398272K)
[288.001s][info][gc,metaspace   ] GC(1043) Metaspace: 14301K(15040K)->14301K(15040K) NonClass: 12351K(12800K)->12351K(12800K) Class: 1950K(2240K)->1950K(2240K)
[288.001s][info][gc             ] GC(1043) Pause Young (Allocation Failure) 454M->7M(1806M) 3.736ms
[288.001s][info][gc,cpu         ] GC(1043) User=0.00s Sys=0.00s Real=0.00s
[288.334s][info][gc,start       ] GC(1044) Pause Young (Allocation Failure)
[288.338s][info][gc,heap        ] GC(1044) PSYoungGen: 451072K(451072K)->1024K(440320K) Eden: 449536K(449536K)->0K(439296K) From: 1536K(1536K)->1024K(1024K)
[288.338s][info][gc,heap        ] GC(1044) ParOldGen: 5762K(1398272K)->7102K(1398272K)
[288.338s][info][gc,metaspace   ] GC(1044) Metaspace: 14301K(15040K)->14301K(15040K) NonClass: 12351K(12800K)->12351K(12800K) Class: 1950K(2240K)->1950K(2240K)
[288.338s][info][gc             ] GC(1044) Pause Young (Allocation Failure) 446M->7M(1795M) 4.672ms
[288.338s][info][gc,cpu         ] GC(1044) User=0.52s Sys=0.00s Real=0.00s
[288.675s][info][gc,start       ] GC(1045) Pause Young (Allocation Failure)
[288.678s][info][gc,heap        ] GC(1045) PSYoungGen: 440320K(440320K)->1024K(430592K) Eden: 439296K(439296K)->0K(429568K) From: 1024K(1024K)->1024K(1024K)
[288.678s][info][gc,heap        ] GC(1045) ParOldGen: 7102K(1398272K)->7262K(1398272K)
[288.678s][info][gc,metaspace   ] GC(1045) Metaspace: 14301K(15040K)->14301K(15040K) NonClass: 12351K(12800K)->12351K(12800K) Class: 1950K(2240K)->1950K(2240K)
[288.678s][info][gc             ] GC(1045) Pause Young (Allocation Failure) 436M->8M(1786M) 3.252ms
[288.678s][info][gc,cpu         ] GC(1045) User=0.00s Sys=0.00s Real=0.00s
[289.005s][info][gc,start       ] GC(1046) Pause Young (Allocation Failure)
[289.008s][info][gc,heap        ] GC(1046) PSYoungGen: 430592K(430592K)->1024K(421376K) Eden: 429568K(429568K)->0K(420352K) From: 1024K(1024K)->1024K(1024K)
[289.008s][info][gc,heap        ] GC(1046) ParOldGen: 7262K(1398272K)->7398K(1398272K)
[289.008s][info][gc,metaspace   ] GC(1046) Metaspace: 14301K(15040K)->14301K(15040K) NonClass: 12351K(12800K)->12351K(12800K) Class: 1950K(2240K)->1950K(2240K)
[289.008s][info][gc             ] GC(1046) Pause Young (Allocation Failure) 427M->8M(1777M) 3.332ms
[289.008s][info][gc,cpu         ] GC(1046) User=0.00s Sys=0.00s Real=0.00s
[289.327s][info][gc,start       ] GC(1047) Pause Young (Allocation Failure)
[289.330s][info][gc,heap        ] GC(1047) PSYoungGen: 421376K(421376K)->1056K(412672K) Eden: 420352K(420352K)->0K(411136K) From: 1024K(1024K)->1056K(1536K)
[289.330s][info][gc,heap        ] GC(1047) ParOldGen: 7398K(1398272K)->7518K(1398272K)
[289.330s][info][gc,metaspace   ] GC(1047) Metaspace: 14301K(15040K)->14301K(15040K) NonClass: 12351K(12800K)->12351K(12800K) Class: 1950K(2240K)->1950K(2240K)
[289.330s][info][gc             ] GC(1047) Pause Young (Allocation Failure) 418M->8M(1768M) 3.503ms
[289.330s][info][gc,cpu         ] GC(1047) User=0.00s Sys=0.00s Real=0.00s
[289.644s][info][gc,start       ] GC(1048) Pause Young (Allocation Failure)
[289.648s][info][gc,heap        ] GC(1048) PSYoungGen: 412192K(412672K)->1024K(403456K) Eden: 411136K(411136K)->0K(402432K) From: 1056K(1536K)->1024K(1024K)
[289.648s][info][gc,heap        ] GC(1048) ParOldGen: 7518K(1398272K)->7646K(1398272K)
[289.648s][info][gc,metaspace   ] GC(1048) Metaspace: 14301K(15040K)->14301K(15040K) NonClass: 12351K(12800K)->12351K(12800K) Class: 1950K(2240K)->1950K(2240K)
[289.648s][info][gc             ] GC(1048) Pause Young (Allocation Failure) 409M->8M(1759M) 3.346ms
[289.648s][info][gc,cpu         ] GC(1048) User=0.00s Sys=0.00s Real=0.00s
[289.955s][info][gc,start       ] GC(1049) Pause Young (Allocation Failure)
[289.959s][info][gc,heap        ] GC(1049) PSYoungGen: 403456K(403456K)->1024K(394752K) Eden: 402432K(402432K)->0K(393728K) From: 1024K(1024K)->1024K(1024K)
[289.959s][info][gc,heap        ] GC(1049) ParOldGen: 7646K(1398272K)->7742K(1398272K)
[289.959s][info][gc,metaspace   ] GC(1049) Metaspace: 14301K(15040K)->14301K(15040K) NonClass: 12351K(12800K)->12351K(12800K) Class: 1950K(2240K)->1950K(2240K)
[289.959s][info][gc             ] GC(1049) Pause Young (Allocation Failure) 401M->8M(1751M) 3.517ms
[289.959s][info][gc,cpu         ] GC(1049) User=0.00s Sys=0.00s Real=0.00s
[290.266s][info][gc,start       ] GC(1050) Pause Young (Allocation Failure)
[290.270s][info][gc,heap        ] GC(1050) PSYoungGen: 394752K(394752K)->992K(473600K) Eden: 393728K(393728K)->0K(472576K) From: 1024K(1024K)->992K(1024K)
[290.270s][info][gc,heap        ] GC(1050) ParOldGen: 7742K(1398272K)->7878K(1398272K)
[290.270s][info][gc,metaspace   ] GC(1050) Metaspace: 14301K(15040K)->14301K(15040K) NonClass: 12351K(12800K)->12351K(12800K) Class: 1950K(2240K)->1950K(2240K)
[290.270s][info][gc             ] GC(1050) Pause Young (Allocation Failure) 393M->8M(1828M) 3.586ms
[290.270s][info][gc,cpu         ] GC(1050) User=0.00s Sys=0.00s Real=0.00s
[290.642s][info][gc,start       ] GC(1051) Pause Young (Allocation Failure)
[290.646s][info][gc,heap        ] GC(1051) PSYoungGen: 473568K(473600K)->1056K(463360K) Eden: 472576K(472576K)->0K(461824K) From: 992K(1024K)->1056K(1536K)
[290.646s][info][gc,heap        ] GC(1051) ParOldGen: 7878K(1398272K)->7982K(1398272K)
[290.646s][info][gc,metaspace   ] GC(1051) Metaspace: 14301K(15040K)->14301K(15040K) NonClass: 12351K(12800K)->12351K(12800K) Class: 1950K(2240K)->1950K(2240K)
[290.646s][info][gc             ] GC(1051) Pause Young (Allocation Failure) 470M->8M(1818M) 3.292ms
[290.646s][info][gc,cpu         ] GC(1051) User=0.00s Sys=0.00s Real=0.00s
[291.000s][info][gc,start       ] GC(1052) Pause Young (Allocation Failure)
[291.003s][info][gc,heap        ] GC(1052) PSYoungGen: 462880K(463360K)->1024K(452096K) Eden: 461824K(461824K)->0K(451072K) From: 1056K(1536K)->1024K(1024K)
[291.003s][info][gc,heap        ] GC(1052) ParOldGen: 7982K(1398272K)->8150K(1398272K)
[291.003s][info][gc,metaspace   ] GC(1052) Metaspace: 14301K(15040K)->14301K(15040K) NonClass: 12351K(12800K)->12351K(12800K) Class: 1950K(2240K)->1950K(2240K)
[291.003s][info][gc             ] GC(1052) Pause Young (Allocation Failure) 459M->8M(1807M) 3.207ms
[291.004s][info][gc,cpu         ] GC(1052) User=0.00s Sys=0.00s Real=0.00s
[291.363s][info][gc,start       ] GC(1053) Pause Young (Allocation Failure)
[291.366s][info][gc,heap        ] GC(1053) PSYoungGen: 452096K(452096K)->1024K(441856K) Eden: 451072K(451072K)->0K(440832K) From: 1024K(1024K)->1024K(1024K)
[291.366s][info][gc,heap        ] GC(1053) ParOldGen: 8150K(1398272K)->8294K(1398272K)
[291.366s][info][gc,metaspace   ] GC(1053) Metaspace: 14301K(15040K)->14301K(15040K) NonClass: 12351K(12800K)->12351K(12800K) Class: 1950K(2240K)->1950K(2240K)
[291.366s][info][gc             ] GC(1053) Pause Young (Allocation Failure) 449M->9M(1797M) 3.137ms
[291.366s][info][gc,cpu         ] GC(1053) User=0.00s Sys=0.00s Real=0.00s
[291.698s][info][gc,start       ] GC(1054) Pause Young (Allocation Failure)
[291.701s][info][gc,heap        ] GC(1054) PSYoungGen: 441856K(441856K)->1024K(432128K) Eden: 440832K(440832K)->0K(431104K) From: 1024K(1024K)->1024K(1024K)
[291.701s][info][gc,heap        ] GC(1054) ParOldGen: 8294K(1398272K)->8462K(1398272K)
[291.701s][info][gc,metaspace   ] GC(1054) Metaspace: 14301K(15040K)->14301K(15040K) NonClass: 12351K(12800K)->12351K(12800K) Class: 1950K(2240K)->1950K(2240K)
[291.701s][info][gc             ] GC(1054) Pause Young (Allocation Failure) 439M->9M(1787M) 3.163ms
[291.701s][info][gc,cpu         ] GC(1054) User=0.00s Sys=0.00s Real=0.00s
[292.028s][info][gc,start       ] GC(1055) Pause Young (Allocation Failure)
[292.032s][info][gc,heap        ] GC(1055) PSYoungGen: 432128K(432128K)->1056K(423424K) Eden: 431104K(431104K)->0K(421888K) From: 1024K(1024K)->1056K(1536K)
[292.032s][info][gc,heap        ] GC(1055) ParOldGen: 8462K(1398272K)->8598K(1398272K)
[292.032s][info][gc,metaspace   ] GC(1055) Metaspace: 14301K(15040K)->14301K(15040K) NonClass: 12351K(12800K)->12351K(12800K) Class: 1950K(2240K)->1950K(2240K)
[292.032s][info][gc             ] GC(1055) Pause Young (Allocation Failure) 430M->9M(1779M) 3.290ms
[292.032s][info][gc,cpu         ] GC(1055) User=0.00s Sys=0.00s Real=0.00s
[292.351s][info][gc,start       ] GC(1056) Pause Young (Allocation Failure)
[292.354s][info][gc,heap        ] GC(1056) PSYoungGen: 422944K(423424K)->992K(413696K) Eden: 421888K(421888K)->0K(412672K) From: 1056K(1536K)->992K(1024K)
[292.354s][info][gc,heap        ] GC(1056) ParOldGen: 8598K(1398272K)->8766K(1398272K)
[292.354s][info][gc,metaspace   ] GC(1056) Metaspace: 14301K(15040K)->14301K(15040K) NonClass: 12351K(12800K)->12351K(12800K) Class: 1950K(2240K)->1950K(2240K)
[292.354s][info][gc             ] GC(1056) Pause Young (Allocation Failure) 421M->9M(1769M) 3.292ms
[292.354s][info][gc,cpu         ] GC(1056) User=0.52s Sys=0.00s Real=0.00s
[292.670s][info][gc,start       ] GC(1057) Pause Young (Allocation Failure)
[292.673s][info][gc,heap        ] GC(1057) PSYoungGen: 413664K(413696K)->1024K(404992K) Eden: 412672K(412672K)->0K(403968K) From: 992K(1024K)->1024K(1024K)
[292.673s][info][gc,heap        ] GC(1057) ParOldGen: 8766K(1398272K)->8894K(1398272K)
[292.673s][info][gc,metaspace   ] GC(1057) Metaspace: 14301K(15040K)->14301K(15040K) NonClass: 12351K(12800K)->12351K(12800K) Class: 1950K(2240K)->1950K(2240K)
[292.673s][info][gc             ] GC(1057) Pause Young (Allocation Failure) 412M->9M(1761M) 3.409ms
[292.673s][info][gc,cpu         ] GC(1057) User=0.00s Sys=0.00s Real=0.00s
[293.107s][info][gc,start       ] GC(1058) Pause Young (Allocation Failure)
[293.112s][info][gc,heap        ] GC(1058) PSYoungGen: 404992K(404992K)->992K(396288K) Eden: 403968K(403968K)->0K(395264K) From: 1024K(1024K)->992K(1024K)
[293.112s][info][gc,heap        ] GC(1058) ParOldGen: 8894K(1398272K)->9038K(1398272K)
[293.112s][info][gc,metaspace   ] GC(1058) Metaspace: 14301K(15040K)->14301K(15040K) NonClass: 12351K(12800K)->12351K(12800K) Class: 1950K(2240K)->1950K(2240K)
[293.112s][info][gc             ] GC(1058) Pause Young (Allocation Failure) 404M->9M(1752M) 4.529ms
[293.112s][info][gc,cpu         ] GC(1058) User=0.00s Sys=0.00s Real=0.00s
[293.434s][info][gc,start       ] GC(1059) Pause Young (Allocation Failure)
[293.437s][info][gc,heap        ] GC(1059) PSYoungGen: 396256K(396288K)->1056K(388608K) Eden: 395264K(395264K)->0K(387072K) From: 992K(1024K)->1056K(1536K)
[293.437s][info][gc,heap        ] GC(1059) ParOldGen: 9038K(1398272K)->9158K(1398272K)
[293.437s][info][gc,metaspace   ] GC(1059) Metaspace: 14301K(15040K)->14301K(15040K) NonClass: 12351K(12800K)->12351K(12800K) Class: 1950K(2240K)->1950K(2240K)
[293.437s][info][gc             ] GC(1059) Pause Young (Allocation Failure) 395M->9M(1745M) 3.145ms
[293.437s][info][gc,cpu         ] GC(1059) User=0.00s Sys=0.00s Real=0.00s
[293.756s][info][gc,start       ] GC(1060) Pause Young (Allocation Failure)
[293.759s][info][gc,heap        ] GC(1060) PSYoungGen: 388128K(388608K)->1024K(379904K) Eden: 387072K(387072K)->0K(378880K) From: 1056K(1536K)->1024K(1024K)
[293.759s][info][gc,heap        ] GC(1060) ParOldGen: 9158K(1398272K)->9286K(1398272K)
[293.759s][info][gc,metaspace   ] GC(1060) Metaspace: 14301K(15040K)->14301K(15040K) NonClass: 12351K(12800K)->12351K(12800K) Class: 1950K(2240K)->1950K(2240K)
[293.759s][info][gc             ] GC(1060) Pause Young (Allocation Failure) 387M->10M(1736M) 2.918ms
[293.759s][info][gc,cpu         ] GC(1060) User=0.52s Sys=0.00s Real=0.00s
[294.043s][info][gc,start       ] GC(1061) Pause Young (Allocation Failure)
[294.046s][info][gc,heap        ] GC(1061) PSYoungGen: 379904K(379904K)->1024K(372224K) Eden: 378880K(378880K)->0K(371200K) From: 1024K(1024K)->1024K(1024K)
[294.046s][info][gc,heap        ] GC(1061) ParOldGen: 9286K(1398272K)->9406K(1398272K)
[294.046s][info][gc,metaspace   ] GC(1061) Metaspace: 14301K(15040K)->14301K(15040K) NonClass: 12351K(12800K)->12351K(12800K) Class: 1950K(2240K)->1950K(2240K)
[294.046s][info][gc             ] GC(1061) Pause Young (Allocation Failure) 380M->10M(1729M) 2.995ms
[294.046s][info][gc,cpu         ] GC(1061) User=0.00s Sys=0.00s Real=0.00s
[294.330s][info][gc,start       ] GC(1062) Pause Young (Allocation Failure)
[294.333s][info][gc,heap        ] GC(1062) PSYoungGen: 372224K(372224K)->1024K(364544K) Eden: 371200K(371200K)->0K(363520K) From: 1024K(1024K)->1024K(1024K)
[294.333s][info][gc,heap        ] GC(1062) ParOldGen: 9406K(1398272K)->9534K(1398272K)
[294.333s][info][gc,metaspace   ] GC(1062) Metaspace: 14301K(15040K)->14301K(15040K) NonClass: 12351K(12800K)->12351K(12800K) Class: 1950K(2240K)->1950K(2240K)
[294.333s][info][gc             ] GC(1062) Pause Young (Allocation Failure) 372M->10M(1721M) 3.008ms
[294.333s][info][gc,cpu         ] GC(1062) User=0.00s Sys=0.00s Real=0.00s
[294.609s][info][gc,start       ] GC(1063) Pause Young (Allocation Failure)
[294.612s][info][gc,heap        ] GC(1063) PSYoungGen: 364544K(364544K)->1024K(357376K) Eden: 363520K(363520K)->0K(356352K) From: 1024K(1024K)->1024K(1024K)
[294.612s][info][gc,heap        ] GC(1063) ParOldGen: 9534K(1398272K)->9630K(1398272K)
[294.612s][info][gc,metaspace   ] GC(1063) Metaspace: 14301K(15040K)->14301K(15040K) NonClass: 12351K(12800K)->12351K(12800K) Class: 1950K(2240K)->1950K(2240K)
[294.612s][info][gc             ] GC(1063) Pause Young (Allocation Failure) 365M->10M(1714M) 3.029ms
[294.612s][info][gc,cpu         ] GC(1063) User=0.00s Sys=0.00s Real=0.00s
[294.880s][info][gc,start       ] GC(1064) Pause Young (Allocation Failure)
[294.883s][info][gc,heap        ] GC(1064) PSYoungGen: 357376K(357376K)->1024K(350208K) Eden: 356352K(356352K)->0K(349184K) From: 1024K(1024K)->1024K(1024K)
[294.883s][info][gc,heap        ] GC(1064) ParOldGen: 9630K(1398272K)->9726K(1398272K)
[294.883s][info][gc,metaspace   ] GC(1064) Metaspace: 14301K(15040K)->14301K(15040K) NonClass: 12351K(12800K)->12351K(12800K) Class: 1950K(2240K)->1950K(2240K)
[294.883s][info][gc             ] GC(1064) Pause Young (Allocation Failure) 358M->10M(1707M) 3.089ms
[294.883s][info][gc,cpu         ] GC(1064) User=0.02s Sys=0.00s Real=0.00s
[295.150s][info][gc,start       ] GC(1065) Pause Young (Allocation Failure)
[295.153s][info][gc,heap        ] GC(1065) PSYoungGen: 350208K(350208K)->1056K(420864K) Eden: 349184K(349184K)->0K(419328K) From: 1024K(1024K)->1056K(1536K)
[295.153s][info][gc,heap        ] GC(1065) ParOldGen: 9726K(1398272K)->9830K(1398272K)
[295.153s][info][gc,metaspace   ] GC(1065) Metaspace: 14301K(15040K)->14301K(15040K) NonClass: 12351K(12800K)->12351K(12800K) Class: 1950K(2240K)->1950K(2240K)
[295.153s][info][gc             ] GC(1065) Pause Young (Allocation Failure) 351M->10M(1776M) 3.168ms
[295.153s][info][gc,cpu         ] GC(1065) User=0.00s Sys=0.00s Real=0.00s
[295.473s][info][gc,start       ] GC(1066) Pause Young (Allocation Failure)
[295.476s][info][gc,heap        ] GC(1066) PSYoungGen: 420384K(420864K)->1024K(504320K) Eden: 419328K(419328K)->0K(503296K) From: 1056K(1536K)->1024K(1024K)
[295.476s][info][gc,heap        ] GC(1066) ParOldGen: 9830K(1398272K)->9926K(1398272K)
[295.476s][info][gc,metaspace   ] GC(1066) Metaspace: 14301K(15040K)->14301K(15040K) NonClass: 12351K(12800K)->12351K(12800K) Class: 1950K(2240K)->1950K(2240K)
[295.476s][info][gc             ] GC(1066) Pause Young (Allocation Failure) 420M->10M(1858M) 3.269ms
[295.476s][info][gc,cpu         ] GC(1066) User=0.00s Sys=0.00s Real=0.00s
[295.857s][info][gc,start       ] GC(1067) Pause Young (Allocation Failure)
[295.860s][info][gc,heap        ] GC(1067) PSYoungGen: 504320K(504320K)->1024K(492032K) Eden: 503296K(503296K)->0K(491008K) From: 1024K(1024K)->1024K(1024K)
[295.860s][info][gc,heap        ] GC(1067) ParOldGen: 9926K(1398272K)->10062K(1398272K)
[295.860s][info][gc,metaspace   ] GC(1067) Metaspace: 14301K(15040K)->14301K(15040K) NonClass: 12351K(12800K)->12351K(12800K) Class: 1950K(2240K)->1950K(2240K)
[295.860s][info][gc             ] GC(1067) Pause Young (Allocation Failure) 502M->10M(1846M) 3.459ms
[295.861s][info][gc,cpu         ] GC(1067) User=0.00s Sys=0.00s Real=0.00s
[296.234s][info][gc,start       ] GC(1068) Pause Young (Allocation Failure)
[296.237s][info][gc,heap        ] GC(1068) PSYoungGen: 492032K(492032K)->1024K(480256K) Eden: 491008K(491008K)->0K(479232K) From: 1024K(1024K)->1024K(1024K)
[296.237s][info][gc,heap        ] GC(1068) ParOldGen: 10062K(1398272K)->10206K(1398272K)
[296.237s][info][gc,metaspace   ] GC(1068) Metaspace: 14301K(15040K)->14301K(15040K) NonClass: 12351K(12800K)->12351K(12800K) Class: 1950K(2240K)->1950K(2240K)
[296.237s][info][gc             ] GC(1068) Pause Young (Allocation Failure) 490M->10M(1834M) 3.528ms
[296.237s][info][gc,cpu         ] GC(1068) User=0.00s Sys=0.00s Real=0.00s
[296.601s][info][gc,start       ] GC(1069) Pause Young (Allocation Failure)
[296.605s][info][gc,heap        ] GC(1069) PSYoungGen: 480256K(480256K)->1056K(469504K) Eden: 479232K(479232K)->0K(467968K) From: 1024K(1024K)->1056K(1536K)
[296.605s][info][gc,heap        ] GC(1069) ParOldGen: 10206K(1398272K)->10310K(1398272K)
[296.605s][info][gc,metaspace   ] GC(1069) Metaspace: 14301K(15040K)->14301K(15040K) NonClass: 12351K(12800K)->12351K(12800K) Class: 1950K(2240K)->1950K(2240K)
[296.605s][info][gc             ] GC(1069) Pause Young (Allocation Failure) 478M->11M(1824M) 3.525ms
[296.605s][info][gc,cpu         ] GC(1069) User=0.44s Sys=0.08s Real=0.00s
[296.976s][info][gc,start       ] GC(1070) Pause Young (Allocation Failure)
[296.980s][info][gc,heap        ] GC(1070) PSYoungGen: 469024K(469504K)->1024K(458240K) Eden: 467968K(467968K)->0K(457216K) From: 1056K(1536K)->1024K(1024K)
[296.980s][info][gc,heap        ] GC(1070) ParOldGen: 10310K(1398272K)->10470K(1398272K)
[296.980s][info][gc,metaspace   ] GC(1070) Metaspace: 14301K(15040K)->14301K(15040K) NonClass: 12351K(12800K)->12351K(12800K) Class: 1950K(2240K)->1950K(2240K)
[296.980s][info][gc             ] GC(1070) Pause Young (Allocation Failure) 468M->11M(1813M) 3.779ms
[296.980s][info][gc,cpu         ] GC(1070) User=0.00s Sys=0.00s Real=0.00s
[297.346s][info][gc,start       ] GC(1071) Pause Young (Allocation Failure)
[297.350s][info][gc,heap        ] GC(1071) PSYoungGen: 458240K(458240K)->1024K(448000K) Eden: 457216K(457216K)->0K(446976K) From: 1024K(1024K)->1024K(1024K)
[297.350s][info][gc,heap        ] GC(1071) ParOldGen: 10470K(1398272K)->10598K(1398272K)
[297.350s][info][gc,metaspace   ] GC(1071) Metaspace: 14301K(15040K)->14301K(15040K) NonClass: 12351K(12800K)->12351K(12800K) Class: 1950K(2240K)->1950K(2240K)
[297.350s][info][gc             ] GC(1071) Pause Young (Allocation Failure) 457M->11M(1803M) 3.298ms
[297.350s][info][gc,cpu         ] GC(1071) User=0.00s Sys=0.00s Real=0.00s
[297.685s][info][gc,start       ] GC(1072) Pause Young (Allocation Failure)
[297.689s][info][gc,heap        ] GC(1072) PSYoungGen: 448000K(448000K)->1024K(437760K) Eden: 446976K(446976K)->0K(436736K) From: 1024K(1024K)->1024K(1024K)
[297.689s][info][gc,heap        ] GC(1072) ParOldGen: 10598K(1398272K)->10766K(1398272K)
[297.689s][info][gc,metaspace   ] GC(1072) Metaspace: 14301K(15040K)->14301K(15040K) NonClass: 12351K(12800K)->12351K(12800K) Class: 1950K(2240K)->1950K(2240K)
[297.689s][info][gc             ] GC(1072) Pause Young (Allocation Failure) 447M->11M(1793M) 3.305ms
[297.689s][info][gc,cpu         ] GC(1072) User=0.00s Sys=0.00s Real=0.00s
[298.037s][info][gc,start       ] GC(1073) Pause Young (Allocation Failure)
[298.040s][info][gc,heap        ] GC(1073) PSYoungGen: 437760K(437760K)->1024K(428032K) Eden: 436736K(436736K)->0K(427008K) From: 1024K(1024K)->1024K(1024K)
[298.040s][info][gc,heap        ] GC(1073) ParOldGen: 10766K(1398272K)->10858K(1398272K)
[298.040s][info][gc,metaspace   ] GC(1073) Metaspace: 14301K(15040K)->14301K(15040K) NonClass: 12351K(12800K)->12351K(12800K) Class: 1950K(2240K)->1950K(2240K)
[298.040s][info][gc             ] GC(1073) Pause Young (Allocation Failure) 438M->11M(1783M) 3.127ms
[298.040s][info][gc,cpu         ] GC(1073) User=0.00s Sys=0.00s Real=0.00s
[298.367s][info][gc,start       ] GC(1074) Pause Young (Allocation Failure)
[298.370s][info][gc,heap        ] GC(1074) PSYoungGen: 428032K(428032K)->1056K(419328K) Eden: 427008K(427008K)->0K(417792K) From: 1024K(1024K)->1056K(1536K)
[298.370s][info][gc,heap        ] GC(1074) ParOldGen: 10858K(1398272K)->10986K(1398272K)
[298.370s][info][gc,metaspace   ] GC(1074) Metaspace: 14301K(15040K)->14301K(15040K) NonClass: 12351K(12800K)->12351K(12800K) Class: 1950K(2240K)->1950K(2240K)
[298.370s][info][gc             ] GC(1074) Pause Young (Allocation Failure) 428M->11M(1775M) 3.159ms
[298.370s][info][gc,cpu         ] GC(1074) User=0.00s Sys=0.02s Real=0.00s
[298.687s][info][gc,start       ] GC(1075) Pause Young (Allocation Failure)
[298.691s][info][gc,heap        ] GC(1075) PSYoungGen: 418848K(419328K)->1024K(409600K) Eden: 417792K(417792K)->0K(408576K) From: 1056K(1536K)->1024K(1024K)
[298.691s][info][gc,heap        ] GC(1075) ParOldGen: 10986K(1398272K)->11098K(1398272K)
[298.691s][info][gc,metaspace   ] GC(1075) Metaspace: 14301K(15040K)->14301K(15040K) NonClass: 12351K(12800K)->12351K(12800K) Class: 1950K(2240K)->1950K(2240K)
[298.691s][info][gc             ] GC(1075) Pause Young (Allocation Failure) 419M->11M(1765M) 3.315ms
[298.691s][info][gc,cpu         ] GC(1075) User=0.00s Sys=0.00s Real=0.00s
[299.002s][info][gc,start       ] GC(1076) Pause Young (Allocation Failure)
[299.005s][info][gc,heap        ] GC(1076) PSYoungGen: 409600K(409600K)->992K(400896K) Eden: 408576K(408576K)->0K(399872K) From: 1024K(1024K)->992K(1024K)
[299.005s][info][gc,heap        ] GC(1076) ParOldGen: 11098K(1398272K)->11210K(1398272K)
[299.005s][info][gc,metaspace   ] GC(1076) Metaspace: 14301K(15040K)->14301K(15040K) NonClass: 12351K(12800K)->12351K(12800K) Class: 1950K(2240K)->1950K(2240K)
[299.005s][info][gc             ] GC(1076) Pause Young (Allocation Failure) 410M->11M(1757M) 3.350ms
[299.005s][info][gc,cpu         ] GC(1076) User=0.00s Sys=0.00s Real=0.00s
[299.307s][info][gc,start       ] GC(1077) Pause Young (Allocation Failure)
[299.310s][info][gc,heap        ] GC(1077) PSYoungGen: 400864K(400896K)->1056K(393216K) Eden: 399872K(399872K)->0K(391680K) From: 992K(1024K)->1056K(1536K)
[299.310s][info][gc,heap        ] GC(1077) ParOldGen: 11210K(1398272K)->11298K(1398272K)
[299.310s][info][gc,metaspace   ] GC(1077) Metaspace: 14301K(15040K)->14301K(15040K) NonClass: 12351K(12800K)->12351K(12800K) Class: 1950K(2240K)->1950K(2240K)
[299.310s][info][gc             ] GC(1077) Pause Young (Allocation Failure) 402M->12M(1749M) 3.436ms
[299.310s][info][gc,cpu         ] GC(1077) User=0.00s Sys=0.00s Real=0.00s
[299.607s][info][gc,start       ] GC(1078) Pause Young (Allocation Failure)
[299.610s][info][gc,heap        ] GC(1078) PSYoungGen: 392736K(393216K)->1024K(471040K) Eden: 391680K(391680K)->0K(470016K) From: 1056K(1536K)->1024K(1024K)
[299.610s][info][gc,heap        ] GC(1078) ParOldGen: 11298K(1398272K)->11442K(1398272K)
[299.610s][info][gc,metaspace   ] GC(1078) Metaspace: 14301K(15040K)->14301K(15040K) NonClass: 12351K(12800K)->12351K(12800K) Class: 1950K(2240K)->1950K(2240K)
[299.610s][info][gc             ] GC(1078) Pause Young (Allocation Failure) 394M->12M(1825M) 3.404ms
[299.610s][info][gc,cpu         ] GC(1078) User=0.00s Sys=0.00s Real=0.00s
[299.965s][info][gc,start       ] GC(1079) Pause Young (Allocation Failure)
[299.968s][info][gc,heap        ] GC(1079) PSYoungGen: 471040K(471040K)->992K(460288K) Eden: 470016K(470016K)->0K(459264K) From: 1024K(1024K)->992K(1024K)
[299.968s][info][gc,heap        ] GC(1079) ParOldGen: 11442K(1398272K)->11554K(1398272K)
[299.968s][info][gc,metaspace   ] GC(1079) Metaspace: 14301K(15040K)->14301K(15040K) NonClass: 12351K(12800K)->12351K(12800K) Class: 1950K(2240K)->1950K(2240K)
[299.968s][info][gc             ] GC(1079) Pause Young (Allocation Failure) 471M->12M(1815M) 3.445ms
[299.968s][info][gc,cpu         ] GC(1079) User=0.00s Sys=0.00s Real=0.00s
[300.295s][info][gc,start       ] GC(1080) Pause Young (Allocation Failure)
[300.298s][info][gc,heap        ] GC(1080) PSYoungGen: 460256K(460288K)->864K(450048K) Eden: 459264K(459264K)->0K(449024K) From: 992K(1024K)->864K(1024K)
[300.298s][info][gc,heap        ] GC(1080) ParOldGen: 11554K(1398272K)->11682K(1398272K)
[300.298s][info][gc,metaspace   ] GC(1080) Metaspace: 14301K(15040K)->14301K(15040K) NonClass: 12351K(12800K)->12351K(12800K) Class: 1950K(2240K)->1950K(2240K)
[300.298s][info][gc             ] GC(1080) Pause Young (Allocation Failure) 460M->12M(1805M) 3.279ms
[300.298s][info][gc,cpu         ] GC(1080) User=0.00s Sys=0.00s Real=0.00s
[300.564s][info][gc,start       ] GC(1081) Pause Young (System.gc())
[300.566s][info][gc,heap        ] GC(1081) PSYoungGen: 399878K(450048K)->512K(449536K) Eden: 399014K(449024K)->0K(449024K) From: 864K(1024K)->512K(512K)
[300.567s][info][gc,heap        ] GC(1081) ParOldGen: 11682K(1398272K)->11802K(1398272K)
[300.567s][info][gc,metaspace   ] GC(1081) Metaspace: 14301K(15040K)->14301K(15040K) NonClass: 12351K(12800K)->12351K(12800K) Class: 1950K(2240K)->1950K(2240K)
[300.567s][info][gc             ] GC(1081) Pause Young (System.gc()) 401M->12M(1804M) 2.794ms
[300.567s][info][gc,cpu         ] GC(1081) User=0.00s Sys=0.00s Real=0.00s
[300.567s][info][gc,start       ] GC(1082) Pause Full (System.gc())
[300.567s][info][gc,phases,start] GC(1082) Marking Phase
[300.583s][info][gc,phases      ] GC(1082) Marking Phase 16.585ms
[300.584s][info][gc,phases,start] GC(1082) Summary Phase
[300.584s][info][gc,phases      ] GC(1082) Summary Phase 0.022ms
[300.584s][info][gc,phases,start] GC(1082) Adjust Roots
[300.589s][info][gc,phases      ] GC(1082) Adjust Roots 5.402ms
[300.589s][info][gc,phases,start] GC(1082) Compaction Phase
[300.591s][info][gc,phases      ] GC(1082) Compaction Phase 2.154ms
[300.591s][info][gc,phases,start] GC(1082) Post Compact
[300.592s][info][gc,phases      ] GC(1082) Post Compact 0.634ms
[300.592s][info][gc,heap        ] GC(1082) PSYoungGen: 512K(449536K)->0K(449536K) Eden: 0K(449024K)->0K(449024K) From: 512K(512K)->0K(512K)
[300.592s][info][gc,heap        ] GC(1082) ParOldGen: 11802K(1398272K)->5367K(1398272K)
[300.592s][info][gc,metaspace   ] GC(1082) Metaspace: 14301K(15040K)->14301K(15040K) NonClass: 12351K(12800K)->12351K(12800K) Class: 1950K(2240K)->1950K(2240K)
[300.592s][info][gc             ] GC(1082) Pause Full (System.gc()) 12M->5M(1804M) 25.288ms
[300.592s][info][gc,cpu         ] GC(1082) User=0.02s Sys=0.00s Real=0.02s
[300.982s][info][gc,start       ] GC(1083) Pause Young (Allocation Failure)
[300.985s][info][gc,heap        ] GC(1083) PSYoungGen: 449024K(449536K)->1536K(440320K) Eden: 449024K(449024K)->0K(438784K) From: 0K(512K)->1536K(1536K)
[300.985s][info][gc,heap        ] GC(1083) ParOldGen: 5367K(1398272K)->5753K(1398272K)
[300.985s][info][gc,metaspace   ] GC(1083) Metaspace: 14301K(15040K)->14301K(15040K) NonClass: 12351K(12800K)->12351K(12800K) Class: 1950K(2240K)->1950K(2240K)
[300.985s][info][gc             ] GC(1083) Pause Young (Allocation Failure) 443M->7M(1795M) 3.708ms
[300.985s][info][gc,cpu         ] GC(1083) User=0.00s Sys=0.00s Real=0.00s
[301.311s][info][gc,start       ] GC(1084) Pause Young (Allocation Failure)
[301.315s][info][gc,heap        ] GC(1084) PSYoungGen: 440320K(440320K)->1024K(430080K) Eden: 438784K(438784K)->0K(429056K) From: 1536K(1536K)->1024K(1024K)
[301.315s][info][gc,heap        ] GC(1084) ParOldGen: 5753K(1398272K)->7081K(1398272K)
[301.315s][info][gc,metaspace   ] GC(1084) Metaspace: 14301K(15040K)->14301K(15040K) NonClass: 12351K(12800K)->12351K(12800K) Class: 1950K(2240K)->1950K(2240K)
[301.315s][info][gc             ] GC(1084) Pause Young (Allocation Failure) 435M->7M(1785M) 3.386ms
[301.315s][info][gc,cpu         ] GC(1084) User=0.00s Sys=0.00s Real=0.00s
[301.626s][info][gc,start       ] GC(1085) Pause Young (Allocation Failure)
[301.629s][info][gc,heap        ] GC(1085) PSYoungGen: 430080K(430080K)->1024K(420864K) Eden: 429056K(429056K)->0K(419840K) From: 1024K(1024K)->1024K(1024K)
[301.629s][info][gc,heap        ] GC(1085) ParOldGen: 7081K(1398272K)->7217K(1398272K)
[301.629s][info][gc,metaspace   ] GC(1085) Metaspace: 14301K(15040K)->14301K(15040K) NonClass: 12351K(12800K)->12351K(12800K) Class: 1950K(2240K)->1950K(2240K)
[301.629s][info][gc             ] GC(1085) Pause Young (Allocation Failure) 426M->8M(1776M) 3.196ms
[301.629s][info][gc,cpu         ] GC(1085) User=0.00s Sys=0.00s Real=0.00s
[301.934s][info][gc,start       ] GC(1086) Pause Young (Allocation Failure)
[301.938s][info][gc,heap        ] GC(1086) PSYoungGen: 420864K(420864K)->1056K(412160K) Eden: 419840K(419840K)->0K(410624K) From: 1024K(1024K)->1056K(1536K)
[301.938s][info][gc,heap        ] GC(1086) ParOldGen: 7217K(1398272K)->7313K(1398272K)
[301.938s][info][gc,metaspace   ] GC(1086) Metaspace: 14301K(15040K)->14301K(15040K) NonClass: 12351K(12800K)->12351K(12800K) Class: 1950K(2240K)->1950K(2240K)
[301.938s][info][gc             ] GC(1086) Pause Young (Allocation Failure) 418M->8M(1768M) 3.425ms
[301.938s][info][gc,cpu         ] GC(1086) User=0.00s Sys=0.00s Real=0.00s
[302.235s][info][gc,start       ] GC(1087) Pause Young (Allocation Failure)
[302.238s][info][gc,heap        ] GC(1087) PSYoungGen: 411680K(412160K)->1024K(402944K) Eden: 410624K(410624K)->0K(401920K) From: 1056K(1536K)->1024K(1024K)
[302.238s][info][gc,heap        ] GC(1087) ParOldGen: 7313K(1398272K)->7473K(1398272K)
[302.238s][info][gc,metaspace   ] GC(1087) Metaspace: 14301K(15040K)->14301K(15040K) NonClass: 12351K(12800K)->12351K(12800K) Class: 1950K(2240K)->1950K(2240K)
[302.238s][info][gc             ] GC(1087) Pause Young (Allocation Failure) 409M->8M(1759M) 3.392ms
[302.238s][info][gc,cpu         ] GC(1087) User=0.00s Sys=0.00s Real=0.00s
[302.531s][info][gc,start       ] GC(1088) Pause Young (Allocation Failure)
[302.535s][info][gc,heap        ] GC(1088) PSYoungGen: 402944K(402944K)->1024K(483328K) Eden: 401920K(401920K)->0K(482304K) From: 1024K(1024K)->1024K(1024K)
[302.535s][info][gc,heap        ] GC(1088) ParOldGen: 7473K(1398272K)->7601K(1398272K)
[302.535s][info][gc,metaspace   ] GC(1088) Metaspace: 14301K(15040K)->14301K(15040K) NonClass: 12351K(12800K)->12351K(12800K) Class: 1950K(2240K)->1950K(2240K)
[302.535s][info][gc             ] GC(1088) Pause Young (Allocation Failure) 400M->8M(1837M) 3.452ms
[302.535s][info][gc,cpu         ] GC(1088) User=0.00s Sys=0.00s Real=0.00s
[302.891s][info][gc,start       ] GC(1089) Pause Young (Allocation Failure)
[302.894s][info][gc,heap        ] GC(1089) PSYoungGen: 483328K(483328K)->1024K(472064K) Eden: 482304K(482304K)->0K(471040K) From: 1024K(1024K)->1024K(1024K)
[302.894s][info][gc,heap        ] GC(1089) ParOldGen: 7601K(1398272K)->7729K(1398272K)
[302.894s][info][gc,metaspace   ] GC(1089) Metaspace: 14301K(15040K)->14301K(15040K) NonClass: 12351K(12800K)->12351K(12800K) Class: 1950K(2240K)->1950K(2240K)
[302.894s][info][gc             ] GC(1089) Pause Young (Allocation Failure) 479M->8M(1826M) 3.400ms
[302.894s][info][gc,cpu         ] GC(1089) User=0.00s Sys=0.00s Real=0.00s
[303.273s][info][gc,start       ] GC(1090) Pause Young (Allocation Failure)
[303.276s][info][gc,heap        ] GC(1090) PSYoungGen: 472064K(472064K)->1024K(461312K) Eden: 471040K(471040K)->0K(460288K) From: 1024K(1024K)->1024K(1024K)
[303.276s][info][gc,heap        ] GC(1090) ParOldGen: 7729K(1398272K)->7833K(1398272K)
[303.276s][info][gc,metaspace   ] GC(1090) Metaspace: 14301K(15040K)->14301K(15040K) NonClass: 12351K(12800K)->12351K(12800K) Class: 1950K(2240K)->1950K(2240K)
[303.276s][info][gc             ] GC(1090) Pause Young (Allocation Failure) 468M->8M(1816M) 3.098ms
[303.276s][info][gc,cpu         ] GC(1090) User=0.52s Sys=0.00s Real=0.00s
[303.609s][info][gc,start       ] GC(1091) Pause Young (Allocation Failure)
[303.612s][info][gc,heap        ] GC(1091) PSYoungGen: 461312K(461312K)->1024K(450560K) Eden: 460288K(460288K)->0K(449536K) From: 1024K(1024K)->1024K(1024K)
[303.612s][info][gc,heap        ] GC(1091) ParOldGen: 7833K(1398272K)->7985K(1398272K)
[303.612s][info][gc,metaspace   ] GC(1091) Metaspace: 14301K(15040K)->14301K(15040K) NonClass: 12351K(12800K)->12351K(12800K) Class: 1950K(2240K)->1950K(2240K)
[303.612s][info][gc             ] GC(1091) Pause Young (Allocation Failure) 458M->8M(1805M) 3.075ms
[303.612s][info][gc,cpu         ] GC(1091) User=0.00s Sys=0.00s Real=0.00s
[303.937s][info][gc,start       ] GC(1092) Pause Young (Allocation Failure)
[303.940s][info][gc,heap        ] GC(1092) PSYoungGen: 450560K(450560K)->1056K(440832K) Eden: 449536K(449536K)->0K(439296K) From: 1024K(1024K)->1056K(1536K)
[303.940s][info][gc,heap        ] GC(1092) ParOldGen: 7985K(1398272K)->8081K(1398272K)
[303.940s][info][gc,metaspace   ] GC(1092) Metaspace: 14301K(15040K)->14301K(15040K) NonClass: 12351K(12800K)->12351K(12800K) Class: 1950K(2240K)->1950K(2240K)
[303.940s][info][gc             ] GC(1092) Pause Young (Allocation Failure) 447M->8M(1796M) 3.101ms
[303.940s][info][gc,cpu         ] GC(1092) User=0.00s Sys=0.00s Real=0.00s
[304.259s][info][gc,start       ] GC(1093) Pause Young (Allocation Failure)
[304.262s][info][gc,heap        ] GC(1093) PSYoungGen: 440352K(440832K)->992K(430592K) Eden: 439296K(439296K)->0K(429568K) From: 1056K(1536K)->992K(1024K)
[304.262s][info][gc,heap        ] GC(1093) ParOldGen: 8081K(1398272K)->8217K(1398272K)
[304.262s][info][gc,metaspace   ] GC(1093) Metaspace: 14301K(15040K)->14301K(15040K) NonClass: 12351K(12800K)->12351K(12800K) Class: 1950K(2240K)->1950K(2240K)
[304.262s][info][gc             ] GC(1093) Pause Young (Allocation Failure) 437M->8M(1786M) 3.143ms
[304.262s][info][gc,cpu         ] GC(1093) User=0.00s Sys=0.00s Real=0.00s
[304.571s][info][gc,start       ] GC(1094) Pause Young (Allocation Failure)
[304.575s][info][gc,heap        ] GC(1094) PSYoungGen: 430560K(430592K)->1024K(421376K) Eden: 429568K(429568K)->0K(420352K) From: 992K(1024K)->1024K(1024K)
[304.575s][info][gc,heap        ] GC(1094) ParOldGen: 8217K(1398272K)->8337K(1398272K)
[304.575s][info][gc,metaspace   ] GC(1094) Metaspace: 14301K(15040K)->14301K(15040K) NonClass: 12351K(12800K)->12351K(12800K) Class: 1950K(2240K)->1950K(2240K)
[304.575s][info][gc             ] GC(1094) Pause Young (Allocation Failure) 428M->9M(1777M) 3.171ms
[304.575s][info][gc,cpu         ] GC(1094) User=0.00s Sys=0.00s Real=0.00s
[304.877s][info][gc,start       ] GC(1095) Pause Young (Allocation Failure)
[304.880s][info][gc,heap        ] GC(1095) PSYoungGen: 421376K(421376K)->992K(412160K) Eden: 420352K(420352K)->0K(411136K) From: 1024K(1024K)->992K(1024K)
[304.880s][info][gc,heap        ] GC(1095) ParOldGen: 8337K(1398272K)->8441K(1398272K)
[304.880s][info][gc,metaspace   ] GC(1095) Metaspace: 14301K(15040K)->14301K(15040K) NonClass: 12351K(12800K)->12351K(12800K) Class: 1950K(2240K)->1950K(2240K)
[304.880s][info][gc             ] GC(1095) Pause Young (Allocation Failure) 419M->9M(1768M) 3.264ms
[304.880s][info][gc,cpu         ] GC(1095) User=0.00s Sys=0.00s Real=0.00s
[305.180s][info][gc,start       ] GC(1096) Pause Young (Allocation Failure)
[305.183s][info][gc,heap        ] GC(1096) PSYoungGen: 412128K(412160K)->1056K(403968K) Eden: 411136K(411136K)->0K(402432K) From: 992K(1024K)->1056K(1536K)
[305.183s][info][gc,heap        ] GC(1096) ParOldGen: 8441K(1398272K)->8553K(1398272K)
[305.183s][info][gc,metaspace   ] GC(1096) Metaspace: 14301K(15040K)->14301K(15040K) NonClass: 12351K(12800K)->12351K(12800K) Class: 1950K(2240K)->1950K(2240K)
[305.183s][info][gc             ] GC(1096) Pause Young (Allocation Failure) 410M->9M(1760M) 3.310ms
[305.183s][info][gc,cpu         ] GC(1096) User=0.00s Sys=0.00s Real=0.00s
[305.473s][info][gc,start       ] GC(1097) Pause Young (Allocation Failure)
[305.476s][info][gc,heap        ] GC(1097) PSYoungGen: 403488K(403968K)->992K(394752K) Eden: 402432K(402432K)->0K(393728K) From: 1056K(1536K)->992K(1024K)
[305.476s][info][gc,heap        ] GC(1097) ParOldGen: 8553K(1398272K)->8681K(1398272K)
[305.476s][info][gc,metaspace   ] GC(1097) Metaspace: 14301K(15040K)->14301K(15040K) NonClass: 12351K(12800K)->12351K(12800K) Class: 1950K(2240K)->1950K(2240K)
[305.476s][info][gc             ] GC(1097) Pause Young (Allocation Failure) 402M->9M(1751M) 3.339ms
[305.476s][info][gc,cpu         ] GC(1097) User=0.00s Sys=0.00s Real=0.00s
[305.760s][info][gc,start       ] GC(1098) Pause Young (Allocation Failure)
[305.763s][info][gc,heap        ] GC(1098) PSYoungGen: 394720K(394752K)->1024K(473600K) Eden: 393728K(393728K)->0K(472576K) From: 992K(1024K)->1024K(1024K)
[305.763s][info][gc,heap        ] GC(1098) ParOldGen: 8681K(1398272K)->8793K(1398272K)
[305.763s][info][gc,metaspace   ] GC(1098) Metaspace: 14301K(15040K)->14301K(15040K) NonClass: 12351K(12800K)->12351K(12800K) Class: 1950K(2240K)->1950K(2240K)
[305.763s][info][gc             ] GC(1098) Pause Young (Allocation Failure) 393M->9M(1828M) 3.418ms
[305.764s][info][gc,cpu         ] GC(1098) User=0.00s Sys=0.00s Real=0.00s
[306.107s][info][gc,start       ] GC(1099) Pause Young (Allocation Failure)
[306.111s][info][gc,heap        ] GC(1099) PSYoungGen: 473600K(473600K)->992K(538624K) Eden: 472576K(472576K)->0K(537088K) From: 1024K(1024K)->992K(1536K)
[306.111s][info][gc,heap        ] GC(1099) ParOldGen: 8793K(1398272K)->8937K(1398272K)
[306.111s][info][gc,metaspace   ] GC(1099) Metaspace: 14301K(15040K)->14301K(15040K) NonClass: 12351K(12800K)->12351K(12800K) Class: 1950K(2240K)->1950K(2240K)
[306.111s][info][gc             ] GC(1099) Pause Young (Allocation Failure) 471M->9M(1891M) 3.643ms
[306.111s][info][gc,cpu         ] GC(1099) User=0.00s Sys=0.00s Real=0.00s
[306.609s][info][gc,start       ] GC(1100) Pause Young (Allocation Failure)
[306.614s][info][gc,heap        ] GC(1100) PSYoungGen: 538080K(538624K)->1056K(525312K) Eden: 537088K(537088K)->0K(523776K) From: 992K(1536K)->1056K(1536K)
[306.614s][info][gc,heap        ] GC(1100) ParOldGen: 8937K(1398272K)->9041K(1398272K)
[306.614s][info][gc,metaspace   ] GC(1100) Metaspace: 14301K(15040K)->14301K(15040K) NonClass: 12351K(12800K)->12351K(12800K) Class: 1950K(2240K)->1950K(2240K)
[306.614s][info][gc             ] GC(1100) Pause Young (Allocation Failure) 534M->9M(1878M) 5.114ms
[306.614s][info][gc,cpu         ] GC(1100) User=0.00s Sys=0.00s Real=0.00s
[307.026s][info][gc,start       ] GC(1101) Pause Young (Allocation Failure)
[307.030s][info][gc,heap        ] GC(1101) PSYoungGen: 524832K(525312K)->512K(511488K) Eden: 523776K(523776K)->0K(510976K) From: 1056K(1536K)->512K(512K)
[307.030s][info][gc,heap        ] GC(1101) ParOldGen: 9041K(1398272K)->9265K(1398272K)
[307.030s][info][gc,metaspace   ] GC(1101) Metaspace: 14301K(15040K)->14301K(15040K) NonClass: 12351K(12800K)->12351K(12800K) Class: 1950K(2240K)->1950K(2240K)
[307.030s][info][gc             ] GC(1101) Pause Young (Allocation Failure) 521M->9M(1865M) 3.345ms
[307.030s][info][gc,cpu         ] GC(1101) User=0.00s Sys=0.00s Real=0.00s
[307.401s][info][gc,start       ] GC(1102) Pause Young (Allocation Failure)
[307.405s][info][gc,heap        ] GC(1102) PSYoungGen: 511488K(511488K)->1056K(500224K) Eden: 510976K(510976K)->0K(498688K) From: 512K(512K)->1056K(1536K)
[307.405s][info][gc,heap        ] GC(1102) ParOldGen: 9265K(1398272K)->9345K(1398272K)
[307.405s][info][gc,metaspace   ] GC(1102) Metaspace: 14301K(15040K)->14301K(15040K) NonClass: 12351K(12800K)->12351K(12800K) Class: 1950K(2240K)->1950K(2240K)
[307.405s][info][gc             ] GC(1102) Pause Young (Allocation Failure) 508M->10M(1854M) 3.333ms
[307.405s][info][gc,cpu         ] GC(1102) User=0.00s Sys=0.00s Real=0.00s
[307.785s][info][gc,start       ] GC(1103) Pause Young (Allocation Failure)
[307.788s][info][gc,heap        ] GC(1103) PSYoungGen: 499744K(500224K)->1024K(487936K) Eden: 498688K(498688K)->0K(486912K) From: 1056K(1536K)->1024K(1024K)
[307.788s][info][gc,heap        ] GC(1103) ParOldGen: 9345K(1398272K)->9489K(1398272K)
[307.788s][info][gc,metaspace   ] GC(1103) Metaspace: 14301K(15040K)->14301K(15040K) NonClass: 12351K(12800K)->12351K(12800K) Class: 1950K(2240K)->1950K(2240K)
[307.788s][info][gc             ] GC(1103) Pause Young (Allocation Failure) 497M->10M(1842M) 3.236ms
[307.788s][info][gc,cpu         ] GC(1103) User=0.00s Sys=0.00s Real=0.00s
[308.138s][info][gc,start       ] GC(1104) Pause Young (Allocation Failure)
[308.141s][info][gc,heap        ] GC(1104) PSYoungGen: 487936K(487936K)->1024K(476672K) Eden: 486912K(486912K)->0K(475648K) From: 1024K(1024K)->1024K(1024K)
[308.141s][info][gc,heap        ] GC(1104) ParOldGen: 9489K(1398272K)->9649K(1398272K)
[308.141s][info][gc,metaspace   ] GC(1104) Metaspace: 14301K(15040K)->14301K(15040K) NonClass: 12351K(12800K)->12351K(12800K) Class: 1950K(2240K)->1950K(2240K)
[308.141s][info][gc             ] GC(1104) Pause Young (Allocation Failure) 485M->10M(1831M) 3.248ms
[308.141s][info][gc,cpu         ] GC(1104) User=0.00s Sys=0.00s Real=0.00s
[308.487s][info][gc,start       ] GC(1105) Pause Young (Allocation Failure)
[308.490s][info][gc,heap        ] GC(1105) PSYoungGen: 476672K(476672K)->1024K(465408K) Eden: 475648K(475648K)->0K(464384K) From: 1024K(1024K)->1024K(1024K)
[308.490s][info][gc,heap        ] GC(1105) ParOldGen: 9649K(1398272K)->9793K(1398272K)
[308.490s][info][gc,metaspace   ] GC(1105) Metaspace: 14301K(15040K)->14301K(15040K) NonClass: 12351K(12800K)->12351K(12800K) Class: 1950K(2240K)->1950K(2240K)
[308.490s][info][gc             ] GC(1105) Pause Young (Allocation Failure) 474M->10M(1820M) 3.395ms
[308.490s][info][gc,cpu         ] GC(1105) User=0.00s Sys=0.00s Real=0.00s
[308.824s][info][gc,start       ] GC(1106) Pause Young (Allocation Failure)
[308.827s][info][gc,heap        ] GC(1106) PSYoungGen: 465408K(465408K)->1024K(454656K) Eden: 464384K(464384K)->0K(453632K) From: 1024K(1024K)->1024K(1024K)
[308.827s][info][gc,heap        ] GC(1106) ParOldGen: 9793K(1398272K)->9937K(1398272K)
[308.827s][info][gc,metaspace   ] GC(1106) Metaspace: 14301K(15040K)->14301K(15040K) NonClass: 12351K(12800K)->12351K(12800K) Class: 1950K(2240K)->1950K(2240K)
[308.827s][info][gc             ] GC(1106) Pause Young (Allocation Failure) 464M->10M(1809M) 3.473ms
[308.827s][info][gc,cpu         ] GC(1106) User=0.00s Sys=0.00s Real=0.00s
[309.157s][info][gc,start       ] GC(1107) Pause Young (Allocation Failure)
[309.160s][info][gc,heap        ] GC(1107) PSYoungGen: 454656K(454656K)->992K(444416K) Eden: 453632K(453632K)->0K(443392K) From: 1024K(1024K)->992K(1024K)
[309.161s][info][gc,heap        ] GC(1107) ParOldGen: 9937K(1398272K)->10049K(1398272K)
[309.161s][info][gc,metaspace   ] GC(1107) Metaspace: 14301K(15040K)->14301K(15040K) NonClass: 12351K(12800K)->12351K(12800K) Class: 1950K(2240K)->1950K(2240K)
[309.161s][info][gc             ] GC(1107) Pause Young (Allocation Failure) 453M->10M(1799M) 3.461ms
[309.161s][info][gc,cpu         ] GC(1107) User=0.00s Sys=0.00s Real=0.00s
[309.485s][info][gc,start       ] GC(1108) Pause Young (Allocation Failure)
[309.489s][info][gc,heap        ] GC(1108) PSYoungGen: 444384K(444416K)->1024K(434688K) Eden: 443392K(443392K)->0K(433664K) From: 992K(1024K)->1024K(1024K)
[309.489s][info][gc,heap        ] GC(1108) ParOldGen: 10049K(1398272K)->10169K(1398272K)
[309.489s][info][gc,metaspace   ] GC(1108) Metaspace: 14301K(15040K)->14301K(15040K) NonClass: 12351K(12800K)->12351K(12800K) Class: 1950K(2240K)->1950K(2240K)
[309.489s][info][gc             ] GC(1108) Pause Young (Allocation Failure) 443M->10M(1790M) 3.531ms
[309.489s][info][gc,cpu         ] GC(1108) User=0.00s Sys=0.00s Real=0.00s
[309.821s][info][gc,start       ] GC(1109) Pause Young (Allocation Failure)
[309.824s][info][gc,heap        ] GC(1109) PSYoungGen: 434688K(434688K)->1024K(424960K) Eden: 433664K(433664K)->0K(423936K) From: 1024K(1024K)->1024K(1024K)
[309.824s][info][gc,heap        ] GC(1109) ParOldGen: 10169K(1398272K)->10281K(1398272K)
[309.824s][info][gc,metaspace   ] GC(1109) Metaspace: 14301K(15040K)->14301K(15040K) NonClass: 12351K(12800K)->12351K(12800K) Class: 1950K(2240K)->1950K(2240K)
[309.824s][info][gc             ] GC(1109) Pause Young (Allocation Failure) 434M->11M(1780M) 3.265ms
[309.824s][info][gc,cpu         ] GC(1109) User=0.00s Sys=0.00s Real=0.00s
[310.160s][info][gc,start       ] GC(1110) Pause Young (Allocation Failure)
[310.163s][info][gc,heap        ] GC(1110) PSYoungGen: 424960K(424960K)->1024K(415744K) Eden: 423936K(423936K)->0K(414720K) From: 1024K(1024K)->1024K(1024K)
[310.163s][info][gc,heap        ] GC(1110) ParOldGen: 10281K(1398272K)->10385K(1398272K)
[310.163s][info][gc,metaspace   ] GC(1110) Metaspace: 14301K(15040K)->14301K(15040K) NonClass: 12351K(12800K)->12351K(12800K) Class: 1950K(2240K)->1950K(2240K)
[310.163s][info][gc             ] GC(1110) Pause Young (Allocation Failure) 425M->11M(1771M) 3.084ms
[310.163s][info][gc,cpu         ] GC(1110) User=0.00s Sys=0.00s Real=0.00s
[310.465s][info][gc,start       ] GC(1111) Pause Young (Allocation Failure)
[310.468s][info][gc,heap        ] GC(1111) PSYoungGen: 415744K(415744K)->992K(407040K) Eden: 414720K(414720K)->0K(406016K) From: 1024K(1024K)->992K(1024K)
[310.468s][info][gc,heap        ] GC(1111) ParOldGen: 10385K(1398272K)->10521K(1398272K)
[310.468s][info][gc,metaspace   ] GC(1111) Metaspace: 14301K(15040K)->14301K(15040K) NonClass: 12351K(12800K)->12351K(12800K) Class: 1950K(2240K)->1950K(2240K)
[310.468s][info][gc             ] GC(1111) Pause Young (Allocation Failure) 416M->11M(1763M) 3.113ms
[310.468s][info][gc,cpu         ] GC(1111) User=0.00s Sys=0.00s Real=0.00s
[310.761s][info][gc,start       ] GC(1112) Pause Young (Allocation Failure)
[310.764s][info][gc,heap        ] GC(1112) PSYoungGen: 407008K(407040K)->1024K(398336K) Eden: 406016K(406016K)->0K(397312K) From: 992K(1024K)->1024K(1024K)
[310.764s][info][gc,heap        ] GC(1112) ParOldGen: 10521K(1398272K)->10633K(1398272K)
[310.764s][info][gc,metaspace   ] GC(1112) Metaspace: 14301K(15040K)->14301K(15040K) NonClass: 12351K(12800K)->12351K(12800K) Class: 1950K(2240K)->1950K(2240K)
[310.764s][info][gc             ] GC(1112) Pause Young (Allocation Failure) 407M->11M(1754M) 3.136ms
[310.764s][info][gc,cpu         ] GC(1112) User=0.00s Sys=0.00s Real=0.00s
[311.051s][info][gc,start       ] GC(1113) Pause Young (Allocation Failure)
[311.054s][info][gc,heap        ] GC(1113) PSYoungGen: 398336K(398336K)->1056K(390656K) Eden: 397312K(397312K)->0K(389120K) From: 1024K(1024K)->1056K(1536K)
[311.054s][info][gc,heap        ] GC(1113) ParOldGen: 10633K(1398272K)->10765K(1398272K)
[311.054s][info][gc,metaspace   ] GC(1113) Metaspace: 14301K(15040K)->14301K(15040K) NonClass: 12351K(12800K)->12351K(12800K) Class: 1950K(2240K)->1950K(2240K)
[311.054s][info][gc             ] GC(1113) Pause Young (Allocation Failure) 399M->11M(1747M) 3.177ms
[311.054s][info][gc,cpu         ] GC(1113) User=0.00s Sys=0.00s Real=0.00s
[311.340s][info][gc,start       ] GC(1114) Pause Young (Allocation Failure)
[311.343s][info][gc,heap        ] GC(1114) PSYoungGen: 390176K(390656K)->992K(381952K) Eden: 389120K(389120K)->0K(380928K) From: 1056K(1536K)->992K(1024K)
[311.343s][info][gc,heap        ] GC(1114) ParOldGen: 10765K(1398272K)->10877K(1398272K)
[311.343s][info][gc,metaspace   ] GC(1114) Metaspace: 14301K(15040K)->14301K(15040K) NonClass: 12351K(12800K)->12351K(12800K) Class: 1950K(2240K)->1950K(2240K)
[311.343s][info][gc             ] GC(1114) Pause Young (Allocation Failure) 391M->11M(1738M) 3.339ms
[311.343s][info][gc,cpu         ] GC(1114) User=0.00s Sys=0.00s Real=0.00s
[311.617s][info][gc,start       ] GC(1115) Pause Young (Allocation Failure)
[311.620s][info][gc,heap        ] GC(1115) PSYoungGen: 381920K(381952K)->1024K(458240K) Eden: 380928K(380928K)->0K(457216K) From: 992K(1024K)->1024K(1024K)
[311.620s][info][gc,heap        ] GC(1115) ParOldGen: 10877K(1398272K)->11005K(1398272K)
[311.620s][info][gc,metaspace   ] GC(1115) Metaspace: 14301K(15040K)->14301K(15040K) NonClass: 12351K(12800K)->12351K(12800K) Class: 1950K(2240K)->1950K(2240K)
[311.620s][info][gc             ] GC(1115) Pause Young (Allocation Failure) 383M->11M(1813M) 3.283ms
[311.620s][info][gc,cpu         ] GC(1115) User=0.00s Sys=0.00s Real=0.00s
[311.946s][info][gc,start       ] GC(1116) Pause Young (Allocation Failure)
[311.950s][info][gc,heap        ] GC(1116) PSYoungGen: 458240K(458240K)->1024K(531456K) Eden: 457216K(457216K)->0K(529920K) From: 1024K(1024K)->1024K(1536K)
[311.950s][info][gc,heap        ] GC(1116) ParOldGen: 11005K(1398272K)->11085K(1398272K)
[311.950s][info][gc,metaspace   ] GC(1116) Metaspace: 14301K(15040K)->14301K(15040K) NonClass: 12351K(12800K)->12351K(12800K) Class: 1950K(2240K)->1950K(2240K)
[311.950s][info][gc             ] GC(1116) Pause Young (Allocation Failure) 458M->11M(1884M) 3.511ms
[311.950s][info][gc,cpu         ] GC(1116) User=0.00s Sys=0.00s Real=0.00s
[312.327s][info][gc,start       ] GC(1117) Pause Young (Allocation Failure)
[312.330s][info][gc,heap        ] GC(1117) PSYoungGen: 530944K(531456K)->1056K(518144K) Eden: 529920K(529920K)->0K(516608K) From: 1024K(1536K)->1056K(1536K)
[312.330s][info][gc,heap        ] GC(1117) ParOldGen: 11085K(1398272K)->11173K(1398272K)
[312.330s][info][gc,metaspace   ] GC(1117) Metaspace: 14301K(15040K)->14301K(15040K) NonClass: 12351K(12800K)->12351K(12800K) Class: 1950K(2240K)->1950K(2240K)
[312.330s][info][gc             ] GC(1117) Pause Young (Allocation Failure) 529M->11M(1871M) 3.534ms
[312.330s][info][gc,cpu         ] GC(1117) User=0.00s Sys=0.00s Real=0.00s
[312.714s][info][gc,start       ] GC(1118) Pause Young (Allocation Failure)
[312.717s][info][gc,heap        ] GC(1118) PSYoungGen: 517664K(518144K)->1056K(505344K) Eden: 516608K(516608K)->0K(503808K) From: 1056K(1536K)->1056K(1536K)
[312.717s][info][gc,heap        ] GC(1118) ParOldGen: 11173K(1398272K)->11285K(1398272K)
[312.717s][info][gc,metaspace   ] GC(1118) Metaspace: 14301K(15040K)->14301K(15040K) NonClass: 12351K(12800K)->12351K(12800K) Class: 1950K(2240K)->1950K(2240K)
[312.717s][info][gc             ] GC(1118) Pause Young (Allocation Failure) 516M->12M(1859M) 3.312ms
[312.717s][info][gc,cpu         ] GC(1118) User=0.00s Sys=0.00s Real=0.00s
[312.976s][info][gc,start       ] GC(1119) Pause Young (Allocation Failure)
[312.979s][info][gc,heap        ] GC(1119) PSYoungGen: 504864K(505344K)->512K(492032K) Eden: 503808K(503808K)->0K(491520K) From: 1056K(1536K)->512K(512K)
[312.979s][info][gc,heap        ] GC(1119) ParOldGen: 11285K(1398272K)->11445K(1398272K)
[312.979s][info][gc,metaspace   ] GC(1119) Metaspace: 14301K(15040K)->14301K(15040K) NonClass: 12351K(12800K)->12351K(12800K) Class: 1950K(2240K)->1950K(2240K)
[312.979s][info][gc             ] GC(1119) Pause Young (Allocation Failure) 504M->11M(1846M) 3.046ms
[312.979s][info][gc,cpu         ] GC(1119) User=0.52s Sys=0.00s Real=0.00s
[313.145s][info][gc,start       ] GC(1120) Pause Young (System.gc())
[313.147s][info][gc,heap        ] GC(1120) PSYoungGen: 170435K(492032K)->352K(493056K) Eden: 169923K(491520K)->0K(491520K) From: 512K(512K)->352K(1536K)
[313.147s][info][gc,heap        ] GC(1120) ParOldGen: 11445K(1398272K)->11509K(1398272K)
[313.147s][info][gc,metaspace   ] GC(1120) Metaspace: 14301K(15040K)->14301K(15040K) NonClass: 12351K(12800K)->12351K(12800K) Class: 1950K(2240K)->1950K(2240K)
[313.147s][info][gc             ] GC(1120) Pause Young (System.gc()) 177M->11M(1847M) 2.427ms
[313.147s][info][gc,cpu         ] GC(1120) User=0.00s Sys=0.00s Real=0.00s
[313.148s][info][gc,start       ] GC(1121) Pause Full (System.gc())
[313.148s][info][gc,phases,start] GC(1121) Marking Phase
[313.164s][info][gc,phases      ] GC(1121) Marking Phase 16.385ms
[313.164s][info][gc,phases,start] GC(1121) Summary Phase
[313.164s][info][gc,phases      ] GC(1121) Summary Phase 0.027ms
[313.164s][info][gc,phases,start] GC(1121) Adjust Roots
[313.171s][info][gc,phases      ] GC(1121) Adjust Roots 6.939ms
[313.171s][info][gc,phases,start] GC(1121) Compaction Phase
[313.173s][info][gc,phases      ] GC(1121) Compaction Phase 2.238ms
[313.173s][info][gc,phases,start] GC(1121) Post Compact
[313.174s][info][gc,phases      ] GC(1121) Post Compact 0.503ms
[313.174s][info][gc,heap        ] GC(1121) PSYoungGen: 352K(493056K)->0K(493056K) Eden: 0K(491520K)->0K(491520K) From: 352K(1536K)->0K(1536K)
[313.174s][info][gc,heap        ] GC(1121) ParOldGen: 11509K(1398272K)->5367K(1398272K)
[313.174s][info][gc,metaspace   ] GC(1121) Metaspace: 14301K(15040K)->14301K(15040K) NonClass: 12351K(12800K)->12351K(12800K) Class: 1950K(2240K)->1950K(2240K)
[313.174s][info][gc             ] GC(1121) Pause Full (System.gc()) 11M->5M(1847M) 26.359ms
[313.174s][info][gc,cpu         ] GC(1121) User=0.02s Sys=0.00s Real=0.02s
[313.602s][info][gc,start       ] GC(1122) Pause Young (Allocation Failure)
[313.606s][info][gc,heap        ] GC(1122) PSYoungGen: 491520K(493056K)->1536K(481280K) Eden: 491520K(491520K)->0K(479744K) From: 0K(1536K)->1536K(1536K)
[313.606s][info][gc,heap        ] GC(1122) ParOldGen: 5367K(1398272K)->5740K(1398272K)
[313.606s][info][gc,metaspace   ] GC(1122) Metaspace: 14301K(15040K)->14301K(15040K) NonClass: 12351K(12800K)->12351K(12800K) Class: 1950K(2240K)->1950K(2240K)
[313.606s][info][gc             ] GC(1122) Pause Young (Allocation Failure) 485M->7M(1835M) 3.965ms
[313.606s][info][gc,cpu         ] GC(1122) User=0.00s Sys=0.00s Real=0.00s
[313.985s][info][gc,start       ] GC(1123) Pause Young (Allocation Failure)
[313.989s][info][gc,heap        ] GC(1123) PSYoungGen: 481280K(481280K)->1056K(470016K) Eden: 479744K(479744K)->0K(468480K) From: 1536K(1536K)->1056K(1536K)
[313.989s][info][gc,heap        ] GC(1123) ParOldGen: 5740K(1398272K)->7104K(1398272K)
[313.989s][info][gc,metaspace   ] GC(1123) Metaspace: 14301K(15040K)->14301K(15040K) NonClass: 12351K(12800K)->12351K(12800K) Class: 1950K(2240K)->1950K(2240K)
[313.989s][info][gc             ] GC(1123) Pause Young (Allocation Failure) 475M->7M(1824M) 3.502ms
[313.989s][info][gc,cpu         ] GC(1123) User=0.00s Sys=0.00s Real=0.00s
[314.339s][info][gc,start       ] GC(1124) Pause Young (Allocation Failure)
[314.342s][info][gc,heap        ] GC(1124) PSYoungGen: 469536K(470016K)->1024K(458752K) Eden: 468480K(468480K)->0K(457728K) From: 1056K(1536K)->1024K(1024K)
[314.342s][info][gc,heap        ] GC(1124) ParOldGen: 7104K(1398272K)->7264K(1398272K)
[314.342s][info][gc,metaspace   ] GC(1124) Metaspace: 14301K(15040K)->14301K(15040K) NonClass: 12351K(12800K)->12351K(12800K) Class: 1950K(2240K)->1950K(2240K)
[314.343s][info][gc             ] GC(1124) Pause Young (Allocation Failure) 465M->8M(1813M) 3.529ms
[314.343s][info][gc,cpu         ] GC(1124) User=0.00s Sys=0.00s Real=0.00s
[314.688s][info][gc,start       ] GC(1125) Pause Young (Allocation Failure)
[314.691s][info][gc,heap        ] GC(1125) PSYoungGen: 458752K(458752K)->1024K(448512K) Eden: 457728K(457728K)->0K(447488K) From: 1024K(1024K)->1024K(1024K)
[314.691s][info][gc,heap        ] GC(1125) ParOldGen: 7264K(1398272K)->7416K(1398272K)
[314.691s][info][gc,metaspace   ] GC(1125) Metaspace: 14301K(15040K)->14301K(15040K) NonClass: 12351K(12800K)->12351K(12800K) Class: 1950K(2240K)->1950K(2240K)
[314.691s][info][gc             ] GC(1125) Pause Young (Allocation Failure) 455M->8M(1803M) 3.386ms
[314.691s][info][gc,cpu         ] GC(1125) User=0.00s Sys=0.00s Real=0.00s
[315.031s][info][gc,start       ] GC(1126) Pause Young (Allocation Failure)
[315.034s][info][gc,heap        ] GC(1126) PSYoungGen: 448512K(448512K)->1024K(438272K) Eden: 447488K(447488K)->0K(437248K) From: 1024K(1024K)->1024K(1024K)
[315.034s][info][gc,heap        ] GC(1126) ParOldGen: 7416K(1398272K)->7552K(1398272K)
[315.034s][info][gc,metaspace   ] GC(1126) Metaspace: 14301K(15040K)->14301K(15040K) NonClass: 12351K(12800K)->12351K(12800K) Class: 1950K(2240K)->1950K(2240K)
[315.035s][info][gc             ] GC(1126) Pause Young (Allocation Failure) 445M->8M(1793M) 3.428ms
[315.035s][info][gc,cpu         ] GC(1126) User=0.00s Sys=0.00s Real=0.00s
[315.362s][info][gc,start       ] GC(1127) Pause Young (Allocation Failure)
[315.365s][info][gc,heap        ] GC(1127) PSYoungGen: 438272K(438272K)->1056K(429056K) Eden: 437248K(437248K)->0K(427520K) From: 1024K(1024K)->1056K(1536K)
[315.366s][info][gc,heap        ] GC(1127) ParOldGen: 7552K(1398272K)->7656K(1398272K)
[315.366s][info][gc,metaspace   ] GC(1127) Metaspace: 14301K(15040K)->14301K(15040K) NonClass: 12351K(12800K)->12351K(12800K) Class: 1950K(2240K)->1950K(2240K)
[315.366s][info][gc             ] GC(1127) Pause Young (Allocation Failure) 435M->8M(1784M) 3.462ms
[315.366s][info][gc,cpu         ] GC(1127) User=0.00s Sys=0.00s Real=0.00s
[315.688s][info][gc,start       ] GC(1128) Pause Young (Allocation Failure)
[315.691s][info][gc,heap        ] GC(1128) PSYoungGen: 428576K(429056K)->1024K(419328K) Eden: 427520K(427520K)->0K(418304K) From: 1056K(1536K)->1024K(1024K)
[315.691s][info][gc,heap        ] GC(1128) ParOldGen: 7656K(1398272K)->7792K(1398272K)
[315.691s][info][gc,metaspace   ] GC(1128) Metaspace: 14301K(15040K)->14301K(15040K) NonClass: 12351K(12800K)->12351K(12800K) Class: 1950K(2240K)->1950K(2240K)
[315.691s][info][gc             ] GC(1128) Pause Young (Allocation Failure) 426M->8M(1775M) 3.508ms
[315.691s][info][gc,cpu         ] GC(1128) User=0.00s Sys=0.00s Real=0.00s
[316.082s][info][gc,start       ] GC(1129) Pause Young (Allocation Failure)
[316.087s][info][gc,heap        ] GC(1129) PSYoungGen: 419328K(419328K)->1024K(410112K) Eden: 418304K(418304K)->0K(409088K) From: 1024K(1024K)->1024K(1024K)
[316.087s][info][gc,heap        ] GC(1129) ParOldGen: 7792K(1398272K)->7920K(1398272K)
[316.087s][info][gc,metaspace   ] GC(1129) Metaspace: 14301K(15040K)->14301K(15040K) NonClass: 12351K(12800K)->12351K(12800K) Class: 1950K(2240K)->1950K(2240K)
[316.087s][info][gc             ] GC(1129) Pause Young (Allocation Failure) 417M->8M(1766M) 4.747ms
[316.087s][info][gc,cpu         ] GC(1129) User=0.52s Sys=0.00s Real=0.00s
[316.415s][info][gc,start       ] GC(1130) Pause Young (Allocation Failure)
[316.418s][info][gc,heap        ] GC(1130) PSYoungGen: 410112K(410112K)->1024K(401408K) Eden: 409088K(409088K)->0K(400384K) From: 1024K(1024K)->1024K(1024K)
[316.418s][info][gc,heap        ] GC(1130) ParOldGen: 7920K(1398272K)->8048K(1398272K)
[316.418s][info][gc,metaspace   ] GC(1130) Metaspace: 14301K(15040K)->14301K(15040K) NonClass: 12351K(12800K)->12351K(12800K) Class: 1950K(2240K)->1950K(2240K)
[316.418s][info][gc             ] GC(1130) Pause Young (Allocation Failure) 408M->8M(1757M) 3.276ms
[316.418s][info][gc,cpu         ] GC(1130) User=0.00s Sys=0.00s Real=0.00s
[316.721s][info][gc,start       ] GC(1131) Pause Young (Allocation Failure)
[316.724s][info][gc,heap        ] GC(1131) PSYoungGen: 401408K(401408K)->1024K(393216K) Eden: 400384K(400384K)->0K(392192K) From: 1024K(1024K)->1024K(1024K)
[316.724s][info][gc,heap        ] GC(1131) ParOldGen: 8048K(1398272K)->8168K(1398272K)
[316.724s][info][gc,metaspace   ] GC(1131) Metaspace: 14301K(15040K)->14301K(15040K) NonClass: 12351K(12800K)->12351K(12800K) Class: 1950K(2240K)->1950K(2240K)
[316.724s][info][gc             ] GC(1131) Pause Young (Allocation Failure) 399M->8M(1749M) 3.254ms
[316.725s][info][gc,cpu         ] GC(1131) User=0.00s Sys=0.00s Real=0.00s
[317.040s][info][gc,start       ] GC(1132) Pause Young (Allocation Failure)
[317.043s][info][gc,heap        ] GC(1132) PSYoungGen: 393216K(393216K)->1024K(385024K) Eden: 392192K(392192K)->0K(384000K) From: 1024K(1024K)->1024K(1024K)
[317.043s][info][gc,heap        ] GC(1132) ParOldGen: 8168K(1398272K)->8288K(1398272K)
[317.043s][info][gc,metaspace   ] GC(1132) Metaspace: 14301K(15040K)->14301K(15040K) NonClass: 12351K(12800K)->12351K(12800K) Class: 1950K(2240K)->1950K(2240K)
[317.043s][info][gc             ] GC(1132) Pause Young (Allocation Failure) 391M->9M(1741M) 3.135ms
[317.043s][info][gc,cpu         ] GC(1132) User=0.00s Sys=0.00s Real=0.00s
[317.329s][info][gc,start       ] GC(1133) Pause Young (Allocation Failure)
[317.332s][info][gc,heap        ] GC(1133) PSYoungGen: 385024K(385024K)->1056K(377856K) Eden: 384000K(384000K)->0K(376320K) From: 1024K(1024K)->1056K(1536K)
[317.332s][info][gc,heap        ] GC(1133) ParOldGen: 8288K(1398272K)->8400K(1398272K)
[317.332s][info][gc,metaspace   ] GC(1133) Metaspace: 14301K(15040K)->14301K(15040K) NonClass: 12351K(12800K)->12351K(12800K) Class: 1950K(2240K)->1950K(2240K)
[317.332s][info][gc             ] GC(1133) Pause Young (Allocation Failure) 384M->9M(1734M) 3.140ms
[317.332s][info][gc,cpu         ] GC(1133) User=0.00s Sys=0.00s Real=0.00s
[317.614s][info][gc,start       ] GC(1134) Pause Young (Allocation Failure)
[317.617s][info][gc,heap        ] GC(1134) PSYoungGen: 377376K(377856K)->1024K(369664K) Eden: 376320K(376320K)->0K(368640K) From: 1056K(1536K)->1024K(1024K)
[317.617s][info][gc,heap        ] GC(1134) ParOldGen: 8400K(1398272K)->8512K(1398272K)
[317.617s][info][gc,metaspace   ] GC(1134) Metaspace: 14301K(15040K)->14301K(15040K) NonClass: 12351K(12800K)->12351K(12800K) Class: 1950K(2240K)->1950K(2240K)
[317.617s][info][gc             ] GC(1134) Pause Young (Allocation Failure) 376M->9M(1726M) 3.098ms
[317.617s][info][gc,cpu         ] GC(1134) User=0.52s Sys=0.00s Real=0.00s
[317.896s][info][gc,start       ] GC(1135) Pause Young (Allocation Failure)
[317.900s][info][gc,heap        ] GC(1135) PSYoungGen: 369664K(369664K)->1024K(443392K) Eden: 368640K(368640K)->0K(442368K) From: 1024K(1024K)->1024K(1024K)
[317.900s][info][gc,heap        ] GC(1135) ParOldGen: 8512K(1398272K)->8616K(1398272K)
[317.900s][info][gc,metaspace   ] GC(1135) Metaspace: 14301K(15040K)->14301K(15040K) NonClass: 12351K(12800K)->12351K(12800K) Class: 1950K(2240K)->1950K(2240K)
[317.900s][info][gc             ] GC(1135) Pause Young (Allocation Failure) 369M->9M(1798M) 3.296ms
[317.900s][info][gc,cpu         ] GC(1135) User=0.52s Sys=0.00s Real=0.00s
[318.233s][info][gc,start       ] GC(1136) Pause Young (Allocation Failure)
[318.236s][info][gc,heap        ] GC(1136) PSYoungGen: 443392K(443392K)->1024K(531968K) Eden: 442368K(442368K)->0K(530944K) From: 1024K(1024K)->1024K(1024K)
[318.236s][info][gc,heap        ] GC(1136) ParOldGen: 8616K(1398272K)->8728K(1398272K)
[318.236s][info][gc,metaspace   ] GC(1136) Metaspace: 14301K(15040K)->14301K(15040K) NonClass: 12351K(12800K)->12351K(12800K) Class: 1950K(2240K)->1950K(2240K)
[318.236s][info][gc             ] GC(1136) Pause Young (Allocation Failure) 441M->9M(1885M) 3.450ms
[318.236s][info][gc,cpu         ] GC(1136) User=0.00s Sys=0.00s Real=0.00s
[318.636s][info][gc,start       ] GC(1137) Pause Young (Allocation Failure)
[318.640s][info][gc,heap        ] GC(1137) PSYoungGen: 531968K(531968K)->1056K(519168K) Eden: 530944K(530944K)->0K(517632K) From: 1024K(1024K)->1056K(1536K)
[318.640s][info][gc,heap        ] GC(1137) ParOldGen: 8728K(1398272K)->8848K(1398272K)
[318.640s][info][gc,metaspace   ] GC(1137) Metaspace: 14301K(15040K)->14301K(15040K) NonClass: 12351K(12800K)->12351K(12800K) Class: 1950K(2240K)->1950K(2240K)
[318.640s][info][gc             ] GC(1137) Pause Young (Allocation Failure) 528M->9M(1872M) 3.625ms
[318.640s][info][gc,cpu         ] GC(1137) User=0.00s Sys=0.00s Real=0.00s
[319.032s][info][gc,start       ] GC(1138) Pause Young (Allocation Failure)
[319.036s][info][gc,heap        ] GC(1138) PSYoungGen: 518688K(519168K)->1024K(505856K) Eden: 517632K(517632K)->0K(504832K) From: 1056K(1536K)->1024K(1024K)
[319.036s][info][gc,heap        ] GC(1138) ParOldGen: 8848K(1398272K)->8992K(1398272K)
[319.036s][info][gc,metaspace   ] GC(1138) Metaspace: 14301K(15040K)->14301K(15040K) NonClass: 12351K(12800K)->12351K(12800K) Class: 1950K(2240K)->1950K(2240K)
[319.036s][info][gc             ] GC(1138) Pause Young (Allocation Failure) 515M->9M(1859M) 3.581ms
[319.036s][info][gc,cpu         ] GC(1138) User=0.00s Sys=0.00s Real=0.00s
[319.435s][info][gc,start       ] GC(1139) Pause Young (Allocation Failure)
[319.438s][info][gc,heap        ] GC(1139) PSYoungGen: 505856K(505856K)->1024K(493568K) Eden: 504832K(504832K)->0K(492544K) From: 1024K(1024K)->1024K(1024K)
[319.438s][info][gc,heap        ] GC(1139) ParOldGen: 8992K(1398272K)->9144K(1398272K)
[319.438s][info][gc,metaspace   ] GC(1139) Metaspace: 14301K(15040K)->14301K(15040K) NonClass: 12351K(12800K)->12351K(12800K) Class: 1950K(2240K)->1950K(2240K)
[319.438s][info][gc             ] GC(1139) Pause Young (Allocation Failure) 502M->9M(1847M) 3.283ms
[319.438s][info][gc,cpu         ] GC(1139) User=0.00s Sys=0.00s Real=0.00s
[319.831s][info][gc,start       ] GC(1140) Pause Young (Allocation Failure)
[319.834s][info][gc,heap        ] GC(1140) PSYoungGen: 493568K(493568K)->1024K(481792K) Eden: 492544K(492544K)->0K(480768K) From: 1024K(1024K)->1024K(1024K)
[319.834s][info][gc,heap        ] GC(1140) ParOldGen: 9144K(1398272K)->9296K(1398272K)
[319.834s][info][gc,metaspace   ] GC(1140) Metaspace: 14301K(15040K)->14301K(15040K) NonClass: 12351K(12800K)->12351K(12800K) Class: 1950K(2240K)->1950K(2240K)
[319.834s][info][gc             ] GC(1140) Pause Young (Allocation Failure) 490M->10M(1836M) 3.163ms
[319.834s][info][gc,cpu         ] GC(1140) User=0.00s Sys=0.00s Real=0.00s
[320.194s][info][gc,start       ] GC(1141) Pause Young (Allocation Failure)
[320.197s][info][gc,heap        ] GC(1141) PSYoungGen: 481792K(481792K)->1024K(470528K) Eden: 480768K(480768K)->0K(469504K) From: 1024K(1024K)->1024K(1024K)
[320.197s][info][gc,heap        ] GC(1141) ParOldGen: 9296K(1398272K)->9408K(1398272K)
[320.197s][info][gc,metaspace   ] GC(1141) Metaspace: 14301K(15040K)->14301K(15040K) NonClass: 12351K(12800K)->12351K(12800K) Class: 1950K(2240K)->1950K(2240K)
[320.198s][info][gc             ] GC(1141) Pause Young (Allocation Failure) 479M->10M(1825M) 3.196ms
[320.198s][info][gc,cpu         ] GC(1141) User=0.52s Sys=0.00s Real=0.00s
[320.550s][info][gc,start       ] GC(1142) Pause Young (Allocation Failure)
[320.553s][info][gc,heap        ] GC(1142) PSYoungGen: 470528K(470528K)->1024K(459776K) Eden: 469504K(469504K)->0K(458752K) From: 1024K(1024K)->1024K(1024K)
[320.553s][info][gc,heap        ] GC(1142) ParOldGen: 9408K(1398272K)->9552K(1398272K)
[320.553s][info][gc,metaspace   ] GC(1142) Metaspace: 14301K(15040K)->14301K(15040K) NonClass: 12351K(12800K)->12351K(12800K) Class: 1950K(2240K)->1950K(2240K)
[320.553s][info][gc             ] GC(1142) Pause Young (Allocation Failure) 468M->10M(1814M) 3.221ms
[320.553s][info][gc,cpu         ] GC(1142) User=0.00s Sys=0.00s Real=0.00s
[320.899s][info][gc,start       ] GC(1143) Pause Young (Allocation Failure)
[320.902s][info][gc,heap        ] GC(1143) PSYoungGen: 459776K(459776K)->1056K(450048K) Eden: 458752K(458752K)->0K(448512K) From: 1024K(1024K)->1056K(1536K)
[320.902s][info][gc,heap        ] GC(1143) ParOldGen: 9552K(1398272K)->9656K(1398272K)
[320.902s][info][gc,metaspace   ] GC(1143) Metaspace: 14301K(15040K)->14301K(15040K) NonClass: 12351K(12800K)->12351K(12800K) Class: 1950K(2240K)->1950K(2240K)
[320.902s][info][gc             ] GC(1143) Pause Young (Allocation Failure) 458M->10M(1805M) 3.378ms
[320.902s][info][gc,cpu         ] GC(1143) User=0.00s Sys=0.00s Real=0.00s
[321.239s][info][gc,start       ] GC(1144) Pause Young (Allocation Failure)
[321.243s][info][gc,heap        ] GC(1144) PSYoungGen: 449568K(450048K)->1024K(439296K) Eden: 448512K(448512K)->0K(438272K) From: 1056K(1536K)->1024K(1024K)
[321.243s][info][gc,heap        ] GC(1144) ParOldGen: 9656K(1398272K)->9776K(1398272K)
[321.243s][info][gc,metaspace   ] GC(1144) Metaspace: 14301K(15040K)->14301K(15040K) NonClass: 12351K(12800K)->12351K(12800K) Class: 1950K(2240K)->1950K(2240K)
[321.243s][info][gc             ] GC(1144) Pause Young (Allocation Failure) 448M->10M(1794M) 3.381ms
[321.243s][info][gc,cpu         ] GC(1144) User=0.00s Sys=0.31s Real=0.00s
[321.571s][info][gc,start       ] GC(1145) Pause Young (Allocation Failure)
[321.574s][info][gc,heap        ] GC(1145) PSYoungGen: 439296K(439296K)->1024K(429568K) Eden: 438272K(438272K)->0K(428544K) From: 1024K(1024K)->1024K(1024K)
[321.574s][info][gc,heap        ] GC(1145) ParOldGen: 9776K(1398272K)->9904K(1398272K)
[321.574s][info][gc,metaspace   ] GC(1145) Metaspace: 14301K(15040K)->14301K(15040K) NonClass: 12351K(12800K)->12351K(12800K) Class: 1950K(2240K)->1950K(2240K)
[321.575s][info][gc             ] GC(1145) Pause Young (Allocation Failure) 438M->10M(1785M) 3.448ms
[321.575s][info][gc,cpu         ] GC(1145) User=0.00s Sys=0.00s Real=0.00s
[321.902s][info][gc,start       ] GC(1146) Pause Young (Allocation Failure)
[321.906s][info][gc,heap        ] GC(1146) PSYoungGen: 429568K(429568K)->1024K(420352K) Eden: 428544K(428544K)->0K(419328K) From: 1024K(1024K)->1024K(1024K)
[321.906s][info][gc,heap        ] GC(1146) ParOldGen: 9904K(1398272K)->10024K(1398272K)
[321.906s][info][gc,metaspace   ] GC(1146) Metaspace: 14301K(15040K)->14301K(15040K) NonClass: 12351K(12800K)->12351K(12800K) Class: 1950K(2240K)->1950K(2240K)
[321.906s][info][gc             ] GC(1146) Pause Young (Allocation Failure) 429M->10M(1776M) 3.450ms
[321.906s][info][gc,cpu         ] GC(1146) User=0.00s Sys=0.00s Real=0.00s
[322.263s][info][gc,start       ] GC(1147) Pause Young (Allocation Failure)
[322.266s][info][gc,heap        ] GC(1147) PSYoungGen: 420352K(420352K)->1024K(411136K) Eden: 419328K(419328K)->0K(410112K) From: 1024K(1024K)->1024K(1024K)
[322.266s][info][gc,heap        ] GC(1147) ParOldGen: 10024K(1398272K)->10128K(1398272K)
[322.266s][info][gc,metaspace   ] GC(1147) Metaspace: 14301K(15040K)->14301K(15040K) NonClass: 12351K(12800K)->12351K(12800K) Class: 1950K(2240K)->1950K(2240K)
[322.266s][info][gc             ] GC(1147) Pause Young (Allocation Failure) 420M->10M(1767M) 3.105ms
[322.266s][info][gc,cpu         ] GC(1147) User=0.00s Sys=0.00s Real=0.00s
[322.577s][info][gc,start       ] GC(1148) Pause Young (Allocation Failure)
[322.580s][info][gc,heap        ] GC(1148) PSYoungGen: 411136K(411136K)->992K(402432K) Eden: 410112K(410112K)->0K(401408K) From: 1024K(1024K)->992K(1024K)
[322.580s][info][gc,heap        ] GC(1148) ParOldGen: 10128K(1398272K)->10264K(1398272K)
[322.580s][info][gc,metaspace   ] GC(1148) Metaspace: 14301K(15040K)->14301K(15040K) NonClass: 12351K(12800K)->12351K(12800K) Class: 1950K(2240K)->1950K(2240K)
[322.580s][info][gc             ] GC(1148) Pause Young (Allocation Failure) 411M->10M(1758M) 3.165ms
[322.580s][info][gc,cpu         ] GC(1148) User=0.00s Sys=0.00s Real=0.00s
[322.879s][info][gc,start       ] GC(1149) Pause Young (Allocation Failure)
[322.882s][info][gc,heap        ] GC(1149) PSYoungGen: 402400K(402432K)->1056K(394752K) Eden: 401408K(401408K)->0K(393216K) From: 992K(1024K)->1056K(1536K)
[322.882s][info][gc,heap        ] GC(1149) ParOldGen: 10264K(1398272K)->10368K(1398272K)
[322.882s][info][gc,metaspace   ] GC(1149) Metaspace: 14301K(15040K)->14301K(15040K) NonClass: 12351K(12800K)->12351K(12800K) Class: 1950K(2240K)->1950K(2240K)
[322.882s][info][gc             ] GC(1149) Pause Young (Allocation Failure) 402M->11M(1751M) 3.114ms
[322.882s][info][gc,cpu         ] GC(1149) User=0.00s Sys=0.00s Real=0.00s
[323.176s][info][gc,start       ] GC(1150) Pause Young (Allocation Failure)
[323.179s][info][gc,heap        ] GC(1150) PSYoungGen: 394272K(394752K)->992K(386048K) Eden: 393216K(393216K)->0K(385024K) From: 1056K(1536K)->992K(1024K)
[323.179s][info][gc,heap        ] GC(1150) ParOldGen: 10368K(1398272K)->10472K(1398272K)
[323.179s][info][gc,metaspace   ] GC(1150) Metaspace: 14301K(15040K)->14301K(15040K) NonClass: 12351K(12800K)->12351K(12800K) Class: 1950K(2240K)->1950K(2240K)
[323.179s][info][gc             ] GC(1150) Pause Young (Allocation Failure) 395M->11M(1742M) 3.068ms
[323.179s][info][gc,cpu         ] GC(1150) User=0.00s Sys=0.00s Real=0.00s
[323.468s][info][gc,start       ] GC(1151) Pause Young (Allocation Failure)
[323.471s][info][gc,heap        ] GC(1151) PSYoungGen: 386016K(386048K)->1024K(378368K) Eden: 385024K(385024K)->0K(377344K) From: 992K(1024K)->1024K(1024K)
[323.471s][info][gc,heap        ] GC(1151) ParOldGen: 10472K(1398272K)->10596K(1398272K)
[323.471s][info][gc,metaspace   ] GC(1151) Metaspace: 14301K(15040K)->14301K(15040K) NonClass: 12351K(12800K)->12351K(12800K) Class: 1950K(2240K)->1950K(2240K)
[323.471s][info][gc             ] GC(1151) Pause Young (Allocation Failure) 387M->11M(1735M) 3.155ms
[323.471s][info][gc,cpu         ] GC(1151) User=0.00s Sys=0.00s Real=0.00s
[323.754s][info][gc,start       ] GC(1152) Pause Young (Allocation Failure)
[323.758s][info][gc,heap        ] GC(1152) PSYoungGen: 378367K(378368K)->1024K(370688K) Eden: 377343K(377344K)->0K(369664K) From: 1024K(1024K)->1024K(1024K)
[323.758s][info][gc,heap        ] GC(1152) ParOldGen: 10596K(1398272K)->10724K(1398272K)
[323.758s][info][gc,metaspace   ] GC(1152) Metaspace: 14301K(15040K)->14301K(15040K) NonClass: 12351K(12800K)->12351K(12800K) Class: 1950K(2240K)->1950K(2240K)
[323.758s][info][gc             ] GC(1152) Pause Young (Allocation Failure) 379M->11M(1727M) 3.154ms
[323.758s][info][gc,cpu         ] GC(1152) User=0.00s Sys=0.00s Real=0.00s
[324.034s][info][gc,start       ] GC(1153) Pause Young (Allocation Failure)
[324.037s][info][gc,heap        ] GC(1153) PSYoungGen: 370688K(370688K)->1024K(444928K) Eden: 369664K(369664K)->0K(443904K) From: 1024K(1024K)->1024K(1024K)
[324.037s][info][gc,heap        ] GC(1153) ParOldGen: 10724K(1398272K)->10828K(1398272K)
[324.037s][info][gc,metaspace   ] GC(1153) Metaspace: 14301K(15040K)->14301K(15040K) NonClass: 12351K(12800K)->12351K(12800K) Class: 1950K(2240K)->1950K(2240K)
[324.037s][info][gc             ] GC(1153) Pause Young (Allocation Failure) 372M->11M(1800M) 3.215ms
[324.038s][info][gc,cpu         ] GC(1153) User=0.00s Sys=0.00s Real=0.00s
[324.370s][info][gc,start       ] GC(1154) Pause Young (Allocation Failure)
[324.373s][info][gc,heap        ] GC(1154) PSYoungGen: 444928K(444928K)->1024K(435200K) Eden: 443904K(443904K)->0K(434176K) From: 1024K(1024K)->1024K(1024K)
[324.373s][info][gc,heap        ] GC(1154) ParOldGen: 10828K(1398272K)->10924K(1398272K)
[324.373s][info][gc,metaspace   ] GC(1154) Metaspace: 14301K(15040K)->14301K(15040K) NonClass: 12351K(12800K)->12351K(12800K) Class: 1950K(2240K)->1950K(2240K)
[324.373s][info][gc             ] GC(1154) Pause Young (Allocation Failure) 445M->11M(1790M) 3.356ms
[324.373s][info][gc,cpu         ] GC(1154) User=0.00s Sys=0.00s Real=0.00s
[324.698s][info][gc,start       ] GC(1155) Pause Young (Allocation Failure)
[324.701s][info][gc,heap        ] GC(1155) PSYoungGen: 435200K(435200K)->1024K(425472K) Eden: 434176K(434176K)->0K(424448K) From: 1024K(1024K)->1024K(1024K)
[324.701s][info][gc,heap        ] GC(1155) ParOldGen: 10924K(1398272K)->11028K(1398272K)
[324.701s][info][gc,metaspace   ] GC(1155) Metaspace: 14301K(15040K)->14301K(15040K) NonClass: 12351K(12800K)->12351K(12800K) Class: 1950K(2240K)->1950K(2240K)
[324.701s][info][gc             ] GC(1155) Pause Young (Allocation Failure) 435M->11M(1781M) 3.437ms
[324.701s][info][gc,cpu         ] GC(1155) User=0.00s Sys=0.00s Real=0.00s
[325.004s][info][gc,start       ] GC(1156) Pause Young (Allocation Failure)
[325.008s][info][gc,heap        ] GC(1156) PSYoungGen: 425472K(425472K)->1024K(510464K) Eden: 424448K(424448K)->0K(509440K) From: 1024K(1024K)->1024K(1024K)
[325.008s][info][gc,heap        ] GC(1156) ParOldGen: 11028K(1398272K)->11164K(1398272K)
[325.008s][info][gc,metaspace   ] GC(1156) Metaspace: 14301K(15040K)->14301K(15040K) NonClass: 12351K(12800K)->12351K(12800K) Class: 1950K(2240K)->1950K(2240K)
[325.008s][info][gc             ] GC(1156) Pause Young (Allocation Failure) 426M->11M(1864M) 3.465ms
[325.008s][info][gc,cpu         ] GC(1156) User=0.52s Sys=0.00s Real=0.00s
[325.364s][info][gc,start       ] GC(1157) Pause Young (Allocation Failure)
[325.368s][info][gc,heap        ] GC(1157) PSYoungGen: 510464K(510464K)->992K(534016K) Eden: 509440K(509440K)->0K(532480K) From: 1024K(1024K)->992K(1536K)
[325.368s][info][gc,heap        ] GC(1157) ParOldGen: 11164K(1398272K)->11276K(1398272K)
[325.368s][info][gc,metaspace   ] GC(1157) Metaspace: 14301K(15040K)->14301K(15040K) NonClass: 12351K(12800K)->12351K(12800K) Class: 1950K(2240K)->1950K(2240K)
[325.368s][info][gc             ] GC(1157) Pause Young (Allocation Failure) 509M->11M(1887M) 3.880ms
[325.368s][info][gc,cpu         ] GC(1157) User=0.00s Sys=0.00s Real=0.00s
[325.684s][info][gc,start       ] GC(1158) Pause Young (Allocation Failure)
[325.688s][info][gc,heap        ] GC(1158) PSYoungGen: 533472K(534016K)->992K(612864K) Eden: 532480K(532480K)->0K(611328K) From: 992K(1536K)->992K(1536K)
[325.689s][info][gc,heap        ] GC(1158) ParOldGen: 11276K(1398272K)->11380K(1398272K)
[325.689s][info][gc,metaspace   ] GC(1158) Metaspace: 14301K(15040K)->14301K(15040K) NonClass: 12351K(12800K)->12351K(12800K) Class: 1950K(2240K)->1950K(2240K)
[325.689s][info][gc             ] GC(1158) Pause Young (Allocation Failure) 531M->12M(1964M) 4.090ms
[325.689s][info][gc,cpu         ] GC(1158) User=0.00s Sys=0.00s Real=0.00s
[325.916s][info][gc,start       ] GC(1159) Pause Young (System.gc())
[325.918s][info][gc,heap        ] GC(1159) PSYoungGen: 324326K(612864K)->448K(612864K) Eden: 323334K(611328K)->0K(611328K) From: 992K(1536K)->448K(1536K)
[325.918s][info][gc,heap        ] GC(1159) ParOldGen: 11380K(1398272K)->11476K(1398272K)
[325.918s][info][gc,metaspace   ] GC(1159) Metaspace: 14301K(15040K)->14301K(15040K) NonClass: 12351K(12800K)->12351K(12800K) Class: 1950K(2240K)->1950K(2240K)
[325.918s][info][gc             ] GC(1159) Pause Young (System.gc()) 327M->11M(1964M) 2.744ms
[325.918s][info][gc,cpu         ] GC(1159) User=0.00s Sys=0.00s Real=0.00s
[325.919s][info][gc,start       ] GC(1160) Pause Full (System.gc())
[325.919s][info][gc,phases,start] GC(1160) Marking Phase
[325.935s][info][gc,phases      ] GC(1160) Marking Phase 16.709ms
[325.935s][info][gc,phases,start] GC(1160) Summary Phase
[325.935s][info][gc,phases      ] GC(1160) Summary Phase 0.022ms
[325.935s][info][gc,phases,start] GC(1160) Adjust Roots
[325.940s][info][gc,phases      ] GC(1160) Adjust Roots 4.389ms
[325.940s][info][gc,phases,start] GC(1160) Compaction Phase
[325.942s][info][gc,phases      ] GC(1160) Compaction Phase 1.775ms
[325.942s][info][gc,phases,start] GC(1160) Post Compact
[325.942s][info][gc,phases      ] GC(1160) Post Compact 0.477ms
[325.942s][info][gc,heap        ] GC(1160) PSYoungGen: 448K(612864K)->0K(612864K) Eden: 0K(611328K)->0K(611328K) From: 448K(1536K)->0K(1536K)
[325.942s][info][gc,heap        ] GC(1160) ParOldGen: 11476K(1398272K)->5367K(1398272K)
[325.942s][info][gc,metaspace   ] GC(1160) Metaspace: 14301K(15040K)->14301K(15040K) NonClass: 12351K(12800K)->12351K(12800K) Class: 1950K(2240K)->1950K(2240K)
[325.942s][info][gc             ] GC(1160) Pause Full (System.gc()) 11M->5M(1964M) 23.602ms
[325.942s][info][gc,cpu         ] GC(1160) User=0.52s Sys=0.00s Real=0.02s
[326.457s][info][gc,start       ] GC(1161) Pause Young (Allocation Failure)
[326.461s][info][gc,heap        ] GC(1161) PSYoungGen: 611328K(612864K)->1536K(596480K) Eden: 611328K(611328K)->0K(594944K) From: 0K(1536K)->1536K(1536K)
[326.461s][info][gc,heap        ] GC(1161) ParOldGen: 5367K(1398272K)->5779K(1398272K)
[326.461s][info][gc,metaspace   ] GC(1161) Metaspace: 14302K(15040K)->14302K(15040K) NonClass: 12351K(12800K)->12351K(12800K) Class: 1950K(2240K)->1950K(2240K)
[326.461s][info][gc             ] GC(1161) Pause Young (Allocation Failure) 602M->7M(1948M) 4.118ms
[326.461s][info][gc,cpu         ] GC(1161) User=0.00s Sys=0.00s Real=0.00s
[326.903s][info][gc,start       ] GC(1162) Pause Young (Allocation Failure)
[326.906s][info][gc,heap        ] GC(1162) PSYoungGen: 596480K(596480K)->1056K(581120K) Eden: 594944K(594944K)->0K(579584K) From: 1536K(1536K)->1056K(1536K)
[326.907s][info][gc,heap        ] GC(1162) ParOldGen: 5779K(1398272K)->7122K(1398272K)
[326.907s][info][gc,metaspace   ] GC(1162) Metaspace: 14302K(15040K)->14302K(15040K) NonClass: 12351K(12800K)->12351K(12800K) Class: 1950K(2240K)->1950K(2240K)
[326.907s][info][gc             ] GC(1162) Pause Young (Allocation Failure) 588M->7M(1933M) 3.703ms
[326.907s][info][gc,cpu         ] GC(1162) User=0.00s Sys=0.00s Real=0.00s
[327.341s][info][gc,start       ] GC(1163) Pause Young (Allocation Failure)
[327.344s][info][gc,heap        ] GC(1163) PSYoungGen: 580640K(581120K)->512K(565248K) Eden: 579584K(579584K)->0K(564736K) From: 1056K(1536K)->512K(512K)
[327.344s][info][gc,heap        ] GC(1163) ParOldGen: 7122K(1398272K)->7330K(1398272K)
[327.344s][info][gc,metaspace   ] GC(1163) Metaspace: 14302K(15040K)->14302K(15040K) NonClass: 12351K(12800K)->12351K(12800K) Class: 1950K(2240K)->1950K(2240K)
[327.344s][info][gc             ] GC(1163) Pause Young (Allocation Failure) 573M->7M(1917M) 3.454ms
[327.344s][info][gc,cpu         ] GC(1163) User=0.00s Sys=0.00s Real=0.00s
[327.773s][info][gc,start       ] GC(1164) Pause Young (Allocation Failure)
[327.776s][info][gc,heap        ] GC(1164) PSYoungGen: 565248K(565248K)->1056K(551936K) Eden: 564736K(564736K)->0K(550400K) From: 512K(512K)->1056K(1536K)
[327.777s][info][gc,heap        ] GC(1164) ParOldGen: 7330K(1398272K)->7434K(1398272K)
[327.777s][info][gc,metaspace   ] GC(1164) Metaspace: 14302K(15040K)->14302K(15040K) NonClass: 12351K(12800K)->12351K(12800K) Class: 1950K(2240K)->1950K(2240K)
[327.777s][info][gc             ] GC(1164) Pause Young (Allocation Failure) 559M->8M(1904M) 3.606ms
[327.777s][info][gc,cpu         ] GC(1164) User=0.52s Sys=0.00s Real=0.00s
[328.253s][info][gc,start       ] GC(1165) Pause Young (Allocation Failure)
[328.258s][info][gc,heap        ] GC(1165) PSYoungGen: 551456K(551936K)->1024K(537600K) Eden: 550400K(550400K)->0K(536576K) From: 1056K(1536K)->1024K(1024K)
[328.258s][info][gc,heap        ] GC(1165) ParOldGen: 7434K(1398272K)->7586K(1398272K)
[328.258s][info][gc,metaspace   ] GC(1165) Metaspace: 14302K(15040K)->14302K(15040K) NonClass: 12351K(12800K)->12351K(12800K) Class: 1950K(2240K)->1950K(2240K)
[328.258s][info][gc             ] GC(1165) Pause Young (Allocation Failure) 545M->8M(1890M) 4.890ms
[328.258s][info][gc,cpu         ] GC(1165) User=0.00s Sys=0.00s Real=0.00s
[328.687s][info][gc,start       ] GC(1166) Pause Young (Allocation Failure)
[328.690s][info][gc,heap        ] GC(1166) PSYoungGen: 537600K(537600K)->1024K(524288K) Eden: 536576K(536576K)->0K(523264K) From: 1024K(1024K)->1024K(1024K)
[328.690s][info][gc,heap        ] GC(1166) ParOldGen: 7586K(1398272K)->7746K(1398272K)
[328.690s][info][gc,metaspace   ] GC(1166) Metaspace: 14302K(15040K)->14302K(15040K) NonClass: 12351K(12800K)->12351K(12800K) Class: 1950K(2240K)->1950K(2240K)
[328.690s][info][gc             ] GC(1166) Pause Young (Allocation Failure) 532M->8M(1877M) 3.353ms
[328.690s][info][gc,cpu         ] GC(1166) User=0.00s Sys=0.00s Real=0.00s
[329.102s][info][gc,start       ] GC(1167) Pause Young (Allocation Failure)
[329.105s][info][gc,heap        ] GC(1167) PSYoungGen: 524288K(524288K)->1024K(511488K) Eden: 523264K(523264K)->0K(510464K) From: 1024K(1024K)->1024K(1024K)
[329.105s][info][gc,heap        ] GC(1167) ParOldGen: 7746K(1398272K)->7914K(1398272K)
[329.105s][info][gc,metaspace   ] GC(1167) Metaspace: 14302K(15040K)->14302K(15040K) NonClass: 12351K(12800K)->12351K(12800K) Class: 1950K(2240K)->1950K(2240K)
[329.105s][info][gc             ] GC(1167) Pause Young (Allocation Failure) 519M->8M(1865M) 3.202ms
[329.105s][info][gc,cpu         ] GC(1167) User=0.00s Sys=0.00s Real=0.00s
[329.488s][info][gc,start       ] GC(1168) Pause Young (Allocation Failure)
[329.492s][info][gc,heap        ] GC(1168) PSYoungGen: 511488K(511488K)->1056K(499712K) Eden: 510464K(510464K)->0K(498176K) From: 1024K(1024K)->1056K(1536K)
[329.492s][info][gc,heap        ] GC(1168) ParOldGen: 7914K(1398272K)->8034K(1398272K)
[329.492s][info][gc,metaspace   ] GC(1168) Metaspace: 14302K(15040K)->14302K(15040K) NonClass: 12351K(12800K)->12351K(12800K) Class: 1950K(2240K)->1950K(2240K)
[329.492s][info][gc             ] GC(1168) Pause Young (Allocation Failure) 507M->8M(1853M) 3.241ms
[329.492s][info][gc,cpu         ] GC(1168) User=0.00s Sys=0.00s Real=0.00s
[329.865s][info][gc,start       ] GC(1169) Pause Young (Allocation Failure)
[329.868s][info][gc,heap        ] GC(1169) PSYoungGen: 499232K(499712K)->1024K(487424K) Eden: 498176K(498176K)->0K(486400K) From: 1056K(1536K)->1024K(1024K)
[329.868s][info][gc,heap        ] GC(1169) ParOldGen: 8034K(1398272K)->8202K(1398272K)
[329.868s][info][gc,metaspace   ] GC(1169) Metaspace: 14302K(15040K)->14302K(15040K) NonClass: 12351K(12800K)->12351K(12800K) Class: 1950K(2240K)->1950K(2240K)
[329.868s][info][gc             ] GC(1169) Pause Young (Allocation Failure) 495M->9M(1841M) 3.208ms
[329.868s][info][gc,cpu         ] GC(1169) User=0.52s Sys=0.00s Real=0.00s
[330.234s][info][gc,start       ] GC(1170) Pause Young (Allocation Failure)
[330.237s][info][gc,heap        ] GC(1170) PSYoungGen: 487424K(487424K)->1024K(476160K) Eden: 486400K(486400K)->0K(475136K) From: 1024K(1024K)->1024K(1024K)
[330.237s][info][gc,heap        ] GC(1170) ParOldGen: 8202K(1398272K)->8338K(1398272K)
[330.237s][info][gc,metaspace   ] GC(1170) Metaspace: 14302K(15040K)->14302K(15040K) NonClass: 12351K(12800K)->12351K(12800K) Class: 1950K(2240K)->1950K(2240K)
[330.237s][info][gc             ] GC(1170) Pause Young (Allocation Failure) 484M->9M(1830M) 3.358ms
[330.237s][info][gc,cpu         ] GC(1170) User=0.00s Sys=0.00s Real=0.00s
[330.591s][info][gc,start       ] GC(1171) Pause Young (Allocation Failure)
[330.595s][info][gc,heap        ] GC(1171) PSYoungGen: 476160K(476160K)->1024K(464896K) Eden: 475136K(475136K)->0K(463872K) From: 1024K(1024K)->1024K(1024K)
[330.595s][info][gc,heap        ] GC(1171) ParOldGen: 8338K(1398272K)->8450K(1398272K)
[330.595s][info][gc,metaspace   ] GC(1171) Metaspace: 14302K(15040K)->14302K(15040K) NonClass: 12351K(12800K)->12351K(12800K) Class: 1950K(2240K)->1950K(2240K)
[330.595s][info][gc             ] GC(1171) Pause Young (Allocation Failure) 473M->9M(1819M) 3.450ms
[330.595s][info][gc,cpu         ] GC(1171) User=0.00s Sys=0.00s Real=0.00s
[330.947s][info][gc,start       ] GC(1172) Pause Young (Allocation Failure)
[330.951s][info][gc,heap        ] GC(1172) PSYoungGen: 464896K(464896K)->1024K(454144K) Eden: 463872K(463872K)->0K(453120K) From: 1024K(1024K)->1024K(1024K)
[330.951s][info][gc,heap        ] GC(1172) ParOldGen: 8450K(1398272K)->8570K(1398272K)
[330.951s][info][gc,metaspace   ] GC(1172) Metaspace: 14302K(15040K)->14302K(15040K) NonClass: 12351K(12800K)->12351K(12800K) Class: 1950K(2240K)->1950K(2240K)
[330.951s][info][gc             ] GC(1172) Pause Young (Allocation Failure) 462M->9M(1809M) 3.583ms
[330.951s][info][gc,cpu         ] GC(1172) User=0.00s Sys=0.00s Real=0.00s
[331.293s][info][gc,start       ] GC(1173) Pause Young (Allocation Failure)
[331.297s][info][gc,heap        ] GC(1173) PSYoungGen: 454144K(454144K)->992K(443904K) Eden: 453120K(453120K)->0K(442880K) From: 1024K(1024K)->992K(1024K)
[331.297s][info][gc,heap        ] GC(1173) ParOldGen: 8570K(1398272K)->8722K(1398272K)
[331.297s][info][gc,metaspace   ] GC(1173) Metaspace: 14302K(15040K)->14302K(15040K) NonClass: 12351K(12800K)->12351K(12800K) Class: 1950K(2240K)->1950K(2240K)
[331.297s][info][gc             ] GC(1173) Pause Young (Allocation Failure) 451M->9M(1799M) 3.558ms
[331.297s][info][gc,cpu         ] GC(1173) User=0.00s Sys=0.00s Real=0.00s
[331.630s][info][gc,start       ] GC(1174) Pause Young (Allocation Failure)
[331.634s][info][gc,heap        ] GC(1174) PSYoungGen: 443872K(443904K)->1056K(434688K) Eden: 442880K(442880K)->0K(433152K) From: 992K(1024K)->1056K(1536K)
[331.634s][info][gc,heap        ] GC(1174) ParOldGen: 8722K(1398272K)->8818K(1398272K)
[331.634s][info][gc,metaspace   ] GC(1174) Metaspace: 14302K(15040K)->14302K(15040K) NonClass: 12351K(12800K)->12351K(12800K) Class: 1950K(2240K)->1950K(2240K)
[331.634s][info][gc             ] GC(1174) Pause Young (Allocation Failure) 441M->9M(1790M) 3.677ms
[331.634s][info][gc,cpu         ] GC(1174) User=0.52s Sys=0.00s Real=0.00s
[331.961s][info][gc,start       ] GC(1175) Pause Young (Allocation Failure)
[331.964s][info][gc,heap        ] GC(1175) PSYoungGen: 434208K(434688K)->1024K(424448K) Eden: 433152K(433152K)->0K(423424K) From: 1056K(1536K)->1024K(1024K)
[331.964s][info][gc,heap        ] GC(1175) ParOldGen: 8818K(1398272K)->8962K(1398272K)
[331.964s][info][gc,metaspace   ] GC(1175) Metaspace: 14302K(15040K)->14302K(15040K) NonClass: 12351K(12800K)->12351K(12800K) Class: 1950K(2240K)->1950K(2240K)
[331.964s][info][gc             ] GC(1175) Pause Young (Allocation Failure) 432M->9M(1780M) 3.617ms
[331.964s][info][gc,cpu         ] GC(1175) User=0.02s Sys=0.00s Real=0.00s
[332.287s][info][gc,start       ] GC(1176) Pause Young (Allocation Failure)
[332.291s][info][gc,heap        ] GC(1176) PSYoungGen: 424448K(424448K)->1024K(415232K) Eden: 423424K(423424K)->0K(414208K) From: 1024K(1024K)->1024K(1024K)
[332.291s][info][gc,heap        ] GC(1176) ParOldGen: 8962K(1398272K)->9090K(1398272K)
[332.291s][info][gc,metaspace   ] GC(1176) Metaspace: 14302K(15040K)->14302K(15040K) NonClass: 12351K(12800K)->12351K(12800K) Class: 1950K(2240K)->1950K(2240K)
[332.291s][info][gc             ] GC(1176) Pause Young (Allocation Failure) 423M->9M(1771M) 3.567ms
[332.291s][info][gc,cpu         ] GC(1176) User=0.00s Sys=0.00s Real=0.00s
[332.614s][info][gc,start       ] GC(1177) Pause Young (Allocation Failure)
[332.617s][info][gc,heap        ] GC(1177) PSYoungGen: 415232K(415232K)->1024K(406528K) Eden: 414208K(414208K)->0K(405504K) From: 1024K(1024K)->1024K(1024K)
[332.617s][info][gc,heap        ] GC(1177) ParOldGen: 9090K(1398272K)->9210K(1398272K)
[332.617s][info][gc,metaspace   ] GC(1177) Metaspace: 14302K(15040K)->14302K(15040K) NonClass: 12351K(12800K)->12351K(12800K) Class: 1950K(2240K)->1950K(2240K)
[332.617s][info][gc             ] GC(1177) Pause Young (Allocation Failure) 414M->9M(1762M) 3.333ms
[332.617s][info][gc,cpu         ] GC(1177) User=0.00s Sys=0.00s Real=0.00s
[332.942s][info][gc,start       ] GC(1178) Pause Young (Allocation Failure)
[332.945s][info][gc,heap        ] GC(1178) PSYoungGen: 406528K(406528K)->1056K(398336K) Eden: 405504K(405504K)->0K(396800K) From: 1024K(1024K)->1056K(1536K)
[332.945s][info][gc,heap        ] GC(1178) ParOldGen: 9210K(1398272K)->9298K(1398272K)
[332.945s][info][gc,metaspace   ] GC(1178) Metaspace: 14302K(15040K)->14302K(15040K) NonClass: 12351K(12800K)->12351K(12800K) Class: 1950K(2240K)->1950K(2240K)
[332.945s][info][gc             ] GC(1178) Pause Young (Allocation Failure) 405M->10M(1754M) 3.176ms
[332.945s][info][gc,cpu         ] GC(1178) User=0.00s Sys=0.00s Real=0.00s
[333.243s][info][gc,start       ] GC(1179) Pause Young (Allocation Failure)
[333.246s][info][gc,heap        ] GC(1179) PSYoungGen: 397856K(398336K)->1024K(389632K) Eden: 396800K(396800K)->0K(388608K) From: 1056K(1536K)->1024K(1024K)
[333.246s][info][gc,heap        ] GC(1179) ParOldGen: 9298K(1398272K)->9418K(1398272K)
[333.246s][info][gc,metaspace   ] GC(1179) Metaspace: 14302K(15040K)->14302K(15040K) NonClass: 12351K(12800K)->12351K(12800K) Class: 1950K(2240K)->1950K(2240K)
[333.246s][info][gc             ] GC(1179) Pause Young (Allocation Failure) 397M->10M(1746M) 3.273ms
[333.246s][info][gc,cpu         ] GC(1179) User=0.00s Sys=0.00s Real=0.00s
[333.535s][info][gc,start       ] GC(1180) Pause Young (Allocation Failure)
[333.539s][info][gc,heap        ] GC(1180) PSYoungGen: 389632K(389632K)->1056K(381952K) Eden: 388608K(388608K)->0K(380416K) From: 1024K(1024K)->1056K(1536K)
[333.539s][info][gc,heap        ] GC(1180) ParOldGen: 9418K(1398272K)->9546K(1398272K)
[333.539s][info][gc,metaspace   ] GC(1180) Metaspace: 14302K(15040K)->14302K(15040K) NonClass: 12351K(12800K)->12351K(12800K) Class: 1950K(2240K)->1950K(2240K)
[333.539s][info][gc             ] GC(1180) Pause Young (Allocation Failure) 389M->10M(1738M) 3.234ms
[333.539s][info][gc,cpu         ] GC(1180) User=0.00s Sys=0.00s Real=0.00s
[333.825s][info][gc,start       ] GC(1181) Pause Young (Allocation Failure)
[333.829s][info][gc,heap        ] GC(1181) PSYoungGen: 381472K(381952K)->1024K(457728K) Eden: 380416K(380416K)->0K(456704K) From: 1056K(1536K)->1024K(1024K)
[333.829s][info][gc,heap        ] GC(1181) ParOldGen: 9546K(1398272K)->9650K(1398272K)
[333.829s][info][gc,metaspace   ] GC(1181) Metaspace: 14302K(15040K)->14302K(15040K) NonClass: 12351K(12800K)->12351K(12800K) Class: 1950K(2240K)->1950K(2240K)
[333.829s][info][gc             ] GC(1181) Pause Young (Allocation Failure) 381M->10M(1812M) 3.276ms
[333.829s][info][gc,cpu         ] GC(1181) User=0.00s Sys=0.00s Real=0.00s
[334.170s][info][gc,start       ] GC(1182) Pause Young (Allocation Failure)
[334.174s][info][gc,heap        ] GC(1182) PSYoungGen: 457728K(457728K)->1024K(447488K) Eden: 456704K(456704K)->0K(446464K) From: 1024K(1024K)->1024K(1024K)
[334.174s][info][gc,heap        ] GC(1182) ParOldGen: 9650K(1398272K)->9762K(1398272K)
[334.174s][info][gc,metaspace   ] GC(1182) Metaspace: 14302K(15040K)->14302K(15040K) NonClass: 12351K(12800K)->12351K(12800K) Class: 1950K(2240K)->1950K(2240K)
[334.174s][info][gc             ] GC(1182) Pause Young (Allocation Failure) 456M->10M(1802M) 3.535ms
[334.174s][info][gc,cpu         ] GC(1182) User=0.00s Sys=0.00s Real=0.00s
[334.512s][info][gc,start       ] GC(1183) Pause Young (Allocation Failure)
[334.515s][info][gc,heap        ] GC(1183) PSYoungGen: 447488K(447488K)->1024K(437248K) Eden: 446464K(446464K)->0K(436224K) From: 1024K(1024K)->1024K(1024K)
[334.515s][info][gc,heap        ] GC(1183) ParOldGen: 9762K(1398272K)->9922K(1398272K)
[334.515s][info][gc,metaspace   ] GC(1183) Metaspace: 14302K(15040K)->14302K(15040K) NonClass: 12351K(12800K)->12351K(12800K) Class: 1950K(2240K)->1950K(2240K)
[334.515s][info][gc             ] GC(1183) Pause Young (Allocation Failure) 446M->10M(1792M) 3.583ms
[334.515s][info][gc,cpu         ] GC(1183) User=0.00s Sys=0.00s Real=0.00s
[334.990s][info][gc,start       ] GC(1184) Pause Young (Allocation Failure)
[334.995s][info][gc,heap        ] GC(1184) PSYoungGen: 437248K(437248K)->1056K(428032K) Eden: 436224K(436224K)->0K(426496K) From: 1024K(1024K)->1056K(1536K)
[334.995s][info][gc,heap        ] GC(1184) ParOldGen: 9922K(1398272K)->10042K(1398272K)
[334.995s][info][gc,metaspace   ] GC(1184) Metaspace: 14302K(15040K)->14302K(15040K) NonClass: 12351K(12800K)->12351K(12800K) Class: 1950K(2240K)->1950K(2240K)
[334.995s][info][gc             ] GC(1184) Pause Young (Allocation Failure) 436M->10M(1783M) 4.739ms
[334.995s][info][gc,cpu         ] GC(1184) User=0.00s Sys=0.00s Real=0.00s
[335.336s][info][gc,start       ] GC(1185) Pause Young (Allocation Failure)
[335.339s][info][gc,heap        ] GC(1185) PSYoungGen: 427552K(428032K)->992K(418304K) Eden: 426496K(426496K)->0K(417280K) From: 1056K(1536K)->992K(1024K)
[335.339s][info][gc,heap        ] GC(1185) ParOldGen: 10042K(1398272K)->10162K(1398272K)
[335.339s][info][gc,metaspace   ] GC(1185) Metaspace: 14302K(15040K)->14302K(15040K) NonClass: 12351K(12800K)->12351K(12800K) Class: 1950K(2240K)->1950K(2240K)
[335.339s][info][gc             ] GC(1185) Pause Young (Allocation Failure) 427M->10M(1774M) 3.394ms
[335.339s][info][gc,cpu         ] GC(1185) User=0.52s Sys=0.00s Real=0.00s
[335.684s][info][gc,start       ] GC(1186) Pause Young (Allocation Failure)
[335.687s][info][gc,heap        ] GC(1186) PSYoungGen: 418272K(418304K)->1024K(409088K) Eden: 417280K(417280K)->0K(408064K) From: 992K(1024K)->1024K(1024K)
[335.687s][info][gc,heap        ] GC(1186) ParOldGen: 10162K(1398272K)->10290K(1398272K)
[335.687s][info][gc,metaspace   ] GC(1186) Metaspace: 14302K(15040K)->14302K(15040K) NonClass: 12351K(12800K)->12351K(12800K) Class: 1950K(2240K)->1950K(2240K)
[335.687s][info][gc             ] GC(1186) Pause Young (Allocation Failure) 418M->11M(1765M) 3.285ms
[335.687s][info][gc,cpu         ] GC(1186) User=0.00s Sys=0.00s Real=0.00s
[335.994s][info][gc,start       ] GC(1187) Pause Young (Allocation Failure)
[335.997s][info][gc,heap        ] GC(1187) PSYoungGen: 409088K(409088K)->992K(400384K) Eden: 408064K(408064K)->0K(399360K) From: 1024K(1024K)->992K(1024K)
[335.997s][info][gc,heap        ] GC(1187) ParOldGen: 10290K(1398272K)->10426K(1398272K)
[335.997s][info][gc,metaspace   ] GC(1187) Metaspace: 14302K(15040K)->14302K(15040K) NonClass: 12351K(12800K)->12351K(12800K) Class: 1950K(2240K)->1950K(2240K)
[335.997s][info][gc             ] GC(1187) Pause Young (Allocation Failure) 409M->11M(1756M) 3.202ms
[335.997s][info][gc,cpu         ] GC(1187) User=0.00s Sys=0.00s Real=0.00s
[336.296s][info][gc,start       ] GC(1188) Pause Young (Allocation Failure)
[336.299s][info][gc,heap        ] GC(1188) PSYoungGen: 400352K(400384K)->1056K(392704K) Eden: 399360K(399360K)->0K(391168K) From: 992K(1024K)->1056K(1536K)
[336.299s][info][gc,heap        ] GC(1188) ParOldGen: 10426K(1398272K)->10506K(1398272K)
[336.299s][info][gc,metaspace   ] GC(1188) Metaspace: 14302K(15040K)->14302K(15040K) NonClass: 12351K(12800K)->12351K(12800K) Class: 1950K(2240K)->1950K(2240K)
[336.299s][info][gc             ] GC(1188) Pause Young (Allocation Failure) 401M->11M(1749M) 3.222ms
[336.299s][info][gc,cpu         ] GC(1188) User=0.00s Sys=0.00s Real=0.00s
[336.593s][info][gc,start       ] GC(1189) Pause Young (Allocation Failure)
[336.596s][info][gc,heap        ] GC(1189) PSYoungGen: 392224K(392704K)->992K(384000K) Eden: 391168K(391168K)->0K(382976K) From: 1056K(1536K)->992K(1024K)
[336.596s][info][gc,heap        ] GC(1189) ParOldGen: 10506K(1398272K)->10638K(1398272K)
[336.596s][info][gc,metaspace   ] GC(1189) Metaspace: 14302K(15040K)->14302K(15040K) NonClass: 12351K(12800K)->12351K(12800K) Class: 1950K(2240K)->1950K(2240K)
[336.596s][info][gc             ] GC(1189) Pause Young (Allocation Failure) 393M->11M(1740M) 3.193ms
[336.596s][info][gc,cpu         ] GC(1189) User=0.00s Sys=0.00s Real=0.00s
[336.882s][info][gc,start       ] GC(1190) Pause Young (Allocation Failure)
[336.886s][info][gc,heap        ] GC(1190) PSYoungGen: 383968K(384000K)->1024K(376320K) Eden: 382976K(382976K)->0K(375296K) From: 992K(1024K)->1024K(1024K)
[336.886s][info][gc,heap        ] GC(1190) ParOldGen: 10638K(1398272K)->10782K(1398272K)
[336.886s][info][gc,metaspace   ] GC(1190) Metaspace: 14302K(15040K)->14302K(15040K) NonClass: 12351K(12800K)->12351K(12800K) Class: 1950K(2240K)->1950K(2240K)
[336.886s][info][gc             ] GC(1190) Pause Young (Allocation Failure) 385M->11M(1733M) 3.371ms
[336.886s][info][gc,cpu         ] GC(1190) User=0.30s Sys=0.03s Real=0.00s
[337.167s][info][gc,start       ] GC(1191) Pause Young (Allocation Failure)
[337.170s][info][gc,heap        ] GC(1191) PSYoungGen: 376320K(376320K)->1024K(451584K) Eden: 375296K(375296K)->0K(450560K) From: 1024K(1024K)->1024K(1024K)
[337.170s][info][gc,heap        ] GC(1191) ParOldGen: 10782K(1398272K)->10894K(1398272K)
[337.170s][info][gc,metaspace   ] GC(1191) Metaspace: 14302K(15040K)->14302K(15040K) NonClass: 12351K(12800K)->12351K(12800K) Class: 1950K(2240K)->1950K(2240K)
[337.171s][info][gc             ] GC(1191) Pause Young (Allocation Failure) 378M->11M(1806M) 3.466ms
[337.171s][info][gc,cpu         ] GC(1191) User=0.00s Sys=0.00s Real=0.00s
[337.508s][info][gc,start       ] GC(1192) Pause Young (Allocation Failure)
[337.511s][info][gc,heap        ] GC(1192) PSYoungGen: 451584K(451584K)->1056K(542208K) Eden: 450560K(450560K)->0K(540672K) From: 1024K(1024K)->1056K(1536K)
[337.511s][info][gc,heap        ] GC(1192) ParOldGen: 10894K(1398272K)->10998K(1398272K)
[337.511s][info][gc,metaspace   ] GC(1192) Metaspace: 14302K(15040K)->14302K(15040K) NonClass: 12351K(12800K)->12351K(12800K) Class: 1950K(2240K)->1950K(2240K)
[337.511s][info][gc             ] GC(1192) Pause Young (Allocation Failure) 451M->11M(1895M) 3.456ms
[337.511s][info][gc,cpu         ] GC(1192) User=0.00s Sys=0.02s Real=0.00s
[337.911s][info][gc,start       ] GC(1193) Pause Young (Allocation Failure)
[337.914s][info][gc,heap        ] GC(1193) PSYoungGen: 541728K(542208K)->992K(528384K) Eden: 540672K(540672K)->0K(527360K) From: 1056K(1536K)->992K(1024K)
[337.914s][info][gc,heap        ] GC(1193) ParOldGen: 10998K(1398272K)->11150K(1398272K)
[337.914s][info][gc,metaspace   ] GC(1193) Metaspace: 14302K(15040K)->14302K(15040K) NonClass: 12351K(12800K)->12351K(12800K) Class: 1950K(2240K)->1950K(2240K)
[337.914s][info][gc             ] GC(1193) Pause Young (Allocation Failure) 539M->11M(1881M) 3.647ms
[337.914s][info][gc,cpu         ] GC(1193) User=0.52s Sys=0.00s Real=0.00s
[338.315s][info][gc,start       ] GC(1194) Pause Young (Allocation Failure)
[338.319s][info][gc,heap        ] GC(1194) PSYoungGen: 528351K(528384K)->1024K(515584K) Eden: 527359K(527360K)->0K(514560K) From: 992K(1024K)->1024K(1024K)
[338.319s][info][gc,heap        ] GC(1194) ParOldGen: 11150K(1398272K)->11246K(1398272K)
[338.319s][info][gc,metaspace   ] GC(1194) Metaspace: 14302K(15040K)->14302K(15040K) NonClass: 12351K(12800K)->12351K(12800K) Class: 1950K(2240K)->1950K(2240K)
[338.319s][info][gc             ] GC(1194) Pause Young (Allocation Failure) 526M->11M(1869M) 3.505ms
[338.319s][info][gc,cpu         ] GC(1194) User=0.00s Sys=0.00s Real=0.00s
[338.591s][info][gc,start       ] GC(1195) Pause Young (Allocation Failure)
[338.594s][info][gc,heap        ] GC(1195) PSYoungGen: 515584K(515584K)->800K(503296K) Eden: 514560K(514560K)->0K(502272K) From: 1024K(1024K)->800K(1024K)
[338.594s][info][gc,heap        ] GC(1195) ParOldGen: 11246K(1398272K)->11342K(1398272K)
[338.594s][info][gc,metaspace   ] GC(1195) Metaspace: 14302K(15040K)->14302K(15040K) NonClass: 12351K(12800K)->12351K(12800K) Class: 1950K(2240K)->1950K(2240K)
[338.594s][info][gc             ] GC(1195) Pause Young (Allocation Failure) 514M->11M(1857M) 3.320ms
[338.594s][info][gc,cpu         ] GC(1195) User=0.00s Sys=0.00s Real=0.00s
[338.894s][info][gc,start       ] GC(1196) Pause Young (System.gc())
[338.897s][info][gc,heap        ] GC(1196) PSYoungGen: 234383K(503296K)->544K(503296K) Eden: 233583K(502272K)->0K(502272K) From: 800K(1024K)->544K(1024K)
[338.897s][info][gc,heap        ] GC(1196) ParOldGen: 11342K(1398272K)->11438K(1398272K)
[338.897s][info][gc,metaspace   ] GC(1196) Metaspace: 14302K(15040K)->14302K(15040K) NonClass: 12351K(12800K)->12351K(12800K) Class: 1950K(2240K)->1950K(2240K)
[338.897s][info][gc             ] GC(1196) Pause Young (System.gc()) 239M->11M(1857M) 2.793ms
[338.897s][info][gc,cpu         ] GC(1196) User=0.00s Sys=0.00s Real=0.00s
[338.897s][info][gc,start       ] GC(1197) Pause Full (System.gc())
[338.897s][info][gc,phases,start] GC(1197) Marking Phase
[338.910s][info][gc,phases      ] GC(1197) Marking Phase 12.460ms
[338.910s][info][gc,phases,start] GC(1197) Summary Phase
[338.910s][info][gc,phases      ] GC(1197) Summary Phase 0.013ms
[338.910s][info][gc,phases,start] GC(1197) Adjust Roots
[338.917s][info][gc,phases      ] GC(1197) Adjust Roots 6.941ms
[338.917s][info][gc,phases,start] GC(1197) Compaction Phase
[338.919s][info][gc,phases      ] GC(1197) Compaction Phase 2.142ms
[338.919s][info][gc,phases,start] GC(1197) Post Compact
[338.920s][info][gc,phases      ] GC(1197) Post Compact 0.579ms
[338.920s][info][gc,heap        ] GC(1197) PSYoungGen: 544K(503296K)->0K(503296K) Eden: 0K(502272K)->0K(502272K) From: 544K(1024K)->0K(1024K)
[338.920s][info][gc,heap        ] GC(1197) ParOldGen: 11438K(1398272K)->5367K(1398272K)
[338.920s][info][gc,metaspace   ] GC(1197) Metaspace: 14302K(15040K)->14302K(15040K) NonClass: 12351K(12800K)->12351K(12800K) Class: 1950K(2240K)->1950K(2240K)
[338.920s][info][gc             ] GC(1197) Pause Full (System.gc()) 11M->5M(1857M) 22.527ms
[338.920s][info][gc,cpu         ] GC(1197) User=0.02s Sys=0.00s Real=0.02s
[339.354s][info][gc,start       ] GC(1198) Pause Young (Allocation Failure)
[339.357s][info][gc,heap        ] GC(1198) PSYoungGen: 502272K(503296K)->1536K(492032K) Eden: 502272K(502272K)->0K(490496K) From: 0K(1024K)->1536K(1536K)
[339.357s][info][gc,heap        ] GC(1198) ParOldGen: 5367K(1398272K)->5750K(1398272K)
[339.357s][info][gc,metaspace   ] GC(1198) Metaspace: 14302K(15040K)->14302K(15040K) NonClass: 12351K(12800K)->12351K(12800K) Class: 1950K(2240K)->1950K(2240K)
[339.357s][info][gc             ] GC(1198) Pause Young (Allocation Failure) 495M->7M(1846M) 3.737ms
[339.357s][info][gc,cpu         ] GC(1198) User=0.00s Sys=0.00s Real=0.00s
[339.703s][info][gc,start       ] GC(1199) Pause Young (Allocation Failure)
[339.706s][info][gc,heap        ] GC(1199) PSYoungGen: 492032K(492032K)->1024K(479744K) Eden: 490496K(490496K)->0K(478720K) From: 1536K(1536K)->1024K(1024K)
[339.706s][info][gc,heap        ] GC(1199) ParOldGen: 5750K(1398272K)->7085K(1398272K)
[339.706s][info][gc,metaspace   ] GC(1199) Metaspace: 14302K(15040K)->14302K(15040K) NonClass: 12351K(12800K)->12351K(12800K) Class: 1950K(2240K)->1950K(2240K)
[339.706s][info][gc             ] GC(1199) Pause Young (Allocation Failure) 486M->7M(1834M) 3.533ms
[339.706s][info][gc,cpu         ] GC(1199) User=0.00s Sys=0.00s Real=0.00s
[340.063s][info][gc,start       ] GC(1200) Pause Young (Allocation Failure)
[340.066s][info][gc,heap        ] GC(1200) PSYoungGen: 479744K(479744K)->1024K(468480K) Eden: 478720K(478720K)->0K(467456K) From: 1024K(1024K)->1024K(1024K)
[340.066s][info][gc,heap        ] GC(1200) ParOldGen: 7085K(1398272K)->7221K(1398272K)
[340.066s][info][gc,metaspace   ] GC(1200) Metaspace: 14302K(15040K)->14302K(15040K) NonClass: 12351K(12800K)->12351K(12800K) Class: 1950K(2240K)->1950K(2240K)
[340.066s][info][gc             ] GC(1200) Pause Young (Allocation Failure) 475M->8M(1823M) 3.444ms
[340.066s][info][gc,cpu         ] GC(1200) User=0.00s Sys=0.00s Real=0.00s
[340.417s][info][gc,start       ] GC(1201) Pause Young (Allocation Failure)
[340.421s][info][gc,heap        ] GC(1201) PSYoungGen: 468480K(468480K)->1024K(457728K) Eden: 467456K(467456K)->0K(456704K) From: 1024K(1024K)->1024K(1024K)
[340.421s][info][gc,heap        ] GC(1201) ParOldGen: 7221K(1398272K)->7357K(1398272K)
[340.421s][info][gc,metaspace   ] GC(1201) Metaspace: 14302K(15040K)->14302K(15040K) NonClass: 12351K(12800K)->12351K(12800K) Class: 1950K(2240K)->1950K(2240K)
[340.421s][info][gc             ] GC(1201) Pause Young (Allocation Failure) 464M->8M(1812M) 3.565ms
[340.421s][info][gc,cpu         ] GC(1201) User=0.00s Sys=0.00s Real=0.00s
[340.763s][info][gc,start       ] GC(1202) Pause Young (Allocation Failure)
[340.766s][info][gc,heap        ] GC(1202) PSYoungGen: 457728K(457728K)->1024K(447488K) Eden: 456704K(456704K)->0K(446464K) From: 1024K(1024K)->1024K(1024K)
[340.766s][info][gc,heap        ] GC(1202) ParOldGen: 7357K(1398272K)->7525K(1398272K)
[340.766s][info][gc,metaspace   ] GC(1202) Metaspace: 14302K(15040K)->14302K(15040K) NonClass: 12351K(12800K)->12351K(12800K) Class: 1950K(2240K)->1950K(2240K)
[340.767s][info][gc             ] GC(1202) Pause Young (Allocation Failure) 454M->8M(1802M) 3.546ms
[340.767s][info][gc,cpu         ] GC(1202) User=0.00s Sys=0.00s Real=0.00s
[341.099s][info][gc,start       ] GC(1203) Pause Young (Allocation Failure)
[341.103s][info][gc,heap        ] GC(1203) PSYoungGen: 447488K(447488K)->1056K(437760K) Eden: 446464K(446464K)->0K(436224K) From: 1024K(1024K)->1056K(1536K)
[341.103s][info][gc,heap        ] GC(1203) ParOldGen: 7525K(1398272K)->7629K(1398272K)
[341.103s][info][gc,metaspace   ] GC(1203) Metaspace: 14302K(15040K)->14302K(15040K) NonClass: 12351K(12800K)->12351K(12800K) Class: 1950K(2240K)->1950K(2240K)
[341.103s][info][gc             ] GC(1203) Pause Young (Allocation Failure) 444M->8M(1793M) 3.704ms
[341.103s][info][gc,cpu         ] GC(1203) User=0.52s Sys=0.00s Real=0.00s
[341.427s][info][gc,start       ] GC(1204) Pause Young (Allocation Failure)
[341.431s][info][gc,heap        ] GC(1204) PSYoungGen: 437280K(437760K)->1024K(427520K) Eden: 436224K(436224K)->0K(426496K) From: 1056K(1536K)->1024K(1024K)
[341.431s][info][gc,heap        ] GC(1204) ParOldGen: 7629K(1398272K)->7789K(1398272K)
[341.431s][info][gc,metaspace   ] GC(1204) Metaspace: 14302K(15040K)->14302K(15040K) NonClass: 12351K(12800K)->12351K(12800K) Class: 1950K(2240K)->1950K(2240K)
[341.431s][info][gc             ] GC(1204) Pause Young (Allocation Failure) 434M->8M(1783M) 3.588ms
[341.431s][info][gc,cpu         ] GC(1204) User=0.52s Sys=0.00s Real=0.00s
[341.783s][info][gc,start       ] GC(1205) Pause Young (Allocation Failure)
[341.787s][info][gc,heap        ] GC(1205) PSYoungGen: 427520K(427520K)->1056K(513536K) Eden: 426496K(426496K)->0K(512000K) From: 1024K(1024K)->1056K(1536K)
[341.788s][info][gc,heap        ] GC(1205) ParOldGen: 7789K(1398272K)->7909K(1398272K)
[341.788s][info][gc,metaspace   ] GC(1205) Metaspace: 14302K(15040K)->14302K(15040K) NonClass: 12351K(12800K)->12351K(12800K) Class: 1950K(2240K)->1950K(2240K)
[341.788s][info][gc             ] GC(1205) Pause Young (Allocation Failure) 425M->8M(1867M) 4.500ms
[341.788s][info][gc,cpu         ] GC(1205) User=0.00s Sys=0.00s Real=0.00s
[342.195s][info][gc,start       ] GC(1206) Pause Young (Allocation Failure)
[342.198s][info][gc,heap        ] GC(1206) PSYoungGen: 513056K(513536K)->992K(500736K) Eden: 512000K(512000K)->0K(499712K) From: 1056K(1536K)->992K(1024K)
[342.198s][info][gc,heap        ] GC(1206) ParOldGen: 7909K(1398272K)->8021K(1398272K)
[342.198s][info][gc,metaspace   ] GC(1206) Metaspace: 14302K(15040K)->14302K(15040K) NonClass: 12351K(12800K)->12351K(12800K) Class: 1950K(2240K)->1950K(2240K)
[342.198s][info][gc             ] GC(1206) Pause Young (Allocation Failure) 508M->8M(1854M) 3.373ms
[342.198s][info][gc,cpu         ] GC(1206) User=0.00s Sys=0.00s Real=0.00s
[342.574s][info][gc,start       ] GC(1207) Pause Young (Allocation Failure)
[342.577s][info][gc,heap        ] GC(1207) PSYoungGen: 500704K(500736K)->1024K(488960K) Eden: 499712K(499712K)->0K(487936K) From: 992K(1024K)->1024K(1024K)
[342.577s][info][gc,heap        ] GC(1207) ParOldGen: 8021K(1398272K)->8165K(1398272K)
[342.577s][info][gc,metaspace   ] GC(1207) Metaspace: 14302K(15040K)->14302K(15040K) NonClass: 12351K(12800K)->12351K(12800K) Class: 1950K(2240K)->1950K(2240K)
[342.577s][info][gc             ] GC(1207) Pause Young (Allocation Failure) 496M->8M(1843M) 3.476ms
[342.577s][info][gc,cpu         ] GC(1207) User=0.00s Sys=0.00s Real=0.00s
[342.964s][info][gc,start       ] GC(1208) Pause Young (Allocation Failure)
[342.967s][info][gc,heap        ] GC(1208) PSYoungGen: 488960K(488960K)->1024K(477696K) Eden: 487936K(487936K)->0K(476672K) From: 1024K(1024K)->1024K(1024K)
[342.967s][info][gc,heap        ] GC(1208) ParOldGen: 8165K(1398272K)->8293K(1398272K)
[342.967s][info][gc,metaspace   ] GC(1208) Metaspace: 14302K(15040K)->14302K(15040K) NonClass: 12351K(12800K)->12351K(12800K) Class: 1950K(2240K)->1950K(2240K)
[342.967s][info][gc             ] GC(1208) Pause Young (Allocation Failure) 485M->9M(1832M) 3.313ms
[342.967s][info][gc,cpu         ] GC(1208) User=0.00s Sys=0.00s Real=0.00s
[343.327s][info][gc,start       ] GC(1209) Pause Young (Allocation Failure)
[343.330s][info][gc,heap        ] GC(1209) PSYoungGen: 477696K(477696K)->1056K(466944K) Eden: 476672K(476672K)->0K(465408K) From: 1024K(1024K)->1056K(1536K)
[343.331s][info][gc,heap        ] GC(1209) ParOldGen: 8293K(1398272K)->8413K(1398272K)
[343.331s][info][gc,metaspace   ] GC(1209) Metaspace: 14302K(15040K)->14302K(15040K) NonClass: 12351K(12800K)->12351K(12800K) Class: 1950K(2240K)->1950K(2240K)
[343.331s][info][gc             ] GC(1209) Pause Young (Allocation Failure) 474M->9M(1821M) 3.472ms
[343.331s][info][gc,cpu         ] GC(1209) User=0.00s Sys=0.00s Real=0.00s
[343.676s][info][gc,start       ] GC(1210) Pause Young (Allocation Failure)
[343.680s][info][gc,heap        ] GC(1210) PSYoungGen: 466464K(466944K)->1024K(455680K) Eden: 465408K(465408K)->0K(454656K) From: 1056K(1536K)->1024K(1024K)
[343.680s][info][gc,heap        ] GC(1210) ParOldGen: 8413K(1398272K)->8597K(1398272K)
[343.680s][info][gc,metaspace   ] GC(1210) Metaspace: 14302K(15040K)->14302K(15040K) NonClass: 12351K(12800K)->12351K(12800K) Class: 1950K(2240K)->1950K(2240K)
[343.680s][info][gc             ] GC(1210) Pause Young (Allocation Failure) 463M->9M(1810M) 3.475ms
[343.680s][info][gc,cpu         ] GC(1210) User=0.52s Sys=0.00s Real=0.00s
[344.022s][info][gc,start       ] GC(1211) Pause Young (Allocation Failure)
[344.026s][info][gc,heap        ] GC(1211) PSYoungGen: 455680K(455680K)->1024K(445440K) Eden: 454656K(454656K)->0K(444416K) From: 1024K(1024K)->1024K(1024K)
[344.026s][info][gc,heap        ] GC(1211) ParOldGen: 8597K(1398272K)->8709K(1398272K)
[344.026s][info][gc,metaspace   ] GC(1211) Metaspace: 14302K(15040K)->14302K(15040K) NonClass: 12351K(12800K)->12351K(12800K) Class: 1950K(2240K)->1950K(2240K)
[344.026s][info][gc             ] GC(1211) Pause Young (Allocation Failure) 453M->9M(1800M) 3.520ms
[344.026s][info][gc,cpu         ] GC(1211) User=0.00s Sys=0.00s Real=0.00s
[344.360s][info][gc,start       ] GC(1212) Pause Young (Allocation Failure)
[344.364s][info][gc,heap        ] GC(1212) PSYoungGen: 445440K(445440K)->1024K(435712K) Eden: 444416K(444416K)->0K(434688K) From: 1024K(1024K)->1024K(1024K)
[344.364s][info][gc,heap        ] GC(1212) ParOldGen: 8709K(1398272K)->8869K(1398272K)
[344.364s][info][gc,metaspace   ] GC(1212) Metaspace: 14302K(15040K)->14302K(15040K) NonClass: 12351K(12800K)->12351K(12800K) Class: 1950K(2240K)->1950K(2240K)
[344.364s][info][gc             ] GC(1212) Pause Young (Allocation Failure) 443M->9M(1791M) 3.577ms
[344.364s][info][gc,cpu         ] GC(1212) User=0.00s Sys=0.00s Real=0.00s
[344.690s][info][gc,start       ] GC(1213) Pause Young (Allocation Failure)
[344.693s][info][gc,heap        ] GC(1213) PSYoungGen: 435712K(435712K)->1056K(426496K) Eden: 434688K(434688K)->0K(424960K) From: 1024K(1024K)->1056K(1536K)
[344.693s][info][gc,heap        ] GC(1213) ParOldGen: 8869K(1398272K)->8965K(1398272K)
[344.694s][info][gc,metaspace   ] GC(1213) Metaspace: 14302K(15040K)->14302K(15040K) NonClass: 12351K(12800K)->12351K(12800K) Class: 1950K(2240K)->1950K(2240K)
[344.694s][info][gc             ] GC(1213) Pause Young (Allocation Failure) 434M->9M(1782M) 3.652ms
[344.694s][info][gc,cpu         ] GC(1213) User=0.00s Sys=0.00s Real=0.00s
[345.032s][info][gc,start       ] GC(1214) Pause Young (Allocation Failure)
[345.035s][info][gc,heap        ] GC(1214) PSYoungGen: 426016K(426496K)->1024K(416768K) Eden: 424960K(424960K)->0K(415744K) From: 1056K(1536K)->1024K(1024K)
[345.035s][info][gc,heap        ] GC(1214) ParOldGen: 8965K(1398272K)->9101K(1398272K)
[345.035s][info][gc,metaspace   ] GC(1214) Metaspace: 14302K(15040K)->14302K(15040K) NonClass: 12351K(12800K)->12351K(12800K) Class: 1950K(2240K)->1950K(2240K)
[345.035s][info][gc             ] GC(1214) Pause Young (Allocation Failure) 424M->9M(1772M) 3.339ms
[345.035s][info][gc,cpu         ] GC(1214) User=0.00s Sys=0.00s Real=0.00s
[345.349s][info][gc,start       ] GC(1215) Pause Young (Allocation Failure)
[345.352s][info][gc,heap        ] GC(1215) PSYoungGen: 416768K(416768K)->1024K(408064K) Eden: 415744K(415744K)->0K(407040K) From: 1024K(1024K)->1024K(1024K)
[345.352s][info][gc,heap        ] GC(1215) ParOldGen: 9101K(1398272K)->9213K(1398272K)
[345.352s][info][gc,metaspace   ] GC(1215) Metaspace: 14302K(15040K)->14302K(15040K) NonClass: 12351K(12800K)->12351K(12800K) Class: 1950K(2240K)->1950K(2240K)
[345.352s][info][gc             ] GC(1215) Pause Young (Allocation Failure) 415M->9M(1764M) 3.399ms
[345.352s][info][gc,cpu         ] GC(1215) User=0.00s Sys=0.00s Real=0.00s
[345.668s][info][gc,start       ] GC(1216) Pause Young (Allocation Failure)
[345.672s][info][gc,heap        ] GC(1216) PSYoungGen: 408064K(408064K)->1024K(399360K) Eden: 407040K(407040K)->0K(398336K) From: 1024K(1024K)->1024K(1024K)
[345.672s][info][gc,heap        ] GC(1216) ParOldGen: 9213K(1398272K)->9317K(1398272K)
[345.672s][info][gc,metaspace   ] GC(1216) Metaspace: 14302K(15040K)->14302K(15040K) NonClass: 12351K(12800K)->12351K(12800K) Class: 1950K(2240K)->1950K(2240K)
[345.672s][info][gc             ] GC(1216) Pause Young (Allocation Failure) 407M->10M(1755M) 3.239ms
[345.672s][info][gc,cpu         ] GC(1216) User=0.00s Sys=0.00s Real=0.00s
[345.969s][info][gc,start       ] GC(1217) Pause Young (Allocation Failure)
[345.972s][info][gc,heap        ] GC(1217) PSYoungGen: 399360K(399360K)->1024K(391168K) Eden: 398336K(398336K)->0K(390144K) From: 1024K(1024K)->1024K(1024K)
[345.973s][info][gc,heap        ] GC(1217) ParOldGen: 9317K(1398272K)->9413K(1398272K)
[345.973s][info][gc,metaspace   ] GC(1217) Metaspace: 14302K(15040K)->14302K(15040K) NonClass: 12351K(12800K)->12351K(12800K) Class: 1950K(2240K)->1950K(2240K)
[345.973s][info][gc             ] GC(1217) Pause Young (Allocation Failure) 399M->10M(1747M) 3.309ms
[345.973s][info][gc,cpu         ] GC(1217) User=0.00s Sys=0.00s Real=0.00s
[346.263s][info][gc,start       ] GC(1218) Pause Young (Allocation Failure)
[346.266s][info][gc,heap        ] GC(1218) PSYoungGen: 391168K(391168K)->1024K(382976K) Eden: 390144K(390144K)->0K(381952K) From: 1024K(1024K)->1024K(1024K)
[346.267s][info][gc,heap        ] GC(1218) ParOldGen: 9413K(1398272K)->9557K(1398272K)
[346.267s][info][gc,metaspace   ] GC(1218) Metaspace: 14302K(15040K)->14302K(15040K) NonClass: 12351K(12800K)->12351K(12800K) Class: 1950K(2240K)->1950K(2240K)
[346.267s][info][gc             ] GC(1218) Pause Young (Allocation Failure) 391M->10M(1739M) 3.238ms
[346.267s][info][gc,cpu         ] GC(1218) User=0.00s Sys=0.00s Real=0.00s
[346.555s][info][gc,start       ] GC(1219) Pause Young (Allocation Failure)
[346.559s][info][gc,heap        ] GC(1219) PSYoungGen: 382976K(382976K)->1056K(460288K) Eden: 381952K(381952K)->0K(458752K) From: 1024K(1024K)->1056K(1536K)
[346.559s][info][gc,heap        ] GC(1219) ParOldGen: 9557K(1398272K)->9661K(1398272K)
[346.559s][info][gc,metaspace   ] GC(1219) Metaspace: 14302K(15040K)->14302K(15040K) NonClass: 12351K(12800K)->12351K(12800K) Class: 1950K(2240K)->1950K(2240K)
[346.559s][info][gc             ] GC(1219) Pause Young (Allocation Failure) 383M->10M(1815M) 3.411ms
[346.559s][info][gc,cpu         ] GC(1219) User=0.00s Sys=0.00s Real=0.00s
[346.902s][info][gc,start       ] GC(1220) Pause Young (Allocation Failure)
[346.906s][info][gc,heap        ] GC(1220) PSYoungGen: 459808K(460288K)->1024K(449536K) Eden: 458752K(458752K)->0K(448512K) From: 1056K(1536K)->1024K(1024K)
[346.906s][info][gc,heap        ] GC(1220) ParOldGen: 9661K(1398272K)->9765K(1398272K)
[346.906s][info][gc,metaspace   ] GC(1220) Metaspace: 14302K(15040K)->14302K(15040K) NonClass: 12351K(12800K)->12351K(12800K) Class: 1950K(2240K)->1950K(2240K)
[346.906s][info][gc             ] GC(1220) Pause Young (Allocation Failure) 458M->10M(1804M) 3.492ms
[346.906s][info][gc,cpu         ] GC(1220) User=0.00s Sys=0.00s Real=0.00s
[347.241s][info][gc,start       ] GC(1221) Pause Young (Allocation Failure)
[347.244s][info][gc,heap        ] GC(1221) PSYoungGen: 449536K(449536K)->1024K(439296K) Eden: 448512K(448512K)->0K(438272K) From: 1024K(1024K)->1024K(1024K)
[347.244s][info][gc,heap        ] GC(1221) ParOldGen: 9765K(1398272K)->9909K(1398272K)
[347.244s][info][gc,metaspace   ] GC(1221) Metaspace: 14302K(15040K)->14302K(15040K) NonClass: 12351K(12800K)->12351K(12800K) Class: 1950K(2240K)->1950K(2240K)
[347.244s][info][gc             ] GC(1221) Pause Young (Allocation Failure) 448M->10M(1794M) 3.639ms
[347.244s][info][gc,cpu         ] GC(1221) User=0.52s Sys=0.00s Real=0.00s
[347.573s][info][gc,start       ] GC(1222) Pause Young (Allocation Failure)
[347.576s][info][gc,heap        ] GC(1222) PSYoungGen: 439296K(439296K)->1024K(527360K) Eden: 438272K(438272K)->0K(526336K) From: 1024K(1024K)->1024K(1024K)
[347.576s][info][gc,heap        ] GC(1222) ParOldGen: 9909K(1398272K)->10045K(1398272K)
[347.576s][info][gc,metaspace   ] GC(1222) Metaspace: 14302K(15040K)->14302K(15040K) NonClass: 12351K(12800K)->12351K(12800K) Class: 1950K(2240K)->1950K(2240K)
[347.576s][info][gc             ] GC(1222) Pause Young (Allocation Failure) 438M->10M(1880M) 3.586ms
[347.576s][info][gc,cpu         ] GC(1222) User=0.00s Sys=0.00s Real=0.00s
[347.987s][info][gc,start       ] GC(1223) Pause Young (Allocation Failure)
[347.990s][info][gc,heap        ] GC(1223) PSYoungGen: 527360K(527360K)->1056K(515072K) Eden: 526336K(526336K)->0K(513536K) From: 1024K(1024K)->1056K(1536K)
[347.990s][info][gc,heap        ] GC(1223) ParOldGen: 10045K(1398272K)->10165K(1398272K)
[347.990s][info][gc,metaspace   ] GC(1223) Metaspace: 14302K(15040K)->14302K(15040K) NonClass: 12351K(12800K)->12351K(12800K) Class: 1950K(2240K)->1950K(2240K)
[347.990s][info][gc             ] GC(1223) Pause Young (Allocation Failure) 524M->10M(1868M) 3.367ms
[347.990s][info][gc,cpu         ] GC(1223) User=0.00s Sys=0.00s Real=0.00s
[348.395s][info][gc,start       ] GC(1224) Pause Young (Allocation Failure)
[348.398s][info][gc,heap        ] GC(1224) PSYoungGen: 514592K(515072K)->1024K(502272K) Eden: 513536K(513536K)->0K(501248K) From: 1056K(1536K)->1024K(1024K)
[348.398s][info][gc,heap        ] GC(1224) ParOldGen: 10165K(1398272K)->10325K(1398272K)
[348.398s][info][gc,metaspace   ] GC(1224) Metaspace: 14302K(15040K)->14302K(15040K) NonClass: 12351K(12800K)->12351K(12800K) Class: 1950K(2240K)->1950K(2240K)
[348.398s][info][gc             ] GC(1224) Pause Young (Allocation Failure) 512M->11M(1856M) 3.170ms
[348.398s][info][gc,cpu         ] GC(1224) User=0.00s Sys=0.00s Real=0.00s
[348.769s][info][gc,start       ] GC(1225) Pause Young (Allocation Failure)
[348.772s][info][gc,heap        ] GC(1225) PSYoungGen: 502272K(502272K)->1024K(490496K) Eden: 501248K(501248K)->0K(489472K) From: 1024K(1024K)->1024K(1024K)
[348.772s][info][gc,heap        ] GC(1225) ParOldGen: 10325K(1398272K)->10453K(1398272K)
[348.772s][info][gc,metaspace   ] GC(1225) Metaspace: 14302K(15040K)->14302K(15040K) NonClass: 12351K(12800K)->12351K(12800K) Class: 1950K(2240K)->1950K(2240K)
[348.772s][info][gc             ] GC(1225) Pause Young (Allocation Failure) 500M->11M(1844M) 3.298ms
[348.772s][info][gc,cpu         ] GC(1225) User=0.00s Sys=0.00s Real=0.00s
[349.139s][info][gc,start       ] GC(1226) Pause Young (Allocation Failure)
[349.142s][info][gc,heap        ] GC(1226) PSYoungGen: 490496K(490496K)->1024K(478720K) Eden: 489472K(489472K)->0K(477696K) From: 1024K(1024K)->1024K(1024K)
[349.142s][info][gc,heap        ] GC(1226) ParOldGen: 10453K(1398272K)->10593K(1398272K)
[349.142s][info][gc,metaspace   ] GC(1226) Metaspace: 14302K(15040K)->14302K(15040K) NonClass: 12351K(12800K)->12351K(12800K) Class: 1950K(2240K)->1950K(2240K)
[349.142s][info][gc             ] GC(1226) Pause Young (Allocation Failure) 489M->11M(1833M) 3.318ms
[349.142s][info][gc,cpu         ] GC(1226) User=0.00s Sys=0.00s Real=0.00s
[349.497s][info][gc,start       ] GC(1227) Pause Young (Allocation Failure)
[349.501s][info][gc,heap        ] GC(1227) PSYoungGen: 478720K(478720K)->1056K(467968K) Eden: 477696K(477696K)->0K(466432K) From: 1024K(1024K)->1056K(1536K)
[349.501s][info][gc,heap        ] GC(1227) ParOldGen: 10593K(1398272K)->10705K(1398272K)
[349.501s][info][gc,metaspace   ] GC(1227) Metaspace: 14302K(15040K)->14302K(15040K) NonClass: 12351K(12800K)->12351K(12800K) Class: 1950K(2240K)->1950K(2240K)
[349.501s][info][gc             ] GC(1227) Pause Young (Allocation Failure) 477M->11M(1822M) 3.429ms
[349.501s][info][gc,cpu         ] GC(1227) User=0.00s Sys=0.00s Real=0.00s
[349.855s][info][gc,start       ] GC(1228) Pause Young (Allocation Failure)
[349.858s][info][gc,heap        ] GC(1228) PSYoungGen: 467488K(467968K)->1024K(456704K) Eden: 466432K(466432K)->0K(455680K) From: 1056K(1536K)->1024K(1024K)
[349.858s][info][gc,heap        ] GC(1228) ParOldGen: 10705K(1398272K)->10809K(1398272K)
[349.858s][info][gc,metaspace   ] GC(1228) Metaspace: 14302K(15040K)->14302K(15040K) NonClass: 12351K(12800K)->12351K(12800K) Class: 1950K(2240K)->1950K(2240K)
[349.858s][info][gc             ] GC(1228) Pause Young (Allocation Failure) 466M->11M(1811M) 3.464ms
[349.858s][info][gc,cpu         ] GC(1228) User=0.00s Sys=0.00s Real=0.00s
[350.196s][info][gc,start       ] GC(1229) Pause Young (Allocation Failure)
[350.200s][info][gc,heap        ] GC(1229) PSYoungGen: 456704K(456704K)->992K(446464K) Eden: 455680K(455680K)->0K(445440K) From: 1024K(1024K)->992K(1024K)
[350.200s][info][gc,heap        ] GC(1229) ParOldGen: 10809K(1398272K)->10953K(1398272K)
[350.200s][info][gc,metaspace   ] GC(1229) Metaspace: 14302K(15040K)->14302K(15040K) NonClass: 12351K(12800K)->12351K(12800K) Class: 1950K(2240K)->1950K(2240K)
[350.200s][info][gc             ] GC(1229) Pause Young (Allocation Failure) 456M->11M(1801M) 3.542ms
[350.200s][info][gc,cpu         ] GC(1229) User=0.00s Sys=0.00s Real=0.00s
[350.519s][info][gc,start       ] GC(1230) Pause Young (Allocation Failure)
[350.522s][info][gc,heap        ] GC(1230) PSYoungGen: 446432K(446464K)->1024K(436736K) Eden: 445440K(445440K)->0K(435712K) From: 992K(1024K)->1024K(1024K)
[350.522s][info][gc,heap        ] GC(1230) ParOldGen: 10953K(1398272K)->11105K(1398272K)
[350.522s][info][gc,metaspace   ] GC(1230) Metaspace: 14302K(15040K)->14302K(15040K) NonClass: 12351K(12800K)->12351K(12800K) Class: 1950K(2240K)->1950K(2240K)
[350.522s][info][gc             ] GC(1230) Pause Young (Allocation Failure) 446M->11M(1792M) 3.575ms
[350.522s][info][gc,cpu         ] GC(1230) User=0.00s Sys=0.00s Real=0.00s
[350.830s][info][gc,start       ] GC(1231) Pause Young (Allocation Failure)
[350.833s][info][gc,heap        ] GC(1231) PSYoungGen: 436736K(436736K)->1024K(427008K) Eden: 435712K(435712K)->0K(425984K) From: 1024K(1024K)->1024K(1024K)
[350.833s][info][gc,heap        ] GC(1231) ParOldGen: 11105K(1398272K)->11257K(1398272K)
[350.833s][info][gc,metaspace   ] GC(1231) Metaspace: 14302K(15040K)->14302K(15040K) NonClass: 12351K(12800K)->12351K(12800K) Class: 1950K(2240K)->1950K(2240K)
[350.833s][info][gc             ] GC(1231) Pause Young (Allocation Failure) 437M->11M(1782M) 3.701ms
[350.833s][info][gc,cpu         ] GC(1231) User=0.00s Sys=0.00s Real=0.00s
[351.122s][info][gc,start       ] GC(1232) Pause Young (Allocation Failure)
[351.125s][info][gc,heap        ] GC(1232) PSYoungGen: 427008K(427008K)->992K(512512K) Eden: 425984K(425984K)->0K(511488K) From: 1024K(1024K)->992K(1024K)
[351.125s][info][gc,heap        ] GC(1232) ParOldGen: 11257K(1398272K)->11345K(1398272K)
[351.125s][info][gc,metaspace   ] GC(1232) Metaspace: 14302K(15040K)->14302K(15040K) NonClass: 12351K(12800K)->12351K(12800K) Class: 1950K(2240K)->1950K(2240K)
[351.126s][info][gc             ] GC(1232) Pause Young (Allocation Failure) 427M->12M(1866M) 3.956ms
[351.126s][info][gc,cpu         ] GC(1232) User=0.00s Sys=0.00s Real=0.00s
[351.366s][info][gc,start       ] GC(1233) Pause Young (Allocation Failure)
[351.370s][info][gc,heap        ] GC(1233) PSYoungGen: 512480K(512512K)->704K(612864K) Eden: 511488K(511488K)->0K(611328K) From: 992K(1024K)->704K(1536K)
[351.370s][info][gc,heap        ] GC(1233) ParOldGen: 11345K(1398272K)->11417K(1398272K)
[351.370s][info][gc,metaspace   ] GC(1233) Metaspace: 14302K(15040K)->14302K(15040K) NonClass: 12351K(12800K)->12351K(12800K) Class: 1950K(2240K)->1950K(2240K)
[351.370s][info][gc             ] GC(1233) Pause Young (Allocation Failure) 511M->11M(1964M) 3.921ms
[351.370s][info][gc,cpu         ] GC(1233) User=0.52s Sys=0.00s Real=0.00s
[351.514s][info][gc,start       ] GC(1234) Pause Young (System.gc())
[351.517s][info][gc,heap        ] GC(1234) PSYoungGen: 122605K(612864K)->448K(615424K) Eden: 121901K(611328K)->0K(613888K) From: 704K(1536K)->448K(1536K)
[351.517s][info][gc,heap        ] GC(1234) ParOldGen: 11417K(1398272K)->11529K(1398272K)
[351.517s][info][gc,metaspace   ] GC(1234) Metaspace: 14302K(15040K)->14302K(15040K) NonClass: 12352K(12800K)->12352K(12800K) Class: 1950K(2240K)->1950K(2240K)
[351.517s][info][gc             ] GC(1234) Pause Young (System.gc()) 130M->11M(1966M) 2.664ms
[351.517s][info][gc,cpu         ] GC(1234) User=0.00s Sys=0.00s Real=0.00s
[351.517s][info][gc,start       ] GC(1235) Pause Full (System.gc())
[351.517s][info][gc,phases,start] GC(1235) Marking Phase
[351.530s][info][gc,phases      ] GC(1235) Marking Phase 12.693ms
[351.530s][info][gc,phases,start] GC(1235) Summary Phase
[351.530s][info][gc,phases      ] GC(1235) Summary Phase 0.012ms
[351.530s][info][gc,phases,start] GC(1235) Adjust Roots
[351.536s][info][gc,phases      ] GC(1235) Adjust Roots 6.562ms
[351.536s][info][gc,phases,start] GC(1235) Compaction Phase
[351.538s][info][gc,phases      ] GC(1235) Compaction Phase 1.890ms
[351.538s][info][gc,phases,start] GC(1235) Post Compact
[351.539s][info][gc,phases      ] GC(1235) Post Compact 0.483ms
[351.539s][info][gc,heap        ] GC(1235) PSYoungGen: 448K(615424K)->0K(615424K) Eden: 0K(613888K)->0K(613888K) From: 448K(1536K)->0K(1536K)
[351.539s][info][gc,heap        ] GC(1235) ParOldGen: 11529K(1398272K)->5367K(1398272K)
[351.539s][info][gc,metaspace   ] GC(1235) Metaspace: 14302K(15040K)->14302K(15040K) NonClass: 12352K(12800K)->12352K(12800K) Class: 1950K(2240K)->1950K(2240K)
[351.539s][info][gc             ] GC(1235) Pause Full (System.gc()) 11M->5M(1966M) 21.831ms
[351.539s][info][gc,cpu         ] GC(1235) User=0.02s Sys=0.00s Real=0.02s
[352.073s][info][gc,start       ] GC(1236) Pause Young (Allocation Failure)
[352.077s][info][gc,heap        ] GC(1236) PSYoungGen: 613888K(615424K)->1536K(615424K) Eden: 613888K(613888K)->0K(613888K) From: 0K(1536K)->1536K(1536K)
[352.078s][info][gc,heap        ] GC(1236) ParOldGen: 5367K(1398272K)->5758K(1398272K)
[352.078s][info][gc,metaspace   ] GC(1236) Metaspace: 14306K(15040K)->14306K(15040K) NonClass: 12356K(12800K)->12356K(12800K) Class: 1950K(2240K)->1950K(2240K)
[352.078s][info][gc             ] GC(1236) Pause Young (Allocation Failure) 604M->7M(1966M) 4.316ms
[352.078s][info][gc,cpu         ] GC(1236) User=0.00s Sys=0.00s Real=0.00s
[352.541s][info][gc,start       ] GC(1237) Pause Young (Allocation Failure)
[352.544s][info][gc,heap        ] GC(1237) PSYoungGen: 615424K(615424K)->1056K(599040K) Eden: 613888K(613888K)->0K(597504K) From: 1536K(1536K)->1056K(1536K)
[352.544s][info][gc,heap        ] GC(1237) ParOldGen: 5758K(1398272K)->7132K(1398272K)
[352.544s][info][gc,metaspace   ] GC(1237) Metaspace: 14306K(15040K)->14306K(15040K) NonClass: 12356K(12800K)->12356K(12800K) Class: 1950K(2240K)->1950K(2240K)
[352.545s][info][gc             ] GC(1237) Pause Young (Allocation Failure) 606M->7M(1950M) 3.616ms
[352.545s][info][gc,cpu         ] GC(1237) User=0.00s Sys=0.00s Real=0.00s
[352.997s][info][gc,start       ] GC(1238) Pause Young (Allocation Failure)
[353.000s][info][gc,heap        ] GC(1238) PSYoungGen: 598560K(599040K)->1056K(583168K) Eden: 597504K(597504K)->0K(581632K) From: 1056K(1536K)->1056K(1536K)
[353.000s][info][gc,heap        ] GC(1238) ParOldGen: 7132K(1398272K)->7252K(1398272K)
[353.000s][info][gc,metaspace   ] GC(1238) Metaspace: 14306K(15040K)->14306K(15040K) NonClass: 12356K(12800K)->12356K(12800K) Class: 1950K(2240K)->1950K(2240K)
[353.000s][info][gc             ] GC(1238) Pause Young (Allocation Failure) 591M->8M(1935M) 3.663ms
[353.000s][info][gc,cpu         ] GC(1238) User=0.00s Sys=0.00s Real=0.00s
[353.439s][info][gc,start       ] GC(1239) Pause Young (Allocation Failure)
[353.443s][info][gc,heap        ] GC(1239) PSYoungGen: 582688K(583168K)->512K(567296K) Eden: 581632K(581632K)->0K(566784K) From: 1056K(1536K)->512K(512K)
[353.443s][info][gc,heap        ] GC(1239) ParOldGen: 7252K(1398272K)->7500K(1398272K)
[353.443s][info][gc,metaspace   ] GC(1239) Metaspace: 14306K(15040K)->14306K(15040K) NonClass: 12356K(12800K)->12356K(12800K) Class: 1950K(2240K)->1950K(2240K)
[353.443s][info][gc             ] GC(1239) Pause Young (Allocation Failure) 576M->7M(1919M) 3.811ms
[353.443s][info][gc,cpu         ] GC(1239) User=0.00s Sys=0.00s Real=0.00s
[353.873s][info][gc,start       ] GC(1240) Pause Young (Allocation Failure)
[353.876s][info][gc,heap        ] GC(1240) PSYoungGen: 567296K(567296K)->1056K(553984K) Eden: 566784K(566784K)->0K(552448K) From: 512K(512K)->1056K(1536K)
[353.876s][info][gc,heap        ] GC(1240) ParOldGen: 7500K(1398272K)->7564K(1398272K)
[353.876s][info][gc,metaspace   ] GC(1240) Metaspace: 14306K(15040K)->14306K(15040K) NonClass: 12356K(12800K)->12356K(12800K) Class: 1950K(2240K)->1950K(2240K)
[353.876s][info][gc             ] GC(1240) Pause Young (Allocation Failure) 561M->8M(1906M) 3.722ms
[353.876s][info][gc,cpu         ] GC(1240) User=0.00s Sys=0.00s Real=0.01s
[354.301s][info][gc,start       ] GC(1241) Pause Young (Allocation Failure)
[354.305s][info][gc,heap        ] GC(1241) PSYoungGen: 553504K(553984K)->1024K(539648K) Eden: 552448K(552448K)->0K(538624K) From: 1056K(1536K)->1024K(1024K)
[354.305s][info][gc,heap        ] GC(1241) ParOldGen: 7564K(1398272K)->7708K(1398272K)
[354.305s][info][gc,metaspace   ] GC(1241) Metaspace: 14306K(15040K)->14306K(15040K) NonClass: 12356K(12800K)->12356K(12800K) Class: 1950K(2240K)->1950K(2240K)
[354.305s][info][gc             ] GC(1241) Pause Young (Allocation Failure) 547M->8M(1892M) 3.646ms
[354.305s][info][gc,cpu         ] GC(1241) User=0.00s Sys=0.00s Real=0.00s
[354.720s][info][gc,start       ] GC(1242) Pause Young (Allocation Failure)
[354.723s][info][gc,heap        ] GC(1242) PSYoungGen: 539648K(539648K)->1024K(526336K) Eden: 538624K(538624K)->0K(525312K) From: 1024K(1024K)->1024K(1024K)
[354.723s][info][gc,heap        ] GC(1242) ParOldGen: 7708K(1398272K)->7852K(1398272K)
[354.723s][info][gc,metaspace   ] GC(1242) Metaspace: 14306K(15040K)->14306K(15040K) NonClass: 12356K(12800K)->12356K(12800K) Class: 1950K(2240K)->1950K(2240K)
[354.723s][info][gc             ] GC(1242) Pause Young (Allocation Failure) 534M->8M(1879M) 3.466ms
[354.723s][info][gc,cpu         ] GC(1242) User=0.00s Sys=0.00s Real=0.00s
[355.140s][info][gc,start       ] GC(1243) Pause Young (Allocation Failure)
[355.143s][info][gc,heap        ] GC(1243) PSYoungGen: 526336K(526336K)->1024K(513536K) Eden: 525312K(525312K)->0K(512512K) From: 1024K(1024K)->1024K(1024K)
[355.143s][info][gc,heap        ] GC(1243) ParOldGen: 7852K(1398272K)->7988K(1398272K)
[355.143s][info][gc,metaspace   ] GC(1243) Metaspace: 14306K(15040K)->14306K(15040K) NonClass: 12356K(12800K)->12356K(12800K) Class: 1950K(2240K)->1950K(2240K)
[355.143s][info][gc             ] GC(1243) Pause Young (Allocation Failure) 521M->8M(1867M) 3.384ms
[355.143s][info][gc,cpu         ] GC(1243) User=0.00s Sys=0.00s Real=0.00s
[355.531s][info][gc,start       ] GC(1244) Pause Young (Allocation Failure)
[355.534s][info][gc,heap        ] GC(1244) PSYoungGen: 513536K(513536K)->1056K(501760K) Eden: 512512K(512512K)->0K(500224K) From: 1024K(1024K)->1056K(1536K)
[355.534s][info][gc,heap        ] GC(1244) ParOldGen: 7988K(1398272K)->8116K(1398272K)
[355.534s][info][gc,metaspace   ] GC(1244) Metaspace: 14306K(15040K)->14306K(15040K) NonClass: 12356K(12800K)->12356K(12800K) Class: 1950K(2240K)->1950K(2240K)
[355.534s][info][gc             ] GC(1244) Pause Young (Allocation Failure) 509M->8M(1855M) 3.416ms
[355.534s][info][gc,cpu         ] GC(1244) User=0.00s Sys=0.00s Real=0.00s
[355.909s][info][gc,start       ] GC(1245) Pause Young (Allocation Failure)
[355.913s][info][gc,heap        ] GC(1245) PSYoungGen: 501280K(501760K)->1024K(489472K) Eden: 500224K(500224K)->0K(488448K) From: 1056K(1536K)->1024K(1024K)
[355.913s][info][gc,heap        ] GC(1245) ParOldGen: 8116K(1398272K)->8268K(1398272K)
[355.913s][info][gc,metaspace   ] GC(1245) Metaspace: 14306K(15040K)->14306K(15040K) NonClass: 12356K(12800K)->12356K(12800K) Class: 1950K(2240K)->1950K(2240K)
[355.913s][info][gc             ] GC(1245) Pause Young (Allocation Failure) 497M->9M(1843M) 3.529ms
[355.913s][info][gc,cpu         ] GC(1245) User=0.00s Sys=0.00s Real=0.00s
[356.282s][info][gc,start       ] GC(1246) Pause Young (Allocation Failure)
[356.285s][info][gc,heap        ] GC(1246) PSYoungGen: 489472K(489472K)->1024K(478208K) Eden: 488448K(488448K)->0K(477184K) From: 1024K(1024K)->1024K(1024K)
[356.285s][info][gc,heap        ] GC(1246) ParOldGen: 8268K(1398272K)->8404K(1398272K)
[356.285s][info][gc,metaspace   ] GC(1246) Metaspace: 14306K(15040K)->14306K(15040K) NonClass: 12356K(12800K)->12356K(12800K) Class: 1950K(2240K)->1950K(2240K)
[356.285s][info][gc             ] GC(1246) Pause Young (Allocation Failure) 486M->9M(1832M) 3.564ms
[356.285s][info][gc,cpu         ] GC(1246) User=0.00s Sys=0.00s Real=0.00s
[356.646s][info][gc,start       ] GC(1247) Pause Young (Allocation Failure)
[356.650s][info][gc,heap        ] GC(1247) PSYoungGen: 478208K(478208K)->1024K(466944K) Eden: 477184K(477184K)->0K(465920K) From: 1024K(1024K)->1024K(1024K)
[356.650s][info][gc,heap        ] GC(1247) ParOldGen: 8404K(1398272K)->8524K(1398272K)
[356.650s][info][gc,metaspace   ] GC(1247) Metaspace: 14306K(15040K)->14306K(15040K) NonClass: 12356K(12800K)->12356K(12800K) Class: 1950K(2240K)->1950K(2240K)
[356.650s][info][gc             ] GC(1247) Pause Young (Allocation Failure) 475M->9M(1821M) 3.646ms
[356.650s][info][gc,cpu         ] GC(1247) User=0.52s Sys=0.00s Real=0.00s
[357.004s][info][gc,start       ] GC(1248) Pause Young (Allocation Failure)
[357.008s][info][gc,heap        ] GC(1248) PSYoungGen: 466944K(466944K)->1024K(456192K) Eden: 465920K(465920K)->0K(455168K) From: 1024K(1024K)->1024K(1024K)
[357.008s][info][gc,heap        ] GC(1248) ParOldGen: 8524K(1398272K)->8628K(1398272K)
[357.008s][info][gc,metaspace   ] GC(1248) Metaspace: 14306K(15040K)->14306K(15040K) NonClass: 12356K(12800K)->12356K(12800K) Class: 1950K(2240K)->1950K(2240K)
[357.008s][info][gc             ] GC(1248) Pause Young (Allocation Failure) 464M->9M(1811M) 3.635ms
[357.008s][info][gc,cpu         ] GC(1248) User=0.00s Sys=0.00s Real=0.00s
[357.366s][info][gc,start       ] GC(1249) Pause Young (Allocation Failure)
[357.370s][info][gc,heap        ] GC(1249) PSYoungGen: 456192K(456192K)->1024K(445952K) Eden: 455168K(455168K)->0K(444928K) From: 1024K(1024K)->1024K(1024K)
[357.370s][info][gc,heap        ] GC(1249) ParOldGen: 8628K(1398272K)->8772K(1398272K)
[357.370s][info][gc,metaspace   ] GC(1249) Metaspace: 14306K(15040K)->14306K(15040K) NonClass: 12356K(12800K)->12356K(12800K) Class: 1950K(2240K)->1950K(2240K)
[357.370s][info][gc             ] GC(1249) Pause Young (Allocation Failure) 453M->9M(1801M) 3.420ms
[357.370s][info][gc,cpu         ] GC(1249) User=0.52s Sys=0.00s Real=0.00s
[357.730s][info][gc,start       ] GC(1250) Pause Young (Allocation Failure)
[357.733s][info][gc,heap        ] GC(1250) PSYoungGen: 445952K(445952K)->1056K(436736K) Eden: 444928K(444928K)->0K(435200K) From: 1024K(1024K)->1056K(1536K)
[357.733s][info][gc,heap        ] GC(1250) ParOldGen: 8772K(1398272K)->8892K(1398272K)
[357.733s][info][gc,metaspace   ] GC(1250) Metaspace: 14306K(15040K)->14306K(15040K) NonClass: 12356K(12800K)->12356K(12800K) Class: 1950K(2240K)->1950K(2240K)
[357.733s][info][gc             ] GC(1250) Pause Young (Allocation Failure) 444M->9M(1792M) 3.144ms
[357.733s][info][gc,cpu         ] GC(1250) User=0.00s Sys=0.00s Real=0.00s
[358.058s][info][gc,start       ] GC(1251) Pause Young (Allocation Failure)
[358.061s][info][gc,heap        ] GC(1251) PSYoungGen: 436256K(436736K)->1024K(426496K) Eden: 435200K(435200K)->0K(425472K) From: 1056K(1536K)->1024K(1024K)
[358.061s][info][gc,heap        ] GC(1251) ParOldGen: 8892K(1398272K)->9020K(1398272K)
[358.061s][info][gc,metaspace   ] GC(1251) Metaspace: 14306K(15040K)->14306K(15040K) NonClass: 12356K(12800K)->12356K(12800K) Class: 1950K(2240K)->1950K(2240K)
[358.061s][info][gc             ] GC(1251) Pause Young (Allocation Failure) 434M->9M(1782M) 3.198ms
[358.061s][info][gc,cpu         ] GC(1251) User=0.00s Sys=0.00s Real=0.00s
[358.381s][info][gc,start       ] GC(1252) Pause Young (Allocation Failure)
[358.384s][info][gc,heap        ] GC(1252) PSYoungGen: 426496K(426496K)->1024K(417280K) Eden: 425472K(425472K)->0K(416256K) From: 1024K(1024K)->1024K(1024K)
[358.384s][info][gc,heap        ] GC(1252) ParOldGen: 9020K(1398272K)->9164K(1398272K)
[358.384s][info][gc,metaspace   ] GC(1252) Metaspace: 14306K(15040K)->14306K(15040K) NonClass: 12356K(12800K)->12356K(12800K) Class: 1950K(2240K)->1950K(2240K)
[358.384s][info][gc             ] GC(1252) Pause Young (Allocation Failure) 425M->9M(1773M) 3.302ms
[358.384s][info][gc,cpu         ] GC(1252) User=0.52s Sys=0.00s Real=0.00s
[358.696s][info][gc,start       ] GC(1253) Pause Young (Allocation Failure)
[358.700s][info][gc,heap        ] GC(1253) PSYoungGen: 417280K(417280K)->1024K(408576K) Eden: 416256K(416256K)->0K(407552K) From: 1024K(1024K)->1024K(1024K)
[358.700s][info][gc,heap        ] GC(1253) ParOldGen: 9164K(1398272K)->9316K(1398272K)
[358.700s][info][gc,metaspace   ] GC(1253) Metaspace: 14306K(15040K)->14306K(15040K) NonClass: 12356K(12800K)->12356K(12800K) Class: 1950K(2240K)->1950K(2240K)
[358.700s][info][gc             ] GC(1253) Pause Young (Allocation Failure) 416M->10M(1764M) 3.297ms
[358.700s][info][gc,cpu         ] GC(1253) User=0.00s Sys=0.00s Real=0.00s
[359.006s][info][gc,start       ] GC(1254) Pause Young (Allocation Failure)
[359.009s][info][gc,heap        ] GC(1254) PSYoungGen: 408576K(408576K)->1056K(400384K) Eden: 407552K(407552K)->0K(398848K) From: 1024K(1024K)->1056K(1536K)
[359.009s][info][gc,heap        ] GC(1254) ParOldGen: 9316K(1398272K)->9436K(1398272K)
[359.009s][info][gc,metaspace   ] GC(1254) Metaspace: 14306K(15040K)->14306K(15040K) NonClass: 12356K(12800K)->12356K(12800K) Class: 1950K(2240K)->1950K(2240K)
[359.009s][info][gc             ] GC(1254) Pause Young (Allocation Failure) 408M->10M(1756M) 3.376ms
[359.009s][info][gc,cpu         ] GC(1254) User=0.52s Sys=0.00s Real=0.00s
[359.309s][info][gc,start       ] GC(1255) Pause Young (Allocation Failure)
[359.312s][info][gc,heap        ] GC(1255) PSYoungGen: 399904K(400384K)->1024K(391680K) Eden: 398848K(398848K)->0K(390656K) From: 1056K(1536K)->1024K(1024K)
[359.312s][info][gc,heap        ] GC(1255) ParOldGen: 9436K(1398272K)->9548K(1398272K)
[359.312s][info][gc,metaspace   ] GC(1255) Metaspace: 14306K(15040K)->14306K(15040K) NonClass: 12356K(12800K)->12356K(12800K) Class: 1950K(2240K)->1950K(2240K)
[359.312s][info][gc             ] GC(1255) Pause Young (Allocation Failure) 399M->10M(1748M) 3.404ms
[359.312s][info][gc,cpu         ] GC(1255) User=0.00s Sys=0.00s Real=0.00s
[359.611s][info][gc,start       ] GC(1256) Pause Young (Allocation Failure)
[359.614s][info][gc,heap        ] GC(1256) PSYoungGen: 391680K(391680K)->1024K(470016K) Eden: 390656K(390656K)->0K(468992K) From: 1024K(1024K)->1024K(1024K)
[359.614s][info][gc,heap        ] GC(1256) ParOldGen: 9548K(1398272K)->9652K(1398272K)
[359.614s][info][gc,metaspace   ] GC(1256) Metaspace: 14306K(15040K)->14306K(15040K) NonClass: 12356K(12800K)->12356K(12800K) Class: 1950K(2240K)->1950K(2240K)
[359.614s][info][gc             ] GC(1256) Pause Young (Allocation Failure) 391M->10M(1824M) 3.473ms
[359.614s][info][gc,cpu         ] GC(1256) User=0.00s Sys=0.00s Real=0.00s
[359.968s][info][gc,start       ] GC(1257) Pause Young (Allocation Failure)
[359.971s][info][gc,heap        ] GC(1257) PSYoungGen: 470016K(470016K)->1024K(459264K) Eden: 468992K(468992K)->0K(458240K) From: 1024K(1024K)->1024K(1024K)
[359.971s][info][gc,heap        ] GC(1257) ParOldGen: 9652K(1398272K)->9780K(1398272K)
[359.971s][info][gc,metaspace   ] GC(1257) Metaspace: 14306K(15040K)->14306K(15040K) NonClass: 12356K(12800K)->12356K(12800K) Class: 1950K(2240K)->1950K(2240K)
[359.971s][info][gc             ] GC(1257) Pause Young (Allocation Failure) 468M->10M(1814M) 3.648ms
[359.971s][info][gc,cpu         ] GC(1257) User=0.00s Sys=0.00s Real=0.00s
[360.321s][info][gc,start       ] GC(1258) Pause Young (Allocation Failure)
[360.325s][info][gc,heap        ] GC(1258) PSYoungGen: 459264K(459264K)->1056K(449536K) Eden: 458240K(458240K)->0K(448000K) From: 1024K(1024K)->1056K(1536K)
[360.325s][info][gc,heap        ] GC(1258) ParOldGen: 9780K(1398272K)->9892K(1398272K)
[360.325s][info][gc,metaspace   ] GC(1258) Metaspace: 14306K(15040K)->14306K(15040K) NonClass: 12356K(12800K)->12356K(12800K) Class: 1950K(2240K)->1950K(2240K)
[360.325s][info][gc             ] GC(1258) Pause Young (Allocation Failure) 458M->10M(1804M) 3.709ms
[360.325s][info][gc,cpu         ] GC(1258) User=0.00s Sys=0.00s Real=0.00s
[360.664s][info][gc,start       ] GC(1259) Pause Young (Allocation Failure)
[360.668s][info][gc,heap        ] GC(1259) PSYoungGen: 449056K(449536K)->1024K(538624K) Eden: 448000K(448000K)->0K(537600K) From: 1056K(1536K)->1024K(1024K)
[360.668s][info][gc,heap        ] GC(1259) ParOldGen: 9892K(1398272K)->10020K(1398272K)
[360.668s][info][gc,metaspace   ] GC(1259) Metaspace: 14306K(15040K)->14306K(15040K) NonClass: 12356K(12800K)->12356K(12800K) Class: 1950K(2240K)->1950K(2240K)
[360.668s][info][gc             ] GC(1259) Pause Young (Allocation Failure) 448M->10M(1891M) 3.712ms
[360.668s][info][gc,cpu         ] GC(1259) User=0.00s Sys=0.00s Real=0.00s
[361.085s][info][gc,start       ] GC(1260) Pause Young (Allocation Failure)
[361.089s][info][gc,heap        ] GC(1260) PSYoungGen: 538624K(538624K)->1024K(525312K) Eden: 537600K(537600K)->0K(524288K) From: 1024K(1024K)->1024K(1024K)
[361.089s][info][gc,heap        ] GC(1260) ParOldGen: 10020K(1398272K)->10156K(1398272K)
[361.089s][info][gc,metaspace   ] GC(1260) Metaspace: 14306K(15040K)->14306K(15040K) NonClass: 12356K(12800K)->12356K(12800K) Class: 1950K(2240K)->1950K(2240K)
[361.089s][info][gc             ] GC(1260) Pause Young (Allocation Failure) 535M->10M(1878M) 3.682ms
[361.089s][info][gc,cpu         ] GC(1260) User=0.52s Sys=0.00s Real=0.00s
[361.493s][info][gc,start       ] GC(1261) Pause Young (Allocation Failure)
[361.497s][info][gc,heap        ] GC(1261) PSYoungGen: 525312K(525312K)->1024K(512512K) Eden: 524288K(524288K)->0K(511488K) From: 1024K(1024K)->1024K(1024K)
[361.497s][info][gc,heap        ] GC(1261) ParOldGen: 10156K(1398272K)->10324K(1398272K)
[361.497s][info][gc,metaspace   ] GC(1261) Metaspace: 14306K(15040K)->14306K(15040K) NonClass: 12356K(12800K)->12356K(12800K) Class: 1950K(2240K)->1950K(2240K)
[361.497s][info][gc             ] GC(1261) Pause Young (Allocation Failure) 522M->11M(1866M) 3.510ms
[361.497s][info][gc,cpu         ] GC(1261) User=0.00s Sys=0.00s Real=0.00s
[361.905s][info][gc,start       ] GC(1262) Pause Young (Allocation Failure)
[361.909s][info][gc,heap        ] GC(1262) PSYoungGen: 512512K(512512K)->1056K(500736K) Eden: 511488K(511488K)->0K(499200K) From: 1024K(1024K)->1056K(1536K)
[361.909s][info][gc,heap        ] GC(1262) ParOldGen: 10324K(1398272K)->10456K(1398272K)
[361.909s][info][gc,metaspace   ] GC(1262) Metaspace: 14306K(15040K)->14306K(15040K) NonClass: 12356K(12800K)->12356K(12800K) Class: 1950K(2240K)->1950K(2240K)
[361.909s][info][gc             ] GC(1262) Pause Young (Allocation Failure) 510M->11M(1854M) 3.374ms
[361.909s][info][gc,cpu         ] GC(1262) User=0.00s Sys=0.00s Real=0.00s
[362.285s][info][gc,start       ] GC(1263) Pause Young (Allocation Failure)
[362.288s][info][gc,heap        ] GC(1263) PSYoungGen: 500256K(500736K)->1024K(488448K) Eden: 499200K(499200K)->0K(487424K) From: 1056K(1536K)->1024K(1024K)
[362.288s][info][gc,heap        ] GC(1263) ParOldGen: 10456K(1398272K)->10648K(1398272K)
[362.288s][info][gc,metaspace   ] GC(1263) Metaspace: 14306K(15040K)->14306K(15040K) NonClass: 12356K(12800K)->12356K(12800K) Class: 1950K(2240K)->1950K(2240K)
[362.288s][info][gc             ] GC(1263) Pause Young (Allocation Failure) 498M->11M(1842M) 3.410ms
[362.288s][info][gc,cpu         ] GC(1263) User=0.00s Sys=0.00s Real=0.00s
[362.649s][info][gc,start       ] GC(1264) Pause Young (Allocation Failure)
[362.653s][info][gc,heap        ] GC(1264) PSYoungGen: 488448K(488448K)->1024K(477184K) Eden: 487424K(487424K)->0K(476160K) From: 1024K(1024K)->1024K(1024K)
[362.653s][info][gc,heap        ] GC(1264) ParOldGen: 10648K(1398272K)->10792K(1398272K)
[362.653s][info][gc,metaspace   ] GC(1264) Metaspace: 14306K(15040K)->14306K(15040K) NonClass: 12356K(12800K)->12356K(12800K) Class: 1950K(2240K)->1950K(2240K)
[362.653s][info][gc             ] GC(1264) Pause Young (Allocation Failure) 487M->11M(1831M) 3.641ms
[362.653s][info][gc,cpu         ] GC(1264) User=0.00s Sys=0.00s Real=0.00s
[363.005s][info][gc,start       ] GC(1265) Pause Young (Allocation Failure)
[363.008s][info][gc,heap        ] GC(1265) PSYoungGen: 477184K(477184K)->1024K(465920K) Eden: 476160K(476160K)->0K(464896K) From: 1024K(1024K)->1024K(1024K)
[363.009s][info][gc,heap        ] GC(1265) ParOldGen: 10792K(1398272K)->10936K(1398272K)
[363.009s][info][gc,metaspace   ] GC(1265) Metaspace: 14306K(15040K)->14306K(15040K) NonClass: 12356K(12800K)->12356K(12800K) Class: 1950K(2240K)->1950K(2240K)
[363.009s][info][gc             ] GC(1265) Pause Young (Allocation Failure) 476M->11M(1820M) 3.623ms
[363.009s][info][gc,cpu         ] GC(1265) User=0.52s Sys=0.00s Real=0.00s
[363.344s][info][gc,start       ] GC(1266) Pause Young (Allocation Failure)
[363.348s][info][gc,heap        ] GC(1266) PSYoungGen: 465920K(465920K)->1024K(455168K) Eden: 464896K(464896K)->0K(454144K) From: 1024K(1024K)->1024K(1024K)
[363.348s][info][gc,heap        ] GC(1266) ParOldGen: 10936K(1398272K)->11048K(1398272K)
[363.348s][info][gc,metaspace   ] GC(1266) Metaspace: 14306K(15040K)->14306K(15040K) NonClass: 12356K(12800K)->12356K(12800K) Class: 1950K(2240K)->1950K(2240K)
[363.348s][info][gc             ] GC(1266) Pause Young (Allocation Failure) 465M->11M(1810M) 3.678ms
[363.348s][info][gc,cpu         ] GC(1266) User=0.00s Sys=0.00s Real=0.00s
[363.680s][info][gc,start       ] GC(1267) Pause Young (Allocation Failure)
[363.728s][info][gc,heap        ] GC(1267) PSYoungGen: 455168K(455168K)->992K(546304K) Eden: 454144K(454144K)->0K(545280K) From: 1024K(1024K)->992K(1024K)
[363.728s][info][gc,heap        ] GC(1267) ParOldGen: 11048K(1398272K)->11176K(1398272K)
[363.728s][info][gc,metaspace   ] GC(1267) Metaspace: 14306K(15040K)->14306K(15040K) NonClass: 12356K(12800K)->12356K(12800K) Class: 1950K(2240K)->1950K(2240K)
[363.728s][info][gc             ] GC(1267) Pause Young (Allocation Failure) 455M->11M(1899M) 48.801ms
[363.729s][info][gc,cpu         ] GC(1267) User=0.52s Sys=0.00s Real=0.05s
[364.058s][info][gc,start       ] GC(1268) Pause Young (Allocation Failure)
[364.061s][info][gc,heap        ] GC(1268) PSYoungGen: 546272K(546304K)->992K(655360K) Eden: 545280K(545280K)->0K(654336K) From: 992K(1024K)->992K(1024K)
[364.061s][info][gc,heap        ] GC(1268) ParOldGen: 11176K(1398272K)->11264K(1398272K)
[364.061s][info][gc,metaspace   ] GC(1268) Metaspace: 14306K(15040K)->14306K(15040K) NonClass: 12356K(12800K)->12356K(12800K) Class: 1950K(2240K)->1950K(2240K)
[364.061s][info][gc             ] GC(1268) Pause Young (Allocation Failure) 544M->11M(2005M) 3.504ms
[364.061s][info][gc,cpu         ] GC(1268) User=0.00s Sys=0.00s Real=0.00s
[364.256s][info][gc,start       ] GC(1269) Pause Young (System.gc())
[364.258s][info][gc,heap        ] GC(1269) PSYoungGen: 148057K(655360K)->448K(654848K) Eden: 147065K(654336K)->0K(654336K) From: 992K(1024K)->448K(512K)
[364.258s][info][gc,heap        ] GC(1269) ParOldGen: 11264K(1398272K)->11376K(1398272K)
[364.258s][info][gc,metaspace   ] GC(1269) Metaspace: 14306K(15040K)->14306K(15040K) NonClass: 12356K(12800K)->12356K(12800K) Class: 1950K(2240K)->1950K(2240K)
[364.258s][info][gc             ] GC(1269) Pause Young (System.gc()) 155M->11M(2005M) 2.825ms
[364.258s][info][gc,cpu         ] GC(1269) User=0.00s Sys=0.00s Real=0.00s
[364.259s][info][gc,start       ] GC(1270) Pause Full (System.gc())
[364.259s][info][gc,phases,start] GC(1270) Marking Phase
[364.275s][info][gc,phases      ] GC(1270) Marking Phase 16.452ms
[364.275s][info][gc,phases,start] GC(1270) Summary Phase
[364.275s][info][gc,phases      ] GC(1270) Summary Phase 0.122ms
[364.275s][info][gc,phases,start] GC(1270) Adjust Roots
[364.280s][info][gc,phases      ] GC(1270) Adjust Roots 4.650ms
[364.280s][info][gc,phases,start] GC(1270) Compaction Phase
[364.282s][info][gc,phases      ] GC(1270) Compaction Phase 2.155ms
[364.282s][info][gc,phases,start] GC(1270) Post Compact
[364.283s][info][gc,phases      ] GC(1270) Post Compact 0.476ms
[364.283s][info][gc,heap        ] GC(1270) PSYoungGen: 448K(654848K)->0K(654848K) Eden: 0K(654336K)->0K(654336K) From: 448K(512K)->0K(512K)
[364.283s][info][gc,heap        ] GC(1270) ParOldGen: 11376K(1398272K)->5367K(1398272K)
[364.283s][info][gc,metaspace   ] GC(1270) Metaspace: 14306K(15040K)->14306K(15040K) NonClass: 12356K(12800K)->12356K(12800K) Class: 1950K(2240K)->1950K(2240K)
[364.283s][info][gc             ] GC(1270) Pause Full (System.gc()) 11M->5M(2005M) 24.147ms
[364.283s][info][gc,cpu         ] GC(1270) User=0.52s Sys=0.00s Real=0.01s
[364.850s][info][gc,start       ] GC(1271) Pause Young (Allocation Failure)
[364.854s][info][gc,heap        ] GC(1271) PSYoungGen: 654336K(654848K)->1536K(637952K) Eden: 654336K(654336K)->0K(636416K) From: 0K(512K)->1536K(1536K)
[364.854s][info][gc,heap        ] GC(1271) ParOldGen: 5367K(1398272K)->5815K(1398272K)
[364.854s][info][gc,metaspace   ] GC(1271) Metaspace: 14306K(15040K)->14306K(15040K) NonClass: 12356K(12800K)->12356K(12800K) Class: 1950K(2240K)->1950K(2240K)
[364.854s][info][gc             ] GC(1271) Pause Young (Allocation Failure) 644M->7M(1988M) 4.140ms
[364.854s][info][gc,cpu         ] GC(1271) User=0.52s Sys=0.00s Real=0.00s
[365.292s][info][gc,start       ] GC(1272) Pause Young (Allocation Failure)
[365.295s][info][gc,heap        ] GC(1272) PSYoungGen: 637952K(637952K)->1024K(620032K) Eden: 636416K(636416K)->0K(619008K) From: 1536K(1536K)->1024K(1024K)
[365.295s][info][gc,heap        ] GC(1272) ParOldGen: 5815K(1398272K)->7114K(1398272K)
[365.295s][info][gc,metaspace   ] GC(1272) Metaspace: 14306K(15040K)->14306K(15040K) NonClass: 12356K(12800K)->12356K(12800K) Class: 1950K(2240K)->1950K(2240K)
[365.295s][info][gc             ] GC(1272) Pause Young (Allocation Failure) 628M->7M(1971M) 3.610ms
[365.295s][info][gc,cpu         ] GC(1272) User=0.00s Sys=0.00s Real=0.00s
[365.766s][info][gc,start       ] GC(1273) Pause Young (Allocation Failure)
[365.769s][info][gc,heap        ] GC(1273) PSYoungGen: 620032K(620032K)->1024K(603648K) Eden: 619008K(619008K)->0K(602624K) From: 1024K(1024K)->1024K(1024K)
[365.769s][info][gc,heap        ] GC(1273) ParOldGen: 7114K(1398272K)->7266K(1398272K)
[365.769s][info][gc,metaspace   ] GC(1273) Metaspace: 14306K(15040K)->14306K(15040K) NonClass: 12356K(12800K)->12356K(12800K) Class: 1950K(2240K)->1950K(2240K)
[365.769s][info][gc             ] GC(1273) Pause Young (Allocation Failure) 612M->8M(1955M) 3.728ms
[365.769s][info][gc,cpu         ] GC(1273) User=0.00s Sys=0.00s Real=0.00s
[366.234s][info][gc,start       ] GC(1274) Pause Young (Allocation Failure)
[366.237s][info][gc,heap        ] GC(1274) PSYoungGen: 603648K(603648K)->992K(587776K) Eden: 602624K(602624K)->0K(586752K) From: 1024K(1024K)->992K(1024K)
[366.237s][info][gc,heap        ] GC(1274) ParOldGen: 7266K(1398272K)->7458K(1398272K)
[366.237s][info][gc,metaspace   ] GC(1274) Metaspace: 14306K(15040K)->14306K(15040K) NonClass: 12356K(12800K)->12356K(12800K) Class: 1950K(2240K)->1950K(2240K)
[366.237s][info][gc             ] GC(1274) Pause Young (Allocation Failure) 596M->8M(1939M) 3.767ms
[366.237s][info][gc,cpu         ] GC(1274) User=0.00s Sys=0.00s Real=0.00s
[366.694s][info][gc,start       ] GC(1275) Pause Young (Allocation Failure)
[366.698s][info][gc,heap        ] GC(1275) PSYoungGen: 587744K(587776K)->1056K(572928K) Eden: 586752K(586752K)->0K(571392K) From: 992K(1024K)->1056K(1536K)
[366.698s][info][gc,heap        ] GC(1275) ParOldGen: 7458K(1398272K)->7610K(1398272K)
[366.698s][info][gc,metaspace   ] GC(1275) Metaspace: 14306K(15040K)->14306K(15040K) NonClass: 12356K(12800K)->12356K(12800K) Class: 1950K(2240K)->1950K(2240K)
[366.698s][info][gc             ] GC(1275) Pause Young (Allocation Failure) 581M->8M(1925M) 3.691ms
[366.698s][info][gc,cpu         ] GC(1275) User=0.52s Sys=0.00s Real=0.00s
[367.146s][info][gc,start       ] GC(1276) Pause Young (Allocation Failure)
[367.150s][info][gc,heap        ] GC(1276) PSYoungGen: 572448K(572928K)->1024K(557568K) Eden: 571392K(571392K)->0K(556544K) From: 1056K(1536K)->1024K(1024K)
[367.150s][info][gc,heap        ] GC(1276) ParOldGen: 7610K(1398272K)->7786K(1398272K)
[367.150s][info][gc,metaspace   ] GC(1276) Metaspace: 14306K(15040K)->14306K(15040K) NonClass: 12356K(12800K)->12356K(12800K) Class: 1950K(2240K)->1950K(2240K)
[367.150s][info][gc             ] GC(1276) Pause Young (Allocation Failure) 566M->8M(1910M) 3.524ms
[367.150s][info][gc,cpu         ] GC(1276) User=0.52s Sys=0.00s Real=0.00s
[367.593s][info][gc,start       ] GC(1277) Pause Young (Allocation Failure)
[367.597s][info][gc,heap        ] GC(1277) PSYoungGen: 557568K(557568K)->1024K(543744K) Eden: 556544K(556544K)->0K(542720K) From: 1024K(1024K)->1024K(1024K)
[367.597s][info][gc,heap        ] GC(1277) ParOldGen: 7786K(1398272K)->7954K(1398272K)
[367.597s][info][gc,metaspace   ] GC(1277) Metaspace: 14306K(15040K)->14306K(15040K) NonClass: 12356K(12800K)->12356K(12800K) Class: 1950K(2240K)->1950K(2240K)
[367.597s][info][gc             ] GC(1277) Pause Young (Allocation Failure) 552M->8M(1896M) 3.411ms
[367.597s][info][gc,cpu         ] GC(1277) User=0.00s Sys=0.00s Real=0.00s
[368.016s][info][gc,start       ] GC(1278) Pause Young (Allocation Failure)
[368.019s][info][gc,heap        ] GC(1278) PSYoungGen: 543744K(543744K)->1024K(530432K) Eden: 542720K(542720K)->0K(529408K) From: 1024K(1024K)->1024K(1024K)
[368.019s][info][gc,heap        ] GC(1278) ParOldGen: 7954K(1398272K)->8122K(1398272K)
[368.019s][info][gc,metaspace   ] GC(1278) Metaspace: 14306K(15040K)->14306K(15040K) NonClass: 12356K(12800K)->12356K(12800K) Class: 1950K(2240K)->1950K(2240K)
[368.019s][info][gc             ] GC(1278) Pause Young (Allocation Failure) 538M->8M(1883M) 3.549ms
[368.019s][info][gc,cpu         ] GC(1278) User=0.00s Sys=0.00s Real=0.00s
[368.424s][info][gc,start       ] GC(1279) Pause Young (Allocation Failure)
[368.427s][info][gc,heap        ] GC(1279) PSYoungGen: 530432K(530432K)->1056K(518144K) Eden: 529408K(529408K)->0K(516608K) From: 1024K(1024K)->1056K(1536K)
[368.427s][info][gc,heap        ] GC(1279) ParOldGen: 8122K(1398272K)->8250K(1398272K)
[368.427s][info][gc,metaspace   ] GC(1279) Metaspace: 14306K(15040K)->14306K(15040K) NonClass: 12356K(12800K)->12356K(12800K) Class: 1950K(2240K)->1950K(2240K)
[368.427s][info][gc             ] GC(1279) Pause Young (Allocation Failure) 525M->9M(1871M) 3.457ms
[368.428s][info][gc,cpu         ] GC(1279) User=0.00s Sys=0.00s Real=0.00s
[368.824s][info][gc,start       ] GC(1280) Pause Young (Allocation Failure)
[368.827s][info][gc,heap        ] GC(1280) PSYoungGen: 517664K(518144K)->992K(504832K) Eden: 516608K(516608K)->0K(503808K) From: 1056K(1536K)->992K(1024K)
[368.827s][info][gc,heap        ] GC(1280) ParOldGen: 8250K(1398272K)->8442K(1398272K)
[368.827s][info][gc,metaspace   ] GC(1280) Metaspace: 14306K(15040K)->14306K(15040K) NonClass: 12356K(12800K)->12356K(12800K) Class: 1950K(2240K)->1950K(2240K)
[368.827s][info][gc             ] GC(1280) Pause Young (Allocation Failure) 513M->9M(1858M) 3.528ms
[368.827s][info][gc,cpu         ] GC(1280) User=0.00s Sys=0.00s Real=0.00s
[369.214s][info][gc,start       ] GC(1281) Pause Young (Allocation Failure)
[369.218s][info][gc,heap        ] GC(1281) PSYoungGen: 504800K(504832K)->1024K(492544K) Eden: 503808K(503808K)->0K(491520K) From: 992K(1024K)->1024K(1024K)
[369.218s][info][gc,heap        ] GC(1281) ParOldGen: 8442K(1398272K)->8602K(1398272K)
[369.218s][info][gc,metaspace   ] GC(1281) Metaspace: 14306K(15040K)->14306K(15040K) NonClass: 12356K(12800K)->12356K(12800K) Class: 1950K(2240K)->1950K(2240K)
[369.218s][info][gc             ] GC(1281) Pause Young (Allocation Failure) 501M->9M(1846M) 3.631ms
[369.218s][info][gc,cpu         ] GC(1281) User=0.00s Sys=0.00s Real=0.00s
[369.596s][info][gc,start       ] GC(1282) Pause Young (Allocation Failure)
[369.600s][info][gc,heap        ] GC(1282) PSYoungGen: 492544K(492544K)->1024K(480768K) Eden: 491520K(491520K)->0K(479744K) From: 1024K(1024K)->1024K(1024K)
[369.600s][info][gc,heap        ] GC(1282) ParOldGen: 8602K(1398272K)->8730K(1398272K)
[369.600s][info][gc,metaspace   ] GC(1282) Metaspace: 14306K(15040K)->14306K(15040K) NonClass: 12356K(12800K)->12356K(12800K) Class: 1950K(2240K)->1950K(2240K)
[369.600s][info][gc             ] GC(1282) Pause Young (Allocation Failure) 489M->9M(1835M) 3.787ms
[369.600s][info][gc,cpu         ] GC(1282) User=0.00s Sys=0.00s Real=0.00s
[369.970s][info][gc,start       ] GC(1283) Pause Young (Allocation Failure)
[369.973s][info][gc,heap        ] GC(1283) PSYoungGen: 480768K(480768K)->1024K(469504K) Eden: 479744K(479744K)->0K(468480K) From: 1024K(1024K)->1024K(1024K)
[369.974s][info][gc,heap        ] GC(1283) ParOldGen: 8730K(1398272K)->8858K(1398272K)
[369.974s][info][gc,metaspace   ] GC(1283) Metaspace: 14306K(15040K)->14306K(15040K) NonClass: 12356K(12800K)->12356K(12800K) Class: 1950K(2240K)->1950K(2240K)
[369.974s][info][gc             ] GC(1283) Pause Young (Allocation Failure) 478M->9M(1824M) 3.692ms
[369.974s][info][gc,cpu         ] GC(1283) User=0.00s Sys=0.00s Real=0.00s
[370.344s][info][gc,start       ] GC(1284) Pause Young (Allocation Failure)
[370.348s][info][gc,heap        ] GC(1284) PSYoungGen: 469504K(469504K)->1024K(458752K) Eden: 468480K(468480K)->0K(457728K) From: 1024K(1024K)->1024K(1024K)
[370.348s][info][gc,heap        ] GC(1284) ParOldGen: 8858K(1398272K)->9010K(1398272K)
[370.348s][info][gc,metaspace   ] GC(1284) Metaspace: 14306K(15040K)->14306K(15040K) NonClass: 12356K(12800K)->12356K(12800K) Class: 1950K(2240K)->1950K(2240K)
[370.348s][info][gc             ] GC(1284) Pause Young (Allocation Failure) 467M->9M(1813M) 3.896ms
[370.348s][info][gc,cpu         ] GC(1284) User=0.00s Sys=0.00s Real=0.00s
[370.712s][info][gc,start       ] GC(1285) Pause Young (Allocation Failure)
[370.716s][info][gc,heap        ] GC(1285) PSYoungGen: 458752K(458752K)->1056K(449024K) Eden: 457728K(457728K)->0K(447488K) From: 1024K(1024K)->1056K(1536K)
[370.716s][info][gc,heap        ] GC(1285) ParOldGen: 9010K(1398272K)->9130K(1398272K)
[370.716s][info][gc,metaspace   ] GC(1285) Metaspace: 14306K(15040K)->14306K(15040K) NonClass: 12356K(12800K)->12356K(12800K) Class: 1950K(2240K)->1950K(2240K)
[370.716s][info][gc             ] GC(1285) Pause Young (Allocation Failure) 456M->9M(1804M) 3.481ms
[370.716s][info][gc,cpu         ] GC(1285) User=0.00s Sys=0.00s Real=0.00s
[371.081s][info][gc,start       ] GC(1286) Pause Young (Allocation Failure)
[371.084s][info][gc,heap        ] GC(1286) PSYoungGen: 448544K(449024K)->1024K(438272K) Eden: 447488K(447488K)->0K(437248K) From: 1056K(1536K)->1024K(1024K)
[371.085s][info][gc,heap        ] GC(1286) ParOldGen: 9130K(1398272K)->9242K(1398272K)
[371.085s][info][gc,metaspace   ] GC(1286) Metaspace: 14306K(15040K)->14306K(15040K) NonClass: 12356K(12800K)->12356K(12800K) Class: 1950K(2240K)->1950K(2240K)
[371.085s][info][gc             ] GC(1286) Pause Young (Allocation Failure) 446M->10M(1793M) 3.247ms
[371.085s][info][gc,cpu         ] GC(1286) User=0.00s Sys=0.00s Real=0.00s
[371.421s][info][gc,start       ] GC(1287) Pause Young (Allocation Failure)
[371.424s][info][gc,heap        ] GC(1287) PSYoungGen: 438272K(438272K)->1024K(428544K) Eden: 437248K(437248K)->0K(427520K) From: 1024K(1024K)->1024K(1024K)
[371.424s][info][gc,heap        ] GC(1287) ParOldGen: 9242K(1398272K)->9370K(1398272K)
[371.424s][info][gc,metaspace   ] GC(1287) Metaspace: 14306K(15040K)->14306K(15040K) NonClass: 12356K(12800K)->12356K(12800K) Class: 1950K(2240K)->1950K(2240K)
[371.424s][info][gc             ] GC(1287) Pause Young (Allocation Failure) 437M->10M(1784M) 3.273ms
[371.424s][info][gc,cpu         ] GC(1287) User=0.00s Sys=0.00s Real=0.00s
[371.753s][info][gc,start       ] GC(1288) Pause Young (Allocation Failure)
[371.756s][info][gc,heap        ] GC(1288) PSYoungGen: 428544K(428544K)->1024K(419328K) Eden: 427520K(427520K)->0K(418304K) From: 1024K(1024K)->1024K(1024K)
[371.756s][info][gc,heap        ] GC(1288) ParOldGen: 9370K(1398272K)->9498K(1398272K)
[371.756s][info][gc,metaspace   ] GC(1288) Metaspace: 14306K(15040K)->14306K(15040K) NonClass: 12356K(12800K)->12356K(12800K) Class: 1950K(2240K)->1950K(2240K)
[371.756s][info][gc             ] GC(1288) Pause Young (Allocation Failure) 427M->10M(1775M) 3.303ms
[371.756s][info][gc,cpu         ] GC(1288) User=0.00s Sys=0.00s Real=0.00s
[372.078s][info][gc,start       ] GC(1289) Pause Young (Allocation Failure)
[372.081s][info][gc,heap        ] GC(1289) PSYoungGen: 419328K(419328K)->1056K(410624K) Eden: 418304K(418304K)->0K(409088K) From: 1024K(1024K)->1056K(1536K)
[372.081s][info][gc,heap        ] GC(1289) ParOldGen: 9498K(1398272K)->9586K(1398272K)
[372.081s][info][gc,metaspace   ] GC(1289) Metaspace: 14306K(15040K)->14306K(15040K) NonClass: 12356K(12800K)->12356K(12800K) Class: 1950K(2240K)->1950K(2240K)
[372.081s][info][gc             ] GC(1289) Pause Young (Allocation Failure) 418M->10M(1766M) 3.419ms
[372.081s][info][gc,cpu         ] GC(1289) User=0.00s Sys=0.00s Real=0.00s
[372.393s][info][gc,start       ] GC(1290) Pause Young (Allocation Failure)
[372.397s][info][gc,heap        ] GC(1290) PSYoungGen: 410144K(410624K)->1024K(401408K) Eden: 409088K(409088K)->0K(400384K) From: 1056K(1536K)->1024K(1024K)
[372.397s][info][gc,heap        ] GC(1290) ParOldGen: 9586K(1398272K)->9706K(1398272K)
[372.397s][info][gc,metaspace   ] GC(1290) Metaspace: 14306K(15040K)->14306K(15040K) NonClass: 12356K(12800K)->12356K(12800K) Class: 1950K(2240K)->1950K(2240K)
[372.397s][info][gc             ] GC(1290) Pause Young (Allocation Failure) 409M->10M(1757M) 3.456ms
[372.397s][info][gc,cpu         ] GC(1290) User=0.00s Sys=0.00s Real=0.00s
[372.703s][info][gc,start       ] GC(1291) Pause Young (Allocation Failure)
[372.706s][info][gc,heap        ] GC(1291) PSYoungGen: 401408K(401408K)->1024K(393216K) Eden: 400384K(400384K)->0K(392192K) From: 1024K(1024K)->1024K(1024K)
[372.706s][info][gc,heap        ] GC(1291) ParOldGen: 9706K(1398272K)->9794K(1398272K)
[372.706s][info][gc,metaspace   ] GC(1291) Metaspace: 14306K(15040K)->14306K(15040K) NonClass: 12356K(12800K)->12356K(12800K) Class: 1950K(2240K)->1950K(2240K)
[372.706s][info][gc             ] GC(1291) Pause Young (Allocation Failure) 401M->10M(1749M) 3.587ms
[372.706s][info][gc,cpu         ] GC(1291) User=0.00s Sys=0.00s Real=0.00s
[373.008s][info][gc,start       ] GC(1292) Pause Young (Allocation Failure)
[373.011s][info][gc,heap        ] GC(1292) PSYoungGen: 393216K(393216K)->1024K(472064K) Eden: 392192K(392192K)->0K(471040K) From: 1024K(1024K)->1024K(1024K)
[373.011s][info][gc,heap        ] GC(1292) ParOldGen: 9794K(1398272K)->9930K(1398272K)
[373.011s][info][gc,metaspace   ] GC(1292) Metaspace: 14306K(15040K)->14306K(15040K) NonClass: 12356K(12800K)->12356K(12800K) Class: 1950K(2240K)->1950K(2240K)
[373.011s][info][gc             ] GC(1292) Pause Young (Allocation Failure) 393M->10M(1826M) 3.676ms
[373.011s][info][gc,cpu         ] GC(1292) User=0.00s Sys=0.00s Real=0.00s
[373.380s][info][gc,start       ] GC(1293) Pause Young (Allocation Failure)
[373.384s][info][gc,heap        ] GC(1293) PSYoungGen: 472064K(472064K)->1056K(461824K) Eden: 471040K(471040K)->0K(460288K) From: 1024K(1024K)->1056K(1536K)
[373.384s][info][gc,heap        ] GC(1293) ParOldGen: 9930K(1398272K)->10018K(1398272K)
[373.384s][info][gc,metaspace   ] GC(1293) Metaspace: 14306K(15040K)->14306K(15040K) NonClass: 12356K(12800K)->12356K(12800K) Class: 1950K(2240K)->1950K(2240K)
[373.384s][info][gc             ] GC(1293) Pause Young (Allocation Failure) 470M->10M(1816M) 3.614ms
[373.384s][info][gc,cpu         ] GC(1293) User=0.52s Sys=0.00s Real=0.00s
[373.773s][info][gc,start       ] GC(1294) Pause Young (Allocation Failure)
[373.777s][info][gc,heap        ] GC(1294) PSYoungGen: 461344K(461824K)->1024K(450560K) Eden: 460288K(460288K)->0K(449536K) From: 1056K(1536K)->1024K(1024K)
[373.777s][info][gc,heap        ] GC(1294) ParOldGen: 10018K(1398272K)->10154K(1398272K)
[373.777s][info][gc,metaspace   ] GC(1294) Metaspace: 14306K(15040K)->14306K(15040K) NonClass: 12356K(12800K)->12356K(12800K) Class: 1950K(2240K)->1950K(2240K)
[373.777s][info][gc             ] GC(1294) Pause Young (Allocation Failure) 460M->10M(1805M) 3.266ms
[373.777s][info][gc,cpu         ] GC(1294) User=0.00s Sys=0.00s Real=0.00s
[374.119s][info][gc,start       ] GC(1295) Pause Young (Allocation Failure)
[374.122s][info][gc,heap        ] GC(1295) PSYoungGen: 450560K(450560K)->1024K(440320K) Eden: 449536K(449536K)->0K(439296K) From: 1024K(1024K)->1024K(1024K)
[374.122s][info][gc,heap        ] GC(1295) ParOldGen: 10154K(1398272K)->10274K(1398272K)
[374.122s][info][gc,metaspace   ] GC(1295) Metaspace: 14306K(15040K)->14306K(15040K) NonClass: 12356K(12800K)->12356K(12800K) Class: 1950K(2240K)->1950K(2240K)
[374.122s][info][gc             ] GC(1295) Pause Young (Allocation Failure) 449M->11M(1795M) 3.287ms
[374.122s][info][gc,cpu         ] GC(1295) User=0.00s Sys=0.00s Real=0.00s
[374.455s][info][gc,start       ] GC(1296) Pause Young (Allocation Failure)
[374.458s][info][gc,heap        ] GC(1296) PSYoungGen: 440320K(440320K)->1024K(430592K) Eden: 439296K(439296K)->0K(429568K) From: 1024K(1024K)->1024K(1024K)
[374.458s][info][gc,heap        ] GC(1296) ParOldGen: 10274K(1398272K)->10394K(1398272K)
[374.458s][info][gc,metaspace   ] GC(1296) Metaspace: 14306K(15040K)->14306K(15040K) NonClass: 12356K(12800K)->12356K(12800K) Class: 1950K(2240K)->1950K(2240K)
[374.458s][info][gc             ] GC(1296) Pause Young (Allocation Failure) 440M->11M(1786M) 3.369ms
[374.458s][info][gc,cpu         ] GC(1296) User=0.00s Sys=0.00s Real=0.00s
[374.786s][info][gc,start       ] GC(1297) Pause Young (Allocation Failure)
[374.789s][info][gc,heap        ] GC(1297) PSYoungGen: 430592K(430592K)->1056K(421888K) Eden: 429568K(429568K)->0K(420352K) From: 1024K(1024K)->1056K(1536K)
[374.789s][info][gc,heap        ] GC(1297) ParOldGen: 10394K(1398272K)->10518K(1398272K)
[374.789s][info][gc,metaspace   ] GC(1297) Metaspace: 14306K(15040K)->14306K(15040K) NonClass: 12356K(12800K)->12356K(12800K) Class: 1950K(2240K)->1950K(2240K)
[374.789s][info][gc             ] GC(1297) Pause Young (Allocation Failure) 430M->11M(1777M) 3.361ms
[374.790s][info][gc,cpu         ] GC(1297) User=0.02s Sys=0.00s Real=0.00s
[375.112s][info][gc,start       ] GC(1298) Pause Young (Allocation Failure)
[375.116s][info][gc,heap        ] GC(1298) PSYoungGen: 421408K(421888K)->1024K(412160K) Eden: 420352K(420352K)->0K(411136K) From: 1056K(1536K)->1024K(1024K)
[375.116s][info][gc,heap        ] GC(1298) ParOldGen: 10518K(1398272K)->10654K(1398272K)
[375.116s][info][gc,metaspace   ] GC(1298) Metaspace: 14306K(15040K)->14306K(15040K) NonClass: 12356K(12800K)->12356K(12800K) Class: 1950K(2240K)->1950K(2240K)
[375.116s][info][gc             ] GC(1298) Pause Young (Allocation Failure) 421M->11M(1768M) 3.349ms
[375.116s][info][gc,cpu         ] GC(1298) User=0.00s Sys=0.00s Real=0.00s
[375.432s][info][gc,start       ] GC(1299) Pause Young (Allocation Failure)
[375.435s][info][gc,heap        ] GC(1299) PSYoungGen: 412160K(412160K)->1024K(403456K) Eden: 411136K(411136K)->0K(402432K) From: 1024K(1024K)->1024K(1024K)
[375.435s][info][gc,heap        ] GC(1299) ParOldGen: 10654K(1398272K)->10782K(1398272K)
[375.435s][info][gc,metaspace   ] GC(1299) Metaspace: 14306K(15040K)->14306K(15040K) NonClass: 12356K(12800K)->12356K(12800K) Class: 1950K(2240K)->1950K(2240K)
[375.435s][info][gc             ] GC(1299) Pause Young (Allocation Failure) 412M->11M(1759M) 3.457ms
[375.435s][info][gc,cpu         ] GC(1299) User=0.00s Sys=0.00s Real=0.00s
[375.741s][info][gc,start       ] GC(1300) Pause Young (Allocation Failure)
[375.745s][info][gc,heap        ] GC(1300) PSYoungGen: 403456K(403456K)->1024K(394752K) Eden: 402432K(402432K)->0K(393728K) From: 1024K(1024K)->1024K(1024K)
[375.745s][info][gc,heap        ] GC(1300) ParOldGen: 10782K(1398272K)->10902K(1398272K)
[375.745s][info][gc,metaspace   ] GC(1300) Metaspace: 14306K(15040K)->14306K(15040K) NonClass: 12356K(12800K)->12356K(12800K) Class: 1950K(2240K)->1950K(2240K)
[375.745s][info][gc             ] GC(1300) Pause Young (Allocation Failure) 404M->11M(1751M) 3.633ms
[375.745s][info][gc,cpu         ] GC(1300) User=0.00s Sys=0.00s Real=0.00s
[376.099s][info][gc,start       ] GC(1301) Pause Young (Allocation Failure)
[376.110s][info][gc,heap        ] GC(1301) PSYoungGen: 394752K(394752K)->1056K(474112K) Eden: 393728K(393728K)->0K(472576K) From: 1024K(1024K)->1056K(1536K)
[376.110s][info][gc,heap        ] GC(1301) ParOldGen: 10902K(1398272K)->10998K(1398272K)
[376.110s][info][gc,metaspace   ] GC(1301) Metaspace: 14306K(15040K)->14306K(15040K) NonClass: 12356K(12800K)->12356K(12800K) Class: 1950K(2240K)->1950K(2240K)
[376.110s][info][gc             ] GC(1301) Pause Young (Allocation Failure) 396M->11M(1828M) 10.522ms
[376.110s][info][gc,cpu         ] GC(1301) User=0.00s Sys=0.00s Real=0.00s
[376.500s][info][gc,start       ] GC(1302) Pause Young (Allocation Failure)
[376.503s][info][gc,heap        ] GC(1302) PSYoungGen: 473632K(474112K)->1024K(462848K) Eden: 472576K(472576K)->0K(461824K) From: 1056K(1536K)->1024K(1024K)
[376.503s][info][gc,heap        ] GC(1302) ParOldGen: 10998K(1398272K)->11142K(1398272K)
[376.503s][info][gc,metaspace   ] GC(1302) Metaspace: 14306K(15040K)->14306K(15040K) NonClass: 12356K(12800K)->12356K(12800K) Class: 1950K(2240K)->1950K(2240K)
[376.503s][info][gc             ] GC(1302) Pause Young (Allocation Failure) 473M->11M(1817M) 3.324ms
[376.503s][info][gc,cpu         ] GC(1302) User=0.00s Sys=0.00s Real=0.00s
[376.830s][info][gc,start       ] GC(1303) Pause Young (Allocation Failure)
[376.833s][info][gc,heap        ] GC(1303) PSYoungGen: 462848K(462848K)->960K(452096K) Eden: 461824K(461824K)->0K(451072K) From: 1024K(1024K)->960K(1024K)
[376.833s][info][gc,heap        ] GC(1303) ParOldGen: 11142K(1398272K)->11294K(1398272K)
[376.833s][info][gc,metaspace   ] GC(1303) Metaspace: 14306K(15040K)->14306K(15040K) NonClass: 12356K(12800K)->12356K(12800K) Class: 1950K(2240K)->1950K(2240K)
[376.833s][info][gc             ] GC(1303) Pause Young (Allocation Failure) 462M->11M(1807M) 3.466ms
[376.833s][info][gc,cpu         ] GC(1303) User=0.00s Sys=0.00s Real=0.00s
[377.082s][info][gc,start       ] GC(1304) Pause Young (Allocation Failure)
[377.085s][info][gc,heap        ] GC(1304) PSYoungGen: 452032K(452096K)->704K(542720K) Eden: 451072K(451072K)->0K(541696K) From: 960K(1024K)->704K(1024K)
[377.085s][info][gc,heap        ] GC(1304) ParOldGen: 11294K(1398272K)->11414K(1398272K)
[377.085s][info][gc,metaspace   ] GC(1304) Metaspace: 14306K(15040K)->14306K(15040K) NonClass: 12356K(12800K)->12356K(12800K) Class: 1950K(2240K)->1950K(2240K)
[377.085s][info][gc             ] GC(1304) Pause Young (Allocation Failure) 452M->11M(1895M) 3.462ms
[377.085s][info][gc,cpu         ] GC(1304) User=0.00s Sys=0.00s Real=0.00s
[377.166s][info][gc,start       ] GC(1305) Pause Young (System.gc())
[377.168s][info][gc,heap        ] GC(1305) PSYoungGen: 69274K(542720K)->320K(542208K) Eden: 68570K(541696K)->0K(541696K) From: 704K(1024K)->320K(512K)
[377.168s][info][gc,heap        ] GC(1305) ParOldGen: 11414K(1398272K)->11534K(1398272K)
[377.168s][info][gc,metaspace   ] GC(1305) Metaspace: 14306K(15040K)->14306K(15040K) NonClass: 12356K(12800K)->12356K(12800K) Class: 1950K(2240K)->1950K(2240K)
[377.168s][info][gc             ] GC(1305) Pause Young (System.gc()) 78M->11M(1895M) 2.317ms
[377.168s][info][gc,cpu         ] GC(1305) User=0.00s Sys=0.00s Real=0.00s
[377.168s][info][gc,start       ] GC(1306) Pause Full (System.gc())
[377.168s][info][gc,phases,start] GC(1306) Marking Phase
[377.182s][info][gc,phases      ] GC(1306) Marking Phase 13.337ms
[377.182s][info][gc,phases,start] GC(1306) Summary Phase
[377.182s][info][gc,phases      ] GC(1306) Summary Phase 0.014ms
[377.182s][info][gc,phases,start] GC(1306) Adjust Roots
[377.188s][info][gc,phases      ] GC(1306) Adjust Roots 6.035ms
[377.188s][info][gc,phases,start] GC(1306) Compaction Phase
[377.189s][info][gc,phases      ] GC(1306) Compaction Phase 1.495ms
[377.189s][info][gc,phases,start] GC(1306) Post Compact
[377.190s][info][gc,phases      ] GC(1306) Post Compact 0.455ms
[377.190s][info][gc,heap        ] GC(1306) PSYoungGen: 320K(542208K)->0K(542208K) Eden: 0K(541696K)->0K(541696K) From: 320K(512K)->0K(512K)
[377.190s][info][gc,heap        ] GC(1306) ParOldGen: 11534K(1398272K)->5367K(1398272K)
[377.190s][info][gc,metaspace   ] GC(1306) Metaspace: 14306K(15040K)->14306K(15040K) NonClass: 12356K(12800K)->12356K(12800K) Class: 1950K(2240K)->1950K(2240K)
[377.190s][info][gc             ] GC(1306) Pause Full (System.gc()) 11M->5M(1895M) 21.502ms
[377.190s][info][gc,cpu         ] GC(1306) User=0.02s Sys=0.00s Real=0.02s
[377.653s][info][gc,start       ] GC(1307) Pause Young (Allocation Failure)
[377.657s][info][gc,heap        ] GC(1307) PSYoungGen: 541696K(542208K)->1536K(529920K) Eden: 541696K(541696K)->0K(528384K) From: 0K(512K)->1536K(1536K)
[377.657s][info][gc,heap        ] GC(1307) ParOldGen: 5367K(1398272K)->5772K(1398272K)
[377.657s][info][gc,metaspace   ] GC(1307) Metaspace: 14306K(15040K)->14306K(15040K) NonClass: 12356K(12800K)->12356K(12800K) Class: 1950K(2240K)->1950K(2240K)
[377.657s][info][gc             ] GC(1307) Pause Young (Allocation Failure) 534M->7M(1883M) 3.890ms
[377.657s][info][gc,cpu         ] GC(1307) User=0.00s Sys=0.00s Real=0.00s
[378.037s][info][gc,start       ] GC(1308) Pause Young (Allocation Failure)
[378.041s][info][gc,heap        ] GC(1308) PSYoungGen: 529920K(529920K)->1056K(517120K) Eden: 528384K(528384K)->0K(515584K) From: 1536K(1536K)->1056K(1536K)
[378.041s][info][gc,heap        ] GC(1308) ParOldGen: 5772K(1398272K)->7095K(1398272K)
[378.041s][info][gc,metaspace   ] GC(1308) Metaspace: 14306K(15040K)->14306K(15040K) NonClass: 12356K(12800K)->12356K(12800K) Class: 1950K(2240K)->1950K(2240K)
[378.041s][info][gc             ] GC(1308) Pause Young (Allocation Failure) 523M->7M(1870M) 3.686ms
[378.041s][info][gc,cpu         ] GC(1308) User=0.00s Sys=0.00s Real=0.00s
[378.424s][info][gc,start       ] GC(1309) Pause Young (Allocation Failure)
[378.428s][info][gc,heap        ] GC(1309) PSYoungGen: 516640K(517120K)->1024K(504320K) Eden: 515584K(515584K)->0K(503296K) From: 1056K(1536K)->1024K(1024K)
[378.428s][info][gc,heap        ] GC(1309) ParOldGen: 7095K(1398272K)->7223K(1398272K)
[378.428s][info][gc,metaspace   ] GC(1309) Metaspace: 14306K(15040K)->14306K(15040K) NonClass: 12356K(12800K)->12356K(12800K) Class: 1950K(2240K)->1950K(2240K)
[378.428s][info][gc             ] GC(1309) Pause Young (Allocation Failure) 511M->8M(1858M) 3.595ms
[378.428s][info][gc,cpu         ] GC(1309) User=0.00s Sys=0.00s Real=0.00s
[378.801s][info][gc,start       ] GC(1310) Pause Young (Allocation Failure)
[378.805s][info][gc,heap        ] GC(1310) PSYoungGen: 504320K(504320K)->1024K(492032K) Eden: 503296K(503296K)->0K(491008K) From: 1024K(1024K)->1024K(1024K)
[378.805s][info][gc,heap        ] GC(1310) ParOldGen: 7223K(1398272K)->7399K(1398272K)
[378.805s][info][gc,metaspace   ] GC(1310) Metaspace: 14306K(15040K)->14306K(15040K) NonClass: 12356K(12800K)->12356K(12800K) Class: 1950K(2240K)->1950K(2240K)
[378.805s][info][gc             ] GC(1310) Pause Young (Allocation Failure) 499M->8M(1846M) 3.628ms
[378.805s][info][gc,cpu         ] GC(1310) User=0.52s Sys=0.00s Real=0.00s
[379.171s][info][gc,start       ] GC(1311) Pause Young (Allocation Failure)
[379.175s][info][gc,heap        ] GC(1311) PSYoungGen: 492032K(492032K)->1056K(480768K) Eden: 491008K(491008K)->0K(479232K) From: 1024K(1024K)->1056K(1536K)
[379.175s][info][gc,heap        ] GC(1311) ParOldGen: 7399K(1398272K)->7543K(1398272K)
[379.175s][info][gc,metaspace   ] GC(1311) Metaspace: 14306K(15040K)->14306K(15040K) NonClass: 12356K(12800K)->12356K(12800K) Class: 1950K(2240K)->1950K(2240K)
[379.175s][info][gc             ] GC(1311) Pause Young (Allocation Failure) 487M->8M(1835M) 3.625ms
[379.175s][info][gc,cpu         ] GC(1311) User=0.00s Sys=0.00s Real=0.00s
[379.534s][info][gc,start       ] GC(1312) Pause Young (Allocation Failure)
[379.537s][info][gc,heap        ] GC(1312) PSYoungGen: 480288K(480768K)->1024K(468992K) Eden: 479232K(479232K)->0K(467968K) From: 1056K(1536K)->1024K(1024K)
[379.537s][info][gc,heap        ] GC(1312) ParOldGen: 7543K(1398272K)->7663K(1398272K)
[379.537s][info][gc,metaspace   ] GC(1312) Metaspace: 14306K(15040K)->14306K(15040K) NonClass: 12356K(12800K)->12356K(12800K) Class: 1950K(2240K)->1950K(2240K)
[379.537s][info][gc             ] GC(1312) Pause Young (Allocation Failure) 476M->8M(1823M) 3.745ms
[379.537s][info][gc,cpu         ] GC(1312) User=0.00s Sys=0.00s Real=0.00s
[379.973s][info][gc,start       ] GC(1313) Pause Young (Allocation Failure)
[379.977s][info][gc,heap        ] GC(1313) PSYoungGen: 468992K(468992K)->1024K(458240K) Eden: 467968K(467968K)->0K(457216K) From: 1024K(1024K)->1024K(1024K)
[379.978s][info][gc,heap        ] GC(1313) ParOldGen: 7663K(1398272K)->7823K(1398272K)
[379.978s][info][gc,metaspace   ] GC(1313) Metaspace: 14306K(15040K)->14306K(15040K) NonClass: 12356K(12800K)->12356K(12800K) Class: 1950K(2240K)->1950K(2240K)
[379.978s][info][gc             ] GC(1313) Pause Young (Allocation Failure) 465M->8M(1813M) 4.850ms
[379.978s][info][gc,cpu         ] GC(1313) User=0.52s Sys=0.00s Real=0.01s
[380.337s][info][gc,start       ] GC(1314) Pause Young (Allocation Failure)
[380.340s][info][gc,heap        ] GC(1314) PSYoungGen: 458240K(458240K)->1056K(448512K) Eden: 457216K(457216K)->0K(446976K) From: 1024K(1024K)->1056K(1536K)
[380.341s][info][gc,heap        ] GC(1314) ParOldGen: 7823K(1398272K)->7951K(1398272K)
[380.341s][info][gc,metaspace   ] GC(1314) Metaspace: 14306K(15040K)->14306K(15040K) NonClass: 12356K(12800K)->12356K(12800K) Class: 1950K(2240K)->1950K(2240K)
[380.341s][info][gc             ] GC(1314) Pause Young (Allocation Failure) 455M->8M(1803M) 3.439ms
[380.341s][info][gc,cpu         ] GC(1314) User=0.00s Sys=0.00s Real=0.00s
[380.703s][info][gc,start       ] GC(1315) Pause Young (Allocation Failure)
[380.706s][info][gc,heap        ] GC(1315) PSYoungGen: 448032K(448512K)->1024K(437760K) Eden: 446976K(446976K)->0K(436736K) From: 1056K(1536K)->1024K(1024K)
[380.706s][info][gc,heap        ] GC(1315) ParOldGen: 7951K(1398272K)->8087K(1398272K)
[380.706s][info][gc,metaspace   ] GC(1315) Metaspace: 14306K(15040K)->14306K(15040K) NonClass: 12356K(12800K)->12356K(12800K) Class: 1950K(2240K)->1950K(2240K)
[380.706s][info][gc             ] GC(1315) Pause Young (Allocation Failure) 445M->8M(1793M) 3.298ms
[380.706s][info][gc,cpu         ] GC(1315) User=0.00s Sys=0.00s Real=0.00s
[381.029s][info][gc,start       ] GC(1316) Pause Young (Allocation Failure)
[381.033s][info][gc,heap        ] GC(1316) PSYoungGen: 437760K(437760K)->1024K(428032K) Eden: 436736K(436736K)->0K(427008K) From: 1024K(1024K)->1024K(1024K)
[381.033s][info][gc,heap        ] GC(1316) ParOldGen: 8087K(1398272K)->8255K(1398272K)
[381.033s][info][gc,metaspace   ] GC(1316) Metaspace: 14306K(15040K)->14306K(15040K) NonClass: 12356K(12800K)->12356K(12800K) Class: 1950K(2240K)->1950K(2240K)
[381.033s][info][gc             ] GC(1316) Pause Young (Allocation Failure) 435M->9M(1783M) 3.313ms
[381.033s][info][gc,cpu         ] GC(1316) User=0.00s Sys=0.00s Real=0.00s
[381.347s][info][gc,start       ] GC(1317) Pause Young (Allocation Failure)
[381.350s][info][gc,heap        ] GC(1317) PSYoungGen: 428032K(428032K)->1024K(418816K) Eden: 427008K(427008K)->0K(417792K) From: 1024K(1024K)->1024K(1024K)
[381.350s][info][gc,heap        ] GC(1317) ParOldGen: 8255K(1398272K)->8359K(1398272K)
[381.350s][info][gc,metaspace   ] GC(1317) Metaspace: 14306K(15040K)->14306K(15040K) NonClass: 12356K(12800K)->12356K(12800K) Class: 1950K(2240K)->1950K(2240K)
[381.350s][info][gc             ] GC(1317) Pause Young (Allocation Failure) 426M->9M(1774M) 3.302ms
[381.350s][info][gc,cpu         ] GC(1317) User=0.00s Sys=0.00s Real=0.00s
[381.663s][info][gc,start       ] GC(1318) Pause Young (Allocation Failure)
[381.666s][info][gc,heap        ] GC(1318) PSYoungGen: 418816K(418816K)->1056K(410112K) Eden: 417792K(417792K)->0K(408576K) From: 1024K(1024K)->1056K(1536K)
[381.666s][info][gc,heap        ] GC(1318) ParOldGen: 8359K(1398272K)->8447K(1398272K)
[381.666s][info][gc,metaspace   ] GC(1318) Metaspace: 14306K(15040K)->14306K(15040K) NonClass: 12356K(12800K)->12356K(12800K) Class: 1950K(2240K)->1950K(2240K)
[381.666s][info][gc             ] GC(1318) Pause Young (Allocation Failure) 417M->9M(1766M) 3.362ms
[381.666s][info][gc,cpu         ] GC(1318) User=0.52s Sys=0.00s Real=0.00s
[381.971s][info][gc,start       ] GC(1319) Pause Young (Allocation Failure)
[381.974s][info][gc,heap        ] GC(1319) PSYoungGen: 409632K(410112K)->1024K(400896K) Eden: 408576K(408576K)->0K(399872K) From: 1056K(1536K)->1024K(1024K)
[381.974s][info][gc,heap        ] GC(1319) ParOldGen: 8447K(1398272K)->8551K(1398272K)
[381.974s][info][gc,metaspace   ] GC(1319) Metaspace: 14306K(15040K)->14306K(15040K) NonClass: 12356K(12800K)->12356K(12800K) Class: 1950K(2240K)->1950K(2240K)
[381.974s][info][gc             ] GC(1319) Pause Young (Allocation Failure) 408M->9M(1757M) 3.447ms
[381.974s][info][gc,cpu         ] GC(1319) User=0.00s Sys=0.00s Real=0.00s
[382.272s][info][gc,start       ] GC(1320) Pause Young (Allocation Failure)
[382.276s][info][gc,heap        ] GC(1320) PSYoungGen: 400896K(400896K)->1024K(481280K) Eden: 399872K(399872K)->0K(480256K) From: 1024K(1024K)->1024K(1024K)
[382.276s][info][gc,heap        ] GC(1320) ParOldGen: 8551K(1398272K)->8751K(1398272K)
[382.276s][info][gc,metaspace   ] GC(1320) Metaspace: 14306K(15040K)->14306K(15040K) NonClass: 12356K(12800K)->12356K(12800K) Class: 1950K(2240K)->1950K(2240K)
[382.276s][info][gc             ] GC(1320) Pause Young (Allocation Failure) 399M->9M(1835M) 3.545ms
[382.276s][info][gc,cpu         ] GC(1320) User=0.52s Sys=0.00s Real=0.00s
[382.639s][info][gc,start       ] GC(1321) Pause Young (Allocation Failure)
[382.642s][info][gc,heap        ] GC(1321) PSYoungGen: 481280K(481280K)->1024K(577536K) Eden: 480256K(480256K)->0K(576512K) From: 1024K(1024K)->1024K(1024K)
[382.642s][info][gc,heap        ] GC(1321) ParOldGen: 8751K(1398272K)->8895K(1398272K)
[382.642s][info][gc,metaspace   ] GC(1321) Metaspace: 14306K(15040K)->14306K(15040K) NonClass: 12356K(12800K)->12356K(12800K) Class: 1950K(2240K)->1950K(2240K)
[382.642s][info][gc             ] GC(1321) Pause Young (Allocation Failure) 478M->9M(1929M) 3.746ms
[382.642s][info][gc,cpu         ] GC(1321) User=0.00s Sys=0.00s Real=0.00s
[383.085s][info][gc,start       ] GC(1322) Pause Young (Allocation Failure)
[383.089s][info][gc,heap        ] GC(1322) PSYoungGen: 577536K(577536K)->1056K(563200K) Eden: 576512K(576512K)->0K(561664K) From: 1024K(1024K)->1056K(1536K)
[383.089s][info][gc,heap        ] GC(1322) ParOldGen: 8895K(1398272K)->8999K(1398272K)
[383.089s][info][gc,metaspace   ] GC(1322) Metaspace: 14306K(15040K)->14306K(15040K) NonClass: 12356K(12800K)->12356K(12800K) Class: 1950K(2240K)->1950K(2240K)
[383.089s][info][gc             ] GC(1322) Pause Young (Allocation Failure) 572M->9M(1915M) 3.652ms
[383.089s][info][gc,cpu         ] GC(1322) User=0.52s Sys=0.00s Real=0.00s
[383.541s][info][gc,start       ] GC(1323) Pause Young (Allocation Failure)
[383.545s][info][gc,heap        ] GC(1323) PSYoungGen: 562720K(563200K)->1024K(548352K) Eden: 561664K(561664K)->0K(547328K) From: 1056K(1536K)->1024K(1024K)
[383.545s][info][gc,heap        ] GC(1323) ParOldGen: 8999K(1398272K)->9151K(1398272K)
[383.545s][info][gc,metaspace   ] GC(1323) Metaspace: 14306K(15040K)->14306K(15040K) NonClass: 12356K(12800K)->12356K(12800K) Class: 1950K(2240K)->1950K(2240K)
[383.545s][info][gc             ] GC(1323) Pause Young (Allocation Failure) 558M->9M(1901M) 3.385ms
[383.545s][info][gc,cpu         ] GC(1323) User=0.00s Sys=0.00s Real=0.00s
[383.948s][info][gc,start       ] GC(1324) Pause Young (Allocation Failure)
[383.951s][info][gc,heap        ] GC(1324) PSYoungGen: 548352K(548352K)->1024K(534528K) Eden: 547328K(547328K)->0K(533504K) From: 1024K(1024K)->1024K(1024K)
[383.951s][info][gc,heap        ] GC(1324) ParOldGen: 9151K(1398272K)->9319K(1398272K)
[383.951s][info][gc,metaspace   ] GC(1324) Metaspace: 14306K(15040K)->14306K(15040K) NonClass: 12356K(12800K)->12356K(12800K) Class: 1950K(2240K)->1950K(2240K)
[383.951s][info][gc             ] GC(1324) Pause Young (Allocation Failure) 544M->10M(1887M) 3.384ms
[383.952s][info][gc,cpu         ] GC(1324) User=0.00s Sys=0.00s Real=0.00s
[384.349s][info][gc,start       ] GC(1325) Pause Young (Allocation Failure)
[384.352s][info][gc,heap        ] GC(1325) PSYoungGen: 534528K(534528K)->1024K(521216K) Eden: 533504K(533504K)->0K(520192K) From: 1024K(1024K)->1024K(1024K)
[384.352s][info][gc,heap        ] GC(1325) ParOldGen: 9319K(1398272K)->9479K(1398272K)
[384.352s][info][gc,metaspace   ] GC(1325) Metaspace: 14306K(15040K)->14306K(15040K) NonClass: 12356K(12800K)->12356K(12800K) Class: 1950K(2240K)->1950K(2240K)
[384.352s][info][gc             ] GC(1325) Pause Young (Allocation Failure) 531M->10M(1874M) 3.417ms
[384.352s][info][gc,cpu         ] GC(1325) User=0.02s Sys=0.28s Real=0.00s
[384.744s][info][gc,start       ] GC(1326) Pause Young (Allocation Failure)
[384.747s][info][gc,heap        ] GC(1326) PSYoungGen: 521216K(521216K)->1056K(508928K) Eden: 520192K(520192K)->0K(507392K) From: 1024K(1024K)->1056K(1536K)
[384.747s][info][gc,heap        ] GC(1326) ParOldGen: 9479K(1398272K)->9599K(1398272K)
[384.747s][info][gc,metaspace   ] GC(1326) Metaspace: 14306K(15040K)->14306K(15040K) NonClass: 12356K(12800K)->12356K(12800K) Class: 1950K(2240K)->1950K(2240K)
[384.747s][info][gc             ] GC(1326) Pause Young (Allocation Failure) 518M->10M(1862M) 3.507ms
[384.747s][info][gc,cpu         ] GC(1326) User=0.00s Sys=0.00s Real=0.00s
[385.126s][info][gc,start       ] GC(1327) Pause Young (Allocation Failure)
[385.129s][info][gc,heap        ] GC(1327) PSYoungGen: 508448K(508928K)->1024K(496128K) Eden: 507392K(507392K)->0K(495104K) From: 1056K(1536K)->1024K(1024K)
[385.129s][info][gc,heap        ] GC(1327) ParOldGen: 9599K(1398272K)->9775K(1398272K)
[385.129s][info][gc,metaspace   ] GC(1327) Metaspace: 14306K(15040K)->14306K(15040K) NonClass: 12356K(12800K)->12356K(12800K) Class: 1950K(2240K)->1950K(2240K)
[385.130s][info][gc             ] GC(1327) Pause Young (Allocation Failure) 505M->10M(1850M) 3.537ms
[385.130s][info][gc,cpu         ] GC(1327) User=0.00s Sys=0.00s Real=0.00s
[385.499s][info][gc,start       ] GC(1328) Pause Young (Allocation Failure)
[385.502s][info][gc,heap        ] GC(1328) PSYoungGen: 496128K(496128K)->1024K(484352K) Eden: 495104K(495104K)->0K(483328K) From: 1024K(1024K)->1024K(1024K)
[385.502s][info][gc,heap        ] GC(1328) ParOldGen: 9775K(1398272K)->9919K(1398272K)
[385.502s][info][gc,metaspace   ] GC(1328) Metaspace: 14306K(15040K)->14306K(15040K) NonClass: 12356K(12800K)->12356K(12800K) Class: 1950K(2240K)->1950K(2240K)
[385.503s][info][gc             ] GC(1328) Pause Young (Allocation Failure) 494M->10M(1838M) 3.671ms
[385.503s][info][gc,cpu         ] GC(1328) User=0.00s Sys=0.00s Real=0.00s
[385.867s][info][gc,start       ] GC(1329) Pause Young (Allocation Failure)
[385.871s][info][gc,heap        ] GC(1329) PSYoungGen: 484352K(484352K)->1024K(473088K) Eden: 483328K(483328K)->0K(472064K) From: 1024K(1024K)->1024K(1024K)
[385.871s][info][gc,heap        ] GC(1329) ParOldGen: 9919K(1398272K)->10071K(1398272K)
[385.871s][info][gc,metaspace   ] GC(1329) Metaspace: 14306K(15040K)->14306K(15040K) NonClass: 12356K(12800K)->12356K(12800K) Class: 1950K(2240K)->1950K(2240K)
[385.871s][info][gc             ] GC(1329) Pause Young (Allocation Failure) 482M->10M(1827M) 3.547ms
[385.871s][info][gc,cpu         ] GC(1329) User=0.00s Sys=0.00s Real=0.00s
[386.234s][info][gc,start       ] GC(1330) Pause Young (Allocation Failure)
[386.237s][info][gc,heap        ] GC(1330) PSYoungGen: 473088K(473088K)->1056K(462848K) Eden: 472064K(472064K)->0K(461312K) From: 1024K(1024K)->1056K(1536K)
[386.237s][info][gc,heap        ] GC(1330) ParOldGen: 10071K(1398272K)->10199K(1398272K)
[386.237s][info][gc,metaspace   ] GC(1330) Metaspace: 14306K(15040K)->14306K(15040K) NonClass: 12356K(12800K)->12356K(12800K) Class: 1950K(2240K)->1950K(2240K)
[386.237s][info][gc             ] GC(1330) Pause Young (Allocation Failure) 471M->10M(1817M) 3.352ms
[386.237s][info][gc,cpu         ] GC(1330) User=0.00s Sys=0.00s Real=0.00s
[386.601s][info][gc,start       ] GC(1331) Pause Young (Allocation Failure)
[386.604s][info][gc,heap        ] GC(1331) PSYoungGen: 462368K(462848K)->1024K(451584K) Eden: 461312K(461312K)->0K(450560K) From: 1056K(1536K)->1024K(1024K)
[386.604s][info][gc,heap        ] GC(1331) ParOldGen: 10199K(1398272K)->10359K(1398272K)
[386.604s][info][gc,metaspace   ] GC(1331) Metaspace: 14306K(15040K)->14306K(15040K) NonClass: 12356K(12800K)->12356K(12800K) Class: 1950K(2240K)->1950K(2240K)
[386.604s][info][gc             ] GC(1331) Pause Young (Allocation Failure) 461M->11M(1806M) 3.161ms
[386.604s][info][gc,cpu         ] GC(1331) User=0.52s Sys=0.00s Real=0.00s
[386.938s][info][gc,start       ] GC(1332) Pause Young (Allocation Failure)
[386.941s][info][gc,heap        ] GC(1332) PSYoungGen: 451584K(451584K)->1024K(441344K) Eden: 450560K(450560K)->0K(440320K) From: 1024K(1024K)->1024K(1024K)
[386.941s][info][gc,heap        ] GC(1332) ParOldGen: 10359K(1398272K)->10495K(1398272K)
[386.941s][info][gc,metaspace   ] GC(1332) Metaspace: 14306K(15040K)->14306K(15040K) NonClass: 12356K(12800K)->12356K(12800K) Class: 1950K(2240K)->1950K(2240K)
[386.941s][info][gc             ] GC(1332) Pause Young (Allocation Failure) 451M->11M(1796M) 3.244ms
[386.941s][info][gc,cpu         ] GC(1332) User=0.00s Sys=0.00s Real=0.00s
[387.268s][info][gc,start       ] GC(1333) Pause Young (Allocation Failure)
[387.271s][info][gc,heap        ] GC(1333) PSYoungGen: 441344K(441344K)->1024K(431616K) Eden: 440320K(440320K)->0K(430592K) From: 1024K(1024K)->1024K(1024K)
[387.271s][info][gc,heap        ] GC(1333) ParOldGen: 10495K(1398272K)->10623K(1398272K)
[387.271s][info][gc,metaspace   ] GC(1333) Metaspace: 14306K(15040K)->14306K(15040K) NonClass: 12356K(12800K)->12356K(12800K) Class: 1950K(2240K)->1950K(2240K)
[387.271s][info][gc             ] GC(1333) Pause Young (Allocation Failure) 441M->11M(1787M) 3.251ms
[387.271s][info][gc,cpu         ] GC(1333) User=0.00s Sys=0.00s Real=0.00s
[387.595s][info][gc,start       ] GC(1334) Pause Young (Allocation Failure)
[387.598s][info][gc,heap        ] GC(1334) PSYoungGen: 431616K(431616K)->1024K(422400K) Eden: 430592K(430592K)->0K(421376K) From: 1024K(1024K)->1024K(1024K)
[387.598s][info][gc,heap        ] GC(1334) ParOldGen: 10623K(1398272K)->10731K(1398272K)
[387.598s][info][gc,metaspace   ] GC(1334) Metaspace: 14306K(15040K)->14306K(15040K) NonClass: 12356K(12800K)->12356K(12800K) Class: 1950K(2240K)->1950K(2240K)
[387.598s][info][gc             ] GC(1334) Pause Young (Allocation Failure) 431M->11M(1778M) 3.365ms
[387.598s][info][gc,cpu         ] GC(1334) User=0.00s Sys=0.00s Real=0.00s
[387.910s][info][gc,start       ] GC(1335) Pause Young (Allocation Failure)
[387.913s][info][gc,heap        ] GC(1335) PSYoungGen: 422400K(422400K)->1024K(413184K) Eden: 421376K(421376K)->0K(412160K) From: 1024K(1024K)->1024K(1024K)
[387.913s][info][gc,heap        ] GC(1335) ParOldGen: 10731K(1398272K)->10875K(1398272K)
[387.913s][info][gc,metaspace   ] GC(1335) Metaspace: 14306K(15040K)->14306K(15040K) NonClass: 12356K(12800K)->12356K(12800K) Class: 1950K(2240K)->1950K(2240K)
[387.913s][info][gc             ] GC(1335) Pause Young (Allocation Failure) 422M->11M(1769M) 3.413ms
[387.914s][info][gc,cpu         ] GC(1335) User=0.00s Sys=0.00s Real=0.00s
[388.218s][info][gc,start       ] GC(1336) Pause Young (Allocation Failure)
[388.222s][info][gc,heap        ] GC(1336) PSYoungGen: 413184K(413184K)->1056K(404992K) Eden: 412160K(412160K)->0K(403456K) From: 1024K(1024K)->1056K(1536K)
[388.222s][info][gc,heap        ] GC(1336) ParOldGen: 10875K(1398272K)->10963K(1398272K)
[388.222s][info][gc,metaspace   ] GC(1336) Metaspace: 14306K(15040K)->14306K(15040K) NonClass: 12356K(12800K)->12356K(12800K) Class: 1950K(2240K)->1950K(2240K)
[388.222s][info][gc             ] GC(1336) Pause Young (Allocation Failure) 414M->11M(1761M) 3.488ms
[388.222s][info][gc,cpu         ] GC(1336) User=0.00s Sys=0.00s Real=0.00s
[388.516s][info][gc,start       ] GC(1337) Pause Young (Allocation Failure)
[388.519s][info][gc,heap        ] GC(1337) PSYoungGen: 404512K(404992K)->992K(485376K) Eden: 403456K(403456K)->0K(484352K) From: 1056K(1536K)->992K(1024K)
[388.519s][info][gc,heap        ] GC(1337) ParOldGen: 10963K(1398272K)->11139K(1398272K)
[388.519s][info][gc,metaspace   ] GC(1337) Metaspace: 14306K(15040K)->14306K(15040K) NonClass: 12356K(12800K)->12356K(12800K) Class: 1950K(2240K)->1950K(2240K)
[388.520s][info][gc             ] GC(1337) Pause Young (Allocation Failure) 405M->11M(1839M) 3.490ms
[388.520s][info][gc,cpu         ] GC(1337) User=0.00s Sys=0.00s Real=0.00s
[388.864s][info][gc,start       ] GC(1338) Pause Young (Allocation Failure)
[388.867s][info][gc,heap        ] GC(1338) PSYoungGen: 485344K(485376K)->1024K(582656K) Eden: 484352K(484352K)->0K(581632K) From: 992K(1024K)->1024K(1024K)
[388.867s][info][gc,heap        ] GC(1338) ParOldGen: 11139K(1398272K)->11251K(1398272K)
[388.867s][info][gc,metaspace   ] GC(1338) Metaspace: 14306K(15040K)->14306K(15040K) NonClass: 12356K(12800K)->12356K(12800K) Class: 1950K(2240K)->1950K(2240K)
[388.867s][info][gc             ] GC(1338) Pause Young (Allocation Failure) 484M->11M(1934M) 3.703ms
[388.867s][info][gc,cpu         ] GC(1338) User=0.52s Sys=0.00s Real=0.00s
[389.254s][info][gc,start       ] GC(1339) Pause Young (Allocation Failure)
[389.258s][info][gc,heap        ] GC(1339) PSYoungGen: 582656K(582656K)->1024K(567808K) Eden: 581632K(581632K)->0K(566784K) From: 1024K(1024K)->1024K(1024K)
[389.258s][info][gc,heap        ] GC(1339) ParOldGen: 11251K(1398272K)->11371K(1398272K)
[389.258s][info][gc,metaspace   ] GC(1339) Metaspace: 14306K(15040K)->14306K(15040K) NonClass: 12356K(12800K)->12356K(12800K) Class: 1950K(2240K)->1950K(2240K)
[389.258s][info][gc             ] GC(1339) Pause Young (Allocation Failure) 579M->12M(1920M) 3.865ms
[389.258s][info][gc,cpu         ] GC(1339) User=0.00s Sys=0.00s Real=0.00s
[389.590s][info][gc,start       ] GC(1340) Pause Young (Allocation Failure)
[389.594s][info][gc,heap        ] GC(1340) PSYoungGen: 567808K(567808K)->800K(655872K) Eden: 566784K(566784K)->0K(654336K) From: 1024K(1024K)->800K(1536K)
[389.594s][info][gc,heap        ] GC(1340) ParOldGen: 11371K(1398272K)->11491K(1398272K)
[389.594s][info][gc,metaspace   ] GC(1340) Metaspace: 14306K(15040K)->14306K(15040K) NonClass: 12356K(12800K)->12356K(12800K) Class: 1950K(2240K)->1950K(2240K)
[389.594s][info][gc             ] GC(1340) Pause Young (Allocation Failure) 565M->12M(2006M) 4.055ms
[389.594s][info][gc,cpu         ] GC(1340) User=0.00s Sys=0.00s Real=0.00s
[390.300s][info][gc,heap,exit   ] Heap
[390.300s][info][gc,heap,exit   ]  PSYoungGen      total 655872K, used 268841K [0x00000000d5580000, 0x00000000ff100000, 0x0000000100000000)
[390.300s][info][gc,heap,exit   ]   eden space 654336K, 40% used [0x00000000d5580000,0x00000000e5b427e8,0x00000000fd480000)
[390.300s][info][gc,heap,exit   ]   from space 1536K, 52% used [0x00000000fd480000,0x00000000fd548000,0x00000000fd600000)
[390.300s][info][gc,heap,exit   ]   to   space 1536K, 0% used [0x00000000fef80000,0x00000000fef80000,0x00000000ff100000)
[390.300s][info][gc,heap,exit   ]  ParOldGen       total 1398272K, used 11491K [0x0000000080000000, 0x00000000d5580000, 0x00000000d5580000)
[390.300s][info][gc,heap,exit   ]   object space 1398272K, 0% used [0x0000000080000000,0x0000000080b38c88,0x00000000d5580000)
[390.300s][info][gc,heap,exit   ]  Metaspace       used 14371K, committed 15104K, reserved 1114112K
[390.300s][info][gc,heap,exit   ]   class space    used 1959K, committed 2240K, reserved 1048576K
