[0.017s][info][gc,init] CardTable entry size: 512
[0.017s][info][gc     ] Using Parallel
[0.023s][info][gc,init] Version: 20+36-2344 (release)
[0.023s][info][gc,init] CPUs: 48 total, 48 available
[0.023s][info][gc,init] Memory: 382G
[0.023s][info][gc,init] Large Page Support: Disabled
[0.023s][info][gc,init] NUMA Support: Disabled
[0.023s][info][gc,init] Compressed Oops: Enabled (32-bit)
[0.023s][info][gc,init] Alignments: Space 512K, Generation 512K, Heap 2M
[0.023s][info][gc,init] Heap Min Capacity: 8M
[0.023s][info][gc,init] Heap Initial Capacity: 1G
[0.033s][info][gc,init] Heap Max Capacity: 1G
[0.034s][info][gc,init] Pre-touch: Disabled
[0.034s][info][gc,init] Parallel Workers: 33
[0.035s][info][gc,metaspace] CDS archive(s) mapped at: [0x0000000800000000-0x0000000800c60000-0x0000000800c60000), size 12976128, SharedBaseAddress: 0x0000000800000000, ArchiveRelocationMode: 0.
[0.035s][info][gc,metaspace] Compressed class space mapped at: 0x0000000801000000-0x0000000841000000, reserved size: 1073741824
[0.035s][info][gc,metaspace] Narrow klass base: 0x0000000800000000, Narrow klass shift: 0, Narrow klass range: 0x100000000
[1.131s][info][gc,start    ] GC(0) Pause Young (System.gc())
[1.144s][info][gc,heap     ] GC(0) PSYoungGen: 63018K(305664K)->3809K(305664K) Eden: 63018K(262144K)->0K(262144K) From: 0K(43520K)->3809K(43520K)
[1.144s][info][gc,heap     ] GC(0) ParOldGen: 0K(699392K)->16K(699392K)
[1.144s][info][gc,metaspace] GC(0) Metaspace: 8236K(8448K)->8236K(8448K) NonClass: 7128K(7232K)->7128K(7232K) Class: 1108K(1216K)->1108K(1216K)
[1.144s][info][gc          ] GC(0) Pause Young (System.gc()) 61M->3M(981M) 13.368ms
[1.144s][info][gc,cpu      ] GC(0) User=0.36s Sys=0.00s Real=0.02s
[1.144s][info][gc,start    ] GC(1) Pause Full (System.gc())
[1.145s][info][gc,phases,start] GC(1) Marking Phase
[1.154s][info][gc,phases      ] GC(1) Marking Phase 9.928ms
[1.155s][info][gc,phases,start] GC(1) Summary Phase
[1.155s][info][gc,phases      ] GC(1) Summary Phase 0.030ms
[1.155s][info][gc,phases,start] GC(1) Adjust Roots
[1.159s][info][gc,phases      ] GC(1) Adjust Roots 4.124ms
[1.159s][info][gc,phases,start] GC(1) Compaction Phase
[1.166s][info][gc,phases      ] GC(1) Compaction Phase 7.016ms
[1.166s][info][gc,phases,start] GC(1) Post Compact
[1.167s][info][gc,phases      ] GC(1) Post Compact 1.185ms
[1.167s][info][gc,heap        ] GC(1) PSYoungGen: 3809K(305664K)->0K(305664K) Eden: 0K(262144K)->0K(262144K) From: 3809K(43520K)->0K(43520K)
[1.167s][info][gc,heap        ] GC(1) ParOldGen: 16K(699392K)->3468K(699392K)
[1.167s][info][gc,metaspace   ] GC(1) Metaspace: 8236K(8448K)->8236K(8448K) NonClass: 7128K(7232K)->7128K(7232K) Class: 1108K(1216K)->1108K(1216K)
[1.167s][info][gc             ] GC(1) Pause Full (System.gc()) 3M->3M(981M) 22.585ms
[1.167s][info][gc,cpu         ] GC(1) User=0.02s Sys=0.00s Real=0.01s
[2.325s][info][gc,start       ] GC(2) Pause Young (Allocation Failure)
[2.329s][info][gc,heap        ] GC(2) PSYoungGen: 262144K(305664K)->4265K(305664K) Eden: 262144K(262144K)->0K(262144K) From: 0K(43520K)->4265K(43520K)
[2.329s][info][gc,heap        ] GC(2) ParOldGen: 3468K(699392K)->3476K(699392K)
[2.329s][info][gc,metaspace   ] GC(2) Metaspace: 14612K(15232K)->14612K(15232K) NonClass: 12532K(12864K)->12532K(12864K) Class: 2080K(2368K)->2080K(2368K)
[2.329s][info][gc             ] GC(2) Pause Young (Allocation Failure) 259M->7M(981M) 3.848ms
[2.329s][info][gc,cpu         ] GC(2) User=0.17s Sys=0.41s Real=0.00s
[2.530s][info][gc,start       ] GC(3) Pause Young (Allocation Failure)
[2.531s][info][gc,heap        ] GC(3) PSYoungGen: 266409K(305664K)->4120K(305664K) Eden: 262144K(262144K)->0K(262144K) From: 4265K(43520K)->4120K(43520K)
[2.531s][info][gc,heap        ] GC(3) ParOldGen: 3476K(699392K)->3484K(699392K)
[2.531s][info][gc,metaspace   ] GC(3) Metaspace: 14618K(15232K)->14618K(15232K) NonClass: 12538K(12864K)->12538K(12864K) Class: 2080K(2368K)->2080K(2368K)
[2.531s][info][gc             ] GC(3) Pause Young (Allocation Failure) 263M->7M(981M) 1.602ms
[2.531s][info][gc,cpu         ] GC(3) User=0.00s Sys=0.00s Real=0.00s
[2.719s][info][gc,start       ] GC(4) Pause Young (Allocation Failure)
[2.721s][info][gc,heap        ] GC(4) PSYoungGen: 266264K(305664K)->4229K(305664K) Eden: 262144K(262144K)->0K(262144K) From: 4120K(43520K)->4229K(43520K)
[2.721s][info][gc,heap        ] GC(4) ParOldGen: 3484K(699392K)->3492K(699392K)
[2.721s][info][gc,metaspace   ] GC(4) Metaspace: 14618K(15232K)->14618K(15232K) NonClass: 12538K(12864K)->12538K(12864K) Class: 2080K(2368K)->2080K(2368K)
[2.721s][info][gc             ] GC(4) Pause Young (Allocation Failure) 263M->7M(981M) 1.738ms
[2.721s][info][gc,cpu         ] GC(4) User=0.00s Sys=0.00s Real=0.00s
[2.897s][info][gc,start       ] GC(5) Pause Young (Allocation Failure)
[2.899s][info][gc,heap        ] GC(5) PSYoungGen: 266373K(305664K)->4195K(305664K) Eden: 262144K(262144K)->0K(262144K) From: 4229K(43520K)->4195K(43520K)
[2.899s][info][gc,heap        ] GC(5) ParOldGen: 3492K(699392K)->3500K(699392K)
[2.899s][info][gc,metaspace   ] GC(5) Metaspace: 14618K(15232K)->14618K(15232K) NonClass: 12538K(12864K)->12538K(12864K) Class: 2080K(2368K)->2080K(2368K)
[2.899s][info][gc             ] GC(5) Pause Young (Allocation Failure) 263M->7M(981M) 1.862ms
[2.899s][info][gc,cpu         ] GC(5) User=0.00s Sys=0.00s Real=0.00s
[3.069s][info][gc,start       ] GC(6) Pause Young (Allocation Failure)
[3.071s][info][gc,heap        ] GC(6) PSYoungGen: 266339K(305664K)->4309K(260608K) Eden: 262144K(262144K)->0K(256000K) From: 4195K(43520K)->4309K(4608K)
[3.071s][info][gc,heap        ] GC(6) ParOldGen: 3500K(699392K)->3508K(699392K)
[3.071s][info][gc,metaspace   ] GC(6) Metaspace: 14618K(15232K)->14618K(15232K) NonClass: 12538K(12864K)->12538K(12864K) Class: 2080K(2368K)->2080K(2368K)
[3.071s][info][gc             ] GC(6) Pause Young (Allocation Failure) 263M->7M(937M) 1.856ms
[3.071s][info][gc,cpu         ] GC(6) User=0.00s Sys=0.00s Real=0.00s
[3.248s][info][gc,start       ] GC(7) Pause Young (Allocation Failure)
[3.251s][info][gc,heap        ] GC(7) PSYoungGen: 260309K(260608K)->4330K(254464K) Eden: 256000K(256000K)->0K(249856K) From: 4309K(4608K)->4330K(4608K)
[3.251s][info][gc,heap        ] GC(7) ParOldGen: 3508K(699392K)->3516K(699392K)
[3.251s][info][gc,metaspace   ] GC(7) Metaspace: 14618K(15232K)->14618K(15232K) NonClass: 12538K(12864K)->12538K(12864K) Class: 2080K(2368K)->2080K(2368K)
[3.251s][info][gc             ] GC(7) Pause Young (Allocation Failure) 257M->7M(931M) 3.429ms
[3.251s][info][gc,cpu         ] GC(7) User=0.09s Sys=0.42s Real=0.00s
[3.433s][info][gc,start       ] GC(8) Pause Young (Allocation Failure)
[3.436s][info][gc,heap        ] GC(8) PSYoungGen: 254186K(254464K)->512K(301568K) Eden: 249856K(249856K)->0K(301056K) From: 4330K(4608K)->512K(512K)
[3.436s][info][gc,heap        ] GC(8) ParOldGen: 3516K(699392K)->7400K(699392K)
[3.436s][info][gc,metaspace   ] GC(8) Metaspace: 14618K(15232K)->14618K(15232K) NonClass: 12538K(12864K)->12538K(12864K) Class: 2080K(2368K)->2080K(2368K)
[3.436s][info][gc             ] GC(8) Pause Young (Allocation Failure) 251M->7M(977M) 3.388ms
[3.436s][info][gc,cpu         ] GC(8) User=0.00s Sys=0.00s Real=0.00s
[3.629s][info][gc,start       ] GC(9) Pause Young (Allocation Failure)
[3.630s][info][gc,heap        ] GC(9) PSYoungGen: 301568K(301568K)->1024K(294400K) Eden: 301056K(301056K)->0K(293376K) From: 512K(512K)->1024K(1024K)
[3.630s][info][gc,heap        ] GC(9) ParOldGen: 7400K(699392K)->7616K(699392K)
[3.630s][info][gc,metaspace   ] GC(9) Metaspace: 14618K(15232K)->14618K(15232K) NonClass: 12538K(12864K)->12538K(12864K) Class: 2080K(2368K)->2080K(2368K)
[3.630s][info][gc             ] GC(9) Pause Young (Allocation Failure) 301M->8M(970M) 1.028ms
[3.630s][info][gc,cpu         ] GC(9) User=0.00s Sys=0.00s Real=0.00s
[3.816s][info][gc,start       ] GC(10) Pause Young (Allocation Failure)
[3.818s][info][gc,heap        ] GC(10) PSYoungGen: 294400K(294400K)->1024K(286720K) Eden: 293376K(293376K)->0K(285696K) From: 1024K(1024K)->1024K(1024K)
[3.818s][info][gc,heap        ] GC(10) ParOldGen: 7616K(699392K)->7704K(699392K)
[3.818s][info][gc,metaspace   ] GC(10) Metaspace: 14618K(15232K)->14618K(15232K) NonClass: 12538K(12864K)->12538K(12864K) Class: 2080K(2368K)->2080K(2368K)
[3.818s][info][gc             ] GC(10) Pause Young (Allocation Failure) 294M->8M(963M) 1.477ms
[3.818s][info][gc,cpu         ] GC(10) User=0.00s Sys=0.00s Real=0.00s
[4.001s][info][gc,start       ] GC(11) Pause Young (Allocation Failure)
[4.002s][info][gc,heap        ] GC(11) PSYoungGen: 286720K(286720K)->992K(279552K) Eden: 285696K(285696K)->0K(278528K) From: 1024K(1024K)->992K(1024K)
[4.002s][info][gc,heap        ] GC(11) ParOldGen: 7704K(699392K)->7856K(699392K)
[4.002s][info][gc,metaspace   ] GC(11) Metaspace: 14618K(15232K)->14618K(15232K) NonClass: 12538K(12864K)->12538K(12864K) Class: 2080K(2368K)->2080K(2368K)
[4.002s][info][gc             ] GC(11) Pause Young (Allocation Failure) 287M->8M(956M) 1.030ms
[4.002s][info][gc,cpu         ] GC(11) User=0.00s Sys=0.00s Real=0.00s
[4.180s][info][gc,start       ] GC(12) Pause Young (Allocation Failure)
[4.181s][info][gc,heap        ] GC(12) PSYoungGen: 279520K(279552K)->1024K(272384K) Eden: 278528K(278528K)->0K(271360K) From: 992K(1024K)->1024K(1024K)
[4.181s][info][gc,heap        ] GC(12) ParOldGen: 7856K(699392K)->8016K(699392K)
[4.181s][info][gc,metaspace   ] GC(12) Metaspace: 14618K(15232K)->14618K(15232K) NonClass: 12538K(12864K)->12538K(12864K) Class: 2080K(2368K)->2080K(2368K)
[4.181s][info][gc             ] GC(12) Pause Young (Allocation Failure) 280M->8M(949M) 1.298ms
[4.181s][info][gc,cpu         ] GC(12) User=0.00s Sys=0.00s Real=0.00s
[4.354s][info][gc,start       ] GC(13) Pause Young (Allocation Failure)
[4.355s][info][gc,heap        ] GC(13) PSYoungGen: 272384K(272384K)->992K(265728K) Eden: 271360K(271360K)->0K(264704K) From: 1024K(1024K)->992K(1024K)
[4.355s][info][gc,heap        ] GC(13) ParOldGen: 8016K(699392K)->8280K(699392K)
[4.355s][info][gc,metaspace   ] GC(13) Metaspace: 14618K(15232K)->14618K(15232K) NonClass: 12538K(12864K)->12538K(12864K) Class: 2080K(2368K)->2080K(2368K)
[4.355s][info][gc             ] GC(13) Pause Young (Allocation Failure) 273M->9M(942M) 1.047ms
[4.355s][info][gc,cpu         ] GC(13) User=0.00s Sys=0.00s Real=0.00s
[4.524s][info][gc,start       ] GC(14) Pause Young (Allocation Failure)
[4.525s][info][gc,heap        ] GC(14) PSYoungGen: 265696K(265728K)->1024K(259584K) Eden: 264704K(264704K)->0K(258560K) From: 992K(1024K)->1024K(1024K)
[4.525s][info][gc,heap        ] GC(14) ParOldGen: 8280K(699392K)->8424K(699392K)
[4.525s][info][gc,metaspace   ] GC(14) Metaspace: 14619K(15232K)->14619K(15232K) NonClass: 12538K(12864K)->12538K(12864K) Class: 2080K(2368K)->2080K(2368K)
[4.525s][info][gc             ] GC(14) Pause Young (Allocation Failure) 267M->9M(936M) 1.465ms
[4.525s][info][gc,cpu         ] GC(14) User=0.00s Sys=0.00s Real=0.00s
[4.689s][info][gc,start       ] GC(15) Pause Young (Allocation Failure)
[4.690s][info][gc,heap        ] GC(15) PSYoungGen: 259584K(259584K)->1024K(253440K) Eden: 258560K(258560K)->0K(252416K) From: 1024K(1024K)->1024K(1024K)
[4.690s][info][gc,heap        ] GC(15) ParOldGen: 8424K(699392K)->8552K(699392K)
[4.690s][info][gc,metaspace   ] GC(15) Metaspace: 14619K(15232K)->14619K(15232K) NonClass: 12538K(12864K)->12538K(12864K) Class: 2080K(2368K)->2080K(2368K)
[4.690s][info][gc             ] GC(15) Pause Young (Allocation Failure) 261M->9M(930M) 0.912ms
[4.690s][info][gc,cpu         ] GC(15) User=0.00s Sys=0.00s Real=0.00s
[4.851s][info][gc,start       ] GC(16) Pause Young (Allocation Failure)
[4.852s][info][gc,heap        ] GC(16) PSYoungGen: 253440K(253440K)->1056K(247808K) Eden: 252416K(252416K)->0K(246272K) From: 1024K(1024K)->1056K(1536K)
[4.852s][info][gc,heap        ] GC(16) ParOldGen: 8552K(699392K)->8624K(699392K)
[4.852s][info][gc,metaspace   ] GC(16) Metaspace: 14619K(15232K)->14619K(15232K) NonClass: 12538K(12864K)->12538K(12864K) Class: 2080K(2368K)->2080K(2368K)
[4.852s][info][gc             ] GC(16) Pause Young (Allocation Failure) 255M->9M(925M) 1.395ms
[4.852s][info][gc,cpu         ] GC(16) User=0.00s Sys=0.00s Real=0.00s
[5.010s][info][gc,start       ] GC(17) Pause Young (Allocation Failure)
[5.011s][info][gc,heap        ] GC(17) PSYoungGen: 247328K(247808K)->1024K(241664K) Eden: 246272K(246272K)->0K(240640K) From: 1056K(1536K)->1024K(1024K)
[5.011s][info][gc,heap        ] GC(17) ParOldGen: 8624K(699392K)->8696K(699392K)
[5.011s][info][gc,metaspace   ] GC(17) Metaspace: 14619K(15232K)->14619K(15232K) NonClass: 12538K(12864K)->12538K(12864K) Class: 2080K(2368K)->2080K(2368K)
[5.011s][info][gc             ] GC(17) Pause Young (Allocation Failure) 249M->9M(919M) 1.005ms
[5.011s][info][gc,cpu         ] GC(17) User=0.00s Sys=0.00s Real=0.00s
[5.167s][info][gc,start       ] GC(18) Pause Young (Allocation Failure)
[5.168s][info][gc,heap        ] GC(18) PSYoungGen: 241664K(241664K)->1056K(236544K) Eden: 240640K(240640K)->0K(235008K) From: 1024K(1024K)->1056K(1536K)
[5.169s][info][gc,heap        ] GC(18) ParOldGen: 8696K(699392K)->8768K(699392K)
[5.169s][info][gc,metaspace   ] GC(18) Metaspace: 14619K(15232K)->14619K(15232K) NonClass: 12538K(12864K)->12538K(12864K) Class: 2080K(2368K)->2080K(2368K)
[5.169s][info][gc             ] GC(18) Pause Young (Allocation Failure) 244M->9M(914M) 1.777ms
[5.169s][info][gc,cpu         ] GC(18) User=0.00s Sys=0.00s Real=0.00s
[5.318s][info][gc,start       ] GC(19) Pause Young (Allocation Failure)
[5.319s][info][gc,heap        ] GC(19) PSYoungGen: 236064K(236544K)->1024K(230912K) Eden: 235008K(235008K)->0K(229888K) From: 1056K(1536K)->1024K(1024K)
[5.319s][info][gc,heap        ] GC(19) ParOldGen: 8768K(699392K)->8848K(699392K)
[5.319s][info][gc,metaspace   ] GC(19) Metaspace: 14619K(15232K)->14619K(15232K) NonClass: 12538K(12864K)->12538K(12864K) Class: 2080K(2368K)->2080K(2368K)
[5.319s][info][gc             ] GC(19) Pause Young (Allocation Failure) 239M->9M(908M) 1.022ms
[5.319s][info][gc,cpu         ] GC(19) User=0.00s Sys=0.00s Real=0.00s
[5.465s][info][gc,start       ] GC(20) Pause Young (Allocation Failure)
[5.467s][info][gc,heap        ] GC(20) PSYoungGen: 230912K(230912K)->1056K(226304K) Eden: 229888K(229888K)->0K(224768K) From: 1024K(1024K)->1056K(1536K)
[5.467s][info][gc,heap        ] GC(20) ParOldGen: 8848K(699392K)->8952K(699392K)
[5.467s][info][gc,metaspace   ] GC(20) Metaspace: 14619K(15232K)->14619K(15232K) NonClass: 12538K(12864K)->12538K(12864K) Class: 2080K(2368K)->2080K(2368K)
[5.467s][info][gc             ] GC(20) Pause Young (Allocation Failure) 234M->9M(904M) 1.419ms
[5.467s][info][gc,cpu         ] GC(20) User=0.00s Sys=0.00s Real=0.00s
[5.609s][info][gc,start       ] GC(21) Pause Young (Allocation Failure)
[5.610s][info][gc,heap        ] GC(21) PSYoungGen: 225824K(226304K)->992K(220672K) Eden: 224768K(224768K)->0K(219648K) From: 1056K(1536K)->992K(1024K)
[5.610s][info][gc,heap        ] GC(21) ParOldGen: 8952K(699392K)->9016K(699392K)
[5.610s][info][gc,metaspace   ] GC(21) Metaspace: 14619K(15232K)->14619K(15232K) NonClass: 12538K(12864K)->12538K(12864K) Class: 2080K(2368K)->2080K(2368K)
[5.610s][info][gc             ] GC(21) Pause Young (Allocation Failure) 229M->9M(898M) 1.076ms
[5.610s][info][gc,cpu         ] GC(21) User=0.42s Sys=0.03s Real=0.00s
[5.823s][info][gc,start       ] GC(22) Pause Young (Allocation Failure)
[5.825s][info][gc,heap        ] GC(22) PSYoungGen: 220640K(220672K)->1024K(216064K) Eden: 219648K(219648K)->0K(215040K) From: 992K(1024K)->1024K(1024K)
[5.825s][info][gc,heap        ] GC(22) ParOldGen: 9016K(699392K)->9080K(699392K)
[5.825s][info][gc,metaspace   ] GC(22) Metaspace: 14619K(15232K)->14619K(15232K) NonClass: 12538K(12864K)->12538K(12864K) Class: 2080K(2368K)->2080K(2368K)
[5.825s][info][gc             ] GC(22) Pause Young (Allocation Failure) 224M->9M(894M) 2.312ms
[5.825s][info][gc,cpu         ] GC(22) User=0.00s Sys=0.00s Real=0.00s
[5.971s][info][gc,start       ] GC(23) Pause Young (Allocation Failure)
[5.972s][info][gc,heap        ] GC(23) PSYoungGen: 216064K(216064K)->960K(211456K) Eden: 215040K(215040K)->0K(210432K) From: 1024K(1024K)->960K(1024K)
[5.972s][info][gc,heap        ] GC(23) ParOldGen: 9080K(699392K)->9144K(699392K)
[5.972s][info][gc,metaspace   ] GC(23) Metaspace: 14619K(15232K)->14619K(15232K) NonClass: 12538K(12864K)->12538K(12864K) Class: 2080K(2368K)->2080K(2368K)
[5.972s][info][gc             ] GC(23) Pause Young (Allocation Failure) 219M->9M(889M) 0.969ms
[5.972s][info][gc,cpu         ] GC(23) User=0.00s Sys=0.00s Real=0.00s
[6.106s][info][gc,start       ] GC(24) Pause Young (Allocation Failure)
[6.107s][info][gc,heap        ] GC(24) PSYoungGen: 211392K(211456K)->1024K(206848K) Eden: 210432K(210432K)->0K(205824K) From: 960K(1024K)->1024K(1024K)
[6.107s][info][gc,heap        ] GC(24) ParOldGen: 9144K(699392K)->9208K(699392K)
[6.107s][info][gc,metaspace   ] GC(24) Metaspace: 14619K(15232K)->14619K(15232K) NonClass: 12538K(12864K)->12538K(12864K) Class: 2080K(2368K)->2080K(2368K)
[6.107s][info][gc             ] GC(24) Pause Young (Allocation Failure) 215M->9M(885M) 1.457ms
[6.107s][info][gc,cpu         ] GC(24) User=0.00s Sys=0.00s Real=0.00s
[6.238s][info][gc,start       ] GC(25) Pause Young (Allocation Failure)
[6.239s][info][gc,heap        ] GC(25) PSYoungGen: 206848K(206848K)->1024K(202752K) Eden: 205824K(205824K)->0K(201728K) From: 1024K(1024K)->1024K(1024K)
[6.239s][info][gc,heap        ] GC(25) ParOldGen: 9208K(699392K)->9280K(699392K)
[6.239s][info][gc,metaspace   ] GC(25) Metaspace: 14619K(15232K)->14619K(15232K) NonClass: 12538K(12864K)->12538K(12864K) Class: 2080K(2368K)->2080K(2368K)
[6.239s][info][gc             ] GC(25) Pause Young (Allocation Failure) 210M->10M(881M) 0.821ms
[6.239s][info][gc,cpu         ] GC(25) User=0.00s Sys=0.00s Real=0.00s
[6.366s][info][gc,start       ] GC(26) Pause Young (Allocation Failure)
[6.367s][info][gc,heap        ] GC(26) PSYoungGen: 202752K(202752K)->1024K(198656K) Eden: 201728K(201728K)->0K(197632K) From: 1024K(1024K)->1024K(1024K)
[6.367s][info][gc,heap        ] GC(26) ParOldGen: 9280K(699392K)->9336K(699392K)
[6.367s][info][gc,metaspace   ] GC(26) Metaspace: 14619K(15232K)->14619K(15232K) NonClass: 12538K(12864K)->12538K(12864K) Class: 2080K(2368K)->2080K(2368K)
[6.367s][info][gc             ] GC(26) Pause Young (Allocation Failure) 207M->10M(877M) 1.232ms
[6.368s][info][gc,cpu         ] GC(26) User=0.00s Sys=0.00s Real=0.00s
[6.494s][info][gc,start       ] GC(27) Pause Young (Allocation Failure)
[6.494s][info][gc,heap        ] GC(27) PSYoungGen: 198656K(198656K)->1024K(198144K) Eden: 197632K(197632K)->0K(193536K) From: 1024K(1024K)->1024K(4608K)
[6.494s][info][gc,heap        ] GC(27) ParOldGen: 9336K(699392K)->9408K(699392K)
[6.494s][info][gc,metaspace   ] GC(27) Metaspace: 14619K(15232K)->14619K(15232K) NonClass: 12538K(12864K)->12538K(12864K) Class: 2080K(2368K)->2080K(2368K)
[6.494s][info][gc             ] GC(27) Pause Young (Allocation Failure) 203M->10M(876M) 0.870ms
[6.494s][info][gc,cpu         ] GC(27) User=0.00s Sys=0.00s Real=0.00s
[6.617s][info][gc,start       ] GC(28) Pause Young (Allocation Failure)
[6.618s][info][gc,heap        ] GC(28) PSYoungGen: 194560K(198144K)->992K(190464K) Eden: 193536K(193536K)->0K(189440K) From: 1024K(4608K)->992K(1024K)
[6.618s][info][gc,heap        ] GC(28) ParOldGen: 9408K(699392K)->9464K(699392K)
[6.618s][info][gc,metaspace   ] GC(28) Metaspace: 14619K(15232K)->14619K(15232K) NonClass: 12538K(12864K)->12538K(12864K) Class: 2080K(2368K)->2080K(2368K)
[6.618s][info][gc             ] GC(28) Pause Young (Allocation Failure) 199M->10M(869M) 1.249ms
[6.618s][info][gc,cpu         ] GC(28) User=0.00s Sys=0.00s Real=0.00s
[6.738s][info][gc,start       ] GC(29) Pause Young (Allocation Failure)
[6.739s][info][gc,heap        ] GC(29) PSYoungGen: 190432K(190464K)->992K(186880K) Eden: 189440K(189440K)->0K(185856K) From: 992K(1024K)->992K(1024K)
[6.739s][info][gc,heap        ] GC(29) ParOldGen: 9464K(699392K)->9512K(699392K)
[6.739s][info][gc,metaspace   ] GC(29) Metaspace: 14619K(15232K)->14619K(15232K) NonClass: 12538K(12864K)->12538K(12864K) Class: 2080K(2368K)->2080K(2368K)
[6.739s][info][gc             ] GC(29) Pause Young (Allocation Failure) 195M->10M(865M) 0.897ms
[6.739s][info][gc,cpu         ] GC(29) User=0.00s Sys=0.00s Real=0.00s
[6.857s][info][gc,start       ] GC(30) Pause Young (Allocation Failure)
[6.859s][info][gc,heap        ] GC(30) PSYoungGen: 186848K(186880K)->1024K(183296K) Eden: 185856K(185856K)->0K(182272K) From: 992K(1024K)->1024K(1024K)
[6.859s][info][gc,heap        ] GC(30) ParOldGen: 9512K(699392K)->9568K(699392K)
[6.859s][info][gc,metaspace   ] GC(30) Metaspace: 14619K(15232K)->14619K(15232K) NonClass: 12538K(12864K)->12538K(12864K) Class: 2080K(2368K)->2080K(2368K)
[6.859s][info][gc             ] GC(30) Pause Young (Allocation Failure) 191M->10M(862M) 1.258ms
[6.859s][info][gc,cpu         ] GC(30) User=0.00s Sys=0.00s Real=0.00s
[6.975s][info][gc,start       ] GC(31) Pause Young (Allocation Failure)
[6.976s][info][gc,heap        ] GC(31) PSYoungGen: 183296K(183296K)->1056K(180224K) Eden: 182272K(182272K)->0K(178688K) From: 1024K(1024K)->1056K(1536K)
[6.976s][info][gc,heap        ] GC(31) ParOldGen: 9568K(699392K)->9624K(699392K)
[6.976s][info][gc,metaspace   ] GC(31) Metaspace: 14622K(15232K)->14622K(15232K) NonClass: 12541K(12864K)->12541K(12864K) Class: 2080K(2368K)->2080K(2368K)
[6.976s][info][gc             ] GC(31) Pause Young (Allocation Failure) 188M->10M(859M) 0.983ms
[6.976s][info][gc,cpu         ] GC(31) User=0.00s Sys=0.00s Real=0.00s
[7.090s][info][gc,start       ] GC(32) Pause Young (Allocation Failure)
[7.091s][info][gc,heap        ] GC(32) PSYoungGen: 179744K(180224K)->992K(176128K) Eden: 178688K(178688K)->0K(175104K) From: 1056K(1536K)->992K(1024K)
[7.091s][info][gc,heap        ] GC(32) ParOldGen: 9624K(699392K)->9728K(699392K)
[7.091s][info][gc,metaspace   ] GC(32) Metaspace: 14622K(15232K)->14622K(15232K) NonClass: 12541K(12864K)->12541K(12864K) Class: 2080K(2368K)->2080K(2368K)
[7.091s][info][gc             ] GC(32) Pause Young (Allocation Failure) 184M->10M(855M) 1.214ms
[7.091s][info][gc,cpu         ] GC(32) User=0.00s Sys=0.00s Real=0.00s
[7.202s][info][gc,start       ] GC(33) Pause Young (Allocation Failure)
[7.203s][info][gc,heap        ] GC(33) PSYoungGen: 176096K(176128K)->1024K(175616K) Eden: 175104K(175104K)->0K(172032K) From: 992K(1024K)->1024K(3584K)
[7.203s][info][gc,heap        ] GC(33) ParOldGen: 9728K(699392K)->9784K(699392K)
[7.203s][info][gc,metaspace   ] GC(33) Metaspace: 14622K(15232K)->14622K(15232K) NonClass: 12541K(12864K)->12541K(12864K) Class: 2080K(2368K)->2080K(2368K)
[7.203s][info][gc             ] GC(33) Pause Young (Allocation Failure) 181M->10M(854M) 0.980ms
[7.203s][info][gc,cpu         ] GC(33) User=0.52s Sys=0.00s Real=0.00s
[7.313s][info][gc,start       ] GC(34) Pause Young (Allocation Failure)
[7.314s][info][gc,heap        ] GC(34) PSYoungGen: 173056K(175616K)->1024K(169984K) Eden: 172032K(172032K)->0K(168960K) From: 1024K(3584K)->1024K(1024K)
[7.314s][info][gc,heap        ] GC(34) ParOldGen: 9784K(699392K)->9848K(699392K)
[7.314s][info][gc,metaspace   ] GC(34) Metaspace: 14622K(15232K)->14622K(15232K) NonClass: 12541K(12864K)->12541K(12864K) Class: 2080K(2368K)->2080K(2368K)
[7.314s][info][gc             ] GC(34) Pause Young (Allocation Failure) 178M->10M(849M) 1.192ms
[7.314s][info][gc,cpu         ] GC(34) User=0.00s Sys=0.00s Real=0.00s
[7.421s][info][gc,start       ] GC(35) Pause Young (Allocation Failure)
[7.422s][info][gc,heap        ] GC(35) PSYoungGen: 169984K(169984K)->992K(166912K) Eden: 168960K(168960K)->0K(165888K) From: 1024K(1024K)->992K(1024K)
[7.422s][info][gc,heap        ] GC(35) ParOldGen: 9848K(699392K)->9896K(699392K)
[7.422s][info][gc,metaspace   ] GC(35) Metaspace: 14622K(15232K)->14622K(15232K) NonClass: 12541K(12864K)->12541K(12864K) Class: 2080K(2368K)->2080K(2368K)
[7.422s][info][gc             ] GC(35) Pause Young (Allocation Failure) 175M->10M(846M) 1.007ms
[7.422s][info][gc,cpu         ] GC(35) User=0.00s Sys=0.00s Real=0.00s
[7.527s][info][gc,start       ] GC(36) Pause Young (Allocation Failure)
[7.528s][info][gc,heap        ] GC(36) PSYoungGen: 166880K(166912K)->992K(163840K) Eden: 165888K(165888K)->0K(162816K) From: 992K(1024K)->992K(1024K)
[7.528s][info][gc,heap        ] GC(36) ParOldGen: 9896K(699392K)->9944K(699392K)
[7.528s][info][gc,metaspace   ] GC(36) Metaspace: 14622K(15232K)->14622K(15232K) NonClass: 12541K(12864K)->12541K(12864K) Class: 2080K(2368K)->2080K(2368K)
[7.528s][info][gc             ] GC(36) Pause Young (Allocation Failure) 172M->10M(843M) 1.333ms
[7.528s][info][gc,cpu         ] GC(36) User=0.00s Sys=0.00s Real=0.00s
[7.632s][info][gc,start       ] GC(37) Pause Young (Allocation Failure)
[7.633s][info][gc,heap        ] GC(37) PSYoungGen: 163808K(163840K)->1024K(162816K) Eden: 162816K(162816K)->0K(159744K) From: 992K(1024K)->1024K(3072K)
[7.633s][info][gc,heap        ] GC(37) ParOldGen: 9944K(699392K)->9992K(699392K)
[7.633s][info][gc,metaspace   ] GC(37) Metaspace: 14622K(15232K)->14622K(15232K) NonClass: 12541K(12864K)->12541K(12864K) Class: 2080K(2368K)->2080K(2368K)
[7.633s][info][gc             ] GC(37) Pause Young (Allocation Failure) 169M->10M(842M) 1.057ms
[7.633s][info][gc,cpu         ] GC(37) User=0.00s Sys=0.00s Real=0.00s
[7.735s][info][gc,start       ] GC(38) Pause Young (Allocation Failure)
[7.736s][info][gc,heap        ] GC(38) PSYoungGen: 160768K(162816K)->960K(158208K) Eden: 159744K(159744K)->0K(157184K) From: 1024K(3072K)->960K(1024K)
[7.736s][info][gc,heap        ] GC(38) ParOldGen: 9992K(699392K)->10032K(699392K)
[7.736s][info][gc,metaspace   ] GC(38) Metaspace: 14622K(15232K)->14622K(15232K) NonClass: 12541K(12864K)->12541K(12864K) Class: 2080K(2368K)->2080K(2368K)
[7.736s][info][gc             ] GC(38) Pause Young (Allocation Failure) 166M->10M(837M) 1.202ms
[7.736s][info][gc,cpu         ] GC(38) User=0.00s Sys=0.00s Real=0.00s
[7.836s][info][gc,start       ] GC(39) Pause Young (Allocation Failure)
[7.837s][info][gc,heap        ] GC(39) PSYoungGen: 158144K(158208K)->1024K(155648K) Eden: 157184K(157184K)->0K(154624K) From: 960K(1024K)->1024K(1024K)
[7.837s][info][gc,heap        ] GC(39) ParOldGen: 10032K(699392K)->10080K(699392K)
[7.837s][info][gc,metaspace   ] GC(39) Metaspace: 14622K(15232K)->14622K(15232K) NonClass: 12541K(12864K)->12541K(12864K) Class: 2080K(2368K)->2080K(2368K)
[7.837s][info][gc             ] GC(39) Pause Young (Allocation Failure) 164M->10M(835M) 1.063ms
[7.837s][info][gc,cpu         ] GC(39) User=0.00s Sys=0.00s Real=0.00s
[7.935s][info][gc,start       ] GC(40) Pause Young (Allocation Failure)
[7.936s][info][gc,heap        ] GC(40) PSYoungGen: 155648K(155648K)->992K(153088K) Eden: 154624K(154624K)->0K(152064K) From: 1024K(1024K)->992K(1024K)
[7.936s][info][gc,heap        ] GC(40) ParOldGen: 10080K(699392K)->10120K(699392K)
[7.936s][info][gc,metaspace   ] GC(40) Metaspace: 14622K(15232K)->14622K(15232K) NonClass: 12541K(12864K)->12541K(12864K) Class: 2080K(2368K)->2080K(2368K)
[7.936s][info][gc             ] GC(40) Pause Young (Allocation Failure) 161M->10M(832M) 1.235ms
[7.936s][info][gc,cpu         ] GC(40) User=0.00s Sys=0.00s Real=0.00s
[8.034s][info][gc,start       ] GC(41) Pause Young (Allocation Failure)
[8.035s][info][gc,heap        ] GC(41) PSYoungGen: 153056K(153088K)->992K(150528K) Eden: 152064K(152064K)->0K(149504K) From: 992K(1024K)->992K(1024K)
[8.035s][info][gc,heap        ] GC(41) ParOldGen: 10120K(699392K)->10160K(699392K)
[8.035s][info][gc,metaspace   ] GC(41) Metaspace: 14622K(15232K)->14622K(15232K) NonClass: 12541K(12864K)->12541K(12864K) Class: 2080K(2368K)->2080K(2368K)
[8.035s][info][gc             ] GC(41) Pause Young (Allocation Failure) 159M->10M(830M) 1.108ms
[8.035s][info][gc,cpu         ] GC(41) User=0.00s Sys=0.00s Real=0.00s
[8.131s][info][gc,start       ] GC(42) Pause Young (Allocation Failure)
[8.132s][info][gc,heap        ] GC(42) PSYoungGen: 150496K(150528K)->992K(147968K) Eden: 149504K(149504K)->0K(146944K) From: 992K(1024K)->992K(1024K)
[8.132s][info][gc,heap        ] GC(42) ParOldGen: 10160K(699392K)->10208K(699392K)
[8.132s][info][gc,metaspace   ] GC(42) Metaspace: 14622K(15232K)->14622K(15232K) NonClass: 12541K(12864K)->12541K(12864K) Class: 2080K(2368K)->2080K(2368K)
[8.132s][info][gc             ] GC(42) Pause Young (Allocation Failure) 156M->10M(827M) 1.288ms
[8.132s][info][gc,cpu         ] GC(42) User=0.00s Sys=0.00s Real=0.00s
[8.315s][info][gc,start       ] GC(43) Pause Young (Allocation Failure)
[8.317s][info][gc,heap        ] GC(43) PSYoungGen: 147936K(147968K)->1024K(145408K) Eden: 146944K(146944K)->0K(144384K) From: 992K(1024K)->1024K(1024K)
[8.317s][info][gc,heap        ] GC(43) ParOldGen: 10208K(699392K)->10248K(699392K)
[8.317s][info][gc,metaspace   ] GC(43) Metaspace: 14622K(15232K)->14622K(15232K) NonClass: 12541K(12864K)->12541K(12864K) Class: 2080K(2368K)->2080K(2368K)
[8.317s][info][gc             ] GC(43) Pause Young (Allocation Failure) 154M->11M(825M) 1.533ms
[8.317s][info][gc,cpu         ] GC(43) User=0.00s Sys=0.00s Real=0.00s
[8.416s][info][gc,start       ] GC(44) Pause Young (Allocation Failure)
[8.418s][info][gc,heap        ] GC(44) PSYoungGen: 145408K(145408K)->1024K(142848K) Eden: 144384K(144384K)->0K(141824K) From: 1024K(1024K)->1024K(1024K)
[8.418s][info][gc,heap        ] GC(44) ParOldGen: 10248K(699392K)->10312K(699392K)
[8.418s][info][gc,metaspace   ] GC(44) Metaspace: 14622K(15232K)->14622K(15232K) NonClass: 12541K(12864K)->12541K(12864K) Class: 2080K(2368K)->2080K(2368K)
[8.418s][info][gc             ] GC(44) Pause Young (Allocation Failure) 152M->11M(822M) 1.094ms
[8.418s][info][gc,cpu         ] GC(44) User=0.00s Sys=0.00s Real=0.00s
[8.509s][info][gc,start       ] GC(45) Pause Young (Allocation Failure)
[8.510s][info][gc,heap        ] GC(45) PSYoungGen: 142848K(142848K)->1024K(140800K) Eden: 141824K(141824K)->0K(139776K) From: 1024K(1024K)->1024K(1024K)
[8.510s][info][gc,heap        ] GC(45) ParOldGen: 10312K(699392K)->10360K(699392K)
[8.510s][info][gc,metaspace   ] GC(45) Metaspace: 14622K(15232K)->14622K(15232K) NonClass: 12541K(12864K)->12541K(12864K) Class: 2080K(2368K)->2080K(2368K)
[8.510s][info][gc             ] GC(45) Pause Young (Allocation Failure) 149M->11M(820M) 0.959ms
[8.510s][info][gc,cpu         ] GC(45) User=0.00s Sys=0.00s Real=0.00s
[8.600s][info][gc,start       ] GC(46) Pause Young (Allocation Failure)
[8.601s][info][gc,heap        ] GC(46) PSYoungGen: 140800K(140800K)->992K(138752K) Eden: 139776K(139776K)->0K(137728K) From: 1024K(1024K)->992K(1024K)
[8.601s][info][gc,heap        ] GC(46) ParOldGen: 10360K(699392K)->10400K(699392K)
[8.601s][info][gc,metaspace   ] GC(46) Metaspace: 14622K(15232K)->14622K(15232K) NonClass: 12541K(12864K)->12541K(12864K) Class: 2080K(2368K)->2080K(2368K)
[8.601s][info][gc             ] GC(46) Pause Young (Allocation Failure) 147M->11M(818M) 0.902ms
[8.601s][info][gc,cpu         ] GC(46) User=0.00s Sys=0.00s Real=0.00s
[8.689s][info][gc,start       ] GC(47) Pause Young (Allocation Failure)
[8.690s][info][gc,heap        ] GC(47) PSYoungGen: 138720K(138752K)->1056K(137216K) Eden: 137728K(137728K)->0K(135680K) From: 992K(1024K)->1056K(1536K)
[8.690s][info][gc,heap        ] GC(47) ParOldGen: 10400K(699392K)->10448K(699392K)
[8.690s][info][gc,metaspace   ] GC(47) Metaspace: 14622K(15232K)->14622K(15232K) NonClass: 12541K(12864K)->12541K(12864K) Class: 2080K(2368K)->2080K(2368K)
[8.690s][info][gc             ] GC(47) Pause Young (Allocation Failure) 145M->11M(817M) 0.842ms
[8.690s][info][gc,cpu         ] GC(47) User=0.00s Sys=0.00s Real=0.00s
[8.776s][info][gc,start       ] GC(48) Pause Young (Allocation Failure)
[8.777s][info][gc,heap        ] GC(48) PSYoungGen: 136736K(137216K)->1024K(134656K) Eden: 135680K(135680K)->0K(133632K) From: 1056K(1536K)->1024K(1024K)
[8.777s][info][gc,heap        ] GC(48) ParOldGen: 10448K(699392K)->10496K(699392K)
[8.777s][info][gc,metaspace   ] GC(48) Metaspace: 14622K(15232K)->14622K(15232K) NonClass: 12541K(12864K)->12541K(12864K) Class: 2080K(2368K)->2080K(2368K)
[8.777s][info][gc             ] GC(48) Pause Young (Allocation Failure) 143M->11M(814M) 0.915ms
[8.777s][info][gc,cpu         ] GC(48) User=0.00s Sys=0.00s Real=0.00s
[8.862s][info][gc,start       ] GC(49) Pause Young (Allocation Failure)
[8.863s][info][gc,heap        ] GC(49) PSYoungGen: 134656K(134656K)->960K(132608K) Eden: 133632K(133632K)->0K(131584K) From: 1024K(1024K)->960K(1024K)
[8.863s][info][gc,heap        ] GC(49) ParOldGen: 10496K(699392K)->10552K(699392K)
[8.863s][info][gc,metaspace   ] GC(49) Metaspace: 14622K(15232K)->14622K(15232K) NonClass: 12541K(12864K)->12541K(12864K) Class: 2080K(2368K)->2080K(2368K)
[8.863s][info][gc             ] GC(49) Pause Young (Allocation Failure) 141M->11M(812M) 0.922ms
[8.863s][info][gc,cpu         ] GC(49) User=0.00s Sys=0.00s Real=0.00s
[8.947s][info][gc,start       ] GC(50) Pause Young (Allocation Failure)
[8.948s][info][gc,heap        ] GC(50) PSYoungGen: 132544K(132608K)->1024K(130560K) Eden: 131584K(131584K)->0K(129536K) From: 960K(1024K)->1024K(1024K)
[8.948s][info][gc,heap        ] GC(50) ParOldGen: 10552K(699392K)->10584K(699392K)
[8.948s][info][gc,metaspace   ] GC(50) Metaspace: 14622K(15232K)->14622K(15232K) NonClass: 12541K(12864K)->12541K(12864K) Class: 2080K(2368K)->2080K(2368K)
[8.948s][info][gc             ] GC(50) Pause Young (Allocation Failure) 139M->11M(810M) 0.948ms
[8.948s][info][gc,cpu         ] GC(50) User=0.00s Sys=0.00s Real=0.00s
[9.030s][info][gc,start       ] GC(51) Pause Young (Allocation Failure)
[9.031s][info][gc,heap        ] GC(51) PSYoungGen: 130560K(130560K)->1024K(128512K) Eden: 129536K(129536K)->0K(127488K) From: 1024K(1024K)->1024K(1024K)
[9.031s][info][gc,heap        ] GC(51) ParOldGen: 10584K(699392K)->10624K(699392K)
[9.031s][info][gc,metaspace   ] GC(51) Metaspace: 14622K(15232K)->14622K(15232K) NonClass: 12541K(12864K)->12541K(12864K) Class: 2080K(2368K)->2080K(2368K)
[9.031s][info][gc             ] GC(51) Pause Young (Allocation Failure) 137M->11M(808M) 0.804ms
[9.031s][info][gc,cpu         ] GC(51) User=0.00s Sys=0.00s Real=0.00s
[9.112s][info][gc,start       ] GC(52) Pause Young (Allocation Failure)
[9.113s][info][gc,heap        ] GC(52) PSYoungGen: 128512K(128512K)->1024K(126464K) Eden: 127488K(127488K)->0K(125440K) From: 1024K(1024K)->1024K(1024K)
[9.113s][info][gc,heap        ] GC(52) ParOldGen: 10624K(699392K)->10664K(699392K)
[9.113s][info][gc,metaspace   ] GC(52) Metaspace: 14622K(15232K)->14622K(15232K) NonClass: 12541K(12864K)->12541K(12864K) Class: 2080K(2368K)->2080K(2368K)
[9.113s][info][gc             ] GC(52) Pause Young (Allocation Failure) 135M->11M(806M) 0.868ms
[9.113s][info][gc,cpu         ] GC(52) User=0.00s Sys=0.00s Real=0.00s
[9.193s][info][gc,start       ] GC(53) Pause Young (Allocation Failure)
[9.194s][info][gc,heap        ] GC(53) PSYoungGen: 126464K(126464K)->1024K(124928K) Eden: 125440K(125440K)->0K(123904K) From: 1024K(1024K)->1024K(1024K)
[9.194s][info][gc,heap        ] GC(53) ParOldGen: 10664K(699392K)->10696K(699392K)
[9.194s][info][gc,metaspace   ] GC(53) Metaspace: 14622K(15232K)->14622K(15232K) NonClass: 12541K(12864K)->12541K(12864K) Class: 2080K(2368K)->2080K(2368K)
[9.194s][info][gc             ] GC(53) Pause Young (Allocation Failure) 133M->11M(805M) 0.816ms
[9.194s][info][gc,cpu         ] GC(53) User=0.00s Sys=0.00s Real=0.00s
[9.272s][info][gc,start       ] GC(54) Pause Young (Allocation Failure)
[9.273s][info][gc,heap        ] GC(54) PSYoungGen: 124928K(124928K)->1024K(123392K) Eden: 123904K(123904K)->0K(122368K) From: 1024K(1024K)->1024K(1024K)
[9.273s][info][gc,heap        ] GC(54) ParOldGen: 10696K(699392K)->10728K(699392K)
[9.273s][info][gc,metaspace   ] GC(54) Metaspace: 14622K(15232K)->14622K(15232K) NonClass: 12541K(12864K)->12541K(12864K) Class: 2080K(2368K)->2080K(2368K)
[9.273s][info][gc             ] GC(54) Pause Young (Allocation Failure) 132M->11M(803M) 0.896ms
[9.273s][info][gc,cpu         ] GC(54) User=0.00s Sys=0.00s Real=0.00s
[9.351s][info][gc,start       ] GC(55) Pause Young (Allocation Failure)
[9.352s][info][gc,heap        ] GC(55) PSYoungGen: 123392K(123392K)->1024K(121856K) Eden: 122368K(122368K)->0K(120832K) From: 1024K(1024K)->1024K(1024K)
[9.352s][info][gc,heap        ] GC(55) ParOldGen: 10728K(699392K)->10776K(699392K)
[9.352s][info][gc,metaspace   ] GC(55) Metaspace: 14622K(15232K)->14622K(15232K) NonClass: 12541K(12864K)->12541K(12864K) Class: 2080K(2368K)->2080K(2368K)
[9.352s][info][gc             ] GC(55) Pause Young (Allocation Failure) 130M->11M(802M) 0.882ms
[9.352s][info][gc,cpu         ] GC(55) User=0.00s Sys=0.00s Real=0.00s
[9.428s][info][gc,start       ] GC(56) Pause Young (Allocation Failure)
[9.429s][info][gc,heap        ] GC(56) PSYoungGen: 121856K(121856K)->960K(120320K) Eden: 120832K(120832K)->0K(119296K) From: 1024K(1024K)->960K(1024K)
[9.429s][info][gc,heap        ] GC(56) ParOldGen: 10776K(699392K)->10808K(699392K)
[9.429s][info][gc,metaspace   ] GC(56) Metaspace: 14622K(15232K)->14622K(15232K) NonClass: 12541K(12864K)->12541K(12864K) Class: 2080K(2368K)->2080K(2368K)
[9.429s][info][gc             ] GC(56) Pause Young (Allocation Failure) 129M->11M(800M) 0.892ms
[9.429s][info][gc,cpu         ] GC(56) User=0.00s Sys=0.00s Real=0.00s
[9.505s][info][gc,start       ] GC(57) Pause Young (Allocation Failure)
[9.506s][info][gc,heap        ] GC(57) PSYoungGen: 120256K(120320K)->992K(118784K) Eden: 119296K(119296K)->0K(117760K) From: 960K(1024K)->992K(1024K)
[9.506s][info][gc,heap        ] GC(57) ParOldGen: 10808K(699392K)->10856K(699392K)
[9.506s][info][gc,metaspace   ] GC(57) Metaspace: 14622K(15232K)->14622K(15232K) NonClass: 12541K(12864K)->12541K(12864K) Class: 2080K(2368K)->2080K(2368K)
[9.506s][info][gc             ] GC(57) Pause Young (Allocation Failure) 127M->11M(799M) 0.878ms
[9.506s][info][gc,cpu         ] GC(57) User=0.00s Sys=0.00s Real=0.00s
[9.581s][info][gc,start       ] GC(58) Pause Young (Allocation Failure)
[9.582s][info][gc,heap        ] GC(58) PSYoungGen: 118752K(118784K)->1024K(117248K) Eden: 117760K(117760K)->0K(116224K) From: 992K(1024K)->1024K(1024K)
[9.582s][info][gc,heap        ] GC(58) ParOldGen: 10856K(699392K)->10896K(699392K)
[9.582s][info][gc,metaspace   ] GC(58) Metaspace: 14622K(15232K)->14622K(15232K) NonClass: 12541K(12864K)->12541K(12864K) Class: 2080K(2368K)->2080K(2368K)
[9.582s][info][gc             ] GC(58) Pause Young (Allocation Failure) 126M->11M(797M) 0.914ms
[9.582s][info][gc,cpu         ] GC(58) User=0.00s Sys=0.00s Real=0.00s
[9.655s][info][gc,start       ] GC(59) Pause Young (Allocation Failure)
[9.656s][info][gc,heap        ] GC(59) PSYoungGen: 117248K(117248K)->992K(115712K) Eden: 116224K(116224K)->0K(114688K) From: 1024K(1024K)->992K(1024K)
[9.656s][info][gc,heap        ] GC(59) ParOldGen: 10896K(699392K)->10928K(699392K)
[9.656s][info][gc,metaspace   ] GC(59) Metaspace: 14622K(15232K)->14622K(15232K) NonClass: 12541K(12864K)->12541K(12864K) Class: 2080K(2368K)->2080K(2368K)
[9.656s][info][gc             ] GC(59) Pause Young (Allocation Failure) 125M->11M(796M) 0.929ms
[9.656s][info][gc,cpu         ] GC(59) User=0.02s Sys=0.00s Real=0.00s
[9.729s][info][gc,start       ] GC(60) Pause Young (Allocation Failure)
[9.730s][info][gc,heap        ] GC(60) PSYoungGen: 115680K(115712K)->1024K(114176K) Eden: 114688K(114688K)->0K(113152K) From: 992K(1024K)->1024K(1024K)
[9.730s][info][gc,heap        ] GC(60) ParOldGen: 10928K(699392K)->10960K(699392K)
[9.730s][info][gc,metaspace   ] GC(60) Metaspace: 14622K(15232K)->14622K(15232K) NonClass: 12541K(12864K)->12541K(12864K) Class: 2080K(2368K)->2080K(2368K)
[9.730s][info][gc             ] GC(60) Pause Young (Allocation Failure) 123M->11M(794M) 0.906ms
[9.730s][info][gc,cpu         ] GC(60) User=0.00s Sys=0.00s Real=0.00s
[9.802s][info][gc,start       ] GC(61) Pause Young (Allocation Failure)
[9.803s][info][gc,heap        ] GC(61) PSYoungGen: 114176K(114176K)->1024K(112640K) Eden: 113152K(113152K)->0K(111616K) From: 1024K(1024K)->1024K(1024K)
[9.803s][info][gc,heap        ] GC(61) ParOldGen: 10960K(699392K)->11000K(699392K)
[9.803s][info][gc,metaspace   ] GC(61) Metaspace: 14622K(15232K)->14622K(15232K) NonClass: 12541K(12864K)->12541K(12864K) Class: 2080K(2368K)->2080K(2368K)
[9.803s][info][gc             ] GC(61) Pause Young (Allocation Failure) 122M->11M(793M) 0.956ms
[9.803s][info][gc,cpu         ] GC(61) User=0.00s Sys=0.00s Real=0.00s
[9.874s][info][gc,start       ] GC(62) Pause Young (Allocation Failure)
[9.875s][info][gc,heap        ] GC(62) PSYoungGen: 112640K(112640K)->1024K(111104K) Eden: 111616K(111616K)->0K(110080K) From: 1024K(1024K)->1024K(1024K)
[9.875s][info][gc,heap        ] GC(62) ParOldGen: 11000K(699392K)->11032K(699392K)
[9.875s][info][gc,metaspace   ] GC(62) Metaspace: 14622K(15232K)->14622K(15232K) NonClass: 12541K(12864K)->12541K(12864K) Class: 2080K(2368K)->2080K(2368K)
[9.875s][info][gc             ] GC(62) Pause Young (Allocation Failure) 120M->11M(791M) 0.961ms
[9.875s][info][gc,cpu         ] GC(62) User=0.02s Sys=0.00s Real=0.00s
[9.944s][info][gc,start       ] GC(63) Pause Young (Allocation Failure)
[9.945s][info][gc,heap        ] GC(63) PSYoungGen: 111104K(111104K)->1024K(109568K) Eden: 110080K(110080K)->0K(108544K) From: 1024K(1024K)->1024K(1024K)
[9.945s][info][gc,heap        ] GC(63) ParOldGen: 11032K(699392K)->11056K(699392K)
[9.945s][info][gc,metaspace   ] GC(63) Metaspace: 14622K(15232K)->14622K(15232K) NonClass: 12541K(12864K)->12541K(12864K) Class: 2080K(2368K)->2080K(2368K)
[9.945s][info][gc             ] GC(63) Pause Young (Allocation Failure) 119M->11M(790M) 0.954ms
[9.945s][info][gc,cpu         ] GC(63) User=0.00s Sys=0.00s Real=0.00s
[10.014s][info][gc,start       ] GC(64) Pause Young (Allocation Failure)
[10.015s][info][gc,heap        ] GC(64) PSYoungGen: 109568K(109568K)->1024K(131584K) Eden: 108544K(108544K)->0K(130560K) From: 1024K(1024K)->1024K(1024K)
[10.015s][info][gc,heap        ] GC(64) ParOldGen: 11056K(699392K)->11088K(699392K)
[10.015s][info][gc,metaspace   ] GC(64) Metaspace: 14622K(15232K)->14622K(15232K) NonClass: 12541K(12864K)->12541K(12864K) Class: 2080K(2368K)->2080K(2368K)
[10.015s][info][gc             ] GC(64) Pause Young (Allocation Failure) 117M->11M(811M) 1.039ms
[10.015s][info][gc,cpu         ] GC(64) User=0.00s Sys=0.00s Real=0.00s
[10.098s][info][gc,start       ] GC(65) Pause Young (Allocation Failure)
[10.099s][info][gc,heap        ] GC(65) PSYoungGen: 131584K(131584K)->1024K(157696K) Eden: 130560K(130560K)->0K(156672K) From: 1024K(1024K)->1024K(1024K)
[10.099s][info][gc,heap        ] GC(65) ParOldGen: 11088K(699392K)->11128K(699392K)
[10.099s][info][gc,metaspace   ] GC(65) Metaspace: 14622K(15232K)->14622K(15232K) NonClass: 12541K(12864K)->12541K(12864K) Class: 2080K(2368K)->2080K(2368K)
[10.099s][info][gc             ] GC(65) Pause Young (Allocation Failure) 139M->11M(837M) 1.045ms
[10.099s][info][gc,cpu         ] GC(65) User=0.00s Sys=0.00s Real=0.00s
[10.198s][info][gc,start       ] GC(66) Pause Young (Allocation Failure)
[10.199s][info][gc,heap        ] GC(66) PSYoungGen: 157696K(157696K)->992K(155136K) Eden: 156672K(156672K)->0K(154112K) From: 1024K(1024K)->992K(1024K)
[10.199s][info][gc,heap        ] GC(66) ParOldGen: 11128K(699392K)->11168K(699392K)
[10.199s][info][gc,metaspace   ] GC(66) Metaspace: 14622K(15232K)->14622K(15232K) NonClass: 12541K(12864K)->12541K(12864K) Class: 2080K(2368K)->2080K(2368K)
[10.199s][info][gc             ] GC(66) Pause Young (Allocation Failure) 164M->11M(834M) 1.077ms
[10.199s][info][gc,cpu         ] GC(66) User=0.00s Sys=0.00s Real=0.00s
[10.297s][info][gc,start       ] GC(67) Pause Young (Allocation Failure)
[10.298s][info][gc,heap        ] GC(67) PSYoungGen: 155104K(155136K)->992K(152576K) Eden: 154112K(154112K)->0K(151552K) From: 992K(1024K)->992K(1024K)
[10.298s][info][gc,heap        ] GC(67) ParOldGen: 11168K(699392K)->11232K(699392K)
[10.298s][info][gc,metaspace   ] GC(67) Metaspace: 14622K(15232K)->14622K(15232K) NonClass: 12541K(12864K)->12541K(12864K) Class: 2080K(2368K)->2080K(2368K)
[10.298s][info][gc             ] GC(67) Pause Young (Allocation Failure) 162M->11M(832M) 1.125ms
[10.298s][info][gc,cpu         ] GC(67) User=0.02s Sys=0.00s Real=0.00s
[10.395s][info][gc,start       ] GC(68) Pause Young (Allocation Failure)
[10.396s][info][gc,heap        ] GC(68) PSYoungGen: 152544K(152576K)->1024K(150016K) Eden: 151552K(151552K)->0K(148992K) From: 992K(1024K)->1024K(1024K)
[10.396s][info][gc,heap        ] GC(68) ParOldGen: 11232K(699392K)->11272K(699392K)
[10.396s][info][gc,metaspace   ] GC(68) Metaspace: 14622K(15232K)->14622K(15232K) NonClass: 12541K(12864K)->12541K(12864K) Class: 2080K(2368K)->2080K(2368K)
[10.396s][info][gc             ] GC(68) Pause Young (Allocation Failure) 159M->12M(829M) 1.125ms
[10.396s][info][gc,cpu         ] GC(68) User=0.00s Sys=0.00s Real=0.00s
[10.491s][info][gc,start       ] GC(69) Pause Young (Allocation Failure)
[10.492s][info][gc,heap        ] GC(69) PSYoungGen: 150016K(150016K)->992K(147456K) Eden: 148992K(148992K)->0K(146432K) From: 1024K(1024K)->992K(1024K)
[10.492s][info][gc,heap        ] GC(69) ParOldGen: 11272K(699392K)->11328K(699392K)
[10.492s][info][gc,metaspace   ] GC(69) Metaspace: 14622K(15232K)->14622K(15232K) NonClass: 12541K(12864K)->12541K(12864K) Class: 2080K(2368K)->2080K(2368K)
[10.492s][info][gc             ] GC(69) Pause Young (Allocation Failure) 157M->12M(827M) 1.103ms
[10.492s][info][gc,cpu         ] GC(69) User=0.00s Sys=0.00s Real=0.00s
[10.585s][info][gc,start       ] GC(70) Pause Young (Allocation Failure)
[10.586s][info][gc,heap        ] GC(70) PSYoungGen: 147424K(147456K)->1024K(144896K) Eden: 146432K(146432K)->0K(143872K) From: 992K(1024K)->1024K(1024K)
[10.586s][info][gc,heap        ] GC(70) ParOldGen: 11328K(699392K)->11376K(699392K)
[10.586s][info][gc,metaspace   ] GC(70) Metaspace: 14622K(15232K)->14622K(15232K) NonClass: 12541K(12864K)->12541K(12864K) Class: 2080K(2368K)->2080K(2368K)
[10.586s][info][gc             ] GC(70) Pause Young (Allocation Failure) 155M->12M(824M) 1.123ms
[10.586s][info][gc,cpu         ] GC(70) User=0.00s Sys=0.00s Real=0.00s
[10.677s][info][gc,start       ] GC(71) Pause Young (Allocation Failure)
[10.678s][info][gc,heap        ] GC(71) PSYoungGen: 144896K(144896K)->1024K(142848K) Eden: 143872K(143872K)->0K(141824K) From: 1024K(1024K)->1024K(1024K)
[10.678s][info][gc,heap        ] GC(71) ParOldGen: 11376K(699392K)->11416K(699392K)
[10.678s][info][gc,metaspace   ] GC(71) Metaspace: 14622K(15232K)->14622K(15232K) NonClass: 12541K(12864K)->12541K(12864K) Class: 2080K(2368K)->2080K(2368K)
[10.678s][info][gc             ] GC(71) Pause Young (Allocation Failure) 152M->12M(822M) 1.131ms
[10.678s][info][gc,cpu         ] GC(71) User=0.00s Sys=0.00s Real=0.00s
[10.770s][info][gc,start       ] GC(72) Pause Young (Allocation Failure)
[10.771s][info][gc,heap        ] GC(72) PSYoungGen: 142848K(142848K)->1024K(140800K) Eden: 141824K(141824K)->0K(139776K) From: 1024K(1024K)->1024K(1024K)
[10.771s][info][gc,heap        ] GC(72) ParOldGen: 11416K(699392K)->11456K(699392K)
[10.771s][info][gc,metaspace   ] GC(72) Metaspace: 14622K(15232K)->14622K(15232K) NonClass: 12541K(12864K)->12541K(12864K) Class: 2080K(2368K)->2080K(2368K)
[10.771s][info][gc             ] GC(72) Pause Young (Allocation Failure) 150M->12M(820M) 1.146ms
[10.771s][info][gc,cpu         ] GC(72) User=0.00s Sys=0.00s Real=0.00s
[10.971s][info][gc,start       ] GC(73) Pause Young (Allocation Failure)
[10.972s][info][gc,heap        ] GC(73) PSYoungGen: 140800K(140800K)->992K(138752K) Eden: 139776K(139776K)->0K(137728K) From: 1024K(1024K)->992K(1024K)
[10.972s][info][gc,heap        ] GC(73) ParOldGen: 11456K(699392K)->11496K(699392K)
[10.972s][info][gc,metaspace   ] GC(73) Metaspace: 14622K(15232K)->14622K(15232K) NonClass: 12541K(12864K)->12541K(12864K) Class: 2080K(2368K)->2080K(2368K)
[10.972s][info][gc             ] GC(73) Pause Young (Allocation Failure) 148M->12M(818M) 1.737ms
[10.972s][info][gc,cpu         ] GC(73) User=0.00s Sys=0.00s Real=0.00s
[11.068s][info][gc,start       ] GC(74) Pause Young (Allocation Failure)
[11.069s][info][gc,heap        ] GC(74) PSYoungGen: 138720K(138752K)->1024K(136704K) Eden: 137728K(137728K)->0K(135680K) From: 992K(1024K)->1024K(1024K)
[11.069s][info][gc,heap        ] GC(74) ParOldGen: 11496K(699392K)->11528K(699392K)
[11.069s][info][gc,metaspace   ] GC(74) Metaspace: 14622K(15232K)->14622K(15232K) NonClass: 12541K(12864K)->12541K(12864K) Class: 2080K(2368K)->2080K(2368K)
[11.069s][info][gc             ] GC(74) Pause Young (Allocation Failure) 146M->12M(816M) 1.105ms
[11.069s][info][gc,cpu         ] GC(74) User=0.00s Sys=0.00s Real=0.00s
[11.156s][info][gc,start       ] GC(75) Pause Young (Allocation Failure)
[11.157s][info][gc,heap        ] GC(75) PSYoungGen: 136704K(136704K)->1024K(134656K) Eden: 135680K(135680K)->0K(133632K) From: 1024K(1024K)->1024K(1024K)
[11.157s][info][gc,heap        ] GC(75) ParOldGen: 11528K(699392K)->11584K(699392K)
[11.157s][info][gc,metaspace   ] GC(75) Metaspace: 14622K(15232K)->14622K(15232K) NonClass: 12541K(12864K)->12541K(12864K) Class: 2080K(2368K)->2080K(2368K)
[11.157s][info][gc             ] GC(75) Pause Young (Allocation Failure) 144M->12M(814M) 1.036ms
[11.157s][info][gc,cpu         ] GC(75) User=0.00s Sys=0.00s Real=0.00s
[11.244s][info][gc,start       ] GC(76) Pause Young (Allocation Failure)
[11.245s][info][gc,heap        ] GC(76) PSYoungGen: 134656K(134656K)->992K(132608K) Eden: 133632K(133632K)->0K(131584K) From: 1024K(1024K)->992K(1024K)
[11.245s][info][gc,heap        ] GC(76) ParOldGen: 11584K(699392K)->11624K(699392K)
[11.245s][info][gc,metaspace   ] GC(76) Metaspace: 14622K(15232K)->14622K(15232K) NonClass: 12541K(12864K)->12541K(12864K) Class: 2080K(2368K)->2080K(2368K)
[11.245s][info][gc             ] GC(76) Pause Young (Allocation Failure) 142M->12M(812M) 0.904ms
[11.245s][info][gc,cpu         ] GC(76) User=0.00s Sys=0.00s Real=0.00s
[11.330s][info][gc,start       ] GC(77) Pause Young (Allocation Failure)
[11.331s][info][gc,heap        ] GC(77) PSYoungGen: 132576K(132608K)->1024K(130560K) Eden: 131584K(131584K)->0K(129536K) From: 992K(1024K)->1024K(1024K)
[11.331s][info][gc,heap        ] GC(77) ParOldGen: 11624K(699392K)->11664K(699392K)
[11.331s][info][gc,metaspace   ] GC(77) Metaspace: 14622K(15232K)->14622K(15232K) NonClass: 12541K(12864K)->12541K(12864K) Class: 2080K(2368K)->2080K(2368K)
[11.331s][info][gc             ] GC(77) Pause Young (Allocation Failure) 140M->12M(810M) 0.871ms
[11.331s][info][gc,cpu         ] GC(77) User=0.00s Sys=0.00s Real=0.00s
[11.413s][info][gc,start       ] GC(78) Pause Young (Allocation Failure)
[11.414s][info][gc,heap        ] GC(78) PSYoungGen: 130560K(130560K)->1024K(128512K) Eden: 129536K(129536K)->0K(127488K) From: 1024K(1024K)->1024K(1024K)
[11.414s][info][gc,heap        ] GC(78) ParOldGen: 11664K(699392K)->11720K(699392K)
[11.414s][info][gc,metaspace   ] GC(78) Metaspace: 14622K(15232K)->14622K(15232K) NonClass: 12541K(12864K)->12541K(12864K) Class: 2080K(2368K)->2080K(2368K)
[11.414s][info][gc             ] GC(78) Pause Young (Allocation Failure) 138M->12M(808M) 0.827ms
[11.414s][info][gc,cpu         ] GC(78) User=0.00s Sys=0.00s Real=0.00s
[11.494s][info][gc,start       ] GC(79) Pause Young (Allocation Failure)
[11.495s][info][gc,heap        ] GC(79) PSYoungGen: 128512K(128512K)->992K(126464K) Eden: 127488K(127488K)->0K(125440K) From: 1024K(1024K)->992K(1024K)
[11.495s][info][gc,heap        ] GC(79) ParOldGen: 11720K(699392K)->11752K(699392K)
[11.495s][info][gc,metaspace   ] GC(79) Metaspace: 14622K(15232K)->14622K(15232K) NonClass: 12541K(12864K)->12541K(12864K) Class: 2080K(2368K)->2080K(2368K)
[11.495s][info][gc             ] GC(79) Pause Young (Allocation Failure) 136M->12M(806M) 0.859ms
[11.495s][info][gc,cpu         ] GC(79) User=0.00s Sys=0.00s Real=0.00s
[11.575s][info][gc,start       ] GC(80) Pause Young (Allocation Failure)
[11.576s][info][gc,heap        ] GC(80) PSYoungGen: 126432K(126464K)->992K(124928K) Eden: 125440K(125440K)->0K(123904K) From: 992K(1024K)->992K(1024K)
[11.576s][info][gc,heap        ] GC(80) ParOldGen: 11752K(699392K)->11792K(699392K)
[11.576s][info][gc,metaspace   ] GC(80) Metaspace: 14622K(15232K)->14622K(15232K) NonClass: 12541K(12864K)->12541K(12864K) Class: 2080K(2368K)->2080K(2368K)
[11.576s][info][gc             ] GC(80) Pause Young (Allocation Failure) 134M->12M(805M) 0.884ms
[11.576s][info][gc,cpu         ] GC(80) User=0.00s Sys=0.00s Real=0.00s
[11.654s][info][gc,start       ] GC(81) Pause Young (Allocation Failure)
[11.655s][info][gc,heap        ] GC(81) PSYoungGen: 124896K(124928K)->1024K(123392K) Eden: 123904K(123904K)->0K(122368K) From: 992K(1024K)->1024K(1024K)
[11.655s][info][gc,heap        ] GC(81) ParOldGen: 11792K(699392K)->11824K(699392K)
[11.655s][info][gc,metaspace   ] GC(81) Metaspace: 14622K(15232K)->14622K(15232K) NonClass: 12541K(12864K)->12541K(12864K) Class: 2080K(2368K)->2080K(2368K)
[11.655s][info][gc             ] GC(81) Pause Young (Allocation Failure) 133M->12M(803M) 0.861ms
[11.655s][info][gc,cpu         ] GC(81) User=0.00s Sys=0.00s Real=0.00s
[11.732s][info][gc,start       ] GC(82) Pause Young (Allocation Failure)
[11.733s][info][gc,heap        ] GC(82) PSYoungGen: 123392K(123392K)->1056K(122368K) Eden: 122368K(122368K)->0K(120832K) From: 1024K(1024K)->1056K(1536K)
[11.733s][info][gc,heap        ] GC(82) ParOldGen: 11824K(699392K)->11856K(699392K)
[11.733s][info][gc,metaspace   ] GC(82) Metaspace: 14622K(15232K)->14622K(15232K) NonClass: 12541K(12864K)->12541K(12864K) Class: 2080K(2368K)->2080K(2368K)
[11.733s][info][gc             ] GC(82) Pause Young (Allocation Failure) 132M->12M(802M) 0.790ms
[11.733s][info][gc,cpu         ] GC(82) User=0.00s Sys=0.00s Real=0.00s
[11.810s][info][gc,start       ] GC(83) Pause Young (Allocation Failure)
[11.811s][info][gc,heap        ] GC(83) PSYoungGen: 121888K(122368K)->992K(120320K) Eden: 120832K(120832K)->0K(119296K) From: 1056K(1536K)->992K(1024K)
[11.811s][info][gc,heap        ] GC(83) ParOldGen: 11856K(699392K)->11904K(699392K)
[11.811s][info][gc,metaspace   ] GC(83) Metaspace: 14622K(15232K)->14622K(15232K) NonClass: 12541K(12864K)->12541K(12864K) Class: 2080K(2368K)->2080K(2368K)
[11.811s][info][gc             ] GC(83) Pause Young (Allocation Failure) 130M->12M(800M) 0.947ms
[11.811s][info][gc,cpu         ] GC(83) User=0.00s Sys=0.00s Real=0.00s
[11.887s][info][gc,start       ] GC(84) Pause Young (Allocation Failure)
[11.887s][info][gc,heap        ] GC(84) PSYoungGen: 120288K(120320K)->992K(118784K) Eden: 119296K(119296K)->0K(117760K) From: 992K(1024K)->992K(1024K)
[11.887s][info][gc,heap        ] GC(84) ParOldGen: 11904K(699392K)->11936K(699392K)
[11.887s][info][gc,metaspace   ] GC(84) Metaspace: 14622K(15232K)->14622K(15232K) NonClass: 12541K(12864K)->12541K(12864K) Class: 2080K(2368K)->2080K(2368K)
[11.887s][info][gc             ] GC(84) Pause Young (Allocation Failure) 129M->12M(799M) 0.735ms
[11.887s][info][gc,cpu         ] GC(84) User=0.00s Sys=0.00s Real=0.00s
[11.963s][info][gc,start       ] GC(85) Pause Young (Allocation Failure)
[11.964s][info][gc,heap        ] GC(85) PSYoungGen: 118752K(118784K)->1024K(117248K) Eden: 117760K(117760K)->0K(116224K) From: 992K(1024K)->1024K(1024K)
[11.964s][info][gc,heap        ] GC(85) ParOldGen: 11936K(699392K)->11976K(699392K)
[11.964s][info][gc,metaspace   ] GC(85) Metaspace: 14622K(15232K)->14622K(15232K) NonClass: 12541K(12864K)->12541K(12864K) Class: 2080K(2368K)->2080K(2368K)
[11.964s][info][gc             ] GC(85) Pause Young (Allocation Failure) 127M->12M(797M) 0.906ms
[11.964s][info][gc,cpu         ] GC(85) User=0.00s Sys=0.00s Real=0.00s
[12.038s][info][gc,start       ] GC(86) Pause Young (Allocation Failure)
[12.039s][info][gc,heap        ] GC(86) PSYoungGen: 117248K(117248K)->992K(115712K) Eden: 116224K(116224K)->0K(114688K) From: 1024K(1024K)->992K(1024K)
[12.039s][info][gc,heap        ] GC(86) ParOldGen: 11976K(699392K)->12016K(699392K)
[12.039s][info][gc,metaspace   ] GC(86) Metaspace: 14622K(15232K)->14622K(15232K) NonClass: 12541K(12864K)->12541K(12864K) Class: 2080K(2368K)->2080K(2368K)
[12.039s][info][gc             ] GC(86) Pause Young (Allocation Failure) 126M->12M(796M) 0.875ms
[12.039s][info][gc,cpu         ] GC(86) User=0.00s Sys=0.00s Real=0.00s
[12.112s][info][gc,start       ] GC(87) Pause Young (Allocation Failure)
[12.112s][info][gc,heap        ] GC(87) PSYoungGen: 115680K(115712K)->992K(114176K) Eden: 114688K(114688K)->0K(113152K) From: 992K(1024K)->992K(1024K)
[12.112s][info][gc,heap        ] GC(87) ParOldGen: 12016K(699392K)->12060K(699392K)
[12.112s][info][gc,metaspace   ] GC(87) Metaspace: 14622K(15232K)->14622K(15232K) NonClass: 12541K(12864K)->12541K(12864K) Class: 2080K(2368K)->2080K(2368K)
[12.112s][info][gc             ] GC(87) Pause Young (Allocation Failure) 124M->12M(794M) 0.873ms
[12.112s][info][gc,cpu         ] GC(87) User=0.00s Sys=0.00s Real=0.00s
[12.184s][info][gc,start       ] GC(88) Pause Young (Allocation Failure)
[12.185s][info][gc,heap        ] GC(88) PSYoungGen: 114144K(114176K)->1024K(112640K) Eden: 113152K(113152K)->0K(111616K) From: 992K(1024K)->1024K(1024K)
[12.185s][info][gc,heap        ] GC(88) ParOldGen: 12060K(699392K)->12100K(699392K)
[12.185s][info][gc,metaspace   ] GC(88) Metaspace: 14622K(15232K)->14622K(15232K) NonClass: 12541K(12864K)->12541K(12864K) Class: 2080K(2368K)->2080K(2368K)
[12.185s][info][gc             ] GC(88) Pause Young (Allocation Failure) 123M->12M(793M) 0.920ms
[12.185s][info][gc,cpu         ] GC(88) User=0.00s Sys=0.00s Real=0.00s
[12.256s][info][gc,start       ] GC(89) Pause Young (Allocation Failure)
[12.257s][info][gc,heap        ] GC(89) PSYoungGen: 112640K(112640K)->992K(111104K) Eden: 111616K(111616K)->0K(110080K) From: 1024K(1024K)->992K(1024K)
[12.257s][info][gc,heap        ] GC(89) ParOldGen: 12100K(699392K)->12140K(699392K)
[12.257s][info][gc,metaspace   ] GC(89) Metaspace: 14622K(15232K)->14622K(15232K) NonClass: 12541K(12864K)->12541K(12864K) Class: 2080K(2368K)->2080K(2368K)
[12.257s][info][gc             ] GC(89) Pause Young (Allocation Failure) 121M->12M(791M) 0.925ms
[12.257s][info][gc,cpu         ] GC(89) User=0.00s Sys=0.00s Real=0.00s
[12.326s][info][gc,start       ] GC(90) Pause Young (Allocation Failure)
[12.327s][info][gc,heap        ] GC(90) PSYoungGen: 111072K(111104K)->1024K(109568K) Eden: 110080K(110080K)->0K(108544K) From: 992K(1024K)->1024K(1024K)
[12.327s][info][gc,heap        ] GC(90) ParOldGen: 12140K(699392K)->12188K(699392K)
[12.327s][info][gc,metaspace   ] GC(90) Metaspace: 14622K(15232K)->14622K(15232K) NonClass: 12541K(12864K)->12541K(12864K) Class: 2080K(2368K)->2080K(2368K)
[12.327s][info][gc             ] GC(90) Pause Young (Allocation Failure) 120M->12M(790M) 0.936ms
[12.327s][info][gc,cpu         ] GC(90) User=0.00s Sys=0.00s Real=0.00s
[12.396s][info][gc,start       ] GC(91) Pause Young (Allocation Failure)
[12.396s][info][gc,heap        ] GC(91) PSYoungGen: 109568K(109568K)->992K(108032K) Eden: 108544K(108544K)->0K(107008K) From: 1024K(1024K)->992K(1024K)
[12.397s][info][gc,heap        ] GC(91) ParOldGen: 12188K(699392K)->12212K(699392K)
[12.397s][info][gc,metaspace   ] GC(91) Metaspace: 14622K(15232K)->14622K(15232K) NonClass: 12541K(12864K)->12541K(12864K) Class: 2080K(2368K)->2080K(2368K)
[12.397s][info][gc             ] GC(91) Pause Young (Allocation Failure) 118M->12M(788M) 0.944ms
[12.397s][info][gc,cpu         ] GC(91) User=0.00s Sys=0.00s Real=0.00s
[12.464s][info][gc,start       ] GC(92) Pause Young (Allocation Failure)
[12.465s][info][gc,heap        ] GC(92) PSYoungGen: 108000K(108032K)->960K(106496K) Eden: 107008K(107008K)->0K(105472K) From: 992K(1024K)->960K(1024K)
[12.465s][info][gc,heap        ] GC(92) ParOldGen: 12212K(699392K)->12244K(699392K)
[12.465s][info][gc,metaspace   ] GC(92) Metaspace: 14622K(15232K)->14622K(15232K) NonClass: 12541K(12864K)->12541K(12864K) Class: 2080K(2368K)->2080K(2368K)
[12.465s][info][gc             ] GC(92) Pause Young (Allocation Failure) 117M->12M(787M) 0.912ms
[12.465s][info][gc,cpu         ] GC(92) User=0.00s Sys=0.00s Real=0.00s
[12.532s][info][gc,start       ] GC(93) Pause Young (Allocation Failure)
[12.533s][info][gc,heap        ] GC(93) PSYoungGen: 106432K(106496K)->992K(128000K) Eden: 105472K(105472K)->0K(126976K) From: 960K(1024K)->992K(1024K)
[12.533s][info][gc,heap        ] GC(93) ParOldGen: 12244K(699392K)->12284K(699392K)
[12.533s][info][gc,metaspace   ] GC(93) Metaspace: 14622K(15232K)->14622K(15232K) NonClass: 12541K(12864K)->12541K(12864K) Class: 2080K(2368K)->2080K(2368K)
[12.533s][info][gc             ] GC(93) Pause Young (Allocation Failure) 115M->12M(808M) 0.941ms
[12.533s][info][gc,cpu         ] GC(93) User=0.00s Sys=0.00s Real=0.00s
[12.614s][info][gc,start       ] GC(94) Pause Young (Allocation Failure)
[12.615s][info][gc,heap        ] GC(94) PSYoungGen: 127968K(128000K)->992K(125952K) Eden: 126976K(126976K)->0K(124928K) From: 992K(1024K)->992K(1024K)
[12.615s][info][gc,heap        ] GC(94) ParOldGen: 12284K(699392K)->12316K(699392K)
[12.615s][info][gc,metaspace   ] GC(94) Metaspace: 14622K(15232K)->14622K(15232K) NonClass: 12541K(12864K)->12541K(12864K) Class: 2080K(2368K)->2080K(2368K)
[12.615s][info][gc             ] GC(94) Pause Young (Allocation Failure) 136M->12M(806M) 1.023ms
[12.615s][info][gc,cpu         ] GC(94) User=0.00s Sys=0.00s Real=0.00s
[12.694s][info][gc,start       ] GC(95) Pause Young (Allocation Failure)
[12.695s][info][gc,heap        ] GC(95) PSYoungGen: 125920K(125952K)->1024K(151040K) Eden: 124928K(124928K)->0K(150016K) From: 992K(1024K)->1024K(1024K)
[12.695s][info][gc,heap        ] GC(95) ParOldGen: 12316K(699392K)->12356K(699392K)
[12.695s][info][gc,metaspace   ] GC(95) Metaspace: 14622K(15232K)->14622K(15232K) NonClass: 12541K(12864K)->12541K(12864K) Class: 2080K(2368K)->2080K(2368K)
[12.695s][info][gc             ] GC(95) Pause Young (Allocation Failure) 134M->13M(830M) 1.019ms
[12.695s][info][gc,cpu         ] GC(95) User=0.00s Sys=0.00s Real=0.00s
[12.790s][info][gc,start       ] GC(96) Pause Young (Allocation Failure)
[12.791s][info][gc,heap        ] GC(96) PSYoungGen: 151040K(151040K)->1024K(148480K) Eden: 150016K(150016K)->0K(147456K) From: 1024K(1024K)->1024K(1024K)
[12.791s][info][gc,heap        ] GC(96) ParOldGen: 12356K(699392K)->12388K(699392K)
[12.791s][info][gc,metaspace   ] GC(96) Metaspace: 14622K(15232K)->14622K(15232K) NonClass: 12541K(12864K)->12541K(12864K) Class: 2080K(2368K)->2080K(2368K)
[12.791s][info][gc             ] GC(96) Pause Young (Allocation Failure) 159M->13M(828M) 1.052ms
[12.791s][info][gc,cpu         ] GC(96) User=0.00s Sys=0.00s Real=0.00s
[12.884s][info][gc,start       ] GC(97) Pause Young (Allocation Failure)
[12.885s][info][gc,heap        ] GC(97) PSYoungGen: 148480K(148480K)->1024K(145920K) Eden: 147456K(147456K)->0K(144896K) From: 1024K(1024K)->1024K(1024K)
[12.885s][info][gc,heap        ] GC(97) ParOldGen: 12388K(699392K)->12428K(699392K)
[12.885s][info][gc,metaspace   ] GC(97) Metaspace: 14622K(15232K)->14622K(15232K) NonClass: 12541K(12864K)->12541K(12864K) Class: 2080K(2368K)->2080K(2368K)
[12.885s][info][gc             ] GC(97) Pause Young (Allocation Failure) 157M->13M(825M) 1.029ms
[12.885s][info][gc,cpu         ] GC(97) User=0.00s Sys=0.00s Real=0.00s
[12.978s][info][gc,start       ] GC(98) Pause Young (Allocation Failure)
[12.979s][info][gc,heap        ] GC(98) PSYoungGen: 145920K(145920K)->1056K(143872K) Eden: 144896K(144896K)->0K(142336K) From: 1024K(1024K)->1056K(1536K)
[12.979s][info][gc,heap        ] GC(98) ParOldGen: 12428K(699392K)->12476K(699392K)
[12.979s][info][gc,metaspace   ] GC(98) Metaspace: 14622K(15232K)->14622K(15232K) NonClass: 12541K(12864K)->12541K(12864K) Class: 2080K(2368K)->2080K(2368K)
[12.979s][info][gc             ] GC(98) Pause Young (Allocation Failure) 154M->13M(823M) 0.976ms
[12.979s][info][gc,cpu         ] GC(98) User=0.00s Sys=0.00s Real=0.00s
[13.069s][info][gc,start       ] GC(99) Pause Young (Allocation Failure)
[13.070s][info][gc,heap        ] GC(99) PSYoungGen: 143392K(143872K)->1024K(141312K) Eden: 142336K(142336K)->0K(140288K) From: 1056K(1536K)->1024K(1024K)
[13.070s][info][gc,heap        ] GC(99) ParOldGen: 12476K(699392K)->12524K(699392K)
[13.070s][info][gc,metaspace   ] GC(99) Metaspace: 14622K(15232K)->14622K(15232K) NonClass: 12541K(12864K)->12541K(12864K) Class: 2080K(2368K)->2080K(2368K)
[13.070s][info][gc             ] GC(99) Pause Young (Allocation Failure) 152M->13M(821M) 1.155ms
[13.070s][info][gc,cpu         ] GC(99) User=0.00s Sys=0.00s Real=0.00s
[13.158s][info][gc,start       ] GC(100) Pause Young (Allocation Failure)
[13.159s][info][gc,heap        ] GC(100) PSYoungGen: 141312K(141312K)->992K(139264K) Eden: 140288K(140288K)->0K(138240K) From: 1024K(1024K)->992K(1024K)
[13.159s][info][gc,heap        ] GC(100) ParOldGen: 12524K(699392K)->12556K(699392K)
[13.159s][info][gc,metaspace   ] GC(100) Metaspace: 14622K(15232K)->14622K(15232K) NonClass: 12541K(12864K)->12541K(12864K) Class: 2080K(2368K)->2080K(2368K)
[13.159s][info][gc             ] GC(100) Pause Young (Allocation Failure) 150M->13M(819M) 1.095ms
[13.159s][info][gc,cpu         ] GC(100) User=0.00s Sys=0.00s Real=0.00s
[13.247s][info][gc,start       ] GC(101) Pause Young (Allocation Failure)
[13.248s][info][gc,heap        ] GC(101) PSYoungGen: 139231K(139264K)->992K(137216K) Eden: 138239K(138240K)->0K(136192K) From: 992K(1024K)->992K(1024K)
[13.248s][info][gc,heap        ] GC(101) ParOldGen: 12556K(699392K)->12596K(699392K)
[13.248s][info][gc,metaspace   ] GC(101) Metaspace: 14622K(15232K)->14622K(15232K) NonClass: 12541K(12864K)->12541K(12864K) Class: 2080K(2368K)->2080K(2368K)
[13.248s][info][gc             ] GC(101) Pause Young (Allocation Failure) 148M->13M(817M) 1.113ms
[13.248s][info][gc,cpu         ] GC(101) User=0.00s Sys=0.00s Real=0.00s
[13.334s][info][gc,start       ] GC(102) Pause Young (Allocation Failure)
[13.336s][info][gc,heap        ] GC(102) PSYoungGen: 137184K(137216K)->1024K(135168K) Eden: 136192K(136192K)->0K(134144K) From: 992K(1024K)->1024K(1024K)
[13.336s][info][gc,heap        ] GC(102) ParOldGen: 12596K(699392K)->12652K(699392K)
[13.336s][info][gc,metaspace   ] GC(102) Metaspace: 14622K(15232K)->14622K(15232K) NonClass: 12541K(12864K)->12541K(12864K) Class: 2080K(2368K)->2080K(2368K)
[13.336s][info][gc             ] GC(102) Pause Young (Allocation Failure) 146M->13M(815M) 1.146ms
[13.336s][info][gc,cpu         ] GC(102) User=0.00s Sys=0.00s Real=0.00s
[13.421s][info][gc,start       ] GC(103) Pause Young (Allocation Failure)
[13.422s][info][gc,heap        ] GC(103) PSYoungGen: 135168K(135168K)->1056K(162816K) Eden: 134144K(134144K)->0K(161280K) From: 1024K(1024K)->1056K(1536K)
[13.422s][info][gc,heap        ] GC(103) ParOldGen: 12652K(699392K)->12692K(699392K)
[13.422s][info][gc,metaspace   ] GC(103) Metaspace: 14622K(15232K)->14622K(15232K) NonClass: 12541K(12864K)->12541K(12864K) Class: 2080K(2368K)->2080K(2368K)
[13.422s][info][gc             ] GC(103) Pause Young (Allocation Failure) 144M->13M(842M) 1.194ms
[13.422s][info][gc,cpu         ] GC(103) User=0.00s Sys=0.02s Real=0.00s
[13.524s][info][gc,start       ] GC(104) Pause Young (Allocation Failure)
[13.525s][info][gc,heap        ] GC(104) PSYoungGen: 162336K(162816K)->1024K(194560K) Eden: 161280K(161280K)->0K(193536K) From: 1056K(1536K)->1024K(1024K)
[13.525s][info][gc,heap        ] GC(104) ParOldGen: 12692K(699392K)->12724K(699392K)
[13.525s][info][gc,metaspace   ] GC(104) Metaspace: 14622K(15232K)->14622K(15232K) NonClass: 12541K(12864K)->12541K(12864K) Class: 2080K(2368K)->2080K(2368K)
[13.525s][info][gc             ] GC(104) Pause Young (Allocation Failure) 170M->13M(873M) 1.120ms
[13.526s][info][gc,cpu         ] GC(104) User=0.00s Sys=0.00s Real=0.00s
[13.691s][info][gc,start       ] GC(105) Pause Young (Allocation Failure)
[13.692s][info][gc,heap        ] GC(105) PSYoungGen: 194560K(194560K)->1056K(190976K) Eden: 193536K(193536K)->0K(189440K) From: 1024K(1024K)->1056K(1536K)
[13.692s][info][gc,heap        ] GC(105) ParOldGen: 12724K(699392K)->12780K(699392K)
[13.692s][info][gc,metaspace   ] GC(105) Metaspace: 14622K(15232K)->14622K(15232K) NonClass: 12541K(12864K)->12541K(12864K) Class: 2080K(2368K)->2080K(2368K)
[13.692s][info][gc             ] GC(105) Pause Young (Allocation Failure) 202M->13M(869M) 1.679ms
[13.692s][info][gc,cpu         ] GC(105) User=0.00s Sys=0.00s Real=0.00s
[13.820s][info][gc,start       ] GC(106) Pause Young (Allocation Failure)
[13.821s][info][gc,heap        ] GC(106) PSYoungGen: 190496K(190976K)->1024K(186880K) Eden: 189440K(189440K)->0K(185856K) From: 1056K(1536K)->1024K(1024K)
[13.822s][info][gc,heap        ] GC(106) ParOldGen: 12780K(699392K)->12836K(699392K)
[13.822s][info][gc,metaspace   ] GC(106) Metaspace: 14622K(15232K)->14622K(15232K) NonClass: 12541K(12864K)->12541K(12864K) Class: 2080K(2368K)->2080K(2368K)
[13.822s][info][gc             ] GC(106) Pause Young (Allocation Failure) 198M->13M(865M) 1.079ms
[13.822s][info][gc,cpu         ] GC(106) User=0.00s Sys=0.00s Real=0.00s
[13.941s][info][gc,start       ] GC(107) Pause Young (Allocation Failure)
[13.942s][info][gc,heap        ] GC(107) PSYoungGen: 186880K(186880K)->1024K(183296K) Eden: 185856K(185856K)->0K(182272K) From: 1024K(1024K)->1024K(1024K)
[13.942s][info][gc,heap        ] GC(107) ParOldGen: 12836K(699392K)->12908K(699392K)
[13.942s][info][gc,metaspace   ] GC(107) Metaspace: 14622K(15232K)->14622K(15232K) NonClass: 12541K(12864K)->12541K(12864K) Class: 2080K(2368K)->2080K(2368K)
[13.942s][info][gc             ] GC(107) Pause Young (Allocation Failure) 195M->13M(862M) 1.113ms
[13.942s][info][gc,cpu         ] GC(107) User=0.00s Sys=0.00s Real=0.00s
[14.061s][info][gc,start       ] GC(108) Pause Young (Allocation Failure)
[14.062s][info][gc,heap        ] GC(108) PSYoungGen: 183296K(183296K)->1024K(179712K) Eden: 182272K(182272K)->0K(178688K) From: 1024K(1024K)->1024K(1024K)
[14.062s][info][gc,heap        ] GC(108) ParOldGen: 12908K(699392K)->12972K(699392K)
[14.062s][info][gc,metaspace   ] GC(108) Metaspace: 14622K(15232K)->14622K(15232K) NonClass: 12541K(12864K)->12541K(12864K) Class: 2080K(2368K)->2080K(2368K)
[14.062s][info][gc             ] GC(108) Pause Young (Allocation Failure) 191M->13M(858M) 0.882ms
[14.062s][info][gc,cpu         ] GC(108) User=0.00s Sys=0.00s Real=0.00s
[14.175s][info][gc,start       ] GC(109) Pause Young (Allocation Failure)
[14.176s][info][gc,heap        ] GC(109) PSYoungGen: 179712K(179712K)->1024K(176128K) Eden: 178688K(178688K)->0K(175104K) From: 1024K(1024K)->1024K(1024K)
[14.176s][info][gc,heap        ] GC(109) ParOldGen: 12972K(699392K)->13028K(699392K)
[14.176s][info][gc,metaspace   ] GC(109) Metaspace: 14622K(15232K)->14622K(15232K) NonClass: 12541K(12864K)->12541K(12864K) Class: 2080K(2368K)->2080K(2368K)
[14.176s][info][gc             ] GC(109) Pause Young (Allocation Failure) 188M->13M(855M) 0.865ms
[14.176s][info][gc,cpu         ] GC(109) User=0.00s Sys=0.00s Real=0.00s
[14.286s][info][gc,start       ] GC(110) Pause Young (Allocation Failure)
[14.287s][info][gc,heap        ] GC(110) PSYoungGen: 176128K(176128K)->1024K(173056K) Eden: 175104K(175104K)->0K(172032K) From: 1024K(1024K)->1024K(1024K)
[14.287s][info][gc,heap        ] GC(110) ParOldGen: 13028K(699392K)->13076K(699392K)
[14.287s][info][gc,metaspace   ] GC(110) Metaspace: 14622K(15232K)->14622K(15232K) NonClass: 12541K(12864K)->12541K(12864K) Class: 2080K(2368K)->2080K(2368K)
[14.287s][info][gc             ] GC(110) Pause Young (Allocation Failure) 184M->13M(852M) 0.953ms
[14.287s][info][gc,cpu         ] GC(110) User=0.00s Sys=0.00s Real=0.00s
[14.396s][info][gc,start       ] GC(111) Pause Young (Allocation Failure)
[14.397s][info][gc,heap        ] GC(111) PSYoungGen: 173056K(173056K)->1024K(169984K) Eden: 172032K(172032K)->0K(168960K) From: 1024K(1024K)->1024K(1024K)
[14.397s][info][gc,heap        ] GC(111) ParOldGen: 13076K(699392K)->13124K(699392K)
[14.397s][info][gc,metaspace   ] GC(111) Metaspace: 14622K(15232K)->14622K(15232K) NonClass: 12541K(12864K)->12541K(12864K) Class: 2080K(2368K)->2080K(2368K)
[14.397s][info][gc             ] GC(111) Pause Young (Allocation Failure) 181M->13M(849M) 0.901ms
[14.397s][info][gc,cpu         ] GC(111) User=0.00s Sys=0.00s Real=0.00s
[14.504s][info][gc,start       ] GC(112) Pause Young (Allocation Failure)
[14.505s][info][gc,heap        ] GC(112) PSYoungGen: 169984K(169984K)->1024K(166912K) Eden: 168960K(168960K)->0K(165888K) From: 1024K(1024K)->1024K(1024K)
[14.505s][info][gc,heap        ] GC(112) ParOldGen: 13124K(699392K)->13172K(699392K)
[14.505s][info][gc,metaspace   ] GC(112) Metaspace: 14622K(15232K)->14622K(15232K) NonClass: 12541K(12864K)->12541K(12864K) Class: 2080K(2368K)->2080K(2368K)
[14.505s][info][gc             ] GC(112) Pause Young (Allocation Failure) 178M->13M(846M) 0.932ms
[14.505s][info][gc,cpu         ] GC(112) User=0.00s Sys=0.00s Real=0.00s
[14.612s][info][gc,start       ] GC(113) Pause Young (Allocation Failure)
[14.613s][info][gc,heap        ] GC(113) PSYoungGen: 166912K(166912K)->1024K(163840K) Eden: 165888K(165888K)->0K(162816K) From: 1024K(1024K)->1024K(1024K)
[14.613s][info][gc,heap        ] GC(113) ParOldGen: 13172K(699392K)->13236K(699392K)
[14.613s][info][gc,metaspace   ] GC(113) Metaspace: 14622K(15232K)->14622K(15232K) NonClass: 12541K(12864K)->12541K(12864K) Class: 2080K(2368K)->2080K(2368K)
[14.613s][info][gc             ] GC(113) Pause Young (Allocation Failure) 175M->13M(843M) 0.966ms
[14.613s][info][gc,cpu         ] GC(113) User=0.00s Sys=0.00s Real=0.00s
[14.718s][info][gc,start       ] GC(114) Pause Young (Allocation Failure)
[14.718s][info][gc,heap        ] GC(114) PSYoungGen: 163840K(163840K)->1024K(160768K) Eden: 162816K(162816K)->0K(159744K) From: 1024K(1024K)->1024K(1024K)
[14.719s][info][gc,heap        ] GC(114) ParOldGen: 13236K(699392K)->13292K(699392K)
[14.719s][info][gc,metaspace   ] GC(114) Metaspace: 14622K(15232K)->14622K(15232K) NonClass: 12541K(12864K)->12541K(12864K) Class: 2080K(2368K)->2080K(2368K)
[14.719s][info][gc             ] GC(114) Pause Young (Allocation Failure) 172M->13M(840M) 0.913ms
[14.719s][info][gc,cpu         ] GC(114) User=0.00s Sys=0.00s Real=0.00s
[14.820s][info][gc,start       ] GC(115) Pause Young (Allocation Failure)
[14.821s][info][gc,heap        ] GC(115) PSYoungGen: 160768K(160768K)->1024K(158208K) Eden: 159744K(159744K)->0K(157184K) From: 1024K(1024K)->1024K(1024K)
[14.821s][info][gc,heap        ] GC(115) ParOldGen: 13292K(699392K)->13356K(699392K)
[14.821s][info][gc,metaspace   ] GC(115) Metaspace: 14622K(15232K)->14622K(15232K) NonClass: 12541K(12864K)->12541K(12864K) Class: 2080K(2368K)->2080K(2368K)
[14.821s][info][gc             ] GC(115) Pause Young (Allocation Failure) 169M->14M(837M) 0.948ms
[14.821s][info][gc,cpu         ] GC(115) User=0.00s Sys=0.00s Real=0.00s
[14.921s][info][gc,start       ] GC(116) Pause Young (Allocation Failure)
[14.922s][info][gc,heap        ] GC(116) PSYoungGen: 158208K(158208K)->1024K(155648K) Eden: 157184K(157184K)->0K(154624K) From: 1024K(1024K)->1024K(1024K)
[14.922s][info][gc,heap        ] GC(116) ParOldGen: 13356K(699392K)->13404K(699392K)
[14.922s][info][gc,metaspace   ] GC(116) Metaspace: 14622K(15232K)->14622K(15232K) NonClass: 12541K(12864K)->12541K(12864K) Class: 2080K(2368K)->2080K(2368K)
[14.922s][info][gc             ] GC(116) Pause Young (Allocation Failure) 167M->14M(835M) 0.992ms
[14.922s][info][gc,cpu         ] GC(116) User=0.52s Sys=0.00s Real=0.00s
[15.021s][info][gc,start       ] GC(117) Pause Young (Allocation Failure)
[15.022s][info][gc,heap        ] GC(117) PSYoungGen: 155647K(155648K)->1024K(153088K) Eden: 154623K(154624K)->0K(152064K) From: 1024K(1024K)->1024K(1024K)
[15.022s][info][gc,heap        ] GC(117) ParOldGen: 13404K(699392K)->13460K(699392K)
[15.022s][info][gc,metaspace   ] GC(117) Metaspace: 14622K(15232K)->14622K(15232K) NonClass: 12541K(12864K)->12541K(12864K) Class: 2080K(2368K)->2080K(2368K)
[15.022s][info][gc             ] GC(117) Pause Young (Allocation Failure) 165M->14M(832M) 0.962ms
[15.022s][info][gc,cpu         ] GC(117) User=0.00s Sys=0.00s Real=0.00s
[15.118s][info][gc,start       ] GC(118) Pause Young (Allocation Failure)
[15.119s][info][gc,heap        ] GC(118) PSYoungGen: 153088K(153088K)->1024K(150528K) Eden: 152064K(152064K)->0K(149504K) From: 1024K(1024K)->1024K(1024K)
[15.119s][info][gc,heap        ] GC(118) ParOldGen: 13460K(699392K)->13500K(699392K)
[15.119s][info][gc,metaspace   ] GC(118) Metaspace: 14622K(15232K)->14622K(15232K) NonClass: 12541K(12864K)->12541K(12864K) Class: 2080K(2368K)->2080K(2368K)
[15.119s][info][gc             ] GC(118) Pause Young (Allocation Failure) 162M->14M(830M) 0.997ms
[15.119s][info][gc,cpu         ] GC(118) User=0.00s Sys=0.00s Real=0.00s
[15.214s][info][gc,start       ] GC(119) Pause Young (Allocation Failure)
[15.215s][info][gc,heap        ] GC(119) PSYoungGen: 150528K(150528K)->1024K(147968K) Eden: 149504K(149504K)->0K(146944K) From: 1024K(1024K)->1024K(1024K)
[15.215s][info][gc,heap        ] GC(119) ParOldGen: 13500K(699392K)->13548K(699392K)
[15.215s][info][gc,metaspace   ] GC(119) Metaspace: 14622K(15232K)->14622K(15232K) NonClass: 12541K(12864K)->12541K(12864K) Class: 2080K(2368K)->2080K(2368K)
[15.215s][info][gc             ] GC(119) Pause Young (Allocation Failure) 160M->14M(827M) 1.060ms
[15.215s][info][gc,cpu         ] GC(119) User=0.00s Sys=0.00s Real=0.00s
[15.308s][info][gc,start       ] GC(120) Pause Young (Allocation Failure)
[15.309s][info][gc,heap        ] GC(120) PSYoungGen: 147968K(147968K)->1024K(145408K) Eden: 146944K(146944K)->0K(144384K) From: 1024K(1024K)->1024K(1024K)
[15.309s][info][gc,heap        ] GC(120) ParOldGen: 13548K(699392K)->13588K(699392K)
[15.309s][info][gc,metaspace   ] GC(120) Metaspace: 14622K(15232K)->14622K(15232K) NonClass: 12541K(12864K)->12541K(12864K) Class: 2080K(2368K)->2080K(2368K)
[15.309s][info][gc             ] GC(120) Pause Young (Allocation Failure) 157M->14M(825M) 1.060ms
[15.309s][info][gc,cpu         ] GC(120) User=0.00s Sys=0.00s Real=0.00s
[15.401s][info][gc,start       ] GC(121) Pause Young (Allocation Failure)
[15.402s][info][gc,heap        ] GC(121) PSYoungGen: 145408K(145408K)->1024K(142848K) Eden: 144384K(144384K)->0K(141824K) From: 1024K(1024K)->1024K(1024K)
[15.402s][info][gc,heap        ] GC(121) ParOldGen: 13588K(699392K)->13628K(699392K)
[15.402s][info][gc,metaspace   ] GC(121) Metaspace: 14622K(15232K)->14622K(15232K) NonClass: 12541K(12864K)->12541K(12864K) Class: 2080K(2368K)->2080K(2368K)
[15.402s][info][gc             ] GC(121) Pause Young (Allocation Failure) 155M->14M(822M) 1.039ms
[15.402s][info][gc,cpu         ] GC(121) User=0.00s Sys=0.00s Real=0.00s
[15.492s][info][gc,start       ] GC(122) Pause Young (Allocation Failure)
[15.493s][info][gc,heap        ] GC(122) PSYoungGen: 142848K(142848K)->1024K(140800K) Eden: 141824K(141824K)->0K(139776K) From: 1024K(1024K)->1024K(1024K)
[15.493s][info][gc,heap        ] GC(122) ParOldGen: 13628K(699392K)->13676K(699392K)
[15.493s][info][gc,metaspace   ] GC(122) Metaspace: 14622K(15232K)->14622K(15232K) NonClass: 12541K(12864K)->12541K(12864K) Class: 2080K(2368K)->2080K(2368K)
[15.493s][info][gc             ] GC(122) Pause Young (Allocation Failure) 152M->14M(820M) 1.062ms
[15.493s][info][gc,cpu         ] GC(122) User=0.00s Sys=0.00s Real=0.00s
[15.581s][info][gc,start       ] GC(123) Pause Young (Allocation Failure)
[15.582s][info][gc,heap        ] GC(123) PSYoungGen: 140799K(140800K)->1024K(138752K) Eden: 139775K(139776K)->0K(137728K) From: 1024K(1024K)->1024K(1024K)
[15.582s][info][gc,heap        ] GC(123) ParOldGen: 13676K(699392K)->13716K(699392K)
[15.582s][info][gc,metaspace   ] GC(123) Metaspace: 14622K(15232K)->14622K(15232K) NonClass: 12541K(12864K)->12541K(12864K) Class: 2080K(2368K)->2080K(2368K)
[15.582s][info][gc             ] GC(123) Pause Young (Allocation Failure) 150M->14M(818M) 1.083ms
[15.582s][info][gc,cpu         ] GC(123) User=0.00s Sys=0.00s Real=0.00s
[15.670s][info][gc,start       ] GC(124) Pause Young (Allocation Failure)
[15.671s][info][gc,heap        ] GC(124) PSYoungGen: 138752K(138752K)->1024K(136704K) Eden: 137728K(137728K)->0K(135680K) From: 1024K(1024K)->1024K(1024K)
[15.671s][info][gc,heap        ] GC(124) ParOldGen: 13716K(699392K)->13756K(699392K)
[15.671s][info][gc,metaspace   ] GC(124) Metaspace: 14622K(15232K)->14622K(15232K) NonClass: 12541K(12864K)->12541K(12864K) Class: 2080K(2368K)->2080K(2368K)
[15.671s][info][gc             ] GC(124) Pause Young (Allocation Failure) 148M->14M(816M) 1.030ms
[15.671s][info][gc,cpu         ] GC(124) User=0.00s Sys=0.00s Real=0.00s
[15.756s][info][gc,start       ] GC(125) Pause Young (Allocation Failure)
[15.757s][info][gc,heap        ] GC(125) PSYoungGen: 136704K(136704K)->1024K(134656K) Eden: 135680K(135680K)->0K(133632K) From: 1024K(1024K)->1024K(1024K)
[15.757s][info][gc,heap        ] GC(125) ParOldGen: 13756K(699392K)->13796K(699392K)
[15.757s][info][gc,metaspace   ] GC(125) Metaspace: 14622K(15232K)->14622K(15232K) NonClass: 12541K(12864K)->12541K(12864K) Class: 2080K(2368K)->2080K(2368K)
[15.757s][info][gc             ] GC(125) Pause Young (Allocation Failure) 146M->14M(814M) 1.079ms
[15.757s][info][gc,cpu         ] GC(125) User=0.00s Sys=0.00s Real=0.00s
[15.842s][info][gc,start       ] GC(126) Pause Young (Allocation Failure)
[15.843s][info][gc,heap        ] GC(126) PSYoungGen: 134656K(134656K)->1024K(132608K) Eden: 133632K(133632K)->0K(131584K) From: 1024K(1024K)->1024K(1024K)
[15.843s][info][gc,heap        ] GC(126) ParOldGen: 13796K(699392K)->13836K(699392K)
[15.843s][info][gc,metaspace   ] GC(126) Metaspace: 14622K(15232K)->14622K(15232K) NonClass: 12541K(12864K)->12541K(12864K) Class: 2080K(2368K)->2080K(2368K)
[15.843s][info][gc             ] GC(126) Pause Young (Allocation Failure) 144M->14M(812M) 1.116ms
[15.843s][info][gc,cpu         ] GC(126) User=0.00s Sys=0.00s Real=0.00s
[15.927s][info][gc,start       ] GC(127) Pause Young (Allocation Failure)
[15.928s][info][gc,heap        ] GC(127) PSYoungGen: 132608K(132608K)->1056K(131072K) Eden: 131584K(131584K)->0K(129536K) From: 1024K(1024K)->1056K(1536K)
[15.928s][info][gc,heap        ] GC(127) ParOldGen: 13836K(699392K)->13876K(699392K)
[15.928s][info][gc,metaspace   ] GC(127) Metaspace: 14622K(15232K)->14622K(15232K) NonClass: 12541K(12864K)->12541K(12864K) Class: 2080K(2368K)->2080K(2368K)
[15.928s][info][gc             ] GC(127) Pause Young (Allocation Failure) 143M->14M(811M) 1.197ms
[15.928s][info][gc,cpu         ] GC(127) User=0.00s Sys=0.00s Real=0.00s
[16.009s][info][gc,start       ] GC(128) Pause Young (Allocation Failure)
[16.010s][info][gc,heap        ] GC(128) PSYoungGen: 130592K(131072K)->1024K(156672K) Eden: 129536K(129536K)->0K(155648K) From: 1056K(1536K)->1024K(1024K)
[16.010s][info][gc,heap        ] GC(128) ParOldGen: 13876K(699392K)->13932K(699392K)
[16.011s][info][gc,metaspace   ] GC(128) Metaspace: 14622K(15232K)->14622K(15232K) NonClass: 12541K(12864K)->12541K(12864K) Class: 2080K(2368K)->2080K(2368K)
[16.011s][info][gc             ] GC(128) Pause Young (Allocation Failure) 141M->14M(836M) 1.031ms
[16.011s][info][gc,cpu         ] GC(128) User=0.00s Sys=0.00s Real=0.00s
[16.110s][info][gc,start       ] GC(129) Pause Young (Allocation Failure)
[16.111s][info][gc,heap        ] GC(129) PSYoungGen: 156672K(156672K)->992K(187904K) Eden: 155648K(155648K)->0K(186880K) From: 1024K(1024K)->992K(1024K)
[16.111s][info][gc,heap        ] GC(129) ParOldGen: 13932K(699392K)->13964K(699392K)
[16.111s][info][gc,metaspace   ] GC(129) Metaspace: 14622K(15232K)->14622K(15232K) NonClass: 12541K(12864K)->12541K(12864K) Class: 2080K(2368K)->2080K(2368K)
[16.111s][info][gc             ] GC(129) Pause Young (Allocation Failure) 166M->14M(866M) 1.226ms
[16.111s][info][gc,cpu         ] GC(129) User=0.00s Sys=0.00s Real=0.00s
[16.229s][info][gc,start       ] GC(130) Pause Young (Allocation Failure)
[16.231s][info][gc,heap        ] GC(130) PSYoungGen: 187872K(187904K)->1024K(184320K) Eden: 186880K(186880K)->0K(183296K) From: 992K(1024K)->1024K(1024K)
[16.231s][info][gc,heap        ] GC(130) ParOldGen: 13964K(699392K)->14004K(699392K)
[16.231s][info][gc,metaspace   ] GC(130) Metaspace: 14622K(15232K)->14622K(15232K) NonClass: 12541K(12864K)->12541K(12864K) Class: 2080K(2368K)->2080K(2368K)
[16.231s][info][gc             ] GC(130) Pause Young (Allocation Failure) 197M->14M(863M) 1.300ms
[16.231s][info][gc,cpu         ] GC(130) User=0.00s Sys=0.00s Real=0.00s
[16.433s][info][gc,start       ] GC(131) Pause Young (Allocation Failure)
[16.434s][info][gc,heap        ] GC(131) PSYoungGen: 184320K(184320K)->1024K(180736K) Eden: 183296K(183296K)->0K(179712K) From: 1024K(1024K)->1024K(1024K)
[16.434s][info][gc,heap        ] GC(131) ParOldGen: 14004K(699392K)->14076K(699392K)
[16.435s][info][gc,metaspace   ] GC(131) Metaspace: 14622K(15232K)->14622K(15232K) NonClass: 12541K(12864K)->12541K(12864K) Class: 2080K(2368K)->2080K(2368K)
[16.435s][info][gc             ] GC(131) Pause Young (Allocation Failure) 193M->14M(859M) 1.881ms
[16.435s][info][gc,cpu         ] GC(131) User=0.00s Sys=0.00s Real=0.00s
[16.555s][info][gc,start       ] GC(132) Pause Young (Allocation Failure)
[16.556s][info][gc,heap        ] GC(132) PSYoungGen: 180736K(180736K)->1024K(177152K) Eden: 179712K(179712K)->0K(176128K) From: 1024K(1024K)->1024K(1024K)
[16.556s][info][gc,heap        ] GC(132) ParOldGen: 14076K(699392K)->14124K(699392K)
[16.557s][info][gc,metaspace   ] GC(132) Metaspace: 14622K(15232K)->14622K(15232K) NonClass: 12541K(12864K)->12541K(12864K) Class: 2080K(2368K)->2080K(2368K)
[16.557s][info][gc             ] GC(132) Pause Young (Allocation Failure) 190M->14M(856M) 1.149ms
[16.557s][info][gc,cpu         ] GC(132) User=0.00s Sys=0.00s Real=0.00s
[16.668s][info][gc,start       ] GC(133) Pause Young (Allocation Failure)
[16.669s][info][gc,heap        ] GC(133) PSYoungGen: 177152K(177152K)->992K(174080K) Eden: 176128K(176128K)->0K(173056K) From: 1024K(1024K)->992K(1024K)
[16.670s][info][gc,heap        ] GC(133) ParOldGen: 14124K(699392K)->14180K(699392K)
[16.670s][info][gc,metaspace   ] GC(133) Metaspace: 14622K(15232K)->14622K(15232K) NonClass: 12541K(12864K)->12541K(12864K) Class: 2080K(2368K)->2080K(2368K)
[16.670s][info][gc             ] GC(133) Pause Young (Allocation Failure) 186M->14M(853M) 1.106ms
[16.670s][info][gc,cpu         ] GC(133) User=0.00s Sys=0.00s Real=0.00s
[16.783s][info][gc,start       ] GC(134) Pause Young (Allocation Failure)
[16.784s][info][gc,heap        ] GC(134) PSYoungGen: 174048K(174080K)->1024K(171008K) Eden: 173056K(173056K)->0K(169984K) From: 992K(1024K)->1024K(1024K)
[16.784s][info][gc,heap        ] GC(134) ParOldGen: 14180K(699392K)->14236K(699392K)
[16.784s][info][gc,metaspace   ] GC(134) Metaspace: 14622K(15232K)->14622K(15232K) NonClass: 12541K(12864K)->12541K(12864K) Class: 2080K(2368K)->2080K(2368K)
[16.784s][info][gc             ] GC(134) Pause Young (Allocation Failure) 183M->14M(850M) 0.943ms
[16.784s][info][gc,cpu         ] GC(134) User=0.00s Sys=0.00s Real=0.00s
[16.891s][info][gc,start       ] GC(135) Pause Young (Allocation Failure)
[16.892s][info][gc,heap        ] GC(135) PSYoungGen: 171008K(171008K)->1024K(167936K) Eden: 169984K(169984K)->0K(166912K) From: 1024K(1024K)->1024K(1024K)
[16.892s][info][gc,heap        ] GC(135) ParOldGen: 14236K(699392K)->14300K(699392K)
[16.892s][info][gc,metaspace   ] GC(135) Metaspace: 14622K(15232K)->14622K(15232K) NonClass: 12541K(12864K)->12541K(12864K) Class: 2080K(2368K)->2080K(2368K)
[16.892s][info][gc             ] GC(135) Pause Young (Allocation Failure) 180M->14M(847M) 0.842ms
[16.892s][info][gc,cpu         ] GC(135) User=0.00s Sys=0.00s Real=0.00s
[16.998s][info][gc,start       ] GC(136) Pause Young (Allocation Failure)
[16.999s][info][gc,heap        ] GC(136) PSYoungGen: 167936K(167936K)->1024K(164864K) Eden: 166912K(166912K)->0K(163840K) From: 1024K(1024K)->1024K(1024K)
[16.999s][info][gc,heap        ] GC(136) ParOldGen: 14300K(699392K)->14340K(699392K)
[16.999s][info][gc,metaspace   ] GC(136) Metaspace: 14622K(15232K)->14622K(15232K) NonClass: 12541K(12864K)->12541K(12864K) Class: 2080K(2368K)->2080K(2368K)
[16.999s][info][gc             ] GC(136) Pause Young (Allocation Failure) 177M->15M(844M) 0.897ms
[16.999s][info][gc,cpu         ] GC(136) User=0.00s Sys=0.00s Real=0.00s
[17.103s][info][gc,start       ] GC(137) Pause Young (Allocation Failure)
[17.104s][info][gc,heap        ] GC(137) PSYoungGen: 164864K(164864K)->992K(161792K) Eden: 163840K(163840K)->0K(160768K) From: 1024K(1024K)->992K(1024K)
[17.104s][info][gc,heap        ] GC(137) ParOldGen: 14340K(699392K)->14388K(699392K)
[17.104s][info][gc,metaspace   ] GC(137) Metaspace: 14622K(15232K)->14622K(15232K) NonClass: 12541K(12864K)->12541K(12864K) Class: 2080K(2368K)->2080K(2368K)
[17.104s][info][gc             ] GC(137) Pause Young (Allocation Failure) 175M->15M(841M) 0.890ms
[17.104s][info][gc,cpu         ] GC(137) User=0.00s Sys=0.00s Real=0.00s
[17.206s][info][gc,start       ] GC(138) Pause Young (Allocation Failure)
[17.207s][info][gc,heap        ] GC(138) PSYoungGen: 161760K(161792K)->1024K(159232K) Eden: 160768K(160768K)->0K(158208K) From: 992K(1024K)->1024K(1024K)
[17.207s][info][gc,heap        ] GC(138) ParOldGen: 14388K(699392K)->14428K(699392K)
[17.207s][info][gc,metaspace   ] GC(138) Metaspace: 14622K(15232K)->14622K(15232K) NonClass: 12541K(12864K)->12541K(12864K) Class: 2080K(2368K)->2080K(2368K)
[17.207s][info][gc             ] GC(138) Pause Young (Allocation Failure) 172M->15M(838M) 0.938ms
[17.207s][info][gc,cpu         ] GC(138) User=0.00s Sys=0.00s Real=0.00s
[17.308s][info][gc,start       ] GC(139) Pause Young (Allocation Failure)
[17.309s][info][gc,heap        ] GC(139) PSYoungGen: 159232K(159232K)->1024K(156672K) Eden: 158208K(158208K)->0K(155648K) From: 1024K(1024K)->1024K(1024K)
[17.309s][info][gc,heap        ] GC(139) ParOldGen: 14428K(699392K)->14476K(699392K)
[17.309s][info][gc,metaspace   ] GC(139) Metaspace: 14622K(15232K)->14622K(15232K) NonClass: 12541K(12864K)->12541K(12864K) Class: 2080K(2368K)->2080K(2368K)
[17.309s][info][gc             ] GC(139) Pause Young (Allocation Failure) 169M->15M(836M) 0.924ms
[17.309s][info][gc,cpu         ] GC(139) User=0.00s Sys=0.00s Real=0.00s
[17.407s][info][gc,start       ] GC(140) Pause Young (Allocation Failure)
[17.408s][info][gc,heap        ] GC(140) PSYoungGen: 156672K(156672K)->960K(154112K) Eden: 155648K(155648K)->0K(153088K) From: 1024K(1024K)->960K(1024K)
[17.408s][info][gc,heap        ] GC(140) ParOldGen: 14476K(699392K)->14532K(699392K)
[17.408s][info][gc,metaspace   ] GC(140) Metaspace: 14622K(15232K)->14622K(15232K) NonClass: 12541K(12864K)->12541K(12864K) Class: 2080K(2368K)->2080K(2368K)
[17.408s][info][gc             ] GC(140) Pause Young (Allocation Failure) 167M->15M(833M) 0.948ms
[17.408s][info][gc,cpu         ] GC(140) User=0.00s Sys=0.00s Real=0.00s
[17.506s][info][gc,start       ] GC(141) Pause Young (Allocation Failure)
[17.506s][info][gc,heap        ] GC(141) PSYoungGen: 154048K(154112K)->992K(151552K) Eden: 153088K(153088K)->0K(150528K) From: 960K(1024K)->992K(1024K)
[17.507s][info][gc,heap        ] GC(141) ParOldGen: 14532K(699392K)->14580K(699392K)
[17.507s][info][gc,metaspace   ] GC(141) Metaspace: 14622K(15232K)->14622K(15232K) NonClass: 12541K(12864K)->12541K(12864K) Class: 2080K(2368K)->2080K(2368K)
[17.507s][info][gc             ] GC(141) Pause Young (Allocation Failure) 164M->15M(831M) 0.928ms
[17.507s][info][gc,cpu         ] GC(141) User=0.00s Sys=0.00s Real=0.00s
[17.602s][info][gc,start       ] GC(142) Pause Young (Allocation Failure)
[17.603s][info][gc,heap        ] GC(142) PSYoungGen: 151520K(151552K)->1024K(148992K) Eden: 150528K(150528K)->0K(147968K) From: 992K(1024K)->1024K(1024K)
[17.603s][info][gc,heap        ] GC(142) ParOldGen: 14580K(699392K)->14620K(699392K)
[17.603s][info][gc,metaspace   ] GC(142) Metaspace: 14622K(15232K)->14622K(15232K) NonClass: 12541K(12864K)->12541K(12864K) Class: 2080K(2368K)->2080K(2368K)
[17.603s][info][gc             ] GC(142) Pause Young (Allocation Failure) 162M->15M(828M) 0.987ms
[17.603s][info][gc,cpu         ] GC(142) User=0.00s Sys=0.00s Real=0.00s
[17.697s][info][gc,start       ] GC(143) Pause Young (Allocation Failure)
[17.698s][info][gc,heap        ] GC(143) PSYoungGen: 148992K(148992K)->1024K(146432K) Eden: 147968K(147968K)->0K(145408K) From: 1024K(1024K)->1024K(1024K)
[17.698s][info][gc,heap        ] GC(143) ParOldGen: 14620K(699392K)->14668K(699392K)
[17.698s][info][gc,metaspace   ] GC(143) Metaspace: 14622K(15232K)->14622K(15232K) NonClass: 12541K(12864K)->12541K(12864K) Class: 2080K(2368K)->2080K(2368K)
[17.698s][info][gc             ] GC(143) Pause Young (Allocation Failure) 159M->15M(826M) 0.967ms
[17.698s][info][gc,cpu         ] GC(143) User=0.00s Sys=0.00s Real=0.00s
[17.794s][info][gc,start       ] GC(144) Pause Young (Allocation Failure)
[17.795s][info][gc,heap        ] GC(144) PSYoungGen: 146432K(146432K)->1024K(143872K) Eden: 145408K(145408K)->0K(142848K) From: 1024K(1024K)->1024K(1024K)
[17.795s][info][gc,heap        ] GC(144) ParOldGen: 14668K(699392K)->14716K(699392K)
[17.795s][info][gc,metaspace   ] GC(144) Metaspace: 14622K(15232K)->14622K(15232K) NonClass: 12542K(12864K)->12542K(12864K) Class: 2080K(2368K)->2080K(2368K)
[17.795s][info][gc             ] GC(144) Pause Young (Allocation Failure) 157M->15M(823M) 1.026ms
[17.795s][info][gc,cpu         ] GC(144) User=0.00s Sys=0.00s Real=0.00s
[17.891s][info][gc,start       ] GC(145) Pause Young (Allocation Failure)
[17.891s][info][gc,heap        ] GC(145) PSYoungGen: 143872K(143872K)->992K(141824K) Eden: 142848K(142848K)->0K(140800K) From: 1024K(1024K)->992K(1024K)
[17.891s][info][gc,heap        ] GC(145) ParOldGen: 14716K(699392K)->14764K(699392K)
[17.891s][info][gc,metaspace   ] GC(145) Metaspace: 14622K(15232K)->14622K(15232K) NonClass: 12542K(12864K)->12542K(12864K) Class: 2080K(2368K)->2080K(2368K)
[17.891s][info][gc             ] GC(145) Pause Young (Allocation Failure) 154M->15M(821M) 0.973ms
[17.892s][info][gc,cpu         ] GC(145) User=0.00s Sys=0.00s Real=0.00s
[17.988s][info][gc,start       ] GC(146) Pause Young (Allocation Failure)
[17.989s][info][gc,heap        ] GC(146) PSYoungGen: 141792K(141824K)->992K(139776K) Eden: 140800K(140800K)->0K(138752K) From: 992K(1024K)->992K(1024K)
[17.989s][info][gc,heap        ] GC(146) ParOldGen: 14764K(699392K)->14812K(699392K)
[17.989s][info][gc,metaspace   ] GC(146) Metaspace: 14622K(15232K)->14622K(15232K) NonClass: 12542K(12864K)->12542K(12864K) Class: 2080K(2368K)->2080K(2368K)
[17.989s][info][gc             ] GC(146) Pause Young (Allocation Failure) 152M->15M(819M) 0.997ms
[17.989s][info][gc,cpu         ] GC(146) User=0.00s Sys=0.00s Real=0.00s
[18.088s][info][gc,start       ] GC(147) Pause Young (Allocation Failure)
[18.089s][info][gc,heap        ] GC(147) PSYoungGen: 139744K(139776K)->992K(137728K) Eden: 138752K(138752K)->0K(136704K) From: 992K(1024K)->992K(1024K)
[18.089s][info][gc,heap        ] GC(147) ParOldGen: 14812K(699392K)->14860K(699392K)
[18.089s][info][gc,metaspace   ] GC(147) Metaspace: 14622K(15232K)->14622K(15232K) NonClass: 12542K(12864K)->12542K(12864K) Class: 2080K(2368K)->2080K(2368K)
[18.089s][info][gc             ] GC(147) Pause Young (Allocation Failure) 150M->15M(817M) 1.049ms
[18.089s][info][gc,cpu         ] GC(147) User=0.00s Sys=0.00s Real=0.00s
[18.188s][info][gc,start       ] GC(148) Pause Young (Allocation Failure)
[18.189s][info][gc,heap        ] GC(148) PSYoungGen: 137696K(137728K)->1024K(135680K) Eden: 136704K(136704K)->0K(134656K) From: 992K(1024K)->1024K(1024K)
[18.189s][info][gc,heap        ] GC(148) ParOldGen: 14860K(699392K)->14916K(699392K)
[18.189s][info][gc,metaspace   ] GC(148) Metaspace: 14622K(15232K)->14622K(15232K) NonClass: 12542K(12864K)->12542K(12864K) Class: 2080K(2368K)->2080K(2368K)
[18.189s][info][gc             ] GC(148) Pause Young (Allocation Failure) 148M->15M(815M) 1.072ms
[18.189s][info][gc,cpu         ] GC(148) User=0.00s Sys=0.00s Real=0.00s
[18.293s][info][gc,start       ] GC(149) Pause Young (Allocation Failure)
[18.294s][info][gc,heap        ] GC(149) PSYoungGen: 135680K(135680K)->1024K(133632K) Eden: 134656K(134656K)->0K(132608K) From: 1024K(1024K)->1024K(1024K)
[18.294s][info][gc,heap        ] GC(149) ParOldGen: 14916K(699392K)->14972K(699392K)
[18.294s][info][gc,metaspace   ] GC(149) Metaspace: 14622K(15232K)->14622K(15232K) NonClass: 12542K(12864K)->12542K(12864K) Class: 2080K(2368K)->2080K(2368K)
[18.294s][info][gc             ] GC(149) Pause Young (Allocation Failure) 147M->15M(813M) 1.075ms
[18.294s][info][gc,cpu         ] GC(149) User=0.00s Sys=0.00s Real=0.00s
[18.404s][info][gc,start       ] GC(150) Pause Young (Allocation Failure)
[18.405s][info][gc,heap        ] GC(150) PSYoungGen: 133632K(133632K)->992K(131584K) Eden: 132608K(132608K)->0K(130560K) From: 1024K(1024K)->992K(1024K)
[18.405s][info][gc,heap        ] GC(150) ParOldGen: 14972K(699392K)->15028K(699392K)
[18.405s][info][gc,metaspace   ] GC(150) Metaspace: 14622K(15232K)->14622K(15232K) NonClass: 12542K(12864K)->12542K(12864K) Class: 2080K(2368K)->2080K(2368K)
[18.405s][info][gc             ] GC(150) Pause Young (Allocation Failure) 145M->15M(811M) 1.108ms
[18.405s][info][gc,cpu         ] GC(150) User=0.00s Sys=0.00s Real=0.00s
[18.514s][info][gc,start       ] GC(151) Pause Young (Allocation Failure)
[18.515s][info][gc,heap        ] GC(151) PSYoungGen: 131552K(131584K)->960K(129536K) Eden: 130560K(130560K)->0K(128512K) From: 992K(1024K)->960K(1024K)
[18.515s][info][gc,heap        ] GC(151) ParOldGen: 15028K(699392K)->15084K(699392K)
[18.515s][info][gc,metaspace   ] GC(151) Metaspace: 14622K(15232K)->14622K(15232K) NonClass: 12542K(12864K)->12542K(12864K) Class: 2080K(2368K)->2080K(2368K)
[18.515s][info][gc             ] GC(151) Pause Young (Allocation Failure) 143M->15M(809M) 1.095ms
[18.515s][info][gc,cpu         ] GC(151) User=0.00s Sys=0.00s Real=0.00s
[18.620s][info][gc,start       ] GC(152) Pause Young (Allocation Failure)
[18.621s][info][gc,heap        ] GC(152) PSYoungGen: 129472K(129536K)->960K(127488K) Eden: 128512K(128512K)->0K(126464K) From: 960K(1024K)->960K(1024K)
[18.621s][info][gc,heap        ] GC(152) ParOldGen: 15084K(699392K)->15140K(699392K)
[18.621s][info][gc,metaspace   ] GC(152) Metaspace: 14622K(15232K)->14622K(15232K) NonClass: 12542K(12864K)->12542K(12864K) Class: 2080K(2368K)->2080K(2368K)
[18.621s][info][gc             ] GC(152) Pause Young (Allocation Failure) 141M->15M(807M) 1.211ms
[18.621s][info][gc,cpu         ] GC(152) User=0.00s Sys=0.00s Real=0.00s
[18.695s][info][gc,start       ] GC(153) Pause Young (Allocation Failure)
[18.696s][info][gc,heap        ] GC(153) PSYoungGen: 127424K(127488K)->864K(125440K) Eden: 126464K(126464K)->0K(124416K) From: 960K(1024K)->864K(1024K)
[18.696s][info][gc,heap        ] GC(153) ParOldGen: 15140K(699392K)->15172K(699392K)
[18.696s][info][gc,metaspace   ] GC(153) Metaspace: 14622K(15232K)->14622K(15232K) NonClass: 12542K(12864K)->12542K(12864K) Class: 2080K(2368K)->2080K(2368K)
[18.696s][info][gc             ] GC(153) Pause Young (Allocation Failure) 139M->15M(805M) 1.172ms
[18.696s][info][gc,cpu         ] GC(153) User=0.00s Sys=0.00s Real=0.00s
[18.761s][info][gc,start       ] GC(154) Pause Young (Allocation Failure)
[18.762s][info][gc,heap        ] GC(154) PSYoungGen: 125280K(125440K)->832K(150528K) Eden: 124416K(124416K)->0K(149504K) From: 864K(1024K)->832K(1024K)
[18.762s][info][gc,heap        ] GC(154) ParOldGen: 15172K(699392K)->15212K(699392K)
[18.762s][info][gc,metaspace   ] GC(154) Metaspace: 14622K(15232K)->14622K(15232K) NonClass: 12542K(12864K)->12542K(12864K) Class: 2080K(2368K)->2080K(2368K)
[18.762s][info][gc             ] GC(154) Pause Young (Allocation Failure) 137M->15M(830M) 1.101ms
[18.762s][info][gc,cpu         ] GC(154) User=0.00s Sys=0.00s Real=0.00s
[18.899s][info][gc,start       ] GC(155) Pause Young (Allocation Failure)
[18.900s][info][gc,heap        ] GC(155) PSYoungGen: 150336K(150528K)->384K(147456K) Eden: 149504K(149504K)->0K(146944K) From: 832K(1024K)->384K(512K)
[18.900s][info][gc,heap        ] GC(155) ParOldGen: 15212K(699392K)->15244K(699392K)
[18.900s][info][gc,metaspace   ] GC(155) Metaspace: 14622K(15232K)->14622K(15232K) NonClass: 12542K(12864K)->12542K(12864K) Class: 2080K(2368K)->2080K(2368K)
[18.900s][info][gc             ] GC(155) Pause Young (Allocation Failure) 161M->15M(827M) 1.457ms
[18.900s][info][gc,cpu         ] GC(155) User=0.00s Sys=0.00s Real=0.00s
[19.127s][info][gc,start       ] GC(156) Pause Young (System.gc())
[19.128s][info][gc,heap        ] GC(156) PSYoungGen: 96059K(147456K)->544K(147968K) Eden: 95675K(146944K)->0K(146944K) From: 384K(512K)->544K(1024K)
[19.128s][info][gc,heap        ] GC(156) ParOldGen: 15244K(699392K)->15316K(699392K)
[19.128s][info][gc,metaspace   ] GC(156) Metaspace: 14724K(15360K)->14724K(15360K) NonClass: 12634K(12992K)->12634K(12992K) Class: 2090K(2368K)->2090K(2368K)
[19.128s][info][gc             ] GC(156) Pause Young (System.gc()) 108M->15M(827M) 1.428ms
[19.128s][info][gc,cpu         ] GC(156) User=0.00s Sys=0.00s Real=0.00s
[19.128s][info][gc,start       ] GC(157) Pause Full (System.gc())
[19.128s][info][gc,phases,start] GC(157) Marking Phase
[19.150s][info][gc,phases      ] GC(157) Marking Phase 21.948ms
[19.150s][info][gc,phases,start] GC(157) Summary Phase
[19.150s][info][gc,phases      ] GC(157) Summary Phase 0.024ms
[19.150s][info][gc,phases,start] GC(157) Adjust Roots
[19.158s][info][gc,phases      ] GC(157) Adjust Roots 7.482ms
[19.158s][info][gc,phases,start] GC(157) Compaction Phase
[19.165s][info][gc,phases      ] GC(157) Compaction Phase 7.342ms
[19.165s][info][gc,phases,start] GC(157) Post Compact
[19.168s][info][gc,phases      ] GC(157) Post Compact 2.362ms
[19.168s][info][gc,heap        ] GC(157) PSYoungGen: 544K(147968K)->0K(147968K) Eden: 0K(146944K)->0K(146944K) From: 544K(1024K)->0K(1024K)
[19.168s][info][gc,heap        ] GC(157) ParOldGen: 15316K(699392K)->5371K(699392K)
[19.168s][info][gc,metaspace   ] GC(157) Metaspace: 14724K(15360K)->14259K(15232K) NonClass: 12634K(12992K)->12298K(12864K) Class: 2090K(2368K)->1960K(2368K)
[19.168s][info][gc             ] GC(157) Pause Full (System.gc()) 15M->5M(827M) 39.515ms
[19.168s][info][gc,cpu         ] GC(157) User=0.48s Sys=0.00s Real=0.05s
[19.299s][info][gc,start       ] GC(158) Pause Young (Allocation Failure)
[19.300s][info][gc,heap        ] GC(158) PSYoungGen: 146944K(147968K)->1536K(145920K) Eden: 146944K(146944K)->0K(144384K) From: 0K(1024K)->1536K(1536K)
[19.300s][info][gc,heap        ] GC(158) ParOldGen: 5371K(699392K)->5603K(699392K)
[19.300s][info][gc,metaspace   ] GC(158) Metaspace: 14260K(15232K)->14260K(15232K) NonClass: 12299K(12864K)->12299K(12864K) Class: 1960K(2368K)->1960K(2368K)
[19.300s][info][gc             ] GC(158) Pause Young (Allocation Failure) 148M->6M(825M) 1.344ms
[19.300s][info][gc,cpu         ] GC(158) User=0.00s Sys=0.00s Real=0.00s
[19.388s][info][gc,start       ] GC(159) Pause Young (Allocation Failure)
[19.389s][info][gc,heap        ] GC(159) PSYoungGen: 145920K(145920K)->1024K(174592K) Eden: 144384K(144384K)->0K(173568K) From: 1536K(1536K)->1024K(1024K)
[19.389s][info][gc,heap        ] GC(159) ParOldGen: 5603K(699392K)->7039K(699392K)
[19.389s][info][gc,metaspace   ] GC(159) Metaspace: 14260K(15232K)->14260K(15232K) NonClass: 12299K(12864K)->12299K(12864K) Class: 1960K(2368K)->1960K(2368K)
[19.389s][info][gc             ] GC(159) Pause Young (Allocation Failure) 147M->7M(853M) 1.287ms
[19.389s][info][gc,cpu         ] GC(159) User=0.00s Sys=0.00s Real=0.00s
[19.504s][info][gc,start       ] GC(160) Pause Young (Allocation Failure)
[19.505s][info][gc,heap        ] GC(160) PSYoungGen: 174592K(174592K)->1024K(171520K) Eden: 173568K(173568K)->0K(170496K) From: 1024K(1024K)->1024K(1024K)
[19.505s][info][gc,heap        ] GC(160) ParOldGen: 7039K(699392K)->7103K(699392K)
[19.505s][info][gc,metaspace   ] GC(160) Metaspace: 14260K(15232K)->14260K(15232K) NonClass: 12299K(12864K)->12299K(12864K) Class: 1960K(2368K)->1960K(2368K)
[19.505s][info][gc             ] GC(160) Pause Young (Allocation Failure) 177M->7M(850M) 1.277ms
[19.505s][info][gc,cpu         ] GC(160) User=0.00s Sys=0.00s Real=0.00s
[19.618s][info][gc,start       ] GC(161) Pause Young (Allocation Failure)
[19.619s][info][gc,heap        ] GC(161) PSYoungGen: 171520K(171520K)->1024K(168448K) Eden: 170496K(170496K)->0K(167424K) From: 1024K(1024K)->1024K(1024K)
[19.619s][info][gc,heap        ] GC(161) ParOldGen: 7103K(699392K)->7175K(699392K)
[19.619s][info][gc,metaspace   ] GC(161) Metaspace: 14260K(15232K)->14260K(15232K) NonClass: 12299K(12864K)->12299K(12864K) Class: 1960K(2368K)->1960K(2368K)
[19.619s][info][gc             ] GC(161) Pause Young (Allocation Failure) 174M->8M(847M) 1.327ms
[19.619s][info][gc,cpu         ] GC(161) User=0.00s Sys=0.00s Real=0.00s
[19.729s][info][gc,start       ] GC(162) Pause Young (Allocation Failure)
[19.730s][info][gc,heap        ] GC(162) PSYoungGen: 168448K(168448K)->1024K(165376K) Eden: 167424K(167424K)->0K(164352K) From: 1024K(1024K)->1024K(1024K)
[19.730s][info][gc,heap        ] GC(162) ParOldGen: 7175K(699392K)->7215K(699392K)
[19.730s][info][gc,metaspace   ] GC(162) Metaspace: 14260K(15232K)->14260K(15232K) NonClass: 12299K(12864K)->12299K(12864K) Class: 1960K(2368K)->1960K(2368K)
[19.730s][info][gc             ] GC(162) Pause Young (Allocation Failure) 171M->8M(844M) 1.322ms
[19.730s][info][gc,cpu         ] GC(162) User=0.00s Sys=0.00s Real=0.00s
[19.841s][info][gc,start       ] GC(163) Pause Young (Allocation Failure)
[19.842s][info][gc,heap        ] GC(163) PSYoungGen: 165376K(165376K)->1024K(162304K) Eden: 164352K(164352K)->0K(161280K) From: 1024K(1024K)->1024K(1024K)
[19.842s][info][gc,heap        ] GC(163) ParOldGen: 7215K(699392K)->7271K(699392K)
[19.842s][info][gc,metaspace   ] GC(163) Metaspace: 14260K(15232K)->14260K(15232K) NonClass: 12299K(12864K)->12299K(12864K) Class: 1960K(2368K)->1960K(2368K)
[19.842s][info][gc             ] GC(163) Pause Young (Allocation Failure) 168M->8M(841M) 1.348ms
[19.842s][info][gc,cpu         ] GC(163) User=0.00s Sys=0.00s Real=0.00s
[19.951s][info][gc,start       ] GC(164) Pause Young (Allocation Failure)
[19.952s][info][gc,heap        ] GC(164) PSYoungGen: 162304K(162304K)->1024K(178688K) Eden: 161280K(161280K)->0K(177152K) From: 1024K(1024K)->1024K(1536K)
[19.952s][info][gc,heap        ] GC(164) ParOldGen: 7271K(699392K)->7343K(699392K)
[19.952s][info][gc,metaspace   ] GC(164) Metaspace: 14260K(15232K)->14260K(15232K) NonClass: 12299K(12864K)->12299K(12864K) Class: 1960K(2368K)->1960K(2368K)
[19.952s][info][gc             ] GC(164) Pause Young (Allocation Failure) 165M->8M(857M) 1.339ms
[19.952s][info][gc,cpu         ] GC(164) User=0.00s Sys=0.00s Real=0.00s
[20.088s][info][gc,start       ] GC(165) Pause Young (Allocation Failure)
[20.089s][info][gc,heap        ] GC(165) PSYoungGen: 178176K(178688K)->1024K(175104K) Eden: 177152K(177152K)->0K(174080K) From: 1024K(1536K)->1024K(1024K)
[20.089s][info][gc,heap        ] GC(165) ParOldGen: 7343K(699392K)->7375K(699392K)
[20.089s][info][gc,metaspace   ] GC(165) Metaspace: 14260K(15232K)->14260K(15232K) NonClass: 12299K(12864K)->12299K(12864K) Class: 1960K(2368K)->1960K(2368K)
[20.089s][info][gc             ] GC(165) Pause Young (Allocation Failure) 181M->8M(854M) 1.454ms
[20.089s][info][gc,cpu         ] GC(165) User=0.00s Sys=0.00s Real=0.00s
[20.284s][info][gc,start       ] GC(166) Pause Young (Allocation Failure)
[20.286s][info][gc,heap        ] GC(166) PSYoungGen: 175104K(175104K)->1056K(172544K) Eden: 174080K(174080K)->0K(171008K) From: 1024K(1024K)->1056K(1536K)
[20.286s][info][gc,heap        ] GC(166) ParOldGen: 7375K(699392K)->7439K(699392K)
[20.286s][info][gc,metaspace   ] GC(166) Metaspace: 14260K(15232K)->14260K(15232K) NonClass: 12299K(12864K)->12299K(12864K) Class: 1960K(2368K)->1960K(2368K)
[20.286s][info][gc             ] GC(166) Pause Young (Allocation Failure) 178M->8M(851M) 1.976ms
[20.286s][info][gc,cpu         ] GC(166) User=0.00s Sys=0.00s Real=0.00s
[20.413s][info][gc,start       ] GC(167) Pause Young (Allocation Failure)
[20.414s][info][gc,heap        ] GC(167) PSYoungGen: 172064K(172544K)->1024K(168960K) Eden: 171008K(171008K)->0K(167936K) From: 1056K(1536K)->1024K(1024K)
[20.414s][info][gc,heap        ] GC(167) ParOldGen: 7439K(699392K)->7495K(699392K)
[20.414s][info][gc,metaspace   ] GC(167) Metaspace: 14260K(15232K)->14260K(15232K) NonClass: 12299K(12864K)->12299K(12864K) Class: 1960K(2368K)->1960K(2368K)
[20.414s][info][gc             ] GC(167) Pause Young (Allocation Failure) 175M->8M(848M) 1.266ms
[20.414s][info][gc,cpu         ] GC(167) User=0.00s Sys=0.00s Real=0.00s
[20.531s][info][gc,start       ] GC(168) Pause Young (Allocation Failure)
[20.532s][info][gc,heap        ] GC(168) PSYoungGen: 168959K(168960K)->1024K(165888K) Eden: 167935K(167936K)->0K(164864K) From: 1024K(1024K)->1024K(1024K)
[20.532s][info][gc,heap        ] GC(168) ParOldGen: 7495K(699392K)->7599K(699392K)
[20.532s][info][gc,metaspace   ] GC(168) Metaspace: 14260K(15232K)->14260K(15232K) NonClass: 12299K(12864K)->12299K(12864K) Class: 1960K(2368K)->1960K(2368K)
[20.532s][info][gc             ] GC(168) Pause Young (Allocation Failure) 172M->8M(845M) 1.231ms
[20.532s][info][gc,cpu         ] GC(168) User=0.00s Sys=0.00s Real=0.00s
[20.645s][info][gc,start       ] GC(169) Pause Young (Allocation Failure)
[20.652s][info][gc,heap        ] GC(169) PSYoungGen: 165888K(165888K)->992K(162816K) Eden: 164864K(164864K)->0K(161792K) From: 1024K(1024K)->992K(1024K)
[20.652s][info][gc,heap        ] GC(169) ParOldGen: 7599K(699392K)->7679K(699392K)
[20.652s][info][gc,metaspace   ] GC(169) Metaspace: 14260K(15232K)->14260K(15232K) NonClass: 12299K(12864K)->12299K(12864K) Class: 1960K(2368K)->1960K(2368K)
[20.652s][info][gc             ] GC(169) Pause Young (Allocation Failure) 169M->8M(842M) 6.396ms
[20.652s][info][gc,cpu         ] GC(169) User=0.00s Sys=0.00s Real=0.01s
[20.765s][info][gc,start       ] GC(170) Pause Young (Allocation Failure)
[20.766s][info][gc,heap        ] GC(170) PSYoungGen: 162784K(162816K)->1024K(159744K) Eden: 161792K(161792K)->0K(158720K) From: 992K(1024K)->1024K(1024K)
[20.766s][info][gc,heap        ] GC(170) ParOldGen: 7679K(699392K)->7735K(699392K)
[20.766s][info][gc,metaspace   ] GC(170) Metaspace: 14260K(15232K)->14260K(15232K) NonClass: 12299K(12864K)->12299K(12864K) Class: 1960K(2368K)->1960K(2368K)
[20.766s][info][gc             ] GC(170) Pause Young (Allocation Failure) 166M->8M(839M) 1.118ms
[20.766s][info][gc,cpu         ] GC(170) User=0.00s Sys=0.00s Real=0.00s
[20.881s][info][gc,start       ] GC(171) Pause Young (Allocation Failure)
[20.882s][info][gc,heap        ] GC(171) PSYoungGen: 159744K(159744K)->992K(157184K) Eden: 158720K(158720K)->0K(156160K) From: 1024K(1024K)->992K(1024K)
[20.882s][info][gc,heap        ] GC(171) ParOldGen: 7735K(699392K)->7783K(699392K)
[20.882s][info][gc,metaspace   ] GC(171) Metaspace: 14260K(15232K)->14260K(15232K) NonClass: 12299K(12864K)->12299K(12864K) Class: 1960K(2368K)->1960K(2368K)
[20.882s][info][gc             ] GC(171) Pause Young (Allocation Failure) 163M->8M(836M) 1.096ms
[20.882s][info][gc,cpu         ] GC(171) User=0.00s Sys=0.00s Real=0.00s
[20.998s][info][gc,start       ] GC(172) Pause Young (Allocation Failure)
[20.999s][info][gc,heap        ] GC(172) PSYoungGen: 157152K(157184K)->1056K(155136K) Eden: 156160K(156160K)->0K(153600K) From: 992K(1024K)->1056K(1536K)
[20.999s][info][gc,heap        ] GC(172) ParOldGen: 7783K(699392K)->7847K(699392K)
[20.999s][info][gc,metaspace   ] GC(172) Metaspace: 14260K(15232K)->14260K(15232K) NonClass: 12299K(12864K)->12299K(12864K) Class: 1960K(2368K)->1960K(2368K)
[20.999s][info][gc             ] GC(172) Pause Young (Allocation Failure) 161M->8M(834M) 0.867ms
[20.999s][info][gc,cpu         ] GC(172) User=0.00s Sys=0.00s Real=0.00s
[21.103s][info][gc,start       ] GC(173) Pause Young (Allocation Failure)
[21.104s][info][gc,heap        ] GC(173) PSYoungGen: 154655K(155136K)->992K(152064K) Eden: 153599K(153600K)->0K(151040K) From: 1056K(1536K)->992K(1024K)
[21.104s][info][gc,heap        ] GC(173) ParOldGen: 7847K(699392K)->7895K(699392K)
[21.104s][info][gc,metaspace   ] GC(173) Metaspace: 14260K(15232K)->14260K(15232K) NonClass: 12299K(12864K)->12299K(12864K) Class: 1960K(2368K)->1960K(2368K)
[21.104s][info][gc             ] GC(173) Pause Young (Allocation Failure) 158M->8M(831M) 0.912ms
[21.104s][info][gc,cpu         ] GC(173) User=0.00s Sys=0.00s Real=0.00s
[21.205s][info][gc,start       ] GC(174) Pause Young (Allocation Failure)
[21.206s][info][gc,heap        ] GC(174) PSYoungGen: 152032K(152064K)->1024K(149504K) Eden: 151040K(151040K)->0K(148480K) From: 992K(1024K)->1024K(1024K)
[21.206s][info][gc,heap        ] GC(174) ParOldGen: 7895K(699392K)->7943K(699392K)
[21.206s][info][gc,metaspace   ] GC(174) Metaspace: 14260K(15232K)->14260K(15232K) NonClass: 12299K(12864K)->12299K(12864K) Class: 1960K(2368K)->1960K(2368K)
[21.206s][info][gc             ] GC(174) Pause Young (Allocation Failure) 156M->8M(829M) 0.952ms
[21.206s][info][gc,cpu         ] GC(174) User=0.00s Sys=0.00s Real=0.00s
[21.306s][info][gc,start       ] GC(175) Pause Young (Allocation Failure)
[21.307s][info][gc,heap        ] GC(175) PSYoungGen: 149504K(149504K)->992K(146944K) Eden: 148480K(148480K)->0K(145920K) From: 1024K(1024K)->992K(1024K)
[21.307s][info][gc,heap        ] GC(175) ParOldGen: 7943K(699392K)->7999K(699392K)
[21.307s][info][gc,metaspace   ] GC(175) Metaspace: 14260K(15232K)->14260K(15232K) NonClass: 12299K(12864K)->12299K(12864K) Class: 1960K(2368K)->1960K(2368K)
[21.307s][info][gc             ] GC(175) Pause Young (Allocation Failure) 153M->8M(826M) 0.990ms
[21.307s][info][gc,cpu         ] GC(175) User=0.00s Sys=0.00s Real=0.00s
[21.405s][info][gc,start       ] GC(176) Pause Young (Allocation Failure)
[21.406s][info][gc,heap        ] GC(176) PSYoungGen: 146912K(146944K)->1024K(144384K) Eden: 145920K(145920K)->0K(143360K) From: 992K(1024K)->1024K(1024K)
[21.406s][info][gc,heap        ] GC(176) ParOldGen: 7999K(699392K)->8039K(699392K)
[21.406s][info][gc,metaspace   ] GC(176) Metaspace: 14260K(15232K)->14260K(15232K) NonClass: 12299K(12864K)->12299K(12864K) Class: 1960K(2368K)->1960K(2368K)
[21.406s][info][gc             ] GC(176) Pause Young (Allocation Failure) 151M->8M(824M) 0.985ms
[21.406s][info][gc,cpu         ] GC(176) User=0.00s Sys=0.00s Real=0.00s
[21.501s][info][gc,start       ] GC(177) Pause Young (Allocation Failure)
[21.502s][info][gc,heap        ] GC(177) PSYoungGen: 144384K(144384K)->992K(142336K) Eden: 143360K(143360K)->0K(141312K) From: 1024K(1024K)->992K(1024K)
[21.502s][info][gc,heap        ] GC(177) ParOldGen: 8039K(699392K)->8087K(699392K)
[21.502s][info][gc,metaspace   ] GC(177) Metaspace: 14260K(15232K)->14260K(15232K) NonClass: 12299K(12864K)->12299K(12864K) Class: 1960K(2368K)->1960K(2368K)
[21.502s][info][gc             ] GC(177) Pause Young (Allocation Failure) 148M->8M(822M) 0.987ms
[21.502s][info][gc,cpu         ] GC(177) User=0.00s Sys=0.00s Real=0.00s
[21.595s][info][gc,start       ] GC(178) Pause Young (Allocation Failure)
[21.596s][info][gc,heap        ] GC(178) PSYoungGen: 142304K(142336K)->1024K(140288K) Eden: 141312K(141312K)->0K(139264K) From: 992K(1024K)->1024K(1024K)
[21.596s][info][gc,heap        ] GC(178) ParOldGen: 8087K(699392K)->8127K(699392K)
[21.596s][info][gc,metaspace   ] GC(178) Metaspace: 14260K(15232K)->14260K(15232K) NonClass: 12299K(12864K)->12299K(12864K) Class: 1960K(2368K)->1960K(2368K)
[21.596s][info][gc             ] GC(178) Pause Young (Allocation Failure) 146M->8M(820M) 1.014ms
[21.596s][info][gc,cpu         ] GC(178) User=0.00s Sys=0.00s Real=0.00s
[21.689s][info][gc,start       ] GC(179) Pause Young (Allocation Failure)
[21.690s][info][gc,heap        ] GC(179) PSYoungGen: 140288K(140288K)->928K(138240K) Eden: 139264K(139264K)->0K(137216K) From: 1024K(1024K)->928K(1024K)
[21.690s][info][gc,heap        ] GC(179) ParOldGen: 8127K(699392K)->8207K(699392K)
[21.690s][info][gc,metaspace   ] GC(179) Metaspace: 14260K(15232K)->14260K(15232K) NonClass: 12299K(12864K)->12299K(12864K) Class: 1960K(2368K)->1960K(2368K)
[21.690s][info][gc             ] GC(179) Pause Young (Allocation Failure) 144M->8M(818M) 1.035ms
[21.690s][info][gc,cpu         ] GC(179) User=0.00s Sys=0.00s Real=0.00s
[21.782s][info][gc,start       ] GC(180) Pause Young (Allocation Failure)
[21.783s][info][gc,heap        ] GC(180) PSYoungGen: 138144K(138240K)->1024K(136192K) Eden: 137216K(137216K)->0K(135168K) From: 928K(1024K)->1024K(1024K)
[21.783s][info][gc,heap        ] GC(180) ParOldGen: 8207K(699392K)->8247K(699392K)
[21.783s][info][gc,metaspace   ] GC(180) Metaspace: 14260K(15232K)->14260K(15232K) NonClass: 12299K(12864K)->12299K(12864K) Class: 1960K(2368K)->1960K(2368K)
[21.784s][info][gc             ] GC(180) Pause Young (Allocation Failure) 142M->9M(816M) 1.089ms
[21.784s][info][gc,cpu         ] GC(180) User=0.00s Sys=0.00s Real=0.00s
[21.873s][info][gc,start       ] GC(181) Pause Young (Allocation Failure)
[21.874s][info][gc,heap        ] GC(181) PSYoungGen: 136192K(136192K)->960K(134144K) Eden: 135168K(135168K)->0K(133120K) From: 1024K(1024K)->960K(1024K)
[21.874s][info][gc,heap        ] GC(181) ParOldGen: 8247K(699392K)->8287K(699392K)
[21.874s][info][gc,metaspace   ] GC(181) Metaspace: 14260K(15232K)->14260K(15232K) NonClass: 12299K(12864K)->12299K(12864K) Class: 1960K(2368K)->1960K(2368K)
[21.874s][info][gc             ] GC(181) Pause Young (Allocation Failure) 141M->9M(814M) 1.058ms
[21.874s][info][gc,cpu         ] GC(181) User=0.00s Sys=0.00s Real=0.00s
[21.965s][info][gc,start       ] GC(182) Pause Young (Allocation Failure)
[21.966s][info][gc,heap        ] GC(182) PSYoungGen: 134080K(134144K)->1056K(132608K) Eden: 133120K(133120K)->0K(131072K) From: 960K(1024K)->1056K(1536K)
[21.966s][info][gc,heap        ] GC(182) ParOldGen: 8287K(699392K)->8327K(699392K)
[21.966s][info][gc,metaspace   ] GC(182) Metaspace: 14260K(15232K)->14260K(15232K) NonClass: 12299K(12864K)->12299K(12864K) Class: 1960K(2368K)->1960K(2368K)
[21.966s][info][gc             ] GC(182) Pause Young (Allocation Failure) 139M->9M(812M) 1.077ms
[21.966s][info][gc,cpu         ] GC(182) User=0.00s Sys=0.00s Real=0.00s
[22.053s][info][gc,start       ] GC(183) Pause Young (Allocation Failure)
[22.054s][info][gc,heap        ] GC(183) PSYoungGen: 132128K(132608K)->992K(130048K) Eden: 131072K(131072K)->0K(129024K) From: 1056K(1536K)->992K(1024K)
[22.054s][info][gc,heap        ] GC(183) ParOldGen: 8327K(699392K)->8375K(699392K)
[22.054s][info][gc,metaspace   ] GC(183) Metaspace: 14260K(15232K)->14260K(15232K) NonClass: 12299K(12864K)->12299K(12864K) Class: 1960K(2368K)->1960K(2368K)
[22.054s][info][gc             ] GC(183) Pause Young (Allocation Failure) 137M->9M(810M) 1.038ms
[22.054s][info][gc,cpu         ] GC(183) User=0.00s Sys=0.00s Real=0.00s
[22.140s][info][gc,start       ] GC(184) Pause Young (Allocation Failure)
[22.141s][info][gc,heap        ] GC(184) PSYoungGen: 130016K(130048K)->1024K(156160K) Eden: 129024K(129024K)->0K(155136K) From: 992K(1024K)->1024K(1024K)
[22.141s][info][gc,heap        ] GC(184) ParOldGen: 8375K(699392K)->8415K(699392K)
[22.141s][info][gc,metaspace   ] GC(184) Metaspace: 14260K(15232K)->14260K(15232K) NonClass: 12299K(12864K)->12299K(12864K) Class: 1960K(2368K)->1960K(2368K)
[22.141s][info][gc             ] GC(184) Pause Young (Allocation Failure) 135M->9M(835M) 1.109ms
[22.141s][info][gc,cpu         ] GC(184) User=0.52s Sys=0.00s Real=0.00s
[22.244s][info][gc,start       ] GC(185) Pause Young (Allocation Failure)
[22.245s][info][gc,heap        ] GC(185) PSYoungGen: 156160K(156160K)->992K(153600K) Eden: 155136K(155136K)->0K(152576K) From: 1024K(1024K)->992K(1024K)
[22.245s][info][gc,heap        ] GC(185) ParOldGen: 8415K(699392K)->8447K(699392K)
[22.245s][info][gc,metaspace   ] GC(185) Metaspace: 14260K(15232K)->14260K(15232K) NonClass: 12299K(12864K)->12299K(12864K) Class: 1960K(2368K)->1960K(2368K)
[22.245s][info][gc             ] GC(185) Pause Young (Allocation Failure) 160M->9M(833M) 1.170ms
[22.245s][info][gc,cpu         ] GC(185) User=0.00s Sys=0.00s Real=0.00s
[22.348s][info][gc,start       ] GC(186) Pause Young (Allocation Failure)
[22.349s][info][gc,heap        ] GC(186) PSYoungGen: 153568K(153600K)->1024K(184320K) Eden: 152576K(152576K)->0K(183296K) From: 992K(1024K)->1024K(1024K)
[22.349s][info][gc,heap        ] GC(186) ParOldGen: 8447K(699392K)->8487K(699392K)
[22.349s][info][gc,metaspace   ] GC(186) Metaspace: 14260K(15232K)->14260K(15232K) NonClass: 12299K(12864K)->12299K(12864K) Class: 1960K(2368K)->1960K(2368K)
[22.349s][info][gc             ] GC(186) Pause Young (Allocation Failure) 158M->9M(863M) 1.241ms
[22.349s][info][gc,cpu         ] GC(186) User=0.00s Sys=0.00s Real=0.00s
[22.473s][info][gc,start       ] GC(187) Pause Young (Allocation Failure)
[22.474s][info][gc,heap        ] GC(187) PSYoungGen: 184320K(184320K)->1024K(180736K) Eden: 183296K(183296K)->0K(179712K) From: 1024K(1024K)->1024K(1024K)
[22.474s][info][gc,heap        ] GC(187) ParOldGen: 8487K(699392K)->8535K(699392K)
[22.474s][info][gc,metaspace   ] GC(187) Metaspace: 14260K(15232K)->14260K(15232K) NonClass: 12299K(12864K)->12299K(12864K) Class: 1960K(2368K)->1960K(2368K)
[22.474s][info][gc             ] GC(187) Pause Young (Allocation Failure) 188M->9M(859M) 1.245ms
[22.474s][info][gc,cpu         ] GC(187) User=0.00s Sys=0.00s Real=0.00s
[22.594s][info][gc,start       ] GC(188) Pause Young (Allocation Failure)
[22.595s][info][gc,heap        ] GC(188) PSYoungGen: 180736K(180736K)->1056K(177664K) Eden: 179712K(179712K)->0K(176128K) From: 1024K(1024K)->1056K(1536K)
[22.595s][info][gc,heap        ] GC(188) ParOldGen: 8535K(699392K)->8575K(699392K)
[22.595s][info][gc,metaspace   ] GC(188) Metaspace: 14260K(15232K)->14260K(15232K) NonClass: 12299K(12864K)->12299K(12864K) Class: 1960K(2368K)->1960K(2368K)
[22.595s][info][gc             ] GC(188) Pause Young (Allocation Failure) 184M->9M(856M) 1.304ms
[22.595s][info][gc,cpu         ] GC(188) User=0.00s Sys=0.00s Real=0.00s
[22.713s][info][gc,start       ] GC(189) Pause Young (Allocation Failure)
[22.714s][info][gc,heap        ] GC(189) PSYoungGen: 177184K(177664K)->1024K(174080K) Eden: 176128K(176128K)->0K(173056K) From: 1056K(1536K)->1024K(1024K)
[22.714s][info][gc,heap        ] GC(189) ParOldGen: 8575K(699392K)->8631K(699392K)
[22.714s][info][gc,metaspace   ] GC(189) Metaspace: 14260K(15232K)->14260K(15232K) NonClass: 12299K(12864K)->12299K(12864K) Class: 1960K(2368K)->1960K(2368K)
[22.714s][info][gc             ] GC(189) Pause Young (Allocation Failure) 181M->9M(853M) 1.261ms
[22.714s][info][gc,cpu         ] GC(189) User=0.00s Sys=0.00s Real=0.00s
[22.830s][info][gc,start       ] GC(190) Pause Young (Allocation Failure)
[22.832s][info][gc,heap        ] GC(190) PSYoungGen: 174080K(174080K)->1024K(171008K) Eden: 173056K(173056K)->0K(169984K) From: 1024K(1024K)->1024K(1024K)
[22.832s][info][gc,heap        ] GC(190) ParOldGen: 8631K(699392K)->8679K(699392K)
[22.832s][info][gc,metaspace   ] GC(190) Metaspace: 14260K(15232K)->14260K(15232K) NonClass: 12299K(12864K)->12299K(12864K) Class: 1960K(2368K)->1960K(2368K)
[22.832s][info][gc             ] GC(190) Pause Young (Allocation Failure) 178M->9M(850M) 1.352ms
[22.832s][info][gc,cpu         ] GC(190) User=0.00s Sys=0.00s Real=0.00s
[22.945s][info][gc,start       ] GC(191) Pause Young (Allocation Failure)
[22.947s][info][gc,heap        ] GC(191) PSYoungGen: 171008K(171008K)->1024K(167936K) Eden: 169984K(169984K)->0K(166912K) From: 1024K(1024K)->1024K(1024K)
[22.947s][info][gc,heap        ] GC(191) ParOldGen: 8679K(699392K)->8743K(699392K)
[22.947s][info][gc,metaspace   ] GC(191) Metaspace: 14260K(15232K)->14260K(15232K) NonClass: 12299K(12864K)->12299K(12864K) Class: 1960K(2368K)->1960K(2368K)
[22.947s][info][gc             ] GC(191) Pause Young (Allocation Failure) 175M->9M(847M) 1.317ms
[22.947s][info][gc,cpu         ] GC(191) User=0.00s Sys=0.00s Real=0.00s
[23.056s][info][gc,start       ] GC(192) Pause Young (Allocation Failure)
[23.057s][info][gc,heap        ] GC(192) PSYoungGen: 167936K(167936K)->1024K(183296K) Eden: 166912K(166912K)->0K(181760K) From: 1024K(1024K)->1024K(1536K)
[23.057s][info][gc,heap        ] GC(192) ParOldGen: 8743K(699392K)->8799K(699392K)
[23.057s][info][gc,metaspace   ] GC(192) Metaspace: 14260K(15232K)->14260K(15232K) NonClass: 12299K(12864K)->12299K(12864K) Class: 1960K(2368K)->1960K(2368K)
[23.057s][info][gc             ] GC(192) Pause Young (Allocation Failure) 172M->9M(862M) 1.388ms
[23.057s][info][gc,cpu         ] GC(192) User=0.00s Sys=0.00s Real=0.00s
[23.239s][info][gc,start       ] GC(193) Pause Young (Allocation Failure)
[23.241s][info][gc,heap        ] GC(193) PSYoungGen: 182784K(183296K)->992K(179200K) Eden: 181760K(181760K)->0K(178176K) From: 1024K(1536K)->992K(1024K)
[23.241s][info][gc,heap        ] GC(193) ParOldGen: 8799K(699392K)->8839K(699392K)
[23.241s][info][gc,metaspace   ] GC(193) Metaspace: 14260K(15232K)->14260K(15232K) NonClass: 12299K(12864K)->12299K(12864K) Class: 1960K(2368K)->1960K(2368K)
[23.241s][info][gc             ] GC(193) Pause Young (Allocation Failure) 187M->9M(858M) 1.984ms
[23.241s][info][gc,cpu         ] GC(193) User=0.00s Sys=0.00s Real=0.00s
[23.373s][info][gc,start       ] GC(194) Pause Young (Allocation Failure)
[23.375s][info][gc,heap        ] GC(194) PSYoungGen: 179168K(179200K)->1024K(175616K) Eden: 178176K(178176K)->0K(174592K) From: 992K(1024K)->1024K(1024K)
[23.375s][info][gc,heap        ] GC(194) ParOldGen: 8839K(699392K)->8887K(699392K)
[23.375s][info][gc,metaspace   ] GC(194) Metaspace: 14260K(15232K)->14260K(15232K) NonClass: 12299K(12864K)->12299K(12864K) Class: 1960K(2368K)->1960K(2368K)
[23.375s][info][gc             ] GC(194) Pause Young (Allocation Failure) 183M->9M(854M) 1.288ms
[23.375s][info][gc,cpu         ] GC(194) User=0.52s Sys=0.00s Real=0.00s
[23.495s][info][gc,start       ] GC(195) Pause Young (Allocation Failure)
[23.496s][info][gc,heap        ] GC(195) PSYoungGen: 175616K(175616K)->1024K(172544K) Eden: 174592K(174592K)->0K(171520K) From: 1024K(1024K)->1024K(1024K)
[23.496s][info][gc,heap        ] GC(195) ParOldGen: 8887K(699392K)->8967K(699392K)
[23.496s][info][gc,metaspace   ] GC(195) Metaspace: 14260K(15232K)->14260K(15232K) NonClass: 12299K(12864K)->12299K(12864K) Class: 1960K(2368K)->1960K(2368K)
[23.496s][info][gc             ] GC(195) Pause Young (Allocation Failure) 180M->9M(851M) 1.226ms
[23.496s][info][gc,cpu         ] GC(195) User=0.00s Sys=0.00s Real=0.00s
[23.616s][info][gc,start       ] GC(196) Pause Young (Allocation Failure)
[23.617s][info][gc,heap        ] GC(196) PSYoungGen: 172544K(172544K)->1056K(169984K) Eden: 171520K(171520K)->0K(168448K) From: 1024K(1024K)->1056K(1536K)
[23.617s][info][gc,heap        ] GC(196) ParOldGen: 8967K(699392K)->9023K(699392K)
[23.617s][info][gc,metaspace   ] GC(196) Metaspace: 14260K(15232K)->14260K(15232K) NonClass: 12299K(12864K)->12299K(12864K) Class: 1960K(2368K)->1960K(2368K)
[23.617s][info][gc             ] GC(196) Pause Young (Allocation Failure) 177M->9M(849M) 1.147ms
[23.617s][info][gc,cpu         ] GC(196) User=0.00s Sys=0.00s Real=0.00s
[23.736s][info][gc,start       ] GC(197) Pause Young (Allocation Failure)
[23.737s][info][gc,heap        ] GC(197) PSYoungGen: 169504K(169984K)->1024K(166400K) Eden: 168448K(168448K)->0K(165376K) From: 1056K(1536K)->1024K(1024K)
[23.737s][info][gc,heap        ] GC(197) ParOldGen: 9023K(699392K)->9071K(699392K)
[23.737s][info][gc,metaspace   ] GC(197) Metaspace: 14260K(15232K)->14260K(15232K) NonClass: 12299K(12864K)->12299K(12864K) Class: 1960K(2368K)->1960K(2368K)
[23.737s][info][gc             ] GC(197) Pause Young (Allocation Failure) 174M->9M(845M) 1.081ms
[23.737s][info][gc,cpu         ] GC(197) User=0.00s Sys=0.00s Real=0.00s
[23.848s][info][gc,start       ] GC(198) Pause Young (Allocation Failure)
[23.849s][info][gc,heap        ] GC(198) PSYoungGen: 166400K(166400K)->1024K(163328K) Eden: 165376K(165376K)->0K(162304K) From: 1024K(1024K)->1024K(1024K)
[23.849s][info][gc,heap        ] GC(198) ParOldGen: 9071K(699392K)->9135K(699392K)
[23.849s][info][gc,metaspace   ] GC(198) Metaspace: 14260K(15232K)->14260K(15232K) NonClass: 12299K(12864K)->12299K(12864K) Class: 1960K(2368K)->1960K(2368K)
[23.849s][info][gc             ] GC(198) Pause Young (Allocation Failure) 171M->9M(842M) 1.112ms
[23.849s][info][gc,cpu         ] GC(198) User=0.00s Sys=0.00s Real=0.00s
[23.969s][info][gc,start       ] GC(199) Pause Young (Allocation Failure)
[23.970s][info][gc,heap        ] GC(199) PSYoungGen: 163328K(163328K)->992K(160256K) Eden: 162304K(162304K)->0K(159232K) From: 1024K(1024K)->992K(1024K)
[23.970s][info][gc,heap        ] GC(199) ParOldGen: 9135K(699392K)->9191K(699392K)
[23.970s][info][gc,metaspace   ] GC(199) Metaspace: 14260K(15232K)->14260K(15232K) NonClass: 12299K(12864K)->12299K(12864K) Class: 1960K(2368K)->1960K(2368K)
[23.970s][info][gc             ] GC(199) Pause Young (Allocation Failure) 168M->9M(839M) 0.983ms
[23.970s][info][gc,cpu         ] GC(199) User=0.00s Sys=0.00s Real=0.00s
[24.083s][info][gc,start       ] GC(200) Pause Young (Allocation Failure)
[24.084s][info][gc,heap        ] GC(200) PSYoungGen: 160224K(160256K)->1024K(157696K) Eden: 159232K(159232K)->0K(156672K) From: 992K(1024K)->1024K(1024K)
[24.084s][info][gc,heap        ] GC(200) ParOldGen: 9191K(699392K)->9223K(699392K)
[24.084s][info][gc,metaspace   ] GC(200) Metaspace: 14260K(15232K)->14260K(15232K) NonClass: 12299K(12864K)->12299K(12864K) Class: 1960K(2368K)->1960K(2368K)
[24.084s][info][gc             ] GC(200) Pause Young (Allocation Failure) 165M->10M(837M) 0.934ms
[24.084s][info][gc,cpu         ] GC(200) User=0.00s Sys=0.00s Real=0.00s
[24.187s][info][gc,start       ] GC(201) Pause Young (Allocation Failure)
[24.188s][info][gc,heap        ] GC(201) PSYoungGen: 157696K(157696K)->1024K(155136K) Eden: 156672K(156672K)->0K(154112K) From: 1024K(1024K)->1024K(1024K)
[24.188s][info][gc,heap        ] GC(201) ParOldGen: 9223K(699392K)->9319K(699392K)
[24.188s][info][gc,metaspace   ] GC(201) Metaspace: 14260K(15232K)->14260K(15232K) NonClass: 12299K(12864K)->12299K(12864K) Class: 1960K(2368K)->1960K(2368K)
[24.188s][info][gc             ] GC(201) Pause Young (Allocation Failure) 163M->10M(834M) 0.950ms
[24.188s][info][gc,cpu         ] GC(201) User=0.00s Sys=0.00s Real=0.00s
[24.290s][info][gc,start       ] GC(202) Pause Young (Allocation Failure)
[24.291s][info][gc,heap        ] GC(202) PSYoungGen: 155136K(155136K)->1056K(153088K) Eden: 154112K(154112K)->0K(151552K) From: 1024K(1024K)->1056K(1536K)
[24.291s][info][gc,heap        ] GC(202) ParOldGen: 9319K(699392K)->9367K(699392K)
[24.291s][info][gc,metaspace   ] GC(202) Metaspace: 14260K(15232K)->14260K(15232K) NonClass: 12299K(12864K)->12299K(12864K) Class: 1960K(2368K)->1960K(2368K)
[24.291s][info][gc             ] GC(202) Pause Young (Allocation Failure) 160M->10M(832M) 0.991ms
[24.291s][info][gc,cpu         ] GC(202) User=0.00s Sys=0.00s Real=0.00s
[24.396s][info][gc,start       ] GC(203) Pause Young (Allocation Failure)
[24.397s][info][gc,heap        ] GC(203) PSYoungGen: 152608K(153088K)->1024K(150016K) Eden: 151552K(151552K)->0K(148992K) From: 1056K(1536K)->1024K(1024K)
[24.397s][info][gc,heap        ] GC(203) ParOldGen: 9367K(699392K)->9407K(699392K)
[24.397s][info][gc,metaspace   ] GC(203) Metaspace: 14260K(15232K)->14260K(15232K) NonClass: 12299K(12864K)->12299K(12864K) Class: 1960K(2368K)->1960K(2368K)
[24.397s][info][gc             ] GC(203) Pause Young (Allocation Failure) 158M->10M(829M) 0.974ms
[24.397s][info][gc,cpu         ] GC(203) User=0.00s Sys=0.00s Real=0.00s
[24.499s][info][gc,start       ] GC(204) Pause Young (Allocation Failure)
[24.500s][info][gc,heap        ] GC(204) PSYoungGen: 150016K(150016K)->1024K(147456K) Eden: 148992K(148992K)->0K(146432K) From: 1024K(1024K)->1024K(1024K)
[24.500s][info][gc,heap        ] GC(204) ParOldGen: 9407K(699392K)->9455K(699392K)
[24.500s][info][gc,metaspace   ] GC(204) Metaspace: 14260K(15232K)->14260K(15232K) NonClass: 12299K(12864K)->12299K(12864K) Class: 1960K(2368K)->1960K(2368K)
[24.500s][info][gc             ] GC(204) Pause Young (Allocation Failure) 155M->10M(827M) 1.025ms
[24.500s][info][gc,cpu         ] GC(204) User=0.00s Sys=0.00s Real=0.00s
[24.597s][info][gc,start       ] GC(205) Pause Young (Allocation Failure)
[24.598s][info][gc,heap        ] GC(205) PSYoungGen: 147456K(147456K)->1024K(144896K) Eden: 146432K(146432K)->0K(143872K) From: 1024K(1024K)->1024K(1024K)
[24.598s][info][gc,heap        ] GC(205) ParOldGen: 9455K(699392K)->9495K(699392K)
[24.598s][info][gc,metaspace   ] GC(205) Metaspace: 14260K(15232K)->14260K(15232K) NonClass: 12299K(12864K)->12299K(12864K) Class: 1960K(2368K)->1960K(2368K)
[24.598s][info][gc             ] GC(205) Pause Young (Allocation Failure) 153M->10M(824M) 1.002ms
[24.598s][info][gc,cpu         ] GC(205) User=0.00s Sys=0.00s Real=0.00s
[24.694s][info][gc,start       ] GC(206) Pause Young (Allocation Failure)
[24.706s][info][gc,heap        ] GC(206) PSYoungGen: 144896K(144896K)->1024K(142848K) Eden: 143872K(143872K)->0K(141824K) From: 1024K(1024K)->1024K(1024K)
[24.706s][info][gc,heap        ] GC(206) ParOldGen: 9495K(699392K)->9535K(699392K)
[24.706s][info][gc,metaspace   ] GC(206) Metaspace: 14260K(15232K)->14260K(15232K) NonClass: 12299K(12864K)->12299K(12864K) Class: 1960K(2368K)->1960K(2368K)
[24.706s][info][gc             ] GC(206) Pause Young (Allocation Failure) 150M->10M(822M) 11.932ms
[24.706s][info][gc,cpu         ] GC(206) User=0.00s Sys=0.00s Real=0.01s
[24.803s][info][gc,start       ] GC(207) Pause Young (Allocation Failure)
[24.804s][info][gc,heap        ] GC(207) PSYoungGen: 142848K(142848K)->992K(140800K) Eden: 141824K(141824K)->0K(139776K) From: 1024K(1024K)->992K(1024K)
[24.804s][info][gc,heap        ] GC(207) ParOldGen: 9535K(699392K)->9575K(699392K)
[24.804s][info][gc,metaspace   ] GC(207) Metaspace: 14260K(15232K)->14260K(15232K) NonClass: 12299K(12864K)->12299K(12864K) Class: 1960K(2368K)->1960K(2368K)
[24.804s][info][gc             ] GC(207) Pause Young (Allocation Failure) 148M->10M(820M) 1.095ms
[24.804s][info][gc,cpu         ] GC(207) User=0.00s Sys=0.00s Real=0.00s
[24.898s][info][gc,start       ] GC(208) Pause Young (Allocation Failure)
[24.899s][info][gc,heap        ] GC(208) PSYoungGen: 140768K(140800K)->1056K(139264K) Eden: 139776K(139776K)->0K(137728K) From: 992K(1024K)->1056K(1536K)
[24.899s][info][gc,heap        ] GC(208) ParOldGen: 9575K(699392K)->9615K(699392K)
[24.899s][info][gc,metaspace   ] GC(208) Metaspace: 14260K(15232K)->14260K(15232K) NonClass: 12299K(12864K)->12299K(12864K) Class: 1960K(2368K)->1960K(2368K)
[24.899s][info][gc             ] GC(208) Pause Young (Allocation Failure) 146M->10M(819M) 1.084ms
[24.899s][info][gc,cpu         ] GC(208) User=0.00s Sys=0.00s Real=0.00s
[24.990s][info][gc,start       ] GC(209) Pause Young (Allocation Failure)
[24.991s][info][gc,heap        ] GC(209) PSYoungGen: 138784K(139264K)->1024K(136704K) Eden: 137728K(137728K)->0K(135680K) From: 1056K(1536K)->1024K(1024K)
[24.991s][info][gc,heap        ] GC(209) ParOldGen: 9615K(699392K)->9671K(699392K)
[24.991s][info][gc,metaspace   ] GC(209) Metaspace: 14260K(15232K)->14260K(15232K) NonClass: 12299K(12864K)->12299K(12864K) Class: 1960K(2368K)->1960K(2368K)
[24.991s][info][gc             ] GC(209) Pause Young (Allocation Failure) 144M->10M(816M) 1.146ms
[24.991s][info][gc,cpu         ] GC(209) User=0.00s Sys=0.00s Real=0.00s
[25.083s][info][gc,start       ] GC(210) Pause Young (Allocation Failure)
[25.084s][info][gc,heap        ] GC(210) PSYoungGen: 136704K(136704K)->1024K(134656K) Eden: 135680K(135680K)->0K(133632K) From: 1024K(1024K)->1024K(1024K)
[25.084s][info][gc,heap        ] GC(210) ParOldGen: 9671K(699392K)->9711K(699392K)
[25.084s][info][gc,metaspace   ] GC(210) Metaspace: 14260K(15232K)->14260K(15232K) NonClass: 12299K(12864K)->12299K(12864K) Class: 1960K(2368K)->1960K(2368K)
[25.085s][info][gc             ] GC(210) Pause Young (Allocation Failure) 142M->10M(814M) 1.109ms
[25.085s][info][gc,cpu         ] GC(210) User=0.00s Sys=0.00s Real=0.00s
[25.176s][info][gc,start       ] GC(211) Pause Young (Allocation Failure)
[25.177s][info][gc,heap        ] GC(211) PSYoungGen: 134656K(134656K)->992K(132608K) Eden: 133632K(133632K)->0K(131584K) From: 1024K(1024K)->992K(1024K)
[25.177s][info][gc,heap        ] GC(211) ParOldGen: 9711K(699392K)->9767K(699392K)
[25.177s][info][gc,metaspace   ] GC(211) Metaspace: 14260K(15232K)->14260K(15232K) NonClass: 12299K(12864K)->12299K(12864K) Class: 1960K(2368K)->1960K(2368K)
[25.177s][info][gc             ] GC(211) Pause Young (Allocation Failure) 140M->10M(812M) 1.128ms
[25.177s][info][gc,cpu         ] GC(211) User=0.00s Sys=0.00s Real=0.00s
[25.266s][info][gc,start       ] GC(212) Pause Young (Allocation Failure)
[25.267s][info][gc,heap        ] GC(212) PSYoungGen: 132576K(132608K)->1024K(159232K) Eden: 131584K(131584K)->0K(158208K) From: 992K(1024K)->1024K(1024K)
[25.267s][info][gc,heap        ] GC(212) ParOldGen: 9767K(699392K)->9799K(699392K)
[25.267s][info][gc,metaspace   ] GC(212) Metaspace: 14260K(15232K)->14260K(15232K) NonClass: 12299K(12864K)->12299K(12864K) Class: 1960K(2368K)->1960K(2368K)
[25.267s][info][gc             ] GC(212) Pause Young (Allocation Failure) 139M->10M(838M) 1.142ms
[25.267s][info][gc,cpu         ] GC(212) User=0.00s Sys=0.00s Real=0.00s
[25.374s][info][gc,start       ] GC(213) Pause Young (Allocation Failure)
[25.375s][info][gc,heap        ] GC(213) PSYoungGen: 159232K(159232K)->1024K(190976K) Eden: 158208K(158208K)->0K(189952K) From: 1024K(1024K)->1024K(1024K)
[25.375s][info][gc,heap        ] GC(213) ParOldGen: 9799K(699392K)->9839K(699392K)
[25.375s][info][gc,metaspace   ] GC(213) Metaspace: 14260K(15232K)->14260K(15232K) NonClass: 12299K(12864K)->12299K(12864K) Class: 1960K(2368K)->1960K(2368K)
[25.375s][info][gc             ] GC(213) Pause Young (Allocation Failure) 165M->10M(869M) 1.213ms
[25.375s][info][gc,cpu         ] GC(213) User=0.52s Sys=0.00s Real=0.00s
[25.503s][info][gc,start       ] GC(214) Pause Young (Allocation Failure)
[25.504s][info][gc,heap        ] GC(214) PSYoungGen: 190976K(190976K)->1024K(187392K) Eden: 189952K(189952K)->0K(186368K) From: 1024K(1024K)->1024K(1024K)
[25.504s][info][gc,heap        ] GC(214) ParOldGen: 9839K(699392K)->9887K(699392K)
[25.504s][info][gc,metaspace   ] GC(214) Metaspace: 14260K(15232K)->14260K(15232K) NonClass: 12299K(12864K)->12299K(12864K) Class: 1960K(2368K)->1960K(2368K)
[25.504s][info][gc             ] GC(214) Pause Young (Allocation Failure) 196M->10M(866M) 1.324ms
[25.504s][info][gc,cpu         ] GC(214) User=0.00s Sys=0.00s Real=0.00s
[25.631s][info][gc,start       ] GC(215) Pause Young (Allocation Failure)
[25.632s][info][gc,heap        ] GC(215) PSYoungGen: 187392K(187392K)->992K(183808K) Eden: 186368K(186368K)->0K(182784K) From: 1024K(1024K)->992K(1024K)
[25.632s][info][gc,heap        ] GC(215) ParOldGen: 9887K(699392K)->9943K(699392K)
[25.632s][info][gc,metaspace   ] GC(215) Metaspace: 14260K(15232K)->14260K(15232K) NonClass: 12299K(12864K)->12299K(12864K) Class: 1960K(2368K)->1960K(2368K)
[25.632s][info][gc             ] GC(215) Pause Young (Allocation Failure) 192M->10M(862M) 1.344ms
[25.632s][info][gc,cpu         ] GC(215) User=0.00s Sys=0.00s Real=0.00s
[25.757s][info][gc,start       ] GC(216) Pause Young (Allocation Failure)
[25.758s][info][gc,heap        ] GC(216) PSYoungGen: 183776K(183808K)->1024K(180224K) Eden: 182784K(182784K)->0K(179200K) From: 992K(1024K)->1024K(1024K)
[25.758s][info][gc,heap        ] GC(216) ParOldGen: 9943K(699392K)->10007K(699392K)
[25.758s][info][gc,metaspace   ] GC(216) Metaspace: 14260K(15232K)->14260K(15232K) NonClass: 12299K(12864K)->12299K(12864K) Class: 1960K(2368K)->1960K(2368K)
[25.758s][info][gc             ] GC(216) Pause Young (Allocation Failure) 189M->10M(859M) 1.349ms
[25.758s][info][gc,cpu         ] GC(216) User=0.00s Sys=0.00s Real=0.00s
[25.878s][info][gc,start       ] GC(217) Pause Young (Allocation Failure)
[25.879s][info][gc,heap        ] GC(217) PSYoungGen: 180224K(180224K)->1024K(176640K) Eden: 179200K(179200K)->0K(175616K) From: 1024K(1024K)->1024K(1024K)
[25.879s][info][gc,heap        ] GC(217) ParOldGen: 10007K(699392K)->10063K(699392K)
[25.879s][info][gc,metaspace   ] GC(217) Metaspace: 14260K(15232K)->14260K(15232K) NonClass: 12299K(12864K)->12299K(12864K) Class: 1960K(2368K)->1960K(2368K)
[25.879s][info][gc             ] GC(217) Pause Young (Allocation Failure) 185M->10M(855M) 1.361ms
[25.879s][info][gc,cpu         ] GC(217) User=0.00s Sys=0.00s Real=0.00s
[25.998s][info][gc,start       ] GC(218) Pause Young (Allocation Failure)
[26.000s][info][gc,heap        ] GC(218) PSYoungGen: 176640K(176640K)->1024K(173568K) Eden: 175616K(175616K)->0K(172544K) From: 1024K(1024K)->1024K(1024K)
[26.000s][info][gc,heap        ] GC(218) ParOldGen: 10063K(699392K)->10111K(699392K)
[26.000s][info][gc,metaspace   ] GC(218) Metaspace: 14260K(15232K)->14260K(15232K) NonClass: 12299K(12864K)->12299K(12864K) Class: 1960K(2368K)->1960K(2368K)
[26.000s][info][gc             ] GC(218) Pause Young (Allocation Failure) 182M->10M(852M) 1.395ms
[26.000s][info][gc,cpu         ] GC(218) User=0.00s Sys=0.00s Real=0.00s
[26.118s][info][gc,start       ] GC(219) Pause Young (Allocation Failure)
[26.119s][info][gc,heap        ] GC(219) PSYoungGen: 173568K(173568K)->992K(190464K) Eden: 172544K(172544K)->0K(188928K) From: 1024K(1024K)->992K(1536K)
[26.119s][info][gc,heap        ] GC(219) ParOldGen: 10111K(699392K)->10159K(699392K)
[26.119s][info][gc,metaspace   ] GC(219) Metaspace: 14260K(15232K)->14260K(15232K) NonClass: 12299K(12864K)->12299K(12864K) Class: 1960K(2368K)->1960K(2368K)
[26.119s][info][gc             ] GC(219) Pause Young (Allocation Failure) 179M->10M(869M) 1.466ms
[26.119s][info][gc,cpu         ] GC(219) User=0.00s Sys=0.00s Real=0.00s
[26.244s][info][gc,start       ] GC(220) Pause Young (Allocation Failure)
[26.245s][info][gc,heap        ] GC(220) PSYoungGen: 189920K(190464K)->1024K(190464K) Eden: 188928K(188928K)->0K(188928K) From: 992K(1536K)->1024K(1536K)
[26.245s][info][gc,heap        ] GC(220) ParOldGen: 10159K(699392K)->10231K(699392K)
[26.245s][info][gc,metaspace   ] GC(220) Metaspace: 14260K(15232K)->14260K(15232K) NonClass: 12299K(12864K)->12299K(12864K) Class: 1960K(2368K)->1960K(2368K)
[26.245s][info][gc             ] GC(220) Pause Young (Allocation Failure) 195M->10M(869M) 1.474ms
[26.245s][info][gc,cpu         ] GC(220) User=0.00s Sys=0.00s Real=0.00s
[26.371s][info][gc,start       ] GC(221) Pause Young (Allocation Failure)
[26.372s][info][gc,heap        ] GC(221) PSYoungGen: 189952K(190464K)->1056K(228352K) Eden: 188928K(188928K)->0K(226816K) From: 1024K(1536K)->1056K(1536K)
[26.372s][info][gc,heap        ] GC(221) ParOldGen: 10231K(699392K)->10279K(699392K)
[26.372s][info][gc,metaspace   ] GC(221) Metaspace: 14260K(15232K)->14260K(15232K) NonClass: 12299K(12864K)->12299K(12864K) Class: 1960K(2368K)->1960K(2368K)
[26.372s][info][gc             ] GC(221) Pause Young (Allocation Failure) 195M->11M(906M) 1.486ms
[26.372s][info][gc,cpu         ] GC(221) User=0.00s Sys=0.00s Real=0.00s
[26.523s][info][gc,start       ] GC(222) Pause Young (Allocation Failure)
[26.524s][info][gc,heap        ] GC(222) PSYoungGen: 227872K(228352K)->1056K(228352K) Eden: 226816K(226816K)->0K(226816K) From: 1056K(1536K)->1056K(1536K)
[26.525s][info][gc,heap        ] GC(222) ParOldGen: 10279K(699392K)->10327K(699392K)
[26.525s][info][gc,metaspace   ] GC(222) Metaspace: 14260K(15232K)->14260K(15232K) NonClass: 12299K(12864K)->12299K(12864K) Class: 1960K(2368K)->1960K(2368K)
[26.525s][info][gc             ] GC(222) Pause Young (Allocation Failure) 232M->11M(906M) 1.696ms
[26.525s][info][gc,cpu         ] GC(222) User=0.00s Sys=0.00s Real=0.00s
[26.677s][info][gc,start       ] GC(223) Pause Young (Allocation Failure)
[26.679s][info][gc,heap        ] GC(223) PSYoungGen: 227872K(228352K)->1056K(223232K) Eden: 226816K(226816K)->0K(221696K) From: 1056K(1536K)->1056K(1536K)
[26.679s][info][gc,heap        ] GC(223) ParOldGen: 10327K(699392K)->10391K(699392K)
[26.679s][info][gc,metaspace   ] GC(223) Metaspace: 14260K(15232K)->14260K(15232K) NonClass: 12299K(12864K)->12299K(12864K) Class: 1960K(2368K)->1960K(2368K)
[26.679s][info][gc             ] GC(223) Pause Young (Allocation Failure) 232M->11M(901M) 1.606ms
[26.679s][info][gc,cpu         ] GC(223) User=0.00s Sys=0.00s Real=0.00s
[26.831s][info][gc,start       ] GC(224) Pause Young (Allocation Failure)
[26.832s][info][gc,heap        ] GC(224) PSYoungGen: 222752K(223232K)->1024K(218112K) Eden: 221696K(221696K)->0K(217088K) From: 1056K(1536K)->1024K(1024K)
[26.832s][info][gc,heap        ] GC(224) ParOldGen: 10391K(699392K)->10455K(699392K)
[26.832s][info][gc,metaspace   ] GC(224) Metaspace: 14260K(15232K)->14260K(15232K) NonClass: 12299K(12864K)->12299K(12864K) Class: 1960K(2368K)->1960K(2368K)
[26.832s][info][gc             ] GC(224) Pause Young (Allocation Failure) 227M->11M(896M) 1.644ms
[26.832s][info][gc,cpu         ] GC(224) User=0.00s Sys=0.00s Real=0.00s
[26.980s][info][gc,start       ] GC(225) Pause Young (Allocation Failure)
[26.981s][info][gc,heap        ] GC(225) PSYoungGen: 218112K(218112K)->1024K(213504K) Eden: 217088K(217088K)->0K(212480K) From: 1024K(1024K)->1024K(1024K)
[26.981s][info][gc,heap        ] GC(225) ParOldGen: 10455K(699392K)->10527K(699392K)
[26.981s][info][gc,metaspace   ] GC(225) Metaspace: 14260K(15232K)->14260K(15232K) NonClass: 12299K(12864K)->12299K(12864K) Class: 1960K(2368K)->1960K(2368K)
[26.981s][info][gc             ] GC(225) Pause Young (Allocation Failure) 223M->11M(891M) 1.655ms
[26.982s][info][gc,cpu         ] GC(225) User=0.00s Sys=0.00s Real=0.00s
[27.188s][info][gc,start       ] GC(226) Pause Young (Allocation Failure)
[27.191s][info][gc,heap        ] GC(226) PSYoungGen: 213504K(213504K)->1056K(209408K) Eden: 212480K(212480K)->0K(207872K) From: 1024K(1024K)->1056K(1536K)
[27.191s][info][gc,heap        ] GC(226) ParOldGen: 10527K(699392K)->10591K(699392K)
[27.191s][info][gc,metaspace   ] GC(226) Metaspace: 14260K(15232K)->14260K(15232K) NonClass: 12299K(12864K)->12299K(12864K) Class: 1960K(2368K)->1960K(2368K)
[27.191s][info][gc             ] GC(226) Pause Young (Allocation Failure) 218M->11M(887M) 2.351ms
[27.191s][info][gc,cpu         ] GC(226) User=0.00s Sys=0.00s Real=0.00s
[27.342s][info][gc,start       ] GC(227) Pause Young (Allocation Failure)
[27.343s][info][gc,heap        ] GC(227) PSYoungGen: 208928K(209408K)->992K(204800K) Eden: 207872K(207872K)->0K(203776K) From: 1056K(1536K)->992K(1024K)
[27.343s][info][gc,heap        ] GC(227) ParOldGen: 10591K(699392K)->10655K(699392K)
[27.343s][info][gc,metaspace   ] GC(227) Metaspace: 14260K(15232K)->14260K(15232K) NonClass: 12299K(12864K)->12299K(12864K) Class: 1960K(2368K)->1960K(2368K)
[27.343s][info][gc             ] GC(227) Pause Young (Allocation Failure) 214M->11M(883M) 1.548ms
[27.343s][info][gc,cpu         ] GC(227) User=0.00s Sys=0.00s Real=0.00s
[27.484s][info][gc,start       ] GC(228) Pause Young (Allocation Failure)
[27.485s][info][gc,heap        ] GC(228) PSYoungGen: 204768K(204800K)->1024K(200704K) Eden: 203776K(203776K)->0K(199680K) From: 992K(1024K)->1024K(1024K)
[27.485s][info][gc,heap        ] GC(228) ParOldGen: 10655K(699392K)->10711K(699392K)
[27.485s][info][gc,metaspace   ] GC(228) Metaspace: 14260K(15232K)->14260K(15232K) NonClass: 12299K(12864K)->12299K(12864K) Class: 1960K(2368K)->1960K(2368K)
[27.485s][info][gc             ] GC(228) Pause Young (Allocation Failure) 210M->11M(879M) 1.480ms
[27.485s][info][gc,cpu         ] GC(228) User=0.52s Sys=0.00s Real=0.00s
[27.643s][info][gc,start       ] GC(229) Pause Young (Allocation Failure)
[27.644s][info][gc,heap        ] GC(229) PSYoungGen: 200704K(200704K)->1024K(196608K) Eden: 199680K(199680K)->0K(195584K) From: 1024K(1024K)->1024K(1024K)
[27.644s][info][gc,heap        ] GC(229) ParOldGen: 10711K(699392K)->10775K(699392K)
[27.644s][info][gc,metaspace   ] GC(229) Metaspace: 14260K(15232K)->14260K(15232K) NonClass: 12299K(12864K)->12299K(12864K) Class: 1960K(2368K)->1960K(2368K)
[27.644s][info][gc             ] GC(229) Pause Young (Allocation Failure) 206M->11M(875M) 1.363ms
[27.644s][info][gc,cpu         ] GC(229) User=0.00s Sys=0.00s Real=0.00s
[27.794s][info][gc,start       ] GC(230) Pause Young (Allocation Failure)
[27.795s][info][gc,heap        ] GC(230) PSYoungGen: 196608K(196608K)->1056K(193024K) Eden: 195584K(195584K)->0K(191488K) From: 1024K(1024K)->1056K(1536K)
[27.795s][info][gc,heap        ] GC(230) ParOldGen: 10775K(699392K)->10855K(699392K)
[27.795s][info][gc,metaspace   ] GC(230) Metaspace: 14260K(15232K)->14260K(15232K) NonClass: 12299K(12864K)->12299K(12864K) Class: 1960K(2368K)->1960K(2368K)
[27.795s][info][gc             ] GC(230) Pause Young (Allocation Failure) 202M->11M(871M) 1.285ms
[27.795s][info][gc,cpu         ] GC(230) User=0.00s Sys=0.00s Real=0.00s
[27.921s][info][gc,start       ] GC(231) Pause Young (Allocation Failure)
[27.923s][info][gc,heap        ] GC(231) PSYoungGen: 192544K(193024K)->1024K(188928K) Eden: 191488K(191488K)->0K(187904K) From: 1056K(1536K)->1024K(1024K)
[27.923s][info][gc,heap        ] GC(231) ParOldGen: 10855K(699392K)->10919K(699392K)
[27.923s][info][gc,metaspace   ] GC(231) Metaspace: 14260K(15232K)->14260K(15232K) NonClass: 12299K(12864K)->12299K(12864K) Class: 1960K(2368K)->1960K(2368K)
[27.923s][info][gc             ] GC(231) Pause Young (Allocation Failure) 198M->11M(867M) 1.305ms
[27.923s][info][gc,cpu         ] GC(231) User=0.00s Sys=0.02s Real=0.00s
[28.050s][info][gc,start       ] GC(232) Pause Young (Allocation Failure)
[28.052s][info][gc,heap        ] GC(232) PSYoungGen: 188928K(188928K)->1024K(185344K) Eden: 187904K(187904K)->0K(184320K) From: 1024K(1024K)->1024K(1024K)
[28.052s][info][gc,heap        ] GC(232) ParOldGen: 10919K(699392K)->10967K(699392K)
[28.052s][info][gc,metaspace   ] GC(232) Metaspace: 14260K(15232K)->14260K(15232K) NonClass: 12299K(12864K)->12299K(12864K) Class: 1960K(2368K)->1960K(2368K)
[28.052s][info][gc             ] GC(232) Pause Young (Allocation Failure) 195M->11M(864M) 1.307ms
[28.052s][info][gc,cpu         ] GC(232) User=0.00s Sys=0.00s Real=0.00s
[28.175s][info][gc,start       ] GC(233) Pause Young (Allocation Failure)
[28.176s][info][gc,heap        ] GC(233) PSYoungGen: 185344K(185344K)->1024K(181760K) Eden: 184320K(184320K)->0K(180736K) From: 1024K(1024K)->1024K(1024K)
[28.176s][info][gc,heap        ] GC(233) ParOldGen: 10967K(699392K)->11015K(699392K)
[28.176s][info][gc,metaspace   ] GC(233) Metaspace: 14260K(15232K)->14260K(15232K) NonClass: 12299K(12864K)->12299K(12864K) Class: 1960K(2368K)->1960K(2368K)
[28.176s][info][gc             ] GC(233) Pause Young (Allocation Failure) 191M->11M(860M) 1.294ms
[28.176s][info][gc,cpu         ] GC(233) User=0.00s Sys=0.00s Real=0.00s
[28.297s][info][gc,start       ] GC(234) Pause Young (Allocation Failure)
[28.298s][info][gc,heap        ] GC(234) PSYoungGen: 181760K(181760K)->1024K(178176K) Eden: 180736K(180736K)->0K(177152K) From: 1024K(1024K)->1024K(1024K)
[28.298s][info][gc,heap        ] GC(234) ParOldGen: 11015K(699392K)->11063K(699392K)
[28.298s][info][gc,metaspace   ] GC(234) Metaspace: 14260K(15232K)->14260K(15232K) NonClass: 12299K(12864K)->12299K(12864K) Class: 1960K(2368K)->1960K(2368K)
[28.298s][info][gc             ] GC(234) Pause Young (Allocation Failure) 188M->11M(857M) 1.297ms
[28.298s][info][gc,cpu         ] GC(234) User=0.41s Sys=0.02s Real=0.00s
[28.416s][info][gc,start       ] GC(235) Pause Young (Allocation Failure)
[28.417s][info][gc,heap        ] GC(235) PSYoungGen: 178176K(178176K)->1024K(175104K) Eden: 177152K(177152K)->0K(174080K) From: 1024K(1024K)->1024K(1024K)
[28.417s][info][gc,heap        ] GC(235) ParOldGen: 11063K(699392K)->11143K(699392K)
[28.417s][info][gc,metaspace   ] GC(235) Metaspace: 14260K(15232K)->14260K(15232K) NonClass: 12299K(12864K)->12299K(12864K) Class: 1960K(2368K)->1960K(2368K)
[28.417s][info][gc             ] GC(235) Pause Young (Allocation Failure) 184M->11M(854M) 1.296ms
[28.417s][info][gc,cpu         ] GC(235) User=0.00s Sys=0.00s Real=0.00s
[28.533s][info][gc,start       ] GC(236) Pause Young (Allocation Failure)
[28.534s][info][gc,heap        ] GC(236) PSYoungGen: 175104K(175104K)->1024K(172032K) Eden: 174080K(174080K)->0K(171008K) From: 1024K(1024K)->1024K(1024K)
[28.534s][info][gc,heap        ] GC(236) ParOldGen: 11143K(699392K)->11199K(699392K)
[28.534s][info][gc,metaspace   ] GC(236) Metaspace: 14260K(15232K)->14260K(15232K) NonClass: 12299K(12864K)->12299K(12864K) Class: 1960K(2368K)->1960K(2368K)
[28.535s][info][gc             ] GC(236) Pause Young (Allocation Failure) 181M->11M(851M) 1.323ms
[28.535s][info][gc,cpu         ] GC(236) User=0.00s Sys=0.00s Real=0.00s
[28.649s][info][gc,start       ] GC(237) Pause Young (Allocation Failure)
[28.650s][info][gc,heap        ] GC(237) PSYoungGen: 172032K(172032K)->1024K(168960K) Eden: 171008K(171008K)->0K(167936K) From: 1024K(1024K)->1024K(1024K)
[28.650s][info][gc,heap        ] GC(237) ParOldGen: 11199K(699392K)->11271K(699392K)
[28.650s][info][gc,metaspace   ] GC(237) Metaspace: 14260K(15232K)->14260K(15232K) NonClass: 12299K(12864K)->12299K(12864K) Class: 1960K(2368K)->1960K(2368K)
[28.650s][info][gc             ] GC(237) Pause Young (Allocation Failure) 178M->12M(848M) 1.325ms
[28.650s][info][gc,cpu         ] GC(237) User=0.00s Sys=0.00s Real=0.00s
[28.763s][info][gc,start       ] GC(238) Pause Young (Allocation Failure)
[28.764s][info][gc,heap        ] GC(238) PSYoungGen: 168960K(168960K)->1024K(165888K) Eden: 167936K(167936K)->0K(164864K) From: 1024K(1024K)->1024K(1024K)
[28.764s][info][gc,heap        ] GC(238) ParOldGen: 11271K(699392K)->11319K(699392K)
[28.764s][info][gc,metaspace   ] GC(238) Metaspace: 14260K(15232K)->14260K(15232K) NonClass: 12299K(12864K)->12299K(12864K) Class: 1960K(2368K)->1960K(2368K)
[28.764s][info][gc             ] GC(238) Pause Young (Allocation Failure) 176M->12M(845M) 1.373ms
[28.765s][info][gc,cpu         ] GC(238) User=0.00s Sys=0.00s Real=0.00s
[28.877s][info][gc,start       ] GC(239) Pause Young (Allocation Failure)
[28.890s][info][gc,heap        ] GC(239) PSYoungGen: 165888K(165888K)->992K(199168K) Eden: 164864K(164864K)->0K(198144K) From: 1024K(1024K)->992K(1024K)
[28.890s][info][gc,heap        ] GC(239) ParOldGen: 11319K(699392K)->11383K(699392K)
[28.890s][info][gc,metaspace   ] GC(239) Metaspace: 14260K(15232K)->14260K(15232K) NonClass: 12299K(12864K)->12299K(12864K) Class: 1960K(2368K)->1960K(2368K)
[28.890s][info][gc             ] GC(239) Pause Young (Allocation Failure) 173M->12M(877M) 13.433ms
[28.890s][info][gc,cpu         ] GC(239) User=0.00s Sys=0.00s Real=0.01s
[29.026s][info][gc,start       ] GC(240) Pause Young (Allocation Failure)
[29.027s][info][gc,heap        ] GC(240) PSYoungGen: 199136K(199168K)->1024K(195072K) Eden: 198144K(198144K)->0K(194048K) From: 992K(1024K)->1024K(1024K)
[29.028s][info][gc,heap        ] GC(240) ParOldGen: 11383K(699392K)->11415K(699392K)
[29.028s][info][gc,metaspace   ] GC(240) Metaspace: 14260K(15232K)->14260K(15232K) NonClass: 12299K(12864K)->12299K(12864K) Class: 1960K(2368K)->1960K(2368K)
[29.028s][info][gc             ] GC(240) Pause Young (Allocation Failure) 205M->12M(873M) 1.452ms
[29.028s][info][gc,cpu         ] GC(240) User=0.00s Sys=0.00s Real=0.00s
[29.159s][info][gc,start       ] GC(241) Pause Young (Allocation Failure)
[29.160s][info][gc,heap        ] GC(241) PSYoungGen: 195072K(195072K)->992K(190976K) Eden: 194048K(194048K)->0K(189952K) From: 1024K(1024K)->992K(1024K)
[29.160s][info][gc,heap        ] GC(241) ParOldGen: 11415K(699392K)->11475K(699392K)
[29.160s][info][gc,metaspace   ] GC(241) Metaspace: 14260K(15232K)->14260K(15232K) NonClass: 12299K(12864K)->12299K(12864K) Class: 1960K(2368K)->1960K(2368K)
[29.160s][info][gc             ] GC(241) Pause Young (Allocation Failure) 201M->12M(869M) 1.483ms
[29.160s][info][gc,cpu         ] GC(241) User=0.00s Sys=0.00s Real=0.00s
[29.289s][info][gc,start       ] GC(242) Pause Young (Allocation Failure)
[29.290s][info][gc,heap        ] GC(242) PSYoungGen: 190944K(190976K)->1024K(229376K) Eden: 189952K(189952K)->0K(228352K) From: 992K(1024K)->1024K(1024K)
[29.290s][info][gc,heap        ] GC(242) ParOldGen: 11475K(699392K)->11539K(699392K)
[29.291s][info][gc,metaspace   ] GC(242) Metaspace: 14260K(15232K)->14260K(15232K) NonClass: 12299K(12864K)->12299K(12864K) Class: 1960K(2368K)->1960K(2368K)
[29.291s][info][gc             ] GC(242) Pause Young (Allocation Failure) 197M->12M(907M) 1.540ms
[29.291s][info][gc,cpu         ] GC(242) User=0.00s Sys=0.00s Real=0.00s
[29.445s][info][gc,start       ] GC(243) Pause Young (Allocation Failure)
[29.446s][info][gc,heap        ] GC(243) PSYoungGen: 229376K(229376K)->1024K(224256K) Eden: 228352K(228352K)->0K(223232K) From: 1024K(1024K)->1024K(1024K)
[29.446s][info][gc,heap        ] GC(243) ParOldGen: 11539K(699392K)->11595K(699392K)
[29.446s][info][gc,metaspace   ] GC(243) Metaspace: 14260K(15232K)->14260K(15232K) NonClass: 12299K(12864K)->12299K(12864K) Class: 1960K(2368K)->1960K(2368K)
[29.446s][info][gc             ] GC(243) Pause Young (Allocation Failure) 235M->12M(902M) 1.581ms
[29.446s][info][gc,cpu         ] GC(243) User=0.00s Sys=0.00s Real=0.00s
[29.597s][info][gc,start       ] GC(244) Pause Young (Allocation Failure)
[29.599s][info][gc,heap        ] GC(244) PSYoungGen: 224256K(224256K)->1056K(219648K) Eden: 223232K(223232K)->0K(218112K) From: 1024K(1024K)->1056K(1536K)
[29.599s][info][gc,heap        ] GC(244) ParOldGen: 11595K(699392K)->11643K(699392K)
[29.599s][info][gc,metaspace   ] GC(244) Metaspace: 14260K(15232K)->14260K(15232K) NonClass: 12299K(12864K)->12299K(12864K) Class: 1960K(2368K)->1960K(2368K)
[29.599s][info][gc             ] GC(244) Pause Young (Allocation Failure) 230M->12M(897M) 1.624ms
[29.599s][info][gc,cpu         ] GC(244) User=0.00s Sys=0.00s Real=0.00s
[29.749s][info][gc,start       ] GC(245) Pause Young (Allocation Failure)
[29.750s][info][gc,heap        ] GC(245) PSYoungGen: 219168K(219648K)->1024K(214528K) Eden: 218112K(218112K)->0K(213504K) From: 1056K(1536K)->1024K(1024K)
[29.750s][info][gc,heap        ] GC(245) ParOldGen: 11643K(699392K)->11707K(699392K)
[29.750s][info][gc,metaspace   ] GC(245) Metaspace: 14260K(15232K)->14260K(15232K) NonClass: 12299K(12864K)->12299K(12864K) Class: 1960K(2368K)->1960K(2368K)
[29.751s][info][gc             ] GC(245) Pause Young (Allocation Failure) 225M->12M(892M) 1.647ms
[29.751s][info][gc,cpu         ] GC(245) User=0.42s Sys=0.02s Real=0.00s
[29.896s][info][gc,start       ] GC(246) Pause Young (Allocation Failure)
[29.898s][info][gc,heap        ] GC(246) PSYoungGen: 214528K(214528K)->1024K(257536K) Eden: 213504K(213504K)->0K(256512K) From: 1024K(1024K)->1024K(1024K)
[29.898s][info][gc,heap        ] GC(246) ParOldGen: 11707K(699392K)->11803K(699392K)
[29.898s][info][gc,metaspace   ] GC(246) Metaspace: 14260K(15232K)->14260K(15232K) NonClass: 12299K(12864K)->12299K(12864K) Class: 1960K(2368K)->1960K(2368K)
[29.898s][info][gc             ] GC(246) Pause Young (Allocation Failure) 220M->12M(934M) 1.732ms
[29.898s][info][gc,cpu         ] GC(246) User=0.00s Sys=0.00s Real=0.00s
[30.174s][info][gc,start       ] GC(247) Pause Young (Allocation Failure)
[30.177s][info][gc,heap        ] GC(247) PSYoungGen: 257536K(257536K)->1024K(251392K) Eden: 256512K(256512K)->0K(250368K) From: 1024K(1024K)->1024K(1024K)
[30.177s][info][gc,heap        ] GC(247) ParOldGen: 11803K(699392K)->11859K(699392K)
[30.177s][info][gc,metaspace   ] GC(247) Metaspace: 14260K(15232K)->14260K(15232K) NonClass: 12299K(12864K)->12299K(12864K) Class: 1960K(2368K)->1960K(2368K)
[30.177s][info][gc             ] GC(247) Pause Young (Allocation Failure) 263M->12M(928M) 2.428ms
[30.177s][info][gc,cpu         ] GC(247) User=0.00s Sys=0.00s Real=0.00s
[30.356s][info][gc,start       ] GC(248) Pause Young (Allocation Failure)
[30.357s][info][gc,heap        ] GC(248) PSYoungGen: 251392K(251392K)->1056K(246272K) Eden: 250368K(250368K)->0K(244736K) From: 1024K(1024K)->1056K(1536K)
[30.357s][info][gc,heap        ] GC(248) ParOldGen: 11859K(699392K)->11923K(699392K)
[30.357s][info][gc,metaspace   ] GC(248) Metaspace: 14260K(15232K)->14260K(15232K) NonClass: 12299K(12864K)->12299K(12864K) Class: 1960K(2368K)->1960K(2368K)
[30.357s][info][gc             ] GC(248) Pause Young (Allocation Failure) 257M->12M(923M) 1.645ms
[30.357s][info][gc,cpu         ] GC(248) User=0.00s Sys=0.00s Real=0.00s
[30.543s][info][gc,start       ] GC(249) Pause Young (Allocation Failure)
[30.545s][info][gc,heap        ] GC(249) PSYoungGen: 245792K(246272K)->1024K(240128K) Eden: 244736K(244736K)->0K(239104K) From: 1056K(1536K)->1024K(1024K)
[30.545s][info][gc,heap        ] GC(249) ParOldGen: 11923K(699392K)->12003K(699392K)
[30.545s][info][gc,metaspace   ] GC(249) Metaspace: 14260K(15232K)->14260K(15232K) NonClass: 12299K(12864K)->12299K(12864K) Class: 1960K(2368K)->1960K(2368K)
[30.545s][info][gc             ] GC(249) Pause Young (Allocation Failure) 251M->12M(917M) 1.474ms
[30.545s][info][gc,cpu         ] GC(249) User=0.00s Sys=0.00s Real=0.00s
[30.707s][info][gc,start       ] GC(250) Pause Young (Allocation Failure)
[30.708s][info][gc,heap        ] GC(250) PSYoungGen: 240128K(240128K)->1024K(234496K) Eden: 239104K(239104K)->0K(233472K) From: 1024K(1024K)->1024K(1024K)
[30.708s][info][gc,heap        ] GC(250) ParOldGen: 12003K(699392K)->12083K(699392K)
[30.708s][info][gc,metaspace   ] GC(250) Metaspace: 14260K(15232K)->14260K(15232K) NonClass: 12299K(12864K)->12299K(12864K) Class: 1960K(2368K)->1960K(2368K)
[30.708s][info][gc             ] GC(250) Pause Young (Allocation Failure) 246M->12M(912M) 1.468ms
[30.708s][info][gc,cpu         ] GC(250) User=0.00s Sys=0.00s Real=0.00s
[30.864s][info][gc,start       ] GC(251) Pause Young (Allocation Failure)
[30.866s][info][gc,heap        ] GC(251) PSYoungGen: 234496K(234496K)->1024K(229376K) Eden: 233472K(233472K)->0K(228352K) From: 1024K(1024K)->1024K(1024K)
[30.866s][info][gc,heap        ] GC(251) ParOldGen: 12083K(699392K)->12179K(699392K)
[30.866s][info][gc,metaspace   ] GC(251) Metaspace: 14260K(15232K)->14260K(15232K) NonClass: 12299K(12864K)->12299K(12864K) Class: 1960K(2368K)->1960K(2368K)
[30.866s][info][gc             ] GC(251) Pause Young (Allocation Failure) 240M->12M(907M) 1.458ms
[30.866s][info][gc,cpu         ] GC(251) User=0.00s Sys=0.00s Real=0.00s
[31.016s][info][gc,start       ] GC(252) Pause Young (Allocation Failure)
[31.018s][info][gc,heap        ] GC(252) PSYoungGen: 229376K(229376K)->1056K(224768K) Eden: 228352K(228352K)->0K(223232K) From: 1024K(1024K)->1056K(1536K)
[31.018s][info][gc,heap        ] GC(252) ParOldGen: 12179K(699392K)->12235K(699392K)
[31.018s][info][gc,metaspace   ] GC(252) Metaspace: 14260K(15232K)->14260K(15232K) NonClass: 12299K(12864K)->12299K(12864K) Class: 1960K(2368K)->1960K(2368K)
[31.018s][info][gc             ] GC(252) Pause Young (Allocation Failure) 235M->12M(902M) 1.429ms
[31.018s][info][gc,cpu         ] GC(252) User=0.00s Sys=0.00s Real=0.00s
[31.178s][info][gc,start       ] GC(253) Pause Young (Allocation Failure)
[31.179s][info][gc,heap        ] GC(253) PSYoungGen: 224288K(224768K)->1024K(219136K) Eden: 223232K(223232K)->0K(218112K) From: 1056K(1536K)->1024K(1024K)
[31.180s][info][gc,heap        ] GC(253) ParOldGen: 12235K(699392K)->12307K(699392K)
[31.180s][info][gc,metaspace   ] GC(253) Metaspace: 14260K(15232K)->14260K(15232K) NonClass: 12299K(12864K)->12299K(12864K) Class: 1960K(2368K)->1960K(2368K)
[31.180s][info][gc             ] GC(253) Pause Young (Allocation Failure) 230M->13M(897M) 1.283ms
[31.180s][info][gc,cpu         ] GC(253) User=0.00s Sys=0.00s Real=0.00s
[31.326s][info][gc,start       ] GC(254) Pause Young (Allocation Failure)
[31.327s][info][gc,heap        ] GC(254) PSYoungGen: 219136K(219136K)->1024K(214528K) Eden: 218112K(218112K)->0K(213504K) From: 1024K(1024K)->1024K(1024K)
[31.327s][info][gc,heap        ] GC(254) ParOldGen: 12307K(699392K)->12379K(699392K)
[31.327s][info][gc,metaspace   ] GC(254) Metaspace: 14260K(15232K)->14260K(15232K) NonClass: 12299K(12864K)->12299K(12864K) Class: 1960K(2368K)->1960K(2368K)
[31.327s][info][gc             ] GC(254) Pause Young (Allocation Failure) 226M->13M(892M) 1.331ms
[31.327s][info][gc,cpu         ] GC(254) User=0.00s Sys=0.00s Real=0.00s
[31.470s][info][gc,start       ] GC(255) Pause Young (Allocation Failure)
[31.471s][info][gc,heap        ] GC(255) PSYoungGen: 214528K(214528K)->1024K(209920K) Eden: 213504K(213504K)->0K(208896K) From: 1024K(1024K)->1024K(1024K)
[31.471s][info][gc,heap        ] GC(255) ParOldGen: 12379K(699392K)->12443K(699392K)
[31.471s][info][gc,metaspace   ] GC(255) Metaspace: 14260K(15232K)->14260K(15232K) NonClass: 12299K(12864K)->12299K(12864K) Class: 1960K(2368K)->1960K(2368K)
[31.471s][info][gc             ] GC(255) Pause Young (Allocation Failure) 221M->13M(888M) 1.361ms
[31.471s][info][gc,cpu         ] GC(255) User=0.00s Sys=0.00s Real=0.00s
[31.609s][info][gc,start       ] GC(256) Pause Young (Allocation Failure)
[31.611s][info][gc,heap        ] GC(256) PSYoungGen: 209920K(209920K)->1024K(205312K) Eden: 208896K(208896K)->0K(204288K) From: 1024K(1024K)->1024K(1024K)
[31.611s][info][gc,heap        ] GC(256) ParOldGen: 12443K(699392K)->12499K(699392K)
[31.611s][info][gc,metaspace   ] GC(256) Metaspace: 14260K(15232K)->14260K(15232K) NonClass: 12299K(12864K)->12299K(12864K) Class: 1960K(2368K)->1960K(2368K)
[31.611s][info][gc             ] GC(256) Pause Young (Allocation Failure) 217M->13M(883M) 1.386ms
[31.611s][info][gc,cpu         ] GC(256) User=0.00s Sys=0.00s Real=0.00s
[31.746s][info][gc,start       ] GC(257) Pause Young (Allocation Failure)
[31.747s][info][gc,heap        ] GC(257) PSYoungGen: 205312K(205312K)->1024K(201216K) Eden: 204288K(204288K)->0K(200192K) From: 1024K(1024K)->1024K(1024K)
[31.747s][info][gc,heap        ] GC(257) ParOldGen: 12499K(699392K)->12571K(699392K)
[31.747s][info][gc,metaspace   ] GC(257) Metaspace: 14260K(15232K)->14260K(15232K) NonClass: 12299K(12864K)->12299K(12864K) Class: 1960K(2368K)->1960K(2368K)
[31.747s][info][gc             ] GC(257) Pause Young (Allocation Failure) 212M->13M(879M) 1.433ms
[31.747s][info][gc,cpu         ] GC(257) User=0.00s Sys=0.00s Real=0.00s
[31.879s][info][gc,start       ] GC(258) Pause Young (Allocation Failure)
[31.881s][info][gc,heap        ] GC(258) PSYoungGen: 201216K(201216K)->1024K(197120K) Eden: 200192K(200192K)->0K(196096K) From: 1024K(1024K)->1024K(1024K)
[31.881s][info][gc,heap        ] GC(258) ParOldGen: 12571K(699392K)->12611K(699392K)
[31.881s][info][gc,metaspace   ] GC(258) Metaspace: 14260K(15232K)->14260K(15232K) NonClass: 12299K(12864K)->12299K(12864K) Class: 1960K(2368K)->1960K(2368K)
[31.881s][info][gc             ] GC(258) Pause Young (Allocation Failure) 208M->13M(875M) 1.427ms
[31.881s][info][gc,cpu         ] GC(258) User=0.00s Sys=0.00s Real=0.00s
[32.011s][info][gc,start       ] GC(259) Pause Young (Allocation Failure)
[32.012s][info][gc,heap        ] GC(259) PSYoungGen: 197120K(197120K)->992K(193024K) Eden: 196096K(196096K)->0K(192000K) From: 1024K(1024K)->992K(1024K)
[32.012s][info][gc,heap        ] GC(259) ParOldGen: 12611K(699392K)->12675K(699392K)
[32.012s][info][gc,metaspace   ] GC(259) Metaspace: 14260K(15232K)->14260K(15232K) NonClass: 12299K(12864K)->12299K(12864K) Class: 1960K(2368K)->1960K(2368K)
[32.012s][info][gc             ] GC(259) Pause Young (Allocation Failure) 204M->13M(871M) 1.486ms
[32.012s][info][gc,cpu         ] GC(259) User=0.00s Sys=0.00s Real=0.00s
[32.142s][info][gc,start       ] GC(260) Pause Young (Allocation Failure)
[32.144s][info][gc,heap        ] GC(260) PSYoungGen: 192992K(193024K)->1056K(189952K) Eden: 192000K(192000K)->0K(188416K) From: 992K(1024K)->1056K(1536K)
[32.144s][info][gc,heap        ] GC(260) ParOldGen: 12675K(699392K)->12731K(699392K)
[32.144s][info][gc,metaspace   ] GC(260) Metaspace: 14260K(15232K)->14260K(15232K) NonClass: 12299K(12864K)->12299K(12864K) Class: 1960K(2368K)->1960K(2368K)
[32.144s][info][gc             ] GC(260) Pause Young (Allocation Failure) 200M->13M(868M) 1.488ms
[32.144s][info][gc,cpu         ] GC(260) User=0.00s Sys=0.00s Real=0.00s
[32.269s][info][gc,start       ] GC(261) Pause Young (Allocation Failure)
[32.271s][info][gc,heap        ] GC(261) PSYoungGen: 189472K(189952K)->1024K(185856K) Eden: 188416K(188416K)->0K(184832K) From: 1056K(1536K)->1024K(1024K)
[32.271s][info][gc,heap        ] GC(261) ParOldGen: 12731K(699392K)->12779K(699392K)
[32.271s][info][gc,metaspace   ] GC(261) Metaspace: 14260K(15232K)->14260K(15232K) NonClass: 12299K(12864K)->12299K(12864K) Class: 1960K(2368K)->1960K(2368K)
[32.271s][info][gc             ] GC(261) Pause Young (Allocation Failure) 197M->13M(864M) 1.496ms
[32.271s][info][gc,cpu         ] GC(261) User=0.00s Sys=0.00s Real=0.00s
[32.393s][info][gc,start       ] GC(262) Pause Young (Allocation Failure)
[32.395s][info][gc,heap        ] GC(262) PSYoungGen: 185856K(185856K)->1024K(223232K) Eden: 184832K(184832K)->0K(222208K) From: 1024K(1024K)->1024K(1024K)
[32.395s][info][gc,heap        ] GC(262) ParOldGen: 12779K(699392K)->12851K(699392K)
[32.395s][info][gc,metaspace   ] GC(262) Metaspace: 14260K(15232K)->14260K(15232K) NonClass: 12299K(12864K)->12299K(12864K) Class: 1960K(2368K)->1960K(2368K)
[32.395s][info][gc             ] GC(262) Pause Young (Allocation Failure) 193M->13M(901M) 1.552ms
[32.395s][info][gc,cpu         ] GC(262) User=0.00s Sys=0.00s Real=0.00s
[32.542s][info][gc,start       ] GC(263) Pause Young (Allocation Failure)
[32.544s][info][gc,heap        ] GC(263) PSYoungGen: 223232K(223232K)->1056K(257024K) Eden: 222208K(222208K)->0K(255488K) From: 1024K(1024K)->1056K(1536K)
[32.544s][info][gc,heap        ] GC(263) ParOldGen: 12851K(699392K)->12923K(699392K)
[32.544s][info][gc,metaspace   ] GC(263) Metaspace: 14260K(15232K)->14260K(15232K) NonClass: 12299K(12864K)->12299K(12864K) Class: 1960K(2368K)->1960K(2368K)
[32.544s][info][gc             ] GC(263) Pause Young (Allocation Failure) 230M->13M(934M) 1.674ms
[32.544s][info][gc,cpu         ] GC(263) User=0.00s Sys=0.00s Real=0.00s
[32.714s][info][gc,start       ] GC(264) Pause Young (Allocation Failure)
[32.716s][info][gc,heap        ] GC(264) PSYoungGen: 256544K(257024K)->1024K(250368K) Eden: 255488K(255488K)->0K(249344K) From: 1056K(1536K)->1024K(1024K)
[32.716s][info][gc,heap        ] GC(264) ParOldGen: 12923K(699392K)->12987K(699392K)
[32.716s][info][gc,metaspace   ] GC(264) Metaspace: 14260K(15232K)->14260K(15232K) NonClass: 12299K(12864K)->12299K(12864K) Class: 1960K(2368K)->1960K(2368K)
[32.716s][info][gc             ] GC(264) Pause Young (Allocation Failure) 263M->13M(927M) 1.761ms
[32.716s][info][gc,cpu         ] GC(264) User=0.00s Sys=0.00s Real=0.00s
[32.881s][info][gc,start       ] GC(265) Pause Young (Allocation Failure)
[32.883s][info][gc,heap        ] GC(265) PSYoungGen: 250368K(250368K)->1024K(244736K) Eden: 249344K(249344K)->0K(243712K) From: 1024K(1024K)->1024K(1024K)
[32.883s][info][gc,heap        ] GC(265) ParOldGen: 12987K(699392K)->13067K(699392K)
[32.883s][info][gc,metaspace   ] GC(265) Metaspace: 14260K(15232K)->14260K(15232K) NonClass: 12299K(12864K)->12299K(12864K) Class: 1960K(2368K)->1960K(2368K)
[32.883s][info][gc             ] GC(265) Pause Young (Allocation Failure) 257M->13M(922M) 1.743ms
[32.883s][info][gc,cpu         ] GC(265) User=0.00s Sys=0.00s Real=0.00s
[33.178s][info][gc,start       ] GC(266) Pause Young (Allocation Failure)
[33.180s][info][gc,heap        ] GC(266) PSYoungGen: 244736K(244736K)->992K(239104K) Eden: 243712K(243712K)->0K(238080K) From: 1024K(1024K)->992K(1024K)
[33.180s][info][gc,heap        ] GC(266) ParOldGen: 13067K(699392K)->13139K(699392K)
[33.180s][info][gc,metaspace   ] GC(266) Metaspace: 14260K(15232K)->14260K(15232K) NonClass: 12299K(12864K)->12299K(12864K) Class: 1960K(2368K)->1960K(2368K)
[33.180s][info][gc             ] GC(266) Pause Young (Allocation Failure) 251M->13M(916M) 2.388ms
[33.180s][info][gc,cpu         ] GC(266) User=0.00s Sys=0.00s Real=0.00s
[33.353s][info][gc,start       ] GC(267) Pause Young (Allocation Failure)
[33.354s][info][gc,heap        ] GC(267) PSYoungGen: 239072K(239104K)->1024K(233472K) Eden: 238080K(238080K)->0K(232448K) From: 992K(1024K)->1024K(1024K)
[33.355s][info][gc,heap        ] GC(267) ParOldGen: 13139K(699392K)->13211K(699392K)
[33.355s][info][gc,metaspace   ] GC(267) Metaspace: 14260K(15232K)->14260K(15232K) NonClass: 12299K(12864K)->12299K(12864K) Class: 1960K(2368K)->1960K(2368K)
[33.355s][info][gc             ] GC(267) Pause Young (Allocation Failure) 246M->13M(911M) 1.629ms
[33.355s][info][gc,cpu         ] GC(267) User=0.00s Sys=0.00s Real=0.00s
[33.522s][info][gc,start       ] GC(268) Pause Young (Allocation Failure)
[33.523s][info][gc,heap        ] GC(268) PSYoungGen: 233472K(233472K)->992K(228352K) Eden: 232448K(232448K)->0K(227328K) From: 1024K(1024K)->992K(1024K)
[33.523s][info][gc,heap        ] GC(268) ParOldGen: 13211K(699392K)->13299K(699392K)
[33.523s][info][gc,metaspace   ] GC(268) Metaspace: 14260K(15232K)->14260K(15232K) NonClass: 12299K(12864K)->12299K(12864K) Class: 1960K(2368K)->1960K(2368K)
[33.523s][info][gc             ] GC(268) Pause Young (Allocation Failure) 240M->13M(906M) 1.466ms
[33.523s][info][gc,cpu         ] GC(268) User=0.00s Sys=0.00s Real=0.00s
[33.684s][info][gc,start       ] GC(269) Pause Young (Allocation Failure)
[33.685s][info][gc,heap        ] GC(269) PSYoungGen: 228320K(228352K)->832K(223232K) Eden: 227328K(227328K)->0K(222208K) From: 992K(1024K)->832K(1024K)
[33.685s][info][gc,heap        ] GC(269) ParOldGen: 13299K(699392K)->13371K(699392K)
[33.685s][info][gc,metaspace   ] GC(269) Metaspace: 14260K(15232K)->14260K(15232K) NonClass: 12299K(12864K)->12299K(12864K) Class: 1960K(2368K)->1960K(2368K)
[33.685s][info][gc             ] GC(269) Pause Young (Allocation Failure) 235M->13M(901M) 1.340ms
[33.685s][info][gc,cpu         ] GC(269) User=0.00s Sys=0.00s Real=0.00s
[33.800s][info][gc,start       ] GC(270) Pause Young (Allocation Failure)
[33.802s][info][gc,heap        ] GC(270) PSYoungGen: 223040K(223232K)->768K(218624K) Eden: 222208K(222208K)->0K(217600K) From: 832K(1024K)->768K(1024K)
[33.802s][info][gc,heap        ] GC(270) ParOldGen: 13371K(699392K)->13443K(699392K)
[33.802s][info][gc,metaspace   ] GC(270) Metaspace: 14260K(15232K)->14260K(15232K) NonClass: 12299K(12864K)->12299K(12864K) Class: 1960K(2368K)->1960K(2368K)
[33.802s][info][gc             ] GC(270) Pause Young (Allocation Failure) 230M->13M(896M) 1.197ms
[33.802s][info][gc,cpu         ] GC(270) User=0.00s Sys=0.00s Real=0.00s
[34.041s][info][gc,start       ] GC(271) Pause Young (System.gc())
[34.042s][info][gc,heap        ] GC(271) PSYoungGen: 215652K(218624K)->416K(218112K) Eden: 214884K(217600K)->0K(217600K) From: 768K(1024K)->416K(512K)
[34.042s][info][gc,heap        ] GC(271) ParOldGen: 13443K(699392K)->13499K(699392K)
[34.042s][info][gc,metaspace   ] GC(271) Metaspace: 14260K(15232K)->14260K(15232K) NonClass: 12299K(12864K)->12299K(12864K) Class: 1960K(2368K)->1960K(2368K)
[34.042s][info][gc             ] GC(271) Pause Young (System.gc()) 223M->13M(896M) 1.502ms
[34.042s][info][gc,cpu         ] GC(271) User=0.00s Sys=0.00s Real=0.00s
[34.042s][info][gc,start       ] GC(272) Pause Full (System.gc())
[34.042s][info][gc,phases,start] GC(272) Marking Phase
[34.057s][info][gc,phases      ] GC(272) Marking Phase 15.039ms
[34.057s][info][gc,phases,start] GC(272) Summary Phase
[34.057s][info][gc,phases      ] GC(272) Summary Phase 0.027ms
[34.057s][info][gc,phases,start] GC(272) Adjust Roots
[34.061s][info][gc,phases      ] GC(272) Adjust Roots 3.284ms
[34.061s][info][gc,phases,start] GC(272) Compaction Phase
[34.065s][info][gc,phases      ] GC(272) Compaction Phase 3.723ms
[34.065s][info][gc,phases,start] GC(272) Post Compact
[34.065s][info][gc,phases      ] GC(272) Post Compact 0.514ms
[34.065s][info][gc,heap        ] GC(272) PSYoungGen: 416K(218112K)->0K(218112K) Eden: 0K(217600K)->0K(217600K) From: 416K(512K)->0K(512K)
[34.065s][info][gc,heap        ] GC(272) ParOldGen: 13499K(699392K)->5371K(699392K)
[34.065s][info][gc,metaspace   ] GC(272) Metaspace: 14260K(15232K)->14260K(15232K) NonClass: 12299K(12864K)->12299K(12864K) Class: 1960K(2368K)->1960K(2368K)
[34.065s][info][gc             ] GC(272) Pause Full (System.gc()) 13M->5M(896M) 22.890ms
[34.065s][info][gc,cpu         ] GC(272) User=0.02s Sys=0.00s Real=0.01s
[34.208s][info][gc,start       ] GC(273) Pause Young (Allocation Failure)
[34.209s][info][gc,heap        ] GC(273) PSYoungGen: 217600K(218112K)->1536K(214528K) Eden: 217600K(217600K)->0K(212992K) From: 0K(512K)->1536K(1536K)
[34.209s][info][gc,heap        ] GC(273) ParOldGen: 5371K(699392K)->5565K(699392K)
[34.209s][info][gc,metaspace   ] GC(273) Metaspace: 14262K(15232K)->14262K(15232K) NonClass: 12301K(12864K)->12301K(12864K) Class: 1960K(2368K)->1960K(2368K)
[34.209s][info][gc             ] GC(273) Pause Young (Allocation Failure) 217M->6M(892M) 1.365ms
[34.209s][info][gc,cpu         ] GC(273) User=0.00s Sys=0.00s Real=0.00s
[34.331s][info][gc,start       ] GC(274) Pause Young (Allocation Failure)
[34.332s][info][gc,heap        ] GC(274) PSYoungGen: 214528K(214528K)->1024K(209408K) Eden: 212992K(212992K)->0K(208384K) From: 1536K(1536K)->1024K(1024K)
[34.332s][info][gc,heap        ] GC(274) ParOldGen: 5565K(699392K)->7066K(699392K)
[34.332s][info][gc,metaspace   ] GC(274) Metaspace: 14262K(15232K)->14262K(15232K) NonClass: 12301K(12864K)->12301K(12864K) Class: 1960K(2368K)->1960K(2368K)
[34.332s][info][gc             ] GC(274) Pause Young (Allocation Failure) 214M->7M(887M) 1.399ms
[34.332s][info][gc,cpu         ] GC(274) User=0.00s Sys=0.00s Real=0.00s
[34.453s][info][gc,start       ] GC(275) Pause Young (Allocation Failure)
[34.454s][info][gc,heap        ] GC(275) PSYoungGen: 209408K(209408K)->992K(204800K) Eden: 208384K(208384K)->0K(203776K) From: 1024K(1024K)->992K(1024K)
[34.454s][info][gc,heap        ] GC(275) ParOldGen: 7066K(699392K)->7146K(699392K)
[34.454s][info][gc,metaspace   ] GC(275) Metaspace: 14262K(15232K)->14262K(15232K) NonClass: 12301K(12864K)->12301K(12864K) Class: 1960K(2368K)->1960K(2368K)
[34.454s][info][gc             ] GC(275) Pause Young (Allocation Failure) 211M->7M(883M) 1.303ms
[34.454s][info][gc,cpu         ] GC(275) User=0.00s Sys=0.00s Real=0.00s
[34.573s][info][gc,start       ] GC(276) Pause Young (Allocation Failure)
[34.574s][info][gc,heap        ] GC(276) PSYoungGen: 204768K(204800K)->1024K(200704K) Eden: 203776K(203776K)->0K(199680K) From: 992K(1024K)->1024K(1024K)
[34.574s][info][gc,heap        ] GC(276) ParOldGen: 7146K(699392K)->7226K(699392K)
[34.574s][info][gc,metaspace   ] GC(276) Metaspace: 14262K(15232K)->14262K(15232K) NonClass: 12301K(12864K)->12301K(12864K) Class: 1960K(2368K)->1960K(2368K)
[34.574s][info][gc             ] GC(276) Pause Young (Allocation Failure) 206M->8M(879M) 1.308ms
[34.574s][info][gc,cpu         ] GC(276) User=0.00s Sys=0.00s Real=0.00s
[34.691s][info][gc,start       ] GC(277) Pause Young (Allocation Failure)
[34.693s][info][gc,heap        ] GC(277) PSYoungGen: 200704K(200704K)->992K(196608K) Eden: 199680K(199680K)->0K(195584K) From: 1024K(1024K)->992K(1024K)
[34.693s][info][gc,heap        ] GC(277) ParOldGen: 7226K(699392K)->7282K(699392K)
[34.693s][info][gc,metaspace   ] GC(277) Metaspace: 14262K(15232K)->14262K(15232K) NonClass: 12301K(12864K)->12301K(12864K) Class: 1960K(2368K)->1960K(2368K)
[34.693s][info][gc             ] GC(277) Pause Young (Allocation Failure) 203M->8M(875M) 1.338ms
[34.693s][info][gc,cpu         ] GC(277) User=0.00s Sys=0.00s Real=0.00s
[34.807s][info][gc,start       ] GC(278) Pause Young (Allocation Failure)
[34.808s][info][gc,heap        ] GC(278) PSYoungGen: 196576K(196608K)->992K(192512K) Eden: 195584K(195584K)->0K(191488K) From: 992K(1024K)->992K(1024K)
[34.809s][info][gc,heap        ] GC(278) ParOldGen: 7282K(699392K)->7354K(699392K)
[34.809s][info][gc,metaspace   ] GC(278) Metaspace: 14262K(15232K)->14262K(15232K) NonClass: 12301K(12864K)->12301K(12864K) Class: 1960K(2368K)->1960K(2368K)
[34.809s][info][gc             ] GC(278) Pause Young (Allocation Failure) 199M->8M(871M) 1.370ms
[34.809s][info][gc,cpu         ] GC(278) User=0.00s Sys=0.00s Real=0.00s
[34.921s][info][gc,start       ] GC(279) Pause Young (Allocation Failure)
[34.922s][info][gc,heap        ] GC(279) PSYoungGen: 192480K(192512K)->992K(188928K) Eden: 191488K(191488K)->0K(187904K) From: 992K(1024K)->992K(1024K)
[34.922s][info][gc,heap        ] GC(279) ParOldGen: 7354K(699392K)->7418K(699392K)
[34.922s][info][gc,metaspace   ] GC(279) Metaspace: 14262K(15232K)->14262K(15232K) NonClass: 12301K(12864K)->12301K(12864K) Class: 1960K(2368K)->1960K(2368K)
[34.922s][info][gc             ] GC(279) Pause Young (Allocation Failure) 195M->8M(867M) 1.385ms
[34.922s][info][gc,cpu         ] GC(279) User=0.00s Sys=0.00s Real=0.00s
[35.033s][info][gc,start       ] GC(280) Pause Young (Allocation Failure)
[35.034s][info][gc,heap        ] GC(280) PSYoungGen: 188896K(188928K)->1024K(185344K) Eden: 187904K(187904K)->0K(184320K) From: 992K(1024K)->1024K(1024K)
[35.034s][info][gc,heap        ] GC(280) ParOldGen: 7418K(699392K)->7450K(699392K)
[35.034s][info][gc,metaspace   ] GC(280) Metaspace: 14262K(15232K)->14262K(15232K) NonClass: 12301K(12864K)->12301K(12864K) Class: 1960K(2368K)->1960K(2368K)
[35.034s][info][gc             ] GC(280) Pause Young (Allocation Failure) 191M->8M(864M) 1.384ms
[35.034s][info][gc,cpu         ] GC(280) User=0.00s Sys=0.00s Real=0.00s
[35.142s][info][gc,start       ] GC(281) Pause Young (Allocation Failure)
[35.143s][info][gc,heap        ] GC(281) PSYoungGen: 185344K(185344K)->1024K(181760K) Eden: 184320K(184320K)->0K(180736K) From: 1024K(1024K)->1024K(1024K)
[35.143s][info][gc,heap        ] GC(281) ParOldGen: 7450K(699392K)->7514K(699392K)
[35.143s][info][gc,metaspace   ] GC(281) Metaspace: 14262K(15232K)->14262K(15232K) NonClass: 12301K(12864K)->12301K(12864K) Class: 1960K(2368K)->1960K(2368K)
[35.143s][info][gc             ] GC(281) Pause Young (Allocation Failure) 188M->8M(860M) 1.357ms
[35.143s][info][gc,cpu         ] GC(281) User=0.00s Sys=0.00s Real=0.00s
[35.249s][info][gc,start       ] GC(282) Pause Young (Allocation Failure)
[35.250s][info][gc,heap        ] GC(282) PSYoungGen: 181760K(181760K)->1024K(218112K) Eden: 180736K(180736K)->0K(217088K) From: 1024K(1024K)->1024K(1024K)
[35.250s][info][gc,heap        ] GC(282) ParOldGen: 7514K(699392K)->7562K(699392K)
[35.250s][info][gc,metaspace   ] GC(282) Metaspace: 14262K(15232K)->14262K(15232K) NonClass: 12301K(12864K)->12301K(12864K) Class: 1960K(2368K)->1960K(2368K)
[35.250s][info][gc             ] GC(282) Pause Young (Allocation Failure) 184M->8M(896M) 1.432ms
[35.250s][info][gc,cpu         ] GC(282) User=0.00s Sys=0.02s Real=0.00s
[35.376s][info][gc,start       ] GC(283) Pause Young (Allocation Failure)
[35.378s][info][gc,heap        ] GC(283) PSYoungGen: 218112K(218112K)->992K(247808K) Eden: 217088K(217088K)->0K(246272K) From: 1024K(1024K)->992K(1536K)
[35.378s][info][gc,heap        ] GC(283) ParOldGen: 7562K(699392K)->7602K(699392K)
[35.378s][info][gc,metaspace   ] GC(283) Metaspace: 14262K(15232K)->14262K(15232K) NonClass: 12301K(12864K)->12301K(12864K) Class: 1960K(2368K)->1960K(2368K)
[35.378s][info][gc             ] GC(283) Pause Young (Allocation Failure) 220M->8M(925M) 1.415ms
[35.378s][info][gc,cpu         ] GC(283) User=0.00s Sys=0.00s Real=0.00s
[35.522s][info][gc,start       ] GC(284) Pause Young (Allocation Failure)
[35.523s][info][gc,heap        ] GC(284) PSYoungGen: 247264K(247808K)->1056K(242176K) Eden: 246272K(246272K)->0K(240640K) From: 992K(1536K)->1056K(1536K)
[35.523s][info][gc,heap        ] GC(284) ParOldGen: 7602K(699392K)->7658K(699392K)
[35.523s][info][gc,metaspace   ] GC(284) Metaspace: 14262K(15232K)->14262K(15232K) NonClass: 12301K(12864K)->12301K(12864K) Class: 1960K(2368K)->1960K(2368K)
[35.523s][info][gc             ] GC(284) Pause Young (Allocation Failure) 248M->8M(919M) 1.451ms
[35.523s][info][gc,cpu         ] GC(284) User=0.00s Sys=0.00s Real=0.00s
[35.664s][info][gc,start       ] GC(285) Pause Young (Allocation Failure)
[35.665s][info][gc,heap        ] GC(285) PSYoungGen: 241696K(242176K)->1024K(236032K) Eden: 240640K(240640K)->0K(235008K) From: 1056K(1536K)->1024K(1024K)
[35.665s][info][gc,heap        ] GC(285) ParOldGen: 7658K(699392K)->7698K(699392K)
[35.665s][info][gc,metaspace   ] GC(285) Metaspace: 14262K(15232K)->14262K(15232K) NonClass: 12301K(12864K)->12301K(12864K) Class: 1960K(2368K)->1960K(2368K)
[35.665s][info][gc             ] GC(285) Pause Young (Allocation Failure) 243M->8M(913M) 1.460ms
[35.665s][info][gc,cpu         ] GC(285) User=0.00s Sys=0.00s Real=0.00s
[35.801s][info][gc,start       ] GC(286) Pause Young (Allocation Failure)
[35.802s][info][gc,heap        ] GC(286) PSYoungGen: 236032K(236032K)->992K(230912K) Eden: 235008K(235008K)->0K(229888K) From: 1024K(1024K)->992K(1024K)
[35.802s][info][gc,heap        ] GC(286) ParOldGen: 7698K(699392K)->7762K(699392K)
[35.802s][info][gc,metaspace   ] GC(286) Metaspace: 14262K(15232K)->14262K(15232K) NonClass: 12301K(12864K)->12301K(12864K) Class: 1960K(2368K)->1960K(2368K)
[35.802s][info][gc             ] GC(286) Pause Young (Allocation Failure) 238M->8M(908M) 1.448ms
[35.802s][info][gc,cpu         ] GC(286) User=0.00s Sys=0.00s Real=0.00s
[35.938s][info][gc,start       ] GC(287) Pause Young (Allocation Failure)
[35.939s][info][gc,heap        ] GC(287) PSYoungGen: 230880K(230912K)->1056K(226304K) Eden: 229888K(229888K)->0K(224768K) From: 992K(1024K)->1056K(1536K)
[35.939s][info][gc,heap        ] GC(287) ParOldGen: 7762K(699392K)->7802K(699392K)
[35.939s][info][gc,metaspace   ] GC(287) Metaspace: 14262K(15232K)->14262K(15232K) NonClass: 12301K(12864K)->12301K(12864K) Class: 1960K(2368K)->1960K(2368K)
[35.939s][info][gc             ] GC(287) Pause Young (Allocation Failure) 233M->8M(904M) 1.519ms
[35.939s][info][gc,cpu         ] GC(287) User=0.00s Sys=0.00s Real=0.00s
[36.071s][info][gc,start       ] GC(288) Pause Young (Allocation Failure)
[36.073s][info][gc,heap        ] GC(288) PSYoungGen: 225824K(226304K)->1024K(220672K) Eden: 224768K(224768K)->0K(219648K) From: 1056K(1536K)->1024K(1024K)
[36.073s][info][gc,heap        ] GC(288) ParOldGen: 7802K(699392K)->7850K(699392K)
[36.073s][info][gc,metaspace   ] GC(288) Metaspace: 14262K(15232K)->14262K(15232K) NonClass: 12301K(12864K)->12301K(12864K) Class: 1960K(2368K)->1960K(2368K)
[36.073s][info][gc             ] GC(288) Pause Young (Allocation Failure) 228M->8M(898M) 1.502ms
[36.073s][info][gc,cpu         ] GC(288) User=0.00s Sys=0.00s Real=0.00s
[36.201s][info][gc,start       ] GC(289) Pause Young (Allocation Failure)
[36.202s][info][gc,heap        ] GC(289) PSYoungGen: 220672K(220672K)->1024K(260608K) Eden: 219648K(219648K)->0K(259072K) From: 1024K(1024K)->1024K(1536K)
[36.202s][info][gc,heap        ] GC(289) ParOldGen: 7850K(699392K)->7930K(699392K)
[36.202s][info][gc,metaspace   ] GC(289) Metaspace: 14262K(15232K)->14262K(15232K) NonClass: 12301K(12864K)->12301K(12864K) Class: 1960K(2368K)->1960K(2368K)
[36.202s][info][gc             ] GC(289) Pause Young (Allocation Failure) 223M->8M(937M) 1.520ms
[36.202s][info][gc,cpu         ] GC(289) User=0.00s Sys=0.00s Real=0.00s
[36.354s][info][gc,start       ] GC(290) Pause Young (Allocation Failure)
[36.356s][info][gc,heap        ] GC(290) PSYoungGen: 260096K(260608K)->1024K(253952K) Eden: 259072K(259072K)->0K(252928K) From: 1024K(1536K)->1024K(1024K)
[36.356s][info][gc,heap        ] GC(290) ParOldGen: 7930K(699392K)->7970K(699392K)
[36.356s][info][gc,metaspace   ] GC(290) Metaspace: 14262K(15232K)->14262K(15232K) NonClass: 12301K(12864K)->12301K(12864K) Class: 1960K(2368K)->1960K(2368K)
[36.356s][info][gc             ] GC(290) Pause Young (Allocation Failure) 261M->8M(931M) 1.570ms
[36.356s][info][gc,cpu         ] GC(290) User=0.00s Sys=0.00s Real=0.00s
[36.502s][info][gc,start       ] GC(291) Pause Young (Allocation Failure)
[36.504s][info][gc,heap        ] GC(291) PSYoungGen: 253952K(253952K)->1056K(248320K) Eden: 252928K(252928K)->0K(246784K) From: 1024K(1024K)->1056K(1536K)
[36.504s][info][gc,heap        ] GC(291) ParOldGen: 7970K(699392K)->8010K(699392K)
[36.504s][info][gc,metaspace   ] GC(291) Metaspace: 14262K(15232K)->14262K(15232K) NonClass: 12301K(12864K)->12301K(12864K) Class: 1960K(2368K)->1960K(2368K)
[36.504s][info][gc             ] GC(291) Pause Young (Allocation Failure) 255M->8M(925M) 1.624ms
[36.504s][info][gc,cpu         ] GC(291) User=0.00s Sys=0.00s Real=0.00s
[36.647s][info][gc,start       ] GC(292) Pause Young (Allocation Failure)
[36.648s][info][gc,heap        ] GC(292) PSYoungGen: 247840K(248320K)->1024K(242176K) Eden: 246784K(246784K)->0K(241152K) From: 1056K(1536K)->1024K(1024K)
[36.648s][info][gc,heap        ] GC(292) ParOldGen: 8010K(699392K)->8074K(699392K)
[36.648s][info][gc,metaspace   ] GC(292) Metaspace: 14262K(15232K)->14262K(15232K) NonClass: 12301K(12864K)->12301K(12864K) Class: 1960K(2368K)->1960K(2368K)
[36.648s][info][gc             ] GC(292) Pause Young (Allocation Failure) 249M->8M(919M) 1.591ms
[36.648s][info][gc,cpu         ] GC(292) User=0.00s Sys=0.00s Real=0.00s
[36.789s][info][gc,start       ] GC(293) Pause Young (Allocation Failure)
[36.791s][info][gc,heap        ] GC(293) PSYoungGen: 242176K(242176K)->960K(264192K) Eden: 241152K(241152K)->0K(262656K) From: 1024K(1024K)->960K(1536K)
[36.791s][info][gc,heap        ] GC(293) ParOldGen: 8074K(699392K)->8154K(699392K)
[36.791s][info][gc,metaspace   ] GC(293) Metaspace: 14262K(15232K)->14262K(15232K) NonClass: 12301K(12864K)->12301K(12864K) Class: 1960K(2368K)->1960K(2368K)
[36.791s][info][gc             ] GC(293) Pause Young (Allocation Failure) 244M->8M(941M) 1.680ms
[36.791s][info][gc,cpu         ] GC(293) User=0.00s Sys=0.00s Real=0.00s
[36.944s][info][gc,start       ] GC(294) Pause Young (Allocation Failure)
[36.946s][info][gc,heap        ] GC(294) PSYoungGen: 263616K(264192K)->1024K(257536K) Eden: 262656K(262656K)->0K(256512K) From: 960K(1536K)->1024K(1024K)
[36.946s][info][gc,heap        ] GC(294) ParOldGen: 8154K(699392K)->8226K(699392K)
[36.946s][info][gc,metaspace   ] GC(294) Metaspace: 14262K(15232K)->14262K(15232K) NonClass: 12301K(12864K)->12301K(12864K) Class: 1960K(2368K)->1960K(2368K)
[36.946s][info][gc             ] GC(294) Pause Young (Allocation Failure) 265M->9M(934M) 1.622ms
[36.946s][info][gc,cpu         ] GC(294) User=0.00s Sys=0.00s Real=0.00s
[37.126s][info][gc,start       ] GC(295) Pause Young (Allocation Failure)
[37.128s][info][gc,heap        ] GC(295) PSYoungGen: 257536K(257536K)->1056K(251904K) Eden: 256512K(256512K)->0K(250368K) From: 1024K(1024K)->1056K(1536K)
[37.128s][info][gc,heap        ] GC(295) ParOldGen: 8226K(699392K)->8322K(699392K)
[37.128s][info][gc,metaspace   ] GC(295) Metaspace: 14262K(15232K)->14262K(15232K) NonClass: 12301K(12864K)->12301K(12864K) Class: 1960K(2368K)->1960K(2368K)
[37.128s][info][gc             ] GC(295) Pause Young (Allocation Failure) 259M->9M(929M) 2.115ms
[37.128s][info][gc,cpu         ] GC(295) User=0.00s Sys=0.00s Real=0.00s
[37.279s][info][gc,start       ] GC(296) Pause Young (Allocation Failure)
[37.297s][info][gc,heap        ] GC(296) PSYoungGen: 251424K(251904K)->1024K(245760K) Eden: 250368K(250368K)->0K(244736K) From: 1056K(1536K)->1024K(1024K)
[37.297s][info][gc,heap        ] GC(296) ParOldGen: 8322K(699392K)->8410K(699392K)
[37.297s][info][gc,metaspace   ] GC(296) Metaspace: 14262K(15232K)->14262K(15232K) NonClass: 12301K(12864K)->12301K(12864K) Class: 1960K(2368K)->1960K(2368K)
[37.297s][info][gc             ] GC(296) Pause Young (Allocation Failure) 253M->9M(923M) 17.793ms
[37.297s][info][gc,cpu         ] GC(296) User=0.00s Sys=0.00s Real=0.02s
[37.441s][info][gc,start       ] GC(297) Pause Young (Allocation Failure)
[37.442s][info][gc,heap        ] GC(297) PSYoungGen: 245760K(245760K)->1024K(240128K) Eden: 244736K(244736K)->0K(239104K) From: 1024K(1024K)->1024K(1024K)
[37.442s][info][gc,heap        ] GC(297) ParOldGen: 8410K(699392K)->8498K(699392K)
[37.442s][info][gc,metaspace   ] GC(297) Metaspace: 14262K(15232K)->14262K(15232K) NonClass: 12301K(12864K)->12301K(12864K) Class: 1960K(2368K)->1960K(2368K)
[37.442s][info][gc             ] GC(297) Pause Young (Allocation Failure) 248M->9M(917M) 1.479ms
[37.442s][info][gc,cpu         ] GC(297) User=0.00s Sys=0.00s Real=0.00s
[37.581s][info][gc,start       ] GC(298) Pause Young (Allocation Failure)
[37.582s][info][gc,heap        ] GC(298) PSYoungGen: 240128K(240128K)->1024K(234496K) Eden: 239104K(239104K)->0K(233472K) From: 1024K(1024K)->1024K(1024K)
[37.582s][info][gc,heap        ] GC(298) ParOldGen: 8498K(699392K)->8578K(699392K)
[37.582s][info][gc,metaspace   ] GC(298) Metaspace: 14262K(15232K)->14262K(15232K) NonClass: 12301K(12864K)->12301K(12864K) Class: 1960K(2368K)->1960K(2368K)
[37.582s][info][gc             ] GC(298) Pause Young (Allocation Failure) 242M->9M(912M) 1.365ms
[37.582s][info][gc,cpu         ] GC(298) User=0.00s Sys=0.00s Real=0.00s
[37.717s][info][gc,start       ] GC(299) Pause Young (Allocation Failure)
[37.718s][info][gc,heap        ] GC(299) PSYoungGen: 234496K(234496K)->1056K(229888K) Eden: 233472K(233472K)->0K(228352K) From: 1024K(1024K)->1056K(1536K)
[37.718s][info][gc,heap        ] GC(299) ParOldGen: 8578K(699392K)->8658K(699392K)
[37.718s][info][gc,metaspace   ] GC(299) Metaspace: 14262K(15232K)->14262K(15232K) NonClass: 12301K(12864K)->12301K(12864K) Class: 1960K(2368K)->1960K(2368K)
[37.718s][info][gc             ] GC(299) Pause Young (Allocation Failure) 237M->9M(907M) 1.372ms
[37.718s][info][gc,cpu         ] GC(299) User=0.00s Sys=0.00s Real=0.00s
[37.850s][info][gc,start       ] GC(300) Pause Young (Allocation Failure)
[37.851s][info][gc,heap        ] GC(300) PSYoungGen: 229408K(229888K)->992K(224256K) Eden: 228352K(228352K)->0K(223232K) From: 1056K(1536K)->992K(1024K)
[37.851s][info][gc,heap        ] GC(300) ParOldGen: 8658K(699392K)->8730K(699392K)
[37.851s][info][gc,metaspace   ] GC(300) Metaspace: 14262K(15232K)->14262K(15232K) NonClass: 12301K(12864K)->12301K(12864K) Class: 1960K(2368K)->1960K(2368K)
[37.851s][info][gc             ] GC(300) Pause Young (Allocation Failure) 232M->9M(902M) 1.160ms
[37.851s][info][gc,cpu         ] GC(300) User=0.00s Sys=0.00s Real=0.00s
[37.979s][info][gc,start       ] GC(301) Pause Young (Allocation Failure)
[37.980s][info][gc,heap        ] GC(301) PSYoungGen: 224224K(224256K)->1024K(219136K) Eden: 223232K(223232K)->0K(218112K) From: 992K(1024K)->1024K(1024K)
[37.980s][info][gc,heap        ] GC(301) ParOldGen: 8730K(699392K)->8794K(699392K)
[37.980s][info][gc,metaspace   ] GC(301) Metaspace: 14262K(15232K)->14262K(15232K) NonClass: 12301K(12864K)->12301K(12864K) Class: 1960K(2368K)->1960K(2368K)
[37.980s][info][gc             ] GC(301) Pause Young (Allocation Failure) 227M->9M(897M) 1.296ms
[37.980s][info][gc,cpu         ] GC(301) User=0.00s Sys=0.00s Real=0.00s
[38.106s][info][gc,start       ] GC(302) Pause Young (Allocation Failure)
[38.108s][info][gc,heap        ] GC(302) PSYoungGen: 219136K(219136K)->1024K(214528K) Eden: 218112K(218112K)->0K(213504K) From: 1024K(1024K)->1024K(1024K)
[38.108s][info][gc,heap        ] GC(302) ParOldGen: 8794K(699392K)->8858K(699392K)
[38.108s][info][gc,metaspace   ] GC(302) Metaspace: 14262K(15232K)->14262K(15232K) NonClass: 12301K(12864K)->12301K(12864K) Class: 1960K(2368K)->1960K(2368K)
[38.108s][info][gc             ] GC(302) Pause Young (Allocation Failure) 222M->9M(892M) 1.288ms
[38.108s][info][gc,cpu         ] GC(302) User=0.00s Sys=0.00s Real=0.00s
[38.231s][info][gc,start       ] GC(303) Pause Young (Allocation Failure)
[38.232s][info][gc,heap        ] GC(303) PSYoungGen: 214528K(214528K)->1056K(210432K) Eden: 213504K(213504K)->0K(208896K) From: 1024K(1024K)->1056K(1536K)
[38.232s][info][gc,heap        ] GC(303) ParOldGen: 8858K(699392K)->8938K(699392K)
[38.232s][info][gc,metaspace   ] GC(303) Metaspace: 14262K(15232K)->14262K(15232K) NonClass: 12301K(12864K)->12301K(12864K) Class: 1960K(2368K)->1960K(2368K)
[38.232s][info][gc             ] GC(303) Pause Young (Allocation Failure) 218M->9M(888M) 1.229ms
[38.232s][info][gc,cpu         ] GC(303) User=0.00s Sys=0.00s Real=0.00s
[38.352s][info][gc,start       ] GC(304) Pause Young (Allocation Failure)
[38.353s][info][gc,heap        ] GC(304) PSYoungGen: 209952K(210432K)->1024K(205312K) Eden: 208896K(208896K)->0K(204288K) From: 1056K(1536K)->1024K(1024K)
[38.353s][info][gc,heap        ] GC(304) ParOldGen: 8938K(699392K)->9010K(699392K)
[38.353s][info][gc,metaspace   ] GC(304) Metaspace: 14262K(15232K)->14262K(15232K) NonClass: 12301K(12864K)->12301K(12864K) Class: 1960K(2368K)->1960K(2368K)
[38.353s][info][gc             ] GC(304) Pause Young (Allocation Failure) 213M->9M(883M) 1.212ms
[38.353s][info][gc,cpu         ] GC(304) User=0.00s Sys=0.00s Real=0.00s
[38.471s][info][gc,start       ] GC(305) Pause Young (Allocation Failure)
[38.472s][info][gc,heap        ] GC(305) PSYoungGen: 205312K(205312K)->1024K(201216K) Eden: 204288K(204288K)->0K(200192K) From: 1024K(1024K)->1024K(1024K)
[38.472s][info][gc,heap        ] GC(305) ParOldGen: 9010K(699392K)->9082K(699392K)
[38.472s][info][gc,metaspace   ] GC(305) Metaspace: 14262K(15232K)->14262K(15232K) NonClass: 12301K(12864K)->12301K(12864K) Class: 1960K(2368K)->1960K(2368K)
[38.472s][info][gc             ] GC(305) Pause Young (Allocation Failure) 209M->9M(879M) 1.285ms
[38.472s][info][gc,cpu         ] GC(305) User=0.00s Sys=0.00s Real=0.00s
[38.587s][info][gc,start       ] GC(306) Pause Young (Allocation Failure)
[38.588s][info][gc,heap        ] GC(306) PSYoungGen: 201216K(201216K)->1024K(197120K) Eden: 200192K(200192K)->0K(196096K) From: 1024K(1024K)->1024K(1024K)
[38.588s][info][gc,heap        ] GC(306) ParOldGen: 9082K(699392K)->9146K(699392K)
[38.588s][info][gc,metaspace   ] GC(306) Metaspace: 14262K(15232K)->14262K(15232K) NonClass: 12301K(12864K)->12301K(12864K) Class: 1960K(2368K)->1960K(2368K)
[38.588s][info][gc             ] GC(306) Pause Young (Allocation Failure) 205M->9M(875M) 1.277ms
[38.588s][info][gc,cpu         ] GC(306) User=0.00s Sys=0.00s Real=0.00s
[38.702s][info][gc,start       ] GC(307) Pause Young (Allocation Failure)
[38.714s][info][gc,heap        ] GC(307) PSYoungGen: 197120K(197120K)->1024K(193024K) Eden: 196096K(196096K)->0K(192000K) From: 1024K(1024K)->1024K(1024K)
[38.714s][info][gc,heap        ] GC(307) ParOldGen: 9146K(699392K)->9218K(699392K)
[38.714s][info][gc,metaspace   ] GC(307) Metaspace: 14262K(15232K)->14262K(15232K) NonClass: 12301K(12864K)->12301K(12864K) Class: 1960K(2368K)->1960K(2368K)
[38.714s][info][gc             ] GC(307) Pause Young (Allocation Failure) 201M->10M(871M) 12.281ms
[38.714s][info][gc,cpu         ] GC(307) User=0.00s Sys=0.00s Real=0.01s
[38.826s][info][gc,start       ] GC(308) Pause Young (Allocation Failure)
[38.827s][info][gc,heap        ] GC(308) PSYoungGen: 193024K(193024K)->992K(189440K) Eden: 192000K(192000K)->0K(188416K) From: 1024K(1024K)->992K(1024K)
[38.827s][info][gc,heap        ] GC(308) ParOldGen: 9218K(699392K)->9282K(699392K)
[38.827s][info][gc,metaspace   ] GC(308) Metaspace: 14262K(15232K)->14262K(15232K) NonClass: 12301K(12864K)->12301K(12864K) Class: 1960K(2368K)->1960K(2368K)
[38.827s][info][gc             ] GC(308) Pause Young (Allocation Failure) 197M->10M(868M) 1.313ms
[38.827s][info][gc,cpu         ] GC(308) User=0.00s Sys=0.00s Real=0.00s
[38.935s][info][gc,start       ] GC(309) Pause Young (Allocation Failure)
[38.937s][info][gc,heap        ] GC(309) PSYoungGen: 189408K(189440K)->1024K(185856K) Eden: 188416K(188416K)->0K(184832K) From: 992K(1024K)->1024K(1024K)
[38.937s][info][gc,heap        ] GC(309) ParOldGen: 9282K(699392K)->9330K(699392K)
[38.937s][info][gc,metaspace   ] GC(309) Metaspace: 14262K(15232K)->14262K(15232K) NonClass: 12301K(12864K)->12301K(12864K) Class: 1960K(2368K)->1960K(2368K)
[38.937s][info][gc             ] GC(309) Pause Young (Allocation Failure) 194M->10M(864M) 1.334ms
[38.937s][info][gc,cpu         ] GC(309) User=0.00s Sys=0.00s Real=0.00s
[39.044s][info][gc,start       ] GC(310) Pause Young (Allocation Failure)
[39.045s][info][gc,heap        ] GC(310) PSYoungGen: 185856K(185856K)->992K(223232K) Eden: 184832K(184832K)->0K(222208K) From: 1024K(1024K)->992K(1024K)
[39.045s][info][gc,heap        ] GC(310) ParOldGen: 9330K(699392K)->9386K(699392K)
[39.045s][info][gc,metaspace   ] GC(310) Metaspace: 14262K(15232K)->14262K(15232K) NonClass: 12301K(12864K)->12301K(12864K) Class: 1960K(2368K)->1960K(2368K)
[39.045s][info][gc             ] GC(310) Pause Young (Allocation Failure) 190M->10M(901M) 1.380ms
[39.045s][info][gc,cpu         ] GC(310) User=0.00s Sys=0.00s Real=0.00s
[39.174s][info][gc,start       ] GC(311) Pause Young (Allocation Failure)
[39.175s][info][gc,heap        ] GC(311) PSYoungGen: 223200K(223232K)->1056K(219136K) Eden: 222208K(222208K)->0K(217600K) From: 992K(1024K)->1056K(1536K)
[39.175s][info][gc,heap        ] GC(311) ParOldGen: 9386K(699392K)->9426K(699392K)
[39.175s][info][gc,metaspace   ] GC(311) Metaspace: 14262K(15232K)->14262K(15232K) NonClass: 12301K(12864K)->12301K(12864K) Class: 1960K(2368K)->1960K(2368K)
[39.175s][info][gc             ] GC(311) Pause Young (Allocation Failure) 227M->10M(897M) 1.410ms
[39.175s][info][gc,cpu         ] GC(311) User=0.00s Sys=0.00s Real=0.00s
[39.301s][info][gc,start       ] GC(312) Pause Young (Allocation Failure)
[39.302s][info][gc,heap        ] GC(312) PSYoungGen: 218656K(219136K)->1024K(214016K) Eden: 217600K(217600K)->0K(212992K) From: 1056K(1536K)->1024K(1024K)
[39.302s][info][gc,heap        ] GC(312) ParOldGen: 9426K(699392K)->9474K(699392K)
[39.302s][info][gc,metaspace   ] GC(312) Metaspace: 14262K(15232K)->14262K(15232K) NonClass: 12301K(12864K)->12301K(12864K) Class: 1960K(2368K)->1960K(2368K)
[39.302s][info][gc             ] GC(312) Pause Young (Allocation Failure) 222M->10M(892M) 1.380ms
[39.302s][info][gc,cpu         ] GC(312) User=0.00s Sys=0.00s Real=0.00s
[39.425s][info][gc,start       ] GC(313) Pause Young (Allocation Failure)
[39.427s][info][gc,heap        ] GC(313) PSYoungGen: 214016K(214016K)->1024K(209408K) Eden: 212992K(212992K)->0K(208384K) From: 1024K(1024K)->1024K(1024K)
[39.427s][info][gc,heap        ] GC(313) ParOldGen: 9474K(699392K)->9546K(699392K)
[39.427s][info][gc,metaspace   ] GC(313) Metaspace: 14262K(15232K)->14262K(15232K) NonClass: 12301K(12864K)->12301K(12864K) Class: 1960K(2368K)->1960K(2368K)
[39.427s][info][gc             ] GC(313) Pause Young (Allocation Failure) 218M->10M(887M) 1.403ms
[39.427s][info][gc,cpu         ] GC(313) User=0.00s Sys=0.00s Real=0.00s
[39.548s][info][gc,start       ] GC(314) Pause Young (Allocation Failure)
[39.549s][info][gc,heap        ] GC(314) PSYoungGen: 209408K(209408K)->1024K(251392K) Eden: 208384K(208384K)->0K(250368K) From: 1024K(1024K)->1024K(1024K)
[39.549s][info][gc,heap        ] GC(314) ParOldGen: 9546K(699392K)->9578K(699392K)
[39.549s][info][gc,metaspace   ] GC(314) Metaspace: 14262K(15232K)->14262K(15232K) NonClass: 12301K(12864K)->12301K(12864K) Class: 1960K(2368K)->1960K(2368K)
[39.549s][info][gc             ] GC(314) Pause Young (Allocation Failure) 213M->10M(928M) 1.410ms
[39.549s][info][gc,cpu         ] GC(314) User=0.00s Sys=0.00s Real=0.00s
[39.693s][info][gc,start       ] GC(315) Pause Young (Allocation Failure)
[39.694s][info][gc,heap        ] GC(315) PSYoungGen: 251392K(251392K)->1024K(245760K) Eden: 250368K(250368K)->0K(244736K) From: 1024K(1024K)->1024K(1024K)
[39.694s][info][gc,heap        ] GC(315) ParOldGen: 9578K(699392K)->9626K(699392K)
[39.694s][info][gc,metaspace   ] GC(315) Metaspace: 14262K(15232K)->14262K(15232K) NonClass: 12301K(12864K)->12301K(12864K) Class: 1960K(2368K)->1960K(2368K)
[39.694s][info][gc             ] GC(315) Pause Young (Allocation Failure) 254M->10M(923M) 1.501ms
[39.694s][info][gc,cpu         ] GC(315) User=0.00s Sys=0.00s Real=0.00s
[39.836s][info][gc,start       ] GC(316) Pause Young (Allocation Failure)
[39.837s][info][gc,heap        ] GC(316) PSYoungGen: 245760K(245760K)->992K(240128K) Eden: 244736K(244736K)->0K(239104K) From: 1024K(1024K)->992K(1024K)
[39.837s][info][gc,heap        ] GC(316) ParOldGen: 9626K(699392K)->9682K(699392K)
[39.837s][info][gc,metaspace   ] GC(316) Metaspace: 14262K(15232K)->14262K(15232K) NonClass: 12301K(12864K)->12301K(12864K) Class: 1960K(2368K)->1960K(2368K)
[39.837s][info][gc             ] GC(316) Pause Young (Allocation Failure) 249M->10M(917M) 1.498ms
[39.837s][info][gc,cpu         ] GC(316) User=0.00s Sys=0.00s Real=0.00s
[39.975s][info][gc,start       ] GC(317) Pause Young (Allocation Failure)
[39.976s][info][gc,heap        ] GC(317) PSYoungGen: 240096K(240128K)->1056K(235008K) Eden: 239104K(239104K)->0K(233472K) From: 992K(1024K)->1056K(1536K)
[39.976s][info][gc,heap        ] GC(317) ParOldGen: 9682K(699392K)->9730K(699392K)
[39.976s][info][gc,metaspace   ] GC(317) Metaspace: 14262K(15232K)->14262K(15232K) NonClass: 12301K(12864K)->12301K(12864K) Class: 1960K(2368K)->1960K(2368K)
[39.976s][info][gc             ] GC(317) Pause Young (Allocation Failure) 243M->10M(912M) 1.520ms
[39.976s][info][gc,cpu         ] GC(317) User=0.00s Sys=0.00s Real=0.00s
[40.110s][info][gc,start       ] GC(318) Pause Young (Allocation Failure)
[40.112s][info][gc,heap        ] GC(318) PSYoungGen: 234528K(235008K)->928K(229376K) Eden: 233472K(233472K)->0K(228352K) From: 1056K(1536K)->928K(1024K)
[40.112s][info][gc,heap        ] GC(318) ParOldGen: 9730K(699392K)->9794K(699392K)
[40.112s][info][gc,metaspace   ] GC(318) Metaspace: 14262K(15232K)->14262K(15232K) NonClass: 12301K(12864K)->12301K(12864K) Class: 1960K(2368K)->1960K(2368K)
[40.112s][info][gc             ] GC(318) Pause Young (Allocation Failure) 238M->10M(907M) 1.541ms
[40.112s][info][gc,cpu         ] GC(318) User=0.00s Sys=0.00s Real=0.00s
[40.243s][info][gc,start       ] GC(319) Pause Young (Allocation Failure)
[40.244s][info][gc,heap        ] GC(319) PSYoungGen: 229280K(229376K)->1024K(275456K) Eden: 228352K(228352K)->0K(274432K) From: 928K(1024K)->1024K(1024K)
[40.244s][info][gc,heap        ] GC(319) ParOldGen: 9794K(699392K)->9858K(699392K)
[40.244s][info][gc,metaspace   ] GC(319) Metaspace: 14262K(15232K)->14262K(15232K) NonClass: 12301K(12864K)->12301K(12864K) Class: 1960K(2368K)->1960K(2368K)
[40.244s][info][gc             ] GC(319) Pause Young (Allocation Failure) 233M->10M(952M) 1.551ms
[40.244s][info][gc,cpu         ] GC(319) User=0.00s Sys=0.00s Real=0.00s
[40.403s][info][gc,start       ] GC(320) Pause Young (Allocation Failure)
[40.405s][info][gc,heap        ] GC(320) PSYoungGen: 275456K(275456K)->992K(268800K) Eden: 274432K(274432K)->0K(267776K) From: 1024K(1024K)->992K(1024K)
[40.405s][info][gc,heap        ] GC(320) ParOldGen: 9858K(699392K)->9914K(699392K)
[40.405s][info][gc,metaspace   ] GC(320) Metaspace: 14262K(15232K)->14262K(15232K) NonClass: 12301K(12864K)->12301K(12864K) Class: 1960K(2368K)->1960K(2368K)
[40.405s][info][gc             ] GC(320) Pause Young (Allocation Failure) 278M->10M(945M) 1.605ms
[40.405s][info][gc,cpu         ] GC(320) User=0.00s Sys=0.00s Real=0.00s
[40.561s][info][gc,start       ] GC(321) Pause Young (Allocation Failure)
[40.563s][info][gc,heap        ] GC(321) PSYoungGen: 268768K(268800K)->1056K(262656K) Eden: 267776K(267776K)->0K(261120K) From: 992K(1024K)->1056K(1536K)
[40.563s][info][gc,heap        ] GC(321) ParOldGen: 9914K(699392K)->9978K(699392K)
[40.563s][info][gc,metaspace   ] GC(321) Metaspace: 14262K(15232K)->14262K(15232K) NonClass: 12301K(12864K)->12301K(12864K) Class: 1960K(2368K)->1960K(2368K)
[40.563s][info][gc             ] GC(321) Pause Young (Allocation Failure) 272M->10M(939M) 1.656ms
[40.563s][info][gc,cpu         ] GC(321) User=0.52s Sys=0.00s Real=0.00s
[40.715s][info][gc,start       ] GC(322) Pause Young (Allocation Failure)
[40.717s][info][gc,heap        ] GC(322) PSYoungGen: 262176K(262656K)->992K(256000K) Eden: 261120K(261120K)->0K(254976K) From: 1056K(1536K)->992K(1024K)
[40.717s][info][gc,heap        ] GC(322) ParOldGen: 9978K(699392K)->10034K(699392K)
[40.717s][info][gc,metaspace   ] GC(322) Metaspace: 14262K(15232K)->14262K(15232K) NonClass: 12301K(12864K)->12301K(12864K) Class: 1960K(2368K)->1960K(2368K)
[40.717s][info][gc             ] GC(322) Pause Young (Allocation Failure) 265M->10M(933M) 1.609ms
[40.717s][info][gc,cpu         ] GC(322) User=0.00s Sys=0.00s Real=0.00s
[40.867s][info][gc,start       ] GC(323) Pause Young (Allocation Failure)
[40.868s][info][gc,heap        ] GC(323) PSYoungGen: 255968K(256000K)->1024K(249856K) Eden: 254976K(254976K)->0K(248832K) From: 992K(1024K)->1024K(1024K)
[40.869s][info][gc,heap        ] GC(323) ParOldGen: 10034K(699392K)->10122K(699392K)
[40.869s][info][gc,metaspace   ] GC(323) Metaspace: 14262K(15232K)->14262K(15232K) NonClass: 12301K(12864K)->12301K(12864K) Class: 1960K(2368K)->1960K(2368K)
[40.869s][info][gc             ] GC(323) Pause Young (Allocation Failure) 259M->10M(927M) 1.668ms
[40.869s][info][gc,cpu         ] GC(323) User=0.00s Sys=0.00s Real=0.00s
[41.077s][info][gc,start       ] GC(324) Pause Young (Allocation Failure)
[41.079s][info][gc,heap        ] GC(324) PSYoungGen: 249856K(249856K)->1024K(244224K) Eden: 248832K(248832K)->0K(243200K) From: 1024K(1024K)->1024K(1024K)
[41.079s][info][gc,heap        ] GC(324) ParOldGen: 10122K(699392K)->10178K(699392K)
[41.079s][info][gc,metaspace   ] GC(324) Metaspace: 14262K(15232K)->14262K(15232K) NonClass: 12301K(12864K)->12301K(12864K) Class: 1960K(2368K)->1960K(2368K)
[41.079s][info][gc             ] GC(324) Pause Young (Allocation Failure) 253M->10M(921M) 2.382ms
[41.079s][info][gc,cpu         ] GC(324) User=0.00s Sys=0.00s Real=0.00s
[41.227s][info][gc,start       ] GC(325) Pause Young (Allocation Failure)
[41.229s][info][gc,heap        ] GC(325) PSYoungGen: 244224K(244224K)->1024K(238592K) Eden: 243200K(243200K)->0K(237568K) From: 1024K(1024K)->1024K(1024K)
[41.229s][info][gc,heap        ] GC(325) ParOldGen: 10178K(699392K)->10234K(699392K)
[41.229s][info][gc,metaspace   ] GC(325) Metaspace: 14262K(15232K)->14262K(15232K) NonClass: 12301K(12864K)->12301K(12864K) Class: 1960K(2368K)->1960K(2368K)
[41.229s][info][gc             ] GC(325) Pause Young (Allocation Failure) 248M->10M(916M) 1.567ms
[41.229s][info][gc,cpu         ] GC(325) User=0.00s Sys=0.00s Real=0.00s
[41.366s][info][gc,start       ] GC(326) Pause Young (Allocation Failure)
[41.368s][info][gc,heap        ] GC(326) PSYoungGen: 238592K(238592K)->992K(232960K) Eden: 237568K(237568K)->0K(231936K) From: 1024K(1024K)->992K(1024K)
[41.368s][info][gc,heap        ] GC(326) ParOldGen: 10234K(699392K)->10290K(699392K)
[41.368s][info][gc,metaspace   ] GC(326) Metaspace: 14262K(15232K)->14262K(15232K) NonClass: 12301K(12864K)->12301K(12864K) Class: 1960K(2368K)->1960K(2368K)
[41.368s][info][gc             ] GC(326) Pause Young (Allocation Failure) 242M->11M(910M) 1.376ms
[41.368s][info][gc,cpu         ] GC(326) User=0.00s Sys=0.00s Real=0.00s
[41.503s][info][gc,start       ] GC(327) Pause Young (Allocation Failure)
[41.517s][info][gc,heap        ] GC(327) PSYoungGen: 232928K(232960K)->1056K(228352K) Eden: 231936K(231936K)->0K(226816K) From: 992K(1024K)->1056K(1536K)
[41.517s][info][gc,heap        ] GC(327) ParOldGen: 10290K(699392K)->10322K(699392K)
[41.517s][info][gc,metaspace   ] GC(327) Metaspace: 14262K(15232K)->14262K(15232K) NonClass: 12301K(12864K)->12301K(12864K) Class: 1960K(2368K)->1960K(2368K)
[41.517s][info][gc             ] GC(327) Pause Young (Allocation Failure) 237M->11M(906M) 14.810ms
[41.517s][info][gc,cpu         ] GC(327) User=0.00s Sys=0.00s Real=0.01s
[41.651s][info][gc,start       ] GC(328) Pause Young (Allocation Failure)
[41.653s][info][gc,heap        ] GC(328) PSYoungGen: 227872K(228352K)->992K(222720K) Eden: 226816K(226816K)->0K(221696K) From: 1056K(1536K)->992K(1024K)
[41.653s][info][gc,heap        ] GC(328) ParOldGen: 10322K(699392K)->10394K(699392K)
[41.653s][info][gc,metaspace   ] GC(328) Metaspace: 14262K(15232K)->14262K(15232K) NonClass: 12301K(12864K)->12301K(12864K) Class: 1960K(2368K)->1960K(2368K)
[41.653s][info][gc             ] GC(328) Pause Young (Allocation Failure) 232M->11M(900M) 1.288ms
[41.653s][info][gc,cpu         ] GC(328) User=0.00s Sys=0.00s Real=0.00s
[41.781s][info][gc,start       ] GC(329) Pause Young (Allocation Failure)
[41.782s][info][gc,heap        ] GC(329) PSYoungGen: 222688K(222720K)->1024K(218112K) Eden: 221696K(221696K)->0K(217088K) From: 992K(1024K)->1024K(1024K)
[41.782s][info][gc,heap        ] GC(329) ParOldGen: 10394K(699392K)->10466K(699392K)
[41.782s][info][gc,metaspace   ] GC(329) Metaspace: 14262K(15232K)->14262K(15232K) NonClass: 12301K(12864K)->12301K(12864K) Class: 1960K(2368K)->1960K(2368K)
[41.782s][info][gc             ] GC(329) Pause Young (Allocation Failure) 227M->11M(896M) 1.283ms
[41.782s][info][gc,cpu         ] GC(329) User=0.00s Sys=0.00s Real=0.00s
[41.908s][info][gc,start       ] GC(330) Pause Young (Allocation Failure)
[41.909s][info][gc,heap        ] GC(330) PSYoungGen: 218112K(218112K)->992K(213504K) Eden: 217088K(217088K)->0K(212480K) From: 1024K(1024K)->992K(1024K)
[41.909s][info][gc,heap        ] GC(330) ParOldGen: 10466K(699392K)->10514K(699392K)
[41.909s][info][gc,metaspace   ] GC(330) Metaspace: 14262K(15232K)->14262K(15232K) NonClass: 12301K(12864K)->12301K(12864K) Class: 1960K(2368K)->1960K(2368K)
[41.909s][info][gc             ] GC(330) Pause Young (Allocation Failure) 223M->11M(891M) 1.194ms
[41.909s][info][gc,cpu         ] GC(330) User=0.00s Sys=0.00s Real=0.00s
[42.032s][info][gc,start       ] GC(331) Pause Young (Allocation Failure)
[42.033s][info][gc,heap        ] GC(331) PSYoungGen: 213472K(213504K)->1056K(209408K) Eden: 212480K(212480K)->0K(207872K) From: 992K(1024K)->1056K(1536K)
[42.033s][info][gc,heap        ] GC(331) ParOldGen: 10514K(699392K)->10570K(699392K)
[42.033s][info][gc,metaspace   ] GC(331) Metaspace: 14262K(15232K)->14262K(15232K) NonClass: 12301K(12864K)->12301K(12864K) Class: 1960K(2368K)->1960K(2368K)
[42.033s][info][gc             ] GC(331) Pause Young (Allocation Failure) 218M->11M(887M) 1.217ms
[42.033s][info][gc,cpu         ] GC(331) User=0.00s Sys=0.00s Real=0.00s
[42.153s][info][gc,start       ] GC(332) Pause Young (Allocation Failure)
[42.154s][info][gc,heap        ] GC(332) PSYoungGen: 208928K(209408K)->1024K(204800K) Eden: 207872K(207872K)->0K(203776K) From: 1056K(1536K)->1024K(1024K)
[42.154s][info][gc,heap        ] GC(332) ParOldGen: 10570K(699392K)->10626K(699392K)
[42.154s][info][gc,metaspace   ] GC(332) Metaspace: 14262K(15232K)->14262K(15232K) NonClass: 12301K(12864K)->12301K(12864K) Class: 1960K(2368K)->1960K(2368K)
[42.154s][info][gc             ] GC(332) Pause Young (Allocation Failure) 214M->11M(883M) 1.158ms
[42.154s][info][gc,cpu         ] GC(332) User=0.00s Sys=0.00s Real=0.00s
[42.273s][info][gc,start       ] GC(333) Pause Young (Allocation Failure)
[42.274s][info][gc,heap        ] GC(333) PSYoungGen: 204800K(204800K)->1024K(200704K) Eden: 203776K(203776K)->0K(199680K) From: 1024K(1024K)->1024K(1024K)
[42.274s][info][gc,heap        ] GC(333) ParOldGen: 10626K(699392K)->10658K(699392K)
[42.274s][info][gc,metaspace   ] GC(333) Metaspace: 14262K(15232K)->14262K(15232K) NonClass: 12301K(12864K)->12301K(12864K) Class: 1960K(2368K)->1960K(2368K)
[42.274s][info][gc             ] GC(333) Pause Young (Allocation Failure) 210M->11M(879M) 1.197ms
[42.274s][info][gc,cpu         ] GC(333) User=0.00s Sys=0.00s Real=0.00s
[42.389s][info][gc,start       ] GC(334) Pause Young (Allocation Failure)
[42.391s][info][gc,heap        ] GC(334) PSYoungGen: 200704K(200704K)->1024K(196608K) Eden: 199680K(199680K)->0K(195584K) From: 1024K(1024K)->1024K(1024K)
[42.391s][info][gc,heap        ] GC(334) ParOldGen: 10658K(699392K)->10706K(699392K)
[42.391s][info][gc,metaspace   ] GC(334) Metaspace: 14262K(15232K)->14262K(15232K) NonClass: 12301K(12864K)->12301K(12864K) Class: 1960K(2368K)->1960K(2368K)
[42.391s][info][gc             ] GC(334) Pause Young (Allocation Failure) 206M->11M(875M) 1.260ms
[42.391s][info][gc,cpu         ] GC(334) User=0.52s Sys=0.00s Real=0.00s
[42.504s][info][gc,start       ] GC(335) Pause Young (Allocation Failure)
[42.506s][info][gc,heap        ] GC(335) PSYoungGen: 196608K(196608K)->1024K(192512K) Eden: 195584K(195584K)->0K(191488K) From: 1024K(1024K)->1024K(1024K)
[42.506s][info][gc,heap        ] GC(335) ParOldGen: 10706K(699392K)->10746K(699392K)
[42.506s][info][gc,metaspace   ] GC(335) Metaspace: 14262K(15232K)->14262K(15232K) NonClass: 12301K(12864K)->12301K(12864K) Class: 1960K(2368K)->1960K(2368K)
[42.506s][info][gc             ] GC(335) Pause Young (Allocation Failure) 202M->11M(871M) 1.248ms
[42.506s][info][gc,cpu         ] GC(335) User=0.00s Sys=0.00s Real=0.00s
[42.617s][info][gc,start       ] GC(336) Pause Young (Allocation Failure)
[42.618s][info][gc,heap        ] GC(336) PSYoungGen: 192512K(192512K)->1024K(188928K) Eden: 191488K(191488K)->0K(187904K) From: 1024K(1024K)->1024K(1024K)
[42.619s][info][gc,heap        ] GC(336) ParOldGen: 10746K(699392K)->10786K(699392K)
[42.619s][info][gc,metaspace   ] GC(336) Metaspace: 14262K(15232K)->14262K(15232K) NonClass: 12301K(12864K)->12301K(12864K) Class: 1960K(2368K)->1960K(2368K)
[42.619s][info][gc             ] GC(336) Pause Young (Allocation Failure) 198M->11M(867M) 1.279ms
[42.619s][info][gc,cpu         ] GC(336) User=0.00s Sys=0.00s Real=0.00s
[42.728s][info][gc,start       ] GC(337) Pause Young (Allocation Failure)
[42.729s][info][gc,heap        ] GC(337) PSYoungGen: 188928K(188928K)->1024K(185344K) Eden: 187904K(187904K)->0K(184320K) From: 1024K(1024K)->1024K(1024K)
[42.729s][info][gc,heap        ] GC(337) ParOldGen: 10786K(699392K)->10826K(699392K)
[42.729s][info][gc,metaspace   ] GC(337) Metaspace: 14262K(15232K)->14262K(15232K) NonClass: 12301K(12864K)->12301K(12864K) Class: 1960K(2368K)->1960K(2368K)
[42.729s][info][gc             ] GC(337) Pause Young (Allocation Failure) 195M->11M(864M) 1.291ms
[42.729s][info][gc,cpu         ] GC(337) User=0.00s Sys=0.00s Real=0.00s
[42.837s][info][gc,start       ] GC(338) Pause Young (Allocation Failure)
[42.838s][info][gc,heap        ] GC(338) PSYoungGen: 185344K(185344K)->1024K(181760K) Eden: 184320K(184320K)->0K(180736K) From: 1024K(1024K)->1024K(1024K)
[42.838s][info][gc,heap        ] GC(338) ParOldGen: 10826K(699392K)->10882K(699392K)
[42.838s][info][gc,metaspace   ] GC(338) Metaspace: 14262K(15232K)->14262K(15232K) NonClass: 12301K(12864K)->12301K(12864K) Class: 1960K(2368K)->1960K(2368K)
[42.838s][info][gc             ] GC(338) Pause Young (Allocation Failure) 191M->11M(860M) 1.340ms
[42.838s][info][gc,cpu         ] GC(338) User=0.00s Sys=0.00s Real=0.00s
[42.943s][info][gc,start       ] GC(339) Pause Young (Allocation Failure)
[42.944s][info][gc,heap        ] GC(339) PSYoungGen: 181760K(181760K)->1024K(218112K) Eden: 180736K(180736K)->0K(217088K) From: 1024K(1024K)->1024K(1024K)
[42.944s][info][gc,heap        ] GC(339) ParOldGen: 10882K(699392K)->10922K(699392K)
[42.944s][info][gc,metaspace   ] GC(339) Metaspace: 14262K(15232K)->14262K(15232K) NonClass: 12301K(12864K)->12301K(12864K) Class: 1960K(2368K)->1960K(2368K)
[42.944s][info][gc             ] GC(339) Pause Young (Allocation Failure) 188M->11M(896M) 1.337ms
[42.944s][info][gc,cpu         ] GC(339) User=0.00s Sys=0.00s Real=0.00s
[43.071s][info][gc,start       ] GC(340) Pause Young (Allocation Failure)
[43.072s][info][gc,heap        ] GC(340) PSYoungGen: 218112K(218112K)->992K(213504K) Eden: 217088K(217088K)->0K(212480K) From: 1024K(1024K)->992K(1024K)
[43.072s][info][gc,heap        ] GC(340) ParOldGen: 10922K(699392K)->10954K(699392K)
[43.072s][info][gc,metaspace   ] GC(340) Metaspace: 14262K(15232K)->14262K(15232K) NonClass: 12301K(12864K)->12301K(12864K) Class: 1960K(2368K)->1960K(2368K)
[43.072s][info][gc             ] GC(340) Pause Young (Allocation Failure) 223M->11M(891M) 1.361ms
[43.072s][info][gc,cpu         ] GC(340) User=0.00s Sys=0.00s Real=0.00s
[43.197s][info][gc,start       ] GC(341) Pause Young (Allocation Failure)
[43.199s][info][gc,heap        ] GC(341) PSYoungGen: 213472K(213504K)->992K(208896K) Eden: 212480K(212480K)->0K(207872K) From: 992K(1024K)->992K(1024K)
[43.199s][info][gc,heap        ] GC(341) ParOldGen: 10954K(699392K)->11010K(699392K)
[43.199s][info][gc,metaspace   ] GC(341) Metaspace: 14262K(15232K)->14262K(15232K) NonClass: 12301K(12864K)->12301K(12864K) Class: 1960K(2368K)->1960K(2368K)
[43.199s][info][gc             ] GC(341) Pause Young (Allocation Failure) 219M->11M(887M) 1.395ms
[43.199s][info][gc,cpu         ] GC(341) User=0.00s Sys=0.00s Real=0.00s
[43.320s][info][gc,start       ] GC(342) Pause Young (Allocation Failure)
[43.321s][info][gc,heap        ] GC(342) PSYoungGen: 208864K(208896K)->1024K(204800K) Eden: 207872K(207872K)->0K(203776K) From: 992K(1024K)->1024K(1024K)
[43.321s][info][gc,heap        ] GC(342) ParOldGen: 11010K(699392K)->11074K(699392K)
[43.321s][info][gc,metaspace   ] GC(342) Metaspace: 14262K(15232K)->14262K(15232K) NonClass: 12301K(12864K)->12301K(12864K) Class: 1960K(2368K)->1960K(2368K)
[43.321s][info][gc             ] GC(342) Pause Young (Allocation Failure) 214M->11M(883M) 1.397ms
[43.321s][info][gc,cpu         ] GC(342) User=0.00s Sys=0.00s Real=0.00s
[43.441s][info][gc,start       ] GC(343) Pause Young (Allocation Failure)
[43.442s][info][gc,heap        ] GC(343) PSYoungGen: 204800K(204800K)->992K(245760K) Eden: 203776K(203776K)->0K(244736K) From: 1024K(1024K)->992K(1024K)
[43.442s][info][gc,heap        ] GC(343) ParOldGen: 11074K(699392K)->11122K(699392K)
[43.442s][info][gc,metaspace   ] GC(343) Metaspace: 14262K(15232K)->14262K(15232K) NonClass: 12301K(12864K)->12301K(12864K) Class: 1960K(2368K)->1960K(2368K)
[43.442s][info][gc             ] GC(343) Pause Young (Allocation Failure) 210M->11M(923M) 1.443ms
[43.442s][info][gc,cpu         ] GC(343) User=0.00s Sys=0.00s Real=0.00s
[43.586s][info][gc,start       ] GC(344) Pause Young (Allocation Failure)
[43.587s][info][gc,heap        ] GC(344) PSYoungGen: 245728K(245760K)->1024K(240128K) Eden: 244736K(244736K)->0K(239104K) From: 992K(1024K)->1024K(1024K)
[43.587s][info][gc,heap        ] GC(344) ParOldGen: 11122K(699392K)->11162K(699392K)
[43.587s][info][gc,metaspace   ] GC(344) Metaspace: 14262K(15232K)->14262K(15232K) NonClass: 12301K(12864K)->12301K(12864K) Class: 1960K(2368K)->1960K(2368K)
[43.587s][info][gc             ] GC(344) Pause Young (Allocation Failure) 250M->11M(917M) 1.507ms
[43.587s][info][gc,cpu         ] GC(344) User=0.00s Sys=0.00s Real=0.00s
[43.726s][info][gc,start       ] GC(345) Pause Young (Allocation Failure)
[43.727s][info][gc,heap        ] GC(345) PSYoungGen: 240128K(240128K)->1024K(234496K) Eden: 239104K(239104K)->0K(233472K) From: 1024K(1024K)->1024K(1024K)
[43.727s][info][gc,heap        ] GC(345) ParOldGen: 11162K(699392K)->11218K(699392K)
[43.727s][info][gc,metaspace   ] GC(345) Metaspace: 14262K(15232K)->14262K(15232K) NonClass: 12301K(12864K)->12301K(12864K) Class: 1960K(2368K)->1960K(2368K)
[43.727s][info][gc             ] GC(345) Pause Young (Allocation Failure) 245M->11M(912M) 1.535ms
[43.727s][info][gc,cpu         ] GC(345) User=0.00s Sys=0.00s Real=0.00s
[43.861s][info][gc,start       ] GC(346) Pause Young (Allocation Failure)
[43.863s][info][gc,heap        ] GC(346) PSYoungGen: 234496K(234496K)->1024K(229376K) Eden: 233472K(233472K)->0K(228352K) From: 1024K(1024K)->1024K(1024K)
[43.863s][info][gc,heap        ] GC(346) ParOldGen: 11218K(699392K)->11270K(699392K)
[43.863s][info][gc,metaspace   ] GC(346) Metaspace: 14262K(15232K)->14262K(15232K) NonClass: 12301K(12864K)->12301K(12864K) Class: 1960K(2368K)->1960K(2368K)
[43.863s][info][gc             ] GC(346) Pause Young (Allocation Failure) 239M->12M(907M) 1.528ms
[43.863s][info][gc,cpu         ] GC(346) User=0.00s Sys=0.00s Real=0.00s
[43.995s][info][gc,start       ] GC(347) Pause Young (Allocation Failure)
[43.997s][info][gc,heap        ] GC(347) PSYoungGen: 229375K(229376K)->992K(224256K) Eden: 228351K(228352K)->0K(223232K) From: 1024K(1024K)->992K(1024K)
[43.997s][info][gc,heap        ] GC(347) ParOldGen: 11270K(699392K)->11334K(699392K)
[43.997s][info][gc,metaspace   ] GC(347) Metaspace: 14262K(15232K)->14262K(15232K) NonClass: 12301K(12864K)->12301K(12864K) Class: 1960K(2368K)->1960K(2368K)
[43.997s][info][gc             ] GC(347) Pause Young (Allocation Failure) 235M->12M(902M) 1.551ms
[43.997s][info][gc,cpu         ] GC(347) User=0.00s Sys=0.00s Real=0.00s
[44.127s][info][gc,start       ] GC(348) Pause Young (Allocation Failure)
[44.129s][info][gc,heap        ] GC(348) PSYoungGen: 224224K(224256K)->1024K(219136K) Eden: 223232K(223232K)->0K(218112K) From: 992K(1024K)->1024K(1024K)
[44.129s][info][gc,heap        ] GC(348) ParOldGen: 11334K(699392K)->11382K(699392K)
[44.129s][info][gc,metaspace   ] GC(348) Metaspace: 14262K(15232K)->14262K(15232K) NonClass: 12301K(12864K)->12301K(12864K) Class: 1960K(2368K)->1960K(2368K)
[44.129s][info][gc             ] GC(348) Pause Young (Allocation Failure) 230M->12M(897M) 1.584ms
[44.129s][info][gc,cpu         ] GC(348) User=0.00s Sys=0.00s Real=0.00s
[44.256s][info][gc,start       ] GC(349) Pause Young (Allocation Failure)
[44.257s][info][gc,heap        ] GC(349) PSYoungGen: 219136K(219136K)->992K(263168K) Eden: 218112K(218112K)->0K(262144K) From: 1024K(1024K)->992K(1024K)
[44.257s][info][gc,heap        ] GC(349) ParOldGen: 11382K(699392K)->11446K(699392K)
[44.257s][info][gc,metaspace   ] GC(349) Metaspace: 14262K(15232K)->14262K(15232K) NonClass: 12301K(12864K)->12301K(12864K) Class: 1960K(2368K)->1960K(2368K)
[44.257s][info][gc             ] GC(349) Pause Young (Allocation Failure) 225M->12M(940M) 1.576ms
[44.257s][info][gc,cpu         ] GC(349) User=0.00s Sys=0.00s Real=0.00s
[44.409s][info][gc,start       ] GC(350) Pause Young (Allocation Failure)
[44.411s][info][gc,heap        ] GC(350) PSYoungGen: 263136K(263168K)->1024K(257024K) Eden: 262144K(262144K)->0K(256000K) From: 992K(1024K)->1024K(1024K)
[44.411s][info][gc,heap        ] GC(350) ParOldGen: 11446K(699392K)->11510K(699392K)
[44.411s][info][gc,metaspace   ] GC(350) Metaspace: 14262K(15232K)->14262K(15232K) NonClass: 12301K(12864K)->12301K(12864K) Class: 1960K(2368K)->1960K(2368K)
[44.411s][info][gc             ] GC(350) Pause Young (Allocation Failure) 268M->12M(934M) 1.641ms
[44.411s][info][gc,cpu         ] GC(350) User=0.00s Sys=0.00s Real=0.00s
[44.559s][info][gc,start       ] GC(351) Pause Young (Allocation Failure)
[44.561s][info][gc,heap        ] GC(351) PSYoungGen: 257024K(257024K)->1024K(250880K) Eden: 256000K(256000K)->0K(249856K) From: 1024K(1024K)->1024K(1024K)
[44.561s][info][gc,heap        ] GC(351) ParOldGen: 11510K(699392K)->11574K(699392K)
[44.561s][info][gc,metaspace   ] GC(351) Metaspace: 14262K(15232K)->14262K(15232K) NonClass: 12301K(12864K)->12301K(12864K) Class: 1960K(2368K)->1960K(2368K)
[44.561s][info][gc             ] GC(351) Pause Young (Allocation Failure) 262M->12M(928M) 1.696ms
[44.561s][info][gc,cpu         ] GC(351) User=0.00s Sys=0.00s Real=0.00s
[44.705s][info][gc,start       ] GC(352) Pause Young (Allocation Failure)
[44.707s][info][gc,heap        ] GC(352) PSYoungGen: 250880K(250880K)->1024K(245248K) Eden: 249856K(249856K)->0K(244224K) From: 1024K(1024K)->1024K(1024K)
[44.707s][info][gc,heap        ] GC(352) ParOldGen: 11574K(699392K)->11622K(699392K)
[44.707s][info][gc,metaspace   ] GC(352) Metaspace: 14262K(15232K)->14262K(15232K) NonClass: 12301K(12864K)->12301K(12864K) Class: 1960K(2368K)->1960K(2368K)
[44.707s][info][gc             ] GC(352) Pause Young (Allocation Failure) 256M->12M(922M) 1.768ms
[44.707s][info][gc,cpu         ] GC(352) User=0.00s Sys=0.00s Real=0.00s
[44.857s][info][gc,start       ] GC(353) Pause Young (Allocation Failure)
[44.858s][info][gc,heap        ] GC(353) PSYoungGen: 245248K(245248K)->1024K(265216K) Eden: 244224K(244224K)->0K(263680K) From: 1024K(1024K)->1024K(1536K)
[44.858s][info][gc,heap        ] GC(353) ParOldGen: 11622K(699392K)->11686K(699392K)
[44.858s][info][gc,metaspace   ] GC(353) Metaspace: 14262K(15232K)->14262K(15232K) NonClass: 12301K(12864K)->12301K(12864K) Class: 1960K(2368K)->1960K(2368K)
[44.858s][info][gc             ] GC(353) Pause Young (Allocation Failure) 250M->12M(942M) 1.732ms
[44.858s][info][gc,cpu         ] GC(353) User=0.00s Sys=0.00s Real=0.00s
[45.058s][info][gc,start       ] GC(354) Pause Young (Allocation Failure)
[45.060s][info][gc,heap        ] GC(354) PSYoungGen: 264704K(265216K)->1056K(294912K) Eden: 263680K(263680K)->0K(293376K) From: 1024K(1536K)->1056K(1536K)
[45.060s][info][gc,heap        ] GC(354) ParOldGen: 11686K(699392K)->11726K(699392K)
[45.060s][info][gc,metaspace   ] GC(354) Metaspace: 14262K(15232K)->14262K(15232K) NonClass: 12301K(12864K)->12301K(12864K) Class: 1960K(2368K)->1960K(2368K)
[45.060s][info][gc             ] GC(354) Pause Young (Allocation Failure) 269M->12M(971M) 2.475ms
[45.060s][info][gc,cpu         ] GC(354) User=0.00s Sys=0.00s Real=0.00s
[45.241s][info][gc,start       ] GC(355) Pause Young (Allocation Failure)
[45.242s][info][gc,heap        ] GC(355) PSYoungGen: 294432K(294912K)->1024K(286720K) Eden: 293376K(293376K)->0K(285696K) From: 1056K(1536K)->1024K(1024K)
[45.242s][info][gc,heap        ] GC(355) ParOldGen: 11726K(699392K)->11774K(699392K)
[45.242s][info][gc,metaspace   ] GC(355) Metaspace: 14262K(15232K)->14262K(15232K) NonClass: 12301K(12864K)->12301K(12864K) Class: 1960K(2368K)->1960K(2368K)
[45.242s][info][gc             ] GC(355) Pause Young (Allocation Failure) 298M->12M(963M) 1.697ms
[45.242s][info][gc,cpu         ] GC(355) User=0.00s Sys=0.00s Real=0.00s
[45.410s][info][gc,start       ] GC(356) Pause Young (Allocation Failure)
[45.412s][info][gc,heap        ] GC(356) PSYoungGen: 286720K(286720K)->1024K(279552K) Eden: 285696K(285696K)->0K(278528K) From: 1024K(1024K)->1024K(1024K)
[45.412s][info][gc,heap        ] GC(356) ParOldGen: 11774K(699392K)->11830K(699392K)
[45.412s][info][gc,metaspace   ] GC(356) Metaspace: 14262K(15232K)->14262K(15232K) NonClass: 12301K(12864K)->12301K(12864K) Class: 1960K(2368K)->1960K(2368K)
[45.412s][info][gc             ] GC(356) Pause Young (Allocation Failure) 291M->12M(956M) 1.383ms
[45.412s][info][gc,cpu         ] GC(356) User=0.00s Sys=0.00s Real=0.00s
[45.576s][info][gc,start       ] GC(357) Pause Young (Allocation Failure)
[45.577s][info][gc,heap        ] GC(357) PSYoungGen: 279552K(279552K)->1024K(272384K) Eden: 278528K(278528K)->0K(271360K) From: 1024K(1024K)->1024K(1024K)
[45.577s][info][gc,heap        ] GC(357) ParOldGen: 11830K(699392K)->11902K(699392K)
[45.577s][info][gc,metaspace   ] GC(357) Metaspace: 14262K(15232K)->14262K(15232K) NonClass: 12301K(12864K)->12301K(12864K) Class: 1960K(2368K)->1960K(2368K)
[45.577s][info][gc             ] GC(357) Pause Young (Allocation Failure) 284M->12M(949M) 1.337ms
[45.577s][info][gc,cpu         ] GC(357) User=0.00s Sys=0.00s Real=0.00s
[45.735s][info][gc,start       ] GC(358) Pause Young (Allocation Failure)
[45.737s][info][gc,heap        ] GC(358) PSYoungGen: 272384K(272384K)->1024K(265728K) Eden: 271360K(271360K)->0K(264704K) From: 1024K(1024K)->1024K(1024K)
[45.737s][info][gc,heap        ] GC(358) ParOldGen: 11902K(699392K)->11958K(699392K)
[45.737s][info][gc,metaspace   ] GC(358) Metaspace: 14262K(15232K)->14262K(15232K) NonClass: 12301K(12864K)->12301K(12864K) Class: 1960K(2368K)->1960K(2368K)
[45.737s][info][gc             ] GC(358) Pause Young (Allocation Failure) 277M->12M(942M) 1.294ms
[45.737s][info][gc,cpu         ] GC(358) User=0.00s Sys=0.00s Real=0.00s
[45.891s][info][gc,start       ] GC(359) Pause Young (Allocation Failure)
[45.892s][info][gc,heap        ] GC(359) PSYoungGen: 265728K(265728K)->1056K(260096K) Eden: 264704K(264704K)->0K(258560K) From: 1024K(1024K)->1056K(1536K)
[45.892s][info][gc,heap        ] GC(359) ParOldGen: 11958K(699392K)->12014K(699392K)
[45.892s][info][gc,metaspace   ] GC(359) Metaspace: 14262K(15232K)->14262K(15232K) NonClass: 12301K(12864K)->12301K(12864K) Class: 1960K(2368K)->1960K(2368K)
[45.892s][info][gc             ] GC(359) Pause Young (Allocation Failure) 271M->12M(937M) 1.293ms
[45.892s][info][gc,cpu         ] GC(359) User=0.00s Sys=0.00s Real=0.00s
[46.042s][info][gc,start       ] GC(360) Pause Young (Allocation Failure)
[46.043s][info][gc,heap        ] GC(360) PSYoungGen: 259616K(260096K)->992K(253440K) Eden: 258560K(258560K)->0K(252416K) From: 1056K(1536K)->992K(1024K)
[46.043s][info][gc,heap        ] GC(360) ParOldGen: 12014K(699392K)->12086K(699392K)
[46.043s][info][gc,metaspace   ] GC(360) Metaspace: 14262K(15232K)->14262K(15232K) NonClass: 12301K(12864K)->12301K(12864K) Class: 1960K(2368K)->1960K(2368K)
[46.043s][info][gc             ] GC(360) Pause Young (Allocation Failure) 265M->12M(930M) 1.155ms
[46.043s][info][gc,cpu         ] GC(360) User=0.00s Sys=0.00s Real=0.00s
[46.190s][info][gc,start       ] GC(361) Pause Young (Allocation Failure)
[46.191s][info][gc,heap        ] GC(361) PSYoungGen: 253408K(253440K)->1024K(247296K) Eden: 252416K(252416K)->0K(246272K) From: 992K(1024K)->1024K(1024K)
[46.191s][info][gc,heap        ] GC(361) ParOldGen: 12086K(699392K)->12142K(699392K)
[46.191s][info][gc,metaspace   ] GC(361) Metaspace: 14262K(15232K)->14262K(15232K) NonClass: 12301K(12864K)->12301K(12864K) Class: 1960K(2368K)->1960K(2368K)
[46.191s][info][gc             ] GC(361) Pause Young (Allocation Failure) 259M->12M(924M) 1.263ms
[46.191s][info][gc,cpu         ] GC(361) User=0.00s Sys=0.00s Real=0.00s
[46.335s][info][gc,start       ] GC(362) Pause Young (Allocation Failure)
[46.336s][info][gc,heap        ] GC(362) PSYoungGen: 247296K(247296K)->992K(241664K) Eden: 246272K(246272K)->0K(240640K) From: 1024K(1024K)->992K(1024K)
[46.336s][info][gc,heap        ] GC(362) ParOldGen: 12142K(699392K)->12190K(699392K)
[46.336s][info][gc,metaspace   ] GC(362) Metaspace: 14262K(15232K)->14262K(15232K) NonClass: 12301K(12864K)->12301K(12864K) Class: 1960K(2368K)->1960K(2368K)
[46.336s][info][gc             ] GC(362) Pause Young (Allocation Failure) 253M->12M(919M) 1.260ms
[46.336s][info][gc,cpu         ] GC(362) User=0.00s Sys=0.00s Real=0.00s
[46.479s][info][gc,start       ] GC(363) Pause Young (Allocation Failure)
[46.480s][info][gc,heap        ] GC(363) PSYoungGen: 241632K(241664K)->1024K(236032K) Eden: 240640K(240640K)->0K(235008K) From: 992K(1024K)->1024K(1024K)
[46.480s][info][gc,heap        ] GC(363) ParOldGen: 12190K(699392K)->12270K(699392K)
[46.480s][info][gc,metaspace   ] GC(363) Metaspace: 14262K(15232K)->14262K(15232K) NonClass: 12301K(12864K)->12301K(12864K) Class: 1960K(2368K)->1960K(2368K)
[46.480s][info][gc             ] GC(363) Pause Young (Allocation Failure) 247M->12M(913M) 1.314ms
[46.480s][info][gc,cpu         ] GC(363) User=0.00s Sys=0.00s Real=0.00s
[46.617s][info][gc,start       ] GC(364) Pause Young (Allocation Failure)
[46.618s][info][gc,heap        ] GC(364) PSYoungGen: 236032K(236032K)->992K(230912K) Eden: 235008K(235008K)->0K(229888K) From: 1024K(1024K)->992K(1024K)
[46.618s][info][gc,heap        ] GC(364) ParOldGen: 12270K(699392K)->12310K(699392K)
[46.618s][info][gc,metaspace   ] GC(364) Metaspace: 14262K(15232K)->14262K(15232K) NonClass: 12301K(12864K)->12301K(12864K) Class: 1960K(2368K)->1960K(2368K)
[46.618s][info][gc             ] GC(364) Pause Young (Allocation Failure) 242M->12M(908M) 1.319ms
[46.618s][info][gc,cpu         ] GC(364) User=0.00s Sys=0.00s Real=0.00s
[46.752s][info][gc,start       ] GC(365) Pause Young (Allocation Failure)
[46.753s][info][gc,heap        ] GC(365) PSYoungGen: 230880K(230912K)->1024K(225792K) Eden: 229888K(229888K)->0K(224768K) From: 992K(1024K)->1024K(1024K)
[46.753s][info][gc,heap        ] GC(365) ParOldGen: 12310K(699392K)->12366K(699392K)
[46.753s][info][gc,metaspace   ] GC(365) Metaspace: 14262K(15232K)->14262K(15232K) NonClass: 12301K(12864K)->12301K(12864K) Class: 1960K(2368K)->1960K(2368K)
[46.753s][info][gc             ] GC(365) Pause Young (Allocation Failure) 237M->13M(903M) 1.344ms
[46.753s][info][gc,cpu         ] GC(365) User=0.00s Sys=0.00s Real=0.00s
[46.885s][info][gc,start       ] GC(366) Pause Young (Allocation Failure)
[46.886s][info][gc,heap        ] GC(366) PSYoungGen: 225792K(225792K)->1024K(220672K) Eden: 224768K(224768K)->0K(219648K) From: 1024K(1024K)->1024K(1024K)
[46.886s][info][gc,heap        ] GC(366) ParOldGen: 12366K(699392K)->12422K(699392K)
[46.886s][info][gc,metaspace   ] GC(366) Metaspace: 14262K(15232K)->14262K(15232K) NonClass: 12301K(12864K)->12301K(12864K) Class: 1960K(2368K)->1960K(2368K)
[46.886s][info][gc             ] GC(366) Pause Young (Allocation Failure) 232M->13M(898M) 1.345ms
[46.886s][info][gc,cpu         ] GC(366) User=0.00s Sys=0.00s Real=0.00s
[47.014s][info][gc,start       ] GC(367) Pause Young (Allocation Failure)
[47.015s][info][gc,heap        ] GC(367) PSYoungGen: 220672K(220672K)->992K(216064K) Eden: 219648K(219648K)->0K(215040K) From: 1024K(1024K)->992K(1024K)
[47.015s][info][gc,heap        ] GC(367) ParOldGen: 12422K(699392K)->12478K(699392K)
[47.015s][info][gc,metaspace   ] GC(367) Metaspace: 14262K(15232K)->14262K(15232K) NonClass: 12301K(12864K)->12301K(12864K) Class: 1960K(2368K)->1960K(2368K)
[47.016s][info][gc             ] GC(367) Pause Young (Allocation Failure) 227M->13M(894M) 1.411ms
[47.016s][info][gc,cpu         ] GC(367) User=0.52s Sys=0.00s Real=0.00s
[47.142s][info][gc,start       ] GC(368) Pause Young (Allocation Failure)
[47.143s][info][gc,heap        ] GC(368) PSYoungGen: 216032K(216064K)->1024K(211456K) Eden: 215040K(215040K)->0K(210432K) From: 992K(1024K)->1024K(1024K)
[47.143s][info][gc,heap        ] GC(368) ParOldGen: 12478K(699392K)->12534K(699392K)
[47.143s][info][gc,metaspace   ] GC(368) Metaspace: 14262K(15232K)->14262K(15232K) NonClass: 12301K(12864K)->12301K(12864K) Class: 1960K(2368K)->1960K(2368K)
[47.143s][info][gc             ] GC(368) Pause Young (Allocation Failure) 223M->13M(889M) 1.403ms
[47.143s][info][gc,cpu         ] GC(368) User=0.00s Sys=0.00s Real=0.00s
[47.266s][info][gc,start       ] GC(369) Pause Young (Allocation Failure)
[47.268s][info][gc,heap        ] GC(369) PSYoungGen: 211456K(211456K)->1024K(206848K) Eden: 210432K(210432K)->0K(205824K) From: 1024K(1024K)->1024K(1024K)
[47.268s][info][gc,heap        ] GC(369) ParOldGen: 12534K(699392K)->12606K(699392K)
[47.268s][info][gc,metaspace   ] GC(369) Metaspace: 14262K(15232K)->14262K(15232K) NonClass: 12301K(12864K)->12301K(12864K) Class: 1960K(2368K)->1960K(2368K)
[47.268s][info][gc             ] GC(369) Pause Young (Allocation Failure) 218M->13M(885M) 1.439ms
[47.268s][info][gc,cpu         ] GC(369) User=0.00s Sys=0.00s Real=0.00s
[47.388s][info][gc,start       ] GC(370) Pause Young (Allocation Failure)
[47.390s][info][gc,heap        ] GC(370) PSYoungGen: 206848K(206848K)->1024K(202752K) Eden: 205824K(205824K)->0K(201728K) From: 1024K(1024K)->1024K(1024K)
[47.390s][info][gc,heap        ] GC(370) ParOldGen: 12606K(699392K)->12670K(699392K)
[47.390s][info][gc,metaspace   ] GC(370) Metaspace: 14262K(15232K)->14262K(15232K) NonClass: 12301K(12864K)->12301K(12864K) Class: 1960K(2368K)->1960K(2368K)
[47.390s][info][gc             ] GC(370) Pause Young (Allocation Failure) 214M->13M(881M) 1.445ms
[47.390s][info][gc,cpu         ] GC(370) User=0.00s Sys=0.00s Real=0.00s
[47.509s][info][gc,start       ] GC(371) Pause Young (Allocation Failure)
[47.510s][info][gc,heap        ] GC(371) PSYoungGen: 202752K(202752K)->1024K(198656K) Eden: 201728K(201728K)->0K(197632K) From: 1024K(1024K)->1024K(1024K)
[47.510s][info][gc,heap        ] GC(371) ParOldGen: 12670K(699392K)->12710K(699392K)
[47.510s][info][gc,metaspace   ] GC(371) Metaspace: 14262K(15232K)->14262K(15232K) NonClass: 12301K(12864K)->12301K(12864K) Class: 1960K(2368K)->1960K(2368K)
[47.510s][info][gc             ] GC(371) Pause Young (Allocation Failure) 210M->13M(877M) 1.442ms
[47.510s][info][gc,cpu         ] GC(371) User=0.00s Sys=0.00s Real=0.00s
[47.628s][info][gc,start       ] GC(372) Pause Young (Allocation Failure)
[47.629s][info][gc,heap        ] GC(372) PSYoungGen: 198656K(198656K)->1024K(194560K) Eden: 197632K(197632K)->0K(193536K) From: 1024K(1024K)->1024K(1024K)
[47.629s][info][gc,heap        ] GC(372) ParOldGen: 12710K(699392K)->12750K(699392K)
[47.629s][info][gc,metaspace   ] GC(372) Metaspace: 14262K(15232K)->14262K(15232K) NonClass: 12301K(12864K)->12301K(12864K) Class: 1960K(2368K)->1960K(2368K)
[47.629s][info][gc             ] GC(372) Pause Young (Allocation Failure) 206M->13M(873M) 1.497ms
[47.629s][info][gc,cpu         ] GC(372) User=0.00s Sys=0.00s Real=0.00s
[47.745s][info][gc,start       ] GC(373) Pause Young (Allocation Failure)
[47.746s][info][gc,heap        ] GC(373) PSYoungGen: 194560K(194560K)->992K(233472K) Eden: 193536K(193536K)->0K(232448K) From: 1024K(1024K)->992K(1024K)
[47.747s][info][gc,heap        ] GC(373) ParOldGen: 12750K(699392K)->12798K(699392K)
[47.747s][info][gc,metaspace   ] GC(373) Metaspace: 14262K(15232K)->14262K(15232K) NonClass: 12301K(12864K)->12301K(12864K) Class: 1960K(2368K)->1960K(2368K)
[47.747s][info][gc             ] GC(373) Pause Young (Allocation Failure) 202M->13M(911M) 1.505ms
[47.747s][info][gc,cpu         ] GC(373) User=0.00s Sys=0.00s Real=0.00s
[47.884s][info][gc,start       ] GC(374) Pause Young (Allocation Failure)
[47.886s][info][gc,heap        ] GC(374) PSYoungGen: 233440K(233472K)->992K(280064K) Eden: 232448K(232448K)->0K(279040K) From: 992K(1024K)->992K(1024K)
[47.886s][info][gc,heap        ] GC(374) ParOldGen: 12798K(699392K)->12838K(699392K)
[47.886s][info][gc,metaspace   ] GC(374) Metaspace: 14262K(15232K)->14262K(15232K) NonClass: 12301K(12864K)->12301K(12864K) Class: 1960K(2368K)->1960K(2368K)
[47.886s][info][gc             ] GC(374) Pause Young (Allocation Failure) 240M->13M(956M) 1.613ms
[47.886s][info][gc,cpu         ] GC(374) User=0.00s Sys=0.00s Real=0.00s
[48.053s][info][gc,start       ] GC(375) Pause Young (Allocation Failure)
[48.054s][info][gc,heap        ] GC(375) PSYoungGen: 280032K(280064K)->1024K(272896K) Eden: 279040K(279040K)->0K(271872K) From: 992K(1024K)->1024K(1024K)
[48.054s][info][gc,heap        ] GC(375) ParOldGen: 12838K(699392K)->12894K(699392K)
[48.054s][info][gc,metaspace   ] GC(375) Metaspace: 14262K(15232K)->14262K(15232K) NonClass: 12301K(12864K)->12301K(12864K) Class: 1960K(2368K)->1960K(2368K)
[48.054s][info][gc             ] GC(375) Pause Young (Allocation Failure) 286M->13M(949M) 1.618ms
[48.054s][info][gc,cpu         ] GC(375) User=0.00s Sys=0.00s Real=0.00s
[48.221s][info][gc,start       ] GC(376) Pause Young (Allocation Failure)
[48.222s][info][gc,heap        ] GC(376) PSYoungGen: 272896K(272896K)->992K(266240K) Eden: 271872K(271872K)->0K(265216K) From: 1024K(1024K)->992K(1024K)
[48.222s][info][gc,heap        ] GC(376) ParOldGen: 12894K(699392K)->12958K(699392K)
[48.222s][info][gc,metaspace   ] GC(376) Metaspace: 14262K(15232K)->14262K(15232K) NonClass: 12301K(12864K)->12301K(12864K) Class: 1960K(2368K)->1960K(2368K)
[48.222s][info][gc             ] GC(376) Pause Young (Allocation Failure) 279M->13M(943M) 1.630ms
[48.222s][info][gc,cpu         ] GC(376) User=0.00s Sys=0.00s Real=0.00s
[48.387s][info][gc,start       ] GC(377) Pause Young (Allocation Failure)
[48.389s][info][gc,heap        ] GC(377) PSYoungGen: 266208K(266240K)->992K(259584K) Eden: 265216K(265216K)->0K(258560K) From: 992K(1024K)->992K(1024K)
[48.389s][info][gc,heap        ] GC(377) ParOldGen: 12958K(699392K)->13054K(699392K)
[48.389s][info][gc,metaspace   ] GC(377) Metaspace: 14262K(15232K)->14262K(15232K) NonClass: 12301K(12864K)->12301K(12864K) Class: 1960K(2368K)->1960K(2368K)
[48.389s][info][gc             ] GC(377) Pause Young (Allocation Failure) 272M->13M(936M) 1.654ms
[48.389s][info][gc,cpu         ] GC(377) User=0.00s Sys=0.00s Real=0.00s
[48.555s][info][gc,start       ] GC(378) Pause Young (Allocation Failure)
[48.557s][info][gc,heap        ] GC(378) PSYoungGen: 259552K(259584K)->992K(253440K) Eden: 258560K(258560K)->0K(252416K) From: 992K(1024K)->992K(1024K)
[48.557s][info][gc,heap        ] GC(378) ParOldGen: 13054K(699392K)->13118K(699392K)
[48.557s][info][gc,metaspace   ] GC(378) Metaspace: 14262K(15232K)->14262K(15232K) NonClass: 12301K(12864K)->12301K(12864K) Class: 1960K(2368K)->1960K(2368K)
[48.557s][info][gc             ] GC(378) Pause Young (Allocation Failure) 266M->13M(930M) 1.652ms
[48.557s][info][gc,cpu         ] GC(378) User=0.00s Sys=0.00s Real=0.00s
[48.731s][info][gc,start       ] GC(379) Pause Young (Allocation Failure)
[48.732s][info][gc,heap        ] GC(379) PSYoungGen: 253408K(253440K)->992K(247296K) Eden: 252416K(252416K)->0K(246272K) From: 992K(1024K)->992K(1024K)
[48.732s][info][gc,heap        ] GC(379) ParOldGen: 13118K(699392K)->13198K(699392K)
[48.732s][info][gc,metaspace   ] GC(379) Metaspace: 14262K(15232K)->14262K(15232K) NonClass: 12301K(12864K)->12301K(12864K) Class: 1960K(2368K)->1960K(2368K)
[48.733s][info][gc             ] GC(379) Pause Young (Allocation Failure) 260M->13M(924M) 1.661ms
[48.733s][info][gc,cpu         ] GC(379) User=0.00s Sys=0.00s Real=0.00s
[48.983s][info][gc,start       ] GC(380) Pause Young (Allocation Failure)
[48.985s][info][gc,heap        ] GC(380) PSYoungGen: 247264K(247296K)->832K(241664K) Eden: 246272K(246272K)->0K(240640K) From: 992K(1024K)->832K(1024K)
[48.986s][info][gc,heap        ] GC(380) ParOldGen: 13198K(699392K)->13262K(699392K)
[48.986s][info][gc,metaspace   ] GC(380) Metaspace: 14262K(15232K)->14262K(15232K) NonClass: 12301K(12864K)->12301K(12864K) Class: 1960K(2368K)->1960K(2368K)
[48.986s][info][gc             ] GC(380) Pause Young (Allocation Failure) 254M->13M(919M) 2.409ms
[48.986s][info][gc,cpu         ] GC(380) User=0.00s Sys=0.00s Real=0.00s
[49.127s][info][gc,start       ] GC(381) Pause Young (Allocation Failure)
[49.129s][info][gc,heap        ] GC(381) PSYoungGen: 241472K(241664K)->512K(235520K) Eden: 240640K(240640K)->0K(235008K) From: 832K(1024K)->512K(512K)
[49.129s][info][gc,heap        ] GC(381) ParOldGen: 13262K(699392K)->13326K(699392K)
[49.129s][info][gc,metaspace   ] GC(381) Metaspace: 14262K(15232K)->14262K(15232K) NonClass: 12301K(12864K)->12301K(12864K) Class: 1960K(2368K)->1960K(2368K)
[49.129s][info][gc             ] GC(381) Pause Young (Allocation Failure) 248M->13M(913M) 1.361ms
[49.129s][info][gc,cpu         ] GC(381) User=0.00s Sys=0.00s Real=0.00s
[49.165s][info][gc,start       ] GC(382) Pause Young (System.gc())
[49.166s][info][gc,heap        ] GC(382) PSYoungGen: 27639K(235520K)->128K(235520K) Eden: 27127K(235008K)->0K(235008K) From: 512K(512K)->128K(512K)
[49.166s][info][gc,heap        ] GC(382) ParOldGen: 13326K(699392K)->13390K(699392K)
[49.166s][info][gc,metaspace   ] GC(382) Metaspace: 14262K(15232K)->14262K(15232K) NonClass: 12301K(12864K)->12301K(12864K) Class: 1960K(2368K)->1960K(2368K)
[49.166s][info][gc             ] GC(382) Pause Young (System.gc()) 40M->13M(913M) 1.271ms
[49.166s][info][gc,cpu         ] GC(382) User=0.00s Sys=0.00s Real=0.00s
[49.166s][info][gc,start       ] GC(383) Pause Full (System.gc())
[49.166s][info][gc,phases,start] GC(383) Marking Phase
[49.177s][info][gc,phases      ] GC(383) Marking Phase 10.945ms
[49.177s][info][gc,phases,start] GC(383) Summary Phase
[49.177s][info][gc,phases      ] GC(383) Summary Phase 0.026ms
[49.177s][info][gc,phases,start] GC(383) Adjust Roots
[49.180s][info][gc,phases      ] GC(383) Adjust Roots 2.974ms
[49.180s][info][gc,phases,start] GC(383) Compaction Phase
[49.182s][info][gc,phases      ] GC(383) Compaction Phase 1.512ms
[49.182s][info][gc,phases,start] GC(383) Post Compact
[49.182s][info][gc,phases      ] GC(383) Post Compact 0.303ms
[49.182s][info][gc,heap        ] GC(383) PSYoungGen: 128K(235520K)->0K(235520K) Eden: 0K(235008K)->0K(235008K) From: 128K(512K)->0K(512K)
[49.182s][info][gc,heap        ] GC(383) ParOldGen: 13390K(699392K)->5373K(699392K)
[49.182s][info][gc,metaspace   ] GC(383) Metaspace: 14262K(15232K)->14262K(15232K) NonClass: 12301K(12864K)->12301K(12864K) Class: 1960K(2368K)->1960K(2368K)
[49.182s][info][gc             ] GC(383) Pause Full (System.gc()) 13M->5M(913M) 16.020ms
[49.182s][info][gc,cpu         ] GC(383) User=0.02s Sys=0.00s Real=0.02s
[49.338s][info][gc,start       ] GC(384) Pause Young (Allocation Failure)
[49.339s][info][gc,heap        ] GC(384) PSYoungGen: 235008K(235520K)->1536K(231424K) Eden: 235008K(235008K)->0K(229888K) From: 0K(512K)->1536K(1536K)
[49.339s][info][gc,heap        ] GC(384) ParOldGen: 5373K(699392K)->5595K(699392K)
[49.339s][info][gc,metaspace   ] GC(384) Metaspace: 14264K(15232K)->14264K(15232K) NonClass: 12303K(12864K)->12303K(12864K) Class: 1960K(2368K)->1960K(2368K)
[49.339s][info][gc             ] GC(384) Pause Young (Allocation Failure) 234M->6M(909M) 1.349ms
[49.339s][info][gc,cpu         ] GC(384) User=0.00s Sys=0.00s Real=0.00s
[49.469s][info][gc,start       ] GC(385) Pause Young (Allocation Failure)
[49.470s][info][gc,heap        ] GC(385) PSYoungGen: 231424K(231424K)->1024K(225792K) Eden: 229888K(229888K)->0K(224768K) From: 1536K(1536K)->1024K(1024K)
[49.470s][info][gc,heap        ] GC(385) ParOldGen: 5595K(699392K)->7036K(699392K)
[49.470s][info][gc,metaspace   ] GC(385) Metaspace: 14264K(15232K)->14264K(15232K) NonClass: 12303K(12864K)->12303K(12864K) Class: 1960K(2368K)->1960K(2368K)
[49.470s][info][gc             ] GC(385) Pause Young (Allocation Failure) 231M->7M(903M) 1.296ms
[49.470s][info][gc,cpu         ] GC(385) User=0.00s Sys=0.00s Real=0.00s
[49.601s][info][gc,start       ] GC(386) Pause Young (Allocation Failure)
[49.602s][info][gc,heap        ] GC(386) PSYoungGen: 225792K(225792K)->992K(220672K) Eden: 224768K(224768K)->0K(219648K) From: 1024K(1024K)->992K(1024K)
[49.602s][info][gc,heap        ] GC(386) ParOldGen: 7036K(699392K)->7116K(699392K)
[49.602s][info][gc,metaspace   ] GC(386) Metaspace: 14264K(15232K)->14264K(15232K) NonClass: 12303K(12864K)->12303K(12864K) Class: 1960K(2368K)->1960K(2368K)
[49.602s][info][gc             ] GC(386) Pause Young (Allocation Failure) 227M->7M(898M) 1.236ms
[49.602s][info][gc,cpu         ] GC(386) User=0.00s Sys=0.00s Real=0.00s
[49.730s][info][gc,start       ] GC(387) Pause Young (Allocation Failure)
[49.731s][info][gc,heap        ] GC(387) PSYoungGen: 220640K(220672K)->960K(216064K) Eden: 219648K(219648K)->0K(215040K) From: 992K(1024K)->960K(1024K)
[49.731s][info][gc,heap        ] GC(387) ParOldGen: 7116K(699392K)->7188K(699392K)
[49.731s][info][gc,metaspace   ] GC(387) Metaspace: 14264K(15232K)->14264K(15232K) NonClass: 12303K(12864K)->12303K(12864K) Class: 1960K(2368K)->1960K(2368K)
[49.731s][info][gc             ] GC(387) Pause Young (Allocation Failure) 222M->7M(894M) 1.236ms
[49.731s][info][gc,cpu         ] GC(387) User=0.00s Sys=0.00s Real=0.00s
[49.856s][info][gc,start       ] GC(388) Pause Young (Allocation Failure)
[49.857s][info][gc,heap        ] GC(388) PSYoungGen: 216000K(216064K)->992K(211456K) Eden: 215040K(215040K)->0K(210432K) From: 960K(1024K)->992K(1024K)
[49.857s][info][gc,heap        ] GC(388) ParOldGen: 7188K(699392K)->7284K(699392K)
[49.857s][info][gc,metaspace   ] GC(388) Metaspace: 14264K(15232K)->14264K(15232K) NonClass: 12303K(12864K)->12303K(12864K) Class: 1960K(2368K)->1960K(2368K)
[49.857s][info][gc             ] GC(388) Pause Young (Allocation Failure) 217M->8M(889M) 1.160ms
[49.857s][info][gc,cpu         ] GC(388) User=0.00s Sys=0.00s Real=0.00s
[49.980s][info][gc,start       ] GC(389) Pause Young (Allocation Failure)
[49.981s][info][gc,heap        ] GC(389) PSYoungGen: 211424K(211456K)->992K(206848K) Eden: 210432K(210432K)->0K(205824K) From: 992K(1024K)->992K(1024K)
[49.981s][info][gc,heap        ] GC(389) ParOldGen: 7284K(699392K)->7348K(699392K)
[49.981s][info][gc,metaspace   ] GC(389) Metaspace: 14264K(15232K)->14264K(15232K) NonClass: 12303K(12864K)->12303K(12864K) Class: 1960K(2368K)->1960K(2368K)
[49.981s][info][gc             ] GC(389) Pause Young (Allocation Failure) 213M->8M(885M) 1.251ms
[49.981s][info][gc,cpu         ] GC(389) User=0.00s Sys=0.00s Real=0.00s
[50.100s][info][gc,start       ] GC(390) Pause Young (Allocation Failure)
[50.101s][info][gc,heap        ] GC(390) PSYoungGen: 206816K(206848K)->992K(202752K) Eden: 205824K(205824K)->0K(201728K) From: 992K(1024K)->992K(1024K)
[50.101s][info][gc,heap        ] GC(390) ParOldGen: 7348K(699392K)->7388K(699392K)
[50.101s][info][gc,metaspace   ] GC(390) Metaspace: 14264K(15232K)->14264K(15232K) NonClass: 12303K(12864K)->12303K(12864K) Class: 1960K(2368K)->1960K(2368K)
[50.101s][info][gc             ] GC(390) Pause Young (Allocation Failure) 209M->8M(881M) 1.232ms
[50.102s][info][gc,cpu         ] GC(390) User=0.00s Sys=0.00s Real=0.00s
[50.219s][info][gc,start       ] GC(391) Pause Young (Allocation Failure)
[50.220s][info][gc,heap        ] GC(391) PSYoungGen: 202720K(202752K)->1024K(198656K) Eden: 201728K(201728K)->0K(197632K) From: 992K(1024K)->1024K(1024K)
[50.220s][info][gc,heap        ] GC(391) ParOldGen: 7388K(699392K)->7436K(699392K)
[50.220s][info][gc,metaspace   ] GC(391) Metaspace: 14264K(15232K)->14264K(15232K) NonClass: 12303K(12864K)->12303K(12864K) Class: 1960K(2368K)->1960K(2368K)
[50.220s][info][gc             ] GC(391) Pause Young (Allocation Failure) 205M->8M(877M) 1.258ms
[50.220s][info][gc,cpu         ] GC(391) User=0.00s Sys=0.00s Real=0.00s
[50.335s][info][gc,start       ] GC(392) Pause Young (Allocation Failure)
[50.337s][info][gc,heap        ] GC(392) PSYoungGen: 198655K(198656K)->1024K(194560K) Eden: 197631K(197632K)->0K(193536K) From: 1024K(1024K)->1024K(1024K)
[50.337s][info][gc,heap        ] GC(392) ParOldGen: 7436K(699392K)->7492K(699392K)
[50.337s][info][gc,metaspace   ] GC(392) Metaspace: 14264K(15232K)->14264K(15232K) NonClass: 12303K(12864K)->12303K(12864K) Class: 1960K(2368K)->1960K(2368K)
[50.337s][info][gc             ] GC(392) Pause Young (Allocation Failure) 201M->8M(873M) 1.266ms
[50.337s][info][gc,cpu         ] GC(392) User=0.00s Sys=0.00s Real=0.00s
[50.449s][info][gc,start       ] GC(393) Pause Young (Allocation Failure)
[50.450s][info][gc,heap        ] GC(393) PSYoungGen: 194560K(194560K)->1024K(190464K) Eden: 193536K(193536K)->0K(189440K) From: 1024K(1024K)->1024K(1024K)
[50.451s][info][gc,heap        ] GC(393) ParOldGen: 7492K(699392K)->7524K(699392K)
[50.451s][info][gc,metaspace   ] GC(393) Metaspace: 14264K(15232K)->14264K(15232K) NonClass: 12303K(12864K)->12303K(12864K) Class: 1960K(2368K)->1960K(2368K)
[50.451s][info][gc             ] GC(393) Pause Young (Allocation Failure) 197M->8M(869M) 1.263ms
[50.451s][info][gc,cpu         ] GC(393) User=0.00s Sys=0.00s Real=0.00s
[50.561s][info][gc,start       ] GC(394) Pause Young (Allocation Failure)
[50.562s][info][gc,heap        ] GC(394) PSYoungGen: 190464K(190464K)->960K(186880K) Eden: 189440K(189440K)->0K(185856K) From: 1024K(1024K)->960K(1024K)
[50.562s][info][gc,heap        ] GC(394) ParOldGen: 7524K(699392K)->7588K(699392K)
[50.562s][info][gc,metaspace   ] GC(394) Metaspace: 14264K(15232K)->14264K(15232K) NonClass: 12303K(12864K)->12303K(12864K) Class: 1960K(2368K)->1960K(2368K)
[50.562s][info][gc             ] GC(394) Pause Young (Allocation Failure) 193M->8M(865M) 1.289ms
[50.562s][info][gc,cpu         ] GC(394) User=0.00s Sys=0.00s Real=0.00s
[50.669s][info][gc,start       ] GC(395) Pause Young (Allocation Failure)
[50.671s][info][gc,heap        ] GC(395) PSYoungGen: 186816K(186880K)->992K(183296K) Eden: 185856K(185856K)->0K(182272K) From: 960K(1024K)->992K(1024K)
[50.671s][info][gc,heap        ] GC(395) ParOldGen: 7588K(699392K)->7644K(699392K)
[50.671s][info][gc,metaspace   ] GC(395) Metaspace: 14264K(15232K)->14264K(15232K) NonClass: 12303K(12864K)->12303K(12864K) Class: 1960K(2368K)->1960K(2368K)
[50.671s][info][gc             ] GC(395) Pause Young (Allocation Failure) 189M->8M(862M) 1.308ms
[50.671s][info][gc,cpu         ] GC(395) User=0.00s Sys=0.00s Real=0.00s
[50.777s][info][gc,start       ] GC(396) Pause Young (Allocation Failure)
[50.779s][info][gc,heap        ] GC(396) PSYoungGen: 183264K(183296K)->1024K(179712K) Eden: 182272K(182272K)->0K(178688K) From: 992K(1024K)->1024K(1024K)
[50.779s][info][gc,heap        ] GC(396) ParOldGen: 7644K(699392K)->7684K(699392K)
[50.779s][info][gc,metaspace   ] GC(396) Metaspace: 14264K(15232K)->14264K(15232K) NonClass: 12303K(12864K)->12303K(12864K) Class: 1960K(2368K)->1960K(2368K)
[50.779s][info][gc             ] GC(396) Pause Young (Allocation Failure) 186M->8M(858M) 1.320ms
[50.779s][info][gc,cpu         ] GC(396) User=0.00s Sys=0.00s Real=0.00s
[50.884s][info][gc,start       ] GC(397) Pause Young (Allocation Failure)
[50.885s][info][gc,heap        ] GC(397) PSYoungGen: 179712K(179712K)->1024K(176128K) Eden: 178688K(178688K)->0K(175104K) From: 1024K(1024K)->1024K(1024K)
[50.885s][info][gc,heap        ] GC(397) ParOldGen: 7684K(699392K)->7732K(699392K)
[50.885s][info][gc,metaspace   ] GC(397) Metaspace: 14264K(15232K)->14264K(15232K) NonClass: 12303K(12864K)->12303K(12864K) Class: 1960K(2368K)->1960K(2368K)
[50.885s][info][gc             ] GC(397) Pause Young (Allocation Failure) 183M->8M(855M) 1.310ms
[50.885s][info][gc,cpu         ] GC(397) User=0.00s Sys=0.00s Real=0.00s
[50.987s][info][gc,start       ] GC(398) Pause Young (Allocation Failure)
[50.988s][info][gc,heap        ] GC(398) PSYoungGen: 176128K(176128K)->992K(173056K) Eden: 175104K(175104K)->0K(172032K) From: 1024K(1024K)->992K(1024K)
[50.988s][info][gc,heap        ] GC(398) ParOldGen: 7732K(699392K)->7804K(699392K)
[50.988s][info][gc,metaspace   ] GC(398) Metaspace: 14264K(15232K)->14264K(15232K) NonClass: 12303K(12864K)->12303K(12864K) Class: 1960K(2368K)->1960K(2368K)
[50.988s][info][gc             ] GC(398) Pause Young (Allocation Failure) 179M->8M(852M) 1.350ms
[50.989s][info][gc,cpu         ] GC(398) User=0.00s Sys=0.00s Real=0.00s
[51.090s][info][gc,start       ] GC(399) Pause Young (Allocation Failure)
[51.091s][info][gc,heap        ] GC(399) PSYoungGen: 173024K(173056K)->992K(207872K) Eden: 172032K(172032K)->0K(206848K) From: 992K(1024K)->992K(1024K)
[51.092s][info][gc,heap        ] GC(399) ParOldGen: 7804K(699392K)->7844K(699392K)
[51.092s][info][gc,metaspace   ] GC(399) Metaspace: 14264K(15232K)->14264K(15232K) NonClass: 12303K(12864K)->12303K(12864K) Class: 1960K(2368K)->1960K(2368K)
[51.092s][info][gc             ] GC(399) Pause Young (Allocation Failure) 176M->8M(886M) 1.348ms
[51.092s][info][gc,cpu         ] GC(399) User=0.00s Sys=0.00s Real=0.00s
[51.213s][info][gc,start       ] GC(400) Pause Young (Allocation Failure)
[51.215s][info][gc,heap        ] GC(400) PSYoungGen: 207839K(207872K)->992K(249344K) Eden: 206847K(206848K)->0K(248320K) From: 992K(1024K)->992K(1024K)
[51.215s][info][gc,heap        ] GC(400) ParOldGen: 7844K(699392K)->7884K(699392K)
[51.215s][info][gc,metaspace   ] GC(400) Metaspace: 14264K(15232K)->14264K(15232K) NonClass: 12303K(12864K)->12303K(12864K) Class: 1960K(2368K)->1960K(2368K)
[51.215s][info][gc             ] GC(400) Pause Young (Allocation Failure) 210M->8M(926M) 1.396ms
[51.215s][info][gc,cpu         ] GC(400) User=0.00s Sys=0.00s Real=0.00s
[51.360s][info][gc,start       ] GC(401) Pause Young (Allocation Failure)
[51.361s][info][gc,heap        ] GC(401) PSYoungGen: 249312K(249344K)->1024K(243712K) Eden: 248320K(248320K)->0K(242688K) From: 992K(1024K)->1024K(1024K)
[51.361s][info][gc,heap        ] GC(401) ParOldGen: 7884K(699392K)->7948K(699392K)
[51.361s][info][gc,metaspace   ] GC(401) Metaspace: 14264K(15232K)->14264K(15232K) NonClass: 12303K(12864K)->12303K(12864K) Class: 1960K(2368K)->1960K(2368K)
[51.361s][info][gc             ] GC(401) Pause Young (Allocation Failure) 251M->8M(921M) 1.575ms
[51.361s][info][gc,cpu         ] GC(401) User=0.00s Sys=0.00s Real=0.00s
[51.505s][info][gc,start       ] GC(402) Pause Young (Allocation Failure)
[51.507s][info][gc,heap        ] GC(402) PSYoungGen: 243712K(243712K)->1024K(238080K) Eden: 242688K(242688K)->0K(237056K) From: 1024K(1024K)->1024K(1024K)
[51.507s][info][gc,heap        ] GC(402) ParOldGen: 7948K(699392K)->8012K(699392K)
[51.507s][info][gc,metaspace   ] GC(402) Metaspace: 14264K(15232K)->14264K(15232K) NonClass: 12303K(12864K)->12303K(12864K) Class: 1960K(2368K)->1960K(2368K)
[51.507s][info][gc             ] GC(402) Pause Young (Allocation Failure) 245M->8M(915M) 1.500ms
[51.507s][info][gc,cpu         ] GC(402) User=0.00s Sys=0.00s Real=0.00s
[51.647s][info][gc,start       ] GC(403) Pause Young (Allocation Failure)
[51.648s][info][gc,heap        ] GC(403) PSYoungGen: 238080K(238080K)->1024K(232960K) Eden: 237056K(237056K)->0K(231936K) From: 1024K(1024K)->1024K(1024K)
[51.648s][info][gc,heap        ] GC(403) ParOldGen: 8012K(699392K)->8060K(699392K)
[51.648s][info][gc,metaspace   ] GC(403) Metaspace: 14264K(15232K)->14264K(15232K) NonClass: 12303K(12864K)->12303K(12864K) Class: 1960K(2368K)->1960K(2368K)
[51.648s][info][gc             ] GC(403) Pause Young (Allocation Failure) 240M->8M(910M) 1.510ms
[51.648s][info][gc,cpu         ] GC(403) User=0.00s Sys=0.00s Real=0.00s
[51.784s][info][gc,start       ] GC(404) Pause Young (Allocation Failure)
[51.786s][info][gc,heap        ] GC(404) PSYoungGen: 232960K(232960K)->1024K(227840K) Eden: 231936K(231936K)->0K(226816K) From: 1024K(1024K)->1024K(1024K)
[51.786s][info][gc,heap        ] GC(404) ParOldGen: 8060K(699392K)->8116K(699392K)
[51.786s][info][gc,metaspace   ] GC(404) Metaspace: 14264K(15232K)->14264K(15232K) NonClass: 12303K(12864K)->12303K(12864K) Class: 1960K(2368K)->1960K(2368K)
[51.786s][info][gc             ] GC(404) Pause Young (Allocation Failure) 235M->8M(905M) 1.510ms
[51.786s][info][gc,cpu         ] GC(404) User=0.00s Sys=0.00s Real=0.00s
[51.919s][info][gc,start       ] GC(405) Pause Young (Allocation Failure)
[51.921s][info][gc,heap        ] GC(405) PSYoungGen: 227840K(227840K)->1024K(222720K) Eden: 226816K(226816K)->0K(221696K) From: 1024K(1024K)->1024K(1024K)
[51.921s][info][gc,heap        ] GC(405) ParOldGen: 8116K(699392K)->8188K(699392K)
[51.921s][info][gc,metaspace   ] GC(405) Metaspace: 14264K(15232K)->14264K(15232K) NonClass: 12303K(12864K)->12303K(12864K) Class: 1960K(2368K)->1960K(2368K)
[51.921s][info][gc             ] GC(405) Pause Young (Allocation Failure) 230M->8M(900M) 1.552ms
[51.921s][info][gc,cpu         ] GC(405) User=0.00s Sys=0.00s Real=0.00s
[52.050s][info][gc,start       ] GC(406) Pause Young (Allocation Failure)
[52.051s][info][gc,heap        ] GC(406) PSYoungGen: 222720K(222720K)->1024K(218112K) Eden: 221696K(221696K)->0K(217088K) From: 1024K(1024K)->1024K(1024K)
[52.051s][info][gc,heap        ] GC(406) ParOldGen: 8188K(699392K)->8276K(699392K)
[52.051s][info][gc,metaspace   ] GC(406) Metaspace: 14264K(15232K)->14264K(15232K) NonClass: 12303K(12864K)->12303K(12864K) Class: 1960K(2368K)->1960K(2368K)
[52.051s][info][gc             ] GC(406) Pause Young (Allocation Failure) 225M->9M(896M) 1.585ms
[52.051s][info][gc,cpu         ] GC(406) User=0.00s Sys=0.00s Real=0.00s
[52.178s][info][gc,start       ] GC(407) Pause Young (Allocation Failure)
[52.179s][info][gc,heap        ] GC(407) PSYoungGen: 218112K(218112K)->992K(213504K) Eden: 217088K(217088K)->0K(212480K) From: 1024K(1024K)->992K(1024K)
[52.179s][info][gc,heap        ] GC(407) ParOldGen: 8276K(699392K)->8348K(699392K)
[52.179s][info][gc,metaspace   ] GC(407) Metaspace: 14264K(15232K)->14264K(15232K) NonClass: 12303K(12864K)->12303K(12864K) Class: 1960K(2368K)->1960K(2368K)
[52.179s][info][gc             ] GC(407) Pause Young (Allocation Failure) 221M->9M(891M) 1.584ms
[52.179s][info][gc,cpu         ] GC(407) User=0.00s Sys=0.00s Real=0.00s
[52.303s][info][gc,start       ] GC(408) Pause Young (Allocation Failure)
[52.305s][info][gc,heap        ] GC(408) PSYoungGen: 213472K(213504K)->1024K(256000K) Eden: 212480K(212480K)->0K(254976K) From: 992K(1024K)->1024K(1024K)
[52.305s][info][gc,heap        ] GC(408) ParOldGen: 8348K(699392K)->8396K(699392K)
[52.305s][info][gc,metaspace   ] GC(408) Metaspace: 14264K(15232K)->14264K(15232K) NonClass: 12303K(12864K)->12303K(12864K) Class: 1960K(2368K)->1960K(2368K)
[52.305s][info][gc             ] GC(408) Pause Young (Allocation Failure) 216M->9M(933M) 1.676ms
[52.305s][info][gc,cpu         ] GC(408) User=0.00s Sys=0.00s Real=0.00s
[52.453s][info][gc,start       ] GC(409) Pause Young (Allocation Failure)
[52.455s][info][gc,heap        ] GC(409) PSYoungGen: 256000K(256000K)->1024K(268288K) Eden: 254976K(254976K)->0K(266752K) From: 1024K(1024K)->1024K(1536K)
[52.455s][info][gc,heap        ] GC(409) ParOldGen: 8396K(699392K)->8460K(699392K)
[52.455s][info][gc,metaspace   ] GC(409) Metaspace: 14264K(15232K)->14264K(15232K) NonClass: 12303K(12864K)->12303K(12864K) Class: 1960K(2368K)->1960K(2368K)
[52.455s][info][gc             ] GC(409) Pause Young (Allocation Failure) 258M->9M(945M) 1.663ms
[52.455s][info][gc,cpu         ] GC(409) User=0.00s Sys=0.00s Real=0.00s
[52.613s][info][gc,start       ] GC(410) Pause Young (Allocation Failure)
[52.615s][info][gc,heap        ] GC(410) PSYoungGen: 267776K(268288K)->960K(261120K) Eden: 266752K(266752K)->0K(260096K) From: 1024K(1536K)->960K(1024K)
[52.615s][info][gc,heap        ] GC(410) ParOldGen: 8460K(699392K)->8540K(699392K)
[52.615s][info][gc,metaspace   ] GC(410) Metaspace: 14264K(15232K)->14264K(15232K) NonClass: 12303K(12864K)->12303K(12864K) Class: 1960K(2368K)->1960K(2368K)
[52.615s][info][gc             ] GC(410) Pause Young (Allocation Failure) 269M->9M(938M) 1.927ms
[52.615s][info][gc,cpu         ] GC(410) User=0.00s Sys=0.00s Real=0.00s
[52.767s][info][gc,start       ] GC(411) Pause Young (Allocation Failure)
[52.769s][info][gc,heap        ] GC(411) PSYoungGen: 261056K(261120K)->1024K(254976K) Eden: 260096K(260096K)->0K(253952K) From: 960K(1024K)->1024K(1024K)
[52.769s][info][gc,heap        ] GC(411) ParOldGen: 8540K(699392K)->8628K(699392K)
[52.769s][info][gc,metaspace   ] GC(411) Metaspace: 14264K(15232K)->14264K(15232K) NonClass: 12303K(12864K)->12303K(12864K) Class: 1960K(2368K)->1960K(2368K)
[52.769s][info][gc             ] GC(411) Pause Young (Allocation Failure) 263M->9M(932M) 1.623ms
[52.769s][info][gc,cpu         ] GC(411) User=0.00s Sys=0.00s Real=0.00s
[52.916s][info][gc,start       ] GC(412) Pause Young (Allocation Failure)
[52.918s][info][gc,heap        ] GC(412) PSYoungGen: 254976K(254976K)->992K(248832K) Eden: 253952K(253952K)->0K(247808K) From: 1024K(1024K)->992K(1024K)
[52.918s][info][gc,heap        ] GC(412) ParOldGen: 8628K(699392K)->8732K(699392K)
[52.918s][info][gc,metaspace   ] GC(412) Metaspace: 14264K(15232K)->14264K(15232K) NonClass: 12303K(12864K)->12303K(12864K) Class: 1960K(2368K)->1960K(2368K)
[52.918s][info][gc             ] GC(412) Pause Young (Allocation Failure) 257M->9M(926M) 1.748ms
[52.918s][info][gc,cpu         ] GC(412) User=0.00s Sys=0.00s Real=0.00s
[53.062s][info][gc,start       ] GC(413) Pause Young (Allocation Failure)
[53.064s][info][gc,heap        ] GC(413) PSYoungGen: 248800K(248832K)->992K(266752K) Eden: 247808K(247808K)->0K(265216K) From: 992K(1024K)->992K(1536K)
[53.064s][info][gc,heap        ] GC(413) ParOldGen: 8732K(699392K)->8796K(699392K)
[53.064s][info][gc,metaspace   ] GC(413) Metaspace: 14264K(15232K)->14264K(15232K) NonClass: 12303K(12864K)->12303K(12864K) Class: 1960K(2368K)->1960K(2368K)
[53.064s][info][gc             ] GC(413) Pause Young (Allocation Failure) 251M->9M(943M) 1.772ms
[53.064s][info][gc,cpu         ] GC(413) User=0.00s Sys=0.00s Real=0.00s
[53.219s][info][gc,start       ] GC(414) Pause Young (Allocation Failure)
[53.221s][info][gc,heap        ] GC(414) PSYoungGen: 266208K(266752K)->992K(266752K) Eden: 265216K(265216K)->0K(265216K) From: 992K(1536K)->992K(1536K)
[53.221s][info][gc,heap        ] GC(414) ParOldGen: 8796K(699392K)->8892K(699392K)
[53.221s][info][gc,metaspace   ] GC(414) Metaspace: 14264K(15232K)->14264K(15232K) NonClass: 12303K(12864K)->12303K(12864K) Class: 1960K(2368K)->1960K(2368K)
[53.221s][info][gc             ] GC(414) Pause Young (Allocation Failure) 268M->9M(943M) 1.771ms
[53.221s][info][gc,cpu         ] GC(414) User=0.00s Sys=0.00s Real=0.00s
[53.376s][info][gc,start       ] GC(415) Pause Young (Allocation Failure)
[53.377s][info][gc,heap        ] GC(415) PSYoungGen: 266208K(266752K)->1024K(320000K) Eden: 265216K(265216K)->0K(318464K) From: 992K(1536K)->1024K(1536K)
[53.377s][info][gc,heap        ] GC(415) ParOldGen: 8892K(699392K)->8980K(699392K)
[53.378s][info][gc,metaspace   ] GC(415) Metaspace: 14264K(15232K)->14264K(15232K) NonClass: 12303K(12864K)->12303K(12864K) Class: 1960K(2368K)->1960K(2368K)
[53.378s][info][gc             ] GC(415) Pause Young (Allocation Failure) 268M->9M(995M) 1.680ms
[53.378s][info][gc,cpu         ] GC(415) User=0.00s Sys=0.00s Real=0.00s
[53.566s][info][gc,start       ] GC(416) Pause Young (Allocation Failure)
[53.568s][info][gc,heap        ] GC(416) PSYoungGen: 319488K(320000K)->1024K(310784K) Eden: 318464K(318464K)->0K(309760K) From: 1024K(1536K)->1024K(1024K)
[53.568s][info][gc,heap        ] GC(416) ParOldGen: 8980K(699392K)->9052K(699392K)
[53.568s][info][gc,metaspace   ] GC(416) Metaspace: 14264K(15232K)->14264K(15232K) NonClass: 12303K(12864K)->12303K(12864K) Class: 1960K(2368K)->1960K(2368K)
[53.568s][info][gc             ] GC(416) Pause Young (Allocation Failure) 320M->9M(986M) 1.838ms
[53.568s][info][gc,cpu         ] GC(416) User=0.00s Sys=0.00s Real=0.00s
[53.845s][info][gc,start       ] GC(417) Pause Young (Allocation Failure)
[53.847s][info][gc,heap        ] GC(417) PSYoungGen: 310784K(310784K)->1024K(302592K) Eden: 309760K(309760K)->0K(301568K) From: 1024K(1024K)->1024K(1024K)
[53.847s][info][gc,heap        ] GC(417) ParOldGen: 9052K(699392K)->9132K(699392K)
[53.847s][info][gc,metaspace   ] GC(417) Metaspace: 14264K(15232K)->14264K(15232K) NonClass: 12303K(12864K)->12303K(12864K) Class: 1960K(2368K)->1960K(2368K)
[53.848s][info][gc             ] GC(417) Pause Young (Allocation Failure) 312M->9M(978M) 2.542ms
[53.848s][info][gc,cpu         ] GC(417) User=0.00s Sys=0.00s Real=0.00s
[54.030s][info][gc,start       ] GC(418) Pause Young (Allocation Failure)
[54.032s][info][gc,heap        ] GC(418) PSYoungGen: 302592K(302592K)->1056K(295424K) Eden: 301568K(301568K)->0K(293888K) From: 1024K(1024K)->1056K(1536K)
[54.032s][info][gc,heap        ] GC(418) ParOldGen: 9132K(699392K)->9212K(699392K)
[54.032s][info][gc,metaspace   ] GC(418) Metaspace: 14264K(15232K)->14264K(15232K) NonClass: 12303K(12864K)->12303K(12864K) Class: 1960K(2368K)->1960K(2368K)
[54.032s][info][gc             ] GC(418) Pause Young (Allocation Failure) 304M->10M(971M) 1.699ms
[54.032s][info][gc,cpu         ] GC(418) User=0.00s Sys=0.00s Real=0.00s
[54.204s][info][gc,start       ] GC(419) Pause Young (Allocation Failure)
[54.206s][info][gc,heap        ] GC(419) PSYoungGen: 294944K(295424K)->992K(287232K) Eden: 293888K(293888K)->0K(286208K) From: 1056K(1536K)->992K(1024K)
[54.206s][info][gc,heap        ] GC(419) ParOldGen: 9212K(699392K)->9300K(699392K)
[54.206s][info][gc,metaspace   ] GC(419) Metaspace: 14264K(15232K)->14264K(15232K) NonClass: 12303K(12864K)->12303K(12864K) Class: 1960K(2368K)->1960K(2368K)
[54.206s][info][gc             ] GC(419) Pause Young (Allocation Failure) 297M->10M(963M) 1.554ms
[54.206s][info][gc,cpu         ] GC(419) User=0.00s Sys=0.00s Real=0.00s
[54.374s][info][gc,start       ] GC(420) Pause Young (Allocation Failure)
[54.376s][info][gc,heap        ] GC(420) PSYoungGen: 287200K(287232K)->1024K(280064K) Eden: 286208K(286208K)->0K(279040K) From: 992K(1024K)->1024K(1024K)
[54.376s][info][gc,heap        ] GC(420) ParOldGen: 9300K(699392K)->9380K(699392K)
[54.376s][info][gc,metaspace   ] GC(420) Metaspace: 14264K(15232K)->14264K(15232K) NonClass: 12303K(12864K)->12303K(12864K) Class: 1960K(2368K)->1960K(2368K)
[54.376s][info][gc             ] GC(420) Pause Young (Allocation Failure) 289M->10M(956M) 1.554ms
[54.376s][info][gc,cpu         ] GC(420) User=0.52s Sys=0.00s Real=0.00s
[54.539s][info][gc,start       ] GC(421) Pause Young (Allocation Failure)
[54.540s][info][gc,heap        ] GC(421) PSYoungGen: 280064K(280064K)->1024K(272896K) Eden: 279040K(279040K)->0K(271872K) From: 1024K(1024K)->1024K(1024K)
[54.540s][info][gc,heap        ] GC(421) ParOldGen: 9380K(699392K)->9476K(699392K)
[54.540s][info][gc,metaspace   ] GC(421) Metaspace: 14264K(15232K)->14264K(15232K) NonClass: 12303K(12864K)->12303K(12864K) Class: 1960K(2368K)->1960K(2368K)
[54.540s][info][gc             ] GC(421) Pause Young (Allocation Failure) 282M->10M(949M) 1.304ms
[54.540s][info][gc,cpu         ] GC(421) User=0.00s Sys=0.00s Real=0.00s
[54.699s][info][gc,start       ] GC(422) Pause Young (Allocation Failure)
[54.700s][info][gc,heap        ] GC(422) PSYoungGen: 272896K(272896K)->1024K(266240K) Eden: 271872K(271872K)->0K(265216K) From: 1024K(1024K)->1024K(1024K)
[54.700s][info][gc,heap        ] GC(422) ParOldGen: 9476K(699392K)->9548K(699392K)
[54.700s][info][gc,metaspace   ] GC(422) Metaspace: 14264K(15232K)->14264K(15232K) NonClass: 12303K(12864K)->12303K(12864K) Class: 1960K(2368K)->1960K(2368K)
[54.700s][info][gc             ] GC(422) Pause Young (Allocation Failure) 275M->10M(943M) 1.332ms
[54.700s][info][gc,cpu         ] GC(422) User=0.00s Sys=0.00s Real=0.00s
[54.854s][info][gc,start       ] GC(423) Pause Young (Allocation Failure)
[54.856s][info][gc,heap        ] GC(423) PSYoungGen: 266240K(266240K)->1024K(259584K) Eden: 265216K(265216K)->0K(258560K) From: 1024K(1024K)->1024K(1024K)
[54.856s][info][gc,heap        ] GC(423) ParOldGen: 9548K(699392K)->9620K(699392K)
[54.856s][info][gc,metaspace   ] GC(423) Metaspace: 14264K(15232K)->14264K(15232K) NonClass: 12303K(12864K)->12303K(12864K) Class: 1960K(2368K)->1960K(2368K)
[54.856s][info][gc             ] GC(423) Pause Young (Allocation Failure) 269M->10M(936M) 1.354ms
[54.856s][info][gc,cpu         ] GC(423) User=0.00s Sys=0.00s Real=0.00s
[55.007s][info][gc,start       ] GC(424) Pause Young (Allocation Failure)
[55.008s][info][gc,heap        ] GC(424) PSYoungGen: 259584K(259584K)->1024K(253440K) Eden: 258560K(258560K)->0K(252416K) From: 1024K(1024K)->1024K(1024K)
[55.008s][info][gc,heap        ] GC(424) ParOldGen: 9620K(699392K)->9660K(699392K)
[55.008s][info][gc,metaspace   ] GC(424) Metaspace: 14264K(15232K)->14264K(15232K) NonClass: 12303K(12864K)->12303K(12864K) Class: 1960K(2368K)->1960K(2368K)
[55.008s][info][gc             ] GC(424) Pause Young (Allocation Failure) 262M->10M(930M) 1.390ms
[55.008s][info][gc,cpu         ] GC(424) User=0.00s Sys=0.00s Real=0.00s
[55.155s][info][gc,start       ] GC(425) Pause Young (Allocation Failure)
[55.157s][info][gc,heap        ] GC(425) PSYoungGen: 253440K(253440K)->1024K(247296K) Eden: 252416K(252416K)->0K(246272K) From: 1024K(1024K)->1024K(1024K)
[55.157s][info][gc,heap        ] GC(425) ParOldGen: 9660K(699392K)->9724K(699392K)
[55.157s][info][gc,metaspace   ] GC(425) Metaspace: 14264K(15232K)->14264K(15232K) NonClass: 12303K(12864K)->12303K(12864K) Class: 1960K(2368K)->1960K(2368K)
[55.157s][info][gc             ] GC(425) Pause Young (Allocation Failure) 256M->10M(924M) 1.430ms
[55.157s][info][gc,cpu         ] GC(425) User=0.52s Sys=0.00s Real=0.00s
[55.300s][info][gc,start       ] GC(426) Pause Young (Allocation Failure)
[55.302s][info][gc,heap        ] GC(426) PSYoungGen: 247296K(247296K)->1024K(241664K) Eden: 246272K(246272K)->0K(240640K) From: 1024K(1024K)->1024K(1024K)
[55.302s][info][gc,heap        ] GC(426) ParOldGen: 9724K(699392K)->9764K(699392K)
[55.302s][info][gc,metaspace   ] GC(426) Metaspace: 14264K(15232K)->14264K(15232K) NonClass: 12303K(12864K)->12303K(12864K) Class: 1960K(2368K)->1960K(2368K)
[55.302s][info][gc             ] GC(426) Pause Young (Allocation Failure) 250M->10M(919M) 1.408ms
[55.302s][info][gc,cpu         ] GC(426) User=0.00s Sys=0.00s Real=0.00s
[55.443s][info][gc,start       ] GC(427) Pause Young (Allocation Failure)
[55.445s][info][gc,heap        ] GC(427) PSYoungGen: 241664K(241664K)->992K(236032K) Eden: 240640K(240640K)->0K(235008K) From: 1024K(1024K)->992K(1024K)
[55.445s][info][gc,heap        ] GC(427) ParOldGen: 9764K(699392K)->9828K(699392K)
[55.445s][info][gc,metaspace   ] GC(427) Metaspace: 14264K(15232K)->14264K(15232K) NonClass: 12303K(12864K)->12303K(12864K) Class: 1960K(2368K)->1960K(2368K)
[55.445s][info][gc             ] GC(427) Pause Young (Allocation Failure) 245M->10M(913M) 1.483ms
[55.445s][info][gc,cpu         ] GC(427) User=0.00s Sys=0.00s Real=0.00s
[55.582s][info][gc,start       ] GC(428) Pause Young (Allocation Failure)
[55.584s][info][gc,heap        ] GC(428) PSYoungGen: 236000K(236032K)->1024K(230912K) Eden: 235008K(235008K)->0K(229888K) From: 992K(1024K)->1024K(1024K)
[55.584s][info][gc,heap        ] GC(428) ParOldGen: 9828K(699392K)->9876K(699392K)
[55.584s][info][gc,metaspace   ] GC(428) Metaspace: 14264K(15232K)->14264K(15232K) NonClass: 12303K(12864K)->12303K(12864K) Class: 1960K(2368K)->1960K(2368K)
[55.584s][info][gc             ] GC(428) Pause Young (Allocation Failure) 240M->10M(908M) 1.475ms
[55.584s][info][gc,cpu         ] GC(428) User=0.00s Sys=0.00s Real=0.00s
[55.719s][info][gc,start       ] GC(429) Pause Young (Allocation Failure)
[55.749s][info][gc,heap        ] GC(429) PSYoungGen: 230911K(230912K)->1024K(225792K) Eden: 229887K(229888K)->0K(224768K) From: 1024K(1024K)->1024K(1024K)
[55.749s][info][gc,heap        ] GC(429) ParOldGen: 9876K(699392K)->9924K(699392K)
[55.749s][info][gc,metaspace   ] GC(429) Metaspace: 14264K(15232K)->14264K(15232K) NonClass: 12303K(12864K)->12303K(12864K) Class: 1960K(2368K)->1960K(2368K)
[55.749s][info][gc             ] GC(429) Pause Young (Allocation Failure) 235M->10M(903M) 29.456ms
[55.749s][info][gc,cpu         ] GC(429) User=0.00s Sys=0.00s Real=0.02s
[55.885s][info][gc,start       ] GC(430) Pause Young (Allocation Failure)
[55.886s][info][gc,heap        ] GC(430) PSYoungGen: 225792K(225792K)->992K(220672K) Eden: 224768K(224768K)->0K(219648K) From: 1024K(1024K)->992K(1024K)
[55.886s][info][gc,heap        ] GC(430) ParOldGen: 9924K(699392K)->9988K(699392K)
[55.886s][info][gc,metaspace   ] GC(430) Metaspace: 14264K(15232K)->14264K(15232K) NonClass: 12303K(12864K)->12303K(12864K) Class: 1960K(2368K)->1960K(2368K)
[55.886s][info][gc             ] GC(430) Pause Young (Allocation Failure) 230M->10M(898M) 1.509ms
[55.886s][info][gc,cpu         ] GC(430) User=0.00s Sys=0.00s Real=0.00s
[56.014s][info][gc,start       ] GC(431) Pause Young (Allocation Failure)
[56.016s][info][gc,heap        ] GC(431) PSYoungGen: 220640K(220672K)->992K(216064K) Eden: 219648K(219648K)->0K(215040K) From: 992K(1024K)->992K(1024K)
[56.016s][info][gc,heap        ] GC(431) ParOldGen: 9988K(699392K)->10044K(699392K)
[56.016s][info][gc,metaspace   ] GC(431) Metaspace: 14264K(15232K)->14264K(15232K) NonClass: 12303K(12864K)->12303K(12864K) Class: 1960K(2368K)->1960K(2368K)
[56.016s][info][gc             ] GC(431) Pause Young (Allocation Failure) 225M->10M(894M) 1.550ms
[56.016s][info][gc,cpu         ] GC(431) User=0.00s Sys=0.00s Real=0.00s
[56.141s][info][gc,start       ] GC(432) Pause Young (Allocation Failure)
[56.142s][info][gc,heap        ] GC(432) PSYoungGen: 216032K(216064K)->1024K(211456K) Eden: 215040K(215040K)->0K(210432K) From: 992K(1024K)->1024K(1024K)
[56.142s][info][gc,heap        ] GC(432) ParOldGen: 10044K(699392K)->10116K(699392K)
[56.142s][info][gc,metaspace   ] GC(432) Metaspace: 14264K(15232K)->14264K(15232K) NonClass: 12303K(12864K)->12303K(12864K) Class: 1960K(2368K)->1960K(2368K)
[56.142s][info][gc             ] GC(432) Pause Young (Allocation Failure) 220M->10M(889M) 1.541ms
[56.142s][info][gc,cpu         ] GC(432) User=0.00s Sys=0.00s Real=0.00s
[56.265s][info][gc,start       ] GC(433) Pause Young (Allocation Failure)
[56.267s][info][gc,heap        ] GC(433) PSYoungGen: 211456K(211456K)->1024K(206848K) Eden: 210432K(210432K)->0K(205824K) From: 1024K(1024K)->1024K(1024K)
[56.267s][info][gc,heap        ] GC(433) ParOldGen: 10116K(699392K)->10188K(699392K)
[56.267s][info][gc,metaspace   ] GC(433) Metaspace: 14264K(15232K)->14264K(15232K) NonClass: 12303K(12864K)->12303K(12864K) Class: 1960K(2368K)->1960K(2368K)
[56.267s][info][gc             ] GC(433) Pause Young (Allocation Failure) 216M->10M(885M) 1.589ms
[56.267s][info][gc,cpu         ] GC(433) User=0.23s Sys=0.02s Real=0.00s
[56.387s][info][gc,start       ] GC(434) Pause Young (Allocation Failure)
[56.388s][info][gc,heap        ] GC(434) PSYoungGen: 206848K(206848K)->992K(248320K) Eden: 205824K(205824K)->0K(247296K) From: 1024K(1024K)->992K(1024K)
[56.388s][info][gc,heap        ] GC(434) ParOldGen: 10188K(699392K)->10236K(699392K)
[56.388s][info][gc,metaspace   ] GC(434) Metaspace: 14264K(15232K)->14264K(15232K) NonClass: 12303K(12864K)->12303K(12864K) Class: 1960K(2368K)->1960K(2368K)
[56.388s][info][gc             ] GC(434) Pause Young (Allocation Failure) 211M->10M(925M) 1.636ms
[56.388s][info][gc,cpu         ] GC(434) User=0.00s Sys=0.00s Real=0.00s
[56.533s][info][gc,start       ] GC(435) Pause Young (Allocation Failure)
[56.535s][info][gc,heap        ] GC(435) PSYoungGen: 248288K(248320K)->1024K(297984K) Eden: 247296K(247296K)->0K(296960K) From: 992K(1024K)->1024K(1024K)
[56.535s][info][gc,heap        ] GC(435) ParOldGen: 10236K(699392K)->10300K(699392K)
[56.535s][info][gc,metaspace   ] GC(435) Metaspace: 14264K(15232K)->14264K(15232K) NonClass: 12303K(12864K)->12303K(12864K) Class: 1960K(2368K)->1960K(2368K)
[56.535s][info][gc             ] GC(435) Pause Young (Allocation Failure) 252M->11M(974M) 1.657ms
[56.535s][info][gc,cpu         ] GC(435) User=0.00s Sys=0.00s Real=0.00s
[56.710s][info][gc,start       ] GC(436) Pause Young (Allocation Failure)
[56.712s][info][gc,heap        ] GC(436) PSYoungGen: 297984K(297984K)->1024K(290304K) Eden: 296960K(296960K)->0K(289280K) From: 1024K(1024K)->1024K(1024K)
[56.712s][info][gc,heap        ] GC(436) ParOldGen: 10300K(699392K)->10356K(699392K)
[56.712s][info][gc,metaspace   ] GC(436) Metaspace: 14264K(15232K)->14264K(15232K) NonClass: 12303K(12864K)->12303K(12864K) Class: 1960K(2368K)->1960K(2368K)
[56.712s][info][gc             ] GC(436) Pause Young (Allocation Failure) 301M->11M(966M) 1.752ms
[56.712s][info][gc,cpu         ] GC(436) User=0.00s Sys=0.00s Real=0.00s
[56.881s][info][gc,start       ] GC(437) Pause Young (Allocation Failure)
[56.882s][info][gc,heap        ] GC(437) PSYoungGen: 290304K(290304K)->1024K(283136K) Eden: 289280K(289280K)->0K(282112K) From: 1024K(1024K)->1024K(1024K)
[56.883s][info][gc,heap        ] GC(437) ParOldGen: 10356K(699392K)->10412K(699392K)
[56.883s][info][gc,metaspace   ] GC(437) Metaspace: 14264K(15232K)->14264K(15232K) NonClass: 12303K(12864K)->12303K(12864K) Class: 1960K(2368K)->1960K(2368K)
[56.883s][info][gc             ] GC(437) Pause Young (Allocation Failure) 293M->11M(959M) 1.731ms
[56.883s][info][gc,cpu         ] GC(437) User=0.00s Sys=0.00s Real=0.00s
[57.048s][info][gc,start       ] GC(438) Pause Young (Allocation Failure)
[57.050s][info][gc,heap        ] GC(438) PSYoungGen: 283136K(283136K)->1024K(275968K) Eden: 282112K(282112K)->0K(274944K) From: 1024K(1024K)->1024K(1024K)
[57.050s][info][gc,heap        ] GC(438) ParOldGen: 10412K(699392K)->10492K(699392K)
[57.050s][info][gc,metaspace   ] GC(438) Metaspace: 14264K(15232K)->14264K(15232K) NonClass: 12303K(12864K)->12303K(12864K) Class: 1960K(2368K)->1960K(2368K)
[57.050s][info][gc             ] GC(438) Pause Young (Allocation Failure) 286M->11M(952M) 1.786ms
[57.050s][info][gc,cpu         ] GC(438) User=0.00s Sys=0.00s Real=0.00s
[57.210s][info][gc,start       ] GC(439) Pause Young (Allocation Failure)
[57.212s][info][gc,heap        ] GC(439) PSYoungGen: 275968K(275968K)->992K(269312K) Eden: 274944K(274944K)->0K(268288K) From: 1024K(1024K)->992K(1024K)
[57.212s][info][gc,heap        ] GC(439) ParOldGen: 10492K(699392K)->10572K(699392K)
[57.212s][info][gc,metaspace   ] GC(439) Metaspace: 14264K(15232K)->14264K(15232K) NonClass: 12303K(12864K)->12303K(12864K) Class: 1960K(2368K)->1960K(2368K)
[57.212s][info][gc             ] GC(439) Pause Young (Allocation Failure) 279M->11M(946M) 1.816ms
[57.212s][info][gc,cpu         ] GC(439) User=0.00s Sys=0.00s Real=0.00s
[57.370s][info][gc,start       ] GC(440) Pause Young (Allocation Failure)
[57.372s][info][gc,heap        ] GC(440) PSYoungGen: 269280K(269312K)->1024K(262656K) Eden: 268288K(268288K)->0K(261632K) From: 992K(1024K)->1024K(1024K)
[57.372s][info][gc,heap        ] GC(440) ParOldGen: 10572K(699392K)->10620K(699392K)
[57.372s][info][gc,metaspace   ] GC(440) Metaspace: 14264K(15232K)->14264K(15232K) NonClass: 12303K(12864K)->12303K(12864K) Class: 1960K(2368K)->1960K(2368K)
[57.372s][info][gc             ] GC(440) Pause Young (Allocation Failure) 273M->11M(939M) 1.781ms
[57.372s][info][gc,cpu         ] GC(440) User=0.00s Sys=0.00s Real=0.00s
[57.526s][info][gc,start       ] GC(441) Pause Young (Allocation Failure)
[57.528s][info][gc,heap        ] GC(441) PSYoungGen: 262656K(262656K)->992K(256512K) Eden: 261632K(261632K)->0K(255488K) From: 1024K(1024K)->992K(1024K)
[57.528s][info][gc,heap        ] GC(441) ParOldGen: 10620K(699392K)->10684K(699392K)
[57.528s][info][gc,metaspace   ] GC(441) Metaspace: 14264K(15232K)->14264K(15232K) NonClass: 12303K(12864K)->12303K(12864K) Class: 1960K(2368K)->1960K(2368K)
[57.528s][info][gc             ] GC(441) Pause Young (Allocation Failure) 266M->11M(933M) 1.848ms
[57.528s][info][gc,cpu         ] GC(441) User=0.00s Sys=0.00s Real=0.00s
[57.807s][info][gc,start       ] GC(442) Pause Young (Allocation Failure)
[57.809s][info][gc,heap        ] GC(442) PSYoungGen: 256480K(256512K)->1024K(250368K) Eden: 255488K(255488K)->0K(249344K) From: 992K(1024K)->1024K(1024K)
[57.809s][info][gc,heap        ] GC(442) ParOldGen: 10684K(699392K)->10756K(699392K)
[57.809s][info][gc,metaspace   ] GC(442) Metaspace: 14264K(15232K)->14264K(15232K) NonClass: 12303K(12864K)->12303K(12864K) Class: 1960K(2368K)->1960K(2368K)
[57.810s][info][gc             ] GC(442) Pause Young (Allocation Failure) 260M->11M(927M) 2.501ms
[57.810s][info][gc,cpu         ] GC(442) User=0.00s Sys=0.00s Real=0.00s
[57.964s][info][gc,start       ] GC(443) Pause Young (Allocation Failure)
[57.965s][info][gc,heap        ] GC(443) PSYoungGen: 250368K(250368K)->992K(244736K) Eden: 249344K(249344K)->0K(243712K) From: 1024K(1024K)->992K(1024K)
[57.965s][info][gc,heap        ] GC(443) ParOldGen: 10756K(699392K)->10820K(699392K)
[57.965s][info][gc,metaspace   ] GC(443) Metaspace: 14264K(15232K)->14264K(15232K) NonClass: 12303K(12864K)->12303K(12864K) Class: 1960K(2368K)->1960K(2368K)
[57.965s][info][gc             ] GC(443) Pause Young (Allocation Failure) 255M->11M(922M) 1.697ms
[57.965s][info][gc,cpu         ] GC(443) User=0.00s Sys=0.00s Real=0.00s
[58.114s][info][gc,start       ] GC(444) Pause Young (Allocation Failure)
[58.116s][info][gc,heap        ] GC(444) PSYoungGen: 244704K(244736K)->1024K(239104K) Eden: 243712K(243712K)->0K(238080K) From: 992K(1024K)->1024K(1024K)
[58.116s][info][gc,heap        ] GC(444) ParOldGen: 10820K(699392K)->10868K(699392K)
[58.116s][info][gc,metaspace   ] GC(444) Metaspace: 14264K(15232K)->14264K(15232K) NonClass: 12303K(12864K)->12303K(12864K) Class: 1960K(2368K)->1960K(2368K)
[58.116s][info][gc             ] GC(444) Pause Young (Allocation Failure) 249M->11M(916M) 1.620ms
[58.116s][info][gc,cpu         ] GC(444) User=0.00s Sys=0.00s Real=0.00s
[58.257s][info][gc,start       ] GC(445) Pause Young (Allocation Failure)
[58.258s][info][gc,heap        ] GC(445) PSYoungGen: 239104K(239104K)->1024K(233472K) Eden: 238080K(238080K)->0K(232448K) From: 1024K(1024K)->1024K(1024K)
[58.258s][info][gc,heap        ] GC(445) ParOldGen: 10868K(699392K)->10940K(699392K)
[58.258s][info][gc,metaspace   ] GC(445) Metaspace: 14264K(15232K)->14264K(15232K) NonClass: 12303K(12864K)->12303K(12864K) Class: 1960K(2368K)->1960K(2368K)
[58.258s][info][gc             ] GC(445) Pause Young (Allocation Failure) 244M->11M(911M) 1.456ms
[58.258s][info][gc,cpu         ] GC(445) User=0.00s Sys=0.00s Real=0.00s
[58.394s][info][gc,start       ] GC(446) Pause Young (Allocation Failure)
[58.395s][info][gc,heap        ] GC(446) PSYoungGen: 233472K(233472K)->1024K(228352K) Eden: 232448K(232448K)->0K(227328K) From: 1024K(1024K)->1024K(1024K)
[58.395s][info][gc,heap        ] GC(446) ParOldGen: 10940K(699392K)->10988K(699392K)
[58.395s][info][gc,metaspace   ] GC(446) Metaspace: 14264K(15232K)->14264K(15232K) NonClass: 12303K(12864K)->12303K(12864K) Class: 1960K(2368K)->1960K(2368K)
[58.395s][info][gc             ] GC(446) Pause Young (Allocation Failure) 238M->11M(906M) 1.418ms
[58.396s][info][gc,cpu         ] GC(446) User=0.00s Sys=0.00s Real=0.00s
[58.528s][info][gc,start       ] GC(447) Pause Young (Allocation Failure)
[58.530s][info][gc,heap        ] GC(447) PSYoungGen: 228352K(228352K)->1024K(223232K) Eden: 227328K(227328K)->0K(222208K) From: 1024K(1024K)->1024K(1024K)
[58.530s][info][gc,heap        ] GC(447) ParOldGen: 10988K(699392K)->11044K(699392K)
[58.530s][info][gc,metaspace   ] GC(447) Metaspace: 14264K(15232K)->14264K(15232K) NonClass: 12303K(12864K)->12303K(12864K) Class: 1960K(2368K)->1960K(2368K)
[58.530s][info][gc             ] GC(447) Pause Young (Allocation Failure) 233M->11M(901M) 1.481ms
[58.530s][info][gc,cpu         ] GC(447) User=0.00s Sys=0.00s Real=0.00s
[58.661s][info][gc,start       ] GC(448) Pause Young (Allocation Failure)
[58.662s][info][gc,heap        ] GC(448) PSYoungGen: 223232K(223232K)->992K(218624K) Eden: 222208K(222208K)->0K(217600K) From: 1024K(1024K)->992K(1024K)
[58.662s][info][gc,heap        ] GC(448) ParOldGen: 11044K(699392K)->11084K(699392K)
[58.662s][info][gc,metaspace   ] GC(448) Metaspace: 14264K(15232K)->14264K(15232K) NonClass: 12303K(12864K)->12303K(12864K) Class: 1960K(2368K)->1960K(2368K)
[58.662s][info][gc             ] GC(448) Pause Young (Allocation Failure) 228M->11M(896M) 1.315ms
[58.662s][info][gc,cpu         ] GC(448) User=0.00s Sys=0.00s Real=0.00s
[58.789s][info][gc,start       ] GC(449) Pause Young (Allocation Failure)
[58.790s][info][gc,heap        ] GC(449) PSYoungGen: 218592K(218624K)->992K(214016K) Eden: 217600K(217600K)->0K(212992K) From: 992K(1024K)->992K(1024K)
[58.790s][info][gc,heap        ] GC(449) ParOldGen: 11084K(699392K)->11124K(699392K)
[58.790s][info][gc,metaspace   ] GC(449) Metaspace: 14264K(15232K)->14264K(15232K) NonClass: 12303K(12864K)->12303K(12864K) Class: 1960K(2368K)->1960K(2368K)
[58.790s][info][gc             ] GC(449) Pause Young (Allocation Failure) 224M->11M(892M) 1.319ms
[58.790s][info][gc,cpu         ] GC(449) User=0.00s Sys=0.00s Real=0.00s
[58.916s][info][gc,start       ] GC(450) Pause Young (Allocation Failure)
[58.917s][info][gc,heap        ] GC(450) PSYoungGen: 213984K(214016K)->1024K(209408K) Eden: 212992K(212992K)->0K(208384K) From: 992K(1024K)->1024K(1024K)
[58.917s][info][gc,heap        ] GC(450) ParOldGen: 11124K(699392K)->11172K(699392K)
[58.917s][info][gc,metaspace   ] GC(450) Metaspace: 14264K(15232K)->14264K(15232K) NonClass: 12303K(12864K)->12303K(12864K) Class: 1960K(2368K)->1960K(2368K)
[58.917s][info][gc             ] GC(450) Pause Young (Allocation Failure) 219M->11M(887M) 1.383ms
[58.917s][info][gc,cpu         ] GC(450) User=0.00s Sys=0.00s Real=0.00s
[59.040s][info][gc,start       ] GC(451) Pause Young (Allocation Failure)
[59.041s][info][gc,heap        ] GC(451) PSYoungGen: 209408K(209408K)->1024K(204800K) Eden: 208384K(208384K)->0K(203776K) From: 1024K(1024K)->1024K(1024K)
[59.041s][info][gc,heap        ] GC(451) ParOldGen: 11172K(699392K)->11212K(699392K)
[59.041s][info][gc,metaspace   ] GC(451) Metaspace: 14264K(15232K)->14264K(15232K) NonClass: 12303K(12864K)->12303K(12864K) Class: 1960K(2368K)->1960K(2368K)
[59.041s][info][gc             ] GC(451) Pause Young (Allocation Failure) 215M->11M(883M) 1.393ms
[59.041s][info][gc,cpu         ] GC(451) User=0.00s Sys=0.00s Real=0.00s
[59.162s][info][gc,start       ] GC(452) Pause Young (Allocation Failure)
[59.163s][info][gc,heap        ] GC(452) PSYoungGen: 204800K(204800K)->960K(200704K) Eden: 203776K(203776K)->0K(199680K) From: 1024K(1024K)->960K(1024K)
[59.163s][info][gc,heap        ] GC(452) ParOldGen: 11212K(699392K)->11244K(699392K)
[59.163s][info][gc,metaspace   ] GC(452) Metaspace: 14264K(15232K)->14264K(15232K) NonClass: 12303K(12864K)->12303K(12864K) Class: 1960K(2368K)->1960K(2368K)
[59.163s][info][gc             ] GC(452) Pause Young (Allocation Failure) 210M->11M(879M) 1.374ms
[59.163s][info][gc,cpu         ] GC(452) User=0.00s Sys=0.00s Real=0.00s
[59.281s][info][gc,start       ] GC(453) Pause Young (Allocation Failure)
[59.283s][info][gc,heap        ] GC(453) PSYoungGen: 200640K(200704K)->992K(196608K) Eden: 199680K(199680K)->0K(195584K) From: 960K(1024K)->992K(1024K)
[59.283s][info][gc,heap        ] GC(453) ParOldGen: 11244K(699392K)->11304K(699392K)
[59.283s][info][gc,metaspace   ] GC(453) Metaspace: 14264K(15232K)->14264K(15232K) NonClass: 12303K(12864K)->12303K(12864K) Class: 1960K(2368K)->1960K(2368K)
[59.283s][info][gc             ] GC(453) Pause Young (Allocation Failure) 206M->12M(875M) 1.448ms
[59.283s][info][gc,cpu         ] GC(453) User=0.02s Sys=0.00s Real=0.00s
[59.397s][info][gc,start       ] GC(454) Pause Young (Allocation Failure)
[59.398s][info][gc,heap        ] GC(454) PSYoungGen: 196576K(196608K)->992K(192512K) Eden: 195584K(195584K)->0K(191488K) From: 992K(1024K)->992K(1024K)
[59.398s][info][gc,heap        ] GC(454) ParOldGen: 11304K(699392K)->11368K(699392K)
[59.398s][info][gc,metaspace   ] GC(454) Metaspace: 14264K(15232K)->14264K(15232K) NonClass: 12303K(12864K)->12303K(12864K) Class: 1960K(2368K)->1960K(2368K)
[59.398s][info][gc             ] GC(454) Pause Young (Allocation Failure) 203M->12M(871M) 1.421ms
[59.398s][info][gc,cpu         ] GC(454) User=0.00s Sys=0.00s Real=0.00s
[59.510s][info][gc,start       ] GC(455) Pause Young (Allocation Failure)
[59.511s][info][gc,heap        ] GC(455) PSYoungGen: 192480K(192512K)->992K(188928K) Eden: 191488K(191488K)->0K(187904K) From: 992K(1024K)->992K(1024K)
[59.511s][info][gc,heap        ] GC(455) ParOldGen: 11368K(699392K)->11424K(699392K)
[59.511s][info][gc,metaspace   ] GC(455) Metaspace: 14264K(15232K)->14264K(15232K) NonClass: 12303K(12864K)->12303K(12864K) Class: 1960K(2368K)->1960K(2368K)
[59.512s][info][gc             ] GC(455) Pause Young (Allocation Failure) 199M->12M(867M) 1.396ms
[59.512s][info][gc,cpu         ] GC(455) User=0.00s Sys=0.00s Real=0.00s
[59.622s][info][gc,start       ] GC(456) Pause Young (Allocation Failure)
[59.624s][info][gc,heap        ] GC(456) PSYoungGen: 188896K(188928K)->992K(226816K) Eden: 187904K(187904K)->0K(225792K) From: 992K(1024K)->992K(1024K)
[59.624s][info][gc,heap        ] GC(456) ParOldGen: 11424K(699392K)->11472K(699392K)
[59.624s][info][gc,metaspace   ] GC(456) Metaspace: 14264K(15232K)->14264K(15232K) NonClass: 12303K(12864K)->12303K(12864K) Class: 1960K(2368K)->1960K(2368K)
[59.624s][info][gc             ] GC(456) Pause Young (Allocation Failure) 195M->12M(904M) 1.479ms
[59.624s][info][gc,cpu         ] GC(456) User=0.00s Sys=0.00s Real=0.00s
[59.756s][info][gc,start       ] GC(457) Pause Young (Allocation Failure)
[59.757s][info][gc,heap        ] GC(457) PSYoungGen: 226784K(226816K)->992K(272384K) Eden: 225792K(225792K)->0K(271360K) From: 992K(1024K)->992K(1024K)
[59.757s][info][gc,heap        ] GC(457) ParOldGen: 11472K(699392K)->11536K(699392K)
[59.757s][info][gc,metaspace   ] GC(457) Metaspace: 14264K(15232K)->14264K(15232K) NonClass: 12303K(12864K)->12303K(12864K) Class: 1960K(2368K)->1960K(2368K)
[59.757s][info][gc             ] GC(457) Pause Young (Allocation Failure) 232M->12M(949M) 1.537ms
[59.757s][info][gc,cpu         ] GC(457) User=0.00s Sys=0.00s Real=0.00s
[59.917s][info][gc,start       ] GC(458) Pause Young (Allocation Failure)
[59.918s][info][gc,heap        ] GC(458) PSYoungGen: 272352K(272384K)->960K(265728K) Eden: 271360K(271360K)->0K(264704K) From: 992K(1024K)->960K(1024K)
[59.918s][info][gc,heap        ] GC(458) ParOldGen: 11536K(699392K)->11584K(699392K)
[59.918s][info][gc,metaspace   ] GC(458) Metaspace: 14264K(15232K)->14264K(15232K) NonClass: 12303K(12864K)->12303K(12864K) Class: 1960K(2368K)->1960K(2368K)
[59.918s][info][gc             ] GC(458) Pause Young (Allocation Failure) 277M->12M(942M) 1.610ms
[59.918s][info][gc,cpu         ] GC(458) User=0.00s Sys=0.00s Real=0.00s
[60.072s][info][gc,start       ] GC(459) Pause Young (Allocation Failure)
[60.073s][info][gc,heap        ] GC(459) PSYoungGen: 265664K(265728K)->992K(259584K) Eden: 264704K(264704K)->0K(258560K) From: 960K(1024K)->992K(1024K)
[60.073s][info][gc,heap        ] GC(459) ParOldGen: 11584K(699392K)->11664K(699392K)
[60.073s][info][gc,metaspace   ] GC(459) Metaspace: 14264K(15232K)->14264K(15232K) NonClass: 12303K(12864K)->12303K(12864K) Class: 1960K(2368K)->1960K(2368K)
[60.073s][info][gc             ] GC(459) Pause Young (Allocation Failure) 270M->12M(936M) 1.656ms
[60.073s][info][gc,cpu         ] GC(459) User=0.00s Sys=0.00s Real=0.00s
[60.224s][info][gc,start       ] GC(460) Pause Young (Allocation Failure)
[60.225s][info][gc,heap        ] GC(460) PSYoungGen: 259552K(259584K)->960K(253440K) Eden: 258560K(258560K)->0K(252416K) From: 992K(1024K)->960K(1024K)
[60.226s][info][gc,heap        ] GC(460) ParOldGen: 11664K(699392K)->11720K(699392K)
[60.226s][info][gc,metaspace   ] GC(460) Metaspace: 14264K(15232K)->14264K(15232K) NonClass: 12303K(12864K)->12303K(12864K) Class: 1960K(2368K)->1960K(2368K)
[60.226s][info][gc             ] GC(460) Pause Young (Allocation Failure) 264M->12M(930M) 1.595ms
[60.226s][info][gc,cpu         ] GC(460) User=0.00s Sys=0.00s Real=0.00s
[60.373s][info][gc,start       ] GC(461) Pause Young (Allocation Failure)
[60.374s][info][gc,heap        ] GC(461) PSYoungGen: 253376K(253440K)->992K(247296K) Eden: 252416K(252416K)->0K(246272K) From: 960K(1024K)->992K(1024K)
[60.374s][info][gc,heap        ] GC(461) ParOldGen: 11720K(699392K)->11776K(699392K)
[60.374s][info][gc,metaspace   ] GC(461) Metaspace: 14264K(15232K)->14264K(15232K) NonClass: 12303K(12864K)->12303K(12864K) Class: 1960K(2368K)->1960K(2368K)
[60.374s][info][gc             ] GC(461) Pause Young (Allocation Failure) 258M->12M(924M) 1.638ms
[60.374s][info][gc,cpu         ] GC(461) User=0.00s Sys=0.00s Real=0.00s
[60.518s][info][gc,start       ] GC(462) Pause Young (Allocation Failure)
[60.520s][info][gc,heap        ] GC(462) PSYoungGen: 247264K(247296K)->1024K(241664K) Eden: 246272K(246272K)->0K(240640K) From: 992K(1024K)->1024K(1024K)
[60.520s][info][gc,heap        ] GC(462) ParOldGen: 11776K(699392K)->11848K(699392K)
[60.520s][info][gc,metaspace   ] GC(462) Metaspace: 14264K(15232K)->14264K(15232K) NonClass: 12303K(12864K)->12303K(12864K) Class: 1960K(2368K)->1960K(2368K)
[60.520s][info][gc             ] GC(462) Pause Young (Allocation Failure) 252M->12M(919M) 1.679ms
[60.520s][info][gc,cpu         ] GC(462) User=0.00s Sys=0.00s Real=0.00s
[60.662s][info][gc,start       ] GC(463) Pause Young (Allocation Failure)
[60.663s][info][gc,heap        ] GC(463) PSYoungGen: 241664K(241664K)->992K(236032K) Eden: 240640K(240640K)->0K(235008K) From: 1024K(1024K)->992K(1024K)
[60.663s][info][gc,heap        ] GC(463) ParOldGen: 11848K(699392K)->11904K(699392K)
[60.663s][info][gc,metaspace   ] GC(463) Metaspace: 14264K(15232K)->14264K(15232K) NonClass: 12303K(12864K)->12303K(12864K) Class: 1960K(2368K)->1960K(2368K)
[60.663s][info][gc             ] GC(463) Pause Young (Allocation Failure) 247M->12M(913M) 1.683ms
[60.663s][info][gc,cpu         ] GC(463) User=0.00s Sys=0.00s Real=0.00s
[60.802s][info][gc,start       ] GC(464) Pause Young (Allocation Failure)
[60.803s][info][gc,heap        ] GC(464) PSYoungGen: 236000K(236032K)->1024K(230912K) Eden: 235008K(235008K)->0K(229888K) From: 992K(1024K)->1024K(1024K)
[60.803s][info][gc,heap        ] GC(464) ParOldGen: 11904K(699392K)->11952K(699392K)
[60.803s][info][gc,metaspace   ] GC(464) Metaspace: 14264K(15232K)->14264K(15232K) NonClass: 12303K(12864K)->12303K(12864K) Class: 1960K(2368K)->1960K(2368K)
[60.803s][info][gc             ] GC(464) Pause Young (Allocation Failure) 242M->12M(908M) 1.693ms
[60.803s][info][gc,cpu         ] GC(464) User=0.00s Sys=0.00s Real=0.00s
[60.938s][info][gc,start       ] GC(465) Pause Young (Allocation Failure)
[60.939s][info][gc,heap        ] GC(465) PSYoungGen: 230912K(230912K)->992K(276992K) Eden: 229888K(229888K)->0K(275968K) From: 1024K(1024K)->992K(1024K)
[60.939s][info][gc,heap        ] GC(465) ParOldGen: 11952K(699392K)->12008K(699392K)
[60.939s][info][gc,metaspace   ] GC(465) Metaspace: 14264K(15232K)->14264K(15232K) NonClass: 12303K(12864K)->12303K(12864K) Class: 1960K(2368K)->1960K(2368K)
[60.939s][info][gc             ] GC(465) Pause Young (Allocation Failure) 237M->12M(953M) 1.719ms
[60.940s][info][gc,cpu         ] GC(465) User=0.00s Sys=0.00s Real=0.00s
[61.101s][info][gc,start       ] GC(466) Pause Young (Allocation Failure)
[61.103s][info][gc,heap        ] GC(466) PSYoungGen: 276960K(276992K)->1024K(270336K) Eden: 275968K(275968K)->0K(269312K) From: 992K(1024K)->1024K(1024K)
[61.103s][info][gc,heap        ] GC(466) ParOldGen: 12008K(699392K)->12056K(699392K)
[61.103s][info][gc,metaspace   ] GC(466) Metaspace: 14264K(15232K)->14264K(15232K) NonClass: 12303K(12864K)->12303K(12864K) Class: 1960K(2368K)->1960K(2368K)
[61.103s][info][gc             ] GC(466) Pause Young (Allocation Failure) 282M->12M(947M) 1.791ms
[61.103s][info][gc,cpu         ] GC(466) User=0.00s Sys=0.00s Real=0.00s
[61.260s][info][gc,start       ] GC(467) Pause Young (Allocation Failure)
[61.262s][info][gc,heap        ] GC(467) PSYoungGen: 270336K(270336K)->1024K(263680K) Eden: 269312K(269312K)->0K(262656K) From: 1024K(1024K)->1024K(1024K)
[61.262s][info][gc,heap        ] GC(467) ParOldGen: 12056K(699392K)->12112K(699392K)
[61.262s][info][gc,metaspace   ] GC(467) Metaspace: 14264K(15232K)->14264K(15232K) NonClass: 12303K(12864K)->12303K(12864K) Class: 1960K(2368K)->1960K(2368K)
[61.262s][info][gc             ] GC(467) Pause Young (Allocation Failure) 275M->12M(940M) 1.780ms
[61.262s][info][gc,cpu         ] GC(467) User=0.00s Sys=0.00s Real=0.00s
[61.417s][info][gc,start       ] GC(468) Pause Young (Allocation Failure)
[61.419s][info][gc,heap        ] GC(468) PSYoungGen: 263680K(263680K)->1024K(257536K) Eden: 262656K(262656K)->0K(256512K) From: 1024K(1024K)->1024K(1024K)
[61.419s][info][gc,heap        ] GC(468) ParOldGen: 12112K(699392K)->12176K(699392K)
[61.419s][info][gc,metaspace   ] GC(468) Metaspace: 14264K(15232K)->14264K(15232K) NonClass: 12303K(12864K)->12303K(12864K) Class: 1960K(2368K)->1960K(2368K)
[61.419s][info][gc             ] GC(468) Pause Young (Allocation Failure) 269M->12M(934M) 1.780ms
[61.419s][info][gc,cpu         ] GC(468) User=0.00s Sys=0.00s Real=0.00s
[61.570s][info][gc,start       ] GC(469) Pause Young (Allocation Failure)
[61.571s][info][gc,heap        ] GC(469) PSYoungGen: 257536K(257536K)->992K(293376K) Eden: 256512K(256512K)->0K(291840K) From: 1024K(1024K)->992K(1536K)
[61.572s][info][gc,heap        ] GC(469) ParOldGen: 12176K(699392K)->12224K(699392K)
[61.572s][info][gc,metaspace   ] GC(469) Metaspace: 14264K(15232K)->14264K(15232K) NonClass: 12303K(12864K)->12303K(12864K) Class: 1960K(2368K)->1960K(2368K)
[61.572s][info][gc             ] GC(469) Pause Young (Allocation Failure) 263M->12M(969M) 1.798ms
[61.572s][info][gc,cpu         ] GC(469) User=0.00s Sys=0.00s Real=0.00s
[61.784s][info][gc,start       ] GC(470) Pause Young (Allocation Failure)
[61.787s][info][gc,heap        ] GC(470) PSYoungGen: 292832K(293376K)->1024K(293376K) Eden: 291840K(291840K)->0K(291840K) From: 992K(1536K)->1024K(1536K)
[61.787s][info][gc,heap        ] GC(470) ParOldGen: 12224K(699392K)->12288K(699392K)
[61.787s][info][gc,metaspace   ] GC(470) Metaspace: 14264K(15232K)->14264K(15232K) NonClass: 12303K(12864K)->12303K(12864K) Class: 1960K(2368K)->1960K(2368K)
[61.787s][info][gc             ] GC(470) Pause Young (Allocation Failure) 297M->13M(969M) 2.635ms
[61.787s][info][gc,cpu         ] GC(470) User=0.00s Sys=0.00s Real=0.00s
[61.965s][info][gc,start       ] GC(471) Pause Young (Allocation Failure)
[61.966s][info][gc,heap        ] GC(471) PSYoungGen: 292864K(293376K)->1056K(285696K) Eden: 291840K(291840K)->0K(284160K) From: 1024K(1536K)->1056K(1536K)
[61.966s][info][gc,heap        ] GC(471) ParOldGen: 12288K(699392K)->12352K(699392K)
[61.966s][info][gc,metaspace   ] GC(471) Metaspace: 14264K(15232K)->14264K(15232K) NonClass: 12303K(12864K)->12303K(12864K) Class: 1960K(2368K)->1960K(2368K)
[61.966s][info][gc             ] GC(471) Pause Young (Allocation Failure) 298M->13M(962M) 1.707ms
[61.966s][info][gc,cpu         ] GC(471) User=0.00s Sys=0.00s Real=0.00s
[62.134s][info][gc,start       ] GC(472) Pause Young (Allocation Failure)
[62.135s][info][gc,heap        ] GC(472) PSYoungGen: 285216K(285696K)->1056K(278528K) Eden: 284160K(284160K)->0K(276992K) From: 1056K(1536K)->1056K(1536K)
[62.135s][info][gc,heap        ] GC(472) ParOldGen: 12352K(699392K)->12416K(699392K)
[62.135s][info][gc,metaspace   ] GC(472) Metaspace: 14264K(15232K)->14264K(15232K) NonClass: 12303K(12864K)->12303K(12864K) Class: 1960K(2368K)->1960K(2368K)
[62.135s][info][gc             ] GC(472) Pause Young (Allocation Failure) 290M->13M(955M) 1.575ms
[62.135s][info][gc,cpu         ] GC(472) User=0.00s Sys=0.00s Real=0.00s
[62.300s][info][gc,start       ] GC(473) Pause Young (Allocation Failure)
[62.302s][info][gc,heap        ] GC(473) PSYoungGen: 278048K(278528K)->512K(270848K) Eden: 276992K(276992K)->0K(270336K) From: 1056K(1536K)->512K(512K)
[62.302s][info][gc,heap        ] GC(473) ParOldGen: 12416K(699392K)->12576K(699392K)
[62.302s][info][gc,metaspace   ] GC(473) Metaspace: 14264K(15232K)->14264K(15232K) NonClass: 12303K(12864K)->12303K(12864K) Class: 1960K(2368K)->1960K(2368K)
[62.302s][info][gc             ] GC(473) Pause Young (Allocation Failure) 283M->12M(947M) 1.281ms
[62.302s][info][gc,cpu         ] GC(473) User=0.00s Sys=0.00s Real=0.00s
[62.459s][info][gc,start       ] GC(474) Pause Young (Allocation Failure)
[62.460s][info][gc,heap        ] GC(474) PSYoungGen: 270848K(270848K)->1024K(265216K) Eden: 270336K(270336K)->0K(263680K) From: 512K(512K)->1024K(1536K)
[62.460s][info][gc,heap        ] GC(474) ParOldGen: 12576K(699392K)->12608K(699392K)
[62.461s][info][gc,metaspace   ] GC(474) Metaspace: 14264K(15232K)->14264K(15232K) NonClass: 12303K(12864K)->12303K(12864K) Class: 1960K(2368K)->1960K(2368K)
[62.461s][info][gc             ] GC(474) Pause Young (Allocation Failure) 276M->13M(942M) 1.304ms
[62.461s][info][gc,cpu         ] GC(474) User=0.00s Sys=0.00s Real=0.00s
[62.615s][info][gc,start       ] GC(475) Pause Young (Allocation Failure)
[62.616s][info][gc,heap        ] GC(475) PSYoungGen: 264704K(265216K)->992K(258560K) Eden: 263680K(263680K)->0K(257536K) From: 1024K(1536K)->992K(1024K)
[62.616s][info][gc,heap        ] GC(475) ParOldGen: 12608K(699392K)->12680K(699392K)
[62.616s][info][gc,metaspace   ] GC(475) Metaspace: 14264K(15232K)->14264K(15232K) NonClass: 12303K(12864K)->12303K(12864K) Class: 1960K(2368K)->1960K(2368K)
[62.616s][info][gc             ] GC(475) Pause Young (Allocation Failure) 270M->13M(935M) 1.382ms
[62.616s][info][gc,cpu         ] GC(475) User=0.00s Sys=0.00s Real=0.00s
[62.768s][info][gc,start       ] GC(476) Pause Young (Allocation Failure)
[62.769s][info][gc,heap        ] GC(476) PSYoungGen: 258528K(258560K)->1024K(252416K) Eden: 257536K(257536K)->0K(251392K) From: 992K(1024K)->1024K(1024K)
[62.769s][info][gc,heap        ] GC(476) ParOldGen: 12680K(699392K)->12728K(699392K)
[62.769s][info][gc,metaspace   ] GC(476) Metaspace: 14264K(15232K)->14264K(15232K) NonClass: 12303K(12864K)->12303K(12864K) Class: 1960K(2368K)->1960K(2368K)
[62.769s][info][gc             ] GC(476) Pause Young (Allocation Failure) 264M->13M(929M) 1.366ms
[62.769s][info][gc,cpu         ] GC(476) User=0.00s Sys=0.00s Real=0.00s
[62.917s][info][gc,start       ] GC(477) Pause Young (Allocation Failure)
[62.919s][info][gc,heap        ] GC(477) PSYoungGen: 252416K(252416K)->1024K(246272K) Eden: 251392K(251392K)->0K(245248K) From: 1024K(1024K)->1024K(1024K)
[62.919s][info][gc,heap        ] GC(477) ParOldGen: 12728K(699392K)->12808K(699392K)
[62.919s][info][gc,metaspace   ] GC(477) Metaspace: 14264K(15232K)->14264K(15232K) NonClass: 12303K(12864K)->12303K(12864K) Class: 1960K(2368K)->1960K(2368K)
[62.919s][info][gc             ] GC(477) Pause Young (Allocation Failure) 258M->13M(923M) 1.367ms
[62.919s][info][gc,cpu         ] GC(477) User=0.00s Sys=0.00s Real=0.00s
[63.063s][info][gc,start       ] GC(478) Pause Young (Allocation Failure)
[63.064s][info][gc,heap        ] GC(478) PSYoungGen: 246272K(246272K)->1024K(240640K) Eden: 245248K(245248K)->0K(239616K) From: 1024K(1024K)->1024K(1024K)
[63.064s][info][gc,heap        ] GC(478) ParOldGen: 12808K(699392K)->12856K(699392K)
[63.064s][info][gc,metaspace   ] GC(478) Metaspace: 14264K(15232K)->14264K(15232K) NonClass: 12303K(12864K)->12303K(12864K) Class: 1960K(2368K)->1960K(2368K)
[63.064s][info][gc             ] GC(478) Pause Young (Allocation Failure) 253M->13M(918M) 1.389ms
[63.064s][info][gc,cpu         ] GC(478) User=0.00s Sys=0.00s Real=0.00s
[63.204s][info][gc,start       ] GC(479) Pause Young (Allocation Failure)
[63.205s][info][gc,heap        ] GC(479) PSYoungGen: 240640K(240640K)->992K(235008K) Eden: 239616K(239616K)->0K(233984K) From: 1024K(1024K)->992K(1024K)
[63.206s][info][gc,heap        ] GC(479) ParOldGen: 12856K(699392K)->12904K(699392K)
[63.206s][info][gc,metaspace   ] GC(479) Metaspace: 14264K(15232K)->14264K(15232K) NonClass: 12303K(12864K)->12303K(12864K) Class: 1960K(2368K)->1960K(2368K)
[63.206s][info][gc             ] GC(479) Pause Young (Allocation Failure) 247M->13M(912M) 1.375ms
[63.206s][info][gc,cpu         ] GC(479) User=0.00s Sys=0.00s Real=0.00s
[63.345s][info][gc,start       ] GC(480) Pause Young (Allocation Failure)
[63.347s][info][gc,heap        ] GC(480) PSYoungGen: 234976K(235008K)->1056K(230400K) Eden: 233984K(233984K)->0K(228864K) From: 992K(1024K)->1056K(1536K)
[63.347s][info][gc,heap        ] GC(480) ParOldGen: 12904K(699392K)->12968K(699392K)
[63.347s][info][gc,metaspace   ] GC(480) Metaspace: 14264K(15232K)->14264K(15232K) NonClass: 12303K(12864K)->12303K(12864K) Class: 1960K(2368K)->1960K(2368K)
[63.347s][info][gc             ] GC(480) Pause Young (Allocation Failure) 242M->13M(908M) 1.449ms
[63.347s][info][gc,cpu         ] GC(480) User=0.00s Sys=0.00s Real=0.00s
[63.482s][info][gc,start       ] GC(481) Pause Young (Allocation Failure)
[63.484s][info][gc,heap        ] GC(481) PSYoungGen: 229920K(230400K)->1024K(224768K) Eden: 228864K(228864K)->0K(223744K) From: 1056K(1536K)->1024K(1024K)
[63.484s][info][gc,heap        ] GC(481) ParOldGen: 12968K(699392K)->13016K(699392K)
[63.484s][info][gc,metaspace   ] GC(481) Metaspace: 14264K(15232K)->14264K(15232K) NonClass: 12303K(12864K)->12303K(12864K) Class: 1960K(2368K)->1960K(2368K)
[63.484s][info][gc             ] GC(481) Pause Young (Allocation Failure) 237M->13M(902M) 1.415ms
[63.484s][info][gc,cpu         ] GC(481) User=0.00s Sys=0.00s Real=0.00s
[63.618s][info][gc,start       ] GC(482) Pause Young (Allocation Failure)
[63.620s][info][gc,heap        ] GC(482) PSYoungGen: 224768K(224768K)->1024K(219648K) Eden: 223744K(223744K)->0K(218624K) From: 1024K(1024K)->1024K(1024K)
[63.620s][info][gc,heap        ] GC(482) ParOldGen: 13016K(699392K)->13072K(699392K)
[63.620s][info][gc,metaspace   ] GC(482) Metaspace: 14264K(15232K)->14264K(15232K) NonClass: 12303K(12864K)->12303K(12864K) Class: 1960K(2368K)->1960K(2368K)
[63.620s][info][gc             ] GC(482) Pause Young (Allocation Failure) 232M->13M(897M) 1.463ms
[63.620s][info][gc,cpu         ] GC(482) User=0.00s Sys=0.00s Real=0.00s
[63.755s][info][gc,start       ] GC(483) Pause Young (Allocation Failure)
[63.756s][info][gc,heap        ] GC(483) PSYoungGen: 219648K(219648K)->928K(215040K) Eden: 218624K(218624K)->0K(214016K) From: 1024K(1024K)->928K(1024K)
[63.756s][info][gc,heap        ] GC(483) ParOldGen: 13072K(699392K)->13128K(699392K)
[63.756s][info][gc,metaspace   ] GC(483) Metaspace: 14264K(15232K)->14264K(15232K) NonClass: 12303K(12864K)->12303K(12864K) Class: 1960K(2368K)->1960K(2368K)
[63.756s][info][gc             ] GC(483) Pause Young (Allocation Failure) 227M->13M(893M) 1.452ms
[63.756s][info][gc,cpu         ] GC(483) User=0.00s Sys=0.00s Real=0.00s
[63.900s][info][gc,start       ] GC(484) Pause Young (Allocation Failure)
[63.901s][info][gc,heap        ] GC(484) PSYoungGen: 214944K(215040K)->1024K(210432K) Eden: 214016K(214016K)->0K(209408K) From: 928K(1024K)->1024K(1024K)
[63.901s][info][gc,heap        ] GC(484) ParOldGen: 13128K(699392K)->13168K(699392K)
[63.901s][info][gc,metaspace   ] GC(484) Metaspace: 14264K(15232K)->14264K(15232K) NonClass: 12303K(12864K)->12303K(12864K) Class: 1960K(2368K)->1960K(2368K)
[63.901s][info][gc             ] GC(484) Pause Young (Allocation Failure) 222M->13M(888M) 1.483ms
[63.901s][info][gc,cpu         ] GC(484) User=0.00s Sys=0.00s Real=0.00s
[64.054s][info][gc,start       ] GC(485) Pause Young (Allocation Failure)
[64.056s][info][gc,heap        ] GC(485) PSYoungGen: 210432K(210432K)->896K(205824K) Eden: 209408K(209408K)->0K(204800K) From: 1024K(1024K)->896K(1024K)
[64.056s][info][gc,heap        ] GC(485) ParOldGen: 13168K(699392K)->13224K(699392K)
[64.056s][info][gc,metaspace   ] GC(485) Metaspace: 14264K(15232K)->14264K(15232K) NonClass: 12303K(12864K)->12303K(12864K) Class: 1960K(2368K)->1960K(2368K)
[64.056s][info][gc             ] GC(485) Pause Young (Allocation Failure) 218M->13M(884M) 1.505ms
[64.056s][info][gc,cpu         ] GC(485) User=0.00s Sys=0.00s Real=0.00s
[64.202s][info][gc,start       ] GC(486) Pause Young (Allocation Failure)
[64.204s][info][gc,heap        ] GC(486) PSYoungGen: 205696K(205824K)->896K(201728K) Eden: 204800K(204800K)->0K(200704K) From: 896K(1024K)->896K(1024K)
[64.204s][info][gc,heap        ] GC(486) ParOldGen: 13224K(699392K)->13264K(699392K)
[64.204s][info][gc,metaspace   ] GC(486) Metaspace: 14264K(15232K)->14264K(15232K) NonClass: 12303K(12864K)->12303K(12864K) Class: 1960K(2368K)->1960K(2368K)
[64.204s][info][gc             ] GC(486) Pause Young (Allocation Failure) 213M->13M(880M) 1.596ms
[64.204s][info][gc,cpu         ] GC(486) User=0.03s Sys=0.05s Real=0.00s
[64.307s][info][gc,start       ] GC(487) Pause Young (Allocation Failure)
[64.308s][info][gc,heap        ] GC(487) PSYoungGen: 201600K(201728K)->800K(242176K) Eden: 200704K(200704K)->0K(241152K) From: 896K(1024K)->800K(1024K)
[64.308s][info][gc,heap        ] GC(487) ParOldGen: 13264K(699392K)->13336K(699392K)
[64.308s][info][gc,metaspace   ] GC(487) Metaspace: 14264K(15232K)->14264K(15232K) NonClass: 12303K(12864K)->12303K(12864K) Class: 1960K(2368K)->1960K(2368K)
[64.308s][info][gc             ] GC(487) Pause Young (Allocation Failure) 209M->13M(919M) 1.524ms
[64.308s][info][gc,cpu         ] GC(487) User=0.00s Sys=0.00s Real=0.00s
[64.485s][info][gc,start       ] GC(488) Pause Young (System.gc())
[64.486s][info][gc,heap        ] GC(488) PSYoungGen: 228946K(242176K)->416K(241664K) Eden: 228146K(241152K)->0K(241152K) From: 800K(1024K)->416K(512K)
[64.486s][info][gc,heap        ] GC(488) ParOldGen: 13336K(699392K)->13368K(699392K)
[64.486s][info][gc,metaspace   ] GC(488) Metaspace: 14264K(15232K)->14264K(15232K) NonClass: 12303K(12864K)->12303K(12864K) Class: 1960K(2368K)->1960K(2368K)
[64.486s][info][gc             ] GC(488) Pause Young (System.gc()) 236M->13M(919M) 1.759ms
[64.486s][info][gc,cpu         ] GC(488) User=0.00s Sys=0.00s Real=0.00s
[64.486s][info][gc,start       ] GC(489) Pause Full (System.gc())
[64.486s][info][gc,phases,start] GC(489) Marking Phase
[64.499s][info][gc,phases      ] GC(489) Marking Phase 12.784ms
[64.499s][info][gc,phases,start] GC(489) Summary Phase
[64.499s][info][gc,phases      ] GC(489) Summary Phase 0.021ms
[64.499s][info][gc,phases,start] GC(489) Adjust Roots
[64.502s][info][gc,phases      ] GC(489) Adjust Roots 2.872ms
[64.502s][info][gc,phases,start] GC(489) Compaction Phase
[64.504s][info][gc,phases      ] GC(489) Compaction Phase 1.808ms
[64.504s][info][gc,phases,start] GC(489) Post Compact
[64.504s][info][gc,phases      ] GC(489) Post Compact 0.309ms
[64.504s][info][gc,heap        ] GC(489) PSYoungGen: 416K(241664K)->0K(241664K) Eden: 0K(241152K)->0K(241152K) From: 416K(512K)->0K(512K)
[64.504s][info][gc,heap        ] GC(489) ParOldGen: 13368K(699392K)->5373K(699392K)
[64.504s][info][gc,metaspace   ] GC(489) Metaspace: 14264K(15232K)->14264K(15232K) NonClass: 12303K(12864K)->12303K(12864K) Class: 1960K(2368K)->1960K(2368K)
[64.504s][info][gc             ] GC(489) Pause Full (System.gc()) 13M->5M(919M) 18.022ms
[64.504s][info][gc,cpu         ] GC(489) User=0.02s Sys=0.00s Real=0.02s
[64.658s][info][gc,start       ] GC(490) Pause Young (Allocation Failure)
[64.660s][info][gc,heap        ] GC(490) PSYoungGen: 241152K(241664K)->1536K(291328K) Eden: 241152K(241152K)->0K(289792K) From: 0K(512K)->1536K(1536K)
[64.660s][info][gc,heap        ] GC(490) ParOldGen: 5373K(699392K)->5688K(699392K)
[64.660s][info][gc,metaspace   ] GC(490) Metaspace: 14281K(15296K)->14281K(15296K) NonClass: 12321K(12928K)->12321K(12928K) Class: 1960K(2368K)->1960K(2368K)
[64.660s][info][gc             ] GC(490) Pause Young (Allocation Failure) 240M->7M(967M) 2.145ms
[64.660s][info][gc,cpu         ] GC(490) User=0.00s Sys=0.00s Real=0.00s
[64.828s][info][gc,start       ] GC(491) Pause Young (Allocation Failure)
[64.830s][info][gc,heap        ] GC(491) PSYoungGen: 291328K(291328K)->1024K(339968K) Eden: 289792K(289792K)->0K(338432K) From: 1536K(1536K)->1024K(1536K)
[64.830s][info][gc,heap        ] GC(491) ParOldGen: 5688K(699392K)->7034K(699392K)
[64.830s][info][gc,metaspace   ] GC(491) Metaspace: 14281K(15296K)->14281K(15296K) NonClass: 12321K(12928K)->12321K(12928K) Class: 1960K(2368K)->1960K(2368K)
[64.830s][info][gc             ] GC(491) Pause Young (Allocation Failure) 290M->7M(1015M) 1.793ms
[64.830s][info][gc,cpu         ] GC(491) User=0.00s Sys=0.00s Real=0.00s
[65.029s][info][gc,start       ] GC(492) Pause Young (Allocation Failure)
[65.030s][info][gc,heap        ] GC(492) PSYoungGen: 339456K(339968K)->1024K(330240K) Eden: 338432K(338432K)->0K(329216K) From: 1024K(1536K)->1024K(1024K)
[65.030s][info][gc,heap        ] GC(492) ParOldGen: 7034K(699392K)->7106K(699392K)
[65.030s][info][gc,metaspace   ] GC(492) Metaspace: 14281K(15296K)->14281K(15296K) NonClass: 12321K(12928K)->12321K(12928K) Class: 1960K(2368K)->1960K(2368K)
[65.030s][info][gc             ] GC(492) Pause Young (Allocation Failure) 338M->7M(1005M) 1.705ms
[65.030s][info][gc,cpu         ] GC(492) User=0.00s Sys=0.00s Real=0.00s
[65.224s][info][gc,start       ] GC(493) Pause Young (Allocation Failure)
[65.226s][info][gc,heap        ] GC(493) PSYoungGen: 330240K(330240K)->1056K(322048K) Eden: 329216K(329216K)->0K(320512K) From: 1024K(1024K)->1056K(1536K)
[65.226s][info][gc,heap        ] GC(493) ParOldGen: 7106K(699392K)->7170K(699392K)
[65.226s][info][gc,metaspace   ] GC(493) Metaspace: 14281K(15296K)->14281K(15296K) NonClass: 12321K(12928K)->12321K(12928K) Class: 1960K(2368K)->1960K(2368K)
[65.226s][info][gc             ] GC(493) Pause Young (Allocation Failure) 329M->8M(997M) 1.813ms
[65.226s][info][gc,cpu         ] GC(493) User=0.00s Sys=0.00s Real=0.00s
[65.414s][info][gc,start       ] GC(494) Pause Young (Allocation Failure)
[65.416s][info][gc,heap        ] GC(494) PSYoungGen: 321568K(322048K)->1024K(312832K) Eden: 320512K(320512K)->0K(311808K) From: 1056K(1536K)->1024K(1024K)
[65.416s][info][gc,heap        ] GC(494) ParOldGen: 7170K(699392K)->7298K(699392K)
[65.416s][info][gc,metaspace   ] GC(494) Metaspace: 14281K(15296K)->14281K(15296K) NonClass: 12321K(12928K)->12321K(12928K) Class: 1960K(2368K)->1960K(2368K)
[65.416s][info][gc             ] GC(494) Pause Young (Allocation Failure) 321M->8M(988M) 1.769ms
[65.416s][info][gc,cpu         ] GC(494) User=0.00s Sys=0.00s Real=0.00s
[65.605s][info][gc,start       ] GC(495) Pause Young (Allocation Failure)
[65.607s][info][gc,heap        ] GC(495) PSYoungGen: 312832K(312832K)->1024K(304640K) Eden: 311808K(311808K)->0K(303616K) From: 1024K(1024K)->1024K(1024K)
[65.607s][info][gc,heap        ] GC(495) ParOldGen: 7298K(699392K)->7394K(699392K)
[65.607s][info][gc,metaspace   ] GC(495) Metaspace: 14281K(15296K)->14281K(15296K) NonClass: 12321K(12928K)->12321K(12928K) Class: 1960K(2368K)->1960K(2368K)
[65.607s][info][gc             ] GC(495) Pause Young (Allocation Failure) 312M->8M(980M) 1.913ms
[65.607s][info][gc,cpu         ] GC(495) User=0.00s Sys=0.00s Real=0.00s
[65.785s][info][gc,start       ] GC(496) Pause Young (Allocation Failure)
[65.787s][info][gc,heap        ] GC(496) PSYoungGen: 304640K(304640K)->1024K(296960K) Eden: 303616K(303616K)->0K(295936K) From: 1024K(1024K)->1024K(1024K)
[65.787s][info][gc,heap        ] GC(496) ParOldGen: 7394K(699392K)->7482K(699392K)
[65.787s][info][gc,metaspace   ] GC(496) Metaspace: 14281K(15296K)->14281K(15296K) NonClass: 12321K(12928K)->12321K(12928K) Class: 1960K(2368K)->1960K(2368K)
[65.787s][info][gc             ] GC(496) Pause Young (Allocation Failure) 304M->8M(973M) 1.845ms
[65.787s][info][gc,cpu         ] GC(496) User=0.00s Sys=0.00s Real=0.00s
[65.961s][info][gc,start       ] GC(497) Pause Young (Allocation Failure)
[65.962s][info][gc,heap        ] GC(497) PSYoungGen: 296960K(296960K)->1056K(289792K) Eden: 295936K(295936K)->0K(288256K) From: 1024K(1024K)->1056K(1536K)
[65.962s][info][gc,heap        ] GC(497) ParOldGen: 7482K(699392K)->7546K(699392K)
[65.962s][info][gc,metaspace   ] GC(497) Metaspace: 14281K(15296K)->14281K(15296K) NonClass: 12321K(12928K)->12321K(12928K) Class: 1960K(2368K)->1960K(2368K)
[65.962s][info][gc             ] GC(497) Pause Young (Allocation Failure) 297M->8M(966M) 1.683ms
[65.962s][info][gc,cpu         ] GC(497) User=0.00s Sys=0.00s Real=0.00s
[66.132s][info][gc,start       ] GC(498) Pause Young (Allocation Failure)
[66.134s][info][gc,heap        ] GC(498) PSYoungGen: 289312K(289792K)->1024K(282112K) Eden: 288256K(288256K)->0K(281088K) From: 1056K(1536K)->1024K(1024K)
[66.134s][info][gc,heap        ] GC(498) ParOldGen: 7546K(699392K)->7602K(699392K)
[66.134s][info][gc,metaspace   ] GC(498) Metaspace: 14281K(15296K)->14281K(15296K) NonClass: 12321K(12928K)->12321K(12928K) Class: 1960K(2368K)->1960K(2368K)
[66.134s][info][gc             ] GC(498) Pause Young (Allocation Failure) 289M->8M(958M) 1.518ms
[66.134s][info][gc,cpu         ] GC(498) User=0.00s Sys=0.00s Real=0.00s
[66.301s][info][gc,start       ] GC(499) Pause Young (Allocation Failure)
[66.302s][info][gc,heap        ] GC(499) PSYoungGen: 282112K(282112K)->1024K(274944K) Eden: 281088K(281088K)->0K(273920K) From: 1024K(1024K)->1024K(1024K)
[66.302s][info][gc,heap        ] GC(499) ParOldGen: 7602K(699392K)->7674K(699392K)
[66.302s][info][gc,metaspace   ] GC(499) Metaspace: 14281K(15296K)->14281K(15296K) NonClass: 12321K(12928K)->12321K(12928K) Class: 1960K(2368K)->1960K(2368K)
[66.302s][info][gc             ] GC(499) Pause Young (Allocation Failure) 282M->8M(951M) 1.333ms
[66.302s][info][gc,cpu         ] GC(499) User=0.00s Sys=0.00s Real=0.00s
[66.463s][info][gc,start       ] GC(500) Pause Young (Allocation Failure)
[66.464s][info][gc,heap        ] GC(500) PSYoungGen: 274944K(274944K)->992K(268288K) Eden: 273920K(273920K)->0K(267264K) From: 1024K(1024K)->992K(1024K)
[66.464s][info][gc,heap        ] GC(500) ParOldGen: 7674K(699392K)->7738K(699392K)
[66.464s][info][gc,metaspace   ] GC(500) Metaspace: 14281K(15296K)->14281K(15296K) NonClass: 12321K(12928K)->12321K(12928K) Class: 1960K(2368K)->1960K(2368K)
[66.464s][info][gc             ] GC(500) Pause Young (Allocation Failure) 275M->8M(945M) 1.355ms
[66.464s][info][gc,cpu         ] GC(500) User=0.00s Sys=0.00s Real=0.00s
[66.620s][info][gc,start       ] GC(501) Pause Young (Allocation Failure)
[66.621s][info][gc,heap        ] GC(501) PSYoungGen: 268256K(268288K)->1056K(262144K) Eden: 267264K(267264K)->0K(260608K) From: 992K(1024K)->1056K(1536K)
[66.621s][info][gc,heap        ] GC(501) ParOldGen: 7738K(699392K)->7786K(699392K)
[66.621s][info][gc,metaspace   ] GC(501) Metaspace: 14281K(15296K)->14281K(15296K) NonClass: 12321K(12928K)->12321K(12928K) Class: 1960K(2368K)->1960K(2368K)
[66.621s][info][gc             ] GC(501) Pause Young (Allocation Failure) 269M->8M(939M) 1.362ms
[66.621s][info][gc,cpu         ] GC(501) User=0.00s Sys=0.00s Real=0.00s
[66.772s][info][gc,start       ] GC(502) Pause Young (Allocation Failure)
[66.774s][info][gc,heap        ] GC(502) PSYoungGen: 261664K(262144K)->1024K(255488K) Eden: 260608K(260608K)->0K(254464K) From: 1056K(1536K)->1024K(1024K)
[66.774s][info][gc,heap        ] GC(502) ParOldGen: 7786K(699392K)->7850K(699392K)
[66.774s][info][gc,metaspace   ] GC(502) Metaspace: 14281K(15296K)->14281K(15296K) NonClass: 12321K(12928K)->12321K(12928K) Class: 1960K(2368K)->1960K(2368K)
[66.774s][info][gc             ] GC(502) Pause Young (Allocation Failure) 263M->8M(932M) 1.418ms
[66.774s][info][gc,cpu         ] GC(502) User=0.00s Sys=0.00s Real=0.00s
[66.922s][info][gc,start       ] GC(503) Pause Young (Allocation Failure)
[66.923s][info][gc,heap        ] GC(503) PSYoungGen: 255488K(255488K)->1024K(249344K) Eden: 254464K(254464K)->0K(248320K) From: 1024K(1024K)->1024K(1024K)
[66.923s][info][gc,heap        ] GC(503) ParOldGen: 7850K(699392K)->7914K(699392K)
[66.923s][info][gc,metaspace   ] GC(503) Metaspace: 14281K(15296K)->14281K(15296K) NonClass: 12321K(12928K)->12321K(12928K) Class: 1960K(2368K)->1960K(2368K)
[66.923s][info][gc             ] GC(503) Pause Young (Allocation Failure) 257M->8M(926M) 1.349ms
[66.923s][info][gc,cpu         ] GC(503) User=0.00s Sys=0.00s Real=0.00s
[67.067s][info][gc,start       ] GC(504) Pause Young (Allocation Failure)
[67.068s][info][gc,heap        ] GC(504) PSYoungGen: 249343K(249344K)->1024K(243712K) Eden: 248319K(248320K)->0K(242688K) From: 1024K(1024K)->1024K(1024K)
[67.068s][info][gc,heap        ] GC(504) ParOldGen: 7914K(699392K)->7986K(699392K)
[67.069s][info][gc,metaspace   ] GC(504) Metaspace: 14281K(15296K)->14281K(15296K) NonClass: 12321K(12928K)->12321K(12928K) Class: 1960K(2368K)->1960K(2368K)
[67.069s][info][gc             ] GC(504) Pause Young (Allocation Failure) 251M->8M(921M) 1.373ms
[67.069s][info][gc,cpu         ] GC(504) User=0.00s Sys=0.00s Real=0.00s
[67.209s][info][gc,start       ] GC(505) Pause Young (Allocation Failure)
[67.211s][info][gc,heap        ] GC(505) PSYoungGen: 243712K(243712K)->1024K(238080K) Eden: 242688K(242688K)->0K(237056K) From: 1024K(1024K)->1024K(1024K)
[67.211s][info][gc,heap        ] GC(505) ParOldGen: 7986K(699392K)->8042K(699392K)
[67.211s][info][gc,metaspace   ] GC(505) Metaspace: 14281K(15296K)->14281K(15296K) NonClass: 12321K(12928K)->12321K(12928K) Class: 1960K(2368K)->1960K(2368K)
[67.211s][info][gc             ] GC(505) Pause Young (Allocation Failure) 245M->8M(915M) 1.406ms
[67.211s][info][gc,cpu         ] GC(505) User=0.00s Sys=0.00s Real=0.00s
[67.348s][info][gc,start       ] GC(506) Pause Young (Allocation Failure)
[67.350s][info][gc,heap        ] GC(506) PSYoungGen: 238080K(238080K)->992K(232960K) Eden: 237056K(237056K)->0K(231936K) From: 1024K(1024K)->992K(1024K)
[67.350s][info][gc,heap        ] GC(506) ParOldGen: 8042K(699392K)->8114K(699392K)
[67.350s][info][gc,metaspace   ] GC(506) Metaspace: 14281K(15296K)->14281K(15296K) NonClass: 12321K(12928K)->12321K(12928K) Class: 1960K(2368K)->1960K(2368K)
[67.350s][info][gc             ] GC(506) Pause Young (Allocation Failure) 240M->8M(910M) 1.437ms
[67.350s][info][gc,cpu         ] GC(506) User=0.00s Sys=0.00s Real=0.00s
[67.486s][info][gc,start       ] GC(507) Pause Young (Allocation Failure)
[67.487s][info][gc,heap        ] GC(507) PSYoungGen: 232928K(232960K)->1024K(227840K) Eden: 231936K(231936K)->0K(226816K) From: 992K(1024K)->1024K(1024K)
[67.487s][info][gc,heap        ] GC(507) ParOldGen: 8114K(699392K)->8178K(699392K)
[67.487s][info][gc,metaspace   ] GC(507) Metaspace: 14281K(15296K)->14281K(15296K) NonClass: 12321K(12928K)->12321K(12928K) Class: 1960K(2368K)->1960K(2368K)
[67.487s][info][gc             ] GC(507) Pause Young (Allocation Failure) 235M->8M(905M) 1.444ms
[67.487s][info][gc,cpu         ] GC(507) User=0.00s Sys=0.00s Real=0.00s
[67.621s][info][gc,start       ] GC(508) Pause Young (Allocation Failure)
[67.623s][info][gc,heap        ] GC(508) PSYoungGen: 227840K(227840K)->1024K(222720K) Eden: 226816K(226816K)->0K(221696K) From: 1024K(1024K)->1024K(1024K)
[67.623s][info][gc,heap        ] GC(508) ParOldGen: 8178K(699392K)->8258K(699392K)
[67.623s][info][gc,metaspace   ] GC(508) Metaspace: 14281K(15296K)->14281K(15296K) NonClass: 12321K(12928K)->12321K(12928K) Class: 1960K(2368K)->1960K(2368K)
[67.623s][info][gc             ] GC(508) Pause Young (Allocation Failure) 230M->9M(900M) 1.450ms
[67.623s][info][gc,cpu         ] GC(508) User=0.00s Sys=0.00s Real=0.00s
[67.754s][info][gc,start       ] GC(509) Pause Young (Allocation Failure)
[67.756s][info][gc,heap        ] GC(509) PSYoungGen: 222720K(222720K)->1024K(218112K) Eden: 221696K(221696K)->0K(217088K) From: 1024K(1024K)->1024K(1024K)
[67.756s][info][gc,heap        ] GC(509) ParOldGen: 8258K(699392K)->8314K(699392K)
[67.756s][info][gc,metaspace   ] GC(509) Metaspace: 14281K(15296K)->14281K(15296K) NonClass: 12321K(12928K)->12321K(12928K) Class: 1960K(2368K)->1960K(2368K)
[67.756s][info][gc             ] GC(509) Pause Young (Allocation Failure) 225M->9M(896M) 1.476ms
[67.756s][info][gc,cpu         ] GC(509) User=0.00s Sys=0.00s Real=0.00s
[67.886s][info][gc,start       ] GC(510) Pause Young (Allocation Failure)
[67.887s][info][gc,heap        ] GC(510) PSYoungGen: 218112K(218112K)->992K(213504K) Eden: 217088K(217088K)->0K(212480K) From: 1024K(1024K)->992K(1024K)
[67.887s][info][gc,heap        ] GC(510) ParOldGen: 8314K(699392K)->8378K(699392K)
[67.887s][info][gc,metaspace   ] GC(510) Metaspace: 14281K(15296K)->14281K(15296K) NonClass: 12321K(12928K)->12321K(12928K) Class: 1960K(2368K)->1960K(2368K)
[67.887s][info][gc             ] GC(510) Pause Young (Allocation Failure) 221M->9M(891M) 1.591ms
[67.887s][info][gc,cpu         ] GC(510) User=0.00s Sys=0.00s Real=0.00s
[68.012s][info][gc,start       ] GC(511) Pause Young (Allocation Failure)
[68.013s][info][gc,heap        ] GC(511) PSYoungGen: 213472K(213504K)->1024K(208896K) Eden: 212480K(212480K)->0K(207872K) From: 992K(1024K)->1024K(1024K)
[68.013s][info][gc,heap        ] GC(511) ParOldGen: 8378K(699392K)->8450K(699392K)
[68.013s][info][gc,metaspace   ] GC(511) Metaspace: 14281K(15296K)->14281K(15296K) NonClass: 12321K(12928K)->12321K(12928K) Class: 1960K(2368K)->1960K(2368K)
[68.013s][info][gc             ] GC(511) Pause Young (Allocation Failure) 216M->9M(887M) 1.573ms
[68.013s][info][gc,cpu         ] GC(511) User=0.00s Sys=0.00s Real=0.00s
[68.136s][info][gc,start       ] GC(512) Pause Young (Allocation Failure)
[68.137s][info][gc,heap        ] GC(512) PSYoungGen: 208896K(208896K)->1024K(250880K) Eden: 207872K(207872K)->0K(249856K) From: 1024K(1024K)->1024K(1024K)
[68.137s][info][gc,heap        ] GC(512) ParOldGen: 8450K(699392K)->8506K(699392K)
[68.137s][info][gc,metaspace   ] GC(512) Metaspace: 14281K(15296K)->14281K(15296K) NonClass: 12321K(12928K)->12321K(12928K) Class: 1960K(2368K)->1960K(2368K)
[68.137s][info][gc             ] GC(512) Pause Young (Allocation Failure) 212M->9M(928M) 1.571ms
[68.137s][info][gc,cpu         ] GC(512) User=0.00s Sys=0.00s Real=0.00s
[68.284s][info][gc,start       ] GC(513) Pause Young (Allocation Failure)
[68.286s][info][gc,heap        ] GC(513) PSYoungGen: 250880K(250880K)->1056K(301568K) Eden: 249856K(249856K)->0K(300032K) From: 1024K(1024K)->1056K(1536K)
[68.286s][info][gc,heap        ] GC(513) ParOldGen: 8506K(699392K)->8562K(699392K)
[68.286s][info][gc,metaspace   ] GC(513) Metaspace: 14281K(15296K)->14281K(15296K) NonClass: 12321K(12928K)->12321K(12928K) Class: 1960K(2368K)->1960K(2368K)
[68.286s][info][gc             ] GC(513) Pause Young (Allocation Failure) 253M->9M(977M) 1.608ms
[68.286s][info][gc,cpu         ] GC(513) User=0.00s Sys=0.00s Real=0.00s
[68.463s][info][gc,start       ] GC(514) Pause Young (Allocation Failure)
[68.464s][info][gc,heap        ] GC(514) PSYoungGen: 301087K(301568K)->1024K(293376K) Eden: 300031K(300032K)->0K(292352K) From: 1056K(1536K)->1024K(1024K)
[68.464s][info][gc,heap        ] GC(514) ParOldGen: 8562K(699392K)->8634K(699392K)
[68.464s][info][gc,metaspace   ] GC(514) Metaspace: 14281K(15296K)->14281K(15296K) NonClass: 12321K(12928K)->12321K(12928K) Class: 1960K(2368K)->1960K(2368K)
[68.464s][info][gc             ] GC(514) Pause Young (Allocation Failure) 302M->9M(969M) 1.620ms
[68.464s][info][gc,cpu         ] GC(514) User=0.00s Sys=0.00s Real=0.00s
[68.636s][info][gc,start       ] GC(515) Pause Young (Allocation Failure)
[68.637s][info][gc,heap        ] GC(515) PSYoungGen: 293376K(293376K)->1056K(286208K) Eden: 292352K(292352K)->0K(284672K) From: 1024K(1024K)->1056K(1536K)
[68.638s][info][gc,heap        ] GC(515) ParOldGen: 8634K(699392K)->8714K(699392K)
[68.638s][info][gc,metaspace   ] GC(515) Metaspace: 14281K(15296K)->14281K(15296K) NonClass: 12321K(12928K)->12321K(12928K) Class: 1960K(2368K)->1960K(2368K)
[68.638s][info][gc             ] GC(515) Pause Young (Allocation Failure) 294M->9M(962M) 1.673ms
[68.638s][info][gc,cpu         ] GC(515) User=0.00s Sys=0.00s Real=0.00s
[68.806s][info][gc,start       ] GC(516) Pause Young (Allocation Failure)
[68.808s][info][gc,heap        ] GC(516) PSYoungGen: 285728K(286208K)->1024K(278528K) Eden: 284672K(284672K)->0K(277504K) From: 1056K(1536K)->1024K(1024K)
[68.808s][info][gc,heap        ] GC(516) ParOldGen: 8714K(699392K)->8794K(699392K)
[68.808s][info][gc,metaspace   ] GC(516) Metaspace: 14281K(15296K)->14281K(15296K) NonClass: 12321K(12928K)->12321K(12928K) Class: 1960K(2368K)->1960K(2368K)
[68.808s][info][gc             ] GC(516) Pause Young (Allocation Failure) 287M->9M(955M) 1.667ms
[68.808s][info][gc,cpu         ] GC(516) User=0.00s Sys=0.00s Real=0.00s
[68.970s][info][gc,start       ] GC(517) Pause Young (Allocation Failure)
[68.972s][info][gc,heap        ] GC(517) PSYoungGen: 278528K(278528K)->1024K(271872K) Eden: 277504K(277504K)->0K(270848K) From: 1024K(1024K)->1024K(1024K)
[68.972s][info][gc,heap        ] GC(517) ParOldGen: 8794K(699392K)->8890K(699392K)
[68.972s][info][gc,metaspace   ] GC(517) Metaspace: 14281K(15296K)->14281K(15296K) NonClass: 12321K(12928K)->12321K(12928K) Class: 1960K(2368K)->1960K(2368K)
[68.972s][info][gc             ] GC(517) Pause Young (Allocation Failure) 280M->9M(948M) 1.704ms
[68.972s][info][gc,cpu         ] GC(517) User=0.00s Sys=0.00s Real=0.00s
[69.133s][info][gc,start       ] GC(518) Pause Young (Allocation Failure)
[69.135s][info][gc,heap        ] GC(518) PSYoungGen: 271872K(271872K)->1024K(265216K) Eden: 270848K(270848K)->0K(264192K) From: 1024K(1024K)->1024K(1024K)
[69.135s][info][gc,heap        ] GC(518) ParOldGen: 8890K(699392K)->8962K(699392K)
[69.135s][info][gc,metaspace   ] GC(518) Metaspace: 14281K(15296K)->14281K(15296K) NonClass: 12321K(12928K)->12321K(12928K) Class: 1960K(2368K)->1960K(2368K)
[69.135s][info][gc             ] GC(518) Pause Young (Allocation Failure) 274M->9M(942M) 1.749ms
[69.135s][info][gc,cpu         ] GC(518) User=0.00s Sys=0.00s Real=0.00s
[69.290s][info][gc,start       ] GC(519) Pause Young (Allocation Failure)
[69.292s][info][gc,heap        ] GC(519) PSYoungGen: 265216K(265216K)->1024K(259072K) Eden: 264192K(264192K)->0K(258048K) From: 1024K(1024K)->1024K(1024K)
[69.292s][info][gc,heap        ] GC(519) ParOldGen: 8962K(699392K)->9058K(699392K)
[69.292s][info][gc,metaspace   ] GC(519) Metaspace: 14281K(15296K)->14281K(15296K) NonClass: 12321K(12928K)->12321K(12928K) Class: 1960K(2368K)->1960K(2368K)
[69.292s][info][gc             ] GC(519) Pause Young (Allocation Failure) 267M->9M(936M) 1.769ms
[69.292s][info][gc,cpu         ] GC(519) User=0.00s Sys=0.00s Real=0.00s
[69.444s][info][gc,start       ] GC(520) Pause Young (Allocation Failure)
[69.445s][info][gc,heap        ] GC(520) PSYoungGen: 259072K(259072K)->992K(252928K) Eden: 258048K(258048K)->0K(251904K) From: 1024K(1024K)->992K(1024K)
[69.445s][info][gc,heap        ] GC(520) ParOldGen: 9058K(699392K)->9162K(699392K)
[69.445s][info][gc,metaspace   ] GC(520) Metaspace: 14281K(15296K)->14281K(15296K) NonClass: 12321K(12928K)->12321K(12928K) Class: 1960K(2368K)->1960K(2368K)
[69.445s][info][gc             ] GC(520) Pause Young (Allocation Failure) 261M->9M(930M) 1.789ms
[69.445s][info][gc,cpu         ] GC(520) User=0.00s Sys=0.00s Real=0.00s
[69.690s][info][gc,start       ] GC(521) Pause Young (Allocation Failure)
[69.692s][info][gc,heap        ] GC(521) PSYoungGen: 252896K(252928K)->1056K(247296K) Eden: 251904K(251904K)->0K(245760K) From: 992K(1024K)->1056K(1536K)
[69.692s][info][gc,heap        ] GC(521) ParOldGen: 9162K(699392K)->9234K(699392K)
[69.692s][info][gc,metaspace   ] GC(521) Metaspace: 14281K(15296K)->14281K(15296K) NonClass: 12321K(12928K)->12321K(12928K) Class: 1960K(2368K)->1960K(2368K)
[69.692s][info][gc             ] GC(521) Pause Young (Allocation Failure) 255M->10M(924M) 2.536ms
[69.692s][info][gc,cpu         ] GC(521) User=0.00s Sys=0.00s Real=0.00s
[69.845s][info][gc,start       ] GC(522) Pause Young (Allocation Failure)
[69.846s][info][gc,heap        ] GC(522) PSYoungGen: 246816K(247296K)->1024K(241152K) Eden: 245760K(245760K)->0K(240128K) From: 1056K(1536K)->1024K(1024K)
[69.846s][info][gc,heap        ] GC(522) ParOldGen: 9234K(699392K)->9298K(699392K)
[69.846s][info][gc,metaspace   ] GC(522) Metaspace: 14281K(15296K)->14281K(15296K) NonClass: 12321K(12928K)->12321K(12928K) Class: 1960K(2368K)->1960K(2368K)
[69.846s][info][gc             ] GC(522) Pause Young (Allocation Failure) 250M->10M(918M) 1.667ms
[69.846s][info][gc,cpu         ] GC(522) User=0.00s Sys=0.00s Real=0.00s
[69.989s][info][gc,start       ] GC(523) Pause Young (Allocation Failure)
[69.991s][info][gc,heap        ] GC(523) PSYoungGen: 241152K(241152K)->1024K(235520K) Eden: 240128K(240128K)->0K(234496K) From: 1024K(1024K)->1024K(1024K)
[69.991s][info][gc,heap        ] GC(523) ParOldGen: 9298K(699392K)->9362K(699392K)
[69.991s][info][gc,metaspace   ] GC(523) Metaspace: 14281K(15296K)->14281K(15296K) NonClass: 12321K(12928K)->12321K(12928K) Class: 1960K(2368K)->1960K(2368K)
[69.991s][info][gc             ] GC(523) Pause Young (Allocation Failure) 244M->10M(913M) 1.601ms
[69.991s][info][gc,cpu         ] GC(523) User=0.00s Sys=0.00s Real=0.00s
[70.130s][info][gc,start       ] GC(524) Pause Young (Allocation Failure)
[70.131s][info][gc,heap        ] GC(524) PSYoungGen: 235520K(235520K)->1024K(230400K) Eden: 234496K(234496K)->0K(229376K) From: 1024K(1024K)->1024K(1024K)
[70.131s][info][gc,heap        ] GC(524) ParOldGen: 9362K(699392K)->9410K(699392K)
[70.131s][info][gc,metaspace   ] GC(524) Metaspace: 14281K(15296K)->14281K(15296K) NonClass: 12321K(12928K)->12321K(12928K) Class: 1960K(2368K)->1960K(2368K)
[70.131s][info][gc             ] GC(524) Pause Young (Allocation Failure) 239M->10M(908M) 1.516ms
[70.131s][info][gc,cpu         ] GC(524) User=0.00s Sys=0.00s Real=0.00s
[70.267s][info][gc,start       ] GC(525) Pause Young (Allocation Failure)
[70.269s][info][gc,heap        ] GC(525) PSYoungGen: 230400K(230400K)->1024K(225280K) Eden: 229376K(229376K)->0K(224256K) From: 1024K(1024K)->1024K(1024K)
[70.269s][info][gc,heap        ] GC(525) ParOldGen: 9410K(699392K)->9458K(699392K)
[70.269s][info][gc,metaspace   ] GC(525) Metaspace: 14281K(15296K)->14281K(15296K) NonClass: 12321K(12928K)->12321K(12928K) Class: 1960K(2368K)->1960K(2368K)
[70.269s][info][gc             ] GC(525) Pause Young (Allocation Failure) 234M->10M(903M) 1.318ms
[70.269s][info][gc,cpu         ] GC(525) User=0.00s Sys=0.00s Real=0.00s
[70.401s][info][gc,start       ] GC(526) Pause Young (Allocation Failure)
[70.402s][info][gc,heap        ] GC(526) PSYoungGen: 225280K(225280K)->1024K(220160K) Eden: 224256K(224256K)->0K(219136K) From: 1024K(1024K)->1024K(1024K)
[70.403s][info][gc,heap        ] GC(526) ParOldGen: 9458K(699392K)->9506K(699392K)
[70.403s][info][gc,metaspace   ] GC(526) Metaspace: 14281K(15296K)->14281K(15296K) NonClass: 12321K(12928K)->12321K(12928K) Class: 1960K(2368K)->1960K(2368K)
[70.403s][info][gc             ] GC(526) Pause Young (Allocation Failure) 229M->10M(898M) 1.306ms
[70.403s][info][gc,cpu         ] GC(526) User=0.00s Sys=0.00s Real=0.00s
[70.531s][info][gc,start       ] GC(527) Pause Young (Allocation Failure)
[70.532s][info][gc,heap        ] GC(527) PSYoungGen: 220160K(220160K)->992K(215552K) Eden: 219136K(219136K)->0K(214528K) From: 1024K(1024K)->992K(1024K)
[70.532s][info][gc,heap        ] GC(527) ParOldGen: 9506K(699392K)->9562K(699392K)
[70.532s][info][gc,metaspace   ] GC(527) Metaspace: 14281K(15296K)->14281K(15296K) NonClass: 12321K(12928K)->12321K(12928K) Class: 1960K(2368K)->1960K(2368K)
[70.532s][info][gc             ] GC(527) Pause Young (Allocation Failure) 224M->10M(893M) 1.296ms
[70.533s][info][gc,cpu         ] GC(527) User=0.00s Sys=0.00s Real=0.00s
[70.658s][info][gc,start       ] GC(528) Pause Young (Allocation Failure)
[70.659s][info][gc,heap        ] GC(528) PSYoungGen: 215520K(215552K)->1024K(210944K) Eden: 214528K(214528K)->0K(209920K) From: 992K(1024K)->1024K(1024K)
[70.659s][info][gc,heap        ] GC(528) ParOldGen: 9562K(699392K)->9602K(699392K)
[70.659s][info][gc,metaspace   ] GC(528) Metaspace: 14281K(15296K)->14281K(15296K) NonClass: 12321K(12928K)->12321K(12928K) Class: 1960K(2368K)->1960K(2368K)
[70.659s][info][gc             ] GC(528) Pause Young (Allocation Failure) 219M->10M(889M) 1.348ms
[70.659s][info][gc,cpu         ] GC(528) User=0.00s Sys=0.00s Real=0.00s
[70.782s][info][gc,start       ] GC(529) Pause Young (Allocation Failure)
[70.783s][info][gc,heap        ] GC(529) PSYoungGen: 210944K(210944K)->992K(206336K) Eden: 209920K(209920K)->0K(205312K) From: 1024K(1024K)->992K(1024K)
[70.783s][info][gc,heap        ] GC(529) ParOldGen: 9602K(699392K)->9650K(699392K)
[70.783s][info][gc,metaspace   ] GC(529) Metaspace: 14281K(15296K)->14281K(15296K) NonClass: 12321K(12928K)->12321K(12928K) Class: 1960K(2368K)->1960K(2368K)
[70.783s][info][gc             ] GC(529) Pause Young (Allocation Failure) 215M->10M(884M) 1.372ms
[70.783s][info][gc,cpu         ] GC(529) User=0.00s Sys=0.00s Real=0.00s
[70.904s][info][gc,start       ] GC(530) Pause Young (Allocation Failure)
[70.905s][info][gc,heap        ] GC(530) PSYoungGen: 206304K(206336K)->1024K(202240K) Eden: 205312K(205312K)->0K(201216K) From: 992K(1024K)->1024K(1024K)
[70.905s][info][gc,heap        ] GC(530) ParOldGen: 9650K(699392K)->9690K(699392K)
[70.905s][info][gc,metaspace   ] GC(530) Metaspace: 14281K(15296K)->14281K(15296K) NonClass: 12321K(12928K)->12321K(12928K) Class: 1960K(2368K)->1960K(2368K)
[70.905s][info][gc             ] GC(530) Pause Young (Allocation Failure) 210M->10M(880M) 1.384ms
[70.905s][info][gc,cpu         ] GC(530) User=0.00s Sys=0.00s Real=0.00s
[71.024s][info][gc,start       ] GC(531) Pause Young (Allocation Failure)
[71.025s][info][gc,heap        ] GC(531) PSYoungGen: 202240K(202240K)->1024K(198144K) Eden: 201216K(201216K)->0K(197120K) From: 1024K(1024K)->1024K(1024K)
[71.025s][info][gc,heap        ] GC(531) ParOldGen: 9690K(699392K)->9754K(699392K)
[71.025s][info][gc,metaspace   ] GC(531) Metaspace: 14281K(15296K)->14281K(15296K) NonClass: 12321K(12928K)->12321K(12928K) Class: 1960K(2368K)->1960K(2368K)
[71.025s][info][gc             ] GC(531) Pause Young (Allocation Failure) 206M->10M(876M) 1.412ms
[71.025s][info][gc,cpu         ] GC(531) User=0.00s Sys=0.00s Real=0.00s
[71.141s][info][gc,start       ] GC(532) Pause Young (Allocation Failure)
[71.142s][info][gc,heap        ] GC(532) PSYoungGen: 198144K(198144K)->1024K(194048K) Eden: 197120K(197120K)->0K(193024K) From: 1024K(1024K)->1024K(1024K)
[71.142s][info][gc,heap        ] GC(532) ParOldGen: 9754K(699392K)->9818K(699392K)
[71.142s][info][gc,metaspace   ] GC(532) Metaspace: 14281K(15296K)->14281K(15296K) NonClass: 12321K(12928K)->12321K(12928K) Class: 1960K(2368K)->1960K(2368K)
[71.142s][info][gc             ] GC(532) Pause Young (Allocation Failure) 203M->10M(872M) 1.409ms
[71.142s][info][gc,cpu         ] GC(532) User=0.00s Sys=0.02s Real=0.00s
[71.255s][info][gc,start       ] GC(533) Pause Young (Allocation Failure)
[71.257s][info][gc,heap        ] GC(533) PSYoungGen: 194048K(194048K)->1024K(190464K) Eden: 193024K(193024K)->0K(189440K) From: 1024K(1024K)->1024K(1024K)
[71.257s][info][gc,heap        ] GC(533) ParOldGen: 9818K(699392K)->9866K(699392K)
[71.257s][info][gc,metaspace   ] GC(533) Metaspace: 14281K(15296K)->14281K(15296K) NonClass: 12321K(12928K)->12321K(12928K) Class: 1960K(2368K)->1960K(2368K)
[71.257s][info][gc             ] GC(533) Pause Young (Allocation Failure) 199M->10M(869M) 1.435ms
[71.257s][info][gc,cpu         ] GC(533) User=0.00s Sys=0.00s Real=0.00s
[71.367s][info][gc,start       ] GC(534) Pause Young (Allocation Failure)
[71.368s][info][gc,heap        ] GC(534) PSYoungGen: 190464K(190464K)->1024K(228352K) Eden: 189440K(189440K)->0K(227328K) From: 1024K(1024K)->1024K(1024K)
[71.368s][info][gc,heap        ] GC(534) ParOldGen: 9866K(699392K)->9922K(699392K)
[71.368s][info][gc,metaspace   ] GC(534) Metaspace: 14281K(15296K)->14281K(15296K) NonClass: 12321K(12928K)->12321K(12928K) Class: 1960K(2368K)->1960K(2368K)
[71.368s][info][gc             ] GC(534) Pause Young (Allocation Failure) 195M->10M(906M) 1.544ms
[71.368s][info][gc,cpu         ] GC(534) User=0.00s Sys=0.00s Real=0.00s
[71.501s][info][gc,start       ] GC(535) Pause Young (Allocation Failure)
[71.503s][info][gc,heap        ] GC(535) PSYoungGen: 228352K(228352K)->1024K(273920K) Eden: 227328K(227328K)->0K(272896K) From: 1024K(1024K)->1024K(1024K)
[71.503s][info][gc,heap        ] GC(535) ParOldGen: 9922K(699392K)->9962K(699392K)
[71.503s][info][gc,metaspace   ] GC(535) Metaspace: 14281K(15296K)->14281K(15296K) NonClass: 12321K(12928K)->12321K(12928K) Class: 1960K(2368K)->1960K(2368K)
[71.503s][info][gc             ] GC(535) Pause Young (Allocation Failure) 232M->10M(950M) 1.520ms
[71.503s][info][gc,cpu         ] GC(535) User=0.00s Sys=0.00s Real=0.00s
[71.661s][info][gc,start       ] GC(536) Pause Young (Allocation Failure)
[71.662s][info][gc,heap        ] GC(536) PSYoungGen: 273920K(273920K)->992K(267264K) Eden: 272896K(272896K)->0K(266240K) From: 1024K(1024K)->992K(1024K)
[71.662s][info][gc,heap        ] GC(536) ParOldGen: 9962K(699392K)->10034K(699392K)
[71.662s][info][gc,metaspace   ] GC(536) Metaspace: 14281K(15296K)->14281K(15296K) NonClass: 12321K(12928K)->12321K(12928K) Class: 1960K(2368K)->1960K(2368K)
[71.662s][info][gc             ] GC(536) Pause Young (Allocation Failure) 277M->10M(944M) 1.585ms
[71.663s][info][gc,cpu         ] GC(536) User=0.00s Sys=0.00s Real=0.00s
[71.817s][info][gc,start       ] GC(537) Pause Young (Allocation Failure)
[71.819s][info][gc,heap        ] GC(537) PSYoungGen: 267232K(267264K)->1024K(260608K) Eden: 266240K(266240K)->0K(259584K) From: 992K(1024K)->1024K(1024K)
[71.819s][info][gc,heap        ] GC(537) ParOldGen: 10034K(699392K)->10082K(699392K)
[71.819s][info][gc,metaspace   ] GC(537) Metaspace: 14281K(15296K)->14281K(15296K) NonClass: 12321K(12928K)->12321K(12928K) Class: 1960K(2368K)->1960K(2368K)
[71.819s][info][gc             ] GC(537) Pause Young (Allocation Failure) 270M->10M(937M) 1.605ms
[71.819s][info][gc,cpu         ] GC(537) User=0.00s Sys=0.00s Real=0.00s
[71.969s][info][gc,start       ] GC(538) Pause Young (Allocation Failure)
[71.970s][info][gc,heap        ] GC(538) PSYoungGen: 260608K(260608K)->1024K(254464K) Eden: 259584K(259584K)->0K(253440K) From: 1024K(1024K)->1024K(1024K)
[71.970s][info][gc,heap        ] GC(538) ParOldGen: 10082K(699392K)->10146K(699392K)
[71.970s][info][gc,metaspace   ] GC(538) Metaspace: 14281K(15296K)->14281K(15296K) NonClass: 12321K(12928K)->12321K(12928K) Class: 1960K(2368K)->1960K(2368K)
[71.970s][info][gc             ] GC(538) Pause Young (Allocation Failure) 264M->10M(931M) 1.601ms
[71.970s][info][gc,cpu         ] GC(538) User=0.00s Sys=0.00s Real=0.00s
[72.117s][info][gc,start       ] GC(539) Pause Young (Allocation Failure)
[72.119s][info][gc,heap        ] GC(539) PSYoungGen: 254464K(254464K)->1024K(248320K) Eden: 253440K(253440K)->0K(247296K) From: 1024K(1024K)->1024K(1024K)
[72.119s][info][gc,heap        ] GC(539) ParOldGen: 10146K(699392K)->10210K(699392K)
[72.119s][info][gc,metaspace   ] GC(539) Metaspace: 14281K(15296K)->14281K(15296K) NonClass: 12321K(12928K)->12321K(12928K) Class: 1960K(2368K)->1960K(2368K)
[72.119s][info][gc             ] GC(539) Pause Young (Allocation Failure) 258M->10M(925M) 1.652ms
[72.119s][info][gc,cpu         ] GC(539) User=0.00s Sys=0.00s Real=0.00s
[72.262s][info][gc,start       ] GC(540) Pause Young (Allocation Failure)
[72.263s][info][gc,heap        ] GC(540) PSYoungGen: 248320K(248320K)->992K(242688K) Eden: 247296K(247296K)->0K(241664K) From: 1024K(1024K)->992K(1024K)
[72.264s][info][gc,heap        ] GC(540) ParOldGen: 10210K(699392K)->10258K(699392K)
[72.264s][info][gc,metaspace   ] GC(540) Metaspace: 14281K(15296K)->14281K(15296K) NonClass: 12321K(12928K)->12321K(12928K) Class: 1960K(2368K)->1960K(2368K)
[72.264s][info][gc             ] GC(540) Pause Young (Allocation Failure) 252M->10M(920M) 1.665ms
[72.264s][info][gc,cpu         ] GC(540) User=0.00s Sys=0.00s Real=0.00s
[72.404s][info][gc,start       ] GC(541) Pause Young (Allocation Failure)
[72.406s][info][gc,heap        ] GC(541) PSYoungGen: 242656K(242688K)->1024K(237056K) Eden: 241664K(241664K)->0K(236032K) From: 992K(1024K)->1024K(1024K)
[72.406s][info][gc,heap        ] GC(541) ParOldGen: 10258K(699392K)->10322K(699392K)
[72.406s][info][gc,metaspace   ] GC(541) Metaspace: 14281K(15296K)->14281K(15296K) NonClass: 12321K(12928K)->12321K(12928K) Class: 1960K(2368K)->1960K(2368K)
[72.406s][info][gc             ] GC(541) Pause Young (Allocation Failure) 246M->11M(914M) 1.670ms
[72.406s][info][gc,cpu         ] GC(541) User=0.00s Sys=0.00s Real=0.00s
[72.545s][info][gc,start       ] GC(542) Pause Young (Allocation Failure)
[72.547s][info][gc,heap        ] GC(542) PSYoungGen: 237056K(237056K)->1024K(231936K) Eden: 236032K(236032K)->0K(230912K) From: 1024K(1024K)->1024K(1024K)
[72.547s][info][gc,heap        ] GC(542) ParOldGen: 10322K(699392K)->10378K(699392K)
[72.547s][info][gc,metaspace   ] GC(542) Metaspace: 14281K(15296K)->14281K(15296K) NonClass: 12321K(12928K)->12321K(12928K) Class: 1960K(2368K)->1960K(2368K)
[72.547s][info][gc             ] GC(542) Pause Young (Allocation Failure) 241M->11M(909M) 1.638ms
[72.547s][info][gc,cpu         ] GC(542) User=0.52s Sys=0.00s Real=0.00s
[72.682s][info][gc,start       ] GC(543) Pause Young (Allocation Failure)
[72.684s][info][gc,heap        ] GC(543) PSYoungGen: 231936K(231936K)->1024K(278528K) Eden: 230912K(230912K)->0K(277504K) From: 1024K(1024K)->1024K(1024K)
[72.684s][info][gc,heap        ] GC(543) ParOldGen: 10378K(699392K)->10442K(699392K)
[72.684s][info][gc,metaspace   ] GC(543) Metaspace: 14281K(15296K)->14281K(15296K) NonClass: 12321K(12928K)->12321K(12928K) Class: 1960K(2368K)->1960K(2368K)
[72.684s][info][gc             ] GC(543) Pause Young (Allocation Failure) 236M->11M(955M) 1.724ms
[72.684s][info][gc,cpu         ] GC(543) User=0.00s Sys=0.00s Real=0.00s
[72.847s][info][gc,start       ] GC(544) Pause Young (Allocation Failure)
[72.849s][info][gc,heap        ] GC(544) PSYoungGen: 278528K(278528K)->1024K(324096K) Eden: 277504K(277504K)->0K(322560K) From: 1024K(1024K)->1024K(1536K)
[72.849s][info][gc,heap        ] GC(544) ParOldGen: 10442K(699392K)->10490K(699392K)
[72.849s][info][gc,metaspace   ] GC(544) Metaspace: 14281K(15296K)->14281K(15296K) NonClass: 12321K(12928K)->12321K(12928K) Class: 1960K(2368K)->1960K(2368K)
[72.849s][info][gc             ] GC(544) Pause Young (Allocation Failure) 282M->11M(999M) 1.762ms
[72.849s][info][gc,cpu         ] GC(544) User=0.00s Sys=0.00s Real=0.00s
[73.038s][info][gc,start       ] GC(545) Pause Young (Allocation Failure)
[73.040s][info][gc,heap        ] GC(545) PSYoungGen: 323584K(324096K)->1024K(314880K) Eden: 322560K(322560K)->0K(313856K) From: 1024K(1536K)->1024K(1024K)
[73.040s][info][gc,heap        ] GC(545) ParOldGen: 10490K(699392K)->10538K(699392K)
[73.040s][info][gc,metaspace   ] GC(545) Metaspace: 14281K(15296K)->14281K(15296K) NonClass: 12321K(12928K)->12321K(12928K) Class: 1960K(2368K)->1960K(2368K)
[73.040s][info][gc             ] GC(545) Pause Young (Allocation Failure) 326M->11M(990M) 1.948ms
[73.040s][info][gc,cpu         ] GC(545) User=0.00s Sys=0.00s Real=0.00s
[73.224s][info][gc,start       ] GC(546) Pause Young (Allocation Failure)
[73.225s][info][gc,heap        ] GC(546) PSYoungGen: 314880K(314880K)->1024K(306688K) Eden: 313856K(313856K)->0K(305664K) From: 1024K(1024K)->1024K(1024K)
[73.226s][info][gc,heap        ] GC(546) ParOldGen: 10538K(699392K)->10626K(699392K)
[73.226s][info][gc,metaspace   ] GC(546) Metaspace: 14281K(15296K)->14281K(15296K) NonClass: 12321K(12928K)->12321K(12928K) Class: 1960K(2368K)->1960K(2368K)
[73.226s][info][gc             ] GC(546) Pause Young (Allocation Failure) 317M->11M(982M) 1.808ms
[73.226s][info][gc,cpu         ] GC(546) User=0.00s Sys=0.00s Real=0.00s
[73.403s][info][gc,start       ] GC(547) Pause Young (Allocation Failure)
[73.405s][info][gc,heap        ] GC(547) PSYoungGen: 306688K(306688K)->1024K(298496K) Eden: 305664K(305664K)->0K(297472K) From: 1024K(1024K)->1024K(1024K)
[73.405s][info][gc,heap        ] GC(547) ParOldGen: 10626K(699392K)->10698K(699392K)
[73.405s][info][gc,metaspace   ] GC(547) Metaspace: 14281K(15296K)->14281K(15296K) NonClass: 12321K(12928K)->12321K(12928K) Class: 1960K(2368K)->1960K(2368K)
[73.405s][info][gc             ] GC(547) Pause Young (Allocation Failure) 309M->11M(974M) 1.861ms
[73.405s][info][gc,cpu         ] GC(547) User=0.00s Sys=0.00s Real=0.00s
[73.578s][info][gc,start       ] GC(548) Pause Young (Allocation Failure)
[73.579s][info][gc,heap        ] GC(548) PSYoungGen: 298496K(298496K)->1024K(290816K) Eden: 297472K(297472K)->0K(289792K) From: 1024K(1024K)->1024K(1024K)
[73.580s][info][gc,heap        ] GC(548) ParOldGen: 10698K(699392K)->10770K(699392K)
[73.580s][info][gc,metaspace   ] GC(548) Metaspace: 14281K(15296K)->14281K(15296K) NonClass: 12321K(12928K)->12321K(12928K) Class: 1960K(2368K)->1960K(2368K)
[73.580s][info][gc             ] GC(548) Pause Young (Allocation Failure) 301M->11M(967M) 1.942ms
[73.580s][info][gc,cpu         ] GC(548) User=0.02s Sys=0.00s Real=0.00s
[73.749s][info][gc,start       ] GC(549) Pause Young (Allocation Failure)
[73.751s][info][gc,heap        ] GC(549) PSYoungGen: 290816K(290816K)->1024K(283648K) Eden: 289792K(289792K)->0K(282624K) From: 1024K(1024K)->1024K(1024K)
[73.751s][info][gc,heap        ] GC(549) ParOldGen: 10770K(699392K)->10842K(699392K)
[73.751s][info][gc,metaspace   ] GC(549) Metaspace: 14281K(15296K)->14281K(15296K) NonClass: 12321K(12928K)->12321K(12928K) Class: 1960K(2368K)->1960K(2368K)
[73.751s][info][gc             ] GC(549) Pause Young (Allocation Failure) 294M->11M(960M) 1.778ms
[73.751s][info][gc,cpu         ] GC(549) User=0.00s Sys=0.05s Real=0.00s
[73.918s][info][gc,start       ] GC(550) Pause Young (Allocation Failure)
[73.919s][info][gc,heap        ] GC(550) PSYoungGen: 283648K(283648K)->1024K(276480K) Eden: 282624K(282624K)->0K(275456K) From: 1024K(1024K)->1024K(1024K)
[73.920s][info][gc,heap        ] GC(550) ParOldGen: 10842K(699392K)->10914K(699392K)
[73.920s][info][gc,metaspace   ] GC(550) Metaspace: 14281K(15296K)->14281K(15296K) NonClass: 12321K(12928K)->12321K(12928K) Class: 1960K(2368K)->1960K(2368K)
[73.920s][info][gc             ] GC(550) Pause Young (Allocation Failure) 287M->11M(953M) 1.576ms
[73.920s][info][gc,cpu         ] GC(550) User=0.00s Sys=0.00s Real=0.00s
[74.080s][info][gc,start       ] GC(551) Pause Young (Allocation Failure)
[74.081s][info][gc,heap        ] GC(551) PSYoungGen: 276480K(276480K)->1024K(269824K) Eden: 275456K(275456K)->0K(268800K) From: 1024K(1024K)->1024K(1024K)
[74.081s][info][gc,heap        ] GC(551) ParOldGen: 10914K(699392K)->10994K(699392K)
[74.081s][info][gc,metaspace   ] GC(551) Metaspace: 14281K(15296K)->14281K(15296K) NonClass: 12321K(12928K)->12321K(12928K) Class: 1960K(2368K)->1960K(2368K)
[74.081s][info][gc             ] GC(551) Pause Young (Allocation Failure) 280M->11M(946M) 1.466ms
[74.081s][info][gc,cpu         ] GC(551) User=0.00s Sys=0.00s Real=0.00s
[74.236s][info][gc,start       ] GC(552) Pause Young (Allocation Failure)
[74.237s][info][gc,heap        ] GC(552) PSYoungGen: 269824K(269824K)->1024K(263168K) Eden: 268800K(268800K)->0K(262144K) From: 1024K(1024K)->1024K(1024K)
[74.237s][info][gc,heap        ] GC(552) ParOldGen: 10994K(699392K)->11058K(699392K)
[74.237s][info][gc,metaspace   ] GC(552) Metaspace: 14281K(15296K)->14281K(15296K) NonClass: 12321K(12928K)->12321K(12928K) Class: 1960K(2368K)->1960K(2368K)
[74.238s][info][gc             ] GC(552) Pause Young (Allocation Failure) 274M->11M(940M) 1.489ms
[74.238s][info][gc,cpu         ] GC(552) User=0.00s Sys=0.00s Real=0.00s
[74.390s][info][gc,start       ] GC(553) Pause Young (Allocation Failure)
[74.391s][info][gc,heap        ] GC(553) PSYoungGen: 263168K(263168K)->1024K(257024K) Eden: 262144K(262144K)->0K(256000K) From: 1024K(1024K)->1024K(1024K)
[74.391s][info][gc,heap        ] GC(553) ParOldGen: 11058K(699392K)->11114K(699392K)
[74.391s][info][gc,metaspace   ] GC(553) Metaspace: 14281K(15296K)->14281K(15296K) NonClass: 12321K(12928K)->12321K(12928K) Class: 1960K(2368K)->1960K(2368K)
[74.391s][info][gc             ] GC(553) Pause Young (Allocation Failure) 267M->11M(934M) 1.513ms
[74.391s][info][gc,cpu         ] GC(553) User=0.52s Sys=0.00s Real=0.00s
[74.540s][info][gc,start       ] GC(554) Pause Young (Allocation Failure)
[74.542s][info][gc,heap        ] GC(554) PSYoungGen: 257024K(257024K)->1024K(250880K) Eden: 256000K(256000K)->0K(249856K) From: 1024K(1024K)->1024K(1024K)
[74.542s][info][gc,heap        ] GC(554) ParOldGen: 11114K(699392K)->11198K(699392K)
[74.542s][info][gc,metaspace   ] GC(554) Metaspace: 14281K(15296K)->14281K(15296K) NonClass: 12321K(12928K)->12321K(12928K) Class: 1960K(2368K)->1960K(2368K)
[74.542s][info][gc             ] GC(554) Pause Young (Allocation Failure) 261M->11M(928M) 1.411ms
[74.542s][info][gc,cpu         ] GC(554) User=0.00s Sys=0.00s Real=0.00s
[74.687s][info][gc,start       ] GC(555) Pause Young (Allocation Failure)
[74.688s][info][gc,heap        ] GC(555) PSYoungGen: 250880K(250880K)->992K(245248K) Eden: 249856K(249856K)->0K(244224K) From: 1024K(1024K)->992K(1024K)
[74.688s][info][gc,heap        ] GC(555) ParOldGen: 11198K(699392K)->11246K(699392K)
[74.688s][info][gc,metaspace   ] GC(555) Metaspace: 14281K(15296K)->14281K(15296K) NonClass: 12321K(12928K)->12321K(12928K) Class: 1960K(2368K)->1960K(2368K)
[74.688s][info][gc             ] GC(555) Pause Young (Allocation Failure) 255M->11M(922M) 1.470ms
[74.689s][info][gc,cpu         ] GC(555) User=0.31s Sys=0.02s Real=0.00s
[74.830s][info][gc,start       ] GC(556) Pause Young (Allocation Failure)
[74.831s][info][gc,heap        ] GC(556) PSYoungGen: 245216K(245248K)->1024K(239616K) Eden: 244224K(244224K)->0K(238592K) From: 992K(1024K)->1024K(1024K)
[74.831s][info][gc,heap        ] GC(556) ParOldGen: 11246K(699392K)->11294K(699392K)
[74.831s][info][gc,metaspace   ] GC(556) Metaspace: 14281K(15296K)->14281K(15296K) NonClass: 12321K(12928K)->12321K(12928K) Class: 1960K(2368K)->1960K(2368K)
[74.831s][info][gc             ] GC(556) Pause Young (Allocation Failure) 250M->12M(917M) 1.472ms
[74.831s][info][gc,cpu         ] GC(556) User=0.00s Sys=0.00s Real=0.00s
[74.970s][info][gc,start       ] GC(557) Pause Young (Allocation Failure)
[74.971s][info][gc,heap        ] GC(557) PSYoungGen: 239616K(239616K)->1024K(233984K) Eden: 238592K(238592K)->0K(232960K) From: 1024K(1024K)->1024K(1024K)
[74.971s][info][gc,heap        ] GC(557) ParOldGen: 11294K(699392K)->11358K(699392K)
[74.971s][info][gc,metaspace   ] GC(557) Metaspace: 14281K(15296K)->14281K(15296K) NonClass: 12321K(12928K)->12321K(12928K) Class: 1960K(2368K)->1960K(2368K)
[74.971s][info][gc             ] GC(557) Pause Young (Allocation Failure) 245M->12M(911M) 1.488ms
[74.971s][info][gc,cpu         ] GC(557) User=0.00s Sys=0.00s Real=0.00s
[75.107s][info][gc,start       ] GC(558) Pause Young (Allocation Failure)
[75.108s][info][gc,heap        ] GC(558) PSYoungGen: 233984K(233984K)->1024K(228864K) Eden: 232960K(232960K)->0K(227840K) From: 1024K(1024K)->1024K(1024K)
[75.108s][info][gc,heap        ] GC(558) ParOldGen: 11358K(699392K)->11406K(699392K)
[75.108s][info][gc,metaspace   ] GC(558) Metaspace: 14281K(15296K)->14281K(15296K) NonClass: 12321K(12928K)->12321K(12928K) Class: 1960K(2368K)->1960K(2368K)
[75.108s][info][gc             ] GC(558) Pause Young (Allocation Failure) 239M->12M(906M) 1.568ms
[75.108s][info][gc,cpu         ] GC(558) User=0.00s Sys=0.00s Real=0.00s
[75.243s][info][gc,start       ] GC(559) Pause Young (Allocation Failure)
[75.244s][info][gc,heap        ] GC(559) PSYoungGen: 228864K(228864K)->1024K(223744K) Eden: 227840K(227840K)->0K(222720K) From: 1024K(1024K)->1024K(1024K)
[75.244s][info][gc,heap        ] GC(559) ParOldGen: 11406K(699392K)->11462K(699392K)
[75.244s][info][gc,metaspace   ] GC(559) Metaspace: 14281K(15296K)->14281K(15296K) NonClass: 12321K(12928K)->12321K(12928K) Class: 1960K(2368K)->1960K(2368K)
[75.244s][info][gc             ] GC(559) Pause Young (Allocation Failure) 234M->12M(901M) 1.543ms
[75.244s][info][gc,cpu         ] GC(559) User=0.00s Sys=0.00s Real=0.00s
[75.375s][info][gc,start       ] GC(560) Pause Young (Allocation Failure)
[75.376s][info][gc,heap        ] GC(560) PSYoungGen: 223744K(223744K)->1024K(219136K) Eden: 222720K(222720K)->0K(218112K) From: 1024K(1024K)->1024K(1024K)
[75.376s][info][gc,heap        ] GC(560) ParOldGen: 11462K(699392K)->11518K(699392K)
[75.376s][info][gc,metaspace   ] GC(560) Metaspace: 14281K(15296K)->14281K(15296K) NonClass: 12321K(12928K)->12321K(12928K) Class: 1960K(2368K)->1960K(2368K)
[75.376s][info][gc             ] GC(560) Pause Young (Allocation Failure) 229M->12M(897M) 1.561ms
[75.376s][info][gc,cpu         ] GC(560) User=0.00s Sys=0.02s Real=0.00s
[75.504s][info][gc,start       ] GC(561) Pause Young (Allocation Failure)
[75.506s][info][gc,heap        ] GC(561) PSYoungGen: 219136K(219136K)->1024K(214528K) Eden: 218112K(218112K)->0K(213504K) From: 1024K(1024K)->1024K(1024K)
[75.506s][info][gc,heap        ] GC(561) ParOldGen: 11518K(699392K)->11574K(699392K)
[75.506s][info][gc,metaspace   ] GC(561) Metaspace: 14281K(15296K)->14281K(15296K) NonClass: 12321K(12928K)->12321K(12928K) Class: 1960K(2368K)->1960K(2368K)
[75.506s][info][gc             ] GC(561) Pause Young (Allocation Failure) 225M->12M(892M) 1.564ms
[75.506s][info][gc,cpu         ] GC(561) User=0.00s Sys=0.00s Real=0.00s
[75.631s][info][gc,start       ] GC(562) Pause Young (Allocation Failure)
[75.633s][info][gc,heap        ] GC(562) PSYoungGen: 214528K(214528K)->1024K(209920K) Eden: 213504K(213504K)->0K(208896K) From: 1024K(1024K)->1024K(1024K)
[75.633s][info][gc,heap        ] GC(562) ParOldGen: 11574K(699392K)->11638K(699392K)
[75.633s][info][gc,metaspace   ] GC(562) Metaspace: 14281K(15296K)->14281K(15296K) NonClass: 12321K(12928K)->12321K(12928K) Class: 1960K(2368K)->1960K(2368K)
[75.633s][info][gc             ] GC(562) Pause Young (Allocation Failure) 220M->12M(888M) 1.608ms
[75.633s][info][gc,cpu         ] GC(562) User=0.00s Sys=0.00s Real=0.00s
[75.756s][info][gc,start       ] GC(563) Pause Young (Allocation Failure)
[75.757s][info][gc,heap        ] GC(563) PSYoungGen: 209920K(209920K)->992K(251904K) Eden: 208896K(208896K)->0K(250880K) From: 1024K(1024K)->992K(1024K)
[75.757s][info][gc,heap        ] GC(563) ParOldGen: 11638K(699392K)->11718K(699392K)
[75.757s][info][gc,metaspace   ] GC(563) Metaspace: 14281K(15296K)->14281K(15296K) NonClass: 12321K(12928K)->12321K(12928K) Class: 1960K(2368K)->1960K(2368K)
[75.757s][info][gc             ] GC(563) Pause Young (Allocation Failure) 216M->12M(929M) 1.641ms
[75.757s][info][gc,cpu         ] GC(563) User=0.00s Sys=0.00s Real=0.00s
[75.905s][info][gc,start       ] GC(564) Pause Young (Allocation Failure)
[75.907s][info][gc,heap        ] GC(564) PSYoungGen: 251872K(251904K)->1024K(302080K) Eden: 250880K(250880K)->0K(301056K) From: 992K(1024K)->1024K(1024K)
[75.907s][info][gc,heap        ] GC(564) ParOldGen: 11718K(699392K)->11774K(699392K)
[75.907s][info][gc,metaspace   ] GC(564) Metaspace: 14281K(15296K)->14281K(15296K) NonClass: 12321K(12928K)->12321K(12928K) Class: 1960K(2368K)->1960K(2368K)
[75.907s][info][gc             ] GC(564) Pause Young (Allocation Failure) 257M->12M(978M) 1.669ms
[75.907s][info][gc,cpu         ] GC(564) User=0.52s Sys=0.00s Real=0.00s
[76.084s][info][gc,start       ] GC(565) Pause Young (Allocation Failure)
[76.086s][info][gc,heap        ] GC(565) PSYoungGen: 302080K(302080K)->992K(294400K) Eden: 301056K(301056K)->0K(293376K) From: 1024K(1024K)->992K(1024K)
[76.086s][info][gc,heap        ] GC(565) ParOldGen: 11774K(699392K)->11830K(699392K)
[76.086s][info][gc,metaspace   ] GC(565) Metaspace: 14281K(15296K)->14281K(15296K) NonClass: 12321K(12928K)->12321K(12928K) Class: 1960K(2368K)->1960K(2368K)
[76.086s][info][gc             ] GC(565) Pause Young (Allocation Failure) 306M->12M(970M) 1.702ms
[76.086s][info][gc,cpu         ] GC(565) User=0.00s Sys=0.00s Real=0.00s
[76.259s][info][gc,start       ] GC(566) Pause Young (Allocation Failure)
[76.261s][info][gc,heap        ] GC(566) PSYoungGen: 294368K(294400K)->1024K(286720K) Eden: 293376K(293376K)->0K(285696K) From: 992K(1024K)->1024K(1024K)
[76.261s][info][gc,heap        ] GC(566) ParOldGen: 11830K(699392K)->11894K(699392K)
[76.261s][info][gc,metaspace   ] GC(566) Metaspace: 14281K(15296K)->14281K(15296K) NonClass: 12321K(12928K)->12321K(12928K) Class: 1960K(2368K)->1960K(2368K)
[76.261s][info][gc             ] GC(566) Pause Young (Allocation Failure) 299M->12M(963M) 1.731ms
[76.261s][info][gc,cpu         ] GC(566) User=0.00s Sys=0.00s Real=0.00s
[76.429s][info][gc,start       ] GC(567) Pause Young (Allocation Failure)
[76.430s][info][gc,heap        ] GC(567) PSYoungGen: 286720K(286720K)->1024K(279552K) Eden: 285696K(285696K)->0K(278528K) From: 1024K(1024K)->1024K(1024K)
[76.430s][info][gc,heap        ] GC(567) ParOldGen: 11894K(699392K)->11958K(699392K)
[76.430s][info][gc,metaspace   ] GC(567) Metaspace: 14281K(15296K)->14281K(15296K) NonClass: 12321K(12928K)->12321K(12928K) Class: 1960K(2368K)->1960K(2368K)
[76.430s][info][gc             ] GC(567) Pause Young (Allocation Failure) 291M->12M(956M) 1.787ms
[76.430s][info][gc,cpu         ] GC(567) User=0.00s Sys=0.00s Real=0.00s
[76.594s][info][gc,start       ] GC(568) Pause Young (Allocation Failure)
[76.596s][info][gc,heap        ] GC(568) PSYoungGen: 279552K(279552K)->1024K(272384K) Eden: 278528K(278528K)->0K(271360K) From: 1024K(1024K)->1024K(1024K)
[76.596s][info][gc,heap        ] GC(568) ParOldGen: 11958K(699392K)->12038K(699392K)
[76.596s][info][gc,metaspace   ] GC(568) Metaspace: 14281K(15296K)->14281K(15296K) NonClass: 12321K(12928K)->12321K(12928K) Class: 1960K(2368K)->1960K(2368K)
[76.596s][info][gc             ] GC(568) Pause Young (Allocation Failure) 284M->12M(949M) 1.771ms
[76.596s][info][gc,cpu         ] GC(568) User=0.00s Sys=0.00s Real=0.00s
[76.756s][info][gc,start       ] GC(569) Pause Young (Allocation Failure)
[76.757s][info][gc,heap        ] GC(569) PSYoungGen: 272384K(272384K)->1024K(265728K) Eden: 271360K(271360K)->0K(264704K) From: 1024K(1024K)->1024K(1024K)
[76.757s][info][gc,heap        ] GC(569) ParOldGen: 12038K(699392K)->12102K(699392K)
[76.757s][info][gc,metaspace   ] GC(569) Metaspace: 14281K(15296K)->14281K(15296K) NonClass: 12321K(12928K)->12321K(12928K) Class: 1960K(2368K)->1960K(2368K)
[76.757s][info][gc             ] GC(569) Pause Young (Allocation Failure) 277M->12M(942M) 1.827ms
[76.757s][info][gc,cpu         ] GC(569) User=0.00s Sys=0.00s Real=0.00s
[76.914s][info][gc,start       ] GC(570) Pause Young (Allocation Failure)
[76.916s][info][gc,heap        ] GC(570) PSYoungGen: 265728K(265728K)->960K(259584K) Eden: 264704K(264704K)->0K(258560K) From: 1024K(1024K)->960K(1024K)
[76.916s][info][gc,heap        ] GC(570) ParOldGen: 12102K(699392K)->12198K(699392K)
[76.916s][info][gc,metaspace   ] GC(570) Metaspace: 14281K(15296K)->14281K(15296K) NonClass: 12321K(12928K)->12321K(12928K) Class: 1960K(2368K)->1960K(2368K)
[76.916s][info][gc             ] GC(570) Pause Young (Allocation Failure) 271M->12M(936M) 1.857ms
[76.916s][info][gc,cpu         ] GC(570) User=0.00s Sys=0.00s Real=0.00s
[77.070s][info][gc,start       ] GC(571) Pause Young (Allocation Failure)
[77.071s][info][gc,heap        ] GC(571) PSYoungGen: 259520K(259584K)->992K(253440K) Eden: 258560K(258560K)->0K(252416K) From: 960K(1024K)->992K(1024K)
[77.072s][info][gc,heap        ] GC(571) ParOldGen: 12198K(699392K)->12262K(699392K)
[77.072s][info][gc,metaspace   ] GC(571) Metaspace: 14281K(15296K)->14281K(15296K) NonClass: 12321K(12928K)->12321K(12928K) Class: 1960K(2368K)->1960K(2368K)
[77.072s][info][gc             ] GC(571) Pause Young (Allocation Failure) 265M->12M(930M) 1.810ms
[77.072s][info][gc,cpu         ] GC(571) User=0.00s Sys=0.00s Real=0.00s
[77.221s][info][gc,start       ] GC(572) Pause Young (Allocation Failure)
[77.223s][info][gc,heap        ] GC(572) PSYoungGen: 253408K(253440K)->1024K(304128K) Eden: 252416K(252416K)->0K(303104K) From: 992K(1024K)->1024K(1024K)
[77.223s][info][gc,heap        ] GC(572) ParOldGen: 12262K(699392K)->12318K(699392K)
[77.223s][info][gc,metaspace   ] GC(572) Metaspace: 14281K(15296K)->14281K(15296K) NonClass: 12321K(12928K)->12321K(12928K) Class: 1960K(2368K)->1960K(2368K)
[77.223s][info][gc             ] GC(572) Pause Young (Allocation Failure) 259M->13M(980M) 1.871ms
[77.223s][info][gc,cpu         ] GC(572) User=0.00s Sys=0.00s Real=0.00s
[77.476s][info][gc,start       ] GC(573) Pause Young (Allocation Failure)
[77.479s][info][gc,heap        ] GC(573) PSYoungGen: 304128K(304128K)->1024K(296448K) Eden: 303104K(303104K)->0K(295424K) From: 1024K(1024K)->1024K(1024K)
[77.479s][info][gc,heap        ] GC(573) ParOldGen: 12318K(699392K)->12374K(699392K)
[77.479s][info][gc,metaspace   ] GC(573) Metaspace: 14281K(15296K)->14281K(15296K) NonClass: 12321K(12928K)->12321K(12928K) Class: 1960K(2368K)->1960K(2368K)
[77.479s][info][gc             ] GC(573) Pause Young (Allocation Failure) 309M->13M(972M) 2.669ms
[77.479s][info][gc,cpu         ] GC(573) User=0.00s Sys=0.00s Real=0.00s
[77.658s][info][gc,start       ] GC(574) Pause Young (Allocation Failure)
[77.660s][info][gc,heap        ] GC(574) PSYoungGen: 296448K(296448K)->1024K(288768K) Eden: 295424K(295424K)->0K(287744K) From: 1024K(1024K)->1024K(1024K)
[77.660s][info][gc,heap        ] GC(574) ParOldGen: 12374K(699392K)->12454K(699392K)
[77.660s][info][gc,metaspace   ] GC(574) Metaspace: 14281K(15296K)->14281K(15296K) NonClass: 12321K(12928K)->12321K(12928K) Class: 1960K(2368K)->1960K(2368K)
[77.660s][info][gc             ] GC(574) Pause Young (Allocation Failure) 301M->13M(965M) 1.801ms
[77.660s][info][gc,cpu         ] GC(574) User=0.00s Sys=0.00s Real=0.00s
[77.829s][info][gc,start       ] GC(575) Pause Young (Allocation Failure)
[77.830s][info][gc,heap        ] GC(575) PSYoungGen: 288768K(288768K)->992K(281600K) Eden: 287744K(287744K)->0K(280576K) From: 1024K(1024K)->992K(1024K)
[77.830s][info][gc,heap        ] GC(575) ParOldGen: 12454K(699392K)->12526K(699392K)
[77.830s][info][gc,metaspace   ] GC(575) Metaspace: 14281K(15296K)->14281K(15296K) NonClass: 12321K(12928K)->12321K(12928K) Class: 1960K(2368K)->1960K(2368K)
[77.830s][info][gc             ] GC(575) Pause Young (Allocation Failure) 294M->13M(958M) 1.644ms
[77.830s][info][gc,cpu         ] GC(575) User=0.00s Sys=0.00s Real=0.00s
[77.997s][info][gc,start       ] GC(576) Pause Young (Allocation Failure)
[77.998s][info][gc,heap        ] GC(576) PSYoungGen: 281568K(281600K)->1024K(274432K) Eden: 280576K(280576K)->0K(273408K) From: 992K(1024K)->1024K(1024K)
[77.998s][info][gc,heap        ] GC(576) ParOldGen: 12526K(699392K)->12614K(699392K)
[77.998s][info][gc,metaspace   ] GC(576) Metaspace: 14281K(15296K)->14281K(15296K) NonClass: 12321K(12928K)->12321K(12928K) Class: 1960K(2368K)->1960K(2368K)
[77.998s][info][gc             ] GC(576) Pause Young (Allocation Failure) 287M->13M(951M) 1.437ms
[77.998s][info][gc,cpu         ] GC(576) User=0.00s Sys=0.00s Real=0.00s
[78.158s][info][gc,start       ] GC(577) Pause Young (Allocation Failure)
[78.159s][info][gc,heap        ] GC(577) PSYoungGen: 274432K(274432K)->1024K(267776K) Eden: 273408K(273408K)->0K(266752K) From: 1024K(1024K)->1024K(1024K)
[78.159s][info][gc,heap        ] GC(577) ParOldGen: 12614K(699392K)->12694K(699392K)
[78.160s][info][gc,metaspace   ] GC(577) Metaspace: 14281K(15296K)->14281K(15296K) NonClass: 12321K(12928K)->12321K(12928K) Class: 1960K(2368K)->1960K(2368K)
[78.160s][info][gc             ] GC(577) Pause Young (Allocation Failure) 280M->13M(944M) 1.417ms
[78.160s][info][gc,cpu         ] GC(577) User=0.00s Sys=0.00s Real=0.00s
[78.315s][info][gc,start       ] GC(578) Pause Young (Allocation Failure)
[78.316s][info][gc,heap        ] GC(578) PSYoungGen: 267776K(267776K)->1024K(261120K) Eden: 266752K(266752K)->0K(260096K) From: 1024K(1024K)->1024K(1024K)
[78.316s][info][gc,heap        ] GC(578) ParOldGen: 12694K(699392K)->12750K(699392K)
[78.316s][info][gc,metaspace   ] GC(578) Metaspace: 14281K(15296K)->14281K(15296K) NonClass: 12321K(12928K)->12321K(12928K) Class: 1960K(2368K)->1960K(2368K)
[78.316s][info][gc             ] GC(578) Pause Young (Allocation Failure) 273M->13M(938M) 1.498ms
[78.316s][info][gc,cpu         ] GC(578) User=0.00s Sys=0.00s Real=0.00s
[78.466s][info][gc,start       ] GC(579) Pause Young (Allocation Failure)
[78.468s][info][gc,heap        ] GC(579) PSYoungGen: 261120K(261120K)->1056K(255488K) Eden: 260096K(260096K)->0K(253952K) From: 1024K(1024K)->1056K(1536K)
[78.468s][info][gc,heap        ] GC(579) ParOldGen: 12750K(699392K)->12814K(699392K)
[78.468s][info][gc,metaspace   ] GC(579) Metaspace: 14281K(15296K)->14281K(15296K) NonClass: 12321K(12928K)->12321K(12928K) Class: 1960K(2368K)->1960K(2368K)
[78.468s][info][gc             ] GC(579) Pause Young (Allocation Failure) 267M->13M(932M) 1.465ms
[78.468s][info][gc,cpu         ] GC(579) User=0.00s Sys=0.00s Real=0.00s
[78.615s][info][gc,start       ] GC(580) Pause Young (Allocation Failure)
[78.616s][info][gc,heap        ] GC(580) PSYoungGen: 255008K(255488K)->1024K(248832K) Eden: 253952K(253952K)->0K(247808K) From: 1056K(1536K)->1024K(1024K)
[78.616s][info][gc,heap        ] GC(580) ParOldGen: 12814K(699392K)->12910K(699392K)
[78.616s][info][gc,metaspace   ] GC(580) Metaspace: 14281K(15296K)->14281K(15296K) NonClass: 12321K(12928K)->12321K(12928K) Class: 1960K(2368K)->1960K(2368K)
[78.616s][info][gc             ] GC(580) Pause Young (Allocation Failure) 261M->13M(926M) 1.414ms
[78.616s][info][gc,cpu         ] GC(580) User=0.00s Sys=0.00s Real=0.00s
[78.761s][info][gc,start       ] GC(581) Pause Young (Allocation Failure)
[78.763s][info][gc,heap        ] GC(581) PSYoungGen: 248832K(248832K)->1024K(243200K) Eden: 247808K(247808K)->0K(242176K) From: 1024K(1024K)->1024K(1024K)
[78.763s][info][gc,heap        ] GC(581) ParOldGen: 12910K(699392K)->12974K(699392K)
[78.763s][info][gc,metaspace   ] GC(581) Metaspace: 14281K(15296K)->14281K(15296K) NonClass: 12321K(12928K)->12321K(12928K) Class: 1960K(2368K)->1960K(2368K)
[78.763s][info][gc             ] GC(581) Pause Young (Allocation Failure) 255M->13M(920M) 1.525ms
[78.763s][info][gc,cpu         ] GC(581) User=0.00s Sys=0.00s Real=0.00s
[78.907s][info][gc,start       ] GC(582) Pause Young (Allocation Failure)
[78.909s][info][gc,heap        ] GC(582) PSYoungGen: 243200K(243200K)->1024K(237568K) Eden: 242176K(242176K)->0K(236544K) From: 1024K(1024K)->1024K(1024K)
[78.909s][info][gc,heap        ] GC(582) ParOldGen: 12974K(699392K)->13038K(699392K)
[78.909s][info][gc,metaspace   ] GC(582) Metaspace: 14281K(15296K)->14281K(15296K) NonClass: 12321K(12928K)->12321K(12928K) Class: 1960K(2368K)->1960K(2368K)
[78.909s][info][gc             ] GC(582) Pause Young (Allocation Failure) 250M->13M(915M) 1.572ms
[78.909s][info][gc,cpu         ] GC(582) User=0.00s Sys=0.00s Real=0.00s
[79.062s][info][gc,start       ] GC(583) Pause Young (Allocation Failure)
[79.063s][info][gc,heap        ] GC(583) PSYoungGen: 237568K(237568K)->928K(232448K) Eden: 236544K(236544K)->0K(231424K) From: 1024K(1024K)->928K(1024K)
[79.063s][info][gc,heap        ] GC(583) ParOldGen: 13038K(699392K)->13102K(699392K)
[79.063s][info][gc,metaspace   ] GC(583) Metaspace: 14281K(15296K)->14281K(15296K) NonClass: 12321K(12928K)->12321K(12928K) Class: 1960K(2368K)->1960K(2368K)
[79.063s][info][gc             ] GC(583) Pause Young (Allocation Failure) 244M->13M(910M) 1.716ms
[79.063s][info][gc,cpu         ] GC(583) User=0.52s Sys=0.00s Real=0.00s
[79.230s][info][gc,start       ] GC(584) Pause Young (Allocation Failure)
[79.232s][info][gc,heap        ] GC(584) PSYoungGen: 232352K(232448K)->960K(227328K) Eden: 231424K(231424K)->0K(226304K) From: 928K(1024K)->960K(1024K)
[79.232s][info][gc,heap        ] GC(584) ParOldGen: 13102K(699392K)->13190K(699392K)
[79.232s][info][gc,metaspace   ] GC(584) Metaspace: 14281K(15296K)->14281K(15296K) NonClass: 12321K(12928K)->12321K(12928K) Class: 1960K(2368K)->1960K(2368K)
[79.232s][info][gc             ] GC(584) Pause Young (Allocation Failure) 239M->13M(905M) 1.542ms
[79.232s][info][gc,cpu         ] GC(584) User=0.00s Sys=0.00s Real=0.00s
[79.372s][info][gc,start       ] GC(585) Pause Young (Allocation Failure)
[79.374s][info][gc,heap        ] GC(585) PSYoungGen: 227264K(227328K)->864K(222208K) Eden: 226304K(226304K)->0K(221184K) From: 960K(1024K)->864K(1024K)
[79.374s][info][gc,heap        ] GC(585) ParOldGen: 13190K(699392K)->13278K(699392K)
[79.374s][info][gc,metaspace   ] GC(585) Metaspace: 14281K(15296K)->14281K(15296K) NonClass: 12321K(12928K)->12321K(12928K) Class: 1960K(2368K)->1960K(2368K)
[79.374s][info][gc             ] GC(585) Pause Young (Allocation Failure) 234M->13M(900M) 1.550ms
[79.374s][info][gc,cpu         ] GC(585) User=0.00s Sys=0.00s Real=0.00s
[79.529s][info][gc,start       ] GC(586) Pause Young (System.gc())
[79.531s][info][gc,heap        ] GC(586) PSYoungGen: 195456K(222208K)->256K(221696K) Eden: 194592K(221184K)->0K(221184K) From: 864K(1024K)->256K(512K)
[79.531s][info][gc,heap        ] GC(586) ParOldGen: 13278K(699392K)->13318K(699392K)
[79.531s][info][gc,metaspace   ] GC(586) Metaspace: 14282K(15296K)->14282K(15296K) NonClass: 12321K(12928K)->12321K(12928K) Class: 1960K(2368K)->1960K(2368K)
[79.531s][info][gc             ] GC(586) Pause Young (System.gc()) 203M->13M(899M) 1.995ms
[79.531s][info][gc,cpu         ] GC(586) User=0.00s Sys=0.00s Real=0.00s
[79.531s][info][gc,start       ] GC(587) Pause Full (System.gc())
[79.531s][info][gc,phases,start] GC(587) Marking Phase
[79.544s][info][gc,phases      ] GC(587) Marking Phase 12.931ms
[79.544s][info][gc,phases,start] GC(587) Summary Phase
[79.544s][info][gc,phases      ] GC(587) Summary Phase 0.021ms
[79.544s][info][gc,phases,start] GC(587) Adjust Roots
[79.547s][info][gc,phases      ] GC(587) Adjust Roots 2.969ms
[79.547s][info][gc,phases,start] GC(587) Compaction Phase
[79.549s][info][gc,phases      ] GC(587) Compaction Phase 1.693ms
[79.549s][info][gc,phases,start] GC(587) Post Compact
[79.549s][info][gc,phases      ] GC(587) Post Compact 0.305ms
[79.549s][info][gc,heap        ] GC(587) PSYoungGen: 256K(221696K)->0K(221696K) Eden: 0K(221184K)->0K(221184K) From: 256K(512K)->0K(512K)
[79.549s][info][gc,heap        ] GC(587) ParOldGen: 13318K(699392K)->5373K(699392K)
[79.549s][info][gc,metaspace   ] GC(587) Metaspace: 14282K(15296K)->14282K(15296K) NonClass: 12321K(12928K)->12321K(12928K) Class: 1960K(2368K)->1960K(2368K)
[79.549s][info][gc             ] GC(587) Pause Full (System.gc()) 13M->5M(899M) 18.163ms
[79.549s][info][gc,cpu         ] GC(587) User=0.02s Sys=0.00s Real=0.02s
[79.697s][info][gc,start       ] GC(588) Pause Young (Allocation Failure)
[79.698s][info][gc,heap        ] GC(588) PSYoungGen: 221184K(221696K)->1536K(218112K) Eden: 221184K(221184K)->0K(216576K) From: 0K(512K)->1536K(1536K)
[79.698s][info][gc,heap        ] GC(588) ParOldGen: 5373K(699392K)->5567K(699392K)
[79.698s][info][gc,metaspace   ] GC(588) Metaspace: 14288K(15296K)->14288K(15296K) NonClass: 12327K(12928K)->12327K(12928K) Class: 1960K(2368K)->1960K(2368K)
[79.698s][info][gc             ] GC(588) Pause Young (Allocation Failure) 221M->6M(896M) 1.808ms
[79.698s][info][gc,cpu         ] GC(588) User=0.00s Sys=0.00s Real=0.00s
[79.823s][info][gc,start       ] GC(589) Pause Young (Allocation Failure)
[79.825s][info][gc,heap        ] GC(589) PSYoungGen: 218112K(218112K)->1024K(212992K) Eden: 216576K(216576K)->0K(211968K) From: 1536K(1536K)->1024K(1024K)
[79.825s][info][gc,heap        ] GC(589) ParOldGen: 5567K(699392K)->7068K(699392K)
[79.825s][info][gc,metaspace   ] GC(589) Metaspace: 14288K(15296K)->14288K(15296K) NonClass: 12327K(12928K)->12327K(12928K) Class: 1960K(2368K)->1960K(2368K)
[79.825s][info][gc             ] GC(589) Pause Young (Allocation Failure) 218M->7M(891M) 1.687ms
[79.825s][info][gc,cpu         ] GC(589) User=0.00s Sys=0.00s Real=0.00s
[79.949s][info][gc,start       ] GC(590) Pause Young (Allocation Failure)
[79.951s][info][gc,heap        ] GC(590) PSYoungGen: 212992K(212992K)->1024K(255488K) Eden: 211968K(211968K)->0K(254464K) From: 1024K(1024K)->1024K(1024K)
[79.951s][info][gc,heap        ] GC(590) ParOldGen: 7068K(699392K)->7148K(699392K)
[79.951s][info][gc,metaspace   ] GC(590) Metaspace: 14288K(15296K)->14288K(15296K) NonClass: 12327K(12928K)->12327K(12928K) Class: 1960K(2368K)->1960K(2368K)
[79.951s][info][gc             ] GC(590) Pause Young (Allocation Failure) 214M->7M(932M) 1.611ms
[79.951s][info][gc,cpu         ] GC(590) User=0.00s Sys=0.00s Real=0.00s
[80.101s][info][gc,start       ] GC(591) Pause Young (Allocation Failure)
[80.103s][info][gc,heap        ] GC(591) PSYoungGen: 255488K(255488K)->992K(249344K) Eden: 254464K(254464K)->0K(248320K) From: 1024K(1024K)->992K(1024K)
[80.103s][info][gc,heap        ] GC(591) ParOldGen: 7148K(699392K)->7220K(699392K)
[80.103s][info][gc,metaspace   ] GC(591) Metaspace: 14288K(15296K)->14288K(15296K) NonClass: 12327K(12928K)->12327K(12928K) Class: 1960K(2368K)->1960K(2368K)
[80.103s][info][gc             ] GC(591) Pause Young (Allocation Failure) 256M->8M(926M) 1.671ms
[80.103s][info][gc,cpu         ] GC(591) User=0.00s Sys=0.00s Real=0.00s
[80.248s][info][gc,start       ] GC(592) Pause Young (Allocation Failure)
[80.249s][info][gc,heap        ] GC(592) PSYoungGen: 249312K(249344K)->992K(243712K) Eden: 248320K(248320K)->0K(242688K) From: 992K(1024K)->992K(1024K)
[80.250s][info][gc,heap        ] GC(592) ParOldGen: 7220K(699392K)->7300K(699392K)
[80.250s][info][gc,metaspace   ] GC(592) Metaspace: 14288K(15296K)->14288K(15296K) NonClass: 12327K(12928K)->12327K(12928K) Class: 1960K(2368K)->1960K(2368K)
[80.250s][info][gc             ] GC(592) Pause Young (Allocation Failure) 250M->8M(921M) 1.671ms
[80.250s][info][gc,cpu         ] GC(592) User=0.00s Sys=0.00s Real=0.00s
[80.392s][info][gc,start       ] GC(593) Pause Young (Allocation Failure)
[80.393s][info][gc,heap        ] GC(593) PSYoungGen: 243680K(243712K)->1024K(238080K) Eden: 242688K(242688K)->0K(237056K) From: 992K(1024K)->1024K(1024K)
[80.393s][info][gc,heap        ] GC(593) ParOldGen: 7300K(699392K)->7372K(699392K)
[80.393s][info][gc,metaspace   ] GC(593) Metaspace: 14288K(15296K)->14288K(15296K) NonClass: 12327K(12928K)->12327K(12928K) Class: 1960K(2368K)->1960K(2368K)
[80.393s][info][gc             ] GC(593) Pause Young (Allocation Failure) 245M->8M(915M) 1.695ms
[80.393s][info][gc,cpu         ] GC(593) User=0.00s Sys=0.00s Real=0.00s
[80.532s][info][gc,start       ] GC(594) Pause Young (Allocation Failure)
[80.533s][info][gc,heap        ] GC(594) PSYoungGen: 238080K(238080K)->1024K(285696K) Eden: 237056K(237056K)->0K(284672K) From: 1024K(1024K)->1024K(1024K)
[80.533s][info][gc,heap        ] GC(594) ParOldGen: 7372K(699392K)->7436K(699392K)
[80.533s][info][gc,metaspace   ] GC(594) Metaspace: 14288K(15296K)->14288K(15296K) NonClass: 12327K(12928K)->12327K(12928K) Class: 1960K(2368K)->1960K(2368K)
[80.533s][info][gc             ] GC(594) Pause Young (Allocation Failure) 239M->8M(962M) 1.711ms
[80.533s][info][gc,cpu         ] GC(594) User=0.00s Sys=0.00s Real=0.00s
[80.700s][info][gc,start       ] GC(595) Pause Young (Allocation Failure)
[80.702s][info][gc,heap        ] GC(595) PSYoungGen: 285696K(285696K)->1024K(278528K) Eden: 284672K(284672K)->0K(277504K) From: 1024K(1024K)->1024K(1024K)
[80.702s][info][gc,heap        ] GC(595) ParOldGen: 7436K(699392K)->7476K(699392K)
[80.702s][info][gc,metaspace   ] GC(595) Metaspace: 14288K(15296K)->14288K(15296K) NonClass: 12327K(12928K)->12327K(12928K) Class: 1960K(2368K)->1960K(2368K)
[80.702s][info][gc             ] GC(595) Pause Young (Allocation Failure) 286M->8M(955M) 1.806ms
[80.702s][info][gc,cpu         ] GC(595) User=0.00s Sys=0.00s Real=0.00s
[80.864s][info][gc,start       ] GC(596) Pause Young (Allocation Failure)
[80.866s][info][gc,heap        ] GC(596) PSYoungGen: 278528K(278528K)->1024K(271872K) Eden: 277504K(277504K)->0K(270848K) From: 1024K(1024K)->1024K(1024K)
[80.866s][info][gc,heap        ] GC(596) ParOldGen: 7476K(699392K)->7548K(699392K)
[80.866s][info][gc,metaspace   ] GC(596) Metaspace: 14288K(15296K)->14288K(15296K) NonClass: 12327K(12928K)->12327K(12928K) Class: 1960K(2368K)->1960K(2368K)
[80.866s][info][gc             ] GC(596) Pause Young (Allocation Failure) 279M->8M(948M) 1.814ms
[80.866s][info][gc,cpu         ] GC(596) User=0.00s Sys=0.00s Real=0.00s
[81.025s][info][gc,start       ] GC(597) Pause Young (Allocation Failure)
[81.027s][info][gc,heap        ] GC(597) PSYoungGen: 271872K(271872K)->992K(265216K) Eden: 270848K(270848K)->0K(264192K) From: 1024K(1024K)->992K(1024K)
[81.027s][info][gc,heap        ] GC(597) ParOldGen: 7548K(699392K)->7620K(699392K)
[81.027s][info][gc,metaspace   ] GC(597) Metaspace: 14288K(15296K)->14288K(15296K) NonClass: 12327K(12928K)->12327K(12928K) Class: 1960K(2368K)->1960K(2368K)
[81.027s][info][gc             ] GC(597) Pause Young (Allocation Failure) 272M->8M(942M) 1.801ms
[81.027s][info][gc,cpu         ] GC(597) User=0.00s Sys=0.00s Real=0.00s
[81.182s][info][gc,start       ] GC(598) Pause Young (Allocation Failure)
[81.183s][info][gc,heap        ] GC(598) PSYoungGen: 265184K(265216K)->1024K(259072K) Eden: 264192K(264192K)->0K(258048K) From: 992K(1024K)->1024K(1024K)
[81.183s][info][gc,heap        ] GC(598) ParOldGen: 7620K(699392K)->7676K(699392K)
[81.183s][info][gc,metaspace   ] GC(598) Metaspace: 14288K(15296K)->14288K(15296K) NonClass: 12327K(12928K)->12327K(12928K) Class: 1960K(2368K)->1960K(2368K)
[81.183s][info][gc             ] GC(598) Pause Young (Allocation Failure) 266M->8M(936M) 1.856ms
[81.183s][info][gc,cpu         ] GC(598) User=0.00s Sys=0.00s Real=0.00s
[81.362s][info][gc,start       ] GC(599) Pause Young (Allocation Failure)
[81.364s][info][gc,heap        ] GC(599) PSYoungGen: 259072K(259072K)->992K(297472K) Eden: 258048K(258048K)->0K(295936K) From: 1024K(1024K)->992K(1536K)
[81.364s][info][gc,heap        ] GC(599) ParOldGen: 7676K(699392K)->7732K(699392K)
[81.364s][info][gc,metaspace   ] GC(599) Metaspace: 14288K(15296K)->14288K(15296K) NonClass: 12327K(12928K)->12327K(12928K) Class: 1960K(2368K)->1960K(2368K)
[81.364s][info][gc             ] GC(599) Pause Young (Allocation Failure) 260M->8M(973M) 2.326ms
[81.364s][info][gc,cpu         ] GC(599) User=0.00s Sys=0.00s Real=0.00s
[81.543s][info][gc,start       ] GC(600) Pause Young (Allocation Failure)
[81.544s][info][gc,heap        ] GC(600) PSYoungGen: 296928K(297472K)->960K(289280K) Eden: 295936K(295936K)->0K(288256K) From: 992K(1536K)->960K(1024K)
[81.544s][info][gc,heap        ] GC(600) ParOldGen: 7732K(699392K)->7812K(699392K)
[81.544s][info][gc,metaspace   ] GC(600) Metaspace: 14288K(15296K)->14288K(15296K) NonClass: 12327K(12928K)->12327K(12928K) Class: 1960K(2368K)->1960K(2368K)
[81.544s][info][gc             ] GC(600) Pause Young (Allocation Failure) 297M->8M(965M) 1.838ms
[81.544s][info][gc,cpu         ] GC(600) User=0.00s Sys=0.00s Real=0.00s
[81.713s][info][gc,start       ] GC(601) Pause Young (Allocation Failure)
[81.714s][info][gc,heap        ] GC(601) PSYoungGen: 289216K(289280K)->1024K(282112K) Eden: 288256K(288256K)->0K(281088K) From: 960K(1024K)->1024K(1024K)
[81.714s][info][gc,heap        ] GC(601) ParOldGen: 7812K(699392K)->7884K(699392K)
[81.714s][info][gc,metaspace   ] GC(601) Metaspace: 14288K(15296K)->14288K(15296K) NonClass: 12327K(12928K)->12327K(12928K) Class: 1960K(2368K)->1960K(2368K)
[81.714s][info][gc             ] GC(601) Pause Young (Allocation Failure) 290M->8M(958M) 1.550ms
[81.714s][info][gc,cpu         ] GC(601) User=0.00s Sys=0.00s Real=0.00s
[81.879s][info][gc,start       ] GC(602) Pause Young (Allocation Failure)
[81.880s][info][gc,heap        ] GC(602) PSYoungGen: 282112K(282112K)->1024K(274944K) Eden: 281088K(281088K)->0K(273920K) From: 1024K(1024K)->1024K(1024K)
[81.880s][info][gc,heap        ] GC(602) ParOldGen: 7884K(699392K)->7956K(699392K)
[81.880s][info][gc,metaspace   ] GC(602) Metaspace: 14288K(15296K)->14288K(15296K) NonClass: 12327K(12928K)->12327K(12928K) Class: 1960K(2368K)->1960K(2368K)
[81.880s][info][gc             ] GC(602) Pause Young (Allocation Failure) 283M->8M(951M) 1.591ms
[81.880s][info][gc,cpu         ] GC(602) User=0.00s Sys=0.00s Real=0.00s
[82.041s][info][gc,start       ] GC(603) Pause Young (Allocation Failure)
[82.042s][info][gc,heap        ] GC(603) PSYoungGen: 274944K(274944K)->960K(268288K) Eden: 273920K(273920K)->0K(267264K) From: 1024K(1024K)->960K(1024K)
[82.042s][info][gc,heap        ] GC(603) ParOldGen: 7956K(699392K)->8020K(699392K)
[82.042s][info][gc,metaspace   ] GC(603) Metaspace: 14288K(15296K)->14288K(15296K) NonClass: 12327K(12928K)->12327K(12928K) Class: 1960K(2368K)->1960K(2368K)
[82.042s][info][gc             ] GC(603) Pause Young (Allocation Failure) 276M->8M(945M) 1.376ms
[82.042s][info][gc,cpu         ] GC(603) User=0.00s Sys=0.00s Real=0.00s
[82.196s][info][gc,start       ] GC(604) Pause Young (Allocation Failure)
[82.197s][info][gc,heap        ] GC(604) PSYoungGen: 268224K(268288K)->992K(261632K) Eden: 267264K(267264K)->0K(260608K) From: 960K(1024K)->992K(1024K)
[82.197s][info][gc,heap        ] GC(604) ParOldGen: 8020K(699392K)->8084K(699392K)
[82.197s][info][gc,metaspace   ] GC(604) Metaspace: 14288K(15296K)->14288K(15296K) NonClass: 12327K(12928K)->12327K(12928K) Class: 1960K(2368K)->1960K(2368K)
[82.197s][info][gc             ] GC(604) Pause Young (Allocation Failure) 269M->8M(938M) 1.395ms
[82.197s][info][gc,cpu         ] GC(604) User=0.00s Sys=0.00s Real=0.00s
[82.348s][info][gc,start       ] GC(605) Pause Young (Allocation Failure)
[82.350s][info][gc,heap        ] GC(605) PSYoungGen: 261600K(261632K)->960K(255488K) Eden: 260608K(260608K)->0K(254464K) From: 992K(1024K)->960K(1024K)
[82.350s][info][gc,heap        ] GC(605) ParOldGen: 8084K(699392K)->8140K(699392K)
[82.350s][info][gc,metaspace   ] GC(605) Metaspace: 14288K(15296K)->14288K(15296K) NonClass: 12327K(12928K)->12327K(12928K) Class: 1960K(2368K)->1960K(2368K)
[82.350s][info][gc             ] GC(605) Pause Young (Allocation Failure) 263M->8M(932M) 1.468ms
[82.350s][info][gc,cpu         ] GC(605) User=0.00s Sys=0.00s Real=0.00s
[82.497s][info][gc,start       ] GC(606) Pause Young (Allocation Failure)
[82.499s][info][gc,heap        ] GC(606) PSYoungGen: 255424K(255488K)->1024K(249344K) Eden: 254464K(254464K)->0K(248320K) From: 960K(1024K)->1024K(1024K)
[82.499s][info][gc,heap        ] GC(606) ParOldGen: 8140K(699392K)->8212K(699392K)
[82.499s][info][gc,metaspace   ] GC(606) Metaspace: 14288K(15296K)->14288K(15296K) NonClass: 12327K(12928K)->12327K(12928K) Class: 1960K(2368K)->1960K(2368K)
[82.499s][info][gc             ] GC(606) Pause Young (Allocation Failure) 257M->9M(926M) 1.463ms
[82.499s][info][gc,cpu         ] GC(606) User=0.00s Sys=0.00s Real=0.00s
[82.642s][info][gc,start       ] GC(607) Pause Young (Allocation Failure)
[82.644s][info][gc,heap        ] GC(607) PSYoungGen: 249344K(249344K)->1024K(243712K) Eden: 248320K(248320K)->0K(242688K) From: 1024K(1024K)->1024K(1024K)
[82.644s][info][gc,heap        ] GC(607) ParOldGen: 8212K(699392K)->8276K(699392K)
[82.644s][info][gc,metaspace   ] GC(607) Metaspace: 14288K(15296K)->14288K(15296K) NonClass: 12327K(12928K)->12327K(12928K) Class: 1960K(2368K)->1960K(2368K)
[82.644s][info][gc             ] GC(607) Pause Young (Allocation Failure) 251M->9M(921M) 1.483ms
[82.644s][info][gc,cpu         ] GC(607) User=0.00s Sys=0.00s Real=0.00s
[82.784s][info][gc,start       ] GC(608) Pause Young (Allocation Failure)
[82.785s][info][gc,heap        ] GC(608) PSYoungGen: 243712K(243712K)->1024K(238080K) Eden: 242688K(242688K)->0K(237056K) From: 1024K(1024K)->1024K(1024K)
[82.785s][info][gc,heap        ] GC(608) ParOldGen: 8276K(699392K)->8364K(699392K)
[82.785s][info][gc,metaspace   ] GC(608) Metaspace: 14288K(15296K)->14288K(15296K) NonClass: 12327K(12928K)->12327K(12928K) Class: 1960K(2368K)->1960K(2368K)
[82.785s][info][gc             ] GC(608) Pause Young (Allocation Failure) 246M->9M(915M) 1.547ms
[82.785s][info][gc,cpu         ] GC(608) User=0.00s Sys=0.00s Real=0.00s
[82.922s][info][gc,start       ] GC(609) Pause Young (Allocation Failure)
[82.924s][info][gc,heap        ] GC(609) PSYoungGen: 238080K(238080K)->992K(232960K) Eden: 237056K(237056K)->0K(231936K) From: 1024K(1024K)->992K(1024K)
[82.924s][info][gc,heap        ] GC(609) ParOldGen: 8364K(699392K)->8436K(699392K)
[82.924s][info][gc,metaspace   ] GC(609) Metaspace: 14288K(15296K)->14288K(15296K) NonClass: 12327K(12928K)->12327K(12928K) Class: 1960K(2368K)->1960K(2368K)
[82.924s][info][gc             ] GC(609) Pause Young (Allocation Failure) 240M->9M(910M) 1.584ms
[82.924s][info][gc,cpu         ] GC(609) User=0.00s Sys=0.00s Real=0.00s
[83.057s][info][gc,start       ] GC(610) Pause Young (Allocation Failure)
[83.059s][info][gc,heap        ] GC(610) PSYoungGen: 232928K(232960K)->992K(227840K) Eden: 231936K(231936K)->0K(226816K) From: 992K(1024K)->992K(1024K)
[83.059s][info][gc,heap        ] GC(610) ParOldGen: 8436K(699392K)->8500K(699392K)
[83.059s][info][gc,metaspace   ] GC(610) Metaspace: 14288K(15296K)->14288K(15296K) NonClass: 12327K(12928K)->12327K(12928K) Class: 1960K(2368K)->1960K(2368K)
[83.059s][info][gc             ] GC(610) Pause Young (Allocation Failure) 235M->9M(905M) 1.531ms
[83.059s][info][gc,cpu         ] GC(610) User=0.00s Sys=0.00s Real=0.00s
[83.190s][info][gc,start       ] GC(611) Pause Young (Allocation Failure)
[83.191s][info][gc,heap        ] GC(611) PSYoungGen: 227808K(227840K)->1024K(222720K) Eden: 226816K(226816K)->0K(221696K) From: 992K(1024K)->1024K(1024K)
[83.191s][info][gc,heap        ] GC(611) ParOldGen: 8500K(699392K)->8564K(699392K)
[83.191s][info][gc,metaspace   ] GC(611) Metaspace: 14288K(15296K)->14288K(15296K) NonClass: 12327K(12928K)->12327K(12928K) Class: 1960K(2368K)->1960K(2368K)
[83.191s][info][gc             ] GC(611) Pause Young (Allocation Failure) 230M->9M(900M) 1.508ms
[83.191s][info][gc,cpu         ] GC(611) User=0.00s Sys=0.00s Real=0.00s
[83.319s][info][gc,start       ] GC(612) Pause Young (Allocation Failure)
[83.321s][info][gc,heap        ] GC(612) PSYoungGen: 222720K(222720K)->992K(218112K) Eden: 221696K(221696K)->0K(217088K) From: 1024K(1024K)->992K(1024K)
[83.321s][info][gc,heap        ] GC(612) ParOldGen: 8564K(699392K)->8612K(699392K)
[83.321s][info][gc,metaspace   ] GC(612) Metaspace: 14288K(15296K)->14288K(15296K) NonClass: 12327K(12928K)->12327K(12928K) Class: 1960K(2368K)->1960K(2368K)
[83.321s][info][gc             ] GC(612) Pause Young (Allocation Failure) 225M->9M(896M) 1.552ms
[83.321s][info][gc,cpu         ] GC(612) User=0.00s Sys=0.00s Real=0.00s
[83.447s][info][gc,start       ] GC(613) Pause Young (Allocation Failure)
[83.448s][info][gc,heap        ] GC(613) PSYoungGen: 218080K(218112K)->960K(213504K) Eden: 217088K(217088K)->0K(212480K) From: 992K(1024K)->960K(1024K)
[83.448s][info][gc,heap        ] GC(613) ParOldGen: 8612K(699392K)->8660K(699392K)
[83.448s][info][gc,metaspace   ] GC(613) Metaspace: 14288K(15296K)->14288K(15296K) NonClass: 12327K(12928K)->12327K(12928K) Class: 1960K(2368K)->1960K(2368K)
[83.448s][info][gc             ] GC(613) Pause Young (Allocation Failure) 221M->9M(891M) 1.595ms
[83.448s][info][gc,cpu         ] GC(613) User=0.00s Sys=0.00s Real=0.00s
[83.572s][info][gc,start       ] GC(614) Pause Young (Allocation Failure)
[83.573s][info][gc,heap        ] GC(614) PSYoungGen: 213440K(213504K)->960K(256000K) Eden: 212480K(212480K)->0K(254976K) From: 960K(1024K)->960K(1024K)
[83.573s][info][gc,heap        ] GC(614) ParOldGen: 8660K(699392K)->8708K(699392K)
[83.573s][info][gc,metaspace   ] GC(614) Metaspace: 14288K(15296K)->14288K(15296K) NonClass: 12327K(12928K)->12327K(12928K) Class: 1960K(2368K)->1960K(2368K)
[83.573s][info][gc             ] GC(614) Pause Young (Allocation Failure) 216M->9M(933M) 1.615ms
[83.573s][info][gc,cpu         ] GC(614) User=0.00s Sys=0.00s Real=0.00s
[83.720s][info][gc,start       ] GC(615) Pause Young (Allocation Failure)
[83.722s][info][gc,heap        ] GC(615) PSYoungGen: 255936K(256000K)->992K(249856K) Eden: 254976K(254976K)->0K(248832K) From: 960K(1024K)->992K(1024K)
[83.722s][info][gc,heap        ] GC(615) ParOldGen: 8708K(699392K)->8780K(699392K)
[83.722s][info][gc,metaspace   ] GC(615) Metaspace: 14288K(15296K)->14288K(15296K) NonClass: 12327K(12928K)->12327K(12928K) Class: 1960K(2368K)->1960K(2368K)
[83.722s][info][gc             ] GC(615) Pause Young (Allocation Failure) 258M->9M(927M) 1.648ms
[83.722s][info][gc,cpu         ] GC(615) User=0.00s Sys=0.00s Real=0.00s
[83.865s][info][gc,start       ] GC(616) Pause Young (Allocation Failure)
[83.866s][info][gc,heap        ] GC(616) PSYoungGen: 249824K(249856K)->992K(289280K) Eden: 248832K(248832K)->0K(287744K) From: 992K(1024K)->992K(1536K)
[83.866s][info][gc,heap        ] GC(616) ParOldGen: 8780K(699392K)->8852K(699392K)
[83.866s][info][gc,metaspace   ] GC(616) Metaspace: 14288K(15296K)->14288K(15296K) NonClass: 12327K(12928K)->12327K(12928K) Class: 1960K(2368K)->1960K(2368K)
[83.866s][info][gc             ] GC(616) Pause Young (Allocation Failure) 252M->9M(965M) 1.651ms
[83.867s][info][gc,cpu         ] GC(616) User=0.00s Sys=0.00s Real=0.00s
[84.033s][info][gc,start       ] GC(617) Pause Young (Allocation Failure)
[84.035s][info][gc,heap        ] GC(617) PSYoungGen: 288736K(289280K)->1056K(282112K) Eden: 287744K(287744K)->0K(280576K) From: 992K(1536K)->1056K(1536K)
[84.035s][info][gc,heap        ] GC(617) ParOldGen: 8852K(699392K)->8940K(699392K)
[84.035s][info][gc,metaspace   ] GC(617) Metaspace: 14288K(15296K)->14288K(15296K) NonClass: 12327K(12928K)->12327K(12928K) Class: 1960K(2368K)->1960K(2368K)
[84.035s][info][gc             ] GC(617) Pause Young (Allocation Failure) 290M->9M(958M) 1.683ms
[84.035s][info][gc,cpu         ] GC(617) User=0.00s Sys=0.00s Real=0.00s
[84.197s][info][gc,start       ] GC(618) Pause Young (Allocation Failure)
[84.199s][info][gc,heap        ] GC(618) PSYoungGen: 281632K(282112K)->1024K(274432K) Eden: 280576K(280576K)->0K(273408K) From: 1056K(1536K)->1024K(1024K)
[84.199s][info][gc,heap        ] GC(618) ParOldGen: 8940K(699392K)->9020K(699392K)
[84.199s][info][gc,metaspace   ] GC(618) Metaspace: 14288K(15296K)->14288K(15296K) NonClass: 12327K(12928K)->12327K(12928K) Class: 1960K(2368K)->1960K(2368K)
[84.199s][info][gc             ] GC(618) Pause Young (Allocation Failure) 283M->9M(951M) 1.677ms
[84.199s][info][gc,cpu         ] GC(618) User=0.00s Sys=0.00s Real=0.00s
[84.358s][info][gc,start       ] GC(619) Pause Young (Allocation Failure)
[84.359s][info][gc,heap        ] GC(619) PSYoungGen: 274432K(274432K)->1024K(267776K) Eden: 273408K(273408K)->0K(266752K) From: 1024K(1024K)->1024K(1024K)
[84.359s][info][gc,heap        ] GC(619) ParOldGen: 9020K(699392K)->9108K(699392K)
[84.359s][info][gc,metaspace   ] GC(619) Metaspace: 14288K(15296K)->14288K(15296K) NonClass: 12327K(12928K)->12327K(12928K) Class: 1960K(2368K)->1960K(2368K)
[84.359s][info][gc             ] GC(619) Pause Young (Allocation Failure) 276M->9M(944M) 1.698ms
[84.359s][info][gc,cpu         ] GC(619) User=0.52s Sys=0.00s Real=0.00s
[84.515s][info][gc,start       ] GC(620) Pause Young (Allocation Failure)
[84.516s][info][gc,heap        ] GC(620) PSYoungGen: 267776K(267776K)->1024K(261120K) Eden: 266752K(266752K)->0K(260096K) From: 1024K(1024K)->1024K(1024K)
[84.516s][info][gc,heap        ] GC(620) ParOldGen: 9108K(699392K)->9172K(699392K)
[84.516s][info][gc,metaspace   ] GC(620) Metaspace: 14288K(15296K)->14288K(15296K) NonClass: 12327K(12928K)->12327K(12928K) Class: 1960K(2368K)->1960K(2368K)
[84.516s][info][gc             ] GC(620) Pause Young (Allocation Failure) 270M->9M(938M) 1.706ms
[84.516s][info][gc,cpu         ] GC(620) User=0.00s Sys=0.03s Real=0.00s
[84.668s][info][gc,start       ] GC(621) Pause Young (Allocation Failure)
[84.670s][info][gc,heap        ] GC(621) PSYoungGen: 261120K(261120K)->992K(254976K) Eden: 260096K(260096K)->0K(253952K) From: 1024K(1024K)->992K(1024K)
[84.670s][info][gc,heap        ] GC(621) ParOldGen: 9172K(699392K)->9244K(699392K)
[84.670s][info][gc,metaspace   ] GC(621) Metaspace: 14288K(15296K)->14288K(15296K) NonClass: 12327K(12928K)->12327K(12928K) Class: 1960K(2368K)->1960K(2368K)
[84.670s][info][gc             ] GC(621) Pause Young (Allocation Failure) 263M->9M(932M) 1.736ms
[84.670s][info][gc,cpu         ] GC(621) User=0.00s Sys=0.00s Real=0.00s
[84.818s][info][gc,start       ] GC(622) Pause Young (Allocation Failure)
[84.819s][info][gc,heap        ] GC(622) PSYoungGen: 254944K(254976K)->1056K(298496K) Eden: 253952K(253952K)->0K(296960K) From: 992K(1024K)->1056K(1536K)
[84.819s][info][gc,heap        ] GC(622) ParOldGen: 9244K(699392K)->9292K(699392K)
[84.819s][info][gc,metaspace   ] GC(622) Metaspace: 14288K(15296K)->14288K(15296K) NonClass: 12327K(12928K)->12327K(12928K) Class: 1960K(2368K)->1960K(2368K)
[84.819s][info][gc             ] GC(622) Pause Young (Allocation Failure) 257M->10M(974M) 1.760ms
[84.819s][info][gc,cpu         ] GC(622) User=0.00s Sys=0.00s Real=0.00s
[84.992s][info][gc,start       ] GC(623) Pause Young (Allocation Failure)
[84.994s][info][gc,heap        ] GC(623) PSYoungGen: 298016K(298496K)->1056K(290816K) Eden: 296960K(296960K)->0K(289280K) From: 1056K(1536K)->1056K(1536K)
[84.994s][info][gc,heap        ] GC(623) ParOldGen: 9292K(699392K)->9332K(699392K)
[84.994s][info][gc,metaspace   ] GC(623) Metaspace: 14288K(15296K)->14288K(15296K) NonClass: 12327K(12928K)->12327K(12928K) Class: 1960K(2368K)->1960K(2368K)
[84.994s][info][gc             ] GC(623) Pause Young (Allocation Failure) 300M->10M(967M) 1.771ms
[84.994s][info][gc,cpu         ] GC(623) User=0.00s Sys=0.00s Real=0.00s
[85.270s][info][gc,start       ] GC(624) Pause Young (Allocation Failure)
[85.273s][info][gc,heap        ] GC(624) PSYoungGen: 290336K(290816K)->1056K(283648K) Eden: 289280K(289280K)->0K(282112K) From: 1056K(1536K)->1056K(1536K)
[85.273s][info][gc,heap        ] GC(624) ParOldGen: 9332K(699392K)->9396K(699392K)
[85.273s][info][gc,metaspace   ] GC(624) Metaspace: 14288K(15296K)->14288K(15296K) NonClass: 12327K(12928K)->12327K(12928K) Class: 1960K(2368K)->1960K(2368K)
[85.273s][info][gc             ] GC(624) Pause Young (Allocation Failure) 292M->10M(960M) 2.569ms
[85.273s][info][gc,cpu         ] GC(624) User=0.00s Sys=0.00s Real=0.00s
[85.444s][info][gc,start       ] GC(625) Pause Young (Allocation Failure)
[85.446s][info][gc,heap        ] GC(625) PSYoungGen: 283167K(283648K)->512K(275456K) Eden: 282111K(282112K)->0K(274944K) From: 1056K(1536K)->512K(512K)
[85.446s][info][gc,heap        ] GC(625) ParOldGen: 9396K(699392K)->9564K(699392K)
[85.446s][info][gc,metaspace   ] GC(625) Metaspace: 14288K(15296K)->14288K(15296K) NonClass: 12327K(12928K)->12327K(12928K) Class: 1960K(2368K)->1960K(2368K)
[85.446s][info][gc             ] GC(625) Pause Young (Allocation Failure) 285M->9M(952M) 1.654ms
[85.446s][info][gc,cpu         ] GC(625) User=0.00s Sys=0.00s Real=0.00s
[85.606s][info][gc,start       ] GC(626) Pause Young (Allocation Failure)
[85.608s][info][gc,heap        ] GC(626) PSYoungGen: 275456K(275456K)->1056K(269824K) Eden: 274944K(274944K)->0K(268288K) From: 512K(512K)->1056K(1536K)
[85.608s][info][gc,heap        ] GC(626) ParOldGen: 9564K(699392K)->9620K(699392K)
[85.608s][info][gc,metaspace   ] GC(626) Metaspace: 14288K(15296K)->14288K(15296K) NonClass: 12327K(12928K)->12327K(12928K) Class: 1960K(2368K)->1960K(2368K)
[85.608s][info][gc             ] GC(626) Pause Young (Allocation Failure) 278M->10M(946M) 1.560ms
[85.608s][info][gc,cpu         ] GC(626) User=0.00s Sys=0.00s Real=0.00s
[85.765s][info][gc,start       ] GC(627) Pause Young (Allocation Failure)
[85.766s][info][gc,heap        ] GC(627) PSYoungGen: 269344K(269824K)->1024K(262656K) Eden: 268288K(268288K)->0K(261632K) From: 1056K(1536K)->1024K(1024K)
[85.766s][info][gc,heap        ] GC(627) ParOldGen: 9620K(699392K)->9676K(699392K)
[85.766s][info][gc,metaspace   ] GC(627) Metaspace: 14288K(15296K)->14288K(15296K) NonClass: 12327K(12928K)->12327K(12928K) Class: 1960K(2368K)->1960K(2368K)
[85.766s][info][gc             ] GC(627) Pause Young (Allocation Failure) 272M->10M(939M) 1.469ms
[85.766s][info][gc,cpu         ] GC(627) User=0.02s Sys=0.00s Real=0.00s
[85.918s][info][gc,start       ] GC(628) Pause Young (Allocation Failure)
[85.920s][info][gc,heap        ] GC(628) PSYoungGen: 262656K(262656K)->1024K(256512K) Eden: 261632K(261632K)->0K(255488K) From: 1024K(1024K)->1024K(1024K)
[85.920s][info][gc,heap        ] GC(628) ParOldGen: 9676K(699392K)->9748K(699392K)
[85.920s][info][gc,metaspace   ] GC(628) Metaspace: 14288K(15296K)->14288K(15296K) NonClass: 12327K(12928K)->12327K(12928K) Class: 1960K(2368K)->1960K(2368K)
[85.920s][info][gc             ] GC(628) Pause Young (Allocation Failure) 265M->10M(933M) 1.502ms
[85.920s][info][gc,cpu         ] GC(628) User=0.00s Sys=0.00s Real=0.00s
[86.069s][info][gc,start       ] GC(629) Pause Young (Allocation Failure)
[86.071s][info][gc,heap        ] GC(629) PSYoungGen: 256512K(256512K)->992K(250368K) Eden: 255488K(255488K)->0K(249344K) From: 1024K(1024K)->992K(1024K)
[86.071s][info][gc,heap        ] GC(629) ParOldGen: 9748K(699392K)->9812K(699392K)
[86.071s][info][gc,metaspace   ] GC(629) Metaspace: 14288K(15296K)->14288K(15296K) NonClass: 12327K(12928K)->12327K(12928K) Class: 1960K(2368K)->1960K(2368K)
[86.071s][info][gc             ] GC(629) Pause Young (Allocation Failure) 260M->10M(927M) 1.325ms
[86.071s][info][gc,cpu         ] GC(629) User=0.00s Sys=0.00s Real=0.00s
[86.215s][info][gc,start       ] GC(630) Pause Young (Allocation Failure)
[86.217s][info][gc,heap        ] GC(630) PSYoungGen: 250336K(250368K)->1056K(245248K) Eden: 249344K(249344K)->0K(243712K) From: 992K(1024K)->1056K(1536K)
[86.217s][info][gc,heap        ] GC(630) ParOldGen: 9812K(699392K)->9860K(699392K)
[86.217s][info][gc,metaspace   ] GC(630) Metaspace: 14288K(15296K)->14288K(15296K) NonClass: 12327K(12928K)->12327K(12928K) Class: 1960K(2368K)->1960K(2368K)
[86.217s][info][gc             ] GC(630) Pause Young (Allocation Failure) 254M->10M(922M) 1.325ms
[86.217s][info][gc,cpu         ] GC(630) User=0.00s Sys=0.00s Real=0.00s
[86.359s][info][gc,start       ] GC(631) Pause Young (Allocation Failure)
[86.360s][info][gc,heap        ] GC(631) PSYoungGen: 244768K(245248K)->992K(239104K) Eden: 243712K(243712K)->0K(238080K) From: 1056K(1536K)->992K(1024K)
[86.360s][info][gc,heap        ] GC(631) ParOldGen: 9860K(699392K)->9924K(699392K)
[86.360s][info][gc,metaspace   ] GC(631) Metaspace: 14288K(15296K)->14288K(15296K) NonClass: 12327K(12928K)->12327K(12928K) Class: 1960K(2368K)->1960K(2368K)
[86.360s][info][gc             ] GC(631) Pause Young (Allocation Failure) 248M->10M(916M) 1.304ms
[86.360s][info][gc,cpu         ] GC(631) User=0.00s Sys=0.02s Real=0.00s
[86.498s][info][gc,start       ] GC(632) Pause Young (Allocation Failure)
[86.499s][info][gc,heap        ] GC(632) PSYoungGen: 239072K(239104K)->1024K(233472K) Eden: 238080K(238080K)->0K(232448K) From: 992K(1024K)->1024K(1024K)
[86.499s][info][gc,heap        ] GC(632) ParOldGen: 9924K(699392K)->9980K(699392K)
[86.499s][info][gc,metaspace   ] GC(632) Metaspace: 14288K(15296K)->14288K(15296K) NonClass: 12327K(12928K)->12327K(12928K) Class: 1960K(2368K)->1960K(2368K)
[86.499s][info][gc             ] GC(632) Pause Young (Allocation Failure) 243M->10M(911M) 1.372ms
[86.499s][info][gc,cpu         ] GC(632) User=0.52s Sys=0.00s Real=0.00s
[86.634s][info][gc,start       ] GC(633) Pause Young (Allocation Failure)
[86.636s][info][gc,heap        ] GC(633) PSYoungGen: 233472K(233472K)->1024K(228352K) Eden: 232448K(232448K)->0K(227328K) From: 1024K(1024K)->1024K(1024K)
[86.636s][info][gc,heap        ] GC(633) ParOldGen: 9980K(699392K)->10052K(699392K)
[86.636s][info][gc,metaspace   ] GC(633) Metaspace: 14288K(15296K)->14288K(15296K) NonClass: 12327K(12928K)->12327K(12928K) Class: 1960K(2368K)->1960K(2368K)
[86.636s][info][gc             ] GC(633) Pause Young (Allocation Failure) 237M->10M(906M) 1.382ms
[86.636s][info][gc,cpu         ] GC(633) User=0.00s Sys=0.00s Real=0.00s
[86.768s][info][gc,start       ] GC(634) Pause Young (Allocation Failure)
[86.769s][info][gc,heap        ] GC(634) PSYoungGen: 228352K(228352K)->1056K(223744K) Eden: 227328K(227328K)->0K(222208K) From: 1024K(1024K)->1056K(1536K)
[86.769s][info][gc,heap        ] GC(634) ParOldGen: 10052K(699392K)->10084K(699392K)
[86.769s][info][gc,metaspace   ] GC(634) Metaspace: 14288K(15296K)->14288K(15296K) NonClass: 12327K(12928K)->12327K(12928K) Class: 1960K(2368K)->1960K(2368K)
[86.769s][info][gc             ] GC(634) Pause Young (Allocation Failure) 232M->10M(901M) 1.459ms
[86.769s][info][gc,cpu         ] GC(634) User=0.00s Sys=0.00s Real=0.00s
[86.898s][info][gc,start       ] GC(635) Pause Young (Allocation Failure)
[86.900s][info][gc,heap        ] GC(635) PSYoungGen: 223264K(223744K)->992K(218624K) Eden: 222208K(222208K)->0K(217600K) From: 1056K(1536K)->992K(1024K)
[86.900s][info][gc,heap        ] GC(635) ParOldGen: 10084K(699392K)->10132K(699392K)
[86.900s][info][gc,metaspace   ] GC(635) Metaspace: 14288K(15296K)->14288K(15296K) NonClass: 12327K(12928K)->12327K(12928K) Class: 1960K(2368K)->1960K(2368K)
[86.900s][info][gc             ] GC(635) Pause Young (Allocation Failure) 227M->10M(896M) 1.399ms
[86.900s][info][gc,cpu         ] GC(635) User=0.00s Sys=0.00s Real=0.00s
[87.027s][info][gc,start       ] GC(636) Pause Young (Allocation Failure)
[87.028s][info][gc,heap        ] GC(636) PSYoungGen: 218592K(218624K)->1024K(214016K) Eden: 217600K(217600K)->0K(212992K) From: 992K(1024K)->1024K(1024K)
[87.028s][info][gc,heap        ] GC(636) ParOldGen: 10132K(699392K)->10196K(699392K)
[87.028s][info][gc,metaspace   ] GC(636) Metaspace: 14288K(15296K)->14288K(15296K) NonClass: 12327K(12928K)->12327K(12928K) Class: 1960K(2368K)->1960K(2368K)
[87.028s][info][gc             ] GC(636) Pause Young (Allocation Failure) 223M->10M(892M) 1.408ms
[87.028s][info][gc,cpu         ] GC(636) User=0.00s Sys=0.00s Real=0.00s
[87.153s][info][gc,start       ] GC(637) Pause Young (Allocation Failure)
[87.154s][info][gc,heap        ] GC(637) PSYoungGen: 214016K(214016K)->992K(209408K) Eden: 212992K(212992K)->0K(208384K) From: 1024K(1024K)->992K(1024K)
[87.154s][info][gc,heap        ] GC(637) ParOldGen: 10196K(699392K)->10244K(699392K)
[87.154s][info][gc,metaspace   ] GC(637) Metaspace: 14288K(15296K)->14288K(15296K) NonClass: 12327K(12928K)->12327K(12928K) Class: 1960K(2368K)->1960K(2368K)
[87.154s][info][gc             ] GC(637) Pause Young (Allocation Failure) 218M->10M(887M) 1.467ms
[87.154s][info][gc,cpu         ] GC(637) User=0.00s Sys=0.00s Real=0.00s
[87.276s][info][gc,start       ] GC(638) Pause Young (Allocation Failure)
[87.277s][info][gc,heap        ] GC(638) PSYoungGen: 209376K(209408K)->1024K(204800K) Eden: 208384K(208384K)->0K(203776K) From: 992K(1024K)->1024K(1024K)
[87.277s][info][gc,heap        ] GC(638) ParOldGen: 10244K(699392K)->10292K(699392K)
[87.277s][info][gc,metaspace   ] GC(638) Metaspace: 14288K(15296K)->14288K(15296K) NonClass: 12327K(12928K)->12327K(12928K) Class: 1960K(2368K)->1960K(2368K)
[87.277s][info][gc             ] GC(638) Pause Young (Allocation Failure) 214M->11M(883M) 1.440ms
[87.277s][info][gc,cpu         ] GC(638) User=0.00s Sys=0.00s Real=0.00s
[87.395s][info][gc,start       ] GC(639) Pause Young (Allocation Failure)
[87.396s][info][gc,heap        ] GC(639) PSYoungGen: 204800K(204800K)->1024K(245760K) Eden: 203776K(203776K)->0K(244736K) From: 1024K(1024K)->1024K(1024K)
[87.396s][info][gc,heap        ] GC(639) ParOldGen: 10292K(699392K)->10340K(699392K)
[87.396s][info][gc,metaspace   ] GC(639) Metaspace: 14288K(15296K)->14288K(15296K) NonClass: 12327K(12928K)->12327K(12928K) Class: 1960K(2368K)->1960K(2368K)
[87.396s][info][gc             ] GC(639) Pause Young (Allocation Failure) 210M->11M(923M) 1.483ms
[87.396s][info][gc,cpu         ] GC(639) User=0.00s Sys=0.00s Real=0.00s
[87.540s][info][gc,start       ] GC(640) Pause Young (Allocation Failure)
[87.541s][info][gc,heap        ] GC(640) PSYoungGen: 245760K(245760K)->1024K(240128K) Eden: 244736K(244736K)->0K(239104K) From: 1024K(1024K)->1024K(1024K)
[87.541s][info][gc,heap        ] GC(640) ParOldGen: 10340K(699392K)->10412K(699392K)
[87.541s][info][gc,metaspace   ] GC(640) Metaspace: 14288K(15296K)->14288K(15296K) NonClass: 12327K(12928K)->12327K(12928K) Class: 1960K(2368K)->1960K(2368K)
[87.541s][info][gc             ] GC(640) Pause Young (Allocation Failure) 250M->11M(917M) 1.541ms
[87.541s][info][gc,cpu         ] GC(640) User=0.00s Sys=0.00s Real=0.00s
[87.681s][info][gc,start       ] GC(641) Pause Young (Allocation Failure)
[87.682s][info][gc,heap        ] GC(641) PSYoungGen: 240128K(240128K)->1024K(288256K) Eden: 239104K(239104K)->0K(287232K) From: 1024K(1024K)->1024K(1024K)
[87.682s][info][gc,heap        ] GC(641) ParOldGen: 10412K(699392K)->10476K(699392K)
[87.682s][info][gc,metaspace   ] GC(641) Metaspace: 14288K(15296K)->14288K(15296K) NonClass: 12327K(12928K)->12327K(12928K) Class: 1960K(2368K)->1960K(2368K)
[87.682s][info][gc             ] GC(641) Pause Young (Allocation Failure) 244M->11M(964M) 1.589ms
[87.682s][info][gc,cpu         ] GC(641) User=0.00s Sys=0.00s Real=0.00s
[87.851s][info][gc,start       ] GC(642) Pause Young (Allocation Failure)
[87.853s][info][gc,heap        ] GC(642) PSYoungGen: 288256K(288256K)->1024K(281088K) Eden: 287232K(287232K)->0K(280064K) From: 1024K(1024K)->1024K(1024K)
[87.853s][info][gc,heap        ] GC(642) ParOldGen: 10476K(699392K)->10508K(699392K)
[87.853s][info][gc,metaspace   ] GC(642) Metaspace: 14288K(15296K)->14288K(15296K) NonClass: 12327K(12928K)->12327K(12928K) Class: 1960K(2368K)->1960K(2368K)
[87.853s][info][gc             ] GC(642) Pause Young (Allocation Failure) 291M->11M(957M) 1.645ms
[87.853s][info][gc,cpu         ] GC(642) User=0.00s Sys=0.00s Real=0.00s
[88.017s][info][gc,start       ] GC(643) Pause Young (Allocation Failure)
[88.019s][info][gc,heap        ] GC(643) PSYoungGen: 281088K(281088K)->992K(273920K) Eden: 280064K(280064K)->0K(272896K) From: 1024K(1024K)->992K(1024K)
[88.019s][info][gc,heap        ] GC(643) ParOldGen: 10508K(699392K)->10572K(699392K)
[88.019s][info][gc,metaspace   ] GC(643) Metaspace: 14288K(15296K)->14288K(15296K) NonClass: 12327K(12928K)->12327K(12928K) Class: 1960K(2368K)->1960K(2368K)
[88.019s][info][gc             ] GC(643) Pause Young (Allocation Failure) 284M->11M(950M) 1.633ms
[88.019s][info][gc,cpu         ] GC(643) User=0.00s Sys=0.00s Real=0.00s
[88.179s][info][gc,start       ] GC(644) Pause Young (Allocation Failure)
[88.180s][info][gc,heap        ] GC(644) PSYoungGen: 273888K(273920K)->1024K(267264K) Eden: 272896K(272896K)->0K(266240K) From: 992K(1024K)->1024K(1024K)
[88.180s][info][gc,heap        ] GC(644) ParOldGen: 10572K(699392K)->10644K(699392K)
[88.180s][info][gc,metaspace   ] GC(644) Metaspace: 14288K(15296K)->14288K(15296K) NonClass: 12327K(12928K)->12327K(12928K) Class: 1960K(2368K)->1960K(2368K)
[88.180s][info][gc             ] GC(644) Pause Young (Allocation Failure) 277M->11M(944M) 1.653ms
[88.180s][info][gc,cpu         ] GC(644) User=0.00s Sys=0.00s Real=0.00s
[88.336s][info][gc,start       ] GC(645) Pause Young (Allocation Failure)
[88.338s][info][gc,heap        ] GC(645) PSYoungGen: 267264K(267264K)->992K(260608K) Eden: 266240K(266240K)->0K(259584K) From: 1024K(1024K)->992K(1024K)
[88.338s][info][gc,heap        ] GC(645) ParOldGen: 10644K(699392K)->10700K(699392K)
[88.338s][info][gc,metaspace   ] GC(645) Metaspace: 14288K(15296K)->14288K(15296K) NonClass: 12327K(12928K)->12327K(12928K) Class: 1960K(2368K)->1960K(2368K)
[88.338s][info][gc             ] GC(645) Pause Young (Allocation Failure) 271M->11M(937M) 1.713ms
[88.338s][info][gc,cpu         ] GC(645) User=0.00s Sys=0.00s Real=0.00s
[88.489s][info][gc,start       ] GC(646) Pause Young (Allocation Failure)
[88.491s][info][gc,heap        ] GC(646) PSYoungGen: 260576K(260608K)->1024K(254464K) Eden: 259584K(259584K)->0K(253440K) From: 992K(1024K)->1024K(1024K)
[88.491s][info][gc,heap        ] GC(646) ParOldGen: 10700K(699392K)->10764K(699392K)
[88.491s][info][gc,metaspace   ] GC(646) Metaspace: 14288K(15296K)->14288K(15296K) NonClass: 12327K(12928K)->12327K(12928K) Class: 1960K(2368K)->1960K(2368K)
[88.491s][info][gc             ] GC(646) Pause Young (Allocation Failure) 264M->11M(931M) 1.734ms
[88.491s][info][gc,cpu         ] GC(646) User=0.00s Sys=0.00s Real=0.00s
[88.637s][info][gc,start       ] GC(647) Pause Young (Allocation Failure)
[88.639s][info][gc,heap        ] GC(647) PSYoungGen: 254464K(254464K)->960K(248320K) Eden: 253440K(253440K)->0K(247296K) From: 1024K(1024K)->960K(1024K)
[88.639s][info][gc,heap        ] GC(647) ParOldGen: 10764K(699392K)->10828K(699392K)
[88.639s][info][gc,metaspace   ] GC(647) Metaspace: 14288K(15296K)->14288K(15296K) NonClass: 12327K(12928K)->12327K(12928K) Class: 1960K(2368K)->1960K(2368K)
[88.639s][info][gc             ] GC(647) Pause Young (Allocation Failure) 259M->11M(925M) 1.735ms
[88.639s][info][gc,cpu         ] GC(647) User=0.00s Sys=0.00s Real=0.00s
[88.783s][info][gc,start       ] GC(648) Pause Young (Allocation Failure)
[88.785s][info][gc,heap        ] GC(648) PSYoungGen: 248256K(248320K)->1024K(295936K) Eden: 247296K(247296K)->0K(294400K) From: 960K(1024K)->1024K(1536K)
[88.785s][info][gc,heap        ] GC(648) ParOldGen: 10828K(699392K)->10892K(699392K)
[88.785s][info][gc,metaspace   ] GC(648) Metaspace: 14288K(15296K)->14288K(15296K) NonClass: 12327K(12928K)->12327K(12928K) Class: 1960K(2368K)->1960K(2368K)
[88.785s][info][gc             ] GC(648) Pause Young (Allocation Failure) 253M->11M(972M) 1.762ms
[88.785s][info][gc,cpu         ] GC(648) User=0.00s Sys=0.00s Real=0.00s
[88.955s][info][gc,start       ] GC(649) Pause Young (Allocation Failure)
[88.957s][info][gc,heap        ] GC(649) PSYoungGen: 295424K(295936K)->1024K(298496K) Eden: 294400K(294400K)->0K(296960K) From: 1024K(1536K)->1024K(1536K)
[88.957s][info][gc,heap        ] GC(649) ParOldGen: 10892K(699392K)->10932K(699392K)
[88.957s][info][gc,metaspace   ] GC(649) Metaspace: 14288K(15296K)->14288K(15296K) NonClass: 12327K(12928K)->12327K(12928K) Class: 1960K(2368K)->1960K(2368K)
[88.957s][info][gc             ] GC(649) Pause Young (Allocation Failure) 299M->11M(974M) 1.927ms
[88.957s][info][gc,cpu         ] GC(649) User=0.00s Sys=0.00s Real=0.00s
[89.202s][info][gc,start       ] GC(650) Pause Young (Allocation Failure)
[89.205s][info][gc,heap        ] GC(650) PSYoungGen: 297984K(298496K)->1024K(290304K) Eden: 296960K(296960K)->0K(289280K) From: 1024K(1536K)->1024K(1024K)
[89.205s][info][gc,heap        ] GC(650) ParOldGen: 10932K(699392K)->10988K(699392K)
[89.205s][info][gc,metaspace   ] GC(650) Metaspace: 14288K(15296K)->14288K(15296K) NonClass: 12327K(12928K)->12327K(12928K) Class: 1960K(2368K)->1960K(2368K)
[89.205s][info][gc             ] GC(650) Pause Young (Allocation Failure) 301M->11M(966M) 2.933ms
[89.205s][info][gc,cpu         ] GC(650) User=0.00s Sys=0.00s Real=0.00s
[89.380s][info][gc,start       ] GC(651) Pause Young (Allocation Failure)
[89.382s][info][gc,heap        ] GC(651) PSYoungGen: 290304K(290304K)->1024K(283136K) Eden: 289280K(289280K)->0K(282112K) From: 1024K(1024K)->1024K(1024K)
[89.382s][info][gc,heap        ] GC(651) ParOldGen: 10988K(699392K)->11060K(699392K)
[89.382s][info][gc,metaspace   ] GC(651) Metaspace: 14288K(15296K)->14288K(15296K) NonClass: 12327K(12928K)->12327K(12928K) Class: 1960K(2368K)->1960K(2368K)
[89.382s][info][gc             ] GC(651) Pause Young (Allocation Failure) 294M->11M(959M) 1.708ms
[89.382s][info][gc,cpu         ] GC(651) User=0.00s Sys=0.00s Real=0.00s
[89.549s][info][gc,start       ] GC(652) Pause Young (Allocation Failure)
[89.550s][info][gc,heap        ] GC(652) PSYoungGen: 283136K(283136K)->1024K(275968K) Eden: 282112K(282112K)->0K(274944K) From: 1024K(1024K)->1024K(1024K)
[89.550s][info][gc,heap        ] GC(652) ParOldGen: 11060K(699392K)->11152K(699392K)
[89.550s][info][gc,metaspace   ] GC(652) Metaspace: 14288K(15296K)->14288K(15296K) NonClass: 12327K(12928K)->12327K(12928K) Class: 1960K(2368K)->1960K(2368K)
[89.550s][info][gc             ] GC(652) Pause Young (Allocation Failure) 287M->11M(952M) 1.468ms
[89.550s][info][gc,cpu         ] GC(652) User=0.00s Sys=0.00s Real=0.00s
[89.711s][info][gc,start       ] GC(653) Pause Young (Allocation Failure)
[89.713s][info][gc,heap        ] GC(653) PSYoungGen: 275968K(275968K)->992K(269312K) Eden: 274944K(274944K)->0K(268288K) From: 1024K(1024K)->992K(1024K)
[89.713s][info][gc,heap        ] GC(653) ParOldGen: 11152K(699392K)->11208K(699392K)
[89.713s][info][gc,metaspace   ] GC(653) Metaspace: 14288K(15296K)->14288K(15296K) NonClass: 12327K(12928K)->12327K(12928K) Class: 1960K(2368K)->1960K(2368K)
[89.713s][info][gc             ] GC(653) Pause Young (Allocation Failure) 280M->11M(946M) 1.391ms
[89.713s][info][gc,cpu         ] GC(653) User=0.00s Sys=0.00s Real=0.00s
[89.869s][info][gc,start       ] GC(654) Pause Young (Allocation Failure)
[89.870s][info][gc,heap        ] GC(654) PSYoungGen: 269280K(269312K)->1024K(262656K) Eden: 268288K(268288K)->0K(261632K) From: 992K(1024K)->1024K(1024K)
[89.870s][info][gc,heap        ] GC(654) ParOldGen: 11208K(699392K)->11264K(699392K)
[89.870s][info][gc,metaspace   ] GC(654) Metaspace: 14288K(15296K)->14288K(15296K) NonClass: 12327K(12928K)->12327K(12928K) Class: 1960K(2368K)->1960K(2368K)
[89.870s][info][gc             ] GC(654) Pause Young (Allocation Failure) 273M->12M(939M) 1.411ms
[89.870s][info][gc,cpu         ] GC(654) User=0.00s Sys=0.00s Real=0.00s
[90.021s][info][gc,start       ] GC(655) Pause Young (Allocation Failure)
[90.022s][info][gc,heap        ] GC(655) PSYoungGen: 262656K(262656K)->992K(256512K) Eden: 261632K(261632K)->0K(255488K) From: 1024K(1024K)->992K(1024K)
[90.022s][info][gc,heap        ] GC(655) ParOldGen: 11264K(699392K)->11328K(699392K)
[90.022s][info][gc,metaspace   ] GC(655) Metaspace: 14288K(15296K)->14288K(15296K) NonClass: 12327K(12928K)->12327K(12928K) Class: 1960K(2368K)->1960K(2368K)
[90.022s][info][gc             ] GC(655) Pause Young (Allocation Failure) 267M->12M(933M) 1.455ms
[90.022s][info][gc,cpu         ] GC(655) User=0.00s Sys=0.00s Real=0.00s
[90.169s][info][gc,start       ] GC(656) Pause Young (Allocation Failure)
[90.171s][info][gc,heap        ] GC(656) PSYoungGen: 256480K(256512K)->1024K(250368K) Eden: 255488K(255488K)->0K(249344K) From: 992K(1024K)->1024K(1024K)
[90.171s][info][gc,heap        ] GC(656) ParOldGen: 11328K(699392K)->11416K(699392K)
[90.171s][info][gc,metaspace   ] GC(656) Metaspace: 14288K(15296K)->14288K(15296K) NonClass: 12327K(12928K)->12327K(12928K) Class: 1960K(2368K)->1960K(2368K)
[90.171s][info][gc             ] GC(656) Pause Young (Allocation Failure) 261M->12M(927M) 1.379ms
[90.171s][info][gc,cpu         ] GC(656) User=0.00s Sys=0.00s Real=0.00s
[90.313s][info][gc,start       ] GC(657) Pause Young (Allocation Failure)
[90.315s][info][gc,heap        ] GC(657) PSYoungGen: 250368K(250368K)->992K(244736K) Eden: 249344K(249344K)->0K(243712K) From: 1024K(1024K)->992K(1024K)
[90.315s][info][gc,heap        ] GC(657) ParOldGen: 11416K(699392K)->11472K(699392K)
[90.315s][info][gc,metaspace   ] GC(657) Metaspace: 14288K(15296K)->14288K(15296K) NonClass: 12327K(12928K)->12327K(12928K) Class: 1960K(2368K)->1960K(2368K)
[90.315s][info][gc             ] GC(657) Pause Young (Allocation Failure) 255M->12M(922M) 1.395ms
[90.315s][info][gc,cpu         ] GC(657) User=0.00s Sys=0.00s Real=0.00s
[90.454s][info][gc,start       ] GC(658) Pause Young (Allocation Failure)
[90.456s][info][gc,heap        ] GC(658) PSYoungGen: 244704K(244736K)->992K(239104K) Eden: 243712K(243712K)->0K(238080K) From: 992K(1024K)->992K(1024K)
[90.456s][info][gc,heap        ] GC(658) ParOldGen: 11472K(699392K)->11520K(699392K)
[90.456s][info][gc,metaspace   ] GC(658) Metaspace: 14288K(15296K)->14288K(15296K) NonClass: 12327K(12928K)->12327K(12928K) Class: 1960K(2368K)->1960K(2368K)
[90.456s][info][gc             ] GC(658) Pause Young (Allocation Failure) 250M->12M(916M) 1.421ms
[90.456s][info][gc,cpu         ] GC(658) User=0.00s Sys=0.00s Real=0.00s
[90.593s][info][gc,start       ] GC(659) Pause Young (Allocation Failure)
[90.595s][info][gc,heap        ] GC(659) PSYoungGen: 239072K(239104K)->960K(233472K) Eden: 238080K(238080K)->0K(232448K) From: 992K(1024K)->960K(1024K)
[90.595s][info][gc,heap        ] GC(659) ParOldGen: 11520K(699392K)->11552K(699392K)
[90.595s][info][gc,metaspace   ] GC(659) Metaspace: 14288K(15296K)->14288K(15296K) NonClass: 12327K(12928K)->12327K(12928K) Class: 1960K(2368K)->1960K(2368K)
[90.595s][info][gc             ] GC(659) Pause Young (Allocation Failure) 244M->12M(911M) 1.459ms
[90.595s][info][gc,cpu         ] GC(659) User=0.52s Sys=0.00s Real=0.00s
[90.730s][info][gc,start       ] GC(660) Pause Young (Allocation Failure)
[90.731s][info][gc,heap        ] GC(660) PSYoungGen: 233408K(233472K)->1024K(228352K) Eden: 232448K(232448K)->0K(227328K) From: 960K(1024K)->1024K(1024K)
[90.731s][info][gc,heap        ] GC(660) ParOldGen: 11552K(699392K)->11616K(699392K)
[90.731s][info][gc,metaspace   ] GC(660) Metaspace: 14288K(15296K)->14288K(15296K) NonClass: 12327K(12928K)->12327K(12928K) Class: 1960K(2368K)->1960K(2368K)
[90.731s][info][gc             ] GC(660) Pause Young (Allocation Failure) 239M->12M(906M) 1.471ms
[90.731s][info][gc,cpu         ] GC(660) User=0.00s Sys=0.00s Real=0.00s
[90.863s][info][gc,start       ] GC(661) Pause Young (Allocation Failure)
[90.864s][info][gc,heap        ] GC(661) PSYoungGen: 228352K(228352K)->1024K(223232K) Eden: 227328K(227328K)->0K(222208K) From: 1024K(1024K)->1024K(1024K)
[90.864s][info][gc,heap        ] GC(661) ParOldGen: 11616K(699392K)->11656K(699392K)
[90.864s][info][gc,metaspace   ] GC(661) Metaspace: 14288K(15296K)->14288K(15296K) NonClass: 12327K(12928K)->12327K(12928K) Class: 1960K(2368K)->1960K(2368K)
[90.864s][info][gc             ] GC(661) Pause Young (Allocation Failure) 234M->12M(901M) 1.503ms
[90.864s][info][gc,cpu         ] GC(661) User=0.00s Sys=0.00s Real=0.00s
[90.993s][info][gc,start       ] GC(662) Pause Young (Allocation Failure)
[90.994s][info][gc,heap        ] GC(662) PSYoungGen: 223232K(223232K)->992K(218624K) Eden: 222208K(222208K)->0K(217600K) From: 1024K(1024K)->992K(1024K)
[90.994s][info][gc,heap        ] GC(662) ParOldGen: 11656K(699392K)->11720K(699392K)
[90.994s][info][gc,metaspace   ] GC(662) Metaspace: 14288K(15296K)->14288K(15296K) NonClass: 12327K(12928K)->12327K(12928K) Class: 1960K(2368K)->1960K(2368K)
[90.994s][info][gc             ] GC(662) Pause Young (Allocation Failure) 229M->12M(896M) 1.495ms
[90.994s][info][gc,cpu         ] GC(662) User=0.00s Sys=0.00s Real=0.00s
[91.119s][info][gc,start       ] GC(663) Pause Young (Allocation Failure)
[91.121s][info][gc,heap        ] GC(663) PSYoungGen: 218592K(218624K)->1024K(214016K) Eden: 217600K(217600K)->0K(212992K) From: 992K(1024K)->1024K(1024K)
[91.121s][info][gc,heap        ] GC(663) ParOldGen: 11720K(699392K)->11760K(699392K)
[91.121s][info][gc,metaspace   ] GC(663) Metaspace: 14288K(15296K)->14288K(15296K) NonClass: 12327K(12928K)->12327K(12928K) Class: 1960K(2368K)->1960K(2368K)
[91.121s][info][gc             ] GC(663) Pause Young (Allocation Failure) 224M->12M(892M) 1.505ms
[91.121s][info][gc,cpu         ] GC(663) User=0.00s Sys=0.00s Real=0.00s
[91.244s][info][gc,start       ] GC(664) Pause Young (Allocation Failure)
[91.245s][info][gc,heap        ] GC(664) PSYoungGen: 214016K(214016K)->992K(209408K) Eden: 212992K(212992K)->0K(208384K) From: 1024K(1024K)->992K(1024K)
[91.245s][info][gc,heap        ] GC(664) ParOldGen: 11760K(699392K)->11800K(699392K)
[91.245s][info][gc,metaspace   ] GC(664) Metaspace: 14288K(15296K)->14288K(15296K) NonClass: 12327K(12928K)->12327K(12928K) Class: 1960K(2368K)->1960K(2368K)
[91.245s][info][gc             ] GC(664) Pause Young (Allocation Failure) 220M->12M(887M) 1.530ms
[91.245s][info][gc,cpu         ] GC(664) User=0.00s Sys=0.00s Real=0.00s
[91.365s][info][gc,start       ] GC(665) Pause Young (Allocation Failure)
[91.367s][info][gc,heap        ] GC(665) PSYoungGen: 209376K(209408K)->1024K(251392K) Eden: 208384K(208384K)->0K(250368K) From: 992K(1024K)->1024K(1024K)
[91.367s][info][gc,heap        ] GC(665) ParOldGen: 11800K(699392K)->11848K(699392K)
[91.367s][info][gc,metaspace   ] GC(665) Metaspace: 14288K(15296K)->14288K(15296K) NonClass: 12327K(12928K)->12327K(12928K) Class: 1960K(2368K)->1960K(2368K)
[91.367s][info][gc             ] GC(665) Pause Young (Allocation Failure) 215M->12M(928M) 1.577ms
[91.367s][info][gc,cpu         ] GC(665) User=0.00s Sys=0.00s Real=0.00s
[91.512s][info][gc,start       ] GC(666) Pause Young (Allocation Failure)
[91.514s][info][gc,heap        ] GC(666) PSYoungGen: 251392K(251392K)->1024K(245760K) Eden: 250368K(250368K)->0K(244736K) From: 1024K(1024K)->1024K(1024K)
[91.514s][info][gc,heap        ] GC(666) ParOldGen: 11848K(699392K)->11904K(699392K)
[91.514s][info][gc,metaspace   ] GC(666) Metaspace: 14288K(15296K)->14288K(15296K) NonClass: 12327K(12928K)->12327K(12928K) Class: 1960K(2368K)->1960K(2368K)
[91.514s][info][gc             ] GC(666) Pause Young (Allocation Failure) 257M->12M(923M) 1.603ms
[91.514s][info][gc,cpu         ] GC(666) User=0.00s Sys=0.00s Real=0.00s
[91.657s][info][gc,start       ] GC(667) Pause Young (Allocation Failure)
[91.658s][info][gc,heap        ] GC(667) PSYoungGen: 245760K(245760K)->1024K(240128K) Eden: 244736K(244736K)->0K(239104K) From: 1024K(1024K)->1024K(1024K)
[91.658s][info][gc,heap        ] GC(667) ParOldGen: 11904K(699392K)->11968K(699392K)
[91.658s][info][gc,metaspace   ] GC(667) Metaspace: 14288K(15296K)->14288K(15296K) NonClass: 12327K(12928K)->12327K(12928K) Class: 1960K(2368K)->1960K(2368K)
[91.658s][info][gc             ] GC(667) Pause Young (Allocation Failure) 251M->12M(917M) 1.651ms
[91.658s][info][gc,cpu         ] GC(667) User=0.00s Sys=0.00s Real=0.00s
[91.797s][info][gc,start       ] GC(668) Pause Young (Allocation Failure)
[91.799s][info][gc,heap        ] GC(668) PSYoungGen: 240128K(240128K)->1024K(234496K) Eden: 239104K(239104K)->0K(233472K) From: 1024K(1024K)->1024K(1024K)
[91.799s][info][gc,heap        ] GC(668) ParOldGen: 11968K(699392K)->12024K(699392K)
[91.799s][info][gc,metaspace   ] GC(668) Metaspace: 14288K(15296K)->14288K(15296K) NonClass: 12327K(12928K)->12327K(12928K) Class: 1960K(2368K)->1960K(2368K)
[91.799s][info][gc             ] GC(668) Pause Young (Allocation Failure) 246M->12M(912M) 1.661ms
[91.799s][info][gc,cpu         ] GC(668) User=0.00s Sys=0.00s Real=0.00s
[91.934s][info][gc,start       ] GC(669) Pause Young (Allocation Failure)
[91.936s][info][gc,heap        ] GC(669) PSYoungGen: 234496K(234496K)->992K(281600K) Eden: 233472K(233472K)->0K(280576K) From: 1024K(1024K)->992K(1024K)
[91.936s][info][gc,heap        ] GC(669) ParOldGen: 12024K(699392K)->12072K(699392K)
[91.936s][info][gc,metaspace   ] GC(669) Metaspace: 14288K(15296K)->14288K(15296K) NonClass: 12327K(12928K)->12327K(12928K) Class: 1960K(2368K)->1960K(2368K)
[91.936s][info][gc             ] GC(669) Pause Young (Allocation Failure) 240M->12M(958M) 1.649ms
[91.936s][info][gc,cpu         ] GC(669) User=0.00s Sys=0.00s Real=0.00s
[92.098s][info][gc,start       ] GC(670) Pause Young (Allocation Failure)
[92.100s][info][gc,heap        ] GC(670) PSYoungGen: 281568K(281600K)->992K(274432K) Eden: 280576K(280576K)->0K(273408K) From: 992K(1024K)->992K(1024K)
[92.100s][info][gc,heap        ] GC(670) ParOldGen: 12072K(699392K)->12128K(699392K)
[92.100s][info][gc,metaspace   ] GC(670) Metaspace: 14288K(15296K)->14288K(15296K) NonClass: 12327K(12928K)->12327K(12928K) Class: 1960K(2368K)->1960K(2368K)
[92.100s][info][gc             ] GC(670) Pause Young (Allocation Failure) 286M->12M(951M) 1.722ms
[92.100s][info][gc,cpu         ] GC(670) User=0.00s Sys=0.00s Real=0.00s
[92.259s][info][gc,start       ] GC(671) Pause Young (Allocation Failure)
[92.260s][info][gc,heap        ] GC(671) PSYoungGen: 274400K(274432K)->1024K(267776K) Eden: 273408K(273408K)->0K(266752K) From: 992K(1024K)->1024K(1024K)
[92.260s][info][gc,heap        ] GC(671) ParOldGen: 12128K(699392K)->12216K(699392K)
[92.260s][info][gc,metaspace   ] GC(671) Metaspace: 14288K(15296K)->14288K(15296K) NonClass: 12327K(12928K)->12327K(12928K) Class: 1960K(2368K)->1960K(2368K)
[92.260s][info][gc             ] GC(671) Pause Young (Allocation Failure) 279M->12M(944M) 1.751ms
[92.260s][info][gc,cpu         ] GC(671) User=0.00s Sys=0.00s Real=0.00s
[92.415s][info][gc,start       ] GC(672) Pause Young (Allocation Failure)
[92.416s][info][gc,heap        ] GC(672) PSYoungGen: 267776K(267776K)->1024K(261120K) Eden: 266752K(266752K)->0K(260096K) From: 1024K(1024K)->1024K(1024K)
[92.416s][info][gc,heap        ] GC(672) ParOldGen: 12216K(699392K)->12256K(699392K)
[92.416s][info][gc,metaspace   ] GC(672) Metaspace: 14288K(15296K)->14288K(15296K) NonClass: 12327K(12928K)->12327K(12928K) Class: 1960K(2368K)->1960K(2368K)
[92.416s][info][gc             ] GC(672) Pause Young (Allocation Failure) 273M->12M(938M) 1.799ms
[92.417s][info][gc,cpu         ] GC(672) User=0.00s Sys=0.00s Real=0.00s
[92.567s][info][gc,start       ] GC(673) Pause Young (Allocation Failure)
[92.569s][info][gc,heap        ] GC(673) PSYoungGen: 261120K(261120K)->992K(254976K) Eden: 260096K(260096K)->0K(253952K) From: 1024K(1024K)->992K(1024K)
[92.569s][info][gc,heap        ] GC(673) ParOldGen: 12256K(699392K)->12312K(699392K)
[92.569s][info][gc,metaspace   ] GC(673) Metaspace: 14288K(15296K)->14288K(15296K) NonClass: 12327K(12928K)->12327K(12928K) Class: 1960K(2368K)->1960K(2368K)
[92.569s][info][gc             ] GC(673) Pause Young (Allocation Failure) 266M->12M(932M) 1.817ms
[92.569s][info][gc,cpu         ] GC(673) User=0.00s Sys=0.00s Real=0.00s
[92.716s][info][gc,start       ] GC(674) Pause Young (Allocation Failure)
[92.717s][info][gc,heap        ] GC(674) PSYoungGen: 254944K(254976K)->1024K(286208K) Eden: 253952K(253952K)->0K(284672K) From: 992K(1024K)->1024K(1536K)
[92.717s][info][gc,heap        ] GC(674) ParOldGen: 12312K(699392K)->12384K(699392K)
[92.717s][info][gc,metaspace   ] GC(674) Metaspace: 14288K(15296K)->14288K(15296K) NonClass: 12327K(12928K)->12327K(12928K) Class: 1960K(2368K)->1960K(2368K)
[92.717s][info][gc             ] GC(674) Pause Young (Allocation Failure) 260M->13M(962M) 1.743ms
[92.717s][info][gc,cpu         ] GC(674) User=0.00s Sys=0.00s Real=0.00s
[92.882s][info][gc,start       ] GC(675) Pause Young (Allocation Failure)
[92.884s][info][gc,heap        ] GC(675) PSYoungGen: 285696K(286208K)->1024K(278528K) Eden: 284672K(284672K)->0K(277504K) From: 1024K(1536K)->1024K(1024K)
[92.884s][info][gc,heap        ] GC(675) ParOldGen: 12384K(699392K)->12424K(699392K)
[92.884s][info][gc,metaspace   ] GC(675) Metaspace: 14288K(15296K)->14288K(15296K) NonClass: 12327K(12928K)->12327K(12928K) Class: 1960K(2368K)->1960K(2368K)
[92.884s][info][gc             ] GC(675) Pause Young (Allocation Failure) 291M->13M(955M) 1.752ms
[92.884s][info][gc,cpu         ] GC(675) User=0.00s Sys=0.00s Real=0.00s
[93.117s][info][gc,start       ] GC(676) Pause Young (Allocation Failure)
[93.120s][info][gc,heap        ] GC(676) PSYoungGen: 278528K(278528K)->1056K(272384K) Eden: 277504K(277504K)->0K(270848K) From: 1024K(1024K)->1056K(1536K)
[93.120s][info][gc,heap        ] GC(676) ParOldGen: 12424K(699392K)->12472K(699392K)
[93.120s][info][gc,metaspace   ] GC(676) Metaspace: 14288K(15296K)->14288K(15296K) NonClass: 12327K(12928K)->12327K(12928K) Class: 1960K(2368K)->1960K(2368K)
[93.120s][info][gc             ] GC(676) Pause Young (Allocation Failure) 284M->13M(949M) 2.484ms
[93.120s][info][gc,cpu         ] GC(676) User=0.00s Sys=0.00s Real=0.00s
[93.284s][info][gc,start       ] GC(677) Pause Young (Allocation Failure)
[93.286s][info][gc,heap        ] GC(677) PSYoungGen: 271904K(272384K)->1024K(265216K) Eden: 270848K(270848K)->0K(264192K) From: 1056K(1536K)->1024K(1024K)
[93.286s][info][gc,heap        ] GC(677) ParOldGen: 12472K(699392K)->12536K(699392K)
[93.286s][info][gc,metaspace   ] GC(677) Metaspace: 14288K(15296K)->14288K(15296K) NonClass: 12327K(12928K)->12327K(12928K) Class: 1960K(2368K)->1960K(2368K)
[93.286s][info][gc             ] GC(677) Pause Young (Allocation Failure) 277M->13M(942M) 1.636ms
[93.286s][info][gc,cpu         ] GC(677) User=0.00s Sys=0.00s Real=0.00s
[93.442s][info][gc,start       ] GC(678) Pause Young (Allocation Failure)
[93.443s][info][gc,heap        ] GC(678) PSYoungGen: 265216K(265216K)->1024K(259072K) Eden: 264192K(264192K)->0K(258048K) From: 1024K(1024K)->1024K(1024K)
[93.443s][info][gc,heap        ] GC(678) ParOldGen: 12536K(699392K)->12600K(699392K)
[93.443s][info][gc,metaspace   ] GC(678) Metaspace: 14288K(15296K)->14288K(15296K) NonClass: 12327K(12928K)->12327K(12928K) Class: 1960K(2368K)->1960K(2368K)
[93.443s][info][gc             ] GC(678) Pause Young (Allocation Failure) 271M->13M(936M) 1.442ms
[93.443s][info][gc,cpu         ] GC(678) User=0.00s Sys=0.00s Real=0.00s
[93.595s][info][gc,start       ] GC(679) Pause Young (Allocation Failure)
[93.596s][info][gc,heap        ] GC(679) PSYoungGen: 259072K(259072K)->1024K(252928K) Eden: 258048K(258048K)->0K(251904K) From: 1024K(1024K)->1024K(1024K)
[93.596s][info][gc,heap        ] GC(679) ParOldGen: 12600K(699392K)->12656K(699392K)
[93.596s][info][gc,metaspace   ] GC(679) Metaspace: 14288K(15296K)->14288K(15296K) NonClass: 12327K(12928K)->12327K(12928K) Class: 1960K(2368K)->1960K(2368K)
[93.596s][info][gc             ] GC(679) Pause Young (Allocation Failure) 265M->13M(930M) 1.320ms
[93.596s][info][gc,cpu         ] GC(679) User=0.00s Sys=0.00s Real=0.00s
[93.745s][info][gc,start       ] GC(680) Pause Young (Allocation Failure)
[93.747s][info][gc,heap        ] GC(680) PSYoungGen: 252928K(252928K)->1024K(246784K) Eden: 251904K(251904K)->0K(245760K) From: 1024K(1024K)->1024K(1024K)
[93.747s][info][gc,heap        ] GC(680) ParOldGen: 12656K(699392K)->12696K(699392K)
[93.747s][info][gc,metaspace   ] GC(680) Metaspace: 14288K(15296K)->14288K(15296K) NonClass: 12327K(12928K)->12327K(12928K) Class: 1960K(2368K)->1960K(2368K)
[93.747s][info][gc             ] GC(680) Pause Young (Allocation Failure) 259M->13M(924M) 1.257ms
[93.747s][info][gc,cpu         ] GC(680) User=0.00s Sys=0.00s Real=0.00s
[93.898s][info][gc,start       ] GC(681) Pause Young (Allocation Failure)
[93.899s][info][gc,heap        ] GC(681) PSYoungGen: 246784K(246784K)->1024K(241152K) Eden: 245760K(245760K)->0K(240128K) From: 1024K(1024K)->1024K(1024K)
[93.899s][info][gc,heap        ] GC(681) ParOldGen: 12696K(699392K)->12760K(699392K)
[93.899s][info][gc,metaspace   ] GC(681) Metaspace: 14291K(15296K)->14291K(15296K) NonClass: 12330K(12928K)->12330K(12928K) Class: 1960K(2368K)->1960K(2368K)
[93.899s][info][gc             ] GC(681) Pause Young (Allocation Failure) 253M->13M(918M) 1.300ms
[93.899s][info][gc,cpu         ] GC(681) User=0.00s Sys=0.00s Real=0.00s
[94.062s][info][gc,start       ] GC(682) Pause Young (Allocation Failure)
[94.063s][info][gc,heap        ] GC(682) PSYoungGen: 241152K(241152K)->1024K(235520K) Eden: 240128K(240128K)->0K(234496K) From: 1024K(1024K)->1024K(1024K)
[94.063s][info][gc,heap        ] GC(682) ParOldGen: 12760K(699392K)->12816K(699392K)
[94.063s][info][gc,metaspace   ] GC(682) Metaspace: 14291K(15296K)->14291K(15296K) NonClass: 12331K(12928K)->12331K(12928K) Class: 1960K(2368K)->1960K(2368K)
[94.063s][info][gc             ] GC(682) Pause Young (Allocation Failure) 247M->13M(913M) 1.323ms
[94.063s][info][gc,cpu         ] GC(682) User=0.30s Sys=0.22s Real=0.00s
[94.231s][info][gc,start       ] GC(683) Pause Young (Allocation Failure)
[94.233s][info][gc,heap        ] GC(683) PSYoungGen: 235520K(235520K)->928K(230400K) Eden: 234496K(234496K)->0K(229376K) From: 1024K(1024K)->928K(1024K)
[94.233s][info][gc,heap        ] GC(683) ParOldGen: 12816K(699392K)->12888K(699392K)
[94.233s][info][gc,metaspace   ] GC(683) Metaspace: 14291K(15296K)->14291K(15296K) NonClass: 12331K(12928K)->12331K(12928K) Class: 1960K(2368K)->1960K(2368K)
[94.233s][info][gc             ] GC(683) Pause Young (Allocation Failure) 242M->13M(908M) 1.364ms
[94.233s][info][gc,cpu         ] GC(683) User=0.00s Sys=0.00s Real=0.00s
[94.394s][info][gc,start       ] GC(684) Pause Young (Allocation Failure)
[94.395s][info][gc,heap        ] GC(684) PSYoungGen: 230304K(230400K)->960K(225280K) Eden: 229376K(229376K)->0K(224256K) From: 928K(1024K)->960K(1024K)
[94.395s][info][gc,heap        ] GC(684) ParOldGen: 12888K(699392K)->12928K(699392K)
[94.395s][info][gc,metaspace   ] GC(684) Metaspace: 14291K(15296K)->14291K(15296K) NonClass: 12331K(12928K)->12331K(12928K) Class: 1960K(2368K)->1960K(2368K)
[94.395s][info][gc             ] GC(684) Pause Young (Allocation Failure) 237M->13M(903M) 1.380ms
[94.395s][info][gc,cpu         ] GC(684) User=0.00s Sys=0.00s Real=0.00s
[94.500s][info][gc,start       ] GC(685) Pause Young (Allocation Failure)
[94.502s][info][gc,heap        ] GC(685) PSYoungGen: 225216K(225280K)->864K(220160K) Eden: 224256K(224256K)->0K(219136K) From: 960K(1024K)->864K(1024K)
[94.502s][info][gc,heap        ] GC(685) ParOldGen: 12928K(699392K)->12984K(699392K)
[94.502s][info][gc,metaspace   ] GC(685) Metaspace: 14291K(15296K)->14291K(15296K) NonClass: 12331K(12928K)->12331K(12928K) Class: 1960K(2368K)->1960K(2368K)
[94.502s][info][gc             ] GC(685) Pause Young (Allocation Failure) 232M->13M(898M) 1.369ms
[94.502s][info][gc,cpu         ] GC(685) User=0.00s Sys=0.00s Real=0.00s
[94.669s][info][gc,start       ] GC(686) Pause Young (Allocation Failure)
[94.671s][info][gc,heap        ] GC(686) PSYoungGen: 220000K(220160K)->448K(215040K) Eden: 219136K(219136K)->0K(214528K) From: 864K(1024K)->448K(512K)
[94.671s][info][gc,heap        ] GC(686) ParOldGen: 12984K(699392K)->13024K(699392K)
[94.671s][info][gc,metaspace   ] GC(686) Metaspace: 14291K(15296K)->14291K(15296K) NonClass: 12331K(12928K)->12331K(12928K) Class: 1960K(2368K)->1960K(2368K)
[94.671s][info][gc             ] GC(686) Pause Young (Allocation Failure) 227M->13M(893M) 1.667ms
[94.671s][info][gc,cpu         ] GC(686) User=0.00s Sys=0.00s Real=0.00s
[94.681s][info][gc,start       ] GC(687) Pause Young (System.gc())
[94.682s][info][gc,heap        ] GC(687) PSYoungGen: 2562K(215040K)->64K(215040K) Eden: 2114K(214528K)->0K(214528K) From: 448K(512K)->64K(512K)
[94.682s][info][gc,heap        ] GC(687) ParOldGen: 13024K(699392K)->13072K(699392K)
[94.682s][info][gc,metaspace   ] GC(687) Metaspace: 14294K(15296K)->14294K(15296K) NonClass: 12333K(12928K)->12333K(12928K) Class: 1960K(2368K)->1960K(2368K)
[94.682s][info][gc             ] GC(687) Pause Young (System.gc()) 15M->12M(893M) 1.339ms
[94.682s][info][gc,cpu         ] GC(687) User=0.00s Sys=0.00s Real=0.00s
[94.682s][info][gc,start       ] GC(688) Pause Full (System.gc())
[94.682s][info][gc,phases,start] GC(688) Marking Phase
[94.691s][info][gc,phases      ] GC(688) Marking Phase 8.644ms
[94.691s][info][gc,phases,start] GC(688) Summary Phase
[94.691s][info][gc,phases      ] GC(688) Summary Phase 0.016ms
[94.691s][info][gc,phases,start] GC(688) Adjust Roots
[94.693s][info][gc,phases      ] GC(688) Adjust Roots 2.422ms
[94.694s][info][gc,phases,start] GC(688) Compaction Phase
[94.695s][info][gc,phases      ] GC(688) Compaction Phase 1.671ms
[94.695s][info][gc,phases,start] GC(688) Post Compact
[94.696s][info][gc,phases      ] GC(688) Post Compact 0.358ms
[94.696s][info][gc,heap        ] GC(688) PSYoungGen: 64K(215040K)->0K(215040K) Eden: 0K(214528K)->0K(214528K) From: 64K(512K)->0K(512K)
[94.696s][info][gc,heap        ] GC(688) ParOldGen: 13072K(699392K)->5373K(699392K)
[94.696s][info][gc,metaspace   ] GC(688) Metaspace: 14294K(15296K)->14294K(15296K) NonClass: 12333K(12928K)->12333K(12928K) Class: 1960K(2368K)->1960K(2368K)
[94.696s][info][gc             ] GC(688) Pause Full (System.gc()) 12M->5M(893M) 13.428ms
[94.696s][info][gc,cpu         ] GC(688) User=0.02s Sys=0.00s Real=0.02s
[94.832s][info][gc,start       ] GC(689) Pause Young (Allocation Failure)
[94.834s][info][gc,heap        ] GC(689) PSYoungGen: 214528K(215040K)->1536K(211456K) Eden: 214528K(214528K)->0K(209920K) From: 0K(512K)->1536K(1536K)
[94.834s][info][gc,heap        ] GC(689) ParOldGen: 5373K(699392K)->5745K(699392K)
[94.834s][info][gc,metaspace   ] GC(689) Metaspace: 14294K(15296K)->14294K(15296K) NonClass: 12334K(12928K)->12334K(12928K) Class: 1960K(2368K)->1960K(2368K)
[94.834s][info][gc             ] GC(689) Pause Young (Allocation Failure) 214M->7M(889M) 2.125ms
[94.834s][info][gc,cpu         ] GC(689) User=0.00s Sys=0.00s Real=0.00s
[94.963s][info][gc,start       ] GC(690) Pause Young (Allocation Failure)
[94.964s][info][gc,heap        ] GC(690) PSYoungGen: 211456K(211456K)->1024K(206336K) Eden: 209920K(209920K)->0K(205312K) From: 1536K(1536K)->1024K(1024K)
[94.964s][info][gc,heap        ] GC(690) ParOldGen: 5745K(699392K)->7040K(699392K)
[94.965s][info][gc,metaspace   ] GC(690) Metaspace: 14294K(15296K)->14294K(15296K) NonClass: 12334K(12928K)->12334K(12928K) Class: 1960K(2368K)->1960K(2368K)
[94.965s][info][gc             ] GC(690) Pause Young (Allocation Failure) 212M->7M(884M) 1.559ms
[94.965s][info][gc,cpu         ] GC(690) User=0.00s Sys=0.00s Real=0.00s
[95.087s][info][gc,start       ] GC(691) Pause Young (Allocation Failure)
[95.088s][info][gc,heap        ] GC(691) PSYoungGen: 206336K(206336K)->1056K(248320K) Eden: 205312K(205312K)->0K(246784K) From: 1024K(1024K)->1056K(1536K)
[95.088s][info][gc,heap        ] GC(691) ParOldGen: 7040K(699392K)->7088K(699392K)
[95.088s][info][gc,metaspace   ] GC(691) Metaspace: 14294K(15296K)->14294K(15296K) NonClass: 12334K(12928K)->12334K(12928K) Class: 1960K(2368K)->1960K(2368K)
[95.088s][info][gc             ] GC(691) Pause Young (Allocation Failure) 208M->7M(925M) 1.436ms
[95.088s][info][gc,cpu         ] GC(691) User=0.00s Sys=0.00s Real=0.00s
[95.236s][info][gc,start       ] GC(692) Pause Young (Allocation Failure)
[95.237s][info][gc,heap        ] GC(692) PSYoungGen: 247840K(248320K)->1024K(242176K) Eden: 246784K(246784K)->0K(241152K) From: 1056K(1536K)->1024K(1024K)
[95.237s][info][gc,heap        ] GC(692) ParOldGen: 7088K(699392K)->7160K(699392K)
[95.237s][info][gc,metaspace   ] GC(692) Metaspace: 14294K(15296K)->14294K(15296K) NonClass: 12334K(12928K)->12334K(12928K) Class: 1960K(2368K)->1960K(2368K)
[95.237s][info][gc             ] GC(692) Pause Young (Allocation Failure) 248M->7M(919M) 1.526ms
[95.237s][info][gc,cpu         ] GC(692) User=0.00s Sys=0.00s Real=0.00s
[95.381s][info][gc,start       ] GC(693) Pause Young (Allocation Failure)
[95.383s][info][gc,heap        ] GC(693) PSYoungGen: 242176K(242176K)->1024K(236544K) Eden: 241152K(241152K)->0K(235520K) From: 1024K(1024K)->1024K(1024K)
[95.383s][info][gc,heap        ] GC(693) ParOldGen: 7160K(699392K)->7256K(699392K)
[95.383s][info][gc,metaspace   ] GC(693) Metaspace: 14294K(15296K)->14294K(15296K) NonClass: 12334K(12928K)->12334K(12928K) Class: 1960K(2368K)->1960K(2368K)
[95.383s][info][gc             ] GC(693) Pause Young (Allocation Failure) 243M->8M(914M) 1.546ms
[95.383s][info][gc,cpu         ] GC(693) User=0.00s Sys=0.00s Real=0.00s
[95.524s][info][gc,start       ] GC(694) Pause Young (Allocation Failure)
[95.526s][info][gc,heap        ] GC(694) PSYoungGen: 236544K(236544K)->1024K(231424K) Eden: 235520K(235520K)->0K(230400K) From: 1024K(1024K)->1024K(1024K)
[95.526s][info][gc,heap        ] GC(694) ParOldGen: 7256K(699392K)->7320K(699392K)
[95.526s][info][gc,metaspace   ] GC(694) Metaspace: 14294K(15296K)->14294K(15296K) NonClass: 12334K(12928K)->12334K(12928K) Class: 1960K(2368K)->1960K(2368K)
[95.526s][info][gc             ] GC(694) Pause Young (Allocation Failure) 238M->8M(909M) 1.569ms
[95.526s][info][gc,cpu         ] GC(694) User=0.00s Sys=0.00s Real=0.00s
[95.662s][info][gc,start       ] GC(695) Pause Young (Allocation Failure)
[95.664s][info][gc,heap        ] GC(695) PSYoungGen: 231424K(231424K)->1024K(226304K) Eden: 230400K(230400K)->0K(225280K) From: 1024K(1024K)->1024K(1024K)
[95.664s][info][gc,heap        ] GC(695) ParOldGen: 7320K(699392K)->7352K(699392K)
[95.664s][info][gc,metaspace   ] GC(695) Metaspace: 14294K(15296K)->14294K(15296K) NonClass: 12334K(12928K)->12334K(12928K) Class: 1960K(2368K)->1960K(2368K)
[95.664s][info][gc             ] GC(695) Pause Young (Allocation Failure) 233M->8M(904M) 1.535ms
[95.664s][info][gc,cpu         ] GC(695) User=0.00s Sys=0.00s Real=0.00s
[95.800s][info][gc,start       ] GC(696) Pause Young (Allocation Failure)
[95.801s][info][gc,heap        ] GC(696) PSYoungGen: 226304K(226304K)->1024K(221184K) Eden: 225280K(225280K)->0K(220160K) From: 1024K(1024K)->1024K(1024K)
[95.801s][info][gc,heap        ] GC(696) ParOldGen: 7352K(699392K)->7416K(699392K)
[95.801s][info][gc,metaspace   ] GC(696) Metaspace: 14294K(15296K)->14294K(15296K) NonClass: 12334K(12928K)->12334K(12928K) Class: 1960K(2368K)->1960K(2368K)
[95.801s][info][gc             ] GC(696) Pause Young (Allocation Failure) 228M->8M(899M) 1.561ms
[95.801s][info][gc,cpu         ] GC(696) User=0.00s Sys=0.00s Real=0.00s
[95.933s][info][gc,start       ] GC(697) Pause Young (Allocation Failure)
[95.935s][info][gc,heap        ] GC(697) PSYoungGen: 221184K(221184K)->1056K(265728K) Eden: 220160K(220160K)->0K(264192K) From: 1024K(1024K)->1056K(1536K)
[95.935s][info][gc,heap        ] GC(697) ParOldGen: 7416K(699392K)->7448K(699392K)
[95.935s][info][gc,metaspace   ] GC(697) Metaspace: 14294K(15296K)->14294K(15296K) NonClass: 12334K(12928K)->12334K(12928K) Class: 1960K(2368K)->1960K(2368K)
[95.935s][info][gc             ] GC(697) Pause Young (Allocation Failure) 223M->8M(942M) 1.586ms
[95.935s][info][gc,cpu         ] GC(697) User=0.00s Sys=0.00s Real=0.00s
[96.093s][info][gc,start       ] GC(698) Pause Young (Allocation Failure)
[96.095s][info][gc,heap        ] GC(698) PSYoungGen: 265248K(265728K)->992K(259072K) Eden: 264192K(264192K)->0K(258048K) From: 1056K(1536K)->992K(1024K)
[96.095s][info][gc,heap        ] GC(698) ParOldGen: 7448K(699392K)->7536K(699392K)
[96.095s][info][gc,metaspace   ] GC(698) Metaspace: 14294K(15296K)->14294K(15296K) NonClass: 12334K(12928K)->12334K(12928K) Class: 1960K(2368K)->1960K(2368K)
[96.095s][info][gc             ] GC(698) Pause Young (Allocation Failure) 266M->8M(936M) 1.678ms
[96.095s][info][gc,cpu         ] GC(698) User=0.00s Sys=0.00s Real=0.00s
[96.250s][info][gc,start       ] GC(699) Pause Young (Allocation Failure)
[96.251s][info][gc,heap        ] GC(699) PSYoungGen: 259040K(259072K)->1024K(252928K) Eden: 258048K(258048K)->0K(251904K) From: 992K(1024K)->1024K(1024K)
[96.251s][info][gc,heap        ] GC(699) ParOldGen: 7536K(699392K)->7592K(699392K)
[96.251s][info][gc,metaspace   ] GC(699) Metaspace: 14294K(15296K)->14294K(15296K) NonClass: 12334K(12928K)->12334K(12928K) Class: 1960K(2368K)->1960K(2368K)
[96.251s][info][gc             ] GC(699) Pause Young (Allocation Failure) 260M->8M(930M) 1.660ms
[96.251s][info][gc,cpu         ] GC(699) User=0.00s Sys=0.00s Real=0.00s
[96.403s][info][gc,start       ] GC(700) Pause Young (Allocation Failure)
[96.405s][info][gc,heap        ] GC(700) PSYoungGen: 252928K(252928K)->1024K(246784K) Eden: 251904K(251904K)->0K(245760K) From: 1024K(1024K)->1024K(1024K)
[96.405s][info][gc,heap        ] GC(700) ParOldGen: 7592K(699392K)->7648K(699392K)
[96.405s][info][gc,metaspace   ] GC(700) Metaspace: 14294K(15296K)->14294K(15296K) NonClass: 12334K(12928K)->12334K(12928K) Class: 1960K(2368K)->1960K(2368K)
[96.405s][info][gc             ] GC(700) Pause Young (Allocation Failure) 254M->8M(924M) 1.704ms
[96.405s][info][gc,cpu         ] GC(700) User=0.00s Sys=0.00s Real=0.00s
[96.552s][info][gc,start       ] GC(701) Pause Young (Allocation Failure)
[96.554s][info][gc,heap        ] GC(701) PSYoungGen: 246784K(246784K)->1056K(241664K) Eden: 245760K(245760K)->0K(240128K) From: 1024K(1024K)->1056K(1536K)
[96.554s][info][gc,heap        ] GC(701) ParOldGen: 7648K(699392K)->7688K(699392K)
[96.554s][info][gc,metaspace   ] GC(701) Metaspace: 14294K(15296K)->14294K(15296K) NonClass: 12334K(12928K)->12334K(12928K) Class: 1960K(2368K)->1960K(2368K)
[96.554s][info][gc             ] GC(701) Pause Young (Allocation Failure) 248M->8M(919M) 1.686ms
[96.554s][info][gc,cpu         ] GC(701) User=0.00s Sys=0.00s Real=0.00s
[96.697s][info][gc,start       ] GC(702) Pause Young (Allocation Failure)
[96.698s][info][gc,heap        ] GC(702) PSYoungGen: 241184K(241664K)->1024K(289280K) Eden: 240128K(240128K)->0K(288256K) From: 1056K(1536K)->1024K(1024K)
[96.698s][info][gc,heap        ] GC(702) ParOldGen: 7688K(699392K)->7760K(699392K)
[96.698s][info][gc,metaspace   ] GC(702) Metaspace: 14294K(15296K)->14294K(15296K) NonClass: 12334K(12928K)->12334K(12928K) Class: 1960K(2368K)->1960K(2368K)
[96.698s][info][gc             ] GC(702) Pause Young (Allocation Failure) 243M->8M(965M) 1.687ms
[96.699s][info][gc,cpu         ] GC(702) User=0.00s Sys=0.00s Real=0.00s
[96.870s][info][gc,start       ] GC(703) Pause Young (Allocation Failure)
[96.872s][info][gc,heap        ] GC(703) PSYoungGen: 289280K(289280K)->1024K(282112K) Eden: 288256K(288256K)->0K(281088K) From: 1024K(1024K)->1024K(1024K)
[96.872s][info][gc,heap        ] GC(703) ParOldGen: 7760K(699392K)->7832K(699392K)
[96.872s][info][gc,metaspace   ] GC(703) Metaspace: 14294K(15296K)->14294K(15296K) NonClass: 12334K(12928K)->12334K(12928K) Class: 1960K(2368K)->1960K(2368K)
[96.872s][info][gc             ] GC(703) Pause Young (Allocation Failure) 290M->8M(958M) 1.861ms
[96.872s][info][gc,cpu         ] GC(703) User=0.00s Sys=0.00s Real=0.00s
[97.040s][info][gc,start       ] GC(704) Pause Young (Allocation Failure)
[97.041s][info][gc,heap        ] GC(704) PSYoungGen: 282112K(282112K)->992K(274944K) Eden: 281088K(281088K)->0K(273920K) From: 1024K(1024K)->992K(1024K)
[97.041s][info][gc,heap        ] GC(704) ParOldGen: 7832K(699392K)->7912K(699392K)
[97.041s][info][gc,metaspace   ] GC(704) Metaspace: 14294K(15296K)->14294K(15296K) NonClass: 12334K(12928K)->12334K(12928K) Class: 1960K(2368K)->1960K(2368K)
[97.041s][info][gc             ] GC(704) Pause Young (Allocation Failure) 283M->8M(951M) 1.797ms
[97.041s][info][gc,cpu         ] GC(704) User=0.00s Sys=0.00s Real=0.00s
[97.205s][info][gc,start       ] GC(705) Pause Young (Allocation Failure)
[97.207s][info][gc,heap        ] GC(705) PSYoungGen: 274912K(274944K)->1056K(268800K) Eden: 273920K(273920K)->0K(267264K) From: 992K(1024K)->1056K(1536K)
[97.207s][info][gc,heap        ] GC(705) ParOldGen: 7912K(699392K)->8024K(699392K)
[97.207s][info][gc,metaspace   ] GC(705) Metaspace: 14294K(15296K)->14294K(15296K) NonClass: 12334K(12928K)->12334K(12928K) Class: 1960K(2368K)->1960K(2368K)
[97.207s][info][gc             ] GC(705) Pause Young (Allocation Failure) 276M->8M(945M) 1.872ms
[97.207s][info][gc,cpu         ] GC(705) User=0.00s Sys=0.00s Real=0.00s
[97.365s][info][gc,start       ] GC(706) Pause Young (Allocation Failure)
[97.367s][info][gc,heap        ] GC(706) PSYoungGen: 268320K(268800K)->1024K(292352K) Eden: 267264K(267264K)->0K(291328K) From: 1056K(1536K)->1024K(1024K)
[97.367s][info][gc,heap        ] GC(706) ParOldGen: 8024K(699392K)->8096K(699392K)
[97.367s][info][gc,metaspace   ] GC(706) Metaspace: 14294K(15296K)->14294K(15296K) NonClass: 12334K(12928K)->12334K(12928K) Class: 1960K(2368K)->1960K(2368K)
[97.367s][info][gc             ] GC(706) Pause Young (Allocation Failure) 269M->8M(968M) 1.914ms
[97.367s][info][gc,cpu         ] GC(706) User=0.00s Sys=0.00s Real=0.00s
[97.539s][info][gc,start       ] GC(707) Pause Young (Allocation Failure)
[97.541s][info][gc,heap        ] GC(707) PSYoungGen: 292352K(292352K)->992K(292864K) Eden: 291328K(291328K)->0K(291328K) From: 1024K(1024K)->992K(1536K)
[97.541s][info][gc,heap        ] GC(707) ParOldGen: 8096K(699392K)->8184K(699392K)
[97.541s][info][gc,metaspace   ] GC(707) Metaspace: 14294K(15296K)->14294K(15296K) NonClass: 12334K(12928K)->12334K(12928K) Class: 1960K(2368K)->1960K(2368K)
[97.541s][info][gc             ] GC(707) Pause Young (Allocation Failure) 293M->8M(969M) 1.954ms
[97.541s][info][gc,cpu         ] GC(707) User=0.00s Sys=0.00s Real=0.00s
[97.713s][info][gc,start       ] GC(708) Pause Young (Allocation Failure)
[97.715s][info][gc,heap        ] GC(708) PSYoungGen: 292320K(292864K)->1056K(347648K) Eden: 291328K(291328K)->0K(346112K) From: 992K(1536K)->1056K(1536K)
[97.715s][info][gc,heap        ] GC(708) ParOldGen: 8184K(699392K)->8272K(699392K)
[97.715s][info][gc,metaspace   ] GC(708) Metaspace: 14294K(15296K)->14294K(15296K) NonClass: 12334K(12928K)->12334K(12928K) Class: 1960K(2368K)->1960K(2368K)
[97.715s][info][gc             ] GC(708) Pause Young (Allocation Failure) 293M->9M(1022M) 1.941ms
[97.715s][info][gc,cpu         ] GC(708) User=0.00s Sys=0.00s Real=0.00s
[97.977s][info][gc,start       ] GC(709) Pause Young (Allocation Failure)
[97.980s][info][gc,heap        ] GC(709) PSYoungGen: 347168K(347648K)->1056K(337920K) Eden: 346112K(346112K)->0K(336384K) From: 1056K(1536K)->1056K(1536K)
[97.980s][info][gc,heap        ] GC(709) ParOldGen: 8272K(699392K)->8344K(699392K)
[97.980s][info][gc,metaspace   ] GC(709) Metaspace: 14294K(15296K)->14294K(15296K) NonClass: 12334K(12928K)->12334K(12928K) Class: 1960K(2368K)->1960K(2368K)
[97.980s][info][gc             ] GC(709) Pause Young (Allocation Failure) 347M->9M(1013M) 2.809ms
[97.980s][info][gc,cpu         ] GC(709) User=0.00s Sys=0.00s Real=0.00s
[98.188s][info][gc,start       ] GC(710) Pause Young (Allocation Failure)
[98.190s][info][gc,heap        ] GC(710) PSYoungGen: 337440K(337920K)->512K(327680K) Eden: 336384K(336384K)->0K(327168K) From: 1056K(1536K)->512K(512K)
[98.190s][info][gc,heap        ] GC(710) ParOldGen: 8344K(699392K)->8560K(699392K)
[98.190s][info][gc,metaspace   ] GC(710) Metaspace: 14294K(15296K)->14294K(15296K) NonClass: 12334K(12928K)->12334K(12928K) Class: 1960K(2368K)->1960K(2368K)
[98.190s][info][gc             ] GC(710) Pause Young (Allocation Failure) 337M->8M(1003M) 1.856ms
[98.190s][info][gc,cpu         ] GC(710) User=0.00s Sys=0.00s Real=0.00s
[98.386s][info][gc,start       ] GC(711) Pause Young (Allocation Failure)
[98.388s][info][gc,heap        ] GC(711) PSYoungGen: 327680K(327680K)->1056K(320000K) Eden: 327168K(327168K)->0K(318464K) From: 512K(512K)->1056K(1536K)
[98.388s][info][gc,heap        ] GC(711) ParOldGen: 8560K(699392K)->8576K(699392K)
[98.388s][info][gc,metaspace   ] GC(711) Metaspace: 14294K(15296K)->14294K(15296K) NonClass: 12334K(12928K)->12334K(12928K) Class: 1960K(2368K)->1960K(2368K)
[98.388s][info][gc             ] GC(711) Pause Young (Allocation Failure) 328M->9M(995M) 1.700ms
[98.388s][info][gc,cpu         ] GC(711) User=0.00s Sys=0.00s Real=0.00s
[98.578s][info][gc,start       ] GC(712) Pause Young (Allocation Failure)
[98.580s][info][gc,heap        ] GC(712) PSYoungGen: 319520K(320000K)->1024K(310784K) Eden: 318464K(318464K)->0K(309760K) From: 1056K(1536K)->1024K(1024K)
[98.580s][info][gc,heap        ] GC(712) ParOldGen: 8576K(699392K)->8672K(699392K)
[98.580s][info][gc,metaspace   ] GC(712) Metaspace: 14294K(15296K)->14294K(15296K) NonClass: 12334K(12928K)->12334K(12928K) Class: 1960K(2368K)->1960K(2368K)
[98.580s][info][gc             ] GC(712) Pause Young (Allocation Failure) 320M->9M(986M) 1.553ms
[98.580s][info][gc,cpu         ] GC(712) User=0.00s Sys=0.00s Real=0.00s
[98.765s][info][gc,start       ] GC(713) Pause Young (Allocation Failure)
[98.766s][info][gc,heap        ] GC(713) PSYoungGen: 310784K(310784K)->1056K(303104K) Eden: 309760K(309760K)->0K(301568K) From: 1024K(1024K)->1056K(1536K)
[98.766s][info][gc,heap        ] GC(713) ParOldGen: 8672K(699392K)->8760K(699392K)
[98.766s][info][gc,metaspace   ] GC(713) Metaspace: 14294K(15296K)->14294K(15296K) NonClass: 12334K(12928K)->12334K(12928K) Class: 1960K(2368K)->1960K(2368K)
[98.766s][info][gc             ] GC(713) Pause Young (Allocation Failure) 311M->9M(979M) 1.516ms
[98.766s][info][gc,cpu         ] GC(713) User=0.52s Sys=0.00s Real=0.00s
[98.947s][info][gc,start       ] GC(714) Pause Young (Allocation Failure)
[98.948s][info][gc,heap        ] GC(714) PSYoungGen: 302624K(303104K)->1024K(294912K) Eden: 301568K(301568K)->0K(293888K) From: 1056K(1536K)->1024K(1024K)
[98.948s][info][gc,heap        ] GC(714) ParOldGen: 8760K(699392K)->8848K(699392K)
[98.948s][info][gc,metaspace   ] GC(714) Metaspace: 14294K(15296K)->14294K(15296K) NonClass: 12334K(12928K)->12334K(12928K) Class: 1960K(2368K)->1960K(2368K)
[98.948s][info][gc             ] GC(714) Pause Young (Allocation Failure) 304M->9M(971M) 1.545ms
[98.948s][info][gc,cpu         ] GC(714) User=0.00s Sys=0.00s Real=0.00s
[99.123s][info][gc,start       ] GC(715) Pause Young (Allocation Failure)
[99.125s][info][gc,heap        ] GC(715) PSYoungGen: 294912K(294912K)->1024K(287232K) Eden: 293888K(293888K)->0K(286208K) From: 1024K(1024K)->1024K(1024K)
[99.125s][info][gc,heap        ] GC(715) ParOldGen: 8848K(699392K)->8936K(699392K)
[99.125s][info][gc,metaspace   ] GC(715) Metaspace: 14294K(15296K)->14294K(15296K) NonClass: 12334K(12928K)->12334K(12928K) Class: 1960K(2368K)->1960K(2368K)
[99.125s][info][gc             ] GC(715) Pause Young (Allocation Failure) 296M->9M(963M) 1.558ms
[99.125s][info][gc,cpu         ] GC(715) User=0.52s Sys=0.00s Real=0.00s
[99.295s][info][gc,start       ] GC(716) Pause Young (Allocation Failure)
[99.297s][info][gc,heap        ] GC(716) PSYoungGen: 287232K(287232K)->1024K(280064K) Eden: 286208K(286208K)->0K(279040K) From: 1024K(1024K)->1024K(1024K)
[99.297s][info][gc,heap        ] GC(716) ParOldGen: 8936K(699392K)->9032K(699392K)
[99.297s][info][gc,metaspace   ] GC(716) Metaspace: 14294K(15296K)->14294K(15296K) NonClass: 12334K(12928K)->12334K(12928K) Class: 1960K(2368K)->1960K(2368K)
[99.297s][info][gc             ] GC(716) Pause Young (Allocation Failure) 289M->9M(956M) 1.644ms
[99.297s][info][gc,cpu         ] GC(716) User=0.52s Sys=0.00s Real=0.00s
[99.463s][info][gc,start       ] GC(717) Pause Young (Allocation Failure)
[99.464s][info][gc,heap        ] GC(717) PSYoungGen: 280064K(280064K)->1024K(272896K) Eden: 279040K(279040K)->0K(271872K) From: 1024K(1024K)->1024K(1024K)
[99.464s][info][gc,heap        ] GC(717) ParOldGen: 9032K(699392K)->9128K(699392K)
[99.464s][info][gc,metaspace   ] GC(717) Metaspace: 14294K(15296K)->14294K(15296K) NonClass: 12334K(12928K)->12334K(12928K) Class: 1960K(2368K)->1960K(2368K)
[99.464s][info][gc             ] GC(717) Pause Young (Allocation Failure) 282M->9M(949M) 1.654ms
[99.464s][info][gc,cpu         ] GC(717) User=0.00s Sys=0.00s Real=0.00s
[99.625s][info][gc,start       ] GC(718) Pause Young (Allocation Failure)
[99.627s][info][gc,heap        ] GC(718) PSYoungGen: 272896K(272896K)->1024K(266240K) Eden: 271872K(271872K)->0K(265216K) From: 1024K(1024K)->1024K(1024K)
[99.627s][info][gc,heap        ] GC(718) ParOldGen: 9128K(699392K)->9224K(699392K)
[99.627s][info][gc,metaspace   ] GC(718) Metaspace: 14294K(15296K)->14294K(15296K) NonClass: 12334K(12928K)->12334K(12928K) Class: 1960K(2368K)->1960K(2368K)
[99.627s][info][gc             ] GC(718) Pause Young (Allocation Failure) 275M->10M(943M) 1.644ms
[99.627s][info][gc,cpu         ] GC(718) User=0.00s Sys=0.00s Real=0.00s
[99.785s][info][gc,start       ] GC(719) Pause Young (Allocation Failure)
[99.787s][info][gc,heap        ] GC(719) PSYoungGen: 266240K(266240K)->992K(259584K) Eden: 265216K(265216K)->0K(258560K) From: 1024K(1024K)->992K(1024K)
[99.787s][info][gc,heap        ] GC(719) ParOldGen: 9224K(699392K)->9280K(699392K)
[99.787s][info][gc,metaspace   ] GC(719) Metaspace: 14294K(15296K)->14294K(15296K) NonClass: 12334K(12928K)->12334K(12928K) Class: 1960K(2368K)->1960K(2368K)
[99.787s][info][gc             ] GC(719) Pause Young (Allocation Failure) 269M->10M(936M) 1.665ms
[99.787s][info][gc,cpu         ] GC(719) User=0.00s Sys=0.00s Real=0.00s
[99.940s][info][gc,start       ] GC(720) Pause Young (Allocation Failure)
[99.942s][info][gc,heap        ] GC(720) PSYoungGen: 259552K(259584K)->1024K(253440K) Eden: 258560K(258560K)->0K(252416K) From: 992K(1024K)->1024K(1024K)
[99.942s][info][gc,heap        ] GC(720) ParOldGen: 9280K(699392K)->9352K(699392K)
[99.942s][info][gc,metaspace   ] GC(720) Metaspace: 14294K(15296K)->14294K(15296K) NonClass: 12334K(12928K)->12334K(12928K) Class: 1960K(2368K)->1960K(2368K)
[99.942s][info][gc             ] GC(720) Pause Young (Allocation Failure) 262M->10M(930M) 1.663ms
[99.942s][info][gc,cpu         ] GC(720) User=0.00s Sys=0.00s Real=0.00s
[100.092s][info][gc,start       ] GC(721) Pause Young (Allocation Failure)
[100.094s][info][gc,heap        ] GC(721) PSYoungGen: 253440K(253440K)->992K(247296K) Eden: 252416K(252416K)->0K(246272K) From: 1024K(1024K)->992K(1024K)
[100.094s][info][gc,heap        ] GC(721) ParOldGen: 9352K(699392K)->9448K(699392K)
[100.094s][info][gc,metaspace   ] GC(721) Metaspace: 14294K(15296K)->14294K(15296K) NonClass: 12334K(12928K)->12334K(12928K) Class: 1960K(2368K)->1960K(2368K)
[100.094s][info][gc             ] GC(721) Pause Young (Allocation Failure) 256M->10M(924M) 1.682ms
[100.094s][info][gc,cpu         ] GC(721) User=0.52s Sys=0.00s Real=0.00s
[100.241s][info][gc,start       ] GC(722) Pause Young (Allocation Failure)
[100.242s][info][gc,heap        ] GC(722) PSYoungGen: 247264K(247296K)->960K(241664K) Eden: 246272K(246272K)->0K(240640K) From: 992K(1024K)->960K(1024K)
[100.242s][info][gc,heap        ] GC(722) ParOldGen: 9448K(699392K)->9520K(699392K)
[100.242s][info][gc,metaspace   ] GC(722) Metaspace: 14294K(15296K)->14294K(15296K) NonClass: 12334K(12928K)->12334K(12928K) Class: 1960K(2368K)->1960K(2368K)
[100.242s][info][gc             ] GC(722) Pause Young (Allocation Failure) 250M->10M(919M) 1.782ms
[100.242s][info][gc,cpu         ] GC(722) User=0.00s Sys=0.00s Real=0.00s
[100.388s][info][gc,start       ] GC(723) Pause Young (Allocation Failure)
[100.390s][info][gc,heap        ] GC(723) PSYoungGen: 241600K(241664K)->1024K(236032K) Eden: 240640K(240640K)->0K(235008K) From: 960K(1024K)->1024K(1024K)
[100.390s][info][gc,heap        ] GC(723) ParOldGen: 9520K(699392K)->9600K(699392K)
[100.390s][info][gc,metaspace   ] GC(723) Metaspace: 14294K(15296K)->14294K(15296K) NonClass: 12334K(12928K)->12334K(12928K) Class: 1960K(2368K)->1960K(2368K)
[100.390s][info][gc             ] GC(723) Pause Young (Allocation Failure) 245M->10M(913M) 1.741ms
[100.390s][info][gc,cpu         ] GC(723) User=0.00s Sys=0.00s Real=0.00s
[100.530s][info][gc,start       ] GC(724) Pause Young (Allocation Failure)
[100.532s][info][gc,heap        ] GC(724) PSYoungGen: 236032K(236032K)->1024K(283136K) Eden: 235008K(235008K)->0K(282112K) From: 1024K(1024K)->1024K(1024K)
[100.532s][info][gc,heap        ] GC(724) ParOldGen: 9600K(699392K)->9664K(699392K)
[100.532s][info][gc,metaspace   ] GC(724) Metaspace: 14294K(15296K)->14294K(15296K) NonClass: 12334K(12928K)->12334K(12928K) Class: 1960K(2368K)->1960K(2368K)
[100.532s][info][gc             ] GC(724) Pause Young (Allocation Failure) 239M->10M(959M) 1.808ms
[100.532s][info][gc,cpu         ] GC(724) User=0.00s Sys=0.00s Real=0.00s
[100.702s][info][gc,start       ] GC(725) Pause Young (Allocation Failure)
[100.703s][info][gc,heap        ] GC(725) PSYoungGen: 283136K(283136K)->1024K(340480K) Eden: 282112K(282112K)->0K(338944K) From: 1024K(1024K)->1024K(1536K)
[100.703s][info][gc,heap        ] GC(725) ParOldGen: 9664K(699392K)->9704K(699392K)
[100.703s][info][gc,metaspace   ] GC(725) Metaspace: 14294K(15296K)->14294K(15296K) NonClass: 12334K(12928K)->12334K(12928K) Class: 1960K(2368K)->1960K(2368K)
[100.703s][info][gc             ] GC(725) Pause Young (Allocation Failure) 285M->10M(1015M) 1.790ms
[100.703s][info][gc,cpu         ] GC(725) User=0.00s Sys=0.00s Real=0.00s
[100.907s][info][gc,start       ] GC(726) Pause Young (Allocation Failure)
[100.909s][info][gc,heap        ] GC(726) PSYoungGen: 339968K(340480K)->992K(330752K) Eden: 338944K(338944K)->0K(329728K) From: 1024K(1536K)->992K(1024K)
[100.909s][info][gc,heap        ] GC(726) ParOldGen: 9704K(699392K)->9784K(699392K)
[100.909s][info][gc,metaspace   ] GC(726) Metaspace: 14294K(15296K)->14294K(15296K) NonClass: 12334K(12928K)->12334K(12928K) Class: 1960K(2368K)->1960K(2368K)
[100.909s][info][gc             ] GC(726) Pause Young (Allocation Failure) 341M->10M(1006M) 1.958ms
[100.909s][info][gc,cpu         ] GC(726) User=0.00s Sys=0.00s Real=0.00s
[101.110s][info][gc,start       ] GC(727) Pause Young (Allocation Failure)
[101.112s][info][gc,heap        ] GC(727) PSYoungGen: 330720K(330752K)->1024K(322048K) Eden: 329728K(329728K)->0K(321024K) From: 992K(1024K)->1024K(1024K)
[101.112s][info][gc,heap        ] GC(727) ParOldGen: 9784K(699392K)->9880K(699392K)
[101.112s][info][gc,metaspace   ] GC(727) Metaspace: 14294K(15296K)->14294K(15296K) NonClass: 12334K(12928K)->12334K(12928K) Class: 1960K(2368K)->1960K(2368K)
[101.112s][info][gc             ] GC(727) Pause Young (Allocation Failure) 332M->10M(997M) 1.941ms
[101.112s][info][gc,cpu         ] GC(727) User=0.00s Sys=0.00s Real=0.00s
[101.305s][info][gc,start       ] GC(728) Pause Young (Allocation Failure)
[101.307s][info][gc,heap        ] GC(728) PSYoungGen: 322048K(322048K)->992K(313344K) Eden: 321024K(321024K)->0K(312320K) From: 1024K(1024K)->992K(1024K)
[101.307s][info][gc,heap        ] GC(728) ParOldGen: 9880K(699392K)->9952K(699392K)
[101.307s][info][gc,metaspace   ] GC(728) Metaspace: 14294K(15296K)->14294K(15296K) NonClass: 12334K(12928K)->12334K(12928K) Class: 1960K(2368K)->1960K(2368K)
[101.307s][info][gc             ] GC(728) Pause Young (Allocation Failure) 324M->10M(989M) 2.059ms
[101.307s][info][gc,cpu         ] GC(728) User=0.00s Sys=0.00s Real=0.00s
[101.497s][info][gc,start       ] GC(729) Pause Young (Allocation Failure)
[101.499s][info][gc,heap        ] GC(729) PSYoungGen: 313312K(313344K)->1024K(305152K) Eden: 312320K(312320K)->0K(304128K) From: 992K(1024K)->1024K(1024K)
[101.499s][info][gc,heap        ] GC(729) ParOldGen: 9952K(699392K)->10016K(699392K)
[101.499s][info][gc,metaspace   ] GC(729) Metaspace: 14294K(15296K)->14294K(15296K) NonClass: 12334K(12928K)->12334K(12928K) Class: 1960K(2368K)->1960K(2368K)
[101.499s][info][gc             ] GC(729) Pause Young (Allocation Failure) 315M->10M(981M) 2.035ms
[101.499s][info][gc,cpu         ] GC(729) User=0.00s Sys=0.00s Real=0.00s
[101.683s][info][gc,start       ] GC(730) Pause Young (Allocation Failure)
[101.685s][info][gc,heap        ] GC(730) PSYoungGen: 305152K(305152K)->1024K(297472K) Eden: 304128K(304128K)->0K(296448K) From: 1024K(1024K)->1024K(1024K)
[101.685s][info][gc,heap        ] GC(730) ParOldGen: 10016K(699392K)->10080K(699392K)
[101.685s][info][gc,metaspace   ] GC(730) Metaspace: 14294K(15296K)->14294K(15296K) NonClass: 12334K(12928K)->12334K(12928K) Class: 1960K(2368K)->1960K(2368K)
[101.685s][info][gc             ] GC(730) Pause Young (Allocation Failure) 307M->10M(973M) 2.048ms
[101.685s][info][gc,cpu         ] GC(730) User=0.00s Sys=0.00s Real=0.00s
[101.974s][info][gc,start       ] GC(731) Pause Young (Allocation Failure)
[101.977s][info][gc,heap        ] GC(731) PSYoungGen: 297471K(297472K)->1024K(289792K) Eden: 296447K(296448K)->0K(288768K) From: 1024K(1024K)->1024K(1024K)
[101.977s][info][gc,heap        ] GC(731) ParOldGen: 10080K(699392K)->10136K(699392K)
[101.977s][info][gc,metaspace   ] GC(731) Metaspace: 14294K(15296K)->14294K(15296K) NonClass: 12334K(12928K)->12334K(12928K) Class: 1960K(2368K)->1960K(2368K)
[101.977s][info][gc             ] GC(731) Pause Young (Allocation Failure) 300M->10M(966M) 2.825ms
[101.977s][info][gc,cpu         ] GC(731) User=0.00s Sys=0.00s Real=0.00s
[102.156s][info][gc,start       ] GC(732) Pause Young (Allocation Failure)
[102.158s][info][gc,heap        ] GC(732) PSYoungGen: 289792K(289792K)->1024K(282624K) Eden: 288768K(288768K)->0K(281600K) From: 1024K(1024K)->1024K(1024K)
[102.158s][info][gc,heap        ] GC(732) ParOldGen: 10136K(699392K)->10208K(699392K)
[102.158s][info][gc,metaspace   ] GC(732) Metaspace: 14294K(15296K)->14294K(15296K) NonClass: 12334K(12928K)->12334K(12928K) Class: 1960K(2368K)->1960K(2368K)
[102.158s][info][gc             ] GC(732) Pause Young (Allocation Failure) 292M->10M(959M) 1.858ms
[102.158s][info][gc,cpu         ] GC(732) User=0.27s Sys=0.05s Real=0.00s
[102.324s][info][gc,start       ] GC(733) Pause Young (Allocation Failure)
[102.325s][info][gc,heap        ] GC(733) PSYoungGen: 282624K(282624K)->1024K(275456K) Eden: 281600K(281600K)->0K(274432K) From: 1024K(1024K)->1024K(1024K)
[102.325s][info][gc,heap        ] GC(733) ParOldGen: 10208K(699392K)->10272K(699392K)
[102.325s][info][gc,metaspace   ] GC(733) Metaspace: 14294K(15296K)->14294K(15296K) NonClass: 12334K(12928K)->12334K(12928K) Class: 1960K(2368K)->1960K(2368K)
[102.325s][info][gc             ] GC(733) Pause Young (Allocation Failure) 285M->11M(952M) 1.737ms
[102.325s][info][gc,cpu         ] GC(733) User=0.00s Sys=0.00s Real=0.00s
[102.489s][info][gc,start       ] GC(734) Pause Young (Allocation Failure)
[102.491s][info][gc,heap        ] GC(734) PSYoungGen: 275456K(275456K)->1024K(268800K) Eden: 274432K(274432K)->0K(267776K) From: 1024K(1024K)->1024K(1024K)
[102.491s][info][gc,heap        ] GC(734) ParOldGen: 10272K(699392K)->10352K(699392K)
[102.491s][info][gc,metaspace   ] GC(734) Metaspace: 14294K(15296K)->14294K(15296K) NonClass: 12334K(12928K)->12334K(12928K) Class: 1960K(2368K)->1960K(2368K)
[102.491s][info][gc             ] GC(734) Pause Young (Allocation Failure) 279M->11M(945M) 1.739ms
[102.491s][info][gc,cpu         ] GC(734) User=0.00s Sys=0.00s Real=0.00s
[102.651s][info][gc,start       ] GC(735) Pause Young (Allocation Failure)
[102.652s][info][gc,heap        ] GC(735) PSYoungGen: 268800K(268800K)->1024K(262144K) Eden: 267776K(267776K)->0K(261120K) From: 1024K(1024K)->1024K(1024K)
[102.652s][info][gc,heap        ] GC(735) ParOldGen: 10352K(699392K)->10432K(699392K)
[102.652s][info][gc,metaspace   ] GC(735) Metaspace: 14294K(15296K)->14294K(15296K) NonClass: 12334K(12928K)->12334K(12928K) Class: 1960K(2368K)->1960K(2368K)
[102.652s][info][gc             ] GC(735) Pause Young (Allocation Failure) 272M->11M(939M) 1.565ms
[102.652s][info][gc,cpu         ] GC(735) User=0.00s Sys=0.00s Real=0.00s
[102.806s][info][gc,start       ] GC(736) Pause Young (Allocation Failure)
[102.808s][info][gc,heap        ] GC(736) PSYoungGen: 262144K(262144K)->1024K(256000K) Eden: 261120K(261120K)->0K(254976K) From: 1024K(1024K)->1024K(1024K)
[102.808s][info][gc,heap        ] GC(736) ParOldGen: 10432K(699392K)->10496K(699392K)
[102.808s][info][gc,metaspace   ] GC(736) Metaspace: 14294K(15296K)->14294K(15296K) NonClass: 12334K(12928K)->12334K(12928K) Class: 1960K(2368K)->1960K(2368K)
[102.808s][info][gc             ] GC(736) Pause Young (Allocation Failure) 266M->11M(933M) 1.552ms
[102.808s][info][gc,cpu         ] GC(736) User=0.00s Sys=0.00s Real=0.00s
[102.957s][info][gc,start       ] GC(737) Pause Young (Allocation Failure)
[102.959s][info][gc,heap        ] GC(737) PSYoungGen: 256000K(256000K)->1024K(249856K) Eden: 254976K(254976K)->0K(248832K) From: 1024K(1024K)->1024K(1024K)
[102.959s][info][gc,heap        ] GC(737) ParOldGen: 10496K(699392K)->10568K(699392K)
[102.959s][info][gc,metaspace   ] GC(737) Metaspace: 14294K(15296K)->14294K(15296K) NonClass: 12334K(12928K)->12334K(12928K) Class: 1960K(2368K)->1960K(2368K)
[102.959s][info][gc             ] GC(737) Pause Young (Allocation Failure) 260M->11M(927M) 1.601ms
[102.959s][info][gc,cpu         ] GC(737) User=0.00s Sys=0.00s Real=0.00s
[103.106s][info][gc,start       ] GC(738) Pause Young (Allocation Failure)
[103.108s][info][gc,heap        ] GC(738) PSYoungGen: 249856K(249856K)->1024K(244224K) Eden: 248832K(248832K)->0K(243200K) From: 1024K(1024K)->1024K(1024K)
[103.108s][info][gc,heap        ] GC(738) ParOldGen: 10568K(699392K)->10640K(699392K)
[103.108s][info][gc,metaspace   ] GC(738) Metaspace: 14294K(15296K)->14294K(15296K) NonClass: 12334K(12928K)->12334K(12928K) Class: 1960K(2368K)->1960K(2368K)
[103.108s][info][gc             ] GC(738) Pause Young (Allocation Failure) 254M->11M(921M) 1.553ms
[103.108s][info][gc,cpu         ] GC(738) User=0.00s Sys=0.00s Real=0.00s
[103.253s][info][gc,start       ] GC(739) Pause Young (Allocation Failure)
[103.254s][info][gc,heap        ] GC(739) PSYoungGen: 244224K(244224K)->1024K(238592K) Eden: 243200K(243200K)->0K(237568K) From: 1024K(1024K)->1024K(1024K)
[103.254s][info][gc,heap        ] GC(739) ParOldGen: 10640K(699392K)->10712K(699392K)
[103.254s][info][gc,metaspace   ] GC(739) Metaspace: 14294K(15296K)->14294K(15296K) NonClass: 12334K(12928K)->12334K(12928K) Class: 1960K(2368K)->1960K(2368K)
[103.254s][info][gc             ] GC(739) Pause Young (Allocation Failure) 248M->11M(916M) 1.601ms
[103.254s][info][gc,cpu         ] GC(739) User=0.00s Sys=0.00s Real=0.00s
[103.395s][info][gc,start       ] GC(740) Pause Young (Allocation Failure)
[103.396s][info][gc,heap        ] GC(740) PSYoungGen: 238591K(238592K)->992K(232960K) Eden: 237567K(237568K)->0K(231936K) From: 1024K(1024K)->992K(1024K)
[103.396s][info][gc,heap        ] GC(740) ParOldGen: 10712K(699392K)->10760K(699392K)
[103.396s][info][gc,metaspace   ] GC(740) Metaspace: 14294K(15296K)->14294K(15296K) NonClass: 12334K(12928K)->12334K(12928K) Class: 1960K(2368K)->1960K(2368K)
[103.396s][info][gc             ] GC(740) Pause Young (Allocation Failure) 243M->11M(910M) 1.624ms
[103.396s][info][gc,cpu         ] GC(740) User=0.00s Sys=0.00s Real=0.00s
[103.535s][info][gc,start       ] GC(741) Pause Young (Allocation Failure)
[103.536s][info][gc,heap        ] GC(741) PSYoungGen: 232928K(232960K)->1024K(227840K) Eden: 231936K(231936K)->0K(226816K) From: 992K(1024K)->1024K(1024K)
[103.536s][info][gc,heap        ] GC(741) ParOldGen: 10760K(699392K)->10816K(699392K)
[103.536s][info][gc,metaspace   ] GC(741) Metaspace: 14294K(15296K)->14294K(15296K) NonClass: 12334K(12928K)->12334K(12928K) Class: 1960K(2368K)->1960K(2368K)
[103.536s][info][gc             ] GC(741) Pause Young (Allocation Failure) 237M->11M(905M) 1.684ms
[103.536s][info][gc,cpu         ] GC(741) User=0.00s Sys=0.00s Real=0.00s
[103.672s][info][gc,start       ] GC(742) Pause Young (Allocation Failure)
[103.673s][info][gc,heap        ] GC(742) PSYoungGen: 227840K(227840K)->1024K(222720K) Eden: 226816K(226816K)->0K(221696K) From: 1024K(1024K)->1024K(1024K)
[103.674s][info][gc,heap        ] GC(742) ParOldGen: 10816K(699392K)->10904K(699392K)
[103.674s][info][gc,metaspace   ] GC(742) Metaspace: 14294K(15296K)->14294K(15296K) NonClass: 12334K(12928K)->12334K(12928K) Class: 1960K(2368K)->1960K(2368K)
[103.674s][info][gc             ] GC(742) Pause Young (Allocation Failure) 233M->11M(900M) 1.663ms
[103.674s][info][gc,cpu         ] GC(742) User=0.00s Sys=0.00s Real=0.00s
[103.806s][info][gc,start       ] GC(743) Pause Young (Allocation Failure)
[103.808s][info][gc,heap        ] GC(743) PSYoungGen: 222720K(222720K)->1024K(267264K) Eden: 221696K(221696K)->0K(266240K) From: 1024K(1024K)->1024K(1024K)
[103.808s][info][gc,heap        ] GC(743) ParOldGen: 10904K(699392K)->10960K(699392K)
[103.808s][info][gc,metaspace   ] GC(743) Metaspace: 14294K(15296K)->14294K(15296K) NonClass: 12334K(12928K)->12334K(12928K) Class: 1960K(2368K)->1960K(2368K)
[103.808s][info][gc             ] GC(743) Pause Young (Allocation Failure) 228M->11M(944M) 1.661ms
[103.808s][info][gc,cpu         ] GC(743) User=0.00s Sys=0.00s Real=0.00s
[103.967s][info][gc,start       ] GC(744) Pause Young (Allocation Failure)
[103.969s][info][gc,heap        ] GC(744) PSYoungGen: 267264K(267264K)->960K(260608K) Eden: 266240K(266240K)->0K(259584K) From: 1024K(1024K)->960K(1024K)
[103.969s][info][gc,heap        ] GC(744) ParOldGen: 10960K(699392K)->11016K(699392K)
[103.969s][info][gc,metaspace   ] GC(744) Metaspace: 14294K(15296K)->14294K(15296K) NonClass: 12334K(12928K)->12334K(12928K) Class: 1960K(2368K)->1960K(2368K)
[103.969s][info][gc             ] GC(744) Pause Young (Allocation Failure) 271M->11M(937M) 1.734ms
[103.969s][info][gc,cpu         ] GC(744) User=0.52s Sys=0.00s Real=0.00s
[104.124s][info][gc,start       ] GC(745) Pause Young (Allocation Failure)
[104.126s][info][gc,heap        ] GC(745) PSYoungGen: 260544K(260608K)->1024K(254464K) Eden: 259584K(259584K)->0K(253440K) From: 960K(1024K)->1024K(1024K)
[104.126s][info][gc,heap        ] GC(745) ParOldGen: 11016K(699392K)->11080K(699392K)
[104.126s][info][gc,metaspace   ] GC(745) Metaspace: 14294K(15296K)->14294K(15296K) NonClass: 12334K(12928K)->12334K(12928K) Class: 1960K(2368K)->1960K(2368K)
[104.126s][info][gc             ] GC(745) Pause Young (Allocation Failure) 265M->11M(931M) 1.733ms
[104.126s][info][gc,cpu         ] GC(745) User=0.00s Sys=0.00s Real=0.00s
[104.278s][info][gc,start       ] GC(746) Pause Young (Allocation Failure)
[104.280s][info][gc,heap        ] GC(746) PSYoungGen: 254464K(254464K)->992K(248320K) Eden: 253440K(253440K)->0K(247296K) From: 1024K(1024K)->992K(1024K)
[104.280s][info][gc,heap        ] GC(746) ParOldGen: 11080K(699392K)->11144K(699392K)
[104.280s][info][gc,metaspace   ] GC(746) Metaspace: 14294K(15296K)->14294K(15296K) NonClass: 12334K(12928K)->12334K(12928K) Class: 1960K(2368K)->1960K(2368K)
[104.280s][info][gc             ] GC(746) Pause Young (Allocation Failure) 259M->11M(925M) 1.877ms
[104.280s][info][gc,cpu         ] GC(746) User=0.00s Sys=0.00s Real=0.00s
[104.428s][info][gc,start       ] GC(747) Pause Young (Allocation Failure)
[104.430s][info][gc,heap        ] GC(747) PSYoungGen: 248288K(248320K)->992K(297984K) Eden: 247296K(247296K)->0K(296960K) From: 992K(1024K)->992K(1024K)
[104.430s][info][gc,heap        ] GC(747) ParOldGen: 11144K(699392K)->11200K(699392K)
[104.430s][info][gc,metaspace   ] GC(747) Metaspace: 14294K(15296K)->14294K(15296K) NonClass: 12334K(12928K)->12334K(12928K) Class: 1960K(2368K)->1960K(2368K)
[104.430s][info][gc             ] GC(747) Pause Young (Allocation Failure) 253M->11M(974M) 1.809ms
[104.430s][info][gc,cpu         ] GC(747) User=0.00s Sys=0.00s Real=0.00s
[104.606s][info][gc,start       ] GC(748) Pause Young (Allocation Failure)
[104.608s][info][gc,heap        ] GC(748) PSYoungGen: 297952K(297984K)->1024K(290304K) Eden: 296960K(296960K)->0K(289280K) From: 992K(1024K)->1024K(1024K)
[104.608s][info][gc,heap        ] GC(748) ParOldGen: 11200K(699392K)->11256K(699392K)
[104.608s][info][gc,metaspace   ] GC(748) Metaspace: 14294K(15296K)->14294K(15296K) NonClass: 12334K(12928K)->12334K(12928K) Class: 1960K(2368K)->1960K(2368K)
[104.608s][info][gc             ] GC(748) Pause Young (Allocation Failure) 301M->11M(966M) 1.863ms
[104.608s][info][gc,cpu         ] GC(748) User=0.00s Sys=0.00s Real=0.00s
[104.781s][info][gc,start       ] GC(749) Pause Young (Allocation Failure)
[104.783s][info][gc,heap        ] GC(749) PSYoungGen: 290304K(290304K)->1024K(283136K) Eden: 289280K(289280K)->0K(282112K) From: 1024K(1024K)->1024K(1024K)
[104.783s][info][gc,heap        ] GC(749) ParOldGen: 11256K(699392K)->11332K(699392K)
[104.783s][info][gc,metaspace   ] GC(749) Metaspace: 14294K(15296K)->14294K(15296K) NonClass: 12334K(12928K)->12334K(12928K) Class: 1960K(2368K)->1960K(2368K)
[104.783s][info][gc             ] GC(749) Pause Young (Allocation Failure) 294M->12M(959M) 1.885ms
[104.783s][info][gc,cpu         ] GC(749) User=0.00s Sys=0.00s Real=0.00s
[104.953s][info][gc,start       ] GC(750) Pause Young (Allocation Failure)
[104.955s][info][gc,heap        ] GC(750) PSYoungGen: 283136K(283136K)->1024K(275968K) Eden: 282112K(282112K)->0K(274944K) From: 1024K(1024K)->1024K(1024K)
[104.955s][info][gc,heap        ] GC(750) ParOldGen: 11332K(699392K)->11428K(699392K)
[104.955s][info][gc,metaspace   ] GC(750) Metaspace: 14294K(15296K)->14294K(15296K) NonClass: 12334K(12928K)->12334K(12928K) Class: 1960K(2368K)->1960K(2368K)
[104.955s][info][gc             ] GC(750) Pause Young (Allocation Failure) 287M->12M(952M) 1.955ms
[104.955s][info][gc,cpu         ] GC(750) User=0.02s Sys=0.00s Real=0.00s
[105.120s][info][gc,start       ] GC(751) Pause Young (Allocation Failure)
[105.121s][info][gc,heap        ] GC(751) PSYoungGen: 275968K(275968K)->1024K(269312K) Eden: 274944K(274944K)->0K(268288K) From: 1024K(1024K)->1024K(1024K)
[105.121s][info][gc,heap        ] GC(751) ParOldGen: 11428K(699392K)->11484K(699392K)
[105.122s][info][gc,metaspace   ] GC(751) Metaspace: 14294K(15296K)->14294K(15296K) NonClass: 12334K(12928K)->12334K(12928K) Class: 1960K(2368K)->1960K(2368K)
[105.122s][info][gc             ] GC(751) Pause Young (Allocation Failure) 280M->12M(946M) 1.947ms
[105.122s][info][gc,cpu         ] GC(751) User=0.00s Sys=0.00s Real=0.00s
[105.282s][info][gc,start       ] GC(752) Pause Young (Allocation Failure)
[105.284s][info][gc,heap        ] GC(752) PSYoungGen: 269312K(269312K)->1024K(323072K) Eden: 268288K(268288K)->0K(322048K) From: 1024K(1024K)->1024K(1024K)
[105.284s][info][gc,heap        ] GC(752) ParOldGen: 11484K(699392K)->11540K(699392K)
[105.284s][info][gc,metaspace   ] GC(752) Metaspace: 14294K(15296K)->14294K(15296K) NonClass: 12334K(12928K)->12334K(12928K) Class: 1960K(2368K)->1960K(2368K)
[105.284s][info][gc             ] GC(752) Pause Young (Allocation Failure) 274M->12M(998M) 1.948ms
[105.284s][info][gc,cpu         ] GC(752) User=0.00s Sys=0.00s Real=0.00s
[105.476s][info][gc,start       ] GC(753) Pause Young (Allocation Failure)
[105.478s][info][gc,heap        ] GC(753) PSYoungGen: 323072K(323072K)->992K(314368K) Eden: 322048K(322048K)->0K(313344K) From: 1024K(1024K)->992K(1024K)
[105.478s][info][gc,heap        ] GC(753) ParOldGen: 11540K(699392K)->11588K(699392K)
[105.478s][info][gc,metaspace   ] GC(753) Metaspace: 14294K(15296K)->14294K(15296K) NonClass: 12334K(12928K)->12334K(12928K) Class: 1960K(2368K)->1960K(2368K)
[105.478s][info][gc             ] GC(753) Pause Young (Allocation Failure) 326M->12M(990M) 2.046ms
[105.478s][info][gc,cpu         ] GC(753) User=0.00s Sys=0.00s Real=0.00s
[105.664s][info][gc,start       ] GC(754) Pause Young (Allocation Failure)
[105.666s][info][gc,heap        ] GC(754) PSYoungGen: 314336K(314368K)->1024K(306176K) Eden: 313344K(313344K)->0K(305152K) From: 992K(1024K)->1024K(1024K)
[105.666s][info][gc,heap        ] GC(754) ParOldGen: 11588K(699392K)->11644K(699392K)
[105.666s][info][gc,metaspace   ] GC(754) Metaspace: 14294K(15296K)->14294K(15296K) NonClass: 12334K(12928K)->12334K(12928K) Class: 1960K(2368K)->1960K(2368K)
[105.666s][info][gc             ] GC(754) Pause Young (Allocation Failure) 318M->12M(982M) 2.083ms
[105.666s][info][gc,cpu         ] GC(754) User=0.00s Sys=0.00s Real=0.00s
[105.932s][info][gc,start       ] GC(755) Pause Young (Allocation Failure)
[105.935s][info][gc,heap        ] GC(755) PSYoungGen: 306176K(306176K)->1024K(297984K) Eden: 305152K(305152K)->0K(296960K) From: 1024K(1024K)->1024K(1024K)
[105.935s][info][gc,heap        ] GC(755) ParOldGen: 11644K(699392K)->11692K(699392K)
[105.935s][info][gc,metaspace   ] GC(755) Metaspace: 14294K(15296K)->14294K(15296K) NonClass: 12334K(12928K)->12334K(12928K) Class: 1960K(2368K)->1960K(2368K)
[105.935s][info][gc             ] GC(755) Pause Young (Allocation Failure) 310M->12M(974M) 2.873ms
[105.935s][info][gc,cpu         ] GC(755) User=0.00s Sys=0.00s Real=0.00s
[106.118s][info][gc,start       ] GC(756) Pause Young (Allocation Failure)
[106.119s][info][gc,heap        ] GC(756) PSYoungGen: 297984K(297984K)->1024K(290304K) Eden: 296960K(296960K)->0K(289280K) From: 1024K(1024K)->1024K(1024K)
[106.119s][info][gc,heap        ] GC(756) ParOldGen: 11692K(699392K)->11764K(699392K)
[106.119s][info][gc,metaspace   ] GC(756) Metaspace: 14294K(15296K)->14294K(15296K) NonClass: 12334K(12928K)->12334K(12928K) Class: 1960K(2368K)->1960K(2368K)
[106.120s][info][gc             ] GC(756) Pause Young (Allocation Failure) 302M->12M(966M) 1.989ms
[106.120s][info][gc,cpu         ] GC(756) User=0.00s Sys=0.00s Real=0.00s
[106.291s][info][gc,start       ] GC(757) Pause Young (Allocation Failure)
[106.292s][info][gc,heap        ] GC(757) PSYoungGen: 290304K(290304K)->992K(283136K) Eden: 289280K(289280K)->0K(282112K) From: 1024K(1024K)->992K(1024K)
[106.292s][info][gc,heap        ] GC(757) ParOldGen: 11764K(699392K)->11836K(699392K)
[106.292s][info][gc,metaspace   ] GC(757) Metaspace: 14294K(15296K)->14294K(15296K) NonClass: 12334K(12928K)->12334K(12928K) Class: 1960K(2368K)->1960K(2368K)
[106.292s][info][gc             ] GC(757) Pause Young (Allocation Failure) 294M->12M(959M) 1.691ms
[106.292s][info][gc,cpu         ] GC(757) User=0.00s Sys=0.00s Real=0.00s
[106.459s][info][gc,start       ] GC(758) Pause Young (Allocation Failure)
[106.461s][info][gc,heap        ] GC(758) PSYoungGen: 283104K(283136K)->1024K(275968K) Eden: 282112K(282112K)->0K(274944K) From: 992K(1024K)->1024K(1024K)
[106.461s][info][gc,heap        ] GC(758) ParOldGen: 11836K(699392K)->11900K(699392K)
[106.461s][info][gc,metaspace   ] GC(758) Metaspace: 14294K(15296K)->14294K(15296K) NonClass: 12334K(12928K)->12334K(12928K) Class: 1960K(2368K)->1960K(2368K)
[106.461s][info][gc             ] GC(758) Pause Young (Allocation Failure) 288M->12M(952M) 1.575ms
[106.461s][info][gc,cpu         ] GC(758) User=0.00s Sys=0.00s Real=0.00s
[106.623s][info][gc,start       ] GC(759) Pause Young (Allocation Failure)
[106.624s][info][gc,heap        ] GC(759) PSYoungGen: 275968K(275968K)->992K(269312K) Eden: 274944K(274944K)->0K(268288K) From: 1024K(1024K)->992K(1024K)
[106.624s][info][gc,heap        ] GC(759) ParOldGen: 11900K(699392K)->11964K(699392K)
[106.624s][info][gc,metaspace   ] GC(759) Metaspace: 14294K(15296K)->14294K(15296K) NonClass: 12334K(12928K)->12334K(12928K) Class: 1960K(2368K)->1960K(2368K)
[106.624s][info][gc             ] GC(759) Pause Young (Allocation Failure) 281M->12M(946M) 1.685ms
[106.624s][info][gc,cpu         ] GC(759) User=0.00s Sys=0.00s Real=0.00s
[106.782s][info][gc,start       ] GC(760) Pause Young (Allocation Failure)
[106.784s][info][gc,heap        ] GC(760) PSYoungGen: 269280K(269312K)->1024K(262656K) Eden: 268288K(268288K)->0K(261632K) From: 992K(1024K)->1024K(1024K)
[106.784s][info][gc,heap        ] GC(760) ParOldGen: 11964K(699392K)->12028K(699392K)
[106.784s][info][gc,metaspace   ] GC(760) Metaspace: 14294K(15296K)->14294K(15296K) NonClass: 12334K(12928K)->12334K(12928K) Class: 1960K(2368K)->1960K(2368K)
[106.784s][info][gc             ] GC(760) Pause Young (Allocation Failure) 274M->12M(939M) 1.669ms
[106.784s][info][gc,cpu         ] GC(760) User=0.00s Sys=0.00s Real=0.00s
[106.938s][info][gc,start       ] GC(761) Pause Young (Allocation Failure)
[106.940s][info][gc,heap        ] GC(761) PSYoungGen: 262656K(262656K)->1024K(256512K) Eden: 261632K(261632K)->0K(255488K) From: 1024K(1024K)->1024K(1024K)
[106.940s][info][gc,heap        ] GC(761) ParOldGen: 12028K(699392K)->12124K(699392K)
[106.940s][info][gc,metaspace   ] GC(761) Metaspace: 14294K(15296K)->14294K(15296K) NonClass: 12334K(12928K)->12334K(12928K) Class: 1960K(2368K)->1960K(2368K)
[106.940s][info][gc             ] GC(761) Pause Young (Allocation Failure) 268M->12M(933M) 1.621ms
[106.940s][info][gc,cpu         ] GC(761) User=0.00s Sys=0.00s Real=0.00s
[107.090s][info][gc,start       ] GC(762) Pause Young (Allocation Failure)
[107.091s][info][gc,heap        ] GC(762) PSYoungGen: 256512K(256512K)->992K(250368K) Eden: 255488K(255488K)->0K(249344K) From: 1024K(1024K)->992K(1024K)
[107.091s][info][gc,heap        ] GC(762) ParOldGen: 12124K(699392K)->12188K(699392K)
[107.091s][info][gc,metaspace   ] GC(762) Metaspace: 14294K(15296K)->14294K(15296K) NonClass: 12334K(12928K)->12334K(12928K) Class: 1960K(2368K)->1960K(2368K)
[107.091s][info][gc             ] GC(762) Pause Young (Allocation Failure) 262M->12M(927M) 1.639ms
[107.091s][info][gc,cpu         ] GC(762) User=0.00s Sys=0.00s Real=0.00s
[107.236s][info][gc,start       ] GC(763) Pause Young (Allocation Failure)
[107.237s][info][gc,heap        ] GC(763) PSYoungGen: 250336K(250368K)->992K(244736K) Eden: 249344K(249344K)->0K(243712K) From: 992K(1024K)->992K(1024K)
[107.237s][info][gc,heap        ] GC(763) ParOldGen: 12188K(699392K)->12260K(699392K)
[107.237s][info][gc,metaspace   ] GC(763) Metaspace: 14294K(15296K)->14294K(15296K) NonClass: 12334K(12928K)->12334K(12928K) Class: 1960K(2368K)->1960K(2368K)
[107.237s][info][gc             ] GC(763) Pause Young (Allocation Failure) 256M->12M(922M) 1.646ms
[107.237s][info][gc,cpu         ] GC(763) User=0.00s Sys=0.00s Real=0.00s
[107.380s][info][gc,start       ] GC(764) Pause Young (Allocation Failure)
[107.381s][info][gc,heap        ] GC(764) PSYoungGen: 244704K(244736K)->1024K(239104K) Eden: 243712K(243712K)->0K(238080K) From: 992K(1024K)->1024K(1024K)
[107.381s][info][gc,heap        ] GC(764) ParOldGen: 12260K(699392K)->12324K(699392K)
[107.381s][info][gc,metaspace   ] GC(764) Metaspace: 14294K(15296K)->14294K(15296K) NonClass: 12334K(12928K)->12334K(12928K) Class: 1960K(2368K)->1960K(2368K)
[107.381s][info][gc             ] GC(764) Pause Young (Allocation Failure) 250M->13M(916M) 1.664ms
[107.381s][info][gc,cpu         ] GC(764) User=0.00s Sys=0.00s Real=0.00s
[107.520s][info][gc,start       ] GC(765) Pause Young (Allocation Failure)
[107.522s][info][gc,heap        ] GC(765) PSYoungGen: 239104K(239104K)->992K(233472K) Eden: 238080K(238080K)->0K(232448K) From: 1024K(1024K)->992K(1024K)
[107.522s][info][gc,heap        ] GC(765) ParOldGen: 12324K(699392K)->12380K(699392K)
[107.522s][info][gc,metaspace   ] GC(765) Metaspace: 14294K(15296K)->14294K(15296K) NonClass: 12334K(12928K)->12334K(12928K) Class: 1960K(2368K)->1960K(2368K)
[107.522s][info][gc             ] GC(765) Pause Young (Allocation Failure) 245M->13M(911M) 1.719ms
[107.522s][info][gc,cpu         ] GC(765) User=0.00s Sys=0.00s Real=0.00s
[107.658s][info][gc,start       ] GC(766) Pause Young (Allocation Failure)
[107.660s][info][gc,heap        ] GC(766) PSYoungGen: 233440K(233472K)->1024K(228352K) Eden: 232448K(232448K)->0K(227328K) From: 992K(1024K)->1024K(1024K)
[107.660s][info][gc,heap        ] GC(766) ParOldGen: 12380K(699392K)->12436K(699392K)
[107.660s][info][gc,metaspace   ] GC(766) Metaspace: 14294K(15296K)->14294K(15296K) NonClass: 12334K(12928K)->12334K(12928K) Class: 1960K(2368K)->1960K(2368K)
[107.660s][info][gc             ] GC(766) Pause Young (Allocation Failure) 240M->13M(906M) 1.738ms
[107.660s][info][gc,cpu         ] GC(766) User=0.00s Sys=0.00s Real=0.00s
[107.792s][info][gc,start       ] GC(767) Pause Young (Allocation Failure)
[107.794s][info][gc,heap        ] GC(767) PSYoungGen: 228352K(228352K)->1024K(273920K) Eden: 227328K(227328K)->0K(272896K) From: 1024K(1024K)->1024K(1024K)
[107.794s][info][gc,heap        ] GC(767) ParOldGen: 12436K(699392K)->12484K(699392K)
[107.794s][info][gc,metaspace   ] GC(767) Metaspace: 14294K(15296K)->14294K(15296K) NonClass: 12334K(12928K)->12334K(12928K) Class: 1960K(2368K)->1960K(2368K)
[107.794s][info][gc             ] GC(767) Pause Young (Allocation Failure) 235M->13M(950M) 1.701ms
[107.794s][info][gc,cpu         ] GC(767) User=0.00s Sys=0.00s Real=0.00s
[107.953s][info][gc,start       ] GC(768) Pause Young (Allocation Failure)
[107.954s][info][gc,heap        ] GC(768) PSYoungGen: 273920K(273920K)->1024K(267264K) Eden: 272896K(272896K)->0K(266240K) From: 1024K(1024K)->1024K(1024K)
[107.954s][info][gc,heap        ] GC(768) ParOldGen: 12484K(699392K)->12532K(699392K)
[107.954s][info][gc,metaspace   ] GC(768) Metaspace: 14294K(15296K)->14294K(15296K) NonClass: 12334K(12928K)->12334K(12928K) Class: 1960K(2368K)->1960K(2368K)
[107.954s][info][gc             ] GC(768) Pause Young (Allocation Failure) 279M->13M(944M) 1.780ms
[107.954s][info][gc,cpu         ] GC(768) User=0.52s Sys=0.00s Real=0.00s
[108.110s][info][gc,start       ] GC(769) Pause Young (Allocation Failure)
[108.112s][info][gc,heap        ] GC(769) PSYoungGen: 267264K(267264K)->1024K(260608K) Eden: 266240K(266240K)->0K(259584K) From: 1024K(1024K)->1024K(1024K)
[108.112s][info][gc,heap        ] GC(769) ParOldGen: 12532K(699392K)->12628K(699392K)
[108.112s][info][gc,metaspace   ] GC(769) Metaspace: 14294K(15296K)->14294K(15296K) NonClass: 12334K(12928K)->12334K(12928K) Class: 1960K(2368K)->1960K(2368K)
[108.112s][info][gc             ] GC(769) Pause Young (Allocation Failure) 273M->13M(937M) 1.748ms
[108.112s][info][gc,cpu         ] GC(769) User=0.00s Sys=0.00s Real=0.00s
[108.263s][info][gc,start       ] GC(770) Pause Young (Allocation Failure)
[108.265s][info][gc,heap        ] GC(770) PSYoungGen: 260608K(260608K)->992K(254464K) Eden: 259584K(259584K)->0K(253440K) From: 1024K(1024K)->992K(1024K)
[108.265s][info][gc,heap        ] GC(770) ParOldGen: 12628K(699392K)->12708K(699392K)
[108.265s][info][gc,metaspace   ] GC(770) Metaspace: 14294K(15296K)->14294K(15296K) NonClass: 12334K(12928K)->12334K(12928K) Class: 1960K(2368K)->1960K(2368K)
[108.265s][info][gc             ] GC(770) Pause Young (Allocation Failure) 266M->13M(931M) 1.777ms
[108.265s][info][gc,cpu         ] GC(770) User=0.00s Sys=0.00s Real=0.00s
[108.411s][info][gc,start       ] GC(771) Pause Young (Allocation Failure)
[108.413s][info][gc,heap        ] GC(771) PSYoungGen: 254432K(254464K)->1024K(305152K) Eden: 253440K(253440K)->0K(304128K) From: 992K(1024K)->1024K(1024K)
[108.413s][info][gc,heap        ] GC(771) ParOldGen: 12708K(699392K)->12796K(699392K)
[108.413s][info][gc,metaspace   ] GC(771) Metaspace: 14294K(15296K)->14294K(15296K) NonClass: 12334K(12928K)->12334K(12928K) Class: 1960K(2368K)->1960K(2368K)
[108.413s][info][gc             ] GC(771) Pause Young (Allocation Failure) 260M->13M(981M) 1.837ms
[108.413s][info][gc,cpu         ] GC(771) User=0.00s Sys=0.00s Real=0.00s
[108.591s][info][gc,start       ] GC(772) Pause Young (Allocation Failure)
[108.593s][info][gc,heap        ] GC(772) PSYoungGen: 305152K(305152K)->992K(297472K) Eden: 304128K(304128K)->0K(296448K) From: 1024K(1024K)->992K(1024K)
[108.593s][info][gc,heap        ] GC(772) ParOldGen: 12796K(699392K)->12868K(699392K)
[108.593s][info][gc,metaspace   ] GC(772) Metaspace: 14294K(15296K)->14294K(15296K) NonClass: 12334K(12928K)->12334K(12928K) Class: 1960K(2368K)->1960K(2368K)
[108.593s][info][gc             ] GC(772) Pause Young (Allocation Failure) 310M->13M(973M) 1.905ms
[108.593s][info][gc,cpu         ] GC(772) User=0.00s Sys=0.00s Real=0.00s
[108.767s][info][gc,start       ] GC(773) Pause Young (Allocation Failure)
[108.769s][info][gc,heap        ] GC(773) PSYoungGen: 297440K(297472K)->1024K(289792K) Eden: 296448K(296448K)->0K(288768K) From: 992K(1024K)->1024K(1024K)
[108.769s][info][gc,heap        ] GC(773) ParOldGen: 12868K(699392K)->12964K(699392K)
[108.769s][info][gc,metaspace   ] GC(773) Metaspace: 14294K(15296K)->14294K(15296K) NonClass: 12334K(12928K)->12334K(12928K) Class: 1960K(2368K)->1960K(2368K)
[108.769s][info][gc             ] GC(773) Pause Young (Allocation Failure) 303M->13M(966M) 1.936ms
[108.769s][info][gc,cpu         ] GC(773) User=0.00s Sys=0.00s Real=0.00s
[108.941s][info][gc,start       ] GC(774) Pause Young (Allocation Failure)
[108.943s][info][gc,heap        ] GC(774) PSYoungGen: 289792K(289792K)->992K(282624K) Eden: 288768K(288768K)->0K(281600K) From: 1024K(1024K)->992K(1024K)
[108.943s][info][gc,heap        ] GC(774) ParOldGen: 12964K(699392K)->13020K(699392K)
[108.943s][info][gc,metaspace   ] GC(774) Metaspace: 14294K(15296K)->14294K(15296K) NonClass: 12334K(12928K)->12334K(12928K) Class: 1960K(2368K)->1960K(2368K)
[108.943s][info][gc             ] GC(774) Pause Young (Allocation Failure) 295M->13M(959M) 1.945ms
[108.943s][info][gc,cpu         ] GC(774) User=0.00s Sys=0.00s Real=0.00s
[109.112s][info][gc,start       ] GC(775) Pause Young (Allocation Failure)
[109.114s][info][gc,heap        ] GC(775) PSYoungGen: 282592K(282624K)->1024K(275456K) Eden: 281600K(281600K)->0K(274432K) From: 992K(1024K)->1024K(1024K)
[109.114s][info][gc,heap        ] GC(775) ParOldGen: 13020K(699392K)->13092K(699392K)
[109.114s][info][gc,metaspace   ] GC(775) Metaspace: 14294K(15296K)->14294K(15296K) NonClass: 12334K(12928K)->12334K(12928K) Class: 1960K(2368K)->1960K(2368K)
[109.114s][info][gc             ] GC(775) Pause Young (Allocation Failure) 288M->13M(952M) 1.940ms
[109.114s][info][gc,cpu         ] GC(775) User=0.00s Sys=0.00s Real=0.00s
[109.279s][info][gc,start       ] GC(776) Pause Young (Allocation Failure)
[109.281s][info][gc,heap        ] GC(776) PSYoungGen: 275456K(275456K)->1024K(314880K) Eden: 274432K(274432K)->0K(313344K) From: 1024K(1024K)->1024K(1536K)
[109.281s][info][gc,heap        ] GC(776) ParOldGen: 13092K(699392K)->13172K(699392K)
[109.281s][info][gc,metaspace   ] GC(776) Metaspace: 14294K(15296K)->14294K(15296K) NonClass: 12334K(12928K)->12334K(12928K) Class: 1960K(2368K)->1960K(2368K)
[109.281s][info][gc             ] GC(776) Pause Young (Allocation Failure) 281M->13M(990M) 1.906ms
[109.281s][info][gc,cpu         ] GC(776) User=0.00s Sys=0.00s Real=0.00s
[109.482s][info][gc,start       ] GC(777) Pause Young (Allocation Failure)
[109.484s][info][gc,heap        ] GC(777) PSYoungGen: 314368K(314880K)->992K(306176K) Eden: 313344K(313344K)->0K(305152K) From: 1024K(1536K)->992K(1024K)
[109.484s][info][gc,heap        ] GC(777) ParOldGen: 13172K(699392K)->13220K(699392K)
[109.484s][info][gc,metaspace   ] GC(777) Metaspace: 14294K(15296K)->14294K(15296K) NonClass: 12334K(12928K)->12334K(12928K) Class: 1960K(2368K)->1960K(2368K)
[109.484s][info][gc             ] GC(777) Pause Young (Allocation Failure) 319M->13M(982M) 2.107ms
[109.484s][info][gc,cpu         ] GC(777) User=0.00s Sys=0.00s Real=0.00s
[109.791s][info][gc,start       ] GC(778) Pause Young (Allocation Failure)
[109.794s][info][gc,heap        ] GC(778) PSYoungGen: 306144K(306176K)->960K(297984K) Eden: 305152K(305152K)->0K(296960K) From: 992K(1024K)->960K(1024K)
[109.794s][info][gc,heap        ] GC(778) ParOldGen: 13220K(699392K)->13308K(699392K)
[109.794s][info][gc,metaspace   ] GC(778) Metaspace: 14294K(15296K)->14294K(15296K) NonClass: 12334K(12928K)->12334K(12928K) Class: 1960K(2368K)->1960K(2368K)
[109.794s][info][gc             ] GC(778) Pause Young (Allocation Failure) 311M->13M(974M) 2.645ms
[109.794s][info][gc,cpu         ] GC(778) User=0.00s Sys=0.00s Real=0.00s
[110.016s][info][gc,start       ] GC(779) Pause Young (Allocation Failure)
[110.018s][info][gc,heap        ] GC(779) PSYoungGen: 297920K(297984K)->864K(290304K) Eden: 296960K(296960K)->0K(289280K) From: 960K(1024K)->864K(1024K)
[110.018s][info][gc,heap        ] GC(779) ParOldGen: 13308K(699392K)->13388K(699392K)
[110.018s][info][gc,metaspace   ] GC(779) Metaspace: 14294K(15296K)->14294K(15296K) NonClass: 12334K(12928K)->12334K(12928K) Class: 1960K(2368K)->1960K(2368K)
[110.018s][info][gc             ] GC(779) Pause Young (Allocation Failure) 303M->13M(966M) 2.017ms
[110.018s][info][gc,cpu         ] GC(779) User=0.00s Sys=0.00s Real=0.00s
[110.176s][info][gc,start       ] GC(780) Pause Young (Allocation Failure)
[110.178s][info][gc,heap        ] GC(780) PSYoungGen: 290144K(290304K)->704K(283136K) Eden: 289280K(289280K)->0K(282112K) From: 864K(1024K)->704K(1024K)
[110.178s][info][gc,heap        ] GC(780) ParOldGen: 13388K(699392K)->13484K(699392K)
[110.178s][info][gc,metaspace   ] GC(780) Metaspace: 14294K(15296K)->14294K(15296K) NonClass: 12334K(12928K)->12334K(12928K) Class: 1960K(2368K)->1960K(2368K)
[110.178s][info][gc             ] GC(780) Pause Young (Allocation Failure) 296M->13M(959M) 1.370ms
[110.178s][info][gc,cpu         ] GC(780) User=0.00s Sys=0.00s Real=0.00s
[110.241s][info][gc,start       ] GC(781) Pause Young (System.gc())
[110.242s][info][gc,heap        ] GC(781) PSYoungGen: 44167K(283136K)->128K(282624K) Eden: 43463K(282112K)->0K(282112K) From: 704K(1024K)->128K(512K)
[110.242s][info][gc,heap        ] GC(781) ParOldGen: 13484K(699392K)->13564K(699392K)
[110.242s][info][gc,metaspace   ] GC(781) Metaspace: 14295K(15296K)->14295K(15296K) NonClass: 12334K(12928K)->12334K(12928K) Class: 1960K(2368K)->1960K(2368K)
[110.242s][info][gc             ] GC(781) Pause Young (System.gc()) 56M->13M(959M) 1.328ms
[110.242s][info][gc,cpu         ] GC(781) User=0.00s Sys=0.00s Real=0.00s
[110.242s][info][gc,start       ] GC(782) Pause Full (System.gc())
[110.242s][info][gc,phases,start] GC(782) Marking Phase
[110.254s][info][gc,phases      ] GC(782) Marking Phase 11.290ms
[110.254s][info][gc,phases,start] GC(782) Summary Phase
[110.254s][info][gc,phases      ] GC(782) Summary Phase 0.018ms
[110.254s][info][gc,phases,start] GC(782) Adjust Roots
[110.256s][info][gc,phases      ] GC(782) Adjust Roots 2.664ms
[110.256s][info][gc,phases,start] GC(782) Compaction Phase
[110.258s][info][gc,phases      ] GC(782) Compaction Phase 1.759ms
[110.258s][info][gc,phases,start] GC(782) Post Compact
[110.258s][info][gc,phases      ] GC(782) Post Compact 0.269ms
[110.258s][info][gc,heap        ] GC(782) PSYoungGen: 128K(282624K)->0K(282624K) Eden: 0K(282112K)->0K(282112K) From: 128K(512K)->0K(512K)
[110.258s][info][gc,heap        ] GC(782) ParOldGen: 13564K(699392K)->5373K(699392K)
[110.259s][info][gc,metaspace   ] GC(782) Metaspace: 14295K(15296K)->14295K(15296K) NonClass: 12334K(12928K)->12334K(12928K) Class: 1960K(2368K)->1960K(2368K)
[110.259s][info][gc             ] GC(782) Pause Full (System.gc()) 13M->5M(959M) 16.229ms
[110.259s][info][gc,cpu         ] GC(782) User=0.02s Sys=0.00s Real=0.02s
[110.442s][info][gc,start       ] GC(783) Pause Young (Allocation Failure)
[110.444s][info][gc,heap        ] GC(783) PSYoungGen: 282112K(282624K)->1536K(276480K) Eden: 282112K(282112K)->0K(274944K) From: 0K(512K)->1536K(1536K)
[110.444s][info][gc,heap        ] GC(783) ParOldGen: 5373K(699392K)->5571K(699392K)
[110.444s][info][gc,metaspace   ] GC(783) Metaspace: 14296K(15296K)->14296K(15296K) NonClass: 12336K(12928K)->12336K(12928K) Class: 1960K(2368K)->1960K(2368K)
[110.444s][info][gc             ] GC(783) Pause Young (Allocation Failure) 280M->6M(953M) 1.589ms
[110.444s][info][gc,cpu         ] GC(783) User=0.00s Sys=0.00s Real=0.00s
[110.599s][info][gc,start       ] GC(784) Pause Young (Allocation Failure)
[110.601s][info][gc,heap        ] GC(784) PSYoungGen: 276480K(276480K)->1024K(269312K) Eden: 274944K(274944K)->0K(268288K) From: 1536K(1536K)->1024K(1024K)
[110.601s][info][gc,heap        ] GC(784) ParOldGen: 5571K(699392K)->7040K(699392K)
[110.601s][info][gc,metaspace   ] GC(784) Metaspace: 14296K(15296K)->14296K(15296K) NonClass: 12336K(12928K)->12336K(12928K) Class: 1960K(2368K)->1960K(2368K)
[110.601s][info][gc             ] GC(784) Pause Young (Allocation Failure) 275M->7M(946M) 1.756ms
[110.601s][info][gc,cpu         ] GC(784) User=0.00s Sys=0.00s Real=0.00s
[110.757s][info][gc,start       ] GC(785) Pause Young (Allocation Failure)
[110.759s][info][gc,heap        ] GC(785) PSYoungGen: 269312K(269312K)->1024K(262656K) Eden: 268288K(268288K)->0K(261632K) From: 1024K(1024K)->1024K(1024K)
[110.759s][info][gc,heap        ] GC(785) ParOldGen: 7040K(699392K)->7120K(699392K)
[110.759s][info][gc,metaspace   ] GC(785) Metaspace: 14296K(15296K)->14296K(15296K) NonClass: 12336K(12928K)->12336K(12928K) Class: 1960K(2368K)->1960K(2368K)
[110.759s][info][gc             ] GC(785) Pause Young (Allocation Failure) 269M->7M(939M) 2.110ms
[110.759s][info][gc,cpu         ] GC(785) User=0.00s Sys=0.00s Real=0.00s
[110.910s][info][gc,start       ] GC(786) Pause Young (Allocation Failure)
[110.912s][info][gc,heap        ] GC(786) PSYoungGen: 262656K(262656K)->1024K(256512K) Eden: 261632K(261632K)->0K(255488K) From: 1024K(1024K)->1024K(1024K)
[110.912s][info][gc,heap        ] GC(786) ParOldGen: 7120K(699392K)->7216K(699392K)
[110.912s][info][gc,metaspace   ] GC(786) Metaspace: 14296K(15296K)->14296K(15296K) NonClass: 12336K(12928K)->12336K(12928K) Class: 1960K(2368K)->1960K(2368K)
[110.912s][info][gc             ] GC(786) Pause Young (Allocation Failure) 263M->8M(933M) 1.590ms
[110.912s][info][gc,cpu         ] GC(786) User=0.00s Sys=0.00s Real=0.00s
[111.061s][info][gc,start       ] GC(787) Pause Young (Allocation Failure)
[111.062s][info][gc,heap        ] GC(787) PSYoungGen: 256512K(256512K)->992K(250368K) Eden: 255488K(255488K)->0K(249344K) From: 1024K(1024K)->992K(1024K)
[111.062s][info][gc,heap        ] GC(787) ParOldGen: 7216K(699392K)->7280K(699392K)
[111.062s][info][gc,metaspace   ] GC(787) Metaspace: 14296K(15296K)->14296K(15296K) NonClass: 12336K(12928K)->12336K(12928K) Class: 1960K(2368K)->1960K(2368K)
[111.062s][info][gc             ] GC(787) Pause Young (Allocation Failure) 257M->8M(927M) 1.575ms
[111.062s][info][gc,cpu         ] GC(787) User=0.52s Sys=0.00s Real=0.00s
[111.208s][info][gc,start       ] GC(788) Pause Young (Allocation Failure)
[111.209s][info][gc,heap        ] GC(788) PSYoungGen: 250336K(250368K)->1024K(244736K) Eden: 249344K(249344K)->0K(243712K) From: 992K(1024K)->1024K(1024K)
[111.209s][info][gc,heap        ] GC(788) ParOldGen: 7280K(699392K)->7328K(699392K)
[111.209s][info][gc,metaspace   ] GC(788) Metaspace: 14296K(15296K)->14296K(15296K) NonClass: 12336K(12928K)->12336K(12928K) Class: 1960K(2368K)->1960K(2368K)
[111.209s][info][gc             ] GC(788) Pause Young (Allocation Failure) 251M->8M(922M) 1.599ms
[111.209s][info][gc,cpu         ] GC(788) User=0.00s Sys=0.00s Real=0.00s
[111.350s][info][gc,start       ] GC(789) Pause Young (Allocation Failure)
[111.352s][info][gc,heap        ] GC(789) PSYoungGen: 244736K(244736K)->1024K(239104K) Eden: 243712K(243712K)->0K(238080K) From: 1024K(1024K)->1024K(1024K)
[111.352s][info][gc,heap        ] GC(789) ParOldGen: 7328K(699392K)->7400K(699392K)
[111.352s][info][gc,metaspace   ] GC(789) Metaspace: 14296K(15296K)->14296K(15296K) NonClass: 12336K(12928K)->12336K(12928K) Class: 1960K(2368K)->1960K(2368K)
[111.352s][info][gc             ] GC(789) Pause Young (Allocation Failure) 246M->8M(916M) 1.610ms
[111.352s][info][gc,cpu         ] GC(789) User=0.00s Sys=0.00s Real=0.00s
[111.490s][info][gc,start       ] GC(790) Pause Young (Allocation Failure)
[111.491s][info][gc,heap        ] GC(790) PSYoungGen: 239104K(239104K)->1024K(233472K) Eden: 238080K(238080K)->0K(232448K) From: 1024K(1024K)->1024K(1024K)
[111.491s][info][gc,heap        ] GC(790) ParOldGen: 7400K(699392K)->7456K(699392K)
[111.491s][info][gc,metaspace   ] GC(790) Metaspace: 14296K(15296K)->14296K(15296K) NonClass: 12336K(12928K)->12336K(12928K) Class: 1960K(2368K)->1960K(2368K)
[111.491s][info][gc             ] GC(790) Pause Young (Allocation Failure) 240M->8M(911M) 1.692ms
[111.491s][info][gc,cpu         ] GC(790) User=0.00s Sys=0.00s Real=0.00s
[111.628s][info][gc,start       ] GC(791) Pause Young (Allocation Failure)
[111.629s][info][gc,heap        ] GC(791) PSYoungGen: 233472K(233472K)->960K(228352K) Eden: 232448K(232448K)->0K(227328K) From: 1024K(1024K)->960K(1024K)
[111.629s][info][gc,heap        ] GC(791) ParOldGen: 7456K(699392K)->7520K(699392K)
[111.629s][info][gc,metaspace   ] GC(791) Metaspace: 14296K(15296K)->14296K(15296K) NonClass: 12336K(12928K)->12336K(12928K) Class: 1960K(2368K)->1960K(2368K)
[111.629s][info][gc             ] GC(791) Pause Young (Allocation Failure) 235M->8M(906M) 1.653ms
[111.629s][info][gc,cpu         ] GC(791) User=0.00s Sys=0.00s Real=0.00s
[111.762s][info][gc,start       ] GC(792) Pause Young (Allocation Failure)
[111.763s][info][gc,heap        ] GC(792) PSYoungGen: 228288K(228352K)->960K(223232K) Eden: 227328K(227328K)->0K(222208K) From: 960K(1024K)->960K(1024K)
[111.763s][info][gc,heap        ] GC(792) ParOldGen: 7520K(699392K)->7592K(699392K)
[111.763s][info][gc,metaspace   ] GC(792) Metaspace: 14296K(15296K)->14296K(15296K) NonClass: 12336K(12928K)->12336K(12928K) Class: 1960K(2368K)->1960K(2368K)
[111.763s][info][gc             ] GC(792) Pause Young (Allocation Failure) 230M->8M(901M) 1.666ms
[111.763s][info][gc,cpu         ] GC(792) User=0.00s Sys=0.00s Real=0.00s
[111.894s][info][gc,start       ] GC(793) Pause Young (Allocation Failure)
[111.895s][info][gc,heap        ] GC(793) PSYoungGen: 223168K(223232K)->960K(267776K) Eden: 222208K(222208K)->0K(266752K) From: 960K(1024K)->960K(1024K)
[111.895s][info][gc,heap        ] GC(793) ParOldGen: 7592K(699392K)->7664K(699392K)
[111.895s][info][gc,metaspace   ] GC(793) Metaspace: 14296K(15296K)->14296K(15296K) NonClass: 12336K(12928K)->12336K(12928K) Class: 1960K(2368K)->1960K(2368K)
[111.896s][info][gc             ] GC(793) Pause Young (Allocation Failure) 225M->8M(944M) 1.662ms
[111.896s][info][gc,cpu         ] GC(793) User=0.00s Sys=0.00s Real=0.00s
[112.053s][info][gc,start       ] GC(794) Pause Young (Allocation Failure)
[112.054s][info][gc,heap        ] GC(794) PSYoungGen: 267712K(267776K)->1024K(261120K) Eden: 266752K(266752K)->0K(260096K) From: 960K(1024K)->1024K(1024K)
[112.054s][info][gc,heap        ] GC(794) ParOldGen: 7664K(699392K)->7720K(699392K)
[112.054s][info][gc,metaspace   ] GC(794) Metaspace: 14296K(15296K)->14296K(15296K) NonClass: 12336K(12928K)->12336K(12928K) Class: 1960K(2368K)->1960K(2368K)
[112.054s][info][gc             ] GC(794) Pause Young (Allocation Failure) 268M->8M(938M) 1.758ms
[112.055s][info][gc,cpu         ] GC(794) User=0.00s Sys=0.00s Real=0.00s
[112.208s][info][gc,start       ] GC(795) Pause Young (Allocation Failure)
[112.209s][info][gc,heap        ] GC(795) PSYoungGen: 261120K(261120K)->1024K(254976K) Eden: 260096K(260096K)->0K(253952K) From: 1024K(1024K)->1024K(1024K)
[112.209s][info][gc,heap        ] GC(795) ParOldGen: 7720K(699392K)->7784K(699392K)
[112.209s][info][gc,metaspace   ] GC(795) Metaspace: 14296K(15296K)->14296K(15296K) NonClass: 12336K(12928K)->12336K(12928K) Class: 1960K(2368K)->1960K(2368K)
[112.209s][info][gc             ] GC(795) Pause Young (Allocation Failure) 262M->8M(932M) 1.769ms
[112.209s][info][gc,cpu         ] GC(795) User=0.00s Sys=0.00s Real=0.00s
[112.358s][info][gc,start       ] GC(796) Pause Young (Allocation Failure)
[112.359s][info][gc,heap        ] GC(796) PSYoungGen: 254976K(254976K)->992K(306176K) Eden: 253952K(253952K)->0K(304640K) From: 1024K(1024K)->992K(1536K)
[112.359s][info][gc,heap        ] GC(796) ParOldGen: 7784K(699392K)->7856K(699392K)
[112.359s][info][gc,metaspace   ] GC(796) Metaspace: 14296K(15296K)->14296K(15296K) NonClass: 12336K(12928K)->12336K(12928K) Class: 1960K(2368K)->1960K(2368K)
[112.359s][info][gc             ] GC(796) Pause Young (Allocation Failure) 256M->8M(982M) 1.712ms
[112.359s][info][gc,cpu         ] GC(796) User=0.00s Sys=0.02s Real=0.00s
[112.539s][info][gc,start       ] GC(797) Pause Young (Allocation Failure)
[112.541s][info][gc,heap        ] GC(797) PSYoungGen: 305632K(306176K)->992K(297984K) Eden: 304640K(304640K)->0K(296960K) From: 992K(1536K)->992K(1024K)
[112.541s][info][gc,heap        ] GC(797) ParOldGen: 7856K(699392K)->7912K(699392K)
[112.541s][info][gc,metaspace   ] GC(797) Metaspace: 14296K(15296K)->14296K(15296K) NonClass: 12336K(12928K)->12336K(12928K) Class: 1960K(2368K)->1960K(2368K)
[112.541s][info][gc             ] GC(797) Pause Young (Allocation Failure) 306M->8M(974M) 1.803ms
[112.541s][info][gc,cpu         ] GC(797) User=0.00s Sys=0.00s Real=0.00s
[112.716s][info][gc,start       ] GC(798) Pause Young (Allocation Failure)
[112.718s][info][gc,heap        ] GC(798) PSYoungGen: 297952K(297984K)->992K(290304K) Eden: 296960K(296960K)->0K(289280K) From: 992K(1024K)->992K(1024K)
[112.718s][info][gc,heap        ] GC(798) ParOldGen: 7912K(699392K)->7968K(699392K)
[112.718s][info][gc,metaspace   ] GC(798) Metaspace: 14296K(15296K)->14296K(15296K) NonClass: 12336K(12928K)->12336K(12928K) Class: 1960K(2368K)->1960K(2368K)
[112.718s][info][gc             ] GC(798) Pause Young (Allocation Failure) 298M->8M(966M) 1.903ms
[112.718s][info][gc,cpu         ] GC(798) User=0.00s Sys=0.00s Real=0.00s
[112.889s][info][gc,start       ] GC(799) Pause Young (Allocation Failure)
[112.891s][info][gc,heap        ] GC(799) PSYoungGen: 290272K(290304K)->1024K(283136K) Eden: 289280K(289280K)->0K(282112K) From: 992K(1024K)->1024K(1024K)
[112.891s][info][gc,heap        ] GC(799) ParOldGen: 7968K(699392K)->8064K(699392K)
[112.891s][info][gc,metaspace   ] GC(799) Metaspace: 14296K(15296K)->14296K(15296K) NonClass: 12336K(12928K)->12336K(12928K) Class: 1960K(2368K)->1960K(2368K)
[112.891s][info][gc             ] GC(799) Pause Young (Allocation Failure) 291M->8M(959M) 1.886ms
[112.891s][info][gc,cpu         ] GC(799) User=0.00s Sys=0.00s Real=0.00s
[113.057s][info][gc,start       ] GC(800) Pause Young (Allocation Failure)
[113.059s][info][gc,heap        ] GC(800) PSYoungGen: 283136K(283136K)->1024K(275968K) Eden: 282112K(282112K)->0K(274944K) From: 1024K(1024K)->1024K(1024K)
[113.059s][info][gc,heap        ] GC(800) ParOldGen: 8064K(699392K)->8136K(699392K)
[113.059s][info][gc,metaspace   ] GC(800) Metaspace: 14296K(15296K)->14296K(15296K) NonClass: 12336K(12928K)->12336K(12928K) Class: 1960K(2368K)->1960K(2368K)
[113.059s][info][gc             ] GC(800) Pause Young (Allocation Failure) 284M->8M(952M) 1.919ms
[113.059s][info][gc,cpu         ] GC(800) User=0.00s Sys=0.00s Real=0.00s
[113.221s][info][gc,start       ] GC(801) Pause Young (Allocation Failure)
[113.223s][info][gc,heap        ] GC(801) PSYoungGen: 275968K(275968K)->992K(304640K) Eden: 274944K(274944K)->0K(303104K) From: 1024K(1024K)->992K(1536K)
[113.223s][info][gc,heap        ] GC(801) ParOldGen: 8136K(699392K)->8200K(699392K)
[113.223s][info][gc,metaspace   ] GC(801) Metaspace: 14296K(15296K)->14296K(15296K) NonClass: 12336K(12928K)->12336K(12928K) Class: 1960K(2368K)->1960K(2368K)
[113.223s][info][gc             ] GC(801) Pause Young (Allocation Failure) 277M->8M(980M) 1.974ms
[113.223s][info][gc,cpu         ] GC(801) User=0.00s Sys=0.00s Real=0.00s
[113.487s][info][gc,start       ] GC(802) Pause Young (Allocation Failure)
[113.490s][info][gc,heap        ] GC(802) PSYoungGen: 304096K(304640K)->928K(296448K) Eden: 303104K(303104K)->0K(295424K) From: 992K(1536K)->928K(1024K)
[113.490s][info][gc,heap        ] GC(802) ParOldGen: 8200K(699392K)->8256K(699392K)
[113.490s][info][gc,metaspace   ] GC(802) Metaspace: 14296K(15296K)->14296K(15296K) NonClass: 12336K(12928K)->12336K(12928K) Class: 1960K(2368K)->1960K(2368K)
[113.490s][info][gc             ] GC(802) Pause Young (Allocation Failure) 304M->8M(972M) 3.152ms
[113.491s][info][gc,cpu         ] GC(802) User=0.00s Sys=0.00s Real=0.00s
[113.671s][info][gc,start       ] GC(803) Pause Young (Allocation Failure)
[113.672s][info][gc,heap        ] GC(803) PSYoungGen: 296352K(296448K)->992K(288768K) Eden: 295424K(295424K)->0K(287744K) From: 928K(1024K)->992K(1024K)
[113.672s][info][gc,heap        ] GC(803) ParOldGen: 8256K(699392K)->8320K(699392K)
[113.673s][info][gc,metaspace   ] GC(803) Metaspace: 14296K(15296K)->14296K(15296K) NonClass: 12336K(12928K)->12336K(12928K) Class: 1960K(2368K)->1960K(2368K)
[113.673s][info][gc             ] GC(803) Pause Young (Allocation Failure) 297M->9M(965M) 1.855ms
[113.673s][info][gc,cpu         ] GC(803) User=0.52s Sys=0.00s Real=0.00s
[113.841s][info][gc,start       ] GC(804) Pause Young (Allocation Failure)
[113.843s][info][gc,heap        ] GC(804) PSYoungGen: 288736K(288768K)->1024K(281600K) Eden: 287744K(287744K)->0K(280576K) From: 992K(1024K)->1024K(1024K)
[113.843s][info][gc,heap        ] GC(804) ParOldGen: 8320K(699392K)->8400K(699392K)
[113.843s][info][gc,metaspace   ] GC(804) Metaspace: 14296K(15296K)->14296K(15296K) NonClass: 12336K(12928K)->12336K(12928K) Class: 1960K(2368K)->1960K(2368K)
[113.843s][info][gc             ] GC(804) Pause Young (Allocation Failure) 290M->9M(958M) 1.700ms
[113.843s][info][gc,cpu         ] GC(804) User=0.00s Sys=0.00s Real=0.00s
[114.008s][info][gc,start       ] GC(805) Pause Young (Allocation Failure)
[114.010s][info][gc,heap        ] GC(805) PSYoungGen: 281600K(281600K)->992K(274432K) Eden: 280576K(280576K)->0K(273408K) From: 1024K(1024K)->992K(1024K)
[114.010s][info][gc,heap        ] GC(805) ParOldGen: 8400K(699392K)->8496K(699392K)
[114.010s][info][gc,metaspace   ] GC(805) Metaspace: 14296K(15296K)->14296K(15296K) NonClass: 12336K(12928K)->12336K(12928K) Class: 1960K(2368K)->1960K(2368K)
[114.010s][info][gc             ] GC(805) Pause Young (Allocation Failure) 283M->9M(951M) 1.575ms
[114.010s][info][gc,cpu         ] GC(805) User=0.00s Sys=0.00s Real=0.00s
[114.168s][info][gc,start       ] GC(806) Pause Young (Allocation Failure)
[114.170s][info][gc,heap        ] GC(806) PSYoungGen: 274400K(274432K)->1024K(267776K) Eden: 273408K(273408K)->0K(266752K) From: 992K(1024K)->1024K(1024K)
[114.170s][info][gc,heap        ] GC(806) ParOldGen: 8496K(699392K)->8568K(699392K)
[114.170s][info][gc,metaspace   ] GC(806) Metaspace: 14296K(15296K)->14296K(15296K) NonClass: 12336K(12928K)->12336K(12928K) Class: 1960K(2368K)->1960K(2368K)
[114.170s][info][gc             ] GC(806) Pause Young (Allocation Failure) 276M->9M(944M) 1.546ms
[114.170s][info][gc,cpu         ] GC(806) User=0.00s Sys=0.00s Real=0.00s
[114.326s][info][gc,start       ] GC(807) Pause Young (Allocation Failure)
[114.327s][info][gc,heap        ] GC(807) PSYoungGen: 267776K(267776K)->1024K(261120K) Eden: 266752K(266752K)->0K(260096K) From: 1024K(1024K)->1024K(1024K)
[114.327s][info][gc,heap        ] GC(807) ParOldGen: 8568K(699392K)->8640K(699392K)
[114.327s][info][gc,metaspace   ] GC(807) Metaspace: 14296K(15296K)->14296K(15296K) NonClass: 12336K(12928K)->12336K(12928K) Class: 1960K(2368K)->1960K(2368K)
[114.327s][info][gc             ] GC(807) Pause Young (Allocation Failure) 269M->9M(938M) 1.645ms
[114.327s][info][gc,cpu         ] GC(807) User=0.00s Sys=0.00s Real=0.00s
[114.479s][info][gc,start       ] GC(808) Pause Young (Allocation Failure)
[114.481s][info][gc,heap        ] GC(808) PSYoungGen: 261120K(261120K)->1024K(254976K) Eden: 260096K(260096K)->0K(253952K) From: 1024K(1024K)->1024K(1024K)
[114.481s][info][gc,heap        ] GC(808) ParOldGen: 8640K(699392K)->8704K(699392K)
[114.481s][info][gc,metaspace   ] GC(808) Metaspace: 14296K(15296K)->14296K(15296K) NonClass: 12336K(12928K)->12336K(12928K) Class: 1960K(2368K)->1960K(2368K)
[114.481s][info][gc             ] GC(808) Pause Young (Allocation Failure) 263M->9M(932M) 1.518ms
[114.481s][info][gc,cpu         ] GC(808) User=0.00s Sys=0.00s Real=0.00s
[114.628s][info][gc,start       ] GC(809) Pause Young (Allocation Failure)
[114.630s][info][gc,heap        ] GC(809) PSYoungGen: 254976K(254976K)->1024K(248832K) Eden: 253952K(253952K)->0K(247808K) From: 1024K(1024K)->1024K(1024K)
[114.630s][info][gc,heap        ] GC(809) ParOldGen: 8704K(699392K)->8776K(699392K)
[114.630s][info][gc,metaspace   ] GC(809) Metaspace: 14296K(15296K)->14296K(15296K) NonClass: 12336K(12928K)->12336K(12928K) Class: 1960K(2368K)->1960K(2368K)
[114.630s][info][gc             ] GC(809) Pause Young (Allocation Failure) 257M->9M(926M) 1.542ms
[114.630s][info][gc,cpu         ] GC(809) User=0.00s Sys=0.00s Real=0.00s
[114.774s][info][gc,start       ] GC(810) Pause Young (Allocation Failure)
[114.776s][info][gc,heap        ] GC(810) PSYoungGen: 248832K(248832K)->1024K(243200K) Eden: 247808K(247808K)->0K(242176K) From: 1024K(1024K)->1024K(1024K)
[114.776s][info][gc,heap        ] GC(810) ParOldGen: 8776K(699392K)->8848K(699392K)
[114.776s][info][gc,metaspace   ] GC(810) Metaspace: 14296K(15296K)->14296K(15296K) NonClass: 12336K(12928K)->12336K(12928K) Class: 1960K(2368K)->1960K(2368K)
[114.776s][info][gc             ] GC(810) Pause Young (Allocation Failure) 251M->9M(920M) 1.576ms
[114.776s][info][gc,cpu         ] GC(810) User=0.00s Sys=0.00s Real=0.00s
[114.918s][info][gc,start       ] GC(811) Pause Young (Allocation Failure)
[114.919s][info][gc,heap        ] GC(811) PSYoungGen: 243200K(243200K)->1024K(237568K) Eden: 242176K(242176K)->0K(236544K) From: 1024K(1024K)->1024K(1024K)
[114.919s][info][gc,heap        ] GC(811) ParOldGen: 8848K(699392K)->8928K(699392K)
[114.919s][info][gc,metaspace   ] GC(811) Metaspace: 14296K(15296K)->14296K(15296K) NonClass: 12336K(12928K)->12336K(12928K) Class: 1960K(2368K)->1960K(2368K)
[114.919s][info][gc             ] GC(811) Pause Young (Allocation Failure) 246M->9M(915M) 1.587ms
[114.919s][info][gc,cpu         ] GC(811) User=0.00s Sys=0.00s Real=0.00s
[115.058s][info][gc,start       ] GC(812) Pause Young (Allocation Failure)
[115.059s][info][gc,heap        ] GC(812) PSYoungGen: 237568K(237568K)->992K(232448K) Eden: 236544K(236544K)->0K(231424K) From: 1024K(1024K)->992K(1024K)
[115.059s][info][gc,heap        ] GC(812) ParOldGen: 8928K(699392K)->8992K(699392K)
[115.059s][info][gc,metaspace   ] GC(812) Metaspace: 14296K(15296K)->14296K(15296K) NonClass: 12336K(12928K)->12336K(12928K) Class: 1960K(2368K)->1960K(2368K)
[115.059s][info][gc             ] GC(812) Pause Young (Allocation Failure) 240M->9M(910M) 1.618ms
[115.059s][info][gc,cpu         ] GC(812) User=0.00s Sys=0.00s Real=0.00s
[115.195s][info][gc,start       ] GC(813) Pause Young (Allocation Failure)
[115.196s][info][gc,heap        ] GC(813) PSYoungGen: 232413K(232448K)->960K(227328K) Eden: 231421K(231424K)->0K(226304K) From: 992K(1024K)->960K(1024K)
[115.196s][info][gc,heap        ] GC(813) ParOldGen: 8992K(699392K)->9072K(699392K)
[115.196s][info][gc,metaspace   ] GC(813) Metaspace: 14296K(15296K)->14296K(15296K) NonClass: 12336K(12928K)->12336K(12928K) Class: 1960K(2368K)->1960K(2368K)
[115.196s][info][gc             ] GC(813) Pause Young (Allocation Failure) 235M->9M(905M) 1.621ms
[115.196s][info][gc,cpu         ] GC(813) User=0.00s Sys=0.00s Real=0.00s
[115.328s][info][gc,start       ] GC(814) Pause Young (Allocation Failure)
[115.330s][info][gc,heap        ] GC(814) PSYoungGen: 227264K(227328K)->1024K(222208K) Eden: 226304K(226304K)->0K(221184K) From: 960K(1024K)->1024K(1024K)
[115.330s][info][gc,heap        ] GC(814) ParOldGen: 9072K(699392K)->9136K(699392K)
[115.330s][info][gc,metaspace   ] GC(814) Metaspace: 14296K(15296K)->14296K(15296K) NonClass: 12336K(12928K)->12336K(12928K) Class: 1960K(2368K)->1960K(2368K)
[115.330s][info][gc             ] GC(814) Pause Young (Allocation Failure) 230M->9M(900M) 1.594ms
[115.330s][info][gc,cpu         ] GC(814) User=0.00s Sys=0.00s Real=0.00s
[115.459s][info][gc,start       ] GC(815) Pause Young (Allocation Failure)
[115.461s][info][gc,heap        ] GC(815) PSYoungGen: 222208K(222208K)->1024K(217600K) Eden: 221184K(221184K)->0K(216576K) From: 1024K(1024K)->1024K(1024K)
[115.461s][info][gc,heap        ] GC(815) ParOldGen: 9136K(699392K)->9184K(699392K)
[115.461s][info][gc,metaspace   ] GC(815) Metaspace: 14296K(15296K)->14296K(15296K) NonClass: 12336K(12928K)->12336K(12928K) Class: 1960K(2368K)->1960K(2368K)
[115.461s][info][gc             ] GC(815) Pause Young (Allocation Failure) 225M->9M(895M) 1.648ms
[115.461s][info][gc,cpu         ] GC(815) User=0.00s Sys=0.00s Real=0.00s
[115.588s][info][gc,start       ] GC(816) Pause Young (Allocation Failure)
[115.589s][info][gc,heap        ] GC(816) PSYoungGen: 217600K(217600K)->1024K(261120K) Eden: 216576K(216576K)->0K(260096K) From: 1024K(1024K)->1024K(1024K)
[115.589s][info][gc,heap        ] GC(816) ParOldGen: 9184K(699392K)->9248K(699392K)
[115.589s][info][gc,metaspace   ] GC(816) Metaspace: 14296K(15296K)->14296K(15296K) NonClass: 12336K(12928K)->12336K(12928K) Class: 1960K(2368K)->1960K(2368K)
[115.589s][info][gc             ] GC(816) Pause Young (Allocation Failure) 221M->10M(938M) 1.675ms
[115.589s][info][gc,cpu         ] GC(816) User=0.00s Sys=0.00s Real=0.00s
[115.742s][info][gc,start       ] GC(817) Pause Young (Allocation Failure)
[115.744s][info][gc,heap        ] GC(817) PSYoungGen: 261120K(261120K)->1024K(296960K) Eden: 260096K(260096K)->0K(295424K) From: 1024K(1024K)->1024K(1536K)
[115.744s][info][gc,heap        ] GC(817) ParOldGen: 9248K(699392K)->9304K(699392K)
[115.744s][info][gc,metaspace   ] GC(817) Metaspace: 14296K(15296K)->14296K(15296K) NonClass: 12336K(12928K)->12336K(12928K) Class: 1960K(2368K)->1960K(2368K)
[115.744s][info][gc             ] GC(817) Pause Young (Allocation Failure) 264M->10M(973M) 1.707ms
[115.744s][info][gc,cpu         ] GC(817) User=0.00s Sys=0.00s Real=0.00s
[115.918s][info][gc,start       ] GC(818) Pause Young (Allocation Failure)
[115.920s][info][gc,heap        ] GC(818) PSYoungGen: 296448K(296960K)->992K(288768K) Eden: 295424K(295424K)->0K(287744K) From: 1024K(1536K)->992K(1024K)
[115.920s][info][gc,heap        ] GC(818) ParOldGen: 9304K(699392K)->9376K(699392K)
[115.920s][info][gc,metaspace   ] GC(818) Metaspace: 14296K(15296K)->14296K(15296K) NonClass: 12336K(12928K)->12336K(12928K) Class: 1960K(2368K)->1960K(2368K)
[115.920s][info][gc             ] GC(818) Pause Young (Allocation Failure) 298M->10M(965M) 1.892ms
[115.920s][info][gc,cpu         ] GC(818) User=0.00s Sys=0.00s Real=0.00s
[116.088s][info][gc,start       ] GC(819) Pause Young (Allocation Failure)
[116.090s][info][gc,heap        ] GC(819) PSYoungGen: 288736K(288768K)->1024K(281600K) Eden: 287744K(287744K)->0K(280576K) From: 992K(1024K)->1024K(1024K)
[116.090s][info][gc,heap        ] GC(819) ParOldGen: 9376K(699392K)->9448K(699392K)
[116.090s][info][gc,metaspace   ] GC(819) Metaspace: 14296K(15296K)->14296K(15296K) NonClass: 12336K(12928K)->12336K(12928K) Class: 1960K(2368K)->1960K(2368K)
[116.090s][info][gc             ] GC(819) Pause Young (Allocation Failure) 291M->10M(958M) 1.715ms
[116.090s][info][gc,cpu         ] GC(819) User=0.00s Sys=0.00s Real=0.00s
[116.254s][info][gc,start       ] GC(820) Pause Young (Allocation Failure)
[116.256s][info][gc,heap        ] GC(820) PSYoungGen: 281600K(281600K)->1024K(274432K) Eden: 280576K(280576K)->0K(273408K) From: 1024K(1024K)->1024K(1024K)
[116.256s][info][gc,heap        ] GC(820) ParOldGen: 9448K(699392K)->9504K(699392K)
[116.256s][info][gc,metaspace   ] GC(820) Metaspace: 14296K(15296K)->14296K(15296K) NonClass: 12336K(12928K)->12336K(12928K) Class: 1960K(2368K)->1960K(2368K)
[116.256s][info][gc             ] GC(820) Pause Young (Allocation Failure) 284M->10M(951M) 1.861ms
[116.256s][info][gc,cpu         ] GC(820) User=0.00s Sys=0.00s Real=0.00s
[116.417s][info][gc,start       ] GC(821) Pause Young (Allocation Failure)
[116.418s][info][gc,heap        ] GC(821) PSYoungGen: 274432K(274432K)->1024K(267776K) Eden: 273408K(273408K)->0K(266752K) From: 1024K(1024K)->1024K(1024K)
[116.418s][info][gc,heap        ] GC(821) ParOldGen: 9504K(699392K)->9552K(699392K)
[116.418s][info][gc,metaspace   ] GC(821) Metaspace: 14296K(15296K)->14296K(15296K) NonClass: 12336K(12928K)->12336K(12928K) Class: 1960K(2368K)->1960K(2368K)
[116.418s][info][gc             ] GC(821) Pause Young (Allocation Failure) 277M->10M(944M) 1.844ms
[116.419s][info][gc,cpu         ] GC(821) User=0.00s Sys=0.00s Real=0.00s
[116.577s][info][gc,start       ] GC(822) Pause Young (Allocation Failure)
[116.579s][info][gc,heap        ] GC(822) PSYoungGen: 267776K(267776K)->1024K(261120K) Eden: 266752K(266752K)->0K(260096K) From: 1024K(1024K)->1024K(1024K)
[116.579s][info][gc,heap        ] GC(822) ParOldGen: 9552K(699392K)->9616K(699392K)
[116.579s][info][gc,metaspace   ] GC(822) Metaspace: 14296K(15296K)->14296K(15296K) NonClass: 12336K(12928K)->12336K(12928K) Class: 1960K(2368K)->1960K(2368K)
[116.579s][info][gc             ] GC(822) Pause Young (Allocation Failure) 270M->10M(938M) 1.832ms
[116.579s][info][gc,cpu         ] GC(822) User=0.52s Sys=0.00s Real=0.00s
[116.733s][info][gc,start       ] GC(823) Pause Young (Allocation Failure)
[116.734s][info][gc,heap        ] GC(823) PSYoungGen: 261120K(261120K)->1024K(294400K) Eden: 260096K(260096K)->0K(292864K) From: 1024K(1024K)->1024K(1536K)
[116.734s][info][gc,heap        ] GC(823) ParOldGen: 9616K(699392K)->9664K(699392K)
[116.734s][info][gc,metaspace   ] GC(823) Metaspace: 14296K(15296K)->14296K(15296K) NonClass: 12336K(12928K)->12336K(12928K) Class: 1960K(2368K)->1960K(2368K)
[116.734s][info][gc             ] GC(823) Pause Young (Allocation Failure) 264M->10M(970M) 1.884ms
[116.734s][info][gc,cpu         ] GC(823) User=0.52s Sys=0.00s Real=0.00s
[116.907s][info][gc,start       ] GC(824) Pause Young (Allocation Failure)
[116.909s][info][gc,heap        ] GC(824) PSYoungGen: 293888K(294400K)->992K(294400K) Eden: 292864K(292864K)->0K(292864K) From: 1024K(1536K)->992K(1536K)
[116.909s][info][gc,heap        ] GC(824) ParOldGen: 9664K(699392K)->9712K(699392K)
[116.909s][info][gc,metaspace   ] GC(824) Metaspace: 14296K(15296K)->14296K(15296K) NonClass: 12336K(12928K)->12336K(12928K) Class: 1960K(2368K)->1960K(2368K)
[116.909s][info][gc             ] GC(824) Pause Young (Allocation Failure) 296M->10M(970M) 1.976ms
[116.909s][info][gc,cpu         ] GC(824) User=0.00s Sys=0.00s Real=0.00s
[117.081s][info][gc,start       ] GC(825) Pause Young (Allocation Failure)
[117.083s][info][gc,heap        ] GC(825) PSYoungGen: 293856K(294400K)->1056K(347648K) Eden: 292864K(292864K)->0K(346112K) From: 992K(1536K)->1056K(1536K)
[117.083s][info][gc,heap        ] GC(825) ParOldGen: 9712K(699392K)->9760K(699392K)
[117.083s][info][gc,metaspace   ] GC(825) Metaspace: 14296K(15296K)->14296K(15296K) NonClass: 12336K(12928K)->12336K(12928K) Class: 1960K(2368K)->1960K(2368K)
[117.083s][info][gc             ] GC(825) Pause Young (Allocation Failure) 296M->10M(1022M) 1.851ms
[117.083s][info][gc,cpu         ] GC(825) User=0.00s Sys=0.00s Real=0.00s
[117.421s][info][gc,start       ] GC(826) Pause Young (Allocation Failure)
[117.424s][info][gc,heap        ] GC(826) PSYoungGen: 347168K(347648K)->1056K(337920K) Eden: 346112K(346112K)->0K(336384K) From: 1056K(1536K)->1056K(1536K)
[117.424s][info][gc,heap        ] GC(826) ParOldGen: 9760K(699392K)->9816K(699392K)
[117.424s][info][gc,metaspace   ] GC(826) Metaspace: 14296K(15296K)->14296K(15296K) NonClass: 12336K(12928K)->12336K(12928K) Class: 1960K(2368K)->1960K(2368K)
[117.424s][info][gc             ] GC(826) Pause Young (Allocation Failure) 348M->10M(1013M) 2.749ms
[117.424s][info][gc,cpu         ] GC(826) User=0.52s Sys=0.00s Real=0.00s
[117.635s][info][gc,start       ] GC(827) Pause Young (Allocation Failure)
[117.637s][info][gc,heap        ] GC(827) PSYoungGen: 337440K(337920K)->512K(327680K) Eden: 336384K(336384K)->0K(327168K) From: 1056K(1536K)->512K(512K)
[117.637s][info][gc,heap        ] GC(827) ParOldGen: 9816K(699392K)->9984K(699392K)
[117.637s][info][gc,metaspace   ] GC(827) Metaspace: 14296K(15296K)->14296K(15296K) NonClass: 12336K(12928K)->12336K(12928K) Class: 1960K(2368K)->1960K(2368K)
[117.637s][info][gc             ] GC(827) Pause Young (Allocation Failure) 339M->10M(1003M) 1.830ms
[117.637s][info][gc,cpu         ] GC(827) User=0.00s Sys=0.00s Real=0.00s
[117.830s][info][gc,start       ] GC(828) Pause Young (Allocation Failure)
[117.831s][info][gc,heap        ] GC(828) PSYoungGen: 327680K(327680K)->1024K(320000K) Eden: 327168K(327168K)->0K(318464K) From: 512K(512K)->1024K(1536K)
[117.831s][info][gc,heap        ] GC(828) ParOldGen: 9984K(699392K)->10024K(699392K)
[117.831s][info][gc,metaspace   ] GC(828) Metaspace: 14296K(15296K)->14296K(15296K) NonClass: 12336K(12928K)->12336K(12928K) Class: 1960K(2368K)->1960K(2368K)
[117.831s][info][gc             ] GC(828) Pause Young (Allocation Failure) 329M->10M(995M) 1.570ms
[117.832s][info][gc,cpu         ] GC(828) User=0.00s Sys=0.00s Real=0.00s
[118.017s][info][gc,start       ] GC(829) Pause Young (Allocation Failure)
[118.019s][info][gc,heap        ] GC(829) PSYoungGen: 319488K(320000K)->992K(310784K) Eden: 318464K(318464K)->0K(309760K) From: 1024K(1536K)->992K(1024K)
[118.019s][info][gc,heap        ] GC(829) ParOldGen: 10024K(699392K)->10112K(699392K)
[118.019s][info][gc,metaspace   ] GC(829) Metaspace: 14296K(15296K)->14296K(15296K) NonClass: 12336K(12928K)->12336K(12928K) Class: 1960K(2368K)->1960K(2368K)
[118.019s][info][gc             ] GC(829) Pause Young (Allocation Failure) 321M->10M(986M) 1.551ms
[118.019s][info][gc,cpu         ] GC(829) User=0.00s Sys=0.00s Real=0.00s
[118.199s][info][gc,start       ] GC(830) Pause Young (Allocation Failure)
[118.201s][info][gc,heap        ] GC(830) PSYoungGen: 310752K(310784K)->1024K(302592K) Eden: 309760K(309760K)->0K(301568K) From: 992K(1024K)->1024K(1024K)
[118.201s][info][gc,heap        ] GC(830) ParOldGen: 10112K(699392K)->10208K(699392K)
[118.201s][info][gc,metaspace   ] GC(830) Metaspace: 14296K(15296K)->14296K(15296K) NonClass: 12336K(12928K)->12336K(12928K) Class: 1960K(2368K)->1960K(2368K)
[118.201s][info][gc             ] GC(830) Pause Young (Allocation Failure) 313M->10M(978M) 1.552ms
[118.201s][info][gc,cpu         ] GC(830) User=0.00s Sys=0.00s Real=0.00s
[118.378s][info][gc,start       ] GC(831) Pause Young (Allocation Failure)
[118.379s][info][gc,heap        ] GC(831) PSYoungGen: 302592K(302592K)->1024K(294912K) Eden: 301568K(301568K)->0K(293888K) From: 1024K(1024K)->1024K(1024K)
[118.379s][info][gc,heap        ] GC(831) ParOldGen: 10208K(699392K)->10288K(699392K)
[118.379s][info][gc,metaspace   ] GC(831) Metaspace: 14296K(15296K)->14296K(15296K) NonClass: 12336K(12928K)->12336K(12928K) Class: 1960K(2368K)->1960K(2368K)
[118.379s][info][gc             ] GC(831) Pause Young (Allocation Failure) 305M->11M(971M) 1.474ms
[118.379s][info][gc,cpu         ] GC(831) User=0.00s Sys=0.00s Real=0.00s
[118.549s][info][gc,start       ] GC(832) Pause Young (Allocation Failure)
[118.551s][info][gc,heap        ] GC(832) PSYoungGen: 294912K(294912K)->1024K(287232K) Eden: 293888K(293888K)->0K(286208K) From: 1024K(1024K)->1024K(1024K)
[118.551s][info][gc,heap        ] GC(832) ParOldGen: 10288K(699392K)->10352K(699392K)
[118.551s][info][gc,metaspace   ] GC(832) Metaspace: 14296K(15296K)->14296K(15296K) NonClass: 12336K(12928K)->12336K(12928K) Class: 1960K(2368K)->1960K(2368K)
[118.551s][info][gc             ] GC(832) Pause Young (Allocation Failure) 298M->11M(963M) 1.502ms
[118.551s][info][gc,cpu         ] GC(832) User=0.00s Sys=0.00s Real=0.00s
[118.718s][info][gc,start       ] GC(833) Pause Young (Allocation Failure)
[118.719s][info][gc,heap        ] GC(833) PSYoungGen: 287232K(287232K)->1024K(280064K) Eden: 286208K(286208K)->0K(279040K) From: 1024K(1024K)->1024K(1024K)
[118.719s][info][gc,heap        ] GC(833) ParOldGen: 10352K(699392K)->10416K(699392K)
[118.719s][info][gc,metaspace   ] GC(833) Metaspace: 14296K(15296K)->14296K(15296K) NonClass: 12336K(12928K)->12336K(12928K) Class: 1960K(2368K)->1960K(2368K)
[118.719s][info][gc             ] GC(833) Pause Young (Allocation Failure) 290M->11M(956M) 1.595ms
[118.719s][info][gc,cpu         ] GC(833) User=0.52s Sys=0.00s Real=0.00s
[118.883s][info][gc,start       ] GC(834) Pause Young (Allocation Failure)
[118.885s][info][gc,heap        ] GC(834) PSYoungGen: 280064K(280064K)->1024K(272896K) Eden: 279040K(279040K)->0K(271872K) From: 1024K(1024K)->1024K(1024K)
[118.885s][info][gc,heap        ] GC(834) ParOldGen: 10416K(699392K)->10480K(699392K)
[118.885s][info][gc,metaspace   ] GC(834) Metaspace: 14296K(15296K)->14296K(15296K) NonClass: 12336K(12928K)->12336K(12928K) Class: 1960K(2368K)->1960K(2368K)
[118.885s][info][gc             ] GC(834) Pause Young (Allocation Failure) 283M->11M(949M) 1.587ms
[118.885s][info][gc,cpu         ] GC(834) User=0.00s Sys=0.00s Real=0.00s
[119.044s][info][gc,start       ] GC(835) Pause Young (Allocation Failure)
[119.046s][info][gc,heap        ] GC(835) PSYoungGen: 272896K(272896K)->1024K(266240K) Eden: 271872K(271872K)->0K(265216K) From: 1024K(1024K)->1024K(1024K)
[119.046s][info][gc,heap        ] GC(835) ParOldGen: 10480K(699392K)->10552K(699392K)
[119.046s][info][gc,metaspace   ] GC(835) Metaspace: 14296K(15296K)->14296K(15296K) NonClass: 12336K(12928K)->12336K(12928K) Class: 1960K(2368K)->1960K(2368K)
[119.046s][info][gc             ] GC(835) Pause Young (Allocation Failure) 276M->11M(943M) 1.602ms
[119.046s][info][gc,cpu         ] GC(835) User=0.00s Sys=0.00s Real=0.00s
[119.201s][info][gc,start       ] GC(836) Pause Young (Allocation Failure)
[119.202s][info][gc,heap        ] GC(836) PSYoungGen: 266240K(266240K)->992K(259584K) Eden: 265216K(265216K)->0K(258560K) From: 1024K(1024K)->992K(1024K)
[119.202s][info][gc,heap        ] GC(836) ParOldGen: 10552K(699392K)->10656K(699392K)
[119.202s][info][gc,metaspace   ] GC(836) Metaspace: 14296K(15296K)->14296K(15296K) NonClass: 12336K(12928K)->12336K(12928K) Class: 1960K(2368K)->1960K(2368K)
[119.202s][info][gc             ] GC(836) Pause Young (Allocation Failure) 270M->11M(936M) 1.663ms
[119.202s][info][gc,cpu         ] GC(836) User=0.00s Sys=0.00s Real=0.00s
[119.355s][info][gc,start       ] GC(837) Pause Young (Allocation Failure)
[119.356s][info][gc,heap        ] GC(837) PSYoungGen: 259552K(259584K)->1024K(253440K) Eden: 258560K(258560K)->0K(252416K) From: 992K(1024K)->1024K(1024K)
[119.356s][info][gc,heap        ] GC(837) ParOldGen: 10656K(699392K)->10712K(699392K)
[119.356s][info][gc,metaspace   ] GC(837) Metaspace: 14296K(15296K)->14296K(15296K) NonClass: 12336K(12928K)->12336K(12928K) Class: 1960K(2368K)->1960K(2368K)
[119.357s][info][gc             ] GC(837) Pause Young (Allocation Failure) 263M->11M(930M) 1.648ms
[119.357s][info][gc,cpu         ] GC(837) User=0.00s Sys=0.00s Real=0.00s
[119.506s][info][gc,start       ] GC(838) Pause Young (Allocation Failure)
[119.507s][info][gc,heap        ] GC(838) PSYoungGen: 253440K(253440K)->992K(247296K) Eden: 252416K(252416K)->0K(246272K) From: 1024K(1024K)->992K(1024K)
[119.507s][info][gc,heap        ] GC(838) ParOldGen: 10712K(699392K)->10760K(699392K)
[119.507s][info][gc,metaspace   ] GC(838) Metaspace: 14296K(15296K)->14296K(15296K) NonClass: 12336K(12928K)->12336K(12928K) Class: 1960K(2368K)->1960K(2368K)
[119.507s][info][gc             ] GC(838) Pause Young (Allocation Failure) 257M->11M(924M) 1.679ms
[119.507s][info][gc,cpu         ] GC(838) User=0.00s Sys=0.00s Real=0.00s
[119.652s][info][gc,start       ] GC(839) Pause Young (Allocation Failure)
[119.654s][info][gc,heap        ] GC(839) PSYoungGen: 247264K(247296K)->1024K(241664K) Eden: 246272K(246272K)->0K(240640K) From: 992K(1024K)->1024K(1024K)
[119.654s][info][gc,heap        ] GC(839) ParOldGen: 10760K(699392K)->10824K(699392K)
[119.654s][info][gc,metaspace   ] GC(839) Metaspace: 14296K(15296K)->14296K(15296K) NonClass: 12336K(12928K)->12336K(12928K) Class: 1960K(2368K)->1960K(2368K)
[119.654s][info][gc             ] GC(839) Pause Young (Allocation Failure) 251M->11M(919M) 1.703ms
[119.654s][info][gc,cpu         ] GC(839) User=0.00s Sys=0.00s Real=0.00s
[119.795s][info][gc,start       ] GC(840) Pause Young (Allocation Failure)
[119.796s][info][gc,heap        ] GC(840) PSYoungGen: 241664K(241664K)->1024K(236032K) Eden: 240640K(240640K)->0K(235008K) From: 1024K(1024K)->1024K(1024K)
[119.796s][info][gc,heap        ] GC(840) ParOldGen: 10824K(699392K)->10880K(699392K)
[119.796s][info][gc,metaspace   ] GC(840) Metaspace: 14296K(15296K)->14296K(15296K) NonClass: 12336K(12928K)->12336K(12928K) Class: 1960K(2368K)->1960K(2368K)
[119.796s][info][gc             ] GC(840) Pause Young (Allocation Failure) 246M->11M(913M) 1.729ms
[119.796s][info][gc,cpu         ] GC(840) User=0.00s Sys=0.00s Real=0.00s
[119.934s][info][gc,start       ] GC(841) Pause Young (Allocation Failure)
[119.936s][info][gc,heap        ] GC(841) PSYoungGen: 236032K(236032K)->992K(283136K) Eden: 235008K(235008K)->0K(282112K) From: 1024K(1024K)->992K(1024K)
[119.936s][info][gc,heap        ] GC(841) ParOldGen: 10880K(699392K)->10952K(699392K)
[119.936s][info][gc,metaspace   ] GC(841) Metaspace: 14296K(15296K)->14296K(15296K) NonClass: 12336K(12928K)->12336K(12928K) Class: 1960K(2368K)->1960K(2368K)
[119.936s][info][gc             ] GC(841) Pause Young (Allocation Failure) 241M->11M(959M) 1.701ms
[119.936s][info][gc,cpu         ] GC(841) User=0.00s Sys=0.00s Real=0.00s
[120.102s][info][gc,start       ] GC(842) Pause Young (Allocation Failure)
[120.104s][info][gc,heap        ] GC(842) PSYoungGen: 283104K(283136K)->1024K(275968K) Eden: 282112K(282112K)->0K(274944K) From: 992K(1024K)->1024K(1024K)
[120.104s][info][gc,heap        ] GC(842) ParOldGen: 10952K(699392K)->11008K(699392K)
[120.104s][info][gc,metaspace   ] GC(842) Metaspace: 14296K(15296K)->14296K(15296K) NonClass: 12336K(12928K)->12336K(12928K) Class: 1960K(2368K)->1960K(2368K)
[120.104s][info][gc             ] GC(842) Pause Young (Allocation Failure) 287M->11M(952M) 1.808ms
[120.104s][info][gc,cpu         ] GC(842) User=0.00s Sys=0.00s Real=0.00s
[120.265s][info][gc,start       ] GC(843) Pause Young (Allocation Failure)
[120.267s][info][gc,heap        ] GC(843) PSYoungGen: 275968K(275968K)->1024K(269312K) Eden: 274944K(274944K)->0K(268288K) From: 1024K(1024K)->1024K(1024K)
[120.267s][info][gc,heap        ] GC(843) ParOldGen: 11008K(699392K)->11072K(699392K)
[120.267s][info][gc,metaspace   ] GC(843) Metaspace: 14296K(15296K)->14296K(15296K) NonClass: 12336K(12928K)->12336K(12928K) Class: 1960K(2368K)->1960K(2368K)
[120.267s][info][gc             ] GC(843) Pause Young (Allocation Failure) 280M->11M(946M) 1.821ms
[120.267s][info][gc,cpu         ] GC(843) User=0.52s Sys=0.00s Real=0.00s
[120.424s][info][gc,start       ] GC(844) Pause Young (Allocation Failure)
[120.425s][info][gc,heap        ] GC(844) PSYoungGen: 269312K(269312K)->992K(323072K) Eden: 268288K(268288K)->0K(322048K) From: 1024K(1024K)->992K(1024K)
[120.425s][info][gc,heap        ] GC(844) ParOldGen: 11072K(699392K)->11132K(699392K)
[120.425s][info][gc,metaspace   ] GC(844) Metaspace: 14296K(15296K)->14296K(15296K) NonClass: 12336K(12928K)->12336K(12928K) Class: 1960K(2368K)->1960K(2368K)
[120.425s][info][gc             ] GC(844) Pause Young (Allocation Failure) 273M->11M(998M) 1.878ms
[120.425s][info][gc,cpu         ] GC(844) User=0.00s Sys=0.00s Real=0.00s
[120.613s][info][gc,start       ] GC(845) Pause Young (Allocation Failure)
[120.614s][info][gc,heap        ] GC(845) PSYoungGen: 323040K(323072K)->1024K(314368K) Eden: 322048K(322048K)->0K(313344K) From: 992K(1024K)->1024K(1024K)
[120.614s][info][gc,heap        ] GC(845) ParOldGen: 11132K(699392K)->11212K(699392K)
[120.614s][info][gc,metaspace   ] GC(845) Metaspace: 14296K(15296K)->14296K(15296K) NonClass: 12336K(12928K)->12336K(12928K) Class: 1960K(2368K)->1960K(2368K)
[120.614s][info][gc             ] GC(845) Pause Young (Allocation Failure) 326M->11M(990M) 1.913ms
[120.614s][info][gc,cpu         ] GC(845) User=0.00s Sys=0.00s Real=0.00s
[120.797s][info][gc,start       ] GC(846) Pause Young (Allocation Failure)
[120.799s][info][gc,heap        ] GC(846) PSYoungGen: 314368K(314368K)->1024K(306176K) Eden: 313344K(313344K)->0K(305152K) From: 1024K(1024K)->1024K(1024K)
[120.799s][info][gc,heap        ] GC(846) ParOldGen: 11212K(699392K)->11284K(699392K)
[120.799s][info][gc,metaspace   ] GC(846) Metaspace: 14296K(15296K)->14296K(15296K) NonClass: 12336K(12928K)->12336K(12928K) Class: 1960K(2368K)->1960K(2368K)
[120.799s][info][gc             ] GC(846) Pause Young (Allocation Failure) 317M->12M(982M) 1.972ms
[120.799s][info][gc,cpu         ] GC(846) User=0.00s Sys=0.00s Real=0.00s
[120.976s][info][gc,start       ] GC(847) Pause Young (Allocation Failure)
[120.978s][info][gc,heap        ] GC(847) PSYoungGen: 306176K(306176K)->992K(297984K) Eden: 305152K(305152K)->0K(296960K) From: 1024K(1024K)->992K(1024K)
[120.978s][info][gc,heap        ] GC(847) ParOldGen: 11284K(699392K)->11332K(699392K)
[120.978s][info][gc,metaspace   ] GC(847) Metaspace: 14296K(15296K)->14296K(15296K) NonClass: 12336K(12928K)->12336K(12928K) Class: 1960K(2368K)->1960K(2368K)
[120.978s][info][gc             ] GC(847) Pause Young (Allocation Failure) 310M->12M(974M) 1.950ms
[120.978s][info][gc,cpu         ] GC(847) User=0.00s Sys=0.00s Real=0.00s
[121.155s][info][gc,start       ] GC(848) Pause Young (Allocation Failure)
[121.157s][info][gc,heap        ] GC(848) PSYoungGen: 297952K(297984K)->1024K(290304K) Eden: 296960K(296960K)->0K(289280K) From: 992K(1024K)->1024K(1024K)
[121.157s][info][gc,heap        ] GC(848) ParOldGen: 11332K(699392K)->11404K(699392K)
[121.157s][info][gc,metaspace   ] GC(848) Metaspace: 14296K(15296K)->14296K(15296K) NonClass: 12336K(12928K)->12336K(12928K) Class: 1960K(2368K)->1960K(2368K)
[121.157s][info][gc             ] GC(848) Pause Young (Allocation Failure) 302M->12M(966M) 1.991ms
[121.157s][info][gc,cpu         ] GC(848) User=0.52s Sys=0.00s Real=0.00s
[121.373s][info][gc,start       ] GC(849) Pause Young (Allocation Failure)
[121.376s][info][gc,heap        ] GC(849) PSYoungGen: 290304K(290304K)->960K(336384K) Eden: 289280K(289280K)->0K(334848K) From: 1024K(1024K)->960K(1536K)
[121.376s][info][gc,heap        ] GC(849) ParOldGen: 11404K(699392K)->11460K(699392K)
[121.376s][info][gc,metaspace   ] GC(849) Metaspace: 14296K(15296K)->14296K(15296K) NonClass: 12336K(12928K)->12336K(12928K) Class: 1960K(2368K)->1960K(2368K)
[121.376s][info][gc             ] GC(849) Pause Young (Allocation Failure) 294M->12M(1011M) 2.731ms
[121.376s][info][gc,cpu         ] GC(849) User=0.00s Sys=0.00s Real=0.00s
[121.578s][info][gc,start       ] GC(850) Pause Young (Allocation Failure)
[121.580s][info][gc,heap        ] GC(850) PSYoungGen: 335808K(336384K)->1024K(326656K) Eden: 334848K(334848K)->0K(325632K) From: 960K(1536K)->1024K(1024K)
[121.580s][info][gc,heap        ] GC(850) ParOldGen: 11460K(699392K)->11524K(699392K)
[121.580s][info][gc,metaspace   ] GC(850) Metaspace: 14296K(15296K)->14296K(15296K) NonClass: 12336K(12928K)->12336K(12928K) Class: 1960K(2368K)->1960K(2368K)
[121.580s][info][gc             ] GC(850) Pause Young (Allocation Failure) 339M->12M(1002M) 2.019ms
[121.580s][info][gc,cpu         ] GC(850) User=0.00s Sys=0.00s Real=0.00s
[121.770s][info][gc,start       ] GC(851) Pause Young (Allocation Failure)
[121.772s][info][gc,heap        ] GC(851) PSYoungGen: 326656K(326656K)->1024K(317952K) Eden: 325632K(325632K)->0K(316928K) From: 1024K(1024K)->1024K(1024K)
[121.772s][info][gc,heap        ] GC(851) ParOldGen: 11524K(699392K)->11612K(699392K)
[121.772s][info][gc,metaspace   ] GC(851) Metaspace: 14296K(15296K)->14296K(15296K) NonClass: 12336K(12928K)->12336K(12928K) Class: 1960K(2368K)->1960K(2368K)
[121.772s][info][gc             ] GC(851) Pause Young (Allocation Failure) 330M->12M(993M) 1.699ms
[121.772s][info][gc,cpu         ] GC(851) User=0.00s Sys=0.00s Real=0.00s
[121.959s][info][gc,start       ] GC(852) Pause Young (Allocation Failure)
[121.960s][info][gc,heap        ] GC(852) PSYoungGen: 317952K(317952K)->1024K(309760K) Eden: 316928K(316928K)->0K(308736K) From: 1024K(1024K)->1024K(1024K)
[121.960s][info][gc,heap        ] GC(852) ParOldGen: 11612K(699392K)->11692K(699392K)
[121.960s][info][gc,metaspace   ] GC(852) Metaspace: 14296K(15296K)->14296K(15296K) NonClass: 12336K(12928K)->12336K(12928K) Class: 1960K(2368K)->1960K(2368K)
[121.960s][info][gc             ] GC(852) Pause Young (Allocation Failure) 321M->12M(985M) 1.513ms
[121.960s][info][gc,cpu         ] GC(852) User=0.00s Sys=0.00s Real=0.00s
[122.140s][info][gc,start       ] GC(853) Pause Young (Allocation Failure)
[122.141s][info][gc,heap        ] GC(853) PSYoungGen: 309760K(309760K)->1024K(301568K) Eden: 308736K(308736K)->0K(300544K) From: 1024K(1024K)->1024K(1024K)
[122.141s][info][gc,heap        ] GC(853) ParOldGen: 11692K(699392K)->11764K(699392K)
[122.141s][info][gc,metaspace   ] GC(853) Metaspace: 14296K(15296K)->14296K(15296K) NonClass: 12336K(12928K)->12336K(12928K) Class: 1960K(2368K)->1960K(2368K)
[122.141s][info][gc             ] GC(853) Pause Young (Allocation Failure) 313M->12M(977M) 1.563ms
[122.141s][info][gc,cpu         ] GC(853) User=0.02s Sys=0.00s Real=0.00s
[122.316s][info][gc,start       ] GC(854) Pause Young (Allocation Failure)
[122.318s][info][gc,heap        ] GC(854) PSYoungGen: 301568K(301568K)->1024K(293888K) Eden: 300544K(300544K)->0K(292864K) From: 1024K(1024K)->1024K(1024K)
[122.318s][info][gc,heap        ] GC(854) ParOldGen: 11764K(699392K)->11836K(699392K)
[122.318s][info][gc,metaspace   ] GC(854) Metaspace: 14296K(15296K)->14296K(15296K) NonClass: 12336K(12928K)->12336K(12928K) Class: 1960K(2368K)->1960K(2368K)
[122.318s][info][gc             ] GC(854) Pause Young (Allocation Failure) 305M->12M(970M) 1.572ms
[122.318s][info][gc,cpu         ] GC(854) User=0.00s Sys=0.00s Real=0.00s
[122.488s][info][gc,start       ] GC(855) Pause Young (Allocation Failure)
[122.489s][info][gc,heap        ] GC(855) PSYoungGen: 293888K(293888K)->992K(286208K) Eden: 292864K(292864K)->0K(285184K) From: 1024K(1024K)->992K(1024K)
[122.489s][info][gc,heap        ] GC(855) ParOldGen: 11836K(699392K)->11916K(699392K)
[122.489s][info][gc,metaspace   ] GC(855) Metaspace: 14296K(15296K)->14296K(15296K) NonClass: 12336K(12928K)->12336K(12928K) Class: 1960K(2368K)->1960K(2368K)
[122.489s][info][gc             ] GC(855) Pause Young (Allocation Failure) 298M->12M(962M) 1.566ms
[122.489s][info][gc,cpu         ] GC(855) User=0.00s Sys=0.00s Real=0.00s
[122.656s][info][gc,start       ] GC(856) Pause Young (Allocation Failure)
[122.657s][info][gc,heap        ] GC(856) PSYoungGen: 286176K(286208K)->992K(279040K) Eden: 285184K(285184K)->0K(278016K) From: 992K(1024K)->992K(1024K)
[122.657s][info][gc,heap        ] GC(856) ParOldGen: 11916K(699392K)->11972K(699392K)
[122.657s][info][gc,metaspace   ] GC(856) Metaspace: 14296K(15296K)->14296K(15296K) NonClass: 12336K(12928K)->12336K(12928K) Class: 1960K(2368K)->1960K(2368K)
[122.658s][info][gc             ] GC(856) Pause Young (Allocation Failure) 291M->12M(955M) 1.598ms
[122.658s][info][gc,cpu         ] GC(856) User=0.00s Sys=0.00s Real=0.00s
[122.819s][info][gc,start       ] GC(857) Pause Young (Allocation Failure)
[122.821s][info][gc,heap        ] GC(857) PSYoungGen: 279008K(279040K)->1024K(272384K) Eden: 278016K(278016K)->0K(271360K) From: 992K(1024K)->1024K(1024K)
[122.821s][info][gc,heap        ] GC(857) ParOldGen: 11972K(699392K)->12044K(699392K)
[122.821s][info][gc,metaspace   ] GC(857) Metaspace: 14296K(15296K)->14296K(15296K) NonClass: 12336K(12928K)->12336K(12928K) Class: 1960K(2368K)->1960K(2368K)
[122.821s][info][gc             ] GC(857) Pause Young (Allocation Failure) 284M->12M(949M) 1.635ms
[122.821s][info][gc,cpu         ] GC(857) User=0.00s Sys=0.00s Real=0.00s
[122.979s][info][gc,start       ] GC(858) Pause Young (Allocation Failure)
[122.980s][info][gc,heap        ] GC(858) PSYoungGen: 272384K(272384K)->1024K(265728K) Eden: 271360K(271360K)->0K(264704K) From: 1024K(1024K)->1024K(1024K)
[122.980s][info][gc,heap        ] GC(858) ParOldGen: 12044K(699392K)->12116K(699392K)
[122.981s][info][gc,metaspace   ] GC(858) Metaspace: 14296K(15296K)->14296K(15296K) NonClass: 12336K(12928K)->12336K(12928K) Class: 1960K(2368K)->1960K(2368K)
[122.981s][info][gc             ] GC(858) Pause Young (Allocation Failure) 277M->12M(942M) 1.663ms
[122.981s][info][gc,cpu         ] GC(858) User=0.00s Sys=0.00s Real=0.00s
[123.136s][info][gc,start       ] GC(859) Pause Young (Allocation Failure)
[123.137s][info][gc,heap        ] GC(859) PSYoungGen: 265728K(265728K)->1024K(259584K) Eden: 264704K(264704K)->0K(258560K) From: 1024K(1024K)->1024K(1024K)
[123.137s][info][gc,heap        ] GC(859) ParOldGen: 12116K(699392K)->12164K(699392K)
[123.138s][info][gc,metaspace   ] GC(859) Metaspace: 14296K(15296K)->14296K(15296K) NonClass: 12336K(12928K)->12336K(12928K) Class: 1960K(2368K)->1960K(2368K)
[123.138s][info][gc             ] GC(859) Pause Young (Allocation Failure) 271M->12M(936M) 1.665ms
[123.138s][info][gc,cpu         ] GC(859) User=0.00s Sys=0.00s Real=0.00s
[123.288s][info][gc,start       ] GC(860) Pause Young (Allocation Failure)
[123.290s][info][gc,heap        ] GC(860) PSYoungGen: 259584K(259584K)->992K(253440K) Eden: 258560K(258560K)->0K(252416K) From: 1024K(1024K)->992K(1024K)
[123.290s][info][gc,heap        ] GC(860) ParOldGen: 12164K(699392K)->12212K(699392K)
[123.290s][info][gc,metaspace   ] GC(860) Metaspace: 14296K(15296K)->14296K(15296K) NonClass: 12336K(12928K)->12336K(12928K) Class: 1960K(2368K)->1960K(2368K)
[123.290s][info][gc             ] GC(860) Pause Young (Allocation Failure) 265M->12M(930M) 1.702ms
[123.290s][info][gc,cpu         ] GC(860) User=0.00s Sys=0.00s Real=0.00s
[123.438s][info][gc,start       ] GC(861) Pause Young (Allocation Failure)
[123.451s][info][gc,heap        ] GC(861) PSYoungGen: 253408K(253440K)->1024K(247296K) Eden: 252416K(252416K)->0K(246272K) From: 992K(1024K)->1024K(1024K)
[123.451s][info][gc,heap        ] GC(861) ParOldGen: 12212K(699392K)->12276K(699392K)
[123.451s][info][gc,metaspace   ] GC(861) Metaspace: 14296K(15296K)->14296K(15296K) NonClass: 12336K(12928K)->12336K(12928K) Class: 1960K(2368K)->1960K(2368K)
[123.451s][info][gc             ] GC(861) Pause Young (Allocation Failure) 259M->12M(924M) 13.007ms
[123.451s][info][gc,cpu         ] GC(861) User=0.00s Sys=0.00s Real=0.01s
[123.595s][info][gc,start       ] GC(862) Pause Young (Allocation Failure)
[123.597s][info][gc,heap        ] GC(862) PSYoungGen: 247296K(247296K)->1024K(241664K) Eden: 246272K(246272K)->0K(240640K) From: 1024K(1024K)->1024K(1024K)
[123.597s][info][gc,heap        ] GC(862) ParOldGen: 12276K(699392K)->12324K(699392K)
[123.597s][info][gc,metaspace   ] GC(862) Metaspace: 14296K(15296K)->14296K(15296K) NonClass: 12336K(12928K)->12336K(12928K) Class: 1960K(2368K)->1960K(2368K)
[123.597s][info][gc             ] GC(862) Pause Young (Allocation Failure) 253M->13M(919M) 1.715ms
[123.597s][info][gc,cpu         ] GC(862) User=0.00s Sys=0.00s Real=0.00s
[123.737s][info][gc,start       ] GC(863) Pause Young (Allocation Failure)
[123.739s][info][gc,heap        ] GC(863) PSYoungGen: 241664K(241664K)->960K(236032K) Eden: 240640K(240640K)->0K(235008K) From: 1024K(1024K)->960K(1024K)
[123.739s][info][gc,heap        ] GC(863) ParOldGen: 12324K(699392K)->12412K(699392K)
[123.739s][info][gc,metaspace   ] GC(863) Metaspace: 14296K(15296K)->14296K(15296K) NonClass: 12336K(12928K)->12336K(12928K) Class: 1960K(2368K)->1960K(2368K)
[123.739s][info][gc             ] GC(863) Pause Young (Allocation Failure) 248M->13M(913M) 1.744ms
[123.739s][info][gc,cpu         ] GC(863) User=0.00s Sys=0.00s Real=0.00s
[123.875s][info][gc,start       ] GC(864) Pause Young (Allocation Failure)
[123.876s][info][gc,heap        ] GC(864) PSYoungGen: 235968K(236032K)->1024K(283136K) Eden: 235008K(235008K)->0K(282112K) From: 960K(1024K)->1024K(1024K)
[123.876s][info][gc,heap        ] GC(864) ParOldGen: 12412K(699392K)->12460K(699392K)
[123.876s][info][gc,metaspace   ] GC(864) Metaspace: 14296K(15296K)->14296K(15296K) NonClass: 12336K(12928K)->12336K(12928K) Class: 1960K(2368K)->1960K(2368K)
[123.876s][info][gc             ] GC(864) Pause Young (Allocation Failure) 242M->13M(959M) 1.724ms
[123.876s][info][gc,cpu         ] GC(864) User=0.52s Sys=0.00s Real=0.00s
[124.039s][info][gc,start       ] GC(865) Pause Young (Allocation Failure)
[124.041s][info][gc,heap        ] GC(865) PSYoungGen: 283136K(283136K)->1024K(275968K) Eden: 282112K(282112K)->0K(274944K) From: 1024K(1024K)->1024K(1024K)
[124.041s][info][gc,heap        ] GC(865) ParOldGen: 12460K(699392K)->12500K(699392K)
[124.041s][info][gc,metaspace   ] GC(865) Metaspace: 14296K(15296K)->14296K(15296K) NonClass: 12336K(12928K)->12336K(12928K) Class: 1960K(2368K)->1960K(2368K)
[124.041s][info][gc             ] GC(865) Pause Young (Allocation Failure) 288M->13M(952M) 1.794ms
[124.041s][info][gc,cpu         ] GC(865) User=0.00s Sys=0.00s Real=0.00s
[124.201s][info][gc,start       ] GC(866) Pause Young (Allocation Failure)
[124.203s][info][gc,heap        ] GC(866) PSYoungGen: 275968K(275968K)->1024K(269312K) Eden: 274944K(274944K)->0K(268288K) From: 1024K(1024K)->1024K(1024K)
[124.203s][info][gc,heap        ] GC(866) ParOldGen: 12500K(699392K)->12604K(699392K)
[124.203s][info][gc,metaspace   ] GC(866) Metaspace: 14296K(15296K)->14296K(15296K) NonClass: 12336K(12928K)->12336K(12928K) Class: 1960K(2368K)->1960K(2368K)
[124.203s][info][gc             ] GC(866) Pause Young (Allocation Failure) 281M->13M(946M) 1.829ms
[124.203s][info][gc,cpu         ] GC(866) User=0.52s Sys=0.00s Real=0.00s
[124.362s][info][gc,start       ] GC(867) Pause Young (Allocation Failure)
[124.363s][info][gc,heap        ] GC(867) PSYoungGen: 269311K(269312K)->992K(262656K) Eden: 268287K(268288K)->0K(261632K) From: 1024K(1024K)->992K(1024K)
[124.363s][info][gc,heap        ] GC(867) ParOldGen: 12604K(699392K)->12668K(699392K)
[124.363s][info][gc,metaspace   ] GC(867) Metaspace: 14296K(15296K)->14296K(15296K) NonClass: 12336K(12928K)->12336K(12928K) Class: 1960K(2368K)->1960K(2368K)
[124.363s][info][gc             ] GC(867) Pause Young (Allocation Failure) 275M->13M(939M) 1.868ms
[124.364s][info][gc,cpu         ] GC(867) User=0.00s Sys=0.00s Real=0.00s
[124.518s][info][gc,start       ] GC(868) Pause Young (Allocation Failure)
[124.520s][info][gc,heap        ] GC(868) PSYoungGen: 262624K(262656K)->1024K(315392K) Eden: 261632K(261632K)->0K(314368K) From: 992K(1024K)->1024K(1024K)
[124.520s][info][gc,heap        ] GC(868) ParOldGen: 12668K(699392K)->12748K(699392K)
[124.520s][info][gc,metaspace   ] GC(868) Metaspace: 14296K(15296K)->14296K(15296K) NonClass: 12336K(12928K)->12336K(12928K) Class: 1960K(2368K)->1960K(2368K)
[124.520s][info][gc             ] GC(868) Pause Young (Allocation Failure) 268M->13M(991M) 1.863ms
[124.520s][info][gc,cpu         ] GC(868) User=0.00s Sys=0.00s Real=0.00s
[124.711s][info][gc,start       ] GC(869) Pause Young (Allocation Failure)
[124.713s][info][gc,heap        ] GC(869) PSYoungGen: 315392K(315392K)->1024K(307200K) Eden: 314368K(314368K)->0K(306176K) From: 1024K(1024K)->1024K(1024K)
[124.713s][info][gc,heap        ] GC(869) ParOldGen: 12748K(699392K)->12788K(699392K)
[124.713s][info][gc,metaspace   ] GC(869) Metaspace: 14296K(15296K)->14296K(15296K) NonClass: 12336K(12928K)->12336K(12928K) Class: 1960K(2368K)->1960K(2368K)
[124.713s][info][gc             ] GC(869) Pause Young (Allocation Failure) 320M->13M(983M) 1.939ms
[124.713s][info][gc,cpu         ] GC(869) User=0.00s Sys=0.00s Real=0.00s
[124.917s][info][gc,start       ] GC(870) Pause Young (Allocation Failure)
[124.919s][info][gc,heap        ] GC(870) PSYoungGen: 307200K(307200K)->1024K(299008K) Eden: 306176K(306176K)->0K(297984K) From: 1024K(1024K)->1024K(1024K)
[124.927s][info][gc,heap        ] GC(870) ParOldGen: 12788K(699392K)->12860K(699392K)
[124.927s][info][gc,metaspace   ] GC(870) Metaspace: 14296K(15296K)->14296K(15296K) NonClass: 12336K(12928K)->12336K(12928K) Class: 1960K(2368K)->1960K(2368K)
[124.927s][info][gc             ] GC(870) Pause Young (Allocation Failure) 312M->13M(975M) 10.168ms
[124.927s][info][gc,cpu         ] GC(870) User=0.00s Sys=0.00s Real=0.01s
[125.230s][info][gc,start       ] GC(871) Pause Young (Allocation Failure)
[125.232s][info][gc,heap        ] GC(871) PSYoungGen: 299008K(299008K)->896K(291328K) Eden: 297984K(297984K)->0K(290304K) From: 1024K(1024K)->896K(1024K)
[125.232s][info][gc,heap        ] GC(871) ParOldGen: 12860K(699392K)->12924K(699392K)
[125.232s][info][gc,metaspace   ] GC(871) Metaspace: 14296K(15296K)->14296K(15296K) NonClass: 12336K(12928K)->12336K(12928K) Class: 1960K(2368K)->1960K(2368K)
[125.232s][info][gc             ] GC(871) Pause Young (Allocation Failure) 304M->13M(967M) 2.565ms
[125.232s][info][gc,cpu         ] GC(871) User=0.00s Sys=0.00s Real=0.00s
[125.382s][info][gc,start       ] GC(872) Pause Young (Allocation Failure)
[125.384s][info][gc,heap        ] GC(872) PSYoungGen: 291200K(291328K)->768K(284160K) Eden: 290304K(290304K)->0K(283136K) From: 896K(1024K)->768K(1024K)
[125.384s][info][gc,heap        ] GC(872) ParOldGen: 12924K(699392K)->12988K(699392K)
[125.384s][info][gc,metaspace   ] GC(872) Metaspace: 14296K(15296K)->14296K(15296K) NonClass: 12336K(12928K)->12336K(12928K) Class: 1960K(2368K)->1960K(2368K)
[125.384s][info][gc             ] GC(872) Pause Young (Allocation Failure) 296M->13M(960M) 1.772ms
[125.384s][info][gc,cpu         ] GC(872) User=0.00s Sys=0.00s Real=0.00s
[125.603s][info][gc,start       ] GC(873) Pause Young (System.gc())
[125.605s][info][gc,heap        ] GC(873) PSYoungGen: 247155K(284160K)->416K(283648K) Eden: 246387K(283136K)->0K(283136K) From: 768K(1024K)->416K(512K)
[125.605s][info][gc,heap        ] GC(873) ParOldGen: 12988K(699392K)->13076K(699392K)
[125.605s][info][gc,metaspace   ] GC(873) Metaspace: 14296K(15296K)->14296K(15296K) NonClass: 12336K(12928K)->12336K(12928K) Class: 1960K(2368K)->1960K(2368K)
[125.605s][info][gc             ] GC(873) Pause Young (System.gc()) 254M->13M(960M) 1.813ms
[125.605s][info][gc,cpu         ] GC(873) User=0.00s Sys=0.00s Real=0.00s
[125.605s][info][gc,start       ] GC(874) Pause Full (System.gc())
[125.605s][info][gc,phases,start] GC(874) Marking Phase
[125.618s][info][gc,phases      ] GC(874) Marking Phase 13.176ms
[125.618s][info][gc,phases,start] GC(874) Summary Phase
[125.618s][info][gc,phases      ] GC(874) Summary Phase 0.032ms
[125.618s][info][gc,phases,start] GC(874) Adjust Roots
[125.624s][info][gc,phases      ] GC(874) Adjust Roots 5.117ms
[125.624s][info][gc,phases,start] GC(874) Compaction Phase
[125.625s][info][gc,phases      ] GC(874) Compaction Phase 1.900ms
[125.625s][info][gc,phases,start] GC(874) Post Compact
[125.626s][info][gc,phases      ] GC(874) Post Compact 0.309ms
[125.626s][info][gc,heap        ] GC(874) PSYoungGen: 416K(283648K)->0K(283648K) Eden: 0K(283136K)->0K(283136K) From: 416K(512K)->0K(512K)
[125.626s][info][gc,heap        ] GC(874) ParOldGen: 13076K(699392K)->5373K(699392K)
[125.626s][info][gc,metaspace   ] GC(874) Metaspace: 14296K(15296K)->14296K(15296K) NonClass: 12336K(12928K)->12336K(12928K) Class: 1960K(2368K)->1960K(2368K)
[125.626s][info][gc             ] GC(874) Pause Full (System.gc()) 13M->5M(960M) 20.801ms
[125.626s][info][gc,cpu         ] GC(874) User=0.02s Sys=0.00s Real=0.02s
[125.805s][info][gc,start       ] GC(875) Pause Young (Allocation Failure)
[125.806s][info][gc,heap        ] GC(875) PSYoungGen: 283136K(283648K)->1536K(277504K) Eden: 283136K(283136K)->0K(275968K) From: 0K(512K)->1536K(1536K)
[125.806s][info][gc,heap        ] GC(875) ParOldGen: 5373K(699392K)->5571K(699392K)
[125.806s][info][gc,metaspace   ] GC(875) Metaspace: 14296K(15296K)->14296K(15296K) NonClass: 12336K(12928K)->12336K(12928K) Class: 1960K(2368K)->1960K(2368K)
[125.806s][info][gc             ] GC(875) Pause Young (Allocation Failure) 281M->6M(954M) 1.510ms
[125.806s][info][gc,cpu         ] GC(875) User=0.00s Sys=0.00s Real=0.00s
[125.964s][info][gc,start       ] GC(876) Pause Young (Allocation Failure)
[125.966s][info][gc,heap        ] GC(876) PSYoungGen: 277504K(277504K)->1024K(270336K) Eden: 275968K(275968K)->0K(269312K) From: 1536K(1536K)->1024K(1024K)
[125.966s][info][gc,heap        ] GC(876) ParOldGen: 5571K(699392K)->7100K(699392K)
[125.966s][info][gc,metaspace   ] GC(876) Metaspace: 14296K(15296K)->14296K(15296K) NonClass: 12336K(12928K)->12336K(12928K) Class: 1960K(2368K)->1960K(2368K)
[125.966s][info][gc             ] GC(876) Pause Young (Allocation Failure) 276M->7M(947M) 1.598ms
[125.966s][info][gc,cpu         ] GC(876) User=0.00s Sys=0.00s Real=0.00s
[126.123s][info][gc,start       ] GC(877) Pause Young (Allocation Failure)
[126.124s][info][gc,heap        ] GC(877) PSYoungGen: 270336K(270336K)->1024K(263680K) Eden: 269312K(269312K)->0K(262656K) From: 1024K(1024K)->1024K(1024K)
[126.124s][info][gc,heap        ] GC(877) ParOldGen: 7100K(699392K)->7148K(699392K)
[126.124s][info][gc,metaspace   ] GC(877) Metaspace: 14296K(15296K)->14296K(15296K) NonClass: 12336K(12928K)->12336K(12928K) Class: 1960K(2368K)->1960K(2368K)
[126.124s][info][gc             ] GC(877) Pause Young (Allocation Failure) 270M->7M(940M) 1.505ms
[126.124s][info][gc,cpu         ] GC(877) User=0.00s Sys=0.00s Real=0.00s
[126.276s][info][gc,start       ] GC(878) Pause Young (Allocation Failure)
[126.277s][info][gc,heap        ] GC(878) PSYoungGen: 263680K(263680K)->1024K(257536K) Eden: 262656K(262656K)->0K(256512K) From: 1024K(1024K)->1024K(1024K)
[126.277s][info][gc,heap        ] GC(878) ParOldGen: 7148K(699392K)->7244K(699392K)
[126.277s][info][gc,metaspace   ] GC(878) Metaspace: 14296K(15296K)->14296K(15296K) NonClass: 12336K(12928K)->12336K(12928K) Class: 1960K(2368K)->1960K(2368K)
[126.277s][info][gc             ] GC(878) Pause Young (Allocation Failure) 264M->8M(934M) 1.489ms
[126.278s][info][gc,cpu         ] GC(878) User=0.00s Sys=0.00s Real=0.00s
[126.427s][info][gc,start       ] GC(879) Pause Young (Allocation Failure)
[126.428s][info][gc,heap        ] GC(879) PSYoungGen: 257536K(257536K)->992K(251392K) Eden: 256512K(256512K)->0K(250368K) From: 1024K(1024K)->992K(1024K)
[126.428s][info][gc,heap        ] GC(879) ParOldGen: 7244K(699392K)->7308K(699392K)
[126.428s][info][gc,metaspace   ] GC(879) Metaspace: 14296K(15296K)->14296K(15296K) NonClass: 12336K(12928K)->12336K(12928K) Class: 1960K(2368K)->1960K(2368K)
[126.428s][info][gc             ] GC(879) Pause Young (Allocation Failure) 258M->8M(928M) 1.499ms
[126.428s][info][gc,cpu         ] GC(879) User=0.00s Sys=0.00s Real=0.00s
[126.574s][info][gc,start       ] GC(880) Pause Young (Allocation Failure)
[126.576s][info][gc,heap        ] GC(880) PSYoungGen: 251360K(251392K)->992K(245760K) Eden: 250368K(250368K)->0K(244736K) From: 992K(1024K)->992K(1024K)
[126.576s][info][gc,heap        ] GC(880) ParOldGen: 7308K(699392K)->7364K(699392K)
[126.576s][info][gc,metaspace   ] GC(880) Metaspace: 14296K(15296K)->14296K(15296K) NonClass: 12336K(12928K)->12336K(12928K) Class: 1960K(2368K)->1960K(2368K)
[126.576s][info][gc             ] GC(880) Pause Young (Allocation Failure) 252M->8M(923M) 1.561ms
[126.576s][info][gc,cpu         ] GC(880) User=0.00s Sys=0.00s Real=0.00s
[126.719s][info][gc,start       ] GC(881) Pause Young (Allocation Failure)
[126.721s][info][gc,heap        ] GC(881) PSYoungGen: 245728K(245760K)->992K(240128K) Eden: 244736K(244736K)->0K(239104K) From: 992K(1024K)->992K(1024K)
[126.721s][info][gc,heap        ] GC(881) ParOldGen: 7364K(699392K)->7428K(699392K)
[126.721s][info][gc,metaspace   ] GC(881) Metaspace: 14296K(15296K)->14296K(15296K) NonClass: 12336K(12928K)->12336K(12928K) Class: 1960K(2368K)->1960K(2368K)
[126.721s][info][gc             ] GC(881) Pause Young (Allocation Failure) 247M->8M(917M) 1.544ms
[126.721s][info][gc,cpu         ] GC(881) User=0.00s Sys=0.00s Real=0.00s
[126.860s][info][gc,start       ] GC(882) Pause Young (Allocation Failure)
[126.862s][info][gc,heap        ] GC(882) PSYoungGen: 240096K(240128K)->1024K(234496K) Eden: 239104K(239104K)->0K(233472K) From: 992K(1024K)->1024K(1024K)
[126.862s][info][gc,heap        ] GC(882) ParOldGen: 7428K(699392K)->7492K(699392K)
[126.862s][info][gc,metaspace   ] GC(882) Metaspace: 14296K(15296K)->14296K(15296K) NonClass: 12336K(12928K)->12336K(12928K) Class: 1960K(2368K)->1960K(2368K)
[126.862s][info][gc             ] GC(882) Pause Young (Allocation Failure) 241M->8M(912M) 1.641ms
[126.862s][info][gc,cpu         ] GC(882) User=0.00s Sys=0.00s Real=0.00s
[126.998s][info][gc,start       ] GC(883) Pause Young (Allocation Failure)
[127.000s][info][gc,heap        ] GC(883) PSYoungGen: 234496K(234496K)->992K(229376K) Eden: 233472K(233472K)->0K(228352K) From: 1024K(1024K)->992K(1024K)
[127.000s][info][gc,heap        ] GC(883) ParOldGen: 7492K(699392K)->7564K(699392K)
[127.000s][info][gc,metaspace   ] GC(883) Metaspace: 14296K(15296K)->14296K(15296K) NonClass: 12336K(12928K)->12336K(12928K) Class: 1960K(2368K)->1960K(2368K)
[127.000s][info][gc             ] GC(883) Pause Young (Allocation Failure) 236M->8M(907M) 1.597ms
[127.000s][info][gc,cpu         ] GC(883) User=0.00s Sys=0.02s Real=0.00s
[127.137s][info][gc,start       ] GC(884) Pause Young (Allocation Failure)
[127.138s][info][gc,heap        ] GC(884) PSYoungGen: 229344K(229376K)->1024K(224256K) Eden: 228352K(228352K)->0K(223232K) From: 992K(1024K)->1024K(1024K)
[127.138s][info][gc,heap        ] GC(884) ParOldGen: 7564K(699392K)->7628K(699392K)
[127.138s][info][gc,metaspace   ] GC(884) Metaspace: 14296K(15296K)->14296K(15296K) NonClass: 12336K(12928K)->12336K(12928K) Class: 1960K(2368K)->1960K(2368K)
[127.138s][info][gc             ] GC(884) Pause Young (Allocation Failure) 231M->8M(902M) 1.780ms
[127.139s][info][gc,cpu         ] GC(884) User=0.00s Sys=0.00s Real=0.00s
[127.271s][info][gc,start       ] GC(885) Pause Young (Allocation Failure)
[127.272s][info][gc,heap        ] GC(885) PSYoungGen: 224256K(224256K)->992K(219136K) Eden: 223232K(223232K)->0K(218112K) From: 1024K(1024K)->992K(1024K)
[127.272s][info][gc,heap        ] GC(885) ParOldGen: 7628K(699392K)->7692K(699392K)
[127.272s][info][gc,metaspace   ] GC(885) Metaspace: 14296K(15296K)->14296K(15296K) NonClass: 12336K(12928K)->12336K(12928K) Class: 1960K(2368K)->1960K(2368K)
[127.272s][info][gc             ] GC(885) Pause Young (Allocation Failure) 226M->8M(897M) 1.603ms
[127.272s][info][gc,cpu         ] GC(885) User=0.00s Sys=0.00s Real=0.00s
[127.399s][info][gc,start       ] GC(886) Pause Young (Allocation Failure)
[127.401s][info][gc,heap        ] GC(886) PSYoungGen: 219104K(219136K)->960K(263168K) Eden: 218112K(218112K)->0K(262144K) From: 992K(1024K)->960K(1024K)
[127.401s][info][gc,heap        ] GC(886) ParOldGen: 7692K(699392K)->7772K(699392K)
[127.401s][info][gc,metaspace   ] GC(886) Metaspace: 14296K(15296K)->14296K(15296K) NonClass: 12336K(12928K)->12336K(12928K) Class: 1960K(2368K)->1960K(2368K)
[127.401s][info][gc             ] GC(886) Pause Young (Allocation Failure) 221M->8M(940M) 1.606ms
[127.401s][info][gc,cpu         ] GC(886) User=0.00s Sys=0.00s Real=0.00s
[127.554s][info][gc,start       ] GC(887) Pause Young (Allocation Failure)
[127.555s][info][gc,heap        ] GC(887) PSYoungGen: 263104K(263168K)->992K(257024K) Eden: 262144K(262144K)->0K(256000K) From: 960K(1024K)->992K(1024K)
[127.555s][info][gc,heap        ] GC(887) ParOldGen: 7772K(699392K)->7820K(699392K)
[127.555s][info][gc,metaspace   ] GC(887) Metaspace: 14296K(15296K)->14296K(15296K) NonClass: 12336K(12928K)->12336K(12928K) Class: 1960K(2368K)->1960K(2368K)
[127.555s][info][gc             ] GC(887) Pause Young (Allocation Failure) 264M->8M(934M) 1.707ms
[127.555s][info][gc,cpu         ] GC(887) User=0.00s Sys=0.00s Real=0.00s
[127.705s][info][gc,start       ] GC(888) Pause Young (Allocation Failure)
[127.707s][info][gc,heap        ] GC(888) PSYoungGen: 256992K(257024K)->992K(250880K) Eden: 256000K(256000K)->0K(249856K) From: 992K(1024K)->992K(1024K)
[127.707s][info][gc,heap        ] GC(888) ParOldGen: 7820K(699392K)->7892K(699392K)
[127.707s][info][gc,metaspace   ] GC(888) Metaspace: 14296K(15296K)->14296K(15296K) NonClass: 12336K(12928K)->12336K(12928K) Class: 1960K(2368K)->1960K(2368K)
[127.707s][info][gc             ] GC(888) Pause Young (Allocation Failure) 258M->8M(928M) 1.763ms
[127.707s][info][gc,cpu         ] GC(888) User=0.00s Sys=0.00s Real=0.00s
[127.856s][info][gc,start       ] GC(889) Pause Young (Allocation Failure)
[127.857s][info][gc,heap        ] GC(889) PSYoungGen: 250848K(250880K)->992K(301056K) Eden: 249856K(249856K)->0K(300032K) From: 992K(1024K)->992K(1024K)
[127.857s][info][gc,heap        ] GC(889) ParOldGen: 7892K(699392K)->7956K(699392K)
[127.857s][info][gc,metaspace   ] GC(889) Metaspace: 14296K(15296K)->14296K(15296K) NonClass: 12336K(12928K)->12336K(12928K) Class: 1960K(2368K)->1960K(2368K)
[127.857s][info][gc             ] GC(889) Pause Young (Allocation Failure) 252M->8M(977M) 1.736ms
[127.857s][info][gc,cpu         ] GC(889) User=0.00s Sys=0.00s Real=0.00s
[128.036s][info][gc,start       ] GC(890) Pause Young (Allocation Failure)
[128.038s][info][gc,heap        ] GC(890) PSYoungGen: 301024K(301056K)->1024K(293376K) Eden: 300032K(300032K)->0K(292352K) From: 992K(1024K)->1024K(1024K)
[128.038s][info][gc,heap        ] GC(890) ParOldGen: 7956K(699392K)->8020K(699392K)
[128.038s][info][gc,metaspace   ] GC(890) Metaspace: 14296K(15296K)->14296K(15296K) NonClass: 12336K(12928K)->12336K(12928K) Class: 1960K(2368K)->1960K(2368K)
[128.038s][info][gc             ] GC(890) Pause Young (Allocation Failure) 301M->8M(969M) 1.814ms
[128.038s][info][gc,cpu         ] GC(890) User=0.00s Sys=0.00s Real=0.00s
[128.212s][info][gc,start       ] GC(891) Pause Young (Allocation Failure)
[128.214s][info][gc,heap        ] GC(891) PSYoungGen: 293376K(293376K)->1024K(285696K) Eden: 292352K(292352K)->0K(284672K) From: 1024K(1024K)->1024K(1024K)
[128.214s][info][gc,heap        ] GC(891) ParOldGen: 8020K(699392K)->8084K(699392K)
[128.214s][info][gc,metaspace   ] GC(891) Metaspace: 14296K(15296K)->14296K(15296K) NonClass: 12336K(12928K)->12336K(12928K) Class: 1960K(2368K)->1960K(2368K)
[128.214s][info][gc             ] GC(891) Pause Young (Allocation Failure) 294M->8M(962M) 1.819ms
[128.214s][info][gc,cpu         ] GC(891) User=0.00s Sys=0.00s Real=0.00s
[128.384s][info][gc,start       ] GC(892) Pause Young (Allocation Failure)
[128.386s][info][gc,heap        ] GC(892) PSYoungGen: 285696K(285696K)->1024K(278528K) Eden: 284672K(284672K)->0K(277504K) From: 1024K(1024K)->1024K(1024K)
[128.386s][info][gc,heap        ] GC(892) ParOldGen: 8084K(699392K)->8172K(699392K)
[128.386s][info][gc,metaspace   ] GC(892) Metaspace: 14296K(15296K)->14296K(15296K) NonClass: 12336K(12928K)->12336K(12928K) Class: 1960K(2368K)->1960K(2368K)
[128.386s][info][gc             ] GC(892) Pause Young (Allocation Failure) 286M->8M(955M) 1.881ms
[128.386s][info][gc,cpu         ] GC(892) User=0.00s Sys=0.00s Real=0.00s
[128.552s][info][gc,start       ] GC(893) Pause Young (Allocation Failure)
[128.554s][info][gc,heap        ] GC(893) PSYoungGen: 278528K(278528K)->1024K(271872K) Eden: 277504K(277504K)->0K(270848K) From: 1024K(1024K)->1024K(1024K)
[128.554s][info][gc,heap        ] GC(893) ParOldGen: 8172K(699392K)->8228K(699392K)
[128.554s][info][gc,metaspace   ] GC(893) Metaspace: 14296K(15296K)->14296K(15296K) NonClass: 12336K(12928K)->12336K(12928K) Class: 1960K(2368K)->1960K(2368K)
[128.554s][info][gc             ] GC(893) Pause Young (Allocation Failure) 279M->9M(948M) 1.888ms
[128.554s][info][gc,cpu         ] GC(893) User=0.00s Sys=0.00s Real=0.00s
[128.715s][info][gc,start       ] GC(894) Pause Young (Allocation Failure)
[128.716s][info][gc,heap        ] GC(894) PSYoungGen: 271872K(271872K)->1024K(265216K) Eden: 270848K(270848K)->0K(264192K) From: 1024K(1024K)->1024K(1024K)
[128.716s][info][gc,heap        ] GC(894) ParOldGen: 8228K(699392K)->8308K(699392K)
[128.716s][info][gc,metaspace   ] GC(894) Metaspace: 14296K(15296K)->14296K(15296K) NonClass: 12336K(12928K)->12336K(12928K) Class: 1960K(2368K)->1960K(2368K)
[128.717s][info][gc             ] GC(894) Pause Young (Allocation Failure) 273M->9M(942M) 1.917ms
[128.717s][info][gc,cpu         ] GC(894) User=0.00s Sys=0.00s Real=0.00s
[128.873s][info][gc,start       ] GC(895) Pause Young (Allocation Failure)
[128.875s][info][gc,heap        ] GC(895) PSYoungGen: 265216K(265216K)->1024K(313856K) Eden: 264192K(264192K)->0K(312320K) From: 1024K(1024K)->1024K(1536K)
[128.875s][info][gc,heap        ] GC(895) ParOldGen: 8308K(699392K)->8380K(699392K)
[128.875s][info][gc,metaspace   ] GC(895) Metaspace: 14296K(15296K)->14296K(15296K) NonClass: 12336K(12928K)->12336K(12928K) Class: 1960K(2368K)->1960K(2368K)
[128.875s][info][gc             ] GC(895) Pause Young (Allocation Failure) 267M->9M(989M) 1.889ms
[128.875s][info][gc,cpu         ] GC(895) User=0.00s Sys=0.00s Real=0.00s
[129.059s][info][gc,start       ] GC(896) Pause Young (Allocation Failure)
[129.061s][info][gc,heap        ] GC(896) PSYoungGen: 313344K(313856K)->1056K(305664K) Eden: 312320K(312320K)->0K(304128K) From: 1024K(1536K)->1056K(1536K)
[129.061s][info][gc,heap        ] GC(896) ParOldGen: 8380K(699392K)->8428K(699392K)
[129.061s][info][gc,metaspace   ] GC(896) Metaspace: 14296K(15296K)->14296K(15296K) NonClass: 12336K(12928K)->12336K(12928K) Class: 1960K(2368K)->1960K(2368K)
[129.061s][info][gc             ] GC(896) Pause Young (Allocation Failure) 314M->9M(981M) 1.897ms
[129.061s][info][gc,cpu         ] GC(896) User=0.00s Sys=0.00s Real=0.00s
[129.242s][info][gc,start       ] GC(897) Pause Young (Allocation Failure)
[129.243s][info][gc,heap        ] GC(897) PSYoungGen: 305184K(305664K)->1056K(297984K) Eden: 304128K(304128K)->0K(296448K) From: 1056K(1536K)->1056K(1536K)
[129.243s][info][gc,heap        ] GC(897) ParOldGen: 8428K(699392K)->8484K(699392K)
[129.244s][info][gc,metaspace   ] GC(897) Metaspace: 14296K(15296K)->14296K(15296K) NonClass: 12336K(12928K)->12336K(12928K) Class: 1960K(2368K)->1960K(2368K)
[129.244s][info][gc             ] GC(897) Pause Young (Allocation Failure) 306M->9M(974M) 1.975ms
[129.244s][info][gc,cpu         ] GC(897) User=0.00s Sys=0.00s Real=0.00s
[129.418s][info][gc,start       ] GC(898) Pause Young (Allocation Failure)
[129.420s][info][gc,heap        ] GC(898) PSYoungGen: 297504K(297984K)->512K(289280K) Eden: 296448K(296448K)->0K(288768K) From: 1056K(1536K)->512K(512K)
[129.420s][info][gc,heap        ] GC(898) ParOldGen: 8484K(699392K)->8660K(699392K)
[129.420s][info][gc,metaspace   ] GC(898) Metaspace: 14296K(15296K)->14296K(15296K) NonClass: 12336K(12928K)->12336K(12928K) Class: 1960K(2368K)->1960K(2368K)
[129.420s][info][gc             ] GC(898) Pause Young (Allocation Failure) 298M->8M(965M) 1.894ms
[129.420s][info][gc,cpu         ] GC(898) User=0.00s Sys=0.00s Real=0.00s
[129.592s][info][gc,start       ] GC(899) Pause Young (Allocation Failure)
[129.594s][info][gc,heap        ] GC(899) PSYoungGen: 289280K(289280K)->1056K(317952K) Eden: 288768K(288768K)->0K(316416K) From: 512K(512K)->1056K(1536K)
[129.594s][info][gc,heap        ] GC(899) ParOldGen: 8660K(699392K)->8732K(699392K)
[129.594s][info][gc,metaspace   ] GC(899) Metaspace: 14296K(15296K)->14296K(15296K) NonClass: 12336K(12928K)->12336K(12928K) Class: 1960K(2368K)->1960K(2368K)
[129.594s][info][gc             ] GC(899) Pause Young (Allocation Failure) 290M->9M(993M) 2.013ms
[129.594s][info][gc,cpu         ] GC(899) User=0.52s Sys=0.00s Real=0.00s
[129.926s][info][gc,start       ] GC(900) Pause Young (Allocation Failure)
[129.929s][info][gc,heap        ] GC(900) PSYoungGen: 317472K(317952K)->1056K(309760K) Eden: 316416K(316416K)->0K(308224K) From: 1056K(1536K)->1056K(1536K)
[129.929s][info][gc,heap        ] GC(900) ParOldGen: 8732K(699392K)->8788K(699392K)
[129.929s][info][gc,metaspace   ] GC(900) Metaspace: 14296K(15296K)->14296K(15296K) NonClass: 12336K(12928K)->12336K(12928K) Class: 1960K(2368K)->1960K(2368K)
[129.929s][info][gc             ] GC(900) Pause Young (Allocation Failure) 318M->9M(985M) 2.724ms
[129.929s][info][gc,cpu         ] GC(900) User=0.00s Sys=0.00s Real=0.00s
[130.119s][info][gc,start       ] GC(901) Pause Young (Allocation Failure)
[130.121s][info][gc,heap        ] GC(901) PSYoungGen: 309280K(309760K)->1056K(301568K) Eden: 308224K(308224K)->0K(300032K) From: 1056K(1536K)->1056K(1536K)
[130.121s][info][gc,heap        ] GC(901) ParOldGen: 8788K(699392K)->8844K(699392K)
[130.121s][info][gc,metaspace   ] GC(901) Metaspace: 14296K(15296K)->14296K(15296K) NonClass: 12336K(12928K)->12336K(12928K) Class: 1960K(2368K)->1960K(2368K)
[130.121s][info][gc             ] GC(901) Pause Young (Allocation Failure) 310M->9M(977M) 1.885ms
[130.121s][info][gc,cpu         ] GC(901) User=0.00s Sys=0.00s Real=0.00s
[130.301s][info][gc,start       ] GC(902) Pause Young (Allocation Failure)
[130.302s][info][gc,heap        ] GC(902) PSYoungGen: 301088K(301568K)->512K(292864K) Eden: 300032K(300032K)->0K(292352K) From: 1056K(1536K)->512K(512K)
[130.302s][info][gc,heap        ] GC(902) ParOldGen: 8844K(699392K)->9036K(699392K)
[130.302s][info][gc,metaspace   ] GC(902) Metaspace: 14296K(15296K)->14296K(15296K) NonClass: 12336K(12928K)->12336K(12928K) Class: 1960K(2368K)->1960K(2368K)
[130.302s][info][gc             ] GC(902) Pause Young (Allocation Failure) 302M->9M(969M) 1.684ms
[130.302s][info][gc,cpu         ] GC(902) User=0.00s Sys=0.00s Real=0.00s
[130.477s][info][gc,start       ] GC(903) Pause Young (Allocation Failure)
[130.478s][info][gc,heap        ] GC(903) PSYoungGen: 292864K(292864K)->1024K(286208K) Eden: 292352K(292352K)->0K(284672K) From: 512K(512K)->1024K(1536K)
[130.478s][info][gc,heap        ] GC(903) ParOldGen: 9036K(699392K)->9092K(699392K)
[130.478s][info][gc,metaspace   ] GC(903) Metaspace: 14296K(15296K)->14296K(15296K) NonClass: 12336K(12928K)->12336K(12928K) Class: 1960K(2368K)->1960K(2368K)
[130.478s][info][gc             ] GC(903) Pause Young (Allocation Failure) 294M->9M(962M) 1.574ms
[130.478s][info][gc,cpu         ] GC(903) User=0.00s Sys=0.00s Real=0.00s
[130.648s][info][gc,start       ] GC(904) Pause Young (Allocation Failure)
[130.650s][info][gc,heap        ] GC(904) PSYoungGen: 285695K(286208K)->1024K(278528K) Eden: 284671K(284672K)->0K(277504K) From: 1024K(1536K)->1024K(1024K)
[130.650s][info][gc,heap        ] GC(904) ParOldGen: 9092K(699392K)->9164K(699392K)
[130.650s][info][gc,metaspace   ] GC(904) Metaspace: 14296K(15296K)->14296K(15296K) NonClass: 12336K(12928K)->12336K(12928K) Class: 1960K(2368K)->1960K(2368K)
[130.650s][info][gc             ] GC(904) Pause Young (Allocation Failure) 287M->9M(955M) 1.600ms
[130.650s][info][gc,cpu         ] GC(904) User=0.00s Sys=0.00s Real=0.00s
[130.816s][info][gc,start       ] GC(905) Pause Young (Allocation Failure)
[130.817s][info][gc,heap        ] GC(905) PSYoungGen: 278528K(278528K)->1024K(271872K) Eden: 277504K(277504K)->0K(270848K) From: 1024K(1024K)->1024K(1024K)
[130.817s][info][gc,heap        ] GC(905) ParOldGen: 9164K(699392K)->9252K(699392K)
[130.817s][info][gc,metaspace   ] GC(905) Metaspace: 14296K(15296K)->14296K(15296K) NonClass: 12336K(12928K)->12336K(12928K) Class: 1960K(2368K)->1960K(2368K)
[130.817s][info][gc             ] GC(905) Pause Young (Allocation Failure) 280M->10M(948M) 1.506ms
[130.817s][info][gc,cpu         ] GC(905) User=0.00s Sys=0.00s Real=0.00s
[130.979s][info][gc,start       ] GC(906) Pause Young (Allocation Failure)
[130.981s][info][gc,heap        ] GC(906) PSYoungGen: 271872K(271872K)->1024K(265216K) Eden: 270848K(270848K)->0K(264192K) From: 1024K(1024K)->1024K(1024K)
[130.981s][info][gc,heap        ] GC(906) ParOldGen: 9252K(699392K)->9332K(699392K)
[130.981s][info][gc,metaspace   ] GC(906) Metaspace: 14296K(15296K)->14296K(15296K) NonClass: 12336K(12928K)->12336K(12928K) Class: 1960K(2368K)->1960K(2368K)
[130.981s][info][gc             ] GC(906) Pause Young (Allocation Failure) 274M->10M(942M) 1.552ms
[130.981s][info][gc,cpu         ] GC(906) User=0.00s Sys=0.00s Real=0.00s
[131.137s][info][gc,start       ] GC(907) Pause Young (Allocation Failure)
[131.138s][info][gc,heap        ] GC(907) PSYoungGen: 265216K(265216K)->1056K(259584K) Eden: 264192K(264192K)->0K(258048K) From: 1024K(1024K)->1056K(1536K)
[131.139s][info][gc,heap        ] GC(907) ParOldGen: 9332K(699392K)->9396K(699392K)
[131.139s][info][gc,metaspace   ] GC(907) Metaspace: 14296K(15296K)->14296K(15296K) NonClass: 12336K(12928K)->12336K(12928K) Class: 1960K(2368K)->1960K(2368K)
[131.139s][info][gc             ] GC(907) Pause Young (Allocation Failure) 268M->10M(936M) 1.542ms
[131.139s][info][gc,cpu         ] GC(907) User=0.00s Sys=0.00s Real=0.00s
[131.291s][info][gc,start       ] GC(908) Pause Young (Allocation Failure)
[131.292s][info][gc,heap        ] GC(908) PSYoungGen: 259104K(259584K)->1024K(252928K) Eden: 258048K(258048K)->0K(251904K) From: 1056K(1536K)->1024K(1024K)
[131.293s][info][gc,heap        ] GC(908) ParOldGen: 9396K(699392K)->9468K(699392K)
[131.293s][info][gc,metaspace   ] GC(908) Metaspace: 14296K(15296K)->14296K(15296K) NonClass: 12336K(12928K)->12336K(12928K) Class: 1960K(2368K)->1960K(2368K)
[131.293s][info][gc             ] GC(908) Pause Young (Allocation Failure) 262M->10M(930M) 1.556ms
[131.293s][info][gc,cpu         ] GC(908) User=0.00s Sys=0.00s Real=0.00s
[131.442s][info][gc,start       ] GC(909) Pause Young (Allocation Failure)
[131.444s][info][gc,heap        ] GC(909) PSYoungGen: 252928K(252928K)->1024K(246784K) Eden: 251904K(251904K)->0K(245760K) From: 1024K(1024K)->1024K(1024K)
[131.444s][info][gc,heap        ] GC(909) ParOldGen: 9468K(699392K)->9532K(699392K)
[131.444s][info][gc,metaspace   ] GC(909) Metaspace: 14296K(15296K)->14296K(15296K) NonClass: 12336K(12928K)->12336K(12928K) Class: 1960K(2368K)->1960K(2368K)
[131.444s][info][gc             ] GC(909) Pause Young (Allocation Failure) 256M->10M(924M) 1.715ms
[131.444s][info][gc,cpu         ] GC(909) User=0.00s Sys=0.00s Real=0.00s
[131.590s][info][gc,start       ] GC(910) Pause Young (Allocation Failure)
[131.592s][info][gc,heap        ] GC(910) PSYoungGen: 246784K(246784K)->1024K(241152K) Eden: 245760K(245760K)->0K(240128K) From: 1024K(1024K)->1024K(1024K)
[131.592s][info][gc,heap        ] GC(910) ParOldGen: 9532K(699392K)->9604K(699392K)
[131.592s][info][gc,metaspace   ] GC(910) Metaspace: 14296K(15296K)->14296K(15296K) NonClass: 12336K(12928K)->12336K(12928K) Class: 1960K(2368K)->1960K(2368K)
[131.592s][info][gc             ] GC(910) Pause Young (Allocation Failure) 250M->10M(918M) 1.609ms
[131.592s][info][gc,cpu         ] GC(910) User=0.00s Sys=0.00s Real=0.00s
[131.734s][info][gc,start       ] GC(911) Pause Young (Allocation Failure)
[131.736s][info][gc,heap        ] GC(911) PSYoungGen: 241152K(241152K)->1056K(236032K) Eden: 240128K(240128K)->0K(234496K) From: 1024K(1024K)->1056K(1536K)
[131.736s][info][gc,heap        ] GC(911) ParOldGen: 9604K(699392K)->9660K(699392K)
[131.736s][info][gc,metaspace   ] GC(911) Metaspace: 14296K(15296K)->14296K(15296K) NonClass: 12336K(12928K)->12336K(12928K) Class: 1960K(2368K)->1960K(2368K)
[131.736s][info][gc             ] GC(911) Pause Young (Allocation Failure) 244M->10M(913M) 1.719ms
[131.736s][info][gc,cpu         ] GC(911) User=0.02s Sys=0.00s Real=0.00s
[131.875s][info][gc,start       ] GC(912) Pause Young (Allocation Failure)
[131.877s][info][gc,heap        ] GC(912) PSYoungGen: 235552K(236032K)->1024K(230400K) Eden: 234496K(234496K)->0K(229376K) From: 1056K(1536K)->1024K(1024K)
[131.877s][info][gc,heap        ] GC(912) ParOldGen: 9660K(699392K)->9724K(699392K)
[131.877s][info][gc,metaspace   ] GC(912) Metaspace: 14296K(15296K)->14296K(15296K) NonClass: 12336K(12928K)->12336K(12928K) Class: 1960K(2368K)->1960K(2368K)
[131.877s][info][gc             ] GC(912) Pause Young (Allocation Failure) 239M->10M(908M) 1.610ms
[131.877s][info][gc,cpu         ] GC(912) User=0.02s Sys=0.00s Real=0.00s
[132.012s][info][gc,start       ] GC(913) Pause Young (Allocation Failure)
[132.013s][info][gc,heap        ] GC(913) PSYoungGen: 230400K(230400K)->1024K(276480K) Eden: 229376K(229376K)->0K(275456K) From: 1024K(1024K)->1024K(1024K)
[132.013s][info][gc,heap        ] GC(913) ParOldGen: 9724K(699392K)->9780K(699392K)
[132.013s][info][gc,metaspace   ] GC(913) Metaspace: 14296K(15296K)->14296K(15296K) NonClass: 12336K(12928K)->12336K(12928K) Class: 1960K(2368K)->1960K(2368K)
[132.013s][info][gc             ] GC(913) Pause Young (Allocation Failure) 234M->10M(953M) 1.672ms
[132.014s][info][gc,cpu         ] GC(913) User=0.00s Sys=0.00s Real=0.00s
[132.175s][info][gc,start       ] GC(914) Pause Young (Allocation Failure)
[132.177s][info][gc,heap        ] GC(914) PSYoungGen: 276480K(276480K)->992K(269824K) Eden: 275456K(275456K)->0K(268800K) From: 1024K(1024K)->992K(1024K)
[132.177s][info][gc,heap        ] GC(914) ParOldGen: 9780K(699392K)->9836K(699392K)
[132.177s][info][gc,metaspace   ] GC(914) Metaspace: 14296K(15296K)->14296K(15296K) NonClass: 12336K(12928K)->12336K(12928K) Class: 1960K(2368K)->1960K(2368K)
[132.177s][info][gc             ] GC(914) Pause Young (Allocation Failure) 279M->10M(946M) 1.716ms
[132.177s][info][gc,cpu         ] GC(914) User=0.00s Sys=0.00s Real=0.00s
[132.336s][info][gc,start       ] GC(915) Pause Young (Allocation Failure)
[132.337s][info][gc,heap        ] GC(915) PSYoungGen: 269792K(269824K)->1024K(263168K) Eden: 268800K(268800K)->0K(262144K) From: 992K(1024K)->1024K(1024K)
[132.337s][info][gc,heap        ] GC(915) ParOldGen: 9836K(699392K)->9916K(699392K)
[132.337s][info][gc,metaspace   ] GC(915) Metaspace: 14296K(15296K)->14296K(15296K) NonClass: 12336K(12928K)->12336K(12928K) Class: 1960K(2368K)->1960K(2368K)
[132.337s][info][gc             ] GC(915) Pause Young (Allocation Failure) 273M->10M(940M) 1.765ms
[132.337s][info][gc,cpu         ] GC(915) User=0.00s Sys=0.00s Real=0.00s
[132.491s][info][gc,start       ] GC(916) Pause Young (Allocation Failure)
[132.493s][info][gc,heap        ] GC(916) PSYoungGen: 263168K(263168K)->1024K(315904K) Eden: 262144K(262144K)->0K(314880K) From: 1024K(1024K)->1024K(1024K)
[132.493s][info][gc,heap        ] GC(916) ParOldGen: 9916K(699392K)->9996K(699392K)
[132.493s][info][gc,metaspace   ] GC(916) Metaspace: 14296K(15296K)->14296K(15296K) NonClass: 12336K(12928K)->12336K(12928K) Class: 1960K(2368K)->1960K(2368K)
[132.493s][info][gc             ] GC(916) Pause Young (Allocation Failure) 266M->10M(991M) 1.799ms
[132.493s][info][gc,cpu         ] GC(916) User=0.00s Sys=0.00s Real=0.00s
[132.677s][info][gc,start       ] GC(917) Pause Young (Allocation Failure)
[132.679s][info][gc,heap        ] GC(917) PSYoungGen: 315904K(315904K)->1056K(308224K) Eden: 314880K(314880K)->0K(306688K) From: 1024K(1024K)->1056K(1536K)
[132.679s][info][gc,heap        ] GC(917) ParOldGen: 9996K(699392K)->10044K(699392K)
[132.679s][info][gc,metaspace   ] GC(917) Metaspace: 14296K(15296K)->14296K(15296K) NonClass: 12336K(12928K)->12336K(12928K) Class: 1960K(2368K)->1960K(2368K)
[132.679s][info][gc             ] GC(917) Pause Young (Allocation Failure) 318M->10M(984M) 1.936ms
[132.679s][info][gc,cpu         ] GC(917) User=0.00s Sys=0.00s Real=0.00s
[132.859s][info][gc,start       ] GC(918) Pause Young (Allocation Failure)
[132.861s][info][gc,heap        ] GC(918) PSYoungGen: 307744K(308224K)->992K(299520K) Eden: 306688K(306688K)->0K(298496K) From: 1056K(1536K)->992K(1024K)
[132.861s][info][gc,heap        ] GC(918) ParOldGen: 10044K(699392K)->10132K(699392K)
[132.861s][info][gc,metaspace   ] GC(918) Metaspace: 14296K(15296K)->14296K(15296K) NonClass: 12336K(12928K)->12336K(12928K) Class: 1960K(2368K)->1960K(2368K)
[132.861s][info][gc             ] GC(918) Pause Young (Allocation Failure) 310M->10M(975M) 1.824ms
[132.861s][info][gc,cpu         ] GC(918) User=0.44s Sys=0.00s Real=0.00s
[133.034s][info][gc,start       ] GC(919) Pause Young (Allocation Failure)
[133.036s][info][gc,heap        ] GC(919) PSYoungGen: 299488K(299520K)->1024K(291840K) Eden: 298496K(298496K)->0K(290816K) From: 992K(1024K)->1024K(1024K)
[133.036s][info][gc,heap        ] GC(919) ParOldGen: 10132K(699392K)->10204K(699392K)
[133.036s][info][gc,metaspace   ] GC(919) Metaspace: 14296K(15296K)->14296K(15296K) NonClass: 12336K(12928K)->12336K(12928K) Class: 1960K(2368K)->1960K(2368K)
[133.036s][info][gc             ] GC(919) Pause Young (Allocation Failure) 302M->10M(968M) 1.873ms
[133.036s][info][gc,cpu         ] GC(919) User=0.00s Sys=0.00s Real=0.00s
[133.204s][info][gc,start       ] GC(920) Pause Young (Allocation Failure)
[133.206s][info][gc,heap        ] GC(920) PSYoungGen: 291840K(291840K)->1024K(284672K) Eden: 290816K(290816K)->0K(283648K) From: 1024K(1024K)->1024K(1024K)
[133.206s][info][gc,heap        ] GC(920) ParOldGen: 10204K(699392K)->10276K(699392K)
[133.206s][info][gc,metaspace   ] GC(920) Metaspace: 14296K(15296K)->14296K(15296K) NonClass: 12336K(12928K)->12336K(12928K) Class: 1960K(2368K)->1960K(2368K)
[133.206s][info][gc             ] GC(920) Pause Young (Allocation Failure) 294M->11M(961M) 1.928ms
[133.206s][info][gc,cpu         ] GC(920) User=0.00s Sys=0.00s Real=0.00s
[133.369s][info][gc,start       ] GC(921) Pause Young (Allocation Failure)
[133.370s][info][gc,heap        ] GC(921) PSYoungGen: 284672K(284672K)->1056K(339456K) Eden: 283648K(283648K)->0K(337920K) From: 1024K(1024K)->1056K(1536K)
[133.370s][info][gc,heap        ] GC(921) ParOldGen: 10276K(699392K)->10332K(699392K)
[133.370s][info][gc,metaspace   ] GC(921) Metaspace: 14296K(15296K)->14296K(15296K) NonClass: 12336K(12928K)->12336K(12928K) Class: 1960K(2368K)->1960K(2368K)
[133.371s][info][gc             ] GC(921) Pause Young (Allocation Failure) 288M->11M(1014M) 1.939ms
[133.371s][info][gc,cpu         ] GC(921) User=0.00s Sys=0.00s Real=0.00s
[133.568s][info][gc,start       ] GC(922) Pause Young (Allocation Failure)
[133.570s][info][gc,heap        ] GC(922) PSYoungGen: 338976K(339456K)->1024K(329728K) Eden: 337920K(337920K)->0K(328704K) From: 1056K(1536K)->1024K(1024K)
[133.570s][info][gc,heap        ] GC(922) ParOldGen: 10332K(699392K)->10380K(699392K)
[133.570s][info][gc,metaspace   ] GC(922) Metaspace: 14296K(15296K)->14296K(15296K) NonClass: 12336K(12928K)->12336K(12928K) Class: 1960K(2368K)->1960K(2368K)
[133.570s][info][gc             ] GC(922) Pause Young (Allocation Failure) 341M->11M(1005M) 1.980ms
[133.570s][info][gc,cpu         ] GC(922) User=0.00s Sys=0.00s Real=0.00s
[133.840s][info][gc,start       ] GC(923) Pause Young (Allocation Failure)
[133.843s][info][gc,heap        ] GC(923) PSYoungGen: 329728K(329728K)->960K(321024K) Eden: 328704K(328704K)->0K(320000K) From: 1024K(1024K)->960K(1024K)
[133.843s][info][gc,heap        ] GC(923) ParOldGen: 10380K(699392K)->10452K(699392K)
[133.843s][info][gc,metaspace   ] GC(923) Metaspace: 14296K(15296K)->14296K(15296K) NonClass: 12336K(12928K)->12336K(12928K) Class: 1960K(2368K)->1960K(2368K)
[133.843s][info][gc             ] GC(923) Pause Young (Allocation Failure) 332M->11M(996M) 2.823ms
[133.843s][info][gc,cpu         ] GC(923) User=0.00s Sys=0.00s Real=0.00s
[134.037s][info][gc,start       ] GC(924) Pause Young (Allocation Failure)
[134.039s][info][gc,heap        ] GC(924) PSYoungGen: 320960K(321024K)->1056K(312832K) Eden: 320000K(320000K)->0K(311296K) From: 960K(1024K)->1056K(1536K)
[134.039s][info][gc,heap        ] GC(924) ParOldGen: 10452K(699392K)->10524K(699392K)
[134.039s][info][gc,metaspace   ] GC(924) Metaspace: 14296K(15296K)->14296K(15296K) NonClass: 12336K(12928K)->12336K(12928K) Class: 1960K(2368K)->1960K(2368K)
[134.039s][info][gc             ] GC(924) Pause Young (Allocation Failure) 323M->11M(988M) 1.838ms
[134.039s][info][gc,cpu         ] GC(924) User=0.00s Sys=0.00s Real=0.00s
[134.222s][info][gc,start       ] GC(925) Pause Young (Allocation Failure)
[134.223s][info][gc,heap        ] GC(925) PSYoungGen: 312352K(312832K)->1024K(304128K) Eden: 311296K(311296K)->0K(303104K) From: 1056K(1536K)->1024K(1024K)
[134.223s][info][gc,heap        ] GC(925) ParOldGen: 10524K(699392K)->10596K(699392K)
[134.223s][info][gc,metaspace   ] GC(925) Metaspace: 14296K(15296K)->14296K(15296K) NonClass: 12336K(12928K)->12336K(12928K) Class: 1960K(2368K)->1960K(2368K)
[134.224s][info][gc             ] GC(925) Pause Young (Allocation Failure) 315M->11M(980M) 1.749ms
[134.224s][info][gc,cpu         ] GC(925) User=0.00s Sys=0.00s Real=0.00s
[134.406s][info][gc,start       ] GC(926) Pause Young (Allocation Failure)
[134.408s][info][gc,heap        ] GC(926) PSYoungGen: 304128K(304128K)->992K(296448K) Eden: 303104K(303104K)->0K(295424K) From: 1024K(1024K)->992K(1024K)
[134.408s][info][gc,heap        ] GC(926) ParOldGen: 10596K(699392K)->10676K(699392K)
[134.408s][info][gc,metaspace   ] GC(926) Metaspace: 14296K(15296K)->14296K(15296K) NonClass: 12336K(12928K)->12336K(12928K) Class: 1960K(2368K)->1960K(2368K)
[134.408s][info][gc             ] GC(926) Pause Young (Allocation Failure) 307M->11M(972M) 1.536ms
[134.408s][info][gc,cpu         ] GC(926) User=0.00s Sys=0.00s Real=0.00s
[134.581s][info][gc,start       ] GC(927) Pause Young (Allocation Failure)
[134.583s][info][gc,heap        ] GC(927) PSYoungGen: 296416K(296448K)->1024K(288768K) Eden: 295424K(295424K)->0K(287744K) From: 992K(1024K)->1024K(1024K)
[134.583s][info][gc,heap        ] GC(927) ParOldGen: 10676K(699392K)->10756K(699392K)
[134.583s][info][gc,metaspace   ] GC(927) Metaspace: 14296K(15296K)->14296K(15296K) NonClass: 12336K(12928K)->12336K(12928K) Class: 1960K(2368K)->1960K(2368K)
[134.583s][info][gc             ] GC(927) Pause Young (Allocation Failure) 299M->11M(965M) 1.526ms
[134.583s][info][gc,cpu         ] GC(927) User=0.00s Sys=0.00s Real=0.00s
[134.752s][info][gc,start       ] GC(928) Pause Young (Allocation Failure)
[134.753s][info][gc,heap        ] GC(928) PSYoungGen: 288768K(288768K)->1024K(281600K) Eden: 287744K(287744K)->0K(280576K) From: 1024K(1024K)->1024K(1024K)
[134.753s][info][gc,heap        ] GC(928) ParOldGen: 10756K(699392K)->10828K(699392K)
[134.753s][info][gc,metaspace   ] GC(928) Metaspace: 14296K(15296K)->14296K(15296K) NonClass: 12336K(12928K)->12336K(12928K) Class: 1960K(2368K)->1960K(2368K)
[134.753s][info][gc             ] GC(928) Pause Young (Allocation Failure) 292M->11M(958M) 1.571ms
[134.753s][info][gc,cpu         ] GC(928) User=0.00s Sys=0.00s Real=0.00s
[134.918s][info][gc,start       ] GC(929) Pause Young (Allocation Failure)
[134.920s][info][gc,heap        ] GC(929) PSYoungGen: 281600K(281600K)->1024K(274432K) Eden: 280576K(280576K)->0K(273408K) From: 1024K(1024K)->1024K(1024K)
[134.920s][info][gc,heap        ] GC(929) ParOldGen: 10828K(699392K)->10916K(699392K)
[134.920s][info][gc,metaspace   ] GC(929) Metaspace: 14296K(15296K)->14296K(15296K) NonClass: 12336K(12928K)->12336K(12928K) Class: 1960K(2368K)->1960K(2368K)
[134.920s][info][gc             ] GC(929) Pause Young (Allocation Failure) 285M->11M(951M) 1.538ms
[134.920s][info][gc,cpu         ] GC(929) User=0.00s Sys=0.00s Real=0.00s
[135.080s][info][gc,start       ] GC(930) Pause Young (Allocation Failure)
[135.082s][info][gc,heap        ] GC(930) PSYoungGen: 274432K(274432K)->1024K(267776K) Eden: 273408K(273408K)->0K(266752K) From: 1024K(1024K)->1024K(1024K)
[135.082s][info][gc,heap        ] GC(930) ParOldGen: 10916K(699392K)->10980K(699392K)
[135.082s][info][gc,metaspace   ] GC(930) Metaspace: 14296K(15296K)->14296K(15296K) NonClass: 12336K(12928K)->12336K(12928K) Class: 1960K(2368K)->1960K(2368K)
[135.082s][info][gc             ] GC(930) Pause Young (Allocation Failure) 278M->11M(944M) 1.623ms
[135.082s][info][gc,cpu         ] GC(930) User=0.00s Sys=0.00s Real=0.00s
[135.237s][info][gc,start       ] GC(931) Pause Young (Allocation Failure)
[135.239s][info][gc,heap        ] GC(931) PSYoungGen: 267776K(267776K)->1024K(261120K) Eden: 266752K(266752K)->0K(260096K) From: 1024K(1024K)->1024K(1024K)
[135.239s][info][gc,heap        ] GC(931) ParOldGen: 10980K(699392K)->11044K(699392K)
[135.239s][info][gc,metaspace   ] GC(931) Metaspace: 14296K(15296K)->14296K(15296K) NonClass: 12336K(12928K)->12336K(12928K) Class: 1960K(2368K)->1960K(2368K)
[135.239s][info][gc             ] GC(931) Pause Young (Allocation Failure) 272M->11M(938M) 1.627ms
[135.239s][info][gc,cpu         ] GC(931) User=0.00s Sys=0.00s Real=0.00s
[135.390s][info][gc,start       ] GC(932) Pause Young (Allocation Failure)
[135.391s][info][gc,heap        ] GC(932) PSYoungGen: 261120K(261120K)->992K(254976K) Eden: 260096K(260096K)->0K(253952K) From: 1024K(1024K)->992K(1024K)
[135.391s][info][gc,heap        ] GC(932) ParOldGen: 11044K(699392K)->11116K(699392K)
[135.391s][info][gc,metaspace   ] GC(932) Metaspace: 14296K(15296K)->14296K(15296K) NonClass: 12336K(12928K)->12336K(12928K) Class: 1960K(2368K)->1960K(2368K)
[135.391s][info][gc             ] GC(932) Pause Young (Allocation Failure) 265M->11M(932M) 1.622ms
[135.391s][info][gc,cpu         ] GC(932) User=0.52s Sys=0.00s Real=0.00s
[135.540s][info][gc,start       ] GC(933) Pause Young (Allocation Failure)
[135.541s][info][gc,heap        ] GC(933) PSYoungGen: 254944K(254976K)->1024K(248832K) Eden: 253952K(253952K)->0K(247808K) From: 992K(1024K)->1024K(1024K)
[135.541s][info][gc,heap        ] GC(933) ParOldGen: 11116K(699392K)->11188K(699392K)
[135.541s][info][gc,metaspace   ] GC(933) Metaspace: 14296K(15296K)->14296K(15296K) NonClass: 12336K(12928K)->12336K(12928K) Class: 1960K(2368K)->1960K(2368K)
[135.542s][info][gc             ] GC(933) Pause Young (Allocation Failure) 259M->11M(926M) 1.654ms
[135.542s][info][gc,cpu         ] GC(933) User=0.00s Sys=0.00s Real=0.00s
[135.687s][info][gc,start       ] GC(934) Pause Young (Allocation Failure)
[135.689s][info][gc,heap        ] GC(934) PSYoungGen: 248832K(248832K)->1024K(243200K) Eden: 247808K(247808K)->0K(242176K) From: 1024K(1024K)->1024K(1024K)
[135.689s][info][gc,heap        ] GC(934) ParOldGen: 11188K(699392K)->11256K(699392K)
[135.689s][info][gc,metaspace   ] GC(934) Metaspace: 14296K(15296K)->14296K(15296K) NonClass: 12336K(12928K)->12336K(12928K) Class: 1960K(2368K)->1960K(2368K)
[135.689s][info][gc             ] GC(934) Pause Young (Allocation Failure) 253M->11M(920M) 1.675ms
[135.689s][info][gc,cpu         ] GC(934) User=0.00s Sys=0.00s Real=0.00s
[135.830s][info][gc,start       ] GC(935) Pause Young (Allocation Failure)
[135.832s][info][gc,heap        ] GC(935) PSYoungGen: 243200K(243200K)->1024K(237568K) Eden: 242176K(242176K)->0K(236544K) From: 1024K(1024K)->1024K(1024K)
[135.832s][info][gc,heap        ] GC(935) ParOldGen: 11256K(699392K)->11312K(699392K)
[135.832s][info][gc,metaspace   ] GC(935) Metaspace: 14296K(15296K)->14296K(15296K) NonClass: 12336K(12928K)->12336K(12928K) Class: 1960K(2368K)->1960K(2368K)
[135.832s][info][gc             ] GC(935) Pause Young (Allocation Failure) 248M->12M(915M) 1.700ms
[135.832s][info][gc,cpu         ] GC(935) User=0.00s Sys=0.00s Real=0.00s
[135.970s][info][gc,start       ] GC(936) Pause Young (Allocation Failure)
[135.972s][info][gc,heap        ] GC(936) PSYoungGen: 237568K(237568K)->1024K(285184K) Eden: 236544K(236544K)->0K(284160K) From: 1024K(1024K)->1024K(1024K)
[135.972s][info][gc,heap        ] GC(936) ParOldGen: 11312K(699392K)->11376K(699392K)
[135.972s][info][gc,metaspace   ] GC(936) Metaspace: 14296K(15296K)->14296K(15296K) NonClass: 12336K(12928K)->12336K(12928K) Class: 1960K(2368K)->1960K(2368K)
[135.972s][info][gc             ] GC(936) Pause Young (Allocation Failure) 243M->12M(961M) 1.712ms
[135.972s][info][gc,cpu         ] GC(936) User=0.00s Sys=0.00s Real=0.00s
[136.140s][info][gc,start       ] GC(937) Pause Young (Allocation Failure)
[136.142s][info][gc,heap        ] GC(937) PSYoungGen: 285184K(285184K)->1024K(278016K) Eden: 284160K(284160K)->0K(276992K) From: 1024K(1024K)->1024K(1024K)
[136.142s][info][gc,heap        ] GC(937) ParOldGen: 11376K(699392K)->11416K(699392K)
[136.142s][info][gc,metaspace   ] GC(937) Metaspace: 14296K(15296K)->14296K(15296K) NonClass: 12336K(12928K)->12336K(12928K) Class: 1960K(2368K)->1960K(2368K)
[136.142s][info][gc             ] GC(937) Pause Young (Allocation Failure) 289M->12M(954M) 1.753ms
[136.142s][info][gc,cpu         ] GC(937) User=0.52s Sys=0.00s Real=0.00s
[136.305s][info][gc,start       ] GC(938) Pause Young (Allocation Failure)
[136.307s][info][gc,heap        ] GC(938) PSYoungGen: 278016K(278016K)->1024K(271360K) Eden: 276992K(276992K)->0K(270336K) From: 1024K(1024K)->1024K(1024K)
[136.307s][info][gc,heap        ] GC(938) ParOldGen: 11416K(699392K)->11480K(699392K)
[136.307s][info][gc,metaspace   ] GC(938) Metaspace: 14296K(15296K)->14296K(15296K) NonClass: 12336K(12928K)->12336K(12928K) Class: 1960K(2368K)->1960K(2368K)
[136.307s][info][gc             ] GC(938) Pause Young (Allocation Failure) 282M->12M(948M) 1.814ms
[136.307s][info][gc,cpu         ] GC(938) User=0.00s Sys=0.00s Real=0.00s
[136.466s][info][gc,start       ] GC(939) Pause Young (Allocation Failure)
[136.467s][info][gc,heap        ] GC(939) PSYoungGen: 271360K(271360K)->1024K(264704K) Eden: 270336K(270336K)->0K(263680K) From: 1024K(1024K)->1024K(1024K)
[136.467s][info][gc,heap        ] GC(939) ParOldGen: 11480K(699392K)->11544K(699392K)
[136.467s][info][gc,metaspace   ] GC(939) Metaspace: 14296K(15296K)->14296K(15296K) NonClass: 12336K(12928K)->12336K(12928K) Class: 1960K(2368K)->1960K(2368K)
[136.467s][info][gc             ] GC(939) Pause Young (Allocation Failure) 276M->12M(941M) 1.806ms
[136.467s][info][gc,cpu         ] GC(939) User=0.00s Sys=0.00s Real=0.00s
[136.622s][info][gc,start       ] GC(940) Pause Young (Allocation Failure)
[136.624s][info][gc,heap        ] GC(940) PSYoungGen: 264704K(264704K)->992K(317440K) Eden: 263680K(263680K)->0K(316416K) From: 1024K(1024K)->992K(1024K)
[136.624s][info][gc,heap        ] GC(940) ParOldGen: 11544K(699392K)->11600K(699392K)
[136.624s][info][gc,metaspace   ] GC(940) Metaspace: 14296K(15296K)->14296K(15296K) NonClass: 12336K(12928K)->12336K(12928K) Class: 1960K(2368K)->1960K(2368K)
[136.624s][info][gc             ] GC(940) Pause Young (Allocation Failure) 269M->12M(993M) 1.935ms
[136.624s][info][gc,cpu         ] GC(940) User=0.00s Sys=0.00s Real=0.00s
[136.812s][info][gc,start       ] GC(941) Pause Young (Allocation Failure)
[136.814s][info][gc,heap        ] GC(941) PSYoungGen: 317408K(317440K)->1024K(309248K) Eden: 316416K(316416K)->0K(308224K) From: 992K(1024K)->1024K(1024K)
[136.814s][info][gc,heap        ] GC(941) ParOldGen: 11600K(699392K)->11656K(699392K)
[136.814s][info][gc,metaspace   ] GC(941) Metaspace: 14296K(15296K)->14296K(15296K) NonClass: 12336K(12928K)->12336K(12928K) Class: 1960K(2368K)->1960K(2368K)
[136.814s][info][gc             ] GC(941) Pause Young (Allocation Failure) 321M->12M(985M) 1.905ms
[136.814s][info][gc,cpu         ] GC(941) User=0.52s Sys=0.00s Real=0.00s
[136.995s][info][gc,start       ] GC(942) Pause Young (Allocation Failure)
[136.997s][info][gc,heap        ] GC(942) PSYoungGen: 309248K(309248K)->1024K(301056K) Eden: 308224K(308224K)->0K(300032K) From: 1024K(1024K)->1024K(1024K)
[136.997s][info][gc,heap        ] GC(942) ParOldGen: 11656K(699392K)->11736K(699392K)
[136.997s][info][gc,metaspace   ] GC(942) Metaspace: 14296K(15296K)->14296K(15296K) NonClass: 12336K(12928K)->12336K(12928K) Class: 1960K(2368K)->1960K(2368K)
[136.997s][info][gc             ] GC(942) Pause Young (Allocation Failure) 313M->12M(977M) 1.959ms
[136.997s][info][gc,cpu         ] GC(942) User=0.00s Sys=0.00s Real=0.00s
[137.172s][info][gc,start       ] GC(943) Pause Young (Allocation Failure)
[137.174s][info][gc,heap        ] GC(943) PSYoungGen: 301056K(301056K)->1024K(293376K) Eden: 300032K(300032K)->0K(292352K) From: 1024K(1024K)->1024K(1024K)
[137.174s][info][gc,heap        ] GC(943) ParOldGen: 11736K(699392K)->11816K(699392K)
[137.174s][info][gc,metaspace   ] GC(943) Metaspace: 14296K(15296K)->14296K(15296K) NonClass: 12336K(12928K)->12336K(12928K) Class: 1960K(2368K)->1960K(2368K)
[137.174s][info][gc             ] GC(943) Pause Young (Allocation Failure) 305M->12M(969M) 1.967ms
[137.174s][info][gc,cpu         ] GC(943) User=0.00s Sys=0.00s Real=0.00s
[137.345s][info][gc,start       ] GC(944) Pause Young (Allocation Failure)
[137.347s][info][gc,heap        ] GC(944) PSYoungGen: 293376K(293376K)->1024K(285696K) Eden: 292352K(292352K)->0K(284672K) From: 1024K(1024K)->1024K(1024K)
[137.347s][info][gc,heap        ] GC(944) ParOldGen: 11816K(699392K)->11896K(699392K)
[137.347s][info][gc,metaspace   ] GC(944) Metaspace: 14296K(15296K)->14296K(15296K) NonClass: 12336K(12928K)->12336K(12928K) Class: 1960K(2368K)->1960K(2368K)
[137.347s][info][gc             ] GC(944) Pause Young (Allocation Failure) 298M->12M(962M) 2.090ms
[137.347s][info][gc,cpu         ] GC(944) User=0.00s Sys=0.00s Real=0.00s
[137.515s][info][gc,start       ] GC(945) Pause Young (Allocation Failure)
[137.517s][info][gc,heap        ] GC(945) PSYoungGen: 285696K(285696K)->1024K(330752K) Eden: 284672K(284672K)->0K(329216K) From: 1024K(1024K)->1024K(1536K)
[137.517s][info][gc,heap        ] GC(945) ParOldGen: 11896K(699392K)->11968K(699392K)
[137.517s][info][gc,metaspace   ] GC(945) Metaspace: 14296K(15296K)->14296K(15296K) NonClass: 12336K(12928K)->12336K(12928K) Class: 1960K(2368K)->1960K(2368K)
[137.517s][info][gc             ] GC(945) Pause Young (Allocation Failure) 290M->12M(1006M) 1.996ms
[137.517s][info][gc,cpu         ] GC(945) User=0.52s Sys=0.00s Real=0.00s
[137.800s][info][gc,start       ] GC(946) Pause Young (Allocation Failure)
[137.834s][info][gc,heap        ] GC(946) PSYoungGen: 330240K(330752K)->1056K(322048K) Eden: 329216K(329216K)->0K(320512K) From: 1024K(1536K)->1056K(1536K)
[137.834s][info][gc,heap        ] GC(946) ParOldGen: 11968K(699392K)->12024K(699392K)
[137.834s][info][gc,metaspace   ] GC(946) Metaspace: 14296K(15296K)->14296K(15296K) NonClass: 12336K(12928K)->12336K(12928K) Class: 1960K(2368K)->1960K(2368K)
[137.835s][info][gc             ] GC(946) Pause Young (Allocation Failure) 334M->12M(997M) 34.744ms
[137.835s][info][gc,cpu         ] GC(946) User=0.00s Sys=0.00s Real=0.03s
[138.028s][info][gc,start       ] GC(947) Pause Young (Allocation Failure)
[138.030s][info][gc,heap        ] GC(947) PSYoungGen: 321568K(322048K)->1056K(313344K) Eden: 320512K(320512K)->0K(311808K) From: 1056K(1536K)->1056K(1536K)
[138.030s][info][gc,heap        ] GC(947) ParOldGen: 12024K(699392K)->12088K(699392K)
[138.030s][info][gc,metaspace   ] GC(947) Metaspace: 14296K(15296K)->14296K(15296K) NonClass: 12336K(12928K)->12336K(12928K) Class: 1960K(2368K)->1960K(2368K)
[138.030s][info][gc             ] GC(947) Pause Young (Allocation Failure) 325M->12M(989M) 1.874ms
[138.030s][info][gc,cpu         ] GC(947) User=0.00s Sys=0.00s Real=0.00s
[138.210s][info][gc,start       ] GC(948) Pause Young (Allocation Failure)
[138.211s][info][gc,heap        ] GC(948) PSYoungGen: 312864K(313344K)->512K(304128K) Eden: 311808K(311808K)->0K(303616K) From: 1056K(1536K)->512K(512K)
[138.211s][info][gc,heap        ] GC(948) ParOldGen: 12088K(699392K)->12264K(699392K)
[138.211s][info][gc,metaspace   ] GC(948) Metaspace: 14296K(15296K)->14296K(15296K) NonClass: 12336K(12928K)->12336K(12928K) Class: 1960K(2368K)->1960K(2368K)
[138.211s][info][gc             ] GC(948) Pause Young (Allocation Failure) 317M->12M(980M) 1.707ms
[138.211s][info][gc,cpu         ] GC(948) User=0.00s Sys=0.00s Real=0.00s
[138.388s][info][gc,start       ] GC(949) Pause Young (Allocation Failure)
[138.390s][info][gc,heap        ] GC(949) PSYoungGen: 304128K(304128K)->1056K(297472K) Eden: 303616K(303616K)->0K(295936K) From: 512K(512K)->1056K(1536K)
[138.390s][info][gc,heap        ] GC(949) ParOldGen: 12264K(699392K)->12336K(699392K)
[138.390s][info][gc,metaspace   ] GC(949) Metaspace: 14296K(15296K)->14296K(15296K) NonClass: 12336K(12928K)->12336K(12928K) Class: 1960K(2368K)->1960K(2368K)
[138.390s][info][gc             ] GC(949) Pause Young (Allocation Failure) 308M->13M(973M) 1.666ms
[138.390s][info][gc,cpu         ] GC(949) User=0.00s Sys=0.00s Real=0.00s
[138.563s][info][gc,start       ] GC(950) Pause Young (Allocation Failure)
[138.565s][info][gc,heap        ] GC(950) PSYoungGen: 296992K(297472K)->1024K(289280K) Eden: 295936K(295936K)->0K(288256K) From: 1056K(1536K)->1024K(1024K)
[138.565s][info][gc,heap        ] GC(950) ParOldGen: 12336K(699392K)->12456K(699392K)
[138.565s][info][gc,metaspace   ] GC(950) Metaspace: 14296K(15296K)->14296K(15296K) NonClass: 12336K(12928K)->12336K(12928K) Class: 1960K(2368K)->1960K(2368K)
[138.565s][info][gc             ] GC(950) Pause Young (Allocation Failure) 302M->13M(965M) 1.460ms
[138.565s][info][gc,cpu         ] GC(950) User=0.00s Sys=0.00s Real=0.00s
[138.732s][info][gc,start       ] GC(951) Pause Young (Allocation Failure)
[138.733s][info][gc,heap        ] GC(951) PSYoungGen: 289280K(289280K)->1024K(282112K) Eden: 288256K(288256K)->0K(281088K) From: 1024K(1024K)->1024K(1024K)
[138.733s][info][gc,heap        ] GC(951) ParOldGen: 12456K(699392K)->12528K(699392K)
[138.733s][info][gc,metaspace   ] GC(951) Metaspace: 14296K(15296K)->14296K(15296K) NonClass: 12336K(12928K)->12336K(12928K) Class: 1960K(2368K)->1960K(2368K)
[138.733s][info][gc             ] GC(951) Pause Young (Allocation Failure) 294M->13M(958M) 1.530ms
[138.734s][info][gc,cpu         ] GC(951) User=0.00s Sys=0.00s Real=0.00s
[138.897s][info][gc,start       ] GC(952) Pause Young (Allocation Failure)
[138.898s][info][gc,heap        ] GC(952) PSYoungGen: 282112K(282112K)->1024K(274944K) Eden: 281088K(281088K)->0K(273920K) From: 1024K(1024K)->1024K(1024K)
[138.898s][info][gc,heap        ] GC(952) ParOldGen: 12528K(699392K)->12616K(699392K)
[138.898s][info][gc,metaspace   ] GC(952) Metaspace: 14296K(15296K)->14296K(15296K) NonClass: 12336K(12928K)->12336K(12928K) Class: 1960K(2368K)->1960K(2368K)
[138.898s][info][gc             ] GC(952) Pause Young (Allocation Failure) 287M->13M(951M) 1.567ms
[138.898s][info][gc,cpu         ] GC(952) User=0.00s Sys=0.00s Real=0.00s
[139.056s][info][gc,start       ] GC(953) Pause Young (Allocation Failure)
[139.058s][info][gc,heap        ] GC(953) PSYoungGen: 274944K(274944K)->1024K(268288K) Eden: 273920K(273920K)->0K(267264K) From: 1024K(1024K)->1024K(1024K)
[139.058s][info][gc,heap        ] GC(953) ParOldGen: 12616K(699392K)->12672K(699392K)
[139.058s][info][gc,metaspace   ] GC(953) Metaspace: 14296K(15296K)->14296K(15296K) NonClass: 12336K(12928K)->12336K(12928K) Class: 1960K(2368K)->1960K(2368K)
[139.058s][info][gc             ] GC(953) Pause Young (Allocation Failure) 280M->13M(945M) 1.610ms
[139.058s][info][gc,cpu         ] GC(953) User=0.00s Sys=0.00s Real=0.00s
[139.211s][info][gc,start       ] GC(954) Pause Young (Allocation Failure)
[139.213s][info][gc,heap        ] GC(954) PSYoungGen: 268288K(268288K)->1024K(261632K) Eden: 267264K(267264K)->0K(260608K) From: 1024K(1024K)->1024K(1024K)
[139.213s][info][gc,heap        ] GC(954) ParOldGen: 12672K(699392K)->12744K(699392K)
[139.213s][info][gc,metaspace   ] GC(954) Metaspace: 14296K(15296K)->14296K(15296K) NonClass: 12336K(12928K)->12336K(12928K) Class: 1960K(2368K)->1960K(2368K)
[139.213s][info][gc             ] GC(954) Pause Young (Allocation Failure) 274M->13M(938M) 1.598ms
[139.213s][info][gc,cpu         ] GC(954) User=0.00s Sys=0.00s Real=0.00s
[139.365s][info][gc,start       ] GC(955) Pause Young (Allocation Failure)
[139.366s][info][gc,heap        ] GC(955) PSYoungGen: 261632K(261632K)->1056K(256000K) Eden: 260608K(260608K)->0K(254464K) From: 1024K(1024K)->1056K(1536K)
[139.366s][info][gc,heap        ] GC(955) ParOldGen: 12744K(699392K)->12808K(699392K)
[139.366s][info][gc,metaspace   ] GC(955) Metaspace: 14296K(15296K)->14296K(15296K) NonClass: 12336K(12928K)->12336K(12928K) Class: 1960K(2368K)->1960K(2368K)
[139.366s][info][gc             ] GC(955) Pause Young (Allocation Failure) 267M->13M(933M) 1.619ms
[139.366s][info][gc,cpu         ] GC(955) User=0.00s Sys=0.00s Real=0.00s
[139.513s][info][gc,start       ] GC(956) Pause Young (Allocation Failure)
[139.515s][info][gc,heap        ] GC(956) PSYoungGen: 255520K(256000K)->1024K(249344K) Eden: 254464K(254464K)->0K(248320K) From: 1056K(1536K)->1024K(1024K)
[139.515s][info][gc,heap        ] GC(956) ParOldGen: 12808K(699392K)->12880K(699392K)
[139.515s][info][gc,metaspace   ] GC(956) Metaspace: 14296K(15296K)->14296K(15296K) NonClass: 12336K(12928K)->12336K(12928K) Class: 1960K(2368K)->1960K(2368K)
[139.515s][info][gc             ] GC(956) Pause Young (Allocation Failure) 262M->13M(926M) 1.602ms
[139.515s][info][gc,cpu         ] GC(956) User=0.00s Sys=0.00s Real=0.00s
[139.660s][info][gc,start       ] GC(957) Pause Young (Allocation Failure)
[139.662s][info][gc,heap        ] GC(957) PSYoungGen: 249344K(249344K)->1024K(243712K) Eden: 248320K(248320K)->0K(242688K) From: 1024K(1024K)->1024K(1024K)
[139.662s][info][gc,heap        ] GC(957) ParOldGen: 12880K(699392K)->12936K(699392K)
[139.662s][info][gc,metaspace   ] GC(957) Metaspace: 14296K(15296K)->14296K(15296K) NonClass: 12336K(12928K)->12336K(12928K) Class: 1960K(2368K)->1960K(2368K)
[139.662s][info][gc             ] GC(957) Pause Young (Allocation Failure) 256M->13M(921M) 1.673ms
[139.662s][info][gc,cpu         ] GC(957) User=0.00s Sys=0.00s Real=0.00s
[139.804s][info][gc,start       ] GC(958) Pause Young (Allocation Failure)
[139.806s][info][gc,heap        ] GC(958) PSYoungGen: 243712K(243712K)->1024K(238080K) Eden: 242688K(242688K)->0K(237056K) From: 1024K(1024K)->1024K(1024K)
[139.806s][info][gc,heap        ] GC(958) ParOldGen: 12936K(699392K)->13024K(699392K)
[139.806s][info][gc,metaspace   ] GC(958) Metaspace: 14296K(15296K)->14296K(15296K) NonClass: 12336K(12928K)->12336K(12928K) Class: 1960K(2368K)->1960K(2368K)
[139.806s][info][gc             ] GC(958) Pause Young (Allocation Failure) 250M->13M(915M) 1.619ms
[139.806s][info][gc,cpu         ] GC(958) User=0.00s Sys=0.00s Real=0.00s
[139.945s][info][gc,start       ] GC(959) Pause Young (Allocation Failure)
[139.947s][info][gc,heap        ] GC(959) PSYoungGen: 238080K(238080K)->1056K(233472K) Eden: 237056K(237056K)->0K(231936K) From: 1024K(1024K)->1056K(1536K)
[139.947s][info][gc,heap        ] GC(959) ParOldGen: 13024K(699392K)->13064K(699392K)
[139.947s][info][gc,metaspace   ] GC(959) Metaspace: 14296K(15296K)->14296K(15296K) NonClass: 12336K(12928K)->12336K(12928K) Class: 1960K(2368K)->1960K(2368K)
[139.947s][info][gc             ] GC(959) Pause Young (Allocation Failure) 245M->13M(911M) 1.689ms
[139.947s][info][gc,cpu         ] GC(959) User=0.00s Sys=0.00s Real=0.00s
[140.088s][info][gc,start       ] GC(960) Pause Young (Allocation Failure)
[140.090s][info][gc,heap        ] GC(960) PSYoungGen: 232992K(233472K)->1024K(279552K) Eden: 231936K(231936K)->0K(278528K) From: 1056K(1536K)->1024K(1024K)
[140.090s][info][gc,heap        ] GC(960) ParOldGen: 13064K(699392K)->13104K(699392K)
[140.090s][info][gc,metaspace   ] GC(960) Metaspace: 14296K(15296K)->14296K(15296K) NonClass: 12336K(12928K)->12336K(12928K) Class: 1960K(2368K)->1960K(2368K)
[140.090s][info][gc             ] GC(960) Pause Young (Allocation Failure) 240M->13M(956M) 1.656ms
[140.090s][info][gc,cpu         ] GC(960) User=0.00s Sys=0.00s Real=0.00s
[140.270s][info][gc,start       ] GC(961) Pause Young (Allocation Failure)
[140.272s][info][gc,heap        ] GC(961) PSYoungGen: 279552K(279552K)->1024K(272384K) Eden: 278528K(278528K)->0K(271360K) From: 1024K(1024K)->1024K(1024K)
[140.272s][info][gc,heap        ] GC(961) ParOldGen: 13104K(699392K)->13160K(699392K)
[140.272s][info][gc,metaspace   ] GC(961) Metaspace: 14296K(15296K)->14296K(15296K) NonClass: 12336K(12928K)->12336K(12928K) Class: 1960K(2368K)->1960K(2368K)
[140.272s][info][gc             ] GC(961) Pause Young (Allocation Failure) 285M->13M(949M) 1.710ms
[140.272s][info][gc,cpu         ] GC(961) User=0.00s Sys=0.00s Real=0.00s
[140.464s][info][gc,start       ] GC(962) Pause Young (Allocation Failure)
[140.466s][info][gc,heap        ] GC(962) PSYoungGen: 272384K(272384K)->928K(265728K) Eden: 271360K(271360K)->0K(264704K) From: 1024K(1024K)->928K(1024K)
[140.466s][info][gc,heap        ] GC(962) ParOldGen: 13160K(699392K)->13240K(699392K)
[140.466s][info][gc,metaspace   ] GC(962) Metaspace: 14296K(15296K)->14296K(15296K) NonClass: 12336K(12928K)->12336K(12928K) Class: 1960K(2368K)->1960K(2368K)
[140.466s][info][gc             ] GC(962) Pause Young (Allocation Failure) 278M->13M(942M) 1.767ms
[140.466s][info][gc,cpu         ] GC(962) User=0.00s Sys=0.00s Real=0.00s
[140.612s][info][gc,start       ] GC(963) Pause Young (Allocation Failure)
[140.614s][info][gc,heap        ] GC(963) PSYoungGen: 265632K(265728K)->864K(259584K) Eden: 264704K(264704K)->0K(258560K) From: 928K(1024K)->864K(1024K)
[140.614s][info][gc,heap        ] GC(963) ParOldGen: 13240K(699392K)->13296K(699392K)
[140.614s][info][gc,metaspace   ] GC(963) Metaspace: 14296K(15296K)->14296K(15296K) NonClass: 12336K(12928K)->12336K(12928K) Class: 1960K(2368K)->1960K(2368K)
[140.614s][info][gc             ] GC(963) Pause Young (Allocation Failure) 272M->13M(936M) 1.810ms
[140.614s][info][gc,cpu         ] GC(963) User=0.00s Sys=0.00s Real=0.00s
[140.740s][info][gc,start       ] GC(964) Pause Young (Allocation Failure)
[140.742s][info][gc,heap        ] GC(964) PSYoungGen: 259424K(259584K)->768K(311296K) Eden: 258560K(258560K)->0K(310272K) From: 864K(1024K)->768K(1024K)
[140.742s][info][gc,heap        ] GC(964) ParOldGen: 13296K(699392K)->13384K(699392K)
[140.742s][info][gc,metaspace   ] GC(964) Metaspace: 14296K(15296K)->14296K(15296K) NonClass: 12336K(12928K)->12336K(12928K) Class: 1960K(2368K)->1960K(2368K)
[140.742s][info][gc             ] GC(964) Pause Young (Allocation Failure) 266M->13M(987M) 1.710ms
[140.742s][info][gc,cpu         ] GC(964) User=0.00s Sys=0.00s Real=0.00s
[140.821s][info][gc,start       ] GC(965) Pause Young (System.gc())
[140.823s][info][gc,heap        ] GC(965) PSYoungGen: 76258K(311296K)->256K(310784K) Eden: 75490K(310272K)->0K(310272K) From: 768K(1024K)->256K(512K)
[140.823s][info][gc,heap        ] GC(965) ParOldGen: 13384K(699392K)->13432K(699392K)
[140.823s][info][gc,metaspace   ] GC(965) Metaspace: 14296K(15296K)->14296K(15296K) NonClass: 12336K(12928K)->12336K(12928K) Class: 1960K(2368K)->1960K(2368K)
[140.823s][info][gc             ] GC(965) Pause Young (System.gc()) 87M->13M(986M) 1.871ms
[140.823s][info][gc,cpu         ] GC(965) User=0.00s Sys=0.00s Real=0.00s
[140.823s][info][gc,start       ] GC(966) Pause Full (System.gc())
[140.823s][info][gc,phases,start] GC(966) Marking Phase
[140.834s][info][gc,phases      ] GC(966) Marking Phase 10.774ms
[140.834s][info][gc,phases,start] GC(966) Summary Phase
[140.834s][info][gc,phases      ] GC(966) Summary Phase 0.013ms
[140.834s][info][gc,phases,start] GC(966) Adjust Roots
[140.838s][info][gc,phases      ] GC(966) Adjust Roots 4.220ms
[140.838s][info][gc,phases,start] GC(966) Compaction Phase
[140.840s][info][gc,phases      ] GC(966) Compaction Phase 1.445ms
[140.840s][info][gc,phases,start] GC(966) Post Compact
[140.840s][info][gc,phases      ] GC(966) Post Compact 0.274ms
[140.840s][info][gc,heap        ] GC(966) PSYoungGen: 256K(310784K)->0K(310784K) Eden: 0K(310272K)->0K(310272K) From: 256K(512K)->0K(512K)
[140.840s][info][gc,heap        ] GC(966) ParOldGen: 13432K(699392K)->5373K(699392K)
[140.840s][info][gc,metaspace   ] GC(966) Metaspace: 14296K(15296K)->14296K(15296K) NonClass: 12336K(12928K)->12336K(12928K) Class: 1960K(2368K)->1960K(2368K)
[140.840s][info][gc             ] GC(966) Pause Full (System.gc()) 13M->5M(986M) 16.900ms
[140.840s][info][gc,cpu         ] GC(966) User=0.38s Sys=0.00s Real=0.02s
[141.039s][info][gc,start       ] GC(967) Pause Young (Allocation Failure)
[141.042s][info][gc,heap        ] GC(967) PSYoungGen: 310272K(310784K)->1536K(334848K) Eden: 310272K(310272K)->0K(333312K) From: 0K(512K)->1536K(1536K)
[141.042s][info][gc,heap        ] GC(967) ParOldGen: 5373K(699392K)->5707K(699392K)
[141.042s][info][gc,metaspace   ] GC(967) Metaspace: 14296K(15296K)->14296K(15296K) NonClass: 12336K(12928K)->12336K(12928K) Class: 1960K(2368K)->1960K(2368K)
[141.042s][info][gc             ] GC(967) Pause Young (Allocation Failure) 308M->7M(1010M) 2.645ms
[141.042s][info][gc,cpu         ] GC(967) User=0.00s Sys=0.00s Real=0.00s
[141.243s][info][gc,start       ] GC(968) Pause Young (Allocation Failure)
[141.245s][info][gc,heap        ] GC(968) PSYoungGen: 334848K(334848K)->1056K(335360K) Eden: 333312K(333312K)->0K(333312K) From: 1536K(1536K)->1056K(2048K)
[141.245s][info][gc,heap        ] GC(968) ParOldGen: 5707K(699392K)->7032K(699392K)
[141.245s][info][gc,metaspace   ] GC(968) Metaspace: 14296K(15296K)->14296K(15296K) NonClass: 12336K(12928K)->12336K(12928K) Class: 1960K(2368K)->1960K(2368K)
[141.245s][info][gc             ] GC(968) Pause Young (Allocation Failure) 332M->7M(1010M) 2.084ms
[141.245s][info][gc,cpu         ] GC(968) User=0.00s Sys=0.00s Real=0.00s
[141.446s][info][gc,start       ] GC(969) Pause Young (Allocation Failure)
[141.448s][info][gc,heap        ] GC(969) PSYoungGen: 334368K(335360K)->1056K(347136K) Eden: 333312K(333312K)->0K(345600K) From: 1056K(2048K)->1056K(1536K)
[141.448s][info][gc,heap        ] GC(969) ParOldGen: 7032K(699392K)->7128K(699392K)
[141.448s][info][gc,metaspace   ] GC(969) Metaspace: 14296K(15296K)->14296K(15296K) NonClass: 12336K(12928K)->12336K(12928K) Class: 1960K(2368K)->1960K(2368K)
[141.448s][info][gc             ] GC(969) Pause Young (Allocation Failure) 333M->7M(1022M) 1.996ms
[141.448s][info][gc,cpu         ] GC(969) User=0.00s Sys=0.00s Real=0.00s
[141.776s][info][gc,start       ] GC(970) Pause Young (Allocation Failure)
[141.779s][info][gc,heap        ] GC(970) PSYoungGen: 346656K(347136K)->1056K(337408K) Eden: 345600K(345600K)->0K(335872K) From: 1056K(1536K)->1056K(1536K)
[141.779s][info][gc,heap        ] GC(970) ParOldGen: 7128K(699392K)->7176K(699392K)
[141.779s][info][gc,metaspace   ] GC(970) Metaspace: 14296K(15296K)->14296K(15296K) NonClass: 12336K(12928K)->12336K(12928K) Class: 1960K(2368K)->1960K(2368K)
[141.779s][info][gc             ] GC(970) Pause Young (Allocation Failure) 345M->8M(1012M) 2.780ms
[141.779s][info][gc,cpu         ] GC(970) User=0.00s Sys=0.00s Real=0.00s
[141.986s][info][gc,start       ] GC(971) Pause Young (Allocation Failure)
[141.994s][info][gc,heap        ] GC(971) PSYoungGen: 336928K(337408K)->512K(327168K) Eden: 335872K(335872K)->0K(326656K) From: 1056K(1536K)->512K(512K)
[141.994s][info][gc,heap        ] GC(971) ParOldGen: 7176K(699392K)->7376K(699392K)
[141.994s][info][gc,metaspace   ] GC(971) Metaspace: 14296K(15296K)->14296K(15296K) NonClass: 12336K(12928K)->12336K(12928K) Class: 1960K(2368K)->1960K(2368K)
[141.994s][info][gc             ] GC(971) Pause Young (Allocation Failure) 336M->7M(1002M) 7.841ms
[141.994s][info][gc,cpu         ] GC(971) User=0.00s Sys=0.00s Real=0.01s
[142.192s][info][gc,start       ] GC(972) Pause Young (Allocation Failure)
[142.194s][info][gc,heap        ] GC(972) PSYoungGen: 327168K(327168K)->1024K(319488K) Eden: 326656K(326656K)->0K(317952K) From: 512K(512K)->1024K(1536K)
[142.194s][info][gc,heap        ] GC(972) ParOldGen: 7376K(699392K)->7400K(699392K)
[142.194s][info][gc,metaspace   ] GC(972) Metaspace: 14296K(15296K)->14296K(15296K) NonClass: 12336K(12928K)->12336K(12928K) Class: 1960K(2368K)->1960K(2368K)
[142.194s][info][gc             ] GC(972) Pause Young (Allocation Failure) 326M->8M(995M) 1.629ms
[142.194s][info][gc,cpu         ] GC(972) User=0.00s Sys=0.00s Real=0.00s
[142.386s][info][gc,start       ] GC(973) Pause Young (Allocation Failure)
[142.387s][info][gc,heap        ] GC(973) PSYoungGen: 318976K(319488K)->1024K(310272K) Eden: 317952K(317952K)->0K(309248K) From: 1024K(1536K)->1024K(1024K)
[142.387s][info][gc,heap        ] GC(973) ParOldGen: 7400K(699392K)->7480K(699392K)
[142.387s][info][gc,metaspace   ] GC(973) Metaspace: 14296K(15296K)->14296K(15296K) NonClass: 12336K(12928K)->12336K(12928K) Class: 1960K(2368K)->1960K(2368K)
[142.387s][info][gc             ] GC(973) Pause Young (Allocation Failure) 318M->8M(986M) 1.607ms
[142.387s][info][gc,cpu         ] GC(973) User=0.00s Sys=0.00s Real=0.00s
[142.572s][info][gc,start       ] GC(974) Pause Young (Allocation Failure)
[142.573s][info][gc,heap        ] GC(974) PSYoungGen: 310272K(310272K)->1024K(302080K) Eden: 309248K(309248K)->0K(301056K) From: 1024K(1024K)->1024K(1024K)
[142.573s][info][gc,heap        ] GC(974) ParOldGen: 7480K(699392K)->7600K(699392K)
[142.573s][info][gc,metaspace   ] GC(974) Metaspace: 14296K(15296K)->14296K(15296K) NonClass: 12336K(12928K)->12336K(12928K) Class: 1960K(2368K)->1960K(2368K)
[142.573s][info][gc             ] GC(974) Pause Young (Allocation Failure) 310M->8M(978M) 1.639ms
[142.573s][info][gc,cpu         ] GC(974) User=0.00s Sys=0.00s Real=0.00s
[142.753s][info][gc,start       ] GC(975) Pause Young (Allocation Failure)
[142.754s][info][gc,heap        ] GC(975) PSYoungGen: 302080K(302080K)->1024K(294400K) Eden: 301056K(301056K)->0K(293376K) From: 1024K(1024K)->1024K(1024K)
[142.754s][info][gc,heap        ] GC(975) ParOldGen: 7600K(699392K)->7664K(699392K)
[142.755s][info][gc,metaspace   ] GC(975) Metaspace: 14296K(15296K)->14296K(15296K) NonClass: 12336K(12928K)->12336K(12928K) Class: 1960K(2368K)->1960K(2368K)
[142.755s][info][gc             ] GC(975) Pause Young (Allocation Failure) 302M->8M(970M) 1.530ms
[142.755s][info][gc,cpu         ] GC(975) User=0.00s Sys=0.00s Real=0.00s
[142.929s][info][gc,start       ] GC(976) Pause Young (Allocation Failure)
[142.930s][info][gc,heap        ] GC(976) PSYoungGen: 294400K(294400K)->1024K(286720K) Eden: 293376K(293376K)->0K(285696K) From: 1024K(1024K)->1024K(1024K)
[142.930s][info][gc,heap        ] GC(976) ParOldGen: 7664K(699392K)->7728K(699392K)
[142.931s][info][gc,metaspace   ] GC(976) Metaspace: 14296K(15296K)->14296K(15296K) NonClass: 12336K(12928K)->12336K(12928K) Class: 1960K(2368K)->1960K(2368K)
[142.931s][info][gc             ] GC(976) Pause Young (Allocation Failure) 294M->8M(963M) 1.558ms
[142.931s][info][gc,cpu         ] GC(976) User=0.00s Sys=0.00s Real=0.00s
[143.100s][info][gc,start       ] GC(977) Pause Young (Allocation Failure)
[143.101s][info][gc,heap        ] GC(977) PSYoungGen: 286720K(286720K)->1024K(279552K) Eden: 285696K(285696K)->0K(278528K) From: 1024K(1024K)->1024K(1024K)
[143.101s][info][gc,heap        ] GC(977) ParOldGen: 7728K(699392K)->7832K(699392K)
[143.101s][info][gc,metaspace   ] GC(977) Metaspace: 14296K(15296K)->14296K(15296K) NonClass: 12336K(12928K)->12336K(12928K) Class: 1960K(2368K)->1960K(2368K)
[143.101s][info][gc             ] GC(977) Pause Young (Allocation Failure) 287M->8M(956M) 1.586ms
[143.101s][info][gc,cpu         ] GC(977) User=0.00s Sys=0.00s Real=0.00s
[143.266s][info][gc,start       ] GC(978) Pause Young (Allocation Failure)
[143.267s][info][gc,heap        ] GC(978) PSYoungGen: 279552K(279552K)->1024K(272384K) Eden: 278528K(278528K)->0K(271360K) From: 1024K(1024K)->1024K(1024K)
[143.267s][info][gc,heap        ] GC(978) ParOldGen: 7832K(699392K)->7880K(699392K)
[143.267s][info][gc,metaspace   ] GC(978) Metaspace: 14296K(15296K)->14296K(15296K) NonClass: 12336K(12928K)->12336K(12928K) Class: 1960K(2368K)->1960K(2368K)
[143.267s][info][gc             ] GC(978) Pause Young (Allocation Failure) 280M->8M(949M) 1.637ms
[143.267s][info][gc,cpu         ] GC(978) User=0.00s Sys=0.00s Real=0.00s
[143.427s][info][gc,start       ] GC(979) Pause Young (Allocation Failure)
[143.428s][info][gc,heap        ] GC(979) PSYoungGen: 272384K(272384K)->1024K(265728K) Eden: 271360K(271360K)->0K(264704K) From: 1024K(1024K)->1024K(1024K)
[143.428s][info][gc,heap        ] GC(979) ParOldGen: 7880K(699392K)->7928K(699392K)
[143.428s][info][gc,metaspace   ] GC(979) Metaspace: 14296K(15296K)->14296K(15296K) NonClass: 12336K(12928K)->12336K(12928K) Class: 1960K(2368K)->1960K(2368K)
[143.428s][info][gc             ] GC(979) Pause Young (Allocation Failure) 273M->8M(942M) 1.653ms
[143.428s][info][gc,cpu         ] GC(979) User=0.00s Sys=0.00s Real=0.00s
[143.585s][info][gc,start       ] GC(980) Pause Young (Allocation Failure)
[143.587s][info][gc,heap        ] GC(980) PSYoungGen: 265728K(265728K)->1024K(259584K) Eden: 264704K(264704K)->0K(258560K) From: 1024K(1024K)->1024K(1024K)
[143.587s][info][gc,heap        ] GC(980) ParOldGen: 7928K(699392K)->8000K(699392K)
[143.587s][info][gc,metaspace   ] GC(980) Metaspace: 14296K(15296K)->14296K(15296K) NonClass: 12336K(12928K)->12336K(12928K) Class: 1960K(2368K)->1960K(2368K)
[143.587s][info][gc             ] GC(980) Pause Young (Allocation Failure) 267M->8M(936M) 1.684ms
[143.587s][info][gc,cpu         ] GC(980) User=0.00s Sys=0.00s Real=0.00s
[143.739s][info][gc,start       ] GC(981) Pause Young (Allocation Failure)
[143.741s][info][gc,heap        ] GC(981) PSYoungGen: 259584K(259584K)->1056K(253952K) Eden: 258560K(258560K)->0K(252416K) From: 1024K(1024K)->1056K(1536K)
[143.741s][info][gc,heap        ] GC(981) ParOldGen: 8000K(699392K)->8088K(699392K)
[143.741s][info][gc,metaspace   ] GC(981) Metaspace: 14296K(15296K)->14296K(15296K) NonClass: 12336K(12928K)->12336K(12928K) Class: 1960K(2368K)->1960K(2368K)
[143.741s][info][gc             ] GC(981) Pause Young (Allocation Failure) 261M->8M(931M) 1.704ms
[143.741s][info][gc,cpu         ] GC(981) User=0.00s Sys=0.00s Real=0.00s
[143.889s][info][gc,start       ] GC(982) Pause Young (Allocation Failure)
[143.891s][info][gc,heap        ] GC(982) PSYoungGen: 253472K(253952K)->1024K(247296K) Eden: 252416K(252416K)->0K(246272K) From: 1056K(1536K)->1024K(1024K)
[143.891s][info][gc,heap        ] GC(982) ParOldGen: 8088K(699392K)->8144K(699392K)
[143.891s][info][gc,metaspace   ] GC(982) Metaspace: 14296K(15296K)->14296K(15296K) NonClass: 12336K(12928K)->12336K(12928K) Class: 1960K(2368K)->1960K(2368K)
[143.891s][info][gc             ] GC(982) Pause Young (Allocation Failure) 255M->8M(924M) 1.774ms
[143.891s][info][gc,cpu         ] GC(982) User=0.52s Sys=0.00s Real=0.00s
[144.036s][info][gc,start       ] GC(983) Pause Young (Allocation Failure)
[144.038s][info][gc,heap        ] GC(983) PSYoungGen: 247296K(247296K)->1024K(241664K) Eden: 246272K(246272K)->0K(240640K) From: 1024K(1024K)->1024K(1024K)
[144.038s][info][gc,heap        ] GC(983) ParOldGen: 8144K(699392K)->8208K(699392K)
[144.038s][info][gc,metaspace   ] GC(983) Metaspace: 14296K(15296K)->14296K(15296K) NonClass: 12336K(12928K)->12336K(12928K) Class: 1960K(2368K)->1960K(2368K)
[144.038s][info][gc             ] GC(983) Pause Young (Allocation Failure) 249M->9M(919M) 1.669ms
[144.038s][info][gc,cpu         ] GC(983) User=0.00s Sys=0.00s Real=0.00s
[144.182s][info][gc,start       ] GC(984) Pause Young (Allocation Failure)
[144.183s][info][gc,heap        ] GC(984) PSYoungGen: 241664K(241664K)->1024K(236032K) Eden: 240640K(240640K)->0K(235008K) From: 1024K(1024K)->1024K(1024K)
[144.183s][info][gc,heap        ] GC(984) ParOldGen: 8208K(699392K)->8280K(699392K)
[144.183s][info][gc,metaspace   ] GC(984) Metaspace: 14296K(15296K)->14296K(15296K) NonClass: 12336K(12928K)->12336K(12928K) Class: 1960K(2368K)->1960K(2368K)
[144.183s][info][gc             ] GC(984) Pause Young (Allocation Failure) 244M->9M(913M) 1.771ms
[144.184s][info][gc,cpu         ] GC(984) User=0.00s Sys=0.00s Real=0.00s
[144.323s][info][gc,start       ] GC(985) Pause Young (Allocation Failure)
[144.325s][info][gc,heap        ] GC(985) PSYoungGen: 236032K(236032K)->1024K(283136K) Eden: 235008K(235008K)->0K(282112K) From: 1024K(1024K)->1024K(1024K)
[144.325s][info][gc,heap        ] GC(985) ParOldGen: 8280K(699392K)->8336K(699392K)
[144.325s][info][gc,metaspace   ] GC(985) Metaspace: 14296K(15296K)->14296K(15296K) NonClass: 12336K(12928K)->12336K(12928K) Class: 1960K(2368K)->1960K(2368K)
[144.325s][info][gc             ] GC(985) Pause Young (Allocation Failure) 238M->9M(959M) 1.832ms
[144.325s][info][gc,cpu         ] GC(985) User=0.00s Sys=0.00s Real=0.00s
[144.491s][info][gc,start       ] GC(986) Pause Young (Allocation Failure)
[144.493s][info][gc,heap        ] GC(986) PSYoungGen: 283136K(283136K)->1024K(339968K) Eden: 282112K(282112K)->0K(338432K) From: 1024K(1024K)->1024K(1536K)
[144.493s][info][gc,heap        ] GC(986) ParOldGen: 8336K(699392K)->8384K(699392K)
[144.493s][info][gc,metaspace   ] GC(986) Metaspace: 14296K(15296K)->14296K(15296K) NonClass: 12336K(12928K)->12336K(12928K) Class: 1960K(2368K)->1960K(2368K)
[144.493s][info][gc             ] GC(986) Pause Young (Allocation Failure) 284M->9M(1015M) 1.786ms
[144.493s][info][gc,cpu         ] GC(986) User=0.00s Sys=0.00s Real=0.00s
[144.694s][info][gc,start       ] GC(987) Pause Young (Allocation Failure)
[144.695s][info][gc,heap        ] GC(987) PSYoungGen: 339456K(339968K)->1024K(330240K) Eden: 338432K(338432K)->0K(329216K) From: 1024K(1536K)->1024K(1024K)
[144.696s][info][gc,heap        ] GC(987) ParOldGen: 8384K(699392K)->8464K(699392K)
[144.696s][info][gc,metaspace   ] GC(987) Metaspace: 14296K(15296K)->14296K(15296K) NonClass: 12336K(12928K)->12336K(12928K) Class: 1960K(2368K)->1960K(2368K)
[144.696s][info][gc             ] GC(987) Pause Young (Allocation Failure) 339M->9M(1005M) 1.905ms
[144.696s][info][gc,cpu         ] GC(987) User=0.00s Sys=0.00s Real=0.00s
[144.889s][info][gc,start       ] GC(988) Pause Young (Allocation Failure)
[144.891s][info][gc,heap        ] GC(988) PSYoungGen: 330240K(330240K)->992K(321536K) Eden: 329216K(329216K)->0K(320512K) From: 1024K(1024K)->992K(1024K)
[144.891s][info][gc,heap        ] GC(988) ParOldGen: 8464K(699392K)->8552K(699392K)
[144.891s][info][gc,metaspace   ] GC(988) Metaspace: 14296K(15296K)->14296K(15296K) NonClass: 12336K(12928K)->12336K(12928K) Class: 1960K(2368K)->1960K(2368K)
[144.891s][info][gc             ] GC(988) Pause Young (Allocation Failure) 330M->9M(997M) 2.009ms
[144.891s][info][gc,cpu         ] GC(988) User=0.52s Sys=0.00s Real=0.00s
[145.080s][info][gc,start       ] GC(989) Pause Young (Allocation Failure)
[145.082s][info][gc,heap        ] GC(989) PSYoungGen: 321504K(321536K)->1024K(312832K) Eden: 320512K(320512K)->0K(311808K) From: 992K(1024K)->1024K(1024K)
[145.082s][info][gc,heap        ] GC(989) ParOldGen: 8552K(699392K)->8648K(699392K)
[145.082s][info][gc,metaspace   ] GC(989) Metaspace: 14296K(15296K)->14296K(15296K) NonClass: 12336K(12928K)->12336K(12928K) Class: 1960K(2368K)->1960K(2368K)
[145.082s][info][gc             ] GC(989) Pause Young (Allocation Failure) 322M->9M(988M) 1.978ms
[145.082s][info][gc,cpu         ] GC(989) User=0.00s Sys=0.00s Real=0.00s
[145.267s][info][gc,start       ] GC(990) Pause Young (Allocation Failure)
[145.269s][info][gc,heap        ] GC(990) PSYoungGen: 312832K(312832K)->1024K(304640K) Eden: 311808K(311808K)->0K(303616K) From: 1024K(1024K)->1024K(1024K)
[145.269s][info][gc,heap        ] GC(990) ParOldGen: 8648K(699392K)->8720K(699392K)
[145.269s][info][gc,metaspace   ] GC(990) Metaspace: 14296K(15296K)->14296K(15296K) NonClass: 12336K(12928K)->12336K(12928K) Class: 1960K(2368K)->1960K(2368K)
[145.269s][info][gc             ] GC(990) Pause Young (Allocation Failure) 313M->9M(980M) 2.044ms
[145.269s][info][gc,cpu         ] GC(990) User=0.00s Sys=0.00s Real=0.00s
[145.450s][info][gc,start       ] GC(991) Pause Young (Allocation Failure)
[145.452s][info][gc,heap        ] GC(991) PSYoungGen: 304640K(304640K)->1024K(296960K) Eden: 303616K(303616K)->0K(295936K) From: 1024K(1024K)->1024K(1024K)
[145.452s][info][gc,heap        ] GC(991) ParOldGen: 8720K(699392K)->8800K(699392K)
[145.452s][info][gc,metaspace   ] GC(991) Metaspace: 14296K(15296K)->14296K(15296K) NonClass: 12336K(12928K)->12336K(12928K) Class: 1960K(2368K)->1960K(2368K)
[145.452s][info][gc             ] GC(991) Pause Young (Allocation Failure) 306M->9M(973M) 2.042ms
[145.452s][info][gc,cpu         ] GC(991) User=0.00s Sys=0.00s Real=0.00s
[145.721s][info][gc,start       ] GC(992) Pause Young (Allocation Failure)
[145.724s][info][gc,heap        ] GC(992) PSYoungGen: 296960K(296960K)->1024K(289280K) Eden: 295936K(295936K)->0K(288256K) From: 1024K(1024K)->1024K(1024K)
[145.724s][info][gc,heap        ] GC(992) ParOldGen: 8800K(699392K)->8872K(699392K)
[145.724s][info][gc,metaspace   ] GC(992) Metaspace: 14296K(15296K)->14296K(15296K) NonClass: 12336K(12928K)->12336K(12928K) Class: 1960K(2368K)->1960K(2368K)
[145.724s][info][gc             ] GC(992) Pause Young (Allocation Failure) 298M->9M(965M) 2.854ms
[145.724s][info][gc,cpu         ] GC(992) User=0.00s Sys=0.00s Real=0.00s
[145.902s][info][gc,start       ] GC(993) Pause Young (Allocation Failure)
[145.904s][info][gc,heap        ] GC(993) PSYoungGen: 289280K(289280K)->992K(282112K) Eden: 288256K(288256K)->0K(281088K) From: 1024K(1024K)->992K(1024K)
[145.904s][info][gc,heap        ] GC(993) ParOldGen: 8872K(699392K)->8976K(699392K)
[145.904s][info][gc,metaspace   ] GC(993) Metaspace: 14296K(15296K)->14296K(15296K) NonClass: 12336K(12928K)->12336K(12928K) Class: 1960K(2368K)->1960K(2368K)
[145.904s][info][gc             ] GC(993) Pause Young (Allocation Failure) 291M->9M(958M) 1.920ms
[145.904s][info][gc,cpu         ] GC(993) User=0.00s Sys=0.00s Real=0.00s
[146.070s][info][gc,start       ] GC(994) Pause Young (Allocation Failure)
[146.072s][info][gc,heap        ] GC(994) PSYoungGen: 282080K(282112K)->1056K(275456K) Eden: 281088K(281088K)->0K(273920K) From: 992K(1024K)->1056K(1536K)
[146.072s][info][gc,heap        ] GC(994) ParOldGen: 8976K(699392K)->9048K(699392K)
[146.072s][info][gc,metaspace   ] GC(994) Metaspace: 14296K(15296K)->14296K(15296K) NonClass: 12336K(12928K)->12336K(12928K) Class: 1960K(2368K)->1960K(2368K)
[146.072s][info][gc             ] GC(994) Pause Young (Allocation Failure) 284M->9M(952M) 1.836ms
[146.072s][info][gc,cpu         ] GC(994) User=0.00s Sys=0.00s Real=0.00s
[146.236s][info][gc,start       ] GC(995) Pause Young (Allocation Failure)
[146.238s][info][gc,heap        ] GC(995) PSYoungGen: 274976K(275456K)->1024K(268288K) Eden: 273920K(273920K)->0K(267264K) From: 1056K(1536K)->1024K(1024K)
[146.238s][info][gc,heap        ] GC(995) ParOldGen: 9048K(699392K)->9160K(699392K)
[146.238s][info][gc,metaspace   ] GC(995) Metaspace: 14296K(15296K)->14296K(15296K) NonClass: 12336K(12928K)->12336K(12928K) Class: 1960K(2368K)->1960K(2368K)
[146.238s][info][gc             ] GC(995) Pause Young (Allocation Failure) 277M->9M(945M) 1.531ms
[146.238s][info][gc,cpu         ] GC(995) User=0.00s Sys=0.00s Real=0.00s
[146.395s][info][gc,start       ] GC(996) Pause Young (Allocation Failure)
[146.396s][info][gc,heap        ] GC(996) PSYoungGen: 268288K(268288K)->1024K(261632K) Eden: 267264K(267264K)->0K(260608K) From: 1024K(1024K)->1024K(1024K)
[146.396s][info][gc,heap        ] GC(996) ParOldGen: 9160K(699392K)->9240K(699392K)
[146.396s][info][gc,metaspace   ] GC(996) Metaspace: 14296K(15296K)->14296K(15296K) NonClass: 12336K(12928K)->12336K(12928K) Class: 1960K(2368K)->1960K(2368K)
[146.396s][info][gc             ] GC(996) Pause Young (Allocation Failure) 270M->10M(938M) 1.553ms
[146.396s][info][gc,cpu         ] GC(996) User=0.00s Sys=0.00s Real=0.00s
[146.550s][info][gc,start       ] GC(997) Pause Young (Allocation Failure)
[146.552s][info][gc,heap        ] GC(997) PSYoungGen: 261632K(261632K)->1024K(255488K) Eden: 260608K(260608K)->0K(254464K) From: 1024K(1024K)->1024K(1024K)
[146.552s][info][gc,heap        ] GC(997) ParOldGen: 9240K(699392K)->9312K(699392K)
[146.552s][info][gc,metaspace   ] GC(997) Metaspace: 14296K(15296K)->14296K(15296K) NonClass: 12336K(12928K)->12336K(12928K) Class: 1960K(2368K)->1960K(2368K)
[146.552s][info][gc             ] GC(997) Pause Young (Allocation Failure) 264M->10M(932M) 1.598ms
[146.552s][info][gc,cpu         ] GC(997) User=0.00s Sys=0.00s Real=0.00s
[146.703s][info][gc,start       ] GC(998) Pause Young (Allocation Failure)
[146.704s][info][gc,heap        ] GC(998) PSYoungGen: 255488K(255488K)->1024K(249344K) Eden: 254464K(254464K)->0K(248320K) From: 1024K(1024K)->1024K(1024K)
[146.704s][info][gc,heap        ] GC(998) ParOldGen: 9312K(699392K)->9376K(699392K)
[146.704s][info][gc,metaspace   ] GC(998) Metaspace: 14296K(15296K)->14296K(15296K) NonClass: 12336K(12928K)->12336K(12928K) Class: 1960K(2368K)->1960K(2368K)
[146.704s][info][gc             ] GC(998) Pause Young (Allocation Failure) 258M->10M(926M) 1.596ms
[146.704s][info][gc,cpu         ] GC(998) User=0.36s Sys=0.02s Real=0.00s
[146.853s][info][gc,start       ] GC(999) Pause Young (Allocation Failure)
[146.855s][info][gc,heap        ] GC(999) PSYoungGen: 249344K(249344K)->1024K(243712K) Eden: 248320K(248320K)->0K(242688K) From: 1024K(1024K)->1024K(1024K)
[146.855s][info][gc,heap        ] GC(999) ParOldGen: 9376K(699392K)->9440K(699392K)
[146.855s][info][gc,metaspace   ] GC(999) Metaspace: 14296K(15296K)->14296K(15296K) NonClass: 12336K(12928K)->12336K(12928K) Class: 1960K(2368K)->1960K(2368K)
[146.855s][info][gc             ] GC(999) Pause Young (Allocation Failure) 252M->10M(921M) 1.603ms
[146.855s][info][gc,cpu         ] GC(999) User=0.00s Sys=0.00s Real=0.00s
[146.998s][info][gc,start       ] GC(1000) Pause Young (Allocation Failure)
[146.999s][info][gc,heap        ] GC(1000) PSYoungGen: 243712K(243712K)->1024K(238080K) Eden: 242688K(242688K)->0K(237056K) From: 1024K(1024K)->1024K(1024K)
[146.999s][info][gc,heap        ] GC(1000) ParOldGen: 9440K(699392K)->9496K(699392K)
[147.000s][info][gc,metaspace   ] GC(1000) Metaspace: 14296K(15296K)->14296K(15296K) NonClass: 12336K(12928K)->12336K(12928K) Class: 1960K(2368K)->1960K(2368K)
[147.000s][info][gc             ] GC(1000) Pause Young (Allocation Failure) 247M->10M(915M) 1.649ms
[147.000s][info][gc,cpu         ] GC(1000) User=0.00s Sys=0.02s Real=0.00s
[147.140s][info][gc,start       ] GC(1001) Pause Young (Allocation Failure)
[147.141s][info][gc,heap        ] GC(1001) PSYoungGen: 238080K(238080K)->1024K(232960K) Eden: 237056K(237056K)->0K(231936K) From: 1024K(1024K)->1024K(1024K)
[147.141s][info][gc,heap        ] GC(1001) ParOldGen: 9496K(699392K)->9568K(699392K)
[147.141s][info][gc,metaspace   ] GC(1001) Metaspace: 14296K(15296K)->14296K(15296K) NonClass: 12336K(12928K)->12336K(12928K) Class: 1960K(2368K)->1960K(2368K)
[147.141s][info][gc             ] GC(1001) Pause Young (Allocation Failure) 241M->10M(910M) 1.669ms
[147.141s][info][gc,cpu         ] GC(1001) User=0.52s Sys=0.00s Real=0.00s
[147.279s][info][gc,start       ] GC(1002) Pause Young (Allocation Failure)
[147.281s][info][gc,heap        ] GC(1002) PSYoungGen: 232960K(232960K)->1024K(227840K) Eden: 231936K(231936K)->0K(226816K) From: 1024K(1024K)->1024K(1024K)
[147.281s][info][gc,heap        ] GC(1002) ParOldGen: 9568K(699392K)->9624K(699392K)
[147.281s][info][gc,metaspace   ] GC(1002) Metaspace: 14296K(15296K)->14296K(15296K) NonClass: 12336K(12928K)->12336K(12928K) Class: 1960K(2368K)->1960K(2368K)
[147.281s][info][gc             ] GC(1002) Pause Young (Allocation Failure) 236M->10M(905M) 1.679ms
[147.281s][info][gc,cpu         ] GC(1002) User=0.00s Sys=0.00s Real=0.00s
[147.415s][info][gc,start       ] GC(1003) Pause Young (Allocation Failure)
[147.416s][info][gc,heap        ] GC(1003) PSYoungGen: 227840K(227840K)->992K(273408K) Eden: 226816K(226816K)->0K(272384K) From: 1024K(1024K)->992K(1024K)
[147.416s][info][gc,heap        ] GC(1003) ParOldGen: 9624K(699392K)->9672K(699392K)
[147.416s][info][gc,metaspace   ] GC(1003) Metaspace: 14296K(15296K)->14296K(15296K) NonClass: 12336K(12928K)->12336K(12928K) Class: 1960K(2368K)->1960K(2368K)
[147.416s][info][gc             ] GC(1003) Pause Young (Allocation Failure) 231M->10M(950M) 1.739ms
[147.416s][info][gc,cpu         ] GC(1003) User=0.00s Sys=0.00s Real=0.00s
[147.577s][info][gc,start       ] GC(1004) Pause Young (Allocation Failure)
[147.579s][info][gc,heap        ] GC(1004) PSYoungGen: 273376K(273408K)->1024K(266752K) Eden: 272384K(272384K)->0K(265728K) From: 992K(1024K)->1024K(1024K)
[147.579s][info][gc,heap        ] GC(1004) ParOldGen: 9672K(699392K)->9728K(699392K)
[147.579s][info][gc,metaspace   ] GC(1004) Metaspace: 14296K(15296K)->14296K(15296K) NonClass: 12336K(12928K)->12336K(12928K) Class: 1960K(2368K)->1960K(2368K)
[147.579s][info][gc             ] GC(1004) Pause Young (Allocation Failure) 276M->10M(943M) 1.772ms
[147.579s][info][gc,cpu         ] GC(1004) User=0.52s Sys=0.00s Real=0.00s
[147.734s][info][gc,start       ] GC(1005) Pause Young (Allocation Failure)
[147.736s][info][gc,heap        ] GC(1005) PSYoungGen: 266752K(266752K)->1024K(260096K) Eden: 265728K(265728K)->0K(259072K) From: 1024K(1024K)->1024K(1024K)
[147.736s][info][gc,heap        ] GC(1005) ParOldGen: 9728K(699392K)->9784K(699392K)
[147.736s][info][gc,metaspace   ] GC(1005) Metaspace: 14296K(15296K)->14296K(15296K) NonClass: 12336K(12928K)->12336K(12928K) Class: 1960K(2368K)->1960K(2368K)
[147.736s][info][gc             ] GC(1005) Pause Young (Allocation Failure) 270M->10M(937M) 1.777ms
[147.736s][info][gc,cpu         ] GC(1005) User=0.00s Sys=0.00s Real=0.00s
[147.889s][info][gc,start       ] GC(1006) Pause Young (Allocation Failure)
[147.891s][info][gc,heap        ] GC(1006) PSYoungGen: 260096K(260096K)->1024K(253952K) Eden: 259072K(259072K)->0K(252928K) From: 1024K(1024K)->1024K(1024K)
[147.891s][info][gc,heap        ] GC(1006) ParOldGen: 9784K(699392K)->9856K(699392K)
[147.891s][info][gc,metaspace   ] GC(1006) Metaspace: 14296K(15296K)->14296K(15296K) NonClass: 12336K(12928K)->12336K(12928K) Class: 1960K(2368K)->1960K(2368K)
[147.891s][info][gc             ] GC(1006) Pause Young (Allocation Failure) 263M->10M(931M) 1.808ms
[147.891s][info][gc,cpu         ] GC(1006) User=0.00s Sys=0.00s Real=0.00s
[148.041s][info][gc,start       ] GC(1007) Pause Young (Allocation Failure)
[148.042s][info][gc,heap        ] GC(1007) PSYoungGen: 253952K(253952K)->1024K(304640K) Eden: 252928K(252928K)->0K(303616K) From: 1024K(1024K)->1024K(1024K)
[148.042s][info][gc,heap        ] GC(1007) ParOldGen: 9856K(699392K)->9920K(699392K)
[148.043s][info][gc,metaspace   ] GC(1007) Metaspace: 14296K(15296K)->14296K(15296K) NonClass: 12336K(12928K)->12336K(12928K) Class: 1960K(2368K)->1960K(2368K)
[148.043s][info][gc             ] GC(1007) Pause Young (Allocation Failure) 257M->10M(980M) 1.826ms
[148.043s][info][gc,cpu         ] GC(1007) User=0.00s Sys=0.00s Real=0.00s
[148.223s][info][gc,start       ] GC(1008) Pause Young (Allocation Failure)
[148.225s][info][gc,heap        ] GC(1008) PSYoungGen: 304640K(304640K)->992K(296960K) Eden: 303616K(303616K)->0K(295936K) From: 1024K(1024K)->992K(1024K)
[148.225s][info][gc,heap        ] GC(1008) ParOldGen: 9920K(699392K)->9976K(699392K)
[148.225s][info][gc,metaspace   ] GC(1008) Metaspace: 14296K(15296K)->14296K(15296K) NonClass: 12336K(12928K)->12336K(12928K) Class: 1960K(2368K)->1960K(2368K)
[148.225s][info][gc             ] GC(1008) Pause Young (Allocation Failure) 307M->10M(973M) 1.928ms
[148.225s][info][gc,cpu         ] GC(1008) User=0.00s Sys=0.00s Real=0.00s
[148.401s][info][gc,start       ] GC(1009) Pause Young (Allocation Failure)
[148.402s][info][gc,heap        ] GC(1009) PSYoungGen: 296928K(296960K)->1024K(289280K) Eden: 295936K(295936K)->0K(288256K) From: 992K(1024K)->1024K(1024K)
[148.402s][info][gc,heap        ] GC(1009) ParOldGen: 9976K(699392K)->10080K(699392K)
[148.402s][info][gc,metaspace   ] GC(1009) Metaspace: 14296K(15296K)->14296K(15296K) NonClass: 12336K(12928K)->12336K(12928K) Class: 1960K(2368K)->1960K(2368K)
[148.402s][info][gc             ] GC(1009) Pause Young (Allocation Failure) 299M->10M(965M) 1.935ms
[148.402s][info][gc,cpu         ] GC(1009) User=0.00s Sys=0.00s Real=0.00s
[148.573s][info][gc,start       ] GC(1010) Pause Young (Allocation Failure)
[148.575s][info][gc,heap        ] GC(1010) PSYoungGen: 289280K(289280K)->1024K(282112K) Eden: 288256K(288256K)->0K(281088K) From: 1024K(1024K)->1024K(1024K)
[148.575s][info][gc,heap        ] GC(1010) ParOldGen: 10080K(699392K)->10160K(699392K)
[148.575s][info][gc,metaspace   ] GC(1010) Metaspace: 14296K(15296K)->14296K(15296K) NonClass: 12336K(12928K)->12336K(12928K) Class: 1960K(2368K)->1960K(2368K)
[148.575s][info][gc             ] GC(1010) Pause Young (Allocation Failure) 292M->10M(958M) 1.937ms
[148.575s][info][gc,cpu         ] GC(1010) User=0.00s Sys=0.00s Real=0.00s
[148.740s][info][gc,start       ] GC(1011) Pause Young (Allocation Failure)
[148.742s][info][gc,heap        ] GC(1011) PSYoungGen: 282112K(282112K)->1024K(274944K) Eden: 281088K(281088K)->0K(273920K) From: 1024K(1024K)->1024K(1024K)
[148.742s][info][gc,heap        ] GC(1011) ParOldGen: 10160K(699392K)->10224K(699392K)
[148.742s][info][gc,metaspace   ] GC(1011) Metaspace: 14296K(15296K)->14296K(15296K) NonClass: 12336K(12928K)->12336K(12928K) Class: 1960K(2368K)->1960K(2368K)
[148.742s][info][gc             ] GC(1011) Pause Young (Allocation Failure) 285M->10M(951M) 1.919ms
[148.742s][info][gc,cpu         ] GC(1011) User=0.00s Sys=0.00s Real=0.00s
[148.904s][info][gc,start       ] GC(1012) Pause Young (Allocation Failure)
[148.906s][info][gc,heap        ] GC(1012) PSYoungGen: 274944K(274944K)->1024K(328192K) Eden: 273920K(273920K)->0K(326656K) From: 1024K(1024K)->1024K(1536K)
[148.906s][info][gc,heap        ] GC(1012) ParOldGen: 10224K(699392K)->10272K(699392K)
[148.906s][info][gc,metaspace   ] GC(1012) Metaspace: 14296K(15296K)->14296K(15296K) NonClass: 12336K(12928K)->12336K(12928K) Class: 1960K(2368K)->1960K(2368K)
[148.906s][info][gc             ] GC(1012) Pause Young (Allocation Failure) 278M->11M(1003M) 1.932ms
[148.906s][info][gc,cpu         ] GC(1012) User=0.52s Sys=0.00s Real=0.00s
[149.099s][info][gc,start       ] GC(1013) Pause Young (Allocation Failure)
[149.101s][info][gc,heap        ] GC(1013) PSYoungGen: 327680K(328192K)->1024K(330240K) Eden: 326656K(326656K)->0K(328704K) From: 1024K(1536K)->1024K(1536K)
[149.101s][info][gc,heap        ] GC(1013) ParOldGen: 10272K(699392K)->10320K(699392K)
[149.101s][info][gc,metaspace   ] GC(1013) Metaspace: 14296K(15296K)->14296K(15296K) NonClass: 12336K(12928K)->12336K(12928K) Class: 1960K(2368K)->1960K(2368K)
[149.101s][info][gc             ] GC(1013) Pause Young (Allocation Failure) 330M->11M(1005M) 2.068ms
[149.101s][info][gc,cpu         ] GC(1013) User=0.00s Sys=0.00s Real=0.00s
[149.296s][info][gc,start       ] GC(1014) Pause Young (Allocation Failure)
[149.298s][info][gc,heap        ] GC(1014) PSYoungGen: 329728K(330240K)->1024K(321024K) Eden: 328704K(328704K)->0K(320000K) From: 1024K(1536K)->1024K(1024K)
[149.298s][info][gc,heap        ] GC(1014) ParOldGen: 10320K(699392K)->10400K(699392K)
[149.298s][info][gc,metaspace   ] GC(1014) Metaspace: 14296K(15296K)->14296K(15296K) NonClass: 12336K(12928K)->12336K(12928K) Class: 1960K(2368K)->1960K(2368K)
[149.298s][info][gc             ] GC(1014) Pause Young (Allocation Failure) 332M->11M(996M) 2.067ms
[149.298s][info][gc,cpu         ] GC(1014) User=0.52s Sys=0.00s Real=0.00s
[149.486s][info][gc,start       ] GC(1015) Pause Young (Allocation Failure)
[149.488s][info][gc,heap        ] GC(1015) PSYoungGen: 321024K(321024K)->1024K(312320K) Eden: 320000K(320000K)->0K(311296K) From: 1024K(1024K)->1024K(1024K)
[149.488s][info][gc,heap        ] GC(1015) ParOldGen: 10400K(699392K)->10480K(699392K)
[149.488s][info][gc,metaspace   ] GC(1015) Metaspace: 14296K(15296K)->14296K(15296K) NonClass: 12336K(12928K)->12336K(12928K) Class: 1960K(2368K)->1960K(2368K)
[149.488s][info][gc             ] GC(1015) Pause Young (Allocation Failure) 323M->11M(988M) 2.058ms
[149.488s][info][gc,cpu         ] GC(1015) User=0.00s Sys=0.00s Real=0.00s
[149.716s][info][gc,start       ] GC(1016) Pause Young (Allocation Failure)
[149.719s][info][gc,heap        ] GC(1016) PSYoungGen: 312320K(312320K)->1024K(329216K) Eden: 311296K(311296K)->0K(327680K) From: 1024K(1024K)->1024K(1536K)
[149.719s][info][gc,heap        ] GC(1016) ParOldGen: 10480K(699392K)->10560K(699392K)
[149.719s][info][gc,metaspace   ] GC(1016) Metaspace: 14296K(15296K)->14296K(15296K) NonClass: 12336K(12928K)->12336K(12928K) Class: 1960K(2368K)->1960K(2368K)
[149.719s][info][gc             ] GC(1016) Pause Young (Allocation Failure) 315M->11M(1004M) 2.986ms
[149.719s][info][gc,cpu         ] GC(1016) User=0.00s Sys=0.00s Real=0.00s
[149.919s][info][gc,start       ] GC(1017) Pause Young (Allocation Failure)
[149.921s][info][gc,heap        ] GC(1017) PSYoungGen: 328704K(329216K)->1024K(320000K) Eden: 327680K(327680K)->0K(318976K) From: 1024K(1536K)->1024K(1024K)
[149.921s][info][gc,heap        ] GC(1017) ParOldGen: 10560K(699392K)->10616K(699392K)
[149.921s][info][gc,metaspace   ] GC(1017) Metaspace: 14296K(15296K)->14296K(15296K) NonClass: 12336K(12928K)->12336K(12928K) Class: 1960K(2368K)->1960K(2368K)
[149.921s][info][gc             ] GC(1017) Pause Young (Allocation Failure) 331M->11M(995M) 1.934ms
[149.921s][info][gc,cpu         ] GC(1017) User=0.02s Sys=0.00s Real=0.00s
[150.109s][info][gc,start       ] GC(1018) Pause Young (Allocation Failure)
[150.111s][info][gc,heap        ] GC(1018) PSYoungGen: 320000K(320000K)->1056K(311808K) Eden: 318976K(318976K)->0K(310272K) From: 1024K(1024K)->1056K(1536K)
[150.111s][info][gc,heap        ] GC(1018) ParOldGen: 10616K(699392K)->10680K(699392K)
[150.111s][info][gc,metaspace   ] GC(1018) Metaspace: 14296K(15296K)->14296K(15296K) NonClass: 12336K(12928K)->12336K(12928K) Class: 1960K(2368K)->1960K(2368K)
[150.111s][info][gc             ] GC(1018) Pause Young (Allocation Failure) 322M->11M(987M) 1.819ms
[150.111s][info][gc,cpu         ] GC(1018) User=0.00s Sys=0.00s Real=0.00s
[150.296s][info][gc,start       ] GC(1019) Pause Young (Allocation Failure)
[150.297s][info][gc,heap        ] GC(1019) PSYoungGen: 311328K(311808K)->1024K(303104K) Eden: 310272K(310272K)->0K(302080K) From: 1056K(1536K)->1024K(1024K)
[150.297s][info][gc,heap        ] GC(1019) ParOldGen: 10680K(699392K)->10768K(699392K)
[150.297s][info][gc,metaspace   ] GC(1019) Metaspace: 14296K(15296K)->14296K(15296K) NonClass: 12336K(12928K)->12336K(12928K) Class: 1960K(2368K)->1960K(2368K)
[150.297s][info][gc             ] GC(1019) Pause Young (Allocation Failure) 314M->11M(979M) 1.600ms
[150.297s][info][gc,cpu         ] GC(1019) User=0.52s Sys=0.00s Real=0.00s
[150.477s][info][gc,start       ] GC(1020) Pause Young (Allocation Failure)
[150.478s][info][gc,heap        ] GC(1020) PSYoungGen: 303104K(303104K)->1024K(295424K) Eden: 302080K(302080K)->0K(294400K) From: 1024K(1024K)->1024K(1024K)
[150.478s][info][gc,heap        ] GC(1020) ParOldGen: 10768K(699392K)->10840K(699392K)
[150.478s][info][gc,metaspace   ] GC(1020) Metaspace: 14296K(15296K)->14296K(15296K) NonClass: 12336K(12928K)->12336K(12928K) Class: 1960K(2368K)->1960K(2368K)
[150.478s][info][gc             ] GC(1020) Pause Young (Allocation Failure) 306M->11M(971M) 1.614ms
[150.478s][info][gc,cpu         ] GC(1020) User=0.00s Sys=0.00s Real=0.00s
[150.653s][info][gc,start       ] GC(1021) Pause Young (Allocation Failure)
[150.654s][info][gc,heap        ] GC(1021) PSYoungGen: 295424K(295424K)->1024K(287744K) Eden: 294400K(294400K)->0K(286720K) From: 1024K(1024K)->1024K(1024K)
[150.654s][info][gc,heap        ] GC(1021) ParOldGen: 10840K(699392K)->10912K(699392K)
[150.654s][info][gc,metaspace   ] GC(1021) Metaspace: 14296K(15296K)->14296K(15296K) NonClass: 12336K(12928K)->12336K(12928K) Class: 1960K(2368K)->1960K(2368K)
[150.654s][info][gc             ] GC(1021) Pause Young (Allocation Failure) 299M->11M(964M) 1.570ms
[150.654s][info][gc,cpu         ] GC(1021) User=0.00s Sys=0.00s Real=0.00s
[150.824s][info][gc,start       ] GC(1022) Pause Young (Allocation Failure)
[150.826s][info][gc,heap        ] GC(1022) PSYoungGen: 287744K(287744K)->1024K(280576K) Eden: 286720K(286720K)->0K(279552K) From: 1024K(1024K)->1024K(1024K)
[150.826s][info][gc,heap        ] GC(1022) ParOldGen: 10912K(699392K)->10960K(699392K)
[150.826s][info][gc,metaspace   ] GC(1022) Metaspace: 14296K(15296K)->14296K(15296K) NonClass: 12336K(12928K)->12336K(12928K) Class: 1960K(2368K)->1960K(2368K)
[150.826s][info][gc             ] GC(1022) Pause Young (Allocation Failure) 291M->11M(957M) 1.643ms
[150.826s][info][gc,cpu         ] GC(1022) User=0.00s Sys=0.00s Real=0.00s
[150.991s][info][gc,start       ] GC(1023) Pause Young (Allocation Failure)
[150.992s][info][gc,heap        ] GC(1023) PSYoungGen: 280576K(280576K)->1024K(273408K) Eden: 279552K(279552K)->0K(272384K) From: 1024K(1024K)->1024K(1024K)
[150.992s][info][gc,heap        ] GC(1023) ParOldGen: 10960K(699392K)->11036K(699392K)
[150.992s][info][gc,metaspace   ] GC(1023) Metaspace: 14296K(15296K)->14296K(15296K) NonClass: 12336K(12928K)->12336K(12928K) Class: 1960K(2368K)->1960K(2368K)
[150.992s][info][gc             ] GC(1023) Pause Young (Allocation Failure) 284M->11M(950M) 1.631ms
[150.992s][info][gc,cpu         ] GC(1023) User=0.00s Sys=0.00s Real=0.00s
[151.152s][info][gc,start       ] GC(1024) Pause Young (Allocation Failure)
[151.154s][info][gc,heap        ] GC(1024) PSYoungGen: 273408K(273408K)->1024K(266752K) Eden: 272384K(272384K)->0K(265728K) From: 1024K(1024K)->1024K(1024K)
[151.154s][info][gc,heap        ] GC(1024) ParOldGen: 11036K(699392K)->11092K(699392K)
[151.154s][info][gc,metaspace   ] GC(1024) Metaspace: 14296K(15296K)->14296K(15296K) NonClass: 12336K(12928K)->12336K(12928K) Class: 1960K(2368K)->1960K(2368K)
[151.154s][info][gc             ] GC(1024) Pause Young (Allocation Failure) 277M->11M(943M) 1.681ms
[151.154s][info][gc,cpu         ] GC(1024) User=0.00s Sys=0.00s Real=0.00s
[151.311s][info][gc,start       ] GC(1025) Pause Young (Allocation Failure)
[151.312s][info][gc,heap        ] GC(1025) PSYoungGen: 266752K(266752K)->1024K(260096K) Eden: 265728K(265728K)->0K(259072K) From: 1024K(1024K)->1024K(1024K)
[151.312s][info][gc,heap        ] GC(1025) ParOldGen: 11092K(699392K)->11148K(699392K)
[151.312s][info][gc,metaspace   ] GC(1025) Metaspace: 14296K(15296K)->14296K(15296K) NonClass: 12336K(12928K)->12336K(12928K) Class: 1960K(2368K)->1960K(2368K)
[151.312s][info][gc             ] GC(1025) Pause Young (Allocation Failure) 271M->11M(937M) 1.710ms
[151.312s][info][gc,cpu         ] GC(1025) User=0.52s Sys=0.00s Real=0.00s
[151.464s][info][gc,start       ] GC(1026) Pause Young (Allocation Failure)
[151.466s][info][gc,heap        ] GC(1026) PSYoungGen: 260096K(260096K)->1024K(253952K) Eden: 259072K(259072K)->0K(252928K) From: 1024K(1024K)->1024K(1024K)
[151.466s][info][gc,heap        ] GC(1026) ParOldGen: 11148K(699392K)->11196K(699392K)
[151.466s][info][gc,metaspace   ] GC(1026) Metaspace: 14296K(15296K)->14296K(15296K) NonClass: 12336K(12928K)->12336K(12928K) Class: 1960K(2368K)->1960K(2368K)
[151.466s][info][gc             ] GC(1026) Pause Young (Allocation Failure) 264M->11M(931M) 1.773ms
[151.466s][info][gc,cpu         ] GC(1026) User=0.00s Sys=0.00s Real=0.00s
[151.613s][info][gc,start       ] GC(1027) Pause Young (Allocation Failure)
[151.615s][info][gc,heap        ] GC(1027) PSYoungGen: 253952K(253952K)->1024K(247808K) Eden: 252928K(252928K)->0K(246784K) From: 1024K(1024K)->1024K(1024K)
[151.615s][info][gc,heap        ] GC(1027) ParOldGen: 11196K(699392K)->11252K(699392K)
[151.615s][info][gc,metaspace   ] GC(1027) Metaspace: 14296K(15296K)->14296K(15296K) NonClass: 12336K(12928K)->12336K(12928K) Class: 1960K(2368K)->1960K(2368K)
[151.615s][info][gc             ] GC(1027) Pause Young (Allocation Failure) 258M->11M(925M) 1.744ms
[151.615s][info][gc,cpu         ] GC(1027) User=0.00s Sys=0.00s Real=0.00s
[151.760s][info][gc,start       ] GC(1028) Pause Young (Allocation Failure)
[151.762s][info][gc,heap        ] GC(1028) PSYoungGen: 247808K(247808K)->1024K(297472K) Eden: 246784K(246784K)->0K(296448K) From: 1024K(1024K)->1024K(1024K)
[151.762s][info][gc,heap        ] GC(1028) ParOldGen: 11252K(699392K)->11308K(699392K)
[151.762s][info][gc,metaspace   ] GC(1028) Metaspace: 14296K(15296K)->14296K(15296K) NonClass: 12336K(12928K)->12336K(12928K) Class: 1960K(2368K)->1960K(2368K)
[151.762s][info][gc             ] GC(1028) Pause Young (Allocation Failure) 252M->12M(973M) 1.831ms
[151.762s][info][gc,cpu         ] GC(1028) User=0.00s Sys=0.00s Real=0.00s
[151.936s][info][gc,start       ] GC(1029) Pause Young (Allocation Failure)
[151.938s][info][gc,heap        ] GC(1029) PSYoungGen: 297472K(297472K)->1024K(342016K) Eden: 296448K(296448K)->0K(340480K) From: 1024K(1024K)->1024K(1536K)
[151.938s][info][gc,heap        ] GC(1029) ParOldGen: 11308K(699392K)->11364K(699392K)
[151.938s][info][gc,metaspace   ] GC(1029) Metaspace: 14296K(15296K)->14296K(15296K) NonClass: 12336K(12928K)->12336K(12928K) Class: 1960K(2368K)->1960K(2368K)
[151.938s][info][gc             ] GC(1029) Pause Young (Allocation Failure) 301M->12M(1017M) 1.871ms
[151.938s][info][gc,cpu         ] GC(1029) User=0.52s Sys=0.00s Real=0.00s
[152.140s][info][gc,start       ] GC(1030) Pause Young (Allocation Failure)
[152.142s][info][gc,heap        ] GC(1030) PSYoungGen: 341504K(342016K)->1024K(332288K) Eden: 340480K(340480K)->0K(331264K) From: 1024K(1536K)->1024K(1024K)
[152.142s][info][gc,heap        ] GC(1030) ParOldGen: 11364K(699392K)->11420K(699392K)
[152.142s][info][gc,metaspace   ] GC(1030) Metaspace: 14296K(15296K)->14296K(15296K) NonClass: 12336K(12928K)->12336K(12928K) Class: 1960K(2368K)->1960K(2368K)
[152.142s][info][gc             ] GC(1030) Pause Young (Allocation Failure) 344M->12M(1007M) 2.016ms
[152.142s][info][gc,cpu         ] GC(1030) User=0.00s Sys=0.02s Real=0.00s
[152.339s][info][gc,start       ] GC(1031) Pause Young (Allocation Failure)
[152.341s][info][gc,heap        ] GC(1031) PSYoungGen: 332288K(332288K)->1024K(323072K) Eden: 331264K(331264K)->0K(322048K) From: 1024K(1024K)->1024K(1024K)
[152.341s][info][gc,heap        ] GC(1031) ParOldGen: 11420K(699392K)->11492K(699392K)
[152.341s][info][gc,metaspace   ] GC(1031) Metaspace: 14296K(15296K)->14296K(15296K) NonClass: 12336K(12928K)->12336K(12928K) Class: 1960K(2368K)->1960K(2368K)
[152.341s][info][gc             ] GC(1031) Pause Young (Allocation Failure) 335M->12M(998M) 1.931ms
[152.341s][info][gc,cpu         ] GC(1031) User=0.00s Sys=0.00s Real=0.00s
[152.533s][info][gc,start       ] GC(1032) Pause Young (Allocation Failure)
[152.534s][info][gc,heap        ] GC(1032) PSYoungGen: 323072K(323072K)->1024K(314368K) Eden: 322048K(322048K)->0K(313344K) From: 1024K(1024K)->1024K(1024K)
[152.534s][info][gc,heap        ] GC(1032) ParOldGen: 11492K(699392K)->11564K(699392K)
[152.534s][info][gc,metaspace   ] GC(1032) Metaspace: 14296K(15296K)->14296K(15296K) NonClass: 12336K(12928K)->12336K(12928K) Class: 1960K(2368K)->1960K(2368K)
[152.535s][info][gc             ] GC(1032) Pause Young (Allocation Failure) 326M->12M(990M) 1.919ms
[152.535s][info][gc,cpu         ] GC(1032) User=0.00s Sys=0.00s Real=0.00s
[152.720s][info][gc,start       ] GC(1033) Pause Young (Allocation Failure)
[152.722s][info][gc,heap        ] GC(1033) PSYoungGen: 314368K(314368K)->1024K(306176K) Eden: 313344K(313344K)->0K(305152K) From: 1024K(1024K)->1024K(1024K)
[152.722s][info][gc,heap        ] GC(1033) ParOldGen: 11564K(699392K)->11644K(699392K)
[152.722s][info][gc,metaspace   ] GC(1033) Metaspace: 14296K(15296K)->14296K(15296K) NonClass: 12336K(12928K)->12336K(12928K) Class: 1960K(2368K)->1960K(2368K)
[152.722s][info][gc             ] GC(1033) Pause Young (Allocation Failure) 318M->12M(982M) 2.009ms
[152.722s][info][gc,cpu         ] GC(1033) User=0.00s Sys=0.00s Real=0.00s
[152.903s][info][gc,start       ] GC(1034) Pause Young (Allocation Failure)
[152.905s][info][gc,heap        ] GC(1034) PSYoungGen: 306176K(306176K)->1024K(297984K) Eden: 305152K(305152K)->0K(296960K) From: 1024K(1024K)->1024K(1024K)
[152.905s][info][gc,heap        ] GC(1034) ParOldGen: 11644K(699392K)->11708K(699392K)
[152.905s][info][gc,metaspace   ] GC(1034) Metaspace: 14296K(15296K)->14296K(15296K) NonClass: 12336K(12928K)->12336K(12928K) Class: 1960K(2368K)->1960K(2368K)
[152.905s][info][gc             ] GC(1034) Pause Young (Allocation Failure) 310M->12M(974M) 2.022ms
[152.905s][info][gc,cpu         ] GC(1034) User=0.00s Sys=0.00s Real=0.00s
[153.082s][info][gc,start       ] GC(1035) Pause Young (Allocation Failure)
[153.084s][info][gc,heap        ] GC(1035) PSYoungGen: 297984K(297984K)->1024K(290304K) Eden: 296960K(296960K)->0K(289280K) From: 1024K(1024K)->1024K(1024K)
[153.084s][info][gc,heap        ] GC(1035) ParOldGen: 11708K(699392K)->11780K(699392K)
[153.084s][info][gc,metaspace   ] GC(1035) Metaspace: 14296K(15296K)->14296K(15296K) NonClass: 12336K(12928K)->12336K(12928K) Class: 1960K(2368K)->1960K(2368K)
[153.084s][info][gc             ] GC(1035) Pause Young (Allocation Failure) 302M->12M(966M) 2.002ms
[153.084s][info][gc,cpu         ] GC(1035) User=0.00s Sys=0.00s Real=0.00s
[153.256s][info][gc,start       ] GC(1036) Pause Young (Allocation Failure)
[153.258s][info][gc,heap        ] GC(1036) PSYoungGen: 290304K(290304K)->1024K(338944K) Eden: 289280K(289280K)->0K(337408K) From: 1024K(1024K)->1024K(1536K)
[153.258s][info][gc,heap        ] GC(1036) ParOldGen: 11780K(699392K)->11852K(699392K)
[153.258s][info][gc,metaspace   ] GC(1036) Metaspace: 14296K(15296K)->14296K(15296K) NonClass: 12336K(12928K)->12336K(12928K) Class: 1960K(2368K)->1960K(2368K)
[153.258s][info][gc             ] GC(1036) Pause Young (Allocation Failure) 295M->12M(1014M) 2.027ms
[153.258s][info][gc,cpu         ] GC(1036) User=0.00s Sys=0.00s Real=0.00s
[153.458s][info][gc,start       ] GC(1037) Pause Young (Allocation Failure)
[153.460s][info][gc,heap        ] GC(1037) PSYoungGen: 338432K(338944K)->1024K(329216K) Eden: 337408K(337408K)->0K(328192K) From: 1024K(1536K)->1024K(1024K)
[153.460s][info][gc,heap        ] GC(1037) ParOldGen: 11852K(699392K)->11916K(699392K)
[153.460s][info][gc,metaspace   ] GC(1037) Metaspace: 14296K(15296K)->14296K(15296K) NonClass: 12336K(12928K)->12336K(12928K) Class: 1960K(2368K)->1960K(2368K)
[153.460s][info][gc             ] GC(1037) Pause Young (Allocation Failure) 342M->12M(1004M) 2.113ms
[153.460s][info][gc,cpu         ] GC(1037) User=0.00s Sys=0.00s Real=0.00s
[153.656s][info][gc,start       ] GC(1038) Pause Young (Allocation Failure)
[153.658s][info][gc,heap        ] GC(1038) PSYoungGen: 329216K(329216K)->1056K(321024K) Eden: 328192K(328192K)->0K(319488K) From: 1024K(1024K)->1056K(1536K)
[153.658s][info][gc,heap        ] GC(1038) ParOldGen: 11916K(699392K)->11964K(699392K)
[153.658s][info][gc,metaspace   ] GC(1038) Metaspace: 14296K(15296K)->14296K(15296K) NonClass: 12336K(12928K)->12336K(12928K) Class: 1960K(2368K)->1960K(2368K)
[153.658s][info][gc             ] GC(1038) Pause Young (Allocation Failure) 333M->12M(996M) 2.143ms
[153.658s][info][gc,cpu         ] GC(1038) User=0.52s Sys=0.00s Real=0.00s
[153.848s][info][gc,start       ] GC(1039) Pause Young (Allocation Failure)
[153.850s][info][gc,heap        ] GC(1039) PSYoungGen: 320544K(321024K)->1024K(311808K) Eden: 319488K(319488K)->0K(310784K) From: 1056K(1536K)->1024K(1024K)
[153.850s][info][gc,heap        ] GC(1039) ParOldGen: 11964K(699392K)->12036K(699392K)
[153.850s][info][gc,metaspace   ] GC(1039) Metaspace: 14296K(15296K)->14296K(15296K) NonClass: 12336K(12928K)->12336K(12928K) Class: 1960K(2368K)->1960K(2368K)
[153.850s][info][gc             ] GC(1039) Pause Young (Allocation Failure) 324M->12M(987M) 1.914ms
[153.850s][info][gc,cpu         ] GC(1039) User=0.00s Sys=0.00s Real=0.00s
[154.033s][info][gc,start       ] GC(1040) Pause Young (Allocation Failure)
[154.034s][info][gc,heap        ] GC(1040) PSYoungGen: 311808K(311808K)->1024K(303616K) Eden: 310784K(310784K)->0K(302592K) From: 1024K(1024K)->1024K(1024K)
[154.034s][info][gc,heap        ] GC(1040) ParOldGen: 12036K(699392K)->12116K(699392K)
[154.034s][info][gc,metaspace   ] GC(1040) Metaspace: 14296K(15296K)->14296K(15296K) NonClass: 12336K(12928K)->12336K(12928K) Class: 1960K(2368K)->1960K(2368K)
[154.034s][info][gc             ] GC(1040) Pause Young (Allocation Failure) 316M->12M(979M) 1.787ms
[154.034s][info][gc,cpu         ] GC(1040) User=0.00s Sys=0.00s Real=0.00s
[154.214s][info][gc,start       ] GC(1041) Pause Young (Allocation Failure)
[154.216s][info][gc,heap        ] GC(1041) PSYoungGen: 303616K(303616K)->1024K(295936K) Eden: 302592K(302592K)->0K(294912K) From: 1024K(1024K)->1024K(1024K)
[154.216s][info][gc,heap        ] GC(1041) ParOldGen: 12116K(699392K)->12172K(699392K)
[154.216s][info][gc,metaspace   ] GC(1041) Metaspace: 14296K(15296K)->14296K(15296K) NonClass: 12336K(12928K)->12336K(12928K) Class: 1960K(2368K)->1960K(2368K)
[154.216s][info][gc             ] GC(1041) Pause Young (Allocation Failure) 308M->12M(972M) 1.792ms
[154.216s][info][gc,cpu         ] GC(1041) User=0.00s Sys=0.00s Real=0.00s
[154.392s][info][gc,start       ] GC(1042) Pause Young (Allocation Failure)
[154.394s][info][gc,heap        ] GC(1042) PSYoungGen: 295936K(295936K)->1056K(288768K) Eden: 294912K(294912K)->0K(287232K) From: 1024K(1024K)->1056K(1536K)
[154.394s][info][gc,heap        ] GC(1042) ParOldGen: 12172K(699392K)->12244K(699392K)
[154.394s][info][gc,metaspace   ] GC(1042) Metaspace: 14296K(15296K)->14296K(15296K) NonClass: 12336K(12928K)->12336K(12928K) Class: 1960K(2368K)->1960K(2368K)
[154.394s][info][gc             ] GC(1042) Pause Young (Allocation Failure) 300M->12M(965M) 1.625ms
[154.394s][info][gc,cpu         ] GC(1042) User=0.00s Sys=0.00s Real=0.00s
[154.564s][info][gc,start       ] GC(1043) Pause Young (Allocation Failure)
[154.565s][info][gc,heap        ] GC(1043) PSYoungGen: 288288K(288768K)->1024K(281088K) Eden: 287232K(287232K)->0K(280064K) From: 1056K(1536K)->1024K(1024K)
[154.565s][info][gc,heap        ] GC(1043) ParOldGen: 12244K(699392K)->12316K(699392K)
[154.565s][info][gc,metaspace   ] GC(1043) Metaspace: 14296K(15296K)->14296K(15296K) NonClass: 12336K(12928K)->12336K(12928K) Class: 1960K(2368K)->1960K(2368K)
[154.565s][info][gc             ] GC(1043) Pause Young (Allocation Failure) 293M->13M(957M) 1.638ms
[154.565s][info][gc,cpu         ] GC(1043) User=0.00s Sys=0.00s Real=0.00s
[154.732s][info][gc,start       ] GC(1044) Pause Young (Allocation Failure)
[154.734s][info][gc,heap        ] GC(1044) PSYoungGen: 281088K(281088K)->1024K(273920K) Eden: 280064K(280064K)->0K(272896K) From: 1024K(1024K)->1024K(1024K)
[154.734s][info][gc,heap        ] GC(1044) ParOldGen: 12316K(699392K)->12372K(699392K)
[154.734s][info][gc,metaspace   ] GC(1044) Metaspace: 14296K(15296K)->14296K(15296K) NonClass: 12336K(12928K)->12336K(12928K) Class: 1960K(2368K)->1960K(2368K)
[154.734s][info][gc             ] GC(1044) Pause Young (Allocation Failure) 286M->13M(950M) 1.936ms
[154.734s][info][gc,cpu         ] GC(1044) User=0.00s Sys=0.00s Real=0.00s
[154.896s][info][gc,start       ] GC(1045) Pause Young (Allocation Failure)
[154.897s][info][gc,heap        ] GC(1045) PSYoungGen: 273920K(273920K)->1024K(267264K) Eden: 272896K(272896K)->0K(266240K) From: 1024K(1024K)->1024K(1024K)
[154.897s][info][gc,heap        ] GC(1045) ParOldGen: 12372K(699392K)->12444K(699392K)
[154.897s][info][gc,metaspace   ] GC(1045) Metaspace: 14296K(15296K)->14296K(15296K) NonClass: 12336K(12928K)->12336K(12928K) Class: 1960K(2368K)->1960K(2368K)
[154.897s][info][gc             ] GC(1045) Pause Young (Allocation Failure) 279M->13M(944M) 1.878ms
[154.897s][info][gc,cpu         ] GC(1045) User=0.00s Sys=0.00s Real=0.00s
[155.056s][info][gc,start       ] GC(1046) Pause Young (Allocation Failure)
[155.058s][info][gc,heap        ] GC(1046) PSYoungGen: 267264K(267264K)->1056K(261120K) Eden: 266240K(266240K)->0K(259584K) From: 1024K(1024K)->1056K(1536K)
[155.058s][info][gc,heap        ] GC(1046) ParOldGen: 12444K(699392K)->12508K(699392K)
[155.058s][info][gc,metaspace   ] GC(1046) Metaspace: 14296K(15296K)->14296K(15296K) NonClass: 12336K(12928K)->12336K(12928K) Class: 1960K(2368K)->1960K(2368K)
[155.058s][info][gc             ] GC(1046) Pause Young (Allocation Failure) 273M->13M(938M) 1.716ms
[155.058s][info][gc,cpu         ] GC(1046) User=0.00s Sys=0.00s Real=0.00s
[155.218s][info][gc,start       ] GC(1047) Pause Young (Allocation Failure)
[155.219s][info][gc,heap        ] GC(1047) PSYoungGen: 260640K(261120K)->1024K(254464K) Eden: 259584K(259584K)->0K(253440K) From: 1056K(1536K)->1024K(1024K)
[155.219s][info][gc,heap        ] GC(1047) ParOldGen: 12508K(699392K)->12564K(699392K)
[155.219s][info][gc,metaspace   ] GC(1047) Metaspace: 14296K(15296K)->14296K(15296K) NonClass: 12336K(12928K)->12336K(12928K) Class: 1960K(2368K)->1960K(2368K)
[155.219s][info][gc             ] GC(1047) Pause Young (Allocation Failure) 266M->13M(931M) 1.720ms
[155.219s][info][gc,cpu         ] GC(1047) User=0.52s Sys=0.00s Real=0.00s
[155.377s][info][gc,start       ] GC(1048) Pause Young (Allocation Failure)
[155.378s][info][gc,heap        ] GC(1048) PSYoungGen: 254464K(254464K)->1024K(248320K) Eden: 253440K(253440K)->0K(247296K) From: 1024K(1024K)->1024K(1024K)
[155.378s][info][gc,heap        ] GC(1048) ParOldGen: 12564K(699392K)->12628K(699392K)
[155.378s][info][gc,metaspace   ] GC(1048) Metaspace: 14296K(15296K)->14296K(15296K) NonClass: 12336K(12928K)->12336K(12928K) Class: 1960K(2368K)->1960K(2368K)
[155.379s][info][gc             ] GC(1048) Pause Young (Allocation Failure) 260M->13M(925M) 1.764ms
[155.379s][info][gc,cpu         ] GC(1048) User=0.00s Sys=0.00s Real=0.00s
[155.547s][info][gc,start       ] GC(1049) Pause Young (Allocation Failure)
[155.549s][info][gc,heap        ] GC(1049) PSYoungGen: 248320K(248320K)->960K(242688K) Eden: 247296K(247296K)->0K(241664K) From: 1024K(1024K)->960K(1024K)
[155.549s][info][gc,heap        ] GC(1049) ParOldGen: 12628K(699392K)->12676K(699392K)
[155.549s][info][gc,metaspace   ] GC(1049) Metaspace: 14296K(15296K)->14296K(15296K) NonClass: 12336K(12928K)->12336K(12928K) Class: 1960K(2368K)->1960K(2368K)
[155.549s][info][gc             ] GC(1049) Pause Young (Allocation Failure) 254M->13M(920M) 1.844ms
[155.549s][info][gc,cpu         ] GC(1049) User=0.00s Sys=0.00s Real=0.00s
[155.721s][info][gc,start       ] GC(1050) Pause Young (Allocation Failure)
[155.743s][info][gc,heap        ] GC(1050) PSYoungGen: 242624K(242688K)->1024K(237056K) Eden: 241664K(241664K)->0K(236032K) From: 960K(1024K)->1024K(1024K)
[155.743s][info][gc,heap        ] GC(1050) ParOldGen: 12676K(699392K)->12732K(699392K)
[155.743s][info][gc,metaspace   ] GC(1050) Metaspace: 14296K(15296K)->14296K(15296K) NonClass: 12336K(12928K)->12336K(12928K) Class: 1960K(2368K)->1960K(2368K)
[155.743s][info][gc             ] GC(1050) Pause Young (Allocation Failure) 249M->13M(914M) 22.203ms
[155.743s][info][gc,cpu         ] GC(1050) User=0.00s Sys=0.00s Real=0.01s
[155.926s][info][gc,start       ] GC(1051) Pause Young (Allocation Failure)
[155.928s][info][gc,heap        ] GC(1051) PSYoungGen: 237056K(237056K)->960K(231936K) Eden: 236032K(236032K)->0K(230912K) From: 1024K(1024K)->960K(1024K)
[155.928s][info][gc,heap        ] GC(1051) ParOldGen: 12732K(699392K)->12804K(699392K)
[155.928s][info][gc,metaspace   ] GC(1051) Metaspace: 14296K(15296K)->14296K(15296K) NonClass: 12336K(12928K)->12336K(12928K) Class: 1960K(2368K)->1960K(2368K)
[155.928s][info][gc             ] GC(1051) Pause Young (Allocation Failure) 243M->13M(909M) 1.892ms
[155.928s][info][gc,cpu         ] GC(1051) User=0.00s Sys=0.00s Real=0.00s
[156.072s][info][gc,start       ] GC(1052) Pause Young (Allocation Failure)
[156.074s][info][gc,heap        ] GC(1052) PSYoungGen: 231872K(231936K)->896K(278528K) Eden: 230912K(230912K)->0K(277504K) From: 960K(1024K)->896K(1024K)
[156.074s][info][gc,heap        ] GC(1052) ParOldGen: 12804K(699392K)->12868K(699392K)
[156.074s][info][gc,metaspace   ] GC(1052) Metaspace: 14296K(15296K)->14296K(15296K) NonClass: 12336K(12928K)->12336K(12928K) Class: 1960K(2368K)->1960K(2368K)
[156.074s][info][gc             ] GC(1052) Pause Young (Allocation Failure) 238M->13M(955M) 1.876ms
[156.074s][info][gc,cpu         ] GC(1052) User=0.00s Sys=0.00s Real=0.00s
[156.236s][info][gc,start       ] GC(1053) Pause Young (Allocation Failure)
[156.238s][info][gc,heap        ] GC(1053) PSYoungGen: 278400K(278528K)->480K(333824K) Eden: 277504K(277504K)->0K(333312K) From: 896K(1024K)->480K(512K)
[156.238s][info][gc,heap        ] GC(1053) ParOldGen: 12868K(699392K)->12900K(699392K)
[156.238s][info][gc,metaspace   ] GC(1053) Metaspace: 14296K(15296K)->14296K(15296K) NonClass: 12336K(12928K)->12336K(12928K) Class: 1960K(2368K)->1960K(2368K)
[156.238s][info][gc             ] GC(1053) Pause Young (Allocation Failure) 284M->13M(1009M) 1.966ms
[156.238s][info][gc,cpu         ] GC(1053) User=0.00s Sys=0.00s Real=0.00s
[156.331s][info][gc,start       ] GC(1054) Pause Young (System.gc())
[156.333s][info][gc,heap        ] GC(1054) PSYoungGen: 63227K(333824K)->288K(334848K) Eden: 62747K(333312K)->0K(333312K) From: 480K(512K)->288K(1536K)
[156.333s][info][gc,heap        ] GC(1054) ParOldGen: 12900K(699392K)->12948K(699392K)
[156.333s][info][gc,metaspace   ] GC(1054) Metaspace: 14296K(15296K)->14296K(15296K) NonClass: 12336K(12928K)->12336K(12928K) Class: 1960K(2368K)->1960K(2368K)
[156.333s][info][gc             ] GC(1054) Pause Young (System.gc()) 74M->12M(1010M) 2.034ms
[156.333s][info][gc,cpu         ] GC(1054) User=0.00s Sys=0.00s Real=0.00s
[156.333s][info][gc,start       ] GC(1055) Pause Full (System.gc())
[156.333s][info][gc,phases,start] GC(1055) Marking Phase
[156.345s][info][gc,phases      ] GC(1055) Marking Phase 11.870ms
[156.345s][info][gc,phases,start] GC(1055) Summary Phase
[156.345s][info][gc,phases      ] GC(1055) Summary Phase 0.023ms
[156.345s][info][gc,phases,start] GC(1055) Adjust Roots
[156.351s][info][gc,phases      ] GC(1055) Adjust Roots 5.750ms
[156.351s][info][gc,phases,start] GC(1055) Compaction Phase
[156.353s][info][gc,phases      ] GC(1055) Compaction Phase 1.715ms
[156.353s][info][gc,phases,start] GC(1055) Post Compact
[156.353s][info][gc,phases      ] GC(1055) Post Compact 0.361ms
[156.353s][info][gc,heap        ] GC(1055) PSYoungGen: 288K(334848K)->0K(334848K) Eden: 0K(333312K)->0K(333312K) From: 288K(1536K)->0K(1536K)
[156.353s][info][gc,heap        ] GC(1055) ParOldGen: 12948K(699392K)->5373K(699392K)
[156.353s][info][gc,metaspace   ] GC(1055) Metaspace: 14296K(15296K)->14296K(15296K) NonClass: 12336K(12928K)->12336K(12928K) Class: 1960K(2368K)->1960K(2368K)
[156.353s][info][gc             ] GC(1055) Pause Full (System.gc()) 12M->5M(1010M) 20.061ms
[156.353s][info][gc,cpu         ] GC(1055) User=0.02s Sys=0.00s Real=0.02s
[156.561s][info][gc,start       ] GC(1056) Pause Young (Allocation Failure)
[156.564s][info][gc,heap        ] GC(1056) PSYoungGen: 333312K(334848K)->1536K(339456K) Eden: 333312K(333312K)->0K(337920K) From: 0K(1536K)->1536K(1536K)
[156.564s][info][gc,heap        ] GC(1056) ParOldGen: 5373K(699392K)->5726K(699392K)
[156.564s][info][gc,metaspace   ] GC(1056) Metaspace: 14296K(15296K)->14296K(15296K) NonClass: 12336K(12928K)->12336K(12928K) Class: 1960K(2368K)->1960K(2368K)
[156.564s][info][gc             ] GC(1056) Pause Young (Allocation Failure) 330M->7M(1014M) 2.627ms
[156.564s][info][gc,cpu         ] GC(1056) User=0.52s Sys=0.00s Real=0.00s
[156.762s][info][gc,start       ] GC(1057) Pause Young (Allocation Failure)
[156.764s][info][gc,heap        ] GC(1057) PSYoungGen: 339456K(339456K)->1024K(339968K) Eden: 337920K(337920K)->0K(337920K) From: 1536K(1536K)->1024K(2048K)
[156.764s][info][gc,heap        ] GC(1057) ParOldGen: 5726K(699392K)->7044K(699392K)
[156.764s][info][gc,metaspace   ] GC(1057) Metaspace: 14296K(15296K)->14296K(15296K) NonClass: 12336K(12928K)->12336K(12928K) Class: 1960K(2368K)->1960K(2368K)
[156.764s][info][gc             ] GC(1057) Pause Young (Allocation Failure) 337M->7M(1015M) 2.111ms
[156.764s][info][gc,cpu         ] GC(1057) User=0.00s Sys=0.00s Real=0.00s
[156.962s][info][gc,start       ] GC(1058) Pause Young (Allocation Failure)
[156.964s][info][gc,heap        ] GC(1058) PSYoungGen: 338944K(339968K)->1056K(346624K) Eden: 337920K(337920K)->0K(345088K) From: 1024K(2048K)->1056K(1536K)
[156.964s][info][gc,heap        ] GC(1058) ParOldGen: 7044K(699392K)->7148K(699392K)
[156.964s][info][gc,metaspace   ] GC(1058) Metaspace: 14296K(15296K)->14296K(15296K) NonClass: 12336K(12928K)->12336K(12928K) Class: 1960K(2368K)->1960K(2368K)
[156.964s][info][gc             ] GC(1058) Pause Young (Allocation Failure) 337M->8M(1021M) 2.067ms
[156.964s][info][gc,cpu         ] GC(1058) User=0.00s Sys=0.00s Real=0.00s
[157.168s][info][gc,start       ] GC(1059) Pause Young (Allocation Failure)
[157.170s][info][gc,heap        ] GC(1059) PSYoungGen: 346144K(346624K)->1024K(336384K) Eden: 345088K(345088K)->0K(335360K) From: 1056K(1536K)->1024K(1024K)
[157.170s][info][gc,heap        ] GC(1059) ParOldGen: 7148K(699392K)->7220K(699392K)
[157.170s][info][gc,metaspace   ] GC(1059) Metaspace: 14296K(15296K)->14296K(15296K) NonClass: 12336K(12928K)->12336K(12928K) Class: 1960K(2368K)->1960K(2368K)
[157.170s][info][gc             ] GC(1059) Pause Young (Allocation Failure) 345M->8M(1011M) 2.107ms
[157.170s][info][gc,cpu         ] GC(1059) User=0.00s Sys=0.00s Real=0.00s
[157.387s][info][gc,start       ] GC(1060) Pause Young (Allocation Failure)
[157.389s][info][gc,heap        ] GC(1060) PSYoungGen: 336384K(336384K)->1024K(327168K) Eden: 335360K(335360K)->0K(326144K) From: 1024K(1024K)->1024K(1024K)
[157.389s][info][gc,heap        ] GC(1060) ParOldGen: 7220K(699392K)->7308K(699392K)
[157.389s][info][gc,metaspace   ] GC(1060) Metaspace: 14296K(15296K)->14296K(15296K) NonClass: 12336K(12928K)->12336K(12928K) Class: 1960K(2368K)->1960K(2368K)
[157.389s][info][gc             ] GC(1060) Pause Young (Allocation Failure) 335M->8M(1002M) 2.210ms
[157.389s][info][gc,cpu         ] GC(1060) User=0.00s Sys=0.00s Real=0.00s
[157.585s][info][gc,start       ] GC(1061) Pause Young (Allocation Failure)
[157.587s][info][gc,heap        ] GC(1061) PSYoungGen: 327168K(327168K)->1024K(318464K) Eden: 326144K(326144K)->0K(317440K) From: 1024K(1024K)->1024K(1024K)
[157.587s][info][gc,heap        ] GC(1061) ParOldGen: 7308K(699392K)->7388K(699392K)
[157.587s][info][gc,metaspace   ] GC(1061) Metaspace: 14296K(15296K)->14296K(15296K) NonClass: 12336K(12928K)->12336K(12928K) Class: 1960K(2368K)->1960K(2368K)
[157.587s][info][gc             ] GC(1061) Pause Young (Allocation Failure) 326M->8M(994M) 2.130ms
[157.587s][info][gc,cpu         ] GC(1061) User=0.00s Sys=0.00s Real=0.00s
[157.777s][info][gc,start       ] GC(1062) Pause Young (Allocation Failure)
[157.778s][info][gc,heap        ] GC(1062) PSYoungGen: 318464K(318464K)->960K(310272K) Eden: 317440K(317440K)->0K(309248K) From: 1024K(1024K)->960K(1024K)
[157.778s][info][gc,heap        ] GC(1062) ParOldGen: 7388K(699392K)->7468K(699392K)
[157.779s][info][gc,metaspace   ] GC(1062) Metaspace: 14296K(15296K)->14296K(15296K) NonClass: 12336K(12928K)->12336K(12928K) Class: 1960K(2368K)->1960K(2368K)
[157.779s][info][gc             ] GC(1062) Pause Young (Allocation Failure) 318M->8M(986M) 1.934ms
[157.779s][info][gc,cpu         ] GC(1062) User=0.00s Sys=0.00s Real=0.00s
[157.963s][info][gc,start       ] GC(1063) Pause Young (Allocation Failure)
[157.965s][info][gc,heap        ] GC(1063) PSYoungGen: 310208K(310272K)->1024K(302080K) Eden: 309248K(309248K)->0K(301056K) From: 960K(1024K)->1024K(1024K)
[157.965s][info][gc,heap        ] GC(1063) ParOldGen: 7468K(699392K)->7532K(699392K)
[157.965s][info][gc,metaspace   ] GC(1063) Metaspace: 14296K(15296K)->14296K(15296K) NonClass: 12336K(12928K)->12336K(12928K) Class: 1960K(2368K)->1960K(2368K)
[157.965s][info][gc             ] GC(1063) Pause Young (Allocation Failure) 310M->8M(978M) 1.810ms
[157.965s][info][gc,cpu         ] GC(1063) User=0.00s Sys=0.00s Real=0.00s
[158.145s][info][gc,start       ] GC(1064) Pause Young (Allocation Failure)
[158.146s][info][gc,heap        ] GC(1064) PSYoungGen: 302080K(302080K)->1024K(294400K) Eden: 301056K(301056K)->0K(293376K) From: 1024K(1024K)->1024K(1024K)
[158.146s][info][gc,heap        ] GC(1064) ParOldGen: 7532K(699392K)->7596K(699392K)
[158.146s][info][gc,metaspace   ] GC(1064) Metaspace: 14296K(15296K)->14296K(15296K) NonClass: 12336K(12928K)->12336K(12928K) Class: 1960K(2368K)->1960K(2368K)
[158.146s][info][gc             ] GC(1064) Pause Young (Allocation Failure) 302M->8M(970M) 1.811ms
[158.146s][info][gc,cpu         ] GC(1064) User=0.00s Sys=0.00s Real=0.00s
[158.323s][info][gc,start       ] GC(1065) Pause Young (Allocation Failure)
[158.325s][info][gc,heap        ] GC(1065) PSYoungGen: 294400K(294400K)->1024K(286720K) Eden: 293376K(293376K)->0K(285696K) From: 1024K(1024K)->1024K(1024K)
[158.325s][info][gc,heap        ] GC(1065) ParOldGen: 7596K(699392K)->7644K(699392K)
[158.325s][info][gc,metaspace   ] GC(1065) Metaspace: 14296K(15296K)->14296K(15296K) NonClass: 12336K(12928K)->12336K(12928K) Class: 1960K(2368K)->1960K(2368K)
[158.325s][info][gc             ] GC(1065) Pause Young (Allocation Failure) 294M->8M(963M) 1.615ms
[158.325s][info][gc,cpu         ] GC(1065) User=0.00s Sys=0.00s Real=0.00s
[158.493s][info][gc,start       ] GC(1066) Pause Young (Allocation Failure)
[158.495s][info][gc,heap        ] GC(1066) PSYoungGen: 286720K(286720K)->1024K(279552K) Eden: 285696K(285696K)->0K(278528K) From: 1024K(1024K)->1024K(1024K)
[158.495s][info][gc,heap        ] GC(1066) ParOldGen: 7644K(699392K)->7700K(699392K)
[158.495s][info][gc,metaspace   ] GC(1066) Metaspace: 14296K(15296K)->14296K(15296K) NonClass: 12336K(12928K)->12336K(12928K) Class: 1960K(2368K)->1960K(2368K)
[158.495s][info][gc             ] GC(1066) Pause Young (Allocation Failure) 287M->8M(956M) 1.685ms
[158.495s][info][gc,cpu         ] GC(1066) User=0.00s Sys=0.00s Real=0.00s
[158.658s][info][gc,start       ] GC(1067) Pause Young (Allocation Failure)
[158.659s][info][gc,heap        ] GC(1067) PSYoungGen: 279552K(279552K)->1024K(272384K) Eden: 278528K(278528K)->0K(271360K) From: 1024K(1024K)->1024K(1024K)
[158.659s][info][gc,heap        ] GC(1067) ParOldGen: 7700K(699392K)->7764K(699392K)
[158.659s][info][gc,metaspace   ] GC(1067) Metaspace: 14296K(15296K)->14296K(15296K) NonClass: 12336K(12928K)->12336K(12928K) Class: 1960K(2368K)->1960K(2368K)
[158.659s][info][gc             ] GC(1067) Pause Young (Allocation Failure) 280M->8M(949M) 1.721ms
[158.659s][info][gc,cpu         ] GC(1067) User=0.00s Sys=0.00s Real=0.00s
[158.820s][info][gc,start       ] GC(1068) Pause Young (Allocation Failure)
[158.822s][info][gc,heap        ] GC(1068) PSYoungGen: 272384K(272384K)->1024K(265728K) Eden: 271360K(271360K)->0K(264704K) From: 1024K(1024K)->1024K(1024K)
[158.822s][info][gc,heap        ] GC(1068) ParOldGen: 7764K(699392K)->7836K(699392K)
[158.822s][info][gc,metaspace   ] GC(1068) Metaspace: 14296K(15296K)->14296K(15296K) NonClass: 12336K(12928K)->12336K(12928K) Class: 1960K(2368K)->1960K(2368K)
[158.822s][info][gc             ] GC(1068) Pause Young (Allocation Failure) 273M->8M(942M) 1.712ms
[158.822s][info][gc,cpu         ] GC(1068) User=0.00s Sys=0.00s Real=0.00s
[158.979s][info][gc,start       ] GC(1069) Pause Young (Allocation Failure)
[158.981s][info][gc,heap        ] GC(1069) PSYoungGen: 265728K(265728K)->1024K(259584K) Eden: 264704K(264704K)->0K(258560K) From: 1024K(1024K)->1024K(1024K)
[158.981s][info][gc,heap        ] GC(1069) ParOldGen: 7836K(699392K)->7932K(699392K)
[158.981s][info][gc,metaspace   ] GC(1069) Metaspace: 14296K(15296K)->14296K(15296K) NonClass: 12336K(12928K)->12336K(12928K) Class: 1960K(2368K)->1960K(2368K)
[158.981s][info][gc             ] GC(1069) Pause Young (Allocation Failure) 267M->8M(936M) 1.751ms
[158.981s][info][gc,cpu         ] GC(1069) User=0.00s Sys=0.00s Real=0.00s
[159.133s][info][gc,start       ] GC(1070) Pause Young (Allocation Failure)
[159.135s][info][gc,heap        ] GC(1070) PSYoungGen: 259584K(259584K)->1024K(253440K) Eden: 258560K(258560K)->0K(252416K) From: 1024K(1024K)->1024K(1024K)
[159.135s][info][gc,heap        ] GC(1070) ParOldGen: 7932K(699392K)->8020K(699392K)
[159.135s][info][gc,metaspace   ] GC(1070) Metaspace: 14296K(15296K)->14296K(15296K) NonClass: 12336K(12928K)->12336K(12928K) Class: 1960K(2368K)->1960K(2368K)
[159.135s][info][gc             ] GC(1070) Pause Young (Allocation Failure) 261M->8M(930M) 1.787ms
[159.135s][info][gc,cpu         ] GC(1070) User=0.00s Sys=0.00s Real=0.00s
[159.283s][info][gc,start       ] GC(1071) Pause Young (Allocation Failure)
[159.284s][info][gc,heap        ] GC(1071) PSYoungGen: 253440K(253440K)->992K(247296K) Eden: 252416K(252416K)->0K(246272K) From: 1024K(1024K)->992K(1024K)
[159.284s][info][gc,heap        ] GC(1071) ParOldGen: 8020K(699392K)->8108K(699392K)
[159.284s][info][gc,metaspace   ] GC(1071) Metaspace: 14296K(15296K)->14296K(15296K) NonClass: 12336K(12928K)->12336K(12928K) Class: 1960K(2368K)->1960K(2368K)
[159.285s][info][gc             ] GC(1071) Pause Young (Allocation Failure) 255M->8M(924M) 1.752ms
[159.285s][info][gc,cpu         ] GC(1071) User=0.00s Sys=0.00s Real=0.00s
[159.431s][info][gc,start       ] GC(1072) Pause Young (Allocation Failure)
[159.433s][info][gc,heap        ] GC(1072) PSYoungGen: 247264K(247296K)->1024K(296960K) Eden: 246272K(246272K)->0K(295936K) From: 992K(1024K)->1024K(1024K)
[159.433s][info][gc,heap        ] GC(1072) ParOldGen: 8108K(699392K)->8172K(699392K)
[159.433s][info][gc,metaspace   ] GC(1072) Metaspace: 14296K(15296K)->14296K(15296K) NonClass: 12336K(12928K)->12336K(12928K) Class: 1960K(2368K)->1960K(2368K)
[159.433s][info][gc             ] GC(1072) Pause Young (Allocation Failure) 249M->8M(973M) 1.810ms
[159.433s][info][gc,cpu         ] GC(1072) User=0.00s Sys=0.00s Real=0.00s
[159.607s][info][gc,start       ] GC(1073) Pause Young (Allocation Failure)
[159.609s][info][gc,heap        ] GC(1073) PSYoungGen: 296960K(296960K)->1024K(289280K) Eden: 295936K(295936K)->0K(288256K) From: 1024K(1024K)->1024K(1024K)
[159.609s][info][gc,heap        ] GC(1073) ParOldGen: 8172K(699392K)->8244K(699392K)
[159.609s][info][gc,metaspace   ] GC(1073) Metaspace: 14296K(15296K)->14296K(15296K) NonClass: 12336K(12928K)->12336K(12928K) Class: 1960K(2368K)->1960K(2368K)
[159.609s][info][gc             ] GC(1073) Pause Young (Allocation Failure) 297M->9M(965M) 1.934ms
[159.609s][info][gc,cpu         ] GC(1073) User=0.52s Sys=0.00s Real=0.00s
[159.780s][info][gc,start       ] GC(1074) Pause Young (Allocation Failure)
[159.781s][info][gc,heap        ] GC(1074) PSYoungGen: 289280K(289280K)->992K(282112K) Eden: 288256K(288256K)->0K(281088K) From: 1024K(1024K)->992K(1024K)
[159.782s][info][gc,heap        ] GC(1074) ParOldGen: 8244K(699392K)->8308K(699392K)
[159.782s][info][gc,metaspace   ] GC(1074) Metaspace: 14296K(15296K)->14296K(15296K) NonClass: 12336K(12928K)->12336K(12928K) Class: 1960K(2368K)->1960K(2368K)
[159.782s][info][gc             ] GC(1074) Pause Young (Allocation Failure) 290M->9M(958M) 1.990ms
[159.782s][info][gc,cpu         ] GC(1074) User=0.52s Sys=0.00s Real=0.00s
[159.945s][info][gc,start       ] GC(1075) Pause Young (Allocation Failure)
[159.947s][info][gc,heap        ] GC(1075) PSYoungGen: 282080K(282112K)->1024K(338944K) Eden: 281088K(281088K)->0K(337408K) From: 992K(1024K)->1024K(1536K)
[159.947s][info][gc,heap        ] GC(1075) ParOldGen: 8308K(699392K)->8380K(699392K)
[159.947s][info][gc,metaspace   ] GC(1075) Metaspace: 14296K(15296K)->14296K(15296K) NonClass: 12336K(12928K)->12336K(12928K) Class: 1960K(2368K)->1960K(2368K)
[159.947s][info][gc             ] GC(1075) Pause Young (Allocation Failure) 283M->9M(1014M) 1.917ms
[159.947s][info][gc,cpu         ] GC(1075) User=0.00s Sys=0.00s Real=0.00s
[160.145s][info][gc,start       ] GC(1076) Pause Young (Allocation Failure)
[160.147s][info][gc,heap        ] GC(1076) PSYoungGen: 338432K(338944K)->1024K(329216K) Eden: 337408K(337408K)->0K(328192K) From: 1024K(1536K)->1024K(1024K)
[160.147s][info][gc,heap        ] GC(1076) ParOldGen: 8380K(699392K)->8436K(699392K)
[160.147s][info][gc,metaspace   ] GC(1076) Metaspace: 14296K(15296K)->14296K(15296K) NonClass: 12336K(12928K)->12336K(12928K) Class: 1960K(2368K)->1960K(2368K)
[160.147s][info][gc             ] GC(1076) Pause Young (Allocation Failure) 338M->9M(1004M) 2.031ms
[160.147s][info][gc,cpu         ] GC(1076) User=0.00s Sys=0.00s Real=0.00s
[160.342s][info][gc,start       ] GC(1077) Pause Young (Allocation Failure)
[160.344s][info][gc,heap        ] GC(1077) PSYoungGen: 329216K(329216K)->1024K(320512K) Eden: 328192K(328192K)->0K(319488K) From: 1024K(1024K)->1024K(1024K)
[160.344s][info][gc,heap        ] GC(1077) ParOldGen: 8436K(699392K)->8516K(699392K)
[160.344s][info][gc,metaspace   ] GC(1077) Metaspace: 14296K(15296K)->14296K(15296K) NonClass: 12336K(12928K)->12336K(12928K) Class: 1960K(2368K)->1960K(2368K)
[160.344s][info][gc             ] GC(1077) Pause Young (Allocation Failure) 329M->9M(996M) 2.060ms
[160.344s][info][gc,cpu         ] GC(1077) User=0.52s Sys=0.00s Real=0.00s
[160.534s][info][gc,start       ] GC(1078) Pause Young (Allocation Failure)
[160.536s][info][gc,heap        ] GC(1078) PSYoungGen: 320512K(320512K)->992K(311808K) Eden: 319488K(319488K)->0K(310784K) From: 1024K(1024K)->992K(1024K)
[160.536s][info][gc,heap        ] GC(1078) ParOldGen: 8516K(699392K)->8596K(699392K)
[160.536s][info][gc,metaspace   ] GC(1078) Metaspace: 14296K(15296K)->14296K(15296K) NonClass: 12336K(12928K)->12336K(12928K) Class: 1960K(2368K)->1960K(2368K)
[160.536s][info][gc             ] GC(1078) Pause Young (Allocation Failure) 321M->9M(987M) 2.099ms
[160.536s][info][gc,cpu         ] GC(1078) User=0.00s Sys=0.00s Real=0.00s
[160.721s][info][gc,start       ] GC(1079) Pause Young (Allocation Failure)
[160.723s][info][gc,heap        ] GC(1079) PSYoungGen: 311776K(311808K)->1024K(303616K) Eden: 310784K(310784K)->0K(302592K) From: 992K(1024K)->1024K(1024K)
[160.723s][info][gc,heap        ] GC(1079) ParOldGen: 8596K(699392K)->8668K(699392K)
[160.723s][info][gc,metaspace   ] GC(1079) Metaspace: 14296K(15296K)->14296K(15296K) NonClass: 12336K(12928K)->12336K(12928K) Class: 1960K(2368K)->1960K(2368K)
[160.723s][info][gc             ] GC(1079) Pause Young (Allocation Failure) 312M->9M(979M) 2.106ms
[160.723s][info][gc,cpu         ] GC(1079) User=0.00s Sys=0.00s Real=0.00s
[160.902s][info][gc,start       ] GC(1080) Pause Young (Allocation Failure)
[160.904s][info][gc,heap        ] GC(1080) PSYoungGen: 303616K(303616K)->1024K(336896K) Eden: 302592K(302592K)->0K(335360K) From: 1024K(1024K)->1024K(1536K)
[160.904s][info][gc,heap        ] GC(1080) ParOldGen: 8668K(699392K)->8740K(699392K)
[160.904s][info][gc,metaspace   ] GC(1080) Metaspace: 14296K(15296K)->14296K(15296K) NonClass: 12336K(12928K)->12336K(12928K) Class: 1960K(2368K)->1960K(2368K)
[160.904s][info][gc             ] GC(1080) Pause Young (Allocation Failure) 304M->9M(1012M) 2.089ms
[160.904s][info][gc,cpu         ] GC(1080) User=0.00s Sys=0.00s Real=0.00s
[161.104s][info][gc,start       ] GC(1081) Pause Young (Allocation Failure)
[161.107s][info][gc,heap        ] GC(1081) PSYoungGen: 336384K(336896K)->1024K(327168K) Eden: 335360K(335360K)->0K(326144K) From: 1024K(1536K)->1024K(1024K)
[161.107s][info][gc,heap        ] GC(1081) ParOldGen: 8740K(699392K)->8812K(699392K)
[161.107s][info][gc,metaspace   ] GC(1081) Metaspace: 14296K(15296K)->14296K(15296K) NonClass: 12336K(12928K)->12336K(12928K) Class: 1960K(2368K)->1960K(2368K)
[161.107s][info][gc             ] GC(1081) Pause Young (Allocation Failure) 337M->9M(1002M) 2.243ms
[161.107s][info][gc,cpu         ] GC(1081) User=0.00s Sys=0.00s Real=0.00s
[161.461s][info][gc,start       ] GC(1082) Pause Young (Allocation Failure)
[161.464s][info][gc,heap        ] GC(1082) PSYoungGen: 327168K(327168K)->1024K(318464K) Eden: 326144K(326144K)->0K(317440K) From: 1024K(1024K)->1024K(1024K)
[161.464s][info][gc,heap        ] GC(1082) ParOldGen: 8812K(699392K)->8948K(699392K)
[161.464s][info][gc,metaspace   ] GC(1082) Metaspace: 14296K(15296K)->14296K(15296K) NonClass: 12336K(12928K)->12336K(12928K) Class: 1960K(2368K)->1960K(2368K)
[161.464s][info][gc             ] GC(1082) Pause Young (Allocation Failure) 328M->9M(994M) 2.942ms
[161.464s][info][gc,cpu         ] GC(1082) User=0.00s Sys=0.00s Real=0.00s
[161.661s][info][gc,start       ] GC(1083) Pause Young (Allocation Failure)
[161.663s][info][gc,heap        ] GC(1083) PSYoungGen: 318464K(318464K)->1024K(310272K) Eden: 317440K(317440K)->0K(309248K) From: 1024K(1024K)->1024K(1024K)
[161.663s][info][gc,heap        ] GC(1083) ParOldGen: 8948K(699392K)->9044K(699392K)
[161.663s][info][gc,metaspace   ] GC(1083) Metaspace: 14296K(15296K)->14296K(15296K) NonClass: 12336K(12928K)->12336K(12928K) Class: 1960K(2368K)->1960K(2368K)
[161.663s][info][gc             ] GC(1083) Pause Young (Allocation Failure) 319M->9M(986M) 2.057ms
[161.663s][info][gc,cpu         ] GC(1083) User=0.00s Sys=0.00s Real=0.00s
[161.848s][info][gc,start       ] GC(1084) Pause Young (Allocation Failure)
[161.850s][info][gc,heap        ] GC(1084) PSYoungGen: 310272K(310272K)->1056K(302592K) Eden: 309248K(309248K)->0K(301056K) From: 1024K(1024K)->1056K(1536K)
[161.850s][info][gc,heap        ] GC(1084) ParOldGen: 9044K(699392K)->9116K(699392K)
[161.850s][info][gc,metaspace   ] GC(1084) Metaspace: 14296K(15296K)->14296K(15296K) NonClass: 12336K(12928K)->12336K(12928K) Class: 1960K(2368K)->1960K(2368K)
[161.850s][info][gc             ] GC(1084) Pause Young (Allocation Failure) 311M->9M(978M) 1.747ms
[161.850s][info][gc,cpu         ] GC(1084) User=0.00s Sys=0.00s Real=0.00s
[162.029s][info][gc,start       ] GC(1085) Pause Young (Allocation Failure)
[162.031s][info][gc,heap        ] GC(1085) PSYoungGen: 302112K(302592K)->992K(294400K) Eden: 301056K(301056K)->0K(293376K) From: 1056K(1536K)->992K(1024K)
[162.031s][info][gc,heap        ] GC(1085) ParOldGen: 9116K(699392K)->9172K(699392K)
[162.031s][info][gc,metaspace   ] GC(1085) Metaspace: 14296K(15296K)->14296K(15296K) NonClass: 12336K(12928K)->12336K(12928K) Class: 1960K(2368K)->1960K(2368K)
[162.031s][info][gc             ] GC(1085) Pause Young (Allocation Failure) 303M->9M(970M) 1.841ms
[162.031s][info][gc,cpu         ] GC(1085) User=0.00s Sys=0.00s Real=0.00s
[162.203s][info][gc,start       ] GC(1086) Pause Young (Allocation Failure)
[162.205s][info][gc,heap        ] GC(1086) PSYoungGen: 294368K(294400K)->1024K(286720K) Eden: 293376K(293376K)->0K(285696K) From: 992K(1024K)->1024K(1024K)
[162.205s][info][gc,heap        ] GC(1086) ParOldGen: 9172K(699392K)->9260K(699392K)
[162.205s][info][gc,metaspace   ] GC(1086) Metaspace: 14296K(15296K)->14296K(15296K) NonClass: 12336K(12928K)->12336K(12928K) Class: 1960K(2368K)->1960K(2368K)
[162.205s][info][gc             ] GC(1086) Pause Young (Allocation Failure) 296M->10M(963M) 1.684ms
[162.205s][info][gc,cpu         ] GC(1086) User=0.00s Sys=0.00s Real=0.00s
[162.374s][info][gc,start       ] GC(1087) Pause Young (Allocation Failure)
[162.376s][info][gc,heap        ] GC(1087) PSYoungGen: 286720K(286720K)->1024K(279552K) Eden: 285696K(285696K)->0K(278528K) From: 1024K(1024K)->1024K(1024K)
[162.376s][info][gc,heap        ] GC(1087) ParOldGen: 9260K(699392K)->9324K(699392K)
[162.376s][info][gc,metaspace   ] GC(1087) Metaspace: 14296K(15296K)->14296K(15296K) NonClass: 12336K(12928K)->12336K(12928K) Class: 1960K(2368K)->1960K(2368K)
[162.376s][info][gc             ] GC(1087) Pause Young (Allocation Failure) 289M->10M(956M) 1.733ms
[162.376s][info][gc,cpu         ] GC(1087) User=0.00s Sys=0.00s Real=0.00s
[162.542s][info][gc,start       ] GC(1088) Pause Young (Allocation Failure)
[162.544s][info][gc,heap        ] GC(1088) PSYoungGen: 279552K(279552K)->992K(272384K) Eden: 278528K(278528K)->0K(271360K) From: 1024K(1024K)->992K(1024K)
[162.544s][info][gc,heap        ] GC(1088) ParOldGen: 9324K(699392K)->9404K(699392K)
[162.544s][info][gc,metaspace   ] GC(1088) Metaspace: 14296K(15296K)->14296K(15296K) NonClass: 12336K(12928K)->12336K(12928K) Class: 1960K(2368K)->1960K(2368K)
[162.544s][info][gc             ] GC(1088) Pause Young (Allocation Failure) 282M->10M(949M) 1.769ms
[162.544s][info][gc,cpu         ] GC(1088) User=0.00s Sys=0.00s Real=0.00s
[162.705s][info][gc,start       ] GC(1089) Pause Young (Allocation Failure)
[162.707s][info][gc,heap        ] GC(1089) PSYoungGen: 272352K(272384K)->992K(265728K) Eden: 271360K(271360K)->0K(264704K) From: 992K(1024K)->992K(1024K)
[162.707s][info][gc,heap        ] GC(1089) ParOldGen: 9404K(699392K)->9484K(699392K)
[162.707s][info][gc,metaspace   ] GC(1089) Metaspace: 14296K(15296K)->14296K(15296K) NonClass: 12336K(12928K)->12336K(12928K) Class: 1960K(2368K)->1960K(2368K)
[162.707s][info][gc             ] GC(1089) Pause Young (Allocation Failure) 275M->10M(942M) 1.822ms
[162.707s][info][gc,cpu         ] GC(1089) User=0.00s Sys=0.00s Real=0.00s
[162.864s][info][gc,start       ] GC(1090) Pause Young (Allocation Failure)
[162.866s][info][gc,heap        ] GC(1090) PSYoungGen: 265696K(265728K)->1024K(259584K) Eden: 264704K(264704K)->0K(258560K) From: 992K(1024K)->1024K(1024K)
[162.866s][info][gc,heap        ] GC(1090) ParOldGen: 9484K(699392K)->9556K(699392K)
[162.866s][info][gc,metaspace   ] GC(1090) Metaspace: 14296K(15296K)->14296K(15296K) NonClass: 12336K(12928K)->12336K(12928K) Class: 1960K(2368K)->1960K(2368K)
[162.866s][info][gc             ] GC(1090) Pause Young (Allocation Failure) 268M->10M(936M) 1.813ms
[162.866s][info][gc,cpu         ] GC(1090) User=0.00s Sys=0.00s Real=0.00s
[163.019s][info][gc,start       ] GC(1091) Pause Young (Allocation Failure)
[163.020s][info][gc,heap        ] GC(1091) PSYoungGen: 259584K(259584K)->1024K(253440K) Eden: 258560K(258560K)->0K(252416K) From: 1024K(1024K)->1024K(1024K)
[163.020s][info][gc,heap        ] GC(1091) ParOldGen: 9556K(699392K)->9644K(699392K)
[163.020s][info][gc,metaspace   ] GC(1091) Metaspace: 14296K(15296K)->14296K(15296K) NonClass: 12336K(12928K)->12336K(12928K) Class: 1960K(2368K)->1960K(2368K)
[163.020s][info][gc             ] GC(1091) Pause Young (Allocation Failure) 262M->10M(930M) 1.844ms
[163.020s][info][gc,cpu         ] GC(1091) User=0.00s Sys=0.00s Real=0.00s
[163.169s][info][gc,start       ] GC(1092) Pause Young (Allocation Failure)
[163.171s][info][gc,heap        ] GC(1092) PSYoungGen: 253440K(253440K)->992K(247296K) Eden: 252416K(252416K)->0K(246272K) From: 1024K(1024K)->992K(1024K)
[163.171s][info][gc,heap        ] GC(1092) ParOldGen: 9644K(699392K)->9708K(699392K)
[163.171s][info][gc,metaspace   ] GC(1092) Metaspace: 14296K(15296K)->14296K(15296K) NonClass: 12336K(12928K)->12336K(12928K) Class: 1960K(2368K)->1960K(2368K)
[163.171s][info][gc             ] GC(1092) Pause Young (Allocation Failure) 256M->10M(924M) 1.870ms
[163.171s][info][gc,cpu         ] GC(1092) User=0.00s Sys=0.00s Real=0.00s
[163.316s][info][gc,start       ] GC(1093) Pause Young (Allocation Failure)
[163.318s][info][gc,heap        ] GC(1093) PSYoungGen: 247264K(247296K)->992K(296960K) Eden: 246272K(246272K)->0K(295936K) From: 992K(1024K)->992K(1024K)
[163.318s][info][gc,heap        ] GC(1093) ParOldGen: 9708K(699392K)->9780K(699392K)
[163.318s][info][gc,metaspace   ] GC(1093) Metaspace: 14296K(15296K)->14296K(15296K) NonClass: 12336K(12928K)->12336K(12928K) Class: 1960K(2368K)->1960K(2368K)
[163.318s][info][gc             ] GC(1093) Pause Young (Allocation Failure) 250M->10M(973M) 1.867ms
[163.318s][info][gc,cpu         ] GC(1093) User=0.00s Sys=0.00s Real=0.00s
[163.493s][info][gc,start       ] GC(1094) Pause Young (Allocation Failure)
[163.494s][info][gc,heap        ] GC(1094) PSYoungGen: 296928K(296960K)->1024K(330752K) Eden: 295936K(295936K)->0K(329216K) From: 992K(1024K)->1024K(1536K)
[163.494s][info][gc,heap        ] GC(1094) ParOldGen: 9780K(699392K)->9844K(699392K)
[163.495s][info][gc,metaspace   ] GC(1094) Metaspace: 14296K(15296K)->14296K(15296K) NonClass: 12336K(12928K)->12336K(12928K) Class: 1960K(2368K)->1960K(2368K)
[163.495s][info][gc             ] GC(1094) Pause Young (Allocation Failure) 299M->10M(1006M) 1.925ms
[163.495s][info][gc,cpu         ] GC(1094) User=0.00s Sys=0.00s Real=0.00s
[163.688s][info][gc,start       ] GC(1095) Pause Young (Allocation Failure)
[163.690s][info][gc,heap        ] GC(1095) PSYoungGen: 330240K(330752K)->1024K(321536K) Eden: 329216K(329216K)->0K(320512K) From: 1024K(1536K)->1024K(1024K)
[163.690s][info][gc,heap        ] GC(1095) ParOldGen: 9844K(699392K)->9908K(699392K)
[163.690s][info][gc,metaspace   ] GC(1095) Metaspace: 14296K(15296K)->14296K(15296K) NonClass: 12336K(12928K)->12336K(12928K) Class: 1960K(2368K)->1960K(2368K)
[163.690s][info][gc             ] GC(1095) Pause Young (Allocation Failure) 332M->10M(997M) 2.159ms
[163.691s][info][gc,cpu         ] GC(1095) User=0.00s Sys=0.00s Real=0.00s
[163.880s][info][gc,start       ] GC(1096) Pause Young (Allocation Failure)
[163.881s][info][gc,heap        ] GC(1096) PSYoungGen: 321536K(321536K)->1024K(312832K) Eden: 320512K(320512K)->0K(311808K) From: 1024K(1024K)->1024K(1024K)
[163.881s][info][gc,heap        ] GC(1096) ParOldGen: 9908K(699392K)->9988K(699392K)
[163.881s][info][gc,metaspace   ] GC(1096) Metaspace: 14296K(15296K)->14296K(15296K) NonClass: 12336K(12928K)->12336K(12928K) Class: 1960K(2368K)->1960K(2368K)
[163.882s][info][gc             ] GC(1096) Pause Young (Allocation Failure) 323M->10M(988M) 1.968ms
[163.882s][info][gc,cpu         ] GC(1096) User=0.00s Sys=0.00s Real=0.00s
[164.067s][info][gc,start       ] GC(1097) Pause Young (Allocation Failure)
[164.069s][info][gc,heap        ] GC(1097) PSYoungGen: 312832K(312832K)->1024K(304640K) Eden: 311808K(311808K)->0K(303616K) From: 1024K(1024K)->1024K(1024K)
[164.069s][info][gc,heap        ] GC(1097) ParOldGen: 9988K(699392K)->10060K(699392K)
[164.069s][info][gc,metaspace   ] GC(1097) Metaspace: 14296K(15296K)->14296K(15296K) NonClass: 12336K(12928K)->12336K(12928K) Class: 1960K(2368K)->1960K(2368K)
[164.069s][info][gc             ] GC(1097) Pause Young (Allocation Failure) 315M->10M(980M) 2.073ms
[164.069s][info][gc,cpu         ] GC(1097) User=0.00s Sys=0.00s Real=0.00s
[164.250s][info][gc,start       ] GC(1098) Pause Young (Allocation Failure)
[164.252s][info][gc,heap        ] GC(1098) PSYoungGen: 304640K(304640K)->992K(296960K) Eden: 303616K(303616K)->0K(295936K) From: 1024K(1024K)->992K(1024K)
[164.252s][info][gc,heap        ] GC(1098) ParOldGen: 10060K(699392K)->10140K(699392K)
[164.252s][info][gc,metaspace   ] GC(1098) Metaspace: 14296K(15296K)->14296K(15296K) NonClass: 12336K(12928K)->12336K(12928K) Class: 1960K(2368K)->1960K(2368K)
[164.252s][info][gc             ] GC(1098) Pause Young (Allocation Failure) 307M->10M(973M) 2.055ms
[164.252s][info][gc,cpu         ] GC(1098) User=0.00s Sys=0.00s Real=0.00s
[164.426s][info][gc,start       ] GC(1099) Pause Young (Allocation Failure)
[164.428s][info][gc,heap        ] GC(1099) PSYoungGen: 296928K(296960K)->1024K(328704K) Eden: 295936K(295936K)->0K(327168K) From: 992K(1024K)->1024K(1536K)
[164.428s][info][gc,heap        ] GC(1099) ParOldGen: 10140K(699392K)->10220K(699392K)
[164.428s][info][gc,metaspace   ] GC(1099) Metaspace: 14296K(15296K)->14296K(15296K) NonClass: 12336K(12928K)->12336K(12928K) Class: 1960K(2368K)->1960K(2368K)
[164.428s][info][gc             ] GC(1099) Pause Young (Allocation Failure) 299M->10M(1004M) 2.073ms
[164.428s][info][gc,cpu         ] GC(1099) User=0.00s Sys=0.00s Real=0.00s
[164.621s][info][gc,start       ] GC(1100) Pause Young (Allocation Failure)
[164.623s][info][gc,heap        ] GC(1100) PSYoungGen: 328192K(328704K)->1024K(319488K) Eden: 327168K(327168K)->0K(318464K) From: 1024K(1536K)->1024K(1024K)
[164.623s][info][gc,heap        ] GC(1100) ParOldGen: 10220K(699392K)->10268K(699392K)
[164.623s][info][gc,metaspace   ] GC(1100) Metaspace: 14296K(15296K)->14296K(15296K) NonClass: 12336K(12928K)->12336K(12928K) Class: 1960K(2368K)->1960K(2368K)
[164.623s][info][gc             ] GC(1100) Pause Young (Allocation Failure) 330M->11M(995M) 2.138ms
[164.623s][info][gc,cpu         ] GC(1100) User=0.00s Sys=0.00s Real=0.00s
[164.812s][info][gc,start       ] GC(1101) Pause Young (Allocation Failure)
[164.814s][info][gc,heap        ] GC(1101) PSYoungGen: 319488K(319488K)->1056K(347136K) Eden: 318464K(318464K)->0K(345600K) From: 1024K(1024K)->1056K(1536K)
[164.814s][info][gc,heap        ] GC(1101) ParOldGen: 10268K(699392K)->10332K(699392K)
[164.814s][info][gc,metaspace   ] GC(1101) Metaspace: 14296K(15296K)->14296K(15296K) NonClass: 12336K(12928K)->12336K(12928K) Class: 1960K(2368K)->1960K(2368K)
[164.814s][info][gc             ] GC(1101) Pause Young (Allocation Failure) 322M->11M(1022M) 2.090ms
[164.814s][info][gc,cpu         ] GC(1101) User=0.52s Sys=0.00s Real=0.00s
[165.018s][info][gc,start       ] GC(1102) Pause Young (Allocation Failure)
[165.020s][info][gc,heap        ] GC(1102) PSYoungGen: 346656K(347136K)->1024K(336896K) Eden: 345600K(345600K)->0K(335872K) From: 1056K(1536K)->1024K(1024K)
[165.020s][info][gc,heap        ] GC(1102) ParOldGen: 10332K(699392K)->10412K(699392K)
[165.020s][info][gc,metaspace   ] GC(1102) Metaspace: 14296K(15296K)->14296K(15296K) NonClass: 12336K(12928K)->12336K(12928K) Class: 1960K(2368K)->1960K(2368K)
[165.020s][info][gc             ] GC(1102) Pause Young (Allocation Failure) 348M->11M(1012M) 2.167ms
[165.020s][info][gc,cpu         ] GC(1102) User=0.00s Sys=0.00s Real=0.00s
[165.362s][info][gc,start       ] GC(1103) Pause Young (Allocation Failure)
[165.365s][info][gc,heap        ] GC(1103) PSYoungGen: 336896K(336896K)->1024K(327680K) Eden: 335872K(335872K)->0K(326656K) From: 1024K(1024K)->1024K(1024K)
[165.365s][info][gc,heap        ] GC(1103) ParOldGen: 10412K(699392K)->10508K(699392K)
[165.365s][info][gc,metaspace   ] GC(1103) Metaspace: 14296K(15296K)->14296K(15296K) NonClass: 12336K(12928K)->12336K(12928K) Class: 1960K(2368K)->1960K(2368K)
[165.365s][info][gc             ] GC(1103) Pause Young (Allocation Failure) 339M->11M(1003M) 2.900ms
[165.365s][info][gc,cpu         ] GC(1103) User=0.00s Sys=0.00s Real=0.00s
[165.564s][info][gc,start       ] GC(1104) Pause Young (Allocation Failure)
[165.566s][info][gc,heap        ] GC(1104) PSYoungGen: 327680K(327680K)->1056K(319488K) Eden: 326656K(326656K)->0K(317952K) From: 1024K(1024K)->1056K(1536K)
[165.566s][info][gc,heap        ] GC(1104) ParOldGen: 10508K(699392K)->10564K(699392K)
[165.566s][info][gc,metaspace   ] GC(1104) Metaspace: 14296K(15296K)->14296K(15296K) NonClass: 12336K(12928K)->12336K(12928K) Class: 1960K(2368K)->1960K(2368K)
[165.566s][info][gc             ] GC(1104) Pause Young (Allocation Failure) 330M->11M(995M) 1.957ms
[165.566s][info][gc,cpu         ] GC(1104) User=0.00s Sys=0.00s Real=0.00s
[165.755s][info][gc,start       ] GC(1105) Pause Young (Allocation Failure)
[165.757s][info][gc,heap        ] GC(1105) PSYoungGen: 319008K(319488K)->1024K(310272K) Eden: 317952K(317952K)->0K(309248K) From: 1056K(1536K)->1024K(1024K)
[165.757s][info][gc,heap        ] GC(1105) ParOldGen: 10564K(699392K)->10644K(699392K)
[165.757s][info][gc,metaspace   ] GC(1105) Metaspace: 14296K(15296K)->14296K(15296K) NonClass: 12336K(12928K)->12336K(12928K) Class: 1960K(2368K)->1960K(2368K)
[165.757s][info][gc             ] GC(1105) Pause Young (Allocation Failure) 321M->11M(986M) 1.857ms
[165.757s][info][gc,cpu         ] GC(1105) User=0.00s Sys=0.00s Real=0.00s
[165.939s][info][gc,start       ] GC(1106) Pause Young (Allocation Failure)
[165.941s][info][gc,heap        ] GC(1106) PSYoungGen: 310272K(310272K)->1024K(302080K) Eden: 309248K(309248K)->0K(301056K) From: 1024K(1024K)->1024K(1024K)
[165.941s][info][gc,heap        ] GC(1106) ParOldGen: 10644K(699392K)->10740K(699392K)
[165.941s][info][gc,metaspace   ] GC(1106) Metaspace: 14296K(15296K)->14296K(15296K) NonClass: 12336K(12928K)->12336K(12928K) Class: 1960K(2368K)->1960K(2368K)
[165.941s][info][gc             ] GC(1106) Pause Young (Allocation Failure) 313M->11M(978M) 1.844ms
[165.941s][info][gc,cpu         ] GC(1106) User=0.00s Sys=0.00s Real=0.00s
[166.117s][info][gc,start       ] GC(1107) Pause Young (Allocation Failure)
[166.119s][info][gc,heap        ] GC(1107) PSYoungGen: 302080K(302080K)->1024K(294400K) Eden: 301056K(301056K)->0K(293376K) From: 1024K(1024K)->1024K(1024K)
[166.119s][info][gc,heap        ] GC(1107) ParOldGen: 10740K(699392K)->10812K(699392K)
[166.119s][info][gc,metaspace   ] GC(1107) Metaspace: 14296K(15296K)->14296K(15296K) NonClass: 12336K(12928K)->12336K(12928K) Class: 1960K(2368K)->1960K(2368K)
[166.119s][info][gc             ] GC(1107) Pause Young (Allocation Failure) 305M->11M(970M) 1.668ms
[166.119s][info][gc,cpu         ] GC(1107) User=0.00s Sys=0.00s Real=0.00s
[166.292s][info][gc,start       ] GC(1108) Pause Young (Allocation Failure)
[166.293s][info][gc,heap        ] GC(1108) PSYoungGen: 294400K(294400K)->1024K(286720K) Eden: 293376K(293376K)->0K(285696K) From: 1024K(1024K)->1024K(1024K)
[166.293s][info][gc,heap        ] GC(1108) ParOldGen: 10812K(699392K)->10860K(699392K)
[166.293s][info][gc,metaspace   ] GC(1108) Metaspace: 14296K(15296K)->14296K(15296K) NonClass: 12336K(12928K)->12336K(12928K) Class: 1960K(2368K)->1960K(2368K)
[166.293s][info][gc             ] GC(1108) Pause Young (Allocation Failure) 298M->11M(963M) 1.683ms
[166.293s][info][gc,cpu         ] GC(1108) User=0.00s Sys=0.00s Real=0.00s
[166.460s][info][gc,start       ] GC(1109) Pause Young (Allocation Failure)
[166.462s][info][gc,heap        ] GC(1109) PSYoungGen: 286720K(286720K)->1024K(279552K) Eden: 285696K(285696K)->0K(278528K) From: 1024K(1024K)->1024K(1024K)
[166.462s][info][gc,heap        ] GC(1109) ParOldGen: 10860K(699392K)->10932K(699392K)
[166.462s][info][gc,metaspace   ] GC(1109) Metaspace: 14296K(15296K)->14296K(15296K) NonClass: 12336K(12928K)->12336K(12928K) Class: 1960K(2368K)->1960K(2368K)
[166.462s][info][gc             ] GC(1109) Pause Young (Allocation Failure) 290M->11M(956M) 1.700ms
[166.462s][info][gc,cpu         ] GC(1109) User=0.00s Sys=0.00s Real=0.00s
[166.625s][info][gc,start       ] GC(1110) Pause Young (Allocation Failure)
[166.626s][info][gc,heap        ] GC(1110) PSYoungGen: 279552K(279552K)->1024K(272384K) Eden: 278528K(278528K)->0K(271360K) From: 1024K(1024K)->1024K(1024K)
[166.626s][info][gc,heap        ] GC(1110) ParOldGen: 10932K(699392K)->11000K(699392K)
[166.626s][info][gc,metaspace   ] GC(1110) Metaspace: 14296K(15296K)->14296K(15296K) NonClass: 12336K(12928K)->12336K(12928K) Class: 1960K(2368K)->1960K(2368K)
[166.626s][info][gc             ] GC(1110) Pause Young (Allocation Failure) 283M->11M(949M) 1.773ms
[166.626s][info][gc,cpu         ] GC(1110) User=0.00s Sys=0.00s Real=0.00s
[166.785s][info][gc,start       ] GC(1111) Pause Young (Allocation Failure)
[166.787s][info][gc,heap        ] GC(1111) PSYoungGen: 272384K(272384K)->1024K(265728K) Eden: 271360K(271360K)->0K(264704K) From: 1024K(1024K)->1024K(1024K)
[166.787s][info][gc,heap        ] GC(1111) ParOldGen: 11000K(699392K)->11080K(699392K)
[166.787s][info][gc,metaspace   ] GC(1111) Metaspace: 14296K(15296K)->14296K(15296K) NonClass: 12336K(12928K)->12336K(12928K) Class: 1960K(2368K)->1960K(2368K)
[166.787s][info][gc             ] GC(1111) Pause Young (Allocation Failure) 276M->11M(942M) 1.762ms
[166.787s][info][gc,cpu         ] GC(1111) User=0.00s Sys=0.00s Real=0.00s
[166.942s][info][gc,start       ] GC(1112) Pause Young (Allocation Failure)
[166.944s][info][gc,heap        ] GC(1112) PSYoungGen: 265728K(265728K)->992K(259584K) Eden: 264704K(264704K)->0K(258560K) From: 1024K(1024K)->992K(1024K)
[166.944s][info][gc,heap        ] GC(1112) ParOldGen: 11080K(699392K)->11144K(699392K)
[166.944s][info][gc,metaspace   ] GC(1112) Metaspace: 14296K(15296K)->14296K(15296K) NonClass: 12336K(12928K)->12336K(12928K) Class: 1960K(2368K)->1960K(2368K)
[166.944s][info][gc             ] GC(1112) Pause Young (Allocation Failure) 270M->11M(936M) 1.796ms
[166.944s][info][gc,cpu         ] GC(1112) User=0.00s Sys=0.00s Real=0.00s
[167.095s][info][gc,start       ] GC(1113) Pause Young (Allocation Failure)
[167.097s][info][gc,heap        ] GC(1113) PSYoungGen: 259552K(259584K)->1024K(253440K) Eden: 258560K(258560K)->0K(252416K) From: 992K(1024K)->1024K(1024K)
[167.097s][info][gc,heap        ] GC(1113) ParOldGen: 11144K(699392K)->11200K(699392K)
[167.097s][info][gc,metaspace   ] GC(1113) Metaspace: 14296K(15296K)->14296K(15296K) NonClass: 12336K(12928K)->12336K(12928K) Class: 1960K(2368K)->1960K(2368K)
[167.097s][info][gc             ] GC(1113) Pause Young (Allocation Failure) 264M->11M(930M) 1.846ms
[167.097s][info][gc,cpu         ] GC(1113) User=0.00s Sys=0.00s Real=0.00s
[167.245s][info][gc,start       ] GC(1114) Pause Young (Allocation Failure)
[167.247s][info][gc,heap        ] GC(1114) PSYoungGen: 253440K(253440K)->1024K(304128K) Eden: 252416K(252416K)->0K(303104K) From: 1024K(1024K)->1024K(1024K)
[167.247s][info][gc,heap        ] GC(1114) ParOldGen: 11200K(699392K)->11248K(699392K)
[167.247s][info][gc,metaspace   ] GC(1114) Metaspace: 14296K(15296K)->14296K(15296K) NonClass: 12336K(12928K)->12336K(12928K) Class: 1960K(2368K)->1960K(2368K)
[167.247s][info][gc             ] GC(1114) Pause Young (Allocation Failure) 258M->11M(980M) 1.868ms
[167.247s][info][gc,cpu         ] GC(1114) User=0.00s Sys=0.00s Real=0.00s
[167.425s][info][gc,start       ] GC(1115) Pause Young (Allocation Failure)
[167.427s][info][gc,heap        ] GC(1115) PSYoungGen: 304128K(304128K)->1024K(341504K) Eden: 303104K(303104K)->0K(339968K) From: 1024K(1024K)->1024K(1536K)
[167.427s][info][gc,heap        ] GC(1115) ParOldGen: 11248K(699392K)->11312K(699392K)
[167.427s][info][gc,metaspace   ] GC(1115) Metaspace: 14296K(15296K)->14296K(15296K) NonClass: 12336K(12928K)->12336K(12928K) Class: 1960K(2368K)->1960K(2368K)
[167.427s][info][gc             ] GC(1115) Pause Young (Allocation Failure) 307M->12M(1016M) 1.893ms
[167.427s][info][gc,cpu         ] GC(1115) User=0.00s Sys=0.00s Real=0.00s
[167.628s][info][gc,start       ] GC(1116) Pause Young (Allocation Failure)
[167.630s][info][gc,heap        ] GC(1116) PSYoungGen: 340992K(341504K)->1056K(332288K) Eden: 339968K(339968K)->0K(330752K) From: 1024K(1536K)->1056K(1536K)
[167.630s][info][gc,heap        ] GC(1116) ParOldGen: 11312K(699392K)->11376K(699392K)
[167.630s][info][gc,metaspace   ] GC(1116) Metaspace: 14296K(15296K)->14296K(15296K) NonClass: 12336K(12928K)->12336K(12928K) Class: 1960K(2368K)->1960K(2368K)
[167.630s][info][gc             ] GC(1116) Pause Young (Allocation Failure) 344M->12M(1007M) 1.973ms
[167.630s][info][gc,cpu         ] GC(1116) User=0.00s Sys=0.00s Real=0.00s
[167.826s][info][gc,start       ] GC(1117) Pause Young (Allocation Failure)
[167.828s][info][gc,heap        ] GC(1117) PSYoungGen: 331808K(332288K)->1056K(323072K) Eden: 330752K(330752K)->0K(321536K) From: 1056K(1536K)->1056K(1536K)
[167.828s][info][gc,heap        ] GC(1117) ParOldGen: 11376K(699392K)->11432K(699392K)
[167.828s][info][gc,metaspace   ] GC(1117) Metaspace: 14296K(15296K)->14296K(15296K) NonClass: 12336K(12928K)->12336K(12928K) Class: 1960K(2368K)->1960K(2368K)
[167.828s][info][gc             ] GC(1117) Pause Young (Allocation Failure) 335M->12M(998M) 2.059ms
[167.828s][info][gc,cpu         ] GC(1117) User=0.52s Sys=0.00s Real=0.00s
[168.018s][info][gc,start       ] GC(1118) Pause Young (Allocation Failure)
[168.020s][info][gc,heap        ] GC(1118) PSYoungGen: 322592K(323072K)->512K(313344K) Eden: 321536K(321536K)->0K(312832K) From: 1056K(1536K)->512K(512K)
[168.020s][info][gc,heap        ] GC(1118) ParOldGen: 11432K(699392K)->11632K(699392K)
[168.020s][info][gc,metaspace   ] GC(1118) Metaspace: 14296K(15296K)->14296K(15296K) NonClass: 12336K(12928K)->12336K(12928K) Class: 1960K(2368K)->1960K(2368K)
[168.020s][info][gc             ] GC(1118) Pause Young (Allocation Failure) 326M->11M(989M) 1.957ms
[168.020s][info][gc,cpu         ] GC(1118) User=0.00s Sys=0.00s Real=0.00s
[168.206s][info][gc,start       ] GC(1119) Pause Young (Allocation Failure)
[168.207s][info][gc,heap        ] GC(1119) PSYoungGen: 313344K(313344K)->1056K(306176K) Eden: 312832K(312832K)->0K(304640K) From: 512K(512K)->1056K(1536K)
[168.208s][info][gc,heap        ] GC(1119) ParOldGen: 11632K(699392K)->11680K(699392K)
[168.208s][info][gc,metaspace   ] GC(1119) Metaspace: 14296K(15296K)->14296K(15296K) NonClass: 12336K(12928K)->12336K(12928K) Class: 1960K(2368K)->1960K(2368K)
[168.208s][info][gc             ] GC(1119) Pause Young (Allocation Failure) 317M->12M(982M) 2.014ms
[168.208s][info][gc,cpu         ] GC(1119) User=0.00s Sys=0.00s Real=0.00s
[168.386s][info][gc,start       ] GC(1120) Pause Young (Allocation Failure)
[168.388s][info][gc,heap        ] GC(1120) PSYoungGen: 305696K(306176K)->1024K(297984K) Eden: 304640K(304640K)->0K(296960K) From: 1056K(1536K)->1024K(1024K)
[168.388s][info][gc,heap        ] GC(1120) ParOldGen: 11680K(699392K)->11768K(699392K)
[168.388s][info][gc,metaspace   ] GC(1120) Metaspace: 14296K(15296K)->14296K(15296K) NonClass: 12336K(12928K)->12336K(12928K) Class: 1960K(2368K)->1960K(2368K)
[168.388s][info][gc             ] GC(1120) Pause Young (Allocation Failure) 309M->12M(974M) 2.098ms
[168.388s][info][gc,cpu         ] GC(1120) User=0.00s Sys=0.00s Real=0.00s
[168.563s][info][gc,start       ] GC(1121) Pause Young (Allocation Failure)
[168.565s][info][gc,heap        ] GC(1121) PSYoungGen: 297984K(297984K)->1024K(346112K) Eden: 296960K(296960K)->0K(344576K) From: 1024K(1024K)->1024K(1536K)
[168.565s][info][gc,heap        ] GC(1121) ParOldGen: 11768K(699392K)->11840K(699392K)
[168.565s][info][gc,metaspace   ] GC(1121) Metaspace: 14296K(15296K)->14296K(15296K) NonClass: 12336K(12928K)->12336K(12928K) Class: 1960K(2368K)->1960K(2368K)
[168.565s][info][gc             ] GC(1121) Pause Young (Allocation Failure) 302M->12M(1021M) 2.064ms
[168.565s][info][gc,cpu         ] GC(1121) User=0.00s Sys=0.00s Real=0.00s
[168.769s][info][gc,start       ] GC(1122) Pause Young (Allocation Failure)
[168.771s][info][gc,heap        ] GC(1122) PSYoungGen: 345600K(346112K)->1024K(347648K) Eden: 344576K(344576K)->0K(346112K) From: 1024K(1536K)->1024K(1536K)
[168.771s][info][gc,heap        ] GC(1122) ParOldGen: 11840K(699392K)->11896K(699392K)
[168.771s][info][gc,metaspace   ] GC(1122) Metaspace: 14296K(15296K)->14296K(15296K) NonClass: 12336K(12928K)->12336K(12928K) Class: 1960K(2368K)->1960K(2368K)
[168.771s][info][gc             ] GC(1122) Pause Young (Allocation Failure) 349M->12M(1022M) 2.119ms
[168.771s][info][gc,cpu         ] GC(1122) User=0.00s Sys=0.00s Real=0.00s
[168.974s][info][gc,start       ] GC(1123) Pause Young (Allocation Failure)
[168.976s][info][gc,heap        ] GC(1123) PSYoungGen: 347136K(347648K)->992K(347648K) Eden: 346112K(346112K)->0K(346112K) From: 1024K(1536K)->992K(1536K)
[168.976s][info][gc,heap        ] GC(1123) ParOldGen: 11896K(699392K)->11992K(699392K)
[168.976s][info][gc,metaspace   ] GC(1123) Metaspace: 14296K(15296K)->14296K(15296K) NonClass: 12336K(12928K)->12336K(12928K) Class: 1960K(2368K)->1960K(2368K)
[168.976s][info][gc             ] GC(1123) Pause Young (Allocation Failure) 350M->12M(1022M) 2.161ms
[168.976s][info][gc,cpu         ] GC(1123) User=0.00s Sys=0.00s Real=0.00s
[169.277s][info][gc,start       ] GC(1124) Pause Young (Allocation Failure)
[169.280s][info][gc,heap        ] GC(1124) PSYoungGen: 347104K(347648K)->1056K(337920K) Eden: 346112K(346112K)->0K(336384K) From: 992K(1536K)->1056K(1536K)
[169.280s][info][gc,heap        ] GC(1124) ParOldGen: 11992K(699392K)->12080K(699392K)
[169.280s][info][gc,metaspace   ] GC(1124) Metaspace: 14296K(15296K)->14296K(15296K) NonClass: 12336K(12928K)->12336K(12928K) Class: 1960K(2368K)->1960K(2368K)
[169.280s][info][gc             ] GC(1124) Pause Young (Allocation Failure) 350M->12M(1013M) 3.064ms
[169.280s][info][gc,cpu         ] GC(1124) User=0.00s Sys=0.00s Real=0.00s
[169.485s][info][gc,start       ] GC(1125) Pause Young (Allocation Failure)
[169.487s][info][gc,heap        ] GC(1125) PSYoungGen: 337440K(337920K)->1024K(328192K) Eden: 336384K(336384K)->0K(327168K) From: 1056K(1536K)->1024K(1024K)
[169.487s][info][gc,heap        ] GC(1125) ParOldGen: 12080K(699392K)->12144K(699392K)
[169.487s][info][gc,metaspace   ] GC(1125) Metaspace: 14296K(15296K)->14296K(15296K) NonClass: 12336K(12928K)->12336K(12928K) Class: 1960K(2368K)->1960K(2368K)
[169.487s][info][gc             ] GC(1125) Pause Young (Allocation Failure) 341M->12M(1003M) 2.059ms
[169.487s][info][gc,cpu         ] GC(1125) User=0.00s Sys=0.00s Real=0.00s
[169.680s][info][gc,start       ] GC(1126) Pause Young (Allocation Failure)
[169.681s][info][gc,heap        ] GC(1126) PSYoungGen: 328192K(328192K)->1024K(319488K) Eden: 327168K(327168K)->0K(318464K) From: 1024K(1024K)->1024K(1024K)
[169.681s][info][gc,heap        ] GC(1126) ParOldGen: 12144K(699392K)->12232K(699392K)
[169.681s][info][gc,metaspace   ] GC(1126) Metaspace: 14296K(15296K)->14296K(15296K) NonClass: 12336K(12928K)->12336K(12928K) Class: 1960K(2368K)->1960K(2368K)
[169.681s][info][gc             ] GC(1126) Pause Young (Allocation Failure) 332M->12M(995M) 1.748ms
[169.681s][info][gc,cpu         ] GC(1126) User=0.00s Sys=0.00s Real=0.00s
[169.870s][info][gc,start       ] GC(1127) Pause Young (Allocation Failure)
[169.871s][info][gc,heap        ] GC(1127) PSYoungGen: 319488K(319488K)->992K(310784K) Eden: 318464K(318464K)->0K(309760K) From: 1024K(1024K)->992K(1024K)
[169.871s][info][gc,heap        ] GC(1127) ParOldGen: 12232K(699392K)->12312K(699392K)
[169.871s][info][gc,metaspace   ] GC(1127) Metaspace: 14296K(15296K)->14296K(15296K) NonClass: 12336K(12928K)->12336K(12928K) Class: 1960K(2368K)->1960K(2368K)
[169.871s][info][gc             ] GC(1127) Pause Young (Allocation Failure) 323M->12M(986M) 1.673ms
[169.871s][info][gc,cpu         ] GC(1127) User=0.00s Sys=0.00s Real=0.00s
[170.054s][info][gc,start       ] GC(1128) Pause Young (Allocation Failure)
[170.056s][info][gc,heap        ] GC(1128) PSYoungGen: 310752K(310784K)->1024K(302592K) Eden: 309760K(309760K)->0K(301568K) From: 992K(1024K)->1024K(1024K)
[170.056s][info][gc,heap        ] GC(1128) ParOldGen: 12312K(699392K)->12384K(699392K)
[170.056s][info][gc,metaspace   ] GC(1128) Metaspace: 14296K(15296K)->14296K(15296K) NonClass: 12336K(12928K)->12336K(12928K) Class: 1960K(2368K)->1960K(2368K)
[170.056s][info][gc             ] GC(1128) Pause Young (Allocation Failure) 315M->13M(978M) 1.739ms
[170.056s][info][gc,cpu         ] GC(1128) User=0.00s Sys=0.00s Real=0.00s
[170.234s][info][gc,start       ] GC(1129) Pause Young (Allocation Failure)
[170.236s][info][gc,heap        ] GC(1129) PSYoungGen: 302592K(302592K)->1024K(294912K) Eden: 301568K(301568K)->0K(293888K) From: 1024K(1024K)->1024K(1024K)
[170.236s][info][gc,heap        ] GC(1129) ParOldGen: 12384K(699392K)->12456K(699392K)
[170.236s][info][gc,metaspace   ] GC(1129) Metaspace: 14296K(15296K)->14296K(15296K) NonClass: 12336K(12928K)->12336K(12928K) Class: 1960K(2368K)->1960K(2368K)
[170.236s][info][gc             ] GC(1129) Pause Young (Allocation Failure) 307M->13M(971M) 1.754ms
[170.236s][info][gc,cpu         ] GC(1129) User=0.02s Sys=0.00s Real=0.00s
[170.410s][info][gc,start       ] GC(1130) Pause Young (Allocation Failure)
[170.411s][info][gc,heap        ] GC(1130) PSYoungGen: 294912K(294912K)->1024K(287232K) Eden: 293888K(293888K)->0K(286208K) From: 1024K(1024K)->1024K(1024K)
[170.412s][info][gc,heap        ] GC(1130) ParOldGen: 12456K(699392K)->12544K(699392K)
[170.412s][info][gc,metaspace   ] GC(1130) Metaspace: 14296K(15296K)->14296K(15296K) NonClass: 12336K(12928K)->12336K(12928K) Class: 1960K(2368K)->1960K(2368K)
[170.412s][info][gc             ] GC(1130) Pause Young (Allocation Failure) 300M->13M(963M) 1.761ms
[170.412s][info][gc,cpu         ] GC(1130) User=0.00s Sys=0.00s Real=0.00s
[170.582s][info][gc,start       ] GC(1131) Pause Young (Allocation Failure)
[170.584s][info][gc,heap        ] GC(1131) PSYoungGen: 287232K(287232K)->1024K(280064K) Eden: 286208K(286208K)->0K(279040K) From: 1024K(1024K)->1024K(1024K)
[170.584s][info][gc,heap        ] GC(1131) ParOldGen: 12544K(699392K)->12592K(699392K)
[170.584s][info][gc,metaspace   ] GC(1131) Metaspace: 14296K(15296K)->14296K(15296K) NonClass: 12336K(12928K)->12336K(12928K) Class: 1960K(2368K)->1960K(2368K)
[170.584s][info][gc             ] GC(1131) Pause Young (Allocation Failure) 292M->13M(956M) 1.796ms
[170.584s][info][gc,cpu         ] GC(1131) User=0.00s Sys=0.00s Real=0.00s
[170.752s][info][gc,start       ] GC(1132) Pause Young (Allocation Failure)
[170.754s][info][gc,heap        ] GC(1132) PSYoungGen: 280064K(280064K)->1024K(272896K) Eden: 279040K(279040K)->0K(271872K) From: 1024K(1024K)->1024K(1024K)
[170.754s][info][gc,heap        ] GC(1132) ParOldGen: 12592K(699392K)->12664K(699392K)
[170.754s][info][gc,metaspace   ] GC(1132) Metaspace: 14296K(15296K)->14296K(15296K) NonClass: 12336K(12928K)->12336K(12928K) Class: 1960K(2368K)->1960K(2368K)
[170.754s][info][gc             ] GC(1132) Pause Young (Allocation Failure) 285M->13M(949M) 1.796ms
[170.754s][info][gc,cpu         ] GC(1132) User=0.00s Sys=0.00s Real=0.00s
[170.926s][info][gc,start       ] GC(1133) Pause Young (Allocation Failure)
[170.927s][info][gc,heap        ] GC(1133) PSYoungGen: 272896K(272896K)->992K(266240K) Eden: 271872K(271872K)->0K(265216K) From: 1024K(1024K)->992K(1024K)
[170.927s][info][gc,heap        ] GC(1133) ParOldGen: 12664K(699392K)->12736K(699392K)
[170.927s][info][gc,metaspace   ] GC(1133) Metaspace: 14296K(15296K)->14296K(15296K) NonClass: 12336K(12928K)->12336K(12928K) Class: 1960K(2368K)->1960K(2368K)
[170.927s][info][gc             ] GC(1133) Pause Young (Allocation Failure) 278M->13M(943M) 1.898ms
[170.928s][info][gc,cpu         ] GC(1133) User=0.00s Sys=0.00s Real=0.00s
[171.117s][info][gc,start       ] GC(1134) Pause Young (Allocation Failure)
[171.119s][info][gc,heap        ] GC(1134) PSYoungGen: 266208K(266240K)->928K(259584K) Eden: 265216K(265216K)->0K(258560K) From: 992K(1024K)->928K(1024K)
[171.119s][info][gc,heap        ] GC(1134) ParOldGen: 12736K(699392K)->12800K(699392K)
[171.119s][info][gc,metaspace   ] GC(1134) Metaspace: 14296K(15296K)->14296K(15296K) NonClass: 12336K(12928K)->12336K(12928K) Class: 1960K(2368K)->1960K(2368K)
[171.119s][info][gc             ] GC(1134) Pause Young (Allocation Failure) 272M->13M(936M) 1.863ms
[171.119s][info][gc,cpu         ] GC(1134) User=0.00s Sys=0.00s Real=0.00s
[171.299s][info][gc,start       ] GC(1135) Pause Young (Allocation Failure)
[171.301s][info][gc,heap        ] GC(1135) PSYoungGen: 259488K(259584K)->832K(253440K) Eden: 258560K(258560K)->0K(252416K) From: 928K(1024K)->832K(1024K)
[171.301s][info][gc,heap        ] GC(1135) ParOldGen: 12800K(699392K)->12872K(699392K)
[171.301s][info][gc,metaspace   ] GC(1135) Metaspace: 14296K(15296K)->14296K(15296K) NonClass: 12336K(12928K)->12336K(12928K) Class: 1960K(2368K)->1960K(2368K)
[171.301s][info][gc             ] GC(1135) Pause Young (Allocation Failure) 265M->13M(930M) 1.991ms
[171.301s][info][gc,cpu         ] GC(1135) User=0.00s Sys=0.00s Real=0.00s
[171.419s][info][gc,start       ] GC(1136) Pause Young (Allocation Failure)
[171.421s][info][gc,heap        ] GC(1136) PSYoungGen: 253248K(253440K)->768K(304128K) Eden: 252416K(252416K)->0K(303104K) From: 832K(1024K)->768K(1024K)
[171.421s][info][gc,heap        ] GC(1136) ParOldGen: 12872K(699392K)->12928K(699392K)
[171.421s][info][gc,metaspace   ] GC(1136) Metaspace: 14296K(15296K)->14296K(15296K) NonClass: 12336K(12928K)->12336K(12928K) Class: 1960K(2368K)->1960K(2368K)
[171.421s][info][gc             ] GC(1136) Pause Young (Allocation Failure) 259M->13M(980M) 1.966ms
[171.421s][info][gc,cpu         ] GC(1136) User=0.00s Sys=0.00s Real=0.00s
[171.597s][info][gc,start       ] GC(1137) Pause Young (Allocation Failure)
[171.599s][info][gc,heap        ] GC(1137) PSYoungGen: 303872K(304128K)->768K(341504K) Eden: 303104K(303104K)->0K(339968K) From: 768K(1024K)->768K(1536K)
[171.599s][info][gc,heap        ] GC(1137) ParOldGen: 12928K(699392K)->12984K(699392K)
[171.599s][info][gc,metaspace   ] GC(1137) Metaspace: 14296K(15296K)->14296K(15296K) NonClass: 12336K(12928K)->12336K(12928K) Class: 1960K(2368K)->1960K(2368K)
[171.599s][info][gc             ] GC(1137) Pause Young (Allocation Failure) 309M->13M(1016M) 2.044ms
[171.599s][info][gc,cpu         ] GC(1137) User=0.00s Sys=0.00s Real=0.00s
[171.801s][info][gc,start       ] GC(1138) Pause Young (System.gc())
[171.803s][info][gc,heap        ] GC(1138) PSYoungGen: 137106K(341504K)->256K(347648K) Eden: 136338K(339968K)->0K(346112K) From: 768K(1536K)->256K(1536K)
[171.803s][info][gc,heap        ] GC(1138) ParOldGen: 12984K(699392K)->13024K(699392K)
[171.803s][info][gc,metaspace   ] GC(1138) Metaspace: 14298K(15296K)->14298K(15296K) NonClass: 12337K(12928K)->12337K(12928K) Class: 1960K(2368K)->1960K(2368K)
[171.803s][info][gc             ] GC(1138) Pause Young (System.gc()) 146M->12M(1022M) 2.303ms
[171.803s][info][gc,cpu         ] GC(1138) User=0.00s Sys=0.00s Real=0.00s
[171.803s][info][gc,start       ] GC(1139) Pause Full (System.gc())
[171.803s][info][gc,phases,start] GC(1139) Marking Phase
[171.815s][info][gc,phases      ] GC(1139) Marking Phase 11.670ms
[171.815s][info][gc,phases,start] GC(1139) Summary Phase
[171.815s][info][gc,phases      ] GC(1139) Summary Phase 0.017ms
[171.815s][info][gc,phases,start] GC(1139) Adjust Roots
[171.821s][info][gc,phases      ] GC(1139) Adjust Roots 5.805ms
[171.821s][info][gc,phases,start] GC(1139) Compaction Phase
[171.823s][info][gc,phases      ] GC(1139) Compaction Phase 1.687ms
[171.823s][info][gc,phases,start] GC(1139) Post Compact
[171.823s][info][gc,phases      ] GC(1139) Post Compact 0.289ms
[171.823s][info][gc,heap        ] GC(1139) PSYoungGen: 256K(347648K)->0K(347648K) Eden: 0K(346112K)->0K(346112K) From: 256K(1536K)->0K(1536K)
[171.823s][info][gc,heap        ] GC(1139) ParOldGen: 13024K(699392K)->5373K(699392K)
[171.823s][info][gc,metaspace   ] GC(1139) Metaspace: 14298K(15296K)->14298K(15296K) NonClass: 12337K(12928K)->12337K(12928K) Class: 1960K(2368K)->1960K(2368K)
[171.823s][info][gc             ] GC(1139) Pause Full (System.gc()) 12M->5M(1022M) 19.679ms
[171.823s][info][gc,cpu         ] GC(1139) User=0.02s Sys=0.00s Real=0.02s
[172.037s][info][gc,start       ] GC(1140) Pause Young (Allocation Failure)
[172.039s][info][gc,heap        ] GC(1140) PSYoungGen: 346112K(347648K)->1536K(347648K) Eden: 346112K(346112K)->0K(346112K) From: 0K(1536K)->1536K(1536K)
[172.039s][info][gc,heap        ] GC(1140) ParOldGen: 5373K(699392K)->5742K(699392K)
[172.039s][info][gc,metaspace   ] GC(1140) Metaspace: 14301K(15296K)->14301K(15296K) NonClass: 12340K(12928K)->12340K(12928K) Class: 1960K(2368K)->1960K(2368K)
[172.039s][info][gc             ] GC(1140) Pause Young (Allocation Failure) 343M->7M(1022M) 2.800ms
[172.039s][info][gc,cpu         ] GC(1140) User=0.00s Sys=0.00s Real=0.00s
[172.237s][info][gc,start       ] GC(1141) Pause Young (Allocation Failure)
[172.239s][info][gc,heap        ] GC(1141) PSYoungGen: 347648K(347648K)->1024K(346624K) Eden: 346112K(346112K)->0K(345088K) From: 1536K(1536K)->1024K(1536K)
[172.239s][info][gc,heap        ] GC(1141) ParOldGen: 5742K(699392K)->7069K(699392K)
[172.239s][info][gc,metaspace   ] GC(1141) Metaspace: 14301K(15296K)->14301K(15296K) NonClass: 12340K(12928K)->12340K(12928K) Class: 1960K(2368K)->1960K(2368K)
[172.240s][info][gc             ] GC(1141) Pause Young (Allocation Failure) 345M->7M(1021M) 2.163ms
[172.240s][info][gc,cpu         ] GC(1141) User=0.00s Sys=0.00s Real=0.00s
[172.439s][info][gc,start       ] GC(1142) Pause Young (Allocation Failure)
[172.441s][info][gc,heap        ] GC(1142) PSYoungGen: 346112K(346624K)->1024K(347136K) Eden: 345088K(345088K)->0K(345088K) From: 1024K(1536K)->1024K(2048K)
[172.499s][info][gc,heap        ] GC(1142) ParOldGen: 7069K(699392K)->7133K(699392K)
[172.499s][info][gc,metaspace   ] GC(1142) Metaspace: 14301K(15296K)->14301K(15296K) NonClass: 12340K(12928K)->12340K(12928K) Class: 1960K(2368K)->1960K(2368K)
[172.499s][info][gc             ] GC(1142) Pause Young (Allocation Failure) 344M->7M(1022M) 59.699ms
[172.499s][info][gc,cpu         ] GC(1142) User=0.00s Sys=0.00s Real=0.06s
[172.706s][info][gc,start       ] GC(1143) Pause Young (Allocation Failure)
[172.708s][info][gc,heap        ] GC(1143) PSYoungGen: 346112K(347136K)->992K(336384K) Eden: 345088K(345088K)->0K(335360K) From: 1024K(2048K)->992K(1024K)
[172.708s][info][gc,heap        ] GC(1143) ParOldGen: 7133K(699392K)->7205K(699392K)
[172.708s][info][gc,metaspace   ] GC(1143) Metaspace: 14301K(15296K)->14301K(15296K) NonClass: 12340K(12928K)->12340K(12928K) Class: 1960K(2368K)->1960K(2368K)
[172.708s][info][gc             ] GC(1143) Pause Young (Allocation Failure) 344M->8M(1011M) 2.186ms
[172.708s][info][gc,cpu         ] GC(1143) User=0.00s Sys=0.00s Real=0.00s
[172.905s][info][gc,start       ] GC(1144) Pause Young (Allocation Failure)
[172.907s][info][gc,heap        ] GC(1144) PSYoungGen: 336352K(336384K)->1024K(327168K) Eden: 335360K(335360K)->0K(326144K) From: 992K(1024K)->1024K(1024K)
[172.907s][info][gc,heap        ] GC(1144) ParOldGen: 7205K(699392K)->7301K(699392K)
[172.907s][info][gc,metaspace   ] GC(1144) Metaspace: 14301K(15296K)->14301K(15296K) NonClass: 12340K(12928K)->12340K(12928K) Class: 1960K(2368K)->1960K(2368K)
[172.907s][info][gc             ] GC(1144) Pause Young (Allocation Failure) 335M->8M(1002M) 2.179ms
[172.907s][info][gc,cpu         ] GC(1144) User=0.52s Sys=0.00s Real=0.00s
[173.189s][info][gc,start       ] GC(1145) Pause Young (Allocation Failure)
[173.192s][info][gc,heap        ] GC(1145) PSYoungGen: 327168K(327168K)->1024K(318464K) Eden: 326144K(326144K)->0K(317440K) From: 1024K(1024K)->1024K(1024K)
[173.192s][info][gc,heap        ] GC(1145) ParOldGen: 7301K(699392K)->7365K(699392K)
[173.192s][info][gc,metaspace   ] GC(1145) Metaspace: 14301K(15296K)->14301K(15296K) NonClass: 12340K(12928K)->12340K(12928K) Class: 1960K(2368K)->1960K(2368K)
[173.192s][info][gc             ] GC(1145) Pause Young (Allocation Failure) 326M->8M(994M) 3.134ms
[173.192s][info][gc,cpu         ] GC(1145) User=0.00s Sys=0.00s Real=0.00s
[173.383s][info][gc,start       ] GC(1146) Pause Young (Allocation Failure)
[173.385s][info][gc,heap        ] GC(1146) PSYoungGen: 318464K(318464K)->1024K(310272K) Eden: 317440K(317440K)->0K(309248K) From: 1024K(1024K)->1024K(1024K)
[173.385s][info][gc,heap        ] GC(1146) ParOldGen: 7365K(699392K)->7453K(699392K)
[173.385s][info][gc,metaspace   ] GC(1146) Metaspace: 14301K(15296K)->14301K(15296K) NonClass: 12340K(12928K)->12340K(12928K) Class: 1960K(2368K)->1960K(2368K)
[173.386s][info][gc             ] GC(1146) Pause Young (Allocation Failure) 318M->8M(986M) 2.127ms
[173.386s][info][gc,cpu         ] GC(1146) User=0.00s Sys=0.00s Real=0.00s
[173.567s][info][gc,start       ] GC(1147) Pause Young (Allocation Failure)
[173.569s][info][gc,heap        ] GC(1147) PSYoungGen: 310272K(310272K)->1024K(302080K) Eden: 309248K(309248K)->0K(301056K) From: 1024K(1024K)->1024K(1024K)
[173.569s][info][gc,heap        ] GC(1147) ParOldGen: 7453K(699392K)->7525K(699392K)
[173.569s][info][gc,metaspace   ] GC(1147) Metaspace: 14301K(15296K)->14301K(15296K) NonClass: 12340K(12928K)->12340K(12928K) Class: 1960K(2368K)->1960K(2368K)
[173.569s][info][gc             ] GC(1147) Pause Young (Allocation Failure) 310M->8M(978M) 2.136ms
[173.569s][info][gc,cpu         ] GC(1147) User=0.00s Sys=0.00s Real=0.00s
[173.745s][info][gc,start       ] GC(1148) Pause Young (Allocation Failure)
[173.747s][info][gc,heap        ] GC(1148) PSYoungGen: 302080K(302080K)->1024K(294400K) Eden: 301056K(301056K)->0K(293376K) From: 1024K(1024K)->1024K(1024K)
[173.747s][info][gc,heap        ] GC(1148) ParOldGen: 7525K(699392K)->7589K(699392K)
[173.747s][info][gc,metaspace   ] GC(1148) Metaspace: 14301K(15296K)->14301K(15296K) NonClass: 12340K(12928K)->12340K(12928K) Class: 1960K(2368K)->1960K(2368K)
[173.747s][info][gc             ] GC(1148) Pause Young (Allocation Failure) 302M->8M(970M) 1.872ms
[173.747s][info][gc,cpu         ] GC(1148) User=0.00s Sys=0.00s Real=0.00s
[173.919s][info][gc,start       ] GC(1149) Pause Young (Allocation Failure)
[173.921s][info][gc,heap        ] GC(1149) PSYoungGen: 294400K(294400K)->1024K(286720K) Eden: 293376K(293376K)->0K(285696K) From: 1024K(1024K)->1024K(1024K)
[173.921s][info][gc,heap        ] GC(1149) ParOldGen: 7589K(699392K)->7653K(699392K)
[173.921s][info][gc,metaspace   ] GC(1149) Metaspace: 14301K(15296K)->14301K(15296K) NonClass: 12340K(12928K)->12340K(12928K) Class: 1960K(2368K)->1960K(2368K)
[173.921s][info][gc             ] GC(1149) Pause Young (Allocation Failure) 294M->8M(963M) 1.705ms
[173.921s][info][gc,cpu         ] GC(1149) User=0.00s Sys=0.00s Real=0.00s
[174.088s][info][gc,start       ] GC(1150) Pause Young (Allocation Failure)
[174.089s][info][gc,heap        ] GC(1150) PSYoungGen: 286720K(286720K)->1024K(279552K) Eden: 285696K(285696K)->0K(278528K) From: 1024K(1024K)->1024K(1024K)
[174.089s][info][gc,heap        ] GC(1150) ParOldGen: 7653K(699392K)->7733K(699392K)
[174.089s][info][gc,metaspace   ] GC(1150) Metaspace: 14301K(15296K)->14301K(15296K) NonClass: 12340K(12928K)->12340K(12928K) Class: 1960K(2368K)->1960K(2368K)
[174.089s][info][gc             ] GC(1150) Pause Young (Allocation Failure) 287M->8M(956M) 1.760ms
[174.089s][info][gc,cpu         ] GC(1150) User=0.00s Sys=0.00s Real=0.00s
[174.252s][info][gc,start       ] GC(1151) Pause Young (Allocation Failure)
[174.254s][info][gc,heap        ] GC(1151) PSYoungGen: 279552K(279552K)->992K(272384K) Eden: 278528K(278528K)->0K(271360K) From: 1024K(1024K)->992K(1024K)
[174.254s][info][gc,heap        ] GC(1151) ParOldGen: 7733K(699392K)->7805K(699392K)
[174.254s][info][gc,metaspace   ] GC(1151) Metaspace: 14301K(15296K)->14301K(15296K) NonClass: 12340K(12928K)->12340K(12928K) Class: 1960K(2368K)->1960K(2368K)
[174.254s][info][gc             ] GC(1151) Pause Young (Allocation Failure) 280M->8M(949M) 1.754ms
[174.254s][info][gc,cpu         ] GC(1151) User=0.00s Sys=0.00s Real=0.00s
[174.413s][info][gc,start       ] GC(1152) Pause Young (Allocation Failure)
[174.415s][info][gc,heap        ] GC(1152) PSYoungGen: 272352K(272384K)->1024K(265728K) Eden: 271360K(271360K)->0K(264704K) From: 992K(1024K)->1024K(1024K)
[174.415s][info][gc,heap        ] GC(1152) ParOldGen: 7805K(699392K)->7909K(699392K)
[174.415s][info][gc,metaspace   ] GC(1152) Metaspace: 14301K(15296K)->14301K(15296K) NonClass: 12340K(12928K)->12340K(12928K) Class: 1960K(2368K)->1960K(2368K)
[174.415s][info][gc             ] GC(1152) Pause Young (Allocation Failure) 273M->8M(942M) 1.878ms
[174.415s][info][gc,cpu         ] GC(1152) User=0.00s Sys=0.00s Real=0.00s
[174.569s][info][gc,start       ] GC(1153) Pause Young (Allocation Failure)
[174.571s][info][gc,heap        ] GC(1153) PSYoungGen: 265728K(265728K)->1024K(259584K) Eden: 264704K(264704K)->0K(258560K) From: 1024K(1024K)->1024K(1024K)
[174.571s][info][gc,heap        ] GC(1153) ParOldGen: 7909K(699392K)->7973K(699392K)
[174.571s][info][gc,metaspace   ] GC(1153) Metaspace: 14301K(15296K)->14301K(15296K) NonClass: 12340K(12928K)->12340K(12928K) Class: 1960K(2368K)->1960K(2368K)
[174.571s][info][gc             ] GC(1153) Pause Young (Allocation Failure) 267M->8M(936M) 1.966ms
[174.571s][info][gc,cpu         ] GC(1153) User=0.00s Sys=0.00s Real=0.00s
[174.723s][info][gc,start       ] GC(1154) Pause Young (Allocation Failure)
[174.724s][info][gc,heap        ] GC(1154) PSYoungGen: 259584K(259584K)->1024K(253440K) Eden: 258560K(258560K)->0K(252416K) From: 1024K(1024K)->1024K(1024K)
[174.724s][info][gc,heap        ] GC(1154) ParOldGen: 7973K(699392K)->8045K(699392K)
[174.725s][info][gc,metaspace   ] GC(1154) Metaspace: 14301K(15296K)->14301K(15296K) NonClass: 12340K(12928K)->12340K(12928K) Class: 1960K(2368K)->1960K(2368K)
[174.725s][info][gc             ] GC(1154) Pause Young (Allocation Failure) 261M->8M(930M) 1.873ms
[174.725s][info][gc,cpu         ] GC(1154) User=0.00s Sys=0.00s Real=0.00s
[174.872s][info][gc,start       ] GC(1155) Pause Young (Allocation Failure)
[174.874s][info][gc,heap        ] GC(1155) PSYoungGen: 253440K(253440K)->1024K(304128K) Eden: 252416K(252416K)->0K(303104K) From: 1024K(1024K)->1024K(1024K)
[174.874s][info][gc,heap        ] GC(1155) ParOldGen: 8045K(699392K)->8117K(699392K)
[174.874s][info][gc,metaspace   ] GC(1155) Metaspace: 14301K(15296K)->14301K(15296K) NonClass: 12340K(12928K)->12340K(12928K) Class: 1960K(2368K)->1960K(2368K)
[174.874s][info][gc             ] GC(1155) Pause Young (Allocation Failure) 255M->8M(980M) 1.848ms
[174.874s][info][gc,cpu         ] GC(1155) User=0.00s Sys=0.00s Real=0.00s
[175.052s][info][gc,start       ] GC(1156) Pause Young (Allocation Failure)
[175.054s][info][gc,heap        ] GC(1156) PSYoungGen: 304128K(304128K)->1024K(296448K) Eden: 303104K(303104K)->0K(295424K) From: 1024K(1024K)->1024K(1024K)
[175.054s][info][gc,heap        ] GC(1156) ParOldGen: 8117K(699392K)->8181K(699392K)
[175.054s][info][gc,metaspace   ] GC(1156) Metaspace: 14301K(15296K)->14301K(15296K) NonClass: 12340K(12928K)->12340K(12928K) Class: 1960K(2368K)->1960K(2368K)
[175.054s][info][gc             ] GC(1156) Pause Young (Allocation Failure) 304M->8M(972M) 1.899ms
[175.054s][info][gc,cpu         ] GC(1156) User=0.00s Sys=0.00s Real=0.00s
[175.226s][info][gc,start       ] GC(1157) Pause Young (Allocation Failure)
[175.246s][info][gc,heap        ] GC(1157) PSYoungGen: 296448K(296448K)->1024K(288768K) Eden: 295424K(295424K)->0K(287744K) From: 1024K(1024K)->1024K(1024K)
[175.246s][info][gc,heap        ] GC(1157) ParOldGen: 8181K(699392K)->8277K(699392K)
[175.246s][info][gc,metaspace   ] GC(1157) Metaspace: 14301K(15296K)->14301K(15296K) NonClass: 12340K(12928K)->12340K(12928K) Class: 1960K(2368K)->1960K(2368K)
[175.246s][info][gc             ] GC(1157) Pause Young (Allocation Failure) 297M->9M(965M) 19.829ms
[175.246s][info][gc,cpu         ] GC(1157) User=0.00s Sys=0.00s Real=0.01s
[175.418s][info][gc,start       ] GC(1158) Pause Young (Allocation Failure)
[175.419s][info][gc,heap        ] GC(1158) PSYoungGen: 288768K(288768K)->992K(281600K) Eden: 287744K(287744K)->0K(280576K) From: 1024K(1024K)->992K(1024K)
[175.419s][info][gc,heap        ] GC(1158) ParOldGen: 8277K(699392K)->8365K(699392K)
[175.419s][info][gc,metaspace   ] GC(1158) Metaspace: 14301K(15296K)->14301K(15296K) NonClass: 12340K(12928K)->12340K(12928K) Class: 1960K(2368K)->1960K(2368K)
[175.420s][info][gc             ] GC(1158) Pause Young (Allocation Failure) 290M->9M(958M) 1.994ms
[175.420s][info][gc,cpu         ] GC(1158) User=0.00s Sys=0.00s Real=0.00s
[175.584s][info][gc,start       ] GC(1159) Pause Young (Allocation Failure)
[175.586s][info][gc,heap        ] GC(1159) PSYoungGen: 281568K(281600K)->1024K(337920K) Eden: 280576K(280576K)->0K(336896K) From: 992K(1024K)->1024K(1024K)
[175.586s][info][gc,heap        ] GC(1159) ParOldGen: 8365K(699392K)->8453K(699392K)
[175.586s][info][gc,metaspace   ] GC(1159) Metaspace: 14301K(15296K)->14301K(15296K) NonClass: 12340K(12928K)->12340K(12928K) Class: 1960K(2368K)->1960K(2368K)
[175.586s][info][gc             ] GC(1159) Pause Young (Allocation Failure) 283M->9M(1013M) 2.017ms
[175.586s][info][gc,cpu         ] GC(1159) User=0.00s Sys=0.00s Real=0.00s
[175.784s][info][gc,start       ] GC(1160) Pause Young (Allocation Failure)
[175.786s][info][gc,heap        ] GC(1160) PSYoungGen: 337920K(337920K)->992K(328704K) Eden: 336896K(336896K)->0K(327680K) From: 1024K(1024K)->992K(1024K)
[175.786s][info][gc,heap        ] GC(1160) ParOldGen: 8453K(699392K)->8525K(699392K)
[175.786s][info][gc,metaspace   ] GC(1160) Metaspace: 14301K(15296K)->14301K(15296K) NonClass: 12340K(12928K)->12340K(12928K) Class: 1960K(2368K)->1960K(2368K)
[175.786s][info][gc             ] GC(1160) Pause Young (Allocation Failure) 338M->9M(1004M) 2.089ms
[175.786s][info][gc,cpu         ] GC(1160) User=0.00s Sys=0.00s Real=0.00s
[175.979s][info][gc,start       ] GC(1161) Pause Young (Allocation Failure)
[175.981s][info][gc,heap        ] GC(1161) PSYoungGen: 328672K(328704K)->1024K(320000K) Eden: 327680K(327680K)->0K(318976K) From: 992K(1024K)->1024K(1024K)
[175.981s][info][gc,heap        ] GC(1161) ParOldGen: 8525K(699392K)->8637K(699392K)
[175.981s][info][gc,metaspace   ] GC(1161) Metaspace: 14301K(15296K)->14301K(15296K) NonClass: 12340K(12928K)->12340K(12928K) Class: 1960K(2368K)->1960K(2368K)
[175.981s][info][gc             ] GC(1161) Pause Young (Allocation Failure) 329M->9M(995M) 2.099ms
[175.981s][info][gc,cpu         ] GC(1161) User=0.00s Sys=0.00s Real=0.00s
[176.168s][info][gc,start       ] GC(1162) Pause Young (Allocation Failure)
[176.170s][info][gc,heap        ] GC(1162) PSYoungGen: 320000K(320000K)->1024K(311296K) Eden: 318976K(318976K)->0K(310272K) From: 1024K(1024K)->1024K(1024K)
[176.170s][info][gc,heap        ] GC(1162) ParOldGen: 8637K(699392K)->8733K(699392K)
[176.170s][info][gc,metaspace   ] GC(1162) Metaspace: 14301K(15296K)->14301K(15296K) NonClass: 12340K(12928K)->12340K(12928K) Class: 1960K(2368K)->1960K(2368K)
[176.170s][info][gc             ] GC(1162) Pause Young (Allocation Failure) 320M->9M(987M) 2.130ms
[176.170s][info][gc,cpu         ] GC(1162) User=0.00s Sys=0.00s Real=0.00s
[176.353s][info][gc,start       ] GC(1163) Pause Young (Allocation Failure)
[176.355s][info][gc,heap        ] GC(1163) PSYoungGen: 311296K(311296K)->992K(336896K) Eden: 310272K(310272K)->0K(335360K) From: 1024K(1024K)->992K(1536K)
[176.355s][info][gc,heap        ] GC(1163) ParOldGen: 8733K(699392K)->8821K(699392K)
[176.355s][info][gc,metaspace   ] GC(1163) Metaspace: 14301K(15296K)->14301K(15296K) NonClass: 12340K(12928K)->12340K(12928K) Class: 1960K(2368K)->1960K(2368K)
[176.355s][info][gc             ] GC(1163) Pause Young (Allocation Failure) 312M->9M(1012M) 2.117ms
[176.355s][info][gc,cpu         ] GC(1163) User=0.00s Sys=0.00s Real=0.00s
[176.554s][info][gc,start       ] GC(1164) Pause Young (Allocation Failure)
[176.556s][info][gc,heap        ] GC(1164) PSYoungGen: 336352K(336896K)->992K(327168K) Eden: 335360K(335360K)->0K(326144K) From: 992K(1536K)->992K(1024K)
[176.556s][info][gc,heap        ] GC(1164) ParOldGen: 8821K(699392K)->8885K(699392K)
[176.556s][info][gc,metaspace   ] GC(1164) Metaspace: 14301K(15296K)->14301K(15296K) NonClass: 12340K(12928K)->12340K(12928K) Class: 1960K(2368K)->1960K(2368K)
[176.556s][info][gc             ] GC(1164) Pause Young (Allocation Failure) 337M->9M(1002M) 2.296ms
[176.556s][info][gc,cpu         ] GC(1164) User=0.00s Sys=0.00s Real=0.00s
[176.750s][info][gc,start       ] GC(1165) Pause Young (Allocation Failure)
[176.752s][info][gc,heap        ] GC(1165) PSYoungGen: 327136K(327168K)->1024K(335872K) Eden: 326144K(326144K)->0K(334848K) From: 992K(1024K)->1024K(1024K)
[176.752s][info][gc,heap        ] GC(1165) ParOldGen: 8885K(699392K)->8981K(699392K)
[176.752s][info][gc,metaspace   ] GC(1165) Metaspace: 14301K(15296K)->14301K(15296K) NonClass: 12340K(12928K)->12340K(12928K) Class: 1960K(2368K)->1960K(2368K)
[176.752s][info][gc             ] GC(1165) Pause Young (Allocation Failure) 328M->9M(1011M) 2.175ms
[176.752s][info][gc,cpu         ] GC(1165) User=0.00s Sys=0.00s Real=0.00s
[177.088s][info][gc,start       ] GC(1166) Pause Young (Allocation Failure)
[177.091s][info][gc,heap        ] GC(1166) PSYoungGen: 335872K(335872K)->1024K(326656K) Eden: 334848K(334848K)->0K(325632K) From: 1024K(1024K)->1024K(1024K)
[177.091s][info][gc,heap        ] GC(1166) ParOldGen: 8981K(699392K)->9045K(699392K)
[177.091s][info][gc,metaspace   ] GC(1166) Metaspace: 14301K(15296K)->14301K(15296K) NonClass: 12340K(12928K)->12340K(12928K) Class: 1960K(2368K)->1960K(2368K)
[177.091s][info][gc             ] GC(1166) Pause Young (Allocation Failure) 336M->9M(1002M) 3.125ms
[177.091s][info][gc,cpu         ] GC(1166) User=0.00s Sys=0.00s Real=0.00s
[177.290s][info][gc,start       ] GC(1167) Pause Young (Allocation Failure)
[177.292s][info][gc,heap        ] GC(1167) PSYoungGen: 326656K(326656K)->992K(317952K) Eden: 325632K(325632K)->0K(316928K) From: 1024K(1024K)->992K(1024K)
[177.292s][info][gc,heap        ] GC(1167) ParOldGen: 9045K(699392K)->9125K(699392K)
[177.292s][info][gc,metaspace   ] GC(1167) Metaspace: 14301K(15296K)->14301K(15296K) NonClass: 12340K(12928K)->12340K(12928K) Class: 1960K(2368K)->1960K(2368K)
[177.292s][info][gc             ] GC(1167) Pause Young (Allocation Failure) 327M->9M(993M) 1.996ms
[177.292s][info][gc,cpu         ] GC(1167) User=0.00s Sys=0.00s Real=0.00s
[177.479s][info][gc,start       ] GC(1168) Pause Young (Allocation Failure)
[177.481s][info][gc,heap        ] GC(1168) PSYoungGen: 317920K(317952K)->1024K(309760K) Eden: 316928K(316928K)->0K(308736K) From: 992K(1024K)->1024K(1024K)
[177.481s][info][gc,heap        ] GC(1168) ParOldGen: 9125K(699392K)->9213K(699392K)
[177.481s][info][gc,metaspace   ] GC(1168) Metaspace: 14301K(15296K)->14301K(15296K) NonClass: 12340K(12928K)->12340K(12928K) Class: 1960K(2368K)->1960K(2368K)
[177.481s][info][gc             ] GC(1168) Pause Young (Allocation Failure) 319M->9M(985M) 1.851ms
[177.481s][info][gc,cpu         ] GC(1168) User=0.00s Sys=0.00s Real=0.00s
[177.662s][info][gc,start       ] GC(1169) Pause Young (Allocation Failure)
[177.663s][info][gc,heap        ] GC(1169) PSYoungGen: 309760K(309760K)->1024K(301568K) Eden: 308736K(308736K)->0K(300544K) From: 1024K(1024K)->1024K(1024K)
[177.663s][info][gc,heap        ] GC(1169) ParOldGen: 9213K(699392K)->9285K(699392K)
[177.663s][info][gc,metaspace   ] GC(1169) Metaspace: 14301K(15296K)->14301K(15296K) NonClass: 12340K(12928K)->12340K(12928K) Class: 1960K(2368K)->1960K(2368K)
[177.663s][info][gc             ] GC(1169) Pause Young (Allocation Failure) 311M->10M(977M) 1.808ms
[177.664s][info][gc,cpu         ] GC(1169) User=0.00s Sys=0.00s Real=0.00s
[177.839s][info][gc,start       ] GC(1170) Pause Young (Allocation Failure)
[177.841s][info][gc,heap        ] GC(1170) PSYoungGen: 301568K(301568K)->1024K(293888K) Eden: 300544K(300544K)->0K(292864K) From: 1024K(1024K)->1024K(1024K)
[177.841s][info][gc,heap        ] GC(1170) ParOldGen: 9285K(699392K)->9373K(699392K)
[177.841s][info][gc,metaspace   ] GC(1170) Metaspace: 14301K(15296K)->14301K(15296K) NonClass: 12340K(12928K)->12340K(12928K) Class: 1960K(2368K)->1960K(2368K)
[177.841s][info][gc             ] GC(1170) Pause Young (Allocation Failure) 303M->10M(970M) 1.888ms
[177.841s][info][gc,cpu         ] GC(1170) User=0.00s Sys=0.00s Real=0.00s
[178.013s][info][gc,start       ] GC(1171) Pause Young (Allocation Failure)
[178.015s][info][gc,heap        ] GC(1171) PSYoungGen: 293888K(293888K)->992K(286208K) Eden: 292864K(292864K)->0K(285184K) From: 1024K(1024K)->992K(1024K)
[178.015s][info][gc,heap        ] GC(1171) ParOldGen: 9373K(699392K)->9437K(699392K)
[178.015s][info][gc,metaspace   ] GC(1171) Metaspace: 14301K(15296K)->14301K(15296K) NonClass: 12340K(12928K)->12340K(12928K) Class: 1960K(2368K)->1960K(2368K)
[178.015s][info][gc             ] GC(1171) Pause Young (Allocation Failure) 296M->10M(962M) 1.754ms
[178.015s][info][gc,cpu         ] GC(1171) User=0.00s Sys=0.00s Real=0.00s
[178.182s][info][gc,start       ] GC(1172) Pause Young (Allocation Failure)
[178.183s][info][gc,heap        ] GC(1172) PSYoungGen: 286176K(286208K)->1024K(279040K) Eden: 285184K(285184K)->0K(278016K) From: 992K(1024K)->1024K(1024K)
[178.183s][info][gc,heap        ] GC(1172) ParOldGen: 9437K(699392K)->9501K(699392K)
[178.183s][info][gc,metaspace   ] GC(1172) Metaspace: 14301K(15296K)->14301K(15296K) NonClass: 12340K(12928K)->12340K(12928K) Class: 1960K(2368K)->1960K(2368K)
[178.183s][info][gc             ] GC(1172) Pause Young (Allocation Failure) 288M->10M(955M) 1.783ms
[178.183s][info][gc,cpu         ] GC(1172) User=0.00s Sys=0.00s Real=0.00s
[178.346s][info][gc,start       ] GC(1173) Pause Young (Allocation Failure)
[178.348s][info][gc,heap        ] GC(1173) PSYoungGen: 279040K(279040K)->992K(272384K) Eden: 278016K(278016K)->0K(271360K) From: 1024K(1024K)->992K(1024K)
[178.348s][info][gc,heap        ] GC(1173) ParOldGen: 9501K(699392K)->9557K(699392K)
[178.348s][info][gc,metaspace   ] GC(1173) Metaspace: 14301K(15296K)->14301K(15296K) NonClass: 12340K(12928K)->12340K(12928K) Class: 1960K(2368K)->1960K(2368K)
[178.348s][info][gc             ] GC(1173) Pause Young (Allocation Failure) 281M->10M(949M) 1.822ms
[178.348s][info][gc,cpu         ] GC(1173) User=0.00s Sys=0.00s Real=0.00s
[178.507s][info][gc,start       ] GC(1174) Pause Young (Allocation Failure)
[178.509s][info][gc,heap        ] GC(1174) PSYoungGen: 272352K(272384K)->1024K(265728K) Eden: 271360K(271360K)->0K(264704K) From: 992K(1024K)->1024K(1024K)
[178.509s][info][gc,heap        ] GC(1174) ParOldGen: 9557K(699392K)->9629K(699392K)
[178.509s][info][gc,metaspace   ] GC(1174) Metaspace: 14301K(15296K)->14301K(15296K) NonClass: 12340K(12928K)->12340K(12928K) Class: 1960K(2368K)->1960K(2368K)
[178.509s][info][gc             ] GC(1174) Pause Young (Allocation Failure) 275M->10M(942M) 1.839ms
[178.509s][info][gc,cpu         ] GC(1174) User=0.00s Sys=0.00s Real=0.00s
[178.666s][info][gc,start       ] GC(1175) Pause Young (Allocation Failure)
[178.668s][info][gc,heap        ] GC(1175) PSYoungGen: 265728K(265728K)->1024K(259584K) Eden: 264704K(264704K)->0K(258560K) From: 1024K(1024K)->1024K(1024K)
[178.668s][info][gc,heap        ] GC(1175) ParOldGen: 9629K(699392K)->9693K(699392K)
[178.668s][info][gc,metaspace   ] GC(1175) Metaspace: 14301K(15296K)->14301K(15296K) NonClass: 12340K(12928K)->12340K(12928K) Class: 1960K(2368K)->1960K(2368K)
[178.668s][info][gc             ] GC(1175) Pause Young (Allocation Failure) 268M->10M(936M) 1.855ms
[178.668s][info][gc,cpu         ] GC(1175) User=0.00s Sys=0.00s Real=0.00s
[178.821s][info][gc,start       ] GC(1176) Pause Young (Allocation Failure)
[178.822s][info][gc,heap        ] GC(1176) PSYoungGen: 259584K(259584K)->1024K(253440K) Eden: 258560K(258560K)->0K(252416K) From: 1024K(1024K)->1024K(1024K)
[178.822s][info][gc,heap        ] GC(1176) ParOldGen: 9693K(699392K)->9765K(699392K)
[178.822s][info][gc,metaspace   ] GC(1176) Metaspace: 14301K(15296K)->14301K(15296K) NonClass: 12340K(12928K)->12340K(12928K) Class: 1960K(2368K)->1960K(2368K)
[178.822s][info][gc             ] GC(1176) Pause Young (Allocation Failure) 262M->10M(930M) 1.904ms
[178.822s][info][gc,cpu         ] GC(1176) User=0.00s Sys=0.00s Real=0.00s
[178.972s][info][gc,start       ] GC(1177) Pause Young (Allocation Failure)
[178.974s][info][gc,heap        ] GC(1177) PSYoungGen: 253440K(253440K)->1024K(304128K) Eden: 252416K(252416K)->0K(303104K) From: 1024K(1024K)->1024K(1024K)
[178.974s][info][gc,heap        ] GC(1177) ParOldGen: 9765K(699392K)->9821K(699392K)
[178.974s][info][gc,metaspace   ] GC(1177) Metaspace: 14301K(15296K)->14301K(15296K) NonClass: 12340K(12928K)->12340K(12928K) Class: 1960K(2368K)->1960K(2368K)
[178.974s][info][gc             ] GC(1177) Pause Young (Allocation Failure) 257M->10M(980M) 1.895ms
[178.974s][info][gc,cpu         ] GC(1177) User=0.00s Sys=0.00s Real=0.00s
[179.154s][info][gc,start       ] GC(1178) Pause Young (Allocation Failure)
[179.156s][info][gc,heap        ] GC(1178) PSYoungGen: 304128K(304128K)->1024K(296448K) Eden: 303104K(303104K)->0K(295424K) From: 1024K(1024K)->1024K(1024K)
[179.156s][info][gc,heap        ] GC(1178) ParOldGen: 9821K(699392K)->9901K(699392K)
[179.156s][info][gc,metaspace   ] GC(1178) Metaspace: 14301K(15296K)->14301K(15296K) NonClass: 12340K(12928K)->12340K(12928K) Class: 1960K(2368K)->1960K(2368K)
[179.156s][info][gc             ] GC(1178) Pause Young (Allocation Failure) 306M->10M(972M) 1.964ms
[179.156s][info][gc,cpu         ] GC(1178) User=0.00s Sys=0.00s Real=0.00s
[179.332s][info][gc,start       ] GC(1179) Pause Young (Allocation Failure)
[179.344s][info][gc,heap        ] GC(1179) PSYoungGen: 296448K(296448K)->1024K(288768K) Eden: 295424K(295424K)->0K(287744K) From: 1024K(1024K)->1024K(1024K)
[179.344s][info][gc,heap        ] GC(1179) ParOldGen: 9901K(699392K)->9973K(699392K)
[179.344s][info][gc,metaspace   ] GC(1179) Metaspace: 14301K(15296K)->14301K(15296K) NonClass: 12340K(12928K)->12340K(12928K) Class: 1960K(2368K)->1960K(2368K)
[179.344s][info][gc             ] GC(1179) Pause Young (Allocation Failure) 299M->10M(965M) 12.309ms
[179.344s][info][gc,cpu         ] GC(1179) User=0.00s Sys=0.00s Real=0.01s
[179.516s][info][gc,start       ] GC(1180) Pause Young (Allocation Failure)
[179.518s][info][gc,heap        ] GC(1180) PSYoungGen: 288768K(288768K)->1024K(281600K) Eden: 287744K(287744K)->0K(280576K) From: 1024K(1024K)->1024K(1024K)
[179.518s][info][gc,heap        ] GC(1180) ParOldGen: 9973K(699392K)->10053K(699392K)
[179.518s][info][gc,metaspace   ] GC(1180) Metaspace: 14301K(15296K)->14301K(15296K) NonClass: 12340K(12928K)->12340K(12928K) Class: 1960K(2368K)->1960K(2368K)
[179.518s][info][gc             ] GC(1180) Pause Young (Allocation Failure) 291M->10M(958M) 1.972ms
[179.518s][info][gc,cpu         ] GC(1180) User=0.00s Sys=0.00s Real=0.00s
[179.685s][info][gc,start       ] GC(1181) Pause Young (Allocation Failure)
[179.687s][info][gc,heap        ] GC(1181) PSYoungGen: 281600K(281600K)->1024K(328704K) Eden: 280576K(280576K)->0K(327168K) From: 1024K(1024K)->1024K(1536K)
[179.687s][info][gc,heap        ] GC(1181) ParOldGen: 10053K(699392K)->10133K(699392K)
[179.687s][info][gc,metaspace   ] GC(1181) Metaspace: 14301K(15296K)->14301K(15296K) NonClass: 12340K(12928K)->12340K(12928K) Class: 1960K(2368K)->1960K(2368K)
[179.687s][info][gc             ] GC(1181) Pause Young (Allocation Failure) 284M->10M(1004M) 2.002ms
[179.687s][info][gc,cpu         ] GC(1181) User=0.52s Sys=0.00s Real=0.00s
[179.883s][info][gc,start       ] GC(1182) Pause Young (Allocation Failure)
[179.885s][info][gc,heap        ] GC(1182) PSYoungGen: 328191K(328704K)->1024K(319488K) Eden: 327167K(327168K)->0K(318464K) From: 1024K(1536K)->1024K(1024K)
[179.885s][info][gc,heap        ] GC(1182) ParOldGen: 10133K(699392K)->10213K(699392K)
[179.885s][info][gc,metaspace   ] GC(1182) Metaspace: 14301K(15296K)->14301K(15296K) NonClass: 12340K(12928K)->12340K(12928K) Class: 1960K(2368K)->1960K(2368K)
[179.885s][info][gc             ] GC(1182) Pause Young (Allocation Failure) 330M->10M(995M) 2.191ms
[179.885s][info][gc,cpu         ] GC(1182) User=0.00s Sys=0.00s Real=0.00s
[180.077s][info][gc,start       ] GC(1183) Pause Young (Allocation Failure)
[180.079s][info][gc,heap        ] GC(1183) PSYoungGen: 319488K(319488K)->1024K(310784K) Eden: 318464K(318464K)->0K(309760K) From: 1024K(1024K)->1024K(1024K)
[180.079s][info][gc,heap        ] GC(1183) ParOldGen: 10213K(699392K)->10285K(699392K)
[180.079s][info][gc,metaspace   ] GC(1183) Metaspace: 14301K(15296K)->14301K(15296K) NonClass: 12340K(12928K)->12340K(12928K) Class: 1960K(2368K)->1960K(2368K)
[180.079s][info][gc             ] GC(1183) Pause Young (Allocation Failure) 321M->11M(986M) 2.021ms
[180.079s][info][gc,cpu         ] GC(1183) User=0.52s Sys=0.00s Real=0.00s
[180.264s][info][gc,start       ] GC(1184) Pause Young (Allocation Failure)
[180.266s][info][gc,heap        ] GC(1184) PSYoungGen: 310784K(310784K)->1024K(302592K) Eden: 309760K(309760K)->0K(301568K) From: 1024K(1024K)->1024K(1024K)
[180.266s][info][gc,heap        ] GC(1184) ParOldGen: 10285K(699392K)->10365K(699392K)
[180.266s][info][gc,metaspace   ] GC(1184) Metaspace: 14301K(15296K)->14301K(15296K) NonClass: 12340K(12928K)->12340K(12928K) Class: 1960K(2368K)->1960K(2368K)
[180.266s][info][gc             ] GC(1184) Pause Young (Allocation Failure) 313M->11M(978M) 2.140ms
[180.266s][info][gc,cpu         ] GC(1184) User=0.00s Sys=0.00s Real=0.00s
[180.445s][info][gc,start       ] GC(1185) Pause Young (Allocation Failure)
[180.447s][info][gc,heap        ] GC(1185) PSYoungGen: 302592K(302592K)->1024K(327168K) Eden: 301568K(301568K)->0K(325632K) From: 1024K(1024K)->1024K(1536K)
[180.447s][info][gc,heap        ] GC(1185) ParOldGen: 10365K(699392K)->10437K(699392K)
[180.447s][info][gc,metaspace   ] GC(1185) Metaspace: 14301K(15296K)->14301K(15296K) NonClass: 12340K(12928K)->12340K(12928K) Class: 1960K(2368K)->1960K(2368K)
[180.448s][info][gc             ] GC(1185) Pause Young (Allocation Failure) 305M->11M(1002M) 2.154ms
[180.448s][info][gc,cpu         ] GC(1185) User=0.00s Sys=0.00s Real=0.00s
[180.643s][info][gc,start       ] GC(1186) Pause Young (Allocation Failure)
[180.645s][info][gc,heap        ] GC(1186) PSYoungGen: 326656K(327168K)->1024K(327168K) Eden: 325632K(325632K)->0K(325632K) From: 1024K(1536K)->1024K(1536K)
[180.645s][info][gc,heap        ] GC(1186) ParOldGen: 10437K(699392K)->10517K(699392K)
[180.645s][info][gc,metaspace   ] GC(1186) Metaspace: 14301K(15296K)->14301K(15296K) NonClass: 12340K(12928K)->12340K(12928K) Class: 1960K(2368K)->1960K(2368K)
[180.645s][info][gc             ] GC(1186) Pause Young (Allocation Failure) 329M->11M(1002M) 2.091ms
[180.645s][info][gc,cpu         ] GC(1186) User=0.00s Sys=0.00s Real=0.00s
[180.942s][info][gc,start       ] GC(1187) Pause Young (Allocation Failure)
[180.945s][info][gc,heap        ] GC(1187) PSYoungGen: 326656K(327168K)->1024K(317952K) Eden: 325632K(325632K)->0K(316928K) From: 1024K(1536K)->1024K(1024K)
[180.945s][info][gc,heap        ] GC(1187) ParOldGen: 10517K(699392K)->10589K(699392K)
[180.945s][info][gc,metaspace   ] GC(1187) Metaspace: 14301K(15296K)->14301K(15296K) NonClass: 12340K(12928K)->12340K(12928K) Class: 1960K(2368K)->1960K(2368K)
[180.945s][info][gc             ] GC(1187) Pause Young (Allocation Failure) 329M->11M(993M) 2.931ms
[180.945s][info][gc,cpu         ] GC(1187) User=0.00s Sys=0.00s Real=0.00s
[181.141s][info][gc,start       ] GC(1188) Pause Young (Allocation Failure)
[181.143s][info][gc,heap        ] GC(1188) PSYoungGen: 317952K(317952K)->1056K(310272K) Eden: 316928K(316928K)->0K(308736K) From: 1024K(1024K)->1056K(1536K)
[181.143s][info][gc,heap        ] GC(1188) ParOldGen: 10589K(699392K)->10653K(699392K)
[181.143s][info][gc,metaspace   ] GC(1188) Metaspace: 14301K(15296K)->14301K(15296K) NonClass: 12340K(12928K)->12340K(12928K) Class: 1960K(2368K)->1960K(2368K)
[181.143s][info][gc             ] GC(1188) Pause Young (Allocation Failure) 320M->11M(986M) 1.975ms
[181.143s][info][gc,cpu         ] GC(1188) User=0.00s Sys=0.00s Real=0.00s
[181.327s][info][gc,start       ] GC(1189) Pause Young (Allocation Failure)
[181.329s][info][gc,heap        ] GC(1189) PSYoungGen: 309792K(310272K)->1024K(301568K) Eden: 308736K(308736K)->0K(300544K) From: 1056K(1536K)->1024K(1024K)
[181.329s][info][gc,heap        ] GC(1189) ParOldGen: 10653K(699392K)->10749K(699392K)
[181.329s][info][gc,metaspace   ] GC(1189) Metaspace: 14301K(15296K)->14301K(15296K) NonClass: 12340K(12928K)->12340K(12928K) Class: 1960K(2368K)->1960K(2368K)
[181.329s][info][gc             ] GC(1189) Pause Young (Allocation Failure) 312M->11M(977M) 1.780ms
[181.329s][info][gc,cpu         ] GC(1189) User=0.52s Sys=0.00s Real=0.00s
[181.508s][info][gc,start       ] GC(1190) Pause Young (Allocation Failure)
[181.510s][info][gc,heap        ] GC(1190) PSYoungGen: 301568K(301568K)->1024K(293888K) Eden: 300544K(300544K)->0K(292864K) From: 1024K(1024K)->1024K(1024K)
[181.510s][info][gc,heap        ] GC(1190) ParOldGen: 10749K(699392K)->10861K(699392K)
[181.510s][info][gc,metaspace   ] GC(1190) Metaspace: 14301K(15296K)->14301K(15296K) NonClass: 12340K(12928K)->12340K(12928K) Class: 1960K(2368K)->1960K(2368K)
[181.510s][info][gc             ] GC(1190) Pause Young (Allocation Failure) 304M->11M(970M) 1.889ms
[181.510s][info][gc,cpu         ] GC(1190) User=0.00s Sys=0.00s Real=0.00s
[181.684s][info][gc,start       ] GC(1191) Pause Young (Allocation Failure)
[181.685s][info][gc,heap        ] GC(1191) PSYoungGen: 293888K(293888K)->1024K(286208K) Eden: 292864K(292864K)->0K(285184K) From: 1024K(1024K)->1024K(1024K)
[181.685s][info][gc,heap        ] GC(1191) ParOldGen: 10861K(699392K)->10917K(699392K)
[181.685s][info][gc,metaspace   ] GC(1191) Metaspace: 14301K(15296K)->14301K(15296K) NonClass: 12340K(12928K)->12340K(12928K) Class: 1960K(2368K)->1960K(2368K)
[181.685s][info][gc             ] GC(1191) Pause Young (Allocation Failure) 297M->11M(962M) 1.638ms
[181.685s][info][gc,cpu         ] GC(1191) User=0.00s Sys=0.00s Real=0.00s
[181.853s][info][gc,start       ] GC(1192) Pause Young (Allocation Failure)
[181.855s][info][gc,heap        ] GC(1192) PSYoungGen: 286208K(286208K)->1024K(279040K) Eden: 285184K(285184K)->0K(278016K) From: 1024K(1024K)->1024K(1024K)
[181.855s][info][gc,heap        ] GC(1192) ParOldGen: 10917K(699392K)->10965K(699392K)
[181.855s][info][gc,metaspace   ] GC(1192) Metaspace: 14301K(15296K)->14301K(15296K) NonClass: 12340K(12928K)->12340K(12928K) Class: 1960K(2368K)->1960K(2368K)
[181.855s][info][gc             ] GC(1192) Pause Young (Allocation Failure) 290M->11M(955M) 1.682ms
[181.855s][info][gc,cpu         ] GC(1192) User=0.00s Sys=0.00s Real=0.00s
[182.016s][info][gc,start       ] GC(1193) Pause Young (Allocation Failure)
[182.018s][info][gc,heap        ] GC(1193) PSYoungGen: 279040K(279040K)->1024K(272384K) Eden: 278016K(278016K)->0K(271360K) From: 1024K(1024K)->1024K(1024K)
[182.018s][info][gc,heap        ] GC(1193) ParOldGen: 10965K(699392K)->11037K(699392K)
[182.018s][info][gc,metaspace   ] GC(1193) Metaspace: 14301K(15296K)->14301K(15296K) NonClass: 12340K(12928K)->12340K(12928K) Class: 1960K(2368K)->1960K(2368K)
[182.018s][info][gc             ] GC(1193) Pause Young (Allocation Failure) 283M->11M(949M) 1.670ms
[182.018s][info][gc,cpu         ] GC(1193) User=0.00s Sys=0.00s Real=0.00s
[182.175s][info][gc,start       ] GC(1194) Pause Young (Allocation Failure)
[182.177s][info][gc,heap        ] GC(1194) PSYoungGen: 272384K(272384K)->1024K(265728K) Eden: 271360K(271360K)->0K(264704K) From: 1024K(1024K)->1024K(1024K)
[182.177s][info][gc,heap        ] GC(1194) ParOldGen: 11037K(699392K)->11101K(699392K)
[182.177s][info][gc,metaspace   ] GC(1194) Metaspace: 14301K(15296K)->14301K(15296K) NonClass: 12340K(12928K)->12340K(12928K) Class: 1960K(2368K)->1960K(2368K)
[182.177s][info][gc             ] GC(1194) Pause Young (Allocation Failure) 276M->11M(942M) 1.704ms
[182.177s][info][gc,cpu         ] GC(1194) User=0.00s Sys=0.00s Real=0.00s
[182.332s][info][gc,start       ] GC(1195) Pause Young (Allocation Failure)
[182.334s][info][gc,heap        ] GC(1195) PSYoungGen: 265728K(265728K)->1024K(259584K) Eden: 264704K(264704K)->0K(258560K) From: 1024K(1024K)->1024K(1024K)
[182.334s][info][gc,heap        ] GC(1195) ParOldGen: 11101K(699392K)->11165K(699392K)
[182.334s][info][gc,metaspace   ] GC(1195) Metaspace: 14301K(15296K)->14301K(15296K) NonClass: 12340K(12928K)->12340K(12928K) Class: 1960K(2368K)->1960K(2368K)
[182.334s][info][gc             ] GC(1195) Pause Young (Allocation Failure) 270M->11M(936M) 1.731ms
[182.334s][info][gc,cpu         ] GC(1195) User=0.00s Sys=0.00s Real=0.00s
[182.485s][info][gc,start       ] GC(1196) Pause Young (Allocation Failure)
[182.486s][info][gc,heap        ] GC(1196) PSYoungGen: 259584K(259584K)->1024K(253440K) Eden: 258560K(258560K)->0K(252416K) From: 1024K(1024K)->1024K(1024K)
[182.486s][info][gc,heap        ] GC(1196) ParOldGen: 11165K(699392K)->11213K(699392K)
[182.487s][info][gc,metaspace   ] GC(1196) Metaspace: 14301K(15296K)->14301K(15296K) NonClass: 12340K(12928K)->12340K(12928K) Class: 1960K(2368K)->1960K(2368K)
[182.487s][info][gc             ] GC(1196) Pause Young (Allocation Failure) 264M->11M(930M) 1.762ms
[182.487s][info][gc,cpu         ] GC(1196) User=0.00s Sys=0.00s Real=0.00s
[182.633s][info][gc,start       ] GC(1197) Pause Young (Allocation Failure)
[182.635s][info][gc,heap        ] GC(1197) PSYoungGen: 253440K(253440K)->1024K(304128K) Eden: 252416K(252416K)->0K(303104K) From: 1024K(1024K)->1024K(1024K)
[182.635s][info][gc,heap        ] GC(1197) ParOldGen: 11213K(699392K)->11277K(699392K)
[182.635s][info][gc,metaspace   ] GC(1197) Metaspace: 14301K(15296K)->14301K(15296K) NonClass: 12340K(12928K)->12340K(12928K) Class: 1960K(2368K)->1960K(2368K)
[182.635s][info][gc             ] GC(1197) Pause Young (Allocation Failure) 258M->12M(980M) 1.818ms
[182.635s][info][gc,cpu         ] GC(1197) User=0.00s Sys=0.00s Real=0.00s
[182.812s][info][gc,start       ] GC(1198) Pause Young (Allocation Failure)
[182.814s][info][gc,heap        ] GC(1198) PSYoungGen: 304128K(304128K)->1024K(296448K) Eden: 303104K(303104K)->0K(295424K) From: 1024K(1024K)->1024K(1024K)
[182.814s][info][gc,heap        ] GC(1198) ParOldGen: 11277K(699392K)->11325K(699392K)
[182.814s][info][gc,metaspace   ] GC(1198) Metaspace: 14301K(15296K)->14301K(15296K) NonClass: 12340K(12928K)->12340K(12928K) Class: 1960K(2368K)->1960K(2368K)
[182.814s][info][gc             ] GC(1198) Pause Young (Allocation Failure) 308M->12M(972M) 1.855ms
[182.814s][info][gc,cpu         ] GC(1198) User=0.28s Sys=0.02s Real=0.00s
[182.988s][info][gc,start       ] GC(1199) Pause Young (Allocation Failure)
[182.989s][info][gc,heap        ] GC(1199) PSYoungGen: 296448K(296448K)->1024K(288768K) Eden: 295424K(295424K)->0K(287744K) From: 1024K(1024K)->1024K(1024K)
[182.989s][info][gc,heap        ] GC(1199) ParOldGen: 11325K(699392K)->11397K(699392K)
[182.989s][info][gc,metaspace   ] GC(1199) Metaspace: 14301K(15296K)->14301K(15296K) NonClass: 12340K(12928K)->12340K(12928K) Class: 1960K(2368K)->1960K(2368K)
[182.989s][info][gc             ] GC(1199) Pause Young (Allocation Failure) 300M->12M(965M) 1.872ms
[182.989s][info][gc,cpu         ] GC(1199) User=0.00s Sys=0.00s Real=0.00s
[183.157s][info][gc,start       ] GC(1200) Pause Young (Allocation Failure)
[183.159s][info][gc,heap        ] GC(1200) PSYoungGen: 288768K(288768K)->1024K(281600K) Eden: 287744K(287744K)->0K(280576K) From: 1024K(1024K)->1024K(1024K)
[183.159s][info][gc,heap        ] GC(1200) ParOldGen: 11397K(699392K)->11445K(699392K)
[183.159s][info][gc,metaspace   ] GC(1200) Metaspace: 14301K(15296K)->14301K(15296K) NonClass: 12340K(12928K)->12340K(12928K) Class: 1960K(2368K)->1960K(2368K)
[183.159s][info][gc             ] GC(1200) Pause Young (Allocation Failure) 293M->12M(958M) 1.903ms
[183.159s][info][gc,cpu         ] GC(1200) User=0.00s Sys=0.00s Real=0.00s
[183.323s][info][gc,start       ] GC(1201) Pause Young (Allocation Failure)
[183.325s][info][gc,heap        ] GC(1201) PSYoungGen: 281600K(281600K)->1024K(337920K) Eden: 280576K(280576K)->0K(336896K) From: 1024K(1024K)->1024K(1024K)
[183.325s][info][gc,heap        ] GC(1201) ParOldGen: 11445K(699392K)->11517K(699392K)
[183.325s][info][gc,metaspace   ] GC(1201) Metaspace: 14301K(15296K)->14301K(15296K) NonClass: 12340K(12928K)->12340K(12928K) Class: 1960K(2368K)->1960K(2368K)
[183.325s][info][gc             ] GC(1201) Pause Young (Allocation Failure) 286M->12M(1013M) 1.891ms
[183.325s][info][gc,cpu         ] GC(1201) User=0.00s Sys=0.00s Real=0.00s
[183.521s][info][gc,start       ] GC(1202) Pause Young (Allocation Failure)
[183.536s][info][gc,heap        ] GC(1202) PSYoungGen: 337920K(337920K)->1056K(329216K) Eden: 336896K(336896K)->0K(327680K) From: 1024K(1024K)->1056K(1536K)
[183.536s][info][gc,heap        ] GC(1202) ParOldGen: 11517K(699392K)->11565K(699392K)
[183.536s][info][gc,metaspace   ] GC(1202) Metaspace: 14301K(15296K)->14301K(15296K) NonClass: 12340K(12928K)->12340K(12928K) Class: 1960K(2368K)->1960K(2368K)
[183.536s][info][gc             ] GC(1202) Pause Young (Allocation Failure) 341M->12M(1004M) 14.688ms
[183.536s][info][gc,cpu         ] GC(1202) User=0.00s Sys=0.00s Real=0.01s
[183.727s][info][gc,start       ] GC(1203) Pause Young (Allocation Failure)
[183.729s][info][gc,heap        ] GC(1203) PSYoungGen: 328736K(329216K)->992K(320000K) Eden: 327680K(327680K)->0K(318976K) From: 1056K(1536K)->992K(1024K)
[183.729s][info][gc,heap        ] GC(1203) ParOldGen: 11565K(699392K)->11645K(699392K)
[183.729s][info][gc,metaspace   ] GC(1203) Metaspace: 14301K(15296K)->14301K(15296K) NonClass: 12340K(12928K)->12340K(12928K) Class: 1960K(2368K)->1960K(2368K)
[183.729s][info][gc             ] GC(1203) Pause Young (Allocation Failure) 332M->12M(995M) 1.981ms
[183.729s][info][gc,cpu         ] GC(1203) User=0.00s Sys=0.00s Real=0.00s
[183.916s][info][gc,start       ] GC(1204) Pause Young (Allocation Failure)
[183.918s][info][gc,heap        ] GC(1204) PSYoungGen: 319968K(320000K)->1024K(311296K) Eden: 318976K(318976K)->0K(310272K) From: 992K(1024K)->1024K(1024K)
[183.918s][info][gc,heap        ] GC(1204) ParOldGen: 11645K(699392K)->11701K(699392K)
[183.918s][info][gc,metaspace   ] GC(1204) Metaspace: 14301K(15296K)->14301K(15296K) NonClass: 12340K(12928K)->12340K(12928K) Class: 1960K(2368K)->1960K(2368K)
[183.918s][info][gc             ] GC(1204) Pause Young (Allocation Failure) 323M->12M(987M) 2.068ms
[183.918s][info][gc,cpu         ] GC(1204) User=0.00s Sys=0.00s Real=0.00s
[184.101s][info][gc,start       ] GC(1205) Pause Young (Allocation Failure)
[184.103s][info][gc,heap        ] GC(1205) PSYoungGen: 311296K(311296K)->992K(303104K) Eden: 310272K(310272K)->0K(302080K) From: 1024K(1024K)->992K(1024K)
[184.103s][info][gc,heap        ] GC(1205) ParOldGen: 11701K(699392K)->11773K(699392K)
[184.103s][info][gc,metaspace   ] GC(1205) Metaspace: 14301K(15296K)->14301K(15296K) NonClass: 12340K(12928K)->12340K(12928K) Class: 1960K(2368K)->1960K(2368K)
[184.103s][info][gc             ] GC(1205) Pause Young (Allocation Failure) 315M->12M(979M) 2.059ms
[184.103s][info][gc,cpu         ] GC(1205) User=0.00s Sys=0.00s Real=0.00s
[184.279s][info][gc,start       ] GC(1206) Pause Young (Allocation Failure)
[184.281s][info][gc,heap        ] GC(1206) PSYoungGen: 303072K(303104K)->1056K(338944K) Eden: 302080K(302080K)->0K(337408K) From: 992K(1024K)->1056K(1536K)
[184.281s][info][gc,heap        ] GC(1206) ParOldGen: 11773K(699392K)->11829K(699392K)
[184.281s][info][gc,metaspace   ] GC(1206) Metaspace: 14301K(15296K)->14301K(15296K) NonClass: 12340K(12928K)->12340K(12928K) Class: 1960K(2368K)->1960K(2368K)
[184.281s][info][gc             ] GC(1206) Pause Young (Allocation Failure) 307M->12M(1014M) 2.094ms
[184.281s][info][gc,cpu         ] GC(1206) User=0.52s Sys=0.00s Real=0.00s
[184.480s][info][gc,start       ] GC(1207) Pause Young (Allocation Failure)
[184.482s][info][gc,heap        ] GC(1207) PSYoungGen: 338464K(338944K)->992K(347648K) Eden: 337408K(337408K)->0K(346112K) From: 1056K(1536K)->992K(1536K)
[184.482s][info][gc,heap        ] GC(1207) ParOldGen: 11829K(699392K)->11885K(699392K)
[184.482s][info][gc,metaspace   ] GC(1207) Metaspace: 14301K(15296K)->14301K(15296K) NonClass: 12340K(12928K)->12340K(12928K) Class: 1960K(2368K)->1960K(2368K)
[184.482s][info][gc             ] GC(1207) Pause Young (Allocation Failure) 342M->12M(1022M) 2.108ms
[184.482s][info][gc,cpu         ] GC(1207) User=0.00s Sys=0.00s Real=0.00s
[184.800s][info][gc,start       ] GC(1208) Pause Young (Allocation Failure)
[184.802s][info][gc,heap        ] GC(1208) PSYoungGen: 347104K(347648K)->1056K(337920K) Eden: 346112K(346112K)->0K(336384K) From: 992K(1536K)->1056K(1536K)
[184.803s][info][gc,heap        ] GC(1208) ParOldGen: 11885K(699392K)->11957K(699392K)
[184.803s][info][gc,metaspace   ] GC(1208) Metaspace: 14301K(15296K)->14301K(15296K) NonClass: 12340K(12928K)->12340K(12928K) Class: 1960K(2368K)->1960K(2368K)
[184.803s][info][gc             ] GC(1208) Pause Young (Allocation Failure) 350M->12M(1013M) 2.977ms
[184.803s][info][gc,cpu         ] GC(1208) User=0.00s Sys=0.00s Real=0.00s
[185.006s][info][gc,start       ] GC(1209) Pause Young (Allocation Failure)
[185.008s][info][gc,heap        ] GC(1209) PSYoungGen: 337440K(337920K)->512K(327680K) Eden: 336384K(336384K)->0K(327168K) From: 1056K(1536K)->512K(512K)
[185.008s][info][gc,heap        ] GC(1209) ParOldGen: 11957K(699392K)->12117K(699392K)
[185.008s][info][gc,metaspace   ] GC(1209) Metaspace: 14301K(15296K)->14301K(15296K) NonClass: 12340K(12928K)->12340K(12928K) Class: 1960K(2368K)->1960K(2368K)
[185.008s][info][gc             ] GC(1209) Pause Young (Allocation Failure) 341M->12M(1003M) 1.976ms
[185.008s][info][gc,cpu         ] GC(1209) User=0.00s Sys=0.00s Real=0.00s
[185.200s][info][gc,start       ] GC(1210) Pause Young (Allocation Failure)
[185.202s][info][gc,heap        ] GC(1210) PSYoungGen: 327680K(327680K)->1024K(320000K) Eden: 327168K(327168K)->0K(318464K) From: 512K(512K)->1024K(1536K)
[185.202s][info][gc,heap        ] GC(1210) ParOldGen: 12117K(699392K)->12157K(699392K)
[185.202s][info][gc,metaspace   ] GC(1210) Metaspace: 14301K(15296K)->14301K(15296K) NonClass: 12340K(12928K)->12340K(12928K) Class: 1960K(2368K)->1960K(2368K)
[185.202s][info][gc             ] GC(1210) Pause Young (Allocation Failure) 331M->12M(995M) 1.758ms
[185.202s][info][gc,cpu         ] GC(1210) User=0.00s Sys=0.00s Real=0.00s
[185.391s][info][gc,start       ] GC(1211) Pause Young (Allocation Failure)
[185.393s][info][gc,heap        ] GC(1211) PSYoungGen: 319488K(320000K)->1024K(310784K) Eden: 318464K(318464K)->0K(309760K) From: 1024K(1536K)->1024K(1024K)
[185.393s][info][gc,heap        ] GC(1211) ParOldGen: 12157K(699392K)->12229K(699392K)
[185.393s][info][gc,metaspace   ] GC(1211) Metaspace: 14301K(15296K)->14301K(15296K) NonClass: 12340K(12928K)->12340K(12928K) Class: 1960K(2368K)->1960K(2368K)
[185.393s][info][gc             ] GC(1211) Pause Young (Allocation Failure) 323M->12M(986M) 1.738ms
[185.393s][info][gc,cpu         ] GC(1211) User=0.00s Sys=0.00s Real=0.00s
[185.574s][info][gc,start       ] GC(1212) Pause Young (Allocation Failure)
[185.576s][info][gc,heap        ] GC(1212) PSYoungGen: 310784K(310784K)->1024K(302592K) Eden: 309760K(309760K)->0K(301568K) From: 1024K(1024K)->1024K(1024K)
[185.576s][info][gc,heap        ] GC(1212) ParOldGen: 12229K(699392K)->12317K(699392K)
[185.576s][info][gc,metaspace   ] GC(1212) Metaspace: 14301K(15296K)->14301K(15296K) NonClass: 12340K(12928K)->12340K(12928K) Class: 1960K(2368K)->1960K(2368K)
[185.576s][info][gc             ] GC(1212) Pause Young (Allocation Failure) 315M->13M(978M) 1.736ms
[185.576s][info][gc,cpu         ] GC(1212) User=0.00s Sys=0.00s Real=0.00s
[185.754s][info][gc,start       ] GC(1213) Pause Young (Allocation Failure)
[185.756s][info][gc,heap        ] GC(1213) PSYoungGen: 302592K(302592K)->992K(294912K) Eden: 301568K(301568K)->0K(293888K) From: 1024K(1024K)->992K(1024K)
[185.756s][info][gc,heap        ] GC(1213) ParOldGen: 12317K(699392K)->12405K(699392K)
[185.756s][info][gc,metaspace   ] GC(1213) Metaspace: 14301K(15296K)->14301K(15296K) NonClass: 12340K(12928K)->12340K(12928K) Class: 1960K(2368K)->1960K(2368K)
[185.756s][info][gc             ] GC(1213) Pause Young (Allocation Failure) 307M->13M(971M) 1.671ms
[185.756s][info][gc,cpu         ] GC(1213) User=0.00s Sys=0.00s Real=0.00s
[185.928s][info][gc,start       ] GC(1214) Pause Young (Allocation Failure)
[185.929s][info][gc,heap        ] GC(1214) PSYoungGen: 294880K(294912K)->1024K(287232K) Eden: 293888K(293888K)->0K(286208K) From: 992K(1024K)->1024K(1024K)
[185.929s][info][gc,heap        ] GC(1214) ParOldGen: 12405K(699392K)->12453K(699392K)
[185.929s][info][gc,metaspace   ] GC(1214) Metaspace: 14301K(15296K)->14301K(15296K) NonClass: 12340K(12928K)->12340K(12928K) Class: 1960K(2368K)->1960K(2368K)
[185.929s][info][gc             ] GC(1214) Pause Young (Allocation Failure) 300M->13M(963M) 1.712ms
[185.930s][info][gc,cpu         ] GC(1214) User=0.00s Sys=0.00s Real=0.00s
[186.096s][info][gc,start       ] GC(1215) Pause Young (Allocation Failure)
[186.098s][info][gc,heap        ] GC(1215) PSYoungGen: 287232K(287232K)->1024K(280064K) Eden: 286208K(286208K)->0K(279040K) From: 1024K(1024K)->1024K(1024K)
[186.098s][info][gc,heap        ] GC(1215) ParOldGen: 12453K(699392K)->12541K(699392K)
[186.098s][info][gc,metaspace   ] GC(1215) Metaspace: 14301K(15296K)->14301K(15296K) NonClass: 12340K(12928K)->12340K(12928K) Class: 1960K(2368K)->1960K(2368K)
[186.098s][info][gc             ] GC(1215) Pause Young (Allocation Failure) 292M->13M(956M) 1.748ms
[186.098s][info][gc,cpu         ] GC(1215) User=0.00s Sys=0.00s Real=0.00s
[186.261s][info][gc,start       ] GC(1216) Pause Young (Allocation Failure)
[186.262s][info][gc,heap        ] GC(1216) PSYoungGen: 280064K(280064K)->1024K(272896K) Eden: 279040K(279040K)->0K(271872K) From: 1024K(1024K)->1024K(1024K)
[186.262s][info][gc,heap        ] GC(1216) ParOldGen: 12541K(699392K)->12597K(699392K)
[186.262s][info][gc,metaspace   ] GC(1216) Metaspace: 14301K(15296K)->14301K(15296K) NonClass: 12340K(12928K)->12340K(12928K) Class: 1960K(2368K)->1960K(2368K)
[186.262s][info][gc             ] GC(1216) Pause Young (Allocation Failure) 285M->13M(949M) 1.765ms
[186.262s][info][gc,cpu         ] GC(1216) User=0.00s Sys=0.00s Real=0.00s
[186.425s][info][gc,start       ] GC(1217) Pause Young (Allocation Failure)
[186.427s][info][gc,heap        ] GC(1217) PSYoungGen: 272896K(272896K)->1024K(266240K) Eden: 271872K(271872K)->0K(265216K) From: 1024K(1024K)->1024K(1024K)
[186.427s][info][gc,heap        ] GC(1217) ParOldGen: 12597K(699392K)->12669K(699392K)
[186.427s][info][gc,metaspace   ] GC(1217) Metaspace: 14301K(15296K)->14301K(15296K) NonClass: 12340K(12928K)->12340K(12928K) Class: 1960K(2368K)->1960K(2368K)
[186.427s][info][gc             ] GC(1217) Pause Young (Allocation Failure) 278M->13M(943M) 1.946ms
[186.427s][info][gc,cpu         ] GC(1217) User=0.00s Sys=0.00s Real=0.00s
[186.584s][info][gc,start       ] GC(1218) Pause Young (Allocation Failure)
[186.586s][info][gc,heap        ] GC(1218) PSYoungGen: 266240K(266240K)->1024K(259584K) Eden: 265216K(265216K)->0K(258560K) From: 1024K(1024K)->1024K(1024K)
[186.586s][info][gc,heap        ] GC(1218) ParOldGen: 12669K(699392K)->12733K(699392K)
[186.586s][info][gc,metaspace   ] GC(1218) Metaspace: 14301K(15296K)->14301K(15296K) NonClass: 12340K(12928K)->12340K(12928K) Class: 1960K(2368K)->1960K(2368K)
[186.586s][info][gc             ] GC(1218) Pause Young (Allocation Failure) 272M->13M(936M) 1.800ms
[186.586s][info][gc,cpu         ] GC(1218) User=0.00s Sys=0.00s Real=0.00s
[186.745s][info][gc,start       ] GC(1219) Pause Young (Allocation Failure)
[186.747s][info][gc,heap        ] GC(1219) PSYoungGen: 259584K(259584K)->1024K(253440K) Eden: 258560K(258560K)->0K(252416K) From: 1024K(1024K)->1024K(1024K)
[186.747s][info][gc,heap        ] GC(1219) ParOldGen: 12733K(699392K)->12813K(699392K)
[186.747s][info][gc,metaspace   ] GC(1219) Metaspace: 14301K(15296K)->14301K(15296K) NonClass: 12340K(12928K)->12340K(12928K) Class: 1960K(2368K)->1960K(2368K)
[186.747s][info][gc             ] GC(1219) Pause Young (Allocation Failure) 265M->13M(930M) 1.801ms
[186.747s][info][gc,cpu         ] GC(1219) User=0.00s Sys=0.00s Real=0.00s
[186.918s][info][gc,start       ] GC(1220) Pause Young (Allocation Failure)
[186.920s][info][gc,heap        ] GC(1220) PSYoungGen: 253440K(253440K)->992K(247296K) Eden: 252416K(252416K)->0K(246272K) From: 1024K(1024K)->992K(1024K)
[186.920s][info][gc,heap        ] GC(1220) ParOldGen: 12813K(699392K)->12869K(699392K)
[186.920s][info][gc,metaspace   ] GC(1220) Metaspace: 14301K(15296K)->14301K(15296K) NonClass: 12340K(12928K)->12340K(12928K) Class: 1960K(2368K)->1960K(2368K)
[186.920s][info][gc             ] GC(1220) Pause Young (Allocation Failure) 260M->13M(924M) 1.837ms
[186.920s][info][gc,cpu         ] GC(1220) User=0.00s Sys=0.00s Real=0.00s
[187.092s][info][gc,start       ] GC(1221) Pause Young (Allocation Failure)
[187.094s][info][gc,heap        ] GC(1221) PSYoungGen: 247264K(247296K)->800K(241664K) Eden: 246272K(246272K)->0K(240640K) From: 992K(1024K)->800K(1024K)
[187.094s][info][gc,heap        ] GC(1221) ParOldGen: 12869K(699392K)->12949K(699392K)
[187.094s][info][gc,metaspace   ] GC(1221) Metaspace: 14301K(15296K)->14301K(15296K) NonClass: 12340K(12928K)->12340K(12928K) Class: 1960K(2368K)->1960K(2368K)
[187.094s][info][gc             ] GC(1221) Pause Young (Allocation Failure) 254M->13M(919M) 2.010ms
[187.094s][info][gc,cpu         ] GC(1221) User=0.02s Sys=0.00s Real=0.00s
[187.228s][info][gc,start       ] GC(1222) Pause Young (Allocation Failure)
[187.229s][info][gc,heap        ] GC(1222) PSYoungGen: 241440K(241664K)->576K(289792K) Eden: 240640K(240640K)->0K(288768K) From: 800K(1024K)->576K(1024K)
[187.230s][info][gc,heap        ] GC(1222) ParOldGen: 12949K(699392K)->13021K(699392K)
[187.230s][info][gc,metaspace   ] GC(1222) Metaspace: 14301K(15296K)->14301K(15296K) NonClass: 12340K(12928K)->12340K(12928K) Class: 1960K(2368K)->1960K(2368K)
[187.230s][info][gc             ] GC(1222) Pause Young (Allocation Failure) 248M->13M(966M) 1.846ms
[187.230s][info][gc,cpu         ] GC(1222) User=0.00s Sys=0.00s Real=0.00s
[187.350s][info][gc,start       ] GC(1223) Pause Young (System.gc())
[187.352s][info][gc,heap        ] GC(1223) PSYoungGen: 84777K(289792K)->128K(289280K) Eden: 84201K(288768K)->0K(288768K) From: 576K(1024K)->128K(512K)
[187.352s][info][gc,heap        ] GC(1223) ParOldGen: 13021K(699392K)->13093K(699392K)
[187.352s][info][gc,metaspace   ] GC(1223) Metaspace: 14301K(15296K)->14301K(15296K) NonClass: 12340K(12928K)->12340K(12928K) Class: 1960K(2368K)->1960K(2368K)
[187.352s][info][gc             ] GC(1223) Pause Young (System.gc()) 95M->12M(965M) 2.438ms
[187.352s][info][gc,cpu         ] GC(1223) User=0.00s Sys=0.00s Real=0.00s
[187.352s][info][gc,start       ] GC(1224) Pause Full (System.gc())
[187.352s][info][gc,phases,start] GC(1224) Marking Phase
[187.367s][info][gc,phases      ] GC(1224) Marking Phase 14.736ms
[187.367s][info][gc,phases,start] GC(1224) Summary Phase
[187.367s][info][gc,phases      ] GC(1224) Summary Phase 0.032ms
[187.367s][info][gc,phases,start] GC(1224) Adjust Roots
[187.373s][info][gc,phases      ] GC(1224) Adjust Roots 5.513ms
[187.373s][info][gc,phases,start] GC(1224) Compaction Phase
[187.374s][info][gc,phases      ] GC(1224) Compaction Phase 1.846ms
[187.375s][info][gc,phases,start] GC(1224) Post Compact
[187.375s][info][gc,phases      ] GC(1224) Post Compact 0.304ms
[187.375s][info][gc,heap        ] GC(1224) PSYoungGen: 128K(289280K)->0K(289280K) Eden: 0K(288768K)->0K(288768K) From: 128K(512K)->0K(512K)
[187.375s][info][gc,heap        ] GC(1224) ParOldGen: 13093K(699392K)->5373K(699392K)
[187.375s][info][gc,metaspace   ] GC(1224) Metaspace: 14301K(15296K)->14301K(15296K) NonClass: 12340K(12928K)->12340K(12928K) Class: 1960K(2368K)->1960K(2368K)
[187.375s][info][gc             ] GC(1224) Pause Full (System.gc()) 12M->5M(965M) 22.700ms
[187.375s][info][gc,cpu         ] GC(1224) User=0.02s Sys=0.00s Real=0.02s
[187.555s][info][gc,start       ] GC(1225) Pause Young (Allocation Failure)
[187.557s][info][gc,heap        ] GC(1225) PSYoungGen: 288768K(289280K)->1536K(339456K) Eden: 288768K(288768K)->0K(337920K) From: 0K(512K)->1536K(1536K)
[187.557s][info][gc,heap        ] GC(1225) ParOldGen: 5373K(699392K)->5550K(699392K)
[187.557s][info][gc,metaspace   ] GC(1225) Metaspace: 14302K(15296K)->14302K(15296K) NonClass: 12341K(12928K)->12341K(12928K) Class: 1960K(2368K)->1960K(2368K)
[187.557s][info][gc             ] GC(1225) Pause Young (Allocation Failure) 287M->6M(1014M) 2.098ms
[187.557s][info][gc,cpu         ] GC(1225) User=0.00s Sys=0.00s Real=0.00s
[187.749s][info][gc,start       ] GC(1226) Pause Young (Allocation Failure)
[187.766s][info][gc,heap        ] GC(1226) PSYoungGen: 339456K(339456K)->1056K(347136K) Eden: 337920K(337920K)->0K(345088K) From: 1536K(1536K)->1056K(2048K)
[187.766s][info][gc,heap        ] GC(1226) ParOldGen: 5550K(699392K)->7099K(699392K)
[187.766s][info][gc,metaspace   ] GC(1226) Metaspace: 14302K(15296K)->14302K(15296K) NonClass: 12341K(12928K)->12341K(12928K) Class: 1960K(2368K)->1960K(2368K)
[187.766s][info][gc             ] GC(1226) Pause Young (Allocation Failure) 336M->7M(1022M) 17.078ms
[187.766s][info][gc,cpu         ] GC(1226) User=0.00s Sys=0.00s Real=0.02s
[187.967s][info][gc,start       ] GC(1227) Pause Young (Allocation Failure)
[187.969s][info][gc,heap        ] GC(1227) PSYoungGen: 346144K(347136K)->1056K(336896K) Eden: 345088K(345088K)->0K(335360K) From: 1056K(2048K)->1056K(1536K)
[187.970s][info][gc,heap        ] GC(1227) ParOldGen: 7099K(699392K)->7171K(699392K)
[187.970s][info][gc,metaspace   ] GC(1227) Metaspace: 14302K(15296K)->14302K(15296K) NonClass: 12341K(12928K)->12341K(12928K) Class: 1960K(2368K)->1960K(2368K)
[187.970s][info][gc             ] GC(1227) Pause Young (Allocation Failure) 344M->8M(1012M) 2.052ms
[187.970s][info][gc,cpu         ] GC(1227) User=0.52s Sys=0.00s Real=0.00s
[188.163s][info][gc,start       ] GC(1228) Pause Young (Allocation Failure)
[188.165s][info][gc,heap        ] GC(1228) PSYoungGen: 336416K(336896K)->1024K(327168K) Eden: 335360K(335360K)->0K(326144K) From: 1056K(1536K)->1024K(1024K)
[188.165s][info][gc,heap        ] GC(1228) ParOldGen: 7171K(699392K)->7259K(699392K)
[188.165s][info][gc,metaspace   ] GC(1228) Metaspace: 14302K(15296K)->14302K(15296K) NonClass: 12341K(12928K)->12341K(12928K) Class: 1960K(2368K)->1960K(2368K)
[188.165s][info][gc             ] GC(1228) Pause Young (Allocation Failure) 335M->8M(1002M) 2.061ms
[188.165s][info][gc,cpu         ] GC(1228) User=0.00s Sys=0.00s Real=0.00s
[188.354s][info][gc,start       ] GC(1229) Pause Young (Allocation Failure)
[188.356s][info][gc,heap        ] GC(1229) PSYoungGen: 327168K(327168K)->1024K(318464K) Eden: 326144K(326144K)->0K(317440K) From: 1024K(1024K)->1024K(1024K)
[188.356s][info][gc,heap        ] GC(1229) ParOldGen: 7259K(699392K)->7331K(699392K)
[188.356s][info][gc,metaspace   ] GC(1229) Metaspace: 14302K(15296K)->14302K(15296K) NonClass: 12341K(12928K)->12341K(12928K) Class: 1960K(2368K)->1960K(2368K)
[188.356s][info][gc             ] GC(1229) Pause Young (Allocation Failure) 326M->8M(994M) 2.093ms
[188.356s][info][gc,cpu         ] GC(1229) User=0.00s Sys=0.00s Real=0.00s
[188.586s][info][gc,start       ] GC(1230) Pause Young (Allocation Failure)
[188.589s][info][gc,heap        ] GC(1230) PSYoungGen: 318464K(318464K)->1056K(345600K) Eden: 317440K(317440K)->0K(344064K) From: 1024K(1024K)->1056K(1536K)
[188.589s][info][gc,heap        ] GC(1230) ParOldGen: 7331K(699392K)->7403K(699392K)
[188.589s][info][gc,metaspace   ] GC(1230) Metaspace: 14302K(15296K)->14302K(15296K) NonClass: 12341K(12928K)->12341K(12928K) Class: 1960K(2368K)->1960K(2368K)
[188.589s][info][gc             ] GC(1230) Pause Young (Allocation Failure) 318M->8M(1020M) 2.855ms
[188.589s][info][gc,cpu         ] GC(1230) User=0.00s Sys=0.00s Real=0.00s
[188.799s][info][gc,start       ] GC(1231) Pause Young (Allocation Failure)
[188.801s][info][gc,heap        ] GC(1231) PSYoungGen: 345120K(345600K)->1024K(335360K) Eden: 344064K(344064K)->0K(334336K) From: 1056K(1536K)->1024K(1024K)
[188.801s][info][gc,heap        ] GC(1231) ParOldGen: 7403K(699392K)->7475K(699392K)
[188.801s][info][gc,metaspace   ] GC(1231) Metaspace: 14302K(15296K)->14302K(15296K) NonClass: 12341K(12928K)->12341K(12928K) Class: 1960K(2368K)->1960K(2368K)
[188.801s][info][gc             ] GC(1231) Pause Young (Allocation Failure) 344M->8M(1010M) 2.051ms
[188.801s][info][gc,cpu         ] GC(1231) User=0.00s Sys=0.00s Real=0.00s
[188.998s][info][gc,start       ] GC(1232) Pause Young (Allocation Failure)
[188.999s][info][gc,heap        ] GC(1232) PSYoungGen: 335360K(335360K)->1024K(326144K) Eden: 334336K(334336K)->0K(325120K) From: 1024K(1024K)->1024K(1024K)
[188.999s][info][gc,heap        ] GC(1232) ParOldGen: 7475K(699392K)->7571K(699392K)
[188.999s][info][gc,metaspace   ] GC(1232) Metaspace: 14302K(15296K)->14302K(15296K) NonClass: 12341K(12928K)->12341K(12928K) Class: 1960K(2368K)->1960K(2368K)
[189.000s][info][gc             ] GC(1232) Pause Young (Allocation Failure) 334M->8M(1001M) 1.825ms
[189.000s][info][gc,cpu         ] GC(1232) User=0.00s Sys=0.00s Real=0.00s
[189.191s][info][gc,start       ] GC(1233) Pause Young (Allocation Failure)
[189.193s][info][gc,heap        ] GC(1233) PSYoungGen: 326144K(326144K)->1024K(317440K) Eden: 325120K(325120K)->0K(316416K) From: 1024K(1024K)->1024K(1024K)
[189.193s][info][gc,heap        ] GC(1233) ParOldGen: 7571K(699392K)->7635K(699392K)
[189.193s][info][gc,metaspace   ] GC(1233) Metaspace: 14302K(15296K)->14302K(15296K) NonClass: 12341K(12928K)->12341K(12928K) Class: 1960K(2368K)->1960K(2368K)
[189.193s][info][gc             ] GC(1233) Pause Young (Allocation Failure) 325M->8M(993M) 1.779ms
[189.193s][info][gc,cpu         ] GC(1233) User=0.00s Sys=0.00s Real=0.00s
[189.379s][info][gc,start       ] GC(1234) Pause Young (Allocation Failure)
[189.380s][info][gc,heap        ] GC(1234) PSYoungGen: 317440K(317440K)->992K(309248K) Eden: 316416K(316416K)->0K(308224K) From: 1024K(1024K)->992K(1024K)
[189.380s][info][gc,heap        ] GC(1234) ParOldGen: 7635K(699392K)->7707K(699392K)
[189.380s][info][gc,metaspace   ] GC(1234) Metaspace: 14302K(15296K)->14302K(15296K) NonClass: 12341K(12928K)->12341K(12928K) Class: 1960K(2368K)->1960K(2368K)
[189.380s][info][gc             ] GC(1234) Pause Young (Allocation Failure) 317M->8M(985M) 1.594ms
[189.380s][info][gc,cpu         ] GC(1234) User=0.00s Sys=0.00s Real=0.00s
[189.560s][info][gc,start       ] GC(1235) Pause Young (Allocation Failure)
[189.561s][info][gc,heap        ] GC(1235) PSYoungGen: 309216K(309248K)->1024K(301056K) Eden: 308224K(308224K)->0K(300032K) From: 992K(1024K)->1024K(1024K)
[189.561s][info][gc,heap        ] GC(1235) ParOldGen: 7707K(699392K)->7779K(699392K)
[189.561s][info][gc,metaspace   ] GC(1235) Metaspace: 14302K(15296K)->14302K(15296K) NonClass: 12341K(12928K)->12341K(12928K) Class: 1960K(2368K)->1960K(2368K)
[189.561s][info][gc             ] GC(1235) Pause Young (Allocation Failure) 309M->8M(977M) 1.616ms
[189.561s][info][gc,cpu         ] GC(1235) User=0.00s Sys=0.00s Real=0.00s
[189.737s][info][gc,start       ] GC(1236) Pause Young (Allocation Failure)
[189.739s][info][gc,heap        ] GC(1236) PSYoungGen: 301056K(301056K)->960K(293376K) Eden: 300032K(300032K)->0K(292352K) From: 1024K(1024K)->960K(1024K)
[189.739s][info][gc,heap        ] GC(1236) ParOldGen: 7779K(699392K)->7843K(699392K)
[189.739s][info][gc,metaspace   ] GC(1236) Metaspace: 14302K(15296K)->14302K(15296K) NonClass: 12341K(12928K)->12341K(12928K) Class: 1960K(2368K)->1960K(2368K)
[189.739s][info][gc             ] GC(1236) Pause Young (Allocation Failure) 301M->8M(969M) 1.671ms
[189.739s][info][gc,cpu         ] GC(1236) User=0.00s Sys=0.00s Real=0.00s
[189.911s][info][gc,start       ] GC(1237) Pause Young (Allocation Failure)
[189.913s][info][gc,heap        ] GC(1237) PSYoungGen: 293312K(293376K)->1024K(285696K) Eden: 292352K(292352K)->0K(284672K) From: 960K(1024K)->1024K(1024K)
[189.913s][info][gc,heap        ] GC(1237) ParOldGen: 7843K(699392K)->7915K(699392K)
[189.913s][info][gc,metaspace   ] GC(1237) Metaspace: 14302K(15296K)->14302K(15296K) NonClass: 12341K(12928K)->12341K(12928K) Class: 1960K(2368K)->1960K(2368K)
[189.913s][info][gc             ] GC(1237) Pause Young (Allocation Failure) 294M->8M(962M) 1.725ms
[189.913s][info][gc,cpu         ] GC(1237) User=0.00s Sys=0.00s Real=0.00s
[190.080s][info][gc,start       ] GC(1238) Pause Young (Allocation Failure)
[190.081s][info][gc,heap        ] GC(1238) PSYoungGen: 285696K(285696K)->1024K(278528K) Eden: 284672K(284672K)->0K(277504K) From: 1024K(1024K)->1024K(1024K)
[190.081s][info][gc,heap        ] GC(1238) ParOldGen: 7915K(699392K)->8003K(699392K)
[190.081s][info][gc,metaspace   ] GC(1238) Metaspace: 14302K(15296K)->14302K(15296K) NonClass: 12341K(12928K)->12341K(12928K) Class: 1960K(2368K)->1960K(2368K)
[190.081s][info][gc             ] GC(1238) Pause Young (Allocation Failure) 286M->8M(955M) 1.780ms
[190.081s][info][gc,cpu         ] GC(1238) User=0.00s Sys=0.00s Real=0.00s
[190.245s][info][gc,start       ] GC(1239) Pause Young (Allocation Failure)
[190.247s][info][gc,heap        ] GC(1239) PSYoungGen: 278528K(278528K)->1024K(271872K) Eden: 277504K(277504K)->0K(270848K) From: 1024K(1024K)->1024K(1024K)
[190.247s][info][gc,heap        ] GC(1239) ParOldGen: 8003K(699392K)->8099K(699392K)
[190.247s][info][gc,metaspace   ] GC(1239) Metaspace: 14302K(15296K)->14302K(15296K) NonClass: 12341K(12928K)->12341K(12928K) Class: 1960K(2368K)->1960K(2368K)
[190.247s][info][gc             ] GC(1239) Pause Young (Allocation Failure) 279M->8M(948M) 1.753ms
[190.247s][info][gc,cpu         ] GC(1239) User=0.00s Sys=0.00s Real=0.00s
[190.407s][info][gc,start       ] GC(1240) Pause Young (Allocation Failure)
[190.409s][info][gc,heap        ] GC(1240) PSYoungGen: 271872K(271872K)->992K(265216K) Eden: 270848K(270848K)->0K(264192K) From: 1024K(1024K)->992K(1024K)
[190.409s][info][gc,heap        ] GC(1240) ParOldGen: 8099K(699392K)->8195K(699392K)
[190.409s][info][gc,metaspace   ] GC(1240) Metaspace: 14302K(15296K)->14302K(15296K) NonClass: 12341K(12928K)->12341K(12928K) Class: 1960K(2368K)->1960K(2368K)
[190.409s][info][gc             ] GC(1240) Pause Young (Allocation Failure) 273M->8M(942M) 1.802ms
[190.409s][info][gc,cpu         ] GC(1240) User=0.00s Sys=0.00s Real=0.00s
[190.564s][info][gc,start       ] GC(1241) Pause Young (Allocation Failure)
[190.566s][info][gc,heap        ] GC(1241) PSYoungGen: 265184K(265216K)->1024K(259072K) Eden: 264192K(264192K)->0K(258048K) From: 992K(1024K)->1024K(1024K)
[190.566s][info][gc,heap        ] GC(1241) ParOldGen: 8195K(699392K)->8267K(699392K)
[190.566s][info][gc,metaspace   ] GC(1241) Metaspace: 14302K(15296K)->14302K(15296K) NonClass: 12341K(12928K)->12341K(12928K) Class: 1960K(2368K)->1960K(2368K)
[190.566s][info][gc             ] GC(1241) Pause Young (Allocation Failure) 266M->9M(936M) 1.863ms
[190.566s][info][gc,cpu         ] GC(1241) User=0.00s Sys=0.00s Real=0.00s
[190.718s][info][gc,start       ] GC(1242) Pause Young (Allocation Failure)
[190.720s][info][gc,heap        ] GC(1242) PSYoungGen: 259072K(259072K)->1024K(252928K) Eden: 258048K(258048K)->0K(251904K) From: 1024K(1024K)->1024K(1024K)
[190.720s][info][gc,heap        ] GC(1242) ParOldGen: 8267K(699392K)->8315K(699392K)
[190.720s][info][gc,metaspace   ] GC(1242) Metaspace: 14302K(15296K)->14302K(15296K) NonClass: 12341K(12928K)->12341K(12928K) Class: 1960K(2368K)->1960K(2368K)
[190.720s][info][gc             ] GC(1242) Pause Young (Allocation Failure) 261M->9M(930M) 1.840ms
[190.720s][info][gc,cpu         ] GC(1242) User=0.00s Sys=0.02s Real=0.00s
[190.868s][info][gc,start       ] GC(1243) Pause Young (Allocation Failure)
[190.869s][info][gc,heap        ] GC(1243) PSYoungGen: 252928K(252928K)->992K(303616K) Eden: 251904K(251904K)->0K(302592K) From: 1024K(1024K)->992K(1024K)
[190.869s][info][gc,heap        ] GC(1243) ParOldGen: 8315K(699392K)->8387K(699392K)
[190.869s][info][gc,metaspace   ] GC(1243) Metaspace: 14302K(15296K)->14302K(15296K) NonClass: 12341K(12928K)->12341K(12928K) Class: 1960K(2368K)->1960K(2368K)
[190.869s][info][gc             ] GC(1243) Pause Young (Allocation Failure) 255M->9M(979M) 1.878ms
[190.869s][info][gc,cpu         ] GC(1243) User=0.00s Sys=0.00s Real=0.00s
[191.046s][info][gc,start       ] GC(1244) Pause Young (Allocation Failure)
[191.048s][info][gc,heap        ] GC(1244) PSYoungGen: 303584K(303616K)->992K(295936K) Eden: 302592K(302592K)->0K(294912K) From: 992K(1024K)->992K(1024K)
[191.048s][info][gc,heap        ] GC(1244) ParOldGen: 8387K(699392K)->8451K(699392K)
[191.048s][info][gc,metaspace   ] GC(1244) Metaspace: 14302K(15296K)->14302K(15296K) NonClass: 12341K(12928K)->12341K(12928K) Class: 1960K(2368K)->1960K(2368K)
[191.048s][info][gc             ] GC(1244) Pause Young (Allocation Failure) 304M->9M(972M) 1.948ms
[191.048s][info][gc,cpu         ] GC(1244) User=0.00s Sys=0.02s Real=0.00s
[191.222s][info][gc,start       ] GC(1245) Pause Young (Allocation Failure)
[191.224s][info][gc,heap        ] GC(1245) PSYoungGen: 295904K(295936K)->992K(288256K) Eden: 294912K(294912K)->0K(287232K) From: 992K(1024K)->992K(1024K)
[191.224s][info][gc,heap        ] GC(1245) ParOldGen: 8451K(699392K)->8539K(699392K)
[191.224s][info][gc,metaspace   ] GC(1245) Metaspace: 14302K(15296K)->14302K(15296K) NonClass: 12341K(12928K)->12341K(12928K) Class: 1960K(2368K)->1960K(2368K)
[191.224s][info][gc             ] GC(1245) Pause Young (Allocation Failure) 297M->9M(964M) 1.918ms
[191.224s][info][gc,cpu         ] GC(1245) User=0.00s Sys=0.00s Real=0.00s
[191.393s][info][gc,start       ] GC(1246) Pause Young (Allocation Failure)
[191.395s][info][gc,heap        ] GC(1246) PSYoungGen: 288224K(288256K)->1024K(281088K) Eden: 287232K(287232K)->0K(280064K) From: 992K(1024K)->1024K(1024K)
[191.395s][info][gc,heap        ] GC(1246) ParOldGen: 8539K(699392K)->8611K(699392K)
[191.395s][info][gc,metaspace   ] GC(1246) Metaspace: 14302K(15296K)->14302K(15296K) NonClass: 12341K(12928K)->12341K(12928K) Class: 1960K(2368K)->1960K(2368K)
[191.395s][info][gc             ] GC(1246) Pause Young (Allocation Failure) 289M->9M(957M) 1.961ms
[191.395s][info][gc,cpu         ] GC(1246) User=0.00s Sys=0.00s Real=0.00s
[191.561s][info][gc,start       ] GC(1247) Pause Young (Allocation Failure)
[191.563s][info][gc,heap        ] GC(1247) PSYoungGen: 281088K(281088K)->1024K(337408K) Eden: 280064K(280064K)->0K(335872K) From: 1024K(1024K)->1024K(1536K)
[191.563s][info][gc,heap        ] GC(1247) ParOldGen: 8611K(699392K)->8691K(699392K)
[191.563s][info][gc,metaspace   ] GC(1247) Metaspace: 14302K(15296K)->14302K(15296K) NonClass: 12341K(12928K)->12341K(12928K) Class: 1960K(2368K)->1960K(2368K)
[191.563s][info][gc             ] GC(1247) Pause Young (Allocation Failure) 282M->9M(1012M) 1.917ms
[191.563s][info][gc,cpu         ] GC(1247) User=0.52s Sys=0.00s Real=0.00s
[191.762s][info][gc,start       ] GC(1248) Pause Young (Allocation Failure)
[191.764s][info][gc,heap        ] GC(1248) PSYoungGen: 336896K(337408K)->1024K(327680K) Eden: 335872K(335872K)->0K(326656K) From: 1024K(1536K)->1024K(1024K)
[191.764s][info][gc,heap        ] GC(1248) ParOldGen: 8691K(699392K)->8779K(699392K)
[191.764s][info][gc,metaspace   ] GC(1248) Metaspace: 14302K(15296K)->14302K(15296K) NonClass: 12341K(12928K)->12341K(12928K) Class: 1960K(2368K)->1960K(2368K)
[191.764s][info][gc             ] GC(1248) Pause Young (Allocation Failure) 337M->9M(1003M) 2.005ms
[191.764s][info][gc,cpu         ] GC(1248) User=0.00s Sys=0.00s Real=0.00s
[191.957s][info][gc,start       ] GC(1249) Pause Young (Allocation Failure)
[191.959s][info][gc,heap        ] GC(1249) PSYoungGen: 327680K(327680K)->1024K(318976K) Eden: 326656K(326656K)->0K(317952K) From: 1024K(1024K)->1024K(1024K)
[191.959s][info][gc,heap        ] GC(1249) ParOldGen: 8779K(699392K)->8859K(699392K)
[191.959s][info][gc,metaspace   ] GC(1249) Metaspace: 14302K(15296K)->14302K(15296K) NonClass: 12341K(12928K)->12341K(12928K) Class: 1960K(2368K)->1960K(2368K)
[191.959s][info][gc             ] GC(1249) Pause Young (Allocation Failure) 328M->9M(994M) 2.117ms
[191.959s][info][gc,cpu         ] GC(1249) User=0.00s Sys=0.00s Real=0.00s
[192.146s][info][gc,start       ] GC(1250) Pause Young (Allocation Failure)
[192.158s][info][gc,heap        ] GC(1250) PSYoungGen: 318976K(318976K)->1024K(310272K) Eden: 317952K(317952K)->0K(309248K) From: 1024K(1024K)->1024K(1024K)
[192.158s][info][gc,heap        ] GC(1250) ParOldGen: 8859K(699392K)->8931K(699392K)
[192.158s][info][gc,metaspace   ] GC(1250) Metaspace: 14302K(15296K)->14302K(15296K) NonClass: 12341K(12928K)->12341K(12928K) Class: 1960K(2368K)->1960K(2368K)
[192.158s][info][gc             ] GC(1250) Pause Young (Allocation Failure) 320M->9M(986M) 12.535ms
[192.158s][info][gc,cpu         ] GC(1250) User=0.00s Sys=0.00s Real=0.00s
[192.342s][info][gc,start       ] GC(1251) Pause Young (Allocation Failure)
[192.344s][info][gc,heap        ] GC(1251) PSYoungGen: 310272K(310272K)->992K(302080K) Eden: 309248K(309248K)->0K(301056K) From: 1024K(1024K)->992K(1024K)
[192.344s][info][gc,heap        ] GC(1251) ParOldGen: 8931K(699392K)->8995K(699392K)
[192.344s][info][gc,metaspace   ] GC(1251) Metaspace: 14302K(15296K)->14302K(15296K) NonClass: 12341K(12928K)->12341K(12928K) Class: 1960K(2368K)->1960K(2368K)
[192.344s][info][gc             ] GC(1251) Pause Young (Allocation Failure) 311M->9M(978M) 2.159ms
[192.344s][info][gc,cpu         ] GC(1251) User=0.52s Sys=0.00s Real=0.00s
[192.522s][info][gc,start       ] GC(1252) Pause Young (Allocation Failure)
[192.524s][info][gc,heap        ] GC(1252) PSYoungGen: 302048K(302080K)->1024K(335872K) Eden: 301056K(301056K)->0K(334336K) From: 992K(1024K)->1024K(1536K)
[192.524s][info][gc,heap        ] GC(1252) ParOldGen: 8995K(699392K)->9075K(699392K)
[192.524s][info][gc,metaspace   ] GC(1252) Metaspace: 14302K(15296K)->14302K(15296K) NonClass: 12341K(12928K)->12341K(12928K) Class: 1960K(2368K)->1960K(2368K)
[192.524s][info][gc             ] GC(1252) Pause Young (Allocation Failure) 303M->9M(1011M) 2.095ms
[192.524s][info][gc,cpu         ] GC(1252) User=0.00s Sys=0.00s Real=0.00s
[192.721s][info][gc,start       ] GC(1253) Pause Young (Allocation Failure)
[192.723s][info][gc,heap        ] GC(1253) PSYoungGen: 335360K(335872K)->1024K(335872K) Eden: 334336K(334336K)->0K(334336K) From: 1024K(1536K)->1024K(1536K)
[192.723s][info][gc,heap        ] GC(1253) ParOldGen: 9075K(699392K)->9139K(699392K)
[192.723s][info][gc,metaspace   ] GC(1253) Metaspace: 14302K(15296K)->14302K(15296K) NonClass: 12341K(12928K)->12341K(12928K) Class: 1960K(2368K)->1960K(2368K)
[192.723s][info][gc             ] GC(1253) Pause Young (Allocation Failure) 336M->9M(1011M) 2.103ms
[192.723s][info][gc,cpu         ] GC(1253) User=0.00s Sys=0.00s Real=0.00s
[192.920s][info][gc,start       ] GC(1254) Pause Young (Allocation Failure)
[192.922s][info][gc,heap        ] GC(1254) PSYoungGen: 335360K(335872K)->1056K(347648K) Eden: 334336K(334336K)->0K(346112K) From: 1024K(1536K)->1056K(1536K)
[192.922s][info][gc,heap        ] GC(1254) ParOldGen: 9139K(699392K)->9203K(699392K)
[192.922s][info][gc,metaspace   ] GC(1254) Metaspace: 14302K(15296K)->14302K(15296K) NonClass: 12341K(12928K)->12341K(12928K) Class: 1960K(2368K)->1960K(2368K)
[192.922s][info][gc             ] GC(1254) Pause Young (Allocation Failure) 336M->10M(1022M) 2.188ms
[192.922s][info][gc,cpu         ] GC(1254) User=0.52s Sys=0.00s Real=0.00s
[193.124s][info][gc,start       ] GC(1255) Pause Young (Allocation Failure)
[193.126s][info][gc,heap        ] GC(1255) PSYoungGen: 347168K(347648K)->1024K(347648K) Eden: 346112K(346112K)->0K(346112K) From: 1056K(1536K)->1024K(1536K)
[193.126s][info][gc,heap        ] GC(1255) ParOldGen: 9203K(699392K)->9275K(699392K)
[193.126s][info][gc,metaspace   ] GC(1255) Metaspace: 14302K(15296K)->14302K(15296K) NonClass: 12341K(12928K)->12341K(12928K) Class: 1960K(2368K)->1960K(2368K)
[193.126s][info][gc             ] GC(1255) Pause Young (Allocation Failure) 348M->10M(1022M) 2.225ms
[193.126s][info][gc,cpu         ] GC(1255) User=0.52s Sys=0.00s Real=0.00s
[193.329s][info][gc,start       ] GC(1256) Pause Young (Allocation Failure)
[193.331s][info][gc,heap        ] GC(1256) PSYoungGen: 347136K(347648K)->1024K(347648K) Eden: 346112K(346112K)->0K(346112K) From: 1024K(1536K)->1024K(1536K)
[193.331s][info][gc,heap        ] GC(1256) ParOldGen: 9275K(699392K)->9363K(699392K)
[193.331s][info][gc,metaspace   ] GC(1256) Metaspace: 14302K(15296K)->14302K(15296K) NonClass: 12341K(12928K)->12341K(12928K) Class: 1960K(2368K)->1960K(2368K)
[193.331s][info][gc             ] GC(1256) Pause Young (Allocation Failure) 348M->10M(1022M) 2.257ms
[193.331s][info][gc,cpu         ] GC(1256) User=0.00s Sys=0.00s Real=0.00s
[193.593s][info][gc,start       ] GC(1257) Pause Young (Allocation Failure)
[193.596s][info][gc,heap        ] GC(1257) PSYoungGen: 347136K(347648K)->960K(347648K) Eden: 346112K(346112K)->0K(346112K) From: 1024K(1536K)->960K(1536K)
[193.596s][info][gc,heap        ] GC(1257) ParOldGen: 9363K(699392K)->9435K(699392K)
[193.596s][info][gc,metaspace   ] GC(1257) Metaspace: 14302K(15296K)->14302K(15296K) NonClass: 12341K(12928K)->12341K(12928K) Class: 1960K(2368K)->1960K(2368K)
[193.596s][info][gc             ] GC(1257) Pause Young (Allocation Failure) 348M->10M(1022M) 3.039ms
[193.596s][info][gc,cpu         ] GC(1257) User=0.00s Sys=0.00s Real=0.00s
[193.803s][info][gc,start       ] GC(1258) Pause Young (Allocation Failure)
[193.805s][info][gc,heap        ] GC(1258) PSYoungGen: 347072K(347648K)->992K(347648K) Eden: 346112K(346112K)->0K(346112K) From: 960K(1536K)->992K(1536K)
[193.805s][info][gc,heap        ] GC(1258) ParOldGen: 9435K(699392K)->9531K(699392K)
[193.805s][info][gc,metaspace   ] GC(1258) Metaspace: 14302K(15296K)->14302K(15296K) NonClass: 12341K(12928K)->12341K(12928K) Class: 1960K(2368K)->1960K(2368K)
[193.806s][info][gc             ] GC(1258) Pause Young (Allocation Failure) 348M->10M(1022M) 2.162ms
[193.806s][info][gc,cpu         ] GC(1258) User=0.00s Sys=0.00s Real=0.00s
[194.007s][info][gc,start       ] GC(1259) Pause Young (Allocation Failure)
[194.009s][info][gc,heap        ] GC(1259) PSYoungGen: 347104K(347648K)->1024K(337408K) Eden: 346112K(346112K)->0K(336384K) From: 992K(1536K)->1024K(1024K)
[194.009s][info][gc,heap        ] GC(1259) ParOldGen: 9531K(699392K)->9603K(699392K)
[194.009s][info][gc,metaspace   ] GC(1259) Metaspace: 14302K(15296K)->14302K(15296K) NonClass: 12341K(12928K)->12341K(12928K) Class: 1960K(2368K)->1960K(2368K)
[194.009s][info][gc             ] GC(1259) Pause Young (Allocation Failure) 348M->10M(1012M) 1.853ms
[194.009s][info][gc,cpu         ] GC(1259) User=0.00s Sys=0.00s Real=0.00s
[194.205s][info][gc,start       ] GC(1260) Pause Young (Allocation Failure)
[194.207s][info][gc,heap        ] GC(1260) PSYoungGen: 337408K(337408K)->1024K(328192K) Eden: 336384K(336384K)->0K(327168K) From: 1024K(1024K)->1024K(1024K)
[194.207s][info][gc,heap        ] GC(1260) ParOldGen: 9603K(699392K)->9683K(699392K)
[194.207s][info][gc,metaspace   ] GC(1260) Metaspace: 14302K(15296K)->14302K(15296K) NonClass: 12341K(12928K)->12341K(12928K) Class: 1960K(2368K)->1960K(2368K)
[194.207s][info][gc             ] GC(1260) Pause Young (Allocation Failure) 338M->10M(1003M) 1.871ms
[194.207s][info][gc,cpu         ] GC(1260) User=0.00s Sys=0.00s Real=0.00s
[194.396s][info][gc,start       ] GC(1261) Pause Young (Allocation Failure)
[194.398s][info][gc,heap        ] GC(1261) PSYoungGen: 328192K(328192K)->1024K(319488K) Eden: 327168K(327168K)->0K(318464K) From: 1024K(1024K)->1024K(1024K)
[194.398s][info][gc,heap        ] GC(1261) ParOldGen: 9683K(699392K)->9755K(699392K)
[194.398s][info][gc,metaspace   ] GC(1261) Metaspace: 14302K(15296K)->14302K(15296K) NonClass: 12341K(12928K)->12341K(12928K) Class: 1960K(2368K)->1960K(2368K)
[194.398s][info][gc             ] GC(1261) Pause Young (Allocation Failure) 329M->10M(995M) 1.854ms
[194.398s][info][gc,cpu         ] GC(1261) User=0.00s Sys=0.00s Real=0.00s
[194.583s][info][gc,start       ] GC(1262) Pause Young (Allocation Failure)
[194.585s][info][gc,heap        ] GC(1262) PSYoungGen: 319488K(319488K)->1024K(310784K) Eden: 318464K(318464K)->0K(309760K) From: 1024K(1024K)->1024K(1024K)
[194.585s][info][gc,heap        ] GC(1262) ParOldGen: 9755K(699392K)->9827K(699392K)
[194.585s][info][gc,metaspace   ] GC(1262) Metaspace: 14302K(15296K)->14302K(15296K) NonClass: 12341K(12928K)->12341K(12928K) Class: 1960K(2368K)->1960K(2368K)
[194.585s][info][gc             ] GC(1262) Pause Young (Allocation Failure) 321M->10M(986M) 1.810ms
[194.585s][info][gc,cpu         ] GC(1262) User=0.00s Sys=0.00s Real=0.00s
[194.764s][info][gc,start       ] GC(1263) Pause Young (Allocation Failure)
[194.766s][info][gc,heap        ] GC(1263) PSYoungGen: 310784K(310784K)->1024K(302592K) Eden: 309760K(309760K)->0K(301568K) From: 1024K(1024K)->1024K(1024K)
[194.766s][info][gc,heap        ] GC(1263) ParOldGen: 9827K(699392K)->9899K(699392K)
[194.766s][info][gc,metaspace   ] GC(1263) Metaspace: 14302K(15296K)->14302K(15296K) NonClass: 12341K(12928K)->12341K(12928K) Class: 1960K(2368K)->1960K(2368K)
[194.766s][info][gc             ] GC(1263) Pause Young (Allocation Failure) 313M->10M(978M) 1.842ms
[194.766s][info][gc,cpu         ] GC(1263) User=0.02s Sys=0.00s Real=0.00s
[194.941s][info][gc,start       ] GC(1264) Pause Young (Allocation Failure)
[194.943s][info][gc,heap        ] GC(1264) PSYoungGen: 302592K(302592K)->1024K(294912K) Eden: 301568K(301568K)->0K(293888K) From: 1024K(1024K)->1024K(1024K)
[194.943s][info][gc,heap        ] GC(1264) ParOldGen: 9899K(699392K)->9979K(699392K)
[194.943s][info][gc,metaspace   ] GC(1264) Metaspace: 14302K(15296K)->14302K(15296K) NonClass: 12341K(12928K)->12341K(12928K) Class: 1960K(2368K)->1960K(2368K)
[194.943s][info][gc             ] GC(1264) Pause Young (Allocation Failure) 305M->10M(971M) 1.832ms
[194.943s][info][gc,cpu         ] GC(1264) User=0.00s Sys=0.00s Real=0.00s
[195.112s][info][gc,start       ] GC(1265) Pause Young (Allocation Failure)
[195.114s][info][gc,heap        ] GC(1265) PSYoungGen: 294912K(294912K)->1024K(287232K) Eden: 293888K(293888K)->0K(286208K) From: 1024K(1024K)->1024K(1024K)
[195.114s][info][gc,heap        ] GC(1265) ParOldGen: 9979K(699392K)->10027K(699392K)
[195.114s][info][gc,metaspace   ] GC(1265) Metaspace: 14302K(15296K)->14302K(15296K) NonClass: 12341K(12928K)->12341K(12928K) Class: 1960K(2368K)->1960K(2368K)
[195.114s][info][gc             ] GC(1265) Pause Young (Allocation Failure) 297M->10M(963M) 1.926ms
[195.114s][info][gc,cpu         ] GC(1265) User=0.00s Sys=0.00s Real=0.00s
[195.281s][info][gc,start       ] GC(1266) Pause Young (Allocation Failure)
[195.283s][info][gc,heap        ] GC(1266) PSYoungGen: 287232K(287232K)->1024K(280064K) Eden: 286208K(286208K)->0K(279040K) From: 1024K(1024K)->1024K(1024K)
[195.283s][info][gc,heap        ] GC(1266) ParOldGen: 10027K(699392K)->10099K(699392K)
[195.283s][info][gc,metaspace   ] GC(1266) Metaspace: 14302K(15296K)->14302K(15296K) NonClass: 12341K(12928K)->12341K(12928K) Class: 1960K(2368K)->1960K(2368K)
[195.283s][info][gc             ] GC(1266) Pause Young (Allocation Failure) 290M->10M(956M) 1.985ms
[195.283s][info][gc,cpu         ] GC(1266) User=0.00s Sys=0.00s Real=0.00s
[195.445s][info][gc,start       ] GC(1267) Pause Young (Allocation Failure)
[195.447s][info][gc,heap        ] GC(1267) PSYoungGen: 280064K(280064K)->1024K(272896K) Eden: 279040K(279040K)->0K(271872K) From: 1024K(1024K)->1024K(1024K)
[195.447s][info][gc,heap        ] GC(1267) ParOldGen: 10099K(699392K)->10163K(699392K)
[195.447s][info][gc,metaspace   ] GC(1267) Metaspace: 14302K(15296K)->14302K(15296K) NonClass: 12341K(12928K)->12341K(12928K) Class: 1960K(2368K)->1960K(2368K)
[195.447s][info][gc             ] GC(1267) Pause Young (Allocation Failure) 283M->10M(949M) 1.983ms
[195.447s][info][gc,cpu         ] GC(1267) User=0.00s Sys=0.00s Real=0.00s
[195.605s][info][gc,start       ] GC(1268) Pause Young (Allocation Failure)
[195.607s][info][gc,heap        ] GC(1268) PSYoungGen: 272896K(272896K)->1024K(327680K) Eden: 271872K(271872K)->0K(326656K) From: 1024K(1024K)->1024K(1024K)
[195.607s][info][gc,heap        ] GC(1268) ParOldGen: 10163K(699392K)->10235K(699392K)
[195.607s][info][gc,metaspace   ] GC(1268) Metaspace: 14302K(15296K)->14302K(15296K) NonClass: 12341K(12928K)->12341K(12928K) Class: 1960K(2368K)->1960K(2368K)
[195.607s][info][gc             ] GC(1268) Pause Young (Allocation Failure) 276M->10M(1003M) 1.982ms
[195.607s][info][gc,cpu         ] GC(1268) User=0.00s Sys=0.00s Real=0.00s
[195.796s][info][gc,start       ] GC(1269) Pause Young (Allocation Failure)
[195.798s][info][gc,heap        ] GC(1269) PSYoungGen: 327680K(327680K)->992K(342528K) Eden: 326656K(326656K)->0K(340992K) From: 1024K(1024K)->992K(1536K)
[195.798s][info][gc,heap        ] GC(1269) ParOldGen: 10235K(699392K)->10315K(699392K)
[195.798s][info][gc,metaspace   ] GC(1269) Metaspace: 14302K(15296K)->14302K(15296K) NonClass: 12341K(12928K)->12341K(12928K) Class: 1960K(2368K)->1960K(2368K)
[195.798s][info][gc             ] GC(1269) Pause Young (Allocation Failure) 329M->11M(1017M) 2.003ms
[195.798s][info][gc,cpu         ] GC(1269) User=0.52s Sys=0.00s Real=0.00s
[195.998s][info][gc,start       ] GC(1270) Pause Young (Allocation Failure)
[196.000s][info][gc,heap        ] GC(1270) PSYoungGen: 341984K(342528K)->1056K(333312K) Eden: 340992K(340992K)->0K(331776K) From: 992K(1536K)->1056K(1536K)
[196.000s][info][gc,heap        ] GC(1270) ParOldGen: 10315K(699392K)->10387K(699392K)
[196.000s][info][gc,metaspace   ] GC(1270) Metaspace: 14302K(15296K)->14302K(15296K) NonClass: 12341K(12928K)->12341K(12928K) Class: 1960K(2368K)->1960K(2368K)
[196.000s][info][gc             ] GC(1270) Pause Young (Allocation Failure) 344M->11M(1008M) 2.029ms
[196.000s][info][gc,cpu         ] GC(1270) User=0.52s Sys=0.00s Real=0.00s
[196.193s][info][gc,start       ] GC(1271) Pause Young (Allocation Failure)
[196.195s][info][gc,heap        ] GC(1271) PSYoungGen: 332832K(333312K)->1056K(324096K) Eden: 331776K(331776K)->0K(322560K) From: 1056K(1536K)->1056K(1536K)
[196.195s][info][gc,heap        ] GC(1271) ParOldGen: 10387K(699392K)->10443K(699392K)
[196.195s][info][gc,metaspace   ] GC(1271) Metaspace: 14302K(15296K)->14302K(15296K) NonClass: 12341K(12928K)->12341K(12928K) Class: 1960K(2368K)->1960K(2368K)
[196.195s][info][gc             ] GC(1271) Pause Young (Allocation Failure) 335M->11M(999M) 2.060ms
[196.195s][info][gc,cpu         ] GC(1271) User=0.00s Sys=0.00s Real=0.00s
[196.383s][info][gc,start       ] GC(1272) Pause Young (Allocation Failure)
[196.385s][info][gc,heap        ] GC(1272) PSYoungGen: 323616K(324096K)->512K(314368K) Eden: 322560K(322560K)->0K(313856K) From: 1056K(1536K)->512K(512K)
[196.385s][info][gc,heap        ] GC(1272) ParOldGen: 10443K(699392K)->10619K(699392K)
[196.385s][info][gc,metaspace   ] GC(1272) Metaspace: 14302K(15296K)->14302K(15296K) NonClass: 12341K(12928K)->12341K(12928K) Class: 1960K(2368K)->1960K(2368K)
[196.385s][info][gc             ] GC(1272) Pause Young (Allocation Failure) 326M->10M(990M) 2.078ms
[196.385s][info][gc,cpu         ] GC(1272) User=0.00s Sys=0.00s Real=0.00s
[196.568s][info][gc,start       ] GC(1273) Pause Young (Allocation Failure)
[196.570s][info][gc,heap        ] GC(1273) PSYoungGen: 314368K(314368K)->1024K(346624K) Eden: 313856K(313856K)->0K(345088K) From: 512K(512K)->1024K(1536K)
[196.570s][info][gc,heap        ] GC(1273) ParOldGen: 10619K(699392K)->10667K(699392K)
[196.570s][info][gc,metaspace   ] GC(1273) Metaspace: 14302K(15296K)->14302K(15296K) NonClass: 12341K(12928K)->12341K(12928K) Class: 1960K(2368K)->1960K(2368K)
[196.570s][info][gc             ] GC(1273) Pause Young (Allocation Failure) 317M->11M(1021M) 2.080ms
[196.570s][info][gc,cpu         ] GC(1273) User=0.00s Sys=0.00s Real=0.00s
[196.771s][info][gc,start       ] GC(1274) Pause Young (Allocation Failure)
[196.773s][info][gc,heap        ] GC(1274) PSYoungGen: 346112K(346624K)->1024K(347648K) Eden: 345088K(345088K)->0K(346112K) From: 1024K(1536K)->1024K(1536K)
[196.773s][info][gc,heap        ] GC(1274) ParOldGen: 10667K(699392K)->10763K(699392K)
[196.773s][info][gc,metaspace   ] GC(1274) Metaspace: 14302K(15296K)->14302K(15296K) NonClass: 12341K(12928K)->12341K(12928K) Class: 1960K(2368K)->1960K(2368K)
[196.773s][info][gc             ] GC(1274) Pause Young (Allocation Failure) 348M->11M(1022M) 2.158ms
[196.773s][info][gc,cpu         ] GC(1274) User=0.00s Sys=0.00s Real=0.00s
[196.975s][info][gc,start       ] GC(1275) Pause Young (Allocation Failure)
[196.977s][info][gc,heap        ] GC(1275) PSYoungGen: 347136K(347648K)->1024K(347648K) Eden: 346112K(346112K)->0K(346112K) From: 1024K(1536K)->1024K(1536K)
[196.977s][info][gc,heap        ] GC(1275) ParOldGen: 10763K(699392K)->10827K(699392K)
[196.977s][info][gc,metaspace   ] GC(1275) Metaspace: 14302K(15296K)->14302K(15296K) NonClass: 12341K(12928K)->12341K(12928K) Class: 1960K(2368K)->1960K(2368K)
[196.977s][info][gc             ] GC(1275) Pause Young (Allocation Failure) 349M->11M(1022M) 2.178ms
[196.977s][info][gc,cpu         ] GC(1275) User=0.00s Sys=0.00s Real=0.00s
[197.179s][info][gc,start       ] GC(1276) Pause Young (Allocation Failure)
[197.181s][info][gc,heap        ] GC(1276) PSYoungGen: 347136K(347648K)->1024K(347648K) Eden: 346112K(346112K)->0K(346112K) From: 1024K(1536K)->1024K(1536K)
[197.181s][info][gc,heap        ] GC(1276) ParOldGen: 10827K(699392K)->10907K(699392K)
[197.181s][info][gc,metaspace   ] GC(1276) Metaspace: 14302K(15296K)->14302K(15296K) NonClass: 12341K(12928K)->12341K(12928K) Class: 1960K(2368K)->1960K(2368K)
[197.181s][info][gc             ] GC(1276) Pause Young (Allocation Failure) 349M->11M(1022M) 2.269ms
[197.182s][info][gc,cpu         ] GC(1276) User=0.00s Sys=0.00s Real=0.00s
[197.495s][info][gc,start       ] GC(1277) Pause Young (Allocation Failure)
[197.498s][info][gc,heap        ] GC(1277) PSYoungGen: 347136K(347648K)->960K(337408K) Eden: 346112K(346112K)->0K(336384K) From: 1024K(1536K)->960K(1024K)
[197.498s][info][gc,heap        ] GC(1277) ParOldGen: 10907K(699392K)->10983K(699392K)
[197.498s][info][gc,metaspace   ] GC(1277) Metaspace: 14302K(15296K)->14302K(15296K) NonClass: 12341K(12928K)->12341K(12928K) Class: 1960K(2368K)->1960K(2368K)
[197.498s][info][gc             ] GC(1277) Pause Young (Allocation Failure) 349M->11M(1012M) 3.024ms
[197.498s][info][gc,cpu         ] GC(1277) User=0.00s Sys=0.00s Real=0.00s
[197.699s][info][gc,start       ] GC(1278) Pause Young (Allocation Failure)
[197.701s][info][gc,heap        ] GC(1278) PSYoungGen: 337344K(337408K)->1024K(328192K) Eden: 336384K(336384K)->0K(327168K) From: 960K(1024K)->1024K(1024K)
[197.701s][info][gc,heap        ] GC(1278) ParOldGen: 10983K(699392K)->11063K(699392K)
[197.701s][info][gc,metaspace   ] GC(1278) Metaspace: 14302K(15296K)->14302K(15296K) NonClass: 12341K(12928K)->12341K(12928K) Class: 1960K(2368K)->1960K(2368K)
[197.701s][info][gc             ] GC(1278) Pause Young (Allocation Failure) 340M->11M(1003M) 2.050ms
[197.701s][info][gc,cpu         ] GC(1278) User=0.00s Sys=0.00s Real=0.00s
[197.892s][info][gc,start       ] GC(1279) Pause Young (Allocation Failure)
[197.894s][info][gc,heap        ] GC(1279) PSYoungGen: 328191K(328192K)->1024K(319488K) Eden: 327167K(327168K)->0K(318464K) From: 1024K(1024K)->1024K(1024K)
[197.894s][info][gc,heap        ] GC(1279) ParOldGen: 11063K(699392K)->11127K(699392K)
[197.894s][info][gc,metaspace   ] GC(1279) Metaspace: 14302K(15296K)->14302K(15296K) NonClass: 12341K(12928K)->12341K(12928K) Class: 1960K(2368K)->1960K(2368K)
[197.894s][info][gc             ] GC(1279) Pause Young (Allocation Failure) 331M->11M(995M) 1.893ms
[197.894s][info][gc,cpu         ] GC(1279) User=0.00s Sys=0.00s Real=0.00s
[198.079s][info][gc,start       ] GC(1280) Pause Young (Allocation Failure)
[198.081s][info][gc,heap        ] GC(1280) PSYoungGen: 319488K(319488K)->1024K(310784K) Eden: 318464K(318464K)->0K(309760K) From: 1024K(1024K)->1024K(1024K)
[198.081s][info][gc,heap        ] GC(1280) ParOldGen: 11127K(699392K)->11231K(699392K)
[198.081s][info][gc,metaspace   ] GC(1280) Metaspace: 14302K(15296K)->14302K(15296K) NonClass: 12341K(12928K)->12341K(12928K) Class: 1960K(2368K)->1960K(2368K)
[198.081s][info][gc             ] GC(1280) Pause Young (Allocation Failure) 322M->11M(986M) 1.841ms
[198.081s][info][gc,cpu         ] GC(1280) User=0.00s Sys=0.00s Real=0.00s
[198.259s][info][gc,start       ] GC(1281) Pause Young (Allocation Failure)
[198.261s][info][gc,heap        ] GC(1281) PSYoungGen: 310784K(310784K)->1024K(302592K) Eden: 309760K(309760K)->0K(301568K) From: 1024K(1024K)->1024K(1024K)
[198.261s][info][gc,heap        ] GC(1281) ParOldGen: 11231K(699392K)->11335K(699392K)
[198.261s][info][gc,metaspace   ] GC(1281) Metaspace: 14302K(15296K)->14302K(15296K) NonClass: 12341K(12928K)->12341K(12928K) Class: 1960K(2368K)->1960K(2368K)
[198.261s][info][gc             ] GC(1281) Pause Young (Allocation Failure) 314M->12M(978M) 1.834ms
[198.261s][info][gc,cpu         ] GC(1281) User=0.00s Sys=0.00s Real=0.00s
[198.435s][info][gc,start       ] GC(1282) Pause Young (Allocation Failure)
[198.437s][info][gc,heap        ] GC(1282) PSYoungGen: 302592K(302592K)->1024K(294912K) Eden: 301568K(301568K)->0K(293888K) From: 1024K(1024K)->1024K(1024K)
[198.437s][info][gc,heap        ] GC(1282) ParOldGen: 11335K(699392K)->11399K(699392K)
[198.437s][info][gc,metaspace   ] GC(1282) Metaspace: 14302K(15296K)->14302K(15296K) NonClass: 12341K(12928K)->12341K(12928K) Class: 1960K(2368K)->1960K(2368K)
[198.437s][info][gc             ] GC(1282) Pause Young (Allocation Failure) 306M->12M(971M) 1.770ms
[198.437s][info][gc,cpu         ] GC(1282) User=0.00s Sys=0.00s Real=0.00s
[198.606s][info][gc,start       ] GC(1283) Pause Young (Allocation Failure)
[198.607s][info][gc,heap        ] GC(1283) PSYoungGen: 294912K(294912K)->992K(287232K) Eden: 293888K(293888K)->0K(286208K) From: 1024K(1024K)->992K(1024K)
[198.607s][info][gc,heap        ] GC(1283) ParOldGen: 11399K(699392K)->11463K(699392K)
[198.608s][info][gc,metaspace   ] GC(1283) Metaspace: 14302K(15296K)->14302K(15296K) NonClass: 12341K(12928K)->12341K(12928K) Class: 1960K(2368K)->1960K(2368K)
[198.608s][info][gc             ] GC(1283) Pause Young (Allocation Failure) 299M->12M(963M) 1.821ms
[198.608s][info][gc,cpu         ] GC(1283) User=0.00s Sys=0.00s Real=0.00s
[198.774s][info][gc,start       ] GC(1284) Pause Young (Allocation Failure)
[198.775s][info][gc,heap        ] GC(1284) PSYoungGen: 287200K(287232K)->992K(280064K) Eden: 286208K(286208K)->0K(279040K) From: 992K(1024K)->992K(1024K)
[198.776s][info][gc,heap        ] GC(1284) ParOldGen: 11463K(699392K)->11551K(699392K)
[198.776s][info][gc,metaspace   ] GC(1284) Metaspace: 14302K(15296K)->14302K(15296K) NonClass: 12341K(12928K)->12341K(12928K) Class: 1960K(2368K)->1960K(2368K)
[198.776s][info][gc             ] GC(1284) Pause Young (Allocation Failure) 291M->12M(956M) 1.900ms
[198.776s][info][gc,cpu         ] GC(1284) User=0.00s Sys=0.00s Real=0.00s
[198.938s][info][gc,start       ] GC(1285) Pause Young (Allocation Failure)
[198.939s][info][gc,heap        ] GC(1285) PSYoungGen: 280032K(280064K)->1024K(272896K) Eden: 279040K(279040K)->0K(271872K) From: 992K(1024K)->1024K(1024K)
[198.940s][info][gc,heap        ] GC(1285) ParOldGen: 11551K(699392K)->11631K(699392K)
[198.940s][info][gc,metaspace   ] GC(1285) Metaspace: 14302K(15296K)->14302K(15296K) NonClass: 12341K(12928K)->12341K(12928K) Class: 1960K(2368K)->1960K(2368K)
[198.940s][info][gc             ] GC(1285) Pause Young (Allocation Failure) 284M->12M(949M) 1.887ms
[198.940s][info][gc,cpu         ] GC(1285) User=0.00s Sys=0.00s Real=0.00s
[199.098s][info][gc,start       ] GC(1286) Pause Young (Allocation Failure)
[199.099s][info][gc,heap        ] GC(1286) PSYoungGen: 272896K(272896K)->1024K(266240K) Eden: 271872K(271872K)->0K(265216K) From: 1024K(1024K)->1024K(1024K)
[199.100s][info][gc,heap        ] GC(1286) ParOldGen: 11631K(699392K)->11695K(699392K)
[199.100s][info][gc,metaspace   ] GC(1286) Metaspace: 14302K(15296K)->14302K(15296K) NonClass: 12341K(12928K)->12341K(12928K) Class: 1960K(2368K)->1960K(2368K)
[199.100s][info][gc             ] GC(1286) Pause Young (Allocation Failure) 277M->12M(943M) 1.988ms
[199.100s][info][gc,cpu         ] GC(1286) User=0.00s Sys=0.00s Real=0.00s
[199.253s][info][gc,start       ] GC(1287) Pause Young (Allocation Failure)
[199.255s][info][gc,heap        ] GC(1287) PSYoungGen: 266240K(266240K)->1024K(319488K) Eden: 265216K(265216K)->0K(318464K) From: 1024K(1024K)->1024K(1024K)
[199.255s][info][gc,heap        ] GC(1287) ParOldGen: 11695K(699392K)->11775K(699392K)
[199.255s][info][gc,metaspace   ] GC(1287) Metaspace: 14302K(15296K)->14302K(15296K) NonClass: 12341K(12928K)->12341K(12928K) Class: 1960K(2368K)->1960K(2368K)
[199.255s][info][gc             ] GC(1287) Pause Young (Allocation Failure) 271M->12M(995M) 1.981ms
[199.255s][info][gc,cpu         ] GC(1287) User=0.00s Sys=0.00s Real=0.00s
[199.439s][info][gc,start       ] GC(1288) Pause Young (Allocation Failure)
[199.441s][info][gc,heap        ] GC(1288) PSYoungGen: 319488K(319488K)->1024K(342016K) Eden: 318464K(318464K)->0K(340480K) From: 1024K(1024K)->1024K(1536K)
[199.441s][info][gc,heap        ] GC(1288) ParOldGen: 11775K(699392K)->11871K(699392K)
[199.441s][info][gc,metaspace   ] GC(1288) Metaspace: 14302K(15296K)->14302K(15296K) NonClass: 12341K(12928K)->12341K(12928K) Class: 1960K(2368K)->1960K(2368K)
[199.441s][info][gc             ] GC(1288) Pause Young (Allocation Failure) 323M->12M(1017M) 1.947ms
[199.441s][info][gc,cpu         ] GC(1288) User=0.00s Sys=0.00s Real=0.00s
[199.639s][info][gc,start       ] GC(1289) Pause Young (Allocation Failure)
[199.642s][info][gc,heap        ] GC(1289) PSYoungGen: 341504K(342016K)->1024K(332288K) Eden: 340480K(340480K)->0K(331264K) From: 1024K(1536K)->1024K(1024K)
[199.642s][info][gc,heap        ] GC(1289) ParOldGen: 11871K(699392K)->11951K(699392K)
[199.642s][info][gc,metaspace   ] GC(1289) Metaspace: 14302K(15296K)->14302K(15296K) NonClass: 12341K(12928K)->12341K(12928K) Class: 1960K(2368K)->1960K(2368K)
[199.642s][info][gc             ] GC(1289) Pause Young (Allocation Failure) 345M->12M(1007M) 2.126ms
[199.642s][info][gc,cpu         ] GC(1289) User=0.52s Sys=0.00s Real=0.00s
[199.834s][info][gc,start       ] GC(1290) Pause Young (Allocation Failure)
[199.836s][info][gc,heap        ] GC(1290) PSYoungGen: 332288K(332288K)->1024K(323072K) Eden: 331264K(331264K)->0K(322048K) From: 1024K(1024K)->1024K(1024K)
[199.836s][info][gc,heap        ] GC(1290) ParOldGen: 11951K(699392K)->12047K(699392K)
[199.836s][info][gc,metaspace   ] GC(1290) Metaspace: 14302K(15296K)->14302K(15296K) NonClass: 12341K(12928K)->12341K(12928K) Class: 1960K(2368K)->1960K(2368K)
[199.836s][info][gc             ] GC(1290) Pause Young (Allocation Failure) 336M->12M(998M) 2.010ms
[199.837s][info][gc,cpu         ] GC(1290) User=0.00s Sys=0.00s Real=0.00s
[200.025s][info][gc,start       ] GC(1291) Pause Young (Allocation Failure)
[200.027s][info][gc,heap        ] GC(1291) PSYoungGen: 323072K(323072K)->1024K(314368K) Eden: 322048K(322048K)->0K(313344K) From: 1024K(1024K)->1024K(1024K)
[200.027s][info][gc,heap        ] GC(1291) ParOldGen: 12047K(699392K)->12135K(699392K)
[200.027s][info][gc,metaspace   ] GC(1291) Metaspace: 14302K(15296K)->14302K(15296K) NonClass: 12341K(12928K)->12341K(12928K) Class: 1960K(2368K)->1960K(2368K)
[200.027s][info][gc             ] GC(1291) Pause Young (Allocation Failure) 327M->12M(990M) 2.123ms
[200.027s][info][gc,cpu         ] GC(1291) User=0.00s Sys=0.00s Real=0.00s
[200.212s][info][gc,start       ] GC(1292) Pause Young (Allocation Failure)
[200.214s][info][gc,heap        ] GC(1292) PSYoungGen: 314368K(314368K)->992K(306176K) Eden: 313344K(313344K)->0K(305152K) From: 1024K(1024K)->992K(1024K)
[200.214s][info][gc,heap        ] GC(1292) ParOldGen: 12135K(699392K)->12199K(699392K)
[200.214s][info][gc,metaspace   ] GC(1292) Metaspace: 14302K(15296K)->14302K(15296K) NonClass: 12341K(12928K)->12341K(12928K) Class: 1960K(2368K)->1960K(2368K)
[200.214s][info][gc             ] GC(1292) Pause Young (Allocation Failure) 318M->12M(982M) 2.122ms
[200.214s][info][gc,cpu         ] GC(1292) User=0.00s Sys=0.00s Real=0.00s
[200.392s][info][gc,start       ] GC(1293) Pause Young (Allocation Failure)
[200.394s][info][gc,heap        ] GC(1293) PSYoungGen: 306144K(306176K)->1024K(339968K) Eden: 305152K(305152K)->0K(338432K) From: 992K(1024K)->1024K(1536K)
[200.394s][info][gc,heap        ] GC(1293) ParOldGen: 12199K(699392K)->12279K(699392K)
[200.394s][info][gc,metaspace   ] GC(1293) Metaspace: 14302K(15296K)->14302K(15296K) NonClass: 12341K(12928K)->12341K(12928K) Class: 1960K(2368K)->1960K(2368K)
[200.394s][info][gc             ] GC(1293) Pause Young (Allocation Failure) 310M->12M(1015M) 2.092ms
[200.394s][info][gc,cpu         ] GC(1293) User=0.00s Sys=0.00s Real=0.00s
[200.594s][info][gc,start       ] GC(1294) Pause Young (Allocation Failure)
[200.596s][info][gc,heap        ] GC(1294) PSYoungGen: 339456K(339968K)->1056K(347648K) Eden: 338432K(338432K)->0K(346112K) From: 1024K(1536K)->1056K(1536K)
[200.596s][info][gc,heap        ] GC(1294) ParOldGen: 12279K(699392K)->12343K(699392K)
[200.596s][info][gc,metaspace   ] GC(1294) Metaspace: 14302K(15296K)->14302K(15296K) NonClass: 12341K(12928K)->12341K(12928K) Class: 1960K(2368K)->1960K(2368K)
[200.596s][info][gc             ] GC(1294) Pause Young (Allocation Failure) 343M->13M(1022M) 2.123ms
[200.596s][info][gc,cpu         ] GC(1294) User=0.00s Sys=0.00s Real=0.00s
[200.801s][info][gc,start       ] GC(1295) Pause Young (Allocation Failure)
[200.803s][info][gc,heap        ] GC(1295) PSYoungGen: 347168K(347648K)->1056K(337920K) Eden: 346112K(346112K)->0K(336384K) From: 1056K(1536K)->1056K(1536K)
[200.803s][info][gc,heap        ] GC(1295) ParOldGen: 12343K(699392K)->12391K(699392K)
[200.803s][info][gc,metaspace   ] GC(1295) Metaspace: 14302K(15296K)->14302K(15296K) NonClass: 12341K(12928K)->12341K(12928K) Class: 1960K(2368K)->1960K(2368K)
[200.803s][info][gc             ] GC(1295) Pause Young (Allocation Failure) 351M->13M(1013M) 2.204ms
[200.803s][info][gc,cpu         ] GC(1295) User=0.00s Sys=0.00s Real=0.00s
[201.002s][info][gc,start       ] GC(1296) Pause Young (Allocation Failure)
[201.004s][info][gc,heap        ] GC(1296) PSYoungGen: 337440K(337920K)->512K(346624K) Eden: 336384K(336384K)->0K(346112K) From: 1056K(1536K)->512K(512K)
[201.004s][info][gc,heap        ] GC(1296) ParOldGen: 12391K(699392K)->12583K(699392K)
[201.004s][info][gc,metaspace   ] GC(1296) Metaspace: 14302K(15296K)->14302K(15296K) NonClass: 12341K(12928K)->12341K(12928K) Class: 1960K(2368K)->1960K(2368K)
[201.004s][info][gc             ] GC(1296) Pause Young (Allocation Failure) 341M->12M(1021M) 2.183ms
[201.004s][info][gc,cpu         ] GC(1296) User=0.00s Sys=0.00s Real=0.00s
[201.209s][info][gc,start       ] GC(1297) Pause Young (Allocation Failure)
[201.211s][info][gc,heap        ] GC(1297) PSYoungGen: 346624K(346624K)->992K(337408K) Eden: 346112K(346112K)->0K(336384K) From: 512K(512K)->992K(1024K)
[201.211s][info][gc,heap        ] GC(1297) ParOldGen: 12583K(699392K)->12607K(699392K)
[201.211s][info][gc,metaspace   ] GC(1297) Metaspace: 14302K(15296K)->14302K(15296K) NonClass: 12341K(12928K)->12341K(12928K) Class: 1960K(2368K)->1960K(2368K)
[201.212s][info][gc             ] GC(1297) Pause Young (Allocation Failure) 350M->13M(1012M) 2.271ms
[201.212s][info][gc,cpu         ] GC(1297) User=0.00s Sys=0.00s Real=0.00s
[201.410s][info][gc,start       ] GC(1298) Pause Young (Allocation Failure)
[201.413s][info][gc,heap        ] GC(1298) PSYoungGen: 337376K(337408K)->1024K(346624K) Eden: 336384K(336384K)->0K(345600K) From: 992K(1024K)->1024K(1024K)
[201.413s][info][gc,heap        ] GC(1298) ParOldGen: 12607K(699392K)->12703K(699392K)
[201.413s][info][gc,metaspace   ] GC(1298) Metaspace: 14302K(15296K)->14302K(15296K) NonClass: 12341K(12928K)->12341K(12928K) Class: 1960K(2368K)->1960K(2368K)
[201.413s][info][gc             ] GC(1298) Pause Young (Allocation Failure) 341M->13M(1021M) 2.190ms
[201.413s][info][gc,cpu         ] GC(1298) User=0.00s Sys=0.00s Real=0.00s
[201.617s][info][gc,start       ] GC(1299) Pause Young (Allocation Failure)
[201.619s][info][gc,heap        ] GC(1299) PSYoungGen: 346624K(346624K)->1024K(336896K) Eden: 345600K(345600K)->0K(335872K) From: 1024K(1024K)->1024K(1024K)
[201.619s][info][gc,heap        ] GC(1299) ParOldGen: 12703K(699392K)->12775K(699392K)
[201.619s][info][gc,metaspace   ] GC(1299) Metaspace: 14302K(15296K)->14302K(15296K) NonClass: 12341K(12928K)->12341K(12928K) Class: 1960K(2368K)->1960K(2368K)
[201.619s][info][gc             ] GC(1299) Pause Young (Allocation Failure) 350M->13M(1012M) 2.026ms
[201.619s][info][gc,cpu         ] GC(1299) User=0.00s Sys=0.00s Real=0.00s
[201.822s][info][gc,start       ] GC(1300) Pause Young (Allocation Failure)
[201.824s][info][gc,heap        ] GC(1300) PSYoungGen: 336896K(336896K)->1024K(327680K) Eden: 335872K(335872K)->0K(326656K) From: 1024K(1024K)->1024K(1024K)
[201.824s][info][gc,heap        ] GC(1300) ParOldGen: 12775K(699392K)->12855K(699392K)
[201.824s][info][gc,metaspace   ] GC(1300) Metaspace: 14302K(15296K)->14302K(15296K) NonClass: 12341K(12928K)->12341K(12928K) Class: 1960K(2368K)->1960K(2368K)
[201.824s][info][gc             ] GC(1300) Pause Young (Allocation Failure) 341M->13M(1003M) 1.730ms
[201.824s][info][gc,cpu         ] GC(1300) User=0.00s Sys=0.00s Real=0.00s
[202.028s][info][gc,start       ] GC(1301) Pause Young (Allocation Failure)
[202.030s][info][gc,heap        ] GC(1301) PSYoungGen: 327680K(327680K)->1024K(318976K) Eden: 326656K(326656K)->0K(317952K) From: 1024K(1024K)->1024K(1024K)
[202.030s][info][gc,heap        ] GC(1301) ParOldGen: 12855K(699392K)->12951K(699392K)
[202.030s][info][gc,metaspace   ] GC(1301) Metaspace: 14302K(15296K)->14302K(15296K) NonClass: 12341K(12928K)->12341K(12928K) Class: 1960K(2368K)->1960K(2368K)
[202.030s][info][gc             ] GC(1301) Pause Young (Allocation Failure) 332M->13M(994M) 1.946ms
[202.030s][info][gc,cpu         ] GC(1301) User=0.00s Sys=0.00s Real=0.00s
[202.256s][info][gc,start       ] GC(1302) Pause Young (Allocation Failure)
[202.257s][info][gc,heap        ] GC(1302) PSYoungGen: 318976K(318976K)->928K(310272K) Eden: 317952K(317952K)->0K(309248K) From: 1024K(1024K)->928K(1024K)
[202.257s][info][gc,heap        ] GC(1302) ParOldGen: 12951K(699392K)->13047K(699392K)
[202.257s][info][gc,metaspace   ] GC(1302) Metaspace: 14302K(15296K)->14302K(15296K) NonClass: 12341K(12928K)->12341K(12928K) Class: 1960K(2368K)->1960K(2368K)
[202.257s][info][gc             ] GC(1302) Pause Young (Allocation Failure) 324M->13M(986M) 1.802ms
[202.257s][info][gc,cpu         ] GC(1302) User=0.00s Sys=0.00s Real=0.00s
[202.417s][info][gc,start       ] GC(1303) Pause Young (Allocation Failure)
[202.419s][info][gc,heap        ] GC(1303) PSYoungGen: 310176K(310272K)->576K(302080K) Eden: 309248K(309248K)->0K(301056K) From: 928K(1024K)->576K(1024K)
[202.419s][info][gc,heap        ] GC(1303) ParOldGen: 13047K(699392K)->13135K(699392K)
[202.419s][info][gc,metaspace   ] GC(1303) Metaspace: 14302K(15296K)->14302K(15296K) NonClass: 12341K(12928K)->12341K(12928K) Class: 1960K(2368K)->1960K(2368K)
[202.419s][info][gc             ] GC(1303) Pause Young (Allocation Failure) 315M->13M(978M) 1.733ms
[202.419s][info][gc,cpu         ] GC(1303) User=0.00s Sys=0.00s Real=0.00s
[202.455s][info][gc,start       ] GC(1304) Pause Young (System.gc())
[202.457s][info][gc,heap        ] GC(1304) PSYoungGen: 12949K(302080K)->160K(301568K) Eden: 12373K(301056K)->0K(301056K) From: 576K(1024K)->160K(512K)
[202.457s][info][gc,heap        ] GC(1304) ParOldGen: 13135K(699392K)->13231K(699392K)
[202.457s][info][gc,metaspace   ] GC(1304) Metaspace: 14304K(15296K)->14304K(15296K) NonClass: 12343K(12928K)->12343K(12928K) Class: 1960K(2368K)->1960K(2368K)
[202.457s][info][gc             ] GC(1304) Pause Young (System.gc()) 25M->13M(977M) 1.877ms
[202.457s][info][gc,cpu         ] GC(1304) User=0.00s Sys=0.00s Real=0.00s
[202.458s][info][gc,start       ] GC(1305) Pause Full (System.gc())
[202.458s][info][gc,phases,start] GC(1305) Marking Phase
[202.471s][info][gc,phases      ] GC(1305) Marking Phase 13.140ms
[202.471s][info][gc,phases,start] GC(1305) Summary Phase
[202.471s][info][gc,phases      ] GC(1305) Summary Phase 0.031ms
[202.471s][info][gc,phases,start] GC(1305) Adjust Roots
[202.476s][info][gc,phases      ] GC(1305) Adjust Roots 5.553ms
[202.476s][info][gc,phases,start] GC(1305) Compaction Phase
[202.478s][info][gc,phases      ] GC(1305) Compaction Phase 1.783ms
[202.478s][info][gc,phases,start] GC(1305) Post Compact
[202.478s][info][gc,phases      ] GC(1305) Post Compact 0.309ms
[202.479s][info][gc,heap        ] GC(1305) PSYoungGen: 160K(301568K)->0K(301568K) Eden: 0K(301056K)->0K(301056K) From: 160K(512K)->0K(512K)
[202.479s][info][gc,heap        ] GC(1305) ParOldGen: 13231K(699392K)->5373K(699392K)
[202.479s][info][gc,metaspace   ] GC(1305) Metaspace: 14304K(15296K)->14304K(15296K) NonClass: 12343K(12928K)->12343K(12928K) Class: 1960K(2368K)->1960K(2368K)
[202.479s][info][gc             ] GC(1305) Pause Full (System.gc()) 13M->5M(977M) 21.085ms
[202.479s][info][gc,cpu         ] GC(1305) User=0.02s Sys=0.00s Real=0.02s
[202.666s][info][gc,start       ] GC(1306) Pause Young (Allocation Failure)
[202.667s][info][gc,heap        ] GC(1306) PSYoungGen: 301056K(301568K)->1536K(294912K) Eden: 301056K(301056K)->0K(293376K) From: 0K(512K)->1536K(1536K)
[202.667s][info][gc,heap        ] GC(1306) ParOldGen: 5373K(699392K)->5607K(699392K)
[202.668s][info][gc,metaspace   ] GC(1306) Metaspace: 14311K(15296K)->14311K(15296K) NonClass: 12350K(12928K)->12350K(12928K) Class: 1960K(2368K)->1960K(2368K)
[202.668s][info][gc             ] GC(1306) Pause Young (Allocation Failure) 299M->6M(971M) 1.959ms
[202.668s][info][gc,cpu         ] GC(1306) User=0.00s Sys=0.00s Real=0.00s
[202.834s][info][gc,start       ] GC(1307) Pause Young (Allocation Failure)
[202.836s][info][gc,heap        ] GC(1307) PSYoungGen: 294912K(294912K)->1024K(286720K) Eden: 293376K(293376K)->0K(285696K) From: 1536K(1536K)->1024K(1024K)
[202.836s][info][gc,heap        ] GC(1307) ParOldGen: 5607K(699392K)->7065K(699392K)
[202.836s][info][gc,metaspace   ] GC(1307) Metaspace: 14311K(15296K)->14311K(15296K) NonClass: 12350K(12928K)->12350K(12928K) Class: 1960K(2368K)->1960K(2368K)
[202.836s][info][gc             ] GC(1307) Pause Young (Allocation Failure) 293M->7M(963M) 1.984ms
[202.836s][info][gc,cpu         ] GC(1307) User=0.00s Sys=0.00s Real=0.00s
[203.001s][info][gc,start       ] GC(1308) Pause Young (Allocation Failure)
[203.003s][info][gc,heap        ] GC(1308) PSYoungGen: 286720K(286720K)->1024K(280576K) Eden: 285696K(285696K)->0K(278528K) From: 1024K(1024K)->1024K(2048K)
[203.003s][info][gc,heap        ] GC(1308) ParOldGen: 7065K(699392K)->7137K(699392K)
[203.003s][info][gc,metaspace   ] GC(1308) Metaspace: 14311K(15296K)->14311K(15296K) NonClass: 12350K(12928K)->12350K(12928K) Class: 1960K(2368K)->1960K(2368K)
[203.003s][info][gc             ] GC(1308) Pause Young (Allocation Failure) 286M->7M(957M) 1.862ms
[203.003s][info][gc,cpu         ] GC(1308) User=0.00s Sys=0.00s Real=0.00s
[203.165s][info][gc,start       ] GC(1309) Pause Young (Allocation Failure)
[203.167s][info][gc,heap        ] GC(1309) PSYoungGen: 279552K(280576K)->992K(272384K) Eden: 278528K(278528K)->0K(271360K) From: 1024K(2048K)->992K(1024K)
[203.167s][info][gc,heap        ] GC(1309) ParOldGen: 7137K(699392K)->7225K(699392K)
[203.167s][info][gc,metaspace   ] GC(1309) Metaspace: 14311K(15296K)->14311K(15296K) NonClass: 12350K(12928K)->12350K(12928K) Class: 1960K(2368K)->1960K(2368K)
[203.167s][info][gc             ] GC(1309) Pause Young (Allocation Failure) 279M->8M(949M) 1.892ms
[203.167s][info][gc,cpu         ] GC(1309) User=0.00s Sys=0.00s Real=0.00s
[203.324s][info][gc,start       ] GC(1310) Pause Young (Allocation Failure)
[203.326s][info][gc,heap        ] GC(1310) PSYoungGen: 272352K(272384K)->1024K(265728K) Eden: 271360K(271360K)->0K(264704K) From: 992K(1024K)->1024K(1024K)
[203.326s][info][gc,heap        ] GC(1310) ParOldGen: 7225K(699392K)->7321K(699392K)
[203.326s][info][gc,metaspace   ] GC(1310) Metaspace: 14311K(15296K)->14311K(15296K) NonClass: 12350K(12928K)->12350K(12928K) Class: 1960K(2368K)->1960K(2368K)
[203.326s][info][gc             ] GC(1310) Pause Young (Allocation Failure) 273M->8M(942M) 1.954ms
[203.326s][info][gc,cpu         ] GC(1310) User=0.00s Sys=0.00s Real=0.00s
[203.480s][info][gc,start       ] GC(1311) Pause Young (Allocation Failure)
[203.482s][info][gc,heap        ] GC(1311) PSYoungGen: 265728K(265728K)->1024K(318976K) Eden: 264704K(264704K)->0K(317952K) From: 1024K(1024K)->1024K(1024K)
[203.482s][info][gc,heap        ] GC(1311) ParOldGen: 7321K(699392K)->7377K(699392K)
[203.482s][info][gc,metaspace   ] GC(1311) Metaspace: 14311K(15296K)->14311K(15296K) NonClass: 12350K(12928K)->12350K(12928K) Class: 1960K(2368K)->1960K(2368K)
[203.482s][info][gc             ] GC(1311) Pause Young (Allocation Failure) 266M->8M(994M) 1.974ms
[203.482s][info][gc,cpu         ] GC(1311) User=0.00s Sys=0.00s Real=0.00s
[203.667s][info][gc,start       ] GC(1312) Pause Young (Allocation Failure)
[203.669s][info][gc,heap        ] GC(1312) PSYoungGen: 318976K(318976K)->1024K(340992K) Eden: 317952K(317952K)->0K(339456K) From: 1024K(1024K)->1024K(1536K)
[203.669s][info][gc,heap        ] GC(1312) ParOldGen: 7377K(699392K)->7433K(699392K)
[203.669s][info][gc,metaspace   ] GC(1312) Metaspace: 14311K(15296K)->14311K(15296K) NonClass: 12350K(12928K)->12350K(12928K) Class: 1960K(2368K)->1960K(2368K)
[203.669s][info][gc             ] GC(1312) Pause Young (Allocation Failure) 318M->8M(1016M) 1.999ms
[203.669s][info][gc,cpu         ] GC(1312) User=0.00s Sys=0.00s Real=0.00s
[203.868s][info][gc,start       ] GC(1313) Pause Young (Allocation Failure)
[203.870s][info][gc,heap        ] GC(1313) PSYoungGen: 340480K(340992K)->1056K(331776K) Eden: 339456K(339456K)->0K(330240K) From: 1024K(1536K)->1056K(1536K)
[203.870s][info][gc,heap        ] GC(1313) ParOldGen: 7433K(699392K)->7513K(699392K)
[203.870s][info][gc,metaspace   ] GC(1313) Metaspace: 14311K(15296K)->14311K(15296K) NonClass: 12350K(12928K)->12350K(12928K) Class: 1960K(2368K)->1960K(2368K)
[203.870s][info][gc             ] GC(1313) Pause Young (Allocation Failure) 339M->8M(1007M) 2.043ms
[203.870s][info][gc,cpu         ] GC(1313) User=0.00s Sys=0.00s Real=0.00s
[204.063s][info][gc,start       ] GC(1314) Pause Young (Allocation Failure)
[204.065s][info][gc,heap        ] GC(1314) PSYoungGen: 331296K(331776K)->1056K(323072K) Eden: 330240K(330240K)->0K(321536K) From: 1056K(1536K)->1056K(1536K)
[204.065s][info][gc,heap        ] GC(1314) ParOldGen: 7513K(699392K)->7577K(699392K)
[204.065s][info][gc,metaspace   ] GC(1314) Metaspace: 14311K(15296K)->14311K(15296K) NonClass: 12350K(12928K)->12350K(12928K) Class: 1960K(2368K)->1960K(2368K)
[204.065s][info][gc             ] GC(1314) Pause Young (Allocation Failure) 330M->8M(998M) 2.079ms
[204.065s][info][gc,cpu         ] GC(1314) User=0.00s Sys=0.00s Real=0.00s
[204.252s][info][gc,start       ] GC(1315) Pause Young (Allocation Failure)
[204.254s][info][gc,heap        ] GC(1315) PSYoungGen: 322592K(323072K)->512K(313344K) Eden: 321536K(321536K)->0K(312832K) From: 1056K(1536K)->512K(512K)
[204.254s][info][gc,heap        ] GC(1315) ParOldGen: 7577K(699392K)->7745K(699392K)
[204.254s][info][gc,metaspace   ] GC(1315) Metaspace: 14311K(15296K)->14311K(15296K) NonClass: 12350K(12928K)->12350K(12928K) Class: 1960K(2368K)->1960K(2368K)
[204.254s][info][gc             ] GC(1315) Pause Young (Allocation Failure) 322M->8M(989M) 2.053ms
[204.254s][info][gc,cpu         ] GC(1315) User=0.00s Sys=0.00s Real=0.00s
[204.437s][info][gc,start       ] GC(1316) Pause Young (Allocation Failure)
[204.439s][info][gc,heap        ] GC(1316) PSYoungGen: 313344K(313344K)->1056K(346624K) Eden: 312832K(312832K)->0K(345088K) From: 512K(512K)->1056K(1536K)
[204.439s][info][gc,heap        ] GC(1316) ParOldGen: 7745K(699392K)->7785K(699392K)
[204.439s][info][gc,metaspace   ] GC(1316) Metaspace: 14311K(15296K)->14311K(15296K) NonClass: 12350K(12928K)->12350K(12928K) Class: 1960K(2368K)->1960K(2368K)
[204.439s][info][gc             ] GC(1316) Pause Young (Allocation Failure) 313M->8M(1021M) 2.100ms
[204.439s][info][gc,cpu         ] GC(1316) User=0.23s Sys=0.02s Real=0.00s
[204.641s][info][gc,start       ] GC(1317) Pause Young (Allocation Failure)
[204.643s][info][gc,heap        ] GC(1317) PSYoungGen: 346144K(346624K)->1024K(347648K) Eden: 345088K(345088K)->0K(346112K) From: 1056K(1536K)->1024K(1536K)
[204.643s][info][gc,heap        ] GC(1317) ParOldGen: 7785K(699392K)->7849K(699392K)
[204.643s][info][gc,metaspace   ] GC(1317) Metaspace: 14311K(15296K)->14311K(15296K) NonClass: 12350K(12928K)->12350K(12928K) Class: 1960K(2368K)->1960K(2368K)
[204.643s][info][gc             ] GC(1317) Pause Young (Allocation Failure) 345M->8M(1022M) 2.123ms
[204.643s][info][gc,cpu         ] GC(1317) User=0.00s Sys=0.00s Real=0.00s
[204.845s][info][gc,start       ] GC(1318) Pause Young (Allocation Failure)
[204.847s][info][gc,heap        ] GC(1318) PSYoungGen: 347136K(347648K)->1024K(337408K) Eden: 346112K(346112K)->0K(336384K) From: 1024K(1536K)->1024K(1024K)
[204.847s][info][gc,heap        ] GC(1318) ParOldGen: 7849K(699392K)->7929K(699392K)
[204.847s][info][gc,metaspace   ] GC(1318) Metaspace: 14311K(15296K)->14311K(15296K) NonClass: 12350K(12928K)->12350K(12928K) Class: 1960K(2368K)->1960K(2368K)
[204.847s][info][gc             ] GC(1318) Pause Young (Allocation Failure) 346M->8M(1012M) 2.133ms
[204.847s][info][gc,cpu         ] GC(1318) User=0.00s Sys=0.00s Real=0.00s
[205.046s][info][gc,start       ] GC(1319) Pause Young (Allocation Failure)
[205.048s][info][gc,heap        ] GC(1319) PSYoungGen: 337408K(337408K)->1024K(328192K) Eden: 336384K(336384K)->0K(327168K) From: 1024K(1024K)->1024K(1024K)
[205.049s][info][gc,heap        ] GC(1319) ParOldGen: 7929K(699392K)->8041K(699392K)
[205.049s][info][gc,metaspace   ] GC(1319) Metaspace: 14311K(15296K)->14311K(15296K) NonClass: 12350K(12928K)->12350K(12928K) Class: 1960K(2368K)->1960K(2368K)
[205.049s][info][gc             ] GC(1319) Pause Young (Allocation Failure) 337M->8M(1003M) 2.157ms
[205.049s][info][gc,cpu         ] GC(1319) User=0.00s Sys=0.00s Real=0.00s
[205.259s][info][gc,start       ] GC(1320) Pause Young (Allocation Failure)
[205.262s][info][gc,heap        ] GC(1320) PSYoungGen: 328192K(328192K)->1024K(346624K) Eden: 327168K(327168K)->0K(345088K) From: 1024K(1024K)->1024K(1536K)
[205.262s][info][gc,heap        ] GC(1320) ParOldGen: 8041K(699392K)->8145K(699392K)
[205.262s][info][gc,metaspace   ] GC(1320) Metaspace: 14311K(15296K)->14311K(15296K) NonClass: 12350K(12928K)->12350K(12928K) Class: 1960K(2368K)->1960K(2368K)
[205.262s][info][gc             ] GC(1320) Pause Young (Allocation Failure) 328M->8M(1021M) 2.408ms
[205.262s][info][gc,cpu         ] GC(1320) User=0.00s Sys=0.00s Real=0.00s
[205.466s][info][gc,start       ] GC(1321) Pause Young (Allocation Failure)
[205.468s][info][gc,heap        ] GC(1321) PSYoungGen: 346112K(346624K)->1024K(336384K) Eden: 345088K(345088K)->0K(335360K) From: 1024K(1536K)->1024K(1024K)
[205.468s][info][gc,heap        ] GC(1321) ParOldGen: 8145K(699392K)->8225K(699392K)
[205.468s][info][gc,metaspace   ] GC(1321) Metaspace: 14311K(15296K)->14311K(15296K) NonClass: 12350K(12928K)->12350K(12928K) Class: 1960K(2368K)->1960K(2368K)
[205.468s][info][gc             ] GC(1321) Pause Young (Allocation Failure) 345M->9M(1011M) 2.075ms
[205.468s][info][gc,cpu         ] GC(1321) User=0.00s Sys=0.00s Real=0.00s
[205.664s][info][gc,start       ] GC(1322) Pause Young (Allocation Failure)
[205.666s][info][gc,heap        ] GC(1322) PSYoungGen: 336384K(336384K)->1024K(327168K) Eden: 335360K(335360K)->0K(326144K) From: 1024K(1024K)->1024K(1024K)
[205.666s][info][gc,heap        ] GC(1322) ParOldGen: 8225K(699392K)->8337K(699392K)
[205.666s][info][gc,metaspace   ] GC(1322) Metaspace: 14311K(15296K)->14311K(15296K) NonClass: 12350K(12928K)->12350K(12928K) Class: 1960K(2368K)->1960K(2368K)
[205.666s][info][gc             ] GC(1322) Pause Young (Allocation Failure) 336M->9M(1002M) 1.854ms
[205.666s][info][gc,cpu         ] GC(1322) User=0.00s Sys=0.00s Real=0.00s
[205.854s][info][gc,start       ] GC(1323) Pause Young (Allocation Failure)
[205.856s][info][gc,heap        ] GC(1323) PSYoungGen: 327168K(327168K)->1024K(318464K) Eden: 326144K(326144K)->0K(317440K) From: 1024K(1024K)->1024K(1024K)
[205.856s][info][gc,heap        ] GC(1323) ParOldGen: 8337K(699392K)->8425K(699392K)
[205.856s][info][gc,metaspace   ] GC(1323) Metaspace: 14311K(15296K)->14311K(15296K) NonClass: 12350K(12928K)->12350K(12928K) Class: 1960K(2368K)->1960K(2368K)
[205.856s][info][gc             ] GC(1323) Pause Young (Allocation Failure) 327M->9M(994M) 1.809ms
[205.856s][info][gc,cpu         ] GC(1323) User=0.00s Sys=0.00s Real=0.00s
[206.039s][info][gc,start       ] GC(1324) Pause Young (Allocation Failure)
[206.041s][info][gc,heap        ] GC(1324) PSYoungGen: 318464K(318464K)->1056K(310784K) Eden: 317440K(317440K)->0K(309248K) From: 1024K(1024K)->1056K(1536K)
[206.041s][info][gc,heap        ] GC(1324) ParOldGen: 8425K(699392K)->8521K(699392K)
[206.041s][info][gc,metaspace   ] GC(1324) Metaspace: 14311K(15296K)->14311K(15296K) NonClass: 12350K(12928K)->12350K(12928K) Class: 1960K(2368K)->1960K(2368K)
[206.041s][info][gc             ] GC(1324) Pause Young (Allocation Failure) 319M->9M(986M) 1.824ms
[206.041s][info][gc,cpu         ] GC(1324) User=0.00s Sys=0.00s Real=0.00s
[206.219s][info][gc,start       ] GC(1325) Pause Young (Allocation Failure)
[206.221s][info][gc,heap        ] GC(1325) PSYoungGen: 310304K(310784K)->1024K(302080K) Eden: 309248K(309248K)->0K(301056K) From: 1056K(1536K)->1024K(1024K)
[206.221s][info][gc,heap        ] GC(1325) ParOldGen: 8521K(699392K)->8617K(699392K)
[206.221s][info][gc,metaspace   ] GC(1325) Metaspace: 14311K(15296K)->14311K(15296K) NonClass: 12350K(12928K)->12350K(12928K) Class: 1960K(2368K)->1960K(2368K)
[206.221s][info][gc             ] GC(1325) Pause Young (Allocation Failure) 311M->9M(978M) 1.684ms
[206.221s][info][gc,cpu         ] GC(1325) User=0.00s Sys=0.00s Real=0.00s
[206.394s][info][gc,start       ] GC(1326) Pause Young (Allocation Failure)
[206.395s][info][gc,heap        ] GC(1326) PSYoungGen: 302080K(302080K)->992K(294400K) Eden: 301056K(301056K)->0K(293376K) From: 1024K(1024K)->992K(1024K)
[206.395s][info][gc,heap        ] GC(1326) ParOldGen: 8617K(699392K)->8713K(699392K)
[206.395s][info][gc,metaspace   ] GC(1326) Metaspace: 14311K(15296K)->14311K(15296K) NonClass: 12350K(12928K)->12350K(12928K) Class: 1960K(2368K)->1960K(2368K)
[206.395s][info][gc             ] GC(1326) Pause Young (Allocation Failure) 303M->9M(970M) 1.755ms
[206.395s][info][gc,cpu         ] GC(1326) User=0.00s Sys=0.00s Real=0.00s
[206.564s][info][gc,start       ] GC(1327) Pause Young (Allocation Failure)
[206.566s][info][gc,heap        ] GC(1327) PSYoungGen: 294368K(294400K)->1056K(287232K) Eden: 293376K(293376K)->0K(285696K) From: 992K(1024K)->1056K(1536K)
[206.566s][info][gc,heap        ] GC(1327) ParOldGen: 8713K(699392K)->8785K(699392K)
[206.566s][info][gc,metaspace   ] GC(1327) Metaspace: 14311K(15296K)->14311K(15296K) NonClass: 12350K(12928K)->12350K(12928K) Class: 1960K(2368K)->1960K(2368K)
[206.566s][info][gc             ] GC(1327) Pause Young (Allocation Failure) 295M->9M(963M) 1.791ms
[206.566s][info][gc,cpu         ] GC(1327) User=0.00s Sys=0.00s Real=0.00s
[206.731s][info][gc,start       ] GC(1328) Pause Young (Allocation Failure)
[206.733s][info][gc,heap        ] GC(1328) PSYoungGen: 286752K(287232K)->1024K(279552K) Eden: 285696K(285696K)->0K(278528K) From: 1056K(1536K)->1024K(1024K)
[206.733s][info][gc,heap        ] GC(1328) ParOldGen: 8785K(699392K)->8873K(699392K)
[206.733s][info][gc,metaspace   ] GC(1328) Metaspace: 14311K(15296K)->14311K(15296K) NonClass: 12350K(12928K)->12350K(12928K) Class: 1960K(2368K)->1960K(2368K)
[206.733s][info][gc             ] GC(1328) Pause Young (Allocation Failure) 288M->9M(956M) 1.883ms
[206.733s][info][gc,cpu         ] GC(1328) User=0.00s Sys=0.00s Real=0.00s
[206.893s][info][gc,start       ] GC(1329) Pause Young (Allocation Failure)
[206.895s][info][gc,heap        ] GC(1329) PSYoungGen: 279552K(279552K)->992K(272384K) Eden: 278528K(278528K)->0K(271360K) From: 1024K(1024K)->992K(1024K)
[206.895s][info][gc,heap        ] GC(1329) ParOldGen: 8873K(699392K)->8953K(699392K)
[206.895s][info][gc,metaspace   ] GC(1329) Metaspace: 14311K(15296K)->14311K(15296K) NonClass: 12350K(12928K)->12350K(12928K) Class: 1960K(2368K)->1960K(2368K)
[206.895s][info][gc             ] GC(1329) Pause Young (Allocation Failure) 281M->9M(949M) 1.808ms
[206.895s][info][gc,cpu         ] GC(1329) User=0.00s Sys=0.00s Real=0.00s
[207.049s][info][gc,start       ] GC(1330) Pause Young (Allocation Failure)
[207.051s][info][gc,heap        ] GC(1330) PSYoungGen: 272352K(272384K)->1024K(326656K) Eden: 271360K(271360K)->0K(325632K) From: 992K(1024K)->1024K(1024K)
[207.051s][info][gc,heap        ] GC(1330) ParOldGen: 8953K(699392K)->9033K(699392K)
[207.051s][info][gc,metaspace   ] GC(1330) Metaspace: 14311K(15296K)->14311K(15296K) NonClass: 12350K(12928K)->12350K(12928K) Class: 1960K(2368K)->1960K(2368K)
[207.051s][info][gc             ] GC(1330) Pause Young (Allocation Failure) 274M->9M(1002M) 1.938ms
[207.051s][info][gc,cpu         ] GC(1330) User=0.00s Sys=0.00s Real=0.00s
[207.238s][info][gc,start       ] GC(1331) Pause Young (Allocation Failure)
[207.240s][info][gc,heap        ] GC(1331) PSYoungGen: 326656K(326656K)->992K(317952K) Eden: 325632K(325632K)->0K(316928K) From: 1024K(1024K)->992K(1024K)
[207.240s][info][gc,heap        ] GC(1331) ParOldGen: 9033K(699392K)->9105K(699392K)
[207.240s][info][gc,metaspace   ] GC(1331) Metaspace: 14311K(15296K)->14311K(15296K) NonClass: 12350K(12928K)->12350K(12928K) Class: 1960K(2368K)->1960K(2368K)
[207.240s][info][gc             ] GC(1331) Pause Young (Allocation Failure) 327M->9M(993M) 1.985ms
[207.240s][info][gc,cpu         ] GC(1331) User=0.00s Sys=0.00s Real=0.00s
[207.422s][info][gc,start       ] GC(1332) Pause Young (Allocation Failure)
[207.424s][info][gc,heap        ] GC(1332) PSYoungGen: 317920K(317952K)->1024K(309760K) Eden: 316928K(316928K)->0K(308736K) From: 992K(1024K)->1024K(1024K)
[207.424s][info][gc,heap        ] GC(1332) ParOldGen: 9105K(699392K)->9209K(699392K)
[207.424s][info][gc,metaspace   ] GC(1332) Metaspace: 14311K(15296K)->14311K(15296K) NonClass: 12350K(12928K)->12350K(12928K) Class: 1960K(2368K)->1960K(2368K)
[207.424s][info][gc             ] GC(1332) Pause Young (Allocation Failure) 319M->9M(985M) 2.011ms
[207.424s][info][gc,cpu         ] GC(1332) User=0.00s Sys=0.00s Real=0.00s
[207.603s][info][gc,start       ] GC(1333) Pause Young (Allocation Failure)
[207.605s][info][gc,heap        ] GC(1333) PSYoungGen: 309760K(309760K)->1024K(301568K) Eden: 308736K(308736K)->0K(300544K) From: 1024K(1024K)->1024K(1024K)
[207.605s][info][gc,heap        ] GC(1333) ParOldGen: 9209K(699392K)->9289K(699392K)
[207.605s][info][gc,metaspace   ] GC(1333) Metaspace: 14311K(15296K)->14311K(15296K) NonClass: 12350K(12928K)->12350K(12928K) Class: 1960K(2368K)->1960K(2368K)
[207.605s][info][gc             ] GC(1333) Pause Young (Allocation Failure) 311M->10M(977M) 2.079ms
[207.605s][info][gc,cpu         ] GC(1333) User=0.00s Sys=0.00s Real=0.00s
[207.778s][info][gc,start       ] GC(1334) Pause Young (Allocation Failure)
[207.780s][info][gc,heap        ] GC(1334) PSYoungGen: 301568K(301568K)->1024K(342016K) Eden: 300544K(300544K)->0K(340480K) From: 1024K(1024K)->1024K(1536K)
[207.780s][info][gc,heap        ] GC(1334) ParOldGen: 9289K(699392K)->9353K(699392K)
[207.780s][info][gc,metaspace   ] GC(1334) Metaspace: 14311K(15296K)->14311K(15296K) NonClass: 12350K(12928K)->12350K(12928K) Class: 1960K(2368K)->1960K(2368K)
[207.780s][info][gc             ] GC(1334) Pause Young (Allocation Failure) 303M->10M(1017M) 2.028ms
[207.780s][info][gc,cpu         ] GC(1334) User=0.00s Sys=0.00s Real=0.00s
[207.977s][info][gc,start       ] GC(1335) Pause Young (Allocation Failure)
[207.979s][info][gc,heap        ] GC(1335) PSYoungGen: 341504K(342016K)->1024K(347648K) Eden: 340480K(340480K)->0K(346112K) From: 1024K(1536K)->1024K(1536K)
[207.979s][info][gc,heap        ] GC(1335) ParOldGen: 9353K(699392K)->9417K(699392K)
[207.979s][info][gc,metaspace   ] GC(1335) Metaspace: 14311K(15296K)->14311K(15296K) NonClass: 12350K(12928K)->12350K(12928K) Class: 1960K(2368K)->1960K(2368K)
[207.979s][info][gc             ] GC(1335) Pause Young (Allocation Failure) 342M->10M(1022M) 2.046ms
[207.979s][info][gc,cpu         ] GC(1335) User=0.00s Sys=0.00s Real=0.00s
[208.180s][info][gc,start       ] GC(1336) Pause Young (Allocation Failure)
[208.182s][info][gc,heap        ] GC(1336) PSYoungGen: 347136K(347648K)->1056K(347648K) Eden: 346112K(346112K)->0K(346112K) From: 1024K(1536K)->1056K(1536K)
[208.182s][info][gc,heap        ] GC(1336) ParOldGen: 9417K(699392K)->9489K(699392K)
[208.182s][info][gc,metaspace   ] GC(1336) Metaspace: 14311K(15296K)->14311K(15296K) NonClass: 12350K(12928K)->12350K(12928K) Class: 1960K(2368K)->1960K(2368K)
[208.182s][info][gc             ] GC(1336) Pause Young (Allocation Failure) 348M->10M(1022M) 2.175ms
[208.182s][info][gc,cpu         ] GC(1336) User=0.00s Sys=0.00s Real=0.00s
[208.383s][info][gc,start       ] GC(1337) Pause Young (Allocation Failure)
[208.385s][info][gc,heap        ] GC(1337) PSYoungGen: 347168K(347648K)->1024K(337408K) Eden: 346112K(346112K)->0K(336384K) From: 1056K(1536K)->1024K(1024K)
[208.385s][info][gc,heap        ] GC(1337) ParOldGen: 9489K(699392K)->9585K(699392K)
[208.385s][info][gc,metaspace   ] GC(1337) Metaspace: 14311K(15296K)->14311K(15296K) NonClass: 12350K(12928K)->12350K(12928K) Class: 1960K(2368K)->1960K(2368K)
[208.386s][info][gc             ] GC(1337) Pause Young (Allocation Failure) 348M->10M(1012M) 2.137ms
[208.386s][info][gc,cpu         ] GC(1337) User=0.00s Sys=0.00s Real=0.00s
[208.580s][info][gc,start       ] GC(1338) Pause Young (Allocation Failure)
[208.583s][info][gc,heap        ] GC(1338) PSYoungGen: 337408K(337408K)->1056K(347136K) Eden: 336384K(336384K)->0K(345600K) From: 1024K(1024K)->1056K(1536K)
[208.583s][info][gc,heap        ] GC(1338) ParOldGen: 9585K(699392K)->9673K(699392K)
[208.583s][info][gc,metaspace   ] GC(1338) Metaspace: 14311K(15296K)->14311K(15296K) NonClass: 12350K(12928K)->12350K(12928K) Class: 1960K(2368K)->1960K(2368K)
[208.583s][info][gc             ] GC(1338) Pause Young (Allocation Failure) 338M->10M(1022M) 2.160ms
[208.583s][info][gc,cpu         ] GC(1338) User=0.00s Sys=0.00s Real=0.00s
[208.785s][info][gc,start       ] GC(1339) Pause Young (Allocation Failure)
[208.787s][info][gc,heap        ] GC(1339) PSYoungGen: 346656K(347136K)->1024K(336896K) Eden: 345600K(345600K)->0K(335872K) From: 1056K(1536K)->1024K(1024K)
[208.787s][info][gc,heap        ] GC(1339) ParOldGen: 9673K(699392K)->9753K(699392K)
[208.787s][info][gc,metaspace   ] GC(1339) Metaspace: 14311K(15296K)->14311K(15296K) NonClass: 12350K(12928K)->12350K(12928K) Class: 1960K(2368K)->1960K(2368K)
[208.787s][info][gc             ] GC(1339) Pause Young (Allocation Failure) 347M->10M(1012M) 2.131ms
[208.787s][info][gc,cpu         ] GC(1339) User=0.00s Sys=0.00s Real=0.00s
[209.142s][info][gc,start       ] GC(1340) Pause Young (Allocation Failure)
[209.145s][info][gc,heap        ] GC(1340) PSYoungGen: 336896K(336896K)->992K(327680K) Eden: 335872K(335872K)->0K(326656K) From: 1024K(1024K)->992K(1024K)
[209.145s][info][gc,heap        ] GC(1340) ParOldGen: 9753K(699392K)->9825K(699392K)
[209.145s][info][gc,metaspace   ] GC(1340) Metaspace: 14311K(15296K)->14311K(15296K) NonClass: 12350K(12928K)->12350K(12928K) Class: 1960K(2368K)->1960K(2368K)
[209.145s][info][gc             ] GC(1340) Pause Young (Allocation Failure) 338M->10M(1003M) 3.039ms
[209.145s][info][gc,cpu         ] GC(1340) User=0.00s Sys=0.00s Real=0.00s
[209.344s][info][gc,start       ] GC(1341) Pause Young (Allocation Failure)
[209.345s][info][gc,heap        ] GC(1341) PSYoungGen: 327648K(327680K)->1024K(318976K) Eden: 326656K(326656K)->0K(317952K) From: 992K(1024K)->1024K(1024K)
[209.346s][info][gc,heap        ] GC(1341) ParOldGen: 9825K(699392K)->9905K(699392K)
[209.346s][info][gc,metaspace   ] GC(1341) Metaspace: 14311K(15296K)->14311K(15296K) NonClass: 12350K(12928K)->12350K(12928K) Class: 1960K(2368K)->1960K(2368K)
[209.346s][info][gc             ] GC(1341) Pause Young (Allocation Failure) 329M->10M(994M) 2.030ms
[209.346s][info][gc,cpu         ] GC(1341) User=0.00s Sys=0.00s Real=0.00s
[209.531s][info][gc,start       ] GC(1342) Pause Young (Allocation Failure)
[209.533s][info][gc,heap        ] GC(1342) PSYoungGen: 318976K(318976K)->1024K(310272K) Eden: 317952K(317952K)->0K(309248K) From: 1024K(1024K)->1024K(1024K)
[209.533s][info][gc,heap        ] GC(1342) ParOldGen: 9905K(699392K)->9993K(699392K)
[209.533s][info][gc,metaspace   ] GC(1342) Metaspace: 14311K(15296K)->14311K(15296K) NonClass: 12350K(12928K)->12350K(12928K) Class: 1960K(2368K)->1960K(2368K)
[209.533s][info][gc             ] GC(1342) Pause Young (Allocation Failure) 321M->10M(986M) 1.812ms
[209.533s][info][gc,cpu         ] GC(1342) User=0.00s Sys=0.00s Real=0.00s
[209.712s][info][gc,start       ] GC(1343) Pause Young (Allocation Failure)
[209.714s][info][gc,heap        ] GC(1343) PSYoungGen: 310272K(310272K)->992K(302080K) Eden: 309248K(309248K)->0K(301056K) From: 1024K(1024K)->992K(1024K)
[209.714s][info][gc,heap        ] GC(1343) ParOldGen: 9993K(699392K)->10065K(699392K)
[209.714s][info][gc,metaspace   ] GC(1343) Metaspace: 14311K(15296K)->14311K(15296K) NonClass: 12350K(12928K)->12350K(12928K) Class: 1960K(2368K)->1960K(2368K)
[209.714s][info][gc             ] GC(1343) Pause Young (Allocation Failure) 312M->10M(978M) 1.790ms
[209.714s][info][gc,cpu         ] GC(1343) User=0.00s Sys=0.00s Real=0.00s
[209.889s][info][gc,start       ] GC(1344) Pause Young (Allocation Failure)
[209.891s][info][gc,heap        ] GC(1344) PSYoungGen: 302048K(302080K)->1024K(294400K) Eden: 301056K(301056K)->0K(293376K) From: 992K(1024K)->1024K(1024K)
[209.891s][info][gc,heap        ] GC(1344) ParOldGen: 10065K(699392K)->10137K(699392K)
[209.891s][info][gc,metaspace   ] GC(1344) Metaspace: 14311K(15296K)->14311K(15296K) NonClass: 12350K(12928K)->12350K(12928K) Class: 1960K(2368K)->1960K(2368K)
[209.891s][info][gc             ] GC(1344) Pause Young (Allocation Failure) 304M->10M(970M) 1.802ms
[209.891s][info][gc,cpu         ] GC(1344) User=0.52s Sys=0.00s Real=0.00s
[210.061s][info][gc,start       ] GC(1345) Pause Young (Allocation Failure)
[210.063s][info][gc,heap        ] GC(1345) PSYoungGen: 294400K(294400K)->1024K(286720K) Eden: 293376K(293376K)->0K(285696K) From: 1024K(1024K)->1024K(1024K)
[210.063s][info][gc,heap        ] GC(1345) ParOldGen: 10137K(699392K)->10209K(699392K)
[210.063s][info][gc,metaspace   ] GC(1345) Metaspace: 14311K(15296K)->14311K(15296K) NonClass: 12350K(12928K)->12350K(12928K) Class: 1960K(2368K)->1960K(2368K)
[210.063s][info][gc             ] GC(1345) Pause Young (Allocation Failure) 297M->10M(963M) 1.705ms
[210.063s][info][gc,cpu         ] GC(1345) User=0.52s Sys=0.00s Real=0.00s
[210.228s][info][gc,start       ] GC(1346) Pause Young (Allocation Failure)
[210.229s][info][gc,heap        ] GC(1346) PSYoungGen: 286720K(286720K)->992K(279552K) Eden: 285696K(285696K)->0K(278528K) From: 1024K(1024K)->992K(1024K)
[210.229s][info][gc,heap        ] GC(1346) ParOldGen: 10209K(699392K)->10289K(699392K)
[210.229s][info][gc,metaspace   ] GC(1346) Metaspace: 14311K(15296K)->14311K(15296K) NonClass: 12350K(12928K)->12350K(12928K) Class: 1960K(2368K)->1960K(2368K)
[210.229s][info][gc             ] GC(1346) Pause Young (Allocation Failure) 289M->11M(956M) 1.770ms
[210.229s][info][gc,cpu         ] GC(1346) User=0.00s Sys=0.00s Real=0.00s
[210.390s][info][gc,start       ] GC(1347) Pause Young (Allocation Failure)
[210.391s][info][gc,heap        ] GC(1347) PSYoungGen: 279520K(279552K)->992K(272384K) Eden: 278528K(278528K)->0K(271360K) From: 992K(1024K)->992K(1024K)
[210.392s][info][gc,heap        ] GC(1347) ParOldGen: 10289K(699392K)->10369K(699392K)
[210.392s][info][gc,metaspace   ] GC(1347) Metaspace: 14311K(15296K)->14311K(15296K) NonClass: 12350K(12928K)->12350K(12928K) Class: 1960K(2368K)->1960K(2368K)
[210.392s][info][gc             ] GC(1347) Pause Young (Allocation Failure) 283M->11M(949M) 1.833ms
[210.392s][info][gc,cpu         ] GC(1347) User=0.34s Sys=0.02s Real=0.00s
[210.548s][info][gc,start       ] GC(1348) Pause Young (Allocation Failure)
[210.550s][info][gc,heap        ] GC(1348) PSYoungGen: 272352K(272384K)->1024K(265728K) Eden: 271360K(271360K)->0K(264704K) From: 992K(1024K)->1024K(1024K)
[210.550s][info][gc,heap        ] GC(1348) ParOldGen: 10369K(699392K)->10433K(699392K)
[210.550s][info][gc,metaspace   ] GC(1348) Metaspace: 14311K(15296K)->14311K(15296K) NonClass: 12350K(12928K)->12350K(12928K) Class: 1960K(2368K)->1960K(2368K)
[210.550s][info][gc             ] GC(1348) Pause Young (Allocation Failure) 276M->11M(942M) 1.835ms
[210.550s][info][gc,cpu         ] GC(1348) User=0.00s Sys=0.00s Real=0.00s
[210.702s][info][gc,start       ] GC(1349) Pause Young (Allocation Failure)
[210.704s][info][gc,heap        ] GC(1349) PSYoungGen: 265728K(265728K)->1024K(259584K) Eden: 264704K(264704K)->0K(258560K) From: 1024K(1024K)->1024K(1024K)
[210.704s][info][gc,heap        ] GC(1349) ParOldGen: 10433K(699392K)->10505K(699392K)
[210.704s][info][gc,metaspace   ] GC(1349) Metaspace: 14311K(15296K)->14311K(15296K) NonClass: 12350K(12928K)->12350K(12928K) Class: 1960K(2368K)->1960K(2368K)
[210.704s][info][gc             ] GC(1349) Pause Young (Allocation Failure) 269M->11M(936M) 1.854ms
[210.704s][info][gc,cpu         ] GC(1349) User=0.52s Sys=0.00s Real=0.00s
[210.853s][info][gc,start       ] GC(1350) Pause Young (Allocation Failure)
[210.855s][info][gc,heap        ] GC(1350) PSYoungGen: 259584K(259584K)->1024K(311296K) Eden: 258560K(258560K)->0K(310272K) From: 1024K(1024K)->1024K(1024K)
[210.855s][info][gc,heap        ] GC(1350) ParOldGen: 10505K(699392K)->10561K(699392K)
[210.855s][info][gc,metaspace   ] GC(1350) Metaspace: 14311K(15296K)->14311K(15296K) NonClass: 12350K(12928K)->12350K(12928K) Class: 1960K(2368K)->1960K(2368K)
[210.855s][info][gc             ] GC(1350) Pause Young (Allocation Failure) 263M->11M(987M) 1.908ms
[210.855s][info][gc,cpu         ] GC(1350) User=0.00s Sys=0.00s Real=0.00s
[211.034s][info][gc,start       ] GC(1351) Pause Young (Allocation Failure)
[211.036s][info][gc,heap        ] GC(1351) PSYoungGen: 311296K(311296K)->960K(303104K) Eden: 310272K(310272K)->0K(302080K) From: 1024K(1024K)->960K(1024K)
[211.036s][info][gc,heap        ] GC(1351) ParOldGen: 10561K(699392K)->10633K(699392K)
[211.036s][info][gc,metaspace   ] GC(1351) Metaspace: 14311K(15296K)->14311K(15296K) NonClass: 12350K(12928K)->12350K(12928K) Class: 1960K(2368K)->1960K(2368K)
[211.036s][info][gc             ] GC(1351) Pause Young (Allocation Failure) 314M->11M(979M) 1.964ms
[211.036s][info][gc,cpu         ] GC(1351) User=0.00s Sys=0.00s Real=0.00s
[211.211s][info][gc,start       ] GC(1352) Pause Young (Allocation Failure)
[211.213s][info][gc,heap        ] GC(1352) PSYoungGen: 303040K(303104K)->1024K(295424K) Eden: 302080K(302080K)->0K(294400K) From: 960K(1024K)->1024K(1024K)
[211.213s][info][gc,heap        ] GC(1352) ParOldGen: 10633K(699392K)->10713K(699392K)
[211.213s][info][gc,metaspace   ] GC(1352) Metaspace: 14311K(15296K)->14311K(15296K) NonClass: 12350K(12928K)->12350K(12928K) Class: 1960K(2368K)->1960K(2368K)
[211.213s][info][gc             ] GC(1352) Pause Young (Allocation Failure) 306M->11M(971M) 1.984ms
[211.213s][info][gc,cpu         ] GC(1352) User=0.00s Sys=0.00s Real=0.00s
[211.383s][info][gc,start       ] GC(1353) Pause Young (Allocation Failure)
[211.385s][info][gc,heap        ] GC(1353) PSYoungGen: 295424K(295424K)->1024K(340480K) Eden: 294400K(294400K)->0K(338944K) From: 1024K(1024K)->1024K(1536K)
[211.385s][info][gc,heap        ] GC(1353) ParOldGen: 10713K(699392K)->10785K(699392K)
[211.385s][info][gc,metaspace   ] GC(1353) Metaspace: 14311K(15296K)->14311K(15296K) NonClass: 12350K(12928K)->12350K(12928K) Class: 1960K(2368K)->1960K(2368K)
[211.385s][info][gc             ] GC(1353) Pause Young (Allocation Failure) 298M->11M(1015M) 1.952ms
[211.385s][info][gc,cpu         ] GC(1353) User=0.00s Sys=0.00s Real=0.00s
[211.581s][info][gc,start       ] GC(1354) Pause Young (Allocation Failure)
[211.603s][info][gc,heap        ] GC(1354) PSYoungGen: 339968K(340480K)->1024K(330752K) Eden: 338944K(338944K)->0K(329728K) From: 1024K(1536K)->1024K(1024K)
[211.603s][info][gc,heap        ] GC(1354) ParOldGen: 10785K(699392K)->10865K(699392K)
[211.603s][info][gc,metaspace   ] GC(1354) Metaspace: 14311K(15296K)->14311K(15296K) NonClass: 12350K(12928K)->12350K(12928K) Class: 1960K(2368K)->1960K(2368K)
[211.603s][info][gc             ] GC(1354) Pause Young (Allocation Failure) 342M->11M(1006M) 22.479ms
[211.603s][info][gc,cpu         ] GC(1354) User=0.00s Sys=0.00s Real=0.01s
[211.795s][info][gc,start       ] GC(1355) Pause Young (Allocation Failure)
[211.797s][info][gc,heap        ] GC(1355) PSYoungGen: 330752K(330752K)->1024K(322048K) Eden: 329728K(329728K)->0K(321024K) From: 1024K(1024K)->1024K(1024K)
[211.797s][info][gc,heap        ] GC(1355) ParOldGen: 10865K(699392K)->10953K(699392K)
[211.797s][info][gc,metaspace   ] GC(1355) Metaspace: 14311K(15296K)->14311K(15296K) NonClass: 12350K(12928K)->12350K(12928K) Class: 1960K(2368K)->1960K(2368K)
[211.797s][info][gc             ] GC(1355) Pause Young (Allocation Failure) 333M->11M(997M) 1.998ms
[211.798s][info][gc,cpu         ] GC(1355) User=0.52s Sys=0.00s Real=0.00s
[211.984s][info][gc,start       ] GC(1356) Pause Young (Allocation Failure)
[211.986s][info][gc,heap        ] GC(1356) PSYoungGen: 322048K(322048K)->1024K(313344K) Eden: 321024K(321024K)->0K(312320K) From: 1024K(1024K)->1024K(1024K)
[211.986s][info][gc,heap        ] GC(1356) ParOldGen: 10953K(699392K)->11033K(699392K)
[211.986s][info][gc,metaspace   ] GC(1356) Metaspace: 14311K(15296K)->14311K(15296K) NonClass: 12350K(12928K)->12350K(12928K) Class: 1960K(2368K)->1960K(2368K)
[211.986s][info][gc             ] GC(1356) Pause Young (Allocation Failure) 325M->11M(989M) 2.114ms
[211.986s][info][gc,cpu         ] GC(1356) User=0.00s Sys=0.02s Real=0.00s
[212.166s][info][gc,start       ] GC(1357) Pause Young (Allocation Failure)
[212.168s][info][gc,heap        ] GC(1357) PSYoungGen: 313344K(313344K)->1024K(305152K) Eden: 312320K(312320K)->0K(304128K) From: 1024K(1024K)->1024K(1024K)
[212.168s][info][gc,heap        ] GC(1357) ParOldGen: 11033K(699392K)->11129K(699392K)
[212.168s][info][gc,metaspace   ] GC(1357) Metaspace: 14311K(15296K)->14311K(15296K) NonClass: 12350K(12928K)->12350K(12928K) Class: 1960K(2368K)->1960K(2368K)
[212.168s][info][gc             ] GC(1357) Pause Young (Allocation Failure) 316M->11M(981M) 2.110ms
[212.168s][info][gc,cpu         ] GC(1357) User=0.00s Sys=0.00s Real=0.00s
[212.342s][info][gc,start       ] GC(1358) Pause Young (Allocation Failure)
[212.344s][info][gc,heap        ] GC(1358) PSYoungGen: 305152K(305152K)->1024K(338432K) Eden: 304128K(304128K)->0K(336896K) From: 1024K(1024K)->1024K(1536K)
[212.344s][info][gc,heap        ] GC(1358) ParOldGen: 11129K(699392K)->11201K(699392K)
[212.344s][info][gc,metaspace   ] GC(1358) Metaspace: 14311K(15296K)->14311K(15296K) NonClass: 12350K(12928K)->12350K(12928K) Class: 1960K(2368K)->1960K(2368K)
[212.344s][info][gc             ] GC(1358) Pause Young (Allocation Failure) 308M->11M(1013M) 2.132ms
[212.344s][info][gc,cpu         ] GC(1358) User=0.52s Sys=0.00s Real=0.00s
[212.538s][info][gc,start       ] GC(1359) Pause Young (Allocation Failure)
[212.540s][info][gc,heap        ] GC(1359) PSYoungGen: 337920K(338432K)->1056K(347648K) Eden: 336896K(336896K)->0K(346112K) From: 1024K(1536K)->1056K(1536K)
[212.540s][info][gc,heap        ] GC(1359) ParOldGen: 11201K(699392K)->11261K(699392K)
[212.540s][info][gc,metaspace   ] GC(1359) Metaspace: 14311K(15296K)->14311K(15296K) NonClass: 12350K(12928K)->12350K(12928K) Class: 1960K(2368K)->1960K(2368K)
[212.540s][info][gc             ] GC(1359) Pause Young (Allocation Failure) 340M->12M(1022M) 2.161ms
[212.540s][info][gc,cpu         ] GC(1359) User=0.00s Sys=0.00s Real=0.00s
[212.739s][info][gc,start       ] GC(1360) Pause Young (Allocation Failure)
[212.741s][info][gc,heap        ] GC(1360) PSYoungGen: 347168K(347648K)->1024K(347648K) Eden: 346112K(346112K)->0K(346112K) From: 1056K(1536K)->1024K(1536K)
[212.741s][info][gc,heap        ] GC(1360) ParOldGen: 11261K(699392K)->11301K(699392K)
[212.741s][info][gc,metaspace   ] GC(1360) Metaspace: 14311K(15296K)->14311K(15296K) NonClass: 12350K(12928K)->12350K(12928K) Class: 1960K(2368K)->1960K(2368K)
[212.741s][info][gc             ] GC(1360) Pause Young (Allocation Failure) 350M->12M(1022M) 2.171ms
[212.742s][info][gc,cpu         ] GC(1360) User=0.00s Sys=0.00s Real=0.00s
[213.043s][info][gc,start       ] GC(1361) Pause Young (Allocation Failure)
[213.046s][info][gc,heap        ] GC(1361) PSYoungGen: 347136K(347648K)->992K(337408K) Eden: 346112K(346112K)->0K(336384K) From: 1024K(1536K)->992K(1024K)
[213.046s][info][gc,heap        ] GC(1361) ParOldGen: 11301K(699392K)->11381K(699392K)
[213.046s][info][gc,metaspace   ] GC(1361) Metaspace: 14311K(15296K)->14311K(15296K) NonClass: 12350K(12928K)->12350K(12928K) Class: 1960K(2368K)->1960K(2368K)
[213.046s][info][gc             ] GC(1361) Pause Young (Allocation Failure) 350M->12M(1012M) 2.982ms
[213.046s][info][gc,cpu         ] GC(1361) User=0.00s Sys=0.00s Real=0.00s
[213.249s][info][gc,start       ] GC(1362) Pause Young (Allocation Failure)
[213.251s][info][gc,heap        ] GC(1362) PSYoungGen: 337376K(337408K)->1024K(328192K) Eden: 336384K(336384K)->0K(327168K) From: 992K(1024K)->1024K(1024K)
[213.251s][info][gc,heap        ] GC(1362) ParOldGen: 11381K(699392K)->11453K(699392K)
[213.251s][info][gc,metaspace   ] GC(1362) Metaspace: 14311K(15296K)->14311K(15296K) NonClass: 12350K(12928K)->12350K(12928K) Class: 1960K(2368K)->1960K(2368K)
[213.251s][info][gc             ] GC(1362) Pause Young (Allocation Failure) 340M->12M(1003M) 2.013ms
[213.251s][info][gc,cpu         ] GC(1362) User=0.52s Sys=0.00s Real=0.00s
[213.443s][info][gc,start       ] GC(1363) Pause Young (Allocation Failure)
[213.444s][info][gc,heap        ] GC(1363) PSYoungGen: 328192K(328192K)->1024K(319488K) Eden: 327168K(327168K)->0K(318464K) From: 1024K(1024K)->1024K(1024K)
[213.444s][info][gc,heap        ] GC(1363) ParOldGen: 11453K(699392K)->11509K(699392K)
[213.444s][info][gc,metaspace   ] GC(1363) Metaspace: 14311K(15296K)->14311K(15296K) NonClass: 12350K(12928K)->12350K(12928K) Class: 1960K(2368K)->1960K(2368K)
[213.444s][info][gc             ] GC(1363) Pause Young (Allocation Failure) 331M->12M(995M) 1.905ms
[213.444s][info][gc,cpu         ] GC(1363) User=0.00s Sys=0.00s Real=0.00s
[213.630s][info][gc,start       ] GC(1364) Pause Young (Allocation Failure)
[213.632s][info][gc,heap        ] GC(1364) PSYoungGen: 319488K(319488K)->1024K(310784K) Eden: 318464K(318464K)->0K(309760K) From: 1024K(1024K)->1024K(1024K)
[213.632s][info][gc,heap        ] GC(1364) ParOldGen: 11509K(699392K)->11581K(699392K)
[213.632s][info][gc,metaspace   ] GC(1364) Metaspace: 14311K(15296K)->14311K(15296K) NonClass: 12350K(12928K)->12350K(12928K) Class: 1960K(2368K)->1960K(2368K)
[213.632s][info][gc             ] GC(1364) Pause Young (Allocation Failure) 323M->12M(986M) 1.857ms
[213.632s][info][gc,cpu         ] GC(1364) User=0.00s Sys=0.00s Real=0.00s
[213.814s][info][gc,start       ] GC(1365) Pause Young (Allocation Failure)
[213.815s][info][gc,heap        ] GC(1365) PSYoungGen: 310784K(310784K)->1024K(302592K) Eden: 309760K(309760K)->0K(301568K) From: 1024K(1024K)->1024K(1024K)
[213.815s][info][gc,heap        ] GC(1365) ParOldGen: 11581K(699392K)->11645K(699392K)
[213.816s][info][gc,metaspace   ] GC(1365) Metaspace: 14311K(15296K)->14311K(15296K) NonClass: 12350K(12928K)->12350K(12928K) Class: 1960K(2368K)->1960K(2368K)
[213.816s][info][gc             ] GC(1365) Pause Young (Allocation Failure) 314M->12M(978M) 1.685ms
[213.816s][info][gc,cpu         ] GC(1365) User=0.00s Sys=0.00s Real=0.00s
[213.992s][info][gc,start       ] GC(1366) Pause Young (Allocation Failure)
[213.993s][info][gc,heap        ] GC(1366) PSYoungGen: 302592K(302592K)->1024K(294912K) Eden: 301568K(301568K)->0K(293888K) From: 1024K(1024K)->1024K(1024K)
[213.993s][info][gc,heap        ] GC(1366) ParOldGen: 11645K(699392K)->11709K(699392K)
[213.993s][info][gc,metaspace   ] GC(1366) Metaspace: 14311K(15296K)->14311K(15296K) NonClass: 12350K(12928K)->12350K(12928K) Class: 1960K(2368K)->1960K(2368K)
[213.993s][info][gc             ] GC(1366) Pause Young (Allocation Failure) 306M->12M(971M) 1.731ms
[213.993s][info][gc,cpu         ] GC(1366) User=0.00s Sys=0.00s Real=0.00s
[214.165s][info][gc,start       ] GC(1367) Pause Young (Allocation Failure)
[214.167s][info][gc,heap        ] GC(1367) PSYoungGen: 294912K(294912K)->1024K(287232K) Eden: 293888K(293888K)->0K(286208K) From: 1024K(1024K)->1024K(1024K)
[214.167s][info][gc,heap        ] GC(1367) ParOldGen: 11709K(699392K)->11765K(699392K)
[214.167s][info][gc,metaspace   ] GC(1367) Metaspace: 14311K(15296K)->14311K(15296K) NonClass: 12350K(12928K)->12350K(12928K) Class: 1960K(2368K)->1960K(2368K)
[214.167s][info][gc             ] GC(1367) Pause Young (Allocation Failure) 299M->12M(963M) 1.769ms
[214.167s][info][gc,cpu         ] GC(1367) User=0.00s Sys=0.00s Real=0.00s
[214.334s][info][gc,start       ] GC(1368) Pause Young (Allocation Failure)
[214.337s][info][gc,heap        ] GC(1368) PSYoungGen: 287232K(287232K)->1024K(280064K) Eden: 286208K(286208K)->0K(279040K) From: 1024K(1024K)->1024K(1024K)
[214.337s][info][gc,heap        ] GC(1368) ParOldGen: 11765K(699392K)->11821K(699392K)
[214.337s][info][gc,metaspace   ] GC(1368) Metaspace: 14311K(15296K)->14311K(15296K) NonClass: 12350K(12928K)->12350K(12928K) Class: 1960K(2368K)->1960K(2368K)
[214.337s][info][gc             ] GC(1368) Pause Young (Allocation Failure) 291M->12M(956M) 3.207ms
[214.337s][info][gc,cpu         ] GC(1368) User=0.00s Sys=0.00s Real=0.00s
[214.501s][info][gc,start       ] GC(1369) Pause Young (Allocation Failure)
[214.502s][info][gc,heap        ] GC(1369) PSYoungGen: 280064K(280064K)->1024K(272896K) Eden: 279040K(279040K)->0K(271872K) From: 1024K(1024K)->1024K(1024K)
[214.502s][info][gc,heap        ] GC(1369) ParOldGen: 11821K(699392K)->11877K(699392K)
[214.502s][info][gc,metaspace   ] GC(1369) Metaspace: 14311K(15296K)->14311K(15296K) NonClass: 12350K(12928K)->12350K(12928K) Class: 1960K(2368K)->1960K(2368K)
[214.502s][info][gc             ] GC(1369) Pause Young (Allocation Failure) 285M->12M(949M) 1.829ms
[214.502s][info][gc,cpu         ] GC(1369) User=0.00s Sys=0.00s Real=0.00s
[214.661s][info][gc,start       ] GC(1370) Pause Young (Allocation Failure)
[214.663s][info][gc,heap        ] GC(1370) PSYoungGen: 272896K(272896K)->1024K(266240K) Eden: 271872K(271872K)->0K(265216K) From: 1024K(1024K)->1024K(1024K)
[214.663s][info][gc,heap        ] GC(1370) ParOldGen: 11877K(699392K)->11941K(699392K)
[214.663s][info][gc,metaspace   ] GC(1370) Metaspace: 14311K(15296K)->14311K(15296K) NonClass: 12350K(12928K)->12350K(12928K) Class: 1960K(2368K)->1960K(2368K)
[214.663s][info][gc             ] GC(1370) Pause Young (Allocation Failure) 278M->12M(943M) 1.844ms
[214.663s][info][gc,cpu         ] GC(1370) User=0.00s Sys=0.00s Real=0.00s
[214.818s][info][gc,start       ] GC(1371) Pause Young (Allocation Failure)
[214.820s][info][gc,heap        ] GC(1371) PSYoungGen: 266240K(266240K)->1024K(259584K) Eden: 265216K(265216K)->0K(258560K) From: 1024K(1024K)->1024K(1024K)
[214.820s][info][gc,heap        ] GC(1371) ParOldGen: 11941K(699392K)->12021K(699392K)
[214.820s][info][gc,metaspace   ] GC(1371) Metaspace: 14311K(15296K)->14311K(15296K) NonClass: 12350K(12928K)->12350K(12928K) Class: 1960K(2368K)->1960K(2368K)
[214.820s][info][gc             ] GC(1371) Pause Young (Allocation Failure) 271M->12M(936M) 1.892ms
[214.820s][info][gc,cpu         ] GC(1371) User=0.00s Sys=0.00s Real=0.00s
[214.969s][info][gc,start       ] GC(1372) Pause Young (Allocation Failure)
[214.971s][info][gc,heap        ] GC(1372) PSYoungGen: 259584K(259584K)->1024K(311296K) Eden: 258560K(258560K)->0K(310272K) From: 1024K(1024K)->1024K(1024K)
[214.971s][info][gc,heap        ] GC(1372) ParOldGen: 12021K(699392K)->12085K(699392K)
[214.971s][info][gc,metaspace   ] GC(1372) Metaspace: 14311K(15296K)->14311K(15296K) NonClass: 12350K(12928K)->12350K(12928K) Class: 1960K(2368K)->1960K(2368K)
[214.971s][info][gc             ] GC(1372) Pause Young (Allocation Failure) 265M->12M(987M) 1.894ms
[214.971s][info][gc,cpu         ] GC(1372) User=0.00s Sys=0.00s Real=0.00s
[215.153s][info][gc,start       ] GC(1373) Pause Young (Allocation Failure)
[215.154s][info][gc,heap        ] GC(1373) PSYoungGen: 311296K(311296K)->992K(341504K) Eden: 310272K(310272K)->0K(339968K) From: 1024K(1024K)->992K(1536K)
[215.154s][info][gc,heap        ] GC(1373) ParOldGen: 12085K(699392K)->12149K(699392K)
[215.154s][info][gc,metaspace   ] GC(1373) Metaspace: 14311K(15296K)->14311K(15296K) NonClass: 12350K(12928K)->12350K(12928K) Class: 1960K(2368K)->1960K(2368K)
[215.155s][info][gc             ] GC(1373) Pause Young (Allocation Failure) 315M->12M(1016M) 1.948ms
[215.155s][info][gc,cpu         ] GC(1373) User=0.00s Sys=0.00s Real=0.00s
[215.353s][info][gc,start       ] GC(1374) Pause Young (Allocation Failure)
[215.355s][info][gc,heap        ] GC(1374) PSYoungGen: 340960K(341504K)->1024K(331776K) Eden: 339968K(339968K)->0K(330752K) From: 992K(1536K)->1024K(1024K)
[215.355s][info][gc,heap        ] GC(1374) ParOldGen: 12149K(699392K)->12229K(699392K)
[215.355s][info][gc,metaspace   ] GC(1374) Metaspace: 14311K(15296K)->14311K(15296K) NonClass: 12350K(12928K)->12350K(12928K) Class: 1960K(2368K)->1960K(2368K)
[215.355s][info][gc             ] GC(1374) Pause Young (Allocation Failure) 344M->12M(1007M) 2.121ms
[215.355s][info][gc,cpu         ] GC(1374) User=0.00s Sys=0.00s Real=0.00s
[215.547s][info][gc,start       ] GC(1375) Pause Young (Allocation Failure)
[215.549s][info][gc,heap        ] GC(1375) PSYoungGen: 331776K(331776K)->1024K(322560K) Eden: 330752K(330752K)->0K(321536K) From: 1024K(1024K)->1024K(1024K)
[215.549s][info][gc,heap        ] GC(1375) ParOldGen: 12229K(699392K)->12309K(699392K)
[215.549s][info][gc,metaspace   ] GC(1375) Metaspace: 14311K(15296K)->14311K(15296K) NonClass: 12350K(12928K)->12350K(12928K) Class: 1960K(2368K)->1960K(2368K)
[215.549s][info][gc             ] GC(1375) Pause Young (Allocation Failure) 335M->13M(998M) 1.951ms
[215.549s][info][gc,cpu         ] GC(1375) User=0.00s Sys=0.00s Real=0.00s
[215.735s][info][gc,start       ] GC(1376) Pause Young (Allocation Failure)
[215.737s][info][gc,heap        ] GC(1376) PSYoungGen: 322560K(322560K)->1024K(313856K) Eden: 321536K(321536K)->0K(312832K) From: 1024K(1024K)->1024K(1024K)
[215.737s][info][gc,heap        ] GC(1376) ParOldGen: 12309K(699392K)->12413K(699392K)
[215.737s][info][gc,metaspace   ] GC(1376) Metaspace: 14311K(15296K)->14311K(15296K) NonClass: 12350K(12928K)->12350K(12928K) Class: 1960K(2368K)->1960K(2368K)
[215.737s][info][gc             ] GC(1376) Pause Young (Allocation Failure) 327M->13M(989M) 2.080ms
[215.737s][info][gc,cpu         ] GC(1376) User=0.00s Sys=0.00s Real=0.00s
[215.918s][info][gc,start       ] GC(1377) Pause Young (Allocation Failure)
[215.920s][info][gc,heap        ] GC(1377) PSYoungGen: 313856K(313856K)->992K(305664K) Eden: 312832K(312832K)->0K(304640K) From: 1024K(1024K)->992K(1024K)
[215.920s][info][gc,heap        ] GC(1377) ParOldGen: 12413K(699392K)->12461K(699392K)
[215.920s][info][gc,metaspace   ] GC(1377) Metaspace: 14311K(15296K)->14311K(15296K) NonClass: 12350K(12928K)->12350K(12928K) Class: 1960K(2368K)->1960K(2368K)
[215.920s][info][gc             ] GC(1377) Pause Young (Allocation Failure) 318M->13M(981M) 2.096ms
[215.920s][info][gc,cpu         ] GC(1377) User=0.00s Sys=0.00s Real=0.00s
[216.098s][info][gc,start       ] GC(1378) Pause Young (Allocation Failure)
[216.100s][info][gc,heap        ] GC(1378) PSYoungGen: 305632K(305664K)->1024K(339456K) Eden: 304640K(304640K)->0K(337920K) From: 992K(1024K)->1024K(1536K)
[216.100s][info][gc,heap        ] GC(1378) ParOldGen: 12461K(699392K)->12541K(699392K)
[216.100s][info][gc,metaspace   ] GC(1378) Metaspace: 14311K(15296K)->14311K(15296K) NonClass: 12350K(12928K)->12350K(12928K) Class: 1960K(2368K)->1960K(2368K)
[216.100s][info][gc             ] GC(1378) Pause Young (Allocation Failure) 310M->13M(1014M) 2.086ms
[216.100s][info][gc,cpu         ] GC(1378) User=0.00s Sys=0.00s Real=0.00s
[216.298s][info][gc,start       ] GC(1379) Pause Young (Allocation Failure)
[216.300s][info][gc,heap        ] GC(1379) PSYoungGen: 338944K(339456K)->1024K(329728K) Eden: 337920K(337920K)->0K(328704K) From: 1024K(1536K)->1024K(1024K)
[216.300s][info][gc,heap        ] GC(1379) ParOldGen: 12541K(699392K)->12589K(699392K)
[216.300s][info][gc,metaspace   ] GC(1379) Metaspace: 14311K(15296K)->14311K(15296K) NonClass: 12350K(12928K)->12350K(12928K) Class: 1960K(2368K)->1960K(2368K)
[216.300s][info][gc             ] GC(1379) Pause Young (Allocation Failure) 343M->13M(1005M) 2.097ms
[216.300s][info][gc,cpu         ] GC(1379) User=0.00s Sys=0.00s Real=0.00s
[216.495s][info][gc,start       ] GC(1380) Pause Young (Allocation Failure)
[216.497s][info][gc,heap        ] GC(1380) PSYoungGen: 329728K(329728K)->1056K(347136K) Eden: 328704K(328704K)->0K(345600K) From: 1024K(1024K)->1056K(1536K)
[216.497s][info][gc,heap        ] GC(1380) ParOldGen: 12589K(699392K)->12653K(699392K)
[216.497s][info][gc,metaspace   ] GC(1380) Metaspace: 14311K(15296K)->14311K(15296K) NonClass: 12350K(12928K)->12350K(12928K) Class: 1960K(2368K)->1960K(2368K)
[216.497s][info][gc             ] GC(1380) Pause Young (Allocation Failure) 334M->13M(1022M) 2.145ms
[216.497s][info][gc,cpu         ] GC(1380) User=0.00s Sys=0.00s Real=0.00s
[216.704s][info][gc,start       ] GC(1381) Pause Young (Allocation Failure)
[216.706s][info][gc,heap        ] GC(1381) PSYoungGen: 346656K(347136K)->1024K(336896K) Eden: 345600K(345600K)->0K(335872K) From: 1056K(1536K)->1024K(1024K)
[216.706s][info][gc,heap        ] GC(1381) ParOldGen: 12653K(699392K)->12725K(699392K)
[216.706s][info][gc,metaspace   ] GC(1381) Metaspace: 14311K(15296K)->14311K(15296K) NonClass: 12350K(12928K)->12350K(12928K) Class: 1960K(2368K)->1960K(2368K)
[216.706s][info][gc             ] GC(1381) Pause Young (Allocation Failure) 350M->13M(1012M) 2.178ms
[216.706s][info][gc,cpu         ] GC(1381) User=0.00s Sys=0.00s Real=0.00s
[216.957s][info][gc,start       ] GC(1382) Pause Young (Allocation Failure)
[216.959s][info][gc,heap        ] GC(1382) PSYoungGen: 336896K(336896K)->992K(327680K) Eden: 335872K(335872K)->0K(326656K) From: 1024K(1024K)->992K(1024K)
[216.959s][info][gc,heap        ] GC(1382) ParOldGen: 12725K(699392K)->12797K(699392K)
[216.959s][info][gc,metaspace   ] GC(1382) Metaspace: 14311K(15296K)->14311K(15296K) NonClass: 12350K(12928K)->12350K(12928K) Class: 1960K(2368K)->1960K(2368K)
[216.959s][info][gc             ] GC(1382) Pause Young (Allocation Failure) 341M->13M(1003M) 2.644ms
[216.959s][info][gc,cpu         ] GC(1382) User=0.00s Sys=0.00s Real=0.00s
[217.189s][info][gc,start       ] GC(1383) Pause Young (Allocation Failure)
[217.191s][info][gc,heap        ] GC(1383) PSYoungGen: 327648K(327680K)->992K(318976K) Eden: 326656K(326656K)->0K(317952K) From: 992K(1024K)->992K(1024K)
[217.191s][info][gc,heap        ] GC(1383) ParOldGen: 12797K(699392K)->12861K(699392K)
[217.191s][info][gc,metaspace   ] GC(1383) Metaspace: 14311K(15296K)->14311K(15296K) NonClass: 12350K(12928K)->12350K(12928K) Class: 1960K(2368K)->1960K(2368K)
[217.191s][info][gc             ] GC(1383) Pause Young (Allocation Failure) 332M->13M(994M) 1.858ms
[217.191s][info][gc,cpu         ] GC(1383) User=0.00s Sys=0.00s Real=0.00s
[217.354s][info][gc,start       ] GC(1384) Pause Young (Allocation Failure)
[217.355s][info][gc,heap        ] GC(1384) PSYoungGen: 318944K(318976K)->800K(310272K) Eden: 317952K(317952K)->0K(309248K) From: 992K(1024K)->800K(1024K)
[217.355s][info][gc,heap        ] GC(1384) ParOldGen: 12861K(699392K)->12957K(699392K)
[217.355s][info][gc,metaspace   ] GC(1384) Metaspace: 14311K(15296K)->14311K(15296K) NonClass: 12350K(12928K)->12350K(12928K) Class: 1960K(2368K)->1960K(2368K)
[217.355s][info][gc             ] GC(1384) Pause Young (Allocation Failure) 324M->13M(986M) 1.480ms
[217.355s][info][gc,cpu         ] GC(1384) User=0.00s Sys=0.00s Real=0.00s
[217.425s][info][gc,start       ] GC(1385) Pause Young (System.gc())
[217.426s][info][gc,heap        ] GC(1385) PSYoungGen: 77408K(310272K)->192K(309760K) Eden: 76608K(309248K)->0K(309248K) From: 800K(1024K)->192K(512K)
[217.426s][info][gc,heap        ] GC(1385) ParOldGen: 12957K(699392K)->13029K(699392K)
[217.426s][info][gc,metaspace   ] GC(1385) Metaspace: 14311K(15296K)->14311K(15296K) NonClass: 12350K(12928K)->12350K(12928K) Class: 1960K(2368K)->1960K(2368K)
[217.426s][info][gc             ] GC(1385) Pause Young (System.gc()) 88M->12M(985M) 1.623ms
[217.426s][info][gc,cpu         ] GC(1385) User=0.00s Sys=0.00s Real=0.00s
[217.427s][info][gc,start       ] GC(1386) Pause Full (System.gc())
[217.427s][info][gc,phases,start] GC(1386) Marking Phase
[217.438s][info][gc,phases      ] GC(1386) Marking Phase 11.265ms
[217.438s][info][gc,phases,start] GC(1386) Summary Phase
[217.438s][info][gc,phases      ] GC(1386) Summary Phase 0.019ms
[217.438s][info][gc,phases,start] GC(1386) Adjust Roots
[217.443s][info][gc,phases      ] GC(1386) Adjust Roots 5.259ms
[217.443s][info][gc,phases,start] GC(1386) Compaction Phase
[217.445s][info][gc,phases      ] GC(1386) Compaction Phase 1.341ms
[217.445s][info][gc,phases,start] GC(1386) Post Compact
[217.445s][info][gc,phases      ] GC(1386) Post Compact 0.306ms
[217.445s][info][gc,heap        ] GC(1386) PSYoungGen: 192K(309760K)->0K(309760K) Eden: 0K(309248K)->0K(309248K) From: 192K(512K)->0K(512K)
[217.445s][info][gc,heap        ] GC(1386) ParOldGen: 13029K(699392K)->5373K(699392K)
[217.445s][info][gc,metaspace   ] GC(1386) Metaspace: 14311K(15296K)->14311K(15296K) NonClass: 12350K(12928K)->12350K(12928K) Class: 1960K(2368K)->1960K(2368K)
[217.445s][info][gc             ] GC(1386) Pause Full (System.gc()) 12M->5M(985M) 18.428ms
[217.445s][info][gc,cpu         ] GC(1386) User=0.02s Sys=0.22s Real=0.02s
[217.636s][info][gc,start       ] GC(1387) Pause Young (Allocation Failure)
[217.638s][info][gc,heap        ] GC(1387) PSYoungGen: 309248K(309760K)->1536K(302592K) Eden: 309248K(309248K)->0K(301056K) From: 0K(512K)->1536K(1536K)
[217.638s][info][gc,heap        ] GC(1387) ParOldGen: 5373K(699392K)->5776K(699392K)
[217.638s][info][gc,metaspace   ] GC(1387) Metaspace: 14314K(15296K)->14314K(15296K) NonClass: 12353K(12928K)->12353K(12928K) Class: 1960K(2368K)->1960K(2368K)
[217.638s][info][gc             ] GC(1387) Pause Young (Allocation Failure) 307M->7M(978M) 2.029ms
[217.638s][info][gc,cpu         ] GC(1387) User=0.00s Sys=0.00s Real=0.00s
[217.810s][info][gc,start       ] GC(1388) Pause Young (Allocation Failure)
[217.812s][info][gc,heap        ] GC(1388) PSYoungGen: 302592K(302592K)->1024K(294400K) Eden: 301056K(301056K)->0K(293376K) From: 1536K(1536K)->1024K(1024K)
[217.812s][info][gc,heap        ] GC(1388) ParOldGen: 5776K(699392K)->7012K(699392K)
[217.812s][info][gc,metaspace   ] GC(1388) Metaspace: 14314K(15296K)->14314K(15296K) NonClass: 12353K(12928K)->12353K(12928K) Class: 1960K(2368K)->1960K(2368K)
[217.812s][info][gc             ] GC(1388) Pause Young (Allocation Failure) 301M->7M(970M) 1.822ms
[217.812s][info][gc,cpu         ] GC(1388) User=0.00s Sys=0.00s Real=0.00s
[217.980s][info][gc,start       ] GC(1389) Pause Young (Allocation Failure)
[217.982s][info][gc,heap        ] GC(1389) PSYoungGen: 294400K(294400K)->1024K(286720K) Eden: 293376K(293376K)->0K(285696K) From: 1024K(1024K)->1024K(1024K)
[217.982s][info][gc,heap        ] GC(1389) ParOldGen: 7012K(699392K)->7132K(699392K)
[217.982s][info][gc,metaspace   ] GC(1389) Metaspace: 14314K(15296K)->14314K(15296K) NonClass: 12353K(12928K)->12353K(12928K) Class: 1960K(2368K)->1960K(2368K)
[217.982s][info][gc             ] GC(1389) Pause Young (Allocation Failure) 294M->7M(963M) 1.718ms
[217.982s][info][gc,cpu         ] GC(1389) User=0.00s Sys=0.00s Real=0.00s
[218.147s][info][gc,start       ] GC(1390) Pause Young (Allocation Failure)
[218.149s][info][gc,heap        ] GC(1390) PSYoungGen: 286720K(286720K)->1024K(279552K) Eden: 285696K(285696K)->0K(278528K) From: 1024K(1024K)->1024K(1024K)
[218.149s][info][gc,heap        ] GC(1390) ParOldGen: 7132K(699392K)->7180K(699392K)
[218.149s][info][gc,metaspace   ] GC(1390) Metaspace: 14314K(15296K)->14314K(15296K) NonClass: 12353K(12928K)->12353K(12928K) Class: 1960K(2368K)->1960K(2368K)
[218.149s][info][gc             ] GC(1390) Pause Young (Allocation Failure) 286M->8M(956M) 1.756ms
[218.149s][info][gc,cpu         ] GC(1390) User=0.00s Sys=0.00s Real=0.00s
[218.310s][info][gc,start       ] GC(1391) Pause Young (Allocation Failure)
[218.311s][info][gc,heap        ] GC(1391) PSYoungGen: 279552K(279552K)->1024K(272384K) Eden: 278528K(278528K)->0K(271360K) From: 1024K(1024K)->1024K(1024K)
[218.311s][info][gc,heap        ] GC(1391) ParOldGen: 7180K(699392K)->7260K(699392K)
[218.311s][info][gc,metaspace   ] GC(1391) Metaspace: 14314K(15296K)->14314K(15296K) NonClass: 12353K(12928K)->12353K(12928K) Class: 1960K(2368K)->1960K(2368K)
[218.311s][info][gc             ] GC(1391) Pause Young (Allocation Failure) 280M->8M(949M) 1.826ms
[218.311s][info][gc,cpu         ] GC(1391) User=0.00s Sys=0.00s Real=0.00s
[218.468s][info][gc,start       ] GC(1392) Pause Young (Allocation Failure)
[218.470s][info][gc,heap        ] GC(1392) PSYoungGen: 272384K(272384K)->1024K(265728K) Eden: 271360K(271360K)->0K(264704K) From: 1024K(1024K)->1024K(1024K)
[218.470s][info][gc,heap        ] GC(1392) ParOldGen: 7260K(699392K)->7340K(699392K)
[218.470s][info][gc,metaspace   ] GC(1392) Metaspace: 14314K(15296K)->14314K(15296K) NonClass: 12353K(12928K)->12353K(12928K) Class: 1960K(2368K)->1960K(2368K)
[218.470s][info][gc             ] GC(1392) Pause Young (Allocation Failure) 273M->8M(942M) 1.823ms
[218.470s][info][gc,cpu         ] GC(1392) User=0.52s Sys=0.00s Real=0.00s
[218.622s][info][gc,start       ] GC(1393) Pause Young (Allocation Failure)
[218.624s][info][gc,heap        ] GC(1393) PSYoungGen: 265728K(265728K)->1024K(259584K) Eden: 264704K(264704K)->0K(258560K) From: 1024K(1024K)->1024K(1024K)
[218.624s][info][gc,heap        ] GC(1393) ParOldGen: 7340K(699392K)->7388K(699392K)
[218.624s][info][gc,metaspace   ] GC(1393) Metaspace: 14314K(15296K)->14314K(15296K) NonClass: 12353K(12928K)->12353K(12928K) Class: 1960K(2368K)->1960K(2368K)
[218.624s][info][gc             ] GC(1393) Pause Young (Allocation Failure) 266M->8M(936M) 1.835ms
[218.624s][info][gc,cpu         ] GC(1393) User=0.00s Sys=0.00s Real=0.00s
[218.773s][info][gc,start       ] GC(1394) Pause Young (Allocation Failure)
[218.775s][info][gc,heap        ] GC(1394) PSYoungGen: 259584K(259584K)->1024K(311296K) Eden: 258560K(258560K)->0K(310272K) From: 1024K(1024K)->1024K(1024K)
[218.775s][info][gc,heap        ] GC(1394) ParOldGen: 7388K(699392K)->7452K(699392K)
[218.775s][info][gc,metaspace   ] GC(1394) Metaspace: 14314K(15296K)->14314K(15296K) NonClass: 12353K(12928K)->12353K(12928K) Class: 1960K(2368K)->1960K(2368K)
[218.775s][info][gc             ] GC(1394) Pause Young (Allocation Failure) 260M->8M(987M) 1.849ms
[218.775s][info][gc,cpu         ] GC(1394) User=0.00s Sys=0.00s Real=0.00s
[218.954s][info][gc,start       ] GC(1395) Pause Young (Allocation Failure)
[218.956s][info][gc,heap        ] GC(1395) PSYoungGen: 311296K(311296K)->1024K(303104K) Eden: 310272K(310272K)->0K(302080K) From: 1024K(1024K)->1024K(1024K)
[218.956s][info][gc,heap        ] GC(1395) ParOldGen: 7452K(699392K)->7516K(699392K)
[218.956s][info][gc,metaspace   ] GC(1395) Metaspace: 14314K(15296K)->14314K(15296K) NonClass: 12353K(12928K)->12353K(12928K) Class: 1960K(2368K)->1960K(2368K)
[218.956s][info][gc             ] GC(1395) Pause Young (Allocation Failure) 311M->8M(979M) 2.023ms
[218.956s][info][gc,cpu         ] GC(1395) User=0.00s Sys=0.00s Real=0.00s
[219.130s][info][gc,start       ] GC(1396) Pause Young (Allocation Failure)
[219.132s][info][gc,heap        ] GC(1396) PSYoungGen: 303104K(303104K)->1024K(295424K) Eden: 302080K(302080K)->0K(294400K) From: 1024K(1024K)->1024K(1024K)
[219.132s][info][gc,heap        ] GC(1396) ParOldGen: 7516K(699392K)->7588K(699392K)
[219.132s][info][gc,metaspace   ] GC(1396) Metaspace: 14314K(15296K)->14314K(15296K) NonClass: 12353K(12928K)->12353K(12928K) Class: 1960K(2368K)->1960K(2368K)
[219.132s][info][gc             ] GC(1396) Pause Young (Allocation Failure) 303M->8M(971M) 1.944ms
[219.132s][info][gc,cpu         ] GC(1396) User=0.00s Sys=0.00s Real=0.00s
[219.302s][info][gc,start       ] GC(1397) Pause Young (Allocation Failure)
[219.304s][info][gc,heap        ] GC(1397) PSYoungGen: 295424K(295424K)->1024K(339968K) Eden: 294400K(294400K)->0K(338432K) From: 1024K(1024K)->1024K(1536K)
[219.304s][info][gc,heap        ] GC(1397) ParOldGen: 7588K(699392K)->7660K(699392K)
[219.304s][info][gc,metaspace   ] GC(1397) Metaspace: 14314K(15296K)->14314K(15296K) NonClass: 12353K(12928K)->12353K(12928K) Class: 1960K(2368K)->1960K(2368K)
[219.304s][info][gc             ] GC(1397) Pause Young (Allocation Failure) 295M->8M(1015M) 1.929ms
[219.304s][info][gc,cpu         ] GC(1397) User=0.00s Sys=0.00s Real=0.00s
[219.500s][info][gc,start       ] GC(1398) Pause Young (Allocation Failure)
[219.502s][info][gc,heap        ] GC(1398) PSYoungGen: 339456K(339968K)->1056K(330752K) Eden: 338432K(338432K)->0K(329216K) From: 1024K(1536K)->1056K(1536K)
[219.502s][info][gc,heap        ] GC(1398) ParOldGen: 7660K(699392K)->7732K(699392K)
[219.502s][info][gc,metaspace   ] GC(1398) Metaspace: 14314K(15296K)->14314K(15296K) NonClass: 12353K(12928K)->12353K(12928K) Class: 1960K(2368K)->1960K(2368K)
[219.502s][info][gc             ] GC(1398) Pause Young (Allocation Failure) 338M->8M(1006M) 1.962ms
[219.502s][info][gc,cpu         ] GC(1398) User=0.00s Sys=0.00s Real=0.00s
[219.693s][info][gc,start       ] GC(1399) Pause Young (Allocation Failure)
[219.695s][info][gc,heap        ] GC(1399) PSYoungGen: 330272K(330752K)->1056K(322048K) Eden: 329216K(329216K)->0K(320512K) From: 1056K(1536K)->1056K(1536K)
[219.695s][info][gc,heap        ] GC(1399) ParOldGen: 7732K(699392K)->7788K(699392K)
[219.695s][info][gc,metaspace   ] GC(1399) Metaspace: 14314K(15296K)->14314K(15296K) NonClass: 12353K(12928K)->12353K(12928K) Class: 1960K(2368K)->1960K(2368K)
[219.695s][info][gc             ] GC(1399) Pause Young (Allocation Failure) 330M->8M(997M) 2.013ms
[219.695s][info][gc,cpu         ] GC(1399) User=0.00s Sys=0.00s Real=0.00s
[219.881s][info][gc,start       ] GC(1400) Pause Young (Allocation Failure)
[219.883s][info][gc,heap        ] GC(1400) PSYoungGen: 321568K(322048K)->512K(312320K) Eden: 320512K(320512K)->0K(311808K) From: 1056K(1536K)->512K(512K)
[219.883s][info][gc,heap        ] GC(1400) ParOldGen: 7788K(699392K)->7956K(699392K)
[219.883s][info][gc,metaspace   ] GC(1400) Metaspace: 14314K(15296K)->14314K(15296K) NonClass: 12353K(12928K)->12353K(12928K) Class: 1960K(2368K)->1960K(2368K)
[219.883s][info][gc             ] GC(1400) Pause Young (Allocation Failure) 321M->8M(988M) 1.987ms
[219.883s][info][gc,cpu         ] GC(1400) User=0.00s Sys=0.00s Real=0.00s
[220.066s][info][gc,start       ] GC(1401) Pause Young (Allocation Failure)
[220.068s][info][gc,heap        ] GC(1401) PSYoungGen: 312320K(312320K)->1056K(305152K) Eden: 311808K(311808K)->0K(303616K) From: 512K(512K)->1056K(1536K)
[220.068s][info][gc,heap        ] GC(1401) ParOldGen: 7956K(699392K)->7996K(699392K)
[220.068s][info][gc,metaspace   ] GC(1401) Metaspace: 14314K(15296K)->14314K(15296K) NonClass: 12353K(12928K)->12353K(12928K) Class: 1960K(2368K)->1960K(2368K)
[220.068s][info][gc             ] GC(1401) Pause Young (Allocation Failure) 312M->8M(981M) 2.093ms
[220.068s][info][gc,cpu         ] GC(1401) User=0.00s Sys=0.00s Real=0.00s
[220.244s][info][gc,start       ] GC(1402) Pause Young (Allocation Failure)
[220.246s][info][gc,heap        ] GC(1402) PSYoungGen: 304672K(305152K)->1024K(346624K) Eden: 303616K(303616K)->0K(345088K) From: 1056K(1536K)->1024K(1536K)
[220.246s][info][gc,heap        ] GC(1402) ParOldGen: 7996K(699392K)->8068K(699392K)
[220.246s][info][gc,metaspace   ] GC(1402) Metaspace: 14314K(15296K)->14314K(15296K) NonClass: 12353K(12928K)->12353K(12928K) Class: 1960K(2368K)->1960K(2368K)
[220.246s][info][gc             ] GC(1402) Pause Young (Allocation Failure) 305M->8M(1021M) 2.067ms
[220.246s][info][gc,cpu         ] GC(1402) User=0.00s Sys=0.00s Real=0.00s
[220.446s][info][gc,start       ] GC(1403) Pause Young (Allocation Failure)
[220.448s][info][gc,heap        ] GC(1403) PSYoungGen: 346112K(346624K)->1024K(346624K) Eden: 345088K(345088K)->0K(345088K) From: 1024K(1536K)->1024K(1536K)
[220.448s][info][gc,heap        ] GC(1403) ParOldGen: 8068K(699392K)->8140K(699392K)
[220.448s][info][gc,metaspace   ] GC(1403) Metaspace: 14314K(15296K)->14314K(15296K) NonClass: 12353K(12928K)->12353K(12928K) Class: 1960K(2368K)->1960K(2368K)
[220.448s][info][gc             ] GC(1403) Pause Young (Allocation Failure) 345M->8M(1021M) 2.185ms
[220.449s][info][gc,cpu         ] GC(1403) User=0.00s Sys=0.00s Real=0.00s
[220.649s][info][gc,start       ] GC(1404) Pause Young (Allocation Failure)
[220.651s][info][gc,heap        ] GC(1404) PSYoungGen: 346112K(346624K)->1024K(347648K) Eden: 345088K(345088K)->0K(346112K) From: 1024K(1536K)->1024K(1536K)
[220.651s][info][gc,heap        ] GC(1404) ParOldGen: 8140K(699392K)->8220K(699392K)
[220.651s][info][gc,metaspace   ] GC(1404) Metaspace: 14314K(15296K)->14314K(15296K) NonClass: 12353K(12928K)->12353K(12928K) Class: 1960K(2368K)->1960K(2368K)
[220.651s][info][gc             ] GC(1404) Pause Young (Allocation Failure) 345M->9M(1022M) 2.217ms
[220.651s][info][gc,cpu         ] GC(1404) User=0.00s Sys=0.00s Real=0.00s
[220.853s][info][gc,start       ] GC(1405) Pause Young (Allocation Failure)
[220.855s][info][gc,heap        ] GC(1405) PSYoungGen: 347136K(347648K)->992K(347648K) Eden: 346112K(346112K)->0K(346112K) From: 1024K(1536K)->992K(1536K)
[220.855s][info][gc,heap        ] GC(1405) ParOldGen: 8220K(699392K)->8316K(699392K)
[220.855s][info][gc,metaspace   ] GC(1405) Metaspace: 14314K(15296K)->14314K(15296K) NonClass: 12353K(12928K)->12353K(12928K) Class: 1960K(2368K)->1960K(2368K)
[220.855s][info][gc             ] GC(1405) Pause Young (Allocation Failure) 347M->9M(1022M) 2.233ms
[220.855s][info][gc,cpu         ] GC(1405) User=0.00s Sys=0.00s Real=0.00s
[221.056s][info][gc,start       ] GC(1406) Pause Young (Allocation Failure)
[221.058s][info][gc,heap        ] GC(1406) PSYoungGen: 347104K(347648K)->1024K(347648K) Eden: 346112K(346112K)->0K(346112K) From: 992K(1536K)->1024K(1536K)
[221.058s][info][gc,heap        ] GC(1406) ParOldGen: 8316K(699392K)->8412K(699392K)
[221.058s][info][gc,metaspace   ] GC(1406) Metaspace: 14314K(15296K)->14314K(15296K) NonClass: 12353K(12928K)->12353K(12928K) Class: 1960K(2368K)->1960K(2368K)
[221.058s][info][gc             ] GC(1406) Pause Young (Allocation Failure) 347M->9M(1022M) 2.297ms
[221.058s][info][gc,cpu         ] GC(1406) User=0.00s Sys=0.00s Real=0.00s
[221.258s][info][gc,start       ] GC(1407) Pause Young (Allocation Failure)
[221.261s][info][gc,heap        ] GC(1407) PSYoungGen: 347136K(347648K)->1024K(347648K) Eden: 346112K(346112K)->0K(346112K) From: 1024K(1536K)->1024K(1536K)
[221.261s][info][gc,heap        ] GC(1407) ParOldGen: 8412K(699392K)->8500K(699392K)
[221.261s][info][gc,metaspace   ] GC(1407) Metaspace: 14314K(15296K)->14314K(15296K) NonClass: 12353K(12928K)->12353K(12928K) Class: 1960K(2368K)->1960K(2368K)
[221.261s][info][gc             ] GC(1407) Pause Young (Allocation Failure) 347M->9M(1022M) 2.320ms
[221.261s][info][gc,cpu         ] GC(1407) User=0.00s Sys=0.00s Real=0.00s
[221.461s][info][gc,start       ] GC(1408) Pause Young (Allocation Failure)
[221.463s][info][gc,heap        ] GC(1408) PSYoungGen: 347136K(347648K)->1024K(347648K) Eden: 346112K(346112K)->0K(346112K) From: 1024K(1536K)->1024K(1536K)
[221.463s][info][gc,heap        ] GC(1408) ParOldGen: 8500K(699392K)->8588K(699392K)
[221.463s][info][gc,metaspace   ] GC(1408) Metaspace: 14314K(15296K)->14314K(15296K) NonClass: 12353K(12928K)->12353K(12928K) Class: 1960K(2368K)->1960K(2368K)
[221.463s][info][gc             ] GC(1408) Pause Young (Allocation Failure) 347M->9M(1022M) 2.342ms
[221.463s][info][gc,cpu         ] GC(1408) User=0.00s Sys=0.00s Real=0.00s
[221.742s][info][gc,start       ] GC(1409) Pause Young (Allocation Failure)
[221.745s][info][gc,heap        ] GC(1409) PSYoungGen: 347136K(347648K)->1024K(347648K) Eden: 346112K(346112K)->0K(346112K) From: 1024K(1536K)->1024K(1536K)
[221.745s][info][gc,heap        ] GC(1409) ParOldGen: 8588K(699392K)->8652K(699392K)
[221.745s][info][gc,metaspace   ] GC(1409) Metaspace: 14314K(15296K)->14314K(15296K) NonClass: 12353K(12928K)->12353K(12928K) Class: 1960K(2368K)->1960K(2368K)
[221.745s][info][gc             ] GC(1409) Pause Young (Allocation Failure) 347M->9M(1022M) 3.001ms
[221.745s][info][gc,cpu         ] GC(1409) User=0.00s Sys=0.00s Real=0.00s
[221.953s][info][gc,start       ] GC(1410) Pause Young (Allocation Failure)
[221.955s][info][gc,heap        ] GC(1410) PSYoungGen: 347136K(347648K)->1024K(347648K) Eden: 346112K(346112K)->0K(346112K) From: 1024K(1536K)->1024K(1536K)
[221.955s][info][gc,heap        ] GC(1410) ParOldGen: 8652K(699392K)->8732K(699392K)
[221.955s][info][gc,metaspace   ] GC(1410) Metaspace: 14314K(15296K)->14314K(15296K) NonClass: 12353K(12928K)->12353K(12928K) Class: 1960K(2368K)->1960K(2368K)
[221.955s][info][gc             ] GC(1410) Pause Young (Allocation Failure) 347M->9M(1022M) 2.135ms
[221.955s][info][gc,cpu         ] GC(1410) User=0.00s Sys=0.00s Real=0.00s
[222.156s][info][gc,start       ] GC(1411) Pause Young (Allocation Failure)
[222.158s][info][gc,heap        ] GC(1411) PSYoungGen: 347136K(347648K)->1088K(337920K) Eden: 346112K(346112K)->0K(336384K) From: 1024K(1536K)->1088K(1536K)
[222.158s][info][gc,heap        ] GC(1411) ParOldGen: 8732K(699392K)->8820K(699392K)
[222.158s][info][gc,metaspace   ] GC(1411) Metaspace: 14314K(15296K)->14314K(15296K) NonClass: 12353K(12928K)->12353K(12928K) Class: 1960K(2368K)->1960K(2368K)
[222.158s][info][gc             ] GC(1411) Pause Young (Allocation Failure) 347M->9M(1013M) 2.045ms
[222.158s][info][gc,cpu         ] GC(1411) User=0.00s Sys=0.00s Real=0.00s
[222.356s][info][gc,start       ] GC(1412) Pause Young (Allocation Failure)
[222.358s][info][gc,heap        ] GC(1412) PSYoungGen: 337472K(337920K)->512K(327680K) Eden: 336384K(336384K)->0K(327168K) From: 1088K(1536K)->512K(512K)
[222.358s][info][gc,heap        ] GC(1412) ParOldGen: 8820K(699392K)->9012K(699392K)
[222.358s][info][gc,metaspace   ] GC(1412) Metaspace: 14314K(15296K)->14314K(15296K) NonClass: 12353K(12928K)->12353K(12928K) Class: 1960K(2368K)->1960K(2368K)
[222.358s][info][gc             ] GC(1412) Pause Young (Allocation Failure) 338M->9M(1003M) 1.814ms
[222.358s][info][gc,cpu         ] GC(1412) User=0.00s Sys=0.00s Real=0.00s
[222.546s][info][gc,start       ] GC(1413) Pause Young (Allocation Failure)
[222.548s][info][gc,heap        ] GC(1413) PSYoungGen: 327680K(327680K)->1024K(320000K) Eden: 327168K(327168K)->0K(318464K) From: 512K(512K)->1024K(1536K)
[222.548s][info][gc,heap        ] GC(1413) ParOldGen: 9012K(699392K)->9036K(699392K)
[222.548s][info][gc,metaspace   ] GC(1413) Metaspace: 14314K(15296K)->14314K(15296K) NonClass: 12353K(12928K)->12353K(12928K) Class: 1960K(2368K)->1960K(2368K)
[222.548s][info][gc             ] GC(1413) Pause Young (Allocation Failure) 328M->9M(995M) 1.829ms
[222.548s][info][gc,cpu         ] GC(1413) User=0.00s Sys=0.00s Real=0.00s
[222.733s][info][gc,start       ] GC(1414) Pause Young (Allocation Failure)
[222.735s][info][gc,heap        ] GC(1414) PSYoungGen: 319488K(320000K)->1024K(310784K) Eden: 318464K(318464K)->0K(309760K) From: 1024K(1536K)->1024K(1024K)
[222.735s][info][gc,heap        ] GC(1414) ParOldGen: 9036K(699392K)->9140K(699392K)
[222.735s][info][gc,metaspace   ] GC(1414) Metaspace: 14314K(15296K)->14314K(15296K) NonClass: 12353K(12928K)->12353K(12928K) Class: 1960K(2368K)->1960K(2368K)
[222.735s][info][gc             ] GC(1414) Pause Young (Allocation Failure) 320M->9M(986M) 1.862ms
[222.735s][info][gc,cpu         ] GC(1414) User=0.52s Sys=0.00s Real=0.00s
[222.915s][info][gc,start       ] GC(1415) Pause Young (Allocation Failure)
[222.917s][info][gc,heap        ] GC(1415) PSYoungGen: 310784K(310784K)->1024K(302592K) Eden: 309760K(309760K)->0K(301568K) From: 1024K(1024K)->1024K(1024K)
[222.917s][info][gc,heap        ] GC(1415) ParOldGen: 9140K(699392K)->9220K(699392K)
[222.917s][info][gc,metaspace   ] GC(1415) Metaspace: 14314K(15296K)->14314K(15296K) NonClass: 12353K(12928K)->12353K(12928K) Class: 1960K(2368K)->1960K(2368K)
[222.917s][info][gc             ] GC(1415) Pause Young (Allocation Failure) 312M->10M(978M) 1.914ms
[222.917s][info][gc,cpu         ] GC(1415) User=0.00s Sys=0.00s Real=0.00s
[223.092s][info][gc,start       ] GC(1416) Pause Young (Allocation Failure)
[223.094s][info][gc,heap        ] GC(1416) PSYoungGen: 302592K(302592K)->1024K(294912K) Eden: 301568K(301568K)->0K(293888K) From: 1024K(1024K)->1024K(1024K)
[223.094s][info][gc,heap        ] GC(1416) ParOldGen: 9220K(699392K)->9300K(699392K)
[223.094s][info][gc,metaspace   ] GC(1416) Metaspace: 14314K(15296K)->14314K(15296K) NonClass: 12353K(12928K)->12353K(12928K) Class: 1960K(2368K)->1960K(2368K)
[223.094s][info][gc             ] GC(1416) Pause Young (Allocation Failure) 304M->10M(971M) 1.911ms
[223.094s][info][gc,cpu         ] GC(1416) User=0.52s Sys=0.00s Real=0.00s
[223.263s][info][gc,start       ] GC(1417) Pause Young (Allocation Failure)
[223.265s][info][gc,heap        ] GC(1417) PSYoungGen: 294912K(294912K)->1024K(287232K) Eden: 293888K(293888K)->0K(286208K) From: 1024K(1024K)->1024K(1024K)
[223.265s][info][gc,heap        ] GC(1417) ParOldGen: 9300K(699392K)->9388K(699392K)
[223.265s][info][gc,metaspace   ] GC(1417) Metaspace: 14314K(15296K)->14314K(15296K) NonClass: 12353K(12928K)->12353K(12928K) Class: 1960K(2368K)->1960K(2368K)
[223.265s][info][gc             ] GC(1417) Pause Young (Allocation Failure) 297M->10M(963M) 1.942ms
[223.265s][info][gc,cpu         ] GC(1417) User=0.00s Sys=0.00s Real=0.00s
[223.429s][info][gc,start       ] GC(1418) Pause Young (Allocation Failure)
[223.431s][info][gc,heap        ] GC(1418) PSYoungGen: 287232K(287232K)->992K(344576K) Eden: 286208K(286208K)->0K(343040K) From: 1024K(1024K)->992K(1536K)
[223.431s][info][gc,heap        ] GC(1418) ParOldGen: 9388K(699392K)->9476K(699392K)
[223.431s][info][gc,metaspace   ] GC(1418) Metaspace: 14314K(15296K)->14314K(15296K) NonClass: 12353K(12928K)->12353K(12928K) Class: 1960K(2368K)->1960K(2368K)
[223.431s][info][gc             ] GC(1418) Pause Young (Allocation Failure) 289M->10M(1019M) 1.935ms
[223.431s][info][gc,cpu         ] GC(1418) User=0.00s Sys=0.00s Real=0.00s
[223.629s][info][gc,start       ] GC(1419) Pause Young (Allocation Failure)
[223.631s][info][gc,heap        ] GC(1419) PSYoungGen: 344032K(344576K)->1024K(334848K) Eden: 343040K(343040K)->0K(333824K) From: 992K(1536K)->1024K(1024K)
[223.631s][info][gc,heap        ] GC(1419) ParOldGen: 9476K(699392K)->9532K(699392K)
[223.631s][info][gc,metaspace   ] GC(1419) Metaspace: 14314K(15296K)->14314K(15296K) NonClass: 12353K(12928K)->12353K(12928K) Class: 1960K(2368K)->1960K(2368K)
[223.631s][info][gc             ] GC(1419) Pause Young (Allocation Failure) 345M->10M(1010M) 2.139ms
[223.631s][info][gc,cpu         ] GC(1419) User=0.00s Sys=0.00s Real=0.00s
[223.824s][info][gc,start       ] GC(1420) Pause Young (Allocation Failure)
[223.826s][info][gc,heap        ] GC(1420) PSYoungGen: 334848K(334848K)->1024K(325632K) Eden: 333824K(333824K)->0K(324608K) From: 1024K(1024K)->1024K(1024K)
[223.826s][info][gc,heap        ] GC(1420) ParOldGen: 9532K(699392K)->9620K(699392K)
[223.826s][info][gc,metaspace   ] GC(1420) Metaspace: 14314K(15296K)->14314K(15296K) NonClass: 12353K(12928K)->12353K(12928K) Class: 1960K(2368K)->1960K(2368K)
[223.826s][info][gc             ] GC(1420) Pause Young (Allocation Failure) 336M->10M(1001M) 2.027ms
[223.826s][info][gc,cpu         ] GC(1420) User=0.00s Sys=0.00s Real=0.00s
[224.015s][info][gc,start       ] GC(1421) Pause Young (Allocation Failure)
[224.018s][info][gc,heap        ] GC(1421) PSYoungGen: 325632K(325632K)->992K(316928K) Eden: 324608K(324608K)->0K(315904K) From: 1024K(1024K)->992K(1024K)
[224.018s][info][gc,heap        ] GC(1421) ParOldGen: 9620K(699392K)->9708K(699392K)
[224.018s][info][gc,metaspace   ] GC(1421) Metaspace: 14314K(15296K)->14314K(15296K) NonClass: 12353K(12928K)->12353K(12928K) Class: 1960K(2368K)->1960K(2368K)
[224.018s][info][gc             ] GC(1421) Pause Young (Allocation Failure) 327M->10M(992M) 2.143ms
[224.018s][info][gc,cpu         ] GC(1421) User=0.00s Sys=0.00s Real=0.00s
[224.200s][info][gc,start       ] GC(1422) Pause Young (Allocation Failure)
[224.202s][info][gc,heap        ] GC(1422) PSYoungGen: 316896K(316928K)->1024K(343040K) Eden: 315904K(315904K)->0K(341504K) From: 992K(1024K)->1024K(1536K)
[224.202s][info][gc,heap        ] GC(1422) ParOldGen: 9708K(699392K)->9804K(699392K)
[224.202s][info][gc,metaspace   ] GC(1422) Metaspace: 14314K(15296K)->14314K(15296K) NonClass: 12353K(12928K)->12353K(12928K) Class: 1960K(2368K)->1960K(2368K)
[224.202s][info][gc             ] GC(1422) Pause Young (Allocation Failure) 318M->10M(1018M) 2.104ms
[224.202s][info][gc,cpu         ] GC(1422) User=0.00s Sys=0.00s Real=0.00s
[224.399s][info][gc,start       ] GC(1423) Pause Young (Allocation Failure)
[224.401s][info][gc,heap        ] GC(1423) PSYoungGen: 342528K(343040K)->1024K(343040K) Eden: 341504K(341504K)->0K(341504K) From: 1024K(1536K)->1024K(1536K)
[224.401s][info][gc,heap        ] GC(1423) ParOldGen: 9804K(699392K)->9876K(699392K)
[224.401s][info][gc,metaspace   ] GC(1423) Metaspace: 14314K(15296K)->14314K(15296K) NonClass: 12353K(12928K)->12353K(12928K) Class: 1960K(2368K)->1960K(2368K)
[224.401s][info][gc             ] GC(1423) Pause Young (Allocation Failure) 344M->10M(1018M) 2.159ms
[224.401s][info][gc,cpu         ] GC(1423) User=0.00s Sys=0.00s Real=0.00s
[224.598s][info][gc,start       ] GC(1424) Pause Young (Allocation Failure)
[224.600s][info][gc,heap        ] GC(1424) PSYoungGen: 342528K(343040K)->1056K(347648K) Eden: 341504K(341504K)->0K(346112K) From: 1024K(1536K)->1056K(1536K)
[224.600s][info][gc,heap        ] GC(1424) ParOldGen: 9876K(699392K)->9924K(699392K)
[224.600s][info][gc,metaspace   ] GC(1424) Metaspace: 14314K(15296K)->14314K(15296K) NonClass: 12353K(12928K)->12353K(12928K) Class: 1960K(2368K)->1960K(2368K)
[224.600s][info][gc             ] GC(1424) Pause Young (Allocation Failure) 344M->10M(1022M) 2.191ms
[224.600s][info][gc,cpu         ] GC(1424) User=0.00s Sys=0.00s Real=0.00s
[224.800s][info][gc,start       ] GC(1425) Pause Young (Allocation Failure)
[224.802s][info][gc,heap        ] GC(1425) PSYoungGen: 347168K(347648K)->1056K(347648K) Eden: 346112K(346112K)->0K(346112K) From: 1056K(1536K)->1056K(1536K)
[224.802s][info][gc,heap        ] GC(1425) ParOldGen: 9924K(699392K)->9980K(699392K)
[224.802s][info][gc,metaspace   ] GC(1425) Metaspace: 14314K(15296K)->14314K(15296K) NonClass: 12353K(12928K)->12353K(12928K) Class: 1960K(2368K)->1960K(2368K)
[224.802s][info][gc             ] GC(1425) Pause Young (Allocation Failure) 348M->10M(1022M) 2.234ms
[224.802s][info][gc,cpu         ] GC(1425) User=0.00s Sys=0.00s Real=0.00s
[225.003s][info][gc,start       ] GC(1426) Pause Young (Allocation Failure)
[225.005s][info][gc,heap        ] GC(1426) PSYoungGen: 347168K(347648K)->1024K(347648K) Eden: 346112K(346112K)->0K(346112K) From: 1056K(1536K)->1024K(1536K)
[225.005s][info][gc,heap        ] GC(1426) ParOldGen: 9980K(699392K)->10068K(699392K)
[225.005s][info][gc,metaspace   ] GC(1426) Metaspace: 14314K(15296K)->14314K(15296K) NonClass: 12353K(12928K)->12353K(12928K) Class: 1960K(2368K)->1960K(2368K)
[225.005s][info][gc             ] GC(1426) Pause Young (Allocation Failure) 348M->10M(1022M) 2.255ms
[225.005s][info][gc,cpu         ] GC(1426) User=0.00s Sys=0.00s Real=0.00s
[225.207s][info][gc,start       ] GC(1427) Pause Young (Allocation Failure)
[225.209s][info][gc,heap        ] GC(1427) PSYoungGen: 347136K(347648K)->1024K(347648K) Eden: 346112K(346112K)->0K(346112K) From: 1024K(1536K)->1024K(1536K)
[225.209s][info][gc,heap        ] GC(1427) ParOldGen: 10068K(699392K)->10172K(699392K)
[225.209s][info][gc,metaspace   ] GC(1427) Metaspace: 14314K(15296K)->14314K(15296K) NonClass: 12353K(12928K)->12353K(12928K) Class: 1960K(2368K)->1960K(2368K)
[225.209s][info][gc             ] GC(1427) Pause Young (Allocation Failure) 348M->10M(1022M) 2.288ms
[225.209s][info][gc,cpu         ] GC(1427) User=0.00s Sys=0.00s Real=0.00s
[225.411s][info][gc,start       ] GC(1428) Pause Young (Allocation Failure)
[225.413s][info][gc,heap        ] GC(1428) PSYoungGen: 347136K(347648K)->1024K(347648K) Eden: 346112K(346112K)->0K(346112K) From: 1024K(1536K)->1024K(1536K)
[225.413s][info][gc,heap        ] GC(1428) ParOldGen: 10172K(699392K)->10244K(699392K)
[225.413s][info][gc,metaspace   ] GC(1428) Metaspace: 14314K(15296K)->14314K(15296K) NonClass: 12353K(12928K)->12353K(12928K) Class: 1960K(2368K)->1960K(2368K)
[225.413s][info][gc             ] GC(1428) Pause Young (Allocation Failure) 348M->11M(1022M) 2.324ms
[225.413s][info][gc,cpu         ] GC(1428) User=0.00s Sys=0.00s Real=0.00s
[225.684s][info][gc,start       ] GC(1429) Pause Young (Allocation Failure)
[225.687s][info][gc,heap        ] GC(1429) PSYoungGen: 347136K(347648K)->992K(347648K) Eden: 346112K(346112K)->0K(346112K) From: 1024K(1536K)->992K(1536K)
[225.687s][info][gc,heap        ] GC(1429) ParOldGen: 10244K(699392K)->10308K(699392K)
[225.687s][info][gc,metaspace   ] GC(1429) Metaspace: 14314K(15296K)->14314K(15296K) NonClass: 12353K(12928K)->12353K(12928K) Class: 1960K(2368K)->1960K(2368K)
[225.687s][info][gc             ] GC(1429) Pause Young (Allocation Failure) 349M->11M(1022M) 3.112ms
[225.687s][info][gc,cpu         ] GC(1429) User=0.00s Sys=0.00s Real=0.00s
[225.896s][info][gc,start       ] GC(1430) Pause Young (Allocation Failure)
[225.898s][info][gc,heap        ] GC(1430) PSYoungGen: 347104K(347648K)->1024K(347648K) Eden: 346112K(346112K)->0K(346112K) From: 992K(1536K)->1024K(1536K)
[225.898s][info][gc,heap        ] GC(1430) ParOldGen: 10308K(699392K)->10420K(699392K)
[225.898s][info][gc,metaspace   ] GC(1430) Metaspace: 14314K(15296K)->14314K(15296K) NonClass: 12353K(12928K)->12353K(12928K) Class: 1960K(2368K)->1960K(2368K)
[225.898s][info][gc             ] GC(1430) Pause Young (Allocation Failure) 349M->11M(1022M) 2.151ms
[225.898s][info][gc,cpu         ] GC(1430) User=0.00s Sys=0.00s Real=0.00s
[226.102s][info][gc,start       ] GC(1431) Pause Young (Allocation Failure)
[226.104s][info][gc,heap        ] GC(1431) PSYoungGen: 347136K(347648K)->1024K(347648K) Eden: 346112K(346112K)->0K(346112K) From: 1024K(1536K)->1024K(1536K)
[226.104s][info][gc,heap        ] GC(1431) ParOldGen: 10420K(699392K)->10484K(699392K)
[226.104s][info][gc,metaspace   ] GC(1431) Metaspace: 14314K(15296K)->14314K(15296K) NonClass: 12353K(12928K)->12353K(12928K) Class: 1960K(2368K)->1960K(2368K)
[226.104s][info][gc             ] GC(1431) Pause Young (Allocation Failure) 349M->11M(1022M) 2.067ms
[226.104s][info][gc,cpu         ] GC(1431) User=0.00s Sys=0.00s Real=0.00s
[226.308s][info][gc,start       ] GC(1432) Pause Young (Allocation Failure)
[226.310s][info][gc,heap        ] GC(1432) PSYoungGen: 347136K(347648K)->1024K(337408K) Eden: 346112K(346112K)->0K(336384K) From: 1024K(1536K)->1024K(1024K)
[226.310s][info][gc,heap        ] GC(1432) ParOldGen: 10484K(699392K)->10580K(699392K)
[226.310s][info][gc,metaspace   ] GC(1432) Metaspace: 14314K(15296K)->14314K(15296K) NonClass: 12353K(12928K)->12353K(12928K) Class: 1960K(2368K)->1960K(2368K)
[226.310s][info][gc             ] GC(1432) Pause Young (Allocation Failure) 349M->11M(1012M) 2.125ms
[226.310s][info][gc,cpu         ] GC(1432) User=0.00s Sys=0.00s Real=0.00s
[226.509s][info][gc,start       ] GC(1433) Pause Young (Allocation Failure)
[226.511s][info][gc,heap        ] GC(1433) PSYoungGen: 337408K(337408K)->1024K(328192K) Eden: 336384K(336384K)->0K(327168K) From: 1024K(1024K)->1024K(1024K)
[226.511s][info][gc,heap        ] GC(1433) ParOldGen: 10580K(699392K)->10668K(699392K)
[226.511s][info][gc,metaspace   ] GC(1433) Metaspace: 14314K(15296K)->14314K(15296K) NonClass: 12353K(12928K)->12353K(12928K) Class: 1960K(2368K)->1960K(2368K)
[226.511s][info][gc             ] GC(1433) Pause Young (Allocation Failure) 339M->11M(1003M) 1.916ms
[226.511s][info][gc,cpu         ] GC(1433) User=0.00s Sys=0.00s Real=0.00s
[226.704s][info][gc,start       ] GC(1434) Pause Young (Allocation Failure)
[226.724s][info][gc,heap        ] GC(1434) PSYoungGen: 328192K(328192K)->1024K(319488K) Eden: 327168K(327168K)->0K(318464K) From: 1024K(1024K)->1024K(1024K)
[226.724s][info][gc,heap        ] GC(1434) ParOldGen: 10668K(699392K)->10740K(699392K)
[226.724s][info][gc,metaspace   ] GC(1434) Metaspace: 14314K(15296K)->14314K(15296K) NonClass: 12353K(12928K)->12353K(12928K) Class: 1960K(2368K)->1960K(2368K)
[226.724s][info][gc             ] GC(1434) Pause Young (Allocation Failure) 330M->11M(995M) 20.180ms
[226.724s][info][gc,cpu         ] GC(1434) User=0.00s Sys=0.00s Real=0.01s
[226.915s][info][gc,start       ] GC(1435) Pause Young (Allocation Failure)
[226.917s][info][gc,heap        ] GC(1435) PSYoungGen: 319488K(319488K)->1024K(310784K) Eden: 318464K(318464K)->0K(309760K) From: 1024K(1024K)->1024K(1024K)
[226.917s][info][gc,heap        ] GC(1435) ParOldGen: 10740K(699392K)->10820K(699392K)
[226.917s][info][gc,metaspace   ] GC(1435) Metaspace: 14314K(15296K)->14314K(15296K) NonClass: 12353K(12928K)->12353K(12928K) Class: 1960K(2368K)->1960K(2368K)
[226.917s][info][gc             ] GC(1435) Pause Young (Allocation Failure) 322M->11M(986M) 1.949ms
[226.917s][info][gc,cpu         ] GC(1435) User=0.00s Sys=0.00s Real=0.00s
[227.099s][info][gc,start       ] GC(1436) Pause Young (Allocation Failure)
[227.100s][info][gc,heap        ] GC(1436) PSYoungGen: 310784K(310784K)->1024K(302592K) Eden: 309760K(309760K)->0K(301568K) From: 1024K(1024K)->1024K(1024K)
[227.100s][info][gc,heap        ] GC(1436) ParOldGen: 10820K(699392K)->10884K(699392K)
[227.100s][info][gc,metaspace   ] GC(1436) Metaspace: 14314K(15296K)->14314K(15296K) NonClass: 12353K(12928K)->12353K(12928K) Class: 1960K(2368K)->1960K(2368K)
[227.100s][info][gc             ] GC(1436) Pause Young (Allocation Failure) 314M->11M(978M) 1.957ms
[227.101s][info][gc,cpu         ] GC(1436) User=0.00s Sys=0.00s Real=0.00s
[227.279s][info][gc,start       ] GC(1437) Pause Young (Allocation Failure)
[227.281s][info][gc,heap        ] GC(1437) PSYoungGen: 302592K(302592K)->1024K(294912K) Eden: 301568K(301568K)->0K(293888K) From: 1024K(1024K)->1024K(1024K)
[227.281s][info][gc,heap        ] GC(1437) ParOldGen: 10884K(699392K)->10980K(699392K)
[227.281s][info][gc,metaspace   ] GC(1437) Metaspace: 14314K(15296K)->14314K(15296K) NonClass: 12353K(12928K)->12353K(12928K) Class: 1960K(2368K)->1960K(2368K)
[227.281s][info][gc             ] GC(1437) Pause Young (Allocation Failure) 306M->11M(971M) 2.002ms
[227.281s][info][gc,cpu         ] GC(1437) User=0.02s Sys=0.00s Real=0.00s
[227.454s][info][gc,start       ] GC(1438) Pause Young (Allocation Failure)
[227.456s][info][gc,heap        ] GC(1438) PSYoungGen: 294912K(294912K)->1024K(287232K) Eden: 293888K(293888K)->0K(286208K) From: 1024K(1024K)->1024K(1024K)
[227.456s][info][gc,heap        ] GC(1438) ParOldGen: 10980K(699392K)->11040K(699392K)
[227.456s][info][gc,metaspace   ] GC(1438) Metaspace: 14314K(15296K)->14314K(15296K) NonClass: 12353K(12928K)->12353K(12928K) Class: 1960K(2368K)->1960K(2368K)
[227.456s][info][gc             ] GC(1438) Pause Young (Allocation Failure) 298M->11M(963M) 2.054ms
[227.456s][info][gc,cpu         ] GC(1438) User=0.00s Sys=0.00s Real=0.00s
[227.624s][info][gc,start       ] GC(1439) Pause Young (Allocation Failure)
[227.626s][info][gc,heap        ] GC(1439) PSYoungGen: 287232K(287232K)->1024K(344064K) Eden: 286208K(286208K)->0K(342528K) From: 1024K(1024K)->1024K(1536K)
[227.626s][info][gc,heap        ] GC(1439) ParOldGen: 11040K(699392K)->11088K(699392K)
[227.626s][info][gc,metaspace   ] GC(1439) Metaspace: 14314K(15296K)->14314K(15296K) NonClass: 12353K(12928K)->12353K(12928K) Class: 1960K(2368K)->1960K(2368K)
[227.626s][info][gc             ] GC(1439) Pause Young (Allocation Failure) 291M->11M(1019M) 2.022ms
[227.626s][info][gc,cpu         ] GC(1439) User=0.52s Sys=0.00s Real=0.00s
[227.829s][info][gc,start       ] GC(1440) Pause Young (Allocation Failure)
[227.831s][info][gc,heap        ] GC(1440) PSYoungGen: 343552K(344064K)->1024K(345088K) Eden: 342528K(342528K)->0K(343552K) From: 1024K(1536K)->1024K(1536K)
[227.831s][info][gc,heap        ] GC(1440) ParOldGen: 11088K(699392K)->11144K(699392K)
[227.831s][info][gc,metaspace   ] GC(1440) Metaspace: 14314K(15296K)->14314K(15296K) NonClass: 12353K(12928K)->12353K(12928K) Class: 1960K(2368K)->1960K(2368K)
[227.831s][info][gc             ] GC(1440) Pause Young (Allocation Failure) 346M->11M(1020M) 2.111ms
[227.831s][info][gc,cpu         ] GC(1440) User=0.00s Sys=0.00s Real=0.00s
[228.035s][info][gc,start       ] GC(1441) Pause Young (Allocation Failure)
[228.037s][info][gc,heap        ] GC(1441) PSYoungGen: 344576K(345088K)->1024K(334848K) Eden: 343552K(343552K)->0K(333824K) From: 1024K(1536K)->1024K(1024K)
[228.037s][info][gc,heap        ] GC(1441) ParOldGen: 11144K(699392K)->11240K(699392K)
[228.037s][info][gc,metaspace   ] GC(1441) Metaspace: 14314K(15296K)->14314K(15296K) NonClass: 12353K(12928K)->12353K(12928K) Class: 1960K(2368K)->1960K(2368K)
[228.037s][info][gc             ] GC(1441) Pause Young (Allocation Failure) 347M->11M(1010M) 2.160ms
[228.037s][info][gc,cpu         ] GC(1441) User=0.00s Sys=0.00s Real=0.00s
[228.232s][info][gc,start       ] GC(1442) Pause Young (Allocation Failure)
[228.234s][info][gc,heap        ] GC(1442) PSYoungGen: 334848K(334848K)->1024K(325632K) Eden: 333824K(333824K)->0K(324608K) From: 1024K(1024K)->1024K(1024K)
[228.234s][info][gc,heap        ] GC(1442) ParOldGen: 11240K(699392K)->11344K(699392K)
[228.234s][info][gc,metaspace   ] GC(1442) Metaspace: 14314K(15296K)->14314K(15296K) NonClass: 12353K(12928K)->12353K(12928K) Class: 1960K(2368K)->1960K(2368K)
[228.234s][info][gc             ] GC(1442) Pause Young (Allocation Failure) 337M->12M(1001M) 2.154ms
[228.234s][info][gc,cpu         ] GC(1442) User=0.52s Sys=0.00s Real=0.00s
[228.426s][info][gc,start       ] GC(1443) Pause Young (Allocation Failure)
[228.428s][info][gc,heap        ] GC(1443) PSYoungGen: 325632K(325632K)->1024K(344064K) Eden: 324608K(324608K)->0K(342528K) From: 1024K(1024K)->1024K(1536K)
[228.428s][info][gc,heap        ] GC(1443) ParOldGen: 11344K(699392K)->11432K(699392K)
[228.428s][info][gc,metaspace   ] GC(1443) Metaspace: 14314K(15296K)->14314K(15296K) NonClass: 12353K(12928K)->12353K(12928K) Class: 1960K(2368K)->1960K(2368K)
[228.428s][info][gc             ] GC(1443) Pause Young (Allocation Failure) 329M->12M(1019M) 2.201ms
[228.428s][info][gc,cpu         ] GC(1443) User=0.00s Sys=0.00s Real=0.00s
[228.630s][info][gc,start       ] GC(1444) Pause Young (Allocation Failure)
[228.632s][info][gc,heap        ] GC(1444) PSYoungGen: 343552K(344064K)->1056K(347648K) Eden: 342528K(342528K)->0K(346112K) From: 1024K(1536K)->1056K(1536K)
[228.632s][info][gc,heap        ] GC(1444) ParOldGen: 11432K(699392K)->11496K(699392K)
[228.632s][info][gc,metaspace   ] GC(1444) Metaspace: 14314K(15296K)->14314K(15296K) NonClass: 12353K(12928K)->12353K(12928K) Class: 1960K(2368K)->1960K(2368K)
[228.632s][info][gc             ] GC(1444) Pause Young (Allocation Failure) 346M->12M(1022M) 2.209ms
[228.632s][info][gc,cpu         ] GC(1444) User=0.00s Sys=0.00s Real=0.00s
[228.837s][info][gc,start       ] GC(1445) Pause Young (Allocation Failure)
[228.839s][info][gc,heap        ] GC(1445) PSYoungGen: 347168K(347648K)->1024K(347648K) Eden: 346112K(346112K)->0K(346112K) From: 1056K(1536K)->1024K(1536K)
[228.839s][info][gc,heap        ] GC(1445) ParOldGen: 11496K(699392K)->11560K(699392K)
[228.840s][info][gc,metaspace   ] GC(1445) Metaspace: 14314K(15296K)->14314K(15296K) NonClass: 12353K(12928K)->12353K(12928K) Class: 1960K(2368K)->1960K(2368K)
[228.840s][info][gc             ] GC(1445) Pause Young (Allocation Failure) 350M->12M(1022M) 2.242ms
[228.840s][info][gc,cpu         ] GC(1445) User=0.00s Sys=0.00s Real=0.00s
[229.043s][info][gc,start       ] GC(1446) Pause Young (Allocation Failure)
[229.046s][info][gc,heap        ] GC(1446) PSYoungGen: 347136K(347648K)->1024K(347648K) Eden: 346112K(346112K)->0K(346112K) From: 1024K(1536K)->1024K(1536K)
[229.046s][info][gc,heap        ] GC(1446) ParOldGen: 11560K(699392K)->11656K(699392K)
[229.046s][info][gc,metaspace   ] GC(1446) Metaspace: 14314K(15296K)->14314K(15296K) NonClass: 12353K(12928K)->12353K(12928K) Class: 1960K(2368K)->1960K(2368K)
[229.046s][info][gc             ] GC(1446) Pause Young (Allocation Failure) 350M->12M(1022M) 2.282ms
[229.046s][info][gc,cpu         ] GC(1446) User=0.00s Sys=0.00s Real=0.00s
[229.251s][info][gc,start       ] GC(1447) Pause Young (Allocation Failure)
[229.253s][info][gc,heap        ] GC(1447) PSYoungGen: 347136K(347648K)->1024K(347648K) Eden: 346112K(346112K)->0K(346112K) From: 1024K(1536K)->1024K(1536K)
[229.253s][info][gc,heap        ] GC(1447) ParOldGen: 11656K(699392K)->11744K(699392K)
[229.253s][info][gc,metaspace   ] GC(1447) Metaspace: 14314K(15296K)->14314K(15296K) NonClass: 12353K(12928K)->12353K(12928K) Class: 1960K(2368K)->1960K(2368K)
[229.253s][info][gc             ] GC(1447) Pause Young (Allocation Failure) 350M->12M(1022M) 2.281ms
[229.253s][info][gc,cpu         ] GC(1447) User=0.00s Sys=0.00s Real=0.00s
[229.594s][info][gc,start       ] GC(1448) Pause Young (Allocation Failure)
[229.597s][info][gc,heap        ] GC(1448) PSYoungGen: 347136K(347648K)->992K(337408K) Eden: 346112K(346112K)->0K(336384K) From: 1024K(1536K)->992K(1024K)
[229.597s][info][gc,heap        ] GC(1448) ParOldGen: 11744K(699392K)->11832K(699392K)
[229.597s][info][gc,metaspace   ] GC(1448) Metaspace: 14314K(15296K)->14314K(15296K) NonClass: 12353K(12928K)->12353K(12928K) Class: 1960K(2368K)->1960K(2368K)
[229.598s][info][gc             ] GC(1448) Pause Young (Allocation Failure) 350M->12M(1012M) 3.095ms
[229.598s][info][gc,cpu         ] GC(1448) User=0.00s Sys=0.00s Real=0.00s
[229.804s][info][gc,start       ] GC(1449) Pause Young (Allocation Failure)
[229.806s][info][gc,heap        ] GC(1449) PSYoungGen: 337376K(337408K)->992K(328192K) Eden: 336384K(336384K)->0K(327168K) From: 992K(1024K)->992K(1024K)
[229.806s][info][gc,heap        ] GC(1449) ParOldGen: 11832K(699392K)->11904K(699392K)
[229.806s][info][gc,metaspace   ] GC(1449) Metaspace: 14314K(15296K)->14314K(15296K) NonClass: 12353K(12928K)->12353K(12928K) Class: 1960K(2368K)->1960K(2368K)
[229.806s][info][gc             ] GC(1449) Pause Young (Allocation Failure) 341M->12M(1003M) 2.159ms
[229.806s][info][gc,cpu         ] GC(1449) User=0.00s Sys=0.00s Real=0.00s
[230.001s][info][gc,start       ] GC(1450) Pause Young (Allocation Failure)
[230.003s][info][gc,heap        ] GC(1450) PSYoungGen: 328160K(328192K)->1024K(319488K) Eden: 327168K(327168K)->0K(318464K) From: 992K(1024K)->1024K(1024K)
[230.003s][info][gc,heap        ] GC(1450) ParOldGen: 11904K(699392K)->11984K(699392K)
[230.003s][info][gc,metaspace   ] GC(1450) Metaspace: 14314K(15296K)->14314K(15296K) NonClass: 12353K(12928K)->12353K(12928K) Class: 1960K(2368K)->1960K(2368K)
[230.003s][info][gc             ] GC(1450) Pause Young (Allocation Failure) 332M->12M(995M) 1.918ms
[230.003s][info][gc,cpu         ] GC(1450) User=0.00s Sys=0.00s Real=0.00s
[230.192s][info][gc,start       ] GC(1451) Pause Young (Allocation Failure)
[230.193s][info][gc,heap        ] GC(1451) PSYoungGen: 319488K(319488K)->1024K(310784K) Eden: 318464K(318464K)->0K(309760K) From: 1024K(1024K)->1024K(1024K)
[230.193s][info][gc,heap        ] GC(1451) ParOldGen: 11984K(699392K)->12072K(699392K)
[230.193s][info][gc,metaspace   ] GC(1451) Metaspace: 14314K(15296K)->14314K(15296K) NonClass: 12353K(12928K)->12353K(12928K) Class: 1960K(2368K)->1960K(2368K)
[230.193s][info][gc             ] GC(1451) Pause Young (Allocation Failure) 323M->12M(986M) 1.917ms
[230.193s][info][gc,cpu         ] GC(1451) User=0.00s Sys=0.00s Real=0.00s
[230.375s][info][gc,start       ] GC(1452) Pause Young (Allocation Failure)
[230.377s][info][gc,heap        ] GC(1452) PSYoungGen: 310784K(310784K)->1024K(302592K) Eden: 309760K(309760K)->0K(301568K) From: 1024K(1024K)->1024K(1024K)
[230.377s][info][gc,heap        ] GC(1452) ParOldGen: 12072K(699392K)->12176K(699392K)
[230.377s][info][gc,metaspace   ] GC(1452) Metaspace: 14314K(15296K)->14314K(15296K) NonClass: 12353K(12928K)->12353K(12928K) Class: 1960K(2368K)->1960K(2368K)
[230.377s][info][gc             ] GC(1452) Pause Young (Allocation Failure) 315M->12M(978M) 1.947ms
[230.377s][info][gc,cpu         ] GC(1452) User=0.00s Sys=0.00s Real=0.00s
[230.554s][info][gc,start       ] GC(1453) Pause Young (Allocation Failure)
[230.556s][info][gc,heap        ] GC(1453) PSYoungGen: 302592K(302592K)->1024K(294912K) Eden: 301568K(301568K)->0K(293888K) From: 1024K(1024K)->1024K(1024K)
[230.556s][info][gc,heap        ] GC(1453) ParOldGen: 12176K(699392K)->12256K(699392K)
[230.556s][info][gc,metaspace   ] GC(1453) Metaspace: 14314K(15296K)->14314K(15296K) NonClass: 12353K(12928K)->12353K(12928K) Class: 1960K(2368K)->1960K(2368K)
[230.556s][info][gc             ] GC(1453) Pause Young (Allocation Failure) 307M->12M(971M) 1.904ms
[230.556s][info][gc,cpu         ] GC(1453) User=0.00s Sys=0.00s Real=0.00s
[230.728s][info][gc,start       ] GC(1454) Pause Young (Allocation Failure)
[230.730s][info][gc,heap        ] GC(1454) PSYoungGen: 294912K(294912K)->992K(287232K) Eden: 293888K(293888K)->0K(286208K) From: 1024K(1024K)->992K(1024K)
[230.730s][info][gc,heap        ] GC(1454) ParOldGen: 12256K(699392K)->12320K(699392K)
[230.730s][info][gc,metaspace   ] GC(1454) Metaspace: 14314K(15296K)->14314K(15296K) NonClass: 12353K(12928K)->12353K(12928K) Class: 1960K(2368K)->1960K(2368K)
[230.730s][info][gc             ] GC(1454) Pause Young (Allocation Failure) 299M->13M(963M) 1.919ms
[230.730s][info][gc,cpu         ] GC(1454) User=0.00s Sys=0.00s Real=0.00s
[230.899s][info][gc,start       ] GC(1455) Pause Young (Allocation Failure)
[230.901s][info][gc,heap        ] GC(1455) PSYoungGen: 287200K(287232K)->1024K(280064K) Eden: 286208K(286208K)->0K(279040K) From: 992K(1024K)->1024K(1024K)
[230.901s][info][gc,heap        ] GC(1455) ParOldGen: 12320K(699392K)->12368K(699392K)
[230.901s][info][gc,metaspace   ] GC(1455) Metaspace: 14314K(15296K)->14314K(15296K) NonClass: 12353K(12928K)->12353K(12928K) Class: 1960K(2368K)->1960K(2368K)
[230.901s][info][gc             ] GC(1455) Pause Young (Allocation Failure) 292M->13M(956M) 1.991ms
[230.901s][info][gc,cpu         ] GC(1455) User=0.00s Sys=0.00s Real=0.00s
[231.068s][info][gc,start       ] GC(1456) Pause Young (Allocation Failure)
[231.070s][info][gc,heap        ] GC(1456) PSYoungGen: 280064K(280064K)->1024K(335872K) Eden: 279040K(279040K)->0K(334848K) From: 1024K(1024K)->1024K(1024K)
[231.070s][info][gc,heap        ] GC(1456) ParOldGen: 12368K(699392K)->12440K(699392K)
[231.070s][info][gc,metaspace   ] GC(1456) Metaspace: 14314K(15296K)->14314K(15296K) NonClass: 12353K(12928K)->12353K(12928K) Class: 1960K(2368K)->1960K(2368K)
[231.070s][info][gc             ] GC(1456) Pause Young (Allocation Failure) 285M->13M(1011M) 2.028ms
[231.070s][info][gc,cpu         ] GC(1456) User=0.00s Sys=0.00s Real=0.00s
[231.272s][info][gc,start       ] GC(1457) Pause Young (Allocation Failure)
[231.274s][info][gc,heap        ] GC(1457) PSYoungGen: 335872K(335872K)->1024K(326656K) Eden: 334848K(334848K)->0K(325632K) From: 1024K(1024K)->1024K(1024K)
[231.274s][info][gc,heap        ] GC(1457) ParOldGen: 12440K(699392K)->12520K(699392K)
[231.274s][info][gc,metaspace   ] GC(1457) Metaspace: 14314K(15296K)->14314K(15296K) NonClass: 12353K(12928K)->12353K(12928K) Class: 1960K(2368K)->1960K(2368K)
[231.274s][info][gc             ] GC(1457) Pause Young (Allocation Failure) 340M->13M(1002M) 2.091ms
[231.274s][info][gc,cpu         ] GC(1457) User=0.00s Sys=0.00s Real=0.00s
[231.471s][info][gc,start       ] GC(1458) Pause Young (Allocation Failure)
[231.473s][info][gc,heap        ] GC(1458) PSYoungGen: 326656K(326656K)->992K(317952K) Eden: 325632K(325632K)->0K(316928K) From: 1024K(1024K)->992K(1024K)
[231.473s][info][gc,heap        ] GC(1458) ParOldGen: 12520K(699392K)->12608K(699392K)
[231.473s][info][gc,metaspace   ] GC(1458) Metaspace: 14314K(15296K)->14314K(15296K) NonClass: 12353K(12928K)->12353K(12928K) Class: 1960K(2368K)->1960K(2368K)
[231.473s][info][gc             ] GC(1458) Pause Young (Allocation Failure) 331M->13M(993M) 2.123ms
[231.473s][info][gc,cpu         ] GC(1458) User=0.00s Sys=0.00s Real=0.00s
[231.667s][info][gc,start       ] GC(1459) Pause Young (Allocation Failure)
[231.669s][info][gc,heap        ] GC(1459) PSYoungGen: 317920K(317952K)->1024K(309760K) Eden: 316928K(316928K)->0K(308736K) From: 992K(1024K)->1024K(1024K)
[231.669s][info][gc,heap        ] GC(1459) ParOldGen: 12608K(699392K)->12688K(699392K)
[231.669s][info][gc,metaspace   ] GC(1459) Metaspace: 14314K(15296K)->14314K(15296K) NonClass: 12353K(12928K)->12353K(12928K) Class: 1960K(2368K)->1960K(2368K)
[231.669s][info][gc             ] GC(1459) Pause Young (Allocation Failure) 322M->13M(985M) 2.137ms
[231.669s][info][gc,cpu         ] GC(1459) User=0.00s Sys=0.00s Real=0.00s
[231.862s][info][gc,start       ] GC(1460) Pause Young (Allocation Failure)
[231.864s][info][gc,heap        ] GC(1460) PSYoungGen: 309760K(309760K)->992K(301568K) Eden: 308736K(308736K)->0K(300544K) From: 1024K(1024K)->992K(1024K)
[231.864s][info][gc,heap        ] GC(1460) ParOldGen: 12688K(699392K)->12768K(699392K)
[231.864s][info][gc,metaspace   ] GC(1460) Metaspace: 14314K(15296K)->14314K(15296K) NonClass: 12353K(12928K)->12353K(12928K) Class: 1960K(2368K)->1960K(2368K)
[231.864s][info][gc             ] GC(1460) Pause Young (Allocation Failure) 314M->13M(977M) 2.204ms
[231.864s][info][gc,cpu         ] GC(1460) User=0.00s Sys=0.00s Real=0.00s
[232.062s][info][gc,start       ] GC(1461) Pause Young (Allocation Failure)
[232.064s][info][gc,heap        ] GC(1461) PSYoungGen: 301536K(301568K)->992K(293888K) Eden: 300544K(300544K)->0K(292864K) From: 992K(1024K)->992K(1024K)
[232.064s][info][gc,heap        ] GC(1461) ParOldGen: 12768K(699392K)->12856K(699392K)
[232.064s][info][gc,metaspace   ] GC(1461) Metaspace: 14314K(15296K)->14314K(15296K) NonClass: 12353K(12928K)->12353K(12928K) Class: 1960K(2368K)->1960K(2368K)
[232.064s][info][gc             ] GC(1461) Pause Young (Allocation Failure) 306M->13M(970M) 2.206ms
[232.064s][info][gc,cpu         ] GC(1461) User=0.50s Sys=0.00s Real=0.00s
[232.279s][info][gc,start       ] GC(1462) Pause Young (Allocation Failure)
[232.282s][info][gc,heap        ] GC(1462) PSYoungGen: 293856K(293888K)->992K(286208K) Eden: 292864K(292864K)->0K(285184K) From: 992K(1024K)->992K(1024K)
[232.282s][info][gc,heap        ] GC(1462) ParOldGen: 12856K(699392K)->12936K(699392K)
[232.282s][info][gc,metaspace   ] GC(1462) Metaspace: 14314K(15296K)->14314K(15296K) NonClass: 12353K(12928K)->12353K(12928K) Class: 1960K(2368K)->1960K(2368K)
[232.282s][info][gc             ] GC(1462) Pause Young (Allocation Failure) 299M->13M(962M) 2.366ms
[232.282s][info][gc,cpu         ] GC(1462) User=0.00s Sys=0.02s Real=0.00s
[232.438s][info][gc,start       ] GC(1463) Pause Young (Allocation Failure)
[232.440s][info][gc,heap        ] GC(1463) PSYoungGen: 286176K(286208K)->736K(339968K) Eden: 285184K(285184K)->0K(338432K) From: 992K(1024K)->736K(1536K)
[232.440s][info][gc,heap        ] GC(1463) ParOldGen: 12936K(699392K)->13016K(699392K)
[232.440s][info][gc,metaspace   ] GC(1463) Metaspace: 14314K(15296K)->14314K(15296K) NonClass: 12353K(12928K)->12353K(12928K) Class: 1960K(2368K)->1960K(2368K)
[232.440s][info][gc             ] GC(1463) Pause Young (Allocation Failure) 292M->13M(1015M) 2.187ms
[232.440s][info][gc,cpu         ] GC(1463) User=0.00s Sys=0.00s Real=0.00s
[232.654s][info][gc,start       ] GC(1464) Pause Young (System.gc())
[232.656s][info][gc,heap        ] GC(1464) PSYoungGen: 240383K(339968K)->480K(344064K) Eden: 239647K(338432K)->0K(342528K) From: 736K(1536K)->480K(1536K)
[232.656s][info][gc,heap        ] GC(1464) ParOldGen: 13016K(699392K)->13072K(699392K)
[232.656s][info][gc,metaspace   ] GC(1464) Metaspace: 14314K(15296K)->14314K(15296K) NonClass: 12353K(12928K)->12353K(12928K) Class: 1960K(2368K)->1960K(2368K)
[232.656s][info][gc             ] GC(1464) Pause Young (System.gc()) 247M->13M(1019M) 2.520ms
[232.656s][info][gc,cpu         ] GC(1464) User=0.00s Sys=0.00s Real=0.00s
[232.656s][info][gc,start       ] GC(1465) Pause Full (System.gc())
[232.656s][info][gc,phases,start] GC(1465) Marking Phase
[232.672s][info][gc,phases      ] GC(1465) Marking Phase 15.151ms
[232.672s][info][gc,phases,start] GC(1465) Summary Phase
[232.672s][info][gc,phases      ] GC(1465) Summary Phase 0.031ms
[232.672s][info][gc,phases,start] GC(1465) Adjust Roots
[232.678s][info][gc,phases      ] GC(1465) Adjust Roots 5.798ms
[232.678s][info][gc,phases,start] GC(1465) Compaction Phase
[232.680s][info][gc,phases      ] GC(1465) Compaction Phase 2.278ms
[232.680s][info][gc,phases,start] GC(1465) Post Compact
[232.680s][info][gc,phases      ] GC(1465) Post Compact 0.364ms
[232.680s][info][gc,heap        ] GC(1465) PSYoungGen: 480K(344064K)->0K(344064K) Eden: 0K(342528K)->0K(342528K) From: 480K(1536K)->0K(1536K)
[232.680s][info][gc,heap        ] GC(1465) ParOldGen: 13072K(699392K)->5373K(699392K)
[232.680s][info][gc,metaspace   ] GC(1465) Metaspace: 14314K(15296K)->14314K(15296K) NonClass: 12353K(12928K)->12353K(12928K) Class: 1960K(2368K)->1960K(2368K)
[232.680s][info][gc             ] GC(1465) Pause Full (System.gc()) 13M->5M(1019M) 24.022ms
[232.680s][info][gc,cpu         ] GC(1465) User=0.02s Sys=0.00s Real=0.01s
[232.892s][info][gc,start       ] GC(1466) Pause Young (Allocation Failure)
[232.894s][info][gc,heap        ] GC(1466) PSYoungGen: 342528K(344064K)->1536K(344064K) Eden: 342528K(342528K)->0K(342528K) From: 0K(1536K)->1536K(1536K)
[232.894s][info][gc,heap        ] GC(1466) ParOldGen: 5373K(699392K)->5821K(699392K)
[232.894s][info][gc,metaspace   ] GC(1466) Metaspace: 14314K(15296K)->14314K(15296K) NonClass: 12353K(12928K)->12353K(12928K) Class: 1960K(2368K)->1960K(2368K)
[232.894s][info][gc             ] GC(1466) Pause Young (Allocation Failure) 339M->7M(1019M) 2.853ms
[232.894s][info][gc,cpu         ] GC(1466) User=0.00s Sys=0.00s Real=0.00s
[233.093s][info][gc,start       ] GC(1467) Pause Young (Allocation Failure)
[233.095s][info][gc,heap        ] GC(1467) PSYoungGen: 344064K(344064K)->1056K(347648K) Eden: 342528K(342528K)->0K(346112K) From: 1536K(1536K)->1056K(1536K)
[233.096s][info][gc,heap        ] GC(1467) ParOldGen: 5821K(699392K)->7088K(699392K)
[233.096s][info][gc,metaspace   ] GC(1467) Metaspace: 14314K(15296K)->14314K(15296K) NonClass: 12353K(12928K)->12353K(12928K) Class: 1960K(2368K)->1960K(2368K)
[233.096s][info][gc             ] GC(1467) Pause Young (Allocation Failure) 341M->7M(1022M) 2.362ms
[233.096s][info][gc,cpu         ] GC(1467) User=0.02s Sys=0.00s Real=0.00s
[233.297s][info][gc,start       ] GC(1468) Pause Young (Allocation Failure)
[233.299s][info][gc,heap        ] GC(1468) PSYoungGen: 347168K(347648K)->1056K(347648K) Eden: 346112K(346112K)->0K(346112K) From: 1056K(1536K)->1056K(1536K)
[233.299s][info][gc,heap        ] GC(1468) ParOldGen: 7088K(699392K)->7160K(699392K)
[233.299s][info][gc,metaspace   ] GC(1468) Metaspace: 14314K(15296K)->14314K(15296K) NonClass: 12353K(12928K)->12353K(12928K) Class: 1960K(2368K)->1960K(2368K)
[233.299s][info][gc             ] GC(1468) Pause Young (Allocation Failure) 345M->8M(1022M) 2.283ms
[233.299s][info][gc,cpu         ] GC(1468) User=0.00s Sys=0.00s Real=0.00s
[233.499s][info][gc,start       ] GC(1469) Pause Young (Allocation Failure)
[233.501s][info][gc,heap        ] GC(1469) PSYoungGen: 347168K(347648K)->1024K(347648K) Eden: 346112K(346112K)->0K(346112K) From: 1056K(1536K)->1024K(1536K)
[233.501s][info][gc,heap        ] GC(1469) ParOldGen: 7160K(699392K)->7256K(699392K)
[233.501s][info][gc,metaspace   ] GC(1469) Metaspace: 14314K(15296K)->14314K(15296K) NonClass: 12353K(12928K)->12353K(12928K) Class: 1960K(2368K)->1960K(2368K)
[233.501s][info][gc             ] GC(1469) Pause Young (Allocation Failure) 346M->8M(1022M) 2.236ms
[233.501s][info][gc,cpu         ] GC(1469) User=0.52s Sys=0.00s Real=0.00s
[233.700s][info][gc,start       ] GC(1470) Pause Young (Allocation Failure)
[233.702s][info][gc,heap        ] GC(1470) PSYoungGen: 347136K(347648K)->1024K(347648K) Eden: 346112K(346112K)->0K(346112K) From: 1024K(1536K)->1024K(1536K)
[233.702s][info][gc,heap        ] GC(1470) ParOldGen: 7256K(699392K)->7336K(699392K)
[233.702s][info][gc,metaspace   ] GC(1470) Metaspace: 14314K(15296K)->14314K(15296K) NonClass: 12353K(12928K)->12353K(12928K) Class: 1960K(2368K)->1960K(2368K)
[233.702s][info][gc             ] GC(1470) Pause Young (Allocation Failure) 346M->8M(1022M) 2.059ms
[233.702s][info][gc,cpu         ] GC(1470) User=0.00s Sys=0.00s Real=0.00s
[233.904s][info][gc,start       ] GC(1471) Pause Young (Allocation Failure)
[233.906s][info][gc,heap        ] GC(1471) PSYoungGen: 347136K(347648K)->1024K(347648K) Eden: 346112K(346112K)->0K(346112K) From: 1024K(1536K)->1024K(1536K)
[233.906s][info][gc,heap        ] GC(1471) ParOldGen: 7336K(699392K)->7408K(699392K)
[233.906s][info][gc,metaspace   ] GC(1471) Metaspace: 14314K(15296K)->14314K(15296K) NonClass: 12353K(12928K)->12353K(12928K) Class: 1960K(2368K)->1960K(2368K)
[233.906s][info][gc             ] GC(1471) Pause Young (Allocation Failure) 346M->8M(1022M) 1.963ms
[233.906s][info][gc,cpu         ] GC(1471) User=0.00s Sys=0.00s Real=0.00s
[234.106s][info][gc,start       ] GC(1472) Pause Young (Allocation Failure)
[234.108s][info][gc,heap        ] GC(1472) PSYoungGen: 347136K(347648K)->1024K(337408K) Eden: 346112K(346112K)->0K(336384K) From: 1024K(1536K)->1024K(1024K)
[234.108s][info][gc,heap        ] GC(1472) ParOldGen: 7408K(699392K)->7480K(699392K)
[234.108s][info][gc,metaspace   ] GC(1472) Metaspace: 14314K(15296K)->14314K(15296K) NonClass: 12353K(12928K)->12353K(12928K) Class: 1960K(2368K)->1960K(2368K)
[234.108s][info][gc             ] GC(1472) Pause Young (Allocation Failure) 346M->8M(1012M) 1.842ms
[234.108s][info][gc,cpu         ] GC(1472) User=0.00s Sys=0.00s Real=0.00s
[234.301s][info][gc,start       ] GC(1473) Pause Young (Allocation Failure)
[234.303s][info][gc,heap        ] GC(1473) PSYoungGen: 337408K(337408K)->1024K(328192K) Eden: 336384K(336384K)->0K(327168K) From: 1024K(1024K)->1024K(1024K)
[234.303s][info][gc,heap        ] GC(1473) ParOldGen: 7480K(699392K)->7568K(699392K)
[234.303s][info][gc,metaspace   ] GC(1473) Metaspace: 14314K(15296K)->14314K(15296K) NonClass: 12353K(12928K)->12353K(12928K) Class: 1960K(2368K)->1960K(2368K)
[234.303s][info][gc             ] GC(1473) Pause Young (Allocation Failure) 336M->8M(1003M) 1.859ms
[234.303s][info][gc,cpu         ] GC(1473) User=0.00s Sys=0.00s Real=0.00s
[234.491s][info][gc,start       ] GC(1474) Pause Young (Allocation Failure)
[234.493s][info][gc,heap        ] GC(1474) PSYoungGen: 328192K(328192K)->1024K(319488K) Eden: 327168K(327168K)->0K(318464K) From: 1024K(1024K)->1024K(1024K)
[234.493s][info][gc,heap        ] GC(1474) ParOldGen: 7568K(699392K)->7640K(699392K)
[234.493s][info][gc,metaspace   ] GC(1474) Metaspace: 14314K(15296K)->14314K(15296K) NonClass: 12353K(12928K)->12353K(12928K) Class: 1960K(2368K)->1960K(2368K)
[234.493s][info][gc             ] GC(1474) Pause Young (Allocation Failure) 327M->8M(995M) 1.936ms
[234.493s][info][gc,cpu         ] GC(1474) User=0.00s Sys=0.00s Real=0.00s
[234.676s][info][gc,start       ] GC(1475) Pause Young (Allocation Failure)
[234.677s][info][gc,heap        ] GC(1475) PSYoungGen: 319488K(319488K)->1024K(310784K) Eden: 318464K(318464K)->0K(309760K) From: 1024K(1024K)->1024K(1024K)
[234.677s][info][gc,heap        ] GC(1475) ParOldGen: 7640K(699392K)->7720K(699392K)
[234.677s][info][gc,metaspace   ] GC(1475) Metaspace: 14314K(15296K)->14314K(15296K) NonClass: 12353K(12928K)->12353K(12928K) Class: 1960K(2368K)->1960K(2368K)
[234.677s][info][gc             ] GC(1475) Pause Young (Allocation Failure) 319M->8M(986M) 1.905ms
[234.678s][info][gc,cpu         ] GC(1475) User=0.00s Sys=0.00s Real=0.00s
[234.855s][info][gc,start       ] GC(1476) Pause Young (Allocation Failure)
[234.857s][info][gc,heap        ] GC(1476) PSYoungGen: 310784K(310784K)->992K(302592K) Eden: 309760K(309760K)->0K(301568K) From: 1024K(1024K)->992K(1024K)
[234.857s][info][gc,heap        ] GC(1476) ParOldGen: 7720K(699392K)->7800K(699392K)
[234.857s][info][gc,metaspace   ] GC(1476) Metaspace: 14314K(15296K)->14314K(15296K) NonClass: 12353K(12928K)->12353K(12928K) Class: 1960K(2368K)->1960K(2368K)
[234.857s][info][gc             ] GC(1476) Pause Young (Allocation Failure) 311M->8M(978M) 1.925ms
[234.857s][info][gc,cpu         ] GC(1476) User=0.00s Sys=0.00s Real=0.00s
[235.031s][info][gc,start       ] GC(1477) Pause Young (Allocation Failure)
[235.033s][info][gc,heap        ] GC(1477) PSYoungGen: 302560K(302592K)->1024K(294912K) Eden: 301568K(301568K)->0K(293888K) From: 992K(1024K)->1024K(1024K)
[235.033s][info][gc,heap        ] GC(1477) ParOldGen: 7800K(699392K)->7872K(699392K)
[235.033s][info][gc,metaspace   ] GC(1477) Metaspace: 14314K(15296K)->14314K(15296K) NonClass: 12353K(12928K)->12353K(12928K) Class: 1960K(2368K)->1960K(2368K)
[235.033s][info][gc             ] GC(1477) Pause Young (Allocation Failure) 303M->8M(971M) 2.005ms
[235.033s][info][gc,cpu         ] GC(1477) User=0.52s Sys=0.00s Real=0.00s
[235.202s][info][gc,start       ] GC(1478) Pause Young (Allocation Failure)
[235.204s][info][gc,heap        ] GC(1478) PSYoungGen: 294912K(294912K)->1024K(287232K) Eden: 293888K(293888K)->0K(286208K) From: 1024K(1024K)->1024K(1024K)
[235.204s][info][gc,heap        ] GC(1478) ParOldGen: 7872K(699392K)->7952K(699392K)
[235.204s][info][gc,metaspace   ] GC(1478) Metaspace: 14314K(15296K)->14314K(15296K) NonClass: 12353K(12928K)->12353K(12928K) Class: 1960K(2368K)->1960K(2368K)
[235.204s][info][gc             ] GC(1478) Pause Young (Allocation Failure) 295M->8M(963M) 2.005ms
[235.204s][info][gc,cpu         ] GC(1478) User=0.52s Sys=0.00s Real=0.00s
[235.370s][info][gc,start       ] GC(1479) Pause Young (Allocation Failure)
[235.372s][info][gc,heap        ] GC(1479) PSYoungGen: 287232K(287232K)->1056K(344064K) Eden: 286208K(286208K)->0K(342528K) From: 1024K(1024K)->1056K(1536K)
[235.372s][info][gc,heap        ] GC(1479) ParOldGen: 7952K(699392K)->8032K(699392K)
[235.372s][info][gc,metaspace   ] GC(1479) Metaspace: 14314K(15296K)->14314K(15296K) NonClass: 12353K(12928K)->12353K(12928K) Class: 1960K(2368K)->1960K(2368K)
[235.372s][info][gc             ] GC(1479) Pause Young (Allocation Failure) 288M->8M(1019M) 2.005ms
[235.372s][info][gc,cpu         ] GC(1479) User=0.00s Sys=0.00s Real=0.00s
[235.571s][info][gc,start       ] GC(1480) Pause Young (Allocation Failure)
[235.573s][info][gc,heap        ] GC(1480) PSYoungGen: 343584K(344064K)->1024K(344064K) Eden: 342528K(342528K)->0K(342528K) From: 1056K(1536K)->1024K(1536K)
[235.573s][info][gc,heap        ] GC(1480) ParOldGen: 8032K(699392K)->8112K(699392K)
[235.573s][info][gc,metaspace   ] GC(1480) Metaspace: 14314K(15296K)->14314K(15296K) NonClass: 12353K(12928K)->12353K(12928K) Class: 1960K(2368K)->1960K(2368K)
[235.573s][info][gc             ] GC(1480) Pause Young (Allocation Failure) 343M->8M(1019M) 2.082ms
[235.573s][info][gc,cpu         ] GC(1480) User=0.00s Sys=0.00s Real=0.00s
[235.772s][info][gc,start       ] GC(1481) Pause Young (Allocation Failure)
[235.774s][info][gc,heap        ] GC(1481) PSYoungGen: 343552K(344064K)->1056K(334848K) Eden: 342528K(342528K)->0K(333312K) From: 1024K(1536K)->1056K(1536K)
[235.774s][info][gc,heap        ] GC(1481) ParOldGen: 8112K(699392K)->8200K(699392K)
[235.774s][info][gc,metaspace   ] GC(1481) Metaspace: 14314K(15296K)->14314K(15296K) NonClass: 12353K(12928K)->12353K(12928K) Class: 1960K(2368K)->1960K(2368K)
[235.774s][info][gc             ] GC(1481) Pause Young (Allocation Failure) 343M->9M(1010M) 2.106ms
[235.774s][info][gc,cpu         ] GC(1481) User=0.00s Sys=0.00s Real=0.00s
[235.969s][info][gc,start       ] GC(1482) Pause Young (Allocation Failure)
[235.971s][info][gc,heap        ] GC(1482) PSYoungGen: 334368K(334848K)->1056K(325632K) Eden: 333312K(333312K)->0K(324096K) From: 1056K(1536K)->1056K(1536K)
[235.971s][info][gc,heap        ] GC(1482) ParOldGen: 8200K(699392K)->8272K(699392K)
[235.971s][info][gc,metaspace   ] GC(1482) Metaspace: 14314K(15296K)->14314K(15296K) NonClass: 12353K(12928K)->12353K(12928K) Class: 1960K(2368K)->1960K(2368K)
[235.971s][info][gc             ] GC(1482) Pause Young (Allocation Failure) 334M->9M(1001M) 2.131ms
[235.971s][info][gc,cpu         ] GC(1482) User=0.00s Sys=0.00s Real=0.00s
[236.160s][info][gc,start       ] GC(1483) Pause Young (Allocation Failure)
[236.162s][info][gc,heap        ] GC(1483) PSYoungGen: 325152K(325632K)->512K(346624K) Eden: 324096K(324096K)->0K(346112K) From: 1056K(1536K)->512K(512K)
[236.162s][info][gc,heap        ] GC(1483) ParOldGen: 8272K(699392K)->8456K(699392K)
[236.162s][info][gc,metaspace   ] GC(1483) Metaspace: 14314K(15296K)->14314K(15296K) NonClass: 12353K(12928K)->12353K(12928K) Class: 1960K(2368K)->1960K(2368K)
[236.162s][info][gc             ] GC(1483) Pause Young (Allocation Failure) 325M->8M(1021M) 2.155ms
[236.162s][info][gc,cpu         ] GC(1483) User=0.00s Sys=0.00s Real=0.00s
[236.364s][info][gc,start       ] GC(1484) Pause Young (Allocation Failure)
[236.366s][info][gc,heap        ] GC(1484) PSYoungGen: 346624K(346624K)->1024K(347648K) Eden: 346112K(346112K)->0K(346112K) From: 512K(512K)->1024K(1536K)
[236.366s][info][gc,heap        ] GC(1484) ParOldGen: 8456K(699392K)->8480K(699392K)
[236.366s][info][gc,metaspace   ] GC(1484) Metaspace: 14314K(15296K)->14314K(15296K) NonClass: 12353K(12928K)->12353K(12928K) Class: 1960K(2368K)->1960K(2368K)
[236.366s][info][gc             ] GC(1484) Pause Young (Allocation Failure) 346M->9M(1022M) 2.191ms
[236.366s][info][gc,cpu         ] GC(1484) User=0.00s Sys=0.00s Real=0.00s
[236.568s][info][gc,start       ] GC(1485) Pause Young (Allocation Failure)
[236.570s][info][gc,heap        ] GC(1485) PSYoungGen: 347136K(347648K)->1024K(347648K) Eden: 346112K(346112K)->0K(346112K) From: 1024K(1536K)->1024K(1536K)
[236.571s][info][gc,heap        ] GC(1485) ParOldGen: 8480K(699392K)->8608K(699392K)
[236.571s][info][gc,metaspace   ] GC(1485) Metaspace: 14314K(15296K)->14314K(15296K) NonClass: 12353K(12928K)->12353K(12928K) Class: 1960K(2368K)->1960K(2368K)
[236.571s][info][gc             ] GC(1485) Pause Young (Allocation Failure) 347M->9M(1022M) 2.219ms
[236.571s][info][gc,cpu         ] GC(1485) User=0.00s Sys=0.00s Real=0.00s
[236.771s][info][gc,start       ] GC(1486) Pause Young (Allocation Failure)
[236.774s][info][gc,heap        ] GC(1486) PSYoungGen: 347136K(347648K)->1024K(347648K) Eden: 346112K(346112K)->0K(346112K) From: 1024K(1536K)->1024K(1536K)
[236.774s][info][gc,heap        ] GC(1486) ParOldGen: 8608K(699392K)->8680K(699392K)
[236.774s][info][gc,metaspace   ] GC(1486) Metaspace: 14314K(15296K)->14314K(15296K) NonClass: 12353K(12928K)->12353K(12928K) Class: 1960K(2368K)->1960K(2368K)
[236.774s][info][gc             ] GC(1486) Pause Young (Allocation Failure) 347M->9M(1022M) 2.232ms
[236.774s][info][gc,cpu         ] GC(1486) User=0.00s Sys=0.00s Real=0.00s
[236.976s][info][gc,start       ] GC(1487) Pause Young (Allocation Failure)
[236.978s][info][gc,heap        ] GC(1487) PSYoungGen: 347136K(347648K)->1024K(347648K) Eden: 346112K(346112K)->0K(346112K) From: 1024K(1536K)->1024K(1536K)
[236.978s][info][gc,heap        ] GC(1487) ParOldGen: 8680K(699392K)->8776K(699392K)
[236.978s][info][gc,metaspace   ] GC(1487) Metaspace: 14314K(15296K)->14314K(15296K) NonClass: 12353K(12928K)->12353K(12928K) Class: 1960K(2368K)->1960K(2368K)
[236.978s][info][gc             ] GC(1487) Pause Young (Allocation Failure) 347M->9M(1022M) 2.240ms
[236.978s][info][gc,cpu         ] GC(1487) User=0.00s Sys=0.00s Real=0.00s
[237.294s][info][gc,start       ] GC(1488) Pause Young (Allocation Failure)
[237.297s][info][gc,heap        ] GC(1488) PSYoungGen: 347136K(347648K)->1056K(337920K) Eden: 346112K(346112K)->0K(336384K) From: 1024K(1536K)->1056K(1536K)
[237.297s][info][gc,heap        ] GC(1488) ParOldGen: 8776K(699392K)->8856K(699392K)
[237.297s][info][gc,metaspace   ] GC(1488) Metaspace: 14314K(15296K)->14314K(15296K) NonClass: 12353K(12928K)->12353K(12928K) Class: 1960K(2368K)->1960K(2368K)
[237.297s][info][gc             ] GC(1488) Pause Young (Allocation Failure) 347M->9M(1013M) 3.171ms
[237.297s][info][gc,cpu         ] GC(1488) User=0.52s Sys=0.00s Real=0.00s
[237.502s][info][gc,start       ] GC(1489) Pause Young (Allocation Failure)
[237.504s][info][gc,heap        ] GC(1489) PSYoungGen: 337440K(337920K)->512K(327680K) Eden: 336384K(336384K)->0K(327168K) From: 1056K(1536K)->512K(512K)
[237.504s][info][gc,heap        ] GC(1489) ParOldGen: 8856K(699392K)->9032K(699392K)
[237.504s][info][gc,metaspace   ] GC(1489) Metaspace: 14314K(15296K)->14314K(15296K) NonClass: 12353K(12928K)->12353K(12928K) Class: 1960K(2368K)->1960K(2368K)
[237.504s][info][gc             ] GC(1489) Pause Young (Allocation Failure) 338M->9M(1003M) 2.136ms
[237.504s][info][gc,cpu         ] GC(1489) User=0.00s Sys=0.00s Real=0.00s
[237.694s][info][gc,start       ] GC(1490) Pause Young (Allocation Failure)
[237.696s][info][gc,heap        ] GC(1490) PSYoungGen: 327680K(327680K)->1024K(320000K) Eden: 327168K(327168K)->0K(318464K) From: 512K(512K)->1024K(1536K)
[237.696s][info][gc,heap        ] GC(1490) ParOldGen: 9032K(699392K)->9128K(699392K)
[237.696s][info][gc,metaspace   ] GC(1490) Metaspace: 14314K(15296K)->14314K(15296K) NonClass: 12353K(12928K)->12353K(12928K) Class: 1960K(2368K)->1960K(2368K)
[237.696s][info][gc             ] GC(1490) Pause Young (Allocation Failure) 328M->9M(995M) 1.969ms
[237.696s][info][gc,cpu         ] GC(1490) User=0.00s Sys=0.00s Real=0.00s
[237.881s][info][gc,start       ] GC(1491) Pause Young (Allocation Failure)
[237.883s][info][gc,heap        ] GC(1491) PSYoungGen: 319488K(320000K)->1056K(311296K) Eden: 318464K(318464K)->0K(309760K) From: 1024K(1536K)->1056K(1536K)
[237.883s][info][gc,heap        ] GC(1491) ParOldGen: 9128K(699392K)->9256K(699392K)
[237.883s][info][gc,metaspace   ] GC(1491) Metaspace: 14314K(15296K)->14314K(15296K) NonClass: 12353K(12928K)->12353K(12928K) Class: 1960K(2368K)->1960K(2368K)
[237.883s][info][gc             ] GC(1491) Pause Young (Allocation Failure) 320M->10M(987M) 1.964ms
[237.883s][info][gc,cpu         ] GC(1491) User=0.00s Sys=0.00s Real=0.00s
[238.063s][info][gc,start       ] GC(1492) Pause Young (Allocation Failure)
[238.065s][info][gc,heap        ] GC(1492) PSYoungGen: 310816K(311296K)->1024K(302592K) Eden: 309760K(309760K)->0K(301568K) From: 1056K(1536K)->1024K(1024K)
[238.065s][info][gc,heap        ] GC(1492) ParOldGen: 9256K(699392K)->9336K(699392K)
[238.065s][info][gc,metaspace   ] GC(1492) Metaspace: 14314K(15296K)->14314K(15296K) NonClass: 12353K(12928K)->12353K(12928K) Class: 1960K(2368K)->1960K(2368K)
[238.065s][info][gc             ] GC(1492) Pause Young (Allocation Failure) 312M->10M(978M) 1.849ms
[238.065s][info][gc,cpu         ] GC(1492) User=0.00s Sys=0.00s Real=0.00s
[238.240s][info][gc,start       ] GC(1493) Pause Young (Allocation Failure)
[238.242s][info][gc,heap        ] GC(1493) PSYoungGen: 302592K(302592K)->960K(294912K) Eden: 301568K(301568K)->0K(293888K) From: 1024K(1024K)->960K(1024K)
[238.242s][info][gc,heap        ] GC(1493) ParOldGen: 9336K(699392K)->9392K(699392K)
[238.242s][info][gc,metaspace   ] GC(1493) Metaspace: 14314K(15296K)->14314K(15296K) NonClass: 12353K(12928K)->12353K(12928K) Class: 1960K(2368K)->1960K(2368K)
[238.242s][info][gc             ] GC(1493) Pause Young (Allocation Failure) 304M->10M(971M) 1.819ms
[238.242s][info][gc,cpu         ] GC(1493) User=0.00s Sys=0.00s Real=0.00s
[238.413s][info][gc,start       ] GC(1494) Pause Young (Allocation Failure)
[238.415s][info][gc,heap        ] GC(1494) PSYoungGen: 294848K(294912K)->1024K(287232K) Eden: 293888K(293888K)->0K(286208K) From: 960K(1024K)->1024K(1024K)
[238.415s][info][gc,heap        ] GC(1494) ParOldGen: 9392K(699392K)->9472K(699392K)
[238.415s][info][gc,metaspace   ] GC(1494) Metaspace: 14314K(15296K)->14314K(15296K) NonClass: 12353K(12928K)->12353K(12928K) Class: 1960K(2368K)->1960K(2368K)
[238.415s][info][gc             ] GC(1494) Pause Young (Allocation Failure) 297M->10M(963M) 1.874ms
[238.415s][info][gc,cpu         ] GC(1494) User=0.00s Sys=0.00s Real=0.00s
[238.581s][info][gc,start       ] GC(1495) Pause Young (Allocation Failure)
[238.583s][info][gc,heap        ] GC(1495) PSYoungGen: 287232K(287232K)->1024K(280064K) Eden: 286208K(286208K)->0K(279040K) From: 1024K(1024K)->1024K(1024K)
[238.583s][info][gc,heap        ] GC(1495) ParOldGen: 9472K(699392K)->9552K(699392K)
[238.583s][info][gc,metaspace   ] GC(1495) Metaspace: 14314K(15296K)->14314K(15296K) NonClass: 12353K(12928K)->12353K(12928K) Class: 1960K(2368K)->1960K(2368K)
[238.583s][info][gc             ] GC(1495) Pause Young (Allocation Failure) 289M->10M(956M) 1.869ms
[238.583s][info][gc,cpu         ] GC(1495) User=0.00s Sys=0.00s Real=0.00s
[238.745s][info][gc,start       ] GC(1496) Pause Young (Allocation Failure)
[238.747s][info][gc,heap        ] GC(1496) PSYoungGen: 280064K(280064K)->1024K(272896K) Eden: 279040K(279040K)->0K(271872K) From: 1024K(1024K)->1024K(1024K)
[238.747s][info][gc,heap        ] GC(1496) ParOldGen: 9552K(699392K)->9616K(699392K)
[238.747s][info][gc,metaspace   ] GC(1496) Metaspace: 14314K(15296K)->14314K(15296K) NonClass: 12353K(12928K)->12353K(12928K) Class: 1960K(2368K)->1960K(2368K)
[238.747s][info][gc             ] GC(1496) Pause Young (Allocation Failure) 282M->10M(949M) 1.977ms
[238.747s][info][gc,cpu         ] GC(1496) User=0.00s Sys=0.00s Real=0.00s
[238.904s][info][gc,start       ] GC(1497) Pause Young (Allocation Failure)
[238.907s][info][gc,heap        ] GC(1497) PSYoungGen: 272896K(272896K)->1024K(327680K) Eden: 271872K(271872K)->0K(326656K) From: 1024K(1024K)->1024K(1024K)
[238.907s][info][gc,heap        ] GC(1497) ParOldGen: 9616K(699392K)->9688K(699392K)
[238.907s][info][gc,metaspace   ] GC(1497) Metaspace: 14314K(15296K)->14314K(15296K) NonClass: 12353K(12928K)->12353K(12928K) Class: 1960K(2368K)->1960K(2368K)
[238.907s][info][gc             ] GC(1497) Pause Young (Allocation Failure) 275M->10M(1003M) 2.076ms
[238.907s][info][gc,cpu         ] GC(1497) User=0.02s Sys=0.17s Real=0.00s
[239.095s][info][gc,start       ] GC(1498) Pause Young (Allocation Failure)
[239.097s][info][gc,heap        ] GC(1498) PSYoungGen: 327680K(327680K)->992K(343552K) Eden: 326656K(326656K)->0K(342016K) From: 1024K(1024K)->992K(1536K)
[239.097s][info][gc,heap        ] GC(1498) ParOldGen: 9688K(699392K)->9760K(699392K)
[239.097s][info][gc,metaspace   ] GC(1498) Metaspace: 14314K(15296K)->14314K(15296K) NonClass: 12353K(12928K)->12353K(12928K) Class: 1960K(2368K)->1960K(2368K)
[239.097s][info][gc             ] GC(1498) Pause Young (Allocation Failure) 329M->10M(1018M) 1.984ms
[239.097s][info][gc,cpu         ] GC(1498) User=0.00s Sys=0.00s Real=0.00s
[239.294s][info][gc,start       ] GC(1499) Pause Young (Allocation Failure)
[239.296s][info][gc,heap        ] GC(1499) PSYoungGen: 343008K(343552K)->1056K(334336K) Eden: 342016K(342016K)->0K(332800K) From: 992K(1536K)->1056K(1536K)
[239.296s][info][gc,heap        ] GC(1499) ParOldGen: 9760K(699392K)->9832K(699392K)
[239.296s][info][gc,metaspace   ] GC(1499) Metaspace: 14314K(15296K)->14314K(15296K) NonClass: 12353K(12928K)->12353K(12928K) Class: 1960K(2368K)->1960K(2368K)
[239.296s][info][gc             ] GC(1499) Pause Young (Allocation Failure) 344M->10M(1009M) 2.020ms
[239.296s][info][gc,cpu         ] GC(1499) User=0.00s Sys=0.00s Real=0.00s
[239.487s][info][gc,start       ] GC(1500) Pause Young (Allocation Failure)
[239.489s][info][gc,heap        ] GC(1500) PSYoungGen: 333856K(334336K)->1056K(325120K) Eden: 332800K(332800K)->0K(323584K) From: 1056K(1536K)->1056K(1536K)
[239.489s][info][gc,heap        ] GC(1500) ParOldGen: 9832K(699392K)->9888K(699392K)
[239.489s][info][gc,metaspace   ] GC(1500) Metaspace: 14314K(15296K)->14314K(15296K) NonClass: 12353K(12928K)->12353K(12928K) Class: 1960K(2368K)->1960K(2368K)
[239.489s][info][gc             ] GC(1500) Pause Young (Allocation Failure) 335M->10M(1000M) 2.079ms
[239.489s][info][gc,cpu         ] GC(1500) User=0.00s Sys=0.00s Real=0.00s
[239.675s][info][gc,start       ] GC(1501) Pause Young (Allocation Failure)
[239.677s][info][gc,heap        ] GC(1501) PSYoungGen: 324640K(325120K)->512K(315392K) Eden: 323584K(323584K)->0K(314880K) From: 1056K(1536K)->512K(512K)
[239.677s][info][gc,heap        ] GC(1501) ParOldGen: 9888K(699392K)->10072K(699392K)
[239.677s][info][gc,metaspace   ] GC(1501) Metaspace: 14314K(15296K)->14314K(15296K) NonClass: 12353K(12928K)->12353K(12928K) Class: 1960K(2368K)->1960K(2368K)
[239.677s][info][gc             ] GC(1501) Pause Young (Allocation Failure) 326M->10M(991M) 2.017ms
[239.677s][info][gc,cpu         ] GC(1501) User=0.00s Sys=0.00s Real=0.00s
[239.858s][info][gc,start       ] GC(1502) Pause Young (Allocation Failure)
[239.860s][info][gc,heap        ] GC(1502) PSYoungGen: 315392K(315392K)->1024K(346624K) Eden: 314880K(314880K)->0K(345088K) From: 512K(512K)->1024K(1536K)
[239.860s][info][gc,heap        ] GC(1502) ParOldGen: 10072K(699392K)->10120K(699392K)
[239.860s][info][gc,metaspace   ] GC(1502) Metaspace: 14314K(15296K)->14314K(15296K) NonClass: 12353K(12928K)->12353K(12928K) Class: 1960K(2368K)->1960K(2368K)
[239.860s][info][gc             ] GC(1502) Pause Young (Allocation Failure) 317M->10M(1021M) 2.061ms
[239.860s][info][gc,cpu         ] GC(1502) User=0.52s Sys=0.00s Real=0.00s
[240.059s][info][gc,start       ] GC(1503) Pause Young (Allocation Failure)
[240.061s][info][gc,heap        ] GC(1503) PSYoungGen: 346112K(346624K)->1024K(347648K) Eden: 345088K(345088K)->0K(346112K) From: 1024K(1536K)->1024K(1536K)
[240.061s][info][gc,heap        ] GC(1503) ParOldGen: 10120K(699392K)->10200K(699392K)
[240.061s][info][gc,metaspace   ] GC(1503) Metaspace: 14314K(15296K)->14314K(15296K) NonClass: 12353K(12928K)->12353K(12928K) Class: 1960K(2368K)->1960K(2368K)
[240.061s][info][gc             ] GC(1503) Pause Young (Allocation Failure) 347M->10M(1022M) 2.160ms
[240.061s][info][gc,cpu         ] GC(1503) User=0.00s Sys=0.00s Real=0.00s
[240.262s][info][gc,start       ] GC(1504) Pause Young (Allocation Failure)
[240.264s][info][gc,heap        ] GC(1504) PSYoungGen: 347136K(347648K)->1024K(347648K) Eden: 346112K(346112K)->0K(346112K) From: 1024K(1536K)->1024K(1536K)
[240.264s][info][gc,heap        ] GC(1504) ParOldGen: 10200K(699392K)->10280K(699392K)
[240.264s][info][gc,metaspace   ] GC(1504) Metaspace: 14314K(15296K)->14314K(15296K) NonClass: 12353K(12928K)->12353K(12928K) Class: 1960K(2368K)->1960K(2368K)
[240.264s][info][gc             ] GC(1504) Pause Young (Allocation Failure) 348M->11M(1022M) 2.154ms
[240.264s][info][gc,cpu         ] GC(1504) User=0.00s Sys=0.00s Real=0.00s
[240.464s][info][gc,start       ] GC(1505) Pause Young (Allocation Failure)
[240.467s][info][gc,heap        ] GC(1505) PSYoungGen: 347136K(347648K)->1024K(347648K) Eden: 346112K(346112K)->0K(346112K) From: 1024K(1536K)->1024K(1536K)
[240.467s][info][gc,heap        ] GC(1505) ParOldGen: 10280K(699392K)->10368K(699392K)
[240.467s][info][gc,metaspace   ] GC(1505) Metaspace: 14314K(15296K)->14314K(15296K) NonClass: 12353K(12928K)->12353K(12928K) Class: 1960K(2368K)->1960K(2368K)
[240.467s][info][gc             ] GC(1505) Pause Young (Allocation Failure) 349M->11M(1022M) 2.250ms
[240.467s][info][gc,cpu         ] GC(1505) User=0.00s Sys=0.00s Real=0.00s
[240.666s][info][gc,start       ] GC(1506) Pause Young (Allocation Failure)
[240.668s][info][gc,heap        ] GC(1506) PSYoungGen: 347136K(347648K)->1024K(347648K) Eden: 346112K(346112K)->0K(346112K) From: 1024K(1536K)->1024K(1536K)
[240.668s][info][gc,heap        ] GC(1506) ParOldGen: 10368K(699392K)->10456K(699392K)
[240.668s][info][gc,metaspace   ] GC(1506) Metaspace: 14314K(15296K)->14314K(15296K) NonClass: 12353K(12928K)->12353K(12928K) Class: 1960K(2368K)->1960K(2368K)
[240.668s][info][gc             ] GC(1506) Pause Young (Allocation Failure) 349M->11M(1022M) 2.203ms
[240.669s][info][gc,cpu         ] GC(1506) User=0.00s Sys=0.00s Real=0.00s
[240.868s][info][gc,start       ] GC(1507) Pause Young (Allocation Failure)
[240.870s][info][gc,heap        ] GC(1507) PSYoungGen: 347136K(347648K)->1024K(347648K) Eden: 346112K(346112K)->0K(346112K) From: 1024K(1536K)->1024K(1536K)
[240.870s][info][gc,heap        ] GC(1507) ParOldGen: 10456K(699392K)->10528K(699392K)
[240.870s][info][gc,metaspace   ] GC(1507) Metaspace: 14314K(15296K)->14314K(15296K) NonClass: 12353K(12928K)->12353K(12928K) Class: 1960K(2368K)->1960K(2368K)
[240.870s][info][gc             ] GC(1507) Pause Young (Allocation Failure) 349M->11M(1022M) 2.230ms
[240.870s][info][gc,cpu         ] GC(1507) User=0.00s Sys=0.00s Real=0.00s
[241.199s][info][gc,start       ] GC(1508) Pause Young (Allocation Failure)
[241.202s][info][gc,heap        ] GC(1508) PSYoungGen: 347136K(347648K)->1024K(337408K) Eden: 346112K(346112K)->0K(336384K) From: 1024K(1536K)->1024K(1024K)
[241.202s][info][gc,heap        ] GC(1508) ParOldGen: 10528K(699392K)->10592K(699392K)
[241.202s][info][gc,metaspace   ] GC(1508) Metaspace: 14314K(15296K)->14314K(15296K) NonClass: 12353K(12928K)->12353K(12928K) Class: 1960K(2368K)->1960K(2368K)
[241.202s][info][gc             ] GC(1508) Pause Young (Allocation Failure) 349M->11M(1012M) 3.112ms
[241.202s][info][gc,cpu         ] GC(1508) User=0.00s Sys=0.00s Real=0.00s
[241.403s][info][gc,start       ] GC(1509) Pause Young (Allocation Failure)
[241.405s][info][gc,heap        ] GC(1509) PSYoungGen: 337408K(337408K)->1024K(328192K) Eden: 336384K(336384K)->0K(327168K) From: 1024K(1024K)->1024K(1024K)
[241.405s][info][gc,heap        ] GC(1509) ParOldGen: 10592K(699392K)->10664K(699392K)
[241.405s][info][gc,metaspace   ] GC(1509) Metaspace: 14314K(15296K)->14314K(15296K) NonClass: 12353K(12928K)->12353K(12928K) Class: 1960K(2368K)->1960K(2368K)
[241.405s][info][gc             ] GC(1509) Pause Young (Allocation Failure) 339M->11M(1003M) 2.152ms
[241.405s][info][gc,cpu         ] GC(1509) User=0.00s Sys=0.00s Real=0.00s
[241.596s][info][gc,start       ] GC(1510) Pause Young (Allocation Failure)
[241.598s][info][gc,heap        ] GC(1510) PSYoungGen: 328192K(328192K)->1024K(319488K) Eden: 327168K(327168K)->0K(318464K) From: 1024K(1024K)->1024K(1024K)
[241.598s][info][gc,heap        ] GC(1510) ParOldGen: 10664K(699392K)->10760K(699392K)
[241.598s][info][gc,metaspace   ] GC(1510) Metaspace: 14314K(15296K)->14314K(15296K) NonClass: 12353K(12928K)->12353K(12928K) Class: 1960K(2368K)->1960K(2368K)
[241.598s][info][gc             ] GC(1510) Pause Young (Allocation Failure) 330M->11M(995M) 1.931ms
[241.598s][info][gc,cpu         ] GC(1510) User=0.00s Sys=0.00s Real=0.00s
[241.783s][info][gc,start       ] GC(1511) Pause Young (Allocation Failure)
[241.785s][info][gc,heap        ] GC(1511) PSYoungGen: 319488K(319488K)->1024K(310784K) Eden: 318464K(318464K)->0K(309760K) From: 1024K(1024K)->1024K(1024K)
[241.785s][info][gc,heap        ] GC(1511) ParOldGen: 10760K(699392K)->10832K(699392K)
[241.785s][info][gc,metaspace   ] GC(1511) Metaspace: 14314K(15296K)->14314K(15296K) NonClass: 12353K(12928K)->12353K(12928K) Class: 1960K(2368K)->1960K(2368K)
[241.785s][info][gc             ] GC(1511) Pause Young (Allocation Failure) 322M->11M(986M) 1.903ms
[241.785s][info][gc,cpu         ] GC(1511) User=0.00s Sys=0.00s Real=0.00s
[241.964s][info][gc,start       ] GC(1512) Pause Young (Allocation Failure)
[241.966s][info][gc,heap        ] GC(1512) PSYoungGen: 310784K(310784K)->1024K(302592K) Eden: 309760K(309760K)->0K(301568K) From: 1024K(1024K)->1024K(1024K)
[241.966s][info][gc,heap        ] GC(1512) ParOldGen: 10832K(699392K)->10912K(699392K)
[241.966s][info][gc,metaspace   ] GC(1512) Metaspace: 14314K(15296K)->14314K(15296K) NonClass: 12353K(12928K)->12353K(12928K) Class: 1960K(2368K)->1960K(2368K)
[241.966s][info][gc             ] GC(1512) Pause Young (Allocation Failure) 314M->11M(978M) 1.922ms
[241.966s][info][gc,cpu         ] GC(1512) User=0.00s Sys=0.00s Real=0.00s
[242.142s][info][gc,start       ] GC(1513) Pause Young (Allocation Failure)
[242.144s][info][gc,heap        ] GC(1513) PSYoungGen: 302592K(302592K)->1024K(294912K) Eden: 301568K(301568K)->0K(293888K) From: 1024K(1024K)->1024K(1024K)
[242.144s][info][gc,heap        ] GC(1513) ParOldGen: 10912K(699392K)->10976K(699392K)
[242.144s][info][gc,metaspace   ] GC(1513) Metaspace: 14314K(15296K)->14314K(15296K) NonClass: 12353K(12928K)->12353K(12928K) Class: 1960K(2368K)->1960K(2368K)
[242.144s][info][gc             ] GC(1513) Pause Young (Allocation Failure) 306M->11M(971M) 1.848ms
[242.144s][info][gc,cpu         ] GC(1513) User=0.00s Sys=0.00s Real=0.00s
[242.313s][info][gc,start       ] GC(1514) Pause Young (Allocation Failure)
[242.315s][info][gc,heap        ] GC(1514) PSYoungGen: 294912K(294912K)->1024K(287232K) Eden: 293888K(293888K)->0K(286208K) From: 1024K(1024K)->1024K(1024K)
[242.315s][info][gc,heap        ] GC(1514) ParOldGen: 10976K(699392K)->11056K(699392K)
[242.315s][info][gc,metaspace   ] GC(1514) Metaspace: 14314K(15296K)->14314K(15296K) NonClass: 12353K(12928K)->12353K(12928K) Class: 1960K(2368K)->1960K(2368K)
[242.315s][info][gc             ] GC(1514) Pause Young (Allocation Failure) 298M->11M(963M) 2.002ms
[242.315s][info][gc,cpu         ] GC(1514) User=0.00s Sys=0.00s Real=0.00s
[242.481s][info][gc,start       ] GC(1515) Pause Young (Allocation Failure)
[242.483s][info][gc,heap        ] GC(1515) PSYoungGen: 287232K(287232K)->1024K(280064K) Eden: 286208K(286208K)->0K(279040K) From: 1024K(1024K)->1024K(1024K)
[242.483s][info][gc,heap        ] GC(1515) ParOldGen: 11056K(699392K)->11120K(699392K)
[242.483s][info][gc,metaspace   ] GC(1515) Metaspace: 14314K(15296K)->14314K(15296K) NonClass: 12353K(12928K)->12353K(12928K) Class: 1960K(2368K)->1960K(2368K)
[242.483s][info][gc             ] GC(1515) Pause Young (Allocation Failure) 291M->11M(956M) 1.959ms
[242.483s][info][gc,cpu         ] GC(1515) User=0.00s Sys=0.00s Real=0.00s
[242.643s][info][gc,start       ] GC(1516) Pause Young (Allocation Failure)
[242.645s][info][gc,heap        ] GC(1516) PSYoungGen: 280064K(280064K)->1056K(336384K) Eden: 279040K(279040K)->0K(334848K) From: 1024K(1024K)->1056K(1536K)
[242.645s][info][gc,heap        ] GC(1516) ParOldGen: 11120K(699392K)->11200K(699392K)
[242.645s][info][gc,metaspace   ] GC(1516) Metaspace: 14314K(15296K)->14314K(15296K) NonClass: 12353K(12928K)->12353K(12928K) Class: 1960K(2368K)->1960K(2368K)
[242.645s][info][gc             ] GC(1516) Pause Young (Allocation Failure) 284M->11M(1011M) 1.968ms
[242.645s][info][gc,cpu         ] GC(1516) User=0.00s Sys=0.00s Real=0.00s
[242.838s][info][gc,start       ] GC(1517) Pause Young (Allocation Failure)
[242.840s][info][gc,heap        ] GC(1517) PSYoungGen: 335904K(336384K)->1024K(326656K) Eden: 334848K(334848K)->0K(325632K) From: 1056K(1536K)->1024K(1024K)
[242.840s][info][gc,heap        ] GC(1517) ParOldGen: 11200K(699392K)->11276K(699392K)
[242.840s][info][gc,metaspace   ] GC(1517) Metaspace: 14314K(15296K)->14314K(15296K) NonClass: 12353K(12928K)->12353K(12928K) Class: 1960K(2368K)->1960K(2368K)
[242.840s][info][gc             ] GC(1517) Pause Young (Allocation Failure) 338M->12M(1002M) 1.928ms
[242.840s][info][gc,cpu         ] GC(1517) User=0.00s Sys=0.00s Real=0.00s
[243.030s][info][gc,start       ] GC(1518) Pause Young (Allocation Failure)
[243.032s][info][gc,heap        ] GC(1518) PSYoungGen: 326656K(326656K)->1024K(317952K) Eden: 325632K(325632K)->0K(316928K) From: 1024K(1024K)->1024K(1024K)
[243.032s][info][gc,heap        ] GC(1518) ParOldGen: 11276K(699392K)->11356K(699392K)
[243.032s][info][gc,metaspace   ] GC(1518) Metaspace: 14314K(15296K)->14314K(15296K) NonClass: 12353K(12928K)->12353K(12928K) Class: 1960K(2368K)->1960K(2368K)
[243.032s][info][gc             ] GC(1518) Pause Young (Allocation Failure) 330M->12M(993M) 2.055ms
[243.032s][info][gc,cpu         ] GC(1518) User=0.52s Sys=0.00s Real=0.00s
[243.218s][info][gc,start       ] GC(1519) Pause Young (Allocation Failure)
[243.220s][info][gc,heap        ] GC(1519) PSYoungGen: 317952K(317952K)->1024K(309760K) Eden: 316928K(316928K)->0K(308736K) From: 1024K(1024K)->1024K(1024K)
[243.220s][info][gc,heap        ] GC(1519) ParOldGen: 11356K(699392K)->11444K(699392K)
[243.220s][info][gc,metaspace   ] GC(1519) Metaspace: 14314K(15296K)->14314K(15296K) NonClass: 12353K(12928K)->12353K(12928K) Class: 1960K(2368K)->1960K(2368K)
[243.220s][info][gc             ] GC(1519) Pause Young (Allocation Failure) 321M->12M(985M) 2.107ms
[243.220s][info][gc,cpu         ] GC(1519) User=0.52s Sys=0.00s Real=0.00s
[243.400s][info][gc,start       ] GC(1520) Pause Young (Allocation Failure)
[243.402s][info][gc,heap        ] GC(1520) PSYoungGen: 309760K(309760K)->1024K(301568K) Eden: 308736K(308736K)->0K(300544K) From: 1024K(1024K)->1024K(1024K)
[243.402s][info][gc,heap        ] GC(1520) ParOldGen: 11444K(699392K)->11524K(699392K)
[243.402s][info][gc,metaspace   ] GC(1520) Metaspace: 14314K(15296K)->14314K(15296K) NonClass: 12353K(12928K)->12353K(12928K) Class: 1960K(2368K)->1960K(2368K)
[243.402s][info][gc             ] GC(1520) Pause Young (Allocation Failure) 313M->12M(977M) 2.127ms
[243.402s][info][gc,cpu         ] GC(1520) User=0.00s Sys=0.00s Real=0.00s
[243.579s][info][gc,start       ] GC(1521) Pause Young (Allocation Failure)
[243.581s][info][gc,heap        ] GC(1521) PSYoungGen: 301568K(301568K)->992K(341504K) Eden: 300544K(300544K)->0K(339968K) From: 1024K(1024K)->992K(1536K)
[243.581s][info][gc,heap        ] GC(1521) ParOldGen: 11524K(699392K)->11612K(699392K)
[243.581s][info][gc,metaspace   ] GC(1521) Metaspace: 14314K(15296K)->14314K(15296K) NonClass: 12353K(12928K)->12353K(12928K) Class: 1960K(2368K)->1960K(2368K)
[243.581s][info][gc             ] GC(1521) Pause Young (Allocation Failure) 305M->12M(1016M) 2.052ms
[243.581s][info][gc,cpu         ] GC(1521) User=0.00s Sys=0.00s Real=0.00s
[243.780s][info][gc,start       ] GC(1522) Pause Young (Allocation Failure)
[243.782s][info][gc,heap        ] GC(1522) PSYoungGen: 340960K(341504K)->1024K(341504K) Eden: 339968K(339968K)->0K(339968K) From: 992K(1536K)->1024K(1536K)
[243.782s][info][gc,heap        ] GC(1522) ParOldGen: 11612K(699392K)->11684K(699392K)
[243.782s][info][gc,metaspace   ] GC(1522) Metaspace: 14314K(15296K)->14314K(15296K) NonClass: 12353K(12928K)->12353K(12928K) Class: 1960K(2368K)->1960K(2368K)
[243.782s][info][gc             ] GC(1522) Pause Young (Allocation Failure) 344M->12M(1016M) 2.114ms
[243.782s][info][gc,cpu         ] GC(1522) User=0.52s Sys=0.00s Real=0.00s
[243.982s][info][gc,start       ] GC(1523) Pause Young (Allocation Failure)
[243.984s][info][gc,heap        ] GC(1523) PSYoungGen: 340992K(341504K)->1056K(332288K) Eden: 339968K(339968K)->0K(330752K) From: 1024K(1536K)->1056K(1536K)
[243.984s][info][gc,heap        ] GC(1523) ParOldGen: 11684K(699392K)->11740K(699392K)
[243.984s][info][gc,metaspace   ] GC(1523) Metaspace: 14314K(15296K)->14314K(15296K) NonClass: 12353K(12928K)->12353K(12928K) Class: 1960K(2368K)->1960K(2368K)
[243.984s][info][gc             ] GC(1523) Pause Young (Allocation Failure) 344M->12M(1007M) 2.123ms
[243.984s][info][gc,cpu         ] GC(1523) User=0.00s Sys=0.00s Real=0.00s
[244.179s][info][gc,start       ] GC(1524) Pause Young (Allocation Failure)
[244.181s][info][gc,heap        ] GC(1524) PSYoungGen: 331808K(332288K)->1056K(347648K) Eden: 330752K(330752K)->0K(346112K) From: 1056K(1536K)->1056K(1536K)
[244.181s][info][gc,heap        ] GC(1524) ParOldGen: 11740K(699392K)->11796K(699392K)
[244.181s][info][gc,metaspace   ] GC(1524) Metaspace: 14314K(15296K)->14314K(15296K) NonClass: 12353K(12928K)->12353K(12928K) Class: 1960K(2368K)->1960K(2368K)
[244.181s][info][gc             ] GC(1524) Pause Young (Allocation Failure) 335M->12M(1022M) 2.173ms
[244.181s][info][gc,cpu         ] GC(1524) User=0.00s Sys=0.00s Real=0.00s
[244.386s][info][gc,start       ] GC(1525) Pause Young (Allocation Failure)
[244.388s][info][gc,heap        ] GC(1525) PSYoungGen: 347168K(347648K)->1024K(347648K) Eden: 346112K(346112K)->0K(346112K) From: 1056K(1536K)->1024K(1536K)
[244.388s][info][gc,heap        ] GC(1525) ParOldGen: 11796K(699392K)->11876K(699392K)
[244.388s][info][gc,metaspace   ] GC(1525) Metaspace: 14314K(15296K)->14314K(15296K) NonClass: 12353K(12928K)->12353K(12928K) Class: 1960K(2368K)->1960K(2368K)
[244.388s][info][gc             ] GC(1525) Pause Young (Allocation Failure) 350M->12M(1022M) 2.186ms
[244.388s][info][gc,cpu         ] GC(1525) User=0.00s Sys=0.00s Real=0.00s
[244.591s][info][gc,start       ] GC(1526) Pause Young (Allocation Failure)
[244.593s][info][gc,heap        ] GC(1526) PSYoungGen: 347136K(347648K)->1024K(347648K) Eden: 346112K(346112K)->0K(346112K) From: 1024K(1536K)->1024K(1536K)
[244.593s][info][gc,heap        ] GC(1526) ParOldGen: 11876K(699392K)->11940K(699392K)
[244.594s][info][gc,metaspace   ] GC(1526) Metaspace: 14314K(15296K)->14314K(15296K) NonClass: 12353K(12928K)->12353K(12928K) Class: 1960K(2368K)->1960K(2368K)
[244.594s][info][gc             ] GC(1526) Pause Young (Allocation Failure) 350M->12M(1022M) 2.254ms
[244.594s][info][gc,cpu         ] GC(1526) User=0.02s Sys=0.00s Real=0.00s
[244.798s][info][gc,start       ] GC(1527) Pause Young (Allocation Failure)
[244.811s][info][gc,heap        ] GC(1527) PSYoungGen: 347136K(347648K)->1024K(347648K) Eden: 346112K(346112K)->0K(346112K) From: 1024K(1536K)->1024K(1536K)
[244.811s][info][gc,heap        ] GC(1527) ParOldGen: 11940K(699392K)->12052K(699392K)
[244.811s][info][gc,metaspace   ] GC(1527) Metaspace: 14314K(15296K)->14314K(15296K) NonClass: 12353K(12928K)->12353K(12928K) Class: 1960K(2368K)->1960K(2368K)
[244.811s][info][gc             ] GC(1527) Pause Young (Allocation Failure) 350M->12M(1022M) 12.404ms
[244.811s][info][gc,cpu         ] GC(1527) User=0.00s Sys=0.00s Real=0.01s
[245.149s][info][gc,start       ] GC(1528) Pause Young (Allocation Failure)
[245.152s][info][gc,heap        ] GC(1528) PSYoungGen: 347136K(347648K)->1024K(337408K) Eden: 346112K(346112K)->0K(336384K) From: 1024K(1536K)->1024K(1024K)
[245.152s][info][gc,heap        ] GC(1528) ParOldGen: 12052K(699392K)->12116K(699392K)
[245.152s][info][gc,metaspace   ] GC(1528) Metaspace: 14314K(15296K)->14314K(15296K) NonClass: 12353K(12928K)->12353K(12928K) Class: 1960K(2368K)->1960K(2368K)
[245.152s][info][gc             ] GC(1528) Pause Young (Allocation Failure) 350M->12M(1012M) 3.109ms
[245.152s][info][gc,cpu         ] GC(1528) User=0.00s Sys=0.00s Real=0.00s
[245.358s][info][gc,start       ] GC(1529) Pause Young (Allocation Failure)
[245.360s][info][gc,heap        ] GC(1529) PSYoungGen: 337408K(337408K)->1024K(328192K) Eden: 336384K(336384K)->0K(327168K) From: 1024K(1024K)->1024K(1024K)
[245.361s][info][gc,heap        ] GC(1529) ParOldGen: 12116K(699392K)->12212K(699392K)
[245.361s][info][gc,metaspace   ] GC(1529) Metaspace: 14314K(15296K)->14314K(15296K) NonClass: 12353K(12928K)->12353K(12928K) Class: 1960K(2368K)->1960K(2368K)
[245.361s][info][gc             ] GC(1529) Pause Young (Allocation Failure) 341M->12M(1003M) 2.099ms
[245.361s][info][gc,cpu         ] GC(1529) User=0.52s Sys=0.00s Real=0.00s
[245.552s][info][gc,start       ] GC(1530) Pause Young (Allocation Failure)
[245.554s][info][gc,heap        ] GC(1530) PSYoungGen: 328192K(328192K)->1056K(320000K) Eden: 327168K(327168K)->0K(318464K) From: 1024K(1024K)->1056K(1536K)
[245.554s][info][gc,heap        ] GC(1530) ParOldGen: 12212K(699392K)->12276K(699392K)
[245.554s][info][gc,metaspace   ] GC(1530) Metaspace: 14314K(15296K)->14314K(15296K) NonClass: 12353K(12928K)->12353K(12928K) Class: 1960K(2368K)->1960K(2368K)
[245.554s][info][gc             ] GC(1530) Pause Young (Allocation Failure) 332M->13M(995M) 1.906ms
[245.554s][info][gc,cpu         ] GC(1530) User=0.00s Sys=0.00s Real=0.00s
[245.740s][info][gc,start       ] GC(1531) Pause Young (Allocation Failure)
[245.742s][info][gc,heap        ] GC(1531) PSYoungGen: 319520K(320000K)->1024K(310784K) Eden: 318464K(318464K)->0K(309760K) From: 1056K(1536K)->1024K(1024K)
[245.742s][info][gc,heap        ] GC(1531) ParOldGen: 12276K(699392K)->12348K(699392K)
[245.742s][info][gc,metaspace   ] GC(1531) Metaspace: 14314K(15296K)->14314K(15296K) NonClass: 12353K(12928K)->12353K(12928K) Class: 1960K(2368K)->1960K(2368K)
[245.742s][info][gc             ] GC(1531) Pause Young (Allocation Failure) 324M->13M(986M) 1.840ms
[245.742s][info][gc,cpu         ] GC(1531) User=0.00s Sys=0.00s Real=0.00s
[245.923s][info][gc,start       ] GC(1532) Pause Young (Allocation Failure)
[245.925s][info][gc,heap        ] GC(1532) PSYoungGen: 310784K(310784K)->1024K(302592K) Eden: 309760K(309760K)->0K(301568K) From: 1024K(1024K)->1024K(1024K)
[245.925s][info][gc,heap        ] GC(1532) ParOldGen: 12348K(699392K)->12412K(699392K)
[245.925s][info][gc,metaspace   ] GC(1532) Metaspace: 14314K(15296K)->14314K(15296K) NonClass: 12353K(12928K)->12353K(12928K) Class: 1960K(2368K)->1960K(2368K)
[245.925s][info][gc             ] GC(1532) Pause Young (Allocation Failure) 315M->13M(978M) 1.861ms
[245.925s][info][gc,cpu         ] GC(1532) User=0.00s Sys=0.00s Real=0.00s
[246.102s][info][gc,start       ] GC(1533) Pause Young (Allocation Failure)
[246.104s][info][gc,heap        ] GC(1533) PSYoungGen: 302592K(302592K)->1024K(294912K) Eden: 301568K(301568K)->0K(293888K) From: 1024K(1024K)->1024K(1024K)
[246.104s][info][gc,heap        ] GC(1533) ParOldGen: 12412K(699392K)->12476K(699392K)
[246.104s][info][gc,metaspace   ] GC(1533) Metaspace: 14314K(15296K)->14314K(15296K) NonClass: 12353K(12928K)->12353K(12928K) Class: 1960K(2368K)->1960K(2368K)
[246.104s][info][gc             ] GC(1533) Pause Young (Allocation Failure) 307M->13M(971M) 1.827ms
[246.104s][info][gc,cpu         ] GC(1533) User=0.00s Sys=0.00s Real=0.00s
[246.276s][info][gc,start       ] GC(1534) Pause Young (Allocation Failure)
[246.278s][info][gc,heap        ] GC(1534) PSYoungGen: 294912K(294912K)->1024K(287232K) Eden: 293888K(293888K)->0K(286208K) From: 1024K(1024K)->1024K(1024K)
[246.278s][info][gc,heap        ] GC(1534) ParOldGen: 12476K(699392K)->12556K(699392K)
[246.278s][info][gc,metaspace   ] GC(1534) Metaspace: 14314K(15296K)->14314K(15296K) NonClass: 12353K(12928K)->12353K(12928K) Class: 1960K(2368K)->1960K(2368K)
[246.278s][info][gc             ] GC(1534) Pause Young (Allocation Failure) 300M->13M(963M) 1.872ms
[246.278s][info][gc,cpu         ] GC(1534) User=0.00s Sys=0.00s Real=0.00s
[246.446s][info][gc,start       ] GC(1535) Pause Young (Allocation Failure)
[246.448s][info][gc,heap        ] GC(1535) PSYoungGen: 287232K(287232K)->1024K(280064K) Eden: 286208K(286208K)->0K(279040K) From: 1024K(1024K)->1024K(1024K)
[246.448s][info][gc,heap        ] GC(1535) ParOldGen: 12556K(699392K)->12628K(699392K)
[246.448s][info][gc,metaspace   ] GC(1535) Metaspace: 14314K(15296K)->14314K(15296K) NonClass: 12353K(12928K)->12353K(12928K) Class: 1960K(2368K)->1960K(2368K)
[246.448s][info][gc             ] GC(1535) Pause Young (Allocation Failure) 292M->13M(956M) 1.906ms
[246.448s][info][gc,cpu         ] GC(1535) User=0.00s Sys=0.00s Real=0.00s
[246.611s][info][gc,start       ] GC(1536) Pause Young (Allocation Failure)
[246.613s][info][gc,heap        ] GC(1536) PSYoungGen: 280064K(280064K)->1024K(272896K) Eden: 279040K(279040K)->0K(271872K) From: 1024K(1024K)->1024K(1024K)
[246.613s][info][gc,heap        ] GC(1536) ParOldGen: 12628K(699392K)->12716K(699392K)
[246.613s][info][gc,metaspace   ] GC(1536) Metaspace: 14314K(15296K)->14314K(15296K) NonClass: 12353K(12928K)->12353K(12928K) Class: 1960K(2368K)->1960K(2368K)
[246.613s][info][gc             ] GC(1536) Pause Young (Allocation Failure) 285M->13M(949M) 1.968ms
[246.613s][info][gc,cpu         ] GC(1536) User=0.00s Sys=0.00s Real=0.00s
[246.773s][info][gc,start       ] GC(1537) Pause Young (Allocation Failure)
[246.774s][info][gc,heap        ] GC(1537) PSYoungGen: 272896K(272896K)->1024K(327680K) Eden: 271872K(271872K)->0K(326656K) From: 1024K(1024K)->1024K(1024K)
[246.774s][info][gc,heap        ] GC(1537) ParOldGen: 12716K(699392K)->12796K(699392K)
[246.774s][info][gc,metaspace   ] GC(1537) Metaspace: 14314K(15296K)->14314K(15296K) NonClass: 12353K(12928K)->12353K(12928K) Class: 1960K(2368K)->1960K(2368K)
[246.775s][info][gc             ] GC(1537) Pause Young (Allocation Failure) 278M->13M(1003M) 1.962ms
[246.775s][info][gc,cpu         ] GC(1537) User=0.00s Sys=0.00s Real=0.00s
[246.967s][info][gc,start       ] GC(1538) Pause Young (Allocation Failure)
[246.968s][info][gc,heap        ] GC(1538) PSYoungGen: 327680K(327680K)->1024K(318976K) Eden: 326656K(326656K)->0K(317952K) From: 1024K(1024K)->1024K(1024K)
[246.969s][info][gc,heap        ] GC(1538) ParOldGen: 12796K(699392K)->12860K(699392K)
[246.969s][info][gc,metaspace   ] GC(1538) Metaspace: 14314K(15296K)->14314K(15296K) NonClass: 12353K(12928K)->12353K(12928K) Class: 1960K(2368K)->1960K(2368K)
[246.969s][info][gc             ] GC(1538) Pause Young (Allocation Failure) 332M->13M(994M) 2.001ms
[246.969s][info][gc,cpu         ] GC(1538) User=0.52s Sys=0.00s Real=0.00s
[247.158s][info][gc,start       ] GC(1539) Pause Young (Allocation Failure)
[247.160s][info][gc,heap        ] GC(1539) PSYoungGen: 318976K(318976K)->1024K(310272K) Eden: 317952K(317952K)->0K(309248K) From: 1024K(1024K)->1024K(1024K)
[247.160s][info][gc,heap        ] GC(1539) ParOldGen: 12860K(699392K)->12932K(699392K)
[247.160s][info][gc,metaspace   ] GC(1539) Metaspace: 14314K(15296K)->14314K(15296K) NonClass: 12353K(12928K)->12353K(12928K) Class: 1960K(2368K)->1960K(2368K)
[247.160s][info][gc             ] GC(1539) Pause Young (Allocation Failure) 324M->13M(986M) 2.103ms
[247.160s][info][gc,cpu         ] GC(1539) User=0.00s Sys=0.00s Real=0.00s
[247.361s][info][gc,start       ] GC(1540) Pause Young (Allocation Failure)
[247.363s][info][gc,heap        ] GC(1540) PSYoungGen: 310272K(310272K)->1024K(302080K) Eden: 309248K(309248K)->0K(301056K) From: 1024K(1024K)->1024K(1024K)
[247.363s][info][gc,heap        ] GC(1540) ParOldGen: 12932K(699392K)->12988K(699392K)
[247.363s][info][gc,metaspace   ] GC(1540) Metaspace: 14314K(15296K)->14314K(15296K) NonClass: 12353K(12928K)->12353K(12928K) Class: 1960K(2368K)->1960K(2368K)
[247.363s][info][gc             ] GC(1540) Pause Young (Allocation Failure) 315M->13M(978M) 2.182ms
[247.363s][info][gc,cpu         ] GC(1540) User=0.00s Sys=0.00s Real=0.00s
[247.579s][info][gc,start       ] GC(1541) Pause Young (Allocation Failure)
[247.581s][info][gc,heap        ] GC(1541) PSYoungGen: 302080K(302080K)->896K(294400K) Eden: 301056K(301056K)->0K(293376K) From: 1024K(1024K)->896K(1024K)
[247.582s][info][gc,heap        ] GC(1541) ParOldGen: 12988K(699392K)->13076K(699392K)
[247.582s][info][gc,metaspace   ] GC(1541) Metaspace: 14314K(15296K)->14314K(15296K) NonClass: 12353K(12928K)->12353K(12928K) Class: 1960K(2368K)->1960K(2368K)
[247.582s][info][gc             ] GC(1541) Pause Young (Allocation Failure) 307M->13M(970M) 2.167ms
[247.582s][info][gc,cpu         ] GC(1541) User=0.00s Sys=0.00s Real=0.00s
[247.725s][info][gc,start       ] GC(1542) Pause Young (Allocation Failure)
[247.727s][info][gc,heap        ] GC(1542) PSYoungGen: 294272K(294400K)->800K(340992K) Eden: 293376K(293376K)->0K(339456K) From: 896K(1024K)->800K(1536K)
[247.727s][info][gc,heap        ] GC(1542) ParOldGen: 13076K(699392K)->13164K(699392K)
[247.727s][info][gc,metaspace   ] GC(1542) Metaspace: 14314K(15296K)->14314K(15296K) NonClass: 12353K(12928K)->12353K(12928K) Class: 1960K(2368K)->1960K(2368K)
[247.727s][info][gc             ] GC(1542) Pause Young (Allocation Failure) 300M->13M(1016M) 2.093ms
[247.727s][info][gc,cpu         ] GC(1542) User=0.00s Sys=0.00s Real=0.00s
[247.872s][info][gc,start       ] GC(1543) Pause Young (System.gc())
[247.875s][info][gc,heap        ] GC(1543) PSYoungGen: 209681K(340992K)->288K(347648K) Eden: 208881K(339456K)->0K(346112K) From: 800K(1536K)->288K(1536K)
[247.875s][info][gc,heap        ] GC(1543) ParOldGen: 13164K(699392K)->13236K(699392K)
[247.875s][info][gc,metaspace   ] GC(1543) Metaspace: 14314K(15296K)->14314K(15296K) NonClass: 12353K(12928K)->12353K(12928K) Class: 1960K(2368K)->1960K(2368K)
[247.875s][info][gc             ] GC(1543) Pause Young (System.gc()) 217M->13M(1022M) 2.364ms
[247.875s][info][gc,cpu         ] GC(1543) User=0.00s Sys=0.00s Real=0.00s
[247.875s][info][gc,start       ] GC(1544) Pause Full (System.gc())
[247.875s][info][gc,phases,start] GC(1544) Marking Phase
[247.887s][info][gc,phases      ] GC(1544) Marking Phase 11.714ms
[247.887s][info][gc,phases,start] GC(1544) Summary Phase
[247.887s][info][gc,phases      ] GC(1544) Summary Phase 0.012ms
[247.887s][info][gc,phases,start] GC(1544) Adjust Roots
[247.891s][info][gc,phases      ] GC(1544) Adjust Roots 4.542ms
[247.891s][info][gc,phases,start] GC(1544) Compaction Phase
[247.893s][info][gc,phases      ] GC(1544) Compaction Phase 1.689ms
[247.893s][info][gc,phases,start] GC(1544) Post Compact
[247.893s][info][gc,phases      ] GC(1544) Post Compact 0.307ms
[247.893s][info][gc,heap        ] GC(1544) PSYoungGen: 288K(347648K)->0K(347648K) Eden: 0K(346112K)->0K(346112K) From: 288K(1536K)->0K(1536K)
[247.893s][info][gc,heap        ] GC(1544) ParOldGen: 13236K(699392K)->5373K(699392K)
[247.893s][info][gc,metaspace   ] GC(1544) Metaspace: 14314K(15296K)->14314K(15296K) NonClass: 12353K(12928K)->12353K(12928K) Class: 1960K(2368K)->1960K(2368K)
[247.893s][info][gc             ] GC(1544) Pause Full (System.gc()) 13M->5M(1022M) 18.497ms
[247.894s][info][gc,cpu         ] GC(1544) User=0.02s Sys=0.00s Real=0.02s
[248.107s][info][gc,start       ] GC(1545) Pause Young (Allocation Failure)
[248.109s][info][gc,heap        ] GC(1545) PSYoungGen: 346112K(347648K)->1536K(347648K) Eden: 346112K(346112K)->0K(346112K) From: 0K(1536K)->1536K(1536K)
[248.109s][info][gc,heap        ] GC(1545) ParOldGen: 5373K(699392K)->5779K(699392K)
[248.109s][info][gc,metaspace   ] GC(1545) Metaspace: 14314K(15296K)->14314K(15296K) NonClass: 12353K(12928K)->12353K(12928K) Class: 1960K(2368K)->1960K(2368K)
[248.109s][info][gc             ] GC(1545) Pause Young (Allocation Failure) 343M->7M(1022M) 2.753ms
[248.109s][info][gc,cpu         ] GC(1545) User=0.00s Sys=0.00s Real=0.00s
[248.307s][info][gc,start       ] GC(1546) Pause Young (Allocation Failure)
[248.309s][info][gc,heap        ] GC(1546) PSYoungGen: 347648K(347648K)->1024K(347648K) Eden: 346112K(346112K)->0K(346112K) From: 1536K(1536K)->1024K(1536K)
[248.309s][info][gc,heap        ] GC(1546) ParOldGen: 5779K(699392K)->7049K(699392K)
[248.309s][info][gc,metaspace   ] GC(1546) Metaspace: 14314K(15296K)->14314K(15296K) NonClass: 12353K(12928K)->12353K(12928K) Class: 1960K(2368K)->1960K(2368K)
[248.309s][info][gc             ] GC(1546) Pause Young (Allocation Failure) 345M->7M(1022M) 2.280ms
[248.309s][info][gc,cpu         ] GC(1546) User=0.00s Sys=0.00s Real=0.00s
[248.509s][info][gc,start       ] GC(1547) Pause Young (Allocation Failure)
[248.511s][info][gc,heap        ] GC(1547) PSYoungGen: 347136K(347648K)->1024K(347648K) Eden: 346112K(346112K)->0K(346112K) From: 1024K(1536K)->1024K(1536K)
[248.511s][info][gc,heap        ] GC(1547) ParOldGen: 7049K(699392K)->7145K(699392K)
[248.511s][info][gc,metaspace   ] GC(1547) Metaspace: 14314K(15296K)->14314K(15296K) NonClass: 12353K(12928K)->12353K(12928K) Class: 1960K(2368K)->1960K(2368K)
[248.512s][info][gc             ] GC(1547) Pause Young (Allocation Failure) 345M->7M(1022M) 2.198ms
[248.512s][info][gc,cpu         ] GC(1547) User=0.00s Sys=0.00s Real=0.00s
[248.711s][info][gc,start       ] GC(1548) Pause Young (Allocation Failure)
[248.713s][info][gc,heap        ] GC(1548) PSYoungGen: 347136K(347648K)->992K(347648K) Eden: 346112K(346112K)->0K(346112K) From: 1024K(1536K)->992K(1536K)
[248.713s][info][gc,heap        ] GC(1548) ParOldGen: 7145K(699392K)->7233K(699392K)
[248.713s][info][gc,metaspace   ] GC(1548) Metaspace: 14314K(15296K)->14314K(15296K) NonClass: 12353K(12928K)->12353K(12928K) Class: 1960K(2368K)->1960K(2368K)
[248.713s][info][gc             ] GC(1548) Pause Young (Allocation Failure) 345M->8M(1022M) 2.233ms
[248.713s][info][gc,cpu         ] GC(1548) User=0.00s Sys=0.00s Real=0.00s
[248.959s][info][gc,start       ] GC(1549) Pause Young (Allocation Failure)
[248.962s][info][gc,heap        ] GC(1549) PSYoungGen: 347104K(347648K)->1024K(347648K) Eden: 346112K(346112K)->0K(346112K) From: 992K(1536K)->1024K(1536K)
[248.962s][info][gc,heap        ] GC(1549) ParOldGen: 7233K(699392K)->7321K(699392K)
[248.962s][info][gc,metaspace   ] GC(1549) Metaspace: 14314K(15296K)->14314K(15296K) NonClass: 12353K(12928K)->12353K(12928K) Class: 1960K(2368K)->1960K(2368K)
[248.962s][info][gc             ] GC(1549) Pause Young (Allocation Failure) 346M->8M(1022M) 2.957ms
[248.962s][info][gc,cpu         ] GC(1549) User=0.00s Sys=0.00s Real=0.00s
[249.169s][info][gc,start       ] GC(1550) Pause Young (Allocation Failure)
[249.172s][info][gc,heap        ] GC(1550) PSYoungGen: 347136K(347648K)->1024K(347648K) Eden: 346112K(346112K)->0K(346112K) From: 1024K(1536K)->1024K(1536K)
[249.172s][info][gc,heap        ] GC(1550) ParOldGen: 7321K(699392K)->7417K(699392K)
[249.172s][info][gc,metaspace   ] GC(1550) Metaspace: 14314K(15296K)->14314K(15296K) NonClass: 12353K(12928K)->12353K(12928K) Class: 1960K(2368K)->1960K(2368K)
[249.172s][info][gc             ] GC(1550) Pause Young (Allocation Failure) 346M->8M(1022M) 2.249ms
[249.172s][info][gc,cpu         ] GC(1550) User=0.00s Sys=0.00s Real=0.00s
[249.374s][info][gc,start       ] GC(1551) Pause Young (Allocation Failure)
[249.376s][info][gc,heap        ] GC(1551) PSYoungGen: 347136K(347648K)->1024K(347648K) Eden: 346112K(346112K)->0K(346112K) From: 1024K(1536K)->1024K(1536K)
[249.376s][info][gc,heap        ] GC(1551) ParOldGen: 7417K(699392K)->7545K(699392K)
[249.376s][info][gc,metaspace   ] GC(1551) Metaspace: 14314K(15296K)->14314K(15296K) NonClass: 12353K(12928K)->12353K(12928K) Class: 1960K(2368K)->1960K(2368K)
[249.376s][info][gc             ] GC(1551) Pause Young (Allocation Failure) 346M->8M(1022M) 2.045ms
[249.376s][info][gc,cpu         ] GC(1551) User=0.00s Sys=0.00s Real=0.00s
[249.578s][info][gc,start       ] GC(1552) Pause Young (Allocation Failure)
[249.580s][info][gc,heap        ] GC(1552) PSYoungGen: 347136K(347648K)->1024K(337408K) Eden: 346112K(346112K)->0K(336384K) From: 1024K(1536K)->1024K(1024K)
[249.580s][info][gc,heap        ] GC(1552) ParOldGen: 7545K(699392K)->7617K(699392K)
[249.580s][info][gc,metaspace   ] GC(1552) Metaspace: 14314K(15296K)->14314K(15296K) NonClass: 12353K(12928K)->12353K(12928K) Class: 1960K(2368K)->1960K(2368K)
[249.580s][info][gc             ] GC(1552) Pause Young (Allocation Failure) 346M->8M(1012M) 1.931ms
[249.580s][info][gc,cpu         ] GC(1552) User=0.02s Sys=0.00s Real=0.00s
[249.776s][info][gc,start       ] GC(1553) Pause Young (Allocation Failure)
[249.778s][info][gc,heap        ] GC(1553) PSYoungGen: 337408K(337408K)->1024K(328192K) Eden: 336384K(336384K)->0K(327168K) From: 1024K(1024K)->1024K(1024K)
[249.778s][info][gc,heap        ] GC(1553) ParOldGen: 7617K(699392K)->7689K(699392K)
[249.778s][info][gc,metaspace   ] GC(1553) Metaspace: 14314K(15296K)->14314K(15296K) NonClass: 12353K(12928K)->12353K(12928K) Class: 1960K(2368K)->1960K(2368K)
[249.778s][info][gc             ] GC(1553) Pause Young (Allocation Failure) 336M->8M(1003M) 1.933ms
[249.778s][info][gc,cpu         ] GC(1553) User=0.00s Sys=0.00s Real=0.00s
[249.969s][info][gc,start       ] GC(1554) Pause Young (Allocation Failure)
[249.970s][info][gc,heap        ] GC(1554) PSYoungGen: 328192K(328192K)->1024K(319488K) Eden: 327168K(327168K)->0K(318464K) From: 1024K(1024K)->1024K(1024K)
[249.970s][info][gc,heap        ] GC(1554) ParOldGen: 7689K(699392K)->7777K(699392K)
[249.970s][info][gc,metaspace   ] GC(1554) Metaspace: 14314K(15296K)->14314K(15296K) NonClass: 12353K(12928K)->12353K(12928K) Class: 1960K(2368K)->1960K(2368K)
[249.971s][info][gc             ] GC(1554) Pause Young (Allocation Failure) 328M->8M(995M) 1.800ms
[249.971s][info][gc,cpu         ] GC(1554) User=0.00s Sys=0.02s Real=0.00s
[250.157s][info][gc,start       ] GC(1555) Pause Young (Allocation Failure)
[250.159s][info][gc,heap        ] GC(1555) PSYoungGen: 319488K(319488K)->992K(310784K) Eden: 318464K(318464K)->0K(309760K) From: 1024K(1024K)->992K(1024K)
[250.159s][info][gc,heap        ] GC(1555) ParOldGen: 7777K(699392K)->7857K(699392K)
[250.159s][info][gc,metaspace   ] GC(1555) Metaspace: 14314K(15296K)->14314K(15296K) NonClass: 12353K(12928K)->12353K(12928K) Class: 1960K(2368K)->1960K(2368K)
[250.159s][info][gc             ] GC(1555) Pause Young (Allocation Failure) 319M->8M(986M) 1.910ms
[250.159s][info][gc,cpu         ] GC(1555) User=0.00s Sys=0.00s Real=0.00s
[250.339s][info][gc,start       ] GC(1556) Pause Young (Allocation Failure)
[250.341s][info][gc,heap        ] GC(1556) PSYoungGen: 310752K(310784K)->992K(302592K) Eden: 309760K(309760K)->0K(301568K) From: 992K(1024K)->992K(1024K)
[250.341s][info][gc,heap        ] GC(1556) ParOldGen: 7857K(699392K)->7945K(699392K)
[250.341s][info][gc,metaspace   ] GC(1556) Metaspace: 14314K(15296K)->14314K(15296K) NonClass: 12353K(12928K)->12353K(12928K) Class: 1960K(2368K)->1960K(2368K)
[250.341s][info][gc             ] GC(1556) Pause Young (Allocation Failure) 311M->8M(978M) 1.915ms
[250.341s][info][gc,cpu         ] GC(1556) User=0.00s Sys=0.00s Real=0.00s
[250.518s][info][gc,start       ] GC(1557) Pause Young (Allocation Failure)
[250.520s][info][gc,heap        ] GC(1557) PSYoungGen: 302560K(302592K)->1024K(294912K) Eden: 301568K(301568K)->0K(293888K) From: 992K(1024K)->1024K(1024K)
[250.520s][info][gc,heap        ] GC(1557) ParOldGen: 7945K(699392K)->8017K(699392K)
[250.520s][info][gc,metaspace   ] GC(1557) Metaspace: 14314K(15296K)->14314K(15296K) NonClass: 12353K(12928K)->12353K(12928K) Class: 1960K(2368K)->1960K(2368K)
[250.520s][info][gc             ] GC(1557) Pause Young (Allocation Failure) 303M->8M(971M) 1.949ms
[250.520s][info][gc,cpu         ] GC(1557) User=0.00s Sys=0.00s Real=0.00s
[250.692s][info][gc,start       ] GC(1558) Pause Young (Allocation Failure)
[250.694s][info][gc,heap        ] GC(1558) PSYoungGen: 294912K(294912K)->1024K(287232K) Eden: 293888K(293888K)->0K(286208K) From: 1024K(1024K)->1024K(1024K)
[250.694s][info][gc,heap        ] GC(1558) ParOldGen: 8017K(699392K)->8121K(699392K)
[250.694s][info][gc,metaspace   ] GC(1558) Metaspace: 14314K(15296K)->14314K(15296K) NonClass: 12353K(12928K)->12353K(12928K) Class: 1960K(2368K)->1960K(2368K)
[250.694s][info][gc             ] GC(1558) Pause Young (Allocation Failure) 295M->8M(963M) 1.930ms
[250.694s][info][gc,cpu         ] GC(1558) User=0.00s Sys=0.00s Real=0.00s
[250.861s][info][gc,start       ] GC(1559) Pause Young (Allocation Failure)
[250.863s][info][gc,heap        ] GC(1559) PSYoungGen: 287232K(287232K)->1024K(280064K) Eden: 286208K(286208K)->0K(279040K) From: 1024K(1024K)->1024K(1024K)
[250.863s][info][gc,heap        ] GC(1559) ParOldGen: 8121K(699392K)->8177K(699392K)
[250.863s][info][gc,metaspace   ] GC(1559) Metaspace: 14314K(15296K)->14314K(15296K) NonClass: 12353K(12928K)->12353K(12928K) Class: 1960K(2368K)->1960K(2368K)
[250.863s][info][gc             ] GC(1559) Pause Young (Allocation Failure) 288M->8M(956M) 1.985ms
[250.863s][info][gc,cpu         ] GC(1559) User=0.00s Sys=0.00s Real=0.00s
[251.026s][info][gc,start       ] GC(1560) Pause Young (Allocation Failure)
[251.028s][info][gc,heap        ] GC(1560) PSYoungGen: 280064K(280064K)->1024K(335872K) Eden: 279040K(279040K)->0K(334848K) From: 1024K(1024K)->1024K(1024K)
[251.028s][info][gc,heap        ] GC(1560) ParOldGen: 8177K(699392K)->8225K(699392K)
[251.028s][info][gc,metaspace   ] GC(1560) Metaspace: 14314K(15296K)->14314K(15296K) NonClass: 12353K(12928K)->12353K(12928K) Class: 1960K(2368K)->1960K(2368K)
[251.028s][info][gc             ] GC(1560) Pause Young (Allocation Failure) 281M->9M(1011M) 2.079ms
[251.028s][info][gc,cpu         ] GC(1560) User=0.00s Sys=0.00s Real=0.00s
[251.226s][info][gc,start       ] GC(1561) Pause Young (Allocation Failure)
[251.228s][info][gc,heap        ] GC(1561) PSYoungGen: 335872K(335872K)->1056K(343040K) Eden: 334848K(334848K)->0K(341504K) From: 1024K(1024K)->1056K(1536K)
[251.228s][info][gc,heap        ] GC(1561) ParOldGen: 8225K(699392K)->8297K(699392K)
[251.228s][info][gc,metaspace   ] GC(1561) Metaspace: 14314K(15296K)->14314K(15296K) NonClass: 12353K(12928K)->12353K(12928K) Class: 1960K(2368K)->1960K(2368K)
[251.228s][info][gc             ] GC(1561) Pause Young (Allocation Failure) 336M->9M(1018M) 2.126ms
[251.228s][info][gc,cpu         ] GC(1561) User=0.00s Sys=0.00s Real=0.00s
[251.428s][info][gc,start       ] GC(1562) Pause Young (Allocation Failure)
[251.430s][info][gc,heap        ] GC(1562) PSYoungGen: 342560K(343040K)->1056K(333824K) Eden: 341504K(341504K)->0K(332288K) From: 1056K(1536K)->1056K(1536K)
[251.430s][info][gc,heap        ] GC(1562) ParOldGen: 8297K(699392K)->8401K(699392K)
[251.430s][info][gc,metaspace   ] GC(1562) Metaspace: 14314K(15296K)->14314K(15296K) NonClass: 12353K(12928K)->12353K(12928K) Class: 1960K(2368K)->1960K(2368K)
[251.430s][info][gc             ] GC(1562) Pause Young (Allocation Failure) 342M->9M(1009M) 2.092ms
[251.430s][info][gc,cpu         ] GC(1562) User=0.00s Sys=0.00s Real=0.00s
[251.624s][info][gc,start       ] GC(1563) Pause Young (Allocation Failure)
[251.626s][info][gc,heap        ] GC(1563) PSYoungGen: 333344K(333824K)->1056K(324608K) Eden: 332288K(332288K)->0K(323072K) From: 1056K(1536K)->1056K(1536K)
[251.626s][info][gc,heap        ] GC(1563) ParOldGen: 8401K(699392K)->8497K(699392K)
[251.626s][info][gc,metaspace   ] GC(1563) Metaspace: 14314K(15296K)->14314K(15296K) NonClass: 12353K(12928K)->12353K(12928K) Class: 1960K(2368K)->1960K(2368K)
[251.626s][info][gc             ] GC(1563) Pause Young (Allocation Failure) 333M->9M(1000M) 2.128ms
[251.626s][info][gc,cpu         ] GC(1563) User=0.52s Sys=0.00s Real=0.00s
[251.816s][info][gc,start       ] GC(1564) Pause Young (Allocation Failure)
[251.818s][info][gc,heap        ] GC(1564) PSYoungGen: 324128K(324608K)->512K(346624K) Eden: 323072K(323072K)->0K(346112K) From: 1056K(1536K)->512K(512K)
[251.818s][info][gc,heap        ] GC(1564) ParOldGen: 8497K(699392K)->8697K(699392K)
[251.818s][info][gc,metaspace   ] GC(1564) Metaspace: 14314K(15296K)->14314K(15296K) NonClass: 12353K(12928K)->12353K(12928K) Class: 1960K(2368K)->1960K(2368K)
[251.818s][info][gc             ] GC(1564) Pause Young (Allocation Failure) 324M->8M(1021M) 2.221ms
[251.819s][info][gc,cpu         ] GC(1564) User=0.00s Sys=0.00s Real=0.00s
[252.023s][info][gc,start       ] GC(1565) Pause Young (Allocation Failure)
[252.025s][info][gc,heap        ] GC(1565) PSYoungGen: 346624K(346624K)->1024K(347648K) Eden: 346112K(346112K)->0K(346112K) From: 512K(512K)->1024K(1536K)
[252.025s][info][gc,heap        ] GC(1565) ParOldGen: 8697K(699392K)->8721K(699392K)
[252.025s][info][gc,metaspace   ] GC(1565) Metaspace: 14314K(15296K)->14314K(15296K) NonClass: 12353K(12928K)->12353K(12928K) Class: 1960K(2368K)->1960K(2368K)
[252.025s][info][gc             ] GC(1565) Pause Young (Allocation Failure) 346M->9M(1022M) 2.178ms
[252.025s][info][gc,cpu         ] GC(1565) User=0.00s Sys=0.00s Real=0.00s
[252.229s][info][gc,start       ] GC(1566) Pause Young (Allocation Failure)
[252.232s][info][gc,heap        ] GC(1566) PSYoungGen: 347136K(347648K)->1056K(347648K) Eden: 346112K(346112K)->0K(346112K) From: 1024K(1536K)->1056K(1536K)
[252.232s][info][gc,heap        ] GC(1566) ParOldGen: 8721K(699392K)->8857K(699392K)
[252.232s][info][gc,metaspace   ] GC(1566) Metaspace: 14314K(15296K)->14314K(15296K) NonClass: 12353K(12928K)->12353K(12928K) Class: 1960K(2368K)->1960K(2368K)
[252.232s][info][gc             ] GC(1566) Pause Young (Allocation Failure) 347M->9M(1022M) 2.181ms
[252.232s][info][gc,cpu         ] GC(1566) User=0.00s Sys=0.00s Real=0.00s
[252.434s][info][gc,start       ] GC(1567) Pause Young (Allocation Failure)
[252.436s][info][gc,heap        ] GC(1567) PSYoungGen: 347168K(347648K)->1024K(347648K) Eden: 346112K(346112K)->0K(346112K) From: 1056K(1536K)->1024K(1536K)
[252.436s][info][gc,heap        ] GC(1567) ParOldGen: 8857K(699392K)->8929K(699392K)
[252.436s][info][gc,metaspace   ] GC(1567) Metaspace: 14314K(15296K)->14314K(15296K) NonClass: 12353K(12928K)->12353K(12928K) Class: 1960K(2368K)->1960K(2368K)
[252.436s][info][gc             ] GC(1567) Pause Young (Allocation Failure) 347M->9M(1022M) 2.278ms
[252.436s][info][gc,cpu         ] GC(1567) User=0.00s Sys=0.00s Real=0.00s
[252.638s][info][gc,start       ] GC(1568) Pause Young (Allocation Failure)
[252.640s][info][gc,heap        ] GC(1568) PSYoungGen: 347136K(347648K)->1024K(347648K) Eden: 346112K(346112K)->0K(346112K) From: 1024K(1536K)->1024K(1536K)
[252.640s][info][gc,heap        ] GC(1568) ParOldGen: 8929K(699392K)->9009K(699392K)
[252.640s][info][gc,metaspace   ] GC(1568) Metaspace: 14314K(15296K)->14314K(15296K) NonClass: 12353K(12928K)->12353K(12928K) Class: 1960K(2368K)->1960K(2368K)
[252.641s][info][gc             ] GC(1568) Pause Young (Allocation Failure) 347M->9M(1022M) 2.263ms
[252.641s][info][gc,cpu         ] GC(1568) User=0.00s Sys=0.00s Real=0.00s
[252.995s][info][gc,start       ] GC(1569) Pause Young (Allocation Failure)
[252.998s][info][gc,heap        ] GC(1569) PSYoungGen: 347136K(347648K)->1024K(337408K) Eden: 346112K(346112K)->0K(336384K) From: 1024K(1536K)->1024K(1024K)
[252.998s][info][gc,heap        ] GC(1569) ParOldGen: 9009K(699392K)->9129K(699392K)
[252.998s][info][gc,metaspace   ] GC(1569) Metaspace: 14314K(15296K)->14314K(15296K) NonClass: 12353K(12928K)->12353K(12928K) Class: 1960K(2368K)->1960K(2368K)
[252.998s][info][gc             ] GC(1569) Pause Young (Allocation Failure) 347M->9M(1012M) 3.151ms
[252.998s][info][gc,cpu         ] GC(1569) User=0.00s Sys=0.00s Real=0.00s
[253.202s][info][gc,start       ] GC(1570) Pause Young (Allocation Failure)
[253.204s][info][gc,heap        ] GC(1570) PSYoungGen: 337408K(337408K)->1024K(328192K) Eden: 336384K(336384K)->0K(327168K) From: 1024K(1024K)->1024K(1024K)
[253.204s][info][gc,heap        ] GC(1570) ParOldGen: 9129K(699392K)->9225K(699392K)
[253.204s][info][gc,metaspace   ] GC(1570) Metaspace: 14314K(15296K)->14314K(15296K) NonClass: 12353K(12928K)->12353K(12928K) Class: 1960K(2368K)->1960K(2368K)
[253.204s][info][gc             ] GC(1570) Pause Young (Allocation Failure) 338M->10M(1003M) 2.082ms
[253.204s][info][gc,cpu         ] GC(1570) User=0.00s Sys=0.00s Real=0.00s
[253.400s][info][gc,start       ] GC(1571) Pause Young (Allocation Failure)
[253.402s][info][gc,heap        ] GC(1571) PSYoungGen: 328192K(328192K)->1024K(319488K) Eden: 327168K(327168K)->0K(318464K) From: 1024K(1024K)->1024K(1024K)
[253.402s][info][gc,heap        ] GC(1571) ParOldGen: 9225K(699392K)->9281K(699392K)
[253.402s][info][gc,metaspace   ] GC(1571) Metaspace: 14314K(15296K)->14314K(15296K) NonClass: 12353K(12928K)->12353K(12928K) Class: 1960K(2368K)->1960K(2368K)
[253.402s][info][gc             ] GC(1571) Pause Young (Allocation Failure) 329M->10M(995M) 1.893ms
[253.402s][info][gc,cpu         ] GC(1571) User=0.00s Sys=0.00s Real=0.00s
[253.591s][info][gc,start       ] GC(1572) Pause Young (Allocation Failure)
[253.593s][info][gc,heap        ] GC(1572) PSYoungGen: 319488K(319488K)->1024K(310784K) Eden: 318464K(318464K)->0K(309760K) From: 1024K(1024K)->1024K(1024K)
[253.593s][info][gc,heap        ] GC(1572) ParOldGen: 9281K(699392K)->9345K(699392K)
[253.593s][info][gc,metaspace   ] GC(1572) Metaspace: 14314K(15296K)->14314K(15296K) NonClass: 12353K(12928K)->12353K(12928K) Class: 1960K(2368K)->1960K(2368K)
[253.593s][info][gc             ] GC(1572) Pause Young (Allocation Failure) 321M->10M(986M) 1.865ms
[253.593s][info][gc,cpu         ] GC(1572) User=0.00s Sys=0.00s Real=0.00s
[253.777s][info][gc,start       ] GC(1573) Pause Young (Allocation Failure)
[253.779s][info][gc,heap        ] GC(1573) PSYoungGen: 310784K(310784K)->1024K(302592K) Eden: 309760K(309760K)->0K(301568K) From: 1024K(1024K)->1024K(1024K)
[253.779s][info][gc,heap        ] GC(1573) ParOldGen: 9345K(699392K)->9441K(699392K)
[253.779s][info][gc,metaspace   ] GC(1573) Metaspace: 14314K(15296K)->14314K(15296K) NonClass: 12353K(12928K)->12353K(12928K) Class: 1960K(2368K)->1960K(2368K)
[253.779s][info][gc             ] GC(1573) Pause Young (Allocation Failure) 312M->10M(978M) 1.914ms
[253.779s][info][gc,cpu         ] GC(1573) User=0.00s Sys=0.00s Real=0.00s
[253.959s][info][gc,start       ] GC(1574) Pause Young (Allocation Failure)
[253.961s][info][gc,heap        ] GC(1574) PSYoungGen: 302592K(302592K)->1024K(294912K) Eden: 301568K(301568K)->0K(293888K) From: 1024K(1024K)->1024K(1024K)
[253.961s][info][gc,heap        ] GC(1574) ParOldGen: 9441K(699392K)->9513K(699392K)
[253.961s][info][gc,metaspace   ] GC(1574) Metaspace: 14314K(15296K)->14314K(15296K) NonClass: 12353K(12928K)->12353K(12928K) Class: 1960K(2368K)->1960K(2368K)
[253.961s][info][gc             ] GC(1574) Pause Young (Allocation Failure) 304M->10M(971M) 1.786ms
[253.961s][info][gc,cpu         ] GC(1574) User=0.00s Sys=0.00s Real=0.00s
[254.137s][info][gc,start       ] GC(1575) Pause Young (Allocation Failure)
[254.139s][info][gc,heap        ] GC(1575) PSYoungGen: 294912K(294912K)->992K(287232K) Eden: 293888K(293888K)->0K(286208K) From: 1024K(1024K)->992K(1024K)
[254.139s][info][gc,heap        ] GC(1575) ParOldGen: 9513K(699392K)->9609K(699392K)
[254.139s][info][gc,metaspace   ] GC(1575) Metaspace: 14314K(15296K)->14314K(15296K) NonClass: 12353K(12928K)->12353K(12928K) Class: 1960K(2368K)->1960K(2368K)
[254.139s][info][gc             ] GC(1575) Pause Young (Allocation Failure) 297M->10M(963M) 1.838ms
[254.139s][info][gc,cpu         ] GC(1575) User=0.00s Sys=0.00s Real=0.00s
[254.309s][info][gc,start       ] GC(1576) Pause Young (Allocation Failure)
[254.311s][info][gc,heap        ] GC(1576) PSYoungGen: 287200K(287232K)->1024K(280064K) Eden: 286208K(286208K)->0K(279040K) From: 992K(1024K)->1024K(1024K)
[254.311s][info][gc,heap        ] GC(1576) ParOldGen: 9609K(699392K)->9681K(699392K)
[254.311s][info][gc,metaspace   ] GC(1576) Metaspace: 14314K(15296K)->14314K(15296K) NonClass: 12353K(12928K)->12353K(12928K) Class: 1960K(2368K)->1960K(2368K)
[254.311s][info][gc             ] GC(1576) Pause Young (Allocation Failure) 289M->10M(956M) 1.943ms
[254.311s][info][gc,cpu         ] GC(1576) User=0.00s Sys=0.00s Real=0.00s
[254.478s][info][gc,start       ] GC(1577) Pause Young (Allocation Failure)
[254.480s][info][gc,heap        ] GC(1577) PSYoungGen: 280064K(280064K)->1024K(272896K) Eden: 279040K(279040K)->0K(271872K) From: 1024K(1024K)->1024K(1024K)
[254.480s][info][gc,heap        ] GC(1577) ParOldGen: 9681K(699392K)->9753K(699392K)
[254.480s][info][gc,metaspace   ] GC(1577) Metaspace: 14314K(15296K)->14314K(15296K) NonClass: 12353K(12928K)->12353K(12928K) Class: 1960K(2368K)->1960K(2368K)
[254.480s][info][gc             ] GC(1577) Pause Young (Allocation Failure) 282M->10M(949M) 1.913ms
[254.480s][info][gc,cpu         ] GC(1577) User=0.00s Sys=0.00s Real=0.00s
[254.644s][info][gc,start       ] GC(1578) Pause Young (Allocation Failure)
[254.645s][info][gc,heap        ] GC(1578) PSYoungGen: 272896K(272896K)->992K(266240K) Eden: 271872K(271872K)->0K(265216K) From: 1024K(1024K)->992K(1024K)
[254.646s][info][gc,heap        ] GC(1578) ParOldGen: 9753K(699392K)->9833K(699392K)
[254.646s][info][gc,metaspace   ] GC(1578) Metaspace: 14314K(15296K)->14314K(15296K) NonClass: 12353K(12928K)->12353K(12928K) Class: 1960K(2368K)->1960K(2368K)
[254.646s][info][gc             ] GC(1578) Pause Young (Allocation Failure) 276M->10M(943M) 1.989ms
[254.646s][info][gc,cpu         ] GC(1578) User=0.00s Sys=0.00s Real=0.00s
[254.804s][info][gc,start       ] GC(1579) Pause Young (Allocation Failure)
[254.806s][info][gc,heap        ] GC(1579) PSYoungGen: 266208K(266240K)->1024K(319488K) Eden: 265216K(265216K)->0K(318464K) From: 992K(1024K)->1024K(1024K)
[254.806s][info][gc,heap        ] GC(1579) ParOldGen: 9833K(699392K)->9889K(699392K)
[254.806s][info][gc,metaspace   ] GC(1579) Metaspace: 14314K(15296K)->14314K(15296K) NonClass: 12353K(12928K)->12353K(12928K) Class: 1960K(2368K)->1960K(2368K)
[254.806s][info][gc             ] GC(1579) Pause Young (Allocation Failure) 269M->10M(995M) 2.028ms
[254.807s][info][gc,cpu         ] GC(1579) User=0.00s Sys=0.00s Real=0.00s
[254.996s][info][gc,start       ] GC(1580) Pause Young (Allocation Failure)
[254.998s][info][gc,heap        ] GC(1580) PSYoungGen: 319488K(319488K)->1024K(310784K) Eden: 318464K(318464K)->0K(309760K) From: 1024K(1024K)->1024K(1024K)
[254.998s][info][gc,heap        ] GC(1580) ParOldGen: 9889K(699392K)->9969K(699392K)
[254.998s][info][gc,metaspace   ] GC(1580) Metaspace: 14314K(15296K)->14314K(15296K) NonClass: 12353K(12928K)->12353K(12928K) Class: 1960K(2368K)->1960K(2368K)
[254.998s][info][gc             ] GC(1580) Pause Young (Allocation Failure) 321M->10M(986M) 2.053ms
[254.998s][info][gc,cpu         ] GC(1580) User=0.00s Sys=0.00s Real=0.00s
[255.183s][info][gc,start       ] GC(1581) Pause Young (Allocation Failure)
[255.185s][info][gc,heap        ] GC(1581) PSYoungGen: 310784K(310784K)->960K(302592K) Eden: 309760K(309760K)->0K(301568K) From: 1024K(1024K)->960K(1024K)
[255.185s][info][gc,heap        ] GC(1581) ParOldGen: 9969K(699392K)->10041K(699392K)
[255.185s][info][gc,metaspace   ] GC(1581) Metaspace: 14314K(15296K)->14314K(15296K) NonClass: 12353K(12928K)->12353K(12928K) Class: 1960K(2368K)->1960K(2368K)
[255.185s][info][gc             ] GC(1581) Pause Young (Allocation Failure) 313M->10M(978M) 2.069ms
[255.185s][info][gc,cpu         ] GC(1581) User=0.00s Sys=0.00s Real=0.00s
[255.364s][info][gc,start       ] GC(1582) Pause Young (Allocation Failure)
[255.366s][info][gc,heap        ] GC(1582) PSYoungGen: 302528K(302592K)->1024K(340992K) Eden: 301568K(301568K)->0K(339456K) From: 960K(1024K)->1024K(1536K)
[255.366s][info][gc,heap        ] GC(1582) ParOldGen: 10041K(699392K)->10137K(699392K)
[255.366s][info][gc,metaspace   ] GC(1582) Metaspace: 14314K(15296K)->14314K(15296K) NonClass: 12353K(12928K)->12353K(12928K) Class: 1960K(2368K)->1960K(2368K)
[255.366s][info][gc             ] GC(1582) Pause Young (Allocation Failure) 305M->10M(1016M) 2.050ms
[255.366s][info][gc,cpu         ] GC(1582) User=0.00s Sys=0.00s Real=0.00s
[255.566s][info][gc,start       ] GC(1583) Pause Young (Allocation Failure)
[255.568s][info][gc,heap        ] GC(1583) PSYoungGen: 340480K(340992K)->1024K(331264K) Eden: 339456K(339456K)->0K(330240K) From: 1024K(1536K)->1024K(1024K)
[255.568s][info][gc,heap        ] GC(1583) ParOldGen: 10137K(699392K)->10225K(699392K)
[255.568s][info][gc,metaspace   ] GC(1583) Metaspace: 14314K(15296K)->14314K(15296K) NonClass: 12353K(12928K)->12353K(12928K) Class: 1960K(2368K)->1960K(2368K)
[255.568s][info][gc             ] GC(1583) Pause Young (Allocation Failure) 342M->10M(1006M) 2.306ms
[255.568s][info][gc,cpu         ] GC(1583) User=0.00s Sys=0.00s Real=0.00s
[255.766s][info][gc,start       ] GC(1584) Pause Young (Allocation Failure)
[255.768s][info][gc,heap        ] GC(1584) PSYoungGen: 331264K(331264K)->1024K(322560K) Eden: 330240K(330240K)->0K(321536K) From: 1024K(1024K)->1024K(1024K)
[255.768s][info][gc,heap        ] GC(1584) ParOldGen: 10225K(699392K)->10329K(699392K)
[255.768s][info][gc,metaspace   ] GC(1584) Metaspace: 14314K(15296K)->14314K(15296K) NonClass: 12353K(12928K)->12353K(12928K) Class: 1960K(2368K)->1960K(2368K)
[255.768s][info][gc             ] GC(1584) Pause Young (Allocation Failure) 333M->11M(998M) 2.095ms
[255.768s][info][gc,cpu         ] GC(1584) User=0.00s Sys=0.00s Real=0.00s
[255.959s][info][gc,start       ] GC(1585) Pause Young (Allocation Failure)
[255.961s][info][gc,heap        ] GC(1585) PSYoungGen: 322560K(322560K)->1024K(339968K) Eden: 321536K(321536K)->0K(338432K) From: 1024K(1024K)->1024K(1536K)
[255.961s][info][gc,heap        ] GC(1585) ParOldGen: 10329K(699392K)->10417K(699392K)
[255.961s][info][gc,metaspace   ] GC(1585) Metaspace: 14314K(15296K)->14314K(15296K) NonClass: 12353K(12928K)->12353K(12928K) Class: 1960K(2368K)->1960K(2368K)
[255.961s][info][gc             ] GC(1585) Pause Young (Allocation Failure) 325M->11M(1015M) 2.197ms
[255.961s][info][gc,cpu         ] GC(1585) User=0.00s Sys=0.00s Real=0.00s
[256.162s][info][gc,start       ] GC(1586) Pause Young (Allocation Failure)
[256.164s][info][gc,heap        ] GC(1586) PSYoungGen: 339456K(339968K)->1024K(347648K) Eden: 338432K(338432K)->0K(346112K) From: 1024K(1536K)->1024K(1536K)
[256.164s][info][gc,heap        ] GC(1586) ParOldGen: 10417K(699392K)->10465K(699392K)
[256.164s][info][gc,metaspace   ] GC(1586) Metaspace: 14314K(15296K)->14314K(15296K) NonClass: 12353K(12928K)->12353K(12928K) Class: 1960K(2368K)->1960K(2368K)
[256.164s][info][gc             ] GC(1586) Pause Young (Allocation Failure) 341M->11M(1022M) 2.180ms
[256.164s][info][gc,cpu         ] GC(1586) User=0.00s Sys=0.00s Real=0.00s
[256.368s][info][gc,start       ] GC(1587) Pause Young (Allocation Failure)
[256.370s][info][gc,heap        ] GC(1587) PSYoungGen: 347135K(347648K)->1056K(347648K) Eden: 346111K(346112K)->0K(346112K) From: 1024K(1536K)->1056K(1536K)
[256.370s][info][gc,heap        ] GC(1587) ParOldGen: 10465K(699392K)->10529K(699392K)
[256.370s][info][gc,metaspace   ] GC(1587) Metaspace: 14314K(15296K)->14314K(15296K) NonClass: 12353K(12928K)->12353K(12928K) Class: 1960K(2368K)->1960K(2368K)
[256.370s][info][gc             ] GC(1587) Pause Young (Allocation Failure) 349M->11M(1022M) 2.186ms
[256.370s][info][gc,cpu         ] GC(1587) User=0.00s Sys=0.00s Real=0.00s
[256.576s][info][gc,start       ] GC(1588) Pause Young (Allocation Failure)
[256.578s][info][gc,heap        ] GC(1588) PSYoungGen: 347168K(347648K)->1024K(347648K) Eden: 346112K(346112K)->0K(346112K) From: 1056K(1536K)->1024K(1536K)
[256.579s][info][gc,heap        ] GC(1588) ParOldGen: 10529K(699392K)->10617K(699392K)
[256.579s][info][gc,metaspace   ] GC(1588) Metaspace: 14314K(15296K)->14314K(15296K) NonClass: 12353K(12928K)->12353K(12928K) Class: 1960K(2368K)->1960K(2368K)
[256.579s][info][gc             ] GC(1588) Pause Young (Allocation Failure) 349M->11M(1022M) 2.237ms
[256.579s][info][gc,cpu         ] GC(1588) User=0.52s Sys=0.00s Real=0.00s
[256.891s][info][gc,start       ] GC(1589) Pause Young (Allocation Failure)
[256.894s][info][gc,heap        ] GC(1589) PSYoungGen: 347136K(347648K)->992K(337408K) Eden: 346112K(346112K)->0K(336384K) From: 1024K(1536K)->992K(1024K)
[256.894s][info][gc,heap        ] GC(1589) ParOldGen: 10617K(699392K)->10681K(699392K)
[256.894s][info][gc,metaspace   ] GC(1589) Metaspace: 14314K(15296K)->14314K(15296K) NonClass: 12353K(12928K)->12353K(12928K) Class: 1960K(2368K)->1960K(2368K)
[256.894s][info][gc             ] GC(1589) Pause Young (Allocation Failure) 349M->11M(1012M) 3.080ms
[256.894s][info][gc,cpu         ] GC(1589) User=0.00s Sys=0.00s Real=0.00s
[257.101s][info][gc,start       ] GC(1590) Pause Young (Allocation Failure)
[257.103s][info][gc,heap        ] GC(1590) PSYoungGen: 337376K(337408K)->1024K(328192K) Eden: 336384K(336384K)->0K(327168K) From: 992K(1024K)->1024K(1024K)
[257.103s][info][gc,heap        ] GC(1590) ParOldGen: 10681K(699392K)->10769K(699392K)
[257.103s][info][gc,metaspace   ] GC(1590) Metaspace: 14314K(15296K)->14314K(15296K) NonClass: 12353K(12928K)->12353K(12928K) Class: 1960K(2368K)->1960K(2368K)
[257.103s][info][gc             ] GC(1590) Pause Young (Allocation Failure) 339M->11M(1003M) 2.068ms
[257.103s][info][gc,cpu         ] GC(1590) User=0.00s Sys=0.00s Real=0.00s
[257.298s][info][gc,start       ] GC(1591) Pause Young (Allocation Failure)
[257.300s][info][gc,heap        ] GC(1591) PSYoungGen: 328192K(328192K)->1024K(319488K) Eden: 327168K(327168K)->0K(318464K) From: 1024K(1024K)->1024K(1024K)
[257.300s][info][gc,heap        ] GC(1591) ParOldGen: 10769K(699392K)->10857K(699392K)
[257.300s][info][gc,metaspace   ] GC(1591) Metaspace: 14314K(15296K)->14314K(15296K) NonClass: 12353K(12928K)->12353K(12928K) Class: 1960K(2368K)->1960K(2368K)
[257.300s][info][gc             ] GC(1591) Pause Young (Allocation Failure) 331M->11M(995M) 1.949ms
[257.300s][info][gc,cpu         ] GC(1591) User=0.00s Sys=0.00s Real=0.00s
[257.489s][info][gc,start       ] GC(1592) Pause Young (Allocation Failure)
[257.491s][info][gc,heap        ] GC(1592) PSYoungGen: 319488K(319488K)->1024K(310784K) Eden: 318464K(318464K)->0K(309760K) From: 1024K(1024K)->1024K(1024K)
[257.491s][info][gc,heap        ] GC(1592) ParOldGen: 10857K(699392K)->10961K(699392K)
[257.491s][info][gc,metaspace   ] GC(1592) Metaspace: 14314K(15296K)->14314K(15296K) NonClass: 12353K(12928K)->12353K(12928K) Class: 1960K(2368K)->1960K(2368K)
[257.491s][info][gc             ] GC(1592) Pause Young (Allocation Failure) 322M->11M(986M) 2.140ms
[257.491s][info][gc,cpu         ] GC(1592) User=0.00s Sys=0.00s Real=0.00s
[257.674s][info][gc,start       ] GC(1593) Pause Young (Allocation Failure)
[257.675s][info][gc,heap        ] GC(1593) PSYoungGen: 310784K(310784K)->1024K(302592K) Eden: 309760K(309760K)->0K(301568K) From: 1024K(1024K)->1024K(1024K)
[257.675s][info][gc,heap        ] GC(1593) ParOldGen: 10961K(699392K)->11033K(699392K)
[257.675s][info][gc,metaspace   ] GC(1593) Metaspace: 14314K(15296K)->14314K(15296K) NonClass: 12353K(12928K)->12353K(12928K) Class: 1960K(2368K)->1960K(2368K)
[257.675s][info][gc             ] GC(1593) Pause Young (Allocation Failure) 314M->11M(978M) 1.796ms
[257.675s][info][gc,cpu         ] GC(1593) User=0.00s Sys=0.00s Real=0.00s
[257.851s][info][gc,start       ] GC(1594) Pause Young (Allocation Failure)
[257.852s][info][gc,heap        ] GC(1594) PSYoungGen: 302592K(302592K)->1024K(294912K) Eden: 301568K(301568K)->0K(293888K) From: 1024K(1024K)->1024K(1024K)
[257.853s][info][gc,heap        ] GC(1594) ParOldGen: 11033K(699392K)->11113K(699392K)
[257.853s][info][gc,metaspace   ] GC(1594) Metaspace: 14314K(15296K)->14314K(15296K) NonClass: 12353K(12928K)->12353K(12928K) Class: 1960K(2368K)->1960K(2368K)
[257.853s][info][gc             ] GC(1594) Pause Young (Allocation Failure) 306M->11M(971M) 1.802ms
[257.853s][info][gc,cpu         ] GC(1594) User=0.00s Sys=0.00s Real=0.00s
[258.024s][info][gc,start       ] GC(1595) Pause Young (Allocation Failure)
[258.026s][info][gc,heap        ] GC(1595) PSYoungGen: 294912K(294912K)->1024K(287232K) Eden: 293888K(293888K)->0K(286208K) From: 1024K(1024K)->1024K(1024K)
[258.026s][info][gc,heap        ] GC(1595) ParOldGen: 11113K(699392K)->11181K(699392K)
[258.026s][info][gc,metaspace   ] GC(1595) Metaspace: 14314K(15296K)->14314K(15296K) NonClass: 12353K(12928K)->12353K(12928K) Class: 1960K(2368K)->1960K(2368K)
[258.026s][info][gc             ] GC(1595) Pause Young (Allocation Failure) 298M->11M(963M) 1.897ms
[258.026s][info][gc,cpu         ] GC(1595) User=0.00s Sys=0.00s Real=0.00s
[258.194s][info][gc,start       ] GC(1596) Pause Young (Allocation Failure)
[258.196s][info][gc,heap        ] GC(1596) PSYoungGen: 287232K(287232K)->992K(280064K) Eden: 286208K(286208K)->0K(279040K) From: 1024K(1024K)->992K(1024K)
[258.196s][info][gc,heap        ] GC(1596) ParOldGen: 11181K(699392K)->11237K(699392K)
[258.196s][info][gc,metaspace   ] GC(1596) Metaspace: 14314K(15296K)->14314K(15296K) NonClass: 12353K(12928K)->12353K(12928K) Class: 1960K(2368K)->1960K(2368K)
[258.196s][info][gc             ] GC(1596) Pause Young (Allocation Failure) 291M->11M(956M) 1.922ms
[258.196s][info][gc,cpu         ] GC(1596) User=0.00s Sys=0.00s Real=0.00s
[258.359s][info][gc,start       ] GC(1597) Pause Young (Allocation Failure)
[258.360s][info][gc,heap        ] GC(1597) PSYoungGen: 280032K(280064K)->1024K(272896K) Eden: 279040K(279040K)->0K(271872K) From: 992K(1024K)->1024K(1024K)
[258.361s][info][gc,heap        ] GC(1597) ParOldGen: 11237K(699392K)->11301K(699392K)
[258.361s][info][gc,metaspace   ] GC(1597) Metaspace: 14314K(15296K)->14314K(15296K) NonClass: 12353K(12928K)->12353K(12928K) Class: 1960K(2368K)->1960K(2368K)
[258.361s][info][gc             ] GC(1597) Pause Young (Allocation Failure) 284M->12M(949M) 1.931ms
[258.361s][info][gc,cpu         ] GC(1597) User=0.52s Sys=0.00s Real=0.00s
[258.520s][info][gc,start       ] GC(1598) Pause Young (Allocation Failure)
[258.522s][info][gc,heap        ] GC(1598) PSYoungGen: 272896K(272896K)->992K(327680K) Eden: 271872K(271872K)->0K(326656K) From: 1024K(1024K)->992K(1024K)
[258.522s][info][gc,heap        ] GC(1598) ParOldGen: 11301K(699392K)->11365K(699392K)
[258.522s][info][gc,metaspace   ] GC(1598) Metaspace: 14314K(15296K)->14314K(15296K) NonClass: 12353K(12928K)->12353K(12928K) Class: 1960K(2368K)->1960K(2368K)
[258.522s][info][gc             ] GC(1598) Pause Young (Allocation Failure) 277M->12M(1003M) 1.942ms
[258.522s][info][gc,cpu         ] GC(1598) User=0.00s Sys=0.00s Real=0.00s
[258.715s][info][gc,start       ] GC(1599) Pause Young (Allocation Failure)
[258.717s][info][gc,heap        ] GC(1599) PSYoungGen: 327647K(327680K)->1024K(318976K) Eden: 326655K(326656K)->0K(317952K) From: 992K(1024K)->1024K(1024K)
[258.717s][info][gc,heap        ] GC(1599) ParOldGen: 11365K(699392K)->11429K(699392K)
[258.717s][info][gc,metaspace   ] GC(1599) Metaspace: 14314K(15296K)->14314K(15296K) NonClass: 12353K(12928K)->12353K(12928K) Class: 1960K(2368K)->1960K(2368K)
[258.717s][info][gc             ] GC(1599) Pause Young (Allocation Failure) 331M->12M(994M) 2.058ms
[258.717s][info][gc,cpu         ] GC(1599) User=0.00s Sys=0.00s Real=0.00s
[258.903s][info][gc,start       ] GC(1600) Pause Young (Allocation Failure)
[258.905s][info][gc,heap        ] GC(1600) PSYoungGen: 318976K(318976K)->1024K(310272K) Eden: 317952K(317952K)->0K(309248K) From: 1024K(1024K)->1024K(1024K)
[258.905s][info][gc,heap        ] GC(1600) ParOldGen: 11429K(699392K)->11517K(699392K)
[258.905s][info][gc,metaspace   ] GC(1600) Metaspace: 14314K(15296K)->14314K(15296K) NonClass: 12353K(12928K)->12353K(12928K) Class: 1960K(2368K)->1960K(2368K)
[258.905s][info][gc             ] GC(1600) Pause Young (Allocation Failure) 322M->12M(986M) 2.044ms
[258.905s][info][gc,cpu         ] GC(1600) User=0.00s Sys=0.00s Real=0.00s
[259.087s][info][gc,start       ] GC(1601) Pause Young (Allocation Failure)
[259.089s][info][gc,heap        ] GC(1601) PSYoungGen: 310272K(310272K)->992K(302080K) Eden: 309248K(309248K)->0K(301056K) From: 1024K(1024K)->992K(1024K)
[259.089s][info][gc,heap        ] GC(1601) ParOldGen: 11517K(699392K)->11589K(699392K)
[259.089s][info][gc,metaspace   ] GC(1601) Metaspace: 14314K(15296K)->14314K(15296K) NonClass: 12353K(12928K)->12353K(12928K) Class: 1960K(2368K)->1960K(2368K)
[259.089s][info][gc             ] GC(1601) Pause Young (Allocation Failure) 314M->12M(978M) 2.078ms
[259.089s][info][gc,cpu         ] GC(1601) User=0.00s Sys=0.00s Real=0.00s
[259.263s][info][gc,start       ] GC(1602) Pause Young (Allocation Failure)
[259.265s][info][gc,heap        ] GC(1602) PSYoungGen: 302048K(302080K)->1024K(340992K) Eden: 301056K(301056K)->0K(339456K) From: 992K(1024K)->1024K(1536K)
[259.265s][info][gc,heap        ] GC(1602) ParOldGen: 11589K(699392K)->11677K(699392K)
[259.265s][info][gc,metaspace   ] GC(1602) Metaspace: 14314K(15296K)->14314K(15296K) NonClass: 12353K(12928K)->12353K(12928K) Class: 1960K(2368K)->1960K(2368K)
[259.265s][info][gc             ] GC(1602) Pause Young (Allocation Failure) 306M->12M(1016M) 2.044ms
[259.265s][info][gc,cpu         ] GC(1602) User=0.00s Sys=0.00s Real=0.00s
[259.465s][info][gc,start       ] GC(1603) Pause Young (Allocation Failure)
[259.467s][info][gc,heap        ] GC(1603) PSYoungGen: 340480K(340992K)->1024K(331264K) Eden: 339456K(339456K)->0K(330240K) From: 1024K(1536K)->1024K(1024K)
[259.467s][info][gc,heap        ] GC(1603) ParOldGen: 11677K(699392K)->11757K(699392K)
[259.467s][info][gc,metaspace   ] GC(1603) Metaspace: 14314K(15296K)->14314K(15296K) NonClass: 12353K(12928K)->12353K(12928K) Class: 1960K(2368K)->1960K(2368K)
[259.467s][info][gc             ] GC(1603) Pause Young (Allocation Failure) 343M->12M(1006M) 2.317ms
[259.467s][info][gc,cpu         ] GC(1603) User=0.00s Sys=0.00s Real=0.00s
[259.659s][info][gc,start       ] GC(1604) Pause Young (Allocation Failure)
[259.671s][info][gc,heap        ] GC(1604) PSYoungGen: 331264K(331264K)->1024K(322560K) Eden: 330240K(330240K)->0K(321536K) From: 1024K(1024K)->1024K(1024K)
[259.671s][info][gc,heap        ] GC(1604) ParOldGen: 11757K(699392K)->11829K(699392K)
[259.671s][info][gc,metaspace   ] GC(1604) Metaspace: 14314K(15296K)->14314K(15296K) NonClass: 12353K(12928K)->12353K(12928K) Class: 1960K(2368K)->1960K(2368K)
[259.671s][info][gc             ] GC(1604) Pause Young (Allocation Failure) 334M->12M(998M) 11.543ms
[259.671s][info][gc,cpu         ] GC(1604) User=0.00s Sys=0.00s Real=0.01s
[259.861s][info][gc,start       ] GC(1605) Pause Young (Allocation Failure)
[259.863s][info][gc,heap        ] GC(1605) PSYoungGen: 322560K(322560K)->1024K(339968K) Eden: 321536K(321536K)->0K(338432K) From: 1024K(1024K)->1024K(1536K)
[259.863s][info][gc,heap        ] GC(1605) ParOldGen: 11829K(699392K)->11925K(699392K)
[259.863s][info][gc,metaspace   ] GC(1605) Metaspace: 14314K(15296K)->14314K(15296K) NonClass: 12353K(12928K)->12353K(12928K) Class: 1960K(2368K)->1960K(2368K)
[259.863s][info][gc             ] GC(1605) Pause Young (Allocation Failure) 326M->12M(1015M) 2.154ms
[259.863s][info][gc,cpu         ] GC(1605) User=0.00s Sys=0.00s Real=0.00s
[260.061s][info][gc,start       ] GC(1606) Pause Young (Allocation Failure)
[260.063s][info][gc,heap        ] GC(1606) PSYoungGen: 339456K(339968K)->1056K(347648K) Eden: 338432K(338432K)->0K(346112K) From: 1024K(1536K)->1056K(1536K)
[260.063s][info][gc,heap        ] GC(1606) ParOldGen: 11925K(699392K)->11989K(699392K)
[260.063s][info][gc,metaspace   ] GC(1606) Metaspace: 14314K(15296K)->14314K(15296K) NonClass: 12353K(12928K)->12353K(12928K) Class: 1960K(2368K)->1960K(2368K)
[260.064s][info][gc             ] GC(1606) Pause Young (Allocation Failure) 343M->12M(1022M) 2.183ms
[260.064s][info][gc,cpu         ] GC(1606) User=0.52s Sys=0.00s Real=0.00s
[260.267s][info][gc,start       ] GC(1607) Pause Young (Allocation Failure)
[260.269s][info][gc,heap        ] GC(1607) PSYoungGen: 347168K(347648K)->1024K(347648K) Eden: 346112K(346112K)->0K(346112K) From: 1056K(1536K)->1024K(1536K)
[260.269s][info][gc,heap        ] GC(1607) ParOldGen: 11989K(699392K)->12053K(699392K)
[260.269s][info][gc,metaspace   ] GC(1607) Metaspace: 14314K(15296K)->14314K(15296K) NonClass: 12353K(12928K)->12353K(12928K) Class: 1960K(2368K)->1960K(2368K)
[260.270s][info][gc             ] GC(1607) Pause Young (Allocation Failure) 350M->12M(1022M) 2.200ms
[260.270s][info][gc,cpu         ] GC(1607) User=0.00s Sys=0.00s Real=0.00s
[260.474s][info][gc,start       ] GC(1608) Pause Young (Allocation Failure)
[260.476s][info][gc,heap        ] GC(1608) PSYoungGen: 347136K(347648K)->992K(347648K) Eden: 346112K(346112K)->0K(346112K) From: 1024K(1536K)->992K(1536K)
[260.476s][info][gc,heap        ] GC(1608) ParOldGen: 12053K(699392K)->12133K(699392K)
[260.476s][info][gc,metaspace   ] GC(1608) Metaspace: 14314K(15296K)->14314K(15296K) NonClass: 12353K(12928K)->12353K(12928K) Class: 1960K(2368K)->1960K(2368K)
[260.476s][info][gc             ] GC(1608) Pause Young (Allocation Failure) 350M->12M(1022M) 2.231ms
[260.476s][info][gc,cpu         ] GC(1608) User=0.00s Sys=0.00s Real=0.00s
[260.799s][info][gc,start       ] GC(1609) Pause Young (Allocation Failure)
[260.802s][info][gc,heap        ] GC(1609) PSYoungGen: 347104K(347648K)->1024K(337408K) Eden: 346112K(346112K)->0K(336384K) From: 992K(1536K)->1024K(1024K)
[260.802s][info][gc,heap        ] GC(1609) ParOldGen: 12133K(699392K)->12213K(699392K)
[260.802s][info][gc,metaspace   ] GC(1609) Metaspace: 14314K(15296K)->14314K(15296K) NonClass: 12353K(12928K)->12353K(12928K) Class: 1960K(2368K)->1960K(2368K)
[260.802s][info][gc             ] GC(1609) Pause Young (Allocation Failure) 350M->12M(1012M) 3.145ms
[260.802s][info][gc,cpu         ] GC(1609) User=0.00s Sys=0.00s Real=0.00s
[261.008s][info][gc,start       ] GC(1610) Pause Young (Allocation Failure)
[261.010s][info][gc,heap        ] GC(1610) PSYoungGen: 337408K(337408K)->1024K(328192K) Eden: 336384K(336384K)->0K(327168K) From: 1024K(1024K)->1024K(1024K)
[261.010s][info][gc,heap        ] GC(1610) ParOldGen: 12213K(699392K)->12309K(699392K)
[261.010s][info][gc,metaspace   ] GC(1610) Metaspace: 14314K(15296K)->14314K(15296K) NonClass: 12353K(12928K)->12353K(12928K) Class: 1960K(2368K)->1960K(2368K)
[261.010s][info][gc             ] GC(1610) Pause Young (Allocation Failure) 341M->13M(1003M) 2.068ms
[261.010s][info][gc,cpu         ] GC(1610) User=0.00s Sys=0.00s Real=0.00s
[261.206s][info][gc,start       ] GC(1611) Pause Young (Allocation Failure)
[261.208s][info][gc,heap        ] GC(1611) PSYoungGen: 328192K(328192K)->1024K(319488K) Eden: 327168K(327168K)->0K(318464K) From: 1024K(1024K)->1024K(1024K)
[261.208s][info][gc,heap        ] GC(1611) ParOldGen: 12309K(699392K)->12365K(699392K)
[261.208s][info][gc,metaspace   ] GC(1611) Metaspace: 14314K(15296K)->14314K(15296K) NonClass: 12353K(12928K)->12353K(12928K) Class: 1960K(2368K)->1960K(2368K)
[261.208s][info][gc             ] GC(1611) Pause Young (Allocation Failure) 332M->13M(995M) 1.869ms
[261.208s][info][gc,cpu         ] GC(1611) User=0.00s Sys=0.00s Real=0.00s
[261.398s][info][gc,start       ] GC(1612) Pause Young (Allocation Failure)
[261.400s][info][gc,heap        ] GC(1612) PSYoungGen: 319488K(319488K)->1024K(310784K) Eden: 318464K(318464K)->0K(309760K) From: 1024K(1024K)->1024K(1024K)
[261.400s][info][gc,heap        ] GC(1612) ParOldGen: 12365K(699392K)->12461K(699392K)
[261.400s][info][gc,metaspace   ] GC(1612) Metaspace: 14314K(15296K)->14314K(15296K) NonClass: 12353K(12928K)->12353K(12928K) Class: 1960K(2368K)->1960K(2368K)
[261.400s][info][gc             ] GC(1612) Pause Young (Allocation Failure) 324M->13M(986M) 1.819ms
[261.400s][info][gc,cpu         ] GC(1612) User=0.00s Sys=0.00s Real=0.00s
[261.583s][info][gc,start       ] GC(1613) Pause Young (Allocation Failure)
[261.585s][info][gc,heap        ] GC(1613) PSYoungGen: 310784K(310784K)->1024K(302592K) Eden: 309760K(309760K)->0K(301568K) From: 1024K(1024K)->1024K(1024K)
[261.585s][info][gc,heap        ] GC(1613) ParOldGen: 12461K(699392K)->12517K(699392K)
[261.585s][info][gc,metaspace   ] GC(1613) Metaspace: 14314K(15296K)->14314K(15296K) NonClass: 12353K(12928K)->12353K(12928K) Class: 1960K(2368K)->1960K(2368K)
[261.585s][info][gc             ] GC(1613) Pause Young (Allocation Failure) 315M->13M(978M) 1.836ms
[261.585s][info][gc,cpu         ] GC(1613) User=0.00s Sys=0.00s Real=0.00s
[261.765s][info][gc,start       ] GC(1614) Pause Young (Allocation Failure)
[261.767s][info][gc,heap        ] GC(1614) PSYoungGen: 302592K(302592K)->1024K(294912K) Eden: 301568K(301568K)->0K(293888K) From: 1024K(1024K)->1024K(1024K)
[261.767s][info][gc,heap        ] GC(1614) ParOldGen: 12517K(699392K)->12605K(699392K)
[261.767s][info][gc,metaspace   ] GC(1614) Metaspace: 14314K(15296K)->14314K(15296K) NonClass: 12353K(12928K)->12353K(12928K) Class: 1960K(2368K)->1960K(2368K)
[261.767s][info][gc             ] GC(1614) Pause Young (Allocation Failure) 307M->13M(971M) 1.760ms
[261.767s][info][gc,cpu         ] GC(1614) User=0.52s Sys=0.00s Real=0.00s
[261.940s][info][gc,start       ] GC(1615) Pause Young (Allocation Failure)
[261.942s][info][gc,heap        ] GC(1615) PSYoungGen: 294912K(294912K)->1024K(287232K) Eden: 293888K(293888K)->0K(286208K) From: 1024K(1024K)->1024K(1024K)
[261.942s][info][gc,heap        ] GC(1615) ParOldGen: 12605K(699392K)->12685K(699392K)
[261.942s][info][gc,metaspace   ] GC(1615) Metaspace: 14314K(15296K)->14314K(15296K) NonClass: 12353K(12928K)->12353K(12928K) Class: 1960K(2368K)->1960K(2368K)
[261.942s][info][gc             ] GC(1615) Pause Young (Allocation Failure) 300M->13M(963M) 1.858ms
[261.942s][info][gc,cpu         ] GC(1615) User=0.00s Sys=0.00s Real=0.00s
[262.113s][info][gc,start       ] GC(1616) Pause Young (Allocation Failure)
[262.114s][info][gc,heap        ] GC(1616) PSYoungGen: 287232K(287232K)->1024K(280064K) Eden: 286208K(286208K)->0K(279040K) From: 1024K(1024K)->1024K(1024K)
[262.114s][info][gc,heap        ] GC(1616) ParOldGen: 12685K(699392K)->12765K(699392K)
[262.114s][info][gc,metaspace   ] GC(1616) Metaspace: 14314K(15296K)->14314K(15296K) NonClass: 12353K(12928K)->12353K(12928K) Class: 1960K(2368K)->1960K(2368K)
[262.115s][info][gc             ] GC(1616) Pause Young (Allocation Failure) 292M->13M(956M) 1.880ms
[262.115s][info][gc,cpu         ] GC(1616) User=0.00s Sys=0.00s Real=0.00s
[262.282s][info][gc,start       ] GC(1617) Pause Young (Allocation Failure)
[262.284s][info][gc,heap        ] GC(1617) PSYoungGen: 280064K(280064K)->1024K(272896K) Eden: 279040K(279040K)->0K(271872K) From: 1024K(1024K)->1024K(1024K)
[262.284s][info][gc,heap        ] GC(1617) ParOldGen: 12765K(699392K)->12837K(699392K)
[262.284s][info][gc,metaspace   ] GC(1617) Metaspace: 14314K(15296K)->14314K(15296K) NonClass: 12353K(12928K)->12353K(12928K) Class: 1960K(2368K)->1960K(2368K)
[262.284s][info][gc             ] GC(1617) Pause Young (Allocation Failure) 285M->13M(949M) 1.852ms
[262.284s][info][gc,cpu         ] GC(1617) User=0.00s Sys=0.00s Real=0.00s
[262.448s][info][gc,start       ] GC(1618) Pause Young (Allocation Failure)
[262.457s][info][gc,heap        ] GC(1618) PSYoungGen: 272896K(272896K)->1024K(266240K) Eden: 271872K(271872K)->0K(265216K) From: 1024K(1024K)->1024K(1024K)
[262.457s][info][gc,heap        ] GC(1618) ParOldGen: 12837K(699392K)->12893K(699392K)
[262.457s][info][gc,metaspace   ] GC(1618) Metaspace: 14314K(15296K)->14314K(15296K) NonClass: 12353K(12928K)->12353K(12928K) Class: 1960K(2368K)->1960K(2368K)
[262.457s][info][gc             ] GC(1618) Pause Young (Allocation Failure) 279M->13M(943M) 8.674ms
[262.457s][info][gc,cpu         ] GC(1618) User=0.00s Sys=0.00s Real=0.01s
[262.619s][info][gc,start       ] GC(1619) Pause Young (Allocation Failure)
[262.621s][info][gc,heap        ] GC(1619) PSYoungGen: 266240K(266240K)->992K(259584K) Eden: 265216K(265216K)->0K(258560K) From: 1024K(1024K)->992K(1024K)
[262.621s][info][gc,heap        ] GC(1619) ParOldGen: 12893K(699392K)->12973K(699392K)
[262.621s][info][gc,metaspace   ] GC(1619) Metaspace: 14314K(15296K)->14314K(15296K) NonClass: 12353K(12928K)->12353K(12928K) Class: 1960K(2368K)->1960K(2368K)
[262.621s][info][gc             ] GC(1619) Pause Young (Allocation Failure) 272M->13M(936M) 1.945ms
[262.621s][info][gc,cpu         ] GC(1619) User=0.00s Sys=0.00s Real=0.00s
[262.792s][info][gc,start       ] GC(1620) Pause Young (Allocation Failure)
[262.794s][info][gc,heap        ] GC(1620) PSYoungGen: 259552K(259584K)->992K(253440K) Eden: 258560K(258560K)->0K(252416K) From: 992K(1024K)->992K(1024K)
[262.794s][info][gc,heap        ] GC(1620) ParOldGen: 12973K(699392K)->13045K(699392K)
[262.794s][info][gc,metaspace   ] GC(1620) Metaspace: 14314K(15296K)->14314K(15296K) NonClass: 12353K(12928K)->12353K(12928K) Class: 1960K(2368K)->1960K(2368K)
[262.794s][info][gc             ] GC(1620) Pause Young (Allocation Failure) 266M->13M(930M) 1.945ms
[262.794s][info][gc,cpu         ] GC(1620) User=0.00s Sys=0.00s Real=0.00s
[262.977s][info][gc,start       ] GC(1621) Pause Young (Allocation Failure)
[262.979s][info][gc,heap        ] GC(1621) PSYoungGen: 253407K(253440K)->864K(247296K) Eden: 252415K(252416K)->0K(246272K) From: 992K(1024K)->864K(1024K)
[262.979s][info][gc,heap        ] GC(1621) ParOldGen: 13045K(699392K)->13109K(699392K)
[262.979s][info][gc,metaspace   ] GC(1621) Metaspace: 14314K(15296K)->14314K(15296K) NonClass: 12353K(12928K)->12353K(12928K) Class: 1960K(2368K)->1960K(2368K)
[262.979s][info][gc             ] GC(1621) Pause Young (Allocation Failure) 260M->13M(924M) 2.004ms
[262.979s][info][gc,cpu         ] GC(1621) User=0.00s Sys=0.00s Real=0.00s
[263.103s][info][gc,start       ] GC(1622) Pause Young (Allocation Failure)
[263.105s][info][gc,heap        ] GC(1622) PSYoungGen: 247136K(247296K)->640K(296960K) Eden: 246272K(246272K)->0K(295936K) From: 864K(1024K)->640K(1024K)
[263.105s][info][gc,heap        ] GC(1622) ParOldGen: 13109K(699392K)->13197K(699392K)
[263.105s][info][gc,metaspace   ] GC(1622) Metaspace: 14314K(15296K)->14314K(15296K) NonClass: 12353K(12928K)->12353K(12928K) Class: 1960K(2368K)->1960K(2368K)
[263.105s][info][gc             ] GC(1622) Pause Young (Allocation Failure) 254M->13M(973M) 2.010ms
[263.105s][info][gc,cpu         ] GC(1622) User=0.00s Sys=0.00s Real=0.00s
[263.252s][info][gc,start       ] GC(1623) Pause Young (System.gc())
[263.255s][info][gc,heap        ] GC(1623) PSYoungGen: 163345K(296960K)->320K(296448K) Eden: 162705K(295936K)->0K(295936K) From: 640K(1024K)->320K(512K)
[263.255s][info][gc,heap        ] GC(1623) ParOldGen: 13197K(699392K)->13245K(699392K)
[263.255s][info][gc,metaspace   ] GC(1623) Metaspace: 14314K(15296K)->14314K(15296K) NonClass: 12353K(12928K)->12353K(12928K) Class: 1960K(2368K)->1960K(2368K)
[263.255s][info][gc             ] GC(1623) Pause Young (System.gc()) 172M->13M(972M) 2.267ms
[263.255s][info][gc,cpu         ] GC(1623) User=0.00s Sys=0.00s Real=0.00s
[263.255s][info][gc,start       ] GC(1624) Pause Full (System.gc())
[263.255s][info][gc,phases,start] GC(1624) Marking Phase
[263.267s][info][gc,phases      ] GC(1624) Marking Phase 12.094ms
[263.267s][info][gc,phases,start] GC(1624) Summary Phase
[263.267s][info][gc,phases      ] GC(1624) Summary Phase 0.023ms
[263.267s][info][gc,phases,start] GC(1624) Adjust Roots
[263.273s][info][gc,phases      ] GC(1624) Adjust Roots 5.658ms
[263.273s][info][gc,phases,start] GC(1624) Compaction Phase
[263.274s][info][gc,phases      ] GC(1624) Compaction Phase 1.773ms
[263.274s][info][gc,phases,start] GC(1624) Post Compact
[263.275s][info][gc,phases      ] GC(1624) Post Compact 0.283ms
[263.275s][info][gc,heap        ] GC(1624) PSYoungGen: 320K(296448K)->0K(296448K) Eden: 0K(295936K)->0K(295936K) From: 320K(512K)->0K(512K)
[263.275s][info][gc,heap        ] GC(1624) ParOldGen: 13245K(699392K)->5373K(699392K)
[263.275s][info][gc,metaspace   ] GC(1624) Metaspace: 14314K(15296K)->14314K(15296K) NonClass: 12353K(12928K)->12353K(12928K) Class: 1960K(2368K)->1960K(2368K)
[263.275s][info][gc             ] GC(1624) Pause Full (System.gc()) 13M->5M(972M) 20.044ms
[263.275s][info][gc,cpu         ] GC(1624) User=0.02s Sys=0.00s Real=0.02s
[263.459s][info][gc,start       ] GC(1625) Pause Young (Allocation Failure)
[263.462s][info][gc,heap        ] GC(1625) PSYoungGen: 295936K(296448K)->1536K(339968K) Eden: 295936K(295936K)->0K(338432K) From: 0K(512K)->1536K(1536K)
[263.462s][info][gc,heap        ] GC(1625) ParOldGen: 5373K(699392K)->5615K(699392K)
[263.462s][info][gc,metaspace   ] GC(1625) Metaspace: 14314K(15296K)->14314K(15296K) NonClass: 12353K(12928K)->12353K(12928K) Class: 1960K(2368K)->1960K(2368K)
[263.462s][info][gc             ] GC(1625) Pause Young (Allocation Failure) 294M->6M(1015M) 2.216ms
[263.462s][info][gc,cpu         ] GC(1625) User=0.00s Sys=0.00s Real=0.00s
[263.654s][info][gc,start       ] GC(1626) Pause Young (Allocation Failure)
[263.656s][info][gc,heap        ] GC(1626) PSYoungGen: 339968K(339968K)->1024K(339968K) Eden: 338432K(338432K)->0K(338432K) From: 1536K(1536K)->1024K(1536K)
[263.656s][info][gc,heap        ] GC(1626) ParOldGen: 5615K(699392K)->7071K(699392K)
[263.656s][info][gc,metaspace   ] GC(1626) Metaspace: 14314K(15296K)->14314K(15296K) NonClass: 12353K(12928K)->12353K(12928K) Class: 1960K(2368K)->1960K(2368K)
[263.656s][info][gc             ] GC(1626) Pause Young (Allocation Failure) 337M->7M(1015M) 2.178ms
[263.656s][info][gc,cpu         ] GC(1626) User=0.00s Sys=0.00s Real=0.00s
[263.852s][info][gc,start       ] GC(1627) Pause Young (Allocation Failure)
[263.855s][info][gc,heap        ] GC(1627) PSYoungGen: 339456K(339968K)->1056K(347648K) Eden: 338432K(338432K)->0K(346112K) From: 1024K(1536K)->1056K(1536K)
[263.855s][info][gc,heap        ] GC(1627) ParOldGen: 7071K(699392K)->7143K(699392K)
[263.855s][info][gc,metaspace   ] GC(1627) Metaspace: 14314K(15296K)->14314K(15296K) NonClass: 12353K(12928K)->12353K(12928K) Class: 1960K(2368K)->1960K(2368K)
[263.855s][info][gc             ] GC(1627) Pause Young (Allocation Failure) 338M->8M(1022M) 2.115ms
[263.855s][info][gc,cpu         ] GC(1627) User=0.00s Sys=0.00s Real=0.00s
[264.058s][info][gc,start       ] GC(1628) Pause Young (Allocation Failure)
[264.060s][info][gc,heap        ] GC(1628) PSYoungGen: 347168K(347648K)->1056K(347648K) Eden: 346112K(346112K)->0K(346112K) From: 1056K(1536K)->1056K(1536K)
[264.060s][info][gc,heap        ] GC(1628) ParOldGen: 7143K(699392K)->7207K(699392K)
[264.060s][info][gc,metaspace   ] GC(1628) Metaspace: 14314K(15296K)->14314K(15296K) NonClass: 12353K(12928K)->12353K(12928K) Class: 1960K(2368K)->1960K(2368K)
[264.060s][info][gc             ] GC(1628) Pause Young (Allocation Failure) 346M->8M(1022M) 2.190ms
[264.060s][info][gc,cpu         ] GC(1628) User=0.00s Sys=0.00s Real=0.00s
[264.263s][info][gc,start       ] GC(1629) Pause Young (Allocation Failure)
[264.265s][info][gc,heap        ] GC(1629) PSYoungGen: 347168K(347648K)->1024K(347648K) Eden: 346112K(346112K)->0K(346112K) From: 1056K(1536K)->1024K(1536K)
[264.265s][info][gc,heap        ] GC(1629) ParOldGen: 7207K(699392K)->7335K(699392K)
[264.265s][info][gc,metaspace   ] GC(1629) Metaspace: 14314K(15296K)->14314K(15296K) NonClass: 12353K(12928K)->12353K(12928K) Class: 1960K(2368K)->1960K(2368K)
[264.265s][info][gc             ] GC(1629) Pause Young (Allocation Failure) 346M->8M(1022M) 2.168ms
[264.265s][info][gc,cpu         ] GC(1629) User=0.00s Sys=0.00s Real=0.00s
[264.468s][info][gc,start       ] GC(1630) Pause Young (Allocation Failure)
[264.471s][info][gc,heap        ] GC(1630) PSYoungGen: 347136K(347648K)->960K(347648K) Eden: 346112K(346112K)->0K(346112K) From: 1024K(1536K)->960K(1536K)
[264.471s][info][gc,heap        ] GC(1630) ParOldGen: 7335K(699392K)->7407K(699392K)
[264.471s][info][gc,metaspace   ] GC(1630) Metaspace: 14314K(15296K)->14314K(15296K) NonClass: 12353K(12928K)->12353K(12928K) Class: 1960K(2368K)->1960K(2368K)
[264.471s][info][gc             ] GC(1630) Pause Young (Allocation Failure) 346M->8M(1022M) 2.188ms
[264.471s][info][gc,cpu         ] GC(1630) User=0.52s Sys=0.00s Real=0.00s
[264.673s][info][gc,start       ] GC(1631) Pause Young (Allocation Failure)
[264.675s][info][gc,heap        ] GC(1631) PSYoungGen: 347072K(347648K)->960K(347648K) Eden: 346112K(346112K)->0K(346112K) From: 960K(1536K)->960K(1536K)
[264.675s][info][gc,heap        ] GC(1631) ParOldGen: 7407K(699392K)->7495K(699392K)
[264.675s][info][gc,metaspace   ] GC(1631) Metaspace: 14314K(15296K)->14314K(15296K) NonClass: 12353K(12928K)->12353K(12928K) Class: 1960K(2368K)->1960K(2368K)
[264.675s][info][gc             ] GC(1631) Pause Young (Allocation Failure) 346M->8M(1022M) 2.201ms
[264.675s][info][gc,cpu         ] GC(1631) User=0.00s Sys=0.00s Real=0.00s
[264.880s][info][gc,start       ] GC(1632) Pause Young (Allocation Failure)
[264.882s][info][gc,heap        ] GC(1632) PSYoungGen: 347072K(347648K)->960K(347648K) Eden: 346112K(346112K)->0K(346112K) From: 960K(1536K)->960K(1536K)
[264.882s][info][gc,heap        ] GC(1632) ParOldGen: 7495K(699392K)->7583K(699392K)
[264.882s][info][gc,metaspace   ] GC(1632) Metaspace: 14314K(15296K)->14314K(15296K) NonClass: 12353K(12928K)->12353K(12928K) Class: 1960K(2368K)->1960K(2368K)
[264.882s][info][gc             ] GC(1632) Pause Young (Allocation Failure) 346M->8M(1022M) 2.216ms
[264.882s][info][gc,cpu         ] GC(1632) User=0.00s Sys=0.00s Real=0.00s
[265.087s][info][gc,start       ] GC(1633) Pause Young (Allocation Failure)
[265.089s][info][gc,heap        ] GC(1633) PSYoungGen: 347072K(347648K)->1024K(347648K) Eden: 346112K(346112K)->0K(346112K) From: 960K(1536K)->1024K(1536K)
[265.089s][info][gc,heap        ] GC(1633) ParOldGen: 7583K(699392K)->7663K(699392K)
[265.089s][info][gc,metaspace   ] GC(1633) Metaspace: 14314K(15296K)->14314K(15296K) NonClass: 12353K(12928K)->12353K(12928K) Class: 1960K(2368K)->1960K(2368K)
[265.089s][info][gc             ] GC(1633) Pause Young (Allocation Failure) 346M->8M(1022M) 2.279ms
[265.089s][info][gc,cpu         ] GC(1633) User=0.00s Sys=0.00s Real=0.00s
[265.294s][info][gc,start       ] GC(1634) Pause Young (Allocation Failure)
[265.296s][info][gc,heap        ] GC(1634) PSYoungGen: 347136K(347648K)->1024K(347648K) Eden: 346112K(346112K)->0K(346112K) From: 1024K(1536K)->1024K(1536K)
[265.296s][info][gc,heap        ] GC(1634) ParOldGen: 7663K(699392K)->7735K(699392K)
[265.296s][info][gc,metaspace   ] GC(1634) Metaspace: 14314K(15296K)->14314K(15296K) NonClass: 12353K(12928K)->12353K(12928K) Class: 1960K(2368K)->1960K(2368K)
[265.296s][info][gc             ] GC(1634) Pause Young (Allocation Failure) 346M->8M(1022M) 2.347ms
[265.296s][info][gc,cpu         ] GC(1634) User=0.00s Sys=0.00s Real=0.00s
[265.504s][info][gc,start       ] GC(1635) Pause Young (Allocation Failure)
[265.506s][info][gc,heap        ] GC(1635) PSYoungGen: 347136K(347648K)->1024K(347648K) Eden: 346112K(346112K)->0K(346112K) From: 1024K(1536K)->1024K(1536K)
[265.506s][info][gc,heap        ] GC(1635) ParOldGen: 7735K(699392K)->7831K(699392K)
[265.506s][info][gc,metaspace   ] GC(1635) Metaspace: 14314K(15296K)->14314K(15296K) NonClass: 12353K(12928K)->12353K(12928K) Class: 1960K(2368K)->1960K(2368K)
[265.506s][info][gc             ] GC(1635) Pause Young (Allocation Failure) 346M->8M(1022M) 2.395ms
[265.506s][info][gc,cpu         ] GC(1635) User=0.00s Sys=0.00s Real=0.00s
[265.730s][info][gc,start       ] GC(1636) Pause Young (Allocation Failure)
[265.732s][info][gc,heap        ] GC(1636) PSYoungGen: 347136K(347648K)->1024K(347648K) Eden: 346112K(346112K)->0K(346112K) From: 1024K(1536K)->1024K(1536K)
[265.732s][info][gc,heap        ] GC(1636) ParOldGen: 7831K(699392K)->7911K(699392K)
[265.732s][info][gc,metaspace   ] GC(1636) Metaspace: 14314K(15296K)->14314K(15296K) NonClass: 12353K(12928K)->12353K(12928K) Class: 1960K(2368K)->1960K(2368K)
[265.732s][info][gc             ] GC(1636) Pause Young (Allocation Failure) 346M->8M(1022M) 2.602ms
[265.733s][info][gc,cpu         ] GC(1636) User=0.00s Sys=0.00s Real=0.00s
[265.938s][info][gc,start       ] GC(1637) Pause Young (Allocation Failure)
[265.940s][info][gc,heap        ] GC(1637) PSYoungGen: 347136K(347648K)->1024K(347648K) Eden: 346112K(346112K)->0K(346112K) From: 1024K(1536K)->1024K(1536K)
[265.940s][info][gc,heap        ] GC(1637) ParOldGen: 7911K(699392K)->7999K(699392K)
[265.940s][info][gc,metaspace   ] GC(1637) Metaspace: 14314K(15296K)->14314K(15296K) NonClass: 12353K(12928K)->12353K(12928K) Class: 1960K(2368K)->1960K(2368K)
[265.940s][info][gc             ] GC(1637) Pause Young (Allocation Failure) 346M->8M(1022M) 2.192ms
[265.940s][info][gc,cpu         ] GC(1637) User=0.00s Sys=0.00s Real=0.00s
[266.141s][info][gc,start       ] GC(1638) Pause Young (Allocation Failure)
[266.143s][info][gc,heap        ] GC(1638) PSYoungGen: 347136K(347648K)->1024K(347648K) Eden: 346112K(346112K)->0K(346112K) From: 1024K(1536K)->1024K(1536K)
[266.143s][info][gc,heap        ] GC(1638) ParOldGen: 7999K(699392K)->8111K(699392K)
[266.143s][info][gc,metaspace   ] GC(1638) Metaspace: 14314K(15296K)->14314K(15296K) NonClass: 12353K(12928K)->12353K(12928K) Class: 1960K(2368K)->1960K(2368K)
[266.143s][info][gc             ] GC(1638) Pause Young (Allocation Failure) 346M->8M(1022M) 2.096ms
[266.143s][info][gc,cpu         ] GC(1638) User=0.52s Sys=0.00s Real=0.00s
[266.342s][info][gc,start       ] GC(1639) Pause Young (Allocation Failure)
[266.344s][info][gc,heap        ] GC(1639) PSYoungGen: 347136K(347648K)->1024K(347648K) Eden: 346112K(346112K)->0K(346112K) From: 1024K(1536K)->1024K(1536K)
[266.344s][info][gc,heap        ] GC(1639) ParOldGen: 8111K(699392K)->8191K(699392K)
[266.345s][info][gc,metaspace   ] GC(1639) Metaspace: 14314K(15296K)->14314K(15296K) NonClass: 12353K(12928K)->12353K(12928K) Class: 1960K(2368K)->1960K(2368K)
[266.345s][info][gc             ] GC(1639) Pause Young (Allocation Failure) 346M->8M(1022M) 2.104ms
[266.345s][info][gc,cpu         ] GC(1639) User=0.52s Sys=0.00s Real=0.00s
[266.545s][info][gc,start       ] GC(1640) Pause Young (Allocation Failure)
[266.547s][info][gc,heap        ] GC(1640) PSYoungGen: 347136K(347648K)->1024K(337408K) Eden: 346112K(346112K)->0K(336384K) From: 1024K(1536K)->1024K(1024K)
[266.547s][info][gc,heap        ] GC(1640) ParOldGen: 8191K(699392K)->8295K(699392K)
[266.547s][info][gc,metaspace   ] GC(1640) Metaspace: 14314K(15296K)->14314K(15296K) NonClass: 12353K(12928K)->12353K(12928K) Class: 1960K(2368K)->1960K(2368K)
[266.547s][info][gc             ] GC(1640) Pause Young (Allocation Failure) 346M->9M(1012M) 1.981ms
[266.547s][info][gc,cpu         ] GC(1640) User=0.52s Sys=0.00s Real=0.00s
[266.742s][info][gc,start       ] GC(1641) Pause Young (Allocation Failure)
[266.743s][info][gc,heap        ] GC(1641) PSYoungGen: 337408K(337408K)->1024K(328192K) Eden: 336384K(336384K)->0K(327168K) From: 1024K(1024K)->1024K(1024K)
[266.743s][info][gc,heap        ] GC(1641) ParOldGen: 8295K(699392K)->8391K(699392K)
[266.743s][info][gc,metaspace   ] GC(1641) Metaspace: 14314K(15296K)->14314K(15296K) NonClass: 12353K(12928K)->12353K(12928K) Class: 1960K(2368K)->1960K(2368K)
[266.743s][info][gc             ] GC(1641) Pause Young (Allocation Failure) 337M->9M(1003M) 1.930ms
[266.743s][info][gc,cpu         ] GC(1641) User=0.00s Sys=0.00s Real=0.00s
[266.934s][info][gc,start       ] GC(1642) Pause Young (Allocation Failure)
[266.936s][info][gc,heap        ] GC(1642) PSYoungGen: 328192K(328192K)->1024K(319488K) Eden: 327168K(327168K)->0K(318464K) From: 1024K(1024K)->1024K(1024K)
[266.936s][info][gc,heap        ] GC(1642) ParOldGen: 8391K(699392K)->8471K(699392K)
[266.936s][info][gc,metaspace   ] GC(1642) Metaspace: 14314K(15296K)->14314K(15296K) NonClass: 12353K(12928K)->12353K(12928K) Class: 1960K(2368K)->1960K(2368K)
[266.936s][info][gc             ] GC(1642) Pause Young (Allocation Failure) 328M->9M(995M) 1.997ms
[266.936s][info][gc,cpu         ] GC(1642) User=0.00s Sys=0.00s Real=0.00s
[267.120s][info][gc,start       ] GC(1643) Pause Young (Allocation Failure)
[267.122s][info][gc,heap        ] GC(1643) PSYoungGen: 319488K(319488K)->1024K(310784K) Eden: 318464K(318464K)->0K(309760K) From: 1024K(1024K)->1024K(1024K)
[267.122s][info][gc,heap        ] GC(1643) ParOldGen: 8471K(699392K)->8551K(699392K)
[267.122s][info][gc,metaspace   ] GC(1643) Metaspace: 14314K(15296K)->14314K(15296K) NonClass: 12353K(12928K)->12353K(12928K) Class: 1960K(2368K)->1960K(2368K)
[267.122s][info][gc             ] GC(1643) Pause Young (Allocation Failure) 320M->9M(986M) 2.009ms
[267.122s][info][gc,cpu         ] GC(1643) User=0.00s Sys=0.00s Real=0.00s
[267.302s][info][gc,start       ] GC(1644) Pause Young (Allocation Failure)
[267.303s][info][gc,heap        ] GC(1644) PSYoungGen: 310784K(310784K)->992K(302592K) Eden: 309760K(309760K)->0K(301568K) From: 1024K(1024K)->992K(1024K)
[267.304s][info][gc,heap        ] GC(1644) ParOldGen: 8551K(699392K)->8623K(699392K)
[267.304s][info][gc,metaspace   ] GC(1644) Metaspace: 14314K(15296K)->14314K(15296K) NonClass: 12353K(12928K)->12353K(12928K) Class: 1960K(2368K)->1960K(2368K)
[267.304s][info][gc             ] GC(1644) Pause Young (Allocation Failure) 311M->9M(978M) 2.056ms
[267.304s][info][gc,cpu         ] GC(1644) User=0.00s Sys=0.00s Real=0.00s
[267.478s][info][gc,start       ] GC(1645) Pause Young (Allocation Failure)
[267.480s][info][gc,heap        ] GC(1645) PSYoungGen: 302560K(302592K)->1024K(345088K) Eden: 301568K(301568K)->0K(343552K) From: 992K(1024K)->1024K(1536K)
[267.480s][info][gc,heap        ] GC(1645) ParOldGen: 8623K(699392K)->8711K(699392K)
[267.480s][info][gc,metaspace   ] GC(1645) Metaspace: 14314K(15296K)->14314K(15296K) NonClass: 12353K(12928K)->12353K(12928K) Class: 1960K(2368K)->1960K(2368K)
[267.480s][info][gc             ] GC(1645) Pause Young (Allocation Failure) 303M->9M(1020M) 2.058ms
[267.480s][info][gc,cpu         ] GC(1645) User=0.00s Sys=0.00s Real=0.00s
[267.678s][info][gc,start       ] GC(1646) Pause Young (Allocation Failure)
[267.681s][info][gc,heap        ] GC(1646) PSYoungGen: 344576K(345088K)->1024K(334848K) Eden: 343552K(343552K)->0K(333824K) From: 1024K(1536K)->1024K(1024K)
[267.681s][info][gc,heap        ] GC(1646) ParOldGen: 8711K(699392K)->8831K(699392K)
[267.681s][info][gc,metaspace   ] GC(1646) Metaspace: 14314K(15296K)->14314K(15296K) NonClass: 12353K(12928K)->12353K(12928K) Class: 1960K(2368K)->1960K(2368K)
[267.681s][info][gc             ] GC(1646) Pause Young (Allocation Failure) 345M->9M(1010M) 2.296ms
[267.681s][info][gc,cpu         ] GC(1646) User=0.00s Sys=0.00s Real=0.00s
[267.874s][info][gc,start       ] GC(1647) Pause Young (Allocation Failure)
[267.876s][info][gc,heap        ] GC(1647) PSYoungGen: 334848K(334848K)->1024K(325632K) Eden: 333824K(333824K)->0K(324608K) From: 1024K(1024K)->1024K(1024K)
[267.876s][info][gc,heap        ] GC(1647) ParOldGen: 8831K(699392K)->8927K(699392K)
[267.876s][info][gc,metaspace   ] GC(1647) Metaspace: 14314K(15296K)->14314K(15296K) NonClass: 12353K(12928K)->12353K(12928K) Class: 1960K(2368K)->1960K(2368K)
[267.876s][info][gc             ] GC(1647) Pause Young (Allocation Failure) 335M->9M(1001M) 2.090ms
[267.876s][info][gc,cpu         ] GC(1647) User=0.52s Sys=0.00s Real=0.00s
[268.065s][info][gc,start       ] GC(1648) Pause Young (Allocation Failure)
[268.067s][info][gc,heap        ] GC(1648) PSYoungGen: 325632K(325632K)->1024K(344064K) Eden: 324608K(324608K)->0K(342528K) From: 1024K(1024K)->1024K(1536K)
[268.067s][info][gc,heap        ] GC(1648) ParOldGen: 8927K(699392K)->9023K(699392K)
[268.067s][info][gc,metaspace   ] GC(1648) Metaspace: 14314K(15296K)->14314K(15296K) NonClass: 12353K(12928K)->12353K(12928K) Class: 1960K(2368K)->1960K(2368K)
[268.067s][info][gc             ] GC(1648) Pause Young (Allocation Failure) 326M->9M(1019M) 2.145ms
[268.067s][info][gc,cpu         ] GC(1648) User=0.00s Sys=0.00s Real=0.00s
[268.267s][info][gc,start       ] GC(1649) Pause Young (Allocation Failure)
[268.269s][info][gc,heap        ] GC(1649) PSYoungGen: 343551K(344064K)->1056K(347648K) Eden: 342527K(342528K)->0K(346112K) From: 1024K(1536K)->1056K(1536K)
[268.269s][info][gc,heap        ] GC(1649) ParOldGen: 9023K(699392K)->9079K(699392K)
[268.269s][info][gc,metaspace   ] GC(1649) Metaspace: 14314K(15296K)->14314K(15296K) NonClass: 12353K(12928K)->12353K(12928K) Class: 1960K(2368K)->1960K(2368K)
[268.269s][info][gc             ] GC(1649) Pause Young (Allocation Failure) 344M->9M(1022M) 2.238ms
[268.269s][info][gc,cpu         ] GC(1649) User=0.00s Sys=0.00s Real=0.00s
[268.471s][info][gc,start       ] GC(1650) Pause Young (Allocation Failure)
[268.473s][info][gc,heap        ] GC(1650) PSYoungGen: 347168K(347648K)->1056K(347648K) Eden: 346112K(346112K)->0K(346112K) From: 1056K(1536K)->1056K(1536K)
[268.473s][info][gc,heap        ] GC(1650) ParOldGen: 9079K(699392K)->9151K(699392K)
[268.473s][info][gc,metaspace   ] GC(1650) Metaspace: 14314K(15296K)->14314K(15296K) NonClass: 12353K(12928K)->12353K(12928K) Class: 1960K(2368K)->1960K(2368K)
[268.473s][info][gc             ] GC(1650) Pause Young (Allocation Failure) 347M->9M(1022M) 2.196ms
[268.473s][info][gc,cpu         ] GC(1650) User=0.00s Sys=0.00s Real=0.00s
[268.676s][info][gc,start       ] GC(1651) Pause Young (Allocation Failure)
[268.678s][info][gc,heap        ] GC(1651) PSYoungGen: 347168K(347648K)->1024K(347648K) Eden: 346112K(346112K)->0K(346112K) From: 1056K(1536K)->1024K(1536K)
[268.678s][info][gc,heap        ] GC(1651) ParOldGen: 9151K(699392K)->9231K(699392K)
[268.678s][info][gc,metaspace   ] GC(1651) Metaspace: 14314K(15296K)->14314K(15296K) NonClass: 12353K(12928K)->12353K(12928K) Class: 1960K(2368K)->1960K(2368K)
[268.678s][info][gc             ] GC(1651) Pause Young (Allocation Failure) 347M->10M(1022M) 2.275ms
[268.678s][info][gc,cpu         ] GC(1651) User=0.00s Sys=0.00s Real=0.00s
[268.881s][info][gc,start       ] GC(1652) Pause Young (Allocation Failure)
[268.883s][info][gc,heap        ] GC(1652) PSYoungGen: 347136K(347648K)->992K(347648K) Eden: 346112K(346112K)->0K(346112K) From: 1024K(1536K)->992K(1536K)
[268.883s][info][gc,heap        ] GC(1652) ParOldGen: 9231K(699392K)->9311K(699392K)
[268.883s][info][gc,metaspace   ] GC(1652) Metaspace: 14314K(15296K)->14314K(15296K) NonClass: 12353K(12928K)->12353K(12928K) Class: 1960K(2368K)->1960K(2368K)
[268.883s][info][gc             ] GC(1652) Pause Young (Allocation Failure) 348M->10M(1022M) 2.278ms
[268.884s][info][gc,cpu         ] GC(1652) User=0.00s Sys=0.00s Real=0.00s
[269.086s][info][gc,start       ] GC(1653) Pause Young (Allocation Failure)
[269.088s][info][gc,heap        ] GC(1653) PSYoungGen: 347104K(347648K)->1024K(347648K) Eden: 346112K(346112K)->0K(346112K) From: 992K(1536K)->1024K(1536K)
[269.088s][info][gc,heap        ] GC(1653) ParOldGen: 9311K(699392K)->9415K(699392K)
[269.088s][info][gc,metaspace   ] GC(1653) Metaspace: 14314K(15296K)->14314K(15296K) NonClass: 12353K(12928K)->12353K(12928K) Class: 1960K(2368K)->1960K(2368K)
[269.088s][info][gc             ] GC(1653) Pause Young (Allocation Failure) 348M->10M(1022M) 2.331ms
[269.088s][info][gc,cpu         ] GC(1653) User=0.00s Sys=0.00s Real=0.00s
[269.289s][info][gc,start       ] GC(1654) Pause Young (Allocation Failure)
[269.294s][info][gc,heap        ] GC(1654) PSYoungGen: 347136K(347648K)->992K(347648K) Eden: 346112K(346112K)->0K(346112K) From: 1024K(1536K)->992K(1536K)
[269.294s][info][gc,heap        ] GC(1654) ParOldGen: 9415K(699392K)->9527K(699392K)
[269.294s][info][gc,metaspace   ] GC(1654) Metaspace: 14314K(15296K)->14314K(15296K) NonClass: 12353K(12928K)->12353K(12928K) Class: 1960K(2368K)->1960K(2368K)
[269.294s][info][gc             ] GC(1654) Pause Young (Allocation Failure) 348M->10M(1022M) 4.855ms
[269.294s][info][gc,cpu         ] GC(1654) User=0.00s Sys=0.00s Real=0.00s
[269.609s][info][gc,start       ] GC(1655) Pause Young (Allocation Failure)
[269.612s][info][gc,heap        ] GC(1655) PSYoungGen: 347104K(347648K)->992K(347648K) Eden: 346112K(346112K)->0K(346112K) From: 992K(1536K)->992K(1536K)
[269.612s][info][gc,heap        ] GC(1655) ParOldGen: 9527K(699392K)->9599K(699392K)
[269.612s][info][gc,metaspace   ] GC(1655) Metaspace: 14314K(15296K)->14314K(15296K) NonClass: 12353K(12928K)->12353K(12928K) Class: 1960K(2368K)->1960K(2368K)
[269.612s][info][gc             ] GC(1655) Pause Young (Allocation Failure) 348M->10M(1022M) 3.102ms
[269.612s][info][gc,cpu         ] GC(1655) User=0.00s Sys=0.00s Real=0.00s
[269.821s][info][gc,start       ] GC(1656) Pause Young (Allocation Failure)
[269.823s][info][gc,heap        ] GC(1656) PSYoungGen: 347104K(347648K)->1024K(337408K) Eden: 346112K(346112K)->0K(336384K) From: 992K(1536K)->1024K(1024K)
[269.823s][info][gc,heap        ] GC(1656) ParOldGen: 9599K(699392K)->9695K(699392K)
[269.823s][info][gc,metaspace   ] GC(1656) Metaspace: 14314K(15296K)->14314K(15296K) NonClass: 12353K(12928K)->12353K(12928K) Class: 1960K(2368K)->1960K(2368K)
[269.823s][info][gc             ] GC(1656) Pause Young (Allocation Failure) 348M->10M(1012M) 2.185ms
[269.823s][info][gc,cpu         ] GC(1656) User=0.00s Sys=0.00s Real=0.00s
[270.022s][info][gc,start       ] GC(1657) Pause Young (Allocation Failure)
[270.024s][info][gc,heap        ] GC(1657) PSYoungGen: 337408K(337408K)->1024K(328192K) Eden: 336384K(336384K)->0K(327168K) From: 1024K(1024K)->1024K(1024K)
[270.024s][info][gc,heap        ] GC(1657) ParOldGen: 9695K(699392K)->9759K(699392K)
[270.024s][info][gc,metaspace   ] GC(1657) Metaspace: 14314K(15296K)->14314K(15296K) NonClass: 12353K(12928K)->12353K(12928K) Class: 1960K(2368K)->1960K(2368K)
[270.024s][info][gc             ] GC(1657) Pause Young (Allocation Failure) 338M->10M(1003M) 1.973ms
[270.024s][info][gc,cpu         ] GC(1657) User=0.00s Sys=0.00s Real=0.00s
[270.216s][info][gc,start       ] GC(1658) Pause Young (Allocation Failure)
[270.218s][info][gc,heap        ] GC(1658) PSYoungGen: 328192K(328192K)->992K(319488K) Eden: 327168K(327168K)->0K(318464K) From: 1024K(1024K)->992K(1024K)
[270.218s][info][gc,heap        ] GC(1658) ParOldGen: 9759K(699392K)->9839K(699392K)
[270.218s][info][gc,metaspace   ] GC(1658) Metaspace: 14314K(15296K)->14314K(15296K) NonClass: 12353K(12928K)->12353K(12928K) Class: 1960K(2368K)->1960K(2368K)
[270.218s][info][gc             ] GC(1658) Pause Young (Allocation Failure) 330M->10M(995M) 2.037ms
[270.218s][info][gc,cpu         ] GC(1658) User=0.00s Sys=0.00s Real=0.00s
[270.404s][info][gc,start       ] GC(1659) Pause Young (Allocation Failure)
[270.406s][info][gc,heap        ] GC(1659) PSYoungGen: 319456K(319488K)->1024K(310784K) Eden: 318464K(318464K)->0K(309760K) From: 992K(1024K)->1024K(1024K)
[270.406s][info][gc,heap        ] GC(1659) ParOldGen: 9839K(699392K)->9903K(699392K)
[270.406s][info][gc,metaspace   ] GC(1659) Metaspace: 14314K(15296K)->14314K(15296K) NonClass: 12353K(12928K)->12353K(12928K) Class: 1960K(2368K)->1960K(2368K)
[270.406s][info][gc             ] GC(1659) Pause Young (Allocation Failure) 321M->10M(986M) 2.013ms
[270.406s][info][gc,cpu         ] GC(1659) User=0.52s Sys=0.00s Real=0.00s
[270.588s][info][gc,start       ] GC(1660) Pause Young (Allocation Failure)
[270.590s][info][gc,heap        ] GC(1660) PSYoungGen: 310784K(310784K)->1024K(302592K) Eden: 309760K(309760K)->0K(301568K) From: 1024K(1024K)->1024K(1024K)
[270.590s][info][gc,heap        ] GC(1660) ParOldGen: 9903K(699392K)->9975K(699392K)
[270.590s][info][gc,metaspace   ] GC(1660) Metaspace: 14314K(15296K)->14314K(15296K) NonClass: 12353K(12928K)->12353K(12928K) Class: 1960K(2368K)->1960K(2368K)
[270.590s][info][gc             ] GC(1660) Pause Young (Allocation Failure) 313M->10M(978M) 1.904ms
[270.590s][info][gc,cpu         ] GC(1660) User=0.00s Sys=0.00s Real=0.00s
[270.766s][info][gc,start       ] GC(1661) Pause Young (Allocation Failure)
[270.767s][info][gc,heap        ] GC(1661) PSYoungGen: 302592K(302592K)->1024K(294912K) Eden: 301568K(301568K)->0K(293888K) From: 1024K(1024K)->1024K(1024K)
[270.767s][info][gc,heap        ] GC(1661) ParOldGen: 9975K(699392K)->10039K(699392K)
[270.768s][info][gc,metaspace   ] GC(1661) Metaspace: 14314K(15296K)->14314K(15296K) NonClass: 12353K(12928K)->12353K(12928K) Class: 1960K(2368K)->1960K(2368K)
[270.768s][info][gc             ] GC(1661) Pause Young (Allocation Failure) 305M->10M(971M) 1.990ms
[270.768s][info][gc,cpu         ] GC(1661) User=0.52s Sys=0.00s Real=0.00s
[270.940s][info][gc,start       ] GC(1662) Pause Young (Allocation Failure)
[270.942s][info][gc,heap        ] GC(1662) PSYoungGen: 294912K(294912K)->1024K(287232K) Eden: 293888K(293888K)->0K(286208K) From: 1024K(1024K)->1024K(1024K)
[270.942s][info][gc,heap        ] GC(1662) ParOldGen: 10039K(699392K)->10111K(699392K)
[270.942s][info][gc,metaspace   ] GC(1662) Metaspace: 14314K(15296K)->14314K(15296K) NonClass: 12353K(12928K)->12353K(12928K) Class: 1960K(2368K)->1960K(2368K)
[270.942s][info][gc             ] GC(1662) Pause Young (Allocation Failure) 297M->10M(963M) 2.074ms
[270.942s][info][gc,cpu         ] GC(1662) User=0.00s Sys=0.00s Real=0.00s
[271.109s][info][gc,start       ] GC(1663) Pause Young (Allocation Failure)
[271.111s][info][gc,heap        ] GC(1663) PSYoungGen: 287232K(287232K)->1024K(344064K) Eden: 286208K(286208K)->0K(342528K) From: 1024K(1024K)->1024K(1536K)
[271.111s][info][gc,heap        ] GC(1663) ParOldGen: 10111K(699392K)->10183K(699392K)
[271.111s][info][gc,metaspace   ] GC(1663) Metaspace: 14314K(15296K)->14314K(15296K) NonClass: 12353K(12928K)->12353K(12928K) Class: 1960K(2368K)->1960K(2368K)
[271.111s][info][gc             ] GC(1663) Pause Young (Allocation Failure) 290M->10M(1019M) 1.982ms
[271.111s][info][gc,cpu         ] GC(1663) User=0.00s Sys=0.00s Real=0.00s
[271.310s][info][gc,start       ] GC(1664) Pause Young (Allocation Failure)
[271.312s][info][gc,heap        ] GC(1664) PSYoungGen: 343552K(344064K)->1024K(334336K) Eden: 342528K(342528K)->0K(333312K) From: 1024K(1536K)->1024K(1024K)
[271.312s][info][gc,heap        ] GC(1664) ParOldGen: 10183K(699392K)->10223K(699392K)
[271.312s][info][gc,metaspace   ] GC(1664) Metaspace: 14314K(15296K)->14314K(15296K) NonClass: 12353K(12928K)->12353K(12928K) Class: 1960K(2368K)->1960K(2368K)
[271.312s][info][gc             ] GC(1664) Pause Young (Allocation Failure) 345M->10M(1009M) 2.479ms
[271.312s][info][gc,cpu         ] GC(1664) User=0.00s Sys=0.02s Real=0.00s
[271.505s][info][gc,start       ] GC(1665) Pause Young (Allocation Failure)
[271.507s][info][gc,heap        ] GC(1665) PSYoungGen: 334336K(334336K)->992K(325120K) Eden: 333312K(333312K)->0K(324096K) From: 1024K(1024K)->992K(1024K)
[271.507s][info][gc,heap        ] GC(1665) ParOldGen: 10223K(699392K)->10295K(699392K)
[271.507s][info][gc,metaspace   ] GC(1665) Metaspace: 14314K(15296K)->14314K(15296K) NonClass: 12353K(12928K)->12353K(12928K) Class: 1960K(2368K)->1960K(2368K)
[271.507s][info][gc             ] GC(1665) Pause Young (Allocation Failure) 336M->11M(1000M) 2.067ms
[271.507s][info][gc,cpu         ] GC(1665) User=0.00s Sys=0.00s Real=0.00s
[271.696s][info][gc,start       ] GC(1666) Pause Young (Allocation Failure)
[271.698s][info][gc,heap        ] GC(1666) PSYoungGen: 325088K(325120K)->1024K(343040K) Eden: 324096K(324096K)->0K(341504K) From: 992K(1024K)->1024K(1536K)
[271.698s][info][gc,heap        ] GC(1666) ParOldGen: 10295K(699392K)->10375K(699392K)
[271.698s][info][gc,metaspace   ] GC(1666) Metaspace: 14314K(15296K)->14314K(15296K) NonClass: 12353K(12928K)->12353K(12928K) Class: 1960K(2368K)->1960K(2368K)
[271.698s][info][gc             ] GC(1666) Pause Young (Allocation Failure) 327M->11M(1018M) 2.141ms
[271.698s][info][gc,cpu         ] GC(1666) User=0.00s Sys=0.00s Real=0.00s
[271.897s][info][gc,start       ] GC(1667) Pause Young (Allocation Failure)
[271.899s][info][gc,heap        ] GC(1667) PSYoungGen: 342528K(343040K)->1056K(347648K) Eden: 341504K(341504K)->0K(346112K) From: 1024K(1536K)->1056K(1536K)
[271.899s][info][gc,heap        ] GC(1667) ParOldGen: 10375K(699392K)->10447K(699392K)
[271.900s][info][gc,metaspace   ] GC(1667) Metaspace: 14314K(15296K)->14314K(15296K) NonClass: 12353K(12928K)->12353K(12928K) Class: 1960K(2368K)->1960K(2368K)
[271.900s][info][gc             ] GC(1667) Pause Young (Allocation Failure) 344M->11M(1022M) 2.199ms
[271.900s][info][gc,cpu         ] GC(1667) User=0.00s Sys=0.00s Real=0.00s
[272.101s][info][gc,start       ] GC(1668) Pause Young (Allocation Failure)
[272.103s][info][gc,heap        ] GC(1668) PSYoungGen: 347168K(347648K)->1024K(347648K) Eden: 346112K(346112K)->0K(346112K) From: 1056K(1536K)->1024K(1536K)
[272.103s][info][gc,heap        ] GC(1668) ParOldGen: 10447K(699392K)->10511K(699392K)
[272.103s][info][gc,metaspace   ] GC(1668) Metaspace: 14314K(15296K)->14314K(15296K) NonClass: 12353K(12928K)->12353K(12928K) Class: 1960K(2368K)->1960K(2368K)
[272.103s][info][gc             ] GC(1668) Pause Young (Allocation Failure) 349M->11M(1022M) 2.183ms
[272.103s][info][gc,cpu         ] GC(1668) User=0.00s Sys=0.00s Real=0.00s
[272.306s][info][gc,start       ] GC(1669) Pause Young (Allocation Failure)
[272.309s][info][gc,heap        ] GC(1669) PSYoungGen: 347136K(347648K)->1024K(347648K) Eden: 346112K(346112K)->0K(346112K) From: 1024K(1536K)->1024K(1536K)
[272.309s][info][gc,heap        ] GC(1669) ParOldGen: 10511K(699392K)->10591K(699392K)
[272.309s][info][gc,metaspace   ] GC(1669) Metaspace: 14314K(15296K)->14314K(15296K) NonClass: 12353K(12928K)->12353K(12928K) Class: 1960K(2368K)->1960K(2368K)
[272.309s][info][gc             ] GC(1669) Pause Young (Allocation Failure) 349M->11M(1022M) 2.241ms
[272.309s][info][gc,cpu         ] GC(1669) User=0.00s Sys=0.00s Real=0.00s
[272.511s][info][gc,start       ] GC(1670) Pause Young (Allocation Failure)
[272.514s][info][gc,heap        ] GC(1670) PSYoungGen: 347136K(347648K)->1024K(347648K) Eden: 346112K(346112K)->0K(346112K) From: 1024K(1536K)->1024K(1536K)
[272.514s][info][gc,heap        ] GC(1670) ParOldGen: 10591K(699392K)->10663K(699392K)
[272.514s][info][gc,metaspace   ] GC(1670) Metaspace: 14314K(15296K)->14314K(15296K) NonClass: 12353K(12928K)->12353K(12928K) Class: 1960K(2368K)->1960K(2368K)
[272.514s][info][gc             ] GC(1670) Pause Young (Allocation Failure) 349M->11M(1022M) 2.247ms
[272.514s][info][gc,cpu         ] GC(1670) User=0.00s Sys=0.00s Real=0.00s
[272.717s][info][gc,start       ] GC(1671) Pause Young (Allocation Failure)
[272.719s][info][gc,heap        ] GC(1671) PSYoungGen: 347136K(347648K)->1024K(347648K) Eden: 346112K(346112K)->0K(346112K) From: 1024K(1536K)->1024K(1536K)
[272.719s][info][gc,heap        ] GC(1671) ParOldGen: 10663K(699392K)->10735K(699392K)
[272.719s][info][gc,metaspace   ] GC(1671) Metaspace: 14314K(15296K)->14314K(15296K) NonClass: 12353K(12928K)->12353K(12928K) Class: 1960K(2368K)->1960K(2368K)
[272.719s][info][gc             ] GC(1671) Pause Young (Allocation Failure) 349M->11M(1022M) 2.297ms
[272.719s][info][gc,cpu         ] GC(1671) User=0.52s Sys=0.00s Real=0.00s
[272.923s][info][gc,start       ] GC(1672) Pause Young (Allocation Failure)
[272.925s][info][gc,heap        ] GC(1672) PSYoungGen: 347136K(347648K)->992K(347648K) Eden: 346112K(346112K)->0K(346112K) From: 1024K(1536K)->992K(1536K)
[272.926s][info][gc,heap        ] GC(1672) ParOldGen: 10735K(699392K)->10823K(699392K)
[272.926s][info][gc,metaspace   ] GC(1672) Metaspace: 14314K(15296K)->14314K(15296K) NonClass: 12353K(12928K)->12353K(12928K) Class: 1960K(2368K)->1960K(2368K)
[272.926s][info][gc             ] GC(1672) Pause Young (Allocation Failure) 349M->11M(1022M) 2.331ms
[272.926s][info][gc,cpu         ] GC(1672) User=0.00s Sys=0.00s Real=0.00s
[273.130s][info][gc,start       ] GC(1673) Pause Young (Allocation Failure)
[273.132s][info][gc,heap        ] GC(1673) PSYoungGen: 347104K(347648K)->992K(347648K) Eden: 346112K(346112K)->0K(346112K) From: 992K(1536K)->992K(1536K)
[273.132s][info][gc,heap        ] GC(1673) ParOldGen: 10823K(699392K)->10911K(699392K)
[273.132s][info][gc,metaspace   ] GC(1673) Metaspace: 14314K(15296K)->14314K(15296K) NonClass: 12353K(12928K)->12353K(12928K) Class: 1960K(2368K)->1960K(2368K)
[273.132s][info][gc             ] GC(1673) Pause Young (Allocation Failure) 349M->11M(1022M) 2.302ms
[273.132s][info][gc,cpu         ] GC(1673) User=0.00s Sys=0.00s Real=0.00s
[273.497s][info][gc,start       ] GC(1674) Pause Young (Allocation Failure)
[273.500s][info][gc,heap        ] GC(1674) PSYoungGen: 347104K(347648K)->992K(337408K) Eden: 346112K(346112K)->0K(336384K) From: 992K(1536K)->992K(1024K)
[273.500s][info][gc,heap        ] GC(1674) ParOldGen: 10911K(699392K)->10979K(699392K)
[273.500s][info][gc,metaspace   ] GC(1674) Metaspace: 14314K(15296K)->14314K(15296K) NonClass: 12353K(12928K)->12353K(12928K) Class: 1960K(2368K)->1960K(2368K)
[273.501s][info][gc             ] GC(1674) Pause Young (Allocation Failure) 349M->11M(1012M) 3.211ms
[273.501s][info][gc,cpu         ] GC(1674) User=0.00s Sys=0.00s Real=0.00s
[273.707s][info][gc,start       ] GC(1675) Pause Young (Allocation Failure)
[273.709s][info][gc,heap        ] GC(1675) PSYoungGen: 337376K(337408K)->1024K(328192K) Eden: 336384K(336384K)->0K(327168K) From: 992K(1024K)->1024K(1024K)
[273.709s][info][gc,heap        ] GC(1675) ParOldGen: 10979K(699392K)->11075K(699392K)
[273.709s][info][gc,metaspace   ] GC(1675) Metaspace: 14314K(15296K)->14314K(15296K) NonClass: 12353K(12928K)->12353K(12928K) Class: 1960K(2368K)->1960K(2368K)
[273.709s][info][gc             ] GC(1675) Pause Young (Allocation Failure) 340M->11M(1003M) 2.177ms
[273.709s][info][gc,cpu         ] GC(1675) User=0.00s Sys=0.00s Real=0.00s
[273.901s][info][gc,start       ] GC(1676) Pause Young (Allocation Failure)
[273.903s][info][gc,heap        ] GC(1676) PSYoungGen: 328192K(328192K)->1024K(319488K) Eden: 327168K(327168K)->0K(318464K) From: 1024K(1024K)->1024K(1024K)
[273.903s][info][gc,heap        ] GC(1676) ParOldGen: 11075K(699392K)->11155K(699392K)
[273.903s][info][gc,metaspace   ] GC(1676) Metaspace: 14314K(15296K)->14314K(15296K) NonClass: 12353K(12928K)->12353K(12928K) Class: 1960K(2368K)->1960K(2368K)
[273.903s][info][gc             ] GC(1676) Pause Young (Allocation Failure) 331M->11M(995M) 2.042ms
[273.903s][info][gc,cpu         ] GC(1676) User=0.00s Sys=0.00s Real=0.00s
[274.090s][info][gc,start       ] GC(1677) Pause Young (Allocation Failure)
[274.092s][info][gc,heap        ] GC(1677) PSYoungGen: 319488K(319488K)->1024K(310784K) Eden: 318464K(318464K)->0K(309760K) From: 1024K(1024K)->1024K(1024K)
[274.092s][info][gc,heap        ] GC(1677) ParOldGen: 11155K(699392K)->11235K(699392K)
[274.092s][info][gc,metaspace   ] GC(1677) Metaspace: 14314K(15296K)->14314K(15296K) NonClass: 12353K(12928K)->12353K(12928K) Class: 1960K(2368K)->1960K(2368K)
[274.092s][info][gc             ] GC(1677) Pause Young (Allocation Failure) 322M->11M(986M) 2.032ms
[274.092s][info][gc,cpu         ] GC(1677) User=0.00s Sys=0.00s Real=0.00s
[274.276s][info][gc,start       ] GC(1678) Pause Young (Allocation Failure)
[274.278s][info][gc,heap        ] GC(1678) PSYoungGen: 310784K(310784K)->1024K(302592K) Eden: 309760K(309760K)->0K(301568K) From: 1024K(1024K)->1024K(1024K)
[274.278s][info][gc,heap        ] GC(1678) ParOldGen: 11235K(699392K)->11299K(699392K)
[274.278s][info][gc,metaspace   ] GC(1678) Metaspace: 14314K(15296K)->14314K(15296K) NonClass: 12353K(12928K)->12353K(12928K) Class: 1960K(2368K)->1960K(2368K)
[274.278s][info][gc             ] GC(1678) Pause Young (Allocation Failure) 314M->12M(978M) 1.881ms
[274.278s][info][gc,cpu         ] GC(1678) User=0.00s Sys=0.00s Real=0.00s
[274.457s][info][gc,start       ] GC(1679) Pause Young (Allocation Failure)
[274.459s][info][gc,heap        ] GC(1679) PSYoungGen: 302592K(302592K)->992K(294912K) Eden: 301568K(301568K)->0K(293888K) From: 1024K(1024K)->992K(1024K)
[274.459s][info][gc,heap        ] GC(1679) ParOldGen: 11299K(699392K)->11355K(699392K)
[274.459s][info][gc,metaspace   ] GC(1679) Metaspace: 14314K(15296K)->14314K(15296K) NonClass: 12353K(12928K)->12353K(12928K) Class: 1960K(2368K)->1960K(2368K)
[274.459s][info][gc             ] GC(1679) Pause Young (Allocation Failure) 306M->12M(971M) 1.912ms
[274.459s][info][gc,cpu         ] GC(1679) User=0.00s Sys=0.00s Real=0.00s
[274.631s][info][gc,start       ] GC(1680) Pause Young (Allocation Failure)
[274.632s][info][gc,heap        ] GC(1680) PSYoungGen: 294880K(294912K)->1024K(287232K) Eden: 293888K(293888K)->0K(286208K) From: 992K(1024K)->1024K(1024K)
[274.632s][info][gc,heap        ] GC(1680) ParOldGen: 11355K(699392K)->11419K(699392K)
[274.632s][info][gc,metaspace   ] GC(1680) Metaspace: 14314K(15296K)->14314K(15296K) NonClass: 12353K(12928K)->12353K(12928K) Class: 1960K(2368K)->1960K(2368K)
[274.632s][info][gc             ] GC(1680) Pause Young (Allocation Failure) 299M->12M(963M) 1.969ms
[274.633s][info][gc,cpu         ] GC(1680) User=0.00s Sys=0.00s Real=0.00s
[274.800s][info][gc,start       ] GC(1681) Pause Young (Allocation Failure)
[274.802s][info][gc,heap        ] GC(1681) PSYoungGen: 287232K(287232K)->1024K(280064K) Eden: 286208K(286208K)->0K(279040K) From: 1024K(1024K)->1024K(1024K)
[274.802s][info][gc,heap        ] GC(1681) ParOldGen: 11419K(699392K)->11483K(699392K)
[274.802s][info][gc,metaspace   ] GC(1681) Metaspace: 14314K(15296K)->14314K(15296K) NonClass: 12353K(12928K)->12353K(12928K) Class: 1960K(2368K)->1960K(2368K)
[274.802s][info][gc             ] GC(1681) Pause Young (Allocation Failure) 291M->12M(956M) 2.003ms
[274.802s][info][gc,cpu         ] GC(1681) User=0.00s Sys=0.00s Real=0.00s
[274.966s][info][gc,start       ] GC(1682) Pause Young (Allocation Failure)
[274.967s][info][gc,heap        ] GC(1682) PSYoungGen: 280064K(280064K)->1024K(335872K) Eden: 279040K(279040K)->0K(334848K) From: 1024K(1024K)->1024K(1024K)
[274.967s][info][gc,heap        ] GC(1682) ParOldGen: 11483K(699392K)->11563K(699392K)
[274.967s][info][gc,metaspace   ] GC(1682) Metaspace: 14314K(15296K)->14314K(15296K) NonClass: 12353K(12928K)->12353K(12928K) Class: 1960K(2368K)->1960K(2368K)
[274.968s][info][gc             ] GC(1682) Pause Young (Allocation Failure) 284M->12M(1011M) 1.998ms
[274.968s][info][gc,cpu         ] GC(1682) User=0.00s Sys=0.00s Real=0.00s
[275.163s][info][gc,start       ] GC(1683) Pause Young (Allocation Failure)
[275.165s][info][gc,heap        ] GC(1683) PSYoungGen: 335872K(335872K)->992K(343040K) Eden: 334848K(334848K)->0K(341504K) From: 1024K(1024K)->992K(1536K)
[275.165s][info][gc,heap        ] GC(1683) ParOldGen: 11563K(699392K)->11619K(699392K)
[275.165s][info][gc,metaspace   ] GC(1683) Metaspace: 14314K(15296K)->14314K(15296K) NonClass: 12353K(12928K)->12353K(12928K) Class: 1960K(2368K)->1960K(2368K)
[275.165s][info][gc             ] GC(1683) Pause Young (Allocation Failure) 339M->12M(1018M) 2.053ms
[275.165s][info][gc,cpu         ] GC(1683) User=0.00s Sys=0.00s Real=0.00s
[275.366s][info][gc,start       ] GC(1684) Pause Young (Allocation Failure)
[275.368s][info][gc,heap        ] GC(1684) PSYoungGen: 342496K(343040K)->992K(333312K) Eden: 341504K(341504K)->0K(332288K) From: 992K(1536K)->992K(1024K)
[275.368s][info][gc,heap        ] GC(1684) ParOldGen: 11619K(699392K)->11707K(699392K)
[275.368s][info][gc,metaspace   ] GC(1684) Metaspace: 14314K(15296K)->14314K(15296K) NonClass: 12353K(12928K)->12353K(12928K) Class: 1960K(2368K)->1960K(2368K)
[275.368s][info][gc             ] GC(1684) Pause Young (Allocation Failure) 345M->12M(1008M) 2.224ms
[275.368s][info][gc,cpu         ] GC(1684) User=0.00s Sys=0.00s Real=0.00s
[275.562s][info][gc,start       ] GC(1685) Pause Young (Allocation Failure)
[275.564s][info][gc,heap        ] GC(1685) PSYoungGen: 333280K(333312K)->1024K(324096K) Eden: 332288K(332288K)->0K(323072K) From: 992K(1024K)->1024K(1024K)
[275.564s][info][gc,heap        ] GC(1685) ParOldGen: 11707K(699392K)->11771K(699392K)
[275.564s][info][gc,metaspace   ] GC(1685) Metaspace: 14314K(15296K)->14314K(15296K) NonClass: 12353K(12928K)->12353K(12928K) Class: 1960K(2368K)->1960K(2368K)
[275.564s][info][gc             ] GC(1685) Pause Young (Allocation Failure) 336M->12M(999M) 2.075ms
[275.564s][info][gc,cpu         ] GC(1685) User=0.52s Sys=0.00s Real=0.00s
[275.752s][info][gc,start       ] GC(1686) Pause Young (Allocation Failure)
[275.754s][info][gc,heap        ] GC(1686) PSYoungGen: 324096K(324096K)->1024K(315392K) Eden: 323072K(323072K)->0K(314368K) From: 1024K(1024K)->1024K(1024K)
[275.754s][info][gc,heap        ] GC(1686) ParOldGen: 11771K(699392K)->11867K(699392K)
[275.754s][info][gc,metaspace   ] GC(1686) Metaspace: 14314K(15296K)->14314K(15296K) NonClass: 12353K(12928K)->12353K(12928K) Class: 1960K(2368K)->1960K(2368K)
[275.754s][info][gc             ] GC(1686) Pause Young (Allocation Failure) 327M->12M(991M) 2.183ms
[275.754s][info][gc,cpu         ] GC(1686) User=0.00s Sys=0.00s Real=0.00s
[275.938s][info][gc,start       ] GC(1687) Pause Young (Allocation Failure)
[275.940s][info][gc,heap        ] GC(1687) PSYoungGen: 315392K(315392K)->992K(341504K) Eden: 314368K(314368K)->0K(339968K) From: 1024K(1024K)->992K(1536K)
[275.940s][info][gc,heap        ] GC(1687) ParOldGen: 11867K(699392K)->11939K(699392K)
[275.940s][info][gc,metaspace   ] GC(1687) Metaspace: 14314K(15296K)->14314K(15296K) NonClass: 12353K(12928K)->12353K(12928K) Class: 1960K(2368K)->1960K(2368K)
[275.940s][info][gc             ] GC(1687) Pause Young (Allocation Failure) 319M->12M(1016M) 2.159ms
[275.940s][info][gc,cpu         ] GC(1687) User=0.00s Sys=0.00s Real=0.00s
[276.138s][info][gc,start       ] GC(1688) Pause Young (Allocation Failure)
[276.140s][info][gc,heap        ] GC(1688) PSYoungGen: 340960K(341504K)->1024K(341504K) Eden: 339968K(339968K)->0K(339968K) From: 992K(1536K)->1024K(1536K)
[276.140s][info][gc,heap        ] GC(1688) ParOldGen: 11939K(699392K)->12019K(699392K)
[276.140s][info][gc,metaspace   ] GC(1688) Metaspace: 14314K(15296K)->14314K(15296K) NonClass: 12353K(12928K)->12353K(12928K) Class: 1960K(2368K)->1960K(2368K)
[276.140s][info][gc             ] GC(1688) Pause Young (Allocation Failure) 344M->12M(1016M) 2.197ms
[276.140s][info][gc,cpu         ] GC(1688) User=0.00s Sys=0.00s Real=0.00s
[276.337s][info][gc,start       ] GC(1689) Pause Young (Allocation Failure)
[276.339s][info][gc,heap        ] GC(1689) PSYoungGen: 340992K(341504K)->1056K(347648K) Eden: 339968K(339968K)->0K(346112K) From: 1024K(1536K)->1056K(1536K)
[276.339s][info][gc,heap        ] GC(1689) ParOldGen: 12019K(699392K)->12075K(699392K)
[276.339s][info][gc,metaspace   ] GC(1689) Metaspace: 14314K(15296K)->14314K(15296K) NonClass: 12353K(12928K)->12353K(12928K) Class: 1960K(2368K)->1960K(2368K)
[276.339s][info][gc             ] GC(1689) Pause Young (Allocation Failure) 344M->12M(1022M) 2.219ms
[276.339s][info][gc,cpu         ] GC(1689) User=0.00s Sys=0.00s Real=0.00s
[276.541s][info][gc,start       ] GC(1690) Pause Young (Allocation Failure)
[276.543s][info][gc,heap        ] GC(1690) PSYoungGen: 347168K(347648K)->1056K(347648K) Eden: 346112K(346112K)->0K(346112K) From: 1056K(1536K)->1056K(1536K)
[276.543s][info][gc,heap        ] GC(1690) ParOldGen: 12075K(699392K)->12147K(699392K)
[276.543s][info][gc,metaspace   ] GC(1690) Metaspace: 14314K(15296K)->14314K(15296K) NonClass: 12353K(12928K)->12353K(12928K) Class: 1960K(2368K)->1960K(2368K)
[276.543s][info][gc             ] GC(1690) Pause Young (Allocation Failure) 350M->12M(1022M) 2.361ms
[276.543s][info][gc,cpu         ] GC(1690) User=0.00s Sys=0.00s Real=0.00s
[276.746s][info][gc,start       ] GC(1691) Pause Young (Allocation Failure)
[276.748s][info][gc,heap        ] GC(1691) PSYoungGen: 347168K(347648K)->992K(347648K) Eden: 346112K(346112K)->0K(346112K) From: 1056K(1536K)->992K(1536K)
[276.748s][info][gc,heap        ] GC(1691) ParOldGen: 12147K(699392K)->12243K(699392K)
[276.748s][info][gc,metaspace   ] GC(1691) Metaspace: 14314K(15296K)->14314K(15296K) NonClass: 12353K(12928K)->12353K(12928K) Class: 1960K(2368K)->1960K(2368K)
[276.748s][info][gc             ] GC(1691) Pause Young (Allocation Failure) 350M->12M(1022M) 2.242ms
[276.748s][info][gc,cpu         ] GC(1691) User=0.00s Sys=0.00s Real=0.00s
[276.951s][info][gc,start       ] GC(1692) Pause Young (Allocation Failure)
[276.953s][info][gc,heap        ] GC(1692) PSYoungGen: 347104K(347648K)->992K(347648K) Eden: 346112K(346112K)->0K(346112K) From: 992K(1536K)->992K(1536K)
[276.953s][info][gc,heap        ] GC(1692) ParOldGen: 12243K(699392K)->12323K(699392K)
[276.953s][info][gc,metaspace   ] GC(1692) Metaspace: 14314K(15296K)->14314K(15296K) NonClass: 12353K(12928K)->12353K(12928K) Class: 1960K(2368K)->1960K(2368K)
[276.953s][info][gc             ] GC(1692) Pause Young (Allocation Failure) 350M->13M(1022M) 2.315ms
[276.953s][info][gc,cpu         ] GC(1692) User=0.52s Sys=0.00s Real=0.00s
[277.155s][info][gc,start       ] GC(1693) Pause Young (Allocation Failure)
[277.157s][info][gc,heap        ] GC(1693) PSYoungGen: 347104K(347648K)->1024K(347648K) Eden: 346112K(346112K)->0K(346112K) From: 992K(1536K)->1024K(1536K)
[277.157s][info][gc,heap        ] GC(1693) ParOldGen: 12323K(699392K)->12403K(699392K)
[277.157s][info][gc,metaspace   ] GC(1693) Metaspace: 14314K(15296K)->14314K(15296K) NonClass: 12353K(12928K)->12353K(12928K) Class: 1960K(2368K)->1960K(2368K)
[277.157s][info][gc             ] GC(1693) Pause Young (Allocation Failure) 351M->13M(1022M) 2.369ms
[277.157s][info][gc,cpu         ] GC(1693) User=0.52s Sys=0.00s Real=0.00s
[277.424s][info][gc,start       ] GC(1694) Pause Young (Allocation Failure)
[277.427s][info][gc,heap        ] GC(1694) PSYoungGen: 347136K(347648K)->960K(347648K) Eden: 346112K(346112K)->0K(346112K) From: 1024K(1536K)->960K(1536K)
[277.427s][info][gc,heap        ] GC(1694) ParOldGen: 12403K(699392K)->12475K(699392K)
[277.427s][info][gc,metaspace   ] GC(1694) Metaspace: 14314K(15296K)->14314K(15296K) NonClass: 12353K(12928K)->12353K(12928K) Class: 1960K(2368K)->1960K(2368K)
[277.427s][info][gc             ] GC(1694) Pause Young (Allocation Failure) 351M->13M(1022M) 3.197ms
[277.427s][info][gc,cpu         ] GC(1694) User=0.00s Sys=0.00s Real=0.00s
[277.643s][info][gc,start       ] GC(1695) Pause Young (Allocation Failure)
[277.645s][info][gc,heap        ] GC(1695) PSYoungGen: 347072K(347648K)->1024K(347648K) Eden: 346112K(346112K)->0K(346112K) From: 960K(1536K)->1024K(1536K)
[277.645s][info][gc,heap        ] GC(1695) ParOldGen: 12475K(699392K)->12547K(699392K)
[277.645s][info][gc,metaspace   ] GC(1695) Metaspace: 14314K(15296K)->14314K(15296K) NonClass: 12353K(12928K)->12353K(12928K) Class: 1960K(2368K)->1960K(2368K)
[277.645s][info][gc             ] GC(1695) Pause Young (Allocation Failure) 351M->13M(1022M) 2.135ms
[277.645s][info][gc,cpu         ] GC(1695) User=0.00s Sys=0.00s Real=0.00s
[277.858s][info][gc,start       ] GC(1696) Pause Young (Allocation Failure)
[277.860s][info][gc,heap        ] GC(1696) PSYoungGen: 347136K(347648K)->992K(337408K) Eden: 346112K(346112K)->0K(336384K) From: 1024K(1536K)->992K(1024K)
[277.860s][info][gc,heap        ] GC(1696) ParOldGen: 12547K(699392K)->12619K(699392K)
[277.860s][info][gc,metaspace   ] GC(1696) Metaspace: 14314K(15296K)->14314K(15296K) NonClass: 12353K(12928K)->12353K(12928K) Class: 1960K(2368K)->1960K(2368K)
[277.860s][info][gc             ] GC(1696) Pause Young (Allocation Failure) 351M->13M(1012M) 1.866ms
[277.860s][info][gc,cpu         ] GC(1696) User=0.52s Sys=0.00s Real=0.00s
[278.095s][info][gc,start       ] GC(1697) Pause Young (Allocation Failure)
[278.097s][info][gc,heap        ] GC(1697) PSYoungGen: 337376K(337408K)->896K(328192K) Eden: 336384K(336384K)->0K(327168K) From: 992K(1024K)->896K(1024K)
[278.097s][info][gc,heap        ] GC(1697) ParOldGen: 12619K(699392K)->12699K(699392K)
[278.097s][info][gc,metaspace   ] GC(1697) Metaspace: 14314K(15296K)->14314K(15296K) NonClass: 12353K(12928K)->12353K(12928K) Class: 1960K(2368K)->1960K(2368K)
[278.097s][info][gc             ] GC(1697) Pause Young (Allocation Failure) 341M->13M(1003M) 1.843ms
[278.097s][info][gc,cpu         ] GC(1697) User=0.00s Sys=0.00s Real=0.00s
[278.269s][info][gc,start       ] GC(1698) Pause Young (Allocation Failure)
[278.271s][info][gc,heap        ] GC(1698) PSYoungGen: 328064K(328192K)->768K(319488K) Eden: 327168K(327168K)->0K(318464K) From: 896K(1024K)->768K(1024K)
[278.271s][info][gc,heap        ] GC(1698) ParOldGen: 12699K(699392K)->12787K(699392K)
[278.271s][info][gc,metaspace   ] GC(1698) Metaspace: 14314K(15296K)->14314K(15296K) NonClass: 12353K(12928K)->12353K(12928K) Class: 1960K(2368K)->1960K(2368K)
[278.271s][info][gc             ] GC(1698) Pause Young (Allocation Failure) 332M->13M(995M) 1.917ms
[278.271s][info][gc,cpu         ] GC(1698) User=0.00s Sys=0.00s Real=0.00s
[278.495s][info][gc,start       ] GC(1699) Pause Young (System.gc())
[278.497s][info][gc,heap        ] GC(1699) PSYoungGen: 313418K(319488K)->480K(318976K) Eden: 312650K(318464K)->0K(318464K) From: 768K(1024K)->480K(512K)
[278.497s][info][gc,heap        ] GC(1699) ParOldGen: 12787K(699392K)->12867K(699392K)
[278.497s][info][gc,metaspace   ] GC(1699) Metaspace: 14314K(15296K)->14314K(15296K) NonClass: 12353K(12928K)->12353K(12928K) Class: 1960K(2368K)->1960K(2368K)
[278.497s][info][gc             ] GC(1699) Pause Young (System.gc()) 318M->13M(994M) 2.156ms
[278.497s][info][gc,cpu         ] GC(1699) User=0.00s Sys=0.00s Real=0.00s
[278.497s][info][gc,start       ] GC(1700) Pause Full (System.gc())
[278.497s][info][gc,phases,start] GC(1700) Marking Phase
[278.511s][info][gc,phases      ] GC(1700) Marking Phase 13.614ms
[278.511s][info][gc,phases,start] GC(1700) Summary Phase
[278.511s][info][gc,phases      ] GC(1700) Summary Phase 0.034ms
[278.511s][info][gc,phases,start] GC(1700) Adjust Roots
[278.517s][info][gc,phases      ] GC(1700) Adjust Roots 5.730ms
[278.517s][info][gc,phases,start] GC(1700) Compaction Phase
[278.519s][info][gc,phases      ] GC(1700) Compaction Phase 1.702ms
[278.519s][info][gc,phases,start] GC(1700) Post Compact
[278.519s][info][gc,phases      ] GC(1700) Post Compact 0.308ms
[278.519s][info][gc,heap        ] GC(1700) PSYoungGen: 480K(318976K)->0K(318976K) Eden: 0K(318464K)->0K(318464K) From: 480K(512K)->0K(512K)
[278.519s][info][gc,heap        ] GC(1700) ParOldGen: 12867K(699392K)->5373K(699392K)
[278.519s][info][gc,metaspace   ] GC(1700) Metaspace: 14314K(15296K)->14314K(15296K) NonClass: 12353K(12928K)->12353K(12928K) Class: 1960K(2368K)->1960K(2368K)
[278.519s][info][gc             ] GC(1700) Pause Full (System.gc()) 13M->5M(994M) 21.652ms
[278.519s][info][gc,cpu         ] GC(1700) User=0.02s Sys=0.00s Real=0.02s
[278.718s][info][gc,start       ] GC(1701) Pause Young (Allocation Failure)
[278.720s][info][gc,heap        ] GC(1701) PSYoungGen: 318464K(318976K)->1536K(311296K) Eden: 318464K(318464K)->0K(309760K) From: 0K(512K)->1536K(1536K)
[278.720s][info][gc,heap        ] GC(1701) ParOldGen: 5373K(699392K)->5581K(699392K)
[278.720s][info][gc,metaspace   ] GC(1701) Metaspace: 14314K(15296K)->14314K(15296K) NonClass: 12353K(12928K)->12353K(12928K) Class: 1960K(2368K)->1960K(2368K)
[278.720s][info][gc             ] GC(1701) Pause Young (Allocation Failure) 316M->6M(987M) 2.109ms
[278.720s][info][gc,cpu         ] GC(1701) User=0.23s Sys=0.00s Real=0.00s
[278.896s][info][gc,start       ] GC(1702) Pause Young (Allocation Failure)
[278.898s][info][gc,heap        ] GC(1702) PSYoungGen: 311296K(311296K)->1024K(302592K) Eden: 309760K(309760K)->0K(301568K) From: 1536K(1536K)->1024K(1024K)
[278.898s][info][gc,heap        ] GC(1702) ParOldGen: 5581K(699392K)->7071K(699392K)
[278.898s][info][gc,metaspace   ] GC(1702) Metaspace: 14314K(15296K)->14314K(15296K) NonClass: 12353K(12928K)->12353K(12928K) Class: 1960K(2368K)->1960K(2368K)
[278.898s][info][gc             ] GC(1702) Pause Young (Allocation Failure) 309M->7M(978M) 2.104ms
[278.898s][info][gc,cpu         ] GC(1702) User=0.00s Sys=0.00s Real=0.00s
[279.071s][info][gc,start       ] GC(1703) Pause Young (Allocation Failure)
[279.073s][info][gc,heap        ] GC(1703) PSYoungGen: 302592K(302592K)->1024K(294912K) Eden: 301568K(301568K)->0K(293888K) From: 1024K(1024K)->1024K(1024K)
[279.073s][info][gc,heap        ] GC(1703) ParOldGen: 7071K(699392K)->7159K(699392K)
[279.073s][info][gc,metaspace   ] GC(1703) Metaspace: 14314K(15296K)->14314K(15296K) NonClass: 12353K(12928K)->12353K(12928K) Class: 1960K(2368K)->1960K(2368K)
[279.073s][info][gc             ] GC(1703) Pause Young (Allocation Failure) 302M->7M(971M) 2.018ms
[279.073s][info][gc,cpu         ] GC(1703) User=0.00s Sys=0.00s Real=0.00s
[279.243s][info][gc,start       ] GC(1704) Pause Young (Allocation Failure)
[279.245s][info][gc,heap        ] GC(1704) PSYoungGen: 294912K(294912K)->1024K(344064K) Eden: 293888K(293888K)->0K(342528K) From: 1024K(1024K)->1024K(1536K)
[279.245s][info][gc,heap        ] GC(1704) ParOldGen: 7159K(699392K)->7231K(699392K)
[279.245s][info][gc,metaspace   ] GC(1704) Metaspace: 14314K(15296K)->14314K(15296K) NonClass: 12353K(12928K)->12353K(12928K) Class: 1960K(2368K)->1960K(2368K)
[279.245s][info][gc             ] GC(1704) Pause Young (Allocation Failure) 294M->8M(1019M) 2.014ms
[279.245s][info][gc,cpu         ] GC(1704) User=0.00s Sys=0.00s Real=0.00s
[279.442s][info][gc,start       ] GC(1705) Pause Young (Allocation Failure)
[279.445s][info][gc,heap        ] GC(1705) PSYoungGen: 343552K(344064K)->960K(334336K) Eden: 342528K(342528K)->0K(333312K) From: 1024K(1536K)->960K(1024K)
[279.445s][info][gc,heap        ] GC(1705) ParOldGen: 7231K(699392K)->7335K(699392K)
[279.445s][info][gc,metaspace   ] GC(1705) Metaspace: 14314K(15296K)->14314K(15296K) NonClass: 12353K(12928K)->12353K(12928K) Class: 1960K(2368K)->1960K(2368K)
[279.445s][info][gc             ] GC(1705) Pause Young (Allocation Failure) 342M->8M(1009M) 2.254ms
[279.445s][info][gc,cpu         ] GC(1705) User=0.00s Sys=0.00s Real=0.00s
[279.638s][info][gc,start       ] GC(1706) Pause Young (Allocation Failure)
[279.640s][info][gc,heap        ] GC(1706) PSYoungGen: 334272K(334336K)->1024K(325120K) Eden: 333312K(333312K)->0K(324096K) From: 960K(1024K)->1024K(1024K)
[279.640s][info][gc,heap        ] GC(1706) ParOldGen: 7335K(699392K)->7415K(699392K)
[279.640s][info][gc,metaspace   ] GC(1706) Metaspace: 14314K(15296K)->14314K(15296K) NonClass: 12353K(12928K)->12353K(12928K) Class: 1960K(2368K)->1960K(2368K)
[279.640s][info][gc             ] GC(1706) Pause Young (Allocation Failure) 333M->8M(1000M) 2.098ms
[279.640s][info][gc,cpu         ] GC(1706) User=0.00s Sys=0.00s Real=0.00s
[279.828s][info][gc,start       ] GC(1707) Pause Young (Allocation Failure)
[279.830s][info][gc,heap        ] GC(1707) PSYoungGen: 325120K(325120K)->992K(343040K) Eden: 324096K(324096K)->0K(341504K) From: 1024K(1024K)->992K(1536K)
[279.830s][info][gc,heap        ] GC(1707) ParOldGen: 7415K(699392K)->7527K(699392K)
[279.830s][info][gc,metaspace   ] GC(1707) Metaspace: 14314K(15296K)->14314K(15296K) NonClass: 12353K(12928K)->12353K(12928K) Class: 1960K(2368K)->1960K(2368K)
[279.830s][info][gc             ] GC(1707) Pause Young (Allocation Failure) 324M->8M(1018M) 2.151ms
[279.830s][info][gc,cpu         ] GC(1707) User=0.00s Sys=0.00s Real=0.00s
[280.027s][info][gc,start       ] GC(1708) Pause Young (Allocation Failure)
[280.029s][info][gc,heap        ] GC(1708) PSYoungGen: 342496K(343040K)->1056K(347648K) Eden: 341504K(341504K)->0K(346112K) From: 992K(1536K)->1056K(1536K)
[280.029s][info][gc,heap        ] GC(1708) ParOldGen: 7527K(699392K)->7615K(699392K)
[280.029s][info][gc,metaspace   ] GC(1708) Metaspace: 14314K(15296K)->14314K(15296K) NonClass: 12353K(12928K)->12353K(12928K) Class: 1960K(2368K)->1960K(2368K)
[280.029s][info][gc             ] GC(1708) Pause Young (Allocation Failure) 341M->8M(1022M) 2.180ms
[280.029s][info][gc,cpu         ] GC(1708) User=0.00s Sys=0.00s Real=0.00s
[280.229s][info][gc,start       ] GC(1709) Pause Young (Allocation Failure)
[280.231s][info][gc,heap        ] GC(1709) PSYoungGen: 347168K(347648K)->1024K(347648K) Eden: 346112K(346112K)->0K(346112K) From: 1056K(1536K)->1024K(1536K)
[280.231s][info][gc,heap        ] GC(1709) ParOldGen: 7615K(699392K)->7679K(699392K)
[280.231s][info][gc,metaspace   ] GC(1709) Metaspace: 14314K(15296K)->14314K(15296K) NonClass: 12353K(12928K)->12353K(12928K) Class: 1960K(2368K)->1960K(2368K)
[280.231s][info][gc             ] GC(1709) Pause Young (Allocation Failure) 346M->8M(1022M) 2.182ms
[280.231s][info][gc,cpu         ] GC(1709) User=0.00s Sys=0.00s Real=0.00s
[280.431s][info][gc,start       ] GC(1710) Pause Young (Allocation Failure)
[280.433s][info][gc,heap        ] GC(1710) PSYoungGen: 347136K(347648K)->1024K(347648K) Eden: 346112K(346112K)->0K(346112K) From: 1024K(1536K)->1024K(1536K)
[280.433s][info][gc,heap        ] GC(1710) ParOldGen: 7679K(699392K)->7775K(699392K)
[280.433s][info][gc,metaspace   ] GC(1710) Metaspace: 14314K(15296K)->14314K(15296K) NonClass: 12353K(12928K)->12353K(12928K) Class: 1960K(2368K)->1960K(2368K)
[280.433s][info][gc             ] GC(1710) Pause Young (Allocation Failure) 346M->8M(1022M) 2.192ms
[280.433s][info][gc,cpu         ] GC(1710) User=0.00s Sys=0.00s Real=0.00s
[280.635s][info][gc,start       ] GC(1711) Pause Young (Allocation Failure)
[280.637s][info][gc,heap        ] GC(1711) PSYoungGen: 347136K(347648K)->960K(347648K) Eden: 346112K(346112K)->0K(346112K) From: 1024K(1536K)->960K(1536K)
[280.637s][info][gc,heap        ] GC(1711) ParOldGen: 7775K(699392K)->7847K(699392K)
[280.638s][info][gc,metaspace   ] GC(1711) Metaspace: 14314K(15296K)->14314K(15296K) NonClass: 12353K(12928K)->12353K(12928K) Class: 1960K(2368K)->1960K(2368K)
[280.638s][info][gc             ] GC(1711) Pause Young (Allocation Failure) 346M->8M(1022M) 2.259ms
[280.638s][info][gc,cpu         ] GC(1711) User=0.00s Sys=0.00s Real=0.00s
[280.837s][info][gc,start       ] GC(1712) Pause Young (Allocation Failure)
[280.839s][info][gc,heap        ] GC(1712) PSYoungGen: 347072K(347648K)->1024K(347648K) Eden: 346112K(346112K)->0K(346112K) From: 960K(1536K)->1024K(1536K)
[280.839s][info][gc,heap        ] GC(1712) ParOldGen: 7847K(699392K)->7943K(699392K)
[280.839s][info][gc,metaspace   ] GC(1712) Metaspace: 14314K(15296K)->14314K(15296K) NonClass: 12353K(12928K)->12353K(12928K) Class: 1960K(2368K)->1960K(2368K)
[280.839s][info][gc             ] GC(1712) Pause Young (Allocation Failure) 346M->8M(1022M) 2.253ms
[280.839s][info][gc,cpu         ] GC(1712) User=0.00s Sys=0.00s Real=0.00s
[281.041s][info][gc,start       ] GC(1713) Pause Young (Allocation Failure)
[281.043s][info][gc,heap        ] GC(1713) PSYoungGen: 347136K(347648K)->1024K(347648K) Eden: 346112K(346112K)->0K(346112K) From: 1024K(1536K)->1024K(1536K)
[281.043s][info][gc,heap        ] GC(1713) ParOldGen: 7943K(699392K)->8023K(699392K)
[281.043s][info][gc,metaspace   ] GC(1713) Metaspace: 14314K(15296K)->14314K(15296K) NonClass: 12353K(12928K)->12353K(12928K) Class: 1960K(2368K)->1960K(2368K)
[281.043s][info][gc             ] GC(1713) Pause Young (Allocation Failure) 346M->8M(1022M) 2.286ms
[281.043s][info][gc,cpu         ] GC(1713) User=0.00s Sys=0.00s Real=0.00s
[281.283s][info][gc,start       ] GC(1714) Pause Young (Allocation Failure)
[281.285s][info][gc,heap        ] GC(1714) PSYoungGen: 347136K(347648K)->992K(347648K) Eden: 346112K(346112K)->0K(346112K) From: 1024K(1536K)->992K(1536K)
[281.285s][info][gc,heap        ] GC(1714) ParOldGen: 8023K(699392K)->8111K(699392K)
[281.286s][info][gc,metaspace   ] GC(1714) Metaspace: 14314K(15296K)->14314K(15296K) NonClass: 12353K(12928K)->12353K(12928K) Class: 1960K(2368K)->1960K(2368K)
[281.286s][info][gc             ] GC(1714) Pause Young (Allocation Failure) 346M->8M(1022M) 2.950ms
[281.286s][info][gc,cpu         ] GC(1714) User=0.00s Sys=0.00s Real=0.00s
[281.493s][info][gc,start       ] GC(1715) Pause Young (Allocation Failure)
[281.496s][info][gc,heap        ] GC(1715) PSYoungGen: 347104K(347648K)->1024K(347648K) Eden: 346112K(346112K)->0K(346112K) From: 992K(1536K)->1024K(1536K)
[281.496s][info][gc,heap        ] GC(1715) ParOldGen: 8111K(699392K)->8223K(699392K)
[281.496s][info][gc,metaspace   ] GC(1715) Metaspace: 14314K(15296K)->14314K(15296K) NonClass: 12353K(12928K)->12353K(12928K) Class: 1960K(2368K)->1960K(2368K)
[281.496s][info][gc             ] GC(1715) Pause Young (Allocation Failure) 346M->9M(1022M) 2.257ms
[281.496s][info][gc,cpu         ] GC(1715) User=0.00s Sys=0.00s Real=0.00s
[281.697s][info][gc,start       ] GC(1716) Pause Young (Allocation Failure)
[281.699s][info][gc,heap        ] GC(1716) PSYoungGen: 347136K(347648K)->1024K(347648K) Eden: 346112K(346112K)->0K(346112K) From: 1024K(1536K)->1024K(1536K)
[281.699s][info][gc,heap        ] GC(1716) ParOldGen: 8223K(699392K)->8311K(699392K)
[281.699s][info][gc,metaspace   ] GC(1716) Metaspace: 14314K(15296K)->14314K(15296K) NonClass: 12353K(12928K)->12353K(12928K) Class: 1960K(2368K)->1960K(2368K)
[281.699s][info][gc             ] GC(1716) Pause Young (Allocation Failure) 347M->9M(1022M) 2.046ms
[281.699s][info][gc,cpu         ] GC(1716) User=0.00s Sys=0.00s Real=0.00s
[281.900s][info][gc,start       ] GC(1717) Pause Young (Allocation Failure)
[281.902s][info][gc,heap        ] GC(1717) PSYoungGen: 347136K(347648K)->1024K(337408K) Eden: 346112K(346112K)->0K(336384K) From: 1024K(1536K)->1024K(1024K)
[281.902s][info][gc,heap        ] GC(1717) ParOldGen: 8311K(699392K)->8391K(699392K)
[281.902s][info][gc,metaspace   ] GC(1717) Metaspace: 14314K(15296K)->14314K(15296K) NonClass: 12353K(12928K)->12353K(12928K) Class: 1960K(2368K)->1960K(2368K)
[281.902s][info][gc             ] GC(1717) Pause Young (Allocation Failure) 347M->9M(1012M) 2.029ms
[281.902s][info][gc,cpu         ] GC(1717) User=0.00s Sys=0.00s Real=0.00s
[282.096s][info][gc,start       ] GC(1718) Pause Young (Allocation Failure)
[282.098s][info][gc,heap        ] GC(1718) PSYoungGen: 337408K(337408K)->1024K(328192K) Eden: 336384K(336384K)->0K(327168K) From: 1024K(1024K)->1024K(1024K)
[282.098s][info][gc,heap        ] GC(1718) ParOldGen: 8391K(699392K)->8487K(699392K)
[282.098s][info][gc,metaspace   ] GC(1718) Metaspace: 14314K(15296K)->14314K(15296K) NonClass: 12353K(12928K)->12353K(12928K) Class: 1960K(2368K)->1960K(2368K)
[282.098s][info][gc             ] GC(1718) Pause Young (Allocation Failure) 337M->9M(1003M) 1.995ms
[282.098s][info][gc,cpu         ] GC(1718) User=0.00s Sys=0.00s Real=0.00s
[282.289s][info][gc,start       ] GC(1719) Pause Young (Allocation Failure)
[282.291s][info][gc,heap        ] GC(1719) PSYoungGen: 328192K(328192K)->992K(319488K) Eden: 327168K(327168K)->0K(318464K) From: 1024K(1024K)->992K(1024K)
[282.291s][info][gc,heap        ] GC(1719) ParOldGen: 8487K(699392K)->8559K(699392K)
[282.291s][info][gc,metaspace   ] GC(1719) Metaspace: 14314K(15296K)->14314K(15296K) NonClass: 12353K(12928K)->12353K(12928K) Class: 1960K(2368K)->1960K(2368K)
[282.291s][info][gc             ] GC(1719) Pause Young (Allocation Failure) 328M->9M(995M) 1.926ms
[282.291s][info][gc,cpu         ] GC(1719) User=0.00s Sys=0.00s Real=0.00s
[282.475s][info][gc,start       ] GC(1720) Pause Young (Allocation Failure)
[282.477s][info][gc,heap        ] GC(1720) PSYoungGen: 319456K(319488K)->992K(310784K) Eden: 318464K(318464K)->0K(309760K) From: 992K(1024K)->992K(1024K)
[282.477s][info][gc,heap        ] GC(1720) ParOldGen: 8559K(699392K)->8639K(699392K)
[282.477s][info][gc,metaspace   ] GC(1720) Metaspace: 14314K(15296K)->14314K(15296K) NonClass: 12353K(12928K)->12353K(12928K) Class: 1960K(2368K)->1960K(2368K)
[282.477s][info][gc             ] GC(1720) Pause Young (Allocation Failure) 320M->9M(986M) 1.970ms
[282.477s][info][gc,cpu         ] GC(1720) User=0.00s Sys=0.00s Real=0.00s
[282.655s][info][gc,start       ] GC(1721) Pause Young (Allocation Failure)
[282.656s][info][gc,heap        ] GC(1721) PSYoungGen: 310752K(310784K)->960K(302592K) Eden: 309760K(309760K)->0K(301568K) From: 992K(1024K)->960K(1024K)
[282.657s][info][gc,heap        ] GC(1721) ParOldGen: 8639K(699392K)->8727K(699392K)
[282.657s][info][gc,metaspace   ] GC(1721) Metaspace: 14314K(15296K)->14314K(15296K) NonClass: 12353K(12928K)->12353K(12928K) Class: 1960K(2368K)->1960K(2368K)
[282.657s][info][gc             ] GC(1721) Pause Young (Allocation Failure) 311M->9M(978M) 1.949ms
[282.657s][info][gc,cpu         ] GC(1721) User=0.52s Sys=0.00s Real=0.00s
[282.830s][info][gc,start       ] GC(1722) Pause Young (Allocation Failure)
[282.832s][info][gc,heap        ] GC(1722) PSYoungGen: 302528K(302592K)->960K(294912K) Eden: 301568K(301568K)->0K(293888K) From: 960K(1024K)->960K(1024K)
[282.832s][info][gc,heap        ] GC(1722) ParOldGen: 8727K(699392K)->8831K(699392K)
[282.832s][info][gc,metaspace   ] GC(1722) Metaspace: 14314K(15296K)->14314K(15296K) NonClass: 12353K(12928K)->12353K(12928K) Class: 1960K(2368K)->1960K(2368K)
[282.832s][info][gc             ] GC(1722) Pause Young (Allocation Failure) 303M->9M(971M) 1.952ms
[282.832s][info][gc,cpu         ] GC(1722) User=0.00s Sys=0.00s Real=0.00s
[283.001s][info][gc,start       ] GC(1723) Pause Young (Allocation Failure)
[283.003s][info][gc,heap        ] GC(1723) PSYoungGen: 294848K(294912K)->992K(287232K) Eden: 293888K(293888K)->0K(286208K) From: 960K(1024K)->992K(1024K)
[283.003s][info][gc,heap        ] GC(1723) ParOldGen: 8831K(699392K)->8903K(699392K)
[283.003s][info][gc,metaspace   ] GC(1723) Metaspace: 14314K(15296K)->14314K(15296K) NonClass: 12353K(12928K)->12353K(12928K) Class: 1960K(2368K)->1960K(2368K)
[283.003s][info][gc             ] GC(1723) Pause Young (Allocation Failure) 296M->9M(963M) 2.031ms
[283.003s][info][gc,cpu         ] GC(1723) User=0.00s Sys=0.00s Real=0.00s
[283.168s][info][gc,start       ] GC(1724) Pause Young (Allocation Failure)
[283.170s][info][gc,heap        ] GC(1724) PSYoungGen: 287200K(287232K)->1024K(344064K) Eden: 286208K(286208K)->0K(342528K) From: 992K(1024K)->1024K(1536K)
[283.170s][info][gc,heap        ] GC(1724) ParOldGen: 8903K(699392K)->8999K(699392K)
[283.170s][info][gc,metaspace   ] GC(1724) Metaspace: 14314K(15296K)->14314K(15296K) NonClass: 12353K(12928K)->12353K(12928K) Class: 1960K(2368K)->1960K(2368K)
[283.170s][info][gc             ] GC(1724) Pause Young (Allocation Failure) 289M->9M(1019M) 2.001ms
[283.170s][info][gc,cpu         ] GC(1724) User=0.00s Sys=0.00s Real=0.00s
[283.367s][info][gc,start       ] GC(1725) Pause Young (Allocation Failure)
[283.369s][info][gc,heap        ] GC(1725) PSYoungGen: 343552K(344064K)->1024K(344064K) Eden: 342528K(342528K)->0K(342528K) From: 1024K(1536K)->1024K(1536K)
[283.369s][info][gc,heap        ] GC(1725) ParOldGen: 8999K(699392K)->9063K(699392K)
[283.369s][info][gc,metaspace   ] GC(1725) Metaspace: 14314K(15296K)->14314K(15296K) NonClass: 12353K(12928K)->12353K(12928K) Class: 1960K(2368K)->1960K(2368K)
[283.369s][info][gc             ] GC(1725) Pause Young (Allocation Failure) 344M->9M(1019M) 2.124ms
[283.369s][info][gc,cpu         ] GC(1725) User=0.00s Sys=0.00s Real=0.00s
[283.566s][info][gc,start       ] GC(1726) Pause Young (Allocation Failure)
[283.568s][info][gc,heap        ] GC(1726) PSYoungGen: 343552K(344064K)->1056K(347648K) Eden: 342528K(342528K)->0K(346112K) From: 1024K(1536K)->1056K(1536K)
[283.568s][info][gc,heap        ] GC(1726) ParOldGen: 9063K(699392K)->9119K(699392K)
[283.568s][info][gc,metaspace   ] GC(1726) Metaspace: 14314K(15296K)->14314K(15296K) NonClass: 12353K(12928K)->12353K(12928K) Class: 1960K(2368K)->1960K(2368K)
[283.568s][info][gc             ] GC(1726) Pause Young (Allocation Failure) 344M->9M(1022M) 2.075ms
[283.568s][info][gc,cpu         ] GC(1726) User=0.00s Sys=0.00s Real=0.00s
[283.769s][info][gc,start       ] GC(1727) Pause Young (Allocation Failure)
[283.771s][info][gc,heap        ] GC(1727) PSYoungGen: 347168K(347648K)->1024K(347648K) Eden: 346112K(346112K)->0K(346112K) From: 1056K(1536K)->1024K(1536K)
[283.771s][info][gc,heap        ] GC(1727) ParOldGen: 9119K(699392K)->9231K(699392K)
[283.771s][info][gc,metaspace   ] GC(1727) Metaspace: 14314K(15296K)->14314K(15296K) NonClass: 12353K(12928K)->12353K(12928K) Class: 1960K(2368K)->1960K(2368K)
[283.771s][info][gc             ] GC(1727) Pause Young (Allocation Failure) 347M->10M(1022M) 2.130ms
[283.771s][info][gc,cpu         ] GC(1727) User=0.00s Sys=0.00s Real=0.00s
[283.971s][info][gc,start       ] GC(1728) Pause Young (Allocation Failure)
[283.973s][info][gc,heap        ] GC(1728) PSYoungGen: 347136K(347648K)->1024K(337408K) Eden: 346112K(346112K)->0K(336384K) From: 1024K(1536K)->1024K(1024K)
[283.974s][info][gc,heap        ] GC(1728) ParOldGen: 9231K(699392K)->9295K(699392K)
[283.974s][info][gc,metaspace   ] GC(1728) Metaspace: 14314K(15296K)->14314K(15296K) NonClass: 12353K(12928K)->12353K(12928K) Class: 1960K(2368K)->1960K(2368K)
[283.974s][info][gc             ] GC(1728) Pause Young (Allocation Failure) 348M->10M(1012M) 2.134ms
[283.974s][info][gc,cpu         ] GC(1728) User=0.00s Sys=0.00s Real=0.00s
[284.167s][info][gc,start       ] GC(1729) Pause Young (Allocation Failure)
[284.170s][info][gc,heap        ] GC(1729) PSYoungGen: 337408K(337408K)->992K(347136K) Eden: 336384K(336384K)->0K(345600K) From: 1024K(1024K)->992K(1536K)
[284.170s][info][gc,heap        ] GC(1729) ParOldGen: 9295K(699392K)->9399K(699392K)
[284.170s][info][gc,metaspace   ] GC(1729) Metaspace: 14314K(15296K)->14314K(15296K) NonClass: 12353K(12928K)->12353K(12928K) Class: 1960K(2368K)->1960K(2368K)
[284.170s][info][gc             ] GC(1729) Pause Young (Allocation Failure) 338M->10M(1022M) 2.200ms
[284.170s][info][gc,cpu         ] GC(1729) User=0.00s Sys=0.00s Real=0.00s
[284.369s][info][gc,start       ] GC(1730) Pause Young (Allocation Failure)
[284.371s][info][gc,heap        ] GC(1730) PSYoungGen: 346592K(347136K)->1024K(347648K) Eden: 345600K(345600K)->0K(346112K) From: 992K(1536K)->1024K(1536K)
[284.371s][info][gc,heap        ] GC(1730) ParOldGen: 9399K(699392K)->9471K(699392K)
[284.371s][info][gc,metaspace   ] GC(1730) Metaspace: 14314K(15296K)->14314K(15296K) NonClass: 12353K(12928K)->12353K(12928K) Class: 1960K(2368K)->1960K(2368K)
[284.371s][info][gc             ] GC(1730) Pause Young (Allocation Failure) 347M->10M(1022M) 2.219ms
[284.371s][info][gc,cpu         ] GC(1730) User=0.00s Sys=0.00s Real=0.00s
[284.573s][info][gc,start       ] GC(1731) Pause Young (Allocation Failure)
[284.575s][info][gc,heap        ] GC(1731) PSYoungGen: 347136K(347648K)->1024K(347648K) Eden: 346112K(346112K)->0K(346112K) From: 1024K(1536K)->1024K(1536K)
[284.575s][info][gc,heap        ] GC(1731) ParOldGen: 9471K(699392K)->9543K(699392K)
[284.575s][info][gc,metaspace   ] GC(1731) Metaspace: 14314K(15296K)->14314K(15296K) NonClass: 12353K(12928K)->12353K(12928K) Class: 1960K(2368K)->1960K(2368K)
[284.575s][info][gc             ] GC(1731) Pause Young (Allocation Failure) 348M->10M(1022M) 2.273ms
[284.575s][info][gc,cpu         ] GC(1731) User=0.00s Sys=0.00s Real=0.00s
[284.776s][info][gc,start       ] GC(1732) Pause Young (Allocation Failure)
[284.778s][info][gc,heap        ] GC(1732) PSYoungGen: 347136K(347648K)->992K(347648K) Eden: 346112K(346112K)->0K(346112K) From: 1024K(1536K)->992K(1536K)
[284.778s][info][gc,heap        ] GC(1732) ParOldGen: 9543K(699392K)->9631K(699392K)
[284.778s][info][gc,metaspace   ] GC(1732) Metaspace: 14314K(15296K)->14314K(15296K) NonClass: 12353K(12928K)->12353K(12928K) Class: 1960K(2368K)->1960K(2368K)
[284.778s][info][gc             ] GC(1732) Pause Young (Allocation Failure) 348M->10M(1022M) 2.319ms
[284.779s][info][gc,cpu         ] GC(1732) User=0.00s Sys=0.00s Real=0.00s
[284.978s][info][gc,start       ] GC(1733) Pause Young (Allocation Failure)
[284.980s][info][gc,heap        ] GC(1733) PSYoungGen: 347104K(347648K)->1024K(347648K) Eden: 346112K(346112K)->0K(346112K) From: 992K(1536K)->1024K(1536K)
[284.980s][info][gc,heap        ] GC(1733) ParOldGen: 9631K(699392K)->9703K(699392K)
[284.980s][info][gc,metaspace   ] GC(1733) Metaspace: 14314K(15296K)->14314K(15296K) NonClass: 12353K(12928K)->12353K(12928K) Class: 1960K(2368K)->1960K(2368K)
[284.980s][info][gc             ] GC(1733) Pause Young (Allocation Failure) 348M->10M(1022M) 2.315ms
[284.980s][info][gc,cpu         ] GC(1733) User=0.00s Sys=0.00s Real=0.00s
[285.277s][info][gc,start       ] GC(1734) Pause Young (Allocation Failure)
[285.280s][info][gc,heap        ] GC(1734) PSYoungGen: 347136K(347648K)->992K(347648K) Eden: 346112K(346112K)->0K(346112K) From: 1024K(1536K)->992K(1536K)
[285.280s][info][gc,heap        ] GC(1734) ParOldGen: 9703K(699392K)->9767K(699392K)
[285.280s][info][gc,metaspace   ] GC(1734) Metaspace: 14314K(15296K)->14314K(15296K) NonClass: 12353K(12928K)->12353K(12928K) Class: 1960K(2368K)->1960K(2368K)
[285.280s][info][gc             ] GC(1734) Pause Young (Allocation Failure) 348M->10M(1022M) 3.133ms
[285.280s][info][gc,cpu         ] GC(1734) User=0.00s Sys=0.00s Real=0.00s
[285.489s][info][gc,start       ] GC(1735) Pause Young (Allocation Failure)
[285.491s][info][gc,heap        ] GC(1735) PSYoungGen: 347104K(347648K)->992K(347648K) Eden: 346112K(346112K)->0K(346112K) From: 992K(1536K)->992K(1536K)
[285.491s][info][gc,heap        ] GC(1735) ParOldGen: 9767K(699392K)->9847K(699392K)
[285.491s][info][gc,metaspace   ] GC(1735) Metaspace: 14314K(15296K)->14314K(15296K) NonClass: 12353K(12928K)->12353K(12928K) Class: 1960K(2368K)->1960K(2368K)
[285.491s][info][gc             ] GC(1735) Pause Young (Allocation Failure) 348M->10M(1022M) 2.153ms
[285.491s][info][gc,cpu         ] GC(1735) User=0.00s Sys=0.00s Real=0.00s
[285.692s][info][gc,start       ] GC(1736) Pause Young (Allocation Failure)
[285.694s][info][gc,heap        ] GC(1736) PSYoungGen: 347104K(347648K)->1024K(337408K) Eden: 346112K(346112K)->0K(336384K) From: 992K(1536K)->1024K(1024K)
[285.694s][info][gc,heap        ] GC(1736) ParOldGen: 9847K(699392K)->9935K(699392K)
[285.694s][info][gc,metaspace   ] GC(1736) Metaspace: 14314K(15296K)->14314K(15296K) NonClass: 12353K(12928K)->12353K(12928K) Class: 1960K(2368K)->1960K(2368K)
[285.694s][info][gc             ] GC(1736) Pause Young (Allocation Failure) 348M->10M(1012M) 1.915ms
[285.694s][info][gc,cpu         ] GC(1736) User=0.00s Sys=0.00s Real=0.00s
[285.888s][info][gc,start       ] GC(1737) Pause Young (Allocation Failure)
[285.889s][info][gc,heap        ] GC(1737) PSYoungGen: 337408K(337408K)->1024K(328192K) Eden: 336384K(336384K)->0K(327168K) From: 1024K(1024K)->1024K(1024K)
[285.889s][info][gc,heap        ] GC(1737) ParOldGen: 9935K(699392K)->10023K(699392K)
[285.889s][info][gc,metaspace   ] GC(1737) Metaspace: 14314K(15296K)->14314K(15296K) NonClass: 12353K(12928K)->12353K(12928K) Class: 1960K(2368K)->1960K(2368K)
[285.889s][info][gc             ] GC(1737) Pause Young (Allocation Failure) 339M->10M(1003M) 1.904ms
[285.889s][info][gc,cpu         ] GC(1737) User=0.00s Sys=0.00s Real=0.00s
[286.078s][info][gc,start       ] GC(1738) Pause Young (Allocation Failure)
[286.080s][info][gc,heap        ] GC(1738) PSYoungGen: 328192K(328192K)->1024K(319488K) Eden: 327168K(327168K)->0K(318464K) From: 1024K(1024K)->1024K(1024K)
[286.080s][info][gc,heap        ] GC(1738) ParOldGen: 10023K(699392K)->10079K(699392K)
[286.080s][info][gc,metaspace   ] GC(1738) Metaspace: 14314K(15296K)->14314K(15296K) NonClass: 12353K(12928K)->12353K(12928K) Class: 1960K(2368K)->1960K(2368K)
[286.080s][info][gc             ] GC(1738) Pause Young (Allocation Failure) 330M->10M(995M) 1.961ms
[286.080s][info][gc,cpu         ] GC(1738) User=0.00s Sys=0.00s Real=0.00s
[286.263s][info][gc,start       ] GC(1739) Pause Young (Allocation Failure)
[286.265s][info][gc,heap        ] GC(1739) PSYoungGen: 319488K(319488K)->1024K(310784K) Eden: 318464K(318464K)->0K(309760K) From: 1024K(1024K)->1024K(1024K)
[286.265s][info][gc,heap        ] GC(1739) ParOldGen: 10079K(699392K)->10191K(699392K)
[286.265s][info][gc,metaspace   ] GC(1739) Metaspace: 14314K(15296K)->14314K(15296K) NonClass: 12353K(12928K)->12353K(12928K) Class: 1960K(2368K)->1960K(2368K)
[286.265s][info][gc             ] GC(1739) Pause Young (Allocation Failure) 321M->10M(986M) 1.888ms
[286.265s][info][gc,cpu         ] GC(1739) User=0.52s Sys=0.00s Real=0.00s
[286.443s][info][gc,start       ] GC(1740) Pause Young (Allocation Failure)
[286.445s][info][gc,heap        ] GC(1740) PSYoungGen: 310784K(310784K)->992K(302592K) Eden: 309760K(309760K)->0K(301568K) From: 1024K(1024K)->992K(1024K)
[286.445s][info][gc,heap        ] GC(1740) ParOldGen: 10191K(699392K)->10263K(699392K)
[286.445s][info][gc,metaspace   ] GC(1740) Metaspace: 14314K(15296K)->14314K(15296K) NonClass: 12353K(12928K)->12353K(12928K) Class: 1960K(2368K)->1960K(2368K)
[286.445s][info][gc             ] GC(1740) Pause Young (Allocation Failure) 313M->10M(978M) 1.898ms
[286.445s][info][gc,cpu         ] GC(1740) User=0.00s Sys=0.00s Real=0.00s
[286.618s][info][gc,start       ] GC(1741) Pause Young (Allocation Failure)
[286.620s][info][gc,heap        ] GC(1741) PSYoungGen: 302560K(302592K)->1024K(294912K) Eden: 301568K(301568K)->0K(293888K) From: 992K(1024K)->1024K(1024K)
[286.620s][info][gc,heap        ] GC(1741) ParOldGen: 10263K(699392K)->10367K(699392K)
[286.620s][info][gc,metaspace   ] GC(1741) Metaspace: 14314K(15296K)->14314K(15296K) NonClass: 12353K(12928K)->12353K(12928K) Class: 1960K(2368K)->1960K(2368K)
[286.620s][info][gc             ] GC(1741) Pause Young (Allocation Failure) 305M->11M(971M) 1.923ms
[286.620s][info][gc,cpu         ] GC(1741) User=0.00s Sys=0.00s Real=0.00s
[286.789s][info][gc,start       ] GC(1742) Pause Young (Allocation Failure)
[286.791s][info][gc,heap        ] GC(1742) PSYoungGen: 294912K(294912K)->992K(287232K) Eden: 293888K(293888K)->0K(286208K) From: 1024K(1024K)->992K(1024K)
[286.791s][info][gc,heap        ] GC(1742) ParOldGen: 10367K(699392K)->10447K(699392K)
[286.791s][info][gc,metaspace   ] GC(1742) Metaspace: 14314K(15296K)->14314K(15296K) NonClass: 12353K(12928K)->12353K(12928K) Class: 1960K(2368K)->1960K(2368K)
[286.791s][info][gc             ] GC(1742) Pause Young (Allocation Failure) 298M->11M(963M) 2.025ms
[286.791s][info][gc,cpu         ] GC(1742) User=0.00s Sys=0.00s Real=0.00s
[286.955s][info][gc,start       ] GC(1743) Pause Young (Allocation Failure)
[286.957s][info][gc,heap        ] GC(1743) PSYoungGen: 287200K(287232K)->1024K(344064K) Eden: 286208K(286208K)->0K(342528K) From: 992K(1024K)->1024K(1536K)
[286.957s][info][gc,heap        ] GC(1743) ParOldGen: 10447K(699392K)->10511K(699392K)
[286.957s][info][gc,metaspace   ] GC(1743) Metaspace: 14314K(15296K)->14314K(15296K) NonClass: 12353K(12928K)->12353K(12928K) Class: 1960K(2368K)->1960K(2368K)
[286.957s][info][gc             ] GC(1743) Pause Young (Allocation Failure) 290M->11M(1019M) 1.933ms
[286.957s][info][gc,cpu         ] GC(1743) User=0.00s Sys=0.00s Real=0.00s
[287.154s][info][gc,start       ] GC(1744) Pause Young (Allocation Failure)
[287.156s][info][gc,heap        ] GC(1744) PSYoungGen: 343552K(344064K)->1024K(334336K) Eden: 342528K(342528K)->0K(333312K) From: 1024K(1536K)->1024K(1024K)
[287.156s][info][gc,heap        ] GC(1744) ParOldGen: 10511K(699392K)->10567K(699392K)
[287.156s][info][gc,metaspace   ] GC(1744) Metaspace: 14314K(15296K)->14314K(15296K) NonClass: 12353K(12928K)->12353K(12928K) Class: 1960K(2368K)->1960K(2368K)
[287.156s][info][gc             ] GC(1744) Pause Young (Allocation Failure) 345M->11M(1009M) 1.990ms
[287.156s][info][gc,cpu         ] GC(1744) User=0.52s Sys=0.00s Real=0.00s
[287.349s][info][gc,start       ] GC(1745) Pause Young (Allocation Failure)
[287.351s][info][gc,heap        ] GC(1745) PSYoungGen: 334336K(334336K)->1024K(325120K) Eden: 333312K(333312K)->0K(324096K) From: 1024K(1024K)->1024K(1024K)
[287.351s][info][gc,heap        ] GC(1745) ParOldGen: 10567K(699392K)->10663K(699392K)
[287.351s][info][gc,metaspace   ] GC(1745) Metaspace: 14314K(15296K)->14314K(15296K) NonClass: 12353K(12928K)->12353K(12928K) Class: 1960K(2368K)->1960K(2368K)
[287.351s][info][gc             ] GC(1745) Pause Young (Allocation Failure) 336M->11M(1000M) 2.083ms
[287.351s][info][gc,cpu         ] GC(1745) User=0.00s Sys=0.00s Real=0.00s
[287.536s][info][gc,start       ] GC(1746) Pause Young (Allocation Failure)
[287.538s][info][gc,heap        ] GC(1746) PSYoungGen: 325120K(325120K)->1024K(344064K) Eden: 324096K(324096K)->0K(342528K) From: 1024K(1024K)->1024K(1536K)
[287.538s][info][gc,heap        ] GC(1746) ParOldGen: 10663K(699392K)->10735K(699392K)
[287.538s][info][gc,metaspace   ] GC(1746) Metaspace: 14314K(15296K)->14314K(15296K) NonClass: 12353K(12928K)->12353K(12928K) Class: 1960K(2368K)->1960K(2368K)
[287.538s][info][gc             ] GC(1746) Pause Young (Allocation Failure) 327M->11M(1019M) 2.108ms
[287.538s][info][gc,cpu         ] GC(1746) User=0.00s Sys=0.00s Real=0.00s
[287.734s][info][gc,start       ] GC(1747) Pause Young (Allocation Failure)
[287.737s][info][gc,heap        ] GC(1747) PSYoungGen: 343552K(344064K)->1024K(334336K) Eden: 342528K(342528K)->0K(333312K) From: 1024K(1536K)->1024K(1024K)
[287.737s][info][gc,heap        ] GC(1747) ParOldGen: 10735K(699392K)->10831K(699392K)
[287.737s][info][gc,metaspace   ] GC(1747) Metaspace: 14314K(15296K)->14314K(15296K) NonClass: 12353K(12928K)->12353K(12928K) Class: 1960K(2368K)->1960K(2368K)
[287.737s][info][gc             ] GC(1747) Pause Young (Allocation Failure) 345M->11M(1009M) 2.255ms
[287.737s][info][gc,cpu         ] GC(1747) User=0.00s Sys=0.00s Real=0.00s
[287.928s][info][gc,start       ] GC(1748) Pause Young (Allocation Failure)
[287.930s][info][gc,heap        ] GC(1748) PSYoungGen: 334336K(334336K)->1024K(343040K) Eden: 333312K(333312K)->0K(342016K) From: 1024K(1024K)->1024K(1024K)
[287.930s][info][gc,heap        ] GC(1748) ParOldGen: 10831K(699392K)->10903K(699392K)
[287.930s][info][gc,metaspace   ] GC(1748) Metaspace: 14314K(15296K)->14314K(15296K) NonClass: 12353K(12928K)->12353K(12928K) Class: 1960K(2368K)->1960K(2368K)
[287.930s][info][gc             ] GC(1748) Pause Young (Allocation Failure) 337M->11M(1018M) 2.152ms
[287.930s][info][gc,cpu         ] GC(1748) User=0.00s Sys=0.00s Real=0.00s
[288.126s][info][gc,start       ] GC(1749) Pause Young (Allocation Failure)
[288.128s][info][gc,heap        ] GC(1749) PSYoungGen: 343040K(343040K)->1024K(343552K) Eden: 342016K(342016K)->0K(342016K) From: 1024K(1024K)->1024K(1536K)
[288.128s][info][gc,heap        ] GC(1749) ParOldGen: 10903K(699392K)->10983K(699392K)
[288.128s][info][gc,metaspace   ] GC(1749) Metaspace: 14314K(15296K)->14314K(15296K) NonClass: 12353K(12928K)->12353K(12928K) Class: 1960K(2368K)->1960K(2368K)
[288.128s][info][gc             ] GC(1749) Pause Young (Allocation Failure) 345M->11M(1018M) 2.150ms
[288.128s][info][gc,cpu         ] GC(1749) User=0.00s Sys=0.00s Real=0.00s
[288.325s][info][gc,start       ] GC(1750) Pause Young (Allocation Failure)
[288.327s][info][gc,heap        ] GC(1750) PSYoungGen: 343040K(343552K)->1056K(347648K) Eden: 342016K(342016K)->0K(346112K) From: 1024K(1536K)->1056K(1536K)
[288.328s][info][gc,heap        ] GC(1750) ParOldGen: 10983K(699392K)->11055K(699392K)
[288.328s][info][gc,metaspace   ] GC(1750) Metaspace: 14314K(15296K)->14314K(15296K) NonClass: 12353K(12928K)->12353K(12928K) Class: 1960K(2368K)->1960K(2368K)
[288.328s][info][gc             ] GC(1750) Pause Young (Allocation Failure) 345M->11M(1022M) 2.221ms
[288.328s][info][gc,cpu         ] GC(1750) User=0.00s Sys=0.00s Real=0.00s
[288.527s][info][gc,start       ] GC(1751) Pause Young (Allocation Failure)
[288.529s][info][gc,heap        ] GC(1751) PSYoungGen: 347168K(347648K)->1024K(347648K) Eden: 346112K(346112K)->0K(346112K) From: 1056K(1536K)->1024K(1536K)
[288.529s][info][gc,heap        ] GC(1751) ParOldGen: 11055K(699392K)->11123K(699392K)
[288.529s][info][gc,metaspace   ] GC(1751) Metaspace: 14314K(15296K)->14314K(15296K) NonClass: 12353K(12928K)->12353K(12928K) Class: 1960K(2368K)->1960K(2368K)
[288.529s][info][gc             ] GC(1751) Pause Young (Allocation Failure) 349M->11M(1022M) 2.256ms
[288.529s][info][gc,cpu         ] GC(1751) User=0.00s Sys=0.00s Real=0.00s
[288.728s][info][gc,start       ] GC(1752) Pause Young (Allocation Failure)
[288.730s][info][gc,heap        ] GC(1752) PSYoungGen: 347136K(347648K)->1024K(347648K) Eden: 346112K(346112K)->0K(346112K) From: 1024K(1536K)->1024K(1536K)
[288.730s][info][gc,heap        ] GC(1752) ParOldGen: 11123K(699392K)->11187K(699392K)
[288.730s][info][gc,metaspace   ] GC(1752) Metaspace: 14314K(15296K)->14314K(15296K) NonClass: 12353K(12928K)->12353K(12928K) Class: 1960K(2368K)->1960K(2368K)
[288.730s][info][gc             ] GC(1752) Pause Young (Allocation Failure) 349M->11M(1022M) 2.245ms
[288.730s][info][gc,cpu         ] GC(1752) User=0.00s Sys=0.00s Real=0.00s
[288.930s][info][gc,start       ] GC(1753) Pause Young (Allocation Failure)
[288.932s][info][gc,heap        ] GC(1753) PSYoungGen: 347136K(347648K)->1024K(347648K) Eden: 346112K(346112K)->0K(346112K) From: 1024K(1536K)->1024K(1536K)
[288.932s][info][gc,heap        ] GC(1753) ParOldGen: 11187K(699392K)->11275K(699392K)
[288.932s][info][gc,metaspace   ] GC(1753) Metaspace: 14314K(15296K)->14314K(15296K) NonClass: 12353K(12928K)->12353K(12928K) Class: 1960K(2368K)->1960K(2368K)
[288.932s][info][gc             ] GC(1753) Pause Young (Allocation Failure) 349M->12M(1022M) 2.296ms
[288.932s][info][gc,cpu         ] GC(1753) User=0.00s Sys=0.00s Real=0.00s
[289.200s][info][gc,start       ] GC(1754) Pause Young (Allocation Failure)
[289.203s][info][gc,heap        ] GC(1754) PSYoungGen: 347136K(347648K)->1024K(347648K) Eden: 346112K(346112K)->0K(346112K) From: 1024K(1536K)->1024K(1536K)
[289.203s][info][gc,heap        ] GC(1754) ParOldGen: 11275K(699392K)->11355K(699392K)
[289.203s][info][gc,metaspace   ] GC(1754) Metaspace: 14314K(15296K)->14314K(15296K) NonClass: 12353K(12928K)->12353K(12928K) Class: 1960K(2368K)->1960K(2368K)
[289.203s][info][gc             ] GC(1754) Pause Young (Allocation Failure) 350M->12M(1022M) 3.069ms
[289.204s][info][gc,cpu         ] GC(1754) User=0.52s Sys=0.00s Real=0.00s
[289.411s][info][gc,start       ] GC(1755) Pause Young (Allocation Failure)
[289.413s][info][gc,heap        ] GC(1755) PSYoungGen: 347136K(347648K)->1024K(347648K) Eden: 346112K(346112K)->0K(346112K) From: 1024K(1536K)->1024K(1536K)
[289.413s][info][gc,heap        ] GC(1755) ParOldGen: 11355K(699392K)->11427K(699392K)
[289.413s][info][gc,metaspace   ] GC(1755) Metaspace: 14314K(15296K)->14314K(15296K) NonClass: 12353K(12928K)->12353K(12928K) Class: 1960K(2368K)->1960K(2368K)
[289.413s][info][gc             ] GC(1755) Pause Young (Allocation Failure) 350M->12M(1022M) 2.158ms
[289.413s][info][gc,cpu         ] GC(1755) User=0.00s Sys=0.00s Real=0.00s
[289.612s][info][gc,start       ] GC(1756) Pause Young (Allocation Failure)
[289.614s][info][gc,heap        ] GC(1756) PSYoungGen: 347136K(347648K)->1024K(337408K) Eden: 346112K(346112K)->0K(336384K) From: 1024K(1536K)->1024K(1024K)
[289.614s][info][gc,heap        ] GC(1756) ParOldGen: 11427K(699392K)->11507K(699392K)
[289.614s][info][gc,metaspace   ] GC(1756) Metaspace: 14314K(15296K)->14314K(15296K) NonClass: 12353K(12928K)->12353K(12928K) Class: 1960K(2368K)->1960K(2368K)
[289.614s][info][gc             ] GC(1756) Pause Young (Allocation Failure) 350M->12M(1012M) 2.004ms
[289.614s][info][gc,cpu         ] GC(1756) User=0.00s Sys=0.00s Real=0.00s
[289.810s][info][gc,start       ] GC(1757) Pause Young (Allocation Failure)
[289.812s][info][gc,heap        ] GC(1757) PSYoungGen: 337408K(337408K)->1024K(328192K) Eden: 336384K(336384K)->0K(327168K) From: 1024K(1024K)->1024K(1024K)
[289.812s][info][gc,heap        ] GC(1757) ParOldGen: 11507K(699392K)->11579K(699392K)
[289.812s][info][gc,metaspace   ] GC(1757) Metaspace: 14314K(15296K)->14314K(15296K) NonClass: 12353K(12928K)->12353K(12928K) Class: 1960K(2368K)->1960K(2368K)
[289.812s][info][gc             ] GC(1757) Pause Young (Allocation Failure) 340M->12M(1003M) 1.803ms
[289.812s][info][gc,cpu         ] GC(1757) User=0.00s Sys=0.00s Real=0.00s
[290.000s][info][gc,start       ] GC(1758) Pause Young (Allocation Failure)
[290.002s][info][gc,heap        ] GC(1758) PSYoungGen: 328192K(328192K)->1024K(319488K) Eden: 327168K(327168K)->0K(318464K) From: 1024K(1024K)->1024K(1024K)
[290.002s][info][gc,heap        ] GC(1758) ParOldGen: 11579K(699392K)->11635K(699392K)
[290.002s][info][gc,metaspace   ] GC(1758) Metaspace: 14314K(15296K)->14314K(15296K) NonClass: 12353K(12928K)->12353K(12928K) Class: 1960K(2368K)->1960K(2368K)
[290.002s][info][gc             ] GC(1758) Pause Young (Allocation Failure) 331M->12M(995M) 1.823ms
[290.002s][info][gc,cpu         ] GC(1758) User=0.00s Sys=0.00s Real=0.00s
[290.184s][info][gc,start       ] GC(1759) Pause Young (Allocation Failure)
[290.186s][info][gc,heap        ] GC(1759) PSYoungGen: 319488K(319488K)->1024K(310784K) Eden: 318464K(318464K)->0K(309760K) From: 1024K(1024K)->1024K(1024K)
[290.186s][info][gc,heap        ] GC(1759) ParOldGen: 11635K(699392K)->11707K(699392K)
[290.186s][info][gc,metaspace   ] GC(1759) Metaspace: 14314K(15296K)->14314K(15296K) NonClass: 12353K(12928K)->12353K(12928K) Class: 1960K(2368K)->1960K(2368K)
[290.186s][info][gc             ] GC(1759) Pause Young (Allocation Failure) 323M->12M(986M) 1.869ms
[290.186s][info][gc,cpu         ] GC(1759) User=0.00s Sys=0.00s Real=0.00s
[290.365s][info][gc,start       ] GC(1760) Pause Young (Allocation Failure)
[290.367s][info][gc,heap        ] GC(1760) PSYoungGen: 310784K(310784K)->1024K(302592K) Eden: 309760K(309760K)->0K(301568K) From: 1024K(1024K)->1024K(1024K)
[290.367s][info][gc,heap        ] GC(1760) ParOldGen: 11707K(699392K)->11771K(699392K)
[290.367s][info][gc,metaspace   ] GC(1760) Metaspace: 14314K(15296K)->14314K(15296K) NonClass: 12353K(12928K)->12353K(12928K) Class: 1960K(2368K)->1960K(2368K)
[290.367s][info][gc             ] GC(1760) Pause Young (Allocation Failure) 314M->12M(978M) 1.889ms
[290.367s][info][gc,cpu         ] GC(1760) User=0.00s Sys=0.00s Real=0.00s
[290.541s][info][gc,start       ] GC(1761) Pause Young (Allocation Failure)
[290.543s][info][gc,heap        ] GC(1761) PSYoungGen: 302592K(302592K)->1024K(294912K) Eden: 301568K(301568K)->0K(293888K) From: 1024K(1024K)->1024K(1024K)
[290.543s][info][gc,heap        ] GC(1761) ParOldGen: 11771K(699392K)->11827K(699392K)
[290.543s][info][gc,metaspace   ] GC(1761) Metaspace: 14314K(15296K)->14314K(15296K) NonClass: 12353K(12928K)->12353K(12928K) Class: 1960K(2368K)->1960K(2368K)
[290.543s][info][gc             ] GC(1761) Pause Young (Allocation Failure) 306M->12M(971M) 1.921ms
[290.543s][info][gc,cpu         ] GC(1761) User=0.00s Sys=0.00s Real=0.00s
[290.711s][info][gc,start       ] GC(1762) Pause Young (Allocation Failure)
[290.713s][info][gc,heap        ] GC(1762) PSYoungGen: 294912K(294912K)->1024K(287232K) Eden: 293888K(293888K)->0K(286208K) From: 1024K(1024K)->1024K(1024K)
[290.713s][info][gc,heap        ] GC(1762) ParOldGen: 11827K(699392K)->11891K(699392K)
[290.713s][info][gc,metaspace   ] GC(1762) Metaspace: 14314K(15296K)->14314K(15296K) NonClass: 12353K(12928K)->12353K(12928K) Class: 1960K(2368K)->1960K(2368K)
[290.713s][info][gc             ] GC(1762) Pause Young (Allocation Failure) 299M->12M(963M) 1.967ms
[290.713s][info][gc,cpu         ] GC(1762) User=0.00s Sys=0.00s Real=0.00s
[290.878s][info][gc,start       ] GC(1763) Pause Young (Allocation Failure)
[290.880s][info][gc,heap        ] GC(1763) PSYoungGen: 287232K(287232K)->1024K(344064K) Eden: 286208K(286208K)->0K(342528K) From: 1024K(1024K)->1024K(1536K)
[290.880s][info][gc,heap        ] GC(1763) ParOldGen: 11891K(699392K)->11963K(699392K)
[290.880s][info][gc,metaspace   ] GC(1763) Metaspace: 14314K(15296K)->14314K(15296K) NonClass: 12353K(12928K)->12353K(12928K) Class: 1960K(2368K)->1960K(2368K)
[290.880s][info][gc             ] GC(1763) Pause Young (Allocation Failure) 292M->12M(1019M) 1.967ms
[290.880s][info][gc,cpu         ] GC(1763) User=0.00s Sys=0.00s Real=0.00s
[291.077s][info][gc,start       ] GC(1764) Pause Young (Allocation Failure)
[291.079s][info][gc,heap        ] GC(1764) PSYoungGen: 343552K(344064K)->1024K(334336K) Eden: 342528K(342528K)->0K(333312K) From: 1024K(1536K)->1024K(1024K)
[291.079s][info][gc,heap        ] GC(1764) ParOldGen: 11963K(699392K)->12011K(699392K)
[291.079s][info][gc,metaspace   ] GC(1764) Metaspace: 14314K(15296K)->14314K(15296K) NonClass: 12353K(12928K)->12353K(12928K) Class: 1960K(2368K)->1960K(2368K)
[291.079s][info][gc             ] GC(1764) Pause Young (Allocation Failure) 347M->12M(1009M) 2.036ms
[291.079s][info][gc,cpu         ] GC(1764) User=0.52s Sys=0.00s Real=0.00s
[291.270s][info][gc,start       ] GC(1765) Pause Young (Allocation Failure)
[291.272s][info][gc,heap        ] GC(1765) PSYoungGen: 334336K(334336K)->1024K(325120K) Eden: 333312K(333312K)->0K(324096K) From: 1024K(1024K)->1024K(1024K)
[291.272s][info][gc,heap        ] GC(1765) ParOldGen: 12011K(699392K)->12091K(699392K)
[291.272s][info][gc,metaspace   ] GC(1765) Metaspace: 14314K(15296K)->14314K(15296K) NonClass: 12353K(12928K)->12353K(12928K) Class: 1960K(2368K)->1960K(2368K)
[291.272s][info][gc             ] GC(1765) Pause Young (Allocation Failure) 338M->12M(1000M) 2.060ms
[291.272s][info][gc,cpu         ] GC(1765) User=0.00s Sys=0.00s Real=0.00s
[291.458s][info][gc,start       ] GC(1766) Pause Young (Allocation Failure)
[291.460s][info][gc,heap        ] GC(1766) PSYoungGen: 325120K(325120K)->1024K(316416K) Eden: 324096K(324096K)->0K(315392K) From: 1024K(1024K)->1024K(1024K)
[291.460s][info][gc,heap        ] GC(1766) ParOldGen: 12091K(699392K)->12171K(699392K)
[291.460s][info][gc,metaspace   ] GC(1766) Metaspace: 14314K(15296K)->14314K(15296K) NonClass: 12353K(12928K)->12353K(12928K) Class: 1960K(2368K)->1960K(2368K)
[291.460s][info][gc             ] GC(1766) Pause Young (Allocation Failure) 329M->12M(992M) 2.117ms
[291.460s][info][gc,cpu         ] GC(1766) User=0.00s Sys=0.00s Real=0.00s
[291.639s][info][gc,start       ] GC(1767) Pause Young (Allocation Failure)
[291.642s][info][gc,heap        ] GC(1767) PSYoungGen: 316416K(316416K)->960K(343552K) Eden: 315392K(315392K)->0K(342016K) From: 1024K(1024K)->960K(1536K)
[291.642s][info][gc,heap        ] GC(1767) ParOldGen: 12171K(699392K)->12243K(699392K)
[291.642s][info][gc,metaspace   ] GC(1767) Metaspace: 14314K(15296K)->14314K(15296K) NonClass: 12353K(12928K)->12353K(12928K) Class: 1960K(2368K)->1960K(2368K)
[291.642s][info][gc             ] GC(1767) Pause Young (Allocation Failure) 320M->12M(1018M) 2.078ms
[291.642s][info][gc,cpu         ] GC(1767) User=0.52s Sys=0.00s Real=0.00s
[291.837s][info][gc,start       ] GC(1768) Pause Young (Allocation Failure)
[291.839s][info][gc,heap        ] GC(1768) PSYoungGen: 342976K(343552K)->1056K(347648K) Eden: 342016K(342016K)->0K(346112K) From: 960K(1536K)->1056K(1536K)
[291.839s][info][gc,heap        ] GC(1768) ParOldGen: 12243K(699392K)->12299K(699392K)
[291.839s][info][gc,metaspace   ] GC(1768) Metaspace: 14314K(15296K)->14314K(15296K) NonClass: 12353K(12928K)->12353K(12928K) Class: 1960K(2368K)->1960K(2368K)
[291.839s][info][gc             ] GC(1768) Pause Young (Allocation Failure) 346M->13M(1022M) 2.136ms
[291.839s][info][gc,cpu         ] GC(1768) User=0.00s Sys=0.00s Real=0.00s
[292.038s][info][gc,start       ] GC(1769) Pause Young (Allocation Failure)
[292.040s][info][gc,heap        ] GC(1769) PSYoungGen: 347168K(347648K)->1056K(347648K) Eden: 346112K(346112K)->0K(346112K) From: 1056K(1536K)->1056K(1536K)
[292.040s][info][gc,heap        ] GC(1769) ParOldGen: 12299K(699392K)->12347K(699392K)
[292.040s][info][gc,metaspace   ] GC(1769) Metaspace: 14314K(15296K)->14314K(15296K) NonClass: 12353K(12928K)->12353K(12928K) Class: 1960K(2368K)->1960K(2368K)
[292.040s][info][gc             ] GC(1769) Pause Young (Allocation Failure) 351M->13M(1022M) 2.219ms
[292.040s][info][gc,cpu         ] GC(1769) User=0.00s Sys=0.00s Real=0.00s
[292.241s][info][gc,start       ] GC(1770) Pause Young (Allocation Failure)
[292.243s][info][gc,heap        ] GC(1770) PSYoungGen: 347168K(347648K)->1024K(347648K) Eden: 346112K(346112K)->0K(346112K) From: 1056K(1536K)->1024K(1536K)
[292.243s][info][gc,heap        ] GC(1770) ParOldGen: 12347K(699392K)->12435K(699392K)
[292.243s][info][gc,metaspace   ] GC(1770) Metaspace: 14314K(15296K)->14314K(15296K) NonClass: 12353K(12928K)->12353K(12928K) Class: 1960K(2368K)->1960K(2368K)
[292.243s][info][gc             ] GC(1770) Pause Young (Allocation Failure) 351M->13M(1022M) 2.246ms
[292.243s][info][gc,cpu         ] GC(1770) User=0.00s Sys=0.00s Real=0.00s
[292.444s][info][gc,start       ] GC(1771) Pause Young (Allocation Failure)
[292.446s][info][gc,heap        ] GC(1771) PSYoungGen: 347136K(347648K)->992K(347648K) Eden: 346112K(346112K)->0K(346112K) From: 1024K(1536K)->992K(1536K)
[292.446s][info][gc,heap        ] GC(1771) ParOldGen: 12435K(699392K)->12499K(699392K)
[292.446s][info][gc,metaspace   ] GC(1771) Metaspace: 14314K(15296K)->14314K(15296K) NonClass: 12353K(12928K)->12353K(12928K) Class: 1960K(2368K)->1960K(2368K)
[292.446s][info][gc             ] GC(1771) Pause Young (Allocation Failure) 351M->13M(1022M) 2.224ms
[292.446s][info][gc,cpu         ] GC(1771) User=0.00s Sys=0.00s Real=0.00s
[292.649s][info][gc,start       ] GC(1772) Pause Young (Allocation Failure)
[292.654s][info][gc,heap        ] GC(1772) PSYoungGen: 347104K(347648K)->960K(347648K) Eden: 346112K(346112K)->0K(346112K) From: 992K(1536K)->960K(1536K)
[292.654s][info][gc,heap        ] GC(1772) ParOldGen: 12499K(699392K)->12595K(699392K)
[292.654s][info][gc,metaspace   ] GC(1772) Metaspace: 14314K(15296K)->14314K(15296K) NonClass: 12353K(12928K)->12353K(12928K) Class: 1960K(2368K)->1960K(2368K)
[292.654s][info][gc             ] GC(1772) Pause Young (Allocation Failure) 351M->13M(1022M) 5.436ms
[292.654s][info][gc,cpu         ] GC(1772) User=0.00s Sys=0.00s Real=0.00s
[292.872s][info][gc,start       ] GC(1773) Pause Young (Allocation Failure)
[292.874s][info][gc,heap        ] GC(1773) PSYoungGen: 347072K(347648K)->992K(347648K) Eden: 346112K(346112K)->0K(346112K) From: 960K(1536K)->992K(1536K)
[292.874s][info][gc,heap        ] GC(1773) ParOldGen: 12595K(699392K)->12675K(699392K)
[292.874s][info][gc,metaspace   ] GC(1773) Metaspace: 14314K(15296K)->14314K(15296K) NonClass: 12353K(12928K)->12353K(12928K) Class: 1960K(2368K)->1960K(2368K)
[292.874s][info][gc             ] GC(1773) Pause Young (Allocation Failure) 351M->13M(1022M) 2.250ms
[292.874s][info][gc,cpu         ] GC(1773) User=0.00s Sys=0.00s Real=0.00s
[293.120s][info][gc,start       ] GC(1774) Pause Young (Allocation Failure)
[293.122s][info][gc,heap        ] GC(1774) PSYoungGen: 347104K(347648K)->864K(337408K) Eden: 346112K(346112K)->0K(336384K) From: 992K(1536K)->864K(1024K)
[293.122s][info][gc,heap        ] GC(1774) ParOldGen: 12675K(699392K)->12739K(699392K)
[293.122s][info][gc,metaspace   ] GC(1774) Metaspace: 14314K(15296K)->14314K(15296K) NonClass: 12353K(12928K)->12353K(12928K) Class: 1960K(2368K)->1960K(2368K)
[293.122s][info][gc             ] GC(1774) Pause Young (Allocation Failure) 351M->13M(1012M) 2.236ms
[293.122s][info][gc,cpu         ] GC(1774) User=0.00s Sys=0.00s Real=0.00s
[293.280s][info][gc,start       ] GC(1775) Pause Young (Allocation Failure)
[293.282s][info][gc,heap        ] GC(1775) PSYoungGen: 337248K(337408K)->832K(328192K) Eden: 336384K(336384K)->0K(327168K) From: 864K(1024K)->832K(1024K)
[293.282s][info][gc,heap        ] GC(1775) ParOldGen: 12739K(699392K)->12803K(699392K)
[293.282s][info][gc,metaspace   ] GC(1775) Metaspace: 14314K(15296K)->14314K(15296K) NonClass: 12353K(12928K)->12353K(12928K) Class: 1960K(2368K)->1960K(2368K)
[293.282s][info][gc             ] GC(1775) Pause Young (Allocation Failure) 341M->13M(1003M) 1.757ms
[293.282s][info][gc,cpu         ] GC(1775) User=0.52s Sys=0.00s Real=0.00s
[293.371s][info][gc,start       ] GC(1776) Pause Young (System.gc())
[293.373s][info][gc,heap        ] GC(1776) PSYoungGen: 85575K(328192K)->192K(327680K) Eden: 84743K(327168K)->0K(327168K) From: 832K(1024K)->192K(512K)
[293.373s][info][gc,heap        ] GC(1776) ParOldGen: 12803K(699392K)->12875K(699392K)
[293.373s][info][gc,metaspace   ] GC(1776) Metaspace: 14314K(15296K)->14314K(15296K) NonClass: 12353K(12928K)->12353K(12928K) Class: 1960K(2368K)->1960K(2368K)
[293.373s][info][gc             ] GC(1776) Pause Young (System.gc()) 96M->12M(1003M) 1.821ms
[293.373s][info][gc,cpu         ] GC(1776) User=0.00s Sys=0.00s Real=0.00s
[293.373s][info][gc,start       ] GC(1777) Pause Full (System.gc())
[293.373s][info][gc,phases,start] GC(1777) Marking Phase
[293.386s][info][gc,phases      ] GC(1777) Marking Phase 12.910ms
[293.386s][info][gc,phases,start] GC(1777) Summary Phase
[293.386s][info][gc,phases      ] GC(1777) Summary Phase 0.019ms
[293.386s][info][gc,phases,start] GC(1777) Adjust Roots
[293.392s][info][gc,phases      ] GC(1777) Adjust Roots 5.590ms
[293.392s][info][gc,phases,start] GC(1777) Compaction Phase
[293.394s][info][gc,phases      ] GC(1777) Compaction Phase 1.703ms
[293.394s][info][gc,phases,start] GC(1777) Post Compact
[293.394s][info][gc,phases      ] GC(1777) Post Compact 0.304ms
[293.394s][info][gc,heap        ] GC(1777) PSYoungGen: 192K(327680K)->0K(327680K) Eden: 0K(327168K)->0K(327168K) From: 192K(512K)->0K(512K)
[293.394s][info][gc,heap        ] GC(1777) ParOldGen: 12875K(699392K)->5373K(699392K)
[293.394s][info][gc,metaspace   ] GC(1777) Metaspace: 14314K(15296K)->14314K(15296K) NonClass: 12353K(12928K)->12353K(12928K) Class: 1960K(2368K)->1960K(2368K)
[293.394s][info][gc             ] GC(1777) Pause Full (System.gc()) 12M->5M(1003M) 20.767ms
[293.394s][info][gc,cpu         ] GC(1777) User=0.02s Sys=0.00s Real=0.02s
[293.599s][info][gc,start       ] GC(1778) Pause Young (Allocation Failure)
[293.601s][info][gc,heap        ] GC(1778) PSYoungGen: 327168K(327680K)->1536K(320000K) Eden: 327168K(327168K)->0K(318464K) From: 0K(512K)->1536K(1536K)
[293.601s][info][gc,heap        ] GC(1778) ParOldGen: 5373K(699392K)->5692K(699392K)
[293.601s][info][gc,metaspace   ] GC(1778) Metaspace: 14314K(15296K)->14314K(15296K) NonClass: 12353K(12928K)->12353K(12928K) Class: 1960K(2368K)->1960K(2368K)
[293.601s][info][gc             ] GC(1778) Pause Young (Allocation Failure) 324M->7M(995M) 1.918ms
[293.601s][info][gc,cpu         ] GC(1778) User=0.00s Sys=0.00s Real=0.00s
[293.782s][info][gc,start       ] GC(1779) Pause Young (Allocation Failure)
[293.784s][info][gc,heap        ] GC(1779) PSYoungGen: 320000K(320000K)->1056K(311296K) Eden: 318464K(318464K)->0K(309760K) From: 1536K(1536K)->1056K(1536K)
[293.784s][info][gc,heap        ] GC(1779) ParOldGen: 5692K(699392K)->7101K(699392K)
[293.784s][info][gc,metaspace   ] GC(1779) Metaspace: 14314K(15296K)->14314K(15296K) NonClass: 12353K(12928K)->12353K(12928K) Class: 1960K(2368K)->1960K(2368K)
[293.784s][info][gc             ] GC(1779) Pause Young (Allocation Failure) 318M->7M(987M) 1.859ms
[293.784s][info][gc,cpu         ] GC(1779) User=0.00s Sys=0.00s Real=0.00s
[293.965s][info][gc,start       ] GC(1780) Pause Young (Allocation Failure)
[293.967s][info][gc,heap        ] GC(1780) PSYoungGen: 310816K(311296K)->1024K(302592K) Eden: 309760K(309760K)->0K(301568K) From: 1056K(1536K)->1024K(1024K)
[293.967s][info][gc,heap        ] GC(1780) ParOldGen: 7101K(699392K)->7197K(699392K)
[293.967s][info][gc,metaspace   ] GC(1780) Metaspace: 14314K(15296K)->14314K(15296K) NonClass: 12353K(12928K)->12353K(12928K) Class: 1960K(2368K)->1960K(2368K)
[293.967s][info][gc             ] GC(1780) Pause Young (Allocation Failure) 310M->8M(978M) 1.870ms
[293.967s][info][gc,cpu         ] GC(1780) User=0.00s Sys=0.00s Real=0.00s
[294.144s][info][gc,start       ] GC(1781) Pause Young (Allocation Failure)
[294.146s][info][gc,heap        ] GC(1781) PSYoungGen: 302592K(302592K)->928K(294912K) Eden: 301568K(301568K)->0K(293888K) From: 1024K(1024K)->928K(1024K)
[294.146s][info][gc,heap        ] GC(1781) ParOldGen: 7197K(699392K)->7269K(699392K)
[294.146s][info][gc,metaspace   ] GC(1781) Metaspace: 14314K(15296K)->14314K(15296K) NonClass: 12353K(12928K)->12353K(12928K) Class: 1960K(2368K)->1960K(2368K)
[294.146s][info][gc             ] GC(1781) Pause Young (Allocation Failure) 302M->8M(971M) 1.836ms
[294.146s][info][gc,cpu         ] GC(1781) User=0.00s Sys=0.00s Real=0.00s
[294.317s][info][gc,start       ] GC(1782) Pause Young (Allocation Failure)
[294.319s][info][gc,heap        ] GC(1782) PSYoungGen: 294816K(294912K)->992K(287232K) Eden: 293888K(293888K)->0K(286208K) From: 928K(1024K)->992K(1024K)
[294.319s][info][gc,heap        ] GC(1782) ParOldGen: 7269K(699392K)->7365K(699392K)
[294.319s][info][gc,metaspace   ] GC(1782) Metaspace: 14314K(15296K)->14314K(15296K) NonClass: 12353K(12928K)->12353K(12928K) Class: 1960K(2368K)->1960K(2368K)
[294.319s][info][gc             ] GC(1782) Pause Young (Allocation Failure) 295M->8M(963M) 1.912ms
[294.319s][info][gc,cpu         ] GC(1782) User=0.00s Sys=0.00s Real=0.00s
[294.486s][info][gc,start       ] GC(1783) Pause Young (Allocation Failure)
[294.488s][info][gc,heap        ] GC(1783) PSYoungGen: 287200K(287232K)->992K(280064K) Eden: 286208K(286208K)->0K(279040K) From: 992K(1024K)->992K(1024K)
[294.488s][info][gc,heap        ] GC(1783) ParOldGen: 7365K(699392K)->7421K(699392K)
[294.488s][info][gc,metaspace   ] GC(1783) Metaspace: 14314K(15296K)->14314K(15296K) NonClass: 12353K(12928K)->12353K(12928K) Class: 1960K(2368K)->1960K(2368K)
[294.488s][info][gc             ] GC(1783) Pause Young (Allocation Failure) 287M->8M(956M) 1.943ms
[294.488s][info][gc,cpu         ] GC(1783) User=0.00s Sys=0.00s Real=0.00s
[294.652s][info][gc,start       ] GC(1784) Pause Young (Allocation Failure)
[294.654s][info][gc,heap        ] GC(1784) PSYoungGen: 280032K(280064K)->928K(272896K) Eden: 279040K(279040K)->0K(271872K) From: 992K(1024K)->928K(1024K)
[294.654s][info][gc,heap        ] GC(1784) ParOldGen: 7421K(699392K)->7501K(699392K)
[294.654s][info][gc,metaspace   ] GC(1784) Metaspace: 14314K(15296K)->14314K(15296K) NonClass: 12353K(12928K)->12353K(12928K) Class: 1960K(2368K)->1960K(2368K)
[294.654s][info][gc             ] GC(1784) Pause Young (Allocation Failure) 280M->8M(949M) 1.993ms
[294.654s][info][gc,cpu         ] GC(1784) User=0.00s Sys=0.00s Real=0.00s
[294.812s][info][gc,start       ] GC(1785) Pause Young (Allocation Failure)
[294.814s][info][gc,heap        ] GC(1785) PSYoungGen: 272800K(272896K)->960K(327680K) Eden: 271872K(271872K)->0K(326656K) From: 928K(1024K)->960K(1024K)
[294.814s][info][gc,heap        ] GC(1785) ParOldGen: 7501K(699392K)->7573K(699392K)
[294.814s][info][gc,metaspace   ] GC(1785) Metaspace: 14314K(15296K)->14314K(15296K) NonClass: 12353K(12928K)->12353K(12928K) Class: 1960K(2368K)->1960K(2368K)
[294.814s][info][gc             ] GC(1785) Pause Young (Allocation Failure) 273M->8M(1003M) 2.013ms
[294.814s][info][gc,cpu         ] GC(1785) User=0.52s Sys=0.00s Real=0.00s
[295.004s][info][gc,start       ] GC(1786) Pause Young (Allocation Failure)
[295.006s][info][gc,heap        ] GC(1786) PSYoungGen: 327616K(327680K)->992K(342528K) Eden: 326656K(326656K)->0K(340992K) From: 960K(1024K)->992K(1536K)
[295.006s][info][gc,heap        ] GC(1786) ParOldGen: 7573K(699392K)->7653K(699392K)
[295.006s][info][gc,metaspace   ] GC(1786) Metaspace: 14314K(15296K)->14314K(15296K) NonClass: 12353K(12928K)->12353K(12928K) Class: 1960K(2368K)->1960K(2368K)
[295.006s][info][gc             ] GC(1786) Pause Young (Allocation Failure) 327M->8M(1017M) 2.053ms
[295.006s][info][gc,cpu         ] GC(1786) User=0.00s Sys=0.00s Real=0.00s
[295.206s][info][gc,start       ] GC(1787) Pause Young (Allocation Failure)
[295.208s][info][gc,heap        ] GC(1787) PSYoungGen: 341984K(342528K)->1056K(333312K) Eden: 340992K(340992K)->0K(331776K) From: 992K(1536K)->1056K(1536K)
[295.208s][info][gc,heap        ] GC(1787) ParOldGen: 7653K(699392K)->7733K(699392K)
[295.208s][info][gc,metaspace   ] GC(1787) Metaspace: 14314K(15296K)->14314K(15296K) NonClass: 12353K(12928K)->12353K(12928K) Class: 1960K(2368K)->1960K(2368K)
[295.208s][info][gc             ] GC(1787) Pause Young (Allocation Failure) 341M->8M(1008M) 2.058ms
[295.208s][info][gc,cpu         ] GC(1787) User=0.00s Sys=0.00s Real=0.00s
[295.402s][info][gc,start       ] GC(1788) Pause Young (Allocation Failure)
[295.404s][info][gc,heap        ] GC(1788) PSYoungGen: 332832K(333312K)->1056K(324096K) Eden: 331776K(331776K)->0K(322560K) From: 1056K(1536K)->1056K(1536K)
[295.404s][info][gc,heap        ] GC(1788) ParOldGen: 7733K(699392K)->7797K(699392K)
[295.404s][info][gc,metaspace   ] GC(1788) Metaspace: 14314K(15296K)->14314K(15296K) NonClass: 12353K(12928K)->12353K(12928K) Class: 1960K(2368K)->1960K(2368K)
[295.404s][info][gc             ] GC(1788) Pause Young (Allocation Failure) 332M->8M(999M) 2.145ms
[295.404s][info][gc,cpu         ] GC(1788) User=0.00s Sys=0.00s Real=0.00s
[295.592s][info][gc,start       ] GC(1789) Pause Young (Allocation Failure)
[295.594s][info][gc,heap        ] GC(1789) PSYoungGen: 323616K(324096K)->512K(314368K) Eden: 322560K(322560K)->0K(313856K) From: 1056K(1536K)->512K(512K)
[295.594s][info][gc,heap        ] GC(1789) ParOldGen: 7797K(699392K)->7965K(699392K)
[295.594s][info][gc,metaspace   ] GC(1789) Metaspace: 14314K(15296K)->14314K(15296K) NonClass: 12353K(12928K)->12353K(12928K) Class: 1960K(2368K)->1960K(2368K)
[295.594s][info][gc             ] GC(1789) Pause Young (Allocation Failure) 323M->8M(990M) 2.073ms
[295.594s][info][gc,cpu         ] GC(1789) User=0.52s Sys=0.00s Real=0.00s
[295.776s][info][gc,start       ] GC(1790) Pause Young (Allocation Failure)
[295.779s][info][gc,heap        ] GC(1790) PSYoungGen: 314368K(314368K)->1024K(346624K) Eden: 313856K(313856K)->0K(345088K) From: 512K(512K)->1024K(1536K)
[295.779s][info][gc,heap        ] GC(1790) ParOldGen: 7965K(699392K)->8037K(699392K)
[295.779s][info][gc,metaspace   ] GC(1790) Metaspace: 14314K(15296K)->14314K(15296K) NonClass: 12353K(12928K)->12353K(12928K) Class: 1960K(2368K)->1960K(2368K)
[295.779s][info][gc             ] GC(1790) Pause Young (Allocation Failure) 314M->8M(1021M) 2.109ms
[295.779s][info][gc,cpu         ] GC(1790) User=0.00s Sys=0.00s Real=0.00s
[295.979s][info][gc,start       ] GC(1791) Pause Young (Allocation Failure)
[295.981s][info][gc,heap        ] GC(1791) PSYoungGen: 346112K(346624K)->1024K(347648K) Eden: 345088K(345088K)->0K(346112K) From: 1024K(1536K)->1024K(1536K)
[295.981s][info][gc,heap        ] GC(1791) ParOldGen: 8037K(699392K)->8109K(699392K)
[295.981s][info][gc,metaspace   ] GC(1791) Metaspace: 14314K(15296K)->14314K(15296K) NonClass: 12353K(12928K)->12353K(12928K) Class: 1960K(2368K)->1960K(2368K)
[295.981s][info][gc             ] GC(1791) Pause Young (Allocation Failure) 345M->8M(1022M) 2.136ms
[295.981s][info][gc,cpu         ] GC(1791) User=0.00s Sys=0.00s Real=0.00s
[296.183s][info][gc,start       ] GC(1792) Pause Young (Allocation Failure)
[296.185s][info][gc,heap        ] GC(1792) PSYoungGen: 347136K(347648K)->1024K(347648K) Eden: 346112K(346112K)->0K(346112K) From: 1024K(1536K)->1024K(1536K)
[296.185s][info][gc,heap        ] GC(1792) ParOldGen: 8109K(699392K)->8213K(699392K)
[296.185s][info][gc,metaspace   ] GC(1792) Metaspace: 14314K(15296K)->14314K(15296K) NonClass: 12353K(12928K)->12353K(12928K) Class: 1960K(2368K)->1960K(2368K)
[296.185s][info][gc             ] GC(1792) Pause Young (Allocation Failure) 346M->9M(1022M) 2.234ms
[296.185s][info][gc,cpu         ] GC(1792) User=0.00s Sys=0.00s Real=0.00s
[296.389s][info][gc,start       ] GC(1793) Pause Young (Allocation Failure)
[296.391s][info][gc,heap        ] GC(1793) PSYoungGen: 347136K(347648K)->960K(347648K) Eden: 346112K(346112K)->0K(346112K) From: 1024K(1536K)->960K(1536K)
[296.391s][info][gc,heap        ] GC(1793) ParOldGen: 8213K(699392K)->8309K(699392K)
[296.391s][info][gc,metaspace   ] GC(1793) Metaspace: 14314K(15296K)->14314K(15296K) NonClass: 12353K(12928K)->12353K(12928K) Class: 1960K(2368K)->1960K(2368K)
[296.391s][info][gc             ] GC(1793) Pause Young (Allocation Failure) 347M->9M(1022M) 2.271ms
[296.391s][info][gc,cpu         ] GC(1793) User=0.52s Sys=0.00s Real=0.00s
[296.596s][info][gc,start       ] GC(1794) Pause Young (Allocation Failure)
[296.598s][info][gc,heap        ] GC(1794) PSYoungGen: 347072K(347648K)->1024K(347648K) Eden: 346112K(346112K)->0K(346112K) From: 960K(1536K)->1024K(1536K)
[296.598s][info][gc,heap        ] GC(1794) ParOldGen: 8309K(699392K)->8389K(699392K)
[296.598s][info][gc,metaspace   ] GC(1794) Metaspace: 14314K(15296K)->14314K(15296K) NonClass: 12353K(12928K)->12353K(12928K) Class: 1960K(2368K)->1960K(2368K)
[296.598s][info][gc             ] GC(1794) Pause Young (Allocation Failure) 347M->9M(1022M) 2.215ms
[296.598s][info][gc,cpu         ] GC(1794) User=0.00s Sys=0.00s Real=0.00s
[296.803s][info][gc,start       ] GC(1795) Pause Young (Allocation Failure)
[296.805s][info][gc,heap        ] GC(1795) PSYoungGen: 347136K(347648K)->992K(347648K) Eden: 346112K(346112K)->0K(346112K) From: 1024K(1536K)->992K(1536K)
[296.805s][info][gc,heap        ] GC(1795) ParOldGen: 8389K(699392K)->8477K(699392K)
[296.805s][info][gc,metaspace   ] GC(1795) Metaspace: 14314K(15296K)->14314K(15296K) NonClass: 12353K(12928K)->12353K(12928K) Class: 1960K(2368K)->1960K(2368K)
[296.805s][info][gc             ] GC(1795) Pause Young (Allocation Failure) 347M->9M(1022M) 2.294ms
[296.805s][info][gc,cpu         ] GC(1795) User=0.00s Sys=0.00s Real=0.00s
[297.010s][info][gc,start       ] GC(1796) Pause Young (Allocation Failure)
[297.012s][info][gc,heap        ] GC(1796) PSYoungGen: 347104K(347648K)->1024K(347648K) Eden: 346112K(346112K)->0K(346112K) From: 992K(1536K)->1024K(1536K)
[297.012s][info][gc,heap        ] GC(1796) ParOldGen: 8477K(699392K)->8581K(699392K)
[297.012s][info][gc,metaspace   ] GC(1796) Metaspace: 14314K(15296K)->14314K(15296K) NonClass: 12353K(12928K)->12353K(12928K) Class: 1960K(2368K)->1960K(2368K)
[297.012s][info][gc             ] GC(1796) Pause Young (Allocation Failure) 347M->9M(1022M) 2.360ms
[297.012s][info][gc,cpu         ] GC(1796) User=0.00s Sys=0.00s Real=0.00s
[297.218s][info][gc,start       ] GC(1797) Pause Young (Allocation Failure)
[297.221s][info][gc,heap        ] GC(1797) PSYoungGen: 347136K(347648K)->992K(347648K) Eden: 346112K(346112K)->0K(346112K) From: 1024K(1536K)->992K(1536K)
[297.221s][info][gc,heap        ] GC(1797) ParOldGen: 8581K(699392K)->8661K(699392K)
[297.221s][info][gc,metaspace   ] GC(1797) Metaspace: 14314K(15296K)->14314K(15296K) NonClass: 12353K(12928K)->12353K(12928K) Class: 1960K(2368K)->1960K(2368K)
[297.221s][info][gc             ] GC(1797) Pause Young (Allocation Failure) 347M->9M(1022M) 2.377ms
[297.221s][info][gc,cpu         ] GC(1797) User=0.52s Sys=0.00s Real=0.00s
[297.429s][info][gc,start       ] GC(1798) Pause Young (Allocation Failure)
[297.431s][info][gc,heap        ] GC(1798) PSYoungGen: 347104K(347648K)->992K(347648K) Eden: 346112K(346112K)->0K(346112K) From: 992K(1536K)->992K(1536K)
[297.431s][info][gc,heap        ] GC(1798) ParOldGen: 8661K(699392K)->8741K(699392K)
[297.431s][info][gc,metaspace   ] GC(1798) Metaspace: 14314K(15296K)->14314K(15296K) NonClass: 12353K(12928K)->12353K(12928K) Class: 1960K(2368K)->1960K(2368K)
[297.431s][info][gc             ] GC(1798) Pause Young (Allocation Failure) 347M->9M(1022M) 2.372ms
[297.431s][info][gc,cpu         ] GC(1798) User=0.00s Sys=0.00s Real=0.00s
[297.764s][info][gc,start       ] GC(1799) Pause Young (Allocation Failure)
[297.767s][info][gc,heap        ] GC(1799) PSYoungGen: 347104K(347648K)->992K(347648K) Eden: 346112K(346112K)->0K(346112K) From: 992K(1536K)->992K(1536K)
[297.767s][info][gc,heap        ] GC(1799) ParOldGen: 8741K(699392K)->8797K(699392K)
[297.767s][info][gc,metaspace   ] GC(1799) Metaspace: 14314K(15296K)->14314K(15296K) NonClass: 12353K(12928K)->12353K(12928K) Class: 1960K(2368K)->1960K(2368K)
[297.767s][info][gc             ] GC(1799) Pause Young (Allocation Failure) 347M->9M(1022M) 3.275ms
[297.768s][info][gc,cpu         ] GC(1799) User=0.00s Sys=0.00s Real=0.00s
[297.980s][info][gc,start       ] GC(1800) Pause Young (Allocation Failure)
[297.982s][info][gc,heap        ] GC(1800) PSYoungGen: 347104K(347648K)->992K(347648K) Eden: 346112K(346112K)->0K(346112K) From: 992K(1536K)->992K(1536K)
[297.982s][info][gc,heap        ] GC(1800) ParOldGen: 8797K(699392K)->8861K(699392K)
[297.982s][info][gc,metaspace   ] GC(1800) Metaspace: 14314K(15296K)->14314K(15296K) NonClass: 12353K(12928K)->12353K(12928K) Class: 1960K(2368K)->1960K(2368K)
[297.983s][info][gc             ] GC(1800) Pause Young (Allocation Failure) 347M->9M(1022M) 2.294ms
[297.983s][info][gc,cpu         ] GC(1800) User=0.00s Sys=0.00s Real=0.00s
[298.188s][info][gc,start       ] GC(1801) Pause Young (Allocation Failure)
[298.190s][info][gc,heap        ] GC(1801) PSYoungGen: 347104K(347648K)->1024K(337408K) Eden: 346112K(346112K)->0K(336384K) From: 992K(1536K)->1024K(1024K)
[298.190s][info][gc,heap        ] GC(1801) ParOldGen: 8861K(699392K)->8949K(699392K)
[298.190s][info][gc,metaspace   ] GC(1801) Metaspace: 14314K(15296K)->14314K(15296K) NonClass: 12353K(12928K)->12353K(12928K) Class: 1960K(2368K)->1960K(2368K)
[298.190s][info][gc             ] GC(1801) Pause Young (Allocation Failure) 347M->9M(1012M) 2.005ms
[298.190s][info][gc,cpu         ] GC(1801) User=0.00s Sys=0.00s Real=0.00s
[298.388s][info][gc,start       ] GC(1802) Pause Young (Allocation Failure)
[298.390s][info][gc,heap        ] GC(1802) PSYoungGen: 337408K(337408K)->960K(328192K) Eden: 336384K(336384K)->0K(327168K) From: 1024K(1024K)->960K(1024K)
[298.390s][info][gc,heap        ] GC(1802) ParOldGen: 8949K(699392K)->9013K(699392K)
[298.390s][info][gc,metaspace   ] GC(1802) Metaspace: 14314K(15296K)->14314K(15296K) NonClass: 12353K(12928K)->12353K(12928K) Class: 1960K(2368K)->1960K(2368K)
[298.390s][info][gc             ] GC(1802) Pause Young (Allocation Failure) 338M->9M(1003M) 2.022ms
[298.390s][info][gc,cpu         ] GC(1802) User=0.00s Sys=0.00s Real=0.00s
[298.583s][info][gc,start       ] GC(1803) Pause Young (Allocation Failure)
[298.585s][info][gc,heap        ] GC(1803) PSYoungGen: 328128K(328192K)->1024K(319488K) Eden: 327168K(327168K)->0K(318464K) From: 960K(1024K)->1024K(1024K)
[298.585s][info][gc,heap        ] GC(1803) ParOldGen: 9013K(699392K)->9085K(699392K)
[298.585s][info][gc,metaspace   ] GC(1803) Metaspace: 14314K(15296K)->14314K(15296K) NonClass: 12353K(12928K)->12353K(12928K) Class: 1960K(2368K)->1960K(2368K)
[298.585s][info][gc             ] GC(1803) Pause Young (Allocation Failure) 329M->9M(995M) 2.059ms
[298.585s][info][gc,cpu         ] GC(1803) User=0.00s Sys=0.00s Real=0.00s
[298.773s][info][gc,start       ] GC(1804) Pause Young (Allocation Failure)
[298.775s][info][gc,heap        ] GC(1804) PSYoungGen: 319488K(319488K)->992K(310784K) Eden: 318464K(318464K)->0K(309760K) From: 1024K(1024K)->992K(1024K)
[298.775s][info][gc,heap        ] GC(1804) ParOldGen: 9085K(699392K)->9149K(699392K)
[298.775s][info][gc,metaspace   ] GC(1804) Metaspace: 14314K(15296K)->14314K(15296K) NonClass: 12353K(12928K)->12353K(12928K) Class: 1960K(2368K)->1960K(2368K)
[298.775s][info][gc             ] GC(1804) Pause Young (Allocation Failure) 320M->9M(986M) 2.011ms
[298.775s][info][gc,cpu         ] GC(1804) User=0.00s Sys=0.00s Real=0.00s
[298.958s][info][gc,start       ] GC(1805) Pause Young (Allocation Failure)
[298.960s][info][gc,heap        ] GC(1805) PSYoungGen: 310752K(310784K)->992K(302592K) Eden: 309760K(309760K)->0K(301568K) From: 992K(1024K)->992K(1024K)
[298.960s][info][gc,heap        ] GC(1805) ParOldGen: 9149K(699392K)->9229K(699392K)
[298.960s][info][gc,metaspace   ] GC(1805) Metaspace: 14314K(15296K)->14314K(15296K) NonClass: 12353K(12928K)->12353K(12928K) Class: 1960K(2368K)->1960K(2368K)
[298.960s][info][gc             ] GC(1805) Pause Young (Allocation Failure) 312M->9M(978M) 1.983ms
[298.960s][info][gc,cpu         ] GC(1805) User=0.00s Sys=0.00s Real=0.00s
[299.139s][info][gc,start       ] GC(1806) Pause Young (Allocation Failure)
[299.141s][info][gc,heap        ] GC(1806) PSYoungGen: 302560K(302592K)->1024K(294912K) Eden: 301568K(301568K)->0K(293888K) From: 992K(1024K)->1024K(1024K)
[299.141s][info][gc,heap        ] GC(1806) ParOldGen: 9229K(699392K)->9309K(699392K)
[299.141s][info][gc,metaspace   ] GC(1806) Metaspace: 14314K(15296K)->14314K(15296K) NonClass: 12353K(12928K)->12353K(12928K) Class: 1960K(2368K)->1960K(2368K)
[299.141s][info][gc             ] GC(1806) Pause Young (Allocation Failure) 304M->10M(971M) 2.029ms
[299.141s][info][gc,cpu         ] GC(1806) User=0.52s Sys=0.00s Real=0.00s
[299.314s][info][gc,start       ] GC(1807) Pause Young (Allocation Failure)
[299.316s][info][gc,heap        ] GC(1807) PSYoungGen: 294912K(294912K)->992K(344576K) Eden: 293888K(293888K)->0K(343040K) From: 1024K(1024K)->992K(1536K)
[299.316s][info][gc,heap        ] GC(1807) ParOldGen: 9309K(699392K)->9373K(699392K)
[299.316s][info][gc,metaspace   ] GC(1807) Metaspace: 14314K(15296K)->14314K(15296K) NonClass: 12353K(12928K)->12353K(12928K) Class: 1960K(2368K)->1960K(2368K)
[299.316s][info][gc             ] GC(1807) Pause Young (Allocation Failure) 297M->10M(1019M) 2.034ms
[299.316s][info][gc,cpu         ] GC(1807) User=0.00s Sys=0.00s Real=0.00s
[299.518s][info][gc,start       ] GC(1808) Pause Young (Allocation Failure)
[299.520s][info][gc,heap        ] GC(1808) PSYoungGen: 344032K(344576K)->992K(344576K) Eden: 343040K(343040K)->0K(343040K) From: 992K(1536K)->992K(1536K)
[299.520s][info][gc,heap        ] GC(1808) ParOldGen: 9373K(699392K)->9477K(699392K)
[299.520s][info][gc,metaspace   ] GC(1808) Metaspace: 14314K(15296K)->14314K(15296K) NonClass: 12353K(12928K)->12353K(12928K) Class: 1960K(2368K)->1960K(2368K)
[299.520s][info][gc             ] GC(1808) Pause Young (Allocation Failure) 345M->10M(1019M) 2.257ms
[299.521s][info][gc,cpu         ] GC(1808) User=0.00s Sys=0.00s Real=0.00s
[299.724s][info][gc,start       ] GC(1809) Pause Young (Allocation Failure)
[299.726s][info][gc,heap        ] GC(1809) PSYoungGen: 344032K(344576K)->1024K(347648K) Eden: 343040K(343040K)->0K(346112K) From: 992K(1536K)->1024K(1536K)
[299.726s][info][gc,heap        ] GC(1809) ParOldGen: 9477K(699392K)->9557K(699392K)
[299.726s][info][gc,metaspace   ] GC(1809) Metaspace: 14314K(15296K)->14314K(15296K) NonClass: 12353K(12928K)->12353K(12928K) Class: 1960K(2368K)->1960K(2368K)
[299.726s][info][gc             ] GC(1809) Pause Young (Allocation Failure) 345M->10M(1022M) 2.146ms
[299.726s][info][gc,cpu         ] GC(1809) User=0.00s Sys=0.00s Real=0.00s
[299.930s][info][gc,start       ] GC(1810) Pause Young (Allocation Failure)
[299.932s][info][gc,heap        ] GC(1810) PSYoungGen: 347136K(347648K)->1056K(347648K) Eden: 346112K(346112K)->0K(346112K) From: 1024K(1536K)->1056K(1536K)
[299.932s][info][gc,heap        ] GC(1810) ParOldGen: 9557K(699392K)->9629K(699392K)
[299.932s][info][gc,metaspace   ] GC(1810) Metaspace: 14314K(15296K)->14314K(15296K) NonClass: 12353K(12928K)->12353K(12928K) Class: 1960K(2368K)->1960K(2368K)
[299.932s][info][gc             ] GC(1810) Pause Young (Allocation Failure) 348M->10M(1022M) 2.188ms
[299.932s][info][gc,cpu         ] GC(1810) User=0.00s Sys=0.00s Real=0.00s
[300.135s][info][gc,start       ] GC(1811) Pause Young (Allocation Failure)
[300.138s][info][gc,heap        ] GC(1811) PSYoungGen: 347168K(347648K)->992K(347648K) Eden: 346112K(346112K)->0K(346112K) From: 1056K(1536K)->992K(1536K)
[300.138s][info][gc,heap        ] GC(1811) ParOldGen: 9629K(699392K)->9725K(699392K)
[300.138s][info][gc,metaspace   ] GC(1811) Metaspace: 14314K(15296K)->14314K(15296K) NonClass: 12353K(12928K)->12353K(12928K) Class: 1960K(2368K)->1960K(2368K)
[300.138s][info][gc             ] GC(1811) Pause Young (Allocation Failure) 348M->10M(1022M) 2.203ms
[300.138s][info][gc,cpu         ] GC(1811) User=0.00s Sys=0.00s Real=0.00s
[300.341s][info][gc,start       ] GC(1812) Pause Young (Allocation Failure)
[300.344s][info][gc,heap        ] GC(1812) PSYoungGen: 347104K(347648K)->992K(347648K) Eden: 346112K(346112K)->0K(346112K) From: 992K(1536K)->992K(1536K)
[300.344s][info][gc,heap        ] GC(1812) ParOldGen: 9725K(699392K)->9821K(699392K)
[300.344s][info][gc,metaspace   ] GC(1812) Metaspace: 14314K(15296K)->14314K(15296K) NonClass: 12353K(12928K)->12353K(12928K) Class: 1960K(2368K)->1960K(2368K)
[300.344s][info][gc             ] GC(1812) Pause Young (Allocation Failure) 348M->10M(1022M) 2.246ms
[300.344s][info][gc,cpu         ] GC(1812) User=0.00s Sys=0.02s Real=0.00s
[300.549s][info][gc,start       ] GC(1813) Pause Young (Allocation Failure)
[300.552s][info][gc,heap        ] GC(1813) PSYoungGen: 347104K(347648K)->992K(347648K) Eden: 346112K(346112K)->0K(346112K) From: 992K(1536K)->992K(1536K)
[300.552s][info][gc,heap        ] GC(1813) ParOldGen: 9821K(699392K)->9901K(699392K)
[300.552s][info][gc,metaspace   ] GC(1813) Metaspace: 14314K(15296K)->14314K(15296K) NonClass: 12353K(12928K)->12353K(12928K) Class: 1960K(2368K)->1960K(2368K)
[300.552s][info][gc             ] GC(1813) Pause Young (Allocation Failure) 348M->10M(1022M) 2.253ms
[300.552s][info][gc,cpu         ] GC(1813) User=0.00s Sys=0.00s Real=0.00s
[300.758s][info][gc,start       ] GC(1814) Pause Young (Allocation Failure)
[300.760s][info][gc,heap        ] GC(1814) PSYoungGen: 347104K(347648K)->1024K(347648K) Eden: 346112K(346112K)->0K(346112K) From: 992K(1536K)->1024K(1536K)
[300.760s][info][gc,heap        ] GC(1814) ParOldGen: 9901K(699392K)->9973K(699392K)
[300.760s][info][gc,metaspace   ] GC(1814) Metaspace: 14314K(15296K)->14314K(15296K) NonClass: 12353K(12928K)->12353K(12928K) Class: 1960K(2368K)->1960K(2368K)
[300.760s][info][gc             ] GC(1814) Pause Young (Allocation Failure) 348M->10M(1022M) 2.316ms
[300.760s][info][gc,cpu         ] GC(1814) User=0.00s Sys=0.00s Real=0.00s
[300.967s][info][gc,start       ] GC(1815) Pause Young (Allocation Failure)
[300.969s][info][gc,heap        ] GC(1815) PSYoungGen: 347136K(347648K)->1024K(347648K) Eden: 346112K(346112K)->0K(346112K) From: 1024K(1536K)->1024K(1536K)
[300.969s][info][gc,heap        ] GC(1815) ParOldGen: 9973K(699392K)->10053K(699392K)
[300.969s][info][gc,metaspace   ] GC(1815) Metaspace: 14314K(15296K)->14314K(15296K) NonClass: 12353K(12928K)->12353K(12928K) Class: 1960K(2368K)->1960K(2368K)
[300.969s][info][gc             ] GC(1815) Pause Young (Allocation Failure) 348M->10M(1022M) 2.310ms
[300.969s][info][gc,cpu         ] GC(1815) User=0.00s Sys=0.00s Real=0.00s
[301.177s][info][gc,start       ] GC(1816) Pause Young (Allocation Failure)
[301.179s][info][gc,heap        ] GC(1816) PSYoungGen: 347136K(347648K)->1024K(347648K) Eden: 346112K(346112K)->0K(346112K) From: 1024K(1536K)->1024K(1536K)
[301.179s][info][gc,heap        ] GC(1816) ParOldGen: 10053K(699392K)->10125K(699392K)
[301.179s][info][gc,metaspace   ] GC(1816) Metaspace: 14314K(15296K)->14314K(15296K) NonClass: 12353K(12928K)->12353K(12928K) Class: 1960K(2368K)->1960K(2368K)
[301.179s][info][gc             ] GC(1816) Pause Young (Allocation Failure) 348M->10M(1022M) 2.373ms
[301.179s][info][gc,cpu         ] GC(1816) User=0.00s Sys=0.00s Real=0.00s
[301.388s][info][gc,start       ] GC(1817) Pause Young (Allocation Failure)
[301.390s][info][gc,heap        ] GC(1817) PSYoungGen: 347136K(347648K)->992K(347648K) Eden: 346112K(346112K)->0K(346112K) From: 1024K(1536K)->992K(1536K)
[301.391s][info][gc,heap        ] GC(1817) ParOldGen: 10125K(699392K)->10229K(699392K)
[301.391s][info][gc,metaspace   ] GC(1817) Metaspace: 14314K(15296K)->14314K(15296K) NonClass: 12353K(12928K)->12353K(12928K) Class: 1960K(2368K)->1960K(2368K)
[301.391s][info][gc             ] GC(1817) Pause Young (Allocation Failure) 348M->10M(1022M) 2.435ms
[301.391s][info][gc,cpu         ] GC(1817) User=0.00s Sys=0.00s Real=0.00s
[301.685s][info][gc,start       ] GC(1818) Pause Young (Allocation Failure)
[301.688s][info][gc,heap        ] GC(1818) PSYoungGen: 347104K(347648K)->1056K(347648K) Eden: 346112K(346112K)->0K(346112K) From: 992K(1536K)->1056K(1536K)
[301.688s][info][gc,heap        ] GC(1818) ParOldGen: 10229K(699392K)->10301K(699392K)
[301.688s][info][gc,metaspace   ] GC(1818) Metaspace: 14314K(15296K)->14314K(15296K) NonClass: 12353K(12928K)->12353K(12928K) Class: 1960K(2368K)->1960K(2368K)
[301.688s][info][gc             ] GC(1818) Pause Young (Allocation Failure) 348M->11M(1022M) 3.167ms
[301.688s][info][gc,cpu         ] GC(1818) User=0.00s Sys=0.00s Real=0.00s
[301.901s][info][gc,start       ] GC(1819) Pause Young (Allocation Failure)
[301.903s][info][gc,heap        ] GC(1819) PSYoungGen: 347168K(347648K)->1024K(347648K) Eden: 346112K(346112K)->0K(346112K) From: 1056K(1536K)->1024K(1536K)
[301.903s][info][gc,heap        ] GC(1819) ParOldGen: 10301K(699392K)->10389K(699392K)
[301.903s][info][gc,metaspace   ] GC(1819) Metaspace: 14314K(15296K)->14314K(15296K) NonClass: 12353K(12928K)->12353K(12928K) Class: 1960K(2368K)->1960K(2368K)
[301.903s][info][gc             ] GC(1819) Pause Young (Allocation Failure) 349M->11M(1022M) 2.235ms
[301.903s][info][gc,cpu         ] GC(1819) User=0.00s Sys=0.00s Real=0.00s
[302.107s][info][gc,start       ] GC(1820) Pause Young (Allocation Failure)
[302.109s][info][gc,heap        ] GC(1820) PSYoungGen: 347136K(347648K)->992K(347648K) Eden: 346112K(346112K)->0K(346112K) From: 1024K(1536K)->992K(1536K)
[302.109s][info][gc,heap        ] GC(1820) ParOldGen: 10389K(699392K)->10485K(699392K)
[302.109s][info][gc,metaspace   ] GC(1820) Metaspace: 14314K(15296K)->14314K(15296K) NonClass: 12353K(12928K)->12353K(12928K) Class: 1960K(2368K)->1960K(2368K)
[302.110s][info][gc             ] GC(1820) Pause Young (Allocation Failure) 349M->11M(1022M) 2.117ms
[302.110s][info][gc,cpu         ] GC(1820) User=0.52s Sys=0.00s Real=0.00s
[302.315s][info][gc,start       ] GC(1821) Pause Young (Allocation Failure)
[302.317s][info][gc,heap        ] GC(1821) PSYoungGen: 347104K(347648K)->1024K(337408K) Eden: 346112K(346112K)->0K(336384K) From: 992K(1536K)->1024K(1024K)
[302.317s][info][gc,heap        ] GC(1821) ParOldGen: 10485K(699392K)->10549K(699392K)
[302.317s][info][gc,metaspace   ] GC(1821) Metaspace: 14314K(15296K)->14314K(15296K) NonClass: 12353K(12928K)->12353K(12928K) Class: 1960K(2368K)->1960K(2368K)
[302.317s][info][gc             ] GC(1821) Pause Young (Allocation Failure) 349M->11M(1012M) 2.111ms
[302.317s][info][gc,cpu         ] GC(1821) User=0.00s Sys=0.00s Real=0.00s
[302.514s][info][gc,start       ] GC(1822) Pause Young (Allocation Failure)
[302.516s][info][gc,heap        ] GC(1822) PSYoungGen: 337408K(337408K)->992K(328192K) Eden: 336384K(336384K)->0K(327168K) From: 1024K(1024K)->992K(1024K)
[302.516s][info][gc,heap        ] GC(1822) ParOldGen: 10549K(699392K)->10637K(699392K)
[302.516s][info][gc,metaspace   ] GC(1822) Metaspace: 14314K(15296K)->14314K(15296K) NonClass: 12353K(12928K)->12353K(12928K) Class: 1960K(2368K)->1960K(2368K)
[302.516s][info][gc             ] GC(1822) Pause Young (Allocation Failure) 339M->11M(1003M) 1.968ms
[302.516s][info][gc,cpu         ] GC(1822) User=0.00s Sys=0.00s Real=0.00s
[302.708s][info][gc,start       ] GC(1823) Pause Young (Allocation Failure)
[302.710s][info][gc,heap        ] GC(1823) PSYoungGen: 328160K(328192K)->992K(319488K) Eden: 327168K(327168K)->0K(318464K) From: 992K(1024K)->992K(1024K)
[302.710s][info][gc,heap        ] GC(1823) ParOldGen: 10637K(699392K)->10685K(699392K)
[302.710s][info][gc,metaspace   ] GC(1823) Metaspace: 14314K(15296K)->14314K(15296K) NonClass: 12353K(12928K)->12353K(12928K) Class: 1960K(2368K)->1960K(2368K)
[302.710s][info][gc             ] GC(1823) Pause Young (Allocation Failure) 330M->11M(995M) 1.998ms
[302.710s][info][gc,cpu         ] GC(1823) User=0.00s Sys=0.00s Real=0.00s
[302.897s][info][gc,start       ] GC(1824) Pause Young (Allocation Failure)
[302.899s][info][gc,heap        ] GC(1824) PSYoungGen: 319456K(319488K)->1024K(310784K) Eden: 318464K(318464K)->0K(309760K) From: 992K(1024K)->1024K(1024K)
[302.899s][info][gc,heap        ] GC(1824) ParOldGen: 10685K(699392K)->10749K(699392K)
[302.899s][info][gc,metaspace   ] GC(1824) Metaspace: 14314K(15296K)->14314K(15296K) NonClass: 12353K(12928K)->12353K(12928K) Class: 1960K(2368K)->1960K(2368K)
[302.899s][info][gc             ] GC(1824) Pause Young (Allocation Failure) 322M->11M(986M) 2.071ms
[302.899s][info][gc,cpu         ] GC(1824) User=0.00s Sys=0.00s Real=0.00s
[303.080s][info][gc,start       ] GC(1825) Pause Young (Allocation Failure)
[303.082s][info][gc,heap        ] GC(1825) PSYoungGen: 310784K(310784K)->992K(302592K) Eden: 309760K(309760K)->0K(301568K) From: 1024K(1024K)->992K(1024K)
[303.082s][info][gc,heap        ] GC(1825) ParOldGen: 10749K(699392K)->10813K(699392K)
[303.082s][info][gc,metaspace   ] GC(1825) Metaspace: 14314K(15296K)->14314K(15296K) NonClass: 12353K(12928K)->12353K(12928K) Class: 1960K(2368K)->1960K(2368K)
[303.082s][info][gc             ] GC(1825) Pause Young (Allocation Failure) 313M->11M(978M) 2.064ms
[303.082s][info][gc,cpu         ] GC(1825) User=0.00s Sys=0.00s Real=0.00s
[303.258s][info][gc,start       ] GC(1826) Pause Young (Allocation Failure)
[303.260s][info][gc,heap        ] GC(1826) PSYoungGen: 302560K(302592K)->1024K(345088K) Eden: 301568K(301568K)->0K(343552K) From: 992K(1024K)->1024K(1536K)
[303.260s][info][gc,heap        ] GC(1826) ParOldGen: 10813K(699392K)->10885K(699392K)
[303.260s][info][gc,metaspace   ] GC(1826) Metaspace: 14314K(15296K)->14314K(15296K) NonClass: 12353K(12928K)->12353K(12928K) Class: 1960K(2368K)->1960K(2368K)
[303.260s][info][gc             ] GC(1826) Pause Young (Allocation Failure) 306M->11M(1020M) 2.056ms
[303.260s][info][gc,cpu         ] GC(1826) User=0.00s Sys=0.00s Real=0.00s
[303.462s][info][gc,start       ] GC(1827) Pause Young (Allocation Failure)
[303.464s][info][gc,heap        ] GC(1827) PSYoungGen: 344576K(345088K)->1024K(347648K) Eden: 343552K(343552K)->0K(346112K) From: 1024K(1536K)->1024K(1536K)
[303.464s][info][gc,heap        ] GC(1827) ParOldGen: 10885K(699392K)->10941K(699392K)
[303.464s][info][gc,metaspace   ] GC(1827) Metaspace: 14314K(15296K)->14314K(15296K) NonClass: 12353K(12928K)->12353K(12928K) Class: 1960K(2368K)->1960K(2368K)
[303.465s][info][gc             ] GC(1827) Pause Young (Allocation Failure) 347M->11M(1022M) 2.178ms
[303.465s][info][gc,cpu         ] GC(1827) User=0.00s Sys=0.00s Real=0.00s
[303.667s][info][gc,start       ] GC(1828) Pause Young (Allocation Failure)
[303.669s][info][gc,heap        ] GC(1828) PSYoungGen: 347136K(347648K)->1024K(337408K) Eden: 346112K(346112K)->0K(336384K) From: 1024K(1536K)->1024K(1024K)
[303.669s][info][gc,heap        ] GC(1828) ParOldGen: 10941K(699392K)->11041K(699392K)
[303.669s][info][gc,metaspace   ] GC(1828) Metaspace: 14314K(15296K)->14314K(15296K) NonClass: 12353K(12928K)->12353K(12928K) Class: 1960K(2368K)->1960K(2368K)
[303.669s][info][gc             ] GC(1828) Pause Young (Allocation Failure) 349M->11M(1012M) 2.170ms
[303.669s][info][gc,cpu         ] GC(1828) User=0.00s Sys=0.00s Real=0.00s
[303.866s][info][gc,start       ] GC(1829) Pause Young (Allocation Failure)
[303.868s][info][gc,heap        ] GC(1829) PSYoungGen: 337408K(337408K)->1024K(346624K) Eden: 336384K(336384K)->0K(345600K) From: 1024K(1024K)->1024K(1024K)
[303.868s][info][gc,heap        ] GC(1829) ParOldGen: 11041K(699392K)->11129K(699392K)
[303.868s][info][gc,metaspace   ] GC(1829) Metaspace: 14314K(15296K)->14314K(15296K) NonClass: 12353K(12928K)->12353K(12928K) Class: 1960K(2368K)->1960K(2368K)
[303.868s][info][gc             ] GC(1829) Pause Young (Allocation Failure) 340M->11M(1021M) 2.176ms
[303.868s][info][gc,cpu         ] GC(1829) User=0.00s Sys=0.00s Real=0.00s
[304.069s][info][gc,start       ] GC(1830) Pause Young (Allocation Failure)
[304.072s][info][gc,heap        ] GC(1830) PSYoungGen: 346624K(346624K)->1024K(347136K) Eden: 345600K(345600K)->0K(345600K) From: 1024K(1024K)->1024K(1536K)
[304.072s][info][gc,heap        ] GC(1830) ParOldGen: 11129K(699392K)->11209K(699392K)
[304.072s][info][gc,metaspace   ] GC(1830) Metaspace: 14314K(15296K)->14314K(15296K) NonClass: 12353K(12928K)->12353K(12928K) Class: 1960K(2368K)->1960K(2368K)
[304.072s][info][gc             ] GC(1830) Pause Young (Allocation Failure) 349M->11M(1022M) 2.204ms
[304.072s][info][gc,cpu         ] GC(1830) User=0.00s Sys=0.00s Real=0.00s
[304.274s][info][gc,start       ] GC(1831) Pause Young (Allocation Failure)
[304.276s][info][gc,heap        ] GC(1831) PSYoungGen: 346624K(347136K)->1024K(347648K) Eden: 345600K(345600K)->0K(346112K) From: 1024K(1536K)->1024K(1536K)
[304.276s][info][gc,heap        ] GC(1831) ParOldGen: 11209K(699392K)->11273K(699392K)
[304.276s][info][gc,metaspace   ] GC(1831) Metaspace: 14314K(15296K)->14314K(15296K) NonClass: 12353K(12928K)->12353K(12928K) Class: 1960K(2368K)->1960K(2368K)
[304.276s][info][gc             ] GC(1831) Pause Young (Allocation Failure) 349M->12M(1022M) 2.267ms
[304.276s][info][gc,cpu         ] GC(1831) User=0.00s Sys=0.00s Real=0.00s
[304.478s][info][gc,start       ] GC(1832) Pause Young (Allocation Failure)
[304.480s][info][gc,heap        ] GC(1832) PSYoungGen: 347136K(347648K)->1024K(347648K) Eden: 346112K(346112K)->0K(346112K) From: 1024K(1536K)->1024K(1536K)
[304.480s][info][gc,heap        ] GC(1832) ParOldGen: 11273K(699392K)->11353K(699392K)
[304.480s][info][gc,metaspace   ] GC(1832) Metaspace: 14314K(15296K)->14314K(15296K) NonClass: 12353K(12928K)->12353K(12928K) Class: 1960K(2368K)->1960K(2368K)
[304.480s][info][gc             ] GC(1832) Pause Young (Allocation Failure) 350M->12M(1022M) 2.259ms
[304.480s][info][gc,cpu         ] GC(1832) User=0.00s Sys=0.00s Real=0.00s
[304.686s][info][gc,start       ] GC(1833) Pause Young (Allocation Failure)
[304.688s][info][gc,heap        ] GC(1833) PSYoungGen: 347136K(347648K)->992K(347648K) Eden: 346112K(346112K)->0K(346112K) From: 1024K(1536K)->992K(1536K)
[304.688s][info][gc,heap        ] GC(1833) ParOldGen: 11353K(699392K)->11449K(699392K)
[304.688s][info][gc,metaspace   ] GC(1833) Metaspace: 14314K(15296K)->14314K(15296K) NonClass: 12353K(12928K)->12353K(12928K) Class: 1960K(2368K)->1960K(2368K)
[304.688s][info][gc             ] GC(1833) Pause Young (Allocation Failure) 350M->12M(1022M) 2.315ms
[304.688s][info][gc,cpu         ] GC(1833) User=0.52s Sys=0.00s Real=0.00s
[304.891s][info][gc,start       ] GC(1834) Pause Young (Allocation Failure)
[304.893s][info][gc,heap        ] GC(1834) PSYoungGen: 347104K(347648K)->992K(347648K) Eden: 346112K(346112K)->0K(346112K) From: 992K(1536K)->992K(1536K)
[304.893s][info][gc,heap        ] GC(1834) ParOldGen: 11449K(699392K)->11553K(699392K)
[304.893s][info][gc,metaspace   ] GC(1834) Metaspace: 14314K(15296K)->14314K(15296K) NonClass: 12353K(12928K)->12353K(12928K) Class: 1960K(2368K)->1960K(2368K)
[304.893s][info][gc             ] GC(1834) Pause Young (Allocation Failure) 350M->12M(1022M) 2.335ms
[304.893s][info][gc,cpu         ] GC(1834) User=0.00s Sys=0.00s Real=0.00s
[305.098s][info][gc,start       ] GC(1835) Pause Young (Allocation Failure)
[305.100s][info][gc,heap        ] GC(1835) PSYoungGen: 347104K(347648K)->1024K(347648K) Eden: 346112K(346112K)->0K(346112K) From: 992K(1536K)->1024K(1536K)
[305.100s][info][gc,heap        ] GC(1835) ParOldGen: 11553K(699392K)->11673K(699392K)
[305.100s][info][gc,metaspace   ] GC(1835) Metaspace: 14314K(15296K)->14314K(15296K) NonClass: 12353K(12928K)->12353K(12928K) Class: 1960K(2368K)->1960K(2368K)
[305.100s][info][gc             ] GC(1835) Pause Young (Allocation Failure) 350M->12M(1022M) 2.364ms
[305.100s][info][gc,cpu         ] GC(1835) User=0.00s Sys=0.00s Real=0.00s
[305.304s][info][gc,start       ] GC(1836) Pause Young (Allocation Failure)
[305.306s][info][gc,heap        ] GC(1836) PSYoungGen: 347136K(347648K)->992K(347648K) Eden: 346112K(346112K)->0K(346112K) From: 1024K(1536K)->992K(1536K)
[305.306s][info][gc,heap        ] GC(1836) ParOldGen: 11673K(699392K)->11745K(699392K)
[305.306s][info][gc,metaspace   ] GC(1836) Metaspace: 14314K(15296K)->14314K(15296K) NonClass: 12353K(12928K)->12353K(12928K) Class: 1960K(2368K)->1960K(2368K)
[305.306s][info][gc             ] GC(1836) Pause Young (Allocation Failure) 350M->12M(1022M) 2.391ms
[305.306s][info][gc,cpu         ] GC(1836) User=0.00s Sys=0.00s Real=0.00s
[305.618s][info][gc,start       ] GC(1837) Pause Young (Allocation Failure)
[305.621s][info][gc,heap        ] GC(1837) PSYoungGen: 347104K(347648K)->1024K(347648K) Eden: 346112K(346112K)->0K(346112K) From: 992K(1536K)->1024K(1536K)
[305.621s][info][gc,heap        ] GC(1837) ParOldGen: 11745K(699392K)->11809K(699392K)
[305.621s][info][gc,metaspace   ] GC(1837) Metaspace: 14314K(15296K)->14314K(15296K) NonClass: 12353K(12928K)->12353K(12928K) Class: 1960K(2368K)->1960K(2368K)
[305.621s][info][gc             ] GC(1837) Pause Young (Allocation Failure) 350M->12M(1022M) 3.178ms
[305.621s][info][gc,cpu         ] GC(1837) User=0.00s Sys=0.00s Real=0.00s
[305.832s][info][gc,start       ] GC(1838) Pause Young (Allocation Failure)
[305.834s][info][gc,heap        ] GC(1838) PSYoungGen: 347136K(347648K)->992K(347648K) Eden: 346112K(346112K)->0K(346112K) From: 1024K(1536K)->992K(1536K)
[305.834s][info][gc,heap        ] GC(1838) ParOldGen: 11809K(699392K)->11913K(699392K)
[305.834s][info][gc,metaspace   ] GC(1838) Metaspace: 14314K(15296K)->14314K(15296K) NonClass: 12353K(12928K)->12353K(12928K) Class: 1960K(2368K)->1960K(2368K)
[305.834s][info][gc             ] GC(1838) Pause Young (Allocation Failure) 350M->12M(1022M) 2.223ms
[305.834s][info][gc,cpu         ] GC(1838) User=0.00s Sys=0.00s Real=0.00s
[306.038s][info][gc,start       ] GC(1839) Pause Young (Allocation Failure)
[306.040s][info][gc,heap        ] GC(1839) PSYoungGen: 347104K(347648K)->1024K(337408K) Eden: 346112K(346112K)->0K(336384K) From: 992K(1536K)->1024K(1024K)
[306.040s][info][gc,heap        ] GC(1839) ParOldGen: 11913K(699392K)->12001K(699392K)
[306.040s][info][gc,metaspace   ] GC(1839) Metaspace: 14314K(15296K)->14314K(15296K) NonClass: 12353K(12928K)->12353K(12928K) Class: 1960K(2368K)->1960K(2368K)
[306.040s][info][gc             ] GC(1839) Pause Young (Allocation Failure) 350M->12M(1012M) 2.020ms
[306.040s][info][gc,cpu         ] GC(1839) User=0.00s Sys=0.00s Real=0.00s
[306.238s][info][gc,start       ] GC(1840) Pause Young (Allocation Failure)
[306.240s][info][gc,heap        ] GC(1840) PSYoungGen: 337408K(337408K)->1024K(328192K) Eden: 336384K(336384K)->0K(327168K) From: 1024K(1024K)->1024K(1024K)
[306.240s][info][gc,heap        ] GC(1840) ParOldGen: 12001K(699392K)->12065K(699392K)
[306.240s][info][gc,metaspace   ] GC(1840) Metaspace: 14314K(15296K)->14314K(15296K) NonClass: 12353K(12928K)->12353K(12928K) Class: 1960K(2368K)->1960K(2368K)
[306.240s][info][gc             ] GC(1840) Pause Young (Allocation Failure) 341M->12M(1003M) 2.019ms
[306.240s][info][gc,cpu         ] GC(1840) User=0.00s Sys=0.00s Real=0.00s
[306.431s][info][gc,start       ] GC(1841) Pause Young (Allocation Failure)
[306.433s][info][gc,heap        ] GC(1841) PSYoungGen: 328192K(328192K)->928K(319488K) Eden: 327168K(327168K)->0K(318464K) From: 1024K(1024K)->928K(1024K)
[306.433s][info][gc,heap        ] GC(1841) ParOldGen: 12065K(699392K)->12153K(699392K)
[306.433s][info][gc,metaspace   ] GC(1841) Metaspace: 14314K(15296K)->14314K(15296K) NonClass: 12353K(12928K)->12353K(12928K) Class: 1960K(2368K)->1960K(2368K)
[306.433s][info][gc             ] GC(1841) Pause Young (Allocation Failure) 332M->12M(995M) 2.088ms
[306.433s][info][gc,cpu         ] GC(1841) User=0.00s Sys=0.00s Real=0.00s
[306.618s][info][gc,start       ] GC(1842) Pause Young (Allocation Failure)
[306.620s][info][gc,heap        ] GC(1842) PSYoungGen: 319392K(319488K)->1024K(310784K) Eden: 318464K(318464K)->0K(309760K) From: 928K(1024K)->1024K(1024K)
[306.620s][info][gc,heap        ] GC(1842) ParOldGen: 12153K(699392K)->12217K(699392K)
[306.620s][info][gc,metaspace   ] GC(1842) Metaspace: 14314K(15296K)->14314K(15296K) NonClass: 12353K(12928K)->12353K(12928K) Class: 1960K(2368K)->1960K(2368K)
[306.620s][info][gc             ] GC(1842) Pause Young (Allocation Failure) 323M->12M(986M) 1.990ms
[306.620s][info][gc,cpu         ] GC(1842) User=0.00s Sys=0.00s Real=0.00s
[306.800s][info][gc,start       ] GC(1843) Pause Young (Allocation Failure)
[306.802s][info][gc,heap        ] GC(1843) PSYoungGen: 310784K(310784K)->992K(302592K) Eden: 309760K(309760K)->0K(301568K) From: 1024K(1024K)->992K(1024K)
[306.802s][info][gc,heap        ] GC(1843) ParOldGen: 12217K(699392K)->12289K(699392K)
[306.802s][info][gc,metaspace   ] GC(1843) Metaspace: 14314K(15296K)->14314K(15296K) NonClass: 12353K(12928K)->12353K(12928K) Class: 1960K(2368K)->1960K(2368K)
[306.802s][info][gc             ] GC(1843) Pause Young (Allocation Failure) 315M->12M(978M) 2.028ms
[306.802s][info][gc,cpu         ] GC(1843) User=0.00s Sys=0.00s Real=0.00s
[306.977s][info][gc,start       ] GC(1844) Pause Young (Allocation Failure)
[306.979s][info][gc,heap        ] GC(1844) PSYoungGen: 302560K(302592K)->992K(345088K) Eden: 301568K(301568K)->0K(343552K) From: 992K(1024K)->992K(1536K)
[306.979s][info][gc,heap        ] GC(1844) ParOldGen: 12289K(699392K)->12345K(699392K)
[306.979s][info][gc,metaspace   ] GC(1844) Metaspace: 14314K(15296K)->14314K(15296K) NonClass: 12353K(12928K)->12353K(12928K) Class: 1960K(2368K)->1960K(2368K)
[306.979s][info][gc             ] GC(1844) Pause Young (Allocation Failure) 307M->13M(1020M) 2.025ms
[306.979s][info][gc,cpu         ] GC(1844) User=0.00s Sys=0.00s Real=0.00s
[307.179s][info][gc,start       ] GC(1845) Pause Young (Allocation Failure)
[307.181s][info][gc,heap        ] GC(1845) PSYoungGen: 344544K(345088K)->1024K(334848K) Eden: 343552K(343552K)->0K(333824K) From: 992K(1536K)->1024K(1024K)
[307.181s][info][gc,heap        ] GC(1845) ParOldGen: 12345K(699392K)->12409K(699392K)
[307.181s][info][gc,metaspace   ] GC(1845) Metaspace: 14314K(15296K)->14314K(15296K) NonClass: 12353K(12928K)->12353K(12928K) Class: 1960K(2368K)->1960K(2368K)
[307.181s][info][gc             ] GC(1845) Pause Young (Allocation Failure) 348M->13M(1010M) 2.050ms
[307.181s][info][gc,cpu         ] GC(1845) User=0.00s Sys=0.00s Real=0.00s
[307.375s][info][gc,start       ] GC(1846) Pause Young (Allocation Failure)
[307.377s][info][gc,heap        ] GC(1846) PSYoungGen: 334848K(334848K)->992K(325632K) Eden: 333824K(333824K)->0K(324608K) From: 1024K(1024K)->992K(1024K)
[307.377s][info][gc,heap        ] GC(1846) ParOldGen: 12409K(699392K)->12489K(699392K)
[307.377s][info][gc,metaspace   ] GC(1846) Metaspace: 14314K(15296K)->14314K(15296K) NonClass: 12353K(12928K)->12353K(12928K) Class: 1960K(2368K)->1960K(2368K)
[307.377s][info][gc             ] GC(1846) Pause Young (Allocation Failure) 339M->13M(1001M) 2.124ms
[307.377s][info][gc,cpu         ] GC(1846) User=0.00s Sys=0.00s Real=0.00s
[307.566s][info][gc,start       ] GC(1847) Pause Young (Allocation Failure)
[307.568s][info][gc,heap        ] GC(1847) PSYoungGen: 325600K(325632K)->1024K(346624K) Eden: 324608K(324608K)->0K(345088K) From: 992K(1024K)->1024K(1536K)
[307.568s][info][gc,heap        ] GC(1847) ParOldGen: 12489K(699392K)->12553K(699392K)
[307.568s][info][gc,metaspace   ] GC(1847) Metaspace: 14314K(15296K)->14314K(15296K) NonClass: 12353K(12928K)->12353K(12928K) Class: 1960K(2368K)->1960K(2368K)
[307.568s][info][gc             ] GC(1847) Pause Young (Allocation Failure) 330M->13M(1021M) 2.138ms
[307.568s][info][gc,cpu         ] GC(1847) User=0.00s Sys=0.00s Real=0.00s
[307.772s][info][gc,start       ] GC(1848) Pause Young (Allocation Failure)
[307.783s][info][gc,heap        ] GC(1848) PSYoungGen: 346112K(346624K)->992K(336384K) Eden: 345088K(345088K)->0K(335360K) From: 1024K(1536K)->992K(1024K)
[307.783s][info][gc,heap        ] GC(1848) ParOldGen: 12553K(699392K)->12633K(699392K)
[307.783s][info][gc,metaspace   ] GC(1848) Metaspace: 14314K(15296K)->14314K(15296K) NonClass: 12353K(12928K)->12353K(12928K) Class: 1960K(2368K)->1960K(2368K)
[307.783s][info][gc             ] GC(1848) Pause Young (Allocation Failure) 350M->13M(1011M) 10.820ms
[307.783s][info][gc,cpu         ] GC(1848) User=0.00s Sys=0.00s Real=0.01s
[307.985s][info][gc,start       ] GC(1849) Pause Young (Allocation Failure)
[307.987s][info][gc,heap        ] GC(1849) PSYoungGen: 336352K(336384K)->1024K(327168K) Eden: 335360K(335360K)->0K(326144K) From: 992K(1024K)->1024K(1024K)
[307.987s][info][gc,heap        ] GC(1849) ParOldGen: 12633K(699392K)->12737K(699392K)
[307.987s][info][gc,metaspace   ] GC(1849) Metaspace: 14314K(15296K)->14314K(15296K) NonClass: 12353K(12928K)->12353K(12928K) Class: 1960K(2368K)->1960K(2368K)
[307.987s][info][gc             ] GC(1849) Pause Young (Allocation Failure) 340M->13M(1002M) 2.164ms
[307.987s][info][gc,cpu         ] GC(1849) User=0.00s Sys=0.00s Real=0.00s
[308.210s][info][gc,start       ] GC(1850) Pause Young (Allocation Failure)
[308.212s][info][gc,heap        ] GC(1850) PSYoungGen: 327168K(327168K)->928K(318464K) Eden: 326144K(326144K)->0K(317440K) From: 1024K(1024K)->928K(1024K)
[308.212s][info][gc,heap        ] GC(1850) ParOldGen: 12737K(699392K)->12825K(699392K)
[308.212s][info][gc,metaspace   ] GC(1850) Metaspace: 14314K(15296K)->14314K(15296K) NonClass: 12353K(12928K)->12353K(12928K) Class: 1960K(2368K)->1960K(2368K)
[308.213s][info][gc             ] GC(1850) Pause Young (Allocation Failure) 331M->13M(994M) 2.194ms
[308.213s][info][gc,cpu         ] GC(1850) User=0.00s Sys=0.00s Real=0.00s
[308.426s][info][gc,start       ] GC(1851) Pause Young (Allocation Failure)
[308.428s][info][gc,heap        ] GC(1851) PSYoungGen: 318368K(318464K)->768K(310272K) Eden: 317440K(317440K)->0K(309248K) From: 928K(1024K)->768K(1024K)
[308.428s][info][gc,heap        ] GC(1851) ParOldGen: 12825K(699392K)->12905K(699392K)
[308.428s][info][gc,metaspace   ] GC(1851) Metaspace: 14314K(15296K)->14314K(15296K) NonClass: 12353K(12928K)->12353K(12928K) Class: 1960K(2368K)->1960K(2368K)
[308.428s][info][gc             ] GC(1851) Pause Young (Allocation Failure) 323M->13M(986M) 2.325ms
[308.428s][info][gc,cpu         ] GC(1851) User=0.00s Sys=0.00s Real=0.00s
[308.681s][info][gc,start       ] GC(1852) Pause Young (System.gc())
[308.683s][info][gc,heap        ] GC(1852) PSYoungGen: 309643K(310272K)->352K(309760K) Eden: 308875K(309248K)->0K(309248K) From: 768K(1024K)->352K(512K)
[308.683s][info][gc,heap        ] GC(1852) ParOldGen: 12905K(699392K)->12985K(699392K)
[308.683s][info][gc,metaspace   ] GC(1852) Metaspace: 14314K(15296K)->14314K(15296K) NonClass: 12353K(12928K)->12353K(12928K) Class: 1960K(2368K)->1960K(2368K)
[308.683s][info][gc             ] GC(1852) Pause Young (System.gc()) 314M->13M(985M) 2.620ms
[308.683s][info][gc,cpu         ] GC(1852) User=0.00s Sys=0.00s Real=0.00s
[308.683s][info][gc,start       ] GC(1853) Pause Full (System.gc())
[308.683s][info][gc,phases,start] GC(1853) Marking Phase
[308.696s][info][gc,phases      ] GC(1853) Marking Phase 12.686ms
[308.696s][info][gc,phases,start] GC(1853) Summary Phase
[308.696s][info][gc,phases      ] GC(1853) Summary Phase 0.026ms
[308.696s][info][gc,phases,start] GC(1853) Adjust Roots
[308.701s][info][gc,phases      ] GC(1853) Adjust Roots 5.059ms
[308.701s][info][gc,phases,start] GC(1853) Compaction Phase
[308.703s][info][gc,phases      ] GC(1853) Compaction Phase 1.701ms
[308.703s][info][gc,phases,start] GC(1853) Post Compact
[308.703s][info][gc,phases      ] GC(1853) Post Compact 0.314ms
[308.703s][info][gc,heap        ] GC(1853) PSYoungGen: 352K(309760K)->0K(309760K) Eden: 0K(309248K)->0K(309248K) From: 352K(512K)->0K(512K)
[308.703s][info][gc,heap        ] GC(1853) ParOldGen: 12985K(699392K)->5373K(699392K)
[308.703s][info][gc,metaspace   ] GC(1853) Metaspace: 14314K(15296K)->14314K(15296K) NonClass: 12353K(12928K)->12353K(12928K) Class: 1960K(2368K)->1960K(2368K)
[308.703s][info][gc             ] GC(1853) Pause Full (System.gc()) 13M->5M(985M) 20.050ms
[308.703s][info][gc,cpu         ] GC(1853) User=0.02s Sys=0.00s Real=0.02s
[308.897s][info][gc,start       ] GC(1854) Pause Young (Allocation Failure)
[308.900s][info][gc,heap        ] GC(1854) PSYoungGen: 309248K(309760K)->1536K(302592K) Eden: 309248K(309248K)->0K(301056K) From: 0K(512K)->1536K(1536K)
[308.900s][info][gc,heap        ] GC(1854) ParOldGen: 5373K(699392K)->5523K(699392K)
[308.900s][info][gc,metaspace   ] GC(1854) Metaspace: 14335K(15296K)->14335K(15296K) NonClass: 12375K(12928K)->12375K(12928K) Class: 1960K(2368K)->1960K(2368K)
[308.900s][info][gc             ] GC(1854) Pause Young (Allocation Failure) 307M->6M(978M) 2.441ms
[308.900s][info][gc,cpu         ] GC(1854) User=0.00s Sys=0.00s Real=0.00s
[309.070s][info][gc,start       ] GC(1855) Pause Young (Allocation Failure)
[309.072s][info][gc,heap        ] GC(1855) PSYoungGen: 302592K(302592K)->1024K(344064K) Eden: 301056K(301056K)->0K(342528K) From: 1536K(1536K)->1024K(1536K)
[309.072s][info][gc,heap        ] GC(1855) ParOldGen: 5523K(699392K)->7070K(699392K)
[309.072s][info][gc,metaspace   ] GC(1855) Metaspace: 14335K(15296K)->14335K(15296K) NonClass: 12375K(12928K)->12375K(12928K) Class: 1960K(2368K)->1960K(2368K)
[309.072s][info][gc             ] GC(1855) Pause Young (Allocation Failure) 300M->7M(1019M) 2.448ms
[309.072s][info][gc,cpu         ] GC(1855) User=0.00s Sys=0.00s Real=0.00s
[309.272s][info][gc,start       ] GC(1856) Pause Young (Allocation Failure)
[309.274s][info][gc,heap        ] GC(1856) PSYoungGen: 343552K(344064K)->1056K(347648K) Eden: 342528K(342528K)->0K(346112K) From: 1024K(1536K)->1056K(1536K)
[309.274s][info][gc,heap        ] GC(1856) ParOldGen: 7070K(699392K)->7126K(699392K)
[309.274s][info][gc,metaspace   ] GC(1856) Metaspace: 14335K(15296K)->14335K(15296K) NonClass: 12375K(12928K)->12375K(12928K) Class: 1960K(2368K)->1960K(2368K)
[309.274s][info][gc             ] GC(1856) Pause Young (Allocation Failure) 342M->7M(1022M) 2.374ms
[309.274s][info][gc,cpu         ] GC(1856) User=0.00s Sys=0.00s Real=0.00s
[309.554s][info][gc,start       ] GC(1857) Pause Young (Allocation Failure)
[309.557s][info][gc,heap        ] GC(1857) PSYoungGen: 347168K(347648K)->1056K(347648K) Eden: 346112K(346112K)->0K(346112K) From: 1056K(1536K)->1056K(1536K)
[309.557s][info][gc,heap        ] GC(1857) ParOldGen: 7126K(699392K)->7190K(699392K)
[309.557s][info][gc,metaspace   ] GC(1857) Metaspace: 14335K(15296K)->14335K(15296K) NonClass: 12375K(12928K)->12375K(12928K) Class: 1960K(2368K)->1960K(2368K)
[309.557s][info][gc             ] GC(1857) Pause Young (Allocation Failure) 345M->8M(1022M) 3.243ms
[309.557s][info][gc,cpu         ] GC(1857) User=0.00s Sys=0.00s Real=0.00s
[309.764s][info][gc,start       ] GC(1858) Pause Young (Allocation Failure)
[309.766s][info][gc,heap        ] GC(1858) PSYoungGen: 347168K(347648K)->1024K(347648K) Eden: 346112K(346112K)->0K(346112K) From: 1056K(1536K)->1024K(1536K)
[309.766s][info][gc,heap        ] GC(1858) ParOldGen: 7190K(699392K)->7286K(699392K)
[309.766s][info][gc,metaspace   ] GC(1858) Metaspace: 14335K(15296K)->14335K(15296K) NonClass: 12375K(12928K)->12375K(12928K) Class: 1960K(2368K)->1960K(2368K)
[309.766s][info][gc             ] GC(1858) Pause Young (Allocation Failure) 346M->8M(1022M) 2.202ms
[309.766s][info][gc,cpu         ] GC(1858) User=0.52s Sys=0.00s Real=0.00s
[309.968s][info][gc,start       ] GC(1859) Pause Young (Allocation Failure)
[309.970s][info][gc,heap        ] GC(1859) PSYoungGen: 347136K(347648K)->1024K(347648K) Eden: 346112K(346112K)->0K(346112K) From: 1024K(1536K)->1024K(1536K)
[309.970s][info][gc,heap        ] GC(1859) ParOldGen: 7286K(699392K)->7374K(699392K)
[309.970s][info][gc,metaspace   ] GC(1859) Metaspace: 14335K(15296K)->14335K(15296K) NonClass: 12375K(12928K)->12375K(12928K) Class: 1960K(2368K)->1960K(2368K)
[309.970s][info][gc             ] GC(1859) Pause Young (Allocation Failure) 346M->8M(1022M) 2.076ms
[309.970s][info][gc,cpu         ] GC(1859) User=0.52s Sys=0.00s Real=0.00s
[310.172s][info][gc,start       ] GC(1860) Pause Young (Allocation Failure)
[310.174s][info][gc,heap        ] GC(1860) PSYoungGen: 347136K(347648K)->992K(337408K) Eden: 346112K(346112K)->0K(336384K) From: 1024K(1536K)->992K(1024K)
[310.174s][info][gc,heap        ] GC(1860) ParOldGen: 7374K(699392K)->7494K(699392K)
[310.174s][info][gc,metaspace   ] GC(1860) Metaspace: 14335K(15296K)->14335K(15296K) NonClass: 12375K(12928K)->12375K(12928K) Class: 1960K(2368K)->1960K(2368K)
[310.174s][info][gc             ] GC(1860) Pause Young (Allocation Failure) 346M->8M(1012M) 1.932ms
[310.174s][info][gc,cpu         ] GC(1860) User=0.00s Sys=0.00s Real=0.00s
[310.370s][info][gc,start       ] GC(1861) Pause Young (Allocation Failure)
[310.372s][info][gc,heap        ] GC(1861) PSYoungGen: 337376K(337408K)->1024K(328192K) Eden: 336384K(336384K)->0K(327168K) From: 992K(1024K)->1024K(1024K)
[310.372s][info][gc,heap        ] GC(1861) ParOldGen: 7494K(699392K)->7566K(699392K)
[310.372s][info][gc,metaspace   ] GC(1861) Metaspace: 14335K(15296K)->14335K(15296K) NonClass: 12375K(12928K)->12375K(12928K) Class: 1960K(2368K)->1960K(2368K)
[310.372s][info][gc             ] GC(1861) Pause Young (Allocation Failure) 336M->8M(1003M) 1.899ms
[310.372s][info][gc,cpu         ] GC(1861) User=0.00s Sys=0.00s Real=0.00s
[310.562s][info][gc,start       ] GC(1862) Pause Young (Allocation Failure)
[310.564s][info][gc,heap        ] GC(1862) PSYoungGen: 328192K(328192K)->1024K(319488K) Eden: 327168K(327168K)->0K(318464K) From: 1024K(1024K)->1024K(1024K)
[310.564s][info][gc,heap        ] GC(1862) ParOldGen: 7566K(699392K)->7638K(699392K)
[310.564s][info][gc,metaspace   ] GC(1862) Metaspace: 14335K(15296K)->14335K(15296K) NonClass: 12375K(12928K)->12375K(12928K) Class: 1960K(2368K)->1960K(2368K)
[310.564s][info][gc             ] GC(1862) Pause Young (Allocation Failure) 327M->8M(995M) 1.923ms
[310.564s][info][gc,cpu         ] GC(1862) User=0.00s Sys=0.00s Real=0.00s
[310.750s][info][gc,start       ] GC(1863) Pause Young (Allocation Failure)
[310.752s][info][gc,heap        ] GC(1863) PSYoungGen: 319488K(319488K)->1024K(310784K) Eden: 318464K(318464K)->0K(309760K) From: 1024K(1024K)->1024K(1024K)
[310.752s][info][gc,heap        ] GC(1863) ParOldGen: 7638K(699392K)->7718K(699392K)
[310.752s][info][gc,metaspace   ] GC(1863) Metaspace: 14335K(15296K)->14335K(15296K) NonClass: 12375K(12928K)->12375K(12928K) Class: 1960K(2368K)->1960K(2368K)
[310.752s][info][gc             ] GC(1863) Pause Young (Allocation Failure) 319M->8M(986M) 1.962ms
[310.752s][info][gc,cpu         ] GC(1863) User=0.00s Sys=0.00s Real=0.00s
[310.934s][info][gc,start       ] GC(1864) Pause Young (Allocation Failure)
[310.935s][info][gc,heap        ] GC(1864) PSYoungGen: 310784K(310784K)->1024K(302592K) Eden: 309760K(309760K)->0K(301568K) From: 1024K(1024K)->1024K(1024K)
[310.936s][info][gc,heap        ] GC(1864) ParOldGen: 7718K(699392K)->7822K(699392K)
[310.936s][info][gc,metaspace   ] GC(1864) Metaspace: 14335K(15296K)->14335K(15296K) NonClass: 12375K(12928K)->12375K(12928K) Class: 1960K(2368K)->1960K(2368K)
[310.936s][info][gc             ] GC(1864) Pause Young (Allocation Failure) 311M->8M(978M) 1.994ms
[310.936s][info][gc,cpu         ] GC(1864) User=0.00s Sys=0.00s Real=0.00s
[311.111s][info][gc,start       ] GC(1865) Pause Young (Allocation Failure)
[311.113s][info][gc,heap        ] GC(1865) PSYoungGen: 302592K(302592K)->1024K(294912K) Eden: 301568K(301568K)->0K(293888K) From: 1024K(1024K)->1024K(1024K)
[311.113s][info][gc,heap        ] GC(1865) ParOldGen: 7822K(699392K)->7910K(699392K)
[311.113s][info][gc,metaspace   ] GC(1865) Metaspace: 14335K(15296K)->14335K(15296K) NonClass: 12375K(12928K)->12375K(12928K) Class: 1960K(2368K)->1960K(2368K)
[311.113s][info][gc             ] GC(1865) Pause Young (Allocation Failure) 303M->8M(971M) 2.018ms
[311.113s][info][gc,cpu         ] GC(1865) User=0.00s Sys=0.00s Real=0.00s
[311.284s][info][gc,start       ] GC(1866) Pause Young (Allocation Failure)
[311.286s][info][gc,heap        ] GC(1866) PSYoungGen: 294912K(294912K)->1024K(344576K) Eden: 293888K(293888K)->0K(343040K) From: 1024K(1024K)->1024K(1536K)
[311.286s][info][gc,heap        ] GC(1866) ParOldGen: 7910K(699392K)->8022K(699392K)
[311.286s][info][gc,metaspace   ] GC(1866) Metaspace: 14335K(15296K)->14335K(15296K) NonClass: 12375K(12928K)->12375K(12928K) Class: 1960K(2368K)->1960K(2368K)
[311.286s][info][gc             ] GC(1866) Pause Young (Allocation Failure) 295M->8M(1019M) 2.019ms
[311.286s][info][gc,cpu         ] GC(1866) User=0.00s Sys=0.00s Real=0.00s
[311.486s][info][gc,start       ] GC(1867) Pause Young (Allocation Failure)
[311.488s][info][gc,heap        ] GC(1867) PSYoungGen: 344064K(344576K)->1024K(334848K) Eden: 343040K(343040K)->0K(333824K) From: 1024K(1536K)->1024K(1024K)
[311.488s][info][gc,heap        ] GC(1867) ParOldGen: 8022K(699392K)->8102K(699392K)
[311.488s][info][gc,metaspace   ] GC(1867) Metaspace: 14335K(15296K)->14335K(15296K) NonClass: 12375K(12928K)->12375K(12928K) Class: 1960K(2368K)->1960K(2368K)
[311.488s][info][gc             ] GC(1867) Pause Young (Allocation Failure) 343M->8M(1010M) 2.212ms
[311.488s][info][gc,cpu         ] GC(1867) User=0.00s Sys=0.00s Real=0.00s
[311.683s][info][gc,start       ] GC(1868) Pause Young (Allocation Failure)
[311.685s][info][gc,heap        ] GC(1868) PSYoungGen: 334847K(334848K)->992K(343552K) Eden: 333823K(333824K)->0K(342528K) From: 1024K(1024K)->992K(1024K)
[311.685s][info][gc,heap        ] GC(1868) ParOldGen: 8102K(699392K)->8174K(699392K)
[311.685s][info][gc,metaspace   ] GC(1868) Metaspace: 14335K(15296K)->14335K(15296K) NonClass: 12375K(12928K)->12375K(12928K) Class: 1960K(2368K)->1960K(2368K)
[311.685s][info][gc             ] GC(1868) Pause Young (Allocation Failure) 334M->8M(1018M) 2.183ms
[311.685s][info][gc,cpu         ] GC(1868) User=0.00s Sys=0.00s Real=0.00s
[311.885s][info][gc,start       ] GC(1869) Pause Young (Allocation Failure)
[311.887s][info][gc,heap        ] GC(1869) PSYoungGen: 343520K(343552K)->1024K(344064K) Eden: 342528K(342528K)->0K(342528K) From: 992K(1024K)->1024K(1536K)
[311.887s][info][gc,heap        ] GC(1869) ParOldGen: 8174K(699392K)->8262K(699392K)
[311.887s][info][gc,metaspace   ] GC(1869) Metaspace: 14335K(15296K)->14335K(15296K) NonClass: 12375K(12928K)->12375K(12928K) Class: 1960K(2368K)->1960K(2368K)
[311.887s][info][gc             ] GC(1869) Pause Young (Allocation Failure) 343M->9M(1019M) 2.208ms
[311.887s][info][gc,cpu         ] GC(1869) User=0.00s Sys=0.00s Real=0.00s
[312.088s][info][gc,start       ] GC(1870) Pause Young (Allocation Failure)
[312.090s][info][gc,heap        ] GC(1870) PSYoungGen: 343552K(344064K)->1056K(347648K) Eden: 342528K(342528K)->0K(346112K) From: 1024K(1536K)->1056K(1536K)
[312.090s][info][gc,heap        ] GC(1870) ParOldGen: 8262K(699392K)->8358K(699392K)
[312.090s][info][gc,metaspace   ] GC(1870) Metaspace: 14335K(15296K)->14335K(15296K) NonClass: 12375K(12928K)->12375K(12928K) Class: 1960K(2368K)->1960K(2368K)
[312.090s][info][gc             ] GC(1870) Pause Young (Allocation Failure) 343M->9M(1022M) 2.185ms
[312.090s][info][gc,cpu         ] GC(1870) User=0.00s Sys=0.00s Real=0.00s
[312.293s][info][gc,start       ] GC(1871) Pause Young (Allocation Failure)
[312.295s][info][gc,heap        ] GC(1871) PSYoungGen: 347168K(347648K)->1024K(347648K) Eden: 346112K(346112K)->0K(346112K) From: 1056K(1536K)->1024K(1536K)
[312.295s][info][gc,heap        ] GC(1871) ParOldGen: 8358K(699392K)->8454K(699392K)
[312.295s][info][gc,metaspace   ] GC(1871) Metaspace: 14335K(15296K)->14335K(15296K) NonClass: 12375K(12928K)->12375K(12928K) Class: 1960K(2368K)->1960K(2368K)
[312.295s][info][gc             ] GC(1871) Pause Young (Allocation Failure) 347M->9M(1022M) 2.214ms
[312.295s][info][gc,cpu         ] GC(1871) User=0.00s Sys=0.00s Real=0.00s
[312.497s][info][gc,start       ] GC(1872) Pause Young (Allocation Failure)
[312.499s][info][gc,heap        ] GC(1872) PSYoungGen: 347136K(347648K)->1024K(347648K) Eden: 346112K(346112K)->0K(346112K) From: 1024K(1536K)->1024K(1536K)
[312.499s][info][gc,heap        ] GC(1872) ParOldGen: 8454K(699392K)->8542K(699392K)
[312.499s][info][gc,metaspace   ] GC(1872) Metaspace: 14335K(15296K)->14335K(15296K) NonClass: 12375K(12928K)->12375K(12928K) Class: 1960K(2368K)->1960K(2368K)
[312.499s][info][gc             ] GC(1872) Pause Young (Allocation Failure) 347M->9M(1022M) 2.300ms
[312.499s][info][gc,cpu         ] GC(1872) User=0.00s Sys=0.00s Real=0.00s
[312.702s][info][gc,start       ] GC(1873) Pause Young (Allocation Failure)
[312.705s][info][gc,heap        ] GC(1873) PSYoungGen: 347136K(347648K)->1024K(347648K) Eden: 346112K(346112K)->0K(346112K) From: 1024K(1536K)->1024K(1536K)
[312.705s][info][gc,heap        ] GC(1873) ParOldGen: 8542K(699392K)->8638K(699392K)
[312.705s][info][gc,metaspace   ] GC(1873) Metaspace: 14335K(15296K)->14335K(15296K) NonClass: 12375K(12928K)->12375K(12928K) Class: 1960K(2368K)->1960K(2368K)
[312.705s][info][gc             ] GC(1873) Pause Young (Allocation Failure) 347M->9M(1022M) 2.279ms
[312.705s][info][gc,cpu         ] GC(1873) User=0.00s Sys=0.00s Real=0.00s
[312.906s][info][gc,start       ] GC(1874) Pause Young (Allocation Failure)
[312.909s][info][gc,heap        ] GC(1874) PSYoungGen: 347136K(347648K)->1024K(347648K) Eden: 346112K(346112K)->0K(346112K) From: 1024K(1536K)->1024K(1536K)
[312.909s][info][gc,heap        ] GC(1874) ParOldGen: 8638K(699392K)->8734K(699392K)
[312.909s][info][gc,metaspace   ] GC(1874) Metaspace: 14335K(15296K)->14335K(15296K) NonClass: 12375K(12928K)->12375K(12928K) Class: 1960K(2368K)->1960K(2368K)
[312.909s][info][gc             ] GC(1874) Pause Young (Allocation Failure) 347M->9M(1022M) 2.378ms
[312.909s][info][gc,cpu         ] GC(1874) User=0.00s Sys=0.00s Real=0.00s
[313.113s][info][gc,start       ] GC(1875) Pause Young (Allocation Failure)
[313.115s][info][gc,heap        ] GC(1875) PSYoungGen: 347136K(347648K)->1024K(347648K) Eden: 346112K(346112K)->0K(346112K) From: 1024K(1536K)->1024K(1536K)
[313.115s][info][gc,heap        ] GC(1875) ParOldGen: 8734K(699392K)->8838K(699392K)
[313.115s][info][gc,metaspace   ] GC(1875) Metaspace: 14335K(15296K)->14335K(15296K) NonClass: 12375K(12928K)->12375K(12928K) Class: 1960K(2368K)->1960K(2368K)
[313.115s][info][gc             ] GC(1875) Pause Young (Allocation Failure) 347M->9M(1022M) 2.326ms
[313.115s][info][gc,cpu         ] GC(1875) User=0.00s Sys=0.00s Real=0.00s
[313.483s][info][gc,start       ] GC(1876) Pause Young (Allocation Failure)
[313.486s][info][gc,heap        ] GC(1876) PSYoungGen: 347136K(347648K)->1056K(337920K) Eden: 346112K(346112K)->0K(336384K) From: 1024K(1536K)->1056K(1536K)
[313.486s][info][gc,heap        ] GC(1876) ParOldGen: 8838K(699392K)->8958K(699392K)
[313.486s][info][gc,metaspace   ] GC(1876) Metaspace: 14335K(15296K)->14335K(15296K) NonClass: 12375K(12928K)->12375K(12928K) Class: 1960K(2368K)->1960K(2368K)
[313.486s][info][gc             ] GC(1876) Pause Young (Allocation Failure) 347M->9M(1013M) 3.079ms
[313.486s][info][gc,cpu         ] GC(1876) User=0.00s Sys=0.00s Real=0.00s
[313.687s][info][gc,start       ] GC(1877) Pause Young (Allocation Failure)
[313.689s][info][gc,heap        ] GC(1877) PSYoungGen: 337440K(337920K)->1024K(328192K) Eden: 336384K(336384K)->0K(327168K) From: 1056K(1536K)->1024K(1024K)
[313.689s][info][gc,heap        ] GC(1877) ParOldGen: 8958K(699392K)->9046K(699392K)
[313.689s][info][gc,metaspace   ] GC(1877) Metaspace: 14335K(15296K)->14335K(15296K) NonClass: 12375K(12928K)->12375K(12928K) Class: 1960K(2368K)->1960K(2368K)
[313.689s][info][gc             ] GC(1877) Pause Young (Allocation Failure) 338M->9M(1003M) 2.240ms
[313.689s][info][gc,cpu         ] GC(1877) User=0.52s Sys=0.00s Real=0.00s
[313.881s][info][gc,start       ] GC(1878) Pause Young (Allocation Failure)
[313.883s][info][gc,heap        ] GC(1878) PSYoungGen: 328192K(328192K)->1024K(319488K) Eden: 327168K(327168K)->0K(318464K) From: 1024K(1024K)->1024K(1024K)
[313.883s][info][gc,heap        ] GC(1878) ParOldGen: 9046K(699392K)->9134K(699392K)
[313.883s][info][gc,metaspace   ] GC(1878) Metaspace: 14335K(15296K)->14335K(15296K) NonClass: 12375K(12928K)->12375K(12928K) Class: 1960K(2368K)->1960K(2368K)
[313.883s][info][gc             ] GC(1878) Pause Young (Allocation Failure) 329M->9M(995M) 1.958ms
[313.883s][info][gc,cpu         ] GC(1878) User=0.00s Sys=0.00s Real=0.00s
[314.070s][info][gc,start       ] GC(1879) Pause Young (Allocation Failure)
[314.072s][info][gc,heap        ] GC(1879) PSYoungGen: 319488K(319488K)->1024K(310784K) Eden: 318464K(318464K)->0K(309760K) From: 1024K(1024K)->1024K(1024K)
[314.072s][info][gc,heap        ] GC(1879) ParOldGen: 9134K(699392K)->9230K(699392K)
[314.072s][info][gc,metaspace   ] GC(1879) Metaspace: 14335K(15296K)->14335K(15296K) NonClass: 12375K(12928K)->12375K(12928K) Class: 1960K(2368K)->1960K(2368K)
[314.072s][info][gc             ] GC(1879) Pause Young (Allocation Failure) 320M->10M(986M) 1.965ms
[314.072s][info][gc,cpu         ] GC(1879) User=0.00s Sys=0.00s Real=0.00s
[314.252s][info][gc,start       ] GC(1880) Pause Young (Allocation Failure)
[314.254s][info][gc,heap        ] GC(1880) PSYoungGen: 310784K(310784K)->1024K(302592K) Eden: 309760K(309760K)->0K(301568K) From: 1024K(1024K)->1024K(1024K)
[314.254s][info][gc,heap        ] GC(1880) ParOldGen: 9230K(699392K)->9318K(699392K)
[314.254s][info][gc,metaspace   ] GC(1880) Metaspace: 14335K(15296K)->14335K(15296K) NonClass: 12375K(12928K)->12375K(12928K) Class: 1960K(2368K)->1960K(2368K)
[314.254s][info][gc             ] GC(1880) Pause Young (Allocation Failure) 312M->10M(978M) 1.962ms
[314.254s][info][gc,cpu         ] GC(1880) User=0.00s Sys=0.00s Real=0.00s
[314.428s][info][gc,start       ] GC(1881) Pause Young (Allocation Failure)
[314.430s][info][gc,heap        ] GC(1881) PSYoungGen: 302592K(302592K)->1024K(294912K) Eden: 301568K(301568K)->0K(293888K) From: 1024K(1024K)->1024K(1024K)
[314.430s][info][gc,heap        ] GC(1881) ParOldGen: 9318K(699392K)->9430K(699392K)
[314.430s][info][gc,metaspace   ] GC(1881) Metaspace: 14335K(15296K)->14335K(15296K) NonClass: 12375K(12928K)->12375K(12928K) Class: 1960K(2368K)->1960K(2368K)
[314.430s][info][gc             ] GC(1881) Pause Young (Allocation Failure) 304M->10M(971M) 1.862ms
[314.430s][info][gc,cpu         ] GC(1881) User=0.00s Sys=0.00s Real=0.00s
[314.598s][info][gc,start       ] GC(1882) Pause Young (Allocation Failure)
[314.600s][info][gc,heap        ] GC(1882) PSYoungGen: 294912K(294912K)->1024K(287232K) Eden: 293888K(293888K)->0K(286208K) From: 1024K(1024K)->1024K(1024K)
[314.600s][info][gc,heap        ] GC(1882) ParOldGen: 9430K(699392K)->9526K(699392K)
[314.600s][info][gc,metaspace   ] GC(1882) Metaspace: 14335K(15296K)->14335K(15296K) NonClass: 12375K(12928K)->12375K(12928K) Class: 1960K(2368K)->1960K(2368K)
[314.600s][info][gc             ] GC(1882) Pause Young (Allocation Failure) 297M->10M(963M) 1.933ms
[314.600s][info][gc,cpu         ] GC(1882) User=0.00s Sys=0.00s Real=0.00s
[314.764s][info][gc,start       ] GC(1883) Pause Young (Allocation Failure)
[314.766s][info][gc,heap        ] GC(1883) PSYoungGen: 287232K(287232K)->1024K(344576K) Eden: 286208K(286208K)->0K(343040K) From: 1024K(1024K)->1024K(1536K)
[314.766s][info][gc,heap        ] GC(1883) ParOldGen: 9526K(699392K)->9614K(699392K)
[314.766s][info][gc,metaspace   ] GC(1883) Metaspace: 14335K(15296K)->14335K(15296K) NonClass: 12375K(12928K)->12375K(12928K) Class: 1960K(2368K)->1960K(2368K)
[314.766s][info][gc             ] GC(1883) Pause Young (Allocation Failure) 289M->10M(1019M) 1.899ms
[314.766s][info][gc,cpu         ] GC(1883) User=0.52s Sys=0.00s Real=0.00s
[314.964s][info][gc,start       ] GC(1884) Pause Young (Allocation Failure)
[314.966s][info][gc,heap        ] GC(1884) PSYoungGen: 344064K(344576K)->1024K(334848K) Eden: 343040K(343040K)->0K(333824K) From: 1024K(1536K)->1024K(1024K)
[314.966s][info][gc,heap        ] GC(1884) ParOldGen: 9614K(699392K)->9694K(699392K)
[314.966s][info][gc,metaspace   ] GC(1884) Metaspace: 14335K(15296K)->14335K(15296K) NonClass: 12375K(12928K)->12375K(12928K) Class: 1960K(2368K)->1960K(2368K)
[314.966s][info][gc             ] GC(1884) Pause Young (Allocation Failure) 345M->10M(1010M) 1.997ms
[314.966s][info][gc,cpu         ] GC(1884) User=0.00s Sys=0.00s Real=0.00s
[315.160s][info][gc,start       ] GC(1885) Pause Young (Allocation Failure)
[315.162s][info][gc,heap        ] GC(1885) PSYoungGen: 334848K(334848K)->1024K(325632K) Eden: 333824K(333824K)->0K(324608K) From: 1024K(1024K)->1024K(1024K)
[315.162s][info][gc,heap        ] GC(1885) ParOldGen: 9694K(699392K)->9790K(699392K)
[315.162s][info][gc,metaspace   ] GC(1885) Metaspace: 14335K(15296K)->14335K(15296K) NonClass: 12375K(12928K)->12375K(12928K) Class: 1960K(2368K)->1960K(2368K)
[315.162s][info][gc             ] GC(1885) Pause Young (Allocation Failure) 336M->10M(1001M) 2.102ms
[315.162s][info][gc,cpu         ] GC(1885) User=0.00s Sys=0.00s Real=0.00s
[315.351s][info][gc,start       ] GC(1886) Pause Young (Allocation Failure)
[315.353s][info][gc,heap        ] GC(1886) PSYoungGen: 325632K(325632K)->1024K(316928K) Eden: 324608K(324608K)->0K(315904K) From: 1024K(1024K)->1024K(1024K)
[315.353s][info][gc,heap        ] GC(1886) ParOldGen: 9790K(699392K)->9878K(699392K)
[315.353s][info][gc,metaspace   ] GC(1886) Metaspace: 14335K(15296K)->14335K(15296K) NonClass: 12375K(12928K)->12375K(12928K) Class: 1960K(2368K)->1960K(2368K)
[315.353s][info][gc             ] GC(1886) Pause Young (Allocation Failure) 327M->10M(992M) 2.175ms
[315.353s][info][gc,cpu         ] GC(1886) User=0.00s Sys=0.00s Real=0.00s
[315.536s][info][gc,start       ] GC(1887) Pause Young (Allocation Failure)
[315.538s][info][gc,heap        ] GC(1887) PSYoungGen: 316928K(316928K)->960K(343552K) Eden: 315904K(315904K)->0K(342016K) From: 1024K(1024K)->960K(1536K)
[315.538s][info][gc,heap        ] GC(1887) ParOldGen: 9878K(699392K)->9934K(699392K)
[315.538s][info][gc,metaspace   ] GC(1887) Metaspace: 14335K(15296K)->14335K(15296K) NonClass: 12375K(12928K)->12375K(12928K) Class: 1960K(2368K)->1960K(2368K)
[315.538s][info][gc             ] GC(1887) Pause Young (Allocation Failure) 319M->10M(1018M) 2.110ms
[315.539s][info][gc,cpu         ] GC(1887) User=0.00s Sys=0.00s Real=0.00s
[315.736s][info][gc,start       ] GC(1888) Pause Young (Allocation Failure)
[315.738s][info][gc,heap        ] GC(1888) PSYoungGen: 342976K(343552K)->1056K(347648K) Eden: 342016K(342016K)->0K(346112K) From: 960K(1536K)->1056K(1536K)
[315.738s][info][gc,heap        ] GC(1888) ParOldGen: 9934K(699392K)->9998K(699392K)
[315.738s][info][gc,metaspace   ] GC(1888) Metaspace: 14335K(15296K)->14335K(15296K) NonClass: 12375K(12928K)->12375K(12928K) Class: 1960K(2368K)->1960K(2368K)
[315.738s][info][gc             ] GC(1888) Pause Young (Allocation Failure) 344M->10M(1022M) 2.150ms
[315.738s][info][gc,cpu         ] GC(1888) User=0.00s Sys=0.00s Real=0.00s
[315.940s][info][gc,start       ] GC(1889) Pause Young (Allocation Failure)
[315.942s][info][gc,heap        ] GC(1889) PSYoungGen: 347168K(347648K)->1024K(337408K) Eden: 346112K(346112K)->0K(336384K) From: 1056K(1536K)->1024K(1024K)
[315.942s][info][gc,heap        ] GC(1889) ParOldGen: 9998K(699392K)->10062K(699392K)
[315.942s][info][gc,metaspace   ] GC(1889) Metaspace: 14335K(15296K)->14335K(15296K) NonClass: 12375K(12928K)->12375K(12928K) Class: 1960K(2368K)->1960K(2368K)
[315.942s][info][gc             ] GC(1889) Pause Young (Allocation Failure) 348M->10M(1012M) 2.181ms
[315.942s][info][gc,cpu         ] GC(1889) User=0.00s Sys=0.00s Real=0.00s
[316.138s][info][gc,start       ] GC(1890) Pause Young (Allocation Failure)
[316.140s][info][gc,heap        ] GC(1890) PSYoungGen: 337408K(337408K)->1024K(346624K) Eden: 336384K(336384K)->0K(345600K) From: 1024K(1024K)->1024K(1024K)
[316.140s][info][gc,heap        ] GC(1890) ParOldGen: 10062K(699392K)->10158K(699392K)
[316.140s][info][gc,metaspace   ] GC(1890) Metaspace: 14335K(15296K)->14335K(15296K) NonClass: 12375K(12928K)->12375K(12928K) Class: 1960K(2368K)->1960K(2368K)
[316.140s][info][gc             ] GC(1890) Pause Young (Allocation Failure) 339M->10M(1021M) 2.191ms
[316.140s][info][gc,cpu         ] GC(1890) User=0.00s Sys=0.00s Real=0.00s
[316.342s][info][gc,start       ] GC(1891) Pause Young (Allocation Failure)
[316.344s][info][gc,heap        ] GC(1891) PSYoungGen: 346624K(346624K)->1024K(347136K) Eden: 345600K(345600K)->0K(345600K) From: 1024K(1024K)->1024K(1536K)
[316.344s][info][gc,heap        ] GC(1891) ParOldGen: 10158K(699392K)->10238K(699392K)
[316.344s][info][gc,metaspace   ] GC(1891) Metaspace: 14335K(15296K)->14335K(15296K) NonClass: 12375K(12928K)->12375K(12928K) Class: 1960K(2368K)->1960K(2368K)
[316.344s][info][gc             ] GC(1891) Pause Young (Allocation Failure) 348M->10M(1022M) 2.247ms
[316.344s][info][gc,cpu         ] GC(1891) User=0.02s Sys=0.23s Real=0.00s
[316.547s][info][gc,start       ] GC(1892) Pause Young (Allocation Failure)
[316.549s][info][gc,heap        ] GC(1892) PSYoungGen: 346624K(347136K)->1024K(347648K) Eden: 345600K(345600K)->0K(346112K) From: 1024K(1536K)->1024K(1536K)
[316.549s][info][gc,heap        ] GC(1892) ParOldGen: 10238K(699392K)->10302K(699392K)
[316.549s][info][gc,metaspace   ] GC(1892) Metaspace: 14335K(15296K)->14335K(15296K) NonClass: 12375K(12928K)->12375K(12928K) Class: 1960K(2368K)->1960K(2368K)
[316.549s][info][gc             ] GC(1892) Pause Young (Allocation Failure) 348M->11M(1022M) 2.248ms
[316.549s][info][gc,cpu         ] GC(1892) User=0.00s Sys=0.00s Real=0.00s
[316.753s][info][gc,start       ] GC(1893) Pause Young (Allocation Failure)
[316.755s][info][gc,heap        ] GC(1893) PSYoungGen: 347136K(347648K)->1024K(347648K) Eden: 346112K(346112K)->0K(346112K) From: 1024K(1536K)->1024K(1536K)
[316.755s][info][gc,heap        ] GC(1893) ParOldGen: 10302K(699392K)->10382K(699392K)
[316.755s][info][gc,metaspace   ] GC(1893) Metaspace: 14335K(15296K)->14335K(15296K) NonClass: 12375K(12928K)->12375K(12928K) Class: 1960K(2368K)->1960K(2368K)
[316.755s][info][gc             ] GC(1893) Pause Young (Allocation Failure) 349M->11M(1022M) 2.290ms
[316.755s][info][gc,cpu         ] GC(1893) User=0.00s Sys=0.00s Real=0.00s
[316.962s][info][gc,start       ] GC(1894) Pause Young (Allocation Failure)
[316.964s][info][gc,heap        ] GC(1894) PSYoungGen: 347136K(347648K)->1024K(347648K) Eden: 346112K(346112K)->0K(346112K) From: 1024K(1536K)->1024K(1536K)
[316.964s][info][gc,heap        ] GC(1894) ParOldGen: 10382K(699392K)->10486K(699392K)
[316.964s][info][gc,metaspace   ] GC(1894) Metaspace: 14335K(15296K)->14335K(15296K) NonClass: 12375K(12928K)->12375K(12928K) Class: 1960K(2368K)->1960K(2368K)
[316.964s][info][gc             ] GC(1894) Pause Young (Allocation Failure) 349M->11M(1022M) 2.285ms
[316.964s][info][gc,cpu         ] GC(1894) User=0.00s Sys=0.00s Real=0.00s
[317.170s][info][gc,start       ] GC(1895) Pause Young (Allocation Failure)
[317.172s][info][gc,heap        ] GC(1895) PSYoungGen: 347136K(347648K)->1024K(347648K) Eden: 346112K(346112K)->0K(346112K) From: 1024K(1536K)->1024K(1536K)
[317.172s][info][gc,heap        ] GC(1895) ParOldGen: 10486K(699392K)->10590K(699392K)
[317.172s][info][gc,metaspace   ] GC(1895) Metaspace: 14335K(15296K)->14335K(15296K) NonClass: 12375K(12928K)->12375K(12928K) Class: 1960K(2368K)->1960K(2368K)
[317.172s][info][gc             ] GC(1895) Pause Young (Allocation Failure) 349M->11M(1022M) 2.322ms
[317.172s][info][gc,cpu         ] GC(1895) User=0.52s Sys=0.00s Real=0.00s
[317.378s][info][gc,start       ] GC(1896) Pause Young (Allocation Failure)
[317.381s][info][gc,heap        ] GC(1896) PSYoungGen: 347136K(347648K)->1024K(347648K) Eden: 346112K(346112K)->0K(346112K) From: 1024K(1536K)->1024K(1536K)
[317.381s][info][gc,heap        ] GC(1896) ParOldGen: 10590K(699392K)->10686K(699392K)
[317.381s][info][gc,metaspace   ] GC(1896) Metaspace: 14335K(15296K)->14335K(15296K) NonClass: 12375K(12928K)->12375K(12928K) Class: 1960K(2368K)->1960K(2368K)
[317.381s][info][gc             ] GC(1896) Pause Young (Allocation Failure) 349M->11M(1022M) 2.357ms
[317.381s][info][gc,cpu         ] GC(1896) User=0.00s Sys=0.00s Real=0.00s
[317.585s][info][gc,start       ] GC(1897) Pause Young (Allocation Failure)
[317.587s][info][gc,heap        ] GC(1897) PSYoungGen: 347136K(347648K)->992K(347648K) Eden: 346112K(346112K)->0K(346112K) From: 1024K(1536K)->992K(1536K)
[317.587s][info][gc,heap        ] GC(1897) ParOldGen: 10686K(699392K)->10766K(699392K)
[317.587s][info][gc,metaspace   ] GC(1897) Metaspace: 14335K(15296K)->14335K(15296K) NonClass: 12375K(12928K)->12375K(12928K) Class: 1960K(2368K)->1960K(2368K)
[317.587s][info][gc             ] GC(1897) Pause Young (Allocation Failure) 349M->11M(1022M) 2.187ms
[317.587s][info][gc,cpu         ] GC(1897) User=0.00s Sys=0.00s Real=0.00s
[317.790s][info][gc,start       ] GC(1898) Pause Young (Allocation Failure)
[317.792s][info][gc,heap        ] GC(1898) PSYoungGen: 347104K(347648K)->1024K(347648K) Eden: 346112K(346112K)->0K(346112K) From: 992K(1536K)->1024K(1536K)
[317.792s][info][gc,heap        ] GC(1898) ParOldGen: 10766K(699392K)->10846K(699392K)
[317.792s][info][gc,metaspace   ] GC(1898) Metaspace: 14335K(15296K)->14335K(15296K) NonClass: 12375K(12928K)->12375K(12928K) Class: 1960K(2368K)->1960K(2368K)
[317.792s][info][gc             ] GC(1898) Pause Young (Allocation Failure) 349M->11M(1022M) 2.023ms
[317.792s][info][gc,cpu         ] GC(1898) User=0.00s Sys=0.00s Real=0.00s
[317.992s][info][gc,start       ] GC(1899) Pause Young (Allocation Failure)
[317.994s][info][gc,heap        ] GC(1899) PSYoungGen: 347136K(347648K)->992K(337408K) Eden: 346112K(346112K)->0K(336384K) From: 1024K(1536K)->992K(1024K)
[317.994s][info][gc,heap        ] GC(1899) ParOldGen: 10846K(699392K)->10934K(699392K)
[317.994s][info][gc,metaspace   ] GC(1899) Metaspace: 14335K(15296K)->14335K(15296K) NonClass: 12375K(12928K)->12375K(12928K) Class: 1960K(2368K)->1960K(2368K)
[317.994s][info][gc             ] GC(1899) Pause Young (Allocation Failure) 349M->11M(1012M) 2.089ms
[317.994s][info][gc,cpu         ] GC(1899) User=0.00s Sys=0.00s Real=0.00s
[318.190s][info][gc,start       ] GC(1900) Pause Young (Allocation Failure)
[318.192s][info][gc,heap        ] GC(1900) PSYoungGen: 337376K(337408K)->1024K(328192K) Eden: 336384K(336384K)->0K(327168K) From: 992K(1024K)->1024K(1024K)
[318.192s][info][gc,heap        ] GC(1900) ParOldGen: 10934K(699392K)->11046K(699392K)
[318.192s][info][gc,metaspace   ] GC(1900) Metaspace: 14335K(15296K)->14335K(15296K) NonClass: 12375K(12928K)->12375K(12928K) Class: 1960K(2368K)->1960K(2368K)
[318.192s][info][gc             ] GC(1900) Pause Young (Allocation Failure) 340M->11M(1003M) 1.835ms
[318.192s][info][gc,cpu         ] GC(1900) User=0.00s Sys=0.00s Real=0.00s
[318.380s][info][gc,start       ] GC(1901) Pause Young (Allocation Failure)
[318.382s][info][gc,heap        ] GC(1901) PSYoungGen: 328192K(328192K)->1024K(319488K) Eden: 327168K(327168K)->0K(318464K) From: 1024K(1024K)->1024K(1024K)
[318.382s][info][gc,heap        ] GC(1901) ParOldGen: 11046K(699392K)->11150K(699392K)
[318.382s][info][gc,metaspace   ] GC(1901) Metaspace: 14335K(15296K)->14335K(15296K) NonClass: 12375K(12928K)->12375K(12928K) Class: 1960K(2368K)->1960K(2368K)
[318.382s][info][gc             ] GC(1901) Pause Young (Allocation Failure) 331M->11M(995M) 1.918ms
[318.382s][info][gc,cpu         ] GC(1901) User=0.00s Sys=0.00s Real=0.00s
[318.568s][info][gc,start       ] GC(1902) Pause Young (Allocation Failure)
[318.570s][info][gc,heap        ] GC(1902) PSYoungGen: 319488K(319488K)->1024K(310784K) Eden: 318464K(318464K)->0K(309760K) From: 1024K(1024K)->1024K(1024K)
[318.570s][info][gc,heap        ] GC(1902) ParOldGen: 11150K(699392K)->11222K(699392K)
[318.570s][info][gc,metaspace   ] GC(1902) Metaspace: 14335K(15296K)->14335K(15296K) NonClass: 12375K(12928K)->12375K(12928K) Class: 1960K(2368K)->1960K(2368K)
[318.570s][info][gc             ] GC(1902) Pause Young (Allocation Failure) 322M->11M(986M) 2.013ms
[318.570s][info][gc,cpu         ] GC(1902) User=0.00s Sys=0.00s Real=0.00s
[318.750s][info][gc,start       ] GC(1903) Pause Young (Allocation Failure)
[318.752s][info][gc,heap        ] GC(1903) PSYoungGen: 310784K(310784K)->992K(302592K) Eden: 309760K(309760K)->0K(301568K) From: 1024K(1024K)->992K(1024K)
[318.752s][info][gc,heap        ] GC(1903) ParOldGen: 11222K(699392K)->11290K(699392K)
[318.752s][info][gc,metaspace   ] GC(1903) Metaspace: 14335K(15296K)->14335K(15296K) NonClass: 12375K(12928K)->12375K(12928K) Class: 1960K(2368K)->1960K(2368K)
[318.752s][info][gc             ] GC(1903) Pause Young (Allocation Failure) 314M->11M(978M) 1.985ms
[318.752s][info][gc,cpu         ] GC(1903) User=0.00s Sys=0.00s Real=0.00s
[318.929s][info][gc,start       ] GC(1904) Pause Young (Allocation Failure)
[318.930s][info][gc,heap        ] GC(1904) PSYoungGen: 302560K(302592K)->1024K(294912K) Eden: 301568K(301568K)->0K(293888K) From: 992K(1024K)->1024K(1024K)
[318.931s][info][gc,heap        ] GC(1904) ParOldGen: 11290K(699392K)->11370K(699392K)
[318.931s][info][gc,metaspace   ] GC(1904) Metaspace: 14335K(15296K)->14335K(15296K) NonClass: 12375K(12928K)->12375K(12928K) Class: 1960K(2368K)->1960K(2368K)
[318.931s][info][gc             ] GC(1904) Pause Young (Allocation Failure) 306M->12M(971M) 1.998ms
[318.931s][info][gc,cpu         ] GC(1904) User=0.00s Sys=0.00s Real=0.00s
[319.102s][info][gc,start       ] GC(1905) Pause Young (Allocation Failure)
[319.104s][info][gc,heap        ] GC(1905) PSYoungGen: 294912K(294912K)->1024K(344576K) Eden: 293888K(293888K)->0K(343040K) From: 1024K(1024K)->1024K(1536K)
[319.104s][info][gc,heap        ] GC(1905) ParOldGen: 11370K(699392K)->11450K(699392K)
[319.104s][info][gc,metaspace   ] GC(1905) Metaspace: 14335K(15296K)->14335K(15296K) NonClass: 12375K(12928K)->12375K(12928K) Class: 1960K(2368K)->1960K(2368K)
[319.104s][info][gc             ] GC(1905) Pause Young (Allocation Failure) 299M->12M(1019M) 2.028ms
[319.104s][info][gc,cpu         ] GC(1905) User=0.00s Sys=0.00s Real=0.00s
[319.303s][info][gc,start       ] GC(1906) Pause Young (Allocation Failure)
[319.305s][info][gc,heap        ] GC(1906) PSYoungGen: 344064K(344576K)->1056K(335360K) Eden: 343040K(343040K)->0K(333824K) From: 1024K(1536K)->1056K(1536K)
[319.305s][info][gc,heap        ] GC(1906) ParOldGen: 11450K(699392K)->11506K(699392K)
[319.305s][info][gc,metaspace   ] GC(1906) Metaspace: 14335K(15296K)->14335K(15296K) NonClass: 12375K(12928K)->12375K(12928K) Class: 1960K(2368K)->1960K(2368K)
[319.305s][info][gc             ] GC(1906) Pause Young (Allocation Failure) 347M->12M(1010M) 2.096ms
[319.305s][info][gc,cpu         ] GC(1906) User=0.00s Sys=0.00s Real=0.00s
[319.499s][info][gc,start       ] GC(1907) Pause Young (Allocation Failure)
[319.501s][info][gc,heap        ] GC(1907) PSYoungGen: 334880K(335360K)->1024K(325632K) Eden: 333824K(333824K)->0K(324608K) From: 1056K(1536K)->1024K(1024K)
[319.501s][info][gc,heap        ] GC(1907) ParOldGen: 11506K(699392K)->11586K(699392K)
[319.501s][info][gc,metaspace   ] GC(1907) Metaspace: 14335K(15296K)->14335K(15296K) NonClass: 12375K(12928K)->12375K(12928K) Class: 1960K(2368K)->1960K(2368K)
[319.501s][info][gc             ] GC(1907) Pause Young (Allocation Failure) 338M->12M(1001M) 2.135ms
[319.501s][info][gc,cpu         ] GC(1907) User=0.52s Sys=0.00s Real=0.00s
[319.689s][info][gc,start       ] GC(1908) Pause Young (Allocation Failure)
[319.691s][info][gc,heap        ] GC(1908) PSYoungGen: 325632K(325632K)->1024K(346624K) Eden: 324608K(324608K)->0K(345600K) From: 1024K(1024K)->1024K(1024K)
[319.691s][info][gc,heap        ] GC(1908) ParOldGen: 11586K(699392K)->11674K(699392K)
[319.691s][info][gc,metaspace   ] GC(1908) Metaspace: 14335K(15296K)->14335K(15296K) NonClass: 12375K(12928K)->12375K(12928K) Class: 1960K(2368K)->1960K(2368K)
[319.691s][info][gc             ] GC(1908) Pause Young (Allocation Failure) 329M->12M(1021M) 2.170ms
[319.691s][info][gc,cpu         ] GC(1908) User=0.00s Sys=0.00s Real=0.00s
[319.891s][info][gc,start       ] GC(1909) Pause Young (Allocation Failure)
[319.893s][info][gc,heap        ] GC(1909) PSYoungGen: 346624K(346624K)->1024K(347136K) Eden: 345600K(345600K)->0K(345600K) From: 1024K(1024K)->1024K(1536K)
[319.893s][info][gc,heap        ] GC(1909) ParOldGen: 11674K(699392K)->11762K(699392K)
[319.893s][info][gc,metaspace   ] GC(1909) Metaspace: 14335K(15296K)->14335K(15296K) NonClass: 12375K(12928K)->12375K(12928K) Class: 1960K(2368K)->1960K(2368K)
[319.893s][info][gc             ] GC(1909) Pause Young (Allocation Failure) 349M->12M(1022M) 2.155ms
[319.893s][info][gc,cpu         ] GC(1909) User=0.00s Sys=0.00s Real=0.00s
[320.095s][info][gc,start       ] GC(1910) Pause Young (Allocation Failure)
[320.109s][info][gc,heap        ] GC(1910) PSYoungGen: 346624K(347136K)->1024K(336896K) Eden: 345600K(345600K)->0K(335872K) From: 1024K(1536K)->1024K(1024K)
[320.109s][info][gc,heap        ] GC(1910) ParOldGen: 11762K(699392K)->11834K(699392K)
[320.109s][info][gc,metaspace   ] GC(1910) Metaspace: 14335K(15296K)->14335K(15296K) NonClass: 12375K(12928K)->12375K(12928K) Class: 1960K(2368K)->1960K(2368K)
[320.109s][info][gc             ] GC(1910) Pause Young (Allocation Failure) 349M->12M(1012M) 13.830ms
[320.109s][info][gc,cpu         ] GC(1910) User=0.00s Sys=0.00s Real=0.00s
[320.305s][info][gc,start       ] GC(1911) Pause Young (Allocation Failure)
[320.307s][info][gc,heap        ] GC(1911) PSYoungGen: 336896K(336896K)->1024K(347136K) Eden: 335872K(335872K)->0K(345600K) From: 1024K(1024K)->1024K(1536K)
[320.307s][info][gc,heap        ] GC(1911) ParOldGen: 11834K(699392K)->11914K(699392K)
[320.307s][info][gc,metaspace   ] GC(1911) Metaspace: 14335K(15296K)->14335K(15296K) NonClass: 12375K(12928K)->12375K(12928K) Class: 1960K(2368K)->1960K(2368K)
[320.307s][info][gc             ] GC(1911) Pause Young (Allocation Failure) 340M->12M(1022M) 2.230ms
[320.307s][info][gc,cpu         ] GC(1911) User=0.00s Sys=0.00s Real=0.00s
[320.507s][info][gc,start       ] GC(1912) Pause Young (Allocation Failure)
[320.510s][info][gc,heap        ] GC(1912) PSYoungGen: 346624K(347136K)->1024K(347648K) Eden: 345600K(345600K)->0K(346112K) From: 1024K(1536K)->1024K(1536K)
[320.510s][info][gc,heap        ] GC(1912) ParOldGen: 11914K(699392K)->11986K(699392K)
[320.510s][info][gc,metaspace   ] GC(1912) Metaspace: 14335K(15296K)->14335K(15296K) NonClass: 12375K(12928K)->12375K(12928K) Class: 1960K(2368K)->1960K(2368K)
[320.510s][info][gc             ] GC(1912) Pause Young (Allocation Failure) 350M->12M(1022M) 2.247ms
[320.510s][info][gc,cpu         ] GC(1912) User=0.00s Sys=0.00s Real=0.00s
[320.710s][info][gc,start       ] GC(1913) Pause Young (Allocation Failure)
[320.712s][info][gc,heap        ] GC(1913) PSYoungGen: 347136K(347648K)->1024K(347648K) Eden: 346112K(346112K)->0K(346112K) From: 1024K(1536K)->1024K(1536K)
[320.712s][info][gc,heap        ] GC(1913) ParOldGen: 11986K(699392K)->12066K(699392K)
[320.712s][info][gc,metaspace   ] GC(1913) Metaspace: 14335K(15296K)->14335K(15296K) NonClass: 12375K(12928K)->12375K(12928K) Class: 1960K(2368K)->1960K(2368K)
[320.712s][info][gc             ] GC(1913) Pause Young (Allocation Failure) 350M->12M(1022M) 2.305ms
[320.712s][info][gc,cpu         ] GC(1913) User=0.00s Sys=0.00s Real=0.00s
[320.913s][info][gc,start       ] GC(1914) Pause Young (Allocation Failure)
[320.916s][info][gc,heap        ] GC(1914) PSYoungGen: 347136K(347648K)->1024K(347648K) Eden: 346112K(346112K)->0K(346112K) From: 1024K(1536K)->1024K(1536K)
[320.916s][info][gc,heap        ] GC(1914) ParOldGen: 12066K(699392K)->12154K(699392K)
[320.916s][info][gc,metaspace   ] GC(1914) Metaspace: 14335K(15296K)->14335K(15296K) NonClass: 12375K(12928K)->12375K(12928K) Class: 1960K(2368K)->1960K(2368K)
[320.916s][info][gc             ] GC(1914) Pause Young (Allocation Failure) 350M->12M(1022M) 2.319ms
[320.916s][info][gc,cpu         ] GC(1914) User=0.00s Sys=0.00s Real=0.00s
[321.245s][info][gc,start       ] GC(1915) Pause Young (Allocation Failure)
[321.248s][info][gc,heap        ] GC(1915) PSYoungGen: 347136K(347648K)->1024K(337408K) Eden: 346112K(346112K)->0K(336384K) From: 1024K(1536K)->1024K(1024K)
[321.248s][info][gc,heap        ] GC(1915) ParOldGen: 12154K(699392K)->12250K(699392K)
[321.248s][info][gc,metaspace   ] GC(1915) Metaspace: 14335K(15296K)->14335K(15296K) NonClass: 12375K(12928K)->12375K(12928K) Class: 1960K(2368K)->1960K(2368K)
[321.249s][info][gc             ] GC(1915) Pause Young (Allocation Failure) 350M->12M(1012M) 3.187ms
[321.249s][info][gc,cpu         ] GC(1915) User=0.00s Sys=0.00s Real=0.00s
[321.453s][info][gc,start       ] GC(1916) Pause Young (Allocation Failure)
[321.478s][info][gc,heap        ] GC(1916) PSYoungGen: 337408K(337408K)->1024K(328192K) Eden: 336384K(336384K)->0K(327168K) From: 1024K(1024K)->1024K(1024K)
[321.478s][info][gc,heap        ] GC(1916) ParOldGen: 12250K(699392K)->12330K(699392K)
[321.478s][info][gc,metaspace   ] GC(1916) Metaspace: 14335K(15296K)->14335K(15296K) NonClass: 12375K(12928K)->12375K(12928K) Class: 1960K(2368K)->1960K(2368K)
[321.478s][info][gc             ] GC(1916) Pause Young (Allocation Failure) 341M->13M(1003M) 24.885ms
[321.478s][info][gc,cpu         ] GC(1916) User=0.00s Sys=0.00s Real=0.03s
[321.672s][info][gc,start       ] GC(1917) Pause Young (Allocation Failure)
[321.674s][info][gc,heap        ] GC(1917) PSYoungGen: 328192K(328192K)->1024K(319488K) Eden: 327168K(327168K)->0K(318464K) From: 1024K(1024K)->1024K(1024K)
[321.674s][info][gc,heap        ] GC(1917) ParOldGen: 12330K(699392K)->12426K(699392K)
[321.674s][info][gc,metaspace   ] GC(1917) Metaspace: 14335K(15296K)->14335K(15296K) NonClass: 12375K(12928K)->12375K(12928K) Class: 1960K(2368K)->1960K(2368K)
[321.674s][info][gc             ] GC(1917) Pause Young (Allocation Failure) 332M->13M(995M) 2.052ms
[321.674s][info][gc,cpu         ] GC(1917) User=0.00s Sys=0.00s Real=0.00s
[321.859s][info][gc,start       ] GC(1918) Pause Young (Allocation Failure)
[321.861s][info][gc,heap        ] GC(1918) PSYoungGen: 319488K(319488K)->992K(310784K) Eden: 318464K(318464K)->0K(309760K) From: 1024K(1024K)->992K(1024K)
[321.861s][info][gc,heap        ] GC(1918) ParOldGen: 12426K(699392K)->12490K(699392K)
[321.861s][info][gc,metaspace   ] GC(1918) Metaspace: 14335K(15296K)->14335K(15296K) NonClass: 12375K(12928K)->12375K(12928K) Class: 1960K(2368K)->1960K(2368K)
[321.861s][info][gc             ] GC(1918) Pause Young (Allocation Failure) 324M->13M(986M) 2.071ms
[321.861s][info][gc,cpu         ] GC(1918) User=0.02s Sys=0.00s Real=0.00s
[322.043s][info][gc,start       ] GC(1919) Pause Young (Allocation Failure)
[322.045s][info][gc,heap        ] GC(1919) PSYoungGen: 310752K(310784K)->1024K(302592K) Eden: 309760K(309760K)->0K(301568K) From: 992K(1024K)->1024K(1024K)
[322.045s][info][gc,heap        ] GC(1919) ParOldGen: 12490K(699392K)->12570K(699392K)
[322.045s][info][gc,metaspace   ] GC(1919) Metaspace: 14335K(15296K)->14335K(15296K) NonClass: 12375K(12928K)->12375K(12928K) Class: 1960K(2368K)->1960K(2368K)
[322.045s][info][gc             ] GC(1919) Pause Young (Allocation Failure) 315M->13M(978M) 1.846ms
[322.045s][info][gc,cpu         ] GC(1919) User=0.00s Sys=0.00s Real=0.00s
[322.221s][info][gc,start       ] GC(1920) Pause Young (Allocation Failure)
[322.223s][info][gc,heap        ] GC(1920) PSYoungGen: 302592K(302592K)->992K(294912K) Eden: 301568K(301568K)->0K(293888K) From: 1024K(1024K)->992K(1024K)
[322.223s][info][gc,heap        ] GC(1920) ParOldGen: 12570K(699392K)->12642K(699392K)
[322.223s][info][gc,metaspace   ] GC(1920) Metaspace: 14335K(15296K)->14335K(15296K) NonClass: 12375K(12928K)->12375K(12928K) Class: 1960K(2368K)->1960K(2368K)
[322.223s][info][gc             ] GC(1920) Pause Young (Allocation Failure) 307M->13M(971M) 1.893ms
[322.223s][info][gc,cpu         ] GC(1920) User=0.00s Sys=0.00s Real=0.00s
[322.396s][info][gc,start       ] GC(1921) Pause Young (Allocation Failure)
[322.398s][info][gc,heap        ] GC(1921) PSYoungGen: 294880K(294912K)->1024K(287232K) Eden: 293888K(293888K)->0K(286208K) From: 992K(1024K)->1024K(1024K)
[322.398s][info][gc,heap        ] GC(1921) ParOldGen: 12642K(699392K)->12714K(699392K)
[322.398s][info][gc,metaspace   ] GC(1921) Metaspace: 14335K(15296K)->14335K(15296K) NonClass: 12375K(12928K)->12375K(12928K) Class: 1960K(2368K)->1960K(2368K)
[322.398s][info][gc             ] GC(1921) Pause Young (Allocation Failure) 300M->13M(963M) 1.949ms
[322.398s][info][gc,cpu         ] GC(1921) User=0.00s Sys=0.00s Real=0.00s
[322.567s][info][gc,start       ] GC(1922) Pause Young (Allocation Failure)
[322.569s][info][gc,heap        ] GC(1922) PSYoungGen: 287232K(287232K)->1024K(280064K) Eden: 286208K(286208K)->0K(279040K) From: 1024K(1024K)->1024K(1024K)
[322.569s][info][gc,heap        ] GC(1922) ParOldGen: 12714K(699392K)->12802K(699392K)
[322.569s][info][gc,metaspace   ] GC(1922) Metaspace: 14335K(15296K)->14335K(15296K) NonClass: 12375K(12928K)->12375K(12928K) Class: 1960K(2368K)->1960K(2368K)
[322.569s][info][gc             ] GC(1922) Pause Young (Allocation Failure) 292M->13M(956M) 2.015ms
[322.569s][info][gc,cpu         ] GC(1922) User=0.00s Sys=0.00s Real=0.00s
[322.732s][info][gc,start       ] GC(1923) Pause Young (Allocation Failure)
[322.734s][info][gc,heap        ] GC(1923) PSYoungGen: 280064K(280064K)->992K(335872K) Eden: 279040K(279040K)->0K(334848K) From: 1024K(1024K)->992K(1024K)
[322.734s][info][gc,heap        ] GC(1923) ParOldGen: 12802K(699392K)->12874K(699392K)
[322.734s][info][gc,metaspace   ] GC(1923) Metaspace: 14335K(15296K)->14335K(15296K) NonClass: 12375K(12928K)->12375K(12928K) Class: 1960K(2368K)->1960K(2368K)
[322.734s][info][gc             ] GC(1923) Pause Young (Allocation Failure) 286M->13M(1011M) 1.988ms
[322.734s][info][gc,cpu         ] GC(1923) User=0.02s Sys=0.00s Real=0.00s
[322.930s][info][gc,start       ] GC(1924) Pause Young (Allocation Failure)
[322.933s][info][gc,heap        ] GC(1924) PSYoungGen: 335840K(335872K)->1024K(326656K) Eden: 334848K(334848K)->0K(325632K) From: 992K(1024K)->1024K(1024K)
[322.933s][info][gc,heap        ] GC(1924) ParOldGen: 12874K(699392K)->12930K(699392K)
[322.933s][info][gc,metaspace   ] GC(1924) Metaspace: 14335K(15296K)->14335K(15296K) NonClass: 12375K(12928K)->12375K(12928K) Class: 1960K(2368K)->1960K(2368K)
[322.933s][info][gc             ] GC(1924) Pause Young (Allocation Failure) 340M->13M(1002M) 2.096ms
[322.933s][info][gc,cpu         ] GC(1924) User=0.00s Sys=0.00s Real=0.00s
[323.124s][info][gc,start       ] GC(1925) Pause Young (Allocation Failure)
[323.126s][info][gc,heap        ] GC(1925) PSYoungGen: 326656K(326656K)->1024K(317952K) Eden: 325632K(325632K)->0K(316928K) From: 1024K(1024K)->1024K(1024K)
[323.126s][info][gc,heap        ] GC(1925) ParOldGen: 12930K(699392K)->13042K(699392K)
[323.126s][info][gc,metaspace   ] GC(1925) Metaspace: 14335K(15296K)->14335K(15296K) NonClass: 12375K(12928K)->12375K(12928K) Class: 1960K(2368K)->1960K(2368K)
[323.126s][info][gc             ] GC(1925) Pause Young (Allocation Failure) 331M->13M(993M) 2.111ms
[323.126s][info][gc,cpu         ] GC(1925) User=0.52s Sys=0.00s Real=0.00s
[323.319s][info][gc,start       ] GC(1926) Pause Young (Allocation Failure)
[323.322s][info][gc,heap        ] GC(1926) PSYoungGen: 317952K(317952K)->1024K(309760K) Eden: 316928K(316928K)->0K(308736K) From: 1024K(1024K)->1024K(1024K)
[323.322s][info][gc,heap        ] GC(1926) ParOldGen: 13042K(699392K)->13146K(699392K)
[323.322s][info][gc,metaspace   ] GC(1926) Metaspace: 14335K(15296K)->14335K(15296K) NonClass: 12375K(12928K)->12375K(12928K) Class: 1960K(2368K)->1960K(2368K)
[323.322s][info][gc             ] GC(1926) Pause Young (Allocation Failure) 323M->13M(985M) 2.163ms
[323.322s][info][gc,cpu         ] GC(1926) User=0.00s Sys=0.00s Real=0.00s
[323.516s][info][gc,start       ] GC(1927) Pause Young (Allocation Failure)
[323.518s][info][gc,heap        ] GC(1927) PSYoungGen: 309760K(309760K)->992K(301568K) Eden: 308736K(308736K)->0K(300544K) From: 1024K(1024K)->992K(1024K)
[323.518s][info][gc,heap        ] GC(1927) ParOldGen: 13146K(699392K)->13234K(699392K)
[323.518s][info][gc,metaspace   ] GC(1927) Metaspace: 14335K(15296K)->14335K(15296K) NonClass: 12375K(12928K)->12375K(12928K) Class: 1960K(2368K)->1960K(2368K)
[323.518s][info][gc             ] GC(1927) Pause Young (Allocation Failure) 315M->13M(977M) 2.144ms
[323.518s][info][gc,cpu         ] GC(1927) User=0.00s Sys=0.00s Real=0.00s
[323.729s][info][gc,start       ] GC(1928) Pause Young (Allocation Failure)
[323.732s][info][gc,heap        ] GC(1928) PSYoungGen: 301536K(301568K)->864K(293888K) Eden: 300544K(300544K)->0K(292864K) From: 992K(1024K)->864K(1024K)
[323.732s][info][gc,heap        ] GC(1928) ParOldGen: 13234K(699392K)->13314K(699392K)
[323.732s][info][gc,metaspace   ] GC(1928) Metaspace: 14335K(15296K)->14335K(15296K) NonClass: 12375K(12928K)->12375K(12928K) Class: 1960K(2368K)->1960K(2368K)
[323.732s][info][gc             ] GC(1928) Pause Young (Allocation Failure) 307M->13M(970M) 2.255ms
[323.732s][info][gc,cpu         ] GC(1928) User=0.00s Sys=0.00s Real=0.00s
[323.928s][info][gc,start       ] GC(1929) Pause Young (Allocation Failure)
[323.930s][info][gc,heap        ] GC(1929) PSYoungGen: 293728K(293888K)->512K(340480K) Eden: 292864K(292864K)->0K(338944K) From: 864K(1024K)->512K(1536K)
[323.930s][info][gc,heap        ] GC(1929) ParOldGen: 13314K(699392K)->13394K(699392K)
[323.930s][info][gc,metaspace   ] GC(1929) Metaspace: 14335K(15296K)->14335K(15296K) NonClass: 12375K(12928K)->12375K(12928K) Class: 1960K(2368K)->1960K(2368K)
[323.930s][info][gc             ] GC(1929) Pause Young (Allocation Failure) 299M->13M(1015M) 2.520ms
[323.930s][info][gc,cpu         ] GC(1929) User=0.00s Sys=0.00s Real=0.00s
[323.950s][info][gc,start       ] GC(1930) Pause Young (System.gc())
[323.952s][info][gc,heap        ] GC(1930) PSYoungGen: 4898K(340480K)->160K(347648K) Eden: 4386K(338944K)->0K(346112K) From: 512K(1536K)->160K(1536K)
[323.952s][info][gc,heap        ] GC(1930) ParOldGen: 13394K(699392K)->13490K(699392K)
[323.952s][info][gc,metaspace   ] GC(1930) Metaspace: 14335K(15296K)->14335K(15296K) NonClass: 12375K(12928K)->12375K(12928K) Class: 1960K(2368K)->1960K(2368K)
[323.952s][info][gc             ] GC(1930) Pause Young (System.gc()) 17M->13M(1022M) 2.088ms
[323.952s][info][gc,cpu         ] GC(1930) User=0.00s Sys=0.00s Real=0.00s
[323.952s][info][gc,start       ] GC(1931) Pause Full (System.gc())
[323.952s][info][gc,phases,start] GC(1931) Marking Phase
[323.964s][info][gc,phases      ] GC(1931) Marking Phase 11.529ms
[323.964s][info][gc,phases,start] GC(1931) Summary Phase
[323.964s][info][gc,phases      ] GC(1931) Summary Phase 0.019ms
[323.964s][info][gc,phases,start] GC(1931) Adjust Roots
[323.970s][info][gc,phases      ] GC(1931) Adjust Roots 6.165ms
[323.970s][info][gc,phases,start] GC(1931) Compaction Phase
[323.972s][info][gc,phases      ] GC(1931) Compaction Phase 1.861ms
[323.972s][info][gc,phases,start] GC(1931) Post Compact
[323.972s][info][gc,phases      ] GC(1931) Post Compact 0.360ms
[323.972s][info][gc,heap        ] GC(1931) PSYoungGen: 160K(347648K)->0K(347648K) Eden: 0K(346112K)->0K(346112K) From: 160K(1536K)->0K(1536K)
[323.972s][info][gc,heap        ] GC(1931) ParOldGen: 13490K(699392K)->5374K(699392K)
[323.972s][info][gc,metaspace   ] GC(1931) Metaspace: 14335K(15296K)->14335K(15296K) NonClass: 12375K(12928K)->12375K(12928K) Class: 1960K(2368K)->1960K(2368K)
[323.972s][info][gc             ] GC(1931) Pause Full (System.gc()) 13M->5M(1022M) 20.279ms
[323.972s][info][gc,cpu         ] GC(1931) User=0.02s Sys=0.00s Real=0.02s
[324.189s][info][gc,start       ] GC(1932) Pause Young (Allocation Failure)
[324.191s][info][gc,heap        ] GC(1932) PSYoungGen: 346112K(347648K)->1536K(347648K) Eden: 346112K(346112K)->0K(346112K) From: 0K(1536K)->1536K(1536K)
[324.192s][info][gc,heap        ] GC(1932) ParOldGen: 5374K(699392K)->5764K(699392K)
[324.192s][info][gc,metaspace   ] GC(1932) Metaspace: 14335K(15296K)->14335K(15296K) NonClass: 12375K(12928K)->12375K(12928K) Class: 1960K(2368K)->1960K(2368K)
[324.192s][info][gc             ] GC(1932) Pause Young (Allocation Failure) 343M->7M(1022M) 2.838ms
[324.192s][info][gc,cpu         ] GC(1932) User=0.00s Sys=0.00s Real=0.00s
[324.403s][info][gc,start       ] GC(1933) Pause Young (Allocation Failure)
[324.406s][info][gc,heap        ] GC(1933) PSYoungGen: 347648K(347648K)->1056K(346624K) Eden: 346112K(346112K)->0K(345088K) From: 1536K(1536K)->1056K(1536K)
[324.406s][info][gc,heap        ] GC(1933) ParOldGen: 5764K(699392K)->7054K(699392K)
[324.406s][info][gc,metaspace   ] GC(1933) Metaspace: 14335K(15296K)->14335K(15296K) NonClass: 12375K(12928K)->12375K(12928K) Class: 1960K(2368K)->1960K(2368K)
[324.406s][info][gc             ] GC(1933) Pause Young (Allocation Failure) 345M->7M(1021M) 2.411ms
[324.406s][info][gc,cpu         ] GC(1933) User=0.00s Sys=0.00s Real=0.00s
[324.607s][info][gc,start       ] GC(1934) Pause Young (Allocation Failure)
[324.610s][info][gc,heap        ] GC(1934) PSYoungGen: 346144K(346624K)->1024K(347136K) Eden: 345088K(345088K)->0K(345088K) From: 1056K(1536K)->1024K(2048K)
[324.610s][info][gc,heap        ] GC(1934) ParOldGen: 7054K(699392K)->7134K(699392K)
[324.610s][info][gc,metaspace   ] GC(1934) Metaspace: 14335K(15296K)->14335K(15296K) NonClass: 12375K(12928K)->12375K(12928K) Class: 1960K(2368K)->1960K(2368K)
[324.610s][info][gc             ] GC(1934) Pause Young (Allocation Failure) 344M->7M(1022M) 2.289ms
[324.610s][info][gc,cpu         ] GC(1934) User=0.52s Sys=0.00s Real=0.00s
[324.812s][info][gc,start       ] GC(1935) Pause Young (Allocation Failure)
[324.814s][info][gc,heap        ] GC(1935) PSYoungGen: 346112K(347136K)->1024K(347136K) Eden: 345088K(345088K)->0K(345600K) From: 1024K(2048K)->1024K(1536K)
[324.814s][info][gc,heap        ] GC(1935) ParOldGen: 7134K(699392K)->7238K(699392K)
[324.814s][info][gc,metaspace   ] GC(1935) Metaspace: 14335K(15296K)->14335K(15296K) NonClass: 12375K(12928K)->12375K(12928K) Class: 1960K(2368K)->1960K(2368K)
[324.814s][info][gc             ] GC(1935) Pause Young (Allocation Failure) 344M->8M(1022M) 2.323ms
[324.814s][info][gc,cpu         ] GC(1935) User=0.00s Sys=0.02s Real=0.00s
[325.018s][info][gc,start       ] GC(1936) Pause Young (Allocation Failure)
[325.020s][info][gc,heap        ] GC(1936) PSYoungGen: 346624K(347136K)->1024K(347136K) Eden: 345600K(345600K)->0K(345600K) From: 1024K(1536K)->1024K(1536K)
[325.020s][info][gc,heap        ] GC(1936) ParOldGen: 7238K(699392K)->7334K(699392K)
[325.020s][info][gc,metaspace   ] GC(1936) Metaspace: 14335K(15296K)->14335K(15296K) NonClass: 12375K(12928K)->12375K(12928K) Class: 1960K(2368K)->1960K(2368K)
[325.020s][info][gc             ] GC(1936) Pause Young (Allocation Failure) 345M->8M(1022M) 2.342ms
[325.020s][info][gc,cpu         ] GC(1936) User=0.00s Sys=0.00s Real=0.00s
[325.225s][info][gc,start       ] GC(1937) Pause Young (Allocation Failure)
[325.228s][info][gc,heap        ] GC(1937) PSYoungGen: 346624K(347136K)->1024K(347648K) Eden: 345600K(345600K)->0K(346112K) From: 1024K(1536K)->1024K(1536K)
[325.228s][info][gc,heap        ] GC(1937) ParOldGen: 7334K(699392K)->7422K(699392K)
[325.228s][info][gc,metaspace   ] GC(1937) Metaspace: 14335K(15296K)->14335K(15296K) NonClass: 12375K(12928K)->12375K(12928K) Class: 1960K(2368K)->1960K(2368K)
[325.228s][info][gc             ] GC(1937) Pause Young (Allocation Failure) 345M->8M(1022M) 2.370ms
[325.228s][info][gc,cpu         ] GC(1937) User=0.00s Sys=0.00s Real=0.00s
[325.434s][info][gc,start       ] GC(1938) Pause Young (Allocation Failure)
[325.436s][info][gc,heap        ] GC(1938) PSYoungGen: 347136K(347648K)->1024K(347648K) Eden: 346112K(346112K)->0K(346112K) From: 1024K(1536K)->1024K(1536K)
[325.436s][info][gc,heap        ] GC(1938) ParOldGen: 7422K(699392K)->7518K(699392K)
[325.436s][info][gc,metaspace   ] GC(1938) Metaspace: 14335K(15296K)->14335K(15296K) NonClass: 12375K(12928K)->12375K(12928K) Class: 1960K(2368K)->1960K(2368K)
[325.436s][info][gc             ] GC(1938) Pause Young (Allocation Failure) 346M->8M(1022M) 2.457ms
[325.436s][info][gc,cpu         ] GC(1938) User=0.00s Sys=0.00s Real=0.00s
[325.640s][info][gc,start       ] GC(1939) Pause Young (Allocation Failure)
[325.643s][info][gc,heap        ] GC(1939) PSYoungGen: 347136K(347648K)->1024K(347648K) Eden: 346112K(346112K)->0K(346112K) From: 1024K(1536K)->1024K(1536K)
[325.643s][info][gc,heap        ] GC(1939) ParOldGen: 7518K(699392K)->7590K(699392K)
[325.643s][info][gc,metaspace   ] GC(1939) Metaspace: 14335K(15296K)->14335K(15296K) NonClass: 12375K(12928K)->12375K(12928K) Class: 1960K(2368K)->1960K(2368K)
[325.643s][info][gc             ] GC(1939) Pause Young (Allocation Failure) 346M->8M(1022M) 2.440ms
[325.643s][info][gc,cpu         ] GC(1939) User=0.00s Sys=0.00s Real=0.00s
[325.848s][info][gc,start       ] GC(1940) Pause Young (Allocation Failure)
[325.851s][info][gc,heap        ] GC(1940) PSYoungGen: 347136K(347648K)->1024K(347648K) Eden: 346112K(346112K)->0K(346112K) From: 1024K(1536K)->1024K(1536K)
[325.851s][info][gc,heap        ] GC(1940) ParOldGen: 7590K(699392K)->7686K(699392K)
[325.851s][info][gc,metaspace   ] GC(1940) Metaspace: 14335K(15296K)->14335K(15296K) NonClass: 12375K(12928K)->12375K(12928K) Class: 1960K(2368K)->1960K(2368K)
[325.851s][info][gc             ] GC(1940) Pause Young (Allocation Failure) 346M->8M(1022M) 2.459ms
[325.851s][info][gc,cpu         ] GC(1940) User=0.00s Sys=0.00s Real=0.00s
[326.083s][info][gc,start       ] GC(1941) Pause Young (Allocation Failure)
[326.086s][info][gc,heap        ] GC(1941) PSYoungGen: 347136K(347648K)->1024K(347648K) Eden: 346112K(346112K)->0K(346112K) From: 1024K(1536K)->1024K(1536K)
[326.086s][info][gc,heap        ] GC(1941) ParOldGen: 7686K(699392K)->7774K(699392K)
[326.086s][info][gc,metaspace   ] GC(1941) Metaspace: 14335K(15296K)->14335K(15296K) NonClass: 12375K(12928K)->12375K(12928K) Class: 1960K(2368K)->1960K(2368K)
[326.086s][info][gc             ] GC(1941) Pause Young (Allocation Failure) 346M->8M(1022M) 2.762ms
[326.086s][info][gc,cpu         ] GC(1941) User=0.00s Sys=0.00s Real=0.00s
[326.292s][info][gc,start       ] GC(1942) Pause Young (Allocation Failure)
[326.295s][info][gc,heap        ] GC(1942) PSYoungGen: 347136K(347648K)->1024K(347648K) Eden: 346112K(346112K)->0K(346112K) From: 1024K(1536K)->1024K(1536K)
[326.295s][info][gc,heap        ] GC(1942) ParOldGen: 7774K(699392K)->7846K(699392K)
[326.295s][info][gc,metaspace   ] GC(1942) Metaspace: 14335K(15296K)->14335K(15296K) NonClass: 12375K(12928K)->12375K(12928K) Class: 1960K(2368K)->1960K(2368K)
[326.295s][info][gc             ] GC(1942) Pause Young (Allocation Failure) 346M->8M(1022M) 2.458ms
[326.295s][info][gc,cpu         ] GC(1942) User=0.00s Sys=0.00s Real=0.00s
[326.499s][info][gc,start       ] GC(1943) Pause Young (Allocation Failure)
[326.501s][info][gc,heap        ] GC(1943) PSYoungGen: 347136K(347648K)->1024K(347648K) Eden: 346112K(346112K)->0K(346112K) From: 1024K(1536K)->1024K(1536K)
[326.501s][info][gc,heap        ] GC(1943) ParOldGen: 7846K(699392K)->7926K(699392K)
[326.501s][info][gc,metaspace   ] GC(1943) Metaspace: 14335K(15296K)->14335K(15296K) NonClass: 12375K(12928K)->12375K(12928K) Class: 1960K(2368K)->1960K(2368K)
[326.501s][info][gc             ] GC(1943) Pause Young (Allocation Failure) 346M->8M(1022M) 2.231ms
[326.501s][info][gc,cpu         ] GC(1943) User=0.52s Sys=0.00s Real=0.00s
[326.705s][info][gc,start       ] GC(1944) Pause Young (Allocation Failure)
[326.707s][info][gc,heap        ] GC(1944) PSYoungGen: 347136K(347648K)->992K(347648K) Eden: 346112K(346112K)->0K(346112K) From: 1024K(1536K)->992K(1536K)
[326.707s][info][gc,heap        ] GC(1944) ParOldGen: 7926K(699392K)->8038K(699392K)
[326.707s][info][gc,metaspace   ] GC(1944) Metaspace: 14335K(15296K)->14335K(15296K) NonClass: 12375K(12928K)->12375K(12928K) Class: 1960K(2368K)->1960K(2368K)
[326.707s][info][gc             ] GC(1944) Pause Young (Allocation Failure) 346M->8M(1022M) 2.019ms
[326.707s][info][gc,cpu         ] GC(1944) User=0.00s Sys=0.00s Real=0.00s
[326.910s][info][gc,start       ] GC(1945) Pause Young (Allocation Failure)
[326.912s][info][gc,heap        ] GC(1945) PSYoungGen: 347104K(347648K)->992K(347648K) Eden: 346112K(346112K)->0K(346112K) From: 992K(1536K)->992K(1536K)
[326.912s][info][gc,heap        ] GC(1945) ParOldGen: 8038K(699392K)->8142K(699392K)
[326.912s][info][gc,metaspace   ] GC(1945) Metaspace: 14335K(15296K)->14335K(15296K) NonClass: 12375K(12928K)->12375K(12928K) Class: 1960K(2368K)->1960K(2368K)
[326.912s][info][gc             ] GC(1945) Pause Young (Allocation Failure) 346M->8M(1022M) 2.009ms
[326.912s][info][gc,cpu         ] GC(1945) User=0.00s Sys=0.00s Real=0.00s
[327.116s][info][gc,start       ] GC(1946) Pause Young (Allocation Failure)
[327.118s][info][gc,heap        ] GC(1946) PSYoungGen: 347104K(347648K)->1024K(337408K) Eden: 346112K(346112K)->0K(336384K) From: 992K(1536K)->1024K(1024K)
[327.119s][info][gc,heap        ] GC(1946) ParOldGen: 8142K(699392K)->8230K(699392K)
[327.119s][info][gc,metaspace   ] GC(1946) Metaspace: 14335K(15296K)->14335K(15296K) NonClass: 12375K(12928K)->12375K(12928K) Class: 1960K(2368K)->1960K(2368K)
[327.119s][info][gc             ] GC(1946) Pause Young (Allocation Failure) 346M->9M(1012M) 2.099ms
[327.119s][info][gc,cpu         ] GC(1946) User=0.00s Sys=0.00s Real=0.00s
[327.318s][info][gc,start       ] GC(1947) Pause Young (Allocation Failure)
[327.320s][info][gc,heap        ] GC(1947) PSYoungGen: 337408K(337408K)->992K(328192K) Eden: 336384K(336384K)->0K(327168K) From: 1024K(1024K)->992K(1024K)
[327.320s][info][gc,heap        ] GC(1947) ParOldGen: 8230K(699392K)->8326K(699392K)
[327.320s][info][gc,metaspace   ] GC(1947) Metaspace: 14335K(15296K)->14335K(15296K) NonClass: 12375K(12928K)->12375K(12928K) Class: 1960K(2368K)->1960K(2368K)
[327.320s][info][gc             ] GC(1947) Pause Young (Allocation Failure) 337M->9M(1003M) 2.051ms
[327.320s][info][gc,cpu         ] GC(1947) User=0.00s Sys=0.00s Real=0.00s
[327.514s][info][gc,start       ] GC(1948) Pause Young (Allocation Failure)
[327.516s][info][gc,heap        ] GC(1948) PSYoungGen: 328160K(328192K)->1056K(320000K) Eden: 327168K(327168K)->0K(318464K) From: 992K(1024K)->1056K(1536K)
[327.516s][info][gc,heap        ] GC(1948) ParOldGen: 8326K(699392K)->8446K(699392K)
[327.516s][info][gc,metaspace   ] GC(1948) Metaspace: 14335K(15296K)->14335K(15296K) NonClass: 12375K(12928K)->12375K(12928K) Class: 1960K(2368K)->1960K(2368K)
[327.516s][info][gc             ] GC(1948) Pause Young (Allocation Failure) 328M->9M(995M) 2.128ms
[327.516s][info][gc,cpu         ] GC(1948) User=0.52s Sys=0.00s Real=0.00s
[327.703s][info][gc,start       ] GC(1949) Pause Young (Allocation Failure)
[327.706s][info][gc,heap        ] GC(1949) PSYoungGen: 319520K(320000K)->992K(310784K) Eden: 318464K(318464K)->0K(309760K) From: 1056K(1536K)->992K(1024K)
[327.706s][info][gc,heap        ] GC(1949) ParOldGen: 8446K(699392K)->8558K(699392K)
[327.706s][info][gc,metaspace   ] GC(1949) Metaspace: 14335K(15296K)->14335K(15296K) NonClass: 12375K(12928K)->12375K(12928K) Class: 1960K(2368K)->1960K(2368K)
[327.706s][info][gc             ] GC(1949) Pause Young (Allocation Failure) 320M->9M(986M) 2.121ms
[327.706s][info][gc,cpu         ] GC(1949) User=0.00s Sys=0.00s Real=0.00s
[327.888s][info][gc,start       ] GC(1950) Pause Young (Allocation Failure)
[327.890s][info][gc,heap        ] GC(1950) PSYoungGen: 310752K(310784K)->992K(346112K) Eden: 309760K(309760K)->0K(344576K) From: 992K(1024K)->992K(1536K)
[327.890s][info][gc,heap        ] GC(1950) ParOldGen: 8558K(699392K)->8646K(699392K)
[327.890s][info][gc,metaspace   ] GC(1950) Metaspace: 14335K(15296K)->14335K(15296K) NonClass: 12375K(12928K)->12375K(12928K) Class: 1960K(2368K)->1960K(2368K)
[327.890s][info][gc             ] GC(1950) Pause Young (Allocation Failure) 311M->9M(1021M) 2.175ms
[327.890s][info][gc,cpu         ] GC(1950) User=0.02s Sys=0.11s Real=0.00s
[328.092s][info][gc,start       ] GC(1951) Pause Young (Allocation Failure)
[328.094s][info][gc,heap        ] GC(1951) PSYoungGen: 345568K(346112K)->1024K(347648K) Eden: 344576K(344576K)->0K(346112K) From: 992K(1536K)->1024K(1536K)
[328.094s][info][gc,heap        ] GC(1951) ParOldGen: 8646K(699392K)->8718K(699392K)
[328.094s][info][gc,metaspace   ] GC(1951) Metaspace: 14335K(15296K)->14335K(15296K) NonClass: 12375K(12928K)->12375K(12928K) Class: 1960K(2368K)->1960K(2368K)
[328.094s][info][gc             ] GC(1951) Pause Young (Allocation Failure) 345M->9M(1022M) 2.221ms
[328.094s][info][gc,cpu         ] GC(1951) User=0.52s Sys=0.00s Real=0.00s
[328.298s][info][gc,start       ] GC(1952) Pause Young (Allocation Failure)
[328.300s][info][gc,heap        ] GC(1952) PSYoungGen: 347136K(347648K)->1024K(347648K) Eden: 346112K(346112K)->0K(346112K) From: 1024K(1536K)->1024K(1536K)
[328.300s][info][gc,heap        ] GC(1952) ParOldGen: 8718K(699392K)->8806K(699392K)
[328.300s][info][gc,metaspace   ] GC(1952) Metaspace: 14335K(15296K)->14335K(15296K) NonClass: 12375K(12928K)->12375K(12928K) Class: 1960K(2368K)->1960K(2368K)
[328.300s][info][gc             ] GC(1952) Pause Young (Allocation Failure) 347M->9M(1022M) 2.264ms
[328.300s][info][gc,cpu         ] GC(1952) User=0.00s Sys=0.00s Real=0.00s
[328.502s][info][gc,start       ] GC(1953) Pause Young (Allocation Failure)
[328.524s][info][gc,heap        ] GC(1953) PSYoungGen: 347136K(347648K)->1024K(347648K) Eden: 346112K(346112K)->0K(346112K) From: 1024K(1536K)->1024K(1536K)
[328.524s][info][gc,heap        ] GC(1953) ParOldGen: 8806K(699392K)->8886K(699392K)
[328.524s][info][gc,metaspace   ] GC(1953) Metaspace: 14335K(15296K)->14335K(15296K) NonClass: 12375K(12928K)->12375K(12928K) Class: 1960K(2368K)->1960K(2368K)
[328.524s][info][gc             ] GC(1953) Pause Young (Allocation Failure) 347M->9M(1022M) 21.912ms
[328.524s][info][gc,cpu         ] GC(1953) User=0.00s Sys=0.00s Real=0.02s
[328.729s][info][gc,start       ] GC(1954) Pause Young (Allocation Failure)
[328.731s][info][gc,heap        ] GC(1954) PSYoungGen: 347136K(347648K)->1024K(347648K) Eden: 346112K(346112K)->0K(346112K) From: 1024K(1536K)->1024K(1536K)
[328.731s][info][gc,heap        ] GC(1954) ParOldGen: 8886K(699392K)->8990K(699392K)
[328.731s][info][gc,metaspace   ] GC(1954) Metaspace: 14335K(15296K)->14335K(15296K) NonClass: 12375K(12928K)->12375K(12928K) Class: 1960K(2368K)->1960K(2368K)
[328.731s][info][gc             ] GC(1954) Pause Young (Allocation Failure) 347M->9M(1022M) 2.333ms
[328.731s][info][gc,cpu         ] GC(1954) User=0.00s Sys=0.00s Real=0.00s
[328.933s][info][gc,start       ] GC(1955) Pause Young (Allocation Failure)
[328.935s][info][gc,heap        ] GC(1955) PSYoungGen: 347136K(347648K)->1024K(347648K) Eden: 346112K(346112K)->0K(346112K) From: 1024K(1536K)->1024K(1536K)
[328.935s][info][gc,heap        ] GC(1955) ParOldGen: 8990K(699392K)->9102K(699392K)
[328.935s][info][gc,metaspace   ] GC(1955) Metaspace: 14335K(15296K)->14335K(15296K) NonClass: 12375K(12928K)->12375K(12928K) Class: 1960K(2368K)->1960K(2368K)
[328.935s][info][gc             ] GC(1955) Pause Young (Allocation Failure) 347M->9M(1022M) 2.350ms
[328.935s][info][gc,cpu         ] GC(1955) User=0.00s Sys=0.00s Real=0.00s
[329.137s][info][gc,start       ] GC(1956) Pause Young (Allocation Failure)
[329.139s][info][gc,heap        ] GC(1956) PSYoungGen: 347136K(347648K)->960K(347648K) Eden: 346112K(346112K)->0K(346112K) From: 1024K(1536K)->960K(1536K)
[329.139s][info][gc,heap        ] GC(1956) ParOldGen: 9102K(699392K)->9182K(699392K)
[329.139s][info][gc,metaspace   ] GC(1956) Metaspace: 14335K(15296K)->14335K(15296K) NonClass: 12375K(12928K)->12375K(12928K) Class: 1960K(2368K)->1960K(2368K)
[329.139s][info][gc             ] GC(1956) Pause Young (Allocation Failure) 347M->9M(1022M) 2.351ms
[329.139s][info][gc,cpu         ] GC(1956) User=0.00s Sys=0.00s Real=0.00s
[329.340s][info][gc,start       ] GC(1957) Pause Young (Allocation Failure)
[329.343s][info][gc,heap        ] GC(1957) PSYoungGen: 347072K(347648K)->992K(347648K) Eden: 346112K(346112K)->0K(346112K) From: 960K(1536K)->992K(1536K)
[329.343s][info][gc,heap        ] GC(1957) ParOldGen: 9182K(699392K)->9262K(699392K)
[329.343s][info][gc,metaspace   ] GC(1957) Metaspace: 14335K(15296K)->14335K(15296K) NonClass: 12375K(12928K)->12375K(12928K) Class: 1960K(2368K)->1960K(2368K)
[329.343s][info][gc             ] GC(1957) Pause Young (Allocation Failure) 347M->10M(1022M) 2.405ms
[329.343s][info][gc,cpu         ] GC(1957) User=0.00s Sys=0.00s Real=0.00s
[329.546s][info][gc,start       ] GC(1958) Pause Young (Allocation Failure)
[329.548s][info][gc,heap        ] GC(1958) PSYoungGen: 347104K(347648K)->1024K(347648K) Eden: 346112K(346112K)->0K(346112K) From: 992K(1536K)->1024K(1536K)
[329.548s][info][gc,heap        ] GC(1958) ParOldGen: 9262K(699392K)->9334K(699392K)
[329.548s][info][gc,metaspace   ] GC(1958) Metaspace: 14335K(15296K)->14335K(15296K) NonClass: 12375K(12928K)->12375K(12928K) Class: 1960K(2368K)->1960K(2368K)
[329.548s][info][gc             ] GC(1958) Pause Young (Allocation Failure) 348M->10M(1022M) 2.440ms
[329.548s][info][gc,cpu         ] GC(1958) User=0.52s Sys=0.00s Real=0.00s
[329.749s][info][gc,start       ] GC(1959) Pause Young (Allocation Failure)
[329.752s][info][gc,heap        ] GC(1959) PSYoungGen: 347136K(347648K)->1024K(347648K) Eden: 346112K(346112K)->0K(346112K) From: 1024K(1536K)->1024K(1536K)
[329.752s][info][gc,heap        ] GC(1959) ParOldGen: 9334K(699392K)->9430K(699392K)
[329.752s][info][gc,metaspace   ] GC(1959) Metaspace: 14335K(15296K)->14335K(15296K) NonClass: 12375K(12928K)->12375K(12928K) Class: 1960K(2368K)->1960K(2368K)
[329.752s][info][gc             ] GC(1959) Pause Young (Allocation Failure) 348M->10M(1022M) 2.424ms
[329.752s][info][gc,cpu         ] GC(1959) User=0.52s Sys=0.00s Real=0.00s
[330.087s][info][gc,start       ] GC(1960) Pause Young (Allocation Failure)
[330.090s][info][gc,heap        ] GC(1960) PSYoungGen: 347136K(347648K)->1024K(347648K) Eden: 346112K(346112K)->0K(346112K) From: 1024K(1536K)->1024K(1536K)
[330.091s][info][gc,heap        ] GC(1960) ParOldGen: 9430K(699392K)->9510K(699392K)
[330.091s][info][gc,metaspace   ] GC(1960) Metaspace: 14335K(15296K)->14335K(15296K) NonClass: 12375K(12928K)->12375K(12928K) Class: 1960K(2368K)->1960K(2368K)
[330.091s][info][gc             ] GC(1960) Pause Young (Allocation Failure) 348M->10M(1022M) 3.322ms
[330.091s][info][gc,cpu         ] GC(1960) User=0.00s Sys=0.00s Real=0.00s
[330.299s][info][gc,start       ] GC(1961) Pause Young (Allocation Failure)
[330.301s][info][gc,heap        ] GC(1961) PSYoungGen: 347136K(347648K)->1024K(347648K) Eden: 346112K(346112K)->0K(346112K) From: 1024K(1536K)->1024K(1536K)
[330.301s][info][gc,heap        ] GC(1961) ParOldGen: 9510K(699392K)->9566K(699392K)
[330.301s][info][gc,metaspace   ] GC(1961) Metaspace: 14335K(15296K)->14335K(15296K) NonClass: 12375K(12928K)->12375K(12928K) Class: 1960K(2368K)->1960K(2368K)
[330.301s][info][gc             ] GC(1961) Pause Young (Allocation Failure) 348M->10M(1022M) 2.297ms
[330.301s][info][gc,cpu         ] GC(1961) User=0.00s Sys=0.00s Real=0.00s
[330.502s][info][gc,start       ] GC(1962) Pause Young (Allocation Failure)
[330.504s][info][gc,heap        ] GC(1962) PSYoungGen: 347136K(347648K)->1024K(347648K) Eden: 346112K(346112K)->0K(346112K) From: 1024K(1536K)->1024K(1536K)
[330.504s][info][gc,heap        ] GC(1962) ParOldGen: 9566K(699392K)->9654K(699392K)
[330.504s][info][gc,metaspace   ] GC(1962) Metaspace: 14335K(15296K)->14335K(15296K) NonClass: 12375K(12928K)->12375K(12928K) Class: 1960K(2368K)->1960K(2368K)
[330.504s][info][gc             ] GC(1962) Pause Young (Allocation Failure) 348M->10M(1022M) 2.114ms
[330.504s][info][gc,cpu         ] GC(1962) User=0.00s Sys=0.00s Real=0.00s
[330.706s][info][gc,start       ] GC(1963) Pause Young (Allocation Failure)
[330.708s][info][gc,heap        ] GC(1963) PSYoungGen: 347136K(347648K)->1024K(347648K) Eden: 346112K(346112K)->0K(346112K) From: 1024K(1536K)->1024K(1536K)
[330.708s][info][gc,heap        ] GC(1963) ParOldGen: 9654K(699392K)->9726K(699392K)
[330.708s][info][gc,metaspace   ] GC(1963) Metaspace: 14335K(15296K)->14335K(15296K) NonClass: 12375K(12928K)->12375K(12928K) Class: 1960K(2368K)->1960K(2368K)
[330.708s][info][gc             ] GC(1963) Pause Young (Allocation Failure) 348M->10M(1022M) 2.213ms
[330.708s][info][gc,cpu         ] GC(1963) User=0.00s Sys=0.00s Real=0.00s
[330.910s][info][gc,start       ] GC(1964) Pause Young (Allocation Failure)
[330.912s][info][gc,heap        ] GC(1964) PSYoungGen: 347136K(347648K)->960K(337408K) Eden: 346112K(346112K)->0K(336384K) From: 1024K(1536K)->960K(1024K)
[330.912s][info][gc,heap        ] GC(1964) ParOldGen: 9726K(699392K)->9822K(699392K)
[330.912s][info][gc,metaspace   ] GC(1964) Metaspace: 14335K(15296K)->14335K(15296K) NonClass: 12375K(12928K)->12375K(12928K) Class: 1960K(2368K)->1960K(2368K)
[330.912s][info][gc             ] GC(1964) Pause Young (Allocation Failure) 348M->10M(1012M) 2.054ms
[330.912s][info][gc,cpu         ] GC(1964) User=0.00s Sys=0.00s Real=0.00s
[331.108s][info][gc,start       ] GC(1965) Pause Young (Allocation Failure)
[331.110s][info][gc,heap        ] GC(1965) PSYoungGen: 337344K(337408K)->1024K(328192K) Eden: 336384K(336384K)->0K(327168K) From: 960K(1024K)->1024K(1024K)
[331.110s][info][gc,heap        ] GC(1965) ParOldGen: 9822K(699392K)->9910K(699392K)
[331.110s][info][gc,metaspace   ] GC(1965) Metaspace: 14335K(15296K)->14335K(15296K) NonClass: 12375K(12928K)->12375K(12928K) Class: 1960K(2368K)->1960K(2368K)
[331.110s][info][gc             ] GC(1965) Pause Young (Allocation Failure) 339M->10M(1003M) 2.043ms
[331.110s][info][gc,cpu         ] GC(1965) User=0.52s Sys=0.00s Real=0.00s
[331.299s][info][gc,start       ] GC(1966) Pause Young (Allocation Failure)
[331.301s][info][gc,heap        ] GC(1966) PSYoungGen: 328192K(328192K)->1024K(319488K) Eden: 327168K(327168K)->0K(318464K) From: 1024K(1024K)->1024K(1024K)
[331.301s][info][gc,heap        ] GC(1966) ParOldGen: 9910K(699392K)->9998K(699392K)
[331.301s][info][gc,metaspace   ] GC(1966) Metaspace: 14335K(15296K)->14335K(15296K) NonClass: 12375K(12928K)->12375K(12928K) Class: 1960K(2368K)->1960K(2368K)
[331.302s][info][gc             ] GC(1966) Pause Young (Allocation Failure) 330M->10M(995M) 2.084ms
[331.302s][info][gc,cpu         ] GC(1966) User=0.00s Sys=0.00s Real=0.00s
[331.486s][info][gc,start       ] GC(1967) Pause Young (Allocation Failure)
[331.488s][info][gc,heap        ] GC(1967) PSYoungGen: 319488K(319488K)->1024K(346112K) Eden: 318464K(318464K)->0K(344576K) From: 1024K(1024K)->1024K(1536K)
[331.489s][info][gc,heap        ] GC(1967) ParOldGen: 9998K(699392K)->10094K(699392K)
[331.489s][info][gc,metaspace   ] GC(1967) Metaspace: 14335K(15296K)->14335K(15296K) NonClass: 12375K(12928K)->12375K(12928K) Class: 1960K(2368K)->1960K(2368K)
[331.489s][info][gc             ] GC(1967) Pause Young (Allocation Failure) 321M->10M(1021M) 2.084ms
[331.489s][info][gc,cpu         ] GC(1967) User=0.00s Sys=0.00s Real=0.00s
[331.690s][info][gc,start       ] GC(1968) Pause Young (Allocation Failure)
[331.692s][info][gc,heap        ] GC(1968) PSYoungGen: 345600K(346112K)->992K(335872K) Eden: 344576K(344576K)->0K(334848K) From: 1024K(1536K)->992K(1024K)
[331.692s][info][gc,heap        ] GC(1968) ParOldGen: 10094K(699392K)->10166K(699392K)
[331.692s][info][gc,metaspace   ] GC(1968) Metaspace: 14335K(15296K)->14335K(15296K) NonClass: 12375K(12928K)->12375K(12928K) Class: 1960K(2368K)->1960K(2368K)
[331.692s][info][gc             ] GC(1968) Pause Young (Allocation Failure) 347M->10M(1011M) 2.303ms
[331.692s][info][gc,cpu         ] GC(1968) User=0.00s Sys=0.00s Real=0.00s
[331.887s][info][gc,start       ] GC(1969) Pause Young (Allocation Failure)
[331.889s][info][gc,heap        ] GC(1969) PSYoungGen: 335840K(335872K)->1024K(345088K) Eden: 334848K(334848K)->0K(344064K) From: 992K(1024K)->1024K(1024K)
[331.889s][info][gc,heap        ] GC(1969) ParOldGen: 10166K(699392K)->10286K(699392K)
[331.889s][info][gc,metaspace   ] GC(1969) Metaspace: 14335K(15296K)->14335K(15296K) NonClass: 12375K(12928K)->12375K(12928K) Class: 1960K(2368K)->1960K(2368K)
[331.889s][info][gc             ] GC(1969) Pause Young (Allocation Failure) 337M->11M(1020M) 2.180ms
[331.889s][info][gc,cpu         ] GC(1969) User=0.00s Sys=0.00s Real=0.00s
[332.089s][info][gc,start       ] GC(1970) Pause Young (Allocation Failure)
[332.091s][info][gc,heap        ] GC(1970) PSYoungGen: 345088K(345088K)->1024K(345600K) Eden: 344064K(344064K)->0K(344064K) From: 1024K(1024K)->1024K(1536K)
[332.091s][info][gc,heap        ] GC(1970) ParOldGen: 10286K(699392K)->10366K(699392K)
[332.091s][info][gc,metaspace   ] GC(1970) Metaspace: 14335K(15296K)->14335K(15296K) NonClass: 12375K(12928K)->12375K(12928K) Class: 1960K(2368K)->1960K(2368K)
[332.091s][info][gc             ] GC(1970) Pause Young (Allocation Failure) 347M->11M(1020M) 2.250ms
[332.091s][info][gc,cpu         ] GC(1970) User=0.00s Sys=0.00s Real=0.00s
[332.291s][info][gc,start       ] GC(1971) Pause Young (Allocation Failure)
[332.293s][info][gc,heap        ] GC(1971) PSYoungGen: 345088K(345600K)->1056K(347648K) Eden: 344064K(344064K)->0K(346112K) From: 1024K(1536K)->1056K(1536K)
[332.294s][info][gc,heap        ] GC(1971) ParOldGen: 10366K(699392K)->10430K(699392K)
[332.294s][info][gc,metaspace   ] GC(1971) Metaspace: 14335K(15296K)->14335K(15296K) NonClass: 12375K(12928K)->12375K(12928K) Class: 1960K(2368K)->1960K(2368K)
[332.294s][info][gc             ] GC(1971) Pause Young (Allocation Failure) 347M->11M(1022M) 2.250ms
[332.294s][info][gc,cpu         ] GC(1971) User=0.00s Sys=0.00s Real=0.00s
[332.494s][info][gc,start       ] GC(1972) Pause Young (Allocation Failure)
[332.497s][info][gc,heap        ] GC(1972) PSYoungGen: 347168K(347648K)->1024K(347648K) Eden: 346112K(346112K)->0K(346112K) From: 1056K(1536K)->1024K(1536K)
[332.497s][info][gc,heap        ] GC(1972) ParOldGen: 10430K(699392K)->10486K(699392K)
[332.497s][info][gc,metaspace   ] GC(1972) Metaspace: 14335K(15296K)->14335K(15296K) NonClass: 12375K(12928K)->12375K(12928K) Class: 1960K(2368K)->1960K(2368K)
[332.497s][info][gc             ] GC(1972) Pause Young (Allocation Failure) 349M->11M(1022M) 2.298ms
[332.497s][info][gc,cpu         ] GC(1972) User=0.00s Sys=0.00s Real=0.00s
[332.697s][info][gc,start       ] GC(1973) Pause Young (Allocation Failure)
[332.699s][info][gc,heap        ] GC(1973) PSYoungGen: 347136K(347648K)->992K(347648K) Eden: 346112K(346112K)->0K(346112K) From: 1024K(1536K)->992K(1536K)
[332.699s][info][gc,heap        ] GC(1973) ParOldGen: 10486K(699392K)->10542K(699392K)
[332.699s][info][gc,metaspace   ] GC(1973) Metaspace: 14335K(15296K)->14335K(15296K) NonClass: 12375K(12928K)->12375K(12928K) Class: 1960K(2368K)->1960K(2368K)
[332.699s][info][gc             ] GC(1973) Pause Young (Allocation Failure) 349M->11M(1022M) 2.304ms
[332.699s][info][gc,cpu         ] GC(1973) User=0.00s Sys=0.00s Real=0.00s
[332.899s][info][gc,start       ] GC(1974) Pause Young (Allocation Failure)
[332.901s][info][gc,heap        ] GC(1974) PSYoungGen: 347104K(347648K)->1024K(347648K) Eden: 346112K(346112K)->0K(346112K) From: 992K(1536K)->1024K(1536K)
[332.901s][info][gc,heap        ] GC(1974) ParOldGen: 10542K(699392K)->10646K(699392K)
[332.901s][info][gc,metaspace   ] GC(1974) Metaspace: 14335K(15296K)->14335K(15296K) NonClass: 12375K(12928K)->12375K(12928K) Class: 1960K(2368K)->1960K(2368K)
[332.901s][info][gc             ] GC(1974) Pause Young (Allocation Failure) 349M->11M(1022M) 2.328ms
[332.901s][info][gc,cpu         ] GC(1974) User=0.00s Sys=0.00s Real=0.00s
[333.101s][info][gc,start       ] GC(1975) Pause Young (Allocation Failure)
[333.103s][info][gc,heap        ] GC(1975) PSYoungGen: 347136K(347648K)->1024K(347648K) Eden: 346112K(346112K)->0K(346112K) From: 1024K(1536K)->1024K(1536K)
[333.103s][info][gc,heap        ] GC(1975) ParOldGen: 10646K(699392K)->10726K(699392K)
[333.103s][info][gc,metaspace   ] GC(1975) Metaspace: 14335K(15296K)->14335K(15296K) NonClass: 12375K(12928K)->12375K(12928K) Class: 1960K(2368K)->1960K(2368K)
[333.103s][info][gc             ] GC(1975) Pause Young (Allocation Failure) 349M->11M(1022M) 2.350ms
[333.103s][info][gc,cpu         ] GC(1975) User=0.00s Sys=0.00s Real=0.00s
[333.306s][info][gc,start       ] GC(1976) Pause Young (Allocation Failure)
[333.308s][info][gc,heap        ] GC(1976) PSYoungGen: 347136K(347648K)->1024K(347648K) Eden: 346112K(346112K)->0K(346112K) From: 1024K(1536K)->1024K(1536K)
[333.308s][info][gc,heap        ] GC(1976) ParOldGen: 10726K(699392K)->10838K(699392K)
[333.308s][info][gc,metaspace   ] GC(1976) Metaspace: 14335K(15296K)->14335K(15296K) NonClass: 12375K(12928K)->12375K(12928K) Class: 1960K(2368K)->1960K(2368K)
[333.308s][info][gc             ] GC(1976) Pause Young (Allocation Failure) 349M->11M(1022M) 2.393ms
[333.308s][info][gc,cpu         ] GC(1976) User=0.00s Sys=0.00s Real=0.00s
[333.508s][info][gc,start       ] GC(1977) Pause Young (Allocation Failure)
[333.510s][info][gc,heap        ] GC(1977) PSYoungGen: 347136K(347648K)->1024K(347648K) Eden: 346112K(346112K)->0K(346112K) From: 1024K(1536K)->1024K(1536K)
[333.510s][info][gc,heap        ] GC(1977) ParOldGen: 10838K(699392K)->10942K(699392K)
[333.510s][info][gc,metaspace   ] GC(1977) Metaspace: 14335K(15296K)->14335K(15296K) NonClass: 12375K(12928K)->12375K(12928K) Class: 1960K(2368K)->1960K(2368K)
[333.510s][info][gc             ] GC(1977) Pause Young (Allocation Failure) 349M->11M(1022M) 2.447ms
[333.510s][info][gc,cpu         ] GC(1977) User=0.00s Sys=0.00s Real=0.00s
[333.710s][info][gc,start       ] GC(1978) Pause Young (Allocation Failure)
[333.712s][info][gc,heap        ] GC(1978) PSYoungGen: 347136K(347648K)->992K(347648K) Eden: 346112K(346112K)->0K(346112K) From: 1024K(1536K)->992K(1536K)
[333.712s][info][gc,heap        ] GC(1978) ParOldGen: 10942K(699392K)->11014K(699392K)
[333.712s][info][gc,metaspace   ] GC(1978) Metaspace: 14335K(15296K)->14335K(15296K) NonClass: 12375K(12928K)->12375K(12928K) Class: 1960K(2368K)->1960K(2368K)
[333.712s][info][gc             ] GC(1978) Pause Young (Allocation Failure) 349M->11M(1022M) 2.434ms
[333.712s][info][gc,cpu         ] GC(1978) User=0.00s Sys=0.00s Real=0.00s
[334.006s][info][gc,start       ] GC(1979) Pause Young (Allocation Failure)
[334.009s][info][gc,heap        ] GC(1979) PSYoungGen: 347104K(347648K)->1056K(347648K) Eden: 346112K(346112K)->0K(346112K) From: 992K(1536K)->1056K(1536K)
[334.010s][info][gc,heap        ] GC(1979) ParOldGen: 11014K(699392K)->11070K(699392K)
[334.010s][info][gc,metaspace   ] GC(1979) Metaspace: 14335K(15296K)->14335K(15296K) NonClass: 12375K(12928K)->12375K(12928K) Class: 1960K(2368K)->1960K(2368K)
[334.010s][info][gc             ] GC(1979) Pause Young (Allocation Failure) 349M->11M(1022M) 3.313ms
[334.010s][info][gc,cpu         ] GC(1979) User=0.00s Sys=0.00s Real=0.00s
[334.216s][info][gc,start       ] GC(1980) Pause Young (Allocation Failure)
[334.218s][info][gc,heap        ] GC(1980) PSYoungGen: 347168K(347648K)->1024K(347648K) Eden: 346112K(346112K)->0K(346112K) From: 1056K(1536K)->1024K(1536K)
[334.218s][info][gc,heap        ] GC(1980) ParOldGen: 11070K(699392K)->11170K(699392K)
[334.218s][info][gc,metaspace   ] GC(1980) Metaspace: 14335K(15296K)->14335K(15296K) NonClass: 12375K(12928K)->12375K(12928K) Class: 1960K(2368K)->1960K(2368K)
[334.218s][info][gc             ] GC(1980) Pause Young (Allocation Failure) 349M->11M(1022M) 2.304ms
[334.218s][info][gc,cpu         ] GC(1980) User=0.00s Sys=0.00s Real=0.00s
[334.418s][info][gc,start       ] GC(1981) Pause Young (Allocation Failure)
[334.420s][info][gc,heap        ] GC(1981) PSYoungGen: 347136K(347648K)->1024K(347648K) Eden: 346112K(346112K)->0K(346112K) From: 1024K(1536K)->1024K(1536K)
[334.420s][info][gc,heap        ] GC(1981) ParOldGen: 11170K(699392K)->11258K(699392K)
[334.420s][info][gc,metaspace   ] GC(1981) Metaspace: 14335K(15296K)->14335K(15296K) NonClass: 12375K(12928K)->12375K(12928K) Class: 1960K(2368K)->1960K(2368K)
[334.420s][info][gc             ] GC(1981) Pause Young (Allocation Failure) 349M->11M(1022M) 2.032ms
[334.420s][info][gc,cpu         ] GC(1981) User=0.00s Sys=0.00s Real=0.00s
[334.620s][info][gc,start       ] GC(1982) Pause Young (Allocation Failure)
[334.622s][info][gc,heap        ] GC(1982) PSYoungGen: 347136K(347648K)->1024K(347648K) Eden: 346112K(346112K)->0K(346112K) From: 1024K(1536K)->1024K(1536K)
[334.622s][info][gc,heap        ] GC(1982) ParOldGen: 11258K(699392K)->11346K(699392K)
[334.622s][info][gc,metaspace   ] GC(1982) Metaspace: 14335K(15296K)->14335K(15296K) NonClass: 12375K(12928K)->12375K(12928K) Class: 1960K(2368K)->1960K(2368K)
[334.622s][info][gc             ] GC(1982) Pause Young (Allocation Failure) 349M->12M(1022M) 2.075ms
[334.622s][info][gc,cpu         ] GC(1982) User=0.00s Sys=0.00s Real=0.00s
[334.822s][info][gc,start       ] GC(1983) Pause Young (Allocation Failure)
[334.824s][info][gc,heap        ] GC(1983) PSYoungGen: 347136K(347648K)->1024K(347648K) Eden: 346112K(346112K)->0K(346112K) From: 1024K(1536K)->1024K(1536K)
[334.824s][info][gc,heap        ] GC(1983) ParOldGen: 11346K(699392K)->11426K(699392K)
[334.824s][info][gc,metaspace   ] GC(1983) Metaspace: 14335K(15296K)->14335K(15296K) NonClass: 12375K(12928K)->12375K(12928K) Class: 1960K(2368K)->1960K(2368K)
[334.824s][info][gc             ] GC(1983) Pause Young (Allocation Failure) 350M->12M(1022M) 2.084ms
[334.824s][info][gc,cpu         ] GC(1983) User=0.00s Sys=0.00s Real=0.00s
[335.025s][info][gc,start       ] GC(1984) Pause Young (Allocation Failure)
[335.027s][info][gc,heap        ] GC(1984) PSYoungGen: 347136K(347648K)->1024K(337408K) Eden: 346112K(346112K)->0K(336384K) From: 1024K(1536K)->1024K(1024K)
[335.027s][info][gc,heap        ] GC(1984) ParOldGen: 11426K(699392K)->11506K(699392K)
[335.027s][info][gc,metaspace   ] GC(1984) Metaspace: 14335K(15296K)->14335K(15296K) NonClass: 12375K(12928K)->12375K(12928K) Class: 1960K(2368K)->1960K(2368K)
[335.027s][info][gc             ] GC(1984) Pause Young (Allocation Failure) 350M->12M(1012M) 2.051ms
[335.027s][info][gc,cpu         ] GC(1984) User=0.00s Sys=0.00s Real=0.00s
[335.222s][info][gc,start       ] GC(1985) Pause Young (Allocation Failure)
[335.224s][info][gc,heap        ] GC(1985) PSYoungGen: 337408K(337408K)->1024K(328192K) Eden: 336384K(336384K)->0K(327168K) From: 1024K(1024K)->1024K(1024K)
[335.224s][info][gc,heap        ] GC(1985) ParOldGen: 11506K(699392K)->11586K(699392K)
[335.224s][info][gc,metaspace   ] GC(1985) Metaspace: 14335K(15296K)->14335K(15296K) NonClass: 12375K(12928K)->12375K(12928K) Class: 1960K(2368K)->1960K(2368K)
[335.224s][info][gc             ] GC(1985) Pause Young (Allocation Failure) 340M->12M(1003M) 2.224ms
[335.224s][info][gc,cpu         ] GC(1985) User=0.00s Sys=0.00s Real=0.00s
[335.413s][info][gc,start       ] GC(1986) Pause Young (Allocation Failure)
[335.415s][info][gc,heap        ] GC(1986) PSYoungGen: 328192K(328192K)->1024K(319488K) Eden: 327168K(327168K)->0K(318464K) From: 1024K(1024K)->1024K(1024K)
[335.415s][info][gc,heap        ] GC(1986) ParOldGen: 11586K(699392K)->11674K(699392K)
[335.415s][info][gc,metaspace   ] GC(1986) Metaspace: 14335K(15296K)->14335K(15296K) NonClass: 12375K(12928K)->12375K(12928K) Class: 1960K(2368K)->1960K(2368K)
[335.415s][info][gc             ] GC(1986) Pause Young (Allocation Failure) 331M->12M(995M) 2.072ms
[335.415s][info][gc,cpu         ] GC(1986) User=0.00s Sys=0.00s Real=0.00s
[335.599s][info][gc,start       ] GC(1987) Pause Young (Allocation Failure)
[335.601s][info][gc,heap        ] GC(1987) PSYoungGen: 319488K(319488K)->1024K(346112K) Eden: 318464K(318464K)->0K(344576K) From: 1024K(1024K)->1024K(1536K)
[335.601s][info][gc,heap        ] GC(1987) ParOldGen: 11674K(699392K)->11738K(699392K)
[335.601s][info][gc,metaspace   ] GC(1987) Metaspace: 14335K(15296K)->14335K(15296K) NonClass: 12375K(12928K)->12375K(12928K) Class: 1960K(2368K)->1960K(2368K)
[335.601s][info][gc             ] GC(1987) Pause Young (Allocation Failure) 323M->12M(1021M) 2.119ms
[335.601s][info][gc,cpu         ] GC(1987) User=0.00s Sys=0.00s Real=0.00s
[335.800s][info][gc,start       ] GC(1988) Pause Young (Allocation Failure)
[335.802s][info][gc,heap        ] GC(1988) PSYoungGen: 345600K(346112K)->1024K(346112K) Eden: 344576K(344576K)->0K(344576K) From: 1024K(1536K)->1024K(1536K)
[335.802s][info][gc,heap        ] GC(1988) ParOldGen: 11738K(699392K)->11810K(699392K)
[335.802s][info][gc,metaspace   ] GC(1988) Metaspace: 14335K(15296K)->14335K(15296K) NonClass: 12375K(12928K)->12375K(12928K) Class: 1960K(2368K)->1960K(2368K)
[335.802s][info][gc             ] GC(1988) Pause Young (Allocation Failure) 348M->12M(1021M) 2.149ms
[335.802s][info][gc,cpu         ] GC(1988) User=0.00s Sys=0.00s Real=0.00s
[336.002s][info][gc,start       ] GC(1989) Pause Young (Allocation Failure)
[336.004s][info][gc,heap        ] GC(1989) PSYoungGen: 345600K(346112K)->1056K(347648K) Eden: 344576K(344576K)->0K(346112K) From: 1024K(1536K)->1056K(1536K)
[336.004s][info][gc,heap        ] GC(1989) ParOldGen: 11810K(699392K)->11874K(699392K)
[336.004s][info][gc,metaspace   ] GC(1989) Metaspace: 14335K(15296K)->14335K(15296K) NonClass: 12375K(12928K)->12375K(12928K) Class: 1960K(2368K)->1960K(2368K)
[336.004s][info][gc             ] GC(1989) Pause Young (Allocation Failure) 349M->12M(1022M) 2.167ms
[336.004s][info][gc,cpu         ] GC(1989) User=0.00s Sys=0.00s Real=0.00s
[336.206s][info][gc,start       ] GC(1990) Pause Young (Allocation Failure)
[336.208s][info][gc,heap        ] GC(1990) PSYoungGen: 347168K(347648K)->992K(347648K) Eden: 346112K(346112K)->0K(346112K) From: 1056K(1536K)->992K(1536K)
[336.208s][info][gc,heap        ] GC(1990) ParOldGen: 11874K(699392K)->11970K(699392K)
[336.208s][info][gc,metaspace   ] GC(1990) Metaspace: 14335K(15296K)->14335K(15296K) NonClass: 12375K(12928K)->12375K(12928K) Class: 1960K(2368K)->1960K(2368K)
[336.208s][info][gc             ] GC(1990) Pause Young (Allocation Failure) 350M->12M(1022M) 2.268ms
[336.208s][info][gc,cpu         ] GC(1990) User=0.00s Sys=0.00s Real=0.00s
[336.409s][info][gc,start       ] GC(1991) Pause Young (Allocation Failure)
[336.412s][info][gc,heap        ] GC(1991) PSYoungGen: 347104K(347648K)->1024K(347648K) Eden: 346112K(346112K)->0K(346112K) From: 992K(1536K)->1024K(1536K)
[336.412s][info][gc,heap        ] GC(1991) ParOldGen: 11970K(699392K)->12050K(699392K)
[336.412s][info][gc,metaspace   ] GC(1991) Metaspace: 14335K(15296K)->14335K(15296K) NonClass: 12375K(12928K)->12375K(12928K) Class: 1960K(2368K)->1960K(2368K)
[336.412s][info][gc             ] GC(1991) Pause Young (Allocation Failure) 350M->12M(1022M) 2.269ms
[336.412s][info][gc,cpu         ] GC(1991) User=0.00s Sys=0.00s Real=0.00s
[336.612s][info][gc,start       ] GC(1992) Pause Young (Allocation Failure)
[336.614s][info][gc,heap        ] GC(1992) PSYoungGen: 347136K(347648K)->992K(347648K) Eden: 346112K(346112K)->0K(346112K) From: 1024K(1536K)->992K(1536K)
[336.614s][info][gc,heap        ] GC(1992) ParOldGen: 12050K(699392K)->12146K(699392K)
[336.614s][info][gc,metaspace   ] GC(1992) Metaspace: 14335K(15296K)->14335K(15296K) NonClass: 12375K(12928K)->12375K(12928K) Class: 1960K(2368K)->1960K(2368K)
[336.614s][info][gc             ] GC(1992) Pause Young (Allocation Failure) 350M->12M(1022M) 2.302ms
[336.614s][info][gc,cpu         ] GC(1992) User=0.00s Sys=0.00s Real=0.00s
[336.814s][info][gc,start       ] GC(1993) Pause Young (Allocation Failure)
[336.816s][info][gc,heap        ] GC(1993) PSYoungGen: 347104K(347648K)->1024K(347648K) Eden: 346112K(346112K)->0K(346112K) From: 992K(1536K)->1024K(1536K)
[336.817s][info][gc,heap        ] GC(1993) ParOldGen: 12146K(699392K)->12226K(699392K)
[336.817s][info][gc,metaspace   ] GC(1993) Metaspace: 14335K(15296K)->14335K(15296K) NonClass: 12375K(12928K)->12375K(12928K) Class: 1960K(2368K)->1960K(2368K)
[336.817s][info][gc             ] GC(1993) Pause Young (Allocation Failure) 350M->12M(1022M) 2.304ms
[336.817s][info][gc,cpu         ] GC(1993) User=0.00s Sys=0.00s Real=0.00s
[337.018s][info][gc,start       ] GC(1994) Pause Young (Allocation Failure)
[337.020s][info][gc,heap        ] GC(1994) PSYoungGen: 347136K(347648K)->1024K(347648K) Eden: 346112K(346112K)->0K(346112K) From: 1024K(1536K)->1024K(1536K)
[337.024s][info][gc,heap        ] GC(1994) ParOldGen: 12226K(699392K)->12282K(699392K)
[337.024s][info][gc,metaspace   ] GC(1994) Metaspace: 14335K(15296K)->14335K(15296K) NonClass: 12375K(12928K)->12375K(12928K) Class: 1960K(2368K)->1960K(2368K)
[337.024s][info][gc             ] GC(1994) Pause Young (Allocation Failure) 350M->12M(1022M) 6.005ms
[337.024s][info][gc,cpu         ] GC(1994) User=0.00s Sys=0.00s Real=0.01s
[337.225s][info][gc,start       ] GC(1995) Pause Young (Allocation Failure)
[337.228s][info][gc,heap        ] GC(1995) PSYoungGen: 347136K(347648K)->1024K(347648K) Eden: 346112K(346112K)->0K(346112K) From: 1024K(1536K)->1024K(1536K)
[337.228s][info][gc,heap        ] GC(1995) ParOldGen: 12282K(699392K)->12370K(699392K)
[337.228s][info][gc,metaspace   ] GC(1995) Metaspace: 14335K(15296K)->14335K(15296K) NonClass: 12375K(12928K)->12375K(12928K) Class: 1960K(2368K)->1960K(2368K)
[337.228s][info][gc             ] GC(1995) Pause Young (Allocation Failure) 350M->13M(1022M) 2.356ms
[337.228s][info][gc,cpu         ] GC(1995) User=0.00s Sys=0.00s Real=0.00s
[337.429s][info][gc,start       ] GC(1996) Pause Young (Allocation Failure)
[337.432s][info][gc,heap        ] GC(1996) PSYoungGen: 347136K(347648K)->992K(347648K) Eden: 346112K(346112K)->0K(346112K) From: 1024K(1536K)->992K(1536K)
[337.432s][info][gc,heap        ] GC(1996) ParOldGen: 12370K(699392K)->12458K(699392K)
[337.432s][info][gc,metaspace   ] GC(1996) Metaspace: 14335K(15296K)->14335K(15296K) NonClass: 12375K(12928K)->12375K(12928K) Class: 1960K(2368K)->1960K(2368K)
[337.432s][info][gc             ] GC(1996) Pause Young (Allocation Failure) 351M->13M(1022M) 2.397ms
[337.432s][info][gc,cpu         ] GC(1996) User=0.00s Sys=0.00s Real=0.00s
[337.633s][info][gc,start       ] GC(1997) Pause Young (Allocation Failure)
[337.636s][info][gc,heap        ] GC(1997) PSYoungGen: 347104K(347648K)->1024K(347648K) Eden: 346112K(346112K)->0K(346112K) From: 992K(1536K)->1024K(1536K)
[337.636s][info][gc,heap        ] GC(1997) ParOldGen: 12458K(699392K)->12538K(699392K)
[337.636s][info][gc,metaspace   ] GC(1997) Metaspace: 14335K(15296K)->14335K(15296K) NonClass: 12375K(12928K)->12375K(12928K) Class: 1960K(2368K)->1960K(2368K)
[337.636s][info][gc             ] GC(1997) Pause Young (Allocation Failure) 351M->13M(1022M) 2.454ms
[337.636s][info][gc,cpu         ] GC(1997) User=0.00s Sys=0.00s Real=0.00s
[337.937s][info][gc,start       ] GC(1998) Pause Young (Allocation Failure)
[337.940s][info][gc,heap        ] GC(1998) PSYoungGen: 347136K(347648K)->1024K(347648K) Eden: 346112K(346112K)->0K(346112K) From: 1024K(1536K)->1024K(1536K)
[337.940s][info][gc,heap        ] GC(1998) ParOldGen: 12538K(699392K)->12594K(699392K)
[337.940s][info][gc,metaspace   ] GC(1998) Metaspace: 14335K(15296K)->14335K(15296K) NonClass: 12375K(12928K)->12375K(12928K) Class: 1960K(2368K)->1960K(2368K)
[337.940s][info][gc             ] GC(1998) Pause Young (Allocation Failure) 351M->13M(1022M) 3.319ms
[337.940s][info][gc,cpu         ] GC(1998) User=0.00s Sys=0.00s Real=0.00s
[338.148s][info][gc,start       ] GC(1999) Pause Young (Allocation Failure)
[338.150s][info][gc,heap        ] GC(1999) PSYoungGen: 347136K(347648K)->1024K(347648K) Eden: 346112K(346112K)->0K(346112K) From: 1024K(1536K)->1024K(1536K)
[338.151s][info][gc,heap        ] GC(1999) ParOldGen: 12594K(699392K)->12674K(699392K)
[338.151s][info][gc,metaspace   ] GC(1999) Metaspace: 14335K(15296K)->14335K(15296K) NonClass: 12375K(12928K)->12375K(12928K) Class: 1960K(2368K)->1960K(2368K)
[338.151s][info][gc             ] GC(1999) Pause Young (Allocation Failure) 351M->13M(1022M) 2.242ms
[338.151s][info][gc,cpu         ] GC(1999) User=0.00s Sys=0.00s Real=0.00s
[338.354s][info][gc,start       ] GC(2000) Pause Young (Allocation Failure)
[338.356s][info][gc,heap        ] GC(2000) PSYoungGen: 347136K(347648K)->992K(347648K) Eden: 346112K(346112K)->0K(346112K) From: 1024K(1536K)->992K(1536K)
[338.356s][info][gc,heap        ] GC(2000) ParOldGen: 12674K(699392K)->12754K(699392K)
[338.356s][info][gc,metaspace   ] GC(2000) Metaspace: 14335K(15296K)->14335K(15296K) NonClass: 12375K(12928K)->12375K(12928K) Class: 1960K(2368K)->1960K(2368K)
[338.356s][info][gc             ] GC(2000) Pause Young (Allocation Failure) 351M->13M(1022M) 1.975ms
[338.356s][info][gc,cpu         ] GC(2000) User=0.00s Sys=0.00s Real=0.00s
[338.563s][info][gc,start       ] GC(2001) Pause Young (Allocation Failure)
[338.565s][info][gc,heap        ] GC(2001) PSYoungGen: 347104K(347648K)->1024K(337408K) Eden: 346112K(346112K)->0K(336384K) From: 992K(1536K)->1024K(1024K)
[338.565s][info][gc,heap        ] GC(2001) ParOldGen: 12754K(699392K)->12850K(699392K)
[338.565s][info][gc,metaspace   ] GC(2001) Metaspace: 14335K(15296K)->14335K(15296K) NonClass: 12375K(12928K)->12375K(12928K) Class: 1960K(2368K)->1960K(2368K)
[338.565s][info][gc             ] GC(2001) Pause Young (Allocation Failure) 351M->13M(1012M) 1.935ms
[338.565s][info][gc,cpu         ] GC(2001) User=0.00s Sys=0.00s Real=0.00s
[338.768s][info][gc,start       ] GC(2002) Pause Young (Allocation Failure)
[338.770s][info][gc,heap        ] GC(2002) PSYoungGen: 337408K(337408K)->1024K(328192K) Eden: 336384K(336384K)->0K(327168K) From: 1024K(1024K)->1024K(1024K)
[338.770s][info][gc,heap        ] GC(2002) ParOldGen: 12850K(699392K)->12962K(699392K)
[338.770s][info][gc,metaspace   ] GC(2002) Metaspace: 14335K(15296K)->14335K(15296K) NonClass: 12375K(12928K)->12375K(12928K) Class: 1960K(2368K)->1960K(2368K)
[338.770s][info][gc             ] GC(2002) Pause Young (Allocation Failure) 342M->13M(1003M) 1.990ms
[338.770s][info][gc,cpu         ] GC(2002) User=0.00s Sys=0.00s Real=0.00s
[339.007s][info][gc,start       ] GC(2003) Pause Young (Allocation Failure)
[339.009s][info][gc,heap        ] GC(2003) PSYoungGen: 328192K(328192K)->928K(319488K) Eden: 327168K(327168K)->0K(318464K) From: 1024K(1024K)->928K(1024K)
[339.009s][info][gc,heap        ] GC(2003) ParOldGen: 12962K(699392K)->13034K(699392K)
[339.009s][info][gc,metaspace   ] GC(2003) Metaspace: 14335K(15296K)->14335K(15296K) NonClass: 12375K(12928K)->12375K(12928K) Class: 1960K(2368K)->1960K(2368K)
[339.009s][info][gc             ] GC(2003) Pause Young (Allocation Failure) 333M->13M(995M) 2.049ms
[339.009s][info][gc,cpu         ] GC(2003) User=0.00s Sys=0.00s Real=0.00s
[339.197s][info][gc,start       ] GC(2004) Pause Young (Allocation Failure)
[339.199s][info][gc,heap        ] GC(2004) PSYoungGen: 319392K(319488K)->672K(310784K) Eden: 318464K(318464K)->0K(309760K) From: 928K(1024K)->672K(1024K)
[339.199s][info][gc,heap        ] GC(2004) ParOldGen: 13034K(699392K)->13138K(699392K)
[339.199s][info][gc,metaspace   ] GC(2004) Metaspace: 14335K(15296K)->14335K(15296K) NonClass: 12375K(12928K)->12375K(12928K) Class: 1960K(2368K)->1960K(2368K)
[339.199s][info][gc             ] GC(2004) Pause Young (Allocation Failure) 324M->13M(986M) 2.044ms
[339.199s][info][gc,cpu         ] GC(2004) User=0.00s Sys=0.00s Real=0.00s
[339.218s][info][gc,start       ] GC(2005) Pause Young (System.gc())
[339.219s][info][gc,heap        ] GC(2005) PSYoungGen: 4702K(310784K)->96K(310272K) Eden: 4030K(309760K)->0K(309760K) From: 672K(1024K)->96K(512K)
[339.219s][info][gc,heap        ] GC(2005) ParOldGen: 13138K(699392K)->13234K(699392K)
[339.219s][info][gc,metaspace   ] GC(2005) Metaspace: 14335K(15296K)->14335K(15296K) NonClass: 12375K(12928K)->12375K(12928K) Class: 1960K(2368K)->1960K(2368K)
[339.219s][info][gc             ] GC(2005) Pause Young (System.gc()) 17M->13M(986M) 1.863ms
[339.219s][info][gc,cpu         ] GC(2005) User=0.00s Sys=0.00s Real=0.00s
[339.219s][info][gc,start       ] GC(2006) Pause Full (System.gc())
[339.219s][info][gc,phases,start] GC(2006) Marking Phase
[339.231s][info][gc,phases      ] GC(2006) Marking Phase 11.059ms
[339.231s][info][gc,phases,start] GC(2006) Summary Phase
[339.231s][info][gc,phases      ] GC(2006) Summary Phase 0.021ms
[339.231s][info][gc,phases,start] GC(2006) Adjust Roots
[339.237s][info][gc,phases      ] GC(2006) Adjust Roots 5.899ms
[339.237s][info][gc,phases,start] GC(2006) Compaction Phase
[339.238s][info][gc,phases      ] GC(2006) Compaction Phase 1.739ms
[339.238s][info][gc,phases,start] GC(2006) Post Compact
[339.239s][info][gc,phases      ] GC(2006) Post Compact 0.334ms
[339.239s][info][gc,heap        ] GC(2006) PSYoungGen: 96K(310272K)->0K(310272K) Eden: 0K(309760K)->0K(309760K) From: 96K(512K)->0K(512K)
[339.239s][info][gc,heap        ] GC(2006) ParOldGen: 13234K(699392K)->5373K(699392K)
[339.239s][info][gc,metaspace   ] GC(2006) Metaspace: 14335K(15296K)->14335K(15296K) NonClass: 12375K(12928K)->12375K(12928K) Class: 1960K(2368K)->1960K(2368K)
[339.239s][info][gc             ] GC(2006) Pause Full (System.gc()) 13M->5M(986M) 19.348ms
[339.239s][info][gc,cpu         ] GC(2006) User=0.38s Sys=0.00s Real=0.02s
[339.431s][info][gc,start       ] GC(2007) Pause Young (Allocation Failure)
[339.433s][info][gc,heap        ] GC(2007) PSYoungGen: 309760K(310272K)->1536K(303104K) Eden: 309760K(309760K)->0K(301568K) From: 0K(512K)->1536K(1536K)
[339.433s][info][gc,heap        ] GC(2007) ParOldGen: 5373K(699392K)->5579K(699392K)
[339.433s][info][gc,metaspace   ] GC(2007) Metaspace: 14335K(15296K)->14335K(15296K) NonClass: 12375K(12928K)->12375K(12928K) Class: 1960K(2368K)->1960K(2368K)
[339.433s][info][gc             ] GC(2007) Pause Young (Allocation Failure) 307M->6M(979M) 2.248ms
[339.433s][info][gc,cpu         ] GC(2007) User=0.00s Sys=0.00s Real=0.00s
[339.605s][info][gc,start       ] GC(2008) Pause Young (Allocation Failure)
[339.607s][info][gc,heap        ] GC(2008) PSYoungGen: 303104K(303104K)->1024K(344576K) Eden: 301568K(301568K)->0K(343040K) From: 1536K(1536K)->1024K(1536K)
[339.607s][info][gc,heap        ] GC(2008) ParOldGen: 5579K(699392K)->7099K(699392K)
[339.607s][info][gc,metaspace   ] GC(2008) Metaspace: 14335K(15296K)->14335K(15296K) NonClass: 12375K(12928K)->12375K(12928K) Class: 1960K(2368K)->1960K(2368K)
[339.607s][info][gc             ] GC(2008) Pause Young (Allocation Failure) 301M->7M(1019M) 2.198ms
[339.607s][info][gc,cpu         ] GC(2008) User=0.00s Sys=0.00s Real=0.00s
[339.808s][info][gc,start       ] GC(2009) Pause Young (Allocation Failure)
[339.814s][info][gc,heap        ] GC(2009) PSYoungGen: 344064K(344576K)->1024K(334848K) Eden: 343040K(343040K)->0K(333824K) From: 1024K(1536K)->1024K(1024K)
[339.814s][info][gc,heap        ] GC(2009) ParOldGen: 7099K(699392K)->7195K(699392K)
[339.814s][info][gc,metaspace   ] GC(2009) Metaspace: 14335K(15296K)->14335K(15296K) NonClass: 12375K(12928K)->12375K(12928K) Class: 1960K(2368K)->1960K(2368K)
[339.814s][info][gc             ] GC(2009) Pause Young (Allocation Failure) 342M->8M(1010M) 6.697ms
[339.814s][info][gc,cpu         ] GC(2009) User=0.52s Sys=0.00s Real=0.01s
[340.010s][info][gc,start       ] GC(2010) Pause Young (Allocation Failure)
[340.012s][info][gc,heap        ] GC(2010) PSYoungGen: 334848K(334848K)->1024K(343552K) Eden: 333824K(333824K)->0K(342528K) From: 1024K(1024K)->1024K(1024K)
[340.012s][info][gc,heap        ] GC(2010) ParOldGen: 7195K(699392K)->7267K(699392K)
[340.012s][info][gc,metaspace   ] GC(2010) Metaspace: 14335K(15296K)->14335K(15296K) NonClass: 12375K(12928K)->12375K(12928K) Class: 1960K(2368K)->1960K(2368K)
[340.012s][info][gc             ] GC(2010) Pause Young (Allocation Failure) 334M->8M(1018M) 2.207ms
[340.012s][info][gc,cpu         ] GC(2010) User=0.00s Sys=0.00s Real=0.00s
[340.212s][info][gc,start       ] GC(2011) Pause Young (Allocation Failure)
[340.214s][info][gc,heap        ] GC(2011) PSYoungGen: 343552K(343552K)->1024K(344064K) Eden: 342528K(342528K)->0K(342528K) From: 1024K(1024K)->1024K(1536K)
[340.214s][info][gc,heap        ] GC(2011) ParOldGen: 7267K(699392K)->7355K(699392K)
[340.214s][info][gc,metaspace   ] GC(2011) Metaspace: 14335K(15296K)->14335K(15296K) NonClass: 12375K(12928K)->12375K(12928K) Class: 1960K(2368K)->1960K(2368K)
[340.214s][info][gc             ] GC(2011) Pause Young (Allocation Failure) 342M->8M(1019M) 2.226ms
[340.214s][info][gc,cpu         ] GC(2011) User=0.00s Sys=0.00s Real=0.00s
[340.415s][info][gc,start       ] GC(2012) Pause Young (Allocation Failure)
[340.417s][info][gc,heap        ] GC(2012) PSYoungGen: 343552K(344064K)->1024K(347648K) Eden: 342528K(342528K)->0K(346112K) From: 1024K(1536K)->1024K(1536K)
[340.417s][info][gc,heap        ] GC(2012) ParOldGen: 7355K(699392K)->7419K(699392K)
[340.417s][info][gc,metaspace   ] GC(2012) Metaspace: 14335K(15296K)->14335K(15296K) NonClass: 12375K(12928K)->12375K(12928K) Class: 1960K(2368K)->1960K(2368K)
[340.417s][info][gc             ] GC(2012) Pause Young (Allocation Failure) 342M->8M(1022M) 2.279ms
[340.417s][info][gc,cpu         ] GC(2012) User=0.00s Sys=0.00s Real=0.00s
[340.619s][info][gc,start       ] GC(2013) Pause Young (Allocation Failure)
[340.621s][info][gc,heap        ] GC(2013) PSYoungGen: 347136K(347648K)->1056K(347648K) Eden: 346112K(346112K)->0K(346112K) From: 1024K(1536K)->1056K(1536K)
[340.621s][info][gc,heap        ] GC(2013) ParOldGen: 7419K(699392K)->7491K(699392K)
[340.621s][info][gc,metaspace   ] GC(2013) Metaspace: 14335K(15296K)->14335K(15296K) NonClass: 12375K(12928K)->12375K(12928K) Class: 1960K(2368K)->1960K(2368K)
[340.621s][info][gc             ] GC(2013) Pause Young (Allocation Failure) 346M->8M(1022M) 2.343ms
[340.621s][info][gc,cpu         ] GC(2013) User=0.00s Sys=0.00s Real=0.00s
[340.824s][info][gc,start       ] GC(2014) Pause Young (Allocation Failure)
[340.826s][info][gc,heap        ] GC(2014) PSYoungGen: 347168K(347648K)->992K(347648K) Eden: 346112K(346112K)->0K(346112K) From: 1056K(1536K)->992K(1536K)
[340.826s][info][gc,heap        ] GC(2014) ParOldGen: 7491K(699392K)->7579K(699392K)
[340.826s][info][gc,metaspace   ] GC(2014) Metaspace: 14335K(15296K)->14335K(15296K) NonClass: 12375K(12928K)->12375K(12928K) Class: 1960K(2368K)->1960K(2368K)
[340.826s][info][gc             ] GC(2014) Pause Young (Allocation Failure) 346M->8M(1022M) 2.441ms
[340.826s][info][gc,cpu         ] GC(2014) User=0.00s Sys=0.00s Real=0.00s
[341.029s][info][gc,start       ] GC(2015) Pause Young (Allocation Failure)
[341.031s][info][gc,heap        ] GC(2015) PSYoungGen: 347104K(347648K)->1024K(347648K) Eden: 346112K(346112K)->0K(346112K) From: 992K(1536K)->1024K(1536K)
[341.031s][info][gc,heap        ] GC(2015) ParOldGen: 7579K(699392K)->7691K(699392K)
[341.031s][info][gc,metaspace   ] GC(2015) Metaspace: 14335K(15296K)->14335K(15296K) NonClass: 12375K(12928K)->12375K(12928K) Class: 1960K(2368K)->1960K(2368K)
[341.031s][info][gc             ] GC(2015) Pause Young (Allocation Failure) 346M->8M(1022M) 2.377ms
[341.031s][info][gc,cpu         ] GC(2015) User=0.50s Sys=0.00s Real=0.00s
[341.234s][info][gc,start       ] GC(2016) Pause Young (Allocation Failure)
[341.236s][info][gc,heap        ] GC(2016) PSYoungGen: 347136K(347648K)->1024K(347648K) Eden: 346112K(346112K)->0K(346112K) From: 1024K(1536K)->1024K(1536K)
[341.260s][info][gc,heap        ] GC(2016) ParOldGen: 7691K(699392K)->7787K(699392K)
[341.260s][info][gc,metaspace   ] GC(2016) Metaspace: 14335K(15296K)->14335K(15296K) NonClass: 12375K(12928K)->12375K(12928K) Class: 1960K(2368K)->1960K(2368K)
[341.260s][info][gc             ] GC(2016) Pause Young (Allocation Failure) 346M->8M(1022M) 25.653ms
[341.260s][info][gc,cpu         ] GC(2016) User=0.00s Sys=0.02s Real=0.02s
[341.469s][info][gc,start       ] GC(2017) Pause Young (Allocation Failure)
[341.471s][info][gc,heap        ] GC(2017) PSYoungGen: 347136K(347648K)->992K(347648K) Eden: 346112K(346112K)->0K(346112K) From: 1024K(1536K)->992K(1536K)
[341.471s][info][gc,heap        ] GC(2017) ParOldGen: 7787K(699392K)->7867K(699392K)
[341.471s][info][gc,metaspace   ] GC(2017) Metaspace: 14335K(15296K)->14335K(15296K) NonClass: 12375K(12928K)->12375K(12928K) Class: 1960K(2368K)->1960K(2368K)
[341.471s][info][gc             ] GC(2017) Pause Young (Allocation Failure) 346M->8M(1022M) 2.386ms
[341.471s][info][gc,cpu         ] GC(2017) User=0.00s Sys=0.00s Real=0.00s
[341.757s][info][gc,start       ] GC(2018) Pause Young (Allocation Failure)
[341.760s][info][gc,heap        ] GC(2018) PSYoungGen: 347104K(347648K)->1024K(347648K) Eden: 346112K(346112K)->0K(346112K) From: 992K(1536K)->1024K(1536K)
[341.760s][info][gc,heap        ] GC(2018) ParOldGen: 7867K(699392K)->7931K(699392K)
[341.760s][info][gc,metaspace   ] GC(2018) Metaspace: 14335K(15296K)->14335K(15296K) NonClass: 12375K(12928K)->12375K(12928K) Class: 1960K(2368K)->1960K(2368K)
[341.760s][info][gc             ] GC(2018) Pause Young (Allocation Failure) 346M->8M(1022M) 3.200ms
[341.760s][info][gc,cpu         ] GC(2018) User=0.00s Sys=0.00s Real=0.00s
[341.972s][info][gc,start       ] GC(2019) Pause Young (Allocation Failure)
[341.974s][info][gc,heap        ] GC(2019) PSYoungGen: 347136K(347648K)->992K(347648K) Eden: 346112K(346112K)->0K(346112K) From: 1024K(1536K)->992K(1536K)
[341.974s][info][gc,heap        ] GC(2019) ParOldGen: 7931K(699392K)->8011K(699392K)
[341.974s][info][gc,metaspace   ] GC(2019) Metaspace: 14335K(15296K)->14335K(15296K) NonClass: 12375K(12928K)->12375K(12928K) Class: 1960K(2368K)->1960K(2368K)
[341.974s][info][gc             ] GC(2019) Pause Young (Allocation Failure) 346M->8M(1022M) 2.350ms
[341.974s][info][gc,cpu         ] GC(2019) User=0.00s Sys=0.00s Real=0.00s
[342.178s][info][gc,start       ] GC(2020) Pause Young (Allocation Failure)
[342.180s][info][gc,heap        ] GC(2020) PSYoungGen: 347104K(347648K)->1024K(347648K) Eden: 346112K(346112K)->0K(346112K) From: 992K(1536K)->1024K(1536K)
[342.180s][info][gc,heap        ] GC(2020) ParOldGen: 8011K(699392K)->8123K(699392K)
[342.180s][info][gc,metaspace   ] GC(2020) Metaspace: 14335K(15296K)->14335K(15296K) NonClass: 12375K(12928K)->12375K(12928K) Class: 1960K(2368K)->1960K(2368K)
[342.180s][info][gc             ] GC(2020) Pause Young (Allocation Failure) 346M->8M(1022M) 2.184ms
[342.180s][info][gc,cpu         ] GC(2020) User=0.00s Sys=0.00s Real=0.00s
[342.385s][info][gc,start       ] GC(2021) Pause Young (Allocation Failure)
[342.387s][info][gc,heap        ] GC(2021) PSYoungGen: 347136K(347648K)->1056K(347648K) Eden: 346112K(346112K)->0K(346112K) From: 1024K(1536K)->1056K(1536K)
[342.387s][info][gc,heap        ] GC(2021) ParOldGen: 8123K(699392K)->8211K(699392K)
[342.387s][info][gc,metaspace   ] GC(2021) Metaspace: 14335K(15296K)->14335K(15296K) NonClass: 12375K(12928K)->12375K(12928K) Class: 1960K(2368K)->1960K(2368K)
[342.387s][info][gc             ] GC(2021) Pause Young (Allocation Failure) 346M->9M(1022M) 2.169ms
[342.387s][info][gc,cpu         ] GC(2021) User=0.00s Sys=0.00s Real=0.00s
[342.593s][info][gc,start       ] GC(2022) Pause Young (Allocation Failure)
[342.595s][info][gc,heap        ] GC(2022) PSYoungGen: 347168K(347648K)->1024K(337408K) Eden: 346112K(346112K)->0K(336384K) From: 1056K(1536K)->1024K(1024K)
[342.595s][info][gc,heap        ] GC(2022) ParOldGen: 8211K(699392K)->8307K(699392K)
[342.595s][info][gc,metaspace   ] GC(2022) Metaspace: 14335K(15296K)->14335K(15296K) NonClass: 12375K(12928K)->12375K(12928K) Class: 1960K(2368K)->1960K(2368K)
[342.595s][info][gc             ] GC(2022) Pause Young (Allocation Failure) 347M->9M(1012M) 1.978ms
[342.595s][info][gc,cpu         ] GC(2022) User=0.33s Sys=0.00s Real=0.00s
[342.793s][info][gc,start       ] GC(2023) Pause Young (Allocation Failure)
[342.795s][info][gc,heap        ] GC(2023) PSYoungGen: 337408K(337408K)->992K(328192K) Eden: 336384K(336384K)->0K(327168K) From: 1024K(1024K)->992K(1024K)
[342.795s][info][gc,heap        ] GC(2023) ParOldGen: 8307K(699392K)->8403K(699392K)
[342.795s][info][gc,metaspace   ] GC(2023) Metaspace: 14335K(15296K)->14335K(15296K) NonClass: 12375K(12928K)->12375K(12928K) Class: 1960K(2368K)->1960K(2368K)
[342.795s][info][gc             ] GC(2023) Pause Young (Allocation Failure) 337M->9M(1003M) 2.059ms
[342.795s][info][gc,cpu         ] GC(2023) User=0.00s Sys=0.00s Real=0.00s
[342.988s][info][gc,start       ] GC(2024) Pause Young (Allocation Failure)
[342.990s][info][gc,heap        ] GC(2024) PSYoungGen: 328160K(328192K)->1024K(319488K) Eden: 327168K(327168K)->0K(318464K) From: 992K(1024K)->1024K(1024K)
[342.990s][info][gc,heap        ] GC(2024) ParOldGen: 8403K(699392K)->8515K(699392K)
[342.990s][info][gc,metaspace   ] GC(2024) Metaspace: 14335K(15296K)->14335K(15296K) NonClass: 12375K(12928K)->12375K(12928K) Class: 1960K(2368K)->1960K(2368K)
[342.990s][info][gc             ] GC(2024) Pause Young (Allocation Failure) 328M->9M(995M) 2.042ms
[342.990s][info][gc,cpu         ] GC(2024) User=0.00s Sys=0.00s Real=0.00s
[343.178s][info][gc,start       ] GC(2025) Pause Young (Allocation Failure)
[343.180s][info][gc,heap        ] GC(2025) PSYoungGen: 319488K(319488K)->992K(310784K) Eden: 318464K(318464K)->0K(309760K) From: 1024K(1024K)->992K(1024K)
[343.181s][info][gc,heap        ] GC(2025) ParOldGen: 8515K(699392K)->8611K(699392K)
[343.181s][info][gc,metaspace   ] GC(2025) Metaspace: 14335K(15296K)->14335K(15296K) NonClass: 12375K(12928K)->12375K(12928K) Class: 1960K(2368K)->1960K(2368K)
[343.181s][info][gc             ] GC(2025) Pause Young (Allocation Failure) 320M->9M(986M) 2.113ms
[343.181s][info][gc,cpu         ] GC(2025) User=0.00s Sys=0.00s Real=0.00s
[343.363s][info][gc,start       ] GC(2026) Pause Young (Allocation Failure)
[343.365s][info][gc,heap        ] GC(2026) PSYoungGen: 310752K(310784K)->992K(345600K) Eden: 309760K(309760K)->0K(344064K) From: 992K(1024K)->992K(1536K)
[343.365s][info][gc,heap        ] GC(2026) ParOldGen: 8611K(699392K)->8683K(699392K)
[343.365s][info][gc,metaspace   ] GC(2026) Metaspace: 14335K(15296K)->14335K(15296K) NonClass: 12375K(12928K)->12375K(12928K) Class: 1960K(2368K)->1960K(2368K)
[343.365s][info][gc             ] GC(2026) Pause Young (Allocation Failure) 311M->9M(1020M) 2.121ms
[343.365s][info][gc,cpu         ] GC(2026) User=0.00s Sys=0.00s Real=0.00s
[343.568s][info][gc,start       ] GC(2027) Pause Young (Allocation Failure)
[343.570s][info][gc,heap        ] GC(2027) PSYoungGen: 345056K(345600K)->1024K(335360K) Eden: 344064K(344064K)->0K(334336K) From: 992K(1536K)->1024K(1024K)
[343.570s][info][gc,heap        ] GC(2027) ParOldGen: 8683K(699392K)->8763K(699392K)
[343.570s][info][gc,metaspace   ] GC(2027) Metaspace: 14335K(15296K)->14335K(15296K) NonClass: 12375K(12928K)->12375K(12928K) Class: 1960K(2368K)->1960K(2368K)
[343.570s][info][gc             ] GC(2027) Pause Young (Allocation Failure) 345M->9M(1010M) 2.208ms
[343.570s][info][gc,cpu         ] GC(2027) User=0.00s Sys=0.00s Real=0.00s
[343.766s][info][gc,start       ] GC(2028) Pause Young (Allocation Failure)
[343.768s][info][gc,heap        ] GC(2028) PSYoungGen: 335360K(335360K)->992K(344576K) Eden: 334336K(334336K)->0K(343552K) From: 1024K(1024K)->992K(1024K)
[343.768s][info][gc,heap        ] GC(2028) ParOldGen: 8763K(699392K)->8859K(699392K)
[343.768s][info][gc,metaspace   ] GC(2028) Metaspace: 14335K(15296K)->14335K(15296K) NonClass: 12375K(12928K)->12375K(12928K) Class: 1960K(2368K)->1960K(2368K)
[343.768s][info][gc             ] GC(2028) Pause Young (Allocation Failure) 336M->9M(1019M) 2.226ms
[343.768s][info][gc,cpu         ] GC(2028) User=0.00s Sys=0.00s Real=0.00s
[343.968s][info][gc,start       ] GC(2029) Pause Young (Allocation Failure)
[343.986s][info][gc,heap        ] GC(2029) PSYoungGen: 344544K(344576K)->1056K(345088K) Eden: 343552K(343552K)->0K(343552K) From: 992K(1024K)->1056K(1536K)
[343.986s][info][gc,heap        ] GC(2029) ParOldGen: 8859K(699392K)->8963K(699392K)
[343.986s][info][gc,metaspace   ] GC(2029) Metaspace: 14335K(15296K)->14335K(15296K) NonClass: 12375K(12928K)->12375K(12928K) Class: 1960K(2368K)->1960K(2368K)
[343.986s][info][gc             ] GC(2029) Pause Young (Allocation Failure) 345M->9M(1020M) 18.247ms
[343.986s][info][gc,cpu         ] GC(2029) User=0.00s Sys=0.00s Real=0.01s
[344.190s][info][gc,start       ] GC(2030) Pause Young (Allocation Failure)
[344.192s][info][gc,heap        ] GC(2030) PSYoungGen: 344608K(345088K)->1056K(347648K) Eden: 343552K(343552K)->0K(346112K) From: 1056K(1536K)->1056K(1536K)
[344.192s][info][gc,heap        ] GC(2030) ParOldGen: 8963K(699392K)->9051K(699392K)
[344.192s][info][gc,metaspace   ] GC(2030) Metaspace: 14335K(15296K)->14335K(15296K) NonClass: 12375K(12928K)->12375K(12928K) Class: 1960K(2368K)->1960K(2368K)
[344.192s][info][gc             ] GC(2030) Pause Young (Allocation Failure) 345M->9M(1022M) 2.261ms
[344.192s][info][gc,cpu         ] GC(2030) User=0.00s Sys=0.00s Real=0.00s
[344.395s][info][gc,start       ] GC(2031) Pause Young (Allocation Failure)
[344.397s][info][gc,heap        ] GC(2031) PSYoungGen: 347168K(347648K)->1024K(347648K) Eden: 346112K(346112K)->0K(346112K) From: 1056K(1536K)->1024K(1536K)
[344.397s][info][gc,heap        ] GC(2031) ParOldGen: 9051K(699392K)->9115K(699392K)
[344.397s][info][gc,metaspace   ] GC(2031) Metaspace: 14335K(15296K)->14335K(15296K) NonClass: 12375K(12928K)->12375K(12928K) Class: 1960K(2368K)->1960K(2368K)
[344.397s][info][gc             ] GC(2031) Pause Young (Allocation Failure) 347M->9M(1022M) 2.259ms
[344.397s][info][gc,cpu         ] GC(2031) User=0.00s Sys=0.00s Real=0.00s
[344.601s][info][gc,start       ] GC(2032) Pause Young (Allocation Failure)
[344.603s][info][gc,heap        ] GC(2032) PSYoungGen: 347136K(347648K)->992K(347648K) Eden: 346112K(346112K)->0K(346112K) From: 1024K(1536K)->992K(1536K)
[344.603s][info][gc,heap        ] GC(2032) ParOldGen: 9115K(699392K)->9203K(699392K)
[344.603s][info][gc,metaspace   ] GC(2032) Metaspace: 14335K(15296K)->14335K(15296K) NonClass: 12375K(12928K)->12375K(12928K) Class: 1960K(2368K)->1960K(2368K)
[344.603s][info][gc             ] GC(2032) Pause Young (Allocation Failure) 347M->9M(1022M) 2.298ms
[344.603s][info][gc,cpu         ] GC(2032) User=0.00s Sys=0.00s Real=0.00s
[344.806s][info][gc,start       ] GC(2033) Pause Young (Allocation Failure)
[344.808s][info][gc,heap        ] GC(2033) PSYoungGen: 347104K(347648K)->992K(347648K) Eden: 346112K(346112K)->0K(346112K) From: 992K(1536K)->992K(1536K)
[344.808s][info][gc,heap        ] GC(2033) ParOldGen: 9203K(699392K)->9299K(699392K)
[344.808s][info][gc,metaspace   ] GC(2033) Metaspace: 14335K(15296K)->14335K(15296K) NonClass: 12375K(12928K)->12375K(12928K) Class: 1960K(2368K)->1960K(2368K)
[344.808s][info][gc             ] GC(2033) Pause Young (Allocation Failure) 347M->10M(1022M) 2.320ms
[344.808s][info][gc,cpu         ] GC(2033) User=0.00s Sys=0.00s Real=0.00s
[345.011s][info][gc,start       ] GC(2034) Pause Young (Allocation Failure)
[345.013s][info][gc,heap        ] GC(2034) PSYoungGen: 347104K(347648K)->1024K(347648K) Eden: 346112K(346112K)->0K(346112K) From: 992K(1536K)->1024K(1536K)
[345.013s][info][gc,heap        ] GC(2034) ParOldGen: 9299K(699392K)->9403K(699392K)
[345.013s][info][gc,metaspace   ] GC(2034) Metaspace: 14335K(15296K)->14335K(15296K) NonClass: 12375K(12928K)->12375K(12928K) Class: 1960K(2368K)->1960K(2368K)
[345.013s][info][gc             ] GC(2034) Pause Young (Allocation Failure) 348M->10M(1022M) 2.353ms
[345.013s][info][gc,cpu         ] GC(2034) User=0.00s Sys=0.00s Real=0.00s
[345.217s][info][gc,start       ] GC(2035) Pause Young (Allocation Failure)
[345.220s][info][gc,heap        ] GC(2035) PSYoungGen: 347136K(347648K)->992K(347648K) Eden: 346112K(346112K)->0K(346112K) From: 1024K(1536K)->992K(1536K)
[345.220s][info][gc,heap        ] GC(2035) ParOldGen: 9403K(699392K)->9491K(699392K)
[345.220s][info][gc,metaspace   ] GC(2035) Metaspace: 14335K(15296K)->14335K(15296K) NonClass: 12375K(12928K)->12375K(12928K) Class: 1960K(2368K)->1960K(2368K)
[345.220s][info][gc             ] GC(2035) Pause Young (Allocation Failure) 348M->10M(1022M) 2.387ms
[345.220s][info][gc,cpu         ] GC(2035) User=0.52s Sys=0.00s Real=0.00s
[345.425s][info][gc,start       ] GC(2036) Pause Young (Allocation Failure)
[345.427s][info][gc,heap        ] GC(2036) PSYoungGen: 347104K(347648K)->1024K(347648K) Eden: 346112K(346112K)->0K(346112K) From: 992K(1536K)->1024K(1536K)
[345.427s][info][gc,heap        ] GC(2036) ParOldGen: 9491K(699392K)->9579K(699392K)
[345.427s][info][gc,metaspace   ] GC(2036) Metaspace: 14335K(15296K)->14335K(15296K) NonClass: 12375K(12928K)->12375K(12928K) Class: 1960K(2368K)->1960K(2368K)
[345.427s][info][gc             ] GC(2036) Pause Young (Allocation Failure) 348M->10M(1022M) 2.439ms
[345.427s][info][gc,cpu         ] GC(2036) User=0.00s Sys=0.00s Real=0.00s
[345.734s][info][gc,start       ] GC(2037) Pause Young (Allocation Failure)
[345.737s][info][gc,heap        ] GC(2037) PSYoungGen: 347136K(347648K)->1024K(347648K) Eden: 346112K(346112K)->0K(346112K) From: 1024K(1536K)->1024K(1536K)
[345.737s][info][gc,heap        ] GC(2037) ParOldGen: 9579K(699392K)->9667K(699392K)
[345.737s][info][gc,metaspace   ] GC(2037) Metaspace: 14335K(15296K)->14335K(15296K) NonClass: 12375K(12928K)->12375K(12928K) Class: 1960K(2368K)->1960K(2368K)
[345.737s][info][gc             ] GC(2037) Pause Young (Allocation Failure) 348M->10M(1022M) 3.162ms
[345.737s][info][gc,cpu         ] GC(2037) User=0.00s Sys=0.00s Real=0.00s
[345.945s][info][gc,start       ] GC(2038) Pause Young (Allocation Failure)
[345.948s][info][gc,heap        ] GC(2038) PSYoungGen: 347136K(347648K)->1024K(347648K) Eden: 346112K(346112K)->0K(346112K) From: 1024K(1536K)->1024K(1536K)
[345.948s][info][gc,heap        ] GC(2038) ParOldGen: 9667K(699392K)->9739K(699392K)
[345.948s][info][gc,metaspace   ] GC(2038) Metaspace: 14335K(15296K)->14335K(15296K) NonClass: 12375K(12928K)->12375K(12928K) Class: 1960K(2368K)->1960K(2368K)
[345.948s][info][gc             ] GC(2038) Pause Young (Allocation Failure) 348M->10M(1022M) 2.292ms
[345.948s][info][gc,cpu         ] GC(2038) User=0.00s Sys=0.00s Real=0.00s
[346.150s][info][gc,start       ] GC(2039) Pause Young (Allocation Failure)
[346.152s][info][gc,heap        ] GC(2039) PSYoungGen: 347136K(347648K)->1024K(337408K) Eden: 346112K(346112K)->0K(336384K) From: 1024K(1536K)->1024K(1024K)
[346.152s][info][gc,heap        ] GC(2039) ParOldGen: 9739K(699392K)->9859K(699392K)
[346.152s][info][gc,metaspace   ] GC(2039) Metaspace: 14335K(15296K)->14335K(15296K) NonClass: 12375K(12928K)->12375K(12928K) Class: 1960K(2368K)->1960K(2368K)
[346.152s][info][gc             ] GC(2039) Pause Young (Allocation Failure) 348M->10M(1012M) 2.052ms
[346.152s][info][gc,cpu         ] GC(2039) User=0.00s Sys=0.00s Real=0.00s
[346.349s][info][gc,start       ] GC(2040) Pause Young (Allocation Failure)
[346.351s][info][gc,heap        ] GC(2040) PSYoungGen: 337408K(337408K)->1024K(328192K) Eden: 336384K(336384K)->0K(327168K) From: 1024K(1024K)->1024K(1024K)
[346.351s][info][gc,heap        ] GC(2040) ParOldGen: 9859K(699392K)->9947K(699392K)
[346.351s][info][gc,metaspace   ] GC(2040) Metaspace: 14335K(15296K)->14335K(15296K) NonClass: 12375K(12928K)->12375K(12928K) Class: 1960K(2368K)->1960K(2368K)
[346.351s][info][gc             ] GC(2040) Pause Young (Allocation Failure) 339M->10M(1003M) 2.060ms
[346.351s][info][gc,cpu         ] GC(2040) User=0.00s Sys=0.00s Real=0.00s
[346.541s][info][gc,start       ] GC(2041) Pause Young (Allocation Failure)
[346.543s][info][gc,heap        ] GC(2041) PSYoungGen: 328192K(328192K)->992K(319488K) Eden: 327168K(327168K)->0K(318464K) From: 1024K(1024K)->992K(1024K)
[346.543s][info][gc,heap        ] GC(2041) ParOldGen: 9947K(699392K)->10035K(699392K)
[346.543s][info][gc,metaspace   ] GC(2041) Metaspace: 14335K(15296K)->14335K(15296K) NonClass: 12375K(12928K)->12375K(12928K) Class: 1960K(2368K)->1960K(2368K)
[346.543s][info][gc             ] GC(2041) Pause Young (Allocation Failure) 330M->10M(995M) 2.092ms
[346.543s][info][gc,cpu         ] GC(2041) User=0.00s Sys=0.00s Real=0.00s
[346.729s][info][gc,start       ] GC(2042) Pause Young (Allocation Failure)
[346.730s][info][gc,heap        ] GC(2042) PSYoungGen: 319456K(319488K)->1024K(310784K) Eden: 318464K(318464K)->0K(309760K) From: 992K(1024K)->1024K(1024K)
[346.731s][info][gc,heap        ] GC(2042) ParOldGen: 10035K(699392K)->10107K(699392K)
[346.731s][info][gc,metaspace   ] GC(2042) Metaspace: 14335K(15296K)->14335K(15296K) NonClass: 12375K(12928K)->12375K(12928K) Class: 1960K(2368K)->1960K(2368K)
[346.731s][info][gc             ] GC(2042) Pause Young (Allocation Failure) 321M->10M(986M) 1.965ms
[346.731s][info][gc,cpu         ] GC(2042) User=0.00s Sys=0.00s Real=0.00s
[346.909s][info][gc,start       ] GC(2043) Pause Young (Allocation Failure)
[346.911s][info][gc,heap        ] GC(2043) PSYoungGen: 310784K(310784K)->960K(302592K) Eden: 309760K(309760K)->0K(301568K) From: 1024K(1024K)->960K(1024K)
[346.911s][info][gc,heap        ] GC(2043) ParOldGen: 10107K(699392K)->10203K(699392K)
[346.911s][info][gc,metaspace   ] GC(2043) Metaspace: 14335K(15296K)->14335K(15296K) NonClass: 12375K(12928K)->12375K(12928K) Class: 1960K(2368K)->1960K(2368K)
[346.911s][info][gc             ] GC(2043) Pause Young (Allocation Failure) 313M->10M(978M) 2.002ms
[346.911s][info][gc,cpu         ] GC(2043) User=0.00s Sys=0.00s Real=0.00s
[347.085s][info][gc,start       ] GC(2044) Pause Young (Allocation Failure)
[347.087s][info][gc,heap        ] GC(2044) PSYoungGen: 302528K(302592K)->1024K(345088K) Eden: 301568K(301568K)->0K(343552K) From: 960K(1024K)->1024K(1536K)
[347.087s][info][gc,heap        ] GC(2044) ParOldGen: 10203K(699392K)->10275K(699392K)
[347.087s][info][gc,metaspace   ] GC(2044) Metaspace: 14335K(15296K)->14335K(15296K) NonClass: 12375K(12928K)->12375K(12928K) Class: 1960K(2368K)->1960K(2368K)
[347.087s][info][gc             ] GC(2044) Pause Young (Allocation Failure) 305M->11M(1020M) 2.046ms
[347.087s][info][gc,cpu         ] GC(2044) User=0.00s Sys=0.00s Real=0.00s
[347.287s][info][gc,start       ] GC(2045) Pause Young (Allocation Failure)
[347.289s][info][gc,heap        ] GC(2045) PSYoungGen: 344576K(345088K)->1024K(334848K) Eden: 343552K(343552K)->0K(333824K) From: 1024K(1536K)->1024K(1024K)
[347.289s][info][gc,heap        ] GC(2045) ParOldGen: 10275K(699392K)->10347K(699392K)
[347.289s][info][gc,metaspace   ] GC(2045) Metaspace: 14335K(15296K)->14335K(15296K) NonClass: 12375K(12928K)->12375K(12928K) Class: 1960K(2368K)->1960K(2368K)
[347.289s][info][gc             ] GC(2045) Pause Young (Allocation Failure) 346M->11M(1010M) 2.190ms
[347.289s][info][gc,cpu         ] GC(2045) User=0.00s Sys=0.00s Real=0.00s
[347.482s][info][gc,start       ] GC(2046) Pause Young (Allocation Failure)
[347.484s][info][gc,heap        ] GC(2046) PSYoungGen: 334848K(334848K)->960K(325632K) Eden: 333824K(333824K)->0K(324608K) From: 1024K(1024K)->960K(1024K)
[347.484s][info][gc,heap        ] GC(2046) ParOldGen: 10347K(699392K)->10427K(699392K)
[347.484s][info][gc,metaspace   ] GC(2046) Metaspace: 14335K(15296K)->14335K(15296K) NonClass: 12375K(12928K)->12375K(12928K) Class: 1960K(2368K)->1960K(2368K)
[347.484s][info][gc             ] GC(2046) Pause Young (Allocation Failure) 337M->11M(1001M) 2.111ms
[347.484s][info][gc,cpu         ] GC(2046) User=0.02s Sys=0.25s Real=0.00s
[347.673s][info][gc,start       ] GC(2047) Pause Young (Allocation Failure)
[347.676s][info][gc,heap        ] GC(2047) PSYoungGen: 325568K(325632K)->1024K(344064K) Eden: 324608K(324608K)->0K(342528K) From: 960K(1024K)->1024K(1536K)
[347.676s][info][gc,heap        ] GC(2047) ParOldGen: 10427K(699392K)->10499K(699392K)
[347.676s][info][gc,metaspace   ] GC(2047) Metaspace: 14335K(15296K)->14335K(15296K) NonClass: 12375K(12928K)->12375K(12928K) Class: 1960K(2368K)->1960K(2368K)
[347.676s][info][gc             ] GC(2047) Pause Young (Allocation Failure) 328M->11M(1019M) 2.146ms
[347.676s][info][gc,cpu         ] GC(2047) User=0.00s Sys=0.00s Real=0.00s
[347.874s][info][gc,start       ] GC(2048) Pause Young (Allocation Failure)
[347.876s][info][gc,heap        ] GC(2048) PSYoungGen: 343552K(344064K)->1056K(347648K) Eden: 342528K(342528K)->0K(346112K) From: 1024K(1536K)->1056K(1536K)
[347.876s][info][gc,heap        ] GC(2048) ParOldGen: 10499K(699392K)->10563K(699392K)
[347.876s][info][gc,metaspace   ] GC(2048) Metaspace: 14335K(15296K)->14335K(15296K) NonClass: 12375K(12928K)->12375K(12928K) Class: 1960K(2368K)->1960K(2368K)
[347.876s][info][gc             ] GC(2048) Pause Young (Allocation Failure) 345M->11M(1022M) 2.171ms
[347.876s][info][gc,cpu         ] GC(2048) User=0.52s Sys=0.00s Real=0.00s
[348.077s][info][gc,start       ] GC(2049) Pause Young (Allocation Failure)
[348.090s][info][gc,heap        ] GC(2049) PSYoungGen: 347168K(347648K)->1056K(347648K) Eden: 346112K(346112K)->0K(346112K) From: 1056K(1536K)->1056K(1536K)
[348.090s][info][gc,heap        ] GC(2049) ParOldGen: 10563K(699392K)->10635K(699392K)
[348.090s][info][gc,metaspace   ] GC(2049) Metaspace: 14335K(15296K)->14335K(15296K) NonClass: 12375K(12928K)->12375K(12928K) Class: 1960K(2368K)->1960K(2368K)
[348.090s][info][gc             ] GC(2049) Pause Young (Allocation Failure) 349M->11M(1022M) 13.206ms
[348.090s][info][gc,cpu         ] GC(2049) User=0.00s Sys=0.00s Real=0.01s
[348.293s][info][gc,start       ] GC(2050) Pause Young (Allocation Failure)
[348.295s][info][gc,heap        ] GC(2050) PSYoungGen: 347168K(347648K)->992K(347648K) Eden: 346112K(346112K)->0K(346112K) From: 1056K(1536K)->992K(1536K)
[348.295s][info][gc,heap        ] GC(2050) ParOldGen: 10635K(699392K)->10739K(699392K)
[348.295s][info][gc,metaspace   ] GC(2050) Metaspace: 14335K(15296K)->14335K(15296K) NonClass: 12375K(12928K)->12375K(12928K) Class: 1960K(2368K)->1960K(2368K)
[348.295s][info][gc             ] GC(2050) Pause Young (Allocation Failure) 349M->11M(1022M) 2.238ms
[348.295s][info][gc,cpu         ] GC(2050) User=0.00s Sys=0.00s Real=0.00s
[348.496s][info][gc,start       ] GC(2051) Pause Young (Allocation Failure)
[348.498s][info][gc,heap        ] GC(2051) PSYoungGen: 347104K(347648K)->1024K(347648K) Eden: 346112K(346112K)->0K(346112K) From: 992K(1536K)->1024K(1536K)
[348.498s][info][gc,heap        ] GC(2051) ParOldGen: 10739K(699392K)->10827K(699392K)
[348.498s][info][gc,metaspace   ] GC(2051) Metaspace: 14335K(15296K)->14335K(15296K) NonClass: 12375K(12928K)->12375K(12928K) Class: 1960K(2368K)->1960K(2368K)
[348.498s][info][gc             ] GC(2051) Pause Young (Allocation Failure) 349M->11M(1022M) 2.279ms
[348.498s][info][gc,cpu         ] GC(2051) User=0.00s Sys=0.00s Real=0.00s
[348.700s][info][gc,start       ] GC(2052) Pause Young (Allocation Failure)
[348.702s][info][gc,heap        ] GC(2052) PSYoungGen: 347136K(347648K)->992K(347648K) Eden: 346112K(346112K)->0K(346112K) From: 1024K(1536K)->992K(1536K)
[348.702s][info][gc,heap        ] GC(2052) ParOldGen: 10827K(699392K)->10931K(699392K)
[348.702s][info][gc,metaspace   ] GC(2052) Metaspace: 14335K(15296K)->14335K(15296K) NonClass: 12375K(12928K)->12375K(12928K) Class: 1960K(2368K)->1960K(2368K)
[348.702s][info][gc             ] GC(2052) Pause Young (Allocation Failure) 349M->11M(1022M) 2.306ms
[348.702s][info][gc,cpu         ] GC(2052) User=0.00s Sys=0.00s Real=0.00s
[348.905s][info][gc,start       ] GC(2053) Pause Young (Allocation Failure)
[348.908s][info][gc,heap        ] GC(2053) PSYoungGen: 347104K(347648K)->1024K(347648K) Eden: 346112K(346112K)->0K(346112K) From: 992K(1536K)->1024K(1536K)
[348.908s][info][gc,heap        ] GC(2053) ParOldGen: 10931K(699392K)->11003K(699392K)
[348.908s][info][gc,metaspace   ] GC(2053) Metaspace: 14335K(15296K)->14335K(15296K) NonClass: 12375K(12928K)->12375K(12928K) Class: 1960K(2368K)->1960K(2368K)
[348.908s][info][gc             ] GC(2053) Pause Young (Allocation Failure) 349M->11M(1022M) 2.337ms
[348.908s][info][gc,cpu         ] GC(2053) User=0.52s Sys=0.00s Real=0.00s
[349.110s][info][gc,start       ] GC(2054) Pause Young (Allocation Failure)
[349.112s][info][gc,heap        ] GC(2054) PSYoungGen: 347136K(347648K)->992K(347648K) Eden: 346112K(346112K)->0K(346112K) From: 1024K(1536K)->992K(1536K)
[349.112s][info][gc,heap        ] GC(2054) ParOldGen: 11003K(699392K)->11075K(699392K)
[349.112s][info][gc,metaspace   ] GC(2054) Metaspace: 14335K(15296K)->14335K(15296K) NonClass: 12375K(12928K)->12375K(12928K) Class: 1960K(2368K)->1960K(2368K)
[349.112s][info][gc             ] GC(2054) Pause Young (Allocation Failure) 349M->11M(1022M) 2.389ms
[349.112s][info][gc,cpu         ] GC(2054) User=0.00s Sys=0.00s Real=0.00s
[349.314s][info][gc,start       ] GC(2055) Pause Young (Allocation Failure)
[349.317s][info][gc,heap        ] GC(2055) PSYoungGen: 347104K(347648K)->1024K(347648K) Eden: 346112K(346112K)->0K(346112K) From: 992K(1536K)->1024K(1536K)
[349.317s][info][gc,heap        ] GC(2055) ParOldGen: 11075K(699392K)->11151K(699392K)
[349.317s][info][gc,metaspace   ] GC(2055) Metaspace: 14335K(15296K)->14335K(15296K) NonClass: 12375K(12928K)->12375K(12928K) Class: 1960K(2368K)->1960K(2368K)
[349.317s][info][gc             ] GC(2055) Pause Young (Allocation Failure) 349M->11M(1022M) 2.366ms
[349.317s][info][gc,cpu         ] GC(2055) User=0.00s Sys=0.00s Real=0.00s
[349.629s][info][gc,start       ] GC(2056) Pause Young (Allocation Failure)
[349.633s][info][gc,heap        ] GC(2056) PSYoungGen: 347136K(347648K)->992K(347648K) Eden: 346112K(346112K)->0K(346112K) From: 1024K(1536K)->992K(1536K)
[349.633s][info][gc,heap        ] GC(2056) ParOldGen: 11151K(699392K)->11239K(699392K)
[349.633s][info][gc,metaspace   ] GC(2056) Metaspace: 14335K(15296K)->14335K(15296K) NonClass: 12375K(12928K)->12375K(12928K) Class: 1960K(2368K)->1960K(2368K)
[349.633s][info][gc             ] GC(2056) Pause Young (Allocation Failure) 349M->11M(1022M) 3.233ms
[349.633s][info][gc,cpu         ] GC(2056) User=0.00s Sys=0.00s Real=0.00s
[349.844s][info][gc,start       ] GC(2057) Pause Young (Allocation Failure)
[349.846s][info][gc,heap        ] GC(2057) PSYoungGen: 347104K(347648K)->960K(347648K) Eden: 346112K(346112K)->0K(346112K) From: 992K(1536K)->960K(1536K)
[349.846s][info][gc,heap        ] GC(2057) ParOldGen: 11239K(699392K)->11311K(699392K)
[349.846s][info][gc,metaspace   ] GC(2057) Metaspace: 14335K(15296K)->14335K(15296K) NonClass: 12375K(12928K)->12375K(12928K) Class: 1960K(2368K)->1960K(2368K)
[349.846s][info][gc             ] GC(2057) Pause Young (Allocation Failure) 349M->11M(1022M) 2.257ms
[349.846s][info][gc,cpu         ] GC(2057) User=0.00s Sys=0.00s Real=0.00s
[350.049s][info][gc,start       ] GC(2058) Pause Young (Allocation Failure)
[350.051s][info][gc,heap        ] GC(2058) PSYoungGen: 347072K(347648K)->992K(347648K) Eden: 346112K(346112K)->0K(346112K) From: 960K(1536K)->992K(1536K)
[350.051s][info][gc,heap        ] GC(2058) ParOldGen: 11311K(699392K)->11407K(699392K)
[350.051s][info][gc,metaspace   ] GC(2058) Metaspace: 14335K(15296K)->14335K(15296K) NonClass: 12375K(12928K)->12375K(12928K) Class: 1960K(2368K)->1960K(2368K)
[350.051s][info][gc             ] GC(2058) Pause Young (Allocation Failure) 349M->12M(1022M) 2.095ms
[350.051s][info][gc,cpu         ] GC(2058) User=0.00s Sys=0.00s Real=0.00s
[350.253s][info][gc,start       ] GC(2059) Pause Young (Allocation Failure)
[350.255s][info][gc,heap        ] GC(2059) PSYoungGen: 347103K(347648K)->992K(337408K) Eden: 346111K(346112K)->0K(336384K) From: 992K(1536K)->992K(1024K)
[350.255s][info][gc,heap        ] GC(2059) ParOldGen: 11407K(699392K)->11487K(699392K)
[350.255s][info][gc,metaspace   ] GC(2059) Metaspace: 14335K(15296K)->14335K(15296K) NonClass: 12375K(12928K)->12375K(12928K) Class: 1960K(2368K)->1960K(2368K)
[350.255s][info][gc             ] GC(2059) Pause Young (Allocation Failure) 350M->12M(1012M) 2.130ms
[350.255s][info][gc,cpu         ] GC(2059) User=0.00s Sys=0.00s Real=0.00s
[350.455s][info][gc,start       ] GC(2060) Pause Young (Allocation Failure)
[350.457s][info][gc,heap        ] GC(2060) PSYoungGen: 337376K(337408K)->1024K(328192K) Eden: 336384K(336384K)->0K(327168K) From: 992K(1024K)->1024K(1024K)
[350.457s][info][gc,heap        ] GC(2060) ParOldGen: 11487K(699392K)->11575K(699392K)
[350.457s][info][gc,metaspace   ] GC(2060) Metaspace: 14335K(15296K)->14335K(15296K) NonClass: 12375K(12928K)->12375K(12928K) Class: 1960K(2368K)->1960K(2368K)
[350.457s][info][gc             ] GC(2060) Pause Young (Allocation Failure) 340M->12M(1003M) 1.936ms
[350.457s][info][gc,cpu         ] GC(2060) User=0.00s Sys=0.00s Real=0.00s
[350.649s][info][gc,start       ] GC(2061) Pause Young (Allocation Failure)
[350.651s][info][gc,heap        ] GC(2061) PSYoungGen: 328192K(328192K)->992K(319488K) Eden: 327168K(327168K)->0K(318464K) From: 1024K(1024K)->992K(1024K)
[350.651s][info][gc,heap        ] GC(2061) ParOldGen: 11575K(699392K)->11647K(699392K)
[350.651s][info][gc,metaspace   ] GC(2061) Metaspace: 14335K(15296K)->14335K(15296K) NonClass: 12375K(12928K)->12375K(12928K) Class: 1960K(2368K)->1960K(2368K)
[350.651s][info][gc             ] GC(2061) Pause Young (Allocation Failure) 331M->12M(995M) 2.004ms
[350.651s][info][gc,cpu         ] GC(2061) User=0.00s Sys=0.00s Real=0.00s
[350.839s][info][gc,start       ] GC(2062) Pause Young (Allocation Failure)
[350.852s][info][gc,heap        ] GC(2062) PSYoungGen: 319456K(319488K)->992K(310784K) Eden: 318464K(318464K)->0K(309760K) From: 992K(1024K)->992K(1024K)
[350.852s][info][gc,heap        ] GC(2062) ParOldGen: 11647K(699392K)->11751K(699392K)
[350.852s][info][gc,metaspace   ] GC(2062) Metaspace: 14335K(15296K)->14335K(15296K) NonClass: 12375K(12928K)->12375K(12928K) Class: 1960K(2368K)->1960K(2368K)
[350.852s][info][gc             ] GC(2062) Pause Young (Allocation Failure) 323M->12M(986M) 13.497ms
[350.852s][info][gc,cpu         ] GC(2062) User=0.00s Sys=0.00s Real=0.01s
[351.034s][info][gc,start       ] GC(2063) Pause Young (Allocation Failure)
[351.036s][info][gc,heap        ] GC(2063) PSYoungGen: 310752K(310784K)->1024K(302592K) Eden: 309760K(309760K)->0K(301568K) From: 992K(1024K)->1024K(1024K)
[351.036s][info][gc,heap        ] GC(2063) ParOldGen: 11751K(699392K)->11823K(699392K)
[351.036s][info][gc,metaspace   ] GC(2063) Metaspace: 14335K(15296K)->14335K(15296K) NonClass: 12375K(12928K)->12375K(12928K) Class: 1960K(2368K)->1960K(2368K)
[351.036s][info][gc             ] GC(2063) Pause Young (Allocation Failure) 314M->12M(978M) 2.028ms
[351.036s][info][gc,cpu         ] GC(2063) User=0.00s Sys=0.00s Real=0.00s
[351.213s][info][gc,start       ] GC(2064) Pause Young (Allocation Failure)
[351.215s][info][gc,heap        ] GC(2064) PSYoungGen: 302592K(302592K)->992K(294912K) Eden: 301568K(301568K)->0K(293888K) From: 1024K(1024K)->992K(1024K)
[351.215s][info][gc,heap        ] GC(2064) ParOldGen: 11823K(699392K)->11895K(699392K)
[351.215s][info][gc,metaspace   ] GC(2064) Metaspace: 14335K(15296K)->14335K(15296K) NonClass: 12375K(12928K)->12375K(12928K) Class: 1960K(2368K)->1960K(2368K)
[351.215s][info][gc             ] GC(2064) Pause Young (Allocation Failure) 307M->12M(971M) 2.047ms
[351.215s][info][gc,cpu         ] GC(2064) User=0.00s Sys=0.00s Real=0.00s
[351.388s][info][gc,start       ] GC(2065) Pause Young (Allocation Failure)
[351.390s][info][gc,heap        ] GC(2065) PSYoungGen: 294880K(294912K)->992K(344576K) Eden: 293888K(293888K)->0K(343040K) From: 992K(1024K)->992K(1536K)
[351.390s][info][gc,heap        ] GC(2065) ParOldGen: 11895K(699392K)->11967K(699392K)
[351.390s][info][gc,metaspace   ] GC(2065) Metaspace: 14335K(15296K)->14335K(15296K) NonClass: 12375K(12928K)->12375K(12928K) Class: 1960K(2368K)->1960K(2368K)
[351.390s][info][gc             ] GC(2065) Pause Young (Allocation Failure) 299M->12M(1019M) 2.085ms
[351.390s][info][gc,cpu         ] GC(2065) User=0.52s Sys=0.00s Real=0.00s
[351.591s][info][gc,start       ] GC(2066) Pause Young (Allocation Failure)
[351.593s][info][gc,heap        ] GC(2066) PSYoungGen: 344032K(344576K)->1056K(347648K) Eden: 343040K(343040K)->0K(346112K) From: 992K(1536K)->1056K(1536K)
[351.593s][info][gc,heap        ] GC(2066) ParOldGen: 11967K(699392K)->12031K(699392K)
[351.593s][info][gc,metaspace   ] GC(2066) Metaspace: 14335K(15296K)->14335K(15296K) NonClass: 12375K(12928K)->12375K(12928K) Class: 1960K(2368K)->1960K(2368K)
[351.593s][info][gc             ] GC(2066) Pause Young (Allocation Failure) 347M->12M(1022M) 2.145ms
[351.593s][info][gc,cpu         ] GC(2066) User=0.00s Sys=0.00s Real=0.00s
[351.797s][info][gc,start       ] GC(2067) Pause Young (Allocation Failure)
[351.799s][info][gc,heap        ] GC(2067) PSYoungGen: 347168K(347648K)->1056K(347648K) Eden: 346112K(346112K)->0K(346112K) From: 1056K(1536K)->1056K(1536K)
[351.799s][info][gc,heap        ] GC(2067) ParOldGen: 12031K(699392K)->12095K(699392K)
[351.799s][info][gc,metaspace   ] GC(2067) Metaspace: 14335K(15296K)->14335K(15296K) NonClass: 12375K(12928K)->12375K(12928K) Class: 1960K(2368K)->1960K(2368K)
[351.799s][info][gc             ] GC(2067) Pause Young (Allocation Failure) 350M->12M(1022M) 2.178ms
[351.799s][info][gc,cpu         ] GC(2067) User=0.00s Sys=0.00s Real=0.00s
[352.003s][info][gc,start       ] GC(2068) Pause Young (Allocation Failure)
[352.005s][info][gc,heap        ] GC(2068) PSYoungGen: 347168K(347648K)->960K(347648K) Eden: 346112K(346112K)->0K(346112K) From: 1056K(1536K)->960K(1536K)
[352.005s][info][gc,heap        ] GC(2068) ParOldGen: 12095K(699392K)->12183K(699392K)
[352.005s][info][gc,metaspace   ] GC(2068) Metaspace: 14335K(15296K)->14335K(15296K) NonClass: 12375K(12928K)->12375K(12928K) Class: 1960K(2368K)->1960K(2368K)
[352.005s][info][gc             ] GC(2068) Pause Young (Allocation Failure) 350M->12M(1022M) 2.187ms
[352.005s][info][gc,cpu         ] GC(2068) User=0.00s Sys=0.00s Real=0.00s
[352.210s][info][gc,start       ] GC(2069) Pause Young (Allocation Failure)
[352.212s][info][gc,heap        ] GC(2069) PSYoungGen: 347072K(347648K)->1024K(347648K) Eden: 346112K(346112K)->0K(346112K) From: 960K(1536K)->1024K(1536K)
[352.212s][info][gc,heap        ] GC(2069) ParOldGen: 12183K(699392K)->12263K(699392K)
[352.212s][info][gc,metaspace   ] GC(2069) Metaspace: 14335K(15296K)->14335K(15296K) NonClass: 12375K(12928K)->12375K(12928K) Class: 1960K(2368K)->1960K(2368K)
[352.212s][info][gc             ] GC(2069) Pause Young (Allocation Failure) 350M->12M(1022M) 2.217ms
[352.212s][info][gc,cpu         ] GC(2069) User=0.00s Sys=0.00s Real=0.00s
[352.415s][info][gc,start       ] GC(2070) Pause Young (Allocation Failure)
[352.417s][info][gc,heap        ] GC(2070) PSYoungGen: 347136K(347648K)->1024K(347648K) Eden: 346112K(346112K)->0K(346112K) From: 1024K(1536K)->1024K(1536K)
[352.417s][info][gc,heap        ] GC(2070) ParOldGen: 12263K(699392K)->12335K(699392K)
[352.417s][info][gc,metaspace   ] GC(2070) Metaspace: 14335K(15296K)->14335K(15296K) NonClass: 12375K(12928K)->12375K(12928K) Class: 1960K(2368K)->1960K(2368K)
[352.417s][info][gc             ] GC(2070) Pause Young (Allocation Failure) 350M->13M(1022M) 2.311ms
[352.417s][info][gc,cpu         ] GC(2070) User=0.00s Sys=0.00s Real=0.00s
[352.620s][info][gc,start       ] GC(2071) Pause Young (Allocation Failure)
[352.623s][info][gc,heap        ] GC(2071) PSYoungGen: 347136K(347648K)->1024K(347648K) Eden: 346112K(346112K)->0K(346112K) From: 1024K(1536K)->1024K(1536K)
[352.623s][info][gc,heap        ] GC(2071) ParOldGen: 12335K(699392K)->12415K(699392K)
[352.623s][info][gc,metaspace   ] GC(2071) Metaspace: 14335K(15296K)->14335K(15296K) NonClass: 12375K(12928K)->12375K(12928K) Class: 1960K(2368K)->1960K(2368K)
[352.623s][info][gc             ] GC(2071) Pause Young (Allocation Failure) 351M->13M(1022M) 2.296ms
[352.623s][info][gc,cpu         ] GC(2071) User=0.00s Sys=0.00s Real=0.00s
[352.826s][info][gc,start       ] GC(2072) Pause Young (Allocation Failure)
[352.828s][info][gc,heap        ] GC(2072) PSYoungGen: 347136K(347648K)->960K(347648K) Eden: 346112K(346112K)->0K(346112K) From: 1024K(1536K)->960K(1536K)
[352.828s][info][gc,heap        ] GC(2072) ParOldGen: 12415K(699392K)->12487K(699392K)
[352.829s][info][gc,metaspace   ] GC(2072) Metaspace: 14335K(15296K)->14335K(15296K) NonClass: 12375K(12928K)->12375K(12928K) Class: 1960K(2368K)->1960K(2368K)
[352.829s][info][gc             ] GC(2072) Pause Young (Allocation Failure) 351M->13M(1022M) 2.322ms
[352.829s][info][gc,cpu         ] GC(2072) User=0.52s Sys=0.00s Real=0.00s
[353.032s][info][gc,start       ] GC(2073) Pause Young (Allocation Failure)
[353.034s][info][gc,heap        ] GC(2073) PSYoungGen: 347072K(347648K)->1024K(347648K) Eden: 346112K(346112K)->0K(346112K) From: 960K(1536K)->1024K(1536K)
[353.034s][info][gc,heap        ] GC(2073) ParOldGen: 12487K(699392K)->12575K(699392K)
[353.034s][info][gc,metaspace   ] GC(2073) Metaspace: 14335K(15296K)->14335K(15296K) NonClass: 12375K(12928K)->12375K(12928K) Class: 1960K(2368K)->1960K(2368K)
[353.034s][info][gc             ] GC(2073) Pause Young (Allocation Failure) 351M->13M(1022M) 2.361ms
[353.034s][info][gc,cpu         ] GC(2073) User=0.00s Sys=0.00s Real=0.00s
[353.240s][info][gc,start       ] GC(2074) Pause Young (Allocation Failure)
[353.242s][info][gc,heap        ] GC(2074) PSYoungGen: 347136K(347648K)->992K(347648K) Eden: 346112K(346112K)->0K(346112K) From: 1024K(1536K)->992K(1536K)
[353.242s][info][gc,heap        ] GC(2074) ParOldGen: 12575K(699392K)->12671K(699392K)
[353.242s][info][gc,metaspace   ] GC(2074) Metaspace: 14335K(15296K)->14335K(15296K) NonClass: 12375K(12928K)->12375K(12928K) Class: 1960K(2368K)->1960K(2368K)
[353.242s][info][gc             ] GC(2074) Pause Young (Allocation Failure) 351M->13M(1022M) 2.403ms
[353.242s][info][gc,cpu         ] GC(2074) User=0.00s Sys=0.00s Real=0.00s
[353.531s][info][gc,start       ] GC(2075) Pause Young (Allocation Failure)
[353.534s][info][gc,heap        ] GC(2075) PSYoungGen: 347104K(347648K)->992K(347648K) Eden: 346112K(346112K)->0K(346112K) From: 992K(1536K)->992K(1536K)
[353.534s][info][gc,heap        ] GC(2075) ParOldGen: 12671K(699392K)->12767K(699392K)
[353.534s][info][gc,metaspace   ] GC(2075) Metaspace: 14335K(15296K)->14335K(15296K) NonClass: 12375K(12928K)->12375K(12928K) Class: 1960K(2368K)->1960K(2368K)
[353.534s][info][gc             ] GC(2075) Pause Young (Allocation Failure) 351M->13M(1022M) 3.230ms
[353.534s][info][gc,cpu         ] GC(2075) User=0.00s Sys=0.00s Real=0.00s
[353.754s][info][gc,start       ] GC(2076) Pause Young (Allocation Failure)
[353.757s][info][gc,heap        ] GC(2076) PSYoungGen: 347104K(347648K)->992K(347648K) Eden: 346112K(346112K)->0K(346112K) From: 992K(1536K)->992K(1536K)
[353.757s][info][gc,heap        ] GC(2076) ParOldGen: 12767K(699392K)->12855K(699392K)
[353.757s][info][gc,metaspace   ] GC(2076) Metaspace: 14335K(15296K)->14335K(15296K) NonClass: 12375K(12928K)->12375K(12928K) Class: 1960K(2368K)->1960K(2368K)
[353.757s][info][gc             ] GC(2076) Pause Young (Allocation Failure) 351M->13M(1022M) 2.256ms
[353.757s][info][gc,cpu         ] GC(2076) User=0.00s Sys=0.00s Real=0.00s
[353.979s][info][gc,start       ] GC(2077) Pause Young (Allocation Failure)
[353.981s][info][gc,heap        ] GC(2077) PSYoungGen: 347104K(347648K)->992K(337408K) Eden: 346112K(346112K)->0K(336384K) From: 992K(1536K)->992K(1024K)
[353.981s][info][gc,heap        ] GC(2077) ParOldGen: 12855K(699392K)->12935K(699392K)
[353.981s][info][gc,metaspace   ] GC(2077) Metaspace: 14335K(15296K)->14335K(15296K) NonClass: 12375K(12928K)->12375K(12928K) Class: 1960K(2368K)->1960K(2368K)
[353.981s][info][gc             ] GC(2077) Pause Young (Allocation Failure) 351M->13M(1012M) 1.993ms
[353.981s][info][gc,cpu         ] GC(2077) User=0.00s Sys=0.00s Real=0.00s
[354.221s][info][gc,start       ] GC(2078) Pause Young (Allocation Failure)
[354.223s][info][gc,heap        ] GC(2078) PSYoungGen: 337375K(337408K)->928K(328192K) Eden: 336383K(336384K)->0K(327168K) From: 992K(1024K)->928K(1024K)
[354.223s][info][gc,heap        ] GC(2078) ParOldGen: 12935K(699392K)->13031K(699392K)
[354.223s][info][gc,metaspace   ] GC(2078) Metaspace: 14335K(15296K)->14335K(15296K) NonClass: 12375K(12928K)->12375K(12928K) Class: 1960K(2368K)->1960K(2368K)
[354.223s][info][gc             ] GC(2078) Pause Young (Allocation Failure) 342M->13M(1003M) 2.109ms
[354.223s][info][gc,cpu         ] GC(2078) User=0.00s Sys=0.00s Real=0.00s
[354.388s][info][gc,start       ] GC(2079) Pause Young (Allocation Failure)
[354.390s][info][gc,heap        ] GC(2079) PSYoungGen: 328096K(328192K)->832K(319488K) Eden: 327168K(327168K)->0K(318464K) From: 928K(1024K)->832K(1024K)
[354.390s][info][gc,heap        ] GC(2079) ParOldGen: 13031K(699392K)->13143K(699392K)
[354.390s][info][gc,metaspace   ] GC(2079) Metaspace: 14335K(15296K)->14335K(15296K) NonClass: 12375K(12928K)->12375K(12928K) Class: 1960K(2368K)->1960K(2368K)
[354.390s][info][gc             ] GC(2079) Pause Young (Allocation Failure) 333M->13M(995M) 1.930ms
[354.390s][info][gc,cpu         ] GC(2079) User=0.00s Sys=0.00s Real=0.00s
[354.669s][info][gc,start       ] GC(2080) Pause Young (System.gc())
[354.671s][info][gc,heap        ] GC(2080) PSYoungGen: 295401K(319488K)->448K(318976K) Eden: 294569K(318464K)->0K(318464K) From: 832K(1024K)->448K(512K)
[354.671s][info][gc,heap        ] GC(2080) ParOldGen: 13143K(699392K)->13223K(699392K)
[354.671s][info][gc,metaspace   ] GC(2080) Metaspace: 14335K(15296K)->14335K(15296K) NonClass: 12375K(12928K)->12375K(12928K) Class: 1960K(2368K)->1960K(2368K)
[354.671s][info][gc             ] GC(2080) Pause Young (System.gc()) 301M->13M(994M) 2.364ms
[354.672s][info][gc,cpu         ] GC(2080) User=0.00s Sys=0.00s Real=0.00s
[354.672s][info][gc,start       ] GC(2081) Pause Full (System.gc())
[354.672s][info][gc,phases,start] GC(2081) Marking Phase
[354.685s][info][gc,phases      ] GC(2081) Marking Phase 13.020ms
[354.685s][info][gc,phases,start] GC(2081) Summary Phase
[354.685s][info][gc,phases      ] GC(2081) Summary Phase 0.025ms
[354.685s][info][gc,phases,start] GC(2081) Adjust Roots
[354.689s][info][gc,phases      ] GC(2081) Adjust Roots 4.709ms
[354.689s][info][gc,phases,start] GC(2081) Compaction Phase
[354.691s][info][gc,phases      ] GC(2081) Compaction Phase 1.718ms
[354.691s][info][gc,phases,start] GC(2081) Post Compact
[354.692s][info][gc,phases      ] GC(2081) Post Compact 0.326ms
[354.692s][info][gc,heap        ] GC(2081) PSYoungGen: 448K(318976K)->0K(318976K) Eden: 0K(318464K)->0K(318464K) From: 448K(512K)->0K(512K)
[354.692s][info][gc,heap        ] GC(2081) ParOldGen: 13223K(699392K)->5374K(699392K)
[354.692s][info][gc,metaspace   ] GC(2081) Metaspace: 14335K(15296K)->14335K(15296K) NonClass: 12375K(12928K)->12375K(12928K) Class: 1960K(2368K)->1960K(2368K)
[354.692s][info][gc             ] GC(2081) Pause Full (System.gc()) 13M->5M(994M) 20.083ms
[354.692s][info][gc,cpu         ] GC(2081) User=0.02s Sys=0.00s Real=0.02s
[354.889s][info][gc,start       ] GC(2082) Pause Young (Allocation Failure)
[354.892s][info][gc,heap        ] GC(2082) PSYoungGen: 318464K(318976K)->1536K(311296K) Eden: 318464K(318464K)->0K(309760K) From: 0K(512K)->1536K(1536K)
[354.892s][info][gc,heap        ] GC(2082) ParOldGen: 5374K(699392K)->5591K(699392K)
[354.892s][info][gc,metaspace   ] GC(2082) Metaspace: 14335K(15296K)->14335K(15296K) NonClass: 12375K(12928K)->12375K(12928K) Class: 1960K(2368K)->1960K(2368K)
[354.892s][info][gc             ] GC(2082) Pause Young (Allocation Failure) 316M->6M(987M) 2.181ms
[354.892s][info][gc,cpu         ] GC(2082) User=0.02s Sys=0.00s Real=0.00s
[355.069s][info][gc,start       ] GC(2083) Pause Young (Allocation Failure)
[355.071s][info][gc,heap        ] GC(2083) PSYoungGen: 311296K(311296K)->992K(302592K) Eden: 309760K(309760K)->0K(301568K) From: 1536K(1536K)->992K(1024K)
[355.071s][info][gc,heap        ] GC(2083) ParOldGen: 5591K(699392K)->7086K(699392K)
[355.071s][info][gc,metaspace   ] GC(2083) Metaspace: 14335K(15296K)->14335K(15296K) NonClass: 12375K(12928K)->12375K(12928K) Class: 1960K(2368K)->1960K(2368K)
[355.071s][info][gc             ] GC(2083) Pause Young (Allocation Failure) 309M->7M(978M) 2.085ms
[355.071s][info][gc,cpu         ] GC(2083) User=0.00s Sys=0.00s Real=0.00s
[355.246s][info][gc,start       ] GC(2084) Pause Young (Allocation Failure)
[355.248s][info][gc,heap        ] GC(2084) PSYoungGen: 302560K(302592K)->1024K(344576K) Eden: 301568K(301568K)->0K(343040K) From: 992K(1024K)->1024K(1536K)
[355.248s][info][gc,heap        ] GC(2084) ParOldGen: 7086K(699392K)->7198K(699392K)
[355.248s][info][gc,metaspace   ] GC(2084) Metaspace: 14335K(15296K)->14335K(15296K) NonClass: 12375K(12928K)->12375K(12928K) Class: 1960K(2368K)->1960K(2368K)
[355.248s][info][gc             ] GC(2084) Pause Young (Allocation Failure) 302M->8M(1019M) 2.069ms
[355.248s][info][gc,cpu         ] GC(2084) User=0.00s Sys=0.00s Real=0.00s
[355.445s][info][gc,start       ] GC(2085) Pause Young (Allocation Failure)
[355.447s][info][gc,heap        ] GC(2085) PSYoungGen: 344064K(344576K)->1024K(347648K) Eden: 343040K(343040K)->0K(346112K) From: 1024K(1536K)->1024K(1536K)
[355.447s][info][gc,heap        ] GC(2085) ParOldGen: 7198K(699392K)->7262K(699392K)
[355.447s][info][gc,metaspace   ] GC(2085) Metaspace: 14335K(15296K)->14335K(15296K) NonClass: 12375K(12928K)->12375K(12928K) Class: 1960K(2368K)->1960K(2368K)
[355.447s][info][gc             ] GC(2085) Pause Young (Allocation Failure) 343M->8M(1022M) 2.111ms
[355.447s][info][gc,cpu         ] GC(2085) User=0.00s Sys=0.00s Real=0.00s
[355.648s][info][gc,start       ] GC(2086) Pause Young (Allocation Failure)
[355.651s][info][gc,heap        ] GC(2086) PSYoungGen: 347136K(347648K)->1024K(337408K) Eden: 346112K(346112K)->0K(336384K) From: 1024K(1536K)->1024K(1024K)
[355.651s][info][gc,heap        ] GC(2086) ParOldGen: 7262K(699392K)->7342K(699392K)
[355.651s][info][gc,metaspace   ] GC(2086) Metaspace: 14335K(15296K)->14335K(15296K) NonClass: 12375K(12928K)->12375K(12928K) Class: 1960K(2368K)->1960K(2368K)
[355.651s][info][gc             ] GC(2086) Pause Young (Allocation Failure) 346M->8M(1012M) 2.142ms
[355.651s][info][gc,cpu         ] GC(2086) User=0.00s Sys=0.00s Real=0.00s
[355.845s][info][gc,start       ] GC(2087) Pause Young (Allocation Failure)
[355.847s][info][gc,heap        ] GC(2087) PSYoungGen: 337408K(337408K)->1024K(346624K) Eden: 336384K(336384K)->0K(345600K) From: 1024K(1024K)->1024K(1024K)
[355.847s][info][gc,heap        ] GC(2087) ParOldGen: 7342K(699392K)->7454K(699392K)
[355.847s][info][gc,metaspace   ] GC(2087) Metaspace: 14335K(15296K)->14335K(15296K) NonClass: 12375K(12928K)->12375K(12928K) Class: 1960K(2368K)->1960K(2368K)
[355.847s][info][gc             ] GC(2087) Pause Young (Allocation Failure) 336M->8M(1021M) 2.189ms
[355.847s][info][gc,cpu         ] GC(2087) User=0.00s Sys=0.00s Real=0.00s
[356.046s][info][gc,start       ] GC(2088) Pause Young (Allocation Failure)
[356.049s][info][gc,heap        ] GC(2088) PSYoungGen: 346624K(346624K)->992K(347136K) Eden: 345600K(345600K)->0K(345600K) From: 1024K(1024K)->992K(1536K)
[356.049s][info][gc,heap        ] GC(2088) ParOldGen: 7454K(699392K)->7518K(699392K)
[356.049s][info][gc,metaspace   ] GC(2088) Metaspace: 14335K(15296K)->14335K(15296K) NonClass: 12375K(12928K)->12375K(12928K) Class: 1960K(2368K)->1960K(2368K)
[356.049s][info][gc             ] GC(2088) Pause Young (Allocation Failure) 345M->8M(1022M) 2.184ms
[356.049s][info][gc,cpu         ] GC(2088) User=0.27s Sys=0.02s Real=0.00s
[356.248s][info][gc,start       ] GC(2089) Pause Young (Allocation Failure)
[356.250s][info][gc,heap        ] GC(2089) PSYoungGen: 346592K(347136K)->1024K(347648K) Eden: 345600K(345600K)->0K(346112K) From: 992K(1536K)->1024K(1536K)
[356.250s][info][gc,heap        ] GC(2089) ParOldGen: 7518K(699392K)->7598K(699392K)
[356.250s][info][gc,metaspace   ] GC(2089) Metaspace: 14335K(15296K)->14335K(15296K) NonClass: 12375K(12928K)->12375K(12928K) Class: 1960K(2368K)->1960K(2368K)
[356.250s][info][gc             ] GC(2089) Pause Young (Allocation Failure) 345M->8M(1022M) 2.225ms
[356.250s][info][gc,cpu         ] GC(2089) User=0.00s Sys=0.00s Real=0.00s
[356.450s][info][gc,start       ] GC(2090) Pause Young (Allocation Failure)
[356.452s][info][gc,heap        ] GC(2090) PSYoungGen: 347136K(347648K)->1024K(347648K) Eden: 346112K(346112K)->0K(346112K) From: 1024K(1536K)->1024K(1536K)
[356.452s][info][gc,heap        ] GC(2090) ParOldGen: 7598K(699392K)->7678K(699392K)
[356.452s][info][gc,metaspace   ] GC(2090) Metaspace: 14335K(15296K)->14335K(15296K) NonClass: 12375K(12928K)->12375K(12928K) Class: 1960K(2368K)->1960K(2368K)
[356.452s][info][gc             ] GC(2090) Pause Young (Allocation Failure) 346M->8M(1022M) 2.276ms
[356.452s][info][gc,cpu         ] GC(2090) User=0.00s Sys=0.00s Real=0.00s
[356.652s][info][gc,start       ] GC(2091) Pause Young (Allocation Failure)
[356.654s][info][gc,heap        ] GC(2091) PSYoungGen: 347136K(347648K)->1024K(347648K) Eden: 346112K(346112K)->0K(346112K) From: 1024K(1536K)->1024K(1536K)
[356.654s][info][gc,heap        ] GC(2091) ParOldGen: 7678K(699392K)->7766K(699392K)
[356.654s][info][gc,metaspace   ] GC(2091) Metaspace: 14335K(15296K)->14335K(15296K) NonClass: 12375K(12928K)->12375K(12928K) Class: 1960K(2368K)->1960K(2368K)
[356.654s][info][gc             ] GC(2091) Pause Young (Allocation Failure) 346M->8M(1022M) 2.283ms
[356.654s][info][gc,cpu         ] GC(2091) User=0.00s Sys=0.00s Real=0.00s
[356.857s][info][gc,start       ] GC(2092) Pause Young (Allocation Failure)
[356.859s][info][gc,heap        ] GC(2092) PSYoungGen: 347136K(347648K)->1024K(347648K) Eden: 346112K(346112K)->0K(346112K) From: 1024K(1536K)->1024K(1536K)
[356.859s][info][gc,heap        ] GC(2092) ParOldGen: 7766K(699392K)->7838K(699392K)
[356.859s][info][gc,metaspace   ] GC(2092) Metaspace: 14335K(15296K)->14335K(15296K) NonClass: 12375K(12928K)->12375K(12928K) Class: 1960K(2368K)->1960K(2368K)
[356.859s][info][gc             ] GC(2092) Pause Young (Allocation Failure) 346M->8M(1022M) 2.295ms
[356.859s][info][gc,cpu         ] GC(2092) User=0.02s Sys=0.27s Real=0.00s
[357.061s][info][gc,start       ] GC(2093) Pause Young (Allocation Failure)
[357.063s][info][gc,heap        ] GC(2093) PSYoungGen: 347136K(347648K)->1024K(347648K) Eden: 346112K(346112K)->0K(346112K) From: 1024K(1536K)->1024K(1536K)
[357.063s][info][gc,heap        ] GC(2093) ParOldGen: 7838K(699392K)->7942K(699392K)
[357.063s][info][gc,metaspace   ] GC(2093) Metaspace: 14335K(15296K)->14335K(15296K) NonClass: 12375K(12928K)->12375K(12928K) Class: 1960K(2368K)->1960K(2368K)
[357.063s][info][gc             ] GC(2093) Pause Young (Allocation Failure) 346M->8M(1022M) 2.307ms
[357.063s][info][gc,cpu         ] GC(2093) User=0.52s Sys=0.00s Real=0.00s
[357.351s][info][gc,start       ] GC(2094) Pause Young (Allocation Failure)
[357.354s][info][gc,heap        ] GC(2094) PSYoungGen: 347136K(347648K)->992K(347648K) Eden: 346112K(346112K)->0K(346112K) From: 1024K(1536K)->992K(1536K)
[357.354s][info][gc,heap        ] GC(2094) ParOldGen: 7942K(699392K)->8014K(699392K)
[357.354s][info][gc,metaspace   ] GC(2094) Metaspace: 14335K(15296K)->14335K(15296K) NonClass: 12375K(12928K)->12375K(12928K) Class: 1960K(2368K)->1960K(2368K)
[357.354s][info][gc             ] GC(2094) Pause Young (Allocation Failure) 346M->8M(1022M) 3.160ms
[357.354s][info][gc,cpu         ] GC(2094) User=0.00s Sys=0.00s Real=0.00s
[357.562s][info][gc,start       ] GC(2095) Pause Young (Allocation Failure)
[357.564s][info][gc,heap        ] GC(2095) PSYoungGen: 347104K(347648K)->992K(347648K) Eden: 346112K(346112K)->0K(346112K) From: 992K(1536K)->992K(1536K)
[357.564s][info][gc,heap        ] GC(2095) ParOldGen: 8014K(699392K)->8126K(699392K)
[357.565s][info][gc,metaspace   ] GC(2095) Metaspace: 14335K(15296K)->14335K(15296K) NonClass: 12375K(12928K)->12375K(12928K) Class: 1960K(2368K)->1960K(2368K)
[357.565s][info][gc             ] GC(2095) Pause Young (Allocation Failure) 346M->8M(1022M) 2.279ms
[357.565s][info][gc,cpu         ] GC(2095) User=0.00s Sys=0.00s Real=0.00s
[357.766s][info][gc,start       ] GC(2096) Pause Young (Allocation Failure)
[357.768s][info][gc,heap        ] GC(2096) PSYoungGen: 347104K(347648K)->992K(347648K) Eden: 346112K(346112K)->0K(346112K) From: 992K(1536K)->992K(1536K)
[357.769s][info][gc,heap        ] GC(2096) ParOldGen: 8126K(699392K)->8222K(699392K)
[357.769s][info][gc,metaspace   ] GC(2096) Metaspace: 14335K(15296K)->14335K(15296K) NonClass: 12375K(12928K)->12375K(12928K) Class: 1960K(2368K)->1960K(2368K)
[357.769s][info][gc             ] GC(2096) Pause Young (Allocation Failure) 346M->8M(1022M) 2.117ms
[357.769s][info][gc,cpu         ] GC(2096) User=0.00s Sys=0.00s Real=0.00s
[357.972s][info][gc,start       ] GC(2097) Pause Young (Allocation Failure)
[357.974s][info][gc,heap        ] GC(2097) PSYoungGen: 347104K(347648K)->1024K(337408K) Eden: 346112K(346112K)->0K(336384K) From: 992K(1536K)->1024K(1024K)
[357.974s][info][gc,heap        ] GC(2097) ParOldGen: 8222K(699392K)->8326K(699392K)
[357.974s][info][gc,metaspace   ] GC(2097) Metaspace: 14335K(15296K)->14335K(15296K) NonClass: 12375K(12928K)->12375K(12928K) Class: 1960K(2368K)->1960K(2368K)
[357.974s][info][gc             ] GC(2097) Pause Young (Allocation Failure) 346M->9M(1012M) 1.888ms
[357.974s][info][gc,cpu         ] GC(2097) User=0.00s Sys=0.00s Real=0.00s
[358.172s][info][gc,start       ] GC(2098) Pause Young (Allocation Failure)
[358.174s][info][gc,heap        ] GC(2098) PSYoungGen: 337408K(337408K)->1024K(328192K) Eden: 336384K(336384K)->0K(327168K) From: 1024K(1024K)->1024K(1024K)
[358.174s][info][gc,heap        ] GC(2098) ParOldGen: 8326K(699392K)->8422K(699392K)
[358.174s][info][gc,metaspace   ] GC(2098) Metaspace: 14335K(15296K)->14335K(15296K) NonClass: 12375K(12928K)->12375K(12928K) Class: 1960K(2368K)->1960K(2368K)
[358.174s][info][gc             ] GC(2098) Pause Young (Allocation Failure) 337M->9M(1003M) 1.954ms
[358.174s][info][gc,cpu         ] GC(2098) User=0.00s Sys=0.00s Real=0.00s
[358.367s][info][gc,start       ] GC(2099) Pause Young (Allocation Failure)
[358.369s][info][gc,heap        ] GC(2099) PSYoungGen: 328192K(328192K)->1024K(319488K) Eden: 327168K(327168K)->0K(318464K) From: 1024K(1024K)->1024K(1024K)
[358.369s][info][gc,heap        ] GC(2099) ParOldGen: 8422K(699392K)->8526K(699392K)
[358.369s][info][gc,metaspace   ] GC(2099) Metaspace: 14335K(15296K)->14335K(15296K) NonClass: 12375K(12928K)->12375K(12928K) Class: 1960K(2368K)->1960K(2368K)
[358.369s][info][gc             ] GC(2099) Pause Young (Allocation Failure) 328M->9M(995M) 1.957ms
[358.369s][info][gc,cpu         ] GC(2099) User=0.00s Sys=0.00s Real=0.00s
[358.555s][info][gc,start       ] GC(2100) Pause Young (Allocation Failure)
[358.557s][info][gc,heap        ] GC(2100) PSYoungGen: 319488K(319488K)->992K(310784K) Eden: 318464K(318464K)->0K(309760K) From: 1024K(1024K)->992K(1024K)
[358.557s][info][gc,heap        ] GC(2100) ParOldGen: 8526K(699392K)->8622K(699392K)
[358.557s][info][gc,metaspace   ] GC(2100) Metaspace: 14335K(15296K)->14335K(15296K) NonClass: 12375K(12928K)->12375K(12928K) Class: 1960K(2368K)->1960K(2368K)
[358.557s][info][gc             ] GC(2100) Pause Young (Allocation Failure) 320M->9M(986M) 1.979ms
[358.557s][info][gc,cpu         ] GC(2100) User=0.00s Sys=0.00s Real=0.00s
[358.737s][info][gc,start       ] GC(2101) Pause Young (Allocation Failure)
[358.739s][info][gc,heap        ] GC(2101) PSYoungGen: 310752K(310784K)->1024K(302592K) Eden: 309760K(309760K)->0K(301568K) From: 992K(1024K)->1024K(1024K)
[358.739s][info][gc,heap        ] GC(2101) ParOldGen: 8622K(699392K)->8694K(699392K)
[358.739s][info][gc,metaspace   ] GC(2101) Metaspace: 14335K(15296K)->14335K(15296K) NonClass: 12375K(12928K)->12375K(12928K) Class: 1960K(2368K)->1960K(2368K)
[358.739s][info][gc             ] GC(2101) Pause Young (Allocation Failure) 311M->9M(978M) 1.982ms
[358.739s][info][gc,cpu         ] GC(2101) User=0.00s Sys=0.00s Real=0.00s
[358.916s][info][gc,start       ] GC(2102) Pause Young (Allocation Failure)
[358.918s][info][gc,heap        ] GC(2102) PSYoungGen: 302592K(302592K)->1024K(294912K) Eden: 301568K(301568K)->0K(293888K) From: 1024K(1024K)->1024K(1024K)
[358.918s][info][gc,heap        ] GC(2102) ParOldGen: 8694K(699392K)->8782K(699392K)
[358.918s][info][gc,metaspace   ] GC(2102) Metaspace: 14335K(15296K)->14335K(15296K) NonClass: 12375K(12928K)->12375K(12928K) Class: 1960K(2368K)->1960K(2368K)
[358.918s][info][gc             ] GC(2102) Pause Young (Allocation Failure) 303M->9M(971M) 2.024ms
[358.918s][info][gc,cpu         ] GC(2102) User=0.00s Sys=0.00s Real=0.00s
[359.091s][info][gc,start       ] GC(2103) Pause Young (Allocation Failure)
[359.093s][info][gc,heap        ] GC(2103) PSYoungGen: 294912K(294912K)->1024K(344576K) Eden: 293888K(293888K)->0K(343040K) From: 1024K(1024K)->1024K(1536K)
[359.093s][info][gc,heap        ] GC(2103) ParOldGen: 8782K(699392K)->8862K(699392K)
[359.093s][info][gc,metaspace   ] GC(2103) Metaspace: 14335K(15296K)->14335K(15296K) NonClass: 12375K(12928K)->12375K(12928K) Class: 1960K(2368K)->1960K(2368K)
[359.093s][info][gc             ] GC(2103) Pause Young (Allocation Failure) 296M->9M(1019M) 2.013ms
[359.093s][info][gc,cpu         ] GC(2103) User=0.52s Sys=0.00s Real=0.00s
[359.294s][info][gc,start       ] GC(2104) Pause Young (Allocation Failure)
[359.296s][info][gc,heap        ] GC(2104) PSYoungGen: 344064K(344576K)->1024K(334848K) Eden: 343040K(343040K)->0K(333824K) From: 1024K(1536K)->1024K(1024K)
[359.296s][info][gc,heap        ] GC(2104) ParOldGen: 8862K(699392K)->8966K(699392K)
[359.296s][info][gc,metaspace   ] GC(2104) Metaspace: 14335K(15296K)->14335K(15296K) NonClass: 12375K(12928K)->12375K(12928K) Class: 1960K(2368K)->1960K(2368K)
[359.296s][info][gc             ] GC(2104) Pause Young (Allocation Failure) 344M->9M(1010M) 2.227ms
[359.296s][info][gc,cpu         ] GC(2104) User=0.00s Sys=0.00s Real=0.00s
[359.491s][info][gc,start       ] GC(2105) Pause Young (Allocation Failure)
[359.493s][info][gc,heap        ] GC(2105) PSYoungGen: 334848K(334848K)->1024K(343552K) Eden: 333824K(333824K)->0K(342528K) From: 1024K(1024K)->1024K(1024K)
[359.493s][info][gc,heap        ] GC(2105) ParOldGen: 8966K(699392K)->9054K(699392K)
[359.493s][info][gc,metaspace   ] GC(2105) Metaspace: 14335K(15296K)->14335K(15296K) NonClass: 12375K(12928K)->12375K(12928K) Class: 1960K(2368K)->1960K(2368K)
[359.493s][info][gc             ] GC(2105) Pause Young (Allocation Failure) 335M->9M(1018M) 2.253ms
[359.493s][info][gc,cpu         ] GC(2105) User=0.00s Sys=0.00s Real=0.00s
[359.693s][info][gc,start       ] GC(2106) Pause Young (Allocation Failure)
[359.695s][info][gc,heap        ] GC(2106) PSYoungGen: 343552K(343552K)->1024K(344064K) Eden: 342528K(342528K)->0K(342528K) From: 1024K(1024K)->1024K(1536K)
[359.695s][info][gc,heap        ] GC(2106) ParOldGen: 9054K(699392K)->9150K(699392K)
[359.695s][info][gc,metaspace   ] GC(2106) Metaspace: 14335K(15296K)->14335K(15296K) NonClass: 12375K(12928K)->12375K(12928K) Class: 1960K(2368K)->1960K(2368K)
[359.695s][info][gc             ] GC(2106) Pause Young (Allocation Failure) 344M->9M(1019M) 2.175ms
[359.695s][info][gc,cpu         ] GC(2106) User=0.00s Sys=0.00s Real=0.00s
[359.894s][info][gc,start       ] GC(2107) Pause Young (Allocation Failure)
[359.896s][info][gc,heap        ] GC(2107) PSYoungGen: 343552K(344064K)->1056K(347648K) Eden: 342528K(342528K)->0K(346112K) From: 1024K(1536K)->1056K(1536K)
[359.896s][info][gc,heap        ] GC(2107) ParOldGen: 9150K(699392K)->9214K(699392K)
[359.896s][info][gc,metaspace   ] GC(2107) Metaspace: 14335K(15296K)->14335K(15296K) NonClass: 12375K(12928K)->12375K(12928K) Class: 1960K(2368K)->1960K(2368K)
[359.896s][info][gc             ] GC(2107) Pause Young (Allocation Failure) 344M->10M(1022M) 2.216ms
[359.896s][info][gc,cpu         ] GC(2107) User=0.00s Sys=0.00s Real=0.00s
[360.096s][info][gc,start       ] GC(2108) Pause Young (Allocation Failure)
[360.099s][info][gc,heap        ] GC(2108) PSYoungGen: 347168K(347648K)->1056K(347648K) Eden: 346112K(346112K)->0K(346112K) From: 1056K(1536K)->1056K(1536K)
[360.099s][info][gc,heap        ] GC(2108) ParOldGen: 9214K(699392K)->9286K(699392K)
[360.099s][info][gc,metaspace   ] GC(2108) Metaspace: 14335K(15296K)->14335K(15296K) NonClass: 12375K(12928K)->12375K(12928K) Class: 1960K(2368K)->1960K(2368K)
[360.099s][info][gc             ] GC(2108) Pause Young (Allocation Failure) 348M->10M(1022M) 2.256ms
[360.099s][info][gc,cpu         ] GC(2108) User=0.00s Sys=0.00s Real=0.00s
[360.301s][info][gc,start       ] GC(2109) Pause Young (Allocation Failure)
[360.303s][info][gc,heap        ] GC(2109) PSYoungGen: 347168K(347648K)->1024K(347648K) Eden: 346112K(346112K)->0K(346112K) From: 1056K(1536K)->1024K(1536K)
[360.303s][info][gc,heap        ] GC(2109) ParOldGen: 9286K(699392K)->9390K(699392K)
[360.303s][info][gc,metaspace   ] GC(2109) Metaspace: 14335K(15296K)->14335K(15296K) NonClass: 12375K(12928K)->12375K(12928K) Class: 1960K(2368K)->1960K(2368K)
[360.303s][info][gc             ] GC(2109) Pause Young (Allocation Failure) 348M->10M(1022M) 2.247ms
[360.303s][info][gc,cpu         ] GC(2109) User=0.00s Sys=0.00s Real=0.00s
[360.505s][info][gc,start       ] GC(2110) Pause Young (Allocation Failure)
[360.507s][info][gc,heap        ] GC(2110) PSYoungGen: 347136K(347648K)->1024K(347648K) Eden: 346112K(346112K)->0K(346112K) From: 1024K(1536K)->1024K(1536K)
[360.507s][info][gc,heap        ] GC(2110) ParOldGen: 9390K(699392K)->9486K(699392K)
[360.507s][info][gc,metaspace   ] GC(2110) Metaspace: 14335K(15296K)->14335K(15296K) NonClass: 12375K(12928K)->12375K(12928K) Class: 1960K(2368K)->1960K(2368K)
[360.507s][info][gc             ] GC(2110) Pause Young (Allocation Failure) 348M->10M(1022M) 2.277ms
[360.507s][info][gc,cpu         ] GC(2110) User=0.00s Sys=0.00s Real=0.00s
[360.710s][info][gc,start       ] GC(2111) Pause Young (Allocation Failure)
[360.712s][info][gc,heap        ] GC(2111) PSYoungGen: 347136K(347648K)->1024K(347648K) Eden: 346112K(346112K)->0K(346112K) From: 1024K(1536K)->1024K(1536K)
[360.712s][info][gc,heap        ] GC(2111) ParOldGen: 9486K(699392K)->9574K(699392K)
[360.712s][info][gc,metaspace   ] GC(2111) Metaspace: 14335K(15296K)->14335K(15296K) NonClass: 12375K(12928K)->12375K(12928K) Class: 1960K(2368K)->1960K(2368K)
[360.712s][info][gc             ] GC(2111) Pause Young (Allocation Failure) 348M->10M(1022M) 2.312ms
[360.712s][info][gc,cpu         ] GC(2111) User=0.00s Sys=0.00s Real=0.00s
[360.914s][info][gc,start       ] GC(2112) Pause Young (Allocation Failure)
[360.916s][info][gc,heap        ] GC(2112) PSYoungGen: 347136K(347648K)->1024K(347648K) Eden: 346112K(346112K)->0K(346112K) From: 1024K(1536K)->1024K(1536K)
[360.916s][info][gc,heap        ] GC(2112) ParOldGen: 9574K(699392K)->9662K(699392K)
[360.916s][info][gc,metaspace   ] GC(2112) Metaspace: 14335K(15296K)->14335K(15296K) NonClass: 12375K(12928K)->12375K(12928K) Class: 1960K(2368K)->1960K(2368K)
[360.916s][info][gc             ] GC(2112) Pause Young (Allocation Failure) 348M->10M(1022M) 2.356ms
[360.916s][info][gc,cpu         ] GC(2112) User=0.00s Sys=0.00s Real=0.00s
[361.119s][info][gc,start       ] GC(2113) Pause Young (Allocation Failure)
[361.121s][info][gc,heap        ] GC(2113) PSYoungGen: 347136K(347648K)->1024K(347648K) Eden: 346112K(346112K)->0K(346112K) From: 1024K(1536K)->1024K(1536K)
[361.121s][info][gc,heap        ] GC(2113) ParOldGen: 9662K(699392K)->9758K(699392K)
[361.121s][info][gc,metaspace   ] GC(2113) Metaspace: 14335K(15296K)->14335K(15296K) NonClass: 12375K(12928K)->12375K(12928K) Class: 1960K(2368K)->1960K(2368K)
[361.121s][info][gc             ] GC(2113) Pause Young (Allocation Failure) 348M->10M(1022M) 2.395ms
[361.121s][info][gc,cpu         ] GC(2113) User=0.00s Sys=0.00s Real=0.00s
[361.323s][info][gc,start       ] GC(2114) Pause Young (Allocation Failure)
[361.325s][info][gc,heap        ] GC(2114) PSYoungGen: 347136K(347648K)->1024K(347648K) Eden: 346112K(346112K)->0K(346112K) From: 1024K(1536K)->1024K(1536K)
[361.325s][info][gc,heap        ] GC(2114) ParOldGen: 9758K(699392K)->9846K(699392K)
[361.325s][info][gc,metaspace   ] GC(2114) Metaspace: 14335K(15296K)->14335K(15296K) NonClass: 12375K(12928K)->12375K(12928K) Class: 1960K(2368K)->1960K(2368K)
[361.325s][info][gc             ] GC(2114) Pause Young (Allocation Failure) 348M->10M(1022M) 2.439ms
[361.325s][info][gc,cpu         ] GC(2114) User=0.00s Sys=0.00s Real=0.00s
[361.528s][info][gc,start       ] GC(2115) Pause Young (Allocation Failure)
[361.530s][info][gc,heap        ] GC(2115) PSYoungGen: 347136K(347648K)->992K(347648K) Eden: 346112K(346112K)->0K(346112K) From: 1024K(1536K)->992K(1536K)
[361.530s][info][gc,heap        ] GC(2115) ParOldGen: 9846K(699392K)->9942K(699392K)
[361.530s][info][gc,metaspace   ] GC(2115) Metaspace: 14335K(15296K)->14335K(15296K) NonClass: 12375K(12928K)->12375K(12928K) Class: 1960K(2368K)->1960K(2368K)
[361.530s][info][gc             ] GC(2115) Pause Young (Allocation Failure) 348M->10M(1022M) 2.445ms
[361.530s][info][gc,cpu         ] GC(2115) User=0.00s Sys=0.00s Real=0.00s
[361.733s][info][gc,start       ] GC(2116) Pause Young (Allocation Failure)
[361.735s][info][gc,heap        ] GC(2116) PSYoungGen: 347104K(347648K)->992K(347648K) Eden: 346112K(346112K)->0K(346112K) From: 992K(1536K)->992K(1536K)
[361.735s][info][gc,heap        ] GC(2116) ParOldGen: 9942K(699392K)->9998K(699392K)
[361.735s][info][gc,metaspace   ] GC(2116) Metaspace: 14335K(15296K)->14335K(15296K) NonClass: 12375K(12928K)->12375K(12928K) Class: 1960K(2368K)->1960K(2368K)
[361.735s][info][gc             ] GC(2116) Pause Young (Allocation Failure) 348M->10M(1022M) 2.433ms
[361.735s][info][gc,cpu         ] GC(2116) User=0.52s Sys=0.00s Real=0.00s
[361.938s][info][gc,start       ] GC(2117) Pause Young (Allocation Failure)
[361.941s][info][gc,heap        ] GC(2117) PSYoungGen: 347104K(347648K)->1024K(347648K) Eden: 346112K(346112K)->0K(346112K) From: 992K(1536K)->1024K(1536K)
[361.941s][info][gc,heap        ] GC(2117) ParOldGen: 9998K(699392K)->10070K(699392K)
[361.941s][info][gc,metaspace   ] GC(2117) Metaspace: 14335K(15296K)->14335K(15296K) NonClass: 12375K(12928K)->12375K(12928K) Class: 1960K(2368K)->1960K(2368K)
[361.941s][info][gc             ] GC(2117) Pause Young (Allocation Failure) 348M->10M(1022M) 2.462ms
[361.941s][info][gc,cpu         ] GC(2117) User=0.00s Sys=0.00s Real=0.00s
[362.144s][info][gc,start       ] GC(2118) Pause Young (Allocation Failure)
[362.146s][info][gc,heap        ] GC(2118) PSYoungGen: 347136K(347648K)->1024K(347648K) Eden: 346112K(346112K)->0K(346112K) From: 1024K(1536K)->1024K(1536K)
[362.146s][info][gc,heap        ] GC(2118) ParOldGen: 10070K(699392K)->10142K(699392K)
[362.146s][info][gc,metaspace   ] GC(2118) Metaspace: 14335K(15296K)->14335K(15296K) NonClass: 12375K(12928K)->12375K(12928K) Class: 1960K(2368K)->1960K(2368K)
[362.146s][info][gc             ] GC(2118) Pause Young (Allocation Failure) 348M->10M(1022M) 2.529ms
[362.146s][info][gc,cpu         ] GC(2118) User=0.00s Sys=0.00s Real=0.00s
[362.354s][info][gc,start       ] GC(2119) Pause Young (Allocation Failure)
[362.356s][info][gc,heap        ] GC(2119) PSYoungGen: 347136K(347648K)->1024K(347648K) Eden: 346112K(346112K)->0K(346112K) From: 1024K(1536K)->1024K(1536K)
[362.356s][info][gc,heap        ] GC(2119) ParOldGen: 10142K(699392K)->10230K(699392K)
[362.356s][info][gc,metaspace   ] GC(2119) Metaspace: 14335K(15296K)->14335K(15296K) NonClass: 12375K(12928K)->12375K(12928K) Class: 1960K(2368K)->1960K(2368K)
[362.357s][info][gc             ] GC(2119) Pause Young (Allocation Failure) 348M->10M(1022M) 2.527ms
[362.357s][info][gc,cpu         ] GC(2119) User=0.00s Sys=0.00s Real=0.00s
[362.561s][info][gc,start       ] GC(2120) Pause Young (Allocation Failure)
[362.564s][info][gc,heap        ] GC(2120) PSYoungGen: 347136K(347648K)->992K(347648K) Eden: 346112K(346112K)->0K(346112K) From: 1024K(1536K)->992K(1536K)
[362.564s][info][gc,heap        ] GC(2120) ParOldGen: 10230K(699392K)->10326K(699392K)
[362.564s][info][gc,metaspace   ] GC(2120) Metaspace: 14335K(15296K)->14335K(15296K) NonClass: 12375K(12928K)->12375K(12928K) Class: 1960K(2368K)->1960K(2368K)
[362.564s][info][gc             ] GC(2120) Pause Young (Allocation Failure) 348M->11M(1022M) 2.369ms
[362.564s][info][gc,cpu         ] GC(2120) User=0.52s Sys=0.00s Real=0.00s
[362.767s][info][gc,start       ] GC(2121) Pause Young (Allocation Failure)
[362.769s][info][gc,heap        ] GC(2121) PSYoungGen: 347104K(347648K)->1024K(347648K) Eden: 346112K(346112K)->0K(346112K) From: 992K(1536K)->1024K(1536K)
[362.769s][info][gc,heap        ] GC(2121) ParOldGen: 10326K(699392K)->10406K(699392K)
[362.769s][info][gc,metaspace   ] GC(2121) Metaspace: 14335K(15296K)->14335K(15296K) NonClass: 12375K(12928K)->12375K(12928K) Class: 1960K(2368K)->1960K(2368K)
[362.769s][info][gc             ] GC(2121) Pause Young (Allocation Failure) 349M->11M(1022M) 2.159ms
[362.769s][info][gc,cpu         ] GC(2121) User=0.00s Sys=0.00s Real=0.00s
[362.972s][info][gc,start       ] GC(2122) Pause Young (Allocation Failure)
[362.974s][info][gc,heap        ] GC(2122) PSYoungGen: 347136K(347648K)->1024K(347648K) Eden: 346112K(346112K)->0K(346112K) From: 1024K(1536K)->1024K(1536K)
[362.974s][info][gc,heap        ] GC(2122) ParOldGen: 10406K(699392K)->10470K(699392K)
[362.974s][info][gc,metaspace   ] GC(2122) Metaspace: 14335K(15296K)->14335K(15296K) NonClass: 12375K(12928K)->12375K(12928K) Class: 1960K(2368K)->1960K(2368K)
[362.974s][info][gc             ] GC(2122) Pause Young (Allocation Failure) 349M->11M(1022M) 2.129ms
[362.974s][info][gc,cpu         ] GC(2122) User=0.00s Sys=0.00s Real=0.00s
[363.175s][info][gc,start       ] GC(2123) Pause Young (Allocation Failure)
[363.177s][info][gc,heap        ] GC(2123) PSYoungGen: 347136K(347648K)->992K(347648K) Eden: 346112K(346112K)->0K(346112K) From: 1024K(1536K)->992K(1536K)
[363.177s][info][gc,heap        ] GC(2123) ParOldGen: 10470K(699392K)->10542K(699392K)
[363.177s][info][gc,metaspace   ] GC(2123) Metaspace: 14335K(15296K)->14335K(15296K) NonClass: 12375K(12928K)->12375K(12928K) Class: 1960K(2368K)->1960K(2368K)
[363.177s][info][gc             ] GC(2123) Pause Young (Allocation Failure) 349M->11M(1022M) 2.189ms
[363.177s][info][gc,cpu         ] GC(2123) User=0.00s Sys=0.00s Real=0.00s
[363.378s][info][gc,start       ] GC(2124) Pause Young (Allocation Failure)
[363.380s][info][gc,heap        ] GC(2124) PSYoungGen: 347104K(347648K)->992K(347648K) Eden: 346112K(346112K)->0K(346112K) From: 992K(1536K)->992K(1536K)
[363.380s][info][gc,heap        ] GC(2124) ParOldGen: 10542K(699392K)->10646K(699392K)
[363.380s][info][gc,metaspace   ] GC(2124) Metaspace: 14335K(15296K)->14335K(15296K) NonClass: 12375K(12928K)->12375K(12928K) Class: 1960K(2368K)->1960K(2368K)
[363.380s][info][gc             ] GC(2124) Pause Young (Allocation Failure) 349M->11M(1022M) 2.141ms
[363.380s][info][gc,cpu         ] GC(2124) User=0.00s Sys=0.00s Real=0.00s
[363.581s][info][gc,start       ] GC(2125) Pause Young (Allocation Failure)
[363.583s][info][gc,heap        ] GC(2125) PSYoungGen: 347104K(347648K)->1024K(347648K) Eden: 346112K(346112K)->0K(346112K) From: 992K(1536K)->1024K(1536K)
[363.583s][info][gc,heap        ] GC(2125) ParOldGen: 10646K(699392K)->10726K(699392K)
[363.583s][info][gc,metaspace   ] GC(2125) Metaspace: 14335K(15296K)->14335K(15296K) NonClass: 12375K(12928K)->12375K(12928K) Class: 1960K(2368K)->1960K(2368K)
[363.583s][info][gc             ] GC(2125) Pause Young (Allocation Failure) 349M->11M(1022M) 2.161ms
[363.583s][info][gc,cpu         ] GC(2125) User=0.00s Sys=0.00s Real=0.00s
[363.783s][info][gc,start       ] GC(2126) Pause Young (Allocation Failure)
[363.785s][info][gc,heap        ] GC(2126) PSYoungGen: 347136K(347648K)->1024K(347648K) Eden: 346112K(346112K)->0K(346112K) From: 1024K(1536K)->1024K(1536K)
[363.785s][info][gc,heap        ] GC(2126) ParOldGen: 10726K(699392K)->10830K(699392K)
[363.785s][info][gc,metaspace   ] GC(2126) Metaspace: 14335K(15296K)->14335K(15296K) NonClass: 12375K(12928K)->12375K(12928K) Class: 1960K(2368K)->1960K(2368K)
[363.785s][info][gc             ] GC(2126) Pause Young (Allocation Failure) 349M->11M(1022M) 2.217ms
[363.785s][info][gc,cpu         ] GC(2126) User=0.00s Sys=0.00s Real=0.00s
[363.984s][info][gc,start       ] GC(2127) Pause Young (Allocation Failure)
[363.986s][info][gc,heap        ] GC(2127) PSYoungGen: 347136K(347648K)->1024K(347648K) Eden: 346112K(346112K)->0K(346112K) From: 1024K(1536K)->1024K(1536K)
[363.986s][info][gc,heap        ] GC(2127) ParOldGen: 10830K(699392K)->10910K(699392K)
[363.986s][info][gc,metaspace   ] GC(2127) Metaspace: 14335K(15296K)->14335K(15296K) NonClass: 12375K(12928K)->12375K(12928K) Class: 1960K(2368K)->1960K(2368K)
[363.986s][info][gc             ] GC(2127) Pause Young (Allocation Failure) 349M->11M(1022M) 2.194ms
[363.986s][info][gc,cpu         ] GC(2127) User=0.00s Sys=0.00s Real=0.00s
[364.185s][info][gc,start       ] GC(2128) Pause Young (Allocation Failure)
[364.188s][info][gc,heap        ] GC(2128) PSYoungGen: 347136K(347648K)->1024K(347648K) Eden: 346112K(346112K)->0K(346112K) From: 1024K(1536K)->1024K(1536K)
[364.188s][info][gc,heap        ] GC(2128) ParOldGen: 10910K(699392K)->10998K(699392K)
[364.188s][info][gc,metaspace   ] GC(2128) Metaspace: 14335K(15296K)->14335K(15296K) NonClass: 12375K(12928K)->12375K(12928K) Class: 1960K(2368K)->1960K(2368K)
[364.188s][info][gc             ] GC(2128) Pause Young (Allocation Failure) 349M->11M(1022M) 2.231ms
[364.188s][info][gc,cpu         ] GC(2128) User=0.52s Sys=0.00s Real=0.00s
[364.386s][info][gc,start       ] GC(2129) Pause Young (Allocation Failure)
[364.388s][info][gc,heap        ] GC(2129) PSYoungGen: 347136K(347648K)->1024K(347648K) Eden: 346112K(346112K)->0K(346112K) From: 1024K(1536K)->1024K(1536K)
[364.388s][info][gc,heap        ] GC(2129) ParOldGen: 10998K(699392K)->11110K(699392K)
[364.388s][info][gc,metaspace   ] GC(2129) Metaspace: 14335K(15296K)->14335K(15296K) NonClass: 12375K(12928K)->12375K(12928K) Class: 1960K(2368K)->1960K(2368K)
[364.388s][info][gc             ] GC(2129) Pause Young (Allocation Failure) 349M->11M(1022M) 2.292ms
[364.388s][info][gc,cpu         ] GC(2129) User=0.00s Sys=0.00s Real=0.00s
[364.587s][info][gc,start       ] GC(2130) Pause Young (Allocation Failure)
[364.590s][info][gc,heap        ] GC(2130) PSYoungGen: 347136K(347648K)->1024K(347648K) Eden: 346112K(346112K)->0K(346112K) From: 1024K(1536K)->1024K(1536K)
[364.590s][info][gc,heap        ] GC(2130) ParOldGen: 11110K(699392K)->11202K(699392K)
[364.590s][info][gc,metaspace   ] GC(2130) Metaspace: 14335K(15296K)->14335K(15296K) NonClass: 12375K(12928K)->12375K(12928K) Class: 1960K(2368K)->1960K(2368K)
[364.590s][info][gc             ] GC(2130) Pause Young (Allocation Failure) 349M->11M(1022M) 2.294ms
[364.590s][info][gc,cpu         ] GC(2130) User=0.00s Sys=0.00s Real=0.00s
[364.789s][info][gc,start       ] GC(2131) Pause Young (Allocation Failure)
[364.792s][info][gc,heap        ] GC(2131) PSYoungGen: 347136K(347648K)->1024K(347648K) Eden: 346112K(346112K)->0K(346112K) From: 1024K(1536K)->1024K(1536K)
[364.792s][info][gc,heap        ] GC(2131) ParOldGen: 11202K(699392K)->11274K(699392K)
[364.792s][info][gc,metaspace   ] GC(2131) Metaspace: 14335K(15296K)->14335K(15296K) NonClass: 12375K(12928K)->12375K(12928K) Class: 1960K(2368K)->1960K(2368K)
[364.792s][info][gc             ] GC(2131) Pause Young (Allocation Failure) 349M->12M(1022M) 2.386ms
[364.792s][info][gc,cpu         ] GC(2131) User=0.00s Sys=0.00s Real=0.00s
[364.991s][info][gc,start       ] GC(2132) Pause Young (Allocation Failure)
[364.993s][info][gc,heap        ] GC(2132) PSYoungGen: 347136K(347648K)->1024K(347648K) Eden: 346112K(346112K)->0K(346112K) From: 1024K(1536K)->1024K(1536K)
[364.993s][info][gc,heap        ] GC(2132) ParOldGen: 11274K(699392K)->11362K(699392K)
[364.993s][info][gc,metaspace   ] GC(2132) Metaspace: 14335K(15296K)->14335K(15296K) NonClass: 12375K(12928K)->12375K(12928K) Class: 1960K(2368K)->1960K(2368K)
[364.993s][info][gc             ] GC(2132) Pause Young (Allocation Failure) 350M->12M(1022M) 2.378ms
[364.993s][info][gc,cpu         ] GC(2132) User=0.00s Sys=0.00s Real=0.00s
[365.193s][info][gc,start       ] GC(2133) Pause Young (Allocation Failure)
[365.195s][info][gc,heap        ] GC(2133) PSYoungGen: 347136K(347648K)->1024K(347648K) Eden: 346112K(346112K)->0K(346112K) From: 1024K(1536K)->1024K(1536K)
[365.195s][info][gc,heap        ] GC(2133) ParOldGen: 11362K(699392K)->11482K(699392K)
[365.195s][info][gc,metaspace   ] GC(2133) Metaspace: 14335K(15296K)->14335K(15296K) NonClass: 12375K(12928K)->12375K(12928K) Class: 1960K(2368K)->1960K(2368K)
[365.195s][info][gc             ] GC(2133) Pause Young (Allocation Failure) 350M->12M(1022M) 2.384ms
[365.195s][info][gc,cpu         ] GC(2133) User=0.00s Sys=0.00s Real=0.00s
[365.393s][info][gc,start       ] GC(2134) Pause Young (Allocation Failure)
[365.396s][info][gc,heap        ] GC(2134) PSYoungGen: 347136K(347648K)->1024K(347648K) Eden: 346112K(346112K)->0K(346112K) From: 1024K(1536K)->1024K(1536K)
[365.396s][info][gc,heap        ] GC(2134) ParOldGen: 11482K(699392K)->11546K(699392K)
[365.396s][info][gc,metaspace   ] GC(2134) Metaspace: 14335K(15296K)->14335K(15296K) NonClass: 12375K(12928K)->12375K(12928K) Class: 1960K(2368K)->1960K(2368K)
[365.396s][info][gc             ] GC(2134) Pause Young (Allocation Failure) 350M->12M(1022M) 2.431ms
[365.396s][info][gc,cpu         ] GC(2134) User=0.00s Sys=0.00s Real=0.00s
[365.595s][info][gc,start       ] GC(2135) Pause Young (Allocation Failure)
[365.597s][info][gc,heap        ] GC(2135) PSYoungGen: 347136K(347648K)->1024K(347648K) Eden: 346112K(346112K)->0K(346112K) From: 1024K(1536K)->1024K(1536K)
[365.597s][info][gc,heap        ] GC(2135) ParOldGen: 11546K(699392K)->11626K(699392K)
[365.598s][info][gc,metaspace   ] GC(2135) Metaspace: 14335K(15296K)->14335K(15296K) NonClass: 12375K(12928K)->12375K(12928K) Class: 1960K(2368K)->1960K(2368K)
[365.598s][info][gc             ] GC(2135) Pause Young (Allocation Failure) 350M->12M(1022M) 2.429ms
[365.598s][info][gc,cpu         ] GC(2135) User=0.00s Sys=0.00s Real=0.00s
[365.797s][info][gc,start       ] GC(2136) Pause Young (Allocation Failure)
[365.799s][info][gc,heap        ] GC(2136) PSYoungGen: 347136K(347648K)->1024K(347648K) Eden: 346112K(346112K)->0K(346112K) From: 1024K(1536K)->1024K(1536K)
[365.799s][info][gc,heap        ] GC(2136) ParOldGen: 11626K(699392K)->11698K(699392K)
[365.799s][info][gc,metaspace   ] GC(2136) Metaspace: 14335K(15296K)->14335K(15296K) NonClass: 12375K(12928K)->12375K(12928K) Class: 1960K(2368K)->1960K(2368K)
[365.799s][info][gc             ] GC(2136) Pause Young (Allocation Failure) 350M->12M(1022M) 2.510ms
[365.799s][info][gc,cpu         ] GC(2136) User=0.52s Sys=0.00s Real=0.00s
[366.000s][info][gc,start       ] GC(2137) Pause Young (Allocation Failure)
[366.002s][info][gc,heap        ] GC(2137) PSYoungGen: 347136K(347648K)->1024K(347648K) Eden: 346112K(346112K)->0K(346112K) From: 1024K(1536K)->1024K(1536K)
[366.002s][info][gc,heap        ] GC(2137) ParOldGen: 11698K(699392K)->11778K(699392K)
[366.002s][info][gc,metaspace   ] GC(2137) Metaspace: 14335K(15296K)->14335K(15296K) NonClass: 12375K(12928K)->12375K(12928K) Class: 1960K(2368K)->1960K(2368K)
[366.002s][info][gc             ] GC(2137) Pause Young (Allocation Failure) 350M->12M(1022M) 2.567ms
[366.002s][info][gc,cpu         ] GC(2137) User=0.00s Sys=0.00s Real=0.00s
[366.277s][info][gc,start       ] GC(2138) Pause Young (Allocation Failure)
[366.280s][info][gc,heap        ] GC(2138) PSYoungGen: 347136K(347648K)->1024K(347648K) Eden: 346112K(346112K)->0K(346112K) From: 1024K(1536K)->1024K(1536K)
[366.280s][info][gc,heap        ] GC(2138) ParOldGen: 11778K(699392K)->11850K(699392K)
[366.280s][info][gc,metaspace   ] GC(2138) Metaspace: 14335K(15296K)->14335K(15296K) NonClass: 12375K(12928K)->12375K(12928K) Class: 1960K(2368K)->1960K(2368K)
[366.280s][info][gc             ] GC(2138) Pause Young (Allocation Failure) 350M->12M(1022M) 3.367ms
[366.280s][info][gc,cpu         ] GC(2138) User=0.00s Sys=0.00s Real=0.00s
[366.486s][info][gc,start       ] GC(2139) Pause Young (Allocation Failure)
[366.488s][info][gc,heap        ] GC(2139) PSYoungGen: 347136K(347648K)->1024K(347648K) Eden: 346112K(346112K)->0K(346112K) From: 1024K(1536K)->1024K(1536K)
[366.488s][info][gc,heap        ] GC(2139) ParOldGen: 11850K(699392K)->11962K(699392K)
[366.488s][info][gc,metaspace   ] GC(2139) Metaspace: 14335K(15296K)->14335K(15296K) NonClass: 12375K(12928K)->12375K(12928K) Class: 1960K(2368K)->1960K(2368K)
[366.488s][info][gc             ] GC(2139) Pause Young (Allocation Failure) 350M->12M(1022M) 2.385ms
[366.488s][info][gc,cpu         ] GC(2139) User=0.00s Sys=0.00s Real=0.00s
[366.689s][info][gc,start       ] GC(2140) Pause Young (Allocation Failure)
[366.691s][info][gc,heap        ] GC(2140) PSYoungGen: 347136K(347648K)->960K(347648K) Eden: 346112K(346112K)->0K(346112K) From: 1024K(1536K)->960K(1536K)
[366.691s][info][gc,heap        ] GC(2140) ParOldGen: 11962K(699392K)->12050K(699392K)
[366.691s][info][gc,metaspace   ] GC(2140) Metaspace: 14335K(15296K)->14335K(15296K) NonClass: 12375K(12928K)->12375K(12928K) Class: 1960K(2368K)->1960K(2368K)
[366.691s][info][gc             ] GC(2140) Pause Young (Allocation Failure) 350M->12M(1022M) 2.290ms
[366.691s][info][gc,cpu         ] GC(2140) User=0.00s Sys=0.00s Real=0.00s
[366.892s][info][gc,start       ] GC(2141) Pause Young (Allocation Failure)
[366.895s][info][gc,heap        ] GC(2141) PSYoungGen: 347072K(347648K)->1024K(347648K) Eden: 346112K(346112K)->0K(346112K) From: 960K(1536K)->1024K(1536K)
[366.895s][info][gc,heap        ] GC(2141) ParOldGen: 12050K(699392K)->12138K(699392K)
[366.895s][info][gc,metaspace   ] GC(2141) Metaspace: 14335K(15296K)->14335K(15296K) NonClass: 12375K(12928K)->12375K(12928K) Class: 1960K(2368K)->1960K(2368K)
[366.895s][info][gc             ] GC(2141) Pause Young (Allocation Failure) 350M->12M(1022M) 2.270ms
[366.895s][info][gc,cpu         ] GC(2141) User=0.00s Sys=0.00s Real=0.00s
[367.095s][info][gc,start       ] GC(2142) Pause Young (Allocation Failure)
[367.097s][info][gc,heap        ] GC(2142) PSYoungGen: 347136K(347648K)->992K(347648K) Eden: 346112K(346112K)->0K(346112K) From: 1024K(1536K)->992K(1536K)
[367.098s][info][gc,heap        ] GC(2142) ParOldGen: 12138K(699392K)->12226K(699392K)
[367.098s][info][gc,metaspace   ] GC(2142) Metaspace: 14335K(15296K)->14335K(15296K) NonClass: 12375K(12928K)->12375K(12928K) Class: 1960K(2368K)->1960K(2368K)
[367.098s][info][gc             ] GC(2142) Pause Young (Allocation Failure) 350M->12M(1022M) 2.054ms
[367.098s][info][gc,cpu         ] GC(2142) User=0.00s Sys=0.00s Real=0.00s
[367.300s][info][gc,start       ] GC(2143) Pause Young (Allocation Failure)
[367.302s][info][gc,heap        ] GC(2143) PSYoungGen: 347104K(347648K)->1024K(347648K) Eden: 346112K(346112K)->0K(346112K) From: 992K(1536K)->1024K(1536K)
[367.302s][info][gc,heap        ] GC(2143) ParOldGen: 12226K(699392K)->12330K(699392K)
[367.302s][info][gc,metaspace   ] GC(2143) Metaspace: 14335K(15296K)->14335K(15296K) NonClass: 12375K(12928K)->12375K(12928K) Class: 1960K(2368K)->1960K(2368K)
[367.302s][info][gc             ] GC(2143) Pause Young (Allocation Failure) 350M->13M(1022M) 2.069ms
[367.302s][info][gc,cpu         ] GC(2143) User=0.00s Sys=0.00s Real=0.00s
[367.504s][info][gc,start       ] GC(2144) Pause Young (Allocation Failure)
[367.506s][info][gc,heap        ] GC(2144) PSYoungGen: 347136K(347648K)->1024K(347648K) Eden: 346112K(346112K)->0K(346112K) From: 1024K(1536K)->1024K(1536K)
[367.506s][info][gc,heap        ] GC(2144) ParOldGen: 12330K(699392K)->12402K(699392K)
[367.506s][info][gc,metaspace   ] GC(2144) Metaspace: 14335K(15296K)->14335K(15296K) NonClass: 12375K(12928K)->12375K(12928K) Class: 1960K(2368K)->1960K(2368K)
[367.506s][info][gc             ] GC(2144) Pause Young (Allocation Failure) 351M->13M(1022M) 2.172ms
[367.506s][info][gc,cpu         ] GC(2144) User=0.00s Sys=0.00s Real=0.00s
[367.710s][info][gc,start       ] GC(2145) Pause Young (Allocation Failure)
[367.712s][info][gc,heap        ] GC(2145) PSYoungGen: 347136K(347648K)->1024K(347648K) Eden: 346112K(346112K)->0K(346112K) From: 1024K(1536K)->1024K(1536K)
[367.712s][info][gc,heap        ] GC(2145) ParOldGen: 12402K(699392K)->12474K(699392K)
[367.712s][info][gc,metaspace   ] GC(2145) Metaspace: 14335K(15296K)->14335K(15296K) NonClass: 12375K(12928K)->12375K(12928K) Class: 1960K(2368K)->1960K(2368K)
[367.712s][info][gc             ] GC(2145) Pause Young (Allocation Failure) 351M->13M(1022M) 2.173ms
[367.712s][info][gc,cpu         ] GC(2145) User=0.00s Sys=0.00s Real=0.00s
[367.915s][info][gc,start       ] GC(2146) Pause Young (Allocation Failure)
[367.917s][info][gc,heap        ] GC(2146) PSYoungGen: 347136K(347648K)->1024K(347648K) Eden: 346112K(346112K)->0K(346112K) From: 1024K(1536K)->1024K(1536K)
[367.917s][info][gc,heap        ] GC(2146) ParOldGen: 12474K(699392K)->12538K(699392K)
[367.917s][info][gc,metaspace   ] GC(2146) Metaspace: 14335K(15296K)->14335K(15296K) NonClass: 12375K(12928K)->12375K(12928K) Class: 1960K(2368K)->1960K(2368K)
[367.917s][info][gc             ] GC(2146) Pause Young (Allocation Failure) 351M->13M(1022M) 2.205ms
[367.917s][info][gc,cpu         ] GC(2146) User=0.00s Sys=0.00s Real=0.00s
[368.121s][info][gc,start       ] GC(2147) Pause Young (Allocation Failure)
[368.123s][info][gc,heap        ] GC(2147) PSYoungGen: 347136K(347648K)->992K(347648K) Eden: 346112K(346112K)->0K(346112K) From: 1024K(1536K)->992K(1536K)
[368.123s][info][gc,heap        ] GC(2147) ParOldGen: 12538K(699392K)->12626K(699392K)
[368.123s][info][gc,metaspace   ] GC(2147) Metaspace: 14335K(15296K)->14335K(15296K) NonClass: 12375K(12928K)->12375K(12928K) Class: 1960K(2368K)->1960K(2368K)
[368.123s][info][gc             ] GC(2147) Pause Young (Allocation Failure) 351M->13M(1022M) 2.219ms
[368.123s][info][gc,cpu         ] GC(2147) User=0.00s Sys=0.00s Real=0.00s
[368.325s][info][gc,start       ] GC(2148) Pause Young (Allocation Failure)
[368.328s][info][gc,heap        ] GC(2148) PSYoungGen: 347104K(347648K)->1024K(347648K) Eden: 346112K(346112K)->0K(346112K) From: 992K(1536K)->1024K(1536K)
[368.328s][info][gc,heap        ] GC(2148) ParOldGen: 12626K(699392K)->12698K(699392K)
[368.328s][info][gc,metaspace   ] GC(2148) Metaspace: 14335K(15296K)->14335K(15296K) NonClass: 12375K(12928K)->12375K(12928K) Class: 1960K(2368K)->1960K(2368K)
[368.328s][info][gc             ] GC(2148) Pause Young (Allocation Failure) 351M->13M(1022M) 2.266ms
[368.328s][info][gc,cpu         ] GC(2148) User=0.02s Sys=0.00s Real=0.00s
[368.533s][info][gc,start       ] GC(2149) Pause Young (Allocation Failure)
[368.535s][info][gc,heap        ] GC(2149) PSYoungGen: 347136K(347648K)->992K(347648K) Eden: 346112K(346112K)->0K(346112K) From: 1024K(1536K)->992K(1536K)
[368.535s][info][gc,heap        ] GC(2149) ParOldGen: 12698K(699392K)->12778K(699392K)
[368.535s][info][gc,metaspace   ] GC(2149) Metaspace: 14335K(15296K)->14335K(15296K) NonClass: 12375K(12928K)->12375K(12928K) Class: 1960K(2368K)->1960K(2368K)
[368.535s][info][gc             ] GC(2149) Pause Young (Allocation Failure) 351M->13M(1022M) 2.328ms
[368.535s][info][gc,cpu         ] GC(2149) User=0.00s Sys=0.00s Real=0.00s
[368.744s][info][gc,start       ] GC(2150) Pause Young (Allocation Failure)
[368.746s][info][gc,heap        ] GC(2150) PSYoungGen: 347104K(347648K)->1024K(347648K) Eden: 346112K(346112K)->0K(346112K) From: 992K(1536K)->1024K(1536K)
[368.747s][info][gc,heap        ] GC(2150) ParOldGen: 12778K(699392K)->12850K(699392K)
[368.747s][info][gc,metaspace   ] GC(2150) Metaspace: 14335K(15296K)->14335K(15296K) NonClass: 12375K(12928K)->12375K(12928K) Class: 1960K(2368K)->1960K(2368K)
[368.747s][info][gc             ] GC(2150) Pause Young (Allocation Failure) 351M->13M(1022M) 2.350ms
[368.747s][info][gc,cpu         ] GC(2150) User=0.00s Sys=0.00s Real=0.00s
[368.960s][info][gc,start       ] GC(2151) Pause Young (Allocation Failure)
[368.963s][info][gc,heap        ] GC(2151) PSYoungGen: 347136K(347648K)->1024K(347648K) Eden: 346112K(346112K)->0K(346112K) From: 1024K(1536K)->1024K(1536K)
[368.963s][info][gc,heap        ] GC(2151) ParOldGen: 12850K(699392K)->12938K(699392K)
[368.963s][info][gc,metaspace   ] GC(2151) Metaspace: 14335K(15296K)->14335K(15296K) NonClass: 12375K(12928K)->12375K(12928K) Class: 1960K(2368K)->1960K(2368K)
[368.963s][info][gc             ] GC(2151) Pause Young (Allocation Failure) 351M->13M(1022M) 2.348ms
[368.963s][info][gc,cpu         ] GC(2151) User=0.00s Sys=0.00s Real=0.00s
[369.197s][info][gc,start       ] GC(2152) Pause Young (Allocation Failure)
[369.199s][info][gc,heap        ] GC(2152) PSYoungGen: 347136K(347648K)->960K(347648K) Eden: 346112K(346112K)->0K(346112K) From: 1024K(1536K)->960K(1536K)
[369.199s][info][gc,heap        ] GC(2152) ParOldGen: 12938K(699392K)->13066K(699392K)
[369.199s][info][gc,metaspace   ] GC(2152) Metaspace: 14335K(15296K)->14335K(15296K) NonClass: 12375K(12928K)->12375K(12928K) Class: 1960K(2368K)->1960K(2368K)
[369.199s][info][gc             ] GC(2152) Pause Young (Allocation Failure) 351M->13M(1022M) 2.390ms
[369.199s][info][gc,cpu         ] GC(2152) User=0.00s Sys=0.00s Real=0.00s
[369.392s][info][gc,start       ] GC(2153) Pause Young (Allocation Failure)
[369.394s][info][gc,heap        ] GC(2153) PSYoungGen: 347072K(347648K)->704K(347648K) Eden: 346112K(346112K)->0K(346112K) From: 960K(1536K)->704K(1536K)
[369.394s][info][gc,heap        ] GC(2153) ParOldGen: 13066K(699392K)->13154K(699392K)
[369.394s][info][gc,metaspace   ] GC(2153) Metaspace: 14335K(15296K)->14335K(15296K) NonClass: 12375K(12928K)->12375K(12928K) Class: 1960K(2368K)->1960K(2368K)
[369.394s][info][gc             ] GC(2153) Pause Young (Allocation Failure) 351M->13M(1022M) 2.416ms
[369.394s][info][gc,cpu         ] GC(2153) User=0.00s Sys=0.00s Real=0.00s
[369.559s][info][gc,start       ] GC(2154) Pause Young (System.gc())
[369.562s][info][gc,heap        ] GC(2154) PSYoungGen: 184225K(347648K)->352K(347648K) Eden: 183521K(346112K)->0K(346112K) From: 704K(1536K)->352K(1536K)
[369.562s][info][gc,heap        ] GC(2154) ParOldGen: 13154K(699392K)->13226K(699392K)
[369.562s][info][gc,metaspace   ] GC(2154) Metaspace: 14335K(15296K)->14335K(15296K) NonClass: 12375K(12928K)->12375K(12928K) Class: 1960K(2368K)->1960K(2368K)
[369.562s][info][gc             ] GC(2154) Pause Young (System.gc()) 192M->13M(1022M) 2.782ms
[369.562s][info][gc,cpu         ] GC(2154) User=0.00s Sys=0.00s Real=0.00s
[369.562s][info][gc,start       ] GC(2155) Pause Full (System.gc())
[369.562s][info][gc,phases,start] GC(2155) Marking Phase
[369.576s][info][gc,phases      ] GC(2155) Marking Phase 14.191ms
[369.576s][info][gc,phases,start] GC(2155) Summary Phase
[369.576s][info][gc,phases      ] GC(2155) Summary Phase 0.020ms
[369.577s][info][gc,phases,start] GC(2155) Adjust Roots
[369.583s][info][gc,phases      ] GC(2155) Adjust Roots 6.396ms
[369.583s][info][gc,phases,start] GC(2155) Compaction Phase
[369.585s][info][gc,phases      ] GC(2155) Compaction Phase 2.117ms
[369.585s][info][gc,phases,start] GC(2155) Post Compact
[369.585s][info][gc,phases      ] GC(2155) Post Compact 0.337ms
[369.585s][info][gc,heap        ] GC(2155) PSYoungGen: 352K(347648K)->0K(347648K) Eden: 0K(346112K)->0K(346112K) From: 352K(1536K)->0K(1536K)
[369.585s][info][gc,heap        ] GC(2155) ParOldGen: 13226K(699392K)->5373K(699392K)
[369.586s][info][gc,metaspace   ] GC(2155) Metaspace: 14335K(15296K)->14335K(15296K) NonClass: 12375K(12928K)->12375K(12928K) Class: 1960K(2368K)->1960K(2368K)
[369.586s][info][gc             ] GC(2155) Pause Full (System.gc()) 13M->5M(1022M) 23.339ms
[369.586s][info][gc,cpu         ] GC(2155) User=0.02s Sys=0.00s Real=0.02s
[369.804s][info][gc,start       ] GC(2156) Pause Young (Allocation Failure)
[369.807s][info][gc,heap        ] GC(2156) PSYoungGen: 346112K(347648K)->1536K(346624K) Eden: 346112K(346112K)->0K(345088K) From: 0K(1536K)->1536K(1536K)
[369.807s][info][gc,heap        ] GC(2156) ParOldGen: 5373K(699392K)->5782K(699392K)
[369.807s][info][gc,metaspace   ] GC(2156) Metaspace: 14335K(15296K)->14335K(15296K) NonClass: 12375K(12928K)->12375K(12928K) Class: 1960K(2368K)->1960K(2368K)
[369.807s][info][gc             ] GC(2156) Pause Young (Allocation Failure) 343M->7M(1021M) 3.168ms
[369.807s][info][gc,cpu         ] GC(2156) User=0.00s Sys=0.00s Real=0.00s
[370.021s][info][gc,start       ] GC(2157) Pause Young (Allocation Failure)
[370.024s][info][gc,heap        ] GC(2157) PSYoungGen: 346624K(346624K)->1056K(347136K) Eden: 345088K(345088K)->0K(345088K) From: 1536K(1536K)->1056K(2048K)
[370.024s][info][gc,heap        ] GC(2157) ParOldGen: 5782K(699392K)->7049K(699392K)
[370.024s][info][gc,metaspace   ] GC(2157) Metaspace: 14335K(15296K)->14335K(15296K) NonClass: 12375K(12928K)->12375K(12928K) Class: 1960K(2368K)->1960K(2368K)
[370.024s][info][gc             ] GC(2157) Pause Young (Allocation Failure) 344M->7M(1022M) 2.671ms
[370.024s][info][gc,cpu         ] GC(2157) User=0.00s Sys=0.00s Real=0.00s
[370.229s][info][gc,start       ] GC(2158) Pause Young (Allocation Failure)
[370.232s][info][gc,heap        ] GC(2158) PSYoungGen: 346144K(347136K)->1024K(347136K) Eden: 345088K(345088K)->0K(345600K) From: 1056K(2048K)->1024K(1536K)
[370.232s][info][gc,heap        ] GC(2158) ParOldGen: 7049K(699392K)->7145K(699392K)
[370.232s][info][gc,metaspace   ] GC(2158) Metaspace: 14335K(15296K)->14335K(15296K) NonClass: 12375K(12928K)->12375K(12928K) Class: 1960K(2368K)->1960K(2368K)
[370.232s][info][gc             ] GC(2158) Pause Young (Allocation Failure) 344M->7M(1022M) 2.504ms
[370.232s][info][gc,cpu         ] GC(2158) User=0.00s Sys=0.00s Real=0.00s
[370.437s][info][gc,start       ] GC(2159) Pause Young (Allocation Failure)
[370.439s][info][gc,heap        ] GC(2159) PSYoungGen: 346624K(347136K)->1024K(347136K) Eden: 345600K(345600K)->0K(345600K) From: 1024K(1536K)->1024K(1536K)
[370.439s][info][gc,heap        ] GC(2159) ParOldGen: 7145K(699392K)->7257K(699392K)
[370.439s][info][gc,metaspace   ] GC(2159) Metaspace: 14335K(15296K)->14335K(15296K) NonClass: 12375K(12928K)->12375K(12928K) Class: 1960K(2368K)->1960K(2368K)
[370.439s][info][gc             ] GC(2159) Pause Young (Allocation Failure) 345M->8M(1022M) 2.316ms
[370.439s][info][gc,cpu         ] GC(2159) User=0.50s Sys=0.02s Real=0.00s
[370.646s][info][gc,start       ] GC(2160) Pause Young (Allocation Failure)
[370.648s][info][gc,heap        ] GC(2160) PSYoungGen: 346624K(347136K)->1024K(347648K) Eden: 345600K(345600K)->0K(346112K) From: 1024K(1536K)->1024K(1536K)
[370.648s][info][gc,heap        ] GC(2160) ParOldGen: 7257K(699392K)->7353K(699392K)
[370.649s][info][gc,metaspace   ] GC(2160) Metaspace: 14335K(15296K)->14335K(15296K) NonClass: 12375K(12928K)->12375K(12928K) Class: 1960K(2368K)->1960K(2368K)
[370.649s][info][gc             ] GC(2160) Pause Young (Allocation Failure) 345M->8M(1022M) 2.224ms
[370.649s][info][gc,cpu         ] GC(2160) User=0.00s Sys=0.00s Real=0.00s
[370.856s][info][gc,start       ] GC(2161) Pause Young (Allocation Failure)
[370.858s][info][gc,heap        ] GC(2161) PSYoungGen: 347136K(347648K)->1024K(347648K) Eden: 346112K(346112K)->0K(346112K) From: 1024K(1536K)->1024K(1536K)
[370.858s][info][gc,heap        ] GC(2161) ParOldGen: 7353K(699392K)->7433K(699392K)
[370.858s][info][gc,metaspace   ] GC(2161) Metaspace: 14335K(15296K)->14335K(15296K) NonClass: 12375K(12928K)->12375K(12928K) Class: 1960K(2368K)->1960K(2368K)
[370.858s][info][gc             ] GC(2161) Pause Young (Allocation Failure) 346M->8M(1022M) 2.210ms
[370.858s][info][gc,cpu         ] GC(2161) User=0.00s Sys=0.00s Real=0.00s
[371.065s][info][gc,start       ] GC(2162) Pause Young (Allocation Failure)
[371.067s][info][gc,heap        ] GC(2162) PSYoungGen: 347136K(347648K)->1024K(347648K) Eden: 346112K(346112K)->0K(346112K) From: 1024K(1536K)->1024K(1536K)
[371.067s][info][gc,heap        ] GC(2162) ParOldGen: 7433K(699392K)->7521K(699392K)
[371.067s][info][gc,metaspace   ] GC(2162) Metaspace: 14335K(15296K)->14335K(15296K) NonClass: 12375K(12928K)->12375K(12928K) Class: 1960K(2368K)->1960K(2368K)
[371.067s][info][gc             ] GC(2162) Pause Young (Allocation Failure) 346M->8M(1022M) 2.058ms
[371.067s][info][gc,cpu         ] GC(2162) User=0.00s Sys=0.00s Real=0.00s
[371.274s][info][gc,start       ] GC(2163) Pause Young (Allocation Failure)
[371.276s][info][gc,heap        ] GC(2163) PSYoungGen: 347136K(347648K)->1024K(337408K) Eden: 346112K(346112K)->0K(336384K) From: 1024K(1536K)->1024K(1024K)
[371.276s][info][gc,heap        ] GC(2163) ParOldGen: 7521K(699392K)->7609K(699392K)
[371.276s][info][gc,metaspace   ] GC(2163) Metaspace: 14335K(15296K)->14335K(15296K) NonClass: 12375K(12928K)->12375K(12928K) Class: 1960K(2368K)->1960K(2368K)
[371.276s][info][gc             ] GC(2163) Pause Young (Allocation Failure) 346M->8M(1012M) 2.184ms
[371.276s][info][gc,cpu         ] GC(2163) User=0.00s Sys=0.00s Real=0.00s
[371.475s][info][gc,start       ] GC(2164) Pause Young (Allocation Failure)
[371.477s][info][gc,heap        ] GC(2164) PSYoungGen: 337408K(337408K)->1024K(328192K) Eden: 336384K(336384K)->0K(327168K) From: 1024K(1024K)->1024K(1024K)
[371.477s][info][gc,heap        ] GC(2164) ParOldGen: 7609K(699392K)->7681K(699392K)
[371.477s][info][gc,metaspace   ] GC(2164) Metaspace: 14335K(15296K)->14335K(15296K) NonClass: 12375K(12928K)->12375K(12928K) Class: 1960K(2368K)->1960K(2368K)
[371.477s][info][gc             ] GC(2164) Pause Young (Allocation Failure) 336M->8M(1003M) 2.147ms
[371.477s][info][gc,cpu         ] GC(2164) User=0.00s Sys=0.00s Real=0.00s
[371.672s][info][gc,start       ] GC(2165) Pause Young (Allocation Failure)
[371.674s][info][gc,heap        ] GC(2165) PSYoungGen: 328192K(328192K)->1024K(346624K) Eden: 327168K(327168K)->0K(345088K) From: 1024K(1024K)->1024K(1536K)
[371.674s][info][gc,heap        ] GC(2165) ParOldGen: 7681K(699392K)->7753K(699392K)
[371.674s][info][gc,metaspace   ] GC(2165) Metaspace: 14335K(15296K)->14335K(15296K) NonClass: 12375K(12928K)->12375K(12928K) Class: 1960K(2368K)->1960K(2368K)
[371.674s][info][gc             ] GC(2165) Pause Young (Allocation Failure) 328M->8M(1021M) 2.182ms
[371.674s][info][gc,cpu         ] GC(2165) User=0.52s Sys=0.00s Real=0.00s
[371.879s][info][gc,start       ] GC(2166) Pause Young (Allocation Failure)
[371.881s][info][gc,heap        ] GC(2166) PSYoungGen: 346112K(346624K)->1024K(347648K) Eden: 345088K(345088K)->0K(346112K) From: 1024K(1536K)->1024K(1536K)
[371.881s][info][gc,heap        ] GC(2166) ParOldGen: 7753K(699392K)->7809K(699392K)
[371.881s][info][gc,metaspace   ] GC(2166) Metaspace: 14335K(15296K)->14335K(15296K) NonClass: 12375K(12928K)->12375K(12928K) Class: 1960K(2368K)->1960K(2368K)
[371.881s][info][gc             ] GC(2166) Pause Young (Allocation Failure) 345M->8M(1022M) 2.235ms
[371.881s][info][gc,cpu         ] GC(2166) User=0.00s Sys=0.00s Real=0.00s
[372.087s][info][gc,start       ] GC(2167) Pause Young (Allocation Failure)
[372.089s][info][gc,heap        ] GC(2167) PSYoungGen: 347136K(347648K)->1024K(347648K) Eden: 346112K(346112K)->0K(346112K) From: 1024K(1536K)->1024K(1536K)
[372.089s][info][gc,heap        ] GC(2167) ParOldGen: 7809K(699392K)->7889K(699392K)
[372.089s][info][gc,metaspace   ] GC(2167) Metaspace: 14335K(15296K)->14335K(15296K) NonClass: 12375K(12928K)->12375K(12928K) Class: 1960K(2368K)->1960K(2368K)
[372.089s][info][gc             ] GC(2167) Pause Young (Allocation Failure) 346M->8M(1022M) 2.254ms
[372.089s][info][gc,cpu         ] GC(2167) User=0.00s Sys=0.00s Real=0.00s
[372.293s][info][gc,start       ] GC(2168) Pause Young (Allocation Failure)
[372.295s][info][gc,heap        ] GC(2168) PSYoungGen: 347136K(347648K)->1024K(347648K) Eden: 346112K(346112K)->0K(346112K) From: 1024K(1536K)->1024K(1536K)
[372.295s][info][gc,heap        ] GC(2168) ParOldGen: 7889K(699392K)->7985K(699392K)
[372.295s][info][gc,metaspace   ] GC(2168) Metaspace: 14335K(15296K)->14335K(15296K) NonClass: 12375K(12928K)->12375K(12928K) Class: 1960K(2368K)->1960K(2368K)
[372.295s][info][gc             ] GC(2168) Pause Young (Allocation Failure) 346M->8M(1022M) 2.287ms
[372.296s][info][gc,cpu         ] GC(2168) User=0.00s Sys=0.00s Real=0.00s
[372.499s][info][gc,start       ] GC(2169) Pause Young (Allocation Failure)
[372.501s][info][gc,heap        ] GC(2169) PSYoungGen: 347136K(347648K)->992K(347648K) Eden: 346112K(346112K)->0K(346112K) From: 1024K(1536K)->992K(1536K)
[372.501s][info][gc,heap        ] GC(2169) ParOldGen: 7985K(699392K)->8057K(699392K)
[372.501s][info][gc,metaspace   ] GC(2169) Metaspace: 14335K(15296K)->14335K(15296K) NonClass: 12375K(12928K)->12375K(12928K) Class: 1960K(2368K)->1960K(2368K)
[372.501s][info][gc             ] GC(2169) Pause Young (Allocation Failure) 346M->8M(1022M) 2.322ms
[372.501s][info][gc,cpu         ] GC(2169) User=0.52s Sys=0.00s Real=0.00s
[372.705s][info][gc,start       ] GC(2170) Pause Young (Allocation Failure)
[372.707s][info][gc,heap        ] GC(2170) PSYoungGen: 347104K(347648K)->1024K(347648K) Eden: 346112K(346112K)->0K(346112K) From: 992K(1536K)->1024K(1536K)
[372.707s][info][gc,heap        ] GC(2170) ParOldGen: 8057K(699392K)->8145K(699392K)
[372.707s][info][gc,metaspace   ] GC(2170) Metaspace: 14335K(15296K)->14335K(15296K) NonClass: 12375K(12928K)->12375K(12928K) Class: 1960K(2368K)->1960K(2368K)
[372.708s][info][gc             ] GC(2170) Pause Young (Allocation Failure) 346M->8M(1022M) 2.334ms
[372.708s][info][gc,cpu         ] GC(2170) User=0.00s Sys=0.00s Real=0.00s
[372.912s][info][gc,start       ] GC(2171) Pause Young (Allocation Failure)
[372.917s][info][gc,heap        ] GC(2171) PSYoungGen: 347136K(347648K)->1024K(347648K) Eden: 346112K(346112K)->0K(346112K) From: 1024K(1536K)->1024K(1536K)
[372.917s][info][gc,heap        ] GC(2171) ParOldGen: 8145K(699392K)->8233K(699392K)
[372.917s][info][gc,metaspace   ] GC(2171) Metaspace: 14335K(15296K)->14335K(15296K) NonClass: 12375K(12928K)->12375K(12928K) Class: 1960K(2368K)->1960K(2368K)
[372.917s][info][gc             ] GC(2171) Pause Young (Allocation Failure) 346M->9M(1022M) 4.534ms
[372.917s][info][gc,cpu         ] GC(2171) User=0.00s Sys=0.00s Real=0.00s
[373.124s][info][gc,start       ] GC(2172) Pause Young (Allocation Failure)
[373.126s][info][gc,heap        ] GC(2172) PSYoungGen: 347136K(347648K)->1024K(347648K) Eden: 346112K(346112K)->0K(346112K) From: 1024K(1536K)->1024K(1536K)
[373.126s][info][gc,heap        ] GC(2172) ParOldGen: 8233K(699392K)->8337K(699392K)
[373.126s][info][gc,metaspace   ] GC(2172) Metaspace: 14335K(15296K)->14335K(15296K) NonClass: 12375K(12928K)->12375K(12928K) Class: 1960K(2368K)->1960K(2368K)
[373.126s][info][gc             ] GC(2172) Pause Young (Allocation Failure) 347M->9M(1022M) 2.417ms
[373.126s][info][gc,cpu         ] GC(2172) User=0.00s Sys=0.00s Real=0.00s
[373.331s][info][gc,start       ] GC(2173) Pause Young (Allocation Failure)
[373.333s][info][gc,heap        ] GC(2173) PSYoungGen: 347136K(347648K)->1024K(347648K) Eden: 346112K(346112K)->0K(346112K) From: 1024K(1536K)->1024K(1536K)
[373.333s][info][gc,heap        ] GC(2173) ParOldGen: 8337K(699392K)->8425K(699392K)
[373.333s][info][gc,metaspace   ] GC(2173) Metaspace: 14335K(15296K)->14335K(15296K) NonClass: 12375K(12928K)->12375K(12928K) Class: 1960K(2368K)->1960K(2368K)
[373.333s][info][gc             ] GC(2173) Pause Young (Allocation Failure) 347M->9M(1022M) 2.478ms
[373.333s][info][gc,cpu         ] GC(2173) User=0.00s Sys=0.00s Real=0.00s
[373.538s][info][gc,start       ] GC(2174) Pause Young (Allocation Failure)
[373.541s][info][gc,heap        ] GC(2174) PSYoungGen: 347136K(347648K)->992K(347648K) Eden: 346112K(346112K)->0K(346112K) From: 1024K(1536K)->992K(1536K)
[373.541s][info][gc,heap        ] GC(2174) ParOldGen: 8425K(699392K)->8505K(699392K)
[373.541s][info][gc,metaspace   ] GC(2174) Metaspace: 14335K(15296K)->14335K(15296K) NonClass: 12375K(12928K)->12375K(12928K) Class: 1960K(2368K)->1960K(2368K)
[373.541s][info][gc             ] GC(2174) Pause Young (Allocation Failure) 347M->9M(1022M) 2.491ms
[373.541s][info][gc,cpu         ] GC(2174) User=0.00s Sys=0.00s Real=0.00s
[373.746s][info][gc,start       ] GC(2175) Pause Young (Allocation Failure)
[373.748s][info][gc,heap        ] GC(2175) PSYoungGen: 347104K(347648K)->1024K(347648K) Eden: 346112K(346112K)->0K(346112K) From: 992K(1536K)->1024K(1536K)
[373.748s][info][gc,heap        ] GC(2175) ParOldGen: 8505K(699392K)->8609K(699392K)
[373.748s][info][gc,metaspace   ] GC(2175) Metaspace: 14335K(15296K)->14335K(15296K) NonClass: 12375K(12928K)->12375K(12928K) Class: 1960K(2368K)->1960K(2368K)
[373.748s][info][gc             ] GC(2175) Pause Young (Allocation Failure) 347M->9M(1022M) 2.496ms
[373.748s][info][gc,cpu         ] GC(2175) User=0.00s Sys=0.00s Real=0.00s
[374.104s][info][gc,start       ] GC(2176) Pause Young (Allocation Failure)
[374.107s][info][gc,heap        ] GC(2176) PSYoungGen: 347136K(347648K)->1024K(347648K) Eden: 346112K(346112K)->0K(346112K) From: 1024K(1536K)->1024K(1536K)
[374.107s][info][gc,heap        ] GC(2176) ParOldGen: 8609K(699392K)->8697K(699392K)
[374.107s][info][gc,metaspace   ] GC(2176) Metaspace: 14335K(15296K)->14335K(15296K) NonClass: 12375K(12928K)->12375K(12928K) Class: 1960K(2368K)->1960K(2368K)
[374.107s][info][gc             ] GC(2176) Pause Young (Allocation Failure) 347M->9M(1022M) 3.367ms
[374.107s][info][gc,cpu         ] GC(2176) User=0.00s Sys=0.00s Real=0.00s
[374.317s][info][gc,start       ] GC(2177) Pause Young (Allocation Failure)
[374.319s][info][gc,heap        ] GC(2177) PSYoungGen: 347136K(347648K)->1024K(347648K) Eden: 346112K(346112K)->0K(346112K) From: 1024K(1536K)->1024K(1536K)
[374.319s][info][gc,heap        ] GC(2177) ParOldGen: 8697K(699392K)->8793K(699392K)
[374.319s][info][gc,metaspace   ] GC(2177) Metaspace: 14335K(15296K)->14335K(15296K) NonClass: 12375K(12928K)->12375K(12928K) Class: 1960K(2368K)->1960K(2368K)
[374.319s][info][gc             ] GC(2177) Pause Young (Allocation Failure) 347M->9M(1022M) 2.333ms
[374.319s][info][gc,cpu         ] GC(2177) User=0.00s Sys=0.00s Real=0.00s
[374.523s][info][gc,start       ] GC(2178) Pause Young (Allocation Failure)
[374.525s][info][gc,heap        ] GC(2178) PSYoungGen: 347136K(347648K)->992K(347648K) Eden: 346112K(346112K)->0K(346112K) From: 1024K(1536K)->992K(1536K)
[374.525s][info][gc,heap        ] GC(2178) ParOldGen: 8793K(699392K)->8881K(699392K)
[374.525s][info][gc,metaspace   ] GC(2178) Metaspace: 14335K(15296K)->14335K(15296K) NonClass: 12375K(12928K)->12375K(12928K) Class: 1960K(2368K)->1960K(2368K)
[374.525s][info][gc             ] GC(2178) Pause Young (Allocation Failure) 347M->9M(1022M) 2.208ms
[374.525s][info][gc,cpu         ] GC(2178) User=0.00s Sys=0.00s Real=0.00s
[374.726s][info][gc,start       ] GC(2179) Pause Young (Allocation Failure)
[374.728s][info][gc,heap        ] GC(2179) PSYoungGen: 347104K(347648K)->1024K(347648K) Eden: 346112K(346112K)->0K(346112K) From: 992K(1536K)->1024K(1536K)
[374.728s][info][gc,heap        ] GC(2179) ParOldGen: 8881K(699392K)->8993K(699392K)
[374.728s][info][gc,metaspace   ] GC(2179) Metaspace: 14335K(15296K)->14335K(15296K) NonClass: 12375K(12928K)->12375K(12928K) Class: 1960K(2368K)->1960K(2368K)
[374.728s][info][gc             ] GC(2179) Pause Young (Allocation Failure) 347M->9M(1022M) 2.248ms
[374.728s][info][gc,cpu         ] GC(2179) User=0.00s Sys=0.00s Real=0.00s
[374.932s][info][gc,start       ] GC(2180) Pause Young (Allocation Failure)
[374.934s][info][gc,heap        ] GC(2180) PSYoungGen: 347136K(347648K)->1024K(347648K) Eden: 346112K(346112K)->0K(346112K) From: 1024K(1536K)->1024K(1536K)
[374.934s][info][gc,heap        ] GC(2180) ParOldGen: 8993K(699392K)->9065K(699392K)
[374.934s][info][gc,metaspace   ] GC(2180) Metaspace: 14335K(15296K)->14335K(15296K) NonClass: 12375K(12928K)->12375K(12928K) Class: 1960K(2368K)->1960K(2368K)
[374.934s][info][gc             ] GC(2180) Pause Young (Allocation Failure) 347M->9M(1022M) 2.064ms
[374.934s][info][gc,cpu         ] GC(2180) User=0.00s Sys=0.00s Real=0.00s
[375.137s][info][gc,start       ] GC(2181) Pause Young (Allocation Failure)
[375.139s][info][gc,heap        ] GC(2181) PSYoungGen: 347136K(347648K)->992K(337408K) Eden: 346112K(346112K)->0K(336384K) From: 1024K(1536K)->992K(1024K)
[375.139s][info][gc,heap        ] GC(2181) ParOldGen: 9065K(699392K)->9161K(699392K)
[375.139s][info][gc,metaspace   ] GC(2181) Metaspace: 14335K(15296K)->14335K(15296K) NonClass: 12375K(12928K)->12375K(12928K) Class: 1960K(2368K)->1960K(2368K)
[375.139s][info][gc             ] GC(2181) Pause Young (Allocation Failure) 347M->9M(1012M) 2.221ms
[375.139s][info][gc,cpu         ] GC(2181) User=0.00s Sys=0.00s Real=0.00s
[375.336s][info][gc,start       ] GC(2182) Pause Young (Allocation Failure)
[375.338s][info][gc,heap        ] GC(2182) PSYoungGen: 337376K(337408K)->1024K(328192K) Eden: 336384K(336384K)->0K(327168K) From: 992K(1024K)->1024K(1024K)
[375.338s][info][gc,heap        ] GC(2182) ParOldGen: 9161K(699392K)->9257K(699392K)
[375.338s][info][gc,metaspace   ] GC(2182) Metaspace: 14335K(15296K)->14335K(15296K) NonClass: 12375K(12928K)->12375K(12928K) Class: 1960K(2368K)->1960K(2368K)
[375.338s][info][gc             ] GC(2182) Pause Young (Allocation Failure) 338M->10M(1003M) 2.117ms
[375.338s][info][gc,cpu         ] GC(2182) User=0.00s Sys=0.00s Real=0.00s
[375.530s][info][gc,start       ] GC(2183) Pause Young (Allocation Failure)
[375.532s][info][gc,heap        ] GC(2183) PSYoungGen: 328192K(328192K)->1024K(346624K) Eden: 327168K(327168K)->0K(345088K) From: 1024K(1024K)->1024K(1536K)
[375.532s][info][gc,heap        ] GC(2183) ParOldGen: 9257K(699392K)->9337K(699392K)
[375.532s][info][gc,metaspace   ] GC(2183) Metaspace: 14335K(15296K)->14335K(15296K) NonClass: 12375K(12928K)->12375K(12928K) Class: 1960K(2368K)->1960K(2368K)
[375.532s][info][gc             ] GC(2183) Pause Young (Allocation Failure) 329M->10M(1021M) 2.152ms
[375.532s][info][gc,cpu         ] GC(2183) User=0.52s Sys=0.00s Real=0.00s
[375.734s][info][gc,start       ] GC(2184) Pause Young (Allocation Failure)
[375.736s][info][gc,heap        ] GC(2184) PSYoungGen: 346112K(346624K)->1024K(347648K) Eden: 345088K(345088K)->0K(346112K) From: 1024K(1536K)->1024K(1536K)
[375.736s][info][gc,heap        ] GC(2184) ParOldGen: 9337K(699392K)->9401K(699392K)
[375.736s][info][gc,metaspace   ] GC(2184) Metaspace: 14335K(15296K)->14335K(15296K) NonClass: 12375K(12928K)->12375K(12928K) Class: 1960K(2368K)->1960K(2368K)
[375.736s][info][gc             ] GC(2184) Pause Young (Allocation Failure) 347M->10M(1022M) 2.207ms
[375.736s][info][gc,cpu         ] GC(2184) User=0.00s Sys=0.00s Real=0.00s
[375.939s][info][gc,start       ] GC(2185) Pause Young (Allocation Failure)
[375.942s][info][gc,heap        ] GC(2185) PSYoungGen: 347135K(347648K)->1024K(347648K) Eden: 346111K(346112K)->0K(346112K) From: 1024K(1536K)->1024K(1536K)
[375.942s][info][gc,heap        ] GC(2185) ParOldGen: 9401K(699392K)->9465K(699392K)
[375.942s][info][gc,metaspace   ] GC(2185) Metaspace: 14335K(15296K)->14335K(15296K) NonClass: 12375K(12928K)->12375K(12928K) Class: 1960K(2368K)->1960K(2368K)
[375.942s][info][gc             ] GC(2185) Pause Young (Allocation Failure) 348M->10M(1022M) 2.208ms
[375.942s][info][gc,cpu         ] GC(2185) User=0.00s Sys=0.00s Real=0.00s
[376.145s][info][gc,start       ] GC(2186) Pause Young (Allocation Failure)
[376.148s][info][gc,heap        ] GC(2186) PSYoungGen: 347136K(347648K)->1024K(347648K) Eden: 346112K(346112K)->0K(346112K) From: 1024K(1536K)->1024K(1536K)
[376.148s][info][gc,heap        ] GC(2186) ParOldGen: 9465K(699392K)->9561K(699392K)
[376.148s][info][gc,metaspace   ] GC(2186) Metaspace: 14335K(15296K)->14335K(15296K) NonClass: 12375K(12928K)->12375K(12928K) Class: 1960K(2368K)->1960K(2368K)
[376.148s][info][gc             ] GC(2186) Pause Young (Allocation Failure) 348M->10M(1022M) 2.232ms
[376.148s][info][gc,cpu         ] GC(2186) User=0.00s Sys=0.00s Real=0.00s
[376.351s][info][gc,start       ] GC(2187) Pause Young (Allocation Failure)
[376.354s][info][gc,heap        ] GC(2187) PSYoungGen: 347136K(347648K)->1024K(347648K) Eden: 346112K(346112K)->0K(346112K) From: 1024K(1536K)->1024K(1536K)
[376.354s][info][gc,heap        ] GC(2187) ParOldGen: 9561K(699392K)->9641K(699392K)
[376.354s][info][gc,metaspace   ] GC(2187) Metaspace: 14335K(15296K)->14335K(15296K) NonClass: 12375K(12928K)->12375K(12928K) Class: 1960K(2368K)->1960K(2368K)
[376.354s][info][gc             ] GC(2187) Pause Young (Allocation Failure) 348M->10M(1022M) 2.293ms
[376.354s][info][gc,cpu         ] GC(2187) User=0.00s Sys=0.00s Real=0.00s
[376.558s][info][gc,start       ] GC(2188) Pause Young (Allocation Failure)
[376.560s][info][gc,heap        ] GC(2188) PSYoungGen: 347136K(347648K)->1024K(347648K) Eden: 346112K(346112K)->0K(346112K) From: 1024K(1536K)->1024K(1536K)
[376.560s][info][gc,heap        ] GC(2188) ParOldGen: 9641K(699392K)->9721K(699392K)
[376.560s][info][gc,metaspace   ] GC(2188) Metaspace: 14335K(15296K)->14335K(15296K) NonClass: 12375K(12928K)->12375K(12928K) Class: 1960K(2368K)->1960K(2368K)
[376.560s][info][gc             ] GC(2188) Pause Young (Allocation Failure) 348M->10M(1022M) 2.349ms
[376.560s][info][gc,cpu         ] GC(2188) User=0.00s Sys=0.00s Real=0.00s
[376.764s][info][gc,start       ] GC(2189) Pause Young (Allocation Failure)
[376.766s][info][gc,heap        ] GC(2189) PSYoungGen: 347136K(347648K)->1024K(347648K) Eden: 346112K(346112K)->0K(346112K) From: 1024K(1536K)->1024K(1536K)
[376.766s][info][gc,heap        ] GC(2189) ParOldGen: 9721K(699392K)->9801K(699392K)
[376.767s][info][gc,metaspace   ] GC(2189) Metaspace: 14335K(15296K)->14335K(15296K) NonClass: 12375K(12928K)->12375K(12928K) Class: 1960K(2368K)->1960K(2368K)
[376.767s][info][gc             ] GC(2189) Pause Young (Allocation Failure) 348M->10M(1022M) 2.362ms
[376.767s][info][gc,cpu         ] GC(2189) User=0.52s Sys=0.00s Real=0.00s
[376.970s][info][gc,start       ] GC(2190) Pause Young (Allocation Failure)
[376.973s][info][gc,heap        ] GC(2190) PSYoungGen: 347136K(347648K)->1024K(347648K) Eden: 346112K(346112K)->0K(346112K) From: 1024K(1536K)->1024K(1536K)
[376.973s][info][gc,heap        ] GC(2190) ParOldGen: 9801K(699392K)->9905K(699392K)
[376.973s][info][gc,metaspace   ] GC(2190) Metaspace: 14335K(15296K)->14335K(15296K) NonClass: 12375K(12928K)->12375K(12928K) Class: 1960K(2368K)->1960K(2368K)
[376.973s][info][gc             ] GC(2190) Pause Young (Allocation Failure) 348M->10M(1022M) 2.405ms
[376.973s][info][gc,cpu         ] GC(2190) User=0.00s Sys=0.00s Real=0.00s
[377.175s][info][gc,start       ] GC(2191) Pause Young (Allocation Failure)
[377.177s][info][gc,heap        ] GC(2191) PSYoungGen: 347136K(347648K)->992K(347648K) Eden: 346112K(346112K)->0K(346112K) From: 1024K(1536K)->992K(1536K)
[377.177s][info][gc,heap        ] GC(2191) ParOldGen: 9905K(699392K)->9993K(699392K)
[377.177s][info][gc,metaspace   ] GC(2191) Metaspace: 14335K(15296K)->14335K(15296K) NonClass: 12375K(12928K)->12375K(12928K) Class: 1960K(2368K)->1960K(2368K)
[377.177s][info][gc             ] GC(2191) Pause Young (Allocation Failure) 348M->10M(1022M) 2.445ms
[377.177s][info][gc,cpu         ] GC(2191) User=0.00s Sys=0.00s Real=0.00s
[377.381s][info][gc,start       ] GC(2192) Pause Young (Allocation Failure)
[377.383s][info][gc,heap        ] GC(2192) PSYoungGen: 347104K(347648K)->1024K(347648K) Eden: 346112K(346112K)->0K(346112K) From: 992K(1536K)->1024K(1536K)
[377.383s][info][gc,heap        ] GC(2192) ParOldGen: 9993K(699392K)->10073K(699392K)
[377.383s][info][gc,metaspace   ] GC(2192) Metaspace: 14335K(15296K)->14335K(15296K) NonClass: 12375K(12928K)->12375K(12928K) Class: 1960K(2368K)->1960K(2368K)
[377.383s][info][gc             ] GC(2192) Pause Young (Allocation Failure) 348M->10M(1022M) 2.463ms
[377.383s][info][gc,cpu         ] GC(2192) User=0.00s Sys=0.00s Real=0.00s
[377.587s][info][gc,start       ] GC(2193) Pause Young (Allocation Failure)
[377.590s][info][gc,heap        ] GC(2193) PSYoungGen: 347136K(347648K)->992K(347648K) Eden: 346112K(346112K)->0K(346112K) From: 1024K(1536K)->992K(1536K)
[377.590s][info][gc,heap        ] GC(2193) ParOldGen: 10073K(699392K)->10161K(699392K)
[377.590s][info][gc,metaspace   ] GC(2193) Metaspace: 14335K(15296K)->14335K(15296K) NonClass: 12375K(12928K)->12375K(12928K) Class: 1960K(2368K)->1960K(2368K)
[377.590s][info][gc             ] GC(2193) Pause Young (Allocation Failure) 348M->10M(1022M) 2.492ms
[377.590s][info][gc,cpu         ] GC(2193) User=0.00s Sys=0.00s Real=0.00s
[377.794s][info][gc,start       ] GC(2194) Pause Young (Allocation Failure)
[377.797s][info][gc,heap        ] GC(2194) PSYoungGen: 347104K(347648K)->1024K(347648K) Eden: 346112K(346112K)->0K(346112K) From: 992K(1536K)->1024K(1536K)
[377.797s][info][gc,heap        ] GC(2194) ParOldGen: 10161K(699392K)->10249K(699392K)
[377.797s][info][gc,metaspace   ] GC(2194) Metaspace: 14335K(15296K)->14335K(15296K) NonClass: 12375K(12928K)->12375K(12928K) Class: 1960K(2368K)->1960K(2368K)
[377.797s][info][gc             ] GC(2194) Pause Young (Allocation Failure) 348M->11M(1022M) 2.489ms
[377.797s][info][gc,cpu         ] GC(2194) User=0.52s Sys=0.00s Real=0.00s
[378.047s][info][gc,start       ] GC(2195) Pause Young (Allocation Failure)
[378.050s][info][gc,heap        ] GC(2195) PSYoungGen: 347136K(347648K)->992K(347648K) Eden: 346112K(346112K)->0K(346112K) From: 1024K(1536K)->992K(1536K)
[378.050s][info][gc,heap        ] GC(2195) ParOldGen: 10249K(699392K)->10321K(699392K)
[378.050s][info][gc,metaspace   ] GC(2195) Metaspace: 14335K(15296K)->14335K(15296K) NonClass: 12375K(12928K)->12375K(12928K) Class: 1960K(2368K)->1960K(2368K)
[378.050s][info][gc             ] GC(2195) Pause Young (Allocation Failure) 349M->11M(1022M) 3.384ms
[378.050s][info][gc,cpu         ] GC(2195) User=0.00s Sys=0.00s Real=0.00s
[378.262s][info][gc,start       ] GC(2196) Pause Young (Allocation Failure)
[378.264s][info][gc,heap        ] GC(2196) PSYoungGen: 347104K(347648K)->992K(347648K) Eden: 346112K(346112K)->0K(346112K) From: 992K(1536K)->992K(1536K)
[378.264s][info][gc,heap        ] GC(2196) ParOldGen: 10321K(699392K)->10425K(699392K)
[378.264s][info][gc,metaspace   ] GC(2196) Metaspace: 14335K(15296K)->14335K(15296K) NonClass: 12375K(12928K)->12375K(12928K) Class: 1960K(2368K)->1960K(2368K)
[378.264s][info][gc             ] GC(2196) Pause Young (Allocation Failure) 349M->11M(1022M) 2.376ms
[378.265s][info][gc,cpu         ] GC(2196) User=0.00s Sys=0.00s Real=0.00s
[378.469s][info][gc,start       ] GC(2197) Pause Young (Allocation Failure)
[378.480s][info][gc,heap        ] GC(2197) PSYoungGen: 347104K(347648K)->1024K(347648K) Eden: 346112K(346112K)->0K(346112K) From: 992K(1536K)->1024K(1536K)
[378.480s][info][gc,heap        ] GC(2197) ParOldGen: 10425K(699392K)->10521K(699392K)
[378.480s][info][gc,metaspace   ] GC(2197) Metaspace: 14335K(15296K)->14335K(15296K) NonClass: 12375K(12928K)->12375K(12928K) Class: 1960K(2368K)->1960K(2368K)
[378.480s][info][gc             ] GC(2197) Pause Young (Allocation Failure) 349M->11M(1022M) 11.142ms
[378.480s][info][gc,cpu         ] GC(2197) User=0.00s Sys=0.00s Real=0.01s
[378.687s][info][gc,start       ] GC(2198) Pause Young (Allocation Failure)
[378.689s][info][gc,heap        ] GC(2198) PSYoungGen: 347136K(347648K)->1024K(347648K) Eden: 346112K(346112K)->0K(346112K) From: 1024K(1536K)->1024K(1536K)
[378.689s][info][gc,heap        ] GC(2198) ParOldGen: 10521K(699392K)->10625K(699392K)
[378.689s][info][gc,metaspace   ] GC(2198) Metaspace: 14335K(15296K)->14335K(15296K) NonClass: 12375K(12928K)->12375K(12928K) Class: 1960K(2368K)->1960K(2368K)
[378.689s][info][gc             ] GC(2198) Pause Young (Allocation Failure) 349M->11M(1022M) 2.008ms
[378.689s][info][gc,cpu         ] GC(2198) User=0.00s Sys=0.00s Real=0.00s
[378.893s][info][gc,start       ] GC(2199) Pause Young (Allocation Failure)
[378.895s][info][gc,heap        ] GC(2199) PSYoungGen: 347136K(347648K)->992K(347648K) Eden: 346112K(346112K)->0K(346112K) From: 1024K(1536K)->992K(1536K)
[378.895s][info][gc,heap        ] GC(2199) ParOldGen: 10625K(699392K)->10729K(699392K)
[378.895s][info][gc,metaspace   ] GC(2199) Metaspace: 14335K(15296K)->14335K(15296K) NonClass: 12375K(12928K)->12375K(12928K) Class: 1960K(2368K)->1960K(2368K)
[378.895s][info][gc             ] GC(2199) Pause Young (Allocation Failure) 349M->11M(1022M) 2.017ms
[378.895s][info][gc,cpu         ] GC(2199) User=0.00s Sys=0.00s Real=0.00s
[379.100s][info][gc,start       ] GC(2200) Pause Young (Allocation Failure)
[379.102s][info][gc,heap        ] GC(2200) PSYoungGen: 347104K(347648K)->1024K(337408K) Eden: 346112K(346112K)->0K(336384K) From: 992K(1536K)->1024K(1024K)
[379.102s][info][gc,heap        ] GC(2200) ParOldGen: 10729K(699392K)->10801K(699392K)
[379.102s][info][gc,metaspace   ] GC(2200) Metaspace: 14335K(15296K)->14335K(15296K) NonClass: 12375K(12928K)->12375K(12928K) Class: 1960K(2368K)->1960K(2368K)
[379.102s][info][gc             ] GC(2200) Pause Young (Allocation Failure) 349M->11M(1012M) 2.082ms
[379.102s][info][gc,cpu         ] GC(2200) User=0.00s Sys=0.00s Real=0.00s
[379.301s][info][gc,start       ] GC(2201) Pause Young (Allocation Failure)
[379.303s][info][gc,heap        ] GC(2201) PSYoungGen: 337408K(337408K)->1024K(328192K) Eden: 336384K(336384K)->0K(327168K) From: 1024K(1024K)->1024K(1024K)
[379.303s][info][gc,heap        ] GC(2201) ParOldGen: 10801K(699392K)->10897K(699392K)
[379.303s][info][gc,metaspace   ] GC(2201) Metaspace: 14335K(15296K)->14335K(15296K) NonClass: 12375K(12928K)->12375K(12928K) Class: 1960K(2368K)->1960K(2368K)
[379.303s][info][gc             ] GC(2201) Pause Young (Allocation Failure) 340M->11M(1003M) 2.163ms
[379.303s][info][gc,cpu         ] GC(2201) User=0.00s Sys=0.00s Real=0.00s
[379.495s][info][gc,start       ] GC(2202) Pause Young (Allocation Failure)
[379.497s][info][gc,heap        ] GC(2202) PSYoungGen: 328192K(328192K)->1024K(346624K) Eden: 327168K(327168K)->0K(345088K) From: 1024K(1024K)->1024K(1536K)
[379.497s][info][gc,heap        ] GC(2202) ParOldGen: 10897K(699392K)->10969K(699392K)
[379.497s][info][gc,metaspace   ] GC(2202) Metaspace: 14335K(15296K)->14335K(15296K) NonClass: 12375K(12928K)->12375K(12928K) Class: 1960K(2368K)->1960K(2368K)
[379.497s][info][gc             ] GC(2202) Pause Young (Allocation Failure) 331M->11M(1021M) 2.168ms
[379.497s][info][gc,cpu         ] GC(2202) User=0.00s Sys=0.00s Real=0.00s
[379.701s][info][gc,start       ] GC(2203) Pause Young (Allocation Failure)
[379.703s][info][gc,heap        ] GC(2203) PSYoungGen: 346112K(346624K)->1024K(346624K) Eden: 345088K(345088K)->0K(345088K) From: 1024K(1536K)->1024K(1536K)
[379.703s][info][gc,heap        ] GC(2203) ParOldGen: 10969K(699392K)->11053K(699392K)
[379.703s][info][gc,metaspace   ] GC(2203) Metaspace: 14335K(15296K)->14335K(15296K) NonClass: 12375K(12928K)->12375K(12928K) Class: 1960K(2368K)->1960K(2368K)
[379.703s][info][gc             ] GC(2203) Pause Young (Allocation Failure) 348M->11M(1021M) 2.217ms
[379.704s][info][gc,cpu         ] GC(2203) User=0.52s Sys=0.00s Real=0.00s
[379.907s][info][gc,start       ] GC(2204) Pause Young (Allocation Failure)
[379.909s][info][gc,heap        ] GC(2204) PSYoungGen: 346112K(346624K)->1024K(347648K) Eden: 345088K(345088K)->0K(346112K) From: 1024K(1536K)->1024K(1536K)
[379.909s][info][gc,heap        ] GC(2204) ParOldGen: 11053K(699392K)->11125K(699392K)
[379.909s][info][gc,metaspace   ] GC(2204) Metaspace: 14335K(15296K)->14335K(15296K) NonClass: 12375K(12928K)->12375K(12928K) Class: 1960K(2368K)->1960K(2368K)
[379.909s][info][gc             ] GC(2204) Pause Young (Allocation Failure) 348M->11M(1022M) 2.257ms
[379.909s][info][gc,cpu         ] GC(2204) User=0.00s Sys=0.00s Real=0.00s
[380.113s][info][gc,start       ] GC(2205) Pause Young (Allocation Failure)
[380.115s][info][gc,heap        ] GC(2205) PSYoungGen: 347136K(347648K)->1056K(347648K) Eden: 346112K(346112K)->0K(346112K) From: 1024K(1536K)->1056K(1536K)
[380.115s][info][gc,heap        ] GC(2205) ParOldGen: 11125K(699392K)->11221K(699392K)
[380.115s][info][gc,metaspace   ] GC(2205) Metaspace: 14335K(15296K)->14335K(15296K) NonClass: 12375K(12928K)->12375K(12928K) Class: 1960K(2368K)->1960K(2368K)
[380.115s][info][gc             ] GC(2205) Pause Young (Allocation Failure) 349M->11M(1022M) 2.279ms
[380.115s][info][gc,cpu         ] GC(2205) User=0.00s Sys=0.00s Real=0.00s
[380.318s][info][gc,start       ] GC(2206) Pause Young (Allocation Failure)
[380.320s][info][gc,heap        ] GC(2206) PSYoungGen: 347168K(347648K)->1024K(347648K) Eden: 346112K(346112K)->0K(346112K) From: 1056K(1536K)->1024K(1536K)
[380.320s][info][gc,heap        ] GC(2206) ParOldGen: 11221K(699392K)->11293K(699392K)
[380.320s][info][gc,metaspace   ] GC(2206) Metaspace: 14335K(15296K)->14335K(15296K) NonClass: 12375K(12928K)->12375K(12928K) Class: 1960K(2368K)->1960K(2368K)
[380.320s][info][gc             ] GC(2206) Pause Young (Allocation Failure) 349M->12M(1022M) 2.293ms
[380.320s][info][gc,cpu         ] GC(2206) User=0.00s Sys=0.00s Real=0.00s
[380.523s][info][gc,start       ] GC(2207) Pause Young (Allocation Failure)
[380.526s][info][gc,heap        ] GC(2207) PSYoungGen: 347136K(347648K)->1024K(347648K) Eden: 346112K(346112K)->0K(346112K) From: 1024K(1536K)->1024K(1536K)
[380.526s][info][gc,heap        ] GC(2207) ParOldGen: 11293K(699392K)->11389K(699392K)
[380.526s][info][gc,metaspace   ] GC(2207) Metaspace: 14335K(15296K)->14335K(15296K) NonClass: 12375K(12928K)->12375K(12928K) Class: 1960K(2368K)->1960K(2368K)
[380.526s][info][gc             ] GC(2207) Pause Young (Allocation Failure) 350M->12M(1022M) 2.383ms
[380.526s][info][gc,cpu         ] GC(2207) User=0.00s Sys=0.00s Real=0.00s
[380.729s][info][gc,start       ] GC(2208) Pause Young (Allocation Failure)
[380.732s][info][gc,heap        ] GC(2208) PSYoungGen: 347136K(347648K)->1024K(347648K) Eden: 346112K(346112K)->0K(346112K) From: 1024K(1536K)->1024K(1536K)
[380.732s][info][gc,heap        ] GC(2208) ParOldGen: 11389K(699392K)->11477K(699392K)
[380.732s][info][gc,metaspace   ] GC(2208) Metaspace: 14335K(15296K)->14335K(15296K) NonClass: 12375K(12928K)->12375K(12928K) Class: 1960K(2368K)->1960K(2368K)
[380.732s][info][gc             ] GC(2208) Pause Young (Allocation Failure) 350M->12M(1022M) 2.421ms
[380.732s][info][gc,cpu         ] GC(2208) User=0.00s Sys=0.00s Real=0.00s
[380.937s][info][gc,start       ] GC(2209) Pause Young (Allocation Failure)
[380.939s][info][gc,heap        ] GC(2209) PSYoungGen: 347136K(347648K)->1024K(347648K) Eden: 346112K(346112K)->0K(346112K) From: 1024K(1536K)->1024K(1536K)
[380.939s][info][gc,heap        ] GC(2209) ParOldGen: 11477K(699392K)->11549K(699392K)
[380.939s][info][gc,metaspace   ] GC(2209) Metaspace: 14335K(15296K)->14335K(15296K) NonClass: 12375K(12928K)->12375K(12928K) Class: 1960K(2368K)->1960K(2368K)
[380.939s][info][gc             ] GC(2209) Pause Young (Allocation Failure) 350M->12M(1022M) 2.403ms
[380.939s][info][gc,cpu         ] GC(2209) User=0.52s Sys=0.00s Real=0.00s
[381.144s][info][gc,start       ] GC(2210) Pause Young (Allocation Failure)
[381.146s][info][gc,heap        ] GC(2210) PSYoungGen: 347136K(347648K)->960K(347648K) Eden: 346112K(346112K)->0K(346112K) From: 1024K(1536K)->960K(1536K)
[381.146s][info][gc,heap        ] GC(2210) ParOldGen: 11549K(699392K)->11653K(699392K)
[381.146s][info][gc,metaspace   ] GC(2210) Metaspace: 14335K(15296K)->14335K(15296K) NonClass: 12375K(12928K)->12375K(12928K) Class: 1960K(2368K)->1960K(2368K)
[381.146s][info][gc             ] GC(2210) Pause Young (Allocation Failure) 350M->12M(1022M) 2.437ms
[381.146s][info][gc,cpu         ] GC(2210) User=0.00s Sys=0.00s Real=0.00s
[381.349s][info][gc,start       ] GC(2211) Pause Young (Allocation Failure)
[381.352s][info][gc,heap        ] GC(2211) PSYoungGen: 347072K(347648K)->992K(347648K) Eden: 346112K(346112K)->0K(346112K) From: 960K(1536K)->992K(1536K)
[381.352s][info][gc,heap        ] GC(2211) ParOldGen: 11653K(699392K)->11757K(699392K)
[381.352s][info][gc,metaspace   ] GC(2211) Metaspace: 14335K(15296K)->14335K(15296K) NonClass: 12375K(12928K)->12375K(12928K) Class: 1960K(2368K)->1960K(2368K)
[381.352s][info][gc             ] GC(2211) Pause Young (Allocation Failure) 350M->12M(1022M) 2.476ms
[381.352s][info][gc,cpu         ] GC(2211) User=0.00s Sys=0.00s Real=0.00s
[381.555s][info][gc,start       ] GC(2212) Pause Young (Allocation Failure)
[381.557s][info][gc,heap        ] GC(2212) PSYoungGen: 347104K(347648K)->1024K(347648K) Eden: 346112K(346112K)->0K(346112K) From: 992K(1536K)->1024K(1536K)
[381.557s][info][gc,heap        ] GC(2212) ParOldGen: 11757K(699392K)->11845K(699392K)
[381.557s][info][gc,metaspace   ] GC(2212) Metaspace: 14335K(15296K)->14335K(15296K) NonClass: 12375K(12928K)->12375K(12928K) Class: 1960K(2368K)->1960K(2368K)
[381.557s][info][gc             ] GC(2212) Pause Young (Allocation Failure) 350M->12M(1022M) 2.457ms
[381.557s][info][gc,cpu         ] GC(2212) User=0.00s Sys=0.00s Real=0.00s
[381.763s][info][gc,start       ] GC(2213) Pause Young (Allocation Failure)
[381.766s][info][gc,heap        ] GC(2213) PSYoungGen: 347136K(347648K)->992K(347648K) Eden: 346112K(346112K)->0K(346112K) From: 1024K(1536K)->992K(1536K)
[381.766s][info][gc,heap        ] GC(2213) ParOldGen: 11845K(699392K)->11933K(699392K)
[381.766s][info][gc,metaspace   ] GC(2213) Metaspace: 14335K(15296K)->14335K(15296K) NonClass: 12375K(12928K)->12375K(12928K) Class: 1960K(2368K)->1960K(2368K)
[381.766s][info][gc             ] GC(2213) Pause Young (Allocation Failure) 350M->12M(1022M) 2.506ms
[381.766s][info][gc,cpu         ] GC(2213) User=0.52s Sys=0.00s Real=0.00s
[381.975s][info][gc,start       ] GC(2214) Pause Young (Allocation Failure)
[381.977s][info][gc,heap        ] GC(2214) PSYoungGen: 347104K(347648K)->1024K(347648K) Eden: 346112K(346112K)->0K(346112K) From: 992K(1536K)->1024K(1536K)
[381.978s][info][gc,heap        ] GC(2214) ParOldGen: 11933K(699392K)->12037K(699392K)
[381.978s][info][gc,metaspace   ] GC(2214) Metaspace: 14335K(15296K)->14335K(15296K) NonClass: 12375K(12928K)->12375K(12928K) Class: 1960K(2368K)->1960K(2368K)
[381.978s][info][gc             ] GC(2214) Pause Young (Allocation Failure) 350M->12M(1022M) 2.580ms
[381.978s][info][gc,cpu         ] GC(2214) User=0.00s Sys=0.00s Real=0.00s
[382.182s][info][gc,start       ] GC(2215) Pause Young (Allocation Failure)
[382.185s][info][gc,heap        ] GC(2215) PSYoungGen: 347136K(347648K)->1024K(347648K) Eden: 346112K(346112K)->0K(346112K) From: 1024K(1536K)->1024K(1536K)
[382.185s][info][gc,heap        ] GC(2215) ParOldGen: 12037K(699392K)->12125K(699392K)
[382.185s][info][gc,metaspace   ] GC(2215) Metaspace: 14335K(15296K)->14335K(15296K) NonClass: 12375K(12928K)->12375K(12928K) Class: 1960K(2368K)->1960K(2368K)
[382.185s][info][gc             ] GC(2215) Pause Young (Allocation Failure) 350M->12M(1022M) 2.351ms
[382.185s][info][gc,cpu         ] GC(2215) User=0.00s Sys=0.00s Real=0.00s
[382.388s][info][gc,start       ] GC(2216) Pause Young (Allocation Failure)
[382.390s][info][gc,heap        ] GC(2216) PSYoungGen: 347136K(347648K)->1024K(347648K) Eden: 346112K(346112K)->0K(346112K) From: 1024K(1536K)->1024K(1536K)
[382.390s][info][gc,heap        ] GC(2216) ParOldGen: 12125K(699392K)->12197K(699392K)
[382.390s][info][gc,metaspace   ] GC(2216) Metaspace: 14335K(15296K)->14335K(15296K) NonClass: 12375K(12928K)->12375K(12928K) Class: 1960K(2368K)->1960K(2368K)
[382.390s][info][gc             ] GC(2216) Pause Young (Allocation Failure) 350M->12M(1022M) 2.152ms
[382.390s][info][gc,cpu         ] GC(2216) User=0.52s Sys=0.00s Real=0.00s
[382.594s][info][gc,start       ] GC(2217) Pause Young (Allocation Failure)
[382.602s][info][gc,heap        ] GC(2217) PSYoungGen: 347136K(347648K)->1024K(347648K) Eden: 346112K(346112K)->0K(346112K) From: 1024K(1536K)->1024K(1536K)
[382.602s][info][gc,heap        ] GC(2217) ParOldGen: 12197K(699392K)->12277K(699392K)
[382.602s][info][gc,metaspace   ] GC(2217) Metaspace: 14335K(15296K)->14335K(15296K) NonClass: 12375K(12928K)->12375K(12928K) Class: 1960K(2368K)->1960K(2368K)
[382.602s][info][gc             ] GC(2217) Pause Young (Allocation Failure) 350M->12M(1022M) 7.713ms
[382.602s][info][gc,cpu         ] GC(2217) User=0.00s Sys=0.00s Real=0.01s
[382.804s][info][gc,start       ] GC(2218) Pause Young (Allocation Failure)
[382.806s][info][gc,heap        ] GC(2218) PSYoungGen: 347136K(347648K)->1024K(347648K) Eden: 346112K(346112K)->0K(346112K) From: 1024K(1536K)->1024K(1536K)
[382.806s][info][gc,heap        ] GC(2218) ParOldGen: 12277K(699392K)->12373K(699392K)
[382.806s][info][gc,metaspace   ] GC(2218) Metaspace: 14335K(15296K)->14335K(15296K) NonClass: 12375K(12928K)->12375K(12928K) Class: 1960K(2368K)->1960K(2368K)
[382.806s][info][gc             ] GC(2218) Pause Young (Allocation Failure) 350M->13M(1022M) 2.169ms
[382.806s][info][gc,cpu         ] GC(2218) User=0.00s Sys=0.00s Real=0.00s
[383.008s][info][gc,start       ] GC(2219) Pause Young (Allocation Failure)
[383.010s][info][gc,heap        ] GC(2219) PSYoungGen: 347136K(347648K)->1024K(347648K) Eden: 346112K(346112K)->0K(346112K) From: 1024K(1536K)->1024K(1536K)
[383.010s][info][gc,heap        ] GC(2219) ParOldGen: 12373K(699392K)->12453K(699392K)
[383.010s][info][gc,metaspace   ] GC(2219) Metaspace: 14335K(15296K)->14335K(15296K) NonClass: 12375K(12928K)->12375K(12928K) Class: 1960K(2368K)->1960K(2368K)
[383.010s][info][gc             ] GC(2219) Pause Young (Allocation Failure) 351M->13M(1022M) 2.088ms
[383.010s][info][gc,cpu         ] GC(2219) User=0.00s Sys=0.00s Real=0.00s
[383.212s][info][gc,start       ] GC(2220) Pause Young (Allocation Failure)
[383.214s][info][gc,heap        ] GC(2220) PSYoungGen: 347136K(347648K)->1056K(347648K) Eden: 346112K(346112K)->0K(346112K) From: 1024K(1536K)->1056K(1536K)
[383.214s][info][gc,heap        ] GC(2220) ParOldGen: 12453K(699392K)->12549K(699392K)
[383.214s][info][gc,metaspace   ] GC(2220) Metaspace: 14335K(15296K)->14335K(15296K) NonClass: 12375K(12928K)->12375K(12928K) Class: 1960K(2368K)->1960K(2368K)
[383.215s][info][gc             ] GC(2220) Pause Young (Allocation Failure) 351M->13M(1022M) 2.186ms
[383.215s][info][gc,cpu         ] GC(2220) User=0.00s Sys=0.00s Real=0.00s
[383.416s][info][gc,start       ] GC(2221) Pause Young (Allocation Failure)
[383.418s][info][gc,heap        ] GC(2221) PSYoungGen: 347168K(347648K)->992K(347648K) Eden: 346112K(346112K)->0K(346112K) From: 1056K(1536K)->992K(1536K)
[383.418s][info][gc,heap        ] GC(2221) ParOldGen: 12549K(699392K)->12613K(699392K)
[383.418s][info][gc,metaspace   ] GC(2221) Metaspace: 14335K(15296K)->14335K(15296K) NonClass: 12375K(12928K)->12375K(12928K) Class: 1960K(2368K)->1960K(2368K)
[383.418s][info][gc             ] GC(2221) Pause Young (Allocation Failure) 351M->13M(1022M) 2.191ms
[383.418s][info][gc,cpu         ] GC(2221) User=0.00s Sys=0.00s Real=0.00s
[383.620s][info][gc,start       ] GC(2222) Pause Young (Allocation Failure)
[383.622s][info][gc,heap        ] GC(2222) PSYoungGen: 347104K(347648K)->1024K(347648K) Eden: 346112K(346112K)->0K(346112K) From: 992K(1536K)->1024K(1536K)
[383.622s][info][gc,heap        ] GC(2222) ParOldGen: 12613K(699392K)->12701K(699392K)
[383.622s][info][gc,metaspace   ] GC(2222) Metaspace: 14335K(15296K)->14335K(15296K) NonClass: 12375K(12928K)->12375K(12928K) Class: 1960K(2368K)->1960K(2368K)
[383.622s][info][gc             ] GC(2222) Pause Young (Allocation Failure) 351M->13M(1022M) 2.227ms
[383.622s][info][gc,cpu         ] GC(2222) User=0.00s Sys=0.00s Real=0.00s
[383.826s][info][gc,start       ] GC(2223) Pause Young (Allocation Failure)
[383.829s][info][gc,heap        ] GC(2223) PSYoungGen: 347136K(347648K)->1024K(347648K) Eden: 346112K(346112K)->0K(346112K) From: 1024K(1536K)->1024K(1536K)
[383.829s][info][gc,heap        ] GC(2223) ParOldGen: 12701K(699392K)->12789K(699392K)
[383.829s][info][gc,metaspace   ] GC(2223) Metaspace: 14335K(15296K)->14335K(15296K) NonClass: 12375K(12928K)->12375K(12928K) Class: 1960K(2368K)->1960K(2368K)
[383.829s][info][gc             ] GC(2223) Pause Young (Allocation Failure) 351M->13M(1022M) 2.203ms
[383.829s][info][gc,cpu         ] GC(2223) User=0.52s Sys=0.00s Real=0.00s
[384.037s][info][gc,start       ] GC(2224) Pause Young (Allocation Failure)
[384.039s][info][gc,heap        ] GC(2224) PSYoungGen: 347136K(347648K)->992K(347648K) Eden: 346112K(346112K)->0K(346112K) From: 1024K(1536K)->992K(1536K)
[384.039s][info][gc,heap        ] GC(2224) ParOldGen: 12789K(699392K)->12861K(699392K)
[384.039s][info][gc,metaspace   ] GC(2224) Metaspace: 14335K(15296K)->14335K(15296K) NonClass: 12375K(12928K)->12375K(12928K) Class: 1960K(2368K)->1960K(2368K)
[384.039s][info][gc             ] GC(2224) Pause Young (Allocation Failure) 351M->13M(1022M) 2.250ms
[384.039s][info][gc,cpu         ] GC(2224) User=0.00s Sys=0.00s Real=0.00s
[384.278s][info][gc,start       ] GC(2225) Pause Young (Allocation Failure)
[384.281s][info][gc,heap        ] GC(2225) PSYoungGen: 347104K(347648K)->928K(337408K) Eden: 346112K(346112K)->0K(336384K) From: 992K(1536K)->928K(1024K)
[384.281s][info][gc,heap        ] GC(2225) ParOldGen: 12861K(699392K)->12941K(699392K)
[384.281s][info][gc,metaspace   ] GC(2225) Metaspace: 14335K(15296K)->14335K(15296K) NonClass: 12375K(12928K)->12375K(12928K) Class: 1960K(2368K)->1960K(2368K)
[384.281s][info][gc             ] GC(2225) Pause Young (Allocation Failure) 351M->13M(1012M) 2.422ms
[384.281s][info][gc,cpu         ] GC(2225) User=0.00s Sys=0.00s Real=0.00s
[384.459s][info][gc,start       ] GC(2226) Pause Young (Allocation Failure)
[384.461s][info][gc,heap        ] GC(2226) PSYoungGen: 337312K(337408K)->800K(346624K) Eden: 336384K(336384K)->0K(345600K) From: 928K(1024K)->800K(1024K)
[384.461s][info][gc,heap        ] GC(2226) ParOldGen: 12941K(699392K)->13061K(699392K)
[384.461s][info][gc,metaspace   ] GC(2226) Metaspace: 14335K(15296K)->14335K(15296K) NonClass: 12375K(12928K)->12375K(12928K) Class: 1960K(2368K)->1960K(2368K)
[384.461s][info][gc             ] GC(2226) Pause Young (Allocation Failure) 342M->13M(1021M) 2.391ms
[384.461s][info][gc,cpu         ] GC(2226) User=0.00s Sys=0.00s Real=0.00s
[384.681s][info][gc,start       ] GC(2227) Pause Young (Allocation Failure)
[384.683s][info][gc,heap        ] GC(2227) PSYoungGen: 346400K(346624K)->640K(347136K) Eden: 345600K(345600K)->0K(345600K) From: 800K(1024K)->640K(1536K)
[384.683s][info][gc,heap        ] GC(2227) ParOldGen: 13061K(699392K)->13141K(699392K)
[384.683s][info][gc,metaspace   ] GC(2227) Metaspace: 14335K(15296K)->14335K(15296K) NonClass: 12375K(12928K)->12375K(12928K) Class: 1960K(2368K)->1960K(2368K)
[384.684s][info][gc             ] GC(2227) Pause Young (Allocation Failure) 351M->13M(1022M) 2.542ms
[384.684s][info][gc,cpu         ] GC(2227) User=0.00s Sys=0.00s Real=0.00s
[384.786s][info][gc,start       ] GC(2228) Pause Young (System.gc())
[384.788s][info][gc,heap        ] GC(2228) PSYoungGen: 41918K(347136K)->256K(347648K) Eden: 41278K(345600K)->0K(346112K) From: 640K(1536K)->256K(1536K)
[384.788s][info][gc,heap        ] GC(2228) ParOldGen: 13141K(699392K)->13237K(699392K)
[384.788s][info][gc,metaspace   ] GC(2228) Metaspace: 14335K(15296K)->14335K(15296K) NonClass: 12375K(12928K)->12375K(12928K) Class: 1960K(2368K)->1960K(2368K)
[384.788s][info][gc             ] GC(2228) Pause Young (System.gc()) 53M->13M(1022M) 2.525ms
[384.788s][info][gc,cpu         ] GC(2228) User=0.00s Sys=0.00s Real=0.00s
[384.789s][info][gc,start       ] GC(2229) Pause Full (System.gc())
[384.789s][info][gc,phases,start] GC(2229) Marking Phase
[384.802s][info][gc,phases      ] GC(2229) Marking Phase 13.848ms
[384.803s][info][gc,phases,start] GC(2229) Summary Phase
[384.803s][info][gc,phases      ] GC(2229) Summary Phase 0.025ms
[384.803s][info][gc,phases,start] GC(2229) Adjust Roots
[384.808s][info][gc,phases      ] GC(2229) Adjust Roots 4.962ms
[384.808s][info][gc,phases,start] GC(2229) Compaction Phase
[384.810s][info][gc,phases      ] GC(2229) Compaction Phase 2.236ms
[384.810s][info][gc,phases,start] GC(2229) Post Compact
[384.810s][info][gc,phases      ] GC(2229) Post Compact 0.334ms
[384.810s][info][gc,heap        ] GC(2229) PSYoungGen: 256K(347648K)->0K(347648K) Eden: 0K(346112K)->0K(346112K) From: 256K(1536K)->0K(1536K)
[384.810s][info][gc,heap        ] GC(2229) ParOldGen: 13237K(699392K)->5374K(699392K)
[384.810s][info][gc,metaspace   ] GC(2229) Metaspace: 14335K(15296K)->14335K(15296K) NonClass: 12375K(12928K)->12375K(12928K) Class: 1960K(2368K)->1960K(2368K)
[384.810s][info][gc             ] GC(2229) Pause Full (System.gc()) 13M->5M(1022M) 21.738ms
[384.810s][info][gc,cpu         ] GC(2229) User=0.02s Sys=0.00s Real=0.02s
[385.025s][info][gc,start       ] GC(2230) Pause Young (Allocation Failure)
[385.028s][info][gc,heap        ] GC(2230) PSYoungGen: 346112K(347648K)->1536K(347648K) Eden: 346112K(346112K)->0K(346112K) From: 0K(1536K)->1536K(1536K)
[385.028s][info][gc,heap        ] GC(2230) ParOldGen: 5374K(699392K)->5708K(699392K)
[385.028s][info][gc,metaspace   ] GC(2230) Metaspace: 14336K(15296K)->14336K(15296K) NonClass: 12375K(12928K)->12375K(12928K) Class: 1960K(2368K)->1960K(2368K)
[385.028s][info][gc             ] GC(2230) Pause Young (Allocation Failure) 343M->7M(1022M) 2.917ms
[385.028s][info][gc,cpu         ] GC(2230) User=0.00s Sys=0.00s Real=0.00s
[385.235s][info][gc,start       ] GC(2231) Pause Young (Allocation Failure)
[385.237s][info][gc,heap        ] GC(2231) PSYoungGen: 347648K(347648K)->1024K(347648K) Eden: 346112K(346112K)->0K(346112K) From: 1536K(1536K)->1024K(1536K)
[385.237s][info][gc,heap        ] GC(2231) ParOldGen: 5708K(699392K)->7054K(699392K)
[385.237s][info][gc,metaspace   ] GC(2231) Metaspace: 14336K(15296K)->14336K(15296K) NonClass: 12375K(12928K)->12375K(12928K) Class: 1960K(2368K)->1960K(2368K)
[385.237s][info][gc             ] GC(2231) Pause Young (Allocation Failure) 345M->7M(1022M) 2.602ms
[385.237s][info][gc,cpu         ] GC(2231) User=0.00s Sys=0.00s Real=0.00s
[385.444s][info][gc,start       ] GC(2232) Pause Young (Allocation Failure)
[385.447s][info][gc,heap        ] GC(2232) PSYoungGen: 347136K(347648K)->1024K(347648K) Eden: 346112K(346112K)->0K(346112K) From: 1024K(1536K)->1024K(1536K)
[385.447s][info][gc,heap        ] GC(2232) ParOldGen: 7054K(699392K)->7126K(699392K)
[385.447s][info][gc,metaspace   ] GC(2232) Metaspace: 14336K(15296K)->14336K(15296K) NonClass: 12375K(12928K)->12375K(12928K) Class: 1960K(2368K)->1960K(2368K)
[385.447s][info][gc             ] GC(2232) Pause Young (Allocation Failure) 345M->7M(1022M) 2.510ms
[385.447s][info][gc,cpu         ] GC(2232) User=0.00s Sys=0.00s Real=0.00s
[385.657s][info][gc,start       ] GC(2233) Pause Young (Allocation Failure)
[385.659s][info][gc,heap        ] GC(2233) PSYoungGen: 347136K(347648K)->1024K(347648K) Eden: 346112K(346112K)->0K(346112K) From: 1024K(1536K)->1024K(1536K)
[385.659s][info][gc,heap        ] GC(2233) ParOldGen: 7126K(699392K)->7206K(699392K)
[385.659s][info][gc,metaspace   ] GC(2233) Metaspace: 14336K(15296K)->14336K(15296K) NonClass: 12375K(12928K)->12375K(12928K) Class: 1960K(2368K)->1960K(2368K)
[385.659s][info][gc             ] GC(2233) Pause Young (Allocation Failure) 345M->8M(1022M) 2.541ms
[385.659s][info][gc,cpu         ] GC(2233) User=0.00s Sys=0.00s Real=0.00s
[385.898s][info][gc,start       ] GC(2234) Pause Young (Allocation Failure)
[385.901s][info][gc,heap        ] GC(2234) PSYoungGen: 347136K(347648K)->1024K(347648K) Eden: 346112K(346112K)->0K(346112K) From: 1024K(1536K)->1024K(1536K)
[385.901s][info][gc,heap        ] GC(2234) ParOldGen: 7206K(699392K)->7294K(699392K)
[385.901s][info][gc,metaspace   ] GC(2234) Metaspace: 14336K(15296K)->14336K(15296K) NonClass: 12375K(12928K)->12375K(12928K) Class: 1960K(2368K)->1960K(2368K)
[385.901s][info][gc             ] GC(2234) Pause Young (Allocation Failure) 346M->8M(1022M) 3.133ms
[385.901s][info][gc,cpu         ] GC(2234) User=0.00s Sys=0.00s Real=0.00s
[386.115s][info][gc,start       ] GC(2235) Pause Young (Allocation Failure)
[386.118s][info][gc,heap        ] GC(2235) PSYoungGen: 347136K(347648K)->1024K(347648K) Eden: 346112K(346112K)->0K(346112K) From: 1024K(1536K)->1024K(1536K)
[386.118s][info][gc,heap        ] GC(2235) ParOldGen: 7294K(699392K)->7390K(699392K)
[386.118s][info][gc,metaspace   ] GC(2235) Metaspace: 14336K(15296K)->14336K(15296K) NonClass: 12375K(12928K)->12375K(12928K) Class: 1960K(2368K)->1960K(2368K)
[386.118s][info][gc             ] GC(2235) Pause Young (Allocation Failure) 346M->8M(1022M) 2.373ms
[386.118s][info][gc,cpu         ] GC(2235) User=0.00s Sys=0.00s Real=0.00s
[386.324s][info][gc,start       ] GC(2236) Pause Young (Allocation Failure)
[386.327s][info][gc,heap        ] GC(2236) PSYoungGen: 347136K(347648K)->960K(347648K) Eden: 346112K(346112K)->0K(346112K) From: 1024K(1536K)->960K(1536K)
[386.327s][info][gc,heap        ] GC(2236) ParOldGen: 7390K(699392K)->7510K(699392K)
[386.327s][info][gc,metaspace   ] GC(2236) Metaspace: 14336K(15296K)->14336K(15296K) NonClass: 12375K(12928K)->12375K(12928K) Class: 1960K(2368K)->1960K(2368K)
[386.327s][info][gc             ] GC(2236) Pause Young (Allocation Failure) 346M->8M(1022M) 2.175ms
[386.327s][info][gc,cpu         ] GC(2236) User=0.00s Sys=0.00s Real=0.00s
[386.531s][info][gc,start       ] GC(2237) Pause Young (Allocation Failure)
[386.533s][info][gc,heap        ] GC(2237) PSYoungGen: 347072K(347648K)->992K(347648K) Eden: 346112K(346112K)->0K(346112K) From: 960K(1536K)->992K(1536K)
[386.533s][info][gc,heap        ] GC(2237) ParOldGen: 7510K(699392K)->7598K(699392K)
[386.533s][info][gc,metaspace   ] GC(2237) Metaspace: 14336K(15296K)->14336K(15296K) NonClass: 12375K(12928K)->12375K(12928K) Class: 1960K(2368K)->1960K(2368K)
[386.533s][info][gc             ] GC(2237) Pause Young (Allocation Failure) 346M->8M(1022M) 2.161ms
[386.533s][info][gc,cpu         ] GC(2237) User=0.00s Sys=0.00s Real=0.00s
[386.738s][info][gc,start       ] GC(2238) Pause Young (Allocation Failure)
[386.768s][info][gc,heap        ] GC(2238) PSYoungGen: 347104K(347648K)->1024K(347648K) Eden: 346112K(346112K)->0K(346112K) From: 992K(1536K)->1024K(1536K)
[386.768s][info][gc,heap        ] GC(2238) ParOldGen: 7598K(699392K)->7670K(699392K)
[386.768s][info][gc,metaspace   ] GC(2238) Metaspace: 14336K(15296K)->14336K(15296K) NonClass: 12375K(12928K)->12375K(12928K) Class: 1960K(2368K)->1960K(2368K)
[386.768s][info][gc             ] GC(2238) Pause Young (Allocation Failure) 346M->8M(1022M) 29.626ms
[386.768s][info][gc,cpu         ] GC(2238) User=0.00s Sys=0.00s Real=0.02s
[386.978s][info][gc,start       ] GC(2239) Pause Young (Allocation Failure)
[386.980s][info][gc,heap        ] GC(2239) PSYoungGen: 347136K(347648K)->1024K(347648K) Eden: 346112K(346112K)->0K(346112K) From: 1024K(1536K)->1024K(1536K)
[386.980s][info][gc,heap        ] GC(2239) ParOldGen: 7670K(699392K)->7774K(699392K)
[386.980s][info][gc,metaspace   ] GC(2239) Metaspace: 14336K(15296K)->14336K(15296K) NonClass: 12375K(12928K)->12375K(12928K) Class: 1960K(2368K)->1960K(2368K)
[386.980s][info][gc             ] GC(2239) Pause Young (Allocation Failure) 346M->8M(1022M) 2.080ms
[386.980s][info][gc,cpu         ] GC(2239) User=0.00s Sys=0.00s Real=0.00s
[387.187s][info][gc,start       ] GC(2240) Pause Young (Allocation Failure)
[387.189s][info][gc,heap        ] GC(2240) PSYoungGen: 347136K(347648K)->1024K(337408K) Eden: 346112K(346112K)->0K(336384K) From: 1024K(1536K)->1024K(1024K)
[387.189s][info][gc,heap        ] GC(2240) ParOldGen: 7774K(699392K)->7854K(699392K)
[387.189s][info][gc,metaspace   ] GC(2240) Metaspace: 14336K(15296K)->14336K(15296K) NonClass: 12375K(12928K)->12375K(12928K) Class: 1960K(2368K)->1960K(2368K)
[387.189s][info][gc             ] GC(2240) Pause Young (Allocation Failure) 346M->8M(1012M) 2.206ms
[387.189s][info][gc,cpu         ] GC(2240) User=0.00s Sys=0.00s Real=0.00s
[387.387s][info][gc,start       ] GC(2241) Pause Young (Allocation Failure)
[387.390s][info][gc,heap        ] GC(2241) PSYoungGen: 337408K(337408K)->1024K(346624K) Eden: 336384K(336384K)->0K(345600K) From: 1024K(1024K)->1024K(1024K)
[387.390s][info][gc,heap        ] GC(2241) ParOldGen: 7854K(699392K)->7934K(699392K)
[387.390s][info][gc,metaspace   ] GC(2241) Metaspace: 14336K(15296K)->14336K(15296K) NonClass: 12375K(12928K)->12375K(12928K) Class: 1960K(2368K)->1960K(2368K)
[387.390s][info][gc             ] GC(2241) Pause Young (Allocation Failure) 337M->8M(1021M) 2.212ms
[387.390s][info][gc,cpu         ] GC(2241) User=0.00s Sys=0.00s Real=0.00s
[387.594s][info][gc,start       ] GC(2242) Pause Young (Allocation Failure)
[387.596s][info][gc,heap        ] GC(2242) PSYoungGen: 346624K(346624K)->992K(347136K) Eden: 345600K(345600K)->0K(345600K) From: 1024K(1024K)->992K(1536K)
[387.596s][info][gc,heap        ] GC(2242) ParOldGen: 7934K(699392K)->8022K(699392K)
[387.596s][info][gc,metaspace   ] GC(2242) Metaspace: 14336K(15296K)->14336K(15296K) NonClass: 12375K(12928K)->12375K(12928K) Class: 1960K(2368K)->1960K(2368K)
[387.596s][info][gc             ] GC(2242) Pause Young (Allocation Failure) 346M->8M(1022M) 2.266ms
[387.596s][info][gc,cpu         ] GC(2242) User=0.00s Sys=0.00s Real=0.00s
[387.799s][info][gc,start       ] GC(2243) Pause Young (Allocation Failure)
[387.801s][info][gc,heap        ] GC(2243) PSYoungGen: 346592K(347136K)->1024K(347648K) Eden: 345600K(345600K)->0K(346112K) From: 992K(1536K)->1024K(1536K)
[387.801s][info][gc,heap        ] GC(2243) ParOldGen: 8022K(699392K)->8126K(699392K)
[387.801s][info][gc,metaspace   ] GC(2243) Metaspace: 14336K(15296K)->14336K(15296K) NonClass: 12375K(12928K)->12375K(12928K) Class: 1960K(2368K)->1960K(2368K)
[387.801s][info][gc             ] GC(2243) Pause Young (Allocation Failure) 346M->8M(1022M) 2.245ms
[387.801s][info][gc,cpu         ] GC(2243) User=0.00s Sys=0.00s Real=0.00s
[388.006s][info][gc,start       ] GC(2244) Pause Young (Allocation Failure)
[388.009s][info][gc,heap        ] GC(2244) PSYoungGen: 347136K(347648K)->1024K(347648K) Eden: 346112K(346112K)->0K(346112K) From: 1024K(1536K)->1024K(1536K)
[388.009s][info][gc,heap        ] GC(2244) ParOldGen: 8126K(699392K)->8206K(699392K)
[388.009s][info][gc,metaspace   ] GC(2244) Metaspace: 14336K(15296K)->14336K(15296K) NonClass: 12375K(12928K)->12375K(12928K) Class: 1960K(2368K)->1960K(2368K)
[388.009s][info][gc             ] GC(2244) Pause Young (Allocation Failure) 346M->9M(1022M) 2.338ms
[388.009s][info][gc,cpu         ] GC(2244) User=0.00s Sys=0.00s Real=0.00s
[388.213s][info][gc,start       ] GC(2245) Pause Young (Allocation Failure)
[388.215s][info][gc,heap        ] GC(2245) PSYoungGen: 347136K(347648K)->992K(347648K) Eden: 346112K(346112K)->0K(346112K) From: 1024K(1536K)->992K(1536K)
[388.215s][info][gc,heap        ] GC(2245) ParOldGen: 8206K(699392K)->8294K(699392K)
[388.215s][info][gc,metaspace   ] GC(2245) Metaspace: 14336K(15296K)->14336K(15296K) NonClass: 12375K(12928K)->12375K(12928K) Class: 1960K(2368K)->1960K(2368K)
[388.215s][info][gc             ] GC(2245) Pause Young (Allocation Failure) 347M->9M(1022M) 2.366ms
[388.215s][info][gc,cpu         ] GC(2245) User=0.00s Sys=0.00s Real=0.00s
[388.420s][info][gc,start       ] GC(2246) Pause Young (Allocation Failure)
[388.422s][info][gc,heap        ] GC(2246) PSYoungGen: 347104K(347648K)->1024K(347648K) Eden: 346112K(346112K)->0K(346112K) From: 992K(1536K)->1024K(1536K)
[388.422s][info][gc,heap        ] GC(2246) ParOldGen: 8294K(699392K)->8390K(699392K)
[388.422s][info][gc,metaspace   ] GC(2246) Metaspace: 14336K(15296K)->14336K(15296K) NonClass: 12375K(12928K)->12375K(12928K) Class: 1960K(2368K)->1960K(2368K)
[388.422s][info][gc             ] GC(2246) Pause Young (Allocation Failure) 347M->9M(1022M) 2.367ms
[388.422s][info][gc,cpu         ] GC(2246) User=0.00s Sys=0.00s Real=0.00s
[388.628s][info][gc,start       ] GC(2247) Pause Young (Allocation Failure)
[388.630s][info][gc,heap        ] GC(2247) PSYoungGen: 347136K(347648K)->992K(347648K) Eden: 346112K(346112K)->0K(346112K) From: 1024K(1536K)->992K(1536K)
[388.630s][info][gc,heap        ] GC(2247) ParOldGen: 8390K(699392K)->8470K(699392K)
[388.630s][info][gc,metaspace   ] GC(2247) Metaspace: 14336K(15296K)->14336K(15296K) NonClass: 12375K(12928K)->12375K(12928K) Class: 1960K(2368K)->1960K(2368K)
[388.630s][info][gc             ] GC(2247) Pause Young (Allocation Failure) 347M->9M(1022M) 2.412ms
[388.630s][info][gc,cpu         ] GC(2247) User=0.00s Sys=0.00s Real=0.00s
[388.835s][info][gc,start       ] GC(2248) Pause Young (Allocation Failure)
[388.837s][info][gc,heap        ] GC(2248) PSYoungGen: 347104K(347648K)->1024K(347648K) Eden: 346112K(346112K)->0K(346112K) From: 992K(1536K)->1024K(1536K)
[388.837s][info][gc,heap        ] GC(2248) ParOldGen: 8470K(699392K)->8574K(699392K)
[388.837s][info][gc,metaspace   ] GC(2248) Metaspace: 14336K(15296K)->14336K(15296K) NonClass: 12375K(12928K)->12375K(12928K) Class: 1960K(2368K)->1960K(2368K)
[388.837s][info][gc             ] GC(2248) Pause Young (Allocation Failure) 347M->9M(1022M) 2.474ms
[388.837s][info][gc,cpu         ] GC(2248) User=0.00s Sys=0.00s Real=0.00s
[389.043s][info][gc,start       ] GC(2249) Pause Young (Allocation Failure)
[389.045s][info][gc,heap        ] GC(2249) PSYoungGen: 347136K(347648K)->1024K(347648K) Eden: 346112K(346112K)->0K(346112K) From: 1024K(1536K)->1024K(1536K)
[389.045s][info][gc,heap        ] GC(2249) ParOldGen: 8574K(699392K)->8678K(699392K)
[389.045s][info][gc,metaspace   ] GC(2249) Metaspace: 14336K(15296K)->14336K(15296K) NonClass: 12375K(12928K)->12375K(12928K) Class: 1960K(2368K)->1960K(2368K)
[389.045s][info][gc             ] GC(2249) Pause Young (Allocation Failure) 347M->9M(1022M) 2.496ms
[389.045s][info][gc,cpu         ] GC(2249) User=0.00s Sys=0.00s Real=0.00s
[389.251s][info][gc,start       ] GC(2250) Pause Young (Allocation Failure)
[389.254s][info][gc,heap        ] GC(2250) PSYoungGen: 347136K(347648K)->1024K(347648K) Eden: 346112K(346112K)->0K(346112K) From: 1024K(1536K)->1024K(1536K)
[389.254s][info][gc,heap        ] GC(2250) ParOldGen: 8678K(699392K)->8782K(699392K)
[389.254s][info][gc,metaspace   ] GC(2250) Metaspace: 14336K(15296K)->14336K(15296K) NonClass: 12375K(12928K)->12375K(12928K) Class: 1960K(2368K)->1960K(2368K)
[389.254s][info][gc             ] GC(2250) Pause Young (Allocation Failure) 347M->9M(1022M) 2.509ms
[389.254s][info][gc,cpu         ] GC(2250) User=0.00s Sys=0.00s Real=0.00s
[389.461s][info][gc,start       ] GC(2251) Pause Young (Allocation Failure)
[389.463s][info][gc,heap        ] GC(2251) PSYoungGen: 347136K(347648K)->1024K(347648K) Eden: 346112K(346112K)->0K(346112K) From: 1024K(1536K)->1024K(1536K)
[389.463s][info][gc,heap        ] GC(2251) ParOldGen: 8782K(699392K)->8878K(699392K)
[389.463s][info][gc,metaspace   ] GC(2251) Metaspace: 14336K(15296K)->14336K(15296K) NonClass: 12375K(12928K)->12375K(12928K) Class: 1960K(2368K)->1960K(2368K)
[389.463s][info][gc             ] GC(2251) Pause Young (Allocation Failure) 347M->9M(1022M) 2.534ms
[389.463s][info][gc,cpu         ] GC(2251) User=0.00s Sys=0.00s Real=0.00s
[389.802s][info][gc,start       ] GC(2252) Pause Young (Allocation Failure)
[389.805s][info][gc,heap        ] GC(2252) PSYoungGen: 347136K(347648K)->1024K(347648K) Eden: 346112K(346112K)->0K(346112K) From: 1024K(1536K)->1024K(1536K)
[389.805s][info][gc,heap        ] GC(2252) ParOldGen: 8878K(699392K)->8950K(699392K)
[389.805s][info][gc,metaspace   ] GC(2252) Metaspace: 14336K(15296K)->14336K(15296K) NonClass: 12375K(12928K)->12375K(12928K) Class: 1960K(2368K)->1960K(2368K)
[389.805s][info][gc             ] GC(2252) Pause Young (Allocation Failure) 347M->9M(1022M) 3.438ms
[389.805s][info][gc,cpu         ] GC(2252) User=0.00s Sys=0.00s Real=0.00s
[390.017s][info][gc,start       ] GC(2253) Pause Young (Allocation Failure)
[390.019s][info][gc,heap        ] GC(2253) PSYoungGen: 347136K(347648K)->992K(347648K) Eden: 346112K(346112K)->0K(346112K) From: 1024K(1536K)->992K(1536K)
[390.020s][info][gc,heap        ] GC(2253) ParOldGen: 8950K(699392K)->9102K(699392K)
[390.020s][info][gc,metaspace   ] GC(2253) Metaspace: 14336K(15296K)->14336K(15296K) NonClass: 12375K(12928K)->12375K(12928K) Class: 1960K(2368K)->1960K(2368K)
[390.020s][info][gc             ] GC(2253) Pause Young (Allocation Failure) 347M->9M(1022M) 2.359ms
[390.020s][info][gc,cpu         ] GC(2253) User=0.00s Sys=0.00s Real=0.00s
[390.224s][info][gc,start       ] GC(2254) Pause Young (Allocation Failure)
[390.226s][info][gc,heap        ] GC(2254) PSYoungGen: 347104K(347648K)->1024K(347648K) Eden: 346112K(346112K)->0K(346112K) From: 992K(1536K)->1024K(1536K)
[390.226s][info][gc,heap        ] GC(2254) ParOldGen: 9102K(699392K)->9198K(699392K)
[390.226s][info][gc,metaspace   ] GC(2254) Metaspace: 14336K(15296K)->14336K(15296K) NonClass: 12375K(12928K)->12375K(12928K) Class: 1960K(2368K)->1960K(2368K)
[390.226s][info][gc             ] GC(2254) Pause Young (Allocation Failure) 347M->9M(1022M) 2.265ms
[390.226s][info][gc,cpu         ] GC(2254) User=0.00s Sys=0.00s Real=0.00s
[390.430s][info][gc,start       ] GC(2255) Pause Young (Allocation Failure)
[390.432s][info][gc,heap        ] GC(2255) PSYoungGen: 347136K(347648K)->992K(347648K) Eden: 346112K(346112K)->0K(346112K) From: 1024K(1536K)->992K(1536K)
[390.432s][info][gc,heap        ] GC(2255) ParOldGen: 9198K(699392K)->9294K(699392K)
[390.432s][info][gc,metaspace   ] GC(2255) Metaspace: 14336K(15296K)->14336K(15296K) NonClass: 12375K(12928K)->12375K(12928K) Class: 1960K(2368K)->1960K(2368K)
[390.432s][info][gc             ] GC(2255) Pause Young (Allocation Failure) 347M->10M(1022M) 2.262ms
[390.432s][info][gc,cpu         ] GC(2255) User=0.00s Sys=0.00s Real=0.00s
[390.636s][info][gc,start       ] GC(2256) Pause Young (Allocation Failure)
[390.638s][info][gc,heap        ] GC(2256) PSYoungGen: 347103K(347648K)->1024K(347648K) Eden: 346111K(346112K)->0K(346112K) From: 992K(1536K)->1024K(1536K)
[390.638s][info][gc,heap        ] GC(2256) ParOldGen: 9294K(699392K)->9374K(699392K)
[390.638s][info][gc,metaspace   ] GC(2256) Metaspace: 14336K(15296K)->14336K(15296K) NonClass: 12375K(12928K)->12375K(12928K) Class: 1960K(2368K)->1960K(2368K)
[390.639s][info][gc             ] GC(2256) Pause Young (Allocation Failure) 348M->10M(1022M) 2.045ms
[390.639s][info][gc,cpu         ] GC(2256) User=0.00s Sys=0.00s Real=0.00s
[390.843s][info][gc,start       ] GC(2257) Pause Young (Allocation Failure)
[390.845s][info][gc,heap        ] GC(2257) PSYoungGen: 347136K(347648K)->1024K(347648K) Eden: 346112K(346112K)->0K(346112K) From: 1024K(1536K)->1024K(1536K)
[390.845s][info][gc,heap        ] GC(2257) ParOldGen: 9374K(699392K)->9454K(699392K)
[390.845s][info][gc,metaspace   ] GC(2257) Metaspace: 14336K(15296K)->14336K(15296K) NonClass: 12375K(12928K)->12375K(12928K) Class: 1960K(2368K)->1960K(2368K)
[390.845s][info][gc             ] GC(2257) Pause Young (Allocation Failure) 348M->10M(1022M) 2.105ms
[390.845s][info][gc,cpu         ] GC(2257) User=0.52s Sys=0.00s Real=0.00s
[391.049s][info][gc,start       ] GC(2258) Pause Young (Allocation Failure)
[391.051s][info][gc,heap        ] GC(2258) PSYoungGen: 347136K(347648K)->992K(337408K) Eden: 346112K(346112K)->0K(336384K) From: 1024K(1536K)->992K(1024K)
[391.051s][info][gc,heap        ] GC(2258) ParOldGen: 9454K(699392K)->9534K(699392K)
[391.051s][info][gc,metaspace   ] GC(2258) Metaspace: 14336K(15296K)->14336K(15296K) NonClass: 12375K(12928K)->12375K(12928K) Class: 1960K(2368K)->1960K(2368K)
[391.051s][info][gc             ] GC(2258) Pause Young (Allocation Failure) 348M->10M(1012M) 2.194ms
[391.051s][info][gc,cpu         ] GC(2258) User=0.00s Sys=0.00s Real=0.00s
[391.249s][info][gc,start       ] GC(2259) Pause Young (Allocation Failure)
[391.251s][info][gc,heap        ] GC(2259) PSYoungGen: 337376K(337408K)->992K(346624K) Eden: 336384K(336384K)->0K(345600K) From: 992K(1024K)->992K(1024K)
[391.251s][info][gc,heap        ] GC(2259) ParOldGen: 9534K(699392K)->9614K(699392K)
[391.251s][info][gc,metaspace   ] GC(2259) Metaspace: 14336K(15296K)->14336K(15296K) NonClass: 12375K(12928K)->12375K(12928K) Class: 1960K(2368K)->1960K(2368K)
[391.251s][info][gc             ] GC(2259) Pause Young (Allocation Failure) 338M->10M(1021M) 2.223ms
[391.251s][info][gc,cpu         ] GC(2259) User=0.52s Sys=0.00s Real=0.00s
[391.454s][info][gc,start       ] GC(2260) Pause Young (Allocation Failure)
[391.456s][info][gc,heap        ] GC(2260) PSYoungGen: 346592K(346624K)->1024K(347136K) Eden: 345600K(345600K)->0K(345600K) From: 992K(1024K)->1024K(1536K)
[391.456s][info][gc,heap        ] GC(2260) ParOldGen: 9614K(699392K)->9726K(699392K)
[391.456s][info][gc,metaspace   ] GC(2260) Metaspace: 14336K(15296K)->14336K(15296K) NonClass: 12375K(12928K)->12375K(12928K) Class: 1960K(2368K)->1960K(2368K)
[391.456s][info][gc             ] GC(2260) Pause Young (Allocation Failure) 347M->10M(1022M) 2.246ms
[391.456s][info][gc,cpu         ] GC(2260) User=0.00s Sys=0.00s Real=0.00s
[391.660s][info][gc,start       ] GC(2261) Pause Young (Allocation Failure)
[391.662s][info][gc,heap        ] GC(2261) PSYoungGen: 346624K(347136K)->1024K(347648K) Eden: 345600K(345600K)->0K(346112K) From: 1024K(1536K)->1024K(1536K)
[391.662s][info][gc,heap        ] GC(2261) ParOldGen: 9726K(699392K)->9782K(699392K)
[391.662s][info][gc,metaspace   ] GC(2261) Metaspace: 14336K(15296K)->14336K(15296K) NonClass: 12375K(12928K)->12375K(12928K) Class: 1960K(2368K)->1960K(2368K)
[391.662s][info][gc             ] GC(2261) Pause Young (Allocation Failure) 347M->10M(1022M) 2.270ms
[391.662s][info][gc,cpu         ] GC(2261) User=0.00s Sys=0.00s Real=0.00s
[391.866s][info][gc,start       ] GC(2262) Pause Young (Allocation Failure)
[391.868s][info][gc,heap        ] GC(2262) PSYoungGen: 347136K(347648K)->1024K(347648K) Eden: 346112K(346112K)->0K(346112K) From: 1024K(1536K)->1024K(1536K)
[391.868s][info][gc,heap        ] GC(2262) ParOldGen: 9782K(699392K)->9870K(699392K)
[391.868s][info][gc,metaspace   ] GC(2262) Metaspace: 14336K(15296K)->14336K(15296K) NonClass: 12375K(12928K)->12375K(12928K) Class: 1960K(2368K)->1960K(2368K)
[391.868s][info][gc             ] GC(2262) Pause Young (Allocation Failure) 348M->10M(1022M) 2.317ms
[391.868s][info][gc,cpu         ] GC(2262) User=0.00s Sys=0.00s Real=0.00s
[392.069s][info][gc,start       ] GC(2263) Pause Young (Allocation Failure)
[392.071s][info][gc,heap        ] GC(2263) PSYoungGen: 347136K(347648K)->1024K(347648K) Eden: 346112K(346112K)->0K(346112K) From: 1024K(1536K)->1024K(1536K)
[392.071s][info][gc,heap        ] GC(2263) ParOldGen: 9870K(699392K)->9950K(699392K)
[392.071s][info][gc,metaspace   ] GC(2263) Metaspace: 14336K(15296K)->14336K(15296K) NonClass: 12375K(12928K)->12375K(12928K) Class: 1960K(2368K)->1960K(2368K)
[392.071s][info][gc             ] GC(2263) Pause Young (Allocation Failure) 348M->10M(1022M) 2.335ms
[392.071s][info][gc,cpu         ] GC(2263) User=0.00s Sys=0.00s Real=0.00s
[392.274s][info][gc,start       ] GC(2264) Pause Young (Allocation Failure)
[392.276s][info][gc,heap        ] GC(2264) PSYoungGen: 347136K(347648K)->1024K(347648K) Eden: 346112K(346112K)->0K(346112K) From: 1024K(1536K)->1024K(1536K)
[392.276s][info][gc,heap        ] GC(2264) ParOldGen: 9950K(699392K)->10030K(699392K)
[392.276s][info][gc,metaspace   ] GC(2264) Metaspace: 14336K(15296K)->14336K(15296K) NonClass: 12375K(12928K)->12375K(12928K) Class: 1960K(2368K)->1960K(2368K)
[392.276s][info][gc             ] GC(2264) Pause Young (Allocation Failure) 348M->10M(1022M) 2.355ms
[392.276s][info][gc,cpu         ] GC(2264) User=0.00s Sys=0.00s Real=0.00s
[392.479s][info][gc,start       ] GC(2265) Pause Young (Allocation Failure)
[392.481s][info][gc,heap        ] GC(2265) PSYoungGen: 347136K(347648K)->1024K(347648K) Eden: 346112K(346112K)->0K(346112K) From: 1024K(1536K)->1024K(1536K)
[392.481s][info][gc,heap        ] GC(2265) ParOldGen: 10030K(699392K)->10094K(699392K)
[392.481s][info][gc,metaspace   ] GC(2265) Metaspace: 14336K(15296K)->14336K(15296K) NonClass: 12375K(12928K)->12375K(12928K) Class: 1960K(2368K)->1960K(2368K)
[392.481s][info][gc             ] GC(2265) Pause Young (Allocation Failure) 348M->10M(1022M) 2.419ms
[392.481s][info][gc,cpu         ] GC(2265) User=0.00s Sys=0.00s Real=0.00s
[392.685s][info][gc,start       ] GC(2266) Pause Young (Allocation Failure)
[392.687s][info][gc,heap        ] GC(2266) PSYoungGen: 347136K(347648K)->1024K(347648K) Eden: 346112K(346112K)->0K(346112K) From: 1024K(1536K)->1024K(1536K)
[392.687s][info][gc,heap        ] GC(2266) ParOldGen: 10094K(699392K)->10174K(699392K)
[392.687s][info][gc,metaspace   ] GC(2266) Metaspace: 14336K(15296K)->14336K(15296K) NonClass: 12375K(12928K)->12375K(12928K) Class: 1960K(2368K)->1960K(2368K)
[392.687s][info][gc             ] GC(2266) Pause Young (Allocation Failure) 348M->10M(1022M) 2.451ms
[392.687s][info][gc,cpu         ] GC(2266) User=0.00s Sys=0.00s Real=0.00s
[392.891s][info][gc,start       ] GC(2267) Pause Young (Allocation Failure)
[392.894s][info][gc,heap        ] GC(2267) PSYoungGen: 347136K(347648K)->992K(347648K) Eden: 346112K(346112K)->0K(346112K) From: 1024K(1536K)->992K(1536K)
[392.894s][info][gc,heap        ] GC(2267) ParOldGen: 10174K(699392K)->10238K(699392K)
[392.894s][info][gc,metaspace   ] GC(2267) Metaspace: 14336K(15296K)->14336K(15296K) NonClass: 12375K(12928K)->12375K(12928K) Class: 1960K(2368K)->1960K(2368K)
[392.894s][info][gc             ] GC(2267) Pause Young (Allocation Failure) 348M->10M(1022M) 2.489ms
[392.894s][info][gc,cpu         ] GC(2267) User=0.00s Sys=0.00s Real=0.00s
[393.097s][info][gc,start       ] GC(2268) Pause Young (Allocation Failure)
[393.099s][info][gc,heap        ] GC(2268) PSYoungGen: 347104K(347648K)->1024K(347648K) Eden: 346112K(346112K)->0K(346112K) From: 992K(1536K)->1024K(1536K)
[393.099s][info][gc,heap        ] GC(2268) ParOldGen: 10238K(699392K)->10326K(699392K)
[393.099s][info][gc,metaspace   ] GC(2268) Metaspace: 14336K(15296K)->14336K(15296K) NonClass: 12375K(12928K)->12375K(12928K) Class: 1960K(2368K)->1960K(2368K)
[393.099s][info][gc             ] GC(2268) Pause Young (Allocation Failure) 348M->11M(1022M) 2.534ms
[393.099s][info][gc,cpu         ] GC(2268) User=0.00s Sys=0.00s Real=0.00s
[393.302s][info][gc,start       ] GC(2269) Pause Young (Allocation Failure)
[393.305s][info][gc,heap        ] GC(2269) PSYoungGen: 347136K(347648K)->1024K(347648K) Eden: 346112K(346112K)->0K(346112K) From: 1024K(1536K)->1024K(1536K)
[393.305s][info][gc,heap        ] GC(2269) ParOldGen: 10326K(699392K)->10406K(699392K)
[393.305s][info][gc,metaspace   ] GC(2269) Metaspace: 14336K(15296K)->14336K(15296K) NonClass: 12375K(12928K)->12375K(12928K) Class: 1960K(2368K)->1960K(2368K)
[393.305s][info][gc             ] GC(2269) Pause Young (Allocation Failure) 349M->11M(1022M) 2.560ms
[393.305s][info][gc,cpu         ] GC(2269) User=0.00s Sys=0.00s Real=0.00s
[393.508s][info][gc,start       ] GC(2270) Pause Young (Allocation Failure)
[393.510s][info][gc,heap        ] GC(2270) PSYoungGen: 347136K(347648K)->992K(347648K) Eden: 346112K(346112K)->0K(346112K) From: 1024K(1536K)->992K(1536K)
[393.510s][info][gc,heap        ] GC(2270) ParOldGen: 10406K(699392K)->10478K(699392K)
[393.510s][info][gc,metaspace   ] GC(2270) Metaspace: 14336K(15296K)->14336K(15296K) NonClass: 12375K(12928K)->12375K(12928K) Class: 1960K(2368K)->1960K(2368K)
[393.511s][info][gc             ] GC(2270) Pause Young (Allocation Failure) 349M->11M(1022M) 2.572ms
[393.511s][info][gc,cpu         ] GC(2270) User=0.00s Sys=0.00s Real=0.00s
[393.712s][info][gc,start       ] GC(2271) Pause Young (Allocation Failure)
[393.715s][info][gc,heap        ] GC(2271) PSYoungGen: 347104K(347648K)->1024K(347648K) Eden: 346112K(346112K)->0K(346112K) From: 992K(1536K)->1024K(1536K)
[393.715s][info][gc,heap        ] GC(2271) ParOldGen: 10478K(699392K)->10550K(699392K)
[393.715s][info][gc,metaspace   ] GC(2271) Metaspace: 14336K(15296K)->14336K(15296K) NonClass: 12375K(12928K)->12375K(12928K) Class: 1960K(2368K)->1960K(2368K)
[393.715s][info][gc             ] GC(2271) Pause Young (Allocation Failure) 349M->11M(1022M) 2.505ms
[393.715s][info][gc,cpu         ] GC(2271) User=0.00s Sys=0.00s Real=0.00s
[393.919s][info][gc,start       ] GC(2272) Pause Young (Allocation Failure)
[393.921s][info][gc,heap        ] GC(2272) PSYoungGen: 347136K(347648K)->1024K(347648K) Eden: 346112K(346112K)->0K(346112K) From: 1024K(1536K)->1024K(1536K)
[393.921s][info][gc,heap        ] GC(2272) ParOldGen: 10550K(699392K)->10630K(699392K)
[393.921s][info][gc,metaspace   ] GC(2272) Metaspace: 14336K(15296K)->14336K(15296K) NonClass: 12375K(12928K)->12375K(12928K) Class: 1960K(2368K)->1960K(2368K)
[393.921s][info][gc             ] GC(2272) Pause Young (Allocation Failure) 349M->11M(1022M) 2.345ms
[393.921s][info][gc,cpu         ] GC(2272) User=0.00s Sys=0.00s Real=0.00s
[394.124s][info][gc,start       ] GC(2273) Pause Young (Allocation Failure)
[394.126s][info][gc,heap        ] GC(2273) PSYoungGen: 347136K(347648K)->1024K(347648K) Eden: 346112K(346112K)->0K(346112K) From: 1024K(1536K)->1024K(1536K)
[394.126s][info][gc,heap        ] GC(2273) ParOldGen: 10630K(699392K)->10710K(699392K)
[394.126s][info][gc,metaspace   ] GC(2273) Metaspace: 14336K(15296K)->14336K(15296K) NonClass: 12375K(12928K)->12375K(12928K) Class: 1960K(2368K)->1960K(2368K)
[394.126s][info][gc             ] GC(2273) Pause Young (Allocation Failure) 349M->11M(1022M) 2.282ms
[394.126s][info][gc,cpu         ] GC(2273) User=0.52s Sys=0.00s Real=0.00s
[394.330s][info][gc,start       ] GC(2274) Pause Young (Allocation Failure)
[394.332s][info][gc,heap        ] GC(2274) PSYoungGen: 347136K(347648K)->992K(347648K) Eden: 346112K(346112K)->0K(346112K) From: 1024K(1536K)->992K(1536K)
[394.332s][info][gc,heap        ] GC(2274) ParOldGen: 10710K(699392K)->10790K(699392K)
[394.332s][info][gc,metaspace   ] GC(2274) Metaspace: 14336K(15296K)->14336K(15296K) NonClass: 12375K(12928K)->12375K(12928K) Class: 1960K(2368K)->1960K(2368K)
[394.332s][info][gc             ] GC(2274) Pause Young (Allocation Failure) 349M->11M(1022M) 2.059ms
[394.332s][info][gc,cpu         ] GC(2274) User=0.00s Sys=0.00s Real=0.00s
[394.536s][info][gc,start       ] GC(2275) Pause Young (Allocation Failure)
[394.538s][info][gc,heap        ] GC(2275) PSYoungGen: 347104K(347648K)->1024K(347648K) Eden: 346112K(346112K)->0K(346112K) From: 992K(1536K)->1024K(1536K)
[394.538s][info][gc,heap        ] GC(2275) ParOldGen: 10790K(699392K)->10878K(699392K)
[394.538s][info][gc,metaspace   ] GC(2275) Metaspace: 14336K(15296K)->14336K(15296K) NonClass: 12375K(12928K)->12375K(12928K) Class: 1960K(2368K)->1960K(2368K)
[394.538s][info][gc             ] GC(2275) Pause Young (Allocation Failure) 349M->11M(1022M) 2.120ms
[394.538s][info][gc,cpu         ] GC(2275) User=0.00s Sys=0.00s Real=0.00s
[394.743s][info][gc,start       ] GC(2276) Pause Young (Allocation Failure)
[394.745s][info][gc,heap        ] GC(2276) PSYoungGen: 347136K(347648K)->1024K(347648K) Eden: 346112K(346112K)->0K(346112K) From: 1024K(1536K)->1024K(1536K)
[394.745s][info][gc,heap        ] GC(2276) ParOldGen: 10878K(699392K)->10950K(699392K)
[394.745s][info][gc,metaspace   ] GC(2276) Metaspace: 14336K(15296K)->14336K(15296K) NonClass: 12375K(12928K)->12375K(12928K) Class: 1960K(2368K)->1960K(2368K)
[394.745s][info][gc             ] GC(2276) Pause Young (Allocation Failure) 349M->11M(1022M) 2.203ms
[394.745s][info][gc,cpu         ] GC(2276) User=0.00s Sys=0.00s Real=0.00s
[394.949s][info][gc,start       ] GC(2277) Pause Young (Allocation Failure)
[394.951s][info][gc,heap        ] GC(2277) PSYoungGen: 347136K(347648K)->1024K(347648K) Eden: 346112K(346112K)->0K(346112K) From: 1024K(1536K)->1024K(1536K)
[394.951s][info][gc,heap        ] GC(2277) ParOldGen: 10950K(699392K)->11018K(699392K)
[394.951s][info][gc,metaspace   ] GC(2277) Metaspace: 14336K(15296K)->14336K(15296K) NonClass: 12375K(12928K)->12375K(12928K) Class: 1960K(2368K)->1960K(2368K)
[394.951s][info][gc             ] GC(2277) Pause Young (Allocation Failure) 349M->11M(1022M) 2.223ms
[394.951s][info][gc,cpu         ] GC(2277) User=0.00s Sys=0.00s Real=0.00s
[395.155s][info][gc,start       ] GC(2278) Pause Young (Allocation Failure)
[395.158s][info][gc,heap        ] GC(2278) PSYoungGen: 347136K(347648K)->1024K(347648K) Eden: 346112K(346112K)->0K(346112K) From: 1024K(1536K)->1024K(1536K)
[395.158s][info][gc,heap        ] GC(2278) ParOldGen: 11018K(699392K)->11106K(699392K)
[395.158s][info][gc,metaspace   ] GC(2278) Metaspace: 14336K(15296K)->14336K(15296K) NonClass: 12375K(12928K)->12375K(12928K) Class: 1960K(2368K)->1960K(2368K)
[395.158s][info][gc             ] GC(2278) Pause Young (Allocation Failure) 349M->11M(1022M) 2.261ms
[395.158s][info][gc,cpu         ] GC(2278) User=0.52s Sys=0.00s Real=0.00s
[395.361s][info][gc,start       ] GC(2279) Pause Young (Allocation Failure)
[395.364s][info][gc,heap        ] GC(2279) PSYoungGen: 347136K(347648K)->1024K(347648K) Eden: 346112K(346112K)->0K(346112K) From: 1024K(1536K)->1024K(1536K)
[395.364s][info][gc,heap        ] GC(2279) ParOldGen: 11106K(699392K)->11178K(699392K)
[395.364s][info][gc,metaspace   ] GC(2279) Metaspace: 14336K(15296K)->14336K(15296K) NonClass: 12375K(12928K)->12375K(12928K) Class: 1960K(2368K)->1960K(2368K)
[395.364s][info][gc             ] GC(2279) Pause Young (Allocation Failure) 349M->11M(1022M) 2.345ms
[395.364s][info][gc,cpu         ] GC(2279) User=0.00s Sys=0.00s Real=0.00s
[395.570s][info][gc,start       ] GC(2280) Pause Young (Allocation Failure)
[395.572s][info][gc,heap        ] GC(2280) PSYoungGen: 347136K(347648K)->1024K(347648K) Eden: 346112K(346112K)->0K(346112K) From: 1024K(1536K)->1024K(1536K)
[395.572s][info][gc,heap        ] GC(2280) ParOldGen: 11178K(699392K)->11258K(699392K)
[395.572s][info][gc,metaspace   ] GC(2280) Metaspace: 14336K(15296K)->14336K(15296K) NonClass: 12375K(12928K)->12375K(12928K) Class: 1960K(2368K)->1960K(2368K)
[395.572s][info][gc             ] GC(2280) Pause Young (Allocation Failure) 349M->11M(1022M) 2.308ms
[395.572s][info][gc,cpu         ] GC(2280) User=0.00s Sys=0.00s Real=0.00s
[395.776s][info][gc,start       ] GC(2281) Pause Young (Allocation Failure)
[395.779s][info][gc,heap        ] GC(2281) PSYoungGen: 347136K(347648K)->1024K(347648K) Eden: 346112K(346112K)->0K(346112K) From: 1024K(1536K)->1024K(1536K)
[395.779s][info][gc,heap        ] GC(2281) ParOldGen: 11258K(699392K)->11338K(699392K)
[395.779s][info][gc,metaspace   ] GC(2281) Metaspace: 14336K(15296K)->14336K(15296K) NonClass: 12375K(12928K)->12375K(12928K) Class: 1960K(2368K)->1960K(2368K)
[395.779s][info][gc             ] GC(2281) Pause Young (Allocation Failure) 349M->12M(1022M) 2.358ms
[395.779s][info][gc,cpu         ] GC(2281) User=0.00s Sys=0.00s Real=0.00s
[395.982s][info][gc,start       ] GC(2282) Pause Young (Allocation Failure)
[395.984s][info][gc,heap        ] GC(2282) PSYoungGen: 347136K(347648K)->1024K(347648K) Eden: 346112K(346112K)->0K(346112K) From: 1024K(1536K)->1024K(1536K)
[395.984s][info][gc,heap        ] GC(2282) ParOldGen: 11338K(699392K)->11418K(699392K)
[395.984s][info][gc,metaspace   ] GC(2282) Metaspace: 14336K(15296K)->14336K(15296K) NonClass: 12375K(12928K)->12375K(12928K) Class: 1960K(2368K)->1960K(2368K)
[395.984s][info][gc             ] GC(2282) Pause Young (Allocation Failure) 350M->12M(1022M) 2.370ms
[395.984s][info][gc,cpu         ] GC(2282) User=0.00s Sys=0.00s Real=0.00s
[396.188s][info][gc,start       ] GC(2283) Pause Young (Allocation Failure)
[396.190s][info][gc,heap        ] GC(2283) PSYoungGen: 347136K(347648K)->1024K(347648K) Eden: 346112K(346112K)->0K(346112K) From: 1024K(1536K)->1024K(1536K)
[396.190s][info][gc,heap        ] GC(2283) ParOldGen: 11418K(699392K)->11498K(699392K)
[396.190s][info][gc,metaspace   ] GC(2283) Metaspace: 14336K(15296K)->14336K(15296K) NonClass: 12375K(12928K)->12375K(12928K) Class: 1960K(2368K)->1960K(2368K)
[396.190s][info][gc             ] GC(2283) Pause Young (Allocation Failure) 350M->12M(1022M) 2.412ms
[396.190s][info][gc,cpu         ] GC(2283) User=0.00s Sys=0.00s Real=0.00s
[396.393s][info][gc,start       ] GC(2284) Pause Young (Allocation Failure)
[396.396s][info][gc,heap        ] GC(2284) PSYoungGen: 347136K(347648K)->1024K(347648K) Eden: 346112K(346112K)->0K(346112K) From: 1024K(1536K)->1024K(1536K)
[396.396s][info][gc,heap        ] GC(2284) ParOldGen: 11498K(699392K)->11594K(699392K)
[396.396s][info][gc,metaspace   ] GC(2284) Metaspace: 14336K(15296K)->14336K(15296K) NonClass: 12375K(12928K)->12375K(12928K) Class: 1960K(2368K)->1960K(2368K)
[396.396s][info][gc             ] GC(2284) Pause Young (Allocation Failure) 350M->12M(1022M) 2.466ms
[396.396s][info][gc,cpu         ] GC(2284) User=0.00s Sys=0.00s Real=0.00s
[396.600s][info][gc,start       ] GC(2285) Pause Young (Allocation Failure)
[396.602s][info][gc,heap        ] GC(2285) PSYoungGen: 347136K(347648K)->1024K(347648K) Eden: 346112K(346112K)->0K(346112K) From: 1024K(1536K)->1024K(1536K)
[396.602s][info][gc,heap        ] GC(2285) ParOldGen: 11594K(699392K)->11682K(699392K)
[396.602s][info][gc,metaspace   ] GC(2285) Metaspace: 14336K(15296K)->14336K(15296K) NonClass: 12375K(12928K)->12375K(12928K) Class: 1960K(2368K)->1960K(2368K)
[396.602s][info][gc             ] GC(2285) Pause Young (Allocation Failure) 350M->12M(1022M) 2.444ms
[396.602s][info][gc,cpu         ] GC(2285) User=0.00s Sys=0.00s Real=0.00s
[396.806s][info][gc,start       ] GC(2286) Pause Young (Allocation Failure)
[396.809s][info][gc,heap        ] GC(2286) PSYoungGen: 347136K(347648K)->1024K(347648K) Eden: 346112K(346112K)->0K(346112K) From: 1024K(1536K)->1024K(1536K)
[396.809s][info][gc,heap        ] GC(2286) ParOldGen: 11682K(699392K)->11754K(699392K)
[396.809s][info][gc,metaspace   ] GC(2286) Metaspace: 14336K(15296K)->14336K(15296K) NonClass: 12375K(12928K)->12375K(12928K) Class: 1960K(2368K)->1960K(2368K)
[396.809s][info][gc             ] GC(2286) Pause Young (Allocation Failure) 350M->12M(1022M) 2.504ms
[396.809s][info][gc,cpu         ] GC(2286) User=0.00s Sys=0.00s Real=0.00s
[397.013s][info][gc,start       ] GC(2287) Pause Young (Allocation Failure)
[397.015s][info][gc,heap        ] GC(2287) PSYoungGen: 347136K(347648K)->1024K(347648K) Eden: 346112K(346112K)->0K(346112K) From: 1024K(1536K)->1024K(1536K)
[397.015s][info][gc,heap        ] GC(2287) ParOldGen: 11754K(699392K)->11842K(699392K)
[397.015s][info][gc,metaspace   ] GC(2287) Metaspace: 14336K(15296K)->14336K(15296K) NonClass: 12375K(12928K)->12375K(12928K) Class: 1960K(2368K)->1960K(2368K)
[397.015s][info][gc             ] GC(2287) Pause Young (Allocation Failure) 350M->12M(1022M) 2.569ms
[397.015s][info][gc,cpu         ] GC(2287) User=0.00s Sys=0.00s Real=0.00s
[397.220s][info][gc,start       ] GC(2288) Pause Young (Allocation Failure)
[397.223s][info][gc,heap        ] GC(2288) PSYoungGen: 347136K(347648K)->960K(347648K) Eden: 346112K(346112K)->0K(346112K) From: 1024K(1536K)->960K(1536K)
[397.223s][info][gc,heap        ] GC(2288) ParOldGen: 11842K(699392K)->11922K(699392K)
[397.223s][info][gc,metaspace   ] GC(2288) Metaspace: 14336K(15296K)->14336K(15296K) NonClass: 12375K(12928K)->12375K(12928K) Class: 1960K(2368K)->1960K(2368K)
[397.223s][info][gc             ] GC(2288) Pause Young (Allocation Failure) 350M->12M(1022M) 2.589ms
[397.223s][info][gc,cpu         ] GC(2288) User=0.00s Sys=0.00s Real=0.00s
[397.522s][info][gc,start       ] GC(2289) Pause Young (Allocation Failure)
[397.525s][info][gc,heap        ] GC(2289) PSYoungGen: 347072K(347648K)->1024K(347648K) Eden: 346112K(346112K)->0K(346112K) From: 960K(1536K)->1024K(1536K)
[397.525s][info][gc,heap        ] GC(2289) ParOldGen: 11922K(699392K)->11994K(699392K)
[397.525s][info][gc,metaspace   ] GC(2289) Metaspace: 14336K(15296K)->14336K(15296K) NonClass: 12375K(12928K)->12375K(12928K) Class: 1960K(2368K)->1960K(2368K)
[397.525s][info][gc             ] GC(2289) Pause Young (Allocation Failure) 350M->12M(1022M) 3.464ms
[397.525s][info][gc,cpu         ] GC(2289) User=0.00s Sys=0.00s Real=0.00s
[397.734s][info][gc,start       ] GC(2290) Pause Young (Allocation Failure)
[397.737s][info][gc,heap        ] GC(2290) PSYoungGen: 347136K(347648K)->992K(347648K) Eden: 346112K(346112K)->0K(346112K) From: 1024K(1536K)->992K(1536K)
[397.737s][info][gc,heap        ] GC(2290) ParOldGen: 11994K(699392K)->12082K(699392K)
[397.737s][info][gc,metaspace   ] GC(2290) Metaspace: 14336K(15296K)->14336K(15296K) NonClass: 12375K(12928K)->12375K(12928K) Class: 1960K(2368K)->1960K(2368K)
[397.737s][info][gc             ] GC(2290) Pause Young (Allocation Failure) 350M->12M(1022M) 2.483ms
[397.737s][info][gc,cpu         ] GC(2290) User=0.00s Sys=0.00s Real=0.00s
[397.940s][info][gc,start       ] GC(2291) Pause Young (Allocation Failure)
[397.942s][info][gc,heap        ] GC(2291) PSYoungGen: 347104K(347648K)->992K(347648K) Eden: 346112K(346112K)->0K(346112K) From: 992K(1536K)->992K(1536K)
[397.942s][info][gc,heap        ] GC(2291) ParOldGen: 12082K(699392K)->12186K(699392K)
[397.942s][info][gc,metaspace   ] GC(2291) Metaspace: 14336K(15296K)->14336K(15296K) NonClass: 12375K(12928K)->12375K(12928K) Class: 1960K(2368K)->1960K(2368K)
[397.942s][info][gc             ] GC(2291) Pause Young (Allocation Failure) 350M->12M(1022M) 2.240ms
[397.942s][info][gc,cpu         ] GC(2291) User=0.00s Sys=0.00s Real=0.00s
[398.144s][info][gc,start       ] GC(2292) Pause Young (Allocation Failure)
[398.146s][info][gc,heap        ] GC(2292) PSYoungGen: 347104K(347648K)->1024K(347648K) Eden: 346112K(346112K)->0K(346112K) From: 992K(1536K)->1024K(1536K)
[398.146s][info][gc,heap        ] GC(2292) ParOldGen: 12186K(699392K)->12250K(699392K)
[398.146s][info][gc,metaspace   ] GC(2292) Metaspace: 14336K(15296K)->14336K(15296K) NonClass: 12375K(12928K)->12375K(12928K) Class: 1960K(2368K)->1960K(2368K)
[398.146s][info][gc             ] GC(2292) Pause Young (Allocation Failure) 350M->12M(1022M) 2.240ms
[398.146s][info][gc,cpu         ] GC(2292) User=0.00s Sys=0.00s Real=0.00s
[398.347s][info][gc,start       ] GC(2293) Pause Young (Allocation Failure)
[398.349s][info][gc,heap        ] GC(2293) PSYoungGen: 347136K(347648K)->1024K(347648K) Eden: 346112K(346112K)->0K(346112K) From: 1024K(1536K)->1024K(1536K)
[398.349s][info][gc,heap        ] GC(2293) ParOldGen: 12250K(699392K)->12306K(699392K)
[398.349s][info][gc,metaspace   ] GC(2293) Metaspace: 14336K(15296K)->14336K(15296K) NonClass: 12375K(12928K)->12375K(12928K) Class: 1960K(2368K)->1960K(2368K)
[398.349s][info][gc             ] GC(2293) Pause Young (Allocation Failure) 350M->13M(1022M) 2.215ms
[398.349s][info][gc,cpu         ] GC(2293) User=0.00s Sys=0.00s Real=0.00s
[398.550s][info][gc,start       ] GC(2294) Pause Young (Allocation Failure)
[398.552s][info][gc,heap        ] GC(2294) PSYoungGen: 347136K(347648K)->1056K(347648K) Eden: 346112K(346112K)->0K(346112K) From: 1024K(1536K)->1056K(1536K)
[398.552s][info][gc,heap        ] GC(2294) ParOldGen: 12306K(699392K)->12394K(699392K)
[398.552s][info][gc,metaspace   ] GC(2294) Metaspace: 14336K(15296K)->14336K(15296K) NonClass: 12375K(12928K)->12375K(12928K) Class: 1960K(2368K)->1960K(2368K)
[398.552s][info][gc             ] GC(2294) Pause Young (Allocation Failure) 351M->13M(1022M) 2.119ms
[398.552s][info][gc,cpu         ] GC(2294) User=0.00s Sys=0.00s Real=0.00s
[398.753s][info][gc,start       ] GC(2295) Pause Young (Allocation Failure)
[398.755s][info][gc,heap        ] GC(2295) PSYoungGen: 347168K(347648K)->1024K(347648K) Eden: 346112K(346112K)->0K(346112K) From: 1056K(1536K)->1024K(1536K)
[398.755s][info][gc,heap        ] GC(2295) ParOldGen: 12394K(699392K)->12474K(699392K)
[398.755s][info][gc,metaspace   ] GC(2295) Metaspace: 14336K(15296K)->14336K(15296K) NonClass: 12375K(12928K)->12375K(12928K) Class: 1960K(2368K)->1960K(2368K)
[398.755s][info][gc             ] GC(2295) Pause Young (Allocation Failure) 351M->13M(1022M) 2.248ms
[398.755s][info][gc,cpu         ] GC(2295) User=0.00s Sys=0.00s Real=0.00s
[398.956s][info][gc,start       ] GC(2296) Pause Young (Allocation Failure)
[398.958s][info][gc,heap        ] GC(2296) PSYoungGen: 347136K(347648K)->1024K(347648K) Eden: 346112K(346112K)->0K(346112K) From: 1024K(1536K)->1024K(1536K)
[398.958s][info][gc,heap        ] GC(2296) ParOldGen: 12474K(699392K)->12530K(699392K)
[398.958s][info][gc,metaspace   ] GC(2296) Metaspace: 14336K(15296K)->14336K(15296K) NonClass: 12375K(12928K)->12375K(12928K) Class: 1960K(2368K)->1960K(2368K)
[398.958s][info][gc             ] GC(2296) Pause Young (Allocation Failure) 351M->13M(1022M) 2.252ms
[398.958s][info][gc,cpu         ] GC(2296) User=0.00s Sys=0.00s Real=0.00s
[399.161s][info][gc,start       ] GC(2297) Pause Young (Allocation Failure)
[399.166s][info][gc,heap        ] GC(2297) PSYoungGen: 347136K(347648K)->1024K(347648K) Eden: 346112K(346112K)->0K(346112K) From: 1024K(1536K)->1024K(1536K)
[399.166s][info][gc,heap        ] GC(2297) ParOldGen: 12530K(699392K)->12594K(699392K)
[399.166s][info][gc,metaspace   ] GC(2297) Metaspace: 14336K(15296K)->14336K(15296K) NonClass: 12375K(12928K)->12375K(12928K) Class: 1960K(2368K)->1960K(2368K)
[399.166s][info][gc             ] GC(2297) Pause Young (Allocation Failure) 351M->13M(1022M) 4.860ms
[399.166s][info][gc,cpu         ] GC(2297) User=0.00s Sys=0.00s Real=0.00s
[399.380s][info][gc,start       ] GC(2298) Pause Young (Allocation Failure)
[399.382s][info][gc,heap        ] GC(2298) PSYoungGen: 347136K(347648K)->1024K(347648K) Eden: 346112K(346112K)->0K(346112K) From: 1024K(1536K)->1024K(1536K)
[399.383s][info][gc,heap        ] GC(2298) ParOldGen: 12594K(699392K)->12682K(699392K)
[399.383s][info][gc,metaspace   ] GC(2298) Metaspace: 14336K(15296K)->14336K(15296K) NonClass: 12375K(12928K)->12375K(12928K) Class: 1960K(2368K)->1960K(2368K)
[399.383s][info][gc             ] GC(2298) Pause Young (Allocation Failure) 351M->13M(1022M) 2.318ms
[399.383s][info][gc,cpu         ] GC(2298) User=0.00s Sys=0.00s Real=0.00s
[399.628s][info][gc,start       ] GC(2299) Pause Young (Allocation Failure)
[399.631s][info][gc,heap        ] GC(2299) PSYoungGen: 347136K(347648K)->928K(337408K) Eden: 346112K(346112K)->0K(336384K) From: 1024K(1536K)->928K(1024K)
[399.631s][info][gc,heap        ] GC(2299) ParOldGen: 12682K(699392K)->12762K(699392K)
[399.631s][info][gc,metaspace   ] GC(2299) Metaspace: 14336K(15296K)->14336K(15296K) NonClass: 12375K(12928K)->12375K(12928K) Class: 1960K(2368K)->1960K(2368K)
[399.631s][info][gc             ] GC(2299) Pause Young (Allocation Failure) 351M->13M(1012M) 2.415ms
[399.631s][info][gc,cpu         ] GC(2299) User=0.00s Sys=0.00s Real=0.00s
[399.802s][info][gc,start       ] GC(2300) Pause Young (Allocation Failure)
[399.805s][info][gc,heap        ] GC(2300) PSYoungGen: 337312K(337408K)->800K(347136K) Eden: 336384K(336384K)->0K(345600K) From: 928K(1024K)->800K(1536K)
[399.805s][info][gc,heap        ] GC(2300) ParOldGen: 12762K(699392K)->12858K(699392K)
[399.805s][info][gc,metaspace   ] GC(2300) Metaspace: 14336K(15296K)->14336K(15296K) NonClass: 12375K(12928K)->12375K(12928K) Class: 1960K(2368K)->1960K(2368K)
[399.805s][info][gc             ] GC(2300) Pause Young (Allocation Failure) 341M->13M(1022M) 2.363ms
[399.805s][info][gc,cpu         ] GC(2300) User=0.00s Sys=0.00s Real=0.00s
[400.051s][info][gc,start       ] GC(2301) Pause Young (System.gc())
[400.053s][info][gc,heap        ] GC(2301) PSYoungGen: 294553K(347136K)->480K(347648K) Eden: 293753K(345600K)->0K(346112K) From: 800K(1536K)->480K(1536K)
[400.053s][info][gc,heap        ] GC(2301) ParOldGen: 12858K(699392K)->12922K(699392K)
[400.053s][info][gc,metaspace   ] GC(2301) Metaspace: 14336K(15296K)->14336K(15296K) NonClass: 12375K(12928K)->12375K(12928K) Class: 1960K(2368K)->1960K(2368K)
[400.053s][info][gc             ] GC(2301) Pause Young (System.gc()) 300M->13M(1022M) 2.711ms
[400.053s][info][gc,cpu         ] GC(2301) User=0.00s Sys=0.00s Real=0.00s
[400.053s][info][gc,start       ] GC(2302) Pause Full (System.gc())
[400.053s][info][gc,phases,start] GC(2302) Marking Phase
[400.066s][info][gc,phases      ] GC(2302) Marking Phase 12.751ms
[400.066s][info][gc,phases,start] GC(2302) Summary Phase
[400.066s][info][gc,phases      ] GC(2302) Summary Phase 0.019ms
[400.066s][info][gc,phases,start] GC(2302) Adjust Roots
[400.073s][info][gc,phases      ] GC(2302) Adjust Roots 6.150ms
[400.073s][info][gc,phases,start] GC(2302) Compaction Phase
[400.074s][info][gc,phases      ] GC(2302) Compaction Phase 1.584ms
[400.074s][info][gc,phases,start] GC(2302) Post Compact
[400.075s][info][gc,phases      ] GC(2302) Post Compact 0.346ms
[400.075s][info][gc,heap        ] GC(2302) PSYoungGen: 480K(347648K)->0K(347648K) Eden: 0K(346112K)->0K(346112K) From: 480K(1536K)->0K(1536K)
[400.075s][info][gc,heap        ] GC(2302) ParOldGen: 12922K(699392K)->5373K(699392K)
[400.075s][info][gc,metaspace   ] GC(2302) Metaspace: 14336K(15296K)->14336K(15296K) NonClass: 12375K(12928K)->12375K(12928K) Class: 1960K(2368K)->1960K(2368K)
[400.075s][info][gc             ] GC(2302) Pause Full (System.gc()) 13M->5M(1022M) 21.162ms
[400.075s][info][gc,cpu         ] GC(2302) User=0.02s Sys=0.00s Real=0.02s
[400.290s][info][gc,start       ] GC(2303) Pause Young (Allocation Failure)
[400.293s][info][gc,heap        ] GC(2303) PSYoungGen: 346112K(347648K)->1536K(347648K) Eden: 346112K(346112K)->0K(346112K) From: 0K(1536K)->1536K(1536K)
[400.293s][info][gc,heap        ] GC(2303) ParOldGen: 5373K(699392K)->5604K(699392K)
[400.293s][info][gc,metaspace   ] GC(2303) Metaspace: 14336K(15296K)->14336K(15296K) NonClass: 12375K(12928K)->12375K(12928K) Class: 1960K(2368K)->1960K(2368K)
[400.293s][info][gc             ] GC(2303) Pause Young (Allocation Failure) 343M->6M(1022M) 2.622ms
[400.293s][info][gc,cpu         ] GC(2303) User=0.00s Sys=0.00s Real=0.00s
[400.490s][info][gc,start       ] GC(2304) Pause Young (Allocation Failure)
[400.493s][info][gc,heap        ] GC(2304) PSYoungGen: 347648K(347648K)->1024K(347648K) Eden: 346112K(346112K)->0K(346112K) From: 1536K(1536K)->1024K(1536K)
[400.493s][info][gc,heap        ] GC(2304) ParOldGen: 5604K(699392K)->7112K(699392K)
[400.493s][info][gc,metaspace   ] GC(2304) Metaspace: 14336K(15296K)->14336K(15296K) NonClass: 12375K(12928K)->12375K(12928K) Class: 1960K(2368K)->1960K(2368K)
[400.493s][info][gc             ] GC(2304) Pause Young (Allocation Failure) 344M->7M(1022M) 2.561ms
[400.493s][info][gc,cpu         ] GC(2304) User=0.00s Sys=0.00s Real=0.00s
[400.694s][info][gc,start       ] GC(2305) Pause Young (Allocation Failure)
[400.696s][info][gc,heap        ] GC(2305) PSYoungGen: 347136K(347648K)->1024K(347648K) Eden: 346112K(346112K)->0K(346112K) From: 1024K(1536K)->1024K(1536K)
[400.696s][info][gc,heap        ] GC(2305) ParOldGen: 7112K(699392K)->7192K(699392K)
[400.696s][info][gc,metaspace   ] GC(2305) Metaspace: 14336K(15296K)->14336K(15296K) NonClass: 12375K(12928K)->12375K(12928K) Class: 1960K(2368K)->1960K(2368K)
[400.696s][info][gc             ] GC(2305) Pause Young (Allocation Failure) 345M->8M(1022M) 2.506ms
[400.696s][info][gc,cpu         ] GC(2305) User=0.00s Sys=0.00s Real=0.00s
[400.899s][info][gc,start       ] GC(2306) Pause Young (Allocation Failure)
[400.901s][info][gc,heap        ] GC(2306) PSYoungGen: 347136K(347648K)->1024K(347648K) Eden: 346112K(346112K)->0K(346112K) From: 1024K(1536K)->1024K(1536K)
[400.901s][info][gc,heap        ] GC(2306) ParOldGen: 7192K(699392K)->7312K(699392K)
[400.901s][info][gc,metaspace   ] GC(2306) Metaspace: 14336K(15296K)->14336K(15296K) NonClass: 12375K(12928K)->12375K(12928K) Class: 1960K(2368K)->1960K(2368K)
[400.901s][info][gc             ] GC(2306) Pause Young (Allocation Failure) 346M->8M(1022M) 2.553ms
[400.901s][info][gc,cpu         ] GC(2306) User=0.00s Sys=0.00s Real=0.00s
[401.103s][info][gc,start       ] GC(2307) Pause Young (Allocation Failure)
[401.105s][info][gc,heap        ] GC(2307) PSYoungGen: 347136K(347648K)->1024K(347648K) Eden: 346112K(346112K)->0K(346112K) From: 1024K(1536K)->1024K(1536K)
[401.105s][info][gc,heap        ] GC(2307) ParOldGen: 7312K(699392K)->7416K(699392K)
[401.106s][info][gc,metaspace   ] GC(2307) Metaspace: 14336K(15296K)->14336K(15296K) NonClass: 12375K(12928K)->12375K(12928K) Class: 1960K(2368K)->1960K(2368K)
[401.106s][info][gc             ] GC(2307) Pause Young (Allocation Failure) 346M->8M(1022M) 2.490ms
[401.106s][info][gc,cpu         ] GC(2307) User=0.00s Sys=0.00s Real=0.00s
[401.329s][info][gc,start       ] GC(2308) Pause Young (Allocation Failure)
[401.332s][info][gc,heap        ] GC(2308) PSYoungGen: 347136K(347648K)->992K(347648K) Eden: 346112K(346112K)->0K(346112K) From: 1024K(1536K)->992K(1536K)
[401.332s][info][gc,heap        ] GC(2308) ParOldGen: 7416K(699392K)->7488K(699392K)
[401.332s][info][gc,metaspace   ] GC(2308) Metaspace: 14336K(15296K)->14336K(15296K) NonClass: 12375K(12928K)->12375K(12928K) Class: 1960K(2368K)->1960K(2368K)
[401.332s][info][gc             ] GC(2308) Pause Young (Allocation Failure) 346M->8M(1022M) 2.876ms
[401.332s][info][gc,cpu         ] GC(2308) User=0.00s Sys=0.00s Real=0.00s
[401.537s][info][gc,start       ] GC(2309) Pause Young (Allocation Failure)
[401.539s][info][gc,heap        ] GC(2309) PSYoungGen: 347104K(347648K)->1024K(347648K) Eden: 346112K(346112K)->0K(346112K) From: 992K(1536K)->1024K(1536K)
[401.540s][info][gc,heap        ] GC(2309) ParOldGen: 7488K(699392K)->7600K(699392K)
[401.540s][info][gc,metaspace   ] GC(2309) Metaspace: 14336K(15296K)->14336K(15296K) NonClass: 12375K(12928K)->12375K(12928K) Class: 1960K(2368K)->1960K(2368K)
[401.540s][info][gc             ] GC(2309) Pause Young (Allocation Failure) 346M->8M(1022M) 2.584ms
[401.540s][info][gc,cpu         ] GC(2309) User=0.00s Sys=0.00s Real=0.00s
[401.742s][info][gc,start       ] GC(2310) Pause Young (Allocation Failure)
[401.745s][info][gc,heap        ] GC(2310) PSYoungGen: 347136K(347648K)->1024K(347648K) Eden: 346112K(346112K)->0K(346112K) From: 1024K(1536K)->1024K(1536K)
[401.745s][info][gc,heap        ] GC(2310) ParOldGen: 7600K(699392K)->7688K(699392K)
[401.745s][info][gc,metaspace   ] GC(2310) Metaspace: 14336K(15296K)->14336K(15296K) NonClass: 12375K(12928K)->12375K(12928K) Class: 1960K(2368K)->1960K(2368K)
[401.745s][info][gc             ] GC(2310) Pause Young (Allocation Failure) 346M->8M(1022M) 2.371ms
[401.745s][info][gc,cpu         ] GC(2310) User=0.00s Sys=0.00s Real=0.00s
[401.950s][info][gc,start       ] GC(2311) Pause Young (Allocation Failure)
[401.965s][info][gc,heap        ] GC(2311) PSYoungGen: 347136K(347648K)->1024K(347648K) Eden: 346112K(346112K)->0K(346112K) From: 1024K(1536K)->1024K(1536K)
[401.965s][info][gc,heap        ] GC(2311) ParOldGen: 7688K(699392K)->7768K(699392K)
[401.965s][info][gc,metaspace   ] GC(2311) Metaspace: 14336K(15296K)->14336K(15296K) NonClass: 12375K(12928K)->12375K(12928K) Class: 1960K(2368K)->1960K(2368K)
[401.965s][info][gc             ] GC(2311) Pause Young (Allocation Failure) 346M->8M(1022M) 15.231ms
[401.965s][info][gc,cpu         ] GC(2311) User=0.00s Sys=0.00s Real=0.00s
[402.168s][info][gc,start       ] GC(2312) Pause Young (Allocation Failure)
[402.170s][info][gc,heap        ] GC(2312) PSYoungGen: 347136K(347648K)->992K(347648K) Eden: 346112K(346112K)->0K(346112K) From: 1024K(1536K)->992K(1536K)
[402.170s][info][gc,heap        ] GC(2312) ParOldGen: 7768K(699392K)->7864K(699392K)
[402.170s][info][gc,metaspace   ] GC(2312) Metaspace: 14336K(15296K)->14336K(15296K) NonClass: 12375K(12928K)->12375K(12928K) Class: 1960K(2368K)->1960K(2368K)
[402.170s][info][gc             ] GC(2312) Pause Young (Allocation Failure) 346M->8M(1022M) 2.082ms
[402.170s][info][gc,cpu         ] GC(2312) User=0.00s Sys=0.00s Real=0.00s
[402.370s][info][gc,start       ] GC(2313) Pause Young (Allocation Failure)
[402.372s][info][gc,heap        ] GC(2313) PSYoungGen: 347104K(347648K)->992K(347648K) Eden: 346112K(346112K)->0K(346112K) From: 992K(1536K)->992K(1536K)
[402.373s][info][gc,heap        ] GC(2313) ParOldGen: 7864K(699392K)->7944K(699392K)
[402.373s][info][gc,metaspace   ] GC(2313) Metaspace: 14336K(15296K)->14336K(15296K) NonClass: 12375K(12928K)->12375K(12928K) Class: 1960K(2368K)->1960K(2368K)
[402.373s][info][gc             ] GC(2313) Pause Young (Allocation Failure) 346M->8M(1022M) 2.149ms
[402.373s][info][gc,cpu         ] GC(2313) User=0.00s Sys=0.00s Real=0.00s
[402.575s][info][gc,start       ] GC(2314) Pause Young (Allocation Failure)
[402.577s][info][gc,heap        ] GC(2314) PSYoungGen: 347104K(347648K)->1024K(347648K) Eden: 346112K(346112K)->0K(346112K) From: 992K(1536K)->1024K(1536K)
[402.577s][info][gc,heap        ] GC(2314) ParOldGen: 7944K(699392K)->8040K(699392K)
[402.577s][info][gc,metaspace   ] GC(2314) Metaspace: 14336K(15296K)->14336K(15296K) NonClass: 12375K(12928K)->12375K(12928K) Class: 1960K(2368K)->1960K(2368K)
[402.577s][info][gc             ] GC(2314) Pause Young (Allocation Failure) 346M->8M(1022M) 2.192ms
[402.577s][info][gc,cpu         ] GC(2314) User=0.00s Sys=0.00s Real=0.00s
[402.778s][info][gc,start       ] GC(2315) Pause Young (Allocation Failure)
[402.780s][info][gc,heap        ] GC(2315) PSYoungGen: 347136K(347648K)->1024K(347648K) Eden: 346112K(346112K)->0K(346112K) From: 1024K(1536K)->1024K(1536K)
[402.780s][info][gc,heap        ] GC(2315) ParOldGen: 8040K(699392K)->8128K(699392K)
[402.780s][info][gc,metaspace   ] GC(2315) Metaspace: 14336K(15296K)->14336K(15296K) NonClass: 12375K(12928K)->12375K(12928K) Class: 1960K(2368K)->1960K(2368K)
[402.780s][info][gc             ] GC(2315) Pause Young (Allocation Failure) 346M->8M(1022M) 2.230ms
[402.780s][info][gc,cpu         ] GC(2315) User=0.00s Sys=0.00s Real=0.00s
[402.980s][info][gc,start       ] GC(2316) Pause Young (Allocation Failure)
[402.982s][info][gc,heap        ] GC(2316) PSYoungGen: 347136K(347648K)->1024K(347648K) Eden: 346112K(346112K)->0K(346112K) From: 1024K(1536K)->1024K(1536K)
[402.982s][info][gc,heap        ] GC(2316) ParOldGen: 8128K(699392K)->8208K(699392K)
[402.982s][info][gc,metaspace   ] GC(2316) Metaspace: 14336K(15296K)->14336K(15296K) NonClass: 12375K(12928K)->12375K(12928K) Class: 1960K(2368K)->1960K(2368K)
[402.982s][info][gc             ] GC(2316) Pause Young (Allocation Failure) 346M->9M(1022M) 2.240ms
[402.982s][info][gc,cpu         ] GC(2316) User=0.00s Sys=0.00s Real=0.00s
[403.186s][info][gc,start       ] GC(2317) Pause Young (Allocation Failure)
[403.188s][info][gc,heap        ] GC(2317) PSYoungGen: 347136K(347648K)->960K(347648K) Eden: 346112K(346112K)->0K(346112K) From: 1024K(1536K)->960K(1536K)
[403.188s][info][gc,heap        ] GC(2317) ParOldGen: 8208K(699392K)->8296K(699392K)
[403.188s][info][gc,metaspace   ] GC(2317) Metaspace: 14336K(15296K)->14336K(15296K) NonClass: 12375K(12928K)->12375K(12928K) Class: 1960K(2368K)->1960K(2368K)
[403.188s][info][gc             ] GC(2317) Pause Young (Allocation Failure) 347M->9M(1022M) 2.446ms
[403.188s][info][gc,cpu         ] GC(2317) User=0.50s Sys=0.03s Real=0.00s
[403.389s][info][gc,start       ] GC(2318) Pause Young (Allocation Failure)
[403.391s][info][gc,heap        ] GC(2318) PSYoungGen: 347072K(347648K)->1024K(347648K) Eden: 346112K(346112K)->0K(346112K) From: 960K(1536K)->1024K(1536K)
[403.391s][info][gc,heap        ] GC(2318) ParOldGen: 8296K(699392K)->8384K(699392K)
[403.391s][info][gc,metaspace   ] GC(2318) Metaspace: 14336K(15296K)->14336K(15296K) NonClass: 12375K(12928K)->12375K(12928K) Class: 1960K(2368K)->1960K(2368K)
[403.391s][info][gc             ] GC(2318) Pause Young (Allocation Failure) 347M->9M(1022M) 2.286ms
[403.391s][info][gc,cpu         ] GC(2318) User=0.52s Sys=0.00s Real=0.00s
[403.592s][info][gc,start       ] GC(2319) Pause Young (Allocation Failure)
[403.595s][info][gc,heap        ] GC(2319) PSYoungGen: 347136K(347648K)->1056K(347648K) Eden: 346112K(346112K)->0K(346112K) From: 1024K(1536K)->1056K(1536K)
[403.595s][info][gc,heap        ] GC(2319) ParOldGen: 8384K(699392K)->8480K(699392K)
[403.595s][info][gc,metaspace   ] GC(2319) Metaspace: 14336K(15296K)->14336K(15296K) NonClass: 12375K(12928K)->12375K(12928K) Class: 1960K(2368K)->1960K(2368K)
[403.595s][info][gc             ] GC(2319) Pause Young (Allocation Failure) 347M->9M(1022M) 2.332ms
[403.595s][info][gc,cpu         ] GC(2319) User=0.52s Sys=0.00s Real=0.00s
[403.795s][info][gc,start       ] GC(2320) Pause Young (Allocation Failure)
[403.798s][info][gc,heap        ] GC(2320) PSYoungGen: 347168K(347648K)->1024K(347648K) Eden: 346112K(346112K)->0K(346112K) From: 1056K(1536K)->1024K(1536K)
[403.798s][info][gc,heap        ] GC(2320) ParOldGen: 8480K(699392K)->8584K(699392K)
[403.798s][info][gc,metaspace   ] GC(2320) Metaspace: 14336K(15296K)->14336K(15296K) NonClass: 12375K(12928K)->12375K(12928K) Class: 1960K(2368K)->1960K(2368K)
[403.798s][info][gc             ] GC(2320) Pause Young (Allocation Failure) 347M->9M(1022M) 2.408ms
[403.798s][info][gc,cpu         ] GC(2320) User=0.52s Sys=0.00s Real=0.00s
[403.999s][info][gc,start       ] GC(2321) Pause Young (Allocation Failure)
[404.001s][info][gc,heap        ] GC(2321) PSYoungGen: 347136K(347648K)->960K(347648K) Eden: 346112K(346112K)->0K(346112K) From: 1024K(1536K)->960K(1536K)
[404.001s][info][gc,heap        ] GC(2321) ParOldGen: 8584K(699392K)->8704K(699392K)
[404.001s][info][gc,metaspace   ] GC(2321) Metaspace: 14336K(15296K)->14336K(15296K) NonClass: 12375K(12928K)->12375K(12928K) Class: 1960K(2368K)->1960K(2368K)
[404.001s][info][gc             ] GC(2321) Pause Young (Allocation Failure) 347M->9M(1022M) 2.399ms
[404.001s][info][gc,cpu         ] GC(2321) User=0.52s Sys=0.00s Real=0.00s
[404.201s][info][gc,start       ] GC(2322) Pause Young (Allocation Failure)
[404.203s][info][gc,heap        ] GC(2322) PSYoungGen: 347072K(347648K)->960K(347648K) Eden: 346112K(346112K)->0K(346112K) From: 960K(1536K)->960K(1536K)
[404.204s][info][gc,heap        ] GC(2322) ParOldGen: 8704K(699392K)->8800K(699392K)
[404.204s][info][gc,metaspace   ] GC(2322) Metaspace: 14336K(15296K)->14336K(15296K) NonClass: 12375K(12928K)->12375K(12928K) Class: 1960K(2368K)->1960K(2368K)
[404.204s][info][gc             ] GC(2322) Pause Young (Allocation Failure) 347M->9M(1022M) 2.456ms
[404.204s][info][gc,cpu         ] GC(2322) User=0.52s Sys=0.00s Real=0.00s
[404.405s][info][gc,start       ] GC(2323) Pause Young (Allocation Failure)
[404.408s][info][gc,heap        ] GC(2323) PSYoungGen: 347072K(347648K)->992K(347648K) Eden: 346112K(346112K)->0K(346112K) From: 960K(1536K)->992K(1536K)
[404.408s][info][gc,heap        ] GC(2323) ParOldGen: 8800K(699392K)->8896K(699392K)
[404.408s][info][gc,metaspace   ] GC(2323) Metaspace: 14336K(15296K)->14336K(15296K) NonClass: 12375K(12928K)->12375K(12928K) Class: 1960K(2368K)->1960K(2368K)
[404.408s][info][gc             ] GC(2323) Pause Young (Allocation Failure) 347M->9M(1022M) 2.489ms
[404.408s][info][gc,cpu         ] GC(2323) User=0.52s Sys=0.00s Real=0.00s
[404.610s][info][gc,start       ] GC(2324) Pause Young (Allocation Failure)
[404.612s][info][gc,heap        ] GC(2324) PSYoungGen: 347104K(347648K)->1024K(347648K) Eden: 346112K(346112K)->0K(346112K) From: 992K(1536K)->1024K(1536K)
[404.613s][info][gc,heap        ] GC(2324) ParOldGen: 8896K(699392K)->8976K(699392K)
[404.613s][info][gc,metaspace   ] GC(2324) Metaspace: 14336K(15296K)->14336K(15296K) NonClass: 12375K(12928K)->12375K(12928K) Class: 1960K(2368K)->1960K(2368K)
[404.613s][info][gc             ] GC(2324) Pause Young (Allocation Failure) 347M->9M(1022M) 2.488ms
[404.613s][info][gc,cpu         ] GC(2324) User=0.00s Sys=0.00s Real=0.00s
[404.815s][info][gc,start       ] GC(2325) Pause Young (Allocation Failure)
[404.817s][info][gc,heap        ] GC(2325) PSYoungGen: 347136K(347648K)->992K(347648K) Eden: 346112K(346112K)->0K(346112K) From: 1024K(1536K)->992K(1536K)
[404.817s][info][gc,heap        ] GC(2325) ParOldGen: 8976K(699392K)->9072K(699392K)
[404.817s][info][gc,metaspace   ] GC(2325) Metaspace: 14336K(15296K)->14336K(15296K) NonClass: 12375K(12928K)->12375K(12928K) Class: 1960K(2368K)->1960K(2368K)
[404.817s][info][gc             ] GC(2325) Pause Young (Allocation Failure) 347M->9M(1022M) 2.515ms
[404.817s][info][gc,cpu         ] GC(2325) User=0.00s Sys=0.00s Real=0.00s
[405.020s][info][gc,start       ] GC(2326) Pause Young (Allocation Failure)
[405.022s][info][gc,heap        ] GC(2326) PSYoungGen: 347104K(347648K)->992K(347648K) Eden: 346112K(346112K)->0K(346112K) From: 992K(1536K)->992K(1536K)
[405.023s][info][gc,heap        ] GC(2326) ParOldGen: 9072K(699392K)->9144K(699392K)
[405.023s][info][gc,metaspace   ] GC(2326) Metaspace: 14336K(15296K)->14336K(15296K) NonClass: 12375K(12928K)->12375K(12928K) Class: 1960K(2368K)->1960K(2368K)
[405.023s][info][gc             ] GC(2326) Pause Young (Allocation Failure) 347M->9M(1022M) 2.542ms
[405.023s][info][gc,cpu         ] GC(2326) User=0.00s Sys=0.00s Real=0.00s
[405.390s][info][gc,start       ] GC(2327) Pause Young (Allocation Failure)
[405.393s][info][gc,heap        ] GC(2327) PSYoungGen: 347104K(347648K)->1024K(347648K) Eden: 346112K(346112K)->0K(346112K) From: 992K(1536K)->1024K(1536K)
[405.393s][info][gc,heap        ] GC(2327) ParOldGen: 9144K(699392K)->9192K(699392K)
[405.394s][info][gc,metaspace   ] GC(2327) Metaspace: 14336K(15296K)->14336K(15296K) NonClass: 12375K(12928K)->12375K(12928K) Class: 1960K(2368K)->1960K(2368K)
[405.394s][info][gc             ] GC(2327) Pause Young (Allocation Failure) 347M->9M(1022M) 3.629ms
[405.394s][info][gc,cpu         ] GC(2327) User=0.00s Sys=0.00s Real=0.00s
[405.603s][info][gc,start       ] GC(2328) Pause Young (Allocation Failure)
[405.605s][info][gc,heap        ] GC(2328) PSYoungGen: 347136K(347648K)->1024K(347648K) Eden: 346112K(346112K)->0K(346112K) From: 1024K(1536K)->1024K(1536K)
[405.605s][info][gc,heap        ] GC(2328) ParOldGen: 9192K(699392K)->9272K(699392K)
[405.605s][info][gc,metaspace   ] GC(2328) Metaspace: 14336K(15296K)->14336K(15296K) NonClass: 12375K(12928K)->12375K(12928K) Class: 1960K(2368K)->1960K(2368K)
[405.605s][info][gc             ] GC(2328) Pause Young (Allocation Failure) 347M->10M(1022M) 2.391ms
[405.605s][info][gc,cpu         ] GC(2328) User=0.00s Sys=0.00s Real=0.00s
[405.810s][info][gc,start       ] GC(2329) Pause Young (Allocation Failure)
[405.812s][info][gc,heap        ] GC(2329) PSYoungGen: 347136K(347648K)->1024K(347648K) Eden: 346112K(346112K)->0K(346112K) From: 1024K(1536K)->1024K(1536K)
[405.812s][info][gc,heap        ] GC(2329) ParOldGen: 9272K(699392K)->9360K(699392K)
[405.812s][info][gc,metaspace   ] GC(2329) Metaspace: 14336K(15296K)->14336K(15296K) NonClass: 12375K(12928K)->12375K(12928K) Class: 1960K(2368K)->1960K(2368K)
[405.812s][info][gc             ] GC(2329) Pause Young (Allocation Failure) 348M->10M(1022M) 2.178ms
[405.812s][info][gc,cpu         ] GC(2329) User=0.00s Sys=0.00s Real=0.00s
[406.015s][info][gc,start       ] GC(2330) Pause Young (Allocation Failure)
[406.017s][info][gc,heap        ] GC(2330) PSYoungGen: 347136K(347648K)->1024K(347648K) Eden: 346112K(346112K)->0K(346112K) From: 1024K(1536K)->1024K(1536K)
[406.017s][info][gc,heap        ] GC(2330) ParOldGen: 9360K(699392K)->9480K(699392K)
[406.017s][info][gc,metaspace   ] GC(2330) Metaspace: 14336K(15296K)->14336K(15296K) NonClass: 12375K(12928K)->12375K(12928K) Class: 1960K(2368K)->1960K(2368K)
[406.017s][info][gc             ] GC(2330) Pause Young (Allocation Failure) 348M->10M(1022M) 2.234ms
[406.017s][info][gc,cpu         ] GC(2330) User=0.02s Sys=0.00s Real=0.00s
[406.219s][info][gc,start       ] GC(2331) Pause Young (Allocation Failure)
[406.221s][info][gc,heap        ] GC(2331) PSYoungGen: 347136K(347648K)->992K(347648K) Eden: 346112K(346112K)->0K(346112K) From: 1024K(1536K)->992K(1536K)
[406.221s][info][gc,heap        ] GC(2331) ParOldGen: 9480K(699392K)->9560K(699392K)
[406.221s][info][gc,metaspace   ] GC(2331) Metaspace: 14336K(15296K)->14336K(15296K) NonClass: 12375K(12928K)->12375K(12928K) Class: 1960K(2368K)->1960K(2368K)
[406.221s][info][gc             ] GC(2331) Pause Young (Allocation Failure) 348M->10M(1022M) 2.214ms
[406.221s][info][gc,cpu         ] GC(2331) User=0.00s Sys=0.00s Real=0.00s
[406.424s][info][gc,start       ] GC(2332) Pause Young (Allocation Failure)
[406.426s][info][gc,heap        ] GC(2332) PSYoungGen: 347104K(347648K)->992K(347648K) Eden: 346112K(346112K)->0K(346112K) From: 992K(1536K)->992K(1536K)
[406.426s][info][gc,heap        ] GC(2332) ParOldGen: 9560K(699392K)->9624K(699392K)
[406.426s][info][gc,metaspace   ] GC(2332) Metaspace: 14336K(15296K)->14336K(15296K) NonClass: 12375K(12928K)->12375K(12928K) Class: 1960K(2368K)->1960K(2368K)
[406.427s][info][gc             ] GC(2332) Pause Young (Allocation Failure) 348M->10M(1022M) 2.098ms
[406.427s][info][gc,cpu         ] GC(2332) User=0.00s Sys=0.00s Real=0.00s
[406.629s][info][gc,start       ] GC(2333) Pause Young (Allocation Failure)
[406.631s][info][gc,heap        ] GC(2333) PSYoungGen: 347104K(347648K)->992K(347648K) Eden: 346112K(346112K)->0K(346112K) From: 992K(1536K)->992K(1536K)
[406.631s][info][gc,heap        ] GC(2333) ParOldGen: 9624K(699392K)->9688K(699392K)
[406.631s][info][gc,metaspace   ] GC(2333) Metaspace: 14336K(15296K)->14336K(15296K) NonClass: 12375K(12928K)->12375K(12928K) Class: 1960K(2368K)->1960K(2368K)
[406.631s][info][gc             ] GC(2333) Pause Young (Allocation Failure) 348M->10M(1022M) 2.172ms
[406.631s][info][gc,cpu         ] GC(2333) User=0.00s Sys=0.00s Real=0.00s
[406.835s][info][gc,start       ] GC(2334) Pause Young (Allocation Failure)
[406.837s][info][gc,heap        ] GC(2334) PSYoungGen: 347104K(347648K)->1024K(347648K) Eden: 346112K(346112K)->0K(346112K) From: 992K(1536K)->1024K(1536K)
[406.837s][info][gc,heap        ] GC(2334) ParOldGen: 9688K(699392K)->9760K(699392K)
[406.837s][info][gc,metaspace   ] GC(2334) Metaspace: 14336K(15296K)->14336K(15296K) NonClass: 12375K(12928K)->12375K(12928K) Class: 1960K(2368K)->1960K(2368K)
[406.837s][info][gc             ] GC(2334) Pause Young (Allocation Failure) 348M->10M(1022M) 2.283ms
[406.837s][info][gc,cpu         ] GC(2334) User=0.00s Sys=0.00s Real=0.00s
[407.040s][info][gc,start       ] GC(2335) Pause Young (Allocation Failure)
[407.042s][info][gc,heap        ] GC(2335) PSYoungGen: 347136K(347648K)->1024K(347648K) Eden: 346112K(346112K)->0K(346112K) From: 1024K(1536K)->1024K(1536K)
[407.042s][info][gc,heap        ] GC(2335) ParOldGen: 9760K(699392K)->9856K(699392K)
[407.042s][info][gc,metaspace   ] GC(2335) Metaspace: 14336K(15296K)->14336K(15296K) NonClass: 12375K(12928K)->12375K(12928K) Class: 1960K(2368K)->1960K(2368K)
[407.042s][info][gc             ] GC(2335) Pause Young (Allocation Failure) 348M->10M(1022M) 2.240ms
[407.042s][info][gc,cpu         ] GC(2335) User=0.00s Sys=0.00s Real=0.00s
[407.245s][info][gc,start       ] GC(2336) Pause Young (Allocation Failure)
[407.247s][info][gc,heap        ] GC(2336) PSYoungGen: 347136K(347648K)->1024K(347648K) Eden: 346112K(346112K)->0K(346112K) From: 1024K(1536K)->1024K(1536K)
[407.248s][info][gc,heap        ] GC(2336) ParOldGen: 9856K(699392K)->9928K(699392K)
[407.248s][info][gc,metaspace   ] GC(2336) Metaspace: 14336K(15296K)->14336K(15296K) NonClass: 12375K(12928K)->12375K(12928K) Class: 1960K(2368K)->1960K(2368K)
[407.248s][info][gc             ] GC(2336) Pause Young (Allocation Failure) 348M->10M(1022M) 2.286ms
[407.248s][info][gc,cpu         ] GC(2336) User=0.00s Sys=0.00s Real=0.00s
[407.451s][info][gc,start       ] GC(2337) Pause Young (Allocation Failure)
[407.468s][info][gc,heap        ] GC(2337) PSYoungGen: 347136K(347648K)->992K(347648K) Eden: 346112K(346112K)->0K(346112K) From: 1024K(1536K)->992K(1536K)
[407.468s][info][gc,heap        ] GC(2337) ParOldGen: 9928K(699392K)->10000K(699392K)
[407.468s][info][gc,metaspace   ] GC(2337) Metaspace: 14336K(15296K)->14336K(15296K) NonClass: 12375K(12928K)->12375K(12928K) Class: 1960K(2368K)->1960K(2368K)
[407.468s][info][gc             ] GC(2337) Pause Young (Allocation Failure) 348M->10M(1022M) 16.434ms
[407.468s][info][gc,cpu         ] GC(2337) User=0.00s Sys=0.00s Real=0.02s
[407.673s][info][gc,start       ] GC(2338) Pause Young (Allocation Failure)
[407.676s][info][gc,heap        ] GC(2338) PSYoungGen: 347104K(347648K)->1024K(347648K) Eden: 346112K(346112K)->0K(346112K) From: 992K(1536K)->1024K(1536K)
[407.676s][info][gc,heap        ] GC(2338) ParOldGen: 10000K(699392K)->10072K(699392K)
[407.676s][info][gc,metaspace   ] GC(2338) Metaspace: 14336K(15296K)->14336K(15296K) NonClass: 12375K(12928K)->12375K(12928K) Class: 1960K(2368K)->1960K(2368K)
[407.676s][info][gc             ] GC(2338) Pause Young (Allocation Failure) 348M->10M(1022M) 2.336ms
[407.676s][info][gc,cpu         ] GC(2338) User=0.00s Sys=0.00s Real=0.00s
[407.880s][info][gc,start       ] GC(2339) Pause Young (Allocation Failure)
[407.882s][info][gc,heap        ] GC(2339) PSYoungGen: 347136K(347648K)->1024K(347648K) Eden: 346112K(346112K)->0K(346112K) From: 1024K(1536K)->1024K(1536K)
[407.882s][info][gc,heap        ] GC(2339) ParOldGen: 10072K(699392K)->10152K(699392K)
[407.882s][info][gc,metaspace   ] GC(2339) Metaspace: 14336K(15296K)->14336K(15296K) NonClass: 12375K(12928K)->12375K(12928K) Class: 1960K(2368K)->1960K(2368K)
[407.882s][info][gc             ] GC(2339) Pause Young (Allocation Failure) 348M->10M(1022M) 2.376ms
[407.882s][info][gc,cpu         ] GC(2339) User=0.00s Sys=0.00s Real=0.00s
[408.086s][info][gc,start       ] GC(2340) Pause Young (Allocation Failure)
[408.088s][info][gc,heap        ] GC(2340) PSYoungGen: 347136K(347648K)->992K(347648K) Eden: 346112K(346112K)->0K(346112K) From: 1024K(1536K)->992K(1536K)
[408.088s][info][gc,heap        ] GC(2340) ParOldGen: 10152K(699392K)->10256K(699392K)
[408.088s][info][gc,metaspace   ] GC(2340) Metaspace: 14336K(15296K)->14336K(15296K) NonClass: 12375K(12928K)->12375K(12928K) Class: 1960K(2368K)->1960K(2368K)
[408.088s][info][gc             ] GC(2340) Pause Young (Allocation Failure) 348M->10M(1022M) 2.432ms
[408.088s][info][gc,cpu         ] GC(2340) User=0.00s Sys=0.00s Real=0.00s
[408.293s][info][gc,start       ] GC(2341) Pause Young (Allocation Failure)
[408.295s][info][gc,heap        ] GC(2341) PSYoungGen: 347103K(347648K)->1024K(347648K) Eden: 346111K(346112K)->0K(346112K) From: 992K(1536K)->1024K(1536K)
[408.296s][info][gc,heap        ] GC(2341) ParOldGen: 10256K(699392K)->10352K(699392K)
[408.296s][info][gc,metaspace   ] GC(2341) Metaspace: 14336K(15296K)->14336K(15296K) NonClass: 12375K(12928K)->12375K(12928K) Class: 1960K(2368K)->1960K(2368K)
[408.296s][info][gc             ] GC(2341) Pause Young (Allocation Failure) 348M->11M(1022M) 2.436ms
[408.296s][info][gc,cpu         ] GC(2341) User=0.00s Sys=0.00s Real=0.00s
[408.500s][info][gc,start       ] GC(2342) Pause Young (Allocation Failure)
[408.502s][info][gc,heap        ] GC(2342) PSYoungGen: 347136K(347648K)->992K(347648K) Eden: 346112K(346112K)->0K(346112K) From: 1024K(1536K)->992K(1536K)
[408.502s][info][gc,heap        ] GC(2342) ParOldGen: 10352K(699392K)->10432K(699392K)
[408.502s][info][gc,metaspace   ] GC(2342) Metaspace: 14336K(15296K)->14336K(15296K) NonClass: 12375K(12928K)->12375K(12928K) Class: 1960K(2368K)->1960K(2368K)
[408.502s][info][gc             ] GC(2342) Pause Young (Allocation Failure) 349M->11M(1022M) 2.497ms
[408.502s][info][gc,cpu         ] GC(2342) User=0.33s Sys=0.02s Real=0.00s
[408.706s][info][gc,start       ] GC(2343) Pause Young (Allocation Failure)
[408.708s][info][gc,heap        ] GC(2343) PSYoungGen: 347104K(347648K)->1024K(347648K) Eden: 346112K(346112K)->0K(346112K) From: 992K(1536K)->1024K(1536K)
[408.708s][info][gc,heap        ] GC(2343) ParOldGen: 10432K(699392K)->10512K(699392K)
[408.708s][info][gc,metaspace   ] GC(2343) Metaspace: 14336K(15296K)->14336K(15296K) NonClass: 12375K(12928K)->12375K(12928K) Class: 1960K(2368K)->1960K(2368K)
[408.708s][info][gc             ] GC(2343) Pause Young (Allocation Failure) 349M->11M(1022M) 2.529ms
[408.708s][info][gc,cpu         ] GC(2343) User=0.00s Sys=0.00s Real=0.00s
[408.912s][info][gc,start       ] GC(2344) Pause Young (Allocation Failure)
[408.914s][info][gc,heap        ] GC(2344) PSYoungGen: 347136K(347648K)->960K(347648K) Eden: 346112K(346112K)->0K(346112K) From: 1024K(1536K)->960K(1536K)
[408.914s][info][gc,heap        ] GC(2344) ParOldGen: 10512K(699392K)->10584K(699392K)
[408.914s][info][gc,metaspace   ] GC(2344) Metaspace: 14336K(15296K)->14336K(15296K) NonClass: 12375K(12928K)->12375K(12928K) Class: 1960K(2368K)->1960K(2368K)
[408.914s][info][gc             ] GC(2344) Pause Young (Allocation Failure) 349M->11M(1022M) 2.520ms
[408.914s][info][gc,cpu         ] GC(2344) User=0.00s Sys=0.00s Real=0.00s
[409.269s][info][gc,start       ] GC(2345) Pause Young (Allocation Failure)
[409.272s][info][gc,heap        ] GC(2345) PSYoungGen: 347072K(347648K)->992K(347648K) Eden: 346112K(346112K)->0K(346112K) From: 960K(1536K)->992K(1536K)
[409.272s][info][gc,heap        ] GC(2345) ParOldGen: 10584K(699392K)->10656K(699392K)
[409.273s][info][gc,metaspace   ] GC(2345) Metaspace: 14336K(15296K)->14336K(15296K) NonClass: 12375K(12928K)->12375K(12928K) Class: 1960K(2368K)->1960K(2368K)
[409.273s][info][gc             ] GC(2345) Pause Young (Allocation Failure) 349M->11M(1022M) 3.363ms
[409.273s][info][gc,cpu         ] GC(2345) User=0.00s Sys=0.00s Real=0.00s
[409.482s][info][gc,start       ] GC(2346) Pause Young (Allocation Failure)
[409.484s][info][gc,heap        ] GC(2346) PSYoungGen: 347104K(347648K)->1024K(347648K) Eden: 346112K(346112K)->0K(346112K) From: 992K(1536K)->1024K(1536K)
[409.484s][info][gc,heap        ] GC(2346) ParOldGen: 10656K(699392K)->10744K(699392K)
[409.484s][info][gc,metaspace   ] GC(2346) Metaspace: 14336K(15296K)->14336K(15296K) NonClass: 12375K(12928K)->12375K(12928K) Class: 1960K(2368K)->1960K(2368K)
[409.484s][info][gc             ] GC(2346) Pause Young (Allocation Failure) 349M->11M(1022M) 2.381ms
[409.484s][info][gc,cpu         ] GC(2346) User=0.00s Sys=0.00s Real=0.00s
[409.688s][info][gc,start       ] GC(2347) Pause Young (Allocation Failure)
[409.690s][info][gc,heap        ] GC(2347) PSYoungGen: 347136K(347648K)->1024K(347648K) Eden: 346112K(346112K)->0K(346112K) From: 1024K(1536K)->1024K(1536K)
[409.690s][info][gc,heap        ] GC(2347) ParOldGen: 10744K(699392K)->10824K(699392K)
[409.690s][info][gc,metaspace   ] GC(2347) Metaspace: 14336K(15296K)->14336K(15296K) NonClass: 12375K(12928K)->12375K(12928K) Class: 1960K(2368K)->1960K(2368K)
[409.690s][info][gc             ] GC(2347) Pause Young (Allocation Failure) 349M->11M(1022M) 2.270ms
[409.690s][info][gc,cpu         ] GC(2347) User=0.00s Sys=0.00s Real=0.00s
[409.890s][info][gc,start       ] GC(2348) Pause Young (Allocation Failure)
[409.893s][info][gc,heap        ] GC(2348) PSYoungGen: 347136K(347648K)->1024K(347648K) Eden: 346112K(346112K)->0K(346112K) From: 1024K(1536K)->1024K(1536K)
[409.893s][info][gc,heap        ] GC(2348) ParOldGen: 10824K(699392K)->10920K(699392K)
[409.893s][info][gc,metaspace   ] GC(2348) Metaspace: 14336K(15296K)->14336K(15296K) NonClass: 12375K(12928K)->12375K(12928K) Class: 1960K(2368K)->1960K(2368K)
[409.893s][info][gc             ] GC(2348) Pause Young (Allocation Failure) 349M->11M(1022M) 2.232ms
[409.893s][info][gc,cpu         ] GC(2348) User=0.00s Sys=0.00s Real=0.00s
[410.094s][info][gc,start       ] GC(2349) Pause Young (Allocation Failure)
[410.096s][info][gc,heap        ] GC(2349) PSYoungGen: 347136K(347648K)->992K(347648K) Eden: 346112K(346112K)->0K(346112K) From: 1024K(1536K)->992K(1536K)
[410.096s][info][gc,heap        ] GC(2349) ParOldGen: 10920K(699392K)->11000K(699392K)
[410.096s][info][gc,metaspace   ] GC(2349) Metaspace: 14336K(15296K)->14336K(15296K) NonClass: 12375K(12928K)->12375K(12928K) Class: 1960K(2368K)->1960K(2368K)
[410.096s][info][gc             ] GC(2349) Pause Young (Allocation Failure) 349M->11M(1022M) 2.111ms
[410.097s][info][gc,cpu         ] GC(2349) User=0.00s Sys=0.00s Real=0.00s
[410.297s][info][gc,start       ] GC(2350) Pause Young (Allocation Failure)
[410.300s][info][gc,heap        ] GC(2350) PSYoungGen: 347104K(347648K)->992K(347648K) Eden: 346112K(346112K)->0K(346112K) From: 992K(1536K)->992K(1536K)
[410.300s][info][gc,heap        ] GC(2350) ParOldGen: 11000K(699392K)->11108K(699392K)
[410.300s][info][gc,metaspace   ] GC(2350) Metaspace: 14336K(15296K)->14336K(15296K) NonClass: 12375K(12928K)->12375K(12928K) Class: 1960K(2368K)->1960K(2368K)
[410.300s][info][gc             ] GC(2350) Pause Young (Allocation Failure) 349M->11M(1022M) 2.214ms
[410.300s][info][gc,cpu         ] GC(2350) User=0.00s Sys=0.00s Real=0.00s
[410.501s][info][gc,start       ] GC(2351) Pause Young (Allocation Failure)
[410.503s][info][gc,heap        ] GC(2351) PSYoungGen: 347104K(347648K)->960K(347648K) Eden: 346112K(346112K)->0K(346112K) From: 992K(1536K)->960K(1536K)
[410.503s][info][gc,heap        ] GC(2351) ParOldGen: 11108K(699392K)->11164K(699392K)
[410.503s][info][gc,metaspace   ] GC(2351) Metaspace: 14336K(15296K)->14336K(15296K) NonClass: 12375K(12928K)->12375K(12928K) Class: 1960K(2368K)->1960K(2368K)
[410.503s][info][gc             ] GC(2351) Pause Young (Allocation Failure) 349M->11M(1022M) 2.192ms
[410.503s][info][gc,cpu         ] GC(2351) User=0.00s Sys=0.00s Real=0.00s
[410.705s][info][gc,start       ] GC(2352) Pause Young (Allocation Failure)
[410.707s][info][gc,heap        ] GC(2352) PSYoungGen: 347072K(347648K)->1024K(347648K) Eden: 346112K(346112K)->0K(346112K) From: 960K(1536K)->1024K(1536K)
[410.707s][info][gc,heap        ] GC(2352) ParOldGen: 11164K(699392K)->11244K(699392K)
[410.707s][info][gc,metaspace   ] GC(2352) Metaspace: 14336K(15296K)->14336K(15296K) NonClass: 12375K(12928K)->12375K(12928K) Class: 1960K(2368K)->1960K(2368K)
[410.707s][info][gc             ] GC(2352) Pause Young (Allocation Failure) 349M->11M(1022M) 2.230ms
[410.707s][info][gc,cpu         ] GC(2352) User=0.00s Sys=0.00s Real=0.00s
[410.910s][info][gc,start       ] GC(2353) Pause Young (Allocation Failure)
[410.912s][info][gc,heap        ] GC(2353) PSYoungGen: 347136K(347648K)->1024K(347648K) Eden: 346112K(346112K)->0K(346112K) From: 1024K(1536K)->1024K(1536K)
[410.912s][info][gc,heap        ] GC(2353) ParOldGen: 11244K(699392K)->11324K(699392K)
[410.912s][info][gc,metaspace   ] GC(2353) Metaspace: 14336K(15296K)->14336K(15296K) NonClass: 12375K(12928K)->12375K(12928K) Class: 1960K(2368K)->1960K(2368K)
[410.912s][info][gc             ] GC(2353) Pause Young (Allocation Failure) 349M->12M(1022M) 2.245ms
[410.912s][info][gc,cpu         ] GC(2353) User=0.00s Sys=0.00s Real=0.00s
[411.114s][info][gc,start       ] GC(2354) Pause Young (Allocation Failure)
[411.116s][info][gc,heap        ] GC(2354) PSYoungGen: 347136K(347648K)->1024K(347648K) Eden: 346112K(346112K)->0K(346112K) From: 1024K(1536K)->1024K(1536K)
[411.116s][info][gc,heap        ] GC(2354) ParOldGen: 11324K(699392K)->11420K(699392K)
[411.116s][info][gc,metaspace   ] GC(2354) Metaspace: 14336K(15296K)->14336K(15296K) NonClass: 12375K(12928K)->12375K(12928K) Class: 1960K(2368K)->1960K(2368K)
[411.116s][info][gc             ] GC(2354) Pause Young (Allocation Failure) 350M->12M(1022M) 2.283ms
[411.116s][info][gc,cpu         ] GC(2354) User=0.00s Sys=0.00s Real=0.00s
[411.318s][info][gc,start       ] GC(2355) Pause Young (Allocation Failure)
[411.320s][info][gc,heap        ] GC(2355) PSYoungGen: 347136K(347648K)->992K(347648K) Eden: 346112K(346112K)->0K(346112K) From: 1024K(1536K)->992K(1536K)
[411.320s][info][gc,heap        ] GC(2355) ParOldGen: 11420K(699392K)->11500K(699392K)
[411.320s][info][gc,metaspace   ] GC(2355) Metaspace: 14336K(15296K)->14336K(15296K) NonClass: 12375K(12928K)->12375K(12928K) Class: 1960K(2368K)->1960K(2368K)
[411.320s][info][gc             ] GC(2355) Pause Young (Allocation Failure) 350M->12M(1022M) 2.237ms
[411.320s][info][gc,cpu         ] GC(2355) User=0.00s Sys=0.00s Real=0.00s
[411.522s][info][gc,start       ] GC(2356) Pause Young (Allocation Failure)
[411.524s][info][gc,heap        ] GC(2356) PSYoungGen: 347104K(347648K)->992K(347648K) Eden: 346112K(346112K)->0K(346112K) From: 992K(1536K)->992K(1536K)
[411.524s][info][gc,heap        ] GC(2356) ParOldGen: 11500K(699392K)->11572K(699392K)
[411.524s][info][gc,metaspace   ] GC(2356) Metaspace: 14336K(15296K)->14336K(15296K) NonClass: 12375K(12928K)->12375K(12928K) Class: 1960K(2368K)->1960K(2368K)
[411.524s][info][gc             ] GC(2356) Pause Young (Allocation Failure) 350M->12M(1022M) 2.317ms
[411.524s][info][gc,cpu         ] GC(2356) User=0.00s Sys=0.00s Real=0.00s
[411.726s][info][gc,start       ] GC(2357) Pause Young (Allocation Failure)
[411.729s][info][gc,heap        ] GC(2357) PSYoungGen: 347104K(347648K)->1024K(347648K) Eden: 346112K(346112K)->0K(346112K) From: 992K(1536K)->1024K(1536K)
[411.729s][info][gc,heap        ] GC(2357) ParOldGen: 11572K(699392K)->11644K(699392K)
[411.729s][info][gc,metaspace   ] GC(2357) Metaspace: 14336K(15296K)->14336K(15296K) NonClass: 12375K(12928K)->12375K(12928K) Class: 1960K(2368K)->1960K(2368K)
[411.729s][info][gc             ] GC(2357) Pause Young (Allocation Failure) 350M->12M(1022M) 2.355ms
[411.729s][info][gc,cpu         ] GC(2357) User=0.00s Sys=0.00s Real=0.00s
[411.931s][info][gc,start       ] GC(2358) Pause Young (Allocation Failure)
[411.933s][info][gc,heap        ] GC(2358) PSYoungGen: 347136K(347648K)->1024K(347648K) Eden: 346112K(346112K)->0K(346112K) From: 1024K(1536K)->1024K(1536K)
[411.933s][info][gc,heap        ] GC(2358) ParOldGen: 11644K(699392K)->11732K(699392K)
[411.933s][info][gc,metaspace   ] GC(2358) Metaspace: 14336K(15296K)->14336K(15296K) NonClass: 12375K(12928K)->12375K(12928K) Class: 1960K(2368K)->1960K(2368K)
[411.933s][info][gc             ] GC(2358) Pause Young (Allocation Failure) 350M->12M(1022M) 2.415ms
[411.933s][info][gc,cpu         ] GC(2358) User=0.00s Sys=0.00s Real=0.00s
[412.134s][info][gc,start       ] GC(2359) Pause Young (Allocation Failure)
[412.137s][info][gc,heap        ] GC(2359) PSYoungGen: 347136K(347648K)->992K(347648K) Eden: 346112K(346112K)->0K(346112K) From: 1024K(1536K)->992K(1536K)
[412.137s][info][gc,heap        ] GC(2359) ParOldGen: 11732K(699392K)->11788K(699392K)
[412.137s][info][gc,metaspace   ] GC(2359) Metaspace: 14336K(15296K)->14336K(15296K) NonClass: 12375K(12928K)->12375K(12928K) Class: 1960K(2368K)->1960K(2368K)
[412.137s][info][gc             ] GC(2359) Pause Young (Allocation Failure) 350M->12M(1022M) 2.427ms
[412.137s][info][gc,cpu         ] GC(2359) User=0.00s Sys=0.00s Real=0.00s
[412.339s][info][gc,start       ] GC(2360) Pause Young (Allocation Failure)
[412.342s][info][gc,heap        ] GC(2360) PSYoungGen: 347104K(347648K)->1024K(347648K) Eden: 346112K(346112K)->0K(346112K) From: 992K(1536K)->1024K(1536K)
[412.342s][info][gc,heap        ] GC(2360) ParOldGen: 11788K(699392K)->11868K(699392K)
[412.342s][info][gc,metaspace   ] GC(2360) Metaspace: 14336K(15296K)->14336K(15296K) NonClass: 12375K(12928K)->12375K(12928K) Class: 1960K(2368K)->1960K(2368K)
[412.342s][info][gc             ] GC(2360) Pause Young (Allocation Failure) 350M->12M(1022M) 2.464ms
[412.342s][info][gc,cpu         ] GC(2360) User=0.00s Sys=0.00s Real=0.00s
[412.544s][info][gc,start       ] GC(2361) Pause Young (Allocation Failure)
[412.547s][info][gc,heap        ] GC(2361) PSYoungGen: 347136K(347648K)->1024K(347648K) Eden: 346112K(346112K)->0K(346112K) From: 1024K(1536K)->1024K(1536K)
[412.547s][info][gc,heap        ] GC(2361) ParOldGen: 11868K(699392K)->11956K(699392K)
[412.547s][info][gc,metaspace   ] GC(2361) Metaspace: 14336K(15296K)->14336K(15296K) NonClass: 12375K(12928K)->12375K(12928K) Class: 1960K(2368K)->1960K(2368K)
[412.547s][info][gc             ] GC(2361) Pause Young (Allocation Failure) 350M->12M(1022M) 2.500ms
[412.547s][info][gc,cpu         ] GC(2361) User=0.00s Sys=0.00s Real=0.00s
[412.749s][info][gc,start       ] GC(2362) Pause Young (Allocation Failure)
[412.751s][info][gc,heap        ] GC(2362) PSYoungGen: 347136K(347648K)->1024K(347648K) Eden: 346112K(346112K)->0K(346112K) From: 1024K(1536K)->1024K(1536K)
[412.751s][info][gc,heap        ] GC(2362) ParOldGen: 11956K(699392K)->12028K(699392K)
[412.751s][info][gc,metaspace   ] GC(2362) Metaspace: 14336K(15296K)->14336K(15296K) NonClass: 12375K(12928K)->12375K(12928K) Class: 1960K(2368K)->1960K(2368K)
[412.751s][info][gc             ] GC(2362) Pause Young (Allocation Failure) 350M->12M(1022M) 2.508ms
[412.751s][info][gc,cpu         ] GC(2362) User=0.52s Sys=0.00s Real=0.00s
[412.952s][info][gc,start       ] GC(2363) Pause Young (Allocation Failure)
[412.955s][info][gc,heap        ] GC(2363) PSYoungGen: 347136K(347648K)->960K(347648K) Eden: 346112K(346112K)->0K(346112K) From: 1024K(1536K)->960K(1536K)
[412.955s][info][gc,heap        ] GC(2363) ParOldGen: 12028K(699392K)->12108K(699392K)
[412.955s][info][gc,metaspace   ] GC(2363) Metaspace: 14336K(15296K)->14336K(15296K) NonClass: 12375K(12928K)->12375K(12928K) Class: 1960K(2368K)->1960K(2368K)
[412.955s][info][gc             ] GC(2363) Pause Young (Allocation Failure) 350M->12M(1022M) 2.497ms
[412.955s][info][gc,cpu         ] GC(2363) User=0.52s Sys=0.00s Real=0.00s
[413.157s][info][gc,start       ] GC(2364) Pause Young (Allocation Failure)
[413.160s][info][gc,heap        ] GC(2364) PSYoungGen: 347072K(347648K)->1024K(347648K) Eden: 346112K(346112K)->0K(346112K) From: 960K(1536K)->1024K(1536K)
[413.160s][info][gc,heap        ] GC(2364) ParOldGen: 12108K(699392K)->12180K(699392K)
[413.160s][info][gc,metaspace   ] GC(2364) Metaspace: 14336K(15296K)->14336K(15296K) NonClass: 12375K(12928K)->12375K(12928K) Class: 1960K(2368K)->1960K(2368K)
[413.160s][info][gc             ] GC(2364) Pause Young (Allocation Failure) 350M->12M(1022M) 2.526ms
[413.160s][info][gc,cpu         ] GC(2364) User=0.00s Sys=0.00s Real=0.00s
[413.362s][info][gc,start       ] GC(2365) Pause Young (Allocation Failure)
[413.364s][info][gc,heap        ] GC(2365) PSYoungGen: 347136K(347648K)->1024K(347648K) Eden: 346112K(346112K)->0K(346112K) From: 1024K(1536K)->1024K(1536K)
[413.364s][info][gc,heap        ] GC(2365) ParOldGen: 12180K(699392K)->12268K(699392K)
[413.364s][info][gc,metaspace   ] GC(2365) Metaspace: 14336K(15296K)->14336K(15296K) NonClass: 12375K(12928K)->12375K(12928K) Class: 1960K(2368K)->1960K(2368K)
[413.364s][info][gc             ] GC(2365) Pause Young (Allocation Failure) 350M->12M(1022M) 2.303ms
[413.364s][info][gc,cpu         ] GC(2365) User=0.00s Sys=0.00s Real=0.00s
[413.565s][info][gc,start       ] GC(2366) Pause Young (Allocation Failure)
[413.567s][info][gc,heap        ] GC(2366) PSYoungGen: 347136K(347648K)->1024K(347648K) Eden: 346112K(346112K)->0K(346112K) From: 1024K(1536K)->1024K(1536K)
[413.567s][info][gc,heap        ] GC(2366) ParOldGen: 12268K(699392K)->12340K(699392K)
[413.567s][info][gc,metaspace   ] GC(2366) Metaspace: 14336K(15296K)->14336K(15296K) NonClass: 12375K(12928K)->12375K(12928K) Class: 1960K(2368K)->1960K(2368K)
[413.567s][info][gc             ] GC(2366) Pause Young (Allocation Failure) 350M->13M(1022M) 2.201ms
[413.567s][info][gc,cpu         ] GC(2366) User=0.00s Sys=0.00s Real=0.00s
[413.770s][info][gc,start       ] GC(2367) Pause Young (Allocation Failure)
[413.772s][info][gc,heap        ] GC(2367) PSYoungGen: 347136K(347648K)->1024K(347648K) Eden: 346112K(346112K)->0K(346112K) From: 1024K(1536K)->1024K(1536K)
[413.772s][info][gc,heap        ] GC(2367) ParOldGen: 12340K(699392K)->12396K(699392K)
[413.772s][info][gc,metaspace   ] GC(2367) Metaspace: 14336K(15296K)->14336K(15296K) NonClass: 12375K(12928K)->12375K(12928K) Class: 1960K(2368K)->1960K(2368K)
[413.772s][info][gc             ] GC(2367) Pause Young (Allocation Failure) 351M->13M(1022M) 2.032ms
[413.772s][info][gc,cpu         ] GC(2367) User=0.00s Sys=0.00s Real=0.00s
[413.973s][info][gc,start       ] GC(2368) Pause Young (Allocation Failure)
[413.975s][info][gc,heap        ] GC(2368) PSYoungGen: 347136K(347648K)->1024K(347648K) Eden: 346112K(346112K)->0K(346112K) From: 1024K(1536K)->1024K(1536K)
[413.975s][info][gc,heap        ] GC(2368) ParOldGen: 12396K(699392K)->12476K(699392K)
[413.975s][info][gc,metaspace   ] GC(2368) Metaspace: 14336K(15296K)->14336K(15296K) NonClass: 12375K(12928K)->12375K(12928K) Class: 1960K(2368K)->1960K(2368K)
[413.975s][info][gc             ] GC(2368) Pause Young (Allocation Failure) 351M->13M(1022M) 2.123ms
[413.975s][info][gc,cpu         ] GC(2368) User=0.00s Sys=0.00s Real=0.00s
[414.176s][info][gc,start       ] GC(2369) Pause Young (Allocation Failure)
[414.178s][info][gc,heap        ] GC(2369) PSYoungGen: 347136K(347648K)->992K(347648K) Eden: 346112K(346112K)->0K(346112K) From: 1024K(1536K)->992K(1536K)
[414.178s][info][gc,heap        ] GC(2369) ParOldGen: 12476K(699392K)->12524K(699392K)
[414.178s][info][gc,metaspace   ] GC(2369) Metaspace: 14336K(15296K)->14336K(15296K) NonClass: 12375K(12928K)->12375K(12928K) Class: 1960K(2368K)->1960K(2368K)
[414.178s][info][gc             ] GC(2369) Pause Young (Allocation Failure) 351M->13M(1022M) 2.114ms
[414.178s][info][gc,cpu         ] GC(2369) User=0.00s Sys=0.00s Real=0.00s
[414.381s][info][gc,start       ] GC(2370) Pause Young (Allocation Failure)
[414.383s][info][gc,heap        ] GC(2370) PSYoungGen: 347104K(347648K)->992K(347648K) Eden: 346112K(346112K)->0K(346112K) From: 992K(1536K)->992K(1536K)
[414.383s][info][gc,heap        ] GC(2370) ParOldGen: 12524K(699392K)->12588K(699392K)
[414.383s][info][gc,metaspace   ] GC(2370) Metaspace: 14336K(15296K)->14336K(15296K) NonClass: 12375K(12928K)->12375K(12928K) Class: 1960K(2368K)->1960K(2368K)
[414.383s][info][gc             ] GC(2370) Pause Young (Allocation Failure) 351M->13M(1022M) 2.168ms
[414.383s][info][gc,cpu         ] GC(2370) User=0.00s Sys=0.00s Real=0.00s
[414.587s][info][gc,start       ] GC(2371) Pause Young (Allocation Failure)
[414.589s][info][gc,heap        ] GC(2371) PSYoungGen: 347104K(347648K)->992K(347648K) Eden: 346112K(346112K)->0K(346112K) From: 992K(1536K)->992K(1536K)
[414.589s][info][gc,heap        ] GC(2371) ParOldGen: 12588K(699392K)->12644K(699392K)
[414.589s][info][gc,metaspace   ] GC(2371) Metaspace: 14336K(15296K)->14336K(15296K) NonClass: 12375K(12928K)->12375K(12928K) Class: 1960K(2368K)->1960K(2368K)
[414.589s][info][gc             ] GC(2371) Pause Young (Allocation Failure) 351M->13M(1022M) 2.175ms
[414.589s][info][gc,cpu         ] GC(2371) User=0.00s Sys=0.00s Real=0.00s
[414.806s][info][gc,start       ] GC(2372) Pause Young (Allocation Failure)
[414.808s][info][gc,heap        ] GC(2372) PSYoungGen: 347104K(347648K)->1024K(337408K) Eden: 346112K(346112K)->0K(336384K) From: 992K(1536K)->1024K(1024K)
[414.808s][info][gc,heap        ] GC(2372) ParOldGen: 12644K(699392K)->12708K(699392K)
[414.808s][info][gc,metaspace   ] GC(2372) Metaspace: 14336K(15296K)->14336K(15296K) NonClass: 12375K(12928K)->12375K(12928K) Class: 1960K(2368K)->1960K(2368K)
[414.808s][info][gc             ] GC(2372) Pause Young (Allocation Failure) 351M->13M(1012M) 2.227ms
[414.808s][info][gc,cpu         ] GC(2372) User=0.00s Sys=0.00s Real=0.00s
[415.014s][info][gc,start       ] GC(2373) Pause Young (Allocation Failure)
[415.016s][info][gc,heap        ] GC(2373) PSYoungGen: 337408K(337408K)->672K(347136K) Eden: 336384K(336384K)->0K(345600K) From: 1024K(1024K)->672K(1536K)
[415.016s][info][gc,heap        ] GC(2373) ParOldGen: 12708K(699392K)->12780K(699392K)
[415.016s][info][gc,metaspace   ] GC(2373) Metaspace: 14336K(15296K)->14336K(15296K) NonClass: 12375K(12928K)->12375K(12928K) Class: 1960K(2368K)->1960K(2368K)
[415.016s][info][gc             ] GC(2373) Pause Young (Allocation Failure) 341M->13M(1022M) 2.326ms
[415.016s][info][gc,cpu         ] GC(2373) User=0.52s Sys=0.00s Real=0.00s
[415.258s][info][gc,start       ] GC(2374) Pause Young (System.gc())
[415.261s][info][gc,heap        ] GC(2374) PSYoungGen: 317909K(347136K)->608K(347648K) Eden: 317237K(345600K)->0K(346112K) From: 672K(1536K)->608K(1536K)
[415.261s][info][gc,heap        ] GC(2374) ParOldGen: 12780K(699392K)->12876K(699392K)
[415.261s][info][gc,metaspace   ] GC(2374) Metaspace: 14339K(15296K)->14339K(15296K) NonClass: 12378K(12928K)->12378K(12928K) Class: 1960K(2368K)->1960K(2368K)
[415.261s][info][gc             ] GC(2374) Pause Young (System.gc()) 322M->13M(1022M) 2.681ms
[415.261s][info][gc,cpu         ] GC(2374) User=0.00s Sys=0.00s Real=0.00s
[415.261s][info][gc,start       ] GC(2375) Pause Full (System.gc())
[415.261s][info][gc,phases,start] GC(2375) Marking Phase
[415.275s][info][gc,phases      ] GC(2375) Marking Phase 13.466ms
[415.275s][info][gc,phases,start] GC(2375) Summary Phase
[415.275s][info][gc,phases      ] GC(2375) Summary Phase 0.029ms
[415.275s][info][gc,phases,start] GC(2375) Adjust Roots
[415.281s][info][gc,phases      ] GC(2375) Adjust Roots 6.298ms
[415.281s][info][gc,phases,start] GC(2375) Compaction Phase
[415.283s][info][gc,phases      ] GC(2375) Compaction Phase 2.234ms
[415.283s][info][gc,phases,start] GC(2375) Post Compact
[415.284s][info][gc,phases      ] GC(2375) Post Compact 0.307ms
[415.284s][info][gc,heap        ] GC(2375) PSYoungGen: 608K(347648K)->0K(347648K) Eden: 0K(346112K)->0K(346112K) From: 608K(1536K)->0K(1536K)
[415.284s][info][gc,heap        ] GC(2375) ParOldGen: 12876K(699392K)->5374K(699392K)
[415.284s][info][gc,metaspace   ] GC(2375) Metaspace: 14339K(15296K)->14339K(15296K) NonClass: 12378K(12928K)->12378K(12928K) Class: 1960K(2368K)->1960K(2368K)
[415.284s][info][gc             ] GC(2375) Pause Full (System.gc()) 13M->5M(1022M) 22.591ms
[415.284s][info][gc,cpu         ] GC(2375) User=0.42s Sys=0.00s Real=0.02s
[415.496s][info][gc,start       ] GC(2376) Pause Young (Allocation Failure)
[415.499s][info][gc,heap        ] GC(2376) PSYoungGen: 346112K(347648K)->1536K(347648K) Eden: 346112K(346112K)->0K(346112K) From: 0K(1536K)->1536K(1536K)
[415.499s][info][gc,heap        ] GC(2376) ParOldGen: 5374K(699392K)->5600K(699392K)
[415.499s][info][gc,metaspace   ] GC(2376) Metaspace: 14340K(15296K)->14340K(15296K) NonClass: 12380K(12928K)->12380K(12928K) Class: 1960K(2368K)->1960K(2368K)
[415.499s][info][gc             ] GC(2376) Pause Young (Allocation Failure) 343M->6M(1022M) 2.505ms
[415.499s][info][gc,cpu         ] GC(2376) User=0.00s Sys=0.00s Real=0.00s
[415.695s][info][gc,start       ] GC(2377) Pause Young (Allocation Failure)
[415.697s][info][gc,heap        ] GC(2377) PSYoungGen: 347648K(347648K)->1024K(347648K) Eden: 346112K(346112K)->0K(346112K) From: 1536K(1536K)->1024K(1536K)
[415.697s][info][gc,heap        ] GC(2377) ParOldGen: 5600K(699392K)->7092K(699392K)
[415.697s][info][gc,metaspace   ] GC(2377) Metaspace: 14340K(15296K)->14340K(15296K) NonClass: 12380K(12928K)->12380K(12928K) Class: 1960K(2368K)->1960K(2368K)
[415.698s][info][gc             ] GC(2377) Pause Young (Allocation Failure) 344M->7M(1022M) 2.547ms
[415.698s][info][gc,cpu         ] GC(2377) User=0.00s Sys=0.00s Real=0.00s
[415.898s][info][gc,start       ] GC(2378) Pause Young (Allocation Failure)
[415.901s][info][gc,heap        ] GC(2378) PSYoungGen: 347136K(347648K)->1024K(347648K) Eden: 346112K(346112K)->0K(346112K) From: 1024K(1536K)->1024K(1536K)
[415.901s][info][gc,heap        ] GC(2378) ParOldGen: 7092K(699392K)->7180K(699392K)
[415.901s][info][gc,metaspace   ] GC(2378) Metaspace: 14340K(15296K)->14340K(15296K) NonClass: 12380K(12928K)->12380K(12928K) Class: 1960K(2368K)->1960K(2368K)
[415.901s][info][gc             ] GC(2378) Pause Young (Allocation Failure) 345M->8M(1022M) 2.390ms
[415.901s][info][gc,cpu         ] GC(2378) User=0.00s Sys=0.00s Real=0.00s
[416.101s][info][gc,start       ] GC(2379) Pause Young (Allocation Failure)
[416.104s][info][gc,heap        ] GC(2379) PSYoungGen: 347136K(347648K)->1024K(347648K) Eden: 346112K(346112K)->0K(346112K) From: 1024K(1536K)->1024K(1536K)
[416.104s][info][gc,heap        ] GC(2379) ParOldGen: 7180K(699392K)->7268K(699392K)
[416.104s][info][gc,metaspace   ] GC(2379) Metaspace: 14340K(15296K)->14340K(15296K) NonClass: 12380K(12928K)->12380K(12928K) Class: 1960K(2368K)->1960K(2368K)
[416.104s][info][gc             ] GC(2379) Pause Young (Allocation Failure) 346M->8M(1022M) 2.389ms
[416.104s][info][gc,cpu         ] GC(2379) User=0.00s Sys=0.00s Real=0.00s
[416.305s][info][gc,start       ] GC(2380) Pause Young (Allocation Failure)
[416.307s][info][gc,heap        ] GC(2380) PSYoungGen: 347136K(347648K)->1024K(347648K) Eden: 346112K(346112K)->0K(346112K) From: 1024K(1536K)->1024K(1536K)
[416.307s][info][gc,heap        ] GC(2380) ParOldGen: 7268K(699392K)->7348K(699392K)
[416.307s][info][gc,metaspace   ] GC(2380) Metaspace: 14340K(15296K)->14340K(15296K) NonClass: 12380K(12928K)->12380K(12928K) Class: 1960K(2368K)->1960K(2368K)
[416.307s][info][gc             ] GC(2380) Pause Young (Allocation Failure) 346M->8M(1022M) 2.427ms
[416.307s][info][gc,cpu         ] GC(2380) User=0.00s Sys=0.00s Real=0.00s
[416.509s][info][gc,start       ] GC(2381) Pause Young (Allocation Failure)
[416.511s][info][gc,heap        ] GC(2381) PSYoungGen: 347136K(347648K)->992K(347648K) Eden: 346112K(346112K)->0K(346112K) From: 1024K(1536K)->992K(1536K)
[416.511s][info][gc,heap        ] GC(2381) ParOldGen: 7348K(699392K)->7420K(699392K)
[416.511s][info][gc,metaspace   ] GC(2381) Metaspace: 14340K(15296K)->14340K(15296K) NonClass: 12380K(12928K)->12380K(12928K) Class: 1960K(2368K)->1960K(2368K)
[416.511s][info][gc             ] GC(2381) Pause Young (Allocation Failure) 346M->8M(1022M) 2.463ms
[416.511s][info][gc,cpu         ] GC(2381) User=0.00s Sys=0.00s Real=0.00s
[416.714s][info][gc,start       ] GC(2382) Pause Young (Allocation Failure)
[416.717s][info][gc,heap        ] GC(2382) PSYoungGen: 347104K(347648K)->1024K(347648K) Eden: 346112K(346112K)->0K(346112K) From: 992K(1536K)->1024K(1536K)
[416.717s][info][gc,heap        ] GC(2382) ParOldGen: 7420K(699392K)->7508K(699392K)
[416.717s][info][gc,metaspace   ] GC(2382) Metaspace: 14340K(15296K)->14340K(15296K) NonClass: 12380K(12928K)->12380K(12928K) Class: 1960K(2368K)->1960K(2368K)
[416.717s][info][gc             ] GC(2382) Pause Young (Allocation Failure) 346M->8M(1022M) 2.471ms
[416.717s][info][gc,cpu         ] GC(2382) User=0.00s Sys=0.00s Real=0.00s
[416.926s][info][gc,start       ] GC(2383) Pause Young (Allocation Failure)
[416.928s][info][gc,heap        ] GC(2383) PSYoungGen: 347136K(347648K)->992K(347648K) Eden: 346112K(346112K)->0K(346112K) From: 1024K(1536K)->992K(1536K)
[416.929s][info][gc,heap        ] GC(2383) ParOldGen: 7508K(699392K)->7580K(699392K)
[416.929s][info][gc,metaspace   ] GC(2383) Metaspace: 14340K(15296K)->14340K(15296K) NonClass: 12380K(12928K)->12380K(12928K) Class: 1960K(2368K)->1960K(2368K)
[416.929s][info][gc             ] GC(2383) Pause Young (Allocation Failure) 346M->8M(1022M) 2.605ms
[416.929s][info][gc,cpu         ] GC(2383) User=0.00s Sys=0.00s Real=0.00s
[417.131s][info][gc,start       ] GC(2384) Pause Young (Allocation Failure)
[417.133s][info][gc,heap        ] GC(2384) PSYoungGen: 347104K(347648K)->1024K(347648K) Eden: 346112K(346112K)->0K(346112K) From: 992K(1536K)->1024K(1536K)
[417.133s][info][gc,heap        ] GC(2384) ParOldGen: 7580K(699392K)->7652K(699392K)
[417.133s][info][gc,metaspace   ] GC(2384) Metaspace: 14340K(15296K)->14340K(15296K) NonClass: 12380K(12928K)->12380K(12928K) Class: 1960K(2368K)->1960K(2368K)
[417.134s][info][gc             ] GC(2384) Pause Young (Allocation Failure) 346M->8M(1022M) 2.352ms
[417.134s][info][gc,cpu         ] GC(2384) User=0.00s Sys=0.00s Real=0.00s
[417.337s][info][gc,start       ] GC(2385) Pause Young (Allocation Failure)
[417.339s][info][gc,heap        ] GC(2385) PSYoungGen: 347136K(347648K)->992K(347648K) Eden: 346112K(346112K)->0K(346112K) From: 1024K(1536K)->992K(1536K)
[417.340s][info][gc,heap        ] GC(2385) ParOldGen: 7652K(699392K)->7748K(699392K)
[417.340s][info][gc,metaspace   ] GC(2385) Metaspace: 14340K(15296K)->14340K(15296K) NonClass: 12380K(12928K)->12380K(12928K) Class: 1960K(2368K)->1960K(2368K)
[417.340s][info][gc             ] GC(2385) Pause Young (Allocation Failure) 346M->8M(1022M) 2.104ms
[417.340s][info][gc,cpu         ] GC(2385) User=0.00s Sys=0.00s Real=0.00s
[417.542s][info][gc,start       ] GC(2386) Pause Young (Allocation Failure)
[417.544s][info][gc,heap        ] GC(2386) PSYoungGen: 347104K(347648K)->992K(347648K) Eden: 346112K(346112K)->0K(346112K) From: 992K(1536K)->992K(1536K)
[417.544s][info][gc,heap        ] GC(2386) ParOldGen: 7748K(699392K)->7852K(699392K)
[417.545s][info][gc,metaspace   ] GC(2386) Metaspace: 14340K(15296K)->14340K(15296K) NonClass: 12380K(12928K)->12380K(12928K) Class: 1960K(2368K)->1960K(2368K)
[417.545s][info][gc             ] GC(2386) Pause Young (Allocation Failure) 346M->8M(1022M) 2.096ms
[417.545s][info][gc,cpu         ] GC(2386) User=0.00s Sys=0.00s Real=0.00s
[417.745s][info][gc,start       ] GC(2387) Pause Young (Allocation Failure)
[417.747s][info][gc,heap        ] GC(2387) PSYoungGen: 347104K(347648K)->1024K(347648K) Eden: 346112K(346112K)->0K(346112K) From: 992K(1536K)->1024K(1536K)
[417.747s][info][gc,heap        ] GC(2387) ParOldGen: 7852K(699392K)->7964K(699392K)
[417.747s][info][gc,metaspace   ] GC(2387) Metaspace: 14340K(15296K)->14340K(15296K) NonClass: 12380K(12928K)->12380K(12928K) Class: 1960K(2368K)->1960K(2368K)
[417.747s][info][gc             ] GC(2387) Pause Young (Allocation Failure) 346M->8M(1022M) 2.099ms
[417.747s][info][gc,cpu         ] GC(2387) User=0.00s Sys=0.00s Real=0.00s
[417.949s][info][gc,start       ] GC(2388) Pause Young (Allocation Failure)
[417.951s][info][gc,heap        ] GC(2388) PSYoungGen: 347136K(347648K)->1024K(337408K) Eden: 346112K(346112K)->0K(336384K) From: 1024K(1536K)->1024K(1024K)
[417.951s][info][gc,heap        ] GC(2388) ParOldGen: 7964K(699392K)->8036K(699392K)
[417.951s][info][gc,metaspace   ] GC(2388) Metaspace: 14340K(15296K)->14340K(15296K) NonClass: 12380K(12928K)->12380K(12928K) Class: 1960K(2368K)->1960K(2368K)
[417.951s][info][gc             ] GC(2388) Pause Young (Allocation Failure) 346M->8M(1012M) 2.088ms
[417.951s][info][gc,cpu         ] GC(2388) User=0.00s Sys=0.00s Real=0.00s
[418.149s][info][gc,start       ] GC(2389) Pause Young (Allocation Failure)
[418.151s][info][gc,heap        ] GC(2389) PSYoungGen: 337408K(337408K)->992K(328192K) Eden: 336384K(336384K)->0K(327168K) From: 1024K(1024K)->992K(1024K)
[418.151s][info][gc,heap        ] GC(2389) ParOldGen: 8036K(699392K)->8108K(699392K)
[418.151s][info][gc,metaspace   ] GC(2389) Metaspace: 14340K(15296K)->14340K(15296K) NonClass: 12380K(12928K)->12380K(12928K) Class: 1960K(2368K)->1960K(2368K)
[418.151s][info][gc             ] GC(2389) Pause Young (Allocation Failure) 337M->8M(1003M) 2.170ms
[418.151s][info][gc,cpu         ] GC(2389) User=0.00s Sys=0.00s Real=0.00s
[418.343s][info][gc,start       ] GC(2390) Pause Young (Allocation Failure)
[418.345s][info][gc,heap        ] GC(2390) PSYoungGen: 328160K(328192K)->992K(346624K) Eden: 327168K(327168K)->0K(345088K) From: 992K(1024K)->992K(1536K)
[418.345s][info][gc,heap        ] GC(2390) ParOldGen: 8108K(699392K)->8212K(699392K)
[418.345s][info][gc,metaspace   ] GC(2390) Metaspace: 14340K(15296K)->14340K(15296K) NonClass: 12380K(12928K)->12380K(12928K) Class: 1960K(2368K)->1960K(2368K)
[418.345s][info][gc             ] GC(2390) Pause Young (Allocation Failure) 328M->8M(1021M) 2.149ms
[418.345s][info][gc,cpu         ] GC(2390) User=0.52s Sys=0.00s Real=0.00s
[418.549s][info][gc,start       ] GC(2391) Pause Young (Allocation Failure)
[418.551s][info][gc,heap        ] GC(2391) PSYoungGen: 346080K(346624K)->1024K(336384K) Eden: 345088K(345088K)->0K(335360K) From: 992K(1536K)->1024K(1024K)
[418.551s][info][gc,heap        ] GC(2391) ParOldGen: 8212K(699392K)->8276K(699392K)
[418.551s][info][gc,metaspace   ] GC(2391) Metaspace: 14340K(15296K)->14340K(15296K) NonClass: 12380K(12928K)->12380K(12928K) Class: 1960K(2368K)->1960K(2368K)
[418.551s][info][gc             ] GC(2391) Pause Young (Allocation Failure) 345M->9M(1011M) 2.167ms
[418.551s][info][gc,cpu         ] GC(2391) User=0.00s Sys=0.00s Real=0.00s
[418.750s][info][gc,start       ] GC(2392) Pause Young (Allocation Failure)
[418.752s][info][gc,heap        ] GC(2392) PSYoungGen: 336384K(336384K)->1024K(347136K) Eden: 335360K(335360K)->0K(345600K) From: 1024K(1024K)->1024K(1536K)
[418.752s][info][gc,heap        ] GC(2392) ParOldGen: 8276K(699392K)->8364K(699392K)
[418.752s][info][gc,metaspace   ] GC(2392) Metaspace: 14340K(15296K)->14340K(15296K) NonClass: 12380K(12928K)->12380K(12928K) Class: 1960K(2368K)->1960K(2368K)
[418.752s][info][gc             ] GC(2392) Pause Young (Allocation Failure) 336M->9M(1022M) 2.208ms
[418.752s][info][gc,cpu         ] GC(2392) User=0.00s Sys=0.00s Real=0.00s
[418.954s][info][gc,start       ] GC(2393) Pause Young (Allocation Failure)
[418.956s][info][gc,heap        ] GC(2393) PSYoungGen: 346624K(347136K)->1024K(347648K) Eden: 345600K(345600K)->0K(346112K) From: 1024K(1536K)->1024K(1536K)
[418.956s][info][gc,heap        ] GC(2393) ParOldGen: 8364K(699392K)->8436K(699392K)
[418.956s][info][gc,metaspace   ] GC(2393) Metaspace: 14340K(15296K)->14340K(15296K) NonClass: 12380K(12928K)->12380K(12928K) Class: 1960K(2368K)->1960K(2368K)
[418.956s][info][gc             ] GC(2393) Pause Young (Allocation Failure) 346M->9M(1022M) 2.223ms
[418.956s][info][gc,cpu         ] GC(2393) User=0.00s Sys=0.00s Real=0.00s
[419.160s][info][gc,start       ] GC(2394) Pause Young (Allocation Failure)
[419.162s][info][gc,heap        ] GC(2394) PSYoungGen: 347136K(347648K)->1024K(347648K) Eden: 346112K(346112K)->0K(346112K) From: 1024K(1536K)->1024K(1536K)
[419.162s][info][gc,heap        ] GC(2394) ParOldGen: 8436K(699392K)->8508K(699392K)
[419.162s][info][gc,metaspace   ] GC(2394) Metaspace: 14340K(15296K)->14340K(15296K) NonClass: 12380K(12928K)->12380K(12928K) Class: 1960K(2368K)->1960K(2368K)
[419.162s][info][gc             ] GC(2394) Pause Young (Allocation Failure) 347M->9M(1022M) 2.253ms
[419.162s][info][gc,cpu         ] GC(2394) User=0.00s Sys=0.00s Real=0.00s
[419.366s][info][gc,start       ] GC(2395) Pause Young (Allocation Failure)
[419.369s][info][gc,heap        ] GC(2395) PSYoungGen: 347136K(347648K)->992K(347648K) Eden: 346112K(346112K)->0K(346112K) From: 1024K(1536K)->992K(1536K)
[419.369s][info][gc,heap        ] GC(2395) ParOldGen: 8508K(699392K)->8612K(699392K)
[419.369s][info][gc,metaspace   ] GC(2395) Metaspace: 14340K(15296K)->14340K(15296K) NonClass: 12380K(12928K)->12380K(12928K) Class: 1960K(2368K)->1960K(2368K)
[419.369s][info][gc             ] GC(2395) Pause Young (Allocation Failure) 347M->9M(1022M) 2.310ms
[419.369s][info][gc,cpu         ] GC(2395) User=0.00s Sys=0.00s Real=0.00s
[419.573s][info][gc,start       ] GC(2396) Pause Young (Allocation Failure)
[419.575s][info][gc,heap        ] GC(2396) PSYoungGen: 347104K(347648K)->992K(347648K) Eden: 346112K(346112K)->0K(346112K) From: 992K(1536K)->992K(1536K)
[419.575s][info][gc,heap        ] GC(2396) ParOldGen: 8612K(699392K)->8716K(699392K)
[419.575s][info][gc,metaspace   ] GC(2396) Metaspace: 14340K(15296K)->14340K(15296K) NonClass: 12380K(12928K)->12380K(12928K) Class: 1960K(2368K)->1960K(2368K)
[419.575s][info][gc             ] GC(2396) Pause Young (Allocation Failure) 347M->9M(1022M) 2.284ms
[419.575s][info][gc,cpu         ] GC(2396) User=0.00s Sys=0.00s Real=0.00s
[419.780s][info][gc,start       ] GC(2397) Pause Young (Allocation Failure)
[419.782s][info][gc,heap        ] GC(2397) PSYoungGen: 347104K(347648K)->1024K(347648K) Eden: 346112K(346112K)->0K(346112K) From: 992K(1536K)->1024K(1536K)
[419.782s][info][gc,heap        ] GC(2397) ParOldGen: 8716K(699392K)->8796K(699392K)
[419.782s][info][gc,metaspace   ] GC(2397) Metaspace: 14340K(15296K)->14340K(15296K) NonClass: 12380K(12928K)->12380K(12928K) Class: 1960K(2368K)->1960K(2368K)
[419.782s][info][gc             ] GC(2397) Pause Young (Allocation Failure) 347M->9M(1022M) 2.384ms
[419.782s][info][gc,cpu         ] GC(2397) User=0.52s Sys=0.00s Real=0.00s
[419.985s][info][gc,start       ] GC(2398) Pause Young (Allocation Failure)
[419.987s][info][gc,heap        ] GC(2398) PSYoungGen: 347136K(347648K)->1024K(347648K) Eden: 346112K(346112K)->0K(346112K) From: 1024K(1536K)->1024K(1536K)
[419.988s][info][gc,heap        ] GC(2398) ParOldGen: 8796K(699392K)->8884K(699392K)
[419.988s][info][gc,metaspace   ] GC(2398) Metaspace: 14340K(15296K)->14340K(15296K) NonClass: 12380K(12928K)->12380K(12928K) Class: 1960K(2368K)->1960K(2368K)
[419.988s][info][gc             ] GC(2398) Pause Young (Allocation Failure) 347M->9M(1022M) 2.427ms
[419.988s][info][gc,cpu         ] GC(2398) User=0.00s Sys=0.00s Real=0.00s
[420.189s][info][gc,start       ] GC(2399) Pause Young (Allocation Failure)
[420.191s][info][gc,heap        ] GC(2399) PSYoungGen: 347136K(347648K)->992K(347648K) Eden: 346112K(346112K)->0K(346112K) From: 1024K(1536K)->992K(1536K)
[420.191s][info][gc,heap        ] GC(2399) ParOldGen: 8884K(699392K)->8956K(699392K)
[420.191s][info][gc,metaspace   ] GC(2399) Metaspace: 14340K(15296K)->14340K(15296K) NonClass: 12380K(12928K)->12380K(12928K) Class: 1960K(2368K)->1960K(2368K)
[420.191s][info][gc             ] GC(2399) Pause Young (Allocation Failure) 347M->9M(1022M) 2.425ms
[420.191s][info][gc,cpu         ] GC(2399) User=0.00s Sys=0.00s Real=0.00s
[420.393s][info][gc,start       ] GC(2400) Pause Young (Allocation Failure)
[420.395s][info][gc,heap        ] GC(2400) PSYoungGen: 347104K(347648K)->1024K(347648K) Eden: 346112K(346112K)->0K(346112K) From: 992K(1536K)->1024K(1536K)
[420.395s][info][gc,heap        ] GC(2400) ParOldGen: 8956K(699392K)->9068K(699392K)
[420.395s][info][gc,metaspace   ] GC(2400) Metaspace: 14340K(15296K)->14340K(15296K) NonClass: 12380K(12928K)->12380K(12928K) Class: 1960K(2368K)->1960K(2368K)
[420.395s][info][gc             ] GC(2400) Pause Young (Allocation Failure) 347M->9M(1022M) 2.462ms
[420.395s][info][gc,cpu         ] GC(2400) User=0.00s Sys=0.00s Real=0.00s
[420.597s][info][gc,start       ] GC(2401) Pause Young (Allocation Failure)
[420.600s][info][gc,heap        ] GC(2401) PSYoungGen: 347136K(347648K)->1024K(347648K) Eden: 346112K(346112K)->0K(346112K) From: 1024K(1536K)->1024K(1536K)
[420.600s][info][gc,heap        ] GC(2401) ParOldGen: 9068K(699392K)->9140K(699392K)
[420.600s][info][gc,metaspace   ] GC(2401) Metaspace: 14340K(15296K)->14340K(15296K) NonClass: 12380K(12928K)->12380K(12928K) Class: 1960K(2368K)->1960K(2368K)
[420.600s][info][gc             ] GC(2401) Pause Young (Allocation Failure) 347M->9M(1022M) 2.497ms
[420.600s][info][gc,cpu         ] GC(2401) User=0.00s Sys=0.00s Real=0.00s
[420.854s][info][gc,start       ] GC(2402) Pause Young (Allocation Failure)
[420.857s][info][gc,heap        ] GC(2402) PSYoungGen: 347136K(347648K)->992K(347648K) Eden: 346112K(346112K)->0K(346112K) From: 1024K(1536K)->992K(1536K)
[420.857s][info][gc,heap        ] GC(2402) ParOldGen: 9140K(699392K)->9204K(699392K)
[420.857s][info][gc,metaspace   ] GC(2402) Metaspace: 14340K(15296K)->14340K(15296K) NonClass: 12380K(12928K)->12380K(12928K) Class: 1960K(2368K)->1960K(2368K)
[420.857s][info][gc             ] GC(2402) Pause Young (Allocation Failure) 347M->9M(1022M) 3.494ms
[420.857s][info][gc,cpu         ] GC(2402) User=0.00s Sys=0.00s Real=0.00s
[421.065s][info][gc,start       ] GC(2403) Pause Young (Allocation Failure)
[421.067s][info][gc,heap        ] GC(2403) PSYoungGen: 347104K(347648K)->1024K(347648K) Eden: 346112K(346112K)->0K(346112K) From: 992K(1536K)->1024K(1536K)
[421.067s][info][gc,heap        ] GC(2403) ParOldGen: 9204K(699392K)->9292K(699392K)
[421.067s][info][gc,metaspace   ] GC(2403) Metaspace: 14340K(15296K)->14340K(15296K) NonClass: 12380K(12928K)->12380K(12928K) Class: 1960K(2368K)->1960K(2368K)
[421.067s][info][gc             ] GC(2403) Pause Young (Allocation Failure) 347M->10M(1022M) 2.351ms
[421.067s][info][gc,cpu         ] GC(2403) User=0.00s Sys=0.00s Real=0.00s
[421.269s][info][gc,start       ] GC(2404) Pause Young (Allocation Failure)
[421.271s][info][gc,heap        ] GC(2404) PSYoungGen: 347136K(347648K)->992K(347648K) Eden: 346112K(346112K)->0K(346112K) From: 1024K(1536K)->992K(1536K)
[421.271s][info][gc,heap        ] GC(2404) ParOldGen: 9292K(699392K)->9388K(699392K)
[421.271s][info][gc,metaspace   ] GC(2404) Metaspace: 14340K(15296K)->14340K(15296K) NonClass: 12380K(12928K)->12380K(12928K) Class: 1960K(2368K)->1960K(2368K)
[421.271s][info][gc             ] GC(2404) Pause Young (Allocation Failure) 348M->10M(1022M) 2.247ms
[421.271s][info][gc,cpu         ] GC(2404) User=0.00s Sys=0.00s Real=0.00s
[421.475s][info][gc,start       ] GC(2405) Pause Young (Allocation Failure)
[421.477s][info][gc,heap        ] GC(2405) PSYoungGen: 347104K(347648K)->992K(347648K) Eden: 346112K(346112K)->0K(346112K) From: 992K(1536K)->992K(1536K)
[421.477s][info][gc,heap        ] GC(2405) ParOldGen: 9388K(699392K)->9524K(699392K)
[421.477s][info][gc,metaspace   ] GC(2405) Metaspace: 14340K(15296K)->14340K(15296K) NonClass: 12380K(12928K)->12380K(12928K) Class: 1960K(2368K)->1960K(2368K)
[421.477s][info][gc             ] GC(2405) Pause Young (Allocation Failure) 348M->10M(1022M) 2.196ms
[421.477s][info][gc,cpu         ] GC(2405) User=0.00s Sys=0.00s Real=0.00s
[421.680s][info][gc,start       ] GC(2406) Pause Young (Allocation Failure)
[421.682s][info][gc,heap        ] GC(2406) PSYoungGen: 347104K(347648K)->1024K(347648K) Eden: 346112K(346112K)->0K(346112K) From: 992K(1536K)->1024K(1536K)
[421.682s][info][gc,heap        ] GC(2406) ParOldGen: 9524K(699392K)->9628K(699392K)
[421.682s][info][gc,metaspace   ] GC(2406) Metaspace: 14340K(15296K)->14340K(15296K) NonClass: 12380K(12928K)->12380K(12928K) Class: 1960K(2368K)->1960K(2368K)
[421.682s][info][gc             ] GC(2406) Pause Young (Allocation Failure) 348M->10M(1022M) 2.003ms
[421.682s][info][gc,cpu         ] GC(2406) User=0.00s Sys=0.00s Real=0.00s
[421.884s][info][gc,start       ] GC(2407) Pause Young (Allocation Failure)
[421.886s][info][gc,heap        ] GC(2407) PSYoungGen: 347136K(347648K)->1024K(347648K) Eden: 346112K(346112K)->0K(346112K) From: 1024K(1536K)->1024K(1536K)
[421.886s][info][gc,heap        ] GC(2407) ParOldGen: 9628K(699392K)->9724K(699392K)
[421.886s][info][gc,metaspace   ] GC(2407) Metaspace: 14340K(15296K)->14340K(15296K) NonClass: 12380K(12928K)->12380K(12928K) Class: 1960K(2368K)->1960K(2368K)
[421.886s][info][gc             ] GC(2407) Pause Young (Allocation Failure) 348M->10M(1022M) 2.057ms
[421.886s][info][gc,cpu         ] GC(2407) User=0.00s Sys=0.00s Real=0.00s
[422.086s][info][gc,start       ] GC(2408) Pause Young (Allocation Failure)
[422.088s][info][gc,heap        ] GC(2408) PSYoungGen: 347136K(347648K)->1024K(337408K) Eden: 346112K(346112K)->0K(336384K) From: 1024K(1536K)->1024K(1024K)
[422.088s][info][gc,heap        ] GC(2408) ParOldGen: 9724K(699392K)->9804K(699392K)
[422.088s][info][gc,metaspace   ] GC(2408) Metaspace: 14340K(15296K)->14340K(15296K) NonClass: 12380K(12928K)->12380K(12928K) Class: 1960K(2368K)->1960K(2368K)
[422.088s][info][gc             ] GC(2408) Pause Young (Allocation Failure) 348M->10M(1012M) 2.232ms
[422.088s][info][gc,cpu         ] GC(2408) User=0.00s Sys=0.00s Real=0.00s
[422.283s][info][gc,start       ] GC(2409) Pause Young (Allocation Failure)
[422.285s][info][gc,heap        ] GC(2409) PSYoungGen: 337408K(337408K)->992K(328192K) Eden: 336384K(336384K)->0K(327168K) From: 1024K(1024K)->992K(1024K)
[422.285s][info][gc,heap        ] GC(2409) ParOldGen: 9804K(699392K)->9876K(699392K)
[422.285s][info][gc,metaspace   ] GC(2409) Metaspace: 14340K(15296K)->14340K(15296K) NonClass: 12380K(12928K)->12380K(12928K) Class: 1960K(2368K)->1960K(2368K)
[422.285s][info][gc             ] GC(2409) Pause Young (Allocation Failure) 339M->10M(1003M) 2.116ms
[422.285s][info][gc,cpu         ] GC(2409) User=0.00s Sys=0.00s Real=0.00s
[422.476s][info][gc,start       ] GC(2410) Pause Young (Allocation Failure)
[422.478s][info][gc,heap        ] GC(2410) PSYoungGen: 328160K(328192K)->1024K(346624K) Eden: 327168K(327168K)->0K(345088K) From: 992K(1024K)->1024K(1536K)
[422.478s][info][gc,heap        ] GC(2410) ParOldGen: 9876K(699392K)->9948K(699392K)
[422.478s][info][gc,metaspace   ] GC(2410) Metaspace: 14340K(15296K)->14340K(15296K) NonClass: 12380K(12928K)->12380K(12928K) Class: 1960K(2368K)->1960K(2368K)
[422.478s][info][gc             ] GC(2410) Pause Young (Allocation Failure) 330M->10M(1021M) 2.137ms
[422.478s][info][gc,cpu         ] GC(2410) User=0.00s Sys=0.00s Real=0.00s
[422.680s][info][gc,start       ] GC(2411) Pause Young (Allocation Failure)
[422.682s][info][gc,heap        ] GC(2411) PSYoungGen: 346112K(346624K)->1024K(347648K) Eden: 345088K(345088K)->0K(346112K) From: 1024K(1536K)->1024K(1536K)
[422.682s][info][gc,heap        ] GC(2411) ParOldGen: 9948K(699392K)->10004K(699392K)
[422.682s][info][gc,metaspace   ] GC(2411) Metaspace: 14340K(15296K)->14340K(15296K) NonClass: 12380K(12928K)->12380K(12928K) Class: 1960K(2368K)->1960K(2368K)
[422.682s][info][gc             ] GC(2411) Pause Young (Allocation Failure) 347M->10M(1022M) 2.207ms
[422.682s][info][gc,cpu         ] GC(2411) User=0.00s Sys=0.00s Real=0.00s
[422.885s][info][gc,start       ] GC(2412) Pause Young (Allocation Failure)
[422.887s][info][gc,heap        ] GC(2412) PSYoungGen: 347136K(347648K)->1024K(347648K) Eden: 346112K(346112K)->0K(346112K) From: 1024K(1536K)->1024K(1536K)
[422.887s][info][gc,heap        ] GC(2412) ParOldGen: 10004K(699392K)->10068K(699392K)
[422.887s][info][gc,metaspace   ] GC(2412) Metaspace: 14340K(15296K)->14340K(15296K) NonClass: 12380K(12928K)->12380K(12928K) Class: 1960K(2368K)->1960K(2368K)
[422.887s][info][gc             ] GC(2412) Pause Young (Allocation Failure) 348M->10M(1022M) 2.256ms
[422.887s][info][gc,cpu         ] GC(2412) User=0.00s Sys=0.00s Real=0.00s
[423.091s][info][gc,start       ] GC(2413) Pause Young (Allocation Failure)
[423.093s][info][gc,heap        ] GC(2413) PSYoungGen: 347136K(347648K)->1024K(347648K) Eden: 346112K(346112K)->0K(346112K) From: 1024K(1536K)->1024K(1536K)
[423.093s][info][gc,heap        ] GC(2413) ParOldGen: 10068K(699392K)->10156K(699392K)
[423.093s][info][gc,metaspace   ] GC(2413) Metaspace: 14340K(15296K)->14340K(15296K) NonClass: 12380K(12928K)->12380K(12928K) Class: 1960K(2368K)->1960K(2368K)
[423.093s][info][gc             ] GC(2413) Pause Young (Allocation Failure) 348M->10M(1022M) 2.292ms
[423.093s][info][gc,cpu         ] GC(2413) User=0.00s Sys=0.00s Real=0.00s
[423.296s][info][gc,start       ] GC(2414) Pause Young (Allocation Failure)
[423.299s][info][gc,heap        ] GC(2414) PSYoungGen: 347136K(347648K)->1024K(347648K) Eden: 346112K(346112K)->0K(346112K) From: 1024K(1536K)->1024K(1536K)
[423.299s][info][gc,heap        ] GC(2414) ParOldGen: 10156K(699392K)->10252K(699392K)
[423.299s][info][gc,metaspace   ] GC(2414) Metaspace: 14340K(15296K)->14340K(15296K) NonClass: 12380K(12928K)->12380K(12928K) Class: 1960K(2368K)->1960K(2368K)
[423.299s][info][gc             ] GC(2414) Pause Young (Allocation Failure) 348M->11M(1022M) 2.345ms
[423.299s][info][gc,cpu         ] GC(2414) User=0.02s Sys=0.00s Real=0.00s
[423.502s][info][gc,start       ] GC(2415) Pause Young (Allocation Failure)
[423.505s][info][gc,heap        ] GC(2415) PSYoungGen: 347136K(347648K)->1024K(347648K) Eden: 346112K(346112K)->0K(346112K) From: 1024K(1536K)->1024K(1536K)
[423.505s][info][gc,heap        ] GC(2415) ParOldGen: 10252K(699392K)->10324K(699392K)
[423.505s][info][gc,metaspace   ] GC(2415) Metaspace: 14340K(15296K)->14340K(15296K) NonClass: 12380K(12928K)->12380K(12928K) Class: 1960K(2368K)->1960K(2368K)
[423.505s][info][gc             ] GC(2415) Pause Young (Allocation Failure) 349M->11M(1022M) 2.340ms
[423.505s][info][gc,cpu         ] GC(2415) User=0.00s Sys=0.00s Real=0.00s
[423.706s][info][gc,start       ] GC(2416) Pause Young (Allocation Failure)
[423.709s][info][gc,heap        ] GC(2416) PSYoungGen: 347136K(347648K)->1024K(347648K) Eden: 346112K(346112K)->0K(346112K) From: 1024K(1536K)->1024K(1536K)
[423.709s][info][gc,heap        ] GC(2416) ParOldGen: 10324K(699392K)->10420K(699392K)
[423.709s][info][gc,metaspace   ] GC(2416) Metaspace: 14340K(15296K)->14340K(15296K) NonClass: 12380K(12928K)->12380K(12928K) Class: 1960K(2368K)->1960K(2368K)
[423.709s][info][gc             ] GC(2416) Pause Young (Allocation Failure) 349M->11M(1022M) 2.401ms
[423.709s][info][gc,cpu         ] GC(2416) User=0.00s Sys=0.00s Real=0.00s
[423.911s][info][gc,start       ] GC(2417) Pause Young (Allocation Failure)
[423.914s][info][gc,heap        ] GC(2417) PSYoungGen: 347136K(347648K)->992K(347648K) Eden: 346112K(346112K)->0K(346112K) From: 1024K(1536K)->992K(1536K)
[423.914s][info][gc,heap        ] GC(2417) ParOldGen: 10420K(699392K)->10484K(699392K)
[423.914s][info][gc,metaspace   ] GC(2417) Metaspace: 14340K(15296K)->14340K(15296K) NonClass: 12380K(12928K)->12380K(12928K) Class: 1960K(2368K)->1960K(2368K)
[423.914s][info][gc             ] GC(2417) Pause Young (Allocation Failure) 349M->11M(1022M) 2.376ms
[423.914s][info][gc,cpu         ] GC(2417) User=0.00s Sys=0.00s Real=0.00s
[424.116s][info][gc,start       ] GC(2418) Pause Young (Allocation Failure)
[424.118s][info][gc,heap        ] GC(2418) PSYoungGen: 347104K(347648K)->992K(347648K) Eden: 346112K(346112K)->0K(346112K) From: 992K(1536K)->992K(1536K)
[424.118s][info][gc,heap        ] GC(2418) ParOldGen: 10484K(699392K)->10556K(699392K)
[424.118s][info][gc,metaspace   ] GC(2418) Metaspace: 14340K(15296K)->14340K(15296K) NonClass: 12380K(12928K)->12380K(12928K) Class: 1960K(2368K)->1960K(2368K)
[424.118s][info][gc             ] GC(2418) Pause Young (Allocation Failure) 349M->11M(1022M) 2.433ms
[424.118s][info][gc,cpu         ] GC(2418) User=0.00s Sys=0.00s Real=0.00s
[424.321s][info][gc,start       ] GC(2419) Pause Young (Allocation Failure)
[424.323s][info][gc,heap        ] GC(2419) PSYoungGen: 347104K(347648K)->992K(347648K) Eden: 346112K(346112K)->0K(346112K) From: 992K(1536K)->992K(1536K)
[424.323s][info][gc,heap        ] GC(2419) ParOldGen: 10556K(699392K)->10620K(699392K)
[424.323s][info][gc,metaspace   ] GC(2419) Metaspace: 14340K(15296K)->14340K(15296K) NonClass: 12380K(12928K)->12380K(12928K) Class: 1960K(2368K)->1960K(2368K)
[424.323s][info][gc             ] GC(2419) Pause Young (Allocation Failure) 349M->11M(1022M) 2.472ms
[424.323s][info][gc,cpu         ] GC(2419) User=0.00s Sys=0.00s Real=0.00s
[424.527s][info][gc,start       ] GC(2420) Pause Young (Allocation Failure)
[424.530s][info][gc,heap        ] GC(2420) PSYoungGen: 347104K(347648K)->992K(347648K) Eden: 346112K(346112K)->0K(346112K) From: 992K(1536K)->992K(1536K)
[424.530s][info][gc,heap        ] GC(2420) ParOldGen: 10620K(699392K)->10716K(699392K)
[424.530s][info][gc,metaspace   ] GC(2420) Metaspace: 14340K(15296K)->14340K(15296K) NonClass: 12380K(12928K)->12380K(12928K) Class: 1960K(2368K)->1960K(2368K)
[424.530s][info][gc             ] GC(2420) Pause Young (Allocation Failure) 349M->11M(1022M) 2.518ms
[424.530s][info][gc,cpu         ] GC(2420) User=0.00s Sys=0.00s Real=0.00s
[424.789s][info][gc,start       ] GC(2421) Pause Young (Allocation Failure)
[424.792s][info][gc,heap        ] GC(2421) PSYoungGen: 347104K(347648K)->1024K(347648K) Eden: 346112K(346112K)->0K(346112K) From: 992K(1536K)->1024K(1536K)
[424.792s][info][gc,heap        ] GC(2421) ParOldGen: 10716K(699392K)->10812K(699392K)
[424.792s][info][gc,metaspace   ] GC(2421) Metaspace: 14340K(15296K)->14340K(15296K) NonClass: 12380K(12928K)->12380K(12928K) Class: 1960K(2368K)->1960K(2368K)
[424.792s][info][gc             ] GC(2421) Pause Young (Allocation Failure) 349M->11M(1022M) 3.399ms
[424.792s][info][gc,cpu         ] GC(2421) User=0.00s Sys=0.00s Real=0.00s
[425.003s][info][gc,start       ] GC(2422) Pause Young (Allocation Failure)
[425.006s][info][gc,heap        ] GC(2422) PSYoungGen: 347136K(347648K)->992K(347648K) Eden: 346112K(346112K)->0K(346112K) From: 1024K(1536K)->992K(1536K)
[425.006s][info][gc,heap        ] GC(2422) ParOldGen: 10812K(699392K)->10884K(699392K)
[425.006s][info][gc,metaspace   ] GC(2422) Metaspace: 14340K(15296K)->14340K(15296K) NonClass: 12380K(12928K)->12380K(12928K) Class: 1960K(2368K)->1960K(2368K)
[425.006s][info][gc             ] GC(2422) Pause Young (Allocation Failure) 349M->11M(1022M) 2.353ms
[425.006s][info][gc,cpu         ] GC(2422) User=0.00s Sys=0.00s Real=0.00s
[425.210s][info][gc,start       ] GC(2423) Pause Young (Allocation Failure)
[425.212s][info][gc,heap        ] GC(2423) PSYoungGen: 347104K(347648K)->1024K(347648K) Eden: 346112K(346112K)->0K(346112K) From: 992K(1536K)->1024K(1536K)
[425.212s][info][gc,heap        ] GC(2423) ParOldGen: 10884K(699392K)->10948K(699392K)
[425.212s][info][gc,metaspace   ] GC(2423) Metaspace: 14340K(15296K)->14340K(15296K) NonClass: 12380K(12928K)->12380K(12928K) Class: 1960K(2368K)->1960K(2368K)
[425.212s][info][gc             ] GC(2423) Pause Young (Allocation Failure) 349M->11M(1022M) 2.222ms
[425.212s][info][gc,cpu         ] GC(2423) User=0.00s Sys=0.00s Real=0.00s
[425.416s][info][gc,start       ] GC(2424) Pause Young (Allocation Failure)
[425.418s][info][gc,heap        ] GC(2424) PSYoungGen: 347136K(347648K)->1024K(347648K) Eden: 346112K(346112K)->0K(346112K) From: 1024K(1536K)->1024K(1536K)
[425.418s][info][gc,heap        ] GC(2424) ParOldGen: 10948K(699392K)->11024K(699392K)
[425.418s][info][gc,metaspace   ] GC(2424) Metaspace: 14340K(15296K)->14340K(15296K) NonClass: 12380K(12928K)->12380K(12928K) Class: 1960K(2368K)->1960K(2368K)
[425.418s][info][gc             ] GC(2424) Pause Young (Allocation Failure) 349M->11M(1022M) 2.031ms
[425.418s][info][gc,cpu         ] GC(2424) User=0.00s Sys=0.00s Real=0.00s
[425.623s][info][gc,start       ] GC(2425) Pause Young (Allocation Failure)
[425.625s][info][gc,heap        ] GC(2425) PSYoungGen: 347136K(347648K)->1024K(347648K) Eden: 346112K(346112K)->0K(346112K) From: 1024K(1536K)->1024K(1536K)
[425.625s][info][gc,heap        ] GC(2425) ParOldGen: 11024K(699392K)->11104K(699392K)
[425.625s][info][gc,metaspace   ] GC(2425) Metaspace: 14340K(15296K)->14340K(15296K) NonClass: 12380K(12928K)->12380K(12928K) Class: 1960K(2368K)->1960K(2368K)
[425.625s][info][gc             ] GC(2425) Pause Young (Allocation Failure) 349M->11M(1022M) 2.067ms
[425.625s][info][gc,cpu         ] GC(2425) User=0.02s Sys=0.00s Real=0.00s
[425.828s][info][gc,start       ] GC(2426) Pause Young (Allocation Failure)
[425.830s][info][gc,heap        ] GC(2426) PSYoungGen: 347136K(347648K)->1024K(337408K) Eden: 346112K(346112K)->0K(336384K) From: 1024K(1536K)->1024K(1024K)
[425.830s][info][gc,heap        ] GC(2426) ParOldGen: 11104K(699392K)->11192K(699392K)
[425.830s][info][gc,metaspace   ] GC(2426) Metaspace: 14340K(15296K)->14340K(15296K) NonClass: 12380K(12928K)->12380K(12928K) Class: 1960K(2368K)->1960K(2368K)
[425.830s][info][gc             ] GC(2426) Pause Young (Allocation Failure) 349M->11M(1012M) 2.060ms
[425.831s][info][gc,cpu         ] GC(2426) User=0.00s Sys=0.00s Real=0.00s
[426.028s][info][gc,start       ] GC(2427) Pause Young (Allocation Failure)
[426.030s][info][gc,heap        ] GC(2427) PSYoungGen: 337408K(337408K)->1024K(328192K) Eden: 336384K(336384K)->0K(327168K) From: 1024K(1024K)->1024K(1024K)
[426.030s][info][gc,heap        ] GC(2427) ParOldGen: 11192K(699392K)->11280K(699392K)
[426.030s][info][gc,metaspace   ] GC(2427) Metaspace: 14340K(15296K)->14340K(15296K) NonClass: 12380K(12928K)->12380K(12928K) Class: 1960K(2368K)->1960K(2368K)
[426.030s][info][gc             ] GC(2427) Pause Young (Allocation Failure) 340M->12M(1003M) 2.104ms
[426.030s][info][gc,cpu         ] GC(2427) User=0.00s Sys=0.00s Real=0.00s
[426.221s][info][gc,start       ] GC(2428) Pause Young (Allocation Failure)
[426.224s][info][gc,heap        ] GC(2428) PSYoungGen: 328192K(328192K)->992K(319488K) Eden: 327168K(327168K)->0K(318464K) From: 1024K(1024K)->992K(1024K)
[426.224s][info][gc,heap        ] GC(2428) ParOldGen: 11280K(699392K)->11376K(699392K)
[426.224s][info][gc,metaspace   ] GC(2428) Metaspace: 14340K(15296K)->14340K(15296K) NonClass: 12380K(12928K)->12380K(12928K) Class: 1960K(2368K)->1960K(2368K)
[426.224s][info][gc             ] GC(2428) Pause Young (Allocation Failure) 331M->12M(995M) 2.195ms
[426.224s][info][gc,cpu         ] GC(2428) User=0.00s Sys=0.00s Real=0.00s
[426.410s][info][gc,start       ] GC(2429) Pause Young (Allocation Failure)
[426.412s][info][gc,heap        ] GC(2429) PSYoungGen: 319456K(319488K)->1024K(346112K) Eden: 318464K(318464K)->0K(344576K) From: 992K(1024K)->1024K(1536K)
[426.412s][info][gc,heap        ] GC(2429) ParOldGen: 11376K(699392K)->11464K(699392K)
[426.412s][info][gc,metaspace   ] GC(2429) Metaspace: 14340K(15296K)->14340K(15296K) NonClass: 12380K(12928K)->12380K(12928K) Class: 1960K(2368K)->1960K(2368K)
[426.412s][info][gc             ] GC(2429) Pause Young (Allocation Failure) 323M->12M(1021M) 2.188ms
[426.412s][info][gc,cpu         ] GC(2429) User=0.00s Sys=0.00s Real=0.00s
[426.613s][info][gc,start       ] GC(2430) Pause Young (Allocation Failure)
[426.615s][info][gc,heap        ] GC(2430) PSYoungGen: 345600K(346112K)->1024K(346112K) Eden: 344576K(344576K)->0K(344576K) From: 1024K(1536K)->1024K(1536K)
[426.615s][info][gc,heap        ] GC(2430) ParOldGen: 11464K(699392K)->11536K(699392K)
[426.615s][info][gc,metaspace   ] GC(2430) Metaspace: 14340K(15296K)->14340K(15296K) NonClass: 12380K(12928K)->12380K(12928K) Class: 1960K(2368K)->1960K(2368K)
[426.615s][info][gc             ] GC(2430) Pause Young (Allocation Failure) 348M->12M(1021M) 2.214ms
[426.615s][info][gc,cpu         ] GC(2430) User=0.00s Sys=0.00s Real=0.00s
[426.815s][info][gc,start       ] GC(2431) Pause Young (Allocation Failure)
[426.818s][info][gc,heap        ] GC(2431) PSYoungGen: 345600K(346112K)->1024K(347648K) Eden: 344576K(344576K)->0K(346112K) From: 1024K(1536K)->1024K(1536K)
[426.818s][info][gc,heap        ] GC(2431) ParOldGen: 11536K(699392K)->11592K(699392K)
[426.818s][info][gc,metaspace   ] GC(2431) Metaspace: 14340K(15296K)->14340K(15296K) NonClass: 12380K(12928K)->12380K(12928K) Class: 1960K(2368K)->1960K(2368K)
[426.818s][info][gc             ] GC(2431) Pause Young (Allocation Failure) 348M->12M(1022M) 2.256ms
[426.818s][info][gc,cpu         ] GC(2431) User=0.00s Sys=0.00s Real=0.00s
[427.019s][info][gc,start       ] GC(2432) Pause Young (Allocation Failure)
[427.022s][info][gc,heap        ] GC(2432) PSYoungGen: 347136K(347648K)->1024K(347648K) Eden: 346112K(346112K)->0K(346112K) From: 1024K(1536K)->1024K(1536K)
[427.022s][info][gc,heap        ] GC(2432) ParOldGen: 11592K(699392K)->11688K(699392K)
[427.022s][info][gc,metaspace   ] GC(2432) Metaspace: 14340K(15296K)->14340K(15296K) NonClass: 12380K(12928K)->12380K(12928K) Class: 1960K(2368K)->1960K(2368K)
[427.022s][info][gc             ] GC(2432) Pause Young (Allocation Failure) 350M->12M(1022M) 2.281ms
[427.022s][info][gc,cpu         ] GC(2432) User=0.00s Sys=0.00s Real=0.00s
[427.223s][info][gc,start       ] GC(2433) Pause Young (Allocation Failure)
[427.225s][info][gc,heap        ] GC(2433) PSYoungGen: 347136K(347648K)->1024K(347648K) Eden: 346112K(346112K)->0K(346112K) From: 1024K(1536K)->1024K(1536K)
[427.225s][info][gc,heap        ] GC(2433) ParOldGen: 11688K(699392K)->11784K(699392K)
[427.225s][info][gc,metaspace   ] GC(2433) Metaspace: 14340K(15296K)->14340K(15296K) NonClass: 12380K(12928K)->12380K(12928K) Class: 1960K(2368K)->1960K(2368K)
[427.225s][info][gc             ] GC(2433) Pause Young (Allocation Failure) 350M->12M(1022M) 2.370ms
[427.225s][info][gc,cpu         ] GC(2433) User=0.00s Sys=0.00s Real=0.00s
[427.426s][info][gc,start       ] GC(2434) Pause Young (Allocation Failure)
[427.428s][info][gc,heap        ] GC(2434) PSYoungGen: 347136K(347648K)->1024K(347648K) Eden: 346112K(346112K)->0K(346112K) From: 1024K(1536K)->1024K(1536K)
[427.428s][info][gc,heap        ] GC(2434) ParOldGen: 11784K(699392K)->11872K(699392K)
[427.428s][info][gc,metaspace   ] GC(2434) Metaspace: 14340K(15296K)->14340K(15296K) NonClass: 12380K(12928K)->12380K(12928K) Class: 1960K(2368K)->1960K(2368K)
[427.428s][info][gc             ] GC(2434) Pause Young (Allocation Failure) 350M->12M(1022M) 2.370ms
[427.428s][info][gc,cpu         ] GC(2434) User=0.00s Sys=0.00s Real=0.00s
[427.631s][info][gc,start       ] GC(2435) Pause Young (Allocation Failure)
[427.634s][info][gc,heap        ] GC(2435) PSYoungGen: 347136K(347648K)->992K(347648K) Eden: 346112K(346112K)->0K(346112K) From: 1024K(1536K)->992K(1536K)
[427.634s][info][gc,heap        ] GC(2435) ParOldGen: 11872K(699392K)->11944K(699392K)
[427.634s][info][gc,metaspace   ] GC(2435) Metaspace: 14340K(15296K)->14340K(15296K) NonClass: 12380K(12928K)->12380K(12928K) Class: 1960K(2368K)->1960K(2368K)
[427.634s][info][gc             ] GC(2435) Pause Young (Allocation Failure) 350M->12M(1022M) 2.358ms
[427.634s][info][gc,cpu         ] GC(2435) User=0.00s Sys=0.00s Real=0.00s
[427.837s][info][gc,start       ] GC(2436) Pause Young (Allocation Failure)
[427.839s][info][gc,heap        ] GC(2436) PSYoungGen: 347104K(347648K)->992K(347648K) Eden: 346112K(346112K)->0K(346112K) From: 992K(1536K)->992K(1536K)
[427.839s][info][gc,heap        ] GC(2436) ParOldGen: 11944K(699392K)->12040K(699392K)
[427.839s][info][gc,metaspace   ] GC(2436) Metaspace: 14340K(15296K)->14340K(15296K) NonClass: 12380K(12928K)->12380K(12928K) Class: 1960K(2368K)->1960K(2368K)
[427.839s][info][gc             ] GC(2436) Pause Young (Allocation Failure) 350M->12M(1022M) 2.414ms
[427.839s][info][gc,cpu         ] GC(2436) User=0.00s Sys=0.00s Real=0.00s
[428.045s][info][gc,start       ] GC(2437) Pause Young (Allocation Failure)
[428.047s][info][gc,heap        ] GC(2437) PSYoungGen: 347104K(347648K)->1024K(347648K) Eden: 346112K(346112K)->0K(346112K) From: 992K(1536K)->1024K(1536K)
[428.047s][info][gc,heap        ] GC(2437) ParOldGen: 12040K(699392K)->12112K(699392K)
[428.047s][info][gc,metaspace   ] GC(2437) Metaspace: 14340K(15296K)->14340K(15296K) NonClass: 12380K(12928K)->12380K(12928K) Class: 1960K(2368K)->1960K(2368K)
[428.047s][info][gc             ] GC(2437) Pause Young (Allocation Failure) 350M->12M(1022M) 2.428ms
[428.047s][info][gc,cpu         ] GC(2437) User=0.00s Sys=0.02s Real=0.00s
[428.253s][info][gc,start       ] GC(2438) Pause Young (Allocation Failure)
[428.256s][info][gc,heap        ] GC(2438) PSYoungGen: 347136K(347648K)->1024K(347648K) Eden: 346112K(346112K)->0K(346112K) From: 1024K(1536K)->1024K(1536K)
[428.256s][info][gc,heap        ] GC(2438) ParOldGen: 12112K(699392K)->12208K(699392K)
[428.256s][info][gc,metaspace   ] GC(2438) Metaspace: 14340K(15296K)->14340K(15296K) NonClass: 12380K(12928K)->12380K(12928K) Class: 1960K(2368K)->1960K(2368K)
[428.256s][info][gc             ] GC(2438) Pause Young (Allocation Failure) 350M->12M(1022M) 2.511ms
[428.256s][info][gc,cpu         ] GC(2438) User=0.00s Sys=0.00s Real=0.00s
[428.463s][info][gc,start       ] GC(2439) Pause Young (Allocation Failure)
[428.465s][info][gc,heap        ] GC(2439) PSYoungGen: 347136K(347648K)->1024K(347648K) Eden: 346112K(346112K)->0K(346112K) From: 1024K(1536K)->1024K(1536K)
[428.465s][info][gc,heap        ] GC(2439) ParOldGen: 12208K(699392K)->12288K(699392K)
[428.465s][info][gc,metaspace   ] GC(2439) Metaspace: 14340K(15296K)->14340K(15296K) NonClass: 12380K(12928K)->12380K(12928K) Class: 1960K(2368K)->1960K(2368K)
[428.465s][info][gc             ] GC(2439) Pause Young (Allocation Failure) 350M->13M(1022M) 2.518ms
[428.465s][info][gc,cpu         ] GC(2439) User=0.00s Sys=0.00s Real=0.00s
[428.734s][info][gc,start       ] GC(2440) Pause Young (Allocation Failure)
[428.737s][info][gc,heap        ] GC(2440) PSYoungGen: 347136K(347648K)->992K(347648K) Eden: 346112K(346112K)->0K(346112K) From: 1024K(1536K)->992K(1536K)
[428.737s][info][gc,heap        ] GC(2440) ParOldGen: 12288K(699392K)->12360K(699392K)
[428.737s][info][gc,metaspace   ] GC(2440) Metaspace: 14340K(15296K)->14340K(15296K) NonClass: 12380K(12928K)->12380K(12928K) Class: 1960K(2368K)->1960K(2368K)
[428.737s][info][gc             ] GC(2440) Pause Young (Allocation Failure) 351M->13M(1022M) 3.279ms
[428.737s][info][gc,cpu         ] GC(2440) User=0.00s Sys=0.00s Real=0.00s
[428.946s][info][gc,start       ] GC(2441) Pause Young (Allocation Failure)
[428.948s][info][gc,heap        ] GC(2441) PSYoungGen: 347104K(347648K)->1024K(347648K) Eden: 346112K(346112K)->0K(346112K) From: 992K(1536K)->1024K(1536K)
[428.948s][info][gc,heap        ] GC(2441) ParOldGen: 12360K(699392K)->12424K(699392K)
[428.948s][info][gc,metaspace   ] GC(2441) Metaspace: 14340K(15296K)->14340K(15296K) NonClass: 12380K(12928K)->12380K(12928K) Class: 1960K(2368K)->1960K(2368K)
[428.948s][info][gc             ] GC(2441) Pause Young (Allocation Failure) 351M->13M(1022M) 2.330ms
[428.948s][info][gc,cpu         ] GC(2441) User=0.00s Sys=0.00s Real=0.00s
[429.155s][info][gc,start       ] GC(2442) Pause Young (Allocation Failure)
[429.157s][info][gc,heap        ] GC(2442) PSYoungGen: 347136K(347648K)->1024K(347648K) Eden: 346112K(346112K)->0K(346112K) From: 1024K(1536K)->1024K(1536K)
[429.157s][info][gc,heap        ] GC(2442) ParOldGen: 12424K(699392K)->12512K(699392K)
[429.157s][info][gc,metaspace   ] GC(2442) Metaspace: 14340K(15296K)->14340K(15296K) NonClass: 12380K(12928K)->12380K(12928K) Class: 1960K(2368K)->1960K(2368K)
[429.157s][info][gc             ] GC(2442) Pause Young (Allocation Failure) 351M->13M(1022M) 2.146ms
[429.157s][info][gc,cpu         ] GC(2442) User=0.52s Sys=0.00s Real=0.00s
[429.368s][info][gc,start       ] GC(2443) Pause Young (Allocation Failure)
[429.370s][info][gc,heap        ] GC(2443) PSYoungGen: 347136K(347648K)->992K(347648K) Eden: 346112K(346112K)->0K(346112K) From: 1024K(1536K)->992K(1536K)
[429.370s][info][gc,heap        ] GC(2443) ParOldGen: 12512K(699392K)->12592K(699392K)
[429.370s][info][gc,metaspace   ] GC(2443) Metaspace: 14340K(15296K)->14340K(15296K) NonClass: 12380K(12928K)->12380K(12928K) Class: 1960K(2368K)->1960K(2368K)
[429.370s][info][gc             ] GC(2443) Pause Young (Allocation Failure) 351M->13M(1022M) 1.957ms
[429.370s][info][gc,cpu         ] GC(2443) User=0.00s Sys=0.00s Real=0.00s
[429.589s][info][gc,start       ] GC(2444) Pause Young (Allocation Failure)
[429.592s][info][gc,heap        ] GC(2444) PSYoungGen: 347104K(347648K)->992K(337408K) Eden: 346112K(346112K)->0K(336384K) From: 992K(1536K)->992K(1024K)
[429.592s][info][gc,heap        ] GC(2444) ParOldGen: 12592K(699392K)->12680K(699392K)
[429.592s][info][gc,metaspace   ] GC(2444) Metaspace: 14340K(15296K)->14340K(15296K) NonClass: 12380K(12928K)->12380K(12928K) Class: 1960K(2368K)->1960K(2368K)
[429.592s][info][gc             ] GC(2444) Pause Young (Allocation Failure) 351M->13M(1012M) 2.091ms
[429.592s][info][gc,cpu         ] GC(2444) User=0.00s Sys=0.00s Real=0.00s
[429.828s][info][gc,start       ] GC(2445) Pause Young (Allocation Failure)
[429.830s][info][gc,heap        ] GC(2445) PSYoungGen: 337376K(337408K)->896K(328192K) Eden: 336384K(336384K)->0K(327168K) From: 992K(1024K)->896K(1024K)
[429.830s][info][gc,heap        ] GC(2445) ParOldGen: 12680K(699392K)->12768K(699392K)
[429.830s][info][gc,metaspace   ] GC(2445) Metaspace: 14340K(15296K)->14340K(15296K) NonClass: 12380K(12928K)->12380K(12928K) Class: 1960K(2368K)->1960K(2368K)
[429.830s][info][gc             ] GC(2445) Pause Young (Allocation Failure) 341M->13M(1003M) 2.129ms
[429.830s][info][gc,cpu         ] GC(2445) User=0.52s Sys=0.00s Real=0.00s
[430.020s][info][gc,start       ] GC(2446) Pause Young (Allocation Failure)
[430.022s][info][gc,heap        ] GC(2446) PSYoungGen: 328064K(328192K)->736K(319488K) Eden: 327168K(327168K)->0K(318464K) From: 896K(1024K)->736K(1024K)
[430.022s][info][gc,heap        ] GC(2446) ParOldGen: 12768K(699392K)->12880K(699392K)
[430.022s][info][gc,metaspace   ] GC(2446) Metaspace: 14340K(15296K)->14340K(15296K) NonClass: 12380K(12928K)->12380K(12928K) Class: 1960K(2368K)->1960K(2368K)
[430.022s][info][gc             ] GC(2446) Pause Young (Allocation Failure) 332M->13M(995M) 2.145ms
[430.022s][info][gc,cpu         ] GC(2446) User=0.00s Sys=0.00s Real=0.00s
[430.232s][info][gc,start       ] GC(2447) Pause Young (Allocation Failure)
[430.235s][info][gc,heap        ] GC(2447) PSYoungGen: 319200K(319488K)->736K(310784K) Eden: 318464K(318464K)->0K(309760K) From: 736K(1024K)->736K(1024K)
[430.235s][info][gc,heap        ] GC(2447) ParOldGen: 12880K(699392K)->12952K(699392K)
[430.235s][info][gc,metaspace   ] GC(2447) Metaspace: 14340K(15296K)->14340K(15296K) NonClass: 12380K(12928K)->12380K(12928K) Class: 1960K(2368K)->1960K(2368K)
[430.235s][info][gc             ] GC(2447) Pause Young (Allocation Failure) 324M->13M(986M) 2.574ms
[430.235s][info][gc,cpu         ] GC(2447) User=0.52s Sys=0.00s Real=0.00s
[430.358s][info][gc,start       ] GC(2448) Pause Young (System.gc())
[430.360s][info][gc,heap        ] GC(2448) PSYoungGen: 53320K(310784K)->224K(310272K) Eden: 52584K(309760K)->0K(309760K) From: 736K(1024K)->224K(512K)
[430.360s][info][gc,heap        ] GC(2448) ParOldGen: 12952K(699392K)->13040K(699392K)
[430.360s][info][gc,metaspace   ] GC(2448) Metaspace: 14340K(15296K)->14340K(15296K) NonClass: 12380K(12928K)->12380K(12928K) Class: 1960K(2368K)->1960K(2368K)
[430.360s][info][gc             ] GC(2448) Pause Young (System.gc()) 64M->12M(986M) 2.531ms
[430.360s][info][gc,cpu         ] GC(2448) User=0.00s Sys=0.00s Real=0.00s
[430.360s][info][gc,start       ] GC(2449) Pause Full (System.gc())
[430.360s][info][gc,phases,start] GC(2449) Marking Phase
[430.374s][info][gc,phases      ] GC(2449) Marking Phase 13.381ms
[430.374s][info][gc,phases,start] GC(2449) Summary Phase
[430.374s][info][gc,phases      ] GC(2449) Summary Phase 0.020ms
[430.374s][info][gc,phases,start] GC(2449) Adjust Roots
[430.379s][info][gc,phases      ] GC(2449) Adjust Roots 4.545ms
[430.379s][info][gc,phases,start] GC(2449) Compaction Phase
[430.381s][info][gc,phases      ] GC(2449) Compaction Phase 1.975ms
[430.381s][info][gc,phases,start] GC(2449) Post Compact
[430.381s][info][gc,phases      ] GC(2449) Post Compact 0.306ms
[430.381s][info][gc,heap        ] GC(2449) PSYoungGen: 224K(310272K)->0K(310272K) Eden: 0K(309760K)->0K(309760K) From: 224K(512K)->0K(512K)
[430.381s][info][gc,heap        ] GC(2449) ParOldGen: 13040K(699392K)->5373K(699392K)
[430.381s][info][gc,metaspace   ] GC(2449) Metaspace: 14340K(15296K)->14340K(15296K) NonClass: 12380K(12928K)->12380K(12928K) Class: 1960K(2368K)->1960K(2368K)
[430.381s][info][gc             ] GC(2449) Pause Full (System.gc()) 12M->5M(986M) 20.526ms
[430.381s][info][gc,cpu         ] GC(2449) User=0.02s Sys=0.00s Real=0.02s
[430.573s][info][gc,start       ] GC(2450) Pause Young (Allocation Failure)
[430.576s][info][gc,heap        ] GC(2450) PSYoungGen: 309760K(310272K)->1536K(303104K) Eden: 309760K(309760K)->0K(301568K) From: 0K(512K)->1536K(1536K)
[430.576s][info][gc,heap        ] GC(2450) ParOldGen: 5373K(699392K)->5592K(699392K)
[430.576s][info][gc,metaspace   ] GC(2450) Metaspace: 14340K(15296K)->14340K(15296K) NonClass: 12380K(12928K)->12380K(12928K) Class: 1960K(2368K)->1960K(2368K)
[430.576s][info][gc             ] GC(2450) Pause Young (Allocation Failure) 307M->6M(979M) 2.362ms
[430.576s][info][gc,cpu         ] GC(2450) User=0.00s Sys=0.00s Real=0.00s
[430.747s][info][gc,start       ] GC(2451) Pause Young (Allocation Failure)
[430.749s][info][gc,heap        ] GC(2451) PSYoungGen: 303104K(303104K)->1024K(345088K) Eden: 301568K(301568K)->0K(343552K) From: 1536K(1536K)->1024K(1536K)
[430.749s][info][gc,heap        ] GC(2451) ParOldGen: 5592K(699392K)->7077K(699392K)
[430.749s][info][gc,metaspace   ] GC(2451) Metaspace: 14340K(15296K)->14340K(15296K) NonClass: 12380K(12928K)->12380K(12928K) Class: 1960K(2368K)->1960K(2368K)
[430.749s][info][gc             ] GC(2451) Pause Young (Allocation Failure) 301M->7M(1020M) 2.341ms
[430.749s][info][gc,cpu         ] GC(2451) User=0.00s Sys=0.00s Real=0.00s
[430.946s][info][gc,start       ] GC(2452) Pause Young (Allocation Failure)
[430.949s][info][gc,heap        ] GC(2452) PSYoungGen: 344576K(345088K)->1024K(347648K) Eden: 343552K(343552K)->0K(346112K) From: 1024K(1536K)->1024K(1536K)
[430.949s][info][gc,heap        ] GC(2452) ParOldGen: 7077K(699392K)->7149K(699392K)
[430.949s][info][gc,metaspace   ] GC(2452) Metaspace: 14340K(15296K)->14340K(15296K) NonClass: 12380K(12928K)->12380K(12928K) Class: 1960K(2368K)->1960K(2368K)
[430.949s][info][gc             ] GC(2452) Pause Young (Allocation Failure) 343M->7M(1022M) 2.273ms
[430.949s][info][gc,cpu         ] GC(2452) User=0.00s Sys=0.00s Real=0.00s
[431.148s][info][gc,start       ] GC(2453) Pause Young (Allocation Failure)
[431.150s][info][gc,heap        ] GC(2453) PSYoungGen: 347136K(347648K)->1024K(347648K) Eden: 346112K(346112K)->0K(346112K) From: 1024K(1536K)->1024K(1536K)
[431.150s][info][gc,heap        ] GC(2453) ParOldGen: 7149K(699392K)->7213K(699392K)
[431.150s][info][gc,metaspace   ] GC(2453) Metaspace: 14340K(15296K)->14340K(15296K) NonClass: 12380K(12928K)->12380K(12928K) Class: 1960K(2368K)->1960K(2368K)
[431.150s][info][gc             ] GC(2453) Pause Young (Allocation Failure) 345M->8M(1022M) 2.283ms
[431.150s][info][gc,cpu         ] GC(2453) User=0.00s Sys=0.00s Real=0.00s
[431.351s][info][gc,start       ] GC(2454) Pause Young (Allocation Failure)
[431.353s][info][gc,heap        ] GC(2454) PSYoungGen: 347136K(347648K)->1024K(347648K) Eden: 346112K(346112K)->0K(346112K) From: 1024K(1536K)->1024K(1536K)
[431.353s][info][gc,heap        ] GC(2454) ParOldGen: 7213K(699392K)->7301K(699392K)
[431.353s][info][gc,metaspace   ] GC(2454) Metaspace: 14340K(15296K)->14340K(15296K) NonClass: 12380K(12928K)->12380K(12928K) Class: 1960K(2368K)->1960K(2368K)
[431.353s][info][gc             ] GC(2454) Pause Young (Allocation Failure) 346M->8M(1022M) 2.355ms
[431.353s][info][gc,cpu         ] GC(2454) User=0.00s Sys=0.00s Real=0.00s
[431.554s][info][gc,start       ] GC(2455) Pause Young (Allocation Failure)
[431.556s][info][gc,heap        ] GC(2455) PSYoungGen: 347136K(347648K)->992K(347648K) Eden: 346112K(346112K)->0K(346112K) From: 1024K(1536K)->992K(1536K)
[431.556s][info][gc,heap        ] GC(2455) ParOldGen: 7301K(699392K)->7381K(699392K)
[431.556s][info][gc,metaspace   ] GC(2455) Metaspace: 14340K(15296K)->14340K(15296K) NonClass: 12380K(12928K)->12380K(12928K) Class: 1960K(2368K)->1960K(2368K)
[431.556s][info][gc             ] GC(2455) Pause Young (Allocation Failure) 346M->8M(1022M) 2.284ms
[431.556s][info][gc,cpu         ] GC(2455) User=0.00s Sys=0.00s Real=0.00s
[431.756s][info][gc,start       ] GC(2456) Pause Young (Allocation Failure)
[431.759s][info][gc,heap        ] GC(2456) PSYoungGen: 347104K(347648K)->1024K(347648K) Eden: 346112K(346112K)->0K(346112K) From: 992K(1536K)->1024K(1536K)
[431.759s][info][gc,heap        ] GC(2456) ParOldGen: 7381K(699392K)->7453K(699392K)
[431.759s][info][gc,metaspace   ] GC(2456) Metaspace: 14340K(15296K)->14340K(15296K) NonClass: 12380K(12928K)->12380K(12928K) Class: 1960K(2368K)->1960K(2368K)
[431.759s][info][gc             ] GC(2456) Pause Young (Allocation Failure) 346M->8M(1022M) 2.387ms
[431.759s][info][gc,cpu         ] GC(2456) User=0.00s Sys=0.00s Real=0.00s
[431.960s][info][gc,start       ] GC(2457) Pause Young (Allocation Failure)
[431.962s][info][gc,heap        ] GC(2457) PSYoungGen: 347136K(347648K)->992K(347648K) Eden: 346112K(346112K)->0K(346112K) From: 1024K(1536K)->992K(1536K)
[431.962s][info][gc,heap        ] GC(2457) ParOldGen: 7453K(699392K)->7557K(699392K)
[431.962s][info][gc,metaspace   ] GC(2457) Metaspace: 14340K(15296K)->14340K(15296K) NonClass: 12380K(12928K)->12380K(12928K) Class: 1960K(2368K)->1960K(2368K)
[431.962s][info][gc             ] GC(2457) Pause Young (Allocation Failure) 346M->8M(1022M) 2.442ms
[431.962s][info][gc,cpu         ] GC(2457) User=0.00s Sys=0.00s Real=0.00s
[432.163s][info][gc,start       ] GC(2458) Pause Young (Allocation Failure)
[432.166s][info][gc,heap        ] GC(2458) PSYoungGen: 347104K(347648K)->1024K(347648K) Eden: 346112K(346112K)->0K(346112K) From: 992K(1536K)->1024K(1536K)
[432.166s][info][gc,heap        ] GC(2458) ParOldGen: 7557K(699392K)->7637K(699392K)
[432.166s][info][gc,metaspace   ] GC(2458) Metaspace: 14340K(15296K)->14340K(15296K) NonClass: 12380K(12928K)->12380K(12928K) Class: 1960K(2368K)->1960K(2368K)
[432.166s][info][gc             ] GC(2458) Pause Young (Allocation Failure) 346M->8M(1022M) 2.452ms
[432.166s][info][gc,cpu         ] GC(2458) User=0.00s Sys=0.00s Real=0.00s
[432.367s][info][gc,start       ] GC(2459) Pause Young (Allocation Failure)
[432.370s][info][gc,heap        ] GC(2459) PSYoungGen: 347136K(347648K)->992K(347648K) Eden: 346112K(346112K)->0K(346112K) From: 1024K(1536K)->992K(1536K)
[432.370s][info][gc,heap        ] GC(2459) ParOldGen: 7637K(699392K)->7709K(699392K)
[432.370s][info][gc,metaspace   ] GC(2459) Metaspace: 14340K(15296K)->14340K(15296K) NonClass: 12380K(12928K)->12380K(12928K) Class: 1960K(2368K)->1960K(2368K)
[432.370s][info][gc             ] GC(2459) Pause Young (Allocation Failure) 346M->8M(1022M) 2.477ms
[432.370s][info][gc,cpu         ] GC(2459) User=0.00s Sys=0.00s Real=0.00s
[432.584s][info][gc,start       ] GC(2460) Pause Young (Allocation Failure)
[432.586s][info][gc,heap        ] GC(2460) PSYoungGen: 347104K(347648K)->992K(347648K) Eden: 346112K(346112K)->0K(346112K) From: 992K(1536K)->992K(1536K)
[432.586s][info][gc,heap        ] GC(2460) ParOldGen: 7709K(699392K)->7789K(699392K)
[432.586s][info][gc,metaspace   ] GC(2460) Metaspace: 14340K(15296K)->14340K(15296K) NonClass: 12380K(12928K)->12380K(12928K) Class: 1960K(2368K)->1960K(2368K)
[432.586s][info][gc             ] GC(2460) Pause Young (Allocation Failure) 346M->8M(1022M) 2.588ms
[432.586s][info][gc,cpu         ] GC(2460) User=0.00s Sys=0.00s Real=0.00s
[432.790s][info][gc,start       ] GC(2461) Pause Young (Allocation Failure)
[432.792s][info][gc,heap        ] GC(2461) PSYoungGen: 347104K(347648K)->1024K(347648K) Eden: 346112K(346112K)->0K(346112K) From: 992K(1536K)->1024K(1536K)
[432.792s][info][gc,heap        ] GC(2461) ParOldGen: 7789K(699392K)->7861K(699392K)
[432.792s][info][gc,metaspace   ] GC(2461) Metaspace: 14340K(15296K)->14340K(15296K) NonClass: 12380K(12928K)->12380K(12928K) Class: 1960K(2368K)->1960K(2368K)
[432.792s][info][gc             ] GC(2461) Pause Young (Allocation Failure) 346M->8M(1022M) 2.433ms
[432.792s][info][gc,cpu         ] GC(2461) User=0.00s Sys=0.00s Real=0.00s
[432.999s][info][gc,start       ] GC(2462) Pause Young (Allocation Failure)
[433.001s][info][gc,heap        ] GC(2462) PSYoungGen: 347136K(347648K)->1024K(347648K) Eden: 346112K(346112K)->0K(346112K) From: 1024K(1536K)->1024K(1536K)
[433.001s][info][gc,heap        ] GC(2462) ParOldGen: 7861K(699392K)->7957K(699392K)
[433.001s][info][gc,metaspace   ] GC(2462) Metaspace: 14340K(15296K)->14340K(15296K) NonClass: 12380K(12928K)->12380K(12928K) Class: 1960K(2368K)->1960K(2368K)
[433.001s][info][gc             ] GC(2462) Pause Young (Allocation Failure) 346M->8M(1022M) 2.183ms
[433.001s][info][gc,cpu         ] GC(2462) User=0.52s Sys=0.00s Real=0.00s
[433.205s][info][gc,start       ] GC(2463) Pause Young (Allocation Failure)
[433.207s][info][gc,heap        ] GC(2463) PSYoungGen: 347136K(347648K)->1024K(347648K) Eden: 346112K(346112K)->0K(346112K) From: 1024K(1536K)->1024K(1536K)
[433.207s][info][gc,heap        ] GC(2463) ParOldGen: 7957K(699392K)->8061K(699392K)
[433.207s][info][gc,metaspace   ] GC(2463) Metaspace: 14340K(15296K)->14340K(15296K) NonClass: 12380K(12928K)->12380K(12928K) Class: 1960K(2368K)->1960K(2368K)
[433.207s][info][gc             ] GC(2463) Pause Young (Allocation Failure) 346M->8M(1022M) 2.135ms
[433.207s][info][gc,cpu         ] GC(2463) User=0.00s Sys=0.00s Real=0.00s
[433.408s][info][gc,start       ] GC(2464) Pause Young (Allocation Failure)
[433.410s][info][gc,heap        ] GC(2464) PSYoungGen: 347136K(347648K)->1024K(347648K) Eden: 346112K(346112K)->0K(346112K) From: 1024K(1536K)->1024K(1536K)
[433.410s][info][gc,heap        ] GC(2464) ParOldGen: 8061K(699392K)->8173K(699392K)
[433.410s][info][gc,metaspace   ] GC(2464) Metaspace: 14340K(15296K)->14340K(15296K) NonClass: 12380K(12928K)->12380K(12928K) Class: 1960K(2368K)->1960K(2368K)
[433.410s][info][gc             ] GC(2464) Pause Young (Allocation Failure) 346M->8M(1022M) 2.161ms
[433.410s][info][gc,cpu         ] GC(2464) User=0.00s Sys=0.00s Real=0.00s
[433.611s][info][gc,start       ] GC(2465) Pause Young (Allocation Failure)
[433.613s][info][gc,heap        ] GC(2465) PSYoungGen: 347136K(347648K)->1024K(347648K) Eden: 346112K(346112K)->0K(346112K) From: 1024K(1536K)->1024K(1536K)
[433.613s][info][gc,heap        ] GC(2465) ParOldGen: 8173K(699392K)->8261K(699392K)
[433.613s][info][gc,metaspace   ] GC(2465) Metaspace: 14340K(15296K)->14340K(15296K) NonClass: 12380K(12928K)->12380K(12928K) Class: 1960K(2368K)->1960K(2368K)
[433.613s][info][gc             ] GC(2465) Pause Young (Allocation Failure) 346M->9M(1022M) 2.005ms
[433.613s][info][gc,cpu         ] GC(2465) User=0.00s Sys=0.00s Real=0.00s
[433.814s][info][gc,start       ] GC(2466) Pause Young (Allocation Failure)
[433.816s][info][gc,heap        ] GC(2466) PSYoungGen: 347136K(347648K)->1024K(337408K) Eden: 346112K(346112K)->0K(336384K) From: 1024K(1536K)->1024K(1024K)
[433.816s][info][gc,heap        ] GC(2466) ParOldGen: 8261K(699392K)->8357K(699392K)
[433.816s][info][gc,metaspace   ] GC(2466) Metaspace: 14340K(15296K)->14340K(15296K) NonClass: 12380K(12928K)->12380K(12928K) Class: 1960K(2368K)->1960K(2368K)
[433.816s][info][gc             ] GC(2466) Pause Young (Allocation Failure) 347M->9M(1012M) 2.119ms
[433.816s][info][gc,cpu         ] GC(2466) User=0.00s Sys=0.00s Real=0.00s
[434.011s][info][gc,start       ] GC(2467) Pause Young (Allocation Failure)
[434.013s][info][gc,heap        ] GC(2467) PSYoungGen: 337408K(337408K)->1024K(328192K) Eden: 336384K(336384K)->0K(327168K) From: 1024K(1024K)->1024K(1024K)
[434.013s][info][gc,heap        ] GC(2467) ParOldGen: 8357K(699392K)->8437K(699392K)
[434.014s][info][gc,metaspace   ] GC(2467) Metaspace: 14340K(15296K)->14340K(15296K) NonClass: 12380K(12928K)->12380K(12928K) Class: 1960K(2368K)->1960K(2368K)
[434.014s][info][gc             ] GC(2467) Pause Young (Allocation Failure) 337M->9M(1003M) 2.127ms
[434.014s][info][gc,cpu         ] GC(2467) User=0.00s Sys=0.00s Real=0.00s
[434.205s][info][gc,start       ] GC(2468) Pause Young (Allocation Failure)
[434.207s][info][gc,heap        ] GC(2468) PSYoungGen: 328192K(328192K)->1024K(346624K) Eden: 327168K(327168K)->0K(345088K) From: 1024K(1024K)->1024K(1536K)
[434.207s][info][gc,heap        ] GC(2468) ParOldGen: 8437K(699392K)->8525K(699392K)
[434.207s][info][gc,metaspace   ] GC(2468) Metaspace: 14340K(15296K)->14340K(15296K) NonClass: 12380K(12928K)->12380K(12928K) Class: 1960K(2368K)->1960K(2368K)
[434.207s][info][gc             ] GC(2468) Pause Young (Allocation Failure) 328M->9M(1021M) 2.163ms
[434.207s][info][gc,cpu         ] GC(2468) User=0.00s Sys=0.00s Real=0.00s
[434.410s][info][gc,start       ] GC(2469) Pause Young (Allocation Failure)
[434.412s][info][gc,heap        ] GC(2469) PSYoungGen: 346112K(346624K)->1024K(346624K) Eden: 345088K(345088K)->0K(345088K) From: 1024K(1536K)->1024K(1536K)
[434.412s][info][gc,heap        ] GC(2469) ParOldGen: 8525K(699392K)->8629K(699392K)
[434.412s][info][gc,metaspace   ] GC(2469) Metaspace: 14340K(15296K)->14340K(15296K) NonClass: 12380K(12928K)->12380K(12928K) Class: 1960K(2368K)->1960K(2368K)
[434.412s][info][gc             ] GC(2469) Pause Young (Allocation Failure) 346M->9M(1021M) 2.198ms
[434.412s][info][gc,cpu         ] GC(2469) User=0.00s Sys=0.00s Real=0.00s
[434.613s][info][gc,start       ] GC(2470) Pause Young (Allocation Failure)
[434.615s][info][gc,heap        ] GC(2470) PSYoungGen: 346112K(346624K)->1024K(347648K) Eden: 345088K(345088K)->0K(346112K) From: 1024K(1536K)->1024K(1536K)
[434.615s][info][gc,heap        ] GC(2470) ParOldGen: 8629K(699392K)->8693K(699392K)
[434.615s][info][gc,metaspace   ] GC(2470) Metaspace: 14340K(15296K)->14340K(15296K) NonClass: 12380K(12928K)->12380K(12928K) Class: 1960K(2368K)->1960K(2368K)
[434.615s][info][gc             ] GC(2470) Pause Young (Allocation Failure) 346M->9M(1022M) 2.257ms
[434.616s][info][gc,cpu         ] GC(2470) User=0.00s Sys=0.00s Real=0.00s
[434.818s][info][gc,start       ] GC(2471) Pause Young (Allocation Failure)
[434.820s][info][gc,heap        ] GC(2471) PSYoungGen: 347136K(347648K)->992K(347648K) Eden: 346112K(346112K)->0K(346112K) From: 1024K(1536K)->992K(1536K)
[434.820s][info][gc,heap        ] GC(2471) ParOldGen: 8693K(699392K)->8789K(699392K)
[434.820s][info][gc,metaspace   ] GC(2471) Metaspace: 14340K(15296K)->14340K(15296K) NonClass: 12380K(12928K)->12380K(12928K) Class: 1960K(2368K)->1960K(2368K)
[434.820s][info][gc             ] GC(2471) Pause Young (Allocation Failure) 347M->9M(1022M) 2.243ms
[434.820s][info][gc,cpu         ] GC(2471) User=0.00s Sys=0.00s Real=0.00s
[435.021s][info][gc,start       ] GC(2472) Pause Young (Allocation Failure)
[435.023s][info][gc,heap        ] GC(2472) PSYoungGen: 347104K(347648K)->1024K(347648K) Eden: 346112K(346112K)->0K(346112K) From: 992K(1536K)->1024K(1536K)
[435.023s][info][gc,heap        ] GC(2472) ParOldGen: 8789K(699392K)->8869K(699392K)
[435.023s][info][gc,metaspace   ] GC(2472) Metaspace: 14340K(15296K)->14340K(15296K) NonClass: 12380K(12928K)->12380K(12928K) Class: 1960K(2368K)->1960K(2368K)
[435.023s][info][gc             ] GC(2472) Pause Young (Allocation Failure) 347M->9M(1022M) 2.280ms
[435.023s][info][gc,cpu         ] GC(2472) User=0.00s Sys=0.00s Real=0.00s
[435.223s][info][gc,start       ] GC(2473) Pause Young (Allocation Failure)
[435.226s][info][gc,heap        ] GC(2473) PSYoungGen: 347136K(347648K)->1024K(347648K) Eden: 346112K(346112K)->0K(346112K) From: 1024K(1536K)->1024K(1536K)
[435.226s][info][gc,heap        ] GC(2473) ParOldGen: 8869K(699392K)->8965K(699392K)
[435.226s][info][gc,metaspace   ] GC(2473) Metaspace: 14340K(15296K)->14340K(15296K) NonClass: 12380K(12928K)->12380K(12928K) Class: 1960K(2368K)->1960K(2368K)
[435.226s][info][gc             ] GC(2473) Pause Young (Allocation Failure) 347M->9M(1022M) 2.300ms
[435.226s][info][gc,cpu         ] GC(2473) User=0.00s Sys=0.00s Real=0.00s
[435.427s][info][gc,start       ] GC(2474) Pause Young (Allocation Failure)
[435.430s][info][gc,heap        ] GC(2474) PSYoungGen: 347136K(347648K)->1024K(347648K) Eden: 346112K(346112K)->0K(346112K) From: 1024K(1536K)->1024K(1536K)
[435.430s][info][gc,heap        ] GC(2474) ParOldGen: 8965K(699392K)->9053K(699392K)
[435.430s][info][gc,metaspace   ] GC(2474) Metaspace: 14340K(15296K)->14340K(15296K) NonClass: 12380K(12928K)->12380K(12928K) Class: 1960K(2368K)->1960K(2368K)
[435.430s][info][gc             ] GC(2474) Pause Young (Allocation Failure) 347M->9M(1022M) 2.360ms
[435.430s][info][gc,cpu         ] GC(2474) User=0.00s Sys=0.00s Real=0.00s
[435.631s][info][gc,start       ] GC(2475) Pause Young (Allocation Failure)
[435.634s][info][gc,heap        ] GC(2475) PSYoungGen: 347136K(347648K)->1024K(347648K) Eden: 346112K(346112K)->0K(346112K) From: 1024K(1536K)->1024K(1536K)
[435.634s][info][gc,heap        ] GC(2475) ParOldGen: 9053K(699392K)->9125K(699392K)
[435.634s][info][gc,metaspace   ] GC(2475) Metaspace: 14340K(15296K)->14340K(15296K) NonClass: 12380K(12928K)->12380K(12928K) Class: 1960K(2368K)->1960K(2368K)
[435.634s][info][gc             ] GC(2475) Pause Young (Allocation Failure) 347M->9M(1022M) 2.391ms
[435.634s][info][gc,cpu         ] GC(2475) User=0.00s Sys=0.00s Real=0.00s
[435.836s][info][gc,start       ] GC(2476) Pause Young (Allocation Failure)
[435.839s][info][gc,heap        ] GC(2476) PSYoungGen: 347136K(347648K)->960K(347648K) Eden: 346112K(346112K)->0K(346112K) From: 1024K(1536K)->960K(1536K)
[435.839s][info][gc,heap        ] GC(2476) ParOldGen: 9125K(699392K)->9213K(699392K)
[435.839s][info][gc,metaspace   ] GC(2476) Metaspace: 14340K(15296K)->14340K(15296K) NonClass: 12380K(12928K)->12380K(12928K) Class: 1960K(2368K)->1960K(2368K)
[435.839s][info][gc             ] GC(2476) Pause Young (Allocation Failure) 347M->9M(1022M) 2.443ms
[435.839s][info][gc,cpu         ] GC(2476) User=0.00s Sys=0.00s Real=0.00s
[436.042s][info][gc,start       ] GC(2477) Pause Young (Allocation Failure)
[436.044s][info][gc,heap        ] GC(2477) PSYoungGen: 347072K(347648K)->992K(347648K) Eden: 346112K(346112K)->0K(346112K) From: 960K(1536K)->992K(1536K)
[436.044s][info][gc,heap        ] GC(2477) ParOldGen: 9213K(699392K)->9285K(699392K)
[436.044s][info][gc,metaspace   ] GC(2477) Metaspace: 14340K(15296K)->14340K(15296K) NonClass: 12380K(12928K)->12380K(12928K) Class: 1960K(2368K)->1960K(2368K)
[436.044s][info][gc             ] GC(2477) Pause Young (Allocation Failure) 347M->10M(1022M) 2.439ms
[436.044s][info][gc,cpu         ] GC(2477) User=0.00s Sys=0.00s Real=0.00s
[436.247s][info][gc,start       ] GC(2478) Pause Young (Allocation Failure)
[436.250s][info][gc,heap        ] GC(2478) PSYoungGen: 347104K(347648K)->1024K(347648K) Eden: 346112K(346112K)->0K(346112K) From: 992K(1536K)->1024K(1536K)
[436.250s][info][gc,heap        ] GC(2478) ParOldGen: 9285K(699392K)->9373K(699392K)
[436.250s][info][gc,metaspace   ] GC(2478) Metaspace: 14340K(15296K)->14340K(15296K) NonClass: 12380K(12928K)->12380K(12928K) Class: 1960K(2368K)->1960K(2368K)
[436.250s][info][gc             ] GC(2478) Pause Young (Allocation Failure) 348M->10M(1022M) 2.464ms
[436.250s][info][gc,cpu         ] GC(2478) User=0.00s Sys=0.00s Real=0.00s
[436.587s][info][gc,start       ] GC(2479) Pause Young (Allocation Failure)
[436.590s][info][gc,heap        ] GC(2479) PSYoungGen: 347136K(347648K)->1024K(347648K) Eden: 346112K(346112K)->0K(346112K) From: 1024K(1536K)->1024K(1536K)
[436.590s][info][gc,heap        ] GC(2479) ParOldGen: 9373K(699392K)->9461K(699392K)
[436.591s][info][gc,metaspace   ] GC(2479) Metaspace: 14340K(15296K)->14340K(15296K) NonClass: 12380K(12928K)->12380K(12928K) Class: 1960K(2368K)->1960K(2368K)
[436.591s][info][gc             ] GC(2479) Pause Young (Allocation Failure) 348M->10M(1022M) 3.338ms
[436.591s][info][gc,cpu         ] GC(2479) User=0.00s Sys=0.00s Real=0.00s
[436.798s][info][gc,start       ] GC(2480) Pause Young (Allocation Failure)
[436.800s][info][gc,heap        ] GC(2480) PSYoungGen: 347136K(347648K)->1024K(347648K) Eden: 346112K(346112K)->0K(346112K) From: 1024K(1536K)->1024K(1536K)
[436.800s][info][gc,heap        ] GC(2480) ParOldGen: 9461K(699392K)->9533K(699392K)
[436.800s][info][gc,metaspace   ] GC(2480) Metaspace: 14340K(15296K)->14340K(15296K) NonClass: 12380K(12928K)->12380K(12928K) Class: 1960K(2368K)->1960K(2368K)
[436.800s][info][gc             ] GC(2480) Pause Young (Allocation Failure) 348M->10M(1022M) 2.363ms
[436.800s][info][gc,cpu         ] GC(2480) User=0.00s Sys=0.00s Real=0.00s
[436.999s][info][gc,start       ] GC(2481) Pause Young (Allocation Failure)
[437.001s][info][gc,heap        ] GC(2481) PSYoungGen: 347136K(347648K)->992K(347648K) Eden: 346112K(346112K)->0K(346112K) From: 1024K(1536K)->992K(1536K)
[437.002s][info][gc,heap        ] GC(2481) ParOldGen: 9533K(699392K)->9637K(699392K)
[437.002s][info][gc,metaspace   ] GC(2481) Metaspace: 14340K(15296K)->14340K(15296K) NonClass: 12380K(12928K)->12380K(12928K) Class: 1960K(2368K)->1960K(2368K)
[437.002s][info][gc             ] GC(2481) Pause Young (Allocation Failure) 348M->10M(1022M) 2.190ms
[437.002s][info][gc,cpu         ] GC(2481) User=0.52s Sys=0.00s Real=0.00s
[437.202s][info][gc,start       ] GC(2482) Pause Young (Allocation Failure)
[437.204s][info][gc,heap        ] GC(2482) PSYoungGen: 347104K(347648K)->1024K(347648K) Eden: 346112K(346112K)->0K(346112K) From: 992K(1536K)->1024K(1536K)
[437.204s][info][gc,heap        ] GC(2482) ParOldGen: 9637K(699392K)->9725K(699392K)
[437.204s][info][gc,metaspace   ] GC(2482) Metaspace: 14340K(15296K)->14340K(15296K) NonClass: 12380K(12928K)->12380K(12928K) Class: 1960K(2368K)->1960K(2368K)
[437.204s][info][gc             ] GC(2482) Pause Young (Allocation Failure) 348M->10M(1022M) 2.192ms
[437.204s][info][gc,cpu         ] GC(2482) User=0.52s Sys=0.00s Real=0.00s
[437.405s][info][gc,start       ] GC(2483) Pause Young (Allocation Failure)
[437.407s][info][gc,heap        ] GC(2483) PSYoungGen: 347136K(347648K)->1024K(337408K) Eden: 346112K(346112K)->0K(336384K) From: 1024K(1536K)->1024K(1024K)
[437.407s][info][gc,heap        ] GC(2483) ParOldGen: 9725K(699392K)->9837K(699392K)
[437.407s][info][gc,metaspace   ] GC(2483) Metaspace: 14340K(15296K)->14340K(15296K) NonClass: 12380K(12928K)->12380K(12928K) Class: 1960K(2368K)->1960K(2368K)
[437.407s][info][gc             ] GC(2483) Pause Young (Allocation Failure) 348M->10M(1012M) 1.991ms
[437.407s][info][gc,cpu         ] GC(2483) User=0.52s Sys=0.00s Real=0.00s
[437.602s][info][gc,start       ] GC(2484) Pause Young (Allocation Failure)
[437.604s][info][gc,heap        ] GC(2484) PSYoungGen: 337408K(337408K)->1024K(328192K) Eden: 336384K(336384K)->0K(327168K) From: 1024K(1024K)->1024K(1024K)
[437.604s][info][gc,heap        ] GC(2484) ParOldGen: 9837K(699392K)->9925K(699392K)
[437.604s][info][gc,metaspace   ] GC(2484) Metaspace: 14340K(15296K)->14340K(15296K) NonClass: 12380K(12928K)->12380K(12928K) Class: 1960K(2368K)->1960K(2368K)
[437.604s][info][gc             ] GC(2484) Pause Young (Allocation Failure) 339M->10M(1003M) 2.055ms
[437.604s][info][gc,cpu         ] GC(2484) User=0.00s Sys=0.00s Real=0.00s
[437.793s][info][gc,start       ] GC(2485) Pause Young (Allocation Failure)
[437.795s][info][gc,heap        ] GC(2485) PSYoungGen: 328192K(328192K)->1024K(319488K) Eden: 327168K(327168K)->0K(318464K) From: 1024K(1024K)->1024K(1024K)
[437.795s][info][gc,heap        ] GC(2485) ParOldGen: 9925K(699392K)->9997K(699392K)
[437.795s][info][gc,metaspace   ] GC(2485) Metaspace: 14340K(15296K)->14340K(15296K) NonClass: 12380K(12928K)->12380K(12928K) Class: 1960K(2368K)->1960K(2368K)
[437.795s][info][gc             ] GC(2485) Pause Young (Allocation Failure) 330M->10M(995M) 2.069ms
[437.795s][info][gc,cpu         ] GC(2485) User=0.00s Sys=0.00s Real=0.00s
[437.981s][info][gc,start       ] GC(2486) Pause Young (Allocation Failure)
[437.983s][info][gc,heap        ] GC(2486) PSYoungGen: 319488K(319488K)->992K(346112K) Eden: 318464K(318464K)->0K(344576K) From: 1024K(1024K)->992K(1536K)
[437.983s][info][gc,heap        ] GC(2486) ParOldGen: 9997K(699392K)->10061K(699392K)
[437.983s][info][gc,metaspace   ] GC(2486) Metaspace: 14340K(15296K)->14340K(15296K) NonClass: 12380K(12928K)->12380K(12928K) Class: 1960K(2368K)->1960K(2368K)
[437.983s][info][gc             ] GC(2486) Pause Young (Allocation Failure) 321M->10M(1021M) 2.111ms
[437.983s][info][gc,cpu         ] GC(2486) User=0.00s Sys=0.00s Real=0.00s
[438.185s][info][gc,start       ] GC(2487) Pause Young (Allocation Failure)
[438.187s][info][gc,heap        ] GC(2487) PSYoungGen: 345568K(346112K)->992K(335872K) Eden: 344576K(344576K)->0K(334848K) From: 992K(1536K)->992K(1024K)
[438.187s][info][gc,heap        ] GC(2487) ParOldGen: 10061K(699392K)->10141K(699392K)
[438.187s][info][gc,metaspace   ] GC(2487) Metaspace: 14340K(15296K)->14340K(15296K) NonClass: 12380K(12928K)->12380K(12928K) Class: 1960K(2368K)->1960K(2368K)
[438.187s][info][gc             ] GC(2487) Pause Young (Allocation Failure) 347M->10M(1011M) 2.201ms
[438.187s][info][gc,cpu         ] GC(2487) User=0.00s Sys=0.00s Real=0.00s
[438.382s][info][gc,start       ] GC(2488) Pause Young (Allocation Failure)
[438.384s][info][gc,heap        ] GC(2488) PSYoungGen: 335840K(335872K)->992K(345088K) Eden: 334848K(334848K)->0K(344064K) From: 992K(1024K)->992K(1024K)
[438.384s][info][gc,heap        ] GC(2488) ParOldGen: 10141K(699392K)->10245K(699392K)
[438.384s][info][gc,metaspace   ] GC(2488) Metaspace: 14340K(15296K)->14340K(15296K) NonClass: 12380K(12928K)->12380K(12928K) Class: 1960K(2368K)->1960K(2368K)
[438.384s][info][gc             ] GC(2488) Pause Young (Allocation Failure) 337M->10M(1020M) 2.220ms
[438.384s][info][gc,cpu         ] GC(2488) User=0.00s Sys=0.00s Real=0.00s
[438.584s][info][gc,start       ] GC(2489) Pause Young (Allocation Failure)
[438.586s][info][gc,heap        ] GC(2489) PSYoungGen: 345056K(345088K)->992K(345600K) Eden: 344064K(344064K)->0K(344064K) From: 992K(1024K)->992K(1536K)
[438.587s][info][gc,heap        ] GC(2489) ParOldGen: 10245K(699392K)->10349K(699392K)
[438.587s][info][gc,metaspace   ] GC(2489) Metaspace: 14340K(15296K)->14340K(15296K) NonClass: 12380K(12928K)->12380K(12928K) Class: 1960K(2368K)->1960K(2368K)
[438.587s][info][gc             ] GC(2489) Pause Young (Allocation Failure) 346M->11M(1020M) 2.184ms
[438.587s][info][gc,cpu         ] GC(2489) User=0.00s Sys=0.00s Real=0.00s
[438.786s][info][gc,start       ] GC(2490) Pause Young (Allocation Failure)
[438.789s][info][gc,heap        ] GC(2490) PSYoungGen: 345056K(345600K)->1056K(347648K) Eden: 344064K(344064K)->0K(346112K) From: 992K(1536K)->1056K(1536K)
[438.789s][info][gc,heap        ] GC(2490) ParOldGen: 10349K(699392K)->10429K(699392K)
[438.789s][info][gc,metaspace   ] GC(2490) Metaspace: 14340K(15296K)->14340K(15296K) NonClass: 12380K(12928K)->12380K(12928K) Class: 1960K(2368K)->1960K(2368K)
[438.789s][info][gc             ] GC(2490) Pause Young (Allocation Failure) 347M->11M(1022M) 2.231ms
[438.789s][info][gc,cpu         ] GC(2490) User=0.00s Sys=0.00s Real=0.00s
[438.991s][info][gc,start       ] GC(2491) Pause Young (Allocation Failure)
[438.993s][info][gc,heap        ] GC(2491) PSYoungGen: 347168K(347648K)->1024K(347648K) Eden: 346112K(346112K)->0K(346112K) From: 1056K(1536K)->1024K(1536K)
[438.993s][info][gc,heap        ] GC(2491) ParOldGen: 10429K(699392K)->10493K(699392K)
[438.993s][info][gc,metaspace   ] GC(2491) Metaspace: 14340K(15296K)->14340K(15296K) NonClass: 12380K(12928K)->12380K(12928K) Class: 1960K(2368K)->1960K(2368K)
[438.993s][info][gc             ] GC(2491) Pause Young (Allocation Failure) 349M->11M(1022M) 2.251ms
[438.993s][info][gc,cpu         ] GC(2491) User=0.00s Sys=0.00s Real=0.00s
[439.195s][info][gc,start       ] GC(2492) Pause Young (Allocation Failure)
[439.198s][info][gc,heap        ] GC(2492) PSYoungGen: 347136K(347648K)->1024K(347648K) Eden: 346112K(346112K)->0K(346112K) From: 1024K(1536K)->1024K(1536K)
[439.198s][info][gc,heap        ] GC(2492) ParOldGen: 10493K(699392K)->10581K(699392K)
[439.198s][info][gc,metaspace   ] GC(2492) Metaspace: 14340K(15296K)->14340K(15296K) NonClass: 12380K(12928K)->12380K(12928K) Class: 1960K(2368K)->1960K(2368K)
[439.198s][info][gc             ] GC(2492) Pause Young (Allocation Failure) 349M->11M(1022M) 2.324ms
[439.198s][info][gc,cpu         ] GC(2492) User=0.00s Sys=0.00s Real=0.00s
[439.400s][info][gc,start       ] GC(2493) Pause Young (Allocation Failure)
[439.402s][info][gc,heap        ] GC(2493) PSYoungGen: 347136K(347648K)->1024K(347648K) Eden: 346112K(346112K)->0K(346112K) From: 1024K(1536K)->1024K(1536K)
[439.402s][info][gc,heap        ] GC(2493) ParOldGen: 10581K(699392K)->10677K(699392K)
[439.402s][info][gc,metaspace   ] GC(2493) Metaspace: 14340K(15296K)->14340K(15296K) NonClass: 12380K(12928K)->12380K(12928K) Class: 1960K(2368K)->1960K(2368K)
[439.402s][info][gc             ] GC(2493) Pause Young (Allocation Failure) 349M->11M(1022M) 2.311ms
[439.402s][info][gc,cpu         ] GC(2493) User=0.00s Sys=0.00s Real=0.00s
[439.604s][info][gc,start       ] GC(2494) Pause Young (Allocation Failure)
[439.606s][info][gc,heap        ] GC(2494) PSYoungGen: 347136K(347648K)->1024K(347648K) Eden: 346112K(346112K)->0K(346112K) From: 1024K(1536K)->1024K(1536K)
[439.606s][info][gc,heap        ] GC(2494) ParOldGen: 10677K(699392K)->10757K(699392K)
[439.606s][info][gc,metaspace   ] GC(2494) Metaspace: 14340K(15296K)->14340K(15296K) NonClass: 12380K(12928K)->12380K(12928K) Class: 1960K(2368K)->1960K(2368K)
[439.606s][info][gc             ] GC(2494) Pause Young (Allocation Failure) 349M->11M(1022M) 2.351ms
[439.606s][info][gc,cpu         ] GC(2494) User=0.00s Sys=0.00s Real=0.00s
[439.808s][info][gc,start       ] GC(2495) Pause Young (Allocation Failure)
[439.810s][info][gc,heap        ] GC(2495) PSYoungGen: 347136K(347648K)->1024K(347648K) Eden: 346112K(346112K)->0K(346112K) From: 1024K(1536K)->1024K(1536K)
[439.810s][info][gc,heap        ] GC(2495) ParOldGen: 10757K(699392K)->10837K(699392K)
[439.810s][info][gc,metaspace   ] GC(2495) Metaspace: 14340K(15296K)->14340K(15296K) NonClass: 12380K(12928K)->12380K(12928K) Class: 1960K(2368K)->1960K(2368K)
[439.810s][info][gc             ] GC(2495) Pause Young (Allocation Failure) 349M->11M(1022M) 2.439ms
[439.810s][info][gc,cpu         ] GC(2495) User=0.00s Sys=0.00s Real=0.00s
[440.013s][info][gc,start       ] GC(2496) Pause Young (Allocation Failure)
[440.016s][info][gc,heap        ] GC(2496) PSYoungGen: 347136K(347648K)->1024K(347648K) Eden: 346112K(346112K)->0K(346112K) From: 1024K(1536K)->1024K(1536K)
[440.016s][info][gc,heap        ] GC(2496) ParOldGen: 10837K(699392K)->10925K(699392K)
[440.016s][info][gc,metaspace   ] GC(2496) Metaspace: 14340K(15296K)->14340K(15296K) NonClass: 12380K(12928K)->12380K(12928K) Class: 1960K(2368K)->1960K(2368K)
[440.016s][info][gc             ] GC(2496) Pause Young (Allocation Failure) 349M->11M(1022M) 2.431ms
[440.016s][info][gc,cpu         ] GC(2496) User=0.02s Sys=0.00s Real=0.00s
[440.219s][info][gc,start       ] GC(2497) Pause Young (Allocation Failure)
[440.221s][info][gc,heap        ] GC(2497) PSYoungGen: 347136K(347648K)->960K(347648K) Eden: 346112K(346112K)->0K(346112K) From: 1024K(1536K)->960K(1536K)
[440.221s][info][gc,heap        ] GC(2497) ParOldGen: 10925K(699392K)->11013K(699392K)
[440.221s][info][gc,metaspace   ] GC(2497) Metaspace: 14340K(15296K)->14340K(15296K) NonClass: 12380K(12928K)->12380K(12928K) Class: 1960K(2368K)->1960K(2368K)
[440.221s][info][gc             ] GC(2497) Pause Young (Allocation Failure) 349M->11M(1022M) 2.455ms
[440.221s][info][gc,cpu         ] GC(2497) User=0.00s Sys=0.00s Real=0.00s
[440.502s][info][gc,start       ] GC(2498) Pause Young (Allocation Failure)
[440.505s][info][gc,heap        ] GC(2498) PSYoungGen: 347072K(347648K)->992K(347648K) Eden: 346112K(346112K)->0K(346112K) From: 960K(1536K)->992K(1536K)
[440.505s][info][gc,heap        ] GC(2498) ParOldGen: 11013K(699392K)->11113K(699392K)
[440.505s][info][gc,metaspace   ] GC(2498) Metaspace: 14340K(15296K)->14340K(15296K) NonClass: 12380K(12928K)->12380K(12928K) Class: 1960K(2368K)->1960K(2368K)
[440.505s][info][gc             ] GC(2498) Pause Young (Allocation Failure) 349M->11M(1022M) 3.245ms
[440.505s][info][gc,cpu         ] GC(2498) User=0.00s Sys=0.00s Real=0.00s
[440.713s][info][gc,start       ] GC(2499) Pause Young (Allocation Failure)
[440.715s][info][gc,heap        ] GC(2499) PSYoungGen: 347104K(347648K)->1024K(347648K) Eden: 346112K(346112K)->0K(346112K) From: 992K(1536K)->1024K(1536K)
[440.716s][info][gc,heap        ] GC(2499) ParOldGen: 11113K(699392K)->11193K(699392K)
[440.716s][info][gc,metaspace   ] GC(2499) Metaspace: 14340K(15296K)->14340K(15296K) NonClass: 12380K(12928K)->12380K(12928K) Class: 1960K(2368K)->1960K(2368K)
[440.716s][info][gc             ] GC(2499) Pause Young (Allocation Failure) 349M->11M(1022M) 2.304ms
[440.716s][info][gc,cpu         ] GC(2499) User=0.00s Sys=0.00s Real=0.00s
[440.915s][info][gc,start       ] GC(2500) Pause Young (Allocation Failure)
[440.917s][info][gc,heap        ] GC(2500) PSYoungGen: 347136K(347648K)->1024K(347648K) Eden: 346112K(346112K)->0K(346112K) From: 1024K(1536K)->1024K(1536K)
[440.917s][info][gc,heap        ] GC(2500) ParOldGen: 11193K(699392K)->11273K(699392K)
[440.917s][info][gc,metaspace   ] GC(2500) Metaspace: 14340K(15296K)->14340K(15296K) NonClass: 12380K(12928K)->12380K(12928K) Class: 1960K(2368K)->1960K(2368K)
[440.917s][info][gc             ] GC(2500) Pause Young (Allocation Failure) 349M->12M(1022M) 2.189ms
[440.917s][info][gc,cpu         ] GC(2500) User=0.00s Sys=0.00s Real=0.00s
[441.119s][info][gc,start       ] GC(2501) Pause Young (Allocation Failure)
[441.121s][info][gc,heap        ] GC(2501) PSYoungGen: 347136K(347648K)->992K(347648K) Eden: 346112K(346112K)->0K(346112K) From: 1024K(1536K)->992K(1536K)
[441.121s][info][gc,heap        ] GC(2501) ParOldGen: 11273K(699392K)->11361K(699392K)
[441.121s][info][gc,metaspace   ] GC(2501) Metaspace: 14340K(15296K)->14340K(15296K) NonClass: 12380K(12928K)->12380K(12928K) Class: 1960K(2368K)->1960K(2368K)
[441.121s][info][gc             ] GC(2501) Pause Young (Allocation Failure) 350M->12M(1022M) 1.980ms
[441.121s][info][gc,cpu         ] GC(2501) User=0.00s Sys=0.00s Real=0.00s
[441.322s][info][gc,start       ] GC(2502) Pause Young (Allocation Failure)
[441.324s][info][gc,heap        ] GC(2502) PSYoungGen: 347104K(347648K)->1024K(337408K) Eden: 346112K(346112K)->0K(336384K) From: 992K(1536K)->1024K(1024K)
[441.324s][info][gc,heap        ] GC(2502) ParOldGen: 11361K(699392K)->11449K(699392K)
[441.324s][info][gc,metaspace   ] GC(2502) Metaspace: 14340K(15296K)->14340K(15296K) NonClass: 12380K(12928K)->12380K(12928K) Class: 1960K(2368K)->1960K(2368K)
[441.324s][info][gc             ] GC(2502) Pause Young (Allocation Failure) 350M->12M(1012M) 2.000ms
[441.324s][info][gc,cpu         ] GC(2502) User=0.00s Sys=0.00s Real=0.00s
[441.518s][info][gc,start       ] GC(2503) Pause Young (Allocation Failure)
[441.520s][info][gc,heap        ] GC(2503) PSYoungGen: 337408K(337408K)->1024K(328192K) Eden: 336384K(336384K)->0K(327168K) From: 1024K(1024K)->1024K(1024K)
[441.520s][info][gc,heap        ] GC(2503) ParOldGen: 11449K(699392K)->11545K(699392K)
[441.520s][info][gc,metaspace   ] GC(2503) Metaspace: 14340K(15296K)->14340K(15296K) NonClass: 12380K(12928K)->12380K(12928K) Class: 1960K(2368K)->1960K(2368K)
[441.520s][info][gc             ] GC(2503) Pause Young (Allocation Failure) 340M->12M(1003M) 2.015ms
[441.520s][info][gc,cpu         ] GC(2503) User=0.00s Sys=0.00s Real=0.00s
[441.712s][info][gc,start       ] GC(2504) Pause Young (Allocation Failure)
[441.714s][info][gc,heap        ] GC(2504) PSYoungGen: 328192K(328192K)->1024K(319488K) Eden: 327168K(327168K)->0K(318464K) From: 1024K(1024K)->1024K(1024K)
[441.714s][info][gc,heap        ] GC(2504) ParOldGen: 11545K(699392K)->11617K(699392K)
[441.714s][info][gc,metaspace   ] GC(2504) Metaspace: 14340K(15296K)->14340K(15296K) NonClass: 12380K(12928K)->12380K(12928K) Class: 1960K(2368K)->1960K(2368K)
[441.714s][info][gc             ] GC(2504) Pause Young (Allocation Failure) 331M->12M(995M) 2.081ms
[441.714s][info][gc,cpu         ] GC(2504) User=0.00s Sys=0.00s Real=0.00s
[441.900s][info][gc,start       ] GC(2505) Pause Young (Allocation Failure)
[441.902s][info][gc,heap        ] GC(2505) PSYoungGen: 319488K(319488K)->992K(310784K) Eden: 318464K(318464K)->0K(309760K) From: 1024K(1024K)->992K(1024K)
[441.902s][info][gc,heap        ] GC(2505) ParOldGen: 11617K(699392K)->11705K(699392K)
[441.902s][info][gc,metaspace   ] GC(2505) Metaspace: 14340K(15296K)->14340K(15296K) NonClass: 12380K(12928K)->12380K(12928K) Class: 1960K(2368K)->1960K(2368K)
[441.902s][info][gc             ] GC(2505) Pause Young (Allocation Failure) 323M->12M(986M) 2.087ms
[441.902s][info][gc,cpu         ] GC(2505) User=0.00s Sys=0.00s Real=0.00s
[442.081s][info][gc,start       ] GC(2506) Pause Young (Allocation Failure)
[442.083s][info][gc,heap        ] GC(2506) PSYoungGen: 310752K(310784K)->1024K(345600K) Eden: 309760K(309760K)->0K(344064K) From: 992K(1024K)->1024K(1536K)
[442.083s][info][gc,heap        ] GC(2506) ParOldGen: 11705K(699392K)->11793K(699392K)
[442.083s][info][gc,metaspace   ] GC(2506) Metaspace: 14340K(15296K)->14340K(15296K) NonClass: 12380K(12928K)->12380K(12928K) Class: 1960K(2368K)->1960K(2368K)
[442.083s][info][gc             ] GC(2506) Pause Young (Allocation Failure) 314M->12M(1020M) 2.127ms
[442.083s][info][gc,cpu         ] GC(2506) User=0.00s Sys=0.00s Real=0.00s
[442.281s][info][gc,start       ] GC(2507) Pause Young (Allocation Failure)
[442.283s][info][gc,heap        ] GC(2507) PSYoungGen: 345088K(345600K)->992K(345600K) Eden: 344064K(344064K)->0K(344064K) From: 1024K(1536K)->992K(1536K)
[442.283s][info][gc,heap        ] GC(2507) ParOldGen: 11793K(699392K)->11865K(699392K)
[442.283s][info][gc,metaspace   ] GC(2507) Metaspace: 14340K(15296K)->14340K(15296K) NonClass: 12380K(12928K)->12380K(12928K) Class: 1960K(2368K)->1960K(2368K)
[442.283s][info][gc             ] GC(2507) Pause Young (Allocation Failure) 348M->12M(1020M) 2.170ms
[442.283s][info][gc,cpu         ] GC(2507) User=0.52s Sys=0.00s Real=0.00s
[442.482s][info][gc,start       ] GC(2508) Pause Young (Allocation Failure)
[442.484s][info][gc,heap        ] GC(2508) PSYoungGen: 345056K(345600K)->1056K(347648K) Eden: 344064K(344064K)->0K(346112K) From: 992K(1536K)->1056K(1536K)
[442.484s][info][gc,heap        ] GC(2508) ParOldGen: 11865K(699392K)->11929K(699392K)
[442.484s][info][gc,metaspace   ] GC(2508) Metaspace: 14340K(15296K)->14340K(15296K) NonClass: 12380K(12928K)->12380K(12928K) Class: 1960K(2368K)->1960K(2368K)
[442.484s][info][gc             ] GC(2508) Pause Young (Allocation Failure) 348M->12M(1022M) 2.217ms
[442.484s][info][gc,cpu         ] GC(2508) User=0.00s Sys=0.00s Real=0.00s
[442.685s][info][gc,start       ] GC(2509) Pause Young (Allocation Failure)
[442.687s][info][gc,heap        ] GC(2509) PSYoungGen: 347168K(347648K)->992K(347648K) Eden: 346112K(346112K)->0K(346112K) From: 1056K(1536K)->992K(1536K)
[442.687s][info][gc,heap        ] GC(2509) ParOldGen: 11929K(699392K)->12017K(699392K)
[442.687s][info][gc,metaspace   ] GC(2509) Metaspace: 14340K(15296K)->14340K(15296K) NonClass: 12380K(12928K)->12380K(12928K) Class: 1960K(2368K)->1960K(2368K)
[442.687s][info][gc             ] GC(2509) Pause Young (Allocation Failure) 350M->12M(1022M) 2.238ms
[442.687s][info][gc,cpu         ] GC(2509) User=0.00s Sys=0.02s Real=0.00s
[442.887s][info][gc,start       ] GC(2510) Pause Young (Allocation Failure)
[442.889s][info][gc,heap        ] GC(2510) PSYoungGen: 347104K(347648K)->1024K(347648K) Eden: 346112K(346112K)->0K(346112K) From: 992K(1536K)->1024K(1536K)
[442.889s][info][gc,heap        ] GC(2510) ParOldGen: 12017K(699392K)->12081K(699392K)
[442.889s][info][gc,metaspace   ] GC(2510) Metaspace: 14340K(15296K)->14340K(15296K) NonClass: 12380K(12928K)->12380K(12928K) Class: 1960K(2368K)->1960K(2368K)
[442.889s][info][gc             ] GC(2510) Pause Young (Allocation Failure) 350M->12M(1022M) 2.265ms
[442.889s][info][gc,cpu         ] GC(2510) User=0.00s Sys=0.00s Real=0.00s
[443.089s][info][gc,start       ] GC(2511) Pause Young (Allocation Failure)
[443.092s][info][gc,heap        ] GC(2511) PSYoungGen: 347136K(347648K)->1024K(347648K) Eden: 346112K(346112K)->0K(346112K) From: 1024K(1536K)->1024K(1536K)
[443.092s][info][gc,heap        ] GC(2511) ParOldGen: 12081K(699392K)->12145K(699392K)
[443.092s][info][gc,metaspace   ] GC(2511) Metaspace: 14340K(15296K)->14340K(15296K) NonClass: 12380K(12928K)->12380K(12928K) Class: 1960K(2368K)->1960K(2368K)
[443.092s][info][gc             ] GC(2511) Pause Young (Allocation Failure) 350M->12M(1022M) 2.303ms
[443.092s][info][gc,cpu         ] GC(2511) User=0.00s Sys=0.00s Real=0.00s
[443.292s][info][gc,start       ] GC(2512) Pause Young (Allocation Failure)
[443.295s][info][gc,heap        ] GC(2512) PSYoungGen: 347136K(347648K)->1024K(347648K) Eden: 346112K(346112K)->0K(346112K) From: 1024K(1536K)->1024K(1536K)
[443.295s][info][gc,heap        ] GC(2512) ParOldGen: 12145K(699392K)->12241K(699392K)
[443.295s][info][gc,metaspace   ] GC(2512) Metaspace: 14340K(15296K)->14340K(15296K) NonClass: 12380K(12928K)->12380K(12928K) Class: 1960K(2368K)->1960K(2368K)
[443.295s][info][gc             ] GC(2512) Pause Young (Allocation Failure) 350M->12M(1022M) 2.305ms
[443.295s][info][gc,cpu         ] GC(2512) User=0.00s Sys=0.00s Real=0.00s
[443.495s][info][gc,start       ] GC(2513) Pause Young (Allocation Failure)
[443.497s][info][gc,heap        ] GC(2513) PSYoungGen: 347136K(347648K)->1024K(347648K) Eden: 346112K(346112K)->0K(346112K) From: 1024K(1536K)->1024K(1536K)
[443.497s][info][gc,heap        ] GC(2513) ParOldGen: 12241K(699392K)->12361K(699392K)
[443.497s][info][gc,metaspace   ] GC(2513) Metaspace: 14340K(15296K)->14340K(15296K) NonClass: 12380K(12928K)->12380K(12928K) Class: 1960K(2368K)->1960K(2368K)
[443.497s][info][gc             ] GC(2513) Pause Young (Allocation Failure) 350M->13M(1022M) 2.342ms
[443.497s][info][gc,cpu         ] GC(2513) User=0.00s Sys=0.00s Real=0.00s
[443.695s][info][gc,start       ] GC(2514) Pause Young (Allocation Failure)
[443.698s][info][gc,heap        ] GC(2514) PSYoungGen: 347136K(347648K)->1024K(347648K) Eden: 346112K(346112K)->0K(346112K) From: 1024K(1536K)->1024K(1536K)
[443.698s][info][gc,heap        ] GC(2514) ParOldGen: 12361K(699392K)->12457K(699392K)
[443.698s][info][gc,metaspace   ] GC(2514) Metaspace: 14340K(15296K)->14340K(15296K) NonClass: 12380K(12928K)->12380K(12928K) Class: 1960K(2368K)->1960K(2368K)
[443.698s][info][gc             ] GC(2514) Pause Young (Allocation Failure) 351M->13M(1022M) 2.385ms
[443.698s][info][gc,cpu         ] GC(2514) User=0.00s Sys=0.00s Real=0.00s
[443.898s][info][gc,start       ] GC(2515) Pause Young (Allocation Failure)
[443.901s][info][gc,heap        ] GC(2515) PSYoungGen: 347136K(347648K)->1024K(347648K) Eden: 346112K(346112K)->0K(346112K) From: 1024K(1536K)->1024K(1536K)
[443.901s][info][gc,heap        ] GC(2515) ParOldGen: 12457K(699392K)->12529K(699392K)
[443.901s][info][gc,metaspace   ] GC(2515) Metaspace: 14340K(15296K)->14340K(15296K) NonClass: 12380K(12928K)->12380K(12928K) Class: 1960K(2368K)->1960K(2368K)
[443.901s][info][gc             ] GC(2515) Pause Young (Allocation Failure) 351M->13M(1022M) 2.377ms
[443.901s][info][gc,cpu         ] GC(2515) User=0.00s Sys=0.00s Real=0.00s
[444.101s][info][gc,start       ] GC(2516) Pause Young (Allocation Failure)
[444.103s][info][gc,heap        ] GC(2516) PSYoungGen: 347136K(347648K)->1024K(347648K) Eden: 346112K(346112K)->0K(346112K) From: 1024K(1536K)->1024K(1536K)
[444.104s][info][gc,heap        ] GC(2516) ParOldGen: 12529K(699392K)->12617K(699392K)
[444.104s][info][gc,metaspace   ] GC(2516) Metaspace: 14340K(15296K)->14340K(15296K) NonClass: 12380K(12928K)->12380K(12928K) Class: 1960K(2368K)->1960K(2368K)
[444.104s][info][gc             ] GC(2516) Pause Young (Allocation Failure) 351M->13M(1022M) 2.459ms
[444.104s][info][gc,cpu         ] GC(2516) User=0.00s Sys=0.00s Real=0.00s
[444.302s][info][gc,start       ] GC(2517) Pause Young (Allocation Failure)
[444.305s][info][gc,heap        ] GC(2517) PSYoungGen: 347136K(347648K)->992K(347648K) Eden: 346112K(346112K)->0K(346112K) From: 1024K(1536K)->992K(1536K)
[444.305s][info][gc,heap        ] GC(2517) ParOldGen: 12617K(699392K)->12697K(699392K)
[444.305s][info][gc,metaspace   ] GC(2517) Metaspace: 14340K(15296K)->14340K(15296K) NonClass: 12380K(12928K)->12380K(12928K) Class: 1960K(2368K)->1960K(2368K)
[444.305s][info][gc             ] GC(2517) Pause Young (Allocation Failure) 351M->13M(1022M) 2.519ms
[444.305s][info][gc,cpu         ] GC(2517) User=0.00s Sys=0.00s Real=0.00s
[444.508s][info][gc,start       ] GC(2518) Pause Young (Allocation Failure)
[444.510s][info][gc,heap        ] GC(2518) PSYoungGen: 347104K(347648K)->1024K(347648K) Eden: 346112K(346112K)->0K(346112K) From: 992K(1536K)->1024K(1536K)
[444.510s][info][gc,heap        ] GC(2518) ParOldGen: 12697K(699392K)->12817K(699392K)
[444.510s][info][gc,metaspace   ] GC(2518) Metaspace: 14340K(15296K)->14340K(15296K) NonClass: 12380K(12928K)->12380K(12928K) Class: 1960K(2368K)->1960K(2368K)
[444.510s][info][gc             ] GC(2518) Pause Young (Allocation Failure) 351M->13M(1022M) 2.539ms
[444.510s][info][gc,cpu         ] GC(2518) User=0.00s Sys=0.00s Real=0.00s
[444.717s][info][gc,start       ] GC(2519) Pause Young (Allocation Failure)
[444.719s][info][gc,heap        ] GC(2519) PSYoungGen: 347136K(347648K)->1024K(347648K) Eden: 346112K(346112K)->0K(346112K) From: 1024K(1536K)->1024K(1536K)
[444.719s][info][gc,heap        ] GC(2519) ParOldGen: 12817K(699392K)->12889K(699392K)
[444.719s][info][gc,metaspace   ] GC(2519) Metaspace: 14340K(15296K)->14340K(15296K) NonClass: 12380K(12928K)->12380K(12928K) Class: 1960K(2368K)->1960K(2368K)
[444.719s][info][gc             ] GC(2519) Pause Young (Allocation Failure) 351M->13M(1022M) 2.574ms
[444.719s][info][gc,cpu         ] GC(2519) User=0.00s Sys=0.00s Real=0.00s
[444.936s][info][gc,start       ] GC(2520) Pause Young (Allocation Failure)
[444.939s][info][gc,heap        ] GC(2520) PSYoungGen: 347136K(347648K)->1024K(347648K) Eden: 346112K(346112K)->0K(346112K) From: 1024K(1536K)->1024K(1536K)
[444.939s][info][gc,heap        ] GC(2520) ParOldGen: 12889K(699392K)->12977K(699392K)
[444.939s][info][gc,metaspace   ] GC(2520) Metaspace: 14340K(15296K)->14340K(15296K) NonClass: 12380K(12928K)->12380K(12928K) Class: 1960K(2368K)->1960K(2368K)
[444.939s][info][gc             ] GC(2520) Pause Young (Allocation Failure) 351M->13M(1022M) 2.573ms
[444.939s][info][gc,cpu         ] GC(2520) User=0.00s Sys=0.00s Real=0.00s
[445.188s][info][gc,start       ] GC(2521) Pause Young (Allocation Failure)
[445.190s][info][gc,heap        ] GC(2521) PSYoungGen: 347136K(347648K)->896K(347648K) Eden: 346112K(346112K)->0K(346112K) From: 1024K(1536K)->896K(1536K)
[445.191s][info][gc,heap        ] GC(2521) ParOldGen: 12977K(699392K)->13065K(699392K)
[445.191s][info][gc,metaspace   ] GC(2521) Metaspace: 14340K(15296K)->14340K(15296K) NonClass: 12380K(12928K)->12380K(12928K) Class: 1960K(2368K)->1960K(2368K)
[445.191s][info][gc             ] GC(2521) Pause Young (Allocation Failure) 351M->13M(1022M) 2.660ms
[445.191s][info][gc,cpu         ] GC(2521) User=0.00s Sys=0.00s Real=0.00s
[445.403s][info][gc,start       ] GC(2522) Pause Young (System.gc())
[445.405s][info][gc,heap        ] GC(2522) PSYoungGen: 280314K(347648K)->288K(347648K) Eden: 279418K(346112K)->0K(346112K) From: 896K(1536K)->288K(1536K)
[445.405s][info][gc,heap        ] GC(2522) ParOldGen: 13065K(699392K)->13161K(699392K)
[445.405s][info][gc,metaspace   ] GC(2522) Metaspace: 14340K(15296K)->14340K(15296K) NonClass: 12380K(12928K)->12380K(12928K) Class: 1960K(2368K)->1960K(2368K)
[445.406s][info][gc             ] GC(2522) Pause Young (System.gc()) 286M->13M(1022M) 2.984ms
[445.406s][info][gc,cpu         ] GC(2522) User=0.00s Sys=0.00s Real=0.00s
[445.406s][info][gc,start       ] GC(2523) Pause Full (System.gc())
[445.406s][info][gc,phases,start] GC(2523) Marking Phase
[445.417s][info][gc,phases      ] GC(2523) Marking Phase 11.770ms
[445.418s][info][gc,phases,start] GC(2523) Summary Phase
[445.418s][info][gc,phases      ] GC(2523) Summary Phase 0.016ms
[445.418s][info][gc,phases,start] GC(2523) Adjust Roots
[445.424s][info][gc,phases      ] GC(2523) Adjust Roots 6.448ms
[445.424s][info][gc,phases,start] GC(2523) Compaction Phase
[445.426s][info][gc,phases      ] GC(2523) Compaction Phase 1.601ms
[445.426s][info][gc,phases,start] GC(2523) Post Compact
[445.426s][info][gc,phases      ] GC(2523) Post Compact 0.358ms
[445.426s][info][gc,heap        ] GC(2523) PSYoungGen: 288K(347648K)->0K(347648K) Eden: 0K(346112K)->0K(346112K) From: 288K(1536K)->0K(1536K)
[445.426s][info][gc,heap        ] GC(2523) ParOldGen: 13161K(699392K)->5374K(699392K)
[445.426s][info][gc,metaspace   ] GC(2523) Metaspace: 14340K(15296K)->14340K(15296K) NonClass: 12380K(12928K)->12380K(12928K) Class: 1960K(2368K)->1960K(2368K)
[445.426s][info][gc             ] GC(2523) Pause Full (System.gc()) 13M->5M(1022M) 20.514ms
[445.426s][info][gc,cpu         ] GC(2523) User=0.02s Sys=0.00s Real=0.02s
[445.643s][info][gc,start       ] GC(2524) Pause Young (Allocation Failure)
[445.646s][info][gc,heap        ] GC(2524) PSYoungGen: 346112K(347648K)->1536K(347648K) Eden: 346112K(346112K)->0K(346112K) From: 0K(1536K)->1536K(1536K)
[445.646s][info][gc,heap        ] GC(2524) ParOldGen: 5374K(699392K)->5758K(699392K)
[445.646s][info][gc,metaspace   ] GC(2524) Metaspace: 14340K(15296K)->14340K(15296K) NonClass: 12380K(12928K)->12380K(12928K) Class: 1960K(2368K)->1960K(2368K)
[445.646s][info][gc             ] GC(2524) Pause Young (Allocation Failure) 343M->7M(1022M) 2.740ms
[445.646s][info][gc,cpu         ] GC(2524) User=0.00s Sys=0.00s Real=0.00s
[445.847s][info][gc,start       ] GC(2525) Pause Young (Allocation Failure)
[445.849s][info][gc,heap        ] GC(2525) PSYoungGen: 347648K(347648K)->1024K(347648K) Eden: 346112K(346112K)->0K(346112K) From: 1536K(1536K)->1024K(1536K)
[445.849s][info][gc,heap        ] GC(2525) ParOldGen: 5758K(699392K)->7050K(699392K)
[445.849s][info][gc,metaspace   ] GC(2525) Metaspace: 14340K(15296K)->14340K(15296K) NonClass: 12380K(12928K)->12380K(12928K) Class: 1960K(2368K)->1960K(2368K)
[445.849s][info][gc             ] GC(2525) Pause Young (Allocation Failure) 345M->7M(1022M) 2.317ms
[445.849s][info][gc,cpu         ] GC(2525) User=0.00s Sys=0.00s Real=0.00s
[446.051s][info][gc,start       ] GC(2526) Pause Young (Allocation Failure)
[446.053s][info][gc,heap        ] GC(2526) PSYoungGen: 347136K(347648K)->1024K(347648K) Eden: 346112K(346112K)->0K(346112K) From: 1024K(1536K)->1024K(1536K)
[446.053s][info][gc,heap        ] GC(2526) ParOldGen: 7050K(699392K)->7130K(699392K)
[446.053s][info][gc,metaspace   ] GC(2526) Metaspace: 14340K(15296K)->14340K(15296K) NonClass: 12380K(12928K)->12380K(12928K) Class: 1960K(2368K)->1960K(2368K)
[446.053s][info][gc             ] GC(2526) Pause Young (Allocation Failure) 345M->7M(1022M) 2.306ms
[446.054s][info][gc,cpu         ] GC(2526) User=0.00s Sys=0.00s Real=0.00s
[446.258s][info][gc,start       ] GC(2527) Pause Young (Allocation Failure)
[446.260s][info][gc,heap        ] GC(2527) PSYoungGen: 347136K(347648K)->1056K(347648K) Eden: 346112K(346112K)->0K(346112K) From: 1024K(1536K)->1056K(1536K)
[446.260s][info][gc,heap        ] GC(2527) ParOldGen: 7130K(699392K)->7218K(699392K)
[446.260s][info][gc,metaspace   ] GC(2527) Metaspace: 14340K(15296K)->14340K(15296K) NonClass: 12380K(12928K)->12380K(12928K) Class: 1960K(2368K)->1960K(2368K)
[446.260s][info][gc             ] GC(2527) Pause Young (Allocation Failure) 345M->8M(1022M) 2.253ms
[446.260s][info][gc,cpu         ] GC(2527) User=0.00s Sys=0.00s Real=0.00s
[446.462s][info][gc,start       ] GC(2528) Pause Young (Allocation Failure)
[446.464s][info][gc,heap        ] GC(2528) PSYoungGen: 347168K(347648K)->1024K(347648K) Eden: 346112K(346112K)->0K(346112K) From: 1056K(1536K)->1024K(1536K)
[446.464s][info][gc,heap        ] GC(2528) ParOldGen: 7218K(699392K)->7306K(699392K)
[446.464s][info][gc,metaspace   ] GC(2528) Metaspace: 14340K(15296K)->14340K(15296K) NonClass: 12380K(12928K)->12380K(12928K) Class: 1960K(2368K)->1960K(2368K)
[446.464s][info][gc             ] GC(2528) Pause Young (Allocation Failure) 346M->8M(1022M) 2.221ms
[446.464s][info][gc,cpu         ] GC(2528) User=0.00s Sys=0.00s Real=0.00s
[446.664s][info][gc,start       ] GC(2529) Pause Young (Allocation Failure)
[446.666s][info][gc,heap        ] GC(2529) PSYoungGen: 347136K(347648K)->1024K(347648K) Eden: 346112K(346112K)->0K(346112K) From: 1024K(1536K)->1024K(1536K)
[446.667s][info][gc,heap        ] GC(2529) ParOldGen: 7306K(699392K)->7386K(699392K)
[446.667s][info][gc,metaspace   ] GC(2529) Metaspace: 14340K(15296K)->14340K(15296K) NonClass: 12380K(12928K)->12380K(12928K) Class: 1960K(2368K)->1960K(2368K)
[446.667s][info][gc             ] GC(2529) Pause Young (Allocation Failure) 346M->8M(1022M) 2.224ms
[446.667s][info][gc,cpu         ] GC(2529) User=0.00s Sys=0.00s Real=0.00s
[446.868s][info][gc,start       ] GC(2530) Pause Young (Allocation Failure)
[446.870s][info][gc,heap        ] GC(2530) PSYoungGen: 347136K(347648K)->992K(347648K) Eden: 346112K(346112K)->0K(346112K) From: 1024K(1536K)->992K(1536K)
[446.870s][info][gc,heap        ] GC(2530) ParOldGen: 7386K(699392K)->7482K(699392K)
[446.870s][info][gc,metaspace   ] GC(2530) Metaspace: 14340K(15296K)->14340K(15296K) NonClass: 12380K(12928K)->12380K(12928K) Class: 1960K(2368K)->1960K(2368K)
[446.870s][info][gc             ] GC(2530) Pause Young (Allocation Failure) 346M->8M(1022M) 2.279ms
[446.870s][info][gc,cpu         ] GC(2530) User=0.00s Sys=0.00s Real=0.00s
[447.071s][info][gc,start       ] GC(2531) Pause Young (Allocation Failure)
[447.073s][info][gc,heap        ] GC(2531) PSYoungGen: 347104K(347648K)->992K(347648K) Eden: 346112K(346112K)->0K(346112K) From: 992K(1536K)->992K(1536K)
[447.073s][info][gc,heap        ] GC(2531) ParOldGen: 7482K(699392K)->7562K(699392K)
[447.073s][info][gc,metaspace   ] GC(2531) Metaspace: 14340K(15296K)->14340K(15296K) NonClass: 12380K(12928K)->12380K(12928K) Class: 1960K(2368K)->1960K(2368K)
[447.073s][info][gc             ] GC(2531) Pause Young (Allocation Failure) 346M->8M(1022M) 2.299ms
[447.074s][info][gc,cpu         ] GC(2531) User=0.00s Sys=0.00s Real=0.00s
[447.275s][info][gc,start       ] GC(2532) Pause Young (Allocation Failure)
[447.278s][info][gc,heap        ] GC(2532) PSYoungGen: 347104K(347648K)->1024K(347648K) Eden: 346112K(346112K)->0K(346112K) From: 992K(1536K)->1024K(1536K)
[447.278s][info][gc,heap        ] GC(2532) ParOldGen: 7562K(699392K)->7658K(699392K)
[447.278s][info][gc,metaspace   ] GC(2532) Metaspace: 14340K(15296K)->14340K(15296K) NonClass: 12380K(12928K)->12380K(12928K) Class: 1960K(2368K)->1960K(2368K)
[447.278s][info][gc             ] GC(2532) Pause Young (Allocation Failure) 346M->8M(1022M) 2.308ms
[447.278s][info][gc,cpu         ] GC(2532) User=0.00s Sys=0.00s Real=0.00s
[447.481s][info][gc,start       ] GC(2533) Pause Young (Allocation Failure)
[447.483s][info][gc,heap        ] GC(2533) PSYoungGen: 347136K(347648K)->992K(347648K) Eden: 346112K(346112K)->0K(346112K) From: 1024K(1536K)->992K(1536K)
[447.483s][info][gc,heap        ] GC(2533) ParOldGen: 7658K(699392K)->7762K(699392K)
[447.483s][info][gc,metaspace   ] GC(2533) Metaspace: 14340K(15296K)->14340K(15296K) NonClass: 12380K(12928K)->12380K(12928K) Class: 1960K(2368K)->1960K(2368K)
[447.483s][info][gc             ] GC(2533) Pause Young (Allocation Failure) 346M->8M(1022M) 2.370ms
[447.483s][info][gc,cpu         ] GC(2533) User=0.00s Sys=0.00s Real=0.00s
[447.684s][info][gc,start       ] GC(2534) Pause Young (Allocation Failure)
[447.686s][info][gc,heap        ] GC(2534) PSYoungGen: 347104K(347648K)->1024K(347648K) Eden: 346112K(346112K)->0K(346112K) From: 992K(1536K)->1024K(1536K)
[447.686s][info][gc,heap        ] GC(2534) ParOldGen: 7762K(699392K)->7850K(699392K)
[447.686s][info][gc,metaspace   ] GC(2534) Metaspace: 14340K(15296K)->14340K(15296K) NonClass: 12380K(12928K)->12380K(12928K) Class: 1960K(2368K)->1960K(2368K)
[447.686s][info][gc             ] GC(2534) Pause Young (Allocation Failure) 346M->8M(1022M) 2.357ms
[447.686s][info][gc,cpu         ] GC(2534) User=0.00s Sys=0.00s Real=0.00s
[447.889s][info][gc,start       ] GC(2535) Pause Young (Allocation Failure)
[447.891s][info][gc,heap        ] GC(2535) PSYoungGen: 347136K(347648K)->1056K(347648K) Eden: 346112K(346112K)->0K(346112K) From: 1024K(1536K)->1056K(1536K)
[447.891s][info][gc,heap        ] GC(2535) ParOldGen: 7850K(699392K)->7946K(699392K)
[447.891s][info][gc,metaspace   ] GC(2535) Metaspace: 14340K(15296K)->14340K(15296K) NonClass: 12380K(12928K)->12380K(12928K) Class: 1960K(2368K)->1960K(2368K)
[447.891s][info][gc             ] GC(2535) Pause Young (Allocation Failure) 346M->8M(1022M) 2.435ms
[447.891s][info][gc,cpu         ] GC(2535) User=0.52s Sys=0.00s Real=0.00s
[448.092s][info][gc,start       ] GC(2536) Pause Young (Allocation Failure)
[448.094s][info][gc,heap        ] GC(2536) PSYoungGen: 347168K(347648K)->1024K(347648K) Eden: 346112K(346112K)->0K(346112K) From: 1056K(1536K)->1024K(1536K)
[448.094s][info][gc,heap        ] GC(2536) ParOldGen: 7946K(699392K)->8034K(699392K)
[448.094s][info][gc,metaspace   ] GC(2536) Metaspace: 14340K(15296K)->14340K(15296K) NonClass: 12380K(12928K)->12380K(12928K) Class: 1960K(2368K)->1960K(2368K)
[448.094s][info][gc             ] GC(2536) Pause Young (Allocation Failure) 346M->8M(1022M) 2.482ms
[448.094s][info][gc,cpu         ] GC(2536) User=0.52s Sys=0.00s Real=0.00s
[448.297s][info][gc,start       ] GC(2537) Pause Young (Allocation Failure)
[448.299s][info][gc,heap        ] GC(2537) PSYoungGen: 347136K(347648K)->1024K(347648K) Eden: 346112K(346112K)->0K(346112K) From: 1024K(1536K)->1024K(1536K)
[448.299s][info][gc,heap        ] GC(2537) ParOldGen: 8034K(699392K)->8138K(699392K)
[448.299s][info][gc,metaspace   ] GC(2537) Metaspace: 14340K(15296K)->14340K(15296K) NonClass: 12380K(12928K)->12380K(12928K) Class: 1960K(2368K)->1960K(2368K)
[448.299s][info][gc             ] GC(2537) Pause Young (Allocation Failure) 346M->8M(1022M) 2.501ms
[448.300s][info][gc,cpu         ] GC(2537) User=0.00s Sys=0.00s Real=0.00s
[448.502s][info][gc,start       ] GC(2538) Pause Young (Allocation Failure)
[448.504s][info][gc,heap        ] GC(2538) PSYoungGen: 347136K(347648K)->1024K(347648K) Eden: 346112K(346112K)->0K(346112K) From: 1024K(1536K)->1024K(1536K)
[448.504s][info][gc,heap        ] GC(2538) ParOldGen: 8138K(699392K)->8234K(699392K)
[448.504s][info][gc,metaspace   ] GC(2538) Metaspace: 14340K(15296K)->14340K(15296K) NonClass: 12380K(12928K)->12380K(12928K) Class: 1960K(2368K)->1960K(2368K)
[448.504s][info][gc             ] GC(2538) Pause Young (Allocation Failure) 346M->9M(1022M) 2.507ms
[448.504s][info][gc,cpu         ] GC(2538) User=0.00s Sys=0.00s Real=0.00s
[448.708s][info][gc,start       ] GC(2539) Pause Young (Allocation Failure)
[448.710s][info][gc,heap        ] GC(2539) PSYoungGen: 347136K(347648K)->1024K(347648K) Eden: 346112K(346112K)->0K(346112K) From: 1024K(1536K)->1024K(1536K)
[448.710s][info][gc,heap        ] GC(2539) ParOldGen: 8234K(699392K)->8346K(699392K)
[448.710s][info][gc,metaspace   ] GC(2539) Metaspace: 14340K(15296K)->14340K(15296K) NonClass: 12380K(12928K)->12380K(12928K) Class: 1960K(2368K)->1960K(2368K)
[448.710s][info][gc             ] GC(2539) Pause Young (Allocation Failure) 347M->9M(1022M) 2.526ms
[448.710s][info][gc,cpu         ] GC(2539) User=0.00s Sys=0.00s Real=0.00s
[448.915s][info][gc,start       ] GC(2540) Pause Young (Allocation Failure)
[448.918s][info][gc,heap        ] GC(2540) PSYoungGen: 347136K(347648K)->1024K(347648K) Eden: 346112K(346112K)->0K(346112K) From: 1024K(1536K)->1024K(1536K)
[448.918s][info][gc,heap        ] GC(2540) ParOldGen: 8346K(699392K)->8434K(699392K)
[448.918s][info][gc,metaspace   ] GC(2540) Metaspace: 14340K(15296K)->14340K(15296K) NonClass: 12380K(12928K)->12380K(12928K) Class: 1960K(2368K)->1960K(2368K)
[448.918s][info][gc             ] GC(2540) Pause Young (Allocation Failure) 347M->9M(1022M) 2.538ms
[448.918s][info][gc,cpu         ] GC(2540) User=0.00s Sys=0.00s Real=0.00s
[449.237s][info][gc,start       ] GC(2541) Pause Young (Allocation Failure)
[449.240s][info][gc,heap        ] GC(2541) PSYoungGen: 347136K(347648K)->1024K(347648K) Eden: 346112K(346112K)->0K(346112K) From: 1024K(1536K)->1024K(1536K)
[449.240s][info][gc,heap        ] GC(2541) ParOldGen: 8434K(699392K)->8506K(699392K)
[449.240s][info][gc,metaspace   ] GC(2541) Metaspace: 14340K(15296K)->14340K(15296K) NonClass: 12380K(12928K)->12380K(12928K) Class: 1960K(2368K)->1960K(2368K)
[449.240s][info][gc             ] GC(2541) Pause Young (Allocation Failure) 347M->9M(1022M) 3.421ms
[449.240s][info][gc,cpu         ] GC(2541) User=0.00s Sys=0.00s Real=0.00s
[449.453s][info][gc,start       ] GC(2542) Pause Young (Allocation Failure)
[449.455s][info][gc,heap        ] GC(2542) PSYoungGen: 347136K(347648K)->1056K(347648K) Eden: 346112K(346112K)->0K(346112K) From: 1024K(1536K)->1056K(1536K)
[449.455s][info][gc,heap        ] GC(2542) ParOldGen: 8506K(699392K)->8618K(699392K)
[449.455s][info][gc,metaspace   ] GC(2542) Metaspace: 14340K(15296K)->14340K(15296K) NonClass: 12380K(12928K)->12380K(12928K) Class: 1960K(2368K)->1960K(2368K)
[449.455s][info][gc             ] GC(2542) Pause Young (Allocation Failure) 347M->9M(1022M) 2.458ms
[449.455s][info][gc,cpu         ] GC(2542) User=0.00s Sys=0.00s Real=0.00s
[449.662s][info][gc,start       ] GC(2543) Pause Young (Allocation Failure)
[449.664s][info][gc,heap        ] GC(2543) PSYoungGen: 347168K(347648K)->992K(347648K) Eden: 346112K(346112K)->0K(346112K) From: 1056K(1536K)->992K(1536K)
[449.664s][info][gc,heap        ] GC(2543) ParOldGen: 8618K(699392K)->8722K(699392K)
[449.664s][info][gc,metaspace   ] GC(2543) Metaspace: 14340K(15296K)->14340K(15296K) NonClass: 12380K(12928K)->12380K(12928K) Class: 1960K(2368K)->1960K(2368K)
[449.664s][info][gc             ] GC(2543) Pause Young (Allocation Failure) 347M->9M(1022M) 2.300ms
[449.664s][info][gc,cpu         ] GC(2543) User=0.00s Sys=0.00s Real=0.00s
[449.870s][info][gc,start       ] GC(2544) Pause Young (Allocation Failure)
[449.873s][info][gc,heap        ] GC(2544) PSYoungGen: 347104K(347648K)->992K(347648K) Eden: 346112K(346112K)->0K(346112K) From: 992K(1536K)->992K(1536K)
[449.873s][info][gc,heap        ] GC(2544) ParOldGen: 8722K(699392K)->8826K(699392K)
[449.873s][info][gc,metaspace   ] GC(2544) Metaspace: 14340K(15296K)->14340K(15296K) NonClass: 12380K(12928K)->12380K(12928K) Class: 1960K(2368K)->1960K(2368K)
[449.873s][info][gc             ] GC(2544) Pause Young (Allocation Failure) 347M->9M(1022M) 2.247ms
[449.873s][info][gc,cpu         ] GC(2544) User=0.00s Sys=0.00s Real=0.00s
[450.081s][info][gc,start       ] GC(2545) Pause Young (Allocation Failure)
[450.083s][info][gc,heap        ] GC(2545) PSYoungGen: 347104K(347648K)->1024K(347648K) Eden: 346112K(346112K)->0K(346112K) From: 992K(1536K)->1024K(1536K)
[450.083s][info][gc,heap        ] GC(2545) ParOldGen: 8826K(699392K)->8922K(699392K)
[450.083s][info][gc,metaspace   ] GC(2545) Metaspace: 14340K(15296K)->14340K(15296K) NonClass: 12380K(12928K)->12380K(12928K) Class: 1960K(2368K)->1960K(2368K)
[450.083s][info][gc             ] GC(2545) Pause Young (Allocation Failure) 347M->9M(1022M) 2.116ms
[450.083s][info][gc,cpu         ] GC(2545) User=0.00s Sys=0.00s Real=0.00s
[450.289s][info][gc,start       ] GC(2546) Pause Young (Allocation Failure)
[450.291s][info][gc,heap        ] GC(2546) PSYoungGen: 347136K(347648K)->1024K(347648K) Eden: 346112K(346112K)->0K(346112K) From: 1024K(1536K)->1024K(1536K)
[450.291s][info][gc,heap        ] GC(2546) ParOldGen: 8922K(699392K)->9010K(699392K)
[450.291s][info][gc,metaspace   ] GC(2546) Metaspace: 14340K(15296K)->14340K(15296K) NonClass: 12380K(12928K)->12380K(12928K) Class: 1960K(2368K)->1960K(2368K)
[450.291s][info][gc             ] GC(2546) Pause Young (Allocation Failure) 347M->9M(1022M) 2.136ms
[450.291s][info][gc,cpu         ] GC(2546) User=0.00s Sys=0.00s Real=0.00s
[450.497s][info][gc,start       ] GC(2547) Pause Young (Allocation Failure)
[450.499s][info][gc,heap        ] GC(2547) PSYoungGen: 347136K(347648K)->1024K(347648K) Eden: 346112K(346112K)->0K(346112K) From: 1024K(1536K)->1024K(1536K)
[450.499s][info][gc,heap        ] GC(2547) ParOldGen: 9010K(699392K)->9106K(699392K)
[450.499s][info][gc,metaspace   ] GC(2547) Metaspace: 14340K(15296K)->14340K(15296K) NonClass: 12380K(12928K)->12380K(12928K) Class: 1960K(2368K)->1960K(2368K)
[450.499s][info][gc             ] GC(2547) Pause Young (Allocation Failure) 347M->9M(1022M) 2.260ms
[450.499s][info][gc,cpu         ] GC(2547) User=0.00s Sys=0.00s Real=0.00s
[450.705s][info][gc,start       ] GC(2548) Pause Young (Allocation Failure)
[450.707s][info][gc,heap        ] GC(2548) PSYoungGen: 347136K(347648K)->992K(347648K) Eden: 346112K(346112K)->0K(346112K) From: 1024K(1536K)->992K(1536K)
[450.707s][info][gc,heap        ] GC(2548) ParOldGen: 9106K(699392K)->9210K(699392K)
[450.707s][info][gc,metaspace   ] GC(2548) Metaspace: 14340K(15296K)->14340K(15296K) NonClass: 12380K(12928K)->12380K(12928K) Class: 1960K(2368K)->1960K(2368K)
[450.707s][info][gc             ] GC(2548) Pause Young (Allocation Failure) 347M->9M(1022M) 2.264ms
[450.708s][info][gc,cpu         ] GC(2548) User=0.00s Sys=0.00s Real=0.00s
[450.913s][info][gc,start       ] GC(2549) Pause Young (Allocation Failure)
[450.915s][info][gc,heap        ] GC(2549) PSYoungGen: 347104K(347648K)->992K(347648K) Eden: 346112K(346112K)->0K(346112K) From: 992K(1536K)->992K(1536K)
[450.915s][info][gc,heap        ] GC(2549) ParOldGen: 9210K(699392K)->9282K(699392K)
[450.915s][info][gc,metaspace   ] GC(2549) Metaspace: 14340K(15296K)->14340K(15296K) NonClass: 12380K(12928K)->12380K(12928K) Class: 1960K(2368K)->1960K(2368K)
[450.915s][info][gc             ] GC(2549) Pause Young (Allocation Failure) 347M->10M(1022M) 2.312ms
[450.915s][info][gc,cpu         ] GC(2549) User=0.00s Sys=0.00s Real=0.00s
[451.121s][info][gc,start       ] GC(2550) Pause Young (Allocation Failure)
[451.124s][info][gc,heap        ] GC(2550) PSYoungGen: 347104K(347648K)->1024K(347648K) Eden: 346112K(346112K)->0K(346112K) From: 992K(1536K)->1024K(1536K)
[451.124s][info][gc,heap        ] GC(2550) ParOldGen: 9282K(699392K)->9370K(699392K)
[451.124s][info][gc,metaspace   ] GC(2550) Metaspace: 14340K(15296K)->14340K(15296K) NonClass: 12380K(12928K)->12380K(12928K) Class: 1960K(2368K)->1960K(2368K)
[451.124s][info][gc             ] GC(2550) Pause Young (Allocation Failure) 348M->10M(1022M) 2.281ms
[451.124s][info][gc,cpu         ] GC(2550) User=0.00s Sys=0.00s Real=0.00s
[451.330s][info][gc,start       ] GC(2551) Pause Young (Allocation Failure)
[451.332s][info][gc,heap        ] GC(2551) PSYoungGen: 347136K(347648K)->992K(347648K) Eden: 346112K(346112K)->0K(346112K) From: 1024K(1536K)->992K(1536K)
[451.332s][info][gc,heap        ] GC(2551) ParOldGen: 9370K(699392K)->9466K(699392K)
[451.332s][info][gc,metaspace   ] GC(2551) Metaspace: 14340K(15296K)->14340K(15296K) NonClass: 12380K(12928K)->12380K(12928K) Class: 1960K(2368K)->1960K(2368K)
[451.332s][info][gc             ] GC(2551) Pause Young (Allocation Failure) 348M->10M(1022M) 2.313ms
[451.332s][info][gc,cpu         ] GC(2551) User=0.00s Sys=0.00s Real=0.00s
[451.537s][info][gc,start       ] GC(2552) Pause Young (Allocation Failure)
[451.540s][info][gc,heap        ] GC(2552) PSYoungGen: 347104K(347648K)->1024K(347648K) Eden: 346112K(346112K)->0K(346112K) From: 992K(1536K)->1024K(1536K)
[451.540s][info][gc,heap        ] GC(2552) ParOldGen: 9466K(699392K)->9554K(699392K)
[451.540s][info][gc,metaspace   ] GC(2552) Metaspace: 14340K(15296K)->14340K(15296K) NonClass: 12380K(12928K)->12380K(12928K) Class: 1960K(2368K)->1960K(2368K)
[451.540s][info][gc             ] GC(2552) Pause Young (Allocation Failure) 348M->10M(1022M) 2.406ms
[451.540s][info][gc,cpu         ] GC(2552) User=0.00s Sys=0.00s Real=0.00s
[451.747s][info][gc,start       ] GC(2553) Pause Young (Allocation Failure)
[451.749s][info][gc,heap        ] GC(2553) PSYoungGen: 347136K(347648K)->992K(347648K) Eden: 346112K(346112K)->0K(346112K) From: 1024K(1536K)->992K(1536K)
[451.749s][info][gc,heap        ] GC(2553) ParOldGen: 9554K(699392K)->9618K(699392K)
[451.749s][info][gc,metaspace   ] GC(2553) Metaspace: 14340K(15296K)->14340K(15296K) NonClass: 12380K(12928K)->12380K(12928K) Class: 1960K(2368K)->1960K(2368K)
[451.749s][info][gc             ] GC(2553) Pause Young (Allocation Failure) 348M->10M(1022M) 2.372ms
[451.749s][info][gc,cpu         ] GC(2553) User=0.00s Sys=0.00s Real=0.00s
[451.953s][info][gc,start       ] GC(2554) Pause Young (Allocation Failure)
[451.955s][info][gc,heap        ] GC(2554) PSYoungGen: 347104K(347648K)->1024K(347648K) Eden: 346112K(346112K)->0K(346112K) From: 992K(1536K)->1024K(1536K)
[451.955s][info][gc,heap        ] GC(2554) ParOldGen: 9618K(699392K)->9690K(699392K)
[451.955s][info][gc,metaspace   ] GC(2554) Metaspace: 14340K(15296K)->14340K(15296K) NonClass: 12380K(12928K)->12380K(12928K) Class: 1960K(2368K)->1960K(2368K)
[451.955s][info][gc             ] GC(2554) Pause Young (Allocation Failure) 348M->10M(1022M) 2.446ms
[451.955s][info][gc,cpu         ] GC(2554) User=0.45s Sys=0.00s Real=0.00s
[452.162s][info][gc,start       ] GC(2555) Pause Young (Allocation Failure)
[452.164s][info][gc,heap        ] GC(2555) PSYoungGen: 347136K(347648K)->1024K(347648K) Eden: 346112K(346112K)->0K(346112K) From: 1024K(1536K)->1024K(1536K)
[452.164s][info][gc,heap        ] GC(2555) ParOldGen: 9690K(699392K)->9770K(699392K)
[452.164s][info][gc,metaspace   ] GC(2555) Metaspace: 14340K(15296K)->14340K(15296K) NonClass: 12380K(12928K)->12380K(12928K) Class: 1960K(2368K)->1960K(2368K)
[452.164s][info][gc             ] GC(2555) Pause Young (Allocation Failure) 348M->10M(1022M) 2.479ms
[452.164s][info][gc,cpu         ] GC(2555) User=0.00s Sys=0.00s Real=0.00s
[452.370s][info][gc,start       ] GC(2556) Pause Young (Allocation Failure)
[452.372s][info][gc,heap        ] GC(2556) PSYoungGen: 347136K(347648K)->1024K(347648K) Eden: 346112K(346112K)->0K(346112K) From: 1024K(1536K)->1024K(1536K)
[452.372s][info][gc,heap        ] GC(2556) ParOldGen: 9770K(699392K)->9850K(699392K)
[452.372s][info][gc,metaspace   ] GC(2556) Metaspace: 14340K(15296K)->14340K(15296K) NonClass: 12380K(12928K)->12380K(12928K) Class: 1960K(2368K)->1960K(2368K)
[452.372s][info][gc             ] GC(2556) Pause Young (Allocation Failure) 348M->10M(1022M) 2.489ms
[452.372s][info][gc,cpu         ] GC(2556) User=0.00s Sys=0.00s Real=0.00s
[452.579s][info][gc,start       ] GC(2557) Pause Young (Allocation Failure)
[452.582s][info][gc,heap        ] GC(2557) PSYoungGen: 347136K(347648K)->1024K(347648K) Eden: 346112K(346112K)->0K(346112K) From: 1024K(1536K)->1024K(1536K)
[452.582s][info][gc,heap        ] GC(2557) ParOldGen: 9850K(699392K)->9938K(699392K)
[452.582s][info][gc,metaspace   ] GC(2557) Metaspace: 14340K(15296K)->14340K(15296K) NonClass: 12380K(12928K)->12380K(12928K) Class: 1960K(2368K)->1960K(2368K)
[452.582s][info][gc             ] GC(2557) Pause Young (Allocation Failure) 348M->10M(1022M) 2.520ms
[452.582s][info][gc,cpu         ] GC(2557) User=0.00s Sys=0.00s Real=0.00s
[452.789s][info][gc,start       ] GC(2558) Pause Young (Allocation Failure)
[452.792s][info][gc,heap        ] GC(2558) PSYoungGen: 347136K(347648K)->1024K(347648K) Eden: 346112K(346112K)->0K(346112K) From: 1024K(1536K)->1024K(1536K)
[452.792s][info][gc,heap        ] GC(2558) ParOldGen: 9938K(699392K)->10034K(699392K)
[452.792s][info][gc,metaspace   ] GC(2558) Metaspace: 14340K(15296K)->14340K(15296K) NonClass: 12380K(12928K)->12380K(12928K) Class: 1960K(2368K)->1960K(2368K)
[452.792s][info][gc             ] GC(2558) Pause Young (Allocation Failure) 348M->10M(1022M) 2.492ms
[452.792s][info][gc,cpu         ] GC(2558) User=0.00s Sys=0.00s Real=0.00s
[453.143s][info][gc,start       ] GC(2559) Pause Young (Allocation Failure)
[453.146s][info][gc,heap        ] GC(2559) PSYoungGen: 347136K(347648K)->1024K(347648K) Eden: 346112K(346112K)->0K(346112K) From: 1024K(1536K)->1024K(1536K)
[453.146s][info][gc,heap        ] GC(2559) ParOldGen: 10034K(699392K)->10130K(699392K)
[453.146s][info][gc,metaspace   ] GC(2559) Metaspace: 14340K(15296K)->14340K(15296K) NonClass: 12380K(12928K)->12380K(12928K) Class: 1960K(2368K)->1960K(2368K)
[453.146s][info][gc             ] GC(2559) Pause Young (Allocation Failure) 348M->10M(1022M) 3.378ms
[453.146s][info][gc,cpu         ] GC(2559) User=0.00s Sys=0.00s Real=0.00s
[453.360s][info][gc,start       ] GC(2560) Pause Young (Allocation Failure)
[453.362s][info][gc,heap        ] GC(2560) PSYoungGen: 347136K(347648K)->1024K(347648K) Eden: 346112K(346112K)->0K(346112K) From: 1024K(1536K)->1024K(1536K)
[453.362s][info][gc,heap        ] GC(2560) ParOldGen: 10130K(699392K)->10218K(699392K)
[453.362s][info][gc,metaspace   ] GC(2560) Metaspace: 14340K(15296K)->14340K(15296K) NonClass: 12380K(12928K)->12380K(12928K) Class: 1960K(2368K)->1960K(2368K)
[453.362s][info][gc             ] GC(2560) Pause Young (Allocation Failure) 348M->10M(1022M) 2.395ms
[453.362s][info][gc,cpu         ] GC(2560) User=0.00s Sys=0.00s Real=0.00s
[453.569s][info][gc,start       ] GC(2561) Pause Young (Allocation Failure)
[453.571s][info][gc,heap        ] GC(2561) PSYoungGen: 347136K(347648K)->992K(347648K) Eden: 346112K(346112K)->0K(346112K) From: 1024K(1536K)->992K(1536K)
[453.571s][info][gc,heap        ] GC(2561) ParOldGen: 10218K(699392K)->10290K(699392K)
[453.571s][info][gc,metaspace   ] GC(2561) Metaspace: 14340K(15296K)->14340K(15296K) NonClass: 12380K(12928K)->12380K(12928K) Class: 1960K(2368K)->1960K(2368K)
[453.571s][info][gc             ] GC(2561) Pause Young (Allocation Failure) 348M->11M(1022M) 2.270ms
[453.571s][info][gc,cpu         ] GC(2561) User=0.00s Sys=0.00s Real=0.00s
[453.778s][info][gc,start       ] GC(2562) Pause Young (Allocation Failure)
[453.780s][info][gc,heap        ] GC(2562) PSYoungGen: 347104K(347648K)->1024K(347648K) Eden: 346112K(346112K)->0K(346112K) From: 992K(1536K)->1024K(1536K)
[453.780s][info][gc,heap        ] GC(2562) ParOldGen: 10290K(699392K)->10378K(699392K)
[453.780s][info][gc,metaspace   ] GC(2562) Metaspace: 14340K(15296K)->14340K(15296K) NonClass: 12380K(12928K)->12380K(12928K) Class: 1960K(2368K)->1960K(2368K)
[453.780s][info][gc             ] GC(2562) Pause Young (Allocation Failure) 349M->11M(1022M) 2.285ms
[453.780s][info][gc,cpu         ] GC(2562) User=0.00s Sys=0.00s Real=0.00s
[453.988s][info][gc,start       ] GC(2563) Pause Young (Allocation Failure)
[453.990s][info][gc,heap        ] GC(2563) PSYoungGen: 347136K(347648K)->1024K(347648K) Eden: 346112K(346112K)->0K(346112K) From: 1024K(1536K)->1024K(1536K)
[453.990s][info][gc,heap        ] GC(2563) ParOldGen: 10378K(699392K)->10450K(699392K)
[453.990s][info][gc,metaspace   ] GC(2563) Metaspace: 14340K(15296K)->14340K(15296K) NonClass: 12380K(12928K)->12380K(12928K) Class: 1960K(2368K)->1960K(2368K)
[453.990s][info][gc             ] GC(2563) Pause Young (Allocation Failure) 349M->11M(1022M) 2.071ms
[453.990s][info][gc,cpu         ] GC(2563) User=0.00s Sys=0.00s Real=0.00s
[454.196s][info][gc,start       ] GC(2564) Pause Young (Allocation Failure)
[454.198s][info][gc,heap        ] GC(2564) PSYoungGen: 347136K(347648K)->1024K(337408K) Eden: 346112K(346112K)->0K(336384K) From: 1024K(1536K)->1024K(1024K)
[454.198s][info][gc,heap        ] GC(2564) ParOldGen: 10450K(699392K)->10538K(699392K)
[454.198s][info][gc,metaspace   ] GC(2564) Metaspace: 14340K(15296K)->14340K(15296K) NonClass: 12380K(12928K)->12380K(12928K) Class: 1960K(2368K)->1960K(2368K)
[454.198s][info][gc             ] GC(2564) Pause Young (Allocation Failure) 349M->11M(1012M) 2.192ms
[454.198s][info][gc,cpu         ] GC(2564) User=0.00s Sys=0.00s Real=0.00s
[454.399s][info][gc,start       ] GC(2565) Pause Young (Allocation Failure)
[454.401s][info][gc,heap        ] GC(2565) PSYoungGen: 337408K(337408K)->992K(328192K) Eden: 336384K(336384K)->0K(327168K) From: 1024K(1024K)->992K(1024K)
[454.401s][info][gc,heap        ] GC(2565) ParOldGen: 10538K(699392K)->10618K(699392K)
[454.401s][info][gc,metaspace   ] GC(2565) Metaspace: 14340K(15296K)->14340K(15296K) NonClass: 12380K(12928K)->12380K(12928K) Class: 1960K(2368K)->1960K(2368K)
[454.401s][info][gc             ] GC(2565) Pause Young (Allocation Failure) 339M->11M(1003M) 2.127ms
[454.401s][info][gc,cpu         ] GC(2565) User=0.00s Sys=0.00s Real=0.00s
[454.596s][info][gc,start       ] GC(2566) Pause Young (Allocation Failure)
[454.598s][info][gc,heap        ] GC(2566) PSYoungGen: 328160K(328192K)->1024K(346624K) Eden: 327168K(327168K)->0K(345088K) From: 992K(1024K)->1024K(1536K)
[454.598s][info][gc,heap        ] GC(2566) ParOldGen: 10618K(699392K)->10706K(699392K)
[454.598s][info][gc,metaspace   ] GC(2566) Metaspace: 14340K(15296K)->14340K(15296K) NonClass: 12380K(12928K)->12380K(12928K) Class: 1960K(2368K)->1960K(2368K)
[454.598s][info][gc             ] GC(2566) Pause Young (Allocation Failure) 330M->11M(1021M) 2.215ms
[454.598s][info][gc,cpu         ] GC(2566) User=0.00s Sys=0.00s Real=0.00s
[454.803s][info][gc,start       ] GC(2567) Pause Young (Allocation Failure)
[454.806s][info][gc,heap        ] GC(2567) PSYoungGen: 346112K(346624K)->1024K(347648K) Eden: 345088K(345088K)->0K(346112K) From: 1024K(1536K)->1024K(1536K)
[454.806s][info][gc,heap        ] GC(2567) ParOldGen: 10706K(699392K)->10762K(699392K)
[454.806s][info][gc,metaspace   ] GC(2567) Metaspace: 14340K(15296K)->14340K(15296K) NonClass: 12380K(12928K)->12380K(12928K) Class: 1960K(2368K)->1960K(2368K)
[454.806s][info][gc             ] GC(2567) Pause Young (Allocation Failure) 348M->11M(1022M) 2.271ms
[454.806s][info][gc,cpu         ] GC(2567) User=0.00s Sys=0.00s Real=0.00s
[455.011s][info][gc,start       ] GC(2568) Pause Young (Allocation Failure)
[455.014s][info][gc,heap        ] GC(2568) PSYoungGen: 347136K(347648K)->992K(347648K) Eden: 346112K(346112K)->0K(346112K) From: 1024K(1536K)->992K(1536K)
[455.014s][info][gc,heap        ] GC(2568) ParOldGen: 10762K(699392K)->10858K(699392K)
[455.014s][info][gc,metaspace   ] GC(2568) Metaspace: 14340K(15296K)->14340K(15296K) NonClass: 12380K(12928K)->12380K(12928K) Class: 1960K(2368K)->1960K(2368K)
[455.014s][info][gc             ] GC(2568) Pause Young (Allocation Failure) 349M->11M(1022M) 2.220ms
[455.014s][info][gc,cpu         ] GC(2568) User=0.00s Sys=0.00s Real=0.00s
[455.220s][info][gc,start       ] GC(2569) Pause Young (Allocation Failure)
[455.223s][info][gc,heap        ] GC(2569) PSYoungGen: 347104K(347648K)->1024K(347648K) Eden: 346112K(346112K)->0K(346112K) From: 992K(1536K)->1024K(1536K)
[455.223s][info][gc,heap        ] GC(2569) ParOldGen: 10858K(699392K)->10938K(699392K)
[455.223s][info][gc,metaspace   ] GC(2569) Metaspace: 14340K(15296K)->14340K(15296K) NonClass: 12380K(12928K)->12380K(12928K) Class: 1960K(2368K)->1960K(2368K)
[455.223s][info][gc             ] GC(2569) Pause Young (Allocation Failure) 349M->11M(1022M) 2.444ms
[455.223s][info][gc,cpu         ] GC(2569) User=0.00s Sys=0.00s Real=0.00s
[455.430s][info][gc,start       ] GC(2570) Pause Young (Allocation Failure)
[455.432s][info][gc,heap        ] GC(2570) PSYoungGen: 347136K(347648K)->960K(347648K) Eden: 346112K(346112K)->0K(346112K) From: 1024K(1536K)->960K(1536K)
[455.432s][info][gc,heap        ] GC(2570) ParOldGen: 10938K(699392K)->11034K(699392K)
[455.432s][info][gc,metaspace   ] GC(2570) Metaspace: 14340K(15296K)->14340K(15296K) NonClass: 12380K(12928K)->12380K(12928K) Class: 1960K(2368K)->1960K(2368K)
[455.432s][info][gc             ] GC(2570) Pause Young (Allocation Failure) 349M->11M(1022M) 2.354ms
[455.432s][info][gc,cpu         ] GC(2570) User=0.00s Sys=0.00s Real=0.00s
[455.639s][info][gc,start       ] GC(2571) Pause Young (Allocation Failure)
[455.641s][info][gc,heap        ] GC(2571) PSYoungGen: 347072K(347648K)->992K(347648K) Eden: 346112K(346112K)->0K(346112K) From: 960K(1536K)->992K(1536K)
[455.641s][info][gc,heap        ] GC(2571) ParOldGen: 11034K(699392K)->11134K(699392K)
[455.641s][info][gc,metaspace   ] GC(2571) Metaspace: 14340K(15296K)->14340K(15296K) NonClass: 12380K(12928K)->12380K(12928K) Class: 1960K(2368K)->1960K(2368K)
[455.641s][info][gc             ] GC(2571) Pause Young (Allocation Failure) 349M->11M(1022M) 2.380ms
[455.641s][info][gc,cpu         ] GC(2571) User=0.52s Sys=0.00s Real=0.00s
[455.847s][info][gc,start       ] GC(2572) Pause Young (Allocation Failure)
[455.850s][info][gc,heap        ] GC(2572) PSYoungGen: 347104K(347648K)->1024K(347648K) Eden: 346112K(346112K)->0K(346112K) From: 992K(1536K)->1024K(1536K)
[455.850s][info][gc,heap        ] GC(2572) ParOldGen: 11134K(699392K)->11214K(699392K)
[455.850s][info][gc,metaspace   ] GC(2572) Metaspace: 14340K(15296K)->14340K(15296K) NonClass: 12380K(12928K)->12380K(12928K) Class: 1960K(2368K)->1960K(2368K)
[455.850s][info][gc             ] GC(2572) Pause Young (Allocation Failure) 349M->11M(1022M) 2.396ms
[455.850s][info][gc,cpu         ] GC(2572) User=0.00s Sys=0.00s Real=0.00s
[456.057s][info][gc,start       ] GC(2573) Pause Young (Allocation Failure)
[456.060s][info][gc,heap        ] GC(2573) PSYoungGen: 347136K(347648K)->992K(347648K) Eden: 346112K(346112K)->0K(346112K) From: 1024K(1536K)->992K(1536K)
[456.060s][info][gc,heap        ] GC(2573) ParOldGen: 11214K(699392K)->11294K(699392K)
[456.060s][info][gc,metaspace   ] GC(2573) Metaspace: 14340K(15296K)->14340K(15296K) NonClass: 12380K(12928K)->12380K(12928K) Class: 1960K(2368K)->1960K(2368K)
[456.060s][info][gc             ] GC(2573) Pause Young (Allocation Failure) 349M->11M(1022M) 2.412ms
[456.060s][info][gc,cpu         ] GC(2573) User=0.00s Sys=0.00s Real=0.00s
[456.267s][info][gc,start       ] GC(2574) Pause Young (Allocation Failure)
[456.270s][info][gc,heap        ] GC(2574) PSYoungGen: 347104K(347648K)->1024K(347648K) Eden: 346112K(346112K)->0K(346112K) From: 992K(1536K)->1024K(1536K)
[456.270s][info][gc,heap        ] GC(2574) ParOldGen: 11294K(699392K)->11350K(699392K)
[456.270s][info][gc,metaspace   ] GC(2574) Metaspace: 14340K(15296K)->14340K(15296K) NonClass: 12380K(12928K)->12380K(12928K) Class: 1960K(2368K)->1960K(2368K)
[456.270s][info][gc             ] GC(2574) Pause Young (Allocation Failure) 349M->12M(1022M) 2.532ms
[456.270s][info][gc,cpu         ] GC(2574) User=0.00s Sys=0.00s Real=0.00s
[456.476s][info][gc,start       ] GC(2575) Pause Young (Allocation Failure)
[456.479s][info][gc,heap        ] GC(2575) PSYoungGen: 347136K(347648K)->1024K(347648K) Eden: 346112K(346112K)->0K(346112K) From: 1024K(1536K)->1024K(1536K)
[456.479s][info][gc,heap        ] GC(2575) ParOldGen: 11350K(699392K)->11430K(699392K)
[456.479s][info][gc,metaspace   ] GC(2575) Metaspace: 14340K(15296K)->14340K(15296K) NonClass: 12380K(12928K)->12380K(12928K) Class: 1960K(2368K)->1960K(2368K)
[456.479s][info][gc             ] GC(2575) Pause Young (Allocation Failure) 350M->12M(1022M) 2.519ms
[456.479s][info][gc,cpu         ] GC(2575) User=0.00s Sys=0.00s Real=0.00s
[456.686s][info][gc,start       ] GC(2576) Pause Young (Allocation Failure)
[456.688s][info][gc,heap        ] GC(2576) PSYoungGen: 347136K(347648K)->1024K(347648K) Eden: 346112K(346112K)->0K(346112K) From: 1024K(1536K)->1024K(1536K)
[456.688s][info][gc,heap        ] GC(2576) ParOldGen: 11430K(699392K)->11534K(699392K)
[456.688s][info][gc,metaspace   ] GC(2576) Metaspace: 14340K(15296K)->14340K(15296K) NonClass: 12380K(12928K)->12380K(12928K) Class: 1960K(2368K)->1960K(2368K)
[456.688s][info][gc             ] GC(2576) Pause Young (Allocation Failure) 350M->12M(1022M) 2.521ms
[456.688s][info][gc,cpu         ] GC(2576) User=0.52s Sys=0.00s Real=0.00s
[457.017s][info][gc,start       ] GC(2577) Pause Young (Allocation Failure)
[457.020s][info][gc,heap        ] GC(2577) PSYoungGen: 347136K(347648K)->1024K(347648K) Eden: 346112K(346112K)->0K(346112K) From: 1024K(1536K)->1024K(1536K)
[457.020s][info][gc,heap        ] GC(2577) ParOldGen: 11534K(699392K)->11630K(699392K)
[457.020s][info][gc,metaspace   ] GC(2577) Metaspace: 14340K(15296K)->14340K(15296K) NonClass: 12380K(12928K)->12380K(12928K) Class: 1960K(2368K)->1960K(2368K)
[457.020s][info][gc             ] GC(2577) Pause Young (Allocation Failure) 350M->12M(1022M) 3.425ms
[457.020s][info][gc,cpu         ] GC(2577) User=0.00s Sys=0.00s Real=0.00s
[457.235s][info][gc,start       ] GC(2578) Pause Young (Allocation Failure)
[457.238s][info][gc,heap        ] GC(2578) PSYoungGen: 347136K(347648K)->992K(347648K) Eden: 346112K(346112K)->0K(346112K) From: 1024K(1536K)->992K(1536K)
[457.238s][info][gc,heap        ] GC(2578) ParOldGen: 11630K(699392K)->11710K(699392K)
[457.238s][info][gc,metaspace   ] GC(2578) Metaspace: 14340K(15296K)->14340K(15296K) NonClass: 12380K(12928K)->12380K(12928K) Class: 1960K(2368K)->1960K(2368K)
[457.238s][info][gc             ] GC(2578) Pause Young (Allocation Failure) 350M->12M(1022M) 2.394ms
[457.238s][info][gc,cpu         ] GC(2578) User=0.00s Sys=0.00s Real=0.00s
[457.446s][info][gc,start       ] GC(2579) Pause Young (Allocation Failure)
[457.448s][info][gc,heap        ] GC(2579) PSYoungGen: 347104K(347648K)->1024K(347648K) Eden: 346112K(346112K)->0K(346112K) From: 992K(1536K)->1024K(1536K)
[457.448s][info][gc,heap        ] GC(2579) ParOldGen: 11710K(699392K)->11806K(699392K)
[457.448s][info][gc,metaspace   ] GC(2579) Metaspace: 14340K(15296K)->14340K(15296K) NonClass: 12380K(12928K)->12380K(12928K) Class: 1960K(2368K)->1960K(2368K)
[457.448s][info][gc             ] GC(2579) Pause Young (Allocation Failure) 350M->12M(1022M) 2.253ms
[457.448s][info][gc,cpu         ] GC(2579) User=0.00s Sys=0.00s Real=0.00s
[457.657s][info][gc,start       ] GC(2580) Pause Young (Allocation Failure)
[457.659s][info][gc,heap        ] GC(2580) PSYoungGen: 347136K(347648K)->1024K(347648K) Eden: 346112K(346112K)->0K(346112K) From: 1024K(1536K)->1024K(1536K)
[457.659s][info][gc,heap        ] GC(2580) ParOldGen: 11806K(699392K)->11870K(699392K)
[457.659s][info][gc,metaspace   ] GC(2580) Metaspace: 14340K(15296K)->14340K(15296K) NonClass: 12380K(12928K)->12380K(12928K) Class: 1960K(2368K)->1960K(2368K)
[457.659s][info][gc             ] GC(2580) Pause Young (Allocation Failure) 350M->12M(1022M) 2.331ms
[457.659s][info][gc,cpu         ] GC(2580) User=0.00s Sys=0.00s Real=0.00s
[457.870s][info][gc,start       ] GC(2581) Pause Young (Allocation Failure)
[457.872s][info][gc,heap        ] GC(2581) PSYoungGen: 347136K(347648K)->1024K(347648K) Eden: 346112K(346112K)->0K(346112K) From: 1024K(1536K)->1024K(1536K)
[457.872s][info][gc,heap        ] GC(2581) ParOldGen: 11870K(699392K)->11974K(699392K)
[457.872s][info][gc,metaspace   ] GC(2581) Metaspace: 14340K(15296K)->14340K(15296K) NonClass: 12380K(12928K)->12380K(12928K) Class: 1960K(2368K)->1960K(2368K)
[457.872s][info][gc             ] GC(2581) Pause Young (Allocation Failure) 350M->12M(1022M) 2.106ms
[457.872s][info][gc,cpu         ] GC(2581) User=0.00s Sys=0.00s Real=0.00s
[458.082s][info][gc,start       ] GC(2582) Pause Young (Allocation Failure)
[458.084s][info][gc,heap        ] GC(2582) PSYoungGen: 347136K(347648K)->1024K(337408K) Eden: 346112K(346112K)->0K(336384K) From: 1024K(1536K)->1024K(1024K)
[458.084s][info][gc,heap        ] GC(2582) ParOldGen: 11974K(699392K)->12078K(699392K)
[458.084s][info][gc,metaspace   ] GC(2582) Metaspace: 14340K(15296K)->14340K(15296K) NonClass: 12380K(12928K)->12380K(12928K) Class: 1960K(2368K)->1960K(2368K)
[458.084s][info][gc             ] GC(2582) Pause Young (Allocation Failure) 350M->12M(1012M) 2.181ms
[458.084s][info][gc,cpu         ] GC(2582) User=0.00s Sys=0.00s Real=0.00s
[458.287s][info][gc,start       ] GC(2583) Pause Young (Allocation Failure)
[458.289s][info][gc,heap        ] GC(2583) PSYoungGen: 337408K(337408K)->992K(328192K) Eden: 336384K(336384K)->0K(327168K) From: 1024K(1024K)->992K(1024K)
[458.289s][info][gc,heap        ] GC(2583) ParOldGen: 12078K(699392K)->12174K(699392K)
[458.289s][info][gc,metaspace   ] GC(2583) Metaspace: 14340K(15296K)->14340K(15296K) NonClass: 12380K(12928K)->12380K(12928K) Class: 1960K(2368K)->1960K(2368K)
[458.289s][info][gc             ] GC(2583) Pause Young (Allocation Failure) 341M->12M(1003M) 2.208ms
[458.289s][info][gc,cpu         ] GC(2583) User=0.00s Sys=0.00s Real=0.00s
[458.488s][info][gc,start       ] GC(2584) Pause Young (Allocation Failure)
[458.490s][info][gc,heap        ] GC(2584) PSYoungGen: 328160K(328192K)->1024K(319488K) Eden: 327168K(327168K)->0K(318464K) From: 992K(1024K)->1024K(1024K)
[458.490s][info][gc,heap        ] GC(2584) ParOldGen: 12174K(699392K)->12246K(699392K)
[458.490s][info][gc,metaspace   ] GC(2584) Metaspace: 14340K(15296K)->14340K(15296K) NonClass: 12380K(12928K)->12380K(12928K) Class: 1960K(2368K)->1960K(2368K)
[458.490s][info][gc             ] GC(2584) Pause Young (Allocation Failure) 332M->12M(995M) 2.198ms
[458.490s][info][gc,cpu         ] GC(2584) User=0.00s Sys=0.00s Real=0.00s
[458.683s][info][gc,start       ] GC(2585) Pause Young (Allocation Failure)
[458.685s][info][gc,heap        ] GC(2585) PSYoungGen: 319488K(319488K)->992K(346112K) Eden: 318464K(318464K)->0K(344576K) From: 1024K(1024K)->992K(1536K)
[458.685s][info][gc,heap        ] GC(2585) ParOldGen: 12246K(699392K)->12326K(699392K)
[458.685s][info][gc,metaspace   ] GC(2585) Metaspace: 14340K(15296K)->14340K(15296K) NonClass: 12380K(12928K)->12380K(12928K) Class: 1960K(2368K)->1960K(2368K)
[458.685s][info][gc             ] GC(2585) Pause Young (Allocation Failure) 323M->13M(1021M) 2.183ms
[458.685s][info][gc,cpu         ] GC(2585) User=0.00s Sys=0.00s Real=0.00s
[458.893s][info][gc,start       ] GC(2586) Pause Young (Allocation Failure)
[458.895s][info][gc,heap        ] GC(2586) PSYoungGen: 345568K(346112K)->992K(346112K) Eden: 344576K(344576K)->0K(344576K) From: 992K(1536K)->992K(1536K)
[458.895s][info][gc,heap        ] GC(2586) ParOldGen: 12326K(699392K)->12414K(699392K)
[458.895s][info][gc,metaspace   ] GC(2586) Metaspace: 14340K(15296K)->14340K(15296K) NonClass: 12380K(12928K)->12380K(12928K) Class: 1960K(2368K)->1960K(2368K)
[458.895s][info][gc             ] GC(2586) Pause Young (Allocation Failure) 349M->13M(1021M) 2.376ms
[458.895s][info][gc,cpu         ] GC(2586) User=0.00s Sys=0.00s Real=0.00s
[459.104s][info][gc,start       ] GC(2587) Pause Young (Allocation Failure)
[459.106s][info][gc,heap        ] GC(2587) PSYoungGen: 345568K(346112K)->1056K(347648K) Eden: 344576K(344576K)->0K(346112K) From: 992K(1536K)->1056K(1536K)
[459.106s][info][gc,heap        ] GC(2587) ParOldGen: 12414K(699392K)->12494K(699392K)
[459.106s][info][gc,metaspace   ] GC(2587) Metaspace: 14340K(15296K)->14340K(15296K) NonClass: 12380K(12928K)->12380K(12928K) Class: 1960K(2368K)->1960K(2368K)
[459.106s][info][gc             ] GC(2587) Pause Young (Allocation Failure) 349M->13M(1022M) 2.316ms
[459.106s][info][gc,cpu         ] GC(2587) User=0.00s Sys=0.00s Real=0.00s
[459.313s][info][gc,start       ] GC(2588) Pause Young (Allocation Failure)
[459.315s][info][gc,heap        ] GC(2588) PSYoungGen: 347168K(347648K)->1024K(347648K) Eden: 346112K(346112K)->0K(346112K) From: 1056K(1536K)->1024K(1536K)
[459.315s][info][gc,heap        ] GC(2588) ParOldGen: 12494K(699392K)->12558K(699392K)
[459.315s][info][gc,metaspace   ] GC(2588) Metaspace: 14340K(15296K)->14340K(15296K) NonClass: 12380K(12928K)->12380K(12928K) Class: 1960K(2368K)->1960K(2368K)
[459.315s][info][gc             ] GC(2588) Pause Young (Allocation Failure) 351M->13M(1022M) 2.289ms
[459.315s][info][gc,cpu         ] GC(2588) User=0.00s Sys=0.00s Real=0.00s
[459.523s][info][gc,start       ] GC(2589) Pause Young (Allocation Failure)
[459.525s][info][gc,heap        ] GC(2589) PSYoungGen: 347136K(347648K)->1024K(347648K) Eden: 346112K(346112K)->0K(346112K) From: 1024K(1536K)->1024K(1536K)
[459.525s][info][gc,heap        ] GC(2589) ParOldGen: 12558K(699392K)->12654K(699392K)
[459.525s][info][gc,metaspace   ] GC(2589) Metaspace: 14340K(15296K)->14340K(15296K) NonClass: 12380K(12928K)->12380K(12928K) Class: 1960K(2368K)->1960K(2368K)
[459.525s][info][gc             ] GC(2589) Pause Young (Allocation Failure) 351M->13M(1022M) 2.362ms
[459.525s][info][gc,cpu         ] GC(2589) User=0.00s Sys=0.00s Real=0.00s
[459.733s][info][gc,start       ] GC(2590) Pause Young (Allocation Failure)
[459.735s][info][gc,heap        ] GC(2590) PSYoungGen: 347136K(347648K)->1024K(347648K) Eden: 346112K(346112K)->0K(346112K) From: 1024K(1536K)->1024K(1536K)
[459.735s][info][gc,heap        ] GC(2590) ParOldGen: 12654K(699392K)->12734K(699392K)
[459.735s][info][gc,metaspace   ] GC(2590) Metaspace: 14340K(15296K)->14340K(15296K) NonClass: 12380K(12928K)->12380K(12928K) Class: 1960K(2368K)->1960K(2368K)
[459.735s][info][gc             ] GC(2590) Pause Young (Allocation Failure) 351M->13M(1022M) 2.406ms
[459.735s][info][gc,cpu         ] GC(2590) User=0.52s Sys=0.00s Real=0.00s
[459.944s][info][gc,start       ] GC(2591) Pause Young (Allocation Failure)
[459.946s][info][gc,heap        ] GC(2591) PSYoungGen: 347136K(347648K)->1024K(347648K) Eden: 346112K(346112K)->0K(346112K) From: 1024K(1536K)->1024K(1536K)
[459.946s][info][gc,heap        ] GC(2591) ParOldGen: 12734K(699392K)->12830K(699392K)
[459.946s][info][gc,metaspace   ] GC(2591) Metaspace: 14340K(15296K)->14340K(15296K) NonClass: 12380K(12928K)->12380K(12928K) Class: 1960K(2368K)->1960K(2368K)
[459.946s][info][gc             ] GC(2591) Pause Young (Allocation Failure) 351M->13M(1022M) 2.404ms
[459.946s][info][gc,cpu         ] GC(2591) User=0.00s Sys=0.00s Real=0.00s
[460.158s][info][gc,start       ] GC(2592) Pause Young (Allocation Failure)
[460.160s][info][gc,heap        ] GC(2592) PSYoungGen: 347136K(347648K)->1024K(347648K) Eden: 346112K(346112K)->0K(346112K) From: 1024K(1536K)->1024K(1536K)
[460.160s][info][gc,heap        ] GC(2592) ParOldGen: 12830K(699392K)->12918K(699392K)
[460.160s][info][gc,metaspace   ] GC(2592) Metaspace: 14340K(15296K)->14340K(15296K) NonClass: 12380K(12928K)->12380K(12928K) Class: 1960K(2368K)->1960K(2368K)
[460.160s][info][gc             ] GC(2592) Pause Young (Allocation Failure) 351M->13M(1022M) 2.461ms
[460.160s][info][gc,cpu         ] GC(2592) User=0.00s Sys=0.00s Real=0.00s
[460.394s][info][gc,start       ] GC(2593) Pause Young (Allocation Failure)
[460.397s][info][gc,heap        ] GC(2593) PSYoungGen: 347136K(347648K)->992K(347648K) Eden: 346112K(346112K)->0K(346112K) From: 1024K(1536K)->992K(1536K)
[460.397s][info][gc,heap        ] GC(2593) ParOldGen: 12918K(699392K)->13022K(699392K)
[460.397s][info][gc,metaspace   ] GC(2593) Metaspace: 14340K(15296K)->14340K(15296K) NonClass: 12380K(12928K)->12380K(12928K) Class: 1960K(2368K)->1960K(2368K)
[460.397s][info][gc             ] GC(2593) Pause Young (Allocation Failure) 351M->13M(1022M) 2.472ms
[460.397s][info][gc,cpu         ] GC(2593) User=0.00s Sys=0.00s Real=0.00s
[460.651s][info][gc,start       ] GC(2594) Pause Young (Allocation Failure)
[460.654s][info][gc,heap        ] GC(2594) PSYoungGen: 347104K(347648K)->928K(347648K) Eden: 346112K(346112K)->0K(346112K) From: 992K(1536K)->928K(1536K)
[460.654s][info][gc,heap        ] GC(2594) ParOldGen: 13022K(699392K)->13102K(699392K)
[460.654s][info][gc,metaspace   ] GC(2594) Metaspace: 14340K(15296K)->14340K(15296K) NonClass: 12380K(12928K)->12380K(12928K) Class: 1960K(2368K)->1960K(2368K)
[460.654s][info][gc             ] GC(2594) Pause Young (Allocation Failure) 351M->13M(1022M) 2.582ms
[460.654s][info][gc,cpu         ] GC(2594) User=0.00s Sys=0.00s Real=0.00s
[460.882s][info][gc,start       ] GC(2595) Pause Young (Allocation Failure)
[460.885s][info][gc,heap        ] GC(2595) PSYoungGen: 347040K(347648K)->576K(347648K) Eden: 346112K(346112K)->0K(346112K) From: 928K(1536K)->576K(1536K)
[460.885s][info][gc,heap        ] GC(2595) ParOldGen: 13102K(699392K)->13166K(699392K)
[460.885s][info][gc,metaspace   ] GC(2595) Metaspace: 14340K(15296K)->14340K(15296K) NonClass: 12380K(12928K)->12380K(12928K) Class: 1960K(2368K)->1960K(2368K)
[460.885s][info][gc             ] GC(2595) Pause Young (Allocation Failure) 351M->13M(1022M) 2.752ms
[460.885s][info][gc,cpu         ] GC(2595) User=0.00s Sys=0.00s Real=0.00s
[461.302s][info][gc,heap,exit   ] Heap
[461.302s][info][gc,heap,exit   ]  PSYoungGen      total 347648K, used 88372K [0x00000000eab00000, 0x0000000100000000, 0x0000000100000000)
[461.302s][info][gc,heap,exit   ]   eden space 346112K, 25% used [0x00000000eab00000,0x00000000f00bd120,0x00000000ffd00000)
[461.302s][info][gc,heap,exit   ]   from space 1536K, 37% used [0x00000000ffe80000,0x00000000fff10000,0x0000000100000000)
[461.302s][info][gc,heap,exit   ]   to   space 1536K, 0% used [0x00000000ffd00000,0x00000000ffd00000,0x00000000ffe80000)
[461.302s][info][gc,heap,exit   ]  ParOldGen       total 699392K, used 13166K [0x00000000c0000000, 0x00000000eab00000, 0x00000000eab00000)
[461.302s][info][gc,heap,exit   ]   object space 699392K, 1% used [0x00000000c0000000,0x00000000c0cdb970,0x00000000eab00000)
[461.302s][info][gc,heap,exit   ]  Metaspace       used 14400K, committed 15360K, reserved 1114112K
[461.302s][info][gc,heap,exit   ]   class space    used 1969K, committed 2368K, reserved 1048576K
