[0.017s][info][gc,init] CardTable entry size: 512
[0.017s][info][gc     ] Using Serial
[0.026s][info][gc,init] Version: 20+36-2344 (release)
[0.026s][info][gc,init] CPUs: 48 total, 48 available
[0.026s][info][gc,init] Memory: 382G
[0.026s][info][gc,init] Large Page Support: Disabled
[0.026s][info][gc,init] NUMA Support: Disabled
[0.026s][info][gc,init] Compressed Oops: Enabled (32-bit)
[0.026s][info][gc,init] Heap Min Capacity: 8M
[0.026s][info][gc,init] Heap Initial Capacity: 2G
[0.026s][info][gc,init] Heap Max Capacity: 2G
[0.026s][info][gc,init] Pre-touch: Disabled
[0.036s][info][gc,metaspace] CDS archive(s) mapped at: [0x0000000800000000-0x0000000800c60000-0x0000000800c60000), size 12976128, SharedBaseAddress: 0x0000000800000000, ArchiveRelocationMode: 0.
[0.036s][info][gc,metaspace] Compressed class space mapped at: 0x0000000801000000-0x0000000841000000, reserved size: 1073741824
[0.036s][info][gc,metaspace] Narrow klass base: 0x0000000800000000, Narrow klass shift: 0, Narrow klass range: 0x100000000
[1.259s][info][gc,start    ] GC(0) Pause Full (System.gc())
[1.259s][info][gc,phases,start] GC(0) Phase 1: Mark live objects
[1.270s][info][gc,phases      ] GC(0) Phase 1: Mark live objects 10.152ms
[1.270s][info][gc,phases,start] GC(0) Phase 2: Compute new object addresses
[1.274s][info][gc,phases      ] GC(0) Phase 2: Compute new object addresses 4.867ms
[1.274s][info][gc,phases,start] GC(0) Phase 3: Adjust pointers
[1.278s][info][gc,phases      ] GC(0) Phase 3: Adjust pointers 3.928ms
[1.278s][info][gc,phases,start] GC(0) Phase 4: Move objects
[1.281s][info][gc,phases      ] GC(0) Phase 4: Move objects 2.656ms
[1.282s][info][gc,heap        ] GC(0) DefNew: 111851K(629120K)->0K(629120K) Eden: 111851K(559232K)->0K(559232K) From: 0K(69888K)->0K(69888K)
[1.282s][info][gc,heap        ] GC(0) Tenured: 0K(1398144K)->3470K(1398144K)
[1.282s][info][gc,metaspace   ] GC(0) Metaspace: 8235K(8448K)->8235K(8448K) NonClass: 7128K(7232K)->7128K(7232K) Class: 1106K(1216K)->1106K(1216K)
[1.282s][info][gc             ] GC(0) Pause Full (System.gc()) 109M->3M(1979M) 22.853ms
[1.282s][info][gc,cpu         ] GC(0) User=0.03s Sys=0.00s Real=0.03s
[2.852s][info][gc,start       ] GC(1) Pause Young (Allocation Failure)
[2.871s][info][gc,heap        ] GC(1) DefNew: 559232K(629120K)->3549K(629120K) Eden: 559232K(559232K)->0K(559232K) From: 0K(69888K)->3549K(69888K)
[2.871s][info][gc,heap        ] GC(1) Tenured: 3470K(1398144K)->3470K(1398144K)
[2.871s][info][gc,metaspace   ] GC(1) Metaspace: 14528K(15040K)->14528K(15040K) NonClass: 12484K(12800K)->12484K(12800K) Class: 2044K(2240K)->2044K(2240K)
[2.871s][info][gc             ] GC(1) Pause Young (Allocation Failure) 549M->6M(1979M) 18.395ms
[2.871s][info][gc,cpu         ] GC(1) User=0.06s Sys=0.00s Real=0.01s
[3.254s][info][gc,start       ] GC(2) Pause Young (Allocation Failure)
[3.273s][info][gc,heap        ] GC(2) DefNew: 562781K(629120K)->3604K(629120K) Eden: 559232K(559232K)->0K(559232K) From: 3549K(69888K)->3604K(69888K)
[3.273s][info][gc,heap        ] GC(2) Tenured: 3470K(1398144K)->3470K(1398144K)
[3.273s][info][gc,metaspace   ] GC(2) Metaspace: 14534K(15040K)->14534K(15040K) NonClass: 12490K(12800K)->12490K(12800K) Class: 2044K(2240K)->2044K(2240K)
[3.273s][info][gc             ] GC(2) Pause Young (Allocation Failure) 552M->6M(1979M) 18.902ms
[3.273s][info][gc,cpu         ] GC(2) User=0.00s Sys=0.00s Real=0.01s
[3.792s][info][gc,start       ] GC(3) Pause Young (Allocation Failure)
[3.822s][info][gc,heap        ] GC(3) DefNew: 562836K(629120K)->3694K(629120K) Eden: 559232K(559232K)->0K(559232K) From: 3604K(69888K)->3694K(69888K)
[3.822s][info][gc,heap        ] GC(3) Tenured: 3470K(1398144K)->3470K(1398144K)
[3.822s][info][gc,metaspace   ] GC(3) Metaspace: 14534K(15040K)->14534K(15040K) NonClass: 12490K(12800K)->12490K(12800K) Class: 2044K(2240K)->2044K(2240K)
[3.822s][info][gc             ] GC(3) Pause Young (Allocation Failure) 553M->6M(1979M) 30.031ms
[3.822s][info][gc,cpu         ] GC(3) User=0.02s Sys=0.00s Real=0.02s
[4.267s][info][gc,start       ] GC(4) Pause Young (Allocation Failure)
[4.293s][info][gc,heap        ] GC(4) DefNew: 562926K(629120K)->3762K(629120K) Eden: 559232K(559232K)->0K(559232K) From: 3694K(69888K)->3762K(69888K)
[4.293s][info][gc,heap        ] GC(4) Tenured: 3470K(1398144K)->3470K(1398144K)
[4.293s][info][gc,metaspace   ] GC(4) Metaspace: 14534K(15040K)->14534K(15040K) NonClass: 12490K(12800K)->12490K(12800K) Class: 2044K(2240K)->2044K(2240K)
[4.293s][info][gc             ] GC(4) Pause Young (Allocation Failure) 553M->7M(1979M) 26.568ms
[4.293s][info][gc,cpu         ] GC(4) User=0.02s Sys=0.00s Real=0.03s
[4.796s][info][gc,start       ] GC(5) Pause Young (Allocation Failure)
[4.825s][info][gc,heap        ] GC(5) DefNew: 562994K(629120K)->3846K(629120K) Eden: 559232K(559232K)->0K(559232K) From: 3762K(69888K)->3846K(69888K)
[4.825s][info][gc,heap        ] GC(5) Tenured: 3470K(1398144K)->3470K(1398144K)
[4.825s][info][gc,metaspace   ] GC(5) Metaspace: 14535K(15040K)->14535K(15040K) NonClass: 12490K(12800K)->12490K(12800K) Class: 2044K(2240K)->2044K(2240K)
[4.825s][info][gc             ] GC(5) Pause Young (Allocation Failure) 553M->7M(1979M) 29.276ms
[4.825s][info][gc,cpu         ] GC(5) User=0.03s Sys=0.00s Real=0.03s
[5.269s][info][gc,start       ] GC(6) Pause Young (Allocation Failure)
[5.299s][info][gc,heap        ] GC(6) DefNew: 563078K(629120K)->3918K(629120K) Eden: 559232K(559232K)->0K(559232K) From: 3846K(69888K)->3918K(69888K)
[5.299s][info][gc,heap        ] GC(6) Tenured: 3470K(1398144K)->3470K(1398144K)
[5.299s][info][gc,metaspace   ] GC(6) Metaspace: 14535K(15040K)->14535K(15040K) NonClass: 12490K(12800K)->12490K(12800K) Class: 2044K(2240K)->2044K(2240K)
[5.299s][info][gc             ] GC(6) Pause Young (Allocation Failure) 553M->7M(1979M) 30.181ms
[5.299s][info][gc,cpu         ] GC(6) User=0.02s Sys=0.00s Real=0.02s
[5.697s][info][gc,start       ] GC(7) Pause Young (Allocation Failure)
[5.724s][info][gc,heap        ] GC(7) DefNew: 563150K(629120K)->3978K(629120K) Eden: 559232K(559232K)->0K(559232K) From: 3918K(69888K)->3978K(69888K)
[5.724s][info][gc,heap        ] GC(7) Tenured: 3470K(1398144K)->3470K(1398144K)
[5.725s][info][gc,metaspace   ] GC(7) Metaspace: 14535K(15040K)->14535K(15040K) NonClass: 12490K(12800K)->12490K(12800K) Class: 2044K(2240K)->2044K(2240K)
[5.725s][info][gc             ] GC(7) Pause Young (Allocation Failure) 553M->7M(1979M) 27.712ms
[5.725s][info][gc,cpu         ] GC(7) User=0.03s Sys=0.00s Real=0.02s
[6.228s][info][gc,start       ] GC(8) Pause Young (Allocation Failure)
[6.262s][info][gc,heap        ] GC(8) DefNew: 563210K(629120K)->4056K(629120K) Eden: 559232K(559232K)->0K(559232K) From: 3978K(69888K)->4056K(69888K)
[6.263s][info][gc,heap        ] GC(8) Tenured: 3470K(1398144K)->3470K(1398144K)
[6.263s][info][gc,metaspace   ] GC(8) Metaspace: 14535K(15040K)->14535K(15040K) NonClass: 12490K(12800K)->12490K(12800K) Class: 2044K(2240K)->2044K(2240K)
[6.263s][info][gc             ] GC(8) Pause Young (Allocation Failure) 553M->7M(1979M) 34.373ms
[6.263s][info][gc,cpu         ] GC(8) User=0.03s Sys=0.00s Real=0.03s
[6.723s][info][gc,start       ] GC(9) Pause Young (Allocation Failure)
[6.757s][info][gc,heap        ] GC(9) DefNew: 563288K(629120K)->4126K(629120K) Eden: 559232K(559232K)->0K(559232K) From: 4056K(69888K)->4126K(69888K)
[6.757s][info][gc,heap        ] GC(9) Tenured: 3470K(1398144K)->3470K(1398144K)
[6.757s][info][gc,metaspace   ] GC(9) Metaspace: 14535K(15040K)->14535K(15040K) NonClass: 12490K(12800K)->12490K(12800K) Class: 2044K(2240K)->2044K(2240K)
[6.757s][info][gc             ] GC(9) Pause Young (Allocation Failure) 553M->7M(1979M) 34.842ms
[6.757s][info][gc,cpu         ] GC(9) User=0.02s Sys=0.00s Real=0.02s
[7.244s][info][gc,start       ] GC(10) Pause Young (Allocation Failure)
[7.282s][info][gc,heap        ] GC(10) DefNew: 563358K(629120K)->4202K(629120K) Eden: 559232K(559232K)->0K(559232K) From: 4126K(69888K)->4202K(69888K)
[7.282s][info][gc,heap        ] GC(10) Tenured: 3470K(1398144K)->3470K(1398144K)
[7.282s][info][gc,metaspace   ] GC(10) Metaspace: 14535K(15040K)->14535K(15040K) NonClass: 12490K(12800K)->12490K(12800K) Class: 2044K(2240K)->2044K(2240K)
[7.282s][info][gc             ] GC(10) Pause Young (Allocation Failure) 553M->7M(1979M) 37.396ms
[7.282s][info][gc,cpu         ] GC(10) User=0.05s Sys=0.00s Real=0.04s
[7.657s][info][gc,start       ] GC(11) Pause Young (Allocation Failure)
[7.687s][info][gc,heap        ] GC(11) DefNew: 563434K(629120K)->4262K(629120K) Eden: 559232K(559232K)->0K(559232K) From: 4202K(69888K)->4262K(69888K)
[7.687s][info][gc,heap        ] GC(11) Tenured: 3470K(1398144K)->3470K(1398144K)
[7.687s][info][gc,metaspace   ] GC(11) Metaspace: 14538K(15040K)->14538K(15040K) NonClass: 12494K(12800K)->12494K(12800K) Class: 2044K(2240K)->2044K(2240K)
[7.687s][info][gc             ] GC(11) Pause Young (Allocation Failure) 553M->7M(1979M) 30.058ms
[7.687s][info][gc,cpu         ] GC(11) User=0.02s Sys=0.00s Real=0.02s
[8.153s][info][gc,start       ] GC(12) Pause Young (Allocation Failure)
[8.191s][info][gc,heap        ] GC(12) DefNew: 563494K(629120K)->4334K(629120K) Eden: 559232K(559232K)->0K(559232K) From: 4262K(69888K)->4334K(69888K)
[8.191s][info][gc,heap        ] GC(12) Tenured: 3470K(1398144K)->3470K(1398144K)
[8.191s][info][gc,metaspace   ] GC(12) Metaspace: 14538K(15040K)->14538K(15040K) NonClass: 12494K(12800K)->12494K(12800K) Class: 2044K(2240K)->2044K(2240K)
[8.191s][info][gc             ] GC(12) Pause Young (Allocation Failure) 553M->7M(1979M) 38.763ms
[8.191s][info][gc,cpu         ] GC(12) User=0.05s Sys=0.00s Real=0.03s
[8.580s][info][gc,start       ] GC(13) Pause Young (Allocation Failure)
[8.609s][info][gc,heap        ] GC(13) DefNew: 563566K(629120K)->4395K(629120K) Eden: 559232K(559232K)->0K(559232K) From: 4334K(69888K)->4395K(69888K)
[8.609s][info][gc,heap        ] GC(13) Tenured: 3470K(1398144K)->3470K(1398144K)
[8.609s][info][gc,metaspace   ] GC(13) Metaspace: 14538K(15040K)->14538K(15040K) NonClass: 12494K(12800K)->12494K(12800K) Class: 2044K(2240K)->2044K(2240K)
[8.610s][info][gc             ] GC(13) Pause Young (Allocation Failure) 553M->7M(1979M) 29.754ms
[8.610s][info][gc,cpu         ] GC(13) User=0.02s Sys=0.00s Real=0.03s
[9.005s][info][gc,start       ] GC(14) Pause Young (Allocation Failure)
[9.039s][info][gc,heap        ] GC(14) DefNew: 563627K(629120K)->4455K(629120K) Eden: 559232K(559232K)->0K(559232K) From: 4395K(69888K)->4455K(69888K)
[9.039s][info][gc,heap        ] GC(14) Tenured: 3470K(1398144K)->3470K(1398144K)
[9.039s][info][gc,metaspace   ] GC(14) Metaspace: 14538K(15040K)->14538K(15040K) NonClass: 12494K(12800K)->12494K(12800K) Class: 2044K(2240K)->2044K(2240K)
[9.039s][info][gc             ] GC(14) Pause Young (Allocation Failure) 553M->7M(1979M) 33.777ms
[9.039s][info][gc,cpu         ] GC(14) User=0.03s Sys=0.00s Real=0.03s
[9.570s][info][gc,start       ] GC(15) Pause Young (Allocation Failure)
[9.607s][info][gc,heap        ] GC(15) DefNew: 563687K(629120K)->4534K(629120K) Eden: 559232K(559232K)->0K(559232K) From: 4455K(69888K)->4534K(69888K)
[9.607s][info][gc,heap        ] GC(15) Tenured: 3470K(1398144K)->3470K(1398144K)
[9.607s][info][gc,metaspace   ] GC(15) Metaspace: 14538K(15040K)->14538K(15040K) NonClass: 12494K(12800K)->12494K(12800K) Class: 2044K(2240K)->2044K(2240K)
[9.607s][info][gc             ] GC(15) Pause Young (Allocation Failure) 553M->7M(1979M) 37.410ms
[9.607s][info][gc,cpu         ] GC(15) User=0.03s Sys=0.00s Real=0.03s
[9.974s][info][gc,start       ] GC(16) Pause Young (Allocation Failure)
[10.010s][info][gc,heap        ] GC(16) DefNew: 563766K(629120K)->1067K(629120K) Eden: 559232K(559232K)->0K(559232K) From: 4534K(69888K)->1067K(69888K)
[10.010s][info][gc,heap        ] GC(16) Tenured: 3470K(1398144K)->6995K(1398144K)
[10.010s][info][gc,metaspace   ] GC(16) Metaspace: 14538K(15040K)->14538K(15040K) NonClass: 12494K(12800K)->12494K(12800K) Class: 2044K(2240K)->2044K(2240K)
[10.010s][info][gc             ] GC(16) Pause Young (Allocation Failure) 553M->7M(1979M) 36.114ms
[10.010s][info][gc,cpu         ] GC(16) User=0.03s Sys=0.00s Real=0.04s
[10.518s][info][gc,start       ] GC(17) Pause Young (Allocation Failure)
[10.555s][info][gc,heap        ] GC(17) DefNew: 560299K(629120K)->1075K(629120K) Eden: 559232K(559232K)->0K(559232K) From: 1067K(69888K)->1075K(69888K)
[10.555s][info][gc,heap        ] GC(17) Tenured: 6995K(1398144K)->7065K(1398144K)
[10.555s][info][gc,metaspace   ] GC(17) Metaspace: 14538K(15040K)->14538K(15040K) NonClass: 12494K(12800K)->12494K(12800K) Class: 2044K(2240K)->2044K(2240K)
[10.555s][info][gc             ] GC(17) Pause Young (Allocation Failure) 553M->7M(1979M) 36.995ms
[10.555s][info][gc,cpu         ] GC(17) User=0.02s Sys=0.00s Real=0.02s
[11.226s][info][gc,start       ] GC(18) Pause Young (Allocation Failure)
[11.264s][info][gc,heap        ] GC(18) DefNew: 560307K(629120K)->1068K(629120K) Eden: 559232K(559232K)->0K(559232K) From: 1075K(69888K)->1068K(69888K)
[11.264s][info][gc,heap        ] GC(18) Tenured: 7065K(1398144K)->7155K(1398144K)
[11.264s][info][gc,metaspace   ] GC(18) Metaspace: 14538K(15040K)->14538K(15040K) NonClass: 12494K(12800K)->12494K(12800K) Class: 2044K(2240K)->2044K(2240K)
[11.264s][info][gc             ] GC(18) Pause Young (Allocation Failure) 554M->8M(1979M) 37.602ms
[11.264s][info][gc,cpu         ] GC(18) User=0.03s Sys=0.00s Real=0.03s
[11.813s][info][gc,start       ] GC(19) Pause Young (Allocation Failure)
[11.846s][info][gc,heap        ] GC(19) DefNew: 560300K(629120K)->1086K(629120K) Eden: 559232K(559232K)->0K(559232K) From: 1068K(69888K)->1086K(69888K)
[11.846s][info][gc,heap        ] GC(19) Tenured: 7155K(1398144K)->7223K(1398144K)
[11.846s][info][gc,metaspace   ] GC(19) Metaspace: 14538K(15040K)->14538K(15040K) NonClass: 12494K(12800K)->12494K(12800K) Class: 2044K(2240K)->2044K(2240K)
[11.846s][info][gc             ] GC(19) Pause Young (Allocation Failure) 554M->8M(1979M) 33.050ms
[11.846s][info][gc,cpu         ] GC(19) User=0.02s Sys=0.00s Real=0.02s
[12.384s][info][gc,start       ] GC(20) Pause Young (Allocation Failure)
[12.412s][info][gc,heap        ] GC(20) DefNew: 560318K(629120K)->1084K(629120K) Eden: 559232K(559232K)->0K(559232K) From: 1086K(69888K)->1084K(69888K)
[12.412s][info][gc,heap        ] GC(20) Tenured: 7223K(1398144K)->7307K(1398144K)
[12.412s][info][gc,metaspace   ] GC(20) Metaspace: 14538K(15040K)->14538K(15040K) NonClass: 12494K(12800K)->12494K(12800K) Class: 2044K(2240K)->2044K(2240K)
[12.412s][info][gc             ] GC(20) Pause Young (Allocation Failure) 554M->8M(1979M) 27.710ms
[12.412s][info][gc,cpu         ] GC(20) User=0.02s Sys=0.00s Real=0.02s
[12.939s][info][gc,start       ] GC(21) Pause Young (Allocation Failure)
[12.975s][info][gc,heap        ] GC(21) DefNew: 560316K(629120K)->1098K(629120K) Eden: 559232K(559232K)->0K(559232K) From: 1084K(69888K)->1098K(69888K)
[12.975s][info][gc,heap        ] GC(21) Tenured: 7307K(1398144K)->7378K(1398144K)
[12.975s][info][gc,metaspace   ] GC(21) Metaspace: 14538K(15040K)->14538K(15040K) NonClass: 12494K(12800K)->12494K(12800K) Class: 2044K(2240K)->2044K(2240K)
[12.976s][info][gc             ] GC(21) Pause Young (Allocation Failure) 554M->8M(1979M) 36.036ms
[12.976s][info][gc,cpu         ] GC(21) User=0.02s Sys=0.00s Real=0.02s
[13.504s][info][gc,start       ] GC(22) Pause Young (Allocation Failure)
[13.538s][info][gc,heap        ] GC(22) DefNew: 560330K(629120K)->1117K(629120K) Eden: 559232K(559232K)->0K(559232K) From: 1098K(69888K)->1117K(69888K)
[13.538s][info][gc,heap        ] GC(22) Tenured: 7378K(1398144K)->7440K(1398144K)
[13.538s][info][gc,metaspace   ] GC(22) Metaspace: 14538K(15040K)->14538K(15040K) NonClass: 12494K(12800K)->12494K(12800K) Class: 2044K(2240K)->2044K(2240K)
[13.538s][info][gc             ] GC(22) Pause Young (Allocation Failure) 554M->8M(1979M) 33.447ms
[13.538s][info][gc,cpu         ] GC(22) User=0.03s Sys=0.00s Real=0.03s
[14.069s][info][gc,start       ] GC(23) Pause Young (Allocation Failure)
[14.102s][info][gc,heap        ] GC(23) DefNew: 560349K(629120K)->1121K(629120K) Eden: 559232K(559232K)->0K(559232K) From: 1117K(69888K)->1121K(69888K)
[14.102s][info][gc,heap        ] GC(23) Tenured: 7440K(1398144K)->7516K(1398144K)
[14.102s][info][gc,metaspace   ] GC(23) Metaspace: 14538K(15040K)->14538K(15040K) NonClass: 12494K(12800K)->12494K(12800K) Class: 2044K(2240K)->2044K(2240K)
[14.102s][info][gc             ] GC(23) Pause Young (Allocation Failure) 554M->8M(1979M) 33.403ms
[14.102s][info][gc,cpu         ] GC(23) User=0.02s Sys=0.00s Real=0.02s
[14.631s][info][gc,start       ] GC(24) Pause Young (Allocation Failure)
[14.663s][info][gc,heap        ] GC(24) DefNew: 560353K(629120K)->1134K(629120K) Eden: 559232K(559232K)->0K(559232K) From: 1121K(69888K)->1134K(69888K)
[14.663s][info][gc,heap        ] GC(24) Tenured: 7516K(1398144K)->7587K(1398144K)
[14.663s][info][gc,metaspace   ] GC(24) Metaspace: 14538K(15040K)->14538K(15040K) NonClass: 12494K(12800K)->12494K(12800K) Class: 2044K(2240K)->2044K(2240K)
[14.663s][info][gc             ] GC(24) Pause Young (Allocation Failure) 554M->8M(1979M) 32.275ms
[14.663s][info][gc,cpu         ] GC(24) User=0.03s Sys=0.00s Real=0.03s
[15.195s][info][gc,start       ] GC(25) Pause Young (Allocation Failure)
[15.235s][info][gc,heap        ] GC(25) DefNew: 560366K(629120K)->1139K(629120K) Eden: 559232K(559232K)->0K(559232K) From: 1134K(69888K)->1139K(69888K)
[15.235s][info][gc,heap        ] GC(25) Tenured: 7587K(1398144K)->7663K(1398144K)
[15.235s][info][gc,metaspace   ] GC(25) Metaspace: 14538K(15040K)->14538K(15040K) NonClass: 12494K(12800K)->12494K(12800K) Class: 2044K(2240K)->2044K(2240K)
[15.235s][info][gc             ] GC(25) Pause Young (Allocation Failure) 554M->8M(1979M) 39.794ms
[15.235s][info][gc,cpu         ] GC(25) User=0.03s Sys=0.00s Real=0.03s
[15.792s][info][gc,start       ] GC(26) Pause Young (Allocation Failure)
[15.820s][info][gc,heap        ] GC(26) DefNew: 560371K(629120K)->1168K(629120K) Eden: 559232K(559232K)->0K(559232K) From: 1139K(69888K)->1168K(69888K)
[15.820s][info][gc,heap        ] GC(26) Tenured: 7663K(1398144K)->7722K(1398144K)
[15.820s][info][gc,metaspace   ] GC(26) Metaspace: 14538K(15040K)->14538K(15040K) NonClass: 12494K(12800K)->12494K(12800K) Class: 2044K(2240K)->2044K(2240K)
[15.820s][info][gc             ] GC(26) Pause Young (Allocation Failure) 554M->8M(1979M) 27.707ms
[15.820s][info][gc,cpu         ] GC(26) User=0.03s Sys=0.00s Real=0.03s
[16.346s][info][gc,start       ] GC(27) Pause Young (Allocation Failure)
[16.383s][info][gc,heap        ] GC(27) DefNew: 560400K(629120K)->1180K(629120K) Eden: 559232K(559232K)->0K(559232K) From: 1168K(69888K)->1180K(69888K)
[16.383s][info][gc,heap        ] GC(27) Tenured: 7722K(1398144K)->7793K(1398144K)
[16.383s][info][gc,metaspace   ] GC(27) Metaspace: 14538K(15040K)->14538K(15040K) NonClass: 12494K(12800K)->12494K(12800K) Class: 2044K(2240K)->2044K(2240K)
[16.383s][info][gc             ] GC(27) Pause Young (Allocation Failure) 554M->8M(1979M) 36.735ms
[16.383s][info][gc,cpu         ] GC(27) User=0.03s Sys=0.00s Real=0.04s
[16.920s][info][gc,start       ] GC(28) Pause Young (Allocation Failure)
[16.957s][info][gc,heap        ] GC(28) DefNew: 560412K(629120K)->1204K(629120K) Eden: 559232K(559232K)->0K(559232K) From: 1180K(69888K)->1204K(69888K)
[16.957s][info][gc,heap        ] GC(28) Tenured: 7793K(1398144K)->7855K(1398144K)
[16.957s][info][gc,metaspace   ] GC(28) Metaspace: 14538K(15040K)->14538K(15040K) NonClass: 12494K(12800K)->12494K(12800K) Class: 2044K(2240K)->2044K(2240K)
[16.957s][info][gc             ] GC(28) Pause Young (Allocation Failure) 554M->8M(1979M) 36.962ms
[16.957s][info][gc,cpu         ] GC(28) User=0.03s Sys=0.00s Real=0.03s
[17.483s][info][gc,start       ] GC(29) Pause Young (Allocation Failure)
[17.518s][info][gc,heap        ] GC(29) DefNew: 560436K(629120K)->1226K(629120K) Eden: 559232K(559232K)->0K(559232K) From: 1204K(69888K)->1226K(69888K)
[17.518s][info][gc,heap        ] GC(29) Tenured: 7855K(1398144K)->7914K(1398144K)
[17.518s][info][gc,metaspace   ] GC(29) Metaspace: 14538K(15040K)->14538K(15040K) NonClass: 12494K(12800K)->12494K(12800K) Class: 2044K(2240K)->2044K(2240K)
[17.518s][info][gc             ] GC(29) Pause Young (Allocation Failure) 554M->8M(1979M) 34.589ms
[17.518s][info][gc,cpu         ] GC(29) User=0.03s Sys=0.00s Real=0.02s
[18.046s][info][gc,start       ] GC(30) Pause Young (Allocation Failure)
[18.080s][info][gc,heap        ] GC(30) DefNew: 560458K(629120K)->1225K(629120K) Eden: 559232K(559232K)->0K(559232K) From: 1226K(69888K)->1225K(69888K)
[18.080s][info][gc,heap        ] GC(30) Tenured: 7914K(1398144K)->7994K(1398144K)
[18.080s][info][gc,metaspace   ] GC(30) Metaspace: 14538K(15040K)->14538K(15040K) NonClass: 12494K(12800K)->12494K(12800K) Class: 2044K(2240K)->2044K(2240K)
[18.080s][info][gc             ] GC(30) Pause Young (Allocation Failure) 555M->9M(1979M) 33.523ms
[18.080s][info][gc,cpu         ] GC(30) User=0.02s Sys=0.00s Real=0.03s
[18.613s][info][gc,start       ] GC(31) Pause Young (Allocation Failure)
[18.655s][info][gc,heap        ] GC(31) DefNew: 560457K(629120K)->1251K(629120K) Eden: 559232K(559232K)->0K(559232K) From: 1225K(69888K)->1251K(69888K)
[18.655s][info][gc,heap        ] GC(31) Tenured: 7994K(1398144K)->8053K(1398144K)
[18.655s][info][gc,metaspace   ] GC(31) Metaspace: 14538K(15040K)->14538K(15040K) NonClass: 12494K(12800K)->12494K(12800K) Class: 2044K(2240K)->2044K(2240K)
[18.655s][info][gc             ] GC(31) Pause Young (Allocation Failure) 555M->9M(1979M) 42.430ms
[18.655s][info][gc,cpu         ] GC(31) User=0.03s Sys=0.00s Real=0.03s
[19.197s][info][gc,start       ] GC(32) Pause Young (Allocation Failure)
[19.238s][info][gc,heap        ] GC(32) DefNew: 560483K(629120K)->1260K(629120K) Eden: 559232K(559232K)->0K(559232K) From: 1251K(69888K)->1260K(69888K)
[19.238s][info][gc,heap        ] GC(32) Tenured: 8053K(1398144K)->8130K(1398144K)
[19.238s][info][gc,metaspace   ] GC(32) Metaspace: 14538K(15040K)->14538K(15040K) NonClass: 12494K(12800K)->12494K(12800K) Class: 2044K(2240K)->2044K(2240K)
[19.238s][info][gc             ] GC(32) Pause Young (Allocation Failure) 555M->9M(1979M) 41.462ms
[19.238s][info][gc,cpu         ] GC(32) User=0.05s Sys=0.00s Real=0.04s
[19.802s][info][gc,start       ] GC(33) Pause Young (Allocation Failure)
[19.839s][info][gc,heap        ] GC(33) DefNew: 560492K(629120K)->1262K(629120K) Eden: 559232K(559232K)->0K(559232K) From: 1260K(69888K)->1262K(69888K)
[19.839s][info][gc,heap        ] GC(33) Tenured: 8130K(1398144K)->8213K(1398144K)
[19.839s][info][gc,metaspace   ] GC(33) Metaspace: 14538K(15040K)->14538K(15040K) NonClass: 12494K(12800K)->12494K(12800K) Class: 2044K(2240K)->2044K(2240K)
[19.839s][info][gc             ] GC(33) Pause Young (Allocation Failure) 555M->9M(1979M) 37.165ms
[19.839s][info][gc,cpu         ] GC(33) User=0.03s Sys=0.00s Real=0.03s
[20.360s][info][gc,start       ] GC(34) Pause Young (Allocation Failure)
[20.399s][info][gc,heap        ] GC(34) DefNew: 560494K(629120K)->1255K(629120K) Eden: 559232K(559232K)->0K(559232K) From: 1262K(69888K)->1255K(69888K)
[20.399s][info][gc,heap        ] GC(34) Tenured: 8213K(1398144K)->8298K(1398144K)
[20.399s][info][gc,metaspace   ] GC(34) Metaspace: 14538K(15040K)->14538K(15040K) NonClass: 12494K(12800K)->12494K(12800K) Class: 2044K(2240K)->2044K(2240K)
[20.399s][info][gc             ] GC(34) Pause Young (Allocation Failure) 555M->9M(1979M) 38.820ms
[20.399s][info][gc,cpu         ] GC(34) User=0.02s Sys=0.00s Real=0.03s
[20.791s][info][gc,start       ] GC(35) Pause Young (Allocation Failure)
[20.824s][info][gc,heap        ] GC(35) DefNew: 560487K(629120K)->1233K(629120K) Eden: 559232K(559232K)->0K(559232K) From: 1255K(69888K)->1233K(69888K)
[20.824s][info][gc,heap        ] GC(35) Tenured: 8298K(1398144K)->8381K(1398144K)
[20.824s][info][gc,metaspace   ] GC(35) Metaspace: 14538K(15040K)->14538K(15040K) NonClass: 12494K(12800K)->12494K(12800K) Class: 2044K(2240K)->2044K(2240K)
[20.824s][info][gc             ] GC(35) Pause Young (Allocation Failure) 555M->9M(1979M) 32.801ms
[20.824s][info][gc,cpu         ] GC(35) User=0.03s Sys=0.00s Real=0.03s
[21.084s][info][gc,start       ] GC(36) Pause Full (System.gc())
[21.084s][info][gc,phases,start] GC(36) Phase 1: Mark live objects
[21.113s][info][gc,phases      ] GC(36) Phase 1: Mark live objects 29.014ms
[21.113s][info][gc,phases,start] GC(36) Phase 2: Compute new object addresses
[21.149s][info][gc,phases      ] GC(36) Phase 2: Compute new object addresses 35.944ms
[21.149s][info][gc,phases,start] GC(36) Phase 3: Adjust pointers
[21.159s][info][gc,phases      ] GC(36) Phase 3: Adjust pointers 10.477ms
[21.159s][info][gc,phases,start] GC(36) Phase 4: Move objects
[21.159s][info][gc,phases      ] GC(36) Phase 4: Move objects 0.034ms
[21.161s][info][gc,heap        ] GC(36) DefNew: 162830K(629120K)->0K(629120K) Eden: 161596K(559232K)->0K(559232K) From: 1233K(69888K)->0K(69888K)
[21.161s][info][gc,heap        ] GC(36) Tenured: 8381K(1398144K)->8416K(1398144K)
[21.161s][info][gc,metaspace   ] GC(36) Metaspace: 14637K(15232K)->14237K(15104K) NonClass: 12583K(12928K)->12293K(12800K) Class: 2054K(2304K)->1943K(2304K)
[21.161s][info][gc             ] GC(36) Pause Full (System.gc()) 167M->8M(1979M) 77.005ms
[21.161s][info][gc,cpu         ] GC(36) User=0.08s Sys=0.00s Real=0.08s
[21.626s][info][gc,start       ] GC(37) Pause Young (Allocation Failure)
[21.663s][info][gc,heap        ] GC(37) DefNew: 559232K(629120K)->1533K(629120K) Eden: 559232K(559232K)->0K(559232K) From: 0K(69888K)->1533K(69888K)
[21.663s][info][gc,heap        ] GC(37) Tenured: 8416K(1398144K)->8416K(1398144K)
[21.663s][info][gc,metaspace   ] GC(37) Metaspace: 14238K(15104K)->14238K(15104K) NonClass: 12294K(12800K)->12294K(12800K) Class: 1943K(2304K)->1943K(2304K)
[21.663s][info][gc             ] GC(37) Pause Young (Allocation Failure) 554M->9M(1979M) 36.856ms
[21.663s][info][gc,cpu         ] GC(37) User=0.03s Sys=0.00s Real=0.04s
[22.165s][info][gc,start       ] GC(38) Pause Young (Allocation Failure)
[22.202s][info][gc,heap        ] GC(38) DefNew: 560765K(629120K)->1610K(629120K) Eden: 559232K(559232K)->0K(559232K) From: 1533K(69888K)->1610K(69888K)
[22.202s][info][gc,heap        ] GC(38) Tenured: 8416K(1398144K)->8416K(1398144K)
[22.202s][info][gc,metaspace   ] GC(38) Metaspace: 14238K(15104K)->14238K(15104K) NonClass: 12294K(12800K)->12294K(12800K) Class: 1943K(2304K)->1943K(2304K)
[22.202s][info][gc             ] GC(38) Pause Young (Allocation Failure) 555M->9M(1979M) 36.620ms
[22.202s][info][gc,cpu         ] GC(38) User=0.03s Sys=0.00s Real=0.02s
[22.735s][info][gc,start       ] GC(39) Pause Young (Allocation Failure)
[22.766s][info][gc,heap        ] GC(39) DefNew: 560842K(629120K)->1691K(629120K) Eden: 559232K(559232K)->0K(559232K) From: 1610K(69888K)->1691K(69888K)
[22.766s][info][gc,heap        ] GC(39) Tenured: 8416K(1398144K)->8416K(1398144K)
[22.766s][info][gc,metaspace   ] GC(39) Metaspace: 14238K(15104K)->14238K(15104K) NonClass: 12294K(12800K)->12294K(12800K) Class: 1943K(2304K)->1943K(2304K)
[22.766s][info][gc             ] GC(39) Pause Young (Allocation Failure) 555M->9M(1979M) 31.432ms
[22.766s][info][gc,cpu         ] GC(39) User=0.03s Sys=0.00s Real=0.03s
[23.280s][info][gc,start       ] GC(40) Pause Young (Allocation Failure)
[23.314s][info][gc,heap        ] GC(40) DefNew: 560923K(629120K)->1770K(629120K) Eden: 559232K(559232K)->0K(559232K) From: 1691K(69888K)->1770K(69888K)
[23.314s][info][gc,heap        ] GC(40) Tenured: 8416K(1398144K)->8416K(1398144K)
[23.314s][info][gc,metaspace   ] GC(40) Metaspace: 14238K(15104K)->14238K(15104K) NonClass: 12294K(12800K)->12294K(12800K) Class: 1943K(2304K)->1943K(2304K)
[23.314s][info][gc             ] GC(40) Pause Young (Allocation Failure) 555M->9M(1979M) 33.649ms
[23.314s][info][gc,cpu         ] GC(40) User=0.03s Sys=0.00s Real=0.03s
[23.847s][info][gc,start       ] GC(41) Pause Young (Allocation Failure)
[23.878s][info][gc,heap        ] GC(41) DefNew: 561002K(629120K)->1854K(629120K) Eden: 559232K(559232K)->0K(559232K) From: 1770K(69888K)->1854K(69888K)
[23.878s][info][gc,heap        ] GC(41) Tenured: 8416K(1398144K)->8416K(1398144K)
[23.878s][info][gc,metaspace   ] GC(41) Metaspace: 14238K(15104K)->14238K(15104K) NonClass: 12294K(12800K)->12294K(12800K) Class: 1943K(2304K)->1943K(2304K)
[23.878s][info][gc             ] GC(41) Pause Young (Allocation Failure) 556M->10M(1979M) 30.422ms
[23.878s][info][gc,cpu         ] GC(41) User=0.02s Sys=0.00s Real=0.02s
[24.413s][info][gc,start       ] GC(42) Pause Young (Allocation Failure)
[24.446s][info][gc,heap        ] GC(42) DefNew: 561086K(629120K)->1935K(629120K) Eden: 559232K(559232K)->0K(559232K) From: 1854K(69888K)->1935K(69888K)
[24.447s][info][gc,heap        ] GC(42) Tenured: 8416K(1398144K)->8416K(1398144K)
[24.447s][info][gc,metaspace   ] GC(42) Metaspace: 14238K(15104K)->14238K(15104K) NonClass: 12294K(12800K)->12294K(12800K) Class: 1943K(2304K)->1943K(2304K)
[24.447s][info][gc             ] GC(42) Pause Young (Allocation Failure) 556M->10M(1979M) 33.203ms
[24.447s][info][gc,cpu         ] GC(42) User=0.02s Sys=0.00s Real=0.02s
[24.957s][info][gc,start       ] GC(43) Pause Young (Allocation Failure)
[24.992s][info][gc,heap        ] GC(43) DefNew: 561167K(629120K)->2015K(629120K) Eden: 559232K(559232K)->0K(559232K) From: 1935K(69888K)->2015K(69888K)
[24.992s][info][gc,heap        ] GC(43) Tenured: 8416K(1398144K)->8416K(1398144K)
[24.992s][info][gc,metaspace   ] GC(43) Metaspace: 14238K(15104K)->14238K(15104K) NonClass: 12294K(12800K)->12294K(12800K) Class: 1943K(2304K)->1943K(2304K)
[24.992s][info][gc             ] GC(43) Pause Young (Allocation Failure) 556M->10M(1979M) 35.019ms
[24.992s][info][gc,cpu         ] GC(43) User=0.03s Sys=0.00s Real=0.03s
[25.492s][info][gc,start       ] GC(44) Pause Young (Allocation Failure)
[25.525s][info][gc,heap        ] GC(44) DefNew: 561247K(629120K)->2095K(629120K) Eden: 559232K(559232K)->0K(559232K) From: 2015K(69888K)->2095K(69888K)
[25.525s][info][gc,heap        ] GC(44) Tenured: 8416K(1398144K)->8416K(1398144K)
[25.525s][info][gc,metaspace   ] GC(44) Metaspace: 14238K(15104K)->14238K(15104K) NonClass: 12294K(12800K)->12294K(12800K) Class: 1943K(2304K)->1943K(2304K)
[25.525s][info][gc             ] GC(44) Pause Young (Allocation Failure) 556M->10M(1979M) 32.515ms
[25.525s][info][gc,cpu         ] GC(44) User=0.03s Sys=0.00s Real=0.03s
[26.013s][info][gc,start       ] GC(45) Pause Young (Allocation Failure)
[26.047s][info][gc,heap        ] GC(45) DefNew: 561327K(629120K)->2171K(629120K) Eden: 559232K(559232K)->0K(559232K) From: 2095K(69888K)->2171K(69888K)
[26.047s][info][gc,heap        ] GC(45) Tenured: 8416K(1398144K)->8416K(1398144K)
[26.047s][info][gc,metaspace   ] GC(45) Metaspace: 14238K(15104K)->14238K(15104K) NonClass: 12294K(12800K)->12294K(12800K) Class: 1943K(2304K)->1943K(2304K)
[26.047s][info][gc             ] GC(45) Pause Young (Allocation Failure) 556M->10M(1979M) 33.791ms
[26.047s][info][gc,cpu         ] GC(45) User=0.03s Sys=0.00s Real=0.03s
[26.541s][info][gc,start       ] GC(46) Pause Young (Allocation Failure)
[26.589s][info][gc,heap        ] GC(46) DefNew: 561403K(629120K)->2248K(629120K) Eden: 559232K(559232K)->0K(559232K) From: 2171K(69888K)->2248K(69888K)
[26.589s][info][gc,heap        ] GC(46) Tenured: 8416K(1398144K)->8416K(1398144K)
[26.589s][info][gc,metaspace   ] GC(46) Metaspace: 14238K(15104K)->14238K(15104K) NonClass: 12294K(12800K)->12294K(12800K) Class: 1943K(2304K)->1943K(2304K)
[26.589s][info][gc             ] GC(46) Pause Young (Allocation Failure) 556M->10M(1979M) 47.446ms
[26.589s][info][gc,cpu         ] GC(46) User=0.03s Sys=0.00s Real=0.04s
[27.101s][info][gc,start       ] GC(47) Pause Young (Allocation Failure)
[27.143s][info][gc,heap        ] GC(47) DefNew: 561480K(629120K)->2324K(629120K) Eden: 559232K(559232K)->0K(559232K) From: 2248K(69888K)->2324K(69888K)
[27.143s][info][gc,heap        ] GC(47) Tenured: 8416K(1398144K)->8416K(1398144K)
[27.143s][info][gc,metaspace   ] GC(47) Metaspace: 14238K(15104K)->14238K(15104K) NonClass: 12294K(12800K)->12294K(12800K) Class: 1943K(2304K)->1943K(2304K)
[27.143s][info][gc             ] GC(47) Pause Young (Allocation Failure) 556M->10M(1979M) 42.246ms
[27.143s][info][gc,cpu         ] GC(47) User=0.05s Sys=0.00s Real=0.04s
[27.680s][info][gc,start       ] GC(48) Pause Young (Allocation Failure)
[27.712s][info][gc,heap        ] GC(48) DefNew: 561556K(629120K)->2408K(629120K) Eden: 559232K(559232K)->0K(559232K) From: 2324K(69888K)->2408K(69888K)
[27.712s][info][gc,heap        ] GC(48) Tenured: 8416K(1398144K)->8416K(1398144K)
[27.712s][info][gc,metaspace   ] GC(48) Metaspace: 14238K(15104K)->14238K(15104K) NonClass: 12294K(12800K)->12294K(12800K) Class: 1943K(2304K)->1943K(2304K)
[27.712s][info][gc             ] GC(48) Pause Young (Allocation Failure) 556M->10M(1979M) 32.770ms
[27.712s][info][gc,cpu         ] GC(48) User=0.03s Sys=0.00s Real=0.02s
[28.228s][info][gc,start       ] GC(49) Pause Young (Allocation Failure)
[28.266s][info][gc,heap        ] GC(49) DefNew: 561640K(629120K)->2486K(629120K) Eden: 559232K(559232K)->0K(559232K) From: 2408K(69888K)->2486K(69888K)
[28.266s][info][gc,heap        ] GC(49) Tenured: 8416K(1398144K)->8416K(1398144K)
[28.266s][info][gc,metaspace   ] GC(49) Metaspace: 14238K(15104K)->14238K(15104K) NonClass: 12294K(12800K)->12294K(12800K) Class: 1943K(2304K)->1943K(2304K)
[28.267s][info][gc             ] GC(49) Pause Young (Allocation Failure) 556M->10M(1979M) 38.743ms
[28.267s][info][gc,cpu         ] GC(49) User=0.05s Sys=0.00s Real=0.04s
[28.824s][info][gc,start       ] GC(50) Pause Young (Allocation Failure)
[28.861s][info][gc,heap        ] GC(50) DefNew: 561718K(629120K)->2579K(629120K) Eden: 559232K(559232K)->0K(559232K) From: 2486K(69888K)->2579K(69888K)
[28.862s][info][gc,heap        ] GC(50) Tenured: 8416K(1398144K)->8416K(1398144K)
[28.862s][info][gc,metaspace   ] GC(50) Metaspace: 14238K(15104K)->14238K(15104K) NonClass: 12294K(12800K)->12294K(12800K) Class: 1943K(2304K)->1943K(2304K)
[28.862s][info][gc             ] GC(50) Pause Young (Allocation Failure) 556M->10M(1979M) 37.611ms
[28.862s][info][gc,cpu         ] GC(50) User=0.03s Sys=0.00s Real=0.03s
[29.357s][info][gc,start       ] GC(51) Pause Young (Allocation Failure)
[29.398s][info][gc,heap        ] GC(51) DefNew: 561811K(629120K)->2651K(629120K) Eden: 559232K(559232K)->0K(559232K) From: 2579K(69888K)->2651K(69888K)
[29.398s][info][gc,heap        ] GC(51) Tenured: 8416K(1398144K)->8416K(1398144K)
[29.398s][info][gc,metaspace   ] GC(51) Metaspace: 14238K(15104K)->14238K(15104K) NonClass: 12294K(12800K)->12294K(12800K) Class: 1943K(2304K)->1943K(2304K)
[29.398s][info][gc             ] GC(51) Pause Young (Allocation Failure) 556M->10M(1979M) 41.709ms
[29.398s][info][gc,cpu         ] GC(51) User=0.03s Sys=0.00s Real=0.03s
[29.920s][info][gc,start       ] GC(52) Pause Young (Allocation Failure)
[29.960s][info][gc,heap        ] GC(52) DefNew: 561883K(629120K)->1206K(629120K) Eden: 559232K(559232K)->0K(559232K) From: 2651K(69888K)->1206K(69888K)
[29.960s][info][gc,heap        ] GC(52) Tenured: 8416K(1398144K)->9941K(1398144K)
[29.960s][info][gc,metaspace   ] GC(52) Metaspace: 14238K(15104K)->14238K(15104K) NonClass: 12294K(12800K)->12294K(12800K) Class: 1943K(2304K)->1943K(2304K)
[29.960s][info][gc             ] GC(52) Pause Young (Allocation Failure) 556M->10M(1979M) 40.771ms
[29.960s][info][gc,cpu         ] GC(52) User=0.05s Sys=0.00s Real=0.04s
[30.496s][info][gc,start       ] GC(53) Pause Young (Allocation Failure)
[30.532s][info][gc,heap        ] GC(53) DefNew: 560438K(629120K)->1209K(629120K) Eden: 559232K(559232K)->0K(559232K) From: 1206K(69888K)->1209K(69888K)
[30.532s][info][gc,heap        ] GC(53) Tenured: 9941K(1398144K)->10018K(1398144K)
[30.532s][info][gc,metaspace   ] GC(53) Metaspace: 14238K(15104K)->14238K(15104K) NonClass: 12294K(12800K)->12294K(12800K) Class: 1943K(2304K)->1943K(2304K)
[30.532s][info][gc             ] GC(53) Pause Young (Allocation Failure) 557M->10M(1979M) 35.995ms
[30.532s][info][gc,cpu         ] GC(53) User=0.05s Sys=0.00s Real=0.04s
[31.074s][info][gc,start       ] GC(54) Pause Young (Allocation Failure)
[31.112s][info][gc,heap        ] GC(54) DefNew: 560441K(629120K)->1213K(629120K) Eden: 559232K(559232K)->0K(559232K) From: 1209K(69888K)->1213K(69888K)
[31.112s][info][gc,heap        ] GC(54) Tenured: 10018K(1398144K)->10098K(1398144K)
[31.112s][info][gc,metaspace   ] GC(54) Metaspace: 14238K(15104K)->14238K(15104K) NonClass: 12294K(12800K)->12294K(12800K) Class: 1943K(2304K)->1943K(2304K)
[31.112s][info][gc             ] GC(54) Pause Young (Allocation Failure) 557M->11M(1979M) 37.948ms
[31.112s][info][gc,cpu         ] GC(54) User=0.03s Sys=0.00s Real=0.03s
[31.664s][info][gc,start       ] GC(55) Pause Young (Allocation Failure)
[31.702s][info][gc,heap        ] GC(55) DefNew: 560445K(629120K)->1215K(629120K) Eden: 559232K(559232K)->0K(559232K) From: 1213K(69888K)->1215K(69888K)
[31.702s][info][gc,heap        ] GC(55) Tenured: 10098K(1398144K)->10178K(1398144K)
[31.702s][info][gc,metaspace   ] GC(55) Metaspace: 14238K(15104K)->14238K(15104K) NonClass: 12294K(12800K)->12294K(12800K) Class: 1943K(2304K)->1943K(2304K)
[31.702s][info][gc             ] GC(55) Pause Young (Allocation Failure) 557M->11M(1979M) 37.971ms
[31.702s][info][gc,cpu         ] GC(55) User=0.03s Sys=0.00s Real=0.03s
[32.236s][info][gc,start       ] GC(56) Pause Young (Allocation Failure)
[32.276s][info][gc,heap        ] GC(56) DefNew: 560447K(629120K)->1216K(629120K) Eden: 559232K(559232K)->0K(559232K) From: 1215K(69888K)->1216K(69888K)
[32.276s][info][gc,heap        ] GC(56) Tenured: 10178K(1398144K)->10261K(1398144K)
[32.276s][info][gc,metaspace   ] GC(56) Metaspace: 14238K(15104K)->14238K(15104K) NonClass: 12294K(12800K)->12294K(12800K) Class: 1943K(2304K)->1943K(2304K)
[32.276s][info][gc             ] GC(56) Pause Young (Allocation Failure) 557M->11M(1979M) 40.377ms
[32.276s][info][gc,cpu         ] GC(56) User=0.03s Sys=0.00s Real=0.03s
[32.815s][info][gc,start       ] GC(57) Pause Young (Allocation Failure)
[32.857s][info][gc,heap        ] GC(57) DefNew: 560448K(629120K)->1215K(629120K) Eden: 559232K(559232K)->0K(559232K) From: 1216K(69888K)->1215K(69888K)
[32.857s][info][gc,heap        ] GC(57) Tenured: 10261K(1398144K)->10342K(1398144K)
[32.857s][info][gc,metaspace   ] GC(57) Metaspace: 14238K(15104K)->14238K(15104K) NonClass: 12294K(12800K)->12294K(12800K) Class: 1943K(2304K)->1943K(2304K)
[32.857s][info][gc             ] GC(57) Pause Young (Allocation Failure) 557M->11M(1979M) 42.485ms
[32.857s][info][gc,cpu         ] GC(57) User=0.03s Sys=0.00s Real=0.04s
[33.398s][info][gc,start       ] GC(58) Pause Young (Allocation Failure)
[33.438s][info][gc,heap        ] GC(58) DefNew: 560447K(629120K)->1221K(629120K) Eden: 559232K(559232K)->0K(559232K) From: 1215K(69888K)->1221K(69888K)
[33.438s][info][gc,heap        ] GC(58) Tenured: 10342K(1398144K)->10422K(1398144K)
[33.438s][info][gc,metaspace   ] GC(58) Metaspace: 14238K(15104K)->14238K(15104K) NonClass: 12294K(12800K)->12294K(12800K) Class: 1943K(2304K)->1943K(2304K)
[33.438s][info][gc             ] GC(58) Pause Young (Allocation Failure) 557M->11M(1979M) 40.389ms
[33.438s][info][gc,cpu         ] GC(58) User=0.03s Sys=0.00s Real=0.03s
[33.974s][info][gc,start       ] GC(59) Pause Young (Allocation Failure)
[34.019s][info][gc,heap        ] GC(59) DefNew: 560453K(629120K)->1222K(629120K) Eden: 559232K(559232K)->0K(559232K) From: 1221K(69888K)->1222K(69888K)
[34.019s][info][gc,heap        ] GC(59) Tenured: 10422K(1398144K)->10502K(1398144K)
[34.019s][info][gc,metaspace   ] GC(59) Metaspace: 14238K(15104K)->14238K(15104K) NonClass: 12294K(12800K)->12294K(12800K) Class: 1943K(2304K)->1943K(2304K)
[34.019s][info][gc             ] GC(59) Pause Young (Allocation Failure) 557M->11M(1979M) 44.737ms
[34.019s][info][gc,cpu         ] GC(59) User=0.05s Sys=0.00s Real=0.04s
[34.552s][info][gc,start       ] GC(60) Pause Young (Allocation Failure)
[34.591s][info][gc,heap        ] GC(60) DefNew: 560454K(629120K)->1232K(629120K) Eden: 559232K(559232K)->0K(559232K) From: 1222K(69888K)->1232K(69888K)
[34.591s][info][gc,heap        ] GC(60) Tenured: 10502K(1398144K)->10576K(1398144K)
[34.591s][info][gc,metaspace   ] GC(60) Metaspace: 14238K(15104K)->14238K(15104K) NonClass: 12294K(12800K)->12294K(12800K) Class: 1943K(2304K)->1943K(2304K)
[34.591s][info][gc             ] GC(60) Pause Young (Allocation Failure) 557M->11M(1979M) 39.492ms
[34.591s][info][gc,cpu         ] GC(60) User=0.03s Sys=0.00s Real=0.03s
[35.140s][info][gc,start       ] GC(61) Pause Young (Allocation Failure)
[35.173s][info][gc,heap        ] GC(61) DefNew: 560464K(629120K)->1241K(629120K) Eden: 559232K(559232K)->0K(559232K) From: 1232K(69888K)->1241K(69888K)
[35.173s][info][gc,heap        ] GC(61) Tenured: 10576K(1398144K)->10653K(1398144K)
[35.173s][info][gc,metaspace   ] GC(61) Metaspace: 14238K(15104K)->14238K(15104K) NonClass: 12294K(12800K)->12294K(12800K) Class: 1943K(2304K)->1943K(2304K)
[35.173s][info][gc             ] GC(61) Pause Young (Allocation Failure) 557M->11M(1979M) 33.138ms
[35.173s][info][gc,cpu         ] GC(61) User=0.05s Sys=0.00s Real=0.03s
[35.724s][info][gc,start       ] GC(62) Pause Young (Allocation Failure)
[35.756s][info][gc,heap        ] GC(62) DefNew: 560473K(629120K)->1244K(629120K) Eden: 559232K(559232K)->0K(559232K) From: 1241K(69888K)->1244K(69888K)
[35.756s][info][gc,heap        ] GC(62) Tenured: 10653K(1398144K)->10730K(1398144K)
[35.756s][info][gc,metaspace   ] GC(62) Metaspace: 14238K(15104K)->14238K(15104K) NonClass: 12294K(12800K)->12294K(12800K) Class: 1943K(2304K)->1943K(2304K)
[35.756s][info][gc             ] GC(62) Pause Young (Allocation Failure) 557M->11M(1979M) 31.768ms
[35.756s][info][gc,cpu         ] GC(62) User=0.03s Sys=0.00s Real=0.03s
[36.296s][info][gc,start       ] GC(63) Pause Young (Allocation Failure)
[36.337s][info][gc,heap        ] GC(63) DefNew: 560476K(629120K)->1245K(629120K) Eden: 559232K(559232K)->0K(559232K) From: 1244K(69888K)->1245K(69888K)
[36.337s][info][gc,heap        ] GC(63) Tenured: 10730K(1398144K)->10813K(1398144K)
[36.337s][info][gc,metaspace   ] GC(63) Metaspace: 14238K(15104K)->14238K(15104K) NonClass: 12294K(12800K)->12294K(12800K) Class: 1943K(2304K)->1943K(2304K)
[36.338s][info][gc             ] GC(63) Pause Young (Allocation Failure) 557M->11M(1979M) 42.013ms
[36.338s][info][gc,cpu         ] GC(63) User=0.05s Sys=0.00s Real=0.04s
[36.869s][info][gc,start       ] GC(64) Pause Young (Allocation Failure)
[36.910s][info][gc,heap        ] GC(64) DefNew: 560477K(629120K)->1248K(629120K) Eden: 559232K(559232K)->0K(559232K) From: 1245K(69888K)->1248K(69888K)
[36.910s][info][gc,heap        ] GC(64) Tenured: 10813K(1398144K)->10893K(1398144K)
[36.910s][info][gc,metaspace   ] GC(64) Metaspace: 14238K(15104K)->14238K(15104K) NonClass: 12294K(12800K)->12294K(12800K) Class: 1943K(2304K)->1943K(2304K)
[36.910s][info][gc             ] GC(64) Pause Young (Allocation Failure) 557M->11M(1979M) 41.179ms
[36.910s][info][gc,cpu         ] GC(64) User=0.05s Sys=0.00s Real=0.04s
[37.408s][info][gc,start       ] GC(65) Pause Young (Allocation Failure)
[37.448s][info][gc,heap        ] GC(65) DefNew: 560480K(629120K)->1237K(629120K) Eden: 559232K(559232K)->0K(559232K) From: 1248K(69888K)->1237K(69888K)
[37.448s][info][gc,heap        ] GC(65) Tenured: 10893K(1398144K)->10980K(1398144K)
[37.448s][info][gc,metaspace   ] GC(65) Metaspace: 14238K(15104K)->14238K(15104K) NonClass: 12294K(12800K)->12294K(12800K) Class: 1943K(2304K)->1943K(2304K)
[37.448s][info][gc             ] GC(65) Pause Young (Allocation Failure) 557M->11M(1979M) 40.833ms
[37.448s][info][gc,cpu         ] GC(65) User=0.03s Sys=0.00s Real=0.03s
[37.718s][info][gc,start       ] GC(66) Pause Full (System.gc())
[37.718s][info][gc,phases,start] GC(66) Phase 1: Mark live objects
[37.756s][info][gc,phases      ] GC(66) Phase 1: Mark live objects 38.188ms
[37.762s][info][gc,phases,start] GC(66) Phase 2: Compute new object addresses
[37.847s][info][gc,phases      ] GC(66) Phase 2: Compute new object addresses 85.955ms
[37.847s][info][gc,phases,start] GC(66) Phase 3: Adjust pointers
[37.862s][info][gc,phases      ] GC(66) Phase 3: Adjust pointers 14.809ms
[37.862s][info][gc,phases,start] GC(66) Phase 4: Move objects
[37.862s][info][gc,phases      ] GC(66) Phase 4: Move objects 0.013ms
[37.863s][info][gc,heap        ] GC(66) DefNew: 309990K(629120K)->0K(629120K) Eden: 308752K(559232K)->0K(559232K) From: 1237K(69888K)->0K(69888K)
[37.863s][info][gc,heap        ] GC(66) Tenured: 10980K(1398144K)->10980K(1398144K)
[37.863s][info][gc,metaspace   ] GC(66) Metaspace: 14238K(15104K)->14238K(15104K) NonClass: 12294K(12800K)->12294K(12800K) Class: 1943K(2304K)->1943K(2304K)
[37.863s][info][gc             ] GC(66) Pause Full (System.gc()) 313M->10M(1979M) 144.672ms
[37.863s][info][gc,cpu         ] GC(66) User=0.14s Sys=0.00s Real=0.14s
[38.317s][info][gc,start       ] GC(67) Pause Young (Allocation Failure)
[38.350s][info][gc,heap        ] GC(67) DefNew: 559232K(629120K)->1531K(629120K) Eden: 559232K(559232K)->0K(559232K) From: 0K(69888K)->1531K(69888K)
[38.350s][info][gc,heap        ] GC(67) Tenured: 10980K(1398144K)->10980K(1398144K)
[38.351s][info][gc,metaspace   ] GC(67) Metaspace: 14242K(15104K)->14242K(15104K) NonClass: 12298K(12800K)->12298K(12800K) Class: 1943K(2304K)->1943K(2304K)
[38.351s][info][gc             ] GC(67) Pause Young (Allocation Failure) 556M->12M(1979M) 33.972ms
[38.351s][info][gc,cpu         ] GC(67) User=0.03s Sys=0.00s Real=0.03s
[38.871s][info][gc,start       ] GC(68) Pause Young (Allocation Failure)
[38.916s][info][gc,heap        ] GC(68) DefNew: 560763K(629120K)->1606K(629120K) Eden: 559232K(559232K)->0K(559232K) From: 1531K(69888K)->1606K(69888K)
[38.916s][info][gc,heap        ] GC(68) Tenured: 10980K(1398144K)->10980K(1398144K)
[38.916s][info][gc,metaspace   ] GC(68) Metaspace: 14242K(15104K)->14242K(15104K) NonClass: 12298K(12800K)->12298K(12800K) Class: 1943K(2304K)->1943K(2304K)
[38.916s][info][gc             ] GC(68) Pause Young (Allocation Failure) 558M->12M(1979M) 44.399ms
[38.916s][info][gc,cpu         ] GC(68) User=0.03s Sys=0.00s Real=0.03s
[39.454s][info][gc,start       ] GC(69) Pause Young (Allocation Failure)
[39.490s][info][gc,heap        ] GC(69) DefNew: 560838K(629120K)->1689K(629120K) Eden: 559232K(559232K)->0K(559232K) From: 1606K(69888K)->1689K(69888K)
[39.490s][info][gc,heap        ] GC(69) Tenured: 10980K(1398144K)->10980K(1398144K)
[39.490s][info][gc,metaspace   ] GC(69) Metaspace: 14242K(15104K)->14242K(15104K) NonClass: 12298K(12800K)->12298K(12800K) Class: 1943K(2304K)->1943K(2304K)
[39.490s][info][gc             ] GC(69) Pause Young (Allocation Failure) 558M->12M(1979M) 36.051ms
[39.490s][info][gc,cpu         ] GC(69) User=0.03s Sys=0.00s Real=0.04s
[39.993s][info][gc,start       ] GC(70) Pause Young (Allocation Failure)
[40.027s][info][gc,heap        ] GC(70) DefNew: 560921K(629120K)->1762K(629120K) Eden: 559232K(559232K)->0K(559232K) From: 1689K(69888K)->1762K(69888K)
[40.027s][info][gc,heap        ] GC(70) Tenured: 10980K(1398144K)->10980K(1398144K)
[40.027s][info][gc,metaspace   ] GC(70) Metaspace: 14242K(15104K)->14242K(15104K) NonClass: 12298K(12800K)->12298K(12800K) Class: 1943K(2304K)->1943K(2304K)
[40.027s][info][gc             ] GC(70) Pause Young (Allocation Failure) 558M->12M(1979M) 33.352ms
[40.027s][info][gc,cpu         ] GC(70) User=0.02s Sys=0.00s Real=0.02s
[40.557s][info][gc,start       ] GC(71) Pause Young (Allocation Failure)
[40.602s][info][gc,heap        ] GC(71) DefNew: 560994K(629120K)->1846K(629120K) Eden: 559232K(559232K)->0K(559232K) From: 1762K(69888K)->1846K(69888K)
[40.602s][info][gc,heap        ] GC(71) Tenured: 10980K(1398144K)->10980K(1398144K)
[40.602s][info][gc,metaspace   ] GC(71) Metaspace: 14242K(15104K)->14242K(15104K) NonClass: 12298K(12800K)->12298K(12800K) Class: 1943K(2304K)->1943K(2304K)
[40.602s][info][gc             ] GC(71) Pause Young (Allocation Failure) 558M->12M(1979M) 44.522ms
[40.602s][info][gc,cpu         ] GC(71) User=0.05s Sys=0.00s Real=0.05s
[41.104s][info][gc,start       ] GC(72) Pause Young (Allocation Failure)
[41.149s][info][gc,heap        ] GC(72) DefNew: 561078K(629120K)->1920K(629120K) Eden: 559232K(559232K)->0K(559232K) From: 1846K(69888K)->1920K(69888K)
[41.149s][info][gc,heap        ] GC(72) Tenured: 10980K(1398144K)->10980K(1398144K)
[41.149s][info][gc,metaspace   ] GC(72) Metaspace: 14242K(15104K)->14242K(15104K) NonClass: 12298K(12800K)->12298K(12800K) Class: 1943K(2304K)->1943K(2304K)
[41.149s][info][gc             ] GC(72) Pause Young (Allocation Failure) 558M->12M(1979M) 44.277ms
[41.149s][info][gc,cpu         ] GC(72) User=0.03s Sys=0.00s Real=0.03s
[41.668s][info][gc,start       ] GC(73) Pause Young (Allocation Failure)
[41.711s][info][gc,heap        ] GC(73) DefNew: 561152K(629120K)->2001K(629120K) Eden: 559232K(559232K)->0K(559232K) From: 1920K(69888K)->2001K(69888K)
[41.711s][info][gc,heap        ] GC(73) Tenured: 10980K(1398144K)->10980K(1398144K)
[41.711s][info][gc,metaspace   ] GC(73) Metaspace: 14242K(15104K)->14242K(15104K) NonClass: 12298K(12800K)->12298K(12800K) Class: 1943K(2304K)->1943K(2304K)
[41.711s][info][gc             ] GC(73) Pause Young (Allocation Failure) 558M->12M(1979M) 43.368ms
[41.711s][info][gc,cpu         ] GC(73) User=0.05s Sys=0.00s Real=0.04s
[42.232s][info][gc,start       ] GC(74) Pause Young (Allocation Failure)
[42.268s][info][gc,heap        ] GC(74) DefNew: 561233K(629120K)->2083K(629120K) Eden: 559232K(559232K)->0K(559232K) From: 2001K(69888K)->2083K(69888K)
[42.268s][info][gc,heap        ] GC(74) Tenured: 10980K(1398144K)->10980K(1398144K)
[42.268s][info][gc,metaspace   ] GC(74) Metaspace: 14242K(15104K)->14242K(15104K) NonClass: 12298K(12800K)->12298K(12800K) Class: 1943K(2304K)->1943K(2304K)
[42.268s][info][gc             ] GC(74) Pause Young (Allocation Failure) 558M->12M(1979M) 36.378ms
[42.268s][info][gc,cpu         ] GC(74) User=0.03s Sys=0.00s Real=0.03s
[42.776s][info][gc,start       ] GC(75) Pause Young (Allocation Failure)
[42.821s][info][gc,heap        ] GC(75) DefNew: 561315K(629120K)->2161K(629120K) Eden: 559232K(559232K)->0K(559232K) From: 2083K(69888K)->2161K(69888K)
[42.821s][info][gc,heap        ] GC(75) Tenured: 10980K(1398144K)->10980K(1398144K)
[42.821s][info][gc,metaspace   ] GC(75) Metaspace: 14242K(15104K)->14242K(15104K) NonClass: 12298K(12800K)->12298K(12800K) Class: 1943K(2304K)->1943K(2304K)
[42.821s][info][gc             ] GC(75) Pause Young (Allocation Failure) 558M->12M(1979M) 44.349ms
[42.821s][info][gc,cpu         ] GC(75) User=0.05s Sys=0.00s Real=0.04s
[43.352s][info][gc,start       ] GC(76) Pause Young (Allocation Failure)
[43.392s][info][gc,heap        ] GC(76) DefNew: 561393K(629120K)->2242K(629120K) Eden: 559232K(559232K)->0K(559232K) From: 2161K(69888K)->2242K(69888K)
[43.392s][info][gc,heap        ] GC(76) Tenured: 10980K(1398144K)->10980K(1398144K)
[43.392s][info][gc,metaspace   ] GC(76) Metaspace: 14242K(15104K)->14242K(15104K) NonClass: 12298K(12800K)->12298K(12800K) Class: 1943K(2304K)->1943K(2304K)
[43.393s][info][gc             ] GC(76) Pause Young (Allocation Failure) 558M->12M(1979M) 40.583ms
[43.393s][info][gc,cpu         ] GC(76) User=0.03s Sys=0.00s Real=0.03s
[43.906s][info][gc,start       ] GC(77) Pause Young (Allocation Failure)
[43.948s][info][gc,heap        ] GC(77) DefNew: 561474K(629120K)->2319K(629120K) Eden: 559232K(559232K)->0K(559232K) From: 2242K(69888K)->2319K(69888K)
[43.948s][info][gc,heap        ] GC(77) Tenured: 10980K(1398144K)->10980K(1398144K)
[43.948s][info][gc,metaspace   ] GC(77) Metaspace: 14242K(15104K)->14242K(15104K) NonClass: 12298K(12800K)->12298K(12800K) Class: 1943K(2304K)->1943K(2304K)
[43.949s][info][gc             ] GC(77) Pause Young (Allocation Failure) 559M->12M(1979M) 42.537ms
[43.949s][info][gc,cpu         ] GC(77) User=0.03s Sys=0.00s Real=0.04s
[44.458s][info][gc,start       ] GC(78) Pause Young (Allocation Failure)
[44.499s][info][gc,heap        ] GC(78) DefNew: 561551K(629120K)->2397K(629120K) Eden: 559232K(559232K)->0K(559232K) From: 2319K(69888K)->2397K(69888K)
[44.499s][info][gc,heap        ] GC(78) Tenured: 10980K(1398144K)->10980K(1398144K)
[44.499s][info][gc,metaspace   ] GC(78) Metaspace: 14242K(15104K)->14242K(15104K) NonClass: 12298K(12800K)->12298K(12800K) Class: 1943K(2304K)->1943K(2304K)
[44.499s][info][gc             ] GC(78) Pause Young (Allocation Failure) 559M->13M(1979M) 40.943ms
[44.499s][info][gc,cpu         ] GC(78) User=0.03s Sys=0.00s Real=0.04s
[45.031s][info][gc,start       ] GC(79) Pause Young (Allocation Failure)
[45.078s][info][gc,heap        ] GC(79) DefNew: 561629K(629120K)->2479K(629120K) Eden: 559232K(559232K)->0K(559232K) From: 2397K(69888K)->2479K(69888K)
[45.078s][info][gc,heap        ] GC(79) Tenured: 10980K(1398144K)->10980K(1398144K)
[45.078s][info][gc,metaspace   ] GC(79) Metaspace: 14242K(15104K)->14242K(15104K) NonClass: 12298K(12800K)->12298K(12800K) Class: 1943K(2304K)->1943K(2304K)
[45.078s][info][gc             ] GC(79) Pause Young (Allocation Failure) 559M->13M(1979M) 47.231ms
[45.078s][info][gc,cpu         ] GC(79) User=0.03s Sys=0.00s Real=0.03s
[45.599s][info][gc,start       ] GC(80) Pause Young (Allocation Failure)
[45.645s][info][gc,heap        ] GC(80) DefNew: 561711K(629120K)->2561K(629120K) Eden: 559232K(559232K)->0K(559232K) From: 2479K(69888K)->2561K(69888K)
[45.646s][info][gc,heap        ] GC(80) Tenured: 10980K(1398144K)->10980K(1398144K)
[45.646s][info][gc,metaspace   ] GC(80) Metaspace: 14242K(15104K)->14242K(15104K) NonClass: 12298K(12800K)->12298K(12800K) Class: 1943K(2304K)->1943K(2304K)
[45.646s][info][gc             ] GC(80) Pause Young (Allocation Failure) 559M->13M(1979M) 46.952ms
[45.646s][info][gc,cpu         ] GC(80) User=0.05s Sys=0.00s Real=0.05s
[46.162s][info][gc,start       ] GC(81) Pause Young (Allocation Failure)
[46.210s][info][gc,heap        ] GC(81) DefNew: 561793K(629120K)->2640K(629120K) Eden: 559232K(559232K)->0K(559232K) From: 2561K(69888K)->2640K(69888K)
[46.210s][info][gc,heap        ] GC(81) Tenured: 10980K(1398144K)->10980K(1398144K)
[46.210s][info][gc,metaspace   ] GC(81) Metaspace: 14242K(15104K)->14242K(15104K) NonClass: 12298K(12800K)->12298K(12800K) Class: 1943K(2304K)->1943K(2304K)
[46.210s][info][gc             ] GC(81) Pause Young (Allocation Failure) 559M->13M(1979M) 47.863ms
[46.210s][info][gc,cpu         ] GC(81) User=0.03s Sys=0.00s Real=0.03s
[46.732s][info][gc,start       ] GC(82) Pause Young (Allocation Failure)
[46.780s][info][gc,heap        ] GC(82) DefNew: 561872K(629120K)->1199K(629120K) Eden: 559232K(559232K)->0K(559232K) From: 2640K(69888K)->1199K(69888K)
[46.780s][info][gc,heap        ] GC(82) Tenured: 10980K(1398144K)->12503K(1398144K)
[46.780s][info][gc,metaspace   ] GC(82) Metaspace: 14242K(15104K)->14242K(15104K) NonClass: 12298K(12800K)->12298K(12800K) Class: 1943K(2304K)->1943K(2304K)
[46.780s][info][gc             ] GC(82) Pause Young (Allocation Failure) 559M->13M(1979M) 47.376ms
[46.780s][info][gc,cpu         ] GC(82) User=0.05s Sys=0.00s Real=0.05s
[47.330s][info][gc,start       ] GC(83) Pause Young (Allocation Failure)
[47.369s][info][gc,heap        ] GC(83) DefNew: 560431K(629120K)->1212K(629120K) Eden: 559232K(559232K)->0K(559232K) From: 1199K(69888K)->1212K(69888K)
[47.369s][info][gc,heap        ] GC(83) Tenured: 12503K(1398144K)->12577K(1398144K)
[47.369s][info][gc,metaspace   ] GC(83) Metaspace: 14242K(15104K)->14242K(15104K) NonClass: 12298K(12800K)->12298K(12800K) Class: 1943K(2304K)->1943K(2304K)
[47.369s][info][gc             ] GC(83) Pause Young (Allocation Failure) 559M->13M(1979M) 39.321ms
[47.370s][info][gc,cpu         ] GC(83) User=0.03s Sys=0.00s Real=0.04s
[47.891s][info][gc,start       ] GC(84) Pause Young (Allocation Failure)
[47.927s][info][gc,heap        ] GC(84) DefNew: 560444K(629120K)->1207K(629120K) Eden: 559232K(559232K)->0K(559232K) From: 1212K(69888K)->1207K(69888K)
[47.927s][info][gc,heap        ] GC(84) Tenured: 12577K(1398144K)->12660K(1398144K)
[47.927s][info][gc,metaspace   ] GC(84) Metaspace: 14242K(15104K)->14242K(15104K) NonClass: 12298K(12800K)->12298K(12800K) Class: 1943K(2304K)->1943K(2304K)
[47.927s][info][gc             ] GC(84) Pause Young (Allocation Failure) 559M->13M(1979M) 35.529ms
[47.927s][info][gc,cpu         ] GC(84) User=0.03s Sys=0.00s Real=0.03s
[48.448s][info][gc,start       ] GC(85) Pause Young (Allocation Failure)
[48.483s][info][gc,heap        ] GC(85) DefNew: 560439K(629120K)->1212K(629120K) Eden: 559232K(559232K)->0K(559232K) From: 1207K(69888K)->1212K(69888K)
[48.484s][info][gc,heap        ] GC(85) Tenured: 12660K(1398144K)->12734K(1398144K)
[48.484s][info][gc,metaspace   ] GC(85) Metaspace: 14242K(15104K)->14242K(15104K) NonClass: 12298K(12800K)->12298K(12800K) Class: 1943K(2304K)->1943K(2304K)
[48.484s][info][gc             ] GC(85) Pause Young (Allocation Failure) 559M->13M(1979M) 35.928ms
[48.484s][info][gc,cpu         ] GC(85) User=0.03s Sys=0.00s Real=0.03s
[49.010s][info][gc,start       ] GC(86) Pause Young (Allocation Failure)
[49.057s][info][gc,heap        ] GC(86) DefNew: 560444K(629120K)->1214K(629120K) Eden: 559232K(559232K)->0K(559232K) From: 1212K(69888K)->1214K(69888K)
[49.057s][info][gc,heap        ] GC(86) Tenured: 12734K(1398144K)->12817K(1398144K)
[49.057s][info][gc,metaspace   ] GC(86) Metaspace: 14242K(15104K)->14242K(15104K) NonClass: 12298K(12800K)->12298K(12800K) Class: 1943K(2304K)->1943K(2304K)
[49.057s][info][gc             ] GC(86) Pause Young (Allocation Failure) 559M->13M(1979M) 47.638ms
[49.057s][info][gc,cpu         ] GC(86) User=0.05s Sys=0.00s Real=0.05s
[49.579s][info][gc,start       ] GC(87) Pause Young (Allocation Failure)
[49.624s][info][gc,heap        ] GC(87) DefNew: 560446K(629120K)->1215K(629120K) Eden: 559232K(559232K)->0K(559232K) From: 1214K(69888K)->1215K(69888K)
[49.624s][info][gc,heap        ] GC(87) Tenured: 12817K(1398144K)->12891K(1398144K)
[49.624s][info][gc,metaspace   ] GC(87) Metaspace: 14242K(15104K)->14242K(15104K) NonClass: 12298K(12800K)->12298K(12800K) Class: 1943K(2304K)->1943K(2304K)
[49.625s][info][gc             ] GC(87) Pause Young (Allocation Failure) 559M->13M(1979M) 45.012ms
[49.625s][info][gc,cpu         ] GC(87) User=0.05s Sys=0.00s Real=0.05s
[50.146s][info][gc,start       ] GC(88) Pause Young (Allocation Failure)
[50.187s][info][gc,heap        ] GC(88) DefNew: 560447K(629120K)->1213K(629120K) Eden: 559232K(559232K)->0K(559232K) From: 1215K(69888K)->1213K(69888K)
[50.187s][info][gc,heap        ] GC(88) Tenured: 12891K(1398144K)->12971K(1398144K)
[50.187s][info][gc,metaspace   ] GC(88) Metaspace: 14242K(15104K)->14242K(15104K) NonClass: 12298K(12800K)->12298K(12800K) Class: 1943K(2304K)->1943K(2304K)
[50.187s][info][gc             ] GC(88) Pause Young (Allocation Failure) 559M->13M(1979M) 40.934ms
[50.187s][info][gc,cpu         ] GC(88) User=0.03s Sys=0.00s Real=0.03s
[50.717s][info][gc,start       ] GC(89) Pause Young (Allocation Failure)
[50.764s][info][gc,heap        ] GC(89) DefNew: 560445K(629120K)->1209K(629120K) Eden: 559232K(559232K)->0K(559232K) From: 1213K(69888K)->1209K(69888K)
[50.764s][info][gc,heap        ] GC(89) Tenured: 12971K(1398144K)->13055K(1398144K)
[50.764s][info][gc,metaspace   ] GC(89) Metaspace: 14242K(15104K)->14242K(15104K) NonClass: 12298K(12800K)->12298K(12800K) Class: 1943K(2304K)->1943K(2304K)
[50.764s][info][gc             ] GC(89) Pause Young (Allocation Failure) 559M->13M(1979M) 46.589ms
[50.764s][info][gc,cpu         ] GC(89) User=0.05s Sys=0.00s Real=0.04s
[51.313s][info][gc,start       ] GC(90) Pause Young (Allocation Failure)
[51.352s][info][gc,heap        ] GC(90) DefNew: 560441K(629120K)->1213K(629120K) Eden: 559232K(559232K)->0K(559232K) From: 1209K(69888K)->1213K(69888K)
[51.352s][info][gc,heap        ] GC(90) Tenured: 13055K(1398144K)->13132K(1398144K)
[51.352s][info][gc,metaspace   ] GC(90) Metaspace: 14242K(15104K)->14242K(15104K) NonClass: 12298K(12800K)->12298K(12800K) Class: 1943K(2304K)->1943K(2304K)
[51.352s][info][gc             ] GC(90) Pause Young (Allocation Failure) 560M->14M(1979M) 38.755ms
[51.352s][info][gc,cpu         ] GC(90) User=0.03s Sys=0.00s Real=0.03s
[51.875s][info][gc,start       ] GC(91) Pause Young (Allocation Failure)
[51.920s][info][gc,heap        ] GC(91) DefNew: 560445K(629120K)->1212K(629120K) Eden: 559232K(559232K)->0K(559232K) From: 1213K(69888K)->1212K(69888K)
[51.920s][info][gc,heap        ] GC(91) Tenured: 13132K(1398144K)->13212K(1398144K)
[51.920s][info][gc,metaspace   ] GC(91) Metaspace: 14242K(15104K)->14242K(15104K) NonClass: 12298K(12800K)->12298K(12800K) Class: 1943K(2304K)->1943K(2304K)
[51.920s][info][gc             ] GC(91) Pause Young (Allocation Failure) 560M->14M(1979M) 44.942ms
[51.920s][info][gc,cpu         ] GC(91) User=0.02s Sys=0.00s Real=0.04s
[52.442s][info][gc,start       ] GC(92) Pause Young (Allocation Failure)
[52.488s][info][gc,heap        ] GC(92) DefNew: 560444K(629120K)->1216K(629120K) Eden: 559232K(559232K)->0K(559232K) From: 1212K(69888K)->1216K(69888K)
[52.488s][info][gc,heap        ] GC(92) Tenured: 13212K(1398144K)->13289K(1398144K)
[52.488s][info][gc,metaspace   ] GC(92) Metaspace: 14242K(15104K)->14242K(15104K) NonClass: 12298K(12800K)->12298K(12800K) Class: 1943K(2304K)->1943K(2304K)
[52.488s][info][gc             ] GC(92) Pause Young (Allocation Failure) 560M->14M(1979M) 46.073ms
[52.488s][info][gc,cpu         ] GC(92) User=0.05s Sys=0.00s Real=0.05s
[53.006s][info][gc,start       ] GC(93) Pause Young (Allocation Failure)
[53.055s][info][gc,heap        ] GC(93) DefNew: 560448K(629120K)->1218K(629120K) Eden: 559232K(559232K)->0K(559232K) From: 1216K(69888K)->1218K(69888K)
[53.055s][info][gc,heap        ] GC(93) Tenured: 13289K(1398144K)->13367K(1398144K)
[53.055s][info][gc,metaspace   ] GC(93) Metaspace: 14242K(15104K)->14242K(15104K) NonClass: 12298K(12800K)->12298K(12800K) Class: 1943K(2304K)->1943K(2304K)
[53.055s][info][gc             ] GC(93) Pause Young (Allocation Failure) 560M->14M(1979M) 48.581ms
[53.055s][info][gc,cpu         ] GC(93) User=0.03s Sys=0.00s Real=0.04s
[53.568s][info][gc,start       ] GC(94) Pause Young (Allocation Failure)
[53.618s][info][gc,heap        ] GC(94) DefNew: 560450K(629120K)->1213K(629120K) Eden: 559232K(559232K)->0K(559232K) From: 1218K(69888K)->1213K(69888K)
[53.618s][info][gc,heap        ] GC(94) Tenured: 13367K(1398144K)->13450K(1398144K)
[53.618s][info][gc,metaspace   ] GC(94) Metaspace: 14242K(15104K)->14242K(15104K) NonClass: 12298K(12800K)->12298K(12800K) Class: 1943K(2304K)->1943K(2304K)
[53.618s][info][gc             ] GC(94) Pause Young (Allocation Failure) 560M->14M(1979M) 49.795ms
[53.618s][info][gc,cpu         ] GC(94) User=0.03s Sys=0.00s Real=0.04s
[54.044s][info][gc,start       ] GC(95) Pause Young (Allocation Failure)
[54.087s][info][gc,heap        ] GC(95) DefNew: 560445K(629120K)->1199K(629120K) Eden: 559232K(559232K)->0K(559232K) From: 1213K(69888K)->1199K(69888K)
[54.087s][info][gc,heap        ] GC(95) Tenured: 13450K(1398144K)->13530K(1398144K)
[54.087s][info][gc,metaspace   ] GC(95) Metaspace: 14242K(15104K)->14242K(15104K) NonClass: 12298K(12800K)->12298K(12800K) Class: 1943K(2304K)->1943K(2304K)
[54.087s][info][gc             ] GC(95) Pause Young (Allocation Failure) 560M->14M(1979M) 43.846ms
[54.087s][info][gc,cpu         ] GC(95) User=0.05s Sys=0.00s Real=0.04s
[54.361s][info][gc,start       ] GC(96) Pause Full (System.gc())
[54.361s][info][gc,phases,start] GC(96) Phase 1: Mark live objects
[54.400s][info][gc,phases      ] GC(96) Phase 1: Mark live objects 38.405ms
[54.400s][info][gc,phases,start] GC(96) Phase 2: Compute new object addresses
[54.457s][info][gc,phases      ] GC(96) Phase 2: Compute new object addresses 57.363ms
[54.457s][info][gc,phases,start] GC(96) Phase 3: Adjust pointers
[54.476s][info][gc,phases      ] GC(96) Phase 3: Adjust pointers 19.162ms
[54.476s][info][gc,phases,start] GC(96) Phase 4: Move objects
[54.478s][info][gc,phases      ] GC(96) Phase 4: Move objects 1.430ms
[54.478s][info][gc,heap        ] GC(96) DefNew: 244508K(629120K)->0K(629120K) Eden: 243309K(559232K)->0K(559232K) From: 1199K(69888K)->0K(69888K)
[54.478s][info][gc,heap        ] GC(96) Tenured: 13530K(1398144K)->5362K(1398144K)
[54.478s][info][gc,metaspace   ] GC(96) Metaspace: 14242K(15104K)->14242K(15104K) NonClass: 12298K(12800K)->12298K(12800K) Class: 1943K(2304K)->1943K(2304K)
[54.478s][info][gc             ] GC(96) Pause Full (System.gc()) 251M->5M(1979M) 116.816ms
[54.478s][info][gc,cpu         ] GC(96) User=0.11s Sys=0.00s Real=0.11s
[54.989s][info][gc,start       ] GC(97) Pause Young (Allocation Failure)
[55.032s][info][gc,heap        ] GC(97) DefNew: 559232K(629120K)->1540K(629120K) Eden: 559232K(559232K)->0K(559232K) From: 0K(69888K)->1540K(69888K)
[55.032s][info][gc,heap        ] GC(97) Tenured: 5362K(1398144K)->5362K(1398144K)
[55.032s][info][gc,metaspace   ] GC(97) Metaspace: 14243K(15104K)->14243K(15104K) NonClass: 12299K(12800K)->12299K(12800K) Class: 1943K(2304K)->1943K(2304K)
[55.032s][info][gc             ] GC(97) Pause Young (Allocation Failure) 551M->6M(1979M) 42.414ms
[55.032s][info][gc,cpu         ] GC(97) User=0.03s Sys=0.00s Real=0.04s
[55.573s][info][gc,start       ] GC(98) Pause Young (Allocation Failure)
[55.617s][info][gc,heap        ] GC(98) DefNew: 560772K(629120K)->1623K(629120K) Eden: 559232K(559232K)->0K(559232K) From: 1540K(69888K)->1623K(69888K)
[55.617s][info][gc,heap        ] GC(98) Tenured: 5362K(1398144K)->5362K(1398144K)
[55.617s][info][gc,metaspace   ] GC(98) Metaspace: 14243K(15104K)->14243K(15104K) NonClass: 12299K(12800K)->12299K(12800K) Class: 1943K(2304K)->1943K(2304K)
[55.617s][info][gc             ] GC(98) Pause Young (Allocation Failure) 552M->6M(1979M) 44.390ms
[55.617s][info][gc,cpu         ] GC(98) User=0.05s Sys=0.00s Real=0.04s
[56.135s][info][gc,start       ] GC(99) Pause Young (Allocation Failure)
[56.179s][info][gc,heap        ] GC(99) DefNew: 560855K(629120K)->1703K(629120K) Eden: 559232K(559232K)->0K(559232K) From: 1623K(69888K)->1703K(69888K)
[56.179s][info][gc,heap        ] GC(99) Tenured: 5362K(1398144K)->5362K(1398144K)
[56.179s][info][gc,metaspace   ] GC(99) Metaspace: 14243K(15104K)->14243K(15104K) NonClass: 12299K(12800K)->12299K(12800K) Class: 1943K(2304K)->1943K(2304K)
[56.179s][info][gc             ] GC(99) Pause Young (Allocation Failure) 552M->6M(1979M) 44.326ms
[56.179s][info][gc,cpu         ] GC(99) User=0.05s Sys=0.00s Real=0.04s
[56.703s][info][gc,start       ] GC(100) Pause Young (Allocation Failure)
[56.752s][info][gc,heap        ] GC(100) DefNew: 560935K(629120K)->1784K(629120K) Eden: 559232K(559232K)->0K(559232K) From: 1703K(69888K)->1784K(69888K)
[56.752s][info][gc,heap        ] GC(100) Tenured: 5362K(1398144K)->5362K(1398144K)
[56.752s][info][gc,metaspace   ] GC(100) Metaspace: 14243K(15104K)->14243K(15104K) NonClass: 12299K(12800K)->12299K(12800K) Class: 1943K(2304K)->1943K(2304K)
[56.752s][info][gc             ] GC(100) Pause Young (Allocation Failure) 553M->6M(1979M) 48.810ms
[56.752s][info][gc,cpu         ] GC(100) User=0.05s Sys=0.00s Real=0.05s
[57.284s][info][gc,start       ] GC(101) Pause Young (Allocation Failure)
[57.334s][info][gc,heap        ] GC(101) DefNew: 561016K(629120K)->1867K(629120K) Eden: 559232K(559232K)->0K(559232K) From: 1784K(69888K)->1867K(69888K)
[57.334s][info][gc,heap        ] GC(101) Tenured: 5362K(1398144K)->5362K(1398144K)
[57.334s][info][gc,metaspace   ] GC(101) Metaspace: 14243K(15104K)->14243K(15104K) NonClass: 12299K(12800K)->12299K(12800K) Class: 1943K(2304K)->1943K(2304K)
[57.334s][info][gc             ] GC(101) Pause Young (Allocation Failure) 553M->7M(1979M) 50.307ms
[57.334s][info][gc,cpu         ] GC(101) User=0.05s Sys=0.00s Real=0.05s
[57.881s][info][gc,start       ] GC(102) Pause Young (Allocation Failure)
[57.933s][info][gc,heap        ] GC(102) DefNew: 561099K(629120K)->1955K(629120K) Eden: 559232K(559232K)->0K(559232K) From: 1867K(69888K)->1955K(69888K)
[57.933s][info][gc,heap        ] GC(102) Tenured: 5362K(1398144K)->5362K(1398144K)
[57.933s][info][gc,metaspace   ] GC(102) Metaspace: 14243K(15104K)->14243K(15104K) NonClass: 12299K(12800K)->12299K(12800K) Class: 1943K(2304K)->1943K(2304K)
[57.933s][info][gc             ] GC(102) Pause Young (Allocation Failure) 553M->7M(1979M) 51.974ms
[57.933s][info][gc,cpu         ] GC(102) User=0.05s Sys=0.00s Real=0.04s
[58.459s][info][gc,start       ] GC(103) Pause Young (Allocation Failure)
[58.517s][info][gc,heap        ] GC(103) DefNew: 561187K(629120K)->2031K(629120K) Eden: 559232K(559232K)->0K(559232K) From: 1955K(69888K)->2031K(69888K)
[58.517s][info][gc,heap        ] GC(103) Tenured: 5362K(1398144K)->5362K(1398144K)
[58.517s][info][gc,metaspace   ] GC(103) Metaspace: 14243K(15104K)->14243K(15104K) NonClass: 12299K(12800K)->12299K(12800K) Class: 1943K(2304K)->1943K(2304K)
[58.518s][info][gc             ] GC(103) Pause Young (Allocation Failure) 553M->7M(1979M) 58.739ms
[58.518s][info][gc,cpu         ] GC(103) User=0.05s Sys=0.00s Real=0.05s
[59.093s][info][gc,start       ] GC(104) Pause Young (Allocation Failure)
[59.130s][info][gc,heap        ] GC(104) DefNew: 561263K(629120K)->2121K(629120K) Eden: 559232K(559232K)->0K(559232K) From: 2031K(69888K)->2121K(69888K)
[59.130s][info][gc,heap        ] GC(104) Tenured: 5362K(1398144K)->5362K(1398144K)
[59.130s][info][gc,metaspace   ] GC(104) Metaspace: 14243K(15104K)->14243K(15104K) NonClass: 12299K(12800K)->12299K(12800K) Class: 1943K(2304K)->1943K(2304K)
[59.130s][info][gc             ] GC(104) Pause Young (Allocation Failure) 553M->7M(1979M) 37.293ms
[59.130s][info][gc,cpu         ] GC(104) User=0.03s Sys=0.00s Real=0.03s
[59.659s][info][gc,start       ] GC(105) Pause Young (Allocation Failure)
[59.698s][info][gc,heap        ] GC(105) DefNew: 561353K(629120K)->2201K(629120K) Eden: 559232K(559232K)->0K(559232K) From: 2121K(69888K)->2201K(69888K)
[59.698s][info][gc,heap        ] GC(105) Tenured: 5362K(1398144K)->5362K(1398144K)
[59.698s][info][gc,metaspace   ] GC(105) Metaspace: 14243K(15104K)->14243K(15104K) NonClass: 12299K(12800K)->12299K(12800K) Class: 1943K(2304K)->1943K(2304K)
[59.698s][info][gc             ] GC(105) Pause Young (Allocation Failure) 553M->7M(1979M) 38.258ms
[59.698s][info][gc,cpu         ] GC(105) User=0.03s Sys=0.00s Real=0.03s
[60.253s][info][gc,start       ] GC(106) Pause Young (Allocation Failure)
[60.294s][info][gc,heap        ] GC(106) DefNew: 561433K(629120K)->2291K(629120K) Eden: 559232K(559232K)->0K(559232K) From: 2201K(69888K)->2291K(69888K)
[60.294s][info][gc,heap        ] GC(106) Tenured: 5362K(1398144K)->5362K(1398144K)
[60.294s][info][gc,metaspace   ] GC(106) Metaspace: 14243K(15104K)->14243K(15104K) NonClass: 12299K(12800K)->12299K(12800K) Class: 1943K(2304K)->1943K(2304K)
[60.294s][info][gc             ] GC(106) Pause Young (Allocation Failure) 553M->7M(1979M) 40.525ms
[60.294s][info][gc,cpu         ] GC(106) User=0.03s Sys=0.00s Real=0.03s
[60.821s][info][gc,start       ] GC(107) Pause Young (Allocation Failure)
[60.871s][info][gc,heap        ] GC(107) DefNew: 561523K(629120K)->2374K(629120K) Eden: 559232K(559232K)->0K(559232K) From: 2291K(69888K)->2374K(69888K)
[60.871s][info][gc,heap        ] GC(107) Tenured: 5362K(1398144K)->5362K(1398144K)
[60.871s][info][gc,metaspace   ] GC(107) Metaspace: 14243K(15104K)->14243K(15104K) NonClass: 12299K(12800K)->12299K(12800K) Class: 1943K(2304K)->1943K(2304K)
[60.871s][info][gc             ] GC(107) Pause Young (Allocation Failure) 553M->7M(1979M) 50.535ms
[60.871s][info][gc,cpu         ] GC(107) User=0.05s Sys=0.00s Real=0.05s
[61.419s][info][gc,start       ] GC(108) Pause Young (Allocation Failure)
[61.468s][info][gc,heap        ] GC(108) DefNew: 561606K(629120K)->2454K(629120K) Eden: 559232K(559232K)->0K(559232K) From: 2374K(69888K)->2454K(69888K)
[61.468s][info][gc,heap        ] GC(108) Tenured: 5362K(1398144K)->5362K(1398144K)
[61.468s][info][gc,metaspace   ] GC(108) Metaspace: 14243K(15104K)->14243K(15104K) NonClass: 12299K(12800K)->12299K(12800K) Class: 1943K(2304K)->1943K(2304K)
[61.468s][info][gc             ] GC(108) Pause Young (Allocation Failure) 553M->7M(1979M) 49.699ms
[61.468s][info][gc,cpu         ] GC(108) User=0.06s Sys=0.00s Real=0.05s
[61.998s][info][gc,start       ] GC(109) Pause Young (Allocation Failure)
[62.051s][info][gc,heap        ] GC(109) DefNew: 561686K(629120K)->2538K(629120K) Eden: 559232K(559232K)->0K(559232K) From: 2454K(69888K)->2538K(69888K)
[62.052s][info][gc,heap        ] GC(109) Tenured: 5362K(1398144K)->5362K(1398144K)
[62.052s][info][gc,metaspace   ] GC(109) Metaspace: 14243K(15104K)->14243K(15104K) NonClass: 12299K(12800K)->12299K(12800K) Class: 1943K(2304K)->1943K(2304K)
[62.052s][info][gc             ] GC(109) Pause Young (Allocation Failure) 553M->7M(1979M) 53.647ms
[62.052s][info][gc,cpu         ] GC(109) User=0.05s Sys=0.00s Real=0.05s
[62.602s][info][gc,start       ] GC(110) Pause Young (Allocation Failure)
[62.645s][info][gc,heap        ] GC(110) DefNew: 561770K(629120K)->2618K(629120K) Eden: 559232K(559232K)->0K(559232K) From: 2538K(69888K)->2618K(69888K)
[62.645s][info][gc,heap        ] GC(110) Tenured: 5362K(1398144K)->5362K(1398144K)
[62.645s][info][gc,metaspace   ] GC(110) Metaspace: 14243K(15104K)->14243K(15104K) NonClass: 12299K(12800K)->12299K(12800K) Class: 1943K(2304K)->1943K(2304K)
[62.645s][info][gc             ] GC(110) Pause Young (Allocation Failure) 553M->7M(1979M) 43.578ms
[62.645s][info][gc,cpu         ] GC(110) User=0.03s Sys=0.00s Real=0.04s
[63.194s][info][gc,start       ] GC(111) Pause Young (Allocation Failure)
[63.232s][info][gc,heap        ] GC(111) DefNew: 561850K(629120K)->2698K(629120K) Eden: 559232K(559232K)->0K(559232K) From: 2618K(69888K)->2698K(69888K)
[63.232s][info][gc,heap        ] GC(111) Tenured: 5362K(1398144K)->5362K(1398144K)
[63.232s][info][gc,metaspace   ] GC(111) Metaspace: 14243K(15104K)->14243K(15104K) NonClass: 12299K(12800K)->12299K(12800K) Class: 1943K(2304K)->1943K(2304K)
[63.232s][info][gc             ] GC(111) Pause Young (Allocation Failure) 553M->7M(1979M) 38.143ms
[63.232s][info][gc,cpu         ] GC(111) User=0.03s Sys=0.00s Real=0.04s
[63.780s][info][gc,start       ] GC(112) Pause Young (Allocation Failure)
[63.820s][info][gc,heap        ] GC(112) DefNew: 561930K(629120K)->1249K(629120K) Eden: 559232K(559232K)->0K(559232K) From: 2698K(69888K)->1249K(69888K)
[63.820s][info][gc,heap        ] GC(112) Tenured: 5362K(1398144K)->6894K(1398144K)
[63.820s][info][gc,metaspace   ] GC(112) Metaspace: 14243K(15104K)->14243K(15104K) NonClass: 12299K(12800K)->12299K(12800K) Class: 1943K(2304K)->1943K(2304K)
[63.820s][info][gc             ] GC(112) Pause Young (Allocation Failure) 553M->7M(1979M) 40.078ms
[63.820s][info][gc,cpu         ] GC(112) User=0.03s Sys=0.00s Real=0.04s
[64.327s][info][gc,start       ] GC(113) Pause Young (Allocation Failure)
[64.364s][info][gc,heap        ] GC(113) DefNew: 560481K(629120K)->1244K(629120K) Eden: 559232K(559232K)->0K(559232K) From: 1249K(69888K)->1244K(69888K)
[64.364s][info][gc,heap        ] GC(113) Tenured: 6894K(1398144K)->6977K(1398144K)
[64.364s][info][gc,metaspace   ] GC(113) Metaspace: 14243K(15104K)->14243K(15104K) NonClass: 12299K(12800K)->12299K(12800K) Class: 1943K(2304K)->1943K(2304K)
[64.364s][info][gc             ] GC(113) Pause Young (Allocation Failure) 554M->8M(1979M) 37.790ms
[64.364s][info][gc,cpu         ] GC(113) User=0.05s Sys=0.00s Real=0.04s
[64.870s][info][gc,start       ] GC(114) Pause Young (Allocation Failure)
[64.909s][info][gc,heap        ] GC(114) DefNew: 560476K(629120K)->1243K(629120K) Eden: 559232K(559232K)->0K(559232K) From: 1244K(69888K)->1243K(69888K)
[64.909s][info][gc,heap        ] GC(114) Tenured: 6977K(1398144K)->7057K(1398144K)
[64.909s][info][gc,metaspace   ] GC(114) Metaspace: 14243K(15104K)->14243K(15104K) NonClass: 12299K(12800K)->12299K(12800K) Class: 1943K(2304K)->1943K(2304K)
[64.909s][info][gc             ] GC(114) Pause Young (Allocation Failure) 554M->8M(1979M) 39.150ms
[64.909s][info][gc,cpu         ] GC(114) User=0.03s Sys=0.00s Real=0.03s
[65.416s][info][gc,start       ] GC(115) Pause Young (Allocation Failure)
[65.457s][info][gc,heap        ] GC(115) DefNew: 560475K(629120K)->1248K(629120K) Eden: 559232K(559232K)->0K(559232K) From: 1243K(69888K)->1248K(69888K)
[65.457s][info][gc,heap        ] GC(115) Tenured: 7057K(1398144K)->7137K(1398144K)
[65.457s][info][gc,metaspace   ] GC(115) Metaspace: 14243K(15104K)->14243K(15104K) NonClass: 12299K(12800K)->12299K(12800K) Class: 1943K(2304K)->1943K(2304K)
[65.457s][info][gc             ] GC(115) Pause Young (Allocation Failure) 554M->8M(1979M) 40.634ms
[65.457s][info][gc,cpu         ] GC(115) User=0.03s Sys=0.00s Real=0.03s
[66.086s][info][gc,start       ] GC(116) Pause Young (Allocation Failure)
[66.133s][info][gc,heap        ] GC(116) DefNew: 560480K(629120K)->1242K(629120K) Eden: 559232K(559232K)->0K(559232K) From: 1248K(69888K)->1242K(69888K)
[66.133s][info][gc,heap        ] GC(116) Tenured: 7137K(1398144K)->7220K(1398144K)
[66.133s][info][gc,metaspace   ] GC(116) Metaspace: 14243K(15104K)->14243K(15104K) NonClass: 12299K(12800K)->12299K(12800K) Class: 1943K(2304K)->1943K(2304K)
[66.133s][info][gc             ] GC(116) Pause Young (Allocation Failure) 554M->8M(1979M) 46.945ms
[66.133s][info][gc,cpu         ] GC(116) User=0.05s Sys=0.00s Real=0.05s
[66.646s][info][gc,start       ] GC(117) Pause Young (Allocation Failure)
[66.682s][info][gc,heap        ] GC(117) DefNew: 560474K(629120K)->1226K(629120K) Eden: 559232K(559232K)->0K(559232K) From: 1242K(69888K)->1226K(69888K)
[66.682s][info][gc,heap        ] GC(117) Tenured: 7220K(1398144K)->7307K(1398144K)
[66.682s][info][gc,metaspace   ] GC(117) Metaspace: 14243K(15104K)->14243K(15104K) NonClass: 12299K(12800K)->12299K(12800K) Class: 1943K(2304K)->1943K(2304K)
[66.682s][info][gc             ] GC(117) Pause Young (Allocation Failure) 554M->8M(1979M) 36.051ms
[66.682s][info][gc,cpu         ] GC(117) User=0.03s Sys=0.00s Real=0.03s
[67.201s][info][gc,start       ] GC(118) Pause Young (Allocation Failure)
[67.238s][info][gc,heap        ] GC(118) DefNew: 560458K(629120K)->1233K(629120K) Eden: 559232K(559232K)->0K(559232K) From: 1226K(69888K)->1233K(69888K)
[67.238s][info][gc,heap        ] GC(118) Tenured: 7307K(1398144K)->7384K(1398144K)
[67.238s][info][gc,metaspace   ] GC(118) Metaspace: 14243K(15104K)->14243K(15104K) NonClass: 12299K(12800K)->12299K(12800K) Class: 1943K(2304K)->1943K(2304K)
[67.238s][info][gc             ] GC(118) Pause Young (Allocation Failure) 554M->8M(1979M) 36.736ms
[67.238s][info][gc,cpu         ] GC(118) User=0.03s Sys=0.00s Real=0.02s
[67.742s][info][gc,start       ] GC(119) Pause Young (Allocation Failure)
[67.790s][info][gc,heap        ] GC(119) DefNew: 560465K(629120K)->1223K(629120K) Eden: 559232K(559232K)->0K(559232K) From: 1233K(69888K)->1223K(69888K)
[67.790s][info][gc,heap        ] GC(119) Tenured: 7384K(1398144K)->7474K(1398144K)
[67.790s][info][gc,metaspace   ] GC(119) Metaspace: 14243K(15104K)->14243K(15104K) NonClass: 12299K(12800K)->12299K(12800K) Class: 1943K(2304K)->1943K(2304K)
[67.790s][info][gc             ] GC(119) Pause Young (Allocation Failure) 554M->8M(1979M) 48.022ms
[67.791s][info][gc,cpu         ] GC(119) User=0.05s Sys=0.00s Real=0.04s
[68.289s][info][gc,start       ] GC(120) Pause Young (Allocation Failure)
[68.334s][info][gc,heap        ] GC(120) DefNew: 560455K(629120K)->1216K(629120K) Eden: 559232K(559232K)->0K(559232K) From: 1223K(69888K)->1216K(69888K)
[68.335s][info][gc,heap        ] GC(120) Tenured: 7474K(1398144K)->7554K(1398144K)
[68.335s][info][gc,metaspace   ] GC(120) Metaspace: 14243K(15104K)->14243K(15104K) NonClass: 12299K(12800K)->12299K(12800K) Class: 1943K(2304K)->1943K(2304K)
[68.335s][info][gc             ] GC(120) Pause Young (Allocation Failure) 554M->8M(1979M) 45.924ms
[68.335s][info][gc,cpu         ] GC(120) User=0.05s Sys=0.00s Real=0.04s
[68.837s][info][gc,start       ] GC(121) Pause Young (Allocation Failure)
[68.876s][info][gc,heap        ] GC(121) DefNew: 560448K(629120K)->1205K(629120K) Eden: 559232K(559232K)->0K(559232K) From: 1216K(69888K)->1205K(69888K)
[68.877s][info][gc,heap        ] GC(121) Tenured: 7554K(1398144K)->7643K(1398144K)
[68.877s][info][gc,metaspace   ] GC(121) Metaspace: 14243K(15104K)->14243K(15104K) NonClass: 12299K(12800K)->12299K(12800K) Class: 1943K(2304K)->1943K(2304K)
[68.877s][info][gc             ] GC(121) Pause Young (Allocation Failure) 554M->8M(1979M) 39.371ms
[68.877s][info][gc,cpu         ] GC(121) User=0.03s Sys=0.00s Real=0.04s
[69.375s][info][gc,start       ] GC(122) Pause Young (Allocation Failure)
[69.416s][info][gc,heap        ] GC(122) DefNew: 560437K(629120K)->1199K(629120K) Eden: 559232K(559232K)->0K(559232K) From: 1205K(69888K)->1199K(69888K)
[69.416s][info][gc,heap        ] GC(122) Tenured: 7643K(1398144K)->7726K(1398144K)
[69.416s][info][gc,metaspace   ] GC(122) Metaspace: 14243K(15104K)->14243K(15104K) NonClass: 12299K(12800K)->12299K(12800K) Class: 1943K(2304K)->1943K(2304K)
[69.416s][info][gc             ] GC(122) Pause Young (Allocation Failure) 554M->8M(1979M) 41.135ms
[69.416s][info][gc,cpu         ] GC(122) User=0.03s Sys=0.00s Real=0.03s
[69.971s][info][gc,start       ] GC(123) Pause Young (Allocation Failure)
[70.021s][info][gc,heap        ] GC(123) DefNew: 560431K(629120K)->1196K(629120K) Eden: 559232K(559232K)->0K(559232K) From: 1199K(69888K)->1196K(69888K)
[70.021s][info][gc,heap        ] GC(123) Tenured: 7726K(1398144K)->7806K(1398144K)
[70.021s][info][gc,metaspace   ] GC(123) Metaspace: 14243K(15104K)->14243K(15104K) NonClass: 12299K(12800K)->12299K(12800K) Class: 1943K(2304K)->1943K(2304K)
[70.021s][info][gc             ] GC(123) Pause Young (Allocation Failure) 554M->8M(1979M) 50.265ms
[70.022s][info][gc,cpu         ] GC(123) User=0.05s Sys=0.00s Real=0.05s
[70.522s][info][gc,start       ] GC(124) Pause Young (Allocation Failure)
[70.574s][info][gc,heap        ] GC(124) DefNew: 560428K(629120K)->1180K(629120K) Eden: 559232K(559232K)->0K(559232K) From: 1196K(69888K)->1180K(69888K)
[70.574s][info][gc,heap        ] GC(124) Tenured: 7806K(1398144K)->7890K(1398144K)
[70.574s][info][gc,metaspace   ] GC(124) Metaspace: 14243K(15104K)->14243K(15104K) NonClass: 12299K(12800K)->12299K(12800K) Class: 1943K(2304K)->1943K(2304K)
[70.574s][info][gc             ] GC(124) Pause Young (Allocation Failure) 554M->8M(1979M) 52.401ms
[70.574s][info][gc,cpu         ] GC(124) User=0.03s Sys=0.00s Real=0.04s
[70.911s][info][gc,start       ] GC(125) Pause Young (Allocation Failure)
[70.955s][info][gc,heap        ] GC(125) DefNew: 560412K(629120K)->1150K(629120K) Eden: 559232K(559232K)->0K(559232K) From: 1180K(69888K)->1150K(69888K)
[70.955s][info][gc,heap        ] GC(125) Tenured: 7890K(1398144K)->7970K(1398144K)
[70.955s][info][gc,metaspace   ] GC(125) Metaspace: 14243K(15104K)->14243K(15104K) NonClass: 12299K(12800K)->12299K(12800K) Class: 1943K(2304K)->1943K(2304K)
[70.955s][info][gc             ] GC(125) Pause Young (Allocation Failure) 554M->8M(1979M) 43.998ms
[70.955s][info][gc,cpu         ] GC(125) User=0.05s Sys=0.00s Real=0.04s
[71.045s][info][gc,start       ] GC(126) Pause Full (System.gc())
[71.046s][info][gc,phases,start] GC(126) Phase 1: Mark live objects
[71.075s][info][gc,phases      ] GC(126) Phase 1: Mark live objects 29.477ms
[71.075s][info][gc,phases,start] GC(126) Phase 2: Compute new object addresses
[71.089s][info][gc,phases      ] GC(126) Phase 2: Compute new object addresses 13.583ms
[71.089s][info][gc,phases,start] GC(126) Phase 3: Adjust pointers
[71.106s][info][gc,phases      ] GC(126) Phase 3: Adjust pointers 17.223ms
[71.106s][info][gc,phases,start] GC(126) Phase 4: Move objects
[71.106s][info][gc,phases      ] GC(126) Phase 4: Move objects 0.012ms
[71.106s][info][gc,heap        ] GC(126) DefNew: 54601K(629120K)->0K(629120K) Eden: 53451K(559232K)->0K(559232K) From: 1150K(69888K)->0K(69888K)
[71.106s][info][gc,heap        ] GC(126) Tenured: 7970K(1398144K)->7970K(1398144K)
[71.106s][info][gc,metaspace   ] GC(126) Metaspace: 14243K(15104K)->14243K(15104K) NonClass: 12299K(12800K)->12299K(12800K) Class: 1943K(2304K)->1943K(2304K)
[71.106s][info][gc             ] GC(126) Pause Full (System.gc()) 61M->7M(1979M) 60.684ms
[71.106s][info][gc,cpu         ] GC(126) User=0.05s Sys=0.00s Real=0.05s
[71.587s][info][gc,start       ] GC(127) Pause Young (Allocation Failure)
[71.635s][info][gc,heap        ] GC(127) DefNew: 559232K(629120K)->1535K(629120K) Eden: 559232K(559232K)->0K(559232K) From: 0K(69888K)->1535K(69888K)
[71.635s][info][gc,heap        ] GC(127) Tenured: 7970K(1398144K)->7970K(1398144K)
[71.635s][info][gc,metaspace   ] GC(127) Metaspace: 14263K(15104K)->14263K(15104K) NonClass: 12319K(12800K)->12319K(12800K) Class: 1943K(2304K)->1943K(2304K)
[71.635s][info][gc             ] GC(127) Pause Young (Allocation Failure) 553M->9M(1979M) 47.914ms
[71.635s][info][gc,cpu         ] GC(127) User=0.05s Sys=0.00s Real=0.05s
[72.168s][info][gc,start       ] GC(128) Pause Young (Allocation Failure)
[72.217s][info][gc,heap        ] GC(128) DefNew: 560767K(629120K)->1619K(629120K) Eden: 559232K(559232K)->0K(559232K) From: 1535K(69888K)->1619K(69888K)
[72.217s][info][gc,heap        ] GC(128) Tenured: 7970K(1398144K)->7970K(1398144K)
[72.217s][info][gc,metaspace   ] GC(128) Metaspace: 14263K(15104K)->14263K(15104K) NonClass: 12319K(12800K)->12319K(12800K) Class: 1943K(2304K)->1943K(2304K)
[72.217s][info][gc             ] GC(128) Pause Young (Allocation Failure) 555M->9M(1979M) 49.316ms
[72.217s][info][gc,cpu         ] GC(128) User=0.05s Sys=0.00s Real=0.04s
[72.758s][info][gc,start       ] GC(129) Pause Young (Allocation Failure)
[72.806s][info][gc,heap        ] GC(129) DefNew: 560851K(629120K)->1705K(629120K) Eden: 559232K(559232K)->0K(559232K) From: 1619K(69888K)->1705K(69888K)
[72.806s][info][gc,heap        ] GC(129) Tenured: 7970K(1398144K)->7970K(1398144K)
[72.806s][info][gc,metaspace   ] GC(129) Metaspace: 14263K(15104K)->14263K(15104K) NonClass: 12319K(12800K)->12319K(12800K) Class: 1943K(2304K)->1943K(2304K)
[72.806s][info][gc             ] GC(129) Pause Young (Allocation Failure) 555M->9M(1979M) 48.220ms
[72.806s][info][gc,cpu         ] GC(129) User=0.05s Sys=0.00s Real=0.04s
[73.357s][info][gc,start       ] GC(130) Pause Young (Allocation Failure)
[73.402s][info][gc,heap        ] GC(130) DefNew: 560937K(629120K)->1792K(629120K) Eden: 559232K(559232K)->0K(559232K) From: 1705K(69888K)->1792K(69888K)
[73.402s][info][gc,heap        ] GC(130) Tenured: 7970K(1398144K)->7970K(1398144K)
[73.402s][info][gc,metaspace   ] GC(130) Metaspace: 14263K(15104K)->14263K(15104K) NonClass: 12319K(12800K)->12319K(12800K) Class: 1943K(2304K)->1943K(2304K)
[73.402s][info][gc             ] GC(130) Pause Young (Allocation Failure) 555M->9M(1979M) 44.269ms
[73.402s][info][gc,cpu         ] GC(130) User=0.03s Sys=0.00s Real=0.03s
[73.957s][info][gc,start       ] GC(131) Pause Young (Allocation Failure)
[74.003s][info][gc,heap        ] GC(131) DefNew: 561024K(629120K)->1875K(629120K) Eden: 559232K(559232K)->0K(559232K) From: 1792K(69888K)->1875K(69888K)
[74.003s][info][gc,heap        ] GC(131) Tenured: 7970K(1398144K)->7970K(1398144K)
[74.003s][info][gc,metaspace   ] GC(131) Metaspace: 14263K(15104K)->14263K(15104K) NonClass: 12319K(12800K)->12319K(12800K) Class: 1943K(2304K)->1943K(2304K)
[74.003s][info][gc             ] GC(131) Pause Young (Allocation Failure) 555M->9M(1979M) 46.229ms
[74.003s][info][gc,cpu         ] GC(131) User=0.03s Sys=0.00s Real=0.04s
[74.541s][info][gc,start       ] GC(132) Pause Young (Allocation Failure)
[74.587s][info][gc,heap        ] GC(132) DefNew: 561107K(629120K)->1958K(629120K) Eden: 559232K(559232K)->0K(559232K) From: 1875K(69888K)->1958K(69888K)
[74.587s][info][gc,heap        ] GC(132) Tenured: 7970K(1398144K)->7970K(1398144K)
[74.587s][info][gc,metaspace   ] GC(132) Metaspace: 14263K(15104K)->14263K(15104K) NonClass: 12319K(12800K)->12319K(12800K) Class: 1943K(2304K)->1943K(2304K)
[74.587s][info][gc             ] GC(132) Pause Young (Allocation Failure) 555M->9M(1979M) 45.879ms
[74.587s][info][gc,cpu         ] GC(132) User=0.03s Sys=0.00s Real=0.03s
[75.121s][info][gc,start       ] GC(133) Pause Young (Allocation Failure)
[75.171s][info][gc,heap        ] GC(133) DefNew: 561190K(629120K)->2041K(629120K) Eden: 559232K(559232K)->0K(559232K) From: 1958K(69888K)->2041K(69888K)
[75.171s][info][gc,heap        ] GC(133) Tenured: 7970K(1398144K)->7970K(1398144K)
[75.171s][info][gc,metaspace   ] GC(133) Metaspace: 14263K(15104K)->14263K(15104K) NonClass: 12319K(12800K)->12319K(12800K) Class: 1943K(2304K)->1943K(2304K)
[75.171s][info][gc             ] GC(133) Pause Young (Allocation Failure) 555M->9M(1979M) 50.378ms
[75.171s][info][gc,cpu         ] GC(133) User=0.06s Sys=0.00s Real=0.05s
[75.702s][info][gc,start       ] GC(134) Pause Young (Allocation Failure)
[75.752s][info][gc,heap        ] GC(134) DefNew: 561273K(629120K)->2122K(629120K) Eden: 559232K(559232K)->0K(559232K) From: 2041K(69888K)->2122K(69888K)
[75.752s][info][gc,heap        ] GC(134) Tenured: 7970K(1398144K)->7970K(1398144K)
[75.752s][info][gc,metaspace   ] GC(134) Metaspace: 14263K(15104K)->14263K(15104K) NonClass: 12319K(12800K)->12319K(12800K) Class: 1943K(2304K)->1943K(2304K)
[75.752s][info][gc             ] GC(134) Pause Young (Allocation Failure) 555M->9M(1979M) 50.002ms
[75.752s][info][gc,cpu         ] GC(134) User=0.05s Sys=0.00s Real=0.04s
[76.293s][info][gc,start       ] GC(135) Pause Young (Allocation Failure)
[76.347s][info][gc,heap        ] GC(135) DefNew: 561354K(629120K)->2208K(629120K) Eden: 559232K(559232K)->0K(559232K) From: 2122K(69888K)->2208K(69888K)
[76.347s][info][gc,heap        ] GC(135) Tenured: 7970K(1398144K)->7970K(1398144K)
[76.347s][info][gc,metaspace   ] GC(135) Metaspace: 14263K(15104K)->14263K(15104K) NonClass: 12319K(12800K)->12319K(12800K) Class: 1943K(2304K)->1943K(2304K)
[76.347s][info][gc             ] GC(135) Pause Young (Allocation Failure) 555M->9M(1979M) 53.452ms
[76.347s][info][gc,cpu         ] GC(135) User=0.06s Sys=0.00s Real=0.05s
[76.933s][info][gc,start       ] GC(136) Pause Young (Allocation Failure)
[76.987s][info][gc,heap        ] GC(136) DefNew: 561440K(629120K)->2286K(629120K) Eden: 559232K(559232K)->0K(559232K) From: 2208K(69888K)->2286K(69888K)
[76.987s][info][gc,heap        ] GC(136) Tenured: 7970K(1398144K)->7970K(1398144K)
[76.987s][info][gc,metaspace   ] GC(136) Metaspace: 14263K(15104K)->14263K(15104K) NonClass: 12319K(12800K)->12319K(12800K) Class: 1943K(2304K)->1943K(2304K)
[76.987s][info][gc             ] GC(136) Pause Young (Allocation Failure) 556M->10M(1979M) 54.292ms
[76.987s][info][gc,cpu         ] GC(136) User=0.06s Sys=0.00s Real=0.05s
[77.545s][info][gc,start       ] GC(137) Pause Young (Allocation Failure)
[77.583s][info][gc,heap        ] GC(137) DefNew: 561518K(629120K)->2372K(629120K) Eden: 559232K(559232K)->0K(559232K) From: 2286K(69888K)->2372K(69888K)
[77.583s][info][gc,heap        ] GC(137) Tenured: 7970K(1398144K)->7970K(1398144K)
[77.583s][info][gc,metaspace   ] GC(137) Metaspace: 14263K(15104K)->14263K(15104K) NonClass: 12319K(12800K)->12319K(12800K) Class: 1943K(2304K)->1943K(2304K)
[77.583s][info][gc             ] GC(137) Pause Young (Allocation Failure) 556M->10M(1979M) 38.488ms
[77.583s][info][gc,cpu         ] GC(137) User=0.05s Sys=0.00s Real=0.04s
[78.129s][info][gc,start       ] GC(138) Pause Young (Allocation Failure)
[78.167s][info][gc,heap        ] GC(138) DefNew: 561604K(629120K)->2456K(629120K) Eden: 559232K(559232K)->0K(559232K) From: 2372K(69888K)->2456K(69888K)
[78.167s][info][gc,heap        ] GC(138) Tenured: 7970K(1398144K)->7970K(1398144K)
[78.167s][info][gc,metaspace   ] GC(138) Metaspace: 14263K(15104K)->14263K(15104K) NonClass: 12319K(12800K)->12319K(12800K) Class: 1943K(2304K)->1943K(2304K)
[78.168s][info][gc             ] GC(138) Pause Young (Allocation Failure) 556M->10M(1979M) 38.203ms
[78.168s][info][gc,cpu         ] GC(138) User=0.03s Sys=0.00s Real=0.03s
[78.706s][info][gc,start       ] GC(139) Pause Young (Allocation Failure)
[78.748s][info][gc,heap        ] GC(139) DefNew: 561688K(629120K)->2536K(629120K) Eden: 559232K(559232K)->0K(559232K) From: 2456K(69888K)->2536K(69888K)
[78.748s][info][gc,heap        ] GC(139) Tenured: 7970K(1398144K)->7970K(1398144K)
[78.748s][info][gc,metaspace   ] GC(139) Metaspace: 14263K(15104K)->14263K(15104K) NonClass: 12319K(12800K)->12319K(12800K) Class: 1943K(2304K)->1943K(2304K)
[78.748s][info][gc             ] GC(139) Pause Young (Allocation Failure) 556M->10M(1979M) 41.387ms
[78.748s][info][gc,cpu         ] GC(139) User=0.03s Sys=0.00s Real=0.03s
[79.299s][info][gc,start       ] GC(140) Pause Young (Allocation Failure)
[79.341s][info][gc,heap        ] GC(140) DefNew: 561768K(629120K)->2624K(629120K) Eden: 559232K(559232K)->0K(559232K) From: 2536K(69888K)->2624K(69888K)
[79.341s][info][gc,heap        ] GC(140) Tenured: 7970K(1398144K)->7970K(1398144K)
[79.341s][info][gc,metaspace   ] GC(140) Metaspace: 14263K(15104K)->14263K(15104K) NonClass: 12319K(12800K)->12319K(12800K) Class: 1943K(2304K)->1943K(2304K)
[79.341s][info][gc             ] GC(140) Pause Young (Allocation Failure) 556M->10M(1979M) 42.126ms
[79.341s][info][gc,cpu         ] GC(140) User=0.03s Sys=0.00s Real=0.03s
[79.880s][info][gc,start       ] GC(141) Pause Young (Allocation Failure)
[79.922s][info][gc,heap        ] GC(141) DefNew: 561856K(629120K)->2707K(629120K) Eden: 559232K(559232K)->0K(559232K) From: 2624K(69888K)->2707K(69888K)
[79.922s][info][gc,heap        ] GC(141) Tenured: 7970K(1398144K)->7970K(1398144K)
[79.922s][info][gc,metaspace   ] GC(141) Metaspace: 14263K(15104K)->14263K(15104K) NonClass: 12319K(12800K)->12319K(12800K) Class: 1943K(2304K)->1943K(2304K)
[79.922s][info][gc             ] GC(141) Pause Young (Allocation Failure) 556M->10M(1979M) 42.032ms
[79.922s][info][gc,cpu         ] GC(141) User=0.03s Sys=0.00s Real=0.03s
[80.465s][info][gc,start       ] GC(142) Pause Young (Allocation Failure)
[80.519s][info][gc,heap        ] GC(142) DefNew: 561939K(629120K)->1262K(629120K) Eden: 559232K(559232K)->0K(559232K) From: 2707K(69888K)->1262K(69888K)
[80.519s][info][gc,heap        ] GC(142) Tenured: 7970K(1398144K)->9498K(1398144K)
[80.519s][info][gc,metaspace   ] GC(142) Metaspace: 14263K(15104K)->14263K(15104K) NonClass: 12319K(12800K)->12319K(12800K) Class: 1943K(2304K)->1943K(2304K)
[80.519s][info][gc             ] GC(142) Pause Young (Allocation Failure) 556M->10M(1979M) 54.499ms
[80.519s][info][gc,cpu         ] GC(142) User=0.05s Sys=0.00s Real=0.05s
[81.066s][info][gc,start       ] GC(143) Pause Young (Allocation Failure)
[81.117s][info][gc,heap        ] GC(143) DefNew: 560494K(629120K)->1265K(629120K) Eden: 559232K(559232K)->0K(559232K) From: 1262K(69888K)->1265K(69888K)
[81.117s][info][gc,heap        ] GC(143) Tenured: 9498K(1398144K)->9581K(1398144K)
[81.117s][info][gc,metaspace   ] GC(143) Metaspace: 14263K(15104K)->14263K(15104K) NonClass: 12319K(12800K)->12319K(12800K) Class: 1943K(2304K)->1943K(2304K)
[81.117s][info][gc             ] GC(143) Pause Young (Allocation Failure) 556M->10M(1979M) 50.898ms
[81.117s][info][gc,cpu         ] GC(143) User=0.05s Sys=0.00s Real=0.05s
[81.672s][info][gc,start       ] GC(144) Pause Young (Allocation Failure)
[81.718s][info][gc,heap        ] GC(144) DefNew: 560497K(629120K)->1262K(629120K) Eden: 559232K(559232K)->0K(559232K) From: 1265K(69888K)->1262K(69888K)
[81.718s][info][gc,heap        ] GC(144) Tenured: 9581K(1398144K)->9667K(1398144K)
[81.718s][info][gc,metaspace   ] GC(144) Metaspace: 14263K(15104K)->14263K(15104K) NonClass: 12319K(12800K)->12319K(12800K) Class: 1943K(2304K)->1943K(2304K)
[81.718s][info][gc             ] GC(144) Pause Young (Allocation Failure) 556M->10M(1979M) 46.669ms
[81.719s][info][gc,cpu         ] GC(144) User=0.03s Sys=0.00s Real=0.04s
[82.254s][info][gc,start       ] GC(145) Pause Young (Allocation Failure)
[82.304s][info][gc,heap        ] GC(145) DefNew: 560494K(629120K)->1255K(629120K) Eden: 559232K(559232K)->0K(559232K) From: 1262K(69888K)->1255K(69888K)
[82.304s][info][gc,heap        ] GC(145) Tenured: 9667K(1398144K)->9753K(1398144K)
[82.304s][info][gc,metaspace   ] GC(145) Metaspace: 14263K(15104K)->14263K(15104K) NonClass: 12319K(12800K)->12319K(12800K) Class: 1943K(2304K)->1943K(2304K)
[82.304s][info][gc             ] GC(145) Pause Young (Allocation Failure) 556M->10M(1979M) 50.017ms
[82.304s][info][gc,cpu         ] GC(145) User=0.05s Sys=0.00s Real=0.05s
[82.841s][info][gc,start       ] GC(146) Pause Young (Allocation Failure)
[82.892s][info][gc,heap        ] GC(146) DefNew: 560487K(629120K)->1252K(629120K) Eden: 559232K(559232K)->0K(559232K) From: 1255K(69888K)->1252K(69888K)
[82.892s][info][gc,heap        ] GC(146) Tenured: 9753K(1398144K)->9837K(1398144K)
[82.892s][info][gc,metaspace   ] GC(146) Metaspace: 14263K(15104K)->14263K(15104K) NonClass: 12319K(12800K)->12319K(12800K) Class: 1943K(2304K)->1943K(2304K)
[82.892s][info][gc             ] GC(146) Pause Young (Allocation Failure) 556M->10M(1979M) 51.049ms
[82.892s][info][gc,cpu         ] GC(146) User=0.05s Sys=0.00s Real=0.04s
[83.434s][info][gc,start       ] GC(147) Pause Young (Allocation Failure)
[83.487s][info][gc,heap        ] GC(147) DefNew: 560484K(629120K)->1253K(629120K) Eden: 559232K(559232K)->0K(559232K) From: 1252K(69888K)->1253K(69888K)
[83.487s][info][gc,heap        ] GC(147) Tenured: 9837K(1398144K)->9919K(1398144K)
[83.487s][info][gc,metaspace   ] GC(147) Metaspace: 14263K(15104K)->14263K(15104K) NonClass: 12319K(12800K)->12319K(12800K) Class: 1943K(2304K)->1943K(2304K)
[83.487s][info][gc             ] GC(147) Pause Young (Allocation Failure) 556M->10M(1979M) 52.238ms
[83.487s][info][gc,cpu         ] GC(147) User=0.06s Sys=0.00s Real=0.05s
[84.027s][info][gc,start       ] GC(148) Pause Young (Allocation Failure)
[84.078s][info][gc,heap        ] GC(148) DefNew: 560485K(629120K)->1252K(629120K) Eden: 559232K(559232K)->0K(559232K) From: 1253K(69888K)->1252K(69888K)
[84.079s][info][gc,heap        ] GC(148) Tenured: 9919K(1398144K)->10003K(1398144K)
[84.079s][info][gc,metaspace   ] GC(148) Metaspace: 14263K(15104K)->14263K(15104K) NonClass: 12319K(12800K)->12319K(12800K) Class: 1943K(2304K)->1943K(2304K)
[84.079s][info][gc             ] GC(148) Pause Young (Allocation Failure) 557M->10M(1979M) 51.232ms
[84.079s][info][gc,cpu         ] GC(148) User=0.06s Sys=0.00s Real=0.05s
[84.729s][info][gc,start       ] GC(149) Pause Young (Allocation Failure)
[84.782s][info][gc,heap        ] GC(149) DefNew: 560484K(629120K)->1258K(629120K) Eden: 559232K(559232K)->0K(559232K) From: 1252K(69888K)->1258K(69888K)
[84.782s][info][gc,heap        ] GC(149) Tenured: 10003K(1398144K)->10084K(1398144K)
[84.782s][info][gc,metaspace   ] GC(149) Metaspace: 14263K(15104K)->14263K(15104K) NonClass: 12319K(12800K)->12319K(12800K) Class: 1943K(2304K)->1943K(2304K)
[84.782s][info][gc             ] GC(149) Pause Young (Allocation Failure) 557M->11M(1979M) 52.667ms
[84.782s][info][gc,cpu         ] GC(149) User=0.06s Sys=0.00s Real=0.05s
[85.339s][info][gc,start       ] GC(150) Pause Young (Allocation Failure)
[85.377s][info][gc,heap        ] GC(150) DefNew: 560490K(629120K)->1259K(629120K) Eden: 559232K(559232K)->0K(559232K) From: 1258K(69888K)->1259K(69888K)
[85.377s][info][gc,heap        ] GC(150) Tenured: 10084K(1398144K)->10169K(1398144K)
[85.377s][info][gc,metaspace   ] GC(150) Metaspace: 14263K(15104K)->14263K(15104K) NonClass: 12319K(12800K)->12319K(12800K) Class: 1943K(2304K)->1943K(2304K)
[85.377s][info][gc             ] GC(150) Pause Young (Allocation Failure) 557M->11M(1979M) 38.114ms
[85.377s][info][gc,cpu         ] GC(150) User=0.05s Sys=0.00s Real=0.04s
[85.934s][info][gc,start       ] GC(151) Pause Young (Allocation Failure)
[85.973s][info][gc,heap        ] GC(151) DefNew: 560491K(629120K)->1266K(629120K) Eden: 559232K(559232K)->0K(559232K) From: 1259K(69888K)->1266K(69888K)
[85.973s][info][gc,heap        ] GC(151) Tenured: 10169K(1398144K)->10246K(1398144K)
[85.973s][info][gc,metaspace   ] GC(151) Metaspace: 14263K(15104K)->14263K(15104K) NonClass: 12319K(12800K)->12319K(12800K) Class: 1943K(2304K)->1943K(2304K)
[85.973s][info][gc             ] GC(151) Pause Young (Allocation Failure) 557M->11M(1979M) 39.275ms
[85.973s][info][gc,cpu         ] GC(151) User=0.03s Sys=0.00s Real=0.03s
[86.520s][info][gc,start       ] GC(152) Pause Young (Allocation Failure)
[86.571s][info][gc,heap        ] GC(152) DefNew: 560498K(629120K)->1265K(629120K) Eden: 559232K(559232K)->0K(559232K) From: 1266K(69888K)->1265K(69888K)
[86.571s][info][gc,heap        ] GC(152) Tenured: 10246K(1398144K)->10332K(1398144K)
[86.571s][info][gc,metaspace   ] GC(152) Metaspace: 14263K(15104K)->14263K(15104K) NonClass: 12319K(12800K)->12319K(12800K) Class: 1943K(2304K)->1943K(2304K)
[86.571s][info][gc             ] GC(152) Pause Young (Allocation Failure) 557M->11M(1979M) 51.024ms
[86.571s][info][gc,cpu         ] GC(152) User=0.03s Sys=0.00s Real=0.04s
[87.114s][info][gc,start       ] GC(153) Pause Young (Allocation Failure)
[87.165s][info][gc,heap        ] GC(153) DefNew: 560497K(629120K)->1264K(629120K) Eden: 559232K(559232K)->0K(559232K) From: 1265K(69888K)->1264K(69888K)
[87.166s][info][gc,heap        ] GC(153) Tenured: 10332K(1398144K)->10416K(1398144K)
[87.166s][info][gc,metaspace   ] GC(153) Metaspace: 14263K(15104K)->14263K(15104K) NonClass: 12319K(12800K)->12319K(12800K) Class: 1943K(2304K)->1943K(2304K)
[87.166s][info][gc             ] GC(153) Pause Young (Allocation Failure) 557M->11M(1979M) 51.141ms
[87.166s][info][gc,cpu         ] GC(153) User=0.05s Sys=0.00s Real=0.05s
[87.674s][info][gc,start       ] GC(154) Pause Young (Allocation Failure)
[87.722s][info][gc,heap        ] GC(154) DefNew: 560496K(629120K)->1259K(629120K) Eden: 559232K(559232K)->0K(559232K) From: 1264K(69888K)->1259K(69888K)
[87.722s][info][gc,heap        ] GC(154) Tenured: 10416K(1398144K)->10496K(1398144K)
[87.722s][info][gc,metaspace   ] GC(154) Metaspace: 14263K(15104K)->14263K(15104K) NonClass: 12319K(12800K)->12319K(12800K) Class: 1943K(2304K)->1943K(2304K)
[87.723s][info][gc             ] GC(154) Pause Young (Allocation Failure) 557M->11M(1979M) 48.416ms
[87.723s][info][gc,cpu         ] GC(154) User=0.05s Sys=0.00s Real=0.05s
[88.029s][info][gc,start       ] GC(155) Pause Full (System.gc())
[88.029s][info][gc,phases,start] GC(155) Phase 1: Mark live objects
[88.076s][info][gc,phases      ] GC(155) Phase 1: Mark live objects 46.885ms
[88.076s][info][gc,phases,start] GC(155) Phase 2: Compute new object addresses
[88.162s][info][gc,phases      ] GC(155) Phase 2: Compute new object addresses 85.488ms
[88.162s][info][gc,phases,start] GC(155) Phase 3: Adjust pointers
[88.183s][info][gc,phases      ] GC(155) Phase 3: Adjust pointers 21.193ms
[88.183s][info][gc,phases,start] GC(155) Phase 4: Move objects
[88.183s][info][gc,phases      ] GC(155) Phase 4: Move objects 0.013ms
[88.183s][info][gc,heap        ] GC(155) DefNew: 365285K(629120K)->0K(629120K) Eden: 364025K(559232K)->0K(559232K) From: 1259K(69888K)->0K(69888K)
[88.183s][info][gc,heap        ] GC(155) Tenured: 10496K(1398144K)->10496K(1398144K)
[88.183s][info][gc,metaspace   ] GC(155) Metaspace: 14264K(15104K)->14264K(15104K) NonClass: 12320K(12800K)->12320K(12800K) Class: 1943K(2304K)->1943K(2304K)
[88.183s][info][gc             ] GC(155) Pause Full (System.gc()) 366M->10M(1979M) 154.004ms
[88.183s][info][gc,cpu         ] GC(155) User=0.14s Sys=0.00s Real=0.14s
[88.666s][info][gc,start       ] GC(156) Pause Young (Allocation Failure)
[88.707s][info][gc,heap        ] GC(156) DefNew: 559232K(629120K)->1530K(629120K) Eden: 559232K(559232K)->0K(559232K) From: 0K(69888K)->1530K(69888K)
[88.707s][info][gc,heap        ] GC(156) Tenured: 10496K(1398144K)->10496K(1398144K)
[88.707s][info][gc,metaspace   ] GC(156) Metaspace: 14266K(15104K)->14266K(15104K) NonClass: 12323K(12800K)->12323K(12800K) Class: 1943K(2304K)->1943K(2304K)
[88.707s][info][gc             ] GC(156) Pause Young (Allocation Failure) 556M->11M(1979M) 41.154ms
[88.707s][info][gc,cpu         ] GC(156) User=0.05s Sys=0.00s Real=0.04s
[89.239s][info][gc,start       ] GC(157) Pause Young (Allocation Failure)
[89.283s][info][gc,heap        ] GC(157) DefNew: 560762K(629120K)->1611K(629120K) Eden: 559232K(559232K)->0K(559232K) From: 1530K(69888K)->1611K(69888K)
[89.283s][info][gc,heap        ] GC(157) Tenured: 10496K(1398144K)->10496K(1398144K)
[89.283s][info][gc,metaspace   ] GC(157) Metaspace: 14266K(15104K)->14266K(15104K) NonClass: 12323K(12800K)->12323K(12800K) Class: 1943K(2304K)->1943K(2304K)
[89.283s][info][gc             ] GC(157) Pause Young (Allocation Failure) 557M->11M(1979M) 44.020ms
[89.283s][info][gc,cpu         ] GC(157) User=0.03s Sys=0.00s Real=0.03s
[89.811s][info][gc,start       ] GC(158) Pause Young (Allocation Failure)
[89.858s][info][gc,heap        ] GC(158) DefNew: 560843K(629120K)->1695K(629120K) Eden: 559232K(559232K)->0K(559232K) From: 1611K(69888K)->1695K(69888K)
[89.858s][info][gc,heap        ] GC(158) Tenured: 10496K(1398144K)->10496K(1398144K)
[89.858s][info][gc,metaspace   ] GC(158) Metaspace: 14266K(15104K)->14266K(15104K) NonClass: 12323K(12800K)->12323K(12800K) Class: 1943K(2304K)->1943K(2304K)
[89.858s][info][gc             ] GC(158) Pause Young (Allocation Failure) 557M->11M(1979M) 47.609ms
[89.858s][info][gc,cpu         ] GC(158) User=0.05s Sys=0.00s Real=0.04s
[90.392s][info][gc,start       ] GC(159) Pause Young (Allocation Failure)
[90.443s][info][gc,heap        ] GC(159) DefNew: 560927K(629120K)->1778K(629120K) Eden: 559232K(559232K)->0K(559232K) From: 1695K(69888K)->1778K(69888K)
[90.443s][info][gc,heap        ] GC(159) Tenured: 10496K(1398144K)->10496K(1398144K)
[90.444s][info][gc,metaspace   ] GC(159) Metaspace: 14266K(15104K)->14266K(15104K) NonClass: 12323K(12800K)->12323K(12800K) Class: 1943K(2304K)->1943K(2304K)
[90.444s][info][gc             ] GC(159) Pause Young (Allocation Failure) 558M->11M(1979M) 51.220ms
[90.444s][info][gc,cpu         ] GC(159) User=0.05s Sys=0.00s Real=0.05s
[90.980s][info][gc,start       ] GC(160) Pause Young (Allocation Failure)
[91.033s][info][gc,heap        ] GC(160) DefNew: 561010K(629120K)->1862K(629120K) Eden: 559232K(559232K)->0K(559232K) From: 1778K(69888K)->1862K(69888K)
[91.033s][info][gc,heap        ] GC(160) Tenured: 10496K(1398144K)->10496K(1398144K)
[91.033s][info][gc,metaspace   ] GC(160) Metaspace: 14266K(15104K)->14266K(15104K) NonClass: 12323K(12800K)->12323K(12800K) Class: 1943K(2304K)->1943K(2304K)
[91.033s][info][gc             ] GC(160) Pause Young (Allocation Failure) 558M->12M(1979M) 53.428ms
[91.033s][info][gc,cpu         ] GC(160) User=0.06s Sys=0.00s Real=0.05s
[91.543s][info][gc,start       ] GC(161) Pause Young (Allocation Failure)
[91.596s][info][gc,heap        ] GC(161) DefNew: 561094K(629120K)->1939K(629120K) Eden: 559232K(559232K)->0K(559232K) From: 1862K(69888K)->1939K(69888K)
[91.596s][info][gc,heap        ] GC(161) Tenured: 10496K(1398144K)->10496K(1398144K)
[91.596s][info][gc,metaspace   ] GC(161) Metaspace: 14266K(15104K)->14266K(15104K) NonClass: 12323K(12800K)->12323K(12800K) Class: 1943K(2304K)->1943K(2304K)
[91.596s][info][gc             ] GC(161) Pause Young (Allocation Failure) 558M->12M(1979M) 53.177ms
[91.596s][info][gc,cpu         ] GC(161) User=0.06s Sys=0.00s Real=0.05s
[92.140s][info][gc,start       ] GC(162) Pause Young (Allocation Failure)
[92.193s][info][gc,heap        ] GC(162) DefNew: 561171K(629120K)->2024K(629120K) Eden: 559232K(559232K)->0K(559232K) From: 1939K(69888K)->2024K(69888K)
[92.193s][info][gc,heap        ] GC(162) Tenured: 10496K(1398144K)->10496K(1398144K)
[92.193s][info][gc,metaspace   ] GC(162) Metaspace: 14266K(15104K)->14266K(15104K) NonClass: 12323K(12800K)->12323K(12800K) Class: 1943K(2304K)->1943K(2304K)
[92.193s][info][gc             ] GC(162) Pause Young (Allocation Failure) 558M->12M(1979M) 53.245ms
[92.193s][info][gc,cpu         ] GC(162) User=0.05s Sys=0.00s Real=0.05s
[92.722s][info][gc,start       ] GC(163) Pause Young (Allocation Failure)
[92.775s][info][gc,heap        ] GC(163) DefNew: 561256K(629120K)->2100K(629120K) Eden: 559232K(559232K)->0K(559232K) From: 2024K(69888K)->2100K(69888K)
[92.775s][info][gc,heap        ] GC(163) Tenured: 10496K(1398144K)->10496K(1398144K)
[92.775s][info][gc,metaspace   ] GC(163) Metaspace: 14266K(15104K)->14266K(15104K) NonClass: 12323K(12800K)->12323K(12800K) Class: 1943K(2304K)->1943K(2304K)
[92.775s][info][gc             ] GC(163) Pause Young (Allocation Failure) 558M->12M(1979M) 53.090ms
[92.775s][info][gc,cpu         ] GC(163) User=0.05s Sys=0.00s Real=0.05s
[93.326s][info][gc,start       ] GC(164) Pause Young (Allocation Failure)
[93.375s][info][gc,heap        ] GC(164) DefNew: 561332K(629120K)->2186K(629120K) Eden: 559232K(559232K)->0K(559232K) From: 2100K(69888K)->2186K(69888K)
[93.375s][info][gc,heap        ] GC(164) Tenured: 10496K(1398144K)->10496K(1398144K)
[93.375s][info][gc,metaspace   ] GC(164) Metaspace: 14266K(15104K)->14266K(15104K) NonClass: 12323K(12800K)->12323K(12800K) Class: 1943K(2304K)->1943K(2304K)
[93.375s][info][gc             ] GC(164) Pause Young (Allocation Failure) 558M->12M(1979M) 49.253ms
[93.375s][info][gc,cpu         ] GC(164) User=0.05s Sys=0.00s Real=0.04s
[93.902s][info][gc,start       ] GC(165) Pause Young (Allocation Failure)
[93.953s][info][gc,heap        ] GC(165) DefNew: 561418K(629120K)->2270K(629120K) Eden: 559232K(559232K)->0K(559232K) From: 2186K(69888K)->2270K(69888K)
[93.953s][info][gc,heap        ] GC(165) Tenured: 10496K(1398144K)->10496K(1398144K)
[93.953s][info][gc,metaspace   ] GC(165) Metaspace: 14266K(15104K)->14266K(15104K) NonClass: 12323K(12800K)->12323K(12800K) Class: 1943K(2304K)->1943K(2304K)
[93.953s][info][gc             ] GC(165) Pause Young (Allocation Failure) 558M->12M(1979M) 51.528ms
[93.953s][info][gc,cpu         ] GC(165) User=0.06s Sys=0.00s Real=0.05s
[94.494s][info][gc,start       ] GC(166) Pause Young (Allocation Failure)
[94.547s][info][gc,heap        ] GC(166) DefNew: 561502K(629120K)->2354K(629120K) Eden: 559232K(559232K)->0K(559232K) From: 2270K(69888K)->2354K(69888K)
[94.547s][info][gc,heap        ] GC(166) Tenured: 10496K(1398144K)->10496K(1398144K)
[94.547s][info][gc,metaspace   ] GC(166) Metaspace: 14266K(15104K)->14266K(15104K) NonClass: 12323K(12800K)->12323K(12800K) Class: 1943K(2304K)->1943K(2304K)
[94.547s][info][gc             ] GC(166) Pause Young (Allocation Failure) 558M->12M(1979M) 53.001ms
[94.547s][info][gc,cpu         ] GC(166) User=0.05s Sys=0.00s Real=0.05s
[95.074s][info][gc,start       ] GC(167) Pause Young (Allocation Failure)
[95.126s][info][gc,heap        ] GC(167) DefNew: 561586K(629120K)->2432K(629120K) Eden: 559232K(559232K)->0K(559232K) From: 2354K(69888K)->2432K(69888K)
[95.126s][info][gc,heap        ] GC(167) Tenured: 10496K(1398144K)->10496K(1398144K)
[95.126s][info][gc,metaspace   ] GC(167) Metaspace: 14266K(15104K)->14266K(15104K) NonClass: 12323K(12800K)->12323K(12800K) Class: 1943K(2304K)->1943K(2304K)
[95.126s][info][gc             ] GC(167) Pause Young (Allocation Failure) 558M->12M(1979M) 52.023ms
[95.126s][info][gc,cpu         ] GC(167) User=0.05s Sys=0.00s Real=0.05s
[95.668s][info][gc,start       ] GC(168) Pause Young (Allocation Failure)
[95.724s][info][gc,heap        ] GC(168) DefNew: 561664K(629120K)->2516K(629120K) Eden: 559232K(559232K)->0K(559232K) From: 2432K(69888K)->2516K(69888K)
[95.724s][info][gc,heap        ] GC(168) Tenured: 10496K(1398144K)->10496K(1398144K)
[95.724s][info][gc,metaspace   ] GC(168) Metaspace: 14266K(15104K)->14266K(15104K) NonClass: 12323K(12800K)->12323K(12800K) Class: 1943K(2304K)->1943K(2304K)
[95.724s][info][gc             ] GC(168) Pause Young (Allocation Failure) 558M->12M(1979M) 56.374ms
[95.724s][info][gc,cpu         ] GC(168) User=0.06s Sys=0.00s Real=0.05s
[96.243s][info][gc,start       ] GC(169) Pause Young (Allocation Failure)
[96.295s][info][gc,heap        ] GC(169) DefNew: 561748K(629120K)->2593K(629120K) Eden: 559232K(559232K)->0K(559232K) From: 2516K(69888K)->2593K(69888K)
[96.295s][info][gc,heap        ] GC(169) Tenured: 10496K(1398144K)->10496K(1398144K)
[96.295s][info][gc,metaspace   ] GC(169) Metaspace: 14266K(15104K)->14266K(15104K) NonClass: 12323K(12800K)->12323K(12800K) Class: 1943K(2304K)->1943K(2304K)
[96.295s][info][gc             ] GC(169) Pause Young (Allocation Failure) 558M->12M(1979M) 52.686ms
[96.295s][info][gc,cpu         ] GC(169) User=0.05s Sys=0.00s Real=0.05s
[96.839s][info][gc,start       ] GC(170) Pause Young (Allocation Failure)
[96.889s][info][gc,heap        ] GC(170) DefNew: 561825K(629120K)->2674K(629120K) Eden: 559232K(559232K)->0K(559232K) From: 2593K(69888K)->2674K(69888K)
[96.889s][info][gc,heap        ] GC(170) Tenured: 10496K(1398144K)->10496K(1398144K)
[96.889s][info][gc,metaspace   ] GC(170) Metaspace: 14266K(15104K)->14266K(15104K) NonClass: 12323K(12800K)->12323K(12800K) Class: 1943K(2304K)->1943K(2304K)
[96.889s][info][gc             ] GC(170) Pause Young (Allocation Failure) 558M->12M(1979M) 49.672ms
[96.889s][info][gc,cpu         ] GC(170) User=0.05s Sys=0.00s Real=0.04s
[97.447s][info][gc,start       ] GC(171) Pause Young (Allocation Failure)
[97.497s][info][gc,heap        ] GC(171) DefNew: 561906K(629120K)->1240K(629120K) Eden: 559232K(559232K)->0K(559232K) From: 2674K(69888K)->1240K(69888K)
[97.497s][info][gc,heap        ] GC(171) Tenured: 10496K(1398144K)->12019K(1398144K)
[97.497s][info][gc,metaspace   ] GC(171) Metaspace: 14266K(15104K)->14266K(15104K) NonClass: 12323K(12800K)->12323K(12800K) Class: 1943K(2304K)->1943K(2304K)
[97.497s][info][gc             ] GC(171) Pause Young (Allocation Failure) 558M->12M(1979M) 50.032ms
[97.497s][info][gc,cpu         ] GC(171) User=0.05s Sys=0.00s Real=0.05s
[98.032s][info][gc,start       ] GC(172) Pause Young (Allocation Failure)
[98.081s][info][gc,heap        ] GC(172) DefNew: 560472K(629120K)->1237K(629120K) Eden: 559232K(559232K)->0K(559232K) From: 1240K(69888K)->1237K(69888K)
[98.081s][info][gc,heap        ] GC(172) Tenured: 12019K(1398144K)->12100K(1398144K)
[98.081s][info][gc,metaspace   ] GC(172) Metaspace: 14266K(15104K)->14266K(15104K) NonClass: 12323K(12800K)->12323K(12800K) Class: 1943K(2304K)->1943K(2304K)
[98.081s][info][gc             ] GC(172) Pause Young (Allocation Failure) 559M->13M(1979M) 49.166ms
[98.081s][info][gc,cpu         ] GC(172) User=0.05s Sys=0.00s Real=0.05s
[98.620s][info][gc,start       ] GC(173) Pause Young (Allocation Failure)
[98.662s][info][gc,heap        ] GC(173) DefNew: 560469K(629120K)->1236K(629120K) Eden: 559232K(559232K)->0K(559232K) From: 1237K(69888K)->1236K(69888K)
[98.662s][info][gc,heap        ] GC(173) Tenured: 12100K(1398144K)->12183K(1398144K)
[98.662s][info][gc,metaspace   ] GC(173) Metaspace: 14266K(15104K)->14266K(15104K) NonClass: 12323K(12800K)->12323K(12800K) Class: 1943K(2304K)->1943K(2304K)
[98.662s][info][gc             ] GC(173) Pause Young (Allocation Failure) 559M->13M(1979M) 42.293ms
[98.662s][info][gc,cpu         ] GC(173) User=0.03s Sys=0.00s Real=0.03s
[99.198s][info][gc,start       ] GC(174) Pause Young (Allocation Failure)
[99.241s][info][gc,heap        ] GC(174) DefNew: 560468K(629120K)->1235K(629120K) Eden: 559232K(559232K)->0K(559232K) From: 1236K(69888K)->1235K(69888K)
[99.241s][info][gc,heap        ] GC(174) Tenured: 12183K(1398144K)->12266K(1398144K)
[99.241s][info][gc,metaspace   ] GC(174) Metaspace: 14266K(15104K)->14266K(15104K) NonClass: 12323K(12800K)->12323K(12800K) Class: 1943K(2304K)->1943K(2304K)
[99.241s][info][gc             ] GC(174) Pause Young (Allocation Failure) 559M->13M(1979M) 43.212ms
[99.241s][info][gc,cpu         ] GC(174) User=0.05s Sys=0.00s Real=0.04s
[99.781s][info][gc,start       ] GC(175) Pause Young (Allocation Failure)
[99.837s][info][gc,heap        ] GC(175) DefNew: 560467K(629120K)->1232K(629120K) Eden: 559232K(559232K)->0K(559232K) From: 1235K(69888K)->1232K(69888K)
[99.837s][info][gc,heap        ] GC(175) Tenured: 12266K(1398144K)->12349K(1398144K)
[99.837s][info][gc,metaspace   ] GC(175) Metaspace: 14266K(15104K)->14266K(15104K) NonClass: 12323K(12800K)->12323K(12800K) Class: 1943K(2304K)->1943K(2304K)
[99.837s][info][gc             ] GC(175) Pause Young (Allocation Failure) 559M->13M(1979M) 56.390ms
[99.837s][info][gc,cpu         ] GC(175) User=0.05s Sys=0.00s Real=0.06s
[100.375s][info][gc,start       ] GC(176) Pause Young (Allocation Failure)
[100.430s][info][gc,heap        ] GC(176) DefNew: 560464K(629120K)->1238K(629120K) Eden: 559232K(559232K)->0K(559232K) From: 1232K(69888K)->1238K(69888K)
[100.430s][info][gc,heap        ] GC(176) Tenured: 12349K(1398144K)->12426K(1398144K)
[100.430s][info][gc,metaspace   ] GC(176) Metaspace: 14266K(15104K)->14266K(15104K) NonClass: 12323K(12800K)->12323K(12800K) Class: 1943K(2304K)->1943K(2304K)
[100.430s][info][gc             ] GC(176) Pause Young (Allocation Failure) 559M->13M(1979M) 54.565ms
[100.430s][info][gc,cpu         ] GC(176) User=0.03s Sys=0.00s Real=0.04s
[100.982s][info][gc,start       ] GC(177) Pause Young (Allocation Failure)
[101.022s][info][gc,heap        ] GC(177) DefNew: 560470K(629120K)->1238K(629120K) Eden: 559232K(559232K)->0K(559232K) From: 1238K(69888K)->1238K(69888K)
[101.022s][info][gc,heap        ] GC(177) Tenured: 12426K(1398144K)->12512K(1398144K)
[101.022s][info][gc,metaspace   ] GC(177) Metaspace: 14266K(15104K)->14266K(15104K) NonClass: 12323K(12800K)->12323K(12800K) Class: 1943K(2304K)->1943K(2304K)
[101.022s][info][gc             ] GC(177) Pause Young (Allocation Failure) 559M->13M(1979M) 39.775ms
[101.022s][info][gc,cpu         ] GC(177) User=0.05s Sys=0.00s Real=0.04s
[101.577s][info][gc,start       ] GC(178) Pause Young (Allocation Failure)
[101.628s][info][gc,heap        ] GC(178) DefNew: 560470K(629120K)->1248K(629120K) Eden: 559232K(559232K)->0K(559232K) From: 1238K(69888K)->1248K(69888K)
[101.628s][info][gc,heap        ] GC(178) Tenured: 12512K(1398144K)->12588K(1398144K)
[101.628s][info][gc,metaspace   ] GC(178) Metaspace: 14266K(15104K)->14266K(15104K) NonClass: 12323K(12800K)->12323K(12800K) Class: 1943K(2304K)->1943K(2304K)
[101.628s][info][gc             ] GC(178) Pause Young (Allocation Failure) 559M->13M(1979M) 50.668ms
[101.628s][info][gc,cpu         ] GC(178) User=0.05s Sys=0.00s Real=0.05s
[102.167s][info][gc,start       ] GC(179) Pause Young (Allocation Failure)
[102.218s][info][gc,heap        ] GC(179) DefNew: 560480K(629120K)->1247K(629120K) Eden: 559232K(559232K)->0K(559232K) From: 1248K(69888K)->1247K(69888K)
[102.218s][info][gc,heap        ] GC(179) Tenured: 12588K(1398144K)->12674K(1398144K)
[102.218s][info][gc,metaspace   ] GC(179) Metaspace: 14266K(15104K)->14266K(15104K) NonClass: 12323K(12800K)->12323K(12800K) Class: 1943K(2304K)->1943K(2304K)
[102.218s][info][gc             ] GC(179) Pause Young (Allocation Failure) 559M->13M(1979M) 51.456ms
[102.219s][info][gc,cpu         ] GC(179) User=0.06s Sys=0.00s Real=0.05s
[102.756s][info][gc,start       ] GC(180) Pause Young (Allocation Failure)
[102.811s][info][gc,heap        ] GC(180) DefNew: 560479K(629120K)->1248K(629120K) Eden: 559232K(559232K)->0K(559232K) From: 1247K(69888K)->1248K(69888K)
[102.811s][info][gc,heap        ] GC(180) Tenured: 12674K(1398144K)->12757K(1398144K)
[102.811s][info][gc,metaspace   ] GC(180) Metaspace: 14266K(15104K)->14266K(15104K) NonClass: 12323K(12800K)->12323K(12800K) Class: 1943K(2304K)->1943K(2304K)
[102.812s][info][gc             ] GC(180) Pause Young (Allocation Failure) 559M->13M(1979M) 55.162ms
[102.812s][info][gc,cpu         ] GC(180) User=0.05s Sys=0.02s Real=0.06s
[103.344s][info][gc,start       ] GC(181) Pause Young (Allocation Failure)
[103.400s][info][gc,heap        ] GC(181) DefNew: 560480K(629120K)->1242K(629120K) Eden: 559232K(559232K)->0K(559232K) From: 1248K(69888K)->1242K(69888K)
[103.400s][info][gc,heap        ] GC(181) Tenured: 12757K(1398144K)->12839K(1398144K)
[103.400s][info][gc,metaspace   ] GC(181) Metaspace: 14266K(15104K)->14266K(15104K) NonClass: 12323K(12800K)->12323K(12800K) Class: 1943K(2304K)->1943K(2304K)
[103.400s][info][gc             ] GC(181) Pause Young (Allocation Failure) 559M->13M(1979M) 56.008ms
[103.400s][info][gc,cpu         ] GC(181) User=0.05s Sys=0.00s Real=0.05s
[103.932s][info][gc,start       ] GC(182) Pause Young (Allocation Failure)
[103.989s][info][gc,heap        ] GC(182) DefNew: 560474K(629120K)->1241K(629120K) Eden: 559232K(559232K)->0K(559232K) From: 1242K(69888K)->1241K(69888K)
[103.989s][info][gc,heap        ] GC(182) Tenured: 12839K(1398144K)->12919K(1398144K)
[103.989s][info][gc,metaspace   ] GC(182) Metaspace: 14266K(15104K)->14266K(15104K) NonClass: 12323K(12800K)->12323K(12800K) Class: 1943K(2304K)->1943K(2304K)
[103.989s][info][gc             ] GC(182) Pause Young (Allocation Failure) 559M->13M(1979M) 57.441ms
[103.989s][info][gc,cpu         ] GC(182) User=0.06s Sys=0.00s Real=0.06s
[104.519s][info][gc,start       ] GC(183) Pause Young (Allocation Failure)
[104.573s][info][gc,heap        ] GC(183) DefNew: 560473K(629120K)->1235K(629120K) Eden: 559232K(559232K)->0K(559232K) From: 1241K(69888K)->1235K(69888K)
[104.573s][info][gc,heap        ] GC(183) Tenured: 12919K(1398144K)->13002K(1398144K)
[104.573s][info][gc,metaspace   ] GC(183) Metaspace: 14270K(15104K)->14270K(15104K) NonClass: 12326K(12800K)->12326K(12800K) Class: 1943K(2304K)->1943K(2304K)
[104.573s][info][gc             ] GC(183) Pause Young (Allocation Failure) 559M->13M(1979M) 54.514ms
[104.573s][info][gc,cpu         ] GC(183) User=0.05s Sys=0.00s Real=0.05s
[104.930s][info][gc,start       ] GC(184) Pause Full (System.gc())
[104.930s][info][gc,phases,start] GC(184) Phase 1: Mark live objects
[104.979s][info][gc,phases      ] GC(184) Phase 1: Mark live objects 49.308ms
[104.979s][info][gc,phases,start] GC(184) Phase 2: Compute new object addresses
[105.078s][info][gc,phases      ] GC(184) Phase 2: Compute new object addresses 99.119ms
[105.078s][info][gc,phases,start] GC(184) Phase 3: Adjust pointers
[105.098s][info][gc,phases      ] GC(184) Phase 3: Adjust pointers 19.664ms
[105.098s][info][gc,phases,start] GC(184) Phase 4: Move objects
[105.098s][info][gc,phases      ] GC(184) Phase 4: Move objects 0.013ms
[105.098s][info][gc,heap        ] GC(184) DefNew: 410070K(629120K)->0K(629120K) Eden: 408835K(559232K)->0K(559232K) From: 1235K(69888K)->0K(69888K)
[105.098s][info][gc,heap        ] GC(184) Tenured: 13002K(1398144K)->13002K(1398144K)
[105.098s][info][gc,metaspace   ] GC(184) Metaspace: 14272K(15104K)->14272K(15104K) NonClass: 12329K(12800K)->12329K(12800K) Class: 1943K(2304K)->1943K(2304K)
[105.098s][info][gc             ] GC(184) Pause Full (System.gc()) 413M->12M(1979M) 168.529ms
[105.098s][info][gc,cpu         ] GC(184) User=0.16s Sys=0.00s Real=0.16s
[105.579s][info][gc,start       ] GC(185) Pause Young (Allocation Failure)
[105.619s][info][gc,heap        ] GC(185) DefNew: 559232K(629120K)->1537K(629120K) Eden: 559232K(559232K)->0K(559232K) From: 0K(69888K)->1537K(69888K)
[105.619s][info][gc,heap        ] GC(185) Tenured: 13002K(1398144K)->13002K(1398144K)
[105.619s][info][gc,metaspace   ] GC(185) Metaspace: 14273K(15104K)->14273K(15104K) NonClass: 12329K(12800K)->12329K(12800K) Class: 1943K(2304K)->1943K(2304K)
[105.619s][info][gc             ] GC(185) Pause Young (Allocation Failure) 558M->14M(1979M) 40.252ms
[105.619s][info][gc,cpu         ] GC(185) User=0.03s Sys=0.00s Real=0.04s
[106.154s][info][gc,start       ] GC(186) Pause Young (Allocation Failure)
[106.210s][info][gc,heap        ] GC(186) DefNew: 560769K(629120K)->1621K(629120K) Eden: 559232K(559232K)->0K(559232K) From: 1537K(69888K)->1621K(69888K)
[106.210s][info][gc,heap        ] GC(186) Tenured: 13002K(1398144K)->13002K(1398144K)
[106.210s][info][gc,metaspace   ] GC(186) Metaspace: 14273K(15104K)->14273K(15104K) NonClass: 12329K(12800K)->12329K(12800K) Class: 1943K(2304K)->1943K(2304K)
[106.211s][info][gc             ] GC(186) Pause Young (Allocation Failure) 560M->14M(1979M) 56.160ms
[106.211s][info][gc,cpu         ] GC(186) User=0.06s Sys=0.00s Real=0.06s
[106.747s][info][gc,start       ] GC(187) Pause Young (Allocation Failure)
[106.799s][info][gc,heap        ] GC(187) DefNew: 560853K(629120K)->1703K(629120K) Eden: 559232K(559232K)->0K(559232K) From: 1621K(69888K)->1703K(69888K)
[106.799s][info][gc,heap        ] GC(187) Tenured: 13002K(1398144K)->13002K(1398144K)
[106.799s][info][gc,metaspace   ] GC(187) Metaspace: 14273K(15104K)->14273K(15104K) NonClass: 12329K(12800K)->12329K(12800K) Class: 1943K(2304K)->1943K(2304K)
[106.800s][info][gc             ] GC(187) Pause Young (Allocation Failure) 560M->14M(1979M) 52.892ms
[106.800s][info][gc,cpu         ] GC(187) User=0.05s Sys=0.00s Real=0.04s
[107.329s][info][gc,start       ] GC(188) Pause Young (Allocation Failure)
[107.382s][info][gc,heap        ] GC(188) DefNew: 560935K(629120K)->1786K(629120K) Eden: 559232K(559232K)->0K(559232K) From: 1703K(69888K)->1786K(69888K)
[107.382s][info][gc,heap        ] GC(188) Tenured: 13002K(1398144K)->13002K(1398144K)
[107.382s][info][gc,metaspace   ] GC(188) Metaspace: 14273K(15104K)->14273K(15104K) NonClass: 12329K(12800K)->12329K(12800K) Class: 1943K(2304K)->1943K(2304K)
[107.382s][info][gc             ] GC(188) Pause Young (Allocation Failure) 560M->14M(1979M) 52.533ms
[107.382s][info][gc,cpu         ] GC(188) User=0.05s Sys=0.00s Real=0.05s
[107.949s][info][gc,start       ] GC(189) Pause Young (Allocation Failure)
[107.996s][info][gc,heap        ] GC(189) DefNew: 561018K(629120K)->1872K(629120K) Eden: 559232K(559232K)->0K(559232K) From: 1786K(69888K)->1872K(69888K)
[107.996s][info][gc,heap        ] GC(189) Tenured: 13002K(1398144K)->13002K(1398144K)
[107.996s][info][gc,metaspace   ] GC(189) Metaspace: 14273K(15104K)->14273K(15104K) NonClass: 12329K(12800K)->12329K(12800K) Class: 1943K(2304K)->1943K(2304K)
[107.996s][info][gc             ] GC(189) Pause Young (Allocation Failure) 560M->14M(1979M) 47.122ms
[107.996s][info][gc,cpu         ] GC(189) User=0.05s Sys=0.00s Real=0.05s
[108.509s][info][gc,start       ] GC(190) Pause Young (Allocation Failure)
[108.550s][info][gc,heap        ] GC(190) DefNew: 561104K(629120K)->1953K(629120K) Eden: 559232K(559232K)->0K(559232K) From: 1872K(69888K)->1953K(69888K)
[108.550s][info][gc,heap        ] GC(190) Tenured: 13002K(1398144K)->13002K(1398144K)
[108.550s][info][gc,metaspace   ] GC(190) Metaspace: 14273K(15104K)->14273K(15104K) NonClass: 12329K(12800K)->12329K(12800K) Class: 1943K(2304K)->1943K(2304K)
[108.550s][info][gc             ] GC(190) Pause Young (Allocation Failure) 560M->14M(1979M) 40.945ms
[108.550s][info][gc,cpu         ] GC(190) User=0.05s Sys=0.00s Real=0.04s
[109.086s][info][gc,start       ] GC(191) Pause Young (Allocation Failure)
[109.140s][info][gc,heap        ] GC(191) DefNew: 561185K(629120K)->2036K(629120K) Eden: 559232K(559232K)->0K(559232K) From: 1953K(69888K)->2036K(69888K)
[109.140s][info][gc,heap        ] GC(191) Tenured: 13002K(1398144K)->13002K(1398144K)
[109.140s][info][gc,metaspace   ] GC(191) Metaspace: 14273K(15104K)->14273K(15104K) NonClass: 12329K(12800K)->12329K(12800K) Class: 1943K(2304K)->1943K(2304K)
[109.140s][info][gc             ] GC(191) Pause Young (Allocation Failure) 560M->14M(1979M) 53.943ms
[109.140s][info][gc,cpu         ] GC(191) User=0.05s Sys=0.00s Real=0.05s
[109.675s][info][gc,start       ] GC(192) Pause Young (Allocation Failure)
[109.730s][info][gc,heap        ] GC(192) DefNew: 561268K(629120K)->2119K(629120K) Eden: 559232K(559232K)->0K(559232K) From: 2036K(69888K)->2119K(69888K)
[109.730s][info][gc,heap        ] GC(192) Tenured: 13002K(1398144K)->13002K(1398144K)
[109.730s][info][gc,metaspace   ] GC(192) Metaspace: 14273K(15104K)->14273K(15104K) NonClass: 12329K(12800K)->12329K(12800K) Class: 1943K(2304K)->1943K(2304K)
[109.730s][info][gc             ] GC(192) Pause Young (Allocation Failure) 560M->14M(1979M) 55.218ms
[109.730s][info][gc,cpu         ] GC(192) User=0.05s Sys=0.00s Real=0.05s
[110.265s][info][gc,start       ] GC(193) Pause Young (Allocation Failure)
[110.320s][info][gc,heap        ] GC(193) DefNew: 561351K(629120K)->2198K(629120K) Eden: 559232K(559232K)->0K(559232K) From: 2119K(69888K)->2198K(69888K)
[110.320s][info][gc,heap        ] GC(193) Tenured: 13002K(1398144K)->13002K(1398144K)
[110.320s][info][gc,metaspace   ] GC(193) Metaspace: 14273K(15104K)->14273K(15104K) NonClass: 12329K(12800K)->12329K(12800K) Class: 1943K(2304K)->1943K(2304K)
[110.320s][info][gc             ] GC(193) Pause Young (Allocation Failure) 560M->14M(1979M) 55.764ms
[110.320s][info][gc,cpu         ] GC(193) User=0.05s Sys=0.00s Real=0.05s
[110.848s][info][gc,start       ] GC(194) Pause Young (Allocation Failure)
[110.905s][info][gc,heap        ] GC(194) DefNew: 561430K(629120K)->2279K(629120K) Eden: 559232K(559232K)->0K(559232K) From: 2198K(69888K)->2279K(69888K)
[110.905s][info][gc,heap        ] GC(194) Tenured: 13002K(1398144K)->13002K(1398144K)
[110.905s][info][gc,metaspace   ] GC(194) Metaspace: 14273K(15104K)->14273K(15104K) NonClass: 12329K(12800K)->12329K(12800K) Class: 1943K(2304K)->1943K(2304K)
[110.905s][info][gc             ] GC(194) Pause Young (Allocation Failure) 560M->14M(1979M) 56.945ms
[110.905s][info][gc,cpu         ] GC(194) User=0.05s Sys=0.00s Real=0.06s
[111.442s][info][gc,start       ] GC(195) Pause Young (Allocation Failure)
[111.491s][info][gc,heap        ] GC(195) DefNew: 561511K(629120K)->2362K(629120K) Eden: 559232K(559232K)->0K(559232K) From: 2279K(69888K)->2362K(69888K)
[111.491s][info][gc,heap        ] GC(195) Tenured: 13002K(1398144K)->13002K(1398144K)
[111.491s][info][gc,metaspace   ] GC(195) Metaspace: 14273K(15104K)->14273K(15104K) NonClass: 12329K(12800K)->12329K(12800K) Class: 1943K(2304K)->1943K(2304K)
[111.491s][info][gc             ] GC(195) Pause Young (Allocation Failure) 561M->15M(1979M) 48.669ms
[111.491s][info][gc,cpu         ] GC(195) User=0.05s Sys=0.00s Real=0.05s
[112.031s][info][gc,start       ] GC(196) Pause Young (Allocation Failure)
[112.071s][info][gc,heap        ] GC(196) DefNew: 561594K(629120K)->2442K(629120K) Eden: 559232K(559232K)->0K(559232K) From: 2362K(69888K)->2442K(69888K)
[112.071s][info][gc,heap        ] GC(196) Tenured: 13002K(1398144K)->13002K(1398144K)
[112.071s][info][gc,metaspace   ] GC(196) Metaspace: 14273K(15104K)->14273K(15104K) NonClass: 12329K(12800K)->12329K(12800K) Class: 1943K(2304K)->1943K(2304K)
[112.071s][info][gc             ] GC(196) Pause Young (Allocation Failure) 561M->15M(1979M) 39.642ms
[112.071s][info][gc,cpu         ] GC(196) User=0.03s Sys=0.00s Real=0.03s
[112.610s][info][gc,start       ] GC(197) Pause Young (Allocation Failure)
[112.653s][info][gc,heap        ] GC(197) DefNew: 561674K(629120K)->2522K(629120K) Eden: 559232K(559232K)->0K(559232K) From: 2442K(69888K)->2522K(69888K)
[112.653s][info][gc,heap        ] GC(197) Tenured: 13002K(1398144K)->13002K(1398144K)
[112.653s][info][gc,metaspace   ] GC(197) Metaspace: 14273K(15104K)->14273K(15104K) NonClass: 12329K(12800K)->12329K(12800K) Class: 1943K(2304K)->1943K(2304K)
[112.653s][info][gc             ] GC(197) Pause Young (Allocation Failure) 561M->15M(1979M) 43.450ms
[112.653s][info][gc,cpu         ] GC(197) User=0.03s Sys=0.00s Real=0.03s
[113.185s][info][gc,start       ] GC(198) Pause Young (Allocation Failure)
[113.240s][info][gc,heap        ] GC(198) DefNew: 561754K(629120K)->2605K(629120K) Eden: 559232K(559232K)->0K(559232K) From: 2522K(69888K)->2605K(69888K)
[113.240s][info][gc,heap        ] GC(198) Tenured: 13002K(1398144K)->13002K(1398144K)
[113.240s][info][gc,metaspace   ] GC(198) Metaspace: 14273K(15104K)->14273K(15104K) NonClass: 12329K(12800K)->12329K(12800K) Class: 1943K(2304K)->1943K(2304K)
[113.240s][info][gc             ] GC(198) Pause Young (Allocation Failure) 561M->15M(1979M) 55.238ms
[113.240s][info][gc,cpu         ] GC(198) User=0.06s Sys=0.00s Real=0.05s
[113.775s][info][gc,start       ] GC(199) Pause Young (Allocation Failure)
[113.829s][info][gc,heap        ] GC(199) DefNew: 561837K(629120K)->2689K(629120K) Eden: 559232K(559232K)->0K(559232K) From: 2605K(69888K)->2689K(69888K)
[113.829s][info][gc,heap        ] GC(199) Tenured: 13002K(1398144K)->13002K(1398144K)
[113.829s][info][gc,metaspace   ] GC(199) Metaspace: 14273K(15104K)->14273K(15104K) NonClass: 12329K(12800K)->12329K(12800K) Class: 1943K(2304K)->1943K(2304K)
[113.829s][info][gc             ] GC(199) Pause Young (Allocation Failure) 561M->15M(1979M) 54.304ms
[113.829s][info][gc,cpu         ] GC(199) User=0.06s Sys=0.00s Real=0.05s
[114.351s][info][gc,start       ] GC(200) Pause Young (Allocation Failure)
[114.408s][info][gc,heap        ] GC(200) DefNew: 561921K(629120K)->1241K(629120K) Eden: 559232K(559232K)->0K(559232K) From: 2689K(69888K)->1241K(69888K)
[114.408s][info][gc,heap        ] GC(200) Tenured: 13002K(1398144K)->14531K(1398144K)
[114.408s][info][gc,metaspace   ] GC(200) Metaspace: 14273K(15104K)->14273K(15104K) NonClass: 12329K(12800K)->12329K(12800K) Class: 1943K(2304K)->1943K(2304K)
[114.408s][info][gc             ] GC(200) Pause Young (Allocation Failure) 561M->15M(1979M) 57.462ms
[114.408s][info][gc,cpu         ] GC(200) User=0.05s Sys=0.00s Real=0.05s
[114.986s][info][gc,start       ] GC(201) Pause Young (Allocation Failure)
[115.043s][info][gc,heap        ] GC(201) DefNew: 560473K(629120K)->1241K(629120K) Eden: 559232K(559232K)->0K(559232K) From: 1241K(69888K)->1241K(69888K)
[115.043s][info][gc,heap        ] GC(201) Tenured: 14531K(1398144K)->14613K(1398144K)
[115.043s][info][gc,metaspace   ] GC(201) Metaspace: 14273K(15104K)->14273K(15104K) NonClass: 12329K(12800K)->12329K(12800K) Class: 1943K(2304K)->1943K(2304K)
[115.043s][info][gc             ] GC(201) Pause Young (Allocation Failure) 561M->15M(1979M) 56.900ms
[115.043s][info][gc,cpu         ] GC(201) User=0.05s Sys=0.00s Real=0.06s
[115.619s][info][gc,start       ] GC(202) Pause Young (Allocation Failure)
[115.661s][info][gc,heap        ] GC(202) DefNew: 560473K(629120K)->1247K(629120K) Eden: 559232K(559232K)->0K(559232K) From: 1241K(69888K)->1247K(69888K)
[115.661s][info][gc,heap        ] GC(202) Tenured: 14613K(1398144K)->14696K(1398144K)
[115.661s][info][gc,metaspace   ] GC(202) Metaspace: 14273K(15104K)->14273K(15104K) NonClass: 12329K(12800K)->12329K(12800K) Class: 1943K(2304K)->1943K(2304K)
[115.661s][info][gc             ] GC(202) Pause Young (Allocation Failure) 561M->15M(1979M) 42.486ms
[115.661s][info][gc,cpu         ] GC(202) User=0.05s Sys=0.00s Real=0.04s
[116.230s][info][gc,start       ] GC(203) Pause Young (Allocation Failure)
[116.275s][info][gc,heap        ] GC(203) DefNew: 560479K(629120K)->1255K(629120K) Eden: 559232K(559232K)->0K(559232K) From: 1247K(69888K)->1255K(69888K)
[116.275s][info][gc,heap        ] GC(203) Tenured: 14696K(1398144K)->14780K(1398144K)
[116.275s][info][gc,metaspace   ] GC(203) Metaspace: 14273K(15104K)->14273K(15104K) NonClass: 12329K(12800K)->12329K(12800K) Class: 1943K(2304K)->1943K(2304K)
[116.275s][info][gc             ] GC(203) Pause Young (Allocation Failure) 561M->15M(1979M) 45.005ms
[116.275s][info][gc,cpu         ] GC(203) User=0.05s Sys=0.00s Real=0.04s
[116.838s][info][gc,start       ] GC(204) Pause Young (Allocation Failure)
[116.883s][info][gc,heap        ] GC(204) DefNew: 560487K(629120K)->1257K(629120K) Eden: 559232K(559232K)->0K(559232K) From: 1255K(69888K)->1257K(69888K)
[116.883s][info][gc,heap        ] GC(204) Tenured: 14780K(1398144K)->14866K(1398144K)
[116.883s][info][gc,metaspace   ] GC(204) Metaspace: 14273K(15104K)->14273K(15104K) NonClass: 12329K(12800K)->12329K(12800K) Class: 1943K(2304K)->1943K(2304K)
[116.883s][info][gc             ] GC(204) Pause Young (Allocation Failure) 561M->15M(1979M) 45.027ms
[116.884s][info][gc,cpu         ] GC(204) User=0.05s Sys=0.00s Real=0.05s
[117.445s][info][gc,start       ] GC(205) Pause Young (Allocation Failure)
[117.490s][info][gc,heap        ] GC(205) DefNew: 560489K(629120K)->1266K(629120K) Eden: 559232K(559232K)->0K(559232K) From: 1257K(69888K)->1266K(69888K)
[117.490s][info][gc,heap        ] GC(205) Tenured: 14866K(1398144K)->14946K(1398144K)
[117.490s][info][gc,metaspace   ] GC(205) Metaspace: 14273K(15104K)->14273K(15104K) NonClass: 12329K(12800K)->12329K(12800K) Class: 1943K(2304K)->1943K(2304K)
[117.490s][info][gc             ] GC(205) Pause Young (Allocation Failure) 561M->15M(1979M) 44.564ms
[117.490s][info][gc,cpu         ] GC(205) User=0.03s Sys=0.00s Real=0.03s
[118.051s][info][gc,start       ] GC(206) Pause Young (Allocation Failure)
[118.109s][info][gc,heap        ] GC(206) DefNew: 560498K(629120K)->1264K(629120K) Eden: 559232K(559232K)->0K(559232K) From: 1266K(69888K)->1264K(69888K)
[118.109s][info][gc,heap        ] GC(206) Tenured: 14946K(1398144K)->15029K(1398144K)
[118.109s][info][gc,metaspace   ] GC(206) Metaspace: 14273K(15104K)->14273K(15104K) NonClass: 12329K(12800K)->12329K(12800K) Class: 1943K(2304K)->1943K(2304K)
[118.109s][info][gc             ] GC(206) Pause Young (Allocation Failure) 561M->15M(1979M) 57.508ms
[118.109s][info][gc,cpu         ] GC(206) User=0.05s Sys=0.00s Real=0.05s
[118.667s][info][gc,start       ] GC(207) Pause Young (Allocation Failure)
[118.726s][info][gc,heap        ] GC(207) DefNew: 560496K(629120K)->1267K(629120K) Eden: 559232K(559232K)->0K(559232K) From: 1264K(69888K)->1267K(69888K)
[118.726s][info][gc,heap        ] GC(207) Tenured: 15029K(1398144K)->15112K(1398144K)
[118.726s][info][gc,metaspace   ] GC(207) Metaspace: 14273K(15104K)->14273K(15104K) NonClass: 12329K(12800K)->12329K(12800K) Class: 1943K(2304K)->1943K(2304K)
[118.726s][info][gc             ] GC(207) Pause Young (Allocation Failure) 562M->15M(1979M) 58.855ms
[118.726s][info][gc,cpu         ] GC(207) User=0.06s Sys=0.00s Real=0.06s
[119.299s][info][gc,start       ] GC(208) Pause Young (Allocation Failure)
[119.348s][info][gc,heap        ] GC(208) DefNew: 560499K(629120K)->1273K(629120K) Eden: 559232K(559232K)->0K(559232K) From: 1267K(69888K)->1273K(69888K)
[119.348s][info][gc,heap        ] GC(208) Tenured: 15112K(1398144K)->15191K(1398144K)
[119.348s][info][gc,metaspace   ] GC(208) Metaspace: 14273K(15104K)->14273K(15104K) NonClass: 12329K(12800K)->12329K(12800K) Class: 1943K(2304K)->1943K(2304K)
[119.348s][info][gc             ] GC(208) Pause Young (Allocation Failure) 562M->16M(1979M) 49.165ms
[119.348s][info][gc,cpu         ] GC(208) User=0.05s Sys=0.00s Real=0.05s
[119.923s][info][gc,start       ] GC(209) Pause Young (Allocation Failure)
[119.966s][info][gc,heap        ] GC(209) DefNew: 560505K(629120K)->1281K(629120K) Eden: 559232K(559232K)->0K(559232K) From: 1273K(69888K)->1281K(69888K)
[119.966s][info][gc,heap        ] GC(209) Tenured: 15191K(1398144K)->15271K(1398144K)
[119.966s][info][gc,metaspace   ] GC(209) Metaspace: 14273K(15104K)->14273K(15104K) NonClass: 12329K(12800K)->12329K(12800K) Class: 1943K(2304K)->1943K(2304K)
[119.966s][info][gc             ] GC(209) Pause Young (Allocation Failure) 562M->16M(1979M) 43.409ms
[119.966s][info][gc,cpu         ] GC(209) User=0.03s Sys=0.00s Real=0.04s
[120.528s][info][gc,start       ] GC(210) Pause Young (Allocation Failure)
[120.572s][info][gc,heap        ] GC(210) DefNew: 560513K(629120K)->1287K(629120K) Eden: 559232K(559232K)->0K(559232K) From: 1281K(69888K)->1287K(69888K)
[120.572s][info][gc,heap        ] GC(210) Tenured: 15271K(1398144K)->15354K(1398144K)
[120.572s][info][gc,metaspace   ] GC(210) Metaspace: 14273K(15104K)->14273K(15104K) NonClass: 12329K(12800K)->12329K(12800K) Class: 1943K(2304K)->1943K(2304K)
[120.572s][info][gc             ] GC(210) Pause Young (Allocation Failure) 562M->16M(1979M) 44.706ms
[120.572s][info][gc,cpu         ] GC(210) User=0.05s Sys=0.00s Real=0.05s
[121.128s][info][gc,start       ] GC(211) Pause Young (Allocation Failure)
[121.187s][info][gc,heap        ] GC(211) DefNew: 560519K(629120K)->1295K(629120K) Eden: 559232K(559232K)->0K(559232K) From: 1287K(69888K)->1295K(69888K)
[121.187s][info][gc,heap        ] GC(211) Tenured: 15354K(1398144K)->15434K(1398144K)
[121.187s][info][gc,metaspace   ] GC(211) Metaspace: 14273K(15104K)->14273K(15104K) NonClass: 12329K(12800K)->12329K(12800K) Class: 1943K(2304K)->1943K(2304K)
[121.187s][info][gc             ] GC(211) Pause Young (Allocation Failure) 562M->16M(1979M) 59.606ms
[121.187s][info][gc,cpu         ] GC(211) User=0.06s Sys=0.00s Real=0.06s
[121.694s][info][gc,start       ] GC(212) Pause Young (Allocation Failure)
[121.753s][info][gc,heap        ] GC(212) DefNew: 560527K(629120K)->1288K(629120K) Eden: 559232K(559232K)->0K(559232K) From: 1295K(69888K)->1288K(69888K)
[121.753s][info][gc,heap        ] GC(212) Tenured: 15434K(1398144K)->15514K(1398144K)
[121.753s][info][gc,metaspace   ] GC(212) Metaspace: 14273K(15104K)->14273K(15104K) NonClass: 12329K(12800K)->12329K(12800K) Class: 1943K(2304K)->1943K(2304K)
[121.753s][info][gc             ] GC(212) Pause Young (Allocation Failure) 562M->16M(1979M) 59.122ms
[121.753s][info][gc,cpu         ] GC(212) User=0.05s Sys=0.00s Real=0.05s
[122.055s][info][gc,start       ] GC(213) Pause Full (System.gc())
[122.055s][info][gc,phases,start] GC(213) Phase 1: Mark live objects
[122.098s][info][gc,phases      ] GC(213) Phase 1: Mark live objects 42.515ms
[122.098s][info][gc,phases,start] GC(213) Phase 2: Compute new object addresses
[122.172s][info][gc,phases      ] GC(213) Phase 2: Compute new object addresses 73.819ms
[122.186s][info][gc,phases,start] GC(213) Phase 3: Adjust pointers
[122.207s][info][gc,phases      ] GC(213) Phase 3: Adjust pointers 20.853ms
[122.207s][info][gc,phases,start] GC(213) Phase 4: Move objects
[122.207s][info][gc,phases      ] GC(213) Phase 4: Move objects 0.027ms
[122.207s][info][gc,heap        ] GC(213) DefNew: 313625K(629120K)->0K(629120K) Eden: 312337K(559232K)->0K(559232K) From: 1288K(69888K)->0K(69888K)
[122.207s][info][gc,heap        ] GC(213) Tenured: 15514K(1398144K)->5365K(1398144K)
[122.207s][info][gc,metaspace   ] GC(213) Metaspace: 14274K(15104K)->14274K(15104K) NonClass: 12330K(12800K)->12330K(12800K) Class: 1943K(2304K)->1943K(2304K)
[122.208s][info][gc             ] GC(213) Pause Full (System.gc()) 321M->5M(1979M) 152.406ms
[122.208s][info][gc,cpu         ] GC(213) User=0.13s Sys=0.00s Real=0.14s
[122.699s][info][gc,start       ] GC(214) Pause Young (Allocation Failure)
[122.748s][info][gc,heap        ] GC(214) DefNew: 559232K(629120K)->1536K(629120K) Eden: 559232K(559232K)->0K(559232K) From: 0K(69888K)->1536K(69888K)
[122.748s][info][gc,heap        ] GC(214) Tenured: 5365K(1398144K)->5365K(1398144K)
[122.748s][info][gc,metaspace   ] GC(214) Metaspace: 14275K(15104K)->14275K(15104K) NonClass: 12331K(12800K)->12331K(12800K) Class: 1943K(2304K)->1943K(2304K)
[122.748s][info][gc             ] GC(214) Pause Young (Allocation Failure) 551M->6M(1979M) 49.353ms
[122.748s][info][gc,cpu         ] GC(214) User=0.05s Sys=0.00s Real=0.05s
[123.273s][info][gc,start       ] GC(215) Pause Young (Allocation Failure)
[123.322s][info][gc,heap        ] GC(215) DefNew: 560768K(629120K)->1617K(629120K) Eden: 559232K(559232K)->0K(559232K) From: 1536K(69888K)->1617K(69888K)
[123.322s][info][gc,heap        ] GC(215) Tenured: 5365K(1398144K)->5365K(1398144K)
[123.322s][info][gc,metaspace   ] GC(215) Metaspace: 14275K(15104K)->14275K(15104K) NonClass: 12331K(12800K)->12331K(12800K) Class: 1943K(2304K)->1943K(2304K)
[123.322s][info][gc             ] GC(215) Pause Young (Allocation Failure) 552M->6M(1979M) 49.746ms
[123.322s][info][gc,cpu         ] GC(215) User=0.05s Sys=0.00s Real=0.04s
[123.866s][info][gc,start       ] GC(216) Pause Young (Allocation Failure)
[123.909s][info][gc,heap        ] GC(216) DefNew: 560849K(629120K)->1700K(629120K) Eden: 559232K(559232K)->0K(559232K) From: 1617K(69888K)->1700K(69888K)
[123.909s][info][gc,heap        ] GC(216) Tenured: 5365K(1398144K)->5365K(1398144K)
[123.909s][info][gc,metaspace   ] GC(216) Metaspace: 14275K(15104K)->14275K(15104K) NonClass: 12331K(12800K)->12331K(12800K) Class: 1943K(2304K)->1943K(2304K)
[123.909s][info][gc             ] GC(216) Pause Young (Allocation Failure) 552M->6M(1979M) 43.364ms
[123.909s][info][gc,cpu         ] GC(216) User=0.03s Sys=0.00s Real=0.04s
[124.430s][info][gc,start       ] GC(217) Pause Young (Allocation Failure)
[124.473s][info][gc,heap        ] GC(217) DefNew: 560932K(629120K)->1782K(629120K) Eden: 559232K(559232K)->0K(559232K) From: 1700K(69888K)->1782K(69888K)
[124.473s][info][gc,heap        ] GC(217) Tenured: 5365K(1398144K)->5365K(1398144K)
[124.473s][info][gc,metaspace   ] GC(217) Metaspace: 14275K(15104K)->14275K(15104K) NonClass: 12331K(12800K)->12331K(12800K) Class: 1943K(2304K)->1943K(2304K)
[124.473s][info][gc             ] GC(217) Pause Young (Allocation Failure) 553M->6M(1979M) 43.227ms
[124.473s][info][gc,cpu         ] GC(217) User=0.05s Sys=0.00s Real=0.04s
[124.995s][info][gc,start       ] GC(218) Pause Young (Allocation Failure)
[125.040s][info][gc,heap        ] GC(218) DefNew: 561014K(629120K)->1863K(629120K) Eden: 559232K(559232K)->0K(559232K) From: 1782K(69888K)->1863K(69888K)
[125.040s][info][gc,heap        ] GC(218) Tenured: 5365K(1398144K)->5365K(1398144K)
[125.040s][info][gc,metaspace   ] GC(218) Metaspace: 14275K(15104K)->14275K(15104K) NonClass: 12331K(12800K)->12331K(12800K) Class: 1943K(2304K)->1943K(2304K)
[125.040s][info][gc             ] GC(218) Pause Young (Allocation Failure) 553M->7M(1979M) 45.503ms
[125.040s][info][gc,cpu         ] GC(218) User=0.03s Sys=0.00s Real=0.03s
[125.578s][info][gc,start       ] GC(219) Pause Young (Allocation Failure)
[125.632s][info][gc,heap        ] GC(219) DefNew: 561095K(629120K)->1947K(629120K) Eden: 559232K(559232K)->0K(559232K) From: 1863K(69888K)->1947K(69888K)
[125.632s][info][gc,heap        ] GC(219) Tenured: 5365K(1398144K)->5365K(1398144K)
[125.632s][info][gc,metaspace   ] GC(219) Metaspace: 14275K(15104K)->14275K(15104K) NonClass: 12331K(12800K)->12331K(12800K) Class: 1943K(2304K)->1943K(2304K)
[125.632s][info][gc             ] GC(219) Pause Young (Allocation Failure) 553M->7M(1979M) 53.763ms
[125.632s][info][gc,cpu         ] GC(219) User=0.05s Sys=0.00s Real=0.05s
[126.191s][info][gc,start       ] GC(220) Pause Young (Allocation Failure)
[126.242s][info][gc,heap        ] GC(220) DefNew: 561179K(629120K)->2032K(629120K) Eden: 559232K(559232K)->0K(559232K) From: 1947K(69888K)->2032K(69888K)
[126.242s][info][gc,heap        ] GC(220) Tenured: 5365K(1398144K)->5365K(1398144K)
[126.242s][info][gc,metaspace   ] GC(220) Metaspace: 14275K(15104K)->14275K(15104K) NonClass: 12331K(12800K)->12331K(12800K) Class: 1943K(2304K)->1943K(2304K)
[126.242s][info][gc             ] GC(220) Pause Young (Allocation Failure) 553M->7M(1979M) 50.955ms
[126.242s][info][gc,cpu         ] GC(220) User=0.03s Sys=0.00s Real=0.04s
[126.773s][info][gc,start       ] GC(221) Pause Young (Allocation Failure)
[126.823s][info][gc,heap        ] GC(221) DefNew: 561264K(629120K)->2116K(629120K) Eden: 559232K(559232K)->0K(559232K) From: 2032K(69888K)->2116K(69888K)
[126.823s][info][gc,heap        ] GC(221) Tenured: 5365K(1398144K)->5365K(1398144K)
[126.823s][info][gc,metaspace   ] GC(221) Metaspace: 14275K(15104K)->14275K(15104K) NonClass: 12331K(12800K)->12331K(12800K) Class: 1943K(2304K)->1943K(2304K)
[126.823s][info][gc             ] GC(221) Pause Young (Allocation Failure) 553M->7M(1979M) 50.506ms
[126.823s][info][gc,cpu         ] GC(221) User=0.05s Sys=0.00s Real=0.05s
[127.369s][info][gc,start       ] GC(222) Pause Young (Allocation Failure)
[127.413s][info][gc,heap        ] GC(222) DefNew: 561348K(629120K)->2204K(629120K) Eden: 559232K(559232K)->0K(559232K) From: 2116K(69888K)->2204K(69888K)
[127.413s][info][gc,heap        ] GC(222) Tenured: 5365K(1398144K)->5365K(1398144K)
[127.413s][info][gc,metaspace   ] GC(222) Metaspace: 14275K(15104K)->14275K(15104K) NonClass: 12331K(12800K)->12331K(12800K) Class: 1943K(2304K)->1943K(2304K)
[127.413s][info][gc             ] GC(222) Pause Young (Allocation Failure) 553M->7M(1979M) 43.450ms
[127.413s][info][gc,cpu         ] GC(222) User=0.05s Sys=0.00s Real=0.04s
[127.930s][info][gc,start       ] GC(223) Pause Young (Allocation Failure)
[127.985s][info][gc,heap        ] GC(223) DefNew: 561436K(629120K)->2282K(629120K) Eden: 559232K(559232K)->0K(559232K) From: 2204K(69888K)->2282K(69888K)
[127.985s][info][gc,heap        ] GC(223) Tenured: 5365K(1398144K)->5365K(1398144K)
[127.985s][info][gc,metaspace   ] GC(223) Metaspace: 14275K(15104K)->14275K(15104K) NonClass: 12331K(12800K)->12331K(12800K) Class: 1943K(2304K)->1943K(2304K)
[127.986s][info][gc             ] GC(223) Pause Young (Allocation Failure) 553M->7M(1979M) 55.216ms
[127.986s][info][gc,cpu         ] GC(223) User=0.06s Sys=0.00s Real=0.05s
[128.536s][info][gc,start       ] GC(224) Pause Young (Allocation Failure)
[128.593s][info][gc,heap        ] GC(224) DefNew: 561514K(629120K)->2368K(629120K) Eden: 559232K(559232K)->0K(559232K) From: 2282K(69888K)->2368K(69888K)
[128.593s][info][gc,heap        ] GC(224) Tenured: 5365K(1398144K)->5365K(1398144K)
[128.593s][info][gc,metaspace   ] GC(224) Metaspace: 14275K(15104K)->14275K(15104K) NonClass: 12331K(12800K)->12331K(12800K) Class: 1943K(2304K)->1943K(2304K)
[128.594s][info][gc             ] GC(224) Pause Young (Allocation Failure) 553M->7M(1979M) 57.653ms
[128.594s][info][gc,cpu         ] GC(224) User=0.05s Sys=0.00s Real=0.04s
[129.260s][info][gc,start       ] GC(225) Pause Young (Allocation Failure)
[129.320s][info][gc,heap        ] GC(225) DefNew: 561600K(629120K)->2455K(629120K) Eden: 559232K(559232K)->0K(559232K) From: 2368K(69888K)->2455K(69888K)
[129.320s][info][gc,heap        ] GC(225) Tenured: 5365K(1398144K)->5365K(1398144K)
[129.320s][info][gc,metaspace   ] GC(225) Metaspace: 14275K(15104K)->14275K(15104K) NonClass: 12331K(12800K)->12331K(12800K) Class: 1943K(2304K)->1943K(2304K)
[129.320s][info][gc             ] GC(225) Pause Young (Allocation Failure) 553M->7M(1979M) 59.894ms
[129.320s][info][gc,cpu         ] GC(225) User=0.05s Sys=0.00s Real=0.05s
[129.880s][info][gc,start       ] GC(226) Pause Young (Allocation Failure)
[129.922s][info][gc,heap        ] GC(226) DefNew: 561687K(629120K)->2541K(629120K) Eden: 559232K(559232K)->0K(559232K) From: 2455K(69888K)->2541K(69888K)
[129.922s][info][gc,heap        ] GC(226) Tenured: 5365K(1398144K)->5365K(1398144K)
[129.922s][info][gc,metaspace   ] GC(226) Metaspace: 14275K(15104K)->14275K(15104K) NonClass: 12331K(12800K)->12331K(12800K) Class: 1943K(2304K)->1943K(2304K)
[129.922s][info][gc             ] GC(226) Pause Young (Allocation Failure) 553M->7M(1979M) 41.665ms
[129.922s][info][gc,cpu         ] GC(226) User=0.03s Sys=0.00s Real=0.03s
[130.469s][info][gc,start       ] GC(227) Pause Young (Allocation Failure)
[130.511s][info][gc,heap        ] GC(227) DefNew: 561773K(629120K)->2624K(629120K) Eden: 559232K(559232K)->0K(559232K) From: 2541K(69888K)->2624K(69888K)
[130.511s][info][gc,heap        ] GC(227) Tenured: 5365K(1398144K)->5365K(1398144K)
[130.511s][info][gc,metaspace   ] GC(227) Metaspace: 14275K(15104K)->14275K(15104K) NonClass: 12331K(12800K)->12331K(12800K) Class: 1943K(2304K)->1943K(2304K)
[130.511s][info][gc             ] GC(227) Pause Young (Allocation Failure) 553M->7M(1979M) 41.901ms
[130.511s][info][gc,cpu         ] GC(227) User=0.03s Sys=0.00s Real=0.03s
[131.062s][info][gc,start       ] GC(228) Pause Young (Allocation Failure)
[131.110s][info][gc,heap        ] GC(228) DefNew: 561856K(629120K)->2709K(629120K) Eden: 559232K(559232K)->0K(559232K) From: 2624K(69888K)->2709K(69888K)
[131.110s][info][gc,heap        ] GC(228) Tenured: 5365K(1398144K)->5365K(1398144K)
[131.110s][info][gc,metaspace   ] GC(228) Metaspace: 14275K(15104K)->14275K(15104K) NonClass: 12331K(12800K)->12331K(12800K) Class: 1943K(2304K)->1943K(2304K)
[131.110s][info][gc             ] GC(228) Pause Young (Allocation Failure) 553M->7M(1979M) 48.382ms
[131.110s][info][gc,cpu         ] GC(228) User=0.03s Sys=0.00s Real=0.04s
[131.627s][info][gc,start       ] GC(229) Pause Young (Allocation Failure)
[131.683s][info][gc,heap        ] GC(229) DefNew: 561941K(629120K)->1262K(629120K) Eden: 559232K(559232K)->0K(559232K) From: 2709K(69888K)->1262K(69888K)
[131.683s][info][gc,heap        ] GC(229) Tenured: 5365K(1398144K)->6893K(1398144K)
[131.683s][info][gc,metaspace   ] GC(229) Metaspace: 14275K(15104K)->14275K(15104K) NonClass: 12331K(12800K)->12331K(12800K) Class: 1943K(2304K)->1943K(2304K)
[131.683s][info][gc             ] GC(229) Pause Young (Allocation Failure) 554M->7M(1979M) 56.026ms
[131.683s][info][gc,cpu         ] GC(229) User=0.05s Sys=0.00s Real=0.05s
[132.207s][info][gc,start       ] GC(230) Pause Young (Allocation Failure)
[132.261s][info][gc,heap        ] GC(230) DefNew: 560494K(629120K)->1262K(629120K) Eden: 559232K(559232K)->0K(559232K) From: 1262K(69888K)->1262K(69888K)
[132.261s][info][gc,heap        ] GC(230) Tenured: 6893K(1398144K)->6973K(1398144K)
[132.261s][info][gc,metaspace   ] GC(230) Metaspace: 14275K(15104K)->14275K(15104K) NonClass: 12331K(12800K)->12331K(12800K) Class: 1943K(2304K)->1943K(2304K)
[132.261s][info][gc             ] GC(230) Pause Young (Allocation Failure) 554M->8M(1979M) 53.949ms
[132.261s][info][gc,cpu         ] GC(230) User=0.05s Sys=0.00s Real=0.05s
[132.783s][info][gc,start       ] GC(231) Pause Young (Allocation Failure)
[132.841s][info][gc,heap        ] GC(231) DefNew: 560494K(629120K)->1260K(629120K) Eden: 559232K(559232K)->0K(559232K) From: 1262K(69888K)->1260K(69888K)
[132.841s][info][gc,heap        ] GC(231) Tenured: 6973K(1398144K)->7056K(1398144K)
[132.841s][info][gc,metaspace   ] GC(231) Metaspace: 14275K(15104K)->14275K(15104K) NonClass: 12331K(12800K)->12331K(12800K) Class: 1943K(2304K)->1943K(2304K)
[132.841s][info][gc             ] GC(231) Pause Young (Allocation Failure) 554M->8M(1979M) 57.802ms
[132.841s][info][gc,cpu         ] GC(231) User=0.05s Sys=0.00s Real=0.06s
[133.370s][info][gc,start       ] GC(232) Pause Young (Allocation Failure)
[133.424s][info][gc,heap        ] GC(232) DefNew: 560492K(629120K)->1260K(629120K) Eden: 559232K(559232K)->0K(559232K) From: 1260K(69888K)->1260K(69888K)
[133.424s][info][gc,heap        ] GC(232) Tenured: 7056K(1398144K)->7139K(1398144K)
[133.424s][info][gc,metaspace   ] GC(232) Metaspace: 14275K(15104K)->14275K(15104K) NonClass: 12331K(12800K)->12331K(12800K) Class: 1943K(2304K)->1943K(2304K)
[133.424s][info][gc             ] GC(232) Pause Young (Allocation Failure) 554M->8M(1979M) 54.405ms
[133.424s][info][gc,cpu         ] GC(232) User=0.05s Sys=0.00s Real=0.05s
[133.974s][info][gc,start       ] GC(233) Pause Young (Allocation Failure)
[134.021s][info][gc,heap        ] GC(233) DefNew: 560492K(629120K)->1266K(629120K) Eden: 559232K(559232K)->0K(559232K) From: 1260K(69888K)->1266K(69888K)
[134.022s][info][gc,heap        ] GC(233) Tenured: 7139K(1398144K)->7219K(1398144K)
[134.022s][info][gc,metaspace   ] GC(233) Metaspace: 14275K(15104K)->14275K(15104K) NonClass: 12331K(12800K)->12331K(12800K) Class: 1943K(2304K)->1943K(2304K)
[134.022s][info][gc             ] GC(233) Pause Young (Allocation Failure) 554M->8M(1979M) 47.495ms
[134.022s][info][gc,cpu         ] GC(233) User=0.05s Sys=0.00s Real=0.04s
[134.543s][info][gc,start       ] GC(234) Pause Young (Allocation Failure)
[134.587s][info][gc,heap        ] GC(234) DefNew: 560498K(629120K)->1263K(629120K) Eden: 559232K(559232K)->0K(559232K) From: 1266K(69888K)->1263K(69888K)
[134.587s][info][gc,heap        ] GC(234) Tenured: 7219K(1398144K)->7302K(1398144K)
[134.587s][info][gc,metaspace   ] GC(234) Metaspace: 14275K(15104K)->14275K(15104K) NonClass: 12331K(12800K)->12331K(12800K) Class: 1943K(2304K)->1943K(2304K)
[134.587s][info][gc             ] GC(234) Pause Young (Allocation Failure) 554M->8M(1979M) 43.564ms
[134.587s][info][gc,cpu         ] GC(234) User=0.05s Sys=0.00s Real=0.03s
[135.108s][info][gc,start       ] GC(235) Pause Young (Allocation Failure)
[135.162s][info][gc,heap        ] GC(235) DefNew: 560495K(629120K)->1257K(629120K) Eden: 559232K(559232K)->0K(559232K) From: 1263K(69888K)->1257K(69888K)
[135.162s][info][gc,heap        ] GC(235) Tenured: 7302K(1398144K)->7388K(1398144K)
[135.162s][info][gc,metaspace   ] GC(235) Metaspace: 14275K(15104K)->14275K(15104K) NonClass: 12331K(12800K)->12331K(12800K) Class: 1943K(2304K)->1943K(2304K)
[135.162s][info][gc             ] GC(235) Pause Young (Allocation Failure) 554M->8M(1979M) 53.952ms
[135.162s][info][gc,cpu         ] GC(235) User=0.05s Sys=0.00s Real=0.04s
[135.686s][info][gc,start       ] GC(236) Pause Young (Allocation Failure)
[135.740s][info][gc,heap        ] GC(236) DefNew: 560489K(629120K)->1253K(629120K) Eden: 559232K(559232K)->0K(559232K) From: 1257K(69888K)->1253K(69888K)
[135.740s][info][gc,heap        ] GC(236) Tenured: 7388K(1398144K)->7471K(1398144K)
[135.740s][info][gc,metaspace   ] GC(236) Metaspace: 14275K(15104K)->14275K(15104K) NonClass: 12331K(12800K)->12331K(12800K) Class: 1943K(2304K)->1943K(2304K)
[135.740s][info][gc             ] GC(236) Pause Young (Allocation Failure) 554M->8M(1979M) 53.751ms
[135.740s][info][gc,cpu         ] GC(236) User=0.06s Sys=0.00s Real=0.05s
[136.270s][info][gc,start       ] GC(237) Pause Young (Allocation Failure)
[136.314s][info][gc,heap        ] GC(237) DefNew: 560485K(629120K)->1253K(629120K) Eden: 559232K(559232K)->0K(559232K) From: 1253K(69888K)->1253K(69888K)
[136.315s][info][gc,heap        ] GC(237) Tenured: 7471K(1398144K)->7557K(1398144K)
[136.315s][info][gc,metaspace   ] GC(237) Metaspace: 14275K(15104K)->14275K(15104K) NonClass: 12331K(12800K)->12331K(12800K) Class: 1943K(2304K)->1943K(2304K)
[136.315s][info][gc             ] GC(237) Pause Young (Allocation Failure) 554M->8M(1979M) 44.853ms
[136.315s][info][gc,cpu         ] GC(237) User=0.03s Sys=0.00s Real=0.03s
[136.836s][info][gc,start       ] GC(238) Pause Young (Allocation Failure)
[136.879s][info][gc,heap        ] GC(238) DefNew: 560485K(629120K)->1254K(629120K) Eden: 559232K(559232K)->0K(559232K) From: 1253K(69888K)->1254K(69888K)
[136.880s][info][gc,heap        ] GC(238) Tenured: 7557K(1398144K)->7637K(1398144K)
[136.880s][info][gc,metaspace   ] GC(238) Metaspace: 14275K(15104K)->14275K(15104K) NonClass: 12331K(12800K)->12331K(12800K) Class: 1943K(2304K)->1943K(2304K)
[136.880s][info][gc             ] GC(238) Pause Young (Allocation Failure) 554M->8M(1979M) 43.409ms
[136.880s][info][gc,cpu         ] GC(238) User=0.03s Sys=0.00s Real=0.04s
[137.425s][info][gc,start       ] GC(239) Pause Young (Allocation Failure)
[137.465s][info][gc,heap        ] GC(239) DefNew: 560486K(629120K)->1254K(629120K) Eden: 559232K(559232K)->0K(559232K) From: 1254K(69888K)->1254K(69888K)
[137.466s][info][gc,heap        ] GC(239) Tenured: 7637K(1398144K)->7723K(1398144K)
[137.466s][info][gc,metaspace   ] GC(239) Metaspace: 14275K(15104K)->14275K(15104K) NonClass: 12331K(12800K)->12331K(12800K) Class: 1943K(2304K)->1943K(2304K)
[137.466s][info][gc             ] GC(239) Pause Young (Allocation Failure) 554M->8M(1979M) 40.976ms
[137.466s][info][gc,cpu         ] GC(239) User=0.03s Sys=0.00s Real=0.03s
[137.995s][info][gc,start       ] GC(240) Pause Young (Allocation Failure)
[138.037s][info][gc,heap        ] GC(240) DefNew: 560486K(629120K)->1249K(629120K) Eden: 559232K(559232K)->0K(559232K) From: 1254K(69888K)->1249K(69888K)
[138.037s][info][gc,heap        ] GC(240) Tenured: 7723K(1398144K)->7809K(1398144K)
[138.037s][info][gc,metaspace   ] GC(240) Metaspace: 14275K(15104K)->14275K(15104K) NonClass: 12331K(12800K)->12331K(12800K) Class: 1943K(2304K)->1943K(2304K)
[138.038s][info][gc             ] GC(240) Pause Young (Allocation Failure) 554M->8M(1979M) 42.999ms
[138.038s][info][gc,cpu         ] GC(240) User=0.05s Sys=0.00s Real=0.04s
[138.477s][info][gc,start       ] GC(241) Pause Young (Allocation Failure)
[138.525s][info][gc,heap        ] GC(241) DefNew: 560481K(629120K)->1228K(629120K) Eden: 559232K(559232K)->0K(559232K) From: 1249K(69888K)->1228K(69888K)
[138.525s][info][gc,heap        ] GC(241) Tenured: 7809K(1398144K)->7896K(1398144K)
[138.525s][info][gc,metaspace   ] GC(241) Metaspace: 14275K(15104K)->14275K(15104K) NonClass: 12331K(12800K)->12331K(12800K) Class: 1943K(2304K)->1943K(2304K)
[138.525s][info][gc             ] GC(241) Pause Young (Allocation Failure) 554M->8M(1979M) 48.076ms
[138.525s][info][gc,cpu         ] GC(241) User=0.03s Sys=0.00s Real=0.04s
[138.898s][info][gc,start       ] GC(242) Pause Full (System.gc())
[138.898s][info][gc,phases,start] GC(242) Phase 1: Mark live objects
[138.947s][info][gc,phases      ] GC(242) Phase 1: Mark live objects 48.627ms
[138.947s][info][gc,phases,start] GC(242) Phase 2: Compute new object addresses
[139.046s][info][gc,phases      ] GC(242) Phase 2: Compute new object addresses 98.986ms
[139.046s][info][gc,phases,start] GC(242) Phase 3: Adjust pointers
[139.068s][info][gc,phases      ] GC(242) Phase 3: Adjust pointers 21.899ms
[139.068s][info][gc,phases,start] GC(242) Phase 4: Move objects
[139.068s][info][gc,phases      ] GC(242) Phase 4: Move objects 0.013ms
[139.068s][info][gc,heap        ] GC(242) DefNew: 416256K(629120K)->0K(629120K) Eden: 415027K(559232K)->0K(559232K) From: 1228K(69888K)->0K(69888K)
[139.068s][info][gc,heap        ] GC(242) Tenured: 7896K(1398144K)->7896K(1398144K)
[139.068s][info][gc,metaspace   ] GC(242) Metaspace: 14275K(15104K)->14275K(15104K) NonClass: 12331K(12800K)->12331K(12800K) Class: 1943K(2304K)->1943K(2304K)
[139.068s][info][gc             ] GC(242) Pause Full (System.gc()) 414M->7M(1979M) 169.934ms
[139.068s][info][gc,cpu         ] GC(242) User=0.16s Sys=0.00s Real=0.16s
[139.547s][info][gc,start       ] GC(243) Pause Young (Allocation Failure)
[139.602s][info][gc,heap        ] GC(243) DefNew: 559232K(629120K)->1536K(629120K) Eden: 559232K(559232K)->0K(559232K) From: 0K(69888K)->1536K(69888K)
[139.602s][info][gc,heap        ] GC(243) Tenured: 7896K(1398144K)->7896K(1398144K)
[139.602s][info][gc,metaspace   ] GC(243) Metaspace: 14275K(15104K)->14275K(15104K) NonClass: 12331K(12800K)->12331K(12800K) Class: 1943K(2304K)->1943K(2304K)
[139.602s][info][gc             ] GC(243) Pause Young (Allocation Failure) 553M->9M(1979M) 54.542ms
[139.602s][info][gc,cpu         ] GC(243) User=0.05s Sys=0.00s Real=0.05s
[140.146s][info][gc,start       ] GC(244) Pause Young (Allocation Failure)
[140.196s][info][gc,heap        ] GC(244) DefNew: 560768K(629120K)->1623K(629120K) Eden: 559232K(559232K)->0K(559232K) From: 1536K(69888K)->1623K(69888K)
[140.196s][info][gc,heap        ] GC(244) Tenured: 7896K(1398144K)->7896K(1398144K)
[140.196s][info][gc,metaspace   ] GC(244) Metaspace: 14275K(15104K)->14275K(15104K) NonClass: 12331K(12800K)->12331K(12800K) Class: 1943K(2304K)->1943K(2304K)
[140.196s][info][gc             ] GC(244) Pause Young (Allocation Failure) 555M->9M(1979M) 50.025ms
[140.196s][info][gc,cpu         ] GC(244) User=0.05s Sys=0.00s Real=0.05s
[140.756s][info][gc,start       ] GC(245) Pause Young (Allocation Failure)
[140.798s][info][gc,heap        ] GC(245) DefNew: 560855K(629120K)->1710K(629120K) Eden: 559232K(559232K)->0K(559232K) From: 1623K(69888K)->1710K(69888K)
[140.798s][info][gc,heap        ] GC(245) Tenured: 7896K(1398144K)->7896K(1398144K)
[140.798s][info][gc,metaspace   ] GC(245) Metaspace: 14275K(15104K)->14275K(15104K) NonClass: 12331K(12800K)->12331K(12800K) Class: 1943K(2304K)->1943K(2304K)
[140.798s][info][gc             ] GC(245) Pause Young (Allocation Failure) 555M->9M(1979M) 41.678ms
[140.798s][info][gc,cpu         ] GC(245) User=0.03s Sys=0.00s Real=0.03s
[141.340s][info][gc,start       ] GC(246) Pause Young (Allocation Failure)
[141.382s][info][gc,heap        ] GC(246) DefNew: 560942K(629120K)->1794K(629120K) Eden: 559232K(559232K)->0K(559232K) From: 1710K(69888K)->1794K(69888K)
[141.382s][info][gc,heap        ] GC(246) Tenured: 7896K(1398144K)->7896K(1398144K)
[141.382s][info][gc,metaspace   ] GC(246) Metaspace: 14275K(15104K)->14275K(15104K) NonClass: 12331K(12800K)->12331K(12800K) Class: 1943K(2304K)->1943K(2304K)
[141.382s][info][gc             ] GC(246) Pause Young (Allocation Failure) 555M->9M(1979M) 42.556ms
[141.382s][info][gc,cpu         ] GC(246) User=0.05s Sys=0.00s Real=0.04s
[141.924s][info][gc,start       ] GC(247) Pause Young (Allocation Failure)
[141.968s][info][gc,heap        ] GC(247) DefNew: 561026K(629120K)->1873K(629120K) Eden: 559232K(559232K)->0K(559232K) From: 1794K(69888K)->1873K(69888K)
[141.968s][info][gc,heap        ] GC(247) Tenured: 7896K(1398144K)->7896K(1398144K)
[141.968s][info][gc,metaspace   ] GC(247) Metaspace: 14275K(15104K)->14275K(15104K) NonClass: 12331K(12800K)->12331K(12800K) Class: 1943K(2304K)->1943K(2304K)
[141.968s][info][gc             ] GC(247) Pause Young (Allocation Failure) 555M->9M(1979M) 43.864ms
[141.968s][info][gc,cpu         ] GC(247) User=0.03s Sys=0.00s Real=0.04s
[142.510s][info][gc,start       ] GC(248) Pause Young (Allocation Failure)
[142.567s][info][gc,heap        ] GC(248) DefNew: 561105K(629120K)->1960K(629120K) Eden: 559232K(559232K)->0K(559232K) From: 1873K(69888K)->1960K(69888K)
[142.567s][info][gc,heap        ] GC(248) Tenured: 7896K(1398144K)->7896K(1398144K)
[142.567s][info][gc,metaspace   ] GC(248) Metaspace: 14275K(15104K)->14275K(15104K) NonClass: 12331K(12800K)->12331K(12800K) Class: 1943K(2304K)->1943K(2304K)
[142.567s][info][gc             ] GC(248) Pause Young (Allocation Failure) 555M->9M(1979M) 57.210ms
[142.567s][info][gc,cpu         ] GC(248) User=0.05s Sys=0.00s Real=0.05s
[143.101s][info][gc,start       ] GC(249) Pause Young (Allocation Failure)
[143.156s][info][gc,heap        ] GC(249) DefNew: 561192K(629120K)->2043K(629120K) Eden: 559232K(559232K)->0K(559232K) From: 1960K(69888K)->2043K(69888K)
[143.156s][info][gc,heap        ] GC(249) Tenured: 7896K(1398144K)->7896K(1398144K)
[143.156s][info][gc,metaspace   ] GC(249) Metaspace: 14275K(15104K)->14275K(15104K) NonClass: 12331K(12800K)->12331K(12800K) Class: 1943K(2304K)->1943K(2304K)
[143.156s][info][gc             ] GC(249) Pause Young (Allocation Failure) 555M->9M(1979M) 55.020ms
[143.156s][info][gc,cpu         ] GC(249) User=0.05s Sys=0.00s Real=0.05s
[143.804s][info][gc,start       ] GC(250) Pause Young (Allocation Failure)
[143.857s][info][gc,heap        ] GC(250) DefNew: 561275K(629120K)->2132K(629120K) Eden: 559232K(559232K)->0K(559232K) From: 2043K(69888K)->2132K(69888K)
[143.857s][info][gc,heap        ] GC(250) Tenured: 7896K(1398144K)->7896K(1398144K)
[143.857s][info][gc,metaspace   ] GC(250) Metaspace: 14275K(15104K)->14275K(15104K) NonClass: 12331K(12800K)->12331K(12800K) Class: 1943K(2304K)->1943K(2304K)
[143.857s][info][gc             ] GC(250) Pause Young (Allocation Failure) 555M->9M(1979M) 52.771ms
[143.857s][info][gc,cpu         ] GC(250) User=0.05s Sys=0.00s Real=0.05s
[144.408s][info][gc,start       ] GC(251) Pause Young (Allocation Failure)
[144.451s][info][gc,heap        ] GC(251) DefNew: 561364K(629120K)->2218K(629120K) Eden: 559232K(559232K)->0K(559232K) From: 2132K(69888K)->2218K(69888K)
[144.451s][info][gc,heap        ] GC(251) Tenured: 7896K(1398144K)->7896K(1398144K)
[144.451s][info][gc,metaspace   ] GC(251) Metaspace: 14275K(15104K)->14275K(15104K) NonClass: 12331K(12800K)->12331K(12800K) Class: 1943K(2304K)->1943K(2304K)
[144.451s][info][gc             ] GC(251) Pause Young (Allocation Failure) 555M->9M(1979M) 43.027ms
[144.451s][info][gc,cpu         ] GC(251) User=0.02s Sys=0.00s Real=0.03s
[144.992s][info][gc,start       ] GC(252) Pause Young (Allocation Failure)
[145.044s][info][gc,heap        ] GC(252) DefNew: 561450K(629120K)->2304K(629120K) Eden: 559232K(559232K)->0K(559232K) From: 2218K(69888K)->2304K(69888K)
[145.044s][info][gc,heap        ] GC(252) Tenured: 7896K(1398144K)->7896K(1398144K)
[145.044s][info][gc,metaspace   ] GC(252) Metaspace: 14275K(15104K)->14275K(15104K) NonClass: 12331K(12800K)->12331K(12800K) Class: 1943K(2304K)->1943K(2304K)
[145.044s][info][gc             ] GC(252) Pause Young (Allocation Failure) 556M->9M(1979M) 52.430ms
[145.044s][info][gc,cpu         ] GC(252) User=0.05s Sys=0.00s Real=0.04s
[145.571s][info][gc,start       ] GC(253) Pause Young (Allocation Failure)
[145.625s][info][gc,heap        ] GC(253) DefNew: 561536K(629120K)->2385K(629120K) Eden: 559232K(559232K)->0K(559232K) From: 2304K(69888K)->2385K(69888K)
[145.625s][info][gc,heap        ] GC(253) Tenured: 7896K(1398144K)->7896K(1398144K)
[145.625s][info][gc,metaspace   ] GC(253) Metaspace: 14275K(15104K)->14275K(15104K) NonClass: 12331K(12800K)->12331K(12800K) Class: 1943K(2304K)->1943K(2304K)
[145.626s][info][gc             ] GC(253) Pause Young (Allocation Failure) 556M->10M(1979M) 54.842ms
[145.626s][info][gc,cpu         ] GC(253) User=0.05s Sys=0.00s Real=0.05s
[146.159s][info][gc,start       ] GC(254) Pause Young (Allocation Failure)
[146.213s][info][gc,heap        ] GC(254) DefNew: 561617K(629120K)->2465K(629120K) Eden: 559232K(559232K)->0K(559232K) From: 2385K(69888K)->2465K(69888K)
[146.213s][info][gc,heap        ] GC(254) Tenured: 7896K(1398144K)->7896K(1398144K)
[146.213s][info][gc,metaspace   ] GC(254) Metaspace: 14275K(15104K)->14275K(15104K) NonClass: 12331K(12800K)->12331K(12800K) Class: 1943K(2304K)->1943K(2304K)
[146.213s][info][gc             ] GC(254) Pause Young (Allocation Failure) 556M->10M(1979M) 53.369ms
[146.213s][info][gc,cpu         ] GC(254) User=0.05s Sys=0.00s Real=0.05s
[146.735s][info][gc,start       ] GC(255) Pause Young (Allocation Failure)
[146.779s][info][gc,heap        ] GC(255) DefNew: 561697K(629120K)->2545K(629120K) Eden: 559232K(559232K)->0K(559232K) From: 2465K(69888K)->2545K(69888K)
[146.779s][info][gc,heap        ] GC(255) Tenured: 7896K(1398144K)->7896K(1398144K)
[146.779s][info][gc,metaspace   ] GC(255) Metaspace: 14275K(15104K)->14275K(15104K) NonClass: 12331K(12800K)->12331K(12800K) Class: 1943K(2304K)->1943K(2304K)
[146.779s][info][gc             ] GC(255) Pause Young (Allocation Failure) 556M->10M(1979M) 44.430ms
[146.779s][info][gc,cpu         ] GC(255) User=0.03s Sys=0.00s Real=0.04s
[147.318s][info][gc,start       ] GC(256) Pause Young (Allocation Failure)
[147.378s][info][gc,heap        ] GC(256) DefNew: 561777K(629120K)->2631K(629120K) Eden: 559232K(559232K)->0K(559232K) From: 2545K(69888K)->2631K(69888K)
[147.378s][info][gc,heap        ] GC(256) Tenured: 7896K(1398144K)->7896K(1398144K)
[147.378s][info][gc,metaspace   ] GC(256) Metaspace: 14275K(15104K)->14275K(15104K) NonClass: 12331K(12800K)->12331K(12800K) Class: 1943K(2304K)->1943K(2304K)
[147.378s][info][gc             ] GC(256) Pause Young (Allocation Failure) 556M->10M(1979M) 59.786ms
[147.378s][info][gc,cpu         ] GC(256) User=0.06s Sys=0.00s Real=0.06s
[147.926s][info][gc,start       ] GC(257) Pause Young (Allocation Failure)
[147.978s][info][gc,heap        ] GC(257) DefNew: 561863K(629120K)->2717K(629120K) Eden: 559232K(559232K)->0K(559232K) From: 2631K(69888K)->2717K(69888K)
[147.978s][info][gc,heap        ] GC(257) Tenured: 7896K(1398144K)->7896K(1398144K)
[147.978s][info][gc,metaspace   ] GC(257) Metaspace: 14275K(15104K)->14275K(15104K) NonClass: 12331K(12800K)->12331K(12800K) Class: 1943K(2304K)->1943K(2304K)
[147.978s][info][gc             ] GC(257) Pause Young (Allocation Failure) 556M->10M(1979M) 51.803ms
[147.978s][info][gc,cpu         ] GC(257) User=0.05s Sys=0.00s Real=0.05s
[148.524s][info][gc,start       ] GC(258) Pause Young (Allocation Failure)
[148.566s][info][gc,heap        ] GC(258) DefNew: 561949K(629120K)->1274K(629120K) Eden: 559232K(559232K)->0K(559232K) From: 2717K(69888K)->1274K(69888K)
[148.566s][info][gc,heap        ] GC(258) Tenured: 7896K(1398144K)->9424K(1398144K)
[148.566s][info][gc,metaspace   ] GC(258) Metaspace: 14275K(15104K)->14275K(15104K) NonClass: 12331K(12800K)->12331K(12800K) Class: 1943K(2304K)->1943K(2304K)
[148.566s][info][gc             ] GC(258) Pause Young (Allocation Failure) 556M->10M(1979M) 41.844ms
[148.566s][info][gc,cpu         ] GC(258) User=0.05s Sys=0.00s Real=0.04s
[149.088s][info][gc,start       ] GC(259) Pause Young (Allocation Failure)
[149.134s][info][gc,heap        ] GC(259) DefNew: 560506K(629120K)->1267K(629120K) Eden: 559232K(559232K)->0K(559232K) From: 1274K(69888K)->1267K(69888K)
[149.134s][info][gc,heap        ] GC(259) Tenured: 9424K(1398144K)->9510K(1398144K)
[149.134s][info][gc,metaspace   ] GC(259) Metaspace: 14275K(15104K)->14275K(15104K) NonClass: 12331K(12800K)->12331K(12800K) Class: 1943K(2304K)->1943K(2304K)
[149.134s][info][gc             ] GC(259) Pause Young (Allocation Failure) 556M->10M(1979M) 46.294ms
[149.134s][info][gc,cpu         ] GC(259) User=0.05s Sys=0.00s Real=0.05s
[149.655s][info][gc,start       ] GC(260) Pause Young (Allocation Failure)
[149.699s][info][gc,heap        ] GC(260) DefNew: 560499K(629120K)->1260K(629120K) Eden: 559232K(559232K)->0K(559232K) From: 1267K(69888K)->1260K(69888K)
[149.699s][info][gc,heap        ] GC(260) Tenured: 9510K(1398144K)->9597K(1398144K)
[149.699s][info][gc,metaspace   ] GC(260) Metaspace: 14275K(15104K)->14275K(15104K) NonClass: 12331K(12800K)->12331K(12800K) Class: 1943K(2304K)->1943K(2304K)
[149.699s][info][gc             ] GC(260) Pause Young (Allocation Failure) 556M->10M(1979M) 43.304ms
[149.699s][info][gc,cpu         ] GC(260) User=0.03s Sys=0.00s Real=0.04s
[150.226s][info][gc,start       ] GC(261) Pause Young (Allocation Failure)
[150.282s][info][gc,heap        ] GC(261) DefNew: 560492K(629120K)->1262K(629120K) Eden: 559232K(559232K)->0K(559232K) From: 1260K(69888K)->1262K(69888K)
[150.282s][info][gc,heap        ] GC(261) Tenured: 9597K(1398144K)->9680K(1398144K)
[150.282s][info][gc,metaspace   ] GC(261) Metaspace: 14275K(15104K)->14275K(15104K) NonClass: 12331K(12800K)->12331K(12800K) Class: 1943K(2304K)->1943K(2304K)
[150.282s][info][gc             ] GC(261) Pause Young (Allocation Failure) 556M->10M(1979M) 56.100ms
[150.282s][info][gc,cpu         ] GC(261) User=0.05s Sys=0.00s Real=0.05s
[150.808s][info][gc,start       ] GC(262) Pause Young (Allocation Failure)
[150.864s][info][gc,heap        ] GC(262) DefNew: 560494K(629120K)->1263K(629120K) Eden: 559232K(559232K)->0K(559232K) From: 1262K(69888K)->1263K(69888K)
[150.864s][info][gc,heap        ] GC(262) Tenured: 9680K(1398144K)->9759K(1398144K)
[150.864s][info][gc,metaspace   ] GC(262) Metaspace: 14275K(15104K)->14275K(15104K) NonClass: 12331K(12800K)->12331K(12800K) Class: 1943K(2304K)->1943K(2304K)
[150.864s][info][gc             ] GC(262) Pause Young (Allocation Failure) 556M->10M(1979M) 55.660ms
[150.864s][info][gc,cpu         ] GC(262) User=0.06s Sys=0.00s Real=0.06s
[151.554s][info][gc,start       ] GC(263) Pause Young (Allocation Failure)
[151.608s][info][gc,heap        ] GC(263) DefNew: 560495K(629120K)->1257K(629120K) Eden: 559232K(559232K)->0K(559232K) From: 1263K(69888K)->1257K(69888K)
[151.608s][info][gc,heap        ] GC(263) Tenured: 9759K(1398144K)->9846K(1398144K)
[151.608s][info][gc,metaspace   ] GC(263) Metaspace: 14275K(15104K)->14275K(15104K) NonClass: 12331K(12800K)->12331K(12800K) Class: 1943K(2304K)->1943K(2304K)
[151.608s][info][gc             ] GC(263) Pause Young (Allocation Failure) 556M->10M(1979M) 53.981ms
[151.608s][info][gc,cpu         ] GC(263) User=0.05s Sys=0.00s Real=0.05s
[152.151s][info][gc,start       ] GC(264) Pause Young (Allocation Failure)
[152.192s][info][gc,heap        ] GC(264) DefNew: 560489K(629120K)->1259K(629120K) Eden: 559232K(559232K)->0K(559232K) From: 1257K(69888K)->1259K(69888K)
[152.192s][info][gc,heap        ] GC(264) Tenured: 9846K(1398144K)->9929K(1398144K)
[152.192s][info][gc,metaspace   ] GC(264) Metaspace: 14275K(15104K)->14275K(15104K) NonClass: 12331K(12800K)->12331K(12800K) Class: 1943K(2304K)->1943K(2304K)
[152.192s][info][gc             ] GC(264) Pause Young (Allocation Failure) 556M->10M(1979M) 41.294ms
[152.192s][info][gc,cpu         ] GC(264) User=0.05s Sys=0.00s Real=0.04s
[152.736s][info][gc,start       ] GC(265) Pause Young (Allocation Failure)
[152.787s][info][gc,heap        ] GC(265) DefNew: 560491K(629120K)->1252K(629120K) Eden: 559232K(559232K)->0K(559232K) From: 1259K(69888K)->1252K(69888K)
[152.787s][info][gc,heap        ] GC(265) Tenured: 9929K(1398144K)->10018K(1398144K)
[152.787s][info][gc,metaspace   ] GC(265) Metaspace: 14275K(15104K)->14275K(15104K) NonClass: 12331K(12800K)->12331K(12800K) Class: 1943K(2304K)->1943K(2304K)
[152.787s][info][gc             ] GC(265) Pause Young (Allocation Failure) 557M->11M(1979M) 51.535ms
[152.787s][info][gc,cpu         ] GC(265) User=0.05s Sys=0.00s Real=0.05s
[153.314s][info][gc,start       ] GC(266) Pause Young (Allocation Failure)
[153.369s][info][gc,heap        ] GC(266) DefNew: 560484K(629120K)->1246K(629120K) Eden: 559232K(559232K)->0K(559232K) From: 1252K(69888K)->1246K(69888K)
[153.369s][info][gc,heap        ] GC(266) Tenured: 10018K(1398144K)->10105K(1398144K)
[153.369s][info][gc,metaspace   ] GC(266) Metaspace: 14275K(15104K)->14275K(15104K) NonClass: 12331K(12800K)->12331K(12800K) Class: 1943K(2304K)->1943K(2304K)
[153.369s][info][gc             ] GC(266) Pause Young (Allocation Failure) 557M->11M(1979M) 54.228ms
[153.369s][info][gc,cpu         ] GC(266) User=0.05s Sys=0.00s Real=0.05s
[153.896s][info][gc,start       ] GC(267) Pause Young (Allocation Failure)
[153.949s][info][gc,heap        ] GC(267) DefNew: 560478K(629120K)->1243K(629120K) Eden: 559232K(559232K)->0K(559232K) From: 1246K(69888K)->1243K(69888K)
[153.949s][info][gc,heap        ] GC(267) Tenured: 10105K(1398144K)->10191K(1398144K)
[153.949s][info][gc,metaspace   ] GC(267) Metaspace: 14275K(15104K)->14275K(15104K) NonClass: 12331K(12800K)->12331K(12800K) Class: 1943K(2304K)->1943K(2304K)
[153.949s][info][gc             ] GC(267) Pause Young (Allocation Failure) 557M->11M(1979M) 53.407ms
[153.949s][info][gc,cpu         ] GC(267) User=0.03s Sys=0.00s Real=0.04s
[154.474s][info][gc,start       ] GC(268) Pause Young (Allocation Failure)
[154.518s][info][gc,heap        ] GC(268) DefNew: 560475K(629120K)->1246K(629120K) Eden: 559232K(559232K)->0K(559232K) From: 1243K(69888K)->1246K(69888K)
[154.518s][info][gc,heap        ] GC(268) Tenured: 10191K(1398144K)->10271K(1398144K)
[154.518s][info][gc,metaspace   ] GC(268) Metaspace: 14275K(15104K)->14275K(15104K) NonClass: 12331K(12800K)->12331K(12800K) Class: 1943K(2304K)->1943K(2304K)
[154.519s][info][gc             ] GC(268) Pause Young (Allocation Failure) 557M->11M(1979M) 44.884ms
[154.519s][info][gc,cpu         ] GC(268) User=0.05s Sys=0.00s Real=0.04s
[155.036s][info][gc,start       ] GC(269) Pause Young (Allocation Failure)
[155.081s][info][gc,heap        ] GC(269) DefNew: 560478K(629120K)->1245K(629120K) Eden: 559232K(559232K)->0K(559232K) From: 1246K(69888K)->1245K(69888K)
[155.081s][info][gc,heap        ] GC(269) Tenured: 10271K(1398144K)->10351K(1398144K)
[155.081s][info][gc,metaspace   ] GC(269) Metaspace: 14275K(15104K)->14275K(15104K) NonClass: 12331K(12800K)->12331K(12800K) Class: 1943K(2304K)->1943K(2304K)
[155.081s][info][gc             ] GC(269) Pause Young (Allocation Failure) 557M->11M(1979M) 45.341ms
[155.081s][info][gc,cpu         ] GC(269) User=0.03s Sys=0.00s Real=0.03s
[155.600s][info][gc,start       ] GC(270) Pause Young (Allocation Failure)
[155.663s][info][gc,heap        ] GC(270) DefNew: 560477K(629120K)->1248K(629120K) Eden: 559232K(559232K)->0K(559232K) From: 1245K(69888K)->1248K(69888K)
[155.663s][info][gc,heap        ] GC(270) Tenured: 10351K(1398144K)->10430K(1398144K)
[155.663s][info][gc,metaspace   ] GC(270) Metaspace: 14275K(15104K)->14275K(15104K) NonClass: 12331K(12800K)->12331K(12800K) Class: 1943K(2304K)->1943K(2304K)
[155.663s][info][gc             ] GC(270) Pause Young (Allocation Failure) 557M->11M(1979M) 62.621ms
[155.663s][info][gc,cpu         ] GC(270) User=0.06s Sys=0.00s Real=0.06s
[156.038s][info][gc,start       ] GC(271) Pause Full (System.gc())
[156.039s][info][gc,phases,start] GC(271) Phase 1: Mark live objects
[156.096s][info][gc,phases      ] GC(271) Phase 1: Mark live objects 57.272ms
[156.096s][info][gc,phases,start] GC(271) Phase 2: Compute new object addresses
[156.208s][info][gc,phases      ] GC(271) Phase 2: Compute new object addresses 112.306ms
[156.208s][info][gc,phases,start] GC(271) Phase 3: Adjust pointers
[156.228s][info][gc,phases      ] GC(271) Phase 3: Adjust pointers 20.200ms
[156.228s][info][gc,phases,start] GC(271) Phase 4: Move objects
[156.228s][info][gc,phases      ] GC(271) Phase 4: Move objects 0.013ms
[156.229s][info][gc,heap        ] GC(271) DefNew: 466684K(629120K)->0K(629120K) Eden: 465435K(559232K)->0K(559232K) From: 1248K(69888K)->0K(69888K)
[156.229s][info][gc,heap        ] GC(271) Tenured: 10430K(1398144K)->10431K(1398144K)
[156.229s][info][gc,metaspace   ] GC(271) Metaspace: 14275K(15104K)->14275K(15104K) NonClass: 12331K(12800K)->12331K(12800K) Class: 1943K(2304K)->1943K(2304K)
[156.229s][info][gc             ] GC(271) Pause Full (System.gc()) 465M->10M(1979M) 190.220ms
[156.229s][info][gc,cpu         ] GC(271) User=0.19s Sys=0.00s Real=0.19s
[156.727s][info][gc,start       ] GC(272) Pause Young (Allocation Failure)
[156.780s][info][gc,heap        ] GC(272) DefNew: 559232K(629120K)->1536K(629120K) Eden: 559232K(559232K)->0K(559232K) From: 0K(69888K)->1536K(69888K)
[156.791s][info][gc,heap        ] GC(272) Tenured: 10431K(1398144K)->10431K(1398144K)
[156.791s][info][gc,metaspace   ] GC(272) Metaspace: 14275K(15104K)->14275K(15104K) NonClass: 12331K(12800K)->12331K(12800K) Class: 1943K(2304K)->1943K(2304K)
[156.791s][info][gc             ] GC(272) Pause Young (Allocation Failure) 556M->11M(1979M) 64.795ms
[156.792s][info][gc,cpu         ] GC(272) User=0.05s Sys=0.00s Real=0.07s
[157.324s][info][gc,start       ] GC(273) Pause Young (Allocation Failure)
[157.380s][info][gc,heap        ] GC(273) DefNew: 560768K(629120K)->1619K(629120K) Eden: 559232K(559232K)->0K(559232K) From: 1536K(69888K)->1619K(69888K)
[157.380s][info][gc,heap        ] GC(273) Tenured: 10431K(1398144K)->10431K(1398144K)
[157.380s][info][gc,metaspace   ] GC(273) Metaspace: 14275K(15104K)->14275K(15104K) NonClass: 12331K(12800K)->12331K(12800K) Class: 1943K(2304K)->1943K(2304K)
[157.380s][info][gc             ] GC(273) Pause Young (Allocation Failure) 557M->11M(1979M) 56.472ms
[157.380s][info][gc,cpu         ] GC(273) User=0.06s Sys=0.00s Real=0.06s
[157.904s][info][gc,start       ] GC(274) Pause Young (Allocation Failure)
[157.957s][info][gc,heap        ] GC(274) DefNew: 560851K(629120K)->1704K(629120K) Eden: 559232K(559232K)->0K(559232K) From: 1619K(69888K)->1704K(69888K)
[157.957s][info][gc,heap        ] GC(274) Tenured: 10431K(1398144K)->10431K(1398144K)
[157.957s][info][gc,metaspace   ] GC(274) Metaspace: 14275K(15104K)->14275K(15104K) NonClass: 12331K(12800K)->12331K(12800K) Class: 1943K(2304K)->1943K(2304K)
[157.957s][info][gc             ] GC(274) Pause Young (Allocation Failure) 557M->11M(1979M) 53.129ms
[157.957s][info][gc,cpu         ] GC(274) User=0.06s Sys=0.00s Real=0.05s
[158.476s][info][gc,start       ] GC(275) Pause Young (Allocation Failure)
[158.520s][info][gc,heap        ] GC(275) DefNew: 560936K(629120K)->1782K(629120K) Eden: 559232K(559232K)->0K(559232K) From: 1704K(69888K)->1782K(69888K)
[158.520s][info][gc,heap        ] GC(275) Tenured: 10431K(1398144K)->10431K(1398144K)
[158.520s][info][gc,metaspace   ] GC(275) Metaspace: 14275K(15104K)->14275K(15104K) NonClass: 12331K(12800K)->12331K(12800K) Class: 1943K(2304K)->1943K(2304K)
[158.520s][info][gc             ] GC(275) Pause Young (Allocation Failure) 557M->11M(1979M) 43.614ms
[158.520s][info][gc,cpu         ] GC(275) User=0.03s Sys=0.00s Real=0.04s
[159.068s][info][gc,start       ] GC(276) Pause Young (Allocation Failure)
[159.119s][info][gc,heap        ] GC(276) DefNew: 561014K(629120K)->1867K(629120K) Eden: 559232K(559232K)->0K(559232K) From: 1782K(69888K)->1867K(69888K)
[159.120s][info][gc,heap        ] GC(276) Tenured: 10431K(1398144K)->10431K(1398144K)
[159.120s][info][gc,metaspace   ] GC(276) Metaspace: 14275K(15104K)->14275K(15104K) NonClass: 12331K(12800K)->12331K(12800K) Class: 1943K(2304K)->1943K(2304K)
[159.120s][info][gc             ] GC(276) Pause Young (Allocation Failure) 558M->12M(1979M) 51.334ms
[159.120s][info][gc,cpu         ] GC(276) User=0.05s Sys=0.00s Real=0.05s
[159.658s][info][gc,start       ] GC(277) Pause Young (Allocation Failure)
[159.711s][info][gc,heap        ] GC(277) DefNew: 561099K(629120K)->1949K(629120K) Eden: 559232K(559232K)->0K(559232K) From: 1867K(69888K)->1949K(69888K)
[159.711s][info][gc,heap        ] GC(277) Tenured: 10431K(1398144K)->10431K(1398144K)
[159.711s][info][gc,metaspace   ] GC(277) Metaspace: 14275K(15104K)->14275K(15104K) NonClass: 12331K(12800K)->12331K(12800K) Class: 1943K(2304K)->1943K(2304K)
[159.711s][info][gc             ] GC(277) Pause Young (Allocation Failure) 558M->12M(1979M) 53.002ms
[159.711s][info][gc,cpu         ] GC(277) User=0.05s Sys=0.00s Real=0.05s
[160.243s][info][gc,start       ] GC(278) Pause Young (Allocation Failure)
[160.296s][info][gc,heap        ] GC(278) DefNew: 561181K(629120K)->2029K(629120K) Eden: 559232K(559232K)->0K(559232K) From: 1949K(69888K)->2029K(69888K)
[160.296s][info][gc,heap        ] GC(278) Tenured: 10431K(1398144K)->10431K(1398144K)
[160.296s][info][gc,metaspace   ] GC(278) Metaspace: 14275K(15104K)->14275K(15104K) NonClass: 12331K(12800K)->12331K(12800K) Class: 1943K(2304K)->1943K(2304K)
[160.296s][info][gc             ] GC(278) Pause Young (Allocation Failure) 558M->12M(1979M) 53.664ms
[160.296s][info][gc,cpu         ] GC(278) User=0.06s Sys=0.00s Real=0.05s
[160.851s][info][gc,start       ] GC(279) Pause Young (Allocation Failure)
[160.906s][info][gc,heap        ] GC(279) DefNew: 561261K(629120K)->2115K(629120K) Eden: 559232K(559232K)->0K(559232K) From: 2029K(69888K)->2115K(69888K)
[160.906s][info][gc,heap        ] GC(279) Tenured: 10431K(1398144K)->10431K(1398144K)
[160.906s][info][gc,metaspace   ] GC(279) Metaspace: 14275K(15104K)->14275K(15104K) NonClass: 12331K(12800K)->12331K(12800K) Class: 1943K(2304K)->1943K(2304K)
[160.906s][info][gc             ] GC(279) Pause Young (Allocation Failure) 558M->12M(1979M) 54.694ms
[160.906s][info][gc,cpu         ] GC(279) User=0.06s Sys=0.00s Real=0.06s
[161.422s][info][gc,start       ] GC(280) Pause Young (Allocation Failure)
[161.466s][info][gc,heap        ] GC(280) DefNew: 561347K(629120K)->2192K(629120K) Eden: 559232K(559232K)->0K(559232K) From: 2115K(69888K)->2192K(69888K)
[161.466s][info][gc,heap        ] GC(280) Tenured: 10431K(1398144K)->10431K(1398144K)
[161.466s][info][gc,metaspace   ] GC(280) Metaspace: 14275K(15104K)->14275K(15104K) NonClass: 12331K(12800K)->12331K(12800K) Class: 1943K(2304K)->1943K(2304K)
[161.466s][info][gc             ] GC(280) Pause Young (Allocation Failure) 558M->12M(1979M) 44.416ms
[161.466s][info][gc,cpu         ] GC(280) User=0.03s Sys=0.00s Real=0.04s
[161.995s][info][gc,start       ] GC(281) Pause Young (Allocation Failure)
[162.042s][info][gc,heap        ] GC(281) DefNew: 561424K(629120K)->2272K(629120K) Eden: 559232K(559232K)->0K(559232K) From: 2192K(69888K)->2272K(69888K)
[162.042s][info][gc,heap        ] GC(281) Tenured: 10431K(1398144K)->10431K(1398144K)
[162.042s][info][gc,metaspace   ] GC(281) Metaspace: 14275K(15104K)->14275K(15104K) NonClass: 12331K(12800K)->12331K(12800K) Class: 1943K(2304K)->1943K(2304K)
[162.043s][info][gc             ] GC(281) Pause Young (Allocation Failure) 558M->12M(1979M) 47.854ms
[162.043s][info][gc,cpu         ] GC(281) User=0.03s Sys=0.00s Real=0.03s
[162.615s][info][gc,start       ] GC(282) Pause Young (Allocation Failure)
[162.667s][info][gc,heap        ] GC(282) DefNew: 561504K(629120K)->2361K(629120K) Eden: 559232K(559232K)->0K(559232K) From: 2272K(69888K)->2361K(69888K)
[162.667s][info][gc,heap        ] GC(282) Tenured: 10431K(1398144K)->10431K(1398144K)
[162.667s][info][gc,metaspace   ] GC(282) Metaspace: 14275K(15104K)->14275K(15104K) NonClass: 12331K(12800K)->12331K(12800K) Class: 1943K(2304K)->1943K(2304K)
[162.667s][info][gc             ] GC(282) Pause Young (Allocation Failure) 558M->12M(1979M) 52.302ms
[162.667s][info][gc,cpu         ] GC(282) User=0.05s Sys=0.00s Real=0.04s
[163.214s][info][gc,start       ] GC(283) Pause Young (Allocation Failure)
[163.263s][info][gc,heap        ] GC(283) DefNew: 561593K(629120K)->2446K(629120K) Eden: 559232K(559232K)->0K(559232K) From: 2361K(69888K)->2446K(69888K)
[163.264s][info][gc,heap        ] GC(283) Tenured: 10431K(1398144K)->10431K(1398144K)
[163.264s][info][gc,metaspace   ] GC(283) Metaspace: 14275K(15104K)->14275K(15104K) NonClass: 12331K(12800K)->12331K(12800K) Class: 1943K(2304K)->1943K(2304K)
[163.264s][info][gc             ] GC(283) Pause Young (Allocation Failure) 558M->12M(1979M) 49.712ms
[163.264s][info][gc,cpu         ] GC(283) User=0.05s Sys=0.00s Real=0.04s
[163.797s][info][gc,start       ] GC(284) Pause Young (Allocation Failure)
[163.839s][info][gc,heap        ] GC(284) DefNew: 561678K(629120K)->2529K(629120K) Eden: 559232K(559232K)->0K(559232K) From: 2446K(69888K)->2529K(69888K)
[163.839s][info][gc,heap        ] GC(284) Tenured: 10431K(1398144K)->10431K(1398144K)
[163.839s][info][gc,metaspace   ] GC(284) Metaspace: 14275K(15104K)->14275K(15104K) NonClass: 12331K(12800K)->12331K(12800K) Class: 1943K(2304K)->1943K(2304K)
[163.839s][info][gc             ] GC(284) Pause Young (Allocation Failure) 558M->12M(1979M) 42.666ms
[163.839s][info][gc,cpu         ] GC(284) User=0.03s Sys=0.00s Real=0.04s
[164.371s][info][gc,start       ] GC(285) Pause Young (Allocation Failure)
[164.414s][info][gc,heap        ] GC(285) DefNew: 561761K(629120K)->2609K(629120K) Eden: 559232K(559232K)->0K(559232K) From: 2529K(69888K)->2609K(69888K)
[164.414s][info][gc,heap        ] GC(285) Tenured: 10431K(1398144K)->10431K(1398144K)
[164.414s][info][gc,metaspace   ] GC(285) Metaspace: 14275K(15104K)->14275K(15104K) NonClass: 12331K(12800K)->12331K(12800K) Class: 1943K(2304K)->1943K(2304K)
[164.414s][info][gc             ] GC(285) Pause Young (Allocation Failure) 558M->12M(1979M) 43.201ms
[164.414s][info][gc,cpu         ] GC(285) User=0.05s Sys=0.00s Real=0.04s
[164.957s][info][gc,start       ] GC(286) Pause Young (Allocation Failure)
[165.002s][info][gc,heap        ] GC(286) DefNew: 561841K(629120K)->2692K(629120K) Eden: 559232K(559232K)->0K(559232K) From: 2609K(69888K)->2692K(69888K)
[165.002s][info][gc,heap        ] GC(286) Tenured: 10431K(1398144K)->10431K(1398144K)
[165.002s][info][gc,metaspace   ] GC(286) Metaspace: 14275K(15104K)->14275K(15104K) NonClass: 12331K(12800K)->12331K(12800K) Class: 1943K(2304K)->1943K(2304K)
[165.002s][info][gc             ] GC(286) Pause Young (Allocation Failure) 558M->12M(1979M) 45.363ms
[165.002s][info][gc,cpu         ] GC(286) User=0.05s Sys=0.00s Real=0.04s
[165.525s][info][gc,start       ] GC(287) Pause Young (Allocation Failure)
[165.583s][info][gc,heap        ] GC(287) DefNew: 561924K(629120K)->1243K(629120K) Eden: 559232K(559232K)->0K(559232K) From: 2692K(69888K)->1243K(69888K)
[165.583s][info][gc,heap        ] GC(287) Tenured: 10431K(1398144K)->11959K(1398144K)
[165.583s][info][gc,metaspace   ] GC(287) Metaspace: 14275K(15104K)->14275K(15104K) NonClass: 12331K(12800K)->12331K(12800K) Class: 1943K(2304K)->1943K(2304K)
[165.583s][info][gc             ] GC(287) Pause Young (Allocation Failure) 558M->12M(1979M) 58.427ms
[165.583s][info][gc,cpu         ] GC(287) User=0.05s Sys=0.00s Real=0.05s
[166.152s][info][gc,start       ] GC(288) Pause Young (Allocation Failure)
[166.205s][info][gc,heap        ] GC(288) DefNew: 560475K(629120K)->1246K(629120K) Eden: 559232K(559232K)->0K(559232K) From: 1243K(69888K)->1246K(69888K)
[166.205s][info][gc,heap        ] GC(288) Tenured: 11959K(1398144K)->12042K(1398144K)
[166.205s][info][gc,metaspace   ] GC(288) Metaspace: 14275K(15104K)->14275K(15104K) NonClass: 12331K(12800K)->12331K(12800K) Class: 1943K(2304K)->1943K(2304K)
[166.205s][info][gc             ] GC(288) Pause Young (Allocation Failure) 559M->12M(1979M) 53.791ms
[166.205s][info][gc,cpu         ] GC(288) User=0.06s Sys=0.00s Real=0.05s
[166.782s][info][gc,start       ] GC(289) Pause Young (Allocation Failure)
[166.835s][info][gc,heap        ] GC(289) DefNew: 560478K(629120K)->1252K(629120K) Eden: 559232K(559232K)->0K(559232K) From: 1246K(69888K)->1252K(69888K)
[166.835s][info][gc,heap        ] GC(289) Tenured: 12042K(1398144K)->12125K(1398144K)
[166.835s][info][gc,metaspace   ] GC(289) Metaspace: 14275K(15104K)->14275K(15104K) NonClass: 12331K(12800K)->12331K(12800K) Class: 1943K(2304K)->1943K(2304K)
[166.836s][info][gc             ] GC(289) Pause Young (Allocation Failure) 559M->13M(1979M) 53.386ms
[166.836s][info][gc,cpu         ] GC(289) User=0.05s Sys=0.00s Real=0.05s
[167.397s][info][gc,start       ] GC(290) Pause Young (Allocation Failure)
[167.453s][info][gc,heap        ] GC(290) DefNew: 560484K(629120K)->1261K(629120K) Eden: 559232K(559232K)->0K(559232K) From: 1252K(69888K)->1261K(69888K)
[167.453s][info][gc,heap        ] GC(290) Tenured: 12125K(1398144K)->12205K(1398144K)
[167.453s][info][gc,metaspace   ] GC(290) Metaspace: 14275K(15104K)->14275K(15104K) NonClass: 12331K(12800K)->12331K(12800K) Class: 1943K(2304K)->1943K(2304K)
[167.454s][info][gc             ] GC(290) Pause Young (Allocation Failure) 559M->13M(1979M) 56.667ms
[167.454s][info][gc,cpu         ] GC(290) User=0.06s Sys=0.00s Real=0.06s
[168.031s][info][gc,start       ] GC(291) Pause Young (Allocation Failure)
[168.087s][info][gc,heap        ] GC(291) DefNew: 560493K(629120K)->1269K(629120K) Eden: 559232K(559232K)->0K(559232K) From: 1261K(69888K)->1269K(69888K)
[168.087s][info][gc,heap        ] GC(291) Tenured: 12205K(1398144K)->12288K(1398144K)
[168.087s][info][gc,metaspace   ] GC(291) Metaspace: 14275K(15104K)->14275K(15104K) NonClass: 12331K(12800K)->12331K(12800K) Class: 1943K(2304K)->1943K(2304K)
[168.087s][info][gc             ] GC(291) Pause Young (Allocation Failure) 559M->13M(1979M) 56.104ms
[168.087s][info][gc,cpu         ] GC(291) User=0.05s Sys=0.00s Real=0.05s
[168.657s][info][gc,start       ] GC(292) Pause Young (Allocation Failure)
[168.715s][info][gc,heap        ] GC(292) DefNew: 560501K(629120K)->1275K(629120K) Eden: 559232K(559232K)->0K(559232K) From: 1269K(69888K)->1275K(69888K)
[168.715s][info][gc,heap        ] GC(292) Tenured: 12288K(1398144K)->12371K(1398144K)
[168.715s][info][gc,metaspace   ] GC(292) Metaspace: 14275K(15104K)->14275K(15104K) NonClass: 12331K(12800K)->12331K(12800K) Class: 1943K(2304K)->1943K(2304K)
[168.715s][info][gc             ] GC(292) Pause Young (Allocation Failure) 559M->13M(1979M) 58.123ms
[168.715s][info][gc,cpu         ] GC(292) User=0.05s Sys=0.00s Real=0.06s
[169.285s][info][gc,start       ] GC(293) Pause Young (Allocation Failure)
[169.344s][info][gc,heap        ] GC(293) DefNew: 560507K(629120K)->1282K(629120K) Eden: 559232K(559232K)->0K(559232K) From: 1275K(69888K)->1282K(69888K)
[169.344s][info][gc,heap        ] GC(293) Tenured: 12371K(1398144K)->12452K(1398144K)
[169.344s][info][gc,metaspace   ] GC(293) Metaspace: 14275K(15104K)->14275K(15104K) NonClass: 12331K(12800K)->12331K(12800K) Class: 1943K(2304K)->1943K(2304K)
[169.344s][info][gc             ] GC(293) Pause Young (Allocation Failure) 559M->13M(1979M) 59.280ms
[169.344s][info][gc,cpu         ] GC(293) User=0.06s Sys=0.00s Real=0.06s
[169.998s][info][gc,start       ] GC(294) Pause Young (Allocation Failure)
[170.064s][info][gc,heap        ] GC(294) DefNew: 560514K(629120K)->1284K(629120K) Eden: 559232K(559232K)->0K(559232K) From: 1282K(69888K)->1284K(69888K)
[170.064s][info][gc,heap        ] GC(294) Tenured: 12452K(1398144K)->12537K(1398144K)
[170.064s][info][gc,metaspace   ] GC(294) Metaspace: 14275K(15104K)->14275K(15104K) NonClass: 12331K(12800K)->12331K(12800K) Class: 1943K(2304K)->1943K(2304K)
[170.064s][info][gc             ] GC(294) Pause Young (Allocation Failure) 559M->13M(1979M) 65.492ms
[170.064s][info][gc,cpu         ] GC(294) User=0.08s Sys=0.00s Real=0.07s
[170.640s][info][gc,start       ] GC(295) Pause Young (Allocation Failure)
[170.694s][info][gc,heap        ] GC(295) DefNew: 560516K(629120K)->1297K(629120K) Eden: 559232K(559232K)->0K(559232K) From: 1284K(69888K)->1297K(69888K)
[170.694s][info][gc,heap        ] GC(295) Tenured: 12537K(1398144K)->12614K(1398144K)
[170.694s][info][gc,metaspace   ] GC(295) Metaspace: 14275K(15104K)->14275K(15104K) NonClass: 12331K(12800K)->12331K(12800K) Class: 1943K(2304K)->1943K(2304K)
[170.694s][info][gc             ] GC(295) Pause Young (Allocation Failure) 559M->13M(1979M) 53.546ms
[170.694s][info][gc,cpu         ] GC(295) User=0.05s Sys=0.00s Real=0.05s
[171.270s][info][gc,start       ] GC(296) Pause Young (Allocation Failure)
[171.322s][info][gc,heap        ] GC(296) DefNew: 560529K(629120K)->1302K(629120K) Eden: 559232K(559232K)->0K(559232K) From: 1297K(69888K)->1302K(69888K)
[171.322s][info][gc,heap        ] GC(296) Tenured: 12614K(1398144K)->12694K(1398144K)
[171.322s][info][gc,metaspace   ] GC(296) Metaspace: 14275K(15104K)->14275K(15104K) NonClass: 12331K(12800K)->12331K(12800K) Class: 1943K(2304K)->1943K(2304K)
[171.322s][info][gc             ] GC(296) Pause Young (Allocation Failure) 559M->13M(1979M) 51.915ms
[171.322s][info][gc,cpu         ] GC(296) User=0.05s Sys=0.00s Real=0.05s
[171.890s][info][gc,start       ] GC(297) Pause Young (Allocation Failure)
[171.940s][info][gc,heap        ] GC(297) DefNew: 560534K(629120K)->1302K(629120K) Eden: 559232K(559232K)->0K(559232K) From: 1302K(69888K)->1302K(69888K)
[171.941s][info][gc,heap        ] GC(297) Tenured: 12694K(1398144K)->12783K(1398144K)
[171.941s][info][gc,metaspace   ] GC(297) Metaspace: 14275K(15104K)->14275K(15104K) NonClass: 12331K(12800K)->12331K(12800K) Class: 1943K(2304K)->1943K(2304K)
[171.941s][info][gc             ] GC(297) Pause Young (Allocation Failure) 559M->13M(1979M) 50.899ms
[171.941s][info][gc,cpu         ] GC(297) User=0.03s Sys=0.00s Real=0.05s
[172.506s][info][gc,start       ] GC(298) Pause Young (Allocation Failure)
[172.566s][info][gc,heap        ] GC(298) DefNew: 560534K(629120K)->1306K(629120K) Eden: 559232K(559232K)->0K(559232K) From: 1302K(69888K)->1306K(69888K)
[172.566s][info][gc,heap        ] GC(298) Tenured: 12783K(1398144K)->12866K(1398144K)
[172.566s][info][gc,metaspace   ] GC(298) Metaspace: 14275K(15104K)->14275K(15104K) NonClass: 12331K(12800K)->12331K(12800K) Class: 1943K(2304K)->1943K(2304K)
[172.566s][info][gc             ] GC(298) Pause Young (Allocation Failure) 559M->13M(1979M) 60.372ms
[172.566s][info][gc,cpu         ] GC(298) User=0.06s Sys=0.00s Real=0.06s
[173.031s][info][gc,start       ] GC(299) Pause Young (Allocation Failure)
[173.107s][info][gc,heap        ] GC(299) DefNew: 560538K(629120K)->1294K(629120K) Eden: 559232K(559232K)->0K(559232K) From: 1306K(69888K)->1294K(69888K)
[173.107s][info][gc,heap        ] GC(299) Tenured: 12866K(1398144K)->12950K(1398144K)
[173.107s][info][gc,metaspace   ] GC(299) Metaspace: 14275K(15104K)->14275K(15104K) NonClass: 12331K(12800K)->12331K(12800K) Class: 1943K(2304K)->1943K(2304K)
[173.107s][info][gc             ] GC(299) Pause Young (Allocation Failure) 559M->13M(1979M) 76.597ms
[173.107s][info][gc,cpu         ] GC(299) User=0.06s Sys=0.00s Real=0.08s
[173.496s][info][gc,start       ] GC(300) Pause Full (System.gc())
[173.496s][info][gc,phases,start] GC(300) Phase 1: Mark live objects
[173.558s][info][gc,phases      ] GC(300) Phase 1: Mark live objects 62.338ms
[173.559s][info][gc,phases,start] GC(300) Phase 2: Compute new object addresses
[173.639s][info][gc,phases      ] GC(300) Phase 2: Compute new object addresses 80.966ms
[173.640s][info][gc,phases,start] GC(300) Phase 3: Adjust pointers
[173.665s][info][gc,phases      ] GC(300) Phase 3: Adjust pointers 25.505ms
[173.665s][info][gc,phases,start] GC(300) Phase 4: Move objects
[173.665s][info][gc,phases      ] GC(300) Phase 4: Move objects 0.012ms
[173.665s][info][gc,heap        ] GC(300) DefNew: 338680K(629120K)->0K(629120K) Eden: 337386K(559232K)->0K(559232K) From: 1294K(69888K)->0K(69888K)
[173.665s][info][gc,heap        ] GC(300) Tenured: 12950K(1398144K)->12950K(1398144K)
[173.665s][info][gc,metaspace   ] GC(300) Metaspace: 14275K(15104K)->14275K(15104K) NonClass: 12331K(12800K)->12331K(12800K) Class: 1943K(2304K)->1943K(2304K)
[173.665s][info][gc             ] GC(300) Pause Full (System.gc()) 343M->12M(1979M) 169.259ms
[173.665s][info][gc,cpu         ] GC(300) User=0.16s Sys=0.00s Real=0.16s
[174.153s][info][gc,start       ] GC(301) Pause Young (Allocation Failure)
[174.197s][info][gc,heap        ] GC(301) DefNew: 559232K(629120K)->1537K(629120K) Eden: 559232K(559232K)->0K(559232K) From: 0K(69888K)->1537K(69888K)
[174.197s][info][gc,heap        ] GC(301) Tenured: 12950K(1398144K)->12950K(1398144K)
[174.197s][info][gc,metaspace   ] GC(301) Metaspace: 14275K(15104K)->14275K(15104K) NonClass: 12331K(12800K)->12331K(12800K) Class: 1943K(2304K)->1943K(2304K)
[174.197s][info][gc             ] GC(301) Pause Young (Allocation Failure) 558M->14M(1979M) 44.368ms
[174.197s][info][gc,cpu         ] GC(301) User=0.05s Sys=0.00s Real=0.04s
[174.744s][info][gc,start       ] GC(302) Pause Young (Allocation Failure)
[174.798s][info][gc,heap        ] GC(302) DefNew: 560769K(629120K)->1620K(629120K) Eden: 559232K(559232K)->0K(559232K) From: 1537K(69888K)->1620K(69888K)
[174.798s][info][gc,heap        ] GC(302) Tenured: 12950K(1398144K)->12950K(1398144K)
[174.798s][info][gc,metaspace   ] GC(302) Metaspace: 14275K(15104K)->14275K(15104K) NonClass: 12331K(12800K)->12331K(12800K) Class: 1943K(2304K)->1943K(2304K)
[174.798s][info][gc             ] GC(302) Pause Young (Allocation Failure) 560M->14M(1979M) 54.079ms
[174.798s][info][gc,cpu         ] GC(302) User=0.05s Sys=0.00s Real=0.05s
[175.338s][info][gc,start       ] GC(303) Pause Young (Allocation Failure)
[175.391s][info][gc,heap        ] GC(303) DefNew: 560852K(629120K)->1707K(629120K) Eden: 559232K(559232K)->0K(559232K) From: 1620K(69888K)->1707K(69888K)
[175.391s][info][gc,heap        ] GC(303) Tenured: 12950K(1398144K)->12950K(1398144K)
[175.391s][info][gc,metaspace   ] GC(303) Metaspace: 14275K(15104K)->14275K(15104K) NonClass: 12331K(12800K)->12331K(12800K) Class: 1943K(2304K)->1943K(2304K)
[175.391s][info][gc             ] GC(303) Pause Young (Allocation Failure) 560M->14M(1979M) 53.835ms
[175.391s][info][gc,cpu         ] GC(303) User=0.05s Sys=0.00s Real=0.05s
[175.935s][info][gc,start       ] GC(304) Pause Young (Allocation Failure)
[175.994s][info][gc,heap        ] GC(304) DefNew: 560939K(629120K)->1787K(629120K) Eden: 559232K(559232K)->0K(559232K) From: 1707K(69888K)->1787K(69888K)
[175.994s][info][gc,heap        ] GC(304) Tenured: 12950K(1398144K)->12950K(1398144K)
[175.994s][info][gc,metaspace   ] GC(304) Metaspace: 14275K(15104K)->14275K(15104K) NonClass: 12331K(12800K)->12331K(12800K) Class: 1943K(2304K)->1943K(2304K)
[175.994s][info][gc             ] GC(304) Pause Young (Allocation Failure) 560M->14M(1979M) 58.729ms
[175.994s][info][gc,cpu         ] GC(304) User=0.06s Sys=0.00s Real=0.06s
[176.519s][info][gc,start       ] GC(305) Pause Young (Allocation Failure)
[176.576s][info][gc,heap        ] GC(305) DefNew: 561019K(629120K)->1867K(629120K) Eden: 559232K(559232K)->0K(559232K) From: 1787K(69888K)->1867K(69888K)
[176.576s][info][gc,heap        ] GC(305) Tenured: 12950K(1398144K)->12950K(1398144K)
[176.576s][info][gc,metaspace   ] GC(305) Metaspace: 14275K(15104K)->14275K(15104K) NonClass: 12331K(12800K)->12331K(12800K) Class: 1943K(2304K)->1943K(2304K)
[176.576s][info][gc             ] GC(305) Pause Young (Allocation Failure) 560M->14M(1979M) 56.888ms
[176.576s][info][gc,cpu         ] GC(305) User=0.06s Sys=0.02s Real=0.06s
[177.104s][info][gc,start       ] GC(306) Pause Young (Allocation Failure)
[177.165s][info][gc,heap        ] GC(306) DefNew: 561099K(629120K)->1954K(629120K) Eden: 559232K(559232K)->0K(559232K) From: 1867K(69888K)->1954K(69888K)
[177.165s][info][gc,heap        ] GC(306) Tenured: 12950K(1398144K)->12950K(1398144K)
[177.165s][info][gc,metaspace   ] GC(306) Metaspace: 14275K(15104K)->14275K(15104K) NonClass: 12331K(12800K)->12331K(12800K) Class: 1943K(2304K)->1943K(2304K)
[177.165s][info][gc             ] GC(306) Pause Young (Allocation Failure) 560M->14M(1979M) 60.837ms
[177.165s][info][gc,cpu         ] GC(306) User=0.05s Sys=0.00s Real=0.05s
[177.699s][info][gc,start       ] GC(307) Pause Young (Allocation Failure)
[177.756s][info][gc,heap        ] GC(307) DefNew: 561186K(629120K)->2037K(629120K) Eden: 559232K(559232K)->0K(559232K) From: 1954K(69888K)->2037K(69888K)
[177.756s][info][gc,heap        ] GC(307) Tenured: 12950K(1398144K)->12950K(1398144K)
[177.756s][info][gc,metaspace   ] GC(307) Metaspace: 14275K(15104K)->14275K(15104K) NonClass: 12331K(12800K)->12331K(12800K) Class: 1943K(2304K)->1943K(2304K)
[177.756s][info][gc             ] GC(307) Pause Young (Allocation Failure) 560M->14M(1979M) 57.841ms
[177.757s][info][gc,cpu         ] GC(307) User=0.05s Sys=0.00s Real=0.04s
[178.317s][info][gc,start       ] GC(308) Pause Young (Allocation Failure)
[178.372s][info][gc,heap        ] GC(308) DefNew: 561269K(629120K)->2125K(629120K) Eden: 559232K(559232K)->0K(559232K) From: 2037K(69888K)->2125K(69888K)
[178.372s][info][gc,heap        ] GC(308) Tenured: 12950K(1398144K)->12950K(1398144K)
[178.372s][info][gc,metaspace   ] GC(308) Metaspace: 14275K(15104K)->14275K(15104K) NonClass: 12331K(12800K)->12331K(12800K) Class: 1943K(2304K)->1943K(2304K)
[178.372s][info][gc             ] GC(308) Pause Young (Allocation Failure) 560M->14M(1979M) 54.359ms
[178.372s][info][gc,cpu         ] GC(308) User=0.05s Sys=0.00s Real=0.06s
[178.920s][info][gc,start       ] GC(309) Pause Young (Allocation Failure)
[178.975s][info][gc,heap        ] GC(309) DefNew: 561357K(629120K)->2209K(629120K) Eden: 559232K(559232K)->0K(559232K) From: 2125K(69888K)->2209K(69888K)
[178.975s][info][gc,heap        ] GC(309) Tenured: 12950K(1398144K)->12950K(1398144K)
[178.975s][info][gc,metaspace   ] GC(309) Metaspace: 14275K(15104K)->14275K(15104K) NonClass: 12331K(12800K)->12331K(12800K) Class: 1943K(2304K)->1943K(2304K)
[178.975s][info][gc             ] GC(309) Pause Young (Allocation Failure) 560M->14M(1979M) 54.944ms
[178.975s][info][gc,cpu         ] GC(309) User=0.06s Sys=0.00s Real=0.05s
[179.510s][info][gc,start       ] GC(310) Pause Young (Allocation Failure)
[179.555s][info][gc,heap        ] GC(310) DefNew: 561441K(629120K)->2293K(629120K) Eden: 559232K(559232K)->0K(559232K) From: 2209K(69888K)->2293K(69888K)
[179.555s][info][gc,heap        ] GC(310) Tenured: 12950K(1398144K)->12950K(1398144K)
[179.555s][info][gc,metaspace   ] GC(310) Metaspace: 14275K(15104K)->14275K(15104K) NonClass: 12331K(12800K)->12331K(12800K) Class: 1943K(2304K)->1943K(2304K)
[179.555s][info][gc             ] GC(310) Pause Young (Allocation Failure) 560M->14M(1979M) 45.188ms
[179.555s][info][gc,cpu         ] GC(310) User=0.05s Sys=0.00s Real=0.04s
[180.099s][info][gc,start       ] GC(311) Pause Young (Allocation Failure)
[180.144s][info][gc,heap        ] GC(311) DefNew: 561525K(629120K)->2374K(629120K) Eden: 559232K(559232K)->0K(559232K) From: 2293K(69888K)->2374K(69888K)
[180.144s][info][gc,heap        ] GC(311) Tenured: 12950K(1398144K)->12950K(1398144K)
[180.144s][info][gc,metaspace   ] GC(311) Metaspace: 14275K(15104K)->14275K(15104K) NonClass: 12331K(12800K)->12331K(12800K) Class: 1943K(2304K)->1943K(2304K)
[180.144s][info][gc             ] GC(311) Pause Young (Allocation Failure) 561M->14M(1979M) 45.771ms
[180.144s][info][gc,cpu         ] GC(311) User=0.05s Sys=0.00s Real=0.04s
[180.677s][info][gc,start       ] GC(312) Pause Young (Allocation Failure)
[180.737s][info][gc,heap        ] GC(312) DefNew: 561606K(629120K)->2453K(629120K) Eden: 559232K(559232K)->0K(559232K) From: 2374K(69888K)->2453K(69888K)
[180.737s][info][gc,heap        ] GC(312) Tenured: 12950K(1398144K)->12950K(1398144K)
[180.737s][info][gc,metaspace   ] GC(312) Metaspace: 14275K(15104K)->14275K(15104K) NonClass: 12331K(12800K)->12331K(12800K) Class: 1943K(2304K)->1943K(2304K)
[180.737s][info][gc             ] GC(312) Pause Young (Allocation Failure) 561M->15M(1979M) 59.389ms
[180.737s][info][gc,cpu         ] GC(312) User=0.06s Sys=0.00s Real=0.06s
[181.279s][info][gc,start       ] GC(313) Pause Young (Allocation Failure)
[181.340s][info][gc,heap        ] GC(313) DefNew: 561685K(629120K)->2539K(629120K) Eden: 559232K(559232K)->0K(559232K) From: 2453K(69888K)->2539K(69888K)
[181.340s][info][gc,heap        ] GC(313) Tenured: 12950K(1398144K)->12950K(1398144K)
[181.340s][info][gc,metaspace   ] GC(313) Metaspace: 14275K(15104K)->14275K(15104K) NonClass: 12331K(12800K)->12331K(12800K) Class: 1943K(2304K)->1943K(2304K)
[181.340s][info][gc             ] GC(313) Pause Young (Allocation Failure) 561M->15M(1979M) 61.250ms
[181.340s][info][gc,cpu         ] GC(313) User=0.06s Sys=0.00s Real=0.05s
[181.885s][info][gc,start       ] GC(314) Pause Young (Allocation Failure)
[181.941s][info][gc,heap        ] GC(314) DefNew: 561771K(629120K)->2625K(629120K) Eden: 559232K(559232K)->0K(559232K) From: 2539K(69888K)->2625K(69888K)
[181.941s][info][gc,heap        ] GC(314) Tenured: 12950K(1398144K)->12950K(1398144K)
[181.941s][info][gc,metaspace   ] GC(314) Metaspace: 14275K(15104K)->14275K(15104K) NonClass: 12331K(12800K)->12331K(12800K) Class: 1943K(2304K)->1943K(2304K)
[181.941s][info][gc             ] GC(314) Pause Young (Allocation Failure) 561M->15M(1979M) 56.291ms
[181.941s][info][gc,cpu         ] GC(314) User=0.05s Sys=0.00s Real=0.05s
[182.491s][info][gc,start       ] GC(315) Pause Young (Allocation Failure)
[182.545s][info][gc,heap        ] GC(315) DefNew: 561857K(629120K)->2711K(629120K) Eden: 559232K(559232K)->0K(559232K) From: 2625K(69888K)->2711K(69888K)
[182.545s][info][gc,heap        ] GC(315) Tenured: 12950K(1398144K)->12950K(1398144K)
[182.545s][info][gc,metaspace   ] GC(315) Metaspace: 14275K(15104K)->14275K(15104K) NonClass: 12331K(12800K)->12331K(12800K) Class: 1943K(2304K)->1943K(2304K)
[182.545s][info][gc             ] GC(315) Pause Young (Allocation Failure) 561M->15M(1979M) 54.021ms
[182.545s][info][gc,cpu         ] GC(315) User=0.05s Sys=0.00s Real=0.05s
[183.072s][info][gc,start       ] GC(316) Pause Young (Allocation Failure)
[183.127s][info][gc,heap        ] GC(316) DefNew: 561943K(629120K)->1263K(629120K) Eden: 559232K(559232K)->0K(559232K) From: 2711K(69888K)->1263K(69888K)
[183.127s][info][gc,heap        ] GC(316) Tenured: 12950K(1398144K)->14479K(1398144K)
[183.127s][info][gc,metaspace   ] GC(316) Metaspace: 14275K(15104K)->14275K(15104K) NonClass: 12331K(12800K)->12331K(12800K) Class: 1943K(2304K)->1943K(2304K)
[183.128s][info][gc             ] GC(316) Pause Young (Allocation Failure) 561M->15M(1979M) 55.266ms
[183.128s][info][gc,cpu         ] GC(316) User=0.06s Sys=0.00s Real=0.06s
[183.674s][info][gc,start       ] GC(317) Pause Young (Allocation Failure)
[183.733s][info][gc,heap        ] GC(317) DefNew: 560495K(629120K)->1269K(629120K) Eden: 559232K(559232K)->0K(559232K) From: 1263K(69888K)->1269K(69888K)
[183.733s][info][gc,heap        ] GC(317) Tenured: 14479K(1398144K)->14562K(1398144K)
[183.733s][info][gc,metaspace   ] GC(317) Metaspace: 14275K(15104K)->14275K(15104K) NonClass: 12331K(12800K)->12331K(12800K) Class: 1943K(2304K)->1943K(2304K)
[183.733s][info][gc             ] GC(317) Pause Young (Allocation Failure) 561M->15M(1979M) 58.401ms
[183.733s][info][gc,cpu         ] GC(317) User=0.05s Sys=0.00s Real=0.05s
[184.282s][info][gc,start       ] GC(318) Pause Young (Allocation Failure)
[184.341s][info][gc,heap        ] GC(318) DefNew: 560501K(629120K)->1269K(629120K) Eden: 559232K(559232K)->0K(559232K) From: 1269K(69888K)->1269K(69888K)
[184.341s][info][gc,heap        ] GC(318) Tenured: 14562K(1398144K)->14648K(1398144K)
[184.341s][info][gc,metaspace   ] GC(318) Metaspace: 14275K(15104K)->14275K(15104K) NonClass: 12331K(12800K)->12331K(12800K) Class: 1943K(2304K)->1943K(2304K)
[184.341s][info][gc             ] GC(318) Pause Young (Allocation Failure) 561M->15M(1979M) 59.415ms
[184.342s][info][gc,cpu         ] GC(318) User=0.05s Sys=0.00s Real=0.06s
[184.903s][info][gc,start       ] GC(319) Pause Young (Allocation Failure)
[184.957s][info][gc,heap        ] GC(319) DefNew: 560501K(629120K)->1280K(629120K) Eden: 559232K(559232K)->0K(559232K) From: 1269K(69888K)->1280K(69888K)
[184.957s][info][gc,heap        ] GC(319) Tenured: 14648K(1398144K)->14728K(1398144K)
[184.957s][info][gc,metaspace   ] GC(319) Metaspace: 14275K(15104K)->14275K(15104K) NonClass: 12331K(12800K)->12331K(12800K) Class: 1943K(2304K)->1943K(2304K)
[184.957s][info][gc             ] GC(319) Pause Young (Allocation Failure) 561M->15M(1979M) 53.913ms
[184.957s][info][gc,cpu         ] GC(319) User=0.06s Sys=0.00s Real=0.05s
[185.521s][info][gc,start       ] GC(320) Pause Young (Allocation Failure)
[185.571s][info][gc,heap        ] GC(320) DefNew: 560512K(629120K)->1288K(629120K) Eden: 559232K(559232K)->0K(559232K) From: 1280K(69888K)->1288K(69888K)
[185.571s][info][gc,heap        ] GC(320) Tenured: 14728K(1398144K)->14808K(1398144K)
[185.571s][info][gc,metaspace   ] GC(320) Metaspace: 14275K(15104K)->14275K(15104K) NonClass: 12331K(12800K)->12331K(12800K) Class: 1943K(2304K)->1943K(2304K)
[185.571s][info][gc             ] GC(320) Pause Young (Allocation Failure) 561M->15M(1979M) 50.118ms
[185.571s][info][gc,cpu         ] GC(320) User=0.05s Sys=0.00s Real=0.05s
[186.119s][info][gc,start       ] GC(321) Pause Young (Allocation Failure)
[186.163s][info][gc,heap        ] GC(321) DefNew: 560520K(629120K)->1288K(629120K) Eden: 559232K(559232K)->0K(559232K) From: 1288K(69888K)->1288K(69888K)
[186.163s][info][gc,heap        ] GC(321) Tenured: 14808K(1398144K)->14894K(1398144K)
[186.163s][info][gc,metaspace   ] GC(321) Metaspace: 14275K(15104K)->14275K(15104K) NonClass: 12331K(12800K)->12331K(12800K) Class: 1943K(2304K)->1943K(2304K)
[186.163s][info][gc             ] GC(321) Pause Young (Allocation Failure) 561M->15M(1979M) 43.346ms
[186.163s][info][gc,cpu         ] GC(321) User=0.05s Sys=0.00s Real=0.04s
[186.707s][info][gc,start       ] GC(322) Pause Young (Allocation Failure)
[186.752s][info][gc,heap        ] GC(322) DefNew: 560520K(629120K)->1291K(629120K) Eden: 559232K(559232K)->0K(559232K) From: 1288K(69888K)->1291K(69888K)
[186.752s][info][gc,heap        ] GC(322) Tenured: 14894K(1398144K)->14977K(1398144K)
[186.752s][info][gc,metaspace   ] GC(322) Metaspace: 14275K(15104K)->14275K(15104K) NonClass: 12331K(12800K)->12331K(12800K) Class: 1943K(2304K)->1943K(2304K)
[186.752s][info][gc             ] GC(322) Pause Young (Allocation Failure) 561M->15M(1979M) 45.797ms
[186.752s][info][gc,cpu         ] GC(322) User=0.05s Sys=0.00s Real=0.05s
[187.299s][info][gc,start       ] GC(323) Pause Young (Allocation Failure)
[187.357s][info][gc,heap        ] GC(323) DefNew: 560523K(629120K)->1288K(629120K) Eden: 559232K(559232K)->0K(559232K) From: 1291K(69888K)->1288K(69888K)
[187.357s][info][gc,heap        ] GC(323) Tenured: 14977K(1398144K)->15067K(1398144K)
[187.357s][info][gc,metaspace   ] GC(323) Metaspace: 14275K(15104K)->14275K(15104K) NonClass: 12331K(12800K)->12331K(12800K) Class: 1943K(2304K)->1943K(2304K)
[187.357s][info][gc             ] GC(323) Pause Young (Allocation Failure) 562M->15M(1979M) 57.974ms
[187.357s][info][gc,cpu         ] GC(323) User=0.05s Sys=0.00s Real=0.06s
[187.901s][info][gc,start       ] GC(324) Pause Young (Allocation Failure)
[187.961s][info][gc,heap        ] GC(324) DefNew: 560520K(629120K)->1287K(629120K) Eden: 559232K(559232K)->0K(559232K) From: 1288K(69888K)->1287K(69888K)
[187.961s][info][gc,heap        ] GC(324) Tenured: 15067K(1398144K)->15150K(1398144K)
[187.961s][info][gc,metaspace   ] GC(324) Metaspace: 14275K(15104K)->14275K(15104K) NonClass: 12331K(12800K)->12331K(12800K) Class: 1943K(2304K)->1943K(2304K)
[187.961s][info][gc             ] GC(324) Pause Young (Allocation Failure) 562M->16M(1979M) 59.603ms
[187.961s][info][gc,cpu         ] GC(324) User=0.06s Sys=0.00s Real=0.06s
[188.506s][info][gc,start       ] GC(325) Pause Young (Allocation Failure)
[188.562s][info][gc,heap        ] GC(325) DefNew: 560519K(629120K)->1287K(629120K) Eden: 559232K(559232K)->0K(559232K) From: 1287K(69888K)->1287K(69888K)
[188.562s][info][gc,heap        ] GC(325) Tenured: 15150K(1398144K)->15232K(1398144K)
[188.562s][info][gc,metaspace   ] GC(325) Metaspace: 14275K(15104K)->14275K(15104K) NonClass: 12331K(12800K)->12331K(12800K) Class: 1943K(2304K)->1943K(2304K)
[188.562s][info][gc             ] GC(325) Pause Young (Allocation Failure) 562M->16M(1979M) 56.221ms
[188.562s][info][gc,cpu         ] GC(325) User=0.06s Sys=0.00s Real=0.06s
[189.133s][info][gc,start       ] GC(326) Pause Young (Allocation Failure)
[189.183s][info][gc,heap        ] GC(326) DefNew: 560519K(629120K)->1293K(629120K) Eden: 559232K(559232K)->0K(559232K) From: 1287K(69888K)->1293K(69888K)
[189.183s][info][gc,heap        ] GC(326) Tenured: 15232K(1398144K)->15313K(1398144K)
[189.183s][info][gc,metaspace   ] GC(326) Metaspace: 14275K(15104K)->14275K(15104K) NonClass: 12331K(12800K)->12331K(12800K) Class: 1943K(2304K)->1943K(2304K)
[189.183s][info][gc             ] GC(326) Pause Young (Allocation Failure) 562M->16M(1979M) 50.841ms
[189.183s][info][gc,cpu         ] GC(326) User=0.05s Sys=0.00s Real=0.05s
[189.723s][info][gc,start       ] GC(327) Pause Young (Allocation Failure)
[189.782s][info][gc,heap        ] GC(327) DefNew: 560525K(629120K)->1297K(629120K) Eden: 559232K(559232K)->0K(559232K) From: 1293K(69888K)->1297K(69888K)
[189.782s][info][gc,heap        ] GC(327) Tenured: 15313K(1398144K)->15393K(1398144K)
[189.782s][info][gc,metaspace   ] GC(327) Metaspace: 14275K(15104K)->14275K(15104K) NonClass: 12331K(12800K)->12331K(12800K) Class: 1943K(2304K)->1943K(2304K)
[189.782s][info][gc             ] GC(327) Pause Young (Allocation Failure) 562M->16M(1979M) 59.009ms
[189.782s][info][gc,cpu         ] GC(327) User=0.05s Sys=0.00s Real=0.06s
[190.223s][info][gc,start       ] GC(328) Pause Young (Allocation Failure)
[190.280s][info][gc,heap        ] GC(328) DefNew: 560529K(629120K)->1277K(629120K) Eden: 559232K(559232K)->0K(559232K) From: 1297K(69888K)->1277K(69888K)
[190.280s][info][gc,heap        ] GC(328) Tenured: 15393K(1398144K)->15478K(1398144K)
[190.280s][info][gc,metaspace   ] GC(328) Metaspace: 14275K(15104K)->14275K(15104K) NonClass: 12331K(12800K)->12331K(12800K) Class: 1943K(2304K)->1943K(2304K)
[190.280s][info][gc             ] GC(328) Pause Young (Allocation Failure) 562M->16M(1979M) 57.391ms
[190.280s][info][gc,cpu         ] GC(328) User=0.05s Sys=0.00s Real=0.06s
[190.528s][info][gc,start       ] GC(329) Pause Full (System.gc())
[190.528s][info][gc,phases,start] GC(329) Phase 1: Mark live objects
[190.573s][info][gc,phases      ] GC(329) Phase 1: Mark live objects 44.556ms
[190.573s][info][gc,phases,start] GC(329) Phase 2: Compute new object addresses
[190.628s][info][gc,phases      ] GC(329) Phase 2: Compute new object addresses 55.647ms
[190.628s][info][gc,phases,start] GC(329) Phase 3: Adjust pointers
[190.652s][info][gc,phases      ] GC(329) Phase 3: Adjust pointers 23.192ms
[190.652s][info][gc,phases,start] GC(329) Phase 4: Move objects
[190.652s][info][gc,phases      ] GC(329) Phase 4: Move objects 0.014ms
[190.652s][info][gc,heap        ] GC(329) DefNew: 237517K(629120K)->0K(629120K) Eden: 236240K(559232K)->0K(559232K) From: 1277K(69888K)->0K(69888K)
[190.652s][info][gc,heap        ] GC(329) Tenured: 15478K(1398144K)->5365K(1398144K)
[190.652s][info][gc,metaspace   ] GC(329) Metaspace: 14277K(15104K)->14277K(15104K) NonClass: 12333K(12800K)->12333K(12800K) Class: 1943K(2304K)->1943K(2304K)
[190.652s][info][gc             ] GC(329) Pause Full (System.gc()) 247M->5M(1979M) 123.844ms
[190.652s][info][gc,cpu         ] GC(329) User=0.13s Sys=0.00s Real=0.12s
[191.123s][info][gc,start       ] GC(330) Pause Young (Allocation Failure)
[191.166s][info][gc,heap        ] GC(330) DefNew: 559232K(629120K)->1534K(629120K) Eden: 559232K(559232K)->0K(559232K) From: 0K(69888K)->1534K(69888K)
[191.166s][info][gc,heap        ] GC(330) Tenured: 5365K(1398144K)->5365K(1398144K)
[191.166s][info][gc,metaspace   ] GC(330) Metaspace: 14280K(15104K)->14280K(15104K) NonClass: 12336K(12800K)->12336K(12800K) Class: 1943K(2304K)->1943K(2304K)
[191.167s][info][gc             ] GC(330) Pause Young (Allocation Failure) 551M->6M(1979M) 43.407ms
[191.167s][info][gc,cpu         ] GC(330) User=0.05s Sys=0.00s Real=0.04s
[191.702s][info][gc,start       ] GC(331) Pause Young (Allocation Failure)
[191.763s][info][gc,heap        ] GC(331) DefNew: 560766K(629120K)->1616K(629120K) Eden: 559231K(559232K)->0K(559232K) From: 1534K(69888K)->1616K(69888K)
[191.763s][info][gc,heap        ] GC(331) Tenured: 5365K(1398144K)->5365K(1398144K)
[191.763s][info][gc,metaspace   ] GC(331) Metaspace: 14280K(15104K)->14280K(15104K) NonClass: 12336K(12800K)->12336K(12800K) Class: 1943K(2304K)->1943K(2304K)
[191.763s][info][gc             ] GC(331) Pause Young (Allocation Failure) 552M->6M(1979M) 61.288ms
[191.763s][info][gc,cpu         ] GC(331) User=0.05s Sys=0.00s Real=0.05s
[192.328s][info][gc,start       ] GC(332) Pause Young (Allocation Failure)
[192.392s][info][gc,heap        ] GC(332) DefNew: 560848K(629120K)->1699K(629120K) Eden: 559232K(559232K)->0K(559232K) From: 1616K(69888K)->1699K(69888K)
[192.392s][info][gc,heap        ] GC(332) Tenured: 5365K(1398144K)->5365K(1398144K)
[192.392s][info][gc,metaspace   ] GC(332) Metaspace: 14280K(15104K)->14280K(15104K) NonClass: 12336K(12800K)->12336K(12800K) Class: 1943K(2304K)->1943K(2304K)
[192.392s][info][gc             ] GC(332) Pause Young (Allocation Failure) 552M->6M(1979M) 63.901ms
[192.392s][info][gc,cpu         ] GC(332) User=0.06s Sys=0.00s Real=0.06s
[192.914s][info][gc,start       ] GC(333) Pause Young (Allocation Failure)
[192.967s][info][gc,heap        ] GC(333) DefNew: 560931K(629120K)->1779K(629120K) Eden: 559232K(559232K)->0K(559232K) From: 1699K(69888K)->1779K(69888K)
[192.967s][info][gc,heap        ] GC(333) Tenured: 5365K(1398144K)->5365K(1398144K)
[192.967s][info][gc,metaspace   ] GC(333) Metaspace: 14280K(15104K)->14280K(15104K) NonClass: 12336K(12800K)->12336K(12800K) Class: 1943K(2304K)->1943K(2304K)
[192.967s][info][gc             ] GC(333) Pause Young (Allocation Failure) 553M->6M(1979M) 53.093ms
[192.967s][info][gc,cpu         ] GC(333) User=0.05s Sys=0.00s Real=0.04s
[193.523s][info][gc,start       ] GC(334) Pause Young (Allocation Failure)
[193.576s][info][gc,heap        ] GC(334) DefNew: 561011K(629120K)->1869K(629120K) Eden: 559232K(559232K)->0K(559232K) From: 1779K(69888K)->1869K(69888K)
[193.576s][info][gc,heap        ] GC(334) Tenured: 5365K(1398144K)->5365K(1398144K)
[193.576s][info][gc,metaspace   ] GC(334) Metaspace: 14280K(15104K)->14280K(15104K) NonClass: 12336K(12800K)->12336K(12800K) Class: 1943K(2304K)->1943K(2304K)
[193.576s][info][gc             ] GC(334) Pause Young (Allocation Failure) 553M->7M(1979M) 53.202ms
[193.576s][info][gc,cpu         ] GC(334) User=0.05s Sys=0.00s Real=0.05s
[194.101s][info][gc,start       ] GC(335) Pause Young (Allocation Failure)
[194.158s][info][gc,heap        ] GC(335) DefNew: 561101K(629120K)->1948K(629120K) Eden: 559232K(559232K)->0K(559232K) From: 1869K(69888K)->1948K(69888K)
[194.158s][info][gc,heap        ] GC(335) Tenured: 5365K(1398144K)->5365K(1398144K)
[194.158s][info][gc,metaspace   ] GC(335) Metaspace: 14280K(15104K)->14280K(15104K) NonClass: 12336K(12800K)->12336K(12800K) Class: 1943K(2304K)->1943K(2304K)
[194.158s][info][gc             ] GC(335) Pause Young (Allocation Failure) 553M->7M(1979M) 57.644ms
[194.158s][info][gc,cpu         ] GC(335) User=0.06s Sys=0.00s Real=0.06s
[194.692s][info][gc,start       ] GC(336) Pause Young (Allocation Failure)
[194.752s][info][gc,heap        ] GC(336) DefNew: 561180K(629120K)->2031K(629120K) Eden: 559232K(559232K)->0K(559232K) From: 1948K(69888K)->2031K(69888K)
[194.752s][info][gc,heap        ] GC(336) Tenured: 5365K(1398144K)->5365K(1398144K)
[194.752s][info][gc,metaspace   ] GC(336) Metaspace: 14280K(15104K)->14280K(15104K) NonClass: 12336K(12800K)->12336K(12800K) Class: 1943K(2304K)->1943K(2304K)
[194.752s][info][gc             ] GC(336) Pause Young (Allocation Failure) 553M->7M(1979M) 59.255ms
[194.752s][info][gc,cpu         ] GC(336) User=0.05s Sys=0.00s Real=0.05s
[195.291s][info][gc,start       ] GC(337) Pause Young (Allocation Failure)
[195.350s][info][gc,heap        ] GC(337) DefNew: 561263K(629120K)->2116K(629120K) Eden: 559232K(559232K)->0K(559232K) From: 2031K(69888K)->2116K(69888K)
[195.350s][info][gc,heap        ] GC(337) Tenured: 5365K(1398144K)->5365K(1398144K)
[195.350s][info][gc,metaspace   ] GC(337) Metaspace: 14280K(15104K)->14280K(15104K) NonClass: 12336K(12800K)->12336K(12800K) Class: 1943K(2304K)->1943K(2304K)
[195.350s][info][gc             ] GC(337) Pause Young (Allocation Failure) 553M->7M(1979M) 58.750ms
[195.350s][info][gc,cpu         ] GC(337) User=0.05s Sys=0.00s Real=0.05s
[195.875s][info][gc,start       ] GC(338) Pause Young (Allocation Failure)
[195.937s][info][gc,heap        ] GC(338) DefNew: 561348K(629120K)->2195K(629120K) Eden: 559232K(559232K)->0K(559232K) From: 2116K(69888K)->2195K(69888K)
[195.937s][info][gc,heap        ] GC(338) Tenured: 5365K(1398144K)->5365K(1398144K)
[195.937s][info][gc,metaspace   ] GC(338) Metaspace: 14280K(15104K)->14280K(15104K) NonClass: 12336K(12800K)->12336K(12800K) Class: 1943K(2304K)->1943K(2304K)
[195.937s][info][gc             ] GC(338) Pause Young (Allocation Failure) 553M->7M(1979M) 61.849ms
[195.937s][info][gc,cpu         ] GC(338) User=0.05s Sys=0.00s Real=0.05s
[196.466s][info][gc,start       ] GC(339) Pause Young (Allocation Failure)
[196.523s][info][gc,heap        ] GC(339) DefNew: 561427K(629120K)->2277K(629120K) Eden: 559232K(559232K)->0K(559232K) From: 2195K(69888K)->2277K(69888K)
[196.523s][info][gc,heap        ] GC(339) Tenured: 5365K(1398144K)->5365K(1398144K)
[196.523s][info][gc,metaspace   ] GC(339) Metaspace: 14280K(15104K)->14280K(15104K) NonClass: 12336K(12800K)->12336K(12800K) Class: 1943K(2304K)->1943K(2304K)
[196.523s][info][gc             ] GC(339) Pause Young (Allocation Failure) 553M->7M(1979M) 56.974ms
[196.523s][info][gc,cpu         ] GC(339) User=0.06s Sys=0.00s Real=0.05s
[197.077s][info][gc,start       ] GC(340) Pause Young (Allocation Failure)
[197.132s][info][gc,heap        ] GC(340) DefNew: 561509K(629120K)->2356K(629120K) Eden: 559232K(559232K)->0K(559232K) From: 2277K(69888K)->2356K(69888K)
[197.132s][info][gc,heap        ] GC(340) Tenured: 5365K(1398144K)->5365K(1398144K)
[197.132s][info][gc,metaspace   ] GC(340) Metaspace: 14280K(15104K)->14280K(15104K) NonClass: 12336K(12800K)->12336K(12800K) Class: 1943K(2304K)->1943K(2304K)
[197.132s][info][gc             ] GC(340) Pause Young (Allocation Failure) 553M->7M(1979M) 54.763ms
[197.132s][info][gc,cpu         ] GC(340) User=0.05s Sys=0.00s Real=0.06s
[197.655s][info][gc,start       ] GC(341) Pause Young (Allocation Failure)
[197.709s][info][gc,heap        ] GC(341) DefNew: 561588K(629120K)->2436K(629120K) Eden: 559232K(559232K)->0K(559232K) From: 2356K(69888K)->2436K(69888K)
[197.709s][info][gc,heap        ] GC(341) Tenured: 5365K(1398144K)->5365K(1398144K)
[197.709s][info][gc,metaspace   ] GC(341) Metaspace: 14280K(15104K)->14280K(15104K) NonClass: 12336K(12800K)->12336K(12800K) Class: 1943K(2304K)->1943K(2304K)
[197.709s][info][gc             ] GC(341) Pause Young (Allocation Failure) 553M->7M(1979M) 54.511ms
[197.709s][info][gc,cpu         ] GC(341) User=0.03s Sys=0.00s Real=0.05s
[198.242s][info][gc,start       ] GC(342) Pause Young (Allocation Failure)
[198.301s][info][gc,heap        ] GC(342) DefNew: 561668K(629120K)->2519K(629120K) Eden: 559232K(559232K)->0K(559232K) From: 2436K(69888K)->2519K(69888K)
[198.301s][info][gc,heap        ] GC(342) Tenured: 5365K(1398144K)->5365K(1398144K)
[198.301s][info][gc,metaspace   ] GC(342) Metaspace: 14280K(15104K)->14280K(15104K) NonClass: 12336K(12800K)->12336K(12800K) Class: 1943K(2304K)->1943K(2304K)
[198.301s][info][gc             ] GC(342) Pause Young (Allocation Failure) 553M->7M(1979M) 59.159ms
[198.301s][info][gc,cpu         ] GC(342) User=0.06s Sys=0.00s Real=0.06s
[198.846s][info][gc,start       ] GC(343) Pause Young (Allocation Failure)
[198.901s][info][gc,heap        ] GC(343) DefNew: 561751K(629120K)->2605K(629120K) Eden: 559232K(559232K)->0K(559232K) From: 2519K(69888K)->2605K(69888K)
[198.901s][info][gc,heap        ] GC(343) Tenured: 5365K(1398144K)->5365K(1398144K)
[198.901s][info][gc,metaspace   ] GC(343) Metaspace: 14280K(15104K)->14280K(15104K) NonClass: 12336K(12800K)->12336K(12800K) Class: 1943K(2304K)->1943K(2304K)
[198.901s][info][gc             ] GC(343) Pause Young (Allocation Failure) 553M->7M(1979M) 55.864ms
[198.901s][info][gc,cpu         ] GC(343) User=0.05s Sys=0.00s Real=0.05s
[199.441s][info][gc,start       ] GC(344) Pause Young (Allocation Failure)
[199.495s][info][gc,heap        ] GC(344) DefNew: 561837K(629120K)->2688K(629120K) Eden: 559232K(559232K)->0K(559232K) From: 2605K(69888K)->2688K(69888K)
[199.496s][info][gc,heap        ] GC(344) Tenured: 5365K(1398144K)->5365K(1398144K)
[199.496s][info][gc,metaspace   ] GC(344) Metaspace: 14280K(15104K)->14280K(15104K) NonClass: 12336K(12800K)->12336K(12800K) Class: 1943K(2304K)->1943K(2304K)
[199.496s][info][gc             ] GC(344) Pause Young (Allocation Failure) 553M->7M(1979M) 54.808ms
[199.496s][info][gc,cpu         ] GC(344) User=0.05s Sys=0.00s Real=0.05s
[200.028s][info][gc,start       ] GC(345) Pause Young (Allocation Failure)
[200.082s][info][gc,heap        ] GC(345) DefNew: 561920K(629120K)->1244K(629120K) Eden: 559232K(559232K)->0K(559232K) From: 2688K(69888K)->1244K(69888K)
[200.082s][info][gc,heap        ] GC(345) Tenured: 5365K(1398144K)->6890K(1398144K)
[200.082s][info][gc,metaspace   ] GC(345) Metaspace: 14280K(15104K)->14280K(15104K) NonClass: 12336K(12800K)->12336K(12800K) Class: 1943K(2304K)->1943K(2304K)
[200.082s][info][gc             ] GC(345) Pause Young (Allocation Failure) 553M->7M(1979M) 53.715ms
[200.082s][info][gc,cpu         ] GC(345) User=0.06s Sys=0.00s Real=0.05s
[200.595s][info][gc,start       ] GC(346) Pause Young (Allocation Failure)
[200.646s][info][gc,heap        ] GC(346) DefNew: 560476K(629120K)->1244K(629120K) Eden: 559232K(559232K)->0K(559232K) From: 1244K(69888K)->1244K(69888K)
[200.647s][info][gc,heap        ] GC(346) Tenured: 6890K(1398144K)->6973K(1398144K)
[200.647s][info][gc,metaspace   ] GC(346) Metaspace: 14280K(15104K)->14280K(15104K) NonClass: 12336K(12800K)->12336K(12800K) Class: 1943K(2304K)->1943K(2304K)
[200.647s][info][gc             ] GC(346) Pause Young (Allocation Failure) 554M->8M(1979M) 51.360ms
[200.647s][info][gc,cpu         ] GC(346) User=0.05s Sys=0.00s Real=0.05s
[201.159s][info][gc,start       ] GC(347) Pause Young (Allocation Failure)
[201.203s][info][gc,heap        ] GC(347) DefNew: 560476K(629120K)->1241K(629120K) Eden: 559232K(559232K)->0K(559232K) From: 1244K(69888K)->1241K(69888K)
[201.203s][info][gc,heap        ] GC(347) Tenured: 6973K(1398144K)->7056K(1398144K)
[201.203s][info][gc,metaspace   ] GC(347) Metaspace: 14280K(15104K)->14280K(15104K) NonClass: 12336K(12800K)->12336K(12800K) Class: 1943K(2304K)->1943K(2304K)
[201.203s][info][gc             ] GC(347) Pause Young (Allocation Failure) 554M->8M(1979M) 44.075ms
[201.203s][info][gc,cpu         ] GC(347) User=0.03s Sys=0.00s Real=0.03s
[201.718s][info][gc,start       ] GC(348) Pause Young (Allocation Failure)
[201.774s][info][gc,heap        ] GC(348) DefNew: 560473K(629120K)->1248K(629120K) Eden: 559232K(559232K)->0K(559232K) From: 1241K(69888K)->1248K(69888K)
[201.774s][info][gc,heap        ] GC(348) Tenured: 7056K(1398144K)->7135K(1398144K)
[201.774s][info][gc,metaspace   ] GC(348) Metaspace: 14280K(15104K)->14280K(15104K) NonClass: 12336K(12800K)->12336K(12800K) Class: 1943K(2304K)->1943K(2304K)
[201.774s][info][gc             ] GC(348) Pause Young (Allocation Failure) 554M->8M(1979M) 56.489ms
[201.774s][info][gc,cpu         ] GC(348) User=0.05s Sys=0.00s Real=0.05s
[202.286s][info][gc,start       ] GC(349) Pause Young (Allocation Failure)
[202.342s][info][gc,heap        ] GC(349) DefNew: 560480K(629120K)->1238K(629120K) Eden: 559232K(559232K)->0K(559232K) From: 1248K(69888K)->1238K(69888K)
[202.342s][info][gc,heap        ] GC(349) Tenured: 7135K(1398144K)->7224K(1398144K)
[202.343s][info][gc,metaspace   ] GC(349) Metaspace: 14280K(15104K)->14280K(15104K) NonClass: 12336K(12800K)->12336K(12800K) Class: 1943K(2304K)->1943K(2304K)
[202.343s][info][gc             ] GC(349) Pause Young (Allocation Failure) 554M->8M(1979M) 56.311ms
[202.343s][info][gc,cpu         ] GC(349) User=0.05s Sys=0.00s Real=0.05s
[202.847s][info][gc,start       ] GC(350) Pause Young (Allocation Failure)
[202.904s][info][gc,heap        ] GC(350) DefNew: 560470K(629120K)->1237K(629120K) Eden: 559232K(559232K)->0K(559232K) From: 1238K(69888K)->1237K(69888K)
[202.904s][info][gc,heap        ] GC(350) Tenured: 7224K(1398144K)->7303K(1398144K)
[202.904s][info][gc,metaspace   ] GC(350) Metaspace: 14280K(15104K)->14280K(15104K) NonClass: 12336K(12800K)->12336K(12800K) Class: 1943K(2304K)->1943K(2304K)
[202.904s][info][gc             ] GC(350) Pause Young (Allocation Failure) 554M->8M(1979M) 57.825ms
[202.904s][info][gc,cpu         ] GC(350) User=0.05s Sys=0.00s Real=0.05s
[203.422s][info][gc,start       ] GC(351) Pause Young (Allocation Failure)
[203.470s][info][gc,heap        ] GC(351) DefNew: 560469K(629120K)->1232K(629120K) Eden: 559232K(559232K)->0K(559232K) From: 1237K(69888K)->1232K(69888K)
[203.470s][info][gc,heap        ] GC(351) Tenured: 7303K(1398144K)->7387K(1398144K)
[203.470s][info][gc,metaspace   ] GC(351) Metaspace: 14280K(15104K)->14280K(15104K) NonClass: 12336K(12800K)->12336K(12800K) Class: 1943K(2304K)->1943K(2304K)
[203.470s][info][gc             ] GC(351) Pause Young (Allocation Failure) 554M->8M(1979M) 48.458ms
[203.470s][info][gc,cpu         ] GC(351) User=0.05s Sys=0.00s Real=0.05s
[204.004s][info][gc,start       ] GC(352) Pause Young (Allocation Failure)
[204.045s][info][gc,heap        ] GC(352) DefNew: 560464K(629120K)->1231K(629120K) Eden: 559232K(559232K)->0K(559232K) From: 1232K(69888K)->1231K(69888K)
[204.045s][info][gc,heap        ] GC(352) Tenured: 7387K(1398144K)->7470K(1398144K)
[204.045s][info][gc,metaspace   ] GC(352) Metaspace: 14280K(15104K)->14280K(15104K) NonClass: 12336K(12800K)->12336K(12800K) Class: 1943K(2304K)->1943K(2304K)
[204.045s][info][gc             ] GC(352) Pause Young (Allocation Failure) 554M->8M(1979M) 40.892ms
[204.045s][info][gc,cpu         ] GC(352) User=0.03s Sys=0.00s Real=0.03s
[204.558s][info][gc,start       ] GC(353) Pause Young (Allocation Failure)
[204.612s][info][gc,heap        ] GC(353) DefNew: 560463K(629120K)->1229K(629120K) Eden: 559232K(559232K)->0K(559232K) From: 1231K(69888K)->1229K(69888K)
[204.613s][info][gc,heap        ] GC(353) Tenured: 7470K(1398144K)->7550K(1398144K)
[204.613s][info][gc,metaspace   ] GC(353) Metaspace: 14280K(15104K)->14280K(15104K) NonClass: 12336K(12800K)->12336K(12800K) Class: 1943K(2304K)->1943K(2304K)
[204.613s][info][gc             ] GC(353) Pause Young (Allocation Failure) 554M->8M(1979M) 55.019ms
[204.613s][info][gc,cpu         ] GC(353) User=0.06s Sys=0.00s Real=0.06s
[205.125s][info][gc,start       ] GC(354) Pause Young (Allocation Failure)
[205.179s][info][gc,heap        ] GC(354) DefNew: 560461K(629120K)->1228K(629120K) Eden: 559232K(559232K)->0K(559232K) From: 1229K(69888K)->1228K(69888K)
[205.179s][info][gc,heap        ] GC(354) Tenured: 7550K(1398144K)->7630K(1398144K)
[205.179s][info][gc,metaspace   ] GC(354) Metaspace: 14280K(15104K)->14280K(15104K) NonClass: 12336K(12800K)->12336K(12800K) Class: 1943K(2304K)->1943K(2304K)
[205.179s][info][gc             ] GC(354) Pause Young (Allocation Failure) 554M->8M(1979M) 54.293ms
[205.179s][info][gc,cpu         ] GC(354) User=0.05s Sys=0.00s Real=0.05s
[205.692s][info][gc,start       ] GC(355) Pause Young (Allocation Failure)
[205.749s][info][gc,heap        ] GC(355) DefNew: 560460K(629120K)->1228K(629120K) Eden: 559232K(559232K)->0K(559232K) From: 1228K(69888K)->1228K(69888K)
[205.749s][info][gc,heap        ] GC(355) Tenured: 7630K(1398144K)->7711K(1398144K)
[205.749s][info][gc,metaspace   ] GC(355) Metaspace: 14280K(15104K)->14280K(15104K) NonClass: 12336K(12800K)->12336K(12800K) Class: 1943K(2304K)->1943K(2304K)
[205.749s][info][gc             ] GC(355) Pause Young (Allocation Failure) 554M->8M(1979M) 57.126ms
[205.749s][info][gc,cpu         ] GC(355) User=0.05s Sys=0.00s Real=0.06s
[206.253s][info][gc,start       ] GC(356) Pause Young (Allocation Failure)
[206.313s][info][gc,heap        ] GC(356) DefNew: 560460K(629120K)->1226K(629120K) Eden: 559232K(559232K)->0K(559232K) From: 1228K(69888K)->1226K(69888K)
[206.313s][info][gc,heap        ] GC(356) Tenured: 7711K(1398144K)->7791K(1398144K)
[206.313s][info][gc,metaspace   ] GC(356) Metaspace: 14280K(15104K)->14280K(15104K) NonClass: 12336K(12800K)->12336K(12800K) Class: 1943K(2304K)->1943K(2304K)
[206.313s][info][gc             ] GC(356) Pause Young (Allocation Failure) 554M->8M(1979M) 59.336ms
[206.313s][info][gc,cpu         ] GC(356) User=0.06s Sys=0.02s Real=0.06s
[206.897s][info][gc,start       ] GC(357) Pause Young (Allocation Failure)
[206.954s][info][gc,heap        ] GC(357) DefNew: 560458K(629120K)->1220K(629120K) Eden: 559232K(559232K)->0K(559232K) From: 1226K(69888K)->1220K(69888K)
[206.954s][info][gc,heap        ] GC(357) Tenured: 7791K(1398144K)->7874K(1398144K)
[206.954s][info][gc,metaspace   ] GC(357) Metaspace: 14280K(15104K)->14280K(15104K) NonClass: 12336K(12800K)->12336K(12800K) Class: 1943K(2304K)->1943K(2304K)
[206.954s][info][gc             ] GC(357) Pause Young (Allocation Failure) 554M->8M(1979M) 57.721ms
[206.954s][info][gc,cpu         ] GC(357) User=0.06s Sys=0.00s Real=0.06s
[207.384s][info][gc,start       ] GC(358) Pause Full (System.gc())
[207.384s][info][gc,phases,start] GC(358) Phase 1: Mark live objects
[207.436s][info][gc,phases      ] GC(358) Phase 1: Mark live objects 51.780ms
[207.436s][info][gc,phases,start] GC(358) Phase 2: Compute new object addresses
[207.563s][info][gc,phases      ] GC(358) Phase 2: Compute new object addresses 127.839ms
[207.564s][info][gc,phases,start] GC(358) Phase 3: Adjust pointers
[207.585s][info][gc,phases      ] GC(358) Phase 3: Adjust pointers 21.426ms
[207.585s][info][gc,phases,start] GC(358) Phase 4: Move objects
[207.585s][info][gc,phases      ] GC(358) Phase 4: Move objects 0.013ms
[207.585s][info][gc,heap        ] GC(358) DefNew: 545093K(629120K)->0K(629120K) Eden: 543873K(559232K)->0K(559232K) From: 1220K(69888K)->0K(69888K)
[207.585s][info][gc,heap        ] GC(358) Tenured: 7874K(1398144K)->7874K(1398144K)
[207.585s][info][gc,metaspace   ] GC(358) Metaspace: 14280K(15104K)->14280K(15104K) NonClass: 12336K(12800K)->12336K(12800K) Class: 1943K(2304K)->1943K(2304K)
[207.585s][info][gc             ] GC(358) Pause Full (System.gc()) 540M->7M(1979M) 201.469ms
[207.585s][info][gc,cpu         ] GC(358) User=0.19s Sys=0.00s Real=0.19s
[208.076s][info][gc,start       ] GC(359) Pause Young (Allocation Failure)
[208.118s][info][gc,heap        ] GC(359) DefNew: 559232K(629120K)->1536K(629120K) Eden: 559232K(559232K)->0K(559232K) From: 0K(69888K)->1536K(69888K)
[208.118s][info][gc,heap        ] GC(359) Tenured: 7874K(1398144K)->7874K(1398144K)
[208.118s][info][gc,metaspace   ] GC(359) Metaspace: 14280K(15104K)->14280K(15104K) NonClass: 12336K(12800K)->12336K(12800K) Class: 1943K(2304K)->1943K(2304K)
[208.118s][info][gc             ] GC(359) Pause Young (Allocation Failure) 553M->9M(1979M) 42.019ms
[208.118s][info][gc,cpu         ] GC(359) User=0.05s Sys=0.00s Real=0.04s
[208.648s][info][gc,start       ] GC(360) Pause Young (Allocation Failure)
[208.701s][info][gc,heap        ] GC(360) DefNew: 560768K(629120K)->1616K(629120K) Eden: 559232K(559232K)->0K(559232K) From: 1536K(69888K)->1616K(69888K)
[208.701s][info][gc,heap        ] GC(360) Tenured: 7874K(1398144K)->7874K(1398144K)
[208.701s][info][gc,metaspace   ] GC(360) Metaspace: 14280K(15104K)->14280K(15104K) NonClass: 12336K(12800K)->12336K(12800K) Class: 1943K(2304K)->1943K(2304K)
[208.701s][info][gc             ] GC(360) Pause Young (Allocation Failure) 555M->9M(1979M) 53.001ms
[208.701s][info][gc,cpu         ] GC(360) User=0.05s Sys=0.00s Real=0.05s
[209.231s][info][gc,start       ] GC(361) Pause Young (Allocation Failure)
[209.285s][info][gc,heap        ] GC(361) DefNew: 560848K(629120K)->1697K(629120K) Eden: 559232K(559232K)->0K(559232K) From: 1616K(69888K)->1697K(69888K)
[209.285s][info][gc,heap        ] GC(361) Tenured: 7874K(1398144K)->7874K(1398144K)
[209.285s][info][gc,metaspace   ] GC(361) Metaspace: 14280K(15104K)->14280K(15104K) NonClass: 12336K(12800K)->12336K(12800K) Class: 1943K(2304K)->1943K(2304K)
[209.285s][info][gc             ] GC(361) Pause Young (Allocation Failure) 555M->9M(1979M) 54.441ms
[209.285s][info][gc,cpu         ] GC(361) User=0.06s Sys=0.00s Real=0.05s
[209.820s][info][gc,start       ] GC(362) Pause Young (Allocation Failure)
[209.880s][info][gc,heap        ] GC(362) DefNew: 560929K(629120K)->1780K(629120K) Eden: 559232K(559232K)->0K(559232K) From: 1697K(69888K)->1780K(69888K)
[209.880s][info][gc,heap        ] GC(362) Tenured: 7874K(1398144K)->7874K(1398144K)
[209.880s][info][gc,metaspace   ] GC(362) Metaspace: 14280K(15104K)->14280K(15104K) NonClass: 12336K(12800K)->12336K(12800K) Class: 1943K(2304K)->1943K(2304K)
[209.880s][info][gc             ] GC(362) Pause Young (Allocation Failure) 555M->9M(1979M) 60.431ms
[209.880s][info][gc,cpu         ] GC(362) User=0.05s Sys=0.00s Real=0.05s
[210.421s][info][gc,start       ] GC(363) Pause Young (Allocation Failure)
[210.482s][info][gc,heap        ] GC(363) DefNew: 561012K(629120K)->1867K(629120K) Eden: 559232K(559232K)->0K(559232K) From: 1780K(69888K)->1867K(69888K)
[210.482s][info][gc,heap        ] GC(363) Tenured: 7874K(1398144K)->7874K(1398144K)
[210.482s][info][gc,metaspace   ] GC(363) Metaspace: 14280K(15104K)->14280K(15104K) NonClass: 12336K(12800K)->12336K(12800K) Class: 1943K(2304K)->1943K(2304K)
[210.482s][info][gc             ] GC(363) Pause Young (Allocation Failure) 555M->9M(1979M) 61.488ms
[210.482s][info][gc,cpu         ] GC(363) User=0.03s Sys=0.00s Real=0.05s
[210.986s][info][gc,start       ] GC(364) Pause Young (Allocation Failure)
[211.039s][info][gc,heap        ] GC(364) DefNew: 561099K(629120K)->1944K(629120K) Eden: 559232K(559232K)->0K(559232K) From: 1867K(69888K)->1944K(69888K)
[211.039s][info][gc,heap        ] GC(364) Tenured: 7874K(1398144K)->7874K(1398144K)
[211.039s][info][gc,metaspace   ] GC(364) Metaspace: 14280K(15104K)->14280K(15104K) NonClass: 12336K(12800K)->12336K(12800K) Class: 1943K(2304K)->1943K(2304K)
[211.039s][info][gc             ] GC(364) Pause Young (Allocation Failure) 555M->9M(1979M) 52.851ms
[211.039s][info][gc,cpu         ] GC(364) User=0.03s Sys=0.00s Real=0.04s
[211.592s][info][gc,start       ] GC(365) Pause Young (Allocation Failure)
[211.647s][info][gc,heap        ] GC(365) DefNew: 561176K(629120K)->2027K(629120K) Eden: 559232K(559232K)->0K(559232K) From: 1944K(69888K)->2027K(69888K)
[211.647s][info][gc,heap        ] GC(365) Tenured: 7874K(1398144K)->7874K(1398144K)
[211.647s][info][gc,metaspace   ] GC(365) Metaspace: 14280K(15104K)->14280K(15104K) NonClass: 12336K(12800K)->12336K(12800K) Class: 1943K(2304K)->1943K(2304K)
[211.647s][info][gc             ] GC(365) Pause Young (Allocation Failure) 555M->9M(1979M) 54.745ms
[211.647s][info][gc,cpu         ] GC(365) User=0.06s Sys=0.00s Real=0.06s
[212.177s][info][gc,start       ] GC(366) Pause Young (Allocation Failure)
[212.234s][info][gc,heap        ] GC(366) DefNew: 561259K(629120K)->2108K(629120K) Eden: 559232K(559232K)->0K(559232K) From: 2027K(69888K)->2108K(69888K)
[212.234s][info][gc,heap        ] GC(366) Tenured: 7874K(1398144K)->7874K(1398144K)
[212.234s][info][gc,metaspace   ] GC(366) Metaspace: 14280K(15104K)->14280K(15104K) NonClass: 12336K(12800K)->12336K(12800K) Class: 1943K(2304K)->1943K(2304K)
[212.235s][info][gc             ] GC(366) Pause Young (Allocation Failure) 555M->9M(1979M) 57.079ms
[212.235s][info][gc,cpu         ] GC(366) User=0.05s Sys=0.00s Real=0.05s
[212.775s][info][gc,start       ] GC(367) Pause Young (Allocation Failure)
[212.832s][info][gc,heap        ] GC(367) DefNew: 561340K(629120K)->2191K(629120K) Eden: 559232K(559232K)->0K(559232K) From: 2108K(69888K)->2191K(69888K)
[212.832s][info][gc,heap        ] GC(367) Tenured: 7874K(1398144K)->7874K(1398144K)
[212.832s][info][gc,metaspace   ] GC(367) Metaspace: 14280K(15104K)->14280K(15104K) NonClass: 12336K(12800K)->12336K(12800K) Class: 1943K(2304K)->1943K(2304K)
[212.832s][info][gc             ] GC(367) Pause Young (Allocation Failure) 555M->9M(1979M) 57.017ms
[212.832s][info][gc,cpu         ] GC(367) User=0.06s Sys=0.00s Real=0.06s
[213.368s][info][gc,start       ] GC(368) Pause Young (Allocation Failure)
[213.428s][info][gc,heap        ] GC(368) DefNew: 561423K(629120K)->2278K(629120K) Eden: 559232K(559232K)->0K(559232K) From: 2191K(69888K)->2278K(69888K)
[213.428s][info][gc,heap        ] GC(368) Tenured: 7874K(1398144K)->7874K(1398144K)
[213.428s][info][gc,metaspace   ] GC(368) Metaspace: 14280K(15104K)->14280K(15104K) NonClass: 12336K(12800K)->12336K(12800K) Class: 1943K(2304K)->1943K(2304K)
[213.428s][info][gc             ] GC(368) Pause Young (Allocation Failure) 555M->9M(1979M) 60.364ms
[213.428s][info][gc,cpu         ] GC(368) User=0.05s Sys=0.00s Real=0.05s
[213.977s][info][gc,start       ] GC(369) Pause Young (Allocation Failure)
[214.030s][info][gc,heap        ] GC(369) DefNew: 561510K(629120K)->2364K(629120K) Eden: 559232K(559232K)->0K(559232K) From: 2278K(69888K)->2364K(69888K)
[214.031s][info][gc,heap        ] GC(369) Tenured: 7874K(1398144K)->7874K(1398144K)
[214.031s][info][gc,metaspace   ] GC(369) Metaspace: 14280K(15104K)->14280K(15104K) NonClass: 12336K(12800K)->12336K(12800K) Class: 1943K(2304K)->1943K(2304K)
[214.031s][info][gc             ] GC(369) Pause Young (Allocation Failure) 556M->9M(1979M) 54.055ms
[214.031s][info][gc,cpu         ] GC(369) User=0.05s Sys=0.00s Real=0.04s
[214.575s][info][gc,start       ] GC(370) Pause Young (Allocation Failure)
[214.628s][info][gc,heap        ] GC(370) DefNew: 561596K(629120K)->2450K(629120K) Eden: 559232K(559232K)->0K(559232K) From: 2364K(69888K)->2450K(69888K)
[214.628s][info][gc,heap        ] GC(370) Tenured: 7874K(1398144K)->7874K(1398144K)
[214.628s][info][gc,metaspace   ] GC(370) Metaspace: 14280K(15104K)->14280K(15104K) NonClass: 12336K(12800K)->12336K(12800K) Class: 1943K(2304K)->1943K(2304K)
[214.628s][info][gc             ] GC(370) Pause Young (Allocation Failure) 556M->10M(1979M) 53.575ms
[214.628s][info][gc,cpu         ] GC(370) User=0.05s Sys=0.00s Real=0.04s
[215.171s][info][gc,start       ] GC(371) Pause Young (Allocation Failure)
[215.225s][info][gc,heap        ] GC(371) DefNew: 561682K(629120K)->2534K(629120K) Eden: 559232K(559232K)->0K(559232K) From: 2450K(69888K)->2534K(69888K)
[215.225s][info][gc,heap        ] GC(371) Tenured: 7874K(1398144K)->7874K(1398144K)
[215.225s][info][gc,metaspace   ] GC(371) Metaspace: 14280K(15104K)->14280K(15104K) NonClass: 12336K(12800K)->12336K(12800K) Class: 1943K(2304K)->1943K(2304K)
[215.225s][info][gc             ] GC(371) Pause Young (Allocation Failure) 556M->10M(1979M) 53.799ms
[215.225s][info][gc,cpu         ] GC(371) User=0.05s Sys=0.00s Real=0.05s
[215.746s][info][gc,start       ] GC(372) Pause Young (Allocation Failure)
[215.803s][info][gc,heap        ] GC(372) DefNew: 561766K(629120K)->2611K(629120K) Eden: 559232K(559232K)->0K(559232K) From: 2534K(69888K)->2611K(69888K)
[215.803s][info][gc,heap        ] GC(372) Tenured: 7874K(1398144K)->7874K(1398144K)
[215.803s][info][gc,metaspace   ] GC(372) Metaspace: 14280K(15104K)->14280K(15104K) NonClass: 12336K(12800K)->12336K(12800K) Class: 1943K(2304K)->1943K(2304K)
[215.803s][info][gc             ] GC(372) Pause Young (Allocation Failure) 556M->10M(1979M) 56.868ms
[215.803s][info][gc,cpu         ] GC(372) User=0.06s Sys=0.00s Real=0.06s
[216.353s][info][gc,start       ] GC(373) Pause Young (Allocation Failure)
[216.410s][info][gc,heap        ] GC(373) DefNew: 561843K(629120K)->2702K(629120K) Eden: 559232K(559232K)->0K(559232K) From: 2611K(69888K)->2702K(69888K)
[216.410s][info][gc,heap        ] GC(373) Tenured: 7874K(1398144K)->7874K(1398144K)
[216.410s][info][gc,metaspace   ] GC(373) Metaspace: 14280K(15104K)->14280K(15104K) NonClass: 12336K(12800K)->12336K(12800K) Class: 1943K(2304K)->1943K(2304K)
[216.410s][info][gc             ] GC(373) Pause Young (Allocation Failure) 556M->10M(1979M) 57.332ms
[216.410s][info][gc,cpu         ] GC(373) User=0.05s Sys=0.00s Real=0.04s
[216.937s][info][gc,start       ] GC(374) Pause Young (Allocation Failure)
[216.983s][info][gc,heap        ] GC(374) DefNew: 561934K(629120K)->1256K(629120K) Eden: 559232K(559232K)->0K(559232K) From: 2702K(69888K)->1256K(69888K)
[216.984s][info][gc,heap        ] GC(374) Tenured: 7874K(1398144K)->9403K(1398144K)
[216.984s][info][gc,metaspace   ] GC(374) Metaspace: 14280K(15104K)->14280K(15104K) NonClass: 12336K(12800K)->12336K(12800K) Class: 1943K(2304K)->1943K(2304K)
[216.984s][info][gc             ] GC(374) Pause Young (Allocation Failure) 556M->10M(1979M) 47.049ms
[216.984s][info][gc,cpu         ] GC(374) User=0.03s Sys=0.00s Real=0.04s
[217.538s][info][gc,start       ] GC(375) Pause Young (Allocation Failure)
[217.597s][info][gc,heap        ] GC(375) DefNew: 560488K(629120K)->1259K(629120K) Eden: 559232K(559232K)->0K(559232K) From: 1256K(69888K)->1259K(69888K)
[217.597s][info][gc,heap        ] GC(375) Tenured: 9403K(1398144K)->9482K(1398144K)
[217.597s][info][gc,metaspace   ] GC(375) Metaspace: 14280K(15104K)->14280K(15104K) NonClass: 12336K(12800K)->12336K(12800K) Class: 1943K(2304K)->1943K(2304K)
[217.597s][info][gc             ] GC(375) Pause Young (Allocation Failure) 556M->10M(1979M) 58.837ms
[217.597s][info][gc,cpu         ] GC(375) User=0.06s Sys=0.00s Real=0.06s
[218.164s][info][gc,start       ] GC(376) Pause Young (Allocation Failure)
[218.215s][info][gc,heap        ] GC(376) DefNew: 560491K(629120K)->1264K(629120K) Eden: 559232K(559232K)->0K(559232K) From: 1259K(69888K)->1264K(69888K)
[218.215s][info][gc,heap        ] GC(376) Tenured: 9482K(1398144K)->9563K(1398144K)
[218.215s][info][gc,metaspace   ] GC(376) Metaspace: 14280K(15104K)->14280K(15104K) NonClass: 12336K(12800K)->12336K(12800K) Class: 1943K(2304K)->1943K(2304K)
[218.215s][info][gc             ] GC(376) Pause Young (Allocation Failure) 556M->10M(1979M) 51.683ms
[218.215s][info][gc,cpu         ] GC(376) User=0.05s Sys=0.00s Real=0.05s
[218.788s][info][gc,start       ] GC(377) Pause Young (Allocation Failure)
[218.832s][info][gc,heap        ] GC(377) DefNew: 560496K(629120K)->1272K(629120K) Eden: 559232K(559232K)->0K(559232K) From: 1264K(69888K)->1272K(69888K)
[218.832s][info][gc,heap        ] GC(377) Tenured: 9563K(1398144K)->9646K(1398144K)
[218.832s][info][gc,metaspace   ] GC(377) Metaspace: 14280K(15104K)->14280K(15104K) NonClass: 12336K(12800K)->12336K(12800K) Class: 1943K(2304K)->1943K(2304K)
[218.832s][info][gc             ] GC(377) Pause Young (Allocation Failure) 556M->10M(1979M) 43.733ms
[218.832s][info][gc,cpu         ] GC(377) User=0.05s Sys=0.00s Real=0.04s
[219.390s][info][gc,start       ] GC(378) Pause Young (Allocation Failure)
[219.448s][info][gc,heap        ] GC(378) DefNew: 560504K(629120K)->1273K(629120K) Eden: 559232K(559232K)->0K(559232K) From: 1272K(69888K)->1273K(69888K)
[219.448s][info][gc,heap        ] GC(378) Tenured: 9646K(1398144K)->9732K(1398144K)
[219.448s][info][gc,metaspace   ] GC(378) Metaspace: 14280K(15104K)->14280K(15104K) NonClass: 12336K(12800K)->12336K(12800K) Class: 1943K(2304K)->1943K(2304K)
[219.448s][info][gc             ] GC(378) Pause Young (Allocation Failure) 556M->10M(1979M) 57.628ms
[219.448s][info][gc,cpu         ] GC(378) User=0.05s Sys=0.00s Real=0.05s
[220.009s][info][gc,start       ] GC(379) Pause Young (Allocation Failure)
[220.067s][info][gc,heap        ] GC(379) DefNew: 560505K(629120K)->1283K(629120K) Eden: 559232K(559232K)->0K(559232K) From: 1273K(69888K)->1283K(69888K)
[220.067s][info][gc,heap        ] GC(379) Tenured: 9732K(1398144K)->9809K(1398144K)
[220.067s][info][gc,metaspace   ] GC(379) Metaspace: 14280K(15104K)->14280K(15104K) NonClass: 12336K(12800K)->12336K(12800K) Class: 1943K(2304K)->1943K(2304K)
[220.067s][info][gc             ] GC(379) Pause Young (Allocation Failure) 556M->10M(1979M) 58.813ms
[220.067s][info][gc,cpu         ] GC(379) User=0.06s Sys=0.00s Real=0.06s
[220.623s][info][gc,start       ] GC(380) Pause Young (Allocation Failure)
[220.682s][info][gc,heap        ] GC(380) DefNew: 560515K(629120K)->1290K(629120K) Eden: 559232K(559232K)->0K(559232K) From: 1283K(69888K)->1290K(69888K)
[220.682s][info][gc,heap        ] GC(380) Tenured: 9809K(1398144K)->9893K(1398144K)
[220.682s][info][gc,metaspace   ] GC(380) Metaspace: 14280K(15104K)->14280K(15104K) NonClass: 12336K(12800K)->12336K(12800K) Class: 1943K(2304K)->1943K(2304K)
[220.682s][info][gc             ] GC(380) Pause Young (Allocation Failure) 556M->10M(1979M) 58.987ms
[220.683s][info][gc,cpu         ] GC(380) User=0.06s Sys=0.00s Real=0.06s
[221.413s][info][gc,start       ] GC(381) Pause Young (Allocation Failure)
[221.473s][info][gc,heap        ] GC(381) DefNew: 560522K(629120K)->1298K(629120K) Eden: 559232K(559232K)->0K(559232K) From: 1290K(69888K)->1298K(69888K)
[221.474s][info][gc,heap        ] GC(381) Tenured: 9893K(1398144K)->9973K(1398144K)
[221.474s][info][gc,metaspace   ] GC(381) Metaspace: 14280K(15104K)->14280K(15104K) NonClass: 12336K(12800K)->12336K(12800K) Class: 1943K(2304K)->1943K(2304K)
[221.474s][info][gc             ] GC(381) Pause Young (Allocation Failure) 557M->11M(1979M) 60.634ms
[221.474s][info][gc,cpu         ] GC(381) User=0.05s Sys=0.00s Real=0.05s
[222.043s][info][gc,start       ] GC(382) Pause Young (Allocation Failure)
[222.087s][info][gc,heap        ] GC(382) DefNew: 560530K(629120K)->1304K(629120K) Eden: 559232K(559232K)->0K(559232K) From: 1298K(69888K)->1304K(69888K)
[222.087s][info][gc,heap        ] GC(382) Tenured: 9973K(1398144K)->10056K(1398144K)
[222.087s][info][gc,metaspace   ] GC(382) Metaspace: 14280K(15104K)->14280K(15104K) NonClass: 12336K(12800K)->12336K(12800K) Class: 1943K(2304K)->1943K(2304K)
[222.087s][info][gc             ] GC(382) Pause Young (Allocation Failure) 557M->11M(1979M) 43.920ms
[222.087s][info][gc,cpu         ] GC(382) User=0.03s Sys=0.00s Real=0.03s
[222.654s][info][gc,start       ] GC(383) Pause Young (Allocation Failure)
[222.698s][info][gc,heap        ] GC(383) DefNew: 560536K(629120K)->1304K(629120K) Eden: 559232K(559232K)->0K(559232K) From: 1304K(69888K)->1304K(69888K)
[222.698s][info][gc,heap        ] GC(383) Tenured: 10056K(1398144K)->10142K(1398144K)
[222.698s][info][gc,metaspace   ] GC(383) Metaspace: 14280K(15104K)->14280K(15104K) NonClass: 12336K(12800K)->12336K(12800K) Class: 1943K(2304K)->1943K(2304K)
[222.698s][info][gc             ] GC(383) Pause Young (Allocation Failure) 557M->11M(1979M) 43.832ms
[222.698s][info][gc,cpu         ] GC(383) User=0.03s Sys=0.00s Real=0.03s
[223.257s][info][gc,start       ] GC(384) Pause Young (Allocation Failure)
[223.301s][info][gc,heap        ] GC(384) DefNew: 560536K(629120K)->1305K(629120K) Eden: 559232K(559232K)->0K(559232K) From: 1304K(69888K)->1305K(69888K)
[223.302s][info][gc,heap        ] GC(384) Tenured: 10142K(1398144K)->10228K(1398144K)
[223.302s][info][gc,metaspace   ] GC(384) Metaspace: 14280K(15104K)->14280K(15104K) NonClass: 12336K(12800K)->12336K(12800K) Class: 1943K(2304K)->1943K(2304K)
[223.302s][info][gc             ] GC(384) Pause Young (Allocation Failure) 557M->11M(1979M) 45.069ms
[223.302s][info][gc,cpu         ] GC(384) User=0.03s Sys=0.00s Real=0.03s
[223.855s][info][gc,start       ] GC(385) Pause Young (Allocation Failure)
[223.903s][info][gc,heap        ] GC(385) DefNew: 560537K(629120K)->1303K(629120K) Eden: 559232K(559232K)->0K(559232K) From: 1305K(69888K)->1303K(69888K)
[223.903s][info][gc,heap        ] GC(385) Tenured: 10228K(1398144K)->10314K(1398144K)
[223.903s][info][gc,metaspace   ] GC(385) Metaspace: 14280K(15104K)->14280K(15104K) NonClass: 12336K(12800K)->12336K(12800K) Class: 1943K(2304K)->1943K(2304K)
[223.903s][info][gc             ] GC(385) Pause Young (Allocation Failure) 557M->11M(1979M) 47.986ms
[223.903s][info][gc,cpu         ] GC(385) User=0.05s Sys=0.00s Real=0.04s
[224.398s][info][gc,start       ] GC(386) Pause Young (Allocation Failure)
[224.450s][info][gc,heap        ] GC(386) DefNew: 560535K(629120K)->1301K(629120K) Eden: 559232K(559232K)->0K(559232K) From: 1303K(69888K)->1301K(69888K)
[224.450s][info][gc,heap        ] GC(386) Tenured: 10314K(1398144K)->10394K(1398144K)
[224.450s][info][gc,metaspace   ] GC(386) Metaspace: 14280K(15104K)->14280K(15104K) NonClass: 12336K(12800K)->12336K(12800K) Class: 1943K(2304K)->1943K(2304K)
[224.450s][info][gc             ] GC(386) Pause Young (Allocation Failure) 557M->11M(1979M) 51.766ms
[224.450s][info][gc,cpu         ] GC(386) User=0.05s Sys=0.00s Real=0.05s
[224.750s][info][gc,start       ] GC(387) Pause Full (System.gc())
[224.750s][info][gc,phases,start] GC(387) Phase 1: Mark live objects
[224.800s][info][gc,phases      ] GC(387) Phase 1: Mark live objects 49.928ms
[224.800s][info][gc,phases,start] GC(387) Phase 2: Compute new object addresses
[224.876s][info][gc,phases      ] GC(387) Phase 2: Compute new object addresses 75.501ms
[224.876s][info][gc,phases,start] GC(387) Phase 3: Adjust pointers
[224.901s][info][gc,phases      ] GC(387) Phase 3: Adjust pointers 25.300ms
[224.901s][info][gc,phases,start] GC(387) Phase 4: Move objects
[224.901s][info][gc,phases      ] GC(387) Phase 4: Move objects 0.012ms
[224.901s][info][gc,heap        ] GC(387) DefNew: 317086K(629120K)->0K(629120K) Eden: 315785K(559232K)->0K(559232K) From: 1301K(69888K)->0K(69888K)
[224.901s][info][gc,heap        ] GC(387) Tenured: 10394K(1398144K)->10394K(1398144K)
[224.901s][info][gc,metaspace   ] GC(387) Metaspace: 14280K(15104K)->14280K(15104K) NonClass: 12337K(12800K)->12337K(12800K) Class: 1943K(2304K)->1943K(2304K)
[224.901s][info][gc             ] GC(387) Pause Full (System.gc()) 319M->10M(1979M) 151.151ms
[224.901s][info][gc,cpu         ] GC(387) User=0.14s Sys=0.00s Real=0.14s
[225.375s][info][gc,start       ] GC(388) Pause Young (Allocation Failure)
[225.431s][info][gc,heap        ] GC(388) DefNew: 559232K(629120K)->1533K(629120K) Eden: 559232K(559232K)->0K(559232K) From: 0K(69888K)->1533K(69888K)
[225.431s][info][gc,heap        ] GC(388) Tenured: 10394K(1398144K)->10394K(1398144K)
[225.431s][info][gc,metaspace   ] GC(388) Metaspace: 14286K(15104K)->14286K(15104K) NonClass: 12342K(12800K)->12342K(12800K) Class: 1943K(2304K)->1943K(2304K)
[225.431s][info][gc             ] GC(388) Pause Young (Allocation Failure) 556M->11M(1979M) 56.480ms
[225.431s][info][gc,cpu         ] GC(388) User=0.03s Sys=0.00s Real=0.04s
[225.972s][info][gc,start       ] GC(389) Pause Young (Allocation Failure)
[226.024s][info][gc,heap        ] GC(389) DefNew: 560765K(629120K)->1616K(629120K) Eden: 559232K(559232K)->0K(559232K) From: 1533K(69888K)->1616K(69888K)
[226.024s][info][gc,heap        ] GC(389) Tenured: 10394K(1398144K)->10394K(1398144K)
[226.024s][info][gc,metaspace   ] GC(389) Metaspace: 14286K(15104K)->14286K(15104K) NonClass: 12342K(12800K)->12342K(12800K) Class: 1943K(2304K)->1943K(2304K)
[226.024s][info][gc             ] GC(389) Pause Young (Allocation Failure) 557M->11M(1979M) 52.117ms
[226.024s][info][gc,cpu         ] GC(389) User=0.05s Sys=0.00s Real=0.05s
[226.575s][info][gc,start       ] GC(390) Pause Young (Allocation Failure)
[226.621s][info][gc,heap        ] GC(390) DefNew: 560848K(629120K)->1703K(629120K) Eden: 559232K(559232K)->0K(559232K) From: 1616K(69888K)->1703K(69888K)
[226.621s][info][gc,heap        ] GC(390) Tenured: 10394K(1398144K)->10394K(1398144K)
[226.621s][info][gc,metaspace   ] GC(390) Metaspace: 14286K(15104K)->14286K(15104K) NonClass: 12342K(12800K)->12342K(12800K) Class: 1943K(2304K)->1943K(2304K)
[226.621s][info][gc             ] GC(390) Pause Young (Allocation Failure) 557M->11M(1979M) 45.641ms
[226.621s][info][gc,cpu         ] GC(390) User=0.05s Sys=0.00s Real=0.04s
[227.153s][info][gc,start       ] GC(391) Pause Young (Allocation Failure)
[227.211s][info][gc,heap        ] GC(391) DefNew: 560935K(629120K)->1786K(629120K) Eden: 559232K(559232K)->0K(559232K) From: 1703K(69888K)->1786K(69888K)
[227.211s][info][gc,heap        ] GC(391) Tenured: 10394K(1398144K)->10394K(1398144K)
[227.211s][info][gc,metaspace   ] GC(391) Metaspace: 14286K(15104K)->14286K(15104K) NonClass: 12342K(12800K)->12342K(12800K) Class: 1943K(2304K)->1943K(2304K)
[227.211s][info][gc             ] GC(391) Pause Young (Allocation Failure) 557M->11M(1979M) 57.714ms
[227.211s][info][gc,cpu         ] GC(391) User=0.06s Sys=0.00s Real=0.05s
[227.748s][info][gc,start       ] GC(392) Pause Young (Allocation Failure)
[227.806s][info][gc,heap        ] GC(392) DefNew: 561018K(629120K)->1868K(629120K) Eden: 559232K(559232K)->0K(559232K) From: 1786K(69888K)->1868K(69888K)
[227.806s][info][gc,heap        ] GC(392) Tenured: 10394K(1398144K)->10394K(1398144K)
[227.806s][info][gc,metaspace   ] GC(392) Metaspace: 14286K(15104K)->14286K(15104K) NonClass: 12342K(12800K)->12342K(12800K) Class: 1943K(2304K)->1943K(2304K)
[227.806s][info][gc             ] GC(392) Pause Young (Allocation Failure) 558M->11M(1979M) 57.687ms
[227.806s][info][gc,cpu         ] GC(392) User=0.05s Sys=0.00s Real=0.05s
[228.333s][info][gc,start       ] GC(393) Pause Young (Allocation Failure)
[228.393s][info][gc,heap        ] GC(393) DefNew: 561100K(629120K)->1947K(629120K) Eden: 559232K(559232K)->0K(559232K) From: 1868K(69888K)->1947K(69888K)
[228.394s][info][gc,heap        ] GC(393) Tenured: 10394K(1398144K)->10394K(1398144K)
[228.394s][info][gc,metaspace   ] GC(393) Metaspace: 14286K(15104K)->14286K(15104K) NonClass: 12342K(12800K)->12342K(12800K) Class: 1943K(2304K)->1943K(2304K)
[228.394s][info][gc             ] GC(393) Pause Young (Allocation Failure) 558M->12M(1979M) 61.015ms
[228.394s][info][gc,cpu         ] GC(393) User=0.06s Sys=0.00s Real=0.06s
[228.919s][info][gc,start       ] GC(394) Pause Young (Allocation Failure)
[228.976s][info][gc,heap        ] GC(394) DefNew: 561179K(629120K)->2027K(629120K) Eden: 559232K(559232K)->0K(559232K) From: 1947K(69888K)->2027K(69888K)
[228.976s][info][gc,heap        ] GC(394) Tenured: 10394K(1398144K)->10394K(1398144K)
[228.976s][info][gc,metaspace   ] GC(394) Metaspace: 14286K(15104K)->14286K(15104K) NonClass: 12342K(12800K)->12342K(12800K) Class: 1943K(2304K)->1943K(2304K)
[228.976s][info][gc             ] GC(394) Pause Young (Allocation Failure) 558M->12M(1979M) 56.936ms
[228.976s][info][gc,cpu         ] GC(394) User=0.05s Sys=0.00s Real=0.05s
[229.526s][info][gc,start       ] GC(395) Pause Young (Allocation Failure)
[229.571s][info][gc,heap        ] GC(395) DefNew: 561259K(629120K)->2113K(629120K) Eden: 559232K(559232K)->0K(559232K) From: 2027K(69888K)->2113K(69888K)
[229.571s][info][gc,heap        ] GC(395) Tenured: 10394K(1398144K)->10394K(1398144K)
[229.571s][info][gc,metaspace   ] GC(395) Metaspace: 14286K(15104K)->14286K(15104K) NonClass: 12342K(12800K)->12342K(12800K) Class: 1943K(2304K)->1943K(2304K)
[229.572s][info][gc             ] GC(395) Pause Young (Allocation Failure) 558M->12M(1979M) 45.757ms
[229.572s][info][gc,cpu         ] GC(395) User=0.05s Sys=0.00s Real=0.04s
[230.123s][info][gc,start       ] GC(396) Pause Young (Allocation Failure)
[230.179s][info][gc,heap        ] GC(396) DefNew: 561345K(629120K)->2195K(629120K) Eden: 559232K(559232K)->0K(559232K) From: 2113K(69888K)->2195K(69888K)
[230.179s][info][gc,heap        ] GC(396) Tenured: 10394K(1398144K)->10394K(1398144K)
[230.180s][info][gc,metaspace   ] GC(396) Metaspace: 14286K(15104K)->14286K(15104K) NonClass: 12342K(12800K)->12342K(12800K) Class: 1943K(2304K)->1943K(2304K)
[230.180s][info][gc             ] GC(396) Pause Young (Allocation Failure) 558M->12M(1979M) 57.046ms
[230.180s][info][gc,cpu         ] GC(396) User=0.06s Sys=0.00s Real=0.06s
[230.708s][info][gc,start       ] GC(397) Pause Young (Allocation Failure)
[230.765s][info][gc,heap        ] GC(397) DefNew: 561427K(629120K)->2280K(629120K) Eden: 559232K(559232K)->0K(559232K) From: 2195K(69888K)->2280K(69888K)
[230.766s][info][gc,heap        ] GC(397) Tenured: 10394K(1398144K)->10394K(1398144K)
[230.766s][info][gc,metaspace   ] GC(397) Metaspace: 14286K(15104K)->14286K(15104K) NonClass: 12342K(12800K)->12342K(12800K) Class: 1943K(2304K)->1943K(2304K)
[230.766s][info][gc             ] GC(397) Pause Young (Allocation Failure) 558M->12M(1979M) 57.113ms
[230.766s][info][gc,cpu         ] GC(397) User=0.05s Sys=0.00s Real=0.05s
[231.298s][info][gc,start       ] GC(398) Pause Young (Allocation Failure)
[231.354s][info][gc,heap        ] GC(398) DefNew: 561512K(629120K)->2363K(629120K) Eden: 559232K(559232K)->0K(559232K) From: 2280K(69888K)->2363K(69888K)
[231.354s][info][gc,heap        ] GC(398) Tenured: 10394K(1398144K)->10394K(1398144K)
[231.354s][info][gc,metaspace   ] GC(398) Metaspace: 14286K(15104K)->14286K(15104K) NonClass: 12342K(12800K)->12342K(12800K) Class: 1943K(2304K)->1943K(2304K)
[231.354s][info][gc             ] GC(398) Pause Young (Allocation Failure) 558M->12M(1979M) 56.121ms
[231.354s][info][gc,cpu         ] GC(398) User=0.05s Sys=0.00s Real=0.05s
[231.890s][info][gc,start       ] GC(399) Pause Young (Allocation Failure)
[231.946s][info][gc,heap        ] GC(399) DefNew: 561595K(629120K)->2445K(629120K) Eden: 559232K(559232K)->0K(559232K) From: 2363K(69888K)->2445K(69888K)
[231.946s][info][gc,heap        ] GC(399) Tenured: 10394K(1398144K)->10394K(1398144K)
[231.946s][info][gc,metaspace   ] GC(399) Metaspace: 14286K(15104K)->14286K(15104K) NonClass: 12342K(12800K)->12342K(12800K) Class: 1943K(2304K)->1943K(2304K)
[231.946s][info][gc             ] GC(399) Pause Young (Allocation Failure) 558M->12M(1979M) 56.256ms
[231.946s][info][gc,cpu         ] GC(399) User=0.05s Sys=0.00s Real=0.04s
[232.467s][info][gc,start       ] GC(400) Pause Young (Allocation Failure)
[232.528s][info][gc,heap        ] GC(400) DefNew: 561677K(629120K)->2524K(629120K) Eden: 559232K(559232K)->0K(559232K) From: 2445K(69888K)->2524K(69888K)
[232.528s][info][gc,heap        ] GC(400) Tenured: 10394K(1398144K)->10394K(1398144K)
[232.528s][info][gc,metaspace   ] GC(400) Metaspace: 14286K(15104K)->14286K(15104K) NonClass: 12342K(12800K)->12342K(12800K) Class: 1943K(2304K)->1943K(2304K)
[232.528s][info][gc             ] GC(400) Pause Young (Allocation Failure) 558M->12M(1979M) 60.756ms
[232.528s][info][gc,cpu         ] GC(400) User=0.06s Sys=0.00s Real=0.06s
[233.053s][info][gc,start       ] GC(401) Pause Young (Allocation Failure)
[233.112s][info][gc,heap        ] GC(401) DefNew: 561756K(629120K)->2603K(629120K) Eden: 559232K(559232K)->0K(559232K) From: 2524K(69888K)->2603K(69888K)
[233.112s][info][gc,heap        ] GC(401) Tenured: 10394K(1398144K)->10394K(1398144K)
[233.112s][info][gc,metaspace   ] GC(401) Metaspace: 14286K(15104K)->14286K(15104K) NonClass: 12342K(12800K)->12342K(12800K) Class: 1943K(2304K)->1943K(2304K)
[233.112s][info][gc             ] GC(401) Pause Young (Allocation Failure) 558M->12M(1979M) 58.793ms
[233.112s][info][gc,cpu         ] GC(401) User=0.05s Sys=0.00s Real=0.05s
[233.668s][info][gc,start       ] GC(402) Pause Young (Allocation Failure)
[233.713s][info][gc,heap        ] GC(402) DefNew: 561835K(629120K)->2690K(629120K) Eden: 559232K(559232K)->0K(559232K) From: 2603K(69888K)->2690K(69888K)
[233.713s][info][gc,heap        ] GC(402) Tenured: 10394K(1398144K)->10394K(1398144K)
[233.713s][info][gc,metaspace   ] GC(402) Metaspace: 14286K(15104K)->14286K(15104K) NonClass: 12342K(12800K)->12342K(12800K) Class: 1943K(2304K)->1943K(2304K)
[233.713s][info][gc             ] GC(402) Pause Young (Allocation Failure) 558M->12M(1979M) 44.953ms
[233.713s][info][gc,cpu         ] GC(402) User=0.05s Sys=0.00s Real=0.03s
[234.276s][info][gc,start       ] GC(403) Pause Young (Allocation Failure)
[234.321s][info][gc,heap        ] GC(403) DefNew: 561922K(629120K)->1254K(629120K) Eden: 559232K(559232K)->0K(559232K) From: 2690K(69888K)->1254K(69888K)
[234.321s][info][gc,heap        ] GC(403) Tenured: 10394K(1398144K)->11919K(1398144K)
[234.321s][info][gc,metaspace   ] GC(403) Metaspace: 14286K(15104K)->14286K(15104K) NonClass: 12342K(12800K)->12342K(12800K) Class: 1943K(2304K)->1943K(2304K)
[234.321s][info][gc             ] GC(403) Pause Young (Allocation Failure) 558M->12M(1979M) 45.141ms
[234.321s][info][gc,cpu         ] GC(403) User=0.05s Sys=0.00s Real=0.04s
[234.869s][info][gc,start       ] GC(404) Pause Young (Allocation Failure)
[234.928s][info][gc,heap        ] GC(404) DefNew: 560486K(629120K)->1253K(629120K) Eden: 559232K(559232K)->0K(559232K) From: 1254K(69888K)->1253K(69888K)
[234.928s][info][gc,heap        ] GC(404) Tenured: 11919K(1398144K)->12002K(1398144K)
[234.928s][info][gc,metaspace   ] GC(404) Metaspace: 14286K(15104K)->14286K(15104K) NonClass: 12342K(12800K)->12342K(12800K) Class: 1943K(2304K)->1943K(2304K)
[234.928s][info][gc             ] GC(404) Pause Young (Allocation Failure) 558M->12M(1979M) 59.467ms
[234.929s][info][gc,cpu         ] GC(404) User=0.05s Sys=0.00s Real=0.05s
[235.483s][info][gc,start       ] GC(405) Pause Young (Allocation Failure)
[235.541s][info][gc,heap        ] GC(405) DefNew: 560485K(629120K)->1255K(629120K) Eden: 559232K(559232K)->0K(559232K) From: 1253K(69888K)->1255K(69888K)
[235.541s][info][gc,heap        ] GC(405) Tenured: 12002K(1398144K)->12088K(1398144K)
[235.541s][info][gc,metaspace   ] GC(405) Metaspace: 14286K(15104K)->14286K(15104K) NonClass: 12342K(12800K)->12342K(12800K) Class: 1943K(2304K)->1943K(2304K)
[235.541s][info][gc             ] GC(405) Pause Young (Allocation Failure) 559M->13M(1979M) 58.649ms
[235.541s][info][gc,cpu         ] GC(405) User=0.06s Sys=0.00s Real=0.06s
[236.094s][info][gc,start       ] GC(406) Pause Young (Allocation Failure)
[236.153s][info][gc,heap        ] GC(406) DefNew: 560487K(629120K)->1260K(629120K) Eden: 559232K(559232K)->0K(559232K) From: 1255K(69888K)->1260K(69888K)
[236.153s][info][gc,heap        ] GC(406) Tenured: 12088K(1398144K)->12172K(1398144K)
[236.153s][info][gc,metaspace   ] GC(406) Metaspace: 14286K(15104K)->14286K(15104K) NonClass: 12342K(12800K)->12342K(12800K) Class: 1943K(2304K)->1943K(2304K)
[236.153s][info][gc             ] GC(406) Pause Young (Allocation Failure) 559M->13M(1979M) 59.083ms
[236.153s][info][gc,cpu         ] GC(406) User=0.05s Sys=0.00s Real=0.05s
[236.732s][info][gc,start       ] GC(407) Pause Young (Allocation Failure)
[236.787s][info][gc,heap        ] GC(407) DefNew: 560492K(629120K)->1269K(629120K) Eden: 559232K(559232K)->0K(559232K) From: 1260K(69888K)->1269K(69888K)
[236.787s][info][gc,heap        ] GC(407) Tenured: 12172K(1398144K)->12252K(1398144K)
[236.787s][info][gc,metaspace   ] GC(407) Metaspace: 14286K(15104K)->14286K(15104K) NonClass: 12342K(12800K)->12342K(12800K) Class: 1943K(2304K)->1943K(2304K)
[236.787s][info][gc             ] GC(407) Pause Young (Allocation Failure) 559M->13M(1979M) 54.655ms
[236.787s][info][gc,cpu         ] GC(407) User=0.06s Sys=0.00s Real=0.05s
[237.342s][info][gc,start       ] GC(408) Pause Young (Allocation Failure)
[237.398s][info][gc,heap        ] GC(408) DefNew: 560501K(629120K)->1274K(629120K) Eden: 559232K(559232K)->0K(559232K) From: 1269K(69888K)->1274K(69888K)
[237.398s][info][gc,heap        ] GC(408) Tenured: 12252K(1398144K)->12332K(1398144K)
[237.398s][info][gc,metaspace   ] GC(408) Metaspace: 14286K(15104K)->14286K(15104K) NonClass: 12342K(12800K)->12342K(12800K) Class: 1943K(2304K)->1943K(2304K)
[237.398s][info][gc             ] GC(408) Pause Young (Allocation Failure) 559M->13M(1979M) 56.137ms
[237.398s][info][gc,cpu         ] GC(408) User=0.05s Sys=0.00s Real=0.05s
[237.949s][info][gc,start       ] GC(409) Pause Young (Allocation Failure)
[238.004s][info][gc,heap        ] GC(409) DefNew: 560506K(629120K)->1278K(629120K) Eden: 559232K(559232K)->0K(559232K) From: 1274K(69888K)->1278K(69888K)
[238.004s][info][gc,heap        ] GC(409) Tenured: 12332K(1398144K)->12412K(1398144K)
[238.004s][info][gc,metaspace   ] GC(409) Metaspace: 14286K(15104K)->14286K(15104K) NonClass: 12342K(12800K)->12342K(12800K) Class: 1943K(2304K)->1943K(2304K)
[238.004s][info][gc             ] GC(409) Pause Young (Allocation Failure) 559M->13M(1979M) 55.322ms
[238.004s][info][gc,cpu         ] GC(409) User=0.06s Sys=0.00s Real=0.05s
[238.561s][info][gc,start       ] GC(410) Pause Young (Allocation Failure)
[238.609s][info][gc,heap        ] GC(410) DefNew: 560510K(629120K)->1281K(629120K) Eden: 559232K(559232K)->0K(559232K) From: 1278K(69888K)->1281K(69888K)
[238.609s][info][gc,heap        ] GC(410) Tenured: 12412K(1398144K)->12497K(1398144K)
[238.609s][info][gc,metaspace   ] GC(410) Metaspace: 14286K(15104K)->14286K(15104K) NonClass: 12342K(12800K)->12342K(12800K) Class: 1943K(2304K)->1943K(2304K)
[238.609s][info][gc             ] GC(410) Pause Young (Allocation Failure) 559M->13M(1979M) 47.799ms
[238.609s][info][gc,cpu         ] GC(410) User=0.06s Sys=0.00s Real=0.05s
[239.163s][info][gc,start       ] GC(411) Pause Young (Allocation Failure)
[239.223s][info][gc,heap        ] GC(411) DefNew: 560513K(629120K)->1287K(629120K) Eden: 559231K(559232K)->0K(559232K) From: 1281K(69888K)->1287K(69888K)
[239.223s][info][gc,heap        ] GC(411) Tenured: 12497K(1398144K)->12581K(1398144K)
[239.223s][info][gc,metaspace   ] GC(411) Metaspace: 14286K(15104K)->14286K(15104K) NonClass: 12342K(12800K)->12342K(12800K) Class: 1943K(2304K)->1943K(2304K)
[239.223s][info][gc             ] GC(411) Pause Young (Allocation Failure) 559M->13M(1979M) 60.661ms
[239.223s][info][gc,cpu         ] GC(411) User=0.05s Sys=0.00s Real=0.05s
[239.908s][info][gc,start       ] GC(412) Pause Young (Allocation Failure)
[239.971s][info][gc,heap        ] GC(412) DefNew: 560519K(629120K)->1289K(629120K) Eden: 559232K(559232K)->0K(559232K) From: 1287K(69888K)->1289K(69888K)
[239.971s][info][gc,heap        ] GC(412) Tenured: 12581K(1398144K)->12664K(1398144K)
[239.971s][info][gc,metaspace   ] GC(412) Metaspace: 14286K(15104K)->14286K(15104K) NonClass: 12342K(12800K)->12342K(12800K) Class: 1943K(2304K)->1943K(2304K)
[239.971s][info][gc             ] GC(412) Pause Young (Allocation Failure) 559M->13M(1979M) 63.126ms
[239.971s][info][gc,cpu         ] GC(412) User=0.06s Sys=0.00s Real=0.06s
[240.562s][info][gc,start       ] GC(413) Pause Young (Allocation Failure)
[240.606s][info][gc,heap        ] GC(413) DefNew: 560521K(629120K)->1298K(629120K) Eden: 559232K(559232K)->0K(559232K) From: 1289K(69888K)->1298K(69888K)
[240.606s][info][gc,heap        ] GC(413) Tenured: 12664K(1398144K)->12746K(1398144K)
[240.606s][info][gc,metaspace   ] GC(413) Metaspace: 14286K(15104K)->14286K(15104K) NonClass: 12342K(12800K)->12342K(12800K) Class: 1943K(2304K)->1943K(2304K)
[240.606s][info][gc             ] GC(413) Pause Young (Allocation Failure) 559M->13M(1979M) 44.663ms
[240.606s][info][gc,cpu         ] GC(413) User=0.03s Sys=0.00s Real=0.04s
[241.158s][info][gc,start       ] GC(414) Pause Young (Allocation Failure)
[241.218s][info][gc,heap        ] GC(414) DefNew: 560530K(629120K)->1299K(629120K) Eden: 559232K(559232K)->0K(559232K) From: 1298K(69888K)->1299K(69888K)
[241.218s][info][gc,heap        ] GC(414) Tenured: 12746K(1398144K)->12830K(1398144K)
[241.218s][info][gc,metaspace   ] GC(414) Metaspace: 14286K(15104K)->14286K(15104K) NonClass: 12342K(12800K)->12342K(12800K) Class: 1943K(2304K)->1943K(2304K)
[241.218s][info][gc             ] GC(414) Pause Young (Allocation Failure) 559M->13M(1979M) 59.982ms
[241.218s][info][gc,cpu         ] GC(414) User=0.05s Sys=0.00s Real=0.06s
[241.686s][info][gc,start       ] GC(415) Pause Young (Allocation Failure)
[241.745s][info][gc,heap        ] GC(415) DefNew: 560531K(629120K)->1292K(629120K) Eden: 559232K(559232K)->0K(559232K) From: 1299K(69888K)->1292K(69888K)
[241.746s][info][gc,heap        ] GC(415) Tenured: 12830K(1398144K)->12907K(1398144K)
[241.746s][info][gc,metaspace   ] GC(415) Metaspace: 14286K(15104K)->14286K(15104K) NonClass: 12342K(12800K)->12342K(12800K) Class: 1943K(2304K)->1943K(2304K)
[241.746s][info][gc             ] GC(415) Pause Young (Allocation Failure) 559M->13M(1979M) 59.313ms
[241.746s][info][gc,cpu         ] GC(415) User=0.06s Sys=0.00s Real=0.05s
[242.066s][info][gc,start       ] GC(416) Pause Full (System.gc())
[242.066s][info][gc,phases,start] GC(416) Phase 1: Mark live objects
[242.113s][info][gc,phases      ] GC(416) Phase 1: Mark live objects 46.681ms
[242.113s][info][gc,phases,start] GC(416) Phase 2: Compute new object addresses
[242.181s][info][gc,phases      ] GC(416) Phase 2: Compute new object addresses 67.829ms
[242.181s][info][gc,phases,start] GC(416) Phase 3: Adjust pointers
[242.205s][info][gc,phases      ] GC(416) Phase 3: Adjust pointers 23.881ms
[242.205s][info][gc,phases,start] GC(416) Phase 4: Move objects
[242.205s][info][gc,phases      ] GC(416) Phase 4: Move objects 0.013ms
[242.205s][info][gc,heap        ] GC(416) DefNew: 289269K(629120K)->0K(629120K) Eden: 287977K(559232K)->0K(559232K) From: 1292K(69888K)->0K(69888K)
[242.205s][info][gc,heap        ] GC(416) Tenured: 12907K(1398144K)->12907K(1398144K)
[242.205s][info][gc,metaspace   ] GC(416) Metaspace: 14286K(15104K)->14286K(15104K) NonClass: 12342K(12800K)->12342K(12800K) Class: 1943K(2304K)->1943K(2304K)
[242.205s][info][gc             ] GC(416) Pause Full (System.gc()) 295M->12M(1979M) 138.827ms
[242.205s][info][gc,cpu         ] GC(416) User=0.14s Sys=0.00s Real=0.14s
[242.694s][info][gc,start       ] GC(417) Pause Young (Allocation Failure)
[242.752s][info][gc,heap        ] GC(417) DefNew: 559232K(629120K)->1536K(629120K) Eden: 559232K(559232K)->0K(559232K) From: 0K(69888K)->1536K(69888K)
[242.752s][info][gc,heap        ] GC(417) Tenured: 12907K(1398144K)->12907K(1398144K)
[242.752s][info][gc,metaspace   ] GC(417) Metaspace: 14289K(15104K)->14289K(15104K) NonClass: 12345K(12800K)->12345K(12800K) Class: 1943K(2304K)->1943K(2304K)
[242.752s][info][gc             ] GC(417) Pause Young (Allocation Failure) 558M->14M(1979M) 57.994ms
[242.752s][info][gc,cpu         ] GC(417) User=0.05s Sys=0.00s Real=0.05s
[243.268s][info][gc,start       ] GC(418) Pause Young (Allocation Failure)
[243.327s][info][gc,heap        ] GC(418) DefNew: 560768K(629120K)->1616K(629120K) Eden: 559232K(559232K)->0K(559232K) From: 1536K(69888K)->1616K(69888K)
[243.327s][info][gc,heap        ] GC(418) Tenured: 12907K(1398144K)->12907K(1398144K)
[243.327s][info][gc,metaspace   ] GC(418) Metaspace: 14289K(15104K)->14289K(15104K) NonClass: 12345K(12800K)->12345K(12800K) Class: 1943K(2304K)->1943K(2304K)
[243.327s][info][gc             ] GC(418) Pause Young (Allocation Failure) 560M->14M(1979M) 58.597ms
[243.327s][info][gc,cpu         ] GC(418) User=0.05s Sys=0.00s Real=0.05s
[243.861s][info][gc,start       ] GC(419) Pause Young (Allocation Failure)
[243.907s][info][gc,heap        ] GC(419) DefNew: 560848K(629120K)->1699K(629120K) Eden: 559232K(559232K)->0K(559232K) From: 1616K(69888K)->1699K(69888K)
[243.907s][info][gc,heap        ] GC(419) Tenured: 12907K(1398144K)->12907K(1398144K)
[243.907s][info][gc,metaspace   ] GC(419) Metaspace: 14289K(15104K)->14289K(15104K) NonClass: 12345K(12800K)->12345K(12800K) Class: 1943K(2304K)->1943K(2304K)
[243.907s][info][gc             ] GC(419) Pause Young (Allocation Failure) 560M->14M(1979M) 45.515ms
[243.907s][info][gc,cpu         ] GC(419) User=0.03s Sys=0.00s Real=0.03s
[244.458s][info][gc,start       ] GC(420) Pause Young (Allocation Failure)
[244.500s][info][gc,heap        ] GC(420) DefNew: 560931K(629120K)->1783K(629120K) Eden: 559232K(559232K)->0K(559232K) From: 1699K(69888K)->1783K(69888K)
[244.501s][info][gc,heap        ] GC(420) Tenured: 12907K(1398144K)->12907K(1398144K)
[244.501s][info][gc,metaspace   ] GC(420) Metaspace: 14289K(15104K)->14289K(15104K) NonClass: 12345K(12800K)->12345K(12800K) Class: 1943K(2304K)->1943K(2304K)
[244.501s][info][gc             ] GC(420) Pause Young (Allocation Failure) 560M->14M(1979M) 42.308ms
[244.501s][info][gc,cpu         ] GC(420) User=0.03s Sys=0.00s Real=0.03s
[245.055s][info][gc,start       ] GC(421) Pause Young (Allocation Failure)
[245.102s][info][gc,heap        ] GC(421) DefNew: 561015K(629120K)->1866K(629120K) Eden: 559232K(559232K)->0K(559232K) From: 1783K(69888K)->1866K(69888K)
[245.102s][info][gc,heap        ] GC(421) Tenured: 12907K(1398144K)->12907K(1398144K)
[245.102s][info][gc,metaspace   ] GC(421) Metaspace: 14289K(15104K)->14289K(15104K) NonClass: 12345K(12800K)->12345K(12800K) Class: 1943K(2304K)->1943K(2304K)
[245.102s][info][gc             ] GC(421) Pause Young (Allocation Failure) 560M->14M(1979M) 46.818ms
[245.102s][info][gc,cpu         ] GC(421) User=0.03s Sys=0.00s Real=0.03s
[245.633s][info][gc,start       ] GC(422) Pause Young (Allocation Failure)
[245.677s][info][gc,heap        ] GC(422) DefNew: 561098K(629120K)->1947K(629120K) Eden: 559232K(559232K)->0K(559232K) From: 1866K(69888K)->1947K(69888K)
[245.678s][info][gc,heap        ] GC(422) Tenured: 12907K(1398144K)->12907K(1398144K)
[245.678s][info][gc,metaspace   ] GC(422) Metaspace: 14289K(15104K)->14289K(15104K) NonClass: 12345K(12800K)->12345K(12800K) Class: 1943K(2304K)->1943K(2304K)
[245.678s][info][gc             ] GC(422) Pause Young (Allocation Failure) 560M->14M(1979M) 45.004ms
[245.678s][info][gc,cpu         ] GC(422) User=0.03s Sys=0.00s Real=0.03s
[246.216s][info][gc,start       ] GC(423) Pause Young (Allocation Failure)
[246.263s][info][gc,heap        ] GC(423) DefNew: 561179K(629120K)->2033K(629120K) Eden: 559232K(559232K)->0K(559232K) From: 1947K(69888K)->2033K(69888K)
[246.263s][info][gc,heap        ] GC(423) Tenured: 12907K(1398144K)->12907K(1398144K)
[246.263s][info][gc,metaspace   ] GC(423) Metaspace: 14289K(15104K)->14289K(15104K) NonClass: 12345K(12800K)->12345K(12800K) Class: 1943K(2304K)->1943K(2304K)
[246.263s][info][gc             ] GC(423) Pause Young (Allocation Failure) 560M->14M(1979M) 47.199ms
[246.263s][info][gc,cpu         ] GC(423) User=0.05s Sys=0.00s Real=0.05s
[246.801s][info][gc,start       ] GC(424) Pause Young (Allocation Failure)
[246.862s][info][gc,heap        ] GC(424) DefNew: 561265K(629120K)->2118K(629120K) Eden: 559232K(559232K)->0K(559232K) From: 2033K(69888K)->2118K(69888K)
[246.862s][info][gc,heap        ] GC(424) Tenured: 12907K(1398144K)->12907K(1398144K)
[246.862s][info][gc,metaspace   ] GC(424) Metaspace: 14289K(15104K)->14289K(15104K) NonClass: 12345K(12800K)->12345K(12800K) Class: 1943K(2304K)->1943K(2304K)
[246.862s][info][gc             ] GC(424) Pause Young (Allocation Failure) 560M->14M(1979M) 61.013ms
[246.862s][info][gc,cpu         ] GC(424) User=0.06s Sys=0.00s Real=0.06s
[247.394s][info][gc,start       ] GC(425) Pause Young (Allocation Failure)
[247.455s][info][gc,heap        ] GC(425) DefNew: 561350K(629120K)->2201K(629120K) Eden: 559232K(559232K)->0K(559232K) From: 2118K(69888K)->2201K(69888K)
[247.455s][info][gc,heap        ] GC(425) Tenured: 12907K(1398144K)->12907K(1398144K)
[247.455s][info][gc,metaspace   ] GC(425) Metaspace: 14289K(15104K)->14289K(15104K) NonClass: 12345K(12800K)->12345K(12800K) Class: 1943K(2304K)->1943K(2304K)
[247.455s][info][gc             ] GC(425) Pause Young (Allocation Failure) 560M->14M(1979M) 61.503ms
[247.455s][info][gc,cpu         ] GC(425) User=0.06s Sys=0.00s Real=0.06s
[248.015s][info][gc,start       ] GC(426) Pause Young (Allocation Failure)
[248.071s][info][gc,heap        ] GC(426) DefNew: 561433K(629120K)->2291K(629120K) Eden: 559232K(559232K)->0K(559232K) From: 2201K(69888K)->2291K(69888K)
[248.071s][info][gc,heap        ] GC(426) Tenured: 12907K(1398144K)->12907K(1398144K)
[248.071s][info][gc,metaspace   ] GC(426) Metaspace: 14289K(15104K)->14289K(15104K) NonClass: 12345K(12800K)->12345K(12800K) Class: 1943K(2304K)->1943K(2304K)
[248.071s][info][gc             ] GC(426) Pause Young (Allocation Failure) 560M->14M(1979M) 55.893ms
[248.071s][info][gc,cpu         ] GC(426) User=0.05s Sys=0.00s Real=0.06s
[248.619s][info][gc,start       ] GC(427) Pause Young (Allocation Failure)
[248.676s][info][gc,heap        ] GC(427) DefNew: 561523K(629120K)->2374K(629120K) Eden: 559232K(559232K)->0K(559232K) From: 2291K(69888K)->2374K(69888K)
[248.676s][info][gc,heap        ] GC(427) Tenured: 12907K(1398144K)->12907K(1398144K)
[248.676s][info][gc,metaspace   ] GC(427) Metaspace: 14289K(15104K)->14289K(15104K) NonClass: 12345K(12800K)->12345K(12800K) Class: 1943K(2304K)->1943K(2304K)
[248.676s][info][gc             ] GC(427) Pause Young (Allocation Failure) 560M->14M(1979M) 56.491ms
[248.676s][info][gc,cpu         ] GC(427) User=0.06s Sys=0.00s Real=0.05s
[249.190s][info][gc,start       ] GC(428) Pause Young (Allocation Failure)
[249.248s][info][gc,heap        ] GC(428) DefNew: 561606K(629120K)->2458K(629120K) Eden: 559232K(559232K)->0K(559232K) From: 2374K(69888K)->2458K(69888K)
[249.248s][info][gc,heap        ] GC(428) Tenured: 12907K(1398144K)->12907K(1398144K)
[249.248s][info][gc,metaspace   ] GC(428) Metaspace: 14289K(15104K)->14289K(15104K) NonClass: 12345K(12800K)->12345K(12800K) Class: 1943K(2304K)->1943K(2304K)
[249.248s][info][gc             ] GC(428) Pause Young (Allocation Failure) 561M->15M(1979M) 58.112ms
[249.248s][info][gc,cpu         ] GC(428) User=0.05s Sys=0.00s Real=0.05s
[249.792s][info][gc,start       ] GC(429) Pause Young (Allocation Failure)
[249.850s][info][gc,heap        ] GC(429) DefNew: 561690K(629120K)->2543K(629120K) Eden: 559232K(559232K)->0K(559232K) From: 2458K(69888K)->2543K(69888K)
[249.850s][info][gc,heap        ] GC(429) Tenured: 12907K(1398144K)->12907K(1398144K)
[249.850s][info][gc,metaspace   ] GC(429) Metaspace: 14289K(15104K)->14289K(15104K) NonClass: 12345K(12800K)->12345K(12800K) Class: 1943K(2304K)->1943K(2304K)
[249.850s][info][gc             ] GC(429) Pause Young (Allocation Failure) 561M->15M(1979M) 58.101ms
[249.850s][info][gc,cpu         ] GC(429) User=0.05s Sys=0.00s Real=0.05s
[250.349s][info][gc,start       ] GC(430) Pause Young (Allocation Failure)
[250.393s][info][gc,heap        ] GC(430) DefNew: 561775K(629120K)->2619K(629120K) Eden: 559232K(559232K)->0K(559232K) From: 2543K(69888K)->2619K(69888K)
[250.393s][info][gc,heap        ] GC(430) Tenured: 12907K(1398144K)->12907K(1398144K)
[250.393s][info][gc,metaspace   ] GC(430) Metaspace: 14289K(15104K)->14289K(15104K) NonClass: 12345K(12800K)->12345K(12800K) Class: 1943K(2304K)->1943K(2304K)
[250.393s][info][gc             ] GC(430) Pause Young (Allocation Failure) 561M->15M(1979M) 44.448ms
[250.393s][info][gc,cpu         ] GC(430) User=0.05s Sys=0.00s Real=0.04s
[250.938s][info][gc,start       ] GC(431) Pause Young (Allocation Failure)
[250.994s][info][gc,heap        ] GC(431) DefNew: 561851K(629120K)->2705K(629120K) Eden: 559232K(559232K)->0K(559232K) From: 2619K(69888K)->2705K(69888K)
[250.994s][info][gc,heap        ] GC(431) Tenured: 12907K(1398144K)->12907K(1398144K)
[250.994s][info][gc,metaspace   ] GC(431) Metaspace: 14289K(15104K)->14289K(15104K) NonClass: 12345K(12800K)->12345K(12800K) Class: 1943K(2304K)->1943K(2304K)
[250.994s][info][gc             ] GC(431) Pause Young (Allocation Failure) 561M->15M(1979M) 56.537ms
[250.994s][info][gc,cpu         ] GC(431) User=0.05s Sys=0.00s Real=0.06s
[251.537s][info][gc,start       ] GC(432) Pause Young (Allocation Failure)
[251.592s][info][gc,heap        ] GC(432) DefNew: 561937K(629120K)->1258K(629120K) Eden: 559232K(559232K)->0K(559232K) From: 2705K(69888K)->1258K(69888K)
[251.592s][info][gc,heap        ] GC(432) Tenured: 12907K(1398144K)->14435K(1398144K)
[251.592s][info][gc,metaspace   ] GC(432) Metaspace: 14289K(15104K)->14289K(15104K) NonClass: 12345K(12800K)->12345K(12800K) Class: 1943K(2304K)->1943K(2304K)
[251.592s][info][gc             ] GC(432) Pause Young (Allocation Failure) 561M->15M(1979M) 55.139ms
[251.592s][info][gc,cpu         ] GC(432) User=0.05s Sys=0.00s Real=0.06s
[252.095s][info][gc,start       ] GC(433) Pause Young (Allocation Failure)
[252.149s][info][gc,heap        ] GC(433) DefNew: 560490K(629120K)->1259K(629120K) Eden: 559232K(559232K)->0K(559232K) From: 1258K(69888K)->1259K(69888K)
[252.149s][info][gc,heap        ] GC(433) Tenured: 14435K(1398144K)->14515K(1398144K)
[252.149s][info][gc,metaspace   ] GC(433) Metaspace: 14289K(15104K)->14289K(15104K) NonClass: 12345K(12800K)->12345K(12800K) Class: 1943K(2304K)->1943K(2304K)
[252.150s][info][gc             ] GC(433) Pause Young (Allocation Failure) 561M->15M(1979M) 54.867ms
[252.150s][info][gc,cpu         ] GC(433) User=0.05s Sys=0.00s Real=0.05s
[252.657s][info][gc,start       ] GC(434) Pause Young (Allocation Failure)
[252.712s][info][gc,heap        ] GC(434) DefNew: 560491K(629120K)->1259K(629120K) Eden: 559232K(559232K)->0K(559232K) From: 1259K(69888K)->1259K(69888K)
[252.712s][info][gc,heap        ] GC(434) Tenured: 14515K(1398144K)->14595K(1398144K)
[252.712s][info][gc,metaspace   ] GC(434) Metaspace: 14289K(15104K)->14289K(15104K) NonClass: 12345K(12800K)->12345K(12800K) Class: 1943K(2304K)->1943K(2304K)
[252.712s][info][gc             ] GC(434) Pause Young (Allocation Failure) 561M->15M(1979M) 55.728ms
[252.712s][info][gc,cpu         ] GC(434) User=0.05s Sys=0.00s Real=0.05s
[253.216s][info][gc,start       ] GC(435) Pause Young (Allocation Failure)
[253.272s][info][gc,heap        ] GC(435) DefNew: 560491K(629120K)->1252K(629120K) Eden: 559232K(559232K)->0K(559232K) From: 1259K(69888K)->1252K(69888K)
[253.272s][info][gc,heap        ] GC(435) Tenured: 14595K(1398144K)->14682K(1398144K)
[253.272s][info][gc,metaspace   ] GC(435) Metaspace: 14289K(15104K)->14289K(15104K) NonClass: 12345K(12800K)->12345K(12800K) Class: 1943K(2304K)->1943K(2304K)
[253.272s][info][gc             ] GC(435) Pause Young (Allocation Failure) 561M->15M(1979M) 56.056ms
[253.272s][info][gc,cpu         ] GC(435) User=0.06s Sys=0.00s Real=0.06s
[253.779s][info][gc,start       ] GC(436) Pause Young (Allocation Failure)
[253.825s][info][gc,heap        ] GC(436) DefNew: 560484K(629120K)->1249K(629120K) Eden: 559232K(559232K)->0K(559232K) From: 1252K(69888K)->1249K(69888K)
[253.825s][info][gc,heap        ] GC(436) Tenured: 14682K(1398144K)->14765K(1398144K)
[253.825s][info][gc,metaspace   ] GC(436) Metaspace: 14289K(15104K)->14289K(15104K) NonClass: 12345K(12800K)->12345K(12800K) Class: 1943K(2304K)->1943K(2304K)
[253.825s][info][gc             ] GC(436) Pause Young (Allocation Failure) 561M->15M(1979M) 46.565ms
[253.825s][info][gc,cpu         ] GC(436) User=0.05s Sys=0.00s Real=0.03s
[254.332s][info][gc,start       ] GC(437) Pause Young (Allocation Failure)
[254.376s][info][gc,heap        ] GC(437) DefNew: 560481K(629120K)->1249K(629120K) Eden: 559232K(559232K)->0K(559232K) From: 1249K(69888K)->1249K(69888K)
[254.376s][info][gc,heap        ] GC(437) Tenured: 14765K(1398144K)->14844K(1398144K)
[254.376s][info][gc,metaspace   ] GC(437) Metaspace: 14289K(15104K)->14289K(15104K) NonClass: 12345K(12800K)->12345K(12800K) Class: 1943K(2304K)->1943K(2304K)
[254.376s][info][gc             ] GC(437) Pause Young (Allocation Failure) 561M->15M(1979M) 44.436ms
[254.376s][info][gc,cpu         ] GC(437) User=0.03s Sys=0.00s Real=0.04s
[254.893s][info][gc,start       ] GC(438) Pause Young (Allocation Failure)
[254.948s][info][gc,heap        ] GC(438) DefNew: 560481K(629120K)->1243K(629120K) Eden: 559232K(559232K)->0K(559232K) From: 1249K(69888K)->1243K(69888K)
[254.948s][info][gc,heap        ] GC(438) Tenured: 14844K(1398144K)->14931K(1398144K)
[254.948s][info][gc,metaspace   ] GC(438) Metaspace: 14289K(15104K)->14289K(15104K) NonClass: 12345K(12800K)->12345K(12800K) Class: 1943K(2304K)->1943K(2304K)
[254.948s][info][gc             ] GC(438) Pause Young (Allocation Failure) 561M->15M(1979M) 54.675ms
[254.948s][info][gc,cpu         ] GC(438) User=0.05s Sys=0.00s Real=0.05s
[255.477s][info][gc,start       ] GC(439) Pause Young (Allocation Failure)
[255.530s][info][gc,heap        ] GC(439) DefNew: 560475K(629120K)->1238K(629120K) Eden: 559232K(559232K)->0K(559232K) From: 1243K(69888K)->1238K(69888K)
[255.530s][info][gc,heap        ] GC(439) Tenured: 14931K(1398144K)->15016K(1398144K)
[255.530s][info][gc,metaspace   ] GC(439) Metaspace: 14289K(15104K)->14289K(15104K) NonClass: 12345K(12800K)->12345K(12800K) Class: 1943K(2304K)->1943K(2304K)
[255.530s][info][gc             ] GC(439) Pause Young (Allocation Failure) 561M->15M(1979M) 53.251ms
[255.530s][info][gc,cpu         ] GC(439) User=0.05s Sys=0.00s Real=0.05s
[256.037s][info][gc,start       ] GC(440) Pause Young (Allocation Failure)
[256.095s][info][gc,heap        ] GC(440) DefNew: 560470K(629120K)->1237K(629120K) Eden: 559232K(559232K)->0K(559232K) From: 1238K(69888K)->1237K(69888K)
[256.095s][info][gc,heap        ] GC(440) Tenured: 15016K(1398144K)->15099K(1398144K)
[256.095s][info][gc,metaspace   ] GC(440) Metaspace: 14289K(15104K)->14289K(15104K) NonClass: 12345K(12800K)->12345K(12800K) Class: 1943K(2304K)->1943K(2304K)
[256.095s][info][gc             ] GC(440) Pause Young (Allocation Failure) 561M->15M(1979M) 57.672ms
[256.095s][info][gc,cpu         ] GC(440) User=0.05s Sys=0.00s Real=0.04s
[256.601s][info][gc,start       ] GC(441) Pause Young (Allocation Failure)
[256.656s][info][gc,heap        ] GC(441) DefNew: 560469K(629120K)->1225K(629120K) Eden: 559232K(559232K)->0K(559232K) From: 1237K(69888K)->1225K(69888K)
[256.656s][info][gc,heap        ] GC(441) Tenured: 15099K(1398144K)->15189K(1398144K)
[256.656s][info][gc,metaspace   ] GC(441) Metaspace: 14289K(15104K)->14289K(15104K) NonClass: 12345K(12800K)->12345K(12800K) Class: 1943K(2304K)->1943K(2304K)
[256.656s][info][gc             ] GC(441) Pause Young (Allocation Failure) 562M->16M(1979M) 54.476ms
[256.656s][info][gc,cpu         ] GC(441) User=0.05s Sys=0.00s Real=0.05s
[257.161s][info][gc,start       ] GC(442) Pause Young (Allocation Failure)
[257.206s][info][gc,heap        ] GC(442) DefNew: 560457K(629120K)->1220K(629120K) Eden: 559232K(559232K)->0K(559232K) From: 1225K(69888K)->1220K(69888K)
[257.206s][info][gc,heap        ] GC(442) Tenured: 15189K(1398144K)->15272K(1398144K)
[257.206s][info][gc,metaspace   ] GC(442) Metaspace: 14289K(15104K)->14289K(15104K) NonClass: 12345K(12800K)->12345K(12800K) Class: 1943K(2304K)->1943K(2304K)
[257.206s][info][gc             ] GC(442) Pause Young (Allocation Failure) 562M->16M(1979M) 44.506ms
[257.206s][info][gc,cpu         ] GC(442) User=0.03s Sys=0.00s Real=0.03s
[257.711s][info][gc,start       ] GC(443) Pause Young (Allocation Failure)
[257.772s][info][gc,heap        ] GC(443) DefNew: 560452K(629120K)->1215K(629120K) Eden: 559232K(559232K)->0K(559232K) From: 1220K(69888K)->1215K(69888K)
[257.772s][info][gc,heap        ] GC(443) Tenured: 15272K(1398144K)->15355K(1398144K)
[257.772s][info][gc,metaspace   ] GC(443) Metaspace: 14289K(15104K)->14289K(15104K) NonClass: 12345K(12800K)->12345K(12800K) Class: 1943K(2304K)->1943K(2304K)
[257.772s][info][gc             ] GC(443) Pause Young (Allocation Failure) 562M->16M(1979M) 60.636ms
[257.772s][info][gc,cpu         ] GC(443) User=0.05s Sys=0.00s Real=0.05s
[258.255s][info][gc,start       ] GC(444) Pause Young (Allocation Failure)
[258.313s][info][gc,heap        ] GC(444) DefNew: 560447K(629120K)->1203K(629120K) Eden: 559232K(559232K)->0K(559232K) From: 1215K(69888K)->1203K(69888K)
[258.313s][info][gc,heap        ] GC(444) Tenured: 15355K(1398144K)->15440K(1398144K)
[258.313s][info][gc,metaspace   ] GC(444) Metaspace: 14289K(15104K)->14289K(15104K) NonClass: 12345K(12800K)->12345K(12800K) Class: 1943K(2304K)->1943K(2304K)
[258.313s][info][gc             ] GC(444) Pause Young (Allocation Failure) 562M->16M(1979M) 58.545ms
[258.313s][info][gc,cpu         ] GC(444) User=0.06s Sys=0.00s Real=0.06s
[258.742s][info][gc,start       ] GC(445) Pause Full (System.gc())
[258.742s][info][gc,phases,start] GC(445) Phase 1: Mark live objects
[258.793s][info][gc,phases      ] GC(445) Phase 1: Mark live objects 50.875ms
[258.793s][info][gc,phases,start] GC(445) Phase 2: Compute new object addresses
[258.936s][info][gc,phases      ] GC(445) Phase 2: Compute new object addresses 143.352ms
[258.936s][info][gc,phases,start] GC(445) Phase 3: Adjust pointers
[258.959s][info][gc,phases      ] GC(445) Phase 3: Adjust pointers 22.265ms
[258.959s][info][gc,phases,start] GC(445) Phase 4: Move objects
[258.959s][info][gc,phases      ] GC(445) Phase 4: Move objects 0.013ms
[258.959s][info][gc,heap        ] GC(445) DefNew: 504702K(629120K)->0K(629120K) Eden: 503499K(559232K)->0K(559232K) From: 1203K(69888K)->0K(69888K)
[258.959s][info][gc,heap        ] GC(445) Tenured: 15440K(1398144K)->5365K(1398144K)
[258.959s][info][gc,metaspace   ] GC(445) Metaspace: 14289K(15104K)->14289K(15104K) NonClass: 12346K(12800K)->12346K(12800K) Class: 1943K(2304K)->1943K(2304K)
[258.959s][info][gc             ] GC(445) Pause Full (System.gc()) 507M->5M(1979M) 216.961ms
[258.959s][info][gc,cpu         ] GC(445) User=0.20s Sys=0.00s Real=0.20s
[259.438s][info][gc,start       ] GC(446) Pause Young (Allocation Failure)
[259.484s][info][gc,heap        ] GC(446) DefNew: 559232K(629120K)->1535K(629120K) Eden: 559232K(559232K)->0K(559232K) From: 0K(69888K)->1535K(69888K)
[259.484s][info][gc,heap        ] GC(446) Tenured: 5365K(1398144K)->5365K(1398144K)
[259.484s][info][gc,metaspace   ] GC(446) Metaspace: 14289K(15104K)->14289K(15104K) NonClass: 12346K(12800K)->12346K(12800K) Class: 1943K(2304K)->1943K(2304K)
[259.484s][info][gc             ] GC(446) Pause Young (Allocation Failure) 551M->6M(1979M) 46.342ms
[259.484s][info][gc,cpu         ] GC(446) User=0.05s Sys=0.00s Real=0.05s
[260.010s][info][gc,start       ] GC(447) Pause Young (Allocation Failure)
[260.056s][info][gc,heap        ] GC(447) DefNew: 560767K(629120K)->1618K(629120K) Eden: 559232K(559232K)->0K(559232K) From: 1535K(69888K)->1618K(69888K)
[260.056s][info][gc,heap        ] GC(447) Tenured: 5365K(1398144K)->5365K(1398144K)
[260.056s][info][gc,metaspace   ] GC(447) Metaspace: 14289K(15104K)->14289K(15104K) NonClass: 12346K(12800K)->12346K(12800K) Class: 1943K(2304K)->1943K(2304K)
[260.056s][info][gc             ] GC(447) Pause Young (Allocation Failure) 552M->6M(1979M) 46.220ms
[260.056s][info][gc,cpu         ] GC(447) User=0.05s Sys=0.00s Real=0.04s
[260.583s][info][gc,start       ] GC(448) Pause Young (Allocation Failure)
[260.642s][info][gc,heap        ] GC(448) DefNew: 560850K(629120K)->1700K(629120K) Eden: 559232K(559232K)->0K(559232K) From: 1618K(69888K)->1700K(69888K)
[260.642s][info][gc,heap        ] GC(448) Tenured: 5365K(1398144K)->5365K(1398144K)
[260.642s][info][gc,metaspace   ] GC(448) Metaspace: 14289K(15104K)->14289K(15104K) NonClass: 12346K(12800K)->12346K(12800K) Class: 1943K(2304K)->1943K(2304K)
[260.642s][info][gc             ] GC(448) Pause Young (Allocation Failure) 552M->6M(1979M) 59.033ms
[260.642s][info][gc,cpu         ] GC(448) User=0.06s Sys=0.00s Real=0.06s
[261.172s][info][gc,start       ] GC(449) Pause Young (Allocation Failure)
[261.231s][info][gc,heap        ] GC(449) DefNew: 560932K(629120K)->1778K(629120K) Eden: 559232K(559232K)->0K(559232K) From: 1700K(69888K)->1778K(69888K)
[261.231s][info][gc,heap        ] GC(449) Tenured: 5365K(1398144K)->5365K(1398144K)
[261.231s][info][gc,metaspace   ] GC(449) Metaspace: 14289K(15104K)->14289K(15104K) NonClass: 12346K(12800K)->12346K(12800K) Class: 1943K(2304K)->1943K(2304K)
[261.231s][info][gc             ] GC(449) Pause Young (Allocation Failure) 553M->6M(1979M) 59.091ms
[261.231s][info][gc,cpu         ] GC(449) User=0.05s Sys=0.00s Real=0.05s
[261.757s][info][gc,start       ] GC(450) Pause Young (Allocation Failure)
[261.817s][info][gc,heap        ] GC(450) DefNew: 561010K(629120K)->1859K(629120K) Eden: 559232K(559232K)->0K(559232K) From: 1778K(69888K)->1859K(69888K)
[261.817s][info][gc,heap        ] GC(450) Tenured: 5365K(1398144K)->5365K(1398144K)
[261.817s][info][gc,metaspace   ] GC(450) Metaspace: 14289K(15104K)->14289K(15104K) NonClass: 12346K(12800K)->12346K(12800K) Class: 1943K(2304K)->1943K(2304K)
[261.818s][info][gc             ] GC(450) Pause Young (Allocation Failure) 553M->7M(1979M) 60.912ms
[261.818s][info][gc,cpu         ] GC(450) User=0.06s Sys=0.00s Real=0.06s
[262.359s][info][gc,start       ] GC(451) Pause Young (Allocation Failure)
[262.415s][info][gc,heap        ] GC(451) DefNew: 561091K(629120K)->1945K(629120K) Eden: 559232K(559232K)->0K(559232K) From: 1859K(69888K)->1945K(69888K)
[262.415s][info][gc,heap        ] GC(451) Tenured: 5365K(1398144K)->5365K(1398144K)
[262.415s][info][gc,metaspace   ] GC(451) Metaspace: 14289K(15104K)->14289K(15104K) NonClass: 12346K(12800K)->12346K(12800K) Class: 1943K(2304K)->1943K(2304K)
[262.415s][info][gc             ] GC(451) Pause Young (Allocation Failure) 553M->7M(1979M) 56.127ms
[262.415s][info][gc,cpu         ] GC(451) User=0.05s Sys=0.00s Real=0.05s
[262.965s][info][gc,start       ] GC(452) Pause Young (Allocation Failure)
[263.021s][info][gc,heap        ] GC(452) DefNew: 561177K(629120K)->2031K(629120K) Eden: 559232K(559232K)->0K(559232K) From: 1945K(69888K)->2031K(69888K)
[263.025s][info][gc,heap        ] GC(452) Tenured: 5365K(1398144K)->5365K(1398144K)
[263.025s][info][gc,metaspace   ] GC(452) Metaspace: 14289K(15104K)->14289K(15104K) NonClass: 12346K(12800K)->12346K(12800K) Class: 1943K(2304K)->1943K(2304K)
[263.025s][info][gc             ] GC(452) Pause Young (Allocation Failure) 553M->7M(1979M) 60.084ms
[263.025s][info][gc,cpu         ] GC(452) User=0.05s Sys=0.00s Real=0.06s
[263.548s][info][gc,start       ] GC(453) Pause Young (Allocation Failure)
[263.606s][info][gc,heap        ] GC(453) DefNew: 561263K(629120K)->2110K(629120K) Eden: 559232K(559232K)->0K(559232K) From: 2031K(69888K)->2110K(69888K)
[263.606s][info][gc,heap        ] GC(453) Tenured: 5365K(1398144K)->5365K(1398144K)
[263.606s][info][gc,metaspace   ] GC(453) Metaspace: 14289K(15104K)->14289K(15104K) NonClass: 12346K(12800K)->12346K(12800K) Class: 1943K(2304K)->1943K(2304K)
[263.606s][info][gc             ] GC(453) Pause Young (Allocation Failure) 553M->7M(1979M) 57.709ms
[263.606s][info][gc,cpu         ] GC(453) User=0.05s Sys=0.00s Real=0.05s
[264.150s][info][gc,start       ] GC(454) Pause Young (Allocation Failure)
[264.208s][info][gc,heap        ] GC(454) DefNew: 561342K(629120K)->2194K(629120K) Eden: 559232K(559232K)->0K(559232K) From: 2110K(69888K)->2194K(69888K)
[264.208s][info][gc,heap        ] GC(454) Tenured: 5365K(1398144K)->5365K(1398144K)
[264.208s][info][gc,metaspace   ] GC(454) Metaspace: 14289K(15104K)->14289K(15104K) NonClass: 12346K(12800K)->12346K(12800K) Class: 1943K(2304K)->1943K(2304K)
[264.208s][info][gc             ] GC(454) Pause Young (Allocation Failure) 553M->7M(1979M) 58.029ms
[264.208s][info][gc,cpu         ] GC(454) User=0.06s Sys=0.00s Real=0.05s
[264.740s][info][gc,start       ] GC(455) Pause Young (Allocation Failure)
[264.791s][info][gc,heap        ] GC(455) DefNew: 561426K(629120K)->2278K(629120K) Eden: 559232K(559232K)->0K(559232K) From: 2194K(69888K)->2278K(69888K)
[264.791s][info][gc,heap        ] GC(455) Tenured: 5365K(1398144K)->5365K(1398144K)
[264.791s][info][gc,metaspace   ] GC(455) Metaspace: 14289K(15104K)->14289K(15104K) NonClass: 12346K(12800K)->12346K(12800K) Class: 1943K(2304K)->1943K(2304K)
[264.791s][info][gc             ] GC(455) Pause Young (Allocation Failure) 553M->7M(1979M) 50.908ms
[264.791s][info][gc,cpu         ] GC(455) User=0.05s Sys=0.00s Real=0.04s
[265.306s][info][gc,start       ] GC(456) Pause Young (Allocation Failure)
[265.357s][info][gc,heap        ] GC(456) DefNew: 561510K(629120K)->2356K(629120K) Eden: 559232K(559232K)->0K(559232K) From: 2278K(69888K)->2356K(69888K)
[265.357s][info][gc,heap        ] GC(456) Tenured: 5365K(1398144K)->5365K(1398144K)
[265.357s][info][gc,metaspace   ] GC(456) Metaspace: 14289K(15104K)->14289K(15104K) NonClass: 12346K(12800K)->12346K(12800K) Class: 1943K(2304K)->1943K(2304K)
[265.357s][info][gc             ] GC(456) Pause Young (Allocation Failure) 553M->7M(1979M) 50.850ms
[265.357s][info][gc,cpu         ] GC(456) User=0.05s Sys=0.00s Real=0.05s
[265.991s][info][gc,start       ] GC(457) Pause Young (Allocation Failure)
[266.046s][info][gc,heap        ] GC(457) DefNew: 561588K(629120K)->2441K(629120K) Eden: 559232K(559232K)->0K(559232K) From: 2356K(69888K)->2441K(69888K)
[266.046s][info][gc,heap        ] GC(457) Tenured: 5365K(1398144K)->5365K(1398144K)
[266.046s][info][gc,metaspace   ] GC(457) Metaspace: 14289K(15104K)->14289K(15104K) NonClass: 12346K(12800K)->12346K(12800K) Class: 1943K(2304K)->1943K(2304K)
[266.046s][info][gc             ] GC(457) Pause Young (Allocation Failure) 553M->7M(1979M) 55.734ms
[266.046s][info][gc,cpu         ] GC(457) User=0.05s Sys=0.00s Real=0.05s
[266.596s][info][gc,start       ] GC(458) Pause Young (Allocation Failure)
[266.652s][info][gc,heap        ] GC(458) DefNew: 561673K(629120K)->2527K(629120K) Eden: 559232K(559232K)->0K(559232K) From: 2441K(69888K)->2527K(69888K)
[266.652s][info][gc,heap        ] GC(458) Tenured: 5365K(1398144K)->5365K(1398144K)
[266.652s][info][gc,metaspace   ] GC(458) Metaspace: 14289K(15104K)->14289K(15104K) NonClass: 12346K(12800K)->12346K(12800K) Class: 1943K(2304K)->1943K(2304K)
[266.652s][info][gc             ] GC(458) Pause Young (Allocation Failure) 553M->7M(1979M) 55.973ms
[266.652s][info][gc,cpu         ] GC(458) User=0.05s Sys=0.00s Real=0.06s
[267.188s][info][gc,start       ] GC(459) Pause Young (Allocation Failure)
[267.245s][info][gc,heap        ] GC(459) DefNew: 561759K(629120K)->2612K(629120K) Eden: 559232K(559232K)->0K(559232K) From: 2527K(69888K)->2612K(69888K)
[267.245s][info][gc,heap        ] GC(459) Tenured: 5365K(1398144K)->5365K(1398144K)
[267.245s][info][gc,metaspace   ] GC(459) Metaspace: 14289K(15104K)->14289K(15104K) NonClass: 12346K(12800K)->12346K(12800K) Class: 1943K(2304K)->1943K(2304K)
[267.245s][info][gc             ] GC(459) Pause Young (Allocation Failure) 553M->7M(1979M) 56.376ms
[267.245s][info][gc,cpu         ] GC(459) User=0.05s Sys=0.00s Real=0.05s
[267.798s][info][gc,start       ] GC(460) Pause Young (Allocation Failure)
[267.856s][info][gc,heap        ] GC(460) DefNew: 561844K(629120K)->2699K(629120K) Eden: 559232K(559232K)->0K(559232K) From: 2612K(69888K)->2699K(69888K)
[267.856s][info][gc,heap        ] GC(460) Tenured: 5365K(1398144K)->5365K(1398144K)
[267.856s][info][gc,metaspace   ] GC(460) Metaspace: 14289K(15104K)->14289K(15104K) NonClass: 12346K(12800K)->12346K(12800K) Class: 1943K(2304K)->1943K(2304K)
[267.856s][info][gc             ] GC(460) Pause Young (Allocation Failure) 553M->7M(1979M) 58.122ms
[267.856s][info][gc,cpu         ] GC(460) User=0.05s Sys=0.00s Real=0.05s
[268.387s][info][gc,start       ] GC(461) Pause Young (Allocation Failure)
[268.448s][info][gc,heap        ] GC(461) DefNew: 561931K(629120K)->1255K(629120K) Eden: 559232K(559232K)->0K(559232K) From: 2699K(69888K)->1255K(69888K)
[268.448s][info][gc,heap        ] GC(461) Tenured: 5365K(1398144K)->6892K(1398144K)
[268.448s][info][gc,metaspace   ] GC(461) Metaspace: 14289K(15104K)->14289K(15104K) NonClass: 12346K(12800K)->12346K(12800K) Class: 1943K(2304K)->1943K(2304K)
[268.448s][info][gc             ] GC(461) Pause Young (Allocation Failure) 554M->7M(1979M) 61.566ms
[268.448s][info][gc,cpu         ] GC(461) User=0.06s Sys=0.00s Real=0.06s
[268.969s][info][gc,start       ] GC(462) Pause Young (Allocation Failure)
[269.030s][info][gc,heap        ] GC(462) DefNew: 560487K(629120K)->1252K(629120K) Eden: 559232K(559232K)->0K(559232K) From: 1255K(69888K)->1252K(69888K)
[269.030s][info][gc,heap        ] GC(462) Tenured: 6892K(1398144K)->6975K(1398144K)
[269.030s][info][gc,metaspace   ] GC(462) Metaspace: 14289K(15104K)->14289K(15104K) NonClass: 12346K(12800K)->12346K(12800K) Class: 1943K(2304K)->1943K(2304K)
[269.030s][info][gc             ] GC(462) Pause Young (Allocation Failure) 554M->8M(1979M) 60.279ms
[269.030s][info][gc,cpu         ] GC(462) User=0.05s Sys=0.00s Real=0.05s
[269.552s][info][gc,start       ] GC(463) Pause Young (Allocation Failure)
[269.614s][info][gc,heap        ] GC(463) DefNew: 560484K(629120K)->1251K(629120K) Eden: 559232K(559232K)->0K(559232K) From: 1252K(69888K)->1251K(69888K)
[269.614s][info][gc,heap        ] GC(463) Tenured: 6975K(1398144K)->7055K(1398144K)
[269.614s][info][gc,metaspace   ] GC(463) Metaspace: 14289K(15104K)->14289K(15104K) NonClass: 12346K(12800K)->12346K(12800K) Class: 1943K(2304K)->1943K(2304K)
[269.614s][info][gc             ] GC(463) Pause Young (Allocation Failure) 554M->8M(1979M) 61.865ms
[269.614s][info][gc,cpu         ] GC(463) User=0.05s Sys=0.00s Real=0.06s
[270.144s][info][gc,start       ] GC(464) Pause Young (Allocation Failure)
[270.199s][info][gc,heap        ] GC(464) DefNew: 560483K(629120K)->1257K(629120K) Eden: 559232K(559232K)->0K(559232K) From: 1251K(69888K)->1257K(69888K)
[270.199s][info][gc,heap        ] GC(464) Tenured: 7055K(1398144K)->7135K(1398144K)
[270.199s][info][gc,metaspace   ] GC(464) Metaspace: 14289K(15104K)->14289K(15104K) NonClass: 12346K(12800K)->12346K(12800K) Class: 1943K(2304K)->1943K(2304K)
[270.199s][info][gc             ] GC(464) Pause Young (Allocation Failure) 554M->8M(1979M) 55.056ms
[270.199s][info][gc,cpu         ] GC(464) User=0.05s Sys=0.00s Real=0.05s
[270.743s][info][gc,start       ] GC(465) Pause Young (Allocation Failure)
[270.799s][info][gc,heap        ] GC(465) DefNew: 560489K(629120K)->1263K(629120K) Eden: 559232K(559232K)->0K(559232K) From: 1257K(69888K)->1263K(69888K)
[270.799s][info][gc,heap        ] GC(465) Tenured: 7135K(1398144K)->7215K(1398144K)
[270.799s][info][gc,metaspace   ] GC(465) Metaspace: 14289K(15104K)->14289K(15104K) NonClass: 12346K(12800K)->12346K(12800K) Class: 1943K(2304K)->1943K(2304K)
[270.799s][info][gc             ] GC(465) Pause Young (Allocation Failure) 554M->8M(1979M) 55.841ms
[270.799s][info][gc,cpu         ] GC(465) User=0.05s Sys=0.00s Real=0.05s
[271.314s][info][gc,start       ] GC(466) Pause Young (Allocation Failure)
[271.370s][info][gc,heap        ] GC(466) DefNew: 560495K(629120K)->1255K(629120K) Eden: 559232K(559232K)->0K(559232K) From: 1263K(69888K)->1255K(69888K)
[271.370s][info][gc,heap        ] GC(466) Tenured: 7215K(1398144K)->7300K(1398144K)
[271.370s][info][gc,metaspace   ] GC(466) Metaspace: 14289K(15104K)->14289K(15104K) NonClass: 12346K(12800K)->12346K(12800K) Class: 1943K(2304K)->1943K(2304K)
[271.370s][info][gc             ] GC(466) Pause Young (Allocation Failure) 554M->8M(1979M) 55.330ms
[271.370s][info][gc,cpu         ] GC(466) User=0.03s Sys=0.00s Real=0.04s
[271.896s][info][gc,start       ] GC(467) Pause Young (Allocation Failure)
[271.954s][info][gc,heap        ] GC(467) DefNew: 560487K(629120K)->1248K(629120K) Eden: 559232K(559232K)->0K(559232K) From: 1255K(69888K)->1248K(69888K)
[271.954s][info][gc,heap        ] GC(467) Tenured: 7300K(1398144K)->7387K(1398144K)
[271.954s][info][gc,metaspace   ] GC(467) Metaspace: 14289K(15104K)->14289K(15104K) NonClass: 12346K(12800K)->12346K(12800K) Class: 1943K(2304K)->1943K(2304K)
[271.954s][info][gc             ] GC(467) Pause Young (Allocation Failure) 554M->8M(1979M) 58.630ms
[271.954s][info][gc,cpu         ] GC(467) User=0.05s Sys=0.00s Real=0.05s
[272.482s][info][gc,start       ] GC(468) Pause Young (Allocation Failure)
[272.537s][info][gc,heap        ] GC(468) DefNew: 560480K(629120K)->1250K(629120K) Eden: 559232K(559232K)->0K(559232K) From: 1248K(69888K)->1250K(69888K)
[272.537s][info][gc,heap        ] GC(468) Tenured: 7387K(1398144K)->7467K(1398144K)
[272.537s][info][gc,metaspace   ] GC(468) Metaspace: 14289K(15104K)->14289K(15104K) NonClass: 12346K(12800K)->12346K(12800K) Class: 1943K(2304K)->1943K(2304K)
[272.537s][info][gc             ] GC(468) Pause Young (Allocation Failure) 554M->8M(1979M) 55.339ms
[272.537s][info][gc,cpu         ] GC(468) User=0.05s Sys=0.00s Real=0.05s
[273.073s][info][gc,start       ] GC(469) Pause Young (Allocation Failure)
[273.128s][info][gc,heap        ] GC(469) DefNew: 560482K(629120K)->1250K(629120K) Eden: 559232K(559232K)->0K(559232K) From: 1250K(69888K)->1250K(69888K)
[273.128s][info][gc,heap        ] GC(469) Tenured: 7467K(1398144K)->7550K(1398144K)
[273.128s][info][gc,metaspace   ] GC(469) Metaspace: 14289K(15104K)->14289K(15104K) NonClass: 12346K(12800K)->12346K(12800K) Class: 1943K(2304K)->1943K(2304K)
[273.128s][info][gc             ] GC(469) Pause Young (Allocation Failure) 554M->8M(1979M) 55.269ms
[273.128s][info][gc,cpu         ] GC(469) User=0.05s Sys=0.00s Real=0.04s
[273.673s][info][gc,start       ] GC(470) Pause Young (Allocation Failure)
[273.726s][info][gc,heap        ] GC(470) DefNew: 560482K(629120K)->1250K(629120K) Eden: 559232K(559232K)->0K(559232K) From: 1250K(69888K)->1250K(69888K)
[273.726s][info][gc,heap        ] GC(470) Tenured: 7550K(1398144K)->7633K(1398144K)
[273.726s][info][gc,metaspace   ] GC(470) Metaspace: 14289K(15104K)->14289K(15104K) NonClass: 12346K(12800K)->12346K(12800K) Class: 1943K(2304K)->1943K(2304K)
[273.726s][info][gc             ] GC(470) Pause Young (Allocation Failure) 554M->8M(1979M) 53.307ms
[273.726s][info][gc,cpu         ] GC(470) User=0.05s Sys=0.00s Real=0.05s
[274.251s][info][gc,start       ] GC(471) Pause Young (Allocation Failure)
[274.305s][info][gc,heap        ] GC(471) DefNew: 560482K(629120K)->1256K(629120K) Eden: 559232K(559232K)->0K(559232K) From: 1250K(69888K)->1256K(69888K)
[274.305s][info][gc,heap        ] GC(471) Tenured: 7633K(1398144K)->7710K(1398144K)
[274.305s][info][gc,metaspace   ] GC(471) Metaspace: 14289K(15104K)->14289K(15104K) NonClass: 12346K(12800K)->12346K(12800K) Class: 1943K(2304K)->1943K(2304K)
[274.306s][info][gc             ] GC(471) Pause Young (Allocation Failure) 554M->8M(1979M) 54.773ms
[274.306s][info][gc,cpu         ] GC(471) User=0.05s Sys=0.00s Real=0.06s
[274.825s][info][gc,start       ] GC(472) Pause Young (Allocation Failure)
[274.884s][info][gc,heap        ] GC(472) DefNew: 560488K(629120K)->1249K(629120K) Eden: 559232K(559232K)->0K(559232K) From: 1256K(69888K)->1249K(69888K)
[274.884s][info][gc,heap        ] GC(472) Tenured: 7710K(1398144K)->7796K(1398144K)
[274.884s][info][gc,metaspace   ] GC(472) Metaspace: 14289K(15104K)->14289K(15104K) NonClass: 12346K(12800K)->12346K(12800K) Class: 1943K(2304K)->1943K(2304K)
[274.884s][info][gc             ] GC(472) Pause Young (Allocation Failure) 554M->8M(1979M) 59.181ms
[274.884s][info][gc,cpu         ] GC(472) User=0.06s Sys=0.00s Real=0.05s
[275.315s][info][gc,start       ] GC(473) Pause Young (Allocation Failure)
[275.377s][info][gc,heap        ] GC(473) DefNew: 560481K(629120K)->1228K(629120K) Eden: 559232K(559232K)->0K(559232K) From: 1249K(69888K)->1228K(69888K)
[275.377s][info][gc,heap        ] GC(473) Tenured: 7796K(1398144K)->7881K(1398144K)
[275.377s][info][gc,metaspace   ] GC(473) Metaspace: 14289K(15104K)->14289K(15104K) NonClass: 12346K(12800K)->12346K(12800K) Class: 1943K(2304K)->1943K(2304K)
[275.377s][info][gc             ] GC(473) Pause Young (Allocation Failure) 554M->8M(1979M) 62.216ms
[275.377s][info][gc,cpu         ] GC(473) User=0.05s Sys=0.00s Real=0.05s
[275.786s][info][gc,start       ] GC(474) Pause Full (System.gc())
[275.787s][info][gc,phases,start] GC(474) Phase 1: Mark live objects
[275.836s][info][gc,phases      ] GC(474) Phase 1: Mark live objects 49.827ms
[275.837s][info][gc,phases,start] GC(474) Phase 2: Compute new object addresses
[275.914s][info][gc,phases      ] GC(474) Phase 2: Compute new object addresses 77.747ms
[275.914s][info][gc,phases,start] GC(474) Phase 3: Adjust pointers
[275.940s][info][gc,phases      ] GC(474) Phase 3: Adjust pointers 25.241ms
[275.940s][info][gc,phases,start] GC(474) Phase 4: Move objects
[275.940s][info][gc,phases      ] GC(474) Phase 4: Move objects 0.012ms
[275.940s][info][gc,heap        ] GC(474) DefNew: 329722K(629120K)->0K(629120K) Eden: 328494K(559232K)->0K(559232K) From: 1228K(69888K)->0K(69888K)
[275.940s][info][gc,heap        ] GC(474) Tenured: 7881K(1398144K)->7882K(1398144K)
[275.940s][info][gc,metaspace   ] GC(474) Metaspace: 14289K(15104K)->14289K(15104K) NonClass: 12346K(12800K)->12346K(12800K) Class: 1943K(2304K)->1943K(2304K)
[275.940s][info][gc             ] GC(474) Pause Full (System.gc()) 329M->7M(1979M) 153.240ms
[275.940s][info][gc,cpu         ] GC(474) User=0.14s Sys=0.00s Real=0.14s
[276.426s][info][gc,start       ] GC(475) Pause Young (Allocation Failure)
[276.469s][info][gc,heap        ] GC(475) DefNew: 559232K(629120K)->1537K(629120K) Eden: 559232K(559232K)->0K(559232K) From: 0K(69888K)->1537K(69888K)
[276.469s][info][gc,heap        ] GC(475) Tenured: 7882K(1398144K)->7882K(1398144K)
[276.469s][info][gc,metaspace   ] GC(475) Metaspace: 14289K(15104K)->14289K(15104K) NonClass: 12346K(12800K)->12346K(12800K) Class: 1943K(2304K)->1943K(2304K)
[276.469s][info][gc             ] GC(475) Pause Young (Allocation Failure) 553M->9M(1979M) 42.806ms
[276.469s][info][gc,cpu         ] GC(475) User=0.03s Sys=0.00s Real=0.04s
[277.012s][info][gc,start       ] GC(476) Pause Young (Allocation Failure)
[277.057s][info][gc,heap        ] GC(476) DefNew: 560769K(629120K)->1620K(629120K) Eden: 559232K(559232K)->0K(559232K) From: 1537K(69888K)->1620K(69888K)
[277.057s][info][gc,heap        ] GC(476) Tenured: 7882K(1398144K)->7882K(1398144K)
[277.057s][info][gc,metaspace   ] GC(476) Metaspace: 14289K(15104K)->14289K(15104K) NonClass: 12346K(12800K)->12346K(12800K) Class: 1943K(2304K)->1943K(2304K)
[277.057s][info][gc             ] GC(476) Pause Young (Allocation Failure) 555M->9M(1979M) 44.544ms
[277.057s][info][gc,cpu         ] GC(476) User=0.05s Sys=0.00s Real=0.04s
[277.614s][info][gc,start       ] GC(477) Pause Young (Allocation Failure)
[277.669s][info][gc,heap        ] GC(477) DefNew: 560852K(629120K)->1707K(629120K) Eden: 559232K(559232K)->0K(559232K) From: 1620K(69888K)->1707K(69888K)
[277.669s][info][gc,heap        ] GC(477) Tenured: 7882K(1398144K)->7882K(1398144K)
[277.669s][info][gc,metaspace   ] GC(477) Metaspace: 14289K(15104K)->14289K(15104K) NonClass: 12346K(12800K)->12346K(12800K) Class: 1943K(2304K)->1943K(2304K)
[277.670s][info][gc             ] GC(477) Pause Young (Allocation Failure) 555M->9M(1979M) 55.610ms
[277.670s][info][gc,cpu         ] GC(477) User=0.05s Sys=0.00s Real=0.06s
[278.206s][info][gc,start       ] GC(478) Pause Young (Allocation Failure)
[278.261s][info][gc,heap        ] GC(478) DefNew: 560939K(629120K)->1790K(629120K) Eden: 559232K(559232K)->0K(559232K) From: 1707K(69888K)->1790K(69888K)
[278.261s][info][gc,heap        ] GC(478) Tenured: 7882K(1398144K)->7882K(1398144K)
[278.261s][info][gc,metaspace   ] GC(478) Metaspace: 14289K(15104K)->14289K(15104K) NonClass: 12346K(12800K)->12346K(12800K) Class: 1943K(2304K)->1943K(2304K)
[278.261s][info][gc             ] GC(478) Pause Young (Allocation Failure) 555M->9M(1979M) 55.492ms
[278.261s][info][gc,cpu         ] GC(478) User=0.05s Sys=0.00s Real=0.05s
[278.800s][info][gc,start       ] GC(479) Pause Young (Allocation Failure)
[278.847s][info][gc,heap        ] GC(479) DefNew: 561022K(629120K)->1870K(629120K) Eden: 559232K(559232K)->0K(559232K) From: 1790K(69888K)->1870K(69888K)
[278.847s][info][gc,heap        ] GC(479) Tenured: 7882K(1398144K)->7882K(1398144K)
[278.847s][info][gc,metaspace   ] GC(479) Metaspace: 14289K(15104K)->14289K(15104K) NonClass: 12346K(12800K)->12346K(12800K) Class: 1943K(2304K)->1943K(2304K)
[278.847s][info][gc             ] GC(479) Pause Young (Allocation Failure) 555M->9M(1979M) 46.850ms
[278.847s][info][gc,cpu         ] GC(479) User=0.05s Sys=0.00s Real=0.05s
[279.371s][info][gc,start       ] GC(480) Pause Young (Allocation Failure)
[279.419s][info][gc,heap        ] GC(480) DefNew: 561102K(629120K)->1953K(629120K) Eden: 559232K(559232K)->0K(559232K) From: 1870K(69888K)->1953K(69888K)
[279.419s][info][gc,heap        ] GC(480) Tenured: 7882K(1398144K)->7882K(1398144K)
[279.419s][info][gc,metaspace   ] GC(480) Metaspace: 14289K(15104K)->14289K(15104K) NonClass: 12346K(12800K)->12346K(12800K) Class: 1943K(2304K)->1943K(2304K)
[279.419s][info][gc             ] GC(480) Pause Young (Allocation Failure) 555M->9M(1979M) 47.247ms
[279.419s][info][gc,cpu         ] GC(480) User=0.03s Sys=0.00s Real=0.03s
[279.954s][info][gc,start       ] GC(481) Pause Young (Allocation Failure)
[280.015s][info][gc,heap        ] GC(481) DefNew: 561185K(629120K)->2037K(629120K) Eden: 559232K(559232K)->0K(559232K) From: 1953K(69888K)->2037K(69888K)
[280.015s][info][gc,heap        ] GC(481) Tenured: 7882K(1398144K)->7882K(1398144K)
[280.015s][info][gc,metaspace   ] GC(481) Metaspace: 14289K(15104K)->14289K(15104K) NonClass: 12346K(12800K)->12346K(12800K) Class: 1943K(2304K)->1943K(2304K)
[280.015s][info][gc             ] GC(481) Pause Young (Allocation Failure) 555M->9M(1979M) 61.471ms
[280.015s][info][gc,cpu         ] GC(481) User=0.05s Sys=0.00s Real=0.05s
[280.570s][info][gc,start       ] GC(482) Pause Young (Allocation Failure)
[280.634s][info][gc,heap        ] GC(482) DefNew: 561269K(629120K)->2119K(629120K) Eden: 559232K(559232K)->0K(559232K) From: 2037K(69888K)->2119K(69888K)
[280.634s][info][gc,heap        ] GC(482) Tenured: 7882K(1398144K)->7882K(1398144K)
[280.634s][info][gc,metaspace   ] GC(482) Metaspace: 14289K(15104K)->14289K(15104K) NonClass: 12346K(12800K)->12346K(12800K) Class: 1943K(2304K)->1943K(2304K)
[280.635s][info][gc             ] GC(482) Pause Young (Allocation Failure) 555M->9M(1979M) 64.490ms
[280.635s][info][gc,cpu         ] GC(482) User=0.06s Sys=0.00s Real=0.06s
[281.193s][info][gc,start       ] GC(483) Pause Young (Allocation Failure)
[281.250s][info][gc,heap        ] GC(483) DefNew: 561351K(629120K)->2204K(629120K) Eden: 559232K(559232K)->0K(559232K) From: 2119K(69888K)->2204K(69888K)
[281.250s][info][gc,heap        ] GC(483) Tenured: 7882K(1398144K)->7882K(1398144K)
[281.250s][info][gc,metaspace   ] GC(483) Metaspace: 14289K(15104K)->14289K(15104K) NonClass: 12346K(12800K)->12346K(12800K) Class: 1943K(2304K)->1943K(2304K)
[281.250s][info][gc             ] GC(483) Pause Young (Allocation Failure) 555M->9M(1979M) 57.134ms
[281.250s][info][gc,cpu         ] GC(483) User=0.05s Sys=0.00s Real=0.05s
[281.789s][info][gc,start       ] GC(484) Pause Young (Allocation Failure)
[281.843s][info][gc,heap        ] GC(484) DefNew: 561436K(629120K)->2292K(629120K) Eden: 559232K(559232K)->0K(559232K) From: 2204K(69888K)->2292K(69888K)
[281.843s][info][gc,heap        ] GC(484) Tenured: 7882K(1398144K)->7882K(1398144K)
[281.843s][info][gc,metaspace   ] GC(484) Metaspace: 14289K(15104K)->14289K(15104K) NonClass: 12346K(12800K)->12346K(12800K) Class: 1943K(2304K)->1943K(2304K)
[281.843s][info][gc             ] GC(484) Pause Young (Allocation Failure) 555M->9M(1979M) 54.330ms
[281.843s][info][gc,cpu         ] GC(484) User=0.05s Sys=0.00s Real=0.05s
[282.377s][info][gc,start       ] GC(485) Pause Young (Allocation Failure)
[282.437s][info][gc,heap        ] GC(485) DefNew: 561524K(629120K)->2372K(629120K) Eden: 559232K(559232K)->0K(559232K) From: 2292K(69888K)->2372K(69888K)
[282.437s][info][gc,heap        ] GC(485) Tenured: 7882K(1398144K)->7882K(1398144K)
[282.437s][info][gc,metaspace   ] GC(485) Metaspace: 14289K(15104K)->14289K(15104K) NonClass: 12346K(12800K)->12346K(12800K) Class: 1943K(2304K)->1943K(2304K)
[282.437s][info][gc             ] GC(485) Pause Young (Allocation Failure) 556M->10M(1979M) 59.833ms
[282.437s][info][gc,cpu         ] GC(485) User=0.05s Sys=0.00s Real=0.05s
[282.967s][info][gc,start       ] GC(486) Pause Young (Allocation Failure)
[283.028s][info][gc,heap        ] GC(486) DefNew: 561604K(629120K)->2454K(629120K) Eden: 559232K(559232K)->0K(559232K) From: 2372K(69888K)->2454K(69888K)
[283.028s][info][gc,heap        ] GC(486) Tenured: 7882K(1398144K)->7882K(1398144K)
[283.028s][info][gc,metaspace   ] GC(486) Metaspace: 14289K(15104K)->14289K(15104K) NonClass: 12346K(12800K)->12346K(12800K) Class: 1943K(2304K)->1943K(2304K)
[283.028s][info][gc             ] GC(486) Pause Young (Allocation Failure) 556M->10M(1979M) 61.076ms
[283.028s][info][gc,cpu         ] GC(486) User=0.06s Sys=0.00s Real=0.06s
[283.568s][info][gc,start       ] GC(487) Pause Young (Allocation Failure)
[283.628s][info][gc,heap        ] GC(487) DefNew: 561686K(629120K)->2538K(629120K) Eden: 559232K(559232K)->0K(559232K) From: 2454K(69888K)->2538K(69888K)
[283.628s][info][gc,heap        ] GC(487) Tenured: 7882K(1398144K)->7882K(1398144K)
[283.628s][info][gc,metaspace   ] GC(487) Metaspace: 14289K(15104K)->14289K(15104K) NonClass: 12346K(12800K)->12346K(12800K) Class: 1943K(2304K)->1943K(2304K)
[283.628s][info][gc             ] GC(487) Pause Young (Allocation Failure) 556M->10M(1979M) 60.539ms
[283.628s][info][gc,cpu         ] GC(487) User=0.05s Sys=0.00s Real=0.06s
[284.172s][info][gc,start       ] GC(488) Pause Young (Allocation Failure)
[284.219s][info][gc,heap        ] GC(488) DefNew: 561770K(629120K)->2620K(629120K) Eden: 559232K(559232K)->0K(559232K) From: 2538K(69888K)->2620K(69888K)
[284.219s][info][gc,heap        ] GC(488) Tenured: 7882K(1398144K)->7882K(1398144K)
[284.219s][info][gc,metaspace   ] GC(488) Metaspace: 14289K(15104K)->14289K(15104K) NonClass: 12346K(12800K)->12346K(12800K) Class: 1943K(2304K)->1943K(2304K)
[284.219s][info][gc             ] GC(488) Pause Young (Allocation Failure) 556M->10M(1979M) 46.547ms
[284.219s][info][gc,cpu         ] GC(488) User=0.05s Sys=0.00s Real=0.05s
[284.766s][info][gc,start       ] GC(489) Pause Young (Allocation Failure)
[284.813s][info][gc,heap        ] GC(489) DefNew: 561852K(629120K)->2708K(629120K) Eden: 559232K(559232K)->0K(559232K) From: 2620K(69888K)->2708K(69888K)
[284.813s][info][gc,heap        ] GC(489) Tenured: 7882K(1398144K)->7882K(1398144K)
[284.813s][info][gc,metaspace   ] GC(489) Metaspace: 14289K(15104K)->14289K(15104K) NonClass: 12346K(12800K)->12346K(12800K) Class: 1943K(2304K)->1943K(2304K)
[284.813s][info][gc             ] GC(489) Pause Young (Allocation Failure) 556M->10M(1979M) 46.558ms
[284.813s][info][gc,cpu         ] GC(489) User=0.03s Sys=0.00s Real=0.03s
[285.338s][info][gc,start       ] GC(490) Pause Young (Allocation Failure)
[285.394s][info][gc,heap        ] GC(490) DefNew: 561940K(629120K)->1256K(629120K) Eden: 559232K(559232K)->0K(559232K) From: 2708K(69888K)->1256K(69888K)
[285.394s][info][gc,heap        ] GC(490) Tenured: 7882K(1398144K)->9410K(1398144K)
[285.394s][info][gc,metaspace   ] GC(490) Metaspace: 14289K(15104K)->14289K(15104K) NonClass: 12346K(12800K)->12346K(12800K) Class: 1943K(2304K)->1943K(2304K)
[285.394s][info][gc             ] GC(490) Pause Young (Allocation Failure) 556M->10M(1979M) 55.986ms
[285.394s][info][gc,cpu         ] GC(490) User=0.06s Sys=0.00s Real=0.05s
[285.958s][info][gc,start       ] GC(491) Pause Young (Allocation Failure)
[286.018s][info][gc,heap        ] GC(491) DefNew: 560488K(629120K)->1259K(629120K) Eden: 559232K(559232K)->0K(559232K) From: 1256K(69888K)->1259K(69888K)
[286.018s][info][gc,heap        ] GC(491) Tenured: 9410K(1398144K)->9493K(1398144K)
[286.018s][info][gc,metaspace   ] GC(491) Metaspace: 14289K(15104K)->14289K(15104K) NonClass: 12346K(12800K)->12346K(12800K) Class: 1943K(2304K)->1943K(2304K)
[286.018s][info][gc             ] GC(491) Pause Young (Allocation Failure) 556M->10M(1979M) 60.145ms
[286.018s][info][gc,cpu         ] GC(491) User=0.06s Sys=0.00s Real=0.06s
[286.582s][info][gc,start       ] GC(492) Pause Young (Allocation Failure)
[286.637s][info][gc,heap        ] GC(492) DefNew: 560491K(629120K)->1260K(629120K) Eden: 559232K(559232K)->0K(559232K) From: 1259K(69888K)->1260K(69888K)
[286.637s][info][gc,heap        ] GC(492) Tenured: 9493K(1398144K)->9579K(1398144K)
[286.637s][info][gc,metaspace   ] GC(492) Metaspace: 14289K(15104K)->14289K(15104K) NonClass: 12346K(12800K)->12346K(12800K) Class: 1943K(2304K)->1943K(2304K)
[286.637s][info][gc             ] GC(492) Pause Young (Allocation Failure) 556M->10M(1979M) 54.832ms
[286.637s][info][gc,cpu         ] GC(492) User=0.05s Sys=0.00s Real=0.05s
[287.325s][info][gc,start       ] GC(493) Pause Young (Allocation Failure)
[287.381s][info][gc,heap        ] GC(493) DefNew: 560492K(629120K)->1267K(629120K) Eden: 559232K(559232K)->0K(559232K) From: 1260K(69888K)->1267K(69888K)
[287.381s][info][gc,heap        ] GC(493) Tenured: 9579K(1398144K)->9663K(1398144K)
[287.381s][info][gc,metaspace   ] GC(493) Metaspace: 14289K(15104K)->14289K(15104K) NonClass: 12346K(12800K)->12346K(12800K) Class: 1943K(2304K)->1943K(2304K)
[287.381s][info][gc             ] GC(493) Pause Young (Allocation Failure) 556M->10M(1979M) 56.031ms
[287.381s][info][gc,cpu         ] GC(493) User=0.05s Sys=0.00s Real=0.05s
[287.952s][info][gc,start       ] GC(494) Pause Young (Allocation Failure)
[287.996s][info][gc,heap        ] GC(494) DefNew: 560499K(629120K)->1278K(629120K) Eden: 559232K(559232K)->0K(559232K) From: 1267K(69888K)->1278K(69888K)
[287.996s][info][gc,heap        ] GC(494) Tenured: 9663K(1398144K)->9743K(1398144K)
[287.996s][info][gc,metaspace   ] GC(494) Metaspace: 14289K(15104K)->14289K(15104K) NonClass: 12346K(12800K)->12346K(12800K) Class: 1943K(2304K)->1943K(2304K)
[287.996s][info][gc             ] GC(494) Pause Young (Allocation Failure) 556M->10M(1979M) 43.688ms
[287.996s][info][gc,cpu         ] GC(494) User=0.03s Sys=0.00s Real=0.03s
[288.573s][info][gc,start       ] GC(495) Pause Young (Allocation Failure)
[288.629s][info][gc,heap        ] GC(495) DefNew: 560510K(629120K)->1282K(629120K) Eden: 559232K(559232K)->0K(559232K) From: 1278K(69888K)->1282K(69888K)
[288.629s][info][gc,heap        ] GC(495) Tenured: 9743K(1398144K)->9826K(1398144K)
[288.629s][info][gc,metaspace   ] GC(495) Metaspace: 14289K(15104K)->14289K(15104K) NonClass: 12346K(12800K)->12346K(12800K) Class: 1943K(2304K)->1943K(2304K)
[288.629s][info][gc             ] GC(495) Pause Young (Allocation Failure) 556M->10M(1979M) 55.980ms
[288.629s][info][gc,cpu         ] GC(495) User=0.05s Sys=0.00s Real=0.05s
[289.194s][info][gc,start       ] GC(496) Pause Young (Allocation Failure)
[289.250s][info][gc,heap        ] GC(496) DefNew: 560514K(629120K)->1289K(629120K) Eden: 559232K(559232K)->0K(559232K) From: 1282K(69888K)->1289K(69888K)
[289.250s][info][gc,heap        ] GC(496) Tenured: 9826K(1398144K)->9908K(1398144K)
[289.250s][info][gc,metaspace   ] GC(496) Metaspace: 14289K(15104K)->14289K(15104K) NonClass: 12346K(12800K)->12346K(12800K) Class: 1943K(2304K)->1943K(2304K)
[289.250s][info][gc             ] GC(496) Pause Young (Allocation Failure) 556M->10M(1979M) 55.871ms
[289.250s][info][gc,cpu         ] GC(496) User=0.06s Sys=0.00s Real=0.06s
[289.813s][info][gc,start       ] GC(497) Pause Young (Allocation Failure)
[289.859s][info][gc,heap        ] GC(497) DefNew: 560521K(629120K)->1292K(629120K) Eden: 559232K(559232K)->0K(559232K) From: 1289K(69888K)->1292K(69888K)
[289.859s][info][gc,heap        ] GC(497) Tenured: 9908K(1398144K)->9991K(1398144K)
[289.859s][info][gc,metaspace   ] GC(497) Metaspace: 14289K(15104K)->14289K(15104K) NonClass: 12346K(12800K)->12346K(12800K) Class: 1943K(2304K)->1943K(2304K)
[289.859s][info][gc             ] GC(497) Pause Young (Allocation Failure) 557M->11M(1979M) 46.721ms
[289.859s][info][gc,cpu         ] GC(497) User=0.05s Sys=0.00s Real=0.05s
[290.423s][info][gc,start       ] GC(498) Pause Young (Allocation Failure)
[290.471s][info][gc,heap        ] GC(498) DefNew: 560524K(629120K)->1296K(629120K) Eden: 559232K(559232K)->0K(559232K) From: 1292K(69888K)->1296K(69888K)
[290.471s][info][gc,heap        ] GC(498) Tenured: 9991K(1398144K)->10077K(1398144K)
[290.471s][info][gc,metaspace   ] GC(498) Metaspace: 14289K(15104K)->14289K(15104K) NonClass: 12346K(12800K)->12346K(12800K) Class: 1943K(2304K)->1943K(2304K)
[290.471s][info][gc             ] GC(498) Pause Young (Allocation Failure) 557M->11M(1979M) 47.718ms
[290.471s][info][gc,cpu         ] GC(498) User=0.03s Sys=0.00s Real=0.03s
[291.033s][info][gc,start       ] GC(499) Pause Young (Allocation Failure)
[291.096s][info][gc,heap        ] GC(499) DefNew: 560528K(629120K)->1295K(629120K) Eden: 559232K(559232K)->0K(559232K) From: 1296K(69888K)->1295K(69888K)
[291.096s][info][gc,heap        ] GC(499) Tenured: 10077K(1398144K)->10163K(1398144K)
[291.096s][info][gc,metaspace   ] GC(499) Metaspace: 14289K(15104K)->14289K(15104K) NonClass: 12346K(12800K)->12346K(12800K) Class: 1943K(2304K)->1943K(2304K)
[291.096s][info][gc             ] GC(499) Pause Young (Allocation Failure) 557M->11M(1979M) 62.670ms
[291.096s][info][gc,cpu         ] GC(499) User=0.06s Sys=0.00s Real=0.06s
[291.670s][info][gc,start       ] GC(500) Pause Young (Allocation Failure)
[291.723s][info][gc,heap        ] GC(500) DefNew: 560527K(629120K)->1304K(629120K) Eden: 559232K(559232K)->0K(559232K) From: 1295K(69888K)->1304K(69888K)
[291.723s][info][gc,heap        ] GC(500) Tenured: 10163K(1398144K)->10242K(1398144K)
[291.724s][info][gc,metaspace   ] GC(500) Metaspace: 14289K(15104K)->14289K(15104K) NonClass: 12346K(12800K)->12346K(12800K) Class: 1943K(2304K)->1943K(2304K)
[291.724s][info][gc             ] GC(500) Pause Young (Allocation Failure) 557M->11M(1979M) 53.452ms
[291.724s][info][gc,cpu         ] GC(500) User=0.06s Sys=0.00s Real=0.05s
[292.293s][info][gc,start       ] GC(501) Pause Young (Allocation Failure)
[292.380s][info][gc,heap        ] GC(501) DefNew: 560536K(629120K)->1306K(629120K) Eden: 559232K(559232K)->0K(559232K) From: 1304K(69888K)->1306K(69888K)
[292.380s][info][gc,heap        ] GC(501) Tenured: 10242K(1398144K)->10326K(1398144K)
[292.380s][info][gc,metaspace   ] GC(501) Metaspace: 14289K(15104K)->14289K(15104K) NonClass: 12346K(12800K)->12346K(12800K) Class: 1943K(2304K)->1943K(2304K)
[292.381s][info][gc             ] GC(501) Pause Young (Allocation Failure) 557M->11M(1979M) 87.815ms
[292.381s][info][gc,cpu         ] GC(501) User=0.05s Sys=0.00s Real=0.08s
[292.841s][info][gc,start       ] GC(502) Pause Young (Allocation Failure)
[292.891s][info][gc,heap        ] GC(502) DefNew: 560538K(629120K)->1292K(629120K) Eden: 559232K(559232K)->0K(559232K) From: 1306K(69888K)->1292K(69888K)
[292.892s][info][gc,heap        ] GC(502) Tenured: 10326K(1398144K)->10409K(1398144K)
[292.892s][info][gc,metaspace   ] GC(502) Metaspace: 14289K(15104K)->14289K(15104K) NonClass: 12346K(12800K)->12346K(12800K) Class: 1943K(2304K)->1943K(2304K)
[292.892s][info][gc             ] GC(502) Pause Young (Allocation Failure) 557M->11M(1979M) 51.056ms
[292.892s][info][gc,cpu         ] GC(502) User=0.06s Sys=0.00s Real=0.05s
[293.159s][info][gc,start       ] GC(503) Pause Full (System.gc())
[293.159s][info][gc,phases,start] GC(503) Phase 1: Mark live objects
[293.203s][info][gc,phases      ] GC(503) Phase 1: Mark live objects 43.621ms
[293.203s][info][gc,phases,start] GC(503) Phase 2: Compute new object addresses
[293.258s][info][gc,phases      ] GC(503) Phase 2: Compute new object addresses 55.402ms
[293.258s][info][gc,phases,start] GC(503) Phase 3: Adjust pointers
[293.282s][info][gc,phases      ] GC(503) Phase 3: Adjust pointers 23.756ms
[293.282s][info][gc,phases,start] GC(503) Phase 4: Move objects
[293.282s][info][gc,phases      ] GC(503) Phase 4: Move objects 0.013ms
[293.282s][info][gc,heap        ] GC(503) DefNew: 231924K(629120K)->0K(629120K) Eden: 230631K(559232K)->0K(559232K) From: 1292K(69888K)->0K(69888K)
[293.282s][info][gc,heap        ] GC(503) Tenured: 10409K(1398144K)->10409K(1398144K)
[293.282s][info][gc,metaspace   ] GC(503) Metaspace: 14289K(15104K)->14289K(15104K) NonClass: 12346K(12800K)->12346K(12800K) Class: 1943K(2304K)->1943K(2304K)
[293.282s][info][gc             ] GC(503) Pause Full (System.gc()) 236M->10M(1979M) 123.204ms
[293.282s][info][gc,cpu         ] GC(503) User=0.11s Sys=0.00s Real=0.11s
[293.764s][info][gc,start       ] GC(504) Pause Young (Allocation Failure)
[293.808s][info][gc,heap        ] GC(504) DefNew: 559232K(629120K)->1536K(629120K) Eden: 559232K(559232K)->0K(559232K) From: 0K(69888K)->1536K(69888K)
[293.808s][info][gc,heap        ] GC(504) Tenured: 10409K(1398144K)->10409K(1398144K)
[293.808s][info][gc,metaspace   ] GC(504) Metaspace: 14289K(15104K)->14289K(15104K) NonClass: 12346K(12800K)->12346K(12800K) Class: 1943K(2304K)->1943K(2304K)
[293.808s][info][gc             ] GC(504) Pause Young (Allocation Failure) 556M->11M(1979M) 44.854ms
[293.808s][info][gc,cpu         ] GC(504) User=0.05s Sys=0.00s Real=0.04s
[294.331s][info][gc,start       ] GC(505) Pause Young (Allocation Failure)
[294.378s][info][gc,heap        ] GC(505) DefNew: 560768K(629120K)->1619K(629120K) Eden: 559232K(559232K)->0K(559232K) From: 1536K(69888K)->1619K(69888K)
[294.378s][info][gc,heap        ] GC(505) Tenured: 10409K(1398144K)->10409K(1398144K)
[294.378s][info][gc,metaspace   ] GC(505) Metaspace: 14289K(15104K)->14289K(15104K) NonClass: 12346K(12800K)->12346K(12800K) Class: 1943K(2304K)->1943K(2304K)
[294.378s][info][gc             ] GC(505) Pause Young (Allocation Failure) 557M->11M(1979M) 46.907ms
[294.378s][info][gc,cpu         ] GC(505) User=0.05s Sys=0.00s Real=0.05s
[294.900s][info][gc,start       ] GC(506) Pause Young (Allocation Failure)
[294.962s][info][gc,heap        ] GC(506) DefNew: 560851K(629120K)->1702K(629120K) Eden: 559232K(559232K)->0K(559232K) From: 1619K(69888K)->1702K(69888K)
[294.962s][info][gc,heap        ] GC(506) Tenured: 10409K(1398144K)->10409K(1398144K)
[294.962s][info][gc,metaspace   ] GC(506) Metaspace: 14289K(15104K)->14289K(15104K) NonClass: 12346K(12800K)->12346K(12800K) Class: 1943K(2304K)->1943K(2304K)
[294.962s][info][gc             ] GC(506) Pause Young (Allocation Failure) 557M->11M(1979M) 61.761ms
[294.962s][info][gc,cpu         ] GC(506) User=0.06s Sys=0.00s Real=0.06s
[295.484s][info][gc,start       ] GC(507) Pause Young (Allocation Failure)
[295.541s][info][gc,heap        ] GC(507) DefNew: 560934K(629120K)->1786K(629120K) Eden: 559232K(559232K)->0K(559232K) From: 1702K(69888K)->1786K(69888K)
[295.541s][info][gc,heap        ] GC(507) Tenured: 10409K(1398144K)->10409K(1398144K)
[295.541s][info][gc,metaspace   ] GC(507) Metaspace: 14289K(15104K)->14289K(15104K) NonClass: 12346K(12800K)->12346K(12800K) Class: 1943K(2304K)->1943K(2304K)
[295.541s][info][gc             ] GC(507) Pause Young (Allocation Failure) 557M->11M(1979M) 57.090ms
[295.541s][info][gc,cpu         ] GC(507) User=0.03s Sys=0.00s Real=0.05s
[296.090s][info][gc,start       ] GC(508) Pause Young (Allocation Failure)
[296.143s][info][gc,heap        ] GC(508) DefNew: 561018K(629120K)->1869K(629120K) Eden: 559232K(559232K)->0K(559232K) From: 1786K(69888K)->1869K(69888K)
[296.143s][info][gc,heap        ] GC(508) Tenured: 10409K(1398144K)->10409K(1398144K)
[296.143s][info][gc,metaspace   ] GC(508) Metaspace: 14289K(15104K)->14289K(15104K) NonClass: 12346K(12800K)->12346K(12800K) Class: 1943K(2304K)->1943K(2304K)
[296.143s][info][gc             ] GC(508) Pause Young (Allocation Failure) 558M->11M(1979M) 52.804ms
[296.143s][info][gc,cpu         ] GC(508) User=0.06s Sys=0.00s Real=0.05s
[296.671s][info][gc,start       ] GC(509) Pause Young (Allocation Failure)
[296.729s][info][gc,heap        ] GC(509) DefNew: 561101K(629120K)->1950K(629120K) Eden: 559232K(559232K)->0K(559232K) From: 1869K(69888K)->1950K(69888K)
[296.729s][info][gc,heap        ] GC(509) Tenured: 10409K(1398144K)->10409K(1398144K)
[296.729s][info][gc,metaspace   ] GC(509) Metaspace: 14289K(15104K)->14289K(15104K) NonClass: 12346K(12800K)->12346K(12800K) Class: 1943K(2304K)->1943K(2304K)
[296.730s][info][gc             ] GC(509) Pause Young (Allocation Failure) 558M->12M(1979M) 58.045ms
[296.730s][info][gc,cpu         ] GC(509) User=0.05s Sys=0.00s Real=0.06s
[297.267s][info][gc,start       ] GC(510) Pause Young (Allocation Failure)
[297.324s][info][gc,heap        ] GC(510) DefNew: 561182K(629120K)->2032K(629120K) Eden: 559232K(559232K)->0K(559232K) From: 1950K(69888K)->2032K(69888K)
[297.324s][info][gc,heap        ] GC(510) Tenured: 10409K(1398144K)->10409K(1398144K)
[297.324s][info][gc,metaspace   ] GC(510) Metaspace: 14289K(15104K)->14289K(15104K) NonClass: 12346K(12800K)->12346K(12800K) Class: 1943K(2304K)->1943K(2304K)
[297.324s][info][gc             ] GC(510) Pause Young (Allocation Failure) 558M->12M(1979M) 57.439ms
[297.324s][info][gc,cpu         ] GC(510) User=0.05s Sys=0.00s Real=0.05s
[297.844s][info][gc,start       ] GC(511) Pause Young (Allocation Failure)
[297.895s][info][gc,heap        ] GC(511) DefNew: 561264K(629120K)->2112K(629120K) Eden: 559232K(559232K)->0K(559232K) From: 2032K(69888K)->2112K(69888K)
[297.895s][info][gc,heap        ] GC(511) Tenured: 10409K(1398144K)->10409K(1398144K)
[297.895s][info][gc,metaspace   ] GC(511) Metaspace: 14289K(15104K)->14289K(15104K) NonClass: 12346K(12800K)->12346K(12800K) Class: 1943K(2304K)->1943K(2304K)
[297.895s][info][gc             ] GC(511) Pause Young (Allocation Failure) 558M->12M(1979M) 51.160ms
[297.895s][info][gc,cpu         ] GC(511) User=0.05s Sys=0.00s Real=0.05s
[298.447s][info][gc,start       ] GC(512) Pause Young (Allocation Failure)
[298.511s][info][gc,heap        ] GC(512) DefNew: 561344K(629120K)->2196K(629120K) Eden: 559232K(559232K)->0K(559232K) From: 2112K(69888K)->2196K(69888K)
[298.511s][info][gc,heap        ] GC(512) Tenured: 10409K(1398144K)->10409K(1398144K)
[298.511s][info][gc,metaspace   ] GC(512) Metaspace: 14289K(15104K)->14289K(15104K) NonClass: 12346K(12800K)->12346K(12800K) Class: 1943K(2304K)->1943K(2304K)
[298.511s][info][gc             ] GC(512) Pause Young (Allocation Failure) 558M->12M(1979M) 63.690ms
[298.511s][info][gc,cpu         ] GC(512) User=0.06s Sys=0.00s Real=0.05s
[299.118s][info][gc,start       ] GC(513) Pause Young (Allocation Failure)
[299.188s][info][gc,heap        ] GC(513) DefNew: 561428K(629120K)->2281K(629120K) Eden: 559232K(559232K)->0K(559232K) From: 2196K(69888K)->2281K(69888K)
[299.188s][info][gc,heap        ] GC(513) Tenured: 10409K(1398144K)->10409K(1398144K)
[299.188s][info][gc,metaspace   ] GC(513) Metaspace: 14289K(15104K)->14289K(15104K) NonClass: 12346K(12800K)->12346K(12800K) Class: 1943K(2304K)->1943K(2304K)
[299.188s][info][gc             ] GC(513) Pause Young (Allocation Failure) 558M->12M(1979M) 70.096ms
[299.188s][info][gc,cpu         ] GC(513) User=0.08s Sys=0.00s Real=0.07s
[299.726s][info][gc,start       ] GC(514) Pause Young (Allocation Failure)
[299.770s][info][gc,heap        ] GC(514) DefNew: 561513K(629120K)->2365K(629120K) Eden: 559232K(559232K)->0K(559232K) From: 2281K(69888K)->2365K(69888K)
[299.770s][info][gc,heap        ] GC(514) Tenured: 10409K(1398144K)->10409K(1398144K)
[299.770s][info][gc,metaspace   ] GC(514) Metaspace: 14289K(15104K)->14289K(15104K) NonClass: 12346K(12800K)->12346K(12800K) Class: 1943K(2304K)->1943K(2304K)
[299.770s][info][gc             ] GC(514) Pause Young (Allocation Failure) 558M->12M(1979M) 44.471ms
[299.770s][info][gc,cpu         ] GC(514) User=0.05s Sys=0.00s Real=0.04s
[300.335s][info][gc,start       ] GC(515) Pause Young (Allocation Failure)
[300.382s][info][gc,heap        ] GC(515) DefNew: 561597K(629120K)->2455K(629120K) Eden: 559232K(559232K)->0K(559232K) From: 2365K(69888K)->2455K(69888K)
[300.382s][info][gc,heap        ] GC(515) Tenured: 10409K(1398144K)->10409K(1398144K)
[300.382s][info][gc,metaspace   ] GC(515) Metaspace: 14289K(15104K)->14289K(15104K) NonClass: 12346K(12800K)->12346K(12800K) Class: 1943K(2304K)->1943K(2304K)
[300.383s][info][gc             ] GC(515) Pause Young (Allocation Failure) 558M->12M(1979M) 47.466ms
[300.383s][info][gc,cpu         ] GC(515) User=0.05s Sys=0.00s Real=0.05s
[300.921s][info][gc,start       ] GC(516) Pause Young (Allocation Failure)
[300.967s][info][gc,heap        ] GC(516) DefNew: 561687K(629120K)->2538K(629120K) Eden: 559232K(559232K)->0K(559232K) From: 2455K(69888K)->2538K(69888K)
[300.967s][info][gc,heap        ] GC(516) Tenured: 10409K(1398144K)->10409K(1398144K)
[300.967s][info][gc,metaspace   ] GC(516) Metaspace: 14289K(15104K)->14289K(15104K) NonClass: 12346K(12800K)->12346K(12800K) Class: 1943K(2304K)->1943K(2304K)
[300.967s][info][gc             ] GC(516) Pause Young (Allocation Failure) 558M->12M(1979M) 46.373ms
[300.967s][info][gc,cpu         ] GC(516) User=0.03s Sys=0.02s Real=0.03s
[301.499s][info][gc,start       ] GC(517) Pause Young (Allocation Failure)
[301.548s][info][gc,heap        ] GC(517) DefNew: 561770K(629120K)->2621K(629120K) Eden: 559232K(559232K)->0K(559232K) From: 2538K(69888K)->2621K(69888K)
[301.548s][info][gc,heap        ] GC(517) Tenured: 10409K(1398144K)->10409K(1398144K)
[301.548s][info][gc,metaspace   ] GC(517) Metaspace: 14289K(15104K)->14289K(15104K) NonClass: 12346K(12800K)->12346K(12800K) Class: 1943K(2304K)->1943K(2304K)
[301.548s][info][gc             ] GC(517) Pause Young (Allocation Failure) 558M->12M(1979M) 49.114ms
[301.548s][info][gc,cpu         ] GC(517) User=0.05s Sys=0.00s Real=0.05s
[302.111s][info][gc,start       ] GC(518) Pause Young (Allocation Failure)
[302.168s][info][gc,heap        ] GC(518) DefNew: 561853K(629120K)->2711K(629120K) Eden: 559232K(559232K)->0K(559232K) From: 2621K(69888K)->2711K(69888K)
[302.168s][info][gc,heap        ] GC(518) Tenured: 10409K(1398144K)->10409K(1398144K)
[302.168s][info][gc,metaspace   ] GC(518) Metaspace: 14289K(15104K)->14289K(15104K) NonClass: 12346K(12800K)->12346K(12800K) Class: 1943K(2304K)->1943K(2304K)
[302.168s][info][gc             ] GC(518) Pause Young (Allocation Failure) 558M->12M(1979M) 57.104ms
[302.168s][info][gc,cpu         ] GC(518) User=0.05s Sys=0.00s Real=0.05s
[302.736s][info][gc,start       ] GC(519) Pause Young (Allocation Failure)
[302.791s][info][gc,heap        ] GC(519) DefNew: 561943K(629120K)->1265K(629120K) Eden: 559232K(559232K)->0K(559232K) From: 2711K(69888K)->1265K(69888K)
[302.791s][info][gc,heap        ] GC(519) Tenured: 10409K(1398144K)->11938K(1398144K)
[302.791s][info][gc,metaspace   ] GC(519) Metaspace: 14289K(15104K)->14289K(15104K) NonClass: 12346K(12800K)->12346K(12800K) Class: 1943K(2304K)->1943K(2304K)
[302.791s][info][gc             ] GC(519) Pause Young (Allocation Failure) 558M->12M(1979M) 55.318ms
[302.791s][info][gc,cpu         ] GC(519) User=0.05s Sys=0.00s Real=0.06s
[303.316s][info][gc,start       ] GC(520) Pause Young (Allocation Failure)
[303.372s][info][gc,heap        ] GC(520) DefNew: 560497K(629120K)->1266K(629120K) Eden: 559232K(559232K)->0K(559232K) From: 1265K(69888K)->1266K(69888K)
[303.372s][info][gc,heap        ] GC(520) Tenured: 11938K(1398144K)->12020K(1398144K)
[303.372s][info][gc,metaspace   ] GC(520) Metaspace: 14289K(15104K)->14289K(15104K) NonClass: 12346K(12800K)->12346K(12800K) Class: 1943K(2304K)->1943K(2304K)
[303.372s][info][gc             ] GC(520) Pause Young (Allocation Failure) 559M->12M(1979M) 55.583ms
[303.372s][info][gc,cpu         ] GC(520) User=0.05s Sys=0.00s Real=0.04s
[303.902s][info][gc,start       ] GC(521) Pause Young (Allocation Failure)
[303.961s][info][gc,heap        ] GC(521) DefNew: 560498K(629120K)->1265K(629120K) Eden: 559232K(559232K)->0K(559232K) From: 1266K(69888K)->1265K(69888K)
[303.961s][info][gc,heap        ] GC(521) Tenured: 12020K(1398144K)->12103K(1398144K)
[303.961s][info][gc,metaspace   ] GC(521) Metaspace: 14289K(15104K)->14289K(15104K) NonClass: 12346K(12800K)->12346K(12800K) Class: 1943K(2304K)->1943K(2304K)
[303.961s][info][gc             ] GC(521) Pause Young (Allocation Failure) 559M->13M(1979M) 58.495ms
[303.961s][info][gc,cpu         ] GC(521) User=0.06s Sys=0.00s Real=0.06s
[304.491s][info][gc,start       ] GC(522) Pause Young (Allocation Failure)
[304.548s][info][gc,heap        ] GC(522) DefNew: 560497K(629120K)->1273K(629120K) Eden: 559232K(559232K)->0K(559232K) From: 1265K(69888K)->1273K(69888K)
[304.548s][info][gc,heap        ] GC(522) Tenured: 12103K(1398144K)->12187K(1398144K)
[304.548s][info][gc,metaspace   ] GC(522) Metaspace: 14289K(15104K)->14289K(15104K) NonClass: 12346K(12800K)->12346K(12800K) Class: 1943K(2304K)->1943K(2304K)
[304.548s][info][gc             ] GC(522) Pause Young (Allocation Failure) 559M->13M(1979M) 56.907ms
[304.548s][info][gc,cpu         ] GC(522) User=0.05s Sys=0.00s Real=0.05s
[305.077s][info][gc,start       ] GC(523) Pause Young (Allocation Failure)
[305.123s][info][gc,heap        ] GC(523) DefNew: 560505K(629120K)->1269K(629120K) Eden: 559232K(559232K)->0K(559232K) From: 1273K(69888K)->1269K(69888K)
[305.123s][info][gc,heap        ] GC(523) Tenured: 12187K(1398144K)->12270K(1398144K)
[305.123s][info][gc,metaspace   ] GC(523) Metaspace: 14289K(15104K)->14289K(15104K) NonClass: 12346K(12800K)->12346K(12800K) Class: 1943K(2304K)->1943K(2304K)
[305.123s][info][gc             ] GC(523) Pause Young (Allocation Failure) 559M->13M(1979M) 46.162ms
[305.123s][info][gc,cpu         ] GC(523) User=0.05s Sys=0.00s Real=0.05s
[305.656s][info][gc,start       ] GC(524) Pause Young (Allocation Failure)
[305.705s][info][gc,heap        ] GC(524) DefNew: 560501K(629120K)->1273K(629120K) Eden: 559232K(559232K)->0K(559232K) From: 1269K(69888K)->1273K(69888K)
[305.705s][info][gc,heap        ] GC(524) Tenured: 12270K(1398144K)->12351K(1398144K)
[305.705s][info][gc,metaspace   ] GC(524) Metaspace: 14289K(15104K)->14289K(15104K) NonClass: 12346K(12800K)->12346K(12800K) Class: 1943K(2304K)->1943K(2304K)
[305.705s][info][gc             ] GC(524) Pause Young (Allocation Failure) 559M->13M(1979M) 48.802ms
[305.705s][info][gc,cpu         ] GC(524) User=0.03s Sys=0.00s Real=0.04s
[306.244s][info][gc,start       ] GC(525) Pause Young (Allocation Failure)
[306.288s][info][gc,heap        ] GC(525) DefNew: 560505K(629120K)->1275K(629120K) Eden: 559232K(559232K)->0K(559232K) From: 1273K(69888K)->1275K(69888K)
[306.288s][info][gc,heap        ] GC(525) Tenured: 12351K(1398144K)->12431K(1398144K)
[306.288s][info][gc,metaspace   ] GC(525) Metaspace: 14289K(15104K)->14289K(15104K) NonClass: 12346K(12800K)->12346K(12800K) Class: 1943K(2304K)->1943K(2304K)
[306.288s][info][gc             ] GC(525) Pause Young (Allocation Failure) 559M->13M(1979M) 44.248ms
[306.288s][info][gc,cpu         ] GC(525) User=0.03s Sys=0.00s Real=0.03s
[306.834s][info][gc,start       ] GC(526) Pause Young (Allocation Failure)
[306.889s][info][gc,heap        ] GC(526) DefNew: 560507K(629120K)->1276K(629120K) Eden: 559232K(559232K)->0K(559232K) From: 1275K(69888K)->1276K(69888K)
[306.889s][info][gc,heap        ] GC(526) Tenured: 12431K(1398144K)->12510K(1398144K)
[306.889s][info][gc,metaspace   ] GC(526) Metaspace: 14289K(15104K)->14289K(15104K) NonClass: 12346K(12800K)->12346K(12800K) Class: 1943K(2304K)->1943K(2304K)
[306.889s][info][gc             ] GC(526) Pause Young (Allocation Failure) 559M->13M(1979M) 55.178ms
[306.889s][info][gc,cpu         ] GC(526) User=0.05s Sys=0.00s Real=0.05s
[307.418s][info][gc,start       ] GC(527) Pause Young (Allocation Failure)
[307.475s][info][gc,heap        ] GC(527) DefNew: 560508K(629120K)->1271K(629120K) Eden: 559232K(559232K)->0K(559232K) From: 1276K(69888K)->1271K(69888K)
[307.475s][info][gc,heap        ] GC(527) Tenured: 12510K(1398144K)->12596K(1398144K)
[307.475s][info][gc,metaspace   ] GC(527) Metaspace: 14289K(15104K)->14289K(15104K) NonClass: 12346K(12800K)->12346K(12800K) Class: 1943K(2304K)->1943K(2304K)
[307.475s][info][gc             ] GC(527) Pause Young (Allocation Failure) 559M->13M(1979M) 56.574ms
[307.475s][info][gc,cpu         ] GC(527) User=0.05s Sys=0.00s Real=0.05s
[308.005s][info][gc,start       ] GC(528) Pause Young (Allocation Failure)
[308.063s][info][gc,heap        ] GC(528) DefNew: 560503K(629120K)->1270K(629120K) Eden: 559232K(559232K)->0K(559232K) From: 1271K(69888K)->1270K(69888K)
[308.063s][info][gc,heap        ] GC(528) Tenured: 12596K(1398144K)->12679K(1398144K)
[308.063s][info][gc,metaspace   ] GC(528) Metaspace: 14289K(15104K)->14289K(15104K) NonClass: 12346K(12800K)->12346K(12800K) Class: 1943K(2304K)->1943K(2304K)
[308.063s][info][gc             ] GC(528) Pause Young (Allocation Failure) 559M->13M(1979M) 58.057ms
[308.063s][info][gc,cpu         ] GC(528) User=0.05s Sys=0.00s Real=0.05s
[308.593s][info][gc,start       ] GC(529) Pause Young (Allocation Failure)
[308.651s][info][gc,heap        ] GC(529) DefNew: 560502K(629120K)->1264K(629120K) Eden: 559232K(559232K)->0K(559232K) From: 1270K(69888K)->1264K(69888K)
[308.651s][info][gc,heap        ] GC(529) Tenured: 12679K(1398144K)->12765K(1398144K)
[308.651s][info][gc,metaspace   ] GC(529) Metaspace: 14289K(15104K)->14289K(15104K) NonClass: 12346K(12800K)->12346K(12800K) Class: 1943K(2304K)->1943K(2304K)
[308.651s][info][gc             ] GC(529) Pause Young (Allocation Failure) 559M->13M(1979M) 58.039ms
[308.651s][info][gc,cpu         ] GC(529) User=0.06s Sys=0.00s Real=0.05s
[309.179s][info][gc,start       ] GC(530) Pause Young (Allocation Failure)
[309.232s][info][gc,heap        ] GC(530) DefNew: 560496K(629120K)->1254K(629120K) Eden: 559232K(559232K)->0K(559232K) From: 1264K(69888K)->1254K(69888K)
[309.232s][info][gc,heap        ] GC(530) Tenured: 12765K(1398144K)->12855K(1398144K)
[309.232s][info][gc,metaspace   ] GC(530) Metaspace: 14289K(15104K)->14289K(15104K) NonClass: 12346K(12800K)->12346K(12800K) Class: 1943K(2304K)->1943K(2304K)
[309.233s][info][gc             ] GC(530) Pause Young (Allocation Failure) 559M->13M(1979M) 53.402ms
[309.233s][info][gc,cpu         ] GC(530) User=0.05s Sys=0.00s Real=0.05s
[309.737s][info][gc,start       ] GC(531) Pause Young (Allocation Failure)
[309.792s][info][gc,heap        ] GC(531) DefNew: 560486K(629120K)->1250K(629120K) Eden: 559232K(559232K)->0K(559232K) From: 1254K(69888K)->1250K(69888K)
[309.792s][info][gc,heap        ] GC(531) Tenured: 12855K(1398144K)->12938K(1398144K)
[309.792s][info][gc,metaspace   ] GC(531) Metaspace: 14289K(15104K)->14289K(15104K) NonClass: 12346K(12800K)->12346K(12800K) Class: 1943K(2304K)->1943K(2304K)
[309.792s][info][gc             ] GC(531) Pause Young (Allocation Failure) 559M->13M(1979M) 55.210ms
[309.792s][info][gc,cpu         ] GC(531) User=0.05s Sys=0.00s Real=0.05s
[310.131s][info][gc,start       ] GC(532) Pause Full (System.gc())
[310.131s][info][gc,phases,start] GC(532) Phase 1: Mark live objects
[310.188s][info][gc,phases      ] GC(532) Phase 1: Mark live objects 56.367ms
[310.188s][info][gc,phases,start] GC(532) Phase 2: Compute new object addresses
[310.281s][info][gc,phases      ] GC(532) Phase 2: Compute new object addresses 93.476ms
[310.281s][info][gc,phases,start] GC(532) Phase 3: Adjust pointers
[310.304s][info][gc,phases      ] GC(532) Phase 3: Adjust pointers 22.921ms
[310.304s][info][gc,phases,start] GC(532) Phase 4: Move objects
[310.304s][info][gc,phases      ] GC(532) Phase 4: Move objects 0.013ms
[310.304s][info][gc,heap        ] GC(532) DefNew: 396054K(629120K)->0K(629120K) Eden: 394804K(559232K)->0K(559232K) From: 1250K(69888K)->0K(69888K)
[310.304s][info][gc,heap        ] GC(532) Tenured: 12938K(1398144K)->12938K(1398144K)
[310.304s][info][gc,metaspace   ] GC(532) Metaspace: 14289K(15104K)->14289K(15104K) NonClass: 12346K(12800K)->12346K(12800K) Class: 1943K(2304K)->1943K(2304K)
[310.304s][info][gc             ] GC(532) Pause Full (System.gc()) 399M->12M(1979M) 173.197ms
[310.304s][info][gc,cpu         ] GC(532) User=0.17s Sys=0.00s Real=0.17s
[310.781s][info][gc,start       ] GC(533) Pause Young (Allocation Failure)
[310.836s][info][gc,heap        ] GC(533) DefNew: 559232K(629120K)->1530K(629120K) Eden: 559232K(559232K)->0K(559232K) From: 0K(69888K)->1530K(69888K)
[310.836s][info][gc,heap        ] GC(533) Tenured: 12938K(1398144K)->12938K(1398144K)
[310.836s][info][gc,metaspace   ] GC(533) Metaspace: 14289K(15104K)->14289K(15104K) NonClass: 12346K(12800K)->12346K(12800K) Class: 1943K(2304K)->1943K(2304K)
[310.836s][info][gc             ] GC(533) Pause Young (Allocation Failure) 558M->14M(1979M) 55.132ms
[310.836s][info][gc,cpu         ] GC(533) User=0.05s Sys=0.00s Real=0.05s
[311.352s][info][gc,start       ] GC(534) Pause Young (Allocation Failure)
[311.408s][info][gc,heap        ] GC(534) DefNew: 560762K(629120K)->1613K(629120K) Eden: 559232K(559232K)->0K(559232K) From: 1530K(69888K)->1613K(69888K)
[311.408s][info][gc,heap        ] GC(534) Tenured: 12938K(1398144K)->12938K(1398144K)
[311.408s][info][gc,metaspace   ] GC(534) Metaspace: 14289K(15104K)->14289K(15104K) NonClass: 12346K(12800K)->12346K(12800K) Class: 1943K(2304K)->1943K(2304K)
[311.408s][info][gc             ] GC(534) Pause Young (Allocation Failure) 560M->14M(1979M) 56.275ms
[311.408s][info][gc,cpu         ] GC(534) User=0.06s Sys=0.00s Real=0.06s
[311.935s][info][gc,start       ] GC(535) Pause Young (Allocation Failure)
[311.983s][info][gc,heap        ] GC(535) DefNew: 560845K(629120K)->1697K(629120K) Eden: 559232K(559232K)->0K(559232K) From: 1613K(69888K)->1697K(69888K)
[311.983s][info][gc,heap        ] GC(535) Tenured: 12938K(1398144K)->12938K(1398144K)
[311.983s][info][gc,metaspace   ] GC(535) Metaspace: 14289K(15104K)->14289K(15104K) NonClass: 12346K(12800K)->12346K(12800K) Class: 1943K(2304K)->1943K(2304K)
[311.983s][info][gc             ] GC(535) Pause Young (Allocation Failure) 560M->14M(1979M) 48.335ms
[311.983s][info][gc,cpu         ] GC(535) User=0.05s Sys=0.00s Real=0.04s
[312.507s][info][gc,start       ] GC(536) Pause Young (Allocation Failure)
[312.568s][info][gc,heap        ] GC(536) DefNew: 560929K(629120K)->1777K(629120K) Eden: 559232K(559232K)->0K(559232K) From: 1697K(69888K)->1777K(69888K)
[312.568s][info][gc,heap        ] GC(536) Tenured: 12938K(1398144K)->12938K(1398144K)
[312.568s][info][gc,metaspace   ] GC(536) Metaspace: 14289K(15104K)->14289K(15104K) NonClass: 12346K(12800K)->12346K(12800K) Class: 1943K(2304K)->1943K(2304K)
[312.569s][info][gc             ] GC(536) Pause Young (Allocation Failure) 560M->14M(1979M) 61.060ms
[312.569s][info][gc,cpu         ] GC(536) User=0.05s Sys=0.00s Real=0.05s
[313.101s][info][gc,start       ] GC(537) Pause Young (Allocation Failure)
[313.163s][info][gc,heap        ] GC(537) DefNew: 561009K(629120K)->1858K(629120K) Eden: 559232K(559232K)->0K(559232K) From: 1777K(69888K)->1858K(69888K)
[313.163s][info][gc,heap        ] GC(537) Tenured: 12938K(1398144K)->12938K(1398144K)
[313.163s][info][gc,metaspace   ] GC(537) Metaspace: 14289K(15104K)->14289K(15104K) NonClass: 12346K(12800K)->12346K(12800K) Class: 1943K(2304K)->1943K(2304K)
[313.164s][info][gc             ] GC(537) Pause Young (Allocation Failure) 560M->14M(1979M) 62.393ms
[313.164s][info][gc,cpu         ] GC(537) User=0.06s Sys=0.00s Real=0.05s
[313.710s][info][gc,start       ] GC(538) Pause Young (Allocation Failure)
[313.768s][info][gc,heap        ] GC(538) DefNew: 561090K(629120K)->1940K(629120K) Eden: 559232K(559232K)->0K(559232K) From: 1858K(69888K)->1940K(69888K)
[313.768s][info][gc,heap        ] GC(538) Tenured: 12938K(1398144K)->12938K(1398144K)
[313.768s][info][gc,metaspace   ] GC(538) Metaspace: 14289K(15104K)->14289K(15104K) NonClass: 12346K(12800K)->12346K(12800K) Class: 1943K(2304K)->1943K(2304K)
[313.768s][info][gc             ] GC(538) Pause Young (Allocation Failure) 560M->14M(1979M) 58.347ms
[313.768s][info][gc,cpu         ] GC(538) User=0.06s Sys=0.00s Real=0.06s
[314.328s][info][gc,start       ] GC(539) Pause Young (Allocation Failure)
[314.382s][info][gc,heap        ] GC(539) DefNew: 561172K(629120K)->2028K(629120K) Eden: 559232K(559232K)->0K(559232K) From: 1940K(69888K)->2028K(69888K)
[314.383s][info][gc,heap        ] GC(539) Tenured: 12938K(1398144K)->12938K(1398144K)
[314.383s][info][gc,metaspace   ] GC(539) Metaspace: 14289K(15104K)->14289K(15104K) NonClass: 12346K(12800K)->12346K(12800K) Class: 1943K(2304K)->1943K(2304K)
[314.383s][info][gc             ] GC(539) Pause Young (Allocation Failure) 560M->14M(1979M) 55.039ms
[314.383s][info][gc,cpu         ] GC(539) User=0.03s Sys=0.00s Real=0.04s
[314.918s][info][gc,start       ] GC(540) Pause Young (Allocation Failure)
[314.976s][info][gc,heap        ] GC(540) DefNew: 561260K(629120K)->2111K(629120K) Eden: 559232K(559232K)->0K(559232K) From: 2028K(69888K)->2111K(69888K)
[314.976s][info][gc,heap        ] GC(540) Tenured: 12938K(1398144K)->12938K(1398144K)
[314.976s][info][gc,metaspace   ] GC(540) Metaspace: 14289K(15104K)->14289K(15104K) NonClass: 12346K(12800K)->12346K(12800K) Class: 1943K(2304K)->1943K(2304K)
[314.976s][info][gc             ] GC(540) Pause Young (Allocation Failure) 560M->14M(1979M) 58.131ms
[314.976s][info][gc,cpu         ] GC(540) User=0.05s Sys=0.00s Real=0.05s
[315.505s][info][gc,start       ] GC(541) Pause Young (Allocation Failure)
[315.564s][info][gc,heap        ] GC(541) DefNew: 561343K(629120K)->2191K(629120K) Eden: 559232K(559232K)->0K(559232K) From: 2111K(69888K)->2191K(69888K)
[315.564s][info][gc,heap        ] GC(541) Tenured: 12938K(1398144K)->12938K(1398144K)
[315.564s][info][gc,metaspace   ] GC(541) Metaspace: 14289K(15104K)->14289K(15104K) NonClass: 12346K(12800K)->12346K(12800K) Class: 1943K(2304K)->1943K(2304K)
[315.564s][info][gc             ] GC(541) Pause Young (Allocation Failure) 560M->14M(1979M) 58.517ms
[315.564s][info][gc,cpu         ] GC(541) User=0.06s Sys=0.00s Real=0.06s
[316.067s][info][gc,start       ] GC(542) Pause Young (Allocation Failure)
[316.127s][info][gc,heap        ] GC(542) DefNew: 561423K(629120K)->2271K(629120K) Eden: 559232K(559232K)->0K(559232K) From: 2191K(69888K)->2271K(69888K)
[316.127s][info][gc,heap        ] GC(542) Tenured: 12938K(1398144K)->12938K(1398144K)
[316.127s][info][gc,metaspace   ] GC(542) Metaspace: 14289K(15104K)->14289K(15104K) NonClass: 12346K(12800K)->12346K(12800K) Class: 1943K(2304K)->1943K(2304K)
[316.127s][info][gc             ] GC(542) Pause Young (Allocation Failure) 560M->14M(1979M) 60.643ms
[316.127s][info][gc,cpu         ] GC(542) User=0.05s Sys=0.00s Real=0.05s
[316.671s][info][gc,start       ] GC(543) Pause Young (Allocation Failure)
[316.735s][info][gc,heap        ] GC(543) DefNew: 561503K(629120K)->2353K(629120K) Eden: 559232K(559232K)->0K(559232K) From: 2271K(69888K)->2353K(69888K)
[316.735s][info][gc,heap        ] GC(543) Tenured: 12938K(1398144K)->12938K(1398144K)
[316.735s][info][gc,metaspace   ] GC(543) Metaspace: 14289K(15104K)->14289K(15104K) NonClass: 12346K(12800K)->12346K(12800K) Class: 1943K(2304K)->1943K(2304K)
[316.735s][info][gc             ] GC(543) Pause Young (Allocation Failure) 560M->14M(1979M) 64.156ms
[316.736s][info][gc,cpu         ] GC(543) User=0.06s Sys=0.00s Real=0.06s
[317.361s][info][gc,start       ] GC(544) Pause Young (Allocation Failure)
[317.426s][info][gc,heap        ] GC(544) DefNew: 561585K(629120K)->2435K(629120K) Eden: 559232K(559232K)->0K(559232K) From: 2353K(69888K)->2435K(69888K)
[317.426s][info][gc,heap        ] GC(544) Tenured: 12938K(1398144K)->12938K(1398144K)
[317.426s][info][gc,metaspace   ] GC(544) Metaspace: 14289K(15104K)->14289K(15104K) NonClass: 12346K(12800K)->12346K(12800K) Class: 1943K(2304K)->1943K(2304K)
[317.426s][info][gc             ] GC(544) Pause Young (Allocation Failure) 561M->15M(1979M) 65.022ms
[317.426s][info][gc,cpu         ] GC(544) User=0.06s Sys=0.00s Real=0.06s
[317.983s][info][gc,start       ] GC(545) Pause Young (Allocation Failure)
[318.029s][info][gc,heap        ] GC(545) DefNew: 561667K(629120K)->2519K(629120K) Eden: 559232K(559232K)->0K(559232K) From: 2435K(69888K)->2519K(69888K)
[318.029s][info][gc,heap        ] GC(545) Tenured: 12938K(1398144K)->12938K(1398144K)
[318.029s][info][gc,metaspace   ] GC(545) Metaspace: 14289K(15104K)->14289K(15104K) NonClass: 12346K(12800K)->12346K(12800K) Class: 1943K(2304K)->1943K(2304K)
[318.029s][info][gc             ] GC(545) Pause Young (Allocation Failure) 561M->15M(1979M) 45.526ms
[318.029s][info][gc,cpu         ] GC(545) User=0.03s Sys=0.00s Real=0.04s
[318.577s][info][gc,start       ] GC(546) Pause Young (Allocation Failure)
[318.625s][info][gc,heap        ] GC(546) DefNew: 561751K(629120K)->2609K(629120K) Eden: 559232K(559232K)->0K(559232K) From: 2519K(69888K)->2609K(69888K)
[318.625s][info][gc,heap        ] GC(546) Tenured: 12938K(1398144K)->12938K(1398144K)
[318.625s][info][gc,metaspace   ] GC(546) Metaspace: 14289K(15104K)->14289K(15104K) NonClass: 12346K(12800K)->12346K(12800K) Class: 1943K(2304K)->1943K(2304K)
[318.625s][info][gc             ] GC(546) Pause Young (Allocation Failure) 561M->15M(1979M) 48.197ms
[318.625s][info][gc,cpu         ] GC(546) User=0.05s Sys=0.00s Real=0.05s
[319.166s][info][gc,start       ] GC(547) Pause Young (Allocation Failure)
[319.212s][info][gc,heap        ] GC(547) DefNew: 561841K(629120K)->2693K(629120K) Eden: 559232K(559232K)->0K(559232K) From: 2609K(69888K)->2693K(69888K)
[319.213s][info][gc,heap        ] GC(547) Tenured: 12938K(1398144K)->12938K(1398144K)
[319.213s][info][gc,metaspace   ] GC(547) Metaspace: 14289K(15104K)->14289K(15104K) NonClass: 12346K(12800K)->12346K(12800K) Class: 1943K(2304K)->1943K(2304K)
[319.213s][info][gc             ] GC(547) Pause Young (Allocation Failure) 561M->15M(1979M) 46.463ms
[319.213s][info][gc,cpu         ] GC(547) User=0.03s Sys=0.00s Real=0.03s
[319.749s][info][gc,start       ] GC(548) Pause Young (Allocation Failure)
[319.796s][info][gc,heap        ] GC(548) DefNew: 561925K(629120K)->1250K(629120K) Eden: 559232K(559232K)->0K(559232K) From: 2693K(69888K)->1250K(69888K)
[319.796s][info][gc,heap        ] GC(548) Tenured: 12938K(1398144K)->14460K(1398144K)
[319.796s][info][gc,metaspace   ] GC(548) Metaspace: 14289K(15104K)->14289K(15104K) NonClass: 12346K(12800K)->12346K(12800K) Class: 1943K(2304K)->1943K(2304K)
[319.796s][info][gc             ] GC(548) Pause Young (Allocation Failure) 561M->15M(1979M) 47.375ms
[319.796s][info][gc,cpu         ] GC(548) User=0.05s Sys=0.00s Real=0.05s
[320.346s][info][gc,start       ] GC(549) Pause Young (Allocation Failure)
[320.394s][info][gc,heap        ] GC(549) DefNew: 560482K(629120K)->1256K(629120K) Eden: 559232K(559232K)->0K(559232K) From: 1250K(69888K)->1256K(69888K)
[320.394s][info][gc,heap        ] GC(549) Tenured: 14460K(1398144K)->14544K(1398144K)
[320.394s][info][gc,metaspace   ] GC(549) Metaspace: 14289K(15104K)->14289K(15104K) NonClass: 12346K(12800K)->12346K(12800K) Class: 1943K(2304K)->1943K(2304K)
[320.394s][info][gc             ] GC(549) Pause Young (Allocation Failure) 561M->15M(1979M) 48.476ms
[320.394s][info][gc,cpu         ] GC(549) User=0.05s Sys=0.00s Real=0.05s
[320.964s][info][gc,start       ] GC(550) Pause Young (Allocation Failure)
[321.020s][info][gc,heap        ] GC(550) DefNew: 560488K(629120K)->1255K(629120K) Eden: 559232K(559232K)->0K(559232K) From: 1256K(69888K)->1255K(69888K)
[321.020s][info][gc,heap        ] GC(550) Tenured: 14544K(1398144K)->14627K(1398144K)
[321.020s][info][gc,metaspace   ] GC(550) Metaspace: 14289K(15104K)->14289K(15104K) NonClass: 12346K(12800K)->12346K(12800K) Class: 1943K(2304K)->1943K(2304K)
[321.020s][info][gc             ] GC(550) Pause Young (Allocation Failure) 561M->15M(1979M) 55.707ms
[321.020s][info][gc,cpu         ] GC(550) User=0.05s Sys=0.00s Real=0.05s
[321.566s][info][gc,start       ] GC(551) Pause Young (Allocation Failure)
[321.623s][info][gc,heap        ] GC(551) DefNew: 560487K(629120K)->1262K(629120K) Eden: 559232K(559232K)->0K(559232K) From: 1255K(69888K)->1262K(69888K)
[321.623s][info][gc,heap        ] GC(551) Tenured: 14627K(1398144K)->14707K(1398144K)
[321.623s][info][gc,metaspace   ] GC(551) Metaspace: 14289K(15104K)->14289K(15104K) NonClass: 12346K(12800K)->12346K(12800K) Class: 1943K(2304K)->1943K(2304K)
[321.623s][info][gc             ] GC(551) Pause Young (Allocation Failure) 561M->15M(1979M) 57.140ms
[321.623s][info][gc,cpu         ] GC(551) User=0.05s Sys=0.00s Real=0.06s
[322.168s][info][gc,start       ] GC(552) Pause Young (Allocation Failure)
[322.223s][info][gc,heap        ] GC(552) DefNew: 560494K(629120K)->1265K(629120K) Eden: 559232K(559232K)->0K(559232K) From: 1262K(69888K)->1265K(69888K)
[322.223s][info][gc,heap        ] GC(552) Tenured: 14707K(1398144K)->14788K(1398144K)
[322.223s][info][gc,metaspace   ] GC(552) Metaspace: 14289K(15104K)->14289K(15104K) NonClass: 12346K(12800K)->12346K(12800K) Class: 1943K(2304K)->1943K(2304K)
[322.223s][info][gc             ] GC(552) Pause Young (Allocation Failure) 561M->15M(1979M) 54.981ms
[322.223s][info][gc,cpu         ] GC(552) User=0.05s Sys=0.00s Real=0.05s
[322.763s][info][gc,start       ] GC(553) Pause Young (Allocation Failure)
[322.822s][info][gc,heap        ] GC(553) DefNew: 560497K(629120K)->1265K(629120K) Eden: 559232K(559232K)->0K(559232K) From: 1265K(69888K)->1265K(69888K)
[322.822s][info][gc,heap        ] GC(553) Tenured: 14788K(1398144K)->14868K(1398144K)
[322.822s][info][gc,metaspace   ] GC(553) Metaspace: 14289K(15104K)->14289K(15104K) NonClass: 12346K(12800K)->12346K(12800K) Class: 1943K(2304K)->1943K(2304K)
[322.822s][info][gc             ] GC(553) Pause Young (Allocation Failure) 561M->15M(1979M) 59.398ms
[322.822s][info][gc,cpu         ] GC(553) User=0.05s Sys=0.00s Real=0.05s
[323.362s][info][gc,start       ] GC(554) Pause Young (Allocation Failure)
[323.423s][info][gc,heap        ] GC(554) DefNew: 560497K(629120K)->1255K(629120K) Eden: 559232K(559232K)->0K(559232K) From: 1265K(69888K)->1255K(69888K)
[323.423s][info][gc,heap        ] GC(554) Tenured: 14868K(1398144K)->14957K(1398144K)
[323.423s][info][gc,metaspace   ] GC(554) Metaspace: 14289K(15104K)->14289K(15104K) NonClass: 12346K(12800K)->12346K(12800K) Class: 1943K(2304K)->1943K(2304K)
[323.423s][info][gc             ] GC(554) Pause Young (Allocation Failure) 561M->15M(1979M) 60.657ms
[323.423s][info][gc,cpu         ] GC(554) User=0.06s Sys=0.00s Real=0.06s
[323.967s][info][gc,start       ] GC(555) Pause Young (Allocation Failure)
[324.029s][info][gc,heap        ] GC(555) DefNew: 560487K(629120K)->1258K(629120K) Eden: 559232K(559232K)->0K(559232K) From: 1255K(69888K)->1258K(69888K)
[324.029s][info][gc,heap        ] GC(555) Tenured: 14957K(1398144K)->15040K(1398144K)
[324.029s][info][gc,metaspace   ] GC(555) Metaspace: 14289K(15104K)->14289K(15104K) NonClass: 12346K(12800K)->12346K(12800K) Class: 1943K(2304K)->1943K(2304K)
[324.030s][info][gc             ] GC(555) Pause Young (Allocation Failure) 561M->15M(1979M) 62.899ms
[324.030s][info][gc,cpu         ] GC(555) User=0.06s Sys=0.00s Real=0.05s
[324.590s][info][gc,start       ] GC(556) Pause Young (Allocation Failure)
[324.644s][info][gc,heap        ] GC(556) DefNew: 560490K(629120K)->1268K(629120K) Eden: 559232K(559232K)->0K(559232K) From: 1258K(69888K)->1268K(69888K)
[324.644s][info][gc,heap        ] GC(556) Tenured: 15040K(1398144K)->15121K(1398144K)
[324.644s][info][gc,metaspace   ] GC(556) Metaspace: 14289K(15104K)->14289K(15104K) NonClass: 12346K(12800K)->12346K(12800K) Class: 1943K(2304K)->1943K(2304K)
[324.644s][info][gc             ] GC(556) Pause Young (Allocation Failure) 562M->16M(1979M) 53.636ms
[324.644s][info][gc,cpu         ] GC(556) User=0.05s Sys=0.00s Real=0.04s
[325.203s][info][gc,start       ] GC(557) Pause Young (Allocation Failure)
[325.258s][info][gc,heap        ] GC(557) DefNew: 560500K(629120K)->1278K(629120K) Eden: 559232K(559232K)->0K(559232K) From: 1268K(69888K)->1278K(69888K)
[325.258s][info][gc,heap        ] GC(557) Tenured: 15121K(1398144K)->15198K(1398144K)
[325.258s][info][gc,metaspace   ] GC(557) Metaspace: 14289K(15104K)->14289K(15104K) NonClass: 12346K(12800K)->12346K(12800K) Class: 1943K(2304K)->1943K(2304K)
[325.258s][info][gc             ] GC(557) Pause Young (Allocation Failure) 562M->16M(1979M) 55.849ms
[325.258s][info][gc,cpu         ] GC(557) User=0.05s Sys=0.00s Real=0.06s
[325.807s][info][gc,start       ] GC(558) Pause Young (Allocation Failure)
[325.863s][info][gc,heap        ] GC(558) DefNew: 560510K(629120K)->1281K(629120K) Eden: 559232K(559232K)->0K(559232K) From: 1278K(69888K)->1281K(69888K)
[325.863s][info][gc,heap        ] GC(558) Tenured: 15198K(1398144K)->15282K(1398144K)
[325.863s][info][gc,metaspace   ] GC(558) Metaspace: 14289K(15104K)->14289K(15104K) NonClass: 12346K(12800K)->12346K(12800K) Class: 1943K(2304K)->1943K(2304K)
[325.863s][info][gc             ] GC(558) Pause Young (Allocation Failure) 562M->16M(1979M) 55.317ms
[325.863s][info][gc,cpu         ] GC(558) User=0.06s Sys=0.00s Real=0.06s
[326.409s][info][gc,start       ] GC(559) Pause Young (Allocation Failure)
[326.468s][info][gc,heap        ] GC(559) DefNew: 560513K(629120K)->1287K(629120K) Eden: 559232K(559232K)->0K(559232K) From: 1281K(69888K)->1287K(69888K)
[326.468s][info][gc,heap        ] GC(559) Tenured: 15282K(1398144K)->15362K(1398144K)
[326.468s][info][gc,metaspace   ] GC(559) Metaspace: 14289K(15104K)->14289K(15104K) NonClass: 12346K(12800K)->12346K(12800K) Class: 1943K(2304K)->1943K(2304K)
[326.468s][info][gc             ] GC(559) Pause Young (Allocation Failure) 562M->16M(1979M) 59.763ms
[326.468s][info][gc,cpu         ] GC(559) User=0.05s Sys=0.00s Real=0.05s
[326.975s][info][gc,start       ] GC(560) Pause Young (Allocation Failure)
[327.037s][info][gc,heap        ] GC(560) DefNew: 560519K(629120K)->1276K(629120K) Eden: 559232K(559232K)->0K(559232K) From: 1287K(69888K)->1276K(69888K)
[327.037s][info][gc,heap        ] GC(560) Tenured: 15362K(1398144K)->15448K(1398144K)
[327.037s][info][gc,metaspace   ] GC(560) Metaspace: 14289K(15104K)->14289K(15104K) NonClass: 12346K(12800K)->12346K(12800K) Class: 1943K(2304K)->1943K(2304K)
[327.037s][info][gc             ] GC(560) Pause Young (Allocation Failure) 562M->16M(1979M) 61.523ms
[327.037s][info][gc,cpu         ] GC(560) User=0.05s Sys=0.00s Real=0.05s
[327.356s][info][gc,start       ] GC(561) Pause Full (System.gc())
[327.356s][info][gc,phases,start] GC(561) Phase 1: Mark live objects
[327.406s][info][gc,phases      ] GC(561) Phase 1: Mark live objects 50.293ms
[327.406s][info][gc,phases,start] GC(561) Phase 2: Compute new object addresses
[327.483s][info][gc,phases      ] GC(561) Phase 2: Compute new object addresses 76.799ms
[327.483s][info][gc,phases,start] GC(561) Phase 3: Adjust pointers
[327.509s][info][gc,phases      ] GC(561) Phase 3: Adjust pointers 25.763ms
[327.509s][info][gc,phases,start] GC(561) Phase 4: Move objects
[327.509s][info][gc,phases      ] GC(561) Phase 4: Move objects 0.013ms
[327.509s][info][gc,heap        ] GC(561) DefNew: 328540K(629120K)->0K(629120K) Eden: 327263K(559232K)->0K(559232K) From: 1276K(69888K)->0K(69888K)
[327.509s][info][gc,heap        ] GC(561) Tenured: 15448K(1398144K)->5364K(1398144K)
[327.509s][info][gc,metaspace   ] GC(561) Metaspace: 14289K(15104K)->14289K(15104K) NonClass: 12346K(12800K)->12346K(12800K) Class: 1943K(2304K)->1943K(2304K)
[327.509s][info][gc             ] GC(561) Pause Full (System.gc()) 335M->5M(1979M) 153.297ms
[327.509s][info][gc,cpu         ] GC(561) User=0.14s Sys=0.00s Real=0.14s
[328.080s][info][gc,start       ] GC(562) Pause Young (Allocation Failure)
[328.134s][info][gc,heap        ] GC(562) DefNew: 559232K(629120K)->1531K(629120K) Eden: 559232K(559232K)->0K(559232K) From: 0K(69888K)->1531K(69888K)
[328.150s][info][gc,heap        ] GC(562) Tenured: 5364K(1398144K)->5364K(1398144K)
[328.150s][info][gc,metaspace   ] GC(562) Metaspace: 14289K(15104K)->14289K(15104K) NonClass: 12346K(12800K)->12346K(12800K) Class: 1943K(2304K)->1943K(2304K)
[328.150s][info][gc             ] GC(562) Pause Young (Allocation Failure) 551M->6M(1979M) 69.838ms
[328.150s][info][gc,cpu         ] GC(562) User=0.05s Sys=0.00s Real=0.06s
[328.708s][info][gc,start       ] GC(563) Pause Young (Allocation Failure)
[328.764s][info][gc,heap        ] GC(563) DefNew: 560763K(629120K)->1617K(629120K) Eden: 559232K(559232K)->0K(559232K) From: 1531K(69888K)->1617K(69888K)
[328.764s][info][gc,heap        ] GC(563) Tenured: 5364K(1398144K)->5364K(1398144K)
[328.764s][info][gc,metaspace   ] GC(563) Metaspace: 14289K(15104K)->14289K(15104K) NonClass: 12346K(12800K)->12346K(12800K) Class: 1943K(2304K)->1943K(2304K)
[328.764s][info][gc             ] GC(563) Pause Young (Allocation Failure) 552M->6M(1979M) 55.657ms
[328.764s][info][gc,cpu         ] GC(563) User=0.05s Sys=0.00s Real=0.05s
[329.306s][info][gc,start       ] GC(564) Pause Young (Allocation Failure)
[329.361s][info][gc,heap        ] GC(564) DefNew: 560849K(629120K)->1703K(629120K) Eden: 559232K(559232K)->0K(559232K) From: 1617K(69888K)->1703K(69888K)
[329.361s][info][gc,heap        ] GC(564) Tenured: 5364K(1398144K)->5364K(1398144K)
[329.361s][info][gc,metaspace   ] GC(564) Metaspace: 14289K(15104K)->14289K(15104K) NonClass: 12346K(12800K)->12346K(12800K) Class: 1943K(2304K)->1943K(2304K)
[329.361s][info][gc             ] GC(564) Pause Young (Allocation Failure) 552M->6M(1979M) 55.146ms
[329.361s][info][gc,cpu         ] GC(564) User=0.06s Sys=0.00s Real=0.06s
[329.884s][info][gc,start       ] GC(565) Pause Young (Allocation Failure)
[329.940s][info][gc,heap        ] GC(565) DefNew: 560935K(629120K)->1784K(629120K) Eden: 559232K(559232K)->0K(559232K) From: 1703K(69888K)->1784K(69888K)
[329.940s][info][gc,heap        ] GC(565) Tenured: 5364K(1398144K)->5364K(1398144K)
[329.940s][info][gc,metaspace   ] GC(565) Metaspace: 14289K(15104K)->14289K(15104K) NonClass: 12346K(12800K)->12346K(12800K) Class: 1943K(2304K)->1943K(2304K)
[329.940s][info][gc             ] GC(565) Pause Young (Allocation Failure) 553M->6M(1979M) 56.422ms
[329.940s][info][gc,cpu         ] GC(565) User=0.06s Sys=0.00s Real=0.06s
[330.480s][info][gc,start       ] GC(566) Pause Young (Allocation Failure)
[330.527s][info][gc,heap        ] GC(566) DefNew: 561016K(629120K)->1867K(629120K) Eden: 559232K(559232K)->0K(559232K) From: 1784K(69888K)->1867K(69888K)
[330.527s][info][gc,heap        ] GC(566) Tenured: 5364K(1398144K)->5364K(1398144K)
[330.527s][info][gc,metaspace   ] GC(566) Metaspace: 14289K(15104K)->14289K(15104K) NonClass: 12346K(12800K)->12346K(12800K) Class: 1943K(2304K)->1943K(2304K)
[330.527s][info][gc             ] GC(566) Pause Young (Allocation Failure) 553M->7M(1979M) 47.502ms
[330.527s][info][gc,cpu         ] GC(566) User=0.03s Sys=0.00s Real=0.03s
[331.077s][info][gc,start       ] GC(567) Pause Young (Allocation Failure)
[331.125s][info][gc,heap        ] GC(567) DefNew: 561099K(629120K)->1952K(629120K) Eden: 559232K(559232K)->0K(559232K) From: 1867K(69888K)->1952K(69888K)
[331.125s][info][gc,heap        ] GC(567) Tenured: 5364K(1398144K)->5364K(1398144K)
[331.125s][info][gc,metaspace   ] GC(567) Metaspace: 14289K(15104K)->14289K(15104K) NonClass: 12346K(12800K)->12346K(12800K) Class: 1943K(2304K)->1943K(2304K)
[331.125s][info][gc             ] GC(567) Pause Young (Allocation Failure) 553M->7M(1979M) 47.245ms
[331.125s][info][gc,cpu         ] GC(567) User=0.05s Sys=0.00s Real=0.03s
[331.669s][info][gc,start       ] GC(568) Pause Young (Allocation Failure)
[331.716s][info][gc,heap        ] GC(568) DefNew: 561184K(629120K)->2037K(629120K) Eden: 559232K(559232K)->0K(559232K) From: 1952K(69888K)->2037K(69888K)
[331.716s][info][gc,heap        ] GC(568) Tenured: 5364K(1398144K)->5364K(1398144K)
[331.716s][info][gc,metaspace   ] GC(568) Metaspace: 14289K(15104K)->14289K(15104K) NonClass: 12346K(12800K)->12346K(12800K) Class: 1943K(2304K)->1943K(2304K)
[331.716s][info][gc             ] GC(568) Pause Young (Allocation Failure) 553M->7M(1979M) 47.047ms
[331.717s][info][gc,cpu         ] GC(568) User=0.05s Sys=0.00s Real=0.05s
[332.250s][info][gc,start       ] GC(569) Pause Young (Allocation Failure)
[332.296s][info][gc,heap        ] GC(569) DefNew: 561269K(629120K)->2121K(629120K) Eden: 559232K(559232K)->0K(559232K) From: 2037K(69888K)->2121K(69888K)
[332.296s][info][gc,heap        ] GC(569) Tenured: 5364K(1398144K)->5364K(1398144K)
[332.296s][info][gc,metaspace   ] GC(569) Metaspace: 14289K(15104K)->14289K(15104K) NonClass: 12346K(12800K)->12346K(12800K) Class: 1943K(2304K)->1943K(2304K)
[332.296s][info][gc             ] GC(569) Pause Young (Allocation Failure) 553M->7M(1979M) 46.085ms
[332.296s][info][gc,cpu         ] GC(569) User=0.05s Sys=0.00s Real=0.05s
[332.859s][info][gc,start       ] GC(570) Pause Young (Allocation Failure)
[332.916s][info][gc,heap        ] GC(570) DefNew: 561353K(629120K)->2209K(629120K) Eden: 559232K(559232K)->0K(559232K) From: 2121K(69888K)->2209K(69888K)
[332.916s][info][gc,heap        ] GC(570) Tenured: 5364K(1398144K)->5364K(1398144K)
[332.916s][info][gc,metaspace   ] GC(570) Metaspace: 14289K(15104K)->14289K(15104K) NonClass: 12346K(12800K)->12346K(12800K) Class: 1943K(2304K)->1943K(2304K)
[332.916s][info][gc             ] GC(570) Pause Young (Allocation Failure) 553M->7M(1979M) 56.965ms
[332.916s][info][gc,cpu         ] GC(570) User=0.05s Sys=0.00s Real=0.06s
[333.448s][info][gc,start       ] GC(571) Pause Young (Allocation Failure)
[333.506s][info][gc,heap        ] GC(571) DefNew: 561441K(629120K)->2291K(629120K) Eden: 559232K(559232K)->0K(559232K) From: 2209K(69888K)->2291K(69888K)
[333.506s][info][gc,heap        ] GC(571) Tenured: 5364K(1398144K)->5364K(1398144K)
[333.506s][info][gc,metaspace   ] GC(571) Metaspace: 14289K(15104K)->14289K(15104K) NonClass: 12346K(12800K)->12346K(12800K) Class: 1943K(2304K)->1943K(2304K)
[333.506s][info][gc             ] GC(571) Pause Young (Allocation Failure) 553M->7M(1979M) 57.798ms
[333.506s][info][gc,cpu         ] GC(571) User=0.06s Sys=0.00s Real=0.06s
[334.051s][info][gc,start       ] GC(572) Pause Young (Allocation Failure)
[334.110s][info][gc,heap        ] GC(572) DefNew: 561523K(629120K)->2375K(629120K) Eden: 559232K(559232K)->0K(559232K) From: 2291K(69888K)->2375K(69888K)
[334.110s][info][gc,heap        ] GC(572) Tenured: 5364K(1398144K)->5364K(1398144K)
[334.110s][info][gc,metaspace   ] GC(572) Metaspace: 14289K(15104K)->14289K(15104K) NonClass: 12346K(12800K)->12346K(12800K) Class: 1943K(2304K)->1943K(2304K)
[334.110s][info][gc             ] GC(572) Pause Young (Allocation Failure) 553M->7M(1979M) 58.657ms
[334.110s][info][gc,cpu         ] GC(572) User=0.05s Sys=0.00s Real=0.05s
[334.651s][info][gc,start       ] GC(573) Pause Young (Allocation Failure)
[334.713s][info][gc,heap        ] GC(573) DefNew: 561607K(629120K)->2458K(629120K) Eden: 559232K(559232K)->0K(559232K) From: 2375K(69888K)->2458K(69888K)
[334.713s][info][gc,heap        ] GC(573) Tenured: 5364K(1398144K)->5364K(1398144K)
[334.713s][info][gc,metaspace   ] GC(573) Metaspace: 14289K(15104K)->14289K(15104K) NonClass: 12346K(12800K)->12346K(12800K) Class: 1943K(2304K)->1943K(2304K)
[334.713s][info][gc             ] GC(573) Pause Young (Allocation Failure) 553M->7M(1979M) 62.330ms
[334.713s][info][gc,cpu         ] GC(573) User=0.06s Sys=0.00s Real=0.06s
[335.254s][info][gc,start       ] GC(574) Pause Young (Allocation Failure)
[335.315s][info][gc,heap        ] GC(574) DefNew: 561690K(629120K)->2542K(629120K) Eden: 559232K(559232K)->0K(559232K) From: 2458K(69888K)->2542K(69888K)
[335.315s][info][gc,heap        ] GC(574) Tenured: 5364K(1398144K)->5364K(1398144K)
[335.315s][info][gc,metaspace   ] GC(574) Metaspace: 14289K(15104K)->14289K(15104K) NonClass: 12346K(12800K)->12346K(12800K) Class: 1943K(2304K)->1943K(2304K)
[335.315s][info][gc             ] GC(574) Pause Young (Allocation Failure) 553M->7M(1979M) 60.998ms
[335.315s][info][gc,cpu         ] GC(574) User=0.06s Sys=0.00s Real=0.06s
[335.857s][info][gc,start       ] GC(575) Pause Young (Allocation Failure)
[335.917s][info][gc,heap        ] GC(575) DefNew: 561774K(629120K)->2624K(629120K) Eden: 559232K(559232K)->0K(559232K) From: 2542K(69888K)->2624K(69888K)
[335.917s][info][gc,heap        ] GC(575) Tenured: 5364K(1398144K)->5364K(1398144K)
[335.917s][info][gc,metaspace   ] GC(575) Metaspace: 14289K(15104K)->14289K(15104K) NonClass: 12346K(12800K)->12346K(12800K) Class: 1943K(2304K)->1943K(2304K)
[335.917s][info][gc             ] GC(575) Pause Young (Allocation Failure) 553M->7M(1979M) 59.215ms
[335.917s][info][gc,cpu         ] GC(575) User=0.06s Sys=0.00s Real=0.06s
[336.485s][info][gc,start       ] GC(576) Pause Young (Allocation Failure)
[336.539s][info][gc,heap        ] GC(576) DefNew: 561856K(629120K)->2710K(629120K) Eden: 559232K(559232K)->0K(559232K) From: 2624K(69888K)->2710K(69888K)
[336.539s][info][gc,heap        ] GC(576) Tenured: 5364K(1398144K)->5364K(1398144K)
[336.539s][info][gc,metaspace   ] GC(576) Metaspace: 14289K(15104K)->14289K(15104K) NonClass: 12346K(12800K)->12346K(12800K) Class: 1943K(2304K)->1943K(2304K)
[336.539s][info][gc             ] GC(576) Pause Young (Allocation Failure) 553M->7M(1979M) 54.476ms
[336.539s][info][gc,cpu         ] GC(576) User=0.05s Sys=0.00s Real=0.05s
[337.074s][info][gc,start       ] GC(577) Pause Young (Allocation Failure)
[337.133s][info][gc,heap        ] GC(577) DefNew: 561942K(629120K)->1270K(629120K) Eden: 559232K(559232K)->0K(559232K) From: 2710K(69888K)->1270K(69888K)
[337.133s][info][gc,heap        ] GC(577) Tenured: 5364K(1398144K)->6887K(1398144K)
[337.133s][info][gc,metaspace   ] GC(577) Metaspace: 14289K(15104K)->14289K(15104K) NonClass: 12346K(12800K)->12346K(12800K) Class: 1943K(2304K)->1943K(2304K)
[337.133s][info][gc             ] GC(577) Pause Young (Allocation Failure) 554M->7M(1979M) 59.244ms
[337.133s][info][gc,cpu         ] GC(577) User=0.06s Sys=0.00s Real=0.05s
[337.645s][info][gc,start       ] GC(578) Pause Young (Allocation Failure)
[337.700s][info][gc,heap        ] GC(578) DefNew: 560502K(629120K)->1266K(629120K) Eden: 559232K(559232K)->0K(559232K) From: 1270K(69888K)->1266K(69888K)
[337.700s][info][gc,heap        ] GC(578) Tenured: 6887K(1398144K)->6973K(1398144K)
[337.700s][info][gc,metaspace   ] GC(578) Metaspace: 14289K(15104K)->14289K(15104K) NonClass: 12346K(12800K)->12346K(12800K) Class: 1943K(2304K)->1943K(2304K)
[337.700s][info][gc             ] GC(578) Pause Young (Allocation Failure) 554M->8M(1979M) 55.326ms
[337.700s][info][gc,cpu         ] GC(578) User=0.05s Sys=0.00s Real=0.05s
[338.210s][info][gc,start       ] GC(579) Pause Young (Allocation Failure)
[338.269s][info][gc,heap        ] GC(579) DefNew: 560498K(629120K)->1260K(629120K) Eden: 559232K(559232K)->0K(559232K) From: 1266K(69888K)->1260K(69888K)
[338.269s][info][gc,heap        ] GC(579) Tenured: 6973K(1398144K)->7059K(1398144K)
[338.269s][info][gc,metaspace   ] GC(579) Metaspace: 14289K(15104K)->14289K(15104K) NonClass: 12346K(12800K)->12346K(12800K) Class: 1943K(2304K)->1943K(2304K)
[338.269s][info][gc             ] GC(579) Pause Young (Allocation Failure) 554M->8M(1979M) 59.254ms
[338.269s][info][gc,cpu         ] GC(579) User=0.05s Sys=0.00s Real=0.05s
[338.781s][info][gc,start       ] GC(580) Pause Young (Allocation Failure)
[338.838s][info][gc,heap        ] GC(580) DefNew: 560492K(629120K)->1259K(629120K) Eden: 559232K(559232K)->0K(559232K) From: 1260K(69888K)->1259K(69888K)
[338.838s][info][gc,heap        ] GC(580) Tenured: 7059K(1398144K)->7139K(1398144K)
[338.838s][info][gc,metaspace   ] GC(580) Metaspace: 14289K(15104K)->14289K(15104K) NonClass: 12346K(12800K)->12346K(12800K) Class: 1943K(2304K)->1943K(2304K)
[338.838s][info][gc             ] GC(580) Pause Young (Allocation Failure) 554M->8M(1979M) 57.750ms
[338.839s][info][gc,cpu         ] GC(580) User=0.05s Sys=0.00s Real=0.05s
[339.372s][info][gc,start       ] GC(581) Pause Young (Allocation Failure)
[339.423s][info][gc,heap        ] GC(581) DefNew: 560491K(629120K)->1257K(629120K) Eden: 559232K(559232K)->0K(559232K) From: 1259K(69888K)->1257K(69888K)
[339.423s][info][gc,heap        ] GC(581) Tenured: 7139K(1398144K)->7221K(1398144K)
[339.423s][info][gc,metaspace   ] GC(581) Metaspace: 14289K(15104K)->14289K(15104K) NonClass: 12346K(12800K)->12346K(12800K) Class: 1943K(2304K)->1943K(2304K)
[339.423s][info][gc             ] GC(581) Pause Young (Allocation Failure) 554M->8M(1979M) 50.543ms
[339.423s][info][gc,cpu         ] GC(581) User=0.05s Sys=0.00s Real=0.04s
[339.929s][info][gc,start       ] GC(582) Pause Young (Allocation Failure)
[339.972s][info][gc,heap        ] GC(582) DefNew: 560489K(629120K)->1251K(629120K) Eden: 559232K(559232K)->0K(559232K) From: 1257K(69888K)->1251K(69888K)
[339.972s][info][gc,heap        ] GC(582) Tenured: 7221K(1398144K)->7307K(1398144K)
[339.972s][info][gc,metaspace   ] GC(582) Metaspace: 14289K(15104K)->14289K(15104K) NonClass: 12346K(12800K)->12346K(12800K) Class: 1943K(2304K)->1943K(2304K)
[339.972s][info][gc             ] GC(582) Pause Young (Allocation Failure) 554M->8M(1979M) 43.417ms
[339.972s][info][gc,cpu         ] GC(582) User=0.03s Sys=0.00s Real=0.03s
[340.478s][info][gc,start       ] GC(583) Pause Young (Allocation Failure)
[340.522s][info][gc,heap        ] GC(583) DefNew: 560483K(629120K)->1243K(629120K) Eden: 559232K(559232K)->0K(559232K) From: 1251K(69888K)->1243K(69888K)
[340.522s][info][gc,heap        ] GC(583) Tenured: 7307K(1398144K)->7391K(1398144K)
[340.522s][info][gc,metaspace   ] GC(583) Metaspace: 14289K(15104K)->14289K(15104K) NonClass: 12346K(12800K)->12346K(12800K) Class: 1943K(2304K)->1943K(2304K)
[340.522s][info][gc             ] GC(583) Pause Young (Allocation Failure) 554M->8M(1979M) 43.996ms
[340.522s][info][gc,cpu         ] GC(583) User=0.05s Sys=0.00s Real=0.04s
[341.032s][info][gc,start       ] GC(584) Pause Young (Allocation Failure)
[341.077s][info][gc,heap        ] GC(584) DefNew: 560475K(629120K)->1235K(629120K) Eden: 559232K(559232K)->0K(559232K) From: 1243K(69888K)->1235K(69888K)
[341.077s][info][gc,heap        ] GC(584) Tenured: 7391K(1398144K)->7476K(1398144K)
[341.077s][info][gc,metaspace   ] GC(584) Metaspace: 14289K(15104K)->14289K(15104K) NonClass: 12346K(12800K)->12346K(12800K) Class: 1943K(2304K)->1943K(2304K)
[341.077s][info][gc             ] GC(584) Pause Young (Allocation Failure) 554M->8M(1979M) 45.076ms
[341.077s][info][gc,cpu         ] GC(584) User=0.05s Sys=0.00s Real=0.05s
[341.585s][info][gc,start       ] GC(585) Pause Young (Allocation Failure)
[341.644s][info][gc,heap        ] GC(585) DefNew: 560467K(629120K)->1229K(629120K) Eden: 559232K(559232K)->0K(559232K) From: 1235K(69888K)->1229K(69888K)
[341.644s][info][gc,heap        ] GC(585) Tenured: 7476K(1398144K)->7563K(1398144K)
[341.644s][info][gc,metaspace   ] GC(585) Metaspace: 14289K(15104K)->14289K(15104K) NonClass: 12346K(12800K)->12346K(12800K) Class: 1943K(2304K)->1943K(2304K)
[341.644s][info][gc             ] GC(585) Pause Young (Allocation Failure) 554M->8M(1979M) 59.677ms
[341.645s][info][gc,cpu         ] GC(585) User=0.06s Sys=0.00s Real=0.06s
[342.156s][info][gc,start       ] GC(586) Pause Young (Allocation Failure)
[342.215s][info][gc,heap        ] GC(586) DefNew: 560461K(629120K)->1231K(629120K) Eden: 559232K(559232K)->0K(559232K) From: 1229K(69888K)->1231K(69888K)
[342.215s][info][gc,heap        ] GC(586) Tenured: 7563K(1398144K)->7646K(1398144K)
[342.215s][info][gc,metaspace   ] GC(586) Metaspace: 14289K(15104K)->14289K(15104K) NonClass: 12346K(12800K)->12346K(12800K) Class: 1943K(2304K)->1943K(2304K)
[342.215s][info][gc             ] GC(586) Pause Young (Allocation Failure) 554M->8M(1979M) 58.542ms
[342.215s][info][gc,cpu         ] GC(586) User=0.05s Sys=0.00s Real=0.05s
[342.729s][info][gc,start       ] GC(587) Pause Young (Allocation Failure)
[342.787s][info][gc,heap        ] GC(587) DefNew: 560463K(629120K)->1224K(629120K) Eden: 559232K(559232K)->0K(559232K) From: 1231K(69888K)->1224K(69888K)
[342.787s][info][gc,heap        ] GC(587) Tenured: 7646K(1398144K)->7730K(1398144K)
[342.787s][info][gc,metaspace   ] GC(587) Metaspace: 14289K(15104K)->14289K(15104K) NonClass: 12346K(12800K)->12346K(12800K) Class: 1943K(2304K)->1943K(2304K)
[342.787s][info][gc             ] GC(587) Pause Young (Allocation Failure) 554M->8M(1979M) 58.080ms
[342.787s][info][gc,cpu         ] GC(587) User=0.05s Sys=0.00s Real=0.05s
[343.316s][info][gc,start       ] GC(588) Pause Young (Allocation Failure)
[343.371s][info][gc,heap        ] GC(588) DefNew: 560456K(629120K)->1223K(629120K) Eden: 559232K(559232K)->0K(559232K) From: 1224K(69888K)->1223K(69888K)
[343.371s][info][gc,heap        ] GC(588) Tenured: 7730K(1398144K)->7813K(1398144K)
[343.371s][info][gc,metaspace   ] GC(588) Metaspace: 14289K(15104K)->14289K(15104K) NonClass: 12346K(12800K)->12346K(12800K) Class: 1943K(2304K)->1943K(2304K)
[343.371s][info][gc             ] GC(588) Pause Young (Allocation Failure) 554M->8M(1979M) 54.789ms
[343.371s][info][gc,cpu         ] GC(588) User=0.05s Sys=0.00s Real=0.06s
[343.816s][info][gc,start       ] GC(589) Pause Young (Allocation Failure)
[343.881s][info][gc,heap        ] GC(589) DefNew: 560455K(629120K)->1205K(629120K) Eden: 559232K(559232K)->0K(559232K) From: 1223K(69888K)->1205K(69888K)
[343.881s][info][gc,heap        ] GC(589) Tenured: 7813K(1398144K)->7896K(1398144K)
[343.881s][info][gc,metaspace   ] GC(589) Metaspace: 14289K(15104K)->14289K(15104K) NonClass: 12346K(12800K)->12346K(12800K) Class: 1943K(2304K)->1943K(2304K)
[343.881s][info][gc             ] GC(589) Pause Young (Allocation Failure) 554M->8M(1979M) 64.234ms
[343.881s][info][gc,cpu         ] GC(589) User=0.06s Sys=0.00s Real=0.07s
[344.166s][info][gc,start       ] GC(590) Pause Full (System.gc())
[344.166s][info][gc,phases,start] GC(590) Phase 1: Mark live objects
[344.220s][info][gc,phases      ] GC(590) Phase 1: Mark live objects 54.128ms
[344.220s][info][gc,phases,start] GC(590) Phase 2: Compute new object addresses
[344.316s][info][gc,phases      ] GC(590) Phase 2: Compute new object addresses 95.432ms
[344.316s][info][gc,phases,start] GC(590) Phase 3: Adjust pointers
[344.340s][info][gc,phases      ] GC(590) Phase 3: Adjust pointers 23.718ms
[344.340s][info][gc,phases,start] GC(590) Phase 4: Move objects
[344.340s][info][gc,phases      ] GC(590) Phase 4: Move objects 0.013ms
[344.340s][info][gc,heap        ] GC(590) DefNew: 401176K(629120K)->0K(629120K) Eden: 399970K(559232K)->0K(559232K) From: 1205K(69888K)->0K(69888K)
[344.340s][info][gc,heap        ] GC(590) Tenured: 7896K(1398144K)->7896K(1398144K)
[344.340s][info][gc,metaspace   ] GC(590) Metaspace: 14289K(15104K)->14289K(15104K) NonClass: 12346K(12800K)->12346K(12800K) Class: 1943K(2304K)->1943K(2304K)
[344.340s][info][gc             ] GC(590) Pause Full (System.gc()) 399M->7M(1979M) 173.674ms
[344.340s][info][gc,cpu         ] GC(590) User=0.17s Sys=0.00s Real=0.17s
[344.830s][info][gc,start       ] GC(591) Pause Young (Allocation Failure)
[344.873s][info][gc,heap        ] GC(591) DefNew: 559232K(629120K)->1537K(629120K) Eden: 559232K(559232K)->0K(559232K) From: 0K(69888K)->1537K(69888K)
[344.873s][info][gc,heap        ] GC(591) Tenured: 7896K(1398144K)->7896K(1398144K)
[344.873s][info][gc,metaspace   ] GC(591) Metaspace: 14315K(15168K)->14315K(15168K) NonClass: 12372K(12864K)->12372K(12864K) Class: 1943K(2304K)->1943K(2304K)
[344.873s][info][gc             ] GC(591) Pause Young (Allocation Failure) 553M->9M(1979M) 43.599ms
[344.873s][info][gc,cpu         ] GC(591) User=0.03s Sys=0.00s Real=0.03s
[345.401s][info][gc,start       ] GC(592) Pause Young (Allocation Failure)
[345.450s][info][gc,heap        ] GC(592) DefNew: 560769K(629120K)->1617K(629120K) Eden: 559232K(559232K)->0K(559232K) From: 1537K(69888K)->1617K(69888K)
[345.451s][info][gc,heap        ] GC(592) Tenured: 7896K(1398144K)->7896K(1398144K)
[345.451s][info][gc,metaspace   ] GC(592) Metaspace: 14315K(15168K)->14315K(15168K) NonClass: 12372K(12864K)->12372K(12864K) Class: 1943K(2304K)->1943K(2304K)
[345.451s][info][gc             ] GC(592) Pause Young (Allocation Failure) 555M->9M(1979M) 49.475ms
[345.451s][info][gc,cpu         ] GC(592) User=0.05s Sys=0.00s Real=0.04s
[345.996s][info][gc,start       ] GC(593) Pause Young (Allocation Failure)
[346.052s][info][gc,heap        ] GC(593) DefNew: 560849K(629120K)->1702K(629120K) Eden: 559232K(559232K)->0K(559232K) From: 1617K(69888K)->1702K(69888K)
[346.052s][info][gc,heap        ] GC(593) Tenured: 7896K(1398144K)->7896K(1398144K)
[346.052s][info][gc,metaspace   ] GC(593) Metaspace: 14315K(15168K)->14315K(15168K) NonClass: 12372K(12864K)->12372K(12864K) Class: 1943K(2304K)->1943K(2304K)
[346.052s][info][gc             ] GC(593) Pause Young (Allocation Failure) 555M->9M(1979M) 56.466ms
[346.052s][info][gc,cpu         ] GC(593) User=0.06s Sys=0.00s Real=0.05s
[346.583s][info][gc,start       ] GC(594) Pause Young (Allocation Failure)
[346.640s][info][gc,heap        ] GC(594) DefNew: 560934K(629120K)->1783K(629120K) Eden: 559232K(559232K)->0K(559232K) From: 1702K(69888K)->1783K(69888K)
[346.640s][info][gc,heap        ] GC(594) Tenured: 7896K(1398144K)->7896K(1398144K)
[346.640s][info][gc,metaspace   ] GC(594) Metaspace: 14315K(15168K)->14315K(15168K) NonClass: 12372K(12864K)->12372K(12864K) Class: 1943K(2304K)->1943K(2304K)
[346.640s][info][gc             ] GC(594) Pause Young (Allocation Failure) 555M->9M(1979M) 56.752ms
[346.640s][info][gc,cpu         ] GC(594) User=0.06s Sys=0.00s Real=0.06s
[347.200s][info][gc,start       ] GC(595) Pause Young (Allocation Failure)
[347.245s][info][gc,heap        ] GC(595) DefNew: 561015K(629120K)->1865K(629120K) Eden: 559232K(559232K)->0K(559232K) From: 1783K(69888K)->1865K(69888K)
[347.245s][info][gc,heap        ] GC(595) Tenured: 7896K(1398144K)->7896K(1398144K)
[347.245s][info][gc,metaspace   ] GC(595) Metaspace: 14315K(15168K)->14315K(15168K) NonClass: 12372K(12864K)->12372K(12864K) Class: 1943K(2304K)->1943K(2304K)
[347.245s][info][gc             ] GC(595) Pause Young (Allocation Failure) 555M->9M(1979M) 44.541ms
[347.245s][info][gc,cpu         ] GC(595) User=0.05s Sys=0.00s Real=0.05s
[347.778s][info][gc,start       ] GC(596) Pause Young (Allocation Failure)
[347.824s][info][gc,heap        ] GC(596) DefNew: 561097K(629120K)->1948K(629120K) Eden: 559232K(559232K)->0K(559232K) From: 1865K(69888K)->1948K(69888K)
[347.824s][info][gc,heap        ] GC(596) Tenured: 7896K(1398144K)->7896K(1398144K)
[347.824s][info][gc,metaspace   ] GC(596) Metaspace: 14315K(15168K)->14315K(15168K) NonClass: 12372K(12864K)->12372K(12864K) Class: 1943K(2304K)->1943K(2304K)
[347.824s][info][gc             ] GC(596) Pause Young (Allocation Failure) 555M->9M(1979M) 46.679ms
[347.824s][info][gc,cpu         ] GC(596) User=0.05s Sys=0.00s Real=0.05s
[348.370s][info][gc,start       ] GC(597) Pause Young (Allocation Failure)
[348.429s][info][gc,heap        ] GC(597) DefNew: 561180K(629120K)->2034K(629120K) Eden: 559232K(559232K)->0K(559232K) From: 1948K(69888K)->2034K(69888K)
[348.429s][info][gc,heap        ] GC(597) Tenured: 7896K(1398144K)->7896K(1398144K)
[348.429s][info][gc,metaspace   ] GC(597) Metaspace: 14315K(15168K)->14315K(15168K) NonClass: 12372K(12864K)->12372K(12864K) Class: 1943K(2304K)->1943K(2304K)
[348.429s][info][gc             ] GC(597) Pause Young (Allocation Failure) 555M->9M(1979M) 58.456ms
[348.429s][info][gc,cpu         ] GC(597) User=0.06s Sys=0.00s Real=0.06s
[348.951s][info][gc,start       ] GC(598) Pause Young (Allocation Failure)
[349.012s][info][gc,heap        ] GC(598) DefNew: 561266K(629120K)->2117K(629120K) Eden: 559232K(559232K)->0K(559232K) From: 2034K(69888K)->2117K(69888K)
[349.012s][info][gc,heap        ] GC(598) Tenured: 7896K(1398144K)->7896K(1398144K)
[349.012s][info][gc,metaspace   ] GC(598) Metaspace: 14315K(15168K)->14315K(15168K) NonClass: 12372K(12864K)->12372K(12864K) Class: 1943K(2304K)->1943K(2304K)
[349.012s][info][gc             ] GC(598) Pause Young (Allocation Failure) 555M->9M(1979M) 61.167ms
[349.012s][info][gc,cpu         ] GC(598) User=0.06s Sys=0.00s Real=0.06s
[349.544s][info][gc,start       ] GC(599) Pause Young (Allocation Failure)
[349.593s][info][gc,heap        ] GC(599) DefNew: 561349K(629120K)->2203K(629120K) Eden: 559232K(559232K)->0K(559232K) From: 2117K(69888K)->2203K(69888K)
[349.593s][info][gc,heap        ] GC(599) Tenured: 7896K(1398144K)->7896K(1398144K)
[349.593s][info][gc,metaspace   ] GC(599) Metaspace: 14315K(15168K)->14315K(15168K) NonClass: 12372K(12864K)->12372K(12864K) Class: 1943K(2304K)->1943K(2304K)
[349.593s][info][gc             ] GC(599) Pause Young (Allocation Failure) 555M->9M(1979M) 48.674ms
[349.593s][info][gc,cpu         ] GC(599) User=0.05s Sys=0.00s Real=0.04s
[350.110s][info][gc,start       ] GC(600) Pause Young (Allocation Failure)
[350.155s][info][gc,heap        ] GC(600) DefNew: 561435K(629120K)->2284K(629120K) Eden: 559232K(559232K)->0K(559232K) From: 2203K(69888K)->2284K(69888K)
[350.155s][info][gc,heap        ] GC(600) Tenured: 7896K(1398144K)->7896K(1398144K)
[350.155s][info][gc,metaspace   ] GC(600) Metaspace: 14315K(15168K)->14315K(15168K) NonClass: 12372K(12864K)->12372K(12864K) Class: 1943K(2304K)->1943K(2304K)
[350.155s][info][gc             ] GC(600) Pause Young (Allocation Failure) 555M->9M(1979M) 45.541ms
[350.155s][info][gc,cpu         ] GC(600) User=0.03s Sys=0.00s Real=0.04s
[350.703s][info][gc,start       ] GC(601) Pause Young (Allocation Failure)
[350.762s][info][gc,heap        ] GC(601) DefNew: 561516K(629120K)->2367K(629120K) Eden: 559232K(559232K)->0K(559232K) From: 2284K(69888K)->2367K(69888K)
[350.762s][info][gc,heap        ] GC(601) Tenured: 7896K(1398144K)->7896K(1398144K)
[350.762s][info][gc,metaspace   ] GC(601) Metaspace: 14315K(15168K)->14315K(15168K) NonClass: 12372K(12864K)->12372K(12864K) Class: 1943K(2304K)->1943K(2304K)
[350.762s][info][gc             ] GC(601) Pause Young (Allocation Failure) 556M->10M(1979M) 58.993ms
[350.762s][info][gc,cpu         ] GC(601) User=0.05s Sys=0.00s Real=0.06s
[351.316s][info][gc,start       ] GC(602) Pause Young (Allocation Failure)
[351.373s][info][gc,heap        ] GC(602) DefNew: 561599K(629120K)->2453K(629120K) Eden: 559232K(559232K)->0K(559232K) From: 2367K(69888K)->2453K(69888K)
[351.373s][info][gc,heap        ] GC(602) Tenured: 7896K(1398144K)->7896K(1398144K)
[351.373s][info][gc,metaspace   ] GC(602) Metaspace: 14315K(15168K)->14315K(15168K) NonClass: 12372K(12864K)->12372K(12864K) Class: 1943K(2304K)->1943K(2304K)
[351.373s][info][gc             ] GC(602) Pause Young (Allocation Failure) 556M->10M(1979M) 56.798ms
[351.373s][info][gc,cpu         ] GC(602) User=0.05s Sys=0.00s Real=0.06s
[351.908s][info][gc,start       ] GC(603) Pause Young (Allocation Failure)
[351.966s][info][gc,heap        ] GC(603) DefNew: 561685K(629120K)->2537K(629120K) Eden: 559232K(559232K)->0K(559232K) From: 2453K(69888K)->2537K(69888K)
[351.966s][info][gc,heap        ] GC(603) Tenured: 7896K(1398144K)->7896K(1398144K)
[351.966s][info][gc,metaspace   ] GC(603) Metaspace: 14315K(15168K)->14315K(15168K) NonClass: 12372K(12864K)->12372K(12864K) Class: 1943K(2304K)->1943K(2304K)
[351.966s][info][gc             ] GC(603) Pause Young (Allocation Failure) 556M->10M(1979M) 57.424ms
[351.966s][info][gc,cpu         ] GC(603) User=0.05s Sys=0.00s Real=0.05s
[352.501s][info][gc,start       ] GC(604) Pause Young (Allocation Failure)
[352.561s][info][gc,heap        ] GC(604) DefNew: 561769K(629120K)->2620K(629120K) Eden: 559232K(559232K)->0K(559232K) From: 2537K(69888K)->2620K(69888K)
[352.561s][info][gc,heap        ] GC(604) Tenured: 7896K(1398144K)->7896K(1398144K)
[352.561s][info][gc,metaspace   ] GC(604) Metaspace: 14315K(15168K)->14315K(15168K) NonClass: 12372K(12864K)->12372K(12864K) Class: 1943K(2304K)->1943K(2304K)
[352.561s][info][gc             ] GC(604) Pause Young (Allocation Failure) 556M->10M(1979M) 60.395ms
[352.561s][info][gc,cpu         ] GC(604) User=0.05s Sys=0.00s Real=0.05s
[353.113s][info][gc,start       ] GC(605) Pause Young (Allocation Failure)
[353.175s][info][gc,heap        ] GC(605) DefNew: 561852K(629120K)->2702K(629120K) Eden: 559232K(559232K)->0K(559232K) From: 2620K(69888K)->2702K(69888K)
[353.175s][info][gc,heap        ] GC(605) Tenured: 7896K(1398144K)->7896K(1398144K)
[353.175s][info][gc,metaspace   ] GC(605) Metaspace: 14315K(15168K)->14315K(15168K) NonClass: 12372K(12864K)->12372K(12864K) Class: 1943K(2304K)->1943K(2304K)
[353.175s][info][gc             ] GC(605) Pause Young (Allocation Failure) 556M->10M(1979M) 62.053ms
[353.175s][info][gc,cpu         ] GC(605) User=0.06s Sys=0.00s Real=0.06s
[353.723s][info][gc,start       ] GC(606) Pause Young (Allocation Failure)
[353.776s][info][gc,heap        ] GC(606) DefNew: 561934K(629120K)->1258K(629120K) Eden: 559232K(559232K)->0K(559232K) From: 2702K(69888K)->1258K(69888K)
[353.776s][info][gc,heap        ] GC(606) Tenured: 7896K(1398144K)->9424K(1398144K)
[353.776s][info][gc,metaspace   ] GC(606) Metaspace: 14315K(15168K)->14315K(15168K) NonClass: 12372K(12864K)->12372K(12864K) Class: 1943K(2304K)->1943K(2304K)
[353.776s][info][gc             ] GC(606) Pause Young (Allocation Failure) 556M->10M(1979M) 53.406ms
[353.776s][info][gc,cpu         ] GC(606) User=0.05s Sys=0.00s Real=0.05s
[354.320s][info][gc,start       ] GC(607) Pause Young (Allocation Failure)
[354.364s][info][gc,heap        ] GC(607) DefNew: 560490K(629120K)->1265K(629120K) Eden: 559232K(559232K)->0K(559232K) From: 1258K(69888K)->1265K(69888K)
[354.364s][info][gc,heap        ] GC(607) Tenured: 9424K(1398144K)->9505K(1398144K)
[354.364s][info][gc,metaspace   ] GC(607) Metaspace: 14315K(15168K)->14315K(15168K) NonClass: 12372K(12864K)->12372K(12864K) Class: 1943K(2304K)->1943K(2304K)
[354.364s][info][gc             ] GC(607) Pause Young (Allocation Failure) 556M->10M(1979M) 43.529ms
[354.364s][info][gc,cpu         ] GC(607) User=0.03s Sys=0.00s Real=0.03s
[354.887s][info][gc,start       ] GC(608) Pause Young (Allocation Failure)
[354.943s][info][gc,heap        ] GC(608) DefNew: 560497K(629120K)->1257K(629120K) Eden: 559232K(559232K)->0K(559232K) From: 1265K(69888K)->1257K(69888K)
[354.943s][info][gc,heap        ] GC(608) Tenured: 9505K(1398144K)->9590K(1398144K)
[354.943s][info][gc,metaspace   ] GC(608) Metaspace: 14315K(15168K)->14315K(15168K) NonClass: 12372K(12864K)->12372K(12864K) Class: 1943K(2304K)->1943K(2304K)
[354.943s][info][gc             ] GC(608) Pause Young (Allocation Failure) 556M->10M(1979M) 56.337ms
[354.943s][info][gc,cpu         ] GC(608) User=0.06s Sys=0.00s Real=0.06s
[355.466s][info][gc,start       ] GC(609) Pause Young (Allocation Failure)
[355.523s][info][gc,heap        ] GC(609) DefNew: 560489K(629120K)->1257K(629120K) Eden: 559232K(559232K)->0K(559232K) From: 1257K(69888K)->1257K(69888K)
[355.524s][info][gc,heap        ] GC(609) Tenured: 9590K(1398144K)->9670K(1398144K)
[355.524s][info][gc,metaspace   ] GC(609) Metaspace: 14315K(15168K)->14315K(15168K) NonClass: 12372K(12864K)->12372K(12864K) Class: 1943K(2304K)->1943K(2304K)
[355.524s][info][gc             ] GC(609) Pause Young (Allocation Failure) 556M->10M(1979M) 57.360ms
[355.524s][info][gc,cpu         ] GC(609) User=0.06s Sys=0.00s Real=0.05s
[356.044s][info][gc,start       ] GC(610) Pause Young (Allocation Failure)
[356.102s][info][gc,heap        ] GC(610) DefNew: 560489K(629120K)->1251K(629120K) Eden: 559232K(559232K)->0K(559232K) From: 1257K(69888K)->1251K(69888K)
[356.102s][info][gc,heap        ] GC(610) Tenured: 9670K(1398144K)->9753K(1398144K)
[356.102s][info][gc,metaspace   ] GC(610) Metaspace: 14315K(15168K)->14315K(15168K) NonClass: 12372K(12864K)->12372K(12864K) Class: 1943K(2304K)->1943K(2304K)
[356.102s][info][gc             ] GC(610) Pause Young (Allocation Failure) 556M->10M(1979M) 58.564ms
[356.102s][info][gc,cpu         ] GC(610) User=0.06s Sys=0.00s Real=0.06s
[356.626s][info][gc,start       ] GC(611) Pause Young (Allocation Failure)
[356.685s][info][gc,heap        ] GC(611) DefNew: 560483K(629120K)->1251K(629120K) Eden: 559232K(559232K)->0K(559232K) From: 1251K(69888K)->1251K(69888K)
[356.685s][info][gc,heap        ] GC(611) Tenured: 9753K(1398144K)->9835K(1398144K)
[356.685s][info][gc,metaspace   ] GC(611) Metaspace: 14315K(15168K)->14315K(15168K) NonClass: 12372K(12864K)->12372K(12864K) Class: 1943K(2304K)->1943K(2304K)
[356.685s][info][gc             ] GC(611) Pause Young (Allocation Failure) 556M->10M(1979M) 59.050ms
[356.685s][info][gc,cpu         ] GC(611) User=0.05s Sys=0.00s Real=0.05s
[357.281s][info][gc,start       ] GC(612) Pause Young (Allocation Failure)
[357.335s][info][gc,heap        ] GC(612) DefNew: 560483K(629120K)->1240K(629120K) Eden: 559232K(559232K)->0K(559232K) From: 1251K(69888K)->1240K(69888K)
[357.335s][info][gc,heap        ] GC(612) Tenured: 9835K(1398144K)->9922K(1398144K)
[357.335s][info][gc,metaspace   ] GC(612) Metaspace: 14315K(15168K)->14315K(15168K) NonClass: 12372K(12864K)->12372K(12864K) Class: 1943K(2304K)->1943K(2304K)
[357.335s][info][gc             ] GC(612) Pause Young (Allocation Failure) 556M->10M(1979M) 54.475ms
[357.335s][info][gc,cpu         ] GC(612) User=0.05s Sys=0.00s Real=0.05s
[357.870s][info][gc,start       ] GC(613) Pause Young (Allocation Failure)
[357.914s][info][gc,heap        ] GC(613) DefNew: 560472K(629120K)->1239K(629120K) Eden: 559232K(559232K)->0K(559232K) From: 1240K(69888K)->1239K(69888K)
[357.914s][info][gc,heap        ] GC(613) Tenured: 9922K(1398144K)->10004K(1398144K)
[357.914s][info][gc,metaspace   ] GC(613) Metaspace: 14315K(15168K)->14315K(15168K) NonClass: 12372K(12864K)->12372K(12864K) Class: 1943K(2304K)->1943K(2304K)
[357.914s][info][gc             ] GC(613) Pause Young (Allocation Failure) 557M->10M(1979M) 43.675ms
[357.914s][info][gc,cpu         ] GC(613) User=0.03s Sys=0.00s Real=0.03s
[358.450s][info][gc,start       ] GC(614) Pause Young (Allocation Failure)
[358.504s][info][gc,heap        ] GC(614) DefNew: 560471K(629120K)->1232K(629120K) Eden: 559232K(559232K)->0K(559232K) From: 1239K(69888K)->1232K(69888K)
[358.504s][info][gc,heap        ] GC(614) Tenured: 10004K(1398144K)->10090K(1398144K)
[358.504s][info][gc,metaspace   ] GC(614) Metaspace: 14315K(15168K)->14315K(15168K) NonClass: 12372K(12864K)->12372K(12864K) Class: 1943K(2304K)->1943K(2304K)
[358.505s][info][gc             ] GC(614) Pause Young (Allocation Failure) 557M->11M(1979M) 54.431ms
[358.505s][info][gc,cpu         ] GC(614) User=0.05s Sys=0.00s Real=0.04s
[359.029s][info][gc,start       ] GC(615) Pause Young (Allocation Failure)
[359.085s][info][gc,heap        ] GC(615) DefNew: 560464K(629120K)->1234K(629120K) Eden: 559232K(559232K)->0K(559232K) From: 1232K(69888K)->1234K(69888K)
[359.139s][info][gc,heap        ] GC(615) Tenured: 10090K(1398144K)->10170K(1398144K)
[359.139s][info][gc,metaspace   ] GC(615) Metaspace: 14315K(15168K)->14315K(15168K) NonClass: 12372K(12864K)->12372K(12864K) Class: 1943K(2304K)->1943K(2304K)
[359.139s][info][gc             ] GC(615) Pause Young (Allocation Failure) 557M->11M(1979M) 109.771ms
[359.139s][info][gc,cpu         ] GC(615) User=0.06s Sys=0.00s Real=0.10s
[359.664s][info][gc,start       ] GC(616) Pause Young (Allocation Failure)
[359.722s][info][gc,heap        ] GC(616) DefNew: 560466K(629120K)->1235K(629120K) Eden: 559232K(559232K)->0K(559232K) From: 1234K(69888K)->1235K(69888K)
[359.722s][info][gc,heap        ] GC(616) Tenured: 10170K(1398144K)->10253K(1398144K)
[359.723s][info][gc,metaspace   ] GC(616) Metaspace: 14315K(15168K)->14315K(15168K) NonClass: 12372K(12864K)->12372K(12864K) Class: 1943K(2304K)->1943K(2304K)
[359.723s][info][gc             ] GC(616) Pause Young (Allocation Failure) 557M->11M(1979M) 59.033ms
[359.723s][info][gc,cpu         ] GC(616) User=0.05s Sys=0.00s Real=0.05s
[360.242s][info][gc,start       ] GC(617) Pause Young (Allocation Failure)
[360.304s][info][gc,heap        ] GC(617) DefNew: 560467K(629120K)->1229K(629120K) Eden: 559232K(559232K)->0K(559232K) From: 1235K(69888K)->1229K(69888K)
[360.304s][info][gc,heap        ] GC(617) Tenured: 10253K(1398144K)->10340K(1398144K)
[360.304s][info][gc,metaspace   ] GC(617) Metaspace: 14315K(15168K)->14315K(15168K) NonClass: 12372K(12864K)->12372K(12864K) Class: 1943K(2304K)->1943K(2304K)
[360.304s][info][gc             ] GC(617) Pause Young (Allocation Failure) 557M->11M(1979M) 61.849ms
[360.304s][info][gc,cpu         ] GC(617) User=0.06s Sys=0.00s Real=0.06s
[360.804s][info][gc,start       ] GC(618) Pause Young (Allocation Failure)
[360.873s][info][gc,heap        ] GC(618) DefNew: 560461K(629120K)->1221K(629120K) Eden: 559232K(559232K)->0K(559232K) From: 1229K(69888K)->1221K(69888K)
[360.873s][info][gc,heap        ] GC(618) Tenured: 10340K(1398144K)->10423K(1398144K)
[360.873s][info][gc,metaspace   ] GC(618) Metaspace: 14315K(15168K)->14315K(15168K) NonClass: 12372K(12864K)->12372K(12864K) Class: 1943K(2304K)->1943K(2304K)
[360.873s][info][gc             ] GC(618) Pause Young (Allocation Failure) 557M->11M(1979M) 69.399ms
[360.873s][info][gc,cpu         ] GC(618) User=0.06s Sys=0.00s Real=0.07s
[361.202s][info][gc,start       ] GC(619) Pause Full (System.gc())
[361.202s][info][gc,phases,start] GC(619) Phase 1: Mark live objects
[361.265s][info][gc,phases      ] GC(619) Phase 1: Mark live objects 62.819ms
[361.265s][info][gc,phases,start] GC(619) Phase 2: Compute new object addresses
[361.367s][info][gc,phases      ] GC(619) Phase 2: Compute new object addresses 101.465ms
[361.367s][info][gc,phases,start] GC(619) Phase 3: Adjust pointers
[361.392s][info][gc,phases      ] GC(619) Phase 3: Adjust pointers 24.932ms
[361.392s][info][gc,phases,start] GC(619) Phase 4: Move objects
[361.392s][info][gc,phases      ] GC(619) Phase 4: Move objects 0.014ms
[361.392s][info][gc,heap        ] GC(619) DefNew: 426300K(629120K)->0K(629120K) Eden: 425078K(559232K)->0K(559232K) From: 1221K(69888K)->0K(69888K)
[361.392s][info][gc,heap        ] GC(619) Tenured: 10423K(1398144K)->10423K(1398144K)
[361.392s][info][gc,metaspace   ] GC(619) Metaspace: 14315K(15168K)->14315K(15168K) NonClass: 12372K(12864K)->12372K(12864K) Class: 1943K(2304K)->1943K(2304K)
[361.392s][info][gc             ] GC(619) Pause Full (System.gc()) 426M->10M(1979M) 189.655ms
[361.392s][info][gc,cpu         ] GC(619) User=0.19s Sys=0.00s Real=0.19s
[361.883s][info][gc,start       ] GC(620) Pause Young (Allocation Failure)
[361.925s][info][gc,heap        ] GC(620) DefNew: 559232K(629120K)->1535K(629120K) Eden: 559232K(559232K)->0K(559232K) From: 0K(69888K)->1535K(69888K)
[361.925s][info][gc,heap        ] GC(620) Tenured: 10423K(1398144K)->10423K(1398144K)
[361.925s][info][gc,metaspace   ] GC(620) Metaspace: 14315K(15168K)->14315K(15168K) NonClass: 12372K(12864K)->12372K(12864K) Class: 1943K(2304K)->1943K(2304K)
[361.925s][info][gc             ] GC(620) Pause Young (Allocation Failure) 556M->11M(1979M) 41.599ms
[361.925s][info][gc,cpu         ] GC(620) User=0.05s Sys=0.00s Real=0.04s
[362.455s][info][gc,start       ] GC(621) Pause Young (Allocation Failure)
[362.513s][info][gc,heap        ] GC(621) DefNew: 560767K(629120K)->1616K(629120K) Eden: 559232K(559232K)->0K(559232K) From: 1535K(69888K)->1616K(69888K)
[362.513s][info][gc,heap        ] GC(621) Tenured: 10423K(1398144K)->10423K(1398144K)
[362.513s][info][gc,metaspace   ] GC(621) Metaspace: 14315K(15168K)->14315K(15168K) NonClass: 12372K(12864K)->12372K(12864K) Class: 1943K(2304K)->1943K(2304K)
[362.514s][info][gc             ] GC(621) Pause Young (Allocation Failure) 557M->11M(1979M) 58.147ms
[362.514s][info][gc,cpu         ] GC(621) User=0.05s Sys=0.00s Real=0.06s
[363.048s][info][gc,start       ] GC(622) Pause Young (Allocation Failure)
[363.105s][info][gc,heap        ] GC(622) DefNew: 560848K(629120K)->1700K(629120K) Eden: 559232K(559232K)->0K(559232K) From: 1616K(69888K)->1700K(69888K)
[363.105s][info][gc,heap        ] GC(622) Tenured: 10423K(1398144K)->10423K(1398144K)
[363.105s][info][gc,metaspace   ] GC(622) Metaspace: 14315K(15168K)->14315K(15168K) NonClass: 12372K(12864K)->12372K(12864K) Class: 1943K(2304K)->1943K(2304K)
[363.105s][info][gc             ] GC(622) Pause Young (Allocation Failure) 557M->11M(1979M) 56.276ms
[363.105s][info][gc,cpu         ] GC(622) User=0.03s Sys=0.00s Real=0.04s
[363.647s][info][gc,start       ] GC(623) Pause Young (Allocation Failure)
[363.707s][info][gc,heap        ] GC(623) DefNew: 560932K(629120K)->1785K(629120K) Eden: 559232K(559232K)->0K(559232K) From: 1700K(69888K)->1785K(69888K)
[363.707s][info][gc,heap        ] GC(623) Tenured: 10423K(1398144K)->10423K(1398144K)
[363.707s][info][gc,metaspace   ] GC(623) Metaspace: 14315K(15168K)->14315K(15168K) NonClass: 12372K(12864K)->12372K(12864K) Class: 1943K(2304K)->1943K(2304K)
[363.708s][info][gc             ] GC(623) Pause Young (Allocation Failure) 557M->11M(1979M) 60.634ms
[363.708s][info][gc,cpu         ] GC(623) User=0.05s Sys=0.00s Real=0.05s
[364.240s][info][gc,start       ] GC(624) Pause Young (Allocation Failure)
[364.300s][info][gc,heap        ] GC(624) DefNew: 561017K(629120K)->1870K(629120K) Eden: 559232K(559232K)->0K(559232K) From: 1785K(69888K)->1870K(69888K)
[364.300s][info][gc,heap        ] GC(624) Tenured: 10423K(1398144K)->10423K(1398144K)
[364.300s][info][gc,metaspace   ] GC(624) Metaspace: 14315K(15168K)->14315K(15168K) NonClass: 12372K(12864K)->12372K(12864K) Class: 1943K(2304K)->1943K(2304K)
[364.300s][info][gc             ] GC(624) Pause Young (Allocation Failure) 558M->12M(1979M) 60.498ms
[364.300s][info][gc,cpu         ] GC(624) User=0.06s Sys=0.00s Real=0.06s
[364.839s][info][gc,start       ] GC(625) Pause Young (Allocation Failure)
[364.889s][info][gc,heap        ] GC(625) DefNew: 561102K(629120K)->1955K(629120K) Eden: 559232K(559232K)->0K(559232K) From: 1870K(69888K)->1955K(69888K)
[364.889s][info][gc,heap        ] GC(625) Tenured: 10423K(1398144K)->10423K(1398144K)
[364.889s][info][gc,metaspace   ] GC(625) Metaspace: 14315K(15168K)->14315K(15168K) NonClass: 12372K(12864K)->12372K(12864K) Class: 1943K(2304K)->1943K(2304K)
[364.889s][info][gc             ] GC(625) Pause Young (Allocation Failure) 558M->12M(1979M) 49.437ms
[364.889s][info][gc,cpu         ] GC(625) User=0.05s Sys=0.00s Real=0.05s
[365.425s][info][gc,start       ] GC(626) Pause Young (Allocation Failure)
[365.480s][info][gc,heap        ] GC(626) DefNew: 561187K(629120K)->2036K(629120K) Eden: 559232K(559232K)->0K(559232K) From: 1955K(69888K)->2036K(69888K)
[365.480s][info][gc,heap        ] GC(626) Tenured: 10423K(1398144K)->10423K(1398144K)
[365.480s][info][gc,metaspace   ] GC(626) Metaspace: 14315K(15168K)->14315K(15168K) NonClass: 12372K(12864K)->12372K(12864K) Class: 1943K(2304K)->1943K(2304K)
[365.480s][info][gc             ] GC(626) Pause Young (Allocation Failure) 558M->12M(1979M) 55.339ms
[365.480s][info][gc,cpu         ] GC(626) User=0.05s Sys=0.00s Real=0.05s
[366.046s][info][gc,start       ] GC(627) Pause Young (Allocation Failure)
[366.099s][info][gc,heap        ] GC(627) DefNew: 561268K(629120K)->2125K(629120K) Eden: 559232K(559232K)->0K(559232K) From: 2036K(69888K)->2125K(69888K)
[366.099s][info][gc,heap        ] GC(627) Tenured: 10423K(1398144K)->10423K(1398144K)
[366.099s][info][gc,metaspace   ] GC(627) Metaspace: 14315K(15168K)->14315K(15168K) NonClass: 12372K(12864K)->12372K(12864K) Class: 1943K(2304K)->1943K(2304K)
[366.099s][info][gc             ] GC(627) Pause Young (Allocation Failure) 558M->12M(1979M) 53.776ms
[366.099s][info][gc,cpu         ] GC(627) User=0.05s Sys=0.00s Real=0.05s
[366.632s][info][gc,start       ] GC(628) Pause Young (Allocation Failure)
[366.691s][info][gc,heap        ] GC(628) DefNew: 561357K(629120K)->2211K(629120K) Eden: 559232K(559232K)->0K(559232K) From: 2125K(69888K)->2211K(69888K)
[366.691s][info][gc,heap        ] GC(628) Tenured: 10423K(1398144K)->10423K(1398144K)
[366.691s][info][gc,metaspace   ] GC(628) Metaspace: 14315K(15168K)->14315K(15168K) NonClass: 12372K(12864K)->12372K(12864K) Class: 1943K(2304K)->1943K(2304K)
[366.691s][info][gc             ] GC(628) Pause Young (Allocation Failure) 558M->12M(1979M) 58.415ms
[366.691s][info][gc,cpu         ] GC(628) User=0.05s Sys=0.00s Real=0.04s
[367.227s][info][gc,start       ] GC(629) Pause Young (Allocation Failure)
[367.286s][info][gc,heap        ] GC(629) DefNew: 561443K(629120K)->2300K(629120K) Eden: 559232K(559232K)->0K(559232K) From: 2211K(69888K)->2300K(69888K)
[367.286s][info][gc,heap        ] GC(629) Tenured: 10423K(1398144K)->10423K(1398144K)
[367.286s][info][gc,metaspace   ] GC(629) Metaspace: 14315K(15168K)->14315K(15168K) NonClass: 12372K(12864K)->12372K(12864K) Class: 1943K(2304K)->1943K(2304K)
[367.287s][info][gc             ] GC(629) Pause Young (Allocation Failure) 558M->12M(1979M) 59.100ms
[367.287s][info][gc,cpu         ] GC(629) User=0.05s Sys=0.00s Real=0.05s
[367.812s][info][gc,start       ] GC(630) Pause Young (Allocation Failure)
[367.874s][info][gc,heap        ] GC(630) DefNew: 561532K(629120K)->2377K(629120K) Eden: 559232K(559232K)->0K(559232K) From: 2300K(69888K)->2377K(69888K)
[367.874s][info][gc,heap        ] GC(630) Tenured: 10423K(1398144K)->10423K(1398144K)
[367.874s][info][gc,metaspace   ] GC(630) Metaspace: 14315K(15168K)->14315K(15168K) NonClass: 12372K(12864K)->12372K(12864K) Class: 1943K(2304K)->1943K(2304K)
[367.874s][info][gc             ] GC(630) Pause Young (Allocation Failure) 558M->12M(1979M) 61.650ms
[367.874s][info][gc,cpu         ] GC(630) User=0.05s Sys=0.00s Real=0.06s
[368.393s][info][gc,start       ] GC(631) Pause Young (Allocation Failure)
[368.455s][info][gc,heap        ] GC(631) DefNew: 561609K(629120K)->2457K(629120K) Eden: 559232K(559232K)->0K(559232K) From: 2377K(69888K)->2457K(69888K)
[368.455s][info][gc,heap        ] GC(631) Tenured: 10423K(1398144K)->10423K(1398144K)
[368.455s][info][gc,metaspace   ] GC(631) Metaspace: 14315K(15168K)->14315K(15168K) NonClass: 12372K(12864K)->12372K(12864K) Class: 1943K(2304K)->1943K(2304K)
[368.455s][info][gc             ] GC(631) Pause Young (Allocation Failure) 558M->12M(1979M) 62.159ms
[368.455s][info][gc,cpu         ] GC(631) User=0.06s Sys=0.00s Real=0.06s
[368.993s][info][gc,start       ] GC(632) Pause Young (Allocation Failure)
[369.042s][info][gc,heap        ] GC(632) DefNew: 561689K(629120K)->2541K(629120K) Eden: 559232K(559232K)->0K(559232K) From: 2457K(69888K)->2541K(69888K)
[369.042s][info][gc,heap        ] GC(632) Tenured: 10423K(1398144K)->10423K(1398144K)
[369.042s][info][gc,metaspace   ] GC(632) Metaspace: 14315K(15168K)->14315K(15168K) NonClass: 12372K(12864K)->12372K(12864K) Class: 1943K(2304K)->1943K(2304K)
[369.043s][info][gc             ] GC(632) Pause Young (Allocation Failure) 558M->12M(1979M) 49.451ms
[369.043s][info][gc,cpu         ] GC(632) User=0.05s Sys=0.00s Real=0.04s
[369.609s][info][gc,start       ] GC(633) Pause Young (Allocation Failure)
[369.666s][info][gc,heap        ] GC(633) DefNew: 561773K(629120K)->2629K(629120K) Eden: 559232K(559232K)->0K(559232K) From: 2541K(69888K)->2629K(69888K)
[369.666s][info][gc,heap        ] GC(633) Tenured: 10423K(1398144K)->10423K(1398144K)
[369.666s][info][gc,metaspace   ] GC(633) Metaspace: 14315K(15168K)->14315K(15168K) NonClass: 12372K(12864K)->12372K(12864K) Class: 1943K(2304K)->1943K(2304K)
[369.666s][info][gc             ] GC(633) Pause Young (Allocation Failure) 558M->12M(1979M) 56.468ms
[369.666s][info][gc,cpu         ] GC(633) User=0.05s Sys=0.00s Real=0.05s
[370.205s][info][gc,start       ] GC(634) Pause Young (Allocation Failure)
[370.264s][info][gc,heap        ] GC(634) DefNew: 561861K(629120K)->2714K(629120K) Eden: 559232K(559232K)->0K(559232K) From: 2629K(69888K)->2714K(69888K)
[370.264s][info][gc,heap        ] GC(634) Tenured: 10423K(1398144K)->10423K(1398144K)
[370.264s][info][gc,metaspace   ] GC(634) Metaspace: 14315K(15168K)->14315K(15168K) NonClass: 12372K(12864K)->12372K(12864K) Class: 1943K(2304K)->1943K(2304K)
[370.264s][info][gc             ] GC(634) Pause Young (Allocation Failure) 558M->12M(1979M) 59.071ms
[370.264s][info][gc,cpu         ] GC(634) User=0.05s Sys=0.00s Real=0.05s
[370.786s][info][gc,start       ] GC(635) Pause Young (Allocation Failure)
[370.845s][info][gc,heap        ] GC(635) DefNew: 561946K(629120K)->1266K(629120K) Eden: 559232K(559232K)->0K(559232K) From: 2714K(69888K)->1266K(69888K)
[370.845s][info][gc,heap        ] GC(635) Tenured: 10423K(1398144K)->11951K(1398144K)
[370.845s][info][gc,metaspace   ] GC(635) Metaspace: 14315K(15168K)->14315K(15168K) NonClass: 12372K(12864K)->12372K(12864K) Class: 1943K(2304K)->1943K(2304K)
[370.845s][info][gc             ] GC(635) Pause Young (Allocation Failure) 558M->12M(1979M) 59.476ms
[370.845s][info][gc,cpu         ] GC(635) User=0.06s Sys=0.00s Real=0.06s
[371.378s][info][gc,start       ] GC(636) Pause Young (Allocation Failure)
[371.439s][info][gc,heap        ] GC(636) DefNew: 560498K(629120K)->1269K(629120K) Eden: 559232K(559232K)->0K(559232K) From: 1266K(69888K)->1269K(69888K)
[371.439s][info][gc,heap        ] GC(636) Tenured: 11951K(1398144K)->12031K(1398144K)
[371.439s][info][gc,metaspace   ] GC(636) Metaspace: 14315K(15168K)->14315K(15168K) NonClass: 12372K(12864K)->12372K(12864K) Class: 1943K(2304K)->1943K(2304K)
[371.439s][info][gc             ] GC(636) Pause Young (Allocation Failure) 559M->12M(1979M) 60.792ms
[371.439s][info][gc,cpu         ] GC(636) User=0.06s Sys=0.00s Real=0.06s
[371.982s][info][gc,start       ] GC(637) Pause Young (Allocation Failure)
[372.038s][info][gc,heap        ] GC(637) DefNew: 560501K(629120K)->1272K(629120K) Eden: 559232K(559232K)->0K(559232K) From: 1269K(69888K)->1272K(69888K)
[372.038s][info][gc,heap        ] GC(637) Tenured: 12031K(1398144K)->12114K(1398144K)
[372.038s][info][gc,metaspace   ] GC(637) Metaspace: 14315K(15168K)->14315K(15168K) NonClass: 12372K(12864K)->12372K(12864K) Class: 1943K(2304K)->1943K(2304K)
[372.038s][info][gc             ] GC(637) Pause Young (Allocation Failure) 559M->13M(1979M) 56.329ms
[372.038s][info][gc,cpu         ] GC(637) User=0.06s Sys=0.00s Real=0.06s
[372.594s][info][gc,start       ] GC(638) Pause Young (Allocation Failure)
[372.638s][info][gc,heap        ] GC(638) DefNew: 560504K(629120K)->1273K(629120K) Eden: 559232K(559232K)->0K(559232K) From: 1272K(69888K)->1273K(69888K)
[372.638s][info][gc,heap        ] GC(638) Tenured: 12114K(1398144K)->12200K(1398144K)
[372.638s][info][gc,metaspace   ] GC(638) Metaspace: 14315K(15168K)->14315K(15168K) NonClass: 12372K(12864K)->12372K(12864K) Class: 1943K(2304K)->1943K(2304K)
[372.638s][info][gc             ] GC(638) Pause Young (Allocation Failure) 559M->13M(1979M) 43.912ms
[372.638s][info][gc,cpu         ] GC(638) User=0.03s Sys=0.00s Real=0.04s
[373.170s][info][gc,start       ] GC(639) Pause Young (Allocation Failure)
[373.226s][info][gc,heap        ] GC(639) DefNew: 560505K(629120K)->1272K(629120K) Eden: 559232K(559232K)->0K(559232K) From: 1273K(69888K)->1272K(69888K)
[373.226s][info][gc,heap        ] GC(639) Tenured: 12200K(1398144K)->12283K(1398144K)
[373.227s][info][gc,metaspace   ] GC(639) Metaspace: 14315K(15168K)->14315K(15168K) NonClass: 12372K(12864K)->12372K(12864K) Class: 1943K(2304K)->1943K(2304K)
[373.227s][info][gc             ] GC(639) Pause Young (Allocation Failure) 559M->13M(1979M) 56.229ms
[373.227s][info][gc,cpu         ] GC(639) User=0.05s Sys=0.00s Real=0.05s
[373.768s][info][gc,start       ] GC(640) Pause Young (Allocation Failure)
[373.824s][info][gc,heap        ] GC(640) DefNew: 560504K(629120K)->1275K(629120K) Eden: 559232K(559232K)->0K(559232K) From: 1272K(69888K)->1275K(69888K)
[373.825s][info][gc,heap        ] GC(640) Tenured: 12283K(1398144K)->12367K(1398144K)
[373.825s][info][gc,metaspace   ] GC(640) Metaspace: 14315K(15168K)->14315K(15168K) NonClass: 12372K(12864K)->12372K(12864K) Class: 1943K(2304K)->1943K(2304K)
[373.825s][info][gc             ] GC(640) Pause Young (Allocation Failure) 559M->13M(1979M) 56.750ms
[373.825s][info][gc,cpu         ] GC(640) User=0.05s Sys=0.00s Real=0.06s
[374.361s][info][gc,start       ] GC(641) Pause Young (Allocation Failure)
[374.418s][info][gc,heap        ] GC(641) DefNew: 560507K(629120K)->1271K(629120K) Eden: 559232K(559232K)->0K(559232K) From: 1275K(69888K)->1271K(69888K)
[374.418s][info][gc,heap        ] GC(641) Tenured: 12367K(1398144K)->12450K(1398144K)
[374.418s][info][gc,metaspace   ] GC(641) Metaspace: 14315K(15168K)->14315K(15168K) NonClass: 12372K(12864K)->12372K(12864K) Class: 1943K(2304K)->1943K(2304K)
[374.418s][info][gc             ] GC(641) Pause Young (Allocation Failure) 559M->13M(1979M) 56.878ms
[374.418s][info][gc,cpu         ] GC(641) User=0.05s Sys=0.00s Real=0.06s
[374.956s][info][gc,start       ] GC(642) Pause Young (Allocation Failure)
[375.002s][info][gc,heap        ] GC(642) DefNew: 560503K(629120K)->1267K(629120K) Eden: 559232K(559232K)->0K(559232K) From: 1271K(69888K)->1267K(69888K)
[375.002s][info][gc,heap        ] GC(642) Tenured: 12450K(1398144K)->12539K(1398144K)
[375.002s][info][gc,metaspace   ] GC(642) Metaspace: 14315K(15168K)->14315K(15168K) NonClass: 12372K(12864K)->12372K(12864K) Class: 1943K(2304K)->1943K(2304K)
[375.002s][info][gc             ] GC(642) Pause Young (Allocation Failure) 559M->13M(1979M) 46.941ms
[375.002s][info][gc,cpu         ] GC(642) User=0.03s Sys=0.00s Real=0.03s
[375.674s][info][gc,start       ] GC(643) Pause Young (Allocation Failure)
[375.727s][info][gc,heap        ] GC(643) DefNew: 560499K(629120K)->1265K(629120K) Eden: 559232K(559232K)->0K(559232K) From: 1267K(69888K)->1265K(69888K)
[375.727s][info][gc,heap        ] GC(643) Tenured: 12539K(1398144K)->12625K(1398144K)
[375.728s][info][gc,metaspace   ] GC(643) Metaspace: 14315K(15168K)->14315K(15168K) NonClass: 12372K(12864K)->12372K(12864K) Class: 1943K(2304K)->1943K(2304K)
[375.728s][info][gc             ] GC(643) Pause Young (Allocation Failure) 559M->13M(1979M) 53.421ms
[375.728s][info][gc,cpu         ] GC(643) User=0.05s Sys=0.00s Real=0.05s
[376.281s][info][gc,start       ] GC(644) Pause Young (Allocation Failure)
[376.336s][info][gc,heap        ] GC(644) DefNew: 560497K(629120K)->1268K(629120K) Eden: 559232K(559232K)->0K(559232K) From: 1265K(69888K)->1268K(69888K)
[376.336s][info][gc,heap        ] GC(644) Tenured: 12625K(1398144K)->12711K(1398144K)
[376.336s][info][gc,metaspace   ] GC(644) Metaspace: 14315K(15168K)->14315K(15168K) NonClass: 12372K(12864K)->12372K(12864K) Class: 1943K(2304K)->1943K(2304K)
[376.336s][info][gc             ] GC(644) Pause Young (Allocation Failure) 559M->13M(1979M) 54.855ms
[376.336s][info][gc,cpu         ] GC(644) User=0.05s Sys=0.00s Real=0.05s
[376.886s][info][gc,start       ] GC(645) Pause Young (Allocation Failure)
[376.938s][info][gc,heap        ] GC(645) DefNew: 560500K(629120K)->1270K(629120K) Eden: 559232K(559232K)->0K(559232K) From: 1268K(69888K)->1270K(69888K)
[376.938s][info][gc,heap        ] GC(645) Tenured: 12711K(1398144K)->12791K(1398144K)
[376.938s][info][gc,metaspace   ] GC(645) Metaspace: 14315K(15168K)->14315K(15168K) NonClass: 12372K(12864K)->12372K(12864K) Class: 1943K(2304K)->1943K(2304K)
[376.938s][info][gc             ] GC(645) Pause Young (Allocation Failure) 559M->13M(1979M) 52.146ms
[376.938s][info][gc,cpu         ] GC(645) User=0.05s Sys=0.00s Real=0.04s
[377.477s][info][gc,start       ] GC(646) Pause Young (Allocation Failure)
[377.537s][info][gc,heap        ] GC(646) DefNew: 560502K(629120K)->1271K(629120K) Eden: 559232K(559232K)->0K(559232K) From: 1270K(69888K)->1271K(69888K)
[377.537s][info][gc,heap        ] GC(646) Tenured: 12791K(1398144K)->12871K(1398144K)
[377.537s][info][gc,metaspace   ] GC(646) Metaspace: 14315K(15168K)->14315K(15168K) NonClass: 12372K(12864K)->12372K(12864K) Class: 1943K(2304K)->1943K(2304K)
[377.538s][info][gc             ] GC(646) Pause Young (Allocation Failure) 559M->13M(1979M) 60.582ms
[377.538s][info][gc,cpu         ] GC(646) User=0.06s Sys=0.00s Real=0.06s
[377.994s][info][gc,start       ] GC(647) Pause Young (Allocation Failure)
[378.054s][info][gc,heap        ] GC(647) DefNew: 560503K(629120K)->1258K(629120K) Eden: 559232K(559232K)->0K(559232K) From: 1271K(69888K)->1258K(69888K)
[378.054s][info][gc,heap        ] GC(647) Tenured: 12871K(1398144K)->12954K(1398144K)
[378.054s][info][gc,metaspace   ] GC(647) Metaspace: 14315K(15168K)->14315K(15168K) NonClass: 12372K(12864K)->12372K(12864K) Class: 1943K(2304K)->1943K(2304K)
[378.054s][info][gc             ] GC(647) Pause Young (Allocation Failure) 559M->13M(1979M) 60.254ms
[378.054s][info][gc,cpu         ] GC(647) User=0.06s Sys=0.00s Real=0.06s
[378.340s][info][gc,start       ] GC(648) Pause Full (System.gc())
[378.340s][info][gc,phases,start] GC(648) Phase 1: Mark live objects
[378.388s][info][gc,phases      ] GC(648) Phase 1: Mark live objects 47.704ms
[378.388s][info][gc,phases,start] GC(648) Phase 2: Compute new object addresses
[378.465s][info][gc,phases      ] GC(648) Phase 2: Compute new object addresses 77.010ms
[378.465s][info][gc,phases,start] GC(648) Phase 3: Adjust pointers
[378.490s][info][gc,phases      ] GC(648) Phase 3: Adjust pointers 24.876ms
[378.490s][info][gc,phases,start] GC(648) Phase 4: Move objects
[378.490s][info][gc,phases      ] GC(648) Phase 4: Move objects 0.013ms
[378.490s][info][gc,heap        ] GC(648) DefNew: 330615K(629120K)->0K(629120K) Eden: 329357K(559232K)->0K(559232K) From: 1258K(69888K)->0K(69888K)
[378.490s][info][gc,heap        ] GC(648) Tenured: 12954K(1398144K)->12954K(1398144K)
[378.490s][info][gc,metaspace   ] GC(648) Metaspace: 14315K(15168K)->14315K(15168K) NonClass: 12372K(12864K)->12372K(12864K) Class: 1943K(2304K)->1943K(2304K)
[378.490s][info][gc             ] GC(648) Pause Full (System.gc()) 335M->12M(1979M) 150.014ms
[378.490s][info][gc,cpu         ] GC(648) User=0.14s Sys=0.00s Real=0.14s
[378.975s][info][gc,start       ] GC(649) Pause Young (Allocation Failure)
[379.022s][info][gc,heap        ] GC(649) DefNew: 559232K(629120K)->1538K(629120K) Eden: 559232K(559232K)->0K(559232K) From: 0K(69888K)->1538K(69888K)
[379.022s][info][gc,heap        ] GC(649) Tenured: 12954K(1398144K)->12954K(1398144K)
[379.022s][info][gc,metaspace   ] GC(649) Metaspace: 14315K(15168K)->14315K(15168K) NonClass: 12372K(12864K)->12372K(12864K) Class: 1943K(2304K)->1943K(2304K)
[379.022s][info][gc             ] GC(649) Pause Young (Allocation Failure) 558M->14M(1979M) 46.735ms
[379.022s][info][gc,cpu         ] GC(649) User=0.03s Sys=0.00s Real=0.03s
[379.577s][info][gc,start       ] GC(650) Pause Young (Allocation Failure)
[379.633s][info][gc,heap        ] GC(650) DefNew: 560770K(629120K)->1616K(629120K) Eden: 559232K(559232K)->0K(559232K) From: 1538K(69888K)->1616K(69888K)
[379.633s][info][gc,heap        ] GC(650) Tenured: 12954K(1398144K)->12954K(1398144K)
[379.633s][info][gc,metaspace   ] GC(650) Metaspace: 14315K(15168K)->14315K(15168K) NonClass: 12372K(12864K)->12372K(12864K) Class: 1943K(2304K)->1943K(2304K)
[379.633s][info][gc             ] GC(650) Pause Young (Allocation Failure) 560M->14M(1979M) 56.627ms
[379.633s][info][gc,cpu         ] GC(650) User=0.03s Sys=0.00s Real=0.05s
[380.184s][info][gc,start       ] GC(651) Pause Young (Allocation Failure)
[380.230s][info][gc,heap        ] GC(651) DefNew: 560848K(629120K)->1703K(629120K) Eden: 559232K(559232K)->0K(559232K) From: 1616K(69888K)->1703K(69888K)
[380.230s][info][gc,heap        ] GC(651) Tenured: 12954K(1398144K)->12954K(1398144K)
[380.230s][info][gc,metaspace   ] GC(651) Metaspace: 14315K(15168K)->14315K(15168K) NonClass: 12372K(12864K)->12372K(12864K) Class: 1943K(2304K)->1943K(2304K)
[380.230s][info][gc             ] GC(651) Pause Young (Allocation Failure) 560M->14M(1979M) 45.357ms
[380.230s][info][gc,cpu         ] GC(651) User=0.05s Sys=0.00s Real=0.04s
[380.775s][info][gc,start       ] GC(652) Pause Young (Allocation Failure)
[380.831s][info][gc,heap        ] GC(652) DefNew: 560935K(629120K)->1789K(629120K) Eden: 559232K(559232K)->0K(559232K) From: 1703K(69888K)->1789K(69888K)
[380.831s][info][gc,heap        ] GC(652) Tenured: 12954K(1398144K)->12954K(1398144K)
[380.831s][info][gc,metaspace   ] GC(652) Metaspace: 14315K(15168K)->14315K(15168K) NonClass: 12372K(12864K)->12372K(12864K) Class: 1943K(2304K)->1943K(2304K)
[380.831s][info][gc             ] GC(652) Pause Young (Allocation Failure) 560M->14M(1979M) 56.462ms
[380.832s][info][gc,cpu         ] GC(652) User=0.06s Sys=0.00s Real=0.05s
[381.353s][info][gc,start       ] GC(653) Pause Young (Allocation Failure)
[381.411s][info][gc,heap        ] GC(653) DefNew: 561021K(629120K)->1866K(629120K) Eden: 559232K(559232K)->0K(559232K) From: 1789K(69888K)->1866K(69888K)
[381.411s][info][gc,heap        ] GC(653) Tenured: 12954K(1398144K)->12954K(1398144K)
[381.411s][info][gc,metaspace   ] GC(653) Metaspace: 14315K(15168K)->14315K(15168K) NonClass: 12372K(12864K)->12372K(12864K) Class: 1943K(2304K)->1943K(2304K)
[381.411s][info][gc             ] GC(653) Pause Young (Allocation Failure) 560M->14M(1979M) 58.355ms
[381.411s][info][gc,cpu         ] GC(653) User=0.06s Sys=0.00s Real=0.06s
[381.943s][info][gc,start       ] GC(654) Pause Young (Allocation Failure)
[382.003s][info][gc,heap        ] GC(654) DefNew: 561098K(629120K)->1950K(629120K) Eden: 559232K(559232K)->0K(559232K) From: 1866K(69888K)->1950K(69888K)
[382.003s][info][gc,heap        ] GC(654) Tenured: 12954K(1398144K)->12954K(1398144K)
[382.003s][info][gc,metaspace   ] GC(654) Metaspace: 14315K(15168K)->14315K(15168K) NonClass: 12372K(12864K)->12372K(12864K) Class: 1943K(2304K)->1943K(2304K)
[382.003s][info][gc             ] GC(654) Pause Young (Allocation Failure) 560M->14M(1979M) 60.021ms
[382.003s][info][gc,cpu         ] GC(654) User=0.05s Sys=0.00s Real=0.05s
[382.555s][info][gc,start       ] GC(655) Pause Young (Allocation Failure)
[382.616s][info][gc,heap        ] GC(655) DefNew: 561182K(629120K)->2032K(629120K) Eden: 559232K(559232K)->0K(559232K) From: 1950K(69888K)->2032K(69888K)
[382.616s][info][gc,heap        ] GC(655) Tenured: 12954K(1398144K)->12954K(1398144K)
[382.616s][info][gc,metaspace   ] GC(655) Metaspace: 14315K(15168K)->14315K(15168K) NonClass: 12372K(12864K)->12372K(12864K) Class: 1943K(2304K)->1943K(2304K)
[382.616s][info][gc             ] GC(655) Pause Young (Allocation Failure) 560M->14M(1979M) 61.618ms
[382.616s][info][gc,cpu         ] GC(655) User=0.05s Sys=0.00s Real=0.05s
[383.149s][info][gc,start       ] GC(656) Pause Young (Allocation Failure)
[383.211s][info][gc,heap        ] GC(656) DefNew: 561264K(629120K)->2115K(629120K) Eden: 559232K(559232K)->0K(559232K) From: 2032K(69888K)->2115K(69888K)
[383.211s][info][gc,heap        ] GC(656) Tenured: 12954K(1398144K)->12954K(1398144K)
[383.211s][info][gc,metaspace   ] GC(656) Metaspace: 14315K(15168K)->14315K(15168K) NonClass: 12372K(12864K)->12372K(12864K) Class: 1943K(2304K)->1943K(2304K)
[383.211s][info][gc             ] GC(656) Pause Young (Allocation Failure) 560M->14M(1979M) 62.357ms
[383.211s][info][gc,cpu         ] GC(656) User=0.06s Sys=0.00s Real=0.06s
[383.755s][info][gc,start       ] GC(657) Pause Young (Allocation Failure)
[383.810s][info][gc,heap        ] GC(657) DefNew: 561347K(629120K)->2200K(629120K) Eden: 559232K(559232K)->0K(559232K) From: 2115K(69888K)->2200K(69888K)
[383.810s][info][gc,heap        ] GC(657) Tenured: 12954K(1398144K)->12954K(1398144K)
[383.810s][info][gc,metaspace   ] GC(657) Metaspace: 14315K(15168K)->14315K(15168K) NonClass: 12372K(12864K)->12372K(12864K) Class: 1943K(2304K)->1943K(2304K)
[383.810s][info][gc             ] GC(657) Pause Young (Allocation Failure) 560M->14M(1979M) 55.121ms
[383.810s][info][gc,cpu         ] GC(657) User=0.05s Sys=0.00s Real=0.05s
[384.355s][info][gc,start       ] GC(658) Pause Young (Allocation Failure)
[384.409s][info][gc,heap        ] GC(658) DefNew: 561432K(629120K)->2288K(629120K) Eden: 559232K(559232K)->0K(559232K) From: 2200K(69888K)->2288K(69888K)
[384.409s][info][gc,heap        ] GC(658) Tenured: 12954K(1398144K)->12954K(1398144K)
[384.409s][info][gc,metaspace   ] GC(658) Metaspace: 14315K(15168K)->14315K(15168K) NonClass: 12372K(12864K)->12372K(12864K) Class: 1943K(2304K)->1943K(2304K)
[384.409s][info][gc             ] GC(658) Pause Young (Allocation Failure) 560M->14M(1979M) 54.308ms
[384.409s][info][gc,cpu         ] GC(658) User=0.06s Sys=0.00s Real=0.05s
[384.955s][info][gc,start       ] GC(659) Pause Young (Allocation Failure)
[385.014s][info][gc,heap        ] GC(659) DefNew: 561520K(629120K)->2372K(629120K) Eden: 559232K(559232K)->0K(559232K) From: 2288K(69888K)->2372K(69888K)
[385.014s][info][gc,heap        ] GC(659) Tenured: 12954K(1398144K)->12954K(1398144K)
[385.014s][info][gc,metaspace   ] GC(659) Metaspace: 14315K(15168K)->14315K(15168K) NonClass: 12372K(12864K)->12372K(12864K) Class: 1943K(2304K)->1943K(2304K)
[385.014s][info][gc             ] GC(659) Pause Young (Allocation Failure) 561M->14M(1979M) 58.959ms
[385.014s][info][gc,cpu         ] GC(659) User=0.05s Sys=0.00s Real=0.05s
[385.566s][info][gc,start       ] GC(660) Pause Young (Allocation Failure)
[385.626s][info][gc,heap        ] GC(660) DefNew: 561604K(629120K)->2456K(629120K) Eden: 559232K(559232K)->0K(559232K) From: 2372K(69888K)->2456K(69888K)
[385.626s][info][gc,heap        ] GC(660) Tenured: 12954K(1398144K)->12954K(1398144K)
[385.626s][info][gc,metaspace   ] GC(660) Metaspace: 14315K(15168K)->14315K(15168K) NonClass: 12372K(12864K)->12372K(12864K) Class: 1943K(2304K)->1943K(2304K)
[385.626s][info][gc             ] GC(660) Pause Young (Allocation Failure) 561M->15M(1979M) 60.787ms
[385.626s][info][gc,cpu         ] GC(660) User=0.06s Sys=0.00s Real=0.06s
[386.161s][info][gc,start       ] GC(661) Pause Young (Allocation Failure)
[386.220s][info][gc,heap        ] GC(661) DefNew: 561688K(629120K)->2544K(629120K) Eden: 559232K(559232K)->0K(559232K) From: 2456K(69888K)->2544K(69888K)
[386.220s][info][gc,heap        ] GC(661) Tenured: 12954K(1398144K)->12954K(1398144K)
[386.220s][info][gc,metaspace   ] GC(661) Metaspace: 14315K(15168K)->14315K(15168K) NonClass: 12372K(12864K)->12372K(12864K) Class: 1943K(2304K)->1943K(2304K)
[386.220s][info][gc             ] GC(661) Pause Young (Allocation Failure) 561M->15M(1979M) 59.778ms
[386.221s][info][gc,cpu         ] GC(661) User=0.05s Sys=0.00s Real=0.05s
[386.743s][info][gc,start       ] GC(662) Pause Young (Allocation Failure)
[386.791s][info][gc,heap        ] GC(662) DefNew: 561776K(629120K)->2620K(629120K) Eden: 559232K(559232K)->0K(559232K) From: 2544K(69888K)->2620K(69888K)
[386.791s][info][gc,heap        ] GC(662) Tenured: 12954K(1398144K)->12954K(1398144K)
[386.791s][info][gc,metaspace   ] GC(662) Metaspace: 14315K(15168K)->14315K(15168K) NonClass: 12372K(12864K)->12372K(12864K) Class: 1943K(2304K)->1943K(2304K)
[386.791s][info][gc             ] GC(662) Pause Young (Allocation Failure) 561M->15M(1979M) 47.655ms
[386.791s][info][gc,cpu         ] GC(662) User=0.05s Sys=0.00s Real=0.04s
[387.333s][info][gc,start       ] GC(663) Pause Young (Allocation Failure)
[387.381s][info][gc,heap        ] GC(663) DefNew: 561852K(629120K)->2703K(629120K) Eden: 559232K(559232K)->0K(559232K) From: 2620K(69888K)->2703K(69888K)
[387.381s][info][gc,heap        ] GC(663) Tenured: 12954K(1398144K)->12954K(1398144K)
[387.381s][info][gc,metaspace   ] GC(663) Metaspace: 14315K(15168K)->14315K(15168K) NonClass: 12372K(12864K)->12372K(12864K) Class: 1943K(2304K)->1943K(2304K)
[387.381s][info][gc             ] GC(663) Pause Young (Allocation Failure) 561M->15M(1979M) 47.529ms
[387.381s][info][gc,cpu         ] GC(663) User=0.05s Sys=0.00s Real=0.04s
[387.923s][info][gc,start       ] GC(664) Pause Young (Allocation Failure)
[387.979s][info][gc,heap        ] GC(664) DefNew: 561935K(629120K)->1261K(629120K) Eden: 559232K(559232K)->0K(559232K) From: 2703K(69888K)->1261K(69888K)
[387.979s][info][gc,heap        ] GC(664) Tenured: 12954K(1398144K)->14482K(1398144K)
[387.979s][info][gc,metaspace   ] GC(664) Metaspace: 14315K(15168K)->14315K(15168K) NonClass: 12372K(12864K)->12372K(12864K) Class: 1943K(2304K)->1943K(2304K)
[387.980s][info][gc             ] GC(664) Pause Young (Allocation Failure) 561M->15M(1979M) 56.373ms
[387.980s][info][gc,cpu         ] GC(664) User=0.05s Sys=0.00s Real=0.06s
[388.527s][info][gc,start       ] GC(665) Pause Young (Allocation Failure)
[388.584s][info][gc,heap        ] GC(665) DefNew: 560493K(629120K)->1266K(629120K) Eden: 559232K(559232K)->0K(559232K) From: 1261K(69888K)->1266K(69888K)
[388.584s][info][gc,heap        ] GC(665) Tenured: 14482K(1398144K)->14562K(1398144K)
[388.584s][info][gc,metaspace   ] GC(665) Metaspace: 14315K(15168K)->14315K(15168K) NonClass: 12372K(12864K)->12372K(12864K) Class: 1943K(2304K)->1943K(2304K)
[388.584s][info][gc             ] GC(665) Pause Young (Allocation Failure) 561M->15M(1979M) 57.287ms
[388.584s][info][gc,cpu         ] GC(665) User=0.06s Sys=0.00s Real=0.06s
[389.112s][info][gc,start       ] GC(666) Pause Young (Allocation Failure)
[389.172s][info][gc,heap        ] GC(666) DefNew: 560498K(629120K)->1258K(629120K) Eden: 559232K(559232K)->0K(559232K) From: 1266K(69888K)->1258K(69888K)
[389.172s][info][gc,heap        ] GC(666) Tenured: 14562K(1398144K)->14648K(1398144K)
[389.172s][info][gc,metaspace   ] GC(666) Metaspace: 14315K(15168K)->14315K(15168K) NonClass: 12372K(12864K)->12372K(12864K) Class: 1943K(2304K)->1943K(2304K)
[389.172s][info][gc             ] GC(666) Pause Young (Allocation Failure) 561M->15M(1979M) 59.428ms
[389.172s][info][gc,cpu         ] GC(666) User=0.05s Sys=0.00s Real=0.05s
[389.700s][info][gc,start       ] GC(667) Pause Young (Allocation Failure)
[389.758s][info][gc,heap        ] GC(667) DefNew: 560490K(629120K)->1254K(629120K) Eden: 559232K(559232K)->0K(559232K) From: 1258K(69888K)->1254K(69888K)
[389.759s][info][gc,heap        ] GC(667) Tenured: 14648K(1398144K)->14735K(1398144K)
[389.759s][info][gc,metaspace   ] GC(667) Metaspace: 14315K(15168K)->14315K(15168K) NonClass: 12372K(12864K)->12372K(12864K) Class: 1943K(2304K)->1943K(2304K)
[389.759s][info][gc             ] GC(667) Pause Young (Allocation Failure) 561M->15M(1979M) 58.322ms
[389.759s][info][gc,cpu         ] GC(667) User=0.06s Sys=0.00s Real=0.05s
[390.286s][info][gc,start       ] GC(668) Pause Young (Allocation Failure)
[390.334s][info][gc,heap        ] GC(668) DefNew: 560486K(629120K)->1260K(629120K) Eden: 559232K(559232K)->0K(559232K) From: 1254K(69888K)->1260K(69888K)
[390.334s][info][gc,heap        ] GC(668) Tenured: 14735K(1398144K)->14811K(1398144K)
[390.334s][info][gc,metaspace   ] GC(668) Metaspace: 14315K(15168K)->14315K(15168K) NonClass: 12372K(12864K)->12372K(12864K) Class: 1943K(2304K)->1943K(2304K)
[390.334s][info][gc             ] GC(668) Pause Young (Allocation Failure) 561M->15M(1979M) 48.332ms
[390.334s][info][gc,cpu         ] GC(668) User=0.03s Sys=0.00s Real=0.04s
[390.859s][info][gc,start       ] GC(669) Pause Young (Allocation Failure)
[390.921s][info][gc,heap        ] GC(669) DefNew: 560492K(629120K)->1257K(629120K) Eden: 559232K(559232K)->0K(559232K) From: 1260K(69888K)->1257K(69888K)
[390.921s][info][gc,heap        ] GC(669) Tenured: 14811K(1398144K)->14895K(1398144K)
[390.921s][info][gc,metaspace   ] GC(669) Metaspace: 14315K(15168K)->14315K(15168K) NonClass: 12372K(12864K)->12372K(12864K) Class: 1943K(2304K)->1943K(2304K)
[390.921s][info][gc             ] GC(669) Pause Young (Allocation Failure) 561M->15M(1979M) 62.754ms
[390.921s][info][gc,cpu         ] GC(669) User=0.05s Sys=0.00s Real=0.05s
[391.453s][info][gc,start       ] GC(670) Pause Young (Allocation Failure)
[391.513s][info][gc,heap        ] GC(670) DefNew: 560489K(629120K)->1256K(629120K) Eden: 559232K(559232K)->0K(559232K) From: 1257K(69888K)->1256K(69888K)
[391.513s][info][gc,heap        ] GC(670) Tenured: 14895K(1398144K)->14977K(1398144K)
[391.513s][info][gc,metaspace   ] GC(670) Metaspace: 14315K(15168K)->14315K(15168K) NonClass: 12372K(12864K)->12372K(12864K) Class: 1943K(2304K)->1943K(2304K)
[391.513s][info][gc             ] GC(670) Pause Young (Allocation Failure) 561M->15M(1979M) 59.853ms
[391.513s][info][gc,cpu         ] GC(670) User=0.05s Sys=0.00s Real=0.06s
[392.068s][info][gc,start       ] GC(671) Pause Young (Allocation Failure)
[392.121s][info][gc,heap        ] GC(671) DefNew: 560488K(629120K)->1259K(629120K) Eden: 559232K(559232K)->0K(559232K) From: 1256K(69888K)->1259K(69888K)
[392.121s][info][gc,heap        ] GC(671) Tenured: 14977K(1398144K)->15060K(1398144K)
[392.121s][info][gc,metaspace   ] GC(671) Metaspace: 14315K(15168K)->14315K(15168K) NonClass: 12372K(12864K)->12372K(12864K) Class: 1943K(2304K)->1943K(2304K)
[392.121s][info][gc             ] GC(671) Pause Young (Allocation Failure) 561M->15M(1979M) 53.193ms
[392.121s][info][gc,cpu         ] GC(671) User=0.03s Sys=0.00s Real=0.04s
[392.646s][info][gc,start       ] GC(672) Pause Young (Allocation Failure)
[392.705s][info][gc,heap        ] GC(672) DefNew: 560491K(629120K)->1254K(629120K) Eden: 559232K(559232K)->0K(559232K) From: 1259K(69888K)->1254K(69888K)
[392.706s][info][gc,heap        ] GC(672) Tenured: 15060K(1398144K)->15146K(1398144K)
[392.706s][info][gc,metaspace   ] GC(672) Metaspace: 14315K(15168K)->14315K(15168K) NonClass: 12372K(12864K)->12372K(12864K) Class: 1943K(2304K)->1943K(2304K)
[392.706s][info][gc             ] GC(672) Pause Young (Allocation Failure) 562M->16M(1979M) 59.486ms
[392.706s][info][gc,cpu         ] GC(672) User=0.05s Sys=0.00s Real=0.05s
[393.239s][info][gc,start       ] GC(673) Pause Young (Allocation Failure)
[393.296s][info][gc,heap        ] GC(673) DefNew: 560486K(629120K)->1250K(629120K) Eden: 559232K(559232K)->0K(559232K) From: 1254K(69888K)->1250K(69888K)
[393.296s][info][gc,heap        ] GC(673) Tenured: 15146K(1398144K)->15232K(1398144K)
[393.296s][info][gc,metaspace   ] GC(673) Metaspace: 14315K(15168K)->14315K(15168K) NonClass: 12372K(12864K)->12372K(12864K) Class: 1943K(2304K)->1943K(2304K)
[393.296s][info][gc             ] GC(673) Pause Young (Allocation Failure) 562M->16M(1979M) 57.044ms
[393.296s][info][gc,cpu         ] GC(673) User=0.05s Sys=0.00s Real=0.05s
[393.825s][info][gc,start       ] GC(674) Pause Young (Allocation Failure)
[393.868s][info][gc,heap        ] GC(674) DefNew: 560482K(629120K)->1246K(629120K) Eden: 559232K(559232K)->0K(559232K) From: 1250K(69888K)->1246K(69888K)
[393.868s][info][gc,heap        ] GC(674) Tenured: 15232K(1398144K)->15317K(1398144K)
[393.868s][info][gc,metaspace   ] GC(674) Metaspace: 14315K(15168K)->14315K(15168K) NonClass: 12372K(12864K)->12372K(12864K) Class: 1943K(2304K)->1943K(2304K)
[393.868s][info][gc             ] GC(674) Pause Young (Allocation Failure) 562M->16M(1979M) 43.667ms
[393.868s][info][gc,cpu         ] GC(674) User=0.05s Sys=0.00s Real=0.03s
[394.408s][info][gc,start       ] GC(675) Pause Young (Allocation Failure)
[394.465s][info][gc,heap        ] GC(675) DefNew: 560478K(629120K)->1243K(629120K) Eden: 559232K(559232K)->0K(559232K) From: 1246K(69888K)->1243K(69888K)
[394.465s][info][gc,heap        ] GC(675) Tenured: 15317K(1398144K)->15400K(1398144K)
[394.465s][info][gc,metaspace   ] GC(675) Metaspace: 14315K(15168K)->14315K(15168K) NonClass: 12372K(12864K)->12372K(12864K) Class: 1943K(2304K)->1943K(2304K)
[394.465s][info][gc             ] GC(675) Pause Young (Allocation Failure) 562M->16M(1979M) 57.092ms
[394.465s][info][gc,cpu         ] GC(675) User=0.05s Sys=0.00s Real=0.06s
[394.970s][info][gc,start       ] GC(676) Pause Young (Allocation Failure)
[395.029s][info][gc,heap        ] GC(676) DefNew: 560475K(629120K)->1236K(629120K) Eden: 559232K(559232K)->0K(559232K) From: 1243K(69888K)->1236K(69888K)
[395.029s][info][gc,heap        ] GC(676) Tenured: 15400K(1398144K)->15487K(1398144K)
[395.029s][info][gc,metaspace   ] GC(676) Metaspace: 14315K(15168K)->14315K(15168K) NonClass: 12372K(12864K)->12372K(12864K) Class: 1943K(2304K)->1943K(2304K)
[395.029s][info][gc             ] GC(676) Pause Young (Allocation Failure) 562M->16M(1979M) 59.466ms
[395.029s][info][gc,cpu         ] GC(676) User=0.05s Sys=0.00s Real=0.06s
[395.389s][info][gc,start       ] GC(677) Pause Full (System.gc())
[395.390s][info][gc,phases,start] GC(677) Phase 1: Mark live objects
[395.441s][info][gc,phases      ] GC(677) Phase 1: Mark live objects 51.278ms
[395.441s][info][gc,phases,start] GC(677) Phase 2: Compute new object addresses
[395.543s][info][gc,phases      ] GC(677) Phase 2: Compute new object addresses 102.291ms
[395.543s][info][gc,phases,start] GC(677) Phase 3: Adjust pointers
[395.567s][info][gc,phases      ] GC(677) Phase 3: Adjust pointers 23.450ms
[395.567s][info][gc,phases,start] GC(677) Phase 4: Move objects
[395.567s][info][gc,phases      ] GC(677) Phase 4: Move objects 0.013ms
[395.567s][info][gc,heap        ] GC(677) DefNew: 431469K(629120K)->0K(629120K) Eden: 430232K(559232K)->0K(559232K) From: 1236K(69888K)->0K(69888K)
[395.567s][info][gc,heap        ] GC(677) Tenured: 15487K(1398144K)->5365K(1398144K)
[395.567s][info][gc,metaspace   ] GC(677) Metaspace: 14315K(15168K)->14315K(15168K) NonClass: 12372K(12864K)->12372K(12864K) Class: 1943K(2304K)->1943K(2304K)
[395.567s][info][gc             ] GC(677) Pause Full (System.gc()) 436M->5M(1979M) 177.451ms
[395.567s][info][gc,cpu         ] GC(677) User=0.17s Sys=0.00s Real=0.17s
[396.048s][info][gc,start       ] GC(678) Pause Young (Allocation Failure)
[396.105s][info][gc,heap        ] GC(678) DefNew: 559232K(629120K)->1535K(629120K) Eden: 559232K(559232K)->0K(559232K) From: 0K(69888K)->1535K(69888K)
[396.105s][info][gc,heap        ] GC(678) Tenured: 5365K(1398144K)->5365K(1398144K)
[396.105s][info][gc,metaspace   ] GC(678) Metaspace: 14315K(15168K)->14315K(15168K) NonClass: 12372K(12864K)->12372K(12864K) Class: 1943K(2304K)->1943K(2304K)
[396.105s][info][gc             ] GC(678) Pause Young (Allocation Failure) 551M->6M(1979M) 56.183ms
[396.105s][info][gc,cpu         ] GC(678) User=0.03s Sys=0.00s Real=0.04s
[396.656s][info][gc,start       ] GC(679) Pause Young (Allocation Failure)
[396.715s][info][gc,heap        ] GC(679) DefNew: 560767K(629120K)->1622K(629120K) Eden: 559232K(559232K)->0K(559232K) From: 1535K(69888K)->1622K(69888K)
[396.715s][info][gc,heap        ] GC(679) Tenured: 5365K(1398144K)->5365K(1398144K)
[396.715s][info][gc,metaspace   ] GC(679) Metaspace: 14315K(15168K)->14315K(15168K) NonClass: 12372K(12864K)->12372K(12864K) Class: 1943K(2304K)->1943K(2304K)
[396.715s][info][gc             ] GC(679) Pause Young (Allocation Failure) 552M->6M(1979M) 59.373ms
[396.715s][info][gc,cpu         ] GC(679) User=0.05s Sys=0.00s Real=0.06s
[397.239s][info][gc,start       ] GC(680) Pause Young (Allocation Failure)
[397.286s][info][gc,heap        ] GC(680) DefNew: 560854K(629120K)->1704K(629120K) Eden: 559232K(559232K)->0K(559232K) From: 1622K(69888K)->1704K(69888K)
[397.287s][info][gc,heap        ] GC(680) Tenured: 5365K(1398144K)->5365K(1398144K)
[397.287s][info][gc,metaspace   ] GC(680) Metaspace: 14315K(15168K)->14315K(15168K) NonClass: 12372K(12864K)->12372K(12864K) Class: 1943K(2304K)->1943K(2304K)
[397.287s][info][gc             ] GC(680) Pause Young (Allocation Failure) 552M->6M(1979M) 47.581ms
[397.287s][info][gc,cpu         ] GC(680) User=0.05s Sys=0.00s Real=0.04s
[397.824s][info][gc,start       ] GC(681) Pause Young (Allocation Failure)
[397.887s][info][gc,heap        ] GC(681) DefNew: 560936K(629120K)->1787K(629120K) Eden: 559232K(559232K)->0K(559232K) From: 1704K(69888K)->1787K(69888K)
[397.887s][info][gc,heap        ] GC(681) Tenured: 5365K(1398144K)->5365K(1398144K)
[397.887s][info][gc,metaspace   ] GC(681) Metaspace: 14315K(15168K)->14315K(15168K) NonClass: 12372K(12864K)->12372K(12864K) Class: 1943K(2304K)->1943K(2304K)
[397.887s][info][gc             ] GC(681) Pause Young (Allocation Failure) 553M->6M(1979M) 63.342ms
[397.887s][info][gc,cpu         ] GC(681) User=0.06s Sys=0.00s Real=0.06s
[398.452s][info][gc,start       ] GC(682) Pause Young (Allocation Failure)
[398.506s][info][gc,heap        ] GC(682) DefNew: 561019K(629120K)->1875K(629120K) Eden: 559231K(559232K)->0K(559232K) From: 1787K(69888K)->1875K(69888K)
[398.506s][info][gc,heap        ] GC(682) Tenured: 5365K(1398144K)->5365K(1398144K)
[398.506s][info][gc,metaspace   ] GC(682) Metaspace: 14315K(15168K)->14315K(15168K) NonClass: 12372K(12864K)->12372K(12864K) Class: 1943K(2304K)->1943K(2304K)
[398.506s][info][gc             ] GC(682) Pause Young (Allocation Failure) 553M->7M(1979M) 54.132ms
[398.506s][info][gc,cpu         ] GC(682) User=0.06s Sys=0.00s Real=0.05s
[399.053s][info][gc,start       ] GC(683) Pause Young (Allocation Failure)
[399.098s][info][gc,heap        ] GC(683) DefNew: 561107K(629120K)->1960K(629120K) Eden: 559232K(559232K)->0K(559232K) From: 1875K(69888K)->1960K(69888K)
[399.098s][info][gc,heap        ] GC(683) Tenured: 5365K(1398144K)->5365K(1398144K)
[399.098s][info][gc,metaspace   ] GC(683) Metaspace: 14315K(15168K)->14315K(15168K) NonClass: 12372K(12864K)->12372K(12864K) Class: 1943K(2304K)->1943K(2304K)
[399.098s][info][gc             ] GC(683) Pause Young (Allocation Failure) 553M->7M(1979M) 45.352ms
[399.098s][info][gc,cpu         ] GC(683) User=0.03s Sys=0.00s Real=0.03s
[399.639s][info][gc,start       ] GC(684) Pause Young (Allocation Failure)
[399.686s][info][gc,heap        ] GC(684) DefNew: 561192K(629120K)->2044K(629120K) Eden: 559232K(559232K)->0K(559232K) From: 1960K(69888K)->2044K(69888K)
[399.686s][info][gc,heap        ] GC(684) Tenured: 5365K(1398144K)->5365K(1398144K)
[399.686s][info][gc,metaspace   ] GC(684) Metaspace: 14315K(15168K)->14315K(15168K) NonClass: 12372K(12864K)->12372K(12864K) Class: 1943K(2304K)->1943K(2304K)
[399.686s][info][gc             ] GC(684) Pause Young (Allocation Failure) 553M->7M(1979M) 46.923ms
[399.686s][info][gc,cpu         ] GC(684) User=0.05s Sys=0.00s Real=0.05s
[400.202s][info][gc,start       ] GC(685) Pause Young (Allocation Failure)
[400.248s][info][gc,heap        ] GC(685) DefNew: 561276K(629120K)->2124K(629120K) Eden: 559232K(559232K)->0K(559232K) From: 2044K(69888K)->2124K(69888K)
[400.248s][info][gc,heap        ] GC(685) Tenured: 5365K(1398144K)->5365K(1398144K)
[400.248s][info][gc,metaspace   ] GC(685) Metaspace: 14315K(15168K)->14315K(15168K) NonClass: 12372K(12864K)->12372K(12864K) Class: 1943K(2304K)->1943K(2304K)
[400.248s][info][gc             ] GC(685) Pause Young (Allocation Failure) 553M->7M(1979M) 46.006ms
[400.248s][info][gc,cpu         ] GC(685) User=0.02s Sys=0.00s Real=0.03s
[400.789s][info][gc,start       ] GC(686) Pause Young (Allocation Failure)
[400.851s][info][gc,heap        ] GC(686) DefNew: 561356K(629120K)->2207K(629120K) Eden: 559232K(559232K)->0K(559232K) From: 2124K(69888K)->2207K(69888K)
[400.851s][info][gc,heap        ] GC(686) Tenured: 5365K(1398144K)->5365K(1398144K)
[400.851s][info][gc,metaspace   ] GC(686) Metaspace: 14315K(15168K)->14315K(15168K) NonClass: 12372K(12864K)->12372K(12864K) Class: 1943K(2304K)->1943K(2304K)
[400.851s][info][gc             ] GC(686) Pause Young (Allocation Failure) 553M->7M(1979M) 62.612ms
[400.851s][info][gc,cpu         ] GC(686) User=0.05s Sys=0.00s Real=0.05s
[401.386s][info][gc,start       ] GC(687) Pause Young (Allocation Failure)
[401.449s][info][gc,heap        ] GC(687) DefNew: 561439K(629120K)->2293K(629120K) Eden: 559232K(559232K)->0K(559232K) From: 2207K(69888K)->2293K(69888K)
[401.449s][info][gc,heap        ] GC(687) Tenured: 5365K(1398144K)->5365K(1398144K)
[401.449s][info][gc,metaspace   ] GC(687) Metaspace: 14315K(15168K)->14315K(15168K) NonClass: 12372K(12864K)->12372K(12864K) Class: 1943K(2304K)->1943K(2304K)
[401.449s][info][gc             ] GC(687) Pause Young (Allocation Failure) 553M->7M(1979M) 62.325ms
[401.449s][info][gc,cpu         ] GC(687) User=0.06s Sys=0.00s Real=0.06s
[401.979s][info][gc,start       ] GC(688) Pause Young (Allocation Failure)
[402.039s][info][gc,heap        ] GC(688) DefNew: 561525K(629120K)->2377K(629120K) Eden: 559232K(559232K)->0K(559232K) From: 2293K(69888K)->2377K(69888K)
[402.039s][info][gc,heap        ] GC(688) Tenured: 5365K(1398144K)->5365K(1398144K)
[402.039s][info][gc,metaspace   ] GC(688) Metaspace: 14315K(15168K)->14315K(15168K) NonClass: 12372K(12864K)->12372K(12864K) Class: 1943K(2304K)->1943K(2304K)
[402.040s][info][gc             ] GC(688) Pause Young (Allocation Failure) 553M->7M(1979M) 60.895ms
[402.040s][info][gc,cpu         ] GC(688) User=0.06s Sys=0.00s Real=0.06s
[402.595s][info][gc,start       ] GC(689) Pause Young (Allocation Failure)
[402.651s][info][gc,heap        ] GC(689) DefNew: 561609K(629120K)->2463K(629120K) Eden: 559232K(559232K)->0K(559232K) From: 2377K(69888K)->2463K(69888K)
[402.651s][info][gc,heap        ] GC(689) Tenured: 5365K(1398144K)->5365K(1398144K)
[402.651s][info][gc,metaspace   ] GC(689) Metaspace: 14315K(15168K)->14315K(15168K) NonClass: 12372K(12864K)->12372K(12864K) Class: 1943K(2304K)->1943K(2304K)
[402.651s][info][gc             ] GC(689) Pause Young (Allocation Failure) 553M->7M(1979M) 56.168ms
[402.651s][info][gc,cpu         ] GC(689) User=0.05s Sys=0.00s Real=0.06s
[403.168s][info][gc,start       ] GC(690) Pause Young (Allocation Failure)
[403.225s][info][gc,heap        ] GC(690) DefNew: 561695K(629120K)->2542K(629120K) Eden: 559232K(559232K)->0K(559232K) From: 2463K(69888K)->2542K(69888K)
[403.225s][info][gc,heap        ] GC(690) Tenured: 5365K(1398144K)->5365K(1398144K)
[403.225s][info][gc,metaspace   ] GC(690) Metaspace: 14315K(15168K)->14315K(15168K) NonClass: 12372K(12864K)->12372K(12864K) Class: 1943K(2304K)->1943K(2304K)
[403.225s][info][gc             ] GC(690) Pause Young (Allocation Failure) 553M->7M(1979M) 56.768ms
[403.225s][info][gc,cpu         ] GC(690) User=0.06s Sys=0.00s Real=0.05s
[403.785s][info][gc,start       ] GC(691) Pause Young (Allocation Failure)
[403.847s][info][gc,heap        ] GC(691) DefNew: 561774K(629120K)->2626K(629120K) Eden: 559232K(559232K)->0K(559232K) From: 2542K(69888K)->2626K(69888K)
[403.847s][info][gc,heap        ] GC(691) Tenured: 5365K(1398144K)->5365K(1398144K)
[403.847s][info][gc,metaspace   ] GC(691) Metaspace: 14315K(15168K)->14315K(15168K) NonClass: 12372K(12864K)->12372K(12864K) Class: 1943K(2304K)->1943K(2304K)
[403.847s][info][gc             ] GC(691) Pause Young (Allocation Failure) 553M->7M(1979M) 61.825ms
[403.847s][info][gc,cpu         ] GC(691) User=0.05s Sys=0.00s Real=0.05s
[404.378s][info][gc,start       ] GC(692) Pause Young (Allocation Failure)
[404.440s][info][gc,heap        ] GC(692) DefNew: 561858K(629120K)->2709K(629120K) Eden: 559232K(559232K)->0K(559232K) From: 2626K(69888K)->2709K(69888K)
[404.440s][info][gc,heap        ] GC(692) Tenured: 5365K(1398144K)->5365K(1398144K)
[404.440s][info][gc,metaspace   ] GC(692) Metaspace: 14315K(15168K)->14315K(15168K) NonClass: 12372K(12864K)->12372K(12864K) Class: 1943K(2304K)->1943K(2304K)
[404.440s][info][gc             ] GC(692) Pause Young (Allocation Failure) 553M->7M(1979M) 62.242ms
[404.440s][info][gc,cpu         ] GC(692) User=0.05s Sys=0.00s Real=0.05s
[404.971s][info][gc,start       ] GC(693) Pause Young (Allocation Failure)
[405.034s][info][gc,heap        ] GC(693) DefNew: 561941K(629120K)->1268K(629120K) Eden: 559232K(559232K)->0K(559232K) From: 2709K(69888K)->1268K(69888K)
[405.034s][info][gc,heap        ] GC(693) Tenured: 5365K(1398144K)->6893K(1398144K)
[405.034s][info][gc,metaspace   ] GC(693) Metaspace: 14315K(15168K)->14315K(15168K) NonClass: 12372K(12864K)->12372K(12864K) Class: 1943K(2304K)->1943K(2304K)
[405.034s][info][gc             ] GC(693) Pause Young (Allocation Failure) 554M->7M(1979M) 62.717ms
[405.034s][info][gc,cpu         ] GC(693) User=0.06s Sys=0.00s Real=0.06s
[405.561s][info][gc,start       ] GC(694) Pause Young (Allocation Failure)
[405.610s][info][gc,heap        ] GC(694) DefNew: 560500K(629120K)->1263K(629120K) Eden: 559232K(559232K)->0K(559232K) From: 1268K(69888K)->1263K(69888K)
[405.610s][info][gc,heap        ] GC(694) Tenured: 6893K(1398144K)->6979K(1398144K)
[405.610s][info][gc,metaspace   ] GC(694) Metaspace: 14315K(15168K)->14315K(15168K) NonClass: 12372K(12864K)->12372K(12864K) Class: 1943K(2304K)->1943K(2304K)
[405.610s][info][gc             ] GC(694) Pause Young (Allocation Failure) 554M->8M(1979M) 48.552ms
[405.610s][info][gc,cpu         ] GC(694) User=0.03s Sys=0.00s Real=0.04s
[406.145s][info][gc,start       ] GC(695) Pause Young (Allocation Failure)
[406.199s][info][gc,heap        ] GC(695) DefNew: 560495K(629120K)->1264K(629120K) Eden: 559232K(559232K)->0K(559232K) From: 1263K(69888K)->1264K(69888K)
[406.199s][info][gc,heap        ] GC(695) Tenured: 6979K(1398144K)->7062K(1398144K)
[406.199s][info][gc,metaspace   ] GC(695) Metaspace: 14315K(15168K)->14315K(15168K) NonClass: 12372K(12864K)->12372K(12864K) Class: 1943K(2304K)->1943K(2304K)
[406.199s][info][gc             ] GC(695) Pause Young (Allocation Failure) 554M->8M(1979M) 54.077ms
[406.199s][info][gc,cpu         ] GC(695) User=0.05s Sys=0.00s Real=0.05s
[406.739s][info][gc,start       ] GC(696) Pause Young (Allocation Failure)
[406.795s][info][gc,heap        ] GC(696) DefNew: 560496K(629120K)->1270K(629120K) Eden: 559232K(559232K)->0K(559232K) From: 1264K(69888K)->1270K(69888K)
[406.795s][info][gc,heap        ] GC(696) Tenured: 7062K(1398144K)->7145K(1398144K)
[406.795s][info][gc,metaspace   ] GC(696) Metaspace: 14315K(15168K)->14315K(15168K) NonClass: 12372K(12864K)->12372K(12864K) Class: 1943K(2304K)->1943K(2304K)
[406.795s][info][gc             ] GC(696) Pause Young (Allocation Failure) 554M->8M(1979M) 55.817ms
[406.795s][info][gc,cpu         ] GC(696) User=0.05s Sys=0.00s Real=0.05s
[407.316s][info][gc,start       ] GC(697) Pause Young (Allocation Failure)
[407.372s][info][gc,heap        ] GC(697) DefNew: 560502K(629120K)->1270K(629120K) Eden: 559232K(559232K)->0K(559232K) From: 1270K(69888K)->1270K(69888K)
[407.372s][info][gc,heap        ] GC(697) Tenured: 7145K(1398144K)->7231K(1398144K)
[407.372s][info][gc,metaspace   ] GC(697) Metaspace: 14315K(15168K)->14315K(15168K) NonClass: 12372K(12864K)->12372K(12864K) Class: 1943K(2304K)->1943K(2304K)
[407.372s][info][gc             ] GC(697) Pause Young (Allocation Failure) 554M->8M(1979M) 56.685ms
[407.372s][info][gc,cpu         ] GC(697) User=0.05s Sys=0.00s Real=0.06s
[407.886s][info][gc,start       ] GC(698) Pause Young (Allocation Failure)
[407.945s][info][gc,heap        ] GC(698) DefNew: 560502K(629120K)->1259K(629120K) Eden: 559232K(559232K)->0K(559232K) From: 1270K(69888K)->1259K(69888K)
[407.945s][info][gc,heap        ] GC(698) Tenured: 7231K(1398144K)->7316K(1398144K)
[407.945s][info][gc,metaspace   ] GC(698) Metaspace: 14315K(15168K)->14315K(15168K) NonClass: 12372K(12864K)->12372K(12864K) Class: 1943K(2304K)->1943K(2304K)
[407.945s][info][gc             ] GC(698) Pause Young (Allocation Failure) 554M->8M(1979M) 59.572ms
[407.945s][info][gc,cpu         ] GC(698) User=0.06s Sys=0.00s Real=0.05s
[408.462s][info][gc,start       ] GC(699) Pause Young (Allocation Failure)
[408.524s][info][gc,heap        ] GC(699) DefNew: 560491K(629120K)->1255K(629120K) Eden: 559232K(559232K)->0K(559232K) From: 1259K(69888K)->1255K(69888K)
[408.524s][info][gc,heap        ] GC(699) Tenured: 7316K(1398144K)->7397K(1398144K)
[408.524s][info][gc,metaspace   ] GC(699) Metaspace: 14315K(15168K)->14315K(15168K) NonClass: 12372K(12864K)->12372K(12864K) Class: 1943K(2304K)->1943K(2304K)
[408.524s][info][gc             ] GC(699) Pause Young (Allocation Failure) 554M->8M(1979M) 61.563ms
[408.524s][info][gc,cpu         ] GC(699) User=0.05s Sys=0.00s Real=0.05s
[409.048s][info][gc,start       ] GC(700) Pause Young (Allocation Failure)
[409.100s][info][gc,heap        ] GC(700) DefNew: 560487K(629120K)->1253K(629120K) Eden: 559232K(559232K)->0K(559232K) From: 1255K(69888K)->1253K(69888K)
[409.100s][info][gc,heap        ] GC(700) Tenured: 7397K(1398144K)->7480K(1398144K)
[409.100s][info][gc,metaspace   ] GC(700) Metaspace: 14315K(15168K)->14315K(15168K) NonClass: 12372K(12864K)->12372K(12864K) Class: 1943K(2304K)->1943K(2304K)
[409.100s][info][gc             ] GC(700) Pause Young (Allocation Failure) 554M->8M(1979M) 52.276ms
[409.100s][info][gc,cpu         ] GC(700) User=0.05s Sys=0.00s Real=0.05s
[409.638s][info][gc,start       ] GC(701) Pause Young (Allocation Failure)
[409.692s][info][gc,heap        ] GC(701) DefNew: 560485K(629120K)->1255K(629120K) Eden: 559232K(559232K)->0K(559232K) From: 1253K(69888K)->1255K(69888K)
[409.692s][info][gc,heap        ] GC(701) Tenured: 7480K(1398144K)->7563K(1398144K)
[409.692s][info][gc,metaspace   ] GC(701) Metaspace: 14315K(15168K)->14315K(15168K) NonClass: 12372K(12864K)->12372K(12864K) Class: 1943K(2304K)->1943K(2304K)
[409.692s][info][gc             ] GC(701) Pause Young (Allocation Failure) 554M->8M(1979M) 54.471ms
[409.692s][info][gc,cpu         ] GC(701) User=0.06s Sys=0.00s Real=0.06s
[410.208s][info][gc,start       ] GC(702) Pause Young (Allocation Failure)
[410.264s][info][gc,heap        ] GC(702) DefNew: 560404K(629120K)->1247K(629120K) Eden: 559148K(559232K)->0K(559232K) From: 1255K(69888K)->1247K(69888K)
[410.264s][info][gc,heap        ] GC(702) Tenured: 7563K(1398144K)->7648K(1398144K)
[410.264s][info][gc,metaspace   ] GC(702) Metaspace: 14315K(15168K)->14315K(15168K) NonClass: 12372K(12864K)->12372K(12864K) Class: 1943K(2304K)->1943K(2304K)
[410.264s][info][gc             ] GC(702) Pause Young (Allocation Failure) 554M->8M(1979M) 56.294ms
[410.264s][info][gc,cpu         ] GC(702) User=0.05s Sys=0.00s Real=0.05s
[410.787s][info][gc,start       ] GC(703) Pause Young (Allocation Failure)
[410.846s][info][gc,heap        ] GC(703) DefNew: 560479K(629120K)->1248K(629120K) Eden: 559232K(559232K)->0K(559232K) From: 1247K(69888K)->1248K(69888K)
[410.846s][info][gc,heap        ] GC(703) Tenured: 7648K(1398144K)->7732K(1398144K)
[410.846s][info][gc,metaspace   ] GC(703) Metaspace: 14315K(15168K)->14315K(15168K) NonClass: 12372K(12864K)->12372K(12864K) Class: 1943K(2304K)->1943K(2304K)
[410.846s][info][gc             ] GC(703) Pause Young (Allocation Failure) 554M->8M(1979M) 59.037ms
[410.846s][info][gc,cpu         ] GC(703) User=0.05s Sys=0.00s Real=0.04s
[411.359s][info][gc,start       ] GC(704) Pause Young (Allocation Failure)
[411.419s][info][gc,heap        ] GC(704) DefNew: 560480K(629120K)->1241K(629120K) Eden: 559232K(559232K)->0K(559232K) From: 1248K(69888K)->1241K(69888K)
[411.419s][info][gc,heap        ] GC(704) Tenured: 7732K(1398144K)->7818K(1398144K)
[411.419s][info][gc,metaspace   ] GC(704) Metaspace: 14315K(15168K)->14315K(15168K) NonClass: 12372K(12864K)->12372K(12864K) Class: 1943K(2304K)->1943K(2304K)
[411.419s][info][gc             ] GC(704) Pause Young (Allocation Failure) 554M->8M(1979M) 60.029ms
[411.419s][info][gc,cpu         ] GC(704) User=0.05s Sys=0.00s Real=0.05s
[411.870s][info][gc,start       ] GC(705) Pause Young (Allocation Failure)
[411.937s][info][gc,heap        ] GC(705) DefNew: 560473K(629120K)->1230K(629120K) Eden: 559232K(559232K)->0K(559232K) From: 1241K(69888K)->1230K(69888K)
[411.937s][info][gc,heap        ] GC(705) Tenured: 7818K(1398144K)->7898K(1398144K)
[411.937s][info][gc,metaspace   ] GC(705) Metaspace: 14315K(15168K)->14315K(15168K) NonClass: 12372K(12864K)->12372K(12864K) Class: 1943K(2304K)->1943K(2304K)
[411.937s][info][gc             ] GC(705) Pause Young (Allocation Failure) 554M->8M(1979M) 67.331ms
[411.937s][info][gc,cpu         ] GC(705) User=0.06s Sys=0.00s Real=0.05s
[412.292s][info][gc,start       ] GC(706) Pause Full (System.gc())
[412.292s][info][gc,phases,start] GC(706) Phase 1: Mark live objects
[412.351s][info][gc,phases      ] GC(706) Phase 1: Mark live objects 59.033ms
[412.351s][info][gc,phases,start] GC(706) Phase 2: Compute new object addresses
[412.451s][info][gc,phases      ] GC(706) Phase 2: Compute new object addresses 99.528ms
[412.451s][info][gc,phases,start] GC(706) Phase 3: Adjust pointers
[412.478s][info][gc,phases      ] GC(706) Phase 3: Adjust pointers 27.026ms
[412.478s][info][gc,phases,start] GC(706) Phase 4: Move objects
[412.478s][info][gc,phases      ] GC(706) Phase 4: Move objects 0.012ms
[412.478s][info][gc,heap        ] GC(706) DefNew: 424593K(629120K)->0K(629120K) Eden: 423363K(559232K)->0K(559232K) From: 1230K(69888K)->0K(69888K)
[412.478s][info][gc,heap        ] GC(706) Tenured: 7898K(1398144K)->7898K(1398144K)
[412.478s][info][gc,metaspace   ] GC(706) Metaspace: 14315K(15168K)->14315K(15168K) NonClass: 12372K(12864K)->12372K(12864K) Class: 1943K(2304K)->1943K(2304K)
[412.478s][info][gc             ] GC(706) Pause Full (System.gc()) 422M->7M(1979M) 186.028ms
[412.478s][info][gc,cpu         ] GC(706) User=0.17s Sys=0.00s Real=0.17s
[412.971s][info][gc,start       ] GC(707) Pause Young (Allocation Failure)
[413.025s][info][gc,heap        ] GC(707) DefNew: 559232K(629120K)->1536K(629120K) Eden: 559232K(559232K)->0K(559232K) From: 0K(69888K)->1536K(69888K)
[413.025s][info][gc,heap        ] GC(707) Tenured: 7898K(1398144K)->7898K(1398144K)
[413.025s][info][gc,metaspace   ] GC(707) Metaspace: 14315K(15168K)->14315K(15168K) NonClass: 12372K(12864K)->12372K(12864K) Class: 1943K(2304K)->1943K(2304K)
[413.025s][info][gc             ] GC(707) Pause Young (Allocation Failure) 553M->9M(1979M) 54.727ms
[413.025s][info][gc,cpu         ] GC(707) User=0.05s Sys=0.00s Real=0.05s
[413.533s][info][gc,start       ] GC(708) Pause Young (Allocation Failure)
[413.588s][info][gc,heap        ] GC(708) DefNew: 560768K(629120K)->1616K(629120K) Eden: 559232K(559232K)->0K(559232K) From: 1536K(69888K)->1616K(69888K)
[413.588s][info][gc,heap        ] GC(708) Tenured: 7898K(1398144K)->7898K(1398144K)
[413.588s][info][gc,metaspace   ] GC(708) Metaspace: 14315K(15168K)->14315K(15168K) NonClass: 12372K(12864K)->12372K(12864K) Class: 1943K(2304K)->1943K(2304K)
[413.588s][info][gc             ] GC(708) Pause Young (Allocation Failure) 555M->9M(1979M) 54.541ms
[413.588s][info][gc,cpu         ] GC(708) User=0.05s Sys=0.00s Real=0.05s
[414.147s][info][gc,start       ] GC(709) Pause Young (Allocation Failure)
[414.205s][info][gc,heap        ] GC(709) DefNew: 560848K(629120K)->1705K(629120K) Eden: 559232K(559232K)->0K(559232K) From: 1616K(69888K)->1705K(69888K)
[414.205s][info][gc,heap        ] GC(709) Tenured: 7898K(1398144K)->7898K(1398144K)
[414.205s][info][gc,metaspace   ] GC(709) Metaspace: 14315K(15168K)->14315K(15168K) NonClass: 12372K(12864K)->12372K(12864K) Class: 1943K(2304K)->1943K(2304K)
[414.205s][info][gc             ] GC(709) Pause Young (Allocation Failure) 555M->9M(1979M) 58.194ms
[414.205s][info][gc,cpu         ] GC(709) User=0.05s Sys=0.00s Real=0.04s
[414.729s][info][gc,start       ] GC(710) Pause Young (Allocation Failure)
[414.787s][info][gc,heap        ] GC(710) DefNew: 560937K(629120K)->1785K(629120K) Eden: 559232K(559232K)->0K(559232K) From: 1705K(69888K)->1785K(69888K)
[414.787s][info][gc,heap        ] GC(710) Tenured: 7898K(1398144K)->7898K(1398144K)
[414.787s][info][gc,metaspace   ] GC(710) Metaspace: 14315K(15168K)->14315K(15168K) NonClass: 12372K(12864K)->12372K(12864K) Class: 1943K(2304K)->1943K(2304K)
[414.787s][info][gc             ] GC(710) Pause Young (Allocation Failure) 555M->9M(1979M) 58.298ms
[414.787s][info][gc,cpu         ] GC(710) User=0.06s Sys=0.00s Real=0.06s
[415.318s][info][gc,start       ] GC(711) Pause Young (Allocation Failure)
[415.366s][info][gc,heap        ] GC(711) DefNew: 561017K(629120K)->1866K(629120K) Eden: 559232K(559232K)->0K(559232K) From: 1785K(69888K)->1866K(69888K)
[415.366s][info][gc,heap        ] GC(711) Tenured: 7898K(1398144K)->7898K(1398144K)
[415.366s][info][gc,metaspace   ] GC(711) Metaspace: 14315K(15168K)->14315K(15168K) NonClass: 12372K(12864K)->12372K(12864K) Class: 1943K(2304K)->1943K(2304K)
[415.366s][info][gc             ] GC(711) Pause Young (Allocation Failure) 555M->9M(1979M) 47.894ms
[415.366s][info][gc,cpu         ] GC(711) User=0.05s Sys=0.00s Real=0.05s
[415.898s][info][gc,start       ] GC(712) Pause Young (Allocation Failure)
[415.962s][info][gc,heap        ] GC(712) DefNew: 561098K(629120K)->1950K(629120K) Eden: 559232K(559232K)->0K(559232K) From: 1866K(69888K)->1950K(69888K)
[415.962s][info][gc,heap        ] GC(712) Tenured: 7898K(1398144K)->7898K(1398144K)
[415.962s][info][gc,metaspace   ] GC(712) Metaspace: 14315K(15168K)->14315K(15168K) NonClass: 12372K(12864K)->12372K(12864K) Class: 1943K(2304K)->1943K(2304K)
[415.962s][info][gc             ] GC(712) Pause Young (Allocation Failure) 555M->9M(1979M) 64.310ms
[415.962s][info][gc,cpu         ] GC(712) User=0.06s Sys=0.00s Real=0.06s
[416.510s][info][gc,start       ] GC(713) Pause Young (Allocation Failure)
[416.573s][info][gc,heap        ] GC(713) DefNew: 561182K(629120K)->2033K(629120K) Eden: 559232K(559232K)->0K(559232K) From: 1950K(69888K)->2033K(69888K)
[416.573s][info][gc,heap        ] GC(713) Tenured: 7898K(1398144K)->7898K(1398144K)
[416.573s][info][gc,metaspace   ] GC(713) Metaspace: 14315K(15168K)->14315K(15168K) NonClass: 12372K(12864K)->12372K(12864K) Class: 1943K(2304K)->1943K(2304K)
[416.573s][info][gc             ] GC(713) Pause Young (Allocation Failure) 555M->9M(1979M) 63.138ms
[416.573s][info][gc,cpu         ] GC(713) User=0.06s Sys=0.00s Real=0.06s
[417.115s][info][gc,start       ] GC(714) Pause Young (Allocation Failure)
[417.172s][info][gc,heap        ] GC(714) DefNew: 561265K(629120K)->2120K(629120K) Eden: 559232K(559232K)->0K(559232K) From: 2033K(69888K)->2120K(69888K)
[417.173s][info][gc,heap        ] GC(714) Tenured: 7898K(1398144K)->7898K(1398144K)
[417.173s][info][gc,metaspace   ] GC(714) Metaspace: 14315K(15168K)->14315K(15168K) NonClass: 12372K(12864K)->12372K(12864K) Class: 1943K(2304K)->1943K(2304K)
[417.173s][info][gc             ] GC(714) Pause Young (Allocation Failure) 555M->9M(1979M) 57.493ms
[417.173s][info][gc,cpu         ] GC(714) User=0.05s Sys=0.00s Real=0.05s
[417.720s][info][gc,start       ] GC(715) Pause Young (Allocation Failure)
[417.775s][info][gc,heap        ] GC(715) DefNew: 561352K(629120K)->2203K(629120K) Eden: 559232K(559232K)->0K(559232K) From: 2120K(69888K)->2203K(69888K)
[417.775s][info][gc,heap        ] GC(715) Tenured: 7898K(1398144K)->7898K(1398144K)
[417.775s][info][gc,metaspace   ] GC(715) Metaspace: 14315K(15168K)->14315K(15168K) NonClass: 12372K(12864K)->12372K(12864K) Class: 1943K(2304K)->1943K(2304K)
[417.775s][info][gc             ] GC(715) Pause Young (Allocation Failure) 555M->9M(1979M) 55.435ms
[417.775s][info][gc,cpu         ] GC(715) User=0.05s Sys=0.00s Real=0.05s
[418.293s][info][gc,start       ] GC(716) Pause Young (Allocation Failure)
[418.352s][info][gc,heap        ] GC(716) DefNew: 561435K(629120K)->2284K(629120K) Eden: 559232K(559232K)->0K(559232K) From: 2203K(69888K)->2284K(69888K)
[418.353s][info][gc,heap        ] GC(716) Tenured: 7898K(1398144K)->7898K(1398144K)
[418.353s][info][gc,metaspace   ] GC(716) Metaspace: 14315K(15168K)->14315K(15168K) NonClass: 12372K(12864K)->12372K(12864K) Class: 1943K(2304K)->1943K(2304K)
[418.353s][info][gc             ] GC(716) Pause Young (Allocation Failure) 555M->9M(1979M) 59.307ms
[418.353s][info][gc,cpu         ] GC(716) User=0.06s Sys=0.00s Real=0.05s
[418.890s][info][gc,start       ] GC(717) Pause Young (Allocation Failure)
[418.952s][info][gc,heap        ] GC(717) DefNew: 561516K(629120K)->2367K(629120K) Eden: 559232K(559232K)->0K(559232K) From: 2284K(69888K)->2367K(69888K)
[418.952s][info][gc,heap        ] GC(717) Tenured: 7898K(1398144K)->7898K(1398144K)
[418.952s][info][gc,metaspace   ] GC(717) Metaspace: 14315K(15168K)->14315K(15168K) NonClass: 12372K(12864K)->12372K(12864K) Class: 1943K(2304K)->1943K(2304K)
[418.952s][info][gc             ] GC(717) Pause Young (Allocation Failure) 556M->10M(1979M) 62.043ms
[418.952s][info][gc,cpu         ] GC(717) User=0.05s Sys=0.00s Real=0.06s
[419.490s][info][gc,start       ] GC(718) Pause Young (Allocation Failure)
[419.552s][info][gc,heap        ] GC(718) DefNew: 561599K(629120K)->2453K(629120K) Eden: 559232K(559232K)->0K(559232K) From: 2367K(69888K)->2453K(69888K)
[419.552s][info][gc,heap        ] GC(718) Tenured: 7898K(1398144K)->7898K(1398144K)
[419.552s][info][gc,metaspace   ] GC(718) Metaspace: 14315K(15168K)->14315K(15168K) NonClass: 12372K(12864K)->12372K(12864K) Class: 1943K(2304K)->1943K(2304K)
[419.552s][info][gc             ] GC(718) Pause Young (Allocation Failure) 556M->10M(1979M) 62.749ms
[419.552s][info][gc,cpu         ] GC(718) User=0.05s Sys=0.00s Real=0.05s
[420.082s][info][gc,start       ] GC(719) Pause Young (Allocation Failure)
[420.147s][info][gc,heap        ] GC(719) DefNew: 561685K(629120K)->2532K(629120K) Eden: 559232K(559232K)->0K(559232K) From: 2453K(69888K)->2532K(69888K)
[420.147s][info][gc,heap        ] GC(719) Tenured: 7898K(1398144K)->7898K(1398144K)
[420.147s][info][gc,metaspace   ] GC(719) Metaspace: 14315K(15168K)->14315K(15168K) NonClass: 12372K(12864K)->12372K(12864K) Class: 1943K(2304K)->1943K(2304K)
[420.147s][info][gc             ] GC(719) Pause Young (Allocation Failure) 556M->10M(1979M) 64.422ms
[420.147s][info][gc,cpu         ] GC(719) User=0.06s Sys=0.00s Real=0.06s
[420.653s][info][gc,start       ] GC(720) Pause Young (Allocation Failure)
[420.713s][info][gc,heap        ] GC(720) DefNew: 561764K(629120K)->2613K(629120K) Eden: 559232K(559232K)->0K(559232K) From: 2532K(69888K)->2613K(69888K)
[420.713s][info][gc,heap        ] GC(720) Tenured: 7898K(1398144K)->7898K(1398144K)
[420.713s][info][gc,metaspace   ] GC(720) Metaspace: 14315K(15168K)->14315K(15168K) NonClass: 12372K(12864K)->12372K(12864K) Class: 1943K(2304K)->1943K(2304K)
[420.713s][info][gc             ] GC(720) Pause Young (Allocation Failure) 556M->10M(1979M) 59.990ms
[420.713s][info][gc,cpu         ] GC(720) User=0.05s Sys=0.00s Real=0.05s
[421.270s][info][gc,start       ] GC(721) Pause Young (Allocation Failure)
[421.324s][info][gc,heap        ] GC(721) DefNew: 561845K(629120K)->2699K(629120K) Eden: 559232K(559232K)->0K(559232K) From: 2613K(69888K)->2699K(69888K)
[421.324s][info][gc,heap        ] GC(721) Tenured: 7898K(1398144K)->7898K(1398144K)
[421.324s][info][gc,metaspace   ] GC(721) Metaspace: 14315K(15168K)->14315K(15168K) NonClass: 12372K(12864K)->12372K(12864K) Class: 1943K(2304K)->1943K(2304K)
[421.324s][info][gc             ] GC(721) Pause Young (Allocation Failure) 556M->10M(1979M) 54.296ms
[421.324s][info][gc,cpu         ] GC(721) User=0.05s Sys=0.00s Real=0.05s
[421.865s][info][gc,start       ] GC(722) Pause Young (Allocation Failure)
[421.925s][info][gc,heap        ] GC(722) DefNew: 561931K(629120K)->1253K(629120K) Eden: 559232K(559232K)->0K(559232K) From: 2699K(69888K)->1253K(69888K)
[421.925s][info][gc,heap        ] GC(722) Tenured: 7898K(1398144K)->9426K(1398144K)
[421.925s][info][gc,metaspace   ] GC(722) Metaspace: 14315K(15168K)->14315K(15168K) NonClass: 12372K(12864K)->12372K(12864K) Class: 1943K(2304K)->1943K(2304K)
[421.925s][info][gc             ] GC(722) Pause Young (Allocation Failure) 556M->10M(1979M) 59.720ms
[421.925s][info][gc,cpu         ] GC(722) User=0.06s Sys=0.00s Real=0.06s
[422.454s][info][gc,start       ] GC(723) Pause Young (Allocation Failure)
[422.514s][info][gc,heap        ] GC(723) DefNew: 560485K(629120K)->1255K(629120K) Eden: 559232K(559232K)->0K(559232K) From: 1253K(69888K)->1255K(69888K)
[422.514s][info][gc,heap        ] GC(723) Tenured: 9426K(1398144K)->9506K(1398144K)
[422.514s][info][gc,metaspace   ] GC(723) Metaspace: 14315K(15168K)->14315K(15168K) NonClass: 12372K(12864K)->12372K(12864K) Class: 1943K(2304K)->1943K(2304K)
[422.514s][info][gc             ] GC(723) Pause Young (Allocation Failure) 556M->10M(1979M) 60.089ms
[422.514s][info][gc,cpu         ] GC(723) User=0.05s Sys=0.00s Real=0.05s
[423.045s][info][gc,start       ] GC(724) Pause Young (Allocation Failure)
[423.107s][info][gc,heap        ] GC(724) DefNew: 560487K(629120K)->1248K(629120K) Eden: 559232K(559232K)->0K(559232K) From: 1255K(69888K)->1248K(69888K)
[423.107s][info][gc,heap        ] GC(724) Tenured: 9506K(1398144K)->9595K(1398144K)
[423.107s][info][gc,metaspace   ] GC(724) Metaspace: 14315K(15168K)->14315K(15168K) NonClass: 12372K(12864K)->12372K(12864K) Class: 1943K(2304K)->1943K(2304K)
[423.107s][info][gc             ] GC(724) Pause Young (Allocation Failure) 556M->10M(1979M) 62.099ms
[423.107s][info][gc,cpu         ] GC(724) User=0.06s Sys=0.00s Real=0.06s
[423.648s][info][gc,start       ] GC(725) Pause Young (Allocation Failure)
[423.705s][info][gc,heap        ] GC(725) DefNew: 560480K(629120K)->1254K(629120K) Eden: 559232K(559232K)->0K(559232K) From: 1248K(69888K)->1254K(69888K)
[423.705s][info][gc,heap        ] GC(725) Tenured: 9595K(1398144K)->9675K(1398144K)
[423.705s][info][gc,metaspace   ] GC(725) Metaspace: 14315K(15168K)->14315K(15168K) NonClass: 12372K(12864K)->12372K(12864K) Class: 1943K(2304K)->1943K(2304K)
[423.705s][info][gc             ] GC(725) Pause Young (Allocation Failure) 556M->10M(1979M) 57.133ms
[423.705s][info][gc,cpu         ] GC(725) User=0.05s Sys=0.00s Real=0.05s
[424.251s][info][gc,start       ] GC(726) Pause Young (Allocation Failure)
[424.303s][info][gc,heap        ] GC(726) DefNew: 560486K(629120K)->1256K(629120K) Eden: 559232K(559232K)->0K(559232K) From: 1254K(69888K)->1256K(69888K)
[424.303s][info][gc,heap        ] GC(726) Tenured: 9675K(1398144K)->9756K(1398144K)
[424.303s][info][gc,metaspace   ] GC(726) Metaspace: 14315K(15168K)->14315K(15168K) NonClass: 12372K(12864K)->12372K(12864K) Class: 1943K(2304K)->1943K(2304K)
[424.303s][info][gc             ] GC(726) Pause Young (Allocation Failure) 556M->10M(1979M) 52.222ms
[424.303s][info][gc,cpu         ] GC(726) User=0.05s Sys=0.00s Real=0.05s
[424.831s][info][gc,start       ] GC(727) Pause Young (Allocation Failure)
[424.889s][info][gc,heap        ] GC(727) DefNew: 560488K(629120K)->1257K(629120K) Eden: 559232K(559232K)->0K(559232K) From: 1256K(69888K)->1257K(69888K)
[424.889s][info][gc,heap        ] GC(727) Tenured: 9756K(1398144K)->9839K(1398144K)
[424.889s][info][gc,metaspace   ] GC(727) Metaspace: 14315K(15168K)->14315K(15168K) NonClass: 12372K(12864K)->12372K(12864K) Class: 1943K(2304K)->1943K(2304K)
[424.889s][info][gc             ] GC(727) Pause Young (Allocation Failure) 556M->10M(1979M) 57.976ms
[424.889s][info][gc,cpu         ] GC(727) User=0.06s Sys=0.02s Real=0.06s
[425.414s][info][gc,start       ] GC(728) Pause Young (Allocation Failure)
[425.474s][info][gc,heap        ] GC(728) DefNew: 560489K(629120K)->1255K(629120K) Eden: 559232K(559232K)->0K(559232K) From: 1257K(69888K)->1255K(69888K)
[425.474s][info][gc,heap        ] GC(728) Tenured: 9839K(1398144K)->9922K(1398144K)
[425.474s][info][gc,metaspace   ] GC(728) Metaspace: 14315K(15168K)->14315K(15168K) NonClass: 12372K(12864K)->12372K(12864K) Class: 1943K(2304K)->1943K(2304K)
[425.474s][info][gc             ] GC(728) Pause Young (Allocation Failure) 556M->10M(1979M) 59.638ms
[425.474s][info][gc,cpu         ] GC(728) User=0.06s Sys=0.00s Real=0.06s
[426.001s][info][gc,start       ] GC(729) Pause Young (Allocation Failure)
[426.062s][info][gc,heap        ] GC(729) DefNew: 560487K(629120K)->1251K(629120K) Eden: 559232K(559232K)->0K(559232K) From: 1255K(69888K)->1251K(69888K)
[426.062s][info][gc,heap        ] GC(729) Tenured: 9922K(1398144K)->10008K(1398144K)
[426.062s][info][gc,metaspace   ] GC(729) Metaspace: 14315K(15168K)->14315K(15168K) NonClass: 12372K(12864K)->12372K(12864K) Class: 1943K(2304K)->1943K(2304K)
[426.062s][info][gc             ] GC(729) Pause Young (Allocation Failure) 557M->10M(1979M) 61.097ms
[426.062s][info][gc,cpu         ] GC(729) User=0.05s Sys=0.00s Real=0.06s
[426.586s][info][gc,start       ] GC(730) Pause Young (Allocation Failure)
[426.649s][info][gc,heap        ] GC(730) DefNew: 560483K(629120K)->1247K(629120K) Eden: 559232K(559232K)->0K(559232K) From: 1251K(69888K)->1247K(69888K)
[426.649s][info][gc,heap        ] GC(730) Tenured: 10008K(1398144K)->10091K(1398144K)
[426.649s][info][gc,metaspace   ] GC(730) Metaspace: 14315K(15168K)->14315K(15168K) NonClass: 12372K(12864K)->12372K(12864K) Class: 1943K(2304K)->1943K(2304K)
[426.649s][info][gc             ] GC(730) Pause Young (Allocation Failure) 557M->11M(1979M) 62.401ms
[426.649s][info][gc,cpu         ] GC(730) User=0.06s Sys=0.00s Real=0.05s
[427.272s][info][gc,start       ] GC(731) Pause Young (Allocation Failure)
[427.337s][info][gc,heap        ] GC(731) DefNew: 560479K(629120K)->1250K(629120K) Eden: 559232K(559232K)->0K(559232K) From: 1247K(69888K)->1250K(69888K)
[427.337s][info][gc,heap        ] GC(731) Tenured: 10091K(1398144K)->10172K(1398144K)
[427.337s][info][gc,metaspace   ] GC(731) Metaspace: 14315K(15168K)->14315K(15168K) NonClass: 12372K(12864K)->12372K(12864K) Class: 1943K(2304K)->1943K(2304K)
[427.337s][info][gc             ] GC(731) Pause Young (Allocation Failure) 557M->11M(1979M) 65.433ms
[427.337s][info][gc,cpu         ] GC(731) User=0.06s Sys=0.00s Real=0.07s
[427.884s][info][gc,start       ] GC(732) Pause Young (Allocation Failure)
[427.939s][info][gc,heap        ] GC(732) DefNew: 560482K(629120K)->1250K(629120K) Eden: 559232K(559232K)->0K(559232K) From: 1250K(69888K)->1250K(69888K)
[427.939s][info][gc,heap        ] GC(732) Tenured: 10172K(1398144K)->10255K(1398144K)
[427.939s][info][gc,metaspace   ] GC(732) Metaspace: 14315K(15168K)->14315K(15168K) NonClass: 12372K(12864K)->12372K(12864K) Class: 1943K(2304K)->1943K(2304K)
[427.939s][info][gc             ] GC(732) Pause Young (Allocation Failure) 557M->11M(1979M) 54.729ms
[427.939s][info][gc,cpu         ] GC(732) User=0.06s Sys=0.00s Real=0.06s
[428.475s][info][gc,start       ] GC(733) Pause Young (Allocation Failure)
[428.532s][info][gc,heap        ] GC(733) DefNew: 560482K(629120K)->1247K(629120K) Eden: 559232K(559232K)->0K(559232K) From: 1250K(69888K)->1247K(69888K)
[428.532s][info][gc,heap        ] GC(733) Tenured: 10255K(1398144K)->10341K(1398144K)
[428.532s][info][gc,metaspace   ] GC(733) Metaspace: 14315K(15168K)->14315K(15168K) NonClass: 12372K(12864K)->12372K(12864K) Class: 1943K(2304K)->1943K(2304K)
[428.532s][info][gc             ] GC(733) Pause Young (Allocation Failure) 557M->11M(1979M) 57.407ms
[428.532s][info][gc,cpu         ] GC(733) User=0.06s Sys=0.00s Real=0.06s
[429.032s][info][gc,start       ] GC(734) Pause Young (Allocation Failure)
[429.093s][info][gc,heap        ] GC(734) DefNew: 560479K(629120K)->1244K(629120K) Eden: 559232K(559232K)->0K(559232K) From: 1247K(69888K)->1244K(69888K)
[429.093s][info][gc,heap        ] GC(734) Tenured: 10341K(1398144K)->10421K(1398144K)
[429.093s][info][gc,metaspace   ] GC(734) Metaspace: 14315K(15168K)->14315K(15168K) NonClass: 12372K(12864K)->12372K(12864K) Class: 1943K(2304K)->1943K(2304K)
[429.093s][info][gc             ] GC(734) Pause Young (Allocation Failure) 557M->11M(1979M) 61.617ms
[429.093s][info][gc,cpu         ] GC(734) User=0.05s Sys=0.00s Real=0.05s
[429.431s][info][gc,start       ] GC(735) Pause Full (System.gc())
[429.431s][info][gc,phases,start] GC(735) Phase 1: Mark live objects
[429.489s][info][gc,phases      ] GC(735) Phase 1: Mark live objects 57.876ms
[429.489s][info][gc,phases,start] GC(735) Phase 2: Compute new object addresses
[429.593s][info][gc,phases      ] GC(735) Phase 2: Compute new object addresses 103.990ms
[429.593s][info][gc,phases,start] GC(735) Phase 3: Adjust pointers
[429.618s][info][gc,phases      ] GC(735) Phase 3: Adjust pointers 24.966ms
[429.618s][info][gc,phases,start] GC(735) Phase 4: Move objects
[429.618s][info][gc,phases      ] GC(735) Phase 4: Move objects 0.013ms
[429.618s][info][gc,heap        ] GC(735) DefNew: 410002K(629120K)->0K(629120K) Eden: 408758K(559232K)->0K(559232K) From: 1244K(69888K)->0K(69888K)
[429.618s][info][gc,heap        ] GC(735) Tenured: 10421K(1398144K)->10421K(1398144K)
[429.618s][info][gc,metaspace   ] GC(735) Metaspace: 14315K(15168K)->14315K(15168K) NonClass: 12372K(12864K)->12372K(12864K) Class: 1943K(2304K)->1943K(2304K)
[429.619s][info][gc             ] GC(735) Pause Full (System.gc()) 410M->10M(1979M) 187.245ms
[429.619s][info][gc,cpu         ] GC(735) User=0.19s Sys=0.00s Real=0.19s
[430.102s][info][gc,start       ] GC(736) Pause Young (Allocation Failure)
[430.160s][info][gc,heap        ] GC(736) DefNew: 559232K(629120K)->1536K(629120K) Eden: 559232K(559232K)->0K(559232K) From: 0K(69888K)->1536K(69888K)
[430.160s][info][gc,heap        ] GC(736) Tenured: 10421K(1398144K)->10421K(1398144K)
[430.160s][info][gc,metaspace   ] GC(736) Metaspace: 14316K(15168K)->14316K(15168K) NonClass: 12372K(12864K)->12372K(12864K) Class: 1943K(2304K)->1943K(2304K)
[430.160s][info][gc             ] GC(736) Pause Young (Allocation Failure) 556M->11M(1979M) 58.824ms
[430.160s][info][gc,cpu         ] GC(736) User=0.06s Sys=0.00s Real=0.06s
[430.684s][info][gc,start       ] GC(737) Pause Young (Allocation Failure)
[430.745s][info][gc,heap        ] GC(737) DefNew: 560768K(629120K)->1619K(629120K) Eden: 559232K(559232K)->0K(559232K) From: 1536K(69888K)->1619K(69888K)
[430.745s][info][gc,heap        ] GC(737) Tenured: 10421K(1398144K)->10421K(1398144K)
[430.745s][info][gc,metaspace   ] GC(737) Metaspace: 14316K(15168K)->14316K(15168K) NonClass: 12372K(12864K)->12372K(12864K) Class: 1943K(2304K)->1943K(2304K)
[430.745s][info][gc             ] GC(737) Pause Young (Allocation Failure) 557M->11M(1979M) 60.974ms
[430.745s][info][gc,cpu         ] GC(737) User=0.05s Sys=0.00s Real=0.05s
[431.283s][info][gc,start       ] GC(738) Pause Young (Allocation Failure)
[431.331s][info][gc,heap        ] GC(738) DefNew: 560851K(629120K)->1700K(629120K) Eden: 559232K(559232K)->0K(559232K) From: 1619K(69888K)->1700K(69888K)
[431.331s][info][gc,heap        ] GC(738) Tenured: 10421K(1398144K)->10421K(1398144K)
[431.331s][info][gc,metaspace   ] GC(738) Metaspace: 14316K(15168K)->14316K(15168K) NonClass: 12372K(12864K)->12372K(12864K) Class: 1943K(2304K)->1943K(2304K)
[431.331s][info][gc             ] GC(738) Pause Young (Allocation Failure) 557M->11M(1979M) 48.104ms
[431.331s][info][gc,cpu         ] GC(738) User=0.03s Sys=0.00s Real=0.04s
[431.893s][info][gc,start       ] GC(739) Pause Young (Allocation Failure)
[431.938s][info][gc,heap        ] GC(739) DefNew: 560932K(629120K)->1785K(629120K) Eden: 559232K(559232K)->0K(559232K) From: 1700K(69888K)->1785K(69888K)
[431.939s][info][gc,heap        ] GC(739) Tenured: 10421K(1398144K)->10421K(1398144K)
[431.939s][info][gc,metaspace   ] GC(739) Metaspace: 14316K(15168K)->14316K(15168K) NonClass: 12372K(12864K)->12372K(12864K) Class: 1943K(2304K)->1943K(2304K)
[431.939s][info][gc             ] GC(739) Pause Young (Allocation Failure) 557M->11M(1979M) 45.071ms
[431.939s][info][gc,cpu         ] GC(739) User=0.03s Sys=0.00s Real=0.04s
[432.474s][info][gc,start       ] GC(740) Pause Young (Allocation Failure)
[432.519s][info][gc,heap        ] GC(740) DefNew: 561017K(629120K)->1867K(629120K) Eden: 559232K(559232K)->0K(559232K) From: 1785K(69888K)->1867K(69888K)
[432.519s][info][gc,heap        ] GC(740) Tenured: 10421K(1398144K)->10421K(1398144K)
[432.519s][info][gc,metaspace   ] GC(740) Metaspace: 14316K(15168K)->14316K(15168K) NonClass: 12372K(12864K)->12372K(12864K) Class: 1943K(2304K)->1943K(2304K)
[432.520s][info][gc             ] GC(740) Pause Young (Allocation Failure) 558M->12M(1979M) 45.788ms
[432.520s][info][gc,cpu         ] GC(740) User=0.03s Sys=0.00s Real=0.03s
[433.068s][info][gc,start       ] GC(741) Pause Young (Allocation Failure)
[433.114s][info][gc,heap        ] GC(741) DefNew: 561099K(629120K)->1955K(629120K) Eden: 559232K(559232K)->0K(559232K) From: 1867K(69888K)->1955K(69888K)
[433.114s][info][gc,heap        ] GC(741) Tenured: 10421K(1398144K)->10421K(1398144K)
[433.114s][info][gc,metaspace   ] GC(741) Metaspace: 14316K(15168K)->14316K(15168K) NonClass: 12372K(12864K)->12372K(12864K) Class: 1943K(2304K)->1943K(2304K)
[433.114s][info][gc             ] GC(741) Pause Young (Allocation Failure) 558M->12M(1979M) 46.441ms
[433.114s][info][gc,cpu         ] GC(741) User=0.05s Sys=0.00s Real=0.05s
[433.663s][info][gc,start       ] GC(742) Pause Young (Allocation Failure)
[433.725s][info][gc,heap        ] GC(742) DefNew: 561187K(629120K)->2043K(629120K) Eden: 559232K(559232K)->0K(559232K) From: 1955K(69888K)->2043K(69888K)
[433.725s][info][gc,heap        ] GC(742) Tenured: 10421K(1398144K)->10421K(1398144K)
[433.725s][info][gc,metaspace   ] GC(742) Metaspace: 14316K(15168K)->14316K(15168K) NonClass: 12372K(12864K)->12372K(12864K) Class: 1943K(2304K)->1943K(2304K)
[433.725s][info][gc             ] GC(742) Pause Young (Allocation Failure) 558M->12M(1979M) 62.307ms
[433.726s][info][gc,cpu         ] GC(742) User=0.06s Sys=0.00s Real=0.06s
[434.238s][info][gc,start       ] GC(743) Pause Young (Allocation Failure)
[434.299s][info][gc,heap        ] GC(743) DefNew: 561275K(629120K)->2120K(629120K) Eden: 559232K(559232K)->0K(559232K) From: 2043K(69888K)->2120K(69888K)
[434.299s][info][gc,heap        ] GC(743) Tenured: 10421K(1398144K)->10421K(1398144K)
[434.299s][info][gc,metaspace   ] GC(743) Metaspace: 14316K(15168K)->14316K(15168K) NonClass: 12372K(12864K)->12372K(12864K) Class: 1943K(2304K)->1943K(2304K)
[434.299s][info][gc             ] GC(743) Pause Young (Allocation Failure) 558M->12M(1979M) 60.833ms
[434.299s][info][gc,cpu         ] GC(743) User=0.05s Sys=0.00s Real=0.05s
[434.838s][info][gc,start       ] GC(744) Pause Young (Allocation Failure)
[434.887s][info][gc,heap        ] GC(744) DefNew: 561352K(629120K)->2200K(629120K) Eden: 559232K(559232K)->0K(559232K) From: 2120K(69888K)->2200K(69888K)
[434.887s][info][gc,heap        ] GC(744) Tenured: 10421K(1398144K)->10421K(1398144K)
[434.887s][info][gc,metaspace   ] GC(744) Metaspace: 14316K(15168K)->14316K(15168K) NonClass: 12372K(12864K)->12372K(12864K) Class: 1943K(2304K)->1943K(2304K)
[434.887s][info][gc             ] GC(744) Pause Young (Allocation Failure) 558M->12M(1979M) 48.742ms
[434.887s][info][gc,cpu         ] GC(744) User=0.05s Sys=0.00s Real=0.05s
[435.436s][info][gc,start       ] GC(745) Pause Young (Allocation Failure)
[435.485s][info][gc,heap        ] GC(745) DefNew: 561432K(629120K)->2286K(629120K) Eden: 559232K(559232K)->0K(559232K) From: 2200K(69888K)->2286K(69888K)
[435.485s][info][gc,heap        ] GC(745) Tenured: 10421K(1398144K)->10421K(1398144K)
[435.485s][info][gc,metaspace   ] GC(745) Metaspace: 14316K(15168K)->14316K(15168K) NonClass: 12372K(12864K)->12372K(12864K) Class: 1943K(2304K)->1943K(2304K)
[435.485s][info][gc             ] GC(745) Pause Young (Allocation Failure) 558M->12M(1979M) 49.020ms
[435.485s][info][gc,cpu         ] GC(745) User=0.05s Sys=0.02s Real=0.05s
[436.049s][info][gc,start       ] GC(746) Pause Young (Allocation Failure)
[436.106s][info][gc,heap        ] GC(746) DefNew: 561518K(629120K)->2372K(629120K) Eden: 559232K(559232K)->0K(559232K) From: 2286K(69888K)->2372K(69888K)
[436.106s][info][gc,heap        ] GC(746) Tenured: 10421K(1398144K)->10421K(1398144K)
[436.106s][info][gc,metaspace   ] GC(746) Metaspace: 14316K(15168K)->14316K(15168K) NonClass: 12372K(12864K)->12372K(12864K) Class: 1943K(2304K)->1943K(2304K)
[436.106s][info][gc             ] GC(746) Pause Young (Allocation Failure) 558M->12M(1979M) 57.856ms
[436.106s][info][gc,cpu         ] GC(746) User=0.05s Sys=0.00s Real=0.06s
[436.640s][info][gc,start       ] GC(747) Pause Young (Allocation Failure)
[436.698s][info][gc,heap        ] GC(747) DefNew: 561604K(629120K)->2458K(629120K) Eden: 559232K(559232K)->0K(559232K) From: 2372K(69888K)->2458K(69888K)
[436.698s][info][gc,heap        ] GC(747) Tenured: 10421K(1398144K)->10421K(1398144K)
[436.698s][info][gc,metaspace   ] GC(747) Metaspace: 14316K(15168K)->14316K(15168K) NonClass: 12372K(12864K)->12372K(12864K) Class: 1943K(2304K)->1943K(2304K)
[436.698s][info][gc             ] GC(747) Pause Young (Allocation Failure) 558M->12M(1979M) 57.891ms
[436.698s][info][gc,cpu         ] GC(747) User=0.05s Sys=0.00s Real=0.06s
[437.235s][info][gc,start       ] GC(748) Pause Young (Allocation Failure)
[437.283s][info][gc,heap        ] GC(748) DefNew: 561690K(629120K)->2540K(629120K) Eden: 559232K(559232K)->0K(559232K) From: 2458K(69888K)->2540K(69888K)
[437.283s][info][gc,heap        ] GC(748) Tenured: 10421K(1398144K)->10421K(1398144K)
[437.283s][info][gc,metaspace   ] GC(748) Metaspace: 14316K(15168K)->14316K(15168K) NonClass: 12372K(12864K)->12372K(12864K) Class: 1943K(2304K)->1943K(2304K)
[437.283s][info][gc             ] GC(748) Pause Young (Allocation Failure) 558M->12M(1979M) 48.297ms
[437.283s][info][gc,cpu         ] GC(748) User=0.03s Sys=0.00s Real=0.03s
[437.817s][info][gc,start       ] GC(749) Pause Young (Allocation Failure)
[437.868s][info][gc,heap        ] GC(749) DefNew: 561772K(629120K)->2628K(629120K) Eden: 559232K(559232K)->0K(559232K) From: 2540K(69888K)->2628K(69888K)
[437.868s][info][gc,heap        ] GC(749) Tenured: 10421K(1398144K)->10421K(1398144K)
[437.868s][info][gc,metaspace   ] GC(749) Metaspace: 14316K(15168K)->14316K(15168K) NonClass: 12372K(12864K)->12372K(12864K) Class: 1943K(2304K)->1943K(2304K)
[437.868s][info][gc             ] GC(749) Pause Young (Allocation Failure) 558M->12M(1979M) 50.922ms
[437.868s][info][gc,cpu         ] GC(749) User=0.05s Sys=0.00s Real=0.05s
[438.403s][info][gc,start       ] GC(750) Pause Young (Allocation Failure)
[438.451s][info][gc,heap        ] GC(750) DefNew: 561860K(629120K)->2710K(629120K) Eden: 559232K(559232K)->0K(559232K) From: 2628K(69888K)->2710K(69888K)
[438.452s][info][gc,heap        ] GC(750) Tenured: 10421K(1398144K)->10421K(1398144K)
[438.452s][info][gc,metaspace   ] GC(750) Metaspace: 14316K(15168K)->14316K(15168K) NonClass: 12372K(12864K)->12372K(12864K) Class: 1943K(2304K)->1943K(2304K)
[438.452s][info][gc             ] GC(750) Pause Young (Allocation Failure) 558M->12M(1979M) 48.788ms
[438.452s][info][gc,cpu         ] GC(750) User=0.05s Sys=0.00s Real=0.05s
[438.975s][info][gc,start       ] GC(751) Pause Young (Allocation Failure)
[439.036s][info][gc,heap        ] GC(751) DefNew: 561942K(629120K)->1265K(629120K) Eden: 559232K(559232K)->0K(559232K) From: 2710K(69888K)->1265K(69888K)
[439.036s][info][gc,heap        ] GC(751) Tenured: 10421K(1398144K)->11949K(1398144K)
[439.036s][info][gc,metaspace   ] GC(751) Metaspace: 14316K(15168K)->14316K(15168K) NonClass: 12372K(12864K)->12372K(12864K) Class: 1943K(2304K)->1943K(2304K)
[439.036s][info][gc             ] GC(751) Pause Young (Allocation Failure) 558M->12M(1979M) 61.102ms
[439.036s][info][gc,cpu         ] GC(751) User=0.06s Sys=0.00s Real=0.06s
[439.581s][info][gc,start       ] GC(752) Pause Young (Allocation Failure)
[439.638s][info][gc,heap        ] GC(752) DefNew: 560497K(629120K)->1271K(629120K) Eden: 559232K(559232K)->0K(559232K) From: 1265K(69888K)->1271K(69888K)
[439.638s][info][gc,heap        ] GC(752) Tenured: 11949K(1398144K)->12030K(1398144K)
[439.638s][info][gc,metaspace   ] GC(752) Metaspace: 14316K(15168K)->14316K(15168K) NonClass: 12372K(12864K)->12372K(12864K) Class: 1943K(2304K)->1943K(2304K)
[439.638s][info][gc             ] GC(752) Pause Young (Allocation Failure) 559M->12M(1979M) 57.185ms
[439.638s][info][gc,cpu         ] GC(752) User=0.05s Sys=0.00s Real=0.05s
[440.166s][info][gc,start       ] GC(753) Pause Young (Allocation Failure)
[440.223s][info][gc,heap        ] GC(753) DefNew: 560503K(629120K)->1271K(629120K) Eden: 559232K(559232K)->0K(559232K) From: 1271K(69888K)->1271K(69888K)
[440.223s][info][gc,heap        ] GC(753) Tenured: 12030K(1398144K)->12112K(1398144K)
[440.223s][info][gc,metaspace   ] GC(753) Metaspace: 14316K(15168K)->14316K(15168K) NonClass: 12372K(12864K)->12372K(12864K) Class: 1943K(2304K)->1943K(2304K)
[440.223s][info][gc             ] GC(753) Pause Young (Allocation Failure) 559M->13M(1979M) 57.134ms
[440.223s][info][gc,cpu         ] GC(753) User=0.06s Sys=0.00s Real=0.06s
[440.758s][info][gc,start       ] GC(754) Pause Young (Allocation Failure)
[440.805s][info][gc,heap        ] GC(754) DefNew: 560503K(629120K)->1273K(629120K) Eden: 559232K(559232K)->0K(559232K) From: 1271K(69888K)->1273K(69888K)
[440.805s][info][gc,heap        ] GC(754) Tenured: 12112K(1398144K)->12198K(1398144K)
[440.805s][info][gc,metaspace   ] GC(754) Metaspace: 14316K(15168K)->14316K(15168K) NonClass: 12372K(12864K)->12372K(12864K) Class: 1943K(2304K)->1943K(2304K)
[440.805s][info][gc             ] GC(754) Pause Young (Allocation Failure) 559M->13M(1979M) 47.163ms
[440.805s][info][gc,cpu         ] GC(754) User=0.05s Sys=0.00s Real=0.05s
[441.335s][info][gc,start       ] GC(755) Pause Young (Allocation Failure)
[441.382s][info][gc,heap        ] GC(755) DefNew: 560505K(629120K)->1275K(629120K) Eden: 559232K(559232K)->0K(559232K) From: 1273K(69888K)->1275K(69888K)
[441.382s][info][gc,heap        ] GC(755) Tenured: 12198K(1398144K)->12280K(1398144K)
[441.383s][info][gc,metaspace   ] GC(755) Metaspace: 14316K(15168K)->14316K(15168K) NonClass: 12372K(12864K)->12372K(12864K) Class: 1943K(2304K)->1943K(2304K)
[441.383s][info][gc             ] GC(755) Pause Young (Allocation Failure) 559M->13M(1979M) 47.992ms
[441.383s][info][gc,cpu         ] GC(755) User=0.05s Sys=0.00s Real=0.05s
[441.912s][info][gc,start       ] GC(756) Pause Young (Allocation Failure)
[441.971s][info][gc,heap        ] GC(756) DefNew: 560507K(629120K)->1272K(629120K) Eden: 559232K(559232K)->0K(559232K) From: 1275K(69888K)->1272K(69888K)
[441.971s][info][gc,heap        ] GC(756) Tenured: 12280K(1398144K)->12366K(1398144K)
[441.971s][info][gc,metaspace   ] GC(756) Metaspace: 14316K(15168K)->14316K(15168K) NonClass: 12372K(12864K)->12372K(12864K) Class: 1943K(2304K)->1943K(2304K)
[441.971s][info][gc             ] GC(756) Pause Young (Allocation Failure) 559M->13M(1979M) 59.239ms
[441.971s][info][gc,cpu         ] GC(756) User=0.05s Sys=0.00s Real=0.04s
[442.521s][info][gc,start       ] GC(757) Pause Young (Allocation Failure)
[442.583s][info][gc,heap        ] GC(757) DefNew: 560504K(629120K)->1266K(629120K) Eden: 559232K(559232K)->0K(559232K) From: 1272K(69888K)->1266K(69888K)
[442.583s][info][gc,heap        ] GC(757) Tenured: 12366K(1398144K)->12455K(1398144K)
[442.583s][info][gc,metaspace   ] GC(757) Metaspace: 14316K(15168K)->14316K(15168K) NonClass: 12372K(12864K)->12372K(12864K) Class: 1943K(2304K)->1943K(2304K)
[442.583s][info][gc             ] GC(757) Pause Young (Allocation Failure) 559M->13M(1979M) 61.961ms
[442.583s][info][gc,cpu         ] GC(757) User=0.05s Sys=0.00s Real=0.05s
[443.110s][info][gc,start       ] GC(758) Pause Young (Allocation Failure)
[443.155s][info][gc,heap        ] GC(758) DefNew: 560498K(629120K)->1272K(629120K) Eden: 559232K(559232K)->0K(559232K) From: 1266K(69888K)->1272K(69888K)
[443.155s][info][gc,heap        ] GC(758) Tenured: 12455K(1398144K)->12532K(1398144K)
[443.155s][info][gc,metaspace   ] GC(758) Metaspace: 14316K(15168K)->14316K(15168K) NonClass: 12372K(12864K)->12372K(12864K) Class: 1943K(2304K)->1943K(2304K)
[443.155s][info][gc             ] GC(758) Pause Young (Allocation Failure) 559M->13M(1979M) 44.889ms
[443.155s][info][gc,cpu         ] GC(758) User=0.03s Sys=0.00s Real=0.05s
[443.695s][info][gc,start       ] GC(759) Pause Young (Allocation Failure)
[443.739s][info][gc,heap        ] GC(759) DefNew: 560504K(629120K)->1278K(629120K) Eden: 559232K(559232K)->0K(559232K) From: 1272K(69888K)->1278K(69888K)
[443.739s][info][gc,heap        ] GC(759) Tenured: 12532K(1398144K)->12612K(1398144K)
[443.739s][info][gc,metaspace   ] GC(759) Metaspace: 14316K(15168K)->14316K(15168K) NonClass: 12372K(12864K)->12372K(12864K) Class: 1943K(2304K)->1943K(2304K)
[443.739s][info][gc             ] GC(759) Pause Young (Allocation Failure) 559M->13M(1979M) 43.946ms
[443.739s][info][gc,cpu         ] GC(759) User=0.03s Sys=0.00s Real=0.03s
[444.267s][info][gc,start       ] GC(760) Pause Young (Allocation Failure)
[444.313s][info][gc,heap        ] GC(760) DefNew: 560510K(629120K)->1275K(629120K) Eden: 559232K(559232K)->0K(559232K) From: 1278K(69888K)->1275K(69888K)
[444.313s][info][gc,heap        ] GC(760) Tenured: 12612K(1398144K)->12697K(1398144K)
[444.313s][info][gc,metaspace   ] GC(760) Metaspace: 14316K(15168K)->14316K(15168K) NonClass: 12372K(12864K)->12372K(12864K) Class: 1943K(2304K)->1943K(2304K)
[444.313s][info][gc             ] GC(760) Pause Young (Allocation Failure) 559M->13M(1979M) 45.821ms
[444.313s][info][gc,cpu         ] GC(760) User=0.03s Sys=0.00s Real=0.03s
[444.842s][info][gc,start       ] GC(761) Pause Young (Allocation Failure)
[444.904s][info][gc,heap        ] GC(761) DefNew: 560507K(629120K)->1270K(629120K) Eden: 559232K(559232K)->0K(559232K) From: 1275K(69888K)->1270K(69888K)
[444.904s][info][gc,heap        ] GC(761) Tenured: 12697K(1398144K)->12783K(1398144K)
[444.904s][info][gc,metaspace   ] GC(761) Metaspace: 14316K(15168K)->14316K(15168K) NonClass: 12372K(12864K)->12372K(12864K) Class: 1943K(2304K)->1943K(2304K)
[444.904s][info][gc             ] GC(761) Pause Young (Allocation Failure) 559M->13M(1979M) 62.089ms
[444.904s][info][gc,cpu         ] GC(761) User=0.06s Sys=0.00s Real=0.05s
[445.423s][info][gc,start       ] GC(762) Pause Young (Allocation Failure)
[445.488s][info][gc,heap        ] GC(762) DefNew: 560502K(629120K)->1263K(629120K) Eden: 559232K(559232K)->0K(559232K) From: 1270K(69888K)->1263K(69888K)
[445.488s][info][gc,heap        ] GC(762) Tenured: 12783K(1398144K)->12869K(1398144K)
[445.488s][info][gc,metaspace   ] GC(762) Metaspace: 14316K(15168K)->14316K(15168K) NonClass: 12372K(12864K)->12372K(12864K) Class: 1943K(2304K)->1943K(2304K)
[445.488s][info][gc             ] GC(762) Pause Young (Allocation Failure) 559M->13M(1979M) 64.742ms
[445.488s][info][gc,cpu         ] GC(762) User=0.06s Sys=0.00s Real=0.06s
[445.908s][info][gc,start       ] GC(763) Pause Young (Allocation Failure)
[445.971s][info][gc,heap        ] GC(763) DefNew: 560495K(629120K)->1246K(629120K) Eden: 559232K(559232K)->0K(559232K) From: 1263K(69888K)->1246K(69888K)
[445.971s][info][gc,heap        ] GC(763) Tenured: 12869K(1398144K)->12952K(1398144K)
[445.971s][info][gc,metaspace   ] GC(763) Metaspace: 14316K(15168K)->14316K(15168K) NonClass: 12372K(12864K)->12372K(12864K) Class: 1943K(2304K)->1943K(2304K)
[445.971s][info][gc             ] GC(763) Pause Young (Allocation Failure) 559M->13M(1979M) 63.793ms
[445.971s][info][gc,cpu         ] GC(763) User=0.06s Sys=0.00s Real=0.06s
[446.293s][info][gc,start       ] GC(764) Pause Full (System.gc())
[446.293s][info][gc,phases,start] GC(764) Phase 1: Mark live objects
[446.343s][info][gc,phases      ] GC(764) Phase 1: Mark live objects 49.147ms
[446.343s][info][gc,phases,start] GC(764) Phase 2: Compute new object addresses
[446.435s][info][gc,phases      ] GC(764) Phase 2: Compute new object addresses 92.464ms
[446.435s][info][gc,phases,start] GC(764) Phase 3: Adjust pointers
[446.458s][info][gc,phases      ] GC(764) Phase 3: Adjust pointers 23.362ms
[446.458s][info][gc,phases,start] GC(764) Phase 4: Move objects
[446.458s][info][gc,phases      ] GC(764) Phase 4: Move objects 0.013ms
[446.459s][info][gc,heap        ] GC(764) DefNew: 388037K(629120K)->0K(629120K) Eden: 386790K(559232K)->0K(559232K) From: 1246K(69888K)->0K(69888K)
[446.459s][info][gc,heap        ] GC(764) Tenured: 12952K(1398144K)->12953K(1398144K)
[446.459s][info][gc,metaspace   ] GC(764) Metaspace: 14316K(15168K)->14316K(15168K) NonClass: 12372K(12864K)->12372K(12864K) Class: 1943K(2304K)->1943K(2304K)
[446.459s][info][gc             ] GC(764) Pause Full (System.gc()) 391M->12M(1979M) 165.373ms
[446.459s][info][gc,cpu         ] GC(764) User=0.16s Sys=0.00s Real=0.16s
[446.942s][info][gc,start       ] GC(765) Pause Young (Allocation Failure)
[446.999s][info][gc,heap        ] GC(765) DefNew: 559232K(629120K)->1534K(629120K) Eden: 559232K(559232K)->0K(559232K) From: 0K(69888K)->1534K(69888K)
[446.999s][info][gc,heap        ] GC(765) Tenured: 12953K(1398144K)->12953K(1398144K)
[446.999s][info][gc,metaspace   ] GC(765) Metaspace: 14316K(15168K)->14316K(15168K) NonClass: 12372K(12864K)->12372K(12864K) Class: 1943K(2304K)->1943K(2304K)
[446.999s][info][gc             ] GC(765) Pause Young (Allocation Failure) 558M->14M(1979M) 56.748ms
[446.999s][info][gc,cpu         ] GC(765) User=0.05s Sys=0.00s Real=0.05s
[447.527s][info][gc,start       ] GC(766) Pause Young (Allocation Failure)
[447.585s][info][gc,heap        ] GC(766) DefNew: 560766K(629120K)->1620K(629120K) Eden: 559232K(559232K)->0K(559232K) From: 1534K(69888K)->1620K(69888K)
[447.585s][info][gc,heap        ] GC(766) Tenured: 12953K(1398144K)->12953K(1398144K)
[447.585s][info][gc,metaspace   ] GC(766) Metaspace: 14316K(15168K)->14316K(15168K) NonClass: 12372K(12864K)->12372K(12864K) Class: 1943K(2304K)->1943K(2304K)
[447.586s][info][gc             ] GC(766) Pause Young (Allocation Failure) 560M->14M(1979M) 58.117ms
[447.586s][info][gc,cpu         ] GC(766) User=0.06s Sys=0.00s Real=0.05s
[448.121s][info][gc,start       ] GC(767) Pause Young (Allocation Failure)
[448.182s][info][gc,heap        ] GC(767) DefNew: 560852K(629120K)->1703K(629120K) Eden: 559232K(559232K)->0K(559232K) From: 1620K(69888K)->1703K(69888K)
[448.182s][info][gc,heap        ] GC(767) Tenured: 12953K(1398144K)->12953K(1398144K)
[448.182s][info][gc,metaspace   ] GC(767) Metaspace: 14316K(15168K)->14316K(15168K) NonClass: 12372K(12864K)->12372K(12864K) Class: 1943K(2304K)->1943K(2304K)
[448.182s][info][gc             ] GC(767) Pause Young (Allocation Failure) 560M->14M(1979M) 61.205ms
[448.182s][info][gc,cpu         ] GC(767) User=0.05s Sys=0.00s Real=0.05s
[448.718s][info][gc,start       ] GC(768) Pause Young (Allocation Failure)
[448.781s][info][gc,heap        ] GC(768) DefNew: 560935K(629120K)->1783K(629120K) Eden: 559232K(559232K)->0K(559232K) From: 1703K(69888K)->1783K(69888K)
[448.781s][info][gc,heap        ] GC(768) Tenured: 12953K(1398144K)->12953K(1398144K)
[448.781s][info][gc,metaspace   ] GC(768) Metaspace: 14316K(15168K)->14316K(15168K) NonClass: 12372K(12864K)->12372K(12864K) Class: 1943K(2304K)->1943K(2304K)
[448.781s][info][gc             ] GC(768) Pause Young (Allocation Failure) 560M->14M(1979M) 62.914ms
[448.781s][info][gc,cpu         ] GC(768) User=0.06s Sys=0.00s Real=0.06s
[449.329s][info][gc,start       ] GC(769) Pause Young (Allocation Failure)
[449.390s][info][gc,heap        ] GC(769) DefNew: 561015K(629120K)->1869K(629120K) Eden: 559232K(559232K)->0K(559232K) From: 1783K(69888K)->1869K(69888K)
[449.390s][info][gc,heap        ] GC(769) Tenured: 12953K(1398144K)->12953K(1398144K)
[449.390s][info][gc,metaspace   ] GC(769) Metaspace: 14316K(15168K)->14316K(15168K) NonClass: 12372K(12864K)->12372K(12864K) Class: 1943K(2304K)->1943K(2304K)
[449.390s][info][gc             ] GC(769) Pause Young (Allocation Failure) 560M->14M(1979M) 60.445ms
[449.390s][info][gc,cpu         ] GC(769) User=0.05s Sys=0.00s Real=0.05s
[449.922s][info][gc,start       ] GC(770) Pause Young (Allocation Failure)
[449.982s][info][gc,heap        ] GC(770) DefNew: 561101K(629120K)->1952K(629120K) Eden: 559232K(559232K)->0K(559232K) From: 1869K(69888K)->1952K(69888K)
[449.982s][info][gc,heap        ] GC(770) Tenured: 12953K(1398144K)->12953K(1398144K)
[449.982s][info][gc,metaspace   ] GC(770) Metaspace: 14316K(15168K)->14316K(15168K) NonClass: 12372K(12864K)->12372K(12864K) Class: 1943K(2304K)->1943K(2304K)
[449.982s][info][gc             ] GC(770) Pause Young (Allocation Failure) 560M->14M(1979M) 59.744ms
[449.982s][info][gc,cpu         ] GC(770) User=0.05s Sys=0.00s Real=0.05s
[450.544s][info][gc,start       ] GC(771) Pause Young (Allocation Failure)
[450.599s][info][gc,heap        ] GC(771) DefNew: 561184K(629120K)->2041K(629120K) Eden: 559232K(559232K)->0K(559232K) From: 1952K(69888K)->2041K(69888K)
[450.599s][info][gc,heap        ] GC(771) Tenured: 12953K(1398144K)->12953K(1398144K)
[450.599s][info][gc,metaspace   ] GC(771) Metaspace: 14316K(15168K)->14316K(15168K) NonClass: 12372K(12864K)->12372K(12864K) Class: 1943K(2304K)->1943K(2304K)
[450.599s][info][gc             ] GC(771) Pause Young (Allocation Failure) 560M->14M(1979M) 55.405ms
[450.599s][info][gc,cpu         ] GC(771) User=0.05s Sys=0.00s Real=0.05s
[451.110s][info][gc,start       ] GC(772) Pause Young (Allocation Failure)
[451.168s][info][gc,heap        ] GC(772) DefNew: 561273K(629120K)->2119K(629120K) Eden: 559232K(559232K)->0K(559232K) From: 2041K(69888K)->2119K(69888K)
[451.169s][info][gc,heap        ] GC(772) Tenured: 12953K(1398144K)->12953K(1398144K)
[451.169s][info][gc,metaspace   ] GC(772) Metaspace: 14316K(15168K)->14316K(15168K) NonClass: 12372K(12864K)->12372K(12864K) Class: 1943K(2304K)->1943K(2304K)
[451.169s][info][gc             ] GC(772) Pause Young (Allocation Failure) 560M->14M(1979M) 58.606ms
[451.169s][info][gc,cpu         ] GC(772) User=0.05s Sys=0.00s Real=0.06s
[451.720s][info][gc,start       ] GC(773) Pause Young (Allocation Failure)
[451.784s][info][gc,heap        ] GC(773) DefNew: 561351K(629120K)->2204K(629120K) Eden: 559232K(559232K)->0K(559232K) From: 2119K(69888K)->2204K(69888K)
[451.784s][info][gc,heap        ] GC(773) Tenured: 12953K(1398144K)->12953K(1398144K)
[451.784s][info][gc,metaspace   ] GC(773) Metaspace: 14316K(15168K)->14316K(15168K) NonClass: 12372K(12864K)->12372K(12864K) Class: 1943K(2304K)->1943K(2304K)
[451.784s][info][gc             ] GC(773) Pause Young (Allocation Failure) 560M->14M(1979M) 63.981ms
[451.784s][info][gc,cpu         ] GC(773) User=0.06s Sys=0.00s Real=0.06s
[452.321s][info][gc,start       ] GC(774) Pause Young (Allocation Failure)
[452.369s][info][gc,heap        ] GC(774) DefNew: 561436K(629120K)->2288K(629120K) Eden: 559232K(559232K)->0K(559232K) From: 2204K(69888K)->2288K(69888K)
[452.369s][info][gc,heap        ] GC(774) Tenured: 12953K(1398144K)->12953K(1398144K)
[452.369s][info][gc,metaspace   ] GC(774) Metaspace: 14316K(15168K)->14316K(15168K) NonClass: 12372K(12864K)->12372K(12864K) Class: 1943K(2304K)->1943K(2304K)
[452.370s][info][gc             ] GC(774) Pause Young (Allocation Failure) 560M->14M(1979M) 48.108ms
[452.370s][info][gc,cpu         ] GC(774) User=0.05s Sys=0.00s Real=0.05s
[452.912s][info][gc,start       ] GC(775) Pause Young (Allocation Failure)
[452.970s][info][gc,heap        ] GC(775) DefNew: 561520K(629120K)->2371K(629120K) Eden: 559232K(559232K)->0K(559232K) From: 2288K(69888K)->2371K(69888K)
[452.970s][info][gc,heap        ] GC(775) Tenured: 12953K(1398144K)->12953K(1398144K)
[452.970s][info][gc,metaspace   ] GC(775) Metaspace: 14316K(15168K)->14316K(15168K) NonClass: 12372K(12864K)->12372K(12864K) Class: 1943K(2304K)->1943K(2304K)
[452.970s][info][gc             ] GC(775) Pause Young (Allocation Failure) 561M->14M(1979M) 58.078ms
[452.970s][info][gc,cpu         ] GC(775) User=0.05s Sys=0.00s Real=0.05s
[453.513s][info][gc,start       ] GC(776) Pause Young (Allocation Failure)
[453.567s][info][gc,heap        ] GC(776) DefNew: 561603K(629120K)->2458K(629120K) Eden: 559232K(559232K)->0K(559232K) From: 2371K(69888K)->2458K(69888K)
[453.567s][info][gc,heap        ] GC(776) Tenured: 12953K(1398144K)->12953K(1398144K)
[453.567s][info][gc,metaspace   ] GC(776) Metaspace: 14316K(15168K)->14316K(15168K) NonClass: 12372K(12864K)->12372K(12864K) Class: 1943K(2304K)->1943K(2304K)
[453.567s][info][gc             ] GC(776) Pause Young (Allocation Failure) 561M->15M(1979M) 53.683ms
[453.567s][info][gc,cpu         ] GC(776) User=0.06s Sys=0.00s Real=0.05s
[454.104s][info][gc,start       ] GC(777) Pause Young (Allocation Failure)
[454.163s][info][gc,heap        ] GC(777) DefNew: 561690K(629120K)->2544K(629120K) Eden: 559232K(559232K)->0K(559232K) From: 2458K(69888K)->2544K(69888K)
[454.163s][info][gc,heap        ] GC(777) Tenured: 12953K(1398144K)->12953K(1398144K)
[454.163s][info][gc,metaspace   ] GC(777) Metaspace: 14316K(15168K)->14316K(15168K) NonClass: 12372K(12864K)->12372K(12864K) Class: 1943K(2304K)->1943K(2304K)
[454.163s][info][gc             ] GC(777) Pause Young (Allocation Failure) 561M->15M(1979M) 59.325ms
[454.163s][info][gc,cpu         ] GC(777) User=0.06s Sys=0.00s Real=0.06s
[454.693s][info][gc,start       ] GC(778) Pause Young (Allocation Failure)
[454.751s][info][gc,heap        ] GC(778) DefNew: 561776K(629120K)->2627K(629120K) Eden: 559232K(559232K)->0K(559232K) From: 2544K(69888K)->2627K(69888K)
[454.751s][info][gc,heap        ] GC(778) Tenured: 12953K(1398144K)->12953K(1398144K)
[454.751s][info][gc,metaspace   ] GC(778) Metaspace: 14316K(15168K)->14316K(15168K) NonClass: 12372K(12864K)->12372K(12864K) Class: 1943K(2304K)->1943K(2304K)
[454.751s][info][gc             ] GC(778) Pause Young (Allocation Failure) 561M->15M(1979M) 58.176ms
[454.751s][info][gc,cpu         ] GC(778) User=0.06s Sys=0.00s Real=0.06s
[455.294s][info][gc,start       ] GC(779) Pause Young (Allocation Failure)
[455.356s][info][gc,heap        ] GC(779) DefNew: 561859K(629120K)->2713K(629120K) Eden: 559232K(559232K)->0K(559232K) From: 2627K(69888K)->2713K(69888K)
[455.356s][info][gc,heap        ] GC(779) Tenured: 12953K(1398144K)->12953K(1398144K)
[455.356s][info][gc,metaspace   ] GC(779) Metaspace: 14316K(15168K)->14316K(15168K) NonClass: 12372K(12864K)->12372K(12864K) Class: 1943K(2304K)->1943K(2304K)
[455.356s][info][gc             ] GC(779) Pause Young (Allocation Failure) 561M->15M(1979M) 62.149ms
[455.356s][info][gc,cpu         ] GC(779) User=0.06s Sys=0.00s Real=0.05s
[455.879s][info][gc,start       ] GC(780) Pause Young (Allocation Failure)
[455.942s][info][gc,heap        ] GC(780) DefNew: 561945K(629120K)->1267K(629120K) Eden: 559232K(559232K)->0K(559232K) From: 2713K(69888K)->1267K(69888K)
[455.942s][info][gc,heap        ] GC(780) Tenured: 12953K(1398144K)->14478K(1398144K)
[455.942s][info][gc,metaspace   ] GC(780) Metaspace: 14316K(15168K)->14316K(15168K) NonClass: 12372K(12864K)->12372K(12864K) Class: 1943K(2304K)->1943K(2304K)
[455.942s][info][gc             ] GC(780) Pause Young (Allocation Failure) 561M->15M(1979M) 63.123ms
[455.942s][info][gc,cpu         ] GC(780) User=0.05s Sys=0.00s Real=0.05s
[456.502s][info][gc,start       ] GC(781) Pause Young (Allocation Failure)
[456.567s][info][gc,heap        ] GC(781) DefNew: 560499K(629120K)->1258K(629120K) Eden: 559232K(559232K)->0K(559232K) From: 1267K(69888K)->1258K(69888K)
[456.567s][info][gc,heap        ] GC(781) Tenured: 14478K(1398144K)->14564K(1398144K)
[456.567s][info][gc,metaspace   ] GC(781) Metaspace: 14316K(15168K)->14316K(15168K) NonClass: 12372K(12864K)->12372K(12864K) Class: 1943K(2304K)->1943K(2304K)
[456.567s][info][gc             ] GC(781) Pause Young (Allocation Failure) 561M->15M(1979M) 64.993ms
[456.567s][info][gc,cpu         ] GC(781) User=0.06s Sys=0.00s Real=0.07s
[457.107s][info][gc,start       ] GC(782) Pause Young (Allocation Failure)
[457.151s][info][gc,heap        ] GC(782) DefNew: 560490K(629120K)->1259K(629120K) Eden: 559232K(559232K)->0K(559232K) From: 1258K(69888K)->1259K(69888K)
[457.151s][info][gc,heap        ] GC(782) Tenured: 14564K(1398144K)->14647K(1398144K)
[457.151s][info][gc,metaspace   ] GC(782) Metaspace: 14316K(15168K)->14316K(15168K) NonClass: 12372K(12864K)->12372K(12864K) Class: 1943K(2304K)->1943K(2304K)
[457.151s][info][gc             ] GC(782) Pause Young (Allocation Failure) 561M->15M(1979M) 44.330ms
[457.151s][info][gc,cpu         ] GC(782) User=0.05s Sys=0.00s Real=0.05s
[457.685s][info][gc,start       ] GC(783) Pause Young (Allocation Failure)
[457.742s][info][gc,heap        ] GC(783) DefNew: 560491K(629120K)->1261K(629120K) Eden: 559232K(559232K)->0K(559232K) From: 1259K(69888K)->1261K(69888K)
[457.742s][info][gc,heap        ] GC(783) Tenured: 14647K(1398144K)->14727K(1398144K)
[457.742s][info][gc,metaspace   ] GC(783) Metaspace: 14316K(15168K)->14316K(15168K) NonClass: 12372K(12864K)->12372K(12864K) Class: 1943K(2304K)->1943K(2304K)
[457.742s][info][gc             ] GC(783) Pause Young (Allocation Failure) 561M->15M(1979M) 56.651ms
[457.742s][info][gc,cpu         ] GC(783) User=0.06s Sys=0.00s Real=0.05s
[458.268s][info][gc,start       ] GC(784) Pause Young (Allocation Failure)
[458.327s][info][gc,heap        ] GC(784) DefNew: 560493K(629120K)->1255K(629120K) Eden: 559232K(559232K)->0K(559232K) From: 1261K(69888K)->1255K(69888K)
[458.327s][info][gc,heap        ] GC(784) Tenured: 14727K(1398144K)->14813K(1398144K)
[458.327s][info][gc,metaspace   ] GC(784) Metaspace: 14316K(15168K)->14316K(15168K) NonClass: 12372K(12864K)->12372K(12864K) Class: 1943K(2304K)->1943K(2304K)
[458.327s][info][gc             ] GC(784) Pause Young (Allocation Failure) 561M->15M(1979M) 58.740ms
[458.327s][info][gc,cpu         ] GC(784) User=0.05s Sys=0.00s Real=0.06s
[458.852s][info][gc,start       ] GC(785) Pause Young (Allocation Failure)
[458.911s][info][gc,heap        ] GC(785) DefNew: 560487K(629120K)->1253K(629120K) Eden: 559232K(559232K)->0K(559232K) From: 1255K(69888K)->1253K(69888K)
[458.911s][info][gc,heap        ] GC(785) Tenured: 14813K(1398144K)->14896K(1398144K)
[458.911s][info][gc,metaspace   ] GC(785) Metaspace: 14316K(15168K)->14316K(15168K) NonClass: 12372K(12864K)->12372K(12864K) Class: 1943K(2304K)->1943K(2304K)
[458.911s][info][gc             ] GC(785) Pause Young (Allocation Failure) 561M->15M(1979M) 58.766ms
[458.911s][info][gc,cpu         ] GC(785) User=0.05s Sys=0.00s Real=0.05s
[459.439s][info][gc,start       ] GC(786) Pause Young (Allocation Failure)
[459.487s][info][gc,heap        ] GC(786) DefNew: 560485K(629120K)->1252K(629120K) Eden: 559232K(559232K)->0K(559232K) From: 1253K(69888K)->1252K(69888K)
[459.487s][info][gc,heap        ] GC(786) Tenured: 14896K(1398144K)->14985K(1398144K)
[459.487s][info][gc,metaspace   ] GC(786) Metaspace: 14316K(15168K)->14316K(15168K) NonClass: 12372K(12864K)->12372K(12864K) Class: 1943K(2304K)->1943K(2304K)
[459.487s][info][gc             ] GC(786) Pause Young (Allocation Failure) 561M->15M(1979M) 47.883ms
[459.487s][info][gc,cpu         ] GC(786) User=0.03s Sys=0.00s Real=0.03s
[460.009s][info][gc,start       ] GC(787) Pause Young (Allocation Failure)
[460.056s][info][gc,heap        ] GC(787) DefNew: 560484K(629120K)->1253K(629120K) Eden: 559232K(559232K)->0K(559232K) From: 1252K(69888K)->1253K(69888K)
[460.056s][info][gc,heap        ] GC(787) Tenured: 14985K(1398144K)->15062K(1398144K)
[460.056s][info][gc,metaspace   ] GC(787) Metaspace: 14316K(15168K)->14316K(15168K) NonClass: 12372K(12864K)->12372K(12864K) Class: 1943K(2304K)->1943K(2304K)
[460.056s][info][gc             ] GC(787) Pause Young (Allocation Failure) 561M->15M(1979M) 46.755ms
[460.056s][info][gc,cpu         ] GC(787) User=0.05s Sys=0.00s Real=0.04s
[460.588s][info][gc,start       ] GC(788) Pause Young (Allocation Failure)
[460.673s][info][gc,heap        ] GC(788) DefNew: 560485K(629120K)->1254K(629120K) Eden: 559232K(559232K)->0K(559232K) From: 1253K(69888K)->1254K(69888K)
[460.673s][info][gc,heap        ] GC(788) Tenured: 15062K(1398144K)->15147K(1398144K)
[460.673s][info][gc,metaspace   ] GC(788) Metaspace: 14316K(15168K)->14316K(15168K) NonClass: 12372K(12864K)->12372K(12864K) Class: 1943K(2304K)->1943K(2304K)
[460.673s][info][gc             ] GC(788) Pause Young (Allocation Failure) 562M->16M(1979M) 85.045ms
[460.673s][info][gc,cpu         ] GC(788) User=0.05s Sys=0.00s Real=0.08s
[461.228s][info][gc,start       ] GC(789) Pause Young (Allocation Failure)
[461.285s][info][gc,heap        ] GC(789) DefNew: 560486K(629120K)->1257K(629120K) Eden: 559232K(559232K)->0K(559232K) From: 1254K(69888K)->1257K(69888K)
[461.285s][info][gc,heap        ] GC(789) Tenured: 15147K(1398144K)->15230K(1398144K)
[461.285s][info][gc,metaspace   ] GC(789) Metaspace: 14316K(15168K)->14316K(15168K) NonClass: 12372K(12864K)->12372K(12864K) Class: 1943K(2304K)->1943K(2304K)
[461.285s][info][gc             ] GC(789) Pause Young (Allocation Failure) 562M->16M(1979M) 56.581ms
[461.285s][info][gc,cpu         ] GC(789) User=0.06s Sys=0.00s Real=0.06s
[461.808s][info][gc,start       ] GC(790) Pause Young (Allocation Failure)
[461.866s][info][gc,heap        ] GC(790) DefNew: 560489K(629120K)->1254K(629120K) Eden: 559232K(559232K)->0K(559232K) From: 1257K(69888K)->1254K(69888K)
[461.866s][info][gc,heap        ] GC(790) Tenured: 15230K(1398144K)->15314K(1398144K)
[461.866s][info][gc,metaspace   ] GC(790) Metaspace: 14316K(15168K)->14316K(15168K) NonClass: 12372K(12864K)->12372K(12864K) Class: 1943K(2304K)->1943K(2304K)
[461.866s][info][gc             ] GC(790) Pause Young (Allocation Failure) 562M->16M(1979M) 58.687ms
[461.866s][info][gc,cpu         ] GC(790) User=0.06s Sys=0.00s Real=0.06s
[462.389s][info][gc,start       ] GC(791) Pause Young (Allocation Failure)
[462.447s][info][gc,heap        ] GC(791) DefNew: 560486K(629120K)->1248K(629120K) Eden: 559232K(559232K)->0K(559232K) From: 1254K(69888K)->1248K(69888K)
[462.447s][info][gc,heap        ] GC(791) Tenured: 15314K(1398144K)->15400K(1398144K)
[462.447s][info][gc,metaspace   ] GC(791) Metaspace: 14316K(15168K)->14316K(15168K) NonClass: 12372K(12864K)->12372K(12864K) Class: 1943K(2304K)->1943K(2304K)
[462.447s][info][gc             ] GC(791) Pause Young (Allocation Failure) 562M->16M(1979M) 58.060ms
[462.447s][info][gc,cpu         ] GC(791) User=0.06s Sys=0.00s Real=0.05s
[462.920s][info][gc,start       ] GC(792) Pause Young (Allocation Failure)
[462.976s][info][gc,heap        ] GC(792) DefNew: 560480K(629120K)->1233K(629120K) Eden: 559232K(559232K)->0K(559232K) From: 1248K(69888K)->1233K(69888K)
[462.976s][info][gc,heap        ] GC(792) Tenured: 15400K(1398144K)->15487K(1398144K)
[462.976s][info][gc,metaspace   ] GC(792) Metaspace: 14316K(15168K)->14316K(15168K) NonClass: 12372K(12864K)->12372K(12864K) Class: 1943K(2304K)->1943K(2304K)
[462.976s][info][gc             ] GC(792) Pause Young (Allocation Failure) 562M->16M(1979M) 55.978ms
[462.976s][info][gc,cpu         ] GC(792) User=0.05s Sys=0.00s Real=0.04s
[463.322s][info][gc,start       ] GC(793) Pause Full (System.gc())
[463.323s][info][gc,phases,start] GC(793) Phase 1: Mark live objects
[463.385s][info][gc,phases      ] GC(793) Phase 1: Mark live objects 62.662ms
[463.385s][info][gc,phases,start] GC(793) Phase 2: Compute new object addresses
[463.461s][info][gc,phases      ] GC(793) Phase 2: Compute new object addresses 75.504ms
[463.461s][info][gc,phases,start] GC(793) Phase 3: Adjust pointers
[463.494s][info][gc,phases      ] GC(793) Phase 3: Adjust pointers 33.022ms
[463.494s][info][gc,phases,start] GC(793) Phase 4: Move objects
[463.494s][info][gc,phases      ] GC(793) Phase 4: Move objects 0.016ms
[463.494s][info][gc,heap        ] GC(793) DefNew: 318203K(629120K)->0K(629120K) Eden: 316970K(559232K)->0K(559232K) From: 1233K(69888K)->0K(69888K)
[463.494s][info][gc,heap        ] GC(793) Tenured: 15487K(1398144K)->5365K(1398144K)
[463.494s][info][gc,metaspace   ] GC(793) Metaspace: 14319K(15168K)->14319K(15168K) NonClass: 12375K(12864K)->12375K(12864K) Class: 1943K(2304K)->1943K(2304K)
[463.494s][info][gc             ] GC(793) Pause Full (System.gc()) 325M->5M(1979M) 171.705ms
[463.494s][info][gc,cpu         ] GC(793) User=0.16s Sys=0.00s Real=0.16s
[463.991s][info][gc,start       ] GC(794) Pause Young (Allocation Failure)
[464.033s][info][gc,heap        ] GC(794) DefNew: 559232K(629120K)->1536K(629120K) Eden: 559232K(559232K)->0K(559232K) From: 0K(69888K)->1536K(69888K)
[464.033s][info][gc,heap        ] GC(794) Tenured: 5365K(1398144K)->5365K(1398144K)
[464.033s][info][gc,metaspace   ] GC(794) Metaspace: 14319K(15168K)->14319K(15168K) NonClass: 12375K(12864K)->12375K(12864K) Class: 1943K(2304K)->1943K(2304K)
[464.033s][info][gc             ] GC(794) Pause Young (Allocation Failure) 551M->6M(1979M) 42.425ms
[464.033s][info][gc,cpu         ] GC(794) User=0.05s Sys=0.00s Real=0.04s
[464.569s][info][gc,start       ] GC(795) Pause Young (Allocation Failure)
[464.624s][info][gc,heap        ] GC(795) DefNew: 560768K(629120K)->1618K(629120K) Eden: 559232K(559232K)->0K(559232K) From: 1536K(69888K)->1618K(69888K)
[464.624s][info][gc,heap        ] GC(795) Tenured: 5365K(1398144K)->5365K(1398144K)
[464.624s][info][gc,metaspace   ] GC(795) Metaspace: 14319K(15168K)->14319K(15168K) NonClass: 12375K(12864K)->12375K(12864K) Class: 1943K(2304K)->1943K(2304K)
[464.624s][info][gc             ] GC(795) Pause Young (Allocation Failure) 552M->6M(1979M) 55.673ms
[464.624s][info][gc,cpu         ] GC(795) User=0.05s Sys=0.00s Real=0.05s
[465.171s][info][gc,start       ] GC(796) Pause Young (Allocation Failure)
[465.227s][info][gc,heap        ] GC(796) DefNew: 560850K(629120K)->1703K(629120K) Eden: 559232K(559232K)->0K(559232K) From: 1618K(69888K)->1703K(69888K)
[465.227s][info][gc,heap        ] GC(796) Tenured: 5365K(1398144K)->5365K(1398144K)
[465.227s][info][gc,metaspace   ] GC(796) Metaspace: 14319K(15168K)->14319K(15168K) NonClass: 12375K(12864K)->12375K(12864K) Class: 1943K(2304K)->1943K(2304K)
[465.227s][info][gc             ] GC(796) Pause Young (Allocation Failure) 552M->6M(1979M) 56.414ms
[465.227s][info][gc,cpu         ] GC(796) User=0.03s Sys=0.02s Real=0.04s
[465.763s][info][gc,start       ] GC(797) Pause Young (Allocation Failure)
[465.809s][info][gc,heap        ] GC(797) DefNew: 560935K(629120K)->1785K(629120K) Eden: 559232K(559232K)->0K(559232K) From: 1703K(69888K)->1785K(69888K)
[465.809s][info][gc,heap        ] GC(797) Tenured: 5365K(1398144K)->5365K(1398144K)
[465.809s][info][gc,metaspace   ] GC(797) Metaspace: 14319K(15168K)->14319K(15168K) NonClass: 12375K(12864K)->12375K(12864K) Class: 1943K(2304K)->1943K(2304K)
[465.809s][info][gc             ] GC(797) Pause Young (Allocation Failure) 553M->6M(1979M) 46.025ms
[465.809s][info][gc,cpu         ] GC(797) User=0.05s Sys=0.00s Real=0.03s
[466.326s][info][gc,start       ] GC(798) Pause Young (Allocation Failure)
[466.373s][info][gc,heap        ] GC(798) DefNew: 561017K(629120K)->1869K(629120K) Eden: 559232K(559232K)->0K(559232K) From: 1785K(69888K)->1869K(69888K)
[466.373s][info][gc,heap        ] GC(798) Tenured: 5365K(1398144K)->5365K(1398144K)
[466.373s][info][gc,metaspace   ] GC(798) Metaspace: 14319K(15168K)->14319K(15168K) NonClass: 12375K(12864K)->12375K(12864K) Class: 1943K(2304K)->1943K(2304K)
[466.373s][info][gc             ] GC(798) Pause Young (Allocation Failure) 553M->7M(1979M) 46.770ms
[466.373s][info][gc,cpu         ] GC(798) User=0.05s Sys=0.00s Real=0.05s
[466.901s][info][gc,start       ] GC(799) Pause Young (Allocation Failure)
[466.963s][info][gc,heap        ] GC(799) DefNew: 561101K(629120K)->1950K(629120K) Eden: 559232K(559232K)->0K(559232K) From: 1869K(69888K)->1950K(69888K)
[466.963s][info][gc,heap        ] GC(799) Tenured: 5365K(1398144K)->5365K(1398144K)
[466.963s][info][gc,metaspace   ] GC(799) Metaspace: 14319K(15168K)->14319K(15168K) NonClass: 12375K(12864K)->12375K(12864K) Class: 1943K(2304K)->1943K(2304K)
[466.963s][info][gc             ] GC(799) Pause Young (Allocation Failure) 553M->7M(1979M) 62.096ms
[466.963s][info][gc,cpu         ] GC(799) User=0.05s Sys=0.00s Real=0.05s
[467.520s][info][gc,start       ] GC(800) Pause Young (Allocation Failure)
[467.581s][info][gc,heap        ] GC(800) DefNew: 561182K(629120K)->2034K(629120K) Eden: 559232K(559232K)->0K(559232K) From: 1950K(69888K)->2034K(69888K)
[467.581s][info][gc,heap        ] GC(800) Tenured: 5365K(1398144K)->5365K(1398144K)
[467.581s][info][gc,metaspace   ] GC(800) Metaspace: 14319K(15168K)->14319K(15168K) NonClass: 12375K(12864K)->12375K(12864K) Class: 1943K(2304K)->1943K(2304K)
[467.581s][info][gc             ] GC(800) Pause Young (Allocation Failure) 553M->7M(1979M) 61.179ms
[467.581s][info][gc,cpu         ] GC(800) User=0.08s Sys=0.02s Real=0.06s
[468.138s][info][gc,start       ] GC(801) Pause Young (Allocation Failure)
[468.192s][info][gc,heap        ] GC(801) DefNew: 561266K(629120K)->2122K(629120K) Eden: 559232K(559232K)->0K(559232K) From: 2034K(69888K)->2122K(69888K)
[468.192s][info][gc,heap        ] GC(801) Tenured: 5365K(1398144K)->5365K(1398144K)
[468.192s][info][gc,metaspace   ] GC(801) Metaspace: 14319K(15168K)->14319K(15168K) NonClass: 12375K(12864K)->12375K(12864K) Class: 1943K(2304K)->1943K(2304K)
[468.192s][info][gc             ] GC(801) Pause Young (Allocation Failure) 553M->7M(1979M) 54.313ms
[468.192s][info][gc,cpu         ] GC(801) User=0.06s Sys=0.00s Real=0.05s
[468.729s][info][gc,start       ] GC(802) Pause Young (Allocation Failure)
[468.787s][info][gc,heap        ] GC(802) DefNew: 561354K(629120K)->2205K(629120K) Eden: 559232K(559232K)->0K(559232K) From: 2122K(69888K)->2205K(69888K)
[468.797s][info][gc,heap        ] GC(802) Tenured: 5365K(1398144K)->5365K(1398144K)
[468.797s][info][gc,metaspace   ] GC(802) Metaspace: 14319K(15168K)->14319K(15168K) NonClass: 12375K(12864K)->12375K(12864K) Class: 1943K(2304K)->1943K(2304K)
[468.798s][info][gc             ] GC(802) Pause Young (Allocation Failure) 553M->7M(1979M) 68.802ms
[468.798s][info][gc,cpu         ] GC(802) User=0.06s Sys=0.00s Real=0.07s
[469.318s][info][gc,start       ] GC(803) Pause Young (Allocation Failure)
[469.375s][info][gc,heap        ] GC(803) DefNew: 561437K(629120K)->2286K(629120K) Eden: 559232K(559232K)->0K(559232K) From: 2205K(69888K)->2286K(69888K)
[469.375s][info][gc,heap        ] GC(803) Tenured: 5365K(1398144K)->5365K(1398144K)
[469.375s][info][gc,metaspace   ] GC(803) Metaspace: 14319K(15168K)->14319K(15168K) NonClass: 12375K(12864K)->12375K(12864K) Class: 1943K(2304K)->1943K(2304K)
[469.375s][info][gc             ] GC(803) Pause Young (Allocation Failure) 553M->7M(1979M) 56.287ms
[469.375s][info][gc,cpu         ] GC(803) User=0.05s Sys=0.00s Real=0.05s
[469.922s][info][gc,start       ] GC(804) Pause Young (Allocation Failure)
[469.970s][info][gc,heap        ] GC(804) DefNew: 561518K(629120K)->2369K(629120K) Eden: 559232K(559232K)->0K(559232K) From: 2286K(69888K)->2369K(69888K)
[469.970s][info][gc,heap        ] GC(804) Tenured: 5365K(1398144K)->5365K(1398144K)
[469.970s][info][gc,metaspace   ] GC(804) Metaspace: 14319K(15168K)->14319K(15168K) NonClass: 12375K(12864K)->12375K(12864K) Class: 1943K(2304K)->1943K(2304K)
[469.970s][info][gc             ] GC(804) Pause Young (Allocation Failure) 553M->7M(1979M) 48.384ms
[469.970s][info][gc,cpu         ] GC(804) User=0.03s Sys=0.00s Real=0.04s
[470.489s][info][gc,start       ] GC(805) Pause Young (Allocation Failure)
[470.537s][info][gc,heap        ] GC(805) DefNew: 561601K(629120K)->2446K(629120K) Eden: 559232K(559232K)->0K(559232K) From: 2369K(69888K)->2446K(69888K)
[470.537s][info][gc,heap        ] GC(805) Tenured: 5365K(1398144K)->5365K(1398144K)
[470.537s][info][gc,metaspace   ] GC(805) Metaspace: 14319K(15168K)->14319K(15168K) NonClass: 12375K(12864K)->12375K(12864K) Class: 1943K(2304K)->1943K(2304K)
[470.537s][info][gc             ] GC(805) Pause Young (Allocation Failure) 553M->7M(1979M) 47.939ms
[470.537s][info][gc,cpu         ] GC(805) User=0.05s Sys=0.00s Real=0.04s
[471.066s][info][gc,start       ] GC(806) Pause Young (Allocation Failure)
[471.115s][info][gc,heap        ] GC(806) DefNew: 561678K(629120K)->2534K(629120K) Eden: 559232K(559232K)->0K(559232K) From: 2446K(69888K)->2534K(69888K)
[471.115s][info][gc,heap        ] GC(806) Tenured: 5365K(1398144K)->5365K(1398144K)
[471.115s][info][gc,metaspace   ] GC(806) Metaspace: 14319K(15168K)->14319K(15168K) NonClass: 12375K(12864K)->12375K(12864K) Class: 1943K(2304K)->1943K(2304K)
[471.115s][info][gc             ] GC(806) Pause Young (Allocation Failure) 553M->7M(1979M) 49.506ms
[471.115s][info][gc,cpu         ] GC(806) User=0.05s Sys=0.00s Real=0.05s
[471.648s][info][gc,start       ] GC(807) Pause Young (Allocation Failure)
[471.695s][info][gc,heap        ] GC(807) DefNew: 561692K(629120K)->2610K(629120K) Eden: 559157K(559232K)->0K(559232K) From: 2534K(69888K)->2610K(69888K)
[471.695s][info][gc,heap        ] GC(807) Tenured: 5365K(1398144K)->5365K(1398144K)
[471.695s][info][gc,metaspace   ] GC(807) Metaspace: 14319K(15168K)->14319K(15168K) NonClass: 12375K(12864K)->12375K(12864K) Class: 1943K(2304K)->1943K(2304K)
[471.695s][info][gc             ] GC(807) Pause Young (Allocation Failure) 553M->7M(1979M) 46.984ms
[471.696s][info][gc,cpu         ] GC(807) User=0.05s Sys=0.00s Real=0.04s
[472.249s][info][gc,start       ] GC(808) Pause Young (Allocation Failure)
[472.293s][info][gc,heap        ] GC(808) DefNew: 561842K(629120K)->2692K(629120K) Eden: 559232K(559232K)->0K(559232K) From: 2610K(69888K)->2692K(69888K)
[472.293s][info][gc,heap        ] GC(808) Tenured: 5365K(1398144K)->5365K(1398144K)
[472.293s][info][gc,metaspace   ] GC(808) Metaspace: 14319K(15168K)->14319K(15168K) NonClass: 12375K(12864K)->12375K(12864K) Class: 1943K(2304K)->1943K(2304K)
[472.293s][info][gc             ] GC(808) Pause Young (Allocation Failure) 553M->7M(1979M) 44.560ms
[472.293s][info][gc,cpu         ] GC(808) User=0.05s Sys=0.00s Real=0.03s
[472.815s][info][gc,start       ] GC(809) Pause Young (Allocation Failure)
[472.874s][info][gc,heap        ] GC(809) DefNew: 561924K(629120K)->1245K(629120K) Eden: 559232K(559232K)->0K(559232K) From: 2692K(69888K)->1245K(69888K)
[472.874s][info][gc,heap        ] GC(809) Tenured: 5365K(1398144K)->6893K(1398144K)
[472.874s][info][gc,metaspace   ] GC(809) Metaspace: 14319K(15168K)->14319K(15168K) NonClass: 12375K(12864K)->12375K(12864K) Class: 1943K(2304K)->1943K(2304K)
[472.874s][info][gc             ] GC(809) Pause Young (Allocation Failure) 553M->7M(1979M) 59.494ms
[472.874s][info][gc,cpu         ] GC(809) User=0.05s Sys=0.00s Real=0.05s
[473.385s][info][gc,start       ] GC(810) Pause Young (Allocation Failure)
[473.444s][info][gc,heap        ] GC(810) DefNew: 560477K(629120K)->1245K(629120K) Eden: 559232K(559232K)->0K(559232K) From: 1245K(69888K)->1245K(69888K)
[473.444s][info][gc,heap        ] GC(810) Tenured: 6893K(1398144K)->6973K(1398144K)
[473.444s][info][gc,metaspace   ] GC(810) Metaspace: 14319K(15168K)->14319K(15168K) NonClass: 12375K(12864K)->12375K(12864K) Class: 1943K(2304K)->1943K(2304K)
[473.444s][info][gc             ] GC(810) Pause Young (Allocation Failure) 554M->8M(1979M) 58.846ms
[473.444s][info][gc,cpu         ] GC(810) User=0.05s Sys=0.00s Real=0.05s
[473.951s][info][gc,start       ] GC(811) Pause Young (Allocation Failure)
[474.009s][info][gc,heap        ] GC(811) DefNew: 560477K(629120K)->1240K(629120K) Eden: 559232K(559232K)->0K(559232K) From: 1245K(69888K)->1240K(69888K)
[474.009s][info][gc,heap        ] GC(811) Tenured: 6973K(1398144K)->7059K(1398144K)
[474.009s][info][gc,metaspace   ] GC(811) Metaspace: 14319K(15168K)->14319K(15168K) NonClass: 12375K(12864K)->12375K(12864K) Class: 1943K(2304K)->1943K(2304K)
[474.009s][info][gc             ] GC(811) Pause Young (Allocation Failure) 554M->8M(1979M) 58.087ms
[474.009s][info][gc,cpu         ] GC(811) User=0.05s Sys=0.00s Real=0.05s
[474.512s][info][gc,start       ] GC(812) Pause Young (Allocation Failure)
[474.566s][info][gc,heap        ] GC(812) DefNew: 560472K(629120K)->1238K(629120K) Eden: 559232K(559232K)->0K(559232K) From: 1240K(69888K)->1238K(69888K)
[474.566s][info][gc,heap        ] GC(812) Tenured: 7059K(1398144K)->7142K(1398144K)
[474.566s][info][gc,metaspace   ] GC(812) Metaspace: 14319K(15168K)->14319K(15168K) NonClass: 12375K(12864K)->12375K(12864K) Class: 1943K(2304K)->1943K(2304K)
[474.566s][info][gc             ] GC(812) Pause Young (Allocation Failure) 554M->8M(1979M) 53.942ms
[474.566s][info][gc,cpu         ] GC(812) User=0.06s Sys=0.00s Real=0.05s
[475.229s][info][gc,start       ] GC(813) Pause Young (Allocation Failure)
[475.283s][info][gc,heap        ] GC(813) DefNew: 560470K(629120K)->1226K(629120K) Eden: 559232K(559232K)->0K(559232K) From: 1238K(69888K)->1226K(69888K)
[475.283s][info][gc,heap        ] GC(813) Tenured: 7142K(1398144K)->7225K(1398144K)
[475.283s][info][gc,metaspace   ] GC(813) Metaspace: 14319K(15168K)->14319K(15168K) NonClass: 12375K(12864K)->12375K(12864K) Class: 1943K(2304K)->1943K(2304K)
[475.283s][info][gc             ] GC(813) Pause Young (Allocation Failure) 554M->8M(1979M) 54.264ms
[475.283s][info][gc,cpu         ] GC(813) User=0.05s Sys=0.00s Real=0.05s
[475.806s][info][gc,start       ] GC(814) Pause Young (Allocation Failure)
[475.861s][info][gc,heap        ] GC(814) DefNew: 560458K(629120K)->1233K(629120K) Eden: 559232K(559232K)->0K(559232K) From: 1226K(69888K)->1233K(69888K)
[475.861s][info][gc,heap        ] GC(814) Tenured: 7225K(1398144K)->7305K(1398144K)
[475.861s][info][gc,metaspace   ] GC(814) Metaspace: 14319K(15168K)->14319K(15168K) NonClass: 12375K(12864K)->12375K(12864K) Class: 1943K(2304K)->1943K(2304K)
[475.861s][info][gc             ] GC(814) Pause Young (Allocation Failure) 554M->8M(1979M) 55.142ms
[475.861s][info][gc,cpu         ] GC(814) User=0.06s Sys=0.00s Real=0.05s
[476.385s][info][gc,start       ] GC(815) Pause Young (Allocation Failure)
[476.439s][info][gc,heap        ] GC(815) DefNew: 560465K(629120K)->1229K(629120K) Eden: 559232K(559232K)->0K(559232K) From: 1233K(69888K)->1229K(69888K)
[476.439s][info][gc,heap        ] GC(815) Tenured: 7305K(1398144K)->7391K(1398144K)
[476.439s][info][gc,metaspace   ] GC(815) Metaspace: 14319K(15168K)->14319K(15168K) NonClass: 12375K(12864K)->12375K(12864K) Class: 1943K(2304K)->1943K(2304K)
[476.440s][info][gc             ] GC(815) Pause Young (Allocation Failure) 554M->8M(1979M) 54.057ms
[476.440s][info][gc,cpu         ] GC(815) User=0.06s Sys=0.00s Real=0.05s
[476.947s][info][gc,start       ] GC(816) Pause Young (Allocation Failure)
[477.005s][info][gc,heap        ] GC(816) DefNew: 560461K(629120K)->1224K(629120K) Eden: 559232K(559232K)->0K(559232K) From: 1229K(69888K)->1224K(69888K)
[477.005s][info][gc,heap        ] GC(816) Tenured: 7391K(1398144K)->7477K(1398144K)
[477.005s][info][gc,metaspace   ] GC(816) Metaspace: 14319K(15168K)->14319K(15168K) NonClass: 12375K(12864K)->12375K(12864K) Class: 1943K(2304K)->1943K(2304K)
[477.005s][info][gc             ] GC(816) Pause Young (Allocation Failure) 554M->8M(1979M) 58.246ms
[477.005s][info][gc,cpu         ] GC(816) User=0.05s Sys=0.00s Real=0.05s
[477.515s][info][gc,start       ] GC(817) Pause Young (Allocation Failure)
[477.573s][info][gc,heap        ] GC(817) DefNew: 560456K(629120K)->1225K(629120K) Eden: 559232K(559232K)->0K(559232K) From: 1224K(69888K)->1225K(69888K)
[477.573s][info][gc,heap        ] GC(817) Tenured: 7477K(1398144K)->7561K(1398144K)
[477.573s][info][gc,metaspace   ] GC(817) Metaspace: 14319K(15168K)->14319K(15168K) NonClass: 12375K(12864K)->12375K(12864K) Class: 1943K(2304K)->1943K(2304K)
[477.573s][info][gc             ] GC(817) Pause Young (Allocation Failure) 554M->8M(1979M) 58.117ms
[477.573s][info][gc,cpu         ] GC(817) User=0.03s Sys=0.00s Real=0.04s
[478.075s][info][gc,start       ] GC(818) Pause Young (Allocation Failure)
[478.123s][info][gc,heap        ] GC(818) DefNew: 560457K(629120K)->1220K(629120K) Eden: 559232K(559232K)->0K(559232K) From: 1225K(69888K)->1220K(69888K)
[478.123s][info][gc,heap        ] GC(818) Tenured: 7561K(1398144K)->7640K(1398144K)
[478.123s][info][gc,metaspace   ] GC(818) Metaspace: 14319K(15168K)->14319K(15168K) NonClass: 12375K(12864K)->12375K(12864K) Class: 1943K(2304K)->1943K(2304K)
[478.123s][info][gc             ] GC(818) Pause Young (Allocation Failure) 554M->8M(1979M) 48.843ms
[478.123s][info][gc,cpu         ] GC(818) User=0.05s Sys=0.00s Real=0.04s
[478.620s][info][gc,start       ] GC(819) Pause Young (Allocation Failure)
[478.670s][info][gc,heap        ] GC(819) DefNew: 560452K(629120K)->1213K(629120K) Eden: 559232K(559232K)->0K(559232K) From: 1220K(69888K)->1213K(69888K)
[478.670s][info][gc,heap        ] GC(819) Tenured: 7640K(1398144K)->7724K(1398144K)
[478.670s][info][gc,metaspace   ] GC(819) Metaspace: 14319K(15168K)->14319K(15168K) NonClass: 12375K(12864K)->12375K(12864K) Class: 1943K(2304K)->1943K(2304K)
[478.670s][info][gc             ] GC(819) Pause Young (Allocation Failure) 554M->8M(1979M) 49.839ms
[478.670s][info][gc,cpu         ] GC(819) User=0.05s Sys=0.00s Real=0.05s
[479.186s][info][gc,start       ] GC(820) Pause Young (Allocation Failure)
[479.250s][info][gc,heap        ] GC(820) DefNew: 560445K(629120K)->1216K(629120K) Eden: 559232K(559232K)->0K(559232K) From: 1213K(69888K)->1216K(69888K)
[479.250s][info][gc,heap        ] GC(820) Tenured: 7724K(1398144K)->7801K(1398144K)
[479.250s][info][gc,metaspace   ] GC(820) Metaspace: 14319K(15168K)->14319K(15168K) NonClass: 12375K(12864K)->12375K(12864K) Class: 1943K(2304K)->1943K(2304K)
[479.250s][info][gc             ] GC(820) Pause Young (Allocation Failure) 554M->8M(1979M) 63.308ms
[479.250s][info][gc,cpu         ] GC(820) User=0.08s Sys=0.00s Real=0.06s
[479.738s][info][gc,start       ] GC(821) Pause Young (Allocation Failure)
[479.801s][info][gc,heap        ] GC(821) DefNew: 560448K(629120K)->1212K(629120K) Eden: 559232K(559232K)->0K(559232K) From: 1216K(69888K)->1212K(69888K)
[479.801s][info][gc,heap        ] GC(821) Tenured: 7801K(1398144K)->7881K(1398144K)
[479.801s][info][gc,metaspace   ] GC(821) Metaspace: 14319K(15168K)->14319K(15168K) NonClass: 12375K(12864K)->12375K(12864K) Class: 1943K(2304K)->1943K(2304K)
[479.801s][info][gc             ] GC(821) Pause Young (Allocation Failure) 554M->8M(1979M) 62.808ms
[479.801s][info][gc,cpu         ] GC(821) User=0.05s Sys=0.00s Real=0.06s
[480.140s][info][gc,start       ] GC(822) Pause Full (System.gc())
[480.140s][info][gc,phases,start] GC(822) Phase 1: Mark live objects
[480.192s][info][gc,phases      ] GC(822) Phase 1: Mark live objects 52.025ms
[480.192s][info][gc,phases,start] GC(822) Phase 2: Compute new object addresses
[480.286s][info][gc,phases      ] GC(822) Phase 2: Compute new object addresses 93.973ms
[480.286s][info][gc,phases,start] GC(822) Phase 3: Adjust pointers
[480.311s][info][gc,phases      ] GC(822) Phase 3: Adjust pointers 24.520ms
[480.311s][info][gc,phases,start] GC(822) Phase 4: Move objects
[480.311s][info][gc,phases      ] GC(822) Phase 4: Move objects 0.012ms
[480.311s][info][gc,heap        ] GC(822) DefNew: 397170K(629120K)->0K(629120K) Eden: 395958K(559232K)->0K(559232K) From: 1212K(69888K)->0K(69888K)
[480.311s][info][gc,heap        ] GC(822) Tenured: 7881K(1398144K)->7881K(1398144K)
[480.311s][info][gc,metaspace   ] GC(822) Metaspace: 14319K(15168K)->14319K(15168K) NonClass: 12375K(12864K)->12375K(12864K) Class: 1943K(2304K)->1943K(2304K)
[480.311s][info][gc             ] GC(822) Pause Full (System.gc()) 395M->7M(1979M) 170.921ms
[480.311s][info][gc,cpu         ] GC(822) User=0.17s Sys=0.00s Real=0.17s
[480.796s][info][gc,start       ] GC(823) Pause Young (Allocation Failure)
[480.841s][info][gc,heap        ] GC(823) DefNew: 559232K(629120K)->1534K(629120K) Eden: 559232K(559232K)->0K(559232K) From: 0K(69888K)->1534K(69888K)
[480.841s][info][gc,heap        ] GC(823) Tenured: 7881K(1398144K)->7881K(1398144K)
[480.841s][info][gc,metaspace   ] GC(823) Metaspace: 14319K(15168K)->14319K(15168K) NonClass: 12375K(12864K)->12375K(12864K) Class: 1943K(2304K)->1943K(2304K)
[480.841s][info][gc             ] GC(823) Pause Young (Allocation Failure) 553M->9M(1979M) 44.826ms
[480.841s][info][gc,cpu         ] GC(823) User=0.03s Sys=0.00s Real=0.04s
[481.371s][info][gc,start       ] GC(824) Pause Young (Allocation Failure)
[481.424s][info][gc,heap        ] GC(824) DefNew: 560766K(629120K)->1616K(629120K) Eden: 559232K(559232K)->0K(559232K) From: 1534K(69888K)->1616K(69888K)
[481.424s][info][gc,heap        ] GC(824) Tenured: 7881K(1398144K)->7881K(1398144K)
[481.424s][info][gc,metaspace   ] GC(824) Metaspace: 14319K(15168K)->14319K(15168K) NonClass: 12375K(12864K)->12375K(12864K) Class: 1943K(2304K)->1943K(2304K)
[481.424s][info][gc             ] GC(824) Pause Young (Allocation Failure) 555M->9M(1979M) 52.766ms
[481.424s][info][gc,cpu         ] GC(824) User=0.06s Sys=0.00s Real=0.05s
[481.956s][info][gc,start       ] GC(825) Pause Young (Allocation Failure)
[482.015s][info][gc,heap        ] GC(825) DefNew: 560848K(629120K)->1700K(629120K) Eden: 559232K(559232K)->0K(559232K) From: 1616K(69888K)->1700K(69888K)
[482.015s][info][gc,heap        ] GC(825) Tenured: 7881K(1398144K)->7881K(1398144K)
[482.015s][info][gc,metaspace   ] GC(825) Metaspace: 14319K(15168K)->14319K(15168K) NonClass: 12375K(12864K)->12375K(12864K) Class: 1943K(2304K)->1943K(2304K)
[482.015s][info][gc             ] GC(825) Pause Young (Allocation Failure) 555M->9M(1979M) 59.570ms
[482.015s][info][gc,cpu         ] GC(825) User=0.05s Sys=0.00s Real=0.05s
[482.568s][info][gc,start       ] GC(826) Pause Young (Allocation Failure)
[482.624s][info][gc,heap        ] GC(826) DefNew: 560932K(629120K)->1784K(629120K) Eden: 559232K(559232K)->0K(559232K) From: 1700K(69888K)->1784K(69888K)
[482.624s][info][gc,heap        ] GC(826) Tenured: 7881K(1398144K)->7881K(1398144K)
[482.624s][info][gc,metaspace   ] GC(826) Metaspace: 14319K(15168K)->14319K(15168K) NonClass: 12375K(12864K)->12375K(12864K) Class: 1943K(2304K)->1943K(2304K)
[482.624s][info][gc             ] GC(826) Pause Young (Allocation Failure) 555M->9M(1979M) 56.111ms
[482.624s][info][gc,cpu         ] GC(826) User=0.05s Sys=0.00s Real=0.05s
[483.164s][info][gc,start       ] GC(827) Pause Young (Allocation Failure)
[483.223s][info][gc,heap        ] GC(827) DefNew: 561016K(629120K)->1868K(629120K) Eden: 559232K(559232K)->0K(559232K) From: 1784K(69888K)->1868K(69888K)
[483.223s][info][gc,heap        ] GC(827) Tenured: 7881K(1398144K)->7881K(1398144K)
[483.223s][info][gc,metaspace   ] GC(827) Metaspace: 14319K(15168K)->14319K(15168K) NonClass: 12375K(12864K)->12375K(12864K) Class: 1943K(2304K)->1943K(2304K)
[483.223s][info][gc             ] GC(827) Pause Young (Allocation Failure) 555M->9M(1979M) 58.693ms
[483.223s][info][gc,cpu         ] GC(827) User=0.05s Sys=0.00s Real=0.05s
[483.759s][info][gc,start       ] GC(828) Pause Young (Allocation Failure)
[483.818s][info][gc,heap        ] GC(828) DefNew: 561100K(629120K)->1953K(629120K) Eden: 559232K(559232K)->0K(559232K) From: 1868K(69888K)->1953K(69888K)
[483.818s][info][gc,heap        ] GC(828) Tenured: 7881K(1398144K)->7881K(1398144K)
[483.818s][info][gc,metaspace   ] GC(828) Metaspace: 14319K(15168K)->14319K(15168K) NonClass: 12375K(12864K)->12375K(12864K) Class: 1943K(2304K)->1943K(2304K)
[483.818s][info][gc             ] GC(828) Pause Young (Allocation Failure) 555M->9M(1979M) 59.382ms
[483.818s][info][gc,cpu         ] GC(828) User=0.06s Sys=0.00s Real=0.06s
[484.377s][info][gc,start       ] GC(829) Pause Young (Allocation Failure)
[484.439s][info][gc,heap        ] GC(829) DefNew: 561185K(629120K)->2041K(629120K) Eden: 559232K(559232K)->0K(559232K) From: 1953K(69888K)->2041K(69888K)
[484.439s][info][gc,heap        ] GC(829) Tenured: 7881K(1398144K)->7881K(1398144K)
[484.439s][info][gc,metaspace   ] GC(829) Metaspace: 14319K(15168K)->14319K(15168K) NonClass: 12375K(12864K)->12375K(12864K) Class: 1943K(2304K)->1943K(2304K)
[484.439s][info][gc             ] GC(829) Pause Young (Allocation Failure) 555M->9M(1979M) 62.404ms
[484.439s][info][gc,cpu         ] GC(829) User=0.05s Sys=0.00s Real=0.05s
[484.973s][info][gc,start       ] GC(830) Pause Young (Allocation Failure)
[485.034s][info][gc,heap        ] GC(830) DefNew: 561273K(629120K)->2123K(629120K) Eden: 559232K(559232K)->0K(559232K) From: 2041K(69888K)->2123K(69888K)
[485.034s][info][gc,heap        ] GC(830) Tenured: 7881K(1398144K)->7881K(1398144K)
[485.034s][info][gc,metaspace   ] GC(830) Metaspace: 14319K(15168K)->14319K(15168K) NonClass: 12375K(12864K)->12375K(12864K) Class: 1943K(2304K)->1943K(2304K)
[485.034s][info][gc             ] GC(830) Pause Young (Allocation Failure) 555M->9M(1979M) 60.735ms
[485.034s][info][gc,cpu         ] GC(830) User=0.06s Sys=0.00s Real=0.06s
[485.556s][info][gc,start       ] GC(831) Pause Young (Allocation Failure)
[485.619s][info][gc,heap        ] GC(831) DefNew: 561355K(629120K)->2204K(629120K) Eden: 559232K(559232K)->0K(559232K) From: 2123K(69888K)->2204K(69888K)
[485.619s][info][gc,heap        ] GC(831) Tenured: 7881K(1398144K)->7881K(1398144K)
[485.619s][info][gc,metaspace   ] GC(831) Metaspace: 14319K(15168K)->14319K(15168K) NonClass: 12375K(12864K)->12375K(12864K) Class: 1943K(2304K)->1943K(2304K)
[485.619s][info][gc             ] GC(831) Pause Young (Allocation Failure) 555M->9M(1979M) 62.793ms
[485.619s][info][gc,cpu         ] GC(831) User=0.05s Sys=0.00s Real=0.05s
[486.165s][info][gc,start       ] GC(832) Pause Young (Allocation Failure)
[486.222s][info][gc,heap        ] GC(832) DefNew: 561436K(629120K)->2285K(629120K) Eden: 559232K(559232K)->0K(559232K) From: 2204K(69888K)->2285K(69888K)
[486.222s][info][gc,heap        ] GC(832) Tenured: 7881K(1398144K)->7881K(1398144K)
[486.222s][info][gc,metaspace   ] GC(832) Metaspace: 14319K(15168K)->14319K(15168K) NonClass: 12375K(12864K)->12375K(12864K) Class: 1943K(2304K)->1943K(2304K)
[486.222s][info][gc             ] GC(832) Pause Young (Allocation Failure) 555M->9M(1979M) 57.044ms
[486.222s][info][gc,cpu         ] GC(832) User=0.05s Sys=0.00s Real=0.05s
[486.767s][info][gc,start       ] GC(833) Pause Young (Allocation Failure)
[486.824s][info][gc,heap        ] GC(833) DefNew: 561517K(629120K)->2368K(629120K) Eden: 559232K(559232K)->0K(559232K) From: 2285K(69888K)->2368K(69888K)
[486.824s][info][gc,heap        ] GC(833) Tenured: 7881K(1398144K)->7881K(1398144K)
[486.824s][info][gc,metaspace   ] GC(833) Metaspace: 14319K(15168K)->14319K(15168K) NonClass: 12375K(12864K)->12375K(12864K) Class: 1943K(2304K)->1943K(2304K)
[486.824s][info][gc             ] GC(833) Pause Young (Allocation Failure) 556M->10M(1979M) 57.340ms
[486.824s][info][gc,cpu         ] GC(833) User=0.05s Sys=0.00s Real=0.06s
[487.349s][info][gc,start       ] GC(834) Pause Young (Allocation Failure)
[487.405s][info][gc,heap        ] GC(834) DefNew: 561600K(629120K)->2450K(629120K) Eden: 559232K(559232K)->0K(559232K) From: 2368K(69888K)->2450K(69888K)
[487.405s][info][gc,heap        ] GC(834) Tenured: 7881K(1398144K)->7881K(1398144K)
[487.405s][info][gc,metaspace   ] GC(834) Metaspace: 14319K(15168K)->14319K(15168K) NonClass: 12375K(12864K)->12375K(12864K) Class: 1943K(2304K)->1943K(2304K)
[487.405s][info][gc             ] GC(834) Pause Young (Allocation Failure) 556M->10M(1979M) 56.591ms
[487.405s][info][gc,cpu         ] GC(834) User=0.05s Sys=0.00s Real=0.05s
[487.935s][info][gc,start       ] GC(835) Pause Young (Allocation Failure)
[487.982s][info][gc,heap        ] GC(835) DefNew: 561682K(629120K)->2530K(629120K) Eden: 559232K(559232K)->0K(559232K) From: 2450K(69888K)->2530K(69888K)
[487.982s][info][gc,heap        ] GC(835) Tenured: 7881K(1398144K)->7881K(1398144K)
[487.982s][info][gc,metaspace   ] GC(835) Metaspace: 14319K(15168K)->14319K(15168K) NonClass: 12375K(12864K)->12375K(12864K) Class: 1943K(2304K)->1943K(2304K)
[487.982s][info][gc             ] GC(835) Pause Young (Allocation Failure) 556M->10M(1979M) 46.910ms
[487.982s][info][gc,cpu         ] GC(835) User=0.05s Sys=0.00s Real=0.05s
[488.507s][info][gc,start       ] GC(836) Pause Young (Allocation Failure)
[488.569s][info][gc,heap        ] GC(836) DefNew: 561762K(629120K)->2606K(629120K) Eden: 559232K(559232K)->0K(559232K) From: 2530K(69888K)->2606K(69888K)
[488.569s][info][gc,heap        ] GC(836) Tenured: 7881K(1398144K)->7881K(1398144K)
[488.569s][info][gc,metaspace   ] GC(836) Metaspace: 14319K(15168K)->14319K(15168K) NonClass: 12375K(12864K)->12375K(12864K) Class: 1943K(2304K)->1943K(2304K)
[488.569s][info][gc             ] GC(836) Pause Young (Allocation Failure) 556M->10M(1979M) 62.264ms
[488.569s][info][gc,cpu         ] GC(836) User=0.06s Sys=0.00s Real=0.06s
[489.106s][info][gc,start       ] GC(837) Pause Young (Allocation Failure)
[489.168s][info][gc,heap        ] GC(837) DefNew: 561838K(629120K)->2686K(629120K) Eden: 559232K(559232K)->0K(559232K) From: 2606K(69888K)->2686K(69888K)
[489.168s][info][gc,heap        ] GC(837) Tenured: 7881K(1398144K)->7881K(1398144K)
[489.168s][info][gc,metaspace   ] GC(837) Metaspace: 14319K(15168K)->14319K(15168K) NonClass: 12375K(12864K)->12375K(12864K) Class: 1943K(2304K)->1943K(2304K)
[489.168s][info][gc             ] GC(837) Pause Young (Allocation Failure) 556M->10M(1979M) 61.824ms
[489.168s][info][gc,cpu         ] GC(837) User=0.06s Sys=0.00s Real=0.06s
[489.701s][info][gc,start       ] GC(838) Pause Young (Allocation Failure)
[489.760s][info][gc,heap        ] GC(838) DefNew: 561918K(629120K)->1240K(629120K) Eden: 559232K(559232K)->0K(559232K) From: 2686K(69888K)->1240K(69888K)
[489.760s][info][gc,heap        ] GC(838) Tenured: 7881K(1398144K)->9407K(1398144K)
[489.760s][info][gc,metaspace   ] GC(838) Metaspace: 14319K(15168K)->14319K(15168K) NonClass: 12375K(12864K)->12375K(12864K) Class: 1943K(2304K)->1943K(2304K)
[489.760s][info][gc             ] GC(838) Pause Young (Allocation Failure) 556M->10M(1979M) 59.079ms
[489.760s][info][gc,cpu         ] GC(838) User=0.05s Sys=0.00s Real=0.05s
[490.325s][info][gc,start       ] GC(839) Pause Young (Allocation Failure)
[490.380s][info][gc,heap        ] GC(839) DefNew: 560472K(629120K)->1245K(629120K) Eden: 559232K(559232K)->0K(559232K) From: 1240K(69888K)->1245K(69888K)
[490.380s][info][gc,heap        ] GC(839) Tenured: 9407K(1398144K)->9490K(1398144K)
[490.380s][info][gc,metaspace   ] GC(839) Metaspace: 14319K(15168K)->14319K(15168K) NonClass: 12375K(12864K)->12375K(12864K) Class: 1943K(2304K)->1943K(2304K)
[490.380s][info][gc             ] GC(839) Pause Young (Allocation Failure) 556M->10M(1979M) 54.517ms
[490.380s][info][gc,cpu         ] GC(839) User=0.05s Sys=0.00s Real=0.04s
[490.927s][info][gc,start       ] GC(840) Pause Young (Allocation Failure)
[490.987s][info][gc,heap        ] GC(840) DefNew: 560477K(629120K)->1244K(629120K) Eden: 559232K(559232K)->0K(559232K) From: 1245K(69888K)->1244K(69888K)
[490.987s][info][gc,heap        ] GC(840) Tenured: 9490K(1398144K)->9573K(1398144K)
[490.987s][info][gc,metaspace   ] GC(840) Metaspace: 14319K(15168K)->14319K(15168K) NonClass: 12375K(12864K)->12375K(12864K) Class: 1943K(2304K)->1943K(2304K)
[490.987s][info][gc             ] GC(840) Pause Young (Allocation Failure) 556M->10M(1979M) 59.922ms
[490.987s][info][gc,cpu         ] GC(840) User=0.05s Sys=0.00s Real=0.05s
[491.547s][info][gc,start       ] GC(841) Pause Young (Allocation Failure)
[491.605s][info][gc,heap        ] GC(841) DefNew: 560476K(629120K)->1249K(629120K) Eden: 559232K(559232K)->0K(559232K) From: 1244K(69888K)->1249K(69888K)
[491.605s][info][gc,heap        ] GC(841) Tenured: 9573K(1398144K)->9657K(1398144K)
[491.605s][info][gc,metaspace   ] GC(841) Metaspace: 14319K(15168K)->14319K(15168K) NonClass: 12375K(12864K)->12375K(12864K) Class: 1943K(2304K)->1943K(2304K)
[491.605s][info][gc             ] GC(841) Pause Young (Allocation Failure) 556M->10M(1979M) 57.959ms
[491.605s][info][gc,cpu         ] GC(841) User=0.05s Sys=0.00s Real=0.06s
[492.161s][info][gc,start       ] GC(842) Pause Young (Allocation Failure)
[492.209s][info][gc,heap        ] GC(842) DefNew: 560481K(629120K)->1252K(629120K) Eden: 559232K(559232K)->0K(559232K) From: 1249K(69888K)->1252K(69888K)
[492.209s][info][gc,heap        ] GC(842) Tenured: 9657K(1398144K)->9740K(1398144K)
[492.209s][info][gc,metaspace   ] GC(842) Metaspace: 14319K(15168K)->14319K(15168K) NonClass: 12375K(12864K)->12375K(12864K) Class: 1943K(2304K)->1943K(2304K)
[492.209s][info][gc             ] GC(842) Pause Young (Allocation Failure) 556M->10M(1979M) 48.623ms
[492.209s][info][gc,cpu         ] GC(842) User=0.05s Sys=0.00s Real=0.05s
[492.761s][info][gc,start       ] GC(843) Pause Young (Allocation Failure)
[492.810s][info][gc,heap        ] GC(843) DefNew: 560484K(629120K)->1250K(629120K) Eden: 559232K(559232K)->0K(559232K) From: 1252K(69888K)->1250K(69888K)
[492.810s][info][gc,heap        ] GC(843) Tenured: 9740K(1398144K)->9826K(1398144K)
[492.810s][info][gc,metaspace   ] GC(843) Metaspace: 14319K(15168K)->14319K(15168K) NonClass: 12375K(12864K)->12375K(12864K) Class: 1943K(2304K)->1943K(2304K)
[492.810s][info][gc             ] GC(843) Pause Young (Allocation Failure) 556M->10M(1979M) 48.714ms
[492.810s][info][gc,cpu         ] GC(843) User=0.05s Sys=0.00s Real=0.05s
[493.362s][info][gc,start       ] GC(844) Pause Young (Allocation Failure)
[493.412s][info][gc,heap        ] GC(844) DefNew: 560482K(629120K)->1248K(629120K) Eden: 559232K(559232K)->0K(559232K) From: 1250K(69888K)->1248K(69888K)
[493.412s][info][gc,heap        ] GC(844) Tenured: 9826K(1398144K)->9912K(1398144K)
[493.412s][info][gc,metaspace   ] GC(844) Metaspace: 14319K(15168K)->14319K(15168K) NonClass: 12375K(12864K)->12375K(12864K) Class: 1943K(2304K)->1943K(2304K)
[493.412s][info][gc             ] GC(844) Pause Young (Allocation Failure) 556M->10M(1979M) 49.634ms
[493.412s][info][gc,cpu         ] GC(844) User=0.03s Sys=0.00s Real=0.04s
[493.976s][info][gc,start       ] GC(845) Pause Young (Allocation Failure)
[494.022s][info][gc,heap        ] GC(845) DefNew: 560480K(629120K)->1252K(629120K) Eden: 559232K(559232K)->0K(559232K) From: 1248K(69888K)->1252K(69888K)
[494.022s][info][gc,heap        ] GC(845) Tenured: 9912K(1398144K)->9995K(1398144K)
[494.022s][info][gc,metaspace   ] GC(845) Metaspace: 14319K(15168K)->14319K(15168K) NonClass: 12375K(12864K)->12375K(12864K) Class: 1943K(2304K)->1943K(2304K)
[494.022s][info][gc             ] GC(845) Pause Young (Allocation Failure) 557M->10M(1979M) 46.041ms
[494.022s][info][gc,cpu         ] GC(845) User=0.03s Sys=0.00s Real=0.03s
[494.592s][info][gc,start       ] GC(846) Pause Young (Allocation Failure)
[494.638s][info][gc,heap        ] GC(846) DefNew: 560484K(629120K)->1261K(629120K) Eden: 559232K(559232K)->0K(559232K) From: 1252K(69888K)->1261K(69888K)
[494.638s][info][gc,heap        ] GC(846) Tenured: 9995K(1398144K)->10075K(1398144K)
[494.638s][info][gc,metaspace   ] GC(846) Metaspace: 14319K(15168K)->14319K(15168K) NonClass: 12375K(12864K)->12375K(12864K) Class: 1943K(2304K)->1943K(2304K)
[494.638s][info][gc             ] GC(846) Pause Young (Allocation Failure) 557M->11M(1979M) 46.043ms
[494.638s][info][gc,cpu         ] GC(846) User=0.05s Sys=0.00s Real=0.05s
[495.191s][info][gc,start       ] GC(847) Pause Young (Allocation Failure)
[495.237s][info][gc,heap        ] GC(847) DefNew: 560493K(629120K)->1264K(629120K) Eden: 559232K(559232K)->0K(559232K) From: 1261K(69888K)->1264K(69888K)
[495.237s][info][gc,heap        ] GC(847) Tenured: 10075K(1398144K)->10155K(1398144K)
[495.237s][info][gc,metaspace   ] GC(847) Metaspace: 14319K(15168K)->14319K(15168K) NonClass: 12375K(12864K)->12375K(12864K) Class: 1943K(2304K)->1943K(2304K)
[495.237s][info][gc             ] GC(847) Pause Young (Allocation Failure) 557M->11M(1979M) 46.691ms
[495.237s][info][gc,cpu         ] GC(847) User=0.05s Sys=0.00s Real=0.05s
[495.791s][info][gc,start       ] GC(848) Pause Young (Allocation Failure)
[495.854s][info][gc,heap        ] GC(848) DefNew: 560496K(629120K)->1267K(629120K) Eden: 559232K(559232K)->0K(559232K) From: 1264K(69888K)->1267K(69888K)
[495.854s][info][gc,heap        ] GC(848) Tenured: 10155K(1398144K)->10238K(1398144K)
[495.854s][info][gc,metaspace   ] GC(848) Metaspace: 14319K(15168K)->14319K(15168K) NonClass: 12375K(12864K)->12375K(12864K) Class: 1943K(2304K)->1943K(2304K)
[495.854s][info][gc             ] GC(848) Pause Young (Allocation Failure) 557M->11M(1979M) 62.749ms
[495.854s][info][gc,cpu         ] GC(848) User=0.06s Sys=0.00s Real=0.06s
[496.406s][info][gc,start       ] GC(849) Pause Young (Allocation Failure)
[496.469s][info][gc,heap        ] GC(849) DefNew: 560499K(629120K)->1267K(629120K) Eden: 559232K(559232K)->0K(559232K) From: 1267K(69888K)->1267K(69888K)
[496.469s][info][gc,heap        ] GC(849) Tenured: 10238K(1398144K)->10321K(1398144K)
[496.469s][info][gc,metaspace   ] GC(849) Metaspace: 14319K(15168K)->14319K(15168K) NonClass: 12375K(12864K)->12375K(12864K) Class: 1943K(2304K)->1943K(2304K)
[496.469s][info][gc             ] GC(849) Pause Young (Allocation Failure) 557M->11M(1979M) 63.139ms
[496.469s][info][gc,cpu         ] GC(849) User=0.05s Sys=0.00s Real=0.06s
[496.968s][info][gc,start       ] GC(850) Pause Young (Allocation Failure)
[497.023s][info][gc,heap        ] GC(850) DefNew: 560499K(629120K)->1266K(629120K) Eden: 559232K(559232K)->0K(559232K) From: 1267K(69888K)->1266K(69888K)
[497.023s][info][gc,heap        ] GC(850) Tenured: 10321K(1398144K)->10401K(1398144K)
[497.023s][info][gc,metaspace   ] GC(850) Metaspace: 14319K(15168K)->14319K(15168K) NonClass: 12375K(12864K)->12375K(12864K) Class: 1943K(2304K)->1943K(2304K)
[497.023s][info][gc             ] GC(850) Pause Young (Allocation Failure) 557M->11M(1979M) 54.665ms
[497.023s][info][gc,cpu         ] GC(850) User=0.03s Sys=0.00s Real=0.04s
[497.480s][info][gc,start       ] GC(851) Pause Full (System.gc())
[497.480s][info][gc,phases,start] GC(851) Phase 1: Mark live objects
[497.536s][info][gc,phases      ] GC(851) Phase 1: Mark live objects 56.150ms
[497.536s][info][gc,phases,start] GC(851) Phase 2: Compute new object addresses
[497.626s][info][gc,phases      ] GC(851) Phase 2: Compute new object addresses 89.295ms
[497.626s][info][gc,phases,start] GC(851) Phase 3: Adjust pointers
[497.654s][info][gc,phases      ] GC(851) Phase 3: Adjust pointers 28.053ms
[497.654s][info][gc,phases,start] GC(851) Phase 4: Move objects
[497.654s][info][gc,phases      ] GC(851) Phase 4: Move objects 0.013ms
[497.654s][info][gc,heap        ] GC(851) DefNew: 380934K(629120K)->0K(629120K) Eden: 379667K(559232K)->0K(559232K) From: 1266K(69888K)->0K(69888K)
[497.654s][info][gc,heap        ] GC(851) Tenured: 10401K(1398144K)->10401K(1398144K)
[497.654s][info][gc,metaspace   ] GC(851) Metaspace: 14319K(15168K)->14319K(15168K) NonClass: 12375K(12864K)->12375K(12864K) Class: 1943K(2304K)->1943K(2304K)
[497.654s][info][gc             ] GC(851) Pause Full (System.gc()) 382M->10M(1979M) 173.920ms
[497.654s][info][gc,cpu         ] GC(851) User=0.17s Sys=0.00s Real=0.17s
[498.146s][info][gc,start       ] GC(852) Pause Young (Allocation Failure)
[498.200s][info][gc,heap        ] GC(852) DefNew: 559232K(629120K)->1536K(629120K) Eden: 559232K(559232K)->0K(559232K) From: 0K(69888K)->1536K(69888K)
[498.201s][info][gc,heap        ] GC(852) Tenured: 10401K(1398144K)->10401K(1398144K)
[498.201s][info][gc,metaspace   ] GC(852) Metaspace: 14319K(15168K)->14319K(15168K) NonClass: 12375K(12864K)->12375K(12864K) Class: 1943K(2304K)->1943K(2304K)
[498.201s][info][gc             ] GC(852) Pause Young (Allocation Failure) 556M->11M(1979M) 54.647ms
[498.201s][info][gc,cpu         ] GC(852) User=0.05s Sys=0.00s Real=0.05s
[498.752s][info][gc,start       ] GC(853) Pause Young (Allocation Failure)
[498.807s][info][gc,heap        ] GC(853) DefNew: 560768K(629120K)->1623K(629120K) Eden: 559232K(559232K)->0K(559232K) From: 1536K(69888K)->1623K(69888K)
[498.807s][info][gc,heap        ] GC(853) Tenured: 10401K(1398144K)->10401K(1398144K)
[498.807s][info][gc,metaspace   ] GC(853) Metaspace: 14319K(15168K)->14319K(15168K) NonClass: 12375K(12864K)->12375K(12864K) Class: 1943K(2304K)->1943K(2304K)
[498.807s][info][gc             ] GC(853) Pause Young (Allocation Failure) 557M->11M(1979M) 55.584ms
[498.807s][info][gc,cpu         ] GC(853) User=0.05s Sys=0.00s Real=0.05s
[499.356s][info][gc,start       ] GC(854) Pause Young (Allocation Failure)
[499.417s][info][gc,heap        ] GC(854) DefNew: 560855K(629120K)->1712K(629120K) Eden: 559232K(559232K)->0K(559232K) From: 1623K(69888K)->1712K(69888K)
[499.417s][info][gc,heap        ] GC(854) Tenured: 10401K(1398144K)->10401K(1398144K)
[499.417s][info][gc,metaspace   ] GC(854) Metaspace: 14319K(15168K)->14319K(15168K) NonClass: 12375K(12864K)->12375K(12864K) Class: 1943K(2304K)->1943K(2304K)
[499.417s][info][gc             ] GC(854) Pause Young (Allocation Failure) 557M->11M(1979M) 61.522ms
[499.417s][info][gc,cpu         ] GC(854) User=0.05s Sys=0.00s Real=0.05s
[499.931s][info][gc,start       ] GC(855) Pause Young (Allocation Failure)
[499.992s][info][gc,heap        ] GC(855) DefNew: 560944K(629120K)->1786K(629120K) Eden: 559232K(559232K)->0K(559232K) From: 1712K(69888K)->1786K(69888K)
[499.992s][info][gc,heap        ] GC(855) Tenured: 10401K(1398144K)->10401K(1398144K)
[499.992s][info][gc,metaspace   ] GC(855) Metaspace: 14319K(15168K)->14319K(15168K) NonClass: 12375K(12864K)->12375K(12864K) Class: 1943K(2304K)->1943K(2304K)
[499.992s][info][gc             ] GC(855) Pause Young (Allocation Failure) 557M->11M(1979M) 60.503ms
[499.992s][info][gc,cpu         ] GC(855) User=0.06s Sys=0.00s Real=0.06s
[500.542s][info][gc,start       ] GC(856) Pause Young (Allocation Failure)
[500.598s][info][gc,heap        ] GC(856) DefNew: 561018K(629120K)->1871K(629120K) Eden: 559232K(559232K)->0K(559232K) From: 1786K(69888K)->1871K(69888K)
[500.598s][info][gc,heap        ] GC(856) Tenured: 10401K(1398144K)->10401K(1398144K)
[500.598s][info][gc,metaspace   ] GC(856) Metaspace: 14319K(15168K)->14319K(15168K) NonClass: 12375K(12864K)->12375K(12864K) Class: 1943K(2304K)->1943K(2304K)
[500.598s][info][gc             ] GC(856) Pause Young (Allocation Failure) 558M->11M(1979M) 55.786ms
[500.598s][info][gc,cpu         ] GC(856) User=0.03s Sys=0.00s Real=0.04s
[501.169s][info][gc,start       ] GC(857) Pause Young (Allocation Failure)
[501.227s][info][gc,heap        ] GC(857) DefNew: 561103K(629120K)->1960K(629120K) Eden: 559232K(559232K)->0K(559232K) From: 1871K(69888K)->1960K(69888K)
[501.227s][info][gc,heap        ] GC(857) Tenured: 10401K(1398144K)->10401K(1398144K)
[501.227s][info][gc,metaspace   ] GC(857) Metaspace: 14319K(15168K)->14319K(15168K) NonClass: 12375K(12864K)->12375K(12864K) Class: 1943K(2304K)->1943K(2304K)
[501.227s][info][gc             ] GC(857) Pause Young (Allocation Failure) 558M->12M(1979M) 57.430ms
[501.227s][info][gc,cpu         ] GC(857) User=0.05s Sys=0.00s Real=0.04s
[501.760s][info][gc,start       ] GC(858) Pause Young (Allocation Failure)
[501.817s][info][gc,heap        ] GC(858) DefNew: 561192K(629120K)->2048K(629120K) Eden: 559232K(559232K)->0K(559232K) From: 1960K(69888K)->2048K(69888K)
[501.817s][info][gc,heap        ] GC(858) Tenured: 10401K(1398144K)->10401K(1398144K)
[501.817s][info][gc,metaspace   ] GC(858) Metaspace: 14319K(15168K)->14319K(15168K) NonClass: 12375K(12864K)->12375K(12864K) Class: 1943K(2304K)->1943K(2304K)
[501.817s][info][gc             ] GC(858) Pause Young (Allocation Failure) 558M->12M(1979M) 57.562ms
[501.817s][info][gc,cpu         ] GC(858) User=0.05s Sys=0.00s Real=0.05s
[502.350s][info][gc,start       ] GC(859) Pause Young (Allocation Failure)
[502.408s][info][gc,heap        ] GC(859) DefNew: 561280K(629120K)->2131K(629120K) Eden: 559232K(559232K)->0K(559232K) From: 2048K(69888K)->2131K(69888K)
[502.408s][info][gc,heap        ] GC(859) Tenured: 10401K(1398144K)->10401K(1398144K)
[502.408s][info][gc,metaspace   ] GC(859) Metaspace: 14319K(15168K)->14319K(15168K) NonClass: 12375K(12864K)->12375K(12864K) Class: 1943K(2304K)->1943K(2304K)
[502.408s][info][gc             ] GC(859) Pause Young (Allocation Failure) 558M->12M(1979M) 58.392ms
[502.408s][info][gc,cpu         ] GC(859) User=0.06s Sys=0.00s Real=0.06s
[502.955s][info][gc,start       ] GC(860) Pause Young (Allocation Failure)
[503.015s][info][gc,heap        ] GC(860) DefNew: 561363K(629120K)->2220K(629120K) Eden: 559232K(559232K)->0K(559232K) From: 2131K(69888K)->2220K(69888K)
[503.015s][info][gc,heap        ] GC(860) Tenured: 10401K(1398144K)->10401K(1398144K)
[503.015s][info][gc,metaspace   ] GC(860) Metaspace: 14319K(15168K)->14319K(15168K) NonClass: 12375K(12864K)->12375K(12864K) Class: 1943K(2304K)->1943K(2304K)
[503.015s][info][gc             ] GC(860) Pause Young (Allocation Failure) 558M->12M(1979M) 59.854ms
[503.015s][info][gc,cpu         ] GC(860) User=0.05s Sys=0.00s Real=0.05s
[503.570s][info][gc,start       ] GC(861) Pause Young (Allocation Failure)
[503.633s][info][gc,heap        ] GC(861) DefNew: 561452K(629120K)->2307K(629120K) Eden: 559232K(559232K)->0K(559232K) From: 2220K(69888K)->2307K(69888K)
[503.633s][info][gc,heap        ] GC(861) Tenured: 10401K(1398144K)->10401K(1398144K)
[503.633s][info][gc,metaspace   ] GC(861) Metaspace: 14319K(15168K)->14319K(15168K) NonClass: 12375K(12864K)->12375K(12864K) Class: 1943K(2304K)->1943K(2304K)
[503.633s][info][gc             ] GC(861) Pause Young (Allocation Failure) 558M->12M(1979M) 62.913ms
[503.633s][info][gc,cpu         ] GC(861) User=0.05s Sys=0.00s Real=0.05s
[504.178s][info][gc,start       ] GC(862) Pause Young (Allocation Failure)
[504.238s][info][gc,heap        ] GC(862) DefNew: 561539K(629120K)->2392K(629120K) Eden: 559232K(559232K)->0K(559232K) From: 2307K(69888K)->2392K(69888K)
[504.238s][info][gc,heap        ] GC(862) Tenured: 10401K(1398144K)->10401K(1398144K)
[504.238s][info][gc,metaspace   ] GC(862) Metaspace: 14319K(15168K)->14319K(15168K) NonClass: 12375K(12864K)->12375K(12864K) Class: 1943K(2304K)->1943K(2304K)
[504.238s][info][gc             ] GC(862) Pause Young (Allocation Failure) 558M->12M(1979M) 60.002ms
[504.238s][info][gc,cpu         ] GC(862) User=0.06s Sys=0.00s Real=0.06s
[504.804s][info][gc,start       ] GC(863) Pause Young (Allocation Failure)
[504.850s][info][gc,heap        ] GC(863) DefNew: 561624K(629120K)->2478K(629120K) Eden: 559232K(559232K)->0K(559232K) From: 2392K(69888K)->2478K(69888K)
[504.850s][info][gc,heap        ] GC(863) Tenured: 10401K(1398144K)->10401K(1398144K)
[504.850s][info][gc,metaspace   ] GC(863) Metaspace: 14319K(15168K)->14319K(15168K) NonClass: 12375K(12864K)->12375K(12864K) Class: 1943K(2304K)->1943K(2304K)
[504.850s][info][gc             ] GC(863) Pause Young (Allocation Failure) 558M->12M(1979M) 46.017ms
[504.850s][info][gc,cpu         ] GC(863) User=0.05s Sys=0.00s Real=0.04s
[505.400s][info][gc,start       ] GC(864) Pause Young (Allocation Failure)
[505.444s][info][gc,heap        ] GC(864) DefNew: 561710K(629120K)->2565K(629120K) Eden: 559232K(559232K)->0K(559232K) From: 2478K(69888K)->2565K(69888K)
[505.444s][info][gc,heap        ] GC(864) Tenured: 10401K(1398144K)->10401K(1398144K)
[505.444s][info][gc,metaspace   ] GC(864) Metaspace: 14319K(15168K)->14319K(15168K) NonClass: 12375K(12864K)->12375K(12864K) Class: 1943K(2304K)->1943K(2304K)
[505.444s][info][gc             ] GC(864) Pause Young (Allocation Failure) 558M->12M(1979M) 44.710ms
[505.444s][info][gc,cpu         ] GC(864) User=0.05s Sys=0.00s Real=0.04s
[505.973s][info][gc,start       ] GC(865) Pause Young (Allocation Failure)
[506.033s][info][gc,heap        ] GC(865) DefNew: 561797K(629120K)->2648K(629120K) Eden: 559232K(559232K)->0K(559232K) From: 2565K(69888K)->2648K(69888K)
[506.033s][info][gc,heap        ] GC(865) Tenured: 10401K(1398144K)->10401K(1398144K)
[506.033s][info][gc,metaspace   ] GC(865) Metaspace: 14319K(15168K)->14319K(15168K) NonClass: 12375K(12864K)->12375K(12864K) Class: 1943K(2304K)->1943K(2304K)
[506.033s][info][gc             ] GC(865) Pause Young (Allocation Failure) 558M->12M(1979M) 59.780ms
[506.033s][info][gc,cpu         ] GC(865) User=0.05s Sys=0.00s Real=0.05s
[506.568s][info][gc,start       ] GC(866) Pause Young (Allocation Failure)
[506.628s][info][gc,heap        ] GC(866) DefNew: 561880K(629120K)->2730K(629120K) Eden: 559232K(559232K)->0K(559232K) From: 2648K(69888K)->2730K(69888K)
[506.628s][info][gc,heap        ] GC(866) Tenured: 10401K(1398144K)->10401K(1398144K)
[506.628s][info][gc,metaspace   ] GC(866) Metaspace: 14319K(15168K)->14319K(15168K) NonClass: 12375K(12864K)->12375K(12864K) Class: 1943K(2304K)->1943K(2304K)
[506.628s][info][gc             ] GC(866) Pause Young (Allocation Failure) 558M->12M(1979M) 59.370ms
[506.628s][info][gc,cpu         ] GC(866) User=0.06s Sys=0.00s Real=0.06s
[507.148s][info][gc,start       ] GC(867) Pause Young (Allocation Failure)
[507.196s][info][gc,heap        ] GC(867) DefNew: 561962K(629120K)->1284K(629120K) Eden: 559232K(559232K)->0K(559232K) From: 2730K(69888K)->1284K(69888K)
[507.196s][info][gc,heap        ] GC(867) Tenured: 10401K(1398144K)->11929K(1398144K)
[507.196s][info][gc,metaspace   ] GC(867) Metaspace: 14319K(15168K)->14319K(15168K) NonClass: 12375K(12864K)->12375K(12864K) Class: 1943K(2304K)->1943K(2304K)
[507.196s][info][gc             ] GC(867) Pause Young (Allocation Failure) 558M->12M(1979M) 47.999ms
[507.196s][info][gc,cpu         ] GC(867) User=0.05s Sys=0.00s Real=0.05s
[507.753s][info][gc,start       ] GC(868) Pause Young (Allocation Failure)
[507.803s][info][gc,heap        ] GC(868) DefNew: 560516K(629120K)->1280K(629120K) Eden: 559232K(559232K)->0K(559232K) From: 1284K(69888K)->1280K(69888K)
[507.803s][info][gc,heap        ] GC(868) Tenured: 11929K(1398144K)->12015K(1398144K)
[507.803s][info][gc,metaspace   ] GC(868) Metaspace: 14319K(15168K)->14319K(15168K) NonClass: 12375K(12864K)->12375K(12864K) Class: 1943K(2304K)->1943K(2304K)
[507.803s][info][gc             ] GC(868) Pause Young (Allocation Failure) 559M->12M(1979M) 49.537ms
[507.803s][info][gc,cpu         ] GC(868) User=0.05s Sys=0.00s Real=0.05s
[508.362s][info][gc,start       ] GC(869) Pause Young (Allocation Failure)
[508.422s][info][gc,heap        ] GC(869) DefNew: 560512K(629120K)->1276K(629120K) Eden: 559232K(559232K)->0K(559232K) From: 1280K(69888K)->1276K(69888K)
[508.423s][info][gc,heap        ] GC(869) Tenured: 12015K(1398144K)->12105K(1398144K)
[508.423s][info][gc,metaspace   ] GC(869) Metaspace: 14319K(15168K)->14319K(15168K) NonClass: 12375K(12864K)->12375K(12864K) Class: 1943K(2304K)->1943K(2304K)
[508.423s][info][gc             ] GC(869) Pause Young (Allocation Failure) 559M->13M(1979M) 60.311ms
[508.423s][info][gc,cpu         ] GC(869) User=0.05s Sys=0.00s Real=0.05s
[509.004s][info][gc,start       ] GC(870) Pause Young (Allocation Failure)
[509.061s][info][gc,heap        ] GC(870) DefNew: 560508K(629120K)->1291K(629120K) Eden: 559232K(559232K)->0K(559232K) From: 1276K(69888K)->1291K(69888K)
[509.061s][info][gc,heap        ] GC(870) Tenured: 12105K(1398144K)->12178K(1398144K)
[509.061s][info][gc,metaspace   ] GC(870) Metaspace: 14319K(15168K)->14319K(15168K) NonClass: 12375K(12864K)->12375K(12864K) Class: 1943K(2304K)->1943K(2304K)
[509.061s][info][gc             ] GC(870) Pause Young (Allocation Failure) 559M->13M(1979M) 57.669ms
[509.061s][info][gc,cpu         ] GC(870) User=0.05s Sys=0.00s Real=0.06s
[509.614s][info][gc,start       ] GC(871) Pause Young (Allocation Failure)
[509.669s][info][gc,heap        ] GC(871) DefNew: 560523K(629120K)->1288K(629120K) Eden: 559232K(559232K)->0K(559232K) From: 1291K(69888K)->1288K(69888K)
[509.669s][info][gc,heap        ] GC(871) Tenured: 12178K(1398144K)->12264K(1398144K)
[509.669s][info][gc,metaspace   ] GC(871) Metaspace: 14319K(15168K)->14319K(15168K) NonClass: 12375K(12864K)->12375K(12864K) Class: 1943K(2304K)->1943K(2304K)
[509.669s][info][gc             ] GC(871) Pause Young (Allocation Failure) 559M->13M(1979M) 55.465ms
[509.669s][info][gc,cpu         ] GC(871) User=0.05s Sys=0.00s Real=0.06s
[510.229s][info][gc,start       ] GC(872) Pause Young (Allocation Failure)
[510.290s][info][gc,heap        ] GC(872) DefNew: 560520K(629120K)->1285K(629120K) Eden: 559232K(559232K)->0K(559232K) From: 1288K(69888K)->1285K(69888K)
[510.290s][info][gc,heap        ] GC(872) Tenured: 12264K(1398144K)->12353K(1398144K)
[510.290s][info][gc,metaspace   ] GC(872) Metaspace: 14319K(15168K)->14319K(15168K) NonClass: 12375K(12864K)->12375K(12864K) Class: 1943K(2304K)->1943K(2304K)
[510.290s][info][gc             ] GC(872) Pause Young (Allocation Failure) 559M->13M(1979M) 60.754ms
[510.290s][info][gc,cpu         ] GC(872) User=0.05s Sys=0.00s Real=0.05s
[510.850s][info][gc,start       ] GC(873) Pause Young (Allocation Failure)
[510.912s][info][gc,heap        ] GC(873) DefNew: 560517K(629120K)->1283K(629120K) Eden: 559232K(559232K)->0K(559232K) From: 1285K(69888K)->1283K(69888K)
[510.912s][info][gc,heap        ] GC(873) Tenured: 12353K(1398144K)->12440K(1398144K)
[510.912s][info][gc,metaspace   ] GC(873) Metaspace: 14319K(15168K)->14319K(15168K) NonClass: 12375K(12864K)->12375K(12864K) Class: 1943K(2304K)->1943K(2304K)
[510.912s][info][gc             ] GC(873) Pause Young (Allocation Failure) 559M->13M(1979M) 62.517ms
[510.912s][info][gc,cpu         ] GC(873) User=0.06s Sys=0.00s Real=0.06s
[511.468s][info][gc,start       ] GC(874) Pause Young (Allocation Failure)
[511.531s][info][gc,heap        ] GC(874) DefNew: 560515K(629120K)->1286K(629120K) Eden: 559232K(559232K)->0K(559232K) From: 1283K(69888K)->1286K(69888K)
[511.531s][info][gc,heap        ] GC(874) Tenured: 12440K(1398144K)->12523K(1398144K)
[511.531s][info][gc,metaspace   ] GC(874) Metaspace: 14319K(15168K)->14319K(15168K) NonClass: 12375K(12864K)->12375K(12864K) Class: 1943K(2304K)->1943K(2304K)
[511.531s][info][gc             ] GC(874) Pause Young (Allocation Failure) 559M->13M(1979M) 62.739ms
[511.531s][info][gc,cpu         ] GC(874) User=0.06s Sys=0.00s Real=0.06s
[512.208s][info][gc,start       ] GC(875) Pause Young (Allocation Failure)
[512.265s][info][gc,heap        ] GC(875) DefNew: 560518K(629120K)->1284K(629120K) Eden: 559232K(559232K)->0K(559232K) From: 1286K(69888K)->1284K(69888K)
[512.265s][info][gc,heap        ] GC(875) Tenured: 12523K(1398144K)->12612K(1398144K)
[512.265s][info][gc,metaspace   ] GC(875) Metaspace: 14319K(15168K)->14319K(15168K) NonClass: 12375K(12864K)->12375K(12864K) Class: 1943K(2304K)->1943K(2304K)
[512.265s][info][gc             ] GC(875) Pause Young (Allocation Failure) 559M->13M(1979M) 57.101ms
[512.265s][info][gc,cpu         ] GC(875) User=0.05s Sys=0.00s Real=0.05s
[512.855s][info][gc,start       ] GC(876) Pause Young (Allocation Failure)
[512.900s][info][gc,heap        ] GC(876) DefNew: 560516K(629120K)->1291K(629120K) Eden: 559232K(559232K)->0K(559232K) From: 1284K(69888K)->1291K(69888K)
[512.900s][info][gc,heap        ] GC(876) Tenured: 12612K(1398144K)->12698K(1398144K)
[512.900s][info][gc,metaspace   ] GC(876) Metaspace: 14319K(15168K)->14319K(15168K) NonClass: 12375K(12864K)->12375K(12864K) Class: 1943K(2304K)->1943K(2304K)
[512.900s][info][gc             ] GC(876) Pause Young (Allocation Failure) 559M->13M(1979M) 44.956ms
[512.900s][info][gc,cpu         ] GC(876) User=0.03s Sys=0.00s Real=0.03s
[513.461s][info][gc,start       ] GC(877) Pause Young (Allocation Failure)
[513.508s][info][gc,heap        ] GC(877) DefNew: 560523K(629120K)->1287K(629120K) Eden: 559232K(559232K)->0K(559232K) From: 1291K(69888K)->1287K(69888K)
[513.509s][info][gc,heap        ] GC(877) Tenured: 12698K(1398144K)->12784K(1398144K)
[513.509s][info][gc,metaspace   ] GC(877) Metaspace: 14319K(15168K)->14319K(15168K) NonClass: 12375K(12864K)->12375K(12864K) Class: 1943K(2304K)->1943K(2304K)
[513.509s][info][gc             ] GC(877) Pause Young (Allocation Failure) 559M->13M(1979M) 47.683ms
[513.509s][info][gc,cpu         ] GC(877) User=0.05s Sys=0.00s Real=0.05s
[514.062s][info][gc,start       ] GC(878) Pause Young (Allocation Failure)
[514.127s][info][gc,heap        ] GC(878) DefNew: 560519K(629120K)->1287K(629120K) Eden: 559232K(559232K)->0K(559232K) From: 1287K(69888K)->1287K(69888K)
[514.127s][info][gc,heap        ] GC(878) Tenured: 12784K(1398144K)->12870K(1398144K)
[514.127s][info][gc,metaspace   ] GC(878) Metaspace: 14319K(15168K)->14319K(15168K) NonClass: 12375K(12864K)->12375K(12864K) Class: 1943K(2304K)->1943K(2304K)
[514.127s][info][gc             ] GC(878) Pause Young (Allocation Failure) 559M->13M(1979M) 65.374ms
[514.127s][info][gc,cpu         ] GC(878) User=0.06s Sys=0.00s Real=0.06s
[514.555s][info][gc,start       ] GC(879) Pause Young (Allocation Failure)
[514.622s][info][gc,heap        ] GC(879) DefNew: 560519K(629120K)->1266K(629120K) Eden: 559232K(559232K)->0K(559232K) From: 1287K(69888K)->1266K(69888K)
[514.622s][info][gc,heap        ] GC(879) Tenured: 12870K(1398144K)->12956K(1398144K)
[514.622s][info][gc,metaspace   ] GC(879) Metaspace: 14319K(15168K)->14319K(15168K) NonClass: 12375K(12864K)->12375K(12864K) Class: 1943K(2304K)->1943K(2304K)
[514.622s][info][gc             ] GC(879) Pause Young (Allocation Failure) 559M->13M(1979M) 66.276ms
[514.622s][info][gc,cpu         ] GC(879) User=0.06s Sys=0.00s Real=0.06s
[515.395s][info][gc,heap,exit   ] Heap
[515.395s][info][gc,heap,exit   ]  def new generation   total 629120K, used 276881K [0x0000000080000000, 0x00000000aaaa0000, 0x00000000aaaa0000)
[515.395s][info][gc,heap,exit   ]   eden space 559232K,  49% used [0x0000000080000000, 0x0000000090d27be8, 0x00000000a2220000)
[515.395s][info][gc,heap,exit   ]   from space 69888K,   1% used [0x00000000a2220000, 0x00000000a235c8d8, 0x00000000a6660000)
[515.395s][info][gc,heap,exit   ]   to   space 69888K,   0% used [0x00000000a6660000, 0x00000000a6660000, 0x00000000aaaa0000)
[515.395s][info][gc,heap,exit   ]  tenured generation   total 1398144K, used 12956K [0x00000000aaaa0000, 0x0000000100000000, 0x0000000100000000)
[515.395s][info][gc,heap,exit   ]    the space 1398144K,   0% used [0x00000000aaaa0000, 0x00000000ab7472b8, 0x00000000ab747400, 0x0000000100000000)
[515.395s][info][gc,heap,exit   ]  Metaspace       used 14378K, committed 15232K, reserved 1114112K
[515.395s][info][gc,heap,exit   ]   class space    used 1952K, committed 2304K, reserved 1048576K
