[0.017s][info][gc,init] CardTable entry size: 512
[0.017s][info][gc     ] Using Serial
[0.021s][info][gc,init] Version: 20+36-2344 (release)
[0.022s][info][gc,init] CPUs: 48 total, 48 available
[0.022s][info][gc,init] Memory: 382G
[0.022s][info][gc,init] Large Page Support: Disabled
[0.022s][info][gc,init] NUMA Support: Disabled
[0.022s][info][gc,init] Compressed Oops: Enabled (32-bit)
[0.022s][info][gc,init] Heap Min Capacity: 8M
[0.022s][info][gc,init] Heap Initial Capacity: 1G
[0.022s][info][gc,init] Heap Max Capacity: 1G
[0.022s][info][gc,init] Pre-touch: Disabled
[0.025s][info][gc,metaspace] CDS archive(s) mapped at: [0x0000000800000000-0x0000000800c60000-0x0000000800c60000), size 12976128, SharedBaseAddress: 0x0000000800000000, ArchiveRelocationMode: 0.
[0.025s][info][gc,metaspace] Compressed class space mapped at: 0x0000000801000000-0x0000000841000000, reserved size: 1073741824
[0.025s][info][gc,metaspace] Narrow klass base: 0x0000000800000000, Narrow klass shift: 0, Narrow klass range: 0x100000000
[1.149s][info][gc,start    ] GC(0) Pause Full (System.gc())
[1.149s][info][gc,phases,start] GC(0) Phase 1: Mark live objects
[1.161s][info][gc,phases      ] GC(0) Phase 1: Mark live objects 12.166ms
[1.161s][info][gc,phases,start] GC(0) Phase 2: Compute new object addresses
[1.167s][info][gc,phases      ] GC(0) Phase 2: Compute new object addresses 6.151ms
[1.167s][info][gc,phases,start] GC(0) Phase 3: Adjust pointers
[1.172s][info][gc,phases      ] GC(0) Phase 3: Adjust pointers 4.772ms
[1.172s][info][gc,phases,start] GC(0) Phase 4: Move objects
[1.176s][info][gc,phases      ] GC(0) Phase 4: Move objects 3.925ms
[1.177s][info][gc,heap        ] GC(0) DefNew: 67141K(314560K)->0K(314560K) Eden: 67141K(279616K)->0K(279616K) From: 0K(34944K)->0K(34944K)
[1.177s][info][gc,heap        ] GC(0) Tenured: 0K(699072K)->3469K(699072K)
[1.177s][info][gc,metaspace   ] GC(0) Metaspace: 8237K(8448K)->8237K(8448K) NonClass: 7129K(7232K)->7129K(7232K) Class: 1108K(1216K)->1108K(1216K)
[1.177s][info][gc             ] GC(0) Pause Full (System.gc()) 65M->3M(989M) 28.287ms
[1.177s][info][gc,cpu         ] GC(0) User=0.02s Sys=0.00s Real=0.02s
[2.467s][info][gc,start       ] GC(1) Pause Young (Allocation Failure)
[2.475s][info][gc,heap        ] GC(1) DefNew: 279616K(314560K)->3502K(314560K) Eden: 279616K(279616K)->0K(279616K) From: 0K(34944K)->3502K(34944K)
[2.475s][info][gc,heap        ] GC(1) Tenured: 3469K(699072K)->3469K(699072K)
[2.475s][info][gc,metaspace   ] GC(1) Metaspace: 14484K(15040K)->14484K(15040K) NonClass: 12443K(12736K)->12443K(12736K) Class: 2041K(2304K)->2041K(2304K)
[2.475s][info][gc             ] GC(1) Pause Young (Allocation Failure) 276M->6M(989M) 8.415ms
[2.475s][info][gc,cpu         ] GC(1) User=0.08s Sys=0.00s Real=0.01s
[2.713s][info][gc,start       ] GC(2) Pause Young (Allocation Failure)
[2.728s][info][gc,heap        ] GC(2) DefNew: 283118K(314560K)->3548K(314560K) Eden: 279616K(279616K)->0K(279616K) From: 3502K(34944K)->3548K(34944K)
[2.728s][info][gc,heap        ] GC(2) Tenured: 3469K(699072K)->3469K(699072K)
[2.728s][info][gc,metaspace   ] GC(2) Metaspace: 14490K(15040K)->14490K(15040K) NonClass: 12449K(12736K)->12449K(12736K) Class: 2041K(2304K)->2041K(2304K)
[2.728s][info][gc             ] GC(2) Pause Young (Allocation Failure) 279M->6M(989M) 15.345ms
[2.728s][info][gc,cpu         ] GC(2) User=0.03s Sys=0.00s Real=0.01s
[2.994s][info][gc,start       ] GC(3) Pause Young (Allocation Failure)
[3.011s][info][gc,heap        ] GC(3) DefNew: 283164K(314560K)->3589K(314560K) Eden: 279616K(279616K)->0K(279616K) From: 3548K(34944K)->3589K(34944K)
[3.011s][info][gc,heap        ] GC(3) Tenured: 3469K(699072K)->3469K(699072K)
[3.011s][info][gc,metaspace   ] GC(3) Metaspace: 14490K(15040K)->14490K(15040K) NonClass: 12449K(12736K)->12449K(12736K) Class: 2041K(2304K)->2041K(2304K)
[3.011s][info][gc             ] GC(3) Pause Young (Allocation Failure) 279M->6M(989M) 16.491ms
[3.011s][info][gc,cpu         ] GC(3) User=0.02s Sys=0.00s Real=0.01s
[3.281s][info][gc,start       ] GC(4) Pause Young (Allocation Failure)
[3.296s][info][gc,heap        ] GC(4) DefNew: 283205K(314560K)->3631K(314560K) Eden: 279616K(279616K)->0K(279616K) From: 3589K(34944K)->3631K(34944K)
[3.297s][info][gc,heap        ] GC(4) Tenured: 3469K(699072K)->3469K(699072K)
[3.297s][info][gc,metaspace   ] GC(4) Metaspace: 14490K(15040K)->14490K(15040K) NonClass: 12449K(12736K)->12449K(12736K) Class: 2041K(2304K)->2041K(2304K)
[3.297s][info][gc             ] GC(4) Pause Young (Allocation Failure) 279M->6M(989M) 15.920ms
[3.297s][info][gc,cpu         ] GC(4) User=0.02s Sys=0.00s Real=0.02s
[3.527s][info][gc,start       ] GC(5) Pause Young (Allocation Failure)
[3.546s][info][gc,heap        ] GC(5) DefNew: 283247K(314560K)->3669K(314560K) Eden: 279616K(279616K)->0K(279616K) From: 3631K(34944K)->3669K(34944K)
[3.546s][info][gc,heap        ] GC(5) Tenured: 3469K(699072K)->3469K(699072K)
[3.546s][info][gc,metaspace   ] GC(5) Metaspace: 14490K(15040K)->14490K(15040K) NonClass: 12449K(12736K)->12449K(12736K) Class: 2041K(2304K)->2041K(2304K)
[3.546s][info][gc             ] GC(5) Pause Young (Allocation Failure) 279M->6M(989M) 19.273ms
[3.546s][info][gc,cpu         ] GC(5) User=0.02s Sys=0.00s Real=0.02s
[3.851s][info][gc,start       ] GC(6) Pause Young (Allocation Failure)
[3.873s][info][gc,heap        ] GC(6) DefNew: 283285K(314560K)->3716K(314560K) Eden: 279616K(279616K)->0K(279616K) From: 3669K(34944K)->3716K(34944K)
[3.873s][info][gc,heap        ] GC(6) Tenured: 3469K(699072K)->3469K(699072K)
[3.873s][info][gc,metaspace   ] GC(6) Metaspace: 14490K(15040K)->14490K(15040K) NonClass: 12449K(12736K)->12449K(12736K) Class: 2041K(2304K)->2041K(2304K)
[3.873s][info][gc             ] GC(6) Pause Young (Allocation Failure) 280M->7M(989M) 22.086ms
[3.873s][info][gc,cpu         ] GC(6) User=0.02s Sys=0.00s Real=0.02s
[4.157s][info][gc,start       ] GC(7) Pause Young (Allocation Failure)
[4.176s][info][gc,heap        ] GC(7) DefNew: 283332K(314560K)->3761K(314560K) Eden: 279616K(279616K)->0K(279616K) From: 3716K(34944K)->3761K(34944K)
[4.176s][info][gc,heap        ] GC(7) Tenured: 3469K(699072K)->3469K(699072K)
[4.176s][info][gc,metaspace   ] GC(7) Metaspace: 14490K(15040K)->14490K(15040K) NonClass: 12449K(12736K)->12449K(12736K) Class: 2041K(2304K)->2041K(2304K)
[4.176s][info][gc             ] GC(7) Pause Young (Allocation Failure) 280M->7M(989M) 18.870ms
[4.176s][info][gc,cpu         ] GC(7) User=0.02s Sys=0.00s Real=0.01s
[4.403s][info][gc,start       ] GC(8) Pause Young (Allocation Failure)
[4.422s][info][gc,heap        ] GC(8) DefNew: 283377K(314560K)->3796K(314560K) Eden: 279616K(279616K)->0K(279616K) From: 3761K(34944K)->3796K(34944K)
[4.422s][info][gc,heap        ] GC(8) Tenured: 3469K(699072K)->3469K(699072K)
[4.422s][info][gc,metaspace   ] GC(8) Metaspace: 14490K(15040K)->14490K(15040K) NonClass: 12449K(12736K)->12449K(12736K) Class: 2041K(2304K)->2041K(2304K)
[4.422s][info][gc             ] GC(8) Pause Young (Allocation Failure) 280M->7M(989M) 18.746ms
[4.422s][info][gc,cpu         ] GC(8) User=0.02s Sys=0.00s Real=0.02s
[4.701s][info][gc,start       ] GC(9) Pause Young (Allocation Failure)
[4.721s][info][gc,heap        ] GC(9) DefNew: 283412K(314560K)->3842K(314560K) Eden: 279616K(279616K)->0K(279616K) From: 3796K(34944K)->3842K(34944K)
[4.721s][info][gc,heap        ] GC(9) Tenured: 3469K(699072K)->3469K(699072K)
[4.721s][info][gc,metaspace   ] GC(9) Metaspace: 14490K(15040K)->14490K(15040K) NonClass: 12449K(12736K)->12449K(12736K) Class: 2041K(2304K)->2041K(2304K)
[4.721s][info][gc             ] GC(9) Pause Young (Allocation Failure) 280M->7M(989M) 19.593ms
[4.721s][info][gc,cpu         ] GC(9) User=0.00s Sys=0.00s Real=0.01s
[4.978s][info][gc,start       ] GC(10) Pause Young (Allocation Failure)
[4.995s][info][gc,heap        ] GC(10) DefNew: 283458K(314560K)->3885K(314560K) Eden: 279616K(279616K)->0K(279616K) From: 3842K(34944K)->3885K(34944K)
[4.995s][info][gc,heap        ] GC(10) Tenured: 3469K(699072K)->3469K(699072K)
[4.995s][info][gc,metaspace   ] GC(10) Metaspace: 14490K(15040K)->14490K(15040K) NonClass: 12449K(12736K)->12449K(12736K) Class: 2041K(2304K)->2041K(2304K)
[4.995s][info][gc             ] GC(10) Pause Young (Allocation Failure) 280M->7M(989M) 17.685ms
[4.995s][info][gc,cpu         ] GC(10) User=0.02s Sys=0.00s Real=0.02s
[5.287s][info][gc,start       ] GC(11) Pause Young (Allocation Failure)
[5.305s][info][gc,heap        ] GC(11) DefNew: 283501K(314560K)->3932K(314560K) Eden: 279616K(279616K)->0K(279616K) From: 3885K(34944K)->3932K(34944K)
[5.305s][info][gc,heap        ] GC(11) Tenured: 3469K(699072K)->3469K(699072K)
[5.305s][info][gc,metaspace   ] GC(11) Metaspace: 14490K(15040K)->14490K(15040K) NonClass: 12449K(12736K)->12449K(12736K) Class: 2041K(2304K)->2041K(2304K)
[5.305s][info][gc             ] GC(11) Pause Young (Allocation Failure) 280M->7M(989M) 18.235ms
[5.305s][info][gc,cpu         ] GC(11) User=0.02s Sys=0.00s Real=0.02s
[5.580s][info][gc,start       ] GC(12) Pause Young (Allocation Failure)
[5.597s][info][gc,heap        ] GC(12) DefNew: 283548K(314560K)->3973K(314560K) Eden: 279616K(279616K)->0K(279616K) From: 3932K(34944K)->3973K(34944K)
[5.597s][info][gc,heap        ] GC(12) Tenured: 3469K(699072K)->3469K(699072K)
[5.597s][info][gc,metaspace   ] GC(12) Metaspace: 14490K(15040K)->14490K(15040K) NonClass: 12449K(12736K)->12449K(12736K) Class: 2041K(2304K)->2041K(2304K)
[5.597s][info][gc             ] GC(12) Pause Young (Allocation Failure) 280M->7M(989M) 17.316ms
[5.598s][info][gc,cpu         ] GC(12) User=0.00s Sys=0.00s Real=0.00s
[5.814s][info][gc,start       ] GC(13) Pause Young (Allocation Failure)
[5.830s][info][gc,heap        ] GC(13) DefNew: 283589K(314560K)->4009K(314560K) Eden: 279616K(279616K)->0K(279616K) From: 3973K(34944K)->4009K(34944K)
[5.830s][info][gc,heap        ] GC(13) Tenured: 3469K(699072K)->3469K(699072K)
[5.830s][info][gc,metaspace   ] GC(13) Metaspace: 14490K(15040K)->14490K(15040K) NonClass: 12449K(12736K)->12449K(12736K) Class: 2041K(2304K)->2041K(2304K)
[5.830s][info][gc             ] GC(13) Pause Young (Allocation Failure) 280M->7M(989M) 16.711ms
[5.830s][info][gc,cpu         ] GC(13) User=0.02s Sys=0.00s Real=0.02s
[6.106s][info][gc,start       ] GC(14) Pause Young (Allocation Failure)
[6.127s][info][gc,heap        ] GC(14) DefNew: 283625K(314560K)->4053K(314560K) Eden: 279616K(279616K)->0K(279616K) From: 4009K(34944K)->4053K(34944K)
[6.127s][info][gc,heap        ] GC(14) Tenured: 3469K(699072K)->3469K(699072K)
[6.127s][info][gc,metaspace   ] GC(14) Metaspace: 14490K(15040K)->14490K(15040K) NonClass: 12449K(12736K)->12449K(12736K) Class: 2041K(2304K)->2041K(2304K)
[6.127s][info][gc             ] GC(14) Pause Young (Allocation Failure) 280M->7M(989M) 20.317ms
[6.127s][info][gc,cpu         ] GC(14) User=0.02s Sys=0.00s Real=0.02s
[6.354s][info][gc,start       ] GC(15) Pause Young (Allocation Failure)
[6.373s][info][gc,heap        ] GC(15) DefNew: 283669K(314560K)->4089K(314560K) Eden: 279616K(279616K)->0K(279616K) From: 4053K(34944K)->4089K(34944K)
[6.373s][info][gc,heap        ] GC(15) Tenured: 3469K(699072K)->3469K(699072K)
[6.373s][info][gc,metaspace   ] GC(15) Metaspace: 14490K(15040K)->14490K(15040K) NonClass: 12449K(12736K)->12449K(12736K) Class: 2041K(2304K)->2041K(2304K)
[6.373s][info][gc             ] GC(15) Pause Young (Allocation Failure) 280M->7M(989M) 19.319ms
[6.373s][info][gc,cpu         ] GC(15) User=0.02s Sys=0.00s Real=0.02s
[6.594s][info][gc,start       ] GC(16) Pause Young (Allocation Failure)
[6.616s][info][gc,heap        ] GC(16) DefNew: 283705K(314560K)->645K(314560K) Eden: 279616K(279616K)->0K(279616K) From: 4089K(34944K)->645K(34944K)
[6.616s][info][gc,heap        ] GC(16) Tenured: 3469K(699072K)->6950K(699072K)
[6.616s][info][gc,metaspace   ] GC(16) Metaspace: 14490K(15040K)->14490K(15040K) NonClass: 12449K(12736K)->12449K(12736K) Class: 2041K(2304K)->2041K(2304K)
[6.616s][info][gc             ] GC(16) Pause Young (Allocation Failure) 280M->7M(989M) 22.138ms
[6.616s][info][gc,cpu         ] GC(16) User=0.03s Sys=0.00s Real=0.02s
[6.861s][info][gc,start       ] GC(17) Pause Young (Allocation Failure)
[6.877s][info][gc,heap        ] GC(17) DefNew: 280261K(314560K)->623K(314560K) Eden: 279616K(279616K)->0K(279616K) From: 645K(34944K)->623K(34944K)
[6.877s][info][gc,heap        ] GC(17) Tenured: 6950K(699072K)->7008K(699072K)
[6.877s][info][gc,metaspace   ] GC(17) Metaspace: 14490K(15040K)->14490K(15040K) NonClass: 12449K(12736K)->12449K(12736K) Class: 2041K(2304K)->2041K(2304K)
[6.877s][info][gc             ] GC(17) Pause Young (Allocation Failure) 280M->7M(989M) 16.297ms
[6.877s][info][gc,cpu         ] GC(17) User=0.00s Sys=0.00s Real=0.01s
[7.138s][info][gc,start       ] GC(18) Pause Young (Allocation Failure)
[7.155s][info][gc,heap        ] GC(18) DefNew: 280239K(314560K)->622K(314560K) Eden: 279616K(279616K)->0K(279616K) From: 623K(34944K)->622K(34944K)
[7.155s][info][gc,heap        ] GC(18) Tenured: 7008K(699072K)->7050K(699072K)
[7.155s][info][gc,metaspace   ] GC(18) Metaspace: 14490K(15040K)->14490K(15040K) NonClass: 12449K(12736K)->12449K(12736K) Class: 2041K(2304K)->2041K(2304K)
[7.155s][info][gc             ] GC(18) Pause Young (Allocation Failure) 280M->7M(989M) 16.448ms
[7.155s][info][gc,cpu         ] GC(18) User=0.02s Sys=0.00s Real=0.02s
[7.413s][info][gc,start       ] GC(19) Pause Young (Allocation Failure)
[7.428s][info][gc,heap        ] GC(19) DefNew: 280238K(314560K)->621K(314560K) Eden: 279616K(279616K)->0K(279616K) From: 622K(34944K)->621K(34944K)
[7.428s][info][gc,heap        ] GC(19) Tenured: 7050K(699072K)->7092K(699072K)
[7.428s][info][gc,metaspace   ] GC(19) Metaspace: 14494K(15040K)->14494K(15040K) NonClass: 12453K(12736K)->12453K(12736K) Class: 2041K(2304K)->2041K(2304K)
[7.428s][info][gc             ] GC(19) Pause Young (Allocation Failure) 280M->7M(989M) 15.449ms
[7.428s][info][gc,cpu         ] GC(19) User=0.02s Sys=0.00s Real=0.01s
[7.672s][info][gc,start       ] GC(20) Pause Young (Allocation Failure)
[7.687s][info][gc,heap        ] GC(20) DefNew: 280237K(314560K)->622K(314560K) Eden: 279616K(279616K)->0K(279616K) From: 621K(34944K)->622K(34944K)
[7.687s][info][gc,heap        ] GC(20) Tenured: 7092K(699072K)->7130K(699072K)
[7.687s][info][gc,metaspace   ] GC(20) Metaspace: 14494K(15040K)->14494K(15040K) NonClass: 12453K(12736K)->12453K(12736K) Class: 2041K(2304K)->2041K(2304K)
[7.687s][info][gc             ] GC(20) Pause Young (Allocation Failure) 280M->7M(989M) 14.799ms
[7.687s][info][gc,cpu         ] GC(20) User=0.00s Sys=0.00s Real=0.00s
[7.930s][info][gc,start       ] GC(21) Pause Young (Allocation Failure)
[7.947s][info][gc,heap        ] GC(21) DefNew: 280238K(314560K)->612K(314560K) Eden: 279616K(279616K)->0K(279616K) From: 622K(34944K)->612K(34944K)
[7.947s][info][gc,heap        ] GC(21) Tenured: 7130K(699072K)->7177K(699072K)
[7.947s][info][gc,metaspace   ] GC(21) Metaspace: 14494K(15040K)->14494K(15040K) NonClass: 12453K(12736K)->12453K(12736K) Class: 2041K(2304K)->2041K(2304K)
[7.947s][info][gc             ] GC(21) Pause Young (Allocation Failure) 280M->7M(989M) 17.303ms
[7.947s][info][gc,cpu         ] GC(21) User=0.02s Sys=0.00s Real=0.01s
[8.195s][info][gc,start       ] GC(22) Pause Young (Allocation Failure)
[8.211s][info][gc,heap        ] GC(22) DefNew: 280228K(314560K)->607K(314560K) Eden: 279616K(279616K)->0K(279616K) From: 612K(34944K)->607K(34944K)
[8.211s][info][gc,heap        ] GC(22) Tenured: 7177K(699072K)->7222K(699072K)
[8.211s][info][gc,metaspace   ] GC(22) Metaspace: 14494K(15040K)->14494K(15040K) NonClass: 12453K(12736K)->12453K(12736K) Class: 2041K(2304K)->2041K(2304K)
[8.211s][info][gc             ] GC(22) Pause Young (Allocation Failure) 280M->7M(989M) 15.931ms
[8.211s][info][gc,cpu         ] GC(22) User=0.00s Sys=0.00s Real=0.00s
[8.452s][info][gc,start       ] GC(23) Pause Young (Allocation Failure)
[8.467s][info][gc,heap        ] GC(23) DefNew: 280223K(314560K)->606K(314560K) Eden: 279616K(279616K)->0K(279616K) From: 607K(34944K)->606K(34944K)
[8.467s][info][gc,heap        ] GC(23) Tenured: 7222K(699072K)->7257K(699072K)
[8.467s][info][gc,metaspace   ] GC(23) Metaspace: 14494K(15040K)->14494K(15040K) NonClass: 12453K(12736K)->12453K(12736K) Class: 2041K(2304K)->2041K(2304K)
[8.467s][info][gc             ] GC(23) Pause Young (Allocation Failure) 280M->7M(989M) 15.175ms
[8.467s][info][gc,cpu         ] GC(23) User=0.02s Sys=0.00s Real=0.01s
[8.714s][info][gc,start       ] GC(24) Pause Young (Allocation Failure)
[8.728s][info][gc,heap        ] GC(24) DefNew: 280222K(314560K)->596K(314560K) Eden: 279616K(279616K)->0K(279616K) From: 606K(34944K)->596K(34944K)
[8.728s][info][gc,heap        ] GC(24) Tenured: 7257K(699072K)->7302K(699072K)
[8.728s][info][gc,metaspace   ] GC(24) Metaspace: 14494K(15040K)->14494K(15040K) NonClass: 12453K(12736K)->12453K(12736K) Class: 2041K(2304K)->2041K(2304K)
[8.728s][info][gc             ] GC(24) Pause Young (Allocation Failure) 280M->7M(989M) 13.931ms
[8.728s][info][gc,cpu         ] GC(24) User=0.02s Sys=0.00s Real=0.01s
[8.983s][info][gc,start       ] GC(25) Pause Young (Allocation Failure)
[8.997s][info][gc,heap        ] GC(25) DefNew: 280212K(314560K)->595K(314560K) Eden: 279616K(279616K)->0K(279616K) From: 596K(34944K)->595K(34944K)
[8.997s][info][gc,heap        ] GC(25) Tenured: 7302K(699072K)->7344K(699072K)
[8.997s][info][gc,metaspace   ] GC(25) Metaspace: 14494K(15040K)->14494K(15040K) NonClass: 12453K(12736K)->12453K(12736K) Class: 2041K(2304K)->2041K(2304K)
[8.997s][info][gc             ] GC(25) Pause Young (Allocation Failure) 280M->7M(989M) 13.785ms
[8.997s][info][gc,cpu         ] GC(25) User=0.02s Sys=0.00s Real=0.01s
[9.239s][info][gc,start       ] GC(26) Pause Young (Allocation Failure)
[9.256s][info][gc,heap        ] GC(26) DefNew: 280211K(314560K)->584K(314560K) Eden: 279616K(279616K)->0K(279616K) From: 595K(34944K)->584K(34944K)
[9.256s][info][gc,heap        ] GC(26) Tenured: 7344K(699072K)->7392K(699072K)
[9.256s][info][gc,metaspace   ] GC(26) Metaspace: 14494K(15040K)->14494K(15040K) NonClass: 12453K(12736K)->12453K(12736K) Class: 2041K(2304K)->2041K(2304K)
[9.256s][info][gc             ] GC(26) Pause Young (Allocation Failure) 280M->7M(989M) 16.855ms
[9.256s][info][gc,cpu         ] GC(26) User=0.00s Sys=0.00s Real=0.00s
[9.499s][info][gc,start       ] GC(27) Pause Young (Allocation Failure)
[9.517s][info][gc,heap        ] GC(27) DefNew: 280200K(314560K)->580K(314560K) Eden: 279616K(279616K)->0K(279616K) From: 584K(34944K)->580K(34944K)
[9.517s][info][gc,heap        ] GC(27) Tenured: 7392K(699072K)->7434K(699072K)
[9.517s][info][gc,metaspace   ] GC(27) Metaspace: 14494K(15040K)->14494K(15040K) NonClass: 12453K(12736K)->12453K(12736K) Class: 2041K(2304K)->2041K(2304K)
[9.517s][info][gc             ] GC(27) Pause Young (Allocation Failure) 280M->7M(989M) 17.582ms
[9.517s][info][gc,cpu         ] GC(27) User=0.03s Sys=0.00s Real=0.02s
[9.764s][info][gc,start       ] GC(28) Pause Young (Allocation Failure)
[9.780s][info][gc,heap        ] GC(28) DefNew: 280196K(314560K)->584K(314560K) Eden: 279616K(279616K)->0K(279616K) From: 580K(34944K)->584K(34944K)
[9.780s][info][gc,heap        ] GC(28) Tenured: 7434K(699072K)->7469K(699072K)
[9.780s][info][gc,metaspace   ] GC(28) Metaspace: 14494K(15040K)->14494K(15040K) NonClass: 12453K(12736K)->12453K(12736K) Class: 2041K(2304K)->2041K(2304K)
[9.780s][info][gc             ] GC(28) Pause Young (Allocation Failure) 280M->7M(989M) 16.324ms
[9.780s][info][gc,cpu         ] GC(28) User=0.00s Sys=0.00s Real=0.00s
[10.024s][info][gc,start       ] GC(29) Pause Young (Allocation Failure)
[10.040s][info][gc,heap        ] GC(29) DefNew: 280200K(314560K)->576K(314560K) Eden: 279616K(279616K)->0K(279616K) From: 584K(34944K)->576K(34944K)
[10.040s][info][gc,heap        ] GC(29) Tenured: 7469K(699072K)->7514K(699072K)
[10.040s][info][gc,metaspace   ] GC(29) Metaspace: 14494K(15040K)->14494K(15040K) NonClass: 12453K(12736K)->12453K(12736K) Class: 2041K(2304K)->2041K(2304K)
[10.040s][info][gc             ] GC(29) Pause Young (Allocation Failure) 280M->7M(989M) 15.920ms
[10.040s][info][gc,cpu         ] GC(29) User=0.00s Sys=0.00s Real=0.00s
[10.282s][info][gc,start       ] GC(30) Pause Young (Allocation Failure)
[10.298s][info][gc,heap        ] GC(30) DefNew: 280192K(314560K)->576K(314560K) Eden: 279616K(279616K)->0K(279616K) From: 576K(34944K)->576K(34944K)
[10.298s][info][gc,heap        ] GC(30) Tenured: 7514K(699072K)->7550K(699072K)
[10.298s][info][gc,metaspace   ] GC(30) Metaspace: 14494K(15040K)->14494K(15040K) NonClass: 12453K(12736K)->12453K(12736K) Class: 2041K(2304K)->2041K(2304K)
[10.298s][info][gc             ] GC(30) Pause Young (Allocation Failure) 280M->7M(989M) 16.048ms
[10.298s][info][gc,cpu         ] GC(30) User=0.02s Sys=0.00s Real=0.02s
[10.541s][info][gc,start       ] GC(31) Pause Young (Allocation Failure)
[10.558s][info][gc,heap        ] GC(31) DefNew: 280192K(314560K)->577K(314560K) Eden: 279616K(279616K)->0K(279616K) From: 576K(34944K)->577K(34944K)
[10.558s][info][gc,heap        ] GC(31) Tenured: 7550K(699072K)->7585K(699072K)
[10.558s][info][gc,metaspace   ] GC(31) Metaspace: 14494K(15040K)->14494K(15040K) NonClass: 12453K(12736K)->12453K(12736K) Class: 2041K(2304K)->2041K(2304K)
[10.558s][info][gc             ] GC(31) Pause Young (Allocation Failure) 280M->7M(989M) 16.506ms
[10.558s][info][gc,cpu         ] GC(31) User=0.02s Sys=0.00s Real=0.02s
[10.802s][info][gc,start       ] GC(32) Pause Young (Allocation Failure)
[10.823s][info][gc,heap        ] GC(32) DefNew: 280193K(314560K)->574K(314560K) Eden: 279616K(279616K)->0K(279616K) From: 577K(34944K)->574K(34944K)
[10.823s][info][gc,heap        ] GC(32) Tenured: 7585K(699072K)->7622K(699072K)
[10.823s][info][gc,metaspace   ] GC(32) Metaspace: 14494K(15040K)->14494K(15040K) NonClass: 12453K(12736K)->12453K(12736K) Class: 2041K(2304K)->2041K(2304K)
[10.823s][info][gc             ] GC(32) Pause Young (Allocation Failure) 281M->8M(989M) 20.872ms
[10.823s][info][gc,cpu         ] GC(32) User=0.02s Sys=0.00s Real=0.01s
[11.148s][info][gc,start       ] GC(33) Pause Young (Allocation Failure)
[11.172s][info][gc,heap        ] GC(33) DefNew: 280190K(314560K)->574K(314560K) Eden: 279616K(279616K)->0K(279616K) From: 574K(34944K)->574K(34944K)
[11.172s][info][gc,heap        ] GC(33) Tenured: 7622K(699072K)->7661K(699072K)
[11.172s][info][gc,metaspace   ] GC(33) Metaspace: 14494K(15040K)->14494K(15040K) NonClass: 12453K(12736K)->12453K(12736K) Class: 2041K(2304K)->2041K(2304K)
[11.172s][info][gc             ] GC(33) Pause Young (Allocation Failure) 281M->8M(989M) 23.820ms
[11.172s][info][gc,cpu         ] GC(33) User=0.02s Sys=0.00s Real=0.02s
[11.434s][info][gc,start       ] GC(34) Pause Young (Allocation Failure)
[11.449s][info][gc,heap        ] GC(34) DefNew: 280190K(314560K)->572K(314560K) Eden: 279616K(279616K)->0K(279616K) From: 574K(34944K)->572K(34944K)
[11.449s][info][gc,heap        ] GC(34) Tenured: 7661K(699072K)->7705K(699072K)
[11.449s][info][gc,metaspace   ] GC(34) Metaspace: 14494K(15040K)->14494K(15040K) NonClass: 12453K(12736K)->12453K(12736K) Class: 2041K(2304K)->2041K(2304K)
[11.449s][info][gc             ] GC(34) Pause Young (Allocation Failure) 281M->8M(989M) 14.523ms
[11.449s][info][gc,cpu         ] GC(34) User=0.02s Sys=0.00s Real=0.01s
[11.694s][info][gc,start       ] GC(35) Pause Young (Allocation Failure)
[11.711s][info][gc,heap        ] GC(35) DefNew: 280188K(314560K)->573K(314560K) Eden: 279616K(279616K)->0K(279616K) From: 572K(34944K)->573K(34944K)
[11.711s][info][gc,heap        ] GC(35) Tenured: 7705K(699072K)->7743K(699072K)
[11.711s][info][gc,metaspace   ] GC(35) Metaspace: 14494K(15040K)->14494K(15040K) NonClass: 12453K(12736K)->12453K(12736K) Class: 2041K(2304K)->2041K(2304K)
[11.711s][info][gc             ] GC(35) Pause Young (Allocation Failure) 281M->8M(989M) 16.808ms
[11.711s][info][gc,cpu         ] GC(35) User=0.02s Sys=0.00s Real=0.02s
[11.966s][info][gc,start       ] GC(36) Pause Young (Allocation Failure)
[11.980s][info][gc,heap        ] GC(36) DefNew: 280189K(314560K)->574K(314560K) Eden: 279616K(279616K)->0K(279616K) From: 573K(34944K)->574K(34944K)
[11.980s][info][gc,heap        ] GC(36) Tenured: 7743K(699072K)->7781K(699072K)
[11.980s][info][gc,metaspace   ] GC(36) Metaspace: 14494K(15040K)->14494K(15040K) NonClass: 12453K(12736K)->12453K(12736K) Class: 2041K(2304K)->2041K(2304K)
[11.980s][info][gc             ] GC(36) Pause Young (Allocation Failure) 281M->8M(989M) 14.322ms
[11.981s][info][gc,cpu         ] GC(36) User=0.02s Sys=0.00s Real=0.01s
[12.223s][info][gc,start       ] GC(37) Pause Young (Allocation Failure)
[12.241s][info][gc,heap        ] GC(37) DefNew: 280190K(314560K)->570K(314560K) Eden: 279616K(279616K)->0K(279616K) From: 574K(34944K)->570K(34944K)
[12.241s][info][gc,heap        ] GC(37) Tenured: 7781K(699072K)->7820K(699072K)
[12.241s][info][gc,metaspace   ] GC(37) Metaspace: 14494K(15040K)->14494K(15040K) NonClass: 12453K(12736K)->12453K(12736K) Class: 2041K(2304K)->2041K(2304K)
[12.241s][info][gc             ] GC(37) Pause Young (Allocation Failure) 281M->8M(989M) 18.076ms
[12.241s][info][gc,cpu         ] GC(37) User=0.02s Sys=0.00s Real=0.02s
[12.481s][info][gc,start       ] GC(38) Pause Young (Allocation Failure)
[12.499s][info][gc,heap        ] GC(38) DefNew: 280186K(314560K)->571K(314560K) Eden: 279616K(279616K)->0K(279616K) From: 570K(34944K)->571K(34944K)
[12.499s][info][gc,heap        ] GC(38) Tenured: 7820K(699072K)->7855K(699072K)
[12.499s][info][gc,metaspace   ] GC(38) Metaspace: 14494K(15040K)->14494K(15040K) NonClass: 12453K(12736K)->12453K(12736K) Class: 2041K(2304K)->2041K(2304K)
[12.499s][info][gc             ] GC(38) Pause Young (Allocation Failure) 281M->8M(989M) 18.557ms
[12.499s][info][gc,cpu         ] GC(38) User=0.02s Sys=0.00s Real=0.02s
[12.744s][info][gc,start       ] GC(39) Pause Young (Allocation Failure)
[12.764s][info][gc,heap        ] GC(39) DefNew: 280187K(314560K)->577K(314560K) Eden: 279616K(279616K)->0K(279616K) From: 571K(34944K)->577K(34944K)
[12.764s][info][gc,heap        ] GC(39) Tenured: 7855K(699072K)->7891K(699072K)
[12.764s][info][gc,metaspace   ] GC(39) Metaspace: 14494K(15040K)->14494K(15040K) NonClass: 12453K(12736K)->12453K(12736K) Class: 2041K(2304K)->2041K(2304K)
[12.764s][info][gc             ] GC(39) Pause Young (Allocation Failure) 281M->8M(989M) 19.509ms
[12.764s][info][gc,cpu         ] GC(39) User=0.02s Sys=0.00s Real=0.02s
[13.007s][info][gc,start       ] GC(40) Pause Young (Allocation Failure)
[13.026s][info][gc,heap        ] GC(40) DefNew: 280193K(314560K)->574K(314560K) Eden: 279616K(279616K)->0K(279616K) From: 577K(34944K)->574K(34944K)
[13.026s][info][gc,heap        ] GC(40) Tenured: 7891K(699072K)->7932K(699072K)
[13.026s][info][gc,metaspace   ] GC(40) Metaspace: 14494K(15040K)->14494K(15040K) NonClass: 12453K(12736K)->12453K(12736K) Class: 2041K(2304K)->2041K(2304K)
[13.026s][info][gc             ] GC(40) Pause Young (Allocation Failure) 281M->8M(989M) 18.403ms
[13.026s][info][gc,cpu         ] GC(40) User=0.02s Sys=0.00s Real=0.02s
[13.268s][info][gc,start       ] GC(41) Pause Young (Allocation Failure)
[13.286s][info][gc,heap        ] GC(41) DefNew: 280190K(314560K)->577K(314560K) Eden: 279616K(279616K)->0K(279616K) From: 574K(34944K)->577K(34944K)
[13.286s][info][gc,heap        ] GC(41) Tenured: 7932K(699072K)->7967K(699072K)
[13.286s][info][gc,metaspace   ] GC(41) Metaspace: 14494K(15040K)->14494K(15040K) NonClass: 12453K(12736K)->12453K(12736K) Class: 2041K(2304K)->2041K(2304K)
[13.286s][info][gc             ] GC(41) Pause Young (Allocation Failure) 281M->8M(989M) 17.203ms
[13.286s][info][gc,cpu         ] GC(41) User=0.00s Sys=0.00s Real=0.01s
[13.530s][info][gc,start       ] GC(42) Pause Young (Allocation Failure)
[13.548s][info][gc,heap        ] GC(42) DefNew: 280193K(314560K)->576K(314560K) Eden: 279616K(279616K)->0K(279616K) From: 577K(34944K)->576K(34944K)
[13.548s][info][gc,heap        ] GC(42) Tenured: 7967K(699072K)->8006K(699072K)
[13.548s][info][gc,metaspace   ] GC(42) Metaspace: 14494K(15040K)->14494K(15040K) NonClass: 12453K(12736K)->12453K(12736K) Class: 2041K(2304K)->2041K(2304K)
[13.548s][info][gc             ] GC(42) Pause Young (Allocation Failure) 281M->8M(989M) 17.943ms
[13.548s][info][gc,cpu         ] GC(42) User=0.02s Sys=0.00s Real=0.01s
[13.915s][info][gc,start       ] GC(43) Pause Young (Allocation Failure)
[13.940s][info][gc,heap        ] GC(43) DefNew: 280192K(314560K)->577K(314560K) Eden: 279616K(279616K)->0K(279616K) From: 576K(34944K)->577K(34944K)
[13.940s][info][gc,heap        ] GC(43) Tenured: 8006K(699072K)->8044K(699072K)
[13.940s][info][gc,metaspace   ] GC(43) Metaspace: 14494K(15040K)->14494K(15040K) NonClass: 12453K(12736K)->12453K(12736K) Class: 2041K(2304K)->2041K(2304K)
[13.940s][info][gc             ] GC(43) Pause Young (Allocation Failure) 281M->8M(989M) 24.389ms
[13.940s][info][gc,cpu         ] GC(43) User=0.02s Sys=0.00s Real=0.01s
[14.200s][info][gc,start       ] GC(44) Pause Young (Allocation Failure)
[14.218s][info][gc,heap        ] GC(44) DefNew: 280193K(314560K)->580K(314560K) Eden: 279616K(279616K)->0K(279616K) From: 577K(34944K)->580K(34944K)
[14.218s][info][gc,heap        ] GC(44) Tenured: 8044K(699072K)->8082K(699072K)
[14.218s][info][gc,metaspace   ] GC(44) Metaspace: 14494K(15040K)->14494K(15040K) NonClass: 12453K(12736K)->12453K(12736K) Class: 2041K(2304K)->2041K(2304K)
[14.218s][info][gc             ] GC(44) Pause Young (Allocation Failure) 281M->8M(989M) 18.492ms
[14.218s][info][gc,cpu         ] GC(44) User=0.02s Sys=0.00s Real=0.01s
[14.491s][info][gc,start       ] GC(45) Pause Young (Allocation Failure)
[14.508s][info][gc,heap        ] GC(45) DefNew: 280196K(314560K)->593K(314560K) Eden: 279616K(279616K)->0K(279616K) From: 580K(34944K)->593K(34944K)
[14.508s][info][gc,heap        ] GC(45) Tenured: 8082K(699072K)->8115K(699072K)
[14.508s][info][gc,metaspace   ] GC(45) Metaspace: 14494K(15040K)->14494K(15040K) NonClass: 12453K(12736K)->12453K(12736K) Class: 2041K(2304K)->2041K(2304K)
[14.508s][info][gc             ] GC(45) Pause Young (Allocation Failure) 281M->8M(989M) 16.553ms
[14.508s][info][gc,cpu         ] GC(45) User=0.00s Sys=0.00s Real=0.00s
[14.753s][info][gc,start       ] GC(46) Pause Young (Allocation Failure)
[14.770s][info][gc,heap        ] GC(46) DefNew: 280209K(314560K)->595K(314560K) Eden: 279616K(279616K)->0K(279616K) From: 593K(34944K)->595K(34944K)
[14.770s][info][gc,heap        ] GC(46) Tenured: 8115K(699072K)->8153K(699072K)
[14.770s][info][gc,metaspace   ] GC(46) Metaspace: 14494K(15040K)->14494K(15040K) NonClass: 12453K(12736K)->12453K(12736K) Class: 2041K(2304K)->2041K(2304K)
[14.770s][info][gc             ] GC(46) Pause Young (Allocation Failure) 281M->8M(989M) 17.288ms
[14.770s][info][gc,cpu         ] GC(46) User=0.02s Sys=0.00s Real=0.02s
[15.014s][info][gc,start       ] GC(47) Pause Young (Allocation Failure)
[15.032s][info][gc,heap        ] GC(47) DefNew: 280211K(314560K)->598K(314560K) Eden: 279616K(279616K)->0K(279616K) From: 595K(34944K)->598K(34944K)
[15.032s][info][gc,heap        ] GC(47) Tenured: 8153K(699072K)->8189K(699072K)
[15.032s][info][gc,metaspace   ] GC(47) Metaspace: 14494K(15040K)->14494K(15040K) NonClass: 12453K(12736K)->12453K(12736K) Class: 2041K(2304K)->2041K(2304K)
[15.032s][info][gc             ] GC(47) Pause Young (Allocation Failure) 281M->8M(989M) 17.862ms
[15.032s][info][gc,cpu         ] GC(47) User=0.02s Sys=0.00s Real=0.02s
[15.279s][info][gc,start       ] GC(48) Pause Young (Allocation Failure)
[15.296s][info][gc,heap        ] GC(48) DefNew: 280214K(314560K)->599K(314560K) Eden: 279616K(279616K)->0K(279616K) From: 598K(34944K)->599K(34944K)
[15.296s][info][gc,heap        ] GC(48) Tenured: 8189K(699072K)->8227K(699072K)
[15.296s][info][gc,metaspace   ] GC(48) Metaspace: 14494K(15040K)->14494K(15040K) NonClass: 12453K(12736K)->12453K(12736K) Class: 2041K(2304K)->2041K(2304K)
[15.296s][info][gc             ] GC(48) Pause Young (Allocation Failure) 281M->8M(989M) 17.382ms
[15.296s][info][gc,cpu         ] GC(48) User=0.02s Sys=0.00s Real=0.02s
[15.541s][info][gc,start       ] GC(49) Pause Young (Allocation Failure)
[15.561s][info][gc,heap        ] GC(49) DefNew: 280215K(314560K)->595K(314560K) Eden: 279616K(279616K)->0K(279616K) From: 599K(34944K)->595K(34944K)
[15.561s][info][gc,heap        ] GC(49) Tenured: 8227K(699072K)->8269K(699072K)
[15.561s][info][gc,metaspace   ] GC(49) Metaspace: 14494K(15040K)->14494K(15040K) NonClass: 12453K(12736K)->12453K(12736K) Class: 2041K(2304K)->2041K(2304K)
[15.561s][info][gc             ] GC(49) Pause Young (Allocation Failure) 281M->8M(989M) 19.555ms
[15.561s][info][gc,cpu         ] GC(49) User=0.00s Sys=0.00s Real=0.01s
[15.805s][info][gc,start       ] GC(50) Pause Young (Allocation Failure)
[15.824s][info][gc,heap        ] GC(50) DefNew: 280211K(314560K)->595K(314560K) Eden: 279616K(279616K)->0K(279616K) From: 595K(34944K)->595K(34944K)
[15.824s][info][gc,heap        ] GC(50) Tenured: 8269K(699072K)->8307K(699072K)
[15.824s][info][gc,metaspace   ] GC(50) Metaspace: 14494K(15040K)->14494K(15040K) NonClass: 12453K(12736K)->12453K(12736K) Class: 2041K(2304K)->2041K(2304K)
[15.824s][info][gc             ] GC(50) Pause Young (Allocation Failure) 281M->8M(989M) 18.461ms
[15.824s][info][gc,cpu         ] GC(50) User=0.02s Sys=0.00s Real=0.02s
[16.071s][info][gc,start       ] GC(51) Pause Young (Allocation Failure)
[16.092s][info][gc,heap        ] GC(51) DefNew: 280211K(314560K)->597K(314560K) Eden: 279616K(279616K)->0K(279616K) From: 595K(34944K)->597K(34944K)
[16.092s][info][gc,heap        ] GC(51) Tenured: 8307K(699072K)->8346K(699072K)
[16.092s][info][gc,metaspace   ] GC(51) Metaspace: 14494K(15040K)->14494K(15040K) NonClass: 12453K(12736K)->12453K(12736K) Class: 2041K(2304K)->2041K(2304K)
[16.092s][info][gc             ] GC(51) Pause Young (Allocation Failure) 281M->8M(989M) 20.869ms
[16.092s][info][gc,cpu         ] GC(51) User=0.02s Sys=0.00s Real=0.02s
[16.338s][info][gc,start       ] GC(52) Pause Young (Allocation Failure)
[16.358s][info][gc,heap        ] GC(52) DefNew: 280213K(314560K)->603K(314560K) Eden: 279616K(279616K)->0K(279616K) From: 597K(34944K)->603K(34944K)
[16.358s][info][gc,heap        ] GC(52) Tenured: 8346K(699072K)->8382K(699072K)
[16.358s][info][gc,metaspace   ] GC(52) Metaspace: 14494K(15040K)->14494K(15040K) NonClass: 12453K(12736K)->12453K(12736K) Class: 2041K(2304K)->2041K(2304K)
[16.358s][info][gc             ] GC(52) Pause Young (Allocation Failure) 281M->8M(989M) 20.260ms
[16.358s][info][gc,cpu         ] GC(52) User=0.02s Sys=0.00s Real=0.02s
[16.612s][info][gc,start       ] GC(53) Pause Young (Allocation Failure)
[16.631s][info][gc,heap        ] GC(53) DefNew: 280219K(314560K)->607K(314560K) Eden: 279616K(279616K)->0K(279616K) From: 603K(34944K)->607K(34944K)
[16.631s][info][gc,heap        ] GC(53) Tenured: 8382K(699072K)->8417K(699072K)
[16.631s][info][gc,metaspace   ] GC(53) Metaspace: 14494K(15040K)->14494K(15040K) NonClass: 12453K(12736K)->12453K(12736K) Class: 2041K(2304K)->2041K(2304K)
[16.631s][info][gc             ] GC(53) Pause Young (Allocation Failure) 281M->8M(989M) 19.243ms
[16.631s][info][gc,cpu         ] GC(53) User=0.02s Sys=0.00s Real=0.02s
[16.882s][info][gc,start       ] GC(54) Pause Young (Allocation Failure)
[16.900s][info][gc,heap        ] GC(54) DefNew: 280223K(314560K)->602K(314560K) Eden: 279616K(279616K)->0K(279616K) From: 607K(34944K)->602K(34944K)
[16.900s][info][gc,heap        ] GC(54) Tenured: 8417K(699072K)->8459K(699072K)
[16.900s][info][gc,metaspace   ] GC(54) Metaspace: 14494K(15040K)->14494K(15040K) NonClass: 12453K(12736K)->12453K(12736K) Class: 2041K(2304K)->2041K(2304K)
[16.900s][info][gc             ] GC(54) Pause Young (Allocation Failure) 281M->8M(989M) 17.661ms
[16.900s][info][gc,cpu         ] GC(54) User=0.00s Sys=0.00s Real=0.01s
[17.157s][info][gc,start       ] GC(55) Pause Young (Allocation Failure)
[17.172s][info][gc,heap        ] GC(55) DefNew: 280218K(314560K)->603K(314560K) Eden: 279616K(279616K)->0K(279616K) From: 602K(34944K)->603K(34944K)
[17.172s][info][gc,heap        ] GC(55) Tenured: 8459K(699072K)->8498K(699072K)
[17.172s][info][gc,metaspace   ] GC(55) Metaspace: 14494K(15040K)->14494K(15040K) NonClass: 12453K(12736K)->12453K(12736K) Class: 2041K(2304K)->2041K(2304K)
[17.172s][info][gc             ] GC(55) Pause Young (Allocation Failure) 281M->8M(989M) 15.399ms
[17.172s][info][gc,cpu         ] GC(55) User=0.00s Sys=0.00s Real=0.00s
[17.440s][info][gc,start       ] GC(56) Pause Young (Allocation Failure)
[17.454s][info][gc,heap        ] GC(56) DefNew: 280219K(314560K)->605K(314560K) Eden: 279616K(279616K)->0K(279616K) From: 603K(34944K)->605K(34944K)
[17.454s][info][gc,heap        ] GC(56) Tenured: 8498K(699072K)->8536K(699072K)
[17.454s][info][gc,metaspace   ] GC(56) Metaspace: 14494K(15040K)->14494K(15040K) NonClass: 12453K(12736K)->12453K(12736K) Class: 2041K(2304K)->2041K(2304K)
[17.454s][info][gc             ] GC(56) Pause Young (Allocation Failure) 281M->8M(989M) 13.954ms
[17.454s][info][gc,cpu         ] GC(56) User=0.00s Sys=0.00s Real=0.01s
[17.697s][info][gc,start       ] GC(57) Pause Young (Allocation Failure)
[17.712s][info][gc,heap        ] GC(57) DefNew: 280221K(314560K)->605K(314560K) Eden: 279616K(279616K)->0K(279616K) From: 605K(34944K)->605K(34944K)
[17.712s][info][gc,heap        ] GC(57) Tenured: 8536K(699072K)->8575K(699072K)
[17.712s][info][gc,metaspace   ] GC(57) Metaspace: 14494K(15040K)->14494K(15040K) NonClass: 12453K(12736K)->12453K(12736K) Class: 2041K(2304K)->2041K(2304K)
[17.712s][info][gc             ] GC(57) Pause Young (Allocation Failure) 281M->8M(989M) 14.915ms
[17.712s][info][gc,cpu         ] GC(57) User=0.02s Sys=0.00s Real=0.02s
[17.953s][info][gc,start       ] GC(58) Pause Young (Allocation Failure)
[17.969s][info][gc,heap        ] GC(58) DefNew: 280221K(314560K)->605K(314560K) Eden: 279616K(279616K)->0K(279616K) From: 605K(34944K)->605K(34944K)
[17.969s][info][gc,heap        ] GC(58) Tenured: 8575K(699072K)->8613K(699072K)
[17.969s][info][gc,metaspace   ] GC(58) Metaspace: 14494K(15040K)->14494K(15040K) NonClass: 12453K(12736K)->12453K(12736K) Class: 2041K(2304K)->2041K(2304K)
[17.969s][info][gc             ] GC(58) Pause Young (Allocation Failure) 282M->9M(989M) 15.555ms
[17.969s][info][gc,cpu         ] GC(58) User=0.02s Sys=0.00s Real=0.02s
[18.214s][info][gc,start       ] GC(59) Pause Young (Allocation Failure)
[18.233s][info][gc,heap        ] GC(59) DefNew: 280221K(314560K)->603K(314560K) Eden: 279616K(279616K)->0K(279616K) From: 605K(34944K)->603K(34944K)
[18.233s][info][gc,heap        ] GC(59) Tenured: 8613K(699072K)->8654K(699072K)
[18.233s][info][gc,metaspace   ] GC(59) Metaspace: 14494K(15040K)->14494K(15040K) NonClass: 12453K(12736K)->12453K(12736K) Class: 2041K(2304K)->2041K(2304K)
[18.233s][info][gc             ] GC(59) Pause Young (Allocation Failure) 282M->9M(989M) 19.508ms
[18.233s][info][gc,cpu         ] GC(59) User=0.02s Sys=0.00s Real=0.02s
[18.478s][info][gc,start       ] GC(60) Pause Young (Allocation Failure)
[18.498s][info][gc,heap        ] GC(60) DefNew: 280219K(314560K)->596K(314560K) Eden: 279616K(279616K)->0K(279616K) From: 603K(34944K)->596K(34944K)
[18.498s][info][gc,heap        ] GC(60) Tenured: 8654K(699072K)->8699K(699072K)
[18.498s][info][gc,metaspace   ] GC(60) Metaspace: 14494K(15040K)->14494K(15040K) NonClass: 12453K(12736K)->12453K(12736K) Class: 2041K(2304K)->2041K(2304K)
[18.498s][info][gc             ] GC(60) Pause Young (Allocation Failure) 282M->9M(989M) 19.795ms
[18.498s][info][gc,cpu         ] GC(60) User=0.02s Sys=0.00s Real=0.01s
[18.743s][info][gc,start       ] GC(61) Pause Young (Allocation Failure)
[18.764s][info][gc,heap        ] GC(61) DefNew: 280212K(314560K)->593K(314560K) Eden: 279616K(279616K)->0K(279616K) From: 596K(34944K)->593K(34944K)
[18.764s][info][gc,heap        ] GC(61) Tenured: 8699K(699072K)->8740K(699072K)
[18.764s][info][gc,metaspace   ] GC(61) Metaspace: 14494K(15040K)->14494K(15040K) NonClass: 12453K(12736K)->12453K(12736K) Class: 2041K(2304K)->2041K(2304K)
[18.764s][info][gc             ] GC(61) Pause Young (Allocation Failure) 282M->9M(989M) 20.670ms
[18.764s][info][gc,cpu         ] GC(61) User=0.02s Sys=0.00s Real=0.02s
[19.007s][info][gc,start       ] GC(62) Pause Young (Allocation Failure)
[19.027s][info][gc,heap        ] GC(62) DefNew: 280209K(314560K)->589K(314560K) Eden: 279616K(279616K)->0K(279616K) From: 593K(34944K)->589K(34944K)
[19.027s][info][gc,heap        ] GC(62) Tenured: 8740K(699072K)->8778K(699072K)
[19.027s][info][gc,metaspace   ] GC(62) Metaspace: 14494K(15040K)->14494K(15040K) NonClass: 12453K(12736K)->12453K(12736K) Class: 2041K(2304K)->2041K(2304K)
[19.027s][info][gc             ] GC(62) Pause Young (Allocation Failure) 282M->9M(989M) 20.449ms
[19.027s][info][gc,cpu         ] GC(62) User=0.02s Sys=0.00s Real=0.01s
[19.276s][info][gc,start       ] GC(63) Pause Young (Allocation Failure)
[19.299s][info][gc,heap        ] GC(63) DefNew: 280205K(314560K)->591K(314560K) Eden: 279616K(279616K)->0K(279616K) From: 589K(34944K)->591K(34944K)
[19.299s][info][gc,heap        ] GC(63) Tenured: 8778K(699072K)->8817K(699072K)
[19.299s][info][gc,metaspace   ] GC(63) Metaspace: 14494K(15040K)->14494K(15040K) NonClass: 12453K(12736K)->12453K(12736K) Class: 2041K(2304K)->2041K(2304K)
[19.299s][info][gc             ] GC(63) Pause Young (Allocation Failure) 282M->9M(989M) 22.909ms
[19.299s][info][gc,cpu         ] GC(63) User=0.02s Sys=0.00s Real=0.01s
[19.658s][info][gc,start       ] GC(64) Pause Young (Allocation Failure)
[19.684s][info][gc,heap        ] GC(64) DefNew: 280207K(314560K)->591K(314560K) Eden: 279616K(279616K)->0K(279616K) From: 591K(34944K)->591K(34944K)
[19.684s][info][gc,heap        ] GC(64) Tenured: 8817K(699072K)->8855K(699072K)
[19.684s][info][gc,metaspace   ] GC(64) Metaspace: 14494K(15040K)->14494K(15040K) NonClass: 12453K(12736K)->12453K(12736K) Class: 2041K(2304K)->2041K(2304K)
[19.684s][info][gc             ] GC(64) Pause Young (Allocation Failure) 282M->9M(989M) 25.846ms
[19.684s][info][gc,cpu         ] GC(64) User=0.02s Sys=0.00s Real=0.02s
[19.961s][info][gc,start       ] GC(65) Pause Young (Allocation Failure)
[19.980s][info][gc,heap        ] GC(65) DefNew: 280207K(314560K)->596K(314560K) Eden: 279616K(279616K)->0K(279616K) From: 591K(34944K)->596K(34944K)
[19.980s][info][gc,heap        ] GC(65) Tenured: 8855K(699072K)->8894K(699072K)
[19.980s][info][gc,metaspace   ] GC(65) Metaspace: 14494K(15040K)->14494K(15040K) NonClass: 12453K(12736K)->12453K(12736K) Class: 2041K(2304K)->2041K(2304K)
[19.980s][info][gc             ] GC(65) Pause Young (Allocation Failure) 282M->9M(989M) 18.719ms
[19.980s][info][gc,cpu         ] GC(65) User=0.02s Sys=0.00s Real=0.01s
[20.252s][info][gc,start       ] GC(66) Pause Young (Allocation Failure)
[20.268s][info][gc,heap        ] GC(66) DefNew: 280212K(314560K)->599K(314560K) Eden: 279616K(279616K)->0K(279616K) From: 596K(34944K)->599K(34944K)
[20.268s][info][gc,heap        ] GC(66) Tenured: 8894K(699072K)->8935K(699072K)
[20.268s][info][gc,metaspace   ] GC(66) Metaspace: 14494K(15040K)->14494K(15040K) NonClass: 12453K(12736K)->12453K(12736K) Class: 2041K(2304K)->2041K(2304K)
[20.268s][info][gc             ] GC(66) Pause Young (Allocation Failure) 282M->9M(989M) 16.650ms
[20.269s][info][gc,cpu         ] GC(66) User=0.00s Sys=0.00s Real=0.01s
[20.526s][info][gc,start       ] GC(67) Pause Young (Allocation Failure)
[20.545s][info][gc,heap        ] GC(67) DefNew: 280215K(314560K)->596K(314560K) Eden: 279616K(279616K)->0K(279616K) From: 599K(34944K)->596K(34944K)
[20.545s][info][gc,heap        ] GC(67) Tenured: 8935K(699072K)->8977K(699072K)
[20.545s][info][gc,metaspace   ] GC(67) Metaspace: 14494K(15040K)->14494K(15040K) NonClass: 12453K(12736K)->12453K(12736K) Class: 2041K(2304K)->2041K(2304K)
[20.546s][info][gc             ] GC(67) Pause Young (Allocation Failure) 282M->9M(989M) 20.011ms
[20.546s][info][gc,cpu         ] GC(67) User=0.02s Sys=0.00s Real=0.02s
[20.800s][info][gc,start       ] GC(68) Pause Young (Allocation Failure)
[20.821s][info][gc,heap        ] GC(68) DefNew: 280212K(314560K)->598K(314560K) Eden: 279616K(279616K)->0K(279616K) From: 596K(34944K)->598K(34944K)
[20.821s][info][gc,heap        ] GC(68) Tenured: 8977K(699072K)->9015K(699072K)
[20.821s][info][gc,metaspace   ] GC(68) Metaspace: 14494K(15040K)->14494K(15040K) NonClass: 12453K(12736K)->12453K(12736K) Class: 2041K(2304K)->2041K(2304K)
[20.821s][info][gc             ] GC(68) Pause Young (Allocation Failure) 282M->9M(989M) 20.593ms
[20.821s][info][gc,cpu         ] GC(68) User=0.00s Sys=0.00s Real=0.01s
[21.080s][info][gc,start       ] GC(69) Pause Young (Allocation Failure)
[21.102s][info][gc,heap        ] GC(69) DefNew: 280214K(314560K)->598K(314560K) Eden: 279616K(279616K)->0K(279616K) From: 598K(34944K)->598K(34944K)
[21.102s][info][gc,heap        ] GC(69) Tenured: 9015K(699072K)->9054K(699072K)
[21.102s][info][gc,metaspace   ] GC(69) Metaspace: 14494K(15040K)->14494K(15040K) NonClass: 12453K(12736K)->12453K(12736K) Class: 2041K(2304K)->2041K(2304K)
[21.102s][info][gc             ] GC(69) Pause Young (Allocation Failure) 282M->9M(989M) 22.140ms
[21.102s][info][gc,cpu         ] GC(69) User=0.02s Sys=0.00s Real=0.02s
[21.353s][info][gc,start       ] GC(70) Pause Young (Allocation Failure)
[21.373s][info][gc,heap        ] GC(70) DefNew: 280214K(314560K)->602K(314560K) Eden: 279616K(279616K)->0K(279616K) From: 598K(34944K)->602K(34944K)
[21.373s][info][gc,heap        ] GC(70) Tenured: 9054K(699072K)->9092K(699072K)
[21.373s][info][gc,metaspace   ] GC(70) Metaspace: 14494K(15040K)->14494K(15040K) NonClass: 12453K(12736K)->12453K(12736K) Class: 2041K(2304K)->2041K(2304K)
[21.374s][info][gc             ] GC(70) Pause Young (Allocation Failure) 282M->9M(989M) 20.135ms
[21.374s][info][gc,cpu         ] GC(70) User=0.02s Sys=0.00s Real=0.02s
[21.609s][info][gc,start       ] GC(71) Pause Young (Allocation Failure)
[21.627s][info][gc,heap        ] GC(71) DefNew: 280218K(314560K)->600K(314560K) Eden: 279616K(279616K)->0K(279616K) From: 602K(34944K)->600K(34944K)
[21.627s][info][gc,heap        ] GC(71) Tenured: 9092K(699072K)->9133K(699072K)
[21.627s][info][gc,metaspace   ] GC(71) Metaspace: 14494K(15040K)->14494K(15040K) NonClass: 12453K(12736K)->12453K(12736K) Class: 2041K(2304K)->2041K(2304K)
[21.627s][info][gc             ] GC(71) Pause Young (Allocation Failure) 282M->9M(989M) 17.661ms
[21.627s][info][gc,cpu         ] GC(71) User=0.03s Sys=0.00s Real=0.02s
[21.820s][info][gc,start       ] GC(72) Pause Young (Allocation Failure)
[21.837s][info][gc,heap        ] GC(72) DefNew: 280216K(314560K)->590K(314560K) Eden: 279616K(279616K)->0K(279616K) From: 600K(34944K)->590K(34944K)
[21.837s][info][gc,heap        ] GC(72) Tenured: 9133K(699072K)->9172K(699072K)
[21.837s][info][gc,metaspace   ] GC(72) Metaspace: 14494K(15040K)->14494K(15040K) NonClass: 12453K(12736K)->12453K(12736K) Class: 2041K(2304K)->2041K(2304K)
[21.837s][info][gc             ] GC(72) Pause Young (Allocation Failure) 282M->9M(989M) 16.970ms
[21.837s][info][gc,cpu         ] GC(72) User=0.00s Sys=0.00s Real=0.00s
[22.063s][info][gc,start       ] GC(73) Pause Young (Allocation Failure)
[22.081s][info][gc,heap        ] GC(73) DefNew: 280206K(314560K)->590K(314560K) Eden: 279616K(279616K)->0K(279616K) From: 590K(34944K)->590K(34944K)
[22.081s][info][gc,heap        ] GC(73) Tenured: 9172K(699072K)->9210K(699072K)
[22.081s][info][gc,metaspace   ] GC(73) Metaspace: 14494K(15040K)->14494K(15040K) NonClass: 12453K(12736K)->12453K(12736K) Class: 2041K(2304K)->2041K(2304K)
[22.081s][info][gc             ] GC(73) Pause Young (Allocation Failure) 282M->9M(989M) 18.455ms
[22.081s][info][gc,cpu         ] GC(73) User=0.03s Sys=0.00s Real=0.02s
[22.381s][info][gc,start       ] GC(74) Pause Full (System.gc())
[22.381s][info][gc,phases,start] GC(74) Phase 1: Mark live objects
[22.416s][info][gc,phases      ] GC(74) Phase 1: Mark live objects 34.800ms
[22.416s][info][gc,phases,start] GC(74) Phase 2: Compute new object addresses
[22.470s][info][gc,phases      ] GC(74) Phase 2: Compute new object addresses 54.569ms
[22.470s][info][gc,phases,start] GC(74) Phase 3: Adjust pointers
[22.483s][info][gc,phases      ] GC(74) Phase 3: Adjust pointers 12.463ms
[22.483s][info][gc,phases,start] GC(74) Phase 4: Move objects
[22.483s][info][gc,phases      ] GC(74) Phase 4: Move objects 0.037ms
[22.484s][info][gc,heap        ] GC(74) DefNew: 164215K(314560K)->0K(314560K) Eden: 163625K(279616K)->0K(279616K) From: 590K(34944K)->0K(34944K)
[22.484s][info][gc,heap        ] GC(74) Tenured: 9210K(699072K)->9245K(699072K)
[22.484s][info][gc,metaspace   ] GC(74) Metaspace: 14592K(15168K)->14203K(15040K) NonClass: 12541K(12864K)->12260K(12800K) Class: 2050K(2304K)->1943K(2240K)
[22.484s][info][gc             ] GC(74) Pause Full (System.gc()) 169M->9M(989M) 103.534ms
[22.484s][info][gc,cpu         ] GC(74) User=0.11s Sys=0.00s Real=0.11s
[22.678s][info][gc,start       ] GC(75) Pause Young (Allocation Failure)
[22.695s][info][gc,heap        ] GC(75) DefNew: 279616K(314560K)->1489K(314560K) Eden: 279616K(279616K)->0K(279616K) From: 0K(34944K)->1489K(34944K)
[22.695s][info][gc,heap        ] GC(75) Tenured: 9245K(699072K)->9245K(699072K)
[22.695s][info][gc,metaspace   ] GC(75) Metaspace: 14204K(15040K)->14204K(15040K) NonClass: 12261K(12800K)->12261K(12800K) Class: 1943K(2240K)->1943K(2240K)
[22.695s][info][gc             ] GC(75) Pause Young (Allocation Failure) 282M->10M(989M) 16.904ms
[22.695s][info][gc,cpu         ] GC(75) User=0.02s Sys=0.00s Real=0.02s
[22.943s][info][gc,start       ] GC(76) Pause Young (Allocation Failure)
[22.959s][info][gc,heap        ] GC(76) DefNew: 281105K(314560K)->1528K(314560K) Eden: 279616K(279616K)->0K(279616K) From: 1489K(34944K)->1528K(34944K)
[22.959s][info][gc,heap        ] GC(76) Tenured: 9245K(699072K)->9245K(699072K)
[22.959s][info][gc,metaspace   ] GC(76) Metaspace: 14204K(15040K)->14204K(15040K) NonClass: 12261K(12800K)->12261K(12800K) Class: 1943K(2240K)->1943K(2240K)
[22.959s][info][gc             ] GC(76) Pause Young (Allocation Failure) 283M->10M(989M) 16.294ms
[22.959s][info][gc,cpu         ] GC(76) User=0.02s Sys=0.00s Real=0.02s
[23.174s][info][gc,start       ] GC(77) Pause Young (Allocation Failure)
[23.189s][info][gc,heap        ] GC(77) DefNew: 281144K(314560K)->1562K(314560K) Eden: 279616K(279616K)->0K(279616K) From: 1528K(34944K)->1562K(34944K)
[23.189s][info][gc,heap        ] GC(77) Tenured: 9245K(699072K)->9245K(699072K)
[23.189s][info][gc,metaspace   ] GC(77) Metaspace: 14204K(15040K)->14204K(15040K) NonClass: 12261K(12800K)->12261K(12800K) Class: 1943K(2240K)->1943K(2240K)
[23.189s][info][gc             ] GC(77) Pause Young (Allocation Failure) 283M->10M(989M) 15.115ms
[23.189s][info][gc,cpu         ] GC(77) User=0.00s Sys=0.00s Real=0.01s
[23.402s][info][gc,start       ] GC(78) Pause Young (Allocation Failure)
[23.419s][info][gc,heap        ] GC(78) DefNew: 281178K(314560K)->1595K(314560K) Eden: 279616K(279616K)->0K(279616K) From: 1562K(34944K)->1595K(34944K)
[23.419s][info][gc,heap        ] GC(78) Tenured: 9245K(699072K)->9245K(699072K)
[23.419s][info][gc,metaspace   ] GC(78) Metaspace: 14204K(15040K)->14204K(15040K) NonClass: 12261K(12800K)->12261K(12800K) Class: 1943K(2240K)->1943K(2240K)
[23.419s][info][gc             ] GC(78) Pause Young (Allocation Failure) 283M->10M(989M) 17.238ms
[23.419s][info][gc,cpu         ] GC(78) User=0.00s Sys=0.00s Real=0.00s
[23.625s][info][gc,start       ] GC(79) Pause Young (Allocation Failure)
[23.642s][info][gc,heap        ] GC(79) DefNew: 281211K(314560K)->1628K(314560K) Eden: 279616K(279616K)->0K(279616K) From: 1595K(34944K)->1628K(34944K)
[23.642s][info][gc,heap        ] GC(79) Tenured: 9245K(699072K)->9245K(699072K)
[23.642s][info][gc,metaspace   ] GC(79) Metaspace: 14204K(15040K)->14204K(15040K) NonClass: 12261K(12800K)->12261K(12800K) Class: 1943K(2240K)->1943K(2240K)
[23.642s][info][gc             ] GC(79) Pause Young (Allocation Failure) 283M->10M(989M) 17.291ms
[23.642s][info][gc,cpu         ] GC(79) User=0.02s Sys=0.00s Real=0.01s
[23.857s][info][gc,start       ] GC(80) Pause Young (Allocation Failure)
[23.874s][info][gc,heap        ] GC(80) DefNew: 281244K(314560K)->1660K(314560K) Eden: 279616K(279616K)->0K(279616K) From: 1628K(34944K)->1660K(34944K)
[23.874s][info][gc,heap        ] GC(80) Tenured: 9245K(699072K)->9245K(699072K)
[23.874s][info][gc,metaspace   ] GC(80) Metaspace: 14204K(15040K)->14204K(15040K) NonClass: 12261K(12800K)->12261K(12800K) Class: 1943K(2240K)->1943K(2240K)
[23.874s][info][gc             ] GC(80) Pause Young (Allocation Failure) 283M->10M(989M) 16.588ms
[23.874s][info][gc,cpu         ] GC(80) User=0.02s Sys=0.00s Real=0.01s
[24.077s][info][gc,start       ] GC(81) Pause Young (Allocation Failure)
[24.092s][info][gc,heap        ] GC(81) DefNew: 281276K(314560K)->1692K(314560K) Eden: 279616K(279616K)->0K(279616K) From: 1660K(34944K)->1692K(34944K)
[24.092s][info][gc,heap        ] GC(81) Tenured: 9245K(699072K)->9245K(699072K)
[24.092s][info][gc,metaspace   ] GC(81) Metaspace: 14204K(15040K)->14204K(15040K) NonClass: 12261K(12800K)->12261K(12800K) Class: 1943K(2240K)->1943K(2240K)
[24.092s][info][gc             ] GC(81) Pause Young (Allocation Failure) 283M->10M(989M) 15.589ms
[24.092s][info][gc,cpu         ] GC(81) User=0.02s Sys=0.00s Real=0.01s
[24.297s][info][gc,start       ] GC(82) Pause Young (Allocation Failure)
[24.314s][info][gc,heap        ] GC(82) DefNew: 281308K(314560K)->1724K(314560K) Eden: 279616K(279616K)->0K(279616K) From: 1692K(34944K)->1724K(34944K)
[24.314s][info][gc,heap        ] GC(82) Tenured: 9245K(699072K)->9245K(699072K)
[24.314s][info][gc,metaspace   ] GC(82) Metaspace: 14204K(15040K)->14204K(15040K) NonClass: 12261K(12800K)->12261K(12800K) Class: 1943K(2240K)->1943K(2240K)
[24.314s][info][gc             ] GC(82) Pause Young (Allocation Failure) 283M->10M(989M) 16.319ms
[24.314s][info][gc,cpu         ] GC(82) User=0.03s Sys=0.00s Real=0.02s
[24.526s][info][gc,start       ] GC(83) Pause Young (Allocation Failure)
[24.546s][info][gc,heap        ] GC(83) DefNew: 281340K(314560K)->1760K(314560K) Eden: 279616K(279616K)->0K(279616K) From: 1724K(34944K)->1760K(34944K)
[24.546s][info][gc,heap        ] GC(83) Tenured: 9245K(699072K)->9245K(699072K)
[24.546s][info][gc,metaspace   ] GC(83) Metaspace: 14204K(15040K)->14204K(15040K) NonClass: 12261K(12800K)->12261K(12800K) Class: 1943K(2240K)->1943K(2240K)
[24.546s][info][gc             ] GC(83) Pause Young (Allocation Failure) 283M->10M(989M) 20.412ms
[24.546s][info][gc,cpu         ] GC(83) User=0.02s Sys=0.00s Real=0.02s
[24.767s][info][gc,start       ] GC(84) Pause Young (Allocation Failure)
[24.788s][info][gc,heap        ] GC(84) DefNew: 281376K(314560K)->1795K(314560K) Eden: 279616K(279616K)->0K(279616K) From: 1760K(34944K)->1795K(34944K)
[24.788s][info][gc,heap        ] GC(84) Tenured: 9245K(699072K)->9245K(699072K)
[24.788s][info][gc,metaspace   ] GC(84) Metaspace: 14204K(15040K)->14204K(15040K) NonClass: 12261K(12800K)->12261K(12800K) Class: 1943K(2240K)->1943K(2240K)
[24.788s][info][gc             ] GC(84) Pause Young (Allocation Failure) 283M->10M(989M) 21.381ms
[24.788s][info][gc,cpu         ] GC(84) User=0.02s Sys=0.00s Real=0.02s
[24.997s][info][gc,start       ] GC(85) Pause Young (Allocation Failure)
[25.019s][info][gc,heap        ] GC(85) DefNew: 281411K(314560K)->1831K(314560K) Eden: 279616K(279616K)->0K(279616K) From: 1795K(34944K)->1831K(34944K)
[25.019s][info][gc,heap        ] GC(85) Tenured: 9245K(699072K)->9245K(699072K)
[25.019s][info][gc,metaspace   ] GC(85) Metaspace: 14204K(15040K)->14204K(15040K) NonClass: 12261K(12800K)->12261K(12800K) Class: 1943K(2240K)->1943K(2240K)
[25.019s][info][gc             ] GC(85) Pause Young (Allocation Failure) 283M->10M(989M) 21.676ms
[25.019s][info][gc,cpu         ] GC(85) User=0.03s Sys=0.00s Real=0.02s
[25.238s][info][gc,start       ] GC(86) Pause Young (Allocation Failure)
[25.259s][info][gc,heap        ] GC(86) DefNew: 281447K(314560K)->1867K(314560K) Eden: 279616K(279616K)->0K(279616K) From: 1831K(34944K)->1867K(34944K)
[25.259s][info][gc,heap        ] GC(86) Tenured: 9245K(699072K)->9245K(699072K)
[25.259s][info][gc,metaspace   ] GC(86) Metaspace: 14204K(15040K)->14204K(15040K) NonClass: 12261K(12800K)->12261K(12800K) Class: 1943K(2240K)->1943K(2240K)
[25.259s][info][gc             ] GC(86) Pause Young (Allocation Failure) 283M->10M(989M) 21.485ms
[25.260s][info][gc,cpu         ] GC(86) User=0.02s Sys=0.00s Real=0.02s
[25.465s][info][gc,start       ] GC(87) Pause Young (Allocation Failure)
[25.488s][info][gc,heap        ] GC(87) DefNew: 281483K(314560K)->1900K(314560K) Eden: 279616K(279616K)->0K(279616K) From: 1867K(34944K)->1900K(34944K)
[25.488s][info][gc,heap        ] GC(87) Tenured: 9245K(699072K)->9245K(699072K)
[25.488s][info][gc,metaspace   ] GC(87) Metaspace: 14204K(15040K)->14204K(15040K) NonClass: 12261K(12800K)->12261K(12800K) Class: 1943K(2240K)->1943K(2240K)
[25.488s][info][gc             ] GC(87) Pause Young (Allocation Failure) 283M->10M(989M) 22.298ms
[25.488s][info][gc,cpu         ] GC(87) User=0.02s Sys=0.00s Real=0.02s
[25.703s][info][gc,start       ] GC(88) Pause Young (Allocation Failure)
[25.727s][info][gc,heap        ] GC(88) DefNew: 281516K(314560K)->1932K(314560K) Eden: 279616K(279616K)->0K(279616K) From: 1900K(34944K)->1932K(34944K)
[25.727s][info][gc,heap        ] GC(88) Tenured: 9245K(699072K)->9245K(699072K)
[25.727s][info][gc,metaspace   ] GC(88) Metaspace: 14204K(15040K)->14204K(15040K) NonClass: 12261K(12800K)->12261K(12800K) Class: 1943K(2240K)->1943K(2240K)
[25.727s][info][gc             ] GC(88) Pause Young (Allocation Failure) 283M->10M(989M) 23.925ms
[25.727s][info][gc,cpu         ] GC(88) User=0.02s Sys=0.00s Real=0.02s
[25.939s][info][gc,start       ] GC(89) Pause Young (Allocation Failure)
[25.963s][info][gc,heap        ] GC(89) DefNew: 281548K(314560K)->1967K(314560K) Eden: 279616K(279616K)->0K(279616K) From: 1932K(34944K)->1967K(34944K)
[25.963s][info][gc,heap        ] GC(89) Tenured: 9245K(699072K)->9245K(699072K)
[25.963s][info][gc,metaspace   ] GC(89) Metaspace: 14204K(15040K)->14204K(15040K) NonClass: 12261K(12800K)->12261K(12800K) Class: 1943K(2240K)->1943K(2240K)
[25.963s][info][gc             ] GC(89) Pause Young (Allocation Failure) 283M->10M(989M) 23.942ms
[25.963s][info][gc,cpu         ] GC(89) User=0.00s Sys=0.00s Real=0.01s
[26.176s][info][gc,start       ] GC(90) Pause Young (Allocation Failure)
[26.202s][info][gc,heap        ] GC(90) DefNew: 281583K(314560K)->521K(314560K) Eden: 279616K(279616K)->0K(279616K) From: 1967K(34944K)->521K(34944K)
[26.202s][info][gc,heap        ] GC(90) Tenured: 9245K(699072K)->10725K(699072K)
[26.202s][info][gc,metaspace   ] GC(90) Metaspace: 14204K(15040K)->14204K(15040K) NonClass: 12261K(12800K)->12261K(12800K) Class: 1943K(2240K)->1943K(2240K)
[26.202s][info][gc             ] GC(90) Pause Young (Allocation Failure) 284M->10M(989M) 25.470ms
[26.202s][info][gc,cpu         ] GC(90) User=0.02s Sys=0.00s Real=0.03s
[26.465s][info][gc,start       ] GC(91) Pause Young (Allocation Failure)
[26.493s][info][gc,heap        ] GC(91) DefNew: 280137K(314560K)->516K(314560K) Eden: 279616K(279616K)->0K(279616K) From: 521K(34944K)->516K(34944K)
[26.493s][info][gc,heap        ] GC(91) Tenured: 10725K(699072K)->10764K(699072K)
[26.493s][info][gc,metaspace   ] GC(91) Metaspace: 14204K(15040K)->14204K(15040K) NonClass: 12261K(12800K)->12261K(12800K) Class: 1943K(2240K)->1943K(2240K)
[26.493s][info][gc             ] GC(91) Pause Young (Allocation Failure) 284M->11M(989M) 28.393ms
[26.493s][info][gc,cpu         ] GC(91) User=0.02s Sys=0.00s Real=0.02s
[26.725s][info][gc,start       ] GC(92) Pause Young (Allocation Failure)
[26.742s][info][gc,heap        ] GC(92) DefNew: 280132K(314560K)->517K(314560K) Eden: 279616K(279616K)->0K(279616K) From: 516K(34944K)->517K(34944K)
[26.742s][info][gc,heap        ] GC(92) Tenured: 10764K(699072K)->10799K(699072K)
[26.742s][info][gc,metaspace   ] GC(92) Metaspace: 14204K(15040K)->14204K(15040K) NonClass: 12261K(12800K)->12261K(12800K) Class: 1943K(2240K)->1943K(2240K)
[26.742s][info][gc             ] GC(92) Pause Young (Allocation Failure) 284M->11M(989M) 17.948ms
[26.742s][info][gc,cpu         ] GC(92) User=0.02s Sys=0.00s Real=0.02s
[26.983s][info][gc,start       ] GC(93) Pause Young (Allocation Failure)
[26.999s][info][gc,heap        ] GC(93) DefNew: 280133K(314560K)->522K(314560K) Eden: 279616K(279616K)->0K(279616K) From: 517K(34944K)->522K(34944K)
[26.999s][info][gc,heap        ] GC(93) Tenured: 10799K(699072K)->10831K(699072K)
[26.999s][info][gc,metaspace   ] GC(93) Metaspace: 14204K(15040K)->14204K(15040K) NonClass: 12261K(12800K)->12261K(12800K) Class: 1943K(2240K)->1943K(2240K)
[26.999s][info][gc             ] GC(93) Pause Young (Allocation Failure) 284M->11M(989M) 16.238ms
[26.999s][info][gc,cpu         ] GC(93) User=0.02s Sys=0.00s Real=0.00s
[27.218s][info][gc,start       ] GC(94) Pause Young (Allocation Failure)
[27.236s][info][gc,heap        ] GC(94) DefNew: 280138K(314560K)->524K(314560K) Eden: 279616K(279616K)->0K(279616K) From: 522K(34944K)->524K(34944K)
[27.236s][info][gc,heap        ] GC(94) Tenured: 10831K(699072K)->10864K(699072K)
[27.236s][info][gc,metaspace   ] GC(94) Metaspace: 14204K(15040K)->14204K(15040K) NonClass: 12261K(12800K)->12261K(12800K) Class: 1943K(2240K)->1943K(2240K)
[27.236s][info][gc             ] GC(94) Pause Young (Allocation Failure) 284M->11M(989M) 18.347ms
[27.236s][info][gc,cpu         ] GC(94) User=0.03s Sys=0.00s Real=0.02s
[27.449s][info][gc,start       ] GC(95) Pause Young (Allocation Failure)
[27.468s][info][gc,heap        ] GC(95) DefNew: 280140K(314560K)->526K(314560K) Eden: 279616K(279616K)->0K(279616K) From: 524K(34944K)->526K(34944K)
[27.468s][info][gc,heap        ] GC(95) Tenured: 10864K(699072K)->10896K(699072K)
[27.468s][info][gc,metaspace   ] GC(95) Metaspace: 14204K(15040K)->14204K(15040K) NonClass: 12261K(12800K)->12261K(12800K) Class: 1943K(2240K)->1943K(2240K)
[27.468s][info][gc             ] GC(95) Pause Young (Allocation Failure) 284M->11M(989M) 18.946ms
[27.468s][info][gc,cpu         ] GC(95) User=0.02s Sys=0.00s Real=0.02s
[27.687s][info][gc,start       ] GC(96) Pause Young (Allocation Failure)
[27.704s][info][gc,heap        ] GC(96) DefNew: 280142K(314560K)->526K(314560K) Eden: 279616K(279616K)->0K(279616K) From: 526K(34944K)->526K(34944K)
[27.704s][info][gc,heap        ] GC(96) Tenured: 10896K(699072K)->10928K(699072K)
[27.704s][info][gc,metaspace   ] GC(96) Metaspace: 14204K(15040K)->14204K(15040K) NonClass: 12261K(12800K)->12261K(12800K) Class: 1943K(2240K)->1943K(2240K)
[27.704s][info][gc             ] GC(96) Pause Young (Allocation Failure) 284M->11M(989M) 17.551ms
[27.704s][info][gc,cpu         ] GC(96) User=0.02s Sys=0.00s Real=0.01s
[27.920s][info][gc,start       ] GC(97) Pause Young (Allocation Failure)
[27.937s][info][gc,heap        ] GC(97) DefNew: 280142K(314560K)->529K(314560K) Eden: 279616K(279616K)->0K(279616K) From: 526K(34944K)->529K(34944K)
[27.937s][info][gc,heap        ] GC(97) Tenured: 10928K(699072K)->10960K(699072K)
[27.937s][info][gc,metaspace   ] GC(97) Metaspace: 14204K(15040K)->14204K(15040K) NonClass: 12261K(12800K)->12261K(12800K) Class: 1943K(2240K)->1943K(2240K)
[27.937s][info][gc             ] GC(97) Pause Young (Allocation Failure) 284M->11M(989M) 16.970ms
[27.937s][info][gc,cpu         ] GC(97) User=0.02s Sys=0.00s Real=0.01s
[28.151s][info][gc,start       ] GC(98) Pause Young (Allocation Failure)
[28.172s][info][gc,heap        ] GC(98) DefNew: 280145K(314560K)->526K(314560K) Eden: 279616K(279616K)->0K(279616K) From: 529K(34944K)->526K(34944K)
[28.172s][info][gc,heap        ] GC(98) Tenured: 10960K(699072K)->10996K(699072K)
[28.172s][info][gc,metaspace   ] GC(98) Metaspace: 14204K(15040K)->14204K(15040K) NonClass: 12261K(12800K)->12261K(12800K) Class: 1943K(2240K)->1943K(2240K)
[28.172s][info][gc             ] GC(98) Pause Young (Allocation Failure) 284M->11M(989M) 20.899ms
[28.172s][info][gc,cpu         ] GC(98) User=0.02s Sys=0.00s Real=0.02s
[28.390s][info][gc,start       ] GC(99) Pause Young (Allocation Failure)
[28.412s][info][gc,heap        ] GC(99) DefNew: 280142K(314560K)->526K(314560K) Eden: 279616K(279616K)->0K(279616K) From: 526K(34944K)->526K(34944K)
[28.412s][info][gc,heap        ] GC(99) Tenured: 10996K(699072K)->11031K(699072K)
[28.412s][info][gc,metaspace   ] GC(99) Metaspace: 14204K(15040K)->14204K(15040K) NonClass: 12261K(12800K)->12261K(12800K) Class: 1943K(2240K)->1943K(2240K)
[28.412s][info][gc             ] GC(99) Pause Young (Allocation Failure) 284M->11M(989M) 22.353ms
[28.412s][info][gc,cpu         ] GC(99) User=0.02s Sys=0.00s Real=0.01s
[28.632s][info][gc,start       ] GC(100) Pause Young (Allocation Failure)
[28.654s][info][gc,heap        ] GC(100) DefNew: 280142K(314560K)->525K(314560K) Eden: 279616K(279616K)->0K(279616K) From: 526K(34944K)->525K(34944K)
[28.655s][info][gc,heap        ] GC(100) Tenured: 11031K(699072K)->11067K(699072K)
[28.655s][info][gc,metaspace   ] GC(100) Metaspace: 14204K(15040K)->14204K(15040K) NonClass: 12261K(12800K)->12261K(12800K) Class: 1943K(2240K)->1943K(2240K)
[28.655s][info][gc             ] GC(100) Pause Young (Allocation Failure) 284M->11M(989M) 22.731ms
[28.655s][info][gc,cpu         ] GC(100) User=0.02s Sys=0.00s Real=0.02s
[28.873s][info][gc,start       ] GC(101) Pause Young (Allocation Failure)
[28.896s][info][gc,heap        ] GC(101) DefNew: 280141K(314560K)->526K(314560K) Eden: 279616K(279616K)->0K(279616K) From: 525K(34944K)->526K(34944K)
[28.896s][info][gc,heap        ] GC(101) Tenured: 11067K(699072K)->11102K(699072K)
[28.896s][info][gc,metaspace   ] GC(101) Metaspace: 14204K(15040K)->14204K(15040K) NonClass: 12261K(12800K)->12261K(12800K) Class: 1943K(2240K)->1943K(2240K)
[28.896s][info][gc             ] GC(101) Pause Young (Allocation Failure) 284M->11M(989M) 23.009ms
[28.897s][info][gc,cpu         ] GC(101) User=0.03s Sys=0.00s Real=0.02s
[29.111s][info][gc,start       ] GC(102) Pause Young (Allocation Failure)
[29.135s][info][gc,heap        ] GC(102) DefNew: 280142K(314560K)->528K(314560K) Eden: 279616K(279616K)->0K(279616K) From: 526K(34944K)->528K(34944K)
[29.135s][info][gc,heap        ] GC(102) Tenured: 11102K(699072K)->11135K(699072K)
[29.135s][info][gc,metaspace   ] GC(102) Metaspace: 14204K(15040K)->14204K(15040K) NonClass: 12261K(12800K)->12261K(12800K) Class: 1943K(2240K)->1943K(2240K)
[29.135s][info][gc             ] GC(102) Pause Young (Allocation Failure) 284M->11M(989M) 23.722ms
[29.135s][info][gc,cpu         ] GC(102) User=0.02s Sys=0.00s Real=0.02s
[29.352s][info][gc,start       ] GC(103) Pause Young (Allocation Failure)
[29.375s][info][gc,heap        ] GC(103) DefNew: 280144K(314560K)->531K(314560K) Eden: 279616K(279616K)->0K(279616K) From: 528K(34944K)->531K(34944K)
[29.375s][info][gc,heap        ] GC(103) Tenured: 11135K(699072K)->11167K(699072K)
[29.375s][info][gc,metaspace   ] GC(103) Metaspace: 14204K(15040K)->14204K(15040K) NonClass: 12261K(12800K)->12261K(12800K) Class: 1943K(2240K)->1943K(2240K)
[29.375s][info][gc             ] GC(103) Pause Young (Allocation Failure) 284M->11M(989M) 23.753ms
[29.375s][info][gc,cpu         ] GC(103) User=0.02s Sys=0.00s Real=0.02s
[29.592s][info][gc,start       ] GC(104) Pause Young (Allocation Failure)
[29.613s][info][gc,heap        ] GC(104) DefNew: 280147K(314560K)->531K(314560K) Eden: 279616K(279616K)->0K(279616K) From: 531K(34944K)->531K(34944K)
[29.613s][info][gc,heap        ] GC(104) Tenured: 11167K(699072K)->11203K(699072K)
[29.613s][info][gc,metaspace   ] GC(104) Metaspace: 14204K(15040K)->14204K(15040K) NonClass: 12261K(12800K)->12261K(12800K) Class: 1943K(2240K)->1943K(2240K)
[29.613s][info][gc             ] GC(104) Pause Young (Allocation Failure) 284M->11M(989M) 20.531ms
[29.613s][info][gc,cpu         ] GC(104) User=0.03s Sys=0.00s Real=0.02s
[29.831s][info][gc,start       ] GC(105) Pause Young (Allocation Failure)
[29.851s][info][gc,heap        ] GC(105) DefNew: 280147K(314560K)->531K(314560K) Eden: 279616K(279616K)->0K(279616K) From: 531K(34944K)->531K(34944K)
[29.852s][info][gc,heap        ] GC(105) Tenured: 11203K(699072K)->11238K(699072K)
[29.852s][info][gc,metaspace   ] GC(105) Metaspace: 14204K(15040K)->14204K(15040K) NonClass: 12261K(12800K)->12261K(12800K) Class: 1943K(2240K)->1943K(2240K)
[29.852s][info][gc             ] GC(105) Pause Young (Allocation Failure) 284M->11M(989M) 20.486ms
[29.852s][info][gc,cpu         ] GC(105) User=0.02s Sys=0.00s Real=0.02s
[30.069s][info][gc,start       ] GC(106) Pause Young (Allocation Failure)
[30.089s][info][gc,heap        ] GC(106) DefNew: 280147K(314560K)->533K(314560K) Eden: 279616K(279616K)->0K(279616K) From: 531K(34944K)->533K(34944K)
[30.090s][info][gc,heap        ] GC(106) Tenured: 11238K(699072K)->11271K(699072K)
[30.090s][info][gc,metaspace   ] GC(106) Metaspace: 14204K(15040K)->14204K(15040K) NonClass: 12261K(12800K)->12261K(12800K) Class: 1943K(2240K)->1943K(2240K)
[30.090s][info][gc             ] GC(106) Pause Young (Allocation Failure) 284M->11M(989M) 20.839ms
[30.090s][info][gc,cpu         ] GC(106) User=0.02s Sys=0.00s Real=0.01s
[30.306s][info][gc,start       ] GC(107) Pause Young (Allocation Failure)
[30.328s][info][gc,heap        ] GC(107) DefNew: 280149K(314560K)->532K(314560K) Eden: 279616K(279616K)->0K(279616K) From: 533K(34944K)->532K(34944K)
[30.328s][info][gc,heap        ] GC(107) Tenured: 11271K(699072K)->11306K(699072K)
[30.328s][info][gc,metaspace   ] GC(107) Metaspace: 14204K(15040K)->14204K(15040K) NonClass: 12261K(12800K)->12261K(12800K) Class: 1943K(2240K)->1943K(2240K)
[30.328s][info][gc             ] GC(107) Pause Young (Allocation Failure) 284M->11M(989M) 22.837ms
[30.328s][info][gc,cpu         ] GC(107) User=0.02s Sys=0.00s Real=0.02s
[30.600s][info][gc,start       ] GC(108) Pause Young (Allocation Failure)
[30.627s][info][gc,heap        ] GC(108) DefNew: 280148K(314560K)->528K(314560K) Eden: 279616K(279616K)->0K(279616K) From: 532K(34944K)->528K(34944K)
[30.627s][info][gc,heap        ] GC(108) Tenured: 11306K(699072K)->11344K(699072K)
[30.627s][info][gc,metaspace   ] GC(108) Metaspace: 14204K(15040K)->14204K(15040K) NonClass: 12261K(12800K)->12261K(12800K) Class: 1943K(2240K)->1943K(2240K)
[30.627s][info][gc             ] GC(108) Pause Young (Allocation Failure) 284M->11M(989M) 27.244ms
[30.627s][info][gc,cpu         ] GC(108) User=0.02s Sys=0.00s Real=0.02s
[30.857s][info][gc,start       ] GC(109) Pause Young (Allocation Failure)
[30.877s][info][gc,heap        ] GC(109) DefNew: 280144K(314560K)->532K(314560K) Eden: 279616K(279616K)->0K(279616K) From: 528K(34944K)->532K(34944K)
[30.877s][info][gc,heap        ] GC(109) Tenured: 11344K(699072K)->11380K(699072K)
[30.877s][info][gc,metaspace   ] GC(109) Metaspace: 14204K(15040K)->14204K(15040K) NonClass: 12261K(12800K)->12261K(12800K) Class: 1943K(2240K)->1943K(2240K)
[30.877s][info][gc             ] GC(109) Pause Young (Allocation Failure) 284M->11M(989M) 19.817ms
[30.877s][info][gc,cpu         ] GC(109) User=0.03s Sys=0.00s Real=0.02s
[31.118s][info][gc,start       ] GC(110) Pause Young (Allocation Failure)
[31.140s][info][gc,heap        ] GC(110) DefNew: 280148K(314560K)->538K(314560K) Eden: 279616K(279616K)->0K(279616K) From: 532K(34944K)->538K(34944K)
[31.140s][info][gc,heap        ] GC(110) Tenured: 11380K(699072K)->11412K(699072K)
[31.140s][info][gc,metaspace   ] GC(110) Metaspace: 14204K(15040K)->14204K(15040K) NonClass: 12261K(12800K)->12261K(12800K) Class: 1943K(2240K)->1943K(2240K)
[31.140s][info][gc             ] GC(110) Pause Young (Allocation Failure) 284M->11M(989M) 22.056ms
[31.140s][info][gc,cpu         ] GC(110) User=0.02s Sys=0.00s Real=0.02s
[31.358s][info][gc,start       ] GC(111) Pause Young (Allocation Failure)
[31.379s][info][gc,heap        ] GC(111) DefNew: 280154K(314560K)->537K(314560K) Eden: 279616K(279616K)->0K(279616K) From: 538K(34944K)->537K(34944K)
[31.379s][info][gc,heap        ] GC(111) Tenured: 11412K(699072K)->11445K(699072K)
[31.379s][info][gc,metaspace   ] GC(111) Metaspace: 14204K(15040K)->14204K(15040K) NonClass: 12261K(12800K)->12261K(12800K) Class: 1943K(2240K)->1943K(2240K)
[31.379s][info][gc             ] GC(111) Pause Young (Allocation Failure) 284M->11M(989M) 21.202ms
[31.379s][info][gc,cpu         ] GC(111) User=0.03s Sys=0.00s Real=0.02s
[31.594s][info][gc,start       ] GC(112) Pause Young (Allocation Failure)
[31.616s][info][gc,heap        ] GC(112) DefNew: 280153K(314560K)->537K(314560K) Eden: 279616K(279616K)->0K(279616K) From: 537K(34944K)->537K(34944K)
[31.616s][info][gc,heap        ] GC(112) Tenured: 11445K(699072K)->11482K(699072K)
[31.616s][info][gc,metaspace   ] GC(112) Metaspace: 14204K(15040K)->14204K(15040K) NonClass: 12261K(12800K)->12261K(12800K) Class: 1943K(2240K)->1943K(2240K)
[31.616s][info][gc             ] GC(112) Pause Young (Allocation Failure) 284M->11M(989M) 21.875ms
[31.616s][info][gc,cpu         ] GC(112) User=0.02s Sys=0.00s Real=0.01s
[31.832s][info][gc,start       ] GC(113) Pause Young (Allocation Failure)
[31.855s][info][gc,heap        ] GC(113) DefNew: 280153K(314560K)->539K(314560K) Eden: 279616K(279616K)->0K(279616K) From: 537K(34944K)->539K(34944K)
[31.855s][info][gc,heap        ] GC(113) Tenured: 11482K(699072K)->11514K(699072K)
[31.855s][info][gc,metaspace   ] GC(113) Metaspace: 14204K(15040K)->14204K(15040K) NonClass: 12261K(12800K)->12261K(12800K) Class: 1943K(2240K)->1943K(2240K)
[31.855s][info][gc             ] GC(113) Pause Young (Allocation Failure) 284M->11M(989M) 22.725ms
[31.855s][info][gc,cpu         ] GC(113) User=0.02s Sys=0.00s Real=0.02s
[32.074s][info][gc,start       ] GC(114) Pause Young (Allocation Failure)
[32.095s][info][gc,heap        ] GC(114) DefNew: 280155K(314560K)->539K(314560K) Eden: 279616K(279616K)->0K(279616K) From: 539K(34944K)->539K(34944K)
[32.095s][info][gc,heap        ] GC(114) Tenured: 11514K(699072K)->11549K(699072K)
[32.095s][info][gc,metaspace   ] GC(114) Metaspace: 14204K(15040K)->14204K(15040K) NonClass: 12261K(12800K)->12261K(12800K) Class: 1943K(2240K)->1943K(2240K)
[32.095s][info][gc             ] GC(114) Pause Young (Allocation Failure) 284M->11M(989M) 21.419ms
[32.095s][info][gc,cpu         ] GC(114) User=0.02s Sys=0.00s Real=0.01s
[32.311s][info][gc,start       ] GC(115) Pause Young (Allocation Failure)
[32.334s][info][gc,heap        ] GC(115) DefNew: 280155K(314560K)->539K(314560K) Eden: 279616K(279616K)->0K(279616K) From: 539K(34944K)->539K(34944K)
[32.334s][info][gc,heap        ] GC(115) Tenured: 11549K(699072K)->11584K(699072K)
[32.334s][info][gc,metaspace   ] GC(115) Metaspace: 14204K(15040K)->14204K(15040K) NonClass: 12261K(12800K)->12261K(12800K) Class: 1943K(2240K)->1943K(2240K)
[32.334s][info][gc             ] GC(115) Pause Young (Allocation Failure) 284M->11M(989M) 23.348ms
[32.334s][info][gc,cpu         ] GC(115) User=0.02s Sys=0.00s Real=0.02s
[32.550s][info][gc,start       ] GC(116) Pause Young (Allocation Failure)
[32.572s][info][gc,heap        ] GC(116) DefNew: 280155K(314560K)->536K(314560K) Eden: 279616K(279616K)->0K(279616K) From: 539K(34944K)->536K(34944K)
[32.572s][info][gc,heap        ] GC(116) Tenured: 11584K(699072K)->11620K(699072K)
[32.573s][info][gc,metaspace   ] GC(116) Metaspace: 14204K(15040K)->14204K(15040K) NonClass: 12261K(12800K)->12261K(12800K) Class: 1943K(2240K)->1943K(2240K)
[32.573s][info][gc             ] GC(116) Pause Young (Allocation Failure) 284M->11M(989M) 22.991ms
[32.573s][info][gc,cpu         ] GC(116) User=0.02s Sys=0.00s Real=0.02s
[32.789s][info][gc,start       ] GC(117) Pause Young (Allocation Failure)
[32.810s][info][gc,heap        ] GC(117) DefNew: 280152K(314560K)->536K(314560K) Eden: 279616K(279616K)->0K(279616K) From: 536K(34944K)->536K(34944K)
[32.810s][info][gc,heap        ] GC(117) Tenured: 11620K(699072K)->11655K(699072K)
[32.810s][info][gc,metaspace   ] GC(117) Metaspace: 14204K(15040K)->14204K(15040K) NonClass: 12261K(12800K)->12261K(12800K) Class: 1943K(2240K)->1943K(2240K)
[32.810s][info][gc             ] GC(117) Pause Young (Allocation Failure) 284M->11M(989M) 20.667ms
[32.810s][info][gc,cpu         ] GC(117) User=0.02s Sys=0.00s Real=0.02s
[33.025s][info][gc,start       ] GC(118) Pause Young (Allocation Failure)
[33.046s][info][gc,heap        ] GC(118) DefNew: 280152K(314560K)->540K(314560K) Eden: 279616K(279616K)->0K(279616K) From: 536K(34944K)->540K(34944K)
[33.046s][info][gc,heap        ] GC(118) Tenured: 11655K(699072K)->11690K(699072K)
[33.046s][info][gc,metaspace   ] GC(118) Metaspace: 14204K(15040K)->14204K(15040K) NonClass: 12261K(12800K)->12261K(12800K) Class: 1943K(2240K)->1943K(2240K)
[33.046s][info][gc             ] GC(118) Pause Young (Allocation Failure) 284M->11M(989M) 20.840ms
[33.046s][info][gc,cpu         ] GC(118) User=0.02s Sys=0.00s Real=0.02s
[33.263s][info][gc,start       ] GC(119) Pause Young (Allocation Failure)
[33.290s][info][gc,heap        ] GC(119) DefNew: 280156K(314560K)->540K(314560K) Eden: 279616K(279616K)->0K(279616K) From: 540K(34944K)->540K(34944K)
[33.290s][info][gc,heap        ] GC(119) Tenured: 11690K(699072K)->11726K(699072K)
[33.290s][info][gc,metaspace   ] GC(119) Metaspace: 14204K(15040K)->14204K(15040K) NonClass: 12261K(12800K)->12261K(12800K) Class: 1943K(2240K)->1943K(2240K)
[33.290s][info][gc             ] GC(119) Pause Young (Allocation Failure) 285M->11M(989M) 26.345ms
[33.290s][info][gc,cpu         ] GC(119) User=0.03s Sys=0.00s Real=0.02s
[33.508s][info][gc,start       ] GC(120) Pause Young (Allocation Failure)
[33.534s][info][gc,heap        ] GC(120) DefNew: 280156K(314560K)->539K(314560K) Eden: 279616K(279616K)->0K(279616K) From: 540K(34944K)->539K(34944K)
[33.534s][info][gc,heap        ] GC(120) Tenured: 11726K(699072K)->11761K(699072K)
[33.534s][info][gc,metaspace   ] GC(120) Metaspace: 14204K(15040K)->14204K(15040K) NonClass: 12261K(12800K)->12261K(12800K) Class: 1943K(2240K)->1943K(2240K)
[33.534s][info][gc             ] GC(120) Pause Young (Allocation Failure) 285M->12M(989M) 26.020ms
[33.534s][info][gc,cpu         ] GC(120) User=0.02s Sys=0.00s Real=0.02s
[33.754s][info][gc,start       ] GC(121) Pause Young (Allocation Failure)
[33.781s][info][gc,heap        ] GC(121) DefNew: 280155K(314560K)->537K(314560K) Eden: 279616K(279616K)->0K(279616K) From: 539K(34944K)->537K(34944K)
[33.781s][info][gc,heap        ] GC(121) Tenured: 11761K(699072K)->11797K(699072K)
[33.781s][info][gc,metaspace   ] GC(121) Metaspace: 14204K(15040K)->14204K(15040K) NonClass: 12261K(12800K)->12261K(12800K) Class: 1943K(2240K)->1943K(2240K)
[33.782s][info][gc             ] GC(121) Pause Young (Allocation Failure) 285M->12M(989M) 27.643ms
[33.782s][info][gc,cpu         ] GC(121) User=0.02s Sys=0.00s Real=0.02s
[33.999s][info][gc,start       ] GC(122) Pause Young (Allocation Failure)
[34.026s][info][gc,heap        ] GC(122) DefNew: 280153K(314560K)->539K(314560K) Eden: 279616K(279616K)->0K(279616K) From: 537K(34944K)->539K(34944K)
[34.026s][info][gc,heap        ] GC(122) Tenured: 11797K(699072K)->11830K(699072K)
[34.026s][info][gc,metaspace   ] GC(122) Metaspace: 14204K(15040K)->14204K(15040K) NonClass: 12261K(12800K)->12261K(12800K) Class: 1943K(2240K)->1943K(2240K)
[34.026s][info][gc             ] GC(122) Pause Young (Allocation Failure) 285M->12M(989M) 27.918ms
[34.027s][info][gc,cpu         ] GC(122) User=0.02s Sys=0.00s Real=0.02s
[34.246s][info][gc,start       ] GC(123) Pause Young (Allocation Failure)
[34.275s][info][gc,heap        ] GC(123) DefNew: 280155K(314560K)->539K(314560K) Eden: 279616K(279616K)->0K(279616K) From: 539K(34944K)->539K(34944K)
[34.275s][info][gc,heap        ] GC(123) Tenured: 11830K(699072K)->11865K(699072K)
[34.275s][info][gc,metaspace   ] GC(123) Metaspace: 14204K(15040K)->14204K(15040K) NonClass: 12261K(12800K)->12261K(12800K) Class: 1943K(2240K)->1943K(2240K)
[34.275s][info][gc             ] GC(123) Pause Young (Allocation Failure) 285M->12M(989M) 28.829ms
[34.275s][info][gc,cpu         ] GC(123) User=0.02s Sys=0.00s Real=0.02s
[34.494s][info][gc,start       ] GC(124) Pause Young (Allocation Failure)
[34.523s][info][gc,heap        ] GC(124) DefNew: 280155K(314560K)->537K(314560K) Eden: 279616K(279616K)->0K(279616K) From: 539K(34944K)->537K(34944K)
[34.523s][info][gc,heap        ] GC(124) Tenured: 11865K(699072K)->11903K(699072K)
[34.523s][info][gc,metaspace   ] GC(124) Metaspace: 14204K(15040K)->14204K(15040K) NonClass: 12261K(12800K)->12261K(12800K) Class: 1943K(2240K)->1943K(2240K)
[34.523s][info][gc             ] GC(124) Pause Young (Allocation Failure) 285M->12M(989M) 29.170ms
[34.523s][info][gc,cpu         ] GC(124) User=0.02s Sys=0.00s Real=0.02s
[34.758s][info][gc,start       ] GC(125) Pause Young (Allocation Failure)
[34.784s][info][gc,heap        ] GC(125) DefNew: 280153K(314560K)->534K(314560K) Eden: 279616K(279616K)->0K(279616K) From: 537K(34944K)->534K(34944K)
[34.784s][info][gc,heap        ] GC(125) Tenured: 11903K(699072K)->11942K(699072K)
[34.784s][info][gc,metaspace   ] GC(125) Metaspace: 14204K(15040K)->14204K(15040K) NonClass: 12261K(12800K)->12261K(12800K) Class: 1943K(2240K)->1943K(2240K)
[34.784s][info][gc             ] GC(125) Pause Young (Allocation Failure) 285M->12M(989M) 25.592ms
[34.784s][info][gc,cpu         ] GC(125) User=0.03s Sys=0.00s Real=0.03s
[35.014s][info][gc,start       ] GC(126) Pause Young (Allocation Failure)
[35.040s][info][gc,heap        ] GC(126) DefNew: 280150K(314560K)->540K(314560K) Eden: 279616K(279616K)->0K(279616K) From: 534K(34944K)->540K(34944K)
[35.040s][info][gc,heap        ] GC(126) Tenured: 11942K(699072K)->11974K(699072K)
[35.040s][info][gc,metaspace   ] GC(126) Metaspace: 14204K(15040K)->14204K(15040K) NonClass: 12261K(12800K)->12261K(12800K) Class: 1943K(2240K)->1943K(2240K)
[35.040s][info][gc             ] GC(126) Pause Young (Allocation Failure) 285M->12M(989M) 26.798ms
[35.040s][info][gc,cpu         ] GC(126) User=0.02s Sys=0.00s Real=0.02s
[35.270s][info][gc,start       ] GC(127) Pause Young (Allocation Failure)
[35.293s][info][gc,heap        ] GC(127) DefNew: 280156K(314560K)->541K(314560K) Eden: 279616K(279616K)->0K(279616K) From: 540K(34944K)->541K(34944K)
[35.293s][info][gc,heap        ] GC(127) Tenured: 11974K(699072K)->12010K(699072K)
[35.293s][info][gc,metaspace   ] GC(127) Metaspace: 14204K(15040K)->14204K(15040K) NonClass: 12261K(12800K)->12261K(12800K) Class: 1943K(2240K)->1943K(2240K)
[35.293s][info][gc             ] GC(127) Pause Young (Allocation Failure) 285M->12M(989M) 23.053ms
[35.293s][info][gc,cpu         ] GC(127) User=0.02s Sys=0.00s Real=0.02s
[35.512s][info][gc,start       ] GC(128) Pause Young (Allocation Failure)
[35.536s][info][gc,heap        ] GC(128) DefNew: 280157K(314560K)->540K(314560K) Eden: 279616K(279616K)->0K(279616K) From: 541K(34944K)->540K(34944K)
[35.536s][info][gc,heap        ] GC(128) Tenured: 12010K(699072K)->12045K(699072K)
[35.536s][info][gc,metaspace   ] GC(128) Metaspace: 14204K(15040K)->14204K(15040K) NonClass: 12261K(12800K)->12261K(12800K) Class: 1943K(2240K)->1943K(2240K)
[35.536s][info][gc             ] GC(128) Pause Young (Allocation Failure) 285M->12M(989M) 23.666ms
[35.536s][info][gc,cpu         ] GC(128) User=0.03s Sys=0.00s Real=0.02s
[35.771s][info][gc,start       ] GC(129) Pause Young (Allocation Failure)
[35.794s][info][gc,heap        ] GC(129) DefNew: 280156K(314560K)->544K(314560K) Eden: 279616K(279616K)->0K(279616K) From: 540K(34944K)->544K(34944K)
[35.794s][info][gc,heap        ] GC(129) Tenured: 12045K(699072K)->12080K(699072K)
[35.794s][info][gc,metaspace   ] GC(129) Metaspace: 14204K(15040K)->14204K(15040K) NonClass: 12261K(12800K)->12261K(12800K) Class: 1943K(2240K)->1943K(2240K)
[35.794s][info][gc             ] GC(129) Pause Young (Allocation Failure) 285M->12M(989M) 23.664ms
[35.794s][info][gc,cpu         ] GC(129) User=0.02s Sys=0.00s Real=0.02s
[36.009s][info][gc,start       ] GC(130) Pause Young (Allocation Failure)
[36.033s][info][gc,heap        ] GC(130) DefNew: 280160K(314560K)->543K(314560K) Eden: 279616K(279616K)->0K(279616K) From: 544K(34944K)->543K(34944K)
[36.033s][info][gc,heap        ] GC(130) Tenured: 12080K(699072K)->12116K(699072K)
[36.033s][info][gc,metaspace   ] GC(130) Metaspace: 14204K(15040K)->14204K(15040K) NonClass: 12261K(12800K)->12261K(12800K) Class: 1943K(2240K)->1943K(2240K)
[36.033s][info][gc             ] GC(130) Pause Young (Allocation Failure) 285M->12M(989M) 24.230ms
[36.033s][info][gc,cpu         ] GC(130) User=0.02s Sys=0.00s Real=0.01s
[36.250s][info][gc,start       ] GC(131) Pause Young (Allocation Failure)
[36.271s][info][gc,heap        ] GC(131) DefNew: 280159K(314560K)->546K(314560K) Eden: 279616K(279616K)->0K(279616K) From: 543K(34944K)->546K(34944K)
[36.271s][info][gc,heap        ] GC(131) Tenured: 12116K(699072K)->12148K(699072K)
[36.271s][info][gc,metaspace   ] GC(131) Metaspace: 14204K(15040K)->14204K(15040K) NonClass: 12261K(12800K)->12261K(12800K) Class: 1943K(2240K)->1943K(2240K)
[36.271s][info][gc             ] GC(131) Pause Young (Allocation Failure) 285M->12M(989M) 21.264ms
[36.271s][info][gc,cpu         ] GC(131) User=0.03s Sys=0.00s Real=0.02s
[36.490s][info][gc,start       ] GC(132) Pause Young (Allocation Failure)
[36.511s][info][gc,heap        ] GC(132) DefNew: 280162K(314560K)->547K(314560K) Eden: 279616K(279616K)->0K(279616K) From: 546K(34944K)->547K(34944K)
[36.511s][info][gc,heap        ] GC(132) Tenured: 12148K(699072K)->12184K(699072K)
[36.511s][info][gc,metaspace   ] GC(132) Metaspace: 14204K(15040K)->14204K(15040K) NonClass: 12261K(12800K)->12261K(12800K) Class: 1943K(2240K)->1943K(2240K)
[36.511s][info][gc             ] GC(132) Pause Young (Allocation Failure) 285M->12M(989M) 21.147ms
[36.511s][info][gc,cpu         ] GC(132) User=0.00s Sys=0.00s Real=0.01s
[36.729s][info][gc,start       ] GC(133) Pause Young (Allocation Failure)
[36.756s][info][gc,heap        ] GC(133) DefNew: 280163K(314560K)->542K(314560K) Eden: 279616K(279616K)->0K(279616K) From: 547K(34944K)->542K(34944K)
[36.756s][info][gc,heap        ] GC(133) Tenured: 12184K(699072K)->12223K(699072K)
[36.756s][info][gc,metaspace   ] GC(133) Metaspace: 14204K(15040K)->14204K(15040K) NonClass: 12261K(12800K)->12261K(12800K) Class: 1943K(2240K)->1943K(2240K)
[36.756s][info][gc             ] GC(133) Pause Young (Allocation Failure) 285M->12M(989M) 27.286ms
[36.756s][info][gc,cpu         ] GC(133) User=0.02s Sys=0.00s Real=0.01s
[36.974s][info][gc,start       ] GC(134) Pause Young (Allocation Failure)
[37.002s][info][gc,heap        ] GC(134) DefNew: 280158K(314560K)->542K(314560K) Eden: 279616K(279616K)->0K(279616K) From: 542K(34944K)->542K(34944K)
[37.002s][info][gc,heap        ] GC(134) Tenured: 12223K(699072K)->12258K(699072K)
[37.002s][info][gc,metaspace   ] GC(134) Metaspace: 14204K(15040K)->14204K(15040K) NonClass: 12261K(12800K)->12261K(12800K) Class: 1943K(2240K)->1943K(2240K)
[37.002s][info][gc             ] GC(134) Pause Young (Allocation Failure) 285M->12M(989M) 27.736ms
[37.002s][info][gc,cpu         ] GC(134) User=0.03s Sys=0.00s Real=0.03s
[37.220s][info][gc,start       ] GC(135) Pause Young (Allocation Failure)
[37.248s][info][gc,heap        ] GC(135) DefNew: 280158K(314560K)->547K(314560K) Eden: 279616K(279616K)->0K(279616K) From: 542K(34944K)->547K(34944K)
[37.248s][info][gc,heap        ] GC(135) Tenured: 12258K(699072K)->12291K(699072K)
[37.248s][info][gc,metaspace   ] GC(135) Metaspace: 14204K(15040K)->14204K(15040K) NonClass: 12261K(12800K)->12261K(12800K) Class: 1943K(2240K)->1943K(2240K)
[37.248s][info][gc             ] GC(135) Pause Young (Allocation Failure) 285M->12M(989M) 27.934ms
[37.248s][info][gc,cpu         ] GC(135) User=0.00s Sys=0.00s Real=0.01s
[37.466s][info][gc,start       ] GC(136) Pause Young (Allocation Failure)
[37.495s][info][gc,heap        ] GC(136) DefNew: 280163K(314560K)->546K(314560K) Eden: 279616K(279616K)->0K(279616K) From: 547K(34944K)->546K(34944K)
[37.495s][info][gc,heap        ] GC(136) Tenured: 12291K(699072K)->12326K(699072K)
[37.495s][info][gc,metaspace   ] GC(136) Metaspace: 14204K(15040K)->14204K(15040K) NonClass: 12261K(12800K)->12261K(12800K) Class: 1943K(2240K)->1943K(2240K)
[37.495s][info][gc             ] GC(136) Pause Young (Allocation Failure) 285M->12M(989M) 29.183ms
[37.495s][info][gc,cpu         ] GC(136) User=0.03s Sys=0.00s Real=0.02s
[37.713s][info][gc,start       ] GC(137) Pause Young (Allocation Failure)
[37.743s][info][gc,heap        ] GC(137) DefNew: 280162K(314560K)->546K(314560K) Eden: 279616K(279616K)->0K(279616K) From: 546K(34944K)->546K(34944K)
[37.743s][info][gc,heap        ] GC(137) Tenured: 12326K(699072K)->12361K(699072K)
[37.743s][info][gc,metaspace   ] GC(137) Metaspace: 14204K(15040K)->14204K(15040K) NonClass: 12261K(12800K)->12261K(12800K) Class: 1943K(2240K)->1943K(2240K)
[37.743s][info][gc             ] GC(137) Pause Young (Allocation Failure) 285M->12M(989M) 29.976ms
[37.743s][info][gc,cpu         ] GC(137) User=0.03s Sys=0.00s Real=0.03s
[37.960s][info][gc,start       ] GC(138) Pause Young (Allocation Failure)
[37.990s][info][gc,heap        ] GC(138) DefNew: 280162K(314560K)->545K(314560K) Eden: 279616K(279616K)->0K(279616K) From: 546K(34944K)->545K(34944K)
[37.991s][info][gc,heap        ] GC(138) Tenured: 12361K(699072K)->12397K(699072K)
[37.991s][info][gc,metaspace   ] GC(138) Metaspace: 14204K(15040K)->14204K(15040K) NonClass: 12261K(12800K)->12261K(12800K) Class: 1943K(2240K)->1943K(2240K)
[37.991s][info][gc             ] GC(138) Pause Young (Allocation Failure) 285M->12M(989M) 30.161ms
[37.991s][info][gc,cpu         ] GC(138) User=0.02s Sys=0.00s Real=0.02s
[38.210s][info][gc,start       ] GC(139) Pause Young (Allocation Failure)
[38.241s][info][gc,heap        ] GC(139) DefNew: 280161K(314560K)->544K(314560K) Eden: 279616K(279616K)->0K(279616K) From: 545K(34944K)->544K(34944K)
[38.241s][info][gc,heap        ] GC(139) Tenured: 12397K(699072K)->12433K(699072K)
[38.241s][info][gc,metaspace   ] GC(139) Metaspace: 14204K(15040K)->14204K(15040K) NonClass: 12261K(12800K)->12261K(12800K) Class: 1943K(2240K)->1943K(2240K)
[38.241s][info][gc             ] GC(139) Pause Young (Allocation Failure) 285M->12M(989M) 30.954ms
[38.241s][info][gc,cpu         ] GC(139) User=0.02s Sys=0.00s Real=0.02s
[38.462s][info][gc,start       ] GC(140) Pause Young (Allocation Failure)
[38.492s][info][gc,heap        ] GC(140) DefNew: 280160K(314560K)->545K(314560K) Eden: 279616K(279616K)->0K(279616K) From: 544K(34944K)->545K(34944K)
[38.493s][info][gc,heap        ] GC(140) Tenured: 12433K(699072K)->12468K(699072K)
[38.493s][info][gc,metaspace   ] GC(140) Metaspace: 14204K(15040K)->14204K(15040K) NonClass: 12261K(12800K)->12261K(12800K) Class: 1943K(2240K)->1943K(2240K)
[38.493s][info][gc             ] GC(140) Pause Young (Allocation Failure) 285M->12M(989M) 30.244ms
[38.493s][info][gc,cpu         ] GC(140) User=0.02s Sys=0.00s Real=0.02s
[38.846s][info][gc,start       ] GC(141) Pause Young (Allocation Failure)
[38.878s][info][gc,heap        ] GC(141) DefNew: 280161K(314560K)->544K(314560K) Eden: 279616K(279616K)->0K(279616K) From: 545K(34944K)->544K(34944K)
[38.878s][info][gc,heap        ] GC(141) Tenured: 12468K(699072K)->12504K(699072K)
[38.878s][info][gc,metaspace   ] GC(141) Metaspace: 14204K(15040K)->14204K(15040K) NonClass: 12261K(12800K)->12261K(12800K) Class: 1943K(2240K)->1943K(2240K)
[38.878s][info][gc             ] GC(141) Pause Young (Allocation Failure) 285M->12M(989M) 32.174ms
[38.878s][info][gc,cpu         ] GC(141) User=0.03s Sys=0.00s Real=0.03s
[39.110s][info][gc,start       ] GC(142) Pause Young (Allocation Failure)
[39.133s][info][gc,heap        ] GC(142) DefNew: 280160K(314560K)->542K(314560K) Eden: 279616K(279616K)->0K(279616K) From: 544K(34944K)->542K(34944K)
[39.133s][info][gc,heap        ] GC(142) Tenured: 12504K(699072K)->12542K(699072K)
[39.133s][info][gc,metaspace   ] GC(142) Metaspace: 14204K(15040K)->14204K(15040K) NonClass: 12261K(12800K)->12261K(12800K) Class: 1943K(2240K)->1943K(2240K)
[39.133s][info][gc             ] GC(142) Pause Young (Allocation Failure) 285M->12M(989M) 22.997ms
[39.133s][info][gc,cpu         ] GC(142) User=0.02s Sys=0.00s Real=0.02s
[39.361s][info][gc,start       ] GC(143) Pause Young (Allocation Failure)
[39.386s][info][gc,heap        ] GC(143) DefNew: 280158K(314560K)->541K(314560K) Eden: 279616K(279616K)->0K(279616K) From: 542K(34944K)->541K(34944K)
[39.386s][info][gc,heap        ] GC(143) Tenured: 12542K(699072K)->12577K(699072K)
[39.386s][info][gc,metaspace   ] GC(143) Metaspace: 14204K(15040K)->14204K(15040K) NonClass: 12261K(12800K)->12261K(12800K) Class: 1943K(2240K)->1943K(2240K)
[39.386s][info][gc             ] GC(143) Pause Young (Allocation Failure) 285M->12M(989M) 24.857ms
[39.386s][info][gc,cpu         ] GC(143) User=0.00s Sys=0.00s Real=0.01s
[39.603s][info][gc,start       ] GC(144) Pause Young (Allocation Failure)
[39.628s][info][gc,heap        ] GC(144) DefNew: 280157K(314560K)->538K(314560K) Eden: 279616K(279616K)->0K(279616K) From: 541K(34944K)->538K(34944K)
[39.628s][info][gc,heap        ] GC(144) Tenured: 12577K(699072K)->12616K(699072K)
[39.628s][info][gc,metaspace   ] GC(144) Metaspace: 14204K(15040K)->14204K(15040K) NonClass: 12261K(12800K)->12261K(12800K) Class: 1943K(2240K)->1943K(2240K)
[39.628s][info][gc             ] GC(144) Pause Young (Allocation Failure) 285M->12M(989M) 25.254ms
[39.628s][info][gc,cpu         ] GC(144) User=0.03s Sys=0.00s Real=0.03s
[39.862s][info][gc,start       ] GC(145) Pause Young (Allocation Failure)
[39.887s][info][gc,heap        ] GC(145) DefNew: 280154K(314560K)->540K(314560K) Eden: 279616K(279616K)->0K(279616K) From: 538K(34944K)->540K(34944K)
[39.887s][info][gc,heap        ] GC(145) Tenured: 12616K(699072K)->12651K(699072K)
[39.887s][info][gc,metaspace   ] GC(145) Metaspace: 14204K(15040K)->14204K(15040K) NonClass: 12261K(12800K)->12261K(12800K) Class: 1943K(2240K)->1943K(2240K)
[39.887s][info][gc             ] GC(145) Pause Young (Allocation Failure) 285M->12M(989M) 25.540ms
[39.887s][info][gc,cpu         ] GC(145) User=0.02s Sys=0.00s Real=0.03s
[40.108s][info][gc,start       ] GC(146) Pause Young (Allocation Failure)
[40.134s][info][gc,heap        ] GC(146) DefNew: 280156K(314560K)->540K(314560K) Eden: 279616K(279616K)->0K(279616K) From: 540K(34944K)->540K(34944K)
[40.134s][info][gc,heap        ] GC(146) Tenured: 12651K(699072K)->12687K(699072K)
[40.134s][info][gc,metaspace   ] GC(146) Metaspace: 14204K(15040K)->14204K(15040K) NonClass: 12261K(12800K)->12261K(12800K) Class: 1943K(2240K)->1943K(2240K)
[40.134s][info][gc             ] GC(146) Pause Young (Allocation Failure) 285M->12M(989M) 26.834ms
[40.134s][info][gc,cpu         ] GC(146) User=0.02s Sys=0.00s Real=0.02s
[40.356s][info][gc,start       ] GC(147) Pause Young (Allocation Failure)
[40.385s][info][gc,heap        ] GC(147) DefNew: 280156K(314560K)->539K(314560K) Eden: 279616K(279616K)->0K(279616K) From: 540K(34944K)->539K(34944K)
[40.385s][info][gc,heap        ] GC(147) Tenured: 12687K(699072K)->12722K(699072K)
[40.385s][info][gc,metaspace   ] GC(147) Metaspace: 14204K(15040K)->14204K(15040K) NonClass: 12261K(12800K)->12261K(12800K) Class: 1943K(2240K)->1943K(2240K)
[40.385s][info][gc             ] GC(147) Pause Young (Allocation Failure) 285M->12M(989M) 28.268ms
[40.385s][info][gc,cpu         ] GC(147) User=0.03s Sys=0.00s Real=0.03s
[40.613s][info][gc,start       ] GC(148) Pause Young (Allocation Failure)
[40.642s][info][gc,heap        ] GC(148) DefNew: 280155K(314560K)->539K(314560K) Eden: 279616K(279616K)->0K(279616K) From: 539K(34944K)->539K(34944K)
[40.642s][info][gc,heap        ] GC(148) Tenured: 12722K(699072K)->12757K(699072K)
[40.642s][info][gc,metaspace   ] GC(148) Metaspace: 14204K(15040K)->14204K(15040K) NonClass: 12261K(12800K)->12261K(12800K) Class: 1943K(2240K)->1943K(2240K)
[40.642s][info][gc             ] GC(148) Pause Young (Allocation Failure) 286M->12M(989M) 29.010ms
[40.642s][info][gc,cpu         ] GC(148) User=0.02s Sys=0.00s Real=0.02s
[40.874s][info][gc,start       ] GC(149) Pause Young (Allocation Failure)
[40.905s][info][gc,heap        ] GC(149) DefNew: 280155K(314560K)->541K(314560K) Eden: 279616K(279616K)->0K(279616K) From: 539K(34944K)->541K(34944K)
[40.905s][info][gc,heap        ] GC(149) Tenured: 12757K(699072K)->12793K(699072K)
[40.905s][info][gc,metaspace   ] GC(149) Metaspace: 14204K(15040K)->14204K(15040K) NonClass: 12261K(12800K)->12261K(12800K) Class: 1943K(2240K)->1943K(2240K)
[40.905s][info][gc             ] GC(149) Pause Young (Allocation Failure) 286M->13M(989M) 30.613ms
[40.905s][info][gc,cpu         ] GC(149) User=0.03s Sys=0.00s Real=0.03s
[41.144s][info][gc,start       ] GC(150) Pause Young (Allocation Failure)
[41.168s][info][gc,heap        ] GC(150) DefNew: 280157K(314560K)->544K(314560K) Eden: 279616K(279616K)->0K(279616K) From: 541K(34944K)->544K(34944K)
[41.168s][info][gc,heap        ] GC(150) Tenured: 12793K(699072K)->12828K(699072K)
[41.168s][info][gc,metaspace   ] GC(150) Metaspace: 14204K(15040K)->14204K(15040K) NonClass: 12261K(12800K)->12261K(12800K) Class: 1943K(2240K)->1943K(2240K)
[41.168s][info][gc             ] GC(150) Pause Young (Allocation Failure) 286M->13M(989M) 24.695ms
[41.168s][info][gc,cpu         ] GC(150) User=0.02s Sys=0.00s Real=0.02s
[41.401s][info][gc,start       ] GC(151) Pause Young (Allocation Failure)
[41.433s][info][gc,heap        ] GC(151) DefNew: 280160K(314560K)->545K(314560K) Eden: 279616K(279616K)->0K(279616K) From: 544K(34944K)->545K(34944K)
[41.433s][info][gc,heap        ] GC(151) Tenured: 12828K(699072K)->12863K(699072K)
[41.433s][info][gc,metaspace   ] GC(151) Metaspace: 14204K(15040K)->14204K(15040K) NonClass: 12261K(12800K)->12261K(12800K) Class: 1943K(2240K)->1943K(2240K)
[41.433s][info][gc             ] GC(151) Pause Young (Allocation Failure) 286M->13M(989M) 32.508ms
[41.433s][info][gc,cpu         ] GC(151) User=0.03s Sys=0.00s Real=0.03s
[41.610s][info][gc,start       ] GC(152) Pause Young (Allocation Failure)
[41.639s][info][gc,heap        ] GC(152) DefNew: 280161K(314560K)->538K(314560K) Eden: 279616K(279616K)->0K(279616K) From: 545K(34944K)->538K(34944K)
[41.639s][info][gc,heap        ] GC(152) Tenured: 12863K(699072K)->12899K(699072K)
[41.639s][info][gc,metaspace   ] GC(152) Metaspace: 14204K(15040K)->14204K(15040K) NonClass: 12261K(12800K)->12261K(12800K) Class: 1943K(2240K)->1943K(2240K)
[41.639s][info][gc             ] GC(152) Pause Young (Allocation Failure) 286M->13M(989M) 28.683ms
[41.639s][info][gc,cpu         ] GC(152) User=0.02s Sys=0.00s Real=0.02s
[41.927s][info][gc,start       ] GC(153) Pause Young (Allocation Failure)
[41.949s][info][gc,heap        ] GC(153) DefNew: 280154K(314560K)->546K(314560K) Eden: 279616K(279616K)->0K(279616K) From: 538K(34944K)->546K(34944K)
[41.949s][info][gc,heap        ] GC(153) Tenured: 12899K(699072K)->12934K(699072K)
[41.949s][info][gc,metaspace   ] GC(153) Metaspace: 14204K(15040K)->14204K(15040K) NonClass: 12261K(12800K)->12261K(12800K) Class: 1943K(2240K)->1943K(2240K)
[41.949s][info][gc             ] GC(153) Pause Young (Allocation Failure) 286M->13M(989M) 22.391ms
[41.949s][info][gc,cpu         ] GC(153) User=0.02s Sys=0.00s Real=0.01s
[42.020s][info][gc,start       ] GC(154) Pause Full (System.gc())
[42.020s][info][gc,phases,start] GC(154) Phase 1: Mark live objects
[42.048s][info][gc,phases      ] GC(154) Phase 1: Mark live objects 27.564ms
[42.048s][info][gc,phases,start] GC(154) Phase 2: Compute new object addresses
[42.058s][info][gc,phases      ] GC(154) Phase 2: Compute new object addresses 10.512ms
[42.058s][info][gc,phases,start] GC(154) Phase 3: Adjust pointers
[42.071s][info][gc,phases      ] GC(154) Phase 3: Adjust pointers 12.504ms
[42.071s][info][gc,phases,start] GC(154) Phase 4: Move objects
[42.071s][info][gc,phases      ] GC(154) Phase 4: Move objects 0.012ms
[42.071s][info][gc,heap        ] GC(154) DefNew: 36818K(314560K)->0K(314560K) Eden: 36271K(279616K)->0K(279616K) From: 546K(34944K)->0K(34944K)
[42.071s][info][gc,heap        ] GC(154) Tenured: 12934K(699072K)->12934K(699072K)
[42.071s][info][gc,metaspace   ] GC(154) Metaspace: 14204K(15040K)->14204K(15040K) NonClass: 12261K(12800K)->12261K(12800K) Class: 1943K(2240K)->1943K(2240K)
[42.071s][info][gc             ] GC(154) Pause Full (System.gc()) 48M->12M(989M) 51.098ms
[42.071s][info][gc,cpu         ] GC(154) User=0.05s Sys=0.00s Real=0.05s
[42.251s][info][gc,start       ] GC(155) Pause Young (Allocation Failure)
[42.269s][info][gc,heap        ] GC(155) DefNew: 279616K(314560K)->1489K(314560K) Eden: 279616K(279616K)->0K(279616K) From: 0K(34944K)->1489K(34944K)
[42.269s][info][gc,heap        ] GC(155) Tenured: 12934K(699072K)->12934K(699072K)
[42.269s][info][gc,metaspace   ] GC(155) Metaspace: 14205K(15040K)->14205K(15040K) NonClass: 12262K(12800K)->12262K(12800K) Class: 1943K(2240K)->1943K(2240K)
[42.269s][info][gc             ] GC(155) Pause Young (Allocation Failure) 285M->14M(989M) 18.157ms
[42.269s][info][gc,cpu         ] GC(155) User=0.03s Sys=0.00s Real=0.02s
[42.476s][info][gc,start       ] GC(156) Pause Young (Allocation Failure)
[42.501s][info][gc,heap        ] GC(156) DefNew: 281105K(314560K)->1520K(314560K) Eden: 279616K(279616K)->0K(279616K) From: 1489K(34944K)->1520K(34944K)
[42.501s][info][gc,heap        ] GC(156) Tenured: 12934K(699072K)->12934K(699072K)
[42.501s][info][gc,metaspace   ] GC(156) Metaspace: 14205K(15040K)->14205K(15040K) NonClass: 12262K(12800K)->12262K(12800K) Class: 1943K(2240K)->1943K(2240K)
[42.501s][info][gc             ] GC(156) Pause Young (Allocation Failure) 287M->14M(989M) 25.338ms
[42.501s][info][gc,cpu         ] GC(156) User=0.02s Sys=0.00s Real=0.02s
[42.725s][info][gc,start       ] GC(157) Pause Young (Allocation Failure)
[42.752s][info][gc,heap        ] GC(157) DefNew: 281136K(314560K)->1557K(314560K) Eden: 279616K(279616K)->0K(279616K) From: 1520K(34944K)->1557K(34944K)
[42.752s][info][gc,heap        ] GC(157) Tenured: 12934K(699072K)->12934K(699072K)
[42.752s][info][gc,metaspace   ] GC(157) Metaspace: 14205K(15040K)->14205K(15040K) NonClass: 12262K(12800K)->12262K(12800K) Class: 1943K(2240K)->1943K(2240K)
[42.752s][info][gc             ] GC(157) Pause Young (Allocation Failure) 287M->14M(989M) 26.483ms
[42.752s][info][gc,cpu         ] GC(157) User=0.02s Sys=0.00s Real=0.02s
[42.981s][info][gc,start       ] GC(158) Pause Young (Allocation Failure)
[43.006s][info][gc,heap        ] GC(158) DefNew: 281173K(314560K)->1592K(314560K) Eden: 279616K(279616K)->0K(279616K) From: 1557K(34944K)->1592K(34944K)
[43.006s][info][gc,heap        ] GC(158) Tenured: 12934K(699072K)->12934K(699072K)
[43.006s][info][gc,metaspace   ] GC(158) Metaspace: 14205K(15040K)->14205K(15040K) NonClass: 12262K(12800K)->12262K(12800K) Class: 1943K(2240K)->1943K(2240K)
[43.006s][info][gc             ] GC(158) Pause Young (Allocation Failure) 287M->14M(989M) 25.476ms
[43.006s][info][gc,cpu         ] GC(158) User=0.02s Sys=0.00s Real=0.02s
[43.214s][info][gc,start       ] GC(159) Pause Young (Allocation Failure)
[43.241s][info][gc,heap        ] GC(159) DefNew: 281208K(314560K)->1625K(314560K) Eden: 279616K(279616K)->0K(279616K) From: 1592K(34944K)->1625K(34944K)
[43.241s][info][gc,heap        ] GC(159) Tenured: 12934K(699072K)->12934K(699072K)
[43.241s][info][gc,metaspace   ] GC(159) Metaspace: 14205K(15040K)->14205K(15040K) NonClass: 12262K(12800K)->12262K(12800K) Class: 1943K(2240K)->1943K(2240K)
[43.241s][info][gc             ] GC(159) Pause Young (Allocation Failure) 287M->14M(989M) 26.791ms
[43.241s][info][gc,cpu         ] GC(159) User=0.03s Sys=0.00s Real=0.03s
[43.447s][info][gc,start       ] GC(160) Pause Young (Allocation Failure)
[43.475s][info][gc,heap        ] GC(160) DefNew: 281241K(314560K)->1657K(314560K) Eden: 279616K(279616K)->0K(279616K) From: 1625K(34944K)->1657K(34944K)
[43.476s][info][gc,heap        ] GC(160) Tenured: 12934K(699072K)->12934K(699072K)
[43.476s][info][gc,metaspace   ] GC(160) Metaspace: 14205K(15040K)->14205K(15040K) NonClass: 12262K(12800K)->12262K(12800K) Class: 1943K(2240K)->1943K(2240K)
[43.476s][info][gc             ] GC(160) Pause Young (Allocation Failure) 287M->14M(989M) 29.008ms
[43.476s][info][gc,cpu         ] GC(160) User=0.02s Sys=0.00s Real=0.02s
[43.684s][info][gc,start       ] GC(161) Pause Young (Allocation Failure)
[43.712s][info][gc,heap        ] GC(161) DefNew: 281273K(314560K)->1692K(314560K) Eden: 279616K(279616K)->0K(279616K) From: 1657K(34944K)->1692K(34944K)
[43.712s][info][gc,heap        ] GC(161) Tenured: 12934K(699072K)->12934K(699072K)
[43.712s][info][gc,metaspace   ] GC(161) Metaspace: 14205K(15040K)->14205K(15040K) NonClass: 12262K(12800K)->12262K(12800K) Class: 1943K(2240K)->1943K(2240K)
[43.712s][info][gc             ] GC(161) Pause Young (Allocation Failure) 287M->14M(989M) 28.256ms
[43.712s][info][gc,cpu         ] GC(161) User=0.02s Sys=0.00s Real=0.01s
[43.929s][info][gc,start       ] GC(162) Pause Young (Allocation Failure)
[43.958s][info][gc,heap        ] GC(162) DefNew: 281308K(314560K)->1728K(314560K) Eden: 279616K(279616K)->0K(279616K) From: 1692K(34944K)->1728K(34944K)
[43.958s][info][gc,heap        ] GC(162) Tenured: 12934K(699072K)->12934K(699072K)
[43.958s][info][gc,metaspace   ] GC(162) Metaspace: 14205K(15040K)->14205K(15040K) NonClass: 12262K(12800K)->12262K(12800K) Class: 1943K(2240K)->1943K(2240K)
[43.958s][info][gc             ] GC(162) Pause Young (Allocation Failure) 287M->14M(989M) 29.378ms
[43.958s][info][gc,cpu         ] GC(162) User=0.02s Sys=0.00s Real=0.02s
[44.172s][info][gc,start       ] GC(163) Pause Young (Allocation Failure)
[44.202s][info][gc,heap        ] GC(163) DefNew: 281344K(314560K)->1760K(314560K) Eden: 279616K(279616K)->0K(279616K) From: 1728K(34944K)->1760K(34944K)
[44.202s][info][gc,heap        ] GC(163) Tenured: 12934K(699072K)->12934K(699072K)
[44.202s][info][gc,metaspace   ] GC(163) Metaspace: 14205K(15040K)->14205K(15040K) NonClass: 12262K(12800K)->12262K(12800K) Class: 1943K(2240K)->1943K(2240K)
[44.203s][info][gc             ] GC(163) Pause Young (Allocation Failure) 287M->14M(989M) 30.264ms
[44.203s][info][gc,cpu         ] GC(163) User=0.02s Sys=0.00s Real=0.03s
[44.413s][info][gc,start       ] GC(164) Pause Young (Allocation Failure)
[44.443s][info][gc,heap        ] GC(164) DefNew: 281376K(314560K)->1796K(314560K) Eden: 279616K(279616K)->0K(279616K) From: 1760K(34944K)->1796K(34944K)
[44.443s][info][gc,heap        ] GC(164) Tenured: 12934K(699072K)->12934K(699072K)
[44.443s][info][gc,metaspace   ] GC(164) Metaspace: 14205K(15040K)->14205K(15040K) NonClass: 12262K(12800K)->12262K(12800K) Class: 1943K(2240K)->1943K(2240K)
[44.443s][info][gc             ] GC(164) Pause Young (Allocation Failure) 287M->14M(989M) 30.183ms
[44.443s][info][gc,cpu         ] GC(164) User=0.03s Sys=0.00s Real=0.03s
[44.656s][info][gc,start       ] GC(165) Pause Young (Allocation Failure)
[44.680s][info][gc,heap        ] GC(165) DefNew: 281412K(314560K)->1829K(314560K) Eden: 279616K(279616K)->0K(279616K) From: 1796K(34944K)->1829K(34944K)
[44.680s][info][gc,heap        ] GC(165) Tenured: 12934K(699072K)->12934K(699072K)
[44.680s][info][gc,metaspace   ] GC(165) Metaspace: 14205K(15040K)->14205K(15040K) NonClass: 12262K(12800K)->12262K(12800K) Class: 1943K(2240K)->1943K(2240K)
[44.680s][info][gc             ] GC(165) Pause Young (Allocation Failure) 287M->14M(989M) 24.023ms
[44.680s][info][gc,cpu         ] GC(165) User=0.03s Sys=0.00s Real=0.02s
[44.903s][info][gc,start       ] GC(166) Pause Young (Allocation Failure)
[44.928s][info][gc,heap        ] GC(166) DefNew: 281445K(314560K)->1863K(314560K) Eden: 279616K(279616K)->0K(279616K) From: 1829K(34944K)->1863K(34944K)
[44.928s][info][gc,heap        ] GC(166) Tenured: 12934K(699072K)->12934K(699072K)
[44.928s][info][gc,metaspace   ] GC(166) Metaspace: 14205K(15040K)->14205K(15040K) NonClass: 12262K(12800K)->12262K(12800K) Class: 1943K(2240K)->1943K(2240K)
[44.928s][info][gc             ] GC(166) Pause Young (Allocation Failure) 287M->14M(989M) 25.156ms
[44.928s][info][gc,cpu         ] GC(166) User=0.03s Sys=0.00s Real=0.03s
[45.143s][info][gc,start       ] GC(167) Pause Young (Allocation Failure)
[45.175s][info][gc,heap        ] GC(167) DefNew: 281479K(314560K)->1899K(314560K) Eden: 279616K(279616K)->0K(279616K) From: 1863K(34944K)->1899K(34944K)
[45.175s][info][gc,heap        ] GC(167) Tenured: 12934K(699072K)->12934K(699072K)
[45.175s][info][gc,metaspace   ] GC(167) Metaspace: 14205K(15040K)->14205K(15040K) NonClass: 12262K(12800K)->12262K(12800K) Class: 1943K(2240K)->1943K(2240K)
[45.175s][info][gc             ] GC(167) Pause Young (Allocation Failure) 287M->14M(989M) 32.456ms
[45.175s][info][gc,cpu         ] GC(167) User=0.02s Sys=0.00s Real=0.02s
[45.396s][info][gc,start       ] GC(168) Pause Young (Allocation Failure)
[45.429s][info][gc,heap        ] GC(168) DefNew: 281515K(314560K)->1934K(314560K) Eden: 279616K(279616K)->0K(279616K) From: 1899K(34944K)->1934K(34944K)
[45.429s][info][gc,heap        ] GC(168) Tenured: 12934K(699072K)->12934K(699072K)
[45.429s][info][gc,metaspace   ] GC(168) Metaspace: 14205K(15040K)->14205K(15040K) NonClass: 12262K(12800K)->12262K(12800K) Class: 1943K(2240K)->1943K(2240K)
[45.429s][info][gc             ] GC(168) Pause Young (Allocation Failure) 287M->14M(989M) 32.718ms
[45.429s][info][gc,cpu         ] GC(168) User=0.03s Sys=0.00s Real=0.03s
[45.749s][info][gc,start       ] GC(169) Pause Young (Allocation Failure)
[45.781s][info][gc,heap        ] GC(169) DefNew: 281550K(314560K)->1966K(314560K) Eden: 279616K(279616K)->0K(279616K) From: 1934K(34944K)->1966K(34944K)
[45.781s][info][gc,heap        ] GC(169) Tenured: 12934K(699072K)->12934K(699072K)
[45.781s][info][gc,metaspace   ] GC(169) Metaspace: 14205K(15040K)->14205K(15040K) NonClass: 12262K(12800K)->12262K(12800K) Class: 1943K(2240K)->1943K(2240K)
[45.781s][info][gc             ] GC(169) Pause Young (Allocation Failure) 287M->14M(989M) 32.278ms
[45.781s][info][gc,cpu         ] GC(169) User=0.03s Sys=0.00s Real=0.03s
[46.002s][info][gc,start       ] GC(170) Pause Young (Allocation Failure)
[46.026s][info][gc,heap        ] GC(170) DefNew: 281582K(314560K)->517K(314560K) Eden: 279616K(279616K)->0K(279616K) From: 1966K(34944K)->517K(34944K)
[46.026s][info][gc,heap        ] GC(170) Tenured: 12934K(699072K)->14415K(699072K)
[46.026s][info][gc,metaspace   ] GC(170) Metaspace: 14205K(15040K)->14205K(15040K) NonClass: 12262K(12800K)->12262K(12800K) Class: 1943K(2240K)->1943K(2240K)
[46.026s][info][gc             ] GC(170) Pause Young (Allocation Failure) 287M->14M(989M) 23.980ms
[46.026s][info][gc,cpu         ] GC(170) User=0.02s Sys=0.00s Real=0.02s
[46.253s][info][gc,start       ] GC(171) Pause Young (Allocation Failure)
[46.275s][info][gc,heap        ] GC(171) DefNew: 280133K(314560K)->521K(314560K) Eden: 279616K(279616K)->0K(279616K) From: 517K(34944K)->521K(34944K)
[46.275s][info][gc,heap        ] GC(171) Tenured: 14415K(699072K)->14448K(699072K)
[46.275s][info][gc,metaspace   ] GC(171) Metaspace: 14205K(15040K)->14205K(15040K) NonClass: 12262K(12800K)->12262K(12800K) Class: 1943K(2240K)->1943K(2240K)
[46.275s][info][gc             ] GC(171) Pause Young (Allocation Failure) 287M->14M(989M) 21.564ms
[46.275s][info][gc,cpu         ] GC(171) User=0.02s Sys=0.00s Real=0.02s
[46.493s][info][gc,start       ] GC(172) Pause Young (Allocation Failure)
[46.520s][info][gc,heap        ] GC(172) DefNew: 280137K(314560K)->522K(314560K) Eden: 279616K(279616K)->0K(279616K) From: 521K(34944K)->522K(34944K)
[46.520s][info][gc,heap        ] GC(172) Tenured: 14448K(699072K)->14483K(699072K)
[46.520s][info][gc,metaspace   ] GC(172) Metaspace: 14205K(15040K)->14205K(15040K) NonClass: 12262K(12800K)->12262K(12800K) Class: 1943K(2240K)->1943K(2240K)
[46.520s][info][gc             ] GC(172) Pause Young (Allocation Failure) 287M->14M(989M) 26.644ms
[46.520s][info][gc,cpu         ] GC(172) User=0.03s Sys=0.00s Real=0.02s
[46.756s][info][gc,start       ] GC(173) Pause Young (Allocation Failure)
[46.782s][info][gc,heap        ] GC(173) DefNew: 280138K(314560K)->524K(314560K) Eden: 279616K(279616K)->0K(279616K) From: 522K(34944K)->524K(34944K)
[46.782s][info][gc,heap        ] GC(173) Tenured: 14483K(699072K)->14518K(699072K)
[46.782s][info][gc,metaspace   ] GC(173) Metaspace: 14205K(15040K)->14205K(15040K) NonClass: 12262K(12800K)->12262K(12800K) Class: 1943K(2240K)->1943K(2240K)
[46.782s][info][gc             ] GC(173) Pause Young (Allocation Failure) 287M->14M(989M) 25.844ms
[46.782s][info][gc,cpu         ] GC(173) User=0.02s Sys=0.00s Real=0.02s
[46.999s][info][gc,start       ] GC(174) Pause Young (Allocation Failure)
[47.027s][info][gc,heap        ] GC(174) DefNew: 280140K(314560K)->527K(314560K) Eden: 279616K(279616K)->0K(279616K) From: 524K(34944K)->527K(34944K)
[47.027s][info][gc,heap        ] GC(174) Tenured: 14518K(699072K)->14551K(699072K)
[47.027s][info][gc,metaspace   ] GC(174) Metaspace: 14205K(15040K)->14205K(15040K) NonClass: 12262K(12800K)->12262K(12800K) Class: 1943K(2240K)->1943K(2240K)
[47.027s][info][gc             ] GC(174) Pause Young (Allocation Failure) 287M->14M(989M) 27.495ms
[47.027s][info][gc,cpu         ] GC(174) User=0.03s Sys=0.00s Real=0.03s
[47.246s][info][gc,start       ] GC(175) Pause Young (Allocation Failure)
[47.274s][info][gc,heap        ] GC(175) DefNew: 280143K(314560K)->530K(314560K) Eden: 279616K(279616K)->0K(279616K) From: 527K(34944K)->530K(34944K)
[47.274s][info][gc,heap        ] GC(175) Tenured: 14551K(699072K)->14583K(699072K)
[47.274s][info][gc,metaspace   ] GC(175) Metaspace: 14205K(15040K)->14205K(15040K) NonClass: 12262K(12800K)->12262K(12800K) Class: 1943K(2240K)->1943K(2240K)
[47.274s][info][gc             ] GC(175) Pause Young (Allocation Failure) 287M->14M(989M) 28.083ms
[47.274s][info][gc,cpu         ] GC(175) User=0.02s Sys=0.00s Real=0.02s
[47.493s][info][gc,start       ] GC(176) Pause Young (Allocation Failure)
[47.516s][info][gc,heap        ] GC(176) DefNew: 280146K(314560K)->531K(314560K) Eden: 279616K(279616K)->0K(279616K) From: 530K(34944K)->531K(34944K)
[47.516s][info][gc,heap        ] GC(176) Tenured: 14583K(699072K)->14618K(699072K)
[47.516s][info][gc,metaspace   ] GC(176) Metaspace: 14205K(15040K)->14205K(15040K) NonClass: 12262K(12800K)->12262K(12800K) Class: 1943K(2240K)->1943K(2240K)
[47.516s][info][gc             ] GC(176) Pause Young (Allocation Failure) 287M->14M(989M) 22.823ms
[47.516s][info][gc,cpu         ] GC(176) User=0.02s Sys=0.00s Real=0.02s
[47.732s][info][gc,start       ] GC(177) Pause Young (Allocation Failure)
[47.755s][info][gc,heap        ] GC(177) DefNew: 280147K(314560K)->532K(314560K) Eden: 279616K(279616K)->0K(279616K) From: 531K(34944K)->532K(34944K)
[47.755s][info][gc,heap        ] GC(177) Tenured: 14618K(699072K)->14654K(699072K)
[47.755s][info][gc,metaspace   ] GC(177) Metaspace: 14205K(15040K)->14205K(15040K) NonClass: 12262K(12800K)->12262K(12800K) Class: 1943K(2240K)->1943K(2240K)
[47.755s][info][gc             ] GC(177) Pause Young (Allocation Failure) 287M->14M(989M) 23.986ms
[47.756s][info][gc,cpu         ] GC(177) User=0.02s Sys=0.00s Real=0.01s
[47.973s][info][gc,start       ] GC(178) Pause Young (Allocation Failure)
[47.997s][info][gc,heap        ] GC(178) DefNew: 280148K(314560K)->536K(314560K) Eden: 279616K(279616K)->0K(279616K) From: 532K(34944K)->536K(34944K)
[47.997s][info][gc,heap        ] GC(178) Tenured: 14654K(699072K)->14686K(699072K)
[47.997s][info][gc,metaspace   ] GC(178) Metaspace: 14205K(15040K)->14205K(15040K) NonClass: 12262K(12800K)->12262K(12800K) Class: 1943K(2240K)->1943K(2240K)
[47.997s][info][gc             ] GC(178) Pause Young (Allocation Failure) 287M->14M(989M) 24.133ms
[47.997s][info][gc,cpu         ] GC(178) User=0.00s Sys=0.00s Real=0.01s
[48.213s][info][gc,start       ] GC(179) Pause Young (Allocation Failure)
[48.245s][info][gc,heap        ] GC(179) DefNew: 280152K(314560K)->535K(314560K) Eden: 279616K(279616K)->0K(279616K) From: 536K(34944K)->535K(34944K)
[48.245s][info][gc,heap        ] GC(179) Tenured: 14686K(699072K)->14721K(699072K)
[48.245s][info][gc,metaspace   ] GC(179) Metaspace: 14205K(15040K)->14205K(15040K) NonClass: 12262K(12800K)->12262K(12800K) Class: 1943K(2240K)->1943K(2240K)
[48.245s][info][gc             ] GC(179) Pause Young (Allocation Failure) 287M->14M(989M) 31.633ms
[48.245s][info][gc,cpu         ] GC(179) User=0.02s Sys=0.00s Real=0.02s
[48.463s][info][gc,start       ] GC(180) Pause Young (Allocation Failure)
[48.494s][info][gc,heap        ] GC(180) DefNew: 280151K(314560K)->535K(314560K) Eden: 279616K(279616K)->0K(279616K) From: 535K(34944K)->535K(34944K)
[48.494s][info][gc,heap        ] GC(180) Tenured: 14721K(699072K)->14754K(699072K)
[48.494s][info][gc,metaspace   ] GC(180) Metaspace: 14205K(15040K)->14205K(15040K) NonClass: 12262K(12800K)->12262K(12800K) Class: 1943K(2240K)->1943K(2240K)
[48.494s][info][gc             ] GC(180) Pause Young (Allocation Failure) 287M->14M(989M) 30.886ms
[48.494s][info][gc,cpu         ] GC(180) User=0.02s Sys=0.00s Real=0.02s
[48.797s][info][gc,start       ] GC(181) Pause Young (Allocation Failure)
[48.829s][info][gc,heap        ] GC(181) DefNew: 280151K(314560K)->535K(314560K) Eden: 279616K(279616K)->0K(279616K) From: 535K(34944K)->535K(34944K)
[48.829s][info][gc,heap        ] GC(181) Tenured: 14754K(699072K)->14789K(699072K)
[48.829s][info][gc,metaspace   ] GC(181) Metaspace: 14205K(15040K)->14205K(15040K) NonClass: 12262K(12800K)->12262K(12800K) Class: 1943K(2240K)->1943K(2240K)
[48.829s][info][gc             ] GC(181) Pause Young (Allocation Failure) 287M->14M(989M) 32.138ms
[48.829s][info][gc,cpu         ] GC(181) User=0.03s Sys=0.00s Real=0.03s
[49.058s][info][gc,start       ] GC(182) Pause Young (Allocation Failure)
[49.087s][info][gc,heap        ] GC(182) DefNew: 280151K(314560K)->535K(314560K) Eden: 279616K(279616K)->0K(279616K) From: 535K(34944K)->535K(34944K)
[49.087s][info][gc,heap        ] GC(182) Tenured: 14789K(699072K)->14824K(699072K)
[49.087s][info][gc,metaspace   ] GC(182) Metaspace: 14205K(15040K)->14205K(15040K) NonClass: 12262K(12800K)->12262K(12800K) Class: 1943K(2240K)->1943K(2240K)
[49.087s][info][gc             ] GC(182) Pause Young (Allocation Failure) 288M->14M(989M) 28.874ms
[49.087s][info][gc,cpu         ] GC(182) User=0.03s Sys=0.00s Real=0.02s
[49.325s][info][gc,start       ] GC(183) Pause Young (Allocation Failure)
[49.350s][info][gc,heap        ] GC(183) DefNew: 280151K(314560K)->536K(314560K) Eden: 279616K(279616K)->0K(279616K) From: 535K(34944K)->536K(34944K)
[49.350s][info][gc,heap        ] GC(183) Tenured: 14824K(699072K)->14859K(699072K)
[49.350s][info][gc,metaspace   ] GC(183) Metaspace: 14205K(15040K)->14205K(15040K) NonClass: 12262K(12800K)->12262K(12800K) Class: 1943K(2240K)->1943K(2240K)
[49.350s][info][gc             ] GC(183) Pause Young (Allocation Failure) 288M->15M(989M) 25.245ms
[49.350s][info][gc,cpu         ] GC(183) User=0.02s Sys=0.00s Real=0.02s
[49.570s][info][gc,start       ] GC(184) Pause Young (Allocation Failure)
[49.592s][info][gc,heap        ] GC(184) DefNew: 280152K(314560K)->536K(314560K) Eden: 279616K(279616K)->0K(279616K) From: 536K(34944K)->536K(34944K)
[49.592s][info][gc,heap        ] GC(184) Tenured: 14859K(699072K)->14891K(699072K)
[49.592s][info][gc,metaspace   ] GC(184) Metaspace: 14205K(15040K)->14205K(15040K) NonClass: 12262K(12800K)->12262K(12800K) Class: 1943K(2240K)->1943K(2240K)
[49.592s][info][gc             ] GC(184) Pause Young (Allocation Failure) 288M->15M(989M) 21.336ms
[49.592s][info][gc,cpu         ] GC(184) User=0.02s Sys=0.00s Real=0.02s
[49.805s][info][gc,start       ] GC(185) Pause Young (Allocation Failure)
[49.832s][info][gc,heap        ] GC(185) DefNew: 280152K(314560K)->538K(314560K) Eden: 279616K(279616K)->0K(279616K) From: 536K(34944K)->538K(34944K)
[49.832s][info][gc,heap        ] GC(185) Tenured: 14891K(699072K)->14924K(699072K)
[49.832s][info][gc,metaspace   ] GC(185) Metaspace: 14205K(15040K)->14205K(15040K) NonClass: 12262K(12800K)->12262K(12800K) Class: 1943K(2240K)->1943K(2240K)
[49.832s][info][gc             ] GC(185) Pause Young (Allocation Failure) 288M->15M(989M) 26.755ms
[49.832s][info][gc,cpu         ] GC(185) User=0.03s Sys=0.00s Real=0.03s
[50.060s][info][gc,start       ] GC(186) Pause Young (Allocation Failure)
[50.086s][info][gc,heap        ] GC(186) DefNew: 280154K(314560K)->539K(314560K) Eden: 279616K(279616K)->0K(279616K) From: 538K(34944K)->539K(34944K)
[50.086s][info][gc,heap        ] GC(186) Tenured: 14924K(699072K)->14960K(699072K)
[50.086s][info][gc,metaspace   ] GC(186) Metaspace: 14205K(15040K)->14205K(15040K) NonClass: 12262K(12800K)->12262K(12800K) Class: 1943K(2240K)->1943K(2240K)
[50.086s][info][gc             ] GC(186) Pause Young (Allocation Failure) 288M->15M(989M) 26.346ms
[50.086s][info][gc,cpu         ] GC(186) User=0.02s Sys=0.00s Real=0.02s
[50.304s][info][gc,start       ] GC(187) Pause Young (Allocation Failure)
[50.332s][info][gc,heap        ] GC(187) DefNew: 280155K(314560K)->539K(314560K) Eden: 279616K(279616K)->0K(279616K) From: 539K(34944K)->539K(34944K)
[50.332s][info][gc,heap        ] GC(187) Tenured: 14960K(699072K)->14995K(699072K)
[50.332s][info][gc,metaspace   ] GC(187) Metaspace: 14205K(15040K)->14205K(15040K) NonClass: 12262K(12800K)->12262K(12800K) Class: 1943K(2240K)->1943K(2240K)
[50.332s][info][gc             ] GC(187) Pause Young (Allocation Failure) 288M->15M(989M) 27.929ms
[50.332s][info][gc,cpu         ] GC(187) User=0.03s Sys=0.00s Real=0.03s
[50.550s][info][gc,start       ] GC(188) Pause Young (Allocation Failure)
[50.579s][info][gc,heap        ] GC(188) DefNew: 280155K(314560K)->535K(314560K) Eden: 279616K(279616K)->0K(279616K) From: 539K(34944K)->535K(34944K)
[50.579s][info][gc,heap        ] GC(188) Tenured: 14995K(699072K)->15034K(699072K)
[50.579s][info][gc,metaspace   ] GC(188) Metaspace: 14205K(15040K)->14205K(15040K) NonClass: 12262K(12800K)->12262K(12800K) Class: 1943K(2240K)->1943K(2240K)
[50.579s][info][gc             ] GC(188) Pause Young (Allocation Failure) 288M->15M(989M) 28.972ms
[50.579s][info][gc,cpu         ] GC(188) User=0.02s Sys=0.00s Real=0.03s
[50.799s][info][gc,start       ] GC(189) Pause Young (Allocation Failure)
[50.828s][info][gc,heap        ] GC(189) DefNew: 280151K(314560K)->535K(314560K) Eden: 279616K(279616K)->0K(279616K) From: 535K(34944K)->535K(34944K)
[50.828s][info][gc,heap        ] GC(189) Tenured: 15034K(699072K)->15069K(699072K)
[50.828s][info][gc,metaspace   ] GC(189) Metaspace: 14205K(15040K)->14205K(15040K) NonClass: 12262K(12800K)->12262K(12800K) Class: 1943K(2240K)->1943K(2240K)
[50.829s][info][gc             ] GC(189) Pause Young (Allocation Failure) 288M->15M(989M) 29.279ms
[50.829s][info][gc,cpu         ] GC(189) User=0.02s Sys=0.00s Real=0.02s
[51.048s][info][gc,start       ] GC(190) Pause Young (Allocation Failure)
[51.078s][info][gc,heap        ] GC(190) DefNew: 280151K(314560K)->535K(314560K) Eden: 279616K(279616K)->0K(279616K) From: 535K(34944K)->535K(34944K)
[51.079s][info][gc,heap        ] GC(190) Tenured: 15069K(699072K)->15105K(699072K)
[51.079s][info][gc,metaspace   ] GC(190) Metaspace: 14205K(15040K)->14205K(15040K) NonClass: 12262K(12800K)->12262K(12800K) Class: 1943K(2240K)->1943K(2240K)
[51.079s][info][gc             ] GC(190) Pause Young (Allocation Failure) 288M->15M(989M) 30.091ms
[51.079s][info][gc,cpu         ] GC(190) User=0.02s Sys=0.00s Real=0.03s
[51.298s][info][gc,start       ] GC(191) Pause Young (Allocation Failure)
[51.328s][info][gc,heap        ] GC(191) DefNew: 280151K(314560K)->535K(314560K) Eden: 279616K(279616K)->0K(279616K) From: 535K(34944K)->535K(34944K)
[51.329s][info][gc,heap        ] GC(191) Tenured: 15105K(699072K)->15140K(699072K)
[51.329s][info][gc,metaspace   ] GC(191) Metaspace: 14205K(15040K)->14205K(15040K) NonClass: 12262K(12800K)->12262K(12800K) Class: 1943K(2240K)->1943K(2240K)
[51.329s][info][gc             ] GC(191) Pause Young (Allocation Failure) 288M->15M(989M) 30.991ms
[51.329s][info][gc,cpu         ] GC(191) User=0.03s Sys=0.00s Real=0.03s
[51.550s][info][gc,start       ] GC(192) Pause Young (Allocation Failure)
[51.582s][info][gc,heap        ] GC(192) DefNew: 280151K(314560K)->533K(314560K) Eden: 279616K(279616K)->0K(279616K) From: 535K(34944K)->533K(34944K)
[51.582s][info][gc,heap        ] GC(192) Tenured: 15140K(699072K)->15178K(699072K)
[51.582s][info][gc,metaspace   ] GC(192) Metaspace: 14205K(15040K)->14205K(15040K) NonClass: 12262K(12800K)->12262K(12800K) Class: 1943K(2240K)->1943K(2240K)
[51.582s][info][gc             ] GC(192) Pause Young (Allocation Failure) 288M->15M(989M) 31.669ms
[51.582s][info][gc,cpu         ] GC(192) User=0.02s Sys=0.00s Real=0.02s
[51.801s][info][gc,start       ] GC(193) Pause Young (Allocation Failure)
[51.833s][info][gc,heap        ] GC(193) DefNew: 280149K(314560K)->532K(314560K) Eden: 279616K(279616K)->0K(279616K) From: 533K(34944K)->532K(34944K)
[51.833s][info][gc,heap        ] GC(193) Tenured: 15178K(699072K)->15213K(699072K)
[51.833s][info][gc,metaspace   ] GC(193) Metaspace: 14205K(15040K)->14205K(15040K) NonClass: 12262K(12800K)->12262K(12800K) Class: 1943K(2240K)->1943K(2240K)
[51.833s][info][gc             ] GC(193) Pause Young (Allocation Failure) 288M->15M(989M) 31.978ms
[51.833s][info][gc,cpu         ] GC(193) User=0.02s Sys=0.00s Real=0.03s
[52.054s][info][gc,start       ] GC(194) Pause Young (Allocation Failure)
[52.087s][info][gc,heap        ] GC(194) DefNew: 280148K(314560K)->533K(314560K) Eden: 279616K(279616K)->0K(279616K) From: 532K(34944K)->533K(34944K)
[52.087s][info][gc,heap        ] GC(194) Tenured: 15213K(699072K)->15248K(699072K)
[52.087s][info][gc,metaspace   ] GC(194) Metaspace: 14205K(15040K)->14205K(15040K) NonClass: 12262K(12800K)->12262K(12800K) Class: 1943K(2240K)->1943K(2240K)
[52.087s][info][gc             ] GC(194) Pause Young (Allocation Failure) 288M->15M(989M) 33.195ms
[52.087s][info][gc,cpu         ] GC(194) User=0.02s Sys=0.00s Real=0.02s
[52.307s][info][gc,start       ] GC(195) Pause Young (Allocation Failure)
[52.340s][info][gc,heap        ] GC(195) DefNew: 280149K(314560K)->536K(314560K) Eden: 279616K(279616K)->0K(279616K) From: 533K(34944K)->536K(34944K)
[52.340s][info][gc,heap        ] GC(195) Tenured: 15248K(699072K)->15281K(699072K)
[52.340s][info][gc,metaspace   ] GC(195) Metaspace: 14205K(15040K)->14205K(15040K) NonClass: 12262K(12800K)->12262K(12800K) Class: 1943K(2240K)->1943K(2240K)
[52.340s][info][gc             ] GC(195) Pause Young (Allocation Failure) 288M->15M(989M) 33.158ms
[52.340s][info][gc,cpu         ] GC(195) User=0.03s Sys=0.00s Real=0.02s
[52.560s][info][gc,start       ] GC(196) Pause Young (Allocation Failure)
[52.595s][info][gc,heap        ] GC(196) DefNew: 280152K(314560K)->536K(314560K) Eden: 279616K(279616K)->0K(279616K) From: 536K(34944K)->536K(34944K)
[52.595s][info][gc,heap        ] GC(196) Tenured: 15281K(699072K)->15316K(699072K)
[52.595s][info][gc,metaspace   ] GC(196) Metaspace: 14205K(15040K)->14205K(15040K) NonClass: 12262K(12800K)->12262K(12800K) Class: 1943K(2240K)->1943K(2240K)
[52.595s][info][gc             ] GC(196) Pause Young (Allocation Failure) 288M->15M(989M) 34.699ms
[52.595s][info][gc,cpu         ] GC(196) User=0.03s Sys=0.00s Real=0.02s
[52.910s][info][gc,start       ] GC(197) Pause Young (Allocation Failure)
[52.947s][info][gc,heap        ] GC(197) DefNew: 280152K(314560K)->533K(314560K) Eden: 279616K(279616K)->0K(279616K) From: 536K(34944K)->533K(34944K)
[52.948s][info][gc,heap        ] GC(197) Tenured: 15316K(699072K)->15352K(699072K)
[52.948s][info][gc,metaspace   ] GC(197) Metaspace: 14205K(15040K)->14205K(15040K) NonClass: 12262K(12800K)->12262K(12800K) Class: 1943K(2240K)->1943K(2240K)
[52.948s][info][gc             ] GC(197) Pause Young (Allocation Failure) 288M->15M(989M) 37.308ms
[52.948s][info][gc,cpu         ] GC(197) User=0.03s Sys=0.00s Real=0.03s
[53.181s][info][gc,start       ] GC(198) Pause Young (Allocation Failure)
[53.205s][info][gc,heap        ] GC(198) DefNew: 280149K(314560K)->537K(314560K) Eden: 279616K(279616K)->0K(279616K) From: 533K(34944K)->537K(34944K)
[53.205s][info][gc,heap        ] GC(198) Tenured: 15352K(699072K)->15387K(699072K)
[53.205s][info][gc,metaspace   ] GC(198) Metaspace: 14205K(15040K)->14205K(15040K) NonClass: 12262K(12800K)->12262K(12800K) Class: 1943K(2240K)->1943K(2240K)
[53.205s][info][gc             ] GC(198) Pause Young (Allocation Failure) 288M->15M(989M) 24.358ms
[53.205s][info][gc,cpu         ] GC(198) User=0.02s Sys=0.00s Real=0.02s
[53.432s][info][gc,start       ] GC(199) Pause Young (Allocation Failure)
[53.455s][info][gc,heap        ] GC(199) DefNew: 280153K(314560K)->541K(314560K) Eden: 279616K(279616K)->0K(279616K) From: 537K(34944K)->541K(34944K)
[53.455s][info][gc,heap        ] GC(199) Tenured: 15387K(699072K)->15419K(699072K)
[53.455s][info][gc,metaspace   ] GC(199) Metaspace: 14205K(15040K)->14205K(15040K) NonClass: 12262K(12800K)->12262K(12800K) Class: 1943K(2240K)->1943K(2240K)
[53.455s][info][gc             ] GC(199) Pause Young (Allocation Failure) 288M->15M(989M) 22.445ms
[53.455s][info][gc,cpu         ] GC(199) User=0.02s Sys=0.00s Real=0.02s
[53.672s][info][gc,start       ] GC(200) Pause Young (Allocation Failure)
[53.700s][info][gc,heap        ] GC(200) DefNew: 280157K(314560K)->540K(314560K) Eden: 279616K(279616K)->0K(279616K) From: 541K(34944K)->540K(34944K)
[53.700s][info][gc,heap        ] GC(200) Tenured: 15419K(699072K)->15455K(699072K)
[53.700s][info][gc,metaspace   ] GC(200) Metaspace: 14205K(15040K)->14205K(15040K) NonClass: 12262K(12800K)->12262K(12800K) Class: 1943K(2240K)->1943K(2240K)
[53.700s][info][gc             ] GC(200) Pause Young (Allocation Failure) 288M->15M(989M) 28.069ms
[53.700s][info][gc,cpu         ] GC(200) User=0.03s Sys=0.00s Real=0.03s
[53.935s][info][gc,start       ] GC(201) Pause Young (Allocation Failure)
[53.962s][info][gc,heap        ] GC(201) DefNew: 280156K(314560K)->539K(314560K) Eden: 279616K(279616K)->0K(279616K) From: 540K(34944K)->539K(34944K)
[53.962s][info][gc,heap        ] GC(201) Tenured: 15455K(699072K)->15490K(699072K)
[53.962s][info][gc,metaspace   ] GC(201) Metaspace: 14205K(15040K)->14205K(15040K) NonClass: 12262K(12800K)->12262K(12800K) Class: 1943K(2240K)->1943K(2240K)
[53.962s][info][gc             ] GC(201) Pause Young (Allocation Failure) 288M->15M(989M) 27.323ms
[53.962s][info][gc,cpu         ] GC(201) User=0.03s Sys=0.00s Real=0.02s
[54.180s][info][gc,start       ] GC(202) Pause Young (Allocation Failure)
[54.203s][info][gc,heap        ] GC(202) DefNew: 280155K(314560K)->540K(314560K) Eden: 279616K(279616K)->0K(279616K) From: 539K(34944K)->540K(34944K)
[54.203s][info][gc,heap        ] GC(202) Tenured: 15490K(699072K)->15526K(699072K)
[54.204s][info][gc,metaspace   ] GC(202) Metaspace: 14205K(15040K)->14205K(15040K) NonClass: 12262K(12800K)->12262K(12800K) Class: 1943K(2240K)->1943K(2240K)
[54.204s][info][gc             ] GC(202) Pause Young (Allocation Failure) 288M->15M(989M) 23.574ms
[54.204s][info][gc,cpu         ] GC(202) User=0.02s Sys=0.00s Real=0.02s
[54.421s][info][gc,start       ] GC(203) Pause Young (Allocation Failure)
[54.444s][info][gc,heap        ] GC(203) DefNew: 280156K(314560K)->540K(314560K) Eden: 279616K(279616K)->0K(279616K) From: 540K(34944K)->540K(34944K)
[54.444s][info][gc,heap        ] GC(203) Tenured: 15526K(699072K)->15561K(699072K)
[54.444s][info][gc,metaspace   ] GC(203) Metaspace: 14205K(15040K)->14205K(15040K) NonClass: 12262K(12800K)->12262K(12800K) Class: 1943K(2240K)->1943K(2240K)
[54.444s][info][gc             ] GC(203) Pause Young (Allocation Failure) 288M->15M(989M) 23.572ms
[54.444s][info][gc,cpu         ] GC(203) User=0.03s Sys=0.00s Real=0.02s
[54.662s][info][gc,start       ] GC(204) Pause Young (Allocation Failure)
[54.687s][info][gc,heap        ] GC(204) DefNew: 280156K(314560K)->540K(314560K) Eden: 279616K(279616K)->0K(279616K) From: 540K(34944K)->540K(34944K)
[54.687s][info][gc,heap        ] GC(204) Tenured: 15561K(699072K)->15597K(699072K)
[54.687s][info][gc,metaspace   ] GC(204) Metaspace: 14205K(15040K)->14205K(15040K) NonClass: 12262K(12800K)->12262K(12800K) Class: 1943K(2240K)->1943K(2240K)
[54.687s][info][gc             ] GC(204) Pause Young (Allocation Failure) 288M->15M(989M) 24.934ms
[54.687s][info][gc,cpu         ] GC(204) User=0.02s Sys=0.00s Real=0.01s
[54.905s][info][gc,start       ] GC(205) Pause Young (Allocation Failure)
[54.929s][info][gc,heap        ] GC(205) DefNew: 280156K(314560K)->543K(314560K) Eden: 279616K(279616K)->0K(279616K) From: 540K(34944K)->543K(34944K)
[54.929s][info][gc,heap        ] GC(205) Tenured: 15597K(699072K)->15632K(699072K)
[54.929s][info][gc,metaspace   ] GC(205) Metaspace: 14205K(15040K)->14205K(15040K) NonClass: 12262K(12800K)->12262K(12800K) Class: 1943K(2240K)->1943K(2240K)
[54.929s][info][gc             ] GC(205) Pause Young (Allocation Failure) 288M->15M(989M) 24.443ms
[54.929s][info][gc,cpu         ] GC(205) User=0.02s Sys=0.00s Real=0.02s
[55.148s][info][gc,start       ] GC(206) Pause Young (Allocation Failure)
[55.180s][info][gc,heap        ] GC(206) DefNew: 280159K(314560K)->541K(314560K) Eden: 279616K(279616K)->0K(279616K) From: 543K(34944K)->541K(34944K)
[55.180s][info][gc,heap        ] GC(206) Tenured: 15632K(699072K)->15667K(699072K)
[55.180s][info][gc,metaspace   ] GC(206) Metaspace: 14205K(15040K)->14205K(15040K) NonClass: 12262K(12800K)->12262K(12800K) Class: 1943K(2240K)->1943K(2240K)
[55.180s][info][gc             ] GC(206) Pause Young (Allocation Failure) 288M->15M(989M) 32.494ms
[55.180s][info][gc,cpu         ] GC(206) User=0.02s Sys=0.00s Real=0.02s
[55.398s][info][gc,start       ] GC(207) Pause Young (Allocation Failure)
[55.431s][info][gc,heap        ] GC(207) DefNew: 280157K(314560K)->536K(314560K) Eden: 279616K(279616K)->0K(279616K) From: 541K(34944K)->536K(34944K)
[55.431s][info][gc,heap        ] GC(207) Tenured: 15667K(699072K)->15703K(699072K)
[55.431s][info][gc,metaspace   ] GC(207) Metaspace: 14205K(15040K)->14205K(15040K) NonClass: 12262K(12800K)->12262K(12800K) Class: 1943K(2240K)->1943K(2240K)
[55.431s][info][gc             ] GC(207) Pause Young (Allocation Failure) 288M->15M(989M) 32.935ms
[55.431s][info][gc,cpu         ] GC(207) User=0.03s Sys=0.00s Real=0.03s
[55.651s][info][gc,start       ] GC(208) Pause Young (Allocation Failure)
[55.684s][info][gc,heap        ] GC(208) DefNew: 280152K(314560K)->537K(314560K) Eden: 279616K(279616K)->0K(279616K) From: 536K(34944K)->537K(34944K)
[55.684s][info][gc,heap        ] GC(208) Tenured: 15703K(699072K)->15738K(699072K)
[55.684s][info][gc,metaspace   ] GC(208) Metaspace: 14205K(15040K)->14205K(15040K) NonClass: 12262K(12800K)->12262K(12800K) Class: 1943K(2240K)->1943K(2240K)
[55.684s][info][gc             ] GC(208) Pause Young (Allocation Failure) 288M->15M(989M) 33.607ms
[55.684s][info][gc,cpu         ] GC(208) User=0.03s Sys=0.00s Real=0.03s
[55.956s][info][gc,start       ] GC(209) Pause Young (Allocation Failure)
[55.994s][info][gc,heap        ] GC(209) DefNew: 280153K(314560K)->536K(314560K) Eden: 279616K(279616K)->0K(279616K) From: 537K(34944K)->536K(34944K)
[55.994s][info][gc,heap        ] GC(209) Tenured: 15738K(699072K)->15773K(699072K)
[55.994s][info][gc,metaspace   ] GC(209) Metaspace: 14205K(15040K)->14205K(15040K) NonClass: 12262K(12800K)->12262K(12800K) Class: 1943K(2240K)->1943K(2240K)
[55.994s][info][gc             ] GC(209) Pause Young (Allocation Failure) 288M->15M(989M) 37.773ms
[55.994s][info][gc,cpu         ] GC(209) User=0.03s Sys=0.00s Real=0.04s
[56.230s][info][gc,start       ] GC(210) Pause Young (Allocation Failure)
[56.260s][info][gc,heap        ] GC(210) DefNew: 280152K(314560K)->539K(314560K) Eden: 279616K(279616K)->0K(279616K) From: 536K(34944K)->539K(34944K)
[56.260s][info][gc,heap        ] GC(210) Tenured: 15773K(699072K)->15809K(699072K)
[56.260s][info][gc,metaspace   ] GC(210) Metaspace: 14205K(15040K)->14205K(15040K) NonClass: 12262K(12800K)->12262K(12800K) Class: 1943K(2240K)->1943K(2240K)
[56.260s][info][gc             ] GC(210) Pause Young (Allocation Failure) 288M->15M(989M) 30.154ms
[56.260s][info][gc,cpu         ] GC(210) User=0.03s Sys=0.00s Real=0.02s
[56.488s][info][gc,start       ] GC(211) Pause Young (Allocation Failure)
[56.514s][info][gc,heap        ] GC(211) DefNew: 280155K(314560K)->540K(314560K) Eden: 279616K(279616K)->0K(279616K) From: 539K(34944K)->540K(34944K)
[56.515s][info][gc,heap        ] GC(211) Tenured: 15809K(699072K)->15844K(699072K)
[56.515s][info][gc,metaspace   ] GC(211) Metaspace: 14205K(15040K)->14205K(15040K) NonClass: 12262K(12800K)->12262K(12800K) Class: 1943K(2240K)->1943K(2240K)
[56.515s][info][gc             ] GC(211) Pause Young (Allocation Failure) 289M->16M(989M) 26.670ms
[56.515s][info][gc,cpu         ] GC(211) User=0.02s Sys=0.00s Real=0.02s
[56.733s][info][gc,start       ] GC(212) Pause Young (Allocation Failure)
[56.756s][info][gc,heap        ] GC(212) DefNew: 280156K(314560K)->543K(314560K) Eden: 279616K(279616K)->0K(279616K) From: 540K(34944K)->543K(34944K)
[56.756s][info][gc,heap        ] GC(212) Tenured: 15844K(699072K)->15876K(699072K)
[56.756s][info][gc,metaspace   ] GC(212) Metaspace: 14205K(15040K)->14205K(15040K) NonClass: 12262K(12800K)->12262K(12800K) Class: 1943K(2240K)->1943K(2240K)
[56.756s][info][gc             ] GC(212) Pause Young (Allocation Failure) 289M->16M(989M) 22.537ms
[56.756s][info][gc,cpu         ] GC(212) User=0.02s Sys=0.00s Real=0.02s
[56.990s][info][gc,start       ] GC(213) Pause Young (Allocation Failure)
[57.017s][info][gc,heap        ] GC(213) DefNew: 280159K(314560K)->538K(314560K) Eden: 279616K(279616K)->0K(279616K) From: 543K(34944K)->538K(34944K)
[57.017s][info][gc,heap        ] GC(213) Tenured: 15876K(699072K)->15916K(699072K)
[57.017s][info][gc,metaspace   ] GC(213) Metaspace: 14205K(15040K)->14205K(15040K) NonClass: 12262K(12800K)->12262K(12800K) Class: 1943K(2240K)->1943K(2240K)
[57.017s][info][gc             ] GC(213) Pause Young (Allocation Failure) 289M->16M(989M) 27.099ms
[57.017s][info][gc,cpu         ] GC(213) User=0.03s Sys=0.00s Real=0.03s
[57.231s][info][gc,start       ] GC(214) Pause Young (Allocation Failure)
[57.260s][info][gc,heap        ] GC(214) DefNew: 280154K(314560K)->536K(314560K) Eden: 279616K(279616K)->0K(279616K) From: 538K(34944K)->536K(34944K)
[57.260s][info][gc,heap        ] GC(214) Tenured: 15916K(699072K)->15952K(699072K)
[57.260s][info][gc,metaspace   ] GC(214) Metaspace: 14205K(15040K)->14205K(15040K) NonClass: 12262K(12800K)->12262K(12800K) Class: 1943K(2240K)->1943K(2240K)
[57.260s][info][gc             ] GC(214) Pause Young (Allocation Failure) 289M->16M(989M) 28.338ms
[57.260s][info][gc,cpu         ] GC(214) User=0.03s Sys=0.00s Real=0.02s
[57.478s][info][gc,start       ] GC(215) Pause Young (Allocation Failure)
[57.501s][info][gc,heap        ] GC(215) DefNew: 280152K(314560K)->536K(314560K) Eden: 279616K(279616K)->0K(279616K) From: 536K(34944K)->536K(34944K)
[57.501s][info][gc,heap        ] GC(215) Tenured: 15952K(699072K)->15987K(699072K)
[57.501s][info][gc,metaspace   ] GC(215) Metaspace: 14205K(15040K)->14205K(15040K) NonClass: 12262K(12800K)->12262K(12800K) Class: 1943K(2240K)->1943K(2240K)
[57.501s][info][gc             ] GC(215) Pause Young (Allocation Failure) 289M->16M(989M) 23.191ms
[57.501s][info][gc,cpu         ] GC(215) User=0.02s Sys=0.00s Real=0.02s
[57.715s][info][gc,start       ] GC(216) Pause Young (Allocation Failure)
[57.739s][info][gc,heap        ] GC(216) DefNew: 280152K(314560K)->533K(314560K) Eden: 279616K(279616K)->0K(279616K) From: 536K(34944K)->533K(34944K)
[57.739s][info][gc,heap        ] GC(216) Tenured: 15987K(699072K)->16023K(699072K)
[57.739s][info][gc,metaspace   ] GC(216) Metaspace: 14205K(15040K)->14205K(15040K) NonClass: 12262K(12800K)->12262K(12800K) Class: 1943K(2240K)->1943K(2240K)
[57.739s][info][gc             ] GC(216) Pause Young (Allocation Failure) 289M->16M(989M) 23.599ms
[57.739s][info][gc,cpu         ] GC(216) User=0.03s Sys=0.00s Real=0.02s
[57.959s][info][gc,start       ] GC(217) Pause Young (Allocation Failure)
[57.989s][info][gc,heap        ] GC(217) DefNew: 280149K(314560K)->533K(314560K) Eden: 279616K(279616K)->0K(279616K) From: 533K(34944K)->533K(34944K)
[57.989s][info][gc,heap        ] GC(217) Tenured: 16023K(699072K)->16058K(699072K)
[57.989s][info][gc,metaspace   ] GC(217) Metaspace: 14205K(15040K)->14205K(15040K) NonClass: 12262K(12800K)->12262K(12800K) Class: 1943K(2240K)->1943K(2240K)
[57.989s][info][gc             ] GC(217) Pause Young (Allocation Failure) 289M->16M(989M) 30.148ms
[57.989s][info][gc,cpu         ] GC(217) User=0.02s Sys=0.00s Real=0.02s
[58.207s][info][gc,start       ] GC(218) Pause Young (Allocation Failure)
[58.238s][info][gc,heap        ] GC(218) DefNew: 280149K(314560K)->528K(314560K) Eden: 279616K(279616K)->0K(279616K) From: 533K(34944K)->528K(34944K)
[58.238s][info][gc,heap        ] GC(218) Tenured: 16058K(699072K)->16093K(699072K)
[58.238s][info][gc,metaspace   ] GC(218) Metaspace: 14205K(15040K)->14205K(15040K) NonClass: 12262K(12800K)->12262K(12800K) Class: 1943K(2240K)->1943K(2240K)
[58.238s][info][gc             ] GC(218) Pause Young (Allocation Failure) 289M->16M(989M) 31.513ms
[58.238s][info][gc,cpu         ] GC(218) User=0.03s Sys=0.00s Real=0.03s
[58.458s][info][gc,start       ] GC(219) Pause Young (Allocation Failure)
[58.490s][info][gc,heap        ] GC(219) DefNew: 280144K(314560K)->527K(314560K) Eden: 279616K(279616K)->0K(279616K) From: 528K(34944K)->527K(34944K)
[58.491s][info][gc,heap        ] GC(219) Tenured: 16093K(699072K)->16129K(699072K)
[58.491s][info][gc,metaspace   ] GC(219) Metaspace: 14205K(15040K)->14205K(15040K) NonClass: 12262K(12800K)->12262K(12800K) Class: 1943K(2240K)->1943K(2240K)
[58.491s][info][gc             ] GC(219) Pause Young (Allocation Failure) 289M->16M(989M) 32.427ms
[58.491s][info][gc,cpu         ] GC(219) User=0.02s Sys=0.00s Real=0.02s
[58.711s][info][gc,start       ] GC(220) Pause Young (Allocation Failure)
[58.744s][info][gc,heap        ] GC(220) DefNew: 280143K(314560K)->526K(314560K) Eden: 279616K(279616K)->0K(279616K) From: 527K(34944K)->526K(34944K)
[58.744s][info][gc,heap        ] GC(220) Tenured: 16129K(699072K)->16164K(699072K)
[58.744s][info][gc,metaspace   ] GC(220) Metaspace: 14205K(15040K)->14205K(15040K) NonClass: 12262K(12800K)->12262K(12800K) Class: 1943K(2240K)->1943K(2240K)
[58.744s][info][gc             ] GC(220) Pause Young (Allocation Failure) 289M->16M(989M) 32.896ms
[58.744s][info][gc,cpu         ] GC(220) User=0.03s Sys=0.00s Real=0.03s
[58.963s][info][gc,start       ] GC(221) Pause Young (Allocation Failure)
[58.996s][info][gc,heap        ] GC(221) DefNew: 280142K(314560K)->526K(314560K) Eden: 279616K(279616K)->0K(279616K) From: 526K(34944K)->526K(34944K)
[58.996s][info][gc,heap        ] GC(221) Tenured: 16164K(699072K)->16199K(699072K)
[58.997s][info][gc,metaspace   ] GC(221) Metaspace: 14205K(15040K)->14205K(15040K) NonClass: 12262K(12800K)->12262K(12800K) Class: 1943K(2240K)->1943K(2240K)
[58.997s][info][gc             ] GC(221) Pause Young (Allocation Failure) 289M->16M(989M) 33.625ms
[58.997s][info][gc,cpu         ] GC(221) User=0.02s Sys=0.00s Real=0.02s
[59.219s][info][gc,start       ] GC(222) Pause Young (Allocation Failure)
[59.252s][info][gc,heap        ] GC(222) DefNew: 280142K(314560K)->529K(314560K) Eden: 279615K(279616K)->0K(279616K) From: 526K(34944K)->529K(34944K)
[59.252s][info][gc,heap        ] GC(222) Tenured: 16199K(699072K)->16231K(699072K)
[59.252s][info][gc,metaspace   ] GC(222) Metaspace: 14205K(15040K)->14205K(15040K) NonClass: 12262K(12800K)->12262K(12800K) Class: 1943K(2240K)->1943K(2240K)
[59.253s][info][gc             ] GC(222) Pause Young (Allocation Failure) 289M->16M(989M) 33.791ms
[59.253s][info][gc,cpu         ] GC(222) User=0.03s Sys=0.00s Real=0.03s
[59.474s][info][gc,start       ] GC(223) Pause Young (Allocation Failure)
[59.509s][info][gc,heap        ] GC(223) DefNew: 280145K(314560K)->527K(314560K) Eden: 279616K(279616K)->0K(279616K) From: 529K(34944K)->527K(34944K)
[59.509s][info][gc,heap        ] GC(223) Tenured: 16231K(699072K)->16267K(699072K)
[59.509s][info][gc,metaspace   ] GC(223) Metaspace: 14205K(15040K)->14205K(15040K) NonClass: 12262K(12800K)->12262K(12800K) Class: 1943K(2240K)->1943K(2240K)
[59.509s][info][gc             ] GC(223) Pause Young (Allocation Failure) 289M->16M(989M) 34.788ms
[59.509s][info][gc,cpu         ] GC(223) User=0.03s Sys=0.00s Real=0.03s
[59.735s][info][gc,start       ] GC(224) Pause Young (Allocation Failure)
[59.770s][info][gc,heap        ] GC(224) DefNew: 280143K(314560K)->528K(314560K) Eden: 279616K(279616K)->0K(279616K) From: 527K(34944K)->528K(34944K)
[59.770s][info][gc,heap        ] GC(224) Tenured: 16267K(699072K)->16302K(699072K)
[59.770s][info][gc,metaspace   ] GC(224) Metaspace: 14205K(15040K)->14205K(15040K) NonClass: 12262K(12800K)->12262K(12800K) Class: 1943K(2240K)->1943K(2240K)
[59.770s][info][gc             ] GC(224) Pause Young (Allocation Failure) 289M->16M(989M) 35.442ms
[59.770s][info][gc,cpu         ] GC(224) User=0.02s Sys=0.00s Real=0.03s
[60.040s][info][gc,start       ] GC(225) Pause Young (Allocation Failure)
[60.076s][info][gc,heap        ] GC(225) DefNew: 280144K(314560K)->525K(314560K) Eden: 279616K(279616K)->0K(279616K) From: 528K(34944K)->525K(34944K)
[60.076s][info][gc,heap        ] GC(225) Tenured: 16302K(699072K)->16340K(699072K)
[60.076s][info][gc,metaspace   ] GC(225) Metaspace: 14205K(15040K)->14205K(15040K) NonClass: 12262K(12800K)->12262K(12800K) Class: 1943K(2240K)->1943K(2240K)
[60.076s][info][gc             ] GC(225) Pause Young (Allocation Failure) 289M->16M(989M) 35.631ms
[60.076s][info][gc,cpu         ] GC(225) User=0.03s Sys=0.00s Real=0.04s
[60.323s][info][gc,start       ] GC(226) Pause Young (Allocation Failure)
[60.348s][info][gc,heap        ] GC(226) DefNew: 280141K(314560K)->528K(314560K) Eden: 279616K(279616K)->0K(279616K) From: 525K(34944K)->528K(34944K)
[60.348s][info][gc,heap        ] GC(226) Tenured: 16340K(699072K)->16376K(699072K)
[60.348s][info][gc,metaspace   ] GC(226) Metaspace: 14205K(15040K)->14205K(15040K) NonClass: 12262K(12800K)->12262K(12800K) Class: 1943K(2240K)->1943K(2240K)
[60.348s][info][gc             ] GC(226) Pause Young (Allocation Failure) 289M->16M(989M) 25.580ms
[60.348s][info][gc,cpu         ] GC(226) User=0.03s Sys=0.00s Real=0.02s
[60.591s][info][gc,start       ] GC(227) Pause Young (Allocation Failure)
[60.621s][info][gc,heap        ] GC(227) DefNew: 280144K(314560K)->531K(314560K) Eden: 279616K(279616K)->0K(279616K) From: 528K(34944K)->531K(34944K)
[60.621s][info][gc,heap        ] GC(227) Tenured: 16376K(699072K)->16411K(699072K)
[60.621s][info][gc,metaspace   ] GC(227) Metaspace: 14205K(15040K)->14205K(15040K) NonClass: 12262K(12800K)->12262K(12800K) Class: 1943K(2240K)->1943K(2240K)
[60.621s][info][gc             ] GC(227) Pause Young (Allocation Failure) 289M->16M(989M) 29.836ms
[60.621s][info][gc,cpu         ] GC(227) User=0.03s Sys=0.00s Real=0.03s
[60.853s][info][gc,start       ] GC(228) Pause Young (Allocation Failure)
[60.884s][info][gc,heap        ] GC(228) DefNew: 280147K(314560K)->532K(314560K) Eden: 279616K(279616K)->0K(279616K) From: 531K(34944K)->532K(34944K)
[60.884s][info][gc,heap        ] GC(228) Tenured: 16411K(699072K)->16447K(699072K)
[60.884s][info][gc,metaspace   ] GC(228) Metaspace: 14205K(15040K)->14205K(15040K) NonClass: 12262K(12800K)->12262K(12800K) Class: 1943K(2240K)->1943K(2240K)
[60.884s][info][gc             ] GC(228) Pause Young (Allocation Failure) 289M->16M(989M) 30.639ms
[60.884s][info][gc,cpu         ] GC(228) User=0.03s Sys=0.00s Real=0.03s
[61.121s][info][gc,start       ] GC(229) Pause Young (Allocation Failure)
[61.154s][info][gc,heap        ] GC(229) DefNew: 280148K(314560K)->536K(314560K) Eden: 279616K(279616K)->0K(279616K) From: 532K(34944K)->536K(34944K)
[61.154s][info][gc,heap        ] GC(229) Tenured: 16447K(699072K)->16480K(699072K)
[61.154s][info][gc,metaspace   ] GC(229) Metaspace: 14205K(15040K)->14205K(15040K) NonClass: 12262K(12800K)->12262K(12800K) Class: 1943K(2240K)->1943K(2240K)
[61.154s][info][gc             ] GC(229) Pause Young (Allocation Failure) 289M->16M(989M) 33.280ms
[61.154s][info][gc,cpu         ] GC(229) User=0.03s Sys=0.00s Real=0.02s
[61.391s][info][gc,start       ] GC(230) Pause Young (Allocation Failure)
[61.422s][info][gc,heap        ] GC(230) DefNew: 280152K(314560K)->537K(314560K) Eden: 279616K(279616K)->0K(279616K) From: 536K(34944K)->537K(34944K)
[61.422s][info][gc,heap        ] GC(230) Tenured: 16480K(699072K)->16515K(699072K)
[61.422s][info][gc,metaspace   ] GC(230) Metaspace: 14205K(15040K)->14205K(15040K) NonClass: 12262K(12800K)->12262K(12800K) Class: 1943K(2240K)->1943K(2240K)
[61.422s][info][gc             ] GC(230) Pause Young (Allocation Failure) 289M->16M(989M) 30.995ms
[61.422s][info][gc,cpu         ] GC(230) User=0.03s Sys=0.00s Real=0.02s
[61.604s][info][gc,start       ] GC(231) Pause Young (Allocation Failure)
[61.626s][info][gc,heap        ] GC(231) DefNew: 280153K(314560K)->533K(314560K) Eden: 279616K(279616K)->0K(279616K) From: 537K(34944K)->533K(34944K)
[61.627s][info][gc,heap        ] GC(231) Tenured: 16515K(699072K)->16548K(699072K)
[61.627s][info][gc,metaspace   ] GC(231) Metaspace: 14205K(15040K)->14205K(15040K) NonClass: 12262K(12800K)->12262K(12800K) Class: 1943K(2240K)->1943K(2240K)
[61.627s][info][gc             ] GC(231) Pause Young (Allocation Failure) 289M->16M(989M) 22.164ms
[61.627s][info][gc,cpu         ] GC(231) User=0.02s Sys=0.00s Real=0.02s
[61.955s][info][gc,start       ] GC(232) Pause Young (Allocation Failure)
[61.981s][info][gc,heap        ] GC(232) DefNew: 280149K(314560K)->547K(314560K) Eden: 279616K(279616K)->0K(279616K) From: 533K(34944K)->547K(34944K)
[61.981s][info][gc,heap        ] GC(232) Tenured: 16548K(699072K)->16583K(699072K)
[61.981s][info][gc,metaspace   ] GC(232) Metaspace: 14205K(15040K)->14205K(15040K) NonClass: 12262K(12800K)->12262K(12800K) Class: 1943K(2240K)->1943K(2240K)
[61.981s][info][gc             ] GC(232) Pause Young (Allocation Failure) 289M->16M(989M) 25.712ms
[61.981s][info][gc,cpu         ] GC(232) User=0.02s Sys=0.00s Real=0.02s
[62.035s][info][gc,start       ] GC(233) Pause Full (System.gc())
[62.035s][info][gc,phases,start] GC(233) Phase 1: Mark live objects
[62.062s][info][gc,phases      ] GC(233) Phase 1: Mark live objects 27.314ms
[62.062s][info][gc,phases,start] GC(233) Phase 2: Compute new object addresses
[62.068s][info][gc,phases      ] GC(233) Phase 2: Compute new object addresses 6.096ms
[62.068s][info][gc,phases,start] GC(233) Phase 3: Adjust pointers
[62.085s][info][gc,phases      ] GC(233) Phase 3: Adjust pointers 16.199ms
[62.085s][info][gc,phases,start] GC(233) Phase 4: Move objects
[62.086s][info][gc,phases      ] GC(233) Phase 4: Move objects 1.432ms
[62.086s][info][gc,heap        ] GC(233) DefNew: 17790K(314560K)->0K(314560K) Eden: 17242K(279616K)->0K(279616K) From: 547K(34944K)->0K(34944K)
[62.086s][info][gc,heap        ] GC(233) Tenured: 16583K(699072K)->5351K(699072K)
[62.086s][info][gc,metaspace   ] GC(233) Metaspace: 14205K(15040K)->14205K(15040K) NonClass: 12262K(12800K)->12262K(12800K) Class: 1943K(2240K)->1943K(2240K)
[62.086s][info][gc             ] GC(233) Pause Full (System.gc()) 33M->5M(989M) 51.397ms
[62.086s][info][gc,cpu         ] GC(233) User=0.05s Sys=0.00s Real=0.05s
[62.324s][info][gc,start       ] GC(234) Pause Young (Allocation Failure)
[62.349s][info][gc,heap        ] GC(234) DefNew: 279616K(314560K)->1495K(314560K) Eden: 279616K(279616K)->0K(279616K) From: 0K(34944K)->1495K(34944K)
[62.349s][info][gc,heap        ] GC(234) Tenured: 5351K(699072K)->5351K(699072K)
[62.349s][info][gc,metaspace   ] GC(234) Metaspace: 14208K(15040K)->14208K(15040K) NonClass: 12265K(12800K)->12265K(12800K) Class: 1943K(2240K)->1943K(2240K)
[62.349s][info][gc             ] GC(234) Pause Young (Allocation Failure) 278M->6M(989M) 25.115ms
[62.349s][info][gc,cpu         ] GC(234) User=0.02s Sys=0.00s Real=0.02s
[62.603s][info][gc,start       ] GC(235) Pause Young (Allocation Failure)
[62.638s][info][gc,heap        ] GC(235) DefNew: 281111K(314560K)->1536K(314560K) Eden: 279616K(279616K)->0K(279616K) From: 1495K(34944K)->1536K(34944K)
[62.638s][info][gc,heap        ] GC(235) Tenured: 5351K(699072K)->5351K(699072K)
[62.638s][info][gc,metaspace   ] GC(235) Metaspace: 14208K(15040K)->14208K(15040K) NonClass: 12265K(12800K)->12265K(12800K) Class: 1943K(2240K)->1943K(2240K)
[62.638s][info][gc             ] GC(235) Pause Young (Allocation Failure) 279M->6M(989M) 34.276ms
[62.638s][info][gc,cpu         ] GC(235) User=0.02s Sys=0.00s Real=0.02s
[62.897s][info][gc,start       ] GC(236) Pause Young (Allocation Failure)
[62.932s][info][gc,heap        ] GC(236) DefNew: 281152K(314560K)->1579K(314560K) Eden: 279616K(279616K)->0K(279616K) From: 1536K(34944K)->1579K(34944K)
[62.932s][info][gc,heap        ] GC(236) Tenured: 5351K(699072K)->5351K(699072K)
[62.932s][info][gc,metaspace   ] GC(236) Metaspace: 14208K(15040K)->14208K(15040K) NonClass: 12265K(12800K)->12265K(12800K) Class: 1943K(2240K)->1943K(2240K)
[62.932s][info][gc             ] GC(236) Pause Young (Allocation Failure) 279M->6M(989M) 34.771ms
[62.932s][info][gc,cpu         ] GC(236) User=0.03s Sys=0.00s Real=0.03s
[63.198s][info][gc,start       ] GC(237) Pause Young (Allocation Failure)
[63.234s][info][gc,heap        ] GC(237) DefNew: 281195K(314560K)->1622K(314560K) Eden: 279616K(279616K)->0K(279616K) From: 1579K(34944K)->1622K(34944K)
[63.234s][info][gc,heap        ] GC(237) Tenured: 5351K(699072K)->5351K(699072K)
[63.234s][info][gc,metaspace   ] GC(237) Metaspace: 14208K(15040K)->14208K(15040K) NonClass: 12265K(12800K)->12265K(12800K) Class: 1943K(2240K)->1943K(2240K)
[63.234s][info][gc             ] GC(237) Pause Young (Allocation Failure) 279M->6M(989M) 36.355ms
[63.234s][info][gc,cpu         ] GC(237) User=0.03s Sys=0.00s Real=0.03s
[63.504s][info][gc,start       ] GC(238) Pause Young (Allocation Failure)
[63.532s][info][gc,heap        ] GC(238) DefNew: 281238K(314560K)->1664K(314560K) Eden: 279616K(279616K)->0K(279616K) From: 1622K(34944K)->1664K(34944K)
[63.532s][info][gc,heap        ] GC(238) Tenured: 5351K(699072K)->5351K(699072K)
[63.532s][info][gc,metaspace   ] GC(238) Metaspace: 14208K(15040K)->14208K(15040K) NonClass: 12265K(12800K)->12265K(12800K) Class: 1943K(2240K)->1943K(2240K)
[63.532s][info][gc             ] GC(238) Pause Young (Allocation Failure) 279M->6M(989M) 28.376ms
[63.532s][info][gc,cpu         ] GC(238) User=0.03s Sys=0.00s Real=0.03s
[63.791s][info][gc,start       ] GC(239) Pause Young (Allocation Failure)
[63.828s][info][gc,heap        ] GC(239) DefNew: 281280K(314560K)->1704K(314560K) Eden: 279616K(279616K)->0K(279616K) From: 1664K(34944K)->1704K(34944K)
[63.828s][info][gc,heap        ] GC(239) Tenured: 5351K(699072K)->5351K(699072K)
[63.828s][info][gc,metaspace   ] GC(239) Metaspace: 14208K(15040K)->14208K(15040K) NonClass: 12265K(12800K)->12265K(12800K) Class: 1943K(2240K)->1943K(2240K)
[63.828s][info][gc             ] GC(239) Pause Young (Allocation Failure) 279M->6M(989M) 36.772ms
[63.828s][info][gc,cpu         ] GC(239) User=0.03s Sys=0.00s Real=0.04s
[64.092s][info][gc,start       ] GC(240) Pause Young (Allocation Failure)
[64.130s][info][gc,heap        ] GC(240) DefNew: 281320K(314560K)->1743K(314560K) Eden: 279616K(279616K)->0K(279616K) From: 1704K(34944K)->1743K(34944K)
[64.130s][info][gc,heap        ] GC(240) Tenured: 5351K(699072K)->5351K(699072K)
[64.130s][info][gc,metaspace   ] GC(240) Metaspace: 14208K(15040K)->14208K(15040K) NonClass: 12265K(12800K)->12265K(12800K) Class: 1943K(2240K)->1943K(2240K)
[64.130s][info][gc             ] GC(240) Pause Young (Allocation Failure) 279M->6M(989M) 37.323ms
[64.130s][info][gc,cpu         ] GC(240) User=0.05s Sys=0.00s Real=0.04s
[64.399s][info][gc,start       ] GC(241) Pause Young (Allocation Failure)
[64.432s][info][gc,heap        ] GC(241) DefNew: 281359K(314560K)->1784K(314560K) Eden: 279616K(279616K)->0K(279616K) From: 1743K(34944K)->1784K(34944K)
[64.432s][info][gc,heap        ] GC(241) Tenured: 5351K(699072K)->5351K(699072K)
[64.432s][info][gc,metaspace   ] GC(241) Metaspace: 14208K(15040K)->14208K(15040K) NonClass: 12265K(12800K)->12265K(12800K) Class: 1943K(2240K)->1943K(2240K)
[64.432s][info][gc             ] GC(241) Pause Young (Allocation Failure) 279M->6M(989M) 32.937ms
[64.432s][info][gc,cpu         ] GC(241) User=0.02s Sys=0.00s Real=0.02s
[64.713s][info][gc,start       ] GC(242) Pause Young (Allocation Failure)
[64.744s][info][gc,heap        ] GC(242) DefNew: 281400K(314560K)->1830K(314560K) Eden: 279616K(279616K)->0K(279616K) From: 1784K(34944K)->1830K(34944K)
[64.744s][info][gc,heap        ] GC(242) Tenured: 5351K(699072K)->5351K(699072K)
[64.744s][info][gc,metaspace   ] GC(242) Metaspace: 14208K(15040K)->14208K(15040K) NonClass: 12265K(12800K)->12265K(12800K) Class: 1943K(2240K)->1943K(2240K)
[64.744s][info][gc             ] GC(242) Pause Young (Allocation Failure) 280M->7M(989M) 30.748ms
[64.744s][info][gc,cpu         ] GC(242) User=0.02s Sys=0.00s Real=0.02s
[65.003s][info][gc,start       ] GC(243) Pause Young (Allocation Failure)
[65.035s][info][gc,heap        ] GC(243) DefNew: 281446K(314560K)->1871K(314560K) Eden: 279616K(279616K)->0K(279616K) From: 1830K(34944K)->1871K(34944K)
[65.035s][info][gc,heap        ] GC(243) Tenured: 5351K(699072K)->5351K(699072K)
[65.035s][info][gc,metaspace   ] GC(243) Metaspace: 14208K(15040K)->14208K(15040K) NonClass: 12265K(12800K)->12265K(12800K) Class: 1943K(2240K)->1943K(2240K)
[65.035s][info][gc             ] GC(243) Pause Young (Allocation Failure) 280M->7M(989M) 31.588ms
[65.035s][info][gc,cpu         ] GC(243) User=0.03s Sys=0.00s Real=0.03s
[65.294s][info][gc,start       ] GC(244) Pause Young (Allocation Failure)
[65.326s][info][gc,heap        ] GC(244) DefNew: 281487K(314560K)->1912K(314560K) Eden: 279616K(279616K)->0K(279616K) From: 1871K(34944K)->1912K(34944K)
[65.326s][info][gc,heap        ] GC(244) Tenured: 5351K(699072K)->5351K(699072K)
[65.326s][info][gc,metaspace   ] GC(244) Metaspace: 14208K(15040K)->14208K(15040K) NonClass: 12265K(12800K)->12265K(12800K) Class: 1943K(2240K)->1943K(2240K)
[65.326s][info][gc             ] GC(244) Pause Young (Allocation Failure) 280M->7M(989M) 32.361ms
[65.326s][info][gc,cpu         ] GC(244) User=0.03s Sys=0.00s Real=0.03s
[65.583s][info][gc,start       ] GC(245) Pause Young (Allocation Failure)
[65.616s][info][gc,heap        ] GC(245) DefNew: 281528K(314560K)->1954K(314560K) Eden: 279616K(279616K)->0K(279616K) From: 1912K(34944K)->1954K(34944K)
[65.617s][info][gc,heap        ] GC(245) Tenured: 5351K(699072K)->5351K(699072K)
[65.617s][info][gc,metaspace   ] GC(245) Metaspace: 14208K(15040K)->14208K(15040K) NonClass: 12265K(12800K)->12265K(12800K) Class: 1943K(2240K)->1943K(2240K)
[65.617s][info][gc             ] GC(245) Pause Young (Allocation Failure) 280M->7M(989M) 33.189ms
[65.617s][info][gc,cpu         ] GC(245) User=0.03s Sys=0.00s Real=0.03s
[65.873s][info][gc,start       ] GC(246) Pause Young (Allocation Failure)
[65.906s][info][gc,heap        ] GC(246) DefNew: 281570K(314560K)->1996K(314560K) Eden: 279616K(279616K)->0K(279616K) From: 1954K(34944K)->1996K(34944K)
[65.906s][info][gc,heap        ] GC(246) Tenured: 5351K(699072K)->5351K(699072K)
[65.906s][info][gc,metaspace   ] GC(246) Metaspace: 14208K(15040K)->14208K(15040K) NonClass: 12265K(12800K)->12265K(12800K) Class: 1943K(2240K)->1943K(2240K)
[65.906s][info][gc             ] GC(246) Pause Young (Allocation Failure) 280M->7M(989M) 32.878ms
[65.906s][info][gc,cpu         ] GC(246) User=0.03s Sys=0.00s Real=0.03s
[66.168s][info][gc,start       ] GC(247) Pause Young (Allocation Failure)
[66.201s][info][gc,heap        ] GC(247) DefNew: 281612K(314560K)->2037K(314560K) Eden: 279616K(279616K)->0K(279616K) From: 1996K(34944K)->2037K(34944K)
[66.201s][info][gc,heap        ] GC(247) Tenured: 5351K(699072K)->5351K(699072K)
[66.201s][info][gc,metaspace   ] GC(247) Metaspace: 14208K(15040K)->14208K(15040K) NonClass: 12265K(12800K)->12265K(12800K) Class: 1943K(2240K)->1943K(2240K)
[66.201s][info][gc             ] GC(247) Pause Young (Allocation Failure) 280M->7M(989M) 33.489ms
[66.201s][info][gc,cpu         ] GC(247) User=0.03s Sys=0.00s Real=0.03s
[66.455s][info][gc,start       ] GC(248) Pause Young (Allocation Failure)
[66.490s][info][gc,heap        ] GC(248) DefNew: 281653K(314560K)->2072K(314560K) Eden: 279616K(279616K)->0K(279616K) From: 2037K(34944K)->2072K(34944K)
[66.490s][info][gc,heap        ] GC(248) Tenured: 5351K(699072K)->5351K(699072K)
[66.490s][info][gc,metaspace   ] GC(248) Metaspace: 14208K(15040K)->14208K(15040K) NonClass: 12265K(12800K)->12265K(12800K) Class: 1943K(2240K)->1943K(2240K)
[66.490s][info][gc             ] GC(248) Pause Young (Allocation Failure) 280M->7M(989M) 34.758ms
[66.490s][info][gc,cpu         ] GC(248) User=0.03s Sys=0.00s Real=0.03s
[66.749s][info][gc,start       ] GC(249) Pause Young (Allocation Failure)
[66.785s][info][gc,heap        ] GC(249) DefNew: 281688K(314560K)->624K(314560K) Eden: 279616K(279616K)->0K(279616K) From: 2072K(34944K)->624K(34944K)
[66.785s][info][gc,heap        ] GC(249) Tenured: 5351K(699072K)->6838K(699072K)
[66.785s][info][gc,metaspace   ] GC(249) Metaspace: 14208K(15040K)->14208K(15040K) NonClass: 12265K(12800K)->12265K(12800K) Class: 1943K(2240K)->1943K(2240K)
[66.785s][info][gc             ] GC(249) Pause Young (Allocation Failure) 280M->7M(989M) 35.842ms
[66.785s][info][gc,cpu         ] GC(249) User=0.03s Sys=0.00s Real=0.02s
[67.047s][info][gc,start       ] GC(250) Pause Young (Allocation Failure)
[67.083s][info][gc,heap        ] GC(250) DefNew: 280240K(314560K)->624K(314560K) Eden: 279616K(279616K)->0K(279616K) From: 624K(34944K)->624K(34944K)
[67.083s][info][gc,heap        ] GC(250) Tenured: 6838K(699072K)->6879K(699072K)
[67.083s][info][gc,metaspace   ] GC(250) Metaspace: 14208K(15040K)->14208K(15040K) NonClass: 12265K(12800K)->12265K(12800K) Class: 1943K(2240K)->1943K(2240K)
[67.083s][info][gc             ] GC(250) Pause Young (Allocation Failure) 280M->7M(989M) 35.729ms
[67.083s][info][gc,cpu         ] GC(250) User=0.03s Sys=0.02s Real=0.04s
[67.344s][info][gc,start       ] GC(251) Pause Young (Allocation Failure)
[67.380s][info][gc,heap        ] GC(251) DefNew: 280240K(314560K)->624K(314560K) Eden: 279616K(279616K)->0K(279616K) From: 624K(34944K)->624K(34944K)
[67.380s][info][gc,heap        ] GC(251) Tenured: 6879K(699072K)->6921K(699072K)
[67.380s][info][gc,metaspace   ] GC(251) Metaspace: 14208K(15040K)->14208K(15040K) NonClass: 12265K(12800K)->12265K(12800K) Class: 1943K(2240K)->1943K(2240K)
[67.380s][info][gc             ] GC(251) Pause Young (Allocation Failure) 280M->7M(989M) 35.979ms
[67.380s][info][gc,cpu         ] GC(251) User=0.05s Sys=0.00s Real=0.04s
[67.644s][info][gc,start       ] GC(252) Pause Young (Allocation Failure)
[67.680s][info][gc,heap        ] GC(252) DefNew: 280240K(314560K)->623K(314560K) Eden: 279616K(279616K)->0K(279616K) From: 624K(34944K)->623K(34944K)
[67.680s][info][gc,heap        ] GC(252) Tenured: 6921K(699072K)->6965K(699072K)
[67.680s][info][gc,metaspace   ] GC(252) Metaspace: 14208K(15040K)->14208K(15040K) NonClass: 12265K(12800K)->12265K(12800K) Class: 1943K(2240K)->1943K(2240K)
[67.680s][info][gc             ] GC(252) Pause Young (Allocation Failure) 280M->7M(989M) 36.098ms
[67.680s][info][gc,cpu         ] GC(252) User=0.02s Sys=0.00s Real=0.02s
[68.049s][info][gc,start       ] GC(253) Pause Young (Allocation Failure)
[68.089s][info][gc,heap        ] GC(253) DefNew: 280239K(314560K)->623K(314560K) Eden: 279616K(279616K)->0K(279616K) From: 623K(34944K)->623K(34944K)
[68.089s][info][gc,heap        ] GC(253) Tenured: 6965K(699072K)->7006K(699072K)
[68.089s][info][gc,metaspace   ] GC(253) Metaspace: 14208K(15040K)->14208K(15040K) NonClass: 12265K(12800K)->12265K(12800K) Class: 1943K(2240K)->1943K(2240K)
[68.089s][info][gc             ] GC(253) Pause Young (Allocation Failure) 280M->7M(989M) 40.494ms
[68.090s][info][gc,cpu         ] GC(253) User=0.03s Sys=0.00s Real=0.03s
[68.364s][info][gc,start       ] GC(254) Pause Young (Allocation Failure)
[68.396s][info][gc,heap        ] GC(254) DefNew: 280239K(314560K)->627K(314560K) Eden: 279616K(279616K)->0K(279616K) From: 623K(34944K)->627K(34944K)
[68.396s][info][gc,heap        ] GC(254) Tenured: 7006K(699072K)->7047K(699072K)
[68.396s][info][gc,metaspace   ] GC(254) Metaspace: 14208K(15040K)->14208K(15040K) NonClass: 12265K(12800K)->12265K(12800K) Class: 1943K(2240K)->1943K(2240K)
[68.396s][info][gc             ] GC(254) Pause Young (Allocation Failure) 280M->7M(989M) 32.347ms
[68.396s][info][gc,cpu         ] GC(254) User=0.03s Sys=0.00s Real=0.03s
[68.663s][info][gc,start       ] GC(255) Pause Young (Allocation Failure)
[68.693s][info][gc,heap        ] GC(255) DefNew: 280243K(314560K)->630K(314560K) Eden: 279616K(279616K)->0K(279616K) From: 627K(34944K)->630K(34944K)
[68.693s][info][gc,heap        ] GC(255) Tenured: 7047K(699072K)->7086K(699072K)
[68.693s][info][gc,metaspace   ] GC(255) Metaspace: 14208K(15040K)->14208K(15040K) NonClass: 12265K(12800K)->12265K(12800K) Class: 1943K(2240K)->1943K(2240K)
[68.693s][info][gc             ] GC(255) Pause Young (Allocation Failure) 280M->7M(989M) 30.699ms
[68.693s][info][gc,cpu         ] GC(255) User=0.03s Sys=0.00s Real=0.03s
[68.968s][info][gc,start       ] GC(256) Pause Young (Allocation Failure)
[68.998s][info][gc,heap        ] GC(256) DefNew: 280246K(314560K)->631K(314560K) Eden: 279616K(279616K)->0K(279616K) From: 630K(34944K)->631K(34944K)
[68.998s][info][gc,heap        ] GC(256) Tenured: 7086K(699072K)->7127K(699072K)
[68.998s][info][gc,metaspace   ] GC(256) Metaspace: 14208K(15040K)->14208K(15040K) NonClass: 12265K(12800K)->12265K(12800K) Class: 1943K(2240K)->1943K(2240K)
[68.998s][info][gc             ] GC(256) Pause Young (Allocation Failure) 280M->7M(989M) 30.070ms
[68.998s][info][gc,cpu         ] GC(256) User=0.03s Sys=0.00s Real=0.03s
[69.259s][info][gc,start       ] GC(257) Pause Young (Allocation Failure)
[69.285s][info][gc,heap        ] GC(257) DefNew: 280247K(314560K)->627K(314560K) Eden: 279616K(279616K)->0K(279616K) From: 631K(34944K)->627K(34944K)
[69.285s][info][gc,heap        ] GC(257) Tenured: 7127K(699072K)->7172K(699072K)
[69.285s][info][gc,metaspace   ] GC(257) Metaspace: 14208K(15040K)->14208K(15040K) NonClass: 12265K(12800K)->12265K(12800K) Class: 1943K(2240K)->1943K(2240K)
[69.285s][info][gc             ] GC(257) Pause Young (Allocation Failure) 280M->7M(989M) 25.481ms
[69.285s][info][gc,cpu         ] GC(257) User=0.02s Sys=0.00s Real=0.02s
[69.540s][info][gc,start       ] GC(258) Pause Young (Allocation Failure)
[69.566s][info][gc,heap        ] GC(258) DefNew: 280243K(314560K)->623K(314560K) Eden: 279616K(279616K)->0K(279616K) From: 627K(34944K)->623K(34944K)
[69.566s][info][gc,heap        ] GC(258) Tenured: 7172K(699072K)->7213K(699072K)
[69.566s][info][gc,metaspace   ] GC(258) Metaspace: 14208K(15040K)->14208K(15040K) NonClass: 12265K(12800K)->12265K(12800K) Class: 1943K(2240K)->1943K(2240K)
[69.566s][info][gc             ] GC(258) Pause Young (Allocation Failure) 280M->7M(989M) 26.411ms
[69.566s][info][gc,cpu         ] GC(258) User=0.03s Sys=0.00s Real=0.02s
[69.827s][info][gc,start       ] GC(259) Pause Young (Allocation Failure)
[69.859s][info][gc,heap        ] GC(259) DefNew: 280239K(314560K)->624K(314560K) Eden: 279616K(279616K)->0K(279616K) From: 623K(34944K)->624K(34944K)
[69.859s][info][gc,heap        ] GC(259) Tenured: 7213K(699072K)->7255K(699072K)
[69.859s][info][gc,metaspace   ] GC(259) Metaspace: 14208K(15040K)->14208K(15040K) NonClass: 12265K(12800K)->12265K(12800K) Class: 1943K(2240K)->1943K(2240K)
[69.859s][info][gc             ] GC(259) Pause Young (Allocation Failure) 280M->7M(989M) 32.377ms
[69.859s][info][gc,cpu         ] GC(259) User=0.03s Sys=0.00s Real=0.03s
[70.118s][info][gc,start       ] GC(260) Pause Young (Allocation Failure)
[70.152s][info][gc,heap        ] GC(260) DefNew: 280240K(314560K)->621K(314560K) Eden: 279616K(279616K)->0K(279616K) From: 624K(34944K)->621K(34944K)
[70.152s][info][gc,heap        ] GC(260) Tenured: 7255K(699072K)->7296K(699072K)
[70.152s][info][gc,metaspace   ] GC(260) Metaspace: 14208K(15040K)->14208K(15040K) NonClass: 12265K(12800K)->12265K(12800K) Class: 1943K(2240K)->1943K(2240K)
[70.152s][info][gc             ] GC(260) Pause Young (Allocation Failure) 280M->7M(989M) 33.925ms
[70.152s][info][gc,cpu         ] GC(260) User=0.03s Sys=0.00s Real=0.03s
[70.414s][info][gc,start       ] GC(261) Pause Young (Allocation Failure)
[70.449s][info][gc,heap        ] GC(261) DefNew: 280237K(314560K)->622K(314560K) Eden: 279616K(279616K)->0K(279616K) From: 621K(34944K)->622K(34944K)
[70.449s][info][gc,heap        ] GC(261) Tenured: 7296K(699072K)->7338K(699072K)
[70.449s][info][gc,metaspace   ] GC(261) Metaspace: 14208K(15040K)->14208K(15040K) NonClass: 12265K(12800K)->12265K(12800K) Class: 1943K(2240K)->1943K(2240K)
[70.449s][info][gc             ] GC(261) Pause Young (Allocation Failure) 280M->7M(989M) 35.127ms
[70.449s][info][gc,cpu         ] GC(261) User=0.03s Sys=0.00s Real=0.03s
[70.707s][info][gc,start       ] GC(262) Pause Young (Allocation Failure)
[70.742s][info][gc,heap        ] GC(262) DefNew: 280238K(314560K)->618K(314560K) Eden: 279616K(279616K)->0K(279616K) From: 622K(34944K)->618K(34944K)
[70.742s][info][gc,heap        ] GC(262) Tenured: 7338K(699072K)->7379K(699072K)
[70.742s][info][gc,metaspace   ] GC(262) Metaspace: 14208K(15040K)->14208K(15040K) NonClass: 12265K(12800K)->12265K(12800K) Class: 1943K(2240K)->1943K(2240K)
[70.742s][info][gc             ] GC(262) Pause Young (Allocation Failure) 280M->7M(989M) 35.069ms
[70.742s][info][gc,cpu         ] GC(262) User=0.02s Sys=0.00s Real=0.03s
[71.002s][info][gc,start       ] GC(263) Pause Young (Allocation Failure)
[71.039s][info][gc,heap        ] GC(263) DefNew: 280234K(314560K)->624K(314560K) Eden: 279616K(279616K)->0K(279616K) From: 618K(34944K)->624K(34944K)
[71.039s][info][gc,heap        ] GC(263) Tenured: 7379K(699072K)->7414K(699072K)
[71.039s][info][gc,metaspace   ] GC(263) Metaspace: 14208K(15040K)->14208K(15040K) NonClass: 12265K(12800K)->12265K(12800K) Class: 1943K(2240K)->1943K(2240K)
[71.039s][info][gc             ] GC(263) Pause Young (Allocation Failure) 280M->7M(989M) 36.393ms
[71.039s][info][gc,cpu         ] GC(263) User=0.03s Sys=0.00s Real=0.04s
[71.298s][info][gc,start       ] GC(264) Pause Young (Allocation Failure)
[71.335s][info][gc,heap        ] GC(264) DefNew: 280240K(314560K)->624K(314560K) Eden: 279616K(279616K)->0K(279616K) From: 624K(34944K)->624K(34944K)
[71.335s][info][gc,heap        ] GC(264) Tenured: 7414K(699072K)->7453K(699072K)
[71.335s][info][gc,metaspace   ] GC(264) Metaspace: 14208K(15040K)->14208K(15040K) NonClass: 12265K(12800K)->12265K(12800K) Class: 1943K(2240K)->1943K(2240K)
[71.335s][info][gc             ] GC(264) Pause Young (Allocation Failure) 280M->7M(989M) 37.277ms
[71.336s][info][gc,cpu         ] GC(264) User=0.03s Sys=0.00s Real=0.04s
[71.600s][info][gc,start       ] GC(265) Pause Young (Allocation Failure)
[71.637s][info][gc,heap        ] GC(265) DefNew: 280240K(314560K)->623K(314560K) Eden: 279616K(279616K)->0K(279616K) From: 624K(34944K)->623K(34944K)
[71.637s][info][gc,heap        ] GC(265) Tenured: 7453K(699072K)->7495K(699072K)
[71.637s][info][gc,metaspace   ] GC(265) Metaspace: 14208K(15040K)->14208K(15040K) NonClass: 12265K(12800K)->12265K(12800K) Class: 1943K(2240K)->1943K(2240K)
[71.637s][info][gc             ] GC(265) Pause Young (Allocation Failure) 280M->7M(989M) 36.826ms
[71.637s][info][gc,cpu         ] GC(265) User=0.03s Sys=0.00s Real=0.04s
[72.000s][info][gc,start       ] GC(266) Pause Young (Allocation Failure)
[72.042s][info][gc,heap        ] GC(266) DefNew: 280239K(314560K)->624K(314560K) Eden: 279616K(279616K)->0K(279616K) From: 623K(34944K)->624K(34944K)
[72.042s][info][gc,heap        ] GC(266) Tenured: 7495K(699072K)->7536K(699072K)
[72.042s][info][gc,metaspace   ] GC(266) Metaspace: 14208K(15040K)->14208K(15040K) NonClass: 12265K(12800K)->12265K(12800K) Class: 1943K(2240K)->1943K(2240K)
[72.042s][info][gc             ] GC(266) Pause Young (Allocation Failure) 280M->7M(989M) 42.324ms
[72.042s][info][gc,cpu         ] GC(266) User=0.05s Sys=0.00s Real=0.04s
[72.315s][info][gc,start       ] GC(267) Pause Young (Allocation Failure)
[72.347s][info][gc,heap        ] GC(267) DefNew: 280240K(314560K)->622K(314560K) Eden: 279616K(279616K)->0K(279616K) From: 624K(34944K)->622K(34944K)
[72.347s][info][gc,heap        ] GC(267) Tenured: 7536K(699072K)->7580K(699072K)
[72.347s][info][gc,metaspace   ] GC(267) Metaspace: 14208K(15040K)->14208K(15040K) NonClass: 12265K(12800K)->12265K(12800K) Class: 1943K(2240K)->1943K(2240K)
[72.347s][info][gc             ] GC(267) Pause Young (Allocation Failure) 281M->8M(989M) 32.507ms
[72.347s][info][gc,cpu         ] GC(267) User=0.02s Sys=0.00s Real=0.03s
[72.621s][info][gc,start       ] GC(268) Pause Young (Allocation Failure)
[72.651s][info][gc,heap        ] GC(268) DefNew: 280238K(314560K)->621K(314560K) Eden: 279616K(279616K)->0K(279616K) From: 622K(34944K)->621K(34944K)
[72.651s][info][gc,heap        ] GC(268) Tenured: 7580K(699072K)->7621K(699072K)
[72.651s][info][gc,metaspace   ] GC(268) Metaspace: 14208K(15040K)->14208K(15040K) NonClass: 12265K(12800K)->12265K(12800K) Class: 1943K(2240K)->1943K(2240K)
[72.651s][info][gc             ] GC(268) Pause Young (Allocation Failure) 281M->8M(989M) 29.924ms
[72.651s][info][gc,cpu         ] GC(268) User=0.03s Sys=0.00s Real=0.03s
[72.913s][info][gc,start       ] GC(269) Pause Young (Allocation Failure)
[72.945s][info][gc,heap        ] GC(269) DefNew: 280237K(314560K)->619K(314560K) Eden: 279616K(279616K)->0K(279616K) From: 621K(34944K)->619K(34944K)
[72.945s][info][gc,heap        ] GC(269) Tenured: 7621K(699072K)->7666K(699072K)
[72.945s][info][gc,metaspace   ] GC(269) Metaspace: 14208K(15040K)->14208K(15040K) NonClass: 12265K(12800K)->12265K(12800K) Class: 1943K(2240K)->1943K(2240K)
[72.945s][info][gc             ] GC(269) Pause Young (Allocation Failure) 281M->8M(989M) 31.654ms
[72.945s][info][gc,cpu         ] GC(269) User=0.03s Sys=0.00s Real=0.03s
[73.203s][info][gc,start       ] GC(270) Pause Young (Allocation Failure)
[73.235s][info][gc,heap        ] GC(270) DefNew: 280235K(314560K)->619K(314560K) Eden: 279616K(279616K)->0K(279616K) From: 619K(34944K)->619K(34944K)
[73.235s][info][gc,heap        ] GC(270) Tenured: 7666K(699072K)->7708K(699072K)
[73.235s][info][gc,metaspace   ] GC(270) Metaspace: 14208K(15040K)->14208K(15040K) NonClass: 12265K(12800K)->12265K(12800K) Class: 1943K(2240K)->1943K(2240K)
[73.235s][info][gc             ] GC(270) Pause Young (Allocation Failure) 281M->8M(989M) 31.806ms
[73.235s][info][gc,cpu         ] GC(270) User=0.03s Sys=0.00s Real=0.03s
[73.498s][info][gc,start       ] GC(271) Pause Young (Allocation Failure)
[73.531s][info][gc,heap        ] GC(271) DefNew: 280235K(314560K)->622K(314560K) Eden: 279616K(279616K)->0K(279616K) From: 619K(34944K)->622K(34944K)
[73.531s][info][gc,heap        ] GC(271) Tenured: 7708K(699072K)->7750K(699072K)
[73.531s][info][gc,metaspace   ] GC(271) Metaspace: 14208K(15040K)->14208K(15040K) NonClass: 12265K(12800K)->12265K(12800K) Class: 1943K(2240K)->1943K(2240K)
[73.531s][info][gc             ] GC(271) Pause Young (Allocation Failure) 281M->8M(989M) 32.863ms
[73.531s][info][gc,cpu         ] GC(271) User=0.03s Sys=0.00s Real=0.02s
[73.793s][info][gc,start       ] GC(272) Pause Young (Allocation Failure)
[73.819s][info][gc,heap        ] GC(272) DefNew: 280238K(314560K)->622K(314560K) Eden: 279616K(279616K)->0K(279616K) From: 622K(34944K)->622K(34944K)
[73.820s][info][gc,heap        ] GC(272) Tenured: 7750K(699072K)->7791K(699072K)
[73.820s][info][gc,metaspace   ] GC(272) Metaspace: 14208K(15040K)->14208K(15040K) NonClass: 12265K(12800K)->12265K(12800K) Class: 1943K(2240K)->1943K(2240K)
[73.820s][info][gc             ] GC(272) Pause Young (Allocation Failure) 281M->8M(989M) 26.123ms
[73.820s][info][gc,cpu         ] GC(272) User=0.02s Sys=0.00s Real=0.02s
[74.075s][info][gc,start       ] GC(273) Pause Young (Allocation Failure)
[74.101s][info][gc,heap        ] GC(273) DefNew: 280238K(314560K)->623K(314560K) Eden: 279616K(279616K)->0K(279616K) From: 622K(34944K)->623K(34944K)
[74.101s][info][gc,heap        ] GC(273) Tenured: 7791K(699072K)->7829K(699072K)
[74.101s][info][gc,metaspace   ] GC(273) Metaspace: 14208K(15040K)->14208K(15040K) NonClass: 12265K(12800K)->12265K(12800K) Class: 1943K(2240K)->1943K(2240K)
[74.101s][info][gc             ] GC(273) Pause Young (Allocation Failure) 281M->8M(989M) 26.014ms
[74.101s][info][gc,cpu         ] GC(273) User=0.02s Sys=0.00s Real=0.02s
[74.359s][info][gc,start       ] GC(274) Pause Young (Allocation Failure)
[74.386s][info][gc,heap        ] GC(274) DefNew: 280239K(314560K)->620K(314560K) Eden: 279616K(279616K)->0K(279616K) From: 623K(34944K)->620K(34944K)
[74.386s][info][gc,heap        ] GC(274) Tenured: 7829K(699072K)->7871K(699072K)
[74.386s][info][gc,metaspace   ] GC(274) Metaspace: 14208K(15040K)->14208K(15040K) NonClass: 12265K(12800K)->12265K(12800K) Class: 1943K(2240K)->1943K(2240K)
[74.386s][info][gc             ] GC(274) Pause Young (Allocation Failure) 281M->8M(989M) 26.933ms
[74.386s][info][gc,cpu         ] GC(274) User=0.03s Sys=0.00s Real=0.02s
[74.642s][info][gc,start       ] GC(275) Pause Young (Allocation Failure)
[74.677s][info][gc,heap        ] GC(275) DefNew: 280236K(314560K)->615K(314560K) Eden: 279616K(279616K)->0K(279616K) From: 620K(34944K)->615K(34944K)
[74.677s][info][gc,heap        ] GC(275) Tenured: 7871K(699072K)->7909K(699072K)
[74.677s][info][gc,metaspace   ] GC(275) Metaspace: 14208K(15040K)->14208K(15040K) NonClass: 12265K(12800K)->12265K(12800K) Class: 1943K(2240K)->1943K(2240K)
[74.677s][info][gc             ] GC(275) Pause Young (Allocation Failure) 281M->8M(989M) 35.040ms
[74.677s][info][gc,cpu         ] GC(275) User=0.03s Sys=0.00s Real=0.02s
[74.941s][info][gc,start       ] GC(276) Pause Young (Allocation Failure)
[74.977s][info][gc,heap        ] GC(276) DefNew: 280231K(314560K)->617K(314560K) Eden: 279616K(279616K)->0K(279616K) From: 615K(34944K)->617K(34944K)
[74.977s][info][gc,heap        ] GC(276) Tenured: 7909K(699072K)->7951K(699072K)
[74.977s][info][gc,metaspace   ] GC(276) Metaspace: 14208K(15040K)->14208K(15040K) NonClass: 12265K(12800K)->12265K(12800K) Class: 1943K(2240K)->1943K(2240K)
[74.977s][info][gc             ] GC(276) Pause Young (Allocation Failure) 281M->8M(989M) 35.744ms
[74.977s][info][gc,cpu         ] GC(276) User=0.03s Sys=0.00s Real=0.03s
[75.241s][info][gc,start       ] GC(277) Pause Young (Allocation Failure)
[75.278s][info][gc,heap        ] GC(277) DefNew: 280233K(314560K)->622K(314560K) Eden: 279616K(279616K)->0K(279616K) From: 617K(34944K)->622K(34944K)
[75.278s][info][gc,heap        ] GC(277) Tenured: 7951K(699072K)->7989K(699072K)
[75.278s][info][gc,metaspace   ] GC(277) Metaspace: 14208K(15040K)->14208K(15040K) NonClass: 12265K(12800K)->12265K(12800K) Class: 1943K(2240K)->1943K(2240K)
[75.278s][info][gc             ] GC(277) Pause Young (Allocation Failure) 281M->8M(989M) 37.382ms
[75.278s][info][gc,cpu         ] GC(277) User=0.03s Sys=0.00s Real=0.04s
[75.542s][info][gc,start       ] GC(278) Pause Young (Allocation Failure)
[75.579s][info][gc,heap        ] GC(278) DefNew: 280238K(314560K)->625K(314560K) Eden: 279616K(279616K)->0K(279616K) From: 622K(34944K)->625K(34944K)
[75.579s][info][gc,heap        ] GC(278) Tenured: 7989K(699072K)->8030K(699072K)
[75.579s][info][gc,metaspace   ] GC(278) Metaspace: 14208K(15040K)->14208K(15040K) NonClass: 12265K(12800K)->12265K(12800K) Class: 1943K(2240K)->1943K(2240K)
[75.579s][info][gc             ] GC(278) Pause Young (Allocation Failure) 281M->8M(989M) 36.879ms
[75.579s][info][gc,cpu         ] GC(278) User=0.03s Sys=0.00s Real=0.03s
[75.921s][info][gc,start       ] GC(279) Pause Young (Allocation Failure)
[75.962s][info][gc,heap        ] GC(279) DefNew: 280241K(314560K)->625K(314560K) Eden: 279616K(279616K)->0K(279616K) From: 625K(34944K)->625K(34944K)
[75.962s][info][gc,heap        ] GC(279) Tenured: 8030K(699072K)->8069K(699072K)
[75.962s][info][gc,metaspace   ] GC(279) Metaspace: 14208K(15040K)->14208K(15040K) NonClass: 12265K(12800K)->12265K(12800K) Class: 1943K(2240K)->1943K(2240K)
[75.962s][info][gc             ] GC(279) Pause Young (Allocation Failure) 281M->8M(989M) 41.261ms
[75.962s][info][gc,cpu         ] GC(279) User=0.03s Sys=0.00s Real=0.03s
[76.235s][info][gc,start       ] GC(280) Pause Young (Allocation Failure)
[76.267s][info][gc,heap        ] GC(280) DefNew: 280241K(314560K)->623K(314560K) Eden: 279616K(279616K)->0K(279616K) From: 625K(34944K)->623K(34944K)
[76.267s][info][gc,heap        ] GC(280) Tenured: 8069K(699072K)->8110K(699072K)
[76.267s][info][gc,metaspace   ] GC(280) Metaspace: 14208K(15040K)->14208K(15040K) NonClass: 12265K(12800K)->12265K(12800K) Class: 1943K(2240K)->1943K(2240K)
[76.267s][info][gc             ] GC(280) Pause Young (Allocation Failure) 281M->8M(989M) 32.080ms
[76.267s][info][gc,cpu         ] GC(280) User=0.03s Sys=0.00s Real=0.02s
[76.527s][info][gc,start       ] GC(281) Pause Young (Allocation Failure)
[76.557s][info][gc,heap        ] GC(281) DefNew: 280239K(314560K)->619K(314560K) Eden: 279616K(279616K)->0K(279616K) From: 623K(34944K)->619K(34944K)
[76.557s][info][gc,heap        ] GC(281) Tenured: 8110K(699072K)->8152K(699072K)
[76.557s][info][gc,metaspace   ] GC(281) Metaspace: 14208K(15040K)->14208K(15040K) NonClass: 12265K(12800K)->12265K(12800K) Class: 1943K(2240K)->1943K(2240K)
[76.557s][info][gc             ] GC(281) Pause Young (Allocation Failure) 281M->8M(989M) 30.482ms
[76.557s][info][gc,cpu         ] GC(281) User=0.03s Sys=0.00s Real=0.02s
[76.830s][info][gc,start       ] GC(282) Pause Young (Allocation Failure)
[76.859s][info][gc,heap        ] GC(282) DefNew: 280235K(314560K)->620K(314560K) Eden: 279616K(279616K)->0K(279616K) From: 619K(34944K)->620K(34944K)
[76.859s][info][gc,heap        ] GC(282) Tenured: 8152K(699072K)->8193K(699072K)
[76.859s][info][gc,metaspace   ] GC(282) Metaspace: 14208K(15040K)->14208K(15040K) NonClass: 12265K(12800K)->12265K(12800K) Class: 1943K(2240K)->1943K(2240K)
[76.859s][info][gc             ] GC(282) Pause Young (Allocation Failure) 281M->8M(989M) 29.829ms
[76.860s][info][gc,cpu         ] GC(282) User=0.02s Sys=0.00s Real=0.03s
[77.121s][info][gc,start       ] GC(283) Pause Young (Allocation Failure)
[77.153s][info][gc,heap        ] GC(283) DefNew: 280236K(314560K)->621K(314560K) Eden: 279616K(279616K)->0K(279616K) From: 620K(34944K)->621K(34944K)
[77.153s][info][gc,heap        ] GC(283) Tenured: 8193K(699072K)->8235K(699072K)
[77.153s][info][gc,metaspace   ] GC(283) Metaspace: 14208K(15040K)->14208K(15040K) NonClass: 12265K(12800K)->12265K(12800K) Class: 1943K(2240K)->1943K(2240K)
[77.153s][info][gc             ] GC(283) Pause Young (Allocation Failure) 281M->8M(989M) 32.502ms
[77.153s][info][gc,cpu         ] GC(283) User=0.03s Sys=0.00s Real=0.03s
[77.414s][info][gc,start       ] GC(284) Pause Young (Allocation Failure)
[77.440s][info][gc,heap        ] GC(284) DefNew: 280237K(314560K)->621K(314560K) Eden: 279616K(279616K)->0K(279616K) From: 621K(34944K)->621K(34944K)
[77.440s][info][gc,heap        ] GC(284) Tenured: 8235K(699072K)->8277K(699072K)
[77.440s][info][gc,metaspace   ] GC(284) Metaspace: 14208K(15040K)->14208K(15040K) NonClass: 12265K(12800K)->12265K(12800K) Class: 1943K(2240K)->1943K(2240K)
[77.440s][info][gc             ] GC(284) Pause Young (Allocation Failure) 281M->8M(989M) 26.680ms
[77.440s][info][gc,cpu         ] GC(284) User=0.03s Sys=0.00s Real=0.03s
[77.701s][info][gc,start       ] GC(285) Pause Young (Allocation Failure)
[77.734s][info][gc,heap        ] GC(285) DefNew: 280237K(314560K)->618K(314560K) Eden: 279616K(279616K)->0K(279616K) From: 621K(34944K)->618K(34944K)
[77.734s][info][gc,heap        ] GC(285) Tenured: 8277K(699072K)->8318K(699072K)
[77.734s][info][gc,metaspace   ] GC(285) Metaspace: 14208K(15040K)->14208K(15040K) NonClass: 12265K(12800K)->12265K(12800K) Class: 1943K(2240K)->1943K(2240K)
[77.734s][info][gc             ] GC(285) Pause Young (Allocation Failure) 281M->8M(989M) 32.929ms
[77.734s][info][gc,cpu         ] GC(285) User=0.03s Sys=0.00s Real=0.03s
[77.992s][info][gc,start       ] GC(286) Pause Young (Allocation Failure)
[78.025s][info][gc,heap        ] GC(286) DefNew: 280234K(314560K)->610K(314560K) Eden: 279616K(279616K)->0K(279616K) From: 618K(34944K)->610K(34944K)
[78.026s][info][gc,heap        ] GC(286) Tenured: 8318K(699072K)->8364K(699072K)
[78.026s][info][gc,metaspace   ] GC(286) Metaspace: 14208K(15040K)->14208K(15040K) NonClass: 12265K(12800K)->12265K(12800K) Class: 1943K(2240K)->1943K(2240K)
[78.026s][info][gc             ] GC(286) Pause Young (Allocation Failure) 281M->8M(989M) 33.526ms
[78.026s][info][gc,cpu         ] GC(286) User=0.03s Sys=0.00s Real=0.03s
[78.286s][info][gc,start       ] GC(287) Pause Young (Allocation Failure)
[78.321s][info][gc,heap        ] GC(287) DefNew: 280226K(314560K)->610K(314560K) Eden: 279616K(279616K)->0K(279616K) From: 610K(34944K)->610K(34944K)
[78.321s][info][gc,heap        ] GC(287) Tenured: 8364K(699072K)->8405K(699072K)
[78.321s][info][gc,metaspace   ] GC(287) Metaspace: 14208K(15040K)->14208K(15040K) NonClass: 12265K(12800K)->12265K(12800K) Class: 1943K(2240K)->1943K(2240K)
[78.321s][info][gc             ] GC(287) Pause Young (Allocation Failure) 281M->8M(989M) 35.238ms
[78.321s][info][gc,cpu         ] GC(287) User=0.03s Sys=0.00s Real=0.03s
[78.584s][info][gc,start       ] GC(288) Pause Young (Allocation Failure)
[78.619s][info][gc,heap        ] GC(288) DefNew: 280226K(314560K)->613K(314560K) Eden: 279616K(279616K)->0K(279616K) From: 610K(34944K)->613K(34944K)
[78.620s][info][gc,heap        ] GC(288) Tenured: 8405K(699072K)->8444K(699072K)
[78.620s][info][gc,metaspace   ] GC(288) Metaspace: 14208K(15040K)->14208K(15040K) NonClass: 12265K(12800K)->12265K(12800K) Class: 1943K(2240K)->1943K(2240K)
[78.620s][info][gc             ] GC(288) Pause Young (Allocation Failure) 281M->8M(989M) 35.904ms
[78.620s][info][gc,cpu         ] GC(288) User=0.03s Sys=0.00s Real=0.04s
[78.878s][info][gc,start       ] GC(289) Pause Young (Allocation Failure)
[78.916s][info][gc,heap        ] GC(289) DefNew: 280229K(314560K)->611K(314560K) Eden: 279616K(279616K)->0K(279616K) From: 613K(34944K)->611K(34944K)
[78.916s][info][gc,heap        ] GC(289) Tenured: 8444K(699072K)->8482K(699072K)
[78.916s][info][gc,metaspace   ] GC(289) Metaspace: 14208K(15040K)->14208K(15040K) NonClass: 12265K(12800K)->12265K(12800K) Class: 1943K(2240K)->1943K(2240K)
[78.916s][info][gc             ] GC(289) Pause Young (Allocation Failure) 281M->8M(989M) 37.968ms
[78.916s][info][gc,cpu         ] GC(289) User=0.03s Sys=0.00s Real=0.03s
[79.177s][info][gc,start       ] GC(290) Pause Young (Allocation Failure)
[79.208s][info][gc,heap        ] GC(290) DefNew: 280227K(314560K)->617K(314560K) Eden: 279615K(279616K)->0K(279616K) From: 611K(34944K)->617K(34944K)
[79.208s][info][gc,heap        ] GC(290) Tenured: 8482K(699072K)->8518K(699072K)
[79.208s][info][gc,metaspace   ] GC(290) Metaspace: 14208K(15040K)->14208K(15040K) NonClass: 12265K(12800K)->12265K(12800K) Class: 1943K(2240K)->1943K(2240K)
[79.208s][info][gc             ] GC(290) Pause Young (Allocation Failure) 281M->8M(989M) 30.940ms
[79.208s][info][gc,cpu         ] GC(290) User=0.03s Sys=0.00s Real=0.03s
[79.433s][info][gc,start       ] GC(291) Pause Young (Allocation Failure)
[79.464s][info][gc,heap        ] GC(291) DefNew: 280233K(314560K)->610K(314560K) Eden: 279616K(279616K)->0K(279616K) From: 617K(34944K)->610K(34944K)
[79.464s][info][gc,heap        ] GC(291) Tenured: 8518K(699072K)->8559K(699072K)
[79.464s][info][gc,metaspace   ] GC(291) Metaspace: 14208K(15040K)->14208K(15040K) NonClass: 12265K(12800K)->12265K(12800K) Class: 1943K(2240K)->1943K(2240K)
[79.464s][info][gc             ] GC(291) Pause Young (Allocation Failure) 281M->8M(989M) 30.531ms
[79.464s][info][gc,cpu         ] GC(291) User=0.03s Sys=0.00s Real=0.03s
[79.662s][info][gc,start       ] GC(292) Pause Young (Allocation Failure)
[79.693s][info][gc,heap        ] GC(292) DefNew: 280226K(314560K)->594K(314560K) Eden: 279616K(279616K)->0K(279616K) From: 610K(34944K)->594K(34944K)
[79.693s][info][gc,heap        ] GC(292) Tenured: 8559K(699072K)->8603K(699072K)
[79.693s][info][gc,metaspace   ] GC(292) Metaspace: 14208K(15040K)->14208K(15040K) NonClass: 12265K(12800K)->12265K(12800K) Class: 1943K(2240K)->1943K(2240K)
[79.693s][info][gc             ] GC(292) Pause Young (Allocation Failure) 282M->8M(989M) 31.052ms
[79.693s][info][gc,cpu         ] GC(292) User=0.02s Sys=0.00s Real=0.02s
[79.978s][info][gc,start       ] GC(293) Pause Young (Allocation Failure)
[80.008s][info][gc,heap        ] GC(293) DefNew: 280210K(314560K)->593K(314560K) Eden: 279616K(279616K)->0K(279616K) From: 594K(34944K)->593K(34944K)
[80.008s][info][gc,heap        ] GC(293) Tenured: 8603K(699072K)->8648K(699072K)
[80.008s][info][gc,metaspace   ] GC(293) Metaspace: 14208K(15040K)->14208K(15040K) NonClass: 12265K(12800K)->12265K(12800K) Class: 1943K(2240K)->1943K(2240K)
[80.008s][info][gc             ] GC(293) Pause Young (Allocation Failure) 282M->9M(989M) 30.325ms
[80.008s][info][gc,cpu         ] GC(293) User=0.03s Sys=0.00s Real=0.03s
[80.079s][info][gc,start       ] GC(294) Pause Full (System.gc())
[80.079s][info][gc,phases,start] GC(294) Phase 1: Mark live objects
[80.106s][info][gc,phases      ] GC(294) Phase 1: Mark live objects 27.074ms
[80.106s][info][gc,phases,start] GC(294) Phase 2: Compute new object addresses
[80.114s][info][gc,phases      ] GC(294) Phase 2: Compute new object addresses 7.545ms
[80.114s][info][gc,phases,start] GC(294) Phase 3: Adjust pointers
[80.129s][info][gc,phases      ] GC(294) Phase 3: Adjust pointers 15.082ms
[80.129s][info][gc,phases,start] GC(294) Phase 4: Move objects
[80.129s][info][gc,phases      ] GC(294) Phase 4: Move objects 0.012ms
[80.129s][info][gc,heap        ] GC(294) DefNew: 25659K(314560K)->0K(314560K) Eden: 25066K(279616K)->0K(279616K) From: 593K(34944K)->0K(34944K)
[80.129s][info][gc,heap        ] GC(294) Tenured: 8648K(699072K)->8648K(699072K)
[80.129s][info][gc,metaspace   ] GC(294) Metaspace: 14208K(15040K)->14208K(15040K) NonClass: 12265K(12800K)->12265K(12800K) Class: 1943K(2240K)->1943K(2240K)
[80.129s][info][gc             ] GC(294) Pause Full (System.gc()) 33M->8M(989M) 50.080ms
[80.129s][info][gc,cpu         ] GC(294) User=0.05s Sys=0.00s Real=0.05s
[80.357s][info][gc,start       ] GC(295) Pause Young (Allocation Failure)
[80.384s][info][gc,heap        ] GC(295) DefNew: 279616K(314560K)->1495K(314560K) Eden: 279616K(279616K)->0K(279616K) From: 0K(34944K)->1495K(34944K)
[80.384s][info][gc,heap        ] GC(295) Tenured: 8648K(699072K)->8648K(699072K)
[80.384s][info][gc,metaspace   ] GC(295) Metaspace: 14225K(15040K)->14225K(15040K) NonClass: 12282K(12800K)->12282K(12800K) Class: 1943K(2240K)->1943K(2240K)
[80.384s][info][gc             ] GC(295) Pause Young (Allocation Failure) 281M->9M(989M) 26.913ms
[80.384s][info][gc,cpu         ] GC(295) User=0.03s Sys=0.00s Real=0.03s
[80.635s][info][gc,start       ] GC(296) Pause Young (Allocation Failure)
[80.662s][info][gc,heap        ] GC(296) DefNew: 281111K(314560K)->1533K(314560K) Eden: 279616K(279616K)->0K(279616K) From: 1495K(34944K)->1533K(34944K)
[80.662s][info][gc,heap        ] GC(296) Tenured: 8648K(699072K)->8648K(699072K)
[80.662s][info][gc,metaspace   ] GC(296) Metaspace: 14225K(15040K)->14225K(15040K) NonClass: 12282K(12800K)->12282K(12800K) Class: 1943K(2240K)->1943K(2240K)
[80.662s][info][gc             ] GC(296) Pause Young (Allocation Failure) 282M->9M(989M) 26.970ms
[80.662s][info][gc,cpu         ] GC(296) User=0.03s Sys=0.00s Real=0.02s
[80.910s][info][gc,start       ] GC(297) Pause Young (Allocation Failure)
[80.936s][info][gc,heap        ] GC(297) DefNew: 281149K(314560K)->1573K(314560K) Eden: 279616K(279616K)->0K(279616K) From: 1533K(34944K)->1573K(34944K)
[80.936s][info][gc,heap        ] GC(297) Tenured: 8648K(699072K)->8648K(699072K)
[80.936s][info][gc,metaspace   ] GC(297) Metaspace: 14225K(15040K)->14225K(15040K) NonClass: 12282K(12800K)->12282K(12800K) Class: 1943K(2240K)->1943K(2240K)
[80.936s][info][gc             ] GC(297) Pause Young (Allocation Failure) 283M->9M(989M) 25.920ms
[80.936s][info][gc,cpu         ] GC(297) User=0.02s Sys=0.00s Real=0.03s
[81.194s][info][gc,start       ] GC(298) Pause Young (Allocation Failure)
[81.228s][info][gc,heap        ] GC(298) DefNew: 281189K(314560K)->1611K(314560K) Eden: 279616K(279616K)->0K(279616K) From: 1573K(34944K)->1611K(34944K)
[81.228s][info][gc,heap        ] GC(298) Tenured: 8648K(699072K)->8648K(699072K)
[81.228s][info][gc,metaspace   ] GC(298) Metaspace: 14225K(15040K)->14225K(15040K) NonClass: 12282K(12800K)->12282K(12800K) Class: 1943K(2240K)->1943K(2240K)
[81.228s][info][gc             ] GC(298) Pause Young (Allocation Failure) 283M->10M(989M) 34.201ms
[81.228s][info][gc,cpu         ] GC(298) User=0.02s Sys=0.00s Real=0.02s
[81.484s][info][gc,start       ] GC(299) Pause Young (Allocation Failure)
[81.519s][info][gc,heap        ] GC(299) DefNew: 281227K(314560K)->1652K(314560K) Eden: 279616K(279616K)->0K(279616K) From: 1611K(34944K)->1652K(34944K)
[81.519s][info][gc,heap        ] GC(299) Tenured: 8648K(699072K)->8648K(699072K)
[81.519s][info][gc,metaspace   ] GC(299) Metaspace: 14225K(15040K)->14225K(15040K) NonClass: 12282K(12800K)->12282K(12800K) Class: 1943K(2240K)->1943K(2240K)
[81.519s][info][gc             ] GC(299) Pause Young (Allocation Failure) 283M->10M(989M) 34.470ms
[81.519s][info][gc,cpu         ] GC(299) User=0.03s Sys=0.02s Real=0.04s
[81.786s][info][gc,start       ] GC(300) Pause Young (Allocation Failure)
[81.823s][info][gc,heap        ] GC(300) DefNew: 281268K(314560K)->1694K(314560K) Eden: 279616K(279616K)->0K(279616K) From: 1652K(34944K)->1694K(34944K)
[81.823s][info][gc,heap        ] GC(300) Tenured: 8648K(699072K)->8648K(699072K)
[81.823s][info][gc,metaspace   ] GC(300) Metaspace: 14225K(15040K)->14225K(15040K) NonClass: 12282K(12800K)->12282K(12800K) Class: 1943K(2240K)->1943K(2240K)
[81.823s][info][gc             ] GC(300) Pause Young (Allocation Failure) 283M->10M(989M) 36.431ms
[81.823s][info][gc,cpu         ] GC(300) User=0.03s Sys=0.00s Real=0.03s
[82.088s][info][gc,start       ] GC(301) Pause Young (Allocation Failure)
[82.124s][info][gc,heap        ] GC(301) DefNew: 281310K(314560K)->1735K(314560K) Eden: 279616K(279616K)->0K(279616K) From: 1694K(34944K)->1735K(34944K)
[82.124s][info][gc,heap        ] GC(301) Tenured: 8648K(699072K)->8648K(699072K)
[82.124s][info][gc,metaspace   ] GC(301) Metaspace: 14225K(15040K)->14225K(15040K) NonClass: 12282K(12800K)->12282K(12800K) Class: 1943K(2240K)->1943K(2240K)
[82.124s][info][gc             ] GC(301) Pause Young (Allocation Failure) 283M->10M(989M) 36.603ms
[82.124s][info][gc,cpu         ] GC(301) User=0.03s Sys=0.00s Real=0.04s
[82.386s][info][gc,start       ] GC(302) Pause Young (Allocation Failure)
[82.422s][info][gc,heap        ] GC(302) DefNew: 281351K(314560K)->1778K(314560K) Eden: 279616K(279616K)->0K(279616K) From: 1735K(34944K)->1778K(34944K)
[82.422s][info][gc,heap        ] GC(302) Tenured: 8648K(699072K)->8648K(699072K)
[82.422s][info][gc,metaspace   ] GC(302) Metaspace: 14225K(15040K)->14225K(15040K) NonClass: 12282K(12800K)->12282K(12800K) Class: 1943K(2240K)->1943K(2240K)
[82.422s][info][gc             ] GC(302) Pause Young (Allocation Failure) 283M->10M(989M) 36.260ms
[82.422s][info][gc,cpu         ] GC(302) User=0.03s Sys=0.00s Real=0.04s
[82.684s][info][gc,start       ] GC(303) Pause Young (Allocation Failure)
[82.721s][info][gc,heap        ] GC(303) DefNew: 281394K(314560K)->1816K(314560K) Eden: 279616K(279616K)->0K(279616K) From: 1778K(34944K)->1816K(34944K)
[82.721s][info][gc,heap        ] GC(303) Tenured: 8648K(699072K)->8648K(699072K)
[82.721s][info][gc,metaspace   ] GC(303) Metaspace: 14225K(15040K)->14225K(15040K) NonClass: 12282K(12800K)->12282K(12800K) Class: 1943K(2240K)->1943K(2240K)
[82.721s][info][gc             ] GC(303) Pause Young (Allocation Failure) 283M->10M(989M) 37.793ms
[82.722s][info][gc,cpu         ] GC(303) User=0.03s Sys=0.00s Real=0.03s
[82.986s][info][gc,start       ] GC(304) Pause Young (Allocation Failure)
[83.025s][info][gc,heap        ] GC(304) DefNew: 281432K(314560K)->1857K(314560K) Eden: 279616K(279616K)->0K(279616K) From: 1816K(34944K)->1857K(34944K)
[83.025s][info][gc,heap        ] GC(304) Tenured: 8648K(699072K)->8648K(699072K)
[83.025s][info][gc,metaspace   ] GC(304) Metaspace: 14225K(15040K)->14225K(15040K) NonClass: 12282K(12800K)->12282K(12800K) Class: 1943K(2240K)->1943K(2240K)
[83.025s][info][gc             ] GC(304) Pause Young (Allocation Failure) 283M->10M(989M) 38.568ms
[83.025s][info][gc,cpu         ] GC(304) User=0.02s Sys=0.00s Real=0.02s
[83.284s][info][gc,start       ] GC(305) Pause Young (Allocation Failure)
[83.324s][info][gc,heap        ] GC(305) DefNew: 281473K(314560K)->1895K(314560K) Eden: 279616K(279616K)->0K(279616K) From: 1857K(34944K)->1895K(34944K)
[83.329s][info][gc,heap        ] GC(305) Tenured: 8648K(699072K)->8648K(699072K)
[83.329s][info][gc,metaspace   ] GC(305) Metaspace: 14225K(15040K)->14225K(15040K) NonClass: 12282K(12800K)->12282K(12800K) Class: 1943K(2240K)->1943K(2240K)
[83.329s][info][gc             ] GC(305) Pause Young (Allocation Failure) 283M->10M(989M) 45.328ms
[83.329s][info][gc,cpu         ] GC(305) User=0.03s Sys=0.00s Real=0.03s
[83.595s][info][gc,start       ] GC(306) Pause Young (Allocation Failure)
[83.633s][info][gc,heap        ] GC(306) DefNew: 281511K(314560K)->1937K(314560K) Eden: 279616K(279616K)->0K(279616K) From: 1895K(34944K)->1937K(34944K)
[83.633s][info][gc,heap        ] GC(306) Tenured: 8648K(699072K)->8648K(699072K)
[83.633s][info][gc,metaspace   ] GC(306) Metaspace: 14225K(15040K)->14225K(15040K) NonClass: 12282K(12800K)->12282K(12800K) Class: 1943K(2240K)->1943K(2240K)
[83.633s][info][gc             ] GC(306) Pause Young (Allocation Failure) 283M->10M(989M) 38.065ms
[83.633s][info][gc,cpu         ] GC(306) User=0.02s Sys=0.00s Real=0.03s
[83.906s][info][gc,start       ] GC(307) Pause Young (Allocation Failure)
[83.940s][info][gc,heap        ] GC(307) DefNew: 281553K(314560K)->1978K(314560K) Eden: 279616K(279616K)->0K(279616K) From: 1937K(34944K)->1978K(34944K)
[83.940s][info][gc,heap        ] GC(307) Tenured: 8648K(699072K)->8648K(699072K)
[83.940s][info][gc,metaspace   ] GC(307) Metaspace: 14225K(15040K)->14225K(15040K) NonClass: 12282K(12800K)->12282K(12800K) Class: 1943K(2240K)->1943K(2240K)
[83.940s][info][gc             ] GC(307) Pause Young (Allocation Failure) 283M->10M(989M) 33.378ms
[83.940s][info][gc,cpu         ] GC(307) User=0.03s Sys=0.00s Real=0.02s
[84.215s][info][gc,start       ] GC(308) Pause Young (Allocation Failure)
[84.247s][info][gc,heap        ] GC(308) DefNew: 281594K(314560K)->2020K(314560K) Eden: 279616K(279616K)->0K(279616K) From: 1978K(34944K)->2020K(34944K)
[84.247s][info][gc,heap        ] GC(308) Tenured: 8648K(699072K)->8648K(699072K)
[84.247s][info][gc,metaspace   ] GC(308) Metaspace: 14225K(15040K)->14225K(15040K) NonClass: 12282K(12800K)->12282K(12800K) Class: 1943K(2240K)->1943K(2240K)
[84.247s][info][gc             ] GC(308) Pause Young (Allocation Failure) 283M->10M(989M) 31.699ms
[84.247s][info][gc,cpu         ] GC(308) User=0.02s Sys=0.00s Real=0.02s
[84.513s][info][gc,start       ] GC(309) Pause Young (Allocation Failure)
[84.540s][info][gc,heap        ] GC(309) DefNew: 281636K(314560K)->2062K(314560K) Eden: 279616K(279616K)->0K(279616K) From: 2020K(34944K)->2062K(34944K)
[84.540s][info][gc,heap        ] GC(309) Tenured: 8648K(699072K)->8648K(699072K)
[84.540s][info][gc,metaspace   ] GC(309) Metaspace: 14225K(15040K)->14225K(15040K) NonClass: 12282K(12800K)->12282K(12800K) Class: 1943K(2240K)->1943K(2240K)
[84.540s][info][gc             ] GC(309) Pause Young (Allocation Failure) 283M->10M(989M) 27.117ms
[84.540s][info][gc,cpu         ] GC(309) User=0.03s Sys=0.00s Real=0.03s
[84.794s][info][gc,start       ] GC(310) Pause Young (Allocation Failure)
[84.829s][info][gc,heap        ] GC(310) DefNew: 281678K(314560K)->615K(314560K) Eden: 279616K(279616K)->0K(279616K) From: 2062K(34944K)->615K(34944K)
[84.829s][info][gc,heap        ] GC(310) Tenured: 8648K(699072K)->10135K(699072K)
[84.829s][info][gc,metaspace   ] GC(310) Metaspace: 14225K(15040K)->14225K(15040K) NonClass: 12282K(12800K)->12282K(12800K) Class: 1943K(2240K)->1943K(2240K)
[84.829s][info][gc             ] GC(310) Pause Young (Allocation Failure) 283M->10M(989M) 35.068ms
[84.829s][info][gc,cpu         ] GC(310) User=0.03s Sys=0.00s Real=0.03s
[85.097s][info][gc,start       ] GC(311) Pause Young (Allocation Failure)
[85.131s][info][gc,heap        ] GC(311) DefNew: 280231K(314560K)->616K(314560K) Eden: 279616K(279616K)->0K(279616K) From: 615K(34944K)->616K(34944K)
[85.131s][info][gc,heap        ] GC(311) Tenured: 10135K(699072K)->10173K(699072K)
[85.132s][info][gc,metaspace   ] GC(311) Metaspace: 14225K(15040K)->14225K(15040K) NonClass: 12282K(12800K)->12282K(12800K) Class: 1943K(2240K)->1943K(2240K)
[85.132s][info][gc             ] GC(311) Pause Young (Allocation Failure) 283M->10M(989M) 34.809ms
[85.132s][info][gc,cpu         ] GC(311) User=0.02s Sys=0.00s Real=0.03s
[85.401s][info][gc,start       ] GC(312) Pause Young (Allocation Failure)
[85.435s][info][gc,heap        ] GC(312) DefNew: 280232K(314560K)->620K(314560K) Eden: 279616K(279616K)->0K(279616K) From: 616K(34944K)->620K(34944K)
[85.435s][info][gc,heap        ] GC(312) Tenured: 10173K(699072K)->10212K(699072K)
[85.435s][info][gc,metaspace   ] GC(312) Metaspace: 14225K(15040K)->14225K(15040K) NonClass: 12282K(12800K)->12282K(12800K) Class: 1943K(2240K)->1943K(2240K)
[85.435s][info][gc             ] GC(312) Pause Young (Allocation Failure) 283M->10M(989M) 34.087ms
[85.435s][info][gc,cpu         ] GC(312) User=0.03s Sys=0.00s Real=0.03s
[85.701s][info][gc,start       ] GC(313) Pause Young (Allocation Failure)
[85.737s][info][gc,heap        ] GC(313) DefNew: 280236K(314560K)->620K(314560K) Eden: 279616K(279616K)->0K(279616K) From: 620K(34944K)->620K(34944K)
[85.737s][info][gc,heap        ] GC(313) Tenured: 10212K(699072K)->10250K(699072K)
[85.737s][info][gc,metaspace   ] GC(313) Metaspace: 14225K(15040K)->14225K(15040K) NonClass: 12282K(12800K)->12282K(12800K) Class: 1943K(2240K)->1943K(2240K)
[85.737s][info][gc             ] GC(313) Pause Young (Allocation Failure) 283M->10M(989M) 36.150ms
[85.737s][info][gc,cpu         ] GC(313) User=0.05s Sys=0.00s Real=0.04s
[86.005s][info][gc,start       ] GC(314) Pause Young (Allocation Failure)
[86.033s][info][gc,heap        ] GC(314) DefNew: 280236K(314560K)->620K(314560K) Eden: 279616K(279616K)->0K(279616K) From: 620K(34944K)->620K(34944K)
[86.033s][info][gc,heap        ] GC(314) Tenured: 10250K(699072K)->10292K(699072K)
[86.033s][info][gc,metaspace   ] GC(314) Metaspace: 14225K(15040K)->14225K(15040K) NonClass: 12282K(12800K)->12282K(12800K) Class: 1943K(2240K)->1943K(2240K)
[86.033s][info][gc             ] GC(314) Pause Young (Allocation Failure) 283M->10M(989M) 28.114ms
[86.033s][info][gc,cpu         ] GC(314) User=0.02s Sys=0.00s Real=0.02s
[86.299s][info][gc,start       ] GC(315) Pause Young (Allocation Failure)
[86.327s][info][gc,heap        ] GC(315) DefNew: 280236K(314560K)->620K(314560K) Eden: 279616K(279616K)->0K(279616K) From: 620K(34944K)->620K(34944K)
[86.327s][info][gc,heap        ] GC(315) Tenured: 10292K(699072K)->10333K(699072K)
[86.327s][info][gc,metaspace   ] GC(315) Metaspace: 14225K(15040K)->14225K(15040K) NonClass: 12282K(12800K)->12282K(12800K) Class: 1943K(2240K)->1943K(2240K)
[86.328s][info][gc             ] GC(315) Pause Young (Allocation Failure) 283M->10M(989M) 28.568ms
[86.328s][info][gc,cpu         ] GC(315) User=0.02s Sys=0.00s Real=0.02s
[86.592s][info][gc,start       ] GC(316) Pause Young (Allocation Failure)
[86.621s][info][gc,heap        ] GC(316) DefNew: 280236K(314560K)->623K(314560K) Eden: 279616K(279616K)->0K(279616K) From: 620K(34944K)->623K(34944K)
[86.621s][info][gc,heap        ] GC(316) Tenured: 10333K(699072K)->10375K(699072K)
[86.621s][info][gc,metaspace   ] GC(316) Metaspace: 14225K(15040K)->14225K(15040K) NonClass: 12282K(12800K)->12282K(12800K) Class: 1943K(2240K)->1943K(2240K)
[86.621s][info][gc             ] GC(316) Pause Young (Allocation Failure) 283M->10M(989M) 29.255ms
[86.621s][info][gc,cpu         ] GC(316) User=0.03s Sys=0.00s Real=0.03s
[86.887s][info][gc,start       ] GC(317) Pause Young (Allocation Failure)
[86.916s][info][gc,heap        ] GC(317) DefNew: 280239K(314560K)->623K(314560K) Eden: 279616K(279616K)->0K(279616K) From: 623K(34944K)->623K(34944K)
[86.916s][info][gc,heap        ] GC(317) Tenured: 10375K(699072K)->10416K(699072K)
[86.916s][info][gc,metaspace   ] GC(317) Metaspace: 14225K(15040K)->14225K(15040K) NonClass: 12282K(12800K)->12282K(12800K) Class: 1943K(2240K)->1943K(2240K)
[86.916s][info][gc             ] GC(317) Pause Young (Allocation Failure) 283M->10M(989M) 29.528ms
[86.916s][info][gc,cpu         ] GC(317) User=0.03s Sys=0.00s Real=0.03s
[87.184s][info][gc,start       ] GC(318) Pause Young (Allocation Failure)
[87.214s][info][gc,heap        ] GC(318) DefNew: 280239K(314560K)->626K(314560K) Eden: 279616K(279616K)->0K(279616K) From: 623K(34944K)->626K(34944K)
[87.214s][info][gc,heap        ] GC(318) Tenured: 10416K(699072K)->10455K(699072K)
[87.214s][info][gc,metaspace   ] GC(318) Metaspace: 14225K(15040K)->14225K(15040K) NonClass: 12282K(12800K)->12282K(12800K) Class: 1943K(2240K)->1943K(2240K)
[87.214s][info][gc             ] GC(318) Pause Young (Allocation Failure) 283M->10M(989M) 29.944ms
[87.214s][info][gc,cpu         ] GC(318) User=0.02s Sys=0.00s Real=0.01s
[87.483s][info][gc,start       ] GC(319) Pause Young (Allocation Failure)
[87.513s][info][gc,heap        ] GC(319) DefNew: 280242K(314560K)->625K(314560K) Eden: 279616K(279616K)->0K(279616K) From: 626K(34944K)->625K(34944K)
[87.513s][info][gc,heap        ] GC(319) Tenured: 10455K(699072K)->10496K(699072K)
[87.513s][info][gc,metaspace   ] GC(319) Metaspace: 14225K(15040K)->14225K(15040K) NonClass: 12282K(12800K)->12282K(12800K) Class: 1943K(2240K)->1943K(2240K)
[87.513s][info][gc             ] GC(319) Pause Young (Allocation Failure) 283M->10M(989M) 30.367ms
[87.513s][info][gc,cpu         ] GC(319) User=0.03s Sys=0.00s Real=0.03s
[87.788s][info][gc,start       ] GC(320) Pause Young (Allocation Failure)
[87.816s][info][gc,heap        ] GC(320) DefNew: 280241K(314560K)->628K(314560K) Eden: 279616K(279616K)->0K(279616K) From: 625K(34944K)->628K(34944K)
[87.816s][info][gc,heap        ] GC(320) Tenured: 10496K(699072K)->10535K(699072K)
[87.816s][info][gc,metaspace   ] GC(320) Metaspace: 14225K(15040K)->14225K(15040K) NonClass: 12282K(12800K)->12282K(12800K) Class: 1943K(2240K)->1943K(2240K)
[87.816s][info][gc             ] GC(320) Pause Young (Allocation Failure) 283M->10M(989M) 28.032ms
[87.816s][info][gc,cpu         ] GC(320) User=0.02s Sys=0.00s Real=0.02s
[88.091s][info][gc,start       ] GC(321) Pause Young (Allocation Failure)
[88.117s][info][gc,heap        ] GC(321) DefNew: 280244K(314560K)->631K(314560K) Eden: 279616K(279616K)->0K(279616K) From: 628K(34944K)->631K(34944K)
[88.117s][info][gc,heap        ] GC(321) Tenured: 10535K(699072K)->10576K(699072K)
[88.117s][info][gc,metaspace   ] GC(321) Metaspace: 14225K(15040K)->14225K(15040K) NonClass: 12282K(12800K)->12282K(12800K) Class: 1943K(2240K)->1943K(2240K)
[88.117s][info][gc             ] GC(321) Pause Young (Allocation Failure) 283M->10M(989M) 26.060ms
[88.117s][info][gc,cpu         ] GC(321) User=0.03s Sys=0.00s Real=0.02s
[88.400s][info][gc,start       ] GC(322) Pause Young (Allocation Failure)
[88.433s][info][gc,heap        ] GC(322) DefNew: 280247K(314560K)->634K(314560K) Eden: 279616K(279616K)->0K(279616K) From: 631K(34944K)->634K(34944K)
[88.433s][info][gc,heap        ] GC(322) Tenured: 10576K(699072K)->10617K(699072K)
[88.433s][info][gc,metaspace   ] GC(322) Metaspace: 14225K(15040K)->14225K(15040K) NonClass: 12282K(12800K)->12282K(12800K) Class: 1943K(2240K)->1943K(2240K)
[88.433s][info][gc             ] GC(322) Pause Young (Allocation Failure) 284M->10M(989M) 32.223ms
[88.433s][info][gc,cpu         ] GC(322) User=0.02s Sys=0.00s Real=0.02s
[88.700s][info][gc,start       ] GC(323) Pause Young (Allocation Failure)
[88.734s][info][gc,heap        ] GC(323) DefNew: 280250K(314560K)->635K(314560K) Eden: 279616K(279616K)->0K(279616K) From: 634K(34944K)->635K(34944K)
[88.734s][info][gc,heap        ] GC(323) Tenured: 10617K(699072K)->10659K(699072K)
[88.734s][info][gc,metaspace   ] GC(323) Metaspace: 14225K(15040K)->14225K(15040K) NonClass: 12282K(12800K)->12282K(12800K) Class: 1943K(2240K)->1943K(2240K)
[88.734s][info][gc             ] GC(323) Pause Young (Allocation Failure) 284M->11M(989M) 34.011ms
[88.734s][info][gc,cpu         ] GC(323) User=0.03s Sys=0.00s Real=0.03s
[89.001s][info][gc,start       ] GC(324) Pause Young (Allocation Failure)
[89.036s][info][gc,heap        ] GC(324) DefNew: 280251K(314560K)->635K(314560K) Eden: 279616K(279616K)->0K(279616K) From: 635K(34944K)->635K(34944K)
[89.036s][info][gc,heap        ] GC(324) Tenured: 10659K(699072K)->10700K(699072K)
[89.036s][info][gc,metaspace   ] GC(324) Metaspace: 14225K(15040K)->14225K(15040K) NonClass: 12282K(12800K)->12282K(12800K) Class: 1943K(2240K)->1943K(2240K)
[89.036s][info][gc             ] GC(324) Pause Young (Allocation Failure) 284M->11M(989M) 34.978ms
[89.036s][info][gc,cpu         ] GC(324) User=0.03s Sys=0.00s Real=0.03s
[89.304s][info][gc,start       ] GC(325) Pause Young (Allocation Failure)
[89.338s][info][gc,heap        ] GC(325) DefNew: 280251K(314560K)->635K(314560K) Eden: 279616K(279616K)->0K(279616K) From: 635K(34944K)->635K(34944K)
[89.338s][info][gc,heap        ] GC(325) Tenured: 10700K(699072K)->10739K(699072K)
[89.338s][info][gc,metaspace   ] GC(325) Metaspace: 14225K(15040K)->14225K(15040K) NonClass: 12282K(12800K)->12282K(12800K) Class: 1943K(2240K)->1943K(2240K)
[89.338s][info][gc             ] GC(325) Pause Young (Allocation Failure) 284M->11M(989M) 34.802ms
[89.338s][info][gc,cpu         ] GC(325) User=0.03s Sys=0.00s Real=0.03s
[89.605s][info][gc,start       ] GC(326) Pause Young (Allocation Failure)
[89.641s][info][gc,heap        ] GC(326) DefNew: 280251K(314560K)->632K(314560K) Eden: 279616K(279616K)->0K(279616K) From: 635K(34944K)->632K(34944K)
[89.641s][info][gc,heap        ] GC(326) Tenured: 10739K(699072K)->10781K(699072K)
[89.641s][info][gc,metaspace   ] GC(326) Metaspace: 14225K(15040K)->14225K(15040K) NonClass: 12282K(12800K)->12282K(12800K) Class: 1943K(2240K)->1943K(2240K)
[89.641s][info][gc             ] GC(326) Pause Young (Allocation Failure) 284M->11M(989M) 36.250ms
[89.641s][info][gc,cpu         ] GC(326) User=0.03s Sys=0.00s Real=0.03s
[89.912s][info][gc,start       ] GC(327) Pause Young (Allocation Failure)
[89.948s][info][gc,heap        ] GC(327) DefNew: 280248K(314560K)->635K(314560K) Eden: 279616K(279616K)->0K(279616K) From: 632K(34944K)->635K(34944K)
[89.948s][info][gc,heap        ] GC(327) Tenured: 10781K(699072K)->10822K(699072K)
[89.948s][info][gc,metaspace   ] GC(327) Metaspace: 14225K(15040K)->14225K(15040K) NonClass: 12282K(12800K)->12282K(12800K) Class: 1943K(2240K)->1943K(2240K)
[89.948s][info][gc             ] GC(327) Pause Young (Allocation Failure) 284M->11M(989M) 36.723ms
[89.948s][info][gc,cpu         ] GC(327) User=0.03s Sys=0.00s Real=0.04s
[90.217s][info][gc,start       ] GC(328) Pause Young (Allocation Failure)
[90.255s][info][gc,heap        ] GC(328) DefNew: 280251K(314560K)->639K(314560K) Eden: 279616K(279616K)->0K(279616K) From: 635K(34944K)->639K(34944K)
[90.255s][info][gc,heap        ] GC(328) Tenured: 10822K(699072K)->10860K(699072K)
[90.256s][info][gc,metaspace   ] GC(328) Metaspace: 14225K(15040K)->14225K(15040K) NonClass: 12282K(12800K)->12282K(12800K) Class: 1943K(2240K)->1943K(2240K)
[90.256s][info][gc             ] GC(328) Pause Young (Allocation Failure) 284M->11M(989M) 38.624ms
[90.256s][info][gc,cpu         ] GC(328) User=0.03s Sys=0.00s Real=0.02s
[90.525s][info][gc,start       ] GC(329) Pause Young (Allocation Failure)
[90.563s][info][gc,heap        ] GC(329) DefNew: 280255K(314560K)->637K(314560K) Eden: 279616K(279616K)->0K(279616K) From: 639K(34944K)->637K(34944K)
[90.563s][info][gc,heap        ] GC(329) Tenured: 10860K(699072K)->10904K(699072K)
[90.563s][info][gc,metaspace   ] GC(329) Metaspace: 14225K(15040K)->14225K(15040K) NonClass: 12282K(12800K)->12282K(12800K) Class: 1943K(2240K)->1943K(2240K)
[90.564s][info][gc             ] GC(329) Pause Young (Allocation Failure) 284M->11M(989M) 38.613ms
[90.564s][info][gc,cpu         ] GC(329) User=0.03s Sys=0.00s Real=0.04s
[90.832s][info][gc,start       ] GC(330) Pause Young (Allocation Failure)
[90.871s][info][gc,heap        ] GC(330) DefNew: 280253K(314560K)->633K(314560K) Eden: 279616K(279616K)->0K(279616K) From: 637K(34944K)->633K(34944K)
[90.871s][info][gc,heap        ] GC(330) Tenured: 10904K(699072K)->10945K(699072K)
[90.871s][info][gc,metaspace   ] GC(330) Metaspace: 14225K(15040K)->14225K(15040K) NonClass: 12282K(12800K)->12282K(12800K) Class: 1943K(2240K)->1943K(2240K)
[90.871s][info][gc             ] GC(330) Pause Young (Allocation Failure) 284M->11M(989M) 39.580ms
[90.871s][info][gc,cpu         ] GC(330) User=0.03s Sys=0.00s Real=0.03s
[91.140s][info][gc,start       ] GC(331) Pause Young (Allocation Failure)
[91.171s][info][gc,heap        ] GC(331) DefNew: 280249K(314560K)->635K(314560K) Eden: 279616K(279616K)->0K(279616K) From: 633K(34944K)->635K(34944K)
[91.171s][info][gc,heap        ] GC(331) Tenured: 10945K(699072K)->10990K(699072K)
[91.171s][info][gc,metaspace   ] GC(331) Metaspace: 14225K(15040K)->14225K(15040K) NonClass: 12282K(12800K)->12282K(12800K) Class: 1943K(2240K)->1943K(2240K)
[91.171s][info][gc             ] GC(331) Pause Young (Allocation Failure) 284M->11M(989M) 30.788ms
[91.171s][info][gc,cpu         ] GC(331) User=0.03s Sys=0.00s Real=0.02s
[91.439s][info][gc,start       ] GC(332) Pause Young (Allocation Failure)
[91.469s][info][gc,heap        ] GC(332) DefNew: 280251K(314560K)->631K(314560K) Eden: 279616K(279616K)->0K(279616K) From: 635K(34944K)->631K(34944K)
[91.469s][info][gc,heap        ] GC(332) Tenured: 10990K(699072K)->11031K(699072K)
[91.469s][info][gc,metaspace   ] GC(332) Metaspace: 14225K(15040K)->14225K(15040K) NonClass: 12282K(12800K)->12282K(12800K) Class: 1943K(2240K)->1943K(2240K)
[91.469s][info][gc             ] GC(332) Pause Young (Allocation Failure) 284M->11M(989M) 30.344ms
[91.469s][info][gc,cpu         ] GC(332) User=0.03s Sys=0.00s Real=0.03s
[91.745s][info][gc,start       ] GC(333) Pause Young (Allocation Failure)
[91.773s][info][gc,heap        ] GC(333) DefNew: 280247K(314560K)->631K(314560K) Eden: 279616K(279616K)->0K(279616K) From: 631K(34944K)->631K(34944K)
[91.773s][info][gc,heap        ] GC(333) Tenured: 11031K(699072K)->11072K(699072K)
[91.773s][info][gc,metaspace   ] GC(333) Metaspace: 14225K(15040K)->14225K(15040K) NonClass: 12282K(12800K)->12282K(12800K) Class: 1943K(2240K)->1943K(2240K)
[91.773s][info][gc             ] GC(333) Pause Young (Allocation Failure) 284M->11M(989M) 27.657ms
[91.773s][info][gc,cpu         ] GC(333) User=0.03s Sys=0.00s Real=0.03s
[92.045s][info][gc,start       ] GC(334) Pause Young (Allocation Failure)
[92.079s][info][gc,heap        ] GC(334) DefNew: 280247K(314560K)->634K(314560K) Eden: 279616K(279616K)->0K(279616K) From: 631K(34944K)->634K(34944K)
[92.079s][info][gc,heap        ] GC(334) Tenured: 11072K(699072K)->11114K(699072K)
[92.079s][info][gc,metaspace   ] GC(334) Metaspace: 14225K(15040K)->14225K(15040K) NonClass: 12282K(12800K)->12282K(12800K) Class: 1943K(2240K)->1943K(2240K)
[92.079s][info][gc             ] GC(334) Pause Young (Allocation Failure) 284M->11M(989M) 33.535ms
[92.079s][info][gc,cpu         ] GC(334) User=0.03s Sys=0.00s Real=0.03s
[92.363s][info][gc,start       ] GC(335) Pause Young (Allocation Failure)
[92.399s][info][gc,heap        ] GC(335) DefNew: 280250K(314560K)->639K(314560K) Eden: 279616K(279616K)->0K(279616K) From: 634K(34944K)->639K(34944K)
[92.399s][info][gc,heap        ] GC(335) Tenured: 11114K(699072K)->11155K(699072K)
[92.399s][info][gc,metaspace   ] GC(335) Metaspace: 14225K(15040K)->14225K(15040K) NonClass: 12282K(12800K)->12282K(12800K) Class: 1943K(2240K)->1943K(2240K)
[92.399s][info][gc             ] GC(335) Pause Young (Allocation Failure) 284M->11M(989M) 36.192ms
[92.399s][info][gc,cpu         ] GC(335) User=0.03s Sys=0.00s Real=0.03s
[92.665s][info][gc,start       ] GC(336) Pause Young (Allocation Failure)
[92.700s][info][gc,heap        ] GC(336) DefNew: 280255K(314560K)->634K(314560K) Eden: 279616K(279616K)->0K(279616K) From: 639K(34944K)->634K(34944K)
[92.700s][info][gc,heap        ] GC(336) Tenured: 11155K(699072K)->11199K(699072K)
[92.700s][info][gc,metaspace   ] GC(336) Metaspace: 14225K(15040K)->14225K(15040K) NonClass: 12282K(12800K)->12282K(12800K) Class: 1943K(2240K)->1943K(2240K)
[92.700s][info][gc             ] GC(336) Pause Young (Allocation Failure) 284M->11M(989M) 35.163ms
[92.700s][info][gc,cpu         ] GC(336) User=0.03s Sys=0.00s Real=0.04s
[92.966s][info][gc,start       ] GC(337) Pause Young (Allocation Failure)
[93.001s][info][gc,heap        ] GC(337) DefNew: 280250K(314560K)->631K(314560K) Eden: 279616K(279616K)->0K(279616K) From: 634K(34944K)->631K(34944K)
[93.001s][info][gc,heap        ] GC(337) Tenured: 11199K(699072K)->11244K(699072K)
[93.001s][info][gc,metaspace   ] GC(337) Metaspace: 14225K(15040K)->14225K(15040K) NonClass: 12282K(12800K)->12282K(12800K) Class: 1943K(2240K)->1943K(2240K)
[93.001s][info][gc             ] GC(337) Pause Young (Allocation Failure) 284M->11M(989M) 35.631ms
[93.001s][info][gc,cpu         ] GC(337) User=0.05s Sys=0.00s Real=0.04s
[93.271s][info][gc,start       ] GC(338) Pause Young (Allocation Failure)
[93.299s][info][gc,heap        ] GC(338) DefNew: 280247K(314560K)->632K(314560K) Eden: 279616K(279616K)->0K(279616K) From: 631K(34944K)->632K(34944K)
[93.299s][info][gc,heap        ] GC(338) Tenured: 11244K(699072K)->11286K(699072K)
[93.299s][info][gc,metaspace   ] GC(338) Metaspace: 14225K(15040K)->14225K(15040K) NonClass: 12282K(12800K)->12282K(12800K) Class: 1943K(2240K)->1943K(2240K)
[93.299s][info][gc             ] GC(338) Pause Young (Allocation Failure) 284M->11M(989M) 27.888ms
[93.299s][info][gc,cpu         ] GC(338) User=0.02s Sys=0.00s Real=0.02s
[93.567s][info][gc,start       ] GC(339) Pause Young (Allocation Failure)
[93.604s][info][gc,heap        ] GC(339) DefNew: 280248K(314560K)->631K(314560K) Eden: 279616K(279616K)->0K(279616K) From: 632K(34944K)->631K(34944K)
[93.604s][info][gc,heap        ] GC(339) Tenured: 11286K(699072K)->11327K(699072K)
[93.604s][info][gc,metaspace   ] GC(339) Metaspace: 14225K(15040K)->14225K(15040K) NonClass: 12282K(12800K)->12282K(12800K) Class: 1943K(2240K)->1943K(2240K)
[93.604s][info][gc             ] GC(339) Pause Young (Allocation Failure) 284M->11M(989M) 36.846ms
[93.604s][info][gc,cpu         ] GC(339) User=0.02s Sys=0.00s Real=0.02s
[93.874s][info][gc,start       ] GC(340) Pause Young (Allocation Failure)
[93.912s][info][gc,heap        ] GC(340) DefNew: 280247K(314560K)->637K(314560K) Eden: 279616K(279616K)->0K(279616K) From: 631K(34944K)->637K(34944K)
[93.912s][info][gc,heap        ] GC(340) Tenured: 11327K(699072K)->11366K(699072K)
[93.912s][info][gc,metaspace   ] GC(340) Metaspace: 14225K(15040K)->14225K(15040K) NonClass: 12282K(12800K)->12282K(12800K) Class: 1943K(2240K)->1943K(2240K)
[93.912s][info][gc             ] GC(340) Pause Young (Allocation Failure) 284M->11M(989M) 38.288ms
[93.912s][info][gc,cpu         ] GC(340) User=0.05s Sys=0.00s Real=0.04s
[94.179s][info][gc,start       ] GC(341) Pause Young (Allocation Failure)
[94.218s][info][gc,heap        ] GC(341) DefNew: 280253K(314560K)->637K(314560K) Eden: 279616K(279616K)->0K(279616K) From: 637K(34944K)->637K(34944K)
[94.218s][info][gc,heap        ] GC(341) Tenured: 11366K(699072K)->11405K(699072K)
[94.218s][info][gc,metaspace   ] GC(341) Metaspace: 14225K(15040K)->14225K(15040K) NonClass: 12282K(12800K)->12282K(12800K) Class: 1943K(2240K)->1943K(2240K)
[94.218s][info][gc             ] GC(341) Pause Young (Allocation Failure) 284M->11M(989M) 38.251ms
[94.218s][info][gc,cpu         ] GC(341) User=0.03s Sys=0.00s Real=0.04s
[94.487s][info][gc,start       ] GC(342) Pause Young (Allocation Failure)
[94.526s][info][gc,heap        ] GC(342) DefNew: 280253K(314560K)->634K(314560K) Eden: 279616K(279616K)->0K(279616K) From: 637K(34944K)->634K(34944K)
[94.526s][info][gc,heap        ] GC(342) Tenured: 11405K(699072K)->11449K(699072K)
[94.526s][info][gc,metaspace   ] GC(342) Metaspace: 14225K(15040K)->14225K(15040K) NonClass: 12282K(12800K)->12282K(12800K) Class: 1943K(2240K)->1943K(2240K)
[94.526s][info][gc             ] GC(342) Pause Young (Allocation Failure) 284M->11M(989M) 38.414ms
[94.526s][info][gc,cpu         ] GC(342) User=0.03s Sys=0.00s Real=0.04s
[94.796s][info][gc,start       ] GC(343) Pause Young (Allocation Failure)
[94.836s][info][gc,heap        ] GC(343) DefNew: 280250K(314560K)->634K(314560K) Eden: 279616K(279616K)->0K(279616K) From: 634K(34944K)->634K(34944K)
[94.836s][info][gc,heap        ] GC(343) Tenured: 11449K(699072K)->11491K(699072K)
[94.836s][info][gc,metaspace   ] GC(343) Metaspace: 14225K(15040K)->14225K(15040K) NonClass: 12282K(12800K)->12282K(12800K) Class: 1943K(2240K)->1943K(2240K)
[94.836s][info][gc             ] GC(343) Pause Young (Allocation Failure) 284M->11M(989M) 40.743ms
[94.836s][info][gc,cpu         ] GC(343) User=0.03s Sys=0.00s Real=0.03s
[95.107s][info][gc,start       ] GC(344) Pause Young (Allocation Failure)
[95.138s][info][gc,heap        ] GC(344) DefNew: 280250K(314560K)->634K(314560K) Eden: 279616K(279616K)->0K(279616K) From: 634K(34944K)->634K(34944K)
[95.138s][info][gc,heap        ] GC(344) Tenured: 11491K(699072K)->11532K(699072K)
[95.138s][info][gc,metaspace   ] GC(344) Metaspace: 14225K(15040K)->14225K(15040K) NonClass: 12282K(12800K)->12282K(12800K) Class: 1943K(2240K)->1943K(2240K)
[95.138s][info][gc             ] GC(344) Pause Young (Allocation Failure) 284M->11M(989M) 30.927ms
[95.138s][info][gc,cpu         ] GC(344) User=0.03s Sys=0.00s Real=0.03s
[95.408s][info][gc,start       ] GC(345) Pause Young (Allocation Failure)
[95.448s][info][gc,heap        ] GC(345) DefNew: 280250K(314560K)->636K(314560K) Eden: 279616K(279616K)->0K(279616K) From: 634K(34944K)->636K(34944K)
[95.448s][info][gc,heap        ] GC(345) Tenured: 11532K(699072K)->11570K(699072K)
[95.448s][info][gc,metaspace   ] GC(345) Metaspace: 14225K(15040K)->14225K(15040K) NonClass: 12282K(12800K)->12282K(12800K) Class: 1943K(2240K)->1943K(2240K)
[95.448s][info][gc             ] GC(345) Pause Young (Allocation Failure) 284M->11M(989M) 39.971ms
[95.448s][info][gc,cpu         ] GC(345) User=0.03s Sys=0.00s Real=0.03s
[95.734s][info][gc,start       ] GC(346) Pause Young (Allocation Failure)
[95.770s][info][gc,heap        ] GC(346) DefNew: 280252K(314560K)->642K(314560K) Eden: 279616K(279616K)->0K(279616K) From: 636K(34944K)->642K(34944K)
[95.770s][info][gc,heap        ] GC(346) Tenured: 11570K(699072K)->11609K(699072K)
[95.770s][info][gc,metaspace   ] GC(346) Metaspace: 14225K(15040K)->14225K(15040K) NonClass: 12282K(12800K)->12282K(12800K) Class: 1943K(2240K)->1943K(2240K)
[95.770s][info][gc             ] GC(346) Pause Young (Allocation Failure) 284M->11M(989M) 35.928ms
[95.770s][info][gc,cpu         ] GC(346) User=0.05s Sys=0.00s Real=0.04s
[96.054s][info][gc,start       ] GC(347) Pause Young (Allocation Failure)
[96.089s][info][gc,heap        ] GC(347) DefNew: 280258K(314560K)->642K(314560K) Eden: 279616K(279616K)->0K(279616K) From: 642K(34944K)->642K(34944K)
[96.089s][info][gc,heap        ] GC(347) Tenured: 11609K(699072K)->11654K(699072K)
[96.089s][info][gc,metaspace   ] GC(347) Metaspace: 14225K(15040K)->14225K(15040K) NonClass: 12282K(12800K)->12282K(12800K) Class: 1943K(2240K)->1943K(2240K)
[96.089s][info][gc             ] GC(347) Pause Young (Allocation Failure) 285M->12M(989M) 34.495ms
[96.089s][info][gc,cpu         ] GC(347) User=0.03s Sys=0.00s Real=0.03s
[96.360s][info][gc,start       ] GC(348) Pause Young (Allocation Failure)
[96.396s][info][gc,heap        ] GC(348) DefNew: 280258K(314560K)->642K(314560K) Eden: 279616K(279616K)->0K(279616K) From: 642K(34944K)->642K(34944K)
[96.396s][info][gc,heap        ] GC(348) Tenured: 11654K(699072K)->11696K(699072K)
[96.396s][info][gc,metaspace   ] GC(348) Metaspace: 14225K(15040K)->14225K(15040K) NonClass: 12282K(12800K)->12282K(12800K) Class: 1943K(2240K)->1943K(2240K)
[96.396s][info][gc             ] GC(348) Pause Young (Allocation Failure) 285M->12M(989M) 35.973ms
[96.396s][info][gc,cpu         ] GC(348) User=0.05s Sys=0.00s Real=0.04s
[96.667s][info][gc,start       ] GC(349) Pause Young (Allocation Failure)
[96.696s][info][gc,heap        ] GC(349) DefNew: 280258K(314560K)->638K(314560K) Eden: 279616K(279616K)->0K(279616K) From: 642K(34944K)->638K(34944K)
[96.696s][info][gc,heap        ] GC(349) Tenured: 11696K(699072K)->11740K(699072K)
[96.696s][info][gc,metaspace   ] GC(349) Metaspace: 14225K(15040K)->14225K(15040K) NonClass: 12282K(12800K)->12282K(12800K) Class: 1943K(2240K)->1943K(2240K)
[96.696s][info][gc             ] GC(349) Pause Young (Allocation Failure) 285M->12M(989M) 29.117ms
[96.696s][info][gc,cpu         ] GC(349) User=0.02s Sys=0.00s Real=0.02s
[96.961s][info][gc,start       ] GC(350) Pause Young (Allocation Failure)
[97.000s][info][gc,heap        ] GC(350) DefNew: 280254K(314560K)->634K(314560K) Eden: 279616K(279616K)->0K(279616K) From: 638K(34944K)->634K(34944K)
[97.000s][info][gc,heap        ] GC(350) Tenured: 11740K(699072K)->11785K(699072K)
[97.000s][info][gc,metaspace   ] GC(350) Metaspace: 14225K(15040K)->14225K(15040K) NonClass: 12282K(12800K)->12282K(12800K) Class: 1943K(2240K)->1943K(2240K)
[97.000s][info][gc             ] GC(350) Pause Young (Allocation Failure) 285M->12M(989M) 38.628ms
[97.000s][info][gc,cpu         ] GC(350) User=0.03s Sys=0.00s Real=0.03s
[97.234s][info][gc,start       ] GC(351) Pause Young (Allocation Failure)
[97.272s][info][gc,heap        ] GC(351) DefNew: 280250K(314560K)->627K(314560K) Eden: 279616K(279616K)->0K(279616K) From: 634K(34944K)->627K(34944K)
[97.272s][info][gc,heap        ] GC(351) Tenured: 11785K(699072K)->11826K(699072K)
[97.272s][info][gc,metaspace   ] GC(351) Metaspace: 14225K(15040K)->14225K(15040K) NonClass: 12282K(12800K)->12282K(12800K) Class: 1943K(2240K)->1943K(2240K)
[97.273s][info][gc             ] GC(351) Pause Young (Allocation Failure) 285M->12M(989M) 38.021ms
[97.273s][info][gc,cpu         ] GC(351) User=0.03s Sys=0.00s Real=0.03s
[97.455s][info][gc,start       ] GC(352) Pause Young (Allocation Failure)
[97.485s][info][gc,heap        ] GC(352) DefNew: 280132K(314560K)->616K(314560K) Eden: 279504K(279616K)->0K(279616K) From: 627K(34944K)->616K(34944K)
[97.485s][info][gc,heap        ] GC(352) Tenured: 11826K(699072K)->11868K(699072K)
[97.485s][info][gc,metaspace   ] GC(352) Metaspace: 14225K(15040K)->14225K(15040K) NonClass: 12282K(12800K)->12282K(12800K) Class: 1943K(2240K)->1943K(2240K)
[97.485s][info][gc             ] GC(352) Pause Young (Allocation Failure) 285M->12M(989M) 30.147ms
[97.485s][info][gc,cpu         ] GC(352) User=0.03s Sys=0.00s Real=0.03s
[97.681s][info][gc,start       ] GC(353) Pause Young (Allocation Failure)
[97.715s][info][gc,heap        ] GC(353) DefNew: 280232K(314560K)->606K(314560K) Eden: 279616K(279616K)->0K(279616K) From: 616K(34944K)->606K(34944K)
[97.715s][info][gc,heap        ] GC(353) Tenured: 11868K(699072K)->11909K(699072K)
[97.715s][info][gc,metaspace   ] GC(353) Metaspace: 14225K(15040K)->14225K(15040K) NonClass: 12282K(12800K)->12282K(12800K) Class: 1943K(2240K)->1943K(2240K)
[97.715s][info][gc             ] GC(353) Pause Young (Allocation Failure) 285M->12M(989M) 33.988ms
[97.715s][info][gc,cpu         ] GC(353) User=0.03s Sys=0.00s Real=0.03s
[97.856s][info][gc,start       ] GC(354) Pause Full (System.gc())
[97.856s][info][gc,phases,start] GC(354) Phase 1: Mark live objects
[97.889s][info][gc,phases      ] GC(354) Phase 1: Mark live objects 33.031ms
[97.889s][info][gc,phases,start] GC(354) Phase 2: Compute new object addresses
[97.909s][info][gc,phases      ] GC(354) Phase 2: Compute new object addresses 20.206ms
[97.909s][info][gc,phases,start] GC(354) Phase 3: Adjust pointers
[97.929s][info][gc,phases      ] GC(354) Phase 3: Adjust pointers 19.981ms
[97.929s][info][gc,phases,start] GC(354) Phase 4: Move objects
[97.929s][info][gc,phases      ] GC(354) Phase 4: Move objects 0.014ms
[97.929s][info][gc,heap        ] GC(354) DefNew: 84172K(314560K)->0K(314560K) Eden: 83566K(279616K)->0K(279616K) From: 606K(34944K)->0K(34944K)
[97.929s][info][gc,heap        ] GC(354) Tenured: 11909K(699072K)->11909K(699072K)
[97.929s][info][gc,metaspace   ] GC(354) Metaspace: 14226K(15040K)->14226K(15040K) NonClass: 12283K(12800K)->12283K(12800K) Class: 1943K(2240K)->1943K(2240K)
[97.929s][info][gc             ] GC(354) Pause Full (System.gc()) 93M->11M(989M) 73.637ms
[97.929s][info][gc,cpu         ] GC(354) User=0.06s Sys=0.00s Real=0.06s
[98.272s][info][gc,start       ] GC(355) Pause Young (Allocation Failure)
[98.307s][info][gc,heap        ] GC(355) DefNew: 279616K(314560K)->1494K(314560K) Eden: 279616K(279616K)->0K(279616K) From: 0K(34944K)->1494K(34944K)
[98.307s][info][gc,heap        ] GC(355) Tenured: 11909K(699072K)->11909K(699072K)
[98.307s][info][gc,metaspace   ] GC(355) Metaspace: 14232K(15104K)->14232K(15104K) NonClass: 12289K(12864K)->12289K(12864K) Class: 1943K(2240K)->1943K(2240K)
[98.307s][info][gc             ] GC(355) Pause Young (Allocation Failure) 284M->13M(989M) 35.724ms
[98.307s][info][gc,cpu         ] GC(355) User=0.03s Sys=0.00s Real=0.04s
[98.575s][info][gc,start       ] GC(356) Pause Young (Allocation Failure)
[98.603s][info][gc,heap        ] GC(356) DefNew: 281110K(314560K)->1539K(314560K) Eden: 279616K(279616K)->0K(279616K) From: 1494K(34944K)->1539K(34944K)
[98.603s][info][gc,heap        ] GC(356) Tenured: 11909K(699072K)->11909K(699072K)
[98.603s][info][gc,metaspace   ] GC(356) Metaspace: 14232K(15104K)->14232K(15104K) NonClass: 12289K(12864K)->12289K(12864K) Class: 1943K(2240K)->1943K(2240K)
[98.603s][info][gc             ] GC(356) Pause Young (Allocation Failure) 286M->13M(989M) 27.522ms
[98.603s][info][gc,cpu         ] GC(356) User=0.02s Sys=0.00s Real=0.01s
[98.881s][info][gc,start       ] GC(357) Pause Young (Allocation Failure)
[98.906s][info][gc,heap        ] GC(357) DefNew: 281155K(314560K)->1581K(314560K) Eden: 279616K(279616K)->0K(279616K) From: 1539K(34944K)->1581K(34944K)
[98.906s][info][gc,heap        ] GC(357) Tenured: 11909K(699072K)->11909K(699072K)
[98.906s][info][gc,metaspace   ] GC(357) Metaspace: 14232K(15104K)->14232K(15104K) NonClass: 12289K(12864K)->12289K(12864K) Class: 1943K(2240K)->1943K(2240K)
[98.906s][info][gc             ] GC(357) Pause Young (Allocation Failure) 286M->13M(989M) 25.253ms
[98.906s][info][gc,cpu         ] GC(357) User=0.02s Sys=0.00s Real=0.02s
[99.166s][info][gc,start       ] GC(358) Pause Young (Allocation Failure)
[99.200s][info][gc,heap        ] GC(358) DefNew: 281197K(314560K)->1622K(314560K) Eden: 279616K(279616K)->0K(279616K) From: 1581K(34944K)->1622K(34944K)
[99.200s][info][gc,heap        ] GC(358) Tenured: 11909K(699072K)->11909K(699072K)
[99.200s][info][gc,metaspace   ] GC(358) Metaspace: 14232K(15104K)->14232K(15104K) NonClass: 12289K(12864K)->12289K(12864K) Class: 1943K(2240K)->1943K(2240K)
[99.200s][info][gc             ] GC(358) Pause Young (Allocation Failure) 286M->13M(989M) 34.301ms
[99.200s][info][gc,cpu         ] GC(358) User=0.03s Sys=0.00s Real=0.04s
[99.470s][info][gc,start       ] GC(359) Pause Young (Allocation Failure)
[99.506s][info][gc,heap        ] GC(359) DefNew: 281238K(314560K)->1667K(314560K) Eden: 279616K(279616K)->0K(279616K) From: 1622K(34944K)->1667K(34944K)
[99.506s][info][gc,heap        ] GC(359) Tenured: 11909K(699072K)->11909K(699072K)
[99.506s][info][gc,metaspace   ] GC(359) Metaspace: 14232K(15104K)->14232K(15104K) NonClass: 12289K(12864K)->12289K(12864K) Class: 1943K(2240K)->1943K(2240K)
[99.507s][info][gc             ] GC(359) Pause Young (Allocation Failure) 286M->13M(989M) 36.071ms
[99.507s][info][gc,cpu         ] GC(359) User=0.03s Sys=0.00s Real=0.04s
[99.767s][info][gc,start       ] GC(360) Pause Young (Allocation Failure)
[99.802s][info][gc,heap        ] GC(360) DefNew: 281283K(314560K)->1708K(314560K) Eden: 279616K(279616K)->0K(279616K) From: 1667K(34944K)->1708K(34944K)
[99.802s][info][gc,heap        ] GC(360) Tenured: 11909K(699072K)->11909K(699072K)
[99.802s][info][gc,metaspace   ] GC(360) Metaspace: 14232K(15104K)->14232K(15104K) NonClass: 12289K(12864K)->12289K(12864K) Class: 1943K(2240K)->1943K(2240K)
[99.802s][info][gc             ] GC(360) Pause Young (Allocation Failure) 286M->13M(989M) 34.644ms
[99.802s][info][gc,cpu         ] GC(360) User=0.02s Sys=0.00s Real=0.03s
[100.075s][info][gc,start       ] GC(361) Pause Young (Allocation Failure)
[100.111s][info][gc,heap        ] GC(361) DefNew: 281324K(314560K)->1753K(314560K) Eden: 279616K(279616K)->0K(279616K) From: 1708K(34944K)->1753K(34944K)
[100.111s][info][gc,heap        ] GC(361) Tenured: 11909K(699072K)->11909K(699072K)
[100.111s][info][gc,metaspace   ] GC(361) Metaspace: 14232K(15104K)->14232K(15104K) NonClass: 12289K(12864K)->12289K(12864K) Class: 1943K(2240K)->1943K(2240K)
[100.111s][info][gc             ] GC(361) Pause Young (Allocation Failure) 286M->13M(989M) 35.860ms
[100.111s][info][gc,cpu         ] GC(361) User=0.05s Sys=0.00s Real=0.04s
[100.382s][info][gc,start       ] GC(362) Pause Young (Allocation Failure)
[100.418s][info][gc,heap        ] GC(362) DefNew: 281369K(314560K)->1798K(314560K) Eden: 279616K(279616K)->0K(279616K) From: 1753K(34944K)->1798K(34944K)
[100.418s][info][gc,heap        ] GC(362) Tenured: 11909K(699072K)->11909K(699072K)
[100.418s][info][gc,metaspace   ] GC(362) Metaspace: 14232K(15104K)->14232K(15104K) NonClass: 12289K(12864K)->12289K(12864K) Class: 1943K(2240K)->1943K(2240K)
[100.418s][info][gc             ] GC(362) Pause Young (Allocation Failure) 286M->13M(989M) 36.122ms
[100.418s][info][gc,cpu         ] GC(362) User=0.03s Sys=0.00s Real=0.04s
[100.676s][info][gc,start       ] GC(363) Pause Young (Allocation Failure)
[100.712s][info][gc,heap        ] GC(363) DefNew: 281414K(314560K)->1836K(314560K) Eden: 279616K(279616K)->0K(279616K) From: 1798K(34944K)->1836K(34944K)
[100.712s][info][gc,heap        ] GC(363) Tenured: 11909K(699072K)->11909K(699072K)
[100.712s][info][gc,metaspace   ] GC(363) Metaspace: 14232K(15104K)->14232K(15104K) NonClass: 12289K(12864K)->12289K(12864K) Class: 1943K(2240K)->1943K(2240K)
[100.712s][info][gc             ] GC(363) Pause Young (Allocation Failure) 286M->13M(989M) 35.786ms
[100.712s][info][gc,cpu         ] GC(363) User=0.02s Sys=0.00s Real=0.02s
[100.974s][info][gc,start       ] GC(364) Pause Young (Allocation Failure)
[101.012s][info][gc,heap        ] GC(364) DefNew: 281452K(314560K)->1878K(314560K) Eden: 279616K(279616K)->0K(279616K) From: 1836K(34944K)->1878K(34944K)
[101.012s][info][gc,heap        ] GC(364) Tenured: 11909K(699072K)->11909K(699072K)
[101.012s][info][gc,metaspace   ] GC(364) Metaspace: 14232K(15104K)->14232K(15104K) NonClass: 12289K(12864K)->12289K(12864K) Class: 1943K(2240K)->1943K(2240K)
[101.012s][info][gc             ] GC(364) Pause Young (Allocation Failure) 286M->13M(989M) 38.075ms
[101.012s][info][gc,cpu         ] GC(364) User=0.02s Sys=0.00s Real=0.02s
[101.281s][info][gc,start       ] GC(365) Pause Young (Allocation Failure)
[101.320s][info][gc,heap        ] GC(365) DefNew: 281494K(314560K)->1919K(314560K) Eden: 279616K(279616K)->0K(279616K) From: 1878K(34944K)->1919K(34944K)
[101.320s][info][gc,heap        ] GC(365) Tenured: 11909K(699072K)->11909K(699072K)
[101.320s][info][gc,metaspace   ] GC(365) Metaspace: 14232K(15104K)->14232K(15104K) NonClass: 12289K(12864K)->12289K(12864K) Class: 1943K(2240K)->1943K(2240K)
[101.320s][info][gc             ] GC(365) Pause Young (Allocation Failure) 286M->13M(989M) 38.796ms
[101.320s][info][gc,cpu         ] GC(365) User=0.05s Sys=0.00s Real=0.04s
[101.584s][info][gc,start       ] GC(366) Pause Young (Allocation Failure)
[101.623s][info][gc,heap        ] GC(366) DefNew: 281535K(314560K)->1959K(314560K) Eden: 279616K(279616K)->0K(279616K) From: 1919K(34944K)->1959K(34944K)
[101.623s][info][gc,heap        ] GC(366) Tenured: 11909K(699072K)->11909K(699072K)
[101.623s][info][gc,metaspace   ] GC(366) Metaspace: 14232K(15104K)->14232K(15104K) NonClass: 12289K(12864K)->12289K(12864K) Class: 1943K(2240K)->1943K(2240K)
[101.623s][info][gc             ] GC(366) Pause Young (Allocation Failure) 286M->13M(989M) 38.782ms
[101.623s][info][gc,cpu         ] GC(366) User=0.03s Sys=0.00s Real=0.03s
[101.883s][info][gc,start       ] GC(367) Pause Young (Allocation Failure)
[101.922s][info][gc,heap        ] GC(367) DefNew: 281575K(314560K)->2001K(314560K) Eden: 279616K(279616K)->0K(279616K) From: 1959K(34944K)->2001K(34944K)
[101.922s][info][gc,heap        ] GC(367) Tenured: 11909K(699072K)->11909K(699072K)
[101.922s][info][gc,metaspace   ] GC(367) Metaspace: 14232K(15104K)->14232K(15104K) NonClass: 12289K(12864K)->12289K(12864K) Class: 1943K(2240K)->1943K(2240K)
[101.922s][info][gc             ] GC(367) Pause Young (Allocation Failure) 286M->13M(989M) 39.191ms
[101.922s][info][gc,cpu         ] GC(367) User=0.03s Sys=0.00s Real=0.03s
[102.236s][info][gc,start       ] GC(368) Pause Young (Allocation Failure)
[102.279s][info][gc,heap        ] GC(368) DefNew: 281617K(314560K)->2041K(314560K) Eden: 279616K(279616K)->0K(279616K) From: 2001K(34944K)->2041K(34944K)
[102.279s][info][gc,heap        ] GC(368) Tenured: 11909K(699072K)->11909K(699072K)
[102.279s][info][gc,metaspace   ] GC(368) Metaspace: 14232K(15104K)->14232K(15104K) NonClass: 12289K(12864K)->12289K(12864K) Class: 1943K(2240K)->1943K(2240K)
[102.279s][info][gc             ] GC(368) Pause Young (Allocation Failure) 286M->13M(989M) 43.519ms
[102.279s][info][gc,cpu         ] GC(368) User=0.03s Sys=0.00s Real=0.03s
[102.548s][info][gc,start       ] GC(369) Pause Young (Allocation Failure)
[102.594s][info][gc,heap        ] GC(369) DefNew: 281657K(314560K)->2085K(314560K) Eden: 279616K(279616K)->0K(279616K) From: 2041K(34944K)->2085K(34944K)
[102.594s][info][gc,heap        ] GC(369) Tenured: 11909K(699072K)->11909K(699072K)
[102.594s][info][gc,metaspace   ] GC(369) Metaspace: 14232K(15104K)->14232K(15104K) NonClass: 12289K(12864K)->12289K(12864K) Class: 1943K(2240K)->1943K(2240K)
[102.594s][info][gc             ] GC(369) Pause Young (Allocation Failure) 286M->13M(989M) 45.628ms
[102.594s][info][gc,cpu         ] GC(369) User=0.02s Sys=0.00s Real=0.03s
[102.891s][info][gc,start       ] GC(370) Pause Young (Allocation Failure)
[102.924s][info][gc,heap        ] GC(370) DefNew: 281701K(314560K)->647K(314560K) Eden: 279616K(279616K)->0K(279616K) From: 2085K(34944K)->647K(34944K)
[102.924s][info][gc,heap        ] GC(370) Tenured: 11909K(699072K)->13396K(699072K)
[102.924s][info][gc,metaspace   ] GC(370) Metaspace: 14232K(15104K)->14232K(15104K) NonClass: 12289K(12864K)->12289K(12864K) Class: 1943K(2240K)->1943K(2240K)
[102.924s][info][gc             ] GC(370) Pause Young (Allocation Failure) 286M->13M(989M) 33.685ms
[102.924s][info][gc,cpu         ] GC(370) User=0.03s Sys=0.00s Real=0.03s
[103.196s][info][gc,start       ] GC(371) Pause Young (Allocation Failure)
[103.229s][info][gc,heap        ] GC(371) DefNew: 280263K(314560K)->643K(314560K) Eden: 279615K(279616K)->0K(279616K) From: 647K(34944K)->643K(34944K)
[103.229s][info][gc,heap        ] GC(371) Tenured: 13396K(699072K)->13441K(699072K)
[103.229s][info][gc,metaspace   ] GC(371) Metaspace: 14232K(15104K)->14232K(15104K) NonClass: 12289K(12864K)->12289K(12864K) Class: 1943K(2240K)->1943K(2240K)
[103.229s][info][gc             ] GC(371) Pause Young (Allocation Failure) 286M->13M(989M) 33.384ms
[103.229s][info][gc,cpu         ] GC(371) User=0.03s Sys=0.00s Real=0.03s
[103.502s][info][gc,start       ] GC(372) Pause Young (Allocation Failure)
[103.536s][info][gc,heap        ] GC(372) DefNew: 280259K(314560K)->642K(314560K) Eden: 279616K(279616K)->0K(279616K) From: 643K(34944K)->642K(34944K)
[103.536s][info][gc,heap        ] GC(372) Tenured: 13441K(699072K)->13482K(699072K)
[103.536s][info][gc,metaspace   ] GC(372) Metaspace: 14232K(15104K)->14232K(15104K) NonClass: 12289K(12864K)->12289K(12864K) Class: 1943K(2240K)->1943K(2240K)
[103.536s][info][gc             ] GC(372) Pause Young (Allocation Failure) 286M->13M(989M) 34.333ms
[103.536s][info][gc,cpu         ] GC(372) User=0.03s Sys=0.00s Real=0.03s
[103.810s][info][gc,start       ] GC(373) Pause Young (Allocation Failure)
[103.844s][info][gc,heap        ] GC(373) DefNew: 280258K(314560K)->643K(314560K) Eden: 279616K(279616K)->0K(279616K) From: 642K(34944K)->643K(34944K)
[103.844s][info][gc,heap        ] GC(373) Tenured: 13482K(699072K)->13524K(699072K)
[103.844s][info][gc,metaspace   ] GC(373) Metaspace: 14232K(15104K)->14232K(15104K) NonClass: 12289K(12864K)->12289K(12864K) Class: 1943K(2240K)->1943K(2240K)
[103.844s][info][gc             ] GC(373) Pause Young (Allocation Failure) 286M->13M(989M) 34.361ms
[103.844s][info][gc,cpu         ] GC(373) User=0.03s Sys=0.00s Real=0.03s
[104.116s][info][gc,start       ] GC(374) Pause Young (Allocation Failure)
[104.152s][info][gc,heap        ] GC(374) DefNew: 280259K(314560K)->640K(314560K) Eden: 279616K(279616K)->0K(279616K) From: 643K(34944K)->640K(34944K)
[104.152s][info][gc,heap        ] GC(374) Tenured: 13524K(699072K)->13568K(699072K)
[104.152s][info][gc,metaspace   ] GC(374) Metaspace: 14232K(15104K)->14232K(15104K) NonClass: 12289K(12864K)->12289K(12864K) Class: 1943K(2240K)->1943K(2240K)
[104.152s][info][gc             ] GC(374) Pause Young (Allocation Failure) 286M->13M(989M) 36.046ms
[104.152s][info][gc,cpu         ] GC(374) User=0.03s Sys=0.00s Real=0.03s
[104.428s][info][gc,start       ] GC(375) Pause Young (Allocation Failure)
[104.457s][info][gc,heap        ] GC(375) DefNew: 280256K(314560K)->643K(314560K) Eden: 279616K(279616K)->0K(279616K) From: 640K(34944K)->643K(34944K)
[104.457s][info][gc,heap        ] GC(375) Tenured: 13568K(699072K)->13610K(699072K)
[104.457s][info][gc,metaspace   ] GC(375) Metaspace: 14232K(15104K)->14232K(15104K) NonClass: 12289K(12864K)->12289K(12864K) Class: 1943K(2240K)->1943K(2240K)
[104.457s][info][gc             ] GC(375) Pause Young (Allocation Failure) 286M->13M(989M) 29.016ms
[104.457s][info][gc,cpu         ] GC(375) User=0.02s Sys=0.00s Real=0.01s
[104.731s][info][gc,start       ] GC(376) Pause Young (Allocation Failure)
[104.760s][info][gc,heap        ] GC(376) DefNew: 280259K(314560K)->643K(314560K) Eden: 279615K(279616K)->0K(279616K) From: 643K(34944K)->643K(34944K)
[104.760s][info][gc,heap        ] GC(376) Tenured: 13610K(699072K)->13654K(699072K)
[104.760s][info][gc,metaspace   ] GC(376) Metaspace: 14232K(15104K)->14232K(15104K) NonClass: 12289K(12864K)->12289K(12864K) Class: 1943K(2240K)->1943K(2240K)
[104.760s][info][gc             ] GC(376) Pause Young (Allocation Failure) 286M->13M(989M) 28.644ms
[104.760s][info][gc,cpu         ] GC(376) User=0.02s Sys=0.00s Real=0.02s
[105.034s][info][gc,start       ] GC(377) Pause Young (Allocation Failure)
[105.064s][info][gc,heap        ] GC(377) DefNew: 280259K(314560K)->643K(314560K) Eden: 279616K(279616K)->0K(279616K) From: 643K(34944K)->643K(34944K)
[105.064s][info][gc,heap        ] GC(377) Tenured: 13654K(699072K)->13698K(699072K)
[105.064s][info][gc,metaspace   ] GC(377) Metaspace: 14232K(15104K)->14232K(15104K) NonClass: 12289K(12864K)->12289K(12864K) Class: 1943K(2240K)->1943K(2240K)
[105.064s][info][gc             ] GC(377) Pause Young (Allocation Failure) 287M->14M(989M) 30.041ms
[105.064s][info][gc,cpu         ] GC(377) User=0.03s Sys=0.00s Real=0.03s
[105.336s][info][gc,start       ] GC(378) Pause Young (Allocation Failure)
[105.367s][info][gc,heap        ] GC(378) DefNew: 280259K(314560K)->646K(314560K) Eden: 279616K(279616K)->0K(279616K) From: 643K(34944K)->646K(34944K)
[105.367s][info][gc,heap        ] GC(378) Tenured: 13698K(699072K)->13737K(699072K)
[105.367s][info][gc,metaspace   ] GC(378) Metaspace: 14232K(15104K)->14232K(15104K) NonClass: 12289K(12864K)->12289K(12864K) Class: 1943K(2240K)->1943K(2240K)
[105.367s][info][gc             ] GC(378) Pause Young (Allocation Failure) 287M->14M(989M) 30.285ms
[105.367s][info][gc,cpu         ] GC(378) User=0.03s Sys=0.00s Real=0.03s
[105.636s][info][gc,start       ] GC(379) Pause Young (Allocation Failure)
[105.675s][info][gc,heap        ] GC(379) DefNew: 280262K(314560K)->642K(314560K) Eden: 279616K(279616K)->0K(279616K) From: 646K(34944K)->642K(34944K)
[105.675s][info][gc,heap        ] GC(379) Tenured: 13737K(699072K)->13778K(699072K)
[105.675s][info][gc,metaspace   ] GC(379) Metaspace: 14232K(15104K)->14232K(15104K) NonClass: 12289K(12864K)->12289K(12864K) Class: 1943K(2240K)->1943K(2240K)
[105.675s][info][gc             ] GC(379) Pause Young (Allocation Failure) 287M->14M(989M) 39.012ms
[105.675s][info][gc,cpu         ] GC(379) User=0.03s Sys=0.00s Real=0.03s
[105.948s][info][gc,start       ] GC(380) Pause Young (Allocation Failure)
[105.987s][info][gc,heap        ] GC(380) DefNew: 280258K(314560K)->643K(314560K) Eden: 279616K(279616K)->0K(279616K) From: 642K(34944K)->643K(34944K)
[105.987s][info][gc,heap        ] GC(380) Tenured: 13778K(699072K)->13819K(699072K)
[105.987s][info][gc,metaspace   ] GC(380) Metaspace: 14232K(15104K)->14232K(15104K) NonClass: 12289K(12864K)->12289K(12864K) Class: 1943K(2240K)->1943K(2240K)
[105.987s][info][gc             ] GC(380) Pause Young (Allocation Failure) 287M->14M(989M) 39.962ms
[105.987s][info][gc,cpu         ] GC(380) User=0.05s Sys=0.00s Real=0.04s
[106.264s][info][gc,start       ] GC(381) Pause Young (Allocation Failure)
[106.304s][info][gc,heap        ] GC(381) DefNew: 280193K(314560K)->644K(314560K) Eden: 279550K(279616K)->0K(279616K) From: 643K(34944K)->644K(34944K)
[106.304s][info][gc,heap        ] GC(381) Tenured: 13819K(699072K)->13860K(699072K)
[106.304s][info][gc,metaspace   ] GC(381) Metaspace: 14232K(15104K)->14232K(15104K) NonClass: 12289K(12864K)->12289K(12864K) Class: 1943K(2240K)->1943K(2240K)
[106.304s][info][gc             ] GC(381) Pause Young (Allocation Failure) 287M->14M(989M) 39.991ms
[106.304s][info][gc,cpu         ] GC(381) User=0.05s Sys=0.00s Real=0.04s
[106.593s][info][gc,start       ] GC(382) Pause Young (Allocation Failure)
[106.627s][info][gc,heap        ] GC(382) DefNew: 280260K(314560K)->648K(314560K) Eden: 279616K(279616K)->0K(279616K) From: 644K(34944K)->648K(34944K)
[106.627s][info][gc,heap        ] GC(382) Tenured: 13860K(699072K)->13901K(699072K)
[106.627s][info][gc,metaspace   ] GC(382) Metaspace: 14232K(15104K)->14232K(15104K) NonClass: 12289K(12864K)->12289K(12864K) Class: 1943K(2240K)->1943K(2240K)
[106.627s][info][gc             ] GC(382) Pause Young (Allocation Failure) 287M->14M(989M) 34.675ms
[106.627s][info][gc,cpu         ] GC(382) User=0.03s Sys=0.00s Real=0.03s
[106.903s][info][gc,start       ] GC(383) Pause Young (Allocation Failure)
[106.936s][info][gc,heap        ] GC(383) DefNew: 280264K(314560K)->648K(314560K) Eden: 279616K(279616K)->0K(279616K) From: 648K(34944K)->648K(34944K)
[106.936s][info][gc,heap        ] GC(383) Tenured: 13901K(699072K)->13941K(699072K)
[106.936s][info][gc,metaspace   ] GC(383) Metaspace: 14232K(15104K)->14232K(15104K) NonClass: 12289K(12864K)->12289K(12864K) Class: 1943K(2240K)->1943K(2240K)
[106.936s][info][gc             ] GC(383) Pause Young (Allocation Failure) 287M->14M(989M) 33.644ms
[106.936s][info][gc,cpu         ] GC(383) User=0.02s Sys=0.00s Real=0.02s
[107.222s][info][gc,start       ] GC(384) Pause Young (Allocation Failure)
[107.254s][info][gc,heap        ] GC(384) DefNew: 280264K(314560K)->645K(314560K) Eden: 279616K(279616K)->0K(279616K) From: 648K(34944K)->645K(34944K)
[107.254s][info][gc,heap        ] GC(384) Tenured: 13941K(699072K)->13986K(699072K)
[107.254s][info][gc,metaspace   ] GC(384) Metaspace: 14232K(15104K)->14232K(15104K) NonClass: 12289K(12864K)->12289K(12864K) Class: 1943K(2240K)->1943K(2240K)
[107.254s][info][gc             ] GC(384) Pause Young (Allocation Failure) 287M->14M(989M) 32.209ms
[107.254s][info][gc,cpu         ] GC(384) User=0.02s Sys=0.00s Real=0.02s
[107.525s][info][gc,start       ] GC(385) Pause Young (Allocation Failure)
[107.560s][info][gc,heap        ] GC(385) DefNew: 280261K(314560K)->638K(314560K) Eden: 279616K(279616K)->0K(279616K) From: 645K(34944K)->638K(34944K)
[107.560s][info][gc,heap        ] GC(385) Tenured: 13986K(699072K)->14034K(699072K)
[107.560s][info][gc,metaspace   ] GC(385) Metaspace: 14232K(15104K)->14232K(15104K) NonClass: 12289K(12864K)->12289K(12864K) Class: 1943K(2240K)->1943K(2240K)
[107.560s][info][gc             ] GC(385) Pause Young (Allocation Failure) 287M->14M(989M) 35.084ms
[107.560s][info][gc,cpu         ] GC(385) User=0.02s Sys=0.00s Real=0.02s
[107.832s][info][gc,start       ] GC(386) Pause Young (Allocation Failure)
[107.867s][info][gc,heap        ] GC(386) DefNew: 280254K(314560K)->642K(314560K) Eden: 279616K(279616K)->0K(279616K) From: 638K(34944K)->642K(34944K)
[107.867s][info][gc,heap        ] GC(386) Tenured: 14034K(699072K)->14073K(699072K)
[107.867s][info][gc,metaspace   ] GC(386) Metaspace: 14232K(15104K)->14232K(15104K) NonClass: 12289K(12864K)->12289K(12864K) Class: 1943K(2240K)->1943K(2240K)
[107.867s][info][gc             ] GC(386) Pause Young (Allocation Failure) 287M->14M(989M) 34.949ms
[107.867s][info][gc,cpu         ] GC(386) User=0.02s Sys=0.00s Real=0.02s
[108.136s][info][gc,start       ] GC(387) Pause Young (Allocation Failure)
[108.172s][info][gc,heap        ] GC(387) DefNew: 280258K(314560K)->642K(314560K) Eden: 279616K(279616K)->0K(279616K) From: 642K(34944K)->642K(34944K)
[108.172s][info][gc,heap        ] GC(387) Tenured: 14073K(699072K)->14114K(699072K)
[108.172s][info][gc,metaspace   ] GC(387) Metaspace: 14232K(15104K)->14232K(15104K) NonClass: 12289K(12864K)->12289K(12864K) Class: 1943K(2240K)->1943K(2240K)
[108.172s][info][gc             ] GC(387) Pause Young (Allocation Failure) 287M->14M(989M) 35.982ms
[108.172s][info][gc,cpu         ] GC(387) User=0.03s Sys=0.00s Real=0.04s
[108.445s][info][gc,start       ] GC(388) Pause Young (Allocation Failure)
[108.474s][info][gc,heap        ] GC(388) DefNew: 280258K(314560K)->640K(314560K) Eden: 279616K(279616K)->0K(279616K) From: 642K(34944K)->640K(34944K)
[108.474s][info][gc,heap        ] GC(388) Tenured: 14114K(699072K)->14158K(699072K)
[108.474s][info][gc,metaspace   ] GC(388) Metaspace: 14232K(15104K)->14232K(15104K) NonClass: 12289K(12864K)->12289K(12864K) Class: 1943K(2240K)->1943K(2240K)
[108.474s][info][gc             ] GC(388) Pause Young (Allocation Failure) 287M->14M(989M) 28.629ms
[108.474s][info][gc,cpu         ] GC(388) User=0.02s Sys=0.00s Real=0.02s
[108.744s][info][gc,start       ] GC(389) Pause Young (Allocation Failure)
[108.781s][info][gc,heap        ] GC(389) DefNew: 280256K(314560K)->637K(314560K) Eden: 279616K(279616K)->0K(279616K) From: 640K(34944K)->637K(34944K)
[108.781s][info][gc,heap        ] GC(389) Tenured: 14158K(699072K)->14200K(699072K)
[108.781s][info][gc,metaspace   ] GC(389) Metaspace: 14232K(15104K)->14232K(15104K) NonClass: 12289K(12864K)->12289K(12864K) Class: 1943K(2240K)->1943K(2240K)
[108.781s][info][gc             ] GC(389) Pause Young (Allocation Failure) 287M->14M(989M) 37.009ms
[108.781s][info][gc,cpu         ] GC(389) User=0.03s Sys=0.00s Real=0.04s
[109.054s][info][gc,start       ] GC(390) Pause Young (Allocation Failure)
[109.091s][info][gc,heap        ] GC(390) DefNew: 280253K(314560K)->634K(314560K) Eden: 279616K(279616K)->0K(279616K) From: 637K(34944K)->634K(34944K)
[109.092s][info][gc,heap        ] GC(390) Tenured: 14200K(699072K)->14244K(699072K)
[109.092s][info][gc,metaspace   ] GC(390) Metaspace: 14232K(15104K)->14232K(15104K) NonClass: 12289K(12864K)->12289K(12864K) Class: 1943K(2240K)->1943K(2240K)
[109.092s][info][gc             ] GC(390) Pause Young (Allocation Failure) 287M->14M(989M) 37.802ms
[109.092s][info][gc,cpu         ] GC(390) User=0.03s Sys=0.00s Real=0.04s
[109.363s][info][gc,start       ] GC(391) Pause Young (Allocation Failure)
[109.402s][info][gc,heap        ] GC(391) DefNew: 280250K(314560K)->634K(314560K) Eden: 279616K(279616K)->0K(279616K) From: 634K(34944K)->634K(34944K)
[109.402s][info][gc,heap        ] GC(391) Tenured: 14244K(699072K)->14289K(699072K)
[109.402s][info][gc,metaspace   ] GC(391) Metaspace: 14232K(15104K)->14232K(15104K) NonClass: 12289K(12864K)->12289K(12864K) Class: 1943K(2240K)->1943K(2240K)
[109.402s][info][gc             ] GC(391) Pause Young (Allocation Failure) 287M->14M(989M) 39.309ms
[109.402s][info][gc,cpu         ] GC(391) User=0.02s Sys=0.00s Real=0.03s
[109.673s][info][gc,start       ] GC(392) Pause Young (Allocation Failure)
[109.702s][info][gc,heap        ] GC(392) DefNew: 280250K(314560K)->628K(314560K) Eden: 279616K(279616K)->0K(279616K) From: 634K(34944K)->628K(34944K)
[109.702s][info][gc,heap        ] GC(392) Tenured: 14289K(699072K)->14333K(699072K)
[109.702s][info][gc,metaspace   ] GC(392) Metaspace: 14232K(15104K)->14232K(15104K) NonClass: 12289K(12864K)->12289K(12864K) Class: 1943K(2240K)->1943K(2240K)
[109.702s][info][gc             ] GC(392) Pause Young (Allocation Failure) 287M->14M(989M) 29.875ms
[109.702s][info][gc,cpu         ] GC(392) User=0.03s Sys=0.00s Real=0.03s
[110.106s][info][gc,start       ] GC(393) Pause Young (Allocation Failure)
[110.147s][info][gc,heap        ] GC(393) DefNew: 280244K(314560K)->630K(314560K) Eden: 279616K(279616K)->0K(279616K) From: 628K(34944K)->630K(34944K)
[110.147s][info][gc,heap        ] GC(393) Tenured: 14333K(699072K)->14374K(699072K)
[110.147s][info][gc,metaspace   ] GC(393) Metaspace: 14232K(15104K)->14232K(15104K) NonClass: 12289K(12864K)->12289K(12864K) Class: 1943K(2240K)->1943K(2240K)
[110.147s][info][gc             ] GC(393) Pause Young (Allocation Failure) 287M->14M(989M) 40.446ms
[110.147s][info][gc,cpu         ] GC(393) User=0.05s Sys=0.00s Real=0.04s
[110.430s][info][gc,start       ] GC(394) Pause Young (Allocation Failure)
[110.458s][info][gc,heap        ] GC(394) DefNew: 280246K(314560K)->634K(314560K) Eden: 279616K(279616K)->0K(279616K) From: 630K(34944K)->634K(34944K)
[110.458s][info][gc,heap        ] GC(394) Tenured: 14374K(699072K)->14412K(699072K)
[110.458s][info][gc,metaspace   ] GC(394) Metaspace: 14232K(15104K)->14232K(15104K) NonClass: 12289K(12864K)->12289K(12864K) Class: 1943K(2240K)->1943K(2240K)
[110.459s][info][gc             ] GC(394) Pause Young (Allocation Failure) 287M->14M(989M) 28.095ms
[110.459s][info][gc,cpu         ] GC(394) User=0.02s Sys=0.00s Real=0.02s
[110.751s][info][gc,start       ] GC(395) Pause Young (Allocation Failure)
[110.777s][info][gc,heap        ] GC(395) DefNew: 280250K(314560K)->637K(314560K) Eden: 279616K(279616K)->0K(279616K) From: 634K(34944K)->637K(34944K)
[110.777s][info][gc,heap        ] GC(395) Tenured: 14412K(699072K)->14454K(699072K)
[110.777s][info][gc,metaspace   ] GC(395) Metaspace: 14232K(15104K)->14232K(15104K) NonClass: 12289K(12864K)->12289K(12864K) Class: 1943K(2240K)->1943K(2240K)
[110.777s][info][gc             ] GC(395) Pause Young (Allocation Failure) 287M->14M(989M) 25.918ms
[110.777s][info][gc,cpu         ] GC(395) User=0.02s Sys=0.00s Real=0.02s
[111.049s][info][gc,start       ] GC(396) Pause Young (Allocation Failure)
[111.083s][info][gc,heap        ] GC(396) DefNew: 280253K(314560K)->638K(314560K) Eden: 279616K(279616K)->0K(279616K) From: 637K(34944K)->638K(34944K)
[111.083s][info][gc,heap        ] GC(396) Tenured: 14454K(699072K)->14495K(699072K)
[111.083s][info][gc,metaspace   ] GC(396) Metaspace: 14232K(15104K)->14232K(15104K) NonClass: 12289K(12864K)->12289K(12864K) Class: 1943K(2240K)->1943K(2240K)
[111.083s][info][gc             ] GC(396) Pause Young (Allocation Failure) 287M->14M(989M) 33.679ms
[111.083s][info][gc,cpu         ] GC(396) User=0.02s Sys=0.00s Real=0.02s
[111.355s][info][gc,start       ] GC(397) Pause Young (Allocation Failure)
[111.390s][info][gc,heap        ] GC(397) DefNew: 280254K(314560K)->634K(314560K) Eden: 279616K(279616K)->0K(279616K) From: 638K(34944K)->634K(34944K)
[111.390s][info][gc,heap        ] GC(397) Tenured: 14495K(699072K)->14540K(699072K)
[111.390s][info][gc,metaspace   ] GC(397) Metaspace: 14232K(15104K)->14232K(15104K) NonClass: 12289K(12864K)->12289K(12864K) Class: 1943K(2240K)->1943K(2240K)
[111.390s][info][gc             ] GC(397) Pause Young (Allocation Failure) 287M->14M(989M) 35.168ms
[111.390s][info][gc,cpu         ] GC(397) User=0.03s Sys=0.00s Real=0.03s
[111.661s][info][gc,start       ] GC(398) Pause Young (Allocation Failure)
[111.696s][info][gc,heap        ] GC(398) DefNew: 280250K(314560K)->634K(314560K) Eden: 279616K(279616K)->0K(279616K) From: 634K(34944K)->634K(34944K)
[111.696s][info][gc,heap        ] GC(398) Tenured: 14540K(699072K)->14581K(699072K)
[111.696s][info][gc,metaspace   ] GC(398) Metaspace: 14232K(15104K)->14232K(15104K) NonClass: 12289K(12864K)->12289K(12864K) Class: 1943K(2240K)->1943K(2240K)
[111.696s][info][gc             ] GC(398) Pause Young (Allocation Failure) 287M->14M(989M) 35.159ms
[111.696s][info][gc,cpu         ] GC(398) User=0.03s Sys=0.00s Real=0.03s
[111.971s][info][gc,start       ] GC(399) Pause Young (Allocation Failure)
[112.005s][info][gc,heap        ] GC(399) DefNew: 280250K(314560K)->637K(314560K) Eden: 279616K(279616K)->0K(279616K) From: 634K(34944K)->637K(34944K)
[112.006s][info][gc,heap        ] GC(399) Tenured: 14581K(699072K)->14623K(699072K)
[112.006s][info][gc,metaspace   ] GC(399) Metaspace: 14232K(15104K)->14232K(15104K) NonClass: 12289K(12864K)->12289K(12864K) Class: 1943K(2240K)->1943K(2240K)
[112.006s][info][gc             ] GC(399) Pause Young (Allocation Failure) 287M->14M(989M) 34.912ms
[112.006s][info][gc,cpu         ] GC(399) User=0.03s Sys=0.00s Real=0.03s
[112.281s][info][gc,start       ] GC(400) Pause Young (Allocation Failure)
[112.318s][info][gc,heap        ] GC(400) DefNew: 280253K(314560K)->640K(314560K) Eden: 279616K(279616K)->0K(279616K) From: 637K(34944K)->640K(34944K)
[112.318s][info][gc,heap        ] GC(400) Tenured: 14623K(699072K)->14665K(699072K)
[112.318s][info][gc,metaspace   ] GC(400) Metaspace: 14232K(15104K)->14232K(15104K) NonClass: 12289K(12864K)->12289K(12864K) Class: 1943K(2240K)->1943K(2240K)
[112.318s][info][gc             ] GC(400) Pause Young (Allocation Failure) 287M->14M(989M) 36.245ms
[112.318s][info][gc,cpu         ] GC(400) User=0.05s Sys=0.00s Real=0.04s
[112.596s][info][gc,start       ] GC(401) Pause Young (Allocation Failure)
[112.633s][info][gc,heap        ] GC(401) DefNew: 280256K(314560K)->642K(314560K) Eden: 279616K(279616K)->0K(279616K) From: 640K(34944K)->642K(34944K)
[112.633s][info][gc,heap        ] GC(401) Tenured: 14665K(699072K)->14706K(699072K)
[112.633s][info][gc,metaspace   ] GC(401) Metaspace: 14232K(15104K)->14232K(15104K) NonClass: 12289K(12864K)->12289K(12864K) Class: 1943K(2240K)->1943K(2240K)
[112.633s][info][gc             ] GC(401) Pause Young (Allocation Failure) 288M->14M(989M) 37.134ms
[112.633s][info][gc,cpu         ] GC(401) User=0.03s Sys=0.00s Real=0.03s
[112.908s][info][gc,start       ] GC(402) Pause Young (Allocation Failure)
[112.947s][info][gc,heap        ] GC(402) DefNew: 280258K(314560K)->642K(314560K) Eden: 279616K(279616K)->0K(279616K) From: 642K(34944K)->642K(34944K)
[112.947s][info][gc,heap        ] GC(402) Tenured: 14706K(699072K)->14748K(699072K)
[112.947s][info][gc,metaspace   ] GC(402) Metaspace: 14232K(15104K)->14232K(15104K) NonClass: 12289K(12864K)->12289K(12864K) Class: 1943K(2240K)->1943K(2240K)
[112.947s][info][gc             ] GC(402) Pause Young (Allocation Failure) 288M->15M(989M) 38.602ms
[112.947s][info][gc,cpu         ] GC(402) User=0.03s Sys=0.00s Real=0.04s
[113.221s][info][gc,start       ] GC(403) Pause Young (Allocation Failure)
[113.251s][info][gc,heap        ] GC(403) DefNew: 280258K(314560K)->643K(314560K) Eden: 279616K(279616K)->0K(279616K) From: 642K(34944K)->643K(34944K)
[113.251s][info][gc,heap        ] GC(403) Tenured: 14748K(699072K)->14790K(699072K)
[113.251s][info][gc,metaspace   ] GC(403) Metaspace: 14232K(15104K)->14232K(15104K) NonClass: 12289K(12864K)->12289K(12864K) Class: 1943K(2240K)->1943K(2240K)
[113.251s][info][gc             ] GC(403) Pause Young (Allocation Failure) 288M->15M(989M) 29.904ms
[113.251s][info][gc,cpu         ] GC(403) User=0.02s Sys=0.00s Real=0.03s
[113.522s][info][gc,start       ] GC(404) Pause Young (Allocation Failure)
[113.561s][info][gc,heap        ] GC(404) DefNew: 280259K(314560K)->645K(314560K) Eden: 279616K(279616K)->0K(279616K) From: 643K(34944K)->645K(34944K)
[113.561s][info][gc,heap        ] GC(404) Tenured: 14790K(699072K)->14828K(699072K)
[113.561s][info][gc,metaspace   ] GC(404) Metaspace: 14232K(15104K)->14232K(15104K) NonClass: 12289K(12864K)->12289K(12864K) Class: 1943K(2240K)->1943K(2240K)
[113.561s][info][gc             ] GC(404) Pause Young (Allocation Failure) 288M->15M(989M) 39.249ms
[113.561s][info][gc,cpu         ] GC(404) User=0.03s Sys=0.00s Real=0.04s
[113.834s][info][gc,start       ] GC(405) Pause Young (Allocation Failure)
[113.875s][info][gc,heap        ] GC(405) DefNew: 280261K(314560K)->648K(314560K) Eden: 279616K(279616K)->0K(279616K) From: 645K(34944K)->648K(34944K)
[113.875s][info][gc,heap        ] GC(405) Tenured: 14828K(699072K)->14869K(699072K)
[113.875s][info][gc,metaspace   ] GC(405) Metaspace: 14232K(15104K)->14232K(15104K) NonClass: 12289K(12864K)->12289K(12864K) Class: 1943K(2240K)->1943K(2240K)
[113.875s][info][gc             ] GC(405) Pause Young (Allocation Failure) 288M->15M(989M) 40.791ms
[113.875s][info][gc,cpu         ] GC(405) User=0.03s Sys=0.00s Real=0.04s
[114.149s][info][gc,start       ] GC(406) Pause Young (Allocation Failure)
[114.189s][info][gc,heap        ] GC(406) DefNew: 280264K(314560K)->643K(314560K) Eden: 279616K(279616K)->0K(279616K) From: 648K(34944K)->643K(34944K)
[114.189s][info][gc,heap        ] GC(406) Tenured: 14869K(699072K)->14915K(699072K)
[114.189s][info][gc,metaspace   ] GC(406) Metaspace: 14232K(15104K)->14232K(15104K) NonClass: 12289K(12864K)->12289K(12864K) Class: 1943K(2240K)->1943K(2240K)
[114.189s][info][gc             ] GC(406) Pause Young (Allocation Failure) 288M->15M(989M) 39.999ms
[114.189s][info][gc,cpu         ] GC(406) User=0.05s Sys=0.00s Real=0.04s
[114.471s][info][gc,start       ] GC(407) Pause Young (Allocation Failure)
[114.506s][info][gc,heap        ] GC(407) DefNew: 280259K(314560K)->647K(314560K) Eden: 279616K(279616K)->0K(279616K) From: 643K(34944K)->647K(34944K)
[114.506s][info][gc,heap        ] GC(407) Tenured: 14915K(699072K)->14953K(699072K)
[114.506s][info][gc,metaspace   ] GC(407) Metaspace: 14232K(15104K)->14232K(15104K) NonClass: 12289K(12864K)->12289K(12864K) Class: 1943K(2240K)->1943K(2240K)
[114.506s][info][gc             ] GC(407) Pause Young (Allocation Failure) 288M->15M(989M) 34.810ms
[114.506s][info][gc,cpu         ] GC(407) User=0.03s Sys=0.00s Real=0.04s
[114.785s][info][gc,start       ] GC(408) Pause Young (Allocation Failure)
[114.818s][info][gc,heap        ] GC(408) DefNew: 280263K(314560K)->646K(314560K) Eden: 279616K(279616K)->0K(279616K) From: 647K(34944K)->646K(34944K)
[114.818s][info][gc,heap        ] GC(408) Tenured: 14953K(699072K)->14995K(699072K)
[114.818s][info][gc,metaspace   ] GC(408) Metaspace: 14232K(15104K)->14232K(15104K) NonClass: 12289K(12864K)->12289K(12864K) Class: 1943K(2240K)->1943K(2240K)
[114.818s][info][gc             ] GC(408) Pause Young (Allocation Failure) 288M->15M(989M) 32.717ms
[114.818s][info][gc,cpu         ] GC(408) User=0.03s Sys=0.00s Real=0.03s
[115.094s][info][gc,start       ] GC(409) Pause Young (Allocation Failure)
[115.129s][info][gc,heap        ] GC(409) DefNew: 280262K(314560K)->646K(314560K) Eden: 279616K(279616K)->0K(279616K) From: 646K(34944K)->646K(34944K)
[115.129s][info][gc,heap        ] GC(409) Tenured: 14995K(699072K)->15039K(699072K)
[115.129s][info][gc,metaspace   ] GC(409) Metaspace: 14232K(15104K)->14232K(15104K) NonClass: 12289K(12864K)->12289K(12864K) Class: 1943K(2240K)->1943K(2240K)
[115.129s][info][gc             ] GC(409) Pause Young (Allocation Failure) 288M->15M(989M) 34.757ms
[115.129s][info][gc,cpu         ] GC(409) User=0.03s Sys=0.00s Real=0.03s
[115.397s][info][gc,start       ] GC(410) Pause Young (Allocation Failure)
[115.434s][info][gc,heap        ] GC(410) DefNew: 280262K(314560K)->642K(314560K) Eden: 279616K(279616K)->0K(279616K) From: 646K(34944K)->642K(34944K)
[115.434s][info][gc,heap        ] GC(410) Tenured: 15039K(699072K)->15084K(699072K)
[115.434s][info][gc,metaspace   ] GC(410) Metaspace: 14235K(15104K)->14235K(15104K) NonClass: 12292K(12864K)->12292K(12864K) Class: 1943K(2240K)->1943K(2240K)
[115.434s][info][gc             ] GC(410) Pause Young (Allocation Failure) 288M->15M(989M) 36.849ms
[115.434s][info][gc,cpu         ] GC(410) User=0.03s Sys=0.00s Real=0.04s
[115.679s][info][gc,start       ] GC(411) Pause Young (Allocation Failure)
[115.717s][info][gc,heap        ] GC(411) DefNew: 280258K(314560K)->640K(314560K) Eden: 279616K(279616K)->0K(279616K) From: 642K(34944K)->640K(34944K)
[115.717s][info][gc,heap        ] GC(411) Tenured: 15084K(699072K)->15125K(699072K)
[115.717s][info][gc,metaspace   ] GC(411) Metaspace: 14235K(15104K)->14235K(15104K) NonClass: 12292K(12864K)->12292K(12864K) Class: 1943K(2240K)->1943K(2240K)
[115.717s][info][gc             ] GC(411) Pause Young (Allocation Failure) 288M->15M(989M) 37.283ms
[115.717s][info][gc,cpu         ] GC(411) User=0.03s Sys=0.00s Real=0.03s
[115.889s][info][gc,start       ] GC(412) Pause Young (Allocation Failure)
[115.915s][info][gc,heap        ] GC(412) DefNew: 280256K(314560K)->621K(314560K) Eden: 279616K(279616K)->0K(279616K) From: 640K(34944K)->621K(34944K)
[115.915s][info][gc,heap        ] GC(412) Tenured: 15125K(699072K)->15166K(699072K)
[115.915s][info][gc,metaspace   ] GC(412) Metaspace: 14238K(15104K)->14238K(15104K) NonClass: 12295K(12864K)->12295K(12864K) Class: 1943K(2240K)->1943K(2240K)
[115.915s][info][gc             ] GC(412) Pause Young (Allocation Failure) 288M->15M(989M) 26.305ms
[115.915s][info][gc,cpu         ] GC(412) User=0.03s Sys=0.00s Real=0.02s
[116.209s][info][gc,start       ] GC(413) Pause Young (Allocation Failure)
[116.246s][info][gc,heap        ] GC(413) DefNew: 280237K(314560K)->624K(314560K) Eden: 279616K(279616K)->0K(279616K) From: 621K(34944K)->624K(34944K)
[116.246s][info][gc,heap        ] GC(413) Tenured: 15166K(699072K)->15208K(699072K)
[116.246s][info][gc,metaspace   ] GC(413) Metaspace: 14238K(15104K)->14238K(15104K) NonClass: 12295K(12864K)->12295K(12864K) Class: 1943K(2240K)->1943K(2240K)
[116.246s][info][gc             ] GC(413) Pause Young (Allocation Failure) 288M->15M(989M) 36.898ms
[116.246s][info][gc,cpu         ] GC(413) User=0.03s Sys=0.00s Real=0.04s
[116.457s][info][gc,start       ] GC(414) Pause Full (System.gc())
[116.457s][info][gc,phases,start] GC(414) Phase 1: Mark live objects
[116.491s][info][gc,phases      ] GC(414) Phase 1: Mark live objects 33.665ms
[116.491s][info][gc,phases,start] GC(414) Phase 2: Compute new object addresses
[116.517s][info][gc,phases      ] GC(414) Phase 2: Compute new object addresses 26.730ms
[116.517s][info][gc,phases,start] GC(414) Phase 3: Adjust pointers
[116.537s][info][gc,phases      ] GC(414) Phase 3: Adjust pointers 19.529ms
[116.537s][info][gc,phases,start] GC(414) Phase 4: Move objects
[116.537s][info][gc,phases      ] GC(414) Phase 4: Move objects 0.013ms
[116.537s][info][gc,heap        ] GC(414) DefNew: 111652K(314560K)->0K(314560K) Eden: 111027K(279616K)->0K(279616K) From: 624K(34944K)->0K(34944K)
[116.537s][info][gc,heap        ] GC(414) Tenured: 15208K(699072K)->15208K(699072K)
[116.537s][info][gc,metaspace   ] GC(414) Metaspace: 14238K(15104K)->14238K(15104K) NonClass: 12295K(12864K)->12295K(12864K) Class: 1943K(2240K)->1943K(2240K)
[116.537s][info][gc             ] GC(414) Pause Full (System.gc()) 123M->14M(989M) 80.331ms
[116.537s][info][gc,cpu         ] GC(414) User=0.08s Sys=0.00s Real=0.08s
[116.772s][info][gc,start       ] GC(415) Pause Young (Allocation Failure)
[116.800s][info][gc,heap        ] GC(415) DefNew: 279616K(314560K)->1498K(314560K) Eden: 279616K(279616K)->0K(279616K) From: 0K(34944K)->1498K(34944K)
[116.800s][info][gc,heap        ] GC(415) Tenured: 15208K(699072K)->15208K(699072K)
[116.800s][info][gc,metaspace   ] GC(415) Metaspace: 14238K(15104K)->14238K(15104K) NonClass: 12295K(12864K)->12295K(12864K) Class: 1943K(2240K)->1943K(2240K)
[116.800s][info][gc             ] GC(415) Pause Young (Allocation Failure) 287M->16M(989M) 27.509ms
[116.800s][info][gc,cpu         ] GC(415) User=0.02s Sys=0.00s Real=0.02s
[117.064s][info][gc,start       ] GC(416) Pause Young (Allocation Failure)
[117.094s][info][gc,heap        ] GC(416) DefNew: 281114K(314560K)->1542K(314560K) Eden: 279616K(279616K)->0K(279616K) From: 1498K(34944K)->1542K(34944K)
[117.094s][info][gc,heap        ] GC(416) Tenured: 15208K(699072K)->15208K(699072K)
[117.094s][info][gc,metaspace   ] GC(416) Metaspace: 14238K(15104K)->14238K(15104K) NonClass: 12295K(12864K)->12295K(12864K) Class: 1943K(2240K)->1943K(2240K)
[117.094s][info][gc             ] GC(416) Pause Young (Allocation Failure) 289M->16M(989M) 29.962ms
[117.094s][info][gc,cpu         ] GC(416) User=0.02s Sys=0.00s Real=0.03s
[117.359s][info][gc,start       ] GC(417) Pause Young (Allocation Failure)
[117.398s][info][gc,heap        ] GC(417) DefNew: 281158K(314560K)->1584K(314560K) Eden: 279616K(279616K)->0K(279616K) From: 1542K(34944K)->1584K(34944K)
[117.398s][info][gc,heap        ] GC(417) Tenured: 15208K(699072K)->15208K(699072K)
[117.398s][info][gc,metaspace   ] GC(417) Metaspace: 14238K(15104K)->14238K(15104K) NonClass: 12295K(12864K)->12295K(12864K) Class: 1943K(2240K)->1943K(2240K)
[117.398s][info][gc             ] GC(417) Pause Young (Allocation Failure) 289M->16M(989M) 39.519ms
[117.398s][info][gc,cpu         ] GC(417) User=0.05s Sys=0.00s Real=0.04s
[117.661s][info][gc,start       ] GC(418) Pause Young (Allocation Failure)
[117.700s][info][gc,heap        ] GC(418) DefNew: 281200K(314560K)->1624K(314560K) Eden: 279616K(279616K)->0K(279616K) From: 1584K(34944K)->1624K(34944K)
[117.700s][info][gc,heap        ] GC(418) Tenured: 15208K(699072K)->15208K(699072K)
[117.700s][info][gc,metaspace   ] GC(418) Metaspace: 14238K(15104K)->14238K(15104K) NonClass: 12295K(12864K)->12295K(12864K) Class: 1943K(2240K)->1943K(2240K)
[117.701s][info][gc             ] GC(418) Pause Young (Allocation Failure) 289M->16M(989M) 39.721ms
[117.701s][info][gc,cpu         ] GC(418) User=0.03s Sys=0.00s Real=0.04s
[118.053s][info][gc,start       ] GC(419) Pause Young (Allocation Failure)
[118.097s][info][gc,heap        ] GC(419) DefNew: 281240K(314560K)->1664K(314560K) Eden: 279616K(279616K)->0K(279616K) From: 1624K(34944K)->1664K(34944K)
[118.097s][info][gc,heap        ] GC(419) Tenured: 15208K(699072K)->15208K(699072K)
[118.097s][info][gc,metaspace   ] GC(419) Metaspace: 14238K(15104K)->14238K(15104K) NonClass: 12295K(12864K)->12295K(12864K) Class: 1943K(2240K)->1943K(2240K)
[118.097s][info][gc             ] GC(419) Pause Young (Allocation Failure) 289M->16M(989M) 43.543ms
[118.097s][info][gc,cpu         ] GC(419) User=0.03s Sys=0.00s Real=0.03s
[118.372s][info][gc,start       ] GC(420) Pause Young (Allocation Failure)
[118.400s][info][gc,heap        ] GC(420) DefNew: 281280K(314560K)->1705K(314560K) Eden: 279616K(279616K)->0K(279616K) From: 1664K(34944K)->1705K(34944K)
[118.400s][info][gc,heap        ] GC(420) Tenured: 15208K(699072K)->15208K(699072K)
[118.400s][info][gc,metaspace   ] GC(420) Metaspace: 14238K(15104K)->14238K(15104K) NonClass: 12295K(12864K)->12295K(12864K) Class: 1943K(2240K)->1943K(2240K)
[118.400s][info][gc             ] GC(420) Pause Young (Allocation Failure) 289M->16M(989M) 27.968ms
[118.400s][info][gc,cpu         ] GC(420) User=0.03s Sys=0.00s Real=0.02s
[118.688s][info][gc,start       ] GC(421) Pause Young (Allocation Failure)
[118.721s][info][gc,heap        ] GC(421) DefNew: 281321K(314560K)->1750K(314560K) Eden: 279616K(279616K)->0K(279616K) From: 1705K(34944K)->1750K(34944K)
[118.721s][info][gc,heap        ] GC(421) Tenured: 15208K(699072K)->15208K(699072K)
[118.721s][info][gc,metaspace   ] GC(421) Metaspace: 14238K(15104K)->14238K(15104K) NonClass: 12295K(12864K)->12295K(12864K) Class: 1943K(2240K)->1943K(2240K)
[118.721s][info][gc             ] GC(421) Pause Young (Allocation Failure) 289M->16M(989M) 32.941ms
[118.721s][info][gc,cpu         ] GC(421) User=0.03s Sys=0.00s Real=0.03s
[118.979s][info][gc,start       ] GC(422) Pause Young (Allocation Failure)
[119.035s][info][gc,heap        ] GC(422) DefNew: 281366K(314560K)->1793K(314560K) Eden: 279616K(279616K)->0K(279616K) From: 1750K(34944K)->1793K(34944K)
[119.035s][info][gc,heap        ] GC(422) Tenured: 15208K(699072K)->15208K(699072K)
[119.035s][info][gc,metaspace   ] GC(422) Metaspace: 14238K(15104K)->14238K(15104K) NonClass: 12295K(12864K)->12295K(12864K) Class: 1943K(2240K)->1943K(2240K)
[119.035s][info][gc             ] GC(422) Pause Young (Allocation Failure) 289M->16M(989M) 55.489ms
[119.035s][info][gc,cpu         ] GC(422) User=0.03s Sys=0.00s Real=0.05s
[119.295s][info][gc,start       ] GC(423) Pause Young (Allocation Failure)
[119.330s][info][gc,heap        ] GC(423) DefNew: 281409K(314560K)->1830K(314560K) Eden: 279616K(279616K)->0K(279616K) From: 1793K(34944K)->1830K(34944K)
[119.330s][info][gc,heap        ] GC(423) Tenured: 15208K(699072K)->15208K(699072K)
[119.330s][info][gc,metaspace   ] GC(423) Metaspace: 14238K(15104K)->14238K(15104K) NonClass: 12295K(12864K)->12295K(12864K) Class: 1943K(2240K)->1943K(2240K)
[119.330s][info][gc             ] GC(423) Pause Young (Allocation Failure) 289M->16M(989M) 34.964ms
[119.330s][info][gc,cpu         ] GC(423) User=0.05s Sys=0.00s Real=0.04s
[119.588s][info][gc,start       ] GC(424) Pause Young (Allocation Failure)
[119.624s][info][gc,heap        ] GC(424) DefNew: 281446K(314560K)->1872K(314560K) Eden: 279616K(279616K)->0K(279616K) From: 1830K(34944K)->1872K(34944K)
[119.624s][info][gc,heap        ] GC(424) Tenured: 15208K(699072K)->15208K(699072K)
[119.624s][info][gc,metaspace   ] GC(424) Metaspace: 14238K(15104K)->14238K(15104K) NonClass: 12295K(12864K)->12295K(12864K) Class: 1943K(2240K)->1943K(2240K)
[119.624s][info][gc             ] GC(424) Pause Young (Allocation Failure) 289M->16M(989M) 35.654ms
[119.624s][info][gc,cpu         ] GC(424) User=0.03s Sys=0.00s Real=0.02s
[119.887s][info][gc,start       ] GC(425) Pause Young (Allocation Failure)
[119.924s][info][gc,heap        ] GC(425) DefNew: 281488K(314560K)->1915K(314560K) Eden: 279616K(279616K)->0K(279616K) From: 1872K(34944K)->1915K(34944K)
[119.924s][info][gc,heap        ] GC(425) Tenured: 15208K(699072K)->15208K(699072K)
[119.924s][info][gc,metaspace   ] GC(425) Metaspace: 14238K(15104K)->14238K(15104K) NonClass: 12295K(12864K)->12295K(12864K) Class: 1943K(2240K)->1943K(2240K)
[119.924s][info][gc             ] GC(425) Pause Young (Allocation Failure) 289M->16M(989M) 37.194ms
[119.924s][info][gc,cpu         ] GC(425) User=0.05s Sys=0.00s Real=0.04s
[120.200s][info][gc,start       ] GC(426) Pause Young (Allocation Failure)
[120.233s][info][gc,heap        ] GC(426) DefNew: 281531K(314560K)->1959K(314560K) Eden: 279616K(279616K)->0K(279616K) From: 1915K(34944K)->1959K(34944K)
[120.233s][info][gc,heap        ] GC(426) Tenured: 15208K(699072K)->15208K(699072K)
[120.233s][info][gc,metaspace   ] GC(426) Metaspace: 14238K(15104K)->14238K(15104K) NonClass: 12295K(12864K)->12295K(12864K) Class: 1943K(2240K)->1943K(2240K)
[120.233s][info][gc             ] GC(426) Pause Young (Allocation Failure) 289M->16M(989M) 33.401ms
[120.233s][info][gc,cpu         ] GC(426) User=0.03s Sys=0.00s Real=0.03s
[120.496s][info][gc,start       ] GC(427) Pause Young (Allocation Failure)
[120.531s][info][gc,heap        ] GC(427) DefNew: 281575K(314560K)->1999K(314560K) Eden: 279616K(279616K)->0K(279616K) From: 1959K(34944K)->1999K(34944K)
[120.531s][info][gc,heap        ] GC(427) Tenured: 15208K(699072K)->15208K(699072K)
[120.531s][info][gc,metaspace   ] GC(427) Metaspace: 14238K(15104K)->14238K(15104K) NonClass: 12295K(12864K)->12295K(12864K) Class: 1943K(2240K)->1943K(2240K)
[120.531s][info][gc             ] GC(427) Pause Young (Allocation Failure) 289M->16M(989M) 34.732ms
[120.531s][info][gc,cpu         ] GC(427) User=0.03s Sys=0.00s Real=0.03s
[120.799s][info][gc,start       ] GC(428) Pause Young (Allocation Failure)
[120.838s][info][gc,heap        ] GC(428) DefNew: 281615K(314560K)->2040K(314560K) Eden: 279616K(279616K)->0K(279616K) From: 1999K(34944K)->2040K(34944K)
[120.838s][info][gc,heap        ] GC(428) Tenured: 15208K(699072K)->15208K(699072K)
[120.838s][info][gc,metaspace   ] GC(428) Metaspace: 14238K(15104K)->14238K(15104K) NonClass: 12295K(12864K)->12295K(12864K) Class: 1943K(2240K)->1943K(2240K)
[120.838s][info][gc             ] GC(428) Pause Young (Allocation Failure) 289M->16M(989M) 38.713ms
[120.838s][info][gc,cpu         ] GC(428) User=0.03s Sys=0.00s Real=0.04s
[121.106s][info][gc,start       ] GC(429) Pause Young (Allocation Failure)
[121.146s][info][gc,heap        ] GC(429) DefNew: 281656K(314560K)->2081K(314560K) Eden: 279616K(279616K)->0K(279616K) From: 2040K(34944K)->2081K(34944K)
[121.146s][info][gc,heap        ] GC(429) Tenured: 15208K(699072K)->15208K(699072K)
[121.146s][info][gc,metaspace   ] GC(429) Metaspace: 14238K(15104K)->14238K(15104K) NonClass: 12295K(12864K)->12295K(12864K) Class: 1943K(2240K)->1943K(2240K)
[121.146s][info][gc             ] GC(429) Pause Young (Allocation Failure) 289M->16M(989M) 40.374ms
[121.146s][info][gc,cpu         ] GC(429) User=0.05s Sys=0.00s Real=0.04s
[121.409s][info][gc,start       ] GC(430) Pause Young (Allocation Failure)
[121.449s][info][gc,heap        ] GC(430) DefNew: 281697K(314560K)->633K(314560K) Eden: 279616K(279616K)->0K(279616K) From: 2081K(34944K)->633K(34944K)
[121.449s][info][gc,heap        ] GC(430) Tenured: 15208K(699072K)->16697K(699072K)
[121.449s][info][gc,metaspace   ] GC(430) Metaspace: 14238K(15104K)->14238K(15104K) NonClass: 12295K(12864K)->12295K(12864K) Class: 1943K(2240K)->1943K(2240K)
[121.449s][info][gc             ] GC(430) Pause Young (Allocation Failure) 289M->16M(989M) 40.269ms
[121.449s][info][gc,cpu         ] GC(430) User=0.02s Sys=0.00s Real=0.03s
[121.719s][info][gc,start       ] GC(431) Pause Young (Allocation Failure)
[121.759s][info][gc,heap        ] GC(431) DefNew: 280249K(314560K)->632K(314560K) Eden: 279616K(279616K)->0K(279616K) From: 633K(34944K)->632K(34944K)
[121.772s][info][gc,heap        ] GC(431) Tenured: 16697K(699072K)->16742K(699072K)
[121.772s][info][gc,metaspace   ] GC(431) Metaspace: 14238K(15104K)->14238K(15104K) NonClass: 12295K(12864K)->12295K(12864K) Class: 1943K(2240K)->1943K(2240K)
[121.772s][info][gc             ] GC(431) Pause Young (Allocation Failure) 289M->16M(989M) 53.491ms
[121.772s][info][gc,cpu         ] GC(431) User=0.05s Sys=0.00s Real=0.05s
[122.040s][info][gc,start       ] GC(432) Pause Young (Allocation Failure)
[122.080s][info][gc,heap        ] GC(432) DefNew: 280248K(314560K)->635K(314560K) Eden: 279616K(279616K)->0K(279616K) From: 632K(34944K)->635K(34944K)
[122.081s][info][gc,heap        ] GC(432) Tenured: 16742K(699072K)->16783K(699072K)
[122.081s][info][gc,metaspace   ] GC(432) Metaspace: 14238K(15104K)->14238K(15104K) NonClass: 12295K(12864K)->12295K(12864K) Class: 1943K(2240K)->1943K(2240K)
[122.081s][info][gc             ] GC(432) Pause Young (Allocation Failure) 290M->17M(989M) 40.749ms
[122.081s][info][gc,cpu         ] GC(432) User=0.05s Sys=0.00s Real=0.04s
[122.361s][info][gc,start       ] GC(433) Pause Young (Allocation Failure)
[122.389s][info][gc,heap        ] GC(433) DefNew: 280251K(314560K)->638K(314560K) Eden: 279616K(279616K)->0K(279616K) From: 635K(34944K)->638K(34944K)
[122.389s][info][gc,heap        ] GC(433) Tenured: 16783K(699072K)->16824K(699072K)
[122.389s][info][gc,metaspace   ] GC(433) Metaspace: 14238K(15104K)->14238K(15104K) NonClass: 12295K(12864K)->12295K(12864K) Class: 1943K(2240K)->1943K(2240K)
[122.389s][info][gc             ] GC(433) Pause Young (Allocation Failure) 290M->17M(989M) 28.073ms
[122.389s][info][gc,cpu         ] GC(433) User=0.02s Sys=0.00s Real=0.02s
[122.655s][info][gc,start       ] GC(434) Pause Young (Allocation Failure)
[122.681s][info][gc,heap        ] GC(434) DefNew: 280254K(314560K)->641K(314560K) Eden: 279616K(279616K)->0K(279616K) From: 638K(34944K)->641K(34944K)
[122.682s][info][gc,heap        ] GC(434) Tenured: 16824K(699072K)->16863K(699072K)
[122.682s][info][gc,metaspace   ] GC(434) Metaspace: 14238K(15104K)->14238K(15104K) NonClass: 12295K(12864K)->12295K(12864K) Class: 1943K(2240K)->1943K(2240K)
[122.682s][info][gc             ] GC(434) Pause Young (Allocation Failure) 290M->17M(989M) 26.634ms
[122.682s][info][gc,cpu         ] GC(434) User=0.03s Sys=0.00s Real=0.02s
[122.945s][info][gc,start       ] GC(435) Pause Young (Allocation Failure)
[122.980s][info][gc,heap        ] GC(435) DefNew: 280257K(314560K)->642K(314560K) Eden: 279616K(279616K)->0K(279616K) From: 641K(34944K)->642K(34944K)
[122.980s][info][gc,heap        ] GC(435) Tenured: 16863K(699072K)->16904K(699072K)
[122.980s][info][gc,metaspace   ] GC(435) Metaspace: 14238K(15104K)->14238K(15104K) NonClass: 12295K(12864K)->12295K(12864K) Class: 1943K(2240K)->1943K(2240K)
[122.980s][info][gc             ] GC(435) Pause Young (Allocation Failure) 290M->17M(989M) 35.310ms
[122.980s][info][gc,cpu         ] GC(435) User=0.03s Sys=0.00s Real=0.04s
[123.250s][info][gc,start       ] GC(436) Pause Young (Allocation Failure)
[123.285s][info][gc,heap        ] GC(436) DefNew: 280258K(314560K)->639K(314560K) Eden: 279616K(279616K)->0K(279616K) From: 642K(34944K)->639K(34944K)
[123.285s][info][gc,heap        ] GC(436) Tenured: 16904K(699072K)->16949K(699072K)
[123.285s][info][gc,metaspace   ] GC(436) Metaspace: 14238K(15104K)->14238K(15104K) NonClass: 12295K(12864K)->12295K(12864K) Class: 1943K(2240K)->1943K(2240K)
[123.285s][info][gc             ] GC(436) Pause Young (Allocation Failure) 290M->17M(989M) 34.897ms
[123.285s][info][gc,cpu         ] GC(436) User=0.03s Sys=0.00s Real=0.03s
[123.550s][info][gc,start       ] GC(437) Pause Young (Allocation Failure)
[123.586s][info][gc,heap        ] GC(437) DefNew: 280255K(314560K)->638K(314560K) Eden: 279616K(279616K)->0K(279616K) From: 639K(34944K)->638K(34944K)
[123.586s][info][gc,heap        ] GC(437) Tenured: 16949K(699072K)->16991K(699072K)
[123.586s][info][gc,metaspace   ] GC(437) Metaspace: 14238K(15104K)->14238K(15104K) NonClass: 12295K(12864K)->12295K(12864K) Class: 1943K(2240K)->1943K(2240K)
[123.586s][info][gc             ] GC(437) Pause Young (Allocation Failure) 290M->17M(989M) 35.857ms
[123.586s][info][gc,cpu         ] GC(437) User=0.03s Sys=0.00s Real=0.04s
[123.852s][info][gc,start       ] GC(438) Pause Young (Allocation Failure)
[123.888s][info][gc,heap        ] GC(438) DefNew: 280254K(314560K)->640K(314560K) Eden: 279616K(279616K)->0K(279616K) From: 638K(34944K)->640K(34944K)
[123.888s][info][gc,heap        ] GC(438) Tenured: 16991K(699072K)->17029K(699072K)
[123.888s][info][gc,metaspace   ] GC(438) Metaspace: 14238K(15104K)->14238K(15104K) NonClass: 12295K(12864K)->12295K(12864K) Class: 1943K(2240K)->1943K(2240K)
[123.888s][info][gc             ] GC(438) Pause Young (Allocation Failure) 290M->17M(989M) 36.619ms
[123.888s][info][gc,cpu         ] GC(438) User=0.03s Sys=0.00s Real=0.03s
[124.155s][info][gc,start       ] GC(439) Pause Young (Allocation Failure)
[124.192s][info][gc,heap        ] GC(439) DefNew: 280256K(314560K)->641K(314560K) Eden: 279616K(279616K)->0K(279616K) From: 640K(34944K)->641K(34944K)
[124.193s][info][gc,heap        ] GC(439) Tenured: 17029K(699072K)->17071K(699072K)
[124.193s][info][gc,metaspace   ] GC(439) Metaspace: 14238K(15104K)->14238K(15104K) NonClass: 12295K(12864K)->12295K(12864K) Class: 1943K(2240K)->1943K(2240K)
[124.193s][info][gc             ] GC(439) Pause Young (Allocation Failure) 290M->17M(989M) 37.252ms
[124.193s][info][gc,cpu         ] GC(439) User=0.03s Sys=0.00s Real=0.03s
[124.459s][info][gc,start       ] GC(440) Pause Young (Allocation Failure)
[124.488s][info][gc,heap        ] GC(440) DefNew: 280257K(314560K)->638K(314560K) Eden: 279616K(279616K)->0K(279616K) From: 641K(34944K)->638K(34944K)
[124.488s][info][gc,heap        ] GC(440) Tenured: 17071K(699072K)->17115K(699072K)
[124.488s][info][gc,metaspace   ] GC(440) Metaspace: 14238K(15104K)->14238K(15104K) NonClass: 12295K(12864K)->12295K(12864K) Class: 1943K(2240K)->1943K(2240K)
[124.488s][info][gc             ] GC(440) Pause Young (Allocation Failure) 290M->17M(989M) 28.530ms
[124.488s][info][gc,cpu         ] GC(440) User=0.02s Sys=0.00s Real=0.02s
[124.756s][info][gc,start       ] GC(441) Pause Young (Allocation Failure)
[124.785s][info][gc,heap        ] GC(441) DefNew: 280254K(314560K)->642K(314560K) Eden: 279616K(279616K)->0K(279616K) From: 638K(34944K)->642K(34944K)
[124.785s][info][gc,heap        ] GC(441) Tenured: 17115K(699072K)->17156K(699072K)
[124.785s][info][gc,metaspace   ] GC(441) Metaspace: 14238K(15104K)->14238K(15104K) NonClass: 12295K(12864K)->12295K(12864K) Class: 1943K(2240K)->1943K(2240K)
[124.785s][info][gc             ] GC(441) Pause Young (Allocation Failure) 290M->17M(989M) 29.459ms
[124.785s][info][gc,cpu         ] GC(441) User=0.03s Sys=0.00s Real=0.03s
[125.048s][info][gc,start       ] GC(442) Pause Young (Allocation Failure)
[125.079s][info][gc,heap        ] GC(442) DefNew: 280258K(314560K)->638K(314560K) Eden: 279616K(279616K)->0K(279616K) From: 642K(34944K)->638K(34944K)
[125.079s][info][gc,heap        ] GC(442) Tenured: 17156K(699072K)->17197K(699072K)
[125.079s][info][gc,metaspace   ] GC(442) Metaspace: 14238K(15104K)->14238K(15104K) NonClass: 12295K(12864K)->12295K(12864K) Class: 1943K(2240K)->1943K(2240K)
[125.079s][info][gc             ] GC(442) Pause Young (Allocation Failure) 290M->17M(989M) 31.013ms
[125.080s][info][gc,cpu         ] GC(442) User=0.03s Sys=0.00s Real=0.03s
[125.342s][info][gc,start       ] GC(443) Pause Young (Allocation Failure)
[125.372s][info][gc,heap        ] GC(443) DefNew: 280254K(314560K)->640K(314560K) Eden: 279616K(279616K)->0K(279616K) From: 638K(34944K)->640K(34944K)
[125.372s][info][gc,heap        ] GC(443) Tenured: 17197K(699072K)->17239K(699072K)
[125.372s][info][gc,metaspace   ] GC(443) Metaspace: 14238K(15104K)->14238K(15104K) NonClass: 12295K(12864K)->12295K(12864K) Class: 1943K(2240K)->1943K(2240K)
[125.372s][info][gc             ] GC(443) Pause Young (Allocation Failure) 290M->17M(989M) 30.137ms
[125.372s][info][gc,cpu         ] GC(443) User=0.02s Sys=0.00s Real=0.02s
[125.638s][info][gc,start       ] GC(444) Pause Young (Allocation Failure)
[125.670s][info][gc,heap        ] GC(444) DefNew: 280256K(314560K)->639K(314560K) Eden: 279616K(279616K)->0K(279616K) From: 640K(34944K)->639K(34944K)
[125.670s][info][gc,heap        ] GC(444) Tenured: 17239K(699072K)->17281K(699072K)
[125.670s][info][gc,metaspace   ] GC(444) Metaspace: 14238K(15104K)->14238K(15104K) NonClass: 12295K(12864K)->12295K(12864K) Class: 1943K(2240K)->1943K(2240K)
[125.670s][info][gc             ] GC(444) Pause Young (Allocation Failure) 290M->17M(989M) 31.619ms
[125.670s][info][gc,cpu         ] GC(444) User=0.03s Sys=0.00s Real=0.02s
[125.975s][info][gc,start       ] GC(445) Pause Young (Allocation Failure)
[126.011s][info][gc,heap        ] GC(445) DefNew: 280255K(314560K)->637K(314560K) Eden: 279616K(279616K)->0K(279616K) From: 639K(34944K)->637K(34944K)
[126.011s][info][gc,heap        ] GC(445) Tenured: 17281K(699072K)->17321K(699072K)
[126.011s][info][gc,metaspace   ] GC(445) Metaspace: 14238K(15104K)->14238K(15104K) NonClass: 12295K(12864K)->12295K(12864K) Class: 1943K(2240K)->1943K(2240K)
[126.011s][info][gc             ] GC(445) Pause Young (Allocation Failure) 290M->17M(989M) 36.828ms
[126.012s][info][gc,cpu         ] GC(445) User=0.03s Sys=0.00s Real=0.03s
[126.286s][info][gc,start       ] GC(446) Pause Young (Allocation Failure)
[126.314s][info][gc,heap        ] GC(446) DefNew: 280253K(314560K)->634K(314560K) Eden: 279616K(279616K)->0K(279616K) From: 637K(34944K)->634K(34944K)
[126.314s][info][gc,heap        ] GC(446) Tenured: 17321K(699072K)->17366K(699072K)
[126.314s][info][gc,metaspace   ] GC(446) Metaspace: 14238K(15104K)->14238K(15104K) NonClass: 12295K(12864K)->12295K(12864K) Class: 1943K(2240K)->1943K(2240K)
[126.314s][info][gc             ] GC(446) Pause Young (Allocation Failure) 290M->17M(989M) 28.506ms
[126.314s][info][gc,cpu         ] GC(446) User=0.03s Sys=0.00s Real=0.03s
[126.594s][info][gc,start       ] GC(447) Pause Young (Allocation Failure)
[126.628s][info][gc,heap        ] GC(447) DefNew: 280250K(314560K)->635K(314560K) Eden: 279616K(279616K)->0K(279616K) From: 634K(34944K)->635K(34944K)
[126.628s][info][gc,heap        ] GC(447) Tenured: 17366K(699072K)->17408K(699072K)
[126.628s][info][gc,metaspace   ] GC(447) Metaspace: 14238K(15104K)->14238K(15104K) NonClass: 12295K(12864K)->12295K(12864K) Class: 1943K(2240K)->1943K(2240K)
[126.628s][info][gc             ] GC(447) Pause Young (Allocation Failure) 290M->17M(989M) 33.567ms
[126.628s][info][gc,cpu         ] GC(447) User=0.05s Sys=0.00s Real=0.03s
[126.894s][info][gc,start       ] GC(448) Pause Young (Allocation Failure)
[126.928s][info][gc,heap        ] GC(448) DefNew: 280251K(314560K)->630K(314560K) Eden: 279616K(279616K)->0K(279616K) From: 635K(34944K)->630K(34944K)
[126.928s][info][gc,heap        ] GC(448) Tenured: 17408K(699072K)->17455K(699072K)
[126.928s][info][gc,metaspace   ] GC(448) Metaspace: 14238K(15104K)->14238K(15104K) NonClass: 12295K(12864K)->12295K(12864K) Class: 1943K(2240K)->1943K(2240K)
[126.928s][info][gc             ] GC(448) Pause Young (Allocation Failure) 290M->17M(989M) 34.499ms
[126.928s][info][gc,cpu         ] GC(448) User=0.02s Sys=0.00s Real=0.02s
[127.194s][info][gc,start       ] GC(449) Pause Young (Allocation Failure)
[127.230s][info][gc,heap        ] GC(449) DefNew: 280246K(314560K)->631K(314560K) Eden: 279616K(279616K)->0K(279616K) From: 630K(34944K)->631K(34944K)
[127.230s][info][gc,heap        ] GC(449) Tenured: 17455K(699072K)->17496K(699072K)
[127.230s][info][gc,metaspace   ] GC(449) Metaspace: 14238K(15104K)->14238K(15104K) NonClass: 12295K(12864K)->12295K(12864K) Class: 1943K(2240K)->1943K(2240K)
[127.230s][info][gc             ] GC(449) Pause Young (Allocation Failure) 290M->17M(989M) 36.309ms
[127.230s][info][gc,cpu         ] GC(449) User=0.02s Sys=0.00s Real=0.02s
[127.496s][info][gc,start       ] GC(450) Pause Young (Allocation Failure)
[127.524s][info][gc,heap        ] GC(450) DefNew: 280247K(314560K)->631K(314560K) Eden: 279616K(279616K)->0K(279616K) From: 631K(34944K)->631K(34944K)
[127.524s][info][gc,heap        ] GC(450) Tenured: 17496K(699072K)->17538K(699072K)
[127.524s][info][gc,metaspace   ] GC(450) Metaspace: 14238K(15104K)->14238K(15104K) NonClass: 12295K(12864K)->12295K(12864K) Class: 1943K(2240K)->1943K(2240K)
[127.524s][info][gc             ] GC(450) Pause Young (Allocation Failure) 290M->17M(989M) 27.935ms
[127.524s][info][gc,cpu         ] GC(450) User=0.03s Sys=0.00s Real=0.03s
[127.790s][info][gc,start       ] GC(451) Pause Young (Allocation Failure)
[127.819s][info][gc,heap        ] GC(451) DefNew: 280247K(314560K)->635K(314560K) Eden: 279616K(279616K)->0K(279616K) From: 631K(34944K)->635K(34944K)
[127.819s][info][gc,heap        ] GC(451) Tenured: 17538K(699072K)->17580K(699072K)
[127.819s][info][gc,metaspace   ] GC(451) Metaspace: 14238K(15104K)->14238K(15104K) NonClass: 12295K(12864K)->12295K(12864K) Class: 1943K(2240K)->1943K(2240K)
[127.819s][info][gc             ] GC(451) Pause Young (Allocation Failure) 290M->17M(989M) 28.724ms
[127.819s][info][gc,cpu         ] GC(451) User=0.03s Sys=0.00s Real=0.03s
[128.084s][info][gc,start       ] GC(452) Pause Young (Allocation Failure)
[128.120s][info][gc,heap        ] GC(452) DefNew: 280251K(314560K)->635K(314560K) Eden: 279616K(279616K)->0K(279616K) From: 635K(34944K)->635K(34944K)
[128.120s][info][gc,heap        ] GC(452) Tenured: 17580K(699072K)->17621K(699072K)
[128.120s][info][gc,metaspace   ] GC(452) Metaspace: 14238K(15104K)->14238K(15104K) NonClass: 12295K(12864K)->12295K(12864K) Class: 1943K(2240K)->1943K(2240K)
[128.120s][info][gc             ] GC(452) Pause Young (Allocation Failure) 290M->17M(989M) 36.271ms
[128.120s][info][gc,cpu         ] GC(452) User=0.02s Sys=0.00s Real=0.02s
[128.389s][info][gc,start       ] GC(453) Pause Young (Allocation Failure)
[128.428s][info][gc,heap        ] GC(453) DefNew: 280251K(314560K)->637K(314560K) Eden: 279616K(279616K)->0K(279616K) From: 635K(34944K)->637K(34944K)
[128.428s][info][gc,heap        ] GC(453) Tenured: 17621K(699072K)->17660K(699072K)
[128.428s][info][gc,metaspace   ] GC(453) Metaspace: 14238K(15104K)->14238K(15104K) NonClass: 12295K(12864K)->12295K(12864K) Class: 1943K(2240K)->1943K(2240K)
[128.428s][info][gc             ] GC(453) Pause Young (Allocation Failure) 290M->17M(989M) 38.517ms
[128.428s][info][gc,cpu         ] GC(453) User=0.05s Sys=0.00s Real=0.04s
[128.697s][info][gc,start       ] GC(454) Pause Young (Allocation Failure)
[128.736s][info][gc,heap        ] GC(454) DefNew: 280253K(314560K)->637K(314560K) Eden: 279616K(279616K)->0K(279616K) From: 637K(34944K)->637K(34944K)
[128.736s][info][gc,heap        ] GC(454) Tenured: 17660K(699072K)->17704K(699072K)
[128.736s][info][gc,metaspace   ] GC(454) Metaspace: 14238K(15104K)->14238K(15104K) NonClass: 12295K(12864K)->12295K(12864K) Class: 1943K(2240K)->1943K(2240K)
[128.736s][info][gc             ] GC(454) Pause Young (Allocation Failure) 290M->17M(989M) 38.772ms
[128.736s][info][gc,cpu         ] GC(454) User=0.05s Sys=0.00s Real=0.04s
[129.001s][info][gc,start       ] GC(455) Pause Young (Allocation Failure)
[129.040s][info][gc,heap        ] GC(455) DefNew: 280253K(314560K)->638K(314560K) Eden: 279616K(279616K)->0K(279616K) From: 637K(34944K)->638K(34944K)
[129.040s][info][gc,heap        ] GC(455) Tenured: 17704K(699072K)->17745K(699072K)
[129.040s][info][gc,metaspace   ] GC(455) Metaspace: 14238K(15104K)->14238K(15104K) NonClass: 12295K(12864K)->12295K(12864K) Class: 1943K(2240K)->1943K(2240K)
[129.040s][info][gc             ] GC(455) Pause Young (Allocation Failure) 290M->17M(989M) 38.953ms
[129.040s][info][gc,cpu         ] GC(455) User=0.03s Sys=0.00s Real=0.04s
[129.306s][info][gc,start       ] GC(456) Pause Young (Allocation Failure)
[129.347s][info][gc,heap        ] GC(456) DefNew: 280254K(314560K)->635K(314560K) Eden: 279616K(279616K)->0K(279616K) From: 638K(34944K)->635K(34944K)
[129.348s][info][gc,heap        ] GC(456) Tenured: 17745K(699072K)->17789K(699072K)
[129.348s][info][gc,metaspace   ] GC(456) Metaspace: 14238K(15104K)->14238K(15104K) NonClass: 12295K(12864K)->12295K(12864K) Class: 1943K(2240K)->1943K(2240K)
[129.348s][info][gc             ] GC(456) Pause Young (Allocation Failure) 291M->17M(989M) 41.505ms
[129.348s][info][gc,cpu         ] GC(456) User=0.03s Sys=0.00s Real=0.03s
[129.614s][info][gc,start       ] GC(457) Pause Young (Allocation Failure)
[129.654s][info][gc,heap        ] GC(457) DefNew: 280251K(314560K)->638K(314560K) Eden: 279616K(279616K)->0K(279616K) From: 635K(34944K)->638K(34944K)
[129.654s][info][gc,heap        ] GC(457) Tenured: 17789K(699072K)->17828K(699072K)
[129.654s][info][gc,metaspace   ] GC(457) Metaspace: 14238K(15104K)->14238K(15104K) NonClass: 12295K(12864K)->12295K(12864K) Class: 1943K(2240K)->1943K(2240K)
[129.654s][info][gc             ] GC(457) Pause Young (Allocation Failure) 291M->18M(989M) 40.286ms
[129.654s][info][gc,cpu         ] GC(457) User=0.03s Sys=0.00s Real=0.04s
[129.922s][info][gc,start       ] GC(458) Pause Young (Allocation Failure)
[129.961s][info][gc,heap        ] GC(458) DefNew: 280254K(314560K)->637K(314560K) Eden: 279616K(279616K)->0K(279616K) From: 638K(34944K)->637K(34944K)
[129.961s][info][gc,heap        ] GC(458) Tenured: 17828K(699072K)->17870K(699072K)
[129.961s][info][gc,metaspace   ] GC(458) Metaspace: 14238K(15104K)->14238K(15104K) NonClass: 12295K(12864K)->12295K(12864K) Class: 1943K(2240K)->1943K(2240K)
[129.961s][info][gc             ] GC(458) Pause Young (Allocation Failure) 291M->18M(989M) 39.407ms
[129.961s][info][gc,cpu         ] GC(458) User=0.05s Sys=0.00s Real=0.03s
[130.247s][info][gc,start       ] GC(459) Pause Young (Allocation Failure)
[130.281s][info][gc,heap        ] GC(459) DefNew: 280253K(314560K)->640K(314560K) Eden: 279616K(279616K)->0K(279616K) From: 637K(34944K)->640K(34944K)
[130.281s][info][gc,heap        ] GC(459) Tenured: 17870K(699072K)->17912K(699072K)
[130.281s][info][gc,metaspace   ] GC(459) Metaspace: 14238K(15104K)->14238K(15104K) NonClass: 12295K(12864K)->12295K(12864K) Class: 1943K(2240K)->1943K(2240K)
[130.281s][info][gc             ] GC(459) Pause Young (Allocation Failure) 291M->18M(989M) 33.933ms
[130.281s][info][gc,cpu         ] GC(459) User=0.03s Sys=0.00s Real=0.03s
[130.551s][info][gc,start       ] GC(460) Pause Young (Allocation Failure)
[130.585s][info][gc,heap        ] GC(460) DefNew: 280256K(314560K)->643K(314560K) Eden: 279616K(279616K)->0K(279616K) From: 640K(34944K)->643K(34944K)
[130.585s][info][gc,heap        ] GC(460) Tenured: 17912K(699072K)->17950K(699072K)
[130.585s][info][gc,metaspace   ] GC(460) Metaspace: 14238K(15104K)->14238K(15104K) NonClass: 12295K(12864K)->12295K(12864K) Class: 1943K(2240K)->1943K(2240K)
[130.585s][info][gc             ] GC(460) Pause Young (Allocation Failure) 291M->18M(989M) 33.681ms
[130.585s][info][gc,cpu         ] GC(460) User=0.02s Sys=0.00s Real=0.03s
[130.847s][info][gc,start       ] GC(461) Pause Young (Allocation Failure)
[130.883s][info][gc,heap        ] GC(461) DefNew: 280259K(314560K)->644K(314560K) Eden: 279616K(279616K)->0K(279616K) From: 643K(34944K)->644K(34944K)
[130.883s][info][gc,heap        ] GC(461) Tenured: 17950K(699072K)->17992K(699072K)
[130.883s][info][gc,metaspace   ] GC(461) Metaspace: 14238K(15104K)->14238K(15104K) NonClass: 12295K(12864K)->12295K(12864K) Class: 1943K(2240K)->1943K(2240K)
[130.883s][info][gc             ] GC(461) Pause Young (Allocation Failure) 291M->18M(989M) 35.598ms
[130.883s][info][gc,cpu         ] GC(461) User=0.03s Sys=0.00s Real=0.03s
[131.150s][info][gc,start       ] GC(462) Pause Young (Allocation Failure)
[131.186s][info][gc,heap        ] GC(462) DefNew: 280260K(314560K)->640K(314560K) Eden: 279616K(279616K)->0K(279616K) From: 644K(34944K)->640K(34944K)
[131.186s][info][gc,heap        ] GC(462) Tenured: 17992K(699072K)->18036K(699072K)
[131.186s][info][gc,metaspace   ] GC(462) Metaspace: 14238K(15104K)->14238K(15104K) NonClass: 12295K(12864K)->12295K(12864K) Class: 1943K(2240K)->1943K(2240K)
[131.186s][info][gc             ] GC(462) Pause Young (Allocation Failure) 291M->18M(989M) 35.770ms
[131.186s][info][gc,cpu         ] GC(462) User=0.03s Sys=0.00s Real=0.03s
[131.451s][info][gc,start       ] GC(463) Pause Young (Allocation Failure)
[131.487s][info][gc,heap        ] GC(463) DefNew: 280256K(314560K)->640K(314560K) Eden: 279616K(279616K)->0K(279616K) From: 640K(34944K)->640K(34944K)
[131.487s][info][gc,heap        ] GC(463) Tenured: 18036K(699072K)->18077K(699072K)
[131.487s][info][gc,metaspace   ] GC(463) Metaspace: 14238K(15104K)->14238K(15104K) NonClass: 12295K(12864K)->12295K(12864K) Class: 1943K(2240K)->1943K(2240K)
[131.487s][info][gc             ] GC(463) Pause Young (Allocation Failure) 291M->18M(989M) 36.171ms
[131.487s][info][gc,cpu         ] GC(463) User=0.05s Sys=0.00s Real=0.04s
[131.752s][info][gc,start       ] GC(464) Pause Young (Allocation Failure)
[131.789s][info][gc,heap        ] GC(464) DefNew: 280256K(314560K)->640K(314560K) Eden: 279616K(279616K)->0K(279616K) From: 640K(34944K)->640K(34944K)
[131.789s][info][gc,heap        ] GC(464) Tenured: 18077K(699072K)->18119K(699072K)
[131.789s][info][gc,metaspace   ] GC(464) Metaspace: 14238K(15104K)->14238K(15104K) NonClass: 12295K(12864K)->12295K(12864K) Class: 1943K(2240K)->1943K(2240K)
[131.789s][info][gc             ] GC(464) Pause Young (Allocation Failure) 291M->18M(989M) 37.127ms
[131.789s][info][gc,cpu         ] GC(464) User=0.02s Sys=0.00s Real=0.02s
[132.061s][info][gc,start       ] GC(465) Pause Young (Allocation Failure)
[132.089s][info][gc,heap        ] GC(465) DefNew: 280256K(314560K)->644K(314560K) Eden: 279616K(279616K)->0K(279616K) From: 640K(34944K)->644K(34944K)
[132.089s][info][gc,heap        ] GC(465) Tenured: 18119K(699072K)->18160K(699072K)
[132.089s][info][gc,metaspace   ] GC(465) Metaspace: 14238K(15104K)->14238K(15104K) NonClass: 12295K(12864K)->12295K(12864K) Class: 1943K(2240K)->1943K(2240K)
[132.089s][info][gc             ] GC(465) Pause Young (Allocation Failure) 291M->18M(989M) 28.422ms
[132.089s][info][gc,cpu         ] GC(465) User=0.02s Sys=0.00s Real=0.02s
[132.355s][info][gc,start       ] GC(466) Pause Young (Allocation Failure)
[132.393s][info][gc,heap        ] GC(466) DefNew: 280260K(314560K)->640K(314560K) Eden: 279616K(279616K)->0K(279616K) From: 644K(34944K)->640K(34944K)
[132.393s][info][gc,heap        ] GC(466) Tenured: 18160K(699072K)->18206K(699072K)
[132.393s][info][gc,metaspace   ] GC(466) Metaspace: 14238K(15104K)->14238K(15104K) NonClass: 12295K(12864K)->12295K(12864K) Class: 1943K(2240K)->1943K(2240K)
[132.393s][info][gc             ] GC(466) Pause Young (Allocation Failure) 291M->18M(989M) 38.038ms
[132.393s][info][gc,cpu         ] GC(466) User=0.05s Sys=0.00s Real=0.04s
[132.660s][info][gc,start       ] GC(467) Pause Young (Allocation Failure)
[132.700s][info][gc,heap        ] GC(467) DefNew: 280256K(314560K)->640K(314560K) Eden: 279616K(279616K)->0K(279616K) From: 640K(34944K)->640K(34944K)
[132.700s][info][gc,heap        ] GC(467) Tenured: 18206K(699072K)->18247K(699072K)
[132.700s][info][gc,metaspace   ] GC(467) Metaspace: 14238K(15104K)->14238K(15104K) NonClass: 12295K(12864K)->12295K(12864K) Class: 1943K(2240K)->1943K(2240K)
[132.700s][info][gc             ] GC(467) Pause Young (Allocation Failure) 291M->18M(989M) 40.358ms
[132.700s][info][gc,cpu         ] GC(467) User=0.03s Sys=0.00s Real=0.04s
[132.968s][info][gc,start       ] GC(468) Pause Young (Allocation Failure)
[133.008s][info][gc,heap        ] GC(468) DefNew: 280256K(314560K)->641K(314560K) Eden: 279616K(279616K)->0K(279616K) From: 640K(34944K)->641K(34944K)
[133.008s][info][gc,heap        ] GC(468) Tenured: 18247K(699072K)->18289K(699072K)
[133.008s][info][gc,metaspace   ] GC(468) Metaspace: 14238K(15104K)->14238K(15104K) NonClass: 12295K(12864K)->12295K(12864K) Class: 1943K(2240K)->1943K(2240K)
[133.008s][info][gc             ] GC(468) Pause Young (Allocation Failure) 291M->18M(989M) 39.700ms
[133.008s][info][gc,cpu         ] GC(468) User=0.05s Sys=0.00s Real=0.04s
[133.279s][info][gc,start       ] GC(469) Pause Young (Allocation Failure)
[133.320s][info][gc,heap        ] GC(469) DefNew: 280257K(314560K)->639K(314560K) Eden: 279616K(279616K)->0K(279616K) From: 641K(34944K)->639K(34944K)
[133.320s][info][gc,heap        ] GC(469) Tenured: 18289K(699072K)->18333K(699072K)
[133.320s][info][gc,metaspace   ] GC(469) Metaspace: 14238K(15104K)->14238K(15104K) NonClass: 12295K(12864K)->12295K(12864K) Class: 1943K(2240K)->1943K(2240K)
[133.320s][info][gc             ] GC(469) Pause Young (Allocation Failure) 291M->18M(989M) 41.312ms
[133.320s][info][gc,cpu         ] GC(469) User=0.05s Sys=0.00s Real=0.04s
[133.716s][info][gc,start       ] GC(470) Pause Young (Allocation Failure)
[133.763s][info][gc,heap        ] GC(470) DefNew: 280255K(314560K)->640K(314560K) Eden: 279616K(279616K)->0K(279616K) From: 639K(34944K)->640K(34944K)
[133.763s][info][gc,heap        ] GC(470) Tenured: 18333K(699072K)->18375K(699072K)
[133.763s][info][gc,metaspace   ] GC(470) Metaspace: 14238K(15104K)->14238K(15104K) NonClass: 12295K(12864K)->12295K(12864K) Class: 1943K(2240K)->1943K(2240K)
[133.763s][info][gc             ] GC(470) Pause Young (Allocation Failure) 291M->18M(989M) 47.449ms
[133.763s][info][gc,cpu         ] GC(470) User=0.05s Sys=0.00s Real=0.05s
[134.053s][info][gc,start       ] GC(471) Pause Young (Allocation Failure)
[134.084s][info][gc,heap        ] GC(471) DefNew: 280256K(314560K)->644K(314560K) Eden: 279616K(279616K)->0K(279616K) From: 640K(34944K)->644K(34944K)
[134.084s][info][gc,heap        ] GC(471) Tenured: 18375K(699072K)->18416K(699072K)
[134.084s][info][gc,metaspace   ] GC(471) Metaspace: 14238K(15104K)->14238K(15104K) NonClass: 12295K(12864K)->12295K(12864K) Class: 1943K(2240K)->1943K(2240K)
[134.084s][info][gc             ] GC(471) Pause Young (Allocation Failure) 291M->18M(989M) 31.151ms
[134.084s][info][gc,cpu         ] GC(471) User=0.02s Sys=0.00s Real=0.03s
[134.261s][info][gc,start       ] GC(472) Pause Young (Allocation Failure)
[134.289s][info][gc,heap        ] GC(472) DefNew: 280260K(314560K)->629K(314560K) Eden: 279616K(279616K)->0K(279616K) From: 644K(34944K)->629K(34944K)
[134.289s][info][gc,heap        ] GC(472) Tenured: 18416K(699072K)->18458K(699072K)
[134.289s][info][gc,metaspace   ] GC(472) Metaspace: 14238K(15104K)->14238K(15104K) NonClass: 12295K(12864K)->12295K(12864K) Class: 1943K(2240K)->1943K(2240K)
[134.289s][info][gc             ] GC(472) Pause Young (Allocation Failure) 291M->18M(989M) 27.826ms
[134.289s][info][gc,cpu         ] GC(472) User=0.02s Sys=0.00s Real=0.02s
[134.534s][info][gc,start       ] GC(473) Pause Young (Allocation Failure)
[134.568s][info][gc,heap        ] GC(473) DefNew: 280245K(314560K)->624K(314560K) Eden: 279616K(279616K)->0K(279616K) From: 629K(34944K)->624K(34944K)
[134.568s][info][gc,heap        ] GC(473) Tenured: 18458K(699072K)->18499K(699072K)
[134.568s][info][gc,metaspace   ] GC(473) Metaspace: 14238K(15104K)->14238K(15104K) NonClass: 12295K(12864K)->12295K(12864K) Class: 1943K(2240K)->1943K(2240K)
[134.568s][info][gc             ] GC(473) Pause Young (Allocation Failure) 291M->18M(989M) 33.957ms
[134.568s][info][gc,cpu         ] GC(473) User=0.02s Sys=0.00s Real=0.02s
[134.798s][info][gc,start       ] GC(474) Pause Full (System.gc())
[134.798s][info][gc,phases,start] GC(474) Phase 1: Mark live objects
[134.825s][info][gc,phases      ] GC(474) Phase 1: Mark live objects 27.479ms
[134.825s][info][gc,phases,start] GC(474) Phase 2: Compute new object addresses
[134.855s][info][gc,phases      ] GC(474) Phase 2: Compute new object addresses 30.151ms
[134.855s][info][gc,phases,start] GC(474) Phase 3: Adjust pointers
[134.874s][info][gc,phases      ] GC(474) Phase 3: Adjust pointers 18.548ms
[134.874s][info][gc,phases,start] GC(474) Phase 4: Move objects
[134.874s][info][gc,phases      ] GC(474) Phase 4: Move objects 0.013ms
[134.874s][info][gc,heap        ] GC(474) DefNew: 126870K(314560K)->0K(314560K) Eden: 126245K(279616K)->0K(279616K) From: 624K(34944K)->0K(34944K)
[134.874s][info][gc,heap        ] GC(474) Tenured: 18499K(699072K)->5351K(699072K)
[134.874s][info][gc,metaspace   ] GC(474) Metaspace: 14239K(15104K)->14239K(15104K) NonClass: 12296K(12864K)->12296K(12864K) Class: 1943K(2240K)->1943K(2240K)
[134.874s][info][gc             ] GC(474) Pause Full (System.gc()) 141M->5M(989M) 76.505ms
[134.874s][info][gc,cpu         ] GC(474) User=0.06s Sys=0.00s Real=0.06s
[135.112s][info][gc,start       ] GC(475) Pause Young (Allocation Failure)
[135.139s][info][gc,heap        ] GC(475) DefNew: 279616K(314560K)->1495K(314560K) Eden: 279616K(279616K)->0K(279616K) From: 0K(34944K)->1495K(34944K)
[135.139s][info][gc,heap        ] GC(475) Tenured: 5351K(699072K)->5351K(699072K)
[135.139s][info][gc,metaspace   ] GC(475) Metaspace: 14240K(15104K)->14240K(15104K) NonClass: 12297K(12864K)->12297K(12864K) Class: 1943K(2240K)->1943K(2240K)
[135.139s][info][gc             ] GC(475) Pause Young (Allocation Failure) 278M->6M(989M) 26.936ms
[135.139s][info][gc,cpu         ] GC(475) User=0.02s Sys=0.00s Real=0.02s
[135.397s][info][gc,start       ] GC(476) Pause Young (Allocation Failure)
[135.427s][info][gc,heap        ] GC(476) DefNew: 281111K(314560K)->1537K(314560K) Eden: 279616K(279616K)->0K(279616K) From: 1495K(34944K)->1537K(34944K)
[135.427s][info][gc,heap        ] GC(476) Tenured: 5351K(699072K)->5351K(699072K)
[135.427s][info][gc,metaspace   ] GC(476) Metaspace: 14240K(15104K)->14240K(15104K) NonClass: 12297K(12864K)->12297K(12864K) Class: 1943K(2240K)->1943K(2240K)
[135.427s][info][gc             ] GC(476) Pause Young (Allocation Failure) 279M->6M(989M) 30.101ms
[135.427s][info][gc,cpu         ] GC(476) User=0.03s Sys=0.00s Real=0.03s
[135.696s][info][gc,start       ] GC(477) Pause Young (Allocation Failure)
[135.726s][info][gc,heap        ] GC(477) DefNew: 281153K(314560K)->1580K(314560K) Eden: 279616K(279616K)->0K(279616K) From: 1537K(34944K)->1580K(34944K)
[135.726s][info][gc,heap        ] GC(477) Tenured: 5351K(699072K)->5351K(699072K)
[135.726s][info][gc,metaspace   ] GC(477) Metaspace: 14240K(15104K)->14240K(15104K) NonClass: 12297K(12864K)->12297K(12864K) Class: 1943K(2240K)->1943K(2240K)
[135.726s][info][gc             ] GC(477) Pause Young (Allocation Failure) 279M->6M(989M) 30.127ms
[135.726s][info][gc,cpu         ] GC(477) User=0.02s Sys=0.00s Real=0.01s
[136.000s][info][gc,start       ] GC(478) Pause Young (Allocation Failure)
[136.030s][info][gc,heap        ] GC(478) DefNew: 281196K(314560K)->1623K(314560K) Eden: 279616K(279616K)->0K(279616K) From: 1580K(34944K)->1623K(34944K)
[136.030s][info][gc,heap        ] GC(478) Tenured: 5351K(699072K)->5351K(699072K)
[136.030s][info][gc,metaspace   ] GC(478) Metaspace: 14240K(15104K)->14240K(15104K) NonClass: 12297K(12864K)->12297K(12864K) Class: 1943K(2240K)->1943K(2240K)
[136.030s][info][gc             ] GC(478) Pause Young (Allocation Failure) 279M->6M(989M) 29.789ms
[136.030s][info][gc,cpu         ] GC(478) User=0.03s Sys=0.00s Real=0.03s
[136.286s][info][gc,start       ] GC(479) Pause Young (Allocation Failure)
[136.326s][info][gc,heap        ] GC(479) DefNew: 281239K(314560K)->1661K(314560K) Eden: 279616K(279616K)->0K(279616K) From: 1623K(34944K)->1661K(34944K)
[136.326s][info][gc,heap        ] GC(479) Tenured: 5351K(699072K)->5351K(699072K)
[136.326s][info][gc,metaspace   ] GC(479) Metaspace: 14240K(15104K)->14240K(15104K) NonClass: 12297K(12864K)->12297K(12864K) Class: 1943K(2240K)->1943K(2240K)
[136.326s][info][gc             ] GC(479) Pause Young (Allocation Failure) 279M->6M(989M) 39.520ms
[136.326s][info][gc,cpu         ] GC(479) User=0.03s Sys=0.00s Real=0.04s
[136.589s][info][gc,start       ] GC(480) Pause Young (Allocation Failure)
[136.630s][info][gc,heap        ] GC(480) DefNew: 281277K(314560K)->1704K(314560K) Eden: 279616K(279616K)->0K(279616K) From: 1661K(34944K)->1704K(34944K)
[136.630s][info][gc,heap        ] GC(480) Tenured: 5351K(699072K)->5351K(699072K)
[136.630s][info][gc,metaspace   ] GC(480) Metaspace: 14240K(15104K)->14240K(15104K) NonClass: 12297K(12864K)->12297K(12864K) Class: 1943K(2240K)->1943K(2240K)
[136.630s][info][gc             ] GC(480) Pause Young (Allocation Failure) 279M->6M(989M) 40.710ms
[136.630s][info][gc,cpu         ] GC(480) User=0.03s Sys=0.00s Real=0.03s
[136.903s][info][gc,start       ] GC(481) Pause Young (Allocation Failure)
[136.934s][info][gc,heap        ] GC(481) DefNew: 281320K(314560K)->1748K(314560K) Eden: 279616K(279616K)->0K(279616K) From: 1704K(34944K)->1748K(34944K)
[136.934s][info][gc,heap        ] GC(481) Tenured: 5351K(699072K)->5351K(699072K)
[136.934s][info][gc,metaspace   ] GC(481) Metaspace: 14240K(15104K)->14240K(15104K) NonClass: 12297K(12864K)->12297K(12864K) Class: 1943K(2240K)->1943K(2240K)
[136.934s][info][gc             ] GC(481) Pause Young (Allocation Failure) 279M->6M(989M) 31.028ms
[136.934s][info][gc,cpu         ] GC(481) User=0.03s Sys=0.00s Real=0.02s
[137.195s][info][gc,start       ] GC(482) Pause Young (Allocation Failure)
[137.235s][info][gc,heap        ] GC(482) DefNew: 281364K(314560K)->1788K(314560K) Eden: 279616K(279616K)->0K(279616K) From: 1748K(34944K)->1788K(34944K)
[137.235s][info][gc,heap        ] GC(482) Tenured: 5351K(699072K)->5351K(699072K)
[137.235s][info][gc,metaspace   ] GC(482) Metaspace: 14240K(15104K)->14240K(15104K) NonClass: 12297K(12864K)->12297K(12864K) Class: 1943K(2240K)->1943K(2240K)
[137.235s][info][gc             ] GC(482) Pause Young (Allocation Failure) 279M->6M(989M) 40.564ms
[137.235s][info][gc,cpu         ] GC(482) User=0.03s Sys=0.00s Real=0.03s
[137.518s][info][gc,start       ] GC(483) Pause Young (Allocation Failure)
[137.560s][info][gc,heap        ] GC(483) DefNew: 281404K(314560K)->1834K(314560K) Eden: 279616K(279616K)->0K(279616K) From: 1788K(34944K)->1834K(34944K)
[137.560s][info][gc,heap        ] GC(483) Tenured: 5351K(699072K)->5351K(699072K)
[137.560s][info][gc,metaspace   ] GC(483) Metaspace: 14240K(15104K)->14240K(15104K) NonClass: 12297K(12864K)->12297K(12864K) Class: 1943K(2240K)->1943K(2240K)
[137.560s][info][gc             ] GC(483) Pause Young (Allocation Failure) 280M->7M(989M) 41.859ms
[137.560s][info][gc,cpu         ] GC(483) User=0.03s Sys=0.00s Real=0.04s
[137.829s][info][gc,start       ] GC(484) Pause Young (Allocation Failure)
[137.858s][info][gc,heap        ] GC(484) DefNew: 281440K(314560K)->1876K(314560K) Eden: 279605K(279616K)->0K(279616K) From: 1834K(34944K)->1876K(34944K)
[137.858s][info][gc,heap        ] GC(484) Tenured: 5351K(699072K)->5351K(699072K)
[137.858s][info][gc,metaspace   ] GC(484) Metaspace: 14240K(15104K)->14240K(15104K) NonClass: 12297K(12864K)->12297K(12864K) Class: 1943K(2240K)->1943K(2240K)
[137.858s][info][gc             ] GC(484) Pause Young (Allocation Failure) 280M->7M(989M) 29.555ms
[137.858s][info][gc,cpu         ] GC(484) User=0.03s Sys=0.00s Real=0.02s
[138.140s][info][gc,start       ] GC(485) Pause Young (Allocation Failure)
[138.167s][info][gc,heap        ] GC(485) DefNew: 281492K(314560K)->1920K(314560K) Eden: 279616K(279616K)->0K(279616K) From: 1876K(34944K)->1920K(34944K)
[138.167s][info][gc,heap        ] GC(485) Tenured: 5351K(699072K)->5351K(699072K)
[138.167s][info][gc,metaspace   ] GC(485) Metaspace: 14240K(15104K)->14240K(15104K) NonClass: 12297K(12864K)->12297K(12864K) Class: 1943K(2240K)->1943K(2240K)
[138.167s][info][gc             ] GC(485) Pause Young (Allocation Failure) 280M->7M(989M) 27.825ms
[138.167s][info][gc,cpu         ] GC(485) User=0.03s Sys=0.00s Real=0.03s
[138.430s][info][gc,start       ] GC(486) Pause Young (Allocation Failure)
[138.458s][info][gc,heap        ] GC(486) DefNew: 281536K(314560K)->1961K(314560K) Eden: 279616K(279616K)->0K(279616K) From: 1920K(34944K)->1961K(34944K)
[138.458s][info][gc,heap        ] GC(486) Tenured: 5351K(699072K)->5351K(699072K)
[138.458s][info][gc,metaspace   ] GC(486) Metaspace: 14240K(15104K)->14240K(15104K) NonClass: 12297K(12864K)->12297K(12864K) Class: 1943K(2240K)->1943K(2240K)
[138.458s][info][gc             ] GC(486) Pause Young (Allocation Failure) 280M->7M(989M) 28.476ms
[138.458s][info][gc,cpu         ] GC(486) User=0.03s Sys=0.00s Real=0.03s
[138.721s][info][gc,start       ] GC(487) Pause Young (Allocation Failure)
[138.749s][info][gc,heap        ] GC(487) DefNew: 281577K(314560K)->2000K(314560K) Eden: 279616K(279616K)->0K(279616K) From: 1961K(34944K)->2000K(34944K)
[138.749s][info][gc,heap        ] GC(487) Tenured: 5351K(699072K)->5351K(699072K)
[138.749s][info][gc,metaspace   ] GC(487) Metaspace: 14240K(15104K)->14240K(15104K) NonClass: 12297K(12864K)->12297K(12864K) Class: 1943K(2240K)->1943K(2240K)
[138.749s][info][gc             ] GC(487) Pause Young (Allocation Failure) 280M->7M(989M) 28.557ms
[138.749s][info][gc,cpu         ] GC(487) User=0.02s Sys=0.00s Real=0.03s
[139.012s][info][gc,start       ] GC(488) Pause Young (Allocation Failure)
[139.042s][info][gc,heap        ] GC(488) DefNew: 281616K(314560K)->2041K(314560K) Eden: 279616K(279616K)->0K(279616K) From: 2000K(34944K)->2041K(34944K)
[139.042s][info][gc,heap        ] GC(488) Tenured: 5351K(699072K)->5351K(699072K)
[139.042s][info][gc,metaspace   ] GC(488) Metaspace: 14240K(15104K)->14240K(15104K) NonClass: 12297K(12864K)->12297K(12864K) Class: 1943K(2240K)->1943K(2240K)
[139.042s][info][gc             ] GC(488) Pause Young (Allocation Failure) 280M->7M(989M) 29.373ms
[139.042s][info][gc,cpu         ] GC(488) User=0.03s Sys=0.00s Real=0.02s
[139.315s][info][gc,start       ] GC(489) Pause Young (Allocation Failure)
[139.352s][info][gc,heap        ] GC(489) DefNew: 281657K(314560K)->2086K(314560K) Eden: 279616K(279616K)->0K(279616K) From: 2041K(34944K)->2086K(34944K)
[139.352s][info][gc,heap        ] GC(489) Tenured: 5351K(699072K)->5351K(699072K)
[139.352s][info][gc,metaspace   ] GC(489) Metaspace: 14240K(15104K)->14240K(15104K) NonClass: 12297K(12864K)->12297K(12864K) Class: 1943K(2240K)->1943K(2240K)
[139.352s][info][gc             ] GC(489) Pause Young (Allocation Failure) 280M->7M(989M) 37.958ms
[139.353s][info][gc,cpu         ] GC(489) User=0.03s Sys=0.00s Real=0.04s
[139.621s][info][gc,start       ] GC(490) Pause Young (Allocation Failure)
[139.659s][info][gc,heap        ] GC(490) DefNew: 281702K(314560K)->640K(314560K) Eden: 279616K(279616K)->0K(279616K) From: 2086K(34944K)->640K(34944K)
[139.659s][info][gc,heap        ] GC(490) Tenured: 5351K(699072K)->6838K(699072K)
[139.659s][info][gc,metaspace   ] GC(490) Metaspace: 14240K(15104K)->14240K(15104K) NonClass: 12297K(12864K)->12297K(12864K) Class: 1943K(2240K)->1943K(2240K)
[139.659s][info][gc             ] GC(490) Pause Young (Allocation Failure) 280M->7M(989M) 38.455ms
[139.659s][info][gc,cpu         ] GC(490) User=0.03s Sys=0.00s Real=0.03s
[139.932s][info][gc,start       ] GC(491) Pause Young (Allocation Failure)
[139.962s][info][gc,heap        ] GC(491) DefNew: 280256K(314560K)->643K(314560K) Eden: 279616K(279616K)->0K(279616K) From: 640K(34944K)->643K(34944K)
[139.962s][info][gc,heap        ] GC(491) Tenured: 6838K(699072K)->6879K(699072K)
[139.962s][info][gc,metaspace   ] GC(491) Metaspace: 14240K(15104K)->14240K(15104K) NonClass: 12297K(12864K)->12297K(12864K) Class: 1943K(2240K)->1943K(2240K)
[139.962s][info][gc             ] GC(491) Pause Young (Allocation Failure) 280M->7M(989M) 29.774ms
[139.962s][info][gc,cpu         ] GC(491) User=0.03s Sys=0.00s Real=0.02s
[140.231s][info][gc,start       ] GC(492) Pause Young (Allocation Failure)
[140.270s][info][gc,heap        ] GC(492) DefNew: 280259K(314560K)->644K(314560K) Eden: 279616K(279616K)->0K(279616K) From: 643K(34944K)->644K(34944K)
[140.270s][info][gc,heap        ] GC(492) Tenured: 6879K(699072K)->6921K(699072K)
[140.270s][info][gc,metaspace   ] GC(492) Metaspace: 14240K(15104K)->14240K(15104K) NonClass: 12297K(12864K)->12297K(12864K) Class: 1943K(2240K)->1943K(2240K)
[140.270s][info][gc             ] GC(492) Pause Young (Allocation Failure) 280M->7M(989M) 39.179ms
[140.270s][info][gc,cpu         ] GC(492) User=0.05s Sys=0.00s Real=0.04s
[140.542s][info][gc,start       ] GC(493) Pause Young (Allocation Failure)
[140.582s][info][gc,heap        ] GC(493) DefNew: 280260K(314560K)->643K(314560K) Eden: 279616K(279616K)->0K(279616K) From: 644K(34944K)->643K(34944K)
[140.582s][info][gc,heap        ] GC(493) Tenured: 6921K(699072K)->6966K(699072K)
[140.582s][info][gc,metaspace   ] GC(493) Metaspace: 14240K(15104K)->14240K(15104K) NonClass: 12297K(12864K)->12297K(12864K) Class: 1943K(2240K)->1943K(2240K)
[140.582s][info][gc             ] GC(493) Pause Young (Allocation Failure) 280M->7M(989M) 39.919ms
[140.582s][info][gc,cpu         ] GC(493) User=0.05s Sys=0.00s Real=0.04s
[140.854s][info][gc,start       ] GC(494) Pause Young (Allocation Failure)
[140.894s][info][gc,heap        ] GC(494) DefNew: 280259K(314560K)->643K(314560K) Eden: 279616K(279616K)->0K(279616K) From: 643K(34944K)->643K(34944K)
[140.894s][info][gc,heap        ] GC(494) Tenured: 6966K(699072K)->7004K(699072K)
[140.894s][info][gc,metaspace   ] GC(494) Metaspace: 14240K(15104K)->14240K(15104K) NonClass: 12297K(12864K)->12297K(12864K) Class: 1943K(2240K)->1943K(2240K)
[140.894s][info][gc             ] GC(494) Pause Young (Allocation Failure) 280M->7M(989M) 40.323ms
[140.894s][info][gc,cpu         ] GC(494) User=0.03s Sys=0.00s Real=0.03s
[141.164s][info][gc,start       ] GC(495) Pause Young (Allocation Failure)
[141.205s][info][gc,heap        ] GC(495) DefNew: 280259K(314560K)->641K(314560K) Eden: 279616K(279616K)->0K(279616K) From: 643K(34944K)->641K(34944K)
[141.205s][info][gc,heap        ] GC(495) Tenured: 7004K(699072K)->7046K(699072K)
[141.205s][info][gc,metaspace   ] GC(495) Metaspace: 14240K(15104K)->14240K(15104K) NonClass: 12297K(12864K)->12297K(12864K) Class: 1943K(2240K)->1943K(2240K)
[141.205s][info][gc             ] GC(495) Pause Young (Allocation Failure) 280M->7M(989M) 40.734ms
[141.205s][info][gc,cpu         ] GC(495) User=0.05s Sys=0.00s Real=0.04s
[141.509s][info][gc,start       ] GC(496) Pause Young (Allocation Failure)
[141.544s][info][gc,heap        ] GC(496) DefNew: 280257K(314560K)->641K(314560K) Eden: 279616K(279616K)->0K(279616K) From: 641K(34944K)->641K(34944K)
[141.545s][info][gc,heap        ] GC(496) Tenured: 7046K(699072K)->7090K(699072K)
[141.545s][info][gc,metaspace   ] GC(496) Metaspace: 14240K(15104K)->14240K(15104K) NonClass: 12297K(12864K)->12297K(12864K) Class: 1943K(2240K)->1943K(2240K)
[141.545s][info][gc             ] GC(496) Pause Young (Allocation Failure) 280M->7M(989M) 35.354ms
[141.545s][info][gc,cpu         ] GC(496) User=0.03s Sys=0.00s Real=0.03s
[141.827s][info][gc,start       ] GC(497) Pause Young (Allocation Failure)
[141.862s][info][gc,heap        ] GC(497) DefNew: 280257K(314560K)->643K(314560K) Eden: 279616K(279616K)->0K(279616K) From: 641K(34944K)->643K(34944K)
[141.862s][info][gc,heap        ] GC(497) Tenured: 7090K(699072K)->7132K(699072K)
[141.862s][info][gc,metaspace   ] GC(497) Metaspace: 14240K(15104K)->14240K(15104K) NonClass: 12297K(12864K)->12297K(12864K) Class: 1943K(2240K)->1943K(2240K)
[141.862s][info][gc             ] GC(497) Pause Young (Allocation Failure) 280M->7M(989M) 35.857ms
[141.863s][info][gc,cpu         ] GC(497) User=0.03s Sys=0.00s Real=0.03s
[142.146s][info][gc,start       ] GC(498) Pause Young (Allocation Failure)
[142.179s][info][gc,heap        ] GC(498) DefNew: 280259K(314560K)->641K(314560K) Eden: 279616K(279616K)->0K(279616K) From: 643K(34944K)->641K(34944K)
[142.179s][info][gc,heap        ] GC(498) Tenured: 7132K(699072K)->7176K(699072K)
[142.179s][info][gc,metaspace   ] GC(498) Metaspace: 14240K(15104K)->14240K(15104K) NonClass: 12297K(12864K)->12297K(12864K) Class: 1943K(2240K)->1943K(2240K)
[142.180s][info][gc             ] GC(498) Pause Young (Allocation Failure) 280M->7M(989M) 33.791ms
[142.180s][info][gc,cpu         ] GC(498) User=0.02s Sys=0.00s Real=0.02s
[142.451s][info][gc,start       ] GC(499) Pause Young (Allocation Failure)
[142.487s][info][gc,heap        ] GC(499) DefNew: 280257K(314560K)->639K(314560K) Eden: 279616K(279616K)->0K(279616K) From: 641K(34944K)->639K(34944K)
[142.498s][info][gc,heap        ] GC(499) Tenured: 7176K(699072K)->7218K(699072K)
[142.498s][info][gc,metaspace   ] GC(499) Metaspace: 14240K(15104K)->14240K(15104K) NonClass: 12297K(12864K)->12297K(12864K) Class: 1943K(2240K)->1943K(2240K)
[142.498s][info][gc             ] GC(499) Pause Young (Allocation Failure) 280M->7M(989M) 46.585ms
[142.498s][info][gc,cpu         ] GC(499) User=0.03s Sys=0.00s Real=0.04s
[142.773s][info][gc,start       ] GC(500) Pause Young (Allocation Failure)
[142.809s][info][gc,heap        ] GC(500) DefNew: 280255K(314560K)->640K(314560K) Eden: 279616K(279616K)->0K(279616K) From: 639K(34944K)->640K(34944K)
[142.809s][info][gc,heap        ] GC(500) Tenured: 7218K(699072K)->7262K(699072K)
[142.809s][info][gc,metaspace   ] GC(500) Metaspace: 14240K(15104K)->14240K(15104K) NonClass: 12297K(12864K)->12297K(12864K) Class: 1943K(2240K)->1943K(2240K)
[142.809s][info][gc             ] GC(500) Pause Young (Allocation Failure) 280M->7M(989M) 36.245ms
[142.809s][info][gc,cpu         ] GC(500) User=0.03s Sys=0.00s Real=0.04s
[143.078s][info][gc,start       ] GC(501) Pause Young (Allocation Failure)
[143.114s][info][gc,heap        ] GC(501) DefNew: 280256K(314560K)->640K(314560K) Eden: 279616K(279616K)->0K(279616K) From: 640K(34944K)->640K(34944K)
[143.114s][info][gc,heap        ] GC(501) Tenured: 7262K(699072K)->7303K(699072K)
[143.114s][info][gc,metaspace   ] GC(501) Metaspace: 14240K(15104K)->14240K(15104K) NonClass: 12297K(12864K)->12297K(12864K) Class: 1943K(2240K)->1943K(2240K)
[143.114s][info][gc             ] GC(501) Pause Young (Allocation Failure) 280M->7M(989M) 36.149ms
[143.114s][info][gc,cpu         ] GC(501) User=0.05s Sys=0.00s Real=0.04s
[143.381s][info][gc,start       ] GC(502) Pause Young (Allocation Failure)
[143.419s][info][gc,heap        ] GC(502) DefNew: 280256K(314560K)->640K(314560K) Eden: 279616K(279616K)->0K(279616K) From: 640K(34944K)->640K(34944K)
[143.419s][info][gc,heap        ] GC(502) Tenured: 7303K(699072K)->7342K(699072K)
[143.419s][info][gc,metaspace   ] GC(502) Metaspace: 14240K(15104K)->14240K(15104K) NonClass: 12297K(12864K)->12297K(12864K) Class: 1943K(2240K)->1943K(2240K)
[143.419s][info][gc             ] GC(502) Pause Young (Allocation Failure) 280M->7M(989M) 37.771ms
[143.419s][info][gc,cpu         ] GC(502) User=0.03s Sys=0.00s Real=0.03s
[143.693s][info][gc,start       ] GC(503) Pause Young (Allocation Failure)
[143.730s][info][gc,heap        ] GC(503) DefNew: 280256K(314560K)->644K(314560K) Eden: 279616K(279616K)->0K(279616K) From: 640K(34944K)->644K(34944K)
[143.730s][info][gc,heap        ] GC(503) Tenured: 7342K(699072K)->7383K(699072K)
[143.730s][info][gc,metaspace   ] GC(503) Metaspace: 14240K(15104K)->14240K(15104K) NonClass: 12297K(12864K)->12297K(12864K) Class: 1943K(2240K)->1943K(2240K)
[143.730s][info][gc             ] GC(503) Pause Young (Allocation Failure) 280M->7M(989M) 37.097ms
[143.730s][info][gc,cpu         ] GC(503) User=0.03s Sys=0.00s Real=0.03s
[144.001s][info][gc,start       ] GC(504) Pause Young (Allocation Failure)
[144.041s][info][gc,heap        ] GC(504) DefNew: 280260K(314560K)->640K(314560K) Eden: 279616K(279616K)->0K(279616K) From: 644K(34944K)->640K(34944K)
[144.041s][info][gc,heap        ] GC(504) Tenured: 7383K(699072K)->7427K(699072K)
[144.041s][info][gc,metaspace   ] GC(504) Metaspace: 14240K(15104K)->14240K(15104K) NonClass: 12297K(12864K)->12297K(12864K) Class: 1943K(2240K)->1943K(2240K)
[144.041s][info][gc             ] GC(504) Pause Young (Allocation Failure) 280M->7M(989M) 39.611ms
[144.041s][info][gc,cpu         ] GC(504) User=0.03s Sys=0.00s Real=0.03s
[144.311s][info][gc,start       ] GC(505) Pause Young (Allocation Failure)
[144.350s][info][gc,heap        ] GC(505) DefNew: 280256K(314560K)->639K(314560K) Eden: 279616K(279616K)->0K(279616K) From: 640K(34944K)->639K(34944K)
[144.350s][info][gc,heap        ] GC(505) Tenured: 7427K(699072K)->7469K(699072K)
[144.350s][info][gc,metaspace   ] GC(505) Metaspace: 14240K(15104K)->14240K(15104K) NonClass: 12297K(12864K)->12297K(12864K) Class: 1943K(2240K)->1943K(2240K)
[144.350s][info][gc             ] GC(505) Pause Young (Allocation Failure) 280M->7M(989M) 39.725ms
[144.350s][info][gc,cpu         ] GC(505) User=0.03s Sys=0.00s Real=0.03s
[144.619s][info][gc,start       ] GC(506) Pause Young (Allocation Failure)
[144.660s][info][gc,heap        ] GC(506) DefNew: 280255K(314560K)->638K(314560K) Eden: 279616K(279616K)->0K(279616K) From: 639K(34944K)->638K(34944K)
[144.660s][info][gc,heap        ] GC(506) Tenured: 7469K(699072K)->7513K(699072K)
[144.660s][info][gc,metaspace   ] GC(506) Metaspace: 14240K(15104K)->14240K(15104K) NonClass: 12297K(12864K)->12297K(12864K) Class: 1943K(2240K)->1943K(2240K)
[144.660s][info][gc             ] GC(506) Pause Young (Allocation Failure) 280M->7M(989M) 41.070ms
[144.660s][info][gc,cpu         ] GC(506) User=0.03s Sys=0.00s Real=0.03s
[144.934s][info][gc,start       ] GC(507) Pause Young (Allocation Failure)
[144.965s][info][gc,heap        ] GC(507) DefNew: 280254K(314560K)->640K(314560K) Eden: 279616K(279616K)->0K(279616K) From: 638K(34944K)->640K(34944K)
[144.965s][info][gc,heap        ] GC(507) Tenured: 7513K(699072K)->7555K(699072K)
[144.965s][info][gc,metaspace   ] GC(507) Metaspace: 14240K(15104K)->14240K(15104K) NonClass: 12297K(12864K)->12297K(12864K) Class: 1943K(2240K)->1943K(2240K)
[144.965s][info][gc             ] GC(507) Pause Young (Allocation Failure) 281M->8M(989M) 30.972ms
[144.965s][info][gc,cpu         ] GC(507) User=0.03s Sys=0.00s Real=0.03s
[145.233s][info][gc,start       ] GC(508) Pause Young (Allocation Failure)
[145.266s][info][gc,heap        ] GC(508) DefNew: 280256K(314560K)->636K(314560K) Eden: 279616K(279616K)->0K(279616K) From: 640K(34944K)->636K(34944K)
[145.266s][info][gc,heap        ] GC(508) Tenured: 7555K(699072K)->7598K(699072K)
[145.266s][info][gc,metaspace   ] GC(508) Metaspace: 14240K(15104K)->14240K(15104K) NonClass: 12297K(12864K)->12297K(12864K) Class: 1943K(2240K)->1943K(2240K)
[145.266s][info][gc             ] GC(508) Pause Young (Allocation Failure) 281M->8M(989M) 33.199ms
[145.267s][info][gc,cpu         ] GC(508) User=0.03s Sys=0.00s Real=0.03s
[145.543s][info][gc,start       ] GC(509) Pause Young (Allocation Failure)
[145.574s][info][gc,heap        ] GC(509) DefNew: 280252K(314560K)->639K(314560K) Eden: 279616K(279616K)->0K(279616K) From: 636K(34944K)->639K(34944K)
[145.574s][info][gc,heap        ] GC(509) Tenured: 7598K(699072K)->7639K(699072K)
[145.574s][info][gc,metaspace   ] GC(509) Metaspace: 14240K(15104K)->14240K(15104K) NonClass: 12297K(12864K)->12297K(12864K) Class: 1943K(2240K)->1943K(2240K)
[145.574s][info][gc             ] GC(509) Pause Young (Allocation Failure) 281M->8M(989M) 30.993ms
[145.574s][info][gc,cpu         ] GC(509) User=0.03s Sys=0.00s Real=0.03s
[145.853s][info][gc,start       ] GC(510) Pause Young (Allocation Failure)
[145.880s][info][gc,heap        ] GC(510) DefNew: 280255K(314560K)->639K(314560K) Eden: 279616K(279616K)->0K(279616K) From: 639K(34944K)->639K(34944K)
[145.880s][info][gc,heap        ] GC(510) Tenured: 7639K(699072K)->7678K(699072K)
[145.880s][info][gc,metaspace   ] GC(510) Metaspace: 14240K(15104K)->14240K(15104K) NonClass: 12297K(12864K)->12297K(12864K) Class: 1943K(2240K)->1943K(2240K)
[145.880s][info][gc             ] GC(510) Pause Young (Allocation Failure) 281M->8M(989M) 27.224ms
[145.880s][info][gc,cpu         ] GC(510) User=0.03s Sys=0.00s Real=0.02s
[146.151s][info][gc,start       ] GC(511) Pause Young (Allocation Failure)
[146.179s][info][gc,heap        ] GC(511) DefNew: 280255K(314560K)->639K(314560K) Eden: 279616K(279616K)->0K(279616K) From: 639K(34944K)->639K(34944K)
[146.179s][info][gc,heap        ] GC(511) Tenured: 7678K(699072K)->7722K(699072K)
[146.179s][info][gc,metaspace   ] GC(511) Metaspace: 14240K(15104K)->14240K(15104K) NonClass: 12297K(12864K)->12297K(12864K) Class: 1943K(2240K)->1943K(2240K)
[146.179s][info][gc             ] GC(511) Pause Young (Allocation Failure) 281M->8M(989M) 28.353ms
[146.179s][info][gc,cpu         ] GC(511) User=0.03s Sys=0.00s Real=0.03s
[146.448s][info][gc,start       ] GC(512) Pause Young (Allocation Failure)
[146.476s][info][gc,heap        ] GC(512) DefNew: 280255K(314560K)->637K(314560K) Eden: 279616K(279616K)->0K(279616K) From: 639K(34944K)->637K(34944K)
[146.476s][info][gc,heap        ] GC(512) Tenured: 7722K(699072K)->7766K(699072K)
[146.476s][info][gc,metaspace   ] GC(512) Metaspace: 14240K(15104K)->14240K(15104K) NonClass: 12297K(12864K)->12297K(12864K) Class: 1943K(2240K)->1943K(2240K)
[146.476s][info][gc             ] GC(512) Pause Young (Allocation Failure) 281M->8M(989M) 27.950ms
[146.476s][info][gc,cpu         ] GC(512) User=0.03s Sys=0.00s Real=0.03s
[146.744s][info][gc,start       ] GC(513) Pause Young (Allocation Failure)
[146.773s][info][gc,heap        ] GC(513) DefNew: 280253K(314560K)->636K(314560K) Eden: 279616K(279616K)->0K(279616K) From: 637K(34944K)->636K(34944K)
[146.773s][info][gc,heap        ] GC(513) Tenured: 7766K(699072K)->7808K(699072K)
[146.773s][info][gc,metaspace   ] GC(513) Metaspace: 14240K(15104K)->14240K(15104K) NonClass: 12297K(12864K)->12297K(12864K) Class: 1943K(2240K)->1943K(2240K)
[146.773s][info][gc             ] GC(513) Pause Young (Allocation Failure) 281M->8M(989M) 29.011ms
[146.773s][info][gc,cpu         ] GC(513) User=0.02s Sys=0.00s Real=0.02s
[147.042s][info][gc,start       ] GC(514) Pause Young (Allocation Failure)
[147.071s][info][gc,heap        ] GC(514) DefNew: 280252K(314560K)->636K(314560K) Eden: 279616K(279616K)->0K(279616K) From: 636K(34944K)->636K(34944K)
[147.071s][info][gc,heap        ] GC(514) Tenured: 7808K(699072K)->7850K(699072K)
[147.071s][info][gc,metaspace   ] GC(514) Metaspace: 14240K(15104K)->14240K(15104K) NonClass: 12297K(12864K)->12297K(12864K) Class: 1943K(2240K)->1943K(2240K)
[147.071s][info][gc             ] GC(514) Pause Young (Allocation Failure) 281M->8M(989M) 29.383ms
[147.071s][info][gc,cpu         ] GC(514) User=0.02s Sys=0.00s Real=0.02s
[147.341s][info][gc,start       ] GC(515) Pause Young (Allocation Failure)
[147.372s][info][gc,heap        ] GC(515) DefNew: 280252K(314560K)->635K(314560K) Eden: 279616K(279616K)->0K(279616K) From: 636K(34944K)->635K(34944K)
[147.372s][info][gc,heap        ] GC(515) Tenured: 7850K(699072K)->7894K(699072K)
[147.372s][info][gc,metaspace   ] GC(515) Metaspace: 14240K(15104K)->14240K(15104K) NonClass: 12297K(12864K)->12297K(12864K) Class: 1943K(2240K)->1943K(2240K)
[147.372s][info][gc             ] GC(515) Pause Young (Allocation Failure) 281M->8M(989M) 30.292ms
[147.372s][info][gc,cpu         ] GC(515) User=0.03s Sys=0.00s Real=0.02s
[147.645s][info][gc,start       ] GC(516) Pause Young (Allocation Failure)
[147.682s][info][gc,heap        ] GC(516) DefNew: 280251K(314560K)->637K(314560K) Eden: 279616K(279616K)->0K(279616K) From: 635K(34944K)->637K(34944K)
[147.682s][info][gc,heap        ] GC(516) Tenured: 7894K(699072K)->7935K(699072K)
[147.682s][info][gc,metaspace   ] GC(516) Metaspace: 14240K(15104K)->14240K(15104K) NonClass: 12297K(12864K)->12297K(12864K) Class: 1943K(2240K)->1943K(2240K)
[147.682s][info][gc             ] GC(516) Pause Young (Allocation Failure) 281M->8M(989M) 37.181ms
[147.682s][info][gc,cpu         ] GC(516) User=0.02s Sys=0.00s Real=0.02s
[147.950s][info][gc,start       ] GC(517) Pause Young (Allocation Failure)
[147.990s][info][gc,heap        ] GC(517) DefNew: 280253K(314560K)->643K(314560K) Eden: 279616K(279616K)->0K(279616K) From: 637K(34944K)->643K(34944K)
[147.990s][info][gc,heap        ] GC(517) Tenured: 7935K(699072K)->7973K(699072K)
[147.990s][info][gc,metaspace   ] GC(517) Metaspace: 14240K(15104K)->14240K(15104K) NonClass: 12297K(12864K)->12297K(12864K) Class: 1943K(2240K)->1943K(2240K)
[147.990s][info][gc             ] GC(517) Pause Young (Allocation Failure) 281M->8M(989M) 39.698ms
[147.990s][info][gc,cpu         ] GC(517) User=0.03s Sys=0.00s Real=0.03s
[148.259s][info][gc,start       ] GC(518) Pause Young (Allocation Failure)
[148.299s][info][gc,heap        ] GC(518) DefNew: 280259K(314560K)->634K(314560K) Eden: 279616K(279616K)->0K(279616K) From: 643K(34944K)->634K(34944K)
[148.299s][info][gc,heap        ] GC(518) Tenured: 7973K(699072K)->8018K(699072K)
[148.299s][info][gc,metaspace   ] GC(518) Metaspace: 14240K(15104K)->14240K(15104K) NonClass: 12297K(12864K)->12297K(12864K) Class: 1943K(2240K)->1943K(2240K)
[148.299s][info][gc             ] GC(518) Pause Young (Allocation Failure) 281M->8M(989M) 39.845ms
[148.299s][info][gc,cpu         ] GC(518) User=0.05s Sys=0.00s Real=0.04s
[148.570s][info][gc,start       ] GC(519) Pause Young (Allocation Failure)
[148.610s][info][gc,heap        ] GC(519) DefNew: 280250K(314560K)->635K(314560K) Eden: 279616K(279616K)->0K(279616K) From: 634K(34944K)->635K(34944K)
[148.610s][info][gc,heap        ] GC(519) Tenured: 8018K(699072K)->8059K(699072K)
[148.610s][info][gc,metaspace   ] GC(519) Metaspace: 14240K(15104K)->14240K(15104K) NonClass: 12297K(12864K)->12297K(12864K) Class: 1943K(2240K)->1943K(2240K)
[148.610s][info][gc             ] GC(519) Pause Young (Allocation Failure) 281M->8M(989M) 40.318ms
[148.610s][info][gc,cpu         ] GC(519) User=0.03s Sys=0.00s Real=0.03s
[148.881s][info][gc,start       ] GC(520) Pause Young (Allocation Failure)
[148.922s][info][gc,heap        ] GC(520) DefNew: 280251K(314560K)->634K(314560K) Eden: 279616K(279616K)->0K(279616K) From: 635K(34944K)->634K(34944K)
[148.922s][info][gc,heap        ] GC(520) Tenured: 8059K(699072K)->8100K(699072K)
[148.922s][info][gc,metaspace   ] GC(520) Metaspace: 14240K(15104K)->14240K(15104K) NonClass: 12297K(12864K)->12297K(12864K) Class: 1943K(2240K)->1943K(2240K)
[148.922s][info][gc             ] GC(520) Pause Young (Allocation Failure) 281M->8M(989M) 41.648ms
[148.922s][info][gc,cpu         ] GC(520) User=0.03s Sys=0.00s Real=0.03s
[149.192s][info][gc,start       ] GC(521) Pause Young (Allocation Failure)
[149.234s][info][gc,heap        ] GC(521) DefNew: 280250K(314560K)->632K(314560K) Eden: 279616K(279616K)->0K(279616K) From: 634K(34944K)->632K(34944K)
[149.235s][info][gc,heap        ] GC(521) Tenured: 8100K(699072K)->8142K(699072K)
[149.235s][info][gc,metaspace   ] GC(521) Metaspace: 14240K(15104K)->14240K(15104K) NonClass: 12297K(12864K)->12297K(12864K) Class: 1943K(2240K)->1943K(2240K)
[149.235s][info][gc             ] GC(521) Pause Young (Allocation Failure) 281M->8M(989M) 42.218ms
[149.235s][info][gc,cpu         ] GC(521) User=0.03s Sys=0.00s Real=0.03s
[149.510s][info][gc,start       ] GC(522) Pause Young (Allocation Failure)
[149.551s][info][gc,heap        ] GC(522) DefNew: 280248K(314560K)->630K(314560K) Eden: 279616K(279616K)->0K(279616K) From: 632K(34944K)->630K(34944K)
[149.551s][info][gc,heap        ] GC(522) Tenured: 8142K(699072K)->8186K(699072K)
[149.551s][info][gc,metaspace   ] GC(522) Metaspace: 14240K(15104K)->14240K(15104K) NonClass: 12297K(12864K)->12297K(12864K) Class: 1943K(2240K)->1943K(2240K)
[149.551s][info][gc             ] GC(522) Pause Young (Allocation Failure) 281M->8M(989M) 40.794ms
[149.551s][info][gc,cpu         ] GC(522) User=0.05s Sys=0.00s Real=0.04s
[149.844s][info][gc,start       ] GC(523) Pause Young (Allocation Failure)
[149.880s][info][gc,heap        ] GC(523) DefNew: 280246K(314560K)->637K(314560K) Eden: 279616K(279616K)->0K(279616K) From: 630K(34944K)->637K(34944K)
[149.880s][info][gc,heap        ] GC(523) Tenured: 8186K(699072K)->8225K(699072K)
[149.880s][info][gc,metaspace   ] GC(523) Metaspace: 14240K(15104K)->14240K(15104K) NonClass: 12297K(12864K)->12297K(12864K) Class: 1943K(2240K)->1943K(2240K)
[149.880s][info][gc             ] GC(523) Pause Young (Allocation Failure) 281M->8M(989M) 36.294ms
[149.880s][info][gc,cpu         ] GC(523) User=0.03s Sys=0.00s Real=0.03s
[150.156s][info][gc,start       ] GC(524) Pause Young (Allocation Failure)
[150.192s][info][gc,heap        ] GC(524) DefNew: 280253K(314560K)->633K(314560K) Eden: 279616K(279616K)->0K(279616K) From: 637K(34944K)->633K(34944K)
[150.192s][info][gc,heap        ] GC(524) Tenured: 8225K(699072K)->8270K(699072K)
[150.192s][info][gc,metaspace   ] GC(524) Metaspace: 14240K(15104K)->14240K(15104K) NonClass: 12297K(12864K)->12297K(12864K) Class: 1943K(2240K)->1943K(2240K)
[150.192s][info][gc             ] GC(524) Pause Young (Allocation Failure) 281M->8M(989M) 35.884ms
[150.192s][info][gc,cpu         ] GC(524) User=0.03s Sys=0.00s Real=0.03s
[150.461s][info][gc,start       ] GC(525) Pause Young (Allocation Failure)
[150.497s][info][gc,heap        ] GC(525) DefNew: 280249K(314560K)->636K(314560K) Eden: 279616K(279616K)->0K(279616K) From: 633K(34944K)->636K(34944K)
[150.497s][info][gc,heap        ] GC(525) Tenured: 8270K(699072K)->8308K(699072K)
[150.497s][info][gc,metaspace   ] GC(525) Metaspace: 14240K(15104K)->14240K(15104K) NonClass: 12297K(12864K)->12297K(12864K) Class: 1943K(2240K)->1943K(2240K)
[150.497s][info][gc             ] GC(525) Pause Young (Allocation Failure) 281M->8M(989M) 36.390ms
[150.497s][info][gc,cpu         ] GC(525) User=0.03s Sys=0.00s Real=0.03s
[150.764s][info][gc,start       ] GC(526) Pause Young (Allocation Failure)
[150.801s][info][gc,heap        ] GC(526) DefNew: 280252K(314560K)->628K(314560K) Eden: 279616K(279616K)->0K(279616K) From: 636K(34944K)->628K(34944K)
[150.801s][info][gc,heap        ] GC(526) Tenured: 8308K(699072K)->8354K(699072K)
[150.801s][info][gc,metaspace   ] GC(526) Metaspace: 14240K(15104K)->14240K(15104K) NonClass: 12297K(12864K)->12297K(12864K) Class: 1943K(2240K)->1943K(2240K)
[150.801s][info][gc             ] GC(526) Pause Young (Allocation Failure) 281M->8M(989M) 37.833ms
[150.801s][info][gc,cpu         ] GC(526) User=0.05s Sys=0.00s Real=0.04s
[151.072s][info][gc,start       ] GC(527) Pause Young (Allocation Failure)
[151.109s][info][gc,heap        ] GC(527) DefNew: 280244K(314560K)->628K(314560K) Eden: 279615K(279616K)->0K(279616K) From: 628K(34944K)->628K(34944K)
[151.109s][info][gc,heap        ] GC(527) Tenured: 8354K(699072K)->8395K(699072K)
[151.109s][info][gc,metaspace   ] GC(527) Metaspace: 14240K(15104K)->14240K(15104K) NonClass: 12297K(12864K)->12297K(12864K) Class: 1943K(2240K)->1943K(2240K)
[151.109s][info][gc             ] GC(527) Pause Young (Allocation Failure) 281M->8M(989M) 37.404ms
[151.109s][info][gc,cpu         ] GC(527) User=0.03s Sys=0.00s Real=0.03s
[151.386s][info][gc,start       ] GC(528) Pause Young (Allocation Failure)
[151.425s][info][gc,heap        ] GC(528) DefNew: 280244K(314560K)->631K(314560K) Eden: 279616K(279616K)->0K(279616K) From: 628K(34944K)->631K(34944K)
[151.426s][info][gc,heap        ] GC(528) Tenured: 8395K(699072K)->8437K(699072K)
[151.426s][info][gc,metaspace   ] GC(528) Metaspace: 14240K(15104K)->14240K(15104K) NonClass: 12297K(12864K)->12297K(12864K) Class: 1943K(2240K)->1943K(2240K)
[151.426s][info][gc             ] GC(528) Pause Young (Allocation Failure) 281M->8M(989M) 39.677ms
[151.426s][info][gc,cpu         ] GC(528) User=0.05s Sys=0.00s Real=0.04s
[151.700s][info][gc,start       ] GC(529) Pause Young (Allocation Failure)
[151.732s][info][gc,heap        ] GC(529) DefNew: 280247K(314560K)->630K(314560K) Eden: 279616K(279616K)->0K(279616K) From: 631K(34944K)->630K(34944K)
[151.732s][info][gc,heap        ] GC(529) Tenured: 8437K(699072K)->8478K(699072K)
[151.732s][info][gc,metaspace   ] GC(529) Metaspace: 14240K(15104K)->14240K(15104K) NonClass: 12297K(12864K)->12297K(12864K) Class: 1943K(2240K)->1943K(2240K)
[151.732s][info][gc             ] GC(529) Pause Young (Allocation Failure) 281M->8M(989M) 32.515ms
[151.732s][info][gc,cpu         ] GC(529) User=0.03s Sys=0.00s Real=0.03s
[151.993s][info][gc,start       ] GC(530) Pause Young (Allocation Failure)
[152.025s][info][gc,heap        ] GC(530) DefNew: 280246K(314560K)->628K(314560K) Eden: 279616K(279616K)->0K(279616K) From: 630K(34944K)->628K(34944K)
[152.025s][info][gc,heap        ] GC(530) Tenured: 8478K(699072K)->8520K(699072K)
[152.025s][info][gc,metaspace   ] GC(530) Metaspace: 14240K(15104K)->14240K(15104K) NonClass: 12297K(12864K)->12297K(12864K) Class: 1943K(2240K)->1943K(2240K)
[152.025s][info][gc             ] GC(530) Pause Young (Allocation Failure) 281M->8M(989M) 32.580ms
[152.025s][info][gc,cpu         ] GC(530) User=0.03s Sys=0.00s Real=0.03s
[152.255s][info][gc,start       ] GC(531) Pause Young (Allocation Failure)
[152.287s][info][gc,heap        ] GC(531) DefNew: 280244K(314560K)->619K(314560K) Eden: 279616K(279616K)->0K(279616K) From: 628K(34944K)->619K(34944K)
[152.287s][info][gc,heap        ] GC(531) Tenured: 8520K(699072K)->8565K(699072K)
[152.287s][info][gc,metaspace   ] GC(531) Metaspace: 14240K(15104K)->14240K(15104K) NonClass: 12297K(12864K)->12297K(12864K) Class: 1943K(2240K)->1943K(2240K)
[152.287s][info][gc             ] GC(531) Pause Young (Allocation Failure) 281M->8M(989M) 32.718ms
[152.287s][info][gc,cpu         ] GC(531) User=0.02s Sys=0.00s Real=0.02s
[152.475s][info][gc,start       ] GC(532) Pause Young (Allocation Failure)
[152.507s][info][gc,heap        ] GC(532) DefNew: 280235K(314560K)->611K(314560K) Eden: 279616K(279616K)->0K(279616K) From: 619K(34944K)->611K(34944K)
[152.507s][info][gc,heap        ] GC(532) Tenured: 8565K(699072K)->8604K(699072K)
[152.507s][info][gc,metaspace   ] GC(532) Metaspace: 14240K(15104K)->14240K(15104K) NonClass: 12297K(12864K)->12297K(12864K) Class: 1943K(2240K)->1943K(2240K)
[152.507s][info][gc             ] GC(532) Pause Young (Allocation Failure) 282M->8M(989M) 31.522ms
[152.507s][info][gc,cpu         ] GC(532) User=0.02s Sys=0.00s Real=0.02s
[152.702s][info][gc,start       ] GC(533) Pause Young (Allocation Failure)
[152.737s][info][gc,heap        ] GC(533) DefNew: 280227K(314560K)->600K(314560K) Eden: 279616K(279616K)->0K(279616K) From: 611K(34944K)->600K(34944K)
[152.737s][info][gc,heap        ] GC(533) Tenured: 8604K(699072K)->8645K(699072K)
[152.737s][info][gc,metaspace   ] GC(533) Metaspace: 14240K(15104K)->14240K(15104K) NonClass: 12297K(12864K)->12297K(12864K) Class: 1943K(2240K)->1943K(2240K)
[152.737s][info][gc             ] GC(533) Pause Young (Allocation Failure) 282M->9M(989M) 34.802ms
[152.737s][info][gc,cpu         ] GC(533) User=0.03s Sys=0.00s Real=0.03s
[152.946s][info][gc,start       ] GC(534) Pause Full (System.gc())
[152.946s][info][gc,phases,start] GC(534) Phase 1: Mark live objects
[152.983s][info][gc,phases      ] GC(534) Phase 1: Mark live objects 36.426ms
[152.983s][info][gc,phases,start] GC(534) Phase 2: Compute new object addresses
[153.011s][info][gc,phases      ] GC(534) Phase 2: Compute new object addresses 28.497ms
[153.011s][info][gc,phases,start] GC(534) Phase 3: Adjust pointers
[153.034s][info][gc,phases      ] GC(534) Phase 3: Adjust pointers 22.278ms
[153.034s][info][gc,phases,start] GC(534) Phase 4: Move objects
[153.034s][info][gc,phases      ] GC(534) Phase 4: Move objects 0.013ms
[153.034s][info][gc,heap        ] GC(534) DefNew: 120613K(314560K)->0K(314560K) Eden: 120013K(279616K)->0K(279616K) From: 600K(34944K)->0K(34944K)
[153.034s][info][gc,heap        ] GC(534) Tenured: 8645K(699072K)->8645K(699072K)
[153.034s][info][gc,metaspace   ] GC(534) Metaspace: 14240K(15104K)->14240K(15104K) NonClass: 12297K(12864K)->12297K(12864K) Class: 1943K(2240K)->1943K(2240K)
[153.034s][info][gc             ] GC(534) Pause Full (System.gc()) 126M->8M(989M) 87.625ms
[153.034s][info][gc,cpu         ] GC(534) User=0.08s Sys=0.00s Real=0.08s
[153.374s][info][gc,start       ] GC(535) Pause Young (Allocation Failure)
[153.412s][info][gc,heap        ] GC(535) DefNew: 279616K(314560K)->1495K(314560K) Eden: 279616K(279616K)->0K(279616K) From: 0K(34944K)->1495K(34944K)
[153.412s][info][gc,heap        ] GC(535) Tenured: 8645K(699072K)->8645K(699072K)
[153.412s][info][gc,metaspace   ] GC(535) Metaspace: 14240K(15104K)->14240K(15104K) NonClass: 12297K(12864K)->12297K(12864K) Class: 1943K(2240K)->1943K(2240K)
[153.412s][info][gc             ] GC(535) Pause Young (Allocation Failure) 281M->9M(989M) 37.913ms
[153.412s][info][gc,cpu         ] GC(535) User=0.05s Sys=0.00s Real=0.03s
[153.682s][info][gc,start       ] GC(536) Pause Young (Allocation Failure)
[153.721s][info][gc,heap        ] GC(536) DefNew: 281111K(314560K)->1537K(314560K) Eden: 279616K(279616K)->0K(279616K) From: 1495K(34944K)->1537K(34944K)
[153.721s][info][gc,heap        ] GC(536) Tenured: 8645K(699072K)->8645K(699072K)
[153.721s][info][gc,metaspace   ] GC(536) Metaspace: 14240K(15104K)->14240K(15104K) NonClass: 12297K(12864K)->12297K(12864K) Class: 1943K(2240K)->1943K(2240K)
[153.721s][info][gc             ] GC(536) Pause Young (Allocation Failure) 282M->9M(989M) 38.450ms
[153.721s][info][gc,cpu         ] GC(536) User=0.05s Sys=0.00s Real=0.04s
[154.006s][info][gc,start       ] GC(537) Pause Young (Allocation Failure)
[154.041s][info][gc,heap        ] GC(537) DefNew: 281153K(314560K)->1582K(314560K) Eden: 279616K(279616K)->0K(279616K) From: 1537K(34944K)->1582K(34944K)
[154.041s][info][gc,heap        ] GC(537) Tenured: 8645K(699072K)->8645K(699072K)
[154.041s][info][gc,metaspace   ] GC(537) Metaspace: 14240K(15104K)->14240K(15104K) NonClass: 12297K(12864K)->12297K(12864K) Class: 1943K(2240K)->1943K(2240K)
[154.041s][info][gc             ] GC(537) Pause Young (Allocation Failure) 283M->9M(989M) 34.773ms
[154.041s][info][gc,cpu         ] GC(537) User=0.03s Sys=0.00s Real=0.03s
[154.302s][info][gc,start       ] GC(538) Pause Young (Allocation Failure)
[154.338s][info][gc,heap        ] GC(538) DefNew: 281198K(314560K)->1623K(314560K) Eden: 279616K(279616K)->0K(279616K) From: 1582K(34944K)->1623K(34944K)
[154.338s][info][gc,heap        ] GC(538) Tenured: 8645K(699072K)->8645K(699072K)
[154.338s][info][gc,metaspace   ] GC(538) Metaspace: 14240K(15104K)->14240K(15104K) NonClass: 12297K(12864K)->12297K(12864K) Class: 1943K(2240K)->1943K(2240K)
[154.338s][info][gc             ] GC(538) Pause Young (Allocation Failure) 283M->10M(989M) 36.308ms
[154.338s][info][gc,cpu         ] GC(538) User=0.02s Sys=0.00s Real=0.02s
[154.593s][info][gc,start       ] GC(539) Pause Young (Allocation Failure)
[154.630s][info][gc,heap        ] GC(539) DefNew: 281239K(314560K)->1665K(314560K) Eden: 279616K(279616K)->0K(279616K) From: 1623K(34944K)->1665K(34944K)
[154.630s][info][gc,heap        ] GC(539) Tenured: 8645K(699072K)->8645K(699072K)
[154.630s][info][gc,metaspace   ] GC(539) Metaspace: 14240K(15104K)->14240K(15104K) NonClass: 12297K(12864K)->12297K(12864K) Class: 1943K(2240K)->1943K(2240K)
[154.630s][info][gc             ] GC(539) Pause Young (Allocation Failure) 283M->10M(989M) 37.039ms
[154.630s][info][gc,cpu         ] GC(539) User=0.03s Sys=0.00s Real=0.03s
[154.884s][info][gc,start       ] GC(540) Pause Young (Allocation Failure)
[154.922s][info][gc,heap        ] GC(540) DefNew: 281281K(314560K)->1712K(314560K) Eden: 279616K(279616K)->0K(279616K) From: 1665K(34944K)->1712K(34944K)
[154.922s][info][gc,heap        ] GC(540) Tenured: 8645K(699072K)->8645K(699072K)
[154.922s][info][gc,metaspace   ] GC(540) Metaspace: 14240K(15104K)->14240K(15104K) NonClass: 12297K(12864K)->12297K(12864K) Class: 1943K(2240K)->1943K(2240K)
[154.922s][info][gc             ] GC(540) Pause Young (Allocation Failure) 283M->10M(989M) 38.258ms
[154.922s][info][gc,cpu         ] GC(540) User=0.03s Sys=0.00s Real=0.03s
[155.183s][info][gc,start       ] GC(541) Pause Young (Allocation Failure)
[155.212s][info][gc,heap        ] GC(541) DefNew: 281328K(314560K)->1746K(314560K) Eden: 279616K(279616K)->0K(279616K) From: 1712K(34944K)->1746K(34944K)
[155.212s][info][gc,heap        ] GC(541) Tenured: 8645K(699072K)->8645K(699072K)
[155.212s][info][gc,metaspace   ] GC(541) Metaspace: 14240K(15104K)->14240K(15104K) NonClass: 12297K(12864K)->12297K(12864K) Class: 1943K(2240K)->1943K(2240K)
[155.212s][info][gc             ] GC(541) Pause Young (Allocation Failure) 283M->10M(989M) 29.312ms
[155.212s][info][gc,cpu         ] GC(541) User=0.03s Sys=0.00s Real=0.02s
[155.470s][info][gc,start       ] GC(542) Pause Young (Allocation Failure)
[155.499s][info][gc,heap        ] GC(542) DefNew: 281362K(314560K)->1787K(314560K) Eden: 279616K(279616K)->0K(279616K) From: 1746K(34944K)->1787K(34944K)
[155.499s][info][gc,heap        ] GC(542) Tenured: 8645K(699072K)->8645K(699072K)
[155.499s][info][gc,metaspace   ] GC(542) Metaspace: 14240K(15104K)->14240K(15104K) NonClass: 12297K(12864K)->12297K(12864K) Class: 1943K(2240K)->1943K(2240K)
[155.499s][info][gc             ] GC(542) Pause Young (Allocation Failure) 283M->10M(989M) 29.397ms
[155.499s][info][gc,cpu         ] GC(542) User=0.03s Sys=0.00s Real=0.02s
[155.758s][info][gc,start       ] GC(543) Pause Young (Allocation Failure)
[155.788s][info][gc,heap        ] GC(543) DefNew: 281403K(314560K)->1830K(314560K) Eden: 279616K(279616K)->0K(279616K) From: 1787K(34944K)->1830K(34944K)
[155.788s][info][gc,heap        ] GC(543) Tenured: 8645K(699072K)->8645K(699072K)
[155.788s][info][gc,metaspace   ] GC(543) Metaspace: 14240K(15104K)->14240K(15104K) NonClass: 12297K(12864K)->12297K(12864K) Class: 1943K(2240K)->1943K(2240K)
[155.788s][info][gc             ] GC(543) Pause Young (Allocation Failure) 283M->10M(989M) 30.407ms
[155.788s][info][gc,cpu         ] GC(543) User=0.02s Sys=0.00s Real=0.02s
[156.046s][info][gc,start       ] GC(544) Pause Young (Allocation Failure)
[156.078s][info][gc,heap        ] GC(544) DefNew: 281446K(314560K)->1869K(314560K) Eden: 279616K(279616K)->0K(279616K) From: 1830K(34944K)->1869K(34944K)
[156.078s][info][gc,heap        ] GC(544) Tenured: 8645K(699072K)->8645K(699072K)
[156.078s][info][gc,metaspace   ] GC(544) Metaspace: 14240K(15104K)->14240K(15104K) NonClass: 12297K(12864K)->12297K(12864K) Class: 1943K(2240K)->1943K(2240K)
[156.078s][info][gc             ] GC(544) Pause Young (Allocation Failure) 283M->10M(989M) 32.028ms
[156.078s][info][gc,cpu         ] GC(544) User=0.03s Sys=0.00s Real=0.02s
[156.341s][info][gc,start       ] GC(545) Pause Young (Allocation Failure)
[156.373s][info][gc,heap        ] GC(545) DefNew: 281485K(314560K)->1909K(314560K) Eden: 279616K(279616K)->0K(279616K) From: 1869K(34944K)->1909K(34944K)
[156.374s][info][gc,heap        ] GC(545) Tenured: 8645K(699072K)->8645K(699072K)
[156.374s][info][gc,metaspace   ] GC(545) Metaspace: 14240K(15104K)->14240K(15104K) NonClass: 12297K(12864K)->12297K(12864K) Class: 1943K(2240K)->1943K(2240K)
[156.374s][info][gc             ] GC(545) Pause Young (Allocation Failure) 283M->10M(989M) 32.602ms
[156.374s][info][gc,cpu         ] GC(545) User=0.03s Sys=0.00s Real=0.03s
[156.634s][info][gc,start       ] GC(546) Pause Young (Allocation Failure)
[156.675s][info][gc,heap        ] GC(546) DefNew: 281525K(314560K)->1952K(314560K) Eden: 279616K(279616K)->0K(279616K) From: 1909K(34944K)->1952K(34944K)
[156.675s][info][gc,heap        ] GC(546) Tenured: 8645K(699072K)->8645K(699072K)
[156.675s][info][gc,metaspace   ] GC(546) Metaspace: 14240K(15104K)->14240K(15104K) NonClass: 12297K(12864K)->12297K(12864K) Class: 1943K(2240K)->1943K(2240K)
[156.675s][info][gc             ] GC(546) Pause Young (Allocation Failure) 283M->10M(989M) 41.526ms
[156.675s][info][gc,cpu         ] GC(546) User=0.05s Sys=0.00s Real=0.04s
[156.945s][info][gc,start       ] GC(547) Pause Young (Allocation Failure)
[156.987s][info][gc,heap        ] GC(547) DefNew: 281568K(314560K)->1993K(314560K) Eden: 279616K(279616K)->0K(279616K) From: 1952K(34944K)->1993K(34944K)
[156.987s][info][gc,heap        ] GC(547) Tenured: 8645K(699072K)->8645K(699072K)
[156.987s][info][gc,metaspace   ] GC(547) Metaspace: 14240K(15104K)->14240K(15104K) NonClass: 12297K(12864K)->12297K(12864K) Class: 1943K(2240K)->1943K(2240K)
[156.987s][info][gc             ] GC(547) Pause Young (Allocation Failure) 283M->10M(989M) 42.224ms
[156.987s][info][gc,cpu         ] GC(547) User=0.05s Sys=0.00s Real=0.04s
[157.330s][info][gc,start       ] GC(548) Pause Young (Allocation Failure)
[157.377s][info][gc,heap        ] GC(548) DefNew: 281609K(314560K)->2034K(314560K) Eden: 279616K(279616K)->0K(279616K) From: 1993K(34944K)->2034K(34944K)
[157.377s][info][gc,heap        ] GC(548) Tenured: 8645K(699072K)->8645K(699072K)
[157.377s][info][gc,metaspace   ] GC(548) Metaspace: 14240K(15104K)->14240K(15104K) NonClass: 12297K(12864K)->12297K(12864K) Class: 1943K(2240K)->1943K(2240K)
[157.377s][info][gc             ] GC(548) Pause Young (Allocation Failure) 283M->10M(989M) 47.517ms
[157.377s][info][gc,cpu         ] GC(548) User=0.05s Sys=0.00s Real=0.05s
[157.652s][info][gc,start       ] GC(549) Pause Young (Allocation Failure)
[157.690s][info][gc,heap        ] GC(549) DefNew: 281650K(314560K)->2079K(314560K) Eden: 279616K(279616K)->0K(279616K) From: 2034K(34944K)->2079K(34944K)
[157.725s][info][gc,heap        ] GC(549) Tenured: 8645K(699072K)->8645K(699072K)
[157.725s][info][gc,metaspace   ] GC(549) Metaspace: 14240K(15104K)->14240K(15104K) NonClass: 12297K(12864K)->12297K(12864K) Class: 1943K(2240K)->1943K(2240K)
[157.725s][info][gc             ] GC(549) Pause Young (Allocation Failure) 283M->10M(989M) 72.745ms
[157.725s][info][gc,cpu         ] GC(549) User=0.03s Sys=0.00s Real=0.07s
[157.992s][info][gc,start       ] GC(550) Pause Young (Allocation Failure)
[158.029s][info][gc,heap        ] GC(550) DefNew: 281695K(314560K)->634K(314560K) Eden: 279616K(279616K)->0K(279616K) From: 2079K(34944K)->634K(34944K)
[158.029s][info][gc,heap        ] GC(550) Tenured: 8645K(699072K)->10132K(699072K)
[158.029s][info][gc,metaspace   ] GC(550) Metaspace: 14240K(15104K)->14240K(15104K) NonClass: 12297K(12864K)->12297K(12864K) Class: 1943K(2240K)->1943K(2240K)
[158.029s][info][gc             ] GC(550) Pause Young (Allocation Failure) 283M->10M(989M) 36.791ms
[158.029s][info][gc,cpu         ] GC(550) User=0.03s Sys=0.00s Real=0.04s
[158.318s][info][gc,start       ] GC(551) Pause Young (Allocation Failure)
[158.353s][info][gc,heap        ] GC(551) DefNew: 280250K(314560K)->636K(314560K) Eden: 279616K(279616K)->0K(279616K) From: 634K(34944K)->636K(34944K)
[158.353s][info][gc,heap        ] GC(551) Tenured: 10132K(699072K)->10174K(699072K)
[158.353s][info][gc,metaspace   ] GC(551) Metaspace: 14240K(15104K)->14240K(15104K) NonClass: 12297K(12864K)->12297K(12864K) Class: 1943K(2240K)->1943K(2240K)
[158.353s][info][gc             ] GC(551) Pause Young (Allocation Failure) 283M->10M(989M) 35.152ms
[158.353s][info][gc,cpu         ] GC(551) User=0.03s Sys=0.00s Real=0.03s
[158.627s][info][gc,start       ] GC(552) Pause Young (Allocation Failure)
[158.664s][info][gc,heap        ] GC(552) DefNew: 280252K(314560K)->633K(314560K) Eden: 279616K(279616K)->0K(279616K) From: 636K(34944K)->633K(34944K)
[158.664s][info][gc,heap        ] GC(552) Tenured: 10174K(699072K)->10219K(699072K)
[158.664s][info][gc,metaspace   ] GC(552) Metaspace: 14240K(15104K)->14240K(15104K) NonClass: 12297K(12864K)->12297K(12864K) Class: 1943K(2240K)->1943K(2240K)
[158.664s][info][gc             ] GC(552) Pause Young (Allocation Failure) 283M->10M(989M) 36.975ms
[158.664s][info][gc,cpu         ] GC(552) User=0.03s Sys=0.00s Real=0.04s
[158.942s][info][gc,start       ] GC(553) Pause Young (Allocation Failure)
[158.980s][info][gc,heap        ] GC(553) DefNew: 280249K(314560K)->636K(314560K) Eden: 279616K(279616K)->0K(279616K) From: 633K(34944K)->636K(34944K)
[158.980s][info][gc,heap        ] GC(553) Tenured: 10219K(699072K)->10261K(699072K)
[158.980s][info][gc,metaspace   ] GC(553) Metaspace: 14240K(15104K)->14240K(15104K) NonClass: 12297K(12864K)->12297K(12864K) Class: 1943K(2240K)->1943K(2240K)
[158.980s][info][gc             ] GC(553) Pause Young (Allocation Failure) 283M->10M(989M) 37.657ms
[158.980s][info][gc,cpu         ] GC(553) User=0.03s Sys=0.00s Real=0.04s
[159.255s][info][gc,start       ] GC(554) Pause Young (Allocation Failure)
[159.293s][info][gc,heap        ] GC(554) DefNew: 280252K(314560K)->639K(314560K) Eden: 279616K(279616K)->0K(279616K) From: 636K(34944K)->639K(34944K)
[159.294s][info][gc,heap        ] GC(554) Tenured: 10261K(699072K)->10302K(699072K)
[159.294s][info][gc,metaspace   ] GC(554) Metaspace: 14240K(15104K)->14240K(15104K) NonClass: 12297K(12864K)->12297K(12864K) Class: 1943K(2240K)->1943K(2240K)
[159.294s][info][gc             ] GC(554) Pause Young (Allocation Failure) 283M->10M(989M) 38.818ms
[159.294s][info][gc,cpu         ] GC(554) User=0.02s Sys=0.00s Real=0.03s
[159.567s][info][gc,start       ] GC(555) Pause Young (Allocation Failure)
[159.596s][info][gc,heap        ] GC(555) DefNew: 280255K(314560K)->642K(314560K) Eden: 279616K(279616K)->0K(279616K) From: 639K(34944K)->642K(34944K)
[159.596s][info][gc,heap        ] GC(555) Tenured: 10302K(699072K)->10341K(699072K)
[159.596s][info][gc,metaspace   ] GC(555) Metaspace: 14240K(15104K)->14240K(15104K) NonClass: 12297K(12864K)->12297K(12864K) Class: 1943K(2240K)->1943K(2240K)
[159.597s][info][gc             ] GC(555) Pause Young (Allocation Failure) 283M->10M(989M) 29.692ms
[159.597s][info][gc,cpu         ] GC(555) User=0.03s Sys=0.00s Real=0.03s
[159.869s][info][gc,start       ] GC(556) Pause Young (Allocation Failure)
[159.900s][info][gc,heap        ] GC(556) DefNew: 280258K(314560K)->647K(314560K) Eden: 279616K(279616K)->0K(279616K) From: 642K(34944K)->647K(34944K)
[159.900s][info][gc,heap        ] GC(556) Tenured: 10341K(699072K)->10383K(699072K)
[159.900s][info][gc,metaspace   ] GC(556) Metaspace: 14240K(15104K)->14240K(15104K) NonClass: 12297K(12864K)->12297K(12864K) Class: 1943K(2240K)->1943K(2240K)
[159.900s][info][gc             ] GC(556) Pause Young (Allocation Failure) 283M->10M(989M) 30.864ms
[159.900s][info][gc,cpu         ] GC(556) User=0.02s Sys=0.00s Real=0.02s
[160.173s][info][gc,start       ] GC(557) Pause Young (Allocation Failure)
[160.204s][info][gc,heap        ] GC(557) DefNew: 280263K(314560K)->645K(314560K) Eden: 279616K(279616K)->0K(279616K) From: 647K(34944K)->645K(34944K)
[160.205s][info][gc,heap        ] GC(557) Tenured: 10383K(699072K)->10424K(699072K)
[160.205s][info][gc,metaspace   ] GC(557) Metaspace: 14240K(15104K)->14240K(15104K) NonClass: 12297K(12864K)->12297K(12864K) Class: 1943K(2240K)->1943K(2240K)
[160.205s][info][gc             ] GC(557) Pause Young (Allocation Failure) 283M->10M(989M) 31.564ms
[160.205s][info][gc,cpu         ] GC(557) User=0.02s Sys=0.00s Real=0.02s
[160.480s][info][gc,start       ] GC(558) Pause Young (Allocation Failure)
[160.513s][info][gc,heap        ] GC(558) DefNew: 280261K(314560K)->647K(314560K) Eden: 279616K(279616K)->0K(279616K) From: 645K(34944K)->647K(34944K)
[160.513s][info][gc,heap        ] GC(558) Tenured: 10424K(699072K)->10466K(699072K)
[160.513s][info][gc,metaspace   ] GC(558) Metaspace: 14240K(15104K)->14240K(15104K) NonClass: 12297K(12864K)->12297K(12864K) Class: 1943K(2240K)->1943K(2240K)
[160.513s][info][gc             ] GC(558) Pause Young (Allocation Failure) 283M->10M(989M) 32.823ms
[160.513s][info][gc,cpu         ] GC(558) User=0.03s Sys=0.00s Real=0.03s
[160.788s][info][gc,start       ] GC(559) Pause Young (Allocation Failure)
[160.830s][info][gc,heap        ] GC(559) DefNew: 280263K(314560K)->652K(314560K) Eden: 279616K(279616K)->0K(279616K) From: 647K(34944K)->652K(34944K)
[160.830s][info][gc,heap        ] GC(559) Tenured: 10466K(699072K)->10504K(699072K)
[160.830s][info][gc,metaspace   ] GC(559) Metaspace: 14240K(15104K)->14240K(15104K) NonClass: 12297K(12864K)->12297K(12864K) Class: 1943K(2240K)->1943K(2240K)
[160.830s][info][gc             ] GC(559) Pause Young (Allocation Failure) 283M->10M(989M) 42.002ms
[160.830s][info][gc,cpu         ] GC(559) User=0.03s Sys=0.00s Real=0.03s
[161.234s][info][gc,start       ] GC(560) Pause Young (Allocation Failure)
[161.281s][info][gc,heap        ] GC(560) DefNew: 280268K(314560K)->651K(314560K) Eden: 279616K(279616K)->0K(279616K) From: 652K(34944K)->651K(34944K)
[161.281s][info][gc,heap        ] GC(560) Tenured: 10504K(699072K)->10546K(699072K)
[161.281s][info][gc,metaspace   ] GC(560) Metaspace: 14240K(15104K)->14240K(15104K) NonClass: 12297K(12864K)->12297K(12864K) Class: 1943K(2240K)->1943K(2240K)
[161.281s][info][gc             ] GC(560) Pause Young (Allocation Failure) 283M->10M(989M) 47.501ms
[161.281s][info][gc,cpu         ] GC(560) User=0.05s Sys=0.00s Real=0.05s
[161.563s][info][gc,start       ] GC(561) Pause Young (Allocation Failure)
[161.593s][info][gc,heap        ] GC(561) DefNew: 280267K(314560K)->654K(314560K) Eden: 279616K(279616K)->0K(279616K) From: 651K(34944K)->654K(34944K)
[161.593s][info][gc,heap        ] GC(561) Tenured: 10546K(699072K)->10587K(699072K)
[161.593s][info][gc,metaspace   ] GC(561) Metaspace: 14240K(15104K)->14240K(15104K) NonClass: 12297K(12864K)->12297K(12864K) Class: 1943K(2240K)->1943K(2240K)
[161.593s][info][gc             ] GC(561) Pause Young (Allocation Failure) 283M->10M(989M) 30.136ms
[161.593s][info][gc,cpu         ] GC(561) User=0.03s Sys=0.00s Real=0.02s
[161.878s][info][gc,start       ] GC(562) Pause Young (Allocation Failure)
[161.906s][info][gc,heap        ] GC(562) DefNew: 280270K(314560K)->655K(314560K) Eden: 279616K(279616K)->0K(279616K) From: 654K(34944K)->655K(34944K)
[161.906s][info][gc,heap        ] GC(562) Tenured: 10587K(699072K)->10629K(699072K)
[161.906s][info][gc,metaspace   ] GC(562) Metaspace: 14240K(15104K)->14240K(15104K) NonClass: 12297K(12864K)->12297K(12864K) Class: 1943K(2240K)->1943K(2240K)
[161.906s][info][gc             ] GC(562) Pause Young (Allocation Failure) 284M->11M(989M) 27.992ms
[161.906s][info][gc,cpu         ] GC(562) User=0.02s Sys=0.00s Real=0.02s
[162.181s][info][gc,start       ] GC(563) Pause Young (Allocation Failure)
[162.210s][info][gc,heap        ] GC(563) DefNew: 280271K(314560K)->658K(314560K) Eden: 279616K(279616K)->0K(279616K) From: 655K(34944K)->658K(34944K)
[162.210s][info][gc,heap        ] GC(563) Tenured: 10629K(699072K)->10670K(699072K)
[162.210s][info][gc,metaspace   ] GC(563) Metaspace: 14240K(15104K)->14240K(15104K) NonClass: 12297K(12864K)->12297K(12864K) Class: 1943K(2240K)->1943K(2240K)
[162.210s][info][gc             ] GC(563) Pause Young (Allocation Failure) 284M->11M(989M) 28.455ms
[162.210s][info][gc,cpu         ] GC(563) User=0.03s Sys=0.00s Real=0.03s
[162.482s][info][gc,start       ] GC(564) Pause Young (Allocation Failure)
[162.511s][info][gc,heap        ] GC(564) DefNew: 280274K(314560K)->656K(314560K) Eden: 279616K(279616K)->0K(279616K) From: 658K(34944K)->656K(34944K)
[162.511s][info][gc,heap        ] GC(564) Tenured: 10670K(699072K)->10715K(699072K)
[162.511s][info][gc,metaspace   ] GC(564) Metaspace: 14240K(15104K)->14240K(15104K) NonClass: 12297K(12864K)->12297K(12864K) Class: 1943K(2240K)->1943K(2240K)
[162.511s][info][gc             ] GC(564) Pause Young (Allocation Failure) 284M->11M(989M) 28.941ms
[162.511s][info][gc,cpu         ] GC(564) User=0.03s Sys=0.00s Real=0.03s
[162.784s][info][gc,start       ] GC(565) Pause Young (Allocation Failure)
[162.822s][info][gc,heap        ] GC(565) DefNew: 280272K(314560K)->660K(314560K) Eden: 279616K(279616K)->0K(279616K) From: 656K(34944K)->660K(34944K)
[162.822s][info][gc,heap        ] GC(565) Tenured: 10715K(699072K)->10757K(699072K)
[162.822s][info][gc,metaspace   ] GC(565) Metaspace: 14240K(15104K)->14240K(15104K) NonClass: 12297K(12864K)->12297K(12864K) Class: 1943K(2240K)->1943K(2240K)
[162.822s][info][gc             ] GC(565) Pause Young (Allocation Failure) 284M->11M(989M) 37.609ms
[162.822s][info][gc,cpu         ] GC(565) User=0.02s Sys=0.00s Real=0.03s
[163.095s][info][gc,start       ] GC(566) Pause Young (Allocation Failure)
[163.134s][info][gc,heap        ] GC(566) DefNew: 280276K(314560K)->658K(314560K) Eden: 279616K(279616K)->0K(279616K) From: 660K(34944K)->658K(34944K)
[163.134s][info][gc,heap        ] GC(566) Tenured: 10757K(699072K)->10801K(699072K)
[163.134s][info][gc,metaspace   ] GC(566) Metaspace: 14240K(15104K)->14240K(15104K) NonClass: 12297K(12864K)->12297K(12864K) Class: 1943K(2240K)->1943K(2240K)
[163.134s][info][gc             ] GC(566) Pause Young (Allocation Failure) 284M->11M(989M) 38.725ms
[163.134s][info][gc,cpu         ] GC(566) User=0.03s Sys=0.00s Real=0.04s
[163.410s][info][gc,start       ] GC(567) Pause Young (Allocation Failure)
[163.448s][info][gc,heap        ] GC(567) DefNew: 280274K(314560K)->660K(314560K) Eden: 279616K(279616K)->0K(279616K) From: 658K(34944K)->660K(34944K)
[163.448s][info][gc,heap        ] GC(567) Tenured: 10801K(699072K)->10843K(699072K)
[163.448s][info][gc,metaspace   ] GC(567) Metaspace: 14240K(15104K)->14240K(15104K) NonClass: 12297K(12864K)->12297K(12864K) Class: 1943K(2240K)->1943K(2240K)
[163.448s][info][gc             ] GC(567) Pause Young (Allocation Failure) 284M->11M(989M) 38.392ms
[163.448s][info][gc,cpu         ] GC(567) User=0.03s Sys=0.00s Real=0.03s
[163.724s][info][gc,start       ] GC(568) Pause Young (Allocation Failure)
[163.764s][info][gc,heap        ] GC(568) DefNew: 280276K(314560K)->659K(314560K) Eden: 279616K(279616K)->0K(279616K) From: 660K(34944K)->659K(34944K)
[163.764s][info][gc,heap        ] GC(568) Tenured: 10843K(699072K)->10889K(699072K)
[163.764s][info][gc,metaspace   ] GC(568) Metaspace: 14240K(15104K)->14240K(15104K) NonClass: 12297K(12864K)->12297K(12864K) Class: 1943K(2240K)->1943K(2240K)
[163.764s][info][gc             ] GC(568) Pause Young (Allocation Failure) 284M->11M(989M) 40.029ms
[163.764s][info][gc,cpu         ] GC(568) User=0.03s Sys=0.00s Real=0.04s
[164.038s][info][gc,start       ] GC(569) Pause Young (Allocation Failure)
[164.079s][info][gc,heap        ] GC(569) DefNew: 280275K(314560K)->653K(314560K) Eden: 279616K(279616K)->0K(279616K) From: 659K(34944K)->653K(34944K)
[164.079s][info][gc,heap        ] GC(569) Tenured: 10889K(699072K)->10934K(699072K)
[164.079s][info][gc,metaspace   ] GC(569) Metaspace: 14240K(15104K)->14240K(15104K) NonClass: 12297K(12864K)->12297K(12864K) Class: 1943K(2240K)->1943K(2240K)
[164.079s][info][gc             ] GC(569) Pause Young (Allocation Failure) 284M->11M(989M) 40.566ms
[164.079s][info][gc,cpu         ] GC(569) User=0.03s Sys=0.00s Real=0.04s
[164.357s][info][gc,start       ] GC(570) Pause Young (Allocation Failure)
[164.400s][info][gc,heap        ] GC(570) DefNew: 280269K(314560K)->660K(314560K) Eden: 279616K(279616K)->0K(279616K) From: 653K(34944K)->660K(34944K)
[164.400s][info][gc,heap        ] GC(570) Tenured: 10934K(699072K)->10975K(699072K)
[164.400s][info][gc,metaspace   ] GC(570) Metaspace: 14240K(15104K)->14240K(15104K) NonClass: 12297K(12864K)->12297K(12864K) Class: 1943K(2240K)->1943K(2240K)
[164.400s][info][gc             ] GC(570) Pause Young (Allocation Failure) 284M->11M(989M) 42.851ms
[164.400s][info][gc,cpu         ] GC(570) User=0.05s Sys=0.00s Real=0.04s
[164.675s][info][gc,start       ] GC(571) Pause Young (Allocation Failure)
[164.706s][info][gc,heap        ] GC(571) DefNew: 280276K(314560K)->657K(314560K) Eden: 279616K(279616K)->0K(279616K) From: 660K(34944K)->657K(34944K)
[164.706s][info][gc,heap        ] GC(571) Tenured: 10975K(699072K)->11019K(699072K)
[164.706s][info][gc,metaspace   ] GC(571) Metaspace: 14240K(15104K)->14240K(15104K) NonClass: 12297K(12864K)->12297K(12864K) Class: 1943K(2240K)->1943K(2240K)
[164.706s][info][gc             ] GC(571) Pause Young (Allocation Failure) 284M->11M(989M) 31.535ms
[164.706s][info][gc,cpu         ] GC(571) User=0.02s Sys=0.00s Real=0.02s
[164.982s][info][gc,start       ] GC(572) Pause Young (Allocation Failure)
[165.014s][info][gc,heap        ] GC(572) DefNew: 280273K(314560K)->657K(314560K) Eden: 279616K(279616K)->0K(279616K) From: 657K(34944K)->657K(34944K)
[165.014s][info][gc,heap        ] GC(572) Tenured: 11019K(699072K)->11060K(699072K)
[165.014s][info][gc,metaspace   ] GC(572) Metaspace: 14240K(15104K)->14240K(15104K) NonClass: 12297K(12864K)->12297K(12864K) Class: 1943K(2240K)->1943K(2240K)
[165.014s][info][gc             ] GC(572) Pause Young (Allocation Failure) 284M->11M(989M) 31.714ms
[165.014s][info][gc,cpu         ] GC(572) User=0.03s Sys=0.00s Real=0.02s
[165.286s][info][gc,start       ] GC(573) Pause Young (Allocation Failure)
[165.317s][info][gc,heap        ] GC(573) DefNew: 280273K(314560K)->655K(314560K) Eden: 279616K(279616K)->0K(279616K) From: 657K(34944K)->655K(34944K)
[165.317s][info][gc,heap        ] GC(573) Tenured: 11060K(699072K)->11105K(699072K)
[165.317s][info][gc,metaspace   ] GC(573) Metaspace: 14240K(15104K)->14240K(15104K) NonClass: 12297K(12864K)->12297K(12864K) Class: 1943K(2240K)->1943K(2240K)
[165.317s][info][gc             ] GC(573) Pause Young (Allocation Failure) 284M->11M(989M) 31.399ms
[165.317s][info][gc,cpu         ] GC(573) User=0.02s Sys=0.00s Real=0.03s
[165.611s][info][gc,start       ] GC(574) Pause Young (Allocation Failure)
[165.639s][info][gc,heap        ] GC(574) DefNew: 280271K(314560K)->655K(314560K) Eden: 279616K(279616K)->0K(279616K) From: 655K(34944K)->655K(34944K)
[165.640s][info][gc,heap        ] GC(574) Tenured: 11105K(699072K)->11148K(699072K)
[165.640s][info][gc,metaspace   ] GC(574) Metaspace: 14240K(15104K)->14240K(15104K) NonClass: 12297K(12864K)->12297K(12864K) Class: 1943K(2240K)->1943K(2240K)
[165.640s][info][gc             ] GC(574) Pause Young (Allocation Failure) 284M->11M(989M) 28.639ms
[165.640s][info][gc,cpu         ] GC(574) User=0.02s Sys=0.00s Real=0.03s
[165.919s][info][gc,start       ] GC(575) Pause Young (Allocation Failure)
[165.955s][info][gc,heap        ] GC(575) DefNew: 280271K(314560K)->659K(314560K) Eden: 279616K(279616K)->0K(279616K) From: 655K(34944K)->659K(34944K)
[165.955s][info][gc,heap        ] GC(575) Tenured: 11148K(699072K)->11190K(699072K)
[165.955s][info][gc,metaspace   ] GC(575) Metaspace: 14240K(15104K)->14240K(15104K) NonClass: 12297K(12864K)->12297K(12864K) Class: 1943K(2240K)->1943K(2240K)
[165.955s][info][gc             ] GC(575) Pause Young (Allocation Failure) 284M->11M(989M) 36.440ms
[165.955s][info][gc,cpu         ] GC(575) User=0.03s Sys=0.00s Real=0.03s
[166.231s][info][gc,start       ] GC(576) Pause Young (Allocation Failure)
[166.267s][info][gc,heap        ] GC(576) DefNew: 280275K(314560K)->659K(314560K) Eden: 279616K(279616K)->0K(279616K) From: 659K(34944K)->659K(34944K)
[166.268s][info][gc,heap        ] GC(576) Tenured: 11190K(699072K)->11234K(699072K)
[166.268s][info][gc,metaspace   ] GC(576) Metaspace: 14240K(15104K)->14240K(15104K) NonClass: 12297K(12864K)->12297K(12864K) Class: 1943K(2240K)->1943K(2240K)
[166.268s][info][gc             ] GC(576) Pause Young (Allocation Failure) 284M->11M(989M) 36.891ms
[166.268s][info][gc,cpu         ] GC(576) User=0.03s Sys=0.00s Real=0.03s
[166.540s][info][gc,start       ] GC(577) Pause Young (Allocation Failure)
[166.578s][info][gc,heap        ] GC(577) DefNew: 280275K(314560K)->659K(314560K) Eden: 279616K(279616K)->0K(279616K) From: 659K(34944K)->659K(34944K)
[166.578s][info][gc,heap        ] GC(577) Tenured: 11234K(699072K)->11276K(699072K)
[166.578s][info][gc,metaspace   ] GC(577) Metaspace: 14240K(15104K)->14240K(15104K) NonClass: 12297K(12864K)->12297K(12864K) Class: 1943K(2240K)->1943K(2240K)
[166.578s][info][gc             ] GC(577) Pause Young (Allocation Failure) 284M->11M(989M) 38.329ms
[166.578s][info][gc,cpu         ] GC(577) User=0.03s Sys=0.00s Real=0.04s
[166.852s][info][gc,start       ] GC(578) Pause Young (Allocation Failure)
[166.881s][info][gc,heap        ] GC(578) DefNew: 280275K(314560K)->657K(314560K) Eden: 279616K(279616K)->0K(279616K) From: 659K(34944K)->657K(34944K)
[166.881s][info][gc,heap        ] GC(578) Tenured: 11276K(699072K)->11320K(699072K)
[166.881s][info][gc,metaspace   ] GC(578) Metaspace: 14240K(15104K)->14240K(15104K) NonClass: 12297K(12864K)->12297K(12864K) Class: 1943K(2240K)->1943K(2240K)
[166.882s][info][gc             ] GC(578) Pause Young (Allocation Failure) 284M->11M(989M) 29.209ms
[166.882s][info][gc,cpu         ] GC(578) User=0.02s Sys=0.00s Real=0.02s
[167.157s][info][gc,start       ] GC(579) Pause Young (Allocation Failure)
[167.196s][info][gc,heap        ] GC(579) DefNew: 280273K(314560K)->656K(314560K) Eden: 279616K(279616K)->0K(279616K) From: 657K(34944K)->656K(34944K)
[167.196s][info][gc,heap        ] GC(579) Tenured: 11320K(699072K)->11364K(699072K)
[167.196s][info][gc,metaspace   ] GC(579) Metaspace: 14240K(15104K)->14240K(15104K) NonClass: 12297K(12864K)->12297K(12864K) Class: 1943K(2240K)->1943K(2240K)
[167.196s][info][gc             ] GC(579) Pause Young (Allocation Failure) 284M->11M(989M) 38.944ms
[167.196s][info][gc,cpu         ] GC(579) User=0.05s Sys=0.00s Real=0.03s
[167.474s][info][gc,start       ] GC(580) Pause Young (Allocation Failure)
[167.513s][info][gc,heap        ] GC(580) DefNew: 280272K(314560K)->656K(314560K) Eden: 279616K(279616K)->0K(279616K) From: 656K(34944K)->656K(34944K)
[167.513s][info][gc,heap        ] GC(580) Tenured: 11364K(699072K)->11409K(699072K)
[167.513s][info][gc,metaspace   ] GC(580) Metaspace: 14240K(15104K)->14240K(15104K) NonClass: 12297K(12864K)->12297K(12864K) Class: 1943K(2240K)->1943K(2240K)
[167.514s][info][gc             ] GC(580) Pause Young (Allocation Failure) 284M->11M(989M) 39.476ms
[167.514s][info][gc,cpu         ] GC(580) User=0.03s Sys=0.00s Real=0.04s
[167.786s][info][gc,start       ] GC(581) Pause Young (Allocation Failure)
[167.817s][info][gc,heap        ] GC(581) DefNew: 280272K(314560K)->657K(314560K) Eden: 279616K(279616K)->0K(279616K) From: 656K(34944K)->657K(34944K)
[167.817s][info][gc,heap        ] GC(581) Tenured: 11409K(699072K)->11451K(699072K)
[167.817s][info][gc,metaspace   ] GC(581) Metaspace: 14240K(15104K)->14240K(15104K) NonClass: 12297K(12864K)->12297K(12864K) Class: 1943K(2240K)->1943K(2240K)
[167.817s][info][gc             ] GC(581) Pause Young (Allocation Failure) 284M->11M(989M) 30.679ms
[167.817s][info][gc,cpu         ] GC(581) User=0.02s Sys=0.00s Real=0.02s
[168.090s][info][gc,start       ] GC(582) Pause Young (Allocation Failure)
[168.131s][info][gc,heap        ] GC(582) DefNew: 280273K(314560K)->656K(314560K) Eden: 279616K(279616K)->0K(279616K) From: 657K(34944K)->656K(34944K)
[168.131s][info][gc,heap        ] GC(582) Tenured: 11451K(699072K)->11495K(699072K)
[168.131s][info][gc,metaspace   ] GC(582) Metaspace: 14240K(15104K)->14240K(15104K) NonClass: 12297K(12864K)->12297K(12864K) Class: 1943K(2240K)->1943K(2240K)
[168.131s][info][gc             ] GC(582) Pause Young (Allocation Failure) 284M->11M(989M) 40.886ms
[168.131s][info][gc,cpu         ] GC(582) User=0.03s Sys=0.00s Real=0.03s
[168.407s][info][gc,start       ] GC(583) Pause Young (Allocation Failure)
[168.448s][info][gc,heap        ] GC(583) DefNew: 280272K(314560K)->659K(314560K) Eden: 279616K(279616K)->0K(279616K) From: 656K(34944K)->659K(34944K)
[168.448s][info][gc,heap        ] GC(583) Tenured: 11495K(699072K)->11537K(699072K)
[168.448s][info][gc,metaspace   ] GC(583) Metaspace: 14240K(15104K)->14240K(15104K) NonClass: 12297K(12864K)->12297K(12864K) Class: 1943K(2240K)->1943K(2240K)
[168.448s][info][gc             ] GC(583) Pause Young (Allocation Failure) 284M->11M(989M) 40.728ms
[168.448s][info][gc,cpu         ] GC(583) User=0.03s Sys=0.00s Real=0.04s
[168.723s][info][gc,start       ] GC(584) Pause Young (Allocation Failure)
[168.765s][info][gc,heap        ] GC(584) DefNew: 280275K(314560K)->662K(314560K) Eden: 279616K(279616K)->0K(279616K) From: 659K(34944K)->662K(34944K)
[168.765s][info][gc,heap        ] GC(584) Tenured: 11537K(699072K)->11578K(699072K)
[168.765s][info][gc,metaspace   ] GC(584) Metaspace: 14240K(15104K)->14240K(15104K) NonClass: 12297K(12864K)->12297K(12864K) Class: 1943K(2240K)->1943K(2240K)
[168.765s][info][gc             ] GC(584) Pause Young (Allocation Failure) 284M->11M(989M) 41.919ms
[168.765s][info][gc,cpu         ] GC(584) User=0.03s Sys=0.00s Real=0.03s
[169.080s][info][gc,start       ] GC(585) Pause Young (Allocation Failure)
[169.126s][info][gc,heap        ] GC(585) DefNew: 280278K(314560K)->658K(314560K) Eden: 279616K(279616K)->0K(279616K) From: 662K(34944K)->658K(34944K)
[169.126s][info][gc,heap        ] GC(585) Tenured: 11578K(699072K)->11627K(699072K)
[169.126s][info][gc,metaspace   ] GC(585) Metaspace: 14240K(15104K)->14240K(15104K) NonClass: 12297K(12864K)->12297K(12864K) Class: 1943K(2240K)->1943K(2240K)
[169.126s][info][gc             ] GC(585) Pause Young (Allocation Failure) 285M->11M(989M) 46.377ms
[169.126s][info][gc,cpu         ] GC(585) User=0.03s Sys=0.00s Real=0.03s
[169.416s][info][gc,start       ] GC(586) Pause Young (Allocation Failure)
[169.445s][info][gc,heap        ] GC(586) DefNew: 280274K(314560K)->662K(314560K) Eden: 279616K(279616K)->0K(279616K) From: 658K(34944K)->662K(34944K)
[169.445s][info][gc,heap        ] GC(586) Tenured: 11627K(699072K)->11668K(699072K)
[169.445s][info][gc,metaspace   ] GC(586) Metaspace: 14240K(15104K)->14240K(15104K) NonClass: 12297K(12864K)->12297K(12864K) Class: 1943K(2240K)->1943K(2240K)
[169.445s][info][gc             ] GC(586) Pause Young (Allocation Failure) 285M->12M(989M) 29.274ms
[169.445s][info][gc,cpu         ] GC(586) User=0.02s Sys=0.00s Real=0.02s
[169.731s][info][gc,start       ] GC(587) Pause Young (Allocation Failure)
[169.767s][info][gc,heap        ] GC(587) DefNew: 280278K(314560K)->664K(314560K) Eden: 279615K(279616K)->0K(279616K) From: 662K(34944K)->664K(34944K)
[169.767s][info][gc,heap        ] GC(587) Tenured: 11668K(699072K)->11709K(699072K)
[169.767s][info][gc,metaspace   ] GC(587) Metaspace: 14240K(15104K)->14240K(15104K) NonClass: 12297K(12864K)->12297K(12864K) Class: 1943K(2240K)->1943K(2240K)
[169.767s][info][gc             ] GC(587) Pause Young (Allocation Failure) 285M->12M(989M) 35.671ms
[169.767s][info][gc,cpu         ] GC(587) User=0.03s Sys=0.00s Real=0.03s
[170.043s][info][gc,start       ] GC(588) Pause Young (Allocation Failure)
[170.081s][info][gc,heap        ] GC(588) DefNew: 280280K(314560K)->667K(314560K) Eden: 279616K(279616K)->0K(279616K) From: 664K(34944K)->667K(34944K)
[170.081s][info][gc,heap        ] GC(588) Tenured: 11709K(699072K)->11751K(699072K)
[170.081s][info][gc,metaspace   ] GC(588) Metaspace: 14240K(15104K)->14240K(15104K) NonClass: 12297K(12864K)->12297K(12864K) Class: 1943K(2240K)->1943K(2240K)
[170.081s][info][gc             ] GC(588) Pause Young (Allocation Failure) 285M->12M(989M) 38.130ms
[170.081s][info][gc,cpu         ] GC(588) User=0.05s Sys=0.00s Real=0.04s
[170.357s][info][gc,start       ] GC(589) Pause Young (Allocation Failure)
[170.387s][info][gc,heap        ] GC(589) DefNew: 280283K(314560K)->663K(314560K) Eden: 279616K(279616K)->0K(279616K) From: 667K(34944K)->663K(34944K)
[170.388s][info][gc,heap        ] GC(589) Tenured: 11751K(699072K)->11796K(699072K)
[170.388s][info][gc,metaspace   ] GC(589) Metaspace: 14240K(15104K)->14240K(15104K) NonClass: 12297K(12864K)->12297K(12864K) Class: 1943K(2240K)->1943K(2240K)
[170.388s][info][gc             ] GC(589) Pause Young (Allocation Failure) 285M->12M(989M) 30.465ms
[170.388s][info][gc,cpu         ] GC(589) User=0.02s Sys=0.00s Real=0.02s
[170.668s][info][gc,start       ] GC(590) Pause Young (Allocation Failure)
[170.708s][info][gc,heap        ] GC(590) DefNew: 280279K(314560K)->664K(314560K) Eden: 279616K(279616K)->0K(279616K) From: 663K(34944K)->664K(34944K)
[170.708s][info][gc,heap        ] GC(590) Tenured: 11796K(699072K)->11840K(699072K)
[170.708s][info][gc,metaspace   ] GC(590) Metaspace: 14240K(15104K)->14240K(15104K) NonClass: 12297K(12864K)->12297K(12864K) Class: 1943K(2240K)->1943K(2240K)
[170.708s][info][gc             ] GC(590) Pause Young (Allocation Failure) 285M->12M(989M) 40.350ms
[170.708s][info][gc,cpu         ] GC(590) User=0.03s Sys=0.00s Real=0.03s
[170.977s][info][gc,start       ] GC(591) Pause Young (Allocation Failure)
[171.019s][info][gc,heap        ] GC(591) DefNew: 280280K(314560K)->659K(314560K) Eden: 279616K(279616K)->0K(279616K) From: 664K(34944K)->659K(34944K)
[171.019s][info][gc,heap        ] GC(591) Tenured: 11840K(699072K)->11885K(699072K)
[171.019s][info][gc,metaspace   ] GC(591) Metaspace: 14240K(15104K)->14240K(15104K) NonClass: 12297K(12864K)->12297K(12864K) Class: 1943K(2240K)->1943K(2240K)
[171.019s][info][gc             ] GC(591) Pause Young (Allocation Failure) 285M->12M(989M) 42.308ms
[171.019s][info][gc,cpu         ] GC(591) User=0.05s Sys=0.00s Real=0.04s
[171.221s][info][gc,start       ] GC(592) Pause Young (Allocation Failure)
[171.251s][info][gc,heap        ] GC(592) DefNew: 280275K(314560K)->645K(314560K) Eden: 279616K(279616K)->0K(279616K) From: 659K(34944K)->645K(34944K)
[171.251s][info][gc,heap        ] GC(592) Tenured: 11885K(699072K)->11927K(699072K)
[171.251s][info][gc,metaspace   ] GC(592) Metaspace: 14240K(15104K)->14240K(15104K) NonClass: 12297K(12864K)->12297K(12864K) Class: 1943K(2240K)->1943K(2240K)
[171.251s][info][gc             ] GC(592) Pause Young (Allocation Failure) 285M->12M(989M) 30.175ms
[171.251s][info][gc,cpu         ] GC(592) User=0.02s Sys=0.00s Real=0.02s
[171.514s][info][gc,start       ] GC(593) Pause Full (System.gc())
[171.514s][info][gc,phases,start] GC(593) Phase 1: Mark live objects
[171.546s][info][gc,phases      ] GC(593) Phase 1: Mark live objects 32.102ms
[171.548s][info][gc,phases,start] GC(593) Phase 2: Compute new object addresses
[171.599s][info][gc,phases      ] GC(593) Phase 2: Compute new object addresses 51.051ms
[171.599s][info][gc,phases,start] GC(593) Phase 3: Adjust pointers
[171.620s][info][gc,phases      ] GC(593) Phase 3: Adjust pointers 20.961ms
[171.620s][info][gc,phases,start] GC(593) Phase 4: Move objects
[171.620s][info][gc,phases      ] GC(593) Phase 4: Move objects 0.012ms
[171.620s][info][gc,heap        ] GC(593) DefNew: 187345K(314560K)->0K(314560K) Eden: 186700K(279616K)->0K(279616K) From: 645K(34944K)->0K(34944K)
[171.620s][info][gc,heap        ] GC(593) Tenured: 11927K(699072K)->11927K(699072K)
[171.620s][info][gc,metaspace   ] GC(593) Metaspace: 14240K(15104K)->14240K(15104K) NonClass: 12297K(12864K)->12297K(12864K) Class: 1943K(2240K)->1943K(2240K)
[171.620s][info][gc             ] GC(593) Pause Full (System.gc()) 194M->11M(989M) 106.178ms
[171.620s][info][gc,cpu         ] GC(593) User=0.09s Sys=0.00s Real=0.09s
[171.857s][info][gc,start       ] GC(594) Pause Young (Allocation Failure)
[171.896s][info][gc,heap        ] GC(594) DefNew: 279616K(314560K)->1498K(314560K) Eden: 279616K(279616K)->0K(279616K) From: 0K(34944K)->1498K(34944K)
[171.896s][info][gc,heap        ] GC(594) Tenured: 11927K(699072K)->11927K(699072K)
[171.896s][info][gc,metaspace   ] GC(594) Metaspace: 14240K(15104K)->14240K(15104K) NonClass: 12297K(12864K)->12297K(12864K) Class: 1943K(2240K)->1943K(2240K)
[171.896s][info][gc             ] GC(594) Pause Young (Allocation Failure) 284M->13M(989M) 39.614ms
[171.896s][info][gc,cpu         ] GC(594) User=0.05s Sys=0.00s Real=0.04s
[172.152s][info][gc,start       ] GC(595) Pause Young (Allocation Failure)
[172.196s][info][gc,heap        ] GC(595) DefNew: 281114K(314560K)->1534K(314560K) Eden: 279616K(279616K)->0K(279616K) From: 1498K(34944K)->1534K(34944K)
[172.196s][info][gc,heap        ] GC(595) Tenured: 11927K(699072K)->11927K(699072K)
[172.196s][info][gc,metaspace   ] GC(595) Metaspace: 14240K(15104K)->14240K(15104K) NonClass: 12297K(12864K)->12297K(12864K) Class: 1943K(2240K)->1943K(2240K)
[172.196s][info][gc             ] GC(595) Pause Young (Allocation Failure) 286M->13M(989M) 44.632ms
[172.196s][info][gc,cpu         ] GC(595) User=0.05s Sys=0.00s Real=0.04s
[172.464s][info][gc,start       ] GC(596) Pause Young (Allocation Failure)
[172.506s][info][gc,heap        ] GC(596) DefNew: 281150K(314560K)->1575K(314560K) Eden: 279616K(279616K)->0K(279616K) From: 1534K(34944K)->1575K(34944K)
[172.506s][info][gc,heap        ] GC(596) Tenured: 11927K(699072K)->11927K(699072K)
[172.506s][info][gc,metaspace   ] GC(596) Metaspace: 14240K(15104K)->14240K(15104K) NonClass: 12297K(12864K)->12297K(12864K) Class: 1943K(2240K)->1943K(2240K)
[172.506s][info][gc             ] GC(596) Pause Young (Allocation Failure) 286M->13M(989M) 42.448ms
[172.506s][info][gc,cpu         ] GC(596) User=0.03s Sys=0.00s Real=0.03s
[172.767s][info][gc,start       ] GC(597) Pause Young (Allocation Failure)
[172.810s][info][gc,heap        ] GC(597) DefNew: 281191K(314560K)->1616K(314560K) Eden: 279616K(279616K)->0K(279616K) From: 1575K(34944K)->1616K(34944K)
[172.810s][info][gc,heap        ] GC(597) Tenured: 11927K(699072K)->11927K(699072K)
[172.810s][info][gc,metaspace   ] GC(597) Metaspace: 14240K(15104K)->14240K(15104K) NonClass: 12297K(12864K)->12297K(12864K) Class: 1943K(2240K)->1943K(2240K)
[172.810s][info][gc             ] GC(597) Pause Young (Allocation Failure) 286M->13M(989M) 43.315ms
[172.810s][info][gc,cpu         ] GC(597) User=0.03s Sys=0.00s Real=0.04s
[173.071s][info][gc,start       ] GC(598) Pause Young (Allocation Failure)
[173.113s][info][gc,heap        ] GC(598) DefNew: 281232K(314560K)->1657K(314560K) Eden: 279616K(279616K)->0K(279616K) From: 1616K(34944K)->1657K(34944K)
[173.113s][info][gc,heap        ] GC(598) Tenured: 11927K(699072K)->11927K(699072K)
[173.113s][info][gc,metaspace   ] GC(598) Metaspace: 14240K(15104K)->14240K(15104K) NonClass: 12297K(12864K)->12297K(12864K) Class: 1943K(2240K)->1943K(2240K)
[173.113s][info][gc             ] GC(598) Pause Young (Allocation Failure) 286M->13M(989M) 41.847ms
[173.113s][info][gc,cpu         ] GC(598) User=0.03s Sys=0.00s Real=0.03s
[173.379s][info][gc,start       ] GC(599) Pause Young (Allocation Failure)
[173.417s][info][gc,heap        ] GC(599) DefNew: 281273K(314560K)->1699K(314560K) Eden: 279616K(279616K)->0K(279616K) From: 1657K(34944K)->1699K(34944K)
[173.417s][info][gc,heap        ] GC(599) Tenured: 11927K(699072K)->11927K(699072K)
[173.417s][info][gc,metaspace   ] GC(599) Metaspace: 14240K(15104K)->14240K(15104K) NonClass: 12297K(12864K)->12297K(12864K) Class: 1943K(2240K)->1943K(2240K)
[173.417s][info][gc             ] GC(599) Pause Young (Allocation Failure) 286M->13M(989M) 37.754ms
[173.417s][info][gc,cpu         ] GC(599) User=0.03s Sys=0.00s Real=0.04s
[173.696s][info][gc,start       ] GC(600) Pause Young (Allocation Failure)
[173.732s][info][gc,heap        ] GC(600) DefNew: 281315K(314560K)->1740K(314560K) Eden: 279616K(279616K)->0K(279616K) From: 1699K(34944K)->1740K(34944K)
[173.732s][info][gc,heap        ] GC(600) Tenured: 11927K(699072K)->11927K(699072K)
[173.732s][info][gc,metaspace   ] GC(600) Metaspace: 14240K(15104K)->14240K(15104K) NonClass: 12297K(12864K)->12297K(12864K) Class: 1943K(2240K)->1943K(2240K)
[173.732s][info][gc             ] GC(600) Pause Young (Allocation Failure) 286M->13M(989M) 36.101ms
[173.732s][info][gc,cpu         ] GC(600) User=0.03s Sys=0.00s Real=0.03s
[173.991s][info][gc,start       ] GC(601) Pause Young (Allocation Failure)
[174.028s][info][gc,heap        ] GC(601) DefNew: 281356K(314560K)->1780K(314560K) Eden: 279616K(279616K)->0K(279616K) From: 1740K(34944K)->1780K(34944K)
[174.028s][info][gc,heap        ] GC(601) Tenured: 11927K(699072K)->11927K(699072K)
[174.028s][info][gc,metaspace   ] GC(601) Metaspace: 14240K(15104K)->14240K(15104K) NonClass: 12297K(12864K)->12297K(12864K) Class: 1943K(2240K)->1943K(2240K)
[174.028s][info][gc             ] GC(601) Pause Young (Allocation Failure) 286M->13M(989M) 36.956ms
[174.028s][info][gc,cpu         ] GC(601) User=0.03s Sys=0.00s Real=0.03s
[174.294s][info][gc,start       ] GC(602) Pause Young (Allocation Failure)
[174.331s][info][gc,heap        ] GC(602) DefNew: 281396K(314560K)->1821K(314560K) Eden: 279616K(279616K)->0K(279616K) From: 1780K(34944K)->1821K(34944K)
[174.331s][info][gc,heap        ] GC(602) Tenured: 11927K(699072K)->11927K(699072K)
[174.331s][info][gc,metaspace   ] GC(602) Metaspace: 14240K(15104K)->14240K(15104K) NonClass: 12297K(12864K)->12297K(12864K) Class: 1943K(2240K)->1943K(2240K)
[174.331s][info][gc             ] GC(602) Pause Young (Allocation Failure) 286M->13M(989M) 37.683ms
[174.331s][info][gc,cpu         ] GC(602) User=0.03s Sys=0.00s Real=0.03s
[174.590s][info][gc,start       ] GC(603) Pause Young (Allocation Failure)
[174.628s][info][gc,heap        ] GC(603) DefNew: 281437K(314560K)->1860K(314560K) Eden: 279616K(279616K)->0K(279616K) From: 1821K(34944K)->1860K(34944K)
[174.628s][info][gc,heap        ] GC(603) Tenured: 11927K(699072K)->11927K(699072K)
[174.628s][info][gc,metaspace   ] GC(603) Metaspace: 14240K(15104K)->14240K(15104K) NonClass: 12297K(12864K)->12297K(12864K) Class: 1943K(2240K)->1943K(2240K)
[174.628s][info][gc             ] GC(603) Pause Young (Allocation Failure) 286M->13M(989M) 37.865ms
[174.628s][info][gc,cpu         ] GC(603) User=0.03s Sys=0.00s Real=0.03s
[174.894s][info][gc,start       ] GC(604) Pause Young (Allocation Failure)
[174.933s][info][gc,heap        ] GC(604) DefNew: 281476K(314560K)->1899K(314560K) Eden: 279616K(279616K)->0K(279616K) From: 1860K(34944K)->1899K(34944K)
[174.933s][info][gc,heap        ] GC(604) Tenured: 11927K(699072K)->11927K(699072K)
[174.933s][info][gc,metaspace   ] GC(604) Metaspace: 14240K(15104K)->14240K(15104K) NonClass: 12297K(12864K)->12297K(12864K) Class: 1943K(2240K)->1943K(2240K)
[174.933s][info][gc             ] GC(604) Pause Young (Allocation Failure) 286M->13M(989M) 39.614ms
[174.933s][info][gc,cpu         ] GC(604) User=0.03s Sys=0.00s Real=0.03s
[175.183s][info][gc,start       ] GC(605) Pause Young (Allocation Failure)
[175.221s][info][gc,heap        ] GC(605) DefNew: 281515K(314560K)->1937K(314560K) Eden: 279616K(279616K)->0K(279616K) From: 1899K(34944K)->1937K(34944K)
[175.221s][info][gc,heap        ] GC(605) Tenured: 11927K(699072K)->11927K(699072K)
[175.221s][info][gc,metaspace   ] GC(605) Metaspace: 14240K(15104K)->14240K(15104K) NonClass: 12297K(12864K)->12297K(12864K) Class: 1943K(2240K)->1943K(2240K)
[175.221s][info][gc             ] GC(605) Pause Young (Allocation Failure) 286M->13M(989M) 38.259ms
[175.222s][info][gc,cpu         ] GC(605) User=0.03s Sys=0.00s Real=0.03s
[175.477s][info][gc,start       ] GC(606) Pause Young (Allocation Failure)
[175.517s][info][gc,heap        ] GC(606) DefNew: 281553K(314560K)->1975K(314560K) Eden: 279616K(279616K)->0K(279616K) From: 1937K(34944K)->1975K(34944K)
[175.518s][info][gc,heap        ] GC(606) Tenured: 11927K(699072K)->11927K(699072K)
[175.518s][info][gc,metaspace   ] GC(606) Metaspace: 14240K(15104K)->14240K(15104K) NonClass: 12297K(12864K)->12297K(12864K) Class: 1943K(2240K)->1943K(2240K)
[175.518s][info][gc             ] GC(606) Pause Young (Allocation Failure) 286M->13M(989M) 40.917ms
[175.518s][info][gc,cpu         ] GC(606) User=0.03s Sys=0.00s Real=0.03s
[175.778s][info][gc,start       ] GC(607) Pause Young (Allocation Failure)
[175.810s][info][gc,heap        ] GC(607) DefNew: 281591K(314560K)->2017K(314560K) Eden: 279616K(279616K)->0K(279616K) From: 1975K(34944K)->2017K(34944K)
[175.810s][info][gc,heap        ] GC(607) Tenured: 11927K(699072K)->11927K(699072K)
[175.810s][info][gc,metaspace   ] GC(607) Metaspace: 14240K(15104K)->14240K(15104K) NonClass: 12297K(12864K)->12297K(12864K) Class: 1943K(2240K)->1943K(2240K)
[175.810s][info][gc             ] GC(607) Pause Young (Allocation Failure) 286M->13M(989M) 31.595ms
[175.810s][info][gc,cpu         ] GC(607) User=0.03s Sys=0.00s Real=0.03s
[176.073s][info][gc,start       ] GC(608) Pause Young (Allocation Failure)
[176.115s][info][gc,heap        ] GC(608) DefNew: 281633K(314560K)->2058K(314560K) Eden: 279616K(279616K)->0K(279616K) From: 2017K(34944K)->2058K(34944K)
[176.115s][info][gc,heap        ] GC(608) Tenured: 11927K(699072K)->11927K(699072K)
[176.115s][info][gc,metaspace   ] GC(608) Metaspace: 14240K(15104K)->14240K(15104K) NonClass: 12297K(12864K)->12297K(12864K) Class: 1943K(2240K)->1943K(2240K)
[176.115s][info][gc             ] GC(608) Pause Young (Allocation Failure) 286M->13M(989M) 41.869ms
[176.115s][info][gc,cpu         ] GC(608) User=0.03s Sys=0.00s Real=0.03s
[176.387s][info][gc,start       ] GC(609) Pause Young (Allocation Failure)
[176.432s][info][gc,heap        ] GC(609) DefNew: 281674K(314560K)->612K(314560K) Eden: 279616K(279616K)->0K(279616K) From: 2058K(34944K)->612K(34944K)
[176.432s][info][gc,heap        ] GC(609) Tenured: 11927K(699072K)->13417K(699072K)
[176.432s][info][gc,metaspace   ] GC(609) Metaspace: 14240K(15104K)->14240K(15104K) NonClass: 12297K(12864K)->12297K(12864K) Class: 1943K(2240K)->1943K(2240K)
[176.433s][info][gc             ] GC(609) Pause Young (Allocation Failure) 286M->13M(989M) 45.650ms
[176.433s][info][gc,cpu         ] GC(609) User=0.05s Sys=0.00s Real=0.04s
[176.689s][info][gc,start       ] GC(610) Pause Young (Allocation Failure)
[176.721s][info][gc,heap        ] GC(610) DefNew: 280228K(314560K)->617K(314560K) Eden: 279616K(279616K)->0K(279616K) From: 612K(34944K)->617K(34944K)
[176.721s][info][gc,heap        ] GC(610) Tenured: 13417K(699072K)->13452K(699072K)
[176.721s][info][gc,metaspace   ] GC(610) Metaspace: 14240K(15104K)->14240K(15104K) NonClass: 12297K(12864K)->12297K(12864K) Class: 1943K(2240K)->1943K(2240K)
[176.721s][info][gc             ] GC(610) Pause Young (Allocation Failure) 286M->13M(989M) 32.548ms
[176.721s][info][gc,cpu         ] GC(610) User=0.03s Sys=0.00s Real=0.03s
[176.988s][info][gc,start       ] GC(611) Pause Young (Allocation Failure)
[177.022s][info][gc,heap        ] GC(611) DefNew: 280233K(314560K)->613K(314560K) Eden: 279616K(279616K)->0K(279616K) From: 617K(34944K)->613K(34944K)
[177.022s][info][gc,heap        ] GC(611) Tenured: 13452K(699072K)->13494K(699072K)
[177.022s][info][gc,metaspace   ] GC(611) Metaspace: 14240K(15104K)->14240K(15104K) NonClass: 12297K(12864K)->12297K(12864K) Class: 1943K(2240K)->1943K(2240K)
[177.023s][info][gc             ] GC(611) Pause Young (Allocation Failure) 286M->13M(989M) 34.604ms
[177.023s][info][gc,cpu         ] GC(611) User=0.03s Sys=0.00s Real=0.03s
[177.282s][info][gc,start       ] GC(612) Pause Young (Allocation Failure)
[177.310s][info][gc,heap        ] GC(612) DefNew: 280229K(314560K)->610K(314560K) Eden: 279616K(279616K)->0K(279616K) From: 613K(34944K)->610K(34944K)
[177.311s][info][gc,heap        ] GC(612) Tenured: 13494K(699072K)->13535K(699072K)
[177.311s][info][gc,metaspace   ] GC(612) Metaspace: 14240K(15104K)->14240K(15104K) NonClass: 12297K(12864K)->12297K(12864K) Class: 1943K(2240K)->1943K(2240K)
[177.311s][info][gc             ] GC(612) Pause Young (Allocation Failure) 286M->13M(989M) 28.819ms
[177.311s][info][gc,cpu         ] GC(612) User=0.03s Sys=0.00s Real=0.02s
[177.566s][info][gc,start       ] GC(613) Pause Young (Allocation Failure)
[177.594s][info][gc,heap        ] GC(613) DefNew: 280226K(314560K)->611K(314560K) Eden: 279616K(279616K)->0K(279616K) From: 610K(34944K)->611K(34944K)
[177.594s][info][gc,heap        ] GC(613) Tenured: 13535K(699072K)->13576K(699072K)
[177.594s][info][gc,metaspace   ] GC(613) Metaspace: 14240K(15104K)->14240K(15104K) NonClass: 12297K(12864K)->12297K(12864K) Class: 1943K(2240K)->1943K(2240K)
[177.594s][info][gc             ] GC(613) Pause Young (Allocation Failure) 286M->13M(989M) 28.106ms
[177.594s][info][gc,cpu         ] GC(613) User=0.02s Sys=0.00s Real=0.01s
[177.852s][info][gc,start       ] GC(614) Pause Young (Allocation Failure)
[177.887s][info][gc,heap        ] GC(614) DefNew: 280227K(314560K)->611K(314560K) Eden: 279616K(279616K)->0K(279616K) From: 611K(34944K)->611K(34944K)
[177.887s][info][gc,heap        ] GC(614) Tenured: 13576K(699072K)->13618K(699072K)
[177.887s][info][gc,metaspace   ] GC(614) Metaspace: 14240K(15104K)->14240K(15104K) NonClass: 12297K(12864K)->12297K(12864K) Class: 1943K(2240K)->1943K(2240K)
[177.887s][info][gc             ] GC(614) Pause Young (Allocation Failure) 286M->13M(989M) 35.176ms
[177.887s][info][gc,cpu         ] GC(614) User=0.03s Sys=0.00s Real=0.04s
[178.141s][info][gc,start       ] GC(615) Pause Young (Allocation Failure)
[178.178s][info][gc,heap        ] GC(615) DefNew: 280227K(314560K)->612K(314560K) Eden: 279616K(279616K)->0K(279616K) From: 611K(34944K)->612K(34944K)
[178.178s][info][gc,heap        ] GC(615) Tenured: 13618K(699072K)->13659K(699072K)
[178.178s][info][gc,metaspace   ] GC(615) Metaspace: 14240K(15104K)->14240K(15104K) NonClass: 12297K(12864K)->12297K(12864K) Class: 1943K(2240K)->1943K(2240K)
[178.178s][info][gc             ] GC(615) Pause Young (Allocation Failure) 286M->13M(989M) 37.867ms
[178.178s][info][gc,cpu         ] GC(615) User=0.03s Sys=0.00s Real=0.02s
[178.431s][info][gc,start       ] GC(616) Pause Young (Allocation Failure)
[178.468s][info][gc,heap        ] GC(616) DefNew: 280228K(314560K)->614K(314560K) Eden: 279616K(279616K)->0K(279616K) From: 612K(34944K)->614K(34944K)
[178.468s][info][gc,heap        ] GC(616) Tenured: 13659K(699072K)->13698K(699072K)
[178.468s][info][gc,metaspace   ] GC(616) Metaspace: 14240K(15104K)->14240K(15104K) NonClass: 12297K(12864K)->12297K(12864K) Class: 1943K(2240K)->1943K(2240K)
[178.468s][info][gc             ] GC(616) Pause Young (Allocation Failure) 287M->13M(989M) 37.079ms
[178.468s][info][gc,cpu         ] GC(616) User=0.03s Sys=0.00s Real=0.04s
[178.716s][info][gc,start       ] GC(617) Pause Young (Allocation Failure)
[178.753s][info][gc,heap        ] GC(617) DefNew: 280230K(314560K)->612K(314560K) Eden: 279616K(279616K)->0K(279616K) From: 614K(34944K)->612K(34944K)
[178.753s][info][gc,heap        ] GC(617) Tenured: 13698K(699072K)->13739K(699072K)
[178.753s][info][gc,metaspace   ] GC(617) Metaspace: 14240K(15104K)->14240K(15104K) NonClass: 12297K(12864K)->12297K(12864K) Class: 1943K(2240K)->1943K(2240K)
[178.753s][info][gc             ] GC(617) Pause Young (Allocation Failure) 287M->14M(989M) 36.873ms
[178.753s][info][gc,cpu         ] GC(617) User=0.03s Sys=0.00s Real=0.03s
[179.006s][info][gc,start       ] GC(618) Pause Young (Allocation Failure)
[179.046s][info][gc,heap        ] GC(618) DefNew: 280228K(314560K)->613K(314560K) Eden: 279616K(279616K)->0K(279616K) From: 612K(34944K)->613K(34944K)
[179.046s][info][gc,heap        ] GC(618) Tenured: 13739K(699072K)->13778K(699072K)
[179.046s][info][gc,metaspace   ] GC(618) Metaspace: 14240K(15104K)->14240K(15104K) NonClass: 12297K(12864K)->12297K(12864K) Class: 1943K(2240K)->1943K(2240K)
[179.046s][info][gc             ] GC(618) Pause Young (Allocation Failure) 287M->14M(989M) 39.866ms
[179.046s][info][gc,cpu         ] GC(618) User=0.03s Sys=0.00s Real=0.03s
[179.299s][info][gc,start       ] GC(619) Pause Young (Allocation Failure)
[179.329s][info][gc,heap        ] GC(619) DefNew: 280229K(314560K)->615K(314560K) Eden: 279616K(279616K)->0K(279616K) From: 613K(34944K)->615K(34944K)
[179.329s][info][gc,heap        ] GC(619) Tenured: 13778K(699072K)->13816K(699072K)
[179.329s][info][gc,metaspace   ] GC(619) Metaspace: 14240K(15104K)->14240K(15104K) NonClass: 12297K(12864K)->12297K(12864K) Class: 1943K(2240K)->1943K(2240K)
[179.329s][info][gc             ] GC(619) Pause Young (Allocation Failure) 287M->14M(989M) 30.180ms
[179.329s][info][gc,cpu         ] GC(619) User=0.02s Sys=0.00s Real=0.02s
[179.581s][info][gc,start       ] GC(620) Pause Young (Allocation Failure)
[179.621s][info][gc,heap        ] GC(620) DefNew: 280231K(314560K)->618K(314560K) Eden: 279616K(279616K)->0K(279616K) From: 615K(34944K)->618K(34944K)
[179.621s][info][gc,heap        ] GC(620) Tenured: 13816K(699072K)->13855K(699072K)
[179.621s][info][gc,metaspace   ] GC(620) Metaspace: 14240K(15104K)->14240K(15104K) NonClass: 12297K(12864K)->12297K(12864K) Class: 1943K(2240K)->1943K(2240K)
[179.621s][info][gc             ] GC(620) Pause Young (Allocation Failure) 287M->14M(989M) 39.806ms
[179.621s][info][gc,cpu         ] GC(620) User=0.03s Sys=0.00s Real=0.04s
[179.875s][info][gc,start       ] GC(621) Pause Young (Allocation Failure)
[179.916s][info][gc,heap        ] GC(621) DefNew: 280234K(314560K)->621K(314560K) Eden: 279616K(279616K)->0K(279616K) From: 618K(34944K)->621K(34944K)
[179.916s][info][gc,heap        ] GC(621) Tenured: 13855K(699072K)->13893K(699072K)
[179.916s][info][gc,metaspace   ] GC(621) Metaspace: 14240K(15104K)->14240K(15104K) NonClass: 12297K(12864K)->12297K(12864K) Class: 1943K(2240K)->1943K(2240K)
[179.916s][info][gc             ] GC(621) Pause Young (Allocation Failure) 287M->14M(989M) 41.086ms
[179.916s][info][gc,cpu         ] GC(621) User=0.05s Sys=0.00s Real=0.04s
[180.167s][info][gc,start       ] GC(622) Pause Young (Allocation Failure)
[180.208s][info][gc,heap        ] GC(622) DefNew: 280237K(314560K)->617K(314560K) Eden: 279616K(279616K)->0K(279616K) From: 621K(34944K)->617K(34944K)
[180.208s][info][gc,heap        ] GC(622) Tenured: 13893K(699072K)->13935K(699072K)
[180.208s][info][gc,metaspace   ] GC(622) Metaspace: 14240K(15104K)->14240K(15104K) NonClass: 12297K(12864K)->12297K(12864K) Class: 1943K(2240K)->1943K(2240K)
[180.208s][info][gc             ] GC(622) Pause Young (Allocation Failure) 287M->14M(989M) 40.858ms
[180.208s][info][gc,cpu         ] GC(622) User=0.05s Sys=0.00s Real=0.04s
[180.459s][info][gc,start       ] GC(623) Pause Young (Allocation Failure)
[180.502s][info][gc,heap        ] GC(623) DefNew: 280233K(314560K)->615K(314560K) Eden: 279616K(279616K)->0K(279616K) From: 617K(34944K)->615K(34944K)
[180.502s][info][gc,heap        ] GC(623) Tenured: 13935K(699072K)->13976K(699072K)
[180.502s][info][gc,metaspace   ] GC(623) Metaspace: 14240K(15104K)->14240K(15104K) NonClass: 12297K(12864K)->12297K(12864K) Class: 1943K(2240K)->1943K(2240K)
[180.502s][info][gc             ] GC(623) Pause Young (Allocation Failure) 287M->14M(989M) 43.193ms
[180.502s][info][gc,cpu         ] GC(623) User=0.05s Sys=0.00s Real=0.04s
[180.903s][info][gc,start       ] GC(624) Pause Young (Allocation Failure)
[180.943s][info][gc,heap        ] GC(624) DefNew: 280231K(314560K)->609K(314560K) Eden: 279616K(279616K)->0K(279616K) From: 615K(34944K)->609K(34944K)
[180.943s][info][gc,heap        ] GC(624) Tenured: 13976K(699072K)->14020K(699072K)
[180.943s][info][gc,metaspace   ] GC(624) Metaspace: 14240K(15104K)->14240K(15104K) NonClass: 12297K(12864K)->12297K(12864K) Class: 1943K(2240K)->1943K(2240K)
[180.943s][info][gc             ] GC(624) Pause Young (Allocation Failure) 287M->14M(989M) 40.109ms
[180.943s][info][gc,cpu         ] GC(624) User=0.03s Sys=0.00s Real=0.03s
[181.203s][info][gc,start       ] GC(625) Pause Young (Allocation Failure)
[181.231s][info][gc,heap        ] GC(625) DefNew: 280225K(314560K)->612K(314560K) Eden: 279616K(279616K)->0K(279616K) From: 609K(34944K)->612K(34944K)
[181.231s][info][gc,heap        ] GC(625) Tenured: 14020K(699072K)->14059K(699072K)
[181.231s][info][gc,metaspace   ] GC(625) Metaspace: 14240K(15104K)->14240K(15104K) NonClass: 12297K(12864K)->12297K(12864K) Class: 1943K(2240K)->1943K(2240K)
[181.231s][info][gc             ] GC(625) Pause Young (Allocation Failure) 287M->14M(989M) 28.906ms
[181.231s][info][gc,cpu         ] GC(625) User=0.02s Sys=0.00s Real=0.01s
[181.487s][info][gc,start       ] GC(626) Pause Young (Allocation Failure)
[181.514s][info][gc,heap        ] GC(626) DefNew: 280228K(314560K)->615K(314560K) Eden: 279616K(279616K)->0K(279616K) From: 612K(34944K)->615K(34944K)
[181.514s][info][gc,heap        ] GC(626) Tenured: 14059K(699072K)->14097K(699072K)
[181.514s][info][gc,metaspace   ] GC(626) Metaspace: 14240K(15104K)->14240K(15104K) NonClass: 12297K(12864K)->12297K(12864K) Class: 1943K(2240K)->1943K(2240K)
[181.514s][info][gc             ] GC(626) Pause Young (Allocation Failure) 287M->14M(989M) 27.495ms
[181.514s][info][gc,cpu         ] GC(626) User=0.02s Sys=0.00s Real=0.03s
[181.781s][info][gc,start       ] GC(627) Pause Young (Allocation Failure)
[181.809s][info][gc,heap        ] GC(627) DefNew: 280231K(314560K)->618K(314560K) Eden: 279616K(279616K)->0K(279616K) From: 615K(34944K)->618K(34944K)
[181.809s][info][gc,heap        ] GC(627) Tenured: 14097K(699072K)->14136K(699072K)
[181.809s][info][gc,metaspace   ] GC(627) Metaspace: 14240K(15104K)->14240K(15104K) NonClass: 12297K(12864K)->12297K(12864K) Class: 1943K(2240K)->1943K(2240K)
[181.809s][info][gc             ] GC(627) Pause Young (Allocation Failure) 287M->14M(989M) 27.793ms
[181.809s][info][gc,cpu         ] GC(627) User=0.02s Sys=0.00s Real=0.03s
[182.056s][info][gc,start       ] GC(628) Pause Young (Allocation Failure)
[182.092s][info][gc,heap        ] GC(628) DefNew: 280234K(314560K)->613K(314560K) Eden: 279616K(279616K)->0K(279616K) From: 618K(34944K)->613K(34944K)
[182.092s][info][gc,heap        ] GC(628) Tenured: 14136K(699072K)->14179K(699072K)
[182.092s][info][gc,metaspace   ] GC(628) Metaspace: 14240K(15104K)->14240K(15104K) NonClass: 12297K(12864K)->12297K(12864K) Class: 1943K(2240K)->1943K(2240K)
[182.092s][info][gc             ] GC(628) Pause Young (Allocation Failure) 287M->14M(989M) 36.116ms
[182.092s][info][gc,cpu         ] GC(628) User=0.03s Sys=0.00s Real=0.03s
[182.345s][info][gc,start       ] GC(629) Pause Young (Allocation Failure)
[182.381s][info][gc,heap        ] GC(629) DefNew: 280229K(314560K)->612K(314560K) Eden: 279616K(279616K)->0K(279616K) From: 613K(34944K)->612K(34944K)
[182.382s][info][gc,heap        ] GC(629) Tenured: 14179K(699072K)->14221K(699072K)
[182.382s][info][gc,metaspace   ] GC(629) Metaspace: 14240K(15104K)->14240K(15104K) NonClass: 12297K(12864K)->12297K(12864K) Class: 1943K(2240K)->1943K(2240K)
[182.382s][info][gc             ] GC(629) Pause Young (Allocation Failure) 287M->14M(989M) 36.790ms
[182.382s][info][gc,cpu         ] GC(629) User=0.03s Sys=0.00s Real=0.03s
[182.630s][info][gc,start       ] GC(630) Pause Young (Allocation Failure)
[182.667s][info][gc,heap        ] GC(630) DefNew: 280228K(314560K)->609K(314560K) Eden: 279616K(279616K)->0K(279616K) From: 612K(34944K)->609K(34944K)
[182.667s][info][gc,heap        ] GC(630) Tenured: 14221K(699072K)->14262K(699072K)
[182.667s][info][gc,metaspace   ] GC(630) Metaspace: 14240K(15104K)->14240K(15104K) NonClass: 12297K(12864K)->12297K(12864K) Class: 1943K(2240K)->1943K(2240K)
[182.667s][info][gc             ] GC(630) Pause Young (Allocation Failure) 287M->14M(989M) 37.068ms
[182.667s][info][gc,cpu         ] GC(630) User=0.03s Sys=0.00s Real=0.04s
[182.918s][info][gc,start       ] GC(631) Pause Young (Allocation Failure)
[182.957s][info][gc,heap        ] GC(631) DefNew: 280225K(314560K)->611K(314560K) Eden: 279616K(279616K)->0K(279616K) From: 609K(34944K)->611K(34944K)
[182.957s][info][gc,heap        ] GC(631) Tenured: 14262K(699072K)->14304K(699072K)
[182.957s][info][gc,metaspace   ] GC(631) Metaspace: 14240K(15104K)->14240K(15104K) NonClass: 12297K(12864K)->12297K(12864K) Class: 1943K(2240K)->1943K(2240K)
[182.957s][info][gc             ] GC(631) Pause Young (Allocation Failure) 287M->14M(989M) 38.103ms
[182.957s][info][gc,cpu         ] GC(631) User=0.05s Sys=0.00s Real=0.04s
[183.211s][info][gc,start       ] GC(632) Pause Young (Allocation Failure)
[183.249s][info][gc,heap        ] GC(632) DefNew: 280227K(314560K)->614K(314560K) Eden: 279616K(279616K)->0K(279616K) From: 611K(34944K)->614K(34944K)
[183.249s][info][gc,heap        ] GC(632) Tenured: 14304K(699072K)->14342K(699072K)
[183.249s][info][gc,metaspace   ] GC(632) Metaspace: 14240K(15104K)->14240K(15104K) NonClass: 12297K(12864K)->12297K(12864K) Class: 1943K(2240K)->1943K(2240K)
[183.249s][info][gc             ] GC(632) Pause Young (Allocation Failure) 287M->14M(989M) 38.791ms
[183.249s][info][gc,cpu         ] GC(632) User=0.03s Sys=0.00s Real=0.03s
[183.503s][info][gc,start       ] GC(633) Pause Young (Allocation Failure)
[183.542s][info][gc,heap        ] GC(633) DefNew: 280230K(314560K)->616K(314560K) Eden: 279616K(279616K)->0K(279616K) From: 614K(34944K)->616K(34944K)
[183.542s][info][gc,heap        ] GC(633) Tenured: 14342K(699072K)->14381K(699072K)
[183.542s][info][gc,metaspace   ] GC(633) Metaspace: 14240K(15104K)->14240K(15104K) NonClass: 12297K(12864K)->12297K(12864K) Class: 1943K(2240K)->1943K(2240K)
[183.542s][info][gc             ] GC(633) Pause Young (Allocation Failure) 287M->14M(989M) 39.373ms
[183.542s][info][gc,cpu         ] GC(633) User=0.03s Sys=0.00s Real=0.04s
[183.798s][info][gc,start       ] GC(634) Pause Young (Allocation Failure)
[183.838s][info][gc,heap        ] GC(634) DefNew: 280232K(314560K)->616K(314560K) Eden: 279616K(279616K)->0K(279616K) From: 616K(34944K)->616K(34944K)
[183.838s][info][gc,heap        ] GC(634) Tenured: 14381K(699072K)->14423K(699072K)
[183.838s][info][gc,metaspace   ] GC(634) Metaspace: 14240K(15104K)->14240K(15104K) NonClass: 12297K(12864K)->12297K(12864K) Class: 1943K(2240K)->1943K(2240K)
[183.838s][info][gc             ] GC(634) Pause Young (Allocation Failure) 287M->14M(989M) 39.980ms
[183.838s][info][gc,cpu         ] GC(634) User=0.03s Sys=0.00s Real=0.04s
[184.091s][info][gc,start       ] GC(635) Pause Young (Allocation Failure)
[184.134s][info][gc,heap        ] GC(635) DefNew: 280232K(314560K)->614K(314560K) Eden: 279616K(279616K)->0K(279616K) From: 616K(34944K)->614K(34944K)
[184.134s][info][gc,heap        ] GC(635) Tenured: 14423K(699072K)->14464K(699072K)
[184.134s][info][gc,metaspace   ] GC(635) Metaspace: 14240K(15104K)->14240K(15104K) NonClass: 12297K(12864K)->12297K(12864K) Class: 1943K(2240K)->1943K(2240K)
[184.134s][info][gc             ] GC(635) Pause Young (Allocation Failure) 287M->14M(989M) 42.243ms
[184.134s][info][gc,cpu         ] GC(635) User=0.05s Sys=0.00s Real=0.04s
[184.384s][info][gc,start       ] GC(636) Pause Young (Allocation Failure)
[184.425s][info][gc,heap        ] GC(636) DefNew: 280230K(314560K)->610K(314560K) Eden: 279616K(279616K)->0K(279616K) From: 614K(34944K)->610K(34944K)
[184.425s][info][gc,heap        ] GC(636) Tenured: 14464K(699072K)->14506K(699072K)
[184.425s][info][gc,metaspace   ] GC(636) Metaspace: 14240K(15104K)->14240K(15104K) NonClass: 12297K(12864K)->12297K(12864K) Class: 1943K(2240K)->1943K(2240K)
[184.425s][info][gc             ] GC(636) Pause Young (Allocation Failure) 287M->14M(989M) 41.671ms
[184.426s][info][gc,cpu         ] GC(636) User=0.03s Sys=0.00s Real=0.03s
[184.680s][info][gc,start       ] GC(637) Pause Young (Allocation Failure)
[184.723s][info][gc,heap        ] GC(637) DefNew: 280226K(314560K)->612K(314560K) Eden: 279616K(279616K)->0K(279616K) From: 610K(34944K)->612K(34944K)
[184.723s][info][gc,heap        ] GC(637) Tenured: 14506K(699072K)->14544K(699072K)
[184.723s][info][gc,metaspace   ] GC(637) Metaspace: 14240K(15104K)->14240K(15104K) NonClass: 12297K(12864K)->12297K(12864K) Class: 1943K(2240K)->1943K(2240K)
[184.723s][info][gc             ] GC(637) Pause Young (Allocation Failure) 287M->14M(989M) 43.285ms
[184.723s][info][gc,cpu         ] GC(637) User=0.03s Sys=0.00s Real=0.04s
[184.980s][info][gc,start       ] GC(638) Pause Young (Allocation Failure)
[185.022s][info][gc,heap        ] GC(638) DefNew: 280228K(314560K)->616K(314560K) Eden: 279616K(279616K)->0K(279616K) From: 612K(34944K)->616K(34944K)
[185.022s][info][gc,heap        ] GC(638) Tenured: 14544K(699072K)->14583K(699072K)
[185.022s][info][gc,metaspace   ] GC(638) Metaspace: 14240K(15104K)->14240K(15104K) NonClass: 12297K(12864K)->12297K(12864K) Class: 1943K(2240K)->1943K(2240K)
[185.022s][info][gc             ] GC(638) Pause Young (Allocation Failure) 287M->14M(989M) 41.773ms
[185.022s][info][gc,cpu         ] GC(638) User=0.05s Sys=0.00s Real=0.04s
[185.281s][info][gc,start       ] GC(639) Pause Young (Allocation Failure)
[185.318s][info][gc,heap        ] GC(639) DefNew: 280232K(314560K)->620K(314560K) Eden: 279616K(279616K)->0K(279616K) From: 616K(34944K)->620K(34944K)
[185.318s][info][gc,heap        ] GC(639) Tenured: 14583K(699072K)->14621K(699072K)
[185.318s][info][gc,metaspace   ] GC(639) Metaspace: 14240K(15104K)->14240K(15104K) NonClass: 12297K(12864K)->12297K(12864K) Class: 1943K(2240K)->1943K(2240K)
[185.318s][info][gc             ] GC(639) Pause Young (Allocation Failure) 287M->14M(989M) 37.132ms
[185.319s][info][gc,cpu         ] GC(639) User=0.05s Sys=0.00s Real=0.04s
[185.583s][info][gc,start       ] GC(640) Pause Young (Allocation Failure)
[185.618s][info][gc,heap        ] GC(640) DefNew: 280236K(314560K)->613K(314560K) Eden: 279616K(279616K)->0K(279616K) From: 620K(34944K)->613K(34944K)
[185.618s][info][gc,heap        ] GC(640) Tenured: 14621K(699072K)->14663K(699072K)
[185.618s][info][gc,metaspace   ] GC(640) Metaspace: 14240K(15104K)->14240K(15104K) NonClass: 12297K(12864K)->12297K(12864K) Class: 1943K(2240K)->1943K(2240K)
[185.618s][info][gc             ] GC(640) Pause Young (Allocation Failure) 287M->14M(989M) 35.108ms
[185.618s][info][gc,cpu         ] GC(640) User=0.03s Sys=0.00s Real=0.03s
[185.873s][info][gc,start       ] GC(641) Pause Young (Allocation Failure)
[185.909s][info][gc,heap        ] GC(641) DefNew: 280229K(314560K)->613K(314560K) Eden: 279616K(279616K)->0K(279616K) From: 613K(34944K)->613K(34944K)
[185.909s][info][gc,heap        ] GC(641) Tenured: 14663K(699072K)->14704K(699072K)
[185.909s][info][gc,metaspace   ] GC(641) Metaspace: 14240K(15104K)->14240K(15104K) NonClass: 12297K(12864K)->12297K(12864K) Class: 1943K(2240K)->1943K(2240K)
[185.909s][info][gc             ] GC(641) Pause Young (Allocation Failure) 287M->14M(989M) 36.678ms
[185.909s][info][gc,cpu         ] GC(641) User=0.03s Sys=0.00s Real=0.03s
[186.164s][info][gc,start       ] GC(642) Pause Young (Allocation Failure)
[186.202s][info][gc,heap        ] GC(642) DefNew: 280229K(314560K)->613K(314560K) Eden: 279616K(279616K)->0K(279616K) From: 613K(34944K)->613K(34944K)
[186.202s][info][gc,heap        ] GC(642) Tenured: 14704K(699072K)->14746K(699072K)
[186.202s][info][gc,metaspace   ] GC(642) Metaspace: 14240K(15104K)->14240K(15104K) NonClass: 12297K(12864K)->12297K(12864K) Class: 1943K(2240K)->1943K(2240K)
[186.202s][info][gc             ] GC(642) Pause Young (Allocation Failure) 288M->15M(989M) 38.094ms
[186.202s][info][gc,cpu         ] GC(642) User=0.03s Sys=0.00s Real=0.03s
[186.458s][info][gc,start       ] GC(643) Pause Young (Allocation Failure)
[186.486s][info][gc,heap        ] GC(643) DefNew: 280229K(314560K)->617K(314560K) Eden: 279616K(279616K)->0K(279616K) From: 613K(34944K)->617K(34944K)
[186.486s][info][gc,heap        ] GC(643) Tenured: 14746K(699072K)->14784K(699072K)
[186.486s][info][gc,metaspace   ] GC(643) Metaspace: 14240K(15104K)->14240K(15104K) NonClass: 12297K(12864K)->12297K(12864K) Class: 1943K(2240K)->1943K(2240K)
[186.486s][info][gc             ] GC(643) Pause Young (Allocation Failure) 288M->15M(989M) 28.564ms
[186.486s][info][gc,cpu         ] GC(643) User=0.02s Sys=0.00s Real=0.02s
[186.735s][info][gc,start       ] GC(644) Pause Young (Allocation Failure)
[186.764s][info][gc,heap        ] GC(644) DefNew: 280233K(314560K)->614K(314560K) Eden: 279616K(279616K)->0K(279616K) From: 617K(34944K)->614K(34944K)
[186.764s][info][gc,heap        ] GC(644) Tenured: 14784K(699072K)->14826K(699072K)
[186.764s][info][gc,metaspace   ] GC(644) Metaspace: 14240K(15104K)->14240K(15104K) NonClass: 12297K(12864K)->12297K(12864K) Class: 1943K(2240K)->1943K(2240K)
[186.764s][info][gc             ] GC(644) Pause Young (Allocation Failure) 288M->15M(989M) 28.925ms
[186.764s][info][gc,cpu         ] GC(644) User=0.03s Sys=0.00s Real=0.02s
[187.012s][info][gc,start       ] GC(645) Pause Young (Allocation Failure)
[187.041s][info][gc,heap        ] GC(645) DefNew: 280230K(314560K)->611K(314560K) Eden: 279616K(279616K)->0K(279616K) From: 614K(34944K)->611K(34944K)
[187.041s][info][gc,heap        ] GC(645) Tenured: 14826K(699072K)->14864K(699072K)
[187.041s][info][gc,metaspace   ] GC(645) Metaspace: 14240K(15104K)->14240K(15104K) NonClass: 12297K(12864K)->12297K(12864K) Class: 1943K(2240K)->1943K(2240K)
[187.041s][info][gc             ] GC(645) Pause Young (Allocation Failure) 288M->15M(989M) 29.574ms
[187.041s][info][gc,cpu         ] GC(645) User=0.03s Sys=0.00s Real=0.03s
[187.291s][info][gc,start       ] GC(646) Pause Young (Allocation Failure)
[187.331s][info][gc,heap        ] GC(646) DefNew: 280227K(314560K)->607K(314560K) Eden: 279616K(279616K)->0K(279616K) From: 611K(34944K)->607K(34944K)
[187.331s][info][gc,heap        ] GC(646) Tenured: 14864K(699072K)->14907K(699072K)
[187.331s][info][gc,metaspace   ] GC(646) Metaspace: 14240K(15104K)->14240K(15104K) NonClass: 12297K(12864K)->12297K(12864K) Class: 1943K(2240K)->1943K(2240K)
[187.331s][info][gc             ] GC(646) Pause Young (Allocation Failure) 288M->15M(989M) 39.390ms
[187.331s][info][gc,cpu         ] GC(646) User=0.03s Sys=0.00s Real=0.03s
[187.583s][info][gc,start       ] GC(647) Pause Young (Allocation Failure)
[187.623s][info][gc,heap        ] GC(647) DefNew: 280223K(314560K)->608K(314560K) Eden: 279616K(279616K)->0K(279616K) From: 607K(34944K)->608K(34944K)
[187.624s][info][gc,heap        ] GC(647) Tenured: 14907K(699072K)->14948K(699072K)
[187.624s][info][gc,metaspace   ] GC(647) Metaspace: 14240K(15104K)->14240K(15104K) NonClass: 12297K(12864K)->12297K(12864K) Class: 1943K(2240K)->1943K(2240K)
[187.624s][info][gc             ] GC(647) Pause Young (Allocation Failure) 288M->15M(989M) 40.763ms
[187.624s][info][gc,cpu         ] GC(647) User=0.03s Sys=0.00s Real=0.03s
[187.875s][info][gc,start       ] GC(648) Pause Young (Allocation Failure)
[187.916s][info][gc,heap        ] GC(648) DefNew: 280224K(314560K)->606K(314560K) Eden: 279616K(279616K)->0K(279616K) From: 608K(34944K)->606K(34944K)
[187.916s][info][gc,heap        ] GC(648) Tenured: 14948K(699072K)->14989K(699072K)
[187.916s][info][gc,metaspace   ] GC(648) Metaspace: 14240K(15104K)->14240K(15104K) NonClass: 12297K(12864K)->12297K(12864K) Class: 1943K(2240K)->1943K(2240K)
[187.916s][info][gc             ] GC(648) Pause Young (Allocation Failure) 288M->15M(989M) 40.857ms
[187.916s][info][gc,cpu         ] GC(648) User=0.02s Sys=0.00s Real=0.03s
[188.161s][info][gc,start       ] GC(649) Pause Young (Allocation Failure)
[188.204s][info][gc,heap        ] GC(649) DefNew: 280222K(314560K)->602K(314560K) Eden: 279616K(279616K)->0K(279616K) From: 606K(34944K)->602K(34944K)
[188.204s][info][gc,heap        ] GC(649) Tenured: 14989K(699072K)->15031K(699072K)
[188.204s][info][gc,metaspace   ] GC(649) Metaspace: 14240K(15104K)->14240K(15104K) NonClass: 12297K(12864K)->12297K(12864K) Class: 1943K(2240K)->1943K(2240K)
[188.204s][info][gc             ] GC(649) Pause Young (Allocation Failure) 288M->15M(989M) 42.908ms
[188.204s][info][gc,cpu         ] GC(649) User=0.03s Sys=0.00s Real=0.04s
[188.456s][info][gc,start       ] GC(650) Pause Young (Allocation Failure)
[188.501s][info][gc,heap        ] GC(650) DefNew: 280218K(314560K)->603K(314560K) Eden: 279616K(279616K)->0K(279616K) From: 602K(34944K)->603K(34944K)
[188.501s][info][gc,heap        ] GC(650) Tenured: 15031K(699072K)->15069K(699072K)
[188.501s][info][gc,metaspace   ] GC(650) Metaspace: 14240K(15104K)->14240K(15104K) NonClass: 12297K(12864K)->12297K(12864K) Class: 1943K(2240K)->1943K(2240K)
[188.502s][info][gc             ] GC(650) Pause Young (Allocation Failure) 288M->15M(989M) 45.991ms
[188.502s][info][gc,cpu         ] GC(650) User=0.03s Sys=0.00s Real=0.04s
[188.868s][info][gc,start       ] GC(651) Pause Young (Allocation Failure)
[188.910s][info][gc,heap        ] GC(651) DefNew: 280219K(314560K)->603K(314560K) Eden: 279616K(279616K)->0K(279616K) From: 603K(34944K)->603K(34944K)
[188.910s][info][gc,heap        ] GC(651) Tenured: 15069K(699072K)->15107K(699072K)
[188.910s][info][gc,metaspace   ] GC(651) Metaspace: 14240K(15104K)->14240K(15104K) NonClass: 12297K(12864K)->12297K(12864K) Class: 1943K(2240K)->1943K(2240K)
[188.910s][info][gc             ] GC(651) Pause Young (Allocation Failure) 288M->15M(989M) 42.287ms
[188.910s][info][gc,cpu         ] GC(651) User=0.03s Sys=0.00s Real=0.03s
[189.111s][info][gc,start       ] GC(652) Pause Young (Allocation Failure)
[189.139s][info][gc,heap        ] GC(652) DefNew: 280219K(314560K)->593K(314560K) Eden: 279616K(279616K)->0K(279616K) From: 603K(34944K)->593K(34944K)
[189.139s][info][gc,heap        ] GC(652) Tenured: 15107K(699072K)->15149K(699072K)
[189.139s][info][gc,metaspace   ] GC(652) Metaspace: 14240K(15104K)->14240K(15104K) NonClass: 12297K(12864K)->12297K(12864K) Class: 1943K(2240K)->1943K(2240K)
[189.139s][info][gc             ] GC(652) Pause Young (Allocation Failure) 288M->15M(989M) 28.479ms
[189.139s][info][gc,cpu         ] GC(652) User=0.00s Sys=0.00s Real=0.01s
[189.386s][info][gc,start       ] GC(653) Pause Full (System.gc())
[189.386s][info][gc,phases,start] GC(653) Phase 1: Mark live objects
[189.424s][info][gc,phases      ] GC(653) Phase 1: Mark live objects 38.658ms
[189.425s][info][gc,phases,start] GC(653) Phase 2: Compute new object addresses
[189.485s][info][gc,phases      ] GC(653) Phase 2: Compute new object addresses 60.523ms
[189.485s][info][gc,phases,start] GC(653) Phase 3: Adjust pointers
[189.504s][info][gc,phases      ] GC(653) Phase 3: Adjust pointers 19.113ms
[189.504s][info][gc,phases,start] GC(653) Phase 4: Move objects
[189.504s][info][gc,phases      ] GC(653) Phase 4: Move objects 0.012ms
[189.504s][info][gc,heap        ] GC(653) DefNew: 258785K(314560K)->0K(314560K) Eden: 258191K(279616K)->0K(279616K) From: 593K(34944K)->0K(34944K)
[189.504s][info][gc,heap        ] GC(653) Tenured: 15149K(699072K)->15149K(699072K)
[189.504s][info][gc,metaspace   ] GC(653) Metaspace: 14240K(15104K)->14240K(15104K) NonClass: 12297K(12864K)->12297K(12864K) Class: 1943K(2240K)->1943K(2240K)
[189.504s][info][gc             ] GC(653) Pause Full (System.gc()) 267M->14M(989M) 118.706ms
[189.504s][info][gc,cpu         ] GC(653) User=0.11s Sys=0.00s Real=0.11s
[189.738s][info][gc,start       ] GC(654) Pause Young (Allocation Failure)
[189.766s][info][gc,heap        ] GC(654) DefNew: 279616K(314560K)->1499K(314560K) Eden: 279616K(279616K)->0K(279616K) From: 0K(34944K)->1499K(34944K)
[189.766s][info][gc,heap        ] GC(654) Tenured: 15149K(699072K)->15149K(699072K)
[189.766s][info][gc,metaspace   ] GC(654) Metaspace: 14240K(15104K)->14240K(15104K) NonClass: 12297K(12864K)->12297K(12864K) Class: 1943K(2240K)->1943K(2240K)
[189.766s][info][gc             ] GC(654) Pause Young (Allocation Failure) 287M->16M(989M) 27.703ms
[189.766s][info][gc,cpu         ] GC(654) User=0.02s Sys=0.00s Real=0.01s
[190.028s][info][gc,start       ] GC(655) Pause Young (Allocation Failure)
[190.066s][info][gc,heap        ] GC(655) DefNew: 281115K(314560K)->1539K(314560K) Eden: 279616K(279616K)->0K(279616K) From: 1499K(34944K)->1539K(34944K)
[190.066s][info][gc,heap        ] GC(655) Tenured: 15149K(699072K)->15149K(699072K)
[190.066s][info][gc,metaspace   ] GC(655) Metaspace: 14240K(15104K)->14240K(15104K) NonClass: 12297K(12864K)->12297K(12864K) Class: 1943K(2240K)->1943K(2240K)
[190.066s][info][gc             ] GC(655) Pause Young (Allocation Failure) 289M->16M(989M) 37.962ms
[190.066s][info][gc,cpu         ] GC(655) User=0.03s Sys=0.00s Real=0.02s
[190.330s][info][gc,start       ] GC(656) Pause Young (Allocation Failure)
[190.369s][info][gc,heap        ] GC(656) DefNew: 281155K(314560K)->1582K(314560K) Eden: 279616K(279616K)->0K(279616K) From: 1539K(34944K)->1582K(34944K)
[190.369s][info][gc,heap        ] GC(656) Tenured: 15149K(699072K)->15149K(699072K)
[190.369s][info][gc,metaspace   ] GC(656) Metaspace: 14240K(15104K)->14240K(15104K) NonClass: 12297K(12864K)->12297K(12864K) Class: 1943K(2240K)->1943K(2240K)
[190.369s][info][gc             ] GC(656) Pause Young (Allocation Failure) 289M->16M(989M) 39.483ms
[190.369s][info][gc,cpu         ] GC(656) User=0.03s Sys=0.00s Real=0.03s
[190.631s][info][gc,start       ] GC(657) Pause Young (Allocation Failure)
[190.670s][info][gc,heap        ] GC(657) DefNew: 281198K(314560K)->1622K(314560K) Eden: 279616K(279616K)->0K(279616K) From: 1582K(34944K)->1622K(34944K)
[190.670s][info][gc,heap        ] GC(657) Tenured: 15149K(699072K)->15149K(699072K)
[190.670s][info][gc,metaspace   ] GC(657) Metaspace: 14240K(15104K)->14240K(15104K) NonClass: 12297K(12864K)->12297K(12864K) Class: 1943K(2240K)->1943K(2240K)
[190.670s][info][gc             ] GC(657) Pause Young (Allocation Failure) 289M->16M(989M) 39.105ms
[190.670s][info][gc,cpu         ] GC(657) User=0.02s Sys=0.00s Real=0.02s
[190.937s][info][gc,start       ] GC(658) Pause Young (Allocation Failure)
[190.978s][info][gc,heap        ] GC(658) DefNew: 281238K(314560K)->1665K(314560K) Eden: 279616K(279616K)->0K(279616K) From: 1622K(34944K)->1665K(34944K)
[190.978s][info][gc,heap        ] GC(658) Tenured: 15149K(699072K)->15149K(699072K)
[190.978s][info][gc,metaspace   ] GC(658) Metaspace: 14240K(15104K)->14240K(15104K) NonClass: 12297K(12864K)->12297K(12864K) Class: 1943K(2240K)->1943K(2240K)
[190.978s][info][gc             ] GC(658) Pause Young (Allocation Failure) 289M->16M(989M) 40.318ms
[190.978s][info][gc,cpu         ] GC(658) User=0.05s Sys=0.00s Real=0.04s
[191.250s][info][gc,start       ] GC(659) Pause Young (Allocation Failure)
[191.291s][info][gc,heap        ] GC(659) DefNew: 281281K(314560K)->1709K(314560K) Eden: 279616K(279616K)->0K(279616K) From: 1665K(34944K)->1709K(34944K)
[191.291s][info][gc,heap        ] GC(659) Tenured: 15149K(699072K)->15149K(699072K)
[191.291s][info][gc,metaspace   ] GC(659) Metaspace: 14240K(15104K)->14240K(15104K) NonClass: 12297K(12864K)->12297K(12864K) Class: 1943K(2240K)->1943K(2240K)
[191.292s][info][gc             ] GC(659) Pause Young (Allocation Failure) 289M->16M(989M) 41.134ms
[191.292s][info][gc,cpu         ] GC(659) User=0.05s Sys=0.00s Real=0.04s
[191.556s][info][gc,start       ] GC(660) Pause Young (Allocation Failure)
[191.599s][info][gc,heap        ] GC(660) DefNew: 281325K(314560K)->1751K(314560K) Eden: 279616K(279616K)->0K(279616K) From: 1709K(34944K)->1751K(34944K)
[191.599s][info][gc,heap        ] GC(660) Tenured: 15149K(699072K)->15149K(699072K)
[191.599s][info][gc,metaspace   ] GC(660) Metaspace: 14240K(15104K)->14240K(15104K) NonClass: 12297K(12864K)->12297K(12864K) Class: 1943K(2240K)->1943K(2240K)
[191.599s][info][gc             ] GC(660) Pause Young (Allocation Failure) 289M->16M(989M) 42.742ms
[191.599s][info][gc,cpu         ] GC(660) User=0.03s Sys=0.00s Real=0.03s
[191.865s][info][gc,start       ] GC(661) Pause Young (Allocation Failure)
[191.897s][info][gc,heap        ] GC(661) DefNew: 281367K(314560K)->1790K(314560K) Eden: 279616K(279616K)->0K(279616K) From: 1751K(34944K)->1790K(34944K)
[191.897s][info][gc,heap        ] GC(661) Tenured: 15149K(699072K)->15149K(699072K)
[191.897s][info][gc,metaspace   ] GC(661) Metaspace: 14240K(15104K)->14240K(15104K) NonClass: 12297K(12864K)->12297K(12864K) Class: 1943K(2240K)->1943K(2240K)
[191.897s][info][gc             ] GC(661) Pause Young (Allocation Failure) 289M->16M(989M) 31.932ms
[191.897s][info][gc,cpu         ] GC(661) User=0.02s Sys=0.00s Real=0.02s
[192.168s][info][gc,start       ] GC(662) Pause Young (Allocation Failure)
[192.212s][info][gc,heap        ] GC(662) DefNew: 281406K(314560K)->1831K(314560K) Eden: 279616K(279616K)->0K(279616K) From: 1790K(34944K)->1831K(34944K)
[192.212s][info][gc,heap        ] GC(662) Tenured: 15149K(699072K)->15149K(699072K)
[192.212s][info][gc,metaspace   ] GC(662) Metaspace: 14240K(15104K)->14240K(15104K) NonClass: 12297K(12864K)->12297K(12864K) Class: 1943K(2240K)->1943K(2240K)
[192.212s][info][gc             ] GC(662) Pause Young (Allocation Failure) 289M->16M(989M) 43.362ms
[192.212s][info][gc,cpu         ] GC(662) User=0.05s Sys=0.00s Real=0.04s
[192.477s][info][gc,start       ] GC(663) Pause Young (Allocation Failure)
[192.522s][info][gc,heap        ] GC(663) DefNew: 281447K(314560K)->1872K(314560K) Eden: 279616K(279616K)->0K(279616K) From: 1831K(34944K)->1872K(34944K)
[192.522s][info][gc,heap        ] GC(663) Tenured: 15149K(699072K)->15149K(699072K)
[192.522s][info][gc,metaspace   ] GC(663) Metaspace: 14240K(15104K)->14240K(15104K) NonClass: 12297K(12864K)->12297K(12864K) Class: 1943K(2240K)->1943K(2240K)
[192.522s][info][gc             ] GC(663) Pause Young (Allocation Failure) 289M->16M(989M) 45.086ms
[192.522s][info][gc,cpu         ] GC(663) User=0.05s Sys=0.00s Real=0.05s
[192.786s][info][gc,start       ] GC(664) Pause Young (Allocation Failure)
[192.828s][info][gc,heap        ] GC(664) DefNew: 281488K(314560K)->1910K(314560K) Eden: 279616K(279616K)->0K(279616K) From: 1872K(34944K)->1910K(34944K)
[192.828s][info][gc,heap        ] GC(664) Tenured: 15149K(699072K)->15149K(699072K)
[192.828s][info][gc,metaspace   ] GC(664) Metaspace: 14240K(15104K)->14240K(15104K) NonClass: 12297K(12864K)->12297K(12864K) Class: 1943K(2240K)->1943K(2240K)
[192.828s][info][gc             ] GC(664) Pause Young (Allocation Failure) 289M->16M(989M) 42.670ms
[192.828s][info][gc,cpu         ] GC(664) User=0.03s Sys=0.00s Real=0.03s
[193.115s][info][gc,start       ] GC(665) Pause Young (Allocation Failure)
[193.153s][info][gc,heap        ] GC(665) DefNew: 281526K(314560K)->1952K(314560K) Eden: 279616K(279616K)->0K(279616K) From: 1910K(34944K)->1952K(34944K)
[193.153s][info][gc,heap        ] GC(665) Tenured: 15149K(699072K)->15149K(699072K)
[193.153s][info][gc,metaspace   ] GC(665) Metaspace: 14240K(15104K)->14240K(15104K) NonClass: 12297K(12864K)->12297K(12864K) Class: 1943K(2240K)->1943K(2240K)
[193.153s][info][gc             ] GC(665) Pause Young (Allocation Failure) 289M->16M(989M) 38.325ms
[193.153s][info][gc,cpu         ] GC(665) User=0.03s Sys=0.00s Real=0.03s
[193.426s][info][gc,start       ] GC(666) Pause Young (Allocation Failure)
[193.463s][info][gc,heap        ] GC(666) DefNew: 281568K(314560K)->1996K(314560K) Eden: 279616K(279616K)->0K(279616K) From: 1952K(34944K)->1996K(34944K)
[193.463s][info][gc,heap        ] GC(666) Tenured: 15149K(699072K)->15149K(699072K)
[193.463s][info][gc,metaspace   ] GC(666) Metaspace: 14240K(15104K)->14240K(15104K) NonClass: 12297K(12864K)->12297K(12864K) Class: 1943K(2240K)->1943K(2240K)
[193.463s][info][gc             ] GC(666) Pause Young (Allocation Failure) 289M->16M(989M) 37.615ms
[193.463s][info][gc,cpu         ] GC(666) User=0.03s Sys=0.00s Real=0.03s
[193.733s][info][gc,start       ] GC(667) Pause Young (Allocation Failure)
[193.763s][info][gc,heap        ] GC(667) DefNew: 281612K(314560K)->2038K(314560K) Eden: 279616K(279616K)->0K(279616K) From: 1996K(34944K)->2038K(34944K)
[193.763s][info][gc,heap        ] GC(667) Tenured: 15149K(699072K)->15149K(699072K)
[193.763s][info][gc,metaspace   ] GC(667) Metaspace: 14240K(15104K)->14240K(15104K) NonClass: 12297K(12864K)->12297K(12864K) Class: 1943K(2240K)->1943K(2240K)
[193.763s][info][gc             ] GC(667) Pause Young (Allocation Failure) 289M->16M(989M) 30.135ms
[193.763s][info][gc,cpu         ] GC(667) User=0.03s Sys=0.00s Real=0.03s
[194.018s][info][gc,start       ] GC(668) Pause Young (Allocation Failure)
[194.056s][info][gc,heap        ] GC(668) DefNew: 281654K(314560K)->2078K(314560K) Eden: 279616K(279616K)->0K(279616K) From: 2038K(34944K)->2078K(34944K)
[194.056s][info][gc,heap        ] GC(668) Tenured: 15149K(699072K)->15149K(699072K)
[194.056s][info][gc,metaspace   ] GC(668) Metaspace: 14240K(15104K)->14240K(15104K) NonClass: 12297K(12864K)->12297K(12864K) Class: 1943K(2240K)->1943K(2240K)
[194.056s][info][gc             ] GC(668) Pause Young (Allocation Failure) 289M->16M(989M) 38.162ms
[194.056s][info][gc,cpu         ] GC(668) User=0.02s Sys=0.00s Real=0.03s
[194.318s][info][gc,start       ] GC(669) Pause Young (Allocation Failure)
[194.359s][info][gc,heap        ] GC(669) DefNew: 281694K(314560K)->630K(314560K) Eden: 279616K(279616K)->0K(279616K) From: 2078K(34944K)->630K(34944K)
[194.359s][info][gc,heap        ] GC(669) Tenured: 15149K(699072K)->16639K(699072K)
[194.359s][info][gc,metaspace   ] GC(669) Metaspace: 14240K(15104K)->14240K(15104K) NonClass: 12297K(12864K)->12297K(12864K) Class: 1943K(2240K)->1943K(2240K)
[194.359s][info][gc             ] GC(669) Pause Young (Allocation Failure) 289M->16M(989M) 40.503ms
[194.359s][info][gc,cpu         ] GC(669) User=0.03s Sys=0.00s Real=0.03s
[194.636s][info][gc,start       ] GC(670) Pause Young (Allocation Failure)
[194.675s][info][gc,heap        ] GC(670) DefNew: 280246K(314560K)->629K(314560K) Eden: 279616K(279616K)->0K(279616K) From: 630K(34944K)->629K(34944K)
[194.675s][info][gc,heap        ] GC(670) Tenured: 16639K(699072K)->16680K(699072K)
[194.675s][info][gc,metaspace   ] GC(670) Metaspace: 14240K(15104K)->14240K(15104K) NonClass: 12297K(12864K)->12297K(12864K) Class: 1943K(2240K)->1943K(2240K)
[194.675s][info][gc             ] GC(670) Pause Young (Allocation Failure) 289M->16M(989M) 39.244ms
[194.675s][info][gc,cpu         ] GC(670) User=0.03s Sys=0.00s Real=0.03s
[194.954s][info][gc,start       ] GC(671) Pause Young (Allocation Failure)
[194.995s][info][gc,heap        ] GC(671) DefNew: 280245K(314560K)->632K(314560K) Eden: 279616K(279616K)->0K(279616K) From: 629K(34944K)->632K(34944K)
[194.995s][info][gc,heap        ] GC(671) Tenured: 16680K(699072K)->16722K(699072K)
[194.995s][info][gc,metaspace   ] GC(671) Metaspace: 14240K(15104K)->14240K(15104K) NonClass: 12297K(12864K)->12297K(12864K) Class: 1943K(2240K)->1943K(2240K)
[194.995s][info][gc             ] GC(671) Pause Young (Allocation Failure) 289M->16M(989M) 40.967ms
[194.995s][info][gc,cpu         ] GC(671) User=0.03s Sys=0.00s Real=0.04s
[195.276s][info][gc,start       ] GC(672) Pause Young (Allocation Failure)
[195.316s][info][gc,heap        ] GC(672) DefNew: 280248K(314560K)->637K(314560K) Eden: 279616K(279616K)->0K(279616K) From: 632K(34944K)->637K(34944K)
[195.316s][info][gc,heap        ] GC(672) Tenured: 16722K(699072K)->16764K(699072K)
[195.316s][info][gc,metaspace   ] GC(672) Metaspace: 14240K(15104K)->14240K(15104K) NonClass: 12297K(12864K)->12297K(12864K) Class: 1943K(2240K)->1943K(2240K)
[195.316s][info][gc             ] GC(672) Pause Young (Allocation Failure) 290M->16M(989M) 39.771ms
[195.316s][info][gc,cpu         ] GC(672) User=0.03s Sys=0.00s Real=0.03s
[195.596s][info][gc,start       ] GC(673) Pause Young (Allocation Failure)
[195.639s][info][gc,heap        ] GC(673) DefNew: 280253K(314560K)->639K(314560K) Eden: 279616K(279616K)->0K(279616K) From: 637K(34944K)->639K(34944K)
[195.639s][info][gc,heap        ] GC(673) Tenured: 16764K(699072K)->16805K(699072K)
[195.639s][info][gc,metaspace   ] GC(673) Metaspace: 14240K(15104K)->14240K(15104K) NonClass: 12297K(12864K)->12297K(12864K) Class: 1943K(2240K)->1943K(2240K)
[195.639s][info][gc             ] GC(673) Pause Young (Allocation Failure) 290M->17M(989M) 43.411ms
[195.639s][info][gc,cpu         ] GC(673) User=0.02s Sys=0.00s Real=0.03s
[195.918s][info][gc,start       ] GC(674) Pause Young (Allocation Failure)
[195.952s][info][gc,heap        ] GC(674) DefNew: 280255K(314560K)->636K(314560K) Eden: 279616K(279616K)->0K(279616K) From: 639K(34944K)->636K(34944K)
[195.952s][info][gc,heap        ] GC(674) Tenured: 16805K(699072K)->16850K(699072K)
[195.952s][info][gc,metaspace   ] GC(674) Metaspace: 14240K(15104K)->14240K(15104K) NonClass: 12297K(12864K)->12297K(12864K) Class: 1943K(2240K)->1943K(2240K)
[195.952s][info][gc             ] GC(674) Pause Young (Allocation Failure) 290M->17M(989M) 33.169ms
[195.952s][info][gc,cpu         ] GC(674) User=0.03s Sys=0.00s Real=0.03s
[196.230s][info][gc,start       ] GC(675) Pause Young (Allocation Failure)
[196.262s][info][gc,heap        ] GC(675) DefNew: 280252K(314560K)->636K(314560K) Eden: 279616K(279616K)->0K(279616K) From: 636K(34944K)->636K(34944K)
[196.262s][info][gc,heap        ] GC(675) Tenured: 16850K(699072K)->16891K(699072K)
[196.262s][info][gc,metaspace   ] GC(675) Metaspace: 14240K(15104K)->14240K(15104K) NonClass: 12297K(12864K)->12297K(12864K) Class: 1943K(2240K)->1943K(2240K)
[196.262s][info][gc             ] GC(675) Pause Young (Allocation Failure) 290M->17M(989M) 32.593ms
[196.262s][info][gc,cpu         ] GC(675) User=0.03s Sys=0.00s Real=0.03s
[196.666s][info][gc,start       ] GC(676) Pause Young (Allocation Failure)
[196.707s][info][gc,heap        ] GC(676) DefNew: 280252K(314560K)->641K(314560K) Eden: 279616K(279616K)->0K(279616K) From: 636K(34944K)->641K(34944K)
[196.708s][info][gc,heap        ] GC(676) Tenured: 16891K(699072K)->16930K(699072K)
[196.708s][info][gc,metaspace   ] GC(676) Metaspace: 14240K(15104K)->14240K(15104K) NonClass: 12297K(12864K)->12297K(12864K) Class: 1943K(2240K)->1943K(2240K)
[196.708s][info][gc             ] GC(676) Pause Young (Allocation Failure) 290M->17M(989M) 41.122ms
[196.708s][info][gc,cpu         ] GC(676) User=0.03s Sys=0.00s Real=0.03s
[196.998s][info][gc,start       ] GC(677) Pause Young (Allocation Failure)
[197.037s][info][gc,heap        ] GC(677) DefNew: 280257K(314560K)->645K(314560K) Eden: 279616K(279616K)->0K(279616K) From: 641K(34944K)->645K(34944K)
[197.037s][info][gc,heap        ] GC(677) Tenured: 16930K(699072K)->16971K(699072K)
[197.037s][info][gc,metaspace   ] GC(677) Metaspace: 14240K(15104K)->14240K(15104K) NonClass: 12297K(12864K)->12297K(12864K) Class: 1943K(2240K)->1943K(2240K)
[197.037s][info][gc             ] GC(677) Pause Young (Allocation Failure) 290M->17M(989M) 38.385ms
[197.037s][info][gc,cpu         ] GC(677) User=0.03s Sys=0.00s Real=0.03s
[197.318s][info][gc,start       ] GC(678) Pause Young (Allocation Failure)
[197.355s][info][gc,heap        ] GC(678) DefNew: 280261K(314560K)->649K(314560K) Eden: 279616K(279616K)->0K(279616K) From: 645K(34944K)->649K(34944K)
[197.355s][info][gc,heap        ] GC(678) Tenured: 16971K(699072K)->17012K(699072K)
[197.355s][info][gc,metaspace   ] GC(678) Metaspace: 14240K(15104K)->14240K(15104K) NonClass: 12297K(12864K)->12297K(12864K) Class: 1943K(2240K)->1943K(2240K)
[197.355s][info][gc             ] GC(678) Pause Young (Allocation Failure) 290M->17M(989M) 37.338ms
[197.355s][info][gc,cpu         ] GC(678) User=0.02s Sys=0.00s Real=0.03s
[197.646s][info][gc,start       ] GC(679) Pause Young (Allocation Failure)
[197.682s][info][gc,heap        ] GC(679) DefNew: 280265K(314560K)->656K(314560K) Eden: 279616K(279616K)->0K(279616K) From: 649K(34944K)->656K(34944K)
[197.682s][info][gc,heap        ] GC(679) Tenured: 17012K(699072K)->17051K(699072K)
[197.683s][info][gc,metaspace   ] GC(679) Metaspace: 14240K(15104K)->14240K(15104K) NonClass: 12297K(12864K)->12297K(12864K) Class: 1943K(2240K)->1943K(2240K)
[197.683s][info][gc             ] GC(679) Pause Young (Allocation Failure) 290M->17M(989M) 36.729ms
[197.683s][info][gc,cpu         ] GC(679) User=0.03s Sys=0.00s Real=0.03s
[197.962s][info][gc,start       ] GC(680) Pause Young (Allocation Failure)
[198.000s][info][gc,heap        ] GC(680) DefNew: 280272K(314560K)->659K(314560K) Eden: 279616K(279616K)->0K(279616K) From: 656K(34944K)->659K(34944K)
[198.000s][info][gc,heap        ] GC(680) Tenured: 17051K(699072K)->17092K(699072K)
[198.000s][info][gc,metaspace   ] GC(680) Metaspace: 14240K(15104K)->14240K(15104K) NonClass: 12297K(12864K)->12297K(12864K) Class: 1943K(2240K)->1943K(2240K)
[198.000s][info][gc             ] GC(680) Pause Young (Allocation Failure) 290M->17M(989M) 38.048ms
[198.000s][info][gc,cpu         ] GC(680) User=0.03s Sys=0.00s Real=0.03s
[198.278s][info][gc,start       ] GC(681) Pause Young (Allocation Failure)
[198.317s][info][gc,heap        ] GC(681) DefNew: 280275K(314560K)->662K(314560K) Eden: 279616K(279616K)->0K(279616K) From: 659K(34944K)->662K(34944K)
[198.317s][info][gc,heap        ] GC(681) Tenured: 17092K(699072K)->17135K(699072K)
[198.317s][info][gc,metaspace   ] GC(681) Metaspace: 14240K(15104K)->14240K(15104K) NonClass: 12297K(12864K)->12297K(12864K) Class: 1943K(2240K)->1943K(2240K)
[198.317s][info][gc             ] GC(681) Pause Young (Allocation Failure) 290M->17M(989M) 38.752ms
[198.317s][info][gc,cpu         ] GC(681) User=0.03s Sys=0.00s Real=0.02s
[198.593s][info][gc,start       ] GC(682) Pause Young (Allocation Failure)
[198.632s][info][gc,heap        ] GC(682) DefNew: 280278K(314560K)->662K(314560K) Eden: 279616K(279616K)->0K(279616K) From: 662K(34944K)->662K(34944K)
[198.632s][info][gc,heap        ] GC(682) Tenured: 17135K(699072K)->17176K(699072K)
[198.632s][info][gc,metaspace   ] GC(682) Metaspace: 14240K(15104K)->14240K(15104K) NonClass: 12297K(12864K)->12297K(12864K) Class: 1943K(2240K)->1943K(2240K)
[198.632s][info][gc             ] GC(682) Pause Young (Allocation Failure) 290M->17M(989M) 39.145ms
[198.632s][info][gc,cpu         ] GC(682) User=0.03s Sys=0.00s Real=0.03s
[198.913s][info][gc,start       ] GC(683) Pause Young (Allocation Failure)
[198.952s][info][gc,heap        ] GC(683) DefNew: 280278K(314560K)->665K(314560K) Eden: 279615K(279616K)->0K(279616K) From: 662K(34944K)->665K(34944K)
[198.953s][info][gc,heap        ] GC(683) Tenured: 17176K(699072K)->17218K(699072K)
[198.953s][info][gc,metaspace   ] GC(683) Metaspace: 14240K(15104K)->14240K(15104K) NonClass: 12297K(12864K)->12297K(12864K) Class: 1943K(2240K)->1943K(2240K)
[198.953s][info][gc             ] GC(683) Pause Young (Allocation Failure) 290M->17M(989M) 39.851ms
[198.953s][info][gc,cpu         ] GC(683) User=0.03s Sys=0.00s Real=0.04s
[199.233s][info][gc,start       ] GC(684) Pause Young (Allocation Failure)
[199.276s][info][gc,heap        ] GC(684) DefNew: 280281K(314560K)->668K(314560K) Eden: 279616K(279616K)->0K(279616K) From: 665K(34944K)->668K(34944K)
[199.276s][info][gc,heap        ] GC(684) Tenured: 17218K(699072K)->17259K(699072K)
[199.276s][info][gc,metaspace   ] GC(684) Metaspace: 14240K(15104K)->14240K(15104K) NonClass: 12297K(12864K)->12297K(12864K) Class: 1943K(2240K)->1943K(2240K)
[199.276s][info][gc             ] GC(684) Pause Young (Allocation Failure) 290M->17M(989M) 42.360ms
[199.276s][info][gc,cpu         ] GC(684) User=0.05s Sys=0.00s Real=0.04s
[199.554s][info][gc,start       ] GC(685) Pause Young (Allocation Failure)
[199.587s][info][gc,heap        ] GC(685) DefNew: 280284K(314560K)->671K(314560K) Eden: 279616K(279616K)->0K(279616K) From: 668K(34944K)->671K(34944K)
[199.587s][info][gc,heap        ] GC(685) Tenured: 17259K(699072K)->17301K(699072K)
[199.587s][info][gc,metaspace   ] GC(685) Metaspace: 14240K(15104K)->14240K(15104K) NonClass: 12297K(12864K)->12297K(12864K) Class: 1943K(2240K)->1943K(2240K)
[199.587s][info][gc             ] GC(685) Pause Young (Allocation Failure) 290M->17M(989M) 33.002ms
[199.587s][info][gc,cpu         ] GC(685) User=0.03s Sys=0.00s Real=0.03s
[199.865s][info][gc,start       ] GC(686) Pause Young (Allocation Failure)
[199.898s][info][gc,heap        ] GC(686) DefNew: 280287K(314560K)->670K(314560K) Eden: 279616K(279616K)->0K(279616K) From: 671K(34944K)->670K(34944K)
[199.898s][info][gc,heap        ] GC(686) Tenured: 17301K(699072K)->17345K(699072K)
[199.898s][info][gc,metaspace   ] GC(686) Metaspace: 14240K(15104K)->14240K(15104K) NonClass: 12297K(12864K)->12297K(12864K) Class: 1943K(2240K)->1943K(2240K)
[199.898s][info][gc             ] GC(686) Pause Young (Allocation Failure) 290M->17M(989M) 32.568ms
[199.898s][info][gc,cpu         ] GC(686) User=0.03s Sys=0.00s Real=0.03s
[200.172s][info][gc,start       ] GC(687) Pause Young (Allocation Failure)
[200.205s][info][gc,heap        ] GC(687) DefNew: 280286K(314560K)->665K(314560K) Eden: 279616K(279616K)->0K(279616K) From: 670K(34944K)->665K(34944K)
[200.205s][info][gc,heap        ] GC(687) Tenured: 17345K(699072K)->17392K(699072K)
[200.205s][info][gc,metaspace   ] GC(687) Metaspace: 14240K(15104K)->14240K(15104K) NonClass: 12297K(12864K)->12297K(12864K) Class: 1943K(2240K)->1943K(2240K)
[200.205s][info][gc             ] GC(687) Pause Young (Allocation Failure) 290M->17M(989M) 33.066ms
[200.205s][info][gc,cpu         ] GC(687) User=0.03s Sys=0.00s Real=0.02s
[200.596s][info][gc,start       ] GC(688) Pause Young (Allocation Failure)
[200.637s][info][gc,heap        ] GC(688) DefNew: 280281K(314560K)->664K(314560K) Eden: 279616K(279616K)->0K(279616K) From: 665K(34944K)->664K(34944K)
[200.637s][info][gc,heap        ] GC(688) Tenured: 17392K(699072K)->17436K(699072K)
[200.637s][info][gc,metaspace   ] GC(688) Metaspace: 14240K(15104K)->14240K(15104K) NonClass: 12297K(12864K)->12297K(12864K) Class: 1943K(2240K)->1943K(2240K)
[200.638s][info][gc             ] GC(688) Pause Young (Allocation Failure) 290M->17M(989M) 41.704ms
[200.638s][info][gc,cpu         ] GC(688) User=0.03s Sys=0.00s Real=0.03s
[200.925s][info][gc,start       ] GC(689) Pause Young (Allocation Failure)
[200.963s][info][gc,heap        ] GC(689) DefNew: 280280K(314560K)->672K(314560K) Eden: 279616K(279616K)->0K(279616K) From: 664K(34944K)->672K(34944K)
[200.963s][info][gc,heap        ] GC(689) Tenured: 17436K(699072K)->17478K(699072K)
[200.963s][info][gc,metaspace   ] GC(689) Metaspace: 14240K(15104K)->14240K(15104K) NonClass: 12297K(12864K)->12297K(12864K) Class: 1943K(2240K)->1943K(2240K)
[200.963s][info][gc             ] GC(689) Pause Young (Allocation Failure) 290M->17M(989M) 37.468ms
[200.963s][info][gc,cpu         ] GC(689) User=0.02s Sys=0.00s Real=0.02s
[201.258s][info][gc,start       ] GC(690) Pause Young (Allocation Failure)
[201.293s][info][gc,heap        ] GC(690) DefNew: 280288K(314560K)->676K(314560K) Eden: 279616K(279616K)->0K(279616K) From: 672K(34944K)->676K(34944K)
[201.293s][info][gc,heap        ] GC(690) Tenured: 17478K(699072K)->17519K(699072K)
[201.293s][info][gc,metaspace   ] GC(690) Metaspace: 14240K(15104K)->14240K(15104K) NonClass: 12297K(12864K)->12297K(12864K) Class: 1943K(2240K)->1943K(2240K)
[201.293s][info][gc             ] GC(690) Pause Young (Allocation Failure) 290M->17M(989M) 35.252ms
[201.293s][info][gc,cpu         ] GC(690) User=0.03s Sys=0.00s Real=0.02s
[201.569s][info][gc,start       ] GC(691) Pause Young (Allocation Failure)
[201.606s][info][gc,heap        ] GC(691) DefNew: 280292K(314560K)->677K(314560K) Eden: 279616K(279616K)->0K(279616K) From: 676K(34944K)->677K(34944K)
[201.606s][info][gc,heap        ] GC(691) Tenured: 17519K(699072K)->17561K(699072K)
[201.606s][info][gc,metaspace   ] GC(691) Metaspace: 14240K(15104K)->14240K(15104K) NonClass: 12297K(12864K)->12297K(12864K) Class: 1943K(2240K)->1943K(2240K)
[201.606s][info][gc             ] GC(691) Pause Young (Allocation Failure) 290M->17M(989M) 37.134ms
[201.606s][info][gc,cpu         ] GC(691) User=0.03s Sys=0.00s Real=0.04s
[201.885s][info][gc,start       ] GC(692) Pause Young (Allocation Failure)
[201.943s][info][gc,heap        ] GC(692) DefNew: 280293K(314560K)->674K(314560K) Eden: 279616K(279616K)->0K(279616K) From: 677K(34944K)->674K(34944K)
[201.943s][info][gc,heap        ] GC(692) Tenured: 17561K(699072K)->17608K(699072K)
[201.943s][info][gc,metaspace   ] GC(692) Metaspace: 14240K(15104K)->14240K(15104K) NonClass: 12297K(12864K)->12297K(12864K) Class: 1943K(2240K)->1943K(2240K)
[201.943s][info][gc             ] GC(692) Pause Young (Allocation Failure) 290M->17M(989M) 58.124ms
[201.943s][info][gc,cpu         ] GC(692) User=0.05s Sys=0.00s Real=0.05s
[202.222s][info][gc,start       ] GC(693) Pause Young (Allocation Failure)
[202.260s][info][gc,heap        ] GC(693) DefNew: 280290K(314560K)->672K(314560K) Eden: 279616K(279616K)->0K(279616K) From: 674K(34944K)->672K(34944K)
[202.260s][info][gc,heap        ] GC(693) Tenured: 17608K(699072K)->17653K(699072K)
[202.260s][info][gc,metaspace   ] GC(693) Metaspace: 14240K(15104K)->14240K(15104K) NonClass: 12297K(12864K)->12297K(12864K) Class: 1943K(2240K)->1943K(2240K)
[202.260s][info][gc             ] GC(693) Pause Young (Allocation Failure) 290M->17M(989M) 38.430ms
[202.260s][info][gc,cpu         ] GC(693) User=0.03s Sys=0.00s Real=0.04s
[202.540s][info][gc,start       ] GC(694) Pause Young (Allocation Failure)
[202.580s][info][gc,heap        ] GC(694) DefNew: 280288K(314560K)->671K(314560K) Eden: 279616K(279616K)->0K(279616K) From: 672K(34944K)->671K(34944K)
[202.580s][info][gc,heap        ] GC(694) Tenured: 17653K(699072K)->17700K(699072K)
[202.580s][info][gc,metaspace   ] GC(694) Metaspace: 14240K(15104K)->14240K(15104K) NonClass: 12297K(12864K)->12297K(12864K) Class: 1943K(2240K)->1943K(2240K)
[202.580s][info][gc             ] GC(694) Pause Young (Allocation Failure) 290M->17M(989M) 40.312ms
[202.580s][info][gc,cpu         ] GC(694) User=0.03s Sys=0.00s Real=0.02s
[202.860s][info][gc,start       ] GC(695) Pause Young (Allocation Failure)
[202.890s][info][gc,heap        ] GC(695) DefNew: 280287K(314560K)->671K(314560K) Eden: 279616K(279616K)->0K(279616K) From: 671K(34944K)->671K(34944K)
[202.891s][info][gc,heap        ] GC(695) Tenured: 17700K(699072K)->17744K(699072K)
[202.891s][info][gc,metaspace   ] GC(695) Metaspace: 14240K(15104K)->14240K(15104K) NonClass: 12297K(12864K)->12297K(12864K) Class: 1943K(2240K)->1943K(2240K)
[202.891s][info][gc             ] GC(695) Pause Young (Allocation Failure) 291M->17M(989M) 30.136ms
[202.891s][info][gc,cpu         ] GC(695) User=0.02s Sys=0.00s Real=0.02s
[203.167s][info][gc,start       ] GC(696) Pause Young (Allocation Failure)
[203.198s][info][gc,heap        ] GC(696) DefNew: 280287K(314560K)->667K(314560K) Eden: 279616K(279616K)->0K(279616K) From: 671K(34944K)->667K(34944K)
[203.198s][info][gc,heap        ] GC(696) Tenured: 17744K(699072K)->17789K(699072K)
[203.198s][info][gc,metaspace   ] GC(696) Metaspace: 14240K(15104K)->14240K(15104K) NonClass: 12297K(12864K)->12297K(12864K) Class: 1943K(2240K)->1943K(2240K)
[203.198s][info][gc             ] GC(696) Pause Young (Allocation Failure) 291M->18M(989M) 31.597ms
[203.198s][info][gc,cpu         ] GC(696) User=0.03s Sys=0.00s Real=0.03s
[203.476s][info][gc,start       ] GC(697) Pause Young (Allocation Failure)
[203.519s][info][gc,heap        ] GC(697) DefNew: 280283K(314560K)->671K(314560K) Eden: 279616K(279616K)->0K(279616K) From: 667K(34944K)->671K(34944K)
[203.519s][info][gc,heap        ] GC(697) Tenured: 17789K(699072K)->17830K(699072K)
[203.519s][info][gc,metaspace   ] GC(697) Metaspace: 14240K(15104K)->14240K(15104K) NonClass: 12297K(12864K)->12297K(12864K) Class: 1943K(2240K)->1943K(2240K)
[203.519s][info][gc             ] GC(697) Pause Young (Allocation Failure) 291M->18M(989M) 42.356ms
[203.519s][info][gc,cpu         ] GC(697) User=0.03s Sys=0.00s Real=0.03s
[203.799s][info][gc,start       ] GC(698) Pause Young (Allocation Failure)
[203.843s][info][gc,heap        ] GC(698) DefNew: 280287K(314560K)->670K(314560K) Eden: 279616K(279616K)->0K(279616K) From: 671K(34944K)->670K(34944K)
[203.843s][info][gc,heap        ] GC(698) Tenured: 17830K(699072K)->17875K(699072K)
[203.843s][info][gc,metaspace   ] GC(698) Metaspace: 14240K(15104K)->14240K(15104K) NonClass: 12297K(12864K)->12297K(12864K) Class: 1943K(2240K)->1943K(2240K)
[203.843s][info][gc             ] GC(698) Pause Young (Allocation Failure) 291M->18M(989M) 43.384ms
[203.843s][info][gc,cpu         ] GC(698) User=0.03s Sys=0.00s Real=0.04s
[204.121s][info][gc,start       ] GC(699) Pause Young (Allocation Failure)
[204.153s][info][gc,heap        ] GC(699) DefNew: 280286K(314560K)->667K(314560K) Eden: 279616K(279616K)->0K(279616K) From: 670K(34944K)->667K(34944K)
[204.153s][info][gc,heap        ] GC(699) Tenured: 17875K(699072K)->17919K(699072K)
[204.153s][info][gc,metaspace   ] GC(699) Metaspace: 14240K(15104K)->14240K(15104K) NonClass: 12297K(12864K)->12297K(12864K) Class: 1943K(2240K)->1943K(2240K)
[204.153s][info][gc             ] GC(699) Pause Young (Allocation Failure) 291M->18M(989M) 32.251ms
[204.153s][info][gc,cpu         ] GC(699) User=0.03s Sys=0.00s Real=0.03s
[204.509s][info][gc,start       ] GC(700) Pause Young (Allocation Failure)
[204.548s][info][gc,heap        ] GC(700) DefNew: 280283K(314560K)->664K(314560K) Eden: 279616K(279616K)->0K(279616K) From: 667K(34944K)->664K(34944K)
[204.548s][info][gc,heap        ] GC(700) Tenured: 17919K(699072K)->17963K(699072K)
[204.548s][info][gc,metaspace   ] GC(700) Metaspace: 14240K(15104K)->14240K(15104K) NonClass: 12297K(12864K)->12297K(12864K) Class: 1943K(2240K)->1943K(2240K)
[204.548s][info][gc             ] GC(700) Pause Young (Allocation Failure) 291M->18M(989M) 38.721ms
[204.548s][info][gc,cpu         ] GC(700) User=0.05s Sys=0.00s Real=0.04s
[204.829s][info][gc,start       ] GC(701) Pause Young (Allocation Failure)
[204.867s][info][gc,heap        ] GC(701) DefNew: 280280K(314560K)->662K(314560K) Eden: 279616K(279616K)->0K(279616K) From: 664K(34944K)->662K(34944K)
[204.867s][info][gc,heap        ] GC(701) Tenured: 17963K(699072K)->18008K(699072K)
[204.867s][info][gc,metaspace   ] GC(701) Metaspace: 14240K(15104K)->14240K(15104K) NonClass: 12297K(12864K)->12297K(12864K) Class: 1943K(2240K)->1943K(2240K)
[204.867s][info][gc             ] GC(701) Pause Young (Allocation Failure) 291M->18M(989M) 38.016ms
[204.867s][info][gc,cpu         ] GC(701) User=0.02s Sys=0.00s Real=0.03s
[205.159s][info][gc,start       ] GC(702) Pause Young (Allocation Failure)
[205.194s][info][gc,heap        ] GC(702) DefNew: 280278K(314560K)->665K(314560K) Eden: 279616K(279616K)->0K(279616K) From: 662K(34944K)->665K(34944K)
[205.194s][info][gc,heap        ] GC(702) Tenured: 18008K(699072K)->18049K(699072K)
[205.194s][info][gc,metaspace   ] GC(702) Metaspace: 14240K(15104K)->14240K(15104K) NonClass: 12297K(12864K)->12297K(12864K) Class: 1943K(2240K)->1943K(2240K)
[205.194s][info][gc             ] GC(702) Pause Young (Allocation Failure) 291M->18M(989M) 35.464ms
[205.194s][info][gc,cpu         ] GC(702) User=0.02s Sys=0.00s Real=0.03s
[205.472s][info][gc,start       ] GC(703) Pause Young (Allocation Failure)
[205.509s][info][gc,heap        ] GC(703) DefNew: 280281K(314560K)->663K(314560K) Eden: 279616K(279616K)->0K(279616K) From: 665K(34944K)->663K(34944K)
[205.509s][info][gc,heap        ] GC(703) Tenured: 18049K(699072K)->18093K(699072K)
[205.509s][info][gc,metaspace   ] GC(703) Metaspace: 14240K(15104K)->14240K(15104K) NonClass: 12297K(12864K)->12297K(12864K) Class: 1943K(2240K)->1943K(2240K)
[205.509s][info][gc             ] GC(703) Pause Young (Allocation Failure) 291M->18M(989M) 36.923ms
[205.509s][info][gc,cpu         ] GC(703) User=0.03s Sys=0.00s Real=0.03s
[205.787s][info][gc,start       ] GC(704) Pause Young (Allocation Failure)
[205.826s][info][gc,heap        ] GC(704) DefNew: 280279K(314560K)->655K(314560K) Eden: 279616K(279616K)->0K(279616K) From: 663K(34944K)->655K(34944K)
[205.826s][info][gc,heap        ] GC(704) Tenured: 18093K(699072K)->18142K(699072K)
[205.826s][info][gc,metaspace   ] GC(704) Metaspace: 14240K(15104K)->14240K(15104K) NonClass: 12297K(12864K)->12297K(12864K) Class: 1943K(2240K)->1943K(2240K)
[205.826s][info][gc             ] GC(704) Pause Young (Allocation Failure) 291M->18M(989M) 38.476ms
[205.826s][info][gc,cpu         ] GC(704) User=0.03s Sys=0.00s Real=0.04s
[206.107s][info][gc,start       ] GC(705) Pause Young (Allocation Failure)
[206.137s][info][gc,heap        ] GC(705) DefNew: 280271K(314560K)->654K(314560K) Eden: 279616K(279616K)->0K(279616K) From: 655K(34944K)->654K(34944K)
[206.137s][info][gc,heap        ] GC(705) Tenured: 18142K(699072K)->18187K(699072K)
[206.137s][info][gc,metaspace   ] GC(705) Metaspace: 14240K(15104K)->14240K(15104K) NonClass: 12297K(12864K)->12297K(12864K) Class: 1943K(2240K)->1943K(2240K)
[206.137s][info][gc             ] GC(705) Pause Young (Allocation Failure) 291M->18M(989M) 30.203ms
[206.137s][info][gc,cpu         ] GC(705) User=0.03s Sys=0.00s Real=0.02s
[206.417s][info][gc,start       ] GC(706) Pause Young (Allocation Failure)
[206.448s][info][gc,heap        ] GC(706) DefNew: 280270K(314560K)->657K(314560K) Eden: 279616K(279616K)->0K(279616K) From: 654K(34944K)->657K(34944K)
[206.448s][info][gc,heap        ] GC(706) Tenured: 18187K(699072K)->18229K(699072K)
[206.448s][info][gc,metaspace   ] GC(706) Metaspace: 14240K(15104K)->14240K(15104K) NonClass: 12297K(12864K)->12297K(12864K) Class: 1943K(2240K)->1943K(2240K)
[206.448s][info][gc             ] GC(706) Pause Young (Allocation Failure) 291M->18M(989M) 30.816ms
[206.448s][info][gc,cpu         ] GC(706) User=0.02s Sys=0.00s Real=0.02s
[206.729s][info][gc,start       ] GC(707) Pause Young (Allocation Failure)
[206.769s][info][gc,heap        ] GC(707) DefNew: 280273K(314560K)->656K(314560K) Eden: 279616K(279616K)->0K(279616K) From: 657K(34944K)->656K(34944K)
[206.769s][info][gc,heap        ] GC(707) Tenured: 18229K(699072K)->18273K(699072K)
[206.769s][info][gc,metaspace   ] GC(707) Metaspace: 14240K(15104K)->14240K(15104K) NonClass: 12297K(12864K)->12297K(12864K) Class: 1943K(2240K)->1943K(2240K)
[206.769s][info][gc             ] GC(707) Pause Young (Allocation Failure) 291M->18M(989M) 40.390ms
[206.769s][info][gc,cpu         ] GC(707) User=0.03s Sys=0.00s Real=0.03s
[207.049s][info][gc,start       ] GC(708) Pause Young (Allocation Failure)
[207.092s][info][gc,heap        ] GC(708) DefNew: 280272K(314560K)->655K(314560K) Eden: 279616K(279616K)->0K(279616K) From: 656K(34944K)->655K(34944K)
[207.093s][info][gc,heap        ] GC(708) Tenured: 18273K(699072K)->18317K(699072K)
[207.093s][info][gc,metaspace   ] GC(708) Metaspace: 14240K(15104K)->14240K(15104K) NonClass: 12297K(12864K)->12297K(12864K) Class: 1943K(2240K)->1943K(2240K)
[207.093s][info][gc             ] GC(708) Pause Young (Allocation Failure) 291M->18M(989M) 43.391ms
[207.093s][info][gc,cpu         ] GC(708) User=0.03s Sys=0.00s Real=0.04s
[207.360s][info][gc,start       ] GC(709) Pause Young (Allocation Failure)
[207.410s][info][gc,heap        ] GC(709) DefNew: 280271K(314560K)->652K(314560K) Eden: 279616K(279616K)->0K(279616K) From: 655K(34944K)->652K(34944K)
[207.410s][info][gc,heap        ] GC(709) Tenured: 18317K(699072K)->18362K(699072K)
[207.410s][info][gc,metaspace   ] GC(709) Metaspace: 14240K(15104K)->14240K(15104K) NonClass: 12297K(12864K)->12297K(12864K) Class: 1943K(2240K)->1943K(2240K)
[207.410s][info][gc             ] GC(709) Pause Young (Allocation Failure) 291M->18M(989M) 49.915ms
[207.410s][info][gc,cpu         ] GC(709) User=0.03s Sys=0.00s Real=0.04s
[207.662s][info][gc,start       ] GC(710) Pause Young (Allocation Failure)
[207.713s][info][gc,heap        ] GC(710) DefNew: 280268K(314560K)->647K(314560K) Eden: 279616K(279616K)->0K(279616K) From: 652K(34944K)->647K(34944K)
[207.713s][info][gc,heap        ] GC(710) Tenured: 18362K(699072K)->18407K(699072K)
[207.713s][info][gc,metaspace   ] GC(710) Metaspace: 14240K(15104K)->14240K(15104K) NonClass: 12297K(12864K)->12297K(12864K) Class: 1943K(2240K)->1943K(2240K)
[207.713s][info][gc             ] GC(710) Pause Young (Allocation Failure) 291M->18M(989M) 51.603ms
[207.713s][info][gc,cpu         ] GC(710) User=0.03s Sys=0.00s Real=0.04s
[207.906s][info][gc,start       ] GC(711) Pause Young (Allocation Failure)
[207.951s][info][gc,heap        ] GC(711) DefNew: 280263K(314560K)->635K(314560K) Eden: 279616K(279616K)->0K(279616K) From: 647K(34944K)->635K(34944K)
[207.951s][info][gc,heap        ] GC(711) Tenured: 18407K(699072K)->18448K(699072K)
[207.952s][info][gc,metaspace   ] GC(711) Metaspace: 14240K(15104K)->14240K(15104K) NonClass: 12297K(12864K)->12297K(12864K) Class: 1943K(2240K)->1943K(2240K)
[207.952s][info][gc             ] GC(711) Pause Young (Allocation Failure) 291M->18M(989M) 45.081ms
[207.952s][info][gc,cpu         ] GC(711) User=0.05s Sys=0.00s Real=0.03s
[208.292s][info][gc,start       ] GC(712) Pause Young (Allocation Failure)
[208.332s][info][gc,heap        ] GC(712) DefNew: 280251K(314560K)->630K(314560K) Eden: 279616K(279616K)->0K(279616K) From: 635K(34944K)->630K(34944K)
[208.332s][info][gc,heap        ] GC(712) Tenured: 18448K(699072K)->18493K(699072K)
[208.332s][info][gc,metaspace   ] GC(712) Metaspace: 14240K(15104K)->14240K(15104K) NonClass: 12297K(12864K)->12297K(12864K) Class: 1943K(2240K)->1943K(2240K)
[208.332s][info][gc             ] GC(712) Pause Young (Allocation Failure) 291M->18M(989M) 40.547ms
[208.332s][info][gc,cpu         ] GC(712) User=0.03s Sys=0.00s Real=0.03s
[208.576s][info][gc,start       ] GC(713) Pause Full (System.gc())
[208.577s][info][gc,phases,start] GC(713) Phase 1: Mark live objects
[208.609s][info][gc,phases      ] GC(713) Phase 1: Mark live objects 32.010ms
[208.609s][info][gc,phases,start] GC(713) Phase 2: Compute new object addresses
[208.645s][info][gc,phases      ] GC(713) Phase 2: Compute new object addresses 36.580ms
[208.645s][info][gc,phases,start] GC(713) Phase 3: Adjust pointers
[208.664s][info][gc,phases      ] GC(713) Phase 3: Adjust pointers 18.883ms
[208.664s][info][gc,phases,start] GC(713) Phase 4: Move objects
[208.664s][info][gc,phases      ] GC(713) Phase 4: Move objects 0.013ms
[208.664s][info][gc,heap        ] GC(713) DefNew: 155239K(314560K)->0K(314560K) Eden: 154609K(279616K)->0K(279616K) From: 630K(34944K)->0K(34944K)
[208.664s][info][gc,heap        ] GC(713) Tenured: 18493K(699072K)->5351K(699072K)
[208.664s][info][gc,metaspace   ] GC(713) Metaspace: 14242K(15104K)->14242K(15104K) NonClass: 12299K(12864K)->12299K(12864K) Class: 1943K(2240K)->1943K(2240K)
[208.664s][info][gc             ] GC(713) Pause Full (System.gc()) 169M->5M(989M) 87.848ms
[208.664s][info][gc,cpu         ] GC(713) User=0.08s Sys=0.00s Real=0.08s
[208.900s][info][gc,start       ] GC(714) Pause Young (Allocation Failure)
[208.936s][info][gc,heap        ] GC(714) DefNew: 279616K(314560K)->1498K(314560K) Eden: 279616K(279616K)->0K(279616K) From: 0K(34944K)->1498K(34944K)
[208.936s][info][gc,heap        ] GC(714) Tenured: 5351K(699072K)->5351K(699072K)
[208.936s][info][gc,metaspace   ] GC(714) Metaspace: 14245K(15104K)->14245K(15104K) NonClass: 12302K(12864K)->12302K(12864K) Class: 1943K(2240K)->1943K(2240K)
[208.936s][info][gc             ] GC(714) Pause Young (Allocation Failure) 278M->6M(989M) 36.179ms
[208.936s][info][gc,cpu         ] GC(714) User=0.03s Sys=0.00s Real=0.04s
[209.199s][info][gc,start       ] GC(715) Pause Young (Allocation Failure)
[209.238s][info][gc,heap        ] GC(715) DefNew: 281114K(314560K)->1541K(314560K) Eden: 279616K(279616K)->0K(279616K) From: 1498K(34944K)->1541K(34944K)
[209.238s][info][gc,heap        ] GC(715) Tenured: 5351K(699072K)->5351K(699072K)
[209.238s][info][gc,metaspace   ] GC(715) Metaspace: 14245K(15104K)->14245K(15104K) NonClass: 12302K(12864K)->12302K(12864K) Class: 1943K(2240K)->1943K(2240K)
[209.238s][info][gc             ] GC(715) Pause Young (Allocation Failure) 279M->6M(989M) 38.484ms
[209.238s][info][gc,cpu         ] GC(715) User=0.05s Sys=0.00s Real=0.04s
[209.501s][info][gc,start       ] GC(716) Pause Young (Allocation Failure)
[209.540s][info][gc,heap        ] GC(716) DefNew: 281157K(314560K)->1579K(314560K) Eden: 279616K(279616K)->0K(279616K) From: 1541K(34944K)->1579K(34944K)
[209.540s][info][gc,heap        ] GC(716) Tenured: 5351K(699072K)->5351K(699072K)
[209.540s][info][gc,metaspace   ] GC(716) Metaspace: 14245K(15104K)->14245K(15104K) NonClass: 12302K(12864K)->12302K(12864K) Class: 1943K(2240K)->1943K(2240K)
[209.540s][info][gc             ] GC(716) Pause Young (Allocation Failure) 279M->6M(989M) 38.658ms
[209.540s][info][gc,cpu         ] GC(716) User=0.03s Sys=0.00s Real=0.04s
[209.810s][info][gc,start       ] GC(717) Pause Young (Allocation Failure)
[209.849s][info][gc,heap        ] GC(717) DefNew: 281195K(314560K)->1619K(314560K) Eden: 279616K(279616K)->0K(279616K) From: 1579K(34944K)->1619K(34944K)
[209.849s][info][gc,heap        ] GC(717) Tenured: 5351K(699072K)->5351K(699072K)
[209.849s][info][gc,metaspace   ] GC(717) Metaspace: 14245K(15104K)->14245K(15104K) NonClass: 12302K(12864K)->12302K(12864K) Class: 1943K(2240K)->1943K(2240K)
[209.849s][info][gc             ] GC(717) Pause Young (Allocation Failure) 279M->6M(989M) 39.771ms
[209.849s][info][gc,cpu         ] GC(717) User=0.05s Sys=0.00s Real=0.04s
[210.111s][info][gc,start       ] GC(718) Pause Young (Allocation Failure)
[210.141s][info][gc,heap        ] GC(718) DefNew: 281235K(314560K)->1661K(314560K) Eden: 279616K(279616K)->0K(279616K) From: 1619K(34944K)->1661K(34944K)
[210.141s][info][gc,heap        ] GC(718) Tenured: 5351K(699072K)->5351K(699072K)
[210.141s][info][gc,metaspace   ] GC(718) Metaspace: 14245K(15104K)->14245K(15104K) NonClass: 12302K(12864K)->12302K(12864K) Class: 1943K(2240K)->1943K(2240K)
[210.141s][info][gc             ] GC(718) Pause Young (Allocation Failure) 279M->6M(989M) 30.043ms
[210.141s][info][gc,cpu         ] GC(718) User=0.02s Sys=0.00s Real=0.03s
[210.397s][info][gc,start       ] GC(719) Pause Young (Allocation Failure)
[210.428s][info][gc,heap        ] GC(719) DefNew: 281277K(314560K)->1702K(314560K) Eden: 279616K(279616K)->0K(279616K) From: 1661K(34944K)->1702K(34944K)
[210.428s][info][gc,heap        ] GC(719) Tenured: 5351K(699072K)->5351K(699072K)
[210.428s][info][gc,metaspace   ] GC(719) Metaspace: 14245K(15104K)->14245K(15104K) NonClass: 12302K(12864K)->12302K(12864K) Class: 1943K(2240K)->1943K(2240K)
[210.428s][info][gc             ] GC(719) Pause Young (Allocation Failure) 279M->6M(989M) 30.603ms
[210.428s][info][gc,cpu         ] GC(719) User=0.02s Sys=0.00s Real=0.02s
[210.700s][info][gc,start       ] GC(720) Pause Young (Allocation Failure)
[210.742s][info][gc,heap        ] GC(720) DefNew: 281318K(314560K)->1744K(314560K) Eden: 279616K(279616K)->0K(279616K) From: 1702K(34944K)->1744K(34944K)
[210.742s][info][gc,heap        ] GC(720) Tenured: 5351K(699072K)->5351K(699072K)
[210.742s][info][gc,metaspace   ] GC(720) Metaspace: 14245K(15104K)->14245K(15104K) NonClass: 12302K(12864K)->12302K(12864K) Class: 1943K(2240K)->1943K(2240K)
[210.742s][info][gc             ] GC(720) Pause Young (Allocation Failure) 279M->6M(989M) 41.762ms
[210.742s][info][gc,cpu         ] GC(720) User=0.03s Sys=0.00s Real=0.03s
[211.010s][info][gc,start       ] GC(721) Pause Young (Allocation Failure)
[211.053s][info][gc,heap        ] GC(721) DefNew: 281360K(314560K)->1790K(314560K) Eden: 279616K(279616K)->0K(279616K) From: 1744K(34944K)->1790K(34944K)
[211.053s][info][gc,heap        ] GC(721) Tenured: 5351K(699072K)->5351K(699072K)
[211.053s][info][gc,metaspace   ] GC(721) Metaspace: 14245K(15104K)->14245K(15104K) NonClass: 12302K(12864K)->12302K(12864K) Class: 1943K(2240K)->1943K(2240K)
[211.053s][info][gc             ] GC(721) Pause Young (Allocation Failure) 279M->6M(989M) 42.920ms
[211.053s][info][gc,cpu         ] GC(721) User=0.03s Sys=0.00s Real=0.03s
[211.312s][info][gc,start       ] GC(722) Pause Young (Allocation Failure)
[211.353s][info][gc,heap        ] GC(722) DefNew: 281406K(314560K)->1831K(314560K) Eden: 279616K(279616K)->0K(279616K) From: 1790K(34944K)->1831K(34944K)
[211.354s][info][gc,heap        ] GC(722) Tenured: 5351K(699072K)->5351K(699072K)
[211.354s][info][gc,metaspace   ] GC(722) Metaspace: 14245K(15104K)->14245K(15104K) NonClass: 12302K(12864K)->12302K(12864K) Class: 1943K(2240K)->1943K(2240K)
[211.354s][info][gc             ] GC(722) Pause Young (Allocation Failure) 280M->7M(989M) 42.008ms
[211.354s][info][gc,cpu         ] GC(722) User=0.05s Sys=0.00s Real=0.04s
[211.619s][info][gc,start       ] GC(723) Pause Young (Allocation Failure)
[211.661s][info][gc,heap        ] GC(723) DefNew: 281447K(314560K)->1873K(314560K) Eden: 279616K(279616K)->0K(279616K) From: 1831K(34944K)->1873K(34944K)
[211.661s][info][gc,heap        ] GC(723) Tenured: 5351K(699072K)->5351K(699072K)
[211.661s][info][gc,metaspace   ] GC(723) Metaspace: 14245K(15104K)->14245K(15104K) NonClass: 12302K(12864K)->12302K(12864K) Class: 1943K(2240K)->1943K(2240K)
[211.661s][info][gc             ] GC(723) Pause Young (Allocation Failure) 280M->7M(989M) 42.713ms
[211.661s][info][gc,cpu         ] GC(723) User=0.03s Sys=0.00s Real=0.03s
[211.942s][info][gc,start       ] GC(724) Pause Young (Allocation Failure)
[211.977s][info][gc,heap        ] GC(724) DefNew: 281489K(314560K)->1911K(314560K) Eden: 279616K(279616K)->0K(279616K) From: 1873K(34944K)->1911K(34944K)
[211.977s][info][gc,heap        ] GC(724) Tenured: 5351K(699072K)->5351K(699072K)
[211.977s][info][gc,metaspace   ] GC(724) Metaspace: 14245K(15104K)->14245K(15104K) NonClass: 12302K(12864K)->12302K(12864K) Class: 1943K(2240K)->1943K(2240K)
[211.977s][info][gc             ] GC(724) Pause Young (Allocation Failure) 280M->7M(989M) 34.895ms
[211.977s][info][gc,cpu         ] GC(724) User=0.03s Sys=0.00s Real=0.03s
[212.265s][info][gc,start       ] GC(725) Pause Young (Allocation Failure)
[212.295s][info][gc,heap        ] GC(725) DefNew: 281527K(314560K)->1956K(314560K) Eden: 279616K(279616K)->0K(279616K) From: 1911K(34944K)->1956K(34944K)
[212.296s][info][gc,heap        ] GC(725) Tenured: 5351K(699072K)->5351K(699072K)
[212.296s][info][gc,metaspace   ] GC(725) Metaspace: 14245K(15104K)->14245K(15104K) NonClass: 12302K(12864K)->12302K(12864K) Class: 1943K(2240K)->1943K(2240K)
[212.296s][info][gc             ] GC(725) Pause Young (Allocation Failure) 280M->7M(989M) 30.868ms
[212.296s][info][gc,cpu         ] GC(725) User=0.02s Sys=0.00s Real=0.02s
[212.560s][info][gc,start       ] GC(726) Pause Young (Allocation Failure)
[212.597s][info][gc,heap        ] GC(726) DefNew: 281572K(314560K)->1998K(314560K) Eden: 279616K(279616K)->0K(279616K) From: 1956K(34944K)->1998K(34944K)
[212.597s][info][gc,heap        ] GC(726) Tenured: 5351K(699072K)->5351K(699072K)
[212.597s][info][gc,metaspace   ] GC(726) Metaspace: 14245K(15104K)->14245K(15104K) NonClass: 12302K(12864K)->12302K(12864K) Class: 1943K(2240K)->1943K(2240K)
[212.597s][info][gc             ] GC(726) Pause Young (Allocation Failure) 280M->7M(989M) 37.308ms
[212.597s][info][gc,cpu         ] GC(726) User=0.03s Sys=0.00s Real=0.03s
[212.875s][info][gc,start       ] GC(727) Pause Young (Allocation Failure)
[212.911s][info][gc,heap        ] GC(727) DefNew: 281614K(314560K)->2042K(314560K) Eden: 279616K(279616K)->0K(279616K) From: 1998K(34944K)->2042K(34944K)
[212.911s][info][gc,heap        ] GC(727) Tenured: 5351K(699072K)->5351K(699072K)
[212.911s][info][gc,metaspace   ] GC(727) Metaspace: 14245K(15104K)->14245K(15104K) NonClass: 12302K(12864K)->12302K(12864K) Class: 1943K(2240K)->1943K(2240K)
[212.911s][info][gc             ] GC(727) Pause Young (Allocation Failure) 280M->7M(989M) 36.657ms
[212.911s][info][gc,cpu         ] GC(727) User=0.05s Sys=0.00s Real=0.04s
[213.166s][info][gc,start       ] GC(728) Pause Young (Allocation Failure)
[213.195s][info][gc,heap        ] GC(728) DefNew: 281658K(314560K)->2085K(314560K) Eden: 279616K(279616K)->0K(279616K) From: 2042K(34944K)->2085K(34944K)
[213.195s][info][gc,heap        ] GC(728) Tenured: 5351K(699072K)->5351K(699072K)
[213.195s][info][gc,metaspace   ] GC(728) Metaspace: 14245K(15104K)->14245K(15104K) NonClass: 12302K(12864K)->12302K(12864K) Class: 1943K(2240K)->1943K(2240K)
[213.195s][info][gc             ] GC(728) Pause Young (Allocation Failure) 280M->7M(989M) 29.283ms
[213.195s][info][gc,cpu         ] GC(728) User=0.02s Sys=0.00s Real=0.02s
[213.452s][info][gc,start       ] GC(729) Pause Young (Allocation Failure)
[213.492s][info][gc,heap        ] GC(729) DefNew: 281701K(314560K)->636K(314560K) Eden: 279616K(279616K)->0K(279616K) From: 2085K(34944K)->636K(34944K)
[213.492s][info][gc,heap        ] GC(729) Tenured: 5351K(699072K)->6841K(699072K)
[213.492s][info][gc,metaspace   ] GC(729) Metaspace: 14245K(15104K)->14245K(15104K) NonClass: 12302K(12864K)->12302K(12864K) Class: 1943K(2240K)->1943K(2240K)
[213.492s][info][gc             ] GC(729) Pause Young (Allocation Failure) 280M->7M(989M) 39.268ms
[213.492s][info][gc,cpu         ] GC(729) User=0.05s Sys=0.00s Real=0.04s
[213.764s][info][gc,start       ] GC(730) Pause Young (Allocation Failure)
[213.803s][info][gc,heap        ] GC(730) DefNew: 280252K(314560K)->637K(314560K) Eden: 279616K(279616K)->0K(279616K) From: 636K(34944K)->637K(34944K)
[213.803s][info][gc,heap        ] GC(730) Tenured: 6841K(699072K)->6883K(699072K)
[213.803s][info][gc,metaspace   ] GC(730) Metaspace: 14245K(15104K)->14245K(15104K) NonClass: 12302K(12864K)->12302K(12864K) Class: 1943K(2240K)->1943K(2240K)
[213.803s][info][gc             ] GC(730) Pause Young (Allocation Failure) 280M->7M(989M) 39.393ms
[213.803s][info][gc,cpu         ] GC(730) User=0.03s Sys=0.00s Real=0.03s
[214.073s][info][gc,start       ] GC(731) Pause Young (Allocation Failure)
[214.112s][info][gc,heap        ] GC(731) DefNew: 280253K(314560K)->636K(314560K) Eden: 279616K(279616K)->0K(279616K) From: 637K(34944K)->636K(34944K)
[214.112s][info][gc,heap        ] GC(731) Tenured: 6883K(699072K)->6921K(699072K)
[214.112s][info][gc,metaspace   ] GC(731) Metaspace: 14245K(15104K)->14245K(15104K) NonClass: 12302K(12864K)->12302K(12864K) Class: 1943K(2240K)->1943K(2240K)
[214.112s][info][gc             ] GC(731) Pause Young (Allocation Failure) 280M->7M(989M) 38.749ms
[214.112s][info][gc,cpu         ] GC(731) User=0.03s Sys=0.00s Real=0.04s
[214.383s][info][gc,start       ] GC(732) Pause Young (Allocation Failure)
[214.424s][info][gc,heap        ] GC(732) DefNew: 280252K(314560K)->637K(314560K) Eden: 279616K(279616K)->0K(279616K) From: 636K(34944K)->637K(34944K)
[214.424s][info][gc,heap        ] GC(732) Tenured: 6921K(699072K)->6963K(699072K)
[214.424s][info][gc,metaspace   ] GC(732) Metaspace: 14245K(15104K)->14245K(15104K) NonClass: 12302K(12864K)->12302K(12864K) Class: 1943K(2240K)->1943K(2240K)
[214.424s][info][gc             ] GC(732) Pause Young (Allocation Failure) 280M->7M(989M) 41.415ms
[214.424s][info][gc,cpu         ] GC(732) User=0.05s Sys=0.00s Real=0.04s
[214.697s][info][gc,start       ] GC(733) Pause Young (Allocation Failure)
[214.737s][info][gc,heap        ] GC(733) DefNew: 280253K(314560K)->638K(314560K) Eden: 279616K(279616K)->0K(279616K) From: 637K(34944K)->638K(34944K)
[214.738s][info][gc,heap        ] GC(733) Tenured: 6963K(699072K)->7004K(699072K)
[214.738s][info][gc,metaspace   ] GC(733) Metaspace: 14245K(15104K)->14245K(15104K) NonClass: 12302K(12864K)->12302K(12864K) Class: 1943K(2240K)->1943K(2240K)
[214.738s][info][gc             ] GC(733) Pause Young (Allocation Failure) 280M->7M(989M) 41.020ms
[214.738s][info][gc,cpu         ] GC(733) User=0.03s Sys=0.00s Real=0.03s
[215.009s][info][gc,start       ] GC(734) Pause Young (Allocation Failure)
[215.051s][info][gc,heap        ] GC(734) DefNew: 280254K(314560K)->637K(314560K) Eden: 279616K(279616K)->0K(279616K) From: 638K(34944K)->637K(34944K)
[215.051s][info][gc,heap        ] GC(734) Tenured: 7004K(699072K)->7046K(699072K)
[215.051s][info][gc,metaspace   ] GC(734) Metaspace: 14245K(15104K)->14245K(15104K) NonClass: 12302K(12864K)->12302K(12864K) Class: 1943K(2240K)->1943K(2240K)
[215.051s][info][gc             ] GC(734) Pause Young (Allocation Failure) 280M->7M(989M) 42.729ms
[215.051s][info][gc,cpu         ] GC(734) User=0.05s Sys=0.00s Real=0.04s
[215.323s][info][gc,start       ] GC(735) Pause Young (Allocation Failure)
[215.355s][info][gc,heap        ] GC(735) DefNew: 280253K(314560K)->635K(314560K) Eden: 279616K(279616K)->0K(279616K) From: 637K(34944K)->635K(34944K)
[215.355s][info][gc,heap        ] GC(735) Tenured: 7046K(699072K)->7087K(699072K)
[215.355s][info][gc,metaspace   ] GC(735) Metaspace: 14245K(15104K)->14245K(15104K) NonClass: 12302K(12864K)->12302K(12864K) Class: 1943K(2240K)->1943K(2240K)
[215.355s][info][gc             ] GC(735) Pause Young (Allocation Failure) 280M->7M(989M) 32.021ms
[215.355s][info][gc,cpu         ] GC(735) User=0.03s Sys=0.00s Real=0.03s
[215.631s][info][gc,start       ] GC(736) Pause Young (Allocation Failure)
[215.664s][info][gc,heap        ] GC(736) DefNew: 280251K(314560K)->634K(314560K) Eden: 279616K(279616K)->0K(279616K) From: 635K(34944K)->634K(34944K)
[215.664s][info][gc,heap        ] GC(736) Tenured: 7087K(699072K)->7132K(699072K)
[215.664s][info][gc,metaspace   ] GC(736) Metaspace: 14245K(15104K)->14245K(15104K) NonClass: 12302K(12864K)->12302K(12864K) Class: 1943K(2240K)->1943K(2240K)
[215.664s][info][gc             ] GC(736) Pause Young (Allocation Failure) 280M->7M(989M) 33.716ms
[215.664s][info][gc,cpu         ] GC(736) User=0.03s Sys=0.00s Real=0.03s
[215.938s][info][gc,start       ] GC(737) Pause Young (Allocation Failure)
[215.982s][info][gc,heap        ] GC(737) DefNew: 280250K(314560K)->635K(314560K) Eden: 279616K(279616K)->0K(279616K) From: 634K(34944K)->635K(34944K)
[215.982s][info][gc,heap        ] GC(737) Tenured: 7132K(699072K)->7173K(699072K)
[215.982s][info][gc,metaspace   ] GC(737) Metaspace: 14245K(15104K)->14245K(15104K) NonClass: 12302K(12864K)->12302K(12864K) Class: 1943K(2240K)->1943K(2240K)
[215.982s][info][gc             ] GC(737) Pause Young (Allocation Failure) 280M->7M(989M) 43.909ms
[215.982s][info][gc,cpu         ] GC(737) User=0.05s Sys=0.00s Real=0.04s
[216.263s][info][gc,start       ] GC(738) Pause Young (Allocation Failure)
[216.301s][info][gc,heap        ] GC(738) DefNew: 280251K(314560K)->634K(314560K) Eden: 279616K(279616K)->0K(279616K) From: 635K(34944K)->634K(34944K)
[216.301s][info][gc,heap        ] GC(738) Tenured: 7173K(699072K)->7215K(699072K)
[216.301s][info][gc,metaspace   ] GC(738) Metaspace: 14245K(15104K)->14245K(15104K) NonClass: 12302K(12864K)->12302K(12864K) Class: 1943K(2240K)->1943K(2240K)
[216.301s][info][gc             ] GC(738) Pause Young (Allocation Failure) 280M->7M(989M) 38.218ms
[216.301s][info][gc,cpu         ] GC(738) User=0.05s Sys=0.00s Real=0.04s
[216.578s][info][gc,start       ] GC(739) Pause Young (Allocation Failure)
[216.616s][info][gc,heap        ] GC(739) DefNew: 280250K(314560K)->639K(314560K) Eden: 279616K(279616K)->0K(279616K) From: 634K(34944K)->639K(34944K)
[216.616s][info][gc,heap        ] GC(739) Tenured: 7215K(699072K)->7254K(699072K)
[216.616s][info][gc,metaspace   ] GC(739) Metaspace: 14245K(15104K)->14245K(15104K) NonClass: 12302K(12864K)->12302K(12864K) Class: 1943K(2240K)->1943K(2240K)
[216.616s][info][gc             ] GC(739) Pause Young (Allocation Failure) 280M->7M(989M) 37.404ms
[216.616s][info][gc,cpu         ] GC(739) User=0.05s Sys=0.00s Real=0.04s
[216.889s][info][gc,start       ] GC(740) Pause Young (Allocation Failure)
[216.929s][info][gc,heap        ] GC(740) DefNew: 280255K(314560K)->639K(314560K) Eden: 279616K(279616K)->0K(279616K) From: 639K(34944K)->639K(34944K)
[216.929s][info][gc,heap        ] GC(740) Tenured: 7254K(699072K)->7298K(699072K)
[216.929s][info][gc,metaspace   ] GC(740) Metaspace: 14245K(15104K)->14245K(15104K) NonClass: 12302K(12864K)->12302K(12864K) Class: 1943K(2240K)->1943K(2240K)
[216.929s][info][gc             ] GC(740) Pause Young (Allocation Failure) 280M->7M(989M) 39.260ms
[216.929s][info][gc,cpu         ] GC(740) User=0.05s Sys=0.00s Real=0.04s
[217.208s][info][gc,start       ] GC(741) Pause Young (Allocation Failure)
[217.246s][info][gc,heap        ] GC(741) DefNew: 280255K(314560K)->639K(314560K) Eden: 279616K(279616K)->0K(279616K) From: 639K(34944K)->639K(34944K)
[217.246s][info][gc,heap        ] GC(741) Tenured: 7298K(699072K)->7340K(699072K)
[217.246s][info][gc,metaspace   ] GC(741) Metaspace: 14245K(15104K)->14245K(15104K) NonClass: 12302K(12864K)->12302K(12864K) Class: 1943K(2240K)->1943K(2240K)
[217.246s][info][gc             ] GC(741) Pause Young (Allocation Failure) 280M->7M(989M) 37.312ms
[217.246s][info][gc,cpu         ] GC(741) User=0.02s Sys=0.00s Real=0.02s
[217.518s][info][gc,start       ] GC(742) Pause Young (Allocation Failure)
[217.556s][info][gc,heap        ] GC(742) DefNew: 280255K(314560K)->636K(314560K) Eden: 279616K(279616K)->0K(279616K) From: 639K(34944K)->636K(34944K)
[217.556s][info][gc,heap        ] GC(742) Tenured: 7340K(699072K)->7385K(699072K)
[217.556s][info][gc,metaspace   ] GC(742) Metaspace: 14245K(15104K)->14245K(15104K) NonClass: 12302K(12864K)->12302K(12864K) Class: 1943K(2240K)->1943K(2240K)
[217.556s][info][gc             ] GC(742) Pause Young (Allocation Failure) 280M->7M(989M) 38.370ms
[217.556s][info][gc,cpu         ] GC(742) User=0.03s Sys=0.00s Real=0.03s
[217.827s][info][gc,start       ] GC(743) Pause Young (Allocation Failure)
[217.867s][info][gc,heap        ] GC(743) DefNew: 280252K(314560K)->634K(314560K) Eden: 279616K(279616K)->0K(279616K) From: 636K(34944K)->634K(34944K)
[217.867s][info][gc,heap        ] GC(743) Tenured: 7385K(699072K)->7427K(699072K)
[217.867s][info][gc,metaspace   ] GC(743) Metaspace: 14245K(15104K)->14245K(15104K) NonClass: 12302K(12864K)->12302K(12864K) Class: 1943K(2240K)->1943K(2240K)
[217.867s][info][gc             ] GC(743) Pause Young (Allocation Failure) 280M->7M(989M) 40.060ms
[217.867s][info][gc,cpu         ] GC(743) User=0.05s Sys=0.00s Real=0.04s
[218.140s][info][gc,start       ] GC(744) Pause Young (Allocation Failure)
[218.179s][info][gc,heap        ] GC(744) DefNew: 280250K(314560K)->635K(314560K) Eden: 279616K(279616K)->0K(279616K) From: 634K(34944K)->635K(34944K)
[218.179s][info][gc,heap        ] GC(744) Tenured: 7427K(699072K)->7468K(699072K)
[218.179s][info][gc,metaspace   ] GC(744) Metaspace: 14245K(15104K)->14245K(15104K) NonClass: 12302K(12864K)->12302K(12864K) Class: 1943K(2240K)->1943K(2240K)
[218.179s][info][gc             ] GC(744) Pause Young (Allocation Failure) 280M->7M(989M) 39.227ms
[218.179s][info][gc,cpu         ] GC(744) User=0.05s Sys=0.00s Real=0.04s
[218.455s][info][gc,start       ] GC(745) Pause Young (Allocation Failure)
[218.495s][info][gc,heap        ] GC(745) DefNew: 280251K(314560K)->638K(314560K) Eden: 279616K(279616K)->0K(279616K) From: 635K(34944K)->638K(34944K)
[218.495s][info][gc,heap        ] GC(745) Tenured: 7468K(699072K)->7509K(699072K)
[218.495s][info][gc,metaspace   ] GC(745) Metaspace: 14245K(15104K)->14245K(15104K) NonClass: 12302K(12864K)->12302K(12864K) Class: 1943K(2240K)->1943K(2240K)
[218.495s][info][gc             ] GC(745) Pause Young (Allocation Failure) 280M->7M(989M) 40.655ms
[218.495s][info][gc,cpu         ] GC(745) User=0.03s Sys=0.00s Real=0.04s
[218.772s][info][gc,start       ] GC(746) Pause Young (Allocation Failure)
[218.813s][info][gc,heap        ] GC(746) DefNew: 280254K(314560K)->645K(314560K) Eden: 279616K(279616K)->0K(279616K) From: 638K(34944K)->645K(34944K)
[218.813s][info][gc,heap        ] GC(746) Tenured: 7509K(699072K)->7548K(699072K)
[218.813s][info][gc,metaspace   ] GC(746) Metaspace: 14245K(15104K)->14245K(15104K) NonClass: 12302K(12864K)->12302K(12864K) Class: 1943K(2240K)->1943K(2240K)
[218.813s][info][gc             ] GC(746) Pause Young (Allocation Failure) 281M->8M(989M) 41.686ms
[218.813s][info][gc,cpu         ] GC(746) User=0.03s Sys=0.00s Real=0.03s
[219.089s][info][gc,start       ] GC(747) Pause Young (Allocation Failure)
[219.132s][info][gc,heap        ] GC(747) DefNew: 280261K(314560K)->646K(314560K) Eden: 279616K(279616K)->0K(279616K) From: 645K(34944K)->646K(34944K)
[219.132s][info][gc,heap        ] GC(747) Tenured: 7548K(699072K)->7591K(699072K)
[219.132s][info][gc,metaspace   ] GC(747) Metaspace: 14245K(15104K)->14245K(15104K) NonClass: 12302K(12864K)->12302K(12864K) Class: 1943K(2240K)->1943K(2240K)
[219.132s][info][gc             ] GC(747) Pause Young (Allocation Failure) 281M->8M(989M) 43.275ms
[219.132s][info][gc,cpu         ] GC(747) User=0.05s Sys=0.00s Real=0.04s
[219.407s][info][gc,start       ] GC(748) Pause Young (Allocation Failure)
[219.450s][info][gc,heap        ] GC(748) DefNew: 280262K(314560K)->645K(314560K) Eden: 279616K(279616K)->0K(279616K) From: 646K(34944K)->645K(34944K)
[219.450s][info][gc,heap        ] GC(748) Tenured: 7591K(699072K)->7633K(699072K)
[219.450s][info][gc,metaspace   ] GC(748) Metaspace: 14245K(15104K)->14245K(15104K) NonClass: 12302K(12864K)->12302K(12864K) Class: 1943K(2240K)->1943K(2240K)
[219.450s][info][gc             ] GC(748) Pause Young (Allocation Failure) 281M->8M(989M) 42.669ms
[219.450s][info][gc,cpu         ] GC(748) User=0.03s Sys=0.00s Real=0.03s
[219.843s][info][gc,start       ] GC(749) Pause Young (Allocation Failure)
[219.891s][info][gc,heap        ] GC(749) DefNew: 280261K(314560K)->648K(314560K) Eden: 279616K(279616K)->0K(279616K) From: 645K(34944K)->648K(34944K)
[219.891s][info][gc,heap        ] GC(749) Tenured: 7633K(699072K)->7675K(699072K)
[219.891s][info][gc,metaspace   ] GC(749) Metaspace: 14245K(15104K)->14245K(15104K) NonClass: 12302K(12864K)->12302K(12864K) Class: 1943K(2240K)->1943K(2240K)
[219.891s][info][gc             ] GC(749) Pause Young (Allocation Failure) 281M->8M(989M) 48.007ms
[219.891s][info][gc,cpu         ] GC(749) User=0.05s Sys=0.00s Real=0.05s
[220.170s][info][gc,start       ] GC(750) Pause Young (Allocation Failure)
[220.208s][info][gc,heap        ] GC(750) DefNew: 280264K(314560K)->655K(314560K) Eden: 279616K(279616K)->0K(279616K) From: 648K(34944K)->655K(34944K)
[220.208s][info][gc,heap        ] GC(750) Tenured: 7675K(699072K)->7713K(699072K)
[220.208s][info][gc,metaspace   ] GC(750) Metaspace: 14245K(15104K)->14245K(15104K) NonClass: 12302K(12864K)->12302K(12864K) Class: 1943K(2240K)->1943K(2240K)
[220.209s][info][gc             ] GC(750) Pause Young (Allocation Failure) 281M->8M(989M) 38.203ms
[220.209s][info][gc,cpu         ] GC(750) User=0.03s Sys=0.00s Real=0.03s
[220.485s][info][gc,start       ] GC(751) Pause Young (Allocation Failure)
[220.521s][info][gc,heap        ] GC(751) DefNew: 280271K(314560K)->654K(314560K) Eden: 279616K(279616K)->0K(279616K) From: 655K(34944K)->654K(34944K)
[220.521s][info][gc,heap        ] GC(751) Tenured: 7713K(699072K)->7758K(699072K)
[220.521s][info][gc,metaspace   ] GC(751) Metaspace: 14245K(15104K)->14245K(15104K) NonClass: 12302K(12864K)->12302K(12864K) Class: 1943K(2240K)->1943K(2240K)
[220.522s][info][gc             ] GC(751) Pause Young (Allocation Failure) 281M->8M(989M) 36.904ms
[220.522s][info][gc,cpu         ] GC(751) User=0.05s Sys=0.00s Real=0.03s
[220.804s][info][gc,start       ] GC(752) Pause Young (Allocation Failure)
[220.841s][info][gc,heap        ] GC(752) DefNew: 280270K(314560K)->654K(314560K) Eden: 279616K(279616K)->0K(279616K) From: 654K(34944K)->654K(34944K)
[220.841s][info][gc,heap        ] GC(752) Tenured: 7758K(699072K)->7799K(699072K)
[220.841s][info][gc,metaspace   ] GC(752) Metaspace: 14245K(15104K)->14245K(15104K) NonClass: 12302K(12864K)->12302K(12864K) Class: 1943K(2240K)->1943K(2240K)
[220.841s][info][gc             ] GC(752) Pause Young (Allocation Failure) 281M->8M(989M) 36.657ms
[220.841s][info][gc,cpu         ] GC(752) User=0.03s Sys=0.00s Real=0.03s
[221.109s][info][gc,start       ] GC(753) Pause Young (Allocation Failure)
[221.147s][info][gc,heap        ] GC(753) DefNew: 280270K(314560K)->655K(314560K) Eden: 279616K(279616K)->0K(279616K) From: 654K(34944K)->655K(34944K)
[221.148s][info][gc,heap        ] GC(753) Tenured: 7799K(699072K)->7841K(699072K)
[221.148s][info][gc,metaspace   ] GC(753) Metaspace: 14245K(15104K)->14245K(15104K) NonClass: 12302K(12864K)->12302K(12864K) Class: 1943K(2240K)->1943K(2240K)
[221.148s][info][gc             ] GC(753) Pause Young (Allocation Failure) 281M->8M(989M) 39.019ms
[221.148s][info][gc,cpu         ] GC(753) User=0.03s Sys=0.00s Real=0.03s
[221.419s][info][gc,start       ] GC(754) Pause Young (Allocation Failure)
[221.457s][info][gc,heap        ] GC(754) DefNew: 280271K(314560K)->653K(314560K) Eden: 279616K(279616K)->0K(279616K) From: 655K(34944K)->653K(34944K)
[221.457s][info][gc,heap        ] GC(754) Tenured: 7841K(699072K)->7885K(699072K)
[221.457s][info][gc,metaspace   ] GC(754) Metaspace: 14245K(15104K)->14245K(15104K) NonClass: 12302K(12864K)->12302K(12864K) Class: 1943K(2240K)->1943K(2240K)
[221.457s][info][gc             ] GC(754) Pause Young (Allocation Failure) 281M->8M(989M) 38.348ms
[221.458s][info][gc,cpu         ] GC(754) User=0.03s Sys=0.00s Real=0.03s
[221.729s][info][gc,start       ] GC(755) Pause Young (Allocation Failure)
[221.766s][info][gc,heap        ] GC(755) DefNew: 280269K(314560K)->650K(314560K) Eden: 279616K(279616K)->0K(279616K) From: 653K(34944K)->650K(34944K)
[221.766s][info][gc,heap        ] GC(755) Tenured: 7885K(699072K)->7929K(699072K)
[221.766s][info][gc,metaspace   ] GC(755) Metaspace: 14245K(15104K)->14245K(15104K) NonClass: 12302K(12864K)->12302K(12864K) Class: 1943K(2240K)->1943K(2240K)
[221.767s][info][gc             ] GC(755) Pause Young (Allocation Failure) 281M->8M(989M) 37.829ms
[221.767s][info][gc,cpu         ] GC(755) User=0.03s Sys=0.00s Real=0.03s
[222.038s][info][gc,start       ] GC(756) Pause Young (Allocation Failure)
[222.077s][info][gc,heap        ] GC(756) DefNew: 280266K(314560K)->649K(314560K) Eden: 279615K(279616K)->0K(279616K) From: 650K(34944K)->649K(34944K)
[222.077s][info][gc,heap        ] GC(756) Tenured: 7929K(699072K)->7971K(699072K)
[222.078s][info][gc,metaspace   ] GC(756) Metaspace: 14245K(15104K)->14245K(15104K) NonClass: 12302K(12864K)->12302K(12864K) Class: 1943K(2240K)->1943K(2240K)
[222.078s][info][gc             ] GC(756) Pause Young (Allocation Failure) 281M->8M(989M) 39.592ms
[222.078s][info][gc,cpu         ] GC(756) User=0.03s Sys=0.00s Real=0.03s
[222.353s][info][gc,start       ] GC(757) Pause Young (Allocation Failure)
[222.394s][info][gc,heap        ] GC(757) DefNew: 280265K(314560K)->653K(314560K) Eden: 279616K(279616K)->0K(279616K) From: 649K(34944K)->653K(34944K)
[222.394s][info][gc,heap        ] GC(757) Tenured: 7971K(699072K)->8012K(699072K)
[222.394s][info][gc,metaspace   ] GC(757) Metaspace: 14245K(15104K)->14245K(15104K) NonClass: 12302K(12864K)->12302K(12864K) Class: 1943K(2240K)->1943K(2240K)
[222.394s][info][gc             ] GC(757) Pause Young (Allocation Failure) 281M->8M(989M) 40.382ms
[222.394s][info][gc,cpu         ] GC(757) User=0.05s Sys=0.00s Real=0.04s
[222.669s][info][gc,start       ] GC(758) Pause Young (Allocation Failure)
[222.711s][info][gc,heap        ] GC(758) DefNew: 280269K(314560K)->656K(314560K) Eden: 279616K(279616K)->0K(279616K) From: 653K(34944K)->656K(34944K)
[222.711s][info][gc,heap        ] GC(758) Tenured: 8012K(699072K)->8053K(699072K)
[222.711s][info][gc,metaspace   ] GC(758) Metaspace: 14245K(15104K)->14245K(15104K) NonClass: 12302K(12864K)->12302K(12864K) Class: 1943K(2240K)->1943K(2240K)
[222.711s][info][gc             ] GC(758) Pause Young (Allocation Failure) 281M->8M(989M) 42.072ms
[222.711s][info][gc,cpu         ] GC(758) User=0.03s Sys=0.00s Real=0.03s
[222.986s][info][gc,start       ] GC(759) Pause Young (Allocation Failure)
[223.018s][info][gc,heap        ] GC(759) DefNew: 280272K(314560K)->659K(314560K) Eden: 279616K(279616K)->0K(279616K) From: 656K(34944K)->659K(34944K)
[223.018s][info][gc,heap        ] GC(759) Tenured: 8053K(699072K)->8095K(699072K)
[223.018s][info][gc,metaspace   ] GC(759) Metaspace: 14245K(15104K)->14245K(15104K) NonClass: 12302K(12864K)->12302K(12864K) Class: 1943K(2240K)->1943K(2240K)
[223.018s][info][gc             ] GC(759) Pause Young (Allocation Failure) 281M->8M(989M) 31.817ms
[223.018s][info][gc,cpu         ] GC(759) User=0.02s Sys=0.00s Real=0.03s
[223.291s][info][gc,start       ] GC(760) Pause Young (Allocation Failure)
[223.333s][info][gc,heap        ] GC(760) DefNew: 280275K(314560K)->656K(314560K) Eden: 279616K(279616K)->0K(279616K) From: 659K(34944K)->656K(34944K)
[223.333s][info][gc,heap        ] GC(760) Tenured: 8095K(699072K)->8140K(699072K)
[223.333s][info][gc,metaspace   ] GC(760) Metaspace: 14245K(15104K)->14245K(15104K) NonClass: 12302K(12864K)->12302K(12864K) Class: 1943K(2240K)->1943K(2240K)
[223.333s][info][gc             ] GC(760) Pause Young (Allocation Failure) 281M->8M(989M) 42.505ms
[223.333s][info][gc,cpu         ] GC(760) User=0.05s Sys=0.00s Real=0.04s
[223.608s][info][gc,start       ] GC(761) Pause Young (Allocation Failure)
[223.651s][info][gc,heap        ] GC(761) DefNew: 280272K(314560K)->657K(314560K) Eden: 279616K(279616K)->0K(279616K) From: 656K(34944K)->657K(34944K)
[223.651s][info][gc,heap        ] GC(761) Tenured: 8140K(699072K)->8184K(699072K)
[223.651s][info][gc,metaspace   ] GC(761) Metaspace: 14245K(15104K)->14245K(15104K) NonClass: 12302K(12864K)->12302K(12864K) Class: 1943K(2240K)->1943K(2240K)
[223.652s][info][gc             ] GC(761) Pause Young (Allocation Failure) 281M->8M(989M) 43.603ms
[223.652s][info][gc,cpu         ] GC(761) User=0.05s Sys=0.00s Real=0.03s
[223.926s][info][gc,start       ] GC(762) Pause Young (Allocation Failure)
[223.968s][info][gc,heap        ] GC(762) DefNew: 280273K(314560K)->650K(314560K) Eden: 279616K(279616K)->0K(279616K) From: 657K(34944K)->650K(34944K)
[223.968s][info][gc,heap        ] GC(762) Tenured: 8184K(699072K)->8229K(699072K)
[223.968s][info][gc,metaspace   ] GC(762) Metaspace: 14245K(15104K)->14245K(15104K) NonClass: 12302K(12864K)->12302K(12864K) Class: 1943K(2240K)->1943K(2240K)
[223.968s][info][gc             ] GC(762) Pause Young (Allocation Failure) 281M->8M(989M) 42.189ms
[223.968s][info][gc,cpu         ] GC(762) User=0.03s Sys=0.00s Real=0.04s
[224.258s][info][gc,start       ] GC(763) Pause Young (Allocation Failure)
[224.295s][info][gc,heap        ] GC(763) DefNew: 280266K(314560K)->652K(314560K) Eden: 279616K(279616K)->0K(279616K) From: 650K(34944K)->652K(34944K)
[224.295s][info][gc,heap        ] GC(763) Tenured: 8229K(699072K)->8270K(699072K)
[224.295s][info][gc,metaspace   ] GC(763) Metaspace: 14245K(15104K)->14245K(15104K) NonClass: 12302K(12864K)->12302K(12864K) Class: 1943K(2240K)->1943K(2240K)
[224.295s][info][gc             ] GC(763) Pause Young (Allocation Failure) 281M->8M(989M) 36.864ms
[224.295s][info][gc,cpu         ] GC(763) User=0.03s Sys=0.00s Real=0.03s
[224.569s][info][gc,start       ] GC(764) Pause Young (Allocation Failure)
[224.606s][info][gc,heap        ] GC(764) DefNew: 280268K(314560K)->650K(314560K) Eden: 279616K(279616K)->0K(279616K) From: 652K(34944K)->650K(34944K)
[224.606s][info][gc,heap        ] GC(764) Tenured: 8270K(699072K)->8315K(699072K)
[224.606s][info][gc,metaspace   ] GC(764) Metaspace: 14245K(15104K)->14245K(15104K) NonClass: 12302K(12864K)->12302K(12864K) Class: 1943K(2240K)->1943K(2240K)
[224.606s][info][gc             ] GC(764) Pause Young (Allocation Failure) 281M->8M(989M) 36.715ms
[224.606s][info][gc,cpu         ] GC(764) User=0.03s Sys=0.00s Real=0.04s
[224.885s][info][gc,start       ] GC(765) Pause Young (Allocation Failure)
[224.923s][info][gc,heap        ] GC(765) DefNew: 280266K(314560K)->647K(314560K) Eden: 279616K(279616K)->0K(279616K) From: 650K(34944K)->647K(34944K)
[224.923s][info][gc,heap        ] GC(765) Tenured: 8315K(699072K)->8360K(699072K)
[224.923s][info][gc,metaspace   ] GC(765) Metaspace: 14245K(15104K)->14245K(15104K) NonClass: 12302K(12864K)->12302K(12864K) Class: 1943K(2240K)->1943K(2240K)
[224.923s][info][gc             ] GC(765) Pause Young (Allocation Failure) 281M->8M(989M) 37.970ms
[224.923s][info][gc,cpu         ] GC(765) User=0.03s Sys=0.00s Real=0.02s
[225.197s][info][gc,start       ] GC(766) Pause Young (Allocation Failure)
[225.228s][info][gc,heap        ] GC(766) DefNew: 280263K(314560K)->646K(314560K) Eden: 279616K(279616K)->0K(279616K) From: 647K(34944K)->646K(34944K)
[225.228s][info][gc,heap        ] GC(766) Tenured: 8360K(699072K)->8404K(699072K)
[225.228s][info][gc,metaspace   ] GC(766) Metaspace: 14245K(15104K)->14245K(15104K) NonClass: 12302K(12864K)->12302K(12864K) Class: 1943K(2240K)->1943K(2240K)
[225.228s][info][gc             ] GC(766) Pause Young (Allocation Failure) 281M->8M(989M) 30.302ms
[225.228s][info][gc,cpu         ] GC(766) User=0.02s Sys=0.00s Real=0.02s
[225.499s][info][gc,start       ] GC(767) Pause Young (Allocation Failure)
[225.531s][info][gc,heap        ] GC(767) DefNew: 280262K(314560K)->644K(314560K) Eden: 279616K(279616K)->0K(279616K) From: 646K(34944K)->644K(34944K)
[225.531s][info][gc,heap        ] GC(767) Tenured: 8404K(699072K)->8446K(699072K)
[225.531s][info][gc,metaspace   ] GC(767) Metaspace: 14245K(15104K)->14245K(15104K) NonClass: 12302K(12864K)->12302K(12864K) Class: 1943K(2240K)->1943K(2240K)
[225.531s][info][gc             ] GC(767) Pause Young (Allocation Failure) 281M->8M(989M) 32.474ms
[225.531s][info][gc,cpu         ] GC(767) User=0.03s Sys=0.00s Real=0.03s
[225.798s][info][gc,start       ] GC(768) Pause Young (Allocation Failure)
[225.832s][info][gc,heap        ] GC(768) DefNew: 280260K(314560K)->644K(314560K) Eden: 279616K(279616K)->0K(279616K) From: 644K(34944K)->644K(34944K)
[225.832s][info][gc,heap        ] GC(768) Tenured: 8446K(699072K)->8488K(699072K)
[225.832s][info][gc,metaspace   ] GC(768) Metaspace: 14245K(15104K)->14245K(15104K) NonClass: 12302K(12864K)->12302K(12864K) Class: 1943K(2240K)->1943K(2240K)
[225.832s][info][gc             ] GC(768) Pause Young (Allocation Failure) 281M->8M(989M) 33.473ms
[225.832s][info][gc,cpu         ] GC(768) User=0.03s Sys=0.00s Real=0.03s
[226.087s][info][gc,start       ] GC(769) Pause Young (Allocation Failure)
[226.121s][info][gc,heap        ] GC(769) DefNew: 280260K(314560K)->639K(314560K) Eden: 279616K(279616K)->0K(279616K) From: 644K(34944K)->639K(34944K)
[226.121s][info][gc,heap        ] GC(769) Tenured: 8488K(699072K)->8530K(699072K)
[226.121s][info][gc,metaspace   ] GC(769) Metaspace: 14245K(15104K)->14245K(15104K) NonClass: 12302K(12864K)->12302K(12864K) Class: 1943K(2240K)->1943K(2240K)
[226.121s][info][gc             ] GC(769) Pause Young (Allocation Failure) 281M->8M(989M) 34.423ms
[226.121s][info][gc,cpu         ] GC(769) User=0.03s Sys=0.00s Real=0.03s
[226.358s][info][gc,start       ] GC(770) Pause Young (Allocation Failure)
[226.392s][info][gc,heap        ] GC(770) DefNew: 280255K(314560K)->637K(314560K) Eden: 279616K(279616K)->0K(279616K) From: 639K(34944K)->637K(34944K)
[226.392s][info][gc,heap        ] GC(770) Tenured: 8530K(699072K)->8571K(699072K)
[226.392s][info][gc,metaspace   ] GC(770) Metaspace: 14245K(15104K)->14245K(15104K) NonClass: 12302K(12864K)->12302K(12864K) Class: 1943K(2240K)->1943K(2240K)
[226.392s][info][gc             ] GC(770) Pause Young (Allocation Failure) 282M->8M(989M) 34.393ms
[226.392s][info][gc,cpu         ] GC(770) User=0.03s Sys=0.00s Real=0.03s
[226.568s][info][gc,start       ] GC(771) Pause Young (Allocation Failure)
[226.599s][info][gc,heap        ] GC(771) DefNew: 280253K(314560K)->624K(314560K) Eden: 279616K(279616K)->0K(279616K) From: 637K(34944K)->624K(34944K)
[226.599s][info][gc,heap        ] GC(771) Tenured: 8571K(699072K)->8612K(699072K)
[226.599s][info][gc,metaspace   ] GC(771) Metaspace: 14245K(15104K)->14245K(15104K) NonClass: 12302K(12864K)->12302K(12864K) Class: 1943K(2240K)->1943K(2240K)
[226.599s][info][gc             ] GC(771) Pause Young (Allocation Failure) 282M->9M(989M) 31.262ms
[226.599s][info][gc,cpu         ] GC(771) User=0.02s Sys=0.00s Real=0.02s
[226.842s][info][gc,start       ] GC(772) Pause Young (Allocation Failure)
[226.880s][info][gc,heap        ] GC(772) DefNew: 280240K(314560K)->615K(314560K) Eden: 279616K(279616K)->0K(279616K) From: 624K(34944K)->615K(34944K)
[226.880s][info][gc,heap        ] GC(772) Tenured: 8612K(699072K)->8657K(699072K)
[226.880s][info][gc,metaspace   ] GC(772) Metaspace: 14245K(15104K)->14245K(15104K) NonClass: 12302K(12864K)->12302K(12864K) Class: 1943K(2240K)->1943K(2240K)
[226.880s][info][gc             ] GC(772) Pause Young (Allocation Failure) 282M->9M(989M) 38.092ms
[226.880s][info][gc,cpu         ] GC(772) User=0.05s Sys=0.00s Real=0.04s
[227.005s][info][gc,start       ] GC(773) Pause Full (System.gc())
[227.005s][info][gc,phases,start] GC(773) Phase 1: Mark live objects
[227.036s][info][gc,phases      ] GC(773) Phase 1: Mark live objects 31.210ms
[227.036s][info][gc,phases,start] GC(773) Phase 2: Compute new object addresses
[227.054s][info][gc,phases      ] GC(773) Phase 2: Compute new object addresses 17.628ms
[227.054s][info][gc,phases,start] GC(773) Phase 3: Adjust pointers
[227.077s][info][gc,phases      ] GC(773) Phase 3: Adjust pointers 22.735ms
[227.077s][info][gc,phases,start] GC(773) Phase 4: Move objects
[227.077s][info][gc,phases      ] GC(773) Phase 4: Move objects 0.013ms
[227.077s][info][gc,heap        ] GC(773) DefNew: 73257K(314560K)->0K(314560K) Eden: 72642K(279616K)->0K(279616K) From: 615K(34944K)->0K(34944K)
[227.077s][info][gc,heap        ] GC(773) Tenured: 8657K(699072K)->8657K(699072K)
[227.077s][info][gc,metaspace   ] GC(773) Metaspace: 14245K(15104K)->14245K(15104K) NonClass: 12302K(12864K)->12302K(12864K) Class: 1943K(2240K)->1943K(2240K)
[227.077s][info][gc             ] GC(773) Pause Full (System.gc()) 79M->8M(989M) 71.914ms
[227.077s][info][gc,cpu         ] GC(773) User=0.06s Sys=0.00s Real=0.06s
[227.306s][info][gc,start       ] GC(774) Pause Young (Allocation Failure)
[227.337s][info][gc,heap        ] GC(774) DefNew: 279616K(314560K)->1499K(314560K) Eden: 279616K(279616K)->0K(279616K) From: 0K(34944K)->1499K(34944K)
[227.337s][info][gc,heap        ] GC(774) Tenured: 8657K(699072K)->8657K(699072K)
[227.337s][info][gc,metaspace   ] GC(774) Metaspace: 14246K(15104K)->14246K(15104K) NonClass: 12303K(12864K)->12303K(12864K) Class: 1943K(2240K)->1943K(2240K)
[227.337s][info][gc             ] GC(774) Pause Young (Allocation Failure) 281M->9M(989M) 31.484ms
[227.337s][info][gc,cpu         ] GC(774) User=0.03s Sys=0.00s Real=0.03s
[227.596s][info][gc,start       ] GC(775) Pause Young (Allocation Failure)
[227.641s][info][gc,heap        ] GC(775) DefNew: 281115K(314560K)->1538K(314560K) Eden: 279616K(279616K)->0K(279616K) From: 1499K(34944K)->1538K(34944K)
[227.641s][info][gc,heap        ] GC(775) Tenured: 8657K(699072K)->8657K(699072K)
[227.641s][info][gc,metaspace   ] GC(775) Metaspace: 14246K(15104K)->14246K(15104K) NonClass: 12303K(12864K)->12303K(12864K) Class: 1943K(2240K)->1943K(2240K)
[227.641s][info][gc             ] GC(775) Pause Young (Allocation Failure) 282M->9M(989M) 44.882ms
[227.641s][info][gc,cpu         ] GC(775) User=0.03s Sys=0.00s Real=0.04s
[227.907s][info][gc,start       ] GC(776) Pause Young (Allocation Failure)
[227.952s][info][gc,heap        ] GC(776) DefNew: 281154K(314560K)->1578K(314560K) Eden: 279616K(279616K)->0K(279616K) From: 1538K(34944K)->1578K(34944K)
[227.952s][info][gc,heap        ] GC(776) Tenured: 8657K(699072K)->8657K(699072K)
[227.952s][info][gc,metaspace   ] GC(776) Metaspace: 14246K(15104K)->14246K(15104K) NonClass: 12303K(12864K)->12303K(12864K) Class: 1943K(2240K)->1943K(2240K)
[227.952s][info][gc             ] GC(776) Pause Young (Allocation Failure) 283M->9M(989M) 45.046ms
[227.952s][info][gc,cpu         ] GC(776) User=0.03s Sys=0.00s Real=0.03s
[228.226s][info][gc,start       ] GC(777) Pause Young (Allocation Failure)
[228.256s][info][gc,heap        ] GC(777) DefNew: 281194K(314560K)->1620K(314560K) Eden: 279616K(279616K)->0K(279616K) From: 1578K(34944K)->1620K(34944K)
[228.256s][info][gc,heap        ] GC(777) Tenured: 8657K(699072K)->8657K(699072K)
[228.256s][info][gc,metaspace   ] GC(777) Metaspace: 14246K(15104K)->14246K(15104K) NonClass: 12303K(12864K)->12303K(12864K) Class: 1943K(2240K)->1943K(2240K)
[228.256s][info][gc             ] GC(777) Pause Young (Allocation Failure) 283M->10M(989M) 30.776ms
[228.256s][info][gc,cpu         ] GC(777) User=0.02s Sys=0.00s Real=0.02s
[228.539s][info][gc,start       ] GC(778) Pause Young (Allocation Failure)
[228.568s][info][gc,heap        ] GC(778) DefNew: 281236K(314560K)->1665K(314560K) Eden: 279616K(279616K)->0K(279616K) From: 1620K(34944K)->1665K(34944K)
[228.568s][info][gc,heap        ] GC(778) Tenured: 8657K(699072K)->8657K(699072K)
[228.568s][info][gc,metaspace   ] GC(778) Metaspace: 14246K(15104K)->14246K(15104K) NonClass: 12303K(12864K)->12303K(12864K) Class: 1943K(2240K)->1943K(2240K)
[228.568s][info][gc             ] GC(778) Pause Young (Allocation Failure) 283M->10M(989M) 29.178ms
[228.568s][info][gc,cpu         ] GC(778) User=0.02s Sys=0.00s Real=0.02s
[228.834s][info][gc,start       ] GC(779) Pause Young (Allocation Failure)
[228.864s][info][gc,heap        ] GC(779) DefNew: 281281K(314560K)->1706K(314560K) Eden: 279616K(279616K)->0K(279616K) From: 1665K(34944K)->1706K(34944K)
[228.864s][info][gc,heap        ] GC(779) Tenured: 8657K(699072K)->8657K(699072K)
[228.864s][info][gc,metaspace   ] GC(779) Metaspace: 14246K(15104K)->14246K(15104K) NonClass: 12303K(12864K)->12303K(12864K) Class: 1943K(2240K)->1943K(2240K)
[228.864s][info][gc             ] GC(779) Pause Young (Allocation Failure) 283M->10M(989M) 30.249ms
[228.864s][info][gc,cpu         ] GC(779) User=0.03s Sys=0.00s Real=0.03s
[229.124s][info][gc,start       ] GC(780) Pause Young (Allocation Failure)
[229.164s][info][gc,heap        ] GC(780) DefNew: 281322K(314560K)->1748K(314560K) Eden: 279616K(279616K)->0K(279616K) From: 1706K(34944K)->1748K(34944K)
[229.164s][info][gc,heap        ] GC(780) Tenured: 8657K(699072K)->8657K(699072K)
[229.164s][info][gc,metaspace   ] GC(780) Metaspace: 14246K(15104K)->14246K(15104K) NonClass: 12303K(12864K)->12303K(12864K) Class: 1943K(2240K)->1943K(2240K)
[229.164s][info][gc             ] GC(780) Pause Young (Allocation Failure) 283M->10M(989M) 39.529ms
[229.164s][info][gc,cpu         ] GC(780) User=0.05s Sys=0.00s Real=0.04s
[229.418s][info][gc,start       ] GC(781) Pause Young (Allocation Failure)
[229.458s][info][gc,heap        ] GC(781) DefNew: 281364K(314560K)->1790K(314560K) Eden: 279616K(279616K)->0K(279616K) From: 1748K(34944K)->1790K(34944K)
[229.458s][info][gc,heap        ] GC(781) Tenured: 8657K(699072K)->8657K(699072K)
[229.458s][info][gc,metaspace   ] GC(781) Metaspace: 14246K(15104K)->14246K(15104K) NonClass: 12303K(12864K)->12303K(12864K) Class: 1943K(2240K)->1943K(2240K)
[229.458s][info][gc             ] GC(781) Pause Young (Allocation Failure) 283M->10M(989M) 39.863ms
[229.458s][info][gc,cpu         ] GC(781) User=0.03s Sys=0.00s Real=0.03s
[229.721s][info][gc,start       ] GC(782) Pause Young (Allocation Failure)
[229.763s][info][gc,heap        ] GC(782) DefNew: 281406K(314560K)->1830K(314560K) Eden: 279616K(279616K)->0K(279616K) From: 1790K(34944K)->1830K(34944K)
[229.763s][info][gc,heap        ] GC(782) Tenured: 8657K(699072K)->8657K(699072K)
[229.763s][info][gc,metaspace   ] GC(782) Metaspace: 14246K(15104K)->14246K(15104K) NonClass: 12303K(12864K)->12303K(12864K) Class: 1943K(2240K)->1943K(2240K)
[229.763s][info][gc             ] GC(782) Pause Young (Allocation Failure) 283M->10M(989M) 41.341ms
[229.763s][info][gc,cpu         ] GC(782) User=0.03s Sys=0.00s Real=0.04s
[230.022s][info][gc,start       ] GC(783) Pause Young (Allocation Failure)
[230.052s][info][gc,heap        ] GC(783) DefNew: 281401K(314560K)->1873K(314560K) Eden: 279570K(279616K)->0K(279616K) From: 1830K(34944K)->1873K(34944K)
[230.052s][info][gc,heap        ] GC(783) Tenured: 8657K(699072K)->8657K(699072K)
[230.052s][info][gc,metaspace   ] GC(783) Metaspace: 14246K(15104K)->14246K(15104K) NonClass: 12303K(12864K)->12303K(12864K) Class: 1943K(2240K)->1943K(2240K)
[230.053s][info][gc             ] GC(783) Pause Young (Allocation Failure) 283M->10M(989M) 30.925ms
[230.053s][info][gc,cpu         ] GC(783) User=0.03s Sys=0.00s Real=0.03s
[230.310s][info][gc,start       ] GC(784) Pause Young (Allocation Failure)
[230.352s][info][gc,heap        ] GC(784) DefNew: 281489K(314560K)->1913K(314560K) Eden: 279616K(279616K)->0K(279616K) From: 1873K(34944K)->1913K(34944K)
[230.352s][info][gc,heap        ] GC(784) Tenured: 8657K(699072K)->8657K(699072K)
[230.352s][info][gc,metaspace   ] GC(784) Metaspace: 14246K(15104K)->14246K(15104K) NonClass: 12303K(12864K)->12303K(12864K) Class: 1943K(2240K)->1943K(2240K)
[230.352s][info][gc             ] GC(784) Pause Young (Allocation Failure) 283M->10M(989M) 42.057ms
[230.353s][info][gc,cpu         ] GC(784) User=0.03s Sys=0.00s Real=0.03s
[230.618s][info][gc,start       ] GC(785) Pause Young (Allocation Failure)
[230.661s][info][gc,heap        ] GC(785) DefNew: 281529K(314560K)->1954K(314560K) Eden: 279616K(279616K)->0K(279616K) From: 1913K(34944K)->1954K(34944K)
[230.661s][info][gc,heap        ] GC(785) Tenured: 8657K(699072K)->8657K(699072K)
[230.661s][info][gc,metaspace   ] GC(785) Metaspace: 14246K(15104K)->14246K(15104K) NonClass: 12303K(12864K)->12303K(12864K) Class: 1943K(2240K)->1943K(2240K)
[230.661s][info][gc             ] GC(785) Pause Young (Allocation Failure) 283M->10M(989M) 42.813ms
[230.661s][info][gc,cpu         ] GC(785) User=0.05s Sys=0.00s Real=0.04s
[230.927s][info][gc,start       ] GC(786) Pause Young (Allocation Failure)
[230.972s][info][gc,heap        ] GC(786) DefNew: 281570K(314560K)->1992K(314560K) Eden: 279616K(279616K)->0K(279616K) From: 1954K(34944K)->1992K(34944K)
[230.972s][info][gc,heap        ] GC(786) Tenured: 8657K(699072K)->8657K(699072K)
[230.972s][info][gc,metaspace   ] GC(786) Metaspace: 14246K(15104K)->14246K(15104K) NonClass: 12303K(12864K)->12303K(12864K) Class: 1943K(2240K)->1943K(2240K)
[230.972s][info][gc             ] GC(786) Pause Young (Allocation Failure) 283M->10M(989M) 44.942ms
[230.972s][info][gc,cpu         ] GC(786) User=0.05s Sys=0.00s Real=0.05s
[231.235s][info][gc,start       ] GC(787) Pause Young (Allocation Failure)
[231.279s][info][gc,heap        ] GC(787) DefNew: 281608K(314560K)->2033K(314560K) Eden: 279616K(279616K)->0K(279616K) From: 1992K(34944K)->2033K(34944K)
[231.279s][info][gc,heap        ] GC(787) Tenured: 8657K(699072K)->8657K(699072K)
[231.279s][info][gc,metaspace   ] GC(787) Metaspace: 14246K(15104K)->14246K(15104K) NonClass: 12303K(12864K)->12303K(12864K) Class: 1943K(2240K)->1943K(2240K)
[231.279s][info][gc             ] GC(787) Pause Young (Allocation Failure) 283M->10M(989M) 44.084ms
[231.279s][info][gc,cpu         ] GC(787) User=0.03s Sys=0.00s Real=0.03s
[231.540s][info][gc,start       ] GC(788) Pause Young (Allocation Failure)
[231.585s][info][gc,heap        ] GC(788) DefNew: 281649K(314560K)->2075K(314560K) Eden: 279616K(279616K)->0K(279616K) From: 2033K(34944K)->2075K(34944K)
[231.585s][info][gc,heap        ] GC(788) Tenured: 8657K(699072K)->8657K(699072K)
[231.585s][info][gc,metaspace   ] GC(788) Metaspace: 14246K(15104K)->14246K(15104K) NonClass: 12303K(12864K)->12303K(12864K) Class: 1943K(2240K)->1943K(2240K)
[231.585s][info][gc             ] GC(788) Pause Young (Allocation Failure) 283M->10M(989M) 45.505ms
[231.585s][info][gc,cpu         ] GC(788) User=0.05s Sys=0.00s Real=0.05s
[231.847s][info][gc,start       ] GC(789) Pause Young (Allocation Failure)
[231.892s][info][gc,heap        ] GC(789) DefNew: 281691K(314560K)->629K(314560K) Eden: 279616K(279616K)->0K(279616K) From: 2075K(34944K)->629K(34944K)
[231.892s][info][gc,heap        ] GC(789) Tenured: 8657K(699072K)->10145K(699072K)
[231.893s][info][gc,metaspace   ] GC(789) Metaspace: 14246K(15104K)->14246K(15104K) NonClass: 12303K(12864K)->12303K(12864K) Class: 1943K(2240K)->1943K(2240K)
[231.893s][info][gc             ] GC(789) Pause Young (Allocation Failure) 283M->10M(989M) 45.449ms
[231.893s][info][gc,cpu         ] GC(789) User=0.05s Sys=0.00s Real=0.04s
[232.163s][info][gc,start       ] GC(790) Pause Young (Allocation Failure)
[232.203s][info][gc,heap        ] GC(790) DefNew: 280245K(314560K)->629K(314560K) Eden: 279616K(279616K)->0K(279616K) From: 629K(34944K)->629K(34944K)
[232.203s][info][gc,heap        ] GC(790) Tenured: 10145K(699072K)->10186K(699072K)
[232.203s][info][gc,metaspace   ] GC(790) Metaspace: 14246K(15104K)->14246K(15104K) NonClass: 12303K(12864K)->12303K(12864K) Class: 1943K(2240K)->1943K(2240K)
[232.203s][info][gc             ] GC(790) Pause Young (Allocation Failure) 283M->10M(989M) 39.851ms
[232.203s][info][gc,cpu         ] GC(790) User=0.03s Sys=0.00s Real=0.04s
[232.469s][info][gc,start       ] GC(791) Pause Young (Allocation Failure)
[232.507s][info][gc,heap        ] GC(791) DefNew: 280245K(314560K)->630K(314560K) Eden: 279616K(279616K)->0K(279616K) From: 629K(34944K)->630K(34944K)
[232.507s][info][gc,heap        ] GC(791) Tenured: 10186K(699072K)->10227K(699072K)
[232.507s][info][gc,metaspace   ] GC(791) Metaspace: 14246K(15104K)->14246K(15104K) NonClass: 12303K(12864K)->12303K(12864K) Class: 1943K(2240K)->1943K(2240K)
[232.507s][info][gc             ] GC(791) Pause Young (Allocation Failure) 283M->10M(989M) 38.346ms
[232.507s][info][gc,cpu         ] GC(791) User=0.05s Sys=0.00s Real=0.03s
[232.782s][info][gc,start       ] GC(792) Pause Young (Allocation Failure)
[232.819s][info][gc,heap        ] GC(792) DefNew: 280246K(314560K)->633K(314560K) Eden: 279616K(279616K)->0K(279616K) From: 630K(34944K)->633K(34944K)
[232.819s][info][gc,heap        ] GC(792) Tenured: 10227K(699072K)->10269K(699072K)
[232.819s][info][gc,metaspace   ] GC(792) Metaspace: 14246K(15104K)->14246K(15104K) NonClass: 12303K(12864K)->12303K(12864K) Class: 1943K(2240K)->1943K(2240K)
[232.819s][info][gc             ] GC(792) Pause Young (Allocation Failure) 283M->10M(989M) 37.049ms
[232.819s][info][gc,cpu         ] GC(792) User=0.03s Sys=0.00s Real=0.03s
[233.084s][info][gc,start       ] GC(793) Pause Young (Allocation Failure)
[233.122s][info][gc,heap        ] GC(793) DefNew: 280249K(314560K)->633K(314560K) Eden: 279616K(279616K)->0K(279616K) From: 633K(34944K)->633K(34944K)
[233.122s][info][gc,heap        ] GC(793) Tenured: 10269K(699072K)->10314K(699072K)
[233.122s][info][gc,metaspace   ] GC(793) Metaspace: 14246K(15104K)->14246K(15104K) NonClass: 12303K(12864K)->12303K(12864K) Class: 1943K(2240K)->1943K(2240K)
[233.122s][info][gc             ] GC(793) Pause Young (Allocation Failure) 283M->10M(989M) 38.793ms
[233.122s][info][gc,cpu         ] GC(793) User=0.03s Sys=0.00s Real=0.03s
[233.383s][info][gc,start       ] GC(794) Pause Young (Allocation Failure)
[233.425s][info][gc,heap        ] GC(794) DefNew: 280249K(314560K)->633K(314560K) Eden: 279616K(279616K)->0K(279616K) From: 633K(34944K)->633K(34944K)
[233.425s][info][gc,heap        ] GC(794) Tenured: 10314K(699072K)->10355K(699072K)
[233.425s][info][gc,metaspace   ] GC(794) Metaspace: 14246K(15104K)->14246K(15104K) NonClass: 12303K(12864K)->12303K(12864K) Class: 1943K(2240K)->1943K(2240K)
[233.425s][info][gc             ] GC(794) Pause Young (Allocation Failure) 283M->10M(989M) 42.054ms
[233.426s][info][gc,cpu         ] GC(794) User=0.05s Sys=0.00s Real=0.04s
[233.688s][info][gc,start       ] GC(795) Pause Young (Allocation Failure)
[233.718s][info][gc,heap        ] GC(795) DefNew: 280249K(314560K)->631K(314560K) Eden: 279616K(279616K)->0K(279616K) From: 633K(34944K)->631K(34944K)
[233.718s][info][gc,heap        ] GC(795) Tenured: 10355K(699072K)->10397K(699072K)
[233.718s][info][gc,metaspace   ] GC(795) Metaspace: 14246K(15104K)->14246K(15104K) NonClass: 12303K(12864K)->12303K(12864K) Class: 1943K(2240K)->1943K(2240K)
[233.718s][info][gc             ] GC(795) Pause Young (Allocation Failure) 283M->10M(989M) 30.420ms
[233.718s][info][gc,cpu         ] GC(795) User=0.02s Sys=0.00s Real=0.02s
[233.980s][info][gc,start       ] GC(796) Pause Young (Allocation Failure)
[234.020s][info][gc,heap        ] GC(796) DefNew: 280247K(314560K)->629K(314560K) Eden: 279616K(279616K)->0K(279616K) From: 631K(34944K)->629K(34944K)
[234.020s][info][gc,heap        ] GC(796) Tenured: 10397K(699072K)->10438K(699072K)
[234.020s][info][gc,metaspace   ] GC(796) Metaspace: 14246K(15104K)->14246K(15104K) NonClass: 12303K(12864K)->12303K(12864K) Class: 1943K(2240K)->1943K(2240K)
[234.020s][info][gc             ] GC(796) Pause Young (Allocation Failure) 283M->10M(989M) 40.024ms
[234.020s][info][gc,cpu         ] GC(796) User=0.03s Sys=0.00s Real=0.03s
[234.285s][info][gc,start       ] GC(797) Pause Young (Allocation Failure)
[234.325s][info][gc,heap        ] GC(797) DefNew: 280245K(314560K)->631K(314560K) Eden: 279616K(279616K)->0K(279616K) From: 629K(34944K)->631K(34944K)
[234.325s][info][gc,heap        ] GC(797) Tenured: 10438K(699072K)->10480K(699072K)
[234.325s][info][gc,metaspace   ] GC(797) Metaspace: 14246K(15104K)->14246K(15104K) NonClass: 12303K(12864K)->12303K(12864K) Class: 1943K(2240K)->1943K(2240K)
[234.325s][info][gc             ] GC(797) Pause Young (Allocation Failure) 283M->10M(989M) 40.477ms
[234.325s][info][gc,cpu         ] GC(797) User=0.03s Sys=0.00s Real=0.03s
[234.587s][info][gc,start       ] GC(798) Pause Young (Allocation Failure)
[234.629s][info][gc,heap        ] GC(798) DefNew: 280247K(314560K)->629K(314560K) Eden: 279616K(279616K)->0K(279616K) From: 631K(34944K)->629K(34944K)
[234.629s][info][gc,heap        ] GC(798) Tenured: 10480K(699072K)->10522K(699072K)
[234.629s][info][gc,metaspace   ] GC(798) Metaspace: 14246K(15104K)->14246K(15104K) NonClass: 12303K(12864K)->12303K(12864K) Class: 1943K(2240K)->1943K(2240K)
[234.629s][info][gc             ] GC(798) Pause Young (Allocation Failure) 283M->10M(989M) 42.079ms
[234.629s][info][gc,cpu         ] GC(798) User=0.03s Sys=0.00s Real=0.03s
[234.893s][info][gc,start       ] GC(799) Pause Young (Allocation Failure)
[234.937s][info][gc,heap        ] GC(799) DefNew: 280245K(314560K)->631K(314560K) Eden: 279616K(279616K)->0K(279616K) From: 629K(34944K)->631K(34944K)
[234.937s][info][gc,heap        ] GC(799) Tenured: 10522K(699072K)->10561K(699072K)
[234.937s][info][gc,metaspace   ] GC(799) Metaspace: 14246K(15104K)->14246K(15104K) NonClass: 12303K(12864K)->12303K(12864K) Class: 1943K(2240K)->1943K(2240K)
[234.937s][info][gc             ] GC(799) Pause Young (Allocation Failure) 283M->10M(989M) 44.140ms
[234.937s][info][gc,cpu         ] GC(799) User=0.03s Sys=0.00s Real=0.04s
[235.199s][info][gc,start       ] GC(800) Pause Young (Allocation Failure)
[235.233s][info][gc,heap        ] GC(800) DefNew: 280247K(314560K)->630K(314560K) Eden: 279616K(279616K)->0K(279616K) From: 631K(34944K)->630K(34944K)
[235.233s][info][gc,heap        ] GC(800) Tenured: 10561K(699072K)->10602K(699072K)
[235.233s][info][gc,metaspace   ] GC(800) Metaspace: 14246K(15104K)->14246K(15104K) NonClass: 12303K(12864K)->12303K(12864K) Class: 1943K(2240K)->1943K(2240K)
[235.233s][info][gc             ] GC(800) Pause Young (Allocation Failure) 283M->10M(989M) 33.985ms
[235.233s][info][gc,cpu         ] GC(800) User=0.03s Sys=0.00s Real=0.03s
[235.494s][info][gc,start       ] GC(801) Pause Young (Allocation Failure)
[235.537s][info][gc,heap        ] GC(801) DefNew: 280246K(314560K)->630K(314560K) Eden: 279616K(279616K)->0K(279616K) From: 630K(34944K)->630K(34944K)
[235.537s][info][gc,heap        ] GC(801) Tenured: 10602K(699072K)->10641K(699072K)
[235.537s][info][gc,metaspace   ] GC(801) Metaspace: 14246K(15104K)->14246K(15104K) NonClass: 12303K(12864K)->12303K(12864K) Class: 1943K(2240K)->1943K(2240K)
[235.537s][info][gc             ] GC(801) Pause Young (Allocation Failure) 284M->11M(989M) 43.646ms
[235.537s][info][gc,cpu         ] GC(801) User=0.05s Sys=0.00s Real=0.04s
[235.841s][info][gc,start       ] GC(802) Pause Young (Allocation Failure)
[235.889s][info][gc,heap        ] GC(802) DefNew: 280246K(314560K)->629K(314560K) Eden: 279616K(279616K)->0K(279616K) From: 630K(34944K)->629K(34944K)
[235.889s][info][gc,heap        ] GC(802) Tenured: 10641K(699072K)->10682K(699072K)
[235.889s][info][gc,metaspace   ] GC(802) Metaspace: 14246K(15104K)->14246K(15104K) NonClass: 12303K(12864K)->12303K(12864K) Class: 1943K(2240K)->1943K(2240K)
[235.889s][info][gc             ] GC(802) Pause Young (Allocation Failure) 284M->11M(989M) 48.594ms
[235.890s][info][gc,cpu         ] GC(802) User=0.05s Sys=0.00s Real=0.05s
[236.158s][info][gc,start       ] GC(803) Pause Young (Allocation Failure)
[236.198s][info][gc,heap        ] GC(803) DefNew: 280245K(314560K)->629K(314560K) Eden: 279616K(279616K)->0K(279616K) From: 629K(34944K)->629K(34944K)
[236.198s][info][gc,heap        ] GC(803) Tenured: 10682K(699072K)->10723K(699072K)
[236.198s][info][gc,metaspace   ] GC(803) Metaspace: 14246K(15104K)->14246K(15104K) NonClass: 12303K(12864K)->12303K(12864K) Class: 1943K(2240K)->1943K(2240K)
[236.198s][info][gc             ] GC(803) Pause Young (Allocation Failure) 284M->11M(989M) 40.207ms
[236.198s][info][gc,cpu         ] GC(803) User=0.03s Sys=0.00s Real=0.04s
[236.480s][info][gc,start       ] GC(804) Pause Young (Allocation Failure)
[236.516s][info][gc,heap        ] GC(804) DefNew: 280245K(314560K)->630K(314560K) Eden: 279616K(279616K)->0K(279616K) From: 629K(34944K)->630K(34944K)
[236.516s][info][gc,heap        ] GC(804) Tenured: 10723K(699072K)->10765K(699072K)
[236.516s][info][gc,metaspace   ] GC(804) Metaspace: 14246K(15104K)->14246K(15104K) NonClass: 12303K(12864K)->12303K(12864K) Class: 1943K(2240K)->1943K(2240K)
[236.516s][info][gc             ] GC(804) Pause Young (Allocation Failure) 284M->11M(989M) 36.776ms
[236.517s][info][gc,cpu         ] GC(804) User=0.03s Sys=0.00s Real=0.03s
[236.780s][info][gc,start       ] GC(805) Pause Young (Allocation Failure)
[236.818s][info][gc,heap        ] GC(805) DefNew: 280246K(314560K)->630K(314560K) Eden: 279616K(279616K)->0K(279616K) From: 630K(34944K)->630K(34944K)
[236.818s][info][gc,heap        ] GC(805) Tenured: 10765K(699072K)->10806K(699072K)
[236.818s][info][gc,metaspace   ] GC(805) Metaspace: 14246K(15104K)->14246K(15104K) NonClass: 12303K(12864K)->12303K(12864K) Class: 1943K(2240K)->1943K(2240K)
[236.819s][info][gc             ] GC(805) Pause Young (Allocation Failure) 284M->11M(989M) 38.309ms
[236.819s][info][gc,cpu         ] GC(805) User=0.05s Sys=0.00s Real=0.03s
[237.081s][info][gc,start       ] GC(806) Pause Young (Allocation Failure)
[237.121s][info][gc,heap        ] GC(806) DefNew: 280246K(314560K)->629K(314560K) Eden: 279616K(279616K)->0K(279616K) From: 630K(34944K)->629K(34944K)
[237.121s][info][gc,heap        ] GC(806) Tenured: 10806K(699072K)->10848K(699072K)
[237.121s][info][gc,metaspace   ] GC(806) Metaspace: 14246K(15104K)->14246K(15104K) NonClass: 12303K(12864K)->12303K(12864K) Class: 1943K(2240K)->1943K(2240K)
[237.121s][info][gc             ] GC(806) Pause Young (Allocation Failure) 284M->11M(989M) 40.221ms
[237.121s][info][gc,cpu         ] GC(806) User=0.03s Sys=0.00s Real=0.04s
[237.383s][info][gc,start       ] GC(807) Pause Young (Allocation Failure)
[237.415s][info][gc,heap        ] GC(807) DefNew: 280245K(314560K)->624K(314560K) Eden: 279616K(279616K)->0K(279616K) From: 629K(34944K)->624K(34944K)
[237.415s][info][gc,heap        ] GC(807) Tenured: 10848K(699072K)->10895K(699072K)
[237.415s][info][gc,metaspace   ] GC(807) Metaspace: 14246K(15104K)->14246K(15104K) NonClass: 12303K(12864K)->12303K(12864K) Class: 1943K(2240K)->1943K(2240K)
[237.415s][info][gc             ] GC(807) Pause Young (Allocation Failure) 284M->11M(989M) 32.502ms
[237.415s][info][gc,cpu         ] GC(807) User=0.03s Sys=0.00s Real=0.03s
[237.676s][info][gc,start       ] GC(808) Pause Young (Allocation Failure)
[237.706s][info][gc,heap        ] GC(808) DefNew: 280240K(314560K)->622K(314560K) Eden: 279616K(279616K)->0K(279616K) From: 624K(34944K)->622K(34944K)
[237.707s][info][gc,heap        ] GC(808) Tenured: 10895K(699072K)->10939K(699072K)
[237.707s][info][gc,metaspace   ] GC(808) Metaspace: 14246K(15104K)->14246K(15104K) NonClass: 12303K(12864K)->12303K(12864K) Class: 1943K(2240K)->1943K(2240K)
[237.707s][info][gc             ] GC(808) Pause Young (Allocation Failure) 284M->11M(989M) 30.416ms
[237.707s][info][gc,cpu         ] GC(808) User=0.02s Sys=0.00s Real=0.02s
[237.965s][info][gc,start       ] GC(809) Pause Young (Allocation Failure)
[238.005s][info][gc,heap        ] GC(809) DefNew: 280238K(314560K)->621K(314560K) Eden: 279616K(279616K)->0K(279616K) From: 622K(34944K)->621K(34944K)
[238.005s][info][gc,heap        ] GC(809) Tenured: 10939K(699072K)->10981K(699072K)
[238.005s][info][gc,metaspace   ] GC(809) Metaspace: 14246K(15104K)->14246K(15104K) NonClass: 12303K(12864K)->12303K(12864K) Class: 1943K(2240K)->1943K(2240K)
[238.006s][info][gc             ] GC(809) Pause Young (Allocation Failure) 284M->11M(989M) 40.599ms
[238.006s][info][gc,cpu         ] GC(809) User=0.05s Sys=0.00s Real=0.04s
[238.270s][info][gc,start       ] GC(810) Pause Young (Allocation Failure)
[238.311s][info][gc,heap        ] GC(810) DefNew: 280237K(314560K)->628K(314560K) Eden: 279616K(279616K)->0K(279616K) From: 621K(34944K)->628K(34944K)
[238.311s][info][gc,heap        ] GC(810) Tenured: 10981K(699072K)->11019K(699072K)
[238.311s][info][gc,metaspace   ] GC(810) Metaspace: 14246K(15104K)->14246K(15104K) NonClass: 12303K(12864K)->12303K(12864K) Class: 1943K(2240K)->1943K(2240K)
[238.311s][info][gc             ] GC(810) Pause Young (Allocation Failure) 284M->11M(989M) 41.624ms
[238.311s][info][gc,cpu         ] GC(810) User=0.03s Sys=0.00s Real=0.04s
[238.574s][info][gc,start       ] GC(811) Pause Young (Allocation Failure)
[238.606s][info][gc,heap        ] GC(811) DefNew: 280244K(314560K)->630K(314560K) Eden: 279616K(279616K)->0K(279616K) From: 628K(34944K)->630K(34944K)
[238.606s][info][gc,heap        ] GC(811) Tenured: 11019K(699072K)->11060K(699072K)
[238.606s][info][gc,metaspace   ] GC(811) Metaspace: 14246K(15104K)->14246K(15104K) NonClass: 12303K(12864K)->12303K(12864K) Class: 1943K(2240K)->1943K(2240K)
[238.607s][info][gc             ] GC(811) Pause Young (Allocation Failure) 284M->11M(989M) 32.228ms
[238.607s][info][gc,cpu         ] GC(811) User=0.03s Sys=0.00s Real=0.03s
[238.866s][info][gc,start       ] GC(812) Pause Young (Allocation Failure)
[238.909s][info][gc,heap        ] GC(812) DefNew: 280246K(314560K)->630K(314560K) Eden: 279616K(279616K)->0K(279616K) From: 630K(34944K)->630K(34944K)
[238.909s][info][gc,heap        ] GC(812) Tenured: 11060K(699072K)->11102K(699072K)
[238.909s][info][gc,metaspace   ] GC(812) Metaspace: 14246K(15104K)->14246K(15104K) NonClass: 12303K(12864K)->12303K(12864K) Class: 1943K(2240K)->1943K(2240K)
[238.909s][info][gc             ] GC(812) Pause Young (Allocation Failure) 284M->11M(989M) 42.848ms
[238.909s][info][gc,cpu         ] GC(812) User=0.03s Sys=0.00s Real=0.03s
[239.172s][info][gc,start       ] GC(813) Pause Young (Allocation Failure)
[239.215s][info][gc,heap        ] GC(813) DefNew: 280246K(314560K)->628K(314560K) Eden: 279616K(279616K)->0K(279616K) From: 630K(34944K)->628K(34944K)
[239.215s][info][gc,heap        ] GC(813) Tenured: 11102K(699072K)->11143K(699072K)
[239.215s][info][gc,metaspace   ] GC(813) Metaspace: 14246K(15104K)->14246K(15104K) NonClass: 12303K(12864K)->12303K(12864K) Class: 1943K(2240K)->1943K(2240K)
[239.215s][info][gc             ] GC(813) Pause Young (Allocation Failure) 284M->11M(989M) 43.029ms
[239.215s][info][gc,cpu         ] GC(813) User=0.05s Sys=0.00s Real=0.03s
[239.477s][info][gc,start       ] GC(814) Pause Young (Allocation Failure)
[239.522s][info][gc,heap        ] GC(814) DefNew: 280244K(314560K)->625K(314560K) Eden: 279616K(279616K)->0K(279616K) From: 628K(34944K)->625K(34944K)
[239.522s][info][gc,heap        ] GC(814) Tenured: 11143K(699072K)->11185K(699072K)
[239.522s][info][gc,metaspace   ] GC(814) Metaspace: 14246K(15104K)->14246K(15104K) NonClass: 12303K(12864K)->12303K(12864K) Class: 1943K(2240K)->1943K(2240K)
[239.522s][info][gc             ] GC(814) Pause Young (Allocation Failure) 284M->11M(989M) 44.365ms
[239.522s][info][gc,cpu         ] GC(814) User=0.05s Sys=0.00s Real=0.04s
[239.828s][info][gc,start       ] GC(815) Pause Young (Allocation Failure)
[239.868s][info][gc,heap        ] GC(815) DefNew: 280241K(314560K)->629K(314560K) Eden: 279616K(279616K)->0K(279616K) From: 625K(34944K)->629K(34944K)
[239.868s][info][gc,heap        ] GC(815) Tenured: 11185K(699072K)->11223K(699072K)
[239.868s][info][gc,metaspace   ] GC(815) Metaspace: 14246K(15104K)->14246K(15104K) NonClass: 12303K(12864K)->12303K(12864K) Class: 1943K(2240K)->1943K(2240K)
[239.868s][info][gc             ] GC(815) Pause Young (Allocation Failure) 284M->11M(989M) 39.606ms
[239.868s][info][gc,cpu         ] GC(815) User=0.03s Sys=0.00s Real=0.03s
[240.143s][info][gc,start       ] GC(816) Pause Young (Allocation Failure)
[240.174s][info][gc,heap        ] GC(816) DefNew: 280245K(314560K)->638K(314560K) Eden: 279616K(279616K)->0K(279616K) From: 629K(34944K)->638K(34944K)
[240.174s][info][gc,heap        ] GC(816) Tenured: 11223K(699072K)->11262K(699072K)
[240.174s][info][gc,metaspace   ] GC(816) Metaspace: 14246K(15104K)->14246K(15104K) NonClass: 12303K(12864K)->12303K(12864K) Class: 1943K(2240K)->1943K(2240K)
[240.174s][info][gc             ] GC(816) Pause Young (Allocation Failure) 284M->11M(989M) 30.915ms
[240.174s][info][gc,cpu         ] GC(816) User=0.03s Sys=0.00s Real=0.03s
[240.448s][info][gc,start       ] GC(817) Pause Young (Allocation Failure)
[240.485s][info][gc,heap        ] GC(817) DefNew: 280254K(314560K)->638K(314560K) Eden: 279616K(279616K)->0K(279616K) From: 638K(34944K)->638K(34944K)
[240.485s][info][gc,heap        ] GC(817) Tenured: 11262K(699072K)->11303K(699072K)
[240.485s][info][gc,metaspace   ] GC(817) Metaspace: 14246K(15104K)->14246K(15104K) NonClass: 12303K(12864K)->12303K(12864K) Class: 1943K(2240K)->1943K(2240K)
[240.485s][info][gc             ] GC(817) Pause Young (Allocation Failure) 284M->11M(989M) 37.394ms
[240.485s][info][gc,cpu         ] GC(817) User=0.03s Sys=0.00s Real=0.03s
[240.746s][info][gc,start       ] GC(818) Pause Young (Allocation Failure)
[240.785s][info][gc,heap        ] GC(818) DefNew: 280254K(314560K)->638K(314560K) Eden: 279616K(279616K)->0K(279616K) From: 638K(34944K)->638K(34944K)
[240.785s][info][gc,heap        ] GC(818) Tenured: 11303K(699072K)->11345K(699072K)
[240.785s][info][gc,metaspace   ] GC(818) Metaspace: 14246K(15104K)->14246K(15104K) NonClass: 12303K(12864K)->12303K(12864K) Class: 1943K(2240K)->1943K(2240K)
[240.785s][info][gc             ] GC(818) Pause Young (Allocation Failure) 284M->11M(989M) 38.324ms
[240.785s][info][gc,cpu         ] GC(818) User=0.03s Sys=0.00s Real=0.03s
[241.046s][info][gc,start       ] GC(819) Pause Young (Allocation Failure)
[241.085s][info][gc,heap        ] GC(819) DefNew: 280254K(314560K)->638K(314560K) Eden: 279616K(279616K)->0K(279616K) From: 638K(34944K)->638K(34944K)
[241.085s][info][gc,heap        ] GC(819) Tenured: 11345K(699072K)->11387K(699072K)
[241.085s][info][gc,metaspace   ] GC(819) Metaspace: 14246K(15104K)->14246K(15104K) NonClass: 12303K(12864K)->12303K(12864K) Class: 1943K(2240K)->1943K(2240K)
[241.085s][info][gc             ] GC(819) Pause Young (Allocation Failure) 284M->11M(989M) 38.883ms
[241.085s][info][gc,cpu         ] GC(819) User=0.05s Sys=0.00s Real=0.04s
[241.344s][info][gc,start       ] GC(820) Pause Young (Allocation Failure)
[241.385s][info][gc,heap        ] GC(820) DefNew: 280254K(314560K)->637K(314560K) Eden: 279616K(279616K)->0K(279616K) From: 638K(34944K)->637K(34944K)
[241.385s][info][gc,heap        ] GC(820) Tenured: 11387K(699072K)->11428K(699072K)
[241.385s][info][gc,metaspace   ] GC(820) Metaspace: 14246K(15104K)->14246K(15104K) NonClass: 12303K(12864K)->12303K(12864K) Class: 1943K(2240K)->1943K(2240K)
[241.385s][info][gc             ] GC(820) Pause Young (Allocation Failure) 284M->11M(989M) 40.468ms
[241.385s][info][gc,cpu         ] GC(820) User=0.02s Sys=0.00s Real=0.03s
[241.645s][info][gc,start       ] GC(821) Pause Young (Allocation Failure)
[241.677s][info][gc,heap        ] GC(821) DefNew: 280253K(314560K)->637K(314560K) Eden: 279616K(279616K)->0K(279616K) From: 637K(34944K)->637K(34944K)
[241.677s][info][gc,heap        ] GC(821) Tenured: 11428K(699072K)->11470K(699072K)
[241.677s][info][gc,metaspace   ] GC(821) Metaspace: 14246K(15104K)->14246K(15104K) NonClass: 12303K(12864K)->12303K(12864K) Class: 1943K(2240K)->1943K(2240K)
[241.677s][info][gc             ] GC(821) Pause Young (Allocation Failure) 284M->11M(989M) 31.822ms
[241.677s][info][gc,cpu         ] GC(821) User=0.03s Sys=0.00s Real=0.03s
[241.937s][info][gc,start       ] GC(822) Pause Young (Allocation Failure)
[241.978s][info][gc,heap        ] GC(822) DefNew: 280253K(314560K)->634K(314560K) Eden: 279616K(279616K)->0K(279616K) From: 637K(34944K)->634K(34944K)
[241.978s][info][gc,heap        ] GC(822) Tenured: 11470K(699072K)->11511K(699072K)
[241.978s][info][gc,metaspace   ] GC(822) Metaspace: 14246K(15104K)->14246K(15104K) NonClass: 12303K(12864K)->12303K(12864K) Class: 1943K(2240K)->1943K(2240K)
[241.978s][info][gc             ] GC(822) Pause Young (Allocation Failure) 284M->11M(989M) 40.685ms
[241.978s][info][gc,cpu         ] GC(822) User=0.05s Sys=0.00s Real=0.04s
[242.241s][info][gc,start       ] GC(823) Pause Young (Allocation Failure)
[242.284s][info][gc,heap        ] GC(823) DefNew: 280250K(314560K)->637K(314560K) Eden: 279616K(279616K)->0K(279616K) From: 634K(34944K)->637K(34944K)
[242.284s][info][gc,heap        ] GC(823) Tenured: 11511K(699072K)->11553K(699072K)
[242.284s][info][gc,metaspace   ] GC(823) Metaspace: 14246K(15104K)->14246K(15104K) NonClass: 12303K(12864K)->12303K(12864K) Class: 1943K(2240K)->1943K(2240K)
[242.284s][info][gc             ] GC(823) Pause Young (Allocation Failure) 284M->11M(989M) 42.853ms
[242.284s][info][gc,cpu         ] GC(823) User=0.03s Sys=0.00s Real=0.03s
[242.547s][info][gc,start       ] GC(824) Pause Young (Allocation Failure)
[242.590s][info][gc,heap        ] GC(824) DefNew: 280253K(314560K)->636K(314560K) Eden: 279616K(279616K)->0K(279616K) From: 637K(34944K)->636K(34944K)
[242.590s][info][gc,heap        ] GC(824) Tenured: 11553K(699072K)->11594K(699072K)
[242.590s][info][gc,metaspace   ] GC(824) Metaspace: 14246K(15104K)->14246K(15104K) NonClass: 12303K(12864K)->12303K(12864K) Class: 1943K(2240K)->1943K(2240K)
[242.590s][info][gc             ] GC(824) Pause Young (Allocation Failure) 284M->11M(989M) 42.830ms
[242.590s][info][gc,cpu         ] GC(824) User=0.05s Sys=0.00s Real=0.04s
[242.853s][info][gc,start       ] GC(825) Pause Young (Allocation Failure)
[242.898s][info][gc,heap        ] GC(825) DefNew: 280252K(314560K)->633K(314560K) Eden: 279616K(279616K)->0K(279616K) From: 636K(34944K)->633K(34944K)
[242.898s][info][gc,heap        ] GC(825) Tenured: 11594K(699072K)->11640K(699072K)
[242.898s][info][gc,metaspace   ] GC(825) Metaspace: 14246K(15104K)->14246K(15104K) NonClass: 12303K(12864K)->12303K(12864K) Class: 1943K(2240K)->1943K(2240K)
[242.898s][info][gc             ] GC(825) Pause Young (Allocation Failure) 285M->11M(989M) 44.364ms
[242.898s][info][gc,cpu         ] GC(825) User=0.05s Sys=0.00s Real=0.04s
[243.163s][info][gc,start       ] GC(826) Pause Young (Allocation Failure)
[243.197s][info][gc,heap        ] GC(826) DefNew: 280249K(314560K)->633K(314560K) Eden: 279616K(279616K)->0K(279616K) From: 633K(34944K)->633K(34944K)
[243.197s][info][gc,heap        ] GC(826) Tenured: 11640K(699072K)->11681K(699072K)
[243.197s][info][gc,metaspace   ] GC(826) Metaspace: 14246K(15104K)->14246K(15104K) NonClass: 12303K(12864K)->12303K(12864K) Class: 1943K(2240K)->1943K(2240K)
[243.197s][info][gc             ] GC(826) Pause Young (Allocation Failure) 285M->12M(989M) 33.825ms
[243.197s][info][gc,cpu         ] GC(826) User=0.03s Sys=0.00s Real=0.03s
[243.457s][info][gc,start       ] GC(827) Pause Young (Allocation Failure)
[243.502s][info][gc,heap        ] GC(827) DefNew: 280249K(314560K)->631K(314560K) Eden: 279616K(279616K)->0K(279616K) From: 633K(34944K)->631K(34944K)
[243.502s][info][gc,heap        ] GC(827) Tenured: 11681K(699072K)->11723K(699072K)
[243.502s][info][gc,metaspace   ] GC(827) Metaspace: 14246K(15104K)->14246K(15104K) NonClass: 12303K(12864K)->12303K(12864K) Class: 1943K(2240K)->1943K(2240K)
[243.502s][info][gc             ] GC(827) Pause Young (Allocation Failure) 285M->12M(989M) 45.002ms
[243.502s][info][gc,cpu         ] GC(827) User=0.03s Sys=0.02s Real=0.05s
[243.768s][info][gc,start       ] GC(828) Pause Young (Allocation Failure)
[243.814s][info][gc,heap        ] GC(828) DefNew: 280247K(314560K)->636K(314560K) Eden: 279616K(279616K)->0K(279616K) From: 631K(34944K)->636K(34944K)
[243.814s][info][gc,heap        ] GC(828) Tenured: 11723K(699072K)->11762K(699072K)
[243.814s][info][gc,metaspace   ] GC(828) Metaspace: 14246K(15104K)->14246K(15104K) NonClass: 12303K(12864K)->12303K(12864K) Class: 1943K(2240K)->1943K(2240K)
[243.814s][info][gc             ] GC(828) Pause Young (Allocation Failure) 285M->12M(989M) 45.480ms
[243.814s][info][gc,cpu         ] GC(828) User=0.03s Sys=0.00s Real=0.04s
[244.092s][info][gc,start       ] GC(829) Pause Young (Allocation Failure)
[244.133s][info][gc,heap        ] GC(829) DefNew: 280252K(314560K)->639K(314560K) Eden: 279616K(279616K)->0K(279616K) From: 636K(34944K)->639K(34944K)
[244.133s][info][gc,heap        ] GC(829) Tenured: 11762K(699072K)->11803K(699072K)
[244.133s][info][gc,metaspace   ] GC(829) Metaspace: 14246K(15104K)->14246K(15104K) NonClass: 12303K(12864K)->12303K(12864K) Class: 1943K(2240K)->1943K(2240K)
[244.133s][info][gc             ] GC(829) Pause Young (Allocation Failure) 285M->12M(989M) 41.188ms
[244.133s][info][gc,cpu         ] GC(829) User=0.05s Sys=0.00s Real=0.04s
[244.379s][info][gc,start       ] GC(830) Pause Young (Allocation Failure)
[244.421s][info][gc,heap        ] GC(830) DefNew: 280255K(314560K)->635K(314560K) Eden: 279616K(279616K)->0K(279616K) From: 639K(34944K)->635K(34944K)
[244.421s][info][gc,heap        ] GC(830) Tenured: 11803K(699072K)->11844K(699072K)
[244.421s][info][gc,metaspace   ] GC(830) Metaspace: 14246K(15104K)->14246K(15104K) NonClass: 12303K(12864K)->12303K(12864K) Class: 1943K(2240K)->1943K(2240K)
[244.421s][info][gc             ] GC(830) Pause Young (Allocation Failure) 285M->12M(989M) 41.679ms
[244.421s][info][gc,cpu         ] GC(830) User=0.03s Sys=0.00s Real=0.04s
[244.587s][info][gc,start       ] GC(831) Pause Young (Allocation Failure)
[244.625s][info][gc,heap        ] GC(831) DefNew: 280251K(314560K)->614K(314560K) Eden: 279616K(279616K)->0K(279616K) From: 635K(34944K)->614K(34944K)
[244.626s][info][gc,heap        ] GC(831) Tenured: 11844K(699072K)->11892K(699072K)
[244.626s][info][gc,metaspace   ] GC(831) Metaspace: 14246K(15104K)->14246K(15104K) NonClass: 12303K(12864K)->12303K(12864K) Class: 1943K(2240K)->1943K(2240K)
[244.626s][info][gc             ] GC(831) Pause Young (Allocation Failure) 285M->12M(989M) 39.111ms
[244.626s][info][gc,cpu         ] GC(831) User=0.03s Sys=0.00s Real=0.03s
[244.894s][info][gc,start       ] GC(832) Pause Young (Allocation Failure)
[244.927s][info][gc,heap        ] GC(832) DefNew: 280230K(314560K)->614K(314560K) Eden: 279616K(279616K)->0K(279616K) From: 614K(34944K)->614K(34944K)
[244.928s][info][gc,heap        ] GC(832) Tenured: 11892K(699072K)->11933K(699072K)
[244.928s][info][gc,metaspace   ] GC(832) Metaspace: 14246K(15104K)->14246K(15104K) NonClass: 12303K(12864K)->12303K(12864K) Class: 1943K(2240K)->1943K(2240K)
[244.928s][info][gc             ] GC(832) Pause Young (Allocation Failure) 285M->12M(989M) 33.872ms
[244.928s][info][gc,cpu         ] GC(832) User=0.02s Sys=0.00s Real=0.03s
[244.982s][info][gc,start       ] GC(833) Pause Full (System.gc())
[244.982s][info][gc,phases,start] GC(833) Phase 1: Mark live objects
[245.015s][info][gc,phases      ] GC(833) Phase 1: Mark live objects 32.864ms
[245.015s][info][gc,phases,start] GC(833) Phase 2: Compute new object addresses
[245.020s][info][gc,phases      ] GC(833) Phase 2: Compute new object addresses 5.589ms
[245.020s][info][gc,phases,start] GC(833) Phase 3: Adjust pointers
[245.041s][info][gc,phases      ] GC(833) Phase 3: Adjust pointers 21.071ms
[245.041s][info][gc,phases,start] GC(833) Phase 4: Move objects
[245.041s][info][gc,phases      ] GC(833) Phase 4: Move objects 0.013ms
[245.041s][info][gc,heap        ] GC(833) DefNew: 16889K(314560K)->0K(314560K) Eden: 16275K(279616K)->0K(279616K) From: 614K(34944K)->0K(34944K)
[245.041s][info][gc,heap        ] GC(833) Tenured: 11933K(699072K)->11934K(699072K)
[245.041s][info][gc,metaspace   ] GC(833) Metaspace: 14248K(15104K)->14248K(15104K) NonClass: 12305K(12864K)->12305K(12864K) Class: 1943K(2240K)->1943K(2240K)
[245.041s][info][gc             ] GC(833) Pause Full (System.gc()) 28M->11M(989M) 59.866ms
[245.041s][info][gc,cpu         ] GC(833) User=0.05s Sys=0.00s Real=0.05s
[245.269s][info][gc,start       ] GC(834) Pause Young (Allocation Failure)
[245.299s][info][gc,heap        ] GC(834) DefNew: 279616K(314560K)->1496K(314560K) Eden: 279616K(279616K)->0K(279616K) From: 0K(34944K)->1496K(34944K)
[245.299s][info][gc,heap        ] GC(834) Tenured: 11934K(699072K)->11934K(699072K)
[245.299s][info][gc,metaspace   ] GC(834) Metaspace: 14255K(15104K)->14255K(15104K) NonClass: 12312K(12864K)->12312K(12864K) Class: 1943K(2240K)->1943K(2240K)
[245.299s][info][gc             ] GC(834) Pause Young (Allocation Failure) 284M->13M(989M) 30.345ms
[245.299s][info][gc,cpu         ] GC(834) User=0.03s Sys=0.00s Real=0.03s
[245.558s][info][gc,start       ] GC(835) Pause Young (Allocation Failure)
[245.592s][info][gc,heap        ] GC(835) DefNew: 281112K(314560K)->1536K(314560K) Eden: 279616K(279616K)->0K(279616K) From: 1496K(34944K)->1536K(34944K)
[245.592s][info][gc,heap        ] GC(835) Tenured: 11934K(699072K)->11934K(699072K)
[245.592s][info][gc,metaspace   ] GC(835) Metaspace: 14255K(15104K)->14255K(15104K) NonClass: 12312K(12864K)->12312K(12864K) Class: 1943K(2240K)->1943K(2240K)
[245.592s][info][gc             ] GC(835) Pause Young (Allocation Failure) 286M->13M(989M) 33.983ms
[245.592s][info][gc,cpu         ] GC(835) User=0.03s Sys=0.00s Real=0.03s
[245.851s][info][gc,start       ] GC(836) Pause Young (Allocation Failure)
[245.892s][info][gc,heap        ] GC(836) DefNew: 281152K(314560K)->1578K(314560K) Eden: 279616K(279616K)->0K(279616K) From: 1536K(34944K)->1578K(34944K)
[245.892s][info][gc,heap        ] GC(836) Tenured: 11934K(699072K)->11934K(699072K)
[245.892s][info][gc,metaspace   ] GC(836) Metaspace: 14255K(15104K)->14255K(15104K) NonClass: 12312K(12864K)->12312K(12864K) Class: 1943K(2240K)->1943K(2240K)
[245.892s][info][gc             ] GC(836) Pause Young (Allocation Failure) 286M->13M(989M) 41.031ms
[245.892s][info][gc,cpu         ] GC(836) User=0.03s Sys=0.00s Real=0.03s
[246.153s][info][gc,start       ] GC(837) Pause Young (Allocation Failure)
[246.196s][info][gc,heap        ] GC(837) DefNew: 281194K(314560K)->1618K(314560K) Eden: 279616K(279616K)->0K(279616K) From: 1578K(34944K)->1618K(34944K)
[246.196s][info][gc,heap        ] GC(837) Tenured: 11934K(699072K)->11934K(699072K)
[246.196s][info][gc,metaspace   ] GC(837) Metaspace: 14255K(15104K)->14255K(15104K) NonClass: 12312K(12864K)->12312K(12864K) Class: 1943K(2240K)->1943K(2240K)
[246.196s][info][gc             ] GC(837) Pause Young (Allocation Failure) 286M->13M(989M) 42.960ms
[246.196s][info][gc,cpu         ] GC(837) User=0.05s Sys=0.00s Real=0.04s
[246.469s][info][gc,start       ] GC(838) Pause Young (Allocation Failure)
[246.513s][info][gc,heap        ] GC(838) DefNew: 281234K(314560K)->1661K(314560K) Eden: 279616K(279616K)->0K(279616K) From: 1618K(34944K)->1661K(34944K)
[246.513s][info][gc,heap        ] GC(838) Tenured: 11934K(699072K)->11934K(699072K)
[246.513s][info][gc,metaspace   ] GC(838) Metaspace: 14255K(15104K)->14255K(15104K) NonClass: 12312K(12864K)->12312K(12864K) Class: 1943K(2240K)->1943K(2240K)
[246.513s][info][gc             ] GC(838) Pause Young (Allocation Failure) 286M->13M(989M) 43.878ms
[246.513s][info][gc,cpu         ] GC(838) User=0.03s Sys=0.00s Real=0.04s
[246.780s][info][gc,start       ] GC(839) Pause Young (Allocation Failure)
[246.822s][info][gc,heap        ] GC(839) DefNew: 281277K(314560K)->1703K(314560K) Eden: 279616K(279616K)->0K(279616K) From: 1661K(34944K)->1703K(34944K)
[246.822s][info][gc,heap        ] GC(839) Tenured: 11934K(699072K)->11934K(699072K)
[246.822s][info][gc,metaspace   ] GC(839) Metaspace: 14255K(15104K)->14255K(15104K) NonClass: 12312K(12864K)->12312K(12864K) Class: 1943K(2240K)->1943K(2240K)
[246.822s][info][gc             ] GC(839) Pause Young (Allocation Failure) 286M->13M(989M) 42.243ms
[246.822s][info][gc,cpu         ] GC(839) User=0.05s Sys=0.00s Real=0.04s
[247.090s][info][gc,start       ] GC(840) Pause Young (Allocation Failure)
[247.126s][info][gc,heap        ] GC(840) DefNew: 281319K(314560K)->1745K(314560K) Eden: 279616K(279616K)->0K(279616K) From: 1703K(34944K)->1745K(34944K)
[247.126s][info][gc,heap        ] GC(840) Tenured: 11934K(699072K)->11934K(699072K)
[247.126s][info][gc,metaspace   ] GC(840) Metaspace: 14255K(15104K)->14255K(15104K) NonClass: 12312K(12864K)->12312K(12864K) Class: 1943K(2240K)->1943K(2240K)
[247.126s][info][gc             ] GC(840) Pause Young (Allocation Failure) 286M->13M(989M) 36.225ms
[247.126s][info][gc,cpu         ] GC(840) User=0.03s Sys=0.00s Real=0.03s
[247.410s][info][gc,start       ] GC(841) Pause Young (Allocation Failure)
[247.439s][info][gc,heap        ] GC(841) DefNew: 281361K(314560K)->1789K(314560K) Eden: 279616K(279616K)->0K(279616K) From: 1745K(34944K)->1789K(34944K)
[247.445s][info][gc,heap        ] GC(841) Tenured: 11934K(699072K)->11934K(699072K)
[247.445s][info][gc,metaspace   ] GC(841) Metaspace: 14255K(15104K)->14255K(15104K) NonClass: 12312K(12864K)->12312K(12864K) Class: 1943K(2240K)->1943K(2240K)
[247.445s][info][gc             ] GC(841) Pause Young (Allocation Failure) 286M->13M(989M) 34.566ms
[247.445s][info][gc,cpu         ] GC(841) User=0.02s Sys=0.00s Real=0.04s
[247.704s][info][gc,start       ] GC(842) Pause Young (Allocation Failure)
[247.734s][info][gc,heap        ] GC(842) DefNew: 281405K(314560K)->1830K(314560K) Eden: 279616K(279616K)->0K(279616K) From: 1789K(34944K)->1830K(34944K)
[247.734s][info][gc,heap        ] GC(842) Tenured: 11934K(699072K)->11934K(699072K)
[247.734s][info][gc,metaspace   ] GC(842) Metaspace: 14255K(15104K)->14255K(15104K) NonClass: 12312K(12864K)->12312K(12864K) Class: 1943K(2240K)->1943K(2240K)
[247.735s][info][gc             ] GC(842) Pause Young (Allocation Failure) 286M->13M(989M) 30.817ms
[247.735s][info][gc,cpu         ] GC(842) User=0.02s Sys=0.00s Real=0.03s
[247.994s][info][gc,start       ] GC(843) Pause Young (Allocation Failure)
[248.032s][info][gc,heap        ] GC(843) DefNew: 281446K(314560K)->1870K(314560K) Eden: 279616K(279616K)->0K(279616K) From: 1830K(34944K)->1870K(34944K)
[248.032s][info][gc,heap        ] GC(843) Tenured: 11934K(699072K)->11934K(699072K)
[248.032s][info][gc,metaspace   ] GC(843) Metaspace: 14255K(15104K)->14255K(15104K) NonClass: 12312K(12864K)->12312K(12864K) Class: 1943K(2240K)->1943K(2240K)
[248.032s][info][gc             ] GC(843) Pause Young (Allocation Failure) 286M->13M(989M) 38.261ms
[248.032s][info][gc,cpu         ] GC(843) User=0.03s Sys=0.00s Real=0.04s
[248.298s][info][gc,start       ] GC(844) Pause Young (Allocation Failure)
[248.337s][info][gc,heap        ] GC(844) DefNew: 281486K(314560K)->1912K(314560K) Eden: 279615K(279616K)->0K(279616K) From: 1870K(34944K)->1912K(34944K)
[248.337s][info][gc,heap        ] GC(844) Tenured: 11934K(699072K)->11934K(699072K)
[248.337s][info][gc,metaspace   ] GC(844) Metaspace: 14255K(15104K)->14255K(15104K) NonClass: 12312K(12864K)->12312K(12864K) Class: 1943K(2240K)->1943K(2240K)
[248.337s][info][gc             ] GC(844) Pause Young (Allocation Failure) 286M->13M(989M) 39.108ms
[248.337s][info][gc,cpu         ] GC(844) User=0.02s Sys=0.00s Real=0.03s
[248.597s][info][gc,start       ] GC(845) Pause Young (Allocation Failure)
[248.637s][info][gc,heap        ] GC(845) DefNew: 281528K(314560K)->1954K(314560K) Eden: 279616K(279616K)->0K(279616K) From: 1912K(34944K)->1954K(34944K)
[248.637s][info][gc,heap        ] GC(845) Tenured: 11934K(699072K)->11934K(699072K)
[248.637s][info][gc,metaspace   ] GC(845) Metaspace: 14255K(15104K)->14255K(15104K) NonClass: 12312K(12864K)->12312K(12864K) Class: 1943K(2240K)->1943K(2240K)
[248.637s][info][gc             ] GC(845) Pause Young (Allocation Failure) 286M->13M(989M) 39.634ms
[248.637s][info][gc,cpu         ] GC(845) User=0.02s Sys=0.00s Real=0.03s
[248.903s][info][gc,start       ] GC(846) Pause Young (Allocation Failure)
[248.943s][info][gc,heap        ] GC(846) DefNew: 281570K(314560K)->1994K(314560K) Eden: 279616K(279616K)->0K(279616K) From: 1954K(34944K)->1994K(34944K)
[248.943s][info][gc,heap        ] GC(846) Tenured: 11934K(699072K)->11934K(699072K)
[248.943s][info][gc,metaspace   ] GC(846) Metaspace: 14255K(15104K)->14255K(15104K) NonClass: 12312K(12864K)->12312K(12864K) Class: 1943K(2240K)->1943K(2240K)
[248.943s][info][gc             ] GC(846) Pause Young (Allocation Failure) 286M->13M(989M) 39.856ms
[248.943s][info][gc,cpu         ] GC(846) User=0.05s Sys=0.00s Real=0.04s
[249.218s][info][gc,start       ] GC(847) Pause Young (Allocation Failure)
[249.250s][info][gc,heap        ] GC(847) DefNew: 281610K(314560K)->2037K(314560K) Eden: 279616K(279616K)->0K(279616K) From: 1994K(34944K)->2037K(34944K)
[249.250s][info][gc,heap        ] GC(847) Tenured: 11934K(699072K)->11934K(699072K)
[249.250s][info][gc,metaspace   ] GC(847) Metaspace: 14255K(15104K)->14255K(15104K) NonClass: 12312K(12864K)->12312K(12864K) Class: 1943K(2240K)->1943K(2240K)
[249.250s][info][gc             ] GC(847) Pause Young (Allocation Failure) 286M->13M(989M) 32.347ms
[249.250s][info][gc,cpu         ] GC(847) User=0.03s Sys=0.00s Real=0.02s
[249.512s][info][gc,start       ] GC(848) Pause Young (Allocation Failure)
[249.544s][info][gc,heap        ] GC(848) DefNew: 281653K(314560K)->2081K(314560K) Eden: 279616K(279616K)->0K(279616K) From: 2037K(34944K)->2081K(34944K)
[249.544s][info][gc,heap        ] GC(848) Tenured: 11934K(699072K)->11934K(699072K)
[249.544s][info][gc,metaspace   ] GC(848) Metaspace: 14255K(15104K)->14255K(15104K) NonClass: 12312K(12864K)->12312K(12864K) Class: 1943K(2240K)->1943K(2240K)
[249.544s][info][gc             ] GC(848) Pause Young (Allocation Failure) 286M->13M(989M) 31.633ms
[249.544s][info][gc,cpu         ] GC(848) User=0.03s Sys=0.00s Real=0.03s
[249.804s][info][gc,start       ] GC(849) Pause Young (Allocation Failure)
[249.847s][info][gc,heap        ] GC(849) DefNew: 281697K(314560K)->635K(314560K) Eden: 279616K(279616K)->0K(279616K) From: 2081K(34944K)->635K(34944K)
[249.847s][info][gc,heap        ] GC(849) Tenured: 11934K(699072K)->13420K(699072K)
[249.847s][info][gc,metaspace   ] GC(849) Metaspace: 14255K(15104K)->14255K(15104K) NonClass: 12312K(12864K)->12312K(12864K) Class: 1943K(2240K)->1943K(2240K)
[249.847s][info][gc             ] GC(849) Pause Young (Allocation Failure) 286M->13M(989M) 42.960ms
[249.847s][info][gc,cpu         ] GC(849) User=0.05s Sys=0.00s Real=0.04s
[250.122s][info][gc,start       ] GC(850) Pause Young (Allocation Failure)
[250.164s][info][gc,heap        ] GC(850) DefNew: 280251K(314560K)->639K(314560K) Eden: 279616K(279616K)->0K(279616K) From: 635K(34944K)->639K(34944K)
[250.164s][info][gc,heap        ] GC(850) Tenured: 13420K(699072K)->13462K(699072K)
[250.164s][info][gc,metaspace   ] GC(850) Metaspace: 14255K(15104K)->14255K(15104K) NonClass: 12312K(12864K)->12312K(12864K) Class: 1943K(2240K)->1943K(2240K)
[250.164s][info][gc             ] GC(850) Pause Young (Allocation Failure) 286M->13M(989M) 42.485ms
[250.164s][info][gc,cpu         ] GC(850) User=0.03s Sys=0.00s Real=0.04s
[250.563s][info][gc,start       ] GC(851) Pause Young (Allocation Failure)
[250.611s][info][gc,heap        ] GC(851) DefNew: 280255K(314560K)->642K(314560K) Eden: 279616K(279616K)->0K(279616K) From: 639K(34944K)->642K(34944K)
[250.611s][info][gc,heap        ] GC(851) Tenured: 13462K(699072K)->13503K(699072K)
[250.611s][info][gc,metaspace   ] GC(851) Metaspace: 14255K(15104K)->14255K(15104K) NonClass: 12312K(12864K)->12312K(12864K) Class: 1943K(2240K)->1943K(2240K)
[250.611s][info][gc             ] GC(851) Pause Young (Allocation Failure) 286M->13M(989M) 48.576ms
[250.611s][info][gc,cpu         ] GC(851) User=0.06s Sys=0.00s Real=0.05s
[250.889s][info][gc,start       ] GC(852) Pause Young (Allocation Failure)
[250.918s][info][gc,heap        ] GC(852) DefNew: 280258K(314560K)->645K(314560K) Eden: 279616K(279616K)->0K(279616K) From: 642K(34944K)->645K(34944K)
[250.918s][info][gc,heap        ] GC(852) Tenured: 13503K(699072K)->13545K(699072K)
[250.918s][info][gc,metaspace   ] GC(852) Metaspace: 14255K(15104K)->14255K(15104K) NonClass: 12312K(12864K)->12312K(12864K) Class: 1943K(2240K)->1943K(2240K)
[250.918s][info][gc             ] GC(852) Pause Young (Allocation Failure) 286M->13M(989M) 29.690ms
[250.918s][info][gc,cpu         ] GC(852) User=0.03s Sys=0.00s Real=0.03s
[251.191s][info][gc,start       ] GC(853) Pause Young (Allocation Failure)
[251.228s][info][gc,heap        ] GC(853) DefNew: 280261K(314560K)->647K(314560K) Eden: 279616K(279616K)->0K(279616K) From: 645K(34944K)->647K(34944K)
[251.228s][info][gc,heap        ] GC(853) Tenured: 13545K(699072K)->13586K(699072K)
[251.228s][info][gc,metaspace   ] GC(853) Metaspace: 14255K(15104K)->14255K(15104K) NonClass: 12312K(12864K)->12312K(12864K) Class: 1943K(2240K)->1943K(2240K)
[251.228s][info][gc             ] GC(853) Pause Young (Allocation Failure) 286M->13M(989M) 36.844ms
[251.228s][info][gc,cpu         ] GC(853) User=0.03s Sys=0.00s Real=0.03s
[251.514s][info][gc,start       ] GC(854) Pause Young (Allocation Failure)
[251.550s][info][gc,heap        ] GC(854) DefNew: 280263K(314560K)->649K(314560K) Eden: 279616K(279616K)->0K(279616K) From: 647K(34944K)->649K(34944K)
[251.550s][info][gc,heap        ] GC(854) Tenured: 13586K(699072K)->13628K(699072K)
[251.550s][info][gc,metaspace   ] GC(854) Metaspace: 14255K(15104K)->14255K(15104K) NonClass: 12312K(12864K)->12312K(12864K) Class: 1943K(2240K)->1943K(2240K)
[251.550s][info][gc             ] GC(854) Pause Young (Allocation Failure) 286M->13M(989M) 35.561ms
[251.550s][info][gc,cpu         ] GC(854) User=0.03s Sys=0.00s Real=0.02s
[251.818s][info][gc,start       ] GC(855) Pause Young (Allocation Failure)
[251.855s][info][gc,heap        ] GC(855) DefNew: 280265K(314560K)->649K(314560K) Eden: 279616K(279616K)->0K(279616K) From: 649K(34944K)->649K(34944K)
[251.855s][info][gc,heap        ] GC(855) Tenured: 13628K(699072K)->13669K(699072K)
[251.855s][info][gc,metaspace   ] GC(855) Metaspace: 14255K(15104K)->14255K(15104K) NonClass: 12312K(12864K)->12312K(12864K) Class: 1943K(2240K)->1943K(2240K)
[251.855s][info][gc             ] GC(855) Pause Young (Allocation Failure) 287M->13M(989M) 37.364ms
[251.855s][info][gc,cpu         ] GC(855) User=0.03s Sys=0.00s Real=0.03s
[252.126s][info][gc,start       ] GC(856) Pause Young (Allocation Failure)
[252.163s][info][gc,heap        ] GC(856) DefNew: 280265K(314560K)->647K(314560K) Eden: 279616K(279616K)->0K(279616K) From: 649K(34944K)->647K(34944K)
[252.163s][info][gc,heap        ] GC(856) Tenured: 13669K(699072K)->13714K(699072K)
[252.163s][info][gc,metaspace   ] GC(856) Metaspace: 14255K(15104K)->14255K(15104K) NonClass: 12312K(12864K)->12312K(12864K) Class: 1943K(2240K)->1943K(2240K)
[252.163s][info][gc             ] GC(856) Pause Young (Allocation Failure) 287M->14M(989M) 37.585ms
[252.163s][info][gc,cpu         ] GC(856) User=0.03s Sys=0.00s Real=0.03s
[252.434s][info][gc,start       ] GC(857) Pause Young (Allocation Failure)
[252.472s][info][gc,heap        ] GC(857) DefNew: 280263K(314560K)->645K(314560K) Eden: 279616K(279616K)->0K(279616K) From: 647K(34944K)->645K(34944K)
[252.472s][info][gc,heap        ] GC(857) Tenured: 13714K(699072K)->13756K(699072K)
[252.472s][info][gc,metaspace   ] GC(857) Metaspace: 14255K(15104K)->14255K(15104K) NonClass: 12312K(12864K)->12312K(12864K) Class: 1943K(2240K)->1943K(2240K)
[252.472s][info][gc             ] GC(857) Pause Young (Allocation Failure) 287M->14M(989M) 38.687ms
[252.472s][info][gc,cpu         ] GC(857) User=0.05s Sys=0.00s Real=0.04s
[252.745s][info][gc,start       ] GC(858) Pause Young (Allocation Failure)
[252.784s][info][gc,heap        ] GC(858) DefNew: 280261K(314560K)->646K(314560K) Eden: 279616K(279616K)->0K(279616K) From: 645K(34944K)->646K(34944K)
[252.784s][info][gc,heap        ] GC(858) Tenured: 13756K(699072K)->13794K(699072K)
[252.784s][info][gc,metaspace   ] GC(858) Metaspace: 14255K(15104K)->14255K(15104K) NonClass: 12312K(12864K)->12312K(12864K) Class: 1943K(2240K)->1943K(2240K)
[252.784s][info][gc             ] GC(858) Pause Young (Allocation Failure) 287M->14M(989M) 38.764ms
[252.784s][info][gc,cpu         ] GC(858) User=0.05s Sys=0.00s Real=0.04s
[253.056s][info][gc,start       ] GC(859) Pause Young (Allocation Failure)
[253.096s][info][gc,heap        ] GC(859) DefNew: 280262K(314560K)->647K(314560K) Eden: 279615K(279616K)->0K(279616K) From: 646K(34944K)->647K(34944K)
[253.096s][info][gc,heap        ] GC(859) Tenured: 13794K(699072K)->13836K(699072K)
[253.096s][info][gc,metaspace   ] GC(859) Metaspace: 14255K(15104K)->14255K(15104K) NonClass: 12312K(12864K)->12312K(12864K) Class: 1943K(2240K)->1943K(2240K)
[253.096s][info][gc             ] GC(859) Pause Young (Allocation Failure) 287M->14M(989M) 40.641ms
[253.096s][info][gc,cpu         ] GC(859) User=0.03s Sys=0.00s Real=0.03s
[253.369s][info][gc,start       ] GC(860) Pause Young (Allocation Failure)
[253.410s][info][gc,heap        ] GC(860) DefNew: 280263K(314560K)->647K(314560K) Eden: 279616K(279616K)->0K(279616K) From: 647K(34944K)->647K(34944K)
[253.410s][info][gc,heap        ] GC(860) Tenured: 13836K(699072K)->13878K(699072K)
[253.410s][info][gc,metaspace   ] GC(860) Metaspace: 14255K(15104K)->14255K(15104K) NonClass: 12312K(12864K)->12312K(12864K) Class: 1943K(2240K)->1943K(2240K)
[253.410s][info][gc             ] GC(860) Pause Young (Allocation Failure) 287M->14M(989M) 40.753ms
[253.410s][info][gc,cpu         ] GC(860) User=0.03s Sys=0.00s Real=0.03s
[253.682s][info][gc,start       ] GC(861) Pause Young (Allocation Failure)
[253.723s][info][gc,heap        ] GC(861) DefNew: 280263K(314560K)->647K(314560K) Eden: 279616K(279616K)->0K(279616K) From: 647K(34944K)->647K(34944K)
[253.723s][info][gc,heap        ] GC(861) Tenured: 13878K(699072K)->13920K(699072K)
[253.723s][info][gc,metaspace   ] GC(861) Metaspace: 14255K(15104K)->14255K(15104K) NonClass: 12312K(12864K)->12312K(12864K) Class: 1943K(2240K)->1943K(2240K)
[253.723s][info][gc             ] GC(861) Pause Young (Allocation Failure) 287M->14M(989M) 41.208ms
[253.723s][info][gc,cpu         ] GC(861) User=0.03s Sys=0.00s Real=0.03s
[253.994s][info][gc,start       ] GC(862) Pause Young (Allocation Failure)
[254.036s][info][gc,heap        ] GC(862) DefNew: 280263K(314560K)->645K(314560K) Eden: 279616K(279616K)->0K(279616K) From: 647K(34944K)->645K(34944K)
[254.036s][info][gc,heap        ] GC(862) Tenured: 13920K(699072K)->13961K(699072K)
[254.036s][info][gc,metaspace   ] GC(862) Metaspace: 14255K(15104K)->14255K(15104K) NonClass: 12312K(12864K)->12312K(12864K) Class: 1943K(2240K)->1943K(2240K)
[254.036s][info][gc             ] GC(862) Pause Young (Allocation Failure) 287M->14M(989M) 41.744ms
[254.036s][info][gc,cpu         ] GC(862) User=0.03s Sys=0.00s Real=0.03s
[254.305s][info][gc,start       ] GC(863) Pause Young (Allocation Failure)
[254.347s][info][gc,heap        ] GC(863) DefNew: 280261K(314560K)->643K(314560K) Eden: 279616K(279616K)->0K(279616K) From: 645K(34944K)->643K(34944K)
[254.347s][info][gc,heap        ] GC(863) Tenured: 13961K(699072K)->14006K(699072K)
[254.347s][info][gc,metaspace   ] GC(863) Metaspace: 14255K(15104K)->14255K(15104K) NonClass: 12312K(12864K)->12312K(12864K) Class: 1943K(2240K)->1943K(2240K)
[254.347s][info][gc             ] GC(863) Pause Young (Allocation Failure) 287M->14M(989M) 42.468ms
[254.347s][info][gc,cpu         ] GC(863) User=0.05s Sys=0.00s Real=0.04s
[254.620s][info][gc,start       ] GC(864) Pause Young (Allocation Failure)
[254.664s][info][gc,heap        ] GC(864) DefNew: 280259K(314560K)->647K(314560K) Eden: 279616K(279616K)->0K(279616K) From: 643K(34944K)->647K(34944K)
[254.664s][info][gc,heap        ] GC(864) Tenured: 14006K(699072K)->14047K(699072K)
[254.664s][info][gc,metaspace   ] GC(864) Metaspace: 14255K(15104K)->14255K(15104K) NonClass: 12312K(12864K)->12312K(12864K) Class: 1943K(2240K)->1943K(2240K)
[254.664s][info][gc             ] GC(864) Pause Young (Allocation Failure) 287M->14M(989M) 44.472ms
[254.664s][info][gc,cpu         ] GC(864) User=0.03s Sys=0.00s Real=0.03s
[254.937s][info][gc,start       ] GC(865) Pause Young (Allocation Failure)
[254.970s][info][gc,heap        ] GC(865) DefNew: 280263K(314560K)->646K(314560K) Eden: 279616K(279616K)->0K(279616K) From: 647K(34944K)->646K(34944K)
[254.970s][info][gc,heap        ] GC(865) Tenured: 14047K(699072K)->14091K(699072K)
[254.970s][info][gc,metaspace   ] GC(865) Metaspace: 14255K(15104K)->14255K(15104K) NonClass: 12312K(12864K)->12312K(12864K) Class: 1943K(2240K)->1943K(2240K)
[254.970s][info][gc             ] GC(865) Pause Young (Allocation Failure) 287M->14M(989M) 33.142ms
[254.970s][info][gc,cpu         ] GC(865) User=0.05s Sys=0.00s Real=0.03s
[255.243s][info][gc,start       ] GC(866) Pause Young (Allocation Failure)
[255.287s][info][gc,heap        ] GC(866) DefNew: 280262K(314560K)->641K(314560K) Eden: 279616K(279616K)->0K(279616K) From: 646K(34944K)->641K(34944K)
[255.287s][info][gc,heap        ] GC(866) Tenured: 14091K(699072K)->14136K(699072K)
[255.287s][info][gc,metaspace   ] GC(866) Metaspace: 14255K(15104K)->14255K(15104K) NonClass: 12312K(12864K)->12312K(12864K) Class: 1943K(2240K)->1943K(2240K)
[255.287s][info][gc             ] GC(866) Pause Young (Allocation Failure) 287M->14M(989M) 44.358ms
[255.287s][info][gc,cpu         ] GC(866) User=0.03s Sys=0.00s Real=0.03s
[255.564s][info][gc,start       ] GC(867) Pause Young (Allocation Failure)
[255.608s][info][gc,heap        ] GC(867) DefNew: 280257K(314560K)->638K(314560K) Eden: 279616K(279616K)->0K(279616K) From: 641K(34944K)->638K(34944K)
[255.608s][info][gc,heap        ] GC(867) Tenured: 14136K(699072K)->14183K(699072K)
[255.608s][info][gc,metaspace   ] GC(867) Metaspace: 14255K(15104K)->14255K(15104K) NonClass: 12312K(12864K)->12312K(12864K) Class: 1943K(2240K)->1943K(2240K)
[255.609s][info][gc             ] GC(867) Pause Young (Allocation Failure) 287M->14M(989M) 44.604ms
[255.609s][info][gc,cpu         ] GC(867) User=0.03s Sys=0.00s Real=0.04s
[255.889s][info][gc,start       ] GC(868) Pause Young (Allocation Failure)
[255.926s][info][gc,heap        ] GC(868) DefNew: 280254K(314560K)->637K(314560K) Eden: 279616K(279616K)->0K(279616K) From: 638K(34944K)->637K(34944K)
[255.926s][info][gc,heap        ] GC(868) Tenured: 14183K(699072K)->14224K(699072K)
[255.926s][info][gc,metaspace   ] GC(868) Metaspace: 14255K(15104K)->14255K(15104K) NonClass: 12312K(12864K)->12312K(12864K) Class: 1943K(2240K)->1943K(2240K)
[255.926s][info][gc             ] GC(868) Pause Young (Allocation Failure) 287M->14M(989M) 37.852ms
[255.926s][info][gc,cpu         ] GC(868) User=0.03s Sys=0.00s Real=0.03s
[256.212s][info][gc,start       ] GC(869) Pause Young (Allocation Failure)
[256.249s][info][gc,heap        ] GC(869) DefNew: 280253K(314560K)->636K(314560K) Eden: 279616K(279616K)->0K(279616K) From: 637K(34944K)->636K(34944K)
[256.249s][info][gc,heap        ] GC(869) Tenured: 14224K(699072K)->14269K(699072K)
[256.249s][info][gc,metaspace   ] GC(869) Metaspace: 14255K(15104K)->14255K(15104K) NonClass: 12312K(12864K)->12312K(12864K) Class: 1943K(2240K)->1943K(2240K)
[256.249s][info][gc             ] GC(869) Pause Young (Allocation Failure) 287M->14M(989M) 36.980ms
[256.249s][info][gc,cpu         ] GC(869) User=0.03s Sys=0.00s Real=0.03s
[256.523s][info][gc,start       ] GC(870) Pause Young (Allocation Failure)
[256.562s][info][gc,heap        ] GC(870) DefNew: 280252K(314560K)->643K(314560K) Eden: 279616K(279616K)->0K(279616K) From: 636K(34944K)->643K(34944K)
[256.562s][info][gc,heap        ] GC(870) Tenured: 14269K(699072K)->14310K(699072K)
[256.562s][info][gc,metaspace   ] GC(870) Metaspace: 14255K(15104K)->14255K(15104K) NonClass: 12312K(12864K)->12312K(12864K) Class: 1943K(2240K)->1943K(2240K)
[256.562s][info][gc             ] GC(870) Pause Young (Allocation Failure) 287M->14M(989M) 39.035ms
[256.562s][info][gc,cpu         ] GC(870) User=0.03s Sys=0.00s Real=0.03s
[256.831s][info][gc,start       ] GC(871) Pause Young (Allocation Failure)
[256.872s][info][gc,heap        ] GC(871) DefNew: 280259K(314560K)->643K(314560K) Eden: 279616K(279616K)->0K(279616K) From: 643K(34944K)->643K(34944K)
[256.872s][info][gc,heap        ] GC(871) Tenured: 14310K(699072K)->14352K(699072K)
[256.872s][info][gc,metaspace   ] GC(871) Metaspace: 14255K(15104K)->14255K(15104K) NonClass: 12312K(12864K)->12312K(12864K) Class: 1943K(2240K)->1943K(2240K)
[256.872s][info][gc             ] GC(871) Pause Young (Allocation Failure) 287M->14M(989M) 41.389ms
[256.872s][info][gc,cpu         ] GC(871) User=0.03s Sys=0.00s Real=0.04s
[257.141s][info][gc,start       ] GC(872) Pause Young (Allocation Failure)
[257.172s][info][gc,heap        ] GC(872) DefNew: 280259K(314560K)->645K(314560K) Eden: 279616K(279616K)->0K(279616K) From: 643K(34944K)->645K(34944K)
[257.172s][info][gc,heap        ] GC(872) Tenured: 14352K(699072K)->14391K(699072K)
[257.172s][info][gc,metaspace   ] GC(872) Metaspace: 14255K(15104K)->14255K(15104K) NonClass: 12312K(12864K)->12312K(12864K) Class: 1943K(2240K)->1943K(2240K)
[257.172s][info][gc             ] GC(872) Pause Young (Allocation Failure) 287M->14M(989M) 31.013ms
[257.172s][info][gc,cpu         ] GC(872) User=0.03s Sys=0.00s Real=0.02s
[257.443s][info][gc,start       ] GC(873) Pause Young (Allocation Failure)
[257.485s][info][gc,heap        ] GC(873) DefNew: 280261K(314560K)->645K(314560K) Eden: 279616K(279616K)->0K(279616K) From: 645K(34944K)->645K(34944K)
[257.485s][info][gc,heap        ] GC(873) Tenured: 14391K(699072K)->14433K(699072K)
[257.485s][info][gc,metaspace   ] GC(873) Metaspace: 14255K(15104K)->14255K(15104K) NonClass: 12312K(12864K)->12312K(12864K) Class: 1943K(2240K)->1943K(2240K)
[257.485s][info][gc             ] GC(873) Pause Young (Allocation Failure) 287M->14M(989M) 41.524ms
[257.485s][info][gc,cpu         ] GC(873) User=0.03s Sys=0.00s Real=0.04s
[257.758s][info][gc,start       ] GC(874) Pause Young (Allocation Failure)
[257.800s][info][gc,heap        ] GC(874) DefNew: 280261K(314560K)->648K(314560K) Eden: 279616K(279616K)->0K(279616K) From: 645K(34944K)->648K(34944K)
[257.800s][info][gc,heap        ] GC(874) Tenured: 14433K(699072K)->14475K(699072K)
[257.800s][info][gc,metaspace   ] GC(874) Metaspace: 14255K(15104K)->14255K(15104K) NonClass: 12312K(12864K)->12312K(12864K) Class: 1943K(2240K)->1943K(2240K)
[257.800s][info][gc             ] GC(874) Pause Young (Allocation Failure) 287M->14M(989M) 41.773ms
[257.800s][info][gc,cpu         ] GC(874) User=0.03s Sys=0.00s Real=0.03s
[258.070s][info][gc,start       ] GC(875) Pause Young (Allocation Failure)
[258.113s][info][gc,heap        ] GC(875) DefNew: 280264K(314560K)->646K(314560K) Eden: 279616K(279616K)->0K(279616K) From: 648K(34944K)->646K(34944K)
[258.113s][info][gc,heap        ] GC(875) Tenured: 14475K(699072K)->14516K(699072K)
[258.113s][info][gc,metaspace   ] GC(875) Metaspace: 14255K(15104K)->14255K(15104K) NonClass: 12312K(12864K)->12312K(12864K) Class: 1943K(2240K)->1943K(2240K)
[258.113s][info][gc             ] GC(875) Pause Young (Allocation Failure) 287M->14M(989M) 42.990ms
[258.113s][info][gc,cpu         ] GC(875) User=0.03s Sys=0.00s Real=0.03s
[258.383s][info][gc,start       ] GC(876) Pause Young (Allocation Failure)
[258.427s][info][gc,heap        ] GC(876) DefNew: 280262K(314560K)->643K(314560K) Eden: 279616K(279616K)->0K(279616K) From: 646K(34944K)->643K(34944K)
[258.427s][info][gc,heap        ] GC(876) Tenured: 14516K(699072K)->14558K(699072K)
[258.427s][info][gc,metaspace   ] GC(876) Metaspace: 14255K(15104K)->14255K(15104K) NonClass: 12312K(12864K)->12312K(12864K) Class: 1943K(2240K)->1943K(2240K)
[258.427s][info][gc             ] GC(876) Pause Young (Allocation Failure) 287M->14M(989M) 43.262ms
[258.427s][info][gc,cpu         ] GC(876) User=0.05s Sys=0.00s Real=0.04s
[258.698s][info][gc,start       ] GC(877) Pause Young (Allocation Failure)
[258.744s][info][gc,heap        ] GC(877) DefNew: 280259K(314560K)->646K(314560K) Eden: 279616K(279616K)->0K(279616K) From: 643K(34944K)->646K(34944K)
[258.744s][info][gc,heap        ] GC(877) Tenured: 14558K(699072K)->14599K(699072K)
[258.744s][info][gc,metaspace   ] GC(877) Metaspace: 14255K(15104K)->14255K(15104K) NonClass: 12312K(12864K)->12312K(12864K) Class: 1943K(2240K)->1943K(2240K)
[258.744s][info][gc             ] GC(877) Pause Young (Allocation Failure) 287M->14M(989M) 45.233ms
[258.744s][info][gc,cpu         ] GC(877) User=0.03s Sys=0.00s Real=0.03s
[259.018s][info][gc,start       ] GC(878) Pause Young (Allocation Failure)
[259.062s][info][gc,heap        ] GC(878) DefNew: 280262K(314560K)->648K(314560K) Eden: 279616K(279616K)->0K(279616K) From: 646K(34944K)->648K(34944K)
[259.062s][info][gc,heap        ] GC(878) Tenured: 14599K(699072K)->14641K(699072K)
[259.062s][info][gc,metaspace   ] GC(878) Metaspace: 14255K(15104K)->14255K(15104K) NonClass: 12312K(12864K)->12312K(12864K) Class: 1943K(2240K)->1943K(2240K)
[259.062s][info][gc             ] GC(878) Pause Young (Allocation Failure) 287M->14M(989M) 43.579ms
[259.062s][info][gc,cpu         ] GC(878) User=0.03s Sys=0.00s Real=0.04s
[259.404s][info][gc,start       ] GC(879) Pause Young (Allocation Failure)
[259.453s][info][gc,heap        ] GC(879) DefNew: 280264K(314560K)->649K(314560K) Eden: 279616K(279616K)->0K(279616K) From: 648K(34944K)->649K(34944K)
[259.453s][info][gc,heap        ] GC(879) Tenured: 14641K(699072K)->14685K(699072K)
[259.453s][info][gc,metaspace   ] GC(879) Metaspace: 14255K(15104K)->14255K(15104K) NonClass: 12312K(12864K)->12312K(12864K) Class: 1943K(2240K)->1943K(2240K)
[259.453s][info][gc             ] GC(879) Pause Young (Allocation Failure) 287M->14M(989M) 48.767ms
[259.453s][info][gc,cpu         ] GC(879) User=0.05s Sys=0.00s Real=0.05s
[259.734s][info][gc,start       ] GC(880) Pause Young (Allocation Failure)
[259.768s][info][gc,heap        ] GC(880) DefNew: 280265K(314560K)->650K(314560K) Eden: 279616K(279616K)->0K(279616K) From: 649K(34944K)->650K(34944K)
[259.768s][info][gc,heap        ] GC(880) Tenured: 14685K(699072K)->14727K(699072K)
[259.768s][info][gc,metaspace   ] GC(880) Metaspace: 14255K(15104K)->14255K(15104K) NonClass: 12312K(12864K)->12312K(12864K) Class: 1943K(2240K)->1943K(2240K)
[259.768s][info][gc             ] GC(880) Pause Young (Allocation Failure) 288M->15M(989M) 33.619ms
[259.768s][info][gc,cpu         ] GC(880) User=0.02s Sys=0.00s Real=0.02s
[260.037s][info][gc,start       ] GC(881) Pause Young (Allocation Failure)
[260.076s][info][gc,heap        ] GC(881) DefNew: 280266K(314560K)->651K(314560K) Eden: 279616K(279616K)->0K(279616K) From: 650K(34944K)->651K(34944K)
[260.076s][info][gc,heap        ] GC(881) Tenured: 14727K(699072K)->14768K(699072K)
[260.076s][info][gc,metaspace   ] GC(881) Metaspace: 14255K(15104K)->14255K(15104K) NonClass: 12312K(12864K)->12312K(12864K) Class: 1943K(2240K)->1943K(2240K)
[260.076s][info][gc             ] GC(881) Pause Young (Allocation Failure) 288M->15M(989M) 39.032ms
[260.076s][info][gc,cpu         ] GC(881) User=0.03s Sys=0.00s Real=0.03s
[260.361s][info][gc,start       ] GC(882) Pause Young (Allocation Failure)
[260.398s][info][gc,heap        ] GC(882) DefNew: 280267K(314560K)->651K(314560K) Eden: 279616K(279616K)->0K(279616K) From: 651K(34944K)->651K(34944K)
[260.398s][info][gc,heap        ] GC(882) Tenured: 14768K(699072K)->14813K(699072K)
[260.398s][info][gc,metaspace   ] GC(882) Metaspace: 14255K(15104K)->14255K(15104K) NonClass: 12312K(12864K)->12312K(12864K) Class: 1943K(2240K)->1943K(2240K)
[260.398s][info][gc             ] GC(882) Pause Young (Allocation Failure) 288M->15M(989M) 37.174ms
[260.398s][info][gc,cpu         ] GC(882) User=0.03s Sys=0.02s Real=0.03s
[260.671s][info][gc,start       ] GC(883) Pause Young (Allocation Failure)
[260.711s][info][gc,heap        ] GC(883) DefNew: 280267K(314560K)->652K(314560K) Eden: 279616K(279616K)->0K(279616K) From: 651K(34944K)->652K(34944K)
[260.711s][info][gc,heap        ] GC(883) Tenured: 14813K(699072K)->14854K(699072K)
[260.711s][info][gc,metaspace   ] GC(883) Metaspace: 14255K(15104K)->14255K(15104K) NonClass: 12312K(12864K)->12312K(12864K) Class: 1943K(2240K)->1943K(2240K)
[260.711s][info][gc             ] GC(883) Pause Young (Allocation Failure) 288M->15M(989M) 40.238ms
[260.711s][info][gc,cpu         ] GC(883) User=0.05s Sys=0.00s Real=0.04s
[260.982s][info][gc,start       ] GC(884) Pause Young (Allocation Failure)
[261.022s][info][gc,heap        ] GC(884) DefNew: 280268K(314560K)->649K(314560K) Eden: 279616K(279616K)->0K(279616K) From: 652K(34944K)->649K(34944K)
[261.022s][info][gc,heap        ] GC(884) Tenured: 14854K(699072K)->14898K(699072K)
[261.022s][info][gc,metaspace   ] GC(884) Metaspace: 14255K(15104K)->14255K(15104K) NonClass: 12312K(12864K)->12312K(12864K) Class: 1943K(2240K)->1943K(2240K)
[261.022s][info][gc             ] GC(884) Pause Young (Allocation Failure) 288M->15M(989M) 39.561ms
[261.022s][info][gc,cpu         ] GC(884) User=0.05s Sys=0.00s Real=0.03s
[261.292s][info][gc,start       ] GC(885) Pause Young (Allocation Failure)
[261.332s][info][gc,heap        ] GC(885) DefNew: 280265K(314560K)->646K(314560K) Eden: 279616K(279616K)->0K(279616K) From: 649K(34944K)->646K(34944K)
[261.332s][info][gc,heap        ] GC(885) Tenured: 14898K(699072K)->14946K(699072K)
[261.332s][info][gc,metaspace   ] GC(885) Metaspace: 14255K(15104K)->14255K(15104K) NonClass: 12312K(12864K)->12312K(12864K) Class: 1943K(2240K)->1943K(2240K)
[261.332s][info][gc             ] GC(885) Pause Young (Allocation Failure) 288M->15M(989M) 39.656ms
[261.332s][info][gc,cpu         ] GC(885) User=0.03s Sys=0.00s Real=0.03s
[261.604s][info][gc,start       ] GC(886) Pause Young (Allocation Failure)
[261.646s][info][gc,heap        ] GC(886) DefNew: 280262K(314560K)->647K(314560K) Eden: 279616K(279616K)->0K(279616K) From: 646K(34944K)->647K(34944K)
[261.646s][info][gc,heap        ] GC(886) Tenured: 14946K(699072K)->14988K(699072K)
[261.646s][info][gc,metaspace   ] GC(886) Metaspace: 14255K(15104K)->14255K(15104K) NonClass: 12312K(12864K)->12312K(12864K) Class: 1943K(2240K)->1943K(2240K)
[261.646s][info][gc             ] GC(886) Pause Young (Allocation Failure) 288M->15M(989M) 42.155ms
[261.646s][info][gc,cpu         ] GC(886) User=0.05s Sys=0.00s Real=0.04s
[261.925s][info][gc,start       ] GC(887) Pause Young (Allocation Failure)
[261.968s][info][gc,heap        ] GC(887) DefNew: 280263K(314560K)->648K(314560K) Eden: 279616K(279616K)->0K(279616K) From: 647K(34944K)->648K(34944K)
[261.968s][info][gc,heap        ] GC(887) Tenured: 14988K(699072K)->15029K(699072K)
[261.968s][info][gc,metaspace   ] GC(887) Metaspace: 14255K(15104K)->14255K(15104K) NonClass: 12312K(12864K)->12312K(12864K) Class: 1943K(2240K)->1943K(2240K)
[261.968s][info][gc             ] GC(887) Pause Young (Allocation Failure) 288M->15M(989M) 43.575ms
[261.968s][info][gc,cpu         ] GC(887) User=0.03s Sys=0.00s Real=0.04s
[262.245s][info][gc,start       ] GC(888) Pause Young (Allocation Failure)
[262.290s][info][gc,heap        ] GC(888) DefNew: 280264K(314560K)->649K(314560K) Eden: 279616K(279616K)->0K(279616K) From: 648K(34944K)->649K(34944K)
[262.290s][info][gc,heap        ] GC(888) Tenured: 15029K(699072K)->15070K(699072K)
[262.290s][info][gc,metaspace   ] GC(888) Metaspace: 14255K(15104K)->14255K(15104K) NonClass: 12312K(12864K)->12312K(12864K) Class: 1943K(2240K)->1943K(2240K)
[262.290s][info][gc             ] GC(888) Pause Young (Allocation Failure) 288M->15M(989M) 45.313ms
[262.290s][info][gc,cpu         ] GC(888) User=0.03s Sys=0.00s Real=0.03s
[262.564s][info][gc,start       ] GC(889) Pause Young (Allocation Failure)
[262.600s][info][gc,heap        ] GC(889) DefNew: 280265K(314560K)->646K(314560K) Eden: 279616K(279616K)->0K(279616K) From: 649K(34944K)->646K(34944K)
[262.600s][info][gc,heap        ] GC(889) Tenured: 15070K(699072K)->15115K(699072K)
[262.600s][info][gc,metaspace   ] GC(889) Metaspace: 14255K(15104K)->14255K(15104K) NonClass: 12312K(12864K)->12312K(12864K) Class: 1943K(2240K)->1943K(2240K)
[262.600s][info][gc             ] GC(889) Pause Young (Allocation Failure) 288M->15M(989M) 36.206ms
[262.600s][info][gc,cpu         ] GC(889) User=0.02s Sys=0.00s Real=0.03s
[262.847s][info][gc,start       ] GC(890) Pause Young (Allocation Failure)
[262.896s][info][gc,heap        ] GC(890) DefNew: 280262K(314560K)->647K(314560K) Eden: 279616K(279616K)->0K(279616K) From: 646K(34944K)->647K(34944K)
[262.896s][info][gc,heap        ] GC(890) Tenured: 15115K(699072K)->15153K(699072K)
[262.896s][info][gc,metaspace   ] GC(890) Metaspace: 14255K(15104K)->14255K(15104K) NonClass: 12312K(12864K)->12312K(12864K) Class: 1943K(2240K)->1943K(2240K)
[262.896s][info][gc             ] GC(890) Pause Young (Allocation Failure) 288M->15M(989M) 49.396ms
[262.896s][info][gc,cpu         ] GC(890) User=0.03s Sys=0.00s Real=0.03s
[263.067s][info][gc,start       ] GC(891) Pause Young (Allocation Failure)
[263.112s][info][gc,heap        ] GC(891) DefNew: 280263K(314560K)->635K(314560K) Eden: 279616K(279616K)->0K(279616K) From: 647K(34944K)->635K(34944K)
[263.112s][info][gc,heap        ] GC(891) Tenured: 15153K(699072K)->15192K(699072K)
[263.112s][info][gc,metaspace   ] GC(891) Metaspace: 14255K(15104K)->14255K(15104K) NonClass: 12312K(12864K)->12312K(12864K) Class: 1943K(2240K)->1943K(2240K)
[263.112s][info][gc             ] GC(891) Pause Young (Allocation Failure) 288M->15M(989M) 45.163ms
[263.112s][info][gc,cpu         ] GC(891) User=0.03s Sys=0.00s Real=0.04s
[263.375s][info][gc,start       ] GC(892) Pause Young (Allocation Failure)
[263.410s][info][gc,heap        ] GC(892) DefNew: 280251K(314560K)->633K(314560K) Eden: 279616K(279616K)->0K(279616K) From: 635K(34944K)->633K(34944K)
[263.410s][info][gc,heap        ] GC(892) Tenured: 15192K(699072K)->15236K(699072K)
[263.410s][info][gc,metaspace   ] GC(892) Metaspace: 14255K(15104K)->14255K(15104K) NonClass: 12312K(12864K)->12312K(12864K) Class: 1943K(2240K)->1943K(2240K)
[263.410s][info][gc             ] GC(892) Pause Young (Allocation Failure) 288M->15M(989M) 34.524ms
[263.410s][info][gc,cpu         ] GC(892) User=0.03s Sys=0.00s Real=0.03s
[263.535s][info][gc,start       ] GC(893) Pause Full (System.gc())
[263.535s][info][gc,phases,start] GC(893) Phase 1: Mark live objects
[263.560s][info][gc,phases      ] GC(893) Phase 1: Mark live objects 25.417ms
[263.560s][info][gc,phases,start] GC(893) Phase 2: Compute new object addresses
[263.572s][info][gc,phases      ] GC(893) Phase 2: Compute new object addresses 12.303ms
[263.572s][info][gc,phases,start] GC(893) Phase 3: Adjust pointers
[263.599s][info][gc,phases      ] GC(893) Phase 3: Adjust pointers 26.850ms
[263.599s][info][gc,phases,start] GC(893) Phase 4: Move objects
[263.599s][info][gc,phases      ] GC(893) Phase 4: Move objects 0.024ms
[263.599s][info][gc,heap        ] GC(893) DefNew: 48071K(314560K)->0K(314560K) Eden: 47438K(279616K)->0K(279616K) From: 633K(34944K)->0K(34944K)
[263.600s][info][gc,heap        ] GC(893) Tenured: 15236K(699072K)->15237K(699072K)
[263.600s][info][gc,metaspace   ] GC(893) Metaspace: 14255K(15104K)->14255K(15104K) NonClass: 12312K(12864K)->12312K(12864K) Class: 1943K(2240K)->1943K(2240K)
[263.600s][info][gc             ] GC(893) Pause Full (System.gc()) 61M->14M(989M) 64.980ms
[263.600s][info][gc,cpu         ] GC(893) User=0.06s Sys=0.00s Real=0.06s
[263.829s][info][gc,start       ] GC(894) Pause Young (Allocation Failure)
[263.857s][info][gc,heap        ] GC(894) DefNew: 279616K(314560K)->1495K(314560K) Eden: 279616K(279616K)->0K(279616K) From: 0K(34944K)->1495K(34944K)
[263.870s][info][gc,heap        ] GC(894) Tenured: 15237K(699072K)->15237K(699072K)
[263.870s][info][gc,metaspace   ] GC(894) Metaspace: 14258K(15104K)->14258K(15104K) NonClass: 12315K(12864K)->12315K(12864K) Class: 1943K(2240K)->1943K(2240K)
[263.870s][info][gc             ] GC(894) Pause Young (Allocation Failure) 287M->16M(989M) 41.144ms
[263.870s][info][gc,cpu         ] GC(894) User=0.03s Sys=0.00s Real=0.04s
[264.131s][info][gc,start       ] GC(895) Pause Young (Allocation Failure)
[264.170s][info][gc,heap        ] GC(895) DefNew: 281111K(314560K)->1536K(314560K) Eden: 279616K(279616K)->0K(279616K) From: 1495K(34944K)->1536K(34944K)
[264.170s][info][gc,heap        ] GC(895) Tenured: 15237K(699072K)->15237K(699072K)
[264.170s][info][gc,metaspace   ] GC(895) Metaspace: 14258K(15104K)->14258K(15104K) NonClass: 12315K(12864K)->12315K(12864K) Class: 1943K(2240K)->1943K(2240K)
[264.170s][info][gc             ] GC(895) Pause Young (Allocation Failure) 289M->16M(989M) 38.905ms
[264.170s][info][gc,cpu         ] GC(895) User=0.02s Sys=0.00s Real=0.03s
[264.431s][info][gc,start       ] GC(896) Pause Young (Allocation Failure)
[264.471s][info][gc,heap        ] GC(896) DefNew: 281152K(314560K)->1578K(314560K) Eden: 279616K(279616K)->0K(279616K) From: 1536K(34944K)->1578K(34944K)
[264.471s][info][gc,heap        ] GC(896) Tenured: 15237K(699072K)->15237K(699072K)
[264.471s][info][gc,metaspace   ] GC(896) Metaspace: 14258K(15104K)->14258K(15104K) NonClass: 12315K(12864K)->12315K(12864K) Class: 1943K(2240K)->1943K(2240K)
[264.471s][info][gc             ] GC(896) Pause Young (Allocation Failure) 289M->16M(989M) 39.890ms
[264.471s][info][gc,cpu         ] GC(896) User=0.03s Sys=0.00s Real=0.03s
[264.739s][info][gc,start       ] GC(897) Pause Young (Allocation Failure)
[264.771s][info][gc,heap        ] GC(897) DefNew: 281194K(314560K)->1620K(314560K) Eden: 279616K(279616K)->0K(279616K) From: 1578K(34944K)->1620K(34944K)
[264.771s][info][gc,heap        ] GC(897) Tenured: 15237K(699072K)->15237K(699072K)
[264.771s][info][gc,metaspace   ] GC(897) Metaspace: 14258K(15104K)->14258K(15104K) NonClass: 12315K(12864K)->12315K(12864K) Class: 1943K(2240K)->1943K(2240K)
[264.771s][info][gc             ] GC(897) Pause Young (Allocation Failure) 289M->16M(989M) 31.687ms
[264.771s][info][gc,cpu         ] GC(897) User=0.03s Sys=0.02s Real=0.03s
[265.030s][info][gc,start       ] GC(898) Pause Young (Allocation Failure)
[265.071s][info][gc,heap        ] GC(898) DefNew: 281236K(314560K)->1662K(314560K) Eden: 279616K(279616K)->0K(279616K) From: 1620K(34944K)->1662K(34944K)
[265.071s][info][gc,heap        ] GC(898) Tenured: 15237K(699072K)->15237K(699072K)
[265.071s][info][gc,metaspace   ] GC(898) Metaspace: 14258K(15104K)->14258K(15104K) NonClass: 12315K(12864K)->12315K(12864K) Class: 1943K(2240K)->1943K(2240K)
[265.071s][info][gc             ] GC(898) Pause Young (Allocation Failure) 289M->16M(989M) 40.493ms
[265.071s][info][gc,cpu         ] GC(898) User=0.03s Sys=0.00s Real=0.03s
[265.333s][info][gc,start       ] GC(899) Pause Young (Allocation Failure)
[265.375s][info][gc,heap        ] GC(899) DefNew: 281278K(314560K)->1701K(314560K) Eden: 279616K(279616K)->0K(279616K) From: 1662K(34944K)->1701K(34944K)
[265.375s][info][gc,heap        ] GC(899) Tenured: 15237K(699072K)->15237K(699072K)
[265.375s][info][gc,metaspace   ] GC(899) Metaspace: 14258K(15104K)->14258K(15104K) NonClass: 12315K(12864K)->12315K(12864K) Class: 1943K(2240K)->1943K(2240K)
[265.375s][info][gc             ] GC(899) Pause Young (Allocation Failure) 289M->16M(989M) 42.146ms
[265.375s][info][gc,cpu         ] GC(899) User=0.03s Sys=0.00s Real=0.04s
[265.644s][info][gc,start       ] GC(900) Pause Young (Allocation Failure)
[265.687s][info][gc,heap        ] GC(900) DefNew: 281317K(314560K)->1745K(314560K) Eden: 279616K(279616K)->0K(279616K) From: 1701K(34944K)->1745K(34944K)
[265.687s][info][gc,heap        ] GC(900) Tenured: 15237K(699072K)->15237K(699072K)
[265.687s][info][gc,metaspace   ] GC(900) Metaspace: 14258K(15104K)->14258K(15104K) NonClass: 12315K(12864K)->12315K(12864K) Class: 1943K(2240K)->1943K(2240K)
[265.687s][info][gc             ] GC(900) Pause Young (Allocation Failure) 289M->16M(989M) 42.695ms
[265.687s][info][gc,cpu         ] GC(900) User=0.03s Sys=0.00s Real=0.04s
[265.952s][info][gc,start       ] GC(901) Pause Young (Allocation Failure)
[265.995s][info][gc,heap        ] GC(901) DefNew: 281361K(314560K)->1789K(314560K) Eden: 279616K(279616K)->0K(279616K) From: 1745K(34944K)->1789K(34944K)
[265.995s][info][gc,heap        ] GC(901) Tenured: 15237K(699072K)->15237K(699072K)
[265.995s][info][gc,metaspace   ] GC(901) Metaspace: 14258K(15104K)->14258K(15104K) NonClass: 12315K(12864K)->12315K(12864K) Class: 1943K(2240K)->1943K(2240K)
[265.995s][info][gc             ] GC(901) Pause Young (Allocation Failure) 289M->16M(989M) 43.398ms
[265.995s][info][gc,cpu         ] GC(901) User=0.05s Sys=0.00s Real=0.04s
[266.257s][info][gc,start       ] GC(902) Pause Young (Allocation Failure)
[266.301s][info][gc,heap        ] GC(902) DefNew: 281405K(314560K)->1832K(314560K) Eden: 279616K(279616K)->0K(279616K) From: 1789K(34944K)->1832K(34944K)
[266.301s][info][gc,heap        ] GC(902) Tenured: 15237K(699072K)->15237K(699072K)
[266.301s][info][gc,metaspace   ] GC(902) Metaspace: 14258K(15104K)->14258K(15104K) NonClass: 12315K(12864K)->12315K(12864K) Class: 1943K(2240K)->1943K(2240K)
[266.301s][info][gc             ] GC(902) Pause Young (Allocation Failure) 289M->16M(989M) 44.944ms
[266.302s][info][gc,cpu         ] GC(902) User=0.03s Sys=0.00s Real=0.04s
[266.565s][info][gc,start       ] GC(903) Pause Young (Allocation Failure)
[266.610s][info][gc,heap        ] GC(903) DefNew: 281448K(314560K)->1873K(314560K) Eden: 279616K(279616K)->0K(279616K) From: 1832K(34944K)->1873K(34944K)
[266.610s][info][gc,heap        ] GC(903) Tenured: 15237K(699072K)->15237K(699072K)
[266.610s][info][gc,metaspace   ] GC(903) Metaspace: 14258K(15104K)->14258K(15104K) NonClass: 12315K(12864K)->12315K(12864K) Class: 1943K(2240K)->1943K(2240K)
[266.610s][info][gc             ] GC(903) Pause Young (Allocation Failure) 289M->16M(989M) 44.935ms
[266.610s][info][gc,cpu         ] GC(903) User=0.03s Sys=0.00s Real=0.03s
[266.886s][info][gc,start       ] GC(904) Pause Young (Allocation Failure)
[266.933s][info][gc,heap        ] GC(904) DefNew: 281489K(314560K)->1912K(314560K) Eden: 279616K(279616K)->0K(279616K) From: 1873K(34944K)->1912K(34944K)
[266.933s][info][gc,heap        ] GC(904) Tenured: 15237K(699072K)->15237K(699072K)
[266.933s][info][gc,metaspace   ] GC(904) Metaspace: 14258K(15104K)->14258K(15104K) NonClass: 12315K(12864K)->12315K(12864K) Class: 1943K(2240K)->1943K(2240K)
[266.933s][info][gc             ] GC(904) Pause Young (Allocation Failure) 289M->16M(989M) 46.516ms
[266.933s][info][gc,cpu         ] GC(904) User=0.05s Sys=0.00s Real=0.05s
[267.205s][info][gc,start       ] GC(905) Pause Young (Allocation Failure)
[267.236s][info][gc,heap        ] GC(905) DefNew: 281528K(314560K)->1953K(314560K) Eden: 279616K(279616K)->0K(279616K) From: 1912K(34944K)->1953K(34944K)
[267.236s][info][gc,heap        ] GC(905) Tenured: 15237K(699072K)->15237K(699072K)
[267.236s][info][gc,metaspace   ] GC(905) Metaspace: 14258K(15104K)->14258K(15104K) NonClass: 12315K(12864K)->12315K(12864K) Class: 1943K(2240K)->1943K(2240K)
[267.236s][info][gc             ] GC(905) Pause Young (Allocation Failure) 289M->16M(989M) 30.850ms
[267.236s][info][gc,cpu         ] GC(905) User=0.02s Sys=0.00s Real=0.02s
[267.509s][info][gc,start       ] GC(906) Pause Young (Allocation Failure)
[267.539s][info][gc,heap        ] GC(906) DefNew: 281569K(314560K)->1996K(314560K) Eden: 279616K(279616K)->0K(279616K) From: 1953K(34944K)->1996K(34944K)
[267.539s][info][gc,heap        ] GC(906) Tenured: 15237K(699072K)->15237K(699072K)
[267.539s][info][gc,metaspace   ] GC(906) Metaspace: 14258K(15104K)->14258K(15104K) NonClass: 12315K(12864K)->12315K(12864K) Class: 1943K(2240K)->1943K(2240K)
[267.539s][info][gc             ] GC(906) Pause Young (Allocation Failure) 289M->16M(989M) 30.001ms
[267.539s][info][gc,cpu         ] GC(906) User=0.02s Sys=0.00s Real=0.02s
[267.829s][info][gc,start       ] GC(907) Pause Young (Allocation Failure)
[267.859s][info][gc,heap        ] GC(907) DefNew: 281612K(314560K)->2043K(314560K) Eden: 279616K(279616K)->0K(279616K) From: 1996K(34944K)->2043K(34944K)
[267.859s][info][gc,heap        ] GC(907) Tenured: 15237K(699072K)->15237K(699072K)
[267.859s][info][gc,metaspace   ] GC(907) Metaspace: 14258K(15104K)->14258K(15104K) NonClass: 12315K(12864K)->12315K(12864K) Class: 1943K(2240K)->1943K(2240K)
[267.859s][info][gc             ] GC(907) Pause Young (Allocation Failure) 289M->16M(989M) 30.244ms
[267.859s][info][gc,cpu         ] GC(907) User=0.03s Sys=0.00s Real=0.03s
[268.128s][info][gc,start       ] GC(908) Pause Young (Allocation Failure)
[268.159s][info][gc,heap        ] GC(908) DefNew: 281659K(314560K)->2087K(314560K) Eden: 279616K(279616K)->0K(279616K) From: 2043K(34944K)->2087K(34944K)
[268.159s][info][gc,heap        ] GC(908) Tenured: 15237K(699072K)->15237K(699072K)
[268.159s][info][gc,metaspace   ] GC(908) Metaspace: 14258K(15104K)->14258K(15104K) NonClass: 12315K(12864K)->12315K(12864K) Class: 1943K(2240K)->1943K(2240K)
[268.159s][info][gc             ] GC(908) Pause Young (Allocation Failure) 289M->16M(989M) 31.458ms
[268.159s][info][gc,cpu         ] GC(908) User=0.02s Sys=0.00s Real=0.03s
[268.420s][info][gc,start       ] GC(909) Pause Young (Allocation Failure)
[268.452s][info][gc,heap        ] GC(909) DefNew: 281703K(314560K)->641K(314560K) Eden: 279616K(279616K)->0K(279616K) From: 2087K(34944K)->641K(34944K)
[268.452s][info][gc,heap        ] GC(909) Tenured: 15237K(699072K)->16724K(699072K)
[268.452s][info][gc,metaspace   ] GC(909) Metaspace: 14258K(15104K)->14258K(15104K) NonClass: 12315K(12864K)->12315K(12864K) Class: 1943K(2240K)->1943K(2240K)
[268.452s][info][gc             ] GC(909) Pause Young (Allocation Failure) 289M->16M(989M) 31.773ms
[268.452s][info][gc,cpu         ] GC(909) User=0.03s Sys=0.00s Real=0.03s
[268.720s][info][gc,start       ] GC(910) Pause Young (Allocation Failure)
[268.760s][info][gc,heap        ] GC(910) DefNew: 280257K(314560K)->644K(314560K) Eden: 279616K(279616K)->0K(279616K) From: 641K(34944K)->644K(34944K)
[268.760s][info][gc,heap        ] GC(910) Tenured: 16724K(699072K)->16766K(699072K)
[268.760s][info][gc,metaspace   ] GC(910) Metaspace: 14258K(15104K)->14258K(15104K) NonClass: 12315K(12864K)->12315K(12864K) Class: 1943K(2240K)->1943K(2240K)
[268.760s][info][gc             ] GC(910) Pause Young (Allocation Failure) 290M->17M(989M) 40.060ms
[268.760s][info][gc,cpu         ] GC(910) User=0.03s Sys=0.00s Real=0.03s
[269.031s][info][gc,start       ] GC(911) Pause Young (Allocation Failure)
[269.072s][info][gc,heap        ] GC(911) DefNew: 280260K(314560K)->644K(314560K) Eden: 279616K(279616K)->0K(279616K) From: 644K(34944K)->644K(34944K)
[269.072s][info][gc,heap        ] GC(911) Tenured: 16766K(699072K)->16807K(699072K)
[269.072s][info][gc,metaspace   ] GC(911) Metaspace: 14258K(15104K)->14258K(15104K) NonClass: 12315K(12864K)->12315K(12864K) Class: 1943K(2240K)->1943K(2240K)
[269.072s][info][gc             ] GC(911) Pause Young (Allocation Failure) 290M->17M(989M) 41.397ms
[269.072s][info][gc,cpu         ] GC(911) User=0.05s Sys=0.00s Real=0.03s
[269.338s][info][gc,start       ] GC(912) Pause Young (Allocation Failure)
[269.380s][info][gc,heap        ] GC(912) DefNew: 280260K(314560K)->645K(314560K) Eden: 279616K(279616K)->0K(279616K) From: 644K(34944K)->645K(34944K)
[269.380s][info][gc,heap        ] GC(912) Tenured: 16807K(699072K)->16849K(699072K)
[269.380s][info][gc,metaspace   ] GC(912) Metaspace: 14258K(15104K)->14258K(15104K) NonClass: 12315K(12864K)->12315K(12864K) Class: 1943K(2240K)->1943K(2240K)
[269.380s][info][gc             ] GC(912) Pause Young (Allocation Failure) 290M->17M(989M) 42.026ms
[269.380s][info][gc,cpu         ] GC(912) User=0.05s Sys=0.00s Real=0.04s
[269.650s][info][gc,start       ] GC(913) Pause Young (Allocation Failure)
[269.693s][info][gc,heap        ] GC(913) DefNew: 280261K(314560K)->648K(314560K) Eden: 279616K(279616K)->0K(279616K) From: 645K(34944K)->648K(34944K)
[269.693s][info][gc,heap        ] GC(913) Tenured: 16849K(699072K)->16890K(699072K)
[269.693s][info][gc,metaspace   ] GC(913) Metaspace: 14258K(15104K)->14258K(15104K) NonClass: 12315K(12864K)->12315K(12864K) Class: 1943K(2240K)->1943K(2240K)
[269.693s][info][gc             ] GC(913) Pause Young (Allocation Failure) 290M->17M(989M) 42.803ms
[269.693s][info][gc,cpu         ] GC(913) User=0.03s Sys=0.00s Real=0.03s
[269.962s][info][gc,start       ] GC(914) Pause Young (Allocation Failure)
[270.005s][info][gc,heap        ] GC(914) DefNew: 280264K(314560K)->651K(314560K) Eden: 279616K(279616K)->0K(279616K) From: 648K(34944K)->651K(34944K)
[270.006s][info][gc,heap        ] GC(914) Tenured: 16890K(699072K)->16929K(699072K)
[270.006s][info][gc,metaspace   ] GC(914) Metaspace: 14258K(15104K)->14258K(15104K) NonClass: 12315K(12864K)->12315K(12864K) Class: 1943K(2240K)->1943K(2240K)
[270.006s][info][gc             ] GC(914) Pause Young (Allocation Failure) 290M->17M(989M) 43.735ms
[270.006s][info][gc,cpu         ] GC(914) User=0.05s Sys=0.00s Real=0.04s
[270.274s][info][gc,start       ] GC(915) Pause Young (Allocation Failure)
[270.318s][info][gc,heap        ] GC(915) DefNew: 280267K(314560K)->647K(314560K) Eden: 279616K(279616K)->0K(279616K) From: 651K(34944K)->647K(34944K)
[270.318s][info][gc,heap        ] GC(915) Tenured: 16929K(699072K)->16974K(699072K)
[270.318s][info][gc,metaspace   ] GC(915) Metaspace: 14258K(15104K)->14258K(15104K) NonClass: 12315K(12864K)->12315K(12864K) Class: 1943K(2240K)->1943K(2240K)
[270.318s][info][gc             ] GC(915) Pause Young (Allocation Failure) 290M->17M(989M) 43.895ms
[270.318s][info][gc,cpu         ] GC(915) User=0.03s Sys=0.00s Real=0.03s
[270.589s][info][gc,start       ] GC(916) Pause Young (Allocation Failure)
[270.633s][info][gc,heap        ] GC(916) DefNew: 280263K(314560K)->644K(314560K) Eden: 279616K(279616K)->0K(279616K) From: 647K(34944K)->644K(34944K)
[270.633s][info][gc,heap        ] GC(916) Tenured: 16974K(699072K)->17018K(699072K)
[270.633s][info][gc,metaspace   ] GC(916) Metaspace: 14258K(15104K)->14258K(15104K) NonClass: 12315K(12864K)->12315K(12864K) Class: 1943K(2240K)->1943K(2240K)
[270.634s][info][gc             ] GC(916) Pause Young (Allocation Failure) 290M->17M(989M) 44.715ms
[270.634s][info][gc,cpu         ] GC(916) User=0.05s Sys=0.00s Real=0.04s
[270.902s][info][gc,start       ] GC(917) Pause Young (Allocation Failure)
[270.946s][info][gc,heap        ] GC(917) DefNew: 280260K(314560K)->644K(314560K) Eden: 279616K(279616K)->0K(279616K) From: 644K(34944K)->644K(34944K)
[270.946s][info][gc,heap        ] GC(917) Tenured: 17018K(699072K)->17060K(699072K)
[270.946s][info][gc,metaspace   ] GC(917) Metaspace: 14258K(15104K)->14258K(15104K) NonClass: 12315K(12864K)->12315K(12864K) Class: 1943K(2240K)->1943K(2240K)
[270.946s][info][gc             ] GC(917) Pause Young (Allocation Failure) 290M->17M(989M) 44.419ms
[270.946s][info][gc,cpu         ] GC(917) User=0.05s Sys=0.00s Real=0.05s
[271.225s][info][gc,start       ] GC(918) Pause Young (Allocation Failure)
[271.264s][info][gc,heap        ] GC(918) DefNew: 280260K(314560K)->647K(314560K) Eden: 279616K(279616K)->0K(279616K) From: 644K(34944K)->647K(34944K)
[271.264s][info][gc,heap        ] GC(918) Tenured: 17060K(699072K)->17102K(699072K)
[271.264s][info][gc,metaspace   ] GC(918) Metaspace: 14258K(15104K)->14258K(15104K) NonClass: 12315K(12864K)->12315K(12864K) Class: 1943K(2240K)->1943K(2240K)
[271.264s][info][gc             ] GC(918) Pause Young (Allocation Failure) 290M->17M(989M) 39.220ms
[271.264s][info][gc,cpu         ] GC(918) User=0.03s Sys=0.00s Real=0.04s
[271.547s][info][gc,start       ] GC(919) Pause Young (Allocation Failure)
[271.585s][info][gc,heap        ] GC(919) DefNew: 280263K(314560K)->654K(314560K) Eden: 279616K(279616K)->0K(279616K) From: 647K(34944K)->654K(34944K)
[271.585s][info][gc,heap        ] GC(919) Tenured: 17102K(699072K)->17140K(699072K)
[271.585s][info][gc,metaspace   ] GC(919) Metaspace: 14258K(15104K)->14258K(15104K) NonClass: 12315K(12864K)->12315K(12864K) Class: 1943K(2240K)->1943K(2240K)
[271.585s][info][gc             ] GC(919) Pause Young (Allocation Failure) 290M->17M(989M) 37.871ms
[271.585s][info][gc,cpu         ] GC(919) User=0.05s Sys=0.00s Real=0.04s
[271.855s][info][gc,start       ] GC(920) Pause Young (Allocation Failure)
[271.894s][info][gc,heap        ] GC(920) DefNew: 280270K(314560K)->654K(314560K) Eden: 279616K(279616K)->0K(279616K) From: 654K(34944K)->654K(34944K)
[271.894s][info][gc,heap        ] GC(920) Tenured: 17140K(699072K)->17182K(699072K)
[271.894s][info][gc,metaspace   ] GC(920) Metaspace: 14258K(15104K)->14258K(15104K) NonClass: 12315K(12864K)->12315K(12864K) Class: 1943K(2240K)->1943K(2240K)
[271.894s][info][gc             ] GC(920) Pause Young (Allocation Failure) 290M->17M(989M) 39.184ms
[271.894s][info][gc,cpu         ] GC(920) User=0.05s Sys=0.00s Real=0.04s
[272.164s][info][gc,start       ] GC(921) Pause Young (Allocation Failure)
[272.203s][info][gc,heap        ] GC(921) DefNew: 280270K(314560K)->654K(314560K) Eden: 279616K(279616K)->0K(279616K) From: 654K(34944K)->654K(34944K)
[272.203s][info][gc,heap        ] GC(921) Tenured: 17182K(699072K)->17223K(699072K)
[272.203s][info][gc,metaspace   ] GC(921) Metaspace: 14258K(15104K)->14258K(15104K) NonClass: 12315K(12864K)->12315K(12864K) Class: 1943K(2240K)->1943K(2240K)
[272.203s][info][gc             ] GC(921) Pause Young (Allocation Failure) 290M->17M(989M) 39.600ms
[272.204s][info][gc,cpu         ] GC(921) User=0.03s Sys=0.00s Real=0.03s
[272.472s][info][gc,start       ] GC(922) Pause Young (Allocation Failure)
[272.512s][info][gc,heap        ] GC(922) DefNew: 280270K(314560K)->648K(314560K) Eden: 279616K(279616K)->0K(279616K) From: 654K(34944K)->648K(34944K)
[272.512s][info][gc,heap        ] GC(922) Tenured: 17223K(699072K)->17271K(699072K)
[272.512s][info][gc,metaspace   ] GC(922) Metaspace: 14258K(15104K)->14258K(15104K) NonClass: 12315K(12864K)->12315K(12864K) Class: 1943K(2240K)->1943K(2240K)
[272.512s][info][gc             ] GC(922) Pause Young (Allocation Failure) 290M->17M(989M) 39.771ms
[272.512s][info][gc,cpu         ] GC(922) User=0.03s Sys=0.00s Real=0.04s
[272.778s][info][gc,start       ] GC(923) Pause Young (Allocation Failure)
[272.818s][info][gc,heap        ] GC(923) DefNew: 280264K(314560K)->642K(314560K) Eden: 279616K(279616K)->0K(279616K) From: 648K(34944K)->642K(34944K)
[272.818s][info][gc,heap        ] GC(923) Tenured: 17271K(699072K)->17315K(699072K)
[272.818s][info][gc,metaspace   ] GC(923) Metaspace: 14258K(15104K)->14258K(15104K) NonClass: 12315K(12864K)->12315K(12864K) Class: 1943K(2240K)->1943K(2240K)
[272.818s][info][gc             ] GC(923) Pause Young (Allocation Failure) 290M->17M(989M) 39.763ms
[272.818s][info][gc,cpu         ] GC(923) User=0.05s Sys=0.00s Real=0.04s
[273.086s][info][gc,start       ] GC(924) Pause Young (Allocation Failure)
[273.127s][info][gc,heap        ] GC(924) DefNew: 280258K(314560K)->643K(314560K) Eden: 279616K(279616K)->0K(279616K) From: 642K(34944K)->643K(34944K)
[273.127s][info][gc,heap        ] GC(924) Tenured: 17315K(699072K)->17357K(699072K)
[273.127s][info][gc,metaspace   ] GC(924) Metaspace: 14258K(15104K)->14258K(15104K) NonClass: 12315K(12864K)->12315K(12864K) Class: 1943K(2240K)->1943K(2240K)
[273.127s][info][gc             ] GC(924) Pause Young (Allocation Failure) 290M->17M(989M) 41.246ms
[273.127s][info][gc,cpu         ] GC(924) User=0.05s Sys=0.00s Real=0.04s
[273.395s][info][gc,start       ] GC(925) Pause Young (Allocation Failure)
[273.437s][info][gc,heap        ] GC(925) DefNew: 280259K(314560K)->640K(314560K) Eden: 279616K(279616K)->0K(279616K) From: 643K(34944K)->640K(34944K)
[273.455s][info][gc,heap        ] GC(925) Tenured: 17357K(699072K)->17401K(699072K)
[273.455s][info][gc,metaspace   ] GC(925) Metaspace: 14258K(15104K)->14258K(15104K) NonClass: 12315K(12864K)->12315K(12864K) Class: 1943K(2240K)->1943K(2240K)
[273.455s][info][gc             ] GC(925) Pause Young (Allocation Failure) 290M->17M(989M) 60.340ms
[273.455s][info][gc,cpu         ] GC(925) User=0.03s Sys=0.00s Real=0.06s
[273.722s][info][gc,start       ] GC(926) Pause Young (Allocation Failure)
[273.765s][info][gc,heap        ] GC(926) DefNew: 280256K(314560K)->640K(314560K) Eden: 279616K(279616K)->0K(279616K) From: 640K(34944K)->640K(34944K)
[273.765s][info][gc,heap        ] GC(926) Tenured: 17401K(699072K)->17442K(699072K)
[273.765s][info][gc,metaspace   ] GC(926) Metaspace: 14258K(15104K)->14258K(15104K) NonClass: 12315K(12864K)->12315K(12864K) Class: 1943K(2240K)->1943K(2240K)
[273.765s][info][gc             ] GC(926) Pause Young (Allocation Failure) 290M->17M(989M) 43.063ms
[273.765s][info][gc,cpu         ] GC(926) User=0.03s Sys=0.00s Real=0.04s
[274.034s][info][gc,start       ] GC(927) Pause Young (Allocation Failure)
[274.078s][info][gc,heap        ] GC(927) DefNew: 280256K(314560K)->637K(314560K) Eden: 279616K(279616K)->0K(279616K) From: 640K(34944K)->637K(34944K)
[274.078s][info][gc,heap        ] GC(927) Tenured: 17442K(699072K)->17486K(699072K)
[274.078s][info][gc,metaspace   ] GC(927) Metaspace: 14258K(15104K)->14258K(15104K) NonClass: 12315K(12864K)->12315K(12864K) Class: 1943K(2240K)->1943K(2240K)
[274.079s][info][gc             ] GC(927) Pause Young (Allocation Failure) 290M->17M(989M) 44.484ms
[274.079s][info][gc,cpu         ] GC(927) User=0.03s Sys=0.00s Real=0.03s
[274.344s][info][gc,start       ] GC(928) Pause Young (Allocation Failure)
[274.388s][info][gc,heap        ] GC(928) DefNew: 280253K(314560K)->636K(314560K) Eden: 279616K(279616K)->0K(279616K) From: 637K(34944K)->636K(34944K)
[274.388s][info][gc,heap        ] GC(928) Tenured: 17486K(699072K)->17530K(699072K)
[274.388s][info][gc,metaspace   ] GC(928) Metaspace: 14258K(15104K)->14258K(15104K) NonClass: 12315K(12864K)->12315K(12864K) Class: 1943K(2240K)->1943K(2240K)
[274.388s][info][gc             ] GC(928) Pause Young (Allocation Failure) 290M->17M(989M) 44.343ms
[274.388s][info][gc,cpu         ] GC(928) User=0.05s Sys=0.00s Real=0.04s
[274.789s][info][gc,start       ] GC(929) Pause Young (Allocation Failure)
[274.839s][info][gc,heap        ] GC(929) DefNew: 280252K(314560K)->634K(314560K) Eden: 279616K(279616K)->0K(279616K) From: 636K(34944K)->634K(34944K)
[274.839s][info][gc,heap        ] GC(929) Tenured: 17530K(699072K)->17571K(699072K)
[274.839s][info][gc,metaspace   ] GC(929) Metaspace: 14258K(15104K)->14258K(15104K) NonClass: 12315K(12864K)->12315K(12864K) Class: 1943K(2240K)->1943K(2240K)
[274.839s][info][gc             ] GC(929) Pause Young (Allocation Failure) 290M->17M(989M) 49.909ms
[274.839s][info][gc,cpu         ] GC(929) User=0.05s Sys=0.00s Real=0.05s
[275.119s][info][gc,start       ] GC(930) Pause Young (Allocation Failure)
[275.149s][info][gc,heap        ] GC(930) DefNew: 280250K(314560K)->641K(314560K) Eden: 279616K(279616K)->0K(279616K) From: 634K(34944K)->641K(34944K)
[275.149s][info][gc,heap        ] GC(930) Tenured: 17571K(699072K)->17613K(699072K)
[275.149s][info][gc,metaspace   ] GC(930) Metaspace: 14258K(15104K)->14258K(15104K) NonClass: 12315K(12864K)->12315K(12864K) Class: 1943K(2240K)->1943K(2240K)
[275.149s][info][gc             ] GC(930) Pause Young (Allocation Failure) 290M->17M(989M) 30.915ms
[275.150s][info][gc,cpu         ] GC(930) User=0.02s Sys=0.00s Real=0.02s
[275.424s][info][gc,start       ] GC(931) Pause Young (Allocation Failure)
[275.462s][info][gc,heap        ] GC(931) DefNew: 280257K(314560K)->644K(314560K) Eden: 279616K(279616K)->0K(279616K) From: 641K(34944K)->644K(34944K)
[275.462s][info][gc,heap        ] GC(931) Tenured: 17613K(699072K)->17654K(699072K)
[275.462s][info][gc,metaspace   ] GC(931) Metaspace: 14258K(15104K)->14258K(15104K) NonClass: 12315K(12864K)->12315K(12864K) Class: 1943K(2240K)->1943K(2240K)
[275.462s][info][gc             ] GC(931) Pause Young (Allocation Failure) 290M->17M(989M) 38.195ms
[275.463s][info][gc,cpu         ] GC(931) User=0.03s Sys=0.00s Real=0.03s
[275.746s][info][gc,start       ] GC(932) Pause Young (Allocation Failure)
[275.783s][info][gc,heap        ] GC(932) DefNew: 280260K(314560K)->648K(314560K) Eden: 279616K(279616K)->0K(279616K) From: 644K(34944K)->648K(34944K)
[275.783s][info][gc,heap        ] GC(932) Tenured: 17654K(699072K)->17696K(699072K)
[275.783s][info][gc,metaspace   ] GC(932) Metaspace: 14258K(15104K)->14258K(15104K) NonClass: 12315K(12864K)->12315K(12864K) Class: 1943K(2240K)->1943K(2240K)
[275.783s][info][gc             ] GC(932) Pause Young (Allocation Failure) 290M->17M(989M) 37.093ms
[275.783s][info][gc,cpu         ] GC(932) User=0.05s Sys=0.00s Real=0.04s
[276.050s][info][gc,start       ] GC(933) Pause Young (Allocation Failure)
[276.089s][info][gc,heap        ] GC(933) DefNew: 280264K(314560K)->645K(314560K) Eden: 279616K(279616K)->0K(279616K) From: 648K(34944K)->645K(34944K)
[276.089s][info][gc,heap        ] GC(933) Tenured: 17696K(699072K)->17741K(699072K)
[276.089s][info][gc,metaspace   ] GC(933) Metaspace: 14258K(15104K)->14258K(15104K) NonClass: 12315K(12864K)->12315K(12864K) Class: 1943K(2240K)->1943K(2240K)
[276.089s][info][gc             ] GC(933) Pause Young (Allocation Failure) 290M->17M(989M) 38.495ms
[276.089s][info][gc,cpu         ] GC(933) User=0.03s Sys=0.00s Real=0.03s
[276.357s][info][gc,start       ] GC(934) Pause Young (Allocation Failure)
[276.396s][info][gc,heap        ] GC(934) DefNew: 280261K(314560K)->641K(314560K) Eden: 279616K(279616K)->0K(279616K) From: 645K(34944K)->641K(34944K)
[276.396s][info][gc,heap        ] GC(934) Tenured: 17741K(699072K)->17786K(699072K)
[276.396s][info][gc,metaspace   ] GC(934) Metaspace: 14258K(15104K)->14258K(15104K) NonClass: 12315K(12864K)->12315K(12864K) Class: 1943K(2240K)->1943K(2240K)
[276.396s][info][gc             ] GC(934) Pause Young (Allocation Failure) 291M->17M(989M) 39.046ms
[276.396s][info][gc,cpu         ] GC(934) User=0.05s Sys=0.00s Real=0.04s
[276.662s][info][gc,start       ] GC(935) Pause Young (Allocation Failure)
[276.702s][info][gc,heap        ] GC(935) DefNew: 280257K(314560K)->641K(314560K) Eden: 279616K(279616K)->0K(279616K) From: 641K(34944K)->641K(34944K)
[276.702s][info][gc,heap        ] GC(935) Tenured: 17786K(699072K)->17827K(699072K)
[276.702s][info][gc,metaspace   ] GC(935) Metaspace: 14258K(15104K)->14258K(15104K) NonClass: 12315K(12864K)->12315K(12864K) Class: 1943K(2240K)->1943K(2240K)
[276.702s][info][gc             ] GC(935) Pause Young (Allocation Failure) 291M->18M(989M) 40.184ms
[276.702s][info][gc,cpu         ] GC(935) User=0.03s Sys=0.00s Real=0.03s
[276.969s][info][gc,start       ] GC(936) Pause Young (Allocation Failure)
[277.000s][info][gc,heap        ] GC(936) DefNew: 280257K(314560K)->642K(314560K) Eden: 279616K(279616K)->0K(279616K) From: 641K(34944K)->642K(34944K)
[277.000s][info][gc,heap        ] GC(936) Tenured: 17827K(699072K)->17869K(699072K)
[277.000s][info][gc,metaspace   ] GC(936) Metaspace: 14258K(15104K)->14258K(15104K) NonClass: 12315K(12864K)->12315K(12864K) Class: 1943K(2240K)->1943K(2240K)
[277.000s][info][gc             ] GC(936) Pause Young (Allocation Failure) 291M->18M(989M) 31.265ms
[277.000s][info][gc,cpu         ] GC(936) User=0.03s Sys=0.00s Real=0.02s
[277.268s][info][gc,start       ] GC(937) Pause Young (Allocation Failure)
[277.310s][info][gc,heap        ] GC(937) DefNew: 280258K(314560K)->644K(314560K) Eden: 279616K(279616K)->0K(279616K) From: 642K(34944K)->644K(34944K)
[277.310s][info][gc,heap        ] GC(937) Tenured: 17869K(699072K)->17911K(699072K)
[277.310s][info][gc,metaspace   ] GC(937) Metaspace: 14258K(15104K)->14258K(15104K) NonClass: 12315K(12864K)->12315K(12864K) Class: 1943K(2240K)->1943K(2240K)
[277.310s][info][gc             ] GC(937) Pause Young (Allocation Failure) 291M->18M(989M) 42.063ms
[277.310s][info][gc,cpu         ] GC(937) User=0.02s Sys=0.00s Real=0.03s
[277.580s][info][gc,start       ] GC(938) Pause Young (Allocation Failure)
[277.623s][info][gc,heap        ] GC(938) DefNew: 280260K(314560K)->650K(314560K) Eden: 279616K(279616K)->0K(279616K) From: 644K(34944K)->650K(34944K)
[277.623s][info][gc,heap        ] GC(938) Tenured: 17911K(699072K)->17949K(699072K)
[277.623s][info][gc,metaspace   ] GC(938) Metaspace: 14258K(15104K)->14258K(15104K) NonClass: 12315K(12864K)->12315K(12864K) Class: 1943K(2240K)->1943K(2240K)
[277.623s][info][gc             ] GC(938) Pause Young (Allocation Failure) 291M->18M(989M) 42.418ms
[277.623s][info][gc,cpu         ] GC(938) User=0.03s Sys=0.00s Real=0.04s
[277.893s][info][gc,start       ] GC(939) Pause Young (Allocation Failure)
[277.936s][info][gc,heap        ] GC(939) DefNew: 280266K(314560K)->652K(314560K) Eden: 279616K(279616K)->0K(279616K) From: 650K(34944K)->652K(34944K)
[277.936s][info][gc,heap        ] GC(939) Tenured: 17949K(699072K)->17991K(699072K)
[277.936s][info][gc,metaspace   ] GC(939) Metaspace: 14258K(15104K)->14258K(15104K) NonClass: 12315K(12864K)->12315K(12864K) Class: 1943K(2240K)->1943K(2240K)
[277.936s][info][gc             ] GC(939) Pause Young (Allocation Failure) 291M->18M(989M) 43.303ms
[277.936s][info][gc,cpu         ] GC(939) User=0.03s Sys=0.00s Real=0.04s
[278.204s][info][gc,start       ] GC(940) Pause Young (Allocation Failure)
[278.248s][info][gc,heap        ] GC(940) DefNew: 280268K(314560K)->652K(314560K) Eden: 279616K(279616K)->0K(279616K) From: 652K(34944K)->652K(34944K)
[278.248s][info][gc,heap        ] GC(940) Tenured: 17991K(699072K)->18033K(699072K)
[278.248s][info][gc,metaspace   ] GC(940) Metaspace: 14258K(15104K)->14258K(15104K) NonClass: 12315K(12864K)->12315K(12864K) Class: 1943K(2240K)->1943K(2240K)
[278.248s][info][gc             ] GC(940) Pause Young (Allocation Failure) 291M->18M(989M) 44.351ms
[278.248s][info][gc,cpu         ] GC(940) User=0.05s Sys=0.00s Real=0.04s
[278.517s][info][gc,start       ] GC(941) Pause Young (Allocation Failure)
[278.552s][info][gc,heap        ] GC(941) DefNew: 280268K(314560K)->652K(314560K) Eden: 279615K(279616K)->0K(279616K) From: 652K(34944K)->652K(34944K)
[278.552s][info][gc,heap        ] GC(941) Tenured: 18033K(699072K)->18074K(699072K)
[278.552s][info][gc,metaspace   ] GC(941) Metaspace: 14258K(15104K)->14258K(15104K) NonClass: 12315K(12864K)->12315K(12864K) Class: 1943K(2240K)->1943K(2240K)
[278.552s][info][gc             ] GC(941) Pause Young (Allocation Failure) 291M->18M(989M) 35.306ms
[278.552s][info][gc,cpu         ] GC(941) User=0.03s Sys=0.00s Real=0.03s
[278.824s][info][gc,start       ] GC(942) Pause Young (Allocation Failure)
[278.857s][info][gc,heap        ] GC(942) DefNew: 280268K(314560K)->656K(314560K) Eden: 279616K(279616K)->0K(279616K) From: 652K(34944K)->656K(34944K)
[278.857s][info][gc,heap        ] GC(942) Tenured: 18074K(699072K)->18116K(699072K)
[278.857s][info][gc,metaspace   ] GC(942) Metaspace: 14258K(15104K)->14258K(15104K) NonClass: 12315K(12864K)->12315K(12864K) Class: 1943K(2240K)->1943K(2240K)
[278.857s][info][gc             ] GC(942) Pause Young (Allocation Failure) 291M->18M(989M) 33.668ms
[278.857s][info][gc,cpu         ] GC(942) User=0.03s Sys=0.00s Real=0.03s
[279.131s][info][gc,start       ] GC(943) Pause Young (Allocation Failure)
[279.161s][info][gc,heap        ] GC(943) DefNew: 280272K(314560K)->659K(314560K) Eden: 279616K(279616K)->0K(279616K) From: 656K(34944K)->659K(34944K)
[279.161s][info][gc,heap        ] GC(943) Tenured: 18116K(699072K)->18157K(699072K)
[279.161s][info][gc,metaspace   ] GC(943) Metaspace: 14258K(15104K)->14258K(15104K) NonClass: 12315K(12864K)->12315K(12864K) Class: 1943K(2240K)->1943K(2240K)
[279.161s][info][gc             ] GC(943) Pause Young (Allocation Failure) 291M->18M(989M) 29.789ms
[279.161s][info][gc,cpu         ] GC(943) User=0.02s Sys=0.00s Real=0.03s
[279.439s][info][gc,start       ] GC(944) Pause Young (Allocation Failure)
[279.468s][info][gc,heap        ] GC(944) DefNew: 280275K(314560K)->659K(314560K) Eden: 279616K(279616K)->0K(279616K) From: 659K(34944K)->659K(34944K)
[279.468s][info][gc,heap        ] GC(944) Tenured: 18157K(699072K)->18198K(699072K)
[279.468s][info][gc,metaspace   ] GC(944) Metaspace: 14258K(15104K)->14258K(15104K) NonClass: 12315K(12864K)->12315K(12864K) Class: 1943K(2240K)->1943K(2240K)
[279.468s][info][gc             ] GC(944) Pause Young (Allocation Failure) 291M->18M(989M) 29.302ms
[279.468s][info][gc,cpu         ] GC(944) User=0.02s Sys=0.00s Real=0.03s
[279.734s][info][gc,start       ] GC(945) Pause Young (Allocation Failure)
[279.773s][info][gc,heap        ] GC(945) DefNew: 280275K(314560K)->654K(314560K) Eden: 279616K(279616K)->0K(279616K) From: 659K(34944K)->654K(34944K)
[279.773s][info][gc,heap        ] GC(945) Tenured: 18198K(699072K)->18246K(699072K)
[279.773s][info][gc,metaspace   ] GC(945) Metaspace: 14258K(15104K)->14258K(15104K) NonClass: 12315K(12864K)->12315K(12864K) Class: 1943K(2240K)->1943K(2240K)
[279.773s][info][gc             ] GC(945) Pause Young (Allocation Failure) 291M->18M(989M) 38.856ms
[279.773s][info][gc,cpu         ] GC(945) User=0.05s Sys=0.00s Real=0.04s
[280.042s][info][gc,start       ] GC(946) Pause Young (Allocation Failure)
[280.081s][info][gc,heap        ] GC(946) DefNew: 280270K(314560K)->650K(314560K) Eden: 279616K(279616K)->0K(279616K) From: 654K(34944K)->650K(34944K)
[280.081s][info][gc,heap        ] GC(946) Tenured: 18246K(699072K)->18291K(699072K)
[280.081s][info][gc,metaspace   ] GC(946) Metaspace: 14258K(15104K)->14258K(15104K) NonClass: 12315K(12864K)->12315K(12864K) Class: 1943K(2240K)->1943K(2240K)
[280.081s][info][gc             ] GC(946) Pause Young (Allocation Failure) 291M->18M(989M) 39.471ms
[280.081s][info][gc,cpu         ] GC(946) User=0.05s Sys=0.00s Real=0.04s
[280.350s][info][gc,start       ] GC(947) Pause Young (Allocation Failure)
[280.389s][info][gc,heap        ] GC(947) DefNew: 280266K(314560K)->647K(314560K) Eden: 279616K(279616K)->0K(279616K) From: 650K(34944K)->647K(34944K)
[280.389s][info][gc,heap        ] GC(947) Tenured: 18291K(699072K)->18336K(699072K)
[280.389s][info][gc,metaspace   ] GC(947) Metaspace: 14258K(15104K)->14258K(15104K) NonClass: 12315K(12864K)->12315K(12864K) Class: 1943K(2240K)->1943K(2240K)
[280.389s][info][gc             ] GC(947) Pause Young (Allocation Failure) 291M->18M(989M) 39.757ms
[280.390s][info][gc,cpu         ] GC(947) User=0.03s Sys=0.00s Real=0.04s
[280.656s][info][gc,start       ] GC(948) Pause Young (Allocation Failure)
[280.697s][info][gc,heap        ] GC(948) DefNew: 280263K(314560K)->645K(314560K) Eden: 279616K(279616K)->0K(279616K) From: 647K(34944K)->645K(34944K)
[280.697s][info][gc,heap        ] GC(948) Tenured: 18336K(699072K)->18377K(699072K)
[280.697s][info][gc,metaspace   ] GC(948) Metaspace: 14258K(15104K)->14258K(15104K) NonClass: 12315K(12864K)->12315K(12864K) Class: 1943K(2240K)->1943K(2240K)
[280.697s][info][gc             ] GC(948) Pause Young (Allocation Failure) 291M->18M(989M) 40.831ms
[280.697s][info][gc,cpu         ] GC(948) User=0.05s Sys=0.00s Real=0.04s
[280.961s][info][gc,start       ] GC(949) Pause Young (Allocation Failure)
[281.004s][info][gc,heap        ] GC(949) DefNew: 280261K(314560K)->644K(314560K) Eden: 279616K(279616K)->0K(279616K) From: 645K(34944K)->644K(34944K)
[281.004s][info][gc,heap        ] GC(949) Tenured: 18377K(699072K)->18419K(699072K)
[281.004s][info][gc,metaspace   ] GC(949) Metaspace: 14258K(15104K)->14258K(15104K) NonClass: 12315K(12864K)->12315K(12864K) Class: 1943K(2240K)->1943K(2240K)
[281.004s][info][gc             ] GC(949) Pause Young (Allocation Failure) 291M->18M(989M) 43.709ms
[281.004s][info][gc,cpu         ] GC(949) User=0.05s Sys=0.00s Real=0.04s
[281.266s][info][gc,start       ] GC(950) Pause Young (Allocation Failure)
[281.312s][info][gc,heap        ] GC(950) DefNew: 280260K(314560K)->643K(314560K) Eden: 279616K(279616K)->0K(279616K) From: 644K(34944K)->643K(34944K)
[281.312s][info][gc,heap        ] GC(950) Tenured: 18419K(699072K)->18461K(699072K)
[281.312s][info][gc,metaspace   ] GC(950) Metaspace: 14258K(15104K)->14258K(15104K) NonClass: 12315K(12864K)->12315K(12864K) Class: 1943K(2240K)->1943K(2240K)
[281.312s][info][gc             ] GC(950) Pause Young (Allocation Failure) 291M->18M(989M) 46.082ms
[281.312s][info][gc,cpu         ] GC(950) User=0.03s Sys=0.00s Real=0.03s
[281.551s][info][gc,start       ] GC(951) Pause Young (Allocation Failure)
[281.600s][info][gc,heap        ] GC(951) DefNew: 280259K(314560K)->640K(314560K) Eden: 279616K(279616K)->0K(279616K) From: 643K(34944K)->640K(34944K)
[281.600s][info][gc,heap        ] GC(951) Tenured: 18461K(699072K)->18502K(699072K)
[281.600s][info][gc,metaspace   ] GC(951) Metaspace: 14258K(15104K)->14258K(15104K) NonClass: 12315K(12864K)->12315K(12864K) Class: 1943K(2240K)->1943K(2240K)
[281.600s][info][gc             ] GC(951) Pause Young (Allocation Failure) 291M->18M(989M) 49.436ms
[281.600s][info][gc,cpu         ] GC(951) User=0.05s Sys=0.00s Real=0.05s
[281.791s][info][gc,start       ] GC(952) Pause Young (Allocation Failure)
[281.835s][info][gc,heap        ] GC(952) DefNew: 280256K(314560K)->624K(314560K) Eden: 279616K(279616K)->0K(279616K) From: 640K(34944K)->624K(34944K)
[281.835s][info][gc,heap        ] GC(952) Tenured: 18502K(699072K)->18547K(699072K)
[281.835s][info][gc,metaspace   ] GC(952) Metaspace: 14258K(15104K)->14258K(15104K) NonClass: 12315K(12864K)->12315K(12864K) Class: 1943K(2240K)->1943K(2240K)
[281.835s][info][gc             ] GC(952) Pause Young (Allocation Failure) 291M->18M(989M) 43.743ms
[281.835s][info][gc,cpu         ] GC(952) User=0.05s Sys=0.00s Real=0.04s
[282.013s][info][gc,start       ] GC(953) Pause Full (System.gc())
[282.013s][info][gc,phases,start] GC(953) Phase 1: Mark live objects
[282.053s][info][gc,phases      ] GC(953) Phase 1: Mark live objects 39.766ms
[282.053s][info][gc,phases,start] GC(953) Phase 2: Compute new object addresses
[282.083s][info][gc,phases      ] GC(953) Phase 2: Compute new object addresses 29.811ms
[282.083s][info][gc,phases,start] GC(953) Phase 3: Adjust pointers
[282.106s][info][gc,phases      ] GC(953) Phase 3: Adjust pointers 23.599ms
[282.106s][info][gc,phases,start] GC(953) Phase 4: Move objects
[282.106s][info][gc,phases      ] GC(953) Phase 4: Move objects 0.013ms
[282.106s][info][gc,heap        ] GC(953) DefNew: 124421K(314560K)->0K(314560K) Eden: 123796K(279616K)->0K(279616K) From: 624K(34944K)->0K(34944K)
[282.106s][info][gc,heap        ] GC(953) Tenured: 18547K(699072K)->5351K(699072K)
[282.106s][info][gc,metaspace   ] GC(953) Metaspace: 14258K(15104K)->14258K(15104K) NonClass: 12315K(12864K)->12315K(12864K) Class: 1943K(2240K)->1943K(2240K)
[282.107s][info][gc             ] GC(953) Pause Full (System.gc()) 139M->5M(989M) 93.584ms
[282.107s][info][gc,cpu         ] GC(953) User=0.09s Sys=0.00s Real=0.09s
[282.338s][info][gc,start       ] GC(954) Pause Young (Allocation Failure)
[282.382s][info][gc,heap        ] GC(954) DefNew: 279616K(314560K)->1498K(314560K) Eden: 279616K(279616K)->0K(279616K) From: 0K(34944K)->1498K(34944K)
[282.382s][info][gc,heap        ] GC(954) Tenured: 5351K(699072K)->5351K(699072K)
[282.382s][info][gc,metaspace   ] GC(954) Metaspace: 14258K(15104K)->14258K(15104K) NonClass: 12315K(12864K)->12315K(12864K) Class: 1943K(2240K)->1943K(2240K)
[282.382s][info][gc             ] GC(954) Pause Young (Allocation Failure) 278M->6M(989M) 43.782ms
[282.382s][info][gc,cpu         ] GC(954) User=0.03s Sys=0.00s Real=0.03s
[282.669s][info][gc,start       ] GC(955) Pause Young (Allocation Failure)
[282.715s][info][gc,heap        ] GC(955) DefNew: 281114K(314560K)->1539K(314560K) Eden: 279616K(279616K)->0K(279616K) From: 1498K(34944K)->1539K(34944K)
[282.715s][info][gc,heap        ] GC(955) Tenured: 5351K(699072K)->5351K(699072K)
[282.715s][info][gc,metaspace   ] GC(955) Metaspace: 14258K(15104K)->14258K(15104K) NonClass: 12315K(12864K)->12315K(12864K) Class: 1943K(2240K)->1943K(2240K)
[282.715s][info][gc             ] GC(955) Pause Young (Allocation Failure) 279M->6M(989M) 45.840ms
[282.715s][info][gc,cpu         ] GC(955) User=0.03s Sys=0.00s Real=0.03s
[282.986s][info][gc,start       ] GC(956) Pause Young (Allocation Failure)
[283.025s][info][gc,heap        ] GC(956) DefNew: 281155K(314560K)->1580K(314560K) Eden: 279616K(279616K)->0K(279616K) From: 1539K(34944K)->1580K(34944K)
[283.025s][info][gc,heap        ] GC(956) Tenured: 5351K(699072K)->5351K(699072K)
[283.025s][info][gc,metaspace   ] GC(956) Metaspace: 14258K(15104K)->14258K(15104K) NonClass: 12315K(12864K)->12315K(12864K) Class: 1943K(2240K)->1943K(2240K)
[283.025s][info][gc             ] GC(956) Pause Young (Allocation Failure) 279M->6M(989M) 39.628ms
[283.025s][info][gc,cpu         ] GC(956) User=0.03s Sys=0.00s Real=0.04s
[283.305s][info][gc,start       ] GC(957) Pause Young (Allocation Failure)
[283.344s][info][gc,heap        ] GC(957) DefNew: 281196K(314560K)->1622K(314560K) Eden: 279616K(279616K)->0K(279616K) From: 1580K(34944K)->1622K(34944K)
[283.344s][info][gc,heap        ] GC(957) Tenured: 5351K(699072K)->5351K(699072K)
[283.344s][info][gc,metaspace   ] GC(957) Metaspace: 14258K(15104K)->14258K(15104K) NonClass: 12315K(12864K)->12315K(12864K) Class: 1943K(2240K)->1943K(2240K)
[283.344s][info][gc             ] GC(957) Pause Young (Allocation Failure) 279M->6M(989M) 39.509ms
[283.344s][info][gc,cpu         ] GC(957) User=0.03s Sys=0.00s Real=0.04s
[283.616s][info][gc,start       ] GC(958) Pause Young (Allocation Failure)
[283.654s][info][gc,heap        ] GC(958) DefNew: 281238K(314560K)->1661K(314560K) Eden: 279616K(279616K)->0K(279616K) From: 1622K(34944K)->1661K(34944K)
[283.654s][info][gc,heap        ] GC(958) Tenured: 5351K(699072K)->5351K(699072K)
[283.654s][info][gc,metaspace   ] GC(958) Metaspace: 14258K(15104K)->14258K(15104K) NonClass: 12315K(12864K)->12315K(12864K) Class: 1943K(2240K)->1943K(2240K)
[283.654s][info][gc             ] GC(958) Pause Young (Allocation Failure) 279M->6M(989M) 38.163ms
[283.654s][info][gc,cpu         ] GC(958) User=0.03s Sys=0.00s Real=0.04s
[283.916s][info][gc,start       ] GC(959) Pause Young (Allocation Failure)
[283.955s][info][gc,heap        ] GC(959) DefNew: 281277K(314560K)->1702K(314560K) Eden: 279616K(279616K)->0K(279616K) From: 1661K(34944K)->1702K(34944K)
[283.955s][info][gc,heap        ] GC(959) Tenured: 5351K(699072K)->5351K(699072K)
[283.955s][info][gc,metaspace   ] GC(959) Metaspace: 14258K(15104K)->14258K(15104K) NonClass: 12315K(12864K)->12315K(12864K) Class: 1943K(2240K)->1943K(2240K)
[283.955s][info][gc             ] GC(959) Pause Young (Allocation Failure) 279M->6M(989M) 39.833ms
[283.955s][info][gc,cpu         ] GC(959) User=0.05s Sys=0.00s Real=0.04s
[284.234s][info][gc,start       ] GC(960) Pause Young (Allocation Failure)
[284.275s][info][gc,heap        ] GC(960) DefNew: 281318K(314560K)->1748K(314560K) Eden: 279616K(279616K)->0K(279616K) From: 1702K(34944K)->1748K(34944K)
[284.275s][info][gc,heap        ] GC(960) Tenured: 5351K(699072K)->5351K(699072K)
[284.275s][info][gc,metaspace   ] GC(960) Metaspace: 14258K(15104K)->14258K(15104K) NonClass: 12315K(12864K)->12315K(12864K) Class: 1943K(2240K)->1943K(2240K)
[284.275s][info][gc             ] GC(960) Pause Young (Allocation Failure) 279M->6M(989M) 41.319ms
[284.275s][info][gc,cpu         ] GC(960) User=0.05s Sys=0.00s Real=0.04s
[284.536s][info][gc,start       ] GC(961) Pause Young (Allocation Failure)
[284.577s][info][gc,heap        ] GC(961) DefNew: 281364K(314560K)->1789K(314560K) Eden: 279616K(279616K)->0K(279616K) From: 1748K(34944K)->1789K(34944K)
[284.577s][info][gc,heap        ] GC(961) Tenured: 5351K(699072K)->5351K(699072K)
[284.577s][info][gc,metaspace   ] GC(961) Metaspace: 14258K(15104K)->14258K(15104K) NonClass: 12315K(12864K)->12315K(12864K) Class: 1943K(2240K)->1943K(2240K)
[284.577s][info][gc             ] GC(961) Pause Young (Allocation Failure) 279M->6M(989M) 40.606ms
[284.577s][info][gc,cpu         ] GC(961) User=0.03s Sys=0.00s Real=0.04s
[284.839s][info][gc,start       ] GC(962) Pause Young (Allocation Failure)
[284.881s][info][gc,heap        ] GC(962) DefNew: 281405K(314560K)->1830K(314560K) Eden: 279616K(279616K)->0K(279616K) From: 1789K(34944K)->1830K(34944K)
[284.881s][info][gc,heap        ] GC(962) Tenured: 5351K(699072K)->5351K(699072K)
[284.881s][info][gc,metaspace   ] GC(962) Metaspace: 14258K(15104K)->14258K(15104K) NonClass: 12315K(12864K)->12315K(12864K) Class: 1943K(2240K)->1943K(2240K)
[284.881s][info][gc             ] GC(962) Pause Young (Allocation Failure) 280M->7M(989M) 41.810ms
[284.881s][info][gc,cpu         ] GC(962) User=0.05s Sys=0.00s Real=0.04s
[285.143s][info][gc,start       ] GC(963) Pause Young (Allocation Failure)
[285.185s][info][gc,heap        ] GC(963) DefNew: 281446K(314560K)->1872K(314560K) Eden: 279616K(279616K)->0K(279616K) From: 1830K(34944K)->1872K(34944K)
[285.185s][info][gc,heap        ] GC(963) Tenured: 5351K(699072K)->5351K(699072K)
[285.185s][info][gc,metaspace   ] GC(963) Metaspace: 14258K(15104K)->14258K(15104K) NonClass: 12315K(12864K)->12315K(12864K) Class: 1943K(2240K)->1943K(2240K)
[285.185s][info][gc             ] GC(963) Pause Young (Allocation Failure) 280M->7M(989M) 42.408ms
[285.185s][info][gc,cpu         ] GC(963) User=0.03s Sys=0.00s Real=0.04s
[285.446s][info][gc,start       ] GC(964) Pause Young (Allocation Failure)
[285.490s][info][gc,heap        ] GC(964) DefNew: 281488K(314560K)->1913K(314560K) Eden: 279616K(279616K)->0K(279616K) From: 1872K(34944K)->1913K(34944K)
[285.490s][info][gc,heap        ] GC(964) Tenured: 5351K(699072K)->5351K(699072K)
[285.490s][info][gc,metaspace   ] GC(964) Metaspace: 14258K(15104K)->14258K(15104K) NonClass: 12315K(12864K)->12315K(12864K) Class: 1943K(2240K)->1943K(2240K)
[285.490s][info][gc             ] GC(964) Pause Young (Allocation Failure) 280M->7M(989M) 43.887ms
[285.490s][info][gc,cpu         ] GC(964) User=0.03s Sys=0.00s Real=0.04s
[285.755s][info][gc,start       ] GC(965) Pause Young (Allocation Failure)
[285.790s][info][gc,heap        ] GC(965) DefNew: 281529K(314560K)->1955K(314560K) Eden: 279616K(279616K)->0K(279616K) From: 1913K(34944K)->1955K(34944K)
[285.790s][info][gc,heap        ] GC(965) Tenured: 5351K(699072K)->5351K(699072K)
[285.790s][info][gc,metaspace   ] GC(965) Metaspace: 14258K(15104K)->14258K(15104K) NonClass: 12315K(12864K)->12315K(12864K) Class: 1943K(2240K)->1943K(2240K)
[285.790s][info][gc             ] GC(965) Pause Young (Allocation Failure) 280M->7M(989M) 34.784ms
[285.790s][info][gc,cpu         ] GC(965) User=0.02s Sys=0.00s Real=0.03s
[286.054s][info][gc,start       ] GC(966) Pause Young (Allocation Failure)
[286.099s][info][gc,heap        ] GC(966) DefNew: 281571K(314560K)->1996K(314560K) Eden: 279616K(279616K)->0K(279616K) From: 1955K(34944K)->1996K(34944K)
[286.099s][info][gc,heap        ] GC(966) Tenured: 5351K(699072K)->5351K(699072K)
[286.099s][info][gc,metaspace   ] GC(966) Metaspace: 14258K(15104K)->14258K(15104K) NonClass: 12315K(12864K)->12315K(12864K) Class: 1943K(2240K)->1943K(2240K)
[286.099s][info][gc             ] GC(966) Pause Young (Allocation Failure) 280M->7M(989M) 45.222ms
[286.099s][info][gc,cpu         ] GC(966) User=0.03s Sys=0.00s Real=0.03s
[286.357s][info][gc,start       ] GC(967) Pause Young (Allocation Failure)
[286.402s][info][gc,heap        ] GC(967) DefNew: 281612K(314560K)->2035K(314560K) Eden: 279616K(279616K)->0K(279616K) From: 1996K(34944K)->2035K(34944K)
[286.402s][info][gc,heap        ] GC(967) Tenured: 5351K(699072K)->5351K(699072K)
[286.402s][info][gc,metaspace   ] GC(967) Metaspace: 14258K(15104K)->14258K(15104K) NonClass: 12315K(12864K)->12315K(12864K) Class: 1943K(2240K)->1943K(2240K)
[286.402s][info][gc             ] GC(967) Pause Young (Allocation Failure) 280M->7M(989M) 45.240ms
[286.402s][info][gc,cpu         ] GC(967) User=0.05s Sys=0.00s Real=0.04s
[286.676s][info][gc,start       ] GC(968) Pause Young (Allocation Failure)
[286.711s][info][gc,heap        ] GC(968) DefNew: 281651K(314560K)->2079K(314560K) Eden: 279616K(279616K)->0K(279616K) From: 2035K(34944K)->2079K(34944K)
[286.711s][info][gc,heap        ] GC(968) Tenured: 5351K(699072K)->5351K(699072K)
[286.711s][info][gc,metaspace   ] GC(968) Metaspace: 14258K(15104K)->14258K(15104K) NonClass: 12315K(12864K)->12315K(12864K) Class: 1943K(2240K)->1943K(2240K)
[286.711s][info][gc             ] GC(968) Pause Young (Allocation Failure) 280M->7M(989M) 35.027ms
[286.711s][info][gc,cpu         ] GC(968) User=0.02s Sys=0.00s Real=0.03s
[286.983s][info][gc,start       ] GC(969) Pause Young (Allocation Failure)
[287.023s][info][gc,heap        ] GC(969) DefNew: 281695K(314560K)->634K(314560K) Eden: 279616K(279616K)->0K(279616K) From: 2079K(34944K)->634K(34944K)
[287.023s][info][gc,heap        ] GC(969) Tenured: 5351K(699072K)->6841K(699072K)
[287.023s][info][gc,metaspace   ] GC(969) Metaspace: 14258K(15104K)->14258K(15104K) NonClass: 12315K(12864K)->12315K(12864K) Class: 1943K(2240K)->1943K(2240K)
[287.023s][info][gc             ] GC(969) Pause Young (Allocation Failure) 280M->7M(989M) 40.037ms
[287.023s][info][gc,cpu         ] GC(969) User=0.03s Sys=0.00s Real=0.03s
[287.305s][info][gc,start       ] GC(970) Pause Young (Allocation Failure)
[287.343s][info][gc,heap        ] GC(970) DefNew: 280250K(314560K)->635K(314560K) Eden: 279616K(279616K)->0K(279616K) From: 634K(34944K)->635K(34944K)
[287.343s][info][gc,heap        ] GC(970) Tenured: 6841K(699072K)->6882K(699072K)
[287.343s][info][gc,metaspace   ] GC(970) Metaspace: 14258K(15104K)->14258K(15104K) NonClass: 12315K(12864K)->12315K(12864K) Class: 1943K(2240K)->1943K(2240K)
[287.343s][info][gc             ] GC(970) Pause Young (Allocation Failure) 280M->7M(989M) 37.566ms
[287.343s][info][gc,cpu         ] GC(970) User=0.03s Sys=0.00s Real=0.04s
[287.614s][info][gc,start       ] GC(971) Pause Young (Allocation Failure)
[287.644s][info][gc,heap        ] GC(971) DefNew: 280251K(314560K)->634K(314560K) Eden: 279616K(279616K)->0K(279616K) From: 635K(34944K)->634K(34944K)
[287.644s][info][gc,heap        ] GC(971) Tenured: 6882K(699072K)->6924K(699072K)
[287.644s][info][gc,metaspace   ] GC(971) Metaspace: 14258K(15104K)->14258K(15104K) NonClass: 12315K(12864K)->12315K(12864K) Class: 1943K(2240K)->1943K(2240K)
[287.644s][info][gc             ] GC(971) Pause Young (Allocation Failure) 280M->7M(989M) 29.721ms
[287.644s][info][gc,cpu         ] GC(971) User=0.02s Sys=0.00s Real=0.02s
[287.910s][info][gc,start       ] GC(972) Pause Young (Allocation Failure)
[287.940s][info][gc,heap        ] GC(972) DefNew: 280250K(314560K)->635K(314560K) Eden: 279616K(279616K)->0K(279616K) From: 634K(34944K)->635K(34944K)
[287.940s][info][gc,heap        ] GC(972) Tenured: 6924K(699072K)->6966K(699072K)
[287.940s][info][gc,metaspace   ] GC(972) Metaspace: 14258K(15104K)->14258K(15104K) NonClass: 12315K(12864K)->12315K(12864K) Class: 1943K(2240K)->1943K(2240K)
[287.940s][info][gc             ] GC(972) Pause Young (Allocation Failure) 280M->7M(989M) 30.889ms
[287.940s][info][gc,cpu         ] GC(972) User=0.02s Sys=0.00s Real=0.02s
[288.208s][info][gc,start       ] GC(973) Pause Young (Allocation Failure)
[288.239s][info][gc,heap        ] GC(973) DefNew: 280251K(314560K)->641K(314560K) Eden: 279616K(279616K)->0K(279616K) From: 635K(34944K)->641K(34944K)
[288.239s][info][gc,heap        ] GC(973) Tenured: 6966K(699072K)->7004K(699072K)
[288.239s][info][gc,metaspace   ] GC(973) Metaspace: 14258K(15104K)->14258K(15104K) NonClass: 12315K(12864K)->12315K(12864K) Class: 1943K(2240K)->1943K(2240K)
[288.239s][info][gc             ] GC(973) Pause Young (Allocation Failure) 280M->7M(989M) 31.061ms
[288.239s][info][gc,cpu         ] GC(973) User=0.02s Sys=0.00s Real=0.03s
[288.499s][info][gc,start       ] GC(974) Pause Young (Allocation Failure)
[288.539s][info][gc,heap        ] GC(974) DefNew: 280257K(314560K)->639K(314560K) Eden: 279616K(279616K)->0K(279616K) From: 641K(34944K)->639K(34944K)
[288.539s][info][gc,heap        ] GC(974) Tenured: 7004K(699072K)->7046K(699072K)
[288.539s][info][gc,metaspace   ] GC(974) Metaspace: 14258K(15104K)->14258K(15104K) NonClass: 12315K(12864K)->12315K(12864K) Class: 1943K(2240K)->1943K(2240K)
[288.539s][info][gc             ] GC(974) Pause Young (Allocation Failure) 280M->7M(989M) 40.451ms
[288.539s][info][gc,cpu         ] GC(974) User=0.05s Sys=0.00s Real=0.04s
[288.808s][info][gc,start       ] GC(975) Pause Young (Allocation Failure)
[288.850s][info][gc,heap        ] GC(975) DefNew: 280255K(314560K)->635K(314560K) Eden: 279616K(279616K)->0K(279616K) From: 639K(34944K)->635K(34944K)
[288.856s][info][gc,heap        ] GC(975) Tenured: 7046K(699072K)->7091K(699072K)
[288.856s][info][gc,metaspace   ] GC(975) Metaspace: 14258K(15104K)->14258K(15104K) NonClass: 12315K(12864K)->12315K(12864K) Class: 1943K(2240K)->1943K(2240K)
[288.856s][info][gc             ] GC(975) Pause Young (Allocation Failure) 280M->7M(989M) 48.649ms
[288.856s][info][gc,cpu         ] GC(975) User=0.05s Sys=0.00s Real=0.04s
[289.126s][info][gc,start       ] GC(976) Pause Young (Allocation Failure)
[289.169s][info][gc,heap        ] GC(976) DefNew: 280251K(314560K)->638K(314560K) Eden: 279616K(279616K)->0K(279616K) From: 635K(34944K)->638K(34944K)
[289.169s][info][gc,heap        ] GC(976) Tenured: 7091K(699072K)->7132K(699072K)
[289.169s][info][gc,metaspace   ] GC(976) Metaspace: 14258K(15104K)->14258K(15104K) NonClass: 12315K(12864K)->12315K(12864K) Class: 1943K(2240K)->1943K(2240K)
[289.169s][info][gc             ] GC(976) Pause Young (Allocation Failure) 280M->7M(989M) 42.603ms
[289.169s][info][gc,cpu         ] GC(976) User=0.03s Sys=0.00s Real=0.04s
[289.436s][info][gc,start       ] GC(977) Pause Young (Allocation Failure)
[289.479s][info][gc,heap        ] GC(977) DefNew: 280254K(314560K)->639K(314560K) Eden: 279616K(279616K)->0K(279616K) From: 638K(34944K)->639K(34944K)
[289.479s][info][gc,heap        ] GC(977) Tenured: 7132K(699072K)->7173K(699072K)
[289.479s][info][gc,metaspace   ] GC(977) Metaspace: 14258K(15104K)->14258K(15104K) NonClass: 12315K(12864K)->12315K(12864K) Class: 1943K(2240K)->1943K(2240K)
[289.479s][info][gc             ] GC(977) Pause Young (Allocation Failure) 280M->7M(989M) 43.670ms
[289.479s][info][gc,cpu         ] GC(977) User=0.05s Sys=0.00s Real=0.04s
[289.750s][info][gc,start       ] GC(978) Pause Young (Allocation Failure)
[289.795s][info][gc,heap        ] GC(978) DefNew: 280255K(314560K)->642K(314560K) Eden: 279616K(279616K)->0K(279616K) From: 639K(34944K)->642K(34944K)
[289.795s][info][gc,heap        ] GC(978) Tenured: 7173K(699072K)->7214K(699072K)
[289.795s][info][gc,metaspace   ] GC(978) Metaspace: 14258K(15104K)->14258K(15104K) NonClass: 12315K(12864K)->12315K(12864K) Class: 1943K(2240K)->1943K(2240K)
[289.795s][info][gc             ] GC(978) Pause Young (Allocation Failure) 280M->7M(989M) 44.916ms
[289.795s][info][gc,cpu         ] GC(978) User=0.05s Sys=0.00s Real=0.04s
[290.065s][info][gc,start       ] GC(979) Pause Young (Allocation Failure)
[290.100s][info][gc,heap        ] GC(979) DefNew: 280258K(314560K)->645K(314560K) Eden: 279616K(279616K)->0K(279616K) From: 642K(34944K)->645K(34944K)
[290.100s][info][gc,heap        ] GC(979) Tenured: 7214K(699072K)->7256K(699072K)
[290.100s][info][gc,metaspace   ] GC(979) Metaspace: 14258K(15104K)->14258K(15104K) NonClass: 12315K(12864K)->12315K(12864K) Class: 1943K(2240K)->1943K(2240K)
[290.100s][info][gc             ] GC(979) Pause Young (Allocation Failure) 280M->7M(989M) 34.562ms
[290.100s][info][gc,cpu         ] GC(979) User=0.03s Sys=0.00s Real=0.04s
[290.536s][info][gc,start       ] GC(980) Pause Young (Allocation Failure)
[290.574s][info][gc,heap        ] GC(980) DefNew: 280261K(314560K)->648K(314560K) Eden: 279616K(279616K)->0K(279616K) From: 645K(34944K)->648K(34944K)
[290.574s][info][gc,heap        ] GC(980) Tenured: 7256K(699072K)->7298K(699072K)
[290.574s][info][gc,metaspace   ] GC(980) Metaspace: 14258K(15104K)->14258K(15104K) NonClass: 12315K(12864K)->12315K(12864K) Class: 1943K(2240K)->1943K(2240K)
[290.574s][info][gc             ] GC(980) Pause Young (Allocation Failure) 280M->7M(989M) 38.500ms
[290.574s][info][gc,cpu         ] GC(980) User=0.03s Sys=0.00s Real=0.04s
[290.852s][info][gc,start       ] GC(981) Pause Young (Allocation Failure)
[290.892s][info][gc,heap        ] GC(981) DefNew: 280264K(314560K)->654K(314560K) Eden: 279616K(279616K)->0K(279616K) From: 648K(34944K)->654K(34944K)
[290.892s][info][gc,heap        ] GC(981) Tenured: 7298K(699072K)->7336K(699072K)
[290.892s][info][gc,metaspace   ] GC(981) Metaspace: 14258K(15104K)->14258K(15104K) NonClass: 12315K(12864K)->12315K(12864K) Class: 1943K(2240K)->1943K(2240K)
[290.892s][info][gc             ] GC(981) Pause Young (Allocation Failure) 280M->7M(989M) 40.487ms
[290.892s][info][gc,cpu         ] GC(981) User=0.05s Sys=0.00s Real=0.04s
[291.173s][info][gc,start       ] GC(982) Pause Young (Allocation Failure)
[291.210s][info][gc,heap        ] GC(982) DefNew: 280270K(314560K)->654K(314560K) Eden: 279616K(279616K)->0K(279616K) From: 654K(34944K)->654K(34944K)
[291.210s][info][gc,heap        ] GC(982) Tenured: 7336K(699072K)->7377K(699072K)
[291.211s][info][gc,metaspace   ] GC(982) Metaspace: 14258K(15104K)->14258K(15104K) NonClass: 12315K(12864K)->12315K(12864K) Class: 1943K(2240K)->1943K(2240K)
[291.211s][info][gc             ] GC(982) Pause Young (Allocation Failure) 280M->7M(989M) 37.441ms
[291.211s][info][gc,cpu         ] GC(982) User=0.02s Sys=0.00s Real=0.03s
[291.478s][info][gc,start       ] GC(983) Pause Young (Allocation Failure)
[291.517s][info][gc,heap        ] GC(983) DefNew: 280270K(314560K)->654K(314560K) Eden: 279615K(279616K)->0K(279616K) From: 654K(34944K)->654K(34944K)
[291.517s][info][gc,heap        ] GC(983) Tenured: 7377K(699072K)->7422K(699072K)
[291.517s][info][gc,metaspace   ] GC(983) Metaspace: 14258K(15104K)->14258K(15104K) NonClass: 12315K(12864K)->12315K(12864K) Class: 1943K(2240K)->1943K(2240K)
[291.517s][info][gc             ] GC(983) Pause Young (Allocation Failure) 280M->7M(989M) 38.735ms
[291.517s][info][gc,cpu         ] GC(983) User=0.03s Sys=0.00s Real=0.03s
[291.782s][info][gc,start       ] GC(984) Pause Young (Allocation Failure)
[291.821s][info][gc,heap        ] GC(984) DefNew: 280270K(314560K)->650K(314560K) Eden: 279616K(279616K)->0K(279616K) From: 654K(34944K)->650K(34944K)
[291.821s][info][gc,heap        ] GC(984) Tenured: 7422K(699072K)->7466K(699072K)
[291.821s][info][gc,metaspace   ] GC(984) Metaspace: 14258K(15104K)->14258K(15104K) NonClass: 12315K(12864K)->12315K(12864K) Class: 1943K(2240K)->1943K(2240K)
[291.821s][info][gc             ] GC(984) Pause Young (Allocation Failure) 280M->7M(989M) 39.119ms
[291.821s][info][gc,cpu         ] GC(984) User=0.05s Sys=0.00s Real=0.04s
[292.091s][info][gc,start       ] GC(985) Pause Young (Allocation Failure)
[292.122s][info][gc,heap        ] GC(985) DefNew: 280266K(314560K)->650K(314560K) Eden: 279616K(279616K)->0K(279616K) From: 650K(34944K)->650K(34944K)
[292.122s][info][gc,heap        ] GC(985) Tenured: 7466K(699072K)->7508K(699072K)
[292.122s][info][gc,metaspace   ] GC(985) Metaspace: 14258K(15104K)->14258K(15104K) NonClass: 12315K(12864K)->12315K(12864K) Class: 1943K(2240K)->1943K(2240K)
[292.122s][info][gc             ] GC(985) Pause Young (Allocation Failure) 280M->7M(989M) 30.872ms
[292.122s][info][gc,cpu         ] GC(985) User=0.03s Sys=0.00s Real=0.03s
[292.389s][info][gc,start       ] GC(986) Pause Young (Allocation Failure)
[292.429s][info][gc,heap        ] GC(986) DefNew: 280266K(314560K)->653K(314560K) Eden: 279616K(279616K)->0K(279616K) From: 650K(34944K)->653K(34944K)
[292.429s][info][gc,heap        ] GC(986) Tenured: 7508K(699072K)->7550K(699072K)
[292.429s][info][gc,metaspace   ] GC(986) Metaspace: 14258K(15104K)->14258K(15104K) NonClass: 12315K(12864K)->12315K(12864K) Class: 1943K(2240K)->1943K(2240K)
[292.429s][info][gc             ] GC(986) Pause Young (Allocation Failure) 281M->8M(989M) 40.157ms
[292.429s][info][gc,cpu         ] GC(986) User=0.05s Sys=0.00s Real=0.04s
[292.697s][info][gc,start       ] GC(987) Pause Young (Allocation Failure)
[292.738s][info][gc,heap        ] GC(987) DefNew: 280269K(314560K)->652K(314560K) Eden: 279615K(279616K)->0K(279616K) From: 653K(34944K)->652K(34944K)
[292.738s][info][gc,heap        ] GC(987) Tenured: 7550K(699072K)->7593K(699072K)
[292.738s][info][gc,metaspace   ] GC(987) Metaspace: 14258K(15104K)->14258K(15104K) NonClass: 12315K(12864K)->12315K(12864K) Class: 1943K(2240K)->1943K(2240K)
[292.738s][info][gc             ] GC(987) Pause Young (Allocation Failure) 281M->8M(989M) 40.552ms
[292.738s][info][gc,cpu         ] GC(987) User=0.03s Sys=0.00s Real=0.03s
[293.005s][info][gc,start       ] GC(988) Pause Young (Allocation Failure)
[293.036s][info][gc,heap        ] GC(988) DefNew: 280268K(314560K)->648K(314560K) Eden: 279616K(279616K)->0K(279616K) From: 652K(34944K)->648K(34944K)
[293.036s][info][gc,heap        ] GC(988) Tenured: 7593K(699072K)->7638K(699072K)
[293.036s][info][gc,metaspace   ] GC(988) Metaspace: 14258K(15104K)->14258K(15104K) NonClass: 12315K(12864K)->12315K(12864K) Class: 1943K(2240K)->1943K(2240K)
[293.036s][info][gc             ] GC(988) Pause Young (Allocation Failure) 281M->8M(989M) 31.719ms
[293.036s][info][gc,cpu         ] GC(988) User=0.02s Sys=0.00s Real=0.02s
[293.301s][info][gc,start       ] GC(989) Pause Young (Allocation Failure)
[293.335s][info][gc,heap        ] GC(989) DefNew: 280264K(314560K)->651K(314560K) Eden: 279616K(279616K)->0K(279616K) From: 648K(34944K)->651K(34944K)
[293.335s][info][gc,heap        ] GC(989) Tenured: 7638K(699072K)->7676K(699072K)
[293.335s][info][gc,metaspace   ] GC(989) Metaspace: 14258K(15104K)->14258K(15104K) NonClass: 12315K(12864K)->12315K(12864K) Class: 1943K(2240K)->1943K(2240K)
[293.335s][info][gc             ] GC(989) Pause Young (Allocation Failure) 281M->8M(989M) 34.529ms
[293.335s][info][gc,cpu         ] GC(989) User=0.02s Sys=0.00s Real=0.02s
[293.603s][info][gc,start       ] GC(990) Pause Young (Allocation Failure)
[293.636s][info][gc,heap        ] GC(990) DefNew: 280267K(314560K)->658K(314560K) Eden: 279616K(279616K)->0K(279616K) From: 651K(34944K)->658K(34944K)
[293.636s][info][gc,heap        ] GC(990) Tenured: 7676K(699072K)->7718K(699072K)
[293.636s][info][gc,metaspace   ] GC(990) Metaspace: 14258K(15104K)->14258K(15104K) NonClass: 12315K(12864K)->12315K(12864K) Class: 1943K(2240K)->1943K(2240K)
[293.636s][info][gc             ] GC(990) Pause Young (Allocation Failure) 281M->8M(989M) 32.545ms
[293.636s][info][gc,cpu         ] GC(990) User=0.03s Sys=0.00s Real=0.03s
[293.906s][info][gc,start       ] GC(991) Pause Young (Allocation Failure)
[293.949s][info][gc,heap        ] GC(991) DefNew: 280274K(314560K)->658K(314560K) Eden: 279616K(279616K)->0K(279616K) From: 658K(34944K)->658K(34944K)
[293.949s][info][gc,heap        ] GC(991) Tenured: 7718K(699072K)->7762K(699072K)
[293.949s][info][gc,metaspace   ] GC(991) Metaspace: 14258K(15104K)->14258K(15104K) NonClass: 12315K(12864K)->12315K(12864K) Class: 1943K(2240K)->1943K(2240K)
[293.949s][info][gc             ] GC(991) Pause Young (Allocation Failure) 281M->8M(989M) 43.943ms
[293.949s][info][gc,cpu         ] GC(991) User=0.05s Sys=0.00s Real=0.04s
[294.216s][info][gc,start       ] GC(992) Pause Young (Allocation Failure)
[294.260s][info][gc,heap        ] GC(992) DefNew: 280274K(314560K)->659K(314560K) Eden: 279616K(279616K)->0K(279616K) From: 658K(34944K)->659K(34944K)
[294.260s][info][gc,heap        ] GC(992) Tenured: 7762K(699072K)->7804K(699072K)
[294.260s][info][gc,metaspace   ] GC(992) Metaspace: 14258K(15104K)->14258K(15104K) NonClass: 12315K(12864K)->12315K(12864K) Class: 1943K(2240K)->1943K(2240K)
[294.260s][info][gc             ] GC(992) Pause Young (Allocation Failure) 281M->8M(989M) 44.169ms
[294.260s][info][gc,cpu         ] GC(992) User=0.05s Sys=0.00s Real=0.04s
[294.546s][info][gc,start       ] GC(993) Pause Young (Allocation Failure)
[294.592s][info][gc,heap        ] GC(993) DefNew: 280275K(314560K)->655K(314560K) Eden: 279616K(279616K)->0K(279616K) From: 659K(34944K)->655K(34944K)
[294.592s][info][gc,heap        ] GC(993) Tenured: 7804K(699072K)->7848K(699072K)
[294.592s][info][gc,metaspace   ] GC(993) Metaspace: 14258K(15104K)->14258K(15104K) NonClass: 12315K(12864K)->12315K(12864K) Class: 1943K(2240K)->1943K(2240K)
[294.592s][info][gc             ] GC(993) Pause Young (Allocation Failure) 281M->8M(989M) 46.086ms
[294.592s][info][gc,cpu         ] GC(993) User=0.05s Sys=0.00s Real=0.05s
[294.868s][info][gc,start       ] GC(994) Pause Young (Allocation Failure)
[294.907s][info][gc,heap        ] GC(994) DefNew: 280271K(314560K)->654K(314560K) Eden: 279616K(279616K)->0K(279616K) From: 655K(34944K)->654K(34944K)
[294.907s][info][gc,heap        ] GC(994) Tenured: 7848K(699072K)->7892K(699072K)
[294.907s][info][gc,metaspace   ] GC(994) Metaspace: 14258K(15104K)->14258K(15104K) NonClass: 12315K(12864K)->12315K(12864K) Class: 1943K(2240K)->1943K(2240K)
[294.907s][info][gc             ] GC(994) Pause Young (Allocation Failure) 281M->8M(989M) 39.684ms
[294.907s][info][gc,cpu         ] GC(994) User=0.03s Sys=0.00s Real=0.03s
[295.175s][info][gc,start       ] GC(995) Pause Young (Allocation Failure)
[295.213s][info][gc,heap        ] GC(995) DefNew: 280270K(314560K)->650K(314560K) Eden: 279616K(279616K)->0K(279616K) From: 654K(34944K)->650K(34944K)
[295.213s][info][gc,heap        ] GC(995) Tenured: 7892K(699072K)->7937K(699072K)
[295.213s][info][gc,metaspace   ] GC(995) Metaspace: 14258K(15104K)->14258K(15104K) NonClass: 12315K(12864K)->12315K(12864K) Class: 1943K(2240K)->1943K(2240K)
[295.213s][info][gc             ] GC(995) Pause Young (Allocation Failure) 281M->8M(989M) 37.831ms
[295.213s][info][gc,cpu         ] GC(995) User=0.02s Sys=0.00s Real=0.02s
[295.494s][info][gc,start       ] GC(996) Pause Young (Allocation Failure)
[295.532s][info][gc,heap        ] GC(996) DefNew: 280266K(314560K)->648K(314560K) Eden: 279616K(279616K)->0K(279616K) From: 650K(34944K)->648K(34944K)
[295.532s][info][gc,heap        ] GC(996) Tenured: 7937K(699072K)->7982K(699072K)
[295.532s][info][gc,metaspace   ] GC(996) Metaspace: 14258K(15104K)->14258K(15104K) NonClass: 12315K(12864K)->12315K(12864K) Class: 1943K(2240K)->1943K(2240K)
[295.532s][info][gc             ] GC(996) Pause Young (Allocation Failure) 281M->8M(989M) 37.523ms
[295.532s][info][gc,cpu         ] GC(996) User=0.03s Sys=0.00s Real=0.03s
[295.799s][info][gc,start       ] GC(997) Pause Young (Allocation Failure)
[295.838s][info][gc,heap        ] GC(997) DefNew: 280264K(314560K)->652K(314560K) Eden: 279616K(279616K)->0K(279616K) From: 648K(34944K)->652K(34944K)
[295.838s][info][gc,heap        ] GC(997) Tenured: 7982K(699072K)->8023K(699072K)
[295.838s][info][gc,metaspace   ] GC(997) Metaspace: 14258K(15104K)->14258K(15104K) NonClass: 12315K(12864K)->12315K(12864K) Class: 1943K(2240K)->1943K(2240K)
[295.838s][info][gc             ] GC(997) Pause Young (Allocation Failure) 281M->8M(989M) 39.370ms
[295.838s][info][gc,cpu         ] GC(997) User=0.03s Sys=0.00s Real=0.04s
[296.104s][info][gc,start       ] GC(998) Pause Young (Allocation Failure)
[296.144s][info][gc,heap        ] GC(998) DefNew: 280268K(314560K)->650K(314560K) Eden: 279616K(279616K)->0K(279616K) From: 652K(34944K)->650K(34944K)
[296.144s][info][gc,heap        ] GC(998) Tenured: 8023K(699072K)->8068K(699072K)
[296.144s][info][gc,metaspace   ] GC(998) Metaspace: 14258K(15104K)->14258K(15104K) NonClass: 12315K(12864K)->12315K(12864K) Class: 1943K(2240K)->1943K(2240K)
[296.144s][info][gc             ] GC(998) Pause Young (Allocation Failure) 281M->8M(989M) 40.285ms
[296.144s][info][gc,cpu         ] GC(998) User=0.05s Sys=0.00s Real=0.04s
[296.408s][info][gc,start       ] GC(999) Pause Young (Allocation Failure)
[296.448s][info][gc,heap        ] GC(999) DefNew: 280266K(314560K)->650K(314560K) Eden: 279616K(279616K)->0K(279616K) From: 650K(34944K)->650K(34944K)
[296.448s][info][gc,heap        ] GC(999) Tenured: 8068K(699072K)->8109K(699072K)
[296.448s][info][gc,metaspace   ] GC(999) Metaspace: 14258K(15104K)->14258K(15104K) NonClass: 12315K(12864K)->12315K(12864K) Class: 1943K(2240K)->1943K(2240K)
[296.448s][info][gc             ] GC(999) Pause Young (Allocation Failure) 281M->8M(989M) 39.748ms
[296.448s][info][gc,cpu         ] GC(999) User=0.02s Sys=0.00s Real=0.02s
[296.713s][info][gc,start       ] GC(1000) Pause Young (Allocation Failure)
[296.754s][info][gc,heap        ] GC(1000) DefNew: 280266K(314560K)->647K(314560K) Eden: 279616K(279616K)->0K(279616K) From: 650K(34944K)->647K(34944K)
[296.754s][info][gc,heap        ] GC(1000) Tenured: 8109K(699072K)->8150K(699072K)
[296.754s][info][gc,metaspace   ] GC(1000) Metaspace: 14258K(15104K)->14258K(15104K) NonClass: 12315K(12864K)->12315K(12864K) Class: 1943K(2240K)->1943K(2240K)
[296.754s][info][gc             ] GC(1000) Pause Young (Allocation Failure) 281M->8M(989M) 41.072ms
[296.754s][info][gc,cpu         ] GC(1000) User=0.05s Sys=0.00s Real=0.04s
[297.020s][info][gc,start       ] GC(1001) Pause Young (Allocation Failure)
[297.063s][info][gc,heap        ] GC(1001) DefNew: 280263K(314560K)->644K(314560K) Eden: 279616K(279616K)->0K(279616K) From: 647K(34944K)->644K(34944K)
[297.063s][info][gc,heap        ] GC(1001) Tenured: 8150K(699072K)->8194K(699072K)
[297.063s][info][gc,metaspace   ] GC(1001) Metaspace: 14258K(15104K)->14258K(15104K) NonClass: 12315K(12864K)->12315K(12864K) Class: 1943K(2240K)->1943K(2240K)
[297.063s][info][gc             ] GC(1001) Pause Young (Allocation Failure) 281M->8M(989M) 42.280ms
[297.063s][info][gc,cpu         ] GC(1001) User=0.03s Sys=0.00s Real=0.04s
[297.330s][info][gc,start       ] GC(1002) Pause Young (Allocation Failure)
[297.373s][info][gc,heap        ] GC(1002) DefNew: 280260K(314560K)->642K(314560K) Eden: 279616K(279616K)->0K(279616K) From: 644K(34944K)->642K(34944K)
[297.373s][info][gc,heap        ] GC(1002) Tenured: 8194K(699072K)->8236K(699072K)
[297.373s][info][gc,metaspace   ] GC(1002) Metaspace: 14258K(15104K)->14258K(15104K) NonClass: 12315K(12864K)->12315K(12864K) Class: 1943K(2240K)->1943K(2240K)
[297.373s][info][gc             ] GC(1002) Pause Young (Allocation Failure) 281M->8M(989M) 43.145ms
[297.373s][info][gc,cpu         ] GC(1002) User=0.03s Sys=0.00s Real=0.04s
[297.641s][info][gc,start       ] GC(1003) Pause Young (Allocation Failure)
[297.674s][info][gc,heap        ] GC(1003) DefNew: 280258K(314560K)->641K(314560K) Eden: 279616K(279616K)->0K(279616K) From: 642K(34944K)->641K(34944K)
[297.674s][info][gc,heap        ] GC(1003) Tenured: 8236K(699072K)->8278K(699072K)
[297.674s][info][gc,metaspace   ] GC(1003) Metaspace: 14258K(15104K)->14258K(15104K) NonClass: 12315K(12864K)->12315K(12864K) Class: 1943K(2240K)->1943K(2240K)
[297.674s][info][gc             ] GC(1003) Pause Young (Allocation Failure) 281M->8M(989M) 32.595ms
[297.674s][info][gc,cpu         ] GC(1003) User=0.03s Sys=0.00s Real=0.03s
[297.940s][info][gc,start       ] GC(1004) Pause Young (Allocation Failure)
[297.973s][info][gc,heap        ] GC(1004) DefNew: 280257K(314560K)->641K(314560K) Eden: 279616K(279616K)->0K(279616K) From: 641K(34944K)->641K(34944K)
[297.973s][info][gc,heap        ] GC(1004) Tenured: 8278K(699072K)->8319K(699072K)
[297.974s][info][gc,metaspace   ] GC(1004) Metaspace: 14258K(15104K)->14258K(15104K) NonClass: 12315K(12864K)->12315K(12864K) Class: 1943K(2240K)->1943K(2240K)
[297.974s][info][gc             ] GC(1004) Pause Young (Allocation Failure) 281M->8M(989M) 33.074ms
[297.974s][info][gc,cpu         ] GC(1004) User=0.02s Sys=0.00s Real=0.02s
[298.240s][info][gc,start       ] GC(1005) Pause Young (Allocation Failure)
[298.274s][info][gc,heap        ] GC(1005) DefNew: 280257K(314560K)->635K(314560K) Eden: 279616K(279616K)->0K(279616K) From: 641K(34944K)->635K(34944K)
[298.274s][info][gc,heap        ] GC(1005) Tenured: 8319K(699072K)->8367K(699072K)
[298.274s][info][gc,metaspace   ] GC(1005) Metaspace: 14258K(15104K)->14258K(15104K) NonClass: 12315K(12864K)->12315K(12864K) Class: 1943K(2240K)->1943K(2240K)
[298.274s][info][gc             ] GC(1005) Pause Young (Allocation Failure) 281M->8M(989M) 34.746ms
[298.274s][info][gc,cpu         ] GC(1005) User=0.03s Sys=0.00s Real=0.03s
[298.543s][info][gc,start       ] GC(1006) Pause Young (Allocation Failure)
[298.588s][info][gc,heap        ] GC(1006) DefNew: 280251K(314560K)->630K(314560K) Eden: 279616K(279616K)->0K(279616K) From: 635K(34944K)->630K(34944K)
[298.588s][info][gc,heap        ] GC(1006) Tenured: 8367K(699072K)->8412K(699072K)
[298.588s][info][gc,metaspace   ] GC(1006) Metaspace: 14258K(15104K)->14258K(15104K) NonClass: 12315K(12864K)->12315K(12864K) Class: 1943K(2240K)->1943K(2240K)
[298.588s][info][gc             ] GC(1006) Pause Young (Allocation Failure) 281M->8M(989M) 45.422ms
[298.588s][info][gc,cpu         ] GC(1006) User=0.03s Sys=0.00s Real=0.03s
[298.878s][info][gc,start       ] GC(1007) Pause Young (Allocation Failure)
[298.917s][info][gc,heap        ] GC(1007) DefNew: 280246K(314560K)->632K(314560K) Eden: 279616K(279616K)->0K(279616K) From: 630K(34944K)->632K(34944K)
[298.917s][info][gc,heap        ] GC(1007) Tenured: 8412K(699072K)->8454K(699072K)
[298.917s][info][gc,metaspace   ] GC(1007) Metaspace: 14258K(15104K)->14258K(15104K) NonClass: 12315K(12864K)->12315K(12864K) Class: 1943K(2240K)->1943K(2240K)
[298.917s][info][gc             ] GC(1007) Pause Young (Allocation Failure) 281M->8M(989M) 38.726ms
[298.917s][info][gc,cpu         ] GC(1007) User=0.03s Sys=0.00s Real=0.03s
[299.190s][info][gc,start       ] GC(1008) Pause Young (Allocation Failure)
[299.221s][info][gc,heap        ] GC(1008) DefNew: 280248K(314560K)->633K(314560K) Eden: 279616K(279616K)->0K(279616K) From: 632K(34944K)->633K(34944K)
[299.221s][info][gc,heap        ] GC(1008) Tenured: 8454K(699072K)->8496K(699072K)
[299.221s][info][gc,metaspace   ] GC(1008) Metaspace: 14258K(15104K)->14258K(15104K) NonClass: 12315K(12864K)->12315K(12864K) Class: 1943K(2240K)->1943K(2240K)
[299.221s][info][gc             ] GC(1008) Pause Young (Allocation Failure) 281M->8M(989M) 31.122ms
[299.221s][info][gc,cpu         ] GC(1008) User=0.02s Sys=0.00s Real=0.02s
[299.493s][info][gc,start       ] GC(1009) Pause Young (Allocation Failure)
[299.533s][info][gc,heap        ] GC(1009) DefNew: 280249K(314560K)->635K(314560K) Eden: 279616K(279616K)->0K(279616K) From: 633K(34944K)->635K(34944K)
[299.533s][info][gc,heap        ] GC(1009) Tenured: 8496K(699072K)->8538K(699072K)
[299.533s][info][gc,metaspace   ] GC(1009) Metaspace: 14258K(15104K)->14258K(15104K) NonClass: 12315K(12864K)->12315K(12864K) Class: 1943K(2240K)->1943K(2240K)
[299.533s][info][gc             ] GC(1009) Pause Young (Allocation Failure) 281M->8M(989M) 40.608ms
[299.533s][info][gc,cpu         ] GC(1009) User=0.03s Sys=0.00s Real=0.03s
[299.795s][info][gc,start       ] GC(1010) Pause Young (Allocation Failure)
[299.836s][info][gc,heap        ] GC(1010) DefNew: 280251K(314560K)->633K(314560K) Eden: 279616K(279616K)->0K(279616K) From: 635K(34944K)->633K(34944K)
[299.836s][info][gc,heap        ] GC(1010) Tenured: 8538K(699072K)->8579K(699072K)
[299.836s][info][gc,metaspace   ] GC(1010) Metaspace: 14258K(15104K)->14258K(15104K) NonClass: 12315K(12864K)->12315K(12864K) Class: 1943K(2240K)->1943K(2240K)
[299.836s][info][gc             ] GC(1010) Pause Young (Allocation Failure) 282M->8M(989M) 41.618ms
[299.837s][info][gc,cpu         ] GC(1010) User=0.05s Sys=0.00s Real=0.04s
[300.083s][info][gc,start       ] GC(1011) Pause Young (Allocation Failure)
[300.126s][info][gc,heap        ] GC(1011) DefNew: 280249K(314560K)->628K(314560K) Eden: 279616K(279616K)->0K(279616K) From: 633K(34944K)->628K(34944K)
[300.126s][info][gc,heap        ] GC(1011) Tenured: 8579K(699072K)->8623K(699072K)
[300.126s][info][gc,metaspace   ] GC(1011) Metaspace: 14258K(15104K)->14258K(15104K) NonClass: 12315K(12864K)->12315K(12864K) Class: 1943K(2240K)->1943K(2240K)
[300.126s][info][gc             ] GC(1011) Pause Young (Allocation Failure) 282M->9M(989M) 43.160ms
[300.126s][info][gc,cpu         ] GC(1011) User=0.03s Sys=0.00s Real=0.04s
[300.335s][info][gc,start       ] GC(1012) Pause Young (Allocation Failure)
[300.384s][info][gc,heap        ] GC(1012) DefNew: 280244K(314560K)->615K(314560K) Eden: 279616K(279616K)->0K(279616K) From: 628K(34944K)->615K(34944K)
[300.384s][info][gc,heap        ] GC(1012) Tenured: 8623K(699072K)->8668K(699072K)
[300.384s][info][gc,metaspace   ] GC(1012) Metaspace: 14258K(15104K)->14258K(15104K) NonClass: 12315K(12864K)->12315K(12864K) Class: 1943K(2240K)->1943K(2240K)
[300.384s][info][gc             ] GC(1012) Pause Young (Allocation Failure) 282M->9M(989M) 49.401ms
[300.384s][info][gc,cpu         ] GC(1012) User=0.05s Sys=0.00s Real=0.04s
[300.601s][info][gc,start       ] GC(1013) Pause Young (Allocation Failure)
[300.646s][info][gc,heap        ] GC(1013) DefNew: 280231K(314560K)->607K(314560K) Eden: 279616K(279616K)->0K(279616K) From: 615K(34944K)->607K(34944K)
[300.646s][info][gc,heap        ] GC(1013) Tenured: 8668K(699072K)->8709K(699072K)
[300.646s][info][gc,metaspace   ] GC(1013) Metaspace: 14258K(15104K)->14258K(15104K) NonClass: 12315K(12864K)->12315K(12864K) Class: 1943K(2240K)->1943K(2240K)
[300.646s][info][gc             ] GC(1013) Pause Young (Allocation Failure) 282M->9M(989M) 45.490ms
[300.646s][info][gc,cpu         ] GC(1013) User=0.05s Sys=0.00s Real=0.04s
[300.755s][info][gc,start       ] GC(1014) Pause Full (System.gc())
[300.755s][info][gc,phases,start] GC(1014) Phase 1: Mark live objects
[300.791s][info][gc,phases      ] GC(1014) Phase 1: Mark live objects 36.416ms
[300.791s][info][gc,phases,start] GC(1014) Phase 2: Compute new object addresses
[300.807s][info][gc,phases      ] GC(1014) Phase 2: Compute new object addresses 15.413ms
[300.807s][info][gc,phases,start] GC(1014) Phase 3: Adjust pointers
[300.829s][info][gc,phases      ] GC(1014) Phase 3: Adjust pointers 22.575ms
[300.829s][info][gc,phases,start] GC(1014) Phase 4: Move objects
[300.829s][info][gc,phases      ] GC(1014) Phase 4: Move objects 0.013ms
[300.829s][info][gc,heap        ] GC(1014) DefNew: 62190K(314560K)->0K(314560K) Eden: 61583K(279616K)->0K(279616K) From: 607K(34944K)->0K(34944K)
[300.829s][info][gc,heap        ] GC(1014) Tenured: 8709K(699072K)->8710K(699072K)
[300.829s][info][gc,metaspace   ] GC(1014) Metaspace: 14258K(15104K)->14258K(15104K) NonClass: 12315K(12864K)->12315K(12864K) Class: 1943K(2240K)->1943K(2240K)
[300.829s][info][gc             ] GC(1014) Pause Full (System.gc()) 69M->8M(989M) 74.814ms
[300.829s][info][gc,cpu         ] GC(1014) User=0.06s Sys=0.00s Real=0.07s
[301.062s][info][gc,start       ] GC(1015) Pause Young (Allocation Failure)
[301.103s][info][gc,heap        ] GC(1015) DefNew: 279616K(314560K)->1498K(314560K) Eden: 279616K(279616K)->0K(279616K) From: 0K(34944K)->1498K(34944K)
[301.103s][info][gc,heap        ] GC(1015) Tenured: 8710K(699072K)->8710K(699072K)
[301.103s][info][gc,metaspace   ] GC(1015) Metaspace: 14258K(15104K)->14258K(15104K) NonClass: 12315K(12864K)->12315K(12864K) Class: 1943K(2240K)->1943K(2240K)
[301.104s][info][gc             ] GC(1015) Pause Young (Allocation Failure) 281M->9M(989M) 41.346ms
[301.104s][info][gc,cpu         ] GC(1015) User=0.05s Sys=0.00s Real=0.04s
[301.433s][info][gc,start       ] GC(1016) Pause Young (Allocation Failure)
[301.481s][info][gc,heap        ] GC(1016) DefNew: 281114K(314560K)->1540K(314560K) Eden: 279616K(279616K)->0K(279616K) From: 1498K(34944K)->1540K(34944K)
[301.481s][info][gc,heap        ] GC(1016) Tenured: 8710K(699072K)->8710K(699072K)
[301.481s][info][gc,metaspace   ] GC(1016) Metaspace: 14258K(15104K)->14258K(15104K) NonClass: 12315K(12864K)->12315K(12864K) Class: 1943K(2240K)->1943K(2240K)
[301.481s][info][gc             ] GC(1016) Pause Young (Allocation Failure) 283M->10M(989M) 47.823ms
[301.481s][info][gc,cpu         ] GC(1016) User=0.05s Sys=0.00s Real=0.05s
[301.746s][info][gc,start       ] GC(1017) Pause Young (Allocation Failure)
[301.784s][info][gc,heap        ] GC(1017) DefNew: 281156K(314560K)->1583K(314560K) Eden: 279616K(279616K)->0K(279616K) From: 1540K(34944K)->1583K(34944K)
[301.784s][info][gc,heap        ] GC(1017) Tenured: 8710K(699072K)->8710K(699072K)
[301.784s][info][gc,metaspace   ] GC(1017) Metaspace: 14258K(15104K)->14258K(15104K) NonClass: 12315K(12864K)->12315K(12864K) Class: 1943K(2240K)->1943K(2240K)
[301.784s][info][gc             ] GC(1017) Pause Young (Allocation Failure) 283M->10M(989M) 37.703ms
[301.784s][info][gc,cpu         ] GC(1017) User=0.05s Sys=0.00s Real=0.04s
[302.051s][info][gc,start       ] GC(1018) Pause Young (Allocation Failure)
[302.088s][info][gc,heap        ] GC(1018) DefNew: 281199K(314560K)->1624K(314560K) Eden: 279616K(279616K)->0K(279616K) From: 1583K(34944K)->1624K(34944K)
[302.088s][info][gc,heap        ] GC(1018) Tenured: 8710K(699072K)->8710K(699072K)
[302.088s][info][gc,metaspace   ] GC(1018) Metaspace: 14258K(15104K)->14258K(15104K) NonClass: 12315K(12864K)->12315K(12864K) Class: 1943K(2240K)->1943K(2240K)
[302.088s][info][gc             ] GC(1018) Pause Young (Allocation Failure) 283M->10M(989M) 37.202ms
[302.088s][info][gc,cpu         ] GC(1018) User=0.03s Sys=0.00s Real=0.04s
[302.361s][info][gc,start       ] GC(1019) Pause Young (Allocation Failure)
[302.397s][info][gc,heap        ] GC(1019) DefNew: 281240K(314560K)->1666K(314560K) Eden: 279616K(279616K)->0K(279616K) From: 1624K(34944K)->1666K(34944K)
[302.397s][info][gc,heap        ] GC(1019) Tenured: 8710K(699072K)->8710K(699072K)
[302.397s][info][gc,metaspace   ] GC(1019) Metaspace: 14258K(15104K)->14258K(15104K) NonClass: 12315K(12864K)->12315K(12864K) Class: 1943K(2240K)->1943K(2240K)
[302.397s][info][gc             ] GC(1019) Pause Young (Allocation Failure) 283M->10M(989M) 35.870ms
[302.397s][info][gc,cpu         ] GC(1019) User=0.03s Sys=0.00s Real=0.03s
[302.661s][info][gc,start       ] GC(1020) Pause Young (Allocation Failure)
[302.692s][info][gc,heap        ] GC(1020) DefNew: 281282K(314560K)->1707K(314560K) Eden: 279616K(279616K)->0K(279616K) From: 1666K(34944K)->1707K(34944K)
[302.692s][info][gc,heap        ] GC(1020) Tenured: 8710K(699072K)->8710K(699072K)
[302.692s][info][gc,metaspace   ] GC(1020) Metaspace: 14258K(15104K)->14258K(15104K) NonClass: 12315K(12864K)->12315K(12864K) Class: 1943K(2240K)->1943K(2240K)
[302.692s][info][gc             ] GC(1020) Pause Young (Allocation Failure) 283M->10M(989M) 30.836ms
[302.692s][info][gc,cpu         ] GC(1020) User=0.02s Sys=0.00s Real=0.02s
[302.953s][info][gc,start       ] GC(1021) Pause Young (Allocation Failure)
[302.991s][info][gc,heap        ] GC(1021) DefNew: 281323K(314560K)->1748K(314560K) Eden: 279616K(279616K)->0K(279616K) From: 1707K(34944K)->1748K(34944K)
[302.991s][info][gc,heap        ] GC(1021) Tenured: 8710K(699072K)->8710K(699072K)
[302.991s][info][gc,metaspace   ] GC(1021) Metaspace: 14258K(15104K)->14258K(15104K) NonClass: 12315K(12864K)->12315K(12864K) Class: 1943K(2240K)->1943K(2240K)
[302.991s][info][gc             ] GC(1021) Pause Young (Allocation Failure) 283M->10M(989M) 38.774ms
[302.992s][info][gc,cpu         ] GC(1021) User=0.05s Sys=0.00s Real=0.04s
[303.255s][info][gc,start       ] GC(1022) Pause Young (Allocation Failure)
[303.294s][info][gc,heap        ] GC(1022) DefNew: 281364K(314560K)->1790K(314560K) Eden: 279616K(279616K)->0K(279616K) From: 1748K(34944K)->1790K(34944K)
[303.294s][info][gc,heap        ] GC(1022) Tenured: 8710K(699072K)->8710K(699072K)
[303.294s][info][gc,metaspace   ] GC(1022) Metaspace: 14258K(15104K)->14258K(15104K) NonClass: 12315K(12864K)->12315K(12864K) Class: 1943K(2240K)->1943K(2240K)
[303.294s][info][gc             ] GC(1022) Pause Young (Allocation Failure) 283M->10M(989M) 39.177ms
[303.294s][info][gc,cpu         ] GC(1022) User=0.03s Sys=0.00s Real=0.04s
[303.561s][info][gc,start       ] GC(1023) Pause Young (Allocation Failure)
[303.600s][info][gc,heap        ] GC(1023) DefNew: 281406K(314560K)->1825K(314560K) Eden: 279616K(279616K)->0K(279616K) From: 1790K(34944K)->1825K(34944K)
[303.600s][info][gc,heap        ] GC(1023) Tenured: 8710K(699072K)->8710K(699072K)
[303.600s][info][gc,metaspace   ] GC(1023) Metaspace: 14258K(15104K)->14258K(15104K) NonClass: 12315K(12864K)->12315K(12864K) Class: 1943K(2240K)->1943K(2240K)
[303.600s][info][gc             ] GC(1023) Pause Young (Allocation Failure) 283M->10M(989M) 39.717ms
[303.600s][info][gc,cpu         ] GC(1023) User=0.03s Sys=0.00s Real=0.03s
[303.859s][info][gc,start       ] GC(1024) Pause Young (Allocation Failure)
[303.890s][info][gc,heap        ] GC(1024) DefNew: 281441K(314560K)->1864K(314560K) Eden: 279616K(279616K)->0K(279616K) From: 1825K(34944K)->1864K(34944K)
[303.890s][info][gc,heap        ] GC(1024) Tenured: 8710K(699072K)->8710K(699072K)
[303.890s][info][gc,metaspace   ] GC(1024) Metaspace: 14258K(15104K)->14258K(15104K) NonClass: 12315K(12864K)->12315K(12864K) Class: 1943K(2240K)->1943K(2240K)
[303.890s][info][gc             ] GC(1024) Pause Young (Allocation Failure) 283M->10M(989M) 31.302ms
[303.890s][info][gc,cpu         ] GC(1024) User=0.03s Sys=0.00s Real=0.03s
[304.145s][info][gc,start       ] GC(1025) Pause Young (Allocation Failure)
[304.187s][info][gc,heap        ] GC(1025) DefNew: 281480K(314560K)->1907K(314560K) Eden: 279616K(279616K)->0K(279616K) From: 1864K(34944K)->1907K(34944K)
[304.187s][info][gc,heap        ] GC(1025) Tenured: 8710K(699072K)->8710K(699072K)
[304.187s][info][gc,metaspace   ] GC(1025) Metaspace: 14258K(15104K)->14258K(15104K) NonClass: 12315K(12864K)->12315K(12864K) Class: 1943K(2240K)->1943K(2240K)
[304.187s][info][gc             ] GC(1025) Pause Young (Allocation Failure) 283M->10M(989M) 41.784ms
[304.187s][info][gc,cpu         ] GC(1025) User=0.03s Sys=0.00s Real=0.04s
[304.456s][info][gc,start       ] GC(1026) Pause Young (Allocation Failure)
[304.498s][info][gc,heap        ] GC(1026) DefNew: 281523K(314560K)->1951K(314560K) Eden: 279616K(279616K)->0K(279616K) From: 1907K(34944K)->1951K(34944K)
[304.498s][info][gc,heap        ] GC(1026) Tenured: 8710K(699072K)->8710K(699072K)
[304.498s][info][gc,metaspace   ] GC(1026) Metaspace: 14258K(15104K)->14258K(15104K) NonClass: 12315K(12864K)->12315K(12864K) Class: 1943K(2240K)->1943K(2240K)
[304.499s][info][gc             ] GC(1026) Pause Young (Allocation Failure) 283M->10M(989M) 42.646ms
[304.499s][info][gc,cpu         ] GC(1026) User=0.03s Sys=0.00s Real=0.04s
[304.770s][info][gc,start       ] GC(1027) Pause Young (Allocation Failure)
[304.813s][info][gc,heap        ] GC(1027) DefNew: 281567K(314560K)->1992K(314560K) Eden: 279616K(279616K)->0K(279616K) From: 1951K(34944K)->1992K(34944K)
[304.813s][info][gc,heap        ] GC(1027) Tenured: 8710K(699072K)->8710K(699072K)
[304.813s][info][gc,metaspace   ] GC(1027) Metaspace: 14258K(15104K)->14258K(15104K) NonClass: 12315K(12864K)->12315K(12864K) Class: 1943K(2240K)->1943K(2240K)
[304.813s][info][gc             ] GC(1027) Pause Young (Allocation Failure) 283M->10M(989M) 43.285ms
[304.813s][info][gc,cpu         ] GC(1027) User=0.03s Sys=0.00s Real=0.04s
[305.078s][info][gc,start       ] GC(1028) Pause Young (Allocation Failure)
[305.122s][info][gc,heap        ] GC(1028) DefNew: 281608K(314560K)->2034K(314560K) Eden: 279616K(279616K)->0K(279616K) From: 1992K(34944K)->2034K(34944K)
[305.122s][info][gc,heap        ] GC(1028) Tenured: 8710K(699072K)->8710K(699072K)
[305.122s][info][gc,metaspace   ] GC(1028) Metaspace: 14258K(15104K)->14258K(15104K) NonClass: 12315K(12864K)->12315K(12864K) Class: 1943K(2240K)->1943K(2240K)
[305.122s][info][gc             ] GC(1028) Pause Young (Allocation Failure) 283M->10M(989M) 44.133ms
[305.122s][info][gc,cpu         ] GC(1028) User=0.05s Sys=0.00s Real=0.04s
[305.383s][info][gc,start       ] GC(1029) Pause Young (Allocation Failure)
[305.427s][info][gc,heap        ] GC(1029) DefNew: 281650K(314560K)->2072K(314560K) Eden: 279616K(279616K)->0K(279616K) From: 2034K(34944K)->2072K(34944K)
[305.427s][info][gc,heap        ] GC(1029) Tenured: 8710K(699072K)->8710K(699072K)
[305.427s][info][gc,metaspace   ] GC(1029) Metaspace: 14258K(15104K)->14258K(15104K) NonClass: 12315K(12864K)->12315K(12864K) Class: 1943K(2240K)->1943K(2240K)
[305.427s][info][gc             ] GC(1029) Pause Young (Allocation Failure) 283M->10M(989M) 44.335ms
[305.427s][info][gc,cpu         ] GC(1029) User=0.03s Sys=0.00s Real=0.04s
[305.690s][info][gc,start       ] GC(1030) Pause Young (Allocation Failure)
[305.735s][info][gc,heap        ] GC(1030) DefNew: 281688K(314560K)->623K(314560K) Eden: 279616K(279616K)->0K(279616K) From: 2072K(34944K)->623K(34944K)
[305.735s][info][gc,heap        ] GC(1030) Tenured: 8710K(699072K)->10200K(699072K)
[305.735s][info][gc,metaspace   ] GC(1030) Metaspace: 14258K(15104K)->14258K(15104K) NonClass: 12315K(12864K)->12315K(12864K) Class: 1943K(2240K)->1943K(2240K)
[305.735s][info][gc             ] GC(1030) Pause Young (Allocation Failure) 283M->10M(989M) 45.468ms
[305.735s][info][gc,cpu         ] GC(1030) User=0.05s Sys=0.00s Real=0.05s
[306.007s][info][gc,start       ] GC(1031) Pause Young (Allocation Failure)
[306.042s][info][gc,heap        ] GC(1031) DefNew: 280239K(314560K)->623K(314560K) Eden: 279616K(279616K)->0K(279616K) From: 623K(34944K)->623K(34944K)
[306.042s][info][gc,heap        ] GC(1031) Tenured: 10200K(699072K)->10242K(699072K)
[306.042s][info][gc,metaspace   ] GC(1031) Metaspace: 14258K(15104K)->14258K(15104K) NonClass: 12315K(12864K)->12315K(12864K) Class: 1943K(2240K)->1943K(2240K)
[306.042s][info][gc             ] GC(1031) Pause Young (Allocation Failure) 283M->10M(989M) 34.546ms
[306.042s][info][gc,cpu         ] GC(1031) User=0.02s Sys=0.00s Real=0.02s
[306.345s][info][gc,start       ] GC(1032) Pause Young (Allocation Failure)
[306.383s][info][gc,heap        ] GC(1032) DefNew: 280239K(314560K)->625K(314560K) Eden: 279616K(279616K)->0K(279616K) From: 623K(34944K)->625K(34944K)
[306.383s][info][gc,heap        ] GC(1032) Tenured: 10242K(699072K)->10284K(699072K)
[306.383s][info][gc,metaspace   ] GC(1032) Metaspace: 14258K(15104K)->14258K(15104K) NonClass: 12315K(12864K)->12315K(12864K) Class: 1943K(2240K)->1943K(2240K)
[306.383s][info][gc             ] GC(1032) Pause Young (Allocation Failure) 283M->10M(989M) 38.230ms
[306.383s][info][gc,cpu         ] GC(1032) User=0.03s Sys=0.00s Real=0.03s
[306.660s][info][gc,start       ] GC(1033) Pause Young (Allocation Failure)
[306.692s][info][gc,heap        ] GC(1033) DefNew: 280241K(314560K)->626K(314560K) Eden: 279616K(279616K)->0K(279616K) From: 625K(34944K)->626K(34944K)
[306.692s][info][gc,heap        ] GC(1033) Tenured: 10284K(699072K)->10325K(699072K)
[306.692s][info][gc,metaspace   ] GC(1033) Metaspace: 14258K(15104K)->14258K(15104K) NonClass: 12315K(12864K)->12315K(12864K) Class: 1943K(2240K)->1943K(2240K)
[306.692s][info][gc             ] GC(1033) Pause Young (Allocation Failure) 283M->10M(989M) 32.541ms
[306.692s][info][gc,cpu         ] GC(1033) User=0.02s Sys=0.00s Real=0.02s
[306.984s][info][gc,start       ] GC(1034) Pause Young (Allocation Failure)
[307.014s][info][gc,heap        ] GC(1034) DefNew: 280242K(314560K)->629K(314560K) Eden: 279616K(279616K)->0K(279616K) From: 626K(34944K)->629K(34944K)
[307.014s][info][gc,heap        ] GC(1034) Tenured: 10325K(699072K)->10367K(699072K)
[307.014s][info][gc,metaspace   ] GC(1034) Metaspace: 14258K(15104K)->14258K(15104K) NonClass: 12315K(12864K)->12315K(12864K) Class: 1943K(2240K)->1943K(2240K)
[307.014s][info][gc             ] GC(1034) Pause Young (Allocation Failure) 283M->10M(989M) 29.990ms
[307.014s][info][gc,cpu         ] GC(1034) User=0.03s Sys=0.00s Real=0.02s
[307.282s][info][gc,start       ] GC(1035) Pause Young (Allocation Failure)
[307.313s][info][gc,heap        ] GC(1035) DefNew: 280245K(314560K)->630K(314560K) Eden: 279616K(279616K)->0K(279616K) From: 629K(34944K)->630K(34944K)
[307.313s][info][gc,heap        ] GC(1035) Tenured: 10367K(699072K)->10408K(699072K)
[307.313s][info][gc,metaspace   ] GC(1035) Metaspace: 14258K(15104K)->14258K(15104K) NonClass: 12315K(12864K)->12315K(12864K) Class: 1943K(2240K)->1943K(2240K)
[307.313s][info][gc             ] GC(1035) Pause Young (Allocation Failure) 283M->10M(989M) 31.192ms
[307.313s][info][gc,cpu         ] GC(1035) User=0.03s Sys=0.00s Real=0.03s
[307.586s][info][gc,start       ] GC(1036) Pause Young (Allocation Failure)
[307.626s][info][gc,heap        ] GC(1036) DefNew: 280246K(314560K)->633K(314560K) Eden: 279616K(279616K)->0K(279616K) From: 630K(34944K)->633K(34944K)
[307.626s][info][gc,heap        ] GC(1036) Tenured: 10408K(699072K)->10450K(699072K)
[307.626s][info][gc,metaspace   ] GC(1036) Metaspace: 14258K(15104K)->14258K(15104K) NonClass: 12315K(12864K)->12315K(12864K) Class: 1943K(2240K)->1943K(2240K)
[307.626s][info][gc             ] GC(1036) Pause Young (Allocation Failure) 283M->10M(989M) 40.060ms
[307.626s][info][gc,cpu         ] GC(1036) User=0.03s Sys=0.00s Real=0.03s
[307.898s][info][gc,start       ] GC(1037) Pause Young (Allocation Failure)
[307.938s][info][gc,heap        ] GC(1037) DefNew: 280249K(314560K)->632K(314560K) Eden: 279616K(279616K)->0K(279616K) From: 633K(34944K)->632K(34944K)
[307.938s][info][gc,heap        ] GC(1037) Tenured: 10450K(699072K)->10491K(699072K)
[307.938s][info][gc,metaspace   ] GC(1037) Metaspace: 14258K(15104K)->14258K(15104K) NonClass: 12315K(12864K)->12315K(12864K) Class: 1943K(2240K)->1943K(2240K)
[307.938s][info][gc             ] GC(1037) Pause Young (Allocation Failure) 283M->10M(989M) 40.263ms
[307.938s][info][gc,cpu         ] GC(1037) User=0.03s Sys=0.00s Real=0.03s
[308.211s][info][gc,start       ] GC(1038) Pause Young (Allocation Failure)
[308.252s][info][gc,heap        ] GC(1038) DefNew: 280248K(314560K)->642K(314560K) Eden: 279616K(279616K)->0K(279616K) From: 632K(34944K)->642K(34944K)
[308.253s][info][gc,heap        ] GC(1038) Tenured: 10491K(699072K)->10527K(699072K)
[308.253s][info][gc,metaspace   ] GC(1038) Metaspace: 14258K(15104K)->14258K(15104K) NonClass: 12315K(12864K)->12315K(12864K) Class: 1943K(2240K)->1943K(2240K)
[308.253s][info][gc             ] GC(1038) Pause Young (Allocation Failure) 283M->10M(989M) 41.538ms
[308.253s][info][gc,cpu         ] GC(1038) User=0.03s Sys=0.00s Real=0.03s
[308.523s][info][gc,start       ] GC(1039) Pause Young (Allocation Failure)
[308.565s][info][gc,heap        ] GC(1039) DefNew: 280258K(314560K)->644K(314560K) Eden: 279616K(279616K)->0K(279616K) From: 642K(34944K)->644K(34944K)
[308.565s][info][gc,heap        ] GC(1039) Tenured: 10527K(699072K)->10565K(699072K)
[308.565s][info][gc,metaspace   ] GC(1039) Metaspace: 14258K(15104K)->14258K(15104K) NonClass: 12315K(12864K)->12315K(12864K) Class: 1943K(2240K)->1943K(2240K)
[308.565s][info][gc             ] GC(1039) Pause Young (Allocation Failure) 283M->10M(989M) 41.212ms
[308.565s][info][gc,cpu         ] GC(1039) User=0.05s Sys=0.00s Real=0.04s
[308.837s][info][gc,start       ] GC(1040) Pause Young (Allocation Failure)
[308.897s][info][gc,heap        ] GC(1040) DefNew: 280260K(314560K)->644K(314560K) Eden: 279616K(279616K)->0K(279616K) From: 644K(34944K)->644K(34944K)
[308.897s][info][gc,heap        ] GC(1040) Tenured: 10565K(699072K)->10607K(699072K)
[308.897s][info][gc,metaspace   ] GC(1040) Metaspace: 14258K(15104K)->14258K(15104K) NonClass: 12315K(12864K)->12315K(12864K) Class: 1943K(2240K)->1943K(2240K)
[308.897s][info][gc             ] GC(1040) Pause Young (Allocation Failure) 284M->10M(989M) 60.079ms
[308.897s][info][gc,cpu         ] GC(1040) User=0.05s Sys=0.00s Real=0.06s
[309.168s][info][gc,start       ] GC(1041) Pause Young (Allocation Failure)
[309.212s][info][gc,heap        ] GC(1041) DefNew: 280260K(314560K)->641K(314560K) Eden: 279616K(279616K)->0K(279616K) From: 644K(34944K)->641K(34944K)
[309.212s][info][gc,heap        ] GC(1041) Tenured: 10607K(699072K)->10652K(699072K)
[309.212s][info][gc,metaspace   ] GC(1041) Metaspace: 14258K(15104K)->14258K(15104K) NonClass: 12315K(12864K)->12315K(12864K) Class: 1943K(2240K)->1943K(2240K)
[309.212s][info][gc             ] GC(1041) Pause Young (Allocation Failure) 284M->11M(989M) 43.776ms
[309.212s][info][gc,cpu         ] GC(1041) User=0.05s Sys=0.00s Real=0.04s
[309.486s][info][gc,start       ] GC(1042) Pause Young (Allocation Failure)
[309.530s][info][gc,heap        ] GC(1042) DefNew: 280257K(314560K)->641K(314560K) Eden: 279616K(279616K)->0K(279616K) From: 641K(34944K)->641K(34944K)
[309.530s][info][gc,heap        ] GC(1042) Tenured: 10652K(699072K)->10693K(699072K)
[309.530s][info][gc,metaspace   ] GC(1042) Metaspace: 14258K(15104K)->14258K(15104K) NonClass: 12315K(12864K)->12315K(12864K) Class: 1943K(2240K)->1943K(2240K)
[309.530s][info][gc             ] GC(1042) Pause Young (Allocation Failure) 284M->11M(989M) 44.351ms
[309.530s][info][gc,cpu         ] GC(1042) User=0.03s Sys=0.00s Real=0.03s
[309.804s][info][gc,start       ] GC(1043) Pause Young (Allocation Failure)
[309.839s][info][gc,heap        ] GC(1043) DefNew: 280257K(314560K)->644K(314560K) Eden: 279616K(279616K)->0K(279616K) From: 641K(34944K)->644K(34944K)
[309.839s][info][gc,heap        ] GC(1043) Tenured: 10693K(699072K)->10734K(699072K)
[309.839s][info][gc,metaspace   ] GC(1043) Metaspace: 14258K(15104K)->14258K(15104K) NonClass: 12315K(12864K)->12315K(12864K) Class: 1943K(2240K)->1943K(2240K)
[309.840s][info][gc             ] GC(1043) Pause Young (Allocation Failure) 284M->11M(989M) 35.326ms
[309.840s][info][gc,cpu         ] GC(1043) User=0.03s Sys=0.00s Real=0.04s
[310.280s][info][gc,start       ] GC(1044) Pause Young (Allocation Failure)
[310.322s][info][gc,heap        ] GC(1044) DefNew: 280260K(314560K)->649K(314560K) Eden: 279616K(279616K)->0K(279616K) From: 644K(34944K)->649K(34944K)
[310.322s][info][gc,heap        ] GC(1044) Tenured: 10734K(699072K)->10773K(699072K)
[310.322s][info][gc,metaspace   ] GC(1044) Metaspace: 14258K(15104K)->14258K(15104K) NonClass: 12315K(12864K)->12315K(12864K) Class: 1943K(2240K)->1943K(2240K)
[310.322s][info][gc             ] GC(1044) Pause Young (Allocation Failure) 284M->11M(989M) 42.120ms
[310.322s][info][gc,cpu         ] GC(1044) User=0.03s Sys=0.00s Real=0.03s
[310.598s][info][gc,start       ] GC(1045) Pause Young (Allocation Failure)
[310.630s][info][gc,heap        ] GC(1045) DefNew: 280265K(314560K)->650K(314560K) Eden: 279616K(279616K)->0K(279616K) From: 649K(34944K)->650K(34944K)
[310.630s][info][gc,heap        ] GC(1045) Tenured: 10773K(699072K)->10814K(699072K)
[310.630s][info][gc,metaspace   ] GC(1045) Metaspace: 14258K(15104K)->14258K(15104K) NonClass: 12315K(12864K)->12315K(12864K) Class: 1943K(2240K)->1943K(2240K)
[310.630s][info][gc             ] GC(1045) Pause Young (Allocation Failure) 284M->11M(989M) 32.328ms
[310.630s][info][gc,cpu         ] GC(1045) User=0.03s Sys=0.00s Real=0.03s
[310.920s][info][gc,start       ] GC(1046) Pause Young (Allocation Failure)
[310.950s][info][gc,heap        ] GC(1046) DefNew: 280266K(314560K)->652K(314560K) Eden: 279616K(279616K)->0K(279616K) From: 650K(34944K)->652K(34944K)
[310.950s][info][gc,heap        ] GC(1046) Tenured: 10814K(699072K)->10856K(699072K)
[310.950s][info][gc,metaspace   ] GC(1046) Metaspace: 14258K(15104K)->14258K(15104K) NonClass: 12315K(12864K)->12315K(12864K) Class: 1943K(2240K)->1943K(2240K)
[310.950s][info][gc             ] GC(1046) Pause Young (Allocation Failure) 284M->11M(989M) 29.236ms
[310.950s][info][gc,cpu         ] GC(1046) User=0.03s Sys=0.00s Real=0.02s
[311.222s][info][gc,start       ] GC(1047) Pause Young (Allocation Failure)
[311.261s][info][gc,heap        ] GC(1047) DefNew: 280268K(314560K)->650K(314560K) Eden: 279616K(279616K)->0K(279616K) From: 652K(34944K)->650K(34944K)
[311.261s][info][gc,heap        ] GC(1047) Tenured: 10856K(699072K)->10900K(699072K)
[311.261s][info][gc,metaspace   ] GC(1047) Metaspace: 14258K(15104K)->14258K(15104K) NonClass: 12315K(12864K)->12315K(12864K) Class: 1943K(2240K)->1943K(2240K)
[311.261s][info][gc             ] GC(1047) Pause Young (Allocation Failure) 284M->11M(989M) 39.547ms
[311.261s][info][gc,cpu         ] GC(1047) User=0.03s Sys=0.00s Real=0.03s
[311.534s][info][gc,start       ] GC(1048) Pause Young (Allocation Failure)
[311.574s][info][gc,heap        ] GC(1048) DefNew: 280266K(314560K)->649K(314560K) Eden: 279616K(279616K)->0K(279616K) From: 650K(34944K)->649K(34944K)
[311.574s][info][gc,heap        ] GC(1048) Tenured: 10900K(699072K)->10943K(699072K)
[311.574s][info][gc,metaspace   ] GC(1048) Metaspace: 14258K(15104K)->14258K(15104K) NonClass: 12315K(12864K)->12315K(12864K) Class: 1943K(2240K)->1943K(2240K)
[311.574s][info][gc             ] GC(1048) Pause Young (Allocation Failure) 284M->11M(989M) 39.777ms
[311.574s][info][gc,cpu         ] GC(1048) User=0.03s Sys=0.00s Real=0.03s
[311.846s][info][gc,start       ] GC(1049) Pause Young (Allocation Failure)
[311.877s][info][gc,heap        ] GC(1049) DefNew: 280265K(314560K)->645K(314560K) Eden: 279616K(279616K)->0K(279616K) From: 649K(34944K)->645K(34944K)
[311.877s][info][gc,heap        ] GC(1049) Tenured: 10943K(699072K)->10988K(699072K)
[311.877s][info][gc,metaspace   ] GC(1049) Metaspace: 14258K(15104K)->14258K(15104K) NonClass: 12315K(12864K)->12315K(12864K) Class: 1943K(2240K)->1943K(2240K)
[311.877s][info][gc             ] GC(1049) Pause Young (Allocation Failure) 284M->11M(989M) 31.393ms
[311.877s][info][gc,cpu         ] GC(1049) User=0.03s Sys=0.00s Real=0.03s
[312.146s][info][gc,start       ] GC(1050) Pause Young (Allocation Failure)
[312.178s][info][gc,heap        ] GC(1050) DefNew: 280261K(314560K)->645K(314560K) Eden: 279616K(279616K)->0K(279616K) From: 645K(34944K)->645K(34944K)
[312.178s][info][gc,heap        ] GC(1050) Tenured: 10988K(699072K)->11030K(699072K)
[312.178s][info][gc,metaspace   ] GC(1050) Metaspace: 14258K(15104K)->14258K(15104K) NonClass: 12315K(12864K)->12315K(12864K) Class: 1943K(2240K)->1943K(2240K)
[312.178s][info][gc             ] GC(1050) Pause Young (Allocation Failure) 284M->11M(989M) 31.173ms
[312.178s][info][gc,cpu         ] GC(1050) User=0.02s Sys=0.00s Real=0.02s
[312.450s][info][gc,start       ] GC(1051) Pause Young (Allocation Failure)
[312.481s][info][gc,heap        ] GC(1051) DefNew: 280261K(314560K)->649K(314560K) Eden: 279616K(279616K)->0K(279616K) From: 645K(34944K)->649K(34944K)
[312.481s][info][gc,heap        ] GC(1051) Tenured: 11030K(699072K)->11074K(699072K)
[312.481s][info][gc,metaspace   ] GC(1051) Metaspace: 14258K(15104K)->14258K(15104K) NonClass: 12315K(12864K)->12315K(12864K) Class: 1943K(2240K)->1943K(2240K)
[312.481s][info][gc             ] GC(1051) Pause Young (Allocation Failure) 284M->11M(989M) 31.304ms
[312.481s][info][gc,cpu         ] GC(1051) User=0.03s Sys=0.00s Real=0.03s
[312.753s][info][gc,start       ] GC(1052) Pause Young (Allocation Failure)
[312.785s][info][gc,heap        ] GC(1052) DefNew: 280265K(314560K)->652K(314560K) Eden: 279616K(279616K)->0K(279616K) From: 649K(34944K)->652K(34944K)
[312.785s][info][gc,heap        ] GC(1052) Tenured: 11074K(699072K)->11115K(699072K)
[312.785s][info][gc,metaspace   ] GC(1052) Metaspace: 14258K(15104K)->14258K(15104K) NonClass: 12315K(12864K)->12315K(12864K) Class: 1943K(2240K)->1943K(2240K)
[312.785s][info][gc             ] GC(1052) Pause Young (Allocation Failure) 284M->11M(989M) 32.519ms
[312.785s][info][gc,cpu         ] GC(1052) User=0.02s Sys=0.00s Real=0.02s
[313.057s][info][gc,start       ] GC(1053) Pause Young (Allocation Failure)
[313.100s][info][gc,heap        ] GC(1053) DefNew: 280268K(314560K)->650K(314560K) Eden: 279616K(279616K)->0K(279616K) From: 652K(34944K)->650K(34944K)
[313.100s][info][gc,heap        ] GC(1053) Tenured: 11115K(699072K)->11160K(699072K)
[313.100s][info][gc,metaspace   ] GC(1053) Metaspace: 14258K(15104K)->14258K(15104K) NonClass: 12315K(12864K)->12315K(12864K) Class: 1943K(2240K)->1943K(2240K)
[313.100s][info][gc             ] GC(1053) Pause Young (Allocation Failure) 284M->11M(989M) 43.445ms
[313.100s][info][gc,cpu         ] GC(1053) User=0.05s Sys=0.00s Real=0.04s
[313.373s][info][gc,start       ] GC(1054) Pause Young (Allocation Failure)
[313.417s][info][gc,heap        ] GC(1054) DefNew: 280266K(314560K)->653K(314560K) Eden: 279616K(279616K)->0K(279616K) From: 650K(34944K)->653K(34944K)
[313.417s][info][gc,heap        ] GC(1054) Tenured: 11160K(699072K)->11201K(699072K)
[313.417s][info][gc,metaspace   ] GC(1054) Metaspace: 14258K(15104K)->14258K(15104K) NonClass: 12315K(12864K)->12315K(12864K) Class: 1943K(2240K)->1943K(2240K)
[313.417s][info][gc             ] GC(1054) Pause Young (Allocation Failure) 284M->11M(989M) 44.184ms
[313.417s][info][gc,cpu         ] GC(1054) User=0.03s Sys=0.00s Real=0.03s
[313.689s][info][gc,start       ] GC(1055) Pause Young (Allocation Failure)
[313.723s][info][gc,heap        ] GC(1055) DefNew: 280269K(314560K)->651K(314560K) Eden: 279616K(279616K)->0K(279616K) From: 653K(34944K)->651K(34944K)
[313.723s][info][gc,heap        ] GC(1055) Tenured: 11201K(699072K)->11243K(699072K)
[313.723s][info][gc,metaspace   ] GC(1055) Metaspace: 14258K(15104K)->14258K(15104K) NonClass: 12315K(12864K)->12315K(12864K) Class: 1943K(2240K)->1943K(2240K)
[313.723s][info][gc             ] GC(1055) Pause Young (Allocation Failure) 284M->11M(989M) 33.507ms
[313.723s][info][gc,cpu         ] GC(1055) User=0.02s Sys=0.00s Real=0.03s
[313.993s][info][gc,start       ] GC(1056) Pause Young (Allocation Failure)
[314.037s][info][gc,heap        ] GC(1056) DefNew: 280267K(314560K)->651K(314560K) Eden: 279616K(279616K)->0K(279616K) From: 651K(34944K)->651K(34944K)
[314.038s][info][gc,heap        ] GC(1056) Tenured: 11243K(699072K)->11284K(699072K)
[314.038s][info][gc,metaspace   ] GC(1056) Metaspace: 14258K(15104K)->14258K(15104K) NonClass: 12315K(12864K)->12315K(12864K) Class: 1943K(2240K)->1943K(2240K)
[314.038s][info][gc             ] GC(1056) Pause Young (Allocation Failure) 284M->11M(989M) 45.000ms
[314.038s][info][gc,cpu         ] GC(1056) User=0.05s Sys=0.00s Real=0.05s
[314.331s][info][gc,start       ] GC(1057) Pause Young (Allocation Failure)
[314.378s][info][gc,heap        ] GC(1057) DefNew: 280267K(314560K)->652K(314560K) Eden: 279616K(279616K)->0K(279616K) From: 651K(34944K)->652K(34944K)
[314.378s][info][gc,heap        ] GC(1057) Tenured: 11284K(699072K)->11325K(699072K)
[314.378s][info][gc,metaspace   ] GC(1057) Metaspace: 14258K(15104K)->14258K(15104K) NonClass: 12315K(12864K)->12315K(12864K) Class: 1943K(2240K)->1943K(2240K)
[314.378s][info][gc             ] GC(1057) Pause Young (Allocation Failure) 284M->11M(989M) 46.495ms
[314.378s][info][gc,cpu         ] GC(1057) User=0.03s Sys=0.00s Real=0.03s
[314.656s][info][gc,start       ] GC(1058) Pause Young (Allocation Failure)
[314.696s][info][gc,heap        ] GC(1058) DefNew: 280268K(314560K)->649K(314560K) Eden: 279616K(279616K)->0K(279616K) From: 652K(34944K)->649K(34944K)
[314.696s][info][gc,heap        ] GC(1058) Tenured: 11325K(699072K)->11370K(699072K)
[314.696s][info][gc,metaspace   ] GC(1058) Metaspace: 14258K(15104K)->14258K(15104K) NonClass: 12315K(12864K)->12315K(12864K) Class: 1943K(2240K)->1943K(2240K)
[314.696s][info][gc             ] GC(1058) Pause Young (Allocation Failure) 284M->11M(989M) 39.869ms
[314.696s][info][gc,cpu         ] GC(1058) User=0.05s Sys=0.00s Real=0.04s
[314.970s][info][gc,start       ] GC(1059) Pause Young (Allocation Failure)
[315.009s][info][gc,heap        ] GC(1059) DefNew: 280265K(314560K)->648K(314560K) Eden: 279616K(279616K)->0K(279616K) From: 649K(34944K)->648K(34944K)
[315.009s][info][gc,heap        ] GC(1059) Tenured: 11370K(699072K)->11414K(699072K)
[315.009s][info][gc,metaspace   ] GC(1059) Metaspace: 14258K(15104K)->14258K(15104K) NonClass: 12315K(12864K)->12315K(12864K) Class: 1943K(2240K)->1943K(2240K)
[315.010s][info][gc             ] GC(1059) Pause Young (Allocation Failure) 284M->11M(989M) 39.355ms
[315.010s][info][gc,cpu         ] GC(1059) User=0.03s Sys=0.00s Real=0.03s
[315.288s][info][gc,start       ] GC(1060) Pause Young (Allocation Failure)
[315.326s][info][gc,heap        ] GC(1060) DefNew: 280264K(314560K)->645K(314560K) Eden: 279616K(279616K)->0K(279616K) From: 648K(34944K)->645K(34944K)
[315.326s][info][gc,heap        ] GC(1060) Tenured: 11414K(699072K)->11456K(699072K)
[315.326s][info][gc,metaspace   ] GC(1060) Metaspace: 14258K(15104K)->14258K(15104K) NonClass: 12315K(12864K)->12315K(12864K) Class: 1943K(2240K)->1943K(2240K)
[315.326s][info][gc             ] GC(1060) Pause Young (Allocation Failure) 284M->11M(989M) 38.095ms
[315.326s][info][gc,cpu         ] GC(1060) User=0.03s Sys=0.00s Real=0.03s
[315.594s][info][gc,start       ] GC(1061) Pause Young (Allocation Failure)
[315.633s][info][gc,heap        ] GC(1061) DefNew: 280261K(314560K)->643K(314560K) Eden: 279616K(279616K)->0K(279616K) From: 645K(34944K)->643K(34944K)
[315.633s][info][gc,heap        ] GC(1061) Tenured: 11456K(699072K)->11500K(699072K)
[315.633s][info][gc,metaspace   ] GC(1061) Metaspace: 14258K(15104K)->14258K(15104K) NonClass: 12315K(12864K)->12315K(12864K) Class: 1943K(2240K)->1943K(2240K)
[315.633s][info][gc             ] GC(1061) Pause Young (Allocation Failure) 284M->11M(989M) 39.142ms
[315.633s][info][gc,cpu         ] GC(1061) User=0.03s Sys=0.00s Real=0.03s
[315.904s][info][gc,start       ] GC(1062) Pause Young (Allocation Failure)
[315.944s][info][gc,heap        ] GC(1062) DefNew: 280259K(314560K)->642K(314560K) Eden: 279616K(279616K)->0K(279616K) From: 643K(34944K)->642K(34944K)
[315.944s][info][gc,heap        ] GC(1062) Tenured: 11500K(699072K)->11542K(699072K)
[315.944s][info][gc,metaspace   ] GC(1062) Metaspace: 14258K(15104K)->14258K(15104K) NonClass: 12315K(12864K)->12315K(12864K) Class: 1943K(2240K)->1943K(2240K)
[315.944s][info][gc             ] GC(1062) Pause Young (Allocation Failure) 284M->11M(989M) 40.205ms
[315.944s][info][gc,cpu         ] GC(1062) User=0.05s Sys=0.00s Real=0.04s
[316.217s][info][gc,start       ] GC(1063) Pause Young (Allocation Failure)
[316.248s][info][gc,heap        ] GC(1063) DefNew: 280258K(314560K)->644K(314560K) Eden: 279616K(279616K)->0K(279616K) From: 642K(34944K)->644K(34944K)
[316.248s][info][gc,heap        ] GC(1063) Tenured: 11542K(699072K)->11584K(699072K)
[316.248s][info][gc,metaspace   ] GC(1063) Metaspace: 14258K(15104K)->14258K(15104K) NonClass: 12315K(12864K)->12315K(12864K) Class: 1943K(2240K)->1943K(2240K)
[316.248s][info][gc             ] GC(1063) Pause Young (Allocation Failure) 284M->11M(989M) 31.576ms
[316.248s][info][gc,cpu         ] GC(1063) User=0.03s Sys=0.00s Real=0.03s
[316.522s][info][gc,start       ] GC(1064) Pause Young (Allocation Failure)
[316.554s][info][gc,heap        ] GC(1064) DefNew: 280260K(314560K)->645K(314560K) Eden: 279616K(279616K)->0K(279616K) From: 644K(34944K)->645K(34944K)
[316.555s][info][gc,heap        ] GC(1064) Tenured: 11584K(699072K)->11625K(699072K)
[316.555s][info][gc,metaspace   ] GC(1064) Metaspace: 14258K(15104K)->14258K(15104K) NonClass: 12315K(12864K)->12315K(12864K) Class: 1943K(2240K)->1943K(2240K)
[316.555s][info][gc             ] GC(1064) Pause Young (Allocation Failure) 285M->11M(989M) 32.376ms
[316.555s][info][gc,cpu         ] GC(1064) User=0.03s Sys=0.00s Real=0.03s
[316.823s][info][gc,start       ] GC(1065) Pause Young (Allocation Failure)
[316.861s][info][gc,heap        ] GC(1065) DefNew: 280261K(314560K)->644K(314560K) Eden: 279616K(279616K)->0K(279616K) From: 645K(34944K)->644K(34944K)
[316.861s][info][gc,heap        ] GC(1065) Tenured: 11625K(699072K)->11667K(699072K)
[316.861s][info][gc,metaspace   ] GC(1065) Metaspace: 14258K(15104K)->14258K(15104K) NonClass: 12315K(12864K)->12315K(12864K) Class: 1943K(2240K)->1943K(2240K)
[316.861s][info][gc             ] GC(1065) Pause Young (Allocation Failure) 285M->12M(989M) 38.201ms
[316.861s][info][gc,cpu         ] GC(1065) User=0.03s Sys=0.00s Real=0.03s
[317.136s][info][gc,start       ] GC(1066) Pause Young (Allocation Failure)
[317.175s][info][gc,heap        ] GC(1066) DefNew: 280260K(314560K)->637K(314560K) Eden: 279616K(279616K)->0K(279616K) From: 644K(34944K)->637K(34944K)
[317.175s][info][gc,heap        ] GC(1066) Tenured: 11667K(699072K)->11715K(699072K)
[317.175s][info][gc,metaspace   ] GC(1066) Metaspace: 14258K(15104K)->14258K(15104K) NonClass: 12315K(12864K)->12315K(12864K) Class: 1943K(2240K)->1943K(2240K)
[317.175s][info][gc             ] GC(1066) Pause Young (Allocation Failure) 285M->12M(989M) 38.977ms
[317.175s][info][gc,cpu         ] GC(1066) User=0.03s Sys=0.00s Real=0.03s
[317.458s][info][gc,start       ] GC(1067) Pause Young (Allocation Failure)
[317.494s][info][gc,heap        ] GC(1067) DefNew: 280253K(314560K)->642K(314560K) Eden: 279616K(279616K)->0K(279616K) From: 637K(34944K)->642K(34944K)
[317.494s][info][gc,heap        ] GC(1067) Tenured: 11715K(699072K)->11757K(699072K)
[317.494s][info][gc,metaspace   ] GC(1067) Metaspace: 14258K(15104K)->14258K(15104K) NonClass: 12315K(12864K)->12315K(12864K) Class: 1943K(2240K)->1943K(2240K)
[317.494s][info][gc             ] GC(1067) Pause Young (Allocation Failure) 285M->12M(989M) 36.091ms
[317.494s][info][gc,cpu         ] GC(1067) User=0.03s Sys=0.00s Real=0.03s
[317.774s][info][gc,start       ] GC(1068) Pause Young (Allocation Failure)
[317.821s][info][gc,heap        ] GC(1068) DefNew: 280258K(314560K)->641K(314560K) Eden: 279616K(279616K)->0K(279616K) From: 642K(34944K)->641K(34944K)
[317.821s][info][gc,heap        ] GC(1068) Tenured: 11757K(699072K)->11801K(699072K)
[317.821s][info][gc,metaspace   ] GC(1068) Metaspace: 14258K(15104K)->14258K(15104K) NonClass: 12315K(12864K)->12315K(12864K) Class: 1943K(2240K)->1943K(2240K)
[317.821s][info][gc             ] GC(1068) Pause Young (Allocation Failure) 285M->12M(989M) 47.218ms
[317.821s][info][gc,cpu         ] GC(1068) User=0.03s Sys=0.00s Real=0.04s
[318.165s][info][gc,start       ] GC(1069) Pause Young (Allocation Failure)
[318.215s][info][gc,heap        ] GC(1069) DefNew: 280257K(314560K)->644K(314560K) Eden: 279616K(279616K)->0K(279616K) From: 641K(34944K)->644K(34944K)
[318.215s][info][gc,heap        ] GC(1069) Tenured: 11801K(699072K)->11842K(699072K)
[318.215s][info][gc,metaspace   ] GC(1069) Metaspace: 14258K(15104K)->14258K(15104K) NonClass: 12315K(12864K)->12315K(12864K) Class: 1943K(2240K)->1943K(2240K)
[318.216s][info][gc             ] GC(1069) Pause Young (Allocation Failure) 285M->12M(989M) 50.672ms
[318.216s][info][gc,cpu         ] GC(1069) User=0.05s Sys=0.00s Real=0.05s
[318.513s][info][gc,start       ] GC(1070) Pause Young (Allocation Failure)
[318.546s][info][gc,heap        ] GC(1070) DefNew: 280260K(314560K)->645K(314560K) Eden: 279616K(279616K)->0K(279616K) From: 644K(34944K)->645K(34944K)
[318.546s][info][gc,heap        ] GC(1070) Tenured: 11842K(699072K)->11886K(699072K)
[318.546s][info][gc,metaspace   ] GC(1070) Metaspace: 14258K(15104K)->14258K(15104K) NonClass: 12315K(12864K)->12315K(12864K) Class: 1943K(2240K)->1943K(2240K)
[318.546s][info][gc             ] GC(1070) Pause Young (Allocation Failure) 285M->12M(989M) 32.468ms
[318.546s][info][gc,cpu         ] GC(1070) User=0.03s Sys=0.00s Real=0.02s
[318.819s][info][gc,start       ] GC(1071) Pause Young (Allocation Failure)
[318.852s][info][gc,heap        ] GC(1071) DefNew: 280261K(314560K)->646K(314560K) Eden: 279616K(279616K)->0K(279616K) From: 645K(34944K)->646K(34944K)
[318.852s][info][gc,heap        ] GC(1071) Tenured: 11886K(699072K)->11927K(699072K)
[318.852s][info][gc,metaspace   ] GC(1071) Metaspace: 14258K(15104K)->14258K(15104K) NonClass: 12315K(12864K)->12315K(12864K) Class: 1943K(2240K)->1943K(2240K)
[318.852s][info][gc             ] GC(1071) Pause Young (Allocation Failure) 285M->12M(989M) 33.248ms
[318.852s][info][gc,cpu         ] GC(1071) User=0.02s Sys=0.00s Real=0.02s
[319.035s][info][gc,start       ] GC(1072) Pause Young (Allocation Failure)
[319.065s][info][gc,heap        ] GC(1072) DefNew: 280262K(314560K)->634K(314560K) Eden: 279616K(279616K)->0K(279616K) From: 646K(34944K)->634K(34944K)
[319.065s][info][gc,heap        ] GC(1072) Tenured: 11927K(699072K)->11969K(699072K)
[319.065s][info][gc,metaspace   ] GC(1072) Metaspace: 14258K(15104K)->14258K(15104K) NonClass: 12315K(12864K)->12315K(12864K) Class: 1943K(2240K)->1943K(2240K)
[319.065s][info][gc             ] GC(1072) Pause Young (Allocation Failure) 285M->12M(989M) 30.258ms
[319.065s][info][gc,cpu         ] GC(1072) User=0.02s Sys=0.00s Real=0.03s
[319.416s][info][gc,start       ] GC(1073) Pause Full (System.gc())
[319.416s][info][gc,phases,start] GC(1073) Phase 1: Mark live objects
[319.455s][info][gc,phases      ] GC(1073) Phase 1: Mark live objects 39.255ms
[319.455s][info][gc,phases,start] GC(1073) Phase 2: Compute new object addresses
[319.521s][info][gc,phases      ] GC(1073) Phase 2: Compute new object addresses 65.451ms
[319.521s][info][gc,phases,start] GC(1073) Phase 3: Adjust pointers
[319.542s][info][gc,phases      ] GC(1073) Phase 3: Adjust pointers 21.557ms
[319.542s][info][gc,phases,start] GC(1073) Phase 4: Move objects
[319.542s][info][gc,phases      ] GC(1073) Phase 4: Move objects 0.012ms
[319.542s][info][gc,heap        ] GC(1073) DefNew: 279477K(314560K)->0K(314560K) Eden: 278842K(279616K)->0K(279616K) From: 634K(34944K)->0K(34944K)
[319.542s][info][gc,heap        ] GC(1073) Tenured: 11969K(699072K)->11969K(699072K)
[319.542s][info][gc,metaspace   ] GC(1073) Metaspace: 14258K(15104K)->14258K(15104K) NonClass: 12315K(12864K)->12315K(12864K) Class: 1943K(2240K)->1943K(2240K)
[319.542s][info][gc             ] GC(1073) Pause Full (System.gc()) 284M->11M(989M) 126.680ms
[319.542s][info][gc,cpu         ] GC(1073) User=0.13s Sys=0.00s Real=0.13s
[319.771s][info][gc,start       ] GC(1074) Pause Young (Allocation Failure)
[319.811s][info][gc,heap        ] GC(1074) DefNew: 279616K(314560K)->1494K(314560K) Eden: 279616K(279616K)->0K(279616K) From: 0K(34944K)->1494K(34944K)
[319.811s][info][gc,heap        ] GC(1074) Tenured: 11969K(699072K)->11969K(699072K)
[319.811s][info][gc,metaspace   ] GC(1074) Metaspace: 14258K(15104K)->14258K(15104K) NonClass: 12315K(12864K)->12315K(12864K) Class: 1943K(2240K)->1943K(2240K)
[319.811s][info][gc             ] GC(1074) Pause Young (Allocation Failure) 284M->13M(989M) 39.871ms
[319.811s][info][gc,cpu         ] GC(1074) User=0.03s Sys=0.00s Real=0.04s
[320.077s][info][gc,start       ] GC(1075) Pause Young (Allocation Failure)
[320.119s][info][gc,heap        ] GC(1075) DefNew: 281110K(314560K)->1536K(314560K) Eden: 279616K(279616K)->0K(279616K) From: 1494K(34944K)->1536K(34944K)
[320.119s][info][gc,heap        ] GC(1075) Tenured: 11969K(699072K)->11969K(699072K)
[320.119s][info][gc,metaspace   ] GC(1075) Metaspace: 14258K(15104K)->14258K(15104K) NonClass: 12315K(12864K)->12315K(12864K) Class: 1943K(2240K)->1943K(2240K)
[320.119s][info][gc             ] GC(1075) Pause Young (Allocation Failure) 286M->13M(989M) 41.933ms
[320.119s][info][gc,cpu         ] GC(1075) User=0.03s Sys=0.00s Real=0.03s
[320.377s][info][gc,start       ] GC(1076) Pause Young (Allocation Failure)
[320.420s][info][gc,heap        ] GC(1076) DefNew: 281152K(314560K)->1578K(314560K) Eden: 279616K(279616K)->0K(279616K) From: 1536K(34944K)->1578K(34944K)
[320.420s][info][gc,heap        ] GC(1076) Tenured: 11969K(699072K)->11969K(699072K)
[320.420s][info][gc,metaspace   ] GC(1076) Metaspace: 14258K(15104K)->14258K(15104K) NonClass: 12315K(12864K)->12315K(12864K) Class: 1943K(2240K)->1943K(2240K)
[320.420s][info][gc             ] GC(1076) Pause Young (Allocation Failure) 286M->13M(989M) 42.283ms
[320.420s][info][gc,cpu         ] GC(1076) User=0.03s Sys=0.00s Real=0.04s
[320.686s][info][gc,start       ] GC(1077) Pause Young (Allocation Failure)
[320.730s][info][gc,heap        ] GC(1077) DefNew: 281194K(314560K)->1619K(314560K) Eden: 279616K(279616K)->0K(279616K) From: 1578K(34944K)->1619K(34944K)
[320.730s][info][gc,heap        ] GC(1077) Tenured: 11969K(699072K)->11969K(699072K)
[320.730s][info][gc,metaspace   ] GC(1077) Metaspace: 14258K(15104K)->14258K(15104K) NonClass: 12315K(12864K)->12315K(12864K) Class: 1943K(2240K)->1943K(2240K)
[320.730s][info][gc             ] GC(1077) Pause Young (Allocation Failure) 286M->13M(989M) 43.862ms
[320.730s][info][gc,cpu         ] GC(1077) User=0.05s Sys=0.00s Real=0.04s
[320.994s][info][gc,start       ] GC(1078) Pause Young (Allocation Failure)
[321.038s][info][gc,heap        ] GC(1078) DefNew: 281235K(314560K)->1658K(314560K) Eden: 279616K(279616K)->0K(279616K) From: 1619K(34944K)->1658K(34944K)
[321.038s][info][gc,heap        ] GC(1078) Tenured: 11969K(699072K)->11969K(699072K)
[321.038s][info][gc,metaspace   ] GC(1078) Metaspace: 14258K(15104K)->14258K(15104K) NonClass: 12315K(12864K)->12315K(12864K) Class: 1943K(2240K)->1943K(2240K)
[321.038s][info][gc             ] GC(1078) Pause Young (Allocation Failure) 286M->13M(989M) 43.777ms
[321.038s][info][gc,cpu         ] GC(1078) User=0.03s Sys=0.00s Real=0.03s
[321.306s][info][gc,start       ] GC(1079) Pause Young (Allocation Failure)
[321.351s][info][gc,heap        ] GC(1079) DefNew: 281274K(314560K)->1702K(314560K) Eden: 279616K(279616K)->0K(279616K) From: 1658K(34944K)->1702K(34944K)
[321.361s][info][gc,heap        ] GC(1079) Tenured: 11969K(699072K)->11969K(699072K)
[321.361s][info][gc,metaspace   ] GC(1079) Metaspace: 14258K(15104K)->14258K(15104K) NonClass: 12315K(12864K)->12315K(12864K) Class: 1943K(2240K)->1943K(2240K)
[321.361s][info][gc             ] GC(1079) Pause Young (Allocation Failure) 286M->13M(989M) 55.042ms
[321.361s][info][gc,cpu         ] GC(1079) User=0.05s Sys=0.00s Real=0.04s
[321.628s][info][gc,start       ] GC(1080) Pause Young (Allocation Failure)
[321.673s][info][gc,heap        ] GC(1080) DefNew: 281318K(314560K)->1743K(314560K) Eden: 279616K(279616K)->0K(279616K) From: 1702K(34944K)->1743K(34944K)
[321.673s][info][gc,heap        ] GC(1080) Tenured: 11969K(699072K)->11969K(699072K)
[321.673s][info][gc,metaspace   ] GC(1080) Metaspace: 14258K(15104K)->14258K(15104K) NonClass: 12315K(12864K)->12315K(12864K) Class: 1943K(2240K)->1943K(2240K)
[321.673s][info][gc             ] GC(1080) Pause Young (Allocation Failure) 286M->13M(989M) 45.897ms
[321.673s][info][gc,cpu         ] GC(1080) User=0.03s Sys=0.00s Real=0.04s
[321.970s][info][gc,start       ] GC(1081) Pause Young (Allocation Failure)
[322.010s][info][gc,heap        ] GC(1081) DefNew: 281359K(314560K)->1786K(314560K) Eden: 279616K(279616K)->0K(279616K) From: 1743K(34944K)->1786K(34944K)
[322.010s][info][gc,heap        ] GC(1081) Tenured: 11969K(699072K)->11969K(699072K)
[322.010s][info][gc,metaspace   ] GC(1081) Metaspace: 14258K(15104K)->14258K(15104K) NonClass: 12315K(12864K)->12315K(12864K) Class: 1943K(2240K)->1943K(2240K)
[322.010s][info][gc             ] GC(1081) Pause Young (Allocation Failure) 286M->13M(989M) 39.504ms
[322.010s][info][gc,cpu         ] GC(1081) User=0.03s Sys=0.00s Real=0.03s
[322.279s][info][gc,start       ] GC(1082) Pause Young (Allocation Failure)
[322.322s][info][gc,heap        ] GC(1082) DefNew: 281402K(314560K)->1827K(314560K) Eden: 279616K(279616K)->0K(279616K) From: 1786K(34944K)->1827K(34944K)
[322.322s][info][gc,heap        ] GC(1082) Tenured: 11969K(699072K)->11969K(699072K)
[322.322s][info][gc,metaspace   ] GC(1082) Metaspace: 14258K(15104K)->14258K(15104K) NonClass: 12315K(12864K)->12315K(12864K) Class: 1943K(2240K)->1943K(2240K)
[322.322s][info][gc             ] GC(1082) Pause Young (Allocation Failure) 286M->13M(989M) 43.455ms
[322.322s][info][gc,cpu         ] GC(1082) User=0.05s Sys=0.00s Real=0.04s
[322.585s][info][gc,start       ] GC(1083) Pause Young (Allocation Failure)
[322.624s][info][gc,heap        ] GC(1083) DefNew: 281443K(314560K)->1870K(314560K) Eden: 279616K(279616K)->0K(279616K) From: 1827K(34944K)->1870K(34944K)
[322.624s][info][gc,heap        ] GC(1083) Tenured: 11969K(699072K)->11969K(699072K)
[322.624s][info][gc,metaspace   ] GC(1083) Metaspace: 14258K(15104K)->14258K(15104K) NonClass: 12315K(12864K)->12315K(12864K) Class: 1943K(2240K)->1943K(2240K)
[322.624s][info][gc             ] GC(1083) Pause Young (Allocation Failure) 286M->13M(989M) 38.606ms
[322.624s][info][gc,cpu         ] GC(1083) User=0.03s Sys=0.00s Real=0.04s
[322.901s][info][gc,start       ] GC(1084) Pause Young (Allocation Failure)
[322.940s][info][gc,heap        ] GC(1084) DefNew: 281486K(314560K)->1912K(314560K) Eden: 279616K(279616K)->0K(279616K) From: 1870K(34944K)->1912K(34944K)
[322.940s][info][gc,heap        ] GC(1084) Tenured: 11969K(699072K)->11969K(699072K)
[322.940s][info][gc,metaspace   ] GC(1084) Metaspace: 14258K(15104K)->14258K(15104K) NonClass: 12315K(12864K)->12315K(12864K) Class: 1943K(2240K)->1943K(2240K)
[322.940s][info][gc             ] GC(1084) Pause Young (Allocation Failure) 286M->13M(989M) 38.922ms
[322.940s][info][gc,cpu         ] GC(1084) User=0.05s Sys=0.00s Real=0.04s
[323.204s][info][gc,start       ] GC(1085) Pause Young (Allocation Failure)
[323.243s][info][gc,heap        ] GC(1085) DefNew: 281528K(314560K)->1953K(314560K) Eden: 279616K(279616K)->0K(279616K) From: 1912K(34944K)->1953K(34944K)
[323.244s][info][gc,heap        ] GC(1085) Tenured: 11969K(699072K)->11969K(699072K)
[323.244s][info][gc,metaspace   ] GC(1085) Metaspace: 14258K(15104K)->14258K(15104K) NonClass: 12315K(12864K)->12315K(12864K) Class: 1943K(2240K)->1943K(2240K)
[323.244s][info][gc             ] GC(1085) Pause Young (Allocation Failure) 286M->13M(989M) 39.877ms
[323.244s][info][gc,cpu         ] GC(1085) User=0.02s Sys=0.02s Real=0.03s
[323.507s][info][gc,start       ] GC(1086) Pause Young (Allocation Failure)
[323.548s][info][gc,heap        ] GC(1086) DefNew: 281569K(314560K)->1994K(314560K) Eden: 279616K(279616K)->0K(279616K) From: 1953K(34944K)->1994K(34944K)
[323.548s][info][gc,heap        ] GC(1086) Tenured: 11969K(699072K)->11969K(699072K)
[323.548s][info][gc,metaspace   ] GC(1086) Metaspace: 14258K(15104K)->14258K(15104K) NonClass: 12315K(12864K)->12315K(12864K) Class: 1943K(2240K)->1943K(2240K)
[323.548s][info][gc             ] GC(1086) Pause Young (Allocation Failure) 286M->13M(989M) 40.830ms
[323.548s][info][gc,cpu         ] GC(1086) User=0.05s Sys=0.00s Real=0.04s
[323.803s][info][gc,start       ] GC(1087) Pause Young (Allocation Failure)
[323.844s][info][gc,heap        ] GC(1087) DefNew: 281610K(314560K)->2033K(314560K) Eden: 279616K(279616K)->0K(279616K) From: 1994K(34944K)->2033K(34944K)
[323.844s][info][gc,heap        ] GC(1087) Tenured: 11969K(699072K)->11969K(699072K)
[323.844s][info][gc,metaspace   ] GC(1087) Metaspace: 14258K(15104K)->14258K(15104K) NonClass: 12315K(12864K)->12315K(12864K) Class: 1943K(2240K)->1943K(2240K)
[323.844s][info][gc             ] GC(1087) Pause Young (Allocation Failure) 286M->13M(989M) 40.496ms
[323.844s][info][gc,cpu         ] GC(1087) User=0.03s Sys=0.00s Real=0.03s
[324.109s][info][gc,start       ] GC(1088) Pause Young (Allocation Failure)
[324.152s][info][gc,heap        ] GC(1088) DefNew: 281649K(314560K)->2077K(314560K) Eden: 279616K(279616K)->0K(279616K) From: 2033K(34944K)->2077K(34944K)
[324.152s][info][gc,heap        ] GC(1088) Tenured: 11969K(699072K)->11969K(699072K)
[324.152s][info][gc,metaspace   ] GC(1088) Metaspace: 14258K(15104K)->14258K(15104K) NonClass: 12315K(12864K)->12315K(12864K) Class: 1943K(2240K)->1943K(2240K)
[324.152s][info][gc             ] GC(1088) Pause Young (Allocation Failure) 286M->13M(989M) 42.589ms
[324.152s][info][gc,cpu         ] GC(1088) User=0.05s Sys=0.00s Real=0.04s
[324.411s][info][gc,start       ] GC(1089) Pause Young (Allocation Failure)
[324.455s][info][gc,heap        ] GC(1089) DefNew: 281693K(314560K)->629K(314560K) Eden: 279616K(279616K)->0K(279616K) From: 2077K(34944K)->629K(34944K)
[324.455s][info][gc,heap        ] GC(1089) Tenured: 11969K(699072K)->13455K(699072K)
[324.455s][info][gc,metaspace   ] GC(1089) Metaspace: 14258K(15104K)->14258K(15104K) NonClass: 12315K(12864K)->12315K(12864K) Class: 1943K(2240K)->1943K(2240K)
[324.455s][info][gc             ] GC(1089) Pause Young (Allocation Failure) 286M->13M(989M) 43.331ms
[324.455s][info][gc,cpu         ] GC(1089) User=0.03s Sys=0.00s Real=0.04s
[324.733s][info][gc,start       ] GC(1090) Pause Young (Allocation Failure)
[324.777s][info][gc,heap        ] GC(1090) DefNew: 280245K(314560K)->631K(314560K) Eden: 279616K(279616K)->0K(279616K) From: 629K(34944K)->631K(34944K)
[324.777s][info][gc,heap        ] GC(1090) Tenured: 13455K(699072K)->13497K(699072K)
[324.777s][info][gc,metaspace   ] GC(1090) Metaspace: 14258K(15104K)->14258K(15104K) NonClass: 12315K(12864K)->12315K(12864K) Class: 1943K(2240K)->1943K(2240K)
[324.777s][info][gc             ] GC(1090) Pause Young (Allocation Failure) 286M->13M(989M) 43.979ms
[324.777s][info][gc,cpu         ] GC(1090) User=0.05s Sys=0.00s Real=0.04s
[325.055s][info][gc,start       ] GC(1091) Pause Young (Allocation Failure)
[325.088s][info][gc,heap        ] GC(1091) DefNew: 280247K(314560K)->632K(314560K) Eden: 279616K(279616K)->0K(279616K) From: 631K(34944K)->632K(34944K)
[325.088s][info][gc,heap        ] GC(1091) Tenured: 13497K(699072K)->13539K(699072K)
[325.088s][info][gc,metaspace   ] GC(1091) Metaspace: 14258K(15104K)->14258K(15104K) NonClass: 12315K(12864K)->12315K(12864K) Class: 1943K(2240K)->1943K(2240K)
[325.088s][info][gc             ] GC(1091) Pause Young (Allocation Failure) 286M->13M(989M) 33.277ms
[325.088s][info][gc,cpu         ] GC(1091) User=0.03s Sys=0.00s Real=0.03s
[325.361s][info][gc,start       ] GC(1092) Pause Young (Allocation Failure)
[325.406s][info][gc,heap        ] GC(1092) DefNew: 280248K(314560K)->633K(314560K) Eden: 279616K(279616K)->0K(279616K) From: 632K(34944K)->633K(34944K)
[325.406s][info][gc,heap        ] GC(1092) Tenured: 13539K(699072K)->13580K(699072K)
[325.406s][info][gc,metaspace   ] GC(1092) Metaspace: 14258K(15104K)->14258K(15104K) NonClass: 12315K(12864K)->12315K(12864K) Class: 1943K(2240K)->1943K(2240K)
[325.406s][info][gc             ] GC(1092) Pause Young (Allocation Failure) 286M->13M(989M) 44.415ms
[325.406s][info][gc,cpu         ] GC(1092) User=0.03s Sys=0.00s Real=0.04s
[325.684s][info][gc,start       ] GC(1093) Pause Young (Allocation Failure)
[325.729s][info][gc,heap        ] GC(1093) DefNew: 280249K(314560K)->639K(314560K) Eden: 279616K(279616K)->0K(279616K) From: 633K(34944K)->639K(34944K)
[325.729s][info][gc,heap        ] GC(1093) Tenured: 13580K(699072K)->13619K(699072K)
[325.729s][info][gc,metaspace   ] GC(1093) Metaspace: 14258K(15104K)->14258K(15104K) NonClass: 12315K(12864K)->12315K(12864K) Class: 1943K(2240K)->1943K(2240K)
[325.729s][info][gc             ] GC(1093) Pause Young (Allocation Failure) 286M->13M(989M) 44.544ms
[325.729s][info][gc,cpu         ] GC(1093) User=0.03s Sys=0.00s Real=0.03s
[326.021s][info][gc,start       ] GC(1094) Pause Young (Allocation Failure)
[326.056s][info][gc,heap        ] GC(1094) DefNew: 280255K(314560K)->639K(314560K) Eden: 279616K(279616K)->0K(279616K) From: 639K(34944K)->639K(34944K)
[326.056s][info][gc,heap        ] GC(1094) Tenured: 13619K(699072K)->13663K(699072K)
[326.056s][info][gc,metaspace   ] GC(1094) Metaspace: 14258K(15104K)->14258K(15104K) NonClass: 12315K(12864K)->12315K(12864K) Class: 1943K(2240K)->1943K(2240K)
[326.056s][info][gc             ] GC(1094) Pause Young (Allocation Failure) 286M->13M(989M) 35.658ms
[326.056s][info][gc,cpu         ] GC(1094) User=0.03s Sys=0.00s Real=0.03s
[326.344s][info][gc,start       ] GC(1095) Pause Young (Allocation Failure)
[326.376s][info][gc,heap        ] GC(1095) DefNew: 280255K(314560K)->644K(314560K) Eden: 279616K(279616K)->0K(279616K) From: 639K(34944K)->644K(34944K)
[326.376s][info][gc,heap        ] GC(1095) Tenured: 13663K(699072K)->13704K(699072K)
[326.376s][info][gc,metaspace   ] GC(1095) Metaspace: 14258K(15104K)->14258K(15104K) NonClass: 12315K(12864K)->12315K(12864K) Class: 1943K(2240K)->1943K(2240K)
[326.376s][info][gc             ] GC(1095) Pause Young (Allocation Failure) 287M->14M(989M) 32.278ms
[326.376s][info][gc,cpu         ] GC(1095) User=0.05s Sys=0.00s Real=0.03s
[326.653s][info][gc,start       ] GC(1096) Pause Young (Allocation Failure)
[326.693s][info][gc,heap        ] GC(1096) DefNew: 280260K(314560K)->643K(314560K) Eden: 279616K(279616K)->0K(279616K) From: 644K(34944K)->643K(34944K)
[326.693s][info][gc,heap        ] GC(1096) Tenured: 13704K(699072K)->13746K(699072K)
[326.693s][info][gc,metaspace   ] GC(1096) Metaspace: 14258K(15104K)->14258K(15104K) NonClass: 12315K(12864K)->12315K(12864K) Class: 1943K(2240K)->1943K(2240K)
[326.693s][info][gc             ] GC(1096) Pause Young (Allocation Failure) 287M->14M(989M) 39.845ms
[326.693s][info][gc,cpu         ] GC(1096) User=0.05s Sys=0.00s Real=0.04s
[326.986s][info][gc,start       ] GC(1097) Pause Young (Allocation Failure)
[327.024s][info][gc,heap        ] GC(1097) DefNew: 280259K(314560K)->649K(314560K) Eden: 279616K(279616K)->0K(279616K) From: 643K(34944K)->649K(34944K)
[327.024s][info][gc,heap        ] GC(1097) Tenured: 13746K(699072K)->13788K(699072K)
[327.024s][info][gc,metaspace   ] GC(1097) Metaspace: 14258K(15104K)->14258K(15104K) NonClass: 12315K(12864K)->12315K(12864K) Class: 1943K(2240K)->1943K(2240K)
[327.024s][info][gc             ] GC(1097) Pause Young (Allocation Failure) 287M->14M(989M) 38.262ms
[327.024s][info][gc,cpu         ] GC(1097) User=0.02s Sys=0.00s Real=0.03s
[327.298s][info][gc,start       ] GC(1098) Pause Young (Allocation Failure)
[327.330s][info][gc,heap        ] GC(1098) DefNew: 280265K(314560K)->648K(314560K) Eden: 279616K(279616K)->0K(279616K) From: 649K(34944K)->648K(34944K)
[327.330s][info][gc,heap        ] GC(1098) Tenured: 13788K(699072K)->13830K(699072K)
[327.330s][info][gc,metaspace   ] GC(1098) Metaspace: 14258K(15104K)->14258K(15104K) NonClass: 12315K(12864K)->12315K(12864K) Class: 1943K(2240K)->1943K(2240K)
[327.330s][info][gc             ] GC(1098) Pause Young (Allocation Failure) 287M->14M(989M) 32.156ms
[327.330s][info][gc,cpu         ] GC(1098) User=0.02s Sys=0.00s Real=0.03s
[327.604s][info][gc,start       ] GC(1099) Pause Young (Allocation Failure)
[327.644s][info][gc,heap        ] GC(1099) DefNew: 280264K(314560K)->649K(314560K) Eden: 279616K(279616K)->0K(279616K) From: 648K(34944K)->649K(34944K)
[327.644s][info][gc,heap        ] GC(1099) Tenured: 13830K(699072K)->13872K(699072K)
[327.644s][info][gc,metaspace   ] GC(1099) Metaspace: 14258K(15104K)->14258K(15104K) NonClass: 12315K(12864K)->12315K(12864K) Class: 1943K(2240K)->1943K(2240K)
[327.644s][info][gc             ] GC(1099) Pause Young (Allocation Failure) 287M->14M(989M) 40.603ms
[327.644s][info][gc,cpu         ] GC(1099) User=0.03s Sys=0.00s Real=0.03s
[327.921s][info][gc,start       ] GC(1100) Pause Young (Allocation Failure)
[327.962s][info][gc,heap        ] GC(1100) DefNew: 280265K(314560K)->648K(314560K) Eden: 279616K(279616K)->0K(279616K) From: 649K(34944K)->648K(34944K)
[327.962s][info][gc,heap        ] GC(1100) Tenured: 13872K(699072K)->13913K(699072K)
[327.962s][info][gc,metaspace   ] GC(1100) Metaspace: 14258K(15104K)->14258K(15104K) NonClass: 12315K(12864K)->12315K(12864K) Class: 1943K(2240K)->1943K(2240K)
[327.962s][info][gc             ] GC(1100) Pause Young (Allocation Failure) 287M->14M(989M) 41.072ms
[327.962s][info][gc,cpu         ] GC(1100) User=0.05s Sys=0.00s Real=0.03s
[328.239s][info][gc,start       ] GC(1101) Pause Young (Allocation Failure)
[328.281s][info][gc,heap        ] GC(1101) DefNew: 280264K(314560K)->651K(314560K) Eden: 279616K(279616K)->0K(279616K) From: 648K(34944K)->651K(34944K)
[328.281s][info][gc,heap        ] GC(1101) Tenured: 13913K(699072K)->13954K(699072K)
[328.281s][info][gc,metaspace   ] GC(1101) Metaspace: 14258K(15104K)->14258K(15104K) NonClass: 12315K(12864K)->12315K(12864K) Class: 1943K(2240K)->1943K(2240K)
[328.281s][info][gc             ] GC(1101) Pause Young (Allocation Failure) 287M->14M(989M) 42.627ms
[328.281s][info][gc,cpu         ] GC(1101) User=0.03s Sys=0.00s Real=0.04s
[328.557s][info][gc,start       ] GC(1102) Pause Young (Allocation Failure)
[328.600s][info][gc,heap        ] GC(1102) DefNew: 280267K(314560K)->655K(314560K) Eden: 279616K(279616K)->0K(279616K) From: 651K(34944K)->655K(34944K)
[328.600s][info][gc,heap        ] GC(1102) Tenured: 13954K(699072K)->13993K(699072K)
[328.600s][info][gc,metaspace   ] GC(1102) Metaspace: 14258K(15104K)->14258K(15104K) NonClass: 12315K(12864K)->12315K(12864K) Class: 1943K(2240K)->1943K(2240K)
[328.600s][info][gc             ] GC(1102) Pause Young (Allocation Failure) 287M->14M(989M) 43.255ms
[328.600s][info][gc,cpu         ] GC(1102) User=0.03s Sys=0.00s Real=0.03s
[328.875s][info][gc,start       ] GC(1103) Pause Young (Allocation Failure)
[328.919s][info][gc,heap        ] GC(1103) DefNew: 280271K(314560K)->655K(314560K) Eden: 279616K(279616K)->0K(279616K) From: 655K(34944K)->655K(34944K)
[328.919s][info][gc,heap        ] GC(1103) Tenured: 13993K(699072K)->14037K(699072K)
[328.919s][info][gc,metaspace   ] GC(1103) Metaspace: 14258K(15104K)->14258K(15104K) NonClass: 12315K(12864K)->12315K(12864K) Class: 1943K(2240K)->1943K(2240K)
[328.919s][info][gc             ] GC(1103) Pause Young (Allocation Failure) 287M->14M(989M) 44.120ms
[328.919s][info][gc,cpu         ] GC(1103) User=0.03s Sys=0.00s Real=0.03s
[329.197s][info][gc,start       ] GC(1104) Pause Young (Allocation Failure)
[329.242s][info][gc,heap        ] GC(1104) DefNew: 280271K(314560K)->660K(314560K) Eden: 279616K(279616K)->0K(279616K) From: 655K(34944K)->660K(34944K)
[329.242s][info][gc,heap        ] GC(1104) Tenured: 14037K(699072K)->14075K(699072K)
[329.242s][info][gc,metaspace   ] GC(1104) Metaspace: 14258K(15104K)->14258K(15104K) NonClass: 12315K(12864K)->12315K(12864K) Class: 1943K(2240K)->1943K(2240K)
[329.242s][info][gc             ] GC(1104) Pause Young (Allocation Failure) 287M->14M(989M) 45.045ms
[329.242s][info][gc,cpu         ] GC(1104) User=0.05s Sys=0.00s Real=0.05s
[329.522s][info][gc,start       ] GC(1105) Pause Young (Allocation Failure)
[329.566s][info][gc,heap        ] GC(1105) DefNew: 280276K(314560K)->666K(314560K) Eden: 279616K(279616K)->0K(279616K) From: 660K(34944K)->666K(34944K)
[329.566s][info][gc,heap        ] GC(1105) Tenured: 14075K(699072K)->14117K(699072K)
[329.566s][info][gc,metaspace   ] GC(1105) Metaspace: 14258K(15104K)->14258K(15104K) NonClass: 12315K(12864K)->12315K(12864K) Class: 1943K(2240K)->1943K(2240K)
[329.566s][info][gc             ] GC(1105) Pause Young (Allocation Failure) 287M->14M(989M) 44.477ms
[329.566s][info][gc,cpu         ] GC(1105) User=0.03s Sys=0.00s Real=0.03s
[329.936s][info][gc,start       ] GC(1106) Pause Young (Allocation Failure)
[329.985s][info][gc,heap        ] GC(1106) DefNew: 280282K(314560K)->667K(314560K) Eden: 279616K(279616K)->0K(279616K) From: 666K(34944K)->667K(34944K)
[329.985s][info][gc,heap        ] GC(1106) Tenured: 14117K(699072K)->14162K(699072K)
[329.985s][info][gc,metaspace   ] GC(1106) Metaspace: 14258K(15104K)->14258K(15104K) NonClass: 12315K(12864K)->12315K(12864K) Class: 1943K(2240K)->1943K(2240K)
[329.985s][info][gc             ] GC(1106) Pause Young (Allocation Failure) 287M->14M(989M) 48.956ms
[329.985s][info][gc,cpu         ] GC(1106) User=0.05s Sys=0.00s Real=0.05s
[330.269s][info][gc,start       ] GC(1107) Pause Young (Allocation Failure)
[330.311s][info][gc,heap        ] GC(1107) DefNew: 280283K(314560K)->667K(314560K) Eden: 279616K(279616K)->0K(279616K) From: 667K(34944K)->667K(34944K)
[330.311s][info][gc,heap        ] GC(1107) Tenured: 14162K(699072K)->14206K(699072K)
[330.311s][info][gc,metaspace   ] GC(1107) Metaspace: 14258K(15104K)->14258K(15104K) NonClass: 12315K(12864K)->12315K(12864K) Class: 1943K(2240K)->1943K(2240K)
[330.311s][info][gc             ] GC(1107) Pause Young (Allocation Failure) 287M->14M(989M) 41.412ms
[330.311s][info][gc,cpu         ] GC(1107) User=0.03s Sys=0.00s Real=0.04s
[330.590s][info][gc,start       ] GC(1108) Pause Young (Allocation Failure)
[330.629s][info][gc,heap        ] GC(1108) DefNew: 280283K(314560K)->667K(314560K) Eden: 279616K(279616K)->0K(279616K) From: 667K(34944K)->667K(34944K)
[330.630s][info][gc,heap        ] GC(1108) Tenured: 14206K(699072K)->14250K(699072K)
[330.630s][info][gc,metaspace   ] GC(1108) Metaspace: 14258K(15104K)->14258K(15104K) NonClass: 12315K(12864K)->12315K(12864K) Class: 1943K(2240K)->1943K(2240K)
[330.630s][info][gc             ] GC(1108) Pause Young (Allocation Failure) 287M->14M(989M) 39.466ms
[330.630s][info][gc,cpu         ] GC(1108) User=0.03s Sys=0.00s Real=0.03s
[330.917s][info][gc,start       ] GC(1109) Pause Young (Allocation Failure)
[330.968s][info][gc,heap        ] GC(1109) DefNew: 280283K(314560K)->673K(314560K) Eden: 279616K(279616K)->0K(279616K) From: 667K(34944K)->673K(34944K)
[330.968s][info][gc,heap        ] GC(1109) Tenured: 14250K(699072K)->14295K(699072K)
[330.968s][info][gc,metaspace   ] GC(1109) Metaspace: 14258K(15104K)->14258K(15104K) NonClass: 12315K(12864K)->12315K(12864K) Class: 1943K(2240K)->1943K(2240K)
[330.968s][info][gc             ] GC(1109) Pause Young (Allocation Failure) 287M->14M(989M) 50.670ms
[330.968s][info][gc,cpu         ] GC(1109) User=0.03s Sys=0.00s Real=0.05s
[331.243s][info][gc,start       ] GC(1110) Pause Young (Allocation Failure)
[331.274s][info][gc,heap        ] GC(1110) DefNew: 280289K(314560K)->667K(314560K) Eden: 279616K(279616K)->0K(279616K) From: 673K(34944K)->667K(34944K)
[331.274s][info][gc,heap        ] GC(1110) Tenured: 14295K(699072K)->14339K(699072K)
[331.274s][info][gc,metaspace   ] GC(1110) Metaspace: 14258K(15104K)->14258K(15104K) NonClass: 12315K(12864K)->12315K(12864K) Class: 1943K(2240K)->1943K(2240K)
[331.274s][info][gc             ] GC(1110) Pause Young (Allocation Failure) 287M->14M(989M) 31.431ms
[331.274s][info][gc,cpu         ] GC(1110) User=0.02s Sys=0.00s Real=0.02s
[331.552s][info][gc,start       ] GC(1111) Pause Young (Allocation Failure)
[331.585s][info][gc,heap        ] GC(1111) DefNew: 280283K(314560K)->670K(314560K) Eden: 279616K(279616K)->0K(279616K) From: 667K(34944K)->670K(34944K)
[331.585s][info][gc,heap        ] GC(1111) Tenured: 14339K(699072K)->14381K(699072K)
[331.585s][info][gc,metaspace   ] GC(1111) Metaspace: 14258K(15104K)->14258K(15104K) NonClass: 12315K(12864K)->12315K(12864K) Class: 1943K(2240K)->1943K(2240K)
[331.585s][info][gc             ] GC(1111) Pause Young (Allocation Failure) 287M->14M(989M) 32.715ms
[331.585s][info][gc,cpu         ] GC(1111) User=0.03s Sys=0.00s Real=0.03s
[331.858s][info][gc,start       ] GC(1112) Pause Young (Allocation Failure)
[331.891s][info][gc,heap        ] GC(1112) DefNew: 280286K(314560K)->665K(314560K) Eden: 279616K(279616K)->0K(279616K) From: 670K(34944K)->665K(34944K)
[331.891s][info][gc,heap        ] GC(1112) Tenured: 14381K(699072K)->14428K(699072K)
[331.891s][info][gc,metaspace   ] GC(1112) Metaspace: 14258K(15104K)->14258K(15104K) NonClass: 12315K(12864K)->12315K(12864K) Class: 1943K(2240K)->1943K(2240K)
[331.891s][info][gc             ] GC(1112) Pause Young (Allocation Failure) 287M->14M(989M) 32.792ms
[331.891s][info][gc,cpu         ] GC(1112) User=0.03s Sys=0.00s Real=0.03s
[332.165s][info][gc,start       ] GC(1113) Pause Young (Allocation Failure)
[332.199s][info][gc,heap        ] GC(1113) DefNew: 280281K(314560K)->663K(314560K) Eden: 279616K(279616K)->0K(279616K) From: 665K(34944K)->663K(34944K)
[332.199s][info][gc,heap        ] GC(1113) Tenured: 14428K(699072K)->14470K(699072K)
[332.199s][info][gc,metaspace   ] GC(1113) Metaspace: 14258K(15104K)->14258K(15104K) NonClass: 12315K(12864K)->12315K(12864K) Class: 1943K(2240K)->1943K(2240K)
[332.199s][info][gc             ] GC(1113) Pause Young (Allocation Failure) 287M->14M(989M) 33.700ms
[332.199s][info][gc,cpu         ] GC(1113) User=0.03s Sys=0.00s Real=0.03s
[332.473s][info][gc,start       ] GC(1114) Pause Young (Allocation Failure)
[332.516s][info][gc,heap        ] GC(1114) DefNew: 280279K(314560K)->666K(314560K) Eden: 279616K(279616K)->0K(279616K) From: 663K(34944K)->666K(34944K)
[332.516s][info][gc,heap        ] GC(1114) Tenured: 14470K(699072K)->14512K(699072K)
[332.516s][info][gc,metaspace   ] GC(1114) Metaspace: 14258K(15104K)->14258K(15104K) NonClass: 12315K(12864K)->12315K(12864K) Class: 1943K(2240K)->1943K(2240K)
[332.516s][info][gc             ] GC(1114) Pause Young (Allocation Failure) 287M->14M(989M) 42.855ms
[332.516s][info][gc,cpu         ] GC(1114) User=0.05s Sys=0.00s Real=0.04s
[332.791s][info][gc,start       ] GC(1115) Pause Young (Allocation Failure)
[332.835s][info][gc,heap        ] GC(1115) DefNew: 280282K(314560K)->666K(314560K) Eden: 279616K(279616K)->0K(279616K) From: 666K(34944K)->666K(34944K)
[332.835s][info][gc,heap        ] GC(1115) Tenured: 14512K(699072K)->14553K(699072K)
[332.835s][info][gc,metaspace   ] GC(1115) Metaspace: 14258K(15104K)->14258K(15104K) NonClass: 12315K(12864K)->12315K(12864K) Class: 1943K(2240K)->1943K(2240K)
[332.835s][info][gc             ] GC(1115) Pause Young (Allocation Failure) 287M->14M(989M) 43.542ms
[332.835s][info][gc,cpu         ] GC(1115) User=0.05s Sys=0.00s Real=0.04s
[333.112s][info][gc,start       ] GC(1116) Pause Young (Allocation Failure)
[333.156s][info][gc,heap        ] GC(1116) DefNew: 280282K(314560K)->663K(314560K) Eden: 279616K(279616K)->0K(279616K) From: 666K(34944K)->663K(34944K)
[333.156s][info][gc,heap        ] GC(1116) Tenured: 14553K(699072K)->14598K(699072K)
[333.156s][info][gc,metaspace   ] GC(1116) Metaspace: 14258K(15104K)->14258K(15104K) NonClass: 12315K(12864K)->12315K(12864K) Class: 1943K(2240K)->1943K(2240K)
[333.156s][info][gc             ] GC(1116) Pause Young (Allocation Failure) 287M->14M(989M) 44.253ms
[333.156s][info][gc,cpu         ] GC(1116) User=0.03s Sys=0.00s Real=0.03s
[333.433s][info][gc,start       ] GC(1117) Pause Young (Allocation Failure)
[333.479s][info][gc,heap        ] GC(1117) DefNew: 280279K(314560K)->667K(314560K) Eden: 279616K(279616K)->0K(279616K) From: 663K(34944K)->667K(34944K)
[333.479s][info][gc,heap        ] GC(1117) Tenured: 14598K(699072K)->14640K(699072K)
[333.479s][info][gc,metaspace   ] GC(1117) Metaspace: 14258K(15104K)->14258K(15104K) NonClass: 12315K(12864K)->12315K(12864K) Class: 1943K(2240K)->1943K(2240K)
[333.479s][info][gc             ] GC(1117) Pause Young (Allocation Failure) 287M->14M(989M) 45.667ms
[333.479s][info][gc,cpu         ] GC(1117) User=0.05s Sys=0.00s Real=0.04s
[333.877s][info][gc,start       ] GC(1118) Pause Young (Allocation Failure)
[333.920s][info][gc,heap        ] GC(1118) DefNew: 280283K(314560K)->664K(314560K) Eden: 279616K(279616K)->0K(279616K) From: 667K(34944K)->664K(34944K)
[333.920s][info][gc,heap        ] GC(1118) Tenured: 14640K(699072K)->14684K(699072K)
[333.920s][info][gc,metaspace   ] GC(1118) Metaspace: 14258K(15104K)->14258K(15104K) NonClass: 12315K(12864K)->12315K(12864K) Class: 1943K(2240K)->1943K(2240K)
[333.920s][info][gc             ] GC(1118) Pause Young (Allocation Failure) 288M->14M(989M) 42.489ms
[333.920s][info][gc,cpu         ] GC(1118) User=0.03s Sys=0.00s Real=0.03s
[334.205s][info][gc,start       ] GC(1119) Pause Young (Allocation Failure)
[334.245s][info][gc,heap        ] GC(1119) DefNew: 280280K(314560K)->664K(314560K) Eden: 279616K(279616K)->0K(279616K) From: 664K(34944K)->664K(34944K)
[334.245s][info][gc,heap        ] GC(1119) Tenured: 14684K(699072K)->14728K(699072K)
[334.245s][info][gc,metaspace   ] GC(1119) Metaspace: 14258K(15104K)->14258K(15104K) NonClass: 12315K(12864K)->12315K(12864K) Class: 1943K(2240K)->1943K(2240K)
[334.245s][info][gc             ] GC(1119) Pause Young (Allocation Failure) 288M->15M(989M) 40.438ms
[334.246s][info][gc,cpu         ] GC(1119) User=0.03s Sys=0.00s Real=0.04s
[334.524s][info][gc,start       ] GC(1120) Pause Young (Allocation Failure)
[334.562s][info][gc,heap        ] GC(1120) DefNew: 280280K(314560K)->658K(314560K) Eden: 279616K(279616K)->0K(279616K) From: 664K(34944K)->658K(34944K)
[334.562s][info][gc,heap        ] GC(1120) Tenured: 14728K(699072K)->14775K(699072K)
[334.563s][info][gc,metaspace   ] GC(1120) Metaspace: 14258K(15104K)->14258K(15104K) NonClass: 12315K(12864K)->12315K(12864K) Class: 1943K(2240K)->1943K(2240K)
[334.563s][info][gc             ] GC(1120) Pause Young (Allocation Failure) 288M->15M(989M) 38.086ms
[334.563s][info][gc,cpu         ] GC(1120) User=0.03s Sys=0.00s Real=0.04s
[334.850s][info][gc,start       ] GC(1121) Pause Young (Allocation Failure)
[334.880s][info][gc,heap        ] GC(1121) DefNew: 280274K(314560K)->659K(314560K) Eden: 279616K(279616K)->0K(279616K) From: 658K(34944K)->659K(34944K)
[334.880s][info][gc,heap        ] GC(1121) Tenured: 14775K(699072K)->14820K(699072K)
[334.880s][info][gc,metaspace   ] GC(1121) Metaspace: 14258K(15104K)->14258K(15104K) NonClass: 12315K(12864K)->12315K(12864K) Class: 1943K(2240K)->1943K(2240K)
[334.880s][info][gc             ] GC(1121) Pause Young (Allocation Failure) 288M->15M(989M) 29.853ms
[334.880s][info][gc,cpu         ] GC(1121) User=0.02s Sys=0.00s Real=0.02s
[335.156s][info][gc,start       ] GC(1122) Pause Young (Allocation Failure)
[335.195s][info][gc,heap        ] GC(1122) DefNew: 280275K(314560K)->658K(314560K) Eden: 279616K(279616K)->0K(279616K) From: 659K(34944K)->658K(34944K)
[335.195s][info][gc,heap        ] GC(1122) Tenured: 14820K(699072K)->14864K(699072K)
[335.195s][info][gc,metaspace   ] GC(1122) Metaspace: 14258K(15104K)->14258K(15104K) NonClass: 12315K(12864K)->12315K(12864K) Class: 1943K(2240K)->1943K(2240K)
[335.195s][info][gc             ] GC(1122) Pause Young (Allocation Failure) 288M->15M(989M) 39.790ms
[335.196s][info][gc,cpu         ] GC(1122) User=0.05s Sys=0.00s Real=0.04s
[335.474s][info][gc,start       ] GC(1123) Pause Young (Allocation Failure)
[335.514s][info][gc,heap        ] GC(1123) DefNew: 280274K(314560K)->659K(314560K) Eden: 279616K(279616K)->0K(279616K) From: 658K(34944K)->659K(34944K)
[335.514s][info][gc,heap        ] GC(1123) Tenured: 14864K(699072K)->14909K(699072K)
[335.514s][info][gc,metaspace   ] GC(1123) Metaspace: 14258K(15104K)->14258K(15104K) NonClass: 12315K(12864K)->12315K(12864K) Class: 1943K(2240K)->1943K(2240K)
[335.514s][info][gc             ] GC(1123) Pause Young (Allocation Failure) 288M->15M(989M) 40.802ms
[335.514s][info][gc,cpu         ] GC(1123) User=0.03s Sys=0.00s Real=0.04s
[335.791s][info][gc,start       ] GC(1124) Pause Young (Allocation Failure)
[335.832s][info][gc,heap        ] GC(1124) DefNew: 280275K(314560K)->651K(314560K) Eden: 279616K(279616K)->0K(279616K) From: 659K(34944K)->651K(34944K)
[335.832s][info][gc,heap        ] GC(1124) Tenured: 14909K(699072K)->14957K(699072K)
[335.832s][info][gc,metaspace   ] GC(1124) Metaspace: 14258K(15104K)->14258K(15104K) NonClass: 12315K(12864K)->12315K(12864K) Class: 1943K(2240K)->1943K(2240K)
[335.832s][info][gc             ] GC(1124) Pause Young (Allocation Failure) 288M->15M(989M) 41.012ms
[335.832s][info][gc,cpu         ] GC(1124) User=0.05s Sys=0.00s Real=0.04s
[336.109s][info][gc,start       ] GC(1125) Pause Young (Allocation Failure)
[336.151s][info][gc,heap        ] GC(1125) DefNew: 280267K(314560K)->651K(314560K) Eden: 279616K(279616K)->0K(279616K) From: 651K(34944K)->651K(34944K)
[336.152s][info][gc,heap        ] GC(1125) Tenured: 14957K(699072K)->14999K(699072K)
[336.152s][info][gc,metaspace   ] GC(1125) Metaspace: 14258K(15104K)->14258K(15104K) NonClass: 12315K(12864K)->12315K(12864K) Class: 1943K(2240K)->1943K(2240K)
[336.152s][info][gc             ] GC(1125) Pause Young (Allocation Failure) 288M->15M(989M) 42.320ms
[336.152s][info][gc,cpu         ] GC(1125) User=0.05s Sys=0.00s Real=0.03s
[336.429s][info][gc,start       ] GC(1126) Pause Young (Allocation Failure)
[336.473s][info][gc,heap        ] GC(1126) DefNew: 280267K(314560K)->651K(314560K) Eden: 279616K(279616K)->0K(279616K) From: 651K(34944K)->651K(34944K)
[336.473s][info][gc,heap        ] GC(1126) Tenured: 14999K(699072K)->15043K(699072K)
[336.473s][info][gc,metaspace   ] GC(1126) Metaspace: 14258K(15104K)->14258K(15104K) NonClass: 12315K(12864K)->12315K(12864K) Class: 1943K(2240K)->1943K(2240K)
[336.473s][info][gc             ] GC(1126) Pause Young (Allocation Failure) 288M->15M(989M) 44.081ms
[336.473s][info][gc,cpu         ] GC(1126) User=0.05s Sys=0.00s Real=0.04s
[336.753s][info][gc,start       ] GC(1127) Pause Young (Allocation Failure)
[336.797s][info][gc,heap        ] GC(1127) DefNew: 280267K(314560K)->653K(314560K) Eden: 279616K(279616K)->0K(279616K) From: 651K(34944K)->653K(34944K)
[336.798s][info][gc,heap        ] GC(1127) Tenured: 15043K(699072K)->15085K(699072K)
[336.798s][info][gc,metaspace   ] GC(1127) Metaspace: 14258K(15104K)->14258K(15104K) NonClass: 12315K(12864K)->12315K(12864K) Class: 1943K(2240K)->1943K(2240K)
[336.798s][info][gc             ] GC(1127) Pause Young (Allocation Failure) 288M->15M(989M) 44.795ms
[336.798s][info][gc,cpu         ] GC(1127) User=0.03s Sys=0.00s Real=0.04s
[337.076s][info][gc,start       ] GC(1128) Pause Young (Allocation Failure)
[337.122s][info][gc,heap        ] GC(1128) DefNew: 280269K(314560K)->656K(314560K) Eden: 279616K(279616K)->0K(279616K) From: 653K(34944K)->656K(34944K)
[337.122s][info][gc,heap        ] GC(1128) Tenured: 15085K(699072K)->15126K(699072K)
[337.122s][info][gc,metaspace   ] GC(1128) Metaspace: 14258K(15104K)->14258K(15104K) NonClass: 12315K(12864K)->12315K(12864K) Class: 1943K(2240K)->1943K(2240K)
[337.122s][info][gc             ] GC(1128) Pause Young (Allocation Failure) 288M->15M(989M) 46.227ms
[337.122s][info][gc,cpu         ] GC(1128) User=0.05s Sys=0.00s Real=0.04s
[337.382s][info][gc,start       ] GC(1129) Pause Young (Allocation Failure)
[337.418s][info][gc,heap        ] GC(1129) DefNew: 280272K(314560K)->651K(314560K) Eden: 279616K(279616K)->0K(279616K) From: 656K(34944K)->651K(34944K)
[337.418s][info][gc,heap        ] GC(1129) Tenured: 15126K(699072K)->15170K(699072K)
[337.418s][info][gc,metaspace   ] GC(1129) Metaspace: 14258K(15104K)->14258K(15104K) NonClass: 12315K(12864K)->12315K(12864K) Class: 1943K(2240K)->1943K(2240K)
[337.418s][info][gc             ] GC(1129) Pause Young (Allocation Failure) 288M->15M(989M) 36.421ms
[337.418s][info][gc,cpu         ] GC(1129) User=0.03s Sys=0.00s Real=0.03s
[337.621s][info][gc,start       ] GC(1130) Pause Young (Allocation Failure)
[337.658s][info][gc,heap        ] GC(1130) DefNew: 280267K(314560K)->641K(314560K) Eden: 279616K(279616K)->0K(279616K) From: 651K(34944K)->641K(34944K)
[337.658s][info][gc,heap        ] GC(1130) Tenured: 15170K(699072K)->15212K(699072K)
[337.658s][info][gc,metaspace   ] GC(1130) Metaspace: 14258K(15104K)->14258K(15104K) NonClass: 12315K(12864K)->12315K(12864K) Class: 1943K(2240K)->1943K(2240K)
[337.659s][info][gc             ] GC(1130) Pause Young (Allocation Failure) 288M->15M(989M) 37.545ms
[337.659s][info][gc,cpu         ] GC(1130) User=0.03s Sys=0.00s Real=0.03s
[337.851s][info][gc,start       ] GC(1131) Pause Young (Allocation Failure)
[337.885s][info][gc,heap        ] GC(1131) DefNew: 280257K(314560K)->628K(314560K) Eden: 279616K(279616K)->0K(279616K) From: 641K(34944K)->628K(34944K)
[337.885s][info][gc,heap        ] GC(1131) Tenured: 15212K(699072K)->15254K(699072K)
[337.885s][info][gc,metaspace   ] GC(1131) Metaspace: 14258K(15104K)->14258K(15104K) NonClass: 12315K(12864K)->12315K(12864K) Class: 1943K(2240K)->1943K(2240K)
[337.885s][info][gc             ] GC(1131) Pause Young (Allocation Failure) 288M->15M(989M) 34.503ms
[337.885s][info][gc,cpu         ] GC(1131) User=0.03s Sys=0.00s Real=0.03s
[338.162s][info][gc,start       ] GC(1132) Pause Young (Allocation Failure)
[338.198s][info][gc,heap        ] GC(1132) DefNew: 280244K(314560K)->627K(314560K) Eden: 279616K(279616K)->0K(279616K) From: 628K(34944K)->627K(34944K)
[338.198s][info][gc,heap        ] GC(1132) Tenured: 15254K(699072K)->15298K(699072K)
[338.198s][info][gc,metaspace   ] GC(1132) Metaspace: 14258K(15104K)->14258K(15104K) NonClass: 12315K(12864K)->12315K(12864K) Class: 1943K(2240K)->1943K(2240K)
[338.198s][info][gc             ] GC(1132) Pause Young (Allocation Failure) 288M->15M(989M) 35.954ms
[338.198s][info][gc,cpu         ] GC(1132) User=0.03s Sys=0.00s Real=0.04s
[338.427s][info][gc,start       ] GC(1133) Pause Full (System.gc())
[338.427s][info][gc,phases,start] GC(1133) Phase 1: Mark live objects
[338.463s][info][gc,phases      ] GC(1133) Phase 1: Mark live objects 36.246ms
[338.463s][info][gc,phases,start] GC(1133) Phase 2: Compute new object addresses
[338.495s][info][gc,phases      ] GC(1133) Phase 2: Compute new object addresses 31.679ms
[338.495s][info][gc,phases,start] GC(1133) Phase 3: Adjust pointers
[338.516s][info][gc,phases      ] GC(1133) Phase 3: Adjust pointers 21.280ms
[338.517s][info][gc,phases,start] GC(1133) Phase 4: Move objects
[338.517s][info][gc,phases      ] GC(1133) Phase 4: Move objects 0.012ms
[338.517s][info][gc,heap        ] GC(1133) DefNew: 131842K(314560K)->0K(314560K) Eden: 131214K(279616K)->0K(279616K) From: 627K(34944K)->0K(34944K)
[338.517s][info][gc,heap        ] GC(1133) Tenured: 15298K(699072K)->15298K(699072K)
[338.517s][info][gc,metaspace   ] GC(1133) Metaspace: 14258K(15104K)->14258K(15104K) NonClass: 12315K(12864K)->12315K(12864K) Class: 1943K(2240K)->1943K(2240K)
[338.517s][info][gc             ] GC(1133) Pause Full (System.gc()) 143M->14M(989M) 89.624ms
[338.517s][info][gc,cpu         ] GC(1133) User=0.08s Sys=0.00s Real=0.08s
[338.750s][info][gc,start       ] GC(1134) Pause Young (Allocation Failure)
[338.789s][info][gc,heap        ] GC(1134) DefNew: 279616K(314560K)->1498K(314560K) Eden: 279616K(279616K)->0K(279616K) From: 0K(34944K)->1498K(34944K)
[338.789s][info][gc,heap        ] GC(1134) Tenured: 15298K(699072K)->15298K(699072K)
[338.789s][info][gc,metaspace   ] GC(1134) Metaspace: 14258K(15104K)->14258K(15104K) NonClass: 12315K(12864K)->12315K(12864K) Class: 1943K(2240K)->1943K(2240K)
[338.789s][info][gc             ] GC(1134) Pause Young (Allocation Failure) 288M->16M(989M) 38.795ms
[338.789s][info][gc,cpu         ] GC(1134) User=0.05s Sys=0.00s Real=0.04s
[339.045s][info][gc,start       ] GC(1135) Pause Young (Allocation Failure)
[339.086s][info][gc,heap        ] GC(1135) DefNew: 281114K(314560K)->1536K(314560K) Eden: 279616K(279616K)->0K(279616K) From: 1498K(34944K)->1536K(34944K)
[339.086s][info][gc,heap        ] GC(1135) Tenured: 15298K(699072K)->15298K(699072K)
[339.086s][info][gc,metaspace   ] GC(1135) Metaspace: 14258K(15104K)->14258K(15104K) NonClass: 12315K(12864K)->12315K(12864K) Class: 1943K(2240K)->1943K(2240K)
[339.086s][info][gc             ] GC(1135) Pause Young (Allocation Failure) 289M->16M(989M) 40.840ms
[339.086s][info][gc,cpu         ] GC(1135) User=0.05s Sys=0.00s Real=0.03s
[339.363s][info][gc,start       ] GC(1136) Pause Young (Allocation Failure)
[339.396s][info][gc,heap        ] GC(1136) DefNew: 281152K(314560K)->1576K(314560K) Eden: 279616K(279616K)->0K(279616K) From: 1536K(34944K)->1576K(34944K)
[339.396s][info][gc,heap        ] GC(1136) Tenured: 15298K(699072K)->15298K(699072K)
[339.396s][info][gc,metaspace   ] GC(1136) Metaspace: 14258K(15104K)->14258K(15104K) NonClass: 12315K(12864K)->12315K(12864K) Class: 1943K(2240K)->1943K(2240K)
[339.396s][info][gc             ] GC(1136) Pause Young (Allocation Failure) 289M->16M(989M) 32.941ms
[339.396s][info][gc,cpu         ] GC(1136) User=0.03s Sys=0.00s Real=0.03s
[339.667s][info][gc,start       ] GC(1137) Pause Young (Allocation Failure)
[339.700s][info][gc,heap        ] GC(1137) DefNew: 281192K(314560K)->1619K(314560K) Eden: 279616K(279616K)->0K(279616K) From: 1576K(34944K)->1619K(34944K)
[339.700s][info][gc,heap        ] GC(1137) Tenured: 15298K(699072K)->15298K(699072K)
[339.700s][info][gc,metaspace   ] GC(1137) Metaspace: 14258K(15104K)->14258K(15104K) NonClass: 12315K(12864K)->12315K(12864K) Class: 1943K(2240K)->1943K(2240K)
[339.700s][info][gc             ] GC(1137) Pause Young (Allocation Failure) 289M->16M(989M) 33.140ms
[339.700s][info][gc,cpu         ] GC(1137) User=0.03s Sys=0.00s Real=0.03s
[339.964s][info][gc,start       ] GC(1138) Pause Young (Allocation Failure)
[339.996s][info][gc,heap        ] GC(1138) DefNew: 281235K(314560K)->1662K(314560K) Eden: 279616K(279616K)->0K(279616K) From: 1619K(34944K)->1662K(34944K)
[339.997s][info][gc,heap        ] GC(1138) Tenured: 15298K(699072K)->15298K(699072K)
[339.997s][info][gc,metaspace   ] GC(1138) Metaspace: 14258K(15104K)->14258K(15104K) NonClass: 12315K(12864K)->12315K(12864K) Class: 1943K(2240K)->1943K(2240K)
[339.997s][info][gc             ] GC(1138) Pause Young (Allocation Failure) 289M->16M(989M) 32.504ms
[339.997s][info][gc,cpu         ] GC(1138) User=0.03s Sys=0.00s Real=0.02s
[340.256s][info][gc,start       ] GC(1139) Pause Young (Allocation Failure)
[340.300s][info][gc,heap        ] GC(1139) DefNew: 281278K(314560K)->1704K(314560K) Eden: 279616K(279616K)->0K(279616K) From: 1662K(34944K)->1704K(34944K)
[340.300s][info][gc,heap        ] GC(1139) Tenured: 15298K(699072K)->15298K(699072K)
[340.300s][info][gc,metaspace   ] GC(1139) Metaspace: 14258K(15104K)->14258K(15104K) NonClass: 12315K(12864K)->12315K(12864K) Class: 1943K(2240K)->1943K(2240K)
[340.301s][info][gc             ] GC(1139) Pause Young (Allocation Failure) 289M->16M(989M) 44.615ms
[340.301s][info][gc,cpu         ] GC(1139) User=0.03s Sys=0.00s Real=0.03s
[340.567s][info][gc,start       ] GC(1140) Pause Young (Allocation Failure)
[340.612s][info][gc,heap        ] GC(1140) DefNew: 281320K(314560K)->1742K(314560K) Eden: 279616K(279616K)->0K(279616K) From: 1704K(34944K)->1742K(34944K)
[340.612s][info][gc,heap        ] GC(1140) Tenured: 15298K(699072K)->15298K(699072K)
[340.612s][info][gc,metaspace   ] GC(1140) Metaspace: 14258K(15104K)->14258K(15104K) NonClass: 12315K(12864K)->12315K(12864K) Class: 1943K(2240K)->1943K(2240K)
[340.612s][info][gc             ] GC(1140) Pause Young (Allocation Failure) 289M->16M(989M) 45.366ms
[340.612s][info][gc,cpu         ] GC(1140) User=0.03s Sys=0.00s Real=0.04s
[340.880s][info][gc,start       ] GC(1141) Pause Young (Allocation Failure)
[340.925s][info][gc,heap        ] GC(1141) DefNew: 281358K(314560K)->1783K(314560K) Eden: 279616K(279616K)->0K(279616K) From: 1742K(34944K)->1783K(34944K)
[340.925s][info][gc,heap        ] GC(1141) Tenured: 15298K(699072K)->15298K(699072K)
[340.925s][info][gc,metaspace   ] GC(1141) Metaspace: 14258K(15104K)->14258K(15104K) NonClass: 12315K(12864K)->12315K(12864K) Class: 1943K(2240K)->1943K(2240K)
[340.925s][info][gc             ] GC(1141) Pause Young (Allocation Failure) 289M->16M(989M) 45.294ms
[340.925s][info][gc,cpu         ] GC(1141) User=0.03s Sys=0.00s Real=0.04s
[341.185s][info][gc,start       ] GC(1142) Pause Young (Allocation Failure)
[341.231s][info][gc,heap        ] GC(1142) DefNew: 281399K(314560K)->1822K(314560K) Eden: 279616K(279616K)->0K(279616K) From: 1783K(34944K)->1822K(34944K)
[341.231s][info][gc,heap        ] GC(1142) Tenured: 15298K(699072K)->15298K(699072K)
[341.231s][info][gc,metaspace   ] GC(1142) Metaspace: 14258K(15104K)->14258K(15104K) NonClass: 12315K(12864K)->12315K(12864K) Class: 1943K(2240K)->1943K(2240K)
[341.231s][info][gc             ] GC(1142) Pause Young (Allocation Failure) 289M->16M(989M) 45.895ms
[341.231s][info][gc,cpu         ] GC(1142) User=0.05s Sys=0.00s Real=0.04s
[341.543s][info][gc,start       ] GC(1143) Pause Young (Allocation Failure)
[341.593s][info][gc,heap        ] GC(1143) DefNew: 281438K(314560K)->1868K(314560K) Eden: 279616K(279616K)->0K(279616K) From: 1822K(34944K)->1868K(34944K)
[341.593s][info][gc,heap        ] GC(1143) Tenured: 15298K(699072K)->15298K(699072K)
[341.593s][info][gc,metaspace   ] GC(1143) Metaspace: 14258K(15104K)->14258K(15104K) NonClass: 12315K(12864K)->12315K(12864K) Class: 1943K(2240K)->1943K(2240K)
[341.593s][info][gc             ] GC(1143) Pause Young (Allocation Failure) 289M->16M(989M) 49.462ms
[341.593s][info][gc,cpu         ] GC(1143) User=0.05s Sys=0.00s Real=0.05s
[341.866s][info][gc,start       ] GC(1144) Pause Young (Allocation Failure)
[341.897s][info][gc,heap        ] GC(1144) DefNew: 281484K(314560K)->1909K(314560K) Eden: 279616K(279616K)->0K(279616K) From: 1868K(34944K)->1909K(34944K)
[341.897s][info][gc,heap        ] GC(1144) Tenured: 15298K(699072K)->15298K(699072K)
[341.897s][info][gc,metaspace   ] GC(1144) Metaspace: 14258K(15104K)->14258K(15104K) NonClass: 12315K(12864K)->12315K(12864K) Class: 1943K(2240K)->1943K(2240K)
[341.897s][info][gc             ] GC(1144) Pause Young (Allocation Failure) 289M->16M(989M) 31.369ms
[341.897s][info][gc,cpu         ] GC(1144) User=0.03s Sys=0.00s Real=0.03s
[342.170s][info][gc,start       ] GC(1145) Pause Young (Allocation Failure)
[342.201s][info][gc,heap        ] GC(1145) DefNew: 281525K(314560K)->1950K(314560K) Eden: 279615K(279616K)->0K(279616K) From: 1909K(34944K)->1950K(34944K)
[342.201s][info][gc,heap        ] GC(1145) Tenured: 15298K(699072K)->15298K(699072K)
[342.201s][info][gc,metaspace   ] GC(1145) Metaspace: 14258K(15104K)->14258K(15104K) NonClass: 12315K(12864K)->12315K(12864K) Class: 1943K(2240K)->1943K(2240K)
[342.201s][info][gc             ] GC(1145) Pause Young (Allocation Failure) 289M->16M(989M) 30.992ms
[342.201s][info][gc,cpu         ] GC(1145) User=0.03s Sys=0.00s Real=0.03s
[342.473s][info][gc,start       ] GC(1146) Pause Young (Allocation Failure)
[342.512s][info][gc,heap        ] GC(1146) DefNew: 281566K(314560K)->1995K(314560K) Eden: 279616K(279616K)->0K(279616K) From: 1950K(34944K)->1995K(34944K)
[342.512s][info][gc,heap        ] GC(1146) Tenured: 15298K(699072K)->15298K(699072K)
[342.512s][info][gc,metaspace   ] GC(1146) Metaspace: 14258K(15104K)->14258K(15104K) NonClass: 12315K(12864K)->12315K(12864K) Class: 1943K(2240K)->1943K(2240K)
[342.512s][info][gc             ] GC(1146) Pause Young (Allocation Failure) 289M->16M(989M) 39.045ms
[342.512s][info][gc,cpu         ] GC(1146) User=0.03s Sys=0.00s Real=0.04s
[342.771s][info][gc,start       ] GC(1147) Pause Young (Allocation Failure)
[342.812s][info][gc,heap        ] GC(1147) DefNew: 281611K(314560K)->2037K(314560K) Eden: 279616K(279616K)->0K(279616K) From: 1995K(34944K)->2037K(34944K)
[342.812s][info][gc,heap        ] GC(1147) Tenured: 15298K(699072K)->15298K(699072K)
[342.812s][info][gc,metaspace   ] GC(1147) Metaspace: 14258K(15104K)->14258K(15104K) NonClass: 12315K(12864K)->12315K(12864K) Class: 1943K(2240K)->1943K(2240K)
[342.812s][info][gc             ] GC(1147) Pause Young (Allocation Failure) 289M->16M(989M) 40.390ms
[342.812s][info][gc,cpu         ] GC(1147) User=0.03s Sys=0.00s Real=0.04s
[343.081s][info][gc,start       ] GC(1148) Pause Young (Allocation Failure)
[343.122s][info][gc,heap        ] GC(1148) DefNew: 281653K(314560K)->2080K(314560K) Eden: 279616K(279616K)->0K(279616K) From: 2037K(34944K)->2080K(34944K)
[343.122s][info][gc,heap        ] GC(1148) Tenured: 15298K(699072K)->15298K(699072K)
[343.122s][info][gc,metaspace   ] GC(1148) Metaspace: 14258K(15104K)->14258K(15104K) NonClass: 12315K(12864K)->12315K(12864K) Class: 1943K(2240K)->1943K(2240K)
[343.122s][info][gc             ] GC(1148) Pause Young (Allocation Failure) 289M->16M(989M) 41.137ms
[343.122s][info][gc,cpu         ] GC(1148) User=0.03s Sys=0.00s Real=0.03s
[343.400s][info][gc,start       ] GC(1149) Pause Young (Allocation Failure)
[343.442s][info][gc,heap        ] GC(1149) DefNew: 281696K(314560K)->639K(314560K) Eden: 279616K(279616K)->0K(279616K) From: 2080K(34944K)->639K(34944K)
[343.442s][info][gc,heap        ] GC(1149) Tenured: 15298K(699072K)->16785K(699072K)
[343.442s][info][gc,metaspace   ] GC(1149) Metaspace: 14258K(15104K)->14258K(15104K) NonClass: 12315K(12864K)->12315K(12864K) Class: 1943K(2240K)->1943K(2240K)
[343.442s][info][gc             ] GC(1149) Pause Young (Allocation Failure) 290M->17M(989M) 42.296ms
[343.442s][info][gc,cpu         ] GC(1149) User=0.05s Sys=0.00s Real=0.04s
[343.726s][info][gc,start       ] GC(1150) Pause Young (Allocation Failure)
[343.759s][info][gc,heap        ] GC(1150) DefNew: 280255K(314560K)->645K(314560K) Eden: 279616K(279616K)->0K(279616K) From: 639K(34944K)->645K(34944K)
[343.759s][info][gc,heap        ] GC(1150) Tenured: 16785K(699072K)->16824K(699072K)
[343.759s][info][gc,metaspace   ] GC(1150) Metaspace: 14258K(15104K)->14258K(15104K) NonClass: 12315K(12864K)->12315K(12864K) Class: 1943K(2240K)->1943K(2240K)
[343.759s][info][gc             ] GC(1150) Pause Young (Allocation Failure) 290M->17M(989M) 33.225ms
[343.759s][info][gc,cpu         ] GC(1150) User=0.02s Sys=0.00s Real=0.02s
[344.042s][info][gc,start       ] GC(1151) Pause Young (Allocation Failure)
[344.086s][info][gc,heap        ] GC(1151) DefNew: 280261K(314560K)->648K(314560K) Eden: 279616K(279616K)->0K(279616K) From: 645K(34944K)->648K(34944K)
[344.086s][info][gc,heap        ] GC(1151) Tenured: 16824K(699072K)->16865K(699072K)
[344.086s][info][gc,metaspace   ] GC(1151) Metaspace: 14258K(15104K)->14258K(15104K) NonClass: 12315K(12864K)->12315K(12864K) Class: 1943K(2240K)->1943K(2240K)
[344.086s][info][gc             ] GC(1151) Pause Young (Allocation Failure) 290M->17M(989M) 44.112ms
[344.086s][info][gc,cpu         ] GC(1151) User=0.03s Sys=0.00s Real=0.03s
[344.367s][info][gc,start       ] GC(1152) Pause Young (Allocation Failure)
[344.412s][info][gc,heap        ] GC(1152) DefNew: 280264K(314560K)->649K(314560K) Eden: 279616K(279616K)->0K(279616K) From: 648K(34944K)->649K(34944K)
[344.412s][info][gc,heap        ] GC(1152) Tenured: 16865K(699072K)->16910K(699072K)
[344.412s][info][gc,metaspace   ] GC(1152) Metaspace: 14258K(15104K)->14258K(15104K) NonClass: 12315K(12864K)->12315K(12864K) Class: 1943K(2240K)->1943K(2240K)
[344.412s][info][gc             ] GC(1152) Pause Young (Allocation Failure) 290M->17M(989M) 44.864ms
[344.412s][info][gc,cpu         ] GC(1152) User=0.03s Sys=0.00s Real=0.03s
[344.693s][info][gc,start       ] GC(1153) Pause Young (Allocation Failure)
[344.727s][info][gc,heap        ] GC(1153) DefNew: 280265K(314560K)->649K(314560K) Eden: 279616K(279616K)->0K(279616K) From: 649K(34944K)->649K(34944K)
[344.727s][info][gc,heap        ] GC(1153) Tenured: 16910K(699072K)->16952K(699072K)
[344.727s][info][gc,metaspace   ] GC(1153) Metaspace: 14258K(15104K)->14258K(15104K) NonClass: 12315K(12864K)->12315K(12864K) Class: 1943K(2240K)->1943K(2240K)
[344.727s][info][gc             ] GC(1153) Pause Young (Allocation Failure) 290M->17M(989M) 33.747ms
[344.727s][info][gc,cpu         ] GC(1153) User=0.03s Sys=0.00s Real=0.03s
[345.008s][info][gc,start       ] GC(1154) Pause Young (Allocation Failure)
[345.053s][info][gc,heap        ] GC(1154) DefNew: 280265K(314560K)->649K(314560K) Eden: 279616K(279616K)->0K(279616K) From: 649K(34944K)->649K(34944K)
[345.053s][info][gc,heap        ] GC(1154) Tenured: 16952K(699072K)->16993K(699072K)
[345.053s][info][gc,metaspace   ] GC(1154) Metaspace: 14258K(15104K)->14258K(15104K) NonClass: 12315K(12864K)->12315K(12864K) Class: 1943K(2240K)->1943K(2240K)
[345.053s][info][gc             ] GC(1154) Pause Young (Allocation Failure) 290M->17M(989M) 45.414ms
[345.053s][info][gc,cpu         ] GC(1154) User=0.03s Sys=0.00s Real=0.03s
[345.450s][info][gc,start       ] GC(1155) Pause Young (Allocation Failure)
[345.498s][info][gc,heap        ] GC(1155) DefNew: 280265K(314560K)->654K(314560K) Eden: 279616K(279616K)->0K(279616K) From: 649K(34944K)->654K(34944K)
[345.498s][info][gc,heap        ] GC(1155) Tenured: 16993K(699072K)->17032K(699072K)
[345.498s][info][gc,metaspace   ] GC(1155) Metaspace: 14258K(15104K)->14258K(15104K) NonClass: 12315K(12864K)->12315K(12864K) Class: 1943K(2240K)->1943K(2240K)
[345.498s][info][gc             ] GC(1155) Pause Young (Allocation Failure) 290M->17M(989M) 48.465ms
[345.498s][info][gc,cpu         ] GC(1155) User=0.05s Sys=0.00s Real=0.05s
[345.789s][info][gc,start       ] GC(1156) Pause Young (Allocation Failure)
[345.821s][info][gc,heap        ] GC(1156) DefNew: 280270K(314560K)->658K(314560K) Eden: 279616K(279616K)->0K(279616K) From: 654K(34944K)->658K(34944K)
[345.821s][info][gc,heap        ] GC(1156) Tenured: 17032K(699072K)->17073K(699072K)
[345.821s][info][gc,metaspace   ] GC(1156) Metaspace: 14258K(15104K)->14258K(15104K) NonClass: 12315K(12864K)->12315K(12864K) Class: 1943K(2240K)->1943K(2240K)
[345.821s][info][gc             ] GC(1156) Pause Young (Allocation Failure) 290M->17M(989M) 31.381ms
[345.821s][info][gc,cpu         ] GC(1156) User=0.03s Sys=0.00s Real=0.03s
[346.105s][info][gc,start       ] GC(1157) Pause Young (Allocation Failure)
[346.135s][info][gc,heap        ] GC(1157) DefNew: 280274K(314560K)->664K(314560K) Eden: 279616K(279616K)->0K(279616K) From: 658K(34944K)->664K(34944K)
[346.135s][info][gc,heap        ] GC(1157) Tenured: 17073K(699072K)->17112K(699072K)
[346.135s][info][gc,metaspace   ] GC(1157) Metaspace: 14258K(15104K)->14258K(15104K) NonClass: 12315K(12864K)->12315K(12864K) Class: 1943K(2240K)->1943K(2240K)
[346.135s][info][gc             ] GC(1157) Pause Young (Allocation Failure) 290M->17M(989M) 30.674ms
[346.135s][info][gc,cpu         ] GC(1157) User=0.02s Sys=0.00s Real=0.02s
[346.431s][info][gc,start       ] GC(1158) Pause Young (Allocation Failure)
[346.470s][info][gc,heap        ] GC(1158) DefNew: 280280K(314560K)->663K(314560K) Eden: 279616K(279616K)->0K(279616K) From: 664K(34944K)->663K(34944K)
[346.470s][info][gc,heap        ] GC(1158) Tenured: 17112K(699072K)->17157K(699072K)
[346.470s][info][gc,metaspace   ] GC(1158) Metaspace: 14258K(15104K)->14258K(15104K) NonClass: 12315K(12864K)->12315K(12864K) Class: 1943K(2240K)->1943K(2240K)
[346.470s][info][gc             ] GC(1158) Pause Young (Allocation Failure) 290M->17M(989M) 39.054ms
[346.470s][info][gc,cpu         ] GC(1158) User=0.05s Sys=0.00s Real=0.04s
[346.750s][info][gc,start       ] GC(1159) Pause Young (Allocation Failure)
[346.790s][info][gc,heap        ] GC(1159) DefNew: 280279K(314560K)->664K(314560K) Eden: 279616K(279616K)->0K(279616K) From: 663K(34944K)->664K(34944K)
[346.798s][info][gc,heap        ] GC(1159) Tenured: 17157K(699072K)->17198K(699072K)
[346.798s][info][gc,metaspace   ] GC(1159) Metaspace: 14258K(15104K)->14258K(15104K) NonClass: 12315K(12864K)->12315K(12864K) Class: 1943K(2240K)->1943K(2240K)
[346.798s][info][gc             ] GC(1159) Pause Young (Allocation Failure) 290M->17M(989M) 48.268ms
[346.798s][info][gc,cpu         ] GC(1159) User=0.05s Sys=0.00s Real=0.05s
[347.082s][info][gc,start       ] GC(1160) Pause Young (Allocation Failure)
[347.123s][info][gc,heap        ] GC(1160) DefNew: 280280K(314560K)->666K(314560K) Eden: 279616K(279616K)->0K(279616K) From: 664K(34944K)->666K(34944K)
[347.123s][info][gc,heap        ] GC(1160) Tenured: 17198K(699072K)->17240K(699072K)
[347.123s][info][gc,metaspace   ] GC(1160) Metaspace: 14258K(15104K)->14258K(15104K) NonClass: 12315K(12864K)->12315K(12864K) Class: 1943K(2240K)->1943K(2240K)
[347.123s][info][gc             ] GC(1160) Pause Young (Allocation Failure) 290M->17M(989M) 41.074ms
[347.123s][info][gc,cpu         ] GC(1160) User=0.03s Sys=0.00s Real=0.04s
[347.405s][info][gc,start       ] GC(1161) Pause Young (Allocation Failure)
[347.447s][info][gc,heap        ] GC(1161) DefNew: 280282K(314560K)->665K(314560K) Eden: 279616K(279616K)->0K(279616K) From: 666K(34944K)->665K(34944K)
[347.447s][info][gc,heap        ] GC(1161) Tenured: 17240K(699072K)->17284K(699072K)
[347.447s][info][gc,metaspace   ] GC(1161) Metaspace: 14258K(15104K)->14258K(15104K) NonClass: 12315K(12864K)->12315K(12864K) Class: 1943K(2240K)->1943K(2240K)
[347.447s][info][gc             ] GC(1161) Pause Young (Allocation Failure) 290M->17M(989M) 42.002ms
[347.447s][info][gc,cpu         ] GC(1161) User=0.03s Sys=0.00s Real=0.03s
[347.730s][info][gc,start       ] GC(1162) Pause Young (Allocation Failure)
[347.773s][info][gc,heap        ] GC(1162) DefNew: 280281K(314560K)->667K(314560K) Eden: 279616K(279616K)->0K(279616K) From: 665K(34944K)->667K(34944K)
[347.773s][info][gc,heap        ] GC(1162) Tenured: 17284K(699072K)->17326K(699072K)
[347.773s][info][gc,metaspace   ] GC(1162) Metaspace: 14258K(15104K)->14258K(15104K) NonClass: 12315K(12864K)->12315K(12864K) Class: 1943K(2240K)->1943K(2240K)
[347.773s][info][gc             ] GC(1162) Pause Young (Allocation Failure) 290M->17M(989M) 43.499ms
[347.773s][info][gc,cpu         ] GC(1162) User=0.05s Sys=0.00s Real=0.04s
[348.056s][info][gc,start       ] GC(1163) Pause Young (Allocation Failure)
[348.099s][info][gc,heap        ] GC(1163) DefNew: 280283K(314560K)->667K(314560K) Eden: 279616K(279616K)->0K(279616K) From: 667K(34944K)->667K(34944K)
[348.099s][info][gc,heap        ] GC(1163) Tenured: 17326K(699072K)->17370K(699072K)
[348.099s][info][gc,metaspace   ] GC(1163) Metaspace: 14258K(15104K)->14258K(15104K) NonClass: 12315K(12864K)->12315K(12864K) Class: 1943K(2240K)->1943K(2240K)
[348.099s][info][gc             ] GC(1163) Pause Young (Allocation Failure) 290M->17M(989M) 43.721ms
[348.099s][info][gc,cpu         ] GC(1163) User=0.05s Sys=0.00s Real=0.04s
[348.379s][info][gc,start       ] GC(1164) Pause Young (Allocation Failure)
[348.423s][info][gc,heap        ] GC(1164) DefNew: 280283K(314560K)->664K(314560K) Eden: 279616K(279616K)->0K(279616K) From: 667K(34944K)->664K(34944K)
[348.423s][info][gc,heap        ] GC(1164) Tenured: 17370K(699072K)->17415K(699072K)
[348.423s][info][gc,metaspace   ] GC(1164) Metaspace: 14258K(15104K)->14258K(15104K) NonClass: 12315K(12864K)->12315K(12864K) Class: 1943K(2240K)->1943K(2240K)
[348.423s][info][gc             ] GC(1164) Pause Young (Allocation Failure) 290M->17M(989M) 44.910ms
[348.423s][info][gc,cpu         ] GC(1164) User=0.05s Sys=0.00s Real=0.04s
[348.706s][info][gc,start       ] GC(1165) Pause Young (Allocation Failure)
[348.740s][info][gc,heap        ] GC(1165) DefNew: 280280K(314560K)->664K(314560K) Eden: 279616K(279616K)->0K(279616K) From: 664K(34944K)->664K(34944K)
[348.741s][info][gc,heap        ] GC(1165) Tenured: 17415K(699072K)->17460K(699072K)
[348.741s][info][gc,metaspace   ] GC(1165) Metaspace: 14258K(15104K)->14258K(15104K) NonClass: 12315K(12864K)->12315K(12864K) Class: 1943K(2240K)->1943K(2240K)
[348.741s][info][gc             ] GC(1165) Pause Young (Allocation Failure) 290M->17M(989M) 34.776ms
[348.741s][info][gc,cpu         ] GC(1165) User=0.03s Sys=0.00s Real=0.04s
[349.023s][info][gc,start       ] GC(1166) Pause Young (Allocation Failure)
[349.068s][info][gc,heap        ] GC(1166) DefNew: 280280K(314560K)->664K(314560K) Eden: 279616K(279616K)->0K(279616K) From: 664K(34944K)->664K(34944K)
[349.068s][info][gc,heap        ] GC(1166) Tenured: 17460K(699072K)->17504K(699072K)
[349.068s][info][gc,metaspace   ] GC(1166) Metaspace: 14258K(15104K)->14258K(15104K) NonClass: 12315K(12864K)->12315K(12864K) Class: 1943K(2240K)->1943K(2240K)
[349.068s][info][gc             ] GC(1166) Pause Young (Allocation Failure) 290M->17M(989M) 45.816ms
[349.068s][info][gc,cpu         ] GC(1166) User=0.05s Sys=0.00s Real=0.05s
[349.387s][info][gc,start       ] GC(1167) Pause Young (Allocation Failure)
[349.437s][info][gc,heap        ] GC(1167) DefNew: 280280K(314560K)->660K(314560K) Eden: 279616K(279616K)->0K(279616K) From: 664K(34944K)->660K(34944K)
[349.437s][info][gc,heap        ] GC(1167) Tenured: 17504K(699072K)->17550K(699072K)
[349.437s][info][gc,metaspace   ] GC(1167) Metaspace: 14258K(15104K)->14258K(15104K) NonClass: 12315K(12864K)->12315K(12864K) Class: 1943K(2240K)->1943K(2240K)
[349.437s][info][gc             ] GC(1167) Pause Young (Allocation Failure) 290M->17M(989M) 50.193ms
[349.437s][info][gc,cpu         ] GC(1167) User=0.05s Sys=0.00s Real=0.05s
[349.729s][info][gc,start       ] GC(1168) Pause Young (Allocation Failure)
[349.760s][info][gc,heap        ] GC(1168) DefNew: 280276K(314560K)->663K(314560K) Eden: 279616K(279616K)->0K(279616K) From: 660K(34944K)->663K(34944K)
[349.760s][info][gc,heap        ] GC(1168) Tenured: 17550K(699072K)->17592K(699072K)
[349.760s][info][gc,metaspace   ] GC(1168) Metaspace: 14258K(15104K)->14258K(15104K) NonClass: 12315K(12864K)->12315K(12864K) Class: 1943K(2240K)->1943K(2240K)
[349.760s][info][gc             ] GC(1168) Pause Young (Allocation Failure) 290M->17M(989M) 31.402ms
[349.760s][info][gc,cpu         ] GC(1168) User=0.03s Sys=0.00s Real=0.03s
[350.044s][info][gc,start       ] GC(1169) Pause Young (Allocation Failure)
[350.084s][info][gc,heap        ] GC(1169) DefNew: 280279K(314560K)->672K(314560K) Eden: 279616K(279616K)->0K(279616K) From: 663K(34944K)->672K(34944K)
[350.084s][info][gc,heap        ] GC(1169) Tenured: 17592K(699072K)->17634K(699072K)
[350.084s][info][gc,metaspace   ] GC(1169) Metaspace: 14258K(15104K)->14258K(15104K) NonClass: 12315K(12864K)->12315K(12864K) Class: 1943K(2240K)->1943K(2240K)
[350.084s][info][gc             ] GC(1169) Pause Young (Allocation Failure) 290M->17M(989M) 40.184ms
[350.084s][info][gc,cpu         ] GC(1169) User=0.05s Sys=0.00s Real=0.04s
[350.381s][info][gc,start       ] GC(1170) Pause Young (Allocation Failure)
[350.420s][info][gc,heap        ] GC(1170) DefNew: 280288K(314560K)->675K(314560K) Eden: 279616K(279616K)->0K(279616K) From: 672K(34944K)->675K(34944K)
[350.420s][info][gc,heap        ] GC(1170) Tenured: 17634K(699072K)->17679K(699072K)
[350.420s][info][gc,metaspace   ] GC(1170) Metaspace: 14258K(15104K)->14258K(15104K) NonClass: 12315K(12864K)->12315K(12864K) Class: 1943K(2240K)->1943K(2240K)
[350.420s][info][gc             ] GC(1170) Pause Young (Allocation Failure) 290M->17M(989M) 39.167ms
[350.420s][info][gc,cpu         ] GC(1170) User=0.03s Sys=0.00s Real=0.03s
[350.703s][info][gc,start       ] GC(1171) Pause Young (Allocation Failure)
[350.745s][info][gc,heap        ] GC(1171) DefNew: 280291K(314560K)->675K(314560K) Eden: 279616K(279616K)->0K(279616K) From: 675K(34944K)->675K(34944K)
[350.745s][info][gc,heap        ] GC(1171) Tenured: 17679K(699072K)->17723K(699072K)
[350.745s][info][gc,metaspace   ] GC(1171) Metaspace: 14258K(15104K)->14258K(15104K) NonClass: 12315K(12864K)->12315K(12864K) Class: 1943K(2240K)->1943K(2240K)
[350.745s][info][gc             ] GC(1171) Pause Young (Allocation Failure) 290M->17M(989M) 42.416ms
[350.745s][info][gc,cpu         ] GC(1171) User=0.05s Sys=0.00s Real=0.04s
[351.031s][info][gc,start       ] GC(1172) Pause Young (Allocation Failure)
[351.072s][info][gc,heap        ] GC(1172) DefNew: 280291K(314560K)->677K(314560K) Eden: 279616K(279616K)->0K(279616K) From: 675K(34944K)->677K(34944K)
[351.072s][info][gc,heap        ] GC(1172) Tenured: 17723K(699072K)->17768K(699072K)
[351.072s][info][gc,metaspace   ] GC(1172) Metaspace: 14258K(15104K)->14258K(15104K) NonClass: 12315K(12864K)->12315K(12864K) Class: 1943K(2240K)->1943K(2240K)
[351.072s][info][gc             ] GC(1172) Pause Young (Allocation Failure) 291M->18M(989M) 41.120ms
[351.072s][info][gc,cpu         ] GC(1172) User=0.05s Sys=0.00s Real=0.04s
[351.349s][info][gc,start       ] GC(1173) Pause Young (Allocation Failure)
[351.390s][info][gc,heap        ] GC(1173) DefNew: 280293K(314560K)->675K(314560K) Eden: 279616K(279616K)->0K(279616K) From: 677K(34944K)->675K(34944K)
[351.390s][info][gc,heap        ] GC(1173) Tenured: 17768K(699072K)->17812K(699072K)
[351.390s][info][gc,metaspace   ] GC(1173) Metaspace: 14258K(15104K)->14258K(15104K) NonClass: 12315K(12864K)->12315K(12864K) Class: 1943K(2240K)->1943K(2240K)
[351.390s][info][gc             ] GC(1173) Pause Young (Allocation Failure) 291M->18M(989M) 41.020ms
[351.390s][info][gc,cpu         ] GC(1173) User=0.03s Sys=0.00s Real=0.03s
[351.670s][info][gc,start       ] GC(1174) Pause Young (Allocation Failure)
[351.712s][info][gc,heap        ] GC(1174) DefNew: 280291K(314560K)->675K(314560K) Eden: 279616K(279616K)->0K(279616K) From: 675K(34944K)->675K(34944K)
[351.712s][info][gc,heap        ] GC(1174) Tenured: 17812K(699072K)->17854K(699072K)
[351.712s][info][gc,metaspace   ] GC(1174) Metaspace: 14258K(15104K)->14258K(15104K) NonClass: 12315K(12864K)->12315K(12864K) Class: 1943K(2240K)->1943K(2240K)
[351.712s][info][gc             ] GC(1174) Pause Young (Allocation Failure) 291M->18M(989M) 42.389ms
[351.712s][info][gc,cpu         ] GC(1174) User=0.05s Sys=0.00s Real=0.04s
[351.998s][info][gc,start       ] GC(1175) Pause Young (Allocation Failure)
[352.042s][info][gc,heap        ] GC(1175) DefNew: 280291K(314560K)->678K(314560K) Eden: 279616K(279616K)->0K(279616K) From: 675K(34944K)->678K(34944K)
[352.042s][info][gc,heap        ] GC(1175) Tenured: 17854K(699072K)->17899K(699072K)
[352.042s][info][gc,metaspace   ] GC(1175) Metaspace: 14258K(15104K)->14258K(15104K) NonClass: 12315K(12864K)->12315K(12864K) Class: 1943K(2240K)->1943K(2240K)
[352.042s][info][gc             ] GC(1175) Pause Young (Allocation Failure) 291M->18M(989M) 43.806ms
[352.042s][info][gc,cpu         ] GC(1175) User=0.03s Sys=0.00s Real=0.03s
[352.321s][info][gc,start       ] GC(1176) Pause Young (Allocation Failure)
[352.365s][info][gc,heap        ] GC(1176) DefNew: 280294K(314560K)->677K(314560K) Eden: 279616K(279616K)->0K(279616K) From: 678K(34944K)->677K(34944K)
[352.365s][info][gc,heap        ] GC(1176) Tenured: 17899K(699072K)->17941K(699072K)
[352.366s][info][gc,metaspace   ] GC(1176) Metaspace: 14258K(15104K)->14258K(15104K) NonClass: 12315K(12864K)->12315K(12864K) Class: 1943K(2240K)->1943K(2240K)
[352.366s][info][gc             ] GC(1176) Pause Young (Allocation Failure) 291M->18M(989M) 44.109ms
[352.366s][info][gc,cpu         ] GC(1176) User=0.05s Sys=0.00s Real=0.04s
[352.648s][info][gc,start       ] GC(1177) Pause Young (Allocation Failure)
[352.693s][info][gc,heap        ] GC(1177) DefNew: 280293K(314560K)->678K(314560K) Eden: 279616K(279616K)->0K(279616K) From: 677K(34944K)->678K(34944K)
[352.693s][info][gc,heap        ] GC(1177) Tenured: 17941K(699072K)->17985K(699072K)
[352.693s][info][gc,metaspace   ] GC(1177) Metaspace: 14258K(15104K)->14258K(15104K) NonClass: 12315K(12864K)->12315K(12864K) Class: 1943K(2240K)->1943K(2240K)
[352.693s][info][gc             ] GC(1177) Pause Young (Allocation Failure) 291M->18M(989M) 45.021ms
[352.693s][info][gc,cpu         ] GC(1177) User=0.03s Sys=0.00s Real=0.03s
[352.976s][info][gc,start       ] GC(1178) Pause Young (Allocation Failure)
[353.021s][info][gc,heap        ] GC(1178) DefNew: 280294K(314560K)->677K(314560K) Eden: 279616K(279616K)->0K(279616K) From: 678K(34944K)->677K(34944K)
[353.021s][info][gc,heap        ] GC(1178) Tenured: 17985K(699072K)->18030K(699072K)
[353.021s][info][gc,metaspace   ] GC(1178) Metaspace: 14258K(15104K)->14258K(15104K) NonClass: 12315K(12864K)->12315K(12864K) Class: 1943K(2240K)->1943K(2240K)
[353.021s][info][gc             ] GC(1178) Pause Young (Allocation Failure) 291M->18M(989M) 45.464ms
[353.021s][info][gc,cpu         ] GC(1178) User=0.05s Sys=0.00s Real=0.05s
[353.307s][info][gc,start       ] GC(1179) Pause Young (Allocation Failure)
[353.351s][info][gc,heap        ] GC(1179) DefNew: 280293K(314560K)->678K(314560K) Eden: 279616K(279616K)->0K(279616K) From: 677K(34944K)->678K(34944K)
[353.351s][info][gc,heap        ] GC(1179) Tenured: 18030K(699072K)->18071K(699072K)
[353.351s][info][gc,metaspace   ] GC(1179) Metaspace: 14258K(15104K)->14258K(15104K) NonClass: 12315K(12864K)->12315K(12864K) Class: 1943K(2240K)->1943K(2240K)
[353.352s][info][gc             ] GC(1179) Pause Young (Allocation Failure) 291M->18M(989M) 44.896ms
[353.352s][info][gc,cpu         ] GC(1179) User=0.05s Sys=0.00s Real=0.04s
[353.650s][info][gc,start       ] GC(1180) Pause Young (Allocation Failure)
[353.681s][info][gc,heap        ] GC(1180) DefNew: 280294K(314560K)->680K(314560K) Eden: 279616K(279616K)->0K(279616K) From: 678K(34944K)->680K(34944K)
[353.681s][info][gc,heap        ] GC(1180) Tenured: 18071K(699072K)->18116K(699072K)
[353.681s][info][gc,metaspace   ] GC(1180) Metaspace: 14258K(15104K)->14258K(15104K) NonClass: 12315K(12864K)->12315K(12864K) Class: 1943K(2240K)->1943K(2240K)
[353.681s][info][gc             ] GC(1180) Pause Young (Allocation Failure) 291M->18M(989M) 30.992ms
[353.681s][info][gc,cpu         ] GC(1180) User=0.03s Sys=0.00s Real=0.03s
[353.962s][info][gc,start       ] GC(1181) Pause Young (Allocation Failure)
[353.993s][info][gc,heap        ] GC(1181) DefNew: 280296K(314560K)->680K(314560K) Eden: 279616K(279616K)->0K(279616K) From: 680K(34944K)->680K(34944K)
[353.993s][info][gc,heap        ] GC(1181) Tenured: 18116K(699072K)->18160K(699072K)
[353.993s][info][gc,metaspace   ] GC(1181) Metaspace: 14258K(15104K)->14258K(15104K) NonClass: 12315K(12864K)->12315K(12864K) Class: 1943K(2240K)->1943K(2240K)
[353.993s][info][gc             ] GC(1181) Pause Young (Allocation Failure) 291M->18M(989M) 31.054ms
[353.993s][info][gc,cpu         ] GC(1181) User=0.03s Sys=0.00s Real=0.03s
[354.273s][info][gc,start       ] GC(1182) Pause Young (Allocation Failure)
[354.313s][info][gc,heap        ] GC(1182) DefNew: 280296K(314560K)->682K(314560K) Eden: 279615K(279616K)->0K(279616K) From: 680K(34944K)->682K(34944K)
[354.313s][info][gc,heap        ] GC(1182) Tenured: 18160K(699072K)->18202K(699072K)
[354.313s][info][gc,metaspace   ] GC(1182) Metaspace: 14258K(15104K)->14258K(15104K) NonClass: 12315K(12864K)->12315K(12864K) Class: 1943K(2240K)->1943K(2240K)
[354.313s][info][gc             ] GC(1182) Pause Young (Allocation Failure) 291M->18M(989M) 39.818ms
[354.313s][info][gc,cpu         ] GC(1182) User=0.03s Sys=0.00s Real=0.04s
[354.605s][info][gc,start       ] GC(1183) Pause Young (Allocation Failure)
[354.644s][info][gc,heap        ] GC(1183) DefNew: 280298K(314560K)->685K(314560K) Eden: 279616K(279616K)->0K(279616K) From: 682K(34944K)->685K(34944K)
[354.644s][info][gc,heap        ] GC(1183) Tenured: 18202K(699072K)->18247K(699072K)
[354.644s][info][gc,metaspace   ] GC(1183) Metaspace: 14258K(15104K)->14258K(15104K) NonClass: 12315K(12864K)->12315K(12864K) Class: 1943K(2240K)->1943K(2240K)
[354.644s][info][gc             ] GC(1183) Pause Young (Allocation Failure) 291M->18M(989M) 39.136ms
[354.644s][info][gc,cpu         ] GC(1183) User=0.03s Sys=0.00s Real=0.03s
[354.924s][info][gc,start       ] GC(1184) Pause Young (Allocation Failure)
[354.965s][info][gc,heap        ] GC(1184) DefNew: 280301K(314560K)->677K(314560K) Eden: 279616K(279616K)->0K(279616K) From: 685K(34944K)->677K(34944K)
[354.973s][info][gc,heap        ] GC(1184) Tenured: 18247K(699072K)->18298K(699072K)
[354.973s][info][gc,metaspace   ] GC(1184) Metaspace: 14258K(15104K)->14258K(15104K) NonClass: 12315K(12864K)->12315K(12864K) Class: 1943K(2240K)->1943K(2240K)
[354.973s][info][gc             ] GC(1184) Pause Young (Allocation Failure) 291M->18M(989M) 49.245ms
[354.973s][info][gc,cpu         ] GC(1184) User=0.03s Sys=0.00s Real=0.05s
[355.257s][info][gc,start       ] GC(1185) Pause Young (Allocation Failure)
[355.299s][info][gc,heap        ] GC(1185) DefNew: 280293K(314560K)->674K(314560K) Eden: 279616K(279616K)->0K(279616K) From: 677K(34944K)->674K(34944K)
[355.299s][info][gc,heap        ] GC(1185) Tenured: 18298K(699072K)->18345K(699072K)
[355.299s][info][gc,metaspace   ] GC(1185) Metaspace: 14258K(15104K)->14258K(15104K) NonClass: 12315K(12864K)->12315K(12864K) Class: 1943K(2240K)->1943K(2240K)
[355.299s][info][gc             ] GC(1185) Pause Young (Allocation Failure) 291M->18M(989M) 41.918ms
[355.299s][info][gc,cpu         ] GC(1185) User=0.05s Sys=0.00s Real=0.04s
[355.584s][info][gc,start       ] GC(1186) Pause Young (Allocation Failure)
[355.627s][info][gc,heap        ] GC(1186) DefNew: 280290K(314560K)->676K(314560K) Eden: 279616K(279616K)->0K(279616K) From: 674K(34944K)->676K(34944K)
[355.627s][info][gc,heap        ] GC(1186) Tenured: 18345K(699072K)->18390K(699072K)
[355.627s][info][gc,metaspace   ] GC(1186) Metaspace: 14258K(15104K)->14258K(15104K) NonClass: 12315K(12864K)->12315K(12864K) Class: 1943K(2240K)->1943K(2240K)
[355.627s][info][gc             ] GC(1186) Pause Young (Allocation Failure) 291M->18M(989M) 43.263ms
[355.627s][info][gc,cpu         ] GC(1186) User=0.03s Sys=0.00s Real=0.03s
[355.912s][info][gc,start       ] GC(1187) Pause Young (Allocation Failure)
[355.956s][info][gc,heap        ] GC(1187) DefNew: 280292K(314560K)->671K(314560K) Eden: 279616K(279616K)->0K(279616K) From: 676K(34944K)->671K(34944K)
[355.956s][info][gc,heap        ] GC(1187) Tenured: 18390K(699072K)->18437K(699072K)
[355.956s][info][gc,metaspace   ] GC(1187) Metaspace: 14258K(15104K)->14258K(15104K) NonClass: 12315K(12864K)->12315K(12864K) Class: 1943K(2240K)->1943K(2240K)
[355.956s][info][gc             ] GC(1187) Pause Young (Allocation Failure) 291M->18M(989M) 44.166ms
[355.956s][info][gc,cpu         ] GC(1187) User=0.05s Sys=0.00s Real=0.04s
[356.241s][info][gc,start       ] GC(1188) Pause Young (Allocation Failure)
[356.287s][info][gc,heap        ] GC(1188) DefNew: 280287K(314560K)->674K(314560K) Eden: 279616K(279616K)->0K(279616K) From: 671K(34944K)->674K(34944K)
[356.287s][info][gc,heap        ] GC(1188) Tenured: 18437K(699072K)->18479K(699072K)
[356.287s][info][gc,metaspace   ] GC(1188) Metaspace: 14258K(15104K)->14258K(15104K) NonClass: 12315K(12864K)->12315K(12864K) Class: 1943K(2240K)->1943K(2240K)
[356.287s][info][gc             ] GC(1188) Pause Young (Allocation Failure) 291M->18M(989M) 45.362ms
[356.287s][info][gc,cpu         ] GC(1188) User=0.03s Sys=0.00s Real=0.03s
[356.570s][info][gc,start       ] GC(1189) Pause Young (Allocation Failure)
[356.617s][info][gc,heap        ] GC(1189) DefNew: 280290K(314560K)->678K(314560K) Eden: 279616K(279616K)->0K(279616K) From: 674K(34944K)->678K(34944K)
[356.617s][info][gc,heap        ] GC(1189) Tenured: 18479K(699072K)->18520K(699072K)
[356.617s][info][gc,metaspace   ] GC(1189) Metaspace: 14258K(15104K)->14258K(15104K) NonClass: 12315K(12864K)->12315K(12864K) Class: 1943K(2240K)->1943K(2240K)
[356.617s][info][gc             ] GC(1189) Pause Young (Allocation Failure) 291M->18M(989M) 47.232ms
[356.617s][info][gc,cpu         ] GC(1189) User=0.05s Sys=0.00s Real=0.05s
[356.890s][info][gc,start       ] GC(1190) Pause Young (Allocation Failure)
[356.943s][info][gc,heap        ] GC(1190) DefNew: 280294K(314560K)->674K(314560K) Eden: 279616K(279616K)->0K(279616K) From: 678K(34944K)->674K(34944K)
[356.943s][info][gc,heap        ] GC(1190) Tenured: 18520K(699072K)->18568K(699072K)
[356.943s][info][gc,metaspace   ] GC(1190) Metaspace: 14258K(15104K)->14258K(15104K) NonClass: 12315K(12864K)->12315K(12864K) Class: 1943K(2240K)->1943K(2240K)
[356.943s][info][gc             ] GC(1190) Pause Young (Allocation Failure) 291M->18M(989M) 53.285ms
[356.943s][info][gc,cpu         ] GC(1190) User=0.05s Sys=0.00s Real=0.04s
[357.156s][info][gc,start       ] GC(1191) Pause Young (Allocation Failure)
[357.202s][info][gc,heap        ] GC(1191) DefNew: 280290K(314560K)->663K(314560K) Eden: 279616K(279616K)->0K(279616K) From: 674K(34944K)->663K(34944K)
[357.202s][info][gc,heap        ] GC(1191) Tenured: 18568K(699072K)->18610K(699072K)
[357.202s][info][gc,metaspace   ] GC(1191) Metaspace: 14258K(15104K)->14258K(15104K) NonClass: 12315K(12864K)->12315K(12864K) Class: 1943K(2240K)->1943K(2240K)
[357.202s][info][gc             ] GC(1191) Pause Young (Allocation Failure) 291M->18M(989M) 46.139ms
[357.202s][info][gc,cpu         ] GC(1191) User=0.05s Sys=0.00s Real=0.03s
[357.570s][info][gc,start       ] GC(1192) Pause Full (System.gc())
[357.571s][info][gc,phases,start] GC(1192) Phase 1: Mark live objects
[357.610s][info][gc,phases      ] GC(1192) Phase 1: Mark live objects 39.736ms
[357.610s][info][gc,phases,start] GC(1192) Phase 2: Compute new object addresses
[357.668s][info][gc,phases      ] GC(1192) Phase 2: Compute new object addresses 58.023ms
[357.668s][info][gc,phases,start] GC(1192) Phase 3: Adjust pointers
[357.689s][info][gc,phases      ] GC(1192) Phase 3: Adjust pointers 20.646ms
[357.689s][info][gc,phases,start] GC(1192) Phase 4: Move objects
[357.689s][info][gc,phases      ] GC(1192) Phase 4: Move objects 0.013ms
[357.689s][info][gc,heap        ] GC(1192) DefNew: 247697K(314560K)->0K(314560K) Eden: 247034K(279616K)->0K(279616K) From: 663K(34944K)->0K(34944K)
[357.689s][info][gc,heap        ] GC(1192) Tenured: 18610K(699072K)->5351K(699072K)
[357.689s][info][gc,metaspace   ] GC(1192) Metaspace: 14258K(15104K)->14258K(15104K) NonClass: 12315K(12864K)->12315K(12864K) Class: 1943K(2240K)->1943K(2240K)
[357.689s][info][gc             ] GC(1192) Pause Full (System.gc()) 260M->5M(989M) 118.832ms
[357.689s][info][gc,cpu         ] GC(1192) User=0.11s Sys=0.00s Real=0.11s
[357.917s][info][gc,start       ] GC(1193) Pause Young (Allocation Failure)
[357.955s][info][gc,heap        ] GC(1193) DefNew: 279616K(314560K)->1491K(314560K) Eden: 279616K(279616K)->0K(279616K) From: 0K(34944K)->1491K(34944K)
[357.955s][info][gc,heap        ] GC(1193) Tenured: 5351K(699072K)->5351K(699072K)
[357.955s][info][gc,metaspace   ] GC(1193) Metaspace: 14258K(15104K)->14258K(15104K) NonClass: 12315K(12864K)->12315K(12864K) Class: 1943K(2240K)->1943K(2240K)
[357.955s][info][gc             ] GC(1193) Pause Young (Allocation Failure) 278M->6M(989M) 37.984ms
[357.955s][info][gc,cpu         ] GC(1193) User=0.05s Sys=0.00s Real=0.04s
[358.217s][info][gc,start       ] GC(1194) Pause Young (Allocation Failure)
[358.257s][info][gc,heap        ] GC(1194) DefNew: 281107K(314560K)->1533K(314560K) Eden: 279616K(279616K)->0K(279616K) From: 1491K(34944K)->1533K(34944K)
[358.257s][info][gc,heap        ] GC(1194) Tenured: 5351K(699072K)->5351K(699072K)
[358.257s][info][gc,metaspace   ] GC(1194) Metaspace: 14258K(15104K)->14258K(15104K) NonClass: 12315K(12864K)->12315K(12864K) Class: 1943K(2240K)->1943K(2240K)
[358.257s][info][gc             ] GC(1194) Pause Young (Allocation Failure) 279M->6M(989M) 39.835ms
[358.257s][info][gc,cpu         ] GC(1194) User=0.03s Sys=0.00s Real=0.03s
[358.527s][info][gc,start       ] GC(1195) Pause Young (Allocation Failure)
[358.568s][info][gc,heap        ] GC(1195) DefNew: 281149K(314560K)->1578K(314560K) Eden: 279616K(279616K)->0K(279616K) From: 1533K(34944K)->1578K(34944K)
[358.568s][info][gc,heap        ] GC(1195) Tenured: 5351K(699072K)->5351K(699072K)
[358.568s][info][gc,metaspace   ] GC(1195) Metaspace: 14258K(15104K)->14258K(15104K) NonClass: 12315K(12864K)->12315K(12864K) Class: 1943K(2240K)->1943K(2240K)
[358.568s][info][gc             ] GC(1195) Pause Young (Allocation Failure) 279M->6M(989M) 40.995ms
[358.569s][info][gc,cpu         ] GC(1195) User=0.03s Sys=0.00s Real=0.03s
[358.835s][info][gc,start       ] GC(1196) Pause Young (Allocation Failure)
[358.867s][info][gc,heap        ] GC(1196) DefNew: 281194K(314560K)->1619K(314560K) Eden: 279616K(279616K)->0K(279616K) From: 1578K(34944K)->1619K(34944K)
[358.867s][info][gc,heap        ] GC(1196) Tenured: 5351K(699072K)->5351K(699072K)
[358.867s][info][gc,metaspace   ] GC(1196) Metaspace: 14258K(15104K)->14258K(15104K) NonClass: 12315K(12864K)->12315K(12864K) Class: 1943K(2240K)->1943K(2240K)
[358.867s][info][gc             ] GC(1196) Pause Young (Allocation Failure) 279M->6M(989M) 31.665ms
[358.867s][info][gc,cpu         ] GC(1196) User=0.02s Sys=0.00s Real=0.02s
[359.131s][info][gc,start       ] GC(1197) Pause Young (Allocation Failure)
[359.162s][info][gc,heap        ] GC(1197) DefNew: 281235K(314560K)->1662K(314560K) Eden: 279616K(279616K)->0K(279616K) From: 1619K(34944K)->1662K(34944K)
[359.162s][info][gc,heap        ] GC(1197) Tenured: 5351K(699072K)->5351K(699072K)
[359.162s][info][gc,metaspace   ] GC(1197) Metaspace: 14258K(15104K)->14258K(15104K) NonClass: 12315K(12864K)->12315K(12864K) Class: 1943K(2240K)->1943K(2240K)
[359.162s][info][gc             ] GC(1197) Pause Young (Allocation Failure) 279M->6M(989M) 31.424ms
[359.162s][info][gc,cpu         ] GC(1197) User=0.02s Sys=0.00s Real=0.02s
[359.430s][info][gc,start       ] GC(1198) Pause Young (Allocation Failure)
[359.473s][info][gc,heap        ] GC(1198) DefNew: 281278K(314560K)->1703K(314560K) Eden: 279616K(279616K)->0K(279616K) From: 1662K(34944K)->1703K(34944K)
[359.473s][info][gc,heap        ] GC(1198) Tenured: 5351K(699072K)->5351K(699072K)
[359.473s][info][gc,metaspace   ] GC(1198) Metaspace: 14258K(15104K)->14258K(15104K) NonClass: 12315K(12864K)->12315K(12864K) Class: 1943K(2240K)->1943K(2240K)
[359.473s][info][gc             ] GC(1198) Pause Young (Allocation Failure) 279M->6M(989M) 43.017ms
[359.473s][info][gc,cpu         ] GC(1198) User=0.03s Sys=0.00s Real=0.03s
[359.736s][info][gc,start       ] GC(1199) Pause Young (Allocation Failure)
[359.779s][info][gc,heap        ] GC(1199) DefNew: 281319K(314560K)->1741K(314560K) Eden: 279616K(279616K)->0K(279616K) From: 1703K(34944K)->1741K(34944K)
[359.779s][info][gc,heap        ] GC(1199) Tenured: 5351K(699072K)->5351K(699072K)
[359.779s][info][gc,metaspace   ] GC(1199) Metaspace: 14258K(15104K)->14258K(15104K) NonClass: 12315K(12864K)->12315K(12864K) Class: 1943K(2240K)->1943K(2240K)
[359.780s][info][gc             ] GC(1199) Pause Young (Allocation Failure) 279M->6M(989M) 43.430ms
[359.780s][info][gc,cpu         ] GC(1199) User=0.03s Sys=0.00s Real=0.04s
[360.048s][info][gc,start       ] GC(1200) Pause Young (Allocation Failure)
[360.092s][info][gc,heap        ] GC(1200) DefNew: 281357K(314560K)->1784K(314560K) Eden: 279616K(279616K)->0K(279616K) From: 1741K(34944K)->1784K(34944K)
[360.092s][info][gc,heap        ] GC(1200) Tenured: 5351K(699072K)->5351K(699072K)
[360.092s][info][gc,metaspace   ] GC(1200) Metaspace: 14258K(15104K)->14258K(15104K) NonClass: 12315K(12864K)->12315K(12864K) Class: 1943K(2240K)->1943K(2240K)
[360.092s][info][gc             ] GC(1200) Pause Young (Allocation Failure) 279M->6M(989M) 43.853ms
[360.092s][info][gc,cpu         ] GC(1200) User=0.03s Sys=0.00s Real=0.03s
[360.365s][info][gc,start       ] GC(1201) Pause Young (Allocation Failure)
[360.411s][info][gc,heap        ] GC(1201) DefNew: 281400K(314560K)->1827K(314560K) Eden: 279616K(279616K)->0K(279616K) From: 1784K(34944K)->1827K(34944K)
[360.411s][info][gc,heap        ] GC(1201) Tenured: 5351K(699072K)->5351K(699072K)
[360.411s][info][gc,metaspace   ] GC(1201) Metaspace: 14258K(15104K)->14258K(15104K) NonClass: 12315K(12864K)->12315K(12864K) Class: 1943K(2240K)->1943K(2240K)
[360.411s][info][gc             ] GC(1201) Pause Young (Allocation Failure) 280M->7M(989M) 45.562ms
[360.411s][info][gc,cpu         ] GC(1201) User=0.05s Sys=0.00s Real=0.05s
[360.773s][info][gc,start       ] GC(1202) Pause Young (Allocation Failure)
[360.816s][info][gc,heap        ] GC(1202) DefNew: 281443K(314560K)->1868K(314560K) Eden: 279616K(279616K)->0K(279616K) From: 1827K(34944K)->1868K(34944K)
[360.816s][info][gc,heap        ] GC(1202) Tenured: 5351K(699072K)->5351K(699072K)
[360.816s][info][gc,metaspace   ] GC(1202) Metaspace: 14258K(15104K)->14258K(15104K) NonClass: 12315K(12864K)->12315K(12864K) Class: 1943K(2240K)->1943K(2240K)
[360.816s][info][gc             ] GC(1202) Pause Young (Allocation Failure) 280M->7M(989M) 43.426ms
[360.816s][info][gc,cpu         ] GC(1202) User=0.03s Sys=0.00s Real=0.03s
[361.096s][info][gc,start       ] GC(1203) Pause Young (Allocation Failure)
[361.130s][info][gc,heap        ] GC(1203) DefNew: 281484K(314560K)->1913K(314560K) Eden: 279616K(279616K)->0K(279616K) From: 1868K(34944K)->1913K(34944K)
[361.130s][info][gc,heap        ] GC(1203) Tenured: 5351K(699072K)->5351K(699072K)
[361.130s][info][gc,metaspace   ] GC(1203) Metaspace: 14258K(15104K)->14258K(15104K) NonClass: 12315K(12864K)->12315K(12864K) Class: 1943K(2240K)->1943K(2240K)
[361.130s][info][gc             ] GC(1203) Pause Young (Allocation Failure) 280M->7M(989M) 33.373ms
[361.130s][info][gc,cpu         ] GC(1203) User=0.03s Sys=0.00s Real=0.03s
[361.418s][info][gc,start       ] GC(1204) Pause Young (Allocation Failure)
[361.456s][info][gc,heap        ] GC(1204) DefNew: 281529K(314560K)->1958K(314560K) Eden: 279616K(279616K)->0K(279616K) From: 1913K(34944K)->1958K(34944K)
[361.456s][info][gc,heap        ] GC(1204) Tenured: 5351K(699072K)->5351K(699072K)
[361.456s][info][gc,metaspace   ] GC(1204) Metaspace: 14258K(15104K)->14258K(15104K) NonClass: 12315K(12864K)->12315K(12864K) Class: 1943K(2240K)->1943K(2240K)
[361.456s][info][gc             ] GC(1204) Pause Young (Allocation Failure) 280M->7M(989M) 37.960ms
[361.456s][info][gc,cpu         ] GC(1204) User=0.03s Sys=0.00s Real=0.04s
[361.725s][info][gc,start       ] GC(1205) Pause Young (Allocation Failure)
[361.765s][info][gc,heap        ] GC(1205) DefNew: 281574K(314560K)->2001K(314560K) Eden: 279616K(279616K)->0K(279616K) From: 1958K(34944K)->2001K(34944K)
[361.765s][info][gc,heap        ] GC(1205) Tenured: 5351K(699072K)->5351K(699072K)
[361.765s][info][gc,metaspace   ] GC(1205) Metaspace: 14258K(15104K)->14258K(15104K) NonClass: 12315K(12864K)->12315K(12864K) Class: 1943K(2240K)->1943K(2240K)
[361.765s][info][gc             ] GC(1205) Pause Young (Allocation Failure) 280M->7M(989M) 39.416ms
[361.765s][info][gc,cpu         ] GC(1205) User=0.03s Sys=0.00s Real=0.03s
[362.032s][info][gc,start       ] GC(1206) Pause Young (Allocation Failure)
[362.072s][info][gc,heap        ] GC(1206) DefNew: 281617K(314560K)->2040K(314560K) Eden: 279616K(279616K)->0K(279616K) From: 2001K(34944K)->2040K(34944K)
[362.073s][info][gc,heap        ] GC(1206) Tenured: 5351K(699072K)->5351K(699072K)
[362.073s][info][gc,metaspace   ] GC(1206) Metaspace: 14258K(15104K)->14258K(15104K) NonClass: 12315K(12864K)->12315K(12864K) Class: 1943K(2240K)->1943K(2240K)
[362.073s][info][gc             ] GC(1206) Pause Young (Allocation Failure) 280M->7M(989M) 40.409ms
[362.073s][info][gc,cpu         ] GC(1206) User=0.03s Sys=0.00s Real=0.04s
[362.343s][info][gc,start       ] GC(1207) Pause Young (Allocation Failure)
[362.375s][info][gc,heap        ] GC(1207) DefNew: 281656K(314560K)->2084K(314560K) Eden: 279616K(279616K)->0K(279616K) From: 2040K(34944K)->2084K(34944K)
[362.375s][info][gc,heap        ] GC(1207) Tenured: 5351K(699072K)->5351K(699072K)
[362.375s][info][gc,metaspace   ] GC(1207) Metaspace: 14258K(15104K)->14258K(15104K) NonClass: 12315K(12864K)->12315K(12864K) Class: 1943K(2240K)->1943K(2240K)
[362.375s][info][gc             ] GC(1207) Pause Young (Allocation Failure) 280M->7M(989M) 31.748ms
[362.375s][info][gc,cpu         ] GC(1207) User=0.03s Sys=0.00s Real=0.03s
[362.631s][info][gc,start       ] GC(1208) Pause Young (Allocation Failure)
[362.664s][info][gc,heap        ] GC(1208) DefNew: 281700K(314560K)->639K(314560K) Eden: 279616K(279616K)->0K(279616K) From: 2084K(34944K)->639K(34944K)
[362.664s][info][gc,heap        ] GC(1208) Tenured: 5351K(699072K)->6835K(699072K)
[362.664s][info][gc,metaspace   ] GC(1208) Metaspace: 14258K(15104K)->14258K(15104K) NonClass: 12315K(12864K)->12315K(12864K) Class: 1943K(2240K)->1943K(2240K)
[362.664s][info][gc             ] GC(1208) Pause Young (Allocation Failure) 280M->7M(989M) 32.875ms
[362.664s][info][gc,cpu         ] GC(1208) User=0.03s Sys=0.00s Real=0.03s
[362.938s][info][gc,start       ] GC(1209) Pause Young (Allocation Failure)
[362.971s][info][gc,heap        ] GC(1209) DefNew: 280255K(314560K)->643K(314560K) Eden: 279616K(279616K)->0K(279616K) From: 639K(34944K)->643K(34944K)
[362.971s][info][gc,heap        ] GC(1209) Tenured: 6835K(699072K)->6876K(699072K)
[362.971s][info][gc,metaspace   ] GC(1209) Metaspace: 14258K(15104K)->14258K(15104K) NonClass: 12315K(12864K)->12315K(12864K) Class: 1943K(2240K)->1943K(2240K)
[362.971s][info][gc             ] GC(1209) Pause Young (Allocation Failure) 280M->7M(989M) 32.614ms
[362.971s][info][gc,cpu         ] GC(1209) User=0.05s Sys=0.00s Real=0.03s
[363.244s][info][gc,start       ] GC(1210) Pause Young (Allocation Failure)
[363.285s][info][gc,heap        ] GC(1210) DefNew: 280259K(314560K)->641K(314560K) Eden: 279616K(279616K)->0K(279616K) From: 643K(34944K)->641K(34944K)
[363.285s][info][gc,heap        ] GC(1210) Tenured: 6876K(699072K)->6921K(699072K)
[363.285s][info][gc,metaspace   ] GC(1210) Metaspace: 14258K(15104K)->14258K(15104K) NonClass: 12315K(12864K)->12315K(12864K) Class: 1943K(2240K)->1943K(2240K)
[363.285s][info][gc             ] GC(1210) Pause Young (Allocation Failure) 280M->7M(989M) 40.952ms
[363.285s][info][gc,cpu         ] GC(1210) User=0.03s Sys=0.00s Real=0.03s
[363.559s][info][gc,start       ] GC(1211) Pause Young (Allocation Failure)
[363.602s][info][gc,heap        ] GC(1211) DefNew: 280257K(314560K)->646K(314560K) Eden: 279616K(279616K)->0K(279616K) From: 641K(34944K)->646K(34944K)
[363.602s][info][gc,heap        ] GC(1211) Tenured: 6921K(699072K)->6962K(699072K)
[363.602s][info][gc,metaspace   ] GC(1211) Metaspace: 14258K(15104K)->14258K(15104K) NonClass: 12315K(12864K)->12315K(12864K) Class: 1943K(2240K)->1943K(2240K)
[363.602s][info][gc             ] GC(1211) Pause Young (Allocation Failure) 280M->7M(989M) 43.330ms
[363.602s][info][gc,cpu         ] GC(1211) User=0.05s Sys=0.00s Real=0.04s
[363.877s][info][gc,start       ] GC(1212) Pause Young (Allocation Failure)
[363.911s][info][gc,heap        ] GC(1212) DefNew: 280262K(314560K)->649K(314560K) Eden: 279616K(279616K)->0K(279616K) From: 646K(34944K)->649K(34944K)
[363.911s][info][gc,heap        ] GC(1212) Tenured: 6962K(699072K)->7004K(699072K)
[363.911s][info][gc,metaspace   ] GC(1212) Metaspace: 14258K(15104K)->14258K(15104K) NonClass: 12315K(12864K)->12315K(12864K) Class: 1943K(2240K)->1943K(2240K)
[363.911s][info][gc             ] GC(1212) Pause Young (Allocation Failure) 280M->7M(989M) 33.259ms
[363.911s][info][gc,cpu         ] GC(1212) User=0.03s Sys=0.00s Real=0.03s
[364.184s][info][gc,start       ] GC(1213) Pause Young (Allocation Failure)
[364.217s][info][gc,heap        ] GC(1213) DefNew: 280265K(314560K)->651K(314560K) Eden: 279616K(279616K)->0K(279616K) From: 649K(34944K)->651K(34944K)
[364.217s][info][gc,heap        ] GC(1213) Tenured: 7004K(699072K)->7045K(699072K)
[364.217s][info][gc,metaspace   ] GC(1213) Metaspace: 14258K(15104K)->14258K(15104K) NonClass: 12315K(12864K)->12315K(12864K) Class: 1943K(2240K)->1943K(2240K)
[364.217s][info][gc             ] GC(1213) Pause Young (Allocation Failure) 280M->7M(989M) 33.254ms
[364.217s][info][gc,cpu         ] GC(1213) User=0.03s Sys=0.00s Real=0.03s
[364.489s][info][gc,start       ] GC(1214) Pause Young (Allocation Failure)
[364.533s][info][gc,heap        ] GC(1214) DefNew: 280267K(314560K)->654K(314560K) Eden: 279616K(279616K)->0K(279616K) From: 651K(34944K)->654K(34944K)
[364.533s][info][gc,heap        ] GC(1214) Tenured: 7045K(699072K)->7084K(699072K)
[364.533s][info][gc,metaspace   ] GC(1214) Metaspace: 14258K(15104K)->14258K(15104K) NonClass: 12315K(12864K)->12315K(12864K) Class: 1943K(2240K)->1943K(2240K)
[364.533s][info][gc             ] GC(1214) Pause Young (Allocation Failure) 280M->7M(989M) 44.489ms
[364.533s][info][gc,cpu         ] GC(1214) User=0.05s Sys=0.00s Real=0.04s
[364.860s][info][gc,start       ] GC(1215) Pause Young (Allocation Failure)
[364.909s][info][gc,heap        ] GC(1215) DefNew: 280270K(314560K)->654K(314560K) Eden: 279616K(279616K)->0K(279616K) From: 654K(34944K)->654K(34944K)
[364.909s][info][gc,heap        ] GC(1215) Tenured: 7084K(699072K)->7125K(699072K)
[364.909s][info][gc,metaspace   ] GC(1215) Metaspace: 14258K(15104K)->14258K(15104K) NonClass: 12315K(12864K)->12315K(12864K) Class: 1943K(2240K)->1943K(2240K)
[364.909s][info][gc             ] GC(1215) Pause Young (Allocation Failure) 280M->7M(989M) 49.126ms
[364.909s][info][gc,cpu         ] GC(1215) User=0.05s Sys=0.00s Real=0.05s
[365.191s][info][gc,start       ] GC(1216) Pause Young (Allocation Failure)
[365.223s][info][gc,heap        ] GC(1216) DefNew: 280270K(314560K)->654K(314560K) Eden: 279616K(279616K)->0K(279616K) From: 654K(34944K)->654K(34944K)
[365.223s][info][gc,heap        ] GC(1216) Tenured: 7125K(699072K)->7170K(699072K)
[365.223s][info][gc,metaspace   ] GC(1216) Metaspace: 14258K(15104K)->14258K(15104K) NonClass: 12315K(12864K)->12315K(12864K) Class: 1943K(2240K)->1943K(2240K)
[365.223s][info][gc             ] GC(1216) Pause Young (Allocation Failure) 280M->7M(989M) 32.034ms
[365.223s][info][gc,cpu         ] GC(1216) User=0.03s Sys=0.00s Real=0.03s
[365.509s][info][gc,start       ] GC(1217) Pause Young (Allocation Failure)
[365.539s][info][gc,heap        ] GC(1217) DefNew: 280270K(314560K)->658K(314560K) Eden: 279616K(279616K)->0K(279616K) From: 654K(34944K)->658K(34944K)
[365.539s][info][gc,heap        ] GC(1217) Tenured: 7170K(699072K)->7211K(699072K)
[365.539s][info][gc,metaspace   ] GC(1217) Metaspace: 14258K(15104K)->14258K(15104K) NonClass: 12315K(12864K)->12315K(12864K) Class: 1943K(2240K)->1943K(2240K)
[365.540s][info][gc             ] GC(1217) Pause Young (Allocation Failure) 280M->7M(989M) 30.068ms
[365.540s][info][gc,cpu         ] GC(1217) User=0.02s Sys=0.00s Real=0.02s
[365.814s][info][gc,start       ] GC(1218) Pause Young (Allocation Failure)
[365.844s][info][gc,heap        ] GC(1218) DefNew: 280274K(314560K)->659K(314560K) Eden: 279616K(279616K)->0K(279616K) From: 658K(34944K)->659K(34944K)
[365.844s][info][gc,heap        ] GC(1218) Tenured: 7211K(699072K)->7256K(699072K)
[365.844s][info][gc,metaspace   ] GC(1218) Metaspace: 14258K(15104K)->14258K(15104K) NonClass: 12315K(12864K)->12315K(12864K) Class: 1943K(2240K)->1943K(2240K)
[365.844s][info][gc             ] GC(1218) Pause Young (Allocation Failure) 280M->7M(989M) 30.187ms
[365.844s][info][gc,cpu         ] GC(1218) User=0.02s Sys=0.00s Real=0.02s
[366.113s][info][gc,start       ] GC(1219) Pause Young (Allocation Failure)
[366.152s][info][gc,heap        ] GC(1219) DefNew: 280275K(314560K)->655K(314560K) Eden: 279616K(279616K)->0K(279616K) From: 659K(34944K)->655K(34944K)
[366.152s][info][gc,heap        ] GC(1219) Tenured: 7256K(699072K)->7301K(699072K)
[366.152s][info][gc,metaspace   ] GC(1219) Metaspace: 14258K(15104K)->14258K(15104K) NonClass: 12315K(12864K)->12315K(12864K) Class: 1943K(2240K)->1943K(2240K)
[366.152s][info][gc             ] GC(1219) Pause Young (Allocation Failure) 280M->7M(989M) 39.313ms
[366.152s][info][gc,cpu         ] GC(1219) User=0.03s Sys=0.00s Real=0.04s
[366.425s][info][gc,start       ] GC(1220) Pause Young (Allocation Failure)
[366.465s][info][gc,heap        ] GC(1220) DefNew: 280271K(314560K)->657K(314560K) Eden: 279616K(279616K)->0K(279616K) From: 655K(34944K)->657K(34944K)
[366.465s][info][gc,heap        ] GC(1220) Tenured: 7301K(699072K)->7342K(699072K)
[366.465s][info][gc,metaspace   ] GC(1220) Metaspace: 14258K(15104K)->14258K(15104K) NonClass: 12315K(12864K)->12315K(12864K) Class: 1943K(2240K)->1943K(2240K)
[366.465s][info][gc             ] GC(1220) Pause Young (Allocation Failure) 280M->7M(989M) 40.089ms
[366.465s][info][gc,cpu         ] GC(1220) User=0.03s Sys=0.00s Real=0.04s
[366.736s][info][gc,start       ] GC(1221) Pause Young (Allocation Failure)
[366.776s][info][gc,heap        ] GC(1221) DefNew: 280273K(314560K)->660K(314560K) Eden: 279616K(279616K)->0K(279616K) From: 657K(34944K)->660K(34944K)
[366.776s][info][gc,heap        ] GC(1221) Tenured: 7342K(699072K)->7381K(699072K)
[366.776s][info][gc,metaspace   ] GC(1221) Metaspace: 14258K(15104K)->14258K(15104K) NonClass: 12315K(12864K)->12315K(12864K) Class: 1943K(2240K)->1943K(2240K)
[366.776s][info][gc             ] GC(1221) Pause Young (Allocation Failure) 280M->7M(989M) 39.955ms
[366.776s][info][gc,cpu         ] GC(1221) User=0.03s Sys=0.00s Real=0.04s
[367.051s][info][gc,start       ] GC(1222) Pause Young (Allocation Failure)
[367.093s][info][gc,heap        ] GC(1222) DefNew: 280276K(314560K)->660K(314560K) Eden: 279616K(279616K)->0K(279616K) From: 660K(34944K)->660K(34944K)
[367.093s][info][gc,heap        ] GC(1222) Tenured: 7381K(699072K)->7426K(699072K)
[367.093s][info][gc,metaspace   ] GC(1222) Metaspace: 14258K(15104K)->14258K(15104K) NonClass: 12315K(12864K)->12315K(12864K) Class: 1943K(2240K)->1943K(2240K)
[367.093s][info][gc             ] GC(1222) Pause Young (Allocation Failure) 280M->7M(989M) 41.833ms
[367.093s][info][gc,cpu         ] GC(1222) User=0.03s Sys=0.00s Real=0.04s
[367.370s][info][gc,start       ] GC(1223) Pause Young (Allocation Failure)
[367.413s][info][gc,heap        ] GC(1223) DefNew: 280276K(314560K)->666K(314560K) Eden: 279616K(279616K)->0K(279616K) From: 660K(34944K)->666K(34944K)
[367.413s][info][gc,heap        ] GC(1223) Tenured: 7426K(699072K)->7464K(699072K)
[367.413s][info][gc,metaspace   ] GC(1223) Metaspace: 14258K(15104K)->14258K(15104K) NonClass: 12315K(12864K)->12315K(12864K) Class: 1943K(2240K)->1943K(2240K)
[367.413s][info][gc             ] GC(1223) Pause Young (Allocation Failure) 280M->7M(989M) 42.897ms
[367.413s][info][gc,cpu         ] GC(1223) User=0.05s Sys=0.00s Real=0.04s
[367.689s][info][gc,start       ] GC(1224) Pause Young (Allocation Failure)
[367.732s][info][gc,heap        ] GC(1224) DefNew: 280282K(314560K)->665K(314560K) Eden: 279616K(279616K)->0K(279616K) From: 666K(34944K)->665K(34944K)
[367.732s][info][gc,heap        ] GC(1224) Tenured: 7464K(699072K)->7509K(699072K)
[367.732s][info][gc,metaspace   ] GC(1224) Metaspace: 14258K(15104K)->14258K(15104K) NonClass: 12315K(12864K)->12315K(12864K) Class: 1943K(2240K)->1943K(2240K)
[367.732s][info][gc             ] GC(1224) Pause Young (Allocation Failure) 281M->7M(989M) 43.179ms
[367.732s][info][gc,cpu         ] GC(1224) User=0.02s Sys=0.00s Real=0.03s
[368.008s][info][gc,start       ] GC(1225) Pause Young (Allocation Failure)
[368.052s][info][gc,heap        ] GC(1225) DefNew: 280281K(314560K)->665K(314560K) Eden: 279616K(279616K)->0K(279616K) From: 665K(34944K)->665K(34944K)
[368.052s][info][gc,heap        ] GC(1225) Tenured: 7509K(699072K)->7554K(699072K)
[368.052s][info][gc,metaspace   ] GC(1225) Metaspace: 14258K(15104K)->14258K(15104K) NonClass: 12315K(12864K)->12315K(12864K) Class: 1943K(2240K)->1943K(2240K)
[368.052s][info][gc             ] GC(1225) Pause Young (Allocation Failure) 281M->8M(989M) 44.201ms
[368.052s][info][gc,cpu         ] GC(1225) User=0.05s Sys=0.00s Real=0.04s
[368.327s][info][gc,start       ] GC(1226) Pause Young (Allocation Failure)
[368.372s][info][gc,heap        ] GC(1226) DefNew: 280281K(314560K)->662K(314560K) Eden: 279616K(279616K)->0K(279616K) From: 665K(34944K)->662K(34944K)
[368.372s][info][gc,heap        ] GC(1226) Tenured: 7554K(699072K)->7600K(699072K)
[368.372s][info][gc,metaspace   ] GC(1226) Metaspace: 14258K(15104K)->14258K(15104K) NonClass: 12315K(12864K)->12315K(12864K) Class: 1943K(2240K)->1943K(2240K)
[368.372s][info][gc             ] GC(1226) Pause Young (Allocation Failure) 281M->8M(989M) 45.014ms
[368.372s][info][gc,cpu         ] GC(1226) User=0.05s Sys=0.00s Real=0.05s
[368.769s][info][gc,start       ] GC(1227) Pause Young (Allocation Failure)
[368.818s][info][gc,heap        ] GC(1227) DefNew: 280278K(314560K)->663K(314560K) Eden: 279616K(279616K)->0K(279616K) From: 662K(34944K)->663K(34944K)
[368.818s][info][gc,heap        ] GC(1227) Tenured: 7600K(699072K)->7644K(699072K)
[368.818s][info][gc,metaspace   ] GC(1227) Metaspace: 14258K(15104K)->14258K(15104K) NonClass: 12315K(12864K)->12315K(12864K) Class: 1943K(2240K)->1943K(2240K)
[368.819s][info][gc             ] GC(1227) Pause Young (Allocation Failure) 281M->8M(989M) 49.998ms
[368.819s][info][gc,cpu         ] GC(1227) User=0.03s Sys=0.00s Real=0.04s
[369.100s][info][gc,start       ] GC(1228) Pause Young (Allocation Failure)
[369.141s][info][gc,heap        ] GC(1228) DefNew: 280279K(314560K)->668K(314560K) Eden: 279616K(279616K)->0K(279616K) From: 663K(34944K)->668K(34944K)
[369.141s][info][gc,heap        ] GC(1228) Tenured: 7644K(699072K)->7688K(699072K)
[369.141s][info][gc,metaspace   ] GC(1228) Metaspace: 14258K(15104K)->14258K(15104K) NonClass: 12315K(12864K)->12315K(12864K) Class: 1943K(2240K)->1943K(2240K)
[369.141s][info][gc             ] GC(1228) Pause Young (Allocation Failure) 281M->8M(989M) 40.363ms
[369.141s][info][gc,cpu         ] GC(1228) User=0.03s Sys=0.00s Real=0.04s
[369.420s][info][gc,start       ] GC(1229) Pause Young (Allocation Failure)
[369.458s][info][gc,heap        ] GC(1229) DefNew: 280284K(314560K)->670K(314560K) Eden: 279616K(279616K)->0K(279616K) From: 668K(34944K)->670K(34944K)
[369.458s][info][gc,heap        ] GC(1229) Tenured: 7688K(699072K)->7730K(699072K)
[369.458s][info][gc,metaspace   ] GC(1229) Metaspace: 14258K(15104K)->14258K(15104K) NonClass: 12315K(12864K)->12315K(12864K) Class: 1943K(2240K)->1943K(2240K)
[369.458s][info][gc             ] GC(1229) Pause Young (Allocation Failure) 281M->8M(989M) 38.440ms
[369.458s][info][gc,cpu         ] GC(1229) User=0.03s Sys=0.00s Real=0.03s
[369.748s][info][gc,start       ] GC(1230) Pause Young (Allocation Failure)
[369.785s][info][gc,heap        ] GC(1230) DefNew: 280286K(314560K)->673K(314560K) Eden: 279616K(279616K)->0K(279616K) From: 670K(34944K)->673K(34944K)
[369.785s][info][gc,heap        ] GC(1230) Tenured: 7730K(699072K)->7771K(699072K)
[369.785s][info][gc,metaspace   ] GC(1230) Metaspace: 14258K(15104K)->14258K(15104K) NonClass: 12315K(12864K)->12315K(12864K) Class: 1943K(2240K)->1943K(2240K)
[369.786s][info][gc             ] GC(1230) Pause Young (Allocation Failure) 281M->8M(989M) 37.162ms
[369.786s][info][gc,cpu         ] GC(1230) User=0.03s Sys=0.00s Real=0.02s
[370.059s][info][gc,start       ] GC(1231) Pause Young (Allocation Failure)
[370.098s][info][gc,heap        ] GC(1231) DefNew: 280289K(314560K)->670K(314560K) Eden: 279616K(279616K)->0K(279616K) From: 673K(34944K)->670K(34944K)
[370.098s][info][gc,heap        ] GC(1231) Tenured: 7771K(699072K)->7816K(699072K)
[370.098s][info][gc,metaspace   ] GC(1231) Metaspace: 14258K(15104K)->14258K(15104K) NonClass: 12315K(12864K)->12315K(12864K) Class: 1943K(2240K)->1943K(2240K)
[370.098s][info][gc             ] GC(1231) Pause Young (Allocation Failure) 281M->8M(989M) 39.073ms
[370.098s][info][gc,cpu         ] GC(1231) User=0.05s Sys=0.00s Real=0.04s
[370.372s][info][gc,start       ] GC(1232) Pause Young (Allocation Failure)
[370.412s][info][gc,heap        ] GC(1232) DefNew: 280286K(314560K)->669K(314560K) Eden: 279616K(279616K)->0K(279616K) From: 670K(34944K)->669K(34944K)
[370.412s][info][gc,heap        ] GC(1232) Tenured: 7816K(699072K)->7861K(699072K)
[370.412s][info][gc,metaspace   ] GC(1232) Metaspace: 14258K(15104K)->14258K(15104K) NonClass: 12315K(12864K)->12315K(12864K) Class: 1943K(2240K)->1943K(2240K)
[370.412s][info][gc             ] GC(1232) Pause Young (Allocation Failure) 281M->8M(989M) 39.700ms
[370.412s][info][gc,cpu         ] GC(1232) User=0.03s Sys=0.00s Real=0.03s
[370.689s][info][gc,start       ] GC(1233) Pause Young (Allocation Failure)
[370.729s][info][gc,heap        ] GC(1233) DefNew: 280285K(314560K)->668K(314560K) Eden: 279616K(279616K)->0K(279616K) From: 669K(34944K)->668K(34944K)
[370.730s][info][gc,heap        ] GC(1233) Tenured: 7861K(699072K)->7906K(699072K)
[370.730s][info][gc,metaspace   ] GC(1233) Metaspace: 14258K(15104K)->14258K(15104K) NonClass: 12315K(12864K)->12315K(12864K) Class: 1943K(2240K)->1943K(2240K)
[370.730s][info][gc             ] GC(1233) Pause Young (Allocation Failure) 281M->8M(989M) 40.879ms
[370.730s][info][gc,cpu         ] GC(1233) User=0.03s Sys=0.00s Real=0.04s
[371.004s][info][gc,start       ] GC(1234) Pause Young (Allocation Failure)
[371.047s][info][gc,heap        ] GC(1234) DefNew: 280284K(314560K)->669K(314560K) Eden: 279616K(279616K)->0K(279616K) From: 668K(34944K)->669K(34944K)
[371.047s][info][gc,heap        ] GC(1234) Tenured: 7906K(699072K)->7947K(699072K)
[371.047s][info][gc,metaspace   ] GC(1234) Metaspace: 14258K(15104K)->14258K(15104K) NonClass: 12315K(12864K)->12315K(12864K) Class: 1943K(2240K)->1943K(2240K)
[371.047s][info][gc             ] GC(1234) Pause Young (Allocation Failure) 281M->8M(989M) 42.380ms
[371.047s][info][gc,cpu         ] GC(1234) User=0.03s Sys=0.00s Real=0.04s
[371.320s][info][gc,start       ] GC(1235) Pause Young (Allocation Failure)
[371.362s][info][gc,heap        ] GC(1235) DefNew: 280285K(314560K)->666K(314560K) Eden: 279616K(279616K)->0K(279616K) From: 669K(34944K)->666K(34944K)
[371.362s][info][gc,heap        ] GC(1235) Tenured: 7947K(699072K)->7992K(699072K)
[371.362s][info][gc,metaspace   ] GC(1235) Metaspace: 14258K(15104K)->14258K(15104K) NonClass: 12315K(12864K)->12315K(12864K) Class: 1943K(2240K)->1943K(2240K)
[371.362s][info][gc             ] GC(1235) Pause Young (Allocation Failure) 281M->8M(989M) 42.542ms
[371.362s][info][gc,cpu         ] GC(1235) User=0.05s Sys=0.00s Real=0.04s
[371.638s][info][gc,start       ] GC(1236) Pause Young (Allocation Failure)
[371.686s][info][gc,heap        ] GC(1236) DefNew: 280282K(314560K)->669K(314560K) Eden: 279616K(279616K)->0K(279616K) From: 666K(34944K)->669K(34944K)
[371.686s][info][gc,heap        ] GC(1236) Tenured: 7992K(699072K)->8033K(699072K)
[371.686s][info][gc,metaspace   ] GC(1236) Metaspace: 14258K(15104K)->14258K(15104K) NonClass: 12315K(12864K)->12315K(12864K) Class: 1943K(2240K)->1943K(2240K)
[371.686s][info][gc             ] GC(1236) Pause Young (Allocation Failure) 281M->8M(989M) 47.602ms
[371.686s][info][gc,cpu         ] GC(1236) User=0.03s Sys=0.00s Real=0.05s
[371.961s][info][gc,start       ] GC(1237) Pause Young (Allocation Failure)
[372.004s][info][gc,heap        ] GC(1237) DefNew: 280285K(314560K)->666K(314560K) Eden: 279616K(279616K)->0K(279616K) From: 669K(34944K)->666K(34944K)
[372.004s][info][gc,heap        ] GC(1237) Tenured: 8033K(699072K)->8077K(699072K)
[372.004s][info][gc,metaspace   ] GC(1237) Metaspace: 14258K(15104K)->14258K(15104K) NonClass: 12315K(12864K)->12315K(12864K) Class: 1943K(2240K)->1943K(2240K)
[372.004s][info][gc             ] GC(1237) Pause Young (Allocation Failure) 281M->8M(989M) 43.409ms
[372.004s][info][gc,cpu         ] GC(1237) User=0.03s Sys=0.00s Real=0.03s
[372.280s][info][gc,start       ] GC(1238) Pause Young (Allocation Failure)
[372.325s][info][gc,heap        ] GC(1238) DefNew: 280282K(314560K)->666K(314560K) Eden: 279616K(279616K)->0K(279616K) From: 666K(34944K)->666K(34944K)
[372.325s][info][gc,heap        ] GC(1238) Tenured: 8077K(699072K)->8122K(699072K)
[372.325s][info][gc,metaspace   ] GC(1238) Metaspace: 14258K(15104K)->14258K(15104K) NonClass: 12315K(12864K)->12315K(12864K) Class: 1943K(2240K)->1943K(2240K)
[372.325s][info][gc             ] GC(1238) Pause Young (Allocation Failure) 281M->8M(989M) 44.583ms
[372.325s][info][gc,cpu         ] GC(1238) User=0.03s Sys=0.00s Real=0.03s
[372.601s][info][gc,start       ] GC(1239) Pause Young (Allocation Failure)
[372.646s][info][gc,heap        ] GC(1239) DefNew: 280282K(314560K)->667K(314560K) Eden: 279616K(279616K)->0K(279616K) From: 666K(34944K)->667K(34944K)
[372.646s][info][gc,heap        ] GC(1239) Tenured: 8122K(699072K)->8166K(699072K)
[372.646s][info][gc,metaspace   ] GC(1239) Metaspace: 14258K(15104K)->14258K(15104K) NonClass: 12315K(12864K)->12315K(12864K) Class: 1943K(2240K)->1943K(2240K)
[372.646s][info][gc             ] GC(1239) Pause Young (Allocation Failure) 281M->8M(989M) 44.738ms
[372.646s][info][gc,cpu         ] GC(1239) User=0.05s Sys=0.00s Real=0.05s
[372.919s][info][gc,start       ] GC(1240) Pause Young (Allocation Failure)
[372.963s][info][gc,heap        ] GC(1240) DefNew: 280283K(314560K)->664K(314560K) Eden: 279616K(279616K)->0K(279616K) From: 667K(34944K)->664K(34944K)
[372.963s][info][gc,heap        ] GC(1240) Tenured: 8166K(699072K)->8211K(699072K)
[372.963s][info][gc,metaspace   ] GC(1240) Metaspace: 14258K(15104K)->14258K(15104K) NonClass: 12315K(12864K)->12315K(12864K) Class: 1943K(2240K)->1943K(2240K)
[372.963s][info][gc             ] GC(1240) Pause Young (Allocation Failure) 281M->8M(989M) 43.643ms
[372.963s][info][gc,cpu         ] GC(1240) User=0.05s Sys=0.00s Real=0.04s
[373.249s][info][gc,start       ] GC(1241) Pause Young (Allocation Failure)
[373.288s][info][gc,heap        ] GC(1241) DefNew: 280280K(314560K)->665K(314560K) Eden: 279616K(279616K)->0K(279616K) From: 664K(34944K)->665K(34944K)
[373.288s][info][gc,heap        ] GC(1241) Tenured: 8211K(699072K)->8255K(699072K)
[373.288s][info][gc,metaspace   ] GC(1241) Metaspace: 14258K(15104K)->14258K(15104K) NonClass: 12315K(12864K)->12315K(12864K) Class: 1943K(2240K)->1943K(2240K)
[373.288s][info][gc             ] GC(1241) Pause Young (Allocation Failure) 281M->8M(989M) 38.285ms
[373.288s][info][gc,cpu         ] GC(1241) User=0.03s Sys=0.00s Real=0.03s
[373.570s][info][gc,start       ] GC(1242) Pause Young (Allocation Failure)
[373.608s][info][gc,heap        ] GC(1242) DefNew: 280281K(314560K)->664K(314560K) Eden: 279616K(279616K)->0K(279616K) From: 665K(34944K)->664K(34944K)
[373.608s][info][gc,heap        ] GC(1242) Tenured: 8255K(699072K)->8300K(699072K)
[373.608s][info][gc,metaspace   ] GC(1242) Metaspace: 14258K(15104K)->14258K(15104K) NonClass: 12315K(12864K)->12315K(12864K) Class: 1943K(2240K)->1943K(2240K)
[373.608s][info][gc             ] GC(1242) Pause Young (Allocation Failure) 281M->8M(989M) 37.829ms
[373.608s][info][gc,cpu         ] GC(1242) User=0.03s Sys=0.00s Real=0.04s
[373.883s][info][gc,start       ] GC(1243) Pause Young (Allocation Failure)
[373.913s][info][gc,heap        ] GC(1243) DefNew: 280280K(314560K)->659K(314560K) Eden: 279616K(279616K)->0K(279616K) From: 664K(34944K)->659K(34944K)
[373.913s][info][gc,heap        ] GC(1243) Tenured: 8300K(699072K)->8348K(699072K)
[373.913s][info][gc,metaspace   ] GC(1243) Metaspace: 14258K(15104K)->14258K(15104K) NonClass: 12315K(12864K)->12315K(12864K) Class: 1943K(2240K)->1943K(2240K)
[373.913s][info][gc             ] GC(1243) Pause Young (Allocation Failure) 281M->8M(989M) 30.322ms
[373.913s][info][gc,cpu         ] GC(1243) User=0.03s Sys=0.00s Real=0.03s
[374.186s][info][gc,start       ] GC(1244) Pause Young (Allocation Failure)
[374.217s][info][gc,heap        ] GC(1244) DefNew: 280275K(314560K)->659K(314560K) Eden: 279616K(279616K)->0K(279616K) From: 659K(34944K)->659K(34944K)
[374.217s][info][gc,heap        ] GC(1244) Tenured: 8348K(699072K)->8393K(699072K)
[374.217s][info][gc,metaspace   ] GC(1244) Metaspace: 14258K(15104K)->14258K(15104K) NonClass: 12315K(12864K)->12315K(12864K) Class: 1943K(2240K)->1943K(2240K)
[374.217s][info][gc             ] GC(1244) Pause Young (Allocation Failure) 281M->8M(989M) 31.053ms
[374.217s][info][gc,cpu         ] GC(1244) User=0.03s Sys=0.00s Real=0.03s
[374.491s][info][gc,start       ] GC(1245) Pause Young (Allocation Failure)
[374.532s][info][gc,heap        ] GC(1245) DefNew: 280275K(314560K)->659K(314560K) Eden: 279616K(279616K)->0K(279616K) From: 659K(34944K)->659K(34944K)
[374.532s][info][gc,heap        ] GC(1245) Tenured: 8393K(699072K)->8437K(699072K)
[374.532s][info][gc,metaspace   ] GC(1245) Metaspace: 14258K(15104K)->14258K(15104K) NonClass: 12315K(12864K)->12315K(12864K) Class: 1943K(2240K)->1943K(2240K)
[374.532s][info][gc             ] GC(1245) Pause Young (Allocation Failure) 281M->8M(989M) 40.691ms
[374.532s][info][gc,cpu         ] GC(1245) User=0.03s Sys=0.00s Real=0.03s
[374.805s][info][gc,start       ] GC(1246) Pause Young (Allocation Failure)
[374.846s][info][gc,heap        ] GC(1246) DefNew: 280275K(314560K)->659K(314560K) Eden: 279616K(279616K)->0K(279616K) From: 659K(34944K)->659K(34944K)
[374.846s][info][gc,heap        ] GC(1246) Tenured: 8437K(699072K)->8478K(699072K)
[374.846s][info][gc,metaspace   ] GC(1246) Metaspace: 14258K(15104K)->14258K(15104K) NonClass: 12315K(12864K)->12315K(12864K) Class: 1943K(2240K)->1943K(2240K)
[374.846s][info][gc             ] GC(1246) Pause Young (Allocation Failure) 281M->8M(989M) 41.178ms
[374.846s][info][gc,cpu         ] GC(1246) User=0.03s Sys=0.00s Real=0.03s
[375.120s][info][gc,start       ] GC(1247) Pause Young (Allocation Failure)
[375.164s][info][gc,heap        ] GC(1247) DefNew: 280275K(314560K)->657K(314560K) Eden: 279616K(279616K)->0K(279616K) From: 659K(34944K)->657K(34944K)
[375.164s][info][gc,heap        ] GC(1247) Tenured: 8478K(699072K)->8523K(699072K)
[375.164s][info][gc,metaspace   ] GC(1247) Metaspace: 14258K(15104K)->14258K(15104K) NonClass: 12315K(12864K)->12315K(12864K) Class: 1943K(2240K)->1943K(2240K)
[375.164s][info][gc             ] GC(1247) Pause Young (Allocation Failure) 281M->8M(989M) 43.742ms
[375.164s][info][gc,cpu         ] GC(1247) User=0.05s Sys=0.00s Real=0.04s
[375.420s][info][gc,start       ] GC(1248) Pause Young (Allocation Failure)
[375.465s][info][gc,heap        ] GC(1248) DefNew: 280273K(314560K)->652K(314560K) Eden: 279616K(279616K)->0K(279616K) From: 657K(34944K)->652K(34944K)
[375.465s][info][gc,heap        ] GC(1248) Tenured: 8523K(699072K)->8567K(699072K)
[375.465s][info][gc,metaspace   ] GC(1248) Metaspace: 14258K(15104K)->14258K(15104K) NonClass: 12315K(12864K)->12315K(12864K) Class: 1943K(2240K)->1943K(2240K)
[375.465s][info][gc             ] GC(1248) Pause Young (Allocation Failure) 282M->9M(989M) 45.427ms
[375.465s][info][gc,cpu         ] GC(1248) User=0.05s Sys=0.00s Real=0.04s
[375.671s][info][gc,start       ] GC(1249) Pause Young (Allocation Failure)
[375.707s][info][gc,heap        ] GC(1249) DefNew: 280268K(314560K)->643K(314560K) Eden: 279616K(279616K)->0K(279616K) From: 652K(34944K)->643K(34944K)
[375.707s][info][gc,heap        ] GC(1249) Tenured: 8567K(699072K)->8608K(699072K)
[375.707s][info][gc,metaspace   ] GC(1249) Metaspace: 14258K(15104K)->14258K(15104K) NonClass: 12315K(12864K)->12315K(12864K) Class: 1943K(2240K)->1943K(2240K)
[375.707s][info][gc             ] GC(1249) Pause Young (Allocation Failure) 282M->9M(989M) 35.382ms
[375.707s][info][gc,cpu         ] GC(1249) User=0.03s Sys=0.00s Real=0.03s
[375.879s][info][gc,start       ] GC(1250) Pause Young (Allocation Failure)
[375.914s][info][gc,heap        ] GC(1250) DefNew: 280259K(314560K)->629K(314560K) Eden: 279616K(279616K)->0K(279616K) From: 643K(34944K)->629K(34944K)
[375.914s][info][gc,heap        ] GC(1250) Tenured: 8608K(699072K)->8650K(699072K)
[375.914s][info][gc,metaspace   ] GC(1250) Metaspace: 14258K(15104K)->14258K(15104K) NonClass: 12315K(12864K)->12315K(12864K) Class: 1943K(2240K)->1943K(2240K)
[375.914s][info][gc             ] GC(1250) Pause Young (Allocation Failure) 282M->9M(989M) 34.395ms
[375.914s][info][gc,cpu         ] GC(1250) User=0.03s Sys=0.00s Real=0.03s
[376.222s][info][gc,start       ] GC(1251) Pause Young (Allocation Failure)
[376.263s][info][gc,heap        ] GC(1251) DefNew: 280245K(314560K)->632K(314560K) Eden: 279616K(279616K)->0K(279616K) From: 629K(34944K)->632K(34944K)
[376.263s][info][gc,heap        ] GC(1251) Tenured: 8650K(699072K)->8694K(699072K)
[376.263s][info][gc,metaspace   ] GC(1251) Metaspace: 14258K(15104K)->14258K(15104K) NonClass: 12315K(12864K)->12315K(12864K) Class: 1943K(2240K)->1943K(2240K)
[376.263s][info][gc             ] GC(1251) Pause Young (Allocation Failure) 282M->9M(989M) 40.844ms
[376.263s][info][gc,cpu         ] GC(1251) User=0.02s Sys=0.00s Real=0.03s
[376.406s][info][gc,start       ] GC(1252) Pause Full (System.gc())
[376.406s][info][gc,phases,start] GC(1252) Phase 1: Mark live objects
[376.443s][info][gc,phases      ] GC(1252) Phase 1: Mark live objects 36.631ms
[376.443s][info][gc,phases,start] GC(1252) Phase 2: Compute new object addresses
[376.459s][info][gc,phases      ] GC(1252) Phase 2: Compute new object addresses 15.642ms
[376.459s][info][gc,phases,start] GC(1252) Phase 3: Adjust pointers
[376.483s][info][gc,phases      ] GC(1252) Phase 3: Adjust pointers 24.411ms
[376.483s][info][gc,phases,start] GC(1252) Phase 4: Move objects
[376.483s][info][gc,phases      ] GC(1252) Phase 4: Move objects 0.014ms
[376.483s][info][gc,heap        ] GC(1252) DefNew: 62235K(314560K)->0K(314560K) Eden: 61602K(279616K)->0K(279616K) From: 632K(34944K)->0K(34944K)
[376.483s][info][gc,heap        ] GC(1252) Tenured: 8694K(699072K)->8694K(699072K)
[376.483s][info][gc,metaspace   ] GC(1252) Metaspace: 14258K(15104K)->14258K(15104K) NonClass: 12315K(12864K)->12315K(12864K) Class: 1943K(2240K)->1943K(2240K)
[376.483s][info][gc             ] GC(1252) Pause Full (System.gc()) 69M->8M(989M) 77.103ms
[376.483s][info][gc,cpu         ] GC(1252) User=0.08s Sys=0.00s Real=0.08s
[376.806s][info][gc,start       ] GC(1253) Pause Young (Allocation Failure)
[376.846s][info][gc,heap        ] GC(1253) DefNew: 279616K(314560K)->1498K(314560K) Eden: 279616K(279616K)->0K(279616K) From: 0K(34944K)->1498K(34944K)
[376.846s][info][gc,heap        ] GC(1253) Tenured: 8694K(699072K)->8694K(699072K)
[376.846s][info][gc,metaspace   ] GC(1253) Metaspace: 14279K(15104K)->14279K(15104K) NonClass: 12336K(12864K)->12336K(12864K) Class: 1943K(2240K)->1943K(2240K)
[376.846s][info][gc             ] GC(1253) Pause Young (Allocation Failure) 281M->9M(989M) 40.389ms
[376.846s][info][gc,cpu         ] GC(1253) User=0.05s Sys=0.00s Real=0.04s
[377.114s][info][gc,start       ] GC(1254) Pause Young (Allocation Failure)
[377.146s][info][gc,heap        ] GC(1254) DefNew: 281114K(314560K)->1539K(314560K) Eden: 279616K(279616K)->0K(279616K) From: 1498K(34944K)->1539K(34944K)
[377.146s][info][gc,heap        ] GC(1254) Tenured: 8694K(699072K)->8694K(699072K)
[377.146s][info][gc,metaspace   ] GC(1254) Metaspace: 14279K(15104K)->14279K(15104K) NonClass: 12336K(12864K)->12336K(12864K) Class: 1943K(2240K)->1943K(2240K)
[377.146s][info][gc             ] GC(1254) Pause Young (Allocation Failure) 283M->9M(989M) 31.899ms
[377.146s][info][gc,cpu         ] GC(1254) User=0.03s Sys=0.00s Real=0.03s
[377.434s][info][gc,start       ] GC(1255) Pause Young (Allocation Failure)
[377.472s][info][gc,heap        ] GC(1255) DefNew: 281155K(314560K)->1585K(314560K) Eden: 279616K(279616K)->0K(279616K) From: 1539K(34944K)->1585K(34944K)
[377.472s][info][gc,heap        ] GC(1255) Tenured: 8694K(699072K)->8694K(699072K)
[377.472s][info][gc,metaspace   ] GC(1255) Metaspace: 14279K(15104K)->14279K(15104K) NonClass: 12336K(12864K)->12336K(12864K) Class: 1943K(2240K)->1943K(2240K)
[377.472s][info][gc             ] GC(1255) Pause Young (Allocation Failure) 283M->10M(989M) 38.508ms
[377.472s][info][gc,cpu         ] GC(1255) User=0.05s Sys=0.00s Real=0.04s
[377.736s][info][gc,start       ] GC(1256) Pause Young (Allocation Failure)
[377.775s][info][gc,heap        ] GC(1256) DefNew: 281201K(314560K)->1624K(314560K) Eden: 279616K(279616K)->0K(279616K) From: 1585K(34944K)->1624K(34944K)
[377.776s][info][gc,heap        ] GC(1256) Tenured: 8694K(699072K)->8694K(699072K)
[377.776s][info][gc,metaspace   ] GC(1256) Metaspace: 14279K(15104K)->14279K(15104K) NonClass: 12336K(12864K)->12336K(12864K) Class: 1943K(2240K)->1943K(2240K)
[377.776s][info][gc             ] GC(1256) Pause Young (Allocation Failure) 283M->10M(989M) 39.538ms
[377.776s][info][gc,cpu         ] GC(1256) User=0.03s Sys=0.00s Real=0.04s
[378.037s][info][gc,start       ] GC(1257) Pause Young (Allocation Failure)
[378.078s][info][gc,heap        ] GC(1257) DefNew: 281240K(314560K)->1662K(314560K) Eden: 279616K(279616K)->0K(279616K) From: 1624K(34944K)->1662K(34944K)
[378.078s][info][gc,heap        ] GC(1257) Tenured: 8694K(699072K)->8694K(699072K)
[378.078s][info][gc,metaspace   ] GC(1257) Metaspace: 14279K(15104K)->14279K(15104K) NonClass: 12336K(12864K)->12336K(12864K) Class: 1943K(2240K)->1943K(2240K)
[378.078s][info][gc             ] GC(1257) Pause Young (Allocation Failure) 283M->10M(989M) 40.935ms
[378.078s][info][gc,cpu         ] GC(1257) User=0.03s Sys=0.00s Real=0.04s
[378.336s][info][gc,start       ] GC(1258) Pause Young (Allocation Failure)
[378.377s][info][gc,heap        ] GC(1258) DefNew: 281278K(314560K)->1701K(314560K) Eden: 279616K(279616K)->0K(279616K) From: 1662K(34944K)->1701K(34944K)
[378.377s][info][gc,heap        ] GC(1258) Tenured: 8694K(699072K)->8694K(699072K)
[378.377s][info][gc,metaspace   ] GC(1258) Metaspace: 14279K(15104K)->14279K(15104K) NonClass: 12336K(12864K)->12336K(12864K) Class: 1943K(2240K)->1943K(2240K)
[378.377s][info][gc             ] GC(1258) Pause Young (Allocation Failure) 283M->10M(989M) 41.058ms
[378.377s][info][gc,cpu         ] GC(1258) User=0.05s Sys=0.00s Real=0.04s
[378.632s][info][gc,start       ] GC(1259) Pause Young (Allocation Failure)
[378.673s][info][gc,heap        ] GC(1259) DefNew: 281317K(314560K)->1740K(314560K) Eden: 279616K(279616K)->0K(279616K) From: 1701K(34944K)->1740K(34944K)
[378.673s][info][gc,heap        ] GC(1259) Tenured: 8694K(699072K)->8694K(699072K)
[378.673s][info][gc,metaspace   ] GC(1259) Metaspace: 14279K(15104K)->14279K(15104K) NonClass: 12336K(12864K)->12336K(12864K) Class: 1943K(2240K)->1943K(2240K)
[378.673s][info][gc             ] GC(1259) Pause Young (Allocation Failure) 283M->10M(989M) 41.254ms
[378.673s][info][gc,cpu         ] GC(1259) User=0.03s Sys=0.00s Real=0.04s
[378.938s][info][gc,start       ] GC(1260) Pause Young (Allocation Failure)
[378.980s][info][gc,heap        ] GC(1260) DefNew: 281356K(314560K)->1781K(314560K) Eden: 279616K(279616K)->0K(279616K) From: 1740K(34944K)->1781K(34944K)
[378.980s][info][gc,heap        ] GC(1260) Tenured: 8694K(699072K)->8694K(699072K)
[378.980s][info][gc,metaspace   ] GC(1260) Metaspace: 14279K(15104K)->14279K(15104K) NonClass: 12336K(12864K)->12336K(12864K) Class: 1943K(2240K)->1943K(2240K)
[378.980s][info][gc             ] GC(1260) Pause Young (Allocation Failure) 283M->10M(989M) 42.107ms
[378.980s][info][gc,cpu         ] GC(1260) User=0.05s Sys=0.00s Real=0.04s
[379.243s][info][gc,start       ] GC(1261) Pause Young (Allocation Failure)
[379.286s][info][gc,heap        ] GC(1261) DefNew: 281397K(314560K)->1822K(314560K) Eden: 279616K(279616K)->0K(279616K) From: 1781K(34944K)->1822K(34944K)
[379.286s][info][gc,heap        ] GC(1261) Tenured: 8694K(699072K)->8694K(699072K)
[379.286s][info][gc,metaspace   ] GC(1261) Metaspace: 14279K(15104K)->14279K(15104K) NonClass: 12336K(12864K)->12336K(12864K) Class: 1943K(2240K)->1943K(2240K)
[379.287s][info][gc             ] GC(1261) Pause Young (Allocation Failure) 283M->10M(989M) 43.197ms
[379.287s][info][gc,cpu         ] GC(1261) User=0.03s Sys=0.00s Real=0.04s
[379.554s][info][gc,start       ] GC(1262) Pause Young (Allocation Failure)
[379.598s][info][gc,heap        ] GC(1262) DefNew: 281438K(314560K)->1865K(314560K) Eden: 279616K(279616K)->0K(279616K) From: 1822K(34944K)->1865K(34944K)
[379.598s][info][gc,heap        ] GC(1262) Tenured: 8694K(699072K)->8694K(699072K)
[379.598s][info][gc,metaspace   ] GC(1262) Metaspace: 14279K(15104K)->14279K(15104K) NonClass: 12336K(12864K)->12336K(12864K) Class: 1943K(2240K)->1943K(2240K)
[379.598s][info][gc             ] GC(1262) Pause Young (Allocation Failure) 283M->10M(989M) 44.229ms
[379.598s][info][gc,cpu         ] GC(1262) User=0.03s Sys=0.00s Real=0.04s
[379.862s][info][gc,start       ] GC(1263) Pause Young (Allocation Failure)
[379.907s][info][gc,heap        ] GC(1263) DefNew: 281481K(314560K)->1906K(314560K) Eden: 279616K(279616K)->0K(279616K) From: 1865K(34944K)->1906K(34944K)
[379.921s][info][gc,heap        ] GC(1263) Tenured: 8694K(699072K)->8694K(699072K)
[379.921s][info][gc,metaspace   ] GC(1263) Metaspace: 14279K(15104K)->14279K(15104K) NonClass: 12336K(12864K)->12336K(12864K) Class: 1943K(2240K)->1943K(2240K)
[379.921s][info][gc             ] GC(1263) Pause Young (Allocation Failure) 283M->10M(989M) 59.245ms
[379.922s][info][gc,cpu         ] GC(1263) User=0.03s Sys=0.00s Real=0.06s
[380.193s][info][gc,start       ] GC(1264) Pause Young (Allocation Failure)
[380.238s][info][gc,heap        ] GC(1264) DefNew: 281522K(314560K)->1948K(314560K) Eden: 279616K(279616K)->0K(279616K) From: 1906K(34944K)->1948K(34944K)
[380.238s][info][gc,heap        ] GC(1264) Tenured: 8694K(699072K)->8694K(699072K)
[380.238s][info][gc,metaspace   ] GC(1264) Metaspace: 14279K(15104K)->14279K(15104K) NonClass: 12336K(12864K)->12336K(12864K) Class: 1943K(2240K)->1943K(2240K)
[380.238s][info][gc             ] GC(1264) Pause Young (Allocation Failure) 283M->10M(989M) 45.186ms
[380.238s][info][gc,cpu         ] GC(1264) User=0.03s Sys=0.00s Real=0.03s
[380.511s][info][gc,start       ] GC(1265) Pause Young (Allocation Failure)
[380.557s][info][gc,heap        ] GC(1265) DefNew: 281564K(314560K)->1992K(314560K) Eden: 279616K(279616K)->0K(279616K) From: 1948K(34944K)->1992K(34944K)
[380.557s][info][gc,heap        ] GC(1265) Tenured: 8694K(699072K)->8694K(699072K)
[380.557s][info][gc,metaspace   ] GC(1265) Metaspace: 14279K(15104K)->14279K(15104K) NonClass: 12336K(12864K)->12336K(12864K) Class: 1943K(2240K)->1943K(2240K)
[380.557s][info][gc             ] GC(1265) Pause Young (Allocation Failure) 283M->10M(989M) 45.670ms
[380.557s][info][gc,cpu         ] GC(1265) User=0.05s Sys=0.00s Real=0.05s
[380.819s][info][gc,start       ] GC(1266) Pause Young (Allocation Failure)
[380.865s][info][gc,heap        ] GC(1266) DefNew: 281608K(314560K)->2034K(314560K) Eden: 279616K(279616K)->0K(279616K) From: 1992K(34944K)->2034K(34944K)
[380.865s][info][gc,heap        ] GC(1266) Tenured: 8694K(699072K)->8694K(699072K)
[380.865s][info][gc,metaspace   ] GC(1266) Metaspace: 14279K(15104K)->14279K(15104K) NonClass: 12336K(12864K)->12336K(12864K) Class: 1943K(2240K)->1943K(2240K)
[380.865s][info][gc             ] GC(1266) Pause Young (Allocation Failure) 283M->10M(989M) 46.446ms
[380.865s][info][gc,cpu         ] GC(1266) User=0.03s Sys=0.00s Real=0.04s
[381.139s][info][gc,start       ] GC(1267) Pause Young (Allocation Failure)
[381.180s][info][gc,heap        ] GC(1267) DefNew: 281650K(314560K)->2076K(314560K) Eden: 279616K(279616K)->0K(279616K) From: 2034K(34944K)->2076K(34944K)
[381.180s][info][gc,heap        ] GC(1267) Tenured: 8694K(699072K)->8694K(699072K)
[381.180s][info][gc,metaspace   ] GC(1267) Metaspace: 14279K(15104K)->14279K(15104K) NonClass: 12336K(12864K)->12336K(12864K) Class: 1943K(2240K)->1943K(2240K)
[381.180s][info][gc             ] GC(1267) Pause Young (Allocation Failure) 283M->10M(989M) 40.719ms
[381.180s][info][gc,cpu         ] GC(1267) User=0.05s Sys=0.00s Real=0.03s
[381.447s][info][gc,start       ] GC(1268) Pause Young (Allocation Failure)
[381.488s][info][gc,heap        ] GC(1268) DefNew: 281692K(314560K)->630K(314560K) Eden: 279616K(279616K)->0K(279616K) From: 2076K(34944K)->630K(34944K)
[381.488s][info][gc,heap        ] GC(1268) Tenured: 8694K(699072K)->10184K(699072K)
[381.488s][info][gc,metaspace   ] GC(1268) Metaspace: 14279K(15104K)->14279K(15104K) NonClass: 12336K(12864K)->12336K(12864K) Class: 1943K(2240K)->1943K(2240K)
[381.488s][info][gc             ] GC(1268) Pause Young (Allocation Failure) 283M->10M(989M) 40.563ms
[381.488s][info][gc,cpu         ] GC(1268) User=0.03s Sys=0.00s Real=0.03s
[381.754s][info][gc,start       ] GC(1269) Pause Young (Allocation Failure)
[381.793s][info][gc,heap        ] GC(1269) DefNew: 280246K(314560K)->629K(314560K) Eden: 279616K(279616K)->0K(279616K) From: 630K(34944K)->629K(34944K)
[381.793s][info][gc,heap        ] GC(1269) Tenured: 10184K(699072K)->10226K(699072K)
[381.793s][info][gc,metaspace   ] GC(1269) Metaspace: 14279K(15104K)->14279K(15104K) NonClass: 12336K(12864K)->12336K(12864K) Class: 1943K(2240K)->1943K(2240K)
[381.793s][info][gc             ] GC(1269) Pause Young (Allocation Failure) 283M->10M(989M) 38.712ms
[381.793s][info][gc,cpu         ] GC(1269) User=0.02s Sys=0.00s Real=0.02s
[382.046s][info][gc,start       ] GC(1270) Pause Young (Allocation Failure)
[382.087s][info][gc,heap        ] GC(1270) DefNew: 280245K(314560K)->625K(314560K) Eden: 279616K(279616K)->0K(279616K) From: 629K(34944K)->625K(34944K)
[382.087s][info][gc,heap        ] GC(1270) Tenured: 10226K(699072K)->10271K(699072K)
[382.087s][info][gc,metaspace   ] GC(1270) Metaspace: 14279K(15104K)->14279K(15104K) NonClass: 12336K(12864K)->12336K(12864K) Class: 1943K(2240K)->1943K(2240K)
[382.087s][info][gc             ] GC(1270) Pause Young (Allocation Failure) 283M->10M(989M) 40.787ms
[382.087s][info][gc,cpu         ] GC(1270) User=0.05s Sys=0.00s Real=0.04s
[382.346s][info][gc,start       ] GC(1271) Pause Young (Allocation Failure)
[382.378s][info][gc,heap        ] GC(1271) DefNew: 280241K(314560K)->628K(314560K) Eden: 279616K(279616K)->0K(279616K) From: 625K(34944K)->628K(34944K)
[382.379s][info][gc,heap        ] GC(1271) Tenured: 10271K(699072K)->10309K(699072K)
[382.379s][info][gc,metaspace   ] GC(1271) Metaspace: 14279K(15104K)->14279K(15104K) NonClass: 12336K(12864K)->12336K(12864K) Class: 1943K(2240K)->1943K(2240K)
[382.379s][info][gc             ] GC(1271) Pause Young (Allocation Failure) 283M->10M(989M) 32.751ms
[382.379s][info][gc,cpu         ] GC(1271) User=0.03s Sys=0.00s Real=0.03s
[382.633s][info][gc,start       ] GC(1272) Pause Young (Allocation Failure)
[382.664s][info][gc,heap        ] GC(1272) DefNew: 280244K(314560K)->631K(314560K) Eden: 279616K(279616K)->0K(279616K) From: 628K(34944K)->631K(34944K)
[382.664s][info][gc,heap        ] GC(1272) Tenured: 10309K(699072K)->10348K(699072K)
[382.664s][info][gc,metaspace   ] GC(1272) Metaspace: 14279K(15104K)->14279K(15104K) NonClass: 12336K(12864K)->12336K(12864K) Class: 1943K(2240K)->1943K(2240K)
[382.664s][info][gc             ] GC(1272) Pause Young (Allocation Failure) 283M->10M(989M) 31.185ms
[382.664s][info][gc,cpu         ] GC(1272) User=0.03s Sys=0.00s Real=0.03s
[382.920s][info][gc,start       ] GC(1273) Pause Young (Allocation Failure)
[382.951s][info][gc,heap        ] GC(1273) DefNew: 280247K(314560K)->634K(314560K) Eden: 279616K(279616K)->0K(279616K) From: 631K(34944K)->634K(34944K)
[382.951s][info][gc,heap        ] GC(1273) Tenured: 10348K(699072K)->10386K(699072K)
[382.951s][info][gc,metaspace   ] GC(1273) Metaspace: 14279K(15104K)->14279K(15104K) NonClass: 12336K(12864K)->12336K(12864K) Class: 1943K(2240K)->1943K(2240K)
[382.951s][info][gc             ] GC(1273) Pause Young (Allocation Failure) 283M->10M(989M) 31.383ms
[382.951s][info][gc,cpu         ] GC(1273) User=0.03s Sys=0.00s Real=0.02s
[383.206s][info][gc,start       ] GC(1274) Pause Young (Allocation Failure)
[383.239s][info][gc,heap        ] GC(1274) DefNew: 280250K(314560K)->634K(314560K) Eden: 279616K(279616K)->0K(279616K) From: 634K(34944K)->634K(34944K)
[383.239s][info][gc,heap        ] GC(1274) Tenured: 10386K(699072K)->10425K(699072K)
[383.239s][info][gc,metaspace   ] GC(1274) Metaspace: 14279K(15104K)->14279K(15104K) NonClass: 12336K(12864K)->12336K(12864K) Class: 1943K(2240K)->1943K(2240K)
[383.240s][info][gc             ] GC(1274) Pause Young (Allocation Failure) 283M->10M(989M) 33.105ms
[383.240s][info][gc,cpu         ] GC(1274) User=0.03s Sys=0.00s Real=0.03s
[383.495s][info][gc,start       ] GC(1275) Pause Young (Allocation Failure)
[383.539s][info][gc,heap        ] GC(1275) DefNew: 280250K(314560K)->631K(314560K) Eden: 279616K(279616K)->0K(279616K) From: 634K(34944K)->631K(34944K)
[383.539s][info][gc,heap        ] GC(1275) Tenured: 10425K(699072K)->10467K(699072K)
[383.539s][info][gc,metaspace   ] GC(1275) Metaspace: 14279K(15104K)->14279K(15104K) NonClass: 12336K(12864K)->12336K(12864K) Class: 1943K(2240K)->1943K(2240K)
[383.539s][info][gc             ] GC(1275) Pause Young (Allocation Failure) 283M->10M(989M) 43.774ms
[383.539s][info][gc,cpu         ] GC(1275) User=0.05s Sys=0.00s Real=0.04s
[383.796s][info][gc,start       ] GC(1276) Pause Young (Allocation Failure)
[383.840s][info][gc,heap        ] GC(1276) DefNew: 280247K(314560K)->631K(314560K) Eden: 279616K(279616K)->0K(279616K) From: 631K(34944K)->631K(34944K)
[383.840s][info][gc,heap        ] GC(1276) Tenured: 10467K(699072K)->10508K(699072K)
[383.840s][info][gc,metaspace   ] GC(1276) Metaspace: 14279K(15104K)->14279K(15104K) NonClass: 12336K(12864K)->12336K(12864K) Class: 1943K(2240K)->1943K(2240K)
[383.840s][info][gc             ] GC(1276) Pause Young (Allocation Failure) 283M->10M(989M) 43.787ms
[383.840s][info][gc,cpu         ] GC(1276) User=0.03s Sys=0.00s Real=0.03s
[384.096s][info][gc,start       ] GC(1277) Pause Young (Allocation Failure)
[384.147s][info][gc,heap        ] GC(1277) DefNew: 280247K(314560K)->630K(314560K) Eden: 279616K(279616K)->0K(279616K) From: 631K(34944K)->630K(34944K)
[384.147s][info][gc,heap        ] GC(1277) Tenured: 10508K(699072K)->10550K(699072K)
[384.147s][info][gc,metaspace   ] GC(1277) Metaspace: 14279K(15104K)->14279K(15104K) NonClass: 12336K(12864K)->12336K(12864K) Class: 1943K(2240K)->1943K(2240K)
[384.147s][info][gc             ] GC(1277) Pause Young (Allocation Failure) 283M->10M(989M) 50.242ms
[384.147s][info][gc,cpu         ] GC(1277) User=0.05s Sys=0.00s Real=0.05s
[384.404s][info][gc,start       ] GC(1278) Pause Young (Allocation Failure)
[384.437s][info][gc,heap        ] GC(1278) DefNew: 280246K(314560K)->629K(314560K) Eden: 279616K(279616K)->0K(279616K) From: 630K(34944K)->629K(34944K)
[384.437s][info][gc,heap        ] GC(1278) Tenured: 10550K(699072K)->10591K(699072K)
[384.437s][info][gc,metaspace   ] GC(1278) Metaspace: 14279K(15104K)->14279K(15104K) NonClass: 12336K(12864K)->12336K(12864K) Class: 1943K(2240K)->1943K(2240K)
[384.437s][info][gc             ] GC(1278) Pause Young (Allocation Failure) 283M->10M(989M) 33.012ms
[384.437s][info][gc,cpu         ] GC(1278) User=0.03s Sys=0.00s Real=0.03s
[384.778s][info][gc,start       ] GC(1279) Pause Young (Allocation Failure)
[384.819s][info][gc,heap        ] GC(1279) DefNew: 280245K(314560K)->629K(314560K) Eden: 279616K(279616K)->0K(279616K) From: 629K(34944K)->629K(34944K)
[384.819s][info][gc,heap        ] GC(1279) Tenured: 10591K(699072K)->10633K(699072K)
[384.819s][info][gc,metaspace   ] GC(1279) Metaspace: 14279K(15104K)->14279K(15104K) NonClass: 12336K(12864K)->12336K(12864K) Class: 1943K(2240K)->1943K(2240K)
[384.819s][info][gc             ] GC(1279) Pause Young (Allocation Failure) 284M->10M(989M) 40.887ms
[384.819s][info][gc,cpu         ] GC(1279) User=0.03s Sys=0.00s Real=0.03s
[385.084s][info][gc,start       ] GC(1280) Pause Young (Allocation Failure)
[385.115s][info][gc,heap        ] GC(1280) DefNew: 280245K(314560K)->626K(314560K) Eden: 279616K(279616K)->0K(279616K) From: 629K(34944K)->626K(34944K)
[385.115s][info][gc,heap        ] GC(1280) Tenured: 10633K(699072K)->10677K(699072K)
[385.115s][info][gc,metaspace   ] GC(1280) Metaspace: 14279K(15104K)->14279K(15104K) NonClass: 12336K(12864K)->12336K(12864K) Class: 1943K(2240K)->1943K(2240K)
[385.115s][info][gc             ] GC(1280) Pause Young (Allocation Failure) 284M->11M(989M) 31.119ms
[385.115s][info][gc,cpu         ] GC(1280) User=0.02s Sys=0.00s Real=0.03s
[385.376s][info][gc,start       ] GC(1281) Pause Young (Allocation Failure)
[385.406s][info][gc,heap        ] GC(1281) DefNew: 280242K(314560K)->626K(314560K) Eden: 279616K(279616K)->0K(279616K) From: 626K(34944K)->626K(34944K)
[385.406s][info][gc,heap        ] GC(1281) Tenured: 10677K(699072K)->10719K(699072K)
[385.406s][info][gc,metaspace   ] GC(1281) Metaspace: 14279K(15104K)->14279K(15104K) NonClass: 12336K(12864K)->12336K(12864K) Class: 1943K(2240K)->1943K(2240K)
[385.406s][info][gc             ] GC(1281) Pause Young (Allocation Failure) 284M->11M(989M) 29.601ms
[385.406s][info][gc,cpu         ] GC(1281) User=0.02s Sys=0.00s Real=0.02s
[385.671s][info][gc,start       ] GC(1282) Pause Young (Allocation Failure)
[385.700s][info][gc,heap        ] GC(1282) DefNew: 280242K(314560K)->625K(314560K) Eden: 279616K(279616K)->0K(279616K) From: 626K(34944K)->625K(34944K)
[385.700s][info][gc,heap        ] GC(1282) Tenured: 10719K(699072K)->10761K(699072K)
[385.700s][info][gc,metaspace   ] GC(1282) Metaspace: 14279K(15104K)->14279K(15104K) NonClass: 12336K(12864K)->12336K(12864K) Class: 1943K(2240K)->1943K(2240K)
[385.700s][info][gc             ] GC(1282) Pause Young (Allocation Failure) 284M->11M(989M) 29.378ms
[385.700s][info][gc,cpu         ] GC(1282) User=0.03s Sys=0.00s Real=0.03s
[385.954s][info][gc,start       ] GC(1283) Pause Young (Allocation Failure)
[385.993s][info][gc,heap        ] GC(1283) DefNew: 280241K(314560K)->621K(314560K) Eden: 279616K(279616K)->0K(279616K) From: 625K(34944K)->621K(34944K)
[385.994s][info][gc,heap        ] GC(1283) Tenured: 10761K(699072K)->10805K(699072K)
[385.994s][info][gc,metaspace   ] GC(1283) Metaspace: 14279K(15104K)->14279K(15104K) NonClass: 12336K(12864K)->12336K(12864K) Class: 1943K(2240K)->1943K(2240K)
[385.994s][info][gc             ] GC(1283) Pause Young (Allocation Failure) 284M->11M(989M) 39.600ms
[385.994s][info][gc,cpu         ] GC(1283) User=0.03s Sys=0.00s Real=0.04s
[386.248s][info][gc,start       ] GC(1284) Pause Young (Allocation Failure)
[386.288s][info][gc,heap        ] GC(1284) DefNew: 280237K(314560K)->619K(314560K) Eden: 279616K(279616K)->0K(279616K) From: 621K(34944K)->619K(34944K)
[386.288s][info][gc,heap        ] GC(1284) Tenured: 10805K(699072K)->10846K(699072K)
[386.288s][info][gc,metaspace   ] GC(1284) Metaspace: 14279K(15104K)->14279K(15104K) NonClass: 12336K(12864K)->12336K(12864K) Class: 1943K(2240K)->1943K(2240K)
[386.288s][info][gc             ] GC(1284) Pause Young (Allocation Failure) 284M->11M(989M) 39.887ms
[386.288s][info][gc,cpu         ] GC(1284) User=0.05s Sys=0.00s Real=0.04s
[386.543s][info][gc,start       ] GC(1285) Pause Young (Allocation Failure)
[386.584s][info][gc,heap        ] GC(1285) DefNew: 280235K(314560K)->617K(314560K) Eden: 279616K(279616K)->0K(279616K) From: 619K(34944K)->617K(34944K)
[386.584s][info][gc,heap        ] GC(1285) Tenured: 10846K(699072K)->10885K(699072K)
[386.584s][info][gc,metaspace   ] GC(1285) Metaspace: 14279K(15104K)->14279K(15104K) NonClass: 12336K(12864K)->12336K(12864K) Class: 1943K(2240K)->1943K(2240K)
[386.584s][info][gc             ] GC(1285) Pause Young (Allocation Failure) 284M->11M(989M) 41.034ms
[386.584s][info][gc,cpu         ] GC(1285) User=0.05s Sys=0.00s Real=0.04s
[386.843s][info][gc,start       ] GC(1286) Pause Young (Allocation Failure)
[386.896s][info][gc,heap        ] GC(1286) DefNew: 280233K(314560K)->616K(314560K) Eden: 279616K(279616K)->0K(279616K) From: 617K(34944K)->616K(34944K)
[386.896s][info][gc,heap        ] GC(1286) Tenured: 10885K(699072K)->10928K(699072K)
[386.896s][info][gc,metaspace   ] GC(1286) Metaspace: 14279K(15104K)->14279K(15104K) NonClass: 12336K(12864K)->12336K(12864K) Class: 1943K(2240K)->1943K(2240K)
[386.896s][info][gc             ] GC(1286) Pause Young (Allocation Failure) 284M->11M(989M) 52.596ms
[386.896s][info][gc,cpu         ] GC(1286) User=0.03s Sys=0.00s Real=0.04s
[387.155s][info][gc,start       ] GC(1287) Pause Young (Allocation Failure)
[387.197s][info][gc,heap        ] GC(1287) DefNew: 280232K(314560K)->615K(314560K) Eden: 279616K(279616K)->0K(279616K) From: 616K(34944K)->615K(34944K)
[387.197s][info][gc,heap        ] GC(1287) Tenured: 10928K(699072K)->10970K(699072K)
[387.197s][info][gc,metaspace   ] GC(1287) Metaspace: 14279K(15104K)->14279K(15104K) NonClass: 12336K(12864K)->12336K(12864K) Class: 1943K(2240K)->1943K(2240K)
[387.197s][info][gc             ] GC(1287) Pause Young (Allocation Failure) 284M->11M(989M) 42.380ms
[387.197s][info][gc,cpu         ] GC(1287) User=0.05s Sys=0.00s Real=0.04s
[387.456s][info][gc,start       ] GC(1288) Pause Young (Allocation Failure)
[387.499s][info][gc,heap        ] GC(1288) DefNew: 280231K(314560K)->616K(314560K) Eden: 279616K(279616K)->0K(279616K) From: 615K(34944K)->616K(34944K)
[387.499s][info][gc,heap        ] GC(1288) Tenured: 10970K(699072K)->11012K(699072K)
[387.499s][info][gc,metaspace   ] GC(1288) Metaspace: 14279K(15104K)->14279K(15104K) NonClass: 12336K(12864K)->12336K(12864K) Class: 1943K(2240K)->1943K(2240K)
[387.499s][info][gc             ] GC(1288) Pause Young (Allocation Failure) 284M->11M(989M) 43.492ms
[387.499s][info][gc,cpu         ] GC(1288) User=0.03s Sys=0.00s Real=0.04s
[387.755s][info][gc,start       ] GC(1289) Pause Young (Allocation Failure)
[387.788s][info][gc,heap        ] GC(1289) DefNew: 280232K(314560K)->618K(314560K) Eden: 279616K(279616K)->0K(279616K) From: 616K(34944K)->618K(34944K)
[387.788s][info][gc,heap        ] GC(1289) Tenured: 11012K(699072K)->11050K(699072K)
[387.788s][info][gc,metaspace   ] GC(1289) Metaspace: 14279K(15104K)->14279K(15104K) NonClass: 12336K(12864K)->12336K(12864K) Class: 1943K(2240K)->1943K(2240K)
[387.789s][info][gc             ] GC(1289) Pause Young (Allocation Failure) 284M->11M(989M) 33.791ms
[387.789s][info][gc,cpu         ] GC(1289) User=0.03s Sys=0.00s Real=0.03s
[388.045s][info][gc,start       ] GC(1290) Pause Young (Allocation Failure)
[388.089s][info][gc,heap        ] GC(1290) DefNew: 280234K(314560K)->625K(314560K) Eden: 279616K(279616K)->0K(279616K) From: 618K(34944K)->625K(34944K)
[388.089s][info][gc,heap        ] GC(1290) Tenured: 11050K(699072K)->11089K(699072K)
[388.089s][info][gc,metaspace   ] GC(1290) Metaspace: 14279K(15104K)->14279K(15104K) NonClass: 12336K(12864K)->12336K(12864K) Class: 1943K(2240K)->1943K(2240K)
[388.089s][info][gc             ] GC(1290) Pause Young (Allocation Failure) 284M->11M(989M) 44.355ms
[388.090s][info][gc,cpu         ] GC(1290) User=0.05s Sys=0.00s Real=0.04s
[388.348s][info][gc,start       ] GC(1291) Pause Young (Allocation Failure)
[388.393s][info][gc,heap        ] GC(1291) DefNew: 280241K(314560K)->626K(314560K) Eden: 279615K(279616K)->0K(279616K) From: 625K(34944K)->626K(34944K)
[388.393s][info][gc,heap        ] GC(1291) Tenured: 11089K(699072K)->11130K(699072K)
[388.393s][info][gc,metaspace   ] GC(1291) Metaspace: 14279K(15104K)->14279K(15104K) NonClass: 12336K(12864K)->12336K(12864K) Class: 1943K(2240K)->1943K(2240K)
[388.393s][info][gc             ] GC(1291) Pause Young (Allocation Failure) 284M->11M(989M) 44.649ms
[388.393s][info][gc,cpu         ] GC(1291) User=0.05s Sys=0.00s Real=0.04s
[388.734s][info][gc,start       ] GC(1292) Pause Young (Allocation Failure)
[388.783s][info][gc,heap        ] GC(1292) DefNew: 280242K(314560K)->623K(314560K) Eden: 279616K(279616K)->0K(279616K) From: 626K(34944K)->623K(34944K)
[388.783s][info][gc,heap        ] GC(1292) Tenured: 11130K(699072K)->11171K(699072K)
[388.783s][info][gc,metaspace   ] GC(1292) Metaspace: 14279K(15104K)->14279K(15104K) NonClass: 12336K(12864K)->12336K(12864K) Class: 1943K(2240K)->1943K(2240K)
[388.783s][info][gc             ] GC(1292) Pause Young (Allocation Failure) 284M->11M(989M) 49.612ms
[388.783s][info][gc,cpu         ] GC(1292) User=0.05s Sys=0.00s Real=0.05s
[389.048s][info][gc,start       ] GC(1293) Pause Young (Allocation Failure)
[389.079s][info][gc,heap        ] GC(1293) DefNew: 280239K(314560K)->623K(314560K) Eden: 279616K(279616K)->0K(279616K) From: 623K(34944K)->623K(34944K)
[389.079s][info][gc,heap        ] GC(1293) Tenured: 11171K(699072K)->11213K(699072K)
[389.079s][info][gc,metaspace   ] GC(1293) Metaspace: 14279K(15104K)->14279K(15104K) NonClass: 12336K(12864K)->12336K(12864K) Class: 1943K(2240K)->1943K(2240K)
[389.079s][info][gc             ] GC(1293) Pause Young (Allocation Failure) 284M->11M(989M) 31.314ms
[389.079s][info][gc,cpu         ] GC(1293) User=0.03s Sys=0.00s Real=0.03s
[389.350s][info][gc,start       ] GC(1294) Pause Young (Allocation Failure)
[389.389s][info][gc,heap        ] GC(1294) DefNew: 280239K(314560K)->626K(314560K) Eden: 279616K(279616K)->0K(279616K) From: 623K(34944K)->626K(34944K)
[389.389s][info][gc,heap        ] GC(1294) Tenured: 11213K(699072K)->11254K(699072K)
[389.389s][info][gc,metaspace   ] GC(1294) Metaspace: 14279K(15104K)->14279K(15104K) NonClass: 12336K(12864K)->12336K(12864K) Class: 1943K(2240K)->1943K(2240K)
[389.389s][info][gc             ] GC(1294) Pause Young (Allocation Failure) 284M->11M(989M) 38.510ms
[389.389s][info][gc,cpu         ] GC(1294) User=0.03s Sys=0.00s Real=0.03s
[389.645s][info][gc,start       ] GC(1295) Pause Young (Allocation Failure)
[389.684s][info][gc,heap        ] GC(1295) DefNew: 280242K(314560K)->626K(314560K) Eden: 279616K(279616K)->0K(279616K) From: 626K(34944K)->626K(34944K)
[389.684s][info][gc,heap        ] GC(1295) Tenured: 11254K(699072K)->11295K(699072K)
[389.684s][info][gc,metaspace   ] GC(1295) Metaspace: 14279K(15104K)->14279K(15104K) NonClass: 12336K(12864K)->12336K(12864K) Class: 1943K(2240K)->1943K(2240K)
[389.684s][info][gc             ] GC(1295) Pause Young (Allocation Failure) 284M->11M(989M) 38.905ms
[389.684s][info][gc,cpu         ] GC(1295) User=0.03s Sys=0.00s Real=0.03s
[389.941s][info][gc,start       ] GC(1296) Pause Young (Allocation Failure)
[389.981s][info][gc,heap        ] GC(1296) DefNew: 280242K(314560K)->626K(314560K) Eden: 279616K(279616K)->0K(279616K) From: 626K(34944K)->626K(34944K)
[389.982s][info][gc,heap        ] GC(1296) Tenured: 11295K(699072K)->11337K(699072K)
[389.982s][info][gc,metaspace   ] GC(1296) Metaspace: 14279K(15104K)->14279K(15104K) NonClass: 12336K(12864K)->12336K(12864K) Class: 1943K(2240K)->1943K(2240K)
[389.982s][info][gc             ] GC(1296) Pause Young (Allocation Failure) 284M->11M(989M) 40.292ms
[389.982s][info][gc,cpu         ] GC(1296) User=0.03s Sys=0.00s Real=0.04s
[390.236s][info][gc,start       ] GC(1297) Pause Young (Allocation Failure)
[390.276s][info][gc,heap        ] GC(1297) DefNew: 280242K(314560K)->623K(314560K) Eden: 279616K(279616K)->0K(279616K) From: 626K(34944K)->623K(34944K)
[390.276s][info][gc,heap        ] GC(1297) Tenured: 11337K(699072K)->11379K(699072K)
[390.276s][info][gc,metaspace   ] GC(1297) Metaspace: 14279K(15104K)->14279K(15104K) NonClass: 12336K(12864K)->12336K(12864K) Class: 1943K(2240K)->1943K(2240K)
[390.276s][info][gc             ] GC(1297) Pause Young (Allocation Failure) 284M->11M(989M) 39.874ms
[390.276s][info][gc,cpu         ] GC(1297) User=0.02s Sys=0.00s Real=0.03s
[390.529s][info][gc,start       ] GC(1298) Pause Young (Allocation Failure)
[390.571s][info][gc,heap        ] GC(1298) DefNew: 280239K(314560K)->621K(314560K) Eden: 279616K(279616K)->0K(279616K) From: 623K(34944K)->621K(34944K)
[390.571s][info][gc,heap        ] GC(1298) Tenured: 11379K(699072K)->11417K(699072K)
[390.571s][info][gc,metaspace   ] GC(1298) Metaspace: 14279K(15104K)->14279K(15104K) NonClass: 12336K(12864K)->12336K(12864K) Class: 1943K(2240K)->1943K(2240K)
[390.571s][info][gc             ] GC(1298) Pause Young (Allocation Failure) 284M->11M(989M) 42.317ms
[390.571s][info][gc,cpu         ] GC(1298) User=0.05s Sys=0.00s Real=0.04s
[390.826s][info][gc,start       ] GC(1299) Pause Young (Allocation Failure)
[390.859s][info][gc,heap        ] GC(1299) DefNew: 280237K(314560K)->621K(314560K) Eden: 279616K(279616K)->0K(279616K) From: 621K(34944K)->621K(34944K)
[390.859s][info][gc,heap        ] GC(1299) Tenured: 11417K(699072K)->11456K(699072K)
[390.859s][info][gc,metaspace   ] GC(1299) Metaspace: 14279K(15104K)->14279K(15104K) NonClass: 12336K(12864K)->12336K(12864K) Class: 1943K(2240K)->1943K(2240K)
[390.859s][info][gc             ] GC(1299) Pause Young (Allocation Failure) 284M->11M(989M) 33.148ms
[390.859s][info][gc,cpu         ] GC(1299) User=0.03s Sys=0.00s Real=0.03s
[391.113s][info][gc,start       ] GC(1300) Pause Young (Allocation Failure)
[391.146s][info][gc,heap        ] GC(1300) DefNew: 280237K(314560K)->620K(314560K) Eden: 279616K(279616K)->0K(279616K) From: 621K(34944K)->620K(34944K)
[391.146s][info][gc,heap        ] GC(1300) Tenured: 11456K(699072K)->11494K(699072K)
[391.146s][info][gc,metaspace   ] GC(1300) Metaspace: 14279K(15104K)->14279K(15104K) NonClass: 12336K(12864K)->12336K(12864K) Class: 1943K(2240K)->1943K(2240K)
[391.146s][info][gc             ] GC(1300) Pause Young (Allocation Failure) 284M->11M(989M) 32.731ms
[391.146s][info][gc,cpu         ] GC(1300) User=0.03s Sys=0.00s Real=0.03s
[391.401s][info][gc,start       ] GC(1301) Pause Young (Allocation Failure)
[391.433s][info][gc,heap        ] GC(1301) DefNew: 280236K(314560K)->617K(314560K) Eden: 279616K(279616K)->0K(279616K) From: 620K(34944K)->617K(34944K)
[391.433s][info][gc,heap        ] GC(1301) Tenured: 11494K(699072K)->11536K(699072K)
[391.433s][info][gc,metaspace   ] GC(1301) Metaspace: 14279K(15104K)->14279K(15104K) NonClass: 12336K(12864K)->12336K(12864K) Class: 1943K(2240K)->1943K(2240K)
[391.433s][info][gc             ] GC(1301) Pause Young (Allocation Failure) 284M->11M(989M) 32.372ms
[391.433s][info][gc,cpu         ] GC(1301) User=0.03s Sys=0.00s Real=0.02s
[391.686s][info][gc,start       ] GC(1302) Pause Young (Allocation Failure)
[391.718s][info][gc,heap        ] GC(1302) DefNew: 280233K(314560K)->614K(314560K) Eden: 279616K(279616K)->0K(279616K) From: 617K(34944K)->614K(34944K)
[391.718s][info][gc,heap        ] GC(1302) Tenured: 11536K(699072K)->11577K(699072K)
[391.718s][info][gc,metaspace   ] GC(1302) Metaspace: 14279K(15104K)->14279K(15104K) NonClass: 12336K(12864K)->12336K(12864K) Class: 1943K(2240K)->1943K(2240K)
[391.718s][info][gc             ] GC(1302) Pause Young (Allocation Failure) 284M->11M(989M) 32.745ms
[391.718s][info][gc,cpu         ] GC(1302) User=0.03s Sys=0.00s Real=0.03s
[391.977s][info][gc,start       ] GC(1303) Pause Young (Allocation Failure)
[392.022s][info][gc,heap        ] GC(1303) DefNew: 280230K(314560K)->614K(314560K) Eden: 279616K(279616K)->0K(279616K) From: 614K(34944K)->614K(34944K)
[392.022s][info][gc,heap        ] GC(1303) Tenured: 11577K(699072K)->11619K(699072K)
[392.022s][info][gc,metaspace   ] GC(1303) Metaspace: 14279K(15104K)->14279K(15104K) NonClass: 12336K(12864K)->12336K(12864K) Class: 1943K(2240K)->1943K(2240K)
[392.022s][info][gc             ] GC(1303) Pause Young (Allocation Failure) 284M->11M(989M) 44.832ms
[392.022s][info][gc,cpu         ] GC(1303) User=0.03s Sys=0.00s Real=0.03s
[392.278s][info][gc,start       ] GC(1304) Pause Young (Allocation Failure)
[392.322s][info][gc,heap        ] GC(1304) DefNew: 280230K(314560K)->613K(314560K) Eden: 279616K(279616K)->0K(279616K) From: 614K(34944K)->613K(34944K)
[392.322s][info][gc,heap        ] GC(1304) Tenured: 11619K(699072K)->11660K(699072K)
[392.323s][info][gc,metaspace   ] GC(1304) Metaspace: 14279K(15104K)->14279K(15104K) NonClass: 12336K(12864K)->12336K(12864K) Class: 1943K(2240K)->1943K(2240K)
[392.323s][info][gc             ] GC(1304) Pause Young (Allocation Failure) 285M->11M(989M) 44.462ms
[392.323s][info][gc,cpu         ] GC(1304) User=0.05s Sys=0.00s Real=0.04s
[392.672s][info][gc,start       ] GC(1305) Pause Young (Allocation Failure)
[392.715s][info][gc,heap        ] GC(1305) DefNew: 280229K(314560K)->609K(314560K) Eden: 279616K(279616K)->0K(279616K) From: 613K(34944K)->609K(34944K)
[392.715s][info][gc,heap        ] GC(1305) Tenured: 11660K(699072K)->11706K(699072K)
[392.715s][info][gc,metaspace   ] GC(1305) Metaspace: 14279K(15104K)->14279K(15104K) NonClass: 12336K(12864K)->12336K(12864K) Class: 1943K(2240K)->1943K(2240K)
[392.715s][info][gc             ] GC(1305) Pause Young (Allocation Failure) 285M->12M(989M) 42.909ms
[392.715s][info][gc,cpu         ] GC(1305) User=0.03s Sys=0.00s Real=0.03s
[392.994s][info][gc,start       ] GC(1306) Pause Young (Allocation Failure)
[393.034s][info][gc,heap        ] GC(1306) DefNew: 280225K(314560K)->611K(314560K) Eden: 279615K(279616K)->0K(279616K) From: 609K(34944K)->611K(34944K)
[393.034s][info][gc,heap        ] GC(1306) Tenured: 11706K(699072K)->11747K(699072K)
[393.034s][info][gc,metaspace   ] GC(1306) Metaspace: 14279K(15104K)->14279K(15104K) NonClass: 12336K(12864K)->12336K(12864K) Class: 1943K(2240K)->1943K(2240K)
[393.034s][info][gc             ] GC(1306) Pause Young (Allocation Failure) 285M->12M(989M) 39.594ms
[393.034s][info][gc,cpu         ] GC(1306) User=0.03s Sys=0.00s Real=0.03s
[393.304s][info][gc,start       ] GC(1307) Pause Young (Allocation Failure)
[393.343s][info][gc,heap        ] GC(1307) DefNew: 280227K(314560K)->613K(314560K) Eden: 279616K(279616K)->0K(279616K) From: 611K(34944K)->613K(34944K)
[393.343s][info][gc,heap        ] GC(1307) Tenured: 11747K(699072K)->11786K(699072K)
[393.343s][info][gc,metaspace   ] GC(1307) Metaspace: 14279K(15104K)->14279K(15104K) NonClass: 12336K(12864K)->12336K(12864K) Class: 1943K(2240K)->1943K(2240K)
[393.343s][info][gc             ] GC(1307) Pause Young (Allocation Failure) 285M->12M(989M) 39.018ms
[393.343s][info][gc,cpu         ] GC(1307) User=0.03s Sys=0.00s Real=0.03s
[393.600s][info][gc,start       ] GC(1308) Pause Young (Allocation Failure)
[393.642s][info][gc,heap        ] GC(1308) DefNew: 280229K(314560K)->614K(314560K) Eden: 279616K(279616K)->0K(279616K) From: 613K(34944K)->614K(34944K)
[393.642s][info][gc,heap        ] GC(1308) Tenured: 11786K(699072K)->11828K(699072K)
[393.642s][info][gc,metaspace   ] GC(1308) Metaspace: 14279K(15104K)->14279K(15104K) NonClass: 12336K(12864K)->12336K(12864K) Class: 1943K(2240K)->1943K(2240K)
[393.642s][info][gc             ] GC(1308) Pause Young (Allocation Failure) 285M->12M(989M) 41.968ms
[393.642s][info][gc,cpu         ] GC(1308) User=0.03s Sys=0.00s Real=0.03s
[393.876s][info][gc,start       ] GC(1309) Pause Young (Allocation Failure)
[393.910s][info][gc,heap        ] GC(1309) DefNew: 280230K(314560K)->605K(314560K) Eden: 279616K(279616K)->0K(279616K) From: 614K(34944K)->605K(34944K)
[393.910s][info][gc,heap        ] GC(1309) Tenured: 11828K(699072K)->11872K(699072K)
[393.910s][info][gc,metaspace   ] GC(1309) Metaspace: 14279K(15104K)->14279K(15104K) NonClass: 12336K(12864K)->12336K(12864K) Class: 1943K(2240K)->1943K(2240K)
[393.910s][info][gc             ] GC(1309) Pause Young (Allocation Failure) 285M->12M(989M) 34.124ms
[393.910s][info][gc,cpu         ] GC(1309) User=0.02s Sys=0.00s Real=0.02s
[394.084s][info][gc,start       ] GC(1310) Pause Young (Allocation Failure)
[394.114s][info][gc,heap        ] GC(1310) DefNew: 280221K(314560K)->591K(314560K) Eden: 279616K(279616K)->0K(279616K) From: 605K(34944K)->591K(34944K)
[394.114s][info][gc,heap        ] GC(1310) Tenured: 11872K(699072K)->11914K(699072K)
[394.114s][info][gc,metaspace   ] GC(1310) Metaspace: 14279K(15104K)->14279K(15104K) NonClass: 12336K(12864K)->12336K(12864K) Class: 1943K(2240K)->1943K(2240K)
[394.114s][info][gc             ] GC(1310) Pause Young (Allocation Failure) 285M->12M(989M) 30.577ms
[394.114s][info][gc,cpu         ] GC(1310) User=0.03s Sys=0.00s Real=0.03s
[394.354s][info][gc,start       ] GC(1311) Pause Young (Allocation Failure)
[394.391s][info][gc,heap        ] GC(1311) DefNew: 280207K(314560K)->586K(314560K) Eden: 279616K(279616K)->0K(279616K) From: 591K(34944K)->586K(34944K)
[394.391s][info][gc,heap        ] GC(1311) Tenured: 11914K(699072K)->11955K(699072K)
[394.391s][info][gc,metaspace   ] GC(1311) Metaspace: 14279K(15104K)->14279K(15104K) NonClass: 12336K(12864K)->12336K(12864K) Class: 1943K(2240K)->1943K(2240K)
[394.391s][info][gc             ] GC(1311) Pause Young (Allocation Failure) 285M->12M(989M) 36.929ms
[394.391s][info][gc,cpu         ] GC(1311) User=0.03s Sys=0.00s Real=0.04s
[394.618s][info][gc,start       ] GC(1312) Pause Full (System.gc())
[394.618s][info][gc,phases,start] GC(1312) Phase 1: Mark live objects
[394.651s][info][gc,phases      ] GC(1312) Phase 1: Mark live objects 32.984ms
[394.651s][info][gc,phases,start] GC(1312) Phase 2: Compute new object addresses
[394.685s][info][gc,phases      ] GC(1312) Phase 2: Compute new object addresses 33.995ms
[394.685s][info][gc,phases,start] GC(1312) Phase 3: Adjust pointers
[394.708s][info][gc,phases      ] GC(1312) Phase 3: Adjust pointers 22.639ms
[394.708s][info][gc,phases,start] GC(1312) Phase 4: Move objects
[394.708s][info][gc,phases      ] GC(1312) Phase 4: Move objects 0.012ms
[394.708s][info][gc,heap        ] GC(1312) DefNew: 145320K(314560K)->0K(314560K) Eden: 144733K(279616K)->0K(279616K) From: 586K(34944K)->0K(34944K)
[394.708s][info][gc,heap        ] GC(1312) Tenured: 11955K(699072K)->11956K(699072K)
[394.708s][info][gc,metaspace   ] GC(1312) Metaspace: 14279K(15104K)->14279K(15104K) NonClass: 12336K(12864K)->12336K(12864K) Class: 1943K(2240K)->1943K(2240K)
[394.708s][info][gc             ] GC(1312) Pause Full (System.gc()) 153M->11M(989M) 89.942ms
[394.708s][info][gc,cpu         ] GC(1312) User=0.08s Sys=0.00s Real=0.08s
[394.937s][info][gc,start       ] GC(1313) Pause Young (Allocation Failure)
[394.979s][info][gc,heap        ] GC(1313) DefNew: 279616K(314560K)->1497K(314560K) Eden: 279616K(279616K)->0K(279616K) From: 0K(34944K)->1497K(34944K)
[394.979s][info][gc,heap        ] GC(1313) Tenured: 11956K(699072K)->11956K(699072K)
[394.979s][info][gc,metaspace   ] GC(1313) Metaspace: 14279K(15104K)->14279K(15104K) NonClass: 12336K(12864K)->12336K(12864K) Class: 1943K(2240K)->1943K(2240K)
[394.979s][info][gc             ] GC(1313) Pause Young (Allocation Failure) 284M->13M(989M) 41.713ms
[394.979s][info][gc,cpu         ] GC(1313) User=0.03s Sys=0.00s Real=0.03s
[395.237s][info][gc,start       ] GC(1314) Pause Young (Allocation Failure)
[395.281s][info][gc,heap        ] GC(1314) DefNew: 281113K(314560K)->1540K(314560K) Eden: 279616K(279616K)->0K(279616K) From: 1497K(34944K)->1540K(34944K)
[395.281s][info][gc,heap        ] GC(1314) Tenured: 11956K(699072K)->11956K(699072K)
[395.281s][info][gc,metaspace   ] GC(1314) Metaspace: 14279K(15104K)->14279K(15104K) NonClass: 12336K(12864K)->12336K(12864K) Class: 1943K(2240K)->1943K(2240K)
[395.281s][info][gc             ] GC(1314) Pause Young (Allocation Failure) 286M->13M(989M) 43.525ms
[395.281s][info][gc,cpu         ] GC(1314) User=0.03s Sys=0.00s Real=0.04s
[395.545s][info][gc,start       ] GC(1315) Pause Young (Allocation Failure)
[395.590s][info][gc,heap        ] GC(1315) DefNew: 281156K(314560K)->1577K(314560K) Eden: 279616K(279616K)->0K(279616K) From: 1540K(34944K)->1577K(34944K)
[395.590s][info][gc,heap        ] GC(1315) Tenured: 11956K(699072K)->11956K(699072K)
[395.590s][info][gc,metaspace   ] GC(1315) Metaspace: 14279K(15104K)->14279K(15104K) NonClass: 12336K(12864K)->12336K(12864K) Class: 1943K(2240K)->1943K(2240K)
[395.590s][info][gc             ] GC(1315) Pause Young (Allocation Failure) 286M->13M(989M) 45.221ms
[395.590s][info][gc,cpu         ] GC(1315) User=0.05s Sys=0.00s Real=0.03s
[395.867s][info][gc,start       ] GC(1316) Pause Young (Allocation Failure)
[395.902s][info][gc,heap        ] GC(1316) DefNew: 281193K(314560K)->1623K(314560K) Eden: 279616K(279616K)->0K(279616K) From: 1577K(34944K)->1623K(34944K)
[395.902s][info][gc,heap        ] GC(1316) Tenured: 11956K(699072K)->11956K(699072K)
[395.902s][info][gc,metaspace   ] GC(1316) Metaspace: 14279K(15104K)->14279K(15104K) NonClass: 12336K(12864K)->12336K(12864K) Class: 1943K(2240K)->1943K(2240K)
[395.902s][info][gc             ] GC(1316) Pause Young (Allocation Failure) 286M->13M(989M) 34.962ms
[395.902s][info][gc,cpu         ] GC(1316) User=0.03s Sys=0.00s Real=0.03s
[396.162s][info][gc,start       ] GC(1317) Pause Young (Allocation Failure)
[396.196s][info][gc,heap        ] GC(1317) DefNew: 281239K(314560K)->1662K(314560K) Eden: 279616K(279616K)->0K(279616K) From: 1623K(34944K)->1662K(34944K)
[396.196s][info][gc,heap        ] GC(1317) Tenured: 11956K(699072K)->11956K(699072K)
[396.196s][info][gc,metaspace   ] GC(1317) Metaspace: 14279K(15104K)->14279K(15104K) NonClass: 12336K(12864K)->12336K(12864K) Class: 1943K(2240K)->1943K(2240K)
[396.196s][info][gc             ] GC(1317) Pause Young (Allocation Failure) 286M->13M(989M) 33.860ms
[396.196s][info][gc,cpu         ] GC(1317) User=0.03s Sys=0.00s Real=0.03s
[396.506s][info][gc,start       ] GC(1318) Pause Young (Allocation Failure)
[396.549s][info][gc,heap        ] GC(1318) DefNew: 281278K(314560K)->1702K(314560K) Eden: 279616K(279616K)->0K(279616K) From: 1662K(34944K)->1702K(34944K)
[396.549s][info][gc,heap        ] GC(1318) Tenured: 11956K(699072K)->11956K(699072K)
[396.549s][info][gc,metaspace   ] GC(1318) Metaspace: 14279K(15104K)->14279K(15104K) NonClass: 12336K(12864K)->12336K(12864K) Class: 1943K(2240K)->1943K(2240K)
[396.549s][info][gc             ] GC(1318) Pause Young (Allocation Failure) 286M->13M(989M) 43.322ms
[396.549s][info][gc,cpu         ] GC(1318) User=0.03s Sys=0.00s Real=0.03s
[396.819s][info][gc,start       ] GC(1319) Pause Young (Allocation Failure)
[396.863s][info][gc,heap        ] GC(1319) DefNew: 281318K(314560K)->1744K(314560K) Eden: 279616K(279616K)->0K(279616K) From: 1702K(34944K)->1744K(34944K)
[396.863s][info][gc,heap        ] GC(1319) Tenured: 11956K(699072K)->11956K(699072K)
[396.863s][info][gc,metaspace   ] GC(1319) Metaspace: 14279K(15104K)->14279K(15104K) NonClass: 12336K(12864K)->12336K(12864K) Class: 1943K(2240K)->1943K(2240K)
[396.863s][info][gc             ] GC(1319) Pause Young (Allocation Failure) 286M->13M(989M) 43.745ms
[396.863s][info][gc,cpu         ] GC(1319) User=0.05s Sys=0.00s Real=0.04s
[397.134s][info][gc,start       ] GC(1320) Pause Young (Allocation Failure)
[397.173s][info][gc,heap        ] GC(1320) DefNew: 281360K(314560K)->1789K(314560K) Eden: 279616K(279616K)->0K(279616K) From: 1744K(34944K)->1789K(34944K)
[397.173s][info][gc,heap        ] GC(1320) Tenured: 11956K(699072K)->11956K(699072K)
[397.173s][info][gc,metaspace   ] GC(1320) Metaspace: 14279K(15104K)->14279K(15104K) NonClass: 12336K(12864K)->12336K(12864K) Class: 1943K(2240K)->1943K(2240K)
[397.173s][info][gc             ] GC(1320) Pause Young (Allocation Failure) 286M->13M(989M) 39.683ms
[397.173s][info][gc,cpu         ] GC(1320) User=0.05s Sys=0.00s Real=0.04s
[397.455s][info][gc,start       ] GC(1321) Pause Young (Allocation Failure)
[397.487s][info][gc,heap        ] GC(1321) DefNew: 281405K(314560K)->1833K(314560K) Eden: 279616K(279616K)->0K(279616K) From: 1789K(34944K)->1833K(34944K)
[397.487s][info][gc,heap        ] GC(1321) Tenured: 11956K(699072K)->11956K(699072K)
[397.487s][info][gc,metaspace   ] GC(1321) Metaspace: 14279K(15104K)->14279K(15104K) NonClass: 12336K(12864K)->12336K(12864K) Class: 1943K(2240K)->1943K(2240K)
[397.487s][info][gc             ] GC(1321) Pause Young (Allocation Failure) 286M->13M(989M) 31.443ms
[397.487s][info][gc,cpu         ] GC(1321) User=0.02s Sys=0.00s Real=0.03s
[397.750s][info][gc,start       ] GC(1322) Pause Young (Allocation Failure)
[397.791s][info][gc,heap        ] GC(1322) DefNew: 281449K(314560K)->1875K(314560K) Eden: 279616K(279616K)->0K(279616K) From: 1833K(34944K)->1875K(34944K)
[397.791s][info][gc,heap        ] GC(1322) Tenured: 11956K(699072K)->11956K(699072K)
[397.791s][info][gc,metaspace   ] GC(1322) Metaspace: 14279K(15104K)->14279K(15104K) NonClass: 12336K(12864K)->12336K(12864K) Class: 1943K(2240K)->1943K(2240K)
[397.791s][info][gc             ] GC(1322) Pause Young (Allocation Failure) 286M->13M(989M) 40.855ms
[397.791s][info][gc,cpu         ] GC(1322) User=0.05s Sys=0.00s Real=0.04s
[398.055s][info][gc,start       ] GC(1323) Pause Young (Allocation Failure)
[398.097s][info][gc,heap        ] GC(1323) DefNew: 281491K(314560K)->1921K(314560K) Eden: 279616K(279616K)->0K(279616K) From: 1875K(34944K)->1921K(34944K)
[398.097s][info][gc,heap        ] GC(1323) Tenured: 11956K(699072K)->11956K(699072K)
[398.097s][info][gc,metaspace   ] GC(1323) Metaspace: 14279K(15104K)->14279K(15104K) NonClass: 12336K(12864K)->12336K(12864K) Class: 1943K(2240K)->1943K(2240K)
[398.097s][info][gc             ] GC(1323) Pause Young (Allocation Failure) 286M->13M(989M) 41.981ms
[398.097s][info][gc,cpu         ] GC(1323) User=0.05s Sys=0.00s Real=0.04s
[398.366s][info][gc,start       ] GC(1324) Pause Young (Allocation Failure)
[398.408s][info][gc,heap        ] GC(1324) DefNew: 281537K(314560K)->1962K(314560K) Eden: 279616K(279616K)->0K(279616K) From: 1921K(34944K)->1962K(34944K)
[398.408s][info][gc,heap        ] GC(1324) Tenured: 11956K(699072K)->11956K(699072K)
[398.408s][info][gc,metaspace   ] GC(1324) Metaspace: 14279K(15104K)->14279K(15104K) NonClass: 12336K(12864K)->12336K(12864K) Class: 1943K(2240K)->1943K(2240K)
[398.409s][info][gc             ] GC(1324) Pause Young (Allocation Failure) 286M->13M(989M) 42.246ms
[398.409s][info][gc,cpu         ] GC(1324) User=0.03s Sys=0.00s Real=0.03s
[398.673s][info][gc,start       ] GC(1325) Pause Young (Allocation Failure)
[398.715s][info][gc,heap        ] GC(1325) DefNew: 281578K(314560K)->2003K(314560K) Eden: 279616K(279616K)->0K(279616K) From: 1962K(34944K)->2003K(34944K)
[398.715s][info][gc,heap        ] GC(1325) Tenured: 11956K(699072K)->11956K(699072K)
[398.715s][info][gc,metaspace   ] GC(1325) Metaspace: 14279K(15104K)->14279K(15104K) NonClass: 12336K(12864K)->12336K(12864K) Class: 1943K(2240K)->1943K(2240K)
[398.715s][info][gc             ] GC(1325) Pause Young (Allocation Failure) 286M->13M(989M) 42.176ms
[398.715s][info][gc,cpu         ] GC(1325) User=0.05s Sys=0.00s Real=0.03s
[398.978s][info][gc,start       ] GC(1326) Pause Young (Allocation Failure)
[399.022s][info][gc,heap        ] GC(1326) DefNew: 281619K(314560K)->2045K(314560K) Eden: 279616K(279616K)->0K(279616K) From: 2003K(34944K)->2045K(34944K)
[399.022s][info][gc,heap        ] GC(1326) Tenured: 11956K(699072K)->11956K(699072K)
[399.022s][info][gc,metaspace   ] GC(1326) Metaspace: 14279K(15104K)->14279K(15104K) NonClass: 12336K(12864K)->12336K(12864K) Class: 1943K(2240K)->1943K(2240K)
[399.022s][info][gc             ] GC(1326) Pause Young (Allocation Failure) 286M->13M(989M) 44.220ms
[399.022s][info][gc,cpu         ] GC(1326) User=0.05s Sys=0.00s Real=0.04s
[399.288s][info][gc,start       ] GC(1327) Pause Young (Allocation Failure)
[399.332s][info][gc,heap        ] GC(1327) DefNew: 281661K(314560K)->2087K(314560K) Eden: 279616K(279616K)->0K(279616K) From: 2045K(34944K)->2087K(34944K)
[399.332s][info][gc,heap        ] GC(1327) Tenured: 11956K(699072K)->11956K(699072K)
[399.332s][info][gc,metaspace   ] GC(1327) Metaspace: 14279K(15104K)->14279K(15104K) NonClass: 12336K(12864K)->12336K(12864K) Class: 1943K(2240K)->1943K(2240K)
[399.332s][info][gc             ] GC(1327) Pause Young (Allocation Failure) 286M->13M(989M) 44.421ms
[399.332s][info][gc,cpu         ] GC(1327) User=0.03s Sys=0.00s Real=0.03s
[399.609s][info][gc,start       ] GC(1328) Pause Young (Allocation Failure)
[399.655s][info][gc,heap        ] GC(1328) DefNew: 281703K(314560K)->641K(314560K) Eden: 279616K(279616K)->0K(279616K) From: 2087K(34944K)->641K(34944K)
[399.655s][info][gc,heap        ] GC(1328) Tenured: 11956K(699072K)->13445K(699072K)
[399.655s][info][gc,metaspace   ] GC(1328) Metaspace: 14279K(15104K)->14279K(15104K) NonClass: 12336K(12864K)->12336K(12864K) Class: 1943K(2240K)->1943K(2240K)
[399.656s][info][gc             ] GC(1328) Pause Young (Allocation Failure) 286M->13M(989M) 46.384ms
[399.656s][info][gc,cpu         ] GC(1328) User=0.05s Sys=0.00s Real=0.04s
[399.912s][info][gc,start       ] GC(1329) Pause Young (Allocation Failure)
[399.956s][info][gc,heap        ] GC(1329) DefNew: 280257K(314560K)->642K(314560K) Eden: 279616K(279616K)->0K(279616K) From: 641K(34944K)->642K(34944K)
[399.956s][info][gc,heap        ] GC(1329) Tenured: 13445K(699072K)->13487K(699072K)
[399.956s][info][gc,metaspace   ] GC(1329) Metaspace: 14279K(15104K)->14279K(15104K) NonClass: 12336K(12864K)->12336K(12864K) Class: 1943K(2240K)->1943K(2240K)
[399.956s][info][gc             ] GC(1329) Pause Young (Allocation Failure) 286M->13M(989M) 44.611ms
[399.956s][info][gc,cpu         ] GC(1329) User=0.05s Sys=0.00s Real=0.05s
[400.213s][info][gc,start       ] GC(1330) Pause Young (Allocation Failure)
[400.258s][info][gc,heap        ] GC(1330) DefNew: 280258K(314560K)->644K(314560K) Eden: 279616K(279616K)->0K(279616K) From: 642K(34944K)->644K(34944K)
[400.259s][info][gc,heap        ] GC(1330) Tenured: 13487K(699072K)->13525K(699072K)
[400.259s][info][gc,metaspace   ] GC(1330) Metaspace: 14279K(15104K)->14279K(15104K) NonClass: 12336K(12864K)->12336K(12864K) Class: 1943K(2240K)->1943K(2240K)
[400.259s][info][gc             ] GC(1330) Pause Young (Allocation Failure) 286M->13M(989M) 45.820ms
[400.259s][info][gc,cpu         ] GC(1330) User=0.05s Sys=0.00s Real=0.05s
[400.539s][info][gc,start       ] GC(1331) Pause Young (Allocation Failure)
[400.586s][info][gc,heap        ] GC(1331) DefNew: 280260K(314560K)->642K(314560K) Eden: 279616K(279616K)->0K(279616K) From: 644K(34944K)->642K(34944K)
[400.587s][info][gc,heap        ] GC(1331) Tenured: 13525K(699072K)->13570K(699072K)
[400.587s][info][gc,metaspace   ] GC(1331) Metaspace: 14279K(15104K)->14279K(15104K) NonClass: 12336K(12864K)->12336K(12864K) Class: 1943K(2240K)->1943K(2240K)
[400.587s][info][gc             ] GC(1331) Pause Young (Allocation Failure) 286M->13M(989M) 47.355ms
[400.587s][info][gc,cpu         ] GC(1331) User=0.05s Sys=0.00s Real=0.05s
[400.850s][info][gc,start       ] GC(1332) Pause Young (Allocation Failure)
[400.881s][info][gc,heap        ] GC(1332) DefNew: 280258K(314560K)->646K(314560K) Eden: 279616K(279616K)->0K(279616K) From: 642K(34944K)->646K(34944K)
[400.881s][info][gc,heap        ] GC(1332) Tenured: 13570K(699072K)->13608K(699072K)
[400.881s][info][gc,metaspace   ] GC(1332) Metaspace: 14279K(15104K)->14279K(15104K) NonClass: 12336K(12864K)->12336K(12864K) Class: 1943K(2240K)->1943K(2240K)
[400.881s][info][gc             ] GC(1332) Pause Young (Allocation Failure) 286M->13M(989M) 31.482ms
[400.881s][info][gc,cpu         ] GC(1332) User=0.03s Sys=0.00s Real=0.03s
[401.135s][info][gc,start       ] GC(1333) Pause Young (Allocation Failure)
[401.170s][info][gc,heap        ] GC(1333) DefNew: 280262K(314560K)->646K(314560K) Eden: 279616K(279616K)->0K(279616K) From: 646K(34944K)->646K(34944K)
[401.170s][info][gc,heap        ] GC(1333) Tenured: 13608K(699072K)->13650K(699072K)
[401.170s][info][gc,metaspace   ] GC(1333) Metaspace: 14279K(15104K)->14279K(15104K) NonClass: 12336K(12864K)->12336K(12864K) Class: 1943K(2240K)->1943K(2240K)
[401.170s][info][gc             ] GC(1333) Pause Young (Allocation Failure) 286M->13M(989M) 34.931ms
[401.170s][info][gc,cpu         ] GC(1333) User=0.03s Sys=0.00s Real=0.03s
[401.441s][info][gc,start       ] GC(1334) Pause Young (Allocation Failure)
[401.479s][info][gc,heap        ] GC(1334) DefNew: 280262K(314560K)->646K(314560K) Eden: 279616K(279616K)->0K(279616K) From: 646K(34944K)->646K(34944K)
[401.479s][info][gc,heap        ] GC(1334) Tenured: 13650K(699072K)->13692K(699072K)
[401.479s][info][gc,metaspace   ] GC(1334) Metaspace: 14279K(15104K)->14279K(15104K) NonClass: 12336K(12864K)->12336K(12864K) Class: 1943K(2240K)->1943K(2240K)
[401.479s][info][gc             ] GC(1334) Pause Young (Allocation Failure) 287M->14M(989M) 37.514ms
[401.479s][info][gc,cpu         ] GC(1334) User=0.02s Sys=0.00s Real=0.03s
[401.733s][info][gc,start       ] GC(1335) Pause Young (Allocation Failure)
[401.772s][info][gc,heap        ] GC(1335) DefNew: 280262K(314560K)->642K(314560K) Eden: 279616K(279616K)->0K(279616K) From: 646K(34944K)->642K(34944K)
[401.772s][info][gc,heap        ] GC(1335) Tenured: 13692K(699072K)->13736K(699072K)
[401.772s][info][gc,metaspace   ] GC(1335) Metaspace: 14279K(15104K)->14279K(15104K) NonClass: 12336K(12864K)->12336K(12864K) Class: 1943K(2240K)->1943K(2240K)
[401.773s][info][gc             ] GC(1335) Pause Young (Allocation Failure) 287M->14M(989M) 40.000ms
[401.773s][info][gc,cpu         ] GC(1335) User=0.03s Sys=0.00s Real=0.03s
[402.022s][info][gc,start       ] GC(1336) Pause Young (Allocation Failure)
[402.053s][info][gc,heap        ] GC(1336) DefNew: 280258K(314560K)->631K(314560K) Eden: 279616K(279616K)->0K(279616K) From: 642K(34944K)->631K(34944K)
[402.053s][info][gc,heap        ] GC(1336) Tenured: 13736K(699072K)->13780K(699072K)
[402.053s][info][gc,metaspace   ] GC(1336) Metaspace: 14279K(15104K)->14279K(15104K) NonClass: 12336K(12864K)->12336K(12864K) Class: 1943K(2240K)->1943K(2240K)
[402.053s][info][gc             ] GC(1336) Pause Young (Allocation Failure) 287M->14M(989M) 30.630ms
[402.053s][info][gc,cpu         ] GC(1336) User=0.02s Sys=0.00s Real=0.02s
[402.307s][info][gc,start       ] GC(1337) Pause Young (Allocation Failure)
[402.348s][info][gc,heap        ] GC(1337) DefNew: 280247K(314560K)->631K(314560K) Eden: 279616K(279616K)->0K(279616K) From: 631K(34944K)->631K(34944K)
[402.348s][info][gc,heap        ] GC(1337) Tenured: 13780K(699072K)->13822K(699072K)
[402.348s][info][gc,metaspace   ] GC(1337) Metaspace: 14279K(15104K)->14279K(15104K) NonClass: 12336K(12864K)->12336K(12864K) Class: 1943K(2240K)->1943K(2240K)
[402.348s][info][gc             ] GC(1337) Pause Young (Allocation Failure) 287M->14M(989M) 40.950ms
[402.348s][info][gc,cpu         ] GC(1337) User=0.05s Sys=0.00s Real=0.04s
[402.602s][info][gc,start       ] GC(1338) Pause Young (Allocation Failure)
[402.643s][info][gc,heap        ] GC(1338) DefNew: 280247K(314560K)->626K(314560K) Eden: 279616K(279616K)->0K(279616K) From: 631K(34944K)->626K(34944K)
[402.644s][info][gc,heap        ] GC(1338) Tenured: 13822K(699072K)->13867K(699072K)
[402.644s][info][gc,metaspace   ] GC(1338) Metaspace: 14279K(15104K)->14279K(15104K) NonClass: 12336K(12864K)->12336K(12864K) Class: 1943K(2240K)->1943K(2240K)
[402.644s][info][gc             ] GC(1338) Pause Young (Allocation Failure) 287M->14M(989M) 41.371ms
[402.644s][info][gc,cpu         ] GC(1338) User=0.03s Sys=0.00s Real=0.04s
[402.899s][info][gc,start       ] GC(1339) Pause Young (Allocation Failure)
[402.941s][info][gc,heap        ] GC(1339) DefNew: 280242K(314560K)->624K(314560K) Eden: 279616K(279616K)->0K(279616K) From: 626K(34944K)->624K(34944K)
[402.941s][info][gc,heap        ] GC(1339) Tenured: 13867K(699072K)->13908K(699072K)
[402.941s][info][gc,metaspace   ] GC(1339) Metaspace: 14279K(15104K)->14279K(15104K) NonClass: 12336K(12864K)->12336K(12864K) Class: 1943K(2240K)->1943K(2240K)
[402.941s][info][gc             ] GC(1339) Pause Young (Allocation Failure) 287M->14M(989M) 42.204ms
[402.941s][info][gc,cpu         ] GC(1339) User=0.03s Sys=0.00s Real=0.03s
[403.196s][info][gc,start       ] GC(1340) Pause Young (Allocation Failure)
[403.239s][info][gc,heap        ] GC(1340) DefNew: 280240K(314560K)->623K(314560K) Eden: 279616K(279616K)->0K(279616K) From: 624K(34944K)->623K(34944K)
[403.239s][info][gc,heap        ] GC(1340) Tenured: 13908K(699072K)->13950K(699072K)
[403.239s][info][gc,metaspace   ] GC(1340) Metaspace: 14279K(15104K)->14279K(15104K) NonClass: 12336K(12864K)->12336K(12864K) Class: 1943K(2240K)->1943K(2240K)
[403.239s][info][gc             ] GC(1340) Pause Young (Allocation Failure) 287M->14M(989M) 42.797ms
[403.239s][info][gc,cpu         ] GC(1340) User=0.03s Sys=0.00s Real=0.03s
[403.492s][info][gc,start       ] GC(1341) Pause Young (Allocation Failure)
[403.535s][info][gc,heap        ] GC(1341) DefNew: 280239K(314560K)->619K(314560K) Eden: 279616K(279616K)->0K(279616K) From: 623K(34944K)->619K(34944K)
[403.535s][info][gc,heap        ] GC(1341) Tenured: 13950K(699072K)->13992K(699072K)
[403.535s][info][gc,metaspace   ] GC(1341) Metaspace: 14279K(15104K)->14279K(15104K) NonClass: 12336K(12864K)->12336K(12864K) Class: 1943K(2240K)->1943K(2240K)
[403.535s][info][gc             ] GC(1341) Pause Young (Allocation Failure) 287M->14M(989M) 43.568ms
[403.535s][info][gc,cpu         ] GC(1341) User=0.03s Sys=0.00s Real=0.03s
[403.794s][info][gc,start       ] GC(1342) Pause Young (Allocation Failure)
[403.838s][info][gc,heap        ] GC(1342) DefNew: 280235K(314560K)->620K(314560K) Eden: 279616K(279616K)->0K(279616K) From: 619K(34944K)->620K(34944K)
[403.838s][info][gc,heap        ] GC(1342) Tenured: 13992K(699072K)->14033K(699072K)
[403.838s][info][gc,metaspace   ] GC(1342) Metaspace: 14279K(15104K)->14279K(15104K) NonClass: 12336K(12864K)->12336K(12864K) Class: 1943K(2240K)->1943K(2240K)
[403.838s][info][gc             ] GC(1342) Pause Young (Allocation Failure) 287M->14M(989M) 44.717ms
[403.838s][info][gc,cpu         ] GC(1342) User=0.03s Sys=0.00s Real=0.03s
[404.092s][info][gc,start       ] GC(1343) Pause Young (Allocation Failure)
[404.135s][info][gc,heap        ] GC(1343) DefNew: 280236K(314560K)->614K(314560K) Eden: 279616K(279616K)->0K(279616K) From: 620K(34944K)->614K(34944K)
[404.135s][info][gc,heap        ] GC(1343) Tenured: 14033K(699072K)->14078K(699072K)
[404.135s][info][gc,metaspace   ] GC(1343) Metaspace: 14279K(15104K)->14279K(15104K) NonClass: 12336K(12864K)->12336K(12864K) Class: 1943K(2240K)->1943K(2240K)
[404.135s][info][gc             ] GC(1343) Pause Young (Allocation Failure) 287M->14M(989M) 43.362ms
[404.135s][info][gc,cpu         ] GC(1343) User=0.05s Sys=0.00s Real=0.04s
[404.486s][info][gc,start       ] GC(1344) Pause Young (Allocation Failure)
[404.526s][info][gc,heap        ] GC(1344) DefNew: 280230K(314560K)->610K(314560K) Eden: 279616K(279616K)->0K(279616K) From: 614K(34944K)->610K(34944K)
[404.526s][info][gc,heap        ] GC(1344) Tenured: 14078K(699072K)->14119K(699072K)
[404.527s][info][gc,metaspace   ] GC(1344) Metaspace: 14279K(15104K)->14279K(15104K) NonClass: 12336K(12864K)->12336K(12864K) Class: 1943K(2240K)->1943K(2240K)
[404.527s][info][gc             ] GC(1344) Pause Young (Allocation Failure) 287M->14M(989M) 40.188ms
[404.527s][info][gc,cpu         ] GC(1344) User=0.03s Sys=0.00s Real=0.03s
[404.789s][info][gc,start       ] GC(1345) Pause Young (Allocation Failure)
[404.819s][info][gc,heap        ] GC(1345) DefNew: 280226K(314560K)->607K(314560K) Eden: 279616K(279616K)->0K(279616K) From: 610K(34944K)->607K(34944K)
[404.819s][info][gc,heap        ] GC(1345) Tenured: 14119K(699072K)->14161K(699072K)
[404.819s][info][gc,metaspace   ] GC(1345) Metaspace: 14279K(15104K)->14279K(15104K) NonClass: 12336K(12864K)->12336K(12864K) Class: 1943K(2240K)->1943K(2240K)
[404.819s][info][gc             ] GC(1345) Pause Young (Allocation Failure) 287M->14M(989M) 30.673ms
[404.819s][info][gc,cpu         ] GC(1345) User=0.02s Sys=0.00s Real=0.02s
[405.076s][info][gc,start       ] GC(1346) Pause Young (Allocation Failure)
[405.114s][info][gc,heap        ] GC(1346) DefNew: 280223K(314560K)->605K(314560K) Eden: 279616K(279616K)->0K(279616K) From: 607K(34944K)->605K(34944K)
[405.115s][info][gc,heap        ] GC(1346) Tenured: 14161K(699072K)->14205K(699072K)
[405.115s][info][gc,metaspace   ] GC(1346) Metaspace: 14279K(15104K)->14279K(15104K) NonClass: 12336K(12864K)->12336K(12864K) Class: 1943K(2240K)->1943K(2240K)
[405.115s][info][gc             ] GC(1346) Pause Young (Allocation Failure) 287M->14M(989M) 38.916ms
[405.115s][info][gc,cpu         ] GC(1346) User=0.05s Sys=0.00s Real=0.04s
[405.384s][info][gc,start       ] GC(1347) Pause Young (Allocation Failure)
[405.422s][info][gc,heap        ] GC(1347) DefNew: 280221K(314560K)->606K(314560K) Eden: 279616K(279616K)->0K(279616K) From: 605K(34944K)->606K(34944K)
[405.422s][info][gc,heap        ] GC(1347) Tenured: 14205K(699072K)->14246K(699072K)
[405.422s][info][gc,metaspace   ] GC(1347) Metaspace: 14279K(15104K)->14279K(15104K) NonClass: 12336K(12864K)->12336K(12864K) Class: 1943K(2240K)->1943K(2240K)
[405.422s][info][gc             ] GC(1347) Pause Young (Allocation Failure) 287M->14M(989M) 37.743ms
[405.422s][info][gc,cpu         ] GC(1347) User=0.03s Sys=0.00s Real=0.04s
[405.677s][info][gc,start       ] GC(1348) Pause Young (Allocation Failure)
[405.717s][info][gc,heap        ] GC(1348) DefNew: 280222K(314560K)->604K(314560K) Eden: 279616K(279616K)->0K(279616K) From: 606K(34944K)->604K(34944K)
[405.717s][info][gc,heap        ] GC(1348) Tenured: 14246K(699072K)->14288K(699072K)
[405.717s][info][gc,metaspace   ] GC(1348) Metaspace: 14279K(15104K)->14279K(15104K) NonClass: 12336K(12864K)->12336K(12864K) Class: 1943K(2240K)->1943K(2240K)
[405.717s][info][gc             ] GC(1348) Pause Young (Allocation Failure) 287M->14M(989M) 39.433ms
[405.717s][info][gc,cpu         ] GC(1348) User=0.03s Sys=0.00s Real=0.04s
[405.973s][info][gc,start       ] GC(1349) Pause Young (Allocation Failure)
[406.012s][info][gc,heap        ] GC(1349) DefNew: 280220K(314560K)->601K(314560K) Eden: 279616K(279616K)->0K(279616K) From: 604K(34944K)->601K(34944K)
[406.012s][info][gc,heap        ] GC(1349) Tenured: 14288K(699072K)->14330K(699072K)
[406.012s][info][gc,metaspace   ] GC(1349) Metaspace: 14279K(15104K)->14279K(15104K) NonClass: 12336K(12864K)->12336K(12864K) Class: 1943K(2240K)->1943K(2240K)
[406.012s][info][gc             ] GC(1349) Pause Young (Allocation Failure) 287M->14M(989M) 39.755ms
[406.012s][info][gc,cpu         ] GC(1349) User=0.03s Sys=0.00s Real=0.03s
[406.269s][info][gc,start       ] GC(1350) Pause Young (Allocation Failure)
[406.311s][info][gc,heap        ] GC(1350) DefNew: 280217K(314560K)->608K(314560K) Eden: 279616K(279616K)->0K(279616K) From: 601K(34944K)->608K(34944K)
[406.311s][info][gc,heap        ] GC(1350) Tenured: 14330K(699072K)->14368K(699072K)
[406.311s][info][gc,metaspace   ] GC(1350) Metaspace: 14279K(15104K)->14279K(15104K) NonClass: 12336K(12864K)->12336K(12864K) Class: 1943K(2240K)->1943K(2240K)
[406.311s][info][gc             ] GC(1350) Pause Young (Allocation Failure) 287M->14M(989M) 41.341ms
[406.311s][info][gc,cpu         ] GC(1350) User=0.03s Sys=0.00s Real=0.04s
[406.568s][info][gc,start       ] GC(1351) Pause Young (Allocation Failure)
[406.609s][info][gc,heap        ] GC(1351) DefNew: 280224K(314560K)->614K(314560K) Eden: 279616K(279616K)->0K(279616K) From: 608K(34944K)->614K(34944K)
[406.609s][info][gc,heap        ] GC(1351) Tenured: 14368K(699072K)->14404K(699072K)
[406.609s][info][gc,metaspace   ] GC(1351) Metaspace: 14279K(15104K)->14279K(15104K) NonClass: 12336K(12864K)->12336K(12864K) Class: 1943K(2240K)->1943K(2240K)
[406.609s][info][gc             ] GC(1351) Pause Young (Allocation Failure) 287M->14M(989M) 40.903ms
[406.609s][info][gc,cpu         ] GC(1351) User=0.03s Sys=0.00s Real=0.03s
[406.864s][info][gc,start       ] GC(1352) Pause Young (Allocation Failure)
[406.907s][info][gc,heap        ] GC(1352) DefNew: 280230K(314560K)->611K(314560K) Eden: 279616K(279616K)->0K(279616K) From: 614K(34944K)->611K(34944K)
[406.907s][info][gc,heap        ] GC(1352) Tenured: 14404K(699072K)->14446K(699072K)
[406.907s][info][gc,metaspace   ] GC(1352) Metaspace: 14279K(15104K)->14279K(15104K) NonClass: 12336K(12864K)->12336K(12864K) Class: 1943K(2240K)->1943K(2240K)
[406.907s][info][gc             ] GC(1352) Pause Young (Allocation Failure) 287M->14M(989M) 43.115ms
[406.907s][info][gc,cpu         ] GC(1352) User=0.03s Sys=0.00s Real=0.03s
[407.165s][info][gc,start       ] GC(1353) Pause Young (Allocation Failure)
[407.197s][info][gc,heap        ] GC(1353) DefNew: 280227K(314560K)->615K(314560K) Eden: 279616K(279616K)->0K(279616K) From: 611K(34944K)->615K(34944K)
[407.197s][info][gc,heap        ] GC(1353) Tenured: 14446K(699072K)->14484K(699072K)
[407.197s][info][gc,metaspace   ] GC(1353) Metaspace: 14279K(15104K)->14279K(15104K) NonClass: 12336K(12864K)->12336K(12864K) Class: 1943K(2240K)->1943K(2240K)
[407.197s][info][gc             ] GC(1353) Pause Young (Allocation Failure) 287M->14M(989M) 32.120ms
[407.197s][info][gc,cpu         ] GC(1353) User=0.03s Sys=0.00s Real=0.03s
[407.451s][info][gc,start       ] GC(1354) Pause Young (Allocation Failure)
[407.494s][info][gc,heap        ] GC(1354) DefNew: 280231K(314560K)->616K(314560K) Eden: 279616K(279616K)->0K(279616K) From: 615K(34944K)->616K(34944K)
[407.494s][info][gc,heap        ] GC(1354) Tenured: 14484K(699072K)->14523K(699072K)
[407.494s][info][gc,metaspace   ] GC(1354) Metaspace: 14279K(15104K)->14279K(15104K) NonClass: 12336K(12864K)->12336K(12864K) Class: 1943K(2240K)->1943K(2240K)
[407.494s][info][gc             ] GC(1354) Pause Young (Allocation Failure) 287M->14M(989M) 43.762ms
[407.494s][info][gc,cpu         ] GC(1354) User=0.05s Sys=0.00s Real=0.04s
[407.747s][info][gc,start       ] GC(1355) Pause Young (Allocation Failure)
[407.791s][info][gc,heap        ] GC(1355) DefNew: 280232K(314560K)->613K(314560K) Eden: 279616K(279616K)->0K(279616K) From: 616K(34944K)->613K(34944K)
[407.792s][info][gc,heap        ] GC(1355) Tenured: 14523K(699072K)->14564K(699072K)
[407.792s][info][gc,metaspace   ] GC(1355) Metaspace: 14279K(15104K)->14279K(15104K) NonClass: 12336K(12864K)->12336K(12864K) Class: 1943K(2240K)->1943K(2240K)
[407.792s][info][gc             ] GC(1355) Pause Young (Allocation Failure) 287M->14M(989M) 45.060ms
[407.792s][info][gc,cpu         ] GC(1355) User=0.05s Sys=0.00s Real=0.04s
[408.045s][info][gc,start       ] GC(1356) Pause Young (Allocation Failure)
[408.077s][info][gc,heap        ] GC(1356) DefNew: 280229K(314560K)->615K(314560K) Eden: 279616K(279616K)->0K(279616K) From: 613K(34944K)->615K(34944K)
[408.077s][info][gc,heap        ] GC(1356) Tenured: 14564K(699072K)->14603K(699072K)
[408.077s][info][gc,metaspace   ] GC(1356) Metaspace: 14279K(15104K)->14279K(15104K) NonClass: 12336K(12864K)->12336K(12864K) Class: 1943K(2240K)->1943K(2240K)
[408.078s][info][gc             ] GC(1356) Pause Young (Allocation Failure) 287M->14M(989M) 32.220ms
[408.078s][info][gc,cpu         ] GC(1356) User=0.03s Sys=0.00s Real=0.03s
[408.393s][info][gc,start       ] GC(1357) Pause Young (Allocation Failure)
[408.432s][info][gc,heap        ] GC(1357) DefNew: 280231K(314560K)->614K(314560K) Eden: 279616K(279616K)->0K(279616K) From: 615K(34944K)->614K(34944K)
[408.432s][info][gc,heap        ] GC(1357) Tenured: 14603K(699072K)->14644K(699072K)
[408.432s][info][gc,metaspace   ] GC(1357) Metaspace: 14279K(15104K)->14279K(15104K) NonClass: 12336K(12864K)->12336K(12864K) Class: 1943K(2240K)->1943K(2240K)
[408.432s][info][gc             ] GC(1357) Pause Young (Allocation Failure) 287M->14M(989M) 39.822ms
[408.432s][info][gc,cpu         ] GC(1357) User=0.03s Sys=0.00s Real=0.03s
[408.697s][info][gc,start       ] GC(1358) Pause Young (Allocation Failure)
[408.737s][info][gc,heap        ] GC(1358) DefNew: 280230K(314560K)->618K(314560K) Eden: 279616K(279616K)->0K(279616K) From: 614K(34944K)->618K(34944K)
[408.737s][info][gc,heap        ] GC(1358) Tenured: 14644K(699072K)->14683K(699072K)
[408.737s][info][gc,metaspace   ] GC(1358) Metaspace: 14279K(15104K)->14279K(15104K) NonClass: 12336K(12864K)->12336K(12864K) Class: 1943K(2240K)->1943K(2240K)
[408.737s][info][gc             ] GC(1358) Pause Young (Allocation Failure) 287M->14M(989M) 40.515ms
[408.737s][info][gc,cpu         ] GC(1358) User=0.05s Sys=0.00s Real=0.04s
[408.992s][info][gc,start       ] GC(1359) Pause Young (Allocation Failure)
[409.030s][info][gc,heap        ] GC(1359) DefNew: 280234K(314560K)->618K(314560K) Eden: 279616K(279616K)->0K(279616K) From: 618K(34944K)->618K(34944K)
[409.030s][info][gc,heap        ] GC(1359) Tenured: 14683K(699072K)->14721K(699072K)
[409.030s][info][gc,metaspace   ] GC(1359) Metaspace: 14279K(15104K)->14279K(15104K) NonClass: 12336K(12864K)->12336K(12864K) Class: 1943K(2240K)->1943K(2240K)
[409.030s][info][gc             ] GC(1359) Pause Young (Allocation Failure) 288M->14M(989M) 38.075ms
[409.030s][info][gc,cpu         ] GC(1359) User=0.03s Sys=0.00s Real=0.03s
[409.302s][info][gc,start       ] GC(1360) Pause Young (Allocation Failure)
[409.339s][info][gc,heap        ] GC(1360) DefNew: 280234K(314560K)->623K(314560K) Eden: 279616K(279616K)->0K(279616K) From: 618K(34944K)->623K(34944K)
[409.339s][info][gc,heap        ] GC(1360) Tenured: 14721K(699072K)->14760K(699072K)
[409.339s][info][gc,metaspace   ] GC(1360) Metaspace: 14279K(15104K)->14279K(15104K) NonClass: 12336K(12864K)->12336K(12864K) Class: 1943K(2240K)->1943K(2240K)
[409.339s][info][gc             ] GC(1360) Pause Young (Allocation Failure) 288M->15M(989M) 37.389ms
[409.340s][info][gc,cpu         ] GC(1360) User=0.03s Sys=0.00s Real=0.03s
[409.596s][info][gc,start       ] GC(1361) Pause Young (Allocation Failure)
[409.635s][info][gc,heap        ] GC(1361) DefNew: 280239K(314560K)->621K(314560K) Eden: 279616K(279616K)->0K(279616K) From: 623K(34944K)->621K(34944K)
[409.635s][info][gc,heap        ] GC(1361) Tenured: 14760K(699072K)->14802K(699072K)
[409.635s][info][gc,metaspace   ] GC(1361) Metaspace: 14279K(15104K)->14279K(15104K) NonClass: 12336K(12864K)->12336K(12864K) Class: 1943K(2240K)->1943K(2240K)
[409.636s][info][gc             ] GC(1361) Pause Young (Allocation Failure) 288M->15M(989M) 39.893ms
[409.636s][info][gc,cpu         ] GC(1361) User=0.03s Sys=0.00s Real=0.03s
[409.892s][info][gc,start       ] GC(1362) Pause Young (Allocation Failure)
[409.924s][info][gc,heap        ] GC(1362) DefNew: 280237K(314560K)->620K(314560K) Eden: 279616K(279616K)->0K(279616K) From: 621K(34944K)->620K(34944K)
[409.924s][info][gc,heap        ] GC(1362) Tenured: 14802K(699072K)->14844K(699072K)
[409.924s][info][gc,metaspace   ] GC(1362) Metaspace: 14279K(15104K)->14279K(15104K) NonClass: 12336K(12864K)->12336K(12864K) Class: 1943K(2240K)->1943K(2240K)
[409.924s][info][gc             ] GC(1362) Pause Young (Allocation Failure) 288M->15M(989M) 32.120ms
[409.924s][info][gc,cpu         ] GC(1362) User=0.03s Sys=0.00s Real=0.03s
[410.186s][info][gc,start       ] GC(1363) Pause Young (Allocation Failure)
[410.228s][info][gc,heap        ] GC(1363) DefNew: 280236K(314560K)->620K(314560K) Eden: 279616K(279616K)->0K(279616K) From: 620K(34944K)->620K(34944K)
[410.228s][info][gc,heap        ] GC(1363) Tenured: 14844K(699072K)->14885K(699072K)
[410.228s][info][gc,metaspace   ] GC(1363) Metaspace: 14279K(15104K)->14279K(15104K) NonClass: 12336K(12864K)->12336K(12864K) Class: 1943K(2240K)->1943K(2240K)
[410.228s][info][gc             ] GC(1363) Pause Young (Allocation Failure) 288M->15M(989M) 41.395ms
[410.228s][info][gc,cpu         ] GC(1363) User=0.05s Sys=0.00s Real=0.04s
[410.492s][info][gc,start       ] GC(1364) Pause Young (Allocation Failure)
[410.534s][info][gc,heap        ] GC(1364) DefNew: 280236K(314560K)->623K(314560K) Eden: 279616K(279616K)->0K(279616K) From: 620K(34944K)->623K(34944K)
[410.534s][info][gc,heap        ] GC(1364) Tenured: 14885K(699072K)->14923K(699072K)
[410.534s][info][gc,metaspace   ] GC(1364) Metaspace: 14279K(15104K)->14279K(15104K) NonClass: 12336K(12864K)->12336K(12864K) Class: 1943K(2240K)->1943K(2240K)
[410.534s][info][gc             ] GC(1364) Pause Young (Allocation Failure) 288M->15M(989M) 42.289ms
[410.534s][info][gc,cpu         ] GC(1364) User=0.03s Sys=0.00s Real=0.04s
[410.797s][info][gc,start       ] GC(1365) Pause Young (Allocation Failure)
[410.841s][info][gc,heap        ] GC(1365) DefNew: 280239K(314560K)->621K(314560K) Eden: 279616K(279616K)->0K(279616K) From: 623K(34944K)->621K(34944K)
[410.841s][info][gc,heap        ] GC(1365) Tenured: 14923K(699072K)->14968K(699072K)
[410.841s][info][gc,metaspace   ] GC(1365) Metaspace: 14279K(15104K)->14279K(15104K) NonClass: 12336K(12864K)->12336K(12864K) Class: 1943K(2240K)->1943K(2240K)
[410.841s][info][gc             ] GC(1365) Pause Young (Allocation Failure) 288M->15M(989M) 44.106ms
[410.841s][info][gc,cpu         ] GC(1365) User=0.02s Sys=0.00s Real=0.03s
[411.103s][info][gc,start       ] GC(1366) Pause Young (Allocation Failure)
[411.148s][info][gc,heap        ] GC(1366) DefNew: 280237K(314560K)->621K(314560K) Eden: 279616K(279616K)->0K(279616K) From: 621K(34944K)->621K(34944K)
[411.148s][info][gc,heap        ] GC(1366) Tenured: 14968K(699072K)->15009K(699072K)
[411.148s][info][gc,metaspace   ] GC(1366) Metaspace: 14279K(15104K)->14279K(15104K) NonClass: 12336K(12864K)->12336K(12864K) Class: 1943K(2240K)->1943K(2240K)
[411.148s][info][gc             ] GC(1366) Pause Young (Allocation Failure) 288M->15M(989M) 45.073ms
[411.148s][info][gc,cpu         ] GC(1366) User=0.05s Sys=0.00s Real=0.04s
[411.411s][info][gc,start       ] GC(1367) Pause Young (Allocation Failure)
[411.458s][info][gc,heap        ] GC(1367) DefNew: 280237K(314560K)->621K(314560K) Eden: 279616K(279616K)->0K(279616K) From: 621K(34944K)->621K(34944K)
[411.458s][info][gc,heap        ] GC(1367) Tenured: 15009K(699072K)->15048K(699072K)
[411.458s][info][gc,metaspace   ] GC(1367) Metaspace: 14279K(15104K)->14279K(15104K) NonClass: 12336K(12864K)->12336K(12864K) Class: 1943K(2240K)->1943K(2240K)
[411.458s][info][gc             ] GC(1367) Pause Young (Allocation Failure) 288M->15M(989M) 46.332ms
[411.458s][info][gc,cpu         ] GC(1367) User=0.03s Sys=0.00s Real=0.03s
[411.714s][info][gc,start       ] GC(1368) Pause Young (Allocation Failure)
[411.750s][info][gc,heap        ] GC(1368) DefNew: 280237K(314560K)->621K(314560K) Eden: 279616K(279616K)->0K(279616K) From: 621K(34944K)->621K(34944K)
[411.750s][info][gc,heap        ] GC(1368) Tenured: 15048K(699072K)->15090K(699072K)
[411.750s][info][gc,metaspace   ] GC(1368) Metaspace: 14279K(15104K)->14279K(15104K) NonClass: 12336K(12864K)->12336K(12864K) Class: 1943K(2240K)->1943K(2240K)
[411.750s][info][gc             ] GC(1368) Pause Young (Allocation Failure) 288M->15M(989M) 35.844ms
[411.750s][info][gc,cpu         ] GC(1368) User=0.03s Sys=0.00s Real=0.03s
[411.986s][info][gc,start       ] GC(1369) Pause Young (Allocation Failure)
[412.023s][info][gc,heap        ] GC(1369) DefNew: 280237K(314560K)->615K(314560K) Eden: 279616K(279616K)->0K(279616K) From: 621K(34944K)->615K(34944K)
[412.023s][info][gc,heap        ] GC(1369) Tenured: 15090K(699072K)->15131K(699072K)
[412.023s][info][gc,metaspace   ] GC(1369) Metaspace: 14279K(15104K)->14279K(15104K) NonClass: 12336K(12864K)->12336K(12864K) Class: 1943K(2240K)->1943K(2240K)
[412.023s][info][gc             ] GC(1369) Pause Young (Allocation Failure) 288M->15M(989M) 36.662ms
[412.023s][info][gc,cpu         ] GC(1369) User=0.03s Sys=0.00s Real=0.04s
[412.288s][info][gc,start       ] GC(1370) Pause Young (Allocation Failure)
[412.330s][info][gc,heap        ] GC(1370) DefNew: 280231K(314560K)->614K(314560K) Eden: 279615K(279616K)->0K(279616K) From: 615K(34944K)->614K(34944K)
[412.330s][info][gc,heap        ] GC(1370) Tenured: 15131K(699072K)->15170K(699072K)
[412.330s][info][gc,metaspace   ] GC(1370) Metaspace: 14279K(15104K)->14279K(15104K) NonClass: 12336K(12864K)->12336K(12864K) Class: 1943K(2240K)->1943K(2240K)
[412.330s][info][gc             ] GC(1370) Pause Young (Allocation Failure) 288M->15M(989M) 42.510ms
[412.330s][info][gc,cpu         ] GC(1370) User=0.03s Sys=0.00s Real=0.03s
[412.525s][info][gc,start       ] GC(1371) Pause Young (Allocation Failure)
[412.557s][info][gc,heap        ] GC(1371) DefNew: 280230K(314560K)->606K(314560K) Eden: 279616K(279616K)->0K(279616K) From: 614K(34944K)->606K(34944K)
[412.557s][info][gc,heap        ] GC(1371) Tenured: 15170K(699072K)->15209K(699072K)
[412.557s][info][gc,metaspace   ] GC(1371) Metaspace: 14279K(15104K)->14279K(15104K) NonClass: 12336K(12864K)->12336K(12864K) Class: 1943K(2240K)->1943K(2240K)
[412.557s][info][gc             ] GC(1371) Pause Young (Allocation Failure) 288M->15M(989M) 32.392ms
[412.557s][info][gc,cpu         ] GC(1371) User=0.03s Sys=0.00s Real=0.03s
[412.819s][info][gc,start       ] GC(1372) Pause Full (System.gc())
[412.820s][info][gc,phases,start] GC(1372) Phase 1: Mark live objects
[412.858s][info][gc,phases      ] GC(1372) Phase 1: Mark live objects 38.712ms
[412.858s][info][gc,phases,start] GC(1372) Phase 2: Compute new object addresses
[412.903s][info][gc,phases      ] GC(1372) Phase 2: Compute new object addresses 44.814ms
[412.903s][info][gc,phases,start] GC(1372) Phase 3: Adjust pointers
[412.925s][info][gc,phases      ] GC(1372) Phase 3: Adjust pointers 21.484ms
[412.925s][info][gc,phases,start] GC(1372) Phase 4: Move objects
[412.925s][info][gc,phases      ] GC(1372) Phase 4: Move objects 0.012ms
[412.925s][info][gc,heap        ] GC(1372) DefNew: 190620K(314560K)->0K(314560K) Eden: 190014K(279616K)->0K(279616K) From: 606K(34944K)->0K(34944K)
[412.925s][info][gc,heap        ] GC(1372) Tenured: 15209K(699072K)->15209K(699072K)
[412.925s][info][gc,metaspace   ] GC(1372) Metaspace: 14279K(15104K)->14279K(15104K) NonClass: 12336K(12864K)->12336K(12864K) Class: 1943K(2240K)->1943K(2240K)
[412.925s][info][gc             ] GC(1372) Pause Full (System.gc()) 201M->14M(989M) 105.437ms
[412.925s][info][gc,cpu         ] GC(1372) User=0.09s Sys=0.00s Real=0.09s
[413.160s][info][gc,start       ] GC(1373) Pause Young (Allocation Failure)
[413.191s][info][gc,heap        ] GC(1373) DefNew: 279616K(314560K)->1497K(314560K) Eden: 279616K(279616K)->0K(279616K) From: 0K(34944K)->1497K(34944K)
[413.191s][info][gc,heap        ] GC(1373) Tenured: 15209K(699072K)->15209K(699072K)
[413.191s][info][gc,metaspace   ] GC(1373) Metaspace: 14279K(15104K)->14279K(15104K) NonClass: 12336K(12864K)->12336K(12864K) Class: 1943K(2240K)->1943K(2240K)
[413.191s][info][gc             ] GC(1373) Pause Young (Allocation Failure) 287M->16M(989M) 30.837ms
[413.191s][info][gc,cpu         ] GC(1373) User=0.03s Sys=0.00s Real=0.03s
[413.452s][info][gc,start       ] GC(1374) Pause Young (Allocation Failure)
[413.494s][info][gc,heap        ] GC(1374) DefNew: 281113K(314560K)->1540K(314560K) Eden: 279616K(279616K)->0K(279616K) From: 1497K(34944K)->1540K(34944K)
[413.494s][info][gc,heap        ] GC(1374) Tenured: 15209K(699072K)->15209K(699072K)
[413.494s][info][gc,metaspace   ] GC(1374) Metaspace: 14279K(15104K)->14279K(15104K) NonClass: 12336K(12864K)->12336K(12864K) Class: 1943K(2240K)->1943K(2240K)
[413.494s][info][gc             ] GC(1374) Pause Young (Allocation Failure) 289M->16M(989M) 41.969ms
[413.494s][info][gc,cpu         ] GC(1374) User=0.05s Sys=0.00s Real=0.04s
[413.766s][info][gc,start       ] GC(1375) Pause Young (Allocation Failure)
[413.808s][info][gc,heap        ] GC(1375) DefNew: 281156K(314560K)->1582K(314560K) Eden: 279616K(279616K)->0K(279616K) From: 1540K(34944K)->1582K(34944K)
[413.808s][info][gc,heap        ] GC(1375) Tenured: 15209K(699072K)->15209K(699072K)
[413.808s][info][gc,metaspace   ] GC(1375) Metaspace: 14279K(15104K)->14279K(15104K) NonClass: 12336K(12864K)->12336K(12864K) Class: 1943K(2240K)->1943K(2240K)
[413.808s][info][gc             ] GC(1375) Pause Young (Allocation Failure) 289M->16M(989M) 42.405ms
[413.808s][info][gc,cpu         ] GC(1375) User=0.03s Sys=0.00s Real=0.04s
[414.068s][info][gc,start       ] GC(1376) Pause Young (Allocation Failure)
[414.110s][info][gc,heap        ] GC(1376) DefNew: 281198K(314560K)->1623K(314560K) Eden: 279616K(279616K)->0K(279616K) From: 1582K(34944K)->1623K(34944K)
[414.110s][info][gc,heap        ] GC(1376) Tenured: 15209K(699072K)->15209K(699072K)
[414.110s][info][gc,metaspace   ] GC(1376) Metaspace: 14279K(15104K)->14279K(15104K) NonClass: 12336K(12864K)->12336K(12864K) Class: 1943K(2240K)->1943K(2240K)
[414.110s][info][gc             ] GC(1376) Pause Young (Allocation Failure) 289M->16M(989M) 42.578ms
[414.110s][info][gc,cpu         ] GC(1376) User=0.05s Sys=0.00s Real=0.04s
[414.376s][info][gc,start       ] GC(1377) Pause Young (Allocation Failure)
[414.419s][info][gc,heap        ] GC(1377) DefNew: 281239K(314560K)->1665K(314560K) Eden: 279616K(279616K)->0K(279616K) From: 1623K(34944K)->1665K(34944K)
[414.419s][info][gc,heap        ] GC(1377) Tenured: 15209K(699072K)->15209K(699072K)
[414.419s][info][gc,metaspace   ] GC(1377) Metaspace: 14279K(15104K)->14279K(15104K) NonClass: 12336K(12864K)->12336K(12864K) Class: 1943K(2240K)->1943K(2240K)
[414.419s][info][gc             ] GC(1377) Pause Young (Allocation Failure) 289M->16M(989M) 43.000ms
[414.419s][info][gc,cpu         ] GC(1377) User=0.05s Sys=0.00s Real=0.03s
[414.686s][info][gc,start       ] GC(1378) Pause Young (Allocation Failure)
[414.731s][info][gc,heap        ] GC(1378) DefNew: 281281K(314560K)->1706K(314560K) Eden: 279616K(279616K)->0K(279616K) From: 1665K(34944K)->1706K(34944K)
[414.731s][info][gc,heap        ] GC(1378) Tenured: 15209K(699072K)->15209K(699072K)
[414.731s][info][gc,metaspace   ] GC(1378) Metaspace: 14279K(15104K)->14279K(15104K) NonClass: 12336K(12864K)->12336K(12864K) Class: 1943K(2240K)->1943K(2240K)
[414.731s][info][gc             ] GC(1378) Pause Young (Allocation Failure) 289M->16M(989M) 45.150ms
[414.731s][info][gc,cpu         ] GC(1378) User=0.05s Sys=0.00s Real=0.04s
[414.996s][info][gc,start       ] GC(1379) Pause Young (Allocation Failure)
[415.041s][info][gc,heap        ] GC(1379) DefNew: 281322K(314560K)->1750K(314560K) Eden: 279616K(279616K)->0K(279616K) From: 1706K(34944K)->1750K(34944K)
[415.041s][info][gc,heap        ] GC(1379) Tenured: 15209K(699072K)->15209K(699072K)
[415.041s][info][gc,metaspace   ] GC(1379) Metaspace: 14279K(15104K)->14279K(15104K) NonClass: 12336K(12864K)->12336K(12864K) Class: 1943K(2240K)->1943K(2240K)
[415.041s][info][gc             ] GC(1379) Pause Young (Allocation Failure) 289M->16M(989M) 44.884ms
[415.041s][info][gc,cpu         ] GC(1379) User=0.05s Sys=0.00s Real=0.04s
[415.309s][info][gc,start       ] GC(1380) Pause Young (Allocation Failure)
[415.354s][info][gc,heap        ] GC(1380) DefNew: 281366K(314560K)->1792K(314560K) Eden: 279616K(279616K)->0K(279616K) From: 1750K(34944K)->1792K(34944K)
[415.354s][info][gc,heap        ] GC(1380) Tenured: 15209K(699072K)->15209K(699072K)
[415.354s][info][gc,metaspace   ] GC(1380) Metaspace: 14279K(15104K)->14279K(15104K) NonClass: 12336K(12864K)->12336K(12864K) Class: 1943K(2240K)->1943K(2240K)
[415.354s][info][gc             ] GC(1380) Pause Young (Allocation Failure) 289M->16M(989M) 45.221ms
[415.354s][info][gc,cpu         ] GC(1380) User=0.05s Sys=0.00s Real=0.05s
[415.618s][info][gc,start       ] GC(1381) Pause Young (Allocation Failure)
[415.664s][info][gc,heap        ] GC(1381) DefNew: 281408K(314560K)->1834K(314560K) Eden: 279616K(279616K)->0K(279616K) From: 1792K(34944K)->1834K(34944K)
[415.664s][info][gc,heap        ] GC(1381) Tenured: 15209K(699072K)->15209K(699072K)
[415.664s][info][gc,metaspace   ] GC(1381) Metaspace: 14279K(15104K)->14279K(15104K) NonClass: 12336K(12864K)->12336K(12864K) Class: 1943K(2240K)->1943K(2240K)
[415.664s][info][gc             ] GC(1381) Pause Young (Allocation Failure) 289M->16M(989M) 45.944ms
[415.664s][info][gc,cpu         ] GC(1381) User=0.03s Sys=0.00s Real=0.03s
[416.015s][info][gc,start       ] GC(1382) Pause Young (Allocation Failure)
[416.067s][info][gc,heap        ] GC(1382) DefNew: 281450K(314560K)->1876K(314560K) Eden: 279616K(279616K)->0K(279616K) From: 1834K(34944K)->1876K(34944K)
[416.067s][info][gc,heap        ] GC(1382) Tenured: 15209K(699072K)->15209K(699072K)
[416.067s][info][gc,metaspace   ] GC(1382) Metaspace: 14279K(15104K)->14279K(15104K) NonClass: 12336K(12864K)->12336K(12864K) Class: 1943K(2240K)->1943K(2240K)
[416.067s][info][gc             ] GC(1382) Pause Young (Allocation Failure) 289M->16M(989M) 52.249ms
[416.067s][info][gc,cpu         ] GC(1382) User=0.05s Sys=0.00s Real=0.05s
[416.341s][info][gc,start       ] GC(1383) Pause Young (Allocation Failure)
[416.374s][info][gc,heap        ] GC(1383) DefNew: 281492K(314560K)->1917K(314560K) Eden: 279616K(279616K)->0K(279616K) From: 1876K(34944K)->1917K(34944K)
[416.374s][info][gc,heap        ] GC(1383) Tenured: 15209K(699072K)->15209K(699072K)
[416.374s][info][gc,metaspace   ] GC(1383) Metaspace: 14279K(15104K)->14279K(15104K) NonClass: 12336K(12864K)->12336K(12864K) Class: 1943K(2240K)->1943K(2240K)
[416.374s][info][gc             ] GC(1383) Pause Young (Allocation Failure) 289M->16M(989M) 32.368ms
[416.374s][info][gc,cpu         ] GC(1383) User=0.03s Sys=0.00s Real=0.02s
[416.662s][info][gc,start       ] GC(1384) Pause Young (Allocation Failure)
[416.702s][info][gc,heap        ] GC(1384) DefNew: 281533K(314560K)->1963K(314560K) Eden: 279616K(279616K)->0K(279616K) From: 1917K(34944K)->1963K(34944K)
[416.702s][info][gc,heap        ] GC(1384) Tenured: 15209K(699072K)->15209K(699072K)
[416.702s][info][gc,metaspace   ] GC(1384) Metaspace: 14279K(15104K)->14279K(15104K) NonClass: 12336K(12864K)->12336K(12864K) Class: 1943K(2240K)->1943K(2240K)
[416.702s][info][gc             ] GC(1384) Pause Young (Allocation Failure) 289M->16M(989M) 39.256ms
[416.702s][info][gc,cpu         ] GC(1384) User=0.02s Sys=0.00s Real=0.03s
[416.972s][info][gc,start       ] GC(1385) Pause Young (Allocation Failure)
[417.012s][info][gc,heap        ] GC(1385) DefNew: 281579K(314560K)->2006K(314560K) Eden: 279616K(279616K)->0K(279616K) From: 1963K(34944K)->2006K(34944K)
[417.012s][info][gc,heap        ] GC(1385) Tenured: 15209K(699072K)->15209K(699072K)
[417.012s][info][gc,metaspace   ] GC(1385) Metaspace: 14279K(15104K)->14279K(15104K) NonClass: 12336K(12864K)->12336K(12864K) Class: 1943K(2240K)->1943K(2240K)
[417.013s][info][gc             ] GC(1385) Pause Young (Allocation Failure) 289M->16M(989M) 40.585ms
[417.013s][info][gc,cpu         ] GC(1385) User=0.03s Sys=0.00s Real=0.03s
[417.269s][info][gc,start       ] GC(1386) Pause Young (Allocation Failure)
[417.310s][info][gc,heap        ] GC(1386) DefNew: 281622K(314560K)->2045K(314560K) Eden: 279616K(279616K)->0K(279616K) From: 2006K(34944K)->2045K(34944K)
[417.310s][info][gc,heap        ] GC(1386) Tenured: 15209K(699072K)->15209K(699072K)
[417.310s][info][gc,metaspace   ] GC(1386) Metaspace: 14279K(15104K)->14279K(15104K) NonClass: 12336K(12864K)->12336K(12864K) Class: 1943K(2240K)->1943K(2240K)
[417.310s][info][gc             ] GC(1386) Pause Young (Allocation Failure) 289M->16M(989M) 40.642ms
[417.310s][info][gc,cpu         ] GC(1386) User=0.03s Sys=0.00s Real=0.04s
[417.572s][info][gc,start       ] GC(1387) Pause Young (Allocation Failure)
[417.613s][info][gc,heap        ] GC(1387) DefNew: 281661K(314560K)->2087K(314560K) Eden: 279616K(279616K)->0K(279616K) From: 2045K(34944K)->2087K(34944K)
[417.613s][info][gc,heap        ] GC(1387) Tenured: 15209K(699072K)->15209K(699072K)
[417.613s][info][gc,metaspace   ] GC(1387) Metaspace: 14279K(15104K)->14279K(15104K) NonClass: 12336K(12864K)->12336K(12864K) Class: 1943K(2240K)->1943K(2240K)
[417.613s][info][gc             ] GC(1387) Pause Young (Allocation Failure) 289M->16M(989M) 41.536ms
[417.613s][info][gc,cpu         ] GC(1387) User=0.05s Sys=0.00s Real=0.04s
[417.875s][info][gc,start       ] GC(1388) Pause Young (Allocation Failure)
[417.917s][info][gc,heap        ] GC(1388) DefNew: 281703K(314560K)->636K(314560K) Eden: 279616K(279616K)->0K(279616K) From: 2087K(34944K)->636K(34944K)
[417.917s][info][gc,heap        ] GC(1388) Tenured: 15209K(699072K)->16699K(699072K)
[417.917s][info][gc,metaspace   ] GC(1388) Metaspace: 14279K(15104K)->14279K(15104K) NonClass: 12336K(12864K)->12336K(12864K) Class: 1943K(2240K)->1943K(2240K)
[417.918s][info][gc             ] GC(1388) Pause Young (Allocation Failure) 289M->16M(989M) 42.275ms
[417.918s][info][gc,cpu         ] GC(1388) User=0.05s Sys=0.00s Real=0.03s
[418.189s][info][gc,start       ] GC(1389) Pause Young (Allocation Failure)
[418.235s][info][gc,heap        ] GC(1389) DefNew: 280252K(314560K)->635K(314560K) Eden: 279616K(279616K)->0K(279616K) From: 636K(34944K)->635K(34944K)
[418.235s][info][gc,heap        ] GC(1389) Tenured: 16699K(699072K)->16740K(699072K)
[418.235s][info][gc,metaspace   ] GC(1389) Metaspace: 14279K(15104K)->14279K(15104K) NonClass: 12336K(12864K)->12336K(12864K) Class: 1943K(2240K)->1943K(2240K)
[418.235s][info][gc             ] GC(1389) Pause Young (Allocation Failure) 289M->16M(989M) 45.605ms
[418.235s][info][gc,cpu         ] GC(1389) User=0.05s Sys=0.00s Real=0.05s
[418.506s][info][gc,start       ] GC(1390) Pause Young (Allocation Failure)
[418.548s][info][gc,heap        ] GC(1390) DefNew: 280251K(314560K)->640K(314560K) Eden: 279616K(279616K)->0K(279616K) From: 635K(34944K)->640K(34944K)
[418.548s][info][gc,heap        ] GC(1390) Tenured: 16740K(699072K)->16782K(699072K)
[418.548s][info][gc,metaspace   ] GC(1390) Metaspace: 14279K(15104K)->14279K(15104K) NonClass: 12336K(12864K)->12336K(12864K) Class: 1943K(2240K)->1943K(2240K)
[418.548s][info][gc             ] GC(1390) Pause Young (Allocation Failure) 290M->17M(989M) 42.234ms
[418.548s][info][gc,cpu         ] GC(1390) User=0.03s Sys=0.00s Real=0.03s
[418.825s][info][gc,start       ] GC(1391) Pause Young (Allocation Failure)
[418.870s][info][gc,heap        ] GC(1391) DefNew: 280256K(314560K)->642K(314560K) Eden: 279616K(279616K)->0K(279616K) From: 640K(34944K)->642K(34944K)
[418.870s][info][gc,heap        ] GC(1391) Tenured: 16782K(699072K)->16823K(699072K)
[418.870s][info][gc,metaspace   ] GC(1391) Metaspace: 14279K(15104K)->14279K(15104K) NonClass: 12336K(12864K)->12336K(12864K) Class: 1943K(2240K)->1943K(2240K)
[418.870s][info][gc             ] GC(1391) Pause Young (Allocation Failure) 290M->17M(989M) 45.037ms
[418.870s][info][gc,cpu         ] GC(1391) User=0.05s Sys=0.00s Real=0.04s
[419.147s][info][gc,start       ] GC(1392) Pause Young (Allocation Failure)
[419.181s][info][gc,heap        ] GC(1392) DefNew: 280258K(314560K)->645K(314560K) Eden: 279616K(279616K)->0K(279616K) From: 642K(34944K)->645K(34944K)
[419.181s][info][gc,heap        ] GC(1392) Tenured: 16823K(699072K)->16865K(699072K)
[419.181s][info][gc,metaspace   ] GC(1392) Metaspace: 14279K(15104K)->14279K(15104K) NonClass: 12336K(12864K)->12336K(12864K) Class: 1943K(2240K)->1943K(2240K)
[419.181s][info][gc             ] GC(1392) Pause Young (Allocation Failure) 290M->17M(989M) 33.845ms
[419.181s][info][gc,cpu         ] GC(1392) User=0.02s Sys=0.00s Real=0.02s
[419.452s][info][gc,start       ] GC(1393) Pause Young (Allocation Failure)
[419.497s][info][gc,heap        ] GC(1393) DefNew: 280261K(314560K)->646K(314560K) Eden: 279616K(279616K)->0K(279616K) From: 645K(34944K)->646K(34944K)
[419.497s][info][gc,heap        ] GC(1393) Tenured: 16865K(699072K)->16906K(699072K)
[419.497s][info][gc,metaspace   ] GC(1393) Metaspace: 14279K(15104K)->14279K(15104K) NonClass: 12336K(12864K)->12336K(12864K) Class: 1943K(2240K)->1943K(2240K)
[419.498s][info][gc             ] GC(1393) Pause Young (Allocation Failure) 290M->17M(989M) 45.520ms
[419.498s][info][gc,cpu         ] GC(1393) User=0.05s Sys=0.00s Real=0.05s
[419.772s][info][gc,start       ] GC(1394) Pause Young (Allocation Failure)
[419.819s][info][gc,heap        ] GC(1394) DefNew: 280262K(314560K)->646K(314560K) Eden: 279616K(279616K)->0K(279616K) From: 646K(34944K)->646K(34944K)
[419.819s][info][gc,heap        ] GC(1394) Tenured: 16906K(699072K)->16951K(699072K)
[419.819s][info][gc,metaspace   ] GC(1394) Metaspace: 14279K(15104K)->14279K(15104K) NonClass: 12336K(12864K)->12336K(12864K) Class: 1943K(2240K)->1943K(2240K)
[419.819s][info][gc             ] GC(1394) Pause Young (Allocation Failure) 290M->17M(989M) 46.579ms
[419.819s][info][gc,cpu         ] GC(1394) User=0.05s Sys=0.00s Real=0.04s
[420.094s][info][gc,start       ] GC(1395) Pause Young (Allocation Failure)
[420.140s][info][gc,heap        ] GC(1395) DefNew: 280262K(314560K)->648K(314560K) Eden: 279616K(279616K)->0K(279616K) From: 646K(34944K)->648K(34944K)
[420.140s][info][gc,heap        ] GC(1395) Tenured: 16951K(699072K)->16992K(699072K)
[420.140s][info][gc,metaspace   ] GC(1395) Metaspace: 14279K(15104K)->14279K(15104K) NonClass: 12336K(12864K)->12336K(12864K) Class: 1943K(2240K)->1943K(2240K)
[420.140s][info][gc             ] GC(1395) Pause Young (Allocation Failure) 290M->17M(989M) 45.867ms
[420.140s][info][gc,cpu         ] GC(1395) User=0.05s Sys=0.00s Real=0.03s
[420.417s][info][gc,start       ] GC(1396) Pause Young (Allocation Failure)
[420.458s][info][gc,heap        ] GC(1396) DefNew: 280264K(314560K)->649K(314560K) Eden: 279616K(279616K)->0K(279616K) From: 648K(34944K)->649K(34944K)
[420.458s][info][gc,heap        ] GC(1396) Tenured: 16992K(699072K)->17034K(699072K)
[420.458s][info][gc,metaspace   ] GC(1396) Metaspace: 14279K(15104K)->14279K(15104K) NonClass: 12336K(12864K)->12336K(12864K) Class: 1943K(2240K)->1943K(2240K)
[420.458s][info][gc             ] GC(1396) Pause Young (Allocation Failure) 290M->17M(989M) 41.248ms
[420.458s][info][gc,cpu         ] GC(1396) User=0.05s Sys=0.00s Real=0.04s
[420.749s][info][gc,start       ] GC(1397) Pause Young (Allocation Failure)
[420.787s][info][gc,heap        ] GC(1397) DefNew: 280265K(314560K)->654K(314560K) Eden: 279616K(279616K)->0K(279616K) From: 649K(34944K)->654K(34944K)
[420.787s][info][gc,heap        ] GC(1397) Tenured: 17034K(699072K)->17075K(699072K)
[420.787s][info][gc,metaspace   ] GC(1397) Metaspace: 14279K(15104K)->14279K(15104K) NonClass: 12336K(12864K)->12336K(12864K) Class: 1943K(2240K)->1943K(2240K)
[420.787s][info][gc             ] GC(1397) Pause Young (Allocation Failure) 290M->17M(989M) 38.401ms
[420.787s][info][gc,cpu         ] GC(1397) User=0.05s Sys=0.00s Real=0.04s
[421.062s][info][gc,start       ] GC(1398) Pause Young (Allocation Failure)
[421.093s][info][gc,heap        ] GC(1398) DefNew: 280270K(314560K)->658K(314560K) Eden: 279616K(279616K)->0K(279616K) From: 654K(34944K)->658K(34944K)
[421.093s][info][gc,heap        ] GC(1398) Tenured: 17075K(699072K)->17117K(699072K)
[421.093s][info][gc,metaspace   ] GC(1398) Metaspace: 14279K(15104K)->14279K(15104K) NonClass: 12336K(12864K)->12336K(12864K) Class: 1943K(2240K)->1943K(2240K)
[421.093s][info][gc             ] GC(1398) Pause Young (Allocation Failure) 290M->17M(989M) 31.099ms
[421.093s][info][gc,cpu         ] GC(1398) User=0.03s Sys=0.00s Real=0.03s
[421.367s][info][gc,start       ] GC(1399) Pause Young (Allocation Failure)
[421.409s][info][gc,heap        ] GC(1399) DefNew: 280274K(314560K)->657K(314560K) Eden: 279616K(279616K)->0K(279616K) From: 658K(34944K)->657K(34944K)
[421.409s][info][gc,heap        ] GC(1399) Tenured: 17117K(699072K)->17161K(699072K)
[421.409s][info][gc,metaspace   ] GC(1399) Metaspace: 14279K(15104K)->14279K(15104K) NonClass: 12336K(12864K)->12336K(12864K) Class: 1943K(2240K)->1943K(2240K)
[421.409s][info][gc             ] GC(1399) Pause Young (Allocation Failure) 290M->17M(989M) 41.969ms
[421.409s][info][gc,cpu         ] GC(1399) User=0.05s Sys=0.00s Real=0.04s
[421.679s][info][gc,start       ] GC(1400) Pause Young (Allocation Failure)
[421.721s][info][gc,heap        ] GC(1400) DefNew: 280273K(314560K)->654K(314560K) Eden: 279616K(279616K)->0K(279616K) From: 657K(34944K)->654K(34944K)
[421.721s][info][gc,heap        ] GC(1400) Tenured: 17161K(699072K)->17206K(699072K)
[421.721s][info][gc,metaspace   ] GC(1400) Metaspace: 14279K(15104K)->14279K(15104K) NonClass: 12336K(12864K)->12336K(12864K) Class: 1943K(2240K)->1943K(2240K)
[421.721s][info][gc             ] GC(1400) Pause Young (Allocation Failure) 290M->17M(989M) 41.985ms
[421.722s][info][gc,cpu         ] GC(1400) User=0.03s Sys=0.00s Real=0.04s
[421.992s][info][gc,start       ] GC(1401) Pause Young (Allocation Failure)
[422.034s][info][gc,heap        ] GC(1401) DefNew: 280270K(314560K)->657K(314560K) Eden: 279616K(279616K)->0K(279616K) From: 654K(34944K)->657K(34944K)
[422.034s][info][gc,heap        ] GC(1401) Tenured: 17206K(699072K)->17245K(699072K)
[422.034s][info][gc,metaspace   ] GC(1401) Metaspace: 14279K(15104K)->14279K(15104K) NonClass: 12336K(12864K)->12336K(12864K) Class: 1943K(2240K)->1943K(2240K)
[422.034s][info][gc             ] GC(1401) Pause Young (Allocation Failure) 290M->17M(989M) 41.549ms
[422.034s][info][gc,cpu         ] GC(1401) User=0.03s Sys=0.00s Real=0.04s
[422.307s][info][gc,start       ] GC(1402) Pause Young (Allocation Failure)
[422.349s][info][gc,heap        ] GC(1402) DefNew: 280273K(314560K)->658K(314560K) Eden: 279616K(279616K)->0K(279616K) From: 657K(34944K)->658K(34944K)
[422.349s][info][gc,heap        ] GC(1402) Tenured: 17245K(699072K)->17286K(699072K)
[422.349s][info][gc,metaspace   ] GC(1402) Metaspace: 14279K(15104K)->14279K(15104K) NonClass: 12336K(12864K)->12336K(12864K) Class: 1943K(2240K)->1943K(2240K)
[422.349s][info][gc             ] GC(1402) Pause Young (Allocation Failure) 290M->17M(989M) 42.096ms
[422.349s][info][gc,cpu         ] GC(1402) User=0.03s Sys=0.00s Real=0.03s
[422.623s][info][gc,start       ] GC(1403) Pause Young (Allocation Failure)
[422.667s][info][gc,heap        ] GC(1403) DefNew: 280274K(314560K)->659K(314560K) Eden: 279616K(279616K)->0K(279616K) From: 658K(34944K)->659K(34944K)
[422.667s][info][gc,heap        ] GC(1403) Tenured: 17286K(699072K)->17325K(699072K)
[422.667s][info][gc,metaspace   ] GC(1403) Metaspace: 14279K(15104K)->14279K(15104K) NonClass: 12336K(12864K)->12336K(12864K) Class: 1943K(2240K)->1943K(2240K)
[422.667s][info][gc             ] GC(1403) Pause Young (Allocation Failure) 290M->17M(989M) 43.684ms
[422.667s][info][gc,cpu         ] GC(1403) User=0.05s Sys=0.00s Real=0.04s
[422.939s][info][gc,start       ] GC(1404) Pause Young (Allocation Failure)
[422.983s][info][gc,heap        ] GC(1404) DefNew: 280275K(314560K)->664K(314560K) Eden: 279616K(279616K)->0K(279616K) From: 659K(34944K)->664K(34944K)
[422.983s][info][gc,heap        ] GC(1404) Tenured: 17325K(699072K)->17366K(699072K)
[422.983s][info][gc,metaspace   ] GC(1404) Metaspace: 14279K(15104K)->14279K(15104K) NonClass: 12336K(12864K)->12336K(12864K) Class: 1943K(2240K)->1943K(2240K)
[422.983s][info][gc             ] GC(1404) Pause Young (Allocation Failure) 290M->17M(989M) 44.356ms
[422.983s][info][gc,cpu         ] GC(1404) User=0.03s Sys=0.00s Real=0.04s
[423.257s][info][gc,start       ] GC(1405) Pause Young (Allocation Failure)
[423.302s][info][gc,heap        ] GC(1405) DefNew: 280280K(314560K)->663K(314560K) Eden: 279616K(279616K)->0K(279616K) From: 664K(34944K)->663K(34944K)
[423.303s][info][gc,heap        ] GC(1405) Tenured: 17366K(699072K)->17411K(699072K)
[423.303s][info][gc,metaspace   ] GC(1405) Metaspace: 14279K(15104K)->14279K(15104K) NonClass: 12336K(12864K)->12336K(12864K) Class: 1943K(2240K)->1943K(2240K)
[423.303s][info][gc             ] GC(1405) Pause Young (Allocation Failure) 290M->17M(989M) 45.663ms
[423.303s][info][gc,cpu         ] GC(1405) User=0.05s Sys=0.00s Real=0.05s
[423.575s][info][gc,start       ] GC(1406) Pause Young (Allocation Failure)
[423.621s][info][gc,heap        ] GC(1406) DefNew: 280279K(314560K)->658K(314560K) Eden: 279616K(279616K)->0K(279616K) From: 663K(34944K)->658K(34944K)
[423.621s][info][gc,heap        ] GC(1406) Tenured: 17411K(699072K)->17458K(699072K)
[423.621s][info][gc,metaspace   ] GC(1406) Metaspace: 14279K(15104K)->14279K(15104K) NonClass: 12336K(12864K)->12336K(12864K) Class: 1943K(2240K)->1943K(2240K)
[423.621s][info][gc             ] GC(1406) Pause Young (Allocation Failure) 290M->17M(989M) 46.044ms
[423.621s][info][gc,cpu         ] GC(1406) User=0.05s Sys=0.00s Real=0.04s
[424.016s][info][gc,start       ] GC(1407) Pause Young (Allocation Failure)
[424.068s][info][gc,heap        ] GC(1407) DefNew: 280274K(314560K)->658K(314560K) Eden: 279616K(279616K)->0K(279616K) From: 658K(34944K)->658K(34944K)
[424.068s][info][gc,heap        ] GC(1407) Tenured: 17458K(699072K)->17502K(699072K)
[424.068s][info][gc,metaspace   ] GC(1407) Metaspace: 14279K(15104K)->14279K(15104K) NonClass: 12336K(12864K)->12336K(12864K) Class: 1943K(2240K)->1943K(2240K)
[424.069s][info][gc             ] GC(1407) Pause Young (Allocation Failure) 290M->17M(989M) 52.525ms
[424.069s][info][gc,cpu         ] GC(1407) User=0.05s Sys=0.00s Real=0.05s
[424.353s][info][gc,start       ] GC(1408) Pause Young (Allocation Failure)
[424.393s][info][gc,heap        ] GC(1408) DefNew: 280274K(314560K)->665K(314560K) Eden: 279616K(279616K)->0K(279616K) From: 658K(34944K)->665K(34944K)
[424.393s][info][gc,heap        ] GC(1408) Tenured: 17502K(699072K)->17543K(699072K)
[424.393s][info][gc,metaspace   ] GC(1408) Metaspace: 14279K(15104K)->14279K(15104K) NonClass: 12336K(12864K)->12336K(12864K) Class: 1943K(2240K)->1943K(2240K)
[424.393s][info][gc             ] GC(1408) Pause Young (Allocation Failure) 290M->17M(989M) 39.878ms
[424.393s][info][gc,cpu         ] GC(1408) User=0.05s Sys=0.00s Real=0.04s
[424.678s][info][gc,start       ] GC(1409) Pause Young (Allocation Failure)
[424.715s][info][gc,heap        ] GC(1409) DefNew: 280281K(314560K)->663K(314560K) Eden: 279616K(279616K)->0K(279616K) From: 665K(34944K)->663K(34944K)
[424.715s][info][gc,heap        ] GC(1409) Tenured: 17543K(699072K)->17588K(699072K)
[424.715s][info][gc,metaspace   ] GC(1409) Metaspace: 14279K(15104K)->14279K(15104K) NonClass: 12336K(12864K)->12336K(12864K) Class: 1943K(2240K)->1943K(2240K)
[424.715s][info][gc             ] GC(1409) Pause Young (Allocation Failure) 290M->17M(989M) 37.463ms
[424.715s][info][gc,cpu         ] GC(1409) User=0.03s Sys=0.00s Real=0.03s
[424.990s][info][gc,start       ] GC(1410) Pause Young (Allocation Failure)
[425.030s][info][gc,heap        ] GC(1410) DefNew: 280279K(314560K)->662K(314560K) Eden: 279616K(279616K)->0K(279616K) From: 663K(34944K)->662K(34944K)
[425.030s][info][gc,heap        ] GC(1410) Tenured: 17588K(699072K)->17633K(699072K)
[425.030s][info][gc,metaspace   ] GC(1410) Metaspace: 14279K(15104K)->14279K(15104K) NonClass: 12336K(12864K)->12336K(12864K) Class: 1943K(2240K)->1943K(2240K)
[425.030s][info][gc             ] GC(1410) Pause Young (Allocation Failure) 290M->17M(989M) 39.674ms
[425.030s][info][gc,cpu         ] GC(1410) User=0.03s Sys=0.00s Real=0.04s
[425.303s][info][gc,start       ] GC(1411) Pause Young (Allocation Failure)
[425.344s][info][gc,heap        ] GC(1411) DefNew: 280278K(314560K)->666K(314560K) Eden: 279616K(279616K)->0K(279616K) From: 662K(34944K)->666K(34944K)
[425.344s][info][gc,heap        ] GC(1411) Tenured: 17633K(699072K)->17674K(699072K)
[425.344s][info][gc,metaspace   ] GC(1411) Metaspace: 14279K(15104K)->14279K(15104K) NonClass: 12336K(12864K)->12336K(12864K) Class: 1943K(2240K)->1943K(2240K)
[425.344s][info][gc             ] GC(1411) Pause Young (Allocation Failure) 290M->17M(989M) 40.724ms
[425.344s][info][gc,cpu         ] GC(1411) User=0.03s Sys=0.00s Real=0.04s
[425.614s][info][gc,start       ] GC(1412) Pause Young (Allocation Failure)
[425.655s][info][gc,heap        ] GC(1412) DefNew: 280282K(314560K)->659K(314560K) Eden: 279616K(279616K)->0K(279616K) From: 666K(34944K)->659K(34944K)
[425.655s][info][gc,heap        ] GC(1412) Tenured: 17674K(699072K)->17722K(699072K)
[425.656s][info][gc,metaspace   ] GC(1412) Metaspace: 14279K(15104K)->14279K(15104K) NonClass: 12336K(12864K)->12336K(12864K) Class: 1943K(2240K)->1943K(2240K)
[425.656s][info][gc             ] GC(1412) Pause Young (Allocation Failure) 290M->17M(989M) 41.156ms
[425.656s][info][gc,cpu         ] GC(1412) User=0.03s Sys=0.00s Real=0.03s
[425.929s][info][gc,start       ] GC(1413) Pause Young (Allocation Failure)
[425.971s][info][gc,heap        ] GC(1413) DefNew: 280275K(314560K)->659K(314560K) Eden: 279616K(279616K)->0K(279616K) From: 659K(34944K)->659K(34944K)
[425.971s][info][gc,heap        ] GC(1413) Tenured: 17722K(699072K)->17766K(699072K)
[425.971s][info][gc,metaspace   ] GC(1413) Metaspace: 14279K(15104K)->14279K(15104K) NonClass: 12336K(12864K)->12336K(12864K) Class: 1943K(2240K)->1943K(2240K)
[425.971s][info][gc             ] GC(1413) Pause Young (Allocation Failure) 291M->17M(989M) 41.893ms
[425.971s][info][gc,cpu         ] GC(1413) User=0.05s Sys=0.00s Real=0.04s
[426.242s][info][gc,start       ] GC(1414) Pause Young (Allocation Failure)
[426.276s][info][gc,heap        ] GC(1414) DefNew: 280275K(314560K)->656K(314560K) Eden: 279616K(279616K)->0K(279616K) From: 659K(34944K)->656K(34944K)
[426.276s][info][gc,heap        ] GC(1414) Tenured: 17766K(699072K)->17811K(699072K)
[426.276s][info][gc,metaspace   ] GC(1414) Metaspace: 14279K(15104K)->14279K(15104K) NonClass: 12336K(12864K)->12336K(12864K) Class: 1943K(2240K)->1943K(2240K)
[426.276s][info][gc             ] GC(1414) Pause Young (Allocation Failure) 291M->18M(989M) 33.937ms
[426.276s][info][gc,cpu         ] GC(1414) User=0.02s Sys=0.00s Real=0.02s
[426.549s][info][gc,start       ] GC(1415) Pause Young (Allocation Failure)
[426.592s][info][gc,heap        ] GC(1415) DefNew: 280272K(314560K)->659K(314560K) Eden: 279616K(279616K)->0K(279616K) From: 656K(34944K)->659K(34944K)
[426.592s][info][gc,heap        ] GC(1415) Tenured: 17811K(699072K)->17852K(699072K)
[426.592s][info][gc,metaspace   ] GC(1415) Metaspace: 14279K(15104K)->14279K(15104K) NonClass: 12336K(12864K)->12336K(12864K) Class: 1943K(2240K)->1943K(2240K)
[426.592s][info][gc             ] GC(1415) Pause Young (Allocation Failure) 291M->18M(989M) 43.234ms
[426.592s][info][gc,cpu         ] GC(1415) User=0.03s Sys=0.00s Real=0.04s
[426.865s][info][gc,start       ] GC(1416) Pause Young (Allocation Failure)
[426.909s][info][gc,heap        ] GC(1416) DefNew: 280275K(314560K)->658K(314560K) Eden: 279616K(279616K)->0K(279616K) From: 659K(34944K)->658K(34944K)
[426.909s][info][gc,heap        ] GC(1416) Tenured: 17852K(699072K)->17894K(699072K)
[426.909s][info][gc,metaspace   ] GC(1416) Metaspace: 14279K(15104K)->14279K(15104K) NonClass: 12336K(12864K)->12336K(12864K) Class: 1943K(2240K)->1943K(2240K)
[426.909s][info][gc             ] GC(1416) Pause Young (Allocation Failure) 291M->18M(989M) 44.531ms
[426.909s][info][gc,cpu         ] GC(1416) User=0.03s Sys=0.00s Real=0.03s
[427.184s][info][gc,start       ] GC(1417) Pause Young (Allocation Failure)
[427.228s][info][gc,heap        ] GC(1417) DefNew: 280274K(314560K)->661K(314560K) Eden: 279616K(279616K)->0K(279616K) From: 658K(34944K)->661K(34944K)
[427.228s][info][gc,heap        ] GC(1417) Tenured: 17894K(699072K)->17936K(699072K)
[427.228s][info][gc,metaspace   ] GC(1417) Metaspace: 14279K(15104K)->14279K(15104K) NonClass: 12336K(12864K)->12336K(12864K) Class: 1943K(2240K)->1943K(2240K)
[427.228s][info][gc             ] GC(1417) Pause Young (Allocation Failure) 291M->18M(989M) 44.645ms
[427.228s][info][gc,cpu         ] GC(1417) User=0.05s Sys=0.00s Real=0.04s
[427.501s][info][gc,start       ] GC(1418) Pause Young (Allocation Failure)
[427.546s][info][gc,heap        ] GC(1418) DefNew: 280277K(314560K)->661K(314560K) Eden: 279616K(279616K)->0K(279616K) From: 661K(34944K)->661K(34944K)
[427.546s][info][gc,heap        ] GC(1418) Tenured: 17936K(699072K)->17977K(699072K)
[427.546s][info][gc,metaspace   ] GC(1418) Metaspace: 14279K(15104K)->14279K(15104K) NonClass: 12336K(12864K)->12336K(12864K) Class: 1943K(2240K)->1943K(2240K)
[427.546s][info][gc             ] GC(1418) Pause Young (Allocation Failure) 291M->18M(989M) 45.132ms
[427.546s][info][gc,cpu         ] GC(1418) User=0.03s Sys=0.00s Real=0.03s
[427.934s][info][gc,start       ] GC(1419) Pause Young (Allocation Failure)
[427.985s][info][gc,heap        ] GC(1419) DefNew: 280277K(314560K)->661K(314560K) Eden: 279616K(279616K)->0K(279616K) From: 661K(34944K)->661K(34944K)
[427.985s][info][gc,heap        ] GC(1419) Tenured: 17977K(699072K)->18022K(699072K)
[427.985s][info][gc,metaspace   ] GC(1419) Metaspace: 14279K(15104K)->14279K(15104K) NonClass: 12336K(12864K)->12336K(12864K) Class: 1943K(2240K)->1943K(2240K)
[427.985s][info][gc             ] GC(1419) Pause Young (Allocation Failure) 291M->18M(989M) 51.243ms
[427.985s][info][gc,cpu         ] GC(1419) User=0.05s Sys=0.00s Real=0.05s
[428.268s][info][gc,start       ] GC(1420) Pause Young (Allocation Failure)
[428.308s][info][gc,heap        ] GC(1420) DefNew: 280277K(314560K)->661K(314560K) Eden: 279616K(279616K)->0K(279616K) From: 661K(34944K)->661K(34944K)
[428.308s][info][gc,heap        ] GC(1420) Tenured: 18022K(699072K)->18066K(699072K)
[428.308s][info][gc,metaspace   ] GC(1420) Metaspace: 14279K(15104K)->14279K(15104K) NonClass: 12336K(12864K)->12336K(12864K) Class: 1943K(2240K)->1943K(2240K)
[428.308s][info][gc             ] GC(1420) Pause Young (Allocation Failure) 291M->18M(989M) 40.408ms
[428.309s][info][gc,cpu         ] GC(1420) User=0.03s Sys=0.00s Real=0.04s
[428.597s][info][gc,start       ] GC(1421) Pause Young (Allocation Failure)
[428.635s][info][gc,heap        ] GC(1421) DefNew: 280277K(314560K)->661K(314560K) Eden: 279616K(279616K)->0K(279616K) From: 661K(34944K)->661K(34944K)
[428.635s][info][gc,heap        ] GC(1421) Tenured: 18066K(699072K)->18108K(699072K)
[428.635s][info][gc,metaspace   ] GC(1421) Metaspace: 14279K(15104K)->14279K(15104K) NonClass: 12336K(12864K)->12336K(12864K) Class: 1943K(2240K)->1943K(2240K)
[428.635s][info][gc             ] GC(1421) Pause Young (Allocation Failure) 291M->18M(989M) 38.323ms
[428.635s][info][gc,cpu         ] GC(1421) User=0.03s Sys=0.00s Real=0.04s
[428.913s][info][gc,start       ] GC(1422) Pause Young (Allocation Failure)
[428.953s][info][gc,heap        ] GC(1422) DefNew: 280277K(314560K)->662K(314560K) Eden: 279616K(279616K)->0K(279616K) From: 661K(34944K)->662K(34944K)
[428.953s][info][gc,heap        ] GC(1422) Tenured: 18108K(699072K)->18152K(699072K)
[428.953s][info][gc,metaspace   ] GC(1422) Metaspace: 14279K(15104K)->14279K(15104K) NonClass: 12336K(12864K)->12336K(12864K) Class: 1943K(2240K)->1943K(2240K)
[428.953s][info][gc             ] GC(1422) Pause Young (Allocation Failure) 291M->18M(989M) 40.063ms
[428.953s][info][gc,cpu         ] GC(1422) User=0.02s Sys=0.00s Real=0.03s
[429.226s][info][gc,start       ] GC(1423) Pause Young (Allocation Failure)
[429.267s][info][gc,heap        ] GC(1423) DefNew: 280278K(314560K)->657K(314560K) Eden: 279616K(279616K)->0K(279616K) From: 662K(34944K)->657K(34944K)
[429.267s][info][gc,heap        ] GC(1423) Tenured: 18152K(699072K)->18201K(699072K)
[429.267s][info][gc,metaspace   ] GC(1423) Metaspace: 14279K(15104K)->14279K(15104K) NonClass: 12336K(12864K)->12336K(12864K) Class: 1943K(2240K)->1943K(2240K)
[429.267s][info][gc             ] GC(1423) Pause Young (Allocation Failure) 291M->18M(989M) 41.210ms
[429.267s][info][gc,cpu         ] GC(1423) User=0.05s Sys=0.00s Real=0.04s
[429.542s][info][gc,start       ] GC(1424) Pause Young (Allocation Failure)
[429.575s][info][gc,heap        ] GC(1424) DefNew: 280273K(314560K)->660K(314560K) Eden: 279616K(279616K)->0K(279616K) From: 657K(34944K)->660K(34944K)
[429.575s][info][gc,heap        ] GC(1424) Tenured: 18201K(699072K)->18243K(699072K)
[429.575s][info][gc,metaspace   ] GC(1424) Metaspace: 14279K(15104K)->14279K(15104K) NonClass: 12336K(12864K)->12336K(12864K) Class: 1943K(2240K)->1943K(2240K)
[429.575s][info][gc             ] GC(1424) Pause Young (Allocation Failure) 291M->18M(989M) 32.783ms
[429.575s][info][gc,cpu         ] GC(1424) User=0.03s Sys=0.00s Real=0.03s
[429.849s][info][gc,start       ] GC(1425) Pause Young (Allocation Failure)
[429.890s][info][gc,heap        ] GC(1425) DefNew: 280276K(314560K)->659K(314560K) Eden: 279616K(279616K)->0K(279616K) From: 660K(34944K)->659K(34944K)
[429.890s][info][gc,heap        ] GC(1425) Tenured: 18243K(699072K)->18287K(699072K)
[429.890s][info][gc,metaspace   ] GC(1425) Metaspace: 14279K(15104K)->14279K(15104K) NonClass: 12336K(12864K)->12336K(12864K) Class: 1943K(2240K)->1943K(2240K)
[429.890s][info][gc             ] GC(1425) Pause Young (Allocation Failure) 291M->18M(989M) 41.676ms
[429.890s][info][gc,cpu         ] GC(1425) User=0.03s Sys=0.00s Real=0.03s
[430.164s][info][gc,start       ] GC(1426) Pause Young (Allocation Failure)
[430.207s][info][gc,heap        ] GC(1426) DefNew: 280275K(314560K)->655K(314560K) Eden: 279616K(279616K)->0K(279616K) From: 659K(34944K)->655K(34944K)
[430.207s][info][gc,heap        ] GC(1426) Tenured: 18287K(699072K)->18332K(699072K)
[430.207s][info][gc,metaspace   ] GC(1426) Metaspace: 14279K(15104K)->14279K(15104K) NonClass: 12336K(12864K)->12336K(12864K) Class: 1943K(2240K)->1943K(2240K)
[430.207s][info][gc             ] GC(1426) Pause Young (Allocation Failure) 291M->18M(989M) 42.651ms
[430.207s][info][gc,cpu         ] GC(1426) User=0.03s Sys=0.00s Real=0.03s
[430.482s][info][gc,start       ] GC(1427) Pause Young (Allocation Failure)
[430.527s][info][gc,heap        ] GC(1427) DefNew: 280271K(314560K)->658K(314560K) Eden: 279616K(279616K)->0K(279616K) From: 655K(34944K)->658K(34944K)
[430.527s][info][gc,heap        ] GC(1427) Tenured: 18332K(699072K)->18373K(699072K)
[430.527s][info][gc,metaspace   ] GC(1427) Metaspace: 14279K(15104K)->14279K(15104K) NonClass: 12336K(12864K)->12336K(12864K) Class: 1943K(2240K)->1943K(2240K)
[430.527s][info][gc             ] GC(1427) Pause Young (Allocation Failure) 291M->18M(989M) 45.131ms
[430.527s][info][gc,cpu         ] GC(1427) User=0.05s Sys=0.00s Real=0.04s
[430.794s][info][gc,start       ] GC(1428) Pause Young (Allocation Failure)
[430.839s][info][gc,heap        ] GC(1428) DefNew: 280274K(314560K)->657K(314560K) Eden: 279616K(279616K)->0K(279616K) From: 658K(34944K)->657K(34944K)
[430.839s][info][gc,heap        ] GC(1428) Tenured: 18373K(699072K)->18418K(699072K)
[430.839s][info][gc,metaspace   ] GC(1428) Metaspace: 14279K(15104K)->14279K(15104K) NonClass: 12336K(12864K)->12336K(12864K) Class: 1943K(2240K)->1943K(2240K)
[430.839s][info][gc             ] GC(1428) Pause Young (Allocation Failure) 291M->18M(989M) 45.845ms
[430.839s][info][gc,cpu         ] GC(1428) User=0.03s Sys=0.00s Real=0.03s
[431.086s][info][gc,start       ] GC(1429) Pause Young (Allocation Failure)
[431.134s][info][gc,heap        ] GC(1429) DefNew: 280273K(314560K)->654K(314560K) Eden: 279615K(279616K)->0K(279616K) From: 657K(34944K)->654K(34944K)
[431.134s][info][gc,heap        ] GC(1429) Tenured: 18418K(699072K)->18459K(699072K)
[431.134s][info][gc,metaspace   ] GC(1429) Metaspace: 14279K(15104K)->14279K(15104K) NonClass: 12336K(12864K)->12336K(12864K) Class: 1943K(2240K)->1943K(2240K)
[431.134s][info][gc             ] GC(1429) Pause Young (Allocation Failure) 291M->18M(989M) 48.237ms
[431.134s][info][gc,cpu         ] GC(1429) User=0.05s Sys=0.00s Real=0.05s
[431.320s][info][gc,start       ] GC(1430) Pause Young (Allocation Failure)
[431.356s][info][gc,heap        ] GC(1430) DefNew: 280270K(314560K)->639K(314560K) Eden: 279616K(279616K)->0K(279616K) From: 654K(34944K)->639K(34944K)
[431.356s][info][gc,heap        ] GC(1430) Tenured: 18459K(699072K)->18503K(699072K)
[431.356s][info][gc,metaspace   ] GC(1430) Metaspace: 14279K(15104K)->14279K(15104K) NonClass: 12336K(12864K)->12336K(12864K) Class: 1943K(2240K)->1943K(2240K)
[431.357s][info][gc             ] GC(1430) Pause Young (Allocation Failure) 291M->18M(989M) 36.469ms
[431.357s][info][gc,cpu         ] GC(1430) User=0.03s Sys=0.00s Real=0.04s
[431.729s][info][gc,start       ] GC(1431) Pause Young (Allocation Failure)
[431.769s][info][gc,heap        ] GC(1431) DefNew: 280255K(314560K)->641K(314560K) Eden: 279616K(279616K)->0K(279616K) From: 639K(34944K)->641K(34944K)
[431.769s][info][gc,heap        ] GC(1431) Tenured: 18503K(699072K)->18544K(699072K)
[431.769s][info][gc,metaspace   ] GC(1431) Metaspace: 14279K(15104K)->14279K(15104K) NonClass: 12336K(12864K)->12336K(12864K) Class: 1943K(2240K)->1943K(2240K)
[431.769s][info][gc             ] GC(1431) Pause Young (Allocation Failure) 291M->18M(989M) 40.438ms
[431.769s][info][gc,cpu         ] GC(1431) User=0.03s Sys=0.00s Real=0.03s
[431.962s][info][gc,start       ] GC(1432) Pause Full (System.gc())
[431.962s][info][gc,phases,start] GC(1432) Phase 1: Mark live objects
[431.995s][info][gc,phases      ] GC(1432) Phase 1: Mark live objects 33.071ms
[431.996s][info][gc,phases,start] GC(1432) Phase 2: Compute new object addresses
[432.018s][info][gc,phases      ] GC(1432) Phase 2: Compute new object addresses 22.065ms
[432.018s][info][gc,phases,start] GC(1432) Phase 3: Adjust pointers
[432.038s][info][gc,phases      ] GC(1432) Phase 3: Adjust pointers 20.510ms
[432.038s][info][gc,phases,start] GC(1432) Phase 4: Move objects
[432.039s][info][gc,phases      ] GC(1432) Phase 4: Move objects 0.619ms
[432.039s][info][gc,heap        ] GC(1432) DefNew: 92921K(314560K)->0K(314560K) Eden: 92280K(279616K)->0K(279616K) From: 641K(34944K)->0K(34944K)
[432.039s][info][gc,heap        ] GC(1432) Tenured: 18544K(699072K)->7921K(699072K)
[432.039s][info][gc,metaspace   ] GC(1432) Metaspace: 14279K(15104K)->14279K(15104K) NonClass: 12336K(12864K)->12336K(12864K) Class: 1943K(2240K)->1943K(2240K)
[432.039s][info][gc             ] GC(1432) Pause Full (System.gc()) 108M->7M(989M) 76.674ms
[432.039s][info][gc,cpu         ] GC(1432) User=0.06s Sys=0.00s Real=0.06s
[432.265s][info][gc,start       ] GC(1433) Pause Young (Allocation Failure)
[432.294s][info][gc,heap        ] GC(1433) DefNew: 279616K(314560K)->1494K(314560K) Eden: 279616K(279616K)->0K(279616K) From: 0K(34944K)->1494K(34944K)
[432.294s][info][gc,heap        ] GC(1433) Tenured: 7921K(699072K)->7921K(699072K)
[432.294s][info][gc,metaspace   ] GC(1433) Metaspace: 14279K(15104K)->14279K(15104K) NonClass: 12336K(12864K)->12336K(12864K) Class: 1943K(2240K)->1943K(2240K)
[432.294s][info][gc             ] GC(1433) Pause Young (Allocation Failure) 280M->9M(989M) 28.544ms
[432.294s][info][gc,cpu         ] GC(1433) User=0.03s Sys=0.00s Real=0.03s
[432.554s][info][gc,start       ] GC(1434) Pause Young (Allocation Failure)
[432.585s][info][gc,heap        ] GC(1434) DefNew: 281110K(314560K)->1536K(314560K) Eden: 279616K(279616K)->0K(279616K) From: 1494K(34944K)->1536K(34944K)
[432.585s][info][gc,heap        ] GC(1434) Tenured: 7921K(699072K)->7921K(699072K)
[432.585s][info][gc,metaspace   ] GC(1434) Metaspace: 14279K(15104K)->14279K(15104K) NonClass: 12336K(12864K)->12336K(12864K) Class: 1943K(2240K)->1943K(2240K)
[432.585s][info][gc             ] GC(1434) Pause Young (Allocation Failure) 282M->9M(989M) 30.873ms
[432.585s][info][gc,cpu         ] GC(1434) User=0.03s Sys=0.00s Real=0.03s
[432.841s][info][gc,start       ] GC(1435) Pause Young (Allocation Failure)
[432.872s][info][gc,heap        ] GC(1435) DefNew: 281152K(314560K)->1576K(314560K) Eden: 279616K(279616K)->0K(279616K) From: 1536K(34944K)->1576K(34944K)
[432.872s][info][gc,heap        ] GC(1435) Tenured: 7921K(699072K)->7921K(699072K)
[432.872s][info][gc,metaspace   ] GC(1435) Metaspace: 14279K(15104K)->14279K(15104K) NonClass: 12336K(12864K)->12336K(12864K) Class: 1943K(2240K)->1943K(2240K)
[432.872s][info][gc             ] GC(1435) Pause Young (Allocation Failure) 282M->9M(989M) 30.407ms
[432.872s][info][gc,cpu         ] GC(1435) User=0.02s Sys=0.00s Real=0.02s
[433.142s][info][gc,start       ] GC(1436) Pause Young (Allocation Failure)
[433.184s][info][gc,heap        ] GC(1436) DefNew: 281192K(314560K)->1619K(314560K) Eden: 279616K(279616K)->0K(279616K) From: 1576K(34944K)->1619K(34944K)
[433.184s][info][gc,heap        ] GC(1436) Tenured: 7921K(699072K)->7921K(699072K)
[433.184s][info][gc,metaspace   ] GC(1436) Metaspace: 14279K(15104K)->14279K(15104K) NonClass: 12336K(12864K)->12336K(12864K) Class: 1943K(2240K)->1943K(2240K)
[433.184s][info][gc             ] GC(1436) Pause Young (Allocation Failure) 282M->9M(989M) 42.055ms
[433.184s][info][gc,cpu         ] GC(1436) User=0.03s Sys=0.00s Real=0.04s
[433.439s][info][gc,start       ] GC(1437) Pause Young (Allocation Failure)
[433.480s][info][gc,heap        ] GC(1437) DefNew: 281235K(314560K)->1658K(314560K) Eden: 279616K(279616K)->0K(279616K) From: 1619K(34944K)->1658K(34944K)
[433.480s][info][gc,heap        ] GC(1437) Tenured: 7921K(699072K)->7921K(699072K)
[433.480s][info][gc,metaspace   ] GC(1437) Metaspace: 14279K(15104K)->14279K(15104K) NonClass: 12336K(12864K)->12336K(12864K) Class: 1943K(2240K)->1943K(2240K)
[433.480s][info][gc             ] GC(1437) Pause Young (Allocation Failure) 282M->9M(989M) 40.975ms
[433.480s][info][gc,cpu         ] GC(1437) User=0.03s Sys=0.00s Real=0.04s
[433.744s][info][gc,start       ] GC(1438) Pause Young (Allocation Failure)
[433.786s][info][gc,heap        ] GC(1438) DefNew: 281274K(314560K)->1700K(314560K) Eden: 279616K(279616K)->0K(279616K) From: 1658K(34944K)->1700K(34944K)
[433.786s][info][gc,heap        ] GC(1438) Tenured: 7921K(699072K)->7921K(699072K)
[433.786s][info][gc,metaspace   ] GC(1438) Metaspace: 14279K(15104K)->14279K(15104K) NonClass: 12336K(12864K)->12336K(12864K) Class: 1943K(2240K)->1943K(2240K)
[433.786s][info][gc             ] GC(1438) Pause Young (Allocation Failure) 282M->9M(989M) 42.690ms
[433.786s][info][gc,cpu         ] GC(1438) User=0.03s Sys=0.00s Real=0.03s
[434.057s][info][gc,start       ] GC(1439) Pause Young (Allocation Failure)
[434.099s][info][gc,heap        ] GC(1439) DefNew: 281316K(314560K)->1741K(314560K) Eden: 279616K(279616K)->0K(279616K) From: 1700K(34944K)->1741K(34944K)
[434.099s][info][gc,heap        ] GC(1439) Tenured: 7921K(699072K)->7921K(699072K)
[434.099s][info][gc,metaspace   ] GC(1439) Metaspace: 14279K(15104K)->14279K(15104K) NonClass: 12336K(12864K)->12336K(12864K) Class: 1943K(2240K)->1943K(2240K)
[434.099s][info][gc             ] GC(1439) Pause Young (Allocation Failure) 282M->9M(989M) 42.876ms
[434.099s][info][gc,cpu         ] GC(1439) User=0.03s Sys=0.00s Real=0.03s
[434.363s][info][gc,start       ] GC(1440) Pause Young (Allocation Failure)
[434.407s][info][gc,heap        ] GC(1440) DefNew: 281357K(314560K)->1782K(314560K) Eden: 279616K(279616K)->0K(279616K) From: 1741K(34944K)->1782K(34944K)
[434.407s][info][gc,heap        ] GC(1440) Tenured: 7921K(699072K)->7921K(699072K)
[434.407s][info][gc,metaspace   ] GC(1440) Metaspace: 14279K(15104K)->14279K(15104K) NonClass: 12336K(12864K)->12336K(12864K) Class: 1943K(2240K)->1943K(2240K)
[434.407s][info][gc             ] GC(1440) Pause Young (Allocation Failure) 282M->9M(989M) 43.989ms
[434.407s][info][gc,cpu         ] GC(1440) User=0.03s Sys=0.00s Real=0.04s
[434.672s][info][gc,start       ] GC(1441) Pause Young (Allocation Failure)
[434.716s][info][gc,heap        ] GC(1441) DefNew: 281398K(314560K)->1824K(314560K) Eden: 279616K(279616K)->0K(279616K) From: 1782K(34944K)->1824K(34944K)
[434.716s][info][gc,heap        ] GC(1441) Tenured: 7921K(699072K)->7921K(699072K)
[434.716s][info][gc,metaspace   ] GC(1441) Metaspace: 14279K(15104K)->14279K(15104K) NonClass: 12336K(12864K)->12336K(12864K) Class: 1943K(2240K)->1943K(2240K)
[434.716s][info][gc             ] GC(1441) Pause Young (Allocation Failure) 282M->9M(989M) 44.278ms
[434.716s][info][gc,cpu         ] GC(1441) User=0.05s Sys=0.00s Real=0.04s
[434.978s][info][gc,start       ] GC(1442) Pause Young (Allocation Failure)
[435.024s][info][gc,heap        ] GC(1442) DefNew: 281440K(314560K)->1866K(314560K) Eden: 279616K(279616K)->0K(279616K) From: 1824K(34944K)->1866K(34944K)
[435.024s][info][gc,heap        ] GC(1442) Tenured: 7921K(699072K)->7921K(699072K)
[435.024s][info][gc,metaspace   ] GC(1442) Metaspace: 14279K(15104K)->14279K(15104K) NonClass: 12336K(12864K)->12336K(12864K) Class: 1943K(2240K)->1943K(2240K)
[435.024s][info][gc             ] GC(1442) Pause Young (Allocation Failure) 282M->9M(989M) 46.425ms
[435.024s][info][gc,cpu         ] GC(1442) User=0.05s Sys=0.00s Real=0.04s
[435.406s][info][gc,start       ] GC(1443) Pause Young (Allocation Failure)
[435.448s][info][gc,heap        ] GC(1443) DefNew: 281482K(314560K)->1907K(314560K) Eden: 279616K(279616K)->0K(279616K) From: 1866K(34944K)->1907K(34944K)
[435.448s][info][gc,heap        ] GC(1443) Tenured: 7921K(699072K)->7921K(699072K)
[435.448s][info][gc,metaspace   ] GC(1443) Metaspace: 14279K(15104K)->14279K(15104K) NonClass: 12336K(12864K)->12336K(12864K) Class: 1943K(2240K)->1943K(2240K)
[435.448s][info][gc             ] GC(1443) Pause Young (Allocation Failure) 282M->9M(989M) 42.651ms
[435.448s][info][gc,cpu         ] GC(1443) User=0.03s Sys=0.00s Real=0.03s
[435.727s][info][gc,start       ] GC(1444) Pause Young (Allocation Failure)
[435.759s][info][gc,heap        ] GC(1444) DefNew: 281523K(314560K)->1953K(314560K) Eden: 279616K(279616K)->0K(279616K) From: 1907K(34944K)->1953K(34944K)
[435.759s][info][gc,heap        ] GC(1444) Tenured: 7921K(699072K)->7921K(699072K)
[435.759s][info][gc,metaspace   ] GC(1444) Metaspace: 14279K(15104K)->14279K(15104K) NonClass: 12336K(12864K)->12336K(12864K) Class: 1943K(2240K)->1943K(2240K)
[435.759s][info][gc             ] GC(1444) Pause Young (Allocation Failure) 282M->9M(989M) 31.926ms
[435.759s][info][gc,cpu         ] GC(1444) User=0.03s Sys=0.00s Real=0.03s
[436.025s][info][gc,start       ] GC(1445) Pause Young (Allocation Failure)
[436.055s][info][gc,heap        ] GC(1445) DefNew: 281569K(314560K)->1993K(314560K) Eden: 279616K(279616K)->0K(279616K) From: 1953K(34944K)->1993K(34944K)
[436.055s][info][gc,heap        ] GC(1445) Tenured: 7921K(699072K)->7921K(699072K)
[436.055s][info][gc,metaspace   ] GC(1445) Metaspace: 14279K(15104K)->14279K(15104K) NonClass: 12336K(12864K)->12336K(12864K) Class: 1943K(2240K)->1943K(2240K)
[436.055s][info][gc             ] GC(1445) Pause Young (Allocation Failure) 282M->9M(989M) 29.684ms
[436.055s][info][gc,cpu         ] GC(1445) User=0.03s Sys=0.00s Real=0.03s
[436.325s][info][gc,start       ] GC(1446) Pause Young (Allocation Failure)
[436.363s][info][gc,heap        ] GC(1446) DefNew: 281609K(314560K)->2035K(314560K) Eden: 279616K(279616K)->0K(279616K) From: 1993K(34944K)->2035K(34944K)
[436.363s][info][gc,heap        ] GC(1446) Tenured: 7921K(699072K)->7921K(699072K)
[436.363s][info][gc,metaspace   ] GC(1446) Metaspace: 14279K(15104K)->14279K(15104K) NonClass: 12336K(12864K)->12336K(12864K) Class: 1943K(2240K)->1943K(2240K)
[436.363s][info][gc             ] GC(1446) Pause Young (Allocation Failure) 282M->9M(989M) 38.190ms
[436.363s][info][gc,cpu         ] GC(1446) User=0.05s Sys=0.00s Real=0.04s
[436.628s][info][gc,start       ] GC(1447) Pause Young (Allocation Failure)
[436.668s][info][gc,heap        ] GC(1447) DefNew: 281651K(314560K)->2077K(314560K) Eden: 279616K(279616K)->0K(279616K) From: 2035K(34944K)->2077K(34944K)
[436.668s][info][gc,heap        ] GC(1447) Tenured: 7921K(699072K)->7921K(699072K)
[436.668s][info][gc,metaspace   ] GC(1447) Metaspace: 14279K(15104K)->14279K(15104K) NonClass: 12336K(12864K)->12336K(12864K) Class: 1943K(2240K)->1943K(2240K)
[436.668s][info][gc             ] GC(1447) Pause Young (Allocation Failure) 282M->9M(989M) 40.090ms
[436.668s][info][gc,cpu         ] GC(1447) User=0.03s Sys=0.00s Real=0.04s
[436.936s][info][gc,start       ] GC(1448) Pause Young (Allocation Failure)
[436.977s][info][gc,heap        ] GC(1448) DefNew: 281693K(314560K)->631K(314560K) Eden: 279616K(279616K)->0K(279616K) From: 2077K(34944K)->631K(34944K)
[436.977s][info][gc,heap        ] GC(1448) Tenured: 7921K(699072K)->9407K(699072K)
[436.977s][info][gc,metaspace   ] GC(1448) Metaspace: 14279K(15104K)->14279K(15104K) NonClass: 12336K(12864K)->12336K(12864K) Class: 1943K(2240K)->1943K(2240K)
[436.977s][info][gc             ] GC(1448) Pause Young (Allocation Failure) 282M->9M(989M) 41.126ms
[436.977s][info][gc,cpu         ] GC(1448) User=0.05s Sys=0.00s Real=0.04s
[437.228s][info][gc,start       ] GC(1449) Pause Young (Allocation Failure)
[437.267s][info][gc,heap        ] GC(1449) DefNew: 280247K(314560K)->630K(314560K) Eden: 279616K(279616K)->0K(279616K) From: 631K(34944K)->630K(34944K)
[437.267s][info][gc,heap        ] GC(1449) Tenured: 9407K(699072K)->9449K(699072K)
[437.267s][info][gc,metaspace   ] GC(1449) Metaspace: 14279K(15104K)->14279K(15104K) NonClass: 12336K(12864K)->12336K(12864K) Class: 1943K(2240K)->1943K(2240K)
[437.268s][info][gc             ] GC(1449) Pause Young (Allocation Failure) 282M->9M(989M) 39.751ms
[437.268s][info][gc,cpu         ] GC(1449) User=0.03s Sys=0.00s Real=0.03s
[437.521s][info][gc,start       ] GC(1450) Pause Young (Allocation Failure)
[437.560s][info][gc,heap        ] GC(1450) DefNew: 280246K(314560K)->631K(314560K) Eden: 279616K(279616K)->0K(279616K) From: 630K(34944K)->631K(34944K)
[437.560s][info][gc,heap        ] GC(1450) Tenured: 9449K(699072K)->9488K(699072K)
[437.560s][info][gc,metaspace   ] GC(1450) Metaspace: 14279K(15104K)->14279K(15104K) NonClass: 12336K(12864K)->12336K(12864K) Class: 1943K(2240K)->1943K(2240K)
[437.560s][info][gc             ] GC(1450) Pause Young (Allocation Failure) 282M->9M(989M) 39.617ms
[437.560s][info][gc,cpu         ] GC(1450) User=0.02s Sys=0.00s Real=0.03s
[437.815s][info][gc,start       ] GC(1451) Pause Young (Allocation Failure)
[437.855s][info][gc,heap        ] GC(1451) DefNew: 280247K(314560K)->629K(314560K) Eden: 279616K(279616K)->0K(279616K) From: 631K(34944K)->629K(34944K)
[437.855s][info][gc,heap        ] GC(1451) Tenured: 9488K(699072K)->9532K(699072K)
[437.855s][info][gc,metaspace   ] GC(1451) Metaspace: 14279K(15104K)->14279K(15104K) NonClass: 12336K(12864K)->12336K(12864K) Class: 1943K(2240K)->1943K(2240K)
[437.856s][info][gc             ] GC(1451) Pause Young (Allocation Failure) 282M->9M(989M) 40.208ms
[437.856s][info][gc,cpu         ] GC(1451) User=0.02s Sys=0.00s Real=0.03s
[438.107s][info][gc,start       ] GC(1452) Pause Young (Allocation Failure)
[438.149s][info][gc,heap        ] GC(1452) DefNew: 280245K(314560K)->629K(314560K) Eden: 279616K(279616K)->0K(279616K) From: 629K(34944K)->629K(34944K)
[438.149s][info][gc,heap        ] GC(1452) Tenured: 9532K(699072K)->9570K(699072K)
[438.149s][info][gc,metaspace   ] GC(1452) Metaspace: 14279K(15104K)->14279K(15104K) NonClass: 12336K(12864K)->12336K(12864K) Class: 1943K(2240K)->1943K(2240K)
[438.149s][info][gc             ] GC(1452) Pause Young (Allocation Failure) 282M->9M(989M) 41.864ms
[438.149s][info][gc,cpu         ] GC(1452) User=0.05s Sys=0.00s Real=0.04s
[438.402s][info][gc,start       ] GC(1453) Pause Young (Allocation Failure)
[438.445s][info][gc,heap        ] GC(1453) DefNew: 280245K(314560K)->630K(314560K) Eden: 279616K(279616K)->0K(279616K) From: 629K(34944K)->630K(34944K)
[438.445s][info][gc,heap        ] GC(1453) Tenured: 9570K(699072K)->9612K(699072K)
[438.445s][info][gc,metaspace   ] GC(1453) Metaspace: 14279K(15104K)->14279K(15104K) NonClass: 12336K(12864K)->12336K(12864K) Class: 1943K(2240K)->1943K(2240K)
[438.445s][info][gc             ] GC(1453) Pause Young (Allocation Failure) 283M->10M(989M) 43.526ms
[438.445s][info][gc,cpu         ] GC(1453) User=0.05s Sys=0.00s Real=0.04s
[438.697s][info][gc,start       ] GC(1454) Pause Young (Allocation Failure)
[438.730s][info][gc,heap        ] GC(1454) DefNew: 280246K(314560K)->625K(314560K) Eden: 279616K(279616K)->0K(279616K) From: 630K(34944K)->625K(34944K)
[438.730s][info][gc,heap        ] GC(1454) Tenured: 9612K(699072K)->9653K(699072K)
[438.730s][info][gc,metaspace   ] GC(1454) Metaspace: 14279K(15104K)->14279K(15104K) NonClass: 12336K(12864K)->12336K(12864K) Class: 1943K(2240K)->1943K(2240K)
[438.730s][info][gc             ] GC(1454) Pause Young (Allocation Failure) 283M->10M(989M) 33.331ms
[438.730s][info][gc,cpu         ] GC(1454) User=0.02s Sys=0.00s Real=0.02s
[438.982s][info][gc,start       ] GC(1455) Pause Young (Allocation Failure)
[439.014s][info][gc,heap        ] GC(1455) DefNew: 280241K(314560K)->623K(314560K) Eden: 279616K(279616K)->0K(279616K) From: 625K(34944K)->623K(34944K)
[439.014s][info][gc,heap        ] GC(1455) Tenured: 9653K(699072K)->9695K(699072K)
[439.014s][info][gc,metaspace   ] GC(1455) Metaspace: 14279K(15104K)->14279K(15104K) NonClass: 12336K(12864K)->12336K(12864K) Class: 1943K(2240K)->1943K(2240K)
[439.015s][info][gc             ] GC(1455) Pause Young (Allocation Failure) 283M->10M(989M) 32.880ms
[439.015s][info][gc,cpu         ] GC(1455) User=0.03s Sys=0.00s Real=0.03s
[439.408s][info][gc,start       ] GC(1456) Pause Young (Allocation Failure)
[439.450s][info][gc,heap        ] GC(1456) DefNew: 280239K(314560K)->621K(314560K) Eden: 279616K(279616K)->0K(279616K) From: 623K(34944K)->621K(34944K)
[439.450s][info][gc,heap        ] GC(1456) Tenured: 9695K(699072K)->9736K(699072K)
[439.450s][info][gc,metaspace   ] GC(1456) Metaspace: 14279K(15104K)->14279K(15104K) NonClass: 12336K(12864K)->12336K(12864K) Class: 1943K(2240K)->1943K(2240K)
[439.450s][info][gc             ] GC(1456) Pause Young (Allocation Failure) 283M->10M(989M) 41.654ms
[439.450s][info][gc,cpu         ] GC(1456) User=0.03s Sys=0.00s Real=0.04s
[439.707s][info][gc,start       ] GC(1457) Pause Young (Allocation Failure)
[439.738s][info][gc,heap        ] GC(1457) DefNew: 280237K(314560K)->617K(314560K) Eden: 279616K(279616K)->0K(279616K) From: 621K(34944K)->617K(34944K)
[439.738s][info][gc,heap        ] GC(1457) Tenured: 9736K(699072K)->9778K(699072K)
[439.738s][info][gc,metaspace   ] GC(1457) Metaspace: 14279K(15104K)->14279K(15104K) NonClass: 12336K(12864K)->12336K(12864K) Class: 1943K(2240K)->1943K(2240K)
[439.738s][info][gc             ] GC(1457) Pause Young (Allocation Failure) 283M->10M(989M) 31.274ms
[439.738s][info][gc,cpu         ] GC(1457) User=0.02s Sys=0.00s Real=0.02s
[439.990s][info][gc,start       ] GC(1458) Pause Young (Allocation Failure)
[440.019s][info][gc,heap        ] GC(1458) DefNew: 280233K(314560K)->615K(314560K) Eden: 279616K(279616K)->0K(279616K) From: 617K(34944K)->615K(34944K)
[440.019s][info][gc,heap        ] GC(1458) Tenured: 9778K(699072K)->9819K(699072K)
[440.019s][info][gc,metaspace   ] GC(1458) Metaspace: 14279K(15104K)->14279K(15104K) NonClass: 12336K(12864K)->12336K(12864K) Class: 1943K(2240K)->1943K(2240K)
[440.019s][info][gc             ] GC(1458) Pause Young (Allocation Failure) 283M->10M(989M) 28.913ms
[440.019s][info][gc,cpu         ] GC(1458) User=0.02s Sys=0.00s Real=0.02s
[440.278s][info][gc,start       ] GC(1459) Pause Young (Allocation Failure)
[440.316s][info][gc,heap        ] GC(1459) DefNew: 280231K(314560K)->611K(314560K) Eden: 279616K(279616K)->0K(279616K) From: 615K(34944K)->611K(34944K)
[440.316s][info][gc,heap        ] GC(1459) Tenured: 9819K(699072K)->9863K(699072K)
[440.316s][info][gc,metaspace   ] GC(1459) Metaspace: 14279K(15104K)->14279K(15104K) NonClass: 12336K(12864K)->12336K(12864K) Class: 1943K(2240K)->1943K(2240K)
[440.316s][info][gc             ] GC(1459) Pause Young (Allocation Failure) 283M->10M(989M) 37.575ms
[440.316s][info][gc,cpu         ] GC(1459) User=0.05s Sys=0.00s Real=0.04s
[440.566s][info][gc,start       ] GC(1460) Pause Young (Allocation Failure)
[440.607s][info][gc,heap        ] GC(1460) DefNew: 280227K(314560K)->608K(314560K) Eden: 279616K(279616K)->0K(279616K) From: 611K(34944K)->608K(34944K)
[440.607s][info][gc,heap        ] GC(1460) Tenured: 9863K(699072K)->9905K(699072K)
[440.607s][info][gc,metaspace   ] GC(1460) Metaspace: 14279K(15104K)->14279K(15104K) NonClass: 12336K(12864K)->12336K(12864K) Class: 1943K(2240K)->1943K(2240K)
[440.607s][info][gc             ] GC(1460) Pause Young (Allocation Failure) 283M->10M(989M) 41.112ms
[440.607s][info][gc,cpu         ] GC(1460) User=0.03s Sys=0.00s Real=0.03s
[440.858s][info][gc,start       ] GC(1461) Pause Young (Allocation Failure)
[440.898s][info][gc,heap        ] GC(1461) DefNew: 280224K(314560K)->606K(314560K) Eden: 279616K(279616K)->0K(279616K) From: 608K(34944K)->606K(34944K)
[440.898s][info][gc,heap        ] GC(1461) Tenured: 9905K(699072K)->9947K(699072K)
[440.898s][info][gc,metaspace   ] GC(1461) Metaspace: 14279K(15104K)->14279K(15104K) NonClass: 12336K(12864K)->12336K(12864K) Class: 1943K(2240K)->1943K(2240K)
[440.898s][info][gc             ] GC(1461) Pause Young (Allocation Failure) 283M->10M(989M) 40.235ms
[440.898s][info][gc,cpu         ] GC(1461) User=0.05s Sys=0.00s Real=0.04s
[441.149s][info][gc,start       ] GC(1462) Pause Young (Allocation Failure)
[441.189s][info][gc,heap        ] GC(1462) DefNew: 280222K(314560K)->605K(314560K) Eden: 279616K(279616K)->0K(279616K) From: 606K(34944K)->605K(34944K)
[441.189s][info][gc,heap        ] GC(1462) Tenured: 9947K(699072K)->9988K(699072K)
[441.189s][info][gc,metaspace   ] GC(1462) Metaspace: 14279K(15104K)->14279K(15104K) NonClass: 12336K(12864K)->12336K(12864K) Class: 1943K(2240K)->1943K(2240K)
[441.189s][info][gc             ] GC(1462) Pause Young (Allocation Failure) 283M->10M(989M) 39.843ms
[441.189s][info][gc,cpu         ] GC(1462) User=0.03s Sys=0.00s Real=0.03s
[441.440s][info][gc,start       ] GC(1463) Pause Young (Allocation Failure)
[441.480s][info][gc,heap        ] GC(1463) DefNew: 280221K(314560K)->601K(314560K) Eden: 279616K(279616K)->0K(279616K) From: 605K(34944K)->601K(34944K)
[441.480s][info][gc,heap        ] GC(1463) Tenured: 9988K(699072K)->10030K(699072K)
[441.480s][info][gc,metaspace   ] GC(1463) Metaspace: 14279K(15104K)->14279K(15104K) NonClass: 12336K(12864K)->12336K(12864K) Class: 1943K(2240K)->1943K(2240K)
[441.480s][info][gc             ] GC(1463) Pause Young (Allocation Failure) 283M->10M(989M) 39.596ms
[441.480s][info][gc,cpu         ] GC(1463) User=0.03s Sys=0.00s Real=0.04s
[441.731s][info][gc,start       ] GC(1464) Pause Young (Allocation Failure)
[441.773s][info][gc,heap        ] GC(1464) DefNew: 280217K(314560K)->603K(314560K) Eden: 279616K(279616K)->0K(279616K) From: 601K(34944K)->603K(34944K)
[441.773s][info][gc,heap        ] GC(1464) Tenured: 10030K(699072K)->10068K(699072K)
[441.773s][info][gc,metaspace   ] GC(1464) Metaspace: 14279K(15104K)->14279K(15104K) NonClass: 12336K(12864K)->12336K(12864K) Class: 1943K(2240K)->1943K(2240K)
[441.773s][info][gc             ] GC(1464) Pause Young (Allocation Failure) 283M->10M(989M) 41.675ms
[441.773s][info][gc,cpu         ] GC(1464) User=0.05s Sys=0.00s Real=0.04s
[442.027s][info][gc,start       ] GC(1465) Pause Young (Allocation Failure)
[442.069s][info][gc,heap        ] GC(1465) DefNew: 280219K(314560K)->603K(314560K) Eden: 279616K(279616K)->0K(279616K) From: 603K(34944K)->603K(34944K)
[442.069s][info][gc,heap        ] GC(1465) Tenured: 10068K(699072K)->10109K(699072K)
[442.069s][info][gc,metaspace   ] GC(1465) Metaspace: 14279K(15104K)->14279K(15104K) NonClass: 12336K(12864K)->12336K(12864K) Class: 1943K(2240K)->1943K(2240K)
[442.069s][info][gc             ] GC(1465) Pause Young (Allocation Failure) 283M->10M(989M) 41.947ms
[442.069s][info][gc,cpu         ] GC(1465) User=0.05s Sys=0.00s Real=0.04s
[442.321s][info][gc,start       ] GC(1466) Pause Young (Allocation Failure)
[442.363s][info][gc,heap        ] GC(1466) DefNew: 280219K(314560K)->598K(314560K) Eden: 279616K(279616K)->0K(279616K) From: 603K(34944K)->598K(34944K)
[442.363s][info][gc,heap        ] GC(1466) Tenured: 10109K(699072K)->10152K(699072K)
[442.363s][info][gc,metaspace   ] GC(1466) Metaspace: 14279K(15104K)->14279K(15104K) NonClass: 12336K(12864K)->12336K(12864K) Class: 1943K(2240K)->1943K(2240K)
[442.363s][info][gc             ] GC(1466) Pause Young (Allocation Failure) 283M->10M(989M) 42.207ms
[442.363s][info][gc,cpu         ] GC(1466) User=0.03s Sys=0.00s Real=0.03s
[442.617s][info][gc,start       ] GC(1467) Pause Young (Allocation Failure)
[442.659s][info][gc,heap        ] GC(1467) DefNew: 280214K(314560K)->601K(314560K) Eden: 279616K(279616K)->0K(279616K) From: 598K(34944K)->601K(34944K)
[442.659s][info][gc,heap        ] GC(1467) Tenured: 10152K(699072K)->10191K(699072K)
[442.660s][info][gc,metaspace   ] GC(1467) Metaspace: 14279K(15104K)->14279K(15104K) NonClass: 12336K(12864K)->12336K(12864K) Class: 1943K(2240K)->1943K(2240K)
[442.660s][info][gc             ] GC(1467) Pause Young (Allocation Failure) 283M->10M(989M) 42.854ms
[442.660s][info][gc,cpu         ] GC(1467) User=0.03s Sys=0.00s Real=0.04s
[442.913s][info][gc,start       ] GC(1468) Pause Young (Allocation Failure)
[442.958s][info][gc,heap        ] GC(1468) DefNew: 280217K(314560K)->601K(314560K) Eden: 279616K(279616K)->0K(279616K) From: 601K(34944K)->601K(34944K)
[442.958s][info][gc,heap        ] GC(1468) Tenured: 10191K(699072K)->10233K(699072K)
[442.958s][info][gc,metaspace   ] GC(1468) Metaspace: 14279K(15104K)->14279K(15104K) NonClass: 12336K(12864K)->12336K(12864K) Class: 1943K(2240K)->1943K(2240K)
[442.958s][info][gc             ] GC(1468) Pause Young (Allocation Failure) 283M->10M(989M) 44.720ms
[442.958s][info][gc,cpu         ] GC(1468) User=0.03s Sys=0.00s Real=0.04s
[443.384s][info][gc,start       ] GC(1469) Pause Young (Allocation Failure)
[443.425s][info][gc,heap        ] GC(1469) DefNew: 280217K(314560K)->602K(314560K) Eden: 279616K(279616K)->0K(279616K) From: 601K(34944K)->602K(34944K)
[443.425s][info][gc,heap        ] GC(1469) Tenured: 10233K(699072K)->10271K(699072K)
[443.425s][info][gc,metaspace   ] GC(1469) Metaspace: 14279K(15104K)->14279K(15104K) NonClass: 12336K(12864K)->12336K(12864K) Class: 1943K(2240K)->1943K(2240K)
[443.425s][info][gc             ] GC(1469) Pause Young (Allocation Failure) 283M->10M(989M) 41.359ms
[443.425s][info][gc,cpu         ] GC(1469) User=0.03s Sys=0.00s Real=0.03s
[443.684s][info][gc,start       ] GC(1470) Pause Young (Allocation Failure)
[443.721s][info][gc,heap        ] GC(1470) DefNew: 280218K(314560K)->609K(314560K) Eden: 279616K(279616K)->0K(279616K) From: 602K(34944K)->609K(34944K)
[443.721s][info][gc,heap        ] GC(1470) Tenured: 10271K(699072K)->10310K(699072K)
[443.721s][info][gc,metaspace   ] GC(1470) Metaspace: 14279K(15104K)->14279K(15104K) NonClass: 12336K(12864K)->12336K(12864K) Class: 1943K(2240K)->1943K(2240K)
[443.721s][info][gc             ] GC(1470) Pause Young (Allocation Failure) 283M->10M(989M) 36.546ms
[443.721s][info][gc,cpu         ] GC(1470) User=0.03s Sys=0.00s Real=0.02s
[443.976s][info][gc,start       ] GC(1471) Pause Young (Allocation Failure)
[444.013s][info][gc,heap        ] GC(1471) DefNew: 280225K(314560K)->612K(314560K) Eden: 279616K(279616K)->0K(279616K) From: 609K(34944K)->612K(34944K)
[444.013s][info][gc,heap        ] GC(1471) Tenured: 10310K(699072K)->10349K(699072K)
[444.013s][info][gc,metaspace   ] GC(1471) Metaspace: 14279K(15104K)->14279K(15104K) NonClass: 12336K(12864K)->12336K(12864K) Class: 1943K(2240K)->1943K(2240K)
[444.013s][info][gc             ] GC(1471) Pause Young (Allocation Failure) 283M->10M(989M) 37.287ms
[444.013s][info][gc,cpu         ] GC(1471) User=0.03s Sys=0.00s Real=0.04s
[444.275s][info][gc,start       ] GC(1472) Pause Young (Allocation Failure)
[444.312s][info][gc,heap        ] GC(1472) DefNew: 280228K(314560K)->616K(314560K) Eden: 279616K(279616K)->0K(279616K) From: 612K(34944K)->616K(34944K)
[444.312s][info][gc,heap        ] GC(1472) Tenured: 10349K(699072K)->10387K(699072K)
[444.312s][info][gc,metaspace   ] GC(1472) Metaspace: 14279K(15104K)->14279K(15104K) NonClass: 12336K(12864K)->12336K(12864K) Class: 1943K(2240K)->1943K(2240K)
[444.312s][info][gc             ] GC(1472) Pause Young (Allocation Failure) 283M->10M(989M) 36.968ms
[444.312s][info][gc,cpu         ] GC(1472) User=0.03s Sys=0.00s Real=0.03s
[444.565s][info][gc,start       ] GC(1473) Pause Young (Allocation Failure)
[444.603s][info][gc,heap        ] GC(1473) DefNew: 280232K(314560K)->616K(314560K) Eden: 279616K(279616K)->0K(279616K) From: 616K(34944K)->616K(34944K)
[444.603s][info][gc,heap        ] GC(1473) Tenured: 10387K(699072K)->10425K(699072K)
[444.603s][info][gc,metaspace   ] GC(1473) Metaspace: 14279K(15104K)->14279K(15104K) NonClass: 12336K(12864K)->12336K(12864K) Class: 1943K(2240K)->1943K(2240K)
[444.603s][info][gc             ] GC(1473) Pause Young (Allocation Failure) 283M->10M(989M) 38.300ms
[444.603s][info][gc,cpu         ] GC(1473) User=0.03s Sys=0.00s Real=0.03s
[444.852s][info][gc,start       ] GC(1474) Pause Young (Allocation Failure)
[444.882s][info][gc,heap        ] GC(1474) DefNew: 280232K(314560K)->612K(314560K) Eden: 279616K(279616K)->0K(279616K) From: 616K(34944K)->612K(34944K)
[444.882s][info][gc,heap        ] GC(1474) Tenured: 10425K(699072K)->10467K(699072K)
[444.882s][info][gc,metaspace   ] GC(1474) Metaspace: 14279K(15104K)->14279K(15104K) NonClass: 12336K(12864K)->12336K(12864K) Class: 1943K(2240K)->1943K(2240K)
[444.882s][info][gc             ] GC(1474) Pause Young (Allocation Failure) 283M->10M(989M) 30.527ms
[444.882s][info][gc,cpu         ] GC(1474) User=0.03s Sys=0.00s Real=0.03s
[445.132s][info][gc,start       ] GC(1475) Pause Young (Allocation Failure)
[445.162s][info][gc,heap        ] GC(1475) DefNew: 280228K(314560K)->613K(314560K) Eden: 279616K(279616K)->0K(279616K) From: 612K(34944K)->613K(34944K)
[445.162s][info][gc,heap        ] GC(1475) Tenured: 10467K(699072K)->10505K(699072K)
[445.162s][info][gc,metaspace   ] GC(1475) Metaspace: 14279K(15104K)->14279K(15104K) NonClass: 12336K(12864K)->12336K(12864K) Class: 1943K(2240K)->1943K(2240K)
[445.162s][info][gc             ] GC(1475) Pause Young (Allocation Failure) 283M->10M(989M) 30.022ms
[445.162s][info][gc,cpu         ] GC(1475) User=0.03s Sys=0.00s Real=0.03s
[445.410s][info][gc,start       ] GC(1476) Pause Young (Allocation Failure)
[445.441s][info][gc,heap        ] GC(1476) DefNew: 280229K(314560K)->613K(314560K) Eden: 279616K(279616K)->0K(279616K) From: 613K(34944K)->613K(34944K)
[445.441s][info][gc,heap        ] GC(1476) Tenured: 10505K(699072K)->10544K(699072K)
[445.441s][info][gc,metaspace   ] GC(1476) Metaspace: 14279K(15104K)->14279K(15104K) NonClass: 12336K(12864K)->12336K(12864K) Class: 1943K(2240K)->1943K(2240K)
[445.441s][info][gc             ] GC(1476) Pause Young (Allocation Failure) 283M->10M(989M) 30.716ms
[445.441s][info][gc,cpu         ] GC(1476) User=0.03s Sys=0.00s Real=0.03s
[445.689s][info][gc,start       ] GC(1477) Pause Young (Allocation Failure)
[445.730s][info][gc,heap        ] GC(1477) DefNew: 280229K(314560K)->611K(314560K) Eden: 279616K(279616K)->0K(279616K) From: 613K(34944K)->611K(34944K)
[445.730s][info][gc,heap        ] GC(1477) Tenured: 10544K(699072K)->10585K(699072K)
[445.730s][info][gc,metaspace   ] GC(1477) Metaspace: 14279K(15104K)->14279K(15104K) NonClass: 12336K(12864K)->12336K(12864K) Class: 1943K(2240K)->1943K(2240K)
[445.730s][info][gc             ] GC(1477) Pause Young (Allocation Failure) 283M->10M(989M) 40.654ms
[445.730s][info][gc,cpu         ] GC(1477) User=0.03s Sys=0.00s Real=0.04s
[445.982s][info][gc,start       ] GC(1478) Pause Young (Allocation Failure)
[446.024s][info][gc,heap        ] GC(1478) DefNew: 280227K(314560K)->612K(314560K) Eden: 279616K(279616K)->0K(279616K) From: 611K(34944K)->612K(34944K)
[446.024s][info][gc,heap        ] GC(1478) Tenured: 10585K(699072K)->10624K(699072K)
[446.024s][info][gc,metaspace   ] GC(1478) Metaspace: 14279K(15104K)->14279K(15104K) NonClass: 12336K(12864K)->12336K(12864K) Class: 1943K(2240K)->1943K(2240K)
[446.024s][info][gc             ] GC(1478) Pause Young (Allocation Failure) 283M->10M(989M) 41.682ms
[446.024s][info][gc,cpu         ] GC(1478) User=0.05s Sys=0.00s Real=0.04s
[446.277s][info][gc,start       ] GC(1479) Pause Young (Allocation Failure)
[446.320s][info][gc,heap        ] GC(1479) DefNew: 280228K(314560K)->617K(314560K) Eden: 279616K(279616K)->0K(279616K) From: 612K(34944K)->617K(34944K)
[446.320s][info][gc,heap        ] GC(1479) Tenured: 10624K(699072K)->10662K(699072K)
[446.320s][info][gc,metaspace   ] GC(1479) Metaspace: 14279K(15104K)->14279K(15104K) NonClass: 12336K(12864K)->12336K(12864K) Class: 1943K(2240K)->1943K(2240K)
[446.320s][info][gc             ] GC(1479) Pause Young (Allocation Failure) 284M->11M(989M) 42.841ms
[446.320s][info][gc,cpu         ] GC(1479) User=0.05s Sys=0.00s Real=0.04s
[446.573s][info][gc,start       ] GC(1480) Pause Young (Allocation Failure)
[446.616s][info][gc,heap        ] GC(1480) DefNew: 280233K(314560K)->616K(314560K) Eden: 279616K(279616K)->0K(279616K) From: 617K(34944K)->616K(34944K)
[446.616s][info][gc,heap        ] GC(1480) Tenured: 10662K(699072K)->10704K(699072K)
[446.616s][info][gc,metaspace   ] GC(1480) Metaspace: 14279K(15104K)->14279K(15104K) NonClass: 12336K(12864K)->12336K(12864K) Class: 1943K(2240K)->1943K(2240K)
[446.616s][info][gc             ] GC(1480) Pause Young (Allocation Failure) 284M->11M(989M) 42.576ms
[446.616s][info][gc,cpu         ] GC(1480) User=0.03s Sys=0.00s Real=0.03s
[446.867s][info][gc,start       ] GC(1481) Pause Young (Allocation Failure)
[446.910s][info][gc,heap        ] GC(1481) DefNew: 280232K(314560K)->619K(314560K) Eden: 279616K(279616K)->0K(279616K) From: 616K(34944K)->619K(34944K)
[446.910s][info][gc,heap        ] GC(1481) Tenured: 10704K(699072K)->10743K(699072K)
[446.910s][info][gc,metaspace   ] GC(1481) Metaspace: 14279K(15104K)->14279K(15104K) NonClass: 12336K(12864K)->12336K(12864K) Class: 1943K(2240K)->1943K(2240K)
[446.910s][info][gc             ] GC(1481) Pause Young (Allocation Failure) 284M->11M(989M) 43.031ms
[446.910s][info][gc,cpu         ] GC(1481) User=0.05s Sys=0.00s Real=0.04s
[447.298s][info][gc,start       ] GC(1482) Pause Young (Allocation Failure)
[447.348s][info][gc,heap        ] GC(1482) DefNew: 280235K(314560K)->620K(314560K) Eden: 279616K(279616K)->0K(279616K) From: 619K(34944K)->620K(34944K)
[447.348s][info][gc,heap        ] GC(1482) Tenured: 10743K(699072K)->10784K(699072K)
[447.348s][info][gc,metaspace   ] GC(1482) Metaspace: 14279K(15104K)->14279K(15104K) NonClass: 12336K(12864K)->12336K(12864K) Class: 1943K(2240K)->1943K(2240K)
[447.348s][info][gc             ] GC(1482) Pause Young (Allocation Failure) 284M->11M(989M) 49.513ms
[447.348s][info][gc,cpu         ] GC(1482) User=0.05s Sys=0.00s Real=0.05s
[447.609s][info][gc,start       ] GC(1483) Pause Young (Allocation Failure)
[447.650s][info][gc,heap        ] GC(1483) DefNew: 280236K(314560K)->617K(314560K) Eden: 279616K(279616K)->0K(279616K) From: 620K(34944K)->617K(34944K)
[447.650s][info][gc,heap        ] GC(1483) Tenured: 10784K(699072K)->10826K(699072K)
[447.650s][info][gc,metaspace   ] GC(1483) Metaspace: 14279K(15104K)->14279K(15104K) NonClass: 12336K(12864K)->12336K(12864K) Class: 1943K(2240K)->1943K(2240K)
[447.650s][info][gc             ] GC(1483) Pause Young (Allocation Failure) 284M->11M(989M) 40.489ms
[447.650s][info][gc,cpu         ] GC(1483) User=0.03s Sys=0.00s Real=0.03s
[447.911s][info][gc,start       ] GC(1484) Pause Young (Allocation Failure)
[447.947s][info][gc,heap        ] GC(1484) DefNew: 280233K(314560K)->618K(314560K) Eden: 279616K(279616K)->0K(279616K) From: 617K(34944K)->618K(34944K)
[447.947s][info][gc,heap        ] GC(1484) Tenured: 10826K(699072K)->10865K(699072K)
[447.947s][info][gc,metaspace   ] GC(1484) Metaspace: 14279K(15104K)->14279K(15104K) NonClass: 12336K(12864K)->12336K(12864K) Class: 1943K(2240K)->1943K(2240K)
[447.947s][info][gc             ] GC(1484) Pause Young (Allocation Failure) 284M->11M(989M) 36.544ms
[447.947s][info][gc,cpu         ] GC(1484) User=0.03s Sys=0.00s Real=0.03s
[448.205s][info][gc,start       ] GC(1485) Pause Young (Allocation Failure)
[448.243s][info][gc,heap        ] GC(1485) DefNew: 280234K(314560K)->613K(314560K) Eden: 279616K(279616K)->0K(279616K) From: 618K(34944K)->613K(34944K)
[448.244s][info][gc,heap        ] GC(1485) Tenured: 10865K(699072K)->10911K(699072K)
[448.244s][info][gc,metaspace   ] GC(1485) Metaspace: 14279K(15104K)->14279K(15104K) NonClass: 12336K(12864K)->12336K(12864K) Class: 1943K(2240K)->1943K(2240K)
[448.244s][info][gc             ] GC(1485) Pause Young (Allocation Failure) 284M->11M(989M) 38.377ms
[448.244s][info][gc,cpu         ] GC(1485) User=0.03s Sys=0.00s Real=0.04s
[448.498s][info][gc,start       ] GC(1486) Pause Young (Allocation Failure)
[448.538s][info][gc,heap        ] GC(1486) DefNew: 280229K(314560K)->611K(314560K) Eden: 279616K(279616K)->0K(279616K) From: 613K(34944K)->611K(34944K)
[448.538s][info][gc,heap        ] GC(1486) Tenured: 10911K(699072K)->10952K(699072K)
[448.538s][info][gc,metaspace   ] GC(1486) Metaspace: 14279K(15104K)->14279K(15104K) NonClass: 12336K(12864K)->12336K(12864K) Class: 1943K(2240K)->1943K(2240K)
[448.538s][info][gc             ] GC(1486) Pause Young (Allocation Failure) 284M->11M(989M) 39.766ms
[448.538s][info][gc,cpu         ] GC(1486) User=0.05s Sys=0.00s Real=0.04s
[448.790s][info][gc,start       ] GC(1487) Pause Young (Allocation Failure)
[448.821s][info][gc,heap        ] GC(1487) DefNew: 280227K(314560K)->612K(314560K) Eden: 279616K(279616K)->0K(279616K) From: 611K(34944K)->612K(34944K)
[448.821s][info][gc,heap        ] GC(1487) Tenured: 10952K(699072K)->10994K(699072K)
[448.821s][info][gc,metaspace   ] GC(1487) Metaspace: 14279K(15104K)->14279K(15104K) NonClass: 12336K(12864K)->12336K(12864K) Class: 1943K(2240K)->1943K(2240K)
[448.821s][info][gc             ] GC(1487) Pause Young (Allocation Failure) 284M->11M(989M) 31.185ms
[448.821s][info][gc,cpu         ] GC(1487) User=0.02s Sys=0.00s Real=0.02s
[449.071s][info][gc,start       ] GC(1488) Pause Young (Allocation Failure)
[449.103s][info][gc,heap        ] GC(1488) DefNew: 280228K(314560K)->613K(314560K) Eden: 279616K(279616K)->0K(279616K) From: 612K(34944K)->613K(34944K)
[449.104s][info][gc,heap        ] GC(1488) Tenured: 10994K(699072K)->11033K(699072K)
[449.104s][info][gc,metaspace   ] GC(1488) Metaspace: 14279K(15104K)->14279K(15104K) NonClass: 12336K(12864K)->12336K(12864K) Class: 1943K(2240K)->1943K(2240K)
[449.104s][info][gc             ] GC(1488) Pause Young (Allocation Failure) 284M->11M(989M) 32.887ms
[449.104s][info][gc,cpu         ] GC(1488) User=0.03s Sys=0.00s Real=0.03s
[449.349s][info][gc,start       ] GC(1489) Pause Young (Allocation Failure)
[449.383s][info][gc,heap        ] GC(1489) DefNew: 280229K(314560K)->612K(314560K) Eden: 279616K(279616K)->0K(279616K) From: 613K(34944K)->612K(34944K)
[449.383s][info][gc,heap        ] GC(1489) Tenured: 11033K(699072K)->11071K(699072K)
[449.383s][info][gc,metaspace   ] GC(1489) Metaspace: 14279K(15104K)->14279K(15104K) NonClass: 12336K(12864K)->12336K(12864K) Class: 1943K(2240K)->1943K(2240K)
[449.383s][info][gc             ] GC(1489) Pause Young (Allocation Failure) 284M->11M(989M) 33.931ms
[449.383s][info][gc,cpu         ] GC(1489) User=0.03s Sys=0.00s Real=0.03s
[449.621s][info][gc,start       ] GC(1490) Pause Young (Allocation Failure)
[449.657s][info][gc,heap        ] GC(1490) DefNew: 280228K(314560K)->610K(314560K) Eden: 279616K(279616K)->0K(279616K) From: 612K(34944K)->610K(34944K)
[449.657s][info][gc,heap        ] GC(1490) Tenured: 11071K(699072K)->11110K(699072K)
[449.657s][info][gc,metaspace   ] GC(1490) Metaspace: 14279K(15104K)->14279K(15104K) NonClass: 12336K(12864K)->12336K(12864K) Class: 1943K(2240K)->1943K(2240K)
[449.657s][info][gc             ] GC(1490) Pause Young (Allocation Failure) 284M->11M(989M) 35.222ms
[449.657s][info][gc,cpu         ] GC(1490) User=0.03s Sys=0.00s Real=0.03s
[449.845s][info][gc,start       ] GC(1491) Pause Young (Allocation Failure)
[449.878s][info][gc,heap        ] GC(1491) DefNew: 280226K(314560K)->602K(314560K) Eden: 279616K(279616K)->0K(279616K) From: 610K(34944K)->602K(34944K)
[449.879s][info][gc,heap        ] GC(1491) Tenured: 11110K(699072K)->11149K(699072K)
[449.879s][info][gc,metaspace   ] GC(1491) Metaspace: 14279K(15104K)->14279K(15104K) NonClass: 12336K(12864K)->12336K(12864K) Class: 1943K(2240K)->1943K(2240K)
[449.879s][info][gc             ] GC(1491) Pause Young (Allocation Failure) 284M->11M(989M) 33.248ms
[449.879s][info][gc,cpu         ] GC(1491) User=0.02s Sys=0.00s Real=0.02s
[450.054s][info][gc,start       ] GC(1492) Pause Young (Allocation Failure)
[450.087s][info][gc,heap        ] GC(1492) DefNew: 280218K(314560K)->588K(314560K) Eden: 279616K(279616K)->0K(279616K) From: 602K(34944K)->588K(34944K)
[450.095s][info][gc,heap        ] GC(1492) Tenured: 11149K(699072K)->11188K(699072K)
[450.095s][info][gc,metaspace   ] GC(1492) Metaspace: 14279K(15104K)->14279K(15104K) NonClass: 12336K(12864K)->12336K(12864K) Class: 1943K(2240K)->1943K(2240K)
[450.095s][info][gc             ] GC(1492) Pause Young (Allocation Failure) 284M->11M(989M) 41.059ms
[450.095s][info][gc,cpu         ] GC(1492) User=0.03s Sys=0.00s Real=0.03s
[450.270s][info][gc,start       ] GC(1493) Pause Full (System.gc())
[450.270s][info][gc,phases,start] GC(1493) Phase 1: Mark live objects
[450.309s][info][gc,phases      ] GC(1493) Phase 1: Mark live objects 38.671ms
[450.309s][info][gc,phases,start] GC(1493) Phase 2: Compute new object addresses
[450.341s][info][gc,phases      ] GC(1493) Phase 2: Compute new object addresses 32.440ms
[450.341s][info][gc,phases,start] GC(1493) Phase 3: Adjust pointers
[450.365s][info][gc,phases      ] GC(1493) Phase 3: Adjust pointers 23.651ms
[450.365s][info][gc,phases,start] GC(1493) Phase 4: Move objects
[450.365s][info][gc,phases      ] GC(1493) Phase 4: Move objects 0.013ms
[450.365s][info][gc,heap        ] GC(1493) DefNew: 137601K(314560K)->0K(314560K) Eden: 137012K(279616K)->0K(279616K) From: 588K(34944K)->0K(34944K)
[450.365s][info][gc,heap        ] GC(1493) Tenured: 11188K(699072K)->11188K(699072K)
[450.365s][info][gc,metaspace   ] GC(1493) Metaspace: 14279K(15104K)->14279K(15104K) NonClass: 12336K(12864K)->12336K(12864K) Class: 1943K(2240K)->1943K(2240K)
[450.365s][info][gc             ] GC(1493) Pause Full (System.gc()) 145M->10M(989M) 95.173ms
[450.365s][info][gc,cpu         ] GC(1493) User=0.09s Sys=0.00s Real=0.09s
[450.597s][info][gc,start       ] GC(1494) Pause Young (Allocation Failure)
[450.630s][info][gc,heap        ] GC(1494) DefNew: 279616K(314560K)->1494K(314560K) Eden: 279616K(279616K)->0K(279616K) From: 0K(34944K)->1494K(34944K)
[450.630s][info][gc,heap        ] GC(1494) Tenured: 11188K(699072K)->11188K(699072K)
[450.630s][info][gc,metaspace   ] GC(1494) Metaspace: 14279K(15104K)->14279K(15104K) NonClass: 12336K(12864K)->12336K(12864K) Class: 1943K(2240K)->1943K(2240K)
[450.630s][info][gc             ] GC(1494) Pause Young (Allocation Failure) 283M->12M(989M) 32.877ms
[450.630s][info][gc,cpu         ] GC(1494) User=0.03s Sys=0.00s Real=0.03s
[450.892s][info][gc,start       ] GC(1495) Pause Young (Allocation Failure)
[450.937s][info][gc,heap        ] GC(1495) DefNew: 281110K(314560K)->1537K(314560K) Eden: 279616K(279616K)->0K(279616K) From: 1494K(34944K)->1537K(34944K)
[450.937s][info][gc,heap        ] GC(1495) Tenured: 11188K(699072K)->11188K(699072K)
[450.937s][info][gc,metaspace   ] GC(1495) Metaspace: 14279K(15104K)->14279K(15104K) NonClass: 12336K(12864K)->12336K(12864K) Class: 1943K(2240K)->1943K(2240K)
[450.937s][info][gc             ] GC(1495) Pause Young (Allocation Failure) 285M->12M(989M) 45.393ms
[450.937s][info][gc,cpu         ] GC(1495) User=0.03s Sys=0.00s Real=0.05s
[451.320s][info][gc,start       ] GC(1496) Pause Young (Allocation Failure)
[451.372s][info][gc,heap        ] GC(1496) DefNew: 281153K(314560K)->1578K(314560K) Eden: 279616K(279616K)->0K(279616K) From: 1537K(34944K)->1578K(34944K)
[451.372s][info][gc,heap        ] GC(1496) Tenured: 11188K(699072K)->11188K(699072K)
[451.372s][info][gc,metaspace   ] GC(1496) Metaspace: 14279K(15104K)->14279K(15104K) NonClass: 12336K(12864K)->12336K(12864K) Class: 1943K(2240K)->1943K(2240K)
[451.372s][info][gc             ] GC(1496) Pause Young (Allocation Failure) 285M->12M(989M) 52.115ms
[451.372s][info][gc,cpu         ] GC(1496) User=0.05s Sys=0.00s Real=0.05s
[451.643s][info][gc,start       ] GC(1497) Pause Young (Allocation Failure)
[451.683s][info][gc,heap        ] GC(1497) DefNew: 281194K(314560K)->1619K(314560K) Eden: 279616K(279616K)->0K(279616K) From: 1578K(34944K)->1619K(34944K)
[451.683s][info][gc,heap        ] GC(1497) Tenured: 11188K(699072K)->11188K(699072K)
[451.683s][info][gc,metaspace   ] GC(1497) Metaspace: 14279K(15104K)->14279K(15104K) NonClass: 12336K(12864K)->12336K(12864K) Class: 1943K(2240K)->1943K(2240K)
[451.683s][info][gc             ] GC(1497) Pause Young (Allocation Failure) 285M->12M(989M) 40.302ms
[451.683s][info][gc,cpu         ] GC(1497) User=0.03s Sys=0.00s Real=0.04s
[451.955s][info][gc,start       ] GC(1498) Pause Young (Allocation Failure)
[451.993s][info][gc,heap        ] GC(1498) DefNew: 281235K(314560K)->1661K(314560K) Eden: 279616K(279616K)->0K(279616K) From: 1619K(34944K)->1661K(34944K)
[451.993s][info][gc,heap        ] GC(1498) Tenured: 11188K(699072K)->11188K(699072K)
[451.993s][info][gc,metaspace   ] GC(1498) Metaspace: 14279K(15104K)->14279K(15104K) NonClass: 12336K(12864K)->12336K(12864K) Class: 1943K(2240K)->1943K(2240K)
[451.993s][info][gc             ] GC(1498) Pause Young (Allocation Failure) 285M->12M(989M) 38.036ms
[451.993s][info][gc,cpu         ] GC(1498) User=0.02s Sys=0.00s Real=0.03s
[452.257s][info][gc,start       ] GC(1499) Pause Young (Allocation Failure)
[452.296s][info][gc,heap        ] GC(1499) DefNew: 281277K(314560K)->1702K(314560K) Eden: 279616K(279616K)->0K(279616K) From: 1661K(34944K)->1702K(34944K)
[452.296s][info][gc,heap        ] GC(1499) Tenured: 11188K(699072K)->11188K(699072K)
[452.296s][info][gc,metaspace   ] GC(1499) Metaspace: 14279K(15104K)->14279K(15104K) NonClass: 12336K(12864K)->12336K(12864K) Class: 1943K(2240K)->1943K(2240K)
[452.296s][info][gc             ] GC(1499) Pause Young (Allocation Failure) 285M->12M(989M) 39.643ms
[452.297s][info][gc,cpu         ] GC(1499) User=0.03s Sys=0.00s Real=0.04s
[452.561s][info][gc,start       ] GC(1500) Pause Young (Allocation Failure)
[452.601s][info][gc,heap        ] GC(1500) DefNew: 281318K(314560K)->1744K(314560K) Eden: 279616K(279616K)->0K(279616K) From: 1702K(34944K)->1744K(34944K)
[452.601s][info][gc,heap        ] GC(1500) Tenured: 11188K(699072K)->11188K(699072K)
[452.601s][info][gc,metaspace   ] GC(1500) Metaspace: 14279K(15104K)->14279K(15104K) NonClass: 12336K(12864K)->12336K(12864K) Class: 1943K(2240K)->1943K(2240K)
[452.602s][info][gc             ] GC(1500) Pause Young (Allocation Failure) 285M->12M(989M) 40.866ms
[452.602s][info][gc,cpu         ] GC(1500) User=0.05s Sys=0.00s Real=0.04s
[452.869s][info][gc,start       ] GC(1501) Pause Young (Allocation Failure)
[452.910s][info][gc,heap        ] GC(1501) DefNew: 281360K(314560K)->1786K(314560K) Eden: 279616K(279616K)->0K(279616K) From: 1744K(34944K)->1786K(34944K)
[452.910s][info][gc,heap        ] GC(1501) Tenured: 11188K(699072K)->11188K(699072K)
[452.910s][info][gc,metaspace   ] GC(1501) Metaspace: 14279K(15104K)->14279K(15104K) NonClass: 12336K(12864K)->12336K(12864K) Class: 1943K(2240K)->1943K(2240K)
[452.910s][info][gc             ] GC(1501) Pause Young (Allocation Failure) 285M->12M(989M) 41.703ms
[452.910s][info][gc,cpu         ] GC(1501) User=0.05s Sys=0.00s Real=0.04s
[453.163s][info][gc,start       ] GC(1502) Pause Young (Allocation Failure)
[453.205s][info][gc,heap        ] GC(1502) DefNew: 281402K(314560K)->1825K(314560K) Eden: 279616K(279616K)->0K(279616K) From: 1786K(34944K)->1825K(34944K)
[453.205s][info][gc,heap        ] GC(1502) Tenured: 11188K(699072K)->11188K(699072K)
[453.205s][info][gc,metaspace   ] GC(1502) Metaspace: 14279K(15104K)->14279K(15104K) NonClass: 12336K(12864K)->12336K(12864K) Class: 1943K(2240K)->1943K(2240K)
[453.205s][info][gc             ] GC(1502) Pause Young (Allocation Failure) 285M->12M(989M) 41.372ms
[453.205s][info][gc,cpu         ] GC(1502) User=0.03s Sys=0.00s Real=0.03s
[453.464s][info][gc,start       ] GC(1503) Pause Young (Allocation Failure)
[453.505s][info][gc,heap        ] GC(1503) DefNew: 281441K(314560K)->1862K(314560K) Eden: 279616K(279616K)->0K(279616K) From: 1825K(34944K)->1862K(34944K)
[453.505s][info][gc,heap        ] GC(1503) Tenured: 11188K(699072K)->11188K(699072K)
[453.505s][info][gc,metaspace   ] GC(1503) Metaspace: 14279K(15104K)->14279K(15104K) NonClass: 12336K(12864K)->12336K(12864K) Class: 1943K(2240K)->1943K(2240K)
[453.505s][info][gc             ] GC(1503) Pause Young (Allocation Failure) 285M->12M(989M) 41.726ms
[453.505s][info][gc,cpu         ] GC(1503) User=0.03s Sys=0.00s Real=0.03s
[453.769s][info][gc,start       ] GC(1504) Pause Young (Allocation Failure)
[453.813s][info][gc,heap        ] GC(1504) DefNew: 281478K(314560K)->1902K(314560K) Eden: 279616K(279616K)->0K(279616K) From: 1862K(34944K)->1902K(34944K)
[453.813s][info][gc,heap        ] GC(1504) Tenured: 11188K(699072K)->11188K(699072K)
[453.813s][info][gc,metaspace   ] GC(1504) Metaspace: 14279K(15104K)->14279K(15104K) NonClass: 12336K(12864K)->12336K(12864K) Class: 1943K(2240K)->1943K(2240K)
[453.813s][info][gc             ] GC(1504) Pause Young (Allocation Failure) 285M->12M(989M) 43.722ms
[453.813s][info][gc,cpu         ] GC(1504) User=0.03s Sys=0.00s Real=0.04s
[454.076s][info][gc,start       ] GC(1505) Pause Young (Allocation Failure)
[454.119s][info][gc,heap        ] GC(1505) DefNew: 281518K(314560K)->1941K(314560K) Eden: 279616K(279616K)->0K(279616K) From: 1902K(34944K)->1941K(34944K)
[454.119s][info][gc,heap        ] GC(1505) Tenured: 11188K(699072K)->11188K(699072K)
[454.119s][info][gc,metaspace   ] GC(1505) Metaspace: 14279K(15104K)->14279K(15104K) NonClass: 12336K(12864K)->12336K(12864K) Class: 1943K(2240K)->1943K(2240K)
[454.119s][info][gc             ] GC(1505) Pause Young (Allocation Failure) 285M->12M(989M) 43.785ms
[454.119s][info][gc,cpu         ] GC(1505) User=0.05s Sys=0.00s Real=0.04s
[454.382s][info][gc,start       ] GC(1506) Pause Young (Allocation Failure)
[454.427s][info][gc,heap        ] GC(1506) DefNew: 281557K(314560K)->1983K(314560K) Eden: 279616K(279616K)->0K(279616K) From: 1941K(34944K)->1983K(34944K)
[454.427s][info][gc,heap        ] GC(1506) Tenured: 11188K(699072K)->11188K(699072K)
[454.427s][info][gc,metaspace   ] GC(1506) Metaspace: 14279K(15104K)->14279K(15104K) NonClass: 12336K(12864K)->12336K(12864K) Class: 1943K(2240K)->1943K(2240K)
[454.427s][info][gc             ] GC(1506) Pause Young (Allocation Failure) 285M->12M(989M) 44.494ms
[454.427s][info][gc,cpu         ] GC(1506) User=0.03s Sys=0.00s Real=0.03s
[454.693s][info][gc,start       ] GC(1507) Pause Young (Allocation Failure)
[454.739s][info][gc,heap        ] GC(1507) DefNew: 281599K(314560K)->2024K(314560K) Eden: 279616K(279616K)->0K(279616K) From: 1983K(34944K)->2024K(34944K)
[454.739s][info][gc,heap        ] GC(1507) Tenured: 11188K(699072K)->11188K(699072K)
[454.739s][info][gc,metaspace   ] GC(1507) Metaspace: 14279K(15104K)->14279K(15104K) NonClass: 12336K(12864K)->12336K(12864K) Class: 1943K(2240K)->1943K(2240K)
[454.739s][info][gc             ] GC(1507) Pause Young (Allocation Failure) 285M->12M(989M) 46.431ms
[454.739s][info][gc,cpu         ] GC(1507) User=0.03s Sys=0.00s Real=0.03s
[455.005s][info][gc,start       ] GC(1508) Pause Young (Allocation Failure)
[455.041s][info][gc,heap        ] GC(1508) DefNew: 281640K(314560K)->2065K(314560K) Eden: 279616K(279616K)->0K(279616K) From: 2024K(34944K)->2065K(34944K)
[455.041s][info][gc,heap        ] GC(1508) Tenured: 11188K(699072K)->11188K(699072K)
[455.041s][info][gc,metaspace   ] GC(1508) Metaspace: 14279K(15104K)->14279K(15104K) NonClass: 12336K(12864K)->12336K(12864K) Class: 1943K(2240K)->1943K(2240K)
[455.041s][info][gc             ] GC(1508) Pause Young (Allocation Failure) 285M->12M(989M) 36.224ms
[455.041s][info][gc,cpu         ] GC(1508) User=0.03s Sys=0.00s Real=0.04s
[455.300s][info][gc,start       ] GC(1509) Pause Young (Allocation Failure)
[455.346s][info][gc,heap        ] GC(1509) DefNew: 281681K(314560K)->621K(314560K) Eden: 279616K(279616K)->0K(279616K) From: 2065K(34944K)->621K(34944K)
[455.346s][info][gc,heap        ] GC(1509) Tenured: 11188K(699072K)->12674K(699072K)
[455.346s][info][gc,metaspace   ] GC(1509) Metaspace: 14279K(15104K)->14279K(15104K) NonClass: 12336K(12864K)->12336K(12864K) Class: 1943K(2240K)->1943K(2240K)
[455.346s][info][gc             ] GC(1509) Pause Young (Allocation Failure) 286M->12M(989M) 45.976ms
[455.346s][info][gc,cpu         ] GC(1509) User=0.03s Sys=0.00s Real=0.04s
[455.620s][info][gc,start       ] GC(1510) Pause Young (Allocation Failure)
[455.661s][info][gc,heap        ] GC(1510) DefNew: 280237K(314560K)->620K(314560K) Eden: 279616K(279616K)->0K(279616K) From: 621K(34944K)->620K(34944K)
[455.661s][info][gc,heap        ] GC(1510) Tenured: 12674K(699072K)->12716K(699072K)
[455.661s][info][gc,metaspace   ] GC(1510) Metaspace: 14279K(15104K)->14279K(15104K) NonClass: 12336K(12864K)->12336K(12864K) Class: 1943K(2240K)->1943K(2240K)
[455.661s][info][gc             ] GC(1510) Pause Young (Allocation Failure) 286M->13M(989M) 40.822ms
[455.661s][info][gc,cpu         ] GC(1510) User=0.03s Sys=0.00s Real=0.03s
[455.931s][info][gc,start       ] GC(1511) Pause Young (Allocation Failure)
[455.961s][info][gc,heap        ] GC(1511) DefNew: 280236K(314560K)->621K(314560K) Eden: 279616K(279616K)->0K(279616K) From: 620K(34944K)->621K(34944K)
[455.961s][info][gc,heap        ] GC(1511) Tenured: 12716K(699072K)->12757K(699072K)
[455.961s][info][gc,metaspace   ] GC(1511) Metaspace: 14279K(15104K)->14279K(15104K) NonClass: 12336K(12864K)->12336K(12864K) Class: 1943K(2240K)->1943K(2240K)
[455.961s][info][gc             ] GC(1511) Pause Young (Allocation Failure) 286M->13M(989M) 30.132ms
[455.961s][info][gc,cpu         ] GC(1511) User=0.03s Sys=0.00s Real=0.03s
[456.236s][info][gc,start       ] GC(1512) Pause Young (Allocation Failure)
[456.271s][info][gc,heap        ] GC(1512) DefNew: 280237K(314560K)->619K(314560K) Eden: 279616K(279616K)->0K(279616K) From: 621K(34944K)->619K(34944K)
[456.271s][info][gc,heap        ] GC(1512) Tenured: 12757K(699072K)->12798K(699072K)
[456.271s][info][gc,metaspace   ] GC(1512) Metaspace: 14279K(15104K)->14279K(15104K) NonClass: 12336K(12864K)->12336K(12864K) Class: 1943K(2240K)->1943K(2240K)
[456.271s][info][gc             ] GC(1512) Pause Young (Allocation Failure) 286M->13M(989M) 34.595ms
[456.271s][info][gc,cpu         ] GC(1512) User=0.03s Sys=0.00s Real=0.03s
[456.540s][info][gc,start       ] GC(1513) Pause Young (Allocation Failure)
[456.575s][info][gc,heap        ] GC(1513) DefNew: 280235K(314560K)->621K(314560K) Eden: 279616K(279616K)->0K(279616K) From: 619K(34944K)->621K(34944K)
[456.575s][info][gc,heap        ] GC(1513) Tenured: 12798K(699072K)->12840K(699072K)
[456.575s][info][gc,metaspace   ] GC(1513) Metaspace: 14279K(15104K)->14279K(15104K) NonClass: 12336K(12864K)->12336K(12864K) Class: 1943K(2240K)->1943K(2240K)
[456.575s][info][gc             ] GC(1513) Pause Young (Allocation Failure) 286M->13M(989M) 35.269ms
[456.575s][info][gc,cpu         ] GC(1513) User=0.03s Sys=0.00s Real=0.03s
[456.842s][info][gc,start       ] GC(1514) Pause Young (Allocation Failure)
[456.882s][info][gc,heap        ] GC(1514) DefNew: 280237K(314560K)->623K(314560K) Eden: 279616K(279616K)->0K(279616K) From: 621K(34944K)->623K(34944K)
[456.883s][info][gc,heap        ] GC(1514) Tenured: 12840K(699072K)->12881K(699072K)
[456.883s][info][gc,metaspace   ] GC(1514) Metaspace: 14279K(15104K)->14279K(15104K) NonClass: 12336K(12864K)->12336K(12864K) Class: 1943K(2240K)->1943K(2240K)
[456.883s][info][gc             ] GC(1514) Pause Young (Allocation Failure) 286M->13M(989M) 40.616ms
[456.883s][info][gc,cpu         ] GC(1514) User=0.03s Sys=0.00s Real=0.03s
[457.150s][info][gc,start       ] GC(1515) Pause Young (Allocation Failure)
[457.191s][info][gc,heap        ] GC(1515) DefNew: 280239K(314560K)->622K(314560K) Eden: 279616K(279616K)->0K(279616K) From: 623K(34944K)->622K(34944K)
[457.191s][info][gc,heap        ] GC(1515) Tenured: 12881K(699072K)->12923K(699072K)
[457.191s][info][gc,metaspace   ] GC(1515) Metaspace: 14279K(15104K)->14279K(15104K) NonClass: 12336K(12864K)->12336K(12864K) Class: 1943K(2240K)->1943K(2240K)
[457.191s][info][gc             ] GC(1515) Pause Young (Allocation Failure) 286M->13M(989M) 41.009ms
[457.191s][info][gc,cpu         ] GC(1515) User=0.03s Sys=0.00s Real=0.03s
[457.458s][info][gc,start       ] GC(1516) Pause Young (Allocation Failure)
[457.500s][info][gc,heap        ] GC(1516) DefNew: 280238K(314560K)->621K(314560K) Eden: 279616K(279616K)->0K(279616K) From: 622K(34944K)->621K(34944K)
[457.500s][info][gc,heap        ] GC(1516) Tenured: 12923K(699072K)->12965K(699072K)
[457.500s][info][gc,metaspace   ] GC(1516) Metaspace: 14279K(15104K)->14279K(15104K) NonClass: 12336K(12864K)->12336K(12864K) Class: 1943K(2240K)->1943K(2240K)
[457.500s][info][gc             ] GC(1516) Pause Young (Allocation Failure) 286M->13M(989M) 42.067ms
[457.501s][info][gc,cpu         ] GC(1516) User=0.05s Sys=0.00s Real=0.04s
[457.768s][info][gc,start       ] GC(1517) Pause Young (Allocation Failure)
[457.811s][info][gc,heap        ] GC(1517) DefNew: 280237K(314560K)->624K(314560K) Eden: 279616K(279616K)->0K(279616K) From: 621K(34944K)->624K(34944K)
[457.811s][info][gc,heap        ] GC(1517) Tenured: 12965K(699072K)->13004K(699072K)
[457.811s][info][gc,metaspace   ] GC(1517) Metaspace: 14279K(15104K)->14279K(15104K) NonClass: 12336K(12864K)->12336K(12864K) Class: 1943K(2240K)->1943K(2240K)
[457.811s][info][gc             ] GC(1517) Pause Young (Allocation Failure) 286M->13M(989M) 42.992ms
[457.811s][info][gc,cpu         ] GC(1517) User=0.03s Sys=0.00s Real=0.04s
[458.078s][info][gc,start       ] GC(1518) Pause Young (Allocation Failure)
[458.121s][info][gc,heap        ] GC(1518) DefNew: 280240K(314560K)->626K(314560K) Eden: 279616K(279616K)->0K(279616K) From: 624K(34944K)->626K(34944K)
[458.121s][info][gc,heap        ] GC(1518) Tenured: 13004K(699072K)->13039K(699072K)
[458.121s][info][gc,metaspace   ] GC(1518) Metaspace: 14279K(15104K)->14279K(15104K) NonClass: 12336K(12864K)->12336K(12864K) Class: 1943K(2240K)->1943K(2240K)
[458.121s][info][gc             ] GC(1518) Pause Young (Allocation Failure) 286M->13M(989M) 43.373ms
[458.121s][info][gc,cpu         ] GC(1518) User=0.03s Sys=0.00s Real=0.03s
[458.389s][info][gc,start       ] GC(1519) Pause Young (Allocation Failure)
[458.433s][info][gc,heap        ] GC(1519) DefNew: 280242K(314560K)->626K(314560K) Eden: 279616K(279616K)->0K(279616K) From: 626K(34944K)->626K(34944K)
[458.433s][info][gc,heap        ] GC(1519) Tenured: 13039K(699072K)->13081K(699072K)
[458.433s][info][gc,metaspace   ] GC(1519) Metaspace: 14279K(15104K)->14279K(15104K) NonClass: 12336K(12864K)->12336K(12864K) Class: 1943K(2240K)->1943K(2240K)
[458.433s][info][gc             ] GC(1519) Pause Young (Allocation Failure) 286M->13M(989M) 44.309ms
[458.433s][info][gc,cpu         ] GC(1519) User=0.05s Sys=0.00s Real=0.04s
[458.701s][info][gc,start       ] GC(1520) Pause Young (Allocation Failure)
[458.747s][info][gc,heap        ] GC(1520) DefNew: 280242K(314560K)->629K(314560K) Eden: 279616K(279616K)->0K(279616K) From: 626K(34944K)->629K(34944K)
[458.747s][info][gc,heap        ] GC(1520) Tenured: 13081K(699072K)->13120K(699072K)
[458.747s][info][gc,metaspace   ] GC(1520) Metaspace: 14279K(15104K)->14279K(15104K) NonClass: 12336K(12864K)->12336K(12864K) Class: 1943K(2240K)->1943K(2240K)
[458.747s][info][gc             ] GC(1520) Pause Young (Allocation Failure) 286M->13M(989M) 45.575ms
[458.747s][info][gc,cpu         ] GC(1520) User=0.05s Sys=0.00s Real=0.04s
[459.016s][info][gc,start       ] GC(1521) Pause Young (Allocation Failure)
[459.061s][info][gc,heap        ] GC(1521) DefNew: 280245K(314560K)->630K(314560K) Eden: 279616K(279616K)->0K(279616K) From: 629K(34944K)->630K(34944K)
[459.061s][info][gc,heap        ] GC(1521) Tenured: 13120K(699072K)->13161K(699072K)
[459.061s][info][gc,metaspace   ] GC(1521) Metaspace: 14279K(15104K)->14279K(15104K) NonClass: 12336K(12864K)->12336K(12864K) Class: 1943K(2240K)->1943K(2240K)
[459.061s][info][gc             ] GC(1521) Pause Young (Allocation Failure) 286M->13M(989M) 45.208ms
[459.061s][info][gc,cpu         ] GC(1521) User=0.05s Sys=0.00s Real=0.04s
[459.332s][info][gc,start       ] GC(1522) Pause Young (Allocation Failure)
[459.378s][info][gc,heap        ] GC(1522) DefNew: 280246K(314560K)->633K(314560K) Eden: 279616K(279616K)->0K(279616K) From: 630K(34944K)->633K(34944K)
[459.378s][info][gc,heap        ] GC(1522) Tenured: 13161K(699072K)->13202K(699072K)
[459.378s][info][gc,metaspace   ] GC(1522) Metaspace: 14279K(15104K)->14279K(15104K) NonClass: 12336K(12864K)->12336K(12864K) Class: 1943K(2240K)->1943K(2240K)
[459.378s][info][gc             ] GC(1522) Pause Young (Allocation Failure) 286M->13M(989M) 46.140ms
[459.378s][info][gc,cpu         ] GC(1522) User=0.05s Sys=0.00s Real=0.05s
[459.657s][info][gc,start       ] GC(1523) Pause Young (Allocation Failure)
[459.688s][info][gc,heap        ] GC(1523) DefNew: 280249K(314560K)->636K(314560K) Eden: 279616K(279616K)->0K(279616K) From: 633K(34944K)->636K(34944K)
[459.688s][info][gc,heap        ] GC(1523) Tenured: 13202K(699072K)->13244K(699072K)
[459.688s][info][gc,metaspace   ] GC(1523) Metaspace: 14279K(15104K)->14279K(15104K) NonClass: 12336K(12864K)->12336K(12864K) Class: 1943K(2240K)->1943K(2240K)
[459.688s][info][gc             ] GC(1523) Pause Young (Allocation Failure) 286M->13M(989M) 31.862ms
[459.688s][info][gc,cpu         ] GC(1523) User=0.03s Sys=0.00s Real=0.03s
[459.955s][info][gc,start       ] GC(1524) Pause Young (Allocation Failure)
[459.986s][info][gc,heap        ] GC(1524) DefNew: 280252K(314560K)->632K(314560K) Eden: 279616K(279616K)->0K(279616K) From: 636K(34944K)->632K(34944K)
[459.986s][info][gc,heap        ] GC(1524) Tenured: 13244K(699072K)->13285K(699072K)
[459.986s][info][gc,metaspace   ] GC(1524) Metaspace: 14279K(15104K)->14279K(15104K) NonClass: 12336K(12864K)->12336K(12864K) Class: 1943K(2240K)->1943K(2240K)
[459.986s][info][gc             ] GC(1524) Pause Young (Allocation Failure) 286M->13M(989M) 31.038ms
[459.986s][info][gc,cpu         ] GC(1524) User=0.02s Sys=0.00s Real=0.02s
[460.264s][info][gc,start       ] GC(1525) Pause Young (Allocation Failure)
[460.294s][info][gc,heap        ] GC(1525) DefNew: 280248K(314560K)->636K(314560K) Eden: 279616K(279616K)->0K(279616K) From: 632K(34944K)->636K(34944K)
[460.294s][info][gc,heap        ] GC(1525) Tenured: 13285K(699072K)->13326K(699072K)
[460.294s][info][gc,metaspace   ] GC(1525) Metaspace: 14279K(15104K)->14279K(15104K) NonClass: 12336K(12864K)->12336K(12864K) Class: 1943K(2240K)->1943K(2240K)
[460.294s][info][gc             ] GC(1525) Pause Young (Allocation Failure) 286M->13M(989M) 30.529ms
[460.294s][info][gc,cpu         ] GC(1525) User=0.03s Sys=0.00s Real=0.03s
[460.563s][info][gc,start       ] GC(1526) Pause Young (Allocation Failure)
[460.603s][info][gc,heap        ] GC(1526) DefNew: 280252K(314560K)->636K(314560K) Eden: 279616K(279616K)->0K(279616K) From: 636K(34944K)->636K(34944K)
[460.603s][info][gc,heap        ] GC(1526) Tenured: 13326K(699072K)->13368K(699072K)
[460.603s][info][gc,metaspace   ] GC(1526) Metaspace: 14279K(15104K)->14279K(15104K) NonClass: 12336K(12864K)->12336K(12864K) Class: 1943K(2240K)->1943K(2240K)
[460.603s][info][gc             ] GC(1526) Pause Young (Allocation Failure) 286M->13M(989M) 40.215ms
[460.603s][info][gc,cpu         ] GC(1526) User=0.03s Sys=0.00s Real=0.03s
[460.872s][info][gc,start       ] GC(1527) Pause Young (Allocation Failure)
[460.913s][info][gc,heap        ] GC(1527) DefNew: 280252K(314560K)->637K(314560K) Eden: 279616K(279616K)->0K(279616K) From: 636K(34944K)->637K(34944K)
[460.914s][info][gc,heap        ] GC(1527) Tenured: 13368K(699072K)->13409K(699072K)
[460.914s][info][gc,metaspace   ] GC(1527) Metaspace: 14279K(15104K)->14279K(15104K) NonClass: 12336K(12864K)->12336K(12864K) Class: 1943K(2240K)->1943K(2240K)
[460.914s][info][gc             ] GC(1527) Pause Young (Allocation Failure) 286M->13M(989M) 41.645ms
[460.914s][info][gc,cpu         ] GC(1527) User=0.03s Sys=0.00s Real=0.04s
[461.181s][info][gc,start       ] GC(1528) Pause Young (Allocation Failure)
[461.222s][info][gc,heap        ] GC(1528) DefNew: 280253K(314560K)->634K(314560K) Eden: 279616K(279616K)->0K(279616K) From: 637K(34944K)->634K(34944K)
[461.222s][info][gc,heap        ] GC(1528) Tenured: 13409K(699072K)->13453K(699072K)
[461.222s][info][gc,metaspace   ] GC(1528) Metaspace: 14279K(15104K)->14279K(15104K) NonClass: 12336K(12864K)->12336K(12864K) Class: 1943K(2240K)->1943K(2240K)
[461.222s][info][gc             ] GC(1528) Pause Young (Allocation Failure) 286M->13M(989M) 41.042ms
[461.222s][info][gc,cpu         ] GC(1528) User=0.03s Sys=0.00s Real=0.03s
[461.490s][info][gc,start       ] GC(1529) Pause Young (Allocation Failure)
[461.534s][info][gc,heap        ] GC(1529) DefNew: 280250K(314560K)->634K(314560K) Eden: 279616K(279616K)->0K(279616K) From: 634K(34944K)->634K(34944K)
[461.534s][info][gc,heap        ] GC(1529) Tenured: 13453K(699072K)->13495K(699072K)
[461.534s][info][gc,metaspace   ] GC(1529) Metaspace: 14279K(15104K)->14279K(15104K) NonClass: 12336K(12864K)->12336K(12864K) Class: 1943K(2240K)->1943K(2240K)
[461.534s][info][gc             ] GC(1529) Pause Young (Allocation Failure) 286M->13M(989M) 44.297ms
[461.534s][info][gc,cpu         ] GC(1529) User=0.03s Sys=0.00s Real=0.03s
[461.800s][info][gc,start       ] GC(1530) Pause Young (Allocation Failure)
[461.834s][info][gc,heap        ] GC(1530) DefNew: 280250K(314560K)->633K(314560K) Eden: 279616K(279616K)->0K(279616K) From: 634K(34944K)->633K(34944K)
[461.834s][info][gc,heap        ] GC(1530) Tenured: 13495K(699072K)->13536K(699072K)
[461.834s][info][gc,metaspace   ] GC(1530) Metaspace: 14279K(15104K)->14279K(15104K) NonClass: 12336K(12864K)->12336K(12864K) Class: 1943K(2240K)->1943K(2240K)
[461.834s][info][gc             ] GC(1530) Pause Young (Allocation Failure) 286M->13M(989M) 33.587ms
[461.834s][info][gc,cpu         ] GC(1530) User=0.03s Sys=0.00s Real=0.03s
[462.100s][info][gc,start       ] GC(1531) Pause Young (Allocation Failure)
[462.144s][info][gc,heap        ] GC(1531) DefNew: 280249K(314560K)->637K(314560K) Eden: 279616K(279616K)->0K(279616K) From: 633K(34944K)->637K(34944K)
[462.145s][info][gc,heap        ] GC(1531) Tenured: 13536K(699072K)->13578K(699072K)
[462.145s][info][gc,metaspace   ] GC(1531) Metaspace: 14279K(15104K)->14279K(15104K) NonClass: 12336K(12864K)->12336K(12864K) Class: 1943K(2240K)->1943K(2240K)
[462.145s][info][gc             ] GC(1531) Pause Young (Allocation Failure) 286M->13M(989M) 44.113ms
[462.145s][info][gc,cpu         ] GC(1531) User=0.03s Sys=0.00s Real=0.04s
[462.415s][info][gc,start       ] GC(1532) Pause Young (Allocation Failure)
[462.460s][info][gc,heap        ] GC(1532) DefNew: 280253K(314560K)->641K(314560K) Eden: 279616K(279616K)->0K(279616K) From: 637K(34944K)->641K(34944K)
[462.460s][info][gc,heap        ] GC(1532) Tenured: 13578K(699072K)->13619K(699072K)
[462.460s][info][gc,metaspace   ] GC(1532) Metaspace: 14279K(15104K)->14279K(15104K) NonClass: 12336K(12864K)->12336K(12864K) Class: 1943K(2240K)->1943K(2240K)
[462.460s][info][gc             ] GC(1532) Pause Young (Allocation Failure) 286M->13M(989M) 44.587ms
[462.460s][info][gc,cpu         ] GC(1532) User=0.05s Sys=0.00s Real=0.05s
[462.728s][info][gc,start       ] GC(1533) Pause Young (Allocation Failure)
[462.773s][info][gc,heap        ] GC(1533) DefNew: 280257K(314560K)->644K(314560K) Eden: 279616K(279616K)->0K(279616K) From: 641K(34944K)->644K(34944K)
[462.773s][info][gc,heap        ] GC(1533) Tenured: 13619K(699072K)->13658K(699072K)
[462.773s][info][gc,metaspace   ] GC(1533) Metaspace: 14279K(15104K)->14279K(15104K) NonClass: 12336K(12864K)->12336K(12864K) Class: 1943K(2240K)->1943K(2240K)
[462.773s][info][gc             ] GC(1533) Pause Young (Allocation Failure) 286M->13M(989M) 45.631ms
[462.773s][info][gc,cpu         ] GC(1533) User=0.05s Sys=0.00s Real=0.05s
[463.050s][info][gc,start       ] GC(1534) Pause Young (Allocation Failure)
[463.086s][info][gc,heap        ] GC(1534) DefNew: 280260K(314560K)->647K(314560K) Eden: 279616K(279616K)->0K(279616K) From: 644K(34944K)->647K(34944K)
[463.086s][info][gc,heap        ] GC(1534) Tenured: 13658K(699072K)->13699K(699072K)
[463.086s][info][gc,metaspace   ] GC(1534) Metaspace: 14279K(15104K)->14279K(15104K) NonClass: 12336K(12864K)->12336K(12864K) Class: 1943K(2240K)->1943K(2240K)
[463.086s][info][gc             ] GC(1534) Pause Young (Allocation Failure) 287M->14M(989M) 36.084ms
[463.086s][info][gc,cpu         ] GC(1534) User=0.03s Sys=0.00s Real=0.04s
[463.358s][info][gc,start       ] GC(1535) Pause Young (Allocation Failure)
[463.391s][info][gc,heap        ] GC(1535) DefNew: 280263K(314560K)->646K(314560K) Eden: 279616K(279616K)->0K(279616K) From: 647K(34944K)->646K(34944K)
[463.391s][info][gc,heap        ] GC(1535) Tenured: 13699K(699072K)->13741K(699072K)
[463.391s][info][gc,metaspace   ] GC(1535) Metaspace: 14279K(15104K)->14279K(15104K) NonClass: 12336K(12864K)->12336K(12864K) Class: 1943K(2240K)->1943K(2240K)
[463.391s][info][gc             ] GC(1535) Pause Young (Allocation Failure) 287M->14M(989M) 33.534ms
[463.391s][info][gc,cpu         ] GC(1535) User=0.03s Sys=0.00s Real=0.02s
[463.680s][info][gc,start       ] GC(1536) Pause Young (Allocation Failure)
[463.720s][info][gc,heap        ] GC(1536) DefNew: 280262K(314560K)->650K(314560K) Eden: 279616K(279616K)->0K(279616K) From: 646K(34944K)->650K(34944K)
[463.721s][info][gc,heap        ] GC(1536) Tenured: 13741K(699072K)->13782K(699072K)
[463.721s][info][gc,metaspace   ] GC(1536) Metaspace: 14279K(15104K)->14279K(15104K) NonClass: 12336K(12864K)->12336K(12864K) Class: 1943K(2240K)->1943K(2240K)
[463.721s][info][gc             ] GC(1536) Pause Young (Allocation Failure) 287M->14M(989M) 40.413ms
[463.721s][info][gc,cpu         ] GC(1536) User=0.05s Sys=0.00s Real=0.04s
[463.992s][info][gc,start       ] GC(1537) Pause Young (Allocation Failure)
[464.031s][info][gc,heap        ] GC(1537) DefNew: 280266K(314560K)->647K(314560K) Eden: 279616K(279616K)->0K(279616K) From: 650K(34944K)->647K(34944K)
[464.031s][info][gc,heap        ] GC(1537) Tenured: 13782K(699072K)->13827K(699072K)
[464.031s][info][gc,metaspace   ] GC(1537) Metaspace: 14279K(15104K)->14279K(15104K) NonClass: 12336K(12864K)->12336K(12864K) Class: 1943K(2240K)->1943K(2240K)
[464.031s][info][gc             ] GC(1537) Pause Young (Allocation Failure) 287M->14M(989M) 39.548ms
[464.031s][info][gc,cpu         ] GC(1537) User=0.03s Sys=0.00s Real=0.04s
[464.297s][info][gc,start       ] GC(1538) Pause Young (Allocation Failure)
[464.338s][info][gc,heap        ] GC(1538) DefNew: 280263K(314560K)->646K(314560K) Eden: 279616K(279616K)->0K(279616K) From: 647K(34944K)->646K(34944K)
[464.338s][info][gc,heap        ] GC(1538) Tenured: 13827K(699072K)->13871K(699072K)
[464.338s][info][gc,metaspace   ] GC(1538) Metaspace: 14279K(15104K)->14279K(15104K) NonClass: 12336K(12864K)->12336K(12864K) Class: 1943K(2240K)->1943K(2240K)
[464.338s][info][gc             ] GC(1538) Pause Young (Allocation Failure) 287M->14M(989M) 40.483ms
[464.338s][info][gc,cpu         ] GC(1538) User=0.05s Sys=0.00s Real=0.04s
[464.610s][info][gc,start       ] GC(1539) Pause Young (Allocation Failure)
[464.650s][info][gc,heap        ] GC(1539) DefNew: 280262K(314560K)->647K(314560K) Eden: 279616K(279616K)->0K(279616K) From: 646K(34944K)->647K(34944K)
[464.650s][info][gc,heap        ] GC(1539) Tenured: 13871K(699072K)->13909K(699072K)
[464.650s][info][gc,metaspace   ] GC(1539) Metaspace: 14279K(15104K)->14279K(15104K) NonClass: 12336K(12864K)->12336K(12864K) Class: 1943K(2240K)->1943K(2240K)
[464.650s][info][gc             ] GC(1539) Pause Young (Allocation Failure) 287M->14M(989M) 39.583ms
[464.650s][info][gc,cpu         ] GC(1539) User=0.02s Sys=0.00s Real=0.03s
[464.918s][info][gc,start       ] GC(1540) Pause Young (Allocation Failure)
[464.959s][info][gc,heap        ] GC(1540) DefNew: 280263K(314560K)->644K(314560K) Eden: 279616K(279616K)->0K(279616K) From: 647K(34944K)->644K(34944K)
[464.959s][info][gc,heap        ] GC(1540) Tenured: 13909K(699072K)->13954K(699072K)
[464.959s][info][gc,metaspace   ] GC(1540) Metaspace: 14279K(15104K)->14279K(15104K) NonClass: 12336K(12864K)->12336K(12864K) Class: 1943K(2240K)->1943K(2240K)
[464.960s][info][gc             ] GC(1540) Pause Young (Allocation Failure) 287M->14M(989M) 41.580ms
[464.960s][info][gc,cpu         ] GC(1540) User=0.03s Sys=0.00s Real=0.03s
[465.226s][info][gc,start       ] GC(1541) Pause Young (Allocation Failure)
[465.267s][info][gc,heap        ] GC(1541) DefNew: 280260K(314560K)->644K(314560K) Eden: 279616K(279616K)->0K(279616K) From: 644K(34944K)->644K(34944K)
[465.267s][info][gc,heap        ] GC(1541) Tenured: 13954K(699072K)->13996K(699072K)
[465.267s][info][gc,metaspace   ] GC(1541) Metaspace: 14279K(15104K)->14279K(15104K) NonClass: 12336K(12864K)->12336K(12864K) Class: 1943K(2240K)->1943K(2240K)
[465.267s][info][gc             ] GC(1541) Pause Young (Allocation Failure) 287M->14M(989M) 41.443ms
[465.267s][info][gc,cpu         ] GC(1541) User=0.03s Sys=0.00s Real=0.04s
[465.534s][info][gc,start       ] GC(1542) Pause Young (Allocation Failure)
[465.577s][info][gc,heap        ] GC(1542) DefNew: 280260K(314560K)->644K(314560K) Eden: 279616K(279616K)->0K(279616K) From: 644K(34944K)->644K(34944K)
[465.577s][info][gc,heap        ] GC(1542) Tenured: 13996K(699072K)->14038K(699072K)
[465.577s][info][gc,metaspace   ] GC(1542) Metaspace: 14279K(15104K)->14279K(15104K) NonClass: 12336K(12864K)->12336K(12864K) Class: 1943K(2240K)->1943K(2240K)
[465.577s][info][gc             ] GC(1542) Pause Young (Allocation Failure) 287M->14M(989M) 42.712ms
[465.577s][info][gc,cpu         ] GC(1542) User=0.03s Sys=0.00s Real=0.04s
[465.845s][info][gc,start       ] GC(1543) Pause Young (Allocation Failure)
[465.887s][info][gc,heap        ] GC(1543) DefNew: 280260K(314560K)->644K(314560K) Eden: 279616K(279616K)->0K(279616K) From: 644K(34944K)->644K(34944K)
[465.888s][info][gc,heap        ] GC(1543) Tenured: 14038K(699072K)->14079K(699072K)
[465.888s][info][gc,metaspace   ] GC(1543) Metaspace: 14279K(15104K)->14279K(15104K) NonClass: 12336K(12864K)->12336K(12864K) Class: 1943K(2240K)->1943K(2240K)
[465.888s][info][gc             ] GC(1543) Pause Young (Allocation Failure) 287M->14M(989M) 42.515ms
[465.888s][info][gc,cpu         ] GC(1543) User=0.03s Sys=0.00s Real=0.03s
[466.157s][info][gc,start       ] GC(1544) Pause Young (Allocation Failure)
[466.201s][info][gc,heap        ] GC(1544) DefNew: 280260K(314560K)->644K(314560K) Eden: 279616K(279616K)->0K(279616K) From: 644K(34944K)->644K(34944K)
[466.202s][info][gc,heap        ] GC(1544) Tenured: 14079K(699072K)->14121K(699072K)
[466.202s][info][gc,metaspace   ] GC(1544) Metaspace: 14279K(15104K)->14279K(15104K) NonClass: 12336K(12864K)->12336K(12864K) Class: 1943K(2240K)->1943K(2240K)
[466.202s][info][gc             ] GC(1544) Pause Young (Allocation Failure) 287M->14M(989M) 44.555ms
[466.202s][info][gc,cpu         ] GC(1544) User=0.03s Sys=0.00s Real=0.04s
[466.470s][info][gc,start       ] GC(1545) Pause Young (Allocation Failure)
[466.515s][info][gc,heap        ] GC(1545) DefNew: 280260K(314560K)->646K(314560K) Eden: 279616K(279616K)->0K(279616K) From: 644K(34944K)->646K(34944K)
[466.515s][info][gc,heap        ] GC(1545) Tenured: 14121K(699072K)->14162K(699072K)
[466.515s][info][gc,metaspace   ] GC(1545) Metaspace: 14279K(15104K)->14279K(15104K) NonClass: 12336K(12864K)->12336K(12864K) Class: 1943K(2240K)->1943K(2240K)
[466.515s][info][gc             ] GC(1545) Pause Young (Allocation Failure) 287M->14M(989M) 45.249ms
[466.515s][info][gc,cpu         ] GC(1545) User=0.03s Sys=0.00s Real=0.03s
[466.789s][info][gc,start       ] GC(1546) Pause Young (Allocation Failure)
[466.836s][info][gc,heap        ] GC(1546) DefNew: 280262K(314560K)->642K(314560K) Eden: 279616K(279616K)->0K(279616K) From: 646K(34944K)->642K(34944K)
[466.836s][info][gc,heap        ] GC(1546) Tenured: 14162K(699072K)->14207K(699072K)
[466.836s][info][gc,metaspace   ] GC(1546) Metaspace: 14279K(15104K)->14279K(15104K) NonClass: 12336K(12864K)->12336K(12864K) Class: 1943K(2240K)->1943K(2240K)
[466.836s][info][gc             ] GC(1546) Pause Young (Allocation Failure) 287M->14M(989M) 47.087ms
[466.836s][info][gc,cpu         ] GC(1546) User=0.03s Sys=0.00s Real=0.03s
[467.177s][info][gc,start       ] GC(1547) Pause Young (Allocation Failure)
[467.220s][info][gc,heap        ] GC(1547) DefNew: 280258K(314560K)->643K(314560K) Eden: 279616K(279616K)->0K(279616K) From: 642K(34944K)->643K(34944K)
[467.220s][info][gc,heap        ] GC(1547) Tenured: 14207K(699072K)->14252K(699072K)
[467.220s][info][gc,metaspace   ] GC(1547) Metaspace: 14279K(15104K)->14279K(15104K) NonClass: 12336K(12864K)->12336K(12864K) Class: 1943K(2240K)->1943K(2240K)
[467.220s][info][gc             ] GC(1547) Pause Young (Allocation Failure) 287M->14M(989M) 42.737ms
[467.220s][info][gc,cpu         ] GC(1547) User=0.03s Sys=0.00s Real=0.03s
[467.513s][info][gc,start       ] GC(1548) Pause Young (Allocation Failure)
[467.554s][info][gc,heap        ] GC(1548) DefNew: 280259K(314560K)->644K(314560K) Eden: 279616K(279616K)->0K(279616K) From: 643K(34944K)->644K(34944K)
[467.554s][info][gc,heap        ] GC(1548) Tenured: 14252K(699072K)->14294K(699072K)
[467.554s][info][gc,metaspace   ] GC(1548) Metaspace: 14279K(15104K)->14279K(15104K) NonClass: 12336K(12864K)->12336K(12864K) Class: 1943K(2240K)->1943K(2240K)
[467.554s][info][gc             ] GC(1548) Pause Young (Allocation Failure) 287M->14M(989M) 41.472ms
[467.554s][info][gc,cpu         ] GC(1548) User=0.05s Sys=0.00s Real=0.04s
[467.813s][info][gc,start       ] GC(1549) Pause Young (Allocation Failure)
[467.857s][info][gc,heap        ] GC(1549) DefNew: 280260K(314560K)->639K(314560K) Eden: 279616K(279616K)->0K(279616K) From: 644K(34944K)->639K(34944K)
[467.857s][info][gc,heap        ] GC(1549) Tenured: 14294K(699072K)->14338K(699072K)
[467.857s][info][gc,metaspace   ] GC(1549) Metaspace: 14279K(15104K)->14279K(15104K) NonClass: 12336K(12864K)->12336K(12864K) Class: 1943K(2240K)->1943K(2240K)
[467.857s][info][gc             ] GC(1549) Pause Young (Allocation Failure) 287M->14M(989M) 43.715ms
[467.857s][info][gc,cpu         ] GC(1549) User=0.05s Sys=0.00s Real=0.04s
[468.037s][info][gc,start       ] GC(1550) Pause Young (Allocation Failure)
[468.077s][info][gc,heap        ] GC(1550) DefNew: 280255K(314560K)->628K(314560K) Eden: 279616K(279616K)->0K(279616K) From: 639K(34944K)->628K(34944K)
[468.077s][info][gc,heap        ] GC(1550) Tenured: 14338K(699072K)->14380K(699072K)
[468.077s][info][gc,metaspace   ] GC(1550) Metaspace: 14279K(15104K)->14279K(15104K) NonClass: 12336K(12864K)->12336K(12864K) Class: 1943K(2240K)->1943K(2240K)
[468.077s][info][gc             ] GC(1550) Pause Young (Allocation Failure) 287M->14M(989M) 39.756ms
[468.077s][info][gc,cpu         ] GC(1550) User=0.03s Sys=0.00s Real=0.03s
[468.254s][info][gc,start       ] GC(1551) Pause Young (Allocation Failure)
[468.286s][info][gc,heap        ] GC(1551) DefNew: 280244K(314560K)->611K(314560K) Eden: 279616K(279616K)->0K(279616K) From: 628K(34944K)->611K(34944K)
[468.286s][info][gc,heap        ] GC(1551) Tenured: 14380K(699072K)->14424K(699072K)
[468.286s][info][gc,metaspace   ] GC(1551) Metaspace: 14279K(15104K)->14279K(15104K) NonClass: 12336K(12864K)->12336K(12864K) Class: 1943K(2240K)->1943K(2240K)
[468.286s][info][gc             ] GC(1551) Pause Young (Allocation Failure) 287M->14M(989M) 32.130ms
[468.286s][info][gc,cpu         ] GC(1551) User=0.03s Sys=0.00s Real=0.03s
[468.604s][info][gc,start       ] GC(1552) Pause Young (Allocation Failure)
[468.642s][info][gc,heap        ] GC(1552) DefNew: 280227K(314560K)->616K(314560K) Eden: 279616K(279616K)->0K(279616K) From: 611K(34944K)->616K(34944K)
[468.643s][info][gc,heap        ] GC(1552) Tenured: 14424K(699072K)->14465K(699072K)
[468.643s][info][gc,metaspace   ] GC(1552) Metaspace: 14279K(15104K)->14279K(15104K) NonClass: 12336K(12864K)->12336K(12864K) Class: 1943K(2240K)->1943K(2240K)
[468.643s][info][gc             ] GC(1552) Pause Young (Allocation Failure) 287M->14M(989M) 38.371ms
[468.643s][info][gc,cpu         ] GC(1552) User=0.03s Sys=0.00s Real=0.03s
[468.766s][info][gc,start       ] GC(1553) Pause Full (System.gc())
[468.766s][info][gc,phases,start] GC(1553) Phase 1: Mark live objects
[468.802s][info][gc,phases      ] GC(1553) Phase 1: Mark live objects 36.215ms
[468.802s][info][gc,phases,start] GC(1553) Phase 2: Compute new object addresses
[468.816s][info][gc,phases      ] GC(1553) Phase 2: Compute new object addresses 13.925ms
[468.816s][info][gc,phases,start] GC(1553) Phase 3: Adjust pointers
[468.839s][info][gc,phases      ] GC(1553) Phase 3: Adjust pointers 22.931ms
[468.839s][info][gc,phases,start] GC(1553) Phase 4: Move objects
[468.839s][info][gc,phases      ] GC(1553) Phase 4: Move objects 0.018ms
[468.839s][info][gc,heap        ] GC(1553) DefNew: 56397K(314560K)->0K(314560K) Eden: 55780K(279616K)->0K(279616K) From: 616K(34944K)->0K(34944K)
[468.839s][info][gc,heap        ] GC(1553) Tenured: 14465K(699072K)->14466K(699072K)
[468.839s][info][gc,metaspace   ] GC(1553) Metaspace: 14279K(15104K)->14279K(15104K) NonClass: 12336K(12864K)->12336K(12864K) Class: 1943K(2240K)->1943K(2240K)
[468.839s][info][gc             ] GC(1553) Pause Full (System.gc()) 69M->14M(989M) 73.458ms
[468.839s][info][gc,cpu         ] GC(1553) User=0.06s Sys=0.00s Real=0.06s
[469.067s][info][gc,start       ] GC(1554) Pause Young (Allocation Failure)
[469.098s][info][gc,heap        ] GC(1554) DefNew: 279616K(314560K)->1496K(314560K) Eden: 279616K(279616K)->0K(279616K) From: 0K(34944K)->1496K(34944K)
[469.098s][info][gc,heap        ] GC(1554) Tenured: 14466K(699072K)->14466K(699072K)
[469.098s][info][gc,metaspace   ] GC(1554) Metaspace: 14280K(15104K)->14280K(15104K) NonClass: 12337K(12864K)->12337K(12864K) Class: 1943K(2240K)->1943K(2240K)
[469.098s][info][gc             ] GC(1554) Pause Young (Allocation Failure) 287M->15M(989M) 30.977ms
[469.098s][info][gc,cpu         ] GC(1554) User=0.02s Sys=0.00s Real=0.02s
[469.364s][info][gc,start       ] GC(1555) Pause Young (Allocation Failure)
[469.397s][info][gc,heap        ] GC(1555) DefNew: 281112K(314560K)->1540K(314560K) Eden: 279616K(279616K)->0K(279616K) From: 1496K(34944K)->1540K(34944K)
[469.397s][info][gc,heap        ] GC(1555) Tenured: 14466K(699072K)->14466K(699072K)
[469.397s][info][gc,metaspace   ] GC(1555) Metaspace: 14280K(15104K)->14280K(15104K) NonClass: 12337K(12864K)->12337K(12864K) Class: 1943K(2240K)->1943K(2240K)
[469.397s][info][gc             ] GC(1555) Pause Young (Allocation Failure) 288M->15M(989M) 32.743ms
[469.397s][info][gc,cpu         ] GC(1555) User=0.03s Sys=0.00s Real=0.03s
[469.665s][info][gc,start       ] GC(1556) Pause Young (Allocation Failure)
[469.698s][info][gc,heap        ] GC(1556) DefNew: 281156K(314560K)->1582K(314560K) Eden: 279616K(279616K)->0K(279616K) From: 1540K(34944K)->1582K(34944K)
[469.698s][info][gc,heap        ] GC(1556) Tenured: 14466K(699072K)->14466K(699072K)
[469.698s][info][gc,metaspace   ] GC(1556) Metaspace: 14280K(15104K)->14280K(15104K) NonClass: 12337K(12864K)->12337K(12864K) Class: 1943K(2240K)->1943K(2240K)
[469.698s][info][gc             ] GC(1556) Pause Young (Allocation Failure) 288M->15M(989M) 33.623ms
[469.698s][info][gc,cpu         ] GC(1556) User=0.02s Sys=0.00s Real=0.02s
[470.068s][info][gc,start       ] GC(1557) Pause Young (Allocation Failure)
[470.110s][info][gc,heap        ] GC(1557) DefNew: 281198K(314560K)->1623K(314560K) Eden: 279616K(279616K)->0K(279616K) From: 1582K(34944K)->1623K(34944K)
[470.110s][info][gc,heap        ] GC(1557) Tenured: 14466K(699072K)->14466K(699072K)
[470.110s][info][gc,metaspace   ] GC(1557) Metaspace: 14280K(15104K)->14280K(15104K) NonClass: 12337K(12864K)->12337K(12864K) Class: 1943K(2240K)->1943K(2240K)
[470.110s][info][gc             ] GC(1557) Pause Young (Allocation Failure) 288M->15M(989M) 41.921ms
[470.110s][info][gc,cpu         ] GC(1557) User=0.03s Sys=0.00s Real=0.03s
[470.386s][info][gc,start       ] GC(1558) Pause Young (Allocation Failure)
[470.417s][info][gc,heap        ] GC(1558) DefNew: 281239K(314560K)->1667K(314560K) Eden: 279616K(279616K)->0K(279616K) From: 1623K(34944K)->1667K(34944K)
[470.417s][info][gc,heap        ] GC(1558) Tenured: 14466K(699072K)->14466K(699072K)
[470.417s][info][gc,metaspace   ] GC(1558) Metaspace: 14280K(15104K)->14280K(15104K) NonClass: 12337K(12864K)->12337K(12864K) Class: 1943K(2240K)->1943K(2240K)
[470.417s][info][gc             ] GC(1558) Pause Young (Allocation Failure) 288M->15M(989M) 31.422ms
[470.417s][info][gc,cpu         ] GC(1558) User=0.03s Sys=0.00s Real=0.03s
[470.682s][info][gc,start       ] GC(1559) Pause Young (Allocation Failure)
[470.721s][info][gc,heap        ] GC(1559) DefNew: 281283K(314560K)->1709K(314560K) Eden: 279616K(279616K)->0K(279616K) From: 1667K(34944K)->1709K(34944K)
[470.721s][info][gc,heap        ] GC(1559) Tenured: 14466K(699072K)->14466K(699072K)
[470.721s][info][gc,metaspace   ] GC(1559) Metaspace: 14280K(15104K)->14280K(15104K) NonClass: 12337K(12864K)->12337K(12864K) Class: 1943K(2240K)->1943K(2240K)
[470.721s][info][gc             ] GC(1559) Pause Young (Allocation Failure) 288M->15M(989M) 38.686ms
[470.721s][info][gc,cpu         ] GC(1559) User=0.05s Sys=0.00s Real=0.04s
[471.001s][info][gc,start       ] GC(1560) Pause Young (Allocation Failure)
[471.038s][info][gc,heap        ] GC(1560) DefNew: 281325K(314560K)->1752K(314560K) Eden: 279616K(279616K)->0K(279616K) From: 1709K(34944K)->1752K(34944K)
[471.038s][info][gc,heap        ] GC(1560) Tenured: 14466K(699072K)->14466K(699072K)
[471.038s][info][gc,metaspace   ] GC(1560) Metaspace: 14280K(15104K)->14280K(15104K) NonClass: 12337K(12864K)->12337K(12864K) Class: 1943K(2240K)->1943K(2240K)
[471.038s][info][gc             ] GC(1560) Pause Young (Allocation Failure) 288M->15M(989M) 37.236ms
[471.038s][info][gc,cpu         ] GC(1560) User=0.03s Sys=0.00s Real=0.03s
[471.305s][info][gc,start       ] GC(1561) Pause Young (Allocation Failure)
[471.344s][info][gc,heap        ] GC(1561) DefNew: 281368K(314560K)->1791K(314560K) Eden: 279616K(279616K)->0K(279616K) From: 1752K(34944K)->1791K(34944K)
[471.344s][info][gc,heap        ] GC(1561) Tenured: 14466K(699072K)->14466K(699072K)
[471.344s][info][gc,metaspace   ] GC(1561) Metaspace: 14280K(15104K)->14280K(15104K) NonClass: 12337K(12864K)->12337K(12864K) Class: 1943K(2240K)->1943K(2240K)
[471.344s][info][gc             ] GC(1561) Pause Young (Allocation Failure) 288M->15M(989M) 39.397ms
[471.344s][info][gc,cpu         ] GC(1561) User=0.03s Sys=0.00s Real=0.04s
[471.613s][info][gc,start       ] GC(1562) Pause Young (Allocation Failure)
[471.653s][info][gc,heap        ] GC(1562) DefNew: 281407K(314560K)->1834K(314560K) Eden: 279616K(279616K)->0K(279616K) From: 1791K(34944K)->1834K(34944K)
[471.653s][info][gc,heap        ] GC(1562) Tenured: 14466K(699072K)->14466K(699072K)
[471.653s][info][gc,metaspace   ] GC(1562) Metaspace: 14280K(15104K)->14280K(15104K) NonClass: 12337K(12864K)->12337K(12864K) Class: 1943K(2240K)->1943K(2240K)
[471.653s][info][gc             ] GC(1562) Pause Young (Allocation Failure) 288M->15M(989M) 40.136ms
[471.653s][info][gc,cpu         ] GC(1562) User=0.03s Sys=0.00s Real=0.04s
[471.923s][info][gc,start       ] GC(1563) Pause Young (Allocation Failure)
[471.964s][info][gc,heap        ] GC(1563) DefNew: 281450K(314560K)->1878K(314560K) Eden: 279616K(279616K)->0K(279616K) From: 1834K(34944K)->1878K(34944K)
[471.964s][info][gc,heap        ] GC(1563) Tenured: 14466K(699072K)->14466K(699072K)
[471.964s][info][gc,metaspace   ] GC(1563) Metaspace: 14280K(15104K)->14280K(15104K) NonClass: 12337K(12864K)->12337K(12864K) Class: 1943K(2240K)->1943K(2240K)
[471.964s][info][gc             ] GC(1563) Pause Young (Allocation Failure) 288M->15M(989M) 40.539ms
[471.964s][info][gc,cpu         ] GC(1563) User=0.03s Sys=0.00s Real=0.04s
[472.232s][info][gc,start       ] GC(1564) Pause Young (Allocation Failure)
[472.273s][info][gc,heap        ] GC(1564) DefNew: 281494K(314560K)->1920K(314560K) Eden: 279616K(279616K)->0K(279616K) From: 1878K(34944K)->1920K(34944K)
[472.273s][info][gc,heap        ] GC(1564) Tenured: 14466K(699072K)->14466K(699072K)
[472.273s][info][gc,metaspace   ] GC(1564) Metaspace: 14280K(15104K)->14280K(15104K) NonClass: 12337K(12864K)->12337K(12864K) Class: 1943K(2240K)->1943K(2240K)
[472.273s][info][gc             ] GC(1564) Pause Young (Allocation Failure) 289M->16M(989M) 41.093ms
[472.273s][info][gc,cpu         ] GC(1564) User=0.05s Sys=0.00s Real=0.04s
[472.530s][info][gc,start       ] GC(1565) Pause Young (Allocation Failure)
[472.571s][info][gc,heap        ] GC(1565) DefNew: 281536K(314560K)->1958K(314560K) Eden: 279616K(279616K)->0K(279616K) From: 1920K(34944K)->1958K(34944K)
[472.571s][info][gc,heap        ] GC(1565) Tenured: 14466K(699072K)->14466K(699072K)
[472.571s][info][gc,metaspace   ] GC(1565) Metaspace: 14280K(15104K)->14280K(15104K) NonClass: 12337K(12864K)->12337K(12864K) Class: 1943K(2240K)->1943K(2240K)
[472.571s][info][gc             ] GC(1565) Pause Young (Allocation Failure) 289M->16M(989M) 41.633ms
[472.571s][info][gc,cpu         ] GC(1565) User=0.05s Sys=0.00s Real=0.04s
[472.840s][info][gc,start       ] GC(1566) Pause Young (Allocation Failure)
[472.883s][info][gc,heap        ] GC(1566) DefNew: 281574K(314560K)->2003K(314560K) Eden: 279616K(279616K)->0K(279616K) From: 1958K(34944K)->2003K(34944K)
[472.883s][info][gc,heap        ] GC(1566) Tenured: 14466K(699072K)->14466K(699072K)
[472.883s][info][gc,metaspace   ] GC(1566) Metaspace: 14280K(15104K)->14280K(15104K) NonClass: 12337K(12864K)->12337K(12864K) Class: 1943K(2240K)->1943K(2240K)
[472.883s][info][gc             ] GC(1566) Pause Young (Allocation Failure) 289M->16M(989M) 43.043ms
[472.883s][info][gc,cpu         ] GC(1566) User=0.03s Sys=0.00s Real=0.03s
[473.152s][info][gc,start       ] GC(1567) Pause Young (Allocation Failure)
[473.197s][info][gc,heap        ] GC(1567) DefNew: 281619K(314560K)->2044K(314560K) Eden: 279616K(279616K)->0K(279616K) From: 2003K(34944K)->2044K(34944K)
[473.197s][info][gc,heap        ] GC(1567) Tenured: 14466K(699072K)->14466K(699072K)
[473.197s][info][gc,metaspace   ] GC(1567) Metaspace: 14280K(15104K)->14280K(15104K) NonClass: 12337K(12864K)->12337K(12864K) Class: 1943K(2240K)->1943K(2240K)
[473.197s][info][gc             ] GC(1567) Pause Young (Allocation Failure) 289M->16M(989M) 44.352ms
[473.197s][info][gc,cpu         ] GC(1567) User=0.05s Sys=0.00s Real=0.04s
[473.459s][info][gc,start       ] GC(1568) Pause Young (Allocation Failure)
[473.503s][info][gc,heap        ] GC(1568) DefNew: 281660K(314560K)->2086K(314560K) Eden: 279616K(279616K)->0K(279616K) From: 2044K(34944K)->2086K(34944K)
[473.503s][info][gc,heap        ] GC(1568) Tenured: 14466K(699072K)->14466K(699072K)
[473.503s][info][gc,metaspace   ] GC(1568) Metaspace: 14280K(15104K)->14280K(15104K) NonClass: 12337K(12864K)->12337K(12864K) Class: 1943K(2240K)->1943K(2240K)
[473.503s][info][gc             ] GC(1568) Pause Young (Allocation Failure) 289M->16M(989M) 43.990ms
[473.503s][info][gc,cpu         ] GC(1568) User=0.03s Sys=0.00s Real=0.04s
[473.763s][info][gc,start       ] GC(1569) Pause Young (Allocation Failure)
[473.808s][info][gc,heap        ] GC(1569) DefNew: 281702K(314560K)->637K(314560K) Eden: 279616K(279616K)->0K(279616K) From: 2086K(34944K)->637K(34944K)
[473.808s][info][gc,heap        ] GC(1569) Tenured: 14466K(699072K)->15952K(699072K)
[473.808s][info][gc,metaspace   ] GC(1569) Metaspace: 14280K(15104K)->14280K(15104K) NonClass: 12337K(12864K)->12337K(12864K) Class: 1943K(2240K)->1943K(2240K)
[473.808s][info][gc             ] GC(1569) Pause Young (Allocation Failure) 289M->16M(989M) 45.460ms
[473.808s][info][gc,cpu         ] GC(1569) User=0.05s Sys=0.00s Real=0.04s
[474.083s][info][gc,start       ] GC(1570) Pause Young (Allocation Failure)
[474.128s][info][gc,heap        ] GC(1570) DefNew: 280253K(314560K)->635K(314560K) Eden: 279616K(279616K)->0K(279616K) From: 637K(34944K)->635K(34944K)
[474.128s][info][gc,heap        ] GC(1570) Tenured: 15952K(699072K)->15997K(699072K)
[474.128s][info][gc,metaspace   ] GC(1570) Metaspace: 14280K(15104K)->14280K(15104K) NonClass: 12337K(12864K)->12337K(12864K) Class: 1943K(2240K)->1943K(2240K)
[474.128s][info][gc             ] GC(1570) Pause Young (Allocation Failure) 289M->16M(989M) 45.072ms
[474.128s][info][gc,cpu         ] GC(1570) User=0.03s Sys=0.00s Real=0.03s
[474.404s][info][gc,start       ] GC(1571) Pause Young (Allocation Failure)
[474.451s][info][gc,heap        ] GC(1571) DefNew: 280251K(314560K)->635K(314560K) Eden: 279616K(279616K)->0K(279616K) From: 635K(34944K)->635K(34944K)
[474.451s][info][gc,heap        ] GC(1571) Tenured: 15997K(699072K)->16038K(699072K)
[474.451s][info][gc,metaspace   ] GC(1571) Metaspace: 14280K(15104K)->14280K(15104K) NonClass: 12337K(12864K)->12337K(12864K) Class: 1943K(2240K)->1943K(2240K)
[474.451s][info][gc             ] GC(1571) Pause Young (Allocation Failure) 289M->16M(989M) 46.524ms
[474.451s][info][gc,cpu         ] GC(1571) User=0.05s Sys=0.00s Real=0.05s
[474.721s][info][gc,start       ] GC(1572) Pause Young (Allocation Failure)
[474.756s][info][gc,heap        ] GC(1572) DefNew: 280251K(314560K)->634K(314560K) Eden: 279616K(279616K)->0K(279616K) From: 635K(34944K)->634K(34944K)
[474.756s][info][gc,heap        ] GC(1572) Tenured: 16038K(699072K)->16080K(699072K)
[474.756s][info][gc,metaspace   ] GC(1572) Metaspace: 14280K(15104K)->14280K(15104K) NonClass: 12337K(12864K)->12337K(12864K) Class: 1943K(2240K)->1943K(2240K)
[474.756s][info][gc             ] GC(1572) Pause Young (Allocation Failure) 289M->16M(989M) 34.908ms
[474.756s][info][gc,cpu         ] GC(1572) User=0.03s Sys=0.00s Real=0.03s
[475.046s][info][gc,start       ] GC(1573) Pause Young (Allocation Failure)
[475.082s][info][gc,heap        ] GC(1573) DefNew: 280250K(314560K)->629K(314560K) Eden: 279616K(279616K)->0K(279616K) From: 634K(34944K)->629K(34944K)
[475.082s][info][gc,heap        ] GC(1573) Tenured: 16080K(699072K)->16124K(699072K)
[475.082s][info][gc,metaspace   ] GC(1573) Metaspace: 14280K(15104K)->14280K(15104K) NonClass: 12337K(12864K)->12337K(12864K) Class: 1943K(2240K)->1943K(2240K)
[475.082s][info][gc             ] GC(1573) Pause Young (Allocation Failure) 289M->16M(989M) 36.363ms
[475.083s][info][gc,cpu         ] GC(1573) User=0.03s Sys=0.00s Real=0.03s
[475.363s][info][gc,start       ] GC(1574) Pause Young (Allocation Failure)
[475.395s][info][gc,heap        ] GC(1574) DefNew: 280245K(314560K)->633K(314560K) Eden: 279616K(279616K)->0K(279616K) From: 629K(34944K)->633K(34944K)
[475.395s][info][gc,heap        ] GC(1574) Tenured: 16124K(699072K)->16166K(699072K)
[475.395s][info][gc,metaspace   ] GC(1574) Metaspace: 14280K(15104K)->14280K(15104K) NonClass: 12337K(12864K)->12337K(12864K) Class: 1943K(2240K)->1943K(2240K)
[475.395s][info][gc             ] GC(1574) Pause Young (Allocation Failure) 289M->16M(989M) 32.485ms
[475.395s][info][gc,cpu         ] GC(1574) User=0.03s Sys=0.00s Real=0.03s
[475.687s][info][gc,start       ] GC(1575) Pause Young (Allocation Failure)
[475.717s][info][gc,heap        ] GC(1575) DefNew: 280249K(314560K)->638K(314560K) Eden: 279616K(279616K)->0K(279616K) From: 633K(34944K)->638K(34944K)
[475.717s][info][gc,heap        ] GC(1575) Tenured: 16166K(699072K)->16208K(699072K)
[475.717s][info][gc,metaspace   ] GC(1575) Metaspace: 14280K(15104K)->14280K(15104K) NonClass: 12337K(12864K)->12337K(12864K) Class: 1943K(2240K)->1943K(2240K)
[475.717s][info][gc             ] GC(1575) Pause Young (Allocation Failure) 289M->16M(989M) 30.001ms
[475.717s][info][gc,cpu         ] GC(1575) User=0.03s Sys=0.00s Real=0.02s
[475.994s][info][gc,start       ] GC(1576) Pause Young (Allocation Failure)
[476.026s][info][gc,heap        ] GC(1576) DefNew: 280254K(314560K)->642K(314560K) Eden: 279616K(279616K)->0K(279616K) From: 638K(34944K)->642K(34944K)
[476.026s][info][gc,heap        ] GC(1576) Tenured: 16208K(699072K)->16249K(699072K)
[476.026s][info][gc,metaspace   ] GC(1576) Metaspace: 14280K(15104K)->14280K(15104K) NonClass: 12337K(12864K)->12337K(12864K) Class: 1943K(2240K)->1943K(2240K)
[476.026s][info][gc             ] GC(1576) Pause Young (Allocation Failure) 289M->16M(989M) 32.416ms
[476.026s][info][gc,cpu         ] GC(1576) User=0.03s Sys=0.00s Real=0.03s
[476.296s][info][gc,start       ] GC(1577) Pause Young (Allocation Failure)
[476.329s][info][gc,heap        ] GC(1577) DefNew: 280258K(314560K)->639K(314560K) Eden: 279616K(279616K)->0K(279616K) From: 642K(34944K)->639K(34944K)
[476.329s][info][gc,heap        ] GC(1577) Tenured: 16249K(699072K)->16290K(699072K)
[476.329s][info][gc,metaspace   ] GC(1577) Metaspace: 14280K(15104K)->14280K(15104K) NonClass: 12337K(12864K)->12337K(12864K) Class: 1943K(2240K)->1943K(2240K)
[476.329s][info][gc             ] GC(1577) Pause Young (Allocation Failure) 289M->16M(989M) 32.889ms
[476.329s][info][gc,cpu         ] GC(1577) User=0.03s Sys=0.00s Real=0.03s
[476.601s][info][gc,start       ] GC(1578) Pause Young (Allocation Failure)
[476.634s][info][gc,heap        ] GC(1578) DefNew: 280255K(314560K)->640K(314560K) Eden: 279616K(279616K)->0K(279616K) From: 639K(34944K)->640K(34944K)
[476.634s][info][gc,heap        ] GC(1578) Tenured: 16290K(699072K)->16335K(699072K)
[476.635s][info][gc,metaspace   ] GC(1578) Metaspace: 14280K(15104K)->14280K(15104K) NonClass: 12337K(12864K)->12337K(12864K) Class: 1943K(2240K)->1943K(2240K)
[476.635s][info][gc             ] GC(1578) Pause Young (Allocation Failure) 289M->16M(989M) 33.290ms
[476.635s][info][gc,cpu         ] GC(1578) User=0.03s Sys=0.00s Real=0.03s
[476.908s][info][gc,start       ] GC(1579) Pause Young (Allocation Failure)
[476.941s][info][gc,heap        ] GC(1579) DefNew: 280256K(314560K)->637K(314560K) Eden: 279616K(279616K)->0K(279616K) From: 640K(34944K)->637K(34944K)
[476.941s][info][gc,heap        ] GC(1579) Tenured: 16335K(699072K)->16376K(699072K)
[476.941s][info][gc,metaspace   ] GC(1579) Metaspace: 14280K(15104K)->14280K(15104K) NonClass: 12337K(12864K)->12337K(12864K) Class: 1943K(2240K)->1943K(2240K)
[476.941s][info][gc             ] GC(1579) Pause Young (Allocation Failure) 289M->16M(989M) 32.964ms
[476.941s][info][gc,cpu         ] GC(1579) User=0.03s Sys=0.00s Real=0.03s
[477.213s][info][gc,start       ] GC(1580) Pause Young (Allocation Failure)
[477.246s][info][gc,heap        ] GC(1580) DefNew: 280253K(314560K)->639K(314560K) Eden: 279616K(279616K)->0K(279616K) From: 637K(34944K)->639K(34944K)
[477.246s][info][gc,heap        ] GC(1580) Tenured: 16376K(699072K)->16414K(699072K)
[477.246s][info][gc,metaspace   ] GC(1580) Metaspace: 14280K(15104K)->14280K(15104K) NonClass: 12337K(12864K)->12337K(12864K) Class: 1943K(2240K)->1943K(2240K)
[477.246s][info][gc             ] GC(1580) Pause Young (Allocation Failure) 289M->16M(989M) 33.027ms
[477.246s][info][gc,cpu         ] GC(1580) User=0.03s Sys=0.00s Real=0.03s
[477.518s][info][gc,start       ] GC(1581) Pause Young (Allocation Failure)
[477.551s][info][gc,heap        ] GC(1581) DefNew: 280255K(314560K)->640K(314560K) Eden: 279616K(279616K)->0K(279616K) From: 639K(34944K)->640K(34944K)
[477.551s][info][gc,heap        ] GC(1581) Tenured: 16414K(699072K)->16459K(699072K)
[477.551s][info][gc,metaspace   ] GC(1581) Metaspace: 14280K(15104K)->14280K(15104K) NonClass: 12337K(12864K)->12337K(12864K) Class: 1943K(2240K)->1943K(2240K)
[477.551s][info][gc             ] GC(1581) Pause Young (Allocation Failure) 289M->16M(989M) 33.258ms
[477.552s][info][gc,cpu         ] GC(1581) User=0.03s Sys=0.00s Real=0.03s
[477.826s][info][gc,start       ] GC(1582) Pause Young (Allocation Failure)
[477.861s][info][gc,heap        ] GC(1582) DefNew: 280256K(314560K)->641K(314560K) Eden: 279616K(279616K)->0K(279616K) From: 640K(34944K)->641K(34944K)
[477.861s][info][gc,heap        ] GC(1582) Tenured: 16459K(699072K)->16501K(699072K)
[477.861s][info][gc,metaspace   ] GC(1582) Metaspace: 14280K(15104K)->14280K(15104K) NonClass: 12337K(12864K)->12337K(12864K) Class: 1943K(2240K)->1943K(2240K)
[477.861s][info][gc             ] GC(1582) Pause Young (Allocation Failure) 289M->16M(989M) 34.556ms
[477.861s][info][gc,cpu         ] GC(1582) User=0.05s Sys=0.00s Real=0.03s
[478.137s][info][gc,start       ] GC(1583) Pause Young (Allocation Failure)
[478.182s][info][gc,heap        ] GC(1583) DefNew: 280257K(314560K)->644K(314560K) Eden: 279616K(279616K)->0K(279616K) From: 641K(34944K)->644K(34944K)
[478.182s][info][gc,heap        ] GC(1583) Tenured: 16501K(699072K)->16542K(699072K)
[478.182s][info][gc,metaspace   ] GC(1583) Metaspace: 14280K(15104K)->14280K(15104K) NonClass: 12337K(12864K)->12337K(12864K) Class: 1943K(2240K)->1943K(2240K)
[478.182s][info][gc             ] GC(1583) Pause Young (Allocation Failure) 289M->16M(989M) 45.696ms
[478.182s][info][gc,cpu         ] GC(1583) User=0.03s Sys=0.00s Real=0.03s
[478.459s][info][gc,start       ] GC(1584) Pause Young (Allocation Failure)
[478.506s][info][gc,heap        ] GC(1584) DefNew: 280260K(314560K)->650K(314560K) Eden: 279616K(279616K)->0K(279616K) From: 644K(34944K)->650K(34944K)
[478.506s][info][gc,heap        ] GC(1584) Tenured: 16542K(699072K)->16581K(699072K)
[478.506s][info][gc,metaspace   ] GC(1584) Metaspace: 14280K(15104K)->14280K(15104K) NonClass: 12337K(12864K)->12337K(12864K) Class: 1943K(2240K)->1943K(2240K)
[478.506s][info][gc             ] GC(1584) Pause Young (Allocation Failure) 289M->16M(989M) 47.100ms
[478.506s][info][gc,cpu         ] GC(1584) User=0.03s Sys=0.00s Real=0.04s
[478.781s][info][gc,start       ] GC(1585) Pause Young (Allocation Failure)
[478.829s][info][gc,heap        ] GC(1585) DefNew: 280266K(314560K)->650K(314560K) Eden: 279616K(279616K)->0K(279616K) From: 650K(34944K)->650K(34944K)
[478.829s][info][gc,heap        ] GC(1585) Tenured: 16581K(699072K)->16623K(699072K)
[478.829s][info][gc,metaspace   ] GC(1585) Metaspace: 14280K(15104K)->14280K(15104K) NonClass: 12337K(12864K)->12337K(12864K) Class: 1943K(2240K)->1943K(2240K)
[478.829s][info][gc             ] GC(1585) Pause Young (Allocation Failure) 289M->16M(989M) 47.626ms
[478.829s][info][gc,cpu         ] GC(1585) User=0.05s Sys=0.00s Real=0.03s
[479.106s][info][gc,start       ] GC(1586) Pause Young (Allocation Failure)
[479.151s][info][gc,heap        ] GC(1586) DefNew: 280266K(314560K)->651K(314560K) Eden: 279616K(279616K)->0K(279616K) From: 650K(34944K)->651K(34944K)
[479.151s][info][gc,heap        ] GC(1586) Tenured: 16623K(699072K)->16664K(699072K)
[479.151s][info][gc,metaspace   ] GC(1586) Metaspace: 14280K(15104K)->14280K(15104K) NonClass: 12337K(12864K)->12337K(12864K) Class: 1943K(2240K)->1943K(2240K)
[479.151s][info][gc             ] GC(1586) Pause Young (Allocation Failure) 289M->16M(989M) 45.417ms
[479.151s][info][gc,cpu         ] GC(1586) User=0.03s Sys=0.00s Real=0.03s
[479.435s][info][gc,start       ] GC(1587) Pause Young (Allocation Failure)
[479.476s][info][gc,heap        ] GC(1587) DefNew: 280267K(314560K)->657K(314560K) Eden: 279616K(279616K)->0K(279616K) From: 651K(34944K)->657K(34944K)
[479.476s][info][gc,heap        ] GC(1587) Tenured: 16664K(699072K)->16705K(699072K)
[479.476s][info][gc,metaspace   ] GC(1587) Metaspace: 14280K(15104K)->14280K(15104K) NonClass: 12337K(12864K)->12337K(12864K) Class: 1943K(2240K)->1943K(2240K)
[479.476s][info][gc             ] GC(1587) Pause Young (Allocation Failure) 289M->16M(989M) 40.886ms
[479.476s][info][gc,cpu         ] GC(1587) User=0.05s Sys=0.00s Real=0.04s
[479.764s][info][gc,start       ] GC(1588) Pause Young (Allocation Failure)
[479.803s][info][gc,heap        ] GC(1588) DefNew: 280273K(314560K)->660K(314560K) Eden: 279616K(279616K)->0K(279616K) From: 657K(34944K)->660K(34944K)
[479.803s][info][gc,heap        ] GC(1588) Tenured: 16705K(699072K)->16746K(699072K)
[479.804s][info][gc,metaspace   ] GC(1588) Metaspace: 14280K(15104K)->14280K(15104K) NonClass: 12337K(12864K)->12337K(12864K) Class: 1943K(2240K)->1943K(2240K)
[479.804s][info][gc             ] GC(1588) Pause Young (Allocation Failure) 290M->16M(989M) 39.776ms
[479.804s][info][gc,cpu         ] GC(1588) User=0.03s Sys=0.00s Real=0.03s
[480.076s][info][gc,start       ] GC(1589) Pause Young (Allocation Failure)
[480.118s][info][gc,heap        ] GC(1589) DefNew: 280276K(314560K)->665K(314560K) Eden: 279616K(279616K)->0K(279616K) From: 660K(34944K)->665K(34944K)
[480.118s][info][gc,heap        ] GC(1589) Tenured: 16746K(699072K)->16791K(699072K)
[480.118s][info][gc,metaspace   ] GC(1589) Metaspace: 14280K(15104K)->14280K(15104K) NonClass: 12337K(12864K)->12337K(12864K) Class: 1943K(2240K)->1943K(2240K)
[480.118s][info][gc             ] GC(1589) Pause Young (Allocation Failure) 290M->17M(989M) 41.577ms
[480.118s][info][gc,cpu         ] GC(1589) User=0.03s Sys=0.00s Real=0.03s
[480.394s][info][gc,start       ] GC(1590) Pause Young (Allocation Failure)
[480.426s][info][gc,heap        ] GC(1590) DefNew: 280281K(314560K)->662K(314560K) Eden: 279616K(279616K)->0K(279616K) From: 665K(34944K)->662K(34944K)
[480.426s][info][gc,heap        ] GC(1590) Tenured: 16791K(699072K)->16838K(699072K)
[480.427s][info][gc,metaspace   ] GC(1590) Metaspace: 14280K(15104K)->14280K(15104K) NonClass: 12337K(12864K)->12337K(12864K) Class: 1943K(2240K)->1943K(2240K)
[480.427s][info][gc             ] GC(1590) Pause Young (Allocation Failure) 290M->17M(989M) 33.011ms
[480.427s][info][gc,cpu         ] GC(1590) User=0.02s Sys=0.00s Real=0.02s
[480.700s][info][gc,start       ] GC(1591) Pause Young (Allocation Failure)
[480.732s][info][gc,heap        ] GC(1591) DefNew: 280278K(314560K)->663K(314560K) Eden: 279616K(279616K)->0K(279616K) From: 662K(34944K)->663K(34944K)
[480.732s][info][gc,heap        ] GC(1591) Tenured: 16838K(699072K)->16882K(699072K)
[480.732s][info][gc,metaspace   ] GC(1591) Metaspace: 14280K(15104K)->14280K(15104K) NonClass: 12337K(12864K)->12337K(12864K) Class: 1943K(2240K)->1943K(2240K)
[480.733s][info][gc             ] GC(1591) Pause Young (Allocation Failure) 290M->17M(989M) 32.635ms
[480.733s][info][gc,cpu         ] GC(1591) User=0.03s Sys=0.00s Real=0.03s
[481.005s][info][gc,start       ] GC(1592) Pause Young (Allocation Failure)
[481.039s][info][gc,heap        ] GC(1592) DefNew: 280279K(314560K)->668K(314560K) Eden: 279616K(279616K)->0K(279616K) From: 663K(34944K)->668K(34944K)
[481.039s][info][gc,heap        ] GC(1592) Tenured: 16882K(699072K)->16921K(699072K)
[481.039s][info][gc,metaspace   ] GC(1592) Metaspace: 14280K(15104K)->14280K(15104K) NonClass: 12337K(12864K)->12337K(12864K) Class: 1943K(2240K)->1943K(2240K)
[481.039s][info][gc             ] GC(1592) Pause Young (Allocation Failure) 290M->17M(989M) 33.771ms
[481.039s][info][gc,cpu         ] GC(1592) User=0.03s Sys=0.00s Real=0.03s
[481.312s][info][gc,start       ] GC(1593) Pause Young (Allocation Failure)
[481.347s][info][gc,heap        ] GC(1593) DefNew: 280284K(314560K)->668K(314560K) Eden: 279616K(279616K)->0K(279616K) From: 668K(34944K)->668K(34944K)
[481.347s][info][gc,heap        ] GC(1593) Tenured: 16921K(699072K)->16962K(699072K)
[481.347s][info][gc,metaspace   ] GC(1593) Metaspace: 14280K(15104K)->14280K(15104K) NonClass: 12337K(12864K)->12337K(12864K) Class: 1943K(2240K)->1943K(2240K)
[481.347s][info][gc             ] GC(1593) Pause Young (Allocation Failure) 290M->17M(989M) 34.597ms
[481.347s][info][gc,cpu         ] GC(1593) User=0.05s Sys=0.00s Real=0.03s
[481.624s][info][gc,start       ] GC(1594) Pause Young (Allocation Failure)
[481.655s][info][gc,heap        ] GC(1594) DefNew: 280284K(314560K)->671K(314560K) Eden: 279616K(279616K)->0K(279616K) From: 668K(34944K)->671K(34944K)
[481.655s][info][gc,heap        ] GC(1594) Tenured: 16962K(699072K)->17004K(699072K)
[481.655s][info][gc,metaspace   ] GC(1594) Metaspace: 14280K(15104K)->14280K(15104K) NonClass: 12337K(12864K)->12337K(12864K) Class: 1943K(2240K)->1943K(2240K)
[481.655s][info][gc             ] GC(1594) Pause Young (Allocation Failure) 290M->17M(989M) 31.723ms
[481.655s][info][gc,cpu         ] GC(1594) User=0.03s Sys=0.00s Real=0.03s
[482.001s][info][gc,start       ] GC(1595) Pause Young (Allocation Failure)
[482.042s][info][gc,heap        ] GC(1595) DefNew: 280287K(314560K)->671K(314560K) Eden: 279616K(279616K)->0K(279616K) From: 671K(34944K)->671K(34944K)
[482.042s][info][gc,heap        ] GC(1595) Tenured: 17004K(699072K)->17045K(699072K)
[482.042s][info][gc,metaspace   ] GC(1595) Metaspace: 14280K(15104K)->14280K(15104K) NonClass: 12337K(12864K)->12337K(12864K) Class: 1943K(2240K)->1943K(2240K)
[482.042s][info][gc             ] GC(1595) Pause Young (Allocation Failure) 290M->17M(989M) 41.052ms
[482.042s][info][gc,cpu         ] GC(1595) User=0.03s Sys=0.00s Real=0.03s
[482.326s][info][gc,start       ] GC(1596) Pause Young (Allocation Failure)
[482.357s][info][gc,heap        ] GC(1596) DefNew: 280287K(314560K)->668K(314560K) Eden: 279616K(279616K)->0K(279616K) From: 671K(34944K)->668K(34944K)
[482.357s][info][gc,heap        ] GC(1596) Tenured: 17045K(699072K)->17090K(699072K)
[482.357s][info][gc,metaspace   ] GC(1596) Metaspace: 14280K(15104K)->14280K(15104K) NonClass: 12337K(12864K)->12337K(12864K) Class: 1943K(2240K)->1943K(2240K)
[482.357s][info][gc             ] GC(1596) Pause Young (Allocation Failure) 290M->17M(989M) 31.189ms
[482.357s][info][gc,cpu         ] GC(1596) User=0.03s Sys=0.00s Real=0.02s
[482.645s][info][gc,start       ] GC(1597) Pause Young (Allocation Failure)
[482.674s][info][gc,heap        ] GC(1597) DefNew: 280284K(314560K)->669K(314560K) Eden: 279616K(279616K)->0K(279616K) From: 668K(34944K)->669K(34944K)
[482.674s][info][gc,heap        ] GC(1597) Tenured: 17090K(699072K)->17134K(699072K)
[482.674s][info][gc,metaspace   ] GC(1597) Metaspace: 14280K(15104K)->14280K(15104K) NonClass: 12337K(12864K)->12337K(12864K) Class: 1943K(2240K)->1943K(2240K)
[482.674s][info][gc             ] GC(1597) Pause Young (Allocation Failure) 290M->17M(989M) 29.183ms
[482.674s][info][gc,cpu         ] GC(1597) User=0.02s Sys=0.00s Real=0.02s
[482.946s][info][gc,start       ] GC(1598) Pause Young (Allocation Failure)
[482.986s][info][gc,heap        ] GC(1598) DefNew: 280285K(314560K)->665K(314560K) Eden: 279616K(279616K)->0K(279616K) From: 669K(34944K)->665K(34944K)
[482.986s][info][gc,heap        ] GC(1598) Tenured: 17134K(699072K)->17178K(699072K)
[482.986s][info][gc,metaspace   ] GC(1598) Metaspace: 14280K(15104K)->14280K(15104K) NonClass: 12337K(12864K)->12337K(12864K) Class: 1943K(2240K)->1943K(2240K)
[482.986s][info][gc             ] GC(1598) Pause Young (Allocation Failure) 290M->17M(989M) 39.331ms
[482.986s][info][gc,cpu         ] GC(1598) User=0.03s Sys=0.00s Real=0.02s
[483.260s][info][gc,start       ] GC(1599) Pause Young (Allocation Failure)
[483.300s][info][gc,heap        ] GC(1599) DefNew: 280281K(314560K)->663K(314560K) Eden: 279616K(279616K)->0K(279616K) From: 665K(34944K)->663K(34944K)
[483.300s][info][gc,heap        ] GC(1599) Tenured: 17178K(699072K)->17222K(699072K)
[483.300s][info][gc,metaspace   ] GC(1599) Metaspace: 14280K(15104K)->14280K(15104K) NonClass: 12337K(12864K)->12337K(12864K) Class: 1943K(2240K)->1943K(2240K)
[483.300s][info][gc             ] GC(1599) Pause Young (Allocation Failure) 290M->17M(989M) 40.483ms
[483.300s][info][gc,cpu         ] GC(1599) User=0.05s Sys=0.00s Real=0.04s
[483.574s][info][gc,start       ] GC(1600) Pause Young (Allocation Failure)
[483.615s][info][gc,heap        ] GC(1600) DefNew: 280279K(314560K)->666K(314560K) Eden: 279616K(279616K)->0K(279616K) From: 663K(34944K)->666K(34944K)
[483.615s][info][gc,heap        ] GC(1600) Tenured: 17222K(699072K)->17264K(699072K)
[483.615s][info][gc,metaspace   ] GC(1600) Metaspace: 14280K(15104K)->14280K(15104K) NonClass: 12337K(12864K)->12337K(12864K) Class: 1943K(2240K)->1943K(2240K)
[483.615s][info][gc             ] GC(1600) Pause Young (Allocation Failure) 290M->17M(989M) 40.567ms
[483.615s][info][gc,cpu         ] GC(1600) User=0.03s Sys=0.00s Real=0.03s
[483.887s][info][gc,start       ] GC(1601) Pause Young (Allocation Failure)
[483.927s][info][gc,heap        ] GC(1601) DefNew: 280282K(314560K)->668K(314560K) Eden: 279616K(279616K)->0K(279616K) From: 666K(34944K)->668K(34944K)
[483.928s][info][gc,heap        ] GC(1601) Tenured: 17264K(699072K)->17306K(699072K)
[483.928s][info][gc,metaspace   ] GC(1601) Metaspace: 14280K(15104K)->14280K(15104K) NonClass: 12337K(12864K)->12337K(12864K) Class: 1943K(2240K)->1943K(2240K)
[483.928s][info][gc             ] GC(1601) Pause Young (Allocation Failure) 290M->17M(989M) 40.781ms
[483.928s][info][gc,cpu         ] GC(1601) User=0.03s Sys=0.00s Real=0.03s
[484.198s][info][gc,start       ] GC(1602) Pause Young (Allocation Failure)
[484.231s][info][gc,heap        ] GC(1602) DefNew: 280284K(314560K)->661K(314560K) Eden: 279616K(279616K)->0K(279616K) From: 668K(34944K)->661K(34944K)
[484.231s][info][gc,heap        ] GC(1602) Tenured: 17306K(699072K)->17354K(699072K)
[484.231s][info][gc,metaspace   ] GC(1602) Metaspace: 14280K(15104K)->14280K(15104K) NonClass: 12337K(12864K)->12337K(12864K) Class: 1943K(2240K)->1943K(2240K)
[484.231s][info][gc             ] GC(1602) Pause Young (Allocation Failure) 290M->17M(989M) 32.433ms
[484.231s][info][gc,cpu         ] GC(1602) User=0.03s Sys=0.00s Real=0.03s
[484.507s][info][gc,start       ] GC(1603) Pause Young (Allocation Failure)
[484.548s][info][gc,heap        ] GC(1603) DefNew: 280277K(314560K)->661K(314560K) Eden: 279616K(279616K)->0K(279616K) From: 661K(34944K)->661K(34944K)
[484.548s][info][gc,heap        ] GC(1603) Tenured: 17354K(699072K)->17398K(699072K)
[484.548s][info][gc,metaspace   ] GC(1603) Metaspace: 14280K(15104K)->14280K(15104K) NonClass: 12337K(12864K)->12337K(12864K) Class: 1943K(2240K)->1943K(2240K)
[484.548s][info][gc             ] GC(1603) Pause Young (Allocation Failure) 290M->17M(989M) 41.561ms
[484.548s][info][gc,cpu         ] GC(1603) User=0.03s Sys=0.00s Real=0.03s
[484.821s][info][gc,start       ] GC(1604) Pause Young (Allocation Failure)
[484.864s][info][gc,heap        ] GC(1604) DefNew: 280277K(314560K)->654K(314560K) Eden: 279616K(279616K)->0K(279616K) From: 661K(34944K)->654K(34944K)
[484.864s][info][gc,heap        ] GC(1604) Tenured: 17398K(699072K)->17447K(699072K)
[484.864s][info][gc,metaspace   ] GC(1604) Metaspace: 14280K(15104K)->14280K(15104K) NonClass: 12337K(12864K)->12337K(12864K) Class: 1943K(2240K)->1943K(2240K)
[484.864s][info][gc             ] GC(1604) Pause Young (Allocation Failure) 290M->17M(989M) 43.012ms
[484.864s][info][gc,cpu         ] GC(1604) User=0.05s Sys=0.00s Real=0.04s
[485.141s][info][gc,start       ] GC(1605) Pause Young (Allocation Failure)
[485.185s][info][gc,heap        ] GC(1605) DefNew: 280270K(314560K)->652K(314560K) Eden: 279616K(279616K)->0K(279616K) From: 654K(34944K)->652K(34944K)
[485.185s][info][gc,heap        ] GC(1605) Tenured: 17447K(699072K)->17492K(699072K)
[485.185s][info][gc,metaspace   ] GC(1605) Metaspace: 14280K(15104K)->14280K(15104K) NonClass: 12337K(12864K)->12337K(12864K) Class: 1943K(2240K)->1943K(2240K)
[485.185s][info][gc             ] GC(1605) Pause Young (Allocation Failure) 290M->17M(989M) 44.469ms
[485.185s][info][gc,cpu         ] GC(1605) User=0.03s Sys=0.00s Real=0.03s
[485.461s][info][gc,start       ] GC(1606) Pause Young (Allocation Failure)
[485.494s][info][gc,heap        ] GC(1606) DefNew: 280268K(314560K)->652K(314560K) Eden: 279616K(279616K)->0K(279616K) From: 652K(34944K)->652K(34944K)
[485.494s][info][gc,heap        ] GC(1606) Tenured: 17492K(699072K)->17537K(699072K)
[485.494s][info][gc,metaspace   ] GC(1606) Metaspace: 14280K(15104K)->14280K(15104K) NonClass: 12337K(12864K)->12337K(12864K) Class: 1943K(2240K)->1943K(2240K)
[485.494s][info][gc             ] GC(1606) Pause Young (Allocation Failure) 290M->17M(989M) 33.944ms
[485.494s][info][gc,cpu         ] GC(1606) User=0.02s Sys=0.00s Real=0.02s
[485.767s][info][gc,start       ] GC(1607) Pause Young (Allocation Failure)
[485.813s][info][gc,heap        ] GC(1607) DefNew: 280268K(314560K)->650K(314560K) Eden: 279616K(279616K)->0K(279616K) From: 652K(34944K)->650K(34944K)
[485.813s][info][gc,heap        ] GC(1607) Tenured: 17537K(699072K)->17581K(699072K)
[485.813s][info][gc,metaspace   ] GC(1607) Metaspace: 14280K(15104K)->14280K(15104K) NonClass: 12337K(12864K)->12337K(12864K) Class: 1943K(2240K)->1943K(2240K)
[485.813s][info][gc             ] GC(1607) Pause Young (Allocation Failure) 290M->17M(989M) 45.475ms
[485.813s][info][gc,cpu         ] GC(1607) User=0.03s Sys=0.00s Real=0.05s
[486.088s][info][gc,start       ] GC(1608) Pause Young (Allocation Failure)
[486.135s][info][gc,heap        ] GC(1608) DefNew: 280266K(314560K)->650K(314560K) Eden: 279616K(279616K)->0K(279616K) From: 650K(34944K)->650K(34944K)
[486.135s][info][gc,heap        ] GC(1608) Tenured: 17581K(699072K)->17622K(699072K)
[486.135s][info][gc,metaspace   ] GC(1608) Metaspace: 14280K(15104K)->14280K(15104K) NonClass: 12337K(12864K)->12337K(12864K) Class: 1943K(2240K)->1943K(2240K)
[486.135s][info][gc             ] GC(1608) Pause Young (Allocation Failure) 290M->17M(989M) 47.352ms
[486.135s][info][gc,cpu         ] GC(1608) User=0.03s Sys=0.00s Real=0.03s
[486.409s][info][gc,start       ] GC(1609) Pause Young (Allocation Failure)
[486.458s][info][gc,heap        ] GC(1609) DefNew: 280266K(314560K)->649K(314560K) Eden: 279616K(279616K)->0K(279616K) From: 650K(34944K)->649K(34944K)
[486.458s][info][gc,heap        ] GC(1609) Tenured: 17622K(699072K)->17667K(699072K)
[486.458s][info][gc,metaspace   ] GC(1609) Metaspace: 14280K(15104K)->14280K(15104K) NonClass: 12337K(12864K)->12337K(12864K) Class: 1943K(2240K)->1943K(2240K)
[486.458s][info][gc             ] GC(1609) Pause Young (Allocation Failure) 290M->17M(989M) 48.720ms
[486.458s][info][gc,cpu         ] GC(1609) User=0.05s Sys=0.00s Real=0.04s
[486.722s][info][gc,start       ] GC(1610) Pause Young (Allocation Failure)
[486.772s][info][gc,heap        ] GC(1610) DefNew: 280265K(314560K)->646K(314560K) Eden: 279616K(279616K)->0K(279616K) From: 649K(34944K)->646K(34944K)
[486.773s][info][gc,heap        ] GC(1610) Tenured: 17667K(699072K)->17708K(699072K)
[486.773s][info][gc,metaspace   ] GC(1610) Metaspace: 14280K(15104K)->14280K(15104K) NonClass: 12337K(12864K)->12337K(12864K) Class: 1943K(2240K)->1943K(2240K)
[486.773s][info][gc             ] GC(1610) Pause Young (Allocation Failure) 290M->17M(989M) 50.139ms
[486.773s][info][gc,cpu         ] GC(1610) User=0.05s Sys=0.00s Real=0.05s
[487.014s][info][gc,start       ] GC(1611) Pause Young (Allocation Failure)
[487.053s][info][gc,heap        ] GC(1611) DefNew: 280262K(314560K)->641K(314560K) Eden: 279616K(279616K)->0K(279616K) From: 646K(34944K)->641K(34944K)
[487.053s][info][gc,heap        ] GC(1611) Tenured: 17708K(699072K)->17750K(699072K)
[487.053s][info][gc,metaspace   ] GC(1611) Metaspace: 14280K(15104K)->14280K(15104K) NonClass: 12337K(12864K)->12337K(12864K) Class: 1943K(2240K)->1943K(2240K)
[487.053s][info][gc             ] GC(1611) Pause Young (Allocation Failure) 290M->17M(989M) 39.698ms
[487.053s][info][gc,cpu         ] GC(1611) User=0.05s Sys=0.00s Real=0.04s
[487.237s][info][gc,start       ] GC(1612) Pause Young (Allocation Failure)
[487.269s][info][gc,heap        ] GC(1612) DefNew: 280257K(314560K)->625K(314560K) Eden: 279616K(279616K)->0K(279616K) From: 641K(34944K)->625K(34944K)
[487.269s][info][gc,heap        ] GC(1612) Tenured: 17750K(699072K)->17795K(699072K)
[487.269s][info][gc,metaspace   ] GC(1612) Metaspace: 14280K(15104K)->14280K(15104K) NonClass: 12337K(12864K)->12337K(12864K) Class: 1943K(2240K)->1943K(2240K)
[487.269s][info][gc             ] GC(1612) Pause Young (Allocation Failure) 291M->17M(989M) 31.583ms
[487.269s][info][gc,cpu         ] GC(1612) User=0.03s Sys=0.00s Real=0.03s
[487.463s][info][gc,start       ] GC(1613) Pause Full (System.gc())
[487.463s][info][gc,phases,start] GC(1613) Phase 1: Mark live objects
[487.499s][info][gc,phases      ] GC(1613) Phase 1: Mark live objects 36.615ms
[487.500s][info][gc,phases,start] GC(1613) Phase 2: Compute new object addresses
[487.531s][info][gc,phases      ] GC(1613) Phase 2: Compute new object addresses 31.814ms
[487.531s][info][gc,phases,start] GC(1613) Phase 3: Adjust pointers
[487.554s][info][gc,phases      ] GC(1613) Phase 3: Adjust pointers 22.141ms
[487.554s][info][gc,phases,start] GC(1613) Phase 4: Move objects
[487.554s][info][gc,phases      ] GC(1613) Phase 4: Move objects 0.012ms
[487.554s][info][gc,heap        ] GC(1613) DefNew: 135684K(314560K)->0K(314560K) Eden: 135059K(279616K)->0K(279616K) From: 625K(34944K)->0K(34944K)
[487.554s][info][gc,heap        ] GC(1613) Tenured: 17795K(699072K)->17795K(699072K)
[487.554s][info][gc,metaspace   ] GC(1613) Metaspace: 14280K(15104K)->14280K(15104K) NonClass: 12337K(12864K)->12337K(12864K) Class: 1943K(2240K)->1943K(2240K)
[487.554s][info][gc             ] GC(1613) Pause Full (System.gc()) 149M->17M(989M) 91.002ms
[487.554s][info][gc,cpu         ] GC(1613) User=0.08s Sys=0.00s Real=0.08s
[487.786s][info][gc,start       ] GC(1614) Pause Young (Allocation Failure)
[487.826s][info][gc,heap        ] GC(1614) DefNew: 279616K(314560K)->1494K(314560K) Eden: 279616K(279616K)->0K(279616K) From: 0K(34944K)->1494K(34944K)
[487.826s][info][gc,heap        ] GC(1614) Tenured: 17795K(699072K)->17795K(699072K)
[487.826s][info][gc,metaspace   ] GC(1614) Metaspace: 14280K(15104K)->14280K(15104K) NonClass: 12337K(12864K)->12337K(12864K) Class: 1943K(2240K)->1943K(2240K)
[487.826s][info][gc             ] GC(1614) Pause Young (Allocation Failure) 290M->18M(989M) 40.484ms
[487.826s][info][gc,cpu         ] GC(1614) User=0.03s Sys=0.00s Real=0.04s
[488.091s][info][gc,start       ] GC(1615) Pause Young (Allocation Failure)
[488.134s][info][gc,heap        ] GC(1615) DefNew: 281110K(314560K)->1539K(314560K) Eden: 279616K(279616K)->0K(279616K) From: 1494K(34944K)->1539K(34944K)
[488.134s][info][gc,heap        ] GC(1615) Tenured: 17795K(699072K)->17795K(699072K)
[488.134s][info][gc,metaspace   ] GC(1615) Metaspace: 14280K(15104K)->14280K(15104K) NonClass: 12337K(12864K)->12337K(12864K) Class: 1943K(2240K)->1943K(2240K)
[488.134s][info][gc             ] GC(1615) Pause Young (Allocation Failure) 291M->18M(989M) 42.772ms
[488.134s][info][gc,cpu         ] GC(1615) User=0.03s Sys=0.00s Real=0.03s
[488.394s][info][gc,start       ] GC(1616) Pause Young (Allocation Failure)
[488.437s][info][gc,heap        ] GC(1616) DefNew: 281155K(314560K)->1584K(314560K) Eden: 279616K(279616K)->0K(279616K) From: 1539K(34944K)->1584K(34944K)
[488.437s][info][gc,heap        ] GC(1616) Tenured: 17795K(699072K)->17795K(699072K)
[488.437s][info][gc,metaspace   ] GC(1616) Metaspace: 14280K(15104K)->14280K(15104K) NonClass: 12337K(12864K)->12337K(12864K) Class: 1943K(2240K)->1943K(2240K)
[488.437s][info][gc             ] GC(1616) Pause Young (Allocation Failure) 291M->18M(989M) 42.931ms
[488.437s][info][gc,cpu         ] GC(1616) User=0.03s Sys=0.00s Real=0.03s
[488.707s][info][gc,start       ] GC(1617) Pause Young (Allocation Failure)
[488.751s][info][gc,heap        ] GC(1617) DefNew: 281200K(314560K)->1628K(314560K) Eden: 279616K(279616K)->0K(279616K) From: 1584K(34944K)->1628K(34944K)
[488.751s][info][gc,heap        ] GC(1617) Tenured: 17795K(699072K)->17795K(699072K)
[488.751s][info][gc,metaspace   ] GC(1617) Metaspace: 14280K(15104K)->14280K(15104K) NonClass: 12337K(12864K)->12337K(12864K) Class: 1943K(2240K)->1943K(2240K)
[488.751s][info][gc             ] GC(1617) Pause Young (Allocation Failure) 291M->18M(989M) 44.384ms
[488.751s][info][gc,cpu         ] GC(1617) User=0.03s Sys=0.00s Real=0.03s
[489.017s][info][gc,start       ] GC(1618) Pause Young (Allocation Failure)
[489.060s][info][gc,heap        ] GC(1618) DefNew: 281244K(314560K)->1673K(314560K) Eden: 279616K(279616K)->0K(279616K) From: 1628K(34944K)->1673K(34944K)
[489.060s][info][gc,heap        ] GC(1618) Tenured: 17795K(699072K)->17795K(699072K)
[489.060s][info][gc,metaspace   ] GC(1618) Metaspace: 14280K(15104K)->14280K(15104K) NonClass: 12337K(12864K)->12337K(12864K) Class: 1943K(2240K)->1943K(2240K)
[489.060s][info][gc             ] GC(1618) Pause Young (Allocation Failure) 292M->19M(989M) 43.610ms
[489.060s][info][gc,cpu         ] GC(1618) User=0.02s Sys=0.00s Real=0.03s
[489.324s][info][gc,start       ] GC(1619) Pause Young (Allocation Failure)
[489.370s][info][gc,heap        ] GC(1619) DefNew: 281289K(314560K)->1714K(314560K) Eden: 279616K(279616K)->0K(279616K) From: 1673K(34944K)->1714K(34944K)
[489.370s][info][gc,heap        ] GC(1619) Tenured: 17795K(699072K)->17795K(699072K)
[489.370s][info][gc,metaspace   ] GC(1619) Metaspace: 14280K(15104K)->14280K(15104K) NonClass: 12337K(12864K)->12337K(12864K) Class: 1943K(2240K)->1943K(2240K)
[489.370s][info][gc             ] GC(1619) Pause Young (Allocation Failure) 292M->19M(989M) 45.818ms
[489.370s][info][gc,cpu         ] GC(1619) User=0.05s Sys=0.00s Real=0.05s
[489.638s][info][gc,start       ] GC(1620) Pause Young (Allocation Failure)
[489.673s][info][gc,heap        ] GC(1620) DefNew: 281330K(314560K)->1755K(314560K) Eden: 279616K(279616K)->0K(279616K) From: 1714K(34944K)->1755K(34944K)
[489.673s][info][gc,heap        ] GC(1620) Tenured: 17795K(699072K)->17795K(699072K)
[489.673s][info][gc,metaspace   ] GC(1620) Metaspace: 14280K(15104K)->14280K(15104K) NonClass: 12337K(12864K)->12337K(12864K) Class: 1943K(2240K)->1943K(2240K)
[489.673s][info][gc             ] GC(1620) Pause Young (Allocation Failure) 292M->19M(989M) 34.929ms
[489.673s][info][gc,cpu         ] GC(1620) User=0.03s Sys=0.00s Real=0.02s
[489.941s][info][gc,start       ] GC(1621) Pause Young (Allocation Failure)
[489.976s][info][gc,heap        ] GC(1621) DefNew: 281371K(314560K)->1798K(314560K) Eden: 279616K(279616K)->0K(279616K) From: 1755K(34944K)->1798K(34944K)
[489.976s][info][gc,heap        ] GC(1621) Tenured: 17795K(699072K)->17795K(699072K)
[489.976s][info][gc,metaspace   ] GC(1621) Metaspace: 14280K(15104K)->14280K(15104K) NonClass: 12337K(12864K)->12337K(12864K) Class: 1943K(2240K)->1943K(2240K)
[489.976s][info][gc             ] GC(1621) Pause Young (Allocation Failure) 292M->19M(989M) 35.076ms
[489.976s][info][gc,cpu         ] GC(1621) User=0.02s Sys=0.00s Real=0.03s
[490.242s][info][gc,start       ] GC(1622) Pause Young (Allocation Failure)
[490.278s][info][gc,heap        ] GC(1622) DefNew: 281414K(314560K)->1841K(314560K) Eden: 279616K(279616K)->0K(279616K) From: 1798K(34944K)->1841K(34944K)
[490.278s][info][gc,heap        ] GC(1622) Tenured: 17795K(699072K)->17795K(699072K)
[490.278s][info][gc,metaspace   ] GC(1622) Metaspace: 14280K(15104K)->14280K(15104K) NonClass: 12337K(12864K)->12337K(12864K) Class: 1943K(2240K)->1943K(2240K)
[490.278s][info][gc             ] GC(1622) Pause Young (Allocation Failure) 292M->19M(989M) 36.009ms
[490.278s][info][gc,cpu         ] GC(1622) User=0.03s Sys=0.00s Real=0.03s
[490.555s][info][gc,start       ] GC(1623) Pause Young (Allocation Failure)
[490.603s][info][gc,heap        ] GC(1623) DefNew: 281457K(314560K)->1887K(314560K) Eden: 279616K(279616K)->0K(279616K) From: 1841K(34944K)->1887K(34944K)
[490.603s][info][gc,heap        ] GC(1623) Tenured: 17795K(699072K)->17795K(699072K)
[490.603s][info][gc,metaspace   ] GC(1623) Metaspace: 14280K(15104K)->14280K(15104K) NonClass: 12337K(12864K)->12337K(12864K) Class: 1943K(2240K)->1943K(2240K)
[490.603s][info][gc             ] GC(1623) Pause Young (Allocation Failure) 292M->19M(989M) 48.516ms
[490.603s][info][gc,cpu         ] GC(1623) User=0.05s Sys=0.00s Real=0.05s
[490.861s][info][gc,start       ] GC(1624) Pause Young (Allocation Failure)
[490.908s][info][gc,heap        ] GC(1624) DefNew: 281503K(314560K)->1923K(314560K) Eden: 279616K(279616K)->0K(279616K) From: 1887K(34944K)->1923K(34944K)
[490.908s][info][gc,heap        ] GC(1624) Tenured: 17795K(699072K)->17795K(699072K)
[490.908s][info][gc,metaspace   ] GC(1624) Metaspace: 14280K(15104K)->14280K(15104K) NonClass: 12337K(12864K)->12337K(12864K) Class: 1943K(2240K)->1943K(2240K)
[490.908s][info][gc             ] GC(1624) Pause Young (Allocation Failure) 292M->19M(989M) 47.102ms
[490.908s][info][gc,cpu         ] GC(1624) User=0.03s Sys=0.00s Real=0.04s
[491.190s][info][gc,start       ] GC(1625) Pause Young (Allocation Failure)
[491.232s][info][gc,heap        ] GC(1625) DefNew: 281539K(314560K)->1967K(314560K) Eden: 279616K(279616K)->0K(279616K) From: 1923K(34944K)->1967K(34944K)
[491.232s][info][gc,heap        ] GC(1625) Tenured: 17795K(699072K)->17795K(699072K)
[491.232s][info][gc,metaspace   ] GC(1625) Metaspace: 14280K(15104K)->14280K(15104K) NonClass: 12337K(12864K)->12337K(12864K) Class: 1943K(2240K)->1943K(2240K)
[491.232s][info][gc             ] GC(1625) Pause Young (Allocation Failure) 292M->19M(989M) 42.195ms
[491.233s][info][gc,cpu         ] GC(1625) User=0.03s Sys=0.00s Real=0.04s
[491.497s][info][gc,start       ] GC(1626) Pause Young (Allocation Failure)
[491.530s][info][gc,heap        ] GC(1626) DefNew: 281583K(314560K)->2008K(314560K) Eden: 279616K(279616K)->0K(279616K) From: 1967K(34944K)->2008K(34944K)
[491.530s][info][gc,heap        ] GC(1626) Tenured: 17795K(699072K)->17795K(699072K)
[491.530s][info][gc,metaspace   ] GC(1626) Metaspace: 14280K(15104K)->14280K(15104K) NonClass: 12337K(12864K)->12337K(12864K) Class: 1943K(2240K)->1943K(2240K)
[491.530s][info][gc             ] GC(1626) Pause Young (Allocation Failure) 292M->19M(989M) 32.215ms
[491.530s][info][gc,cpu         ] GC(1626) User=0.03s Sys=0.00s Real=0.03s
[491.795s][info][gc,start       ] GC(1627) Pause Young (Allocation Failure)
[491.828s][info][gc,heap        ] GC(1627) DefNew: 281624K(314560K)->2050K(314560K) Eden: 279616K(279616K)->0K(279616K) From: 2008K(34944K)->2050K(34944K)
[491.828s][info][gc,heap        ] GC(1627) Tenured: 17795K(699072K)->17795K(699072K)
[491.828s][info][gc,metaspace   ] GC(1627) Metaspace: 14280K(15104K)->14280K(15104K) NonClass: 12337K(12864K)->12337K(12864K) Class: 1943K(2240K)->1943K(2240K)
[491.828s][info][gc             ] GC(1627) Pause Young (Allocation Failure) 292M->19M(989M) 33.018ms
[491.828s][info][gc,cpu         ] GC(1627) User=0.03s Sys=0.00s Real=0.02s
[492.094s][info][gc,start       ] GC(1628) Pause Young (Allocation Failure)
[492.126s][info][gc,heap        ] GC(1628) DefNew: 281666K(314560K)->2091K(314560K) Eden: 279616K(279616K)->0K(279616K) From: 2050K(34944K)->2091K(34944K)
[492.126s][info][gc,heap        ] GC(1628) Tenured: 17795K(699072K)->17795K(699072K)
[492.126s][info][gc,metaspace   ] GC(1628) Metaspace: 14280K(15104K)->14280K(15104K) NonClass: 12337K(12864K)->12337K(12864K) Class: 1943K(2240K)->1943K(2240K)
[492.126s][info][gc             ] GC(1628) Pause Young (Allocation Failure) 292M->19M(989M) 32.560ms
[492.126s][info][gc,cpu         ] GC(1628) User=0.03s Sys=0.00s Real=0.02s
[492.393s][info][gc,start       ] GC(1629) Pause Young (Allocation Failure)
[492.437s][info][gc,heap        ] GC(1629) DefNew: 281707K(314560K)->645K(314560K) Eden: 279615K(279616K)->0K(279616K) From: 2091K(34944K)->645K(34944K)
[492.437s][info][gc,heap        ] GC(1629) Tenured: 17795K(699072K)->19281K(699072K)
[492.437s][info][gc,metaspace   ] GC(1629) Metaspace: 14280K(15104K)->14280K(15104K) NonClass: 12337K(12864K)->12337K(12864K) Class: 1943K(2240K)->1943K(2240K)
[492.437s][info][gc             ] GC(1629) Pause Young (Allocation Failure) 292M->19M(989M) 44.373ms
[492.437s][info][gc,cpu         ] GC(1629) User=0.03s Sys=0.00s Real=0.03s
[492.718s][info][gc,start       ] GC(1630) Pause Young (Allocation Failure)
[492.763s][info][gc,heap        ] GC(1630) DefNew: 280261K(314560K)->646K(314560K) Eden: 279616K(279616K)->0K(279616K) From: 645K(34944K)->646K(34944K)
[492.763s][info][gc,heap        ] GC(1630) Tenured: 19281K(699072K)->19326K(699072K)
[492.763s][info][gc,metaspace   ] GC(1630) Metaspace: 14280K(15104K)->14280K(15104K) NonClass: 12337K(12864K)->12337K(12864K) Class: 1943K(2240K)->1943K(2240K)
[492.763s][info][gc             ] GC(1630) Pause Young (Allocation Failure) 292M->19M(989M) 44.620ms
[492.763s][info][gc,cpu         ] GC(1630) User=0.03s Sys=0.00s Real=0.03s
[493.045s][info][gc,start       ] GC(1631) Pause Young (Allocation Failure)
[493.089s][info][gc,heap        ] GC(1631) DefNew: 280262K(314560K)->647K(314560K) Eden: 279616K(279616K)->0K(279616K) From: 646K(34944K)->647K(34944K)
[493.089s][info][gc,heap        ] GC(1631) Tenured: 19326K(699072K)->19370K(699072K)
[493.089s][info][gc,metaspace   ] GC(1631) Metaspace: 14280K(15104K)->14280K(15104K) NonClass: 12337K(12864K)->12337K(12864K) Class: 1943K(2240K)->1943K(2240K)
[493.089s][info][gc             ] GC(1631) Pause Young (Allocation Failure) 292M->19M(989M) 43.709ms
[493.089s][info][gc,cpu         ] GC(1631) User=0.05s Sys=0.00s Real=0.04s
[493.370s][info][gc,start       ] GC(1632) Pause Young (Allocation Failure)
[493.414s][info][gc,heap        ] GC(1632) DefNew: 280263K(314560K)->648K(314560K) Eden: 279616K(279616K)->0K(279616K) From: 647K(34944K)->648K(34944K)
[493.414s][info][gc,heap        ] GC(1632) Tenured: 19370K(699072K)->19415K(699072K)
[493.414s][info][gc,metaspace   ] GC(1632) Metaspace: 14280K(15104K)->14280K(15104K) NonClass: 12337K(12864K)->12337K(12864K) Class: 1943K(2240K)->1943K(2240K)
[493.414s][info][gc             ] GC(1632) Pause Young (Allocation Failure) 292M->19M(989M) 44.763ms
[493.415s][info][gc,cpu         ] GC(1632) User=0.05s Sys=0.00s Real=0.04s
[493.779s][info][gc,start       ] GC(1633) Pause Young (Allocation Failure)
[493.831s][info][gc,heap        ] GC(1633) DefNew: 280264K(314560K)->648K(314560K) Eden: 279616K(279616K)->0K(279616K) From: 648K(34944K)->648K(34944K)
[493.831s][info][gc,heap        ] GC(1633) Tenured: 19415K(699072K)->19459K(699072K)
[493.831s][info][gc,metaspace   ] GC(1633) Metaspace: 14280K(15104K)->14280K(15104K) NonClass: 12337K(12864K)->12337K(12864K) Class: 1943K(2240K)->1943K(2240K)
[493.831s][info][gc             ] GC(1633) Pause Young (Allocation Failure) 292M->19M(989M) 51.985ms
[493.831s][info][gc,cpu         ] GC(1633) User=0.06s Sys=0.00s Real=0.05s
[494.115s][info][gc,start       ] GC(1634) Pause Young (Allocation Failure)
[494.148s][info][gc,heap        ] GC(1634) DefNew: 280264K(314560K)->648K(314560K) Eden: 279616K(279616K)->0K(279616K) From: 648K(34944K)->648K(34944K)
[494.148s][info][gc,heap        ] GC(1634) Tenured: 19459K(699072K)->19500K(699072K)
[494.148s][info][gc,metaspace   ] GC(1634) Metaspace: 14280K(15104K)->14280K(15104K) NonClass: 12337K(12864K)->12337K(12864K) Class: 1943K(2240K)->1943K(2240K)
[494.148s][info][gc             ] GC(1634) Pause Young (Allocation Failure) 292M->19M(989M) 32.630ms
[494.148s][info][gc,cpu         ] GC(1634) User=0.03s Sys=0.00s Real=0.03s
[494.438s][info][gc,start       ] GC(1635) Pause Young (Allocation Failure)
[494.477s][info][gc,heap        ] GC(1635) DefNew: 280264K(314560K)->652K(314560K) Eden: 279616K(279616K)->0K(279616K) From: 648K(34944K)->652K(34944K)
[494.477s][info][gc,heap        ] GC(1635) Tenured: 19500K(699072K)->19541K(699072K)
[494.477s][info][gc,metaspace   ] GC(1635) Metaspace: 14280K(15104K)->14280K(15104K) NonClass: 12337K(12864K)->12337K(12864K) Class: 1943K(2240K)->1943K(2240K)
[494.477s][info][gc             ] GC(1635) Pause Young (Allocation Failure) 292M->19M(989M) 38.972ms
[494.477s][info][gc,cpu         ] GC(1635) User=0.03s Sys=0.02s Real=0.04s
[494.756s][info][gc,start       ] GC(1636) Pause Young (Allocation Failure)
[494.796s][info][gc,heap        ] GC(1636) DefNew: 280268K(314560K)->654K(314560K) Eden: 279616K(279616K)->0K(279616K) From: 652K(34944K)->654K(34944K)
[494.796s][info][gc,heap        ] GC(1636) Tenured: 19541K(699072K)->19583K(699072K)
[494.796s][info][gc,metaspace   ] GC(1636) Metaspace: 14280K(15104K)->14280K(15104K) NonClass: 12337K(12864K)->12337K(12864K) Class: 1943K(2240K)->1943K(2240K)
[494.796s][info][gc             ] GC(1636) Pause Young (Allocation Failure) 292M->19M(989M) 40.010ms
[494.796s][info][gc,cpu         ] GC(1636) User=0.03s Sys=0.00s Real=0.04s
[495.074s][info][gc,start       ] GC(1637) Pause Young (Allocation Failure)
[495.115s][info][gc,heap        ] GC(1637) DefNew: 280270K(314560K)->654K(314560K) Eden: 279616K(279616K)->0K(279616K) From: 654K(34944K)->654K(34944K)
[495.115s][info][gc,heap        ] GC(1637) Tenured: 19583K(699072K)->19628K(699072K)
[495.115s][info][gc,metaspace   ] GC(1637) Metaspace: 14280K(15104K)->14280K(15104K) NonClass: 12337K(12864K)->12337K(12864K) Class: 1943K(2240K)->1943K(2240K)
[495.115s][info][gc             ] GC(1637) Pause Young (Allocation Failure) 292M->19M(989M) 40.857ms
[495.115s][info][gc,cpu         ] GC(1637) User=0.03s Sys=0.00s Real=0.03s
[495.393s][info][gc,start       ] GC(1638) Pause Young (Allocation Failure)
[495.435s][info][gc,heap        ] GC(1638) DefNew: 280270K(314560K)->655K(314560K) Eden: 279616K(279616K)->0K(279616K) From: 654K(34944K)->655K(34944K)
[495.435s][info][gc,heap        ] GC(1638) Tenured: 19628K(699072K)->19673K(699072K)
[495.435s][info][gc,metaspace   ] GC(1638) Metaspace: 14280K(15104K)->14280K(15104K) NonClass: 12337K(12864K)->12337K(12864K) Class: 1943K(2240K)->1943K(2240K)
[495.435s][info][gc             ] GC(1638) Pause Young (Allocation Failure) 292M->19M(989M) 41.399ms
[495.435s][info][gc,cpu         ] GC(1638) User=0.03s Sys=0.00s Real=0.04s
[495.711s][info][gc,start       ] GC(1639) Pause Young (Allocation Failure)
[495.743s][info][gc,heap        ] GC(1639) DefNew: 280271K(314560K)->660K(314560K) Eden: 279616K(279616K)->0K(279616K) From: 655K(34944K)->660K(34944K)
[495.743s][info][gc,heap        ] GC(1639) Tenured: 19673K(699072K)->19709K(699072K)
[495.743s][info][gc,metaspace   ] GC(1639) Metaspace: 14280K(15104K)->14280K(15104K) NonClass: 12337K(12864K)->12337K(12864K) Class: 1943K(2240K)->1943K(2240K)
[495.743s][info][gc             ] GC(1639) Pause Young (Allocation Failure) 292M->19M(989M) 32.446ms
[495.743s][info][gc,cpu         ] GC(1639) User=0.03s Sys=0.00s Real=0.03s
[496.018s][info][gc,start       ] GC(1640) Pause Young (Allocation Failure)
[496.052s][info][gc,heap        ] GC(1640) DefNew: 280276K(314560K)->660K(314560K) Eden: 279616K(279616K)->0K(279616K) From: 660K(34944K)->660K(34944K)
[496.052s][info][gc,heap        ] GC(1640) Tenured: 19709K(699072K)->19753K(699072K)
[496.052s][info][gc,metaspace   ] GC(1640) Metaspace: 14280K(15104K)->14280K(15104K) NonClass: 12337K(12864K)->12337K(12864K) Class: 1943K(2240K)->1943K(2240K)
[496.052s][info][gc             ] GC(1640) Pause Young (Allocation Failure) 292M->19M(989M) 34.566ms
[496.052s][info][gc,cpu         ] GC(1640) User=0.02s Sys=0.00s Real=0.02s
[496.332s][info][gc,start       ] GC(1641) Pause Young (Allocation Failure)
[496.366s][info][gc,heap        ] GC(1641) DefNew: 280276K(314560K)->664K(314560K) Eden: 279616K(279616K)->0K(279616K) From: 660K(34944K)->664K(34944K)
[496.366s][info][gc,heap        ] GC(1641) Tenured: 19753K(699072K)->19795K(699072K)
[496.366s][info][gc,metaspace   ] GC(1641) Metaspace: 14280K(15104K)->14280K(15104K) NonClass: 12337K(12864K)->12337K(12864K) Class: 1943K(2240K)->1943K(2240K)
[496.366s][info][gc             ] GC(1641) Pause Young (Allocation Failure) 292M->19M(989M) 34.288ms
[496.366s][info][gc,cpu         ] GC(1641) User=0.03s Sys=0.00s Real=0.03s
[496.645s][info][gc,start       ] GC(1642) Pause Young (Allocation Failure)
[496.679s][info][gc,heap        ] GC(1642) DefNew: 280280K(314560K)->666K(314560K) Eden: 279616K(279616K)->0K(279616K) From: 664K(34944K)->666K(34944K)
[496.679s][info][gc,heap        ] GC(1642) Tenured: 19795K(699072K)->19836K(699072K)
[496.679s][info][gc,metaspace   ] GC(1642) Metaspace: 14280K(15104K)->14280K(15104K) NonClass: 12337K(12864K)->12337K(12864K) Class: 1943K(2240K)->1943K(2240K)
[496.679s][info][gc             ] GC(1642) Pause Young (Allocation Failure) 293M->20M(989M) 33.893ms
[496.679s][info][gc,cpu         ] GC(1642) User=0.03s Sys=0.00s Real=0.03s
[496.956s][info][gc,start       ] GC(1643) Pause Young (Allocation Failure)
[497.000s][info][gc,heap        ] GC(1643) DefNew: 280282K(314560K)->670K(314560K) Eden: 279616K(279616K)->0K(279616K) From: 666K(34944K)->670K(34944K)
[497.000s][info][gc,heap        ] GC(1643) Tenured: 19836K(699072K)->19875K(699072K)
[497.000s][info][gc,metaspace   ] GC(1643) Metaspace: 14280K(15104K)->14280K(15104K) NonClass: 12337K(12864K)->12337K(12864K) Class: 1943K(2240K)->1943K(2240K)
[497.000s][info][gc             ] GC(1643) Pause Young (Allocation Failure) 293M->20M(989M) 44.682ms
[497.000s][info][gc,cpu         ] GC(1643) User=0.03s Sys=0.00s Real=0.04s
[497.277s][info][gc,start       ] GC(1644) Pause Young (Allocation Failure)
[497.323s][info][gc,heap        ] GC(1644) DefNew: 280286K(314560K)->674K(314560K) Eden: 279616K(279616K)->0K(279616K) From: 670K(34944K)->674K(34944K)
[497.323s][info][gc,heap        ] GC(1644) Tenured: 19875K(699072K)->19916K(699072K)
[497.323s][info][gc,metaspace   ] GC(1644) Metaspace: 14280K(15104K)->14280K(15104K) NonClass: 12337K(12864K)->12337K(12864K) Class: 1943K(2240K)->1943K(2240K)
[497.323s][info][gc             ] GC(1644) Pause Young (Allocation Failure) 293M->20M(989M) 46.007ms
[497.323s][info][gc,cpu         ] GC(1644) User=0.05s Sys=0.00s Real=0.05s
[497.601s][info][gc,start       ] GC(1645) Pause Young (Allocation Failure)
[497.638s][info][gc,heap        ] GC(1645) DefNew: 280290K(314560K)->672K(314560K) Eden: 279616K(279616K)->0K(279616K) From: 674K(34944K)->672K(34944K)
[497.638s][info][gc,heap        ] GC(1645) Tenured: 19916K(699072K)->19963K(699072K)
[497.638s][info][gc,metaspace   ] GC(1645) Metaspace: 14280K(15104K)->14280K(15104K) NonClass: 12337K(12864K)->12337K(12864K) Class: 1943K(2240K)->1943K(2240K)
[497.638s][info][gc             ] GC(1645) Pause Young (Allocation Failure) 293M->20M(989M) 37.531ms
[497.638s][info][gc,cpu         ] GC(1645) User=0.03s Sys=0.00s Real=0.04s
[497.919s][info][gc,start       ] GC(1646) Pause Young (Allocation Failure)
[497.953s][info][gc,heap        ] GC(1646) DefNew: 280288K(314560K)->669K(314560K) Eden: 279616K(279616K)->0K(279616K) From: 672K(34944K)->669K(34944K)
[497.953s][info][gc,heap        ] GC(1646) Tenured: 19963K(699072K)->20008K(699072K)
[497.953s][info][gc,metaspace   ] GC(1646) Metaspace: 14280K(15104K)->14280K(15104K) NonClass: 12337K(12864K)->12337K(12864K) Class: 1943K(2240K)->1943K(2240K)
[497.953s][info][gc             ] GC(1646) Pause Young (Allocation Failure) 293M->20M(989M) 33.507ms
[497.953s][info][gc,cpu         ] GC(1646) User=0.03s Sys=0.00s Real=0.03s
[498.235s][info][gc,start       ] GC(1647) Pause Young (Allocation Failure)
[498.274s][info][gc,heap        ] GC(1647) DefNew: 280285K(314560K)->667K(314560K) Eden: 279616K(279616K)->0K(279616K) From: 669K(34944K)->667K(34944K)
[498.275s][info][gc,heap        ] GC(1647) Tenured: 20008K(699072K)->20054K(699072K)
[498.275s][info][gc,metaspace   ] GC(1647) Metaspace: 14280K(15104K)->14280K(15104K) NonClass: 12337K(12864K)->12337K(12864K) Class: 1943K(2240K)->1943K(2240K)
[498.275s][info][gc             ] GC(1647) Pause Young (Allocation Failure) 293M->20M(989M) 40.059ms
[498.275s][info][gc,cpu         ] GC(1647) User=0.05s Sys=0.00s Real=0.04s
[498.560s][info][gc,start       ] GC(1648) Pause Young (Allocation Failure)
[498.597s][info][gc,heap        ] GC(1648) DefNew: 280283K(314560K)->663K(314560K) Eden: 279616K(279616K)->0K(279616K) From: 667K(34944K)->663K(34944K)
[498.597s][info][gc,heap        ] GC(1648) Tenured: 20054K(699072K)->20099K(699072K)
[498.597s][info][gc,metaspace   ] GC(1648) Metaspace: 14280K(15104K)->14280K(15104K) NonClass: 12337K(12864K)->12337K(12864K) Class: 1943K(2240K)->1943K(2240K)
[498.598s][info][gc             ] GC(1648) Pause Young (Allocation Failure) 293M->20M(989M) 37.940ms
[498.598s][info][gc,cpu         ] GC(1648) User=0.05s Sys=0.00s Real=0.04s
[498.874s][info][gc,start       ] GC(1649) Pause Young (Allocation Failure)
[498.914s][info][gc,heap        ] GC(1649) DefNew: 280279K(314560K)->668K(314560K) Eden: 279616K(279616K)->0K(279616K) From: 663K(34944K)->668K(34944K)
[498.914s][info][gc,heap        ] GC(1649) Tenured: 20099K(699072K)->20141K(699072K)
[498.914s][info][gc,metaspace   ] GC(1649) Metaspace: 14280K(15104K)->14280K(15104K) NonClass: 12337K(12864K)->12337K(12864K) Class: 1943K(2240K)->1943K(2240K)
[498.914s][info][gc             ] GC(1649) Pause Young (Allocation Failure) 293M->20M(989M) 40.225ms
[498.914s][info][gc,cpu         ] GC(1649) User=0.05s Sys=0.00s Real=0.04s
[499.191s][info][gc,start       ] GC(1650) Pause Young (Allocation Failure)
[499.234s][info][gc,heap        ] GC(1650) DefNew: 280284K(314560K)->665K(314560K) Eden: 279616K(279616K)->0K(279616K) From: 668K(34944K)->665K(34944K)
[499.234s][info][gc,heap        ] GC(1650) Tenured: 20141K(699072K)->20185K(699072K)
[499.234s][info][gc,metaspace   ] GC(1650) Metaspace: 14280K(15104K)->14280K(15104K) NonClass: 12337K(12864K)->12337K(12864K) Class: 1943K(2240K)->1943K(2240K)
[499.234s][info][gc             ] GC(1650) Pause Young (Allocation Failure) 293M->20M(989M) 42.787ms
[499.234s][info][gc,cpu         ] GC(1650) User=0.03s Sys=0.00s Real=0.04s
[499.505s][info][gc,start       ] GC(1651) Pause Young (Allocation Failure)
[499.546s][info][gc,heap        ] GC(1651) DefNew: 280281K(314560K)->659K(314560K) Eden: 279616K(279616K)->0K(279616K) From: 665K(34944K)->659K(34944K)
[499.546s][info][gc,heap        ] GC(1651) Tenured: 20185K(699072K)->20229K(699072K)
[499.546s][info][gc,metaspace   ] GC(1651) Metaspace: 14280K(15104K)->14280K(15104K) NonClass: 12337K(12864K)->12337K(12864K) Class: 1943K(2240K)->1943K(2240K)
[499.546s][info][gc             ] GC(1651) Pause Young (Allocation Failure) 293M->20M(989M) 41.200ms
[499.546s][info][gc,cpu         ] GC(1651) User=0.03s Sys=0.00s Real=0.04s
[499.825s][info][gc,start       ] GC(1652) Pause Young (Allocation Failure)
[499.867s][info][gc,heap        ] GC(1652) DefNew: 280275K(314560K)->659K(314560K) Eden: 279616K(279616K)->0K(279616K) From: 659K(34944K)->659K(34944K)
[499.868s][info][gc,heap        ] GC(1652) Tenured: 20229K(699072K)->20274K(699072K)
[499.869s][info][gc,metaspace   ] GC(1652) Metaspace: 14280K(15104K)->14280K(15104K) NonClass: 12337K(12864K)->12337K(12864K) Class: 1943K(2240K)->1943K(2240K)
[499.869s][info][gc             ] GC(1652) Pause Young (Allocation Failure) 293M->20M(989M) 43.303ms
[499.869s][info][gc,cpu         ] GC(1652) User=0.05s Sys=0.00s Real=0.04s
[500.144s][info][gc,start       ] GC(1653) Pause Young (Allocation Failure)
[500.188s][info][gc,heap        ] GC(1653) DefNew: 280275K(314560K)->654K(314560K) Eden: 279616K(279616K)->0K(279616K) From: 659K(34944K)->654K(34944K)
[500.188s][info][gc,heap        ] GC(1653) Tenured: 20274K(699072K)->20319K(699072K)
[500.188s][info][gc,metaspace   ] GC(1653) Metaspace: 14280K(15104K)->14280K(15104K) NonClass: 12337K(12864K)->12337K(12864K) Class: 1943K(2240K)->1943K(2240K)
[500.188s][info][gc             ] GC(1653) Pause Young (Allocation Failure) 293M->20M(989M) 43.321ms
[500.188s][info][gc,cpu         ] GC(1653) User=0.03s Sys=0.00s Real=0.04s
[500.465s][info][gc,start       ] GC(1654) Pause Young (Allocation Failure)
[500.498s][info][gc,heap        ] GC(1654) DefNew: 280270K(314560K)->653K(314560K) Eden: 279616K(279616K)->0K(279616K) From: 654K(34944K)->653K(34944K)
[500.498s][info][gc,heap        ] GC(1654) Tenured: 20319K(699072K)->20361K(699072K)
[500.498s][info][gc,metaspace   ] GC(1654) Metaspace: 14280K(15104K)->14280K(15104K) NonClass: 12337K(12864K)->12337K(12864K) Class: 1943K(2240K)->1943K(2240K)
[500.498s][info][gc             ] GC(1654) Pause Young (Allocation Failure) 293M->20M(989M) 33.027ms
[500.498s][info][gc,cpu         ] GC(1654) User=0.03s Sys=0.00s Real=0.03s
[500.770s][info][gc,start       ] GC(1655) Pause Young (Allocation Failure)
[500.815s][info][gc,heap        ] GC(1655) DefNew: 280269K(314560K)->650K(314560K) Eden: 279616K(279616K)->0K(279616K) From: 653K(34944K)->650K(34944K)
[500.815s][info][gc,heap        ] GC(1655) Tenured: 20361K(699072K)->20406K(699072K)
[500.815s][info][gc,metaspace   ] GC(1655) Metaspace: 14280K(15104K)->14280K(15104K) NonClass: 12337K(12864K)->12337K(12864K) Class: 1943K(2240K)->1943K(2240K)
[500.815s][info][gc             ] GC(1655) Pause Young (Allocation Failure) 293M->20M(989M) 45.086ms
[500.815s][info][gc,cpu         ] GC(1655) User=0.05s Sys=0.00s Real=0.04s
[501.093s][info][gc,start       ] GC(1656) Pause Young (Allocation Failure)
[501.139s][info][gc,heap        ] GC(1656) DefNew: 280266K(314560K)->650K(314560K) Eden: 279616K(279616K)->0K(279616K) From: 650K(34944K)->650K(34944K)
[501.139s][info][gc,heap        ] GC(1656) Tenured: 20406K(699072K)->20450K(699072K)
[501.139s][info][gc,metaspace   ] GC(1656) Metaspace: 14280K(15104K)->14280K(15104K) NonClass: 12337K(12864K)->12337K(12864K) Class: 1943K(2240K)->1943K(2240K)
[501.139s][info][gc             ] GC(1656) Pause Young (Allocation Failure) 293M->20M(989M) 45.701ms
[501.139s][info][gc,cpu         ] GC(1656) User=0.03s Sys=0.00s Real=0.03s
[501.417s][info][gc,start       ] GC(1657) Pause Young (Allocation Failure)
[501.463s][info][gc,heap        ] GC(1657) DefNew: 280266K(314560K)->650K(314560K) Eden: 279615K(279616K)->0K(279616K) From: 650K(34944K)->650K(34944K)
[501.463s][info][gc,heap        ] GC(1657) Tenured: 20450K(699072K)->20494K(699072K)
[501.463s][info][gc,metaspace   ] GC(1657) Metaspace: 14280K(15104K)->14280K(15104K) NonClass: 12337K(12864K)->12337K(12864K) Class: 1943K(2240K)->1943K(2240K)
[501.463s][info][gc             ] GC(1657) Pause Young (Allocation Failure) 293M->20M(989M) 46.003ms
[501.463s][info][gc,cpu         ] GC(1657) User=0.03s Sys=0.00s Real=0.03s
[501.778s][info][gc,start       ] GC(1658) Pause Young (Allocation Failure)
[501.828s][info][gc,heap        ] GC(1658) DefNew: 280266K(314560K)->647K(314560K) Eden: 279616K(279616K)->0K(279616K) From: 650K(34944K)->647K(34944K)
[501.828s][info][gc,heap        ] GC(1658) Tenured: 20494K(699072K)->20538K(699072K)
[501.828s][info][gc,metaspace   ] GC(1658) Metaspace: 14280K(15104K)->14280K(15104K) NonClass: 12337K(12864K)->12337K(12864K) Class: 1943K(2240K)->1943K(2240K)
[501.828s][info][gc             ] GC(1658) Pause Young (Allocation Failure) 293M->20M(989M) 50.431ms
[501.828s][info][gc,cpu         ] GC(1658) User=0.05s Sys=0.00s Real=0.05s
[502.113s][info][gc,start       ] GC(1659) Pause Young (Allocation Failure)
[502.153s][info][gc,heap        ] GC(1659) DefNew: 280263K(314560K)->647K(314560K) Eden: 279616K(279616K)->0K(279616K) From: 647K(34944K)->647K(34944K)
[502.153s][info][gc,heap        ] GC(1659) Tenured: 20538K(699072K)->20583K(699072K)
[502.153s][info][gc,metaspace   ] GC(1659) Metaspace: 14280K(15104K)->14280K(15104K) NonClass: 12337K(12864K)->12337K(12864K) Class: 1943K(2240K)->1943K(2240K)
[502.153s][info][gc             ] GC(1659) Pause Young (Allocation Failure) 293M->20M(989M) 40.407ms
[502.153s][info][gc,cpu         ] GC(1659) User=0.03s Sys=0.00s Real=0.03s
[502.431s][info][gc,start       ] GC(1660) Pause Young (Allocation Failure)
[502.470s][info][gc,heap        ] GC(1660) DefNew: 280263K(314560K)->646K(314560K) Eden: 279616K(279616K)->0K(279616K) From: 647K(34944K)->646K(34944K)
[502.470s][info][gc,heap        ] GC(1660) Tenured: 20583K(699072K)->20624K(699072K)
[502.470s][info][gc,metaspace   ] GC(1660) Metaspace: 14280K(15104K)->14280K(15104K) NonClass: 12337K(12864K)->12337K(12864K) Class: 1943K(2240K)->1943K(2240K)
[502.470s][info][gc             ] GC(1660) Pause Young (Allocation Failure) 293M->20M(989M) 39.225ms
[502.470s][info][gc,cpu         ] GC(1660) User=0.03s Sys=0.00s Real=0.03s
[502.763s][info][gc,start       ] GC(1661) Pause Young (Allocation Failure)
[502.802s][info][gc,heap        ] GC(1661) DefNew: 280262K(314560K)->648K(314560K) Eden: 279616K(279616K)->0K(279616K) From: 646K(34944K)->648K(34944K)
[502.802s][info][gc,heap        ] GC(1661) Tenured: 20624K(699072K)->20669K(699072K)
[502.802s][info][gc,metaspace   ] GC(1661) Metaspace: 14280K(15104K)->14280K(15104K) NonClass: 12337K(12864K)->12337K(12864K) Class: 1943K(2240K)->1943K(2240K)
[502.802s][info][gc             ] GC(1661) Pause Young (Allocation Failure) 293M->20M(989M) 38.448ms
[502.802s][info][gc,cpu         ] GC(1661) User=0.05s Sys=0.00s Real=0.04s
[503.081s][info][gc,start       ] GC(1662) Pause Young (Allocation Failure)
[503.121s][info][gc,heap        ] GC(1662) DefNew: 280264K(314560K)->649K(314560K) Eden: 279616K(279616K)->0K(279616K) From: 648K(34944K)->649K(34944K)
[503.121s][info][gc,heap        ] GC(1662) Tenured: 20669K(699072K)->20713K(699072K)
[503.121s][info][gc,metaspace   ] GC(1662) Metaspace: 14280K(15104K)->14280K(15104K) NonClass: 12337K(12864K)->12337K(12864K) Class: 1943K(2240K)->1943K(2240K)
[503.121s][info][gc             ] GC(1662) Pause Young (Allocation Failure) 293M->20M(989M) 40.270ms
[503.121s][info][gc,cpu         ] GC(1662) User=0.03s Sys=0.00s Real=0.04s
[503.398s][info][gc,start       ] GC(1663) Pause Young (Allocation Failure)
[503.438s][info][gc,heap        ] GC(1663) DefNew: 280265K(314560K)->648K(314560K) Eden: 279616K(279616K)->0K(279616K) From: 649K(34944K)->648K(34944K)
[503.438s][info][gc,heap        ] GC(1663) Tenured: 20713K(699072K)->20755K(699072K)
[503.438s][info][gc,metaspace   ] GC(1663) Metaspace: 14280K(15104K)->14280K(15104K) NonClass: 12337K(12864K)->12337K(12864K) Class: 1943K(2240K)->1943K(2240K)
[503.438s][info][gc             ] GC(1663) Pause Young (Allocation Failure) 293M->20M(989M) 40.715ms
[503.438s][info][gc,cpu         ] GC(1663) User=0.03s Sys=0.00s Real=0.03s
[503.717s][info][gc,start       ] GC(1664) Pause Young (Allocation Failure)
[503.758s][info][gc,heap        ] GC(1664) DefNew: 280264K(314560K)->647K(314560K) Eden: 279616K(279616K)->0K(279616K) From: 648K(34944K)->647K(34944K)
[503.758s][info][gc,heap        ] GC(1664) Tenured: 20755K(699072K)->20800K(699072K)
[503.758s][info][gc,metaspace   ] GC(1664) Metaspace: 14280K(15104K)->14280K(15104K) NonClass: 12337K(12864K)->12337K(12864K) Class: 1943K(2240K)->1943K(2240K)
[503.758s][info][gc             ] GC(1664) Pause Young (Allocation Failure) 293M->20M(989M) 41.274ms
[503.758s][info][gc,cpu         ] GC(1664) User=0.03s Sys=0.00s Real=0.03s
[504.037s][info][gc,start       ] GC(1665) Pause Young (Allocation Failure)
[504.080s][info][gc,heap        ] GC(1665) DefNew: 280263K(314560K)->648K(314560K) Eden: 279616K(279616K)->0K(279616K) From: 647K(34944K)->648K(34944K)
[504.080s][info][gc,heap        ] GC(1665) Tenured: 20800K(699072K)->20841K(699072K)
[504.080s][info][gc,metaspace   ] GC(1665) Metaspace: 14280K(15104K)->14280K(15104K) NonClass: 12337K(12864K)->12337K(12864K) Class: 1943K(2240K)->1943K(2240K)
[504.080s][info][gc             ] GC(1665) Pause Young (Allocation Failure) 294M->20M(989M) 43.049ms
[504.080s][info][gc,cpu         ] GC(1665) User=0.03s Sys=0.00s Real=0.03s
[504.357s][info][gc,start       ] GC(1666) Pause Young (Allocation Failure)
[504.402s][info][gc,heap        ] GC(1666) DefNew: 280264K(314560K)->653K(314560K) Eden: 279616K(279616K)->0K(279616K) From: 648K(34944K)->653K(34944K)
[504.402s][info][gc,heap        ] GC(1666) Tenured: 20841K(699072K)->20880K(699072K)
[504.402s][info][gc,metaspace   ] GC(1666) Metaspace: 14280K(15104K)->14280K(15104K) NonClass: 12337K(12864K)->12337K(12864K) Class: 1943K(2240K)->1943K(2240K)
[504.402s][info][gc             ] GC(1666) Pause Young (Allocation Failure) 294M->21M(989M) 44.291ms
[504.402s][info][gc,cpu         ] GC(1666) User=0.05s Sys=0.00s Real=0.04s
[504.681s][info][gc,start       ] GC(1667) Pause Young (Allocation Failure)
[504.727s][info][gc,heap        ] GC(1667) DefNew: 280269K(314560K)->652K(314560K) Eden: 279616K(279616K)->0K(279616K) From: 653K(34944K)->652K(34944K)
[504.727s][info][gc,heap        ] GC(1667) Tenured: 20880K(699072K)->20924K(699072K)
[504.727s][info][gc,metaspace   ] GC(1667) Metaspace: 14280K(15104K)->14280K(15104K) NonClass: 12337K(12864K)->12337K(12864K) Class: 1943K(2240K)->1943K(2240K)
[504.727s][info][gc             ] GC(1667) Pause Young (Allocation Failure) 294M->21M(989M) 45.770ms
[504.727s][info][gc,cpu         ] GC(1667) User=0.03s Sys=0.00s Real=0.04s
[505.004s][info][gc,start       ] GC(1668) Pause Young (Allocation Failure)
[505.052s][info][gc,heap        ] GC(1668) DefNew: 280268K(314560K)->654K(314560K) Eden: 279616K(279616K)->0K(279616K) From: 652K(34944K)->654K(34944K)
[505.052s][info][gc,heap        ] GC(1668) Tenured: 20924K(699072K)->20965K(699072K)
[505.052s][info][gc,metaspace   ] GC(1668) Metaspace: 14280K(15104K)->14280K(15104K) NonClass: 12337K(12864K)->12337K(12864K) Class: 1943K(2240K)->1943K(2240K)
[505.053s][info][gc             ] GC(1668) Pause Young (Allocation Failure) 294M->21M(989M) 48.412ms
[505.053s][info][gc,cpu         ] GC(1668) User=0.05s Sys=0.00s Real=0.05s
[505.285s][info][gc,start       ] GC(1669) Pause Young (Allocation Failure)
[505.333s][info][gc,heap        ] GC(1669) DefNew: 280270K(314560K)->648K(314560K) Eden: 279616K(279616K)->0K(279616K) From: 654K(34944K)->648K(34944K)
[505.333s][info][gc,heap        ] GC(1669) Tenured: 20965K(699072K)->21007K(699072K)
[505.333s][info][gc,metaspace   ] GC(1669) Metaspace: 14280K(15104K)->14280K(15104K) NonClass: 12337K(12864K)->12337K(12864K) Class: 1943K(2240K)->1943K(2240K)
[505.333s][info][gc             ] GC(1669) Pause Young (Allocation Failure) 294M->21M(989M) 47.990ms
[505.333s][info][gc,cpu         ] GC(1669) User=0.03s Sys=0.00s Real=0.04s
[505.504s][info][gc,start       ] GC(1670) Pause Young (Allocation Failure)
[505.541s][info][gc,heap        ] GC(1670) DefNew: 280264K(314560K)->633K(314560K) Eden: 279616K(279616K)->0K(279616K) From: 648K(34944K)->633K(34944K)
[505.541s][info][gc,heap        ] GC(1670) Tenured: 21007K(699072K)->21048K(699072K)
[505.541s][info][gc,metaspace   ] GC(1670) Metaspace: 14280K(15104K)->14280K(15104K) NonClass: 12337K(12864K)->12337K(12864K) Class: 1943K(2240K)->1943K(2240K)
[505.541s][info][gc             ] GC(1670) Pause Young (Allocation Failure) 294M->21M(989M) 36.940ms
[505.541s][info][gc,cpu         ] GC(1670) User=0.03s Sys=0.00s Real=0.04s
[505.751s][info][gc,start       ] GC(1671) Pause Young (Allocation Failure)
[505.790s][info][gc,heap        ] GC(1671) DefNew: 280249K(314560K)->624K(314560K) Eden: 279616K(279616K)->0K(279616K) From: 633K(34944K)->624K(34944K)
[505.790s][info][gc,heap        ] GC(1671) Tenured: 21048K(699072K)->21092K(699072K)
[505.790s][info][gc,metaspace   ] GC(1671) Metaspace: 14280K(15104K)->14280K(15104K) NonClass: 12337K(12864K)->12337K(12864K) Class: 1943K(2240K)->1943K(2240K)
[505.790s][info][gc             ] GC(1671) Pause Young (Allocation Failure) 294M->21M(989M) 38.503ms
[505.790s][info][gc,cpu         ] GC(1671) User=0.03s Sys=0.00s Real=0.03s
[506.129s][info][gc,start       ] GC(1672) Pause Young (Allocation Failure)
[506.170s][info][gc,heap        ] GC(1672) DefNew: 280240K(314560K)->635K(314560K) Eden: 279616K(279616K)->0K(279616K) From: 624K(34944K)->635K(34944K)
[506.170s][info][gc,heap        ] GC(1672) Tenured: 21092K(699072K)->21134K(699072K)
[506.170s][info][gc,metaspace   ] GC(1672) Metaspace: 14280K(15104K)->14280K(15104K) NonClass: 12337K(12864K)->12337K(12864K) Class: 1943K(2240K)->1943K(2240K)
[506.170s][info][gc             ] GC(1672) Pause Young (Allocation Failure) 294M->21M(989M) 40.774ms
[506.170s][info][gc,cpu         ] GC(1672) User=0.03s Sys=0.00s Real=0.04s
[506.276s][info][gc,start       ] GC(1673) Pause Full (System.gc())
[506.276s][info][gc,phases,start] GC(1673) Phase 1: Mark live objects
[506.310s][info][gc,phases      ] GC(1673) Phase 1: Mark live objects 34.400ms
[506.310s][info][gc,phases,start] GC(1673) Phase 2: Compute new object addresses
[506.321s][info][gc,phases      ] GC(1673) Phase 2: Compute new object addresses 10.952ms
[506.321s][info][gc,phases,start] GC(1673) Phase 3: Adjust pointers
[506.343s][info][gc,phases      ] GC(1673) Phase 3: Adjust pointers 21.682ms
[506.343s][info][gc,phases,start] GC(1673) Phase 4: Move objects
[506.343s][info][gc,phases      ] GC(1673) Phase 4: Move objects 0.013ms
[506.343s][info][gc,heap        ] GC(1673) DefNew: 40319K(314560K)->0K(314560K) Eden: 39684K(279616K)->0K(279616K) From: 635K(34944K)->0K(34944K)
[506.343s][info][gc,heap        ] GC(1673) Tenured: 21134K(699072K)->5352K(699072K)
[506.343s][info][gc,metaspace   ] GC(1673) Metaspace: 14281K(15104K)->14281K(15104K) NonClass: 12337K(12864K)->12337K(12864K) Class: 1943K(2240K)->1943K(2240K)
[506.343s][info][gc             ] GC(1673) Pause Full (System.gc()) 60M->5M(989M) 67.439ms
[506.343s][info][gc,cpu         ] GC(1673) User=0.06s Sys=0.00s Real=0.06s
[506.565s][info][gc,start       ] GC(1674) Pause Young (Allocation Failure)
[506.604s][info][gc,heap        ] GC(1674) DefNew: 279616K(314560K)->1494K(314560K) Eden: 279616K(279616K)->0K(279616K) From: 0K(34944K)->1494K(34944K)
[506.604s][info][gc,heap        ] GC(1674) Tenured: 5352K(699072K)->5352K(699072K)
[506.604s][info][gc,metaspace   ] GC(1674) Metaspace: 14284K(15104K)->14284K(15104K) NonClass: 12341K(12864K)->12341K(12864K) Class: 1943K(2240K)->1943K(2240K)
[506.604s][info][gc             ] GC(1674) Pause Young (Allocation Failure) 278M->6M(989M) 39.363ms
[506.604s][info][gc,cpu         ] GC(1674) User=0.02s Sys=0.00s Real=0.03s
[506.883s][info][gc,start       ] GC(1675) Pause Young (Allocation Failure)
[506.925s][info][gc,heap        ] GC(1675) DefNew: 281110K(314560K)->1539K(314560K) Eden: 279616K(279616K)->0K(279616K) From: 1494K(34944K)->1539K(34944K)
[506.925s][info][gc,heap        ] GC(1675) Tenured: 5352K(699072K)->5352K(699072K)
[506.925s][info][gc,metaspace   ] GC(1675) Metaspace: 14284K(15104K)->14284K(15104K) NonClass: 12341K(12864K)->12341K(12864K) Class: 1943K(2240K)->1943K(2240K)
[506.925s][info][gc             ] GC(1675) Pause Young (Allocation Failure) 279M->6M(989M) 42.221ms
[506.925s][info][gc,cpu         ] GC(1675) User=0.05s Sys=0.00s Real=0.04s
[507.184s][info][gc,start       ] GC(1676) Pause Young (Allocation Failure)
[507.226s][info][gc,heap        ] GC(1676) DefNew: 281155K(314560K)->1579K(314560K) Eden: 279616K(279616K)->0K(279616K) From: 1539K(34944K)->1579K(34944K)
[507.226s][info][gc,heap        ] GC(1676) Tenured: 5352K(699072K)->5352K(699072K)
[507.226s][info][gc,metaspace   ] GC(1676) Metaspace: 14284K(15104K)->14284K(15104K) NonClass: 12341K(12864K)->12341K(12864K) Class: 1943K(2240K)->1943K(2240K)
[507.226s][info][gc             ] GC(1676) Pause Young (Allocation Failure) 279M->6M(989M) 42.889ms
[507.226s][info][gc,cpu         ] GC(1676) User=0.05s Sys=0.00s Real=0.04s
[507.491s][info][gc,start       ] GC(1677) Pause Young (Allocation Failure)
[507.523s][info][gc,heap        ] GC(1677) DefNew: 281195K(314560K)->1619K(314560K) Eden: 279616K(279616K)->0K(279616K) From: 1579K(34944K)->1619K(34944K)
[507.523s][info][gc,heap        ] GC(1677) Tenured: 5352K(699072K)->5352K(699072K)
[507.523s][info][gc,metaspace   ] GC(1677) Metaspace: 14284K(15104K)->14284K(15104K) NonClass: 12341K(12864K)->12341K(12864K) Class: 1943K(2240K)->1943K(2240K)
[507.523s][info][gc             ] GC(1677) Pause Young (Allocation Failure) 279M->6M(989M) 32.441ms
[507.523s][info][gc,cpu         ] GC(1677) User=0.03s Sys=0.00s Real=0.03s
[507.784s][info][gc,start       ] GC(1678) Pause Young (Allocation Failure)
[507.817s][info][gc,heap        ] GC(1678) DefNew: 281235K(314560K)->1663K(314560K) Eden: 279616K(279616K)->0K(279616K) From: 1619K(34944K)->1663K(34944K)
[507.817s][info][gc,heap        ] GC(1678) Tenured: 5352K(699072K)->5352K(699072K)
[507.817s][info][gc,metaspace   ] GC(1678) Metaspace: 14284K(15104K)->14284K(15104K) NonClass: 12341K(12864K)->12341K(12864K) Class: 1943K(2240K)->1943K(2240K)
[507.817s][info][gc             ] GC(1678) Pause Young (Allocation Failure) 279M->6M(989M) 32.898ms
[507.817s][info][gc,cpu         ] GC(1678) User=0.03s Sys=0.00s Real=0.03s
[508.093s][info][gc,start       ] GC(1679) Pause Young (Allocation Failure)
[508.128s][info][gc,heap        ] GC(1679) DefNew: 281279K(314560K)->1705K(314560K) Eden: 279616K(279616K)->0K(279616K) From: 1663K(34944K)->1705K(34944K)
[508.128s][info][gc,heap        ] GC(1679) Tenured: 5352K(699072K)->5352K(699072K)
[508.128s][info][gc,metaspace   ] GC(1679) Metaspace: 14284K(15104K)->14284K(15104K) NonClass: 12341K(12864K)->12341K(12864K) Class: 1943K(2240K)->1943K(2240K)
[508.128s][info][gc             ] GC(1679) Pause Young (Allocation Failure) 279M->6M(989M) 35.522ms
[508.128s][info][gc,cpu         ] GC(1679) User=0.05s Sys=0.00s Real=0.03s
[508.392s][info][gc,start       ] GC(1680) Pause Young (Allocation Failure)
[508.426s][info][gc,heap        ] GC(1680) DefNew: 281321K(314560K)->1747K(314560K) Eden: 279616K(279616K)->0K(279616K) From: 1705K(34944K)->1747K(34944K)
[508.426s][info][gc,heap        ] GC(1680) Tenured: 5352K(699072K)->5352K(699072K)
[508.426s][info][gc,metaspace   ] GC(1680) Metaspace: 14284K(15104K)->14284K(15104K) NonClass: 12341K(12864K)->12341K(12864K) Class: 1943K(2240K)->1943K(2240K)
[508.426s][info][gc             ] GC(1680) Pause Young (Allocation Failure) 279M->6M(989M) 33.882ms
[508.426s][info][gc,cpu         ] GC(1680) User=0.02s Sys=0.00s Real=0.02s
[508.696s][info][gc,start       ] GC(1681) Pause Young (Allocation Failure)
[508.731s][info][gc,heap        ] GC(1681) DefNew: 281363K(314560K)->1792K(314560K) Eden: 279616K(279616K)->0K(279616K) From: 1747K(34944K)->1792K(34944K)
[508.731s][info][gc,heap        ] GC(1681) Tenured: 5352K(699072K)->5352K(699072K)
[508.731s][info][gc,metaspace   ] GC(1681) Metaspace: 14284K(15104K)->14284K(15104K) NonClass: 12341K(12864K)->12341K(12864K) Class: 1943K(2240K)->1943K(2240K)
[508.732s][info][gc             ] GC(1681) Pause Young (Allocation Failure) 279M->6M(989M) 35.318ms
[508.732s][info][gc,cpu         ] GC(1681) User=0.03s Sys=0.00s Real=0.04s
[509.000s][info][gc,start       ] GC(1682) Pause Young (Allocation Failure)
[509.035s][info][gc,heap        ] GC(1682) DefNew: 281408K(314560K)->1834K(314560K) Eden: 279616K(279616K)->0K(279616K) From: 1792K(34944K)->1834K(34944K)
[509.035s][info][gc,heap        ] GC(1682) Tenured: 5352K(699072K)->5352K(699072K)
[509.035s][info][gc,metaspace   ] GC(1682) Metaspace: 14284K(15104K)->14284K(15104K) NonClass: 12341K(12864K)->12341K(12864K) Class: 1943K(2240K)->1943K(2240K)
[509.035s][info][gc             ] GC(1682) Pause Young (Allocation Failure) 280M->7M(989M) 34.837ms
[509.035s][info][gc,cpu         ] GC(1682) User=0.03s Sys=0.00s Real=0.02s
[509.390s][info][gc,start       ] GC(1683) Pause Young (Allocation Failure)
[509.432s][info][gc,heap        ] GC(1683) DefNew: 281450K(314560K)->1876K(314560K) Eden: 279616K(279616K)->0K(279616K) From: 1834K(34944K)->1876K(34944K)
[509.432s][info][gc,heap        ] GC(1683) Tenured: 5352K(699072K)->5352K(699072K)
[509.432s][info][gc,metaspace   ] GC(1683) Metaspace: 14284K(15104K)->14284K(15104K) NonClass: 12341K(12864K)->12341K(12864K) Class: 1943K(2240K)->1943K(2240K)
[509.432s][info][gc             ] GC(1683) Pause Young (Allocation Failure) 280M->7M(989M) 42.872ms
[509.432s][info][gc,cpu         ] GC(1683) User=0.03s Sys=0.00s Real=0.03s
[509.701s][info][gc,start       ] GC(1684) Pause Young (Allocation Failure)
[509.744s][info][gc,heap        ] GC(1684) DefNew: 281492K(314560K)->1918K(314560K) Eden: 279616K(279616K)->0K(279616K) From: 1876K(34944K)->1918K(34944K)
[509.744s][info][gc,heap        ] GC(1684) Tenured: 5352K(699072K)->5352K(699072K)
[509.744s][info][gc,metaspace   ] GC(1684) Metaspace: 14284K(15104K)->14284K(15104K) NonClass: 12341K(12864K)->12341K(12864K) Class: 1943K(2240K)->1943K(2240K)
[509.744s][info][gc             ] GC(1684) Pause Young (Allocation Failure) 280M->7M(989M) 42.960ms
[509.744s][info][gc,cpu         ] GC(1684) User=0.05s Sys=0.00s Real=0.04s
[510.029s][info][gc,start       ] GC(1685) Pause Young (Allocation Failure)
[510.069s][info][gc,heap        ] GC(1685) DefNew: 281534K(314560K)->1958K(314560K) Eden: 279616K(279616K)->0K(279616K) From: 1918K(34944K)->1958K(34944K)
[510.069s][info][gc,heap        ] GC(1685) Tenured: 5352K(699072K)->5352K(699072K)
[510.069s][info][gc,metaspace   ] GC(1685) Metaspace: 14284K(15104K)->14284K(15104K) NonClass: 12341K(12864K)->12341K(12864K) Class: 1943K(2240K)->1943K(2240K)
[510.069s][info][gc             ] GC(1685) Pause Young (Allocation Failure) 280M->7M(989M) 39.926ms
[510.069s][info][gc,cpu         ] GC(1685) User=0.05s Sys=0.00s Real=0.03s
[510.342s][info][gc,start       ] GC(1686) Pause Young (Allocation Failure)
[510.383s][info][gc,heap        ] GC(1686) DefNew: 281574K(314560K)->2002K(314560K) Eden: 279616K(279616K)->0K(279616K) From: 1958K(34944K)->2002K(34944K)
[510.383s][info][gc,heap        ] GC(1686) Tenured: 5352K(699072K)->5352K(699072K)
[510.383s][info][gc,metaspace   ] GC(1686) Metaspace: 14284K(15104K)->14284K(15104K) NonClass: 12341K(12864K)->12341K(12864K) Class: 1943K(2240K)->1943K(2240K)
[510.383s][info][gc             ] GC(1686) Pause Young (Allocation Failure) 280M->7M(989M) 41.206ms
[510.383s][info][gc,cpu         ] GC(1686) User=0.03s Sys=0.00s Real=0.03s
[510.656s][info][gc,start       ] GC(1687) Pause Young (Allocation Failure)
[510.698s][info][gc,heap        ] GC(1687) DefNew: 281618K(314560K)->2047K(314560K) Eden: 279616K(279616K)->0K(279616K) From: 2002K(34944K)->2047K(34944K)
[510.698s][info][gc,heap        ] GC(1687) Tenured: 5352K(699072K)->5352K(699072K)
[510.698s][info][gc,metaspace   ] GC(1687) Metaspace: 14284K(15104K)->14284K(15104K) NonClass: 12341K(12864K)->12341K(12864K) Class: 1943K(2240K)->1943K(2240K)
[510.698s][info][gc             ] GC(1687) Pause Young (Allocation Failure) 280M->7M(989M) 42.233ms
[510.698s][info][gc,cpu         ] GC(1687) User=0.03s Sys=0.00s Real=0.03s
[510.959s][info][gc,start       ] GC(1688) Pause Young (Allocation Failure)
[510.991s][info][gc,heap        ] GC(1688) DefNew: 281663K(314560K)->2088K(314560K) Eden: 279616K(279616K)->0K(279616K) From: 2047K(34944K)->2088K(34944K)
[510.991s][info][gc,heap        ] GC(1688) Tenured: 5352K(699072K)->5352K(699072K)
[510.991s][info][gc,metaspace   ] GC(1688) Metaspace: 14284K(15104K)->14284K(15104K) NonClass: 12341K(12864K)->12341K(12864K) Class: 1943K(2240K)->1943K(2240K)
[510.991s][info][gc             ] GC(1688) Pause Young (Allocation Failure) 280M->7M(989M) 32.155ms
[510.991s][info][gc,cpu         ] GC(1688) User=0.03s Sys=0.00s Real=0.03s
[511.254s][info][gc,start       ] GC(1689) Pause Young (Allocation Failure)
[511.287s][info][gc,heap        ] GC(1689) DefNew: 281704K(314560K)->641K(314560K) Eden: 279616K(279616K)->0K(279616K) From: 2088K(34944K)->641K(34944K)
[511.287s][info][gc,heap        ] GC(1689) Tenured: 5352K(699072K)->6839K(699072K)
[511.287s][info][gc,metaspace   ] GC(1689) Metaspace: 14284K(15104K)->14284K(15104K) NonClass: 12341K(12864K)->12341K(12864K) Class: 1943K(2240K)->1943K(2240K)
[511.287s][info][gc             ] GC(1689) Pause Young (Allocation Failure) 280M->7M(989M) 32.962ms
[511.287s][info][gc,cpu         ] GC(1689) User=0.03s Sys=0.00s Real=0.03s
[511.561s][info][gc,start       ] GC(1690) Pause Young (Allocation Failure)
[511.604s][info][gc,heap        ] GC(1690) DefNew: 280257K(314560K)->641K(314560K) Eden: 279616K(279616K)->0K(279616K) From: 641K(34944K)->641K(34944K)
[511.604s][info][gc,heap        ] GC(1690) Tenured: 6839K(699072K)->6883K(699072K)
[511.604s][info][gc,metaspace   ] GC(1690) Metaspace: 14284K(15104K)->14284K(15104K) NonClass: 12341K(12864K)->12341K(12864K) Class: 1943K(2240K)->1943K(2240K)
[511.604s][info][gc             ] GC(1690) Pause Young (Allocation Failure) 280M->7M(989M) 42.800ms
[511.604s][info][gc,cpu         ] GC(1690) User=0.03s Sys=0.00s Real=0.03s
[511.878s][info][gc,start       ] GC(1691) Pause Young (Allocation Failure)
[511.920s][info][gc,heap        ] GC(1691) DefNew: 280257K(314560K)->645K(314560K) Eden: 279616K(279616K)->0K(279616K) From: 641K(34944K)->645K(34944K)
[511.920s][info][gc,heap        ] GC(1691) Tenured: 6883K(699072K)->6921K(699072K)
[511.920s][info][gc,metaspace   ] GC(1691) Metaspace: 14284K(15104K)->14284K(15104K) NonClass: 12341K(12864K)->12341K(12864K) Class: 1943K(2240K)->1943K(2240K)
[511.920s][info][gc             ] GC(1691) Pause Young (Allocation Failure) 280M->7M(989M) 42.702ms
[511.920s][info][gc,cpu         ] GC(1691) User=0.03s Sys=0.00s Real=0.03s
[512.200s][info][gc,start       ] GC(1692) Pause Young (Allocation Failure)
[512.245s][info][gc,heap        ] GC(1692) DefNew: 280261K(314560K)->649K(314560K) Eden: 279616K(279616K)->0K(279616K) From: 645K(34944K)->649K(34944K)
[512.245s][info][gc,heap        ] GC(1692) Tenured: 6921K(699072K)->6963K(699072K)
[512.245s][info][gc,metaspace   ] GC(1692) Metaspace: 14284K(15104K)->14284K(15104K) NonClass: 12341K(12864K)->12341K(12864K) Class: 1943K(2240K)->1943K(2240K)
[512.245s][info][gc             ] GC(1692) Pause Young (Allocation Failure) 280M->7M(989M) 45.446ms
[512.245s][info][gc,cpu         ] GC(1692) User=0.03s Sys=0.00s Real=0.03s
[512.525s][info][gc,start       ] GC(1693) Pause Young (Allocation Failure)
[512.571s][info][gc,heap        ] GC(1693) DefNew: 280265K(314560K)->652K(314560K) Eden: 279616K(279616K)->0K(279616K) From: 649K(34944K)->652K(34944K)
[512.571s][info][gc,heap        ] GC(1693) Tenured: 6963K(699072K)->7004K(699072K)
[512.571s][info][gc,metaspace   ] GC(1693) Metaspace: 14284K(15104K)->14284K(15104K) NonClass: 12341K(12864K)->12341K(12864K) Class: 1943K(2240K)->1943K(2240K)
[512.571s][info][gc             ] GC(1693) Pause Young (Allocation Failure) 280M->7M(989M) 45.825ms
[512.571s][info][gc,cpu         ] GC(1693) User=0.03s Sys=0.00s Real=0.04s
[512.849s][info][gc,start       ] GC(1694) Pause Young (Allocation Failure)
[512.896s][info][gc,heap        ] GC(1694) DefNew: 280268K(314560K)->650K(314560K) Eden: 279616K(279616K)->0K(279616K) From: 652K(34944K)->650K(34944K)
[512.896s][info][gc,heap        ] GC(1694) Tenured: 7004K(699072K)->7048K(699072K)
[512.896s][info][gc,metaspace   ] GC(1694) Metaspace: 14284K(15104K)->14284K(15104K) NonClass: 12341K(12864K)->12341K(12864K) Class: 1943K(2240K)->1943K(2240K)
[512.896s][info][gc             ] GC(1694) Pause Young (Allocation Failure) 280M->7M(989M) 46.834ms
[512.896s][info][gc,cpu         ] GC(1694) User=0.05s Sys=0.00s Real=0.05s
[513.171s][info][gc,start       ] GC(1695) Pause Young (Allocation Failure)
[513.218s][info][gc,heap        ] GC(1695) DefNew: 280266K(314560K)->648K(314560K) Eden: 279616K(279616K)->0K(279616K) From: 650K(34944K)->648K(34944K)
[513.218s][info][gc,heap        ] GC(1695) Tenured: 7048K(699072K)->7090K(699072K)
[513.218s][info][gc,metaspace   ] GC(1695) Metaspace: 14284K(15104K)->14284K(15104K) NonClass: 12341K(12864K)->12341K(12864K) Class: 1943K(2240K)->1943K(2240K)
[513.218s][info][gc             ] GC(1695) Pause Young (Allocation Failure) 280M->7M(989M) 46.835ms
[513.218s][info][gc,cpu         ] GC(1695) User=0.05s Sys=0.00s Real=0.04s
[513.493s][info][gc,start       ] GC(1696) Pause Young (Allocation Failure)
[513.540s][info][gc,heap        ] GC(1696) DefNew: 280264K(314560K)->647K(314560K) Eden: 279616K(279616K)->0K(279616K) From: 648K(34944K)->647K(34944K)
[513.540s][info][gc,heap        ] GC(1696) Tenured: 7090K(699072K)->7135K(699072K)
[513.540s][info][gc,metaspace   ] GC(1696) Metaspace: 14284K(15104K)->14284K(15104K) NonClass: 12341K(12864K)->12341K(12864K) Class: 1943K(2240K)->1943K(2240K)
[513.540s][info][gc             ] GC(1696) Pause Young (Allocation Failure) 280M->7M(989M) 46.824ms
[513.540s][info][gc,cpu         ] GC(1696) User=0.05s Sys=0.00s Real=0.05s
[513.822s][info][gc,start       ] GC(1697) Pause Young (Allocation Failure)
[513.854s][info][gc,heap        ] GC(1697) DefNew: 280263K(314560K)->647K(314560K) Eden: 279616K(279616K)->0K(279616K) From: 647K(34944K)->647K(34944K)
[513.854s][info][gc,heap        ] GC(1697) Tenured: 7135K(699072K)->7176K(699072K)
[513.854s][info][gc,metaspace   ] GC(1697) Metaspace: 14284K(15104K)->14284K(15104K) NonClass: 12341K(12864K)->12341K(12864K) Class: 1943K(2240K)->1943K(2240K)
[513.854s][info][gc             ] GC(1697) Pause Young (Allocation Failure) 280M->7M(989M) 31.866ms
[513.854s][info][gc,cpu         ] GC(1697) User=0.02s Sys=0.00s Real=0.02s
[514.138s][info][gc,start       ] GC(1698) Pause Young (Allocation Failure)
[514.169s][info][gc,heap        ] GC(1698) DefNew: 280263K(314560K)->647K(314560K) Eden: 279616K(279616K)->0K(279616K) From: 647K(34944K)->647K(34944K)
[514.169s][info][gc,heap        ] GC(1698) Tenured: 7176K(699072K)->7218K(699072K)
[514.169s][info][gc,metaspace   ] GC(1698) Metaspace: 14284K(15104K)->14284K(15104K) NonClass: 12341K(12864K)->12341K(12864K) Class: 1943K(2240K)->1943K(2240K)
[514.169s][info][gc             ] GC(1698) Pause Young (Allocation Failure) 280M->7M(989M) 30.568ms
[514.169s][info][gc,cpu         ] GC(1698) User=0.03s Sys=0.00s Real=0.03s
[514.444s][info][gc,start       ] GC(1699) Pause Young (Allocation Failure)
[514.475s][info][gc,heap        ] GC(1699) DefNew: 280263K(314560K)->647K(314560K) Eden: 279616K(279616K)->0K(279616K) From: 647K(34944K)->647K(34944K)
[514.475s][info][gc,heap        ] GC(1699) Tenured: 7218K(699072K)->7260K(699072K)
[514.475s][info][gc,metaspace   ] GC(1699) Metaspace: 14284K(15104K)->14284K(15104K) NonClass: 12341K(12864K)->12341K(12864K) Class: 1943K(2240K)->1943K(2240K)
[514.475s][info][gc             ] GC(1699) Pause Young (Allocation Failure) 280M->7M(989M) 31.583ms
[514.475s][info][gc,cpu         ] GC(1699) User=0.03s Sys=0.00s Real=0.03s
[514.750s][info][gc,start       ] GC(1700) Pause Young (Allocation Failure)
[514.782s][info][gc,heap        ] GC(1700) DefNew: 280263K(314560K)->649K(314560K) Eden: 279616K(279616K)->0K(279616K) From: 647K(34944K)->649K(34944K)
[514.782s][info][gc,heap        ] GC(1700) Tenured: 7260K(699072K)->7302K(699072K)
[514.782s][info][gc,metaspace   ] GC(1700) Metaspace: 14284K(15104K)->14284K(15104K) NonClass: 12341K(12864K)->12341K(12864K) Class: 1943K(2240K)->1943K(2240K)
[514.782s][info][gc             ] GC(1700) Pause Young (Allocation Failure) 280M->7M(989M) 32.125ms
[514.782s][info][gc,cpu         ] GC(1700) User=0.03s Sys=0.00s Real=0.03s
[515.058s][info][gc,start       ] GC(1701) Pause Young (Allocation Failure)
[515.100s][info][gc,heap        ] GC(1701) DefNew: 280265K(314560K)->648K(314560K) Eden: 279616K(279616K)->0K(279616K) From: 649K(34944K)->648K(34944K)
[515.100s][info][gc,heap        ] GC(1701) Tenured: 7302K(699072K)->7346K(699072K)
[515.100s][info][gc,metaspace   ] GC(1701) Metaspace: 14284K(15104K)->14284K(15104K) NonClass: 12341K(12864K)->12341K(12864K) Class: 1943K(2240K)->1943K(2240K)
[515.100s][info][gc             ] GC(1701) Pause Young (Allocation Failure) 280M->7M(989M) 42.041ms
[515.100s][info][gc,cpu         ] GC(1701) User=0.05s Sys=0.00s Real=0.04s
[515.375s][info][gc,start       ] GC(1702) Pause Young (Allocation Failure)
[515.418s][info][gc,heap        ] GC(1702) DefNew: 280264K(314560K)->649K(314560K) Eden: 279616K(279616K)->0K(279616K) From: 648K(34944K)->649K(34944K)
[515.418s][info][gc,heap        ] GC(1702) Tenured: 7346K(699072K)->7388K(699072K)
[515.418s][info][gc,metaspace   ] GC(1702) Metaspace: 14284K(15104K)->14284K(15104K) NonClass: 12341K(12864K)->12341K(12864K) Class: 1943K(2240K)->1943K(2240K)
[515.418s][info][gc             ] GC(1702) Pause Young (Allocation Failure) 280M->7M(989M) 42.830ms
[515.418s][info][gc,cpu         ] GC(1702) User=0.03s Sys=0.00s Real=0.03s
[515.695s][info][gc,start       ] GC(1703) Pause Young (Allocation Failure)
[515.738s][info][gc,heap        ] GC(1703) DefNew: 280265K(314560K)->649K(314560K) Eden: 279616K(279616K)->0K(279616K) From: 649K(34944K)->649K(34944K)
[515.738s][info][gc,heap        ] GC(1703) Tenured: 7388K(699072K)->7429K(699072K)
[515.738s][info][gc,metaspace   ] GC(1703) Metaspace: 14284K(15104K)->14284K(15104K) NonClass: 12341K(12864K)->12341K(12864K) Class: 1943K(2240K)->1943K(2240K)
[515.738s][info][gc             ] GC(1703) Pause Young (Allocation Failure) 280M->7M(989M) 42.983ms
[515.738s][info][gc,cpu         ] GC(1703) User=0.03s Sys=0.00s Real=0.03s
[516.015s][info][gc,start       ] GC(1704) Pause Young (Allocation Failure)
[516.059s][info][gc,heap        ] GC(1704) DefNew: 280265K(314560K)->652K(314560K) Eden: 279616K(279616K)->0K(279616K) From: 649K(34944K)->652K(34944K)
[516.059s][info][gc,heap        ] GC(1704) Tenured: 7429K(699072K)->7471K(699072K)
[516.059s][info][gc,metaspace   ] GC(1704) Metaspace: 14284K(15104K)->14284K(15104K) NonClass: 12341K(12864K)->12341K(12864K) Class: 1943K(2240K)->1943K(2240K)
[516.059s][info][gc             ] GC(1704) Pause Young (Allocation Failure) 280M->7M(989M) 44.388ms
[516.059s][info][gc,cpu         ] GC(1704) User=0.05s Sys=0.00s Real=0.04s
[516.336s][info][gc,start       ] GC(1705) Pause Young (Allocation Failure)
[516.381s][info][gc,heap        ] GC(1705) DefNew: 280268K(314560K)->653K(314560K) Eden: 279616K(279616K)->0K(279616K) From: 652K(34944K)->653K(34944K)
[516.381s][info][gc,heap        ] GC(1705) Tenured: 7471K(699072K)->7515K(699072K)
[516.381s][info][gc,metaspace   ] GC(1705) Metaspace: 14284K(15104K)->14284K(15104K) NonClass: 12341K(12864K)->12341K(12864K) Class: 1943K(2240K)->1943K(2240K)
[516.381s][info][gc             ] GC(1705) Pause Young (Allocation Failure) 280M->7M(989M) 45.598ms
[516.381s][info][gc,cpu         ] GC(1705) User=0.03s Sys=0.00s Real=0.03s
[516.658s][info][gc,start       ] GC(1706) Pause Young (Allocation Failure)
[516.704s][info][gc,heap        ] GC(1706) DefNew: 280269K(314560K)->656K(314560K) Eden: 279616K(279616K)->0K(279616K) From: 653K(34944K)->656K(34944K)
[516.704s][info][gc,heap        ] GC(1706) Tenured: 7515K(699072K)->7557K(699072K)
[516.704s][info][gc,metaspace   ] GC(1706) Metaspace: 14284K(15104K)->14284K(15104K) NonClass: 12341K(12864K)->12341K(12864K) Class: 1943K(2240K)->1943K(2240K)
[516.704s][info][gc             ] GC(1706) Pause Young (Allocation Failure) 281M->8M(989M) 46.134ms
[516.704s][info][gc,cpu         ] GC(1706) User=0.03s Sys=0.00s Real=0.04s
[516.981s][info][gc,start       ] GC(1707) Pause Young (Allocation Failure)
[517.027s][info][gc,heap        ] GC(1707) DefNew: 280272K(314560K)->653K(314560K) Eden: 279616K(279616K)->0K(279616K) From: 656K(34944K)->653K(34944K)
[517.027s][info][gc,heap        ] GC(1707) Tenured: 7557K(699072K)->7603K(699072K)
[517.027s][info][gc,metaspace   ] GC(1707) Metaspace: 14284K(15104K)->14284K(15104K) NonClass: 12341K(12864K)->12341K(12864K) Class: 1943K(2240K)->1943K(2240K)
[517.027s][info][gc             ] GC(1707) Pause Young (Allocation Failure) 281M->8M(989M) 46.668ms
[517.027s][info][gc,cpu         ] GC(1707) User=0.05s Sys=0.00s Real=0.04s
[517.373s][info][gc,start       ] GC(1708) Pause Young (Allocation Failure)
[517.415s][info][gc,heap        ] GC(1708) DefNew: 280269K(314560K)->650K(314560K) Eden: 279616K(279616K)->0K(279616K) From: 653K(34944K)->650K(34944K)
[517.415s][info][gc,heap        ] GC(1708) Tenured: 7603K(699072K)->7648K(699072K)
[517.415s][info][gc,metaspace   ] GC(1708) Metaspace: 14284K(15104K)->14284K(15104K) NonClass: 12341K(12864K)->12341K(12864K) Class: 1943K(2240K)->1943K(2240K)
[517.416s][info][gc             ] GC(1708) Pause Young (Allocation Failure) 281M->8M(989M) 42.683ms
[517.416s][info][gc,cpu         ] GC(1708) User=0.05s Sys=0.00s Real=0.04s
[517.697s][info][gc,start       ] GC(1709) Pause Young (Allocation Failure)
[517.739s][info][gc,heap        ] GC(1709) DefNew: 280266K(314560K)->655K(314560K) Eden: 279616K(279616K)->0K(279616K) From: 650K(34944K)->655K(34944K)
[517.739s][info][gc,heap        ] GC(1709) Tenured: 7648K(699072K)->7689K(699072K)
[517.739s][info][gc,metaspace   ] GC(1709) Metaspace: 14284K(15104K)->14284K(15104K) NonClass: 12341K(12864K)->12341K(12864K) Class: 1943K(2240K)->1943K(2240K)
[517.739s][info][gc             ] GC(1709) Pause Young (Allocation Failure) 281M->8M(989M) 41.985ms
[517.739s][info][gc,cpu         ] GC(1709) User=0.05s Sys=0.00s Real=0.04s
[518.026s][info][gc,start       ] GC(1710) Pause Young (Allocation Failure)
[518.065s][info][gc,heap        ] GC(1710) DefNew: 280271K(314560K)->655K(314560K) Eden: 279616K(279616K)->0K(279616K) From: 655K(34944K)->655K(34944K)
[518.065s][info][gc,heap        ] GC(1710) Tenured: 7689K(699072K)->7730K(699072K)
[518.065s][info][gc,metaspace   ] GC(1710) Metaspace: 14284K(15104K)->14284K(15104K) NonClass: 12341K(12864K)->12341K(12864K) Class: 1943K(2240K)->1943K(2240K)
[518.065s][info][gc             ] GC(1710) Pause Young (Allocation Failure) 281M->8M(989M) 38.779ms
[518.065s][info][gc,cpu         ] GC(1710) User=0.05s Sys=0.00s Real=0.04s
[518.340s][info][gc,start       ] GC(1711) Pause Young (Allocation Failure)
[518.380s][info][gc,heap        ] GC(1711) DefNew: 280271K(314560K)->652K(314560K) Eden: 279616K(279616K)->0K(279616K) From: 655K(34944K)->652K(34944K)
[518.380s][info][gc,heap        ] GC(1711) Tenured: 7730K(699072K)->7774K(699072K)
[518.380s][info][gc,metaspace   ] GC(1711) Metaspace: 14284K(15104K)->14284K(15104K) NonClass: 12341K(12864K)->12341K(12864K) Class: 1943K(2240K)->1943K(2240K)
[518.381s][info][gc             ] GC(1711) Pause Young (Allocation Failure) 281M->8M(989M) 40.485ms
[518.381s][info][gc,cpu         ] GC(1711) User=0.03s Sys=0.00s Real=0.03s
[518.653s][info][gc,start       ] GC(1712) Pause Young (Allocation Failure)
[518.695s][info][gc,heap        ] GC(1712) DefNew: 280268K(314560K)->653K(314560K) Eden: 279616K(279616K)->0K(279616K) From: 652K(34944K)->653K(34944K)
[518.695s][info][gc,heap        ] GC(1712) Tenured: 7774K(699072K)->7816K(699072K)
[518.695s][info][gc,metaspace   ] GC(1712) Metaspace: 14284K(15104K)->14284K(15104K) NonClass: 12341K(12864K)->12341K(12864K) Class: 1943K(2240K)->1943K(2240K)
[518.695s][info][gc             ] GC(1712) Pause Young (Allocation Failure) 281M->8M(989M) 41.929ms
[518.695s][info][gc,cpu         ] GC(1712) User=0.05s Sys=0.00s Real=0.04s
[518.968s][info][gc,start       ] GC(1713) Pause Young (Allocation Failure)
[519.010s][info][gc,heap        ] GC(1713) DefNew: 280269K(314560K)->653K(314560K) Eden: 279616K(279616K)->0K(279616K) From: 653K(34944K)->653K(34944K)
[519.010s][info][gc,heap        ] GC(1713) Tenured: 7816K(699072K)->7857K(699072K)
[519.010s][info][gc,metaspace   ] GC(1713) Metaspace: 14284K(15104K)->14284K(15104K) NonClass: 12341K(12864K)->12341K(12864K) Class: 1943K(2240K)->1943K(2240K)
[519.010s][info][gc             ] GC(1713) Pause Young (Allocation Failure) 281M->8M(989M) 41.407ms
[519.010s][info][gc,cpu         ] GC(1713) User=0.05s Sys=0.00s Real=0.04s
[519.286s][info][gc,start       ] GC(1714) Pause Young (Allocation Failure)
[519.341s][info][gc,heap        ] GC(1714) DefNew: 280269K(314560K)->658K(314560K) Eden: 279616K(279616K)->0K(279616K) From: 653K(34944K)->658K(34944K)
[519.341s][info][gc,heap        ] GC(1714) Tenured: 7857K(699072K)->7898K(699072K)
[519.341s][info][gc,metaspace   ] GC(1714) Metaspace: 14284K(15104K)->14284K(15104K) NonClass: 12341K(12864K)->12341K(12864K) Class: 1943K(2240K)->1943K(2240K)
[519.342s][info][gc             ] GC(1714) Pause Young (Allocation Failure) 281M->8M(989M) 55.822ms
[519.342s][info][gc,cpu         ] GC(1714) User=0.03s Sys=0.00s Real=0.06s
[519.620s][info][gc,start       ] GC(1715) Pause Young (Allocation Failure)
[519.662s][info][gc,heap        ] GC(1715) DefNew: 280274K(314560K)->653K(314560K) Eden: 279616K(279616K)->0K(279616K) From: 658K(34944K)->653K(34944K)
[519.662s][info][gc,heap        ] GC(1715) Tenured: 7898K(699072K)->7942K(699072K)
[519.662s][info][gc,metaspace   ] GC(1715) Metaspace: 14284K(15104K)->14284K(15104K) NonClass: 12341K(12864K)->12341K(12864K) Class: 1943K(2240K)->1943K(2240K)
[519.662s][info][gc             ] GC(1715) Pause Young (Allocation Failure) 281M->8M(989M) 42.711ms
[519.662s][info][gc,cpu         ] GC(1715) User=0.03s Sys=0.00s Real=0.03s
[519.940s][info][gc,start       ] GC(1716) Pause Young (Allocation Failure)
[519.984s][info][gc,heap        ] GC(1716) DefNew: 280269K(314560K)->653K(314560K) Eden: 279616K(279616K)->0K(279616K) From: 653K(34944K)->653K(34944K)
[519.984s][info][gc,heap        ] GC(1716) Tenured: 7942K(699072K)->7987K(699072K)
[519.985s][info][gc,metaspace   ] GC(1716) Metaspace: 14284K(15104K)->14284K(15104K) NonClass: 12341K(12864K)->12341K(12864K) Class: 1943K(2240K)->1943K(2240K)
[519.985s][info][gc             ] GC(1716) Pause Young (Allocation Failure) 281M->8M(989M) 44.681ms
[519.985s][info][gc,cpu         ] GC(1716) User=0.03s Sys=0.00s Real=0.05s
[520.260s][info][gc,start       ] GC(1717) Pause Young (Allocation Failure)
[520.305s][info][gc,heap        ] GC(1717) DefNew: 280269K(314560K)->653K(314560K) Eden: 279616K(279616K)->0K(279616K) From: 653K(34944K)->653K(34944K)
[520.305s][info][gc,heap        ] GC(1717) Tenured: 7987K(699072K)->8029K(699072K)
[520.305s][info][gc,metaspace   ] GC(1717) Metaspace: 14284K(15104K)->14284K(15104K) NonClass: 12341K(12864K)->12341K(12864K) Class: 1943K(2240K)->1943K(2240K)
[520.305s][info][gc             ] GC(1717) Pause Young (Allocation Failure) 281M->8M(989M) 44.824ms
[520.305s][info][gc,cpu         ] GC(1717) User=0.05s Sys=0.00s Real=0.04s
[520.584s][info][gc,start       ] GC(1718) Pause Young (Allocation Failure)
[520.630s][info][gc,heap        ] GC(1718) DefNew: 280269K(314560K)->659K(314560K) Eden: 279616K(279616K)->0K(279616K) From: 653K(34944K)->659K(34944K)
[520.630s][info][gc,heap        ] GC(1718) Tenured: 8029K(699072K)->8070K(699072K)
[520.630s][info][gc,metaspace   ] GC(1718) Metaspace: 14284K(15104K)->14284K(15104K) NonClass: 12341K(12864K)->12341K(12864K) Class: 1943K(2240K)->1943K(2240K)
[520.630s][info][gc             ] GC(1718) Pause Young (Allocation Failure) 281M->8M(989M) 46.160ms
[520.630s][info][gc,cpu         ] GC(1718) User=0.03s Sys=0.00s Real=0.03s
[520.907s][info][gc,start       ] GC(1719) Pause Young (Allocation Failure)
[520.952s][info][gc,heap        ] GC(1719) DefNew: 280275K(314560K)->658K(314560K) Eden: 279616K(279616K)->0K(279616K) From: 659K(34944K)->658K(34944K)
[520.953s][info][gc,heap        ] GC(1719) Tenured: 8070K(699072K)->8115K(699072K)
[520.953s][info][gc,metaspace   ] GC(1719) Metaspace: 14284K(15104K)->14284K(15104K) NonClass: 12341K(12864K)->12341K(12864K) Class: 1943K(2240K)->1943K(2240K)
[520.953s][info][gc             ] GC(1719) Pause Young (Allocation Failure) 281M->8M(989M) 45.944ms
[520.953s][info][gc,cpu         ] GC(1719) User=0.05s Sys=0.00s Real=0.05s
[521.321s][info][gc,start       ] GC(1720) Pause Young (Allocation Failure)
[521.372s][info][gc,heap        ] GC(1720) DefNew: 280274K(314560K)->658K(314560K) Eden: 279616K(279616K)->0K(279616K) From: 658K(34944K)->658K(34944K)
[521.372s][info][gc,heap        ] GC(1720) Tenured: 8115K(699072K)->8160K(699072K)
[521.372s][info][gc,metaspace   ] GC(1720) Metaspace: 14284K(15104K)->14284K(15104K) NonClass: 12341K(12864K)->12341K(12864K) Class: 1943K(2240K)->1943K(2240K)
[521.372s][info][gc             ] GC(1720) Pause Young (Allocation Failure) 281M->8M(989M) 51.311ms
[521.372s][info][gc,cpu         ] GC(1720) User=0.05s Sys=0.00s Real=0.05s
[521.652s][info][gc,start       ] GC(1721) Pause Young (Allocation Failure)
[521.692s][info][gc,heap        ] GC(1721) DefNew: 280274K(314560K)->655K(314560K) Eden: 279616K(279616K)->0K(279616K) From: 658K(34944K)->655K(34944K)
[521.692s][info][gc,heap        ] GC(1721) Tenured: 8160K(699072K)->8204K(699072K)
[521.692s][info][gc,metaspace   ] GC(1721) Metaspace: 14284K(15104K)->14284K(15104K) NonClass: 12341K(12864K)->12341K(12864K) Class: 1943K(2240K)->1943K(2240K)
[521.692s][info][gc             ] GC(1721) Pause Young (Allocation Failure) 281M->8M(989M) 40.931ms
[521.693s][info][gc,cpu         ] GC(1721) User=0.03s Sys=0.00s Real=0.03s
[521.986s][info][gc,start       ] GC(1722) Pause Young (Allocation Failure)
[522.024s][info][gc,heap        ] GC(1722) DefNew: 280271K(314560K)->658K(314560K) Eden: 279616K(279616K)->0K(279616K) From: 655K(34944K)->658K(34944K)
[522.024s][info][gc,heap        ] GC(1722) Tenured: 8204K(699072K)->8248K(699072K)
[522.024s][info][gc,metaspace   ] GC(1722) Metaspace: 14284K(15104K)->14284K(15104K) NonClass: 12341K(12864K)->12341K(12864K) Class: 1943K(2240K)->1943K(2240K)
[522.024s][info][gc             ] GC(1722) Pause Young (Allocation Failure) 281M->8M(989M) 37.920ms
[522.024s][info][gc,cpu         ] GC(1722) User=0.03s Sys=0.00s Real=0.03s
[522.304s][info][gc,start       ] GC(1723) Pause Young (Allocation Failure)
[522.335s][info][gc,heap        ] GC(1723) DefNew: 280274K(314560K)->659K(314560K) Eden: 279616K(279616K)->0K(279616K) From: 658K(34944K)->659K(34944K)
[522.335s][info][gc,heap        ] GC(1723) Tenured: 8248K(699072K)->8290K(699072K)
[522.335s][info][gc,metaspace   ] GC(1723) Metaspace: 14284K(15104K)->14284K(15104K) NonClass: 12341K(12864K)->12341K(12864K) Class: 1943K(2240K)->1943K(2240K)
[522.335s][info][gc             ] GC(1723) Pause Young (Allocation Failure) 281M->8M(989M) 31.138ms
[522.335s][info][gc,cpu         ] GC(1723) User=0.03s Sys=0.00s Real=0.03s
[522.609s][info][gc,start       ] GC(1724) Pause Young (Allocation Failure)
[522.640s][info][gc,heap        ] GC(1724) DefNew: 280275K(314560K)->655K(314560K) Eden: 279616K(279616K)->0K(279616K) From: 659K(34944K)->655K(34944K)
[522.640s][info][gc,heap        ] GC(1724) Tenured: 8290K(699072K)->8335K(699072K)
[522.640s][info][gc,metaspace   ] GC(1724) Metaspace: 14284K(15104K)->14284K(15104K) NonClass: 12341K(12864K)->12341K(12864K) Class: 1943K(2240K)->1943K(2240K)
[522.640s][info][gc             ] GC(1724) Pause Young (Allocation Failure) 281M->8M(989M) 31.152ms
[522.640s][info][gc,cpu         ] GC(1724) User=0.03s Sys=0.00s Real=0.02s
[522.912s][info][gc,start       ] GC(1725) Pause Young (Allocation Failure)
[522.944s][info][gc,heap        ] GC(1725) DefNew: 280271K(314560K)->655K(314560K) Eden: 279616K(279616K)->0K(279616K) From: 655K(34944K)->655K(34944K)
[522.944s][info][gc,heap        ] GC(1725) Tenured: 8335K(699072K)->8377K(699072K)
[522.944s][info][gc,metaspace   ] GC(1725) Metaspace: 14284K(15104K)->14284K(15104K) NonClass: 12341K(12864K)->12341K(12864K) Class: 1943K(2240K)->1943K(2240K)
[522.944s][info][gc             ] GC(1725) Pause Young (Allocation Failure) 281M->8M(989M) 32.505ms
[522.944s][info][gc,cpu         ] GC(1725) User=0.02s Sys=0.00s Real=0.02s
[523.216s][info][gc,start       ] GC(1726) Pause Young (Allocation Failure)
[523.258s][info][gc,heap        ] GC(1726) DefNew: 280271K(314560K)->654K(314560K) Eden: 279616K(279616K)->0K(279616K) From: 655K(34944K)->654K(34944K)
[523.258s][info][gc,heap        ] GC(1726) Tenured: 8377K(699072K)->8418K(699072K)
[523.258s][info][gc,metaspace   ] GC(1726) Metaspace: 14284K(15104K)->14284K(15104K) NonClass: 12341K(12864K)->12341K(12864K) Class: 1943K(2240K)->1943K(2240K)
[523.258s][info][gc             ] GC(1726) Pause Young (Allocation Failure) 281M->8M(989M) 42.058ms
[523.258s][info][gc,cpu         ] GC(1726) User=0.05s Sys=0.00s Real=0.04s
[523.536s][info][gc,start       ] GC(1727) Pause Young (Allocation Failure)
[523.580s][info][gc,heap        ] GC(1727) DefNew: 280270K(314560K)->656K(314560K) Eden: 279616K(279616K)->0K(279616K) From: 654K(34944K)->656K(34944K)
[523.581s][info][gc,heap        ] GC(1727) Tenured: 8418K(699072K)->8460K(699072K)
[523.581s][info][gc,metaspace   ] GC(1727) Metaspace: 14284K(15104K)->14284K(15104K) NonClass: 12341K(12864K)->12341K(12864K) Class: 1943K(2240K)->1943K(2240K)
[523.581s][info][gc             ] GC(1727) Pause Young (Allocation Failure) 281M->8M(989M) 44.193ms
[523.581s][info][gc,cpu         ] GC(1727) User=0.03s Sys=0.00s Real=0.04s
[523.860s][info][gc,start       ] GC(1728) Pause Young (Allocation Failure)
[523.897s][info][gc,heap        ] GC(1728) DefNew: 280272K(314560K)->660K(314560K) Eden: 279616K(279616K)->0K(279616K) From: 656K(34944K)->660K(34944K)
[523.897s][info][gc,heap        ] GC(1728) Tenured: 8460K(699072K)->8502K(699072K)
[523.897s][info][gc,metaspace   ] GC(1728) Metaspace: 14284K(15104K)->14284K(15104K) NonClass: 12341K(12864K)->12341K(12864K) Class: 1943K(2240K)->1943K(2240K)
[523.897s][info][gc             ] GC(1728) Pause Young (Allocation Failure) 281M->8M(989M) 36.925ms
[523.897s][info][gc,cpu         ] GC(1728) User=0.03s Sys=0.00s Real=0.04s
[524.169s][info][gc,start       ] GC(1729) Pause Young (Allocation Failure)
[524.205s][info][gc,heap        ] GC(1729) DefNew: 280276K(314560K)->659K(314560K) Eden: 279616K(279616K)->0K(279616K) From: 660K(34944K)->659K(34944K)
[524.205s][info][gc,heap        ] GC(1729) Tenured: 8502K(699072K)->8543K(699072K)
[524.205s][info][gc,metaspace   ] GC(1729) Metaspace: 14284K(15104K)->14284K(15104K) NonClass: 12341K(12864K)->12341K(12864K) Class: 1943K(2240K)->1943K(2240K)
[524.205s][info][gc             ] GC(1729) Pause Young (Allocation Failure) 282M->8M(989M) 36.486ms
[524.205s][info][gc,cpu         ] GC(1729) User=0.05s Sys=0.00s Real=0.04s
[524.442s][info][gc,start       ] GC(1730) Pause Young (Allocation Failure)
[524.479s][info][gc,heap        ] GC(1730) DefNew: 280275K(314560K)->650K(314560K) Eden: 279616K(279616K)->0K(279616K) From: 659K(34944K)->650K(34944K)
[524.479s][info][gc,heap        ] GC(1730) Tenured: 8543K(699072K)->8588K(699072K)
[524.479s][info][gc,metaspace   ] GC(1730) Metaspace: 14284K(15104K)->14284K(15104K) NonClass: 12341K(12864K)->12341K(12864K) Class: 1943K(2240K)->1943K(2240K)
[524.479s][info][gc             ] GC(1730) Pause Young (Allocation Failure) 282M->9M(989M) 36.463ms
[524.479s][info][gc,cpu         ] GC(1730) User=0.03s Sys=0.00s Real=0.04s
[524.649s][info][gc,start       ] GC(1731) Pause Young (Allocation Failure)
[524.683s][info][gc,heap        ] GC(1731) DefNew: 280266K(314560K)->633K(314560K) Eden: 279616K(279616K)->0K(279616K) From: 650K(34944K)->633K(34944K)
[524.683s][info][gc,heap        ] GC(1731) Tenured: 8588K(699072K)->8632K(699072K)
[524.683s][info][gc,metaspace   ] GC(1731) Metaspace: 14284K(15104K)->14284K(15104K) NonClass: 12341K(12864K)->12341K(12864K) Class: 1943K(2240K)->1943K(2240K)
[524.683s][info][gc             ] GC(1731) Pause Young (Allocation Failure) 282M->9M(989M) 33.459ms
[524.683s][info][gc,cpu         ] GC(1731) User=0.02s Sys=0.00s Real=0.02s
[524.967s][info][gc,start       ] GC(1732) Pause Young (Allocation Failure)
[525.008s][info][gc,heap        ] GC(1732) DefNew: 280249K(314560K)->635K(314560K) Eden: 279616K(279616K)->0K(279616K) From: 633K(34944K)->635K(34944K)
[525.008s][info][gc,heap        ] GC(1732) Tenured: 8632K(699072K)->8673K(699072K)
[525.008s][info][gc,metaspace   ] GC(1732) Metaspace: 14284K(15104K)->14284K(15104K) NonClass: 12341K(12864K)->12341K(12864K) Class: 1943K(2240K)->1943K(2240K)
[525.008s][info][gc             ] GC(1732) Pause Young (Allocation Failure) 282M->9M(989M) 40.564ms
[525.008s][info][gc,cpu         ] GC(1732) User=0.03s Sys=0.00s Real=0.03s
[525.201s][info][gc,start       ] GC(1733) Pause Full (System.gc())
[525.201s][info][gc,phases,start] GC(1733) Phase 1: Mark live objects
[525.241s][info][gc,phases      ] GC(1733) Phase 1: Mark live objects 39.229ms
[525.241s][info][gc,phases,start] GC(1733) Phase 2: Compute new object addresses
[525.264s][info][gc,phases      ] GC(1733) Phase 2: Compute new object addresses 23.576ms
[525.264s][info][gc,phases,start] GC(1733) Phase 3: Adjust pointers
[525.289s][info][gc,phases      ] GC(1733) Phase 3: Adjust pointers 24.397ms
[525.289s][info][gc,phases,start] GC(1733) Phase 4: Move objects
[525.289s][info][gc,phases      ] GC(1733) Phase 4: Move objects 0.013ms
[525.289s][info][gc,heap        ] GC(1733) DefNew: 96692K(314560K)->0K(314560K) Eden: 96056K(279616K)->0K(279616K) From: 635K(34944K)->0K(34944K)
[525.289s][info][gc,heap        ] GC(1733) Tenured: 8673K(699072K)->8674K(699072K)
[525.289s][info][gc,metaspace   ] GC(1733) Metaspace: 14284K(15104K)->14284K(15104K) NonClass: 12341K(12864K)->12341K(12864K) Class: 1943K(2240K)->1943K(2240K)
[525.289s][info][gc             ] GC(1733) Pause Full (System.gc()) 102M->8M(989M) 87.625ms
[525.289s][info][gc,cpu         ] GC(1733) User=0.08s Sys=0.00s Real=0.08s
[525.530s][info][gc,start       ] GC(1734) Pause Young (Allocation Failure)
[525.569s][info][gc,heap        ] GC(1734) DefNew: 279616K(314560K)->1498K(314560K) Eden: 279616K(279616K)->0K(279616K) From: 0K(34944K)->1498K(34944K)
[525.569s][info][gc,heap        ] GC(1734) Tenured: 8674K(699072K)->8674K(699072K)
[525.569s][info][gc,metaspace   ] GC(1734) Metaspace: 14284K(15104K)->14284K(15104K) NonClass: 12341K(12864K)->12341K(12864K) Class: 1943K(2240K)->1943K(2240K)
[525.569s][info][gc             ] GC(1734) Pause Young (Allocation Failure) 281M->9M(989M) 38.817ms
[525.569s][info][gc,cpu         ] GC(1734) User=0.05s Sys=0.00s Real=0.04s
[525.826s][info][gc,start       ] GC(1735) Pause Young (Allocation Failure)
[525.866s][info][gc,heap        ] GC(1735) DefNew: 281114K(314560K)->1536K(314560K) Eden: 279616K(279616K)->0K(279616K) From: 1498K(34944K)->1536K(34944K)
[525.866s][info][gc,heap        ] GC(1735) Tenured: 8674K(699072K)->8674K(699072K)
[525.866s][info][gc,metaspace   ] GC(1735) Metaspace: 14284K(15104K)->14284K(15104K) NonClass: 12341K(12864K)->12341K(12864K) Class: 1943K(2240K)->1943K(2240K)
[525.866s][info][gc             ] GC(1735) Pause Young (Allocation Failure) 282M->9M(989M) 39.833ms
[525.866s][info][gc,cpu         ] GC(1735) User=0.03s Sys=0.00s Real=0.03s
[526.141s][info][gc,start       ] GC(1736) Pause Young (Allocation Failure)
[526.182s][info][gc,heap        ] GC(1736) DefNew: 281152K(314560K)->1579K(314560K) Eden: 279616K(279616K)->0K(279616K) From: 1536K(34944K)->1579K(34944K)
[526.182s][info][gc,heap        ] GC(1736) Tenured: 8674K(699072K)->8674K(699072K)
[526.182s][info][gc,metaspace   ] GC(1736) Metaspace: 14284K(15104K)->14284K(15104K) NonClass: 12341K(12864K)->12341K(12864K) Class: 1943K(2240K)->1943K(2240K)
[526.182s][info][gc             ] GC(1736) Pause Young (Allocation Failure) 283M->10M(989M) 40.636ms
[526.182s][info][gc,cpu         ] GC(1736) User=0.03s Sys=0.00s Real=0.03s
[526.452s][info][gc,start       ] GC(1737) Pause Young (Allocation Failure)
[526.494s][info][gc,heap        ] GC(1737) DefNew: 281195K(314560K)->1620K(314560K) Eden: 279616K(279616K)->0K(279616K) From: 1579K(34944K)->1620K(34944K)
[526.494s][info][gc,heap        ] GC(1737) Tenured: 8674K(699072K)->8674K(699072K)
[526.494s][info][gc,metaspace   ] GC(1737) Metaspace: 14284K(15104K)->14284K(15104K) NonClass: 12341K(12864K)->12341K(12864K) Class: 1943K(2240K)->1943K(2240K)
[526.494s][info][gc             ] GC(1737) Pause Young (Allocation Failure) 283M->10M(989M) 41.826ms
[526.494s][info][gc,cpu         ] GC(1737) User=0.05s Sys=0.00s Real=0.03s
[526.760s][info][gc,start       ] GC(1738) Pause Young (Allocation Failure)
[526.802s][info][gc,heap        ] GC(1738) DefNew: 281236K(314560K)->1660K(314560K) Eden: 279616K(279616K)->0K(279616K) From: 1620K(34944K)->1660K(34944K)
[526.802s][info][gc,heap        ] GC(1738) Tenured: 8674K(699072K)->8674K(699072K)
[526.802s][info][gc,metaspace   ] GC(1738) Metaspace: 14284K(15104K)->14284K(15104K) NonClass: 12341K(12864K)->12341K(12864K) Class: 1943K(2240K)->1943K(2240K)
[526.802s][info][gc             ] GC(1738) Pause Young (Allocation Failure) 283M->10M(989M) 41.690ms
[526.802s][info][gc,cpu         ] GC(1738) User=0.03s Sys=0.00s Real=0.04s
[527.068s][info][gc,start       ] GC(1739) Pause Young (Allocation Failure)
[527.111s][info][gc,heap        ] GC(1739) DefNew: 281276K(314560K)->1702K(314560K) Eden: 279616K(279616K)->0K(279616K) From: 1660K(34944K)->1702K(34944K)
[527.111s][info][gc,heap        ] GC(1739) Tenured: 8674K(699072K)->8674K(699072K)
[527.111s][info][gc,metaspace   ] GC(1739) Metaspace: 14284K(15104K)->14284K(15104K) NonClass: 12341K(12864K)->12341K(12864K) Class: 1943K(2240K)->1943K(2240K)
[527.111s][info][gc             ] GC(1739) Pause Young (Allocation Failure) 283M->10M(989M) 42.677ms
[527.111s][info][gc,cpu         ] GC(1739) User=0.03s Sys=0.00s Real=0.04s
[527.378s][info][gc,start       ] GC(1740) Pause Young (Allocation Failure)
[527.423s][info][gc,heap        ] GC(1740) DefNew: 281318K(314560K)->1743K(314560K) Eden: 279616K(279616K)->0K(279616K) From: 1702K(34944K)->1743K(34944K)
[527.423s][info][gc,heap        ] GC(1740) Tenured: 8674K(699072K)->8674K(699072K)
[527.423s][info][gc,metaspace   ] GC(1740) Metaspace: 14284K(15104K)->14284K(15104K) NonClass: 12341K(12864K)->12341K(12864K) Class: 1943K(2240K)->1943K(2240K)
[527.423s][info][gc             ] GC(1740) Pause Young (Allocation Failure) 283M->10M(989M) 45.109ms
[527.423s][info][gc,cpu         ] GC(1740) User=0.03s Sys=0.00s Real=0.03s
[527.686s][info][gc,start       ] GC(1741) Pause Young (Allocation Failure)
[527.720s][info][gc,heap        ] GC(1741) DefNew: 281359K(314560K)->1782K(314560K) Eden: 279616K(279616K)->0K(279616K) From: 1743K(34944K)->1782K(34944K)
[527.720s][info][gc,heap        ] GC(1741) Tenured: 8674K(699072K)->8674K(699072K)
[527.720s][info][gc,metaspace   ] GC(1741) Metaspace: 14284K(15104K)->14284K(15104K) NonClass: 12341K(12864K)->12341K(12864K) Class: 1943K(2240K)->1943K(2240K)
[527.720s][info][gc             ] GC(1741) Pause Young (Allocation Failure) 283M->10M(989M) 33.950ms
[527.720s][info][gc,cpu         ] GC(1741) User=0.05s Sys=0.00s Real=0.03s
[527.990s][info][gc,start       ] GC(1742) Pause Young (Allocation Failure)
[528.036s][info][gc,heap        ] GC(1742) DefNew: 281398K(314560K)->1826K(314560K) Eden: 279616K(279616K)->0K(279616K) From: 1782K(34944K)->1826K(34944K)
[528.036s][info][gc,heap        ] GC(1742) Tenured: 8674K(699072K)->8674K(699072K)
[528.036s][info][gc,metaspace   ] GC(1742) Metaspace: 14284K(15104K)->14284K(15104K) NonClass: 12341K(12864K)->12341K(12864K) Class: 1943K(2240K)->1943K(2240K)
[528.036s][info][gc             ] GC(1742) Pause Young (Allocation Failure) 283M->10M(989M) 45.811ms
[528.036s][info][gc,cpu         ] GC(1742) User=0.03s Sys=0.00s Real=0.04s
[528.303s][info][gc,start       ] GC(1743) Pause Young (Allocation Failure)
[528.350s][info][gc,heap        ] GC(1743) DefNew: 281442K(314560K)->1868K(314560K) Eden: 279616K(279616K)->0K(279616K) From: 1826K(34944K)->1868K(34944K)
[528.350s][info][gc,heap        ] GC(1743) Tenured: 8674K(699072K)->8674K(699072K)
[528.350s][info][gc,metaspace   ] GC(1743) Metaspace: 14284K(15104K)->14284K(15104K) NonClass: 12341K(12864K)->12341K(12864K) Class: 1943K(2240K)->1943K(2240K)
[528.350s][info][gc             ] GC(1743) Pause Young (Allocation Failure) 283M->10M(989M) 46.580ms
[528.350s][info][gc,cpu         ] GC(1743) User=0.03s Sys=0.00s Real=0.03s
[528.610s][info][gc,start       ] GC(1744) Pause Young (Allocation Failure)
[528.657s][info][gc,heap        ] GC(1744) DefNew: 281484K(314560K)->1908K(314560K) Eden: 279616K(279616K)->0K(279616K) From: 1868K(34944K)->1908K(34944K)
[528.657s][info][gc,heap        ] GC(1744) Tenured: 8674K(699072K)->8674K(699072K)
[528.657s][info][gc,metaspace   ] GC(1744) Metaspace: 14284K(15104K)->14284K(15104K) NonClass: 12341K(12864K)->12341K(12864K) Class: 1943K(2240K)->1943K(2240K)
[528.657s][info][gc             ] GC(1744) Pause Young (Allocation Failure) 283M->10M(989M) 47.224ms
[528.657s][info][gc,cpu         ] GC(1744) User=0.03s Sys=0.00s Real=0.03s
[529.020s][info][gc,start       ] GC(1745) Pause Young (Allocation Failure)
[529.075s][info][gc,heap        ] GC(1745) DefNew: 281524K(314560K)->1951K(314560K) Eden: 279616K(279616K)->0K(279616K) From: 1908K(34944K)->1951K(34944K)
[529.075s][info][gc,heap        ] GC(1745) Tenured: 8674K(699072K)->8674K(699072K)
[529.075s][info][gc,metaspace   ] GC(1745) Metaspace: 14284K(15104K)->14284K(15104K) NonClass: 12341K(12864K)->12341K(12864K) Class: 1943K(2240K)->1943K(2240K)
[529.075s][info][gc             ] GC(1745) Pause Young (Allocation Failure) 283M->10M(989M) 55.128ms
[529.075s][info][gc,cpu         ] GC(1745) User=0.05s Sys=0.00s Real=0.06s
[529.341s][info][gc,start       ] GC(1746) Pause Young (Allocation Failure)
[529.383s][info][gc,heap        ] GC(1746) DefNew: 281567K(314560K)->1992K(314560K) Eden: 279616K(279616K)->0K(279616K) From: 1951K(34944K)->1992K(34944K)
[529.383s][info][gc,heap        ] GC(1746) Tenured: 8674K(699072K)->8674K(699072K)
[529.383s][info][gc,metaspace   ] GC(1746) Metaspace: 14284K(15104K)->14284K(15104K) NonClass: 12341K(12864K)->12341K(12864K) Class: 1943K(2240K)->1943K(2240K)
[529.383s][info][gc             ] GC(1746) Pause Young (Allocation Failure) 283M->10M(989M) 41.508ms
[529.383s][info][gc,cpu         ] GC(1746) User=0.05s Sys=0.00s Real=0.04s
[529.654s][info][gc,start       ] GC(1747) Pause Young (Allocation Failure)
[529.695s][info][gc,heap        ] GC(1747) DefNew: 281608K(314560K)->2034K(314560K) Eden: 279616K(279616K)->0K(279616K) From: 1992K(34944K)->2034K(34944K)
[529.695s][info][gc,heap        ] GC(1747) Tenured: 8674K(699072K)->8674K(699072K)
[529.695s][info][gc,metaspace   ] GC(1747) Metaspace: 14284K(15104K)->14284K(15104K) NonClass: 12341K(12864K)->12341K(12864K) Class: 1943K(2240K)->1943K(2240K)
[529.695s][info][gc             ] GC(1747) Pause Young (Allocation Failure) 283M->10M(989M) 40.898ms
[529.695s][info][gc,cpu         ] GC(1747) User=0.05s Sys=0.00s Real=0.04s
[529.979s][info][gc,start       ] GC(1748) Pause Young (Allocation Failure)
[530.018s][info][gc,heap        ] GC(1748) DefNew: 281650K(314560K)->2076K(314560K) Eden: 279616K(279616K)->0K(279616K) From: 2034K(34944K)->2076K(34944K)
[530.018s][info][gc,heap        ] GC(1748) Tenured: 8674K(699072K)->8674K(699072K)
[530.018s][info][gc,metaspace   ] GC(1748) Metaspace: 14284K(15104K)->14284K(15104K) NonClass: 12341K(12864K)->12341K(12864K) Class: 1943K(2240K)->1943K(2240K)
[530.018s][info][gc             ] GC(1748) Pause Young (Allocation Failure) 283M->10M(989M) 39.386ms
[530.018s][info][gc,cpu         ] GC(1748) User=0.03s Sys=0.00s Real=0.03s
[530.287s][info][gc,start       ] GC(1749) Pause Young (Allocation Failure)
[530.328s][info][gc,heap        ] GC(1749) DefNew: 281692K(314560K)->627K(314560K) Eden: 279616K(279616K)->0K(279616K) From: 2076K(34944K)->627K(34944K)
[530.328s][info][gc,heap        ] GC(1749) Tenured: 8674K(699072K)->10164K(699072K)
[530.328s][info][gc,metaspace   ] GC(1749) Metaspace: 14284K(15104K)->14284K(15104K) NonClass: 12341K(12864K)->12341K(12864K) Class: 1943K(2240K)->1943K(2240K)
[530.328s][info][gc             ] GC(1749) Pause Young (Allocation Failure) 283M->10M(989M) 41.832ms
[530.329s][info][gc,cpu         ] GC(1749) User=0.03s Sys=0.00s Real=0.04s
[530.599s][info][gc,start       ] GC(1750) Pause Young (Allocation Failure)
[530.640s][info][gc,heap        ] GC(1750) DefNew: 280243K(314560K)->630K(314560K) Eden: 279616K(279616K)->0K(279616K) From: 627K(34944K)->630K(34944K)
[530.640s][info][gc,heap        ] GC(1750) Tenured: 10164K(699072K)->10202K(699072K)
[530.640s][info][gc,metaspace   ] GC(1750) Metaspace: 14284K(15104K)->14284K(15104K) NonClass: 12341K(12864K)->12341K(12864K) Class: 1943K(2240K)->1943K(2240K)
[530.640s][info][gc             ] GC(1750) Pause Young (Allocation Failure) 283M->10M(989M) 41.401ms
[530.640s][info][gc,cpu         ] GC(1750) User=0.03s Sys=0.00s Real=0.04s
[530.906s][info][gc,start       ] GC(1751) Pause Young (Allocation Failure)
[530.952s][info][gc,heap        ] GC(1751) DefNew: 280246K(314560K)->629K(314560K) Eden: 279616K(279616K)->0K(279616K) From: 630K(34944K)->629K(34944K)
[530.952s][info][gc,heap        ] GC(1751) Tenured: 10202K(699072K)->10243K(699072K)
[530.952s][info][gc,metaspace   ] GC(1751) Metaspace: 14284K(15104K)->14284K(15104K) NonClass: 12341K(12864K)->12341K(12864K) Class: 1943K(2240K)->1943K(2240K)
[530.952s][info][gc             ] GC(1751) Pause Young (Allocation Failure) 283M->10M(989M) 45.991ms
[530.952s][info][gc,cpu         ] GC(1751) User=0.03s Sys=0.00s Real=0.05s
[531.225s][info][gc,start       ] GC(1752) Pause Young (Allocation Failure)
[531.267s][info][gc,heap        ] GC(1752) DefNew: 280245K(314560K)->629K(314560K) Eden: 279616K(279616K)->0K(279616K) From: 629K(34944K)->629K(34944K)
[531.267s][info][gc,heap        ] GC(1752) Tenured: 10243K(699072K)->10285K(699072K)
[531.267s][info][gc,metaspace   ] GC(1752) Metaspace: 14284K(15104K)->14284K(15104K) NonClass: 12341K(12864K)->12341K(12864K) Class: 1943K(2240K)->1943K(2240K)
[531.267s][info][gc             ] GC(1752) Pause Young (Allocation Failure) 283M->10M(989M) 42.223ms
[531.267s][info][gc,cpu         ] GC(1752) User=0.03s Sys=0.00s Real=0.03s
[531.541s][info][gc,start       ] GC(1753) Pause Young (Allocation Failure)
[531.586s][info][gc,heap        ] GC(1753) DefNew: 280245K(314560K)->632K(314560K) Eden: 279616K(279616K)->0K(279616K) From: 629K(34944K)->632K(34944K)
[531.586s][info][gc,heap        ] GC(1753) Tenured: 10285K(699072K)->10326K(699072K)
[531.586s][info][gc,metaspace   ] GC(1753) Metaspace: 14284K(15104K)->14284K(15104K) NonClass: 12341K(12864K)->12341K(12864K) Class: 1943K(2240K)->1943K(2240K)
[531.586s][info][gc             ] GC(1753) Pause Young (Allocation Failure) 283M->10M(989M) 44.998ms
[531.586s][info][gc,cpu         ] GC(1753) User=0.05s Sys=0.00s Real=0.04s
[531.857s][info][gc,start       ] GC(1754) Pause Young (Allocation Failure)
[531.890s][info][gc,heap        ] GC(1754) DefNew: 280248K(314560K)->632K(314560K) Eden: 279616K(279616K)->0K(279616K) From: 632K(34944K)->632K(34944K)
[531.890s][info][gc,heap        ] GC(1754) Tenured: 10326K(699072K)->10367K(699072K)
[531.890s][info][gc,metaspace   ] GC(1754) Metaspace: 14284K(15104K)->14284K(15104K) NonClass: 12341K(12864K)->12341K(12864K) Class: 1943K(2240K)->1943K(2240K)
[531.891s][info][gc             ] GC(1754) Pause Young (Allocation Failure) 283M->10M(989M) 33.832ms
[531.891s][info][gc,cpu         ] GC(1754) User=0.03s Sys=0.00s Real=0.03s
[532.159s][info][gc,start       ] GC(1755) Pause Young (Allocation Failure)
[532.205s][info][gc,heap        ] GC(1755) DefNew: 280248K(314560K)->632K(314560K) Eden: 279616K(279616K)->0K(279616K) From: 632K(34944K)->632K(34944K)
[532.205s][info][gc,heap        ] GC(1755) Tenured: 10367K(699072K)->10409K(699072K)
[532.205s][info][gc,metaspace   ] GC(1755) Metaspace: 14284K(15104K)->14284K(15104K) NonClass: 12341K(12864K)->12341K(12864K) Class: 1943K(2240K)->1943K(2240K)
[532.205s][info][gc             ] GC(1755) Pause Young (Allocation Failure) 283M->10M(989M) 46.126ms
[532.205s][info][gc,cpu         ] GC(1755) User=0.03s Sys=0.00s Real=0.04s
[532.477s][info][gc,start       ] GC(1756) Pause Young (Allocation Failure)
[532.523s][info][gc,heap        ] GC(1756) DefNew: 280248K(314560K)->637K(314560K) Eden: 279616K(279616K)->0K(279616K) From: 632K(34944K)->637K(34944K)
[532.523s][info][gc,heap        ] GC(1756) Tenured: 10409K(699072K)->10447K(699072K)
[532.523s][info][gc,metaspace   ] GC(1756) Metaspace: 14284K(15104K)->14284K(15104K) NonClass: 12341K(12864K)->12341K(12864K) Class: 1943K(2240K)->1943K(2240K)
[532.523s][info][gc             ] GC(1756) Pause Young (Allocation Failure) 283M->10M(989M) 46.654ms
[532.523s][info][gc,cpu         ] GC(1756) User=0.03s Sys=0.00s Real=0.03s
[532.935s][info][gc,start       ] GC(1757) Pause Young (Allocation Failure)
[532.977s][info][gc,heap        ] GC(1757) DefNew: 280253K(314560K)->634K(314560K) Eden: 279616K(279616K)->0K(279616K) From: 637K(34944K)->634K(34944K)
[532.977s][info][gc,heap        ] GC(1757) Tenured: 10447K(699072K)->10492K(699072K)
[532.977s][info][gc,metaspace   ] GC(1757) Metaspace: 14284K(15104K)->14284K(15104K) NonClass: 12341K(12864K)->12341K(12864K) Class: 1943K(2240K)->1943K(2240K)
[532.977s][info][gc             ] GC(1757) Pause Young (Allocation Failure) 283M->10M(989M) 41.808ms
[532.977s][info][gc,cpu         ] GC(1757) User=0.03s Sys=0.00s Real=0.03s
[533.257s][info][gc,start       ] GC(1758) Pause Young (Allocation Failure)
[533.289s][info][gc,heap        ] GC(1758) DefNew: 280250K(314560K)->636K(314560K) Eden: 279616K(279616K)->0K(279616K) From: 634K(34944K)->636K(34944K)
[533.289s][info][gc,heap        ] GC(1758) Tenured: 10492K(699072K)->10533K(699072K)
[533.289s][info][gc,metaspace   ] GC(1758) Metaspace: 14284K(15104K)->14284K(15104K) NonClass: 12341K(12864K)->12341K(12864K) Class: 1943K(2240K)->1943K(2240K)
[533.289s][info][gc             ] GC(1758) Pause Young (Allocation Failure) 283M->10M(989M) 32.555ms
[533.289s][info][gc,cpu         ] GC(1758) User=0.03s Sys=0.00s Real=0.03s
[533.572s][info][gc,start       ] GC(1759) Pause Young (Allocation Failure)
[533.611s][info][gc,heap        ] GC(1759) DefNew: 280252K(314560K)->641K(314560K) Eden: 279616K(279616K)->0K(279616K) From: 636K(34944K)->641K(34944K)
[533.611s][info][gc,heap        ] GC(1759) Tenured: 10533K(699072K)->10572K(699072K)
[533.611s][info][gc,metaspace   ] GC(1759) Metaspace: 14284K(15104K)->14284K(15104K) NonClass: 12341K(12864K)->12341K(12864K) Class: 1943K(2240K)->1943K(2240K)
[533.611s][info][gc             ] GC(1759) Pause Young (Allocation Failure) 283M->10M(989M) 38.990ms
[533.611s][info][gc,cpu         ] GC(1759) User=0.03s Sys=0.00s Real=0.03s
[533.881s][info][gc,start       ] GC(1760) Pause Young (Allocation Failure)
[533.920s][info][gc,heap        ] GC(1760) DefNew: 280257K(314560K)->637K(314560K) Eden: 279616K(279616K)->0K(279616K) From: 641K(34944K)->637K(34944K)
[533.920s][info][gc,heap        ] GC(1760) Tenured: 10572K(699072K)->10616K(699072K)
[533.920s][info][gc,metaspace   ] GC(1760) Metaspace: 14284K(15104K)->14284K(15104K) NonClass: 12341K(12864K)->12341K(12864K) Class: 1943K(2240K)->1943K(2240K)
[533.920s][info][gc             ] GC(1760) Pause Young (Allocation Failure) 284M->10M(989M) 39.513ms
[533.920s][info][gc,cpu         ] GC(1760) User=0.02s Sys=0.00s Real=0.04s
[534.188s][info][gc,start       ] GC(1761) Pause Young (Allocation Failure)
[534.228s][info][gc,heap        ] GC(1761) DefNew: 280253K(314560K)->635K(314560K) Eden: 279616K(279616K)->0K(279616K) From: 637K(34944K)->635K(34944K)
[534.228s][info][gc,heap        ] GC(1761) Tenured: 10616K(699072K)->10657K(699072K)
[534.228s][info][gc,metaspace   ] GC(1761) Metaspace: 14284K(15104K)->14284K(15104K) NonClass: 12341K(12864K)->12341K(12864K) Class: 1943K(2240K)->1943K(2240K)
[534.228s][info][gc             ] GC(1761) Pause Young (Allocation Failure) 284M->11M(989M) 39.937ms
[534.228s][info][gc,cpu         ] GC(1761) User=0.05s Sys=0.00s Real=0.03s
[534.496s][info][gc,start       ] GC(1762) Pause Young (Allocation Failure)
[534.537s][info][gc,heap        ] GC(1762) DefNew: 280251K(314560K)->633K(314560K) Eden: 279616K(279616K)->0K(279616K) From: 635K(34944K)->633K(34944K)
[534.537s][info][gc,heap        ] GC(1762) Tenured: 10657K(699072K)->10699K(699072K)
[534.537s][info][gc,metaspace   ] GC(1762) Metaspace: 14284K(15104K)->14284K(15104K) NonClass: 12341K(12864K)->12341K(12864K) Class: 1943K(2240K)->1943K(2240K)
[534.537s][info][gc             ] GC(1762) Pause Young (Allocation Failure) 284M->11M(989M) 41.210ms
[534.537s][info][gc,cpu         ] GC(1762) User=0.03s Sys=0.00s Real=0.03s
[534.808s][info][gc,start       ] GC(1763) Pause Young (Allocation Failure)
[534.849s][info][gc,heap        ] GC(1763) DefNew: 280249K(314560K)->632K(314560K) Eden: 279616K(279616K)->0K(279616K) From: 633K(34944K)->632K(34944K)
[534.849s][info][gc,heap        ] GC(1763) Tenured: 10699K(699072K)->10740K(699072K)
[534.849s][info][gc,metaspace   ] GC(1763) Metaspace: 14284K(15104K)->14284K(15104K) NonClass: 12341K(12864K)->12341K(12864K) Class: 1943K(2240K)->1943K(2240K)
[534.849s][info][gc             ] GC(1763) Pause Young (Allocation Failure) 284M->11M(989M) 41.167ms
[534.849s][info][gc,cpu         ] GC(1763) User=0.05s Sys=0.00s Real=0.04s
[535.120s][info][gc,start       ] GC(1764) Pause Young (Allocation Failure)
[535.162s][info][gc,heap        ] GC(1764) DefNew: 280248K(314560K)->636K(314560K) Eden: 279616K(279616K)->0K(279616K) From: 632K(34944K)->636K(34944K)
[535.162s][info][gc,heap        ] GC(1764) Tenured: 10740K(699072K)->10781K(699072K)
[535.162s][info][gc,metaspace   ] GC(1764) Metaspace: 14284K(15104K)->14284K(15104K) NonClass: 12341K(12864K)->12341K(12864K) Class: 1943K(2240K)->1943K(2240K)
[535.162s][info][gc             ] GC(1764) Pause Young (Allocation Failure) 284M->11M(989M) 41.770ms
[535.162s][info][gc,cpu         ] GC(1764) User=0.03s Sys=0.00s Real=0.03s
[535.433s][info][gc,start       ] GC(1765) Pause Young (Allocation Failure)
[535.476s][info][gc,heap        ] GC(1765) DefNew: 280252K(314560K)->638K(314560K) Eden: 279616K(279616K)->0K(279616K) From: 636K(34944K)->638K(34944K)
[535.476s][info][gc,heap        ] GC(1765) Tenured: 10781K(699072K)->10823K(699072K)
[535.476s][info][gc,metaspace   ] GC(1765) Metaspace: 14284K(15104K)->14284K(15104K) NonClass: 12341K(12864K)->12341K(12864K) Class: 1943K(2240K)->1943K(2240K)
[535.476s][info][gc             ] GC(1765) Pause Young (Allocation Failure) 284M->11M(989M) 43.263ms
[535.476s][info][gc,cpu         ] GC(1765) User=0.05s Sys=0.00s Real=0.04s
[535.745s][info][gc,start       ] GC(1766) Pause Young (Allocation Failure)
[535.790s][info][gc,heap        ] GC(1766) DefNew: 280254K(314560K)->641K(314560K) Eden: 279616K(279616K)->0K(279616K) From: 638K(34944K)->641K(34944K)
[535.790s][info][gc,heap        ] GC(1766) Tenured: 10823K(699072K)->10862K(699072K)
[535.790s][info][gc,metaspace   ] GC(1766) Metaspace: 14284K(15104K)->14284K(15104K) NonClass: 12341K(12864K)->12341K(12864K) Class: 1943K(2240K)->1943K(2240K)
[535.790s][info][gc             ] GC(1766) Pause Young (Allocation Failure) 284M->11M(989M) 44.645ms
[535.790s][info][gc,cpu         ] GC(1766) User=0.05s Sys=0.00s Real=0.04s
[536.065s][info][gc,start       ] GC(1767) Pause Young (Allocation Failure)
[536.109s][info][gc,heap        ] GC(1767) DefNew: 280257K(314560K)->642K(314560K) Eden: 279616K(279616K)->0K(279616K) From: 641K(34944K)->642K(34944K)
[536.109s][info][gc,heap        ] GC(1767) Tenured: 10862K(699072K)->10905K(699072K)
[536.109s][info][gc,metaspace   ] GC(1767) Metaspace: 14284K(15104K)->14284K(15104K) NonClass: 12341K(12864K)->12341K(12864K) Class: 1943K(2240K)->1943K(2240K)
[536.109s][info][gc             ] GC(1767) Pause Young (Allocation Failure) 284M->11M(989M) 44.410ms
[536.109s][info][gc,cpu         ] GC(1767) User=0.03s Sys=0.00s Real=0.04s
[536.377s][info][gc,start       ] GC(1768) Pause Young (Allocation Failure)
[536.423s][info][gc,heap        ] GC(1768) DefNew: 280258K(314560K)->641K(314560K) Eden: 279616K(279616K)->0K(279616K) From: 642K(34944K)->641K(34944K)
[536.423s][info][gc,heap        ] GC(1768) Tenured: 10905K(699072K)->10950K(699072K)
[536.423s][info][gc,metaspace   ] GC(1768) Metaspace: 14284K(15104K)->14284K(15104K) NonClass: 12341K(12864K)->12341K(12864K) Class: 1943K(2240K)->1943K(2240K)
[536.423s][info][gc             ] GC(1768) Pause Young (Allocation Failure) 284M->11M(989M) 45.740ms
[536.423s][info][gc,cpu         ] GC(1768) User=0.03s Sys=0.00s Real=0.03s
[536.834s][info][gc,start       ] GC(1769) Pause Young (Allocation Failure)
[536.876s][info][gc,heap        ] GC(1769) DefNew: 280257K(314560K)->642K(314560K) Eden: 279616K(279616K)->0K(279616K) From: 641K(34944K)->642K(34944K)
[536.876s][info][gc,heap        ] GC(1769) Tenured: 10950K(699072K)->10991K(699072K)
[536.876s][info][gc,metaspace   ] GC(1769) Metaspace: 14284K(15104K)->14284K(15104K) NonClass: 12341K(12864K)->12341K(12864K) Class: 1943K(2240K)->1943K(2240K)
[536.876s][info][gc             ] GC(1769) Pause Young (Allocation Failure) 284M->11M(989M) 41.951ms
[536.876s][info][gc,cpu         ] GC(1769) User=0.03s Sys=0.00s Real=0.03s
[537.155s][info][gc,start       ] GC(1770) Pause Young (Allocation Failure)
[537.195s][info][gc,heap        ] GC(1770) DefNew: 280258K(314560K)->649K(314560K) Eden: 279616K(279616K)->0K(279616K) From: 642K(34944K)->649K(34944K)
[537.196s][info][gc,heap        ] GC(1770) Tenured: 10991K(699072K)->11032K(699072K)
[537.196s][info][gc,metaspace   ] GC(1770) Metaspace: 14284K(15104K)->14284K(15104K) NonClass: 12341K(12864K)->12341K(12864K) Class: 1943K(2240K)->1943K(2240K)
[537.196s][info][gc             ] GC(1770) Pause Young (Allocation Failure) 284M->11M(989M) 40.216ms
[537.196s][info][gc,cpu         ] GC(1770) User=0.03s Sys=0.00s Real=0.03s
[537.482s][info][gc,start       ] GC(1771) Pause Young (Allocation Failure)
[537.520s][info][gc,heap        ] GC(1771) DefNew: 280265K(314560K)->649K(314560K) Eden: 279616K(279616K)->0K(279616K) From: 649K(34944K)->649K(34944K)
[537.520s][info][gc,heap        ] GC(1771) Tenured: 11032K(699072K)->11076K(699072K)
[537.520s][info][gc,metaspace   ] GC(1771) Metaspace: 14284K(15104K)->14284K(15104K) NonClass: 12341K(12864K)->12341K(12864K) Class: 1943K(2240K)->1943K(2240K)
[537.520s][info][gc             ] GC(1771) Pause Young (Allocation Failure) 284M->11M(989M) 38.537ms
[537.520s][info][gc,cpu         ] GC(1771) User=0.05s Sys=0.00s Real=0.04s
[537.796s][info][gc,start       ] GC(1772) Pause Young (Allocation Failure)
[537.835s][info][gc,heap        ] GC(1772) DefNew: 280265K(314560K)->654K(314560K) Eden: 279616K(279616K)->0K(279616K) From: 649K(34944K)->654K(34944K)
[537.835s][info][gc,heap        ] GC(1772) Tenured: 11076K(699072K)->11118K(699072K)
[537.835s][info][gc,metaspace   ] GC(1772) Metaspace: 14284K(15104K)->14284K(15104K) NonClass: 12341K(12864K)->12341K(12864K) Class: 1943K(2240K)->1943K(2240K)
[537.835s][info][gc             ] GC(1772) Pause Young (Allocation Failure) 284M->11M(989M) 39.109ms
[537.835s][info][gc,cpu         ] GC(1772) User=0.03s Sys=0.00s Real=0.03s
[538.106s][info][gc,start       ] GC(1773) Pause Young (Allocation Failure)
[538.146s][info][gc,heap        ] GC(1773) DefNew: 280270K(314560K)->652K(314560K) Eden: 279616K(279616K)->0K(279616K) From: 654K(34944K)->652K(34944K)
[538.146s][info][gc,heap        ] GC(1773) Tenured: 11118K(699072K)->11162K(699072K)
[538.146s][info][gc,metaspace   ] GC(1773) Metaspace: 14284K(15104K)->14284K(15104K) NonClass: 12341K(12864K)->12341K(12864K) Class: 1943K(2240K)->1943K(2240K)
[538.146s][info][gc             ] GC(1773) Pause Young (Allocation Failure) 284M->11M(989M) 40.367ms
[538.146s][info][gc,cpu         ] GC(1773) User=0.03s Sys=0.00s Real=0.03s
[538.417s][info][gc,start       ] GC(1774) Pause Young (Allocation Failure)
[538.448s][info][gc,heap        ] GC(1774) DefNew: 280268K(314560K)->650K(314560K) Eden: 279616K(279616K)->0K(279616K) From: 652K(34944K)->650K(34944K)
[538.448s][info][gc,heap        ] GC(1774) Tenured: 11162K(699072K)->11204K(699072K)
[538.448s][info][gc,metaspace   ] GC(1774) Metaspace: 14284K(15104K)->14284K(15104K) NonClass: 12341K(12864K)->12341K(12864K) Class: 1943K(2240K)->1943K(2240K)
[538.449s][info][gc             ] GC(1774) Pause Young (Allocation Failure) 284M->11M(989M) 31.530ms
[538.449s][info][gc,cpu         ] GC(1774) User=0.02s Sys=0.00s Real=0.02s
[538.715s][info][gc,start       ] GC(1775) Pause Young (Allocation Failure)
[538.756s][info][gc,heap        ] GC(1775) DefNew: 280266K(314560K)->646K(314560K) Eden: 279616K(279616K)->0K(279616K) From: 650K(34944K)->646K(34944K)
[538.756s][info][gc,heap        ] GC(1775) Tenured: 11204K(699072K)->11245K(699072K)
[538.756s][info][gc,metaspace   ] GC(1775) Metaspace: 14284K(15104K)->14284K(15104K) NonClass: 12341K(12864K)->12341K(12864K) Class: 1943K(2240K)->1943K(2240K)
[538.756s][info][gc             ] GC(1775) Pause Young (Allocation Failure) 284M->11M(989M) 41.462ms
[538.756s][info][gc,cpu         ] GC(1775) User=0.05s Sys=0.00s Real=0.04s
[539.028s][info][gc,start       ] GC(1776) Pause Young (Allocation Failure)
[539.069s][info][gc,heap        ] GC(1776) DefNew: 280262K(314560K)->650K(314560K) Eden: 279616K(279616K)->0K(279616K) From: 646K(34944K)->650K(34944K)
[539.070s][info][gc,heap        ] GC(1776) Tenured: 11245K(699072K)->11284K(699072K)
[539.070s][info][gc,metaspace   ] GC(1776) Metaspace: 14284K(15104K)->14284K(15104K) NonClass: 12341K(12864K)->12341K(12864K) Class: 1943K(2240K)->1943K(2240K)
[539.070s][info][gc             ] GC(1776) Pause Young (Allocation Failure) 284M->11M(989M) 41.877ms
[539.070s][info][gc,cpu         ] GC(1776) User=0.03s Sys=0.00s Real=0.03s
[539.342s][info][gc,start       ] GC(1777) Pause Young (Allocation Failure)
[539.375s][info][gc,heap        ] GC(1777) DefNew: 280266K(314560K)->657K(314560K) Eden: 279616K(279616K)->0K(279616K) From: 650K(34944K)->657K(34944K)
[539.375s][info][gc,heap        ] GC(1777) Tenured: 11284K(699072K)->11323K(699072K)
[539.375s][info][gc,metaspace   ] GC(1777) Metaspace: 14284K(15104K)->14284K(15104K) NonClass: 12341K(12864K)->12341K(12864K) Class: 1943K(2240K)->1943K(2240K)
[539.375s][info][gc             ] GC(1777) Pause Young (Allocation Failure) 284M->11M(989M) 32.506ms
[539.375s][info][gc,cpu         ] GC(1777) User=0.03s Sys=0.00s Real=0.03s
[539.646s][info][gc,start       ] GC(1778) Pause Young (Allocation Failure)
[539.680s][info][gc,heap        ] GC(1778) DefNew: 280273K(314560K)->659K(314560K) Eden: 279616K(279616K)->0K(279616K) From: 657K(34944K)->659K(34944K)
[539.680s][info][gc,heap        ] GC(1778) Tenured: 11323K(699072K)->11364K(699072K)
[539.680s][info][gc,metaspace   ] GC(1778) Metaspace: 14284K(15104K)->14284K(15104K) NonClass: 12341K(12864K)->12341K(12864K) Class: 1943K(2240K)->1943K(2240K)
[539.680s][info][gc             ] GC(1778) Pause Young (Allocation Failure) 284M->11M(989M) 34.116ms
[539.680s][info][gc,cpu         ] GC(1778) User=0.02s Sys=0.00s Real=0.03s
[539.952s][info][gc,start       ] GC(1779) Pause Young (Allocation Failure)
[539.996s][info][gc,heap        ] GC(1779) DefNew: 280275K(314560K)->659K(314560K) Eden: 279616K(279616K)->0K(279616K) From: 659K(34944K)->659K(34944K)
[539.996s][info][gc,heap        ] GC(1779) Tenured: 11364K(699072K)->11409K(699072K)
[539.996s][info][gc,metaspace   ] GC(1779) Metaspace: 14284K(15104K)->14284K(15104K) NonClass: 12341K(12864K)->12341K(12864K) Class: 1943K(2240K)->1943K(2240K)
[539.996s][info][gc             ] GC(1779) Pause Young (Allocation Failure) 284M->11M(989M) 44.268ms
[539.996s][info][gc,cpu         ] GC(1779) User=0.05s Sys=0.00s Real=0.04s
[540.269s][info][gc,start       ] GC(1780) Pause Young (Allocation Failure)
[540.315s][info][gc,heap        ] GC(1780) DefNew: 280275K(314560K)->656K(314560K) Eden: 279616K(279616K)->0K(279616K) From: 659K(34944K)->656K(34944K)
[540.315s][info][gc,heap        ] GC(1780) Tenured: 11409K(699072K)->11453K(699072K)
[540.315s][info][gc,metaspace   ] GC(1780) Metaspace: 14284K(15104K)->14284K(15104K) NonClass: 12341K(12864K)->12341K(12864K) Class: 1943K(2240K)->1943K(2240K)
[540.315s][info][gc             ] GC(1780) Pause Young (Allocation Failure) 284M->11M(989M) 45.504ms
[540.315s][info][gc,cpu         ] GC(1780) User=0.03s Sys=0.00s Real=0.03s
[540.584s][info][gc,start       ] GC(1781) Pause Young (Allocation Failure)
[540.630s][info][gc,heap        ] GC(1781) DefNew: 280272K(314560K)->656K(314560K) Eden: 279616K(279616K)->0K(279616K) From: 656K(34944K)->656K(34944K)
[540.631s][info][gc,heap        ] GC(1781) Tenured: 11453K(699072K)->11495K(699072K)
[540.631s][info][gc,metaspace   ] GC(1781) Metaspace: 14284K(15104K)->14284K(15104K) NonClass: 12341K(12864K)->12341K(12864K) Class: 1943K(2240K)->1943K(2240K)
[540.631s][info][gc             ] GC(1781) Pause Young (Allocation Failure) 284M->11M(989M) 46.215ms
[540.631s][info][gc,cpu         ] GC(1781) User=0.03s Sys=0.00s Real=0.03s
[540.901s][info][gc,start       ] GC(1782) Pause Young (Allocation Failure)
[540.947s][info][gc,heap        ] GC(1782) DefNew: 280272K(314560K)->653K(314560K) Eden: 279616K(279616K)->0K(279616K) From: 656K(34944K)->653K(34944K)
[540.947s][info][gc,heap        ] GC(1782) Tenured: 11495K(699072K)->11539K(699072K)
[540.947s][info][gc,metaspace   ] GC(1782) Metaspace: 14284K(15104K)->14284K(15104K) NonClass: 12341K(12864K)->12341K(12864K) Class: 1943K(2240K)->1943K(2240K)
[540.947s][info][gc             ] GC(1782) Pause Young (Allocation Failure) 284M->11M(989M) 46.049ms
[540.948s][info][gc,cpu         ] GC(1782) User=0.05s Sys=0.00s Real=0.05s
[541.218s][info][gc,start       ] GC(1783) Pause Young (Allocation Failure)
[541.266s][info][gc,heap        ] GC(1783) DefNew: 280269K(314560K)->653K(314560K) Eden: 279616K(279616K)->0K(279616K) From: 653K(34944K)->653K(34944K)
[541.266s][info][gc,heap        ] GC(1783) Tenured: 11539K(699072K)->11581K(699072K)
[541.266s][info][gc,metaspace   ] GC(1783) Metaspace: 14284K(15104K)->14284K(15104K) NonClass: 12341K(12864K)->12341K(12864K) Class: 1943K(2240K)->1943K(2240K)
[541.266s][info][gc             ] GC(1783) Pause Young (Allocation Failure) 284M->11M(989M) 47.739ms
[541.266s][info][gc,cpu         ] GC(1783) User=0.05s Sys=0.00s Real=0.03s
[541.539s][info][gc,start       ] GC(1784) Pause Young (Allocation Failure)
[541.577s][info][gc,heap        ] GC(1784) DefNew: 280269K(314560K)->652K(314560K) Eden: 279616K(279616K)->0K(279616K) From: 653K(34944K)->652K(34944K)
[541.577s][info][gc,heap        ] GC(1784) Tenured: 11581K(699072K)->11625K(699072K)
[541.577s][info][gc,metaspace   ] GC(1784) Metaspace: 14284K(15104K)->14284K(15104K) NonClass: 12341K(12864K)->12341K(12864K) Class: 1943K(2240K)->1943K(2240K)
[541.577s][info][gc             ] GC(1784) Pause Young (Allocation Failure) 285M->11M(989M) 37.758ms
[541.577s][info][gc,cpu         ] GC(1784) User=0.03s Sys=0.00s Real=0.04s
[541.845s][info][gc,start       ] GC(1785) Pause Young (Allocation Failure)
[541.881s][info][gc,heap        ] GC(1785) DefNew: 280268K(314560K)->646K(314560K) Eden: 279616K(279616K)->0K(279616K) From: 652K(34944K)->646K(34944K)
[541.881s][info][gc,heap        ] GC(1785) Tenured: 11625K(699072K)->11673K(699072K)
[541.881s][info][gc,metaspace   ] GC(1785) Metaspace: 14284K(15104K)->14284K(15104K) NonClass: 12341K(12864K)->12341K(12864K) Class: 1943K(2240K)->1943K(2240K)
[541.881s][info][gc             ] GC(1785) Pause Young (Allocation Failure) 285M->12M(989M) 35.839ms
[541.881s][info][gc,cpu         ] GC(1785) User=0.03s Sys=0.00s Real=0.03s
[542.170s][info][gc,start       ] GC(1786) Pause Young (Allocation Failure)
[542.215s][info][gc,heap        ] GC(1786) DefNew: 280262K(314560K)->646K(314560K) Eden: 279616K(279616K)->0K(279616K) From: 646K(34944K)->646K(34944K)
[542.215s][info][gc,heap        ] GC(1786) Tenured: 11673K(699072K)->11718K(699072K)
[542.215s][info][gc,metaspace   ] GC(1786) Metaspace: 14284K(15104K)->14284K(15104K) NonClass: 12341K(12864K)->12341K(12864K) Class: 1943K(2240K)->1943K(2240K)
[542.215s][info][gc             ] GC(1786) Pause Young (Allocation Failure) 285M->12M(989M) 45.279ms
[542.215s][info][gc,cpu         ] GC(1786) User=0.05s Sys=0.00s Real=0.04s
[542.494s][info][gc,start       ] GC(1787) Pause Young (Allocation Failure)
[542.538s][info][gc,heap        ] GC(1787) DefNew: 280262K(314560K)->645K(314560K) Eden: 279616K(279616K)->0K(279616K) From: 646K(34944K)->645K(34944K)
[542.538s][info][gc,heap        ] GC(1787) Tenured: 11718K(699072K)->11763K(699072K)
[542.538s][info][gc,metaspace   ] GC(1787) Metaspace: 14284K(15104K)->14284K(15104K) NonClass: 12341K(12864K)->12341K(12864K) Class: 1943K(2240K)->1943K(2240K)
[542.538s][info][gc             ] GC(1787) Pause Young (Allocation Failure) 285M->12M(989M) 44.265ms
[542.538s][info][gc,cpu         ] GC(1787) User=0.03s Sys=0.00s Real=0.03s
[542.807s][info][gc,start       ] GC(1788) Pause Young (Allocation Failure)
[542.853s][info][gc,heap        ] GC(1788) DefNew: 280261K(314560K)->646K(314560K) Eden: 279616K(279616K)->0K(279616K) From: 645K(34944K)->646K(34944K)
[542.853s][info][gc,heap        ] GC(1788) Tenured: 11763K(699072K)->11804K(699072K)
[542.853s][info][gc,metaspace   ] GC(1788) Metaspace: 14284K(15104K)->14284K(15104K) NonClass: 12341K(12864K)->12341K(12864K) Class: 1943K(2240K)->1943K(2240K)
[542.853s][info][gc             ] GC(1788) Pause Young (Allocation Failure) 285M->12M(989M) 46.670ms
[542.853s][info][gc,cpu         ] GC(1788) User=0.05s Sys=0.00s Real=0.05s
[543.088s][info][gc,start       ] GC(1789) Pause Young (Allocation Failure)
[543.124s][info][gc,heap        ] GC(1789) DefNew: 280262K(314560K)->641K(314560K) Eden: 279616K(279616K)->0K(279616K) From: 646K(34944K)->641K(34944K)
[543.124s][info][gc,heap        ] GC(1789) Tenured: 11804K(699072K)->11846K(699072K)
[543.124s][info][gc,metaspace   ] GC(1789) Metaspace: 14284K(15104K)->14284K(15104K) NonClass: 12341K(12864K)->12341K(12864K) Class: 1943K(2240K)->1943K(2240K)
[543.124s][info][gc             ] GC(1789) Pause Young (Allocation Failure) 285M->12M(989M) 35.510ms
[543.124s][info][gc,cpu         ] GC(1789) User=0.02s Sys=0.00s Real=0.02s
[543.294s][info][gc,start       ] GC(1790) Pause Young (Allocation Failure)
[543.337s][info][gc,heap        ] GC(1790) DefNew: 280257K(314560K)->630K(314560K) Eden: 279616K(279616K)->0K(279616K) From: 641K(34944K)->630K(34944K)
[543.337s][info][gc,heap        ] GC(1790) Tenured: 11846K(699072K)->11884K(699072K)
[543.337s][info][gc,metaspace   ] GC(1790) Metaspace: 14284K(15104K)->14284K(15104K) NonClass: 12341K(12864K)->12341K(12864K) Class: 1943K(2240K)->1943K(2240K)
[543.337s][info][gc             ] GC(1790) Pause Young (Allocation Failure) 285M->12M(989M) 43.541ms
[543.337s][info][gc,cpu         ] GC(1790) User=0.03s Sys=0.00s Real=0.04s
[543.516s][info][gc,start       ] GC(1791) Pause Young (Allocation Failure)
[543.551s][info][gc,heap        ] GC(1791) DefNew: 280246K(314560K)->618K(314560K) Eden: 279616K(279616K)->0K(279616K) From: 630K(34944K)->618K(34944K)
[543.551s][info][gc,heap        ] GC(1791) Tenured: 11884K(699072K)->11925K(699072K)
[543.551s][info][gc,metaspace   ] GC(1791) Metaspace: 14284K(15104K)->14284K(15104K) NonClass: 12341K(12864K)->12341K(12864K) Class: 1943K(2240K)->1943K(2240K)
[543.551s][info][gc             ] GC(1791) Pause Young (Allocation Failure) 285M->12M(989M) 34.718ms
[543.551s][info][gc,cpu         ] GC(1791) User=0.02s Sys=0.00s Real=0.03s
[543.829s][info][gc,start       ] GC(1792) Pause Full (System.gc())
[543.829s][info][gc,phases,start] GC(1792) Phase 1: Mark live objects
[543.869s][info][gc,phases      ] GC(1792) Phase 1: Mark live objects 40.417ms
[543.869s][info][gc,phases,start] GC(1792) Phase 2: Compute new object addresses
[543.907s][info][gc,phases      ] GC(1792) Phase 2: Compute new object addresses 38.166ms
[543.907s][info][gc,phases,start] GC(1792) Phase 3: Adjust pointers
[543.932s][info][gc,phases      ] GC(1792) Phase 3: Adjust pointers 24.607ms
[543.932s][info][gc,phases,start] GC(1792) Phase 4: Move objects
[543.932s][info][gc,phases      ] GC(1792) Phase 4: Move objects 0.013ms
[543.932s][info][gc,heap        ] GC(1792) DefNew: 164191K(314560K)->0K(314560K) Eden: 163573K(279616K)->0K(279616K) From: 618K(34944K)->0K(34944K)
[543.932s][info][gc,heap        ] GC(1792) Tenured: 11925K(699072K)->11925K(699072K)
[543.932s][info][gc,metaspace   ] GC(1792) Metaspace: 14284K(15104K)->14284K(15104K) NonClass: 12341K(12864K)->12341K(12864K) Class: 1943K(2240K)->1943K(2240K)
[543.932s][info][gc             ] GC(1792) Pause Full (System.gc()) 171M->11M(989M) 103.621ms
[543.932s][info][gc,cpu         ] GC(1792) User=0.09s Sys=0.00s Real=0.09s
[544.160s][info][gc,start       ] GC(1793) Pause Young (Allocation Failure)
[544.204s][info][gc,heap        ] GC(1793) DefNew: 279616K(314560K)->1495K(314560K) Eden: 279616K(279616K)->0K(279616K) From: 0K(34944K)->1495K(34944K)
[544.204s][info][gc,heap        ] GC(1793) Tenured: 11925K(699072K)->11925K(699072K)
[544.204s][info][gc,metaspace   ] GC(1793) Metaspace: 14284K(15104K)->14284K(15104K) NonClass: 12341K(12864K)->12341K(12864K) Class: 1943K(2240K)->1943K(2240K)
[544.204s][info][gc             ] GC(1793) Pause Young (Allocation Failure) 284M->13M(989M) 44.286ms
[544.204s][info][gc,cpu         ] GC(1793) User=0.03s Sys=0.00s Real=0.03s
[544.466s][info][gc,start       ] GC(1794) Pause Young (Allocation Failure)
[544.512s][info][gc,heap        ] GC(1794) DefNew: 281111K(314560K)->1536K(314560K) Eden: 279615K(279616K)->0K(279616K) From: 1495K(34944K)->1536K(34944K)
[544.512s][info][gc,heap        ] GC(1794) Tenured: 11925K(699072K)->11925K(699072K)
[544.512s][info][gc,metaspace   ] GC(1794) Metaspace: 14284K(15104K)->14284K(15104K) NonClass: 12341K(12864K)->12341K(12864K) Class: 1943K(2240K)->1943K(2240K)
[544.512s][info][gc             ] GC(1794) Pause Young (Allocation Failure) 286M->13M(989M) 46.472ms
[544.512s][info][gc,cpu         ] GC(1794) User=0.05s Sys=0.00s Real=0.04s
[544.822s][info][gc,start       ] GC(1795) Pause Young (Allocation Failure)
[544.873s][info][gc,heap        ] GC(1795) DefNew: 281152K(314560K)->1578K(314560K) Eden: 279616K(279616K)->0K(279616K) From: 1536K(34944K)->1578K(34944K)
[544.873s][info][gc,heap        ] GC(1795) Tenured: 11925K(699072K)->11925K(699072K)
[544.873s][info][gc,metaspace   ] GC(1795) Metaspace: 14284K(15104K)->14284K(15104K) NonClass: 12341K(12864K)->12341K(12864K) Class: 1943K(2240K)->1943K(2240K)
[544.873s][info][gc             ] GC(1795) Pause Young (Allocation Failure) 286M->13M(989M) 51.057ms
[544.873s][info][gc,cpu         ] GC(1795) User=0.05s Sys=0.00s Real=0.05s
[545.144s][info][gc,start       ] GC(1796) Pause Young (Allocation Failure)
[545.187s][info][gc,heap        ] GC(1796) DefNew: 281194K(314560K)->1620K(314560K) Eden: 279616K(279616K)->0K(279616K) From: 1578K(34944K)->1620K(34944K)
[545.187s][info][gc,heap        ] GC(1796) Tenured: 11925K(699072K)->11925K(699072K)
[545.187s][info][gc,metaspace   ] GC(1796) Metaspace: 14284K(15104K)->14284K(15104K) NonClass: 12341K(12864K)->12341K(12864K) Class: 1943K(2240K)->1943K(2240K)
[545.187s][info][gc             ] GC(1796) Pause Young (Allocation Failure) 286M->13M(989M) 42.785ms
[545.187s][info][gc,cpu         ] GC(1796) User=0.03s Sys=0.00s Real=0.04s
[545.472s][info][gc,start       ] GC(1797) Pause Young (Allocation Failure)
[545.512s][info][gc,heap        ] GC(1797) DefNew: 281236K(314560K)->1665K(314560K) Eden: 279616K(279616K)->0K(279616K) From: 1620K(34944K)->1665K(34944K)
[545.512s][info][gc,heap        ] GC(1797) Tenured: 11925K(699072K)->11925K(699072K)
[545.512s][info][gc,metaspace   ] GC(1797) Metaspace: 14284K(15104K)->14284K(15104K) NonClass: 12341K(12864K)->12341K(12864K) Class: 1943K(2240K)->1943K(2240K)
[545.512s][info][gc             ] GC(1797) Pause Young (Allocation Failure) 286M->13M(989M) 39.497ms
[545.512s][info][gc,cpu         ] GC(1797) User=0.03s Sys=0.00s Real=0.03s
[545.772s][info][gc,start       ] GC(1798) Pause Young (Allocation Failure)
[545.813s][info][gc,heap        ] GC(1798) DefNew: 281281K(314560K)->1702K(314560K) Eden: 279616K(279616K)->0K(279616K) From: 1665K(34944K)->1702K(34944K)
[545.813s][info][gc,heap        ] GC(1798) Tenured: 11925K(699072K)->11925K(699072K)
[545.813s][info][gc,metaspace   ] GC(1798) Metaspace: 14284K(15104K)->14284K(15104K) NonClass: 12341K(12864K)->12341K(12864K) Class: 1943K(2240K)->1943K(2240K)
[545.813s][info][gc             ] GC(1798) Pause Young (Allocation Failure) 286M->13M(989M) 41.242ms
[545.813s][info][gc,cpu         ] GC(1798) User=0.03s Sys=0.00s Real=0.03s
[546.075s][info][gc,start       ] GC(1799) Pause Young (Allocation Failure)
[546.117s][info][gc,heap        ] GC(1799) DefNew: 281318K(314560K)->1745K(314560K) Eden: 279616K(279616K)->0K(279616K) From: 1702K(34944K)->1745K(34944K)
[546.117s][info][gc,heap        ] GC(1799) Tenured: 11925K(699072K)->11925K(699072K)
[546.117s][info][gc,metaspace   ] GC(1799) Metaspace: 14284K(15104K)->14284K(15104K) NonClass: 12341K(12864K)->12341K(12864K) Class: 1943K(2240K)->1943K(2240K)
[546.117s][info][gc             ] GC(1799) Pause Young (Allocation Failure) 286M->13M(989M) 42.202ms
[546.118s][info][gc,cpu         ] GC(1799) User=0.05s Sys=0.00s Real=0.04s
[546.382s][info][gc,start       ] GC(1800) Pause Young (Allocation Failure)
[546.425s][info][gc,heap        ] GC(1800) DefNew: 281361K(314560K)->1788K(314560K) Eden: 279616K(279616K)->0K(279616K) From: 1745K(34944K)->1788K(34944K)
[546.425s][info][gc,heap        ] GC(1800) Tenured: 11925K(699072K)->11925K(699072K)
[546.425s][info][gc,metaspace   ] GC(1800) Metaspace: 14284K(15104K)->14284K(15104K) NonClass: 12341K(12864K)->12341K(12864K) Class: 1943K(2240K)->1943K(2240K)
[546.425s][info][gc             ] GC(1800) Pause Young (Allocation Failure) 286M->13M(989M) 43.166ms
[546.425s][info][gc,cpu         ] GC(1800) User=0.05s Sys=0.00s Real=0.04s
[546.701s][info][gc,start       ] GC(1801) Pause Young (Allocation Failure)
[546.734s][info][gc,heap        ] GC(1801) DefNew: 281404K(314560K)->1835K(314560K) Eden: 279616K(279616K)->0K(279616K) From: 1788K(34944K)->1835K(34944K)
[546.734s][info][gc,heap        ] GC(1801) Tenured: 11925K(699072K)->11925K(699072K)
[546.734s][info][gc,metaspace   ] GC(1801) Metaspace: 14284K(15104K)->14284K(15104K) NonClass: 12341K(12864K)->12341K(12864K) Class: 1943K(2240K)->1943K(2240K)
[546.734s][info][gc             ] GC(1801) Pause Young (Allocation Failure) 286M->13M(989M) 33.085ms
[546.734s][info][gc,cpu         ] GC(1801) User=0.03s Sys=0.00s Real=0.03s
[546.992s][info][gc,start       ] GC(1802) Pause Young (Allocation Failure)
[547.026s][info][gc,heap        ] GC(1802) DefNew: 281451K(314560K)->1869K(314560K) Eden: 279616K(279616K)->0K(279616K) From: 1835K(34944K)->1869K(34944K)
[547.026s][info][gc,heap        ] GC(1802) Tenured: 11925K(699072K)->11925K(699072K)
[547.026s][info][gc,metaspace   ] GC(1802) Metaspace: 14284K(15104K)->14284K(15104K) NonClass: 12341K(12864K)->12341K(12864K) Class: 1943K(2240K)->1943K(2240K)
[547.026s][info][gc             ] GC(1802) Pause Young (Allocation Failure) 286M->13M(989M) 34.239ms
[547.026s][info][gc,cpu         ] GC(1802) User=0.03s Sys=0.00s Real=0.03s
[547.283s][info][gc,start       ] GC(1803) Pause Young (Allocation Failure)
[547.317s][info][gc,heap        ] GC(1803) DefNew: 281485K(314560K)->1911K(314560K) Eden: 279616K(279616K)->0K(279616K) From: 1869K(34944K)->1911K(34944K)
[547.317s][info][gc,heap        ] GC(1803) Tenured: 11925K(699072K)->11925K(699072K)
[547.317s][info][gc,metaspace   ] GC(1803) Metaspace: 14284K(15104K)->14284K(15104K) NonClass: 12341K(12864K)->12341K(12864K) Class: 1943K(2240K)->1943K(2240K)
[547.317s][info][gc             ] GC(1803) Pause Young (Allocation Failure) 286M->13M(989M) 33.961ms
[547.317s][info][gc,cpu         ] GC(1803) User=0.03s Sys=0.00s Real=0.03s
[547.585s][info][gc,start       ] GC(1804) Pause Young (Allocation Failure)
[547.631s][info][gc,heap        ] GC(1804) DefNew: 281527K(314560K)->1955K(314560K) Eden: 279616K(279616K)->0K(279616K) From: 1911K(34944K)->1955K(34944K)
[547.631s][info][gc,heap        ] GC(1804) Tenured: 11925K(699072K)->11925K(699072K)
[547.631s][info][gc,metaspace   ] GC(1804) Metaspace: 14284K(15104K)->14284K(15104K) NonClass: 12341K(12864K)->12341K(12864K) Class: 1943K(2240K)->1943K(2240K)
[547.631s][info][gc             ] GC(1804) Pause Young (Allocation Failure) 286M->13M(989M) 45.999ms
[547.631s][info][gc,cpu         ] GC(1804) User=0.05s Sys=0.00s Real=0.05s
[547.893s][info][gc,start       ] GC(1805) Pause Young (Allocation Failure)
[547.940s][info][gc,heap        ] GC(1805) DefNew: 281571K(314560K)->1997K(314560K) Eden: 279616K(279616K)->0K(279616K) From: 1955K(34944K)->1997K(34944K)
[547.940s][info][gc,heap        ] GC(1805) Tenured: 11925K(699072K)->11925K(699072K)
[547.940s][info][gc,metaspace   ] GC(1805) Metaspace: 14284K(15104K)->14284K(15104K) NonClass: 12341K(12864K)->12341K(12864K) Class: 1943K(2240K)->1943K(2240K)
[547.940s][info][gc             ] GC(1805) Pause Young (Allocation Failure) 286M->13M(989M) 46.819ms
[547.940s][info][gc,cpu         ] GC(1805) User=0.05s Sys=0.00s Real=0.05s
[548.207s][info][gc,start       ] GC(1806) Pause Young (Allocation Failure)
[548.243s][info][gc,heap        ] GC(1806) DefNew: 281613K(314560K)->2038K(314560K) Eden: 279616K(279616K)->0K(279616K) From: 1997K(34944K)->2038K(34944K)
[548.243s][info][gc,heap        ] GC(1806) Tenured: 11925K(699072K)->11925K(699072K)
[548.243s][info][gc,metaspace   ] GC(1806) Metaspace: 14284K(15104K)->14284K(15104K) NonClass: 12341K(12864K)->12341K(12864K) Class: 1943K(2240K)->1943K(2240K)
[548.243s][info][gc             ] GC(1806) Pause Young (Allocation Failure) 286M->13M(989M) 36.474ms
[548.243s][info][gc,cpu         ] GC(1806) User=0.02s Sys=0.00s Real=0.03s
[548.512s][info][gc,start       ] GC(1807) Pause Young (Allocation Failure)
[548.559s][info][gc,heap        ] GC(1807) DefNew: 281654K(314560K)->2082K(314560K) Eden: 279616K(279616K)->0K(279616K) From: 2038K(34944K)->2082K(34944K)
[548.559s][info][gc,heap        ] GC(1807) Tenured: 11925K(699072K)->11925K(699072K)
[548.559s][info][gc,metaspace   ] GC(1807) Metaspace: 14284K(15104K)->14284K(15104K) NonClass: 12341K(12864K)->12341K(12864K) Class: 1943K(2240K)->1943K(2240K)
[548.559s][info][gc             ] GC(1807) Pause Young (Allocation Failure) 286M->13M(989M) 47.342ms
[548.559s][info][gc,cpu         ] GC(1807) User=0.05s Sys=0.00s Real=0.05s
[548.825s][info][gc,start       ] GC(1808) Pause Young (Allocation Failure)
[548.871s][info][gc,heap        ] GC(1808) DefNew: 281698K(314560K)->641K(314560K) Eden: 279616K(279616K)->0K(279616K) From: 2082K(34944K)->641K(34944K)
[548.871s][info][gc,heap        ] GC(1808) Tenured: 11925K(699072K)->13412K(699072K)
[548.871s][info][gc,metaspace   ] GC(1808) Metaspace: 14284K(15104K)->14284K(15104K) NonClass: 12341K(12864K)->12341K(12864K) Class: 1943K(2240K)->1943K(2240K)
[548.871s][info][gc             ] GC(1808) Pause Young (Allocation Failure) 286M->13M(989M) 46.884ms
[548.872s][info][gc,cpu         ] GC(1808) User=0.05s Sys=0.00s Real=0.05s
[549.140s][info][gc,start       ] GC(1809) Pause Young (Allocation Failure)
[549.181s][info][gc,heap        ] GC(1809) DefNew: 280257K(314560K)->644K(314560K) Eden: 279616K(279616K)->0K(279616K) From: 641K(34944K)->644K(34944K)
[549.181s][info][gc,heap        ] GC(1809) Tenured: 13412K(699072K)->13453K(699072K)
[549.181s][info][gc,metaspace   ] GC(1809) Metaspace: 14284K(15104K)->14284K(15104K) NonClass: 12341K(12864K)->12341K(12864K) Class: 1943K(2240K)->1943K(2240K)
[549.182s][info][gc             ] GC(1809) Pause Young (Allocation Failure) 286M->13M(989M) 41.246ms
[549.182s][info][gc,cpu         ] GC(1809) User=0.05s Sys=0.00s Real=0.04s
[549.456s][info][gc,start       ] GC(1810) Pause Young (Allocation Failure)
[549.495s][info][gc,heap        ] GC(1810) DefNew: 280260K(314560K)->646K(314560K) Eden: 279616K(279616K)->0K(279616K) From: 644K(34944K)->646K(34944K)
[549.495s][info][gc,heap        ] GC(1810) Tenured: 13453K(699072K)->13495K(699072K)
[549.495s][info][gc,metaspace   ] GC(1810) Metaspace: 14284K(15104K)->14284K(15104K) NonClass: 12341K(12864K)->12341K(12864K) Class: 1943K(2240K)->1943K(2240K)
[549.495s][info][gc             ] GC(1810) Pause Young (Allocation Failure) 286M->13M(989M) 38.891ms
[549.495s][info][gc,cpu         ] GC(1810) User=0.03s Sys=0.00s Real=0.04s
[549.758s][info][gc,start       ] GC(1811) Pause Young (Allocation Failure)
[549.790s][info][gc,heap        ] GC(1811) DefNew: 280262K(314560K)->646K(314560K) Eden: 279616K(279616K)->0K(279616K) From: 646K(34944K)->646K(34944K)
[549.790s][info][gc,heap        ] GC(1811) Tenured: 13495K(699072K)->13536K(699072K)
[549.790s][info][gc,metaspace   ] GC(1811) Metaspace: 14284K(15104K)->14284K(15104K) NonClass: 12341K(12864K)->12341K(12864K) Class: 1943K(2240K)->1943K(2240K)
[549.790s][info][gc             ] GC(1811) Pause Young (Allocation Failure) 286M->13M(989M) 31.934ms
[549.790s][info][gc,cpu         ] GC(1811) User=0.02s Sys=0.00s Real=0.02s
[550.049s][info][gc,start       ] GC(1812) Pause Young (Allocation Failure)
[550.091s][info][gc,heap        ] GC(1812) DefNew: 280262K(314560K)->644K(314560K) Eden: 279616K(279616K)->0K(279616K) From: 646K(34944K)->644K(34944K)
[550.091s][info][gc,heap        ] GC(1812) Tenured: 13536K(699072K)->13581K(699072K)
[550.091s][info][gc,metaspace   ] GC(1812) Metaspace: 14284K(15104K)->14284K(15104K) NonClass: 12341K(12864K)->12341K(12864K) Class: 1943K(2240K)->1943K(2240K)
[550.091s][info][gc             ] GC(1812) Pause Young (Allocation Failure) 286M->13M(989M) 41.706ms
[550.091s][info][gc,cpu         ] GC(1812) User=0.03s Sys=0.00s Real=0.03s
[550.351s][info][gc,start       ] GC(1813) Pause Young (Allocation Failure)
[550.393s][info][gc,heap        ] GC(1813) DefNew: 280260K(314560K)->645K(314560K) Eden: 279616K(279616K)->0K(279616K) From: 644K(34944K)->645K(34944K)
[550.393s][info][gc,heap        ] GC(1813) Tenured: 13581K(699072K)->13619K(699072K)
[550.393s][info][gc,metaspace   ] GC(1813) Metaspace: 14284K(15104K)->14284K(15104K) NonClass: 12341K(12864K)->12341K(12864K) Class: 1943K(2240K)->1943K(2240K)
[550.393s][info][gc             ] GC(1813) Pause Young (Allocation Failure) 286M->13M(989M) 42.489ms
[550.393s][info][gc,cpu         ] GC(1813) User=0.05s Sys=0.00s Real=0.04s
[550.654s][info][gc,start       ] GC(1814) Pause Young (Allocation Failure)
[550.696s][info][gc,heap        ] GC(1814) DefNew: 280261K(314560K)->645K(314560K) Eden: 279616K(279616K)->0K(279616K) From: 645K(34944K)->645K(34944K)
[550.696s][info][gc,heap        ] GC(1814) Tenured: 13619K(699072K)->13661K(699072K)
[550.696s][info][gc,metaspace   ] GC(1814) Metaspace: 14284K(15104K)->14284K(15104K) NonClass: 12341K(12864K)->12341K(12864K) Class: 1943K(2240K)->1943K(2240K)
[550.696s][info][gc             ] GC(1814) Pause Young (Allocation Failure) 286M->13M(989M) 42.571ms
[550.696s][info][gc,cpu         ] GC(1814) User=0.05s Sys=0.00s Real=0.04s
[550.955s][info][gc,start       ] GC(1815) Pause Young (Allocation Failure)
[550.997s][info][gc,heap        ] GC(1815) DefNew: 280261K(314560K)->640K(314560K) Eden: 279616K(279616K)->0K(279616K) From: 645K(34944K)->640K(34944K)
[550.997s][info][gc,heap        ] GC(1815) Tenured: 13661K(699072K)->13705K(699072K)
[550.997s][info][gc,metaspace   ] GC(1815) Metaspace: 14284K(15104K)->14284K(15104K) NonClass: 12341K(12864K)->12341K(12864K) Class: 1943K(2240K)->1943K(2240K)
[550.997s][info][gc             ] GC(1815) Pause Young (Allocation Failure) 287M->14M(989M) 42.626ms
[550.997s][info][gc,cpu         ] GC(1815) User=0.03s Sys=0.00s Real=0.04s
[551.259s][info][gc,start       ] GC(1816) Pause Young (Allocation Failure)
[551.304s][info][gc,heap        ] GC(1816) DefNew: 280256K(314560K)->640K(314560K) Eden: 279616K(279616K)->0K(279616K) From: 640K(34944K)->640K(34944K)
[551.304s][info][gc,heap        ] GC(1816) Tenured: 13705K(699072K)->13747K(699072K)
[551.304s][info][gc,metaspace   ] GC(1816) Metaspace: 14284K(15104K)->14284K(15104K) NonClass: 12341K(12864K)->12341K(12864K) Class: 1943K(2240K)->1943K(2240K)
[551.304s][info][gc             ] GC(1816) Pause Young (Allocation Failure) 287M->14M(989M) 44.291ms
[551.304s][info][gc,cpu         ] GC(1816) User=0.05s Sys=0.00s Real=0.05s
[551.564s][info][gc,start       ] GC(1817) Pause Young (Allocation Failure)
[551.609s][info][gc,heap        ] GC(1817) DefNew: 280256K(314560K)->643K(314560K) Eden: 279616K(279616K)->0K(279616K) From: 640K(34944K)->643K(34944K)
[551.609s][info][gc,heap        ] GC(1817) Tenured: 13747K(699072K)->13785K(699072K)
[551.609s][info][gc,metaspace   ] GC(1817) Metaspace: 14284K(15104K)->14284K(15104K) NonClass: 12341K(12864K)->12341K(12864K) Class: 1943K(2240K)->1943K(2240K)
[551.609s][info][gc             ] GC(1817) Pause Young (Allocation Failure) 287M->14M(989M) 45.602ms
[551.609s][info][gc,cpu         ] GC(1817) User=0.03s Sys=0.00s Real=0.04s
[551.868s][info][gc,start       ] GC(1818) Pause Young (Allocation Failure)
[551.914s][info][gc,heap        ] GC(1818) DefNew: 280259K(314560K)->642K(314560K) Eden: 279616K(279616K)->0K(279616K) From: 643K(34944K)->642K(34944K)
[551.914s][info][gc,heap        ] GC(1818) Tenured: 13785K(699072K)->13827K(699072K)
[551.914s][info][gc,metaspace   ] GC(1818) Metaspace: 14284K(15104K)->14284K(15104K) NonClass: 12341K(12864K)->12341K(12864K) Class: 1943K(2240K)->1943K(2240K)
[551.914s][info][gc             ] GC(1818) Pause Young (Allocation Failure) 287M->14M(989M) 46.225ms
[551.914s][info][gc,cpu         ] GC(1818) User=0.05s Sys=0.00s Real=0.05s
[552.174s][info][gc,start       ] GC(1819) Pause Young (Allocation Failure)
[552.220s][info][gc,heap        ] GC(1819) DefNew: 280258K(314560K)->637K(314560K) Eden: 279616K(279616K)->0K(279616K) From: 642K(34944K)->637K(34944K)
[552.220s][info][gc,heap        ] GC(1819) Tenured: 13827K(699072K)->13872K(699072K)
[552.220s][info][gc,metaspace   ] GC(1819) Metaspace: 14284K(15104K)->14284K(15104K) NonClass: 12341K(12864K)->12341K(12864K) Class: 1943K(2240K)->1943K(2240K)
[552.220s][info][gc             ] GC(1819) Pause Young (Allocation Failure) 287M->14M(989M) 46.074ms
[552.220s][info][gc,cpu         ] GC(1819) User=0.05s Sys=0.00s Real=0.05s
[552.481s][info][gc,start       ] GC(1820) Pause Young (Allocation Failure)
[552.528s][info][gc,heap        ] GC(1820) DefNew: 280253K(314560K)->636K(314560K) Eden: 279616K(279616K)->0K(279616K) From: 637K(34944K)->636K(34944K)
[552.528s][info][gc,heap        ] GC(1820) Tenured: 13872K(699072K)->13913K(699072K)
[552.528s][info][gc,metaspace   ] GC(1820) Metaspace: 14284K(15104K)->14284K(15104K) NonClass: 12341K(12864K)->12341K(12864K) Class: 1943K(2240K)->1943K(2240K)
[552.528s][info][gc             ] GC(1820) Pause Young (Allocation Failure) 287M->14M(989M) 46.697ms
[552.528s][info][gc,cpu         ] GC(1820) User=0.05s Sys=0.00s Real=0.04s
[552.792s][info][gc,start       ] GC(1821) Pause Young (Allocation Failure)
[552.838s][info][gc,heap        ] GC(1821) DefNew: 280252K(314560K)->637K(314560K) Eden: 279616K(279616K)->0K(279616K) From: 636K(34944K)->637K(34944K)
[552.838s][info][gc,heap        ] GC(1821) Tenured: 13913K(699072K)->13954K(699072K)
[552.838s][info][gc,metaspace   ] GC(1821) Metaspace: 14284K(15104K)->14284K(15104K) NonClass: 12341K(12864K)->12341K(12864K) Class: 1943K(2240K)->1943K(2240K)
[552.838s][info][gc             ] GC(1821) Pause Young (Allocation Failure) 287M->14M(989M) 46.063ms
[552.838s][info][gc,cpu         ] GC(1821) User=0.05s Sys=0.00s Real=0.04s
[553.122s][info][gc,start       ] GC(1822) Pause Young (Allocation Failure)
[553.153s][info][gc,heap        ] GC(1822) DefNew: 280253K(314560K)->637K(314560K) Eden: 279616K(279616K)->0K(279616K) From: 637K(34944K)->637K(34944K)
[553.153s][info][gc,heap        ] GC(1822) Tenured: 13954K(699072K)->13999K(699072K)
[553.153s][info][gc,metaspace   ] GC(1822) Metaspace: 14284K(15104K)->14284K(15104K) NonClass: 12341K(12864K)->12341K(12864K) Class: 1943K(2240K)->1943K(2240K)
[553.153s][info][gc             ] GC(1822) Pause Young (Allocation Failure) 287M->14M(989M) 31.440ms
[553.153s][info][gc,cpu         ] GC(1822) User=0.03s Sys=0.00s Real=0.02s
[553.418s][info][gc,start       ] GC(1823) Pause Young (Allocation Failure)
[553.458s][info][gc,heap        ] GC(1823) DefNew: 280253K(314560K)->634K(314560K) Eden: 279616K(279616K)->0K(279616K) From: 637K(34944K)->634K(34944K)
[553.458s][info][gc,heap        ] GC(1823) Tenured: 13999K(699072K)->14044K(699072K)
[553.458s][info][gc,metaspace   ] GC(1823) Metaspace: 14284K(15104K)->14284K(15104K) NonClass: 12341K(12864K)->12341K(12864K) Class: 1943K(2240K)->1943K(2240K)
[553.458s][info][gc             ] GC(1823) Pause Young (Allocation Failure) 287M->14M(989M) 40.375ms
[553.458s][info][gc,cpu         ] GC(1823) User=0.05s Sys=0.00s Real=0.04s
[553.716s][info][gc,start       ] GC(1824) Pause Young (Allocation Failure)
[553.757s][info][gc,heap        ] GC(1824) DefNew: 280250K(314560K)->628K(314560K) Eden: 279616K(279616K)->0K(279616K) From: 634K(34944K)->628K(34944K)
[553.757s][info][gc,heap        ] GC(1824) Tenured: 14044K(699072K)->14088K(699072K)
[553.757s][info][gc,metaspace   ] GC(1824) Metaspace: 14284K(15104K)->14284K(15104K) NonClass: 12341K(12864K)->12341K(12864K) Class: 1943K(2240K)->1943K(2240K)
[553.757s][info][gc             ] GC(1824) Pause Young (Allocation Failure) 287M->14M(989M) 40.804ms
[553.757s][info][gc,cpu         ] GC(1824) User=0.05s Sys=0.00s Real=0.04s
[554.013s][info][gc,start       ] GC(1825) Pause Young (Allocation Failure)
[554.055s][info][gc,heap        ] GC(1825) DefNew: 280244K(314560K)->625K(314560K) Eden: 279616K(279616K)->0K(279616K) From: 628K(34944K)->625K(34944K)
[554.055s][info][gc,heap        ] GC(1825) Tenured: 14088K(699072K)->14130K(699072K)
[554.055s][info][gc,metaspace   ] GC(1825) Metaspace: 14284K(15104K)->14284K(15104K) NonClass: 12341K(12864K)->12341K(12864K) Class: 1943K(2240K)->1943K(2240K)
[554.055s][info][gc             ] GC(1825) Pause Young (Allocation Failure) 287M->14M(989M) 42.070ms
[554.055s][info][gc,cpu         ] GC(1825) User=0.05s Sys=0.00s Real=0.04s
[554.317s][info][gc,start       ] GC(1826) Pause Young (Allocation Failure)
[554.359s][info][gc,heap        ] GC(1826) DefNew: 280241K(314560K)->622K(314560K) Eden: 279616K(279616K)->0K(279616K) From: 625K(34944K)->622K(34944K)
[554.359s][info][gc,heap        ] GC(1826) Tenured: 14130K(699072K)->14174K(699072K)
[554.359s][info][gc,metaspace   ] GC(1826) Metaspace: 14284K(15104K)->14284K(15104K) NonClass: 12341K(12864K)->12341K(12864K) Class: 1943K(2240K)->1943K(2240K)
[554.359s][info][gc             ] GC(1826) Pause Young (Allocation Failure) 287M->14M(989M) 42.013ms
[554.359s][info][gc,cpu         ] GC(1826) User=0.03s Sys=0.00s Real=0.04s
[554.620s][info][gc,start       ] GC(1827) Pause Young (Allocation Failure)
[554.662s][info][gc,heap        ] GC(1827) DefNew: 280238K(314560K)->623K(314560K) Eden: 279616K(279616K)->0K(279616K) From: 622K(34944K)->623K(34944K)
[554.662s][info][gc,heap        ] GC(1827) Tenured: 14174K(699072K)->14215K(699072K)
[554.662s][info][gc,metaspace   ] GC(1827) Metaspace: 14284K(15104K)->14284K(15104K) NonClass: 12341K(12864K)->12341K(12864K) Class: 1943K(2240K)->1943K(2240K)
[554.662s][info][gc             ] GC(1827) Pause Young (Allocation Failure) 287M->14M(989M) 42.469ms
[554.662s][info][gc,cpu         ] GC(1827) User=0.05s Sys=0.00s Real=0.04s
[554.921s][info][gc,start       ] GC(1828) Pause Young (Allocation Failure)
[554.964s][info][gc,heap        ] GC(1828) DefNew: 280239K(314560K)->624K(314560K) Eden: 279616K(279616K)->0K(279616K) From: 623K(34944K)->624K(34944K)
[554.964s][info][gc,heap        ] GC(1828) Tenured: 14215K(699072K)->14257K(699072K)
[554.964s][info][gc,metaspace   ] GC(1828) Metaspace: 14284K(15104K)->14284K(15104K) NonClass: 12341K(12864K)->12341K(12864K) Class: 1943K(2240K)->1943K(2240K)
[554.964s][info][gc             ] GC(1828) Pause Young (Allocation Failure) 287M->14M(989M) 43.613ms
[554.964s][info][gc,cpu         ] GC(1828) User=0.03s Sys=0.00s Real=0.03s
[555.224s][info][gc,start       ] GC(1829) Pause Young (Allocation Failure)
[555.256s][info][gc,heap        ] GC(1829) DefNew: 280240K(314560K)->628K(314560K) Eden: 279616K(279616K)->0K(279616K) From: 624K(34944K)->628K(34944K)
[555.256s][info][gc,heap        ] GC(1829) Tenured: 14257K(699072K)->14298K(699072K)
[555.256s][info][gc,metaspace   ] GC(1829) Metaspace: 14284K(15104K)->14284K(15104K) NonClass: 12341K(12864K)->12341K(12864K) Class: 1943K(2240K)->1943K(2240K)
[555.256s][info][gc             ] GC(1829) Pause Young (Allocation Failure) 287M->14M(989M) 32.136ms
[555.257s][info][gc,cpu         ] GC(1829) User=0.03s Sys=0.00s Real=0.03s
[555.513s][info][gc,start       ] GC(1830) Pause Young (Allocation Failure)
[555.546s][info][gc,heap        ] GC(1830) DefNew: 280244K(314560K)->628K(314560K) Eden: 279616K(279616K)->0K(279616K) From: 628K(34944K)->628K(34944K)
[555.546s][info][gc,heap        ] GC(1830) Tenured: 14298K(699072K)->14337K(699072K)
[555.546s][info][gc,metaspace   ] GC(1830) Metaspace: 14284K(15104K)->14284K(15104K) NonClass: 12341K(12864K)->12341K(12864K) Class: 1943K(2240K)->1943K(2240K)
[555.546s][info][gc             ] GC(1830) Pause Young (Allocation Failure) 287M->14M(989M) 33.447ms
[555.546s][info][gc,cpu         ] GC(1830) User=0.03s Sys=0.00s Real=0.03s
[555.803s][info][gc,start       ] GC(1831) Pause Young (Allocation Failure)
[555.838s][info][gc,heap        ] GC(1831) DefNew: 280244K(314560K)->624K(314560K) Eden: 279616K(279616K)->0K(279616K) From: 628K(34944K)->624K(34944K)
[555.838s][info][gc,heap        ] GC(1831) Tenured: 14337K(699072K)->14379K(699072K)
[555.838s][info][gc,metaspace   ] GC(1831) Metaspace: 14284K(15104K)->14284K(15104K) NonClass: 12341K(12864K)->12341K(12864K) Class: 1943K(2240K)->1943K(2240K)
[555.838s][info][gc             ] GC(1831) Pause Young (Allocation Failure) 287M->14M(989M) 35.043ms
[555.838s][info][gc,cpu         ] GC(1831) User=0.02s Sys=0.00s Real=0.02s
[556.098s][info][gc,start       ] GC(1832) Pause Young (Allocation Failure)
[556.134s][info][gc,heap        ] GC(1832) DefNew: 280240K(314560K)->624K(314560K) Eden: 279616K(279616K)->0K(279616K) From: 624K(34944K)->624K(34944K)
[556.134s][info][gc,heap        ] GC(1832) Tenured: 14379K(699072K)->14420K(699072K)
[556.134s][info][gc,metaspace   ] GC(1832) Metaspace: 14284K(15104K)->14284K(15104K) NonClass: 12341K(12864K)->12341K(12864K) Class: 1943K(2240K)->1943K(2240K)
[556.134s][info][gc             ] GC(1832) Pause Young (Allocation Failure) 287M->14M(989M) 35.296ms
[556.134s][info][gc,cpu         ] GC(1832) User=0.02s Sys=0.00s Real=0.03s
[556.391s][info][gc,start       ] GC(1833) Pause Young (Allocation Failure)
[556.437s][info][gc,heap        ] GC(1833) DefNew: 280240K(314560K)->622K(314560K) Eden: 279616K(279616K)->0K(279616K) From: 624K(34944K)->622K(34944K)
[556.437s][info][gc,heap        ] GC(1833) Tenured: 14420K(699072K)->14461K(699072K)
[556.437s][info][gc,metaspace   ] GC(1833) Metaspace: 14284K(15104K)->14284K(15104K) NonClass: 12341K(12864K)->12341K(12864K) Class: 1943K(2240K)->1943K(2240K)
[556.437s][info][gc             ] GC(1833) Pause Young (Allocation Failure) 287M->14M(989M) 46.163ms
[556.437s][info][gc,cpu         ] GC(1833) User=0.05s Sys=0.00s Real=0.05s
[556.701s][info][gc,start       ] GC(1834) Pause Young (Allocation Failure)
[556.747s][info][gc,heap        ] GC(1834) DefNew: 280238K(314560K)->628K(314560K) Eden: 279616K(279616K)->0K(279616K) From: 622K(34944K)->628K(34944K)
[556.747s][info][gc,heap        ] GC(1834) Tenured: 14461K(699072K)->14500K(699072K)
[556.747s][info][gc,metaspace   ] GC(1834) Metaspace: 14284K(15104K)->14284K(15104K) NonClass: 12341K(12864K)->12341K(12864K) Class: 1943K(2240K)->1943K(2240K)
[556.747s][info][gc             ] GC(1834) Pause Young (Allocation Failure) 287M->14M(989M) 46.977ms
[556.748s][info][gc,cpu         ] GC(1834) User=0.03s Sys=0.00s Real=0.03s
[557.014s][info][gc,start       ] GC(1835) Pause Young (Allocation Failure)
[557.057s][info][gc,heap        ] GC(1835) DefNew: 280244K(314560K)->628K(314560K) Eden: 279616K(279616K)->0K(279616K) From: 628K(34944K)->628K(34944K)
[557.057s][info][gc,heap        ] GC(1835) Tenured: 14500K(699072K)->14542K(699072K)
[557.057s][info][gc,metaspace   ] GC(1835) Metaspace: 14284K(15104K)->14284K(15104K) NonClass: 12341K(12864K)->12341K(12864K) Class: 1943K(2240K)->1943K(2240K)
[557.057s][info][gc             ] GC(1835) Pause Young (Allocation Failure) 287M->14M(989M) 42.285ms
[557.057s][info][gc,cpu         ] GC(1835) User=0.05s Sys=0.00s Real=0.03s
[557.334s][info][gc,start       ] GC(1836) Pause Young (Allocation Failure)
[557.373s][info][gc,heap        ] GC(1836) DefNew: 280244K(314560K)->628K(314560K) Eden: 279616K(279616K)->0K(279616K) From: 628K(34944K)->628K(34944K)
[557.373s][info][gc,heap        ] GC(1836) Tenured: 14542K(699072K)->14583K(699072K)
[557.373s][info][gc,metaspace   ] GC(1836) Metaspace: 14284K(15104K)->14284K(15104K) NonClass: 12341K(12864K)->12341K(12864K) Class: 1943K(2240K)->1943K(2240K)
[557.373s][info][gc             ] GC(1836) Pause Young (Allocation Failure) 287M->14M(989M) 38.521ms
[557.373s][info][gc,cpu         ] GC(1836) User=0.03s Sys=0.00s Real=0.03s
[557.639s][info][gc,start       ] GC(1837) Pause Young (Allocation Failure)
[557.670s][info][gc,heap        ] GC(1837) DefNew: 280244K(314560K)->625K(314560K) Eden: 279616K(279616K)->0K(279616K) From: 628K(34944K)->625K(34944K)
[557.670s][info][gc,heap        ] GC(1837) Tenured: 14583K(699072K)->14628K(699072K)
[557.670s][info][gc,metaspace   ] GC(1837) Metaspace: 14284K(15104K)->14284K(15104K) NonClass: 12341K(12864K)->12341K(12864K) Class: 1943K(2240K)->1943K(2240K)
[557.670s][info][gc             ] GC(1837) Pause Young (Allocation Failure) 287M->14M(989M) 31.087ms
[557.670s][info][gc,cpu         ] GC(1837) User=0.03s Sys=0.00s Real=0.03s
[557.925s][info][gc,start       ] GC(1838) Pause Young (Allocation Failure)
[557.958s][info][gc,heap        ] GC(1838) DefNew: 280241K(314560K)->622K(314560K) Eden: 279616K(279616K)->0K(279616K) From: 625K(34944K)->622K(34944K)
[557.958s][info][gc,heap        ] GC(1838) Tenured: 14628K(699072K)->14670K(699072K)
[557.958s][info][gc,metaspace   ] GC(1838) Metaspace: 14284K(15104K)->14284K(15104K) NonClass: 12341K(12864K)->12341K(12864K) Class: 1943K(2240K)->1943K(2240K)
[557.958s][info][gc             ] GC(1838) Pause Young (Allocation Failure) 287M->14M(989M) 32.728ms
[557.958s][info][gc,cpu         ] GC(1838) User=0.03s Sys=0.00s Real=0.03s
[558.220s][info][gc,start       ] GC(1839) Pause Young (Allocation Failure)
[558.251s][info][gc,heap        ] GC(1839) DefNew: 280238K(314560K)->625K(314560K) Eden: 279616K(279616K)->0K(279616K) From: 622K(34944K)->625K(34944K)
[558.251s][info][gc,heap        ] GC(1839) Tenured: 14670K(699072K)->14708K(699072K)
[558.251s][info][gc,metaspace   ] GC(1839) Metaspace: 14284K(15104K)->14284K(15104K) NonClass: 12341K(12864K)->12341K(12864K) Class: 1943K(2240K)->1943K(2240K)
[558.252s][info][gc             ] GC(1839) Pause Young (Allocation Failure) 287M->14M(989M) 31.788ms
[558.252s][info][gc,cpu         ] GC(1839) User=0.02s Sys=0.00s Real=0.02s
[558.508s][info][gc,start       ] GC(1840) Pause Young (Allocation Failure)
[558.540s][info][gc,heap        ] GC(1840) DefNew: 280241K(314560K)->628K(314560K) Eden: 279616K(279616K)->0K(279616K) From: 625K(34944K)->628K(34944K)
[558.540s][info][gc,heap        ] GC(1840) Tenured: 14708K(699072K)->14747K(699072K)
[558.540s][info][gc,metaspace   ] GC(1840) Metaspace: 14284K(15104K)->14284K(15104K) NonClass: 12341K(12864K)->12341K(12864K) Class: 1943K(2240K)->1943K(2240K)
[558.540s][info][gc             ] GC(1840) Pause Young (Allocation Failure) 288M->15M(989M) 32.077ms
[558.540s][info][gc,cpu         ] GC(1840) User=0.03s Sys=0.00s Real=0.03s
[558.801s][info][gc,start       ] GC(1841) Pause Young (Allocation Failure)
[558.833s][info][gc,heap        ] GC(1841) DefNew: 280244K(314560K)->627K(314560K) Eden: 279616K(279616K)->0K(279616K) From: 628K(34944K)->627K(34944K)
[558.833s][info][gc,heap        ] GC(1841) Tenured: 14747K(699072K)->14788K(699072K)
[558.833s][info][gc,metaspace   ] GC(1841) Metaspace: 14284K(15104K)->14284K(15104K) NonClass: 12341K(12864K)->12341K(12864K) Class: 1943K(2240K)->1943K(2240K)
[558.833s][info][gc             ] GC(1841) Pause Young (Allocation Failure) 288M->15M(989M) 32.198ms
[558.833s][info][gc,cpu         ] GC(1841) User=0.02s Sys=0.00s Real=0.02s
[559.091s][info][gc,start       ] GC(1842) Pause Young (Allocation Failure)
[559.125s][info][gc,heap        ] GC(1842) DefNew: 280243K(314560K)->627K(314560K) Eden: 279616K(279616K)->0K(279616K) From: 627K(34944K)->627K(34944K)
[559.125s][info][gc,heap        ] GC(1842) Tenured: 14788K(699072K)->14830K(699072K)
[559.125s][info][gc,metaspace   ] GC(1842) Metaspace: 14284K(15104K)->14284K(15104K) NonClass: 12341K(12864K)->12341K(12864K) Class: 1943K(2240K)->1943K(2240K)
[559.125s][info][gc             ] GC(1842) Pause Young (Allocation Failure) 288M->15M(989M) 34.094ms
[559.125s][info][gc,cpu         ] GC(1842) User=0.03s Sys=0.00s Real=0.03s
[559.383s][info][gc,start       ] GC(1843) Pause Young (Allocation Failure)
[559.417s][info][gc,heap        ] GC(1843) DefNew: 280243K(314560K)->627K(314560K) Eden: 279616K(279616K)->0K(279616K) From: 627K(34944K)->627K(34944K)
[559.418s][info][gc,heap        ] GC(1843) Tenured: 14830K(699072K)->14872K(699072K)
[559.418s][info][gc,metaspace   ] GC(1843) Metaspace: 14284K(15104K)->14284K(15104K) NonClass: 12341K(12864K)->12341K(12864K) Class: 1943K(2240K)->1943K(2240K)
[559.418s][info][gc             ] GC(1843) Pause Young (Allocation Failure) 288M->15M(989M) 34.389ms
[559.418s][info][gc,cpu         ] GC(1843) User=0.03s Sys=0.00s Real=0.03s
[559.678s][info][gc,start       ] GC(1844) Pause Young (Allocation Failure)
[559.724s][info][gc,heap        ] GC(1844) DefNew: 280243K(314560K)->622K(314560K) Eden: 279616K(279616K)->0K(279616K) From: 627K(34944K)->622K(34944K)
[559.724s][info][gc,heap        ] GC(1844) Tenured: 14872K(699072K)->14918K(699072K)
[559.724s][info][gc,metaspace   ] GC(1844) Metaspace: 14284K(15104K)->14284K(15104K) NonClass: 12341K(12864K)->12341K(12864K) Class: 1943K(2240K)->1943K(2240K)
[559.724s][info][gc             ] GC(1844) Pause Young (Allocation Failure) 288M->15M(989M) 45.960ms
[559.724s][info][gc,cpu         ] GC(1844) User=0.05s Sys=0.00s Real=0.05s
[559.982s][info][gc,start       ] GC(1845) Pause Young (Allocation Failure)
[560.029s][info][gc,heap        ] GC(1845) DefNew: 280238K(314560K)->623K(314560K) Eden: 279615K(279616K)->0K(279616K) From: 622K(34944K)->623K(34944K)
[560.029s][info][gc,heap        ] GC(1845) Tenured: 14918K(699072K)->14956K(699072K)
[560.029s][info][gc,metaspace   ] GC(1845) Metaspace: 14284K(15104K)->14284K(15104K) NonClass: 12341K(12864K)->12341K(12864K) Class: 1943K(2240K)->1943K(2240K)
[560.029s][info][gc             ] GC(1845) Pause Young (Allocation Failure) 288M->15M(989M) 47.417ms
[560.029s][info][gc,cpu         ] GC(1845) User=0.05s Sys=0.00s Real=0.04s
[560.290s][info][gc,start       ] GC(1846) Pause Young (Allocation Failure)
[560.324s][info][gc,heap        ] GC(1846) DefNew: 280239K(314560K)->625K(314560K) Eden: 279616K(279616K)->0K(279616K) From: 623K(34944K)->625K(34944K)
[560.324s][info][gc,heap        ] GC(1846) Tenured: 14956K(699072K)->14995K(699072K)
[560.324s][info][gc,metaspace   ] GC(1846) Metaspace: 14284K(15104K)->14284K(15104K) NonClass: 12341K(12864K)->12341K(12864K) Class: 1943K(2240K)->1943K(2240K)
[560.324s][info][gc             ] GC(1846) Pause Young (Allocation Failure) 288M->15M(989M) 33.650ms
[560.324s][info][gc,cpu         ] GC(1846) User=0.03s Sys=0.00s Real=0.03s
[560.697s][info][gc,start       ] GC(1847) Pause Young (Allocation Failure)
[560.742s][info][gc,heap        ] GC(1847) DefNew: 280241K(314560K)->624K(314560K) Eden: 279616K(279616K)->0K(279616K) From: 625K(34944K)->624K(34944K)
[560.742s][info][gc,heap        ] GC(1847) Tenured: 14995K(699072K)->15037K(699072K)
[560.742s][info][gc,metaspace   ] GC(1847) Metaspace: 14284K(15104K)->14284K(15104K) NonClass: 12341K(12864K)->12341K(12864K) Class: 1943K(2240K)->1943K(2240K)
[560.742s][info][gc             ] GC(1847) Pause Young (Allocation Failure) 288M->15M(989M) 45.159ms
[560.742s][info][gc,cpu         ] GC(1847) User=0.03s Sys=0.00s Real=0.03s
[561.028s][info][gc,start       ] GC(1848) Pause Young (Allocation Failure)
[561.062s][info][gc,heap        ] GC(1848) DefNew: 280240K(314560K)->629K(314560K) Eden: 279616K(279616K)->0K(279616K) From: 624K(34944K)->629K(34944K)
[561.062s][info][gc,heap        ] GC(1848) Tenured: 15037K(699072K)->15075K(699072K)
[561.062s][info][gc,metaspace   ] GC(1848) Metaspace: 14284K(15104K)->14284K(15104K) NonClass: 12341K(12864K)->12341K(12864K) Class: 1943K(2240K)->1943K(2240K)
[561.062s][info][gc             ] GC(1848) Pause Young (Allocation Failure) 288M->15M(989M) 33.148ms
[561.062s][info][gc,cpu         ] GC(1848) User=0.03s Sys=0.00s Real=0.03s
[561.317s][info][gc,start       ] GC(1849) Pause Young (Allocation Failure)
[561.363s][info][gc,heap        ] GC(1849) DefNew: 280245K(314560K)->624K(314560K) Eden: 279616K(279616K)->0K(279616K) From: 629K(34944K)->624K(34944K)
[561.363s][info][gc,heap        ] GC(1849) Tenured: 15075K(699072K)->15120K(699072K)
[561.363s][info][gc,metaspace   ] GC(1849) Metaspace: 14284K(15104K)->14284K(15104K) NonClass: 12341K(12864K)->12341K(12864K) Class: 1943K(2240K)->1943K(2240K)
[561.363s][info][gc             ] GC(1849) Pause Young (Allocation Failure) 288M->15M(989M) 46.378ms
[561.363s][info][gc,cpu         ] GC(1849) User=0.03s Sys=0.02s Real=0.04s
[561.533s][info][gc,start       ] GC(1850) Pause Young (Allocation Failure)
[561.565s][info][gc,heap        ] GC(1850) DefNew: 280240K(314560K)->609K(314560K) Eden: 279616K(279616K)->0K(279616K) From: 624K(34944K)->609K(34944K)
[561.565s][info][gc,heap        ] GC(1850) Tenured: 15120K(699072K)->15161K(699072K)
[561.565s][info][gc,metaspace   ] GC(1850) Metaspace: 14284K(15104K)->14284K(15104K) NonClass: 12341K(12864K)->12341K(12864K) Class: 1943K(2240K)->1943K(2240K)
[561.565s][info][gc             ] GC(1850) Pause Young (Allocation Failure) 288M->15M(989M) 31.358ms
[561.565s][info][gc,cpu         ] GC(1850) User=0.02s Sys=0.00s Real=0.03s
[561.745s][info][gc,start       ] GC(1851) Pause Young (Allocation Failure)
[561.777s][info][gc,heap        ] GC(1851) DefNew: 280225K(314560K)->598K(314560K) Eden: 279616K(279616K)->0K(279616K) From: 609K(34944K)->598K(34944K)
[561.777s][info][gc,heap        ] GC(1851) Tenured: 15161K(699072K)->15203K(699072K)
[561.777s][info][gc,metaspace   ] GC(1851) Metaspace: 14284K(15104K)->14284K(15104K) NonClass: 12341K(12864K)->12341K(12864K) Class: 1943K(2240K)->1943K(2240K)
[561.777s][info][gc             ] GC(1851) Pause Young (Allocation Failure) 288M->15M(989M) 31.918ms
[561.777s][info][gc,cpu         ] GC(1851) User=0.03s Sys=0.00s Real=0.03s
[562.574s][info][gc,heap,exit   ] Heap
[562.574s][info][gc,heap,exit   ]  def new generation   total 314560K, used 256254K [0x00000000c0000000, 0x00000000d5550000, 0x00000000d5550000)
[562.574s][info][gc,heap,exit   ]   eden space 279616K,  91% used [0x00000000c0000000, 0x00000000cf9aa030, 0x00000000d1110000)
[562.574s][info][gc,heap,exit   ]   from space 34944K,   1% used [0x00000000d1110000, 0x00000000d11a5860, 0x00000000d3330000)
[562.574s][info][gc,heap,exit   ]   to   space 34944K,   0% used [0x00000000d3330000, 0x00000000d3330000, 0x00000000d5550000)
[562.574s][info][gc,heap,exit   ]  tenured generation   total 699072K, used 15203K [0x00000000d5550000, 0x0000000100000000, 0x0000000100000000)
[562.574s][info][gc,heap,exit   ]    the space 699072K,   2% used [0x00000000d5550000, 0x00000000d6428d18, 0x00000000d6428e00, 0x0000000100000000)
[562.574s][info][gc,heap,exit   ]  Metaspace       used 14344K, committed 15168K, reserved 1114112K
[562.574s][info][gc,heap,exit   ]   class space    used 1951K, committed 2240K, reserved 1048576K
