[0.018s][info][gc,init] CardTable entry size: 512
[0.018s][info][gc     ] Using Serial
[0.027s][info][gc,init] Version: 20+36-2344 (release)
[0.027s][info][gc,init] CPUs: 48 total, 48 available
[0.028s][info][gc,init] Memory: 382G
[0.028s][info][gc,init] Large Page Support: Disabled
[0.028s][info][gc,init] NUMA Support: Disabled
[0.028s][info][gc,init] Compressed Oops: Enabled (Zero based)
[0.028s][info][gc,init] Heap Min Capacity: 8M
[0.028s][info][gc,init] Heap Initial Capacity: 2G
[0.028s][info][gc,init] Heap Max Capacity: 4G
[0.028s][info][gc,init] Pre-touch: Disabled
[0.041s][info][gc,metaspace] CDS archive(s) mapped at: [0x0000000800000000-0x0000000800c60000-0x0000000800c60000), size 12976128, SharedBaseAddress: 0x0000000800000000, ArchiveRelocationMode: 0.
[0.041s][info][gc,metaspace] Compressed class space mapped at: 0x0000000801000000-0x0000000841000000, reserved size: 1073741824
[0.041s][info][gc,metaspace] Narrow klass base: 0x0000000800000000, Narrow klass shift: 0, Narrow klass range: 0x100000000
[1.244s][info][gc,start    ] GC(0) Pause Full (System.gc())
[1.244s][info][gc,phases,start] GC(0) Phase 1: Mark live objects
[1.256s][info][gc,phases      ] GC(0) Phase 1: Mark live objects 11.587ms
[1.256s][info][gc,phases,start] GC(0) Phase 2: Compute new object addresses
[1.261s][info][gc,phases      ] GC(0) Phase 2: Compute new object addresses 5.350ms
[1.261s][info][gc,phases,start] GC(0) Phase 3: Adjust pointers
[1.267s][info][gc,phases      ] GC(0) Phase 3: Adjust pointers 6.175ms
[1.267s][info][gc,phases,start] GC(0) Phase 4: Move objects
[1.273s][info][gc,phases      ] GC(0) Phase 4: Move objects 5.566ms
[1.274s][info][gc,heap        ] GC(0) DefNew: 111851K(629120K)->0K(629248K) Eden: 111851K(559232K)->0K(559360K) From: 0K(69888K)->0K(69888K)
[1.275s][info][gc,heap        ] GC(0) Tenured: 0K(1398144K)->3469K(1398144K)
[1.275s][info][gc,metaspace   ] GC(0) Metaspace: 8235K(8448K)->8235K(8448K) NonClass: 7128K(7232K)->7128K(7232K) Class: 1106K(1216K)->1106K(1216K)
[1.275s][info][gc             ] GC(0) Pause Full (System.gc()) 109M->3M(1979M) 30.723ms
[1.275s][info][gc,cpu         ] GC(0) User=0.03s Sys=0.00s Real=0.03s
[2.698s][info][gc,start       ] GC(1) Pause Young (Allocation Failure)
[2.717s][info][gc,heap        ] GC(1) DefNew: 559360K(629248K)->3549K(629248K) Eden: 559360K(559360K)->0K(559360K) From: 0K(69888K)->3549K(69888K)
[2.717s][info][gc,heap        ] GC(1) Tenured: 3469K(1398144K)->3469K(1398144K)
[2.717s][info][gc,metaspace   ] GC(1) Metaspace: 14569K(15104K)->14569K(15104K) NonClass: 12500K(12800K)->12500K(12800K) Class: 2068K(2304K)->2068K(2304K)
[2.717s][info][gc             ] GC(1) Pause Young (Allocation Failure) 549M->6M(1979M) 19.159ms
[2.717s][info][gc,cpu         ] GC(1) User=0.05s Sys=0.00s Real=0.01s
[3.119s][info][gc,start       ] GC(2) Pause Young (Allocation Failure)
[3.150s][info][gc,heap        ] GC(2) DefNew: 562909K(629248K)->3613K(629248K) Eden: 559360K(559360K)->0K(559360K) From: 3549K(69888K)->3613K(69888K)
[3.150s][info][gc,heap        ] GC(2) Tenured: 3469K(1398144K)->3469K(1398144K)
[3.150s][info][gc,metaspace   ] GC(2) Metaspace: 14575K(15104K)->14575K(15104K) NonClass: 12507K(12800K)->12507K(12800K) Class: 2068K(2304K)->2068K(2304K)
[3.150s][info][gc             ] GC(2) Pause Young (Allocation Failure) 553M->6M(1979M) 31.901ms
[3.151s][info][gc,cpu         ] GC(2) User=0.03s Sys=0.00s Real=0.03s
[3.682s][info][gc,start       ] GC(3) Pause Young (Allocation Failure)
[3.718s][info][gc,heap        ] GC(3) DefNew: 562973K(629248K)->3690K(629248K) Eden: 559360K(559360K)->0K(559360K) From: 3613K(69888K)->3690K(69888K)
[3.718s][info][gc,heap        ] GC(3) Tenured: 3469K(1398144K)->3469K(1398144K)
[3.718s][info][gc,metaspace   ] GC(3) Metaspace: 14575K(15104K)->14575K(15104K) NonClass: 12507K(12800K)->12507K(12800K) Class: 2068K(2304K)->2068K(2304K)
[3.718s][info][gc             ] GC(3) Pause Young (Allocation Failure) 553M->6M(1979M) 35.944ms
[3.718s][info][gc,cpu         ] GC(3) User=0.02s Sys=0.00s Real=0.02s
[4.162s][info][gc,start       ] GC(4) Pause Young (Allocation Failure)
[4.193s][info][gc,heap        ] GC(4) DefNew: 563050K(629248K)->3772K(629248K) Eden: 559360K(559360K)->0K(559360K) From: 3690K(69888K)->3772K(69888K)
[4.193s][info][gc,heap        ] GC(4) Tenured: 3469K(1398144K)->3469K(1398144K)
[4.193s][info][gc,metaspace   ] GC(4) Metaspace: 14575K(15104K)->14575K(15104K) NonClass: 12507K(12800K)->12507K(12800K) Class: 2068K(2304K)->2068K(2304K)
[4.193s][info][gc             ] GC(4) Pause Young (Allocation Failure) 553M->7M(1979M) 31.187ms
[4.193s][info][gc,cpu         ] GC(4) User=0.02s Sys=0.02s Real=0.03s
[4.586s][info][gc,start       ] GC(5) Pause Young (Allocation Failure)
[4.608s][info][gc,heap        ] GC(5) DefNew: 563132K(629248K)->3836K(629248K) Eden: 559360K(559360K)->0K(559360K) From: 3772K(69888K)->3836K(69888K)
[4.608s][info][gc,heap        ] GC(5) Tenured: 3469K(1398144K)->3469K(1398144K)
[4.608s][info][gc,metaspace   ] GC(5) Metaspace: 14575K(15104K)->14575K(15104K) NonClass: 12507K(12800K)->12507K(12800K) Class: 2068K(2304K)->2068K(2304K)
[4.608s][info][gc             ] GC(5) Pause Young (Allocation Failure) 553M->7M(1979M) 21.682ms
[4.608s][info][gc,cpu         ] GC(5) User=0.02s Sys=0.00s Real=0.02s
[5.145s][info][gc,start       ] GC(6) Pause Young (Allocation Failure)
[5.248s][info][gc,heap        ] GC(6) DefNew: 563196K(629248K)->3920K(629248K) Eden: 559360K(559360K)->0K(559360K) From: 3836K(69888K)->3920K(69888K)
[5.248s][info][gc,heap        ] GC(6) Tenured: 3469K(1398144K)->3469K(1398144K)
[5.248s][info][gc,metaspace   ] GC(6) Metaspace: 14576K(15104K)->14576K(15104K) NonClass: 12507K(12800K)->12507K(12800K) Class: 2068K(2304K)->2068K(2304K)
[5.248s][info][gc             ] GC(6) Pause Young (Allocation Failure) 553M->7M(1979M) 103.738ms
[5.249s][info][gc,cpu         ] GC(6) User=0.05s Sys=0.00s Real=0.09s
[5.704s][info][gc,start       ] GC(7) Pause Young (Allocation Failure)
[5.733s][info][gc,heap        ] GC(7) DefNew: 563280K(629248K)->3988K(629248K) Eden: 559360K(559360K)->0K(559360K) From: 3920K(69888K)->3988K(69888K)
[5.733s][info][gc,heap        ] GC(7) Tenured: 3469K(1398144K)->3469K(1398144K)
[5.733s][info][gc,metaspace   ] GC(7) Metaspace: 14576K(15104K)->14576K(15104K) NonClass: 12507K(12800K)->12507K(12800K) Class: 2068K(2304K)->2068K(2304K)
[5.733s][info][gc             ] GC(7) Pause Young (Allocation Failure) 553M->7M(1979M) 28.551ms
[5.733s][info][gc,cpu         ] GC(7) User=0.03s Sys=0.00s Real=0.03s
[6.238s][info][gc,start       ] GC(8) Pause Young (Allocation Failure)
[6.274s][info][gc,heap        ] GC(8) DefNew: 563348K(629248K)->4066K(629248K) Eden: 559360K(559360K)->0K(559360K) From: 3988K(69888K)->4066K(69888K)
[6.274s][info][gc,heap        ] GC(8) Tenured: 3469K(1398144K)->3469K(1398144K)
[6.274s][info][gc,metaspace   ] GC(8) Metaspace: 14576K(15104K)->14576K(15104K) NonClass: 12507K(12800K)->12507K(12800K) Class: 2068K(2304K)->2068K(2304K)
[6.274s][info][gc             ] GC(8) Pause Young (Allocation Failure) 553M->7M(1979M) 35.969ms
[6.274s][info][gc,cpu         ] GC(8) User=0.02s Sys=0.00s Real=0.03s
[6.690s][info][gc,start       ] GC(9) Pause Young (Allocation Failure)
[6.726s][info][gc,heap        ] GC(9) DefNew: 563426K(629248K)->4131K(629248K) Eden: 559360K(559360K)->0K(559360K) From: 4066K(69888K)->4131K(69888K)
[6.726s][info][gc,heap        ] GC(9) Tenured: 3469K(1398144K)->3469K(1398144K)
[6.726s][info][gc,metaspace   ] GC(9) Metaspace: 14576K(15104K)->14576K(15104K) NonClass: 12507K(12800K)->12507K(12800K) Class: 2068K(2304K)->2068K(2304K)
[6.726s][info][gc             ] GC(9) Pause Young (Allocation Failure) 553M->7M(1979M) 35.478ms
[6.726s][info][gc,cpu         ] GC(9) User=0.03s Sys=0.00s Real=0.02s
[7.185s][info][gc,start       ] GC(10) Pause Young (Allocation Failure)
[7.215s][info][gc,heap        ] GC(10) DefNew: 563491K(629248K)->4205K(629248K) Eden: 559360K(559360K)->0K(559360K) From: 4131K(69888K)->4205K(69888K)
[7.215s][info][gc,heap        ] GC(10) Tenured: 3469K(1398144K)->3469K(1398144K)
[7.215s][info][gc,metaspace   ] GC(10) Metaspace: 14576K(15104K)->14576K(15104K) NonClass: 12507K(12800K)->12507K(12800K) Class: 2068K(2304K)->2068K(2304K)
[7.215s][info][gc             ] GC(10) Pause Young (Allocation Failure) 553M->7M(1979M) 29.854ms
[7.215s][info][gc,cpu         ] GC(10) User=0.02s Sys=0.00s Real=0.02s
[7.676s][info][gc,start       ] GC(11) Pause Young (Allocation Failure)
[7.710s][info][gc,heap        ] GC(11) DefNew: 563565K(629248K)->4276K(629248K) Eden: 559360K(559360K)->0K(559360K) From: 4205K(69888K)->4276K(69888K)
[7.710s][info][gc,heap        ] GC(11) Tenured: 3469K(1398144K)->3469K(1398144K)
[7.710s][info][gc,metaspace   ] GC(11) Metaspace: 14579K(15104K)->14579K(15104K) NonClass: 12511K(12800K)->12511K(12800K) Class: 2068K(2304K)->2068K(2304K)
[7.710s][info][gc             ] GC(11) Pause Young (Allocation Failure) 553M->7M(1979M) 34.484ms
[7.710s][info][gc,cpu         ] GC(11) User=0.02s Sys=0.00s Real=0.02s
[8.181s][info][gc,start       ] GC(12) Pause Young (Allocation Failure)
[8.215s][info][gc,heap        ] GC(12) DefNew: 563636K(629248K)->4345K(629248K) Eden: 559360K(559360K)->0K(559360K) From: 4276K(69888K)->4345K(69888K)
[8.215s][info][gc,heap        ] GC(12) Tenured: 3469K(1398144K)->3469K(1398144K)
[8.215s][info][gc,metaspace   ] GC(12) Metaspace: 14579K(15104K)->14579K(15104K) NonClass: 12511K(12800K)->12511K(12800K) Class: 2068K(2304K)->2068K(2304K)
[8.215s][info][gc             ] GC(12) Pause Young (Allocation Failure) 553M->7M(1979M) 34.253ms
[8.215s][info][gc,cpu         ] GC(12) User=0.03s Sys=0.00s Real=0.03s
[8.686s][info][gc,start       ] GC(13) Pause Young (Allocation Failure)
[8.718s][info][gc,heap        ] GC(13) DefNew: 563705K(629248K)->4418K(629248K) Eden: 559360K(559360K)->0K(559360K) From: 4345K(69888K)->4418K(69888K)
[8.718s][info][gc,heap        ] GC(13) Tenured: 3469K(1398144K)->3469K(1398144K)
[8.718s][info][gc,metaspace   ] GC(13) Metaspace: 14579K(15104K)->14579K(15104K) NonClass: 12511K(12800K)->12511K(12800K) Class: 2068K(2304K)->2068K(2304K)
[8.718s][info][gc             ] GC(13) Pause Young (Allocation Failure) 553M->7M(1979M) 31.420ms
[8.718s][info][gc,cpu         ] GC(13) User=0.03s Sys=0.00s Real=0.03s
[9.223s][info][gc,start       ] GC(14) Pause Young (Allocation Failure)
[9.258s][info][gc,heap        ] GC(14) DefNew: 563778K(629248K)->4496K(629248K) Eden: 559360K(559360K)->0K(559360K) From: 4418K(69888K)->4496K(69888K)
[9.258s][info][gc,heap        ] GC(14) Tenured: 3469K(1398144K)->3469K(1398144K)
[9.258s][info][gc,metaspace   ] GC(14) Metaspace: 14579K(15104K)->14579K(15104K) NonClass: 12511K(12800K)->12511K(12800K) Class: 2068K(2304K)->2068K(2304K)
[9.258s][info][gc             ] GC(14) Pause Young (Allocation Failure) 553M->7M(1979M) 35.437ms
[9.258s][info][gc,cpu         ] GC(14) User=0.03s Sys=0.00s Real=0.04s
[9.737s][info][gc,start       ] GC(15) Pause Young (Allocation Failure)
[9.769s][info][gc,heap        ] GC(15) DefNew: 563856K(629248K)->4569K(629248K) Eden: 559360K(559360K)->0K(559360K) From: 4496K(69888K)->4569K(69888K)
[9.769s][info][gc,heap        ] GC(15) Tenured: 3469K(1398144K)->3469K(1398144K)
[9.769s][info][gc,metaspace   ] GC(15) Metaspace: 14579K(15104K)->14579K(15104K) NonClass: 12511K(12800K)->12511K(12800K) Class: 2068K(2304K)->2068K(2304K)
[9.769s][info][gc             ] GC(15) Pause Young (Allocation Failure) 554M->7M(1979M) 32.206ms
[9.769s][info][gc,cpu         ] GC(15) User=0.02s Sys=0.00s Real=0.02s
[10.230s][info][gc,start       ] GC(16) Pause Young (Allocation Failure)
[10.268s][info][gc,heap        ] GC(16) DefNew: 563929K(629248K)->1112K(629248K) Eden: 559360K(559360K)->0K(559360K) From: 4569K(69888K)->1112K(69888K)
[10.268s][info][gc,heap        ] GC(16) Tenured: 3469K(1398144K)->6993K(1398144K)
[10.268s][info][gc,metaspace   ] GC(16) Metaspace: 14579K(15104K)->14579K(15104K) NonClass: 12511K(12800K)->12511K(12800K) Class: 2068K(2304K)->2068K(2304K)
[10.268s][info][gc             ] GC(16) Pause Young (Allocation Failure) 554M->7M(1979M) 37.713ms
[10.268s][info][gc,cpu         ] GC(16) User=0.03s Sys=0.00s Real=0.04s
[10.671s][info][gc,start       ] GC(17) Pause Young (Allocation Failure)
[10.692s][info][gc,heap        ] GC(17) DefNew: 560472K(629248K)->1098K(629248K) Eden: 559360K(559360K)->0K(559360K) From: 1112K(69888K)->1098K(69888K)
[10.692s][info][gc,heap        ] GC(17) Tenured: 6993K(1398144K)->7073K(1398144K)
[10.692s][info][gc,metaspace   ] GC(17) Metaspace: 14579K(15104K)->14579K(15104K) NonClass: 12511K(12800K)->12511K(12800K) Class: 2068K(2304K)->2068K(2304K)
[10.692s][info][gc             ] GC(17) Pause Young (Allocation Failure) 554M->7M(1979M) 20.927ms
[10.692s][info][gc,cpu         ] GC(17) User=0.02s Sys=0.00s Real=0.01s
[11.089s][info][gc,start       ] GC(18) Pause Young (Allocation Failure)
[11.110s][info][gc,heap        ] GC(18) DefNew: 560458K(629248K)->1082K(629248K) Eden: 559360K(559360K)->0K(559360K) From: 1098K(69888K)->1082K(69888K)
[11.111s][info][gc,heap        ] GC(18) Tenured: 7073K(1398144K)->7150K(1398144K)
[11.111s][info][gc,metaspace   ] GC(18) Metaspace: 14579K(15104K)->14579K(15104K) NonClass: 12511K(12800K)->12511K(12800K) Class: 2068K(2304K)->2068K(2304K)
[11.111s][info][gc             ] GC(18) Pause Young (Allocation Failure) 554M->8M(1979M) 21.377ms
[11.111s][info][gc,cpu         ] GC(18) User=0.02s Sys=0.00s Real=0.02s
[11.512s][info][gc,start       ] GC(19) Pause Young (Allocation Failure)
[11.534s][info][gc,heap        ] GC(19) DefNew: 560442K(629248K)->1067K(629248K) Eden: 559360K(559360K)->0K(559360K) From: 1082K(69888K)->1067K(69888K)
[11.534s][info][gc,heap        ] GC(19) Tenured: 7150K(1398144K)->7231K(1398144K)
[11.534s][info][gc,metaspace   ] GC(19) Metaspace: 14579K(15104K)->14579K(15104K) NonClass: 12511K(12800K)->12511K(12800K) Class: 2068K(2304K)->2068K(2304K)
[11.534s][info][gc             ] GC(19) Pause Young (Allocation Failure) 554M->8M(1979M) 21.893ms
[11.534s][info][gc,cpu         ] GC(19) User=0.02s Sys=0.00s Real=0.01s
[11.930s][info][gc,start       ] GC(20) Pause Young (Allocation Failure)
[11.952s][info][gc,heap        ] GC(20) DefNew: 560427K(629248K)->1064K(629248K) Eden: 559360K(559360K)->0K(559360K) From: 1067K(69888K)->1064K(69888K)
[11.953s][info][gc,heap        ] GC(20) Tenured: 7231K(1398144K)->7296K(1398144K)
[11.953s][info][gc,metaspace   ] GC(20) Metaspace: 14579K(15104K)->14579K(15104K) NonClass: 12511K(12800K)->12511K(12800K) Class: 2068K(2304K)->2068K(2304K)
[11.953s][info][gc             ] GC(20) Pause Young (Allocation Failure) 554M->8M(1979M) 22.549ms
[11.953s][info][gc,cpu         ] GC(20) User=0.02s Sys=0.00s Real=0.02s
[12.351s][info][gc,start       ] GC(21) Pause Young (Allocation Failure)
[12.379s][info][gc,heap        ] GC(21) DefNew: 560424K(629248K)->1041K(629248K) Eden: 559360K(559360K)->0K(559360K) From: 1064K(69888K)->1041K(69888K)
[12.379s][info][gc,heap        ] GC(21) Tenured: 7296K(1398144K)->7380K(1398144K)
[12.379s][info][gc,metaspace   ] GC(21) Metaspace: 14579K(15104K)->14579K(15104K) NonClass: 12511K(12800K)->12511K(12800K) Class: 2068K(2304K)->2068K(2304K)
[12.379s][info][gc             ] GC(21) Pause Young (Allocation Failure) 554M->8M(1979M) 28.494ms
[12.379s][info][gc,cpu         ] GC(21) User=0.03s Sys=0.00s Real=0.03s
[12.778s][info][gc,start       ] GC(22) Pause Young (Allocation Failure)
[12.804s][info][gc,heap        ] GC(22) DefNew: 560401K(629248K)->1036K(629248K) Eden: 559360K(559360K)->0K(559360K) From: 1041K(69888K)->1036K(69888K)
[12.804s][info][gc,heap        ] GC(22) Tenured: 7380K(1398144K)->7448K(1398144K)
[12.804s][info][gc,metaspace   ] GC(22) Metaspace: 14579K(15104K)->14579K(15104K) NonClass: 12511K(12800K)->12511K(12800K) Class: 2068K(2304K)->2068K(2304K)
[12.804s][info][gc             ] GC(22) Pause Young (Allocation Failure) 554M->8M(1979M) 25.953ms
[12.804s][info][gc,cpu         ] GC(22) User=0.03s Sys=0.00s Real=0.03s
[13.203s][info][gc,start       ] GC(23) Pause Young (Allocation Failure)
[13.227s][info][gc,heap        ] GC(23) DefNew: 560396K(629248K)->1021K(629248K) Eden: 559360K(559360K)->0K(559360K) From: 1036K(69888K)->1021K(69888K)
[13.227s][info][gc,heap        ] GC(23) Tenured: 7448K(1398144K)->7525K(1398144K)
[13.227s][info][gc,metaspace   ] GC(23) Metaspace: 14579K(15104K)->14579K(15104K) NonClass: 12511K(12800K)->12511K(12800K) Class: 2068K(2304K)->2068K(2304K)
[13.227s][info][gc             ] GC(23) Pause Young (Allocation Failure) 554M->8M(1979M) 24.374ms
[13.227s][info][gc,cpu         ] GC(23) User=0.03s Sys=0.00s Real=0.02s
[13.625s][info][gc,start       ] GC(24) Pause Young (Allocation Failure)
[13.649s][info][gc,heap        ] GC(24) DefNew: 560381K(629248K)->1019K(629248K) Eden: 559360K(559360K)->0K(559360K) From: 1021K(69888K)->1019K(69888K)
[13.649s][info][gc,heap        ] GC(24) Tenured: 7525K(1398144K)->7590K(1398144K)
[13.649s][info][gc,metaspace   ] GC(24) Metaspace: 14579K(15104K)->14579K(15104K) NonClass: 12511K(12800K)->12511K(12800K) Class: 2068K(2304K)->2068K(2304K)
[13.649s][info][gc             ] GC(24) Pause Young (Allocation Failure) 554M->8M(1979M) 23.986ms
[13.649s][info][gc,cpu         ] GC(24) User=0.03s Sys=0.00s Real=0.02s
[14.047s][info][gc,start       ] GC(25) Pause Young (Allocation Failure)
[14.072s][info][gc,heap        ] GC(25) DefNew: 560379K(629248K)->1011K(629248K) Eden: 559360K(559360K)->0K(559360K) From: 1019K(69888K)->1011K(69888K)
[14.072s][info][gc,heap        ] GC(25) Tenured: 7590K(1398144K)->7661K(1398144K)
[14.072s][info][gc,metaspace   ] GC(25) Metaspace: 14579K(15104K)->14579K(15104K) NonClass: 12511K(12800K)->12511K(12800K) Class: 2068K(2304K)->2068K(2304K)
[14.072s][info][gc             ] GC(25) Pause Young (Allocation Failure) 554M->8M(1979M) 24.628ms
[14.072s][info][gc,cpu         ] GC(25) User=0.03s Sys=0.00s Real=0.02s
[14.471s][info][gc,start       ] GC(26) Pause Young (Allocation Failure)
[14.497s][info][gc,heap        ] GC(26) DefNew: 560371K(629248K)->1001K(629248K) Eden: 559360K(559360K)->0K(559360K) From: 1011K(69888K)->1001K(69888K)
[14.497s][info][gc,heap        ] GC(26) Tenured: 7661K(1398144K)->7735K(1398144K)
[14.497s][info][gc,metaspace   ] GC(26) Metaspace: 14579K(15104K)->14579K(15104K) NonClass: 12511K(12800K)->12511K(12800K) Class: 2068K(2304K)->2068K(2304K)
[14.497s][info][gc             ] GC(26) Pause Young (Allocation Failure) 554M->8M(1979M) 26.118ms
[14.497s][info][gc,cpu         ] GC(26) User=0.03s Sys=0.00s Real=0.02s
[14.893s][info][gc,start       ] GC(27) Pause Young (Allocation Failure)
[14.919s][info][gc,heap        ] GC(27) DefNew: 560361K(629248K)->993K(629248K) Eden: 559360K(559360K)->0K(559360K) From: 1001K(69888K)->993K(69888K)
[14.919s][info][gc,heap        ] GC(27) Tenured: 7735K(1398144K)->7803K(1398144K)
[14.919s][info][gc,metaspace   ] GC(27) Metaspace: 14579K(15104K)->14579K(15104K) NonClass: 12511K(12800K)->12511K(12800K) Class: 2068K(2304K)->2068K(2304K)
[14.919s][info][gc             ] GC(27) Pause Young (Allocation Failure) 554M->8M(1979M) 25.524ms
[14.919s][info][gc,cpu         ] GC(27) User=0.02s Sys=0.00s Real=0.02s
[15.321s][info][gc,start       ] GC(28) Pause Young (Allocation Failure)
[15.344s][info][gc,heap        ] GC(28) DefNew: 560353K(629248K)->983K(629248K) Eden: 559360K(559360K)->0K(559360K) From: 993K(69888K)->983K(69888K)
[15.344s][info][gc,heap        ] GC(28) Tenured: 7803K(1398144K)->7877K(1398144K)
[15.344s][info][gc,metaspace   ] GC(28) Metaspace: 14579K(15104K)->14579K(15104K) NonClass: 12511K(12800K)->12511K(12800K) Class: 2068K(2304K)->2068K(2304K)
[15.344s][info][gc             ] GC(28) Pause Young (Allocation Failure) 554M->8M(1979M) 23.327ms
[15.344s][info][gc,cpu         ] GC(28) User=0.02s Sys=0.00s Real=0.02s
[15.741s][info][gc,start       ] GC(29) Pause Young (Allocation Failure)
[15.763s][info][gc,heap        ] GC(29) DefNew: 560343K(629248K)->967K(629248K) Eden: 559360K(559360K)->0K(559360K) From: 983K(69888K)->967K(69888K)
[15.763s][info][gc,heap        ] GC(29) Tenured: 7877K(1398144K)->7954K(1398144K)
[15.763s][info][gc,metaspace   ] GC(29) Metaspace: 14579K(15104K)->14579K(15104K) NonClass: 12511K(12800K)->12511K(12800K) Class: 2068K(2304K)->2068K(2304K)
[15.763s][info][gc             ] GC(29) Pause Young (Allocation Failure) 554M->8M(1979M) 22.803ms
[15.763s][info][gc,cpu         ] GC(29) User=0.02s Sys=0.00s Real=0.02s
[16.164s][info][gc,start       ] GC(30) Pause Young (Allocation Failure)
[16.193s][info][gc,heap        ] GC(30) DefNew: 560327K(629248K)->956K(629248K) Eden: 559360K(559360K)->0K(559360K) From: 967K(69888K)->956K(69888K)
[16.193s][info][gc,heap        ] GC(30) Tenured: 7954K(1398144K)->8028K(1398144K)
[16.193s][info][gc,metaspace   ] GC(30) Metaspace: 14579K(15104K)->14579K(15104K) NonClass: 12511K(12800K)->12511K(12800K) Class: 2068K(2304K)->2068K(2304K)
[16.193s][info][gc             ] GC(30) Pause Young (Allocation Failure) 554M->8M(1979M) 29.308ms
[16.193s][info][gc,cpu         ] GC(30) User=0.02s Sys=0.00s Real=0.02s
[16.590s][info][gc,start       ] GC(31) Pause Young (Allocation Failure)
[16.619s][info][gc,heap        ] GC(31) DefNew: 560316K(629248K)->949K(629248K) Eden: 559360K(559360K)->0K(559360K) From: 956K(69888K)->949K(69888K)
[16.619s][info][gc,heap        ] GC(31) Tenured: 8028K(1398144K)->8096K(1398144K)
[16.619s][info][gc,metaspace   ] GC(31) Metaspace: 14579K(15104K)->14579K(15104K) NonClass: 12511K(12800K)->12511K(12800K) Class: 2068K(2304K)->2068K(2304K)
[16.619s][info][gc             ] GC(31) Pause Young (Allocation Failure) 555M->8M(1979M) 29.385ms
[16.619s][info][gc,cpu         ] GC(31) User=0.03s Sys=0.00s Real=0.03s
[17.020s][info][gc,start       ] GC(32) Pause Young (Allocation Failure)
[17.050s][info][gc,heap        ] GC(32) DefNew: 560309K(629248K)->946K(629248K) Eden: 559360K(559360K)->0K(559360K) From: 949K(69888K)->946K(69888K)
[17.050s][info][gc,heap        ] GC(32) Tenured: 8096K(1398144K)->8161K(1398144K)
[17.050s][info][gc,metaspace   ] GC(32) Metaspace: 14579K(15104K)->14579K(15104K) NonClass: 12511K(12800K)->12511K(12800K) Class: 2068K(2304K)->2068K(2304K)
[17.050s][info][gc             ] GC(32) Pause Young (Allocation Failure) 555M->8M(1979M) 30.277ms
[17.050s][info][gc,cpu         ] GC(32) User=0.02s Sys=0.00s Real=0.01s
[17.449s][info][gc,start       ] GC(33) Pause Young (Allocation Failure)
[17.480s][info][gc,heap        ] GC(33) DefNew: 560306K(629248K)->946K(629248K) Eden: 559360K(559360K)->0K(559360K) From: 946K(69888K)->946K(69888K)
[17.480s][info][gc,heap        ] GC(33) Tenured: 8161K(1398144K)->8223K(1398144K)
[17.480s][info][gc,metaspace   ] GC(33) Metaspace: 14579K(15104K)->14579K(15104K) NonClass: 12511K(12800K)->12511K(12800K) Class: 2068K(2304K)->2068K(2304K)
[17.480s][info][gc             ] GC(33) Pause Young (Allocation Failure) 555M->8M(1979M) 31.345ms
[17.480s][info][gc,cpu         ] GC(33) User=0.02s Sys=0.00s Real=0.02s
[18.035s][info][gc,start       ] GC(34) Pause Young (Allocation Failure)
[18.068s][info][gc,heap        ] GC(34) DefNew: 560306K(629248K)->946K(629248K) Eden: 559360K(559360K)->0K(559360K) From: 946K(69888K)->946K(69888K)
[18.068s][info][gc,heap        ] GC(34) Tenured: 8223K(1398144K)->8288K(1398144K)
[18.068s][info][gc,metaspace   ] GC(34) Metaspace: 14579K(15104K)->14579K(15104K) NonClass: 12511K(12800K)->12511K(12800K) Class: 2068K(2304K)->2068K(2304K)
[18.068s][info][gc             ] GC(34) Pause Young (Allocation Failure) 555M->9M(1979M) 32.962ms
[18.068s][info][gc,cpu         ] GC(34) User=0.03s Sys=0.00s Real=0.03s
[18.473s][info][gc,start       ] GC(35) Pause Young (Allocation Failure)
[18.501s][info][gc,heap        ] GC(35) DefNew: 560306K(629248K)->948K(629248K) Eden: 559360K(559360K)->0K(559360K) From: 946K(69888K)->948K(69888K)
[18.501s][info][gc,heap        ] GC(35) Tenured: 8288K(1398144K)->8349K(1398144K)
[18.501s][info][gc,metaspace   ] GC(35) Metaspace: 14579K(15104K)->14579K(15104K) NonClass: 12511K(12800K)->12511K(12800K) Class: 2068K(2304K)->2068K(2304K)
[18.501s][info][gc             ] GC(35) Pause Young (Allocation Failure) 555M->9M(1979M) 27.357ms
[18.501s][info][gc,cpu         ] GC(35) User=0.02s Sys=0.00s Real=0.02s
[18.900s][info][gc,start       ] GC(36) Pause Young (Allocation Failure)
[18.927s][info][gc,heap        ] GC(36) DefNew: 560308K(629248K)->949K(629248K) Eden: 559360K(559360K)->0K(559360K) From: 948K(69888K)->949K(69888K)
[18.927s][info][gc,heap        ] GC(36) Tenured: 8349K(1398144K)->8411K(1398144K)
[18.927s][info][gc,metaspace   ] GC(36) Metaspace: 14579K(15104K)->14579K(15104K) NonClass: 12511K(12800K)->12511K(12800K) Class: 2068K(2304K)->2068K(2304K)
[18.927s][info][gc             ] GC(36) Pause Young (Allocation Failure) 555M->9M(1979M) 26.995ms
[18.927s][info][gc,cpu         ] GC(36) User=0.02s Sys=0.00s Real=0.02s
[19.328s][info][gc,start       ] GC(37) Pause Young (Allocation Failure)
[19.354s][info][gc,heap        ] GC(37) DefNew: 560309K(629248K)->946K(629248K) Eden: 559360K(559360K)->0K(559360K) From: 949K(69888K)->946K(69888K)
[19.354s][info][gc,heap        ] GC(37) Tenured: 8411K(1398144K)->8477K(1398144K)
[19.355s][info][gc,metaspace   ] GC(37) Metaspace: 14579K(15104K)->14579K(15104K) NonClass: 12511K(12800K)->12511K(12800K) Class: 2068K(2304K)->2068K(2304K)
[19.355s][info][gc             ] GC(37) Pause Young (Allocation Failure) 555M->9M(1979M) 27.029ms
[19.355s][info][gc,cpu         ] GC(37) User=0.03s Sys=0.00s Real=0.03s
[19.750s][info][gc,start       ] GC(38) Pause Young (Allocation Failure)
[19.778s][info][gc,heap        ] GC(38) DefNew: 560306K(629248K)->946K(629248K) Eden: 559360K(559360K)->0K(559360K) From: 946K(69888K)->946K(69888K)
[19.778s][info][gc,heap        ] GC(38) Tenured: 8477K(1398144K)->8539K(1398144K)
[19.778s][info][gc,metaspace   ] GC(38) Metaspace: 14579K(15104K)->14579K(15104K) NonClass: 12511K(12800K)->12511K(12800K) Class: 2068K(2304K)->2068K(2304K)
[19.778s][info][gc             ] GC(38) Pause Young (Allocation Failure) 555M->9M(1979M) 27.940ms
[19.778s][info][gc,cpu         ] GC(38) User=0.02s Sys=0.00s Real=0.01s
[20.202s][info][gc,start       ] GC(39) Pause Young (Allocation Failure)
[20.232s][info][gc,heap        ] GC(39) DefNew: 560306K(629248K)->947K(629248K) Eden: 559360K(559360K)->0K(559360K) From: 946K(69888K)->947K(69888K)
[20.232s][info][gc,heap        ] GC(39) Tenured: 8539K(1398144K)->8601K(1398144K)
[20.232s][info][gc,metaspace   ] GC(39) Metaspace: 14579K(15104K)->14579K(15104K) NonClass: 12511K(12800K)->12511K(12800K) Class: 2068K(2304K)->2068K(2304K)
[20.232s][info][gc             ] GC(39) Pause Young (Allocation Failure) 555M->9M(1979M) 29.661ms
[20.232s][info][gc,cpu         ] GC(39) User=0.03s Sys=0.00s Real=0.02s
[20.681s][info][gc,start       ] GC(40) Pause Young (Allocation Failure)
[20.713s][info][gc,heap        ] GC(40) DefNew: 560307K(629248K)->954K(629248K) Eden: 559360K(559360K)->0K(559360K) From: 947K(69888K)->954K(69888K)
[20.713s][info][gc,heap        ] GC(40) Tenured: 8601K(1398144K)->8664K(1398144K)
[20.713s][info][gc,metaspace   ] GC(40) Metaspace: 14579K(15104K)->14579K(15104K) NonClass: 12511K(12800K)->12511K(12800K) Class: 2068K(2304K)->2068K(2304K)
[20.713s][info][gc             ] GC(40) Pause Young (Allocation Failure) 555M->9M(1979M) 32.082ms
[20.713s][info][gc,cpu         ] GC(40) User=0.03s Sys=0.00s Real=0.03s
[21.192s][info][gc,start       ] GC(41) Pause Young (Allocation Failure)
[21.230s][info][gc,heap        ] GC(41) DefNew: 560314K(629248K)->966K(629248K) Eden: 559360K(559360K)->0K(559360K) From: 954K(69888K)->966K(69888K)
[21.230s][info][gc,heap        ] GC(41) Tenured: 8664K(1398144K)->8728K(1398144K)
[21.230s][info][gc,metaspace   ] GC(41) Metaspace: 14579K(15104K)->14579K(15104K) NonClass: 12511K(12800K)->12511K(12800K) Class: 2068K(2304K)->2068K(2304K)
[21.230s][info][gc             ] GC(41) Pause Young (Allocation Failure) 555M->9M(1979M) 37.998ms
[21.230s][info][gc,cpu         ] GC(41) User=0.02s Sys=0.00s Real=0.03s
[21.684s][info][gc,start       ] GC(42) Pause Full (System.gc())
[21.684s][info][gc,phases,start] GC(42) Phase 1: Mark live objects
[21.727s][info][gc,phases      ] GC(42) Phase 1: Mark live objects 42.726ms
[21.727s][info][gc,phases,start] GC(42) Phase 2: Compute new object addresses
[21.845s][info][gc,phases      ] GC(42) Phase 2: Compute new object addresses 117.797ms
[21.845s][info][gc,phases,start] GC(42) Phase 3: Adjust pointers
[21.856s][info][gc,phases      ] GC(42) Phase 3: Adjust pointers 11.230ms
[21.856s][info][gc,phases,start] GC(42) Phase 4: Move objects
[21.856s][info][gc,phases      ] GC(42) Phase 4: Move objects 0.035ms
[21.857s][info][gc,heap        ] GC(42) DefNew: 511074K(629248K)->0K(629248K) Eden: 510108K(559360K)->0K(559360K) From: 966K(69888K)->0K(69888K)
[21.857s][info][gc,heap        ] GC(42) Tenured: 8728K(1398144K)->8763K(1398144K)
[21.857s][info][gc,metaspace   ] GC(42) Metaspace: 14678K(15232K)->14280K(15232K) NonClass: 12600K(12928K)->12312K(12928K) Class: 2078K(2304K)->1967K(2304K)
[21.857s][info][gc             ] GC(42) Pause Full (System.gc()) 507M->8M(1979M) 173.278ms
[21.857s][info][gc,cpu         ] GC(42) User=0.17s Sys=0.00s Real=0.17s
[22.255s][info][gc,start       ] GC(43) Pause Young (Allocation Failure)
[22.287s][info][gc,heap        ] GC(43) DefNew: 559360K(629248K)->1512K(629248K) Eden: 559360K(559360K)->0K(559360K) From: 0K(69888K)->1512K(69888K)
[22.287s][info][gc,heap        ] GC(43) Tenured: 8763K(1398144K)->8763K(1398144K)
[22.287s][info][gc,metaspace   ] GC(43) Metaspace: 14282K(15232K)->14282K(15232K) NonClass: 12314K(12928K)->12314K(12928K) Class: 1967K(2304K)->1967K(2304K)
[22.287s][info][gc             ] GC(43) Pause Young (Allocation Failure) 554M->10M(1979M) 31.374ms
[22.287s][info][gc,cpu         ] GC(43) User=0.03s Sys=0.00s Real=0.03s
[22.678s][info][gc,start       ] GC(44) Pause Young (Allocation Failure)
[22.704s][info][gc,heap        ] GC(44) DefNew: 560872K(629248K)->1574K(629248K) Eden: 559360K(559360K)->0K(559360K) From: 1512K(69888K)->1574K(69888K)
[22.704s][info][gc,heap        ] GC(44) Tenured: 8763K(1398144K)->8763K(1398144K)
[22.705s][info][gc,metaspace   ] GC(44) Metaspace: 14282K(15232K)->14282K(15232K) NonClass: 12314K(12928K)->12314K(12928K) Class: 1967K(2304K)->1967K(2304K)
[22.705s][info][gc             ] GC(44) Pause Young (Allocation Failure) 556M->10M(1979M) 26.732ms
[22.705s][info][gc,cpu         ] GC(44) User=0.02s Sys=0.00s Real=0.01s
[23.094s][info][gc,start       ] GC(45) Pause Young (Allocation Failure)
[23.126s][info][gc,heap        ] GC(45) DefNew: 560934K(629248K)->1637K(629248K) Eden: 559360K(559360K)->0K(559360K) From: 1574K(69888K)->1637K(69888K)
[23.126s][info][gc,heap        ] GC(45) Tenured: 8763K(1398144K)->8763K(1398144K)
[23.126s][info][gc,metaspace   ] GC(45) Metaspace: 14282K(15232K)->14282K(15232K) NonClass: 12314K(12928K)->12314K(12928K) Class: 1967K(2304K)->1967K(2304K)
[23.126s][info][gc             ] GC(45) Pause Young (Allocation Failure) 556M->10M(1979M) 32.745ms
[23.126s][info][gc,cpu         ] GC(45) User=0.03s Sys=0.00s Real=0.03s
[23.529s][info][gc,start       ] GC(46) Pause Young (Allocation Failure)
[23.563s][info][gc,heap        ] GC(46) DefNew: 560997K(629248K)->1698K(629248K) Eden: 559360K(559360K)->0K(559360K) From: 1637K(69888K)->1698K(69888K)
[23.563s][info][gc,heap        ] GC(46) Tenured: 8763K(1398144K)->8763K(1398144K)
[23.563s][info][gc,metaspace   ] GC(46) Metaspace: 14282K(15232K)->14282K(15232K) NonClass: 12314K(12928K)->12314K(12928K) Class: 1967K(2304K)->1967K(2304K)
[23.563s][info][gc             ] GC(46) Pause Young (Allocation Failure) 556M->10M(1979M) 33.711ms
[23.563s][info][gc,cpu         ] GC(46) User=0.03s Sys=0.00s Real=0.03s
[23.985s][info][gc,start       ] GC(47) Pause Young (Allocation Failure)
[24.022s][info][gc,heap        ] GC(47) DefNew: 561058K(629248K)->1767K(629248K) Eden: 559360K(559360K)->0K(559360K) From: 1698K(69888K)->1767K(69888K)
[24.022s][info][gc,heap        ] GC(47) Tenured: 8763K(1398144K)->8763K(1398144K)
[24.022s][info][gc,metaspace   ] GC(47) Metaspace: 14282K(15232K)->14282K(15232K) NonClass: 12314K(12928K)->12314K(12928K) Class: 1967K(2304K)->1967K(2304K)
[24.022s][info][gc             ] GC(47) Pause Young (Allocation Failure) 556M->10M(1979M) 37.239ms
[24.022s][info][gc,cpu         ] GC(47) User=0.05s Sys=0.00s Real=0.04s
[24.436s][info][gc,start       ] GC(48) Pause Young (Allocation Failure)
[24.474s][info][gc,heap        ] GC(48) DefNew: 561127K(629248K)->1832K(629248K) Eden: 559360K(559360K)->0K(559360K) From: 1767K(69888K)->1832K(69888K)
[24.474s][info][gc,heap        ] GC(48) Tenured: 8763K(1398144K)->8763K(1398144K)
[24.474s][info][gc,metaspace   ] GC(48) Metaspace: 14282K(15232K)->14282K(15232K) NonClass: 12314K(12928K)->12314K(12928K) Class: 1967K(2304K)->1967K(2304K)
[24.474s][info][gc             ] GC(48) Pause Young (Allocation Failure) 556M->10M(1979M) 38.402ms
[24.474s][info][gc,cpu         ] GC(48) User=0.05s Sys=0.00s Real=0.04s
[24.864s][info][gc,start       ] GC(49) Pause Young (Allocation Failure)
[24.901s][info][gc,heap        ] GC(49) DefNew: 561192K(629248K)->1893K(629248K) Eden: 559360K(559360K)->0K(559360K) From: 1832K(69888K)->1893K(69888K)
[24.901s][info][gc,heap        ] GC(49) Tenured: 8763K(1398144K)->8763K(1398144K)
[24.901s][info][gc,metaspace   ] GC(49) Metaspace: 14282K(15232K)->14282K(15232K) NonClass: 12314K(12928K)->12314K(12928K) Class: 1967K(2304K)->1967K(2304K)
[24.901s][info][gc             ] GC(49) Pause Young (Allocation Failure) 556M->10M(1979M) 36.855ms
[24.901s][info][gc,cpu         ] GC(49) User=0.03s Sys=0.00s Real=0.04s
[25.318s][info][gc,start       ] GC(50) Pause Young (Allocation Failure)
[25.358s][info][gc,heap        ] GC(50) DefNew: 561253K(629248K)->1962K(629248K) Eden: 559360K(559360K)->0K(559360K) From: 1893K(69888K)->1962K(69888K)
[25.358s][info][gc,heap        ] GC(50) Tenured: 8763K(1398144K)->8763K(1398144K)
[25.358s][info][gc,metaspace   ] GC(50) Metaspace: 14282K(15232K)->14282K(15232K) NonClass: 12314K(12928K)->12314K(12928K) Class: 1967K(2304K)->1967K(2304K)
[25.358s][info][gc             ] GC(50) Pause Young (Allocation Failure) 556M->10M(1979M) 40.503ms
[25.358s][info][gc,cpu         ] GC(50) User=0.03s Sys=0.00s Real=0.03s
[25.766s][info][gc,start       ] GC(51) Pause Young (Allocation Failure)
[25.807s][info][gc,heap        ] GC(51) DefNew: 561322K(629248K)->2025K(629248K) Eden: 559360K(559360K)->0K(559360K) From: 1962K(69888K)->2025K(69888K)
[25.807s][info][gc,heap        ] GC(51) Tenured: 8763K(1398144K)->8763K(1398144K)
[25.807s][info][gc,metaspace   ] GC(51) Metaspace: 14282K(15232K)->14282K(15232K) NonClass: 12314K(12928K)->12314K(12928K) Class: 1967K(2304K)->1967K(2304K)
[25.807s][info][gc             ] GC(51) Pause Young (Allocation Failure) 556M->10M(1979M) 41.045ms
[25.807s][info][gc,cpu         ] GC(51) User=0.03s Sys=0.00s Real=0.03s
[26.295s][info][gc,start       ] GC(52) Pause Young (Allocation Failure)
[26.338s][info][gc,heap        ] GC(52) DefNew: 561385K(629248K)->2088K(629248K) Eden: 559360K(559360K)->0K(559360K) From: 2025K(69888K)->2088K(69888K)
[26.338s][info][gc,heap        ] GC(52) Tenured: 8763K(1398144K)->8763K(1398144K)
[26.338s][info][gc,metaspace   ] GC(52) Metaspace: 14282K(15232K)->14282K(15232K) NonClass: 12314K(12928K)->12314K(12928K) Class: 1967K(2304K)->1967K(2304K)
[26.338s][info][gc             ] GC(52) Pause Young (Allocation Failure) 556M->10M(1979M) 42.568ms
[26.338s][info][gc,cpu         ] GC(52) User=0.03s Sys=0.00s Real=0.03s
[26.755s][info][gc,start       ] GC(53) Pause Young (Allocation Failure)
[26.784s][info][gc,heap        ] GC(53) DefNew: 561448K(629248K)->2153K(629248K) Eden: 559360K(559360K)->0K(559360K) From: 2088K(69888K)->2153K(69888K)
[26.785s][info][gc,heap        ] GC(53) Tenured: 8763K(1398144K)->8763K(1398144K)
[26.785s][info][gc,metaspace   ] GC(53) Metaspace: 14282K(15232K)->14282K(15232K) NonClass: 12314K(12928K)->12314K(12928K) Class: 1967K(2304K)->1967K(2304K)
[26.785s][info][gc             ] GC(53) Pause Young (Allocation Failure) 556M->10M(1979M) 29.997ms
[26.785s][info][gc,cpu         ] GC(53) User=0.02s Sys=0.00s Real=0.02s
[27.187s][info][gc,start       ] GC(54) Pause Young (Allocation Failure)
[27.222s][info][gc,heap        ] GC(54) DefNew: 561513K(629248K)->2215K(629248K) Eden: 559360K(559360K)->0K(559360K) From: 2153K(69888K)->2215K(69888K)
[27.222s][info][gc,heap        ] GC(54) Tenured: 8763K(1398144K)->8763K(1398144K)
[27.222s][info][gc,metaspace   ] GC(54) Metaspace: 14282K(15232K)->14282K(15232K) NonClass: 12314K(12928K)->12314K(12928K) Class: 1967K(2304K)->1967K(2304K)
[27.222s][info][gc             ] GC(54) Pause Young (Allocation Failure) 556M->10M(1979M) 35.077ms
[27.222s][info][gc,cpu         ] GC(54) User=0.05s Sys=0.00s Real=0.04s
[27.614s][info][gc,start       ] GC(55) Pause Young (Allocation Failure)
[27.651s][info][gc,heap        ] GC(55) DefNew: 561575K(629248K)->2280K(629248K) Eden: 559360K(559360K)->0K(559360K) From: 2215K(69888K)->2280K(69888K)
[27.651s][info][gc,heap        ] GC(55) Tenured: 8763K(1398144K)->8763K(1398144K)
[27.651s][info][gc,metaspace   ] GC(55) Metaspace: 14282K(15232K)->14282K(15232K) NonClass: 12314K(12928K)->12314K(12928K) Class: 1967K(2304K)->1967K(2304K)
[27.651s][info][gc             ] GC(55) Pause Young (Allocation Failure) 556M->10M(1979M) 37.022ms
[27.651s][info][gc,cpu         ] GC(55) User=0.02s Sys=0.00s Real=0.02s
[28.051s][info][gc,start       ] GC(56) Pause Young (Allocation Failure)
[28.089s][info][gc,heap        ] GC(56) DefNew: 561640K(629248K)->2345K(629248K) Eden: 559359K(559360K)->0K(559360K) From: 2280K(69888K)->2345K(69888K)
[28.089s][info][gc,heap        ] GC(56) Tenured: 8763K(1398144K)->8763K(1398144K)
[28.089s][info][gc,metaspace   ] GC(56) Metaspace: 14282K(15232K)->14282K(15232K) NonClass: 12314K(12928K)->12314K(12928K) Class: 1967K(2304K)->1967K(2304K)
[28.089s][info][gc             ] GC(56) Pause Young (Allocation Failure) 557M->10M(1979M) 38.427ms
[28.089s][info][gc,cpu         ] GC(56) User=0.02s Sys=0.00s Real=0.03s
[28.473s][info][gc,start       ] GC(57) Pause Young (Allocation Failure)
[28.508s][info][gc,heap        ] GC(57) DefNew: 561705K(629248K)->2407K(629248K) Eden: 559360K(559360K)->0K(559360K) From: 2345K(69888K)->2407K(69888K)
[28.508s][info][gc,heap        ] GC(57) Tenured: 8763K(1398144K)->8763K(1398144K)
[28.508s][info][gc,metaspace   ] GC(57) Metaspace: 14282K(15232K)->14282K(15232K) NonClass: 12314K(12928K)->12314K(12928K) Class: 1967K(2304K)->1967K(2304K)
[28.508s][info][gc             ] GC(57) Pause Young (Allocation Failure) 557M->10M(1979M) 34.740ms
[28.508s][info][gc,cpu         ] GC(57) User=0.02s Sys=0.00s Real=0.03s
[28.905s][info][gc,start       ] GC(58) Pause Young (Allocation Failure)
[28.946s][info][gc,heap        ] GC(58) DefNew: 561767K(629248K)->964K(629248K) Eden: 559360K(559360K)->0K(559360K) From: 2407K(69888K)->964K(69888K)
[28.946s][info][gc,heap        ] GC(58) Tenured: 8763K(1398144K)->10267K(1398144K)
[28.947s][info][gc,metaspace   ] GC(58) Metaspace: 14282K(15232K)->14282K(15232K) NonClass: 12314K(12928K)->12314K(12928K) Class: 1967K(2304K)->1967K(2304K)
[28.947s][info][gc             ] GC(58) Pause Young (Allocation Failure) 557M->10M(1979M) 41.662ms
[28.947s][info][gc,cpu         ] GC(58) User=0.05s Sys=0.00s Real=0.04s
[29.394s][info][gc,start       ] GC(59) Pause Young (Allocation Failure)
[29.437s][info][gc,heap        ] GC(59) DefNew: 560324K(629248K)->964K(629248K) Eden: 559360K(559360K)->0K(559360K) From: 964K(69888K)->964K(69888K)
[29.437s][info][gc,heap        ] GC(59) Tenured: 10267K(1398144K)->10329K(1398144K)
[29.437s][info][gc,metaspace   ] GC(59) Metaspace: 14282K(15232K)->14282K(15232K) NonClass: 12314K(12928K)->12314K(12928K) Class: 1967K(2304K)->1967K(2304K)
[29.437s][info][gc             ] GC(59) Pause Young (Allocation Failure) 557M->11M(1979M) 43.080ms
[29.437s][info][gc,cpu         ] GC(59) User=0.03s Sys=0.00s Real=0.03s
[29.850s][info][gc,start       ] GC(60) Pause Young (Allocation Failure)
[29.879s][info][gc,heap        ] GC(60) DefNew: 560324K(629248K)->969K(629248K) Eden: 559360K(559360K)->0K(559360K) From: 964K(69888K)->969K(69888K)
[29.879s][info][gc,heap        ] GC(60) Tenured: 10329K(1398144K)->10391K(1398144K)
[29.879s][info][gc,metaspace   ] GC(60) Metaspace: 14282K(15232K)->14282K(15232K) NonClass: 12314K(12928K)->12314K(12928K) Class: 1967K(2304K)->1967K(2304K)
[29.879s][info][gc             ] GC(60) Pause Young (Allocation Failure) 557M->11M(1979M) 28.919ms
[29.879s][info][gc,cpu         ] GC(60) User=0.02s Sys=0.00s Real=0.02s
[30.277s][info][gc,start       ] GC(61) Pause Young (Allocation Failure)
[30.307s][info][gc,heap        ] GC(61) DefNew: 560329K(629248K)->970K(629248K) Eden: 559360K(559360K)->0K(559360K) From: 969K(69888K)->970K(69888K)
[30.307s][info][gc,heap        ] GC(61) Tenured: 10391K(1398144K)->10453K(1398144K)
[30.307s][info][gc,metaspace   ] GC(61) Metaspace: 14282K(15232K)->14282K(15232K) NonClass: 12314K(12928K)->12314K(12928K) Class: 1967K(2304K)->1967K(2304K)
[30.307s][info][gc             ] GC(61) Pause Young (Allocation Failure) 557M->11M(1979M) 30.328ms
[30.307s][info][gc,cpu         ] GC(61) User=0.02s Sys=0.00s Real=0.02s
[30.714s][info][gc,start       ] GC(62) Pause Young (Allocation Failure)
[30.750s][info][gc,heap        ] GC(62) DefNew: 560330K(629248K)->964K(629248K) Eden: 559360K(559360K)->0K(559360K) From: 970K(69888K)->964K(69888K)
[30.750s][info][gc,heap        ] GC(62) Tenured: 10453K(1398144K)->10521K(1398144K)
[30.750s][info][gc,metaspace   ] GC(62) Metaspace: 14282K(15232K)->14282K(15232K) NonClass: 12314K(12928K)->12314K(12928K) Class: 1967K(2304K)->1967K(2304K)
[30.750s][info][gc             ] GC(62) Pause Young (Allocation Failure) 557M->11M(1979M) 35.539ms
[30.750s][info][gc,cpu         ] GC(62) User=0.02s Sys=0.00s Real=0.02s
[31.148s][info][gc,start       ] GC(63) Pause Young (Allocation Failure)
[31.183s][info][gc,heap        ] GC(63) DefNew: 560324K(629248K)->961K(629248K) Eden: 559360K(559360K)->0K(559360K) From: 964K(69888K)->961K(69888K)
[31.183s][info][gc,heap        ] GC(63) Tenured: 10521K(1398144K)->10586K(1398144K)
[31.183s][info][gc,metaspace   ] GC(63) Metaspace: 14282K(15232K)->14282K(15232K) NonClass: 12314K(12928K)->12314K(12928K) Class: 1967K(2304K)->1967K(2304K)
[31.183s][info][gc             ] GC(63) Pause Young (Allocation Failure) 557M->11M(1979M) 34.841ms
[31.183s][info][gc,cpu         ] GC(63) User=0.03s Sys=0.00s Real=0.04s
[31.583s][info][gc,start       ] GC(64) Pause Young (Allocation Failure)
[31.622s][info][gc,heap        ] GC(64) DefNew: 560321K(629248K)->965K(629248K) Eden: 559360K(559360K)->0K(559360K) From: 961K(69888K)->965K(69888K)
[31.622s][info][gc,heap        ] GC(64) Tenured: 10586K(1398144K)->10647K(1398144K)
[31.622s][info][gc,metaspace   ] GC(64) Metaspace: 14282K(15232K)->14282K(15232K) NonClass: 12314K(12928K)->12314K(12928K) Class: 1967K(2304K)->1967K(2304K)
[31.622s][info][gc             ] GC(64) Pause Young (Allocation Failure) 557M->11M(1979M) 39.485ms
[31.622s][info][gc,cpu         ] GC(64) User=0.02s Sys=0.00s Real=0.03s
[32.022s][info][gc,start       ] GC(65) Pause Young (Allocation Failure)
[32.062s][info][gc,heap        ] GC(65) DefNew: 560325K(629248K)->962K(629248K) Eden: 559360K(559360K)->0K(559360K) From: 965K(69888K)->962K(69888K)
[32.062s][info][gc,heap        ] GC(65) Tenured: 10647K(1398144K)->10715K(1398144K)
[32.062s][info][gc,metaspace   ] GC(65) Metaspace: 14282K(15232K)->14282K(15232K) NonClass: 12314K(12928K)->12314K(12928K) Class: 1967K(2304K)->1967K(2304K)
[32.062s][info][gc             ] GC(65) Pause Young (Allocation Failure) 557M->11M(1979M) 39.657ms
[32.062s][info][gc,cpu         ] GC(65) User=0.03s Sys=0.00s Real=0.04s
[32.484s][info][gc,start       ] GC(66) Pause Young (Allocation Failure)
[32.524s][info][gc,heap        ] GC(66) DefNew: 560322K(629248K)->964K(629248K) Eden: 559360K(559360K)->0K(559360K) From: 962K(69888K)->964K(69888K)
[32.524s][info][gc,heap        ] GC(66) Tenured: 10715K(1398144K)->10777K(1398144K)
[32.524s][info][gc,metaspace   ] GC(66) Metaspace: 14282K(15232K)->14282K(15232K) NonClass: 12314K(12928K)->12314K(12928K) Class: 1967K(2304K)->1967K(2304K)
[32.524s][info][gc             ] GC(66) Pause Young (Allocation Failure) 557M->11M(1979M) 40.564ms
[32.524s][info][gc,cpu         ] GC(66) User=0.03s Sys=0.00s Real=0.03s
[32.931s][info][gc,start       ] GC(67) Pause Young (Allocation Failure)
[32.960s][info][gc,heap        ] GC(67) DefNew: 560324K(629248K)->964K(629248K) Eden: 559360K(559360K)->0K(559360K) From: 964K(69888K)->964K(69888K)
[32.960s][info][gc,heap        ] GC(67) Tenured: 10777K(1398144K)->10842K(1398144K)
[32.960s][info][gc,metaspace   ] GC(67) Metaspace: 14282K(15232K)->14282K(15232K) NonClass: 12314K(12928K)->12314K(12928K) Class: 1967K(2304K)->1967K(2304K)
[32.960s][info][gc             ] GC(67) Pause Young (Allocation Failure) 557M->11M(1979M) 29.415ms
[32.960s][info][gc,cpu         ] GC(67) User=0.02s Sys=0.00s Real=0.01s
[33.376s][info][gc,start       ] GC(68) Pause Young (Allocation Failure)
[33.405s][info][gc,heap        ] GC(68) DefNew: 560324K(629248K)->963K(629248K) Eden: 559360K(559360K)->0K(559360K) From: 964K(69888K)->963K(69888K)
[33.405s][info][gc,heap        ] GC(68) Tenured: 10842K(1398144K)->10907K(1398144K)
[33.405s][info][gc,metaspace   ] GC(68) Metaspace: 14282K(15232K)->14282K(15232K) NonClass: 12314K(12928K)->12314K(12928K) Class: 1967K(2304K)->1967K(2304K)
[33.406s][info][gc             ] GC(68) Pause Young (Allocation Failure) 557M->11M(1979M) 29.633ms
[33.406s][info][gc,cpu         ] GC(68) User=0.03s Sys=0.00s Real=0.02s
[33.801s][info][gc,start       ] GC(69) Pause Young (Allocation Failure)
[33.838s][info][gc,heap        ] GC(69) DefNew: 560323K(629248K)->963K(629248K) Eden: 559360K(559360K)->0K(559360K) From: 963K(69888K)->963K(69888K)
[33.838s][info][gc,heap        ] GC(69) Tenured: 10907K(1398144K)->10969K(1398144K)
[33.838s][info][gc,metaspace   ] GC(69) Metaspace: 14282K(15232K)->14282K(15232K) NonClass: 12314K(12928K)->12314K(12928K) Class: 1967K(2304K)->1967K(2304K)
[33.838s][info][gc             ] GC(69) Pause Young (Allocation Failure) 557M->11M(1979M) 36.794ms
[33.838s][info][gc,cpu         ] GC(69) User=0.03s Sys=0.00s Real=0.04s
[34.237s][info][gc,start       ] GC(70) Pause Young (Allocation Failure)
[34.275s][info][gc,heap        ] GC(70) DefNew: 560323K(629248K)->964K(629248K) Eden: 559360K(559360K)->0K(559360K) From: 963K(69888K)->964K(69888K)
[34.275s][info][gc,heap        ] GC(70) Tenured: 10969K(1398144K)->11033K(1398144K)
[34.275s][info][gc,metaspace   ] GC(70) Metaspace: 14282K(15232K)->14282K(15232K) NonClass: 12314K(12928K)->12314K(12928K) Class: 1967K(2304K)->1967K(2304K)
[34.275s][info][gc             ] GC(70) Pause Young (Allocation Failure) 557M->11M(1979M) 38.477ms
[34.275s][info][gc,cpu         ] GC(70) User=0.03s Sys=0.00s Real=0.03s
[34.676s][info][gc,start       ] GC(71) Pause Young (Allocation Failure)
[34.712s][info][gc,heap        ] GC(71) DefNew: 560324K(629248K)->970K(629248K) Eden: 559360K(559360K)->0K(559360K) From: 964K(69888K)->970K(69888K)
[34.712s][info][gc,heap        ] GC(71) Tenured: 11033K(1398144K)->11097K(1398144K)
[34.712s][info][gc,metaspace   ] GC(71) Metaspace: 14282K(15232K)->14282K(15232K) NonClass: 12314K(12928K)->12314K(12928K) Class: 1967K(2304K)->1967K(2304K)
[34.712s][info][gc             ] GC(71) Pause Young (Allocation Failure) 557M->11M(1979M) 35.937ms
[34.712s][info][gc,cpu         ] GC(71) User=0.03s Sys=0.00s Real=0.03s
[35.110s][info][gc,start       ] GC(72) Pause Young (Allocation Failure)
[35.145s][info][gc,heap        ] GC(72) DefNew: 560330K(629248K)->960K(629248K) Eden: 559360K(559360K)->0K(559360K) From: 970K(69888K)->960K(69888K)
[35.145s][info][gc,heap        ] GC(72) Tenured: 11097K(1398144K)->11159K(1398144K)
[35.145s][info][gc,metaspace   ] GC(72) Metaspace: 14282K(15232K)->14282K(15232K) NonClass: 12314K(12928K)->12314K(12928K) Class: 1967K(2304K)->1967K(2304K)
[35.145s][info][gc             ] GC(72) Pause Young (Allocation Failure) 558M->11M(1979M) 34.196ms
[35.145s][info][gc,cpu         ] GC(72) User=0.05s Sys=0.00s Real=0.03s
[35.566s][info][gc,start       ] GC(73) Pause Young (Allocation Failure)
[35.603s][info][gc,heap        ] GC(73) DefNew: 560320K(629248K)->960K(629248K) Eden: 559360K(559360K)->0K(559360K) From: 960K(69888K)->960K(69888K)
[35.603s][info][gc,heap        ] GC(73) Tenured: 11159K(1398144K)->11221K(1398144K)
[35.603s][info][gc,metaspace   ] GC(73) Metaspace: 14282K(15232K)->14282K(15232K) NonClass: 12314K(12928K)->12314K(12928K) Class: 1967K(2304K)->1967K(2304K)
[35.603s][info][gc             ] GC(73) Pause Young (Allocation Failure) 558M->11M(1979M) 36.449ms
[35.603s][info][gc,cpu         ] GC(73) User=0.03s Sys=0.00s Real=0.03s
[36.012s][info][gc,start       ] GC(74) Pause Young (Allocation Failure)
[36.048s][info][gc,heap        ] GC(74) DefNew: 560320K(629248K)->963K(629248K) Eden: 559360K(559360K)->0K(559360K) From: 960K(69888K)->963K(69888K)
[36.048s][info][gc,heap        ] GC(74) Tenured: 11221K(1398144K)->11284K(1398144K)
[36.048s][info][gc,metaspace   ] GC(74) Metaspace: 14282K(15232K)->14282K(15232K) NonClass: 12314K(12928K)->12314K(12928K) Class: 1967K(2304K)->1967K(2304K)
[36.048s][info][gc             ] GC(74) Pause Young (Allocation Failure) 558M->11M(1979M) 35.468ms
[36.048s][info][gc,cpu         ] GC(74) User=0.03s Sys=0.00s Real=0.03s
[36.443s][info][gc,start       ] GC(75) Pause Young (Allocation Failure)
[36.479s][info][gc,heap        ] GC(75) DefNew: 560323K(629248K)->960K(629248K) Eden: 559360K(559360K)->0K(559360K) From: 963K(69888K)->960K(69888K)
[36.479s][info][gc,heap        ] GC(75) Tenured: 11284K(1398144K)->11348K(1398144K)
[36.479s][info][gc,metaspace   ] GC(75) Metaspace: 14282K(15232K)->14282K(15232K) NonClass: 12314K(12928K)->12314K(12928K) Class: 1967K(2304K)->1967K(2304K)
[36.479s][info][gc             ] GC(75) Pause Young (Allocation Failure) 558M->12M(1979M) 36.007ms
[36.479s][info][gc,cpu         ] GC(75) User=0.02s Sys=0.00s Real=0.03s
[36.887s][info][gc,start       ] GC(76) Pause Young (Allocation Failure)
[36.923s][info][gc,heap        ] GC(76) DefNew: 560320K(629248K)->960K(629248K) Eden: 559360K(559360K)->0K(559360K) From: 960K(69888K)->960K(69888K)
[36.923s][info][gc,heap        ] GC(76) Tenured: 11348K(1398144K)->11413K(1398144K)
[36.923s][info][gc,metaspace   ] GC(76) Metaspace: 14282K(15232K)->14282K(15232K) NonClass: 12314K(12928K)->12314K(12928K) Class: 1967K(2304K)->1967K(2304K)
[36.923s][info][gc             ] GC(76) Pause Young (Allocation Failure) 558M->12M(1979M) 36.825ms
[36.923s][info][gc,cpu         ] GC(76) User=0.03s Sys=0.00s Real=0.03s
[37.320s][info][gc,start       ] GC(77) Pause Young (Allocation Failure)
[37.359s][info][gc,heap        ] GC(77) DefNew: 560320K(629248K)->962K(629248K) Eden: 559360K(559360K)->0K(559360K) From: 960K(69888K)->962K(69888K)
[37.359s][info][gc,heap        ] GC(77) Tenured: 11413K(1398144K)->11475K(1398144K)
[37.359s][info][gc,metaspace   ] GC(77) Metaspace: 14282K(15232K)->14282K(15232K) NonClass: 12314K(12928K)->12314K(12928K) Class: 1967K(2304K)->1967K(2304K)
[37.359s][info][gc             ] GC(77) Pause Young (Allocation Failure) 558M->12M(1979M) 39.117ms
[37.359s][info][gc,cpu         ] GC(77) User=0.03s Sys=0.00s Real=0.03s
[37.756s][info][gc,start       ] GC(78) Pause Young (Allocation Failure)
[37.796s][info][gc,heap        ] GC(78) DefNew: 560322K(629248K)->963K(629248K) Eden: 559360K(559360K)->0K(559360K) From: 962K(69888K)->963K(69888K)
[37.817s][info][gc,heap        ] GC(78) Tenured: 11475K(1398144K)->11537K(1398144K)
[37.817s][info][gc,metaspace   ] GC(78) Metaspace: 14282K(15232K)->14282K(15232K) NonClass: 12314K(12928K)->12314K(12928K) Class: 1967K(2304K)->1967K(2304K)
[37.817s][info][gc             ] GC(78) Pause Young (Allocation Failure) 558M->12M(1979M) 60.379ms
[37.817s][info][gc,cpu         ] GC(78) User=0.03s Sys=0.00s Real=0.06s
[38.217s][info][gc,start       ] GC(79) Pause Young (Allocation Failure)
[38.252s][info][gc,heap        ] GC(79) DefNew: 560323K(629248K)->962K(629248K) Eden: 559360K(559360K)->0K(559360K) From: 963K(69888K)->962K(69888K)
[38.252s][info][gc,heap        ] GC(79) Tenured: 11537K(1398144K)->11603K(1398144K)
[38.252s][info][gc,metaspace   ] GC(79) Metaspace: 14282K(15232K)->14282K(15232K) NonClass: 12314K(12928K)->12314K(12928K) Class: 1967K(2304K)->1967K(2304K)
[38.252s][info][gc             ] GC(79) Pause Young (Allocation Failure) 558M->12M(1979M) 35.019ms
[38.252s][info][gc,cpu         ] GC(79) User=0.05s Sys=0.00s Real=0.03s
[38.649s][info][gc,start       ] GC(80) Pause Young (Allocation Failure)
[38.684s][info][gc,heap        ] GC(80) DefNew: 560322K(629248K)->959K(629248K) Eden: 559360K(559360K)->0K(559360K) From: 962K(69888K)->959K(69888K)
[38.684s][info][gc,heap        ] GC(80) Tenured: 11603K(1398144K)->11667K(1398144K)
[38.684s][info][gc,metaspace   ] GC(80) Metaspace: 14282K(15232K)->14282K(15232K) NonClass: 12314K(12928K)->12314K(12928K) Class: 1967K(2304K)->1967K(2304K)
[38.684s][info][gc             ] GC(80) Pause Young (Allocation Failure) 558M->12M(1979M) 35.339ms
[38.684s][info][gc,cpu         ] GC(80) User=0.02s Sys=0.00s Real=0.02s
[39.097s][info][gc,start       ] GC(81) Pause Young (Allocation Failure)
[39.133s][info][gc,heap        ] GC(81) DefNew: 560319K(629248K)->961K(629248K) Eden: 559360K(559360K)->0K(559360K) From: 959K(69888K)->961K(69888K)
[39.133s][info][gc,heap        ] GC(81) Tenured: 11667K(1398144K)->11733K(1398144K)
[39.133s][info][gc,metaspace   ] GC(81) Metaspace: 14283K(15232K)->14283K(15232K) NonClass: 12315K(12928K)->12315K(12928K) Class: 1967K(2304K)->1967K(2304K)
[39.133s][info][gc             ] GC(81) Pause Young (Allocation Failure) 558M->12M(1979M) 35.716ms
[39.133s][info][gc,cpu         ] GC(81) User=0.02s Sys=0.00s Real=0.03s
[39.566s][info][gc,start       ] GC(82) Pause Young (Allocation Failure)
[39.599s][info][gc,heap        ] GC(82) DefNew: 560321K(629248K)->963K(629248K) Eden: 559360K(559360K)->0K(559360K) From: 961K(69888K)->963K(69888K)
[39.599s][info][gc,heap        ] GC(82) Tenured: 11733K(1398144K)->11798K(1398144K)
[39.599s][info][gc,metaspace   ] GC(82) Metaspace: 14283K(15232K)->14283K(15232K) NonClass: 12315K(12928K)->12315K(12928K) Class: 1967K(2304K)->1967K(2304K)
[39.599s][info][gc             ] GC(82) Pause Young (Allocation Failure) 558M->12M(1979M) 32.988ms
[39.599s][info][gc,cpu         ] GC(82) User=0.02s Sys=0.00s Real=0.02s
[40.053s][info][gc,start       ] GC(83) Pause Young (Allocation Failure)
[40.084s][info][gc,heap        ] GC(83) DefNew: 560323K(629248K)->971K(629248K) Eden: 559360K(559360K)->0K(559360K) From: 963K(69888K)->971K(69888K)
[40.084s][info][gc,heap        ] GC(83) Tenured: 11798K(1398144K)->11862K(1398144K)
[40.084s][info][gc,metaspace   ] GC(83) Metaspace: 14283K(15232K)->14283K(15232K) NonClass: 12315K(12928K)->12315K(12928K) Class: 1967K(2304K)->1967K(2304K)
[40.084s][info][gc             ] GC(83) Pause Young (Allocation Failure) 558M->12M(1979M) 31.491ms
[40.084s][info][gc,cpu         ] GC(83) User=0.03s Sys=0.00s Real=0.03s
[40.477s][info][gc,start       ] GC(84) Pause Young (Allocation Failure)
[40.505s][info][gc,heap        ] GC(84) DefNew: 560331K(629248K)->970K(629248K) Eden: 559360K(559360K)->0K(559360K) From: 971K(69888K)->970K(69888K)
[40.505s][info][gc,heap        ] GC(84) Tenured: 11862K(1398144K)->11924K(1398144K)
[40.505s][info][gc,metaspace   ] GC(84) Metaspace: 14283K(15232K)->14283K(15232K) NonClass: 12315K(12928K)->12315K(12928K) Class: 1967K(2304K)->1967K(2304K)
[40.505s][info][gc             ] GC(84) Pause Young (Allocation Failure) 558M->12M(1979M) 28.294ms
[40.505s][info][gc,cpu         ] GC(84) User=0.02s Sys=0.00s Real=0.02s
[40.699s][info][gc,start       ] GC(85) Pause Full (System.gc())
[40.699s][info][gc,phases,start] GC(85) Phase 1: Mark live objects
[40.729s][info][gc,phases      ] GC(85) Phase 1: Mark live objects 29.726ms
[40.729s][info][gc,phases,start] GC(85) Phase 2: Compute new object addresses
[40.771s][info][gc,phases      ] GC(85) Phase 2: Compute new object addresses 41.972ms
[40.771s][info][gc,phases,start] GC(85) Phase 3: Adjust pointers
[40.783s][info][gc,phases      ] GC(85) Phase 3: Adjust pointers 11.899ms
[40.783s][info][gc,phases,start] GC(85) Phase 4: Move objects
[40.783s][info][gc,phases      ] GC(85) Phase 4: Move objects 0.012ms
[40.783s][info][gc,heap        ] GC(85) DefNew: 182681K(629248K)->0K(629248K) Eden: 181711K(559360K)->0K(559360K) From: 970K(69888K)->0K(69888K)
[40.783s][info][gc,heap        ] GC(85) Tenured: 11924K(1398144K)->11925K(1398144K)
[40.783s][info][gc,metaspace   ] GC(85) Metaspace: 14283K(15232K)->14283K(15232K) NonClass: 12315K(12928K)->12315K(12928K) Class: 1967K(2304K)->1967K(2304K)
[40.783s][info][gc             ] GC(85) Pause Full (System.gc()) 190M->11M(1979M) 84.159ms
[40.783s][info][gc,cpu         ] GC(85) User=0.08s Sys=0.00s Real=0.08s
[41.118s][info][gc,start       ] GC(86) Pause Young (Allocation Failure)
[41.152s][info][gc,heap        ] GC(86) DefNew: 559360K(629248K)->1512K(629248K) Eden: 559360K(559360K)->0K(559360K) From: 0K(69888K)->1512K(69888K)
[41.152s][info][gc,heap        ] GC(86) Tenured: 11925K(1398144K)->11925K(1398144K)
[41.152s][info][gc,metaspace   ] GC(86) Metaspace: 14284K(15232K)->14284K(15232K) NonClass: 12316K(12928K)->12316K(12928K) Class: 1967K(2304K)->1967K(2304K)
[41.152s][info][gc             ] GC(86) Pause Young (Allocation Failure) 557M->13M(1979M) 34.197ms
[41.152s][info][gc,cpu         ] GC(86) User=0.03s Sys=0.00s Real=0.03s
[41.529s][info][gc,start       ] GC(87) Pause Young (Allocation Failure)
[41.566s][info][gc,heap        ] GC(87) DefNew: 560872K(629248K)->1571K(629248K) Eden: 559360K(559360K)->0K(559360K) From: 1512K(69888K)->1571K(69888K)
[41.566s][info][gc,heap        ] GC(87) Tenured: 11925K(1398144K)->11925K(1398144K)
[41.566s][info][gc,metaspace   ] GC(87) Metaspace: 14284K(15232K)->14284K(15232K) NonClass: 12316K(12928K)->12316K(12928K) Class: 1967K(2304K)->1967K(2304K)
[41.566s][info][gc             ] GC(87) Pause Young (Allocation Failure) 559M->13M(1979M) 36.717ms
[41.566s][info][gc,cpu         ] GC(87) User=0.03s Sys=0.00s Real=0.02s
[41.965s][info][gc,start       ] GC(88) Pause Young (Allocation Failure)
[42.007s][info][gc,heap        ] GC(88) DefNew: 560931K(629248K)->1633K(629248K) Eden: 559360K(559360K)->0K(559360K) From: 1571K(69888K)->1633K(69888K)
[42.008s][info][gc,heap        ] GC(88) Tenured: 11925K(1398144K)->11925K(1398144K)
[42.008s][info][gc,metaspace   ] GC(88) Metaspace: 14284K(15232K)->14284K(15232K) NonClass: 12316K(12928K)->12316K(12928K) Class: 1967K(2304K)->1967K(2304K)
[42.008s][info][gc             ] GC(88) Pause Young (Allocation Failure) 559M->13M(1979M) 42.782ms
[42.008s][info][gc,cpu         ] GC(88) User=0.03s Sys=0.00s Real=0.03s
[42.403s][info][gc,start       ] GC(89) Pause Young (Allocation Failure)
[42.442s][info][gc,heap        ] GC(89) DefNew: 560993K(629248K)->1694K(629248K) Eden: 559360K(559360K)->0K(559360K) From: 1633K(69888K)->1694K(69888K)
[42.442s][info][gc,heap        ] GC(89) Tenured: 11925K(1398144K)->11925K(1398144K)
[42.442s][info][gc,metaspace   ] GC(89) Metaspace: 14284K(15232K)->14284K(15232K) NonClass: 12316K(12928K)->12316K(12928K) Class: 1967K(2304K)->1967K(2304K)
[42.442s][info][gc             ] GC(89) Pause Young (Allocation Failure) 559M->13M(1979M) 38.933ms
[42.442s][info][gc,cpu         ] GC(89) User=0.05s Sys=0.00s Real=0.04s
[42.837s][info][gc,start       ] GC(90) Pause Young (Allocation Failure)
[42.881s][info][gc,heap        ] GC(90) DefNew: 561054K(629248K)->1757K(629248K) Eden: 559360K(559360K)->0K(559360K) From: 1694K(69888K)->1757K(69888K)
[42.881s][info][gc,heap        ] GC(90) Tenured: 11925K(1398144K)->11925K(1398144K)
[42.881s][info][gc,metaspace   ] GC(90) Metaspace: 14284K(15232K)->14284K(15232K) NonClass: 12316K(12928K)->12316K(12928K) Class: 1967K(2304K)->1967K(2304K)
[42.881s][info][gc             ] GC(90) Pause Young (Allocation Failure) 559M->13M(1979M) 44.044ms
[42.881s][info][gc,cpu         ] GC(90) User=0.03s Sys=0.00s Real=0.04s
[43.291s][info][gc,start       ] GC(91) Pause Young (Allocation Failure)
[43.330s][info][gc,heap        ] GC(91) DefNew: 561117K(629248K)->1821K(629248K) Eden: 559360K(559360K)->0K(559360K) From: 1757K(69888K)->1821K(69888K)
[43.330s][info][gc,heap        ] GC(91) Tenured: 11925K(1398144K)->11925K(1398144K)
[43.330s][info][gc,metaspace   ] GC(91) Metaspace: 14284K(15232K)->14284K(15232K) NonClass: 12316K(12928K)->12316K(12928K) Class: 1967K(2304K)->1967K(2304K)
[43.330s][info][gc             ] GC(91) Pause Young (Allocation Failure) 559M->13M(1979M) 38.240ms
[43.330s][info][gc,cpu         ] GC(91) User=0.03s Sys=0.00s Real=0.04s
[43.742s][info][gc,start       ] GC(92) Pause Young (Allocation Failure)
[43.781s][info][gc,heap        ] GC(92) DefNew: 561181K(629248K)->1888K(629248K) Eden: 559360K(559360K)->0K(559360K) From: 1821K(69888K)->1888K(69888K)
[43.781s][info][gc,heap        ] GC(92) Tenured: 11925K(1398144K)->11925K(1398144K)
[43.781s][info][gc,metaspace   ] GC(92) Metaspace: 14284K(15232K)->14284K(15232K) NonClass: 12316K(12928K)->12316K(12928K) Class: 1967K(2304K)->1967K(2304K)
[43.781s][info][gc             ] GC(92) Pause Young (Allocation Failure) 559M->13M(1979M) 38.863ms
[43.781s][info][gc,cpu         ] GC(92) User=0.03s Sys=0.00s Real=0.03s
[44.185s][info][gc,start       ] GC(93) Pause Young (Allocation Failure)
[44.227s][info][gc,heap        ] GC(93) DefNew: 561248K(629248K)->1952K(629248K) Eden: 559360K(559360K)->0K(559360K) From: 1888K(69888K)->1952K(69888K)
[44.227s][info][gc,heap        ] GC(93) Tenured: 11925K(1398144K)->11925K(1398144K)
[44.227s][info][gc,metaspace   ] GC(93) Metaspace: 14284K(15232K)->14284K(15232K) NonClass: 12316K(12928K)->12316K(12928K) Class: 1967K(2304K)->1967K(2304K)
[44.227s][info][gc             ] GC(93) Pause Young (Allocation Failure) 559M->13M(1979M) 42.213ms
[44.227s][info][gc,cpu         ] GC(93) User=0.03s Sys=0.00s Real=0.03s
[44.647s][info][gc,start       ] GC(94) Pause Young (Allocation Failure)
[44.690s][info][gc,heap        ] GC(94) DefNew: 561312K(629248K)->2019K(629248K) Eden: 559360K(559360K)->0K(559360K) From: 1952K(69888K)->2019K(69888K)
[44.690s][info][gc,heap        ] GC(94) Tenured: 11925K(1398144K)->11925K(1398144K)
[44.690s][info][gc,metaspace   ] GC(94) Metaspace: 14284K(15232K)->14284K(15232K) NonClass: 12316K(12928K)->12316K(12928K) Class: 1967K(2304K)->1967K(2304K)
[44.690s][info][gc             ] GC(94) Pause Young (Allocation Failure) 559M->13M(1979M) 43.066ms
[44.690s][info][gc,cpu         ] GC(94) User=0.03s Sys=0.00s Real=0.03s
[45.101s][info][gc,start       ] GC(95) Pause Young (Allocation Failure)
[45.142s][info][gc,heap        ] GC(95) DefNew: 561379K(629248K)->2083K(629248K) Eden: 559360K(559360K)->0K(559360K) From: 2019K(69888K)->2083K(69888K)
[45.142s][info][gc,heap        ] GC(95) Tenured: 11925K(1398144K)->11925K(1398144K)
[45.142s][info][gc,metaspace   ] GC(95) Metaspace: 14284K(15232K)->14284K(15232K) NonClass: 12316K(12928K)->12316K(12928K) Class: 1967K(2304K)->1967K(2304K)
[45.142s][info][gc             ] GC(95) Pause Young (Allocation Failure) 559M->13M(1979M) 41.398ms
[45.142s][info][gc,cpu         ] GC(95) User=0.03s Sys=0.00s Real=0.04s
[45.558s][info][gc,start       ] GC(96) Pause Young (Allocation Failure)
[45.595s][info][gc,heap        ] GC(96) DefNew: 561443K(629248K)->2148K(629248K) Eden: 559360K(559360K)->0K(559360K) From: 2083K(69888K)->2148K(69888K)
[45.595s][info][gc,heap        ] GC(96) Tenured: 11925K(1398144K)->11925K(1398144K)
[45.595s][info][gc,metaspace   ] GC(96) Metaspace: 14284K(15232K)->14284K(15232K) NonClass: 12316K(12928K)->12316K(12928K) Class: 1967K(2304K)->1967K(2304K)
[45.595s][info][gc             ] GC(96) Pause Young (Allocation Failure) 559M->13M(1979M) 37.026ms
[45.595s][info][gc,cpu         ] GC(96) User=0.03s Sys=0.00s Real=0.04s
[45.992s][info][gc,start       ] GC(97) Pause Young (Allocation Failure)
[46.035s][info][gc,heap        ] GC(97) DefNew: 561508K(629248K)->2210K(629248K) Eden: 559360K(559360K)->0K(559360K) From: 2148K(69888K)->2210K(69888K)
[46.035s][info][gc,heap        ] GC(97) Tenured: 11925K(1398144K)->11925K(1398144K)
[46.035s][info][gc,metaspace   ] GC(97) Metaspace: 14284K(15232K)->14284K(15232K) NonClass: 12316K(12928K)->12316K(12928K) Class: 1967K(2304K)->1967K(2304K)
[46.035s][info][gc             ] GC(97) Pause Young (Allocation Failure) 559M->13M(1979M) 43.437ms
[46.035s][info][gc,cpu         ] GC(97) User=0.03s Sys=0.00s Real=0.04s
[46.453s][info][gc,start       ] GC(98) Pause Young (Allocation Failure)
[46.492s][info][gc,heap        ] GC(98) DefNew: 561570K(629248K)->2276K(629248K) Eden: 559360K(559360K)->0K(559360K) From: 2210K(69888K)->2276K(69888K)
[46.492s][info][gc,heap        ] GC(98) Tenured: 11925K(1398144K)->11925K(1398144K)
[46.492s][info][gc,metaspace   ] GC(98) Metaspace: 14284K(15232K)->14284K(15232K) NonClass: 12316K(12928K)->12316K(12928K) Class: 1967K(2304K)->1967K(2304K)
[46.492s][info][gc             ] GC(98) Pause Young (Allocation Failure) 560M->13M(1979M) 38.659ms
[46.492s][info][gc,cpu         ] GC(98) User=0.05s Sys=0.00s Real=0.03s
[46.871s][info][gc,start       ] GC(99) Pause Young (Allocation Failure)
[46.910s][info][gc,heap        ] GC(99) DefNew: 561636K(629248K)->2335K(629248K) Eden: 559360K(559360K)->0K(559360K) From: 2276K(69888K)->2335K(69888K)
[46.910s][info][gc,heap        ] GC(99) Tenured: 11925K(1398144K)->11925K(1398144K)
[46.910s][info][gc,metaspace   ] GC(99) Metaspace: 14284K(15232K)->14284K(15232K) NonClass: 12316K(12928K)->12316K(12928K) Class: 1967K(2304K)->1967K(2304K)
[46.910s][info][gc             ] GC(99) Pause Young (Allocation Failure) 560M->13M(1979M) 38.959ms
[46.910s][info][gc,cpu         ] GC(99) User=0.03s Sys=0.00s Real=0.03s
[47.306s][info][gc,start       ] GC(100) Pause Young (Allocation Failure)
[47.346s][info][gc,heap        ] GC(100) DefNew: 561695K(629248K)->2399K(629248K) Eden: 559360K(559360K)->0K(559360K) From: 2335K(69888K)->2399K(69888K)
[47.346s][info][gc,heap        ] GC(100) Tenured: 11925K(1398144K)->11925K(1398144K)
[47.346s][info][gc,metaspace   ] GC(100) Metaspace: 14284K(15232K)->14284K(15232K) NonClass: 12316K(12928K)->12316K(12928K) Class: 1967K(2304K)->1967K(2304K)
[47.346s][info][gc             ] GC(100) Pause Young (Allocation Failure) 560M->13M(1979M) 39.992ms
[47.346s][info][gc,cpu         ] GC(100) User=0.03s Sys=0.00s Real=0.04s
[47.771s][info][gc,start       ] GC(101) Pause Young (Allocation Failure)
[47.817s][info][gc,heap        ] GC(101) DefNew: 561759K(629248K)->962K(629248K) Eden: 559360K(559360K)->0K(559360K) From: 2399K(69888K)->962K(69888K)
[47.817s][info][gc,heap        ] GC(101) Tenured: 11925K(1398144K)->13429K(1398144K)
[47.817s][info][gc,metaspace   ] GC(101) Metaspace: 14284K(15232K)->14284K(15232K) NonClass: 12316K(12928K)->12316K(12928K) Class: 1967K(2304K)->1967K(2304K)
[47.817s][info][gc             ] GC(101) Pause Young (Allocation Failure) 560M->14M(1979M) 45.796ms
[47.817s][info][gc,cpu         ] GC(101) User=0.03s Sys=0.00s Real=0.03s
[48.228s][info][gc,start       ] GC(102) Pause Young (Allocation Failure)
[48.273s][info][gc,heap        ] GC(102) DefNew: 560322K(629248K)->969K(629248K) Eden: 559360K(559360K)->0K(559360K) From: 962K(69888K)->969K(69888K)
[48.273s][info][gc,heap        ] GC(102) Tenured: 13429K(1398144K)->13487K(1398144K)
[48.273s][info][gc,metaspace   ] GC(102) Metaspace: 14284K(15232K)->14284K(15232K) NonClass: 12316K(12928K)->12316K(12928K) Class: 1967K(2304K)->1967K(2304K)
[48.273s][info][gc             ] GC(102) Pause Young (Allocation Failure) 560M->14M(1979M) 45.127ms
[48.273s][info][gc,cpu         ] GC(102) User=0.05s Sys=0.00s Real=0.05s
[48.686s][info][gc,start       ] GC(103) Pause Young (Allocation Failure)
[48.731s][info][gc,heap        ] GC(103) DefNew: 560329K(629248K)->973K(629248K) Eden: 559360K(559360K)->0K(559360K) From: 969K(69888K)->973K(69888K)
[48.731s][info][gc,heap        ] GC(103) Tenured: 13487K(1398144K)->13549K(1398144K)
[48.731s][info][gc,metaspace   ] GC(103) Metaspace: 14284K(15232K)->14284K(15232K) NonClass: 12316K(12928K)->12316K(12928K) Class: 1967K(2304K)->1967K(2304K)
[48.731s][info][gc             ] GC(103) Pause Young (Allocation Failure) 560M->14M(1979M) 45.417ms
[48.731s][info][gc,cpu         ] GC(103) User=0.03s Sys=0.00s Real=0.03s
[49.149s][info][gc,start       ] GC(104) Pause Young (Allocation Failure)
[49.192s][info][gc,heap        ] GC(104) DefNew: 560333K(629248K)->975K(629248K) Eden: 559360K(559360K)->0K(559360K) From: 973K(69888K)->975K(69888K)
[49.192s][info][gc,heap        ] GC(104) Tenured: 13549K(1398144K)->13611K(1398144K)
[49.192s][info][gc,metaspace   ] GC(104) Metaspace: 14284K(15232K)->14284K(15232K) NonClass: 12316K(12928K)->12316K(12928K) Class: 1967K(2304K)->1967K(2304K)
[49.192s][info][gc             ] GC(104) Pause Young (Allocation Failure) 560M->14M(1979M) 42.710ms
[49.192s][info][gc,cpu         ] GC(104) User=0.03s Sys=0.00s Real=0.04s
[49.613s][info][gc,start       ] GC(105) Pause Young (Allocation Failure)
[49.652s][info][gc,heap        ] GC(105) DefNew: 560335K(629248K)->979K(629248K) Eden: 559360K(559360K)->0K(559360K) From: 975K(69888K)->979K(69888K)
[49.652s][info][gc,heap        ] GC(105) Tenured: 13611K(1398144K)->13672K(1398144K)
[49.652s][info][gc,metaspace   ] GC(105) Metaspace: 14284K(15232K)->14284K(15232K) NonClass: 12316K(12928K)->12316K(12928K) Class: 1967K(2304K)->1967K(2304K)
[49.652s][info][gc             ] GC(105) Pause Young (Allocation Failure) 560M->14M(1979M) 39.546ms
[49.652s][info][gc,cpu         ] GC(105) User=0.03s Sys=0.00s Real=0.04s
[50.077s][info][gc,start       ] GC(106) Pause Young (Allocation Failure)
[50.114s][info][gc,heap        ] GC(106) DefNew: 560339K(629248K)->982K(629248K) Eden: 559360K(559360K)->0K(559360K) From: 979K(69888K)->982K(69888K)
[50.114s][info][gc,heap        ] GC(106) Tenured: 13672K(1398144K)->13737K(1398144K)
[50.114s][info][gc,metaspace   ] GC(106) Metaspace: 14284K(15232K)->14284K(15232K) NonClass: 12316K(12928K)->12316K(12928K) Class: 1967K(2304K)->1967K(2304K)
[50.114s][info][gc             ] GC(106) Pause Young (Allocation Failure) 560M->14M(1979M) 36.695ms
[50.114s][info][gc,cpu         ] GC(106) User=0.03s Sys=0.00s Real=0.03s
[50.522s][info][gc,start       ] GC(107) Pause Young (Allocation Failure)
[50.556s][info][gc,heap        ] GC(107) DefNew: 560342K(629248K)->978K(629248K) Eden: 559360K(559360K)->0K(559360K) From: 982K(69888K)->978K(69888K)
[50.556s][info][gc,heap        ] GC(107) Tenured: 13737K(1398144K)->13804K(1398144K)
[50.556s][info][gc,metaspace   ] GC(107) Metaspace: 14284K(15232K)->14284K(15232K) NonClass: 12316K(12928K)->12316K(12928K) Class: 1967K(2304K)->1967K(2304K)
[50.556s][info][gc             ] GC(107) Pause Young (Allocation Failure) 560M->14M(1979M) 34.068ms
[50.556s][info][gc,cpu         ] GC(107) User=0.03s Sys=0.00s Real=0.03s
[50.964s][info][gc,start       ] GC(108) Pause Young (Allocation Failure)
[50.999s][info][gc,heap        ] GC(108) DefNew: 560338K(629248K)->978K(629248K) Eden: 559360K(559360K)->0K(559360K) From: 978K(69888K)->978K(69888K)
[50.999s][info][gc,heap        ] GC(108) Tenured: 13804K(1398144K)->13869K(1398144K)
[50.999s][info][gc,metaspace   ] GC(108) Metaspace: 14284K(15232K)->14284K(15232K) NonClass: 12316K(12928K)->12316K(12928K) Class: 1967K(2304K)->1967K(2304K)
[50.999s][info][gc             ] GC(108) Pause Young (Allocation Failure) 560M->14M(1979M) 34.955ms
[50.999s][info][gc,cpu         ] GC(108) User=0.03s Sys=0.00s Real=0.02s
[51.405s][info][gc,start       ] GC(109) Pause Young (Allocation Failure)
[51.442s][info][gc,heap        ] GC(109) DefNew: 560338K(629248K)->977K(629248K) Eden: 559360K(559360K)->0K(559360K) From: 978K(69888K)->977K(69888K)
[51.442s][info][gc,heap        ] GC(109) Tenured: 13869K(1398144K)->13934K(1398144K)
[51.442s][info][gc,metaspace   ] GC(109) Metaspace: 14284K(15232K)->14284K(15232K) NonClass: 12316K(12928K)->12316K(12928K) Class: 1967K(2304K)->1967K(2304K)
[51.442s][info][gc             ] GC(109) Pause Young (Allocation Failure) 560M->14M(1979M) 37.169ms
[51.442s][info][gc,cpu         ] GC(109) User=0.05s Sys=0.00s Real=0.04s
[51.932s][info][gc,start       ] GC(110) Pause Young (Allocation Failure)
[51.975s][info][gc,heap        ] GC(110) DefNew: 560337K(629248K)->977K(629248K) Eden: 559360K(559360K)->0K(559360K) From: 977K(69888K)->977K(69888K)
[51.975s][info][gc,heap        ] GC(110) Tenured: 13934K(1398144K)->13999K(1398144K)
[51.975s][info][gc,metaspace   ] GC(110) Metaspace: 14284K(15232K)->14284K(15232K) NonClass: 12316K(12928K)->12316K(12928K) Class: 1967K(2304K)->1967K(2304K)
[51.975s][info][gc             ] GC(110) Pause Young (Allocation Failure) 560M->14M(1979M) 43.449ms
[51.975s][info][gc,cpu         ] GC(110) User=0.03s Sys=0.00s Real=0.03s
[52.398s][info][gc,start       ] GC(111) Pause Young (Allocation Failure)
[52.431s][info][gc,heap        ] GC(111) DefNew: 560337K(629248K)->977K(629248K) Eden: 559360K(559360K)->0K(559360K) From: 977K(69888K)->977K(69888K)
[52.431s][info][gc,heap        ] GC(111) Tenured: 13999K(1398144K)->14064K(1398144K)
[52.431s][info][gc,metaspace   ] GC(111) Metaspace: 14284K(15232K)->14284K(15232K) NonClass: 12316K(12928K)->12316K(12928K) Class: 1967K(2304K)->1967K(2304K)
[52.431s][info][gc             ] GC(111) Pause Young (Allocation Failure) 560M->14M(1979M) 33.748ms
[52.431s][info][gc,cpu         ] GC(111) User=0.03s Sys=0.00s Real=0.03s
[52.864s][info][gc,start       ] GC(112) Pause Young (Allocation Failure)
[52.897s][info][gc,heap        ] GC(112) DefNew: 560337K(629248K)->984K(629248K) Eden: 559360K(559360K)->0K(559360K) From: 977K(69888K)->984K(69888K)
[52.897s][info][gc,heap        ] GC(112) Tenured: 14064K(1398144K)->14126K(1398144K)
[52.897s][info][gc,metaspace   ] GC(112) Metaspace: 14284K(15232K)->14284K(15232K) NonClass: 12316K(12928K)->12316K(12928K) Class: 1967K(2304K)->1967K(2304K)
[52.897s][info][gc             ] GC(112) Pause Young (Allocation Failure) 560M->14M(1979M) 33.105ms
[52.897s][info][gc,cpu         ] GC(112) User=0.03s Sys=0.00s Real=0.03s
[53.307s][info][gc,start       ] GC(113) Pause Young (Allocation Failure)
[53.349s][info][gc,heap        ] GC(113) DefNew: 560344K(629248K)->983K(629248K) Eden: 559360K(559360K)->0K(559360K) From: 984K(69888K)->983K(69888K)
[53.349s][info][gc,heap        ] GC(113) Tenured: 14126K(1398144K)->14190K(1398144K)
[53.349s][info][gc,metaspace   ] GC(113) Metaspace: 14284K(15232K)->14284K(15232K) NonClass: 12316K(12928K)->12316K(12928K) Class: 1967K(2304K)->1967K(2304K)
[53.349s][info][gc             ] GC(113) Pause Young (Allocation Failure) 561M->14M(1979M) 41.576ms
[53.349s][info][gc,cpu         ] GC(113) User=0.03s Sys=0.00s Real=0.04s
[53.758s][info][gc,start       ] GC(114) Pause Young (Allocation Failure)
[53.802s][info][gc,heap        ] GC(114) DefNew: 560343K(629248K)->989K(629248K) Eden: 559360K(559360K)->0K(559360K) From: 983K(69888K)->989K(69888K)
[53.802s][info][gc,heap        ] GC(114) Tenured: 14190K(1398144K)->14249K(1398144K)
[53.802s][info][gc,metaspace   ] GC(114) Metaspace: 14284K(15232K)->14284K(15232K) NonClass: 12316K(12928K)->12316K(12928K) Class: 1967K(2304K)->1967K(2304K)
[53.802s][info][gc             ] GC(114) Pause Young (Allocation Failure) 561M->14M(1979M) 43.966ms
[53.802s][info][gc,cpu         ] GC(114) User=0.03s Sys=0.00s Real=0.04s
[54.212s][info][gc,start       ] GC(115) Pause Young (Allocation Failure)
[54.252s][info][gc,heap        ] GC(115) DefNew: 560349K(629248K)->989K(629248K) Eden: 559360K(559360K)->0K(559360K) From: 989K(69888K)->989K(69888K)
[54.252s][info][gc,heap        ] GC(115) Tenured: 14249K(1398144K)->14314K(1398144K)
[54.252s][info][gc,metaspace   ] GC(115) Metaspace: 14284K(15232K)->14284K(15232K) NonClass: 12316K(12928K)->12316K(12928K) Class: 1967K(2304K)->1967K(2304K)
[54.253s][info][gc             ] GC(115) Pause Young (Allocation Failure) 561M->14M(1979M) 40.977ms
[54.253s][info][gc,cpu         ] GC(115) User=0.03s Sys=0.00s Real=0.03s
[54.662s][info][gc,start       ] GC(116) Pause Young (Allocation Failure)
[54.707s][info][gc,heap        ] GC(116) DefNew: 560349K(629248K)->987K(629248K) Eden: 559360K(559360K)->0K(559360K) From: 989K(69888K)->987K(69888K)
[54.707s][info][gc,heap        ] GC(116) Tenured: 14314K(1398144K)->14379K(1398144K)
[54.707s][info][gc,metaspace   ] GC(116) Metaspace: 14284K(15232K)->14284K(15232K) NonClass: 12316K(12928K)->12316K(12928K) Class: 1967K(2304K)->1967K(2304K)
[54.707s][info][gc             ] GC(116) Pause Young (Allocation Failure) 561M->15M(1979M) 45.579ms
[54.707s][info][gc,cpu         ] GC(116) User=0.05s Sys=0.00s Real=0.05s
[55.118s][info][gc,start       ] GC(117) Pause Young (Allocation Failure)
[55.160s][info][gc,heap        ] GC(117) DefNew: 560347K(629248K)->981K(629248K) Eden: 559360K(559360K)->0K(559360K) From: 987K(69888K)->981K(69888K)
[55.161s][info][gc,heap        ] GC(117) Tenured: 14379K(1398144K)->14447K(1398144K)
[55.161s][info][gc,metaspace   ] GC(117) Metaspace: 14284K(15232K)->14284K(15232K) NonClass: 12316K(12928K)->12316K(12928K) Class: 1967K(2304K)->1967K(2304K)
[55.161s][info][gc             ] GC(117) Pause Young (Allocation Failure) 561M->15M(1979M) 42.337ms
[55.161s][info][gc,cpu         ] GC(117) User=0.05s Sys=0.00s Real=0.04s
[55.589s][info][gc,start       ] GC(118) Pause Young (Allocation Failure)
[55.628s][info][gc,heap        ] GC(118) DefNew: 560341K(629248K)->984K(629248K) Eden: 559360K(559360K)->0K(559360K) From: 981K(69888K)->984K(69888K)
[55.628s][info][gc,heap        ] GC(118) Tenured: 14447K(1398144K)->14512K(1398144K)
[55.628s][info][gc,metaspace   ] GC(118) Metaspace: 14284K(15232K)->14284K(15232K) NonClass: 12316K(12928K)->12316K(12928K) Class: 1967K(2304K)->1967K(2304K)
[55.628s][info][gc             ] GC(118) Pause Young (Allocation Failure) 561M->15M(1979M) 39.666ms
[55.628s][info][gc,cpu         ] GC(118) User=0.03s Sys=0.00s Real=0.04s
[56.034s][info][gc,start       ] GC(119) Pause Young (Allocation Failure)
[56.076s][info][gc,heap        ] GC(119) DefNew: 560344K(629248K)->984K(629248K) Eden: 559360K(559360K)->0K(559360K) From: 984K(69888K)->984K(69888K)
[56.076s][info][gc,heap        ] GC(119) Tenured: 14512K(1398144K)->14577K(1398144K)
[56.076s][info][gc,metaspace   ] GC(119) Metaspace: 14284K(15232K)->14284K(15232K) NonClass: 12316K(12928K)->12316K(12928K) Class: 1967K(2304K)->1967K(2304K)
[56.076s][info][gc             ] GC(119) Pause Young (Allocation Failure) 561M->15M(1979M) 42.232ms
[56.076s][info][gc,cpu         ] GC(119) User=0.02s Sys=0.00s Real=0.03s
[56.498s][info][gc,start       ] GC(120) Pause Young (Allocation Failure)
[56.540s][info][gc,heap        ] GC(120) DefNew: 560344K(629248K)->988K(629248K) Eden: 559360K(559360K)->0K(559360K) From: 984K(69888K)->988K(69888K)
[56.540s][info][gc,heap        ] GC(120) Tenured: 14577K(1398144K)->14642K(1398144K)
[56.540s][info][gc,metaspace   ] GC(120) Metaspace: 14284K(15232K)->14284K(15232K) NonClass: 12316K(12928K)->12316K(12928K) Class: 1967K(2304K)->1967K(2304K)
[56.540s][info][gc             ] GC(120) Pause Young (Allocation Failure) 561M->15M(1979M) 41.600ms
[56.540s][info][gc,cpu         ] GC(120) User=0.05s Sys=0.00s Real=0.04s
[56.953s][info][gc,start       ] GC(121) Pause Young (Allocation Failure)
[56.996s][info][gc,heap        ] GC(121) DefNew: 560348K(629248K)->987K(629248K) Eden: 559360K(559360K)->0K(559360K) From: 988K(69888K)->987K(69888K)
[56.996s][info][gc,heap        ] GC(121) Tenured: 14642K(1398144K)->14707K(1398144K)
[56.996s][info][gc,metaspace   ] GC(121) Metaspace: 14284K(15232K)->14284K(15232K) NonClass: 12316K(12928K)->12316K(12928K) Class: 1967K(2304K)->1967K(2304K)
[56.996s][info][gc             ] GC(121) Pause Young (Allocation Failure) 561M->15M(1979M) 43.761ms
[56.997s][info][gc,cpu         ] GC(121) User=0.03s Sys=0.00s Real=0.03s
[57.418s][info][gc,start       ] GC(122) Pause Young (Allocation Failure)
[57.464s][info][gc,heap        ] GC(122) DefNew: 560347K(629248K)->989K(629248K) Eden: 559360K(559360K)->0K(559360K) From: 987K(69888K)->989K(69888K)
[57.464s][info][gc,heap        ] GC(122) Tenured: 14707K(1398144K)->14772K(1398144K)
[57.464s][info][gc,metaspace   ] GC(122) Metaspace: 14284K(15232K)->14284K(15232K) NonClass: 12316K(12928K)->12316K(12928K) Class: 1967K(2304K)->1967K(2304K)
[57.464s][info][gc             ] GC(122) Pause Young (Allocation Failure) 561M->15M(1979M) 45.659ms
[57.464s][info][gc,cpu         ] GC(122) User=0.05s Sys=0.00s Real=0.05s
[57.912s][info][gc,start       ] GC(123) Pause Young (Allocation Failure)
[57.961s][info][gc,heap        ] GC(123) DefNew: 560349K(629248K)->997K(629248K) Eden: 559360K(559360K)->0K(559360K) From: 989K(69888K)->997K(69888K)
[57.961s][info][gc,heap        ] GC(123) Tenured: 14772K(1398144K)->14837K(1398144K)
[57.961s][info][gc,metaspace   ] GC(123) Metaspace: 14284K(15232K)->14284K(15232K) NonClass: 12316K(12928K)->12316K(12928K) Class: 1967K(2304K)->1967K(2304K)
[57.961s][info][gc             ] GC(123) Pause Young (Allocation Failure) 561M->15M(1979M) 49.386ms
[57.961s][info][gc,cpu         ] GC(123) User=0.03s Sys=0.00s Real=0.04s
[58.439s][info][gc,start       ] GC(124) Pause Young (Allocation Failure)
[58.485s][info][gc,heap        ] GC(124) DefNew: 560357K(629248K)->1005K(629248K) Eden: 559360K(559360K)->0K(559360K) From: 997K(69888K)->1005K(69888K)
[58.485s][info][gc,heap        ] GC(124) Tenured: 14837K(1398144K)->14903K(1398144K)
[58.485s][info][gc,metaspace   ] GC(124) Metaspace: 14284K(15232K)->14284K(15232K) NonClass: 12316K(12928K)->12316K(12928K) Class: 1967K(2304K)->1967K(2304K)
[58.485s][info][gc             ] GC(124) Pause Young (Allocation Failure) 561M->15M(1979M) 46.197ms
[58.485s][info][gc,cpu         ] GC(124) User=0.05s Sys=0.00s Real=0.04s
[58.974s][info][gc,start       ] GC(125) Pause Young (Allocation Failure)
[59.067s][info][gc,heap        ] GC(125) DefNew: 560365K(629248K)->1016K(629248K) Eden: 559360K(559360K)->0K(559360K) From: 1005K(69888K)->1016K(69888K)
[59.067s][info][gc,heap        ] GC(125) Tenured: 14903K(1398144K)->14967K(1398144K)
[59.067s][info][gc,metaspace   ] GC(125) Metaspace: 14284K(15232K)->14284K(15232K) NonClass: 12316K(12928K)->12316K(12928K) Class: 1967K(2304K)->1967K(2304K)
[59.068s][info][gc             ] GC(125) Pause Young (Allocation Failure) 561M->15M(1979M) 93.056ms
[59.068s][info][gc,cpu         ] GC(125) User=0.03s Sys=0.00s Real=0.08s
[59.444s][info][gc,start       ] GC(126) Pause Young (Allocation Failure)
[59.475s][info][gc,heap        ] GC(126) DefNew: 560376K(629248K)->1011K(629248K) Eden: 559360K(559360K)->0K(559360K) From: 1016K(69888K)->1011K(69888K)
[59.475s][info][gc,heap        ] GC(126) Tenured: 14967K(1398144K)->15032K(1398144K)
[59.475s][info][gc,metaspace   ] GC(126) Metaspace: 14284K(15232K)->14284K(15232K) NonClass: 12316K(12928K)->12316K(12928K) Class: 1967K(2304K)->1967K(2304K)
[59.476s][info][gc             ] GC(126) Pause Young (Allocation Failure) 561M->15M(1979M) 31.771ms
[59.476s][info][gc,cpu         ] GC(126) User=0.03s Sys=0.00s Real=0.03s
[59.634s][info][gc,start       ] GC(127) Pause Full (System.gc())
[59.635s][info][gc,phases,start] GC(127) Phase 1: Mark live objects
[59.664s][info][gc,phases      ] GC(127) Phase 1: Mark live objects 29.037ms
[59.664s][info][gc,phases,start] GC(127) Phase 2: Compute new object addresses
[59.690s][info][gc,phases      ] GC(127) Phase 2: Compute new object addresses 26.426ms
[59.690s][info][gc,phases,start] GC(127) Phase 3: Adjust pointers
[59.704s][info][gc,phases      ] GC(127) Phase 3: Adjust pointers 13.879ms
[59.704s][info][gc,phases,start] GC(127) Phase 4: Move objects
[59.705s][info][gc,phases      ] GC(127) Phase 4: Move objects 1.429ms
[59.705s][info][gc,heap        ] GC(127) DefNew: 109565K(629248K)->0K(629248K) Eden: 108554K(559360K)->0K(559360K) From: 1011K(69888K)->0K(69888K)
[59.705s][info][gc,heap        ] GC(127) Tenured: 15032K(1398144K)->5374K(1398144K)
[59.706s][info][gc,metaspace   ] GC(127) Metaspace: 14284K(15232K)->14284K(15232K) NonClass: 12316K(12928K)->12316K(12928K) Class: 1967K(2304K)->1967K(2304K)
[59.706s][info][gc             ] GC(127) Pause Full (System.gc()) 121M->5M(1979M) 71.187ms
[59.706s][info][gc,cpu         ] GC(127) User=0.06s Sys=0.00s Real=0.06s
[60.052s][info][gc,start       ] GC(128) Pause Young (Allocation Failure)
[60.083s][info][gc,heap        ] GC(128) DefNew: 559360K(629248K)->1512K(629248K) Eden: 559360K(559360K)->0K(559360K) From: 0K(69888K)->1512K(69888K)
[60.083s][info][gc,heap        ] GC(128) Tenured: 5374K(1398144K)->5374K(1398144K)
[60.083s][info][gc,metaspace   ] GC(128) Metaspace: 14288K(15232K)->14288K(15232K) NonClass: 12321K(12928K)->12321K(12928K) Class: 1967K(2304K)->1967K(2304K)
[60.083s][info][gc             ] GC(128) Pause Young (Allocation Failure) 551M->6M(1979M) 30.840ms
[60.083s][info][gc,cpu         ] GC(128) User=0.02s Sys=0.00s Real=0.02s
[60.472s][info][gc,start       ] GC(129) Pause Young (Allocation Failure)
[60.516s][info][gc,heap        ] GC(129) DefNew: 560872K(629248K)->1574K(629248K) Eden: 559360K(559360K)->0K(559360K) From: 1512K(69888K)->1574K(69888K)
[60.516s][info][gc,heap        ] GC(129) Tenured: 5374K(1398144K)->5374K(1398144K)
[60.516s][info][gc,metaspace   ] GC(129) Metaspace: 14288K(15232K)->14288K(15232K) NonClass: 12321K(12928K)->12321K(12928K) Class: 1967K(2304K)->1967K(2304K)
[60.517s][info][gc             ] GC(129) Pause Young (Allocation Failure) 552M->6M(1979M) 44.151ms
[60.517s][info][gc,cpu         ] GC(129) User=0.03s Sys=0.00s Real=0.04s
[60.915s][info][gc,start       ] GC(130) Pause Young (Allocation Failure)
[60.956s][info][gc,heap        ] GC(130) DefNew: 560934K(629248K)->1639K(629248K) Eden: 559360K(559360K)->0K(559360K) From: 1574K(69888K)->1639K(69888K)
[60.956s][info][gc,heap        ] GC(130) Tenured: 5374K(1398144K)->5374K(1398144K)
[60.956s][info][gc,metaspace   ] GC(130) Metaspace: 14288K(15232K)->14288K(15232K) NonClass: 12321K(12928K)->12321K(12928K) Class: 1967K(2304K)->1967K(2304K)
[60.957s][info][gc             ] GC(130) Pause Young (Allocation Failure) 553M->6M(1979M) 41.395ms
[60.957s][info][gc,cpu         ] GC(130) User=0.05s Sys=0.00s Real=0.04s
[61.361s][info][gc,start       ] GC(131) Pause Young (Allocation Failure)
[61.396s][info][gc,heap        ] GC(131) DefNew: 560999K(629248K)->1705K(629248K) Eden: 559360K(559360K)->0K(559360K) From: 1639K(69888K)->1705K(69888K)
[61.396s][info][gc,heap        ] GC(131) Tenured: 5374K(1398144K)->5374K(1398144K)
[61.396s][info][gc,metaspace   ] GC(131) Metaspace: 14288K(15232K)->14288K(15232K) NonClass: 12321K(12928K)->12321K(12928K) Class: 1967K(2304K)->1967K(2304K)
[61.396s][info][gc             ] GC(131) Pause Young (Allocation Failure) 553M->6M(1979M) 35.056ms
[61.396s][info][gc,cpu         ] GC(131) User=0.05s Sys=0.00s Real=0.03s
[61.819s][info][gc,start       ] GC(132) Pause Young (Allocation Failure)
[61.859s][info][gc,heap        ] GC(132) DefNew: 561065K(629248K)->1769K(629248K) Eden: 559360K(559360K)->0K(559360K) From: 1705K(69888K)->1769K(69888K)
[61.859s][info][gc,heap        ] GC(132) Tenured: 5374K(1398144K)->5374K(1398144K)
[61.859s][info][gc,metaspace   ] GC(132) Metaspace: 14288K(15232K)->14288K(15232K) NonClass: 12321K(12928K)->12321K(12928K) Class: 1967K(2304K)->1967K(2304K)
[61.859s][info][gc             ] GC(132) Pause Young (Allocation Failure) 553M->6M(1979M) 39.486ms
[61.859s][info][gc,cpu         ] GC(132) User=0.03s Sys=0.00s Real=0.04s
[62.256s][info][gc,start       ] GC(133) Pause Young (Allocation Failure)
[62.299s][info][gc,heap        ] GC(133) DefNew: 561129K(629248K)->1832K(629248K) Eden: 559360K(559360K)->0K(559360K) From: 1769K(69888K)->1832K(69888K)
[62.299s][info][gc,heap        ] GC(133) Tenured: 5374K(1398144K)->5374K(1398144K)
[62.299s][info][gc,metaspace   ] GC(133) Metaspace: 14288K(15232K)->14288K(15232K) NonClass: 12321K(12928K)->12321K(12928K) Class: 1967K(2304K)->1967K(2304K)
[62.299s][info][gc             ] GC(133) Pause Young (Allocation Failure) 553M->7M(1979M) 42.306ms
[62.299s][info][gc,cpu         ] GC(133) User=0.03s Sys=0.00s Real=0.03s
[62.711s][info][gc,start       ] GC(134) Pause Young (Allocation Failure)
[62.754s][info][gc,heap        ] GC(134) DefNew: 561192K(629248K)->1897K(629248K) Eden: 559360K(559360K)->0K(559360K) From: 1832K(69888K)->1897K(69888K)
[62.754s][info][gc,heap        ] GC(134) Tenured: 5374K(1398144K)->5374K(1398144K)
[62.754s][info][gc,metaspace   ] GC(134) Metaspace: 14288K(15232K)->14288K(15232K) NonClass: 12321K(12928K)->12321K(12928K) Class: 1967K(2304K)->1967K(2304K)
[62.754s][info][gc             ] GC(134) Pause Young (Allocation Failure) 553M->7M(1979M) 42.603ms
[62.754s][info][gc,cpu         ] GC(134) User=0.03s Sys=0.00s Real=0.04s
[63.162s][info][gc,start       ] GC(135) Pause Young (Allocation Failure)
[63.207s][info][gc,heap        ] GC(135) DefNew: 561257K(629248K)->1962K(629248K) Eden: 559360K(559360K)->0K(559360K) From: 1897K(69888K)->1962K(69888K)
[63.207s][info][gc,heap        ] GC(135) Tenured: 5374K(1398144K)->5374K(1398144K)
[63.207s][info][gc,metaspace   ] GC(135) Metaspace: 14288K(15232K)->14288K(15232K) NonClass: 12321K(12928K)->12321K(12928K) Class: 1967K(2304K)->1967K(2304K)
[63.207s][info][gc             ] GC(135) Pause Young (Allocation Failure) 553M->7M(1979M) 44.872ms
[63.207s][info][gc,cpu         ] GC(135) User=0.05s Sys=0.00s Real=0.05s
[63.600s][info][gc,start       ] GC(136) Pause Young (Allocation Failure)
[63.645s][info][gc,heap        ] GC(136) DefNew: 561322K(629248K)->2024K(629248K) Eden: 559360K(559360K)->0K(559360K) From: 1962K(69888K)->2024K(69888K)
[63.645s][info][gc,heap        ] GC(136) Tenured: 5374K(1398144K)->5374K(1398144K)
[63.645s][info][gc,metaspace   ] GC(136) Metaspace: 14288K(15232K)->14288K(15232K) NonClass: 12321K(12928K)->12321K(12928K) Class: 1967K(2304K)->1967K(2304K)
[63.645s][info][gc             ] GC(136) Pause Young (Allocation Failure) 553M->7M(1979M) 45.165ms
[63.645s][info][gc,cpu         ] GC(136) User=0.03s Sys=0.00s Real=0.04s
[64.192s][info][gc,start       ] GC(137) Pause Young (Allocation Failure)
[64.242s][info][gc,heap        ] GC(137) DefNew: 561384K(629248K)->2089K(629248K) Eden: 559360K(559360K)->0K(559360K) From: 2024K(69888K)->2089K(69888K)
[64.242s][info][gc,heap        ] GC(137) Tenured: 5374K(1398144K)->5374K(1398144K)
[64.242s][info][gc,metaspace   ] GC(137) Metaspace: 14288K(15232K)->14288K(15232K) NonClass: 12321K(12928K)->12321K(12928K) Class: 1967K(2304K)->1967K(2304K)
[64.242s][info][gc             ] GC(137) Pause Young (Allocation Failure) 553M->7M(1979M) 49.845ms
[64.242s][info][gc,cpu         ] GC(137) User=0.05s Sys=0.00s Real=0.05s
[64.663s][info][gc,start       ] GC(138) Pause Young (Allocation Failure)
[64.703s][info][gc,heap        ] GC(138) DefNew: 561449K(629248K)->2157K(629248K) Eden: 559360K(559360K)->0K(559360K) From: 2089K(69888K)->2157K(69888K)
[64.703s][info][gc,heap        ] GC(138) Tenured: 5374K(1398144K)->5374K(1398144K)
[64.703s][info][gc,metaspace   ] GC(138) Metaspace: 14288K(15232K)->14288K(15232K) NonClass: 12321K(12928K)->12321K(12928K) Class: 1967K(2304K)->1967K(2304K)
[64.703s][info][gc             ] GC(138) Pause Young (Allocation Failure) 553M->7M(1979M) 40.121ms
[64.703s][info][gc,cpu         ] GC(138) User=0.03s Sys=0.00s Real=0.04s
[65.100s][info][gc,start       ] GC(139) Pause Young (Allocation Failure)
[65.141s][info][gc,heap        ] GC(139) DefNew: 561517K(629248K)->2219K(629248K) Eden: 559360K(559360K)->0K(559360K) From: 2157K(69888K)->2219K(69888K)
[65.141s][info][gc,heap        ] GC(139) Tenured: 5374K(1398144K)->5374K(1398144K)
[65.141s][info][gc,metaspace   ] GC(139) Metaspace: 14288K(15232K)->14288K(15232K) NonClass: 12321K(12928K)->12321K(12928K) Class: 1967K(2304K)->1967K(2304K)
[65.141s][info][gc             ] GC(139) Pause Young (Allocation Failure) 553M->7M(1979M) 41.022ms
[65.141s][info][gc,cpu         ] GC(139) User=0.03s Sys=0.00s Real=0.04s
[65.566s][info][gc,start       ] GC(140) Pause Young (Allocation Failure)
[65.604s][info][gc,heap        ] GC(140) DefNew: 561579K(629248K)->2289K(629248K) Eden: 559360K(559360K)->0K(559360K) From: 2219K(69888K)->2289K(69888K)
[65.604s][info][gc,heap        ] GC(140) Tenured: 5374K(1398144K)->5374K(1398144K)
[65.604s][info][gc,metaspace   ] GC(140) Metaspace: 14288K(15232K)->14288K(15232K) NonClass: 12321K(12928K)->12321K(12928K) Class: 1967K(2304K)->1967K(2304K)
[65.604s][info][gc             ] GC(140) Pause Young (Allocation Failure) 553M->7M(1979M) 38.216ms
[65.604s][info][gc,cpu         ] GC(140) User=0.03s Sys=0.00s Real=0.03s
[66.010s][info][gc,start       ] GC(141) Pause Young (Allocation Failure)
[66.054s][info][gc,heap        ] GC(141) DefNew: 561649K(629248K)->2353K(629248K) Eden: 559360K(559360K)->0K(559360K) From: 2289K(69888K)->2353K(69888K)
[66.054s][info][gc,heap        ] GC(141) Tenured: 5374K(1398144K)->5374K(1398144K)
[66.054s][info][gc,metaspace   ] GC(141) Metaspace: 14288K(15232K)->14288K(15232K) NonClass: 12321K(12928K)->12321K(12928K) Class: 1967K(2304K)->1967K(2304K)
[66.054s][info][gc             ] GC(141) Pause Young (Allocation Failure) 553M->7M(1979M) 44.376ms
[66.054s][info][gc,cpu         ] GC(141) User=0.05s Sys=0.00s Real=0.04s
[66.432s][info][gc,start       ] GC(142) Pause Young (Allocation Failure)
[66.475s][info][gc,heap        ] GC(142) DefNew: 561713K(629248K)->2410K(629248K) Eden: 559360K(559360K)->0K(559360K) From: 2353K(69888K)->2410K(69888K)
[66.475s][info][gc,heap        ] GC(142) Tenured: 5374K(1398144K)->5374K(1398144K)
[66.475s][info][gc,metaspace   ] GC(142) Metaspace: 14288K(15232K)->14288K(15232K) NonClass: 12321K(12928K)->12321K(12928K) Class: 1967K(2304K)->1967K(2304K)
[66.475s][info][gc             ] GC(142) Pause Young (Allocation Failure) 553M->7M(1979M) 43.364ms
[66.475s][info][gc,cpu         ] GC(142) User=0.05s Sys=0.00s Real=0.04s
[66.873s][info][gc,start       ] GC(143) Pause Young (Allocation Failure)
[66.920s][info][gc,heap        ] GC(143) DefNew: 561770K(629248K)->966K(629248K) Eden: 559360K(559360K)->0K(559360K) From: 2410K(69888K)->966K(69888K)
[66.920s][info][gc,heap        ] GC(143) Tenured: 5374K(1398144K)->6878K(1398144K)
[66.920s][info][gc,metaspace   ] GC(143) Metaspace: 14288K(15232K)->14288K(15232K) NonClass: 12321K(12928K)->12321K(12928K) Class: 1967K(2304K)->1967K(2304K)
[66.920s][info][gc             ] GC(143) Pause Young (Allocation Failure) 553M->7M(1979M) 46.422ms
[66.920s][info][gc,cpu         ] GC(143) User=0.03s Sys=0.00s Real=0.03s
[67.336s][info][gc,start       ] GC(144) Pause Young (Allocation Failure)
[67.382s][info][gc,heap        ] GC(144) DefNew: 560326K(629248K)->970K(629248K) Eden: 559360K(559360K)->0K(559360K) From: 966K(69888K)->970K(69888K)
[67.382s][info][gc,heap        ] GC(144) Tenured: 6878K(1398144K)->6941K(1398144K)
[67.382s][info][gc,metaspace   ] GC(144) Metaspace: 14288K(15232K)->14288K(15232K) NonClass: 12321K(12928K)->12321K(12928K) Class: 1967K(2304K)->1967K(2304K)
[67.382s][info][gc             ] GC(144) Pause Young (Allocation Failure) 553M->7M(1979M) 46.167ms
[67.382s][info][gc,cpu         ] GC(144) User=0.03s Sys=0.00s Real=0.04s
[67.812s][info][gc,start       ] GC(145) Pause Young (Allocation Failure)
[67.848s][info][gc,heap        ] GC(145) DefNew: 560330K(629248K)->973K(629248K) Eden: 559360K(559360K)->0K(559360K) From: 970K(69888K)->973K(69888K)
[67.848s][info][gc,heap        ] GC(145) Tenured: 6941K(1398144K)->7005K(1398144K)
[67.848s][info][gc,metaspace   ] GC(145) Metaspace: 14288K(15232K)->14288K(15232K) NonClass: 12321K(12928K)->12321K(12928K) Class: 1967K(2304K)->1967K(2304K)
[67.848s][info][gc             ] GC(145) Pause Young (Allocation Failure) 553M->7M(1979M) 36.417ms
[67.848s][info][gc,cpu         ] GC(145) User=0.05s Sys=0.00s Real=0.04s
[68.279s][info][gc,start       ] GC(146) Pause Young (Allocation Failure)
[68.311s][info][gc,heap        ] GC(146) DefNew: 560333K(629248K)->973K(629248K) Eden: 559360K(559360K)->0K(559360K) From: 973K(69888K)->973K(69888K)
[68.311s][info][gc,heap        ] GC(146) Tenured: 7005K(1398144K)->7070K(1398144K)
[68.311s][info][gc,metaspace   ] GC(146) Metaspace: 14288K(15232K)->14288K(15232K) NonClass: 12321K(12928K)->12321K(12928K) Class: 1967K(2304K)->1967K(2304K)
[68.311s][info][gc             ] GC(146) Pause Young (Allocation Failure) 554M->7M(1979M) 32.501ms
[68.311s][info][gc,cpu         ] GC(146) User=0.02s Sys=0.00s Real=0.02s
[68.725s][info][gc,start       ] GC(147) Pause Young (Allocation Failure)
[68.759s][info][gc,heap        ] GC(147) DefNew: 560333K(629248K)->974K(629248K) Eden: 559360K(559360K)->0K(559360K) From: 973K(69888K)->974K(69888K)
[68.759s][info][gc,heap        ] GC(147) Tenured: 7070K(1398144K)->7135K(1398144K)
[68.759s][info][gc,metaspace   ] GC(147) Metaspace: 14288K(15232K)->14288K(15232K) NonClass: 12321K(12928K)->12321K(12928K) Class: 1967K(2304K)->1967K(2304K)
[68.759s][info][gc             ] GC(147) Pause Young (Allocation Failure) 554M->7M(1979M) 34.292ms
[68.759s][info][gc,cpu         ] GC(147) User=0.02s Sys=0.00s Real=0.02s
[69.174s][info][gc,start       ] GC(148) Pause Young (Allocation Failure)
[69.218s][info][gc,heap        ] GC(148) DefNew: 560334K(629248K)->976K(629248K) Eden: 559360K(559360K)->0K(559360K) From: 974K(69888K)->976K(69888K)
[69.218s][info][gc,heap        ] GC(148) Tenured: 7135K(1398144K)->7197K(1398144K)
[69.218s][info][gc,metaspace   ] GC(148) Metaspace: 14288K(15232K)->14288K(15232K) NonClass: 12321K(12928K)->12321K(12928K) Class: 1967K(2304K)->1967K(2304K)
[69.218s][info][gc             ] GC(148) Pause Young (Allocation Failure) 554M->7M(1979M) 44.181ms
[69.218s][info][gc,cpu         ] GC(148) User=0.05s Sys=0.00s Real=0.04s
[69.633s][info][gc,start       ] GC(149) Pause Young (Allocation Failure)
[69.678s][info][gc,heap        ] GC(149) DefNew: 560336K(629248K)->976K(629248K) Eden: 559360K(559360K)->0K(559360K) From: 976K(69888K)->976K(69888K)
[69.678s][info][gc,heap        ] GC(149) Tenured: 7197K(1398144K)->7262K(1398144K)
[69.678s][info][gc,metaspace   ] GC(149) Metaspace: 14288K(15232K)->14288K(15232K) NonClass: 12321K(12928K)->12321K(12928K) Class: 1967K(2304K)->1967K(2304K)
[69.678s][info][gc             ] GC(149) Pause Young (Allocation Failure) 554M->8M(1979M) 45.118ms
[69.678s][info][gc,cpu         ] GC(149) User=0.05s Sys=0.00s Real=0.04s
[70.096s][info][gc,start       ] GC(150) Pause Young (Allocation Failure)
[70.142s][info][gc,heap        ] GC(150) DefNew: 560336K(629248K)->980K(629248K) Eden: 559360K(559360K)->0K(559360K) From: 976K(69888K)->980K(69888K)
[70.142s][info][gc,heap        ] GC(150) Tenured: 7262K(1398144K)->7327K(1398144K)
[70.142s][info][gc,metaspace   ] GC(150) Metaspace: 14288K(15232K)->14288K(15232K) NonClass: 12321K(12928K)->12321K(12928K) Class: 1967K(2304K)->1967K(2304K)
[70.142s][info][gc             ] GC(150) Pause Young (Allocation Failure) 554M->8M(1979M) 46.592ms
[70.142s][info][gc,cpu         ] GC(150) User=0.05s Sys=0.00s Real=0.03s
[70.564s][info][gc,start       ] GC(151) Pause Young (Allocation Failure)
[70.610s][info][gc,heap        ] GC(151) DefNew: 560340K(629248K)->988K(629248K) Eden: 559360K(559360K)->0K(559360K) From: 980K(69888K)->988K(69888K)
[70.610s][info][gc,heap        ] GC(151) Tenured: 7327K(1398144K)->7389K(1398144K)
[70.610s][info][gc,metaspace   ] GC(151) Metaspace: 14288K(15232K)->14288K(15232K) NonClass: 12321K(12928K)->12321K(12928K) Class: 1967K(2304K)->1967K(2304K)
[70.610s][info][gc             ] GC(151) Pause Young (Allocation Failure) 554M->8M(1979M) 45.200ms
[70.610s][info][gc,cpu         ] GC(151) User=0.05s Sys=0.00s Real=0.04s
[71.044s][info][gc,start       ] GC(152) Pause Young (Allocation Failure)
[71.085s][info][gc,heap        ] GC(152) DefNew: 560348K(629248K)->993K(629248K) Eden: 559360K(559360K)->0K(559360K) From: 988K(69888K)->993K(69888K)
[71.085s][info][gc,heap        ] GC(152) Tenured: 7389K(1398144K)->7454K(1398144K)
[71.085s][info][gc,metaspace   ] GC(152) Metaspace: 14288K(15232K)->14288K(15232K) NonClass: 12321K(12928K)->12321K(12928K) Class: 1967K(2304K)->1967K(2304K)
[71.085s][info][gc             ] GC(152) Pause Young (Allocation Failure) 554M->8M(1979M) 40.649ms
[71.085s][info][gc,cpu         ] GC(152) User=0.03s Sys=0.00s Real=0.03s
[71.497s][info][gc,start       ] GC(153) Pause Young (Allocation Failure)
[71.541s][info][gc,heap        ] GC(153) DefNew: 560353K(629248K)->991K(629248K) Eden: 559360K(559360K)->0K(559360K) From: 993K(69888K)->991K(69888K)
[71.541s][info][gc,heap        ] GC(153) Tenured: 7454K(1398144K)->7522K(1398144K)
[71.541s][info][gc,metaspace   ] GC(153) Metaspace: 14288K(15232K)->14288K(15232K) NonClass: 12321K(12928K)->12321K(12928K) Class: 1967K(2304K)->1967K(2304K)
[71.541s][info][gc             ] GC(153) Pause Young (Allocation Failure) 554M->8M(1979M) 43.343ms
[71.541s][info][gc,cpu         ] GC(153) User=0.05s Sys=0.00s Real=0.04s
[71.962s][info][gc,start       ] GC(154) Pause Young (Allocation Failure)
[72.005s][info][gc,heap        ] GC(154) DefNew: 560351K(629248K)->992K(629248K) Eden: 559360K(559360K)->0K(559360K) From: 991K(69888K)->992K(69888K)
[72.005s][info][gc,heap        ] GC(154) Tenured: 7522K(1398144K)->7584K(1398144K)
[72.005s][info][gc,metaspace   ] GC(154) Metaspace: 14288K(15232K)->14288K(15232K) NonClass: 12321K(12928K)->12321K(12928K) Class: 1967K(2304K)->1967K(2304K)
[72.005s][info][gc             ] GC(154) Pause Young (Allocation Failure) 554M->8M(1979M) 43.079ms
[72.005s][info][gc,cpu         ] GC(154) User=0.05s Sys=0.00s Real=0.04s
[72.422s][info][gc,start       ] GC(155) Pause Young (Allocation Failure)
[72.467s][info][gc,heap        ] GC(155) DefNew: 560352K(629248K)->990K(629248K) Eden: 559360K(559360K)->0K(559360K) From: 992K(69888K)->990K(69888K)
[72.467s][info][gc,heap        ] GC(155) Tenured: 7584K(1398144K)->7653K(1398144K)
[72.467s][info][gc,metaspace   ] GC(155) Metaspace: 14288K(15232K)->14288K(15232K) NonClass: 12321K(12928K)->12321K(12928K) Class: 1967K(2304K)->1967K(2304K)
[72.467s][info][gc             ] GC(155) Pause Young (Allocation Failure) 554M->8M(1979M) 44.621ms
[72.467s][info][gc,cpu         ] GC(155) User=0.05s Sys=0.00s Real=0.05s
[72.887s][info][gc,start       ] GC(156) Pause Young (Allocation Failure)
[72.933s][info][gc,heap        ] GC(156) DefNew: 560350K(629248K)->992K(629248K) Eden: 559360K(559360K)->0K(559360K) From: 990K(69888K)->992K(69888K)
[72.933s][info][gc,heap        ] GC(156) Tenured: 7653K(1398144K)->7718K(1398144K)
[72.933s][info][gc,metaspace   ] GC(156) Metaspace: 14288K(15232K)->14288K(15232K) NonClass: 12321K(12928K)->12321K(12928K) Class: 1967K(2304K)->1967K(2304K)
[72.934s][info][gc             ] GC(156) Pause Young (Allocation Failure) 554M->8M(1979M) 47.031ms
[72.934s][info][gc,cpu         ] GC(156) User=0.03s Sys=0.00s Real=0.04s
[73.434s][info][gc,start       ] GC(157) Pause Young (Allocation Failure)
[73.483s][info][gc,heap        ] GC(157) DefNew: 560352K(629248K)->1005K(629248K) Eden: 559360K(559360K)->0K(559360K) From: 992K(69888K)->1005K(69888K)
[73.483s][info][gc,heap        ] GC(157) Tenured: 7718K(1398144K)->7774K(1398144K)
[73.483s][info][gc,metaspace   ] GC(157) Metaspace: 14288K(15232K)->14288K(15232K) NonClass: 12321K(12928K)->12321K(12928K) Class: 1967K(2304K)->1967K(2304K)
[73.483s][info][gc             ] GC(157) Pause Young (Allocation Failure) 554M->8M(1979M) 48.868ms
[73.483s][info][gc,cpu         ] GC(157) User=0.05s Sys=0.00s Real=0.05s
[73.912s][info][gc,start       ] GC(158) Pause Young (Allocation Failure)
[73.952s][info][gc,heap        ] GC(158) DefNew: 560365K(629248K)->1008K(629248K) Eden: 559360K(559360K)->0K(559360K) From: 1005K(69888K)->1008K(69888K)
[73.952s][info][gc,heap        ] GC(158) Tenured: 7774K(1398144K)->7835K(1398144K)
[73.952s][info][gc,metaspace   ] GC(158) Metaspace: 14288K(15232K)->14288K(15232K) NonClass: 12321K(12928K)->12321K(12928K) Class: 1967K(2304K)->1967K(2304K)
[73.952s][info][gc             ] GC(158) Pause Young (Allocation Failure) 554M->8M(1979M) 40.088ms
[73.952s][info][gc,cpu         ] GC(158) User=0.03s Sys=0.00s Real=0.03s
[74.367s][info][gc,start       ] GC(159) Pause Young (Allocation Failure)
[74.409s][info][gc,heap        ] GC(159) DefNew: 560368K(629248K)->1007K(629248K) Eden: 559360K(559360K)->0K(559360K) From: 1008K(69888K)->1007K(69888K)
[74.409s][info][gc,heap        ] GC(159) Tenured: 7835K(1398144K)->7900K(1398144K)
[74.409s][info][gc,metaspace   ] GC(159) Metaspace: 14288K(15232K)->14288K(15232K) NonClass: 12321K(12928K)->12321K(12928K) Class: 1967K(2304K)->1967K(2304K)
[74.409s][info][gc             ] GC(159) Pause Young (Allocation Failure) 554M->8M(1979M) 41.682ms
[74.409s][info][gc,cpu         ] GC(159) User=0.03s Sys=0.00s Real=0.04s
[74.842s][info][gc,start       ] GC(160) Pause Young (Allocation Failure)
[74.884s][info][gc,heap        ] GC(160) DefNew: 560367K(629248K)->1007K(629248K) Eden: 559360K(559360K)->0K(559360K) From: 1007K(69888K)->1007K(69888K)
[74.884s][info][gc,heap        ] GC(160) Tenured: 7900K(1398144K)->7969K(1398144K)
[74.884s][info][gc,metaspace   ] GC(160) Metaspace: 14288K(15232K)->14288K(15232K) NonClass: 12321K(12928K)->12321K(12928K) Class: 1967K(2304K)->1967K(2304K)
[74.884s][info][gc             ] GC(160) Pause Young (Allocation Failure) 554M->8M(1979M) 42.142ms
[74.884s][info][gc,cpu         ] GC(160) User=0.05s Sys=0.00s Real=0.04s
[75.299s][info][gc,start       ] GC(161) Pause Young (Allocation Failure)
[75.340s][info][gc,heap        ] GC(161) DefNew: 560367K(629248K)->1006K(629248K) Eden: 559360K(559360K)->0K(559360K) From: 1007K(69888K)->1006K(69888K)
[75.340s][info][gc,heap        ] GC(161) Tenured: 7969K(1398144K)->8034K(1398144K)
[75.340s][info][gc,metaspace   ] GC(161) Metaspace: 14288K(15232K)->14288K(15232K) NonClass: 12321K(12928K)->12321K(12928K) Class: 1967K(2304K)->1967K(2304K)
[75.340s][info][gc             ] GC(161) Pause Young (Allocation Failure) 555M->8M(1979M) 41.230ms
[75.340s][info][gc,cpu         ] GC(161) User=0.05s Sys=0.00s Real=0.04s
[75.756s][info][gc,start       ] GC(162) Pause Young (Allocation Failure)
[75.801s][info][gc,heap        ] GC(162) DefNew: 560366K(629248K)->1006K(629248K) Eden: 559360K(559360K)->0K(559360K) From: 1006K(69888K)->1006K(69888K)
[75.801s][info][gc,heap        ] GC(162) Tenured: 8034K(1398144K)->8099K(1398144K)
[75.801s][info][gc,metaspace   ] GC(162) Metaspace: 14288K(15232K)->14288K(15232K) NonClass: 12321K(12928K)->12321K(12928K) Class: 1967K(2304K)->1967K(2304K)
[75.801s][info][gc             ] GC(162) Pause Young (Allocation Failure) 555M->8M(1979M) 45.311ms
[75.801s][info][gc,cpu         ] GC(162) User=0.03s Sys=0.00s Real=0.03s
[76.218s][info][gc,start       ] GC(163) Pause Young (Allocation Failure)
[76.260s][info][gc,heap        ] GC(163) DefNew: 560366K(629248K)->1006K(629248K) Eden: 559360K(559360K)->0K(559360K) From: 1006K(69888K)->1006K(69888K)
[76.260s][info][gc,heap        ] GC(163) Tenured: 8099K(1398144K)->8164K(1398144K)
[76.260s][info][gc,metaspace   ] GC(163) Metaspace: 14288K(15232K)->14288K(15232K) NonClass: 12321K(12928K)->12321K(12928K) Class: 1967K(2304K)->1967K(2304K)
[76.260s][info][gc             ] GC(163) Pause Young (Allocation Failure) 555M->8M(1979M) 41.965ms
[76.260s][info][gc,cpu         ] GC(163) User=0.05s Sys=0.00s Real=0.04s
[76.678s][info][gc,start       ] GC(164) Pause Young (Allocation Failure)
[76.723s][info][gc,heap        ] GC(164) DefNew: 560366K(629248K)->1006K(629248K) Eden: 559359K(559360K)->0K(559360K) From: 1006K(69888K)->1006K(69888K)
[76.723s][info][gc,heap        ] GC(164) Tenured: 8164K(1398144K)->8228K(1398144K)
[76.723s][info][gc,metaspace   ] GC(164) Metaspace: 14288K(15232K)->14288K(15232K) NonClass: 12321K(12928K)->12321K(12928K) Class: 1967K(2304K)->1967K(2304K)
[76.723s][info][gc             ] GC(164) Pause Young (Allocation Failure) 555M->9M(1979M) 45.460ms
[76.723s][info][gc,cpu         ] GC(164) User=0.03s Sys=0.00s Real=0.03s
[77.172s][info][gc,start       ] GC(165) Pause Young (Allocation Failure)
[77.209s][info][gc,heap        ] GC(165) DefNew: 560366K(629248K)->1005K(629248K) Eden: 559360K(559360K)->0K(559360K) From: 1006K(69888K)->1005K(69888K)
[77.209s][info][gc,heap        ] GC(165) Tenured: 8228K(1398144K)->8297K(1398144K)
[77.209s][info][gc,metaspace   ] GC(165) Metaspace: 14288K(15232K)->14288K(15232K) NonClass: 12321K(12928K)->12321K(12928K) Class: 1967K(2304K)->1967K(2304K)
[77.209s][info][gc             ] GC(165) Pause Young (Allocation Failure) 555M->9M(1979M) 37.033ms
[77.209s][info][gc,cpu         ] GC(165) User=0.05s Sys=0.00s Real=0.04s
[77.643s][info][gc,start       ] GC(166) Pause Young (Allocation Failure)
[77.688s][info][gc,heap        ] GC(166) DefNew: 560365K(629248K)->1001K(629248K) Eden: 559360K(559360K)->0K(559360K) From: 1005K(69888K)->1001K(69888K)
[77.688s][info][gc,heap        ] GC(166) Tenured: 8297K(1398144K)->8369K(1398144K)
[77.688s][info][gc,metaspace   ] GC(166) Metaspace: 14288K(15232K)->14288K(15232K) NonClass: 12321K(12928K)->12321K(12928K) Class: 1967K(2304K)->1967K(2304K)
[77.688s][info][gc             ] GC(166) Pause Young (Allocation Failure) 555M->9M(1979M) 44.688ms
[77.688s][info][gc,cpu         ] GC(166) User=0.05s Sys=0.00s Real=0.05s
[78.164s][info][gc,start       ] GC(167) Pause Young (Allocation Failure)
[78.216s][info][gc,heap        ] GC(167) DefNew: 560361K(629248K)->1005K(629248K) Eden: 559360K(559360K)->0K(559360K) From: 1001K(69888K)->1005K(69888K)
[78.216s][info][gc,heap        ] GC(167) Tenured: 8369K(1398144K)->8440K(1398144K)
[78.216s][info][gc,metaspace   ] GC(167) Metaspace: 14288K(15232K)->14288K(15232K) NonClass: 12321K(12928K)->12321K(12928K) Class: 1967K(2304K)->1967K(2304K)
[78.216s][info][gc             ] GC(167) Pause Young (Allocation Failure) 555M->9M(1979M) 51.647ms
[78.216s][info][gc,cpu         ] GC(167) User=0.05s Sys=0.00s Real=0.05s
[78.610s][info][gc,start       ] GC(168) Pause Young (Allocation Failure)
[78.649s][info][gc,heap        ] GC(168) DefNew: 560365K(629248K)->998K(629248K) Eden: 559360K(559360K)->0K(559360K) From: 1005K(69888K)->998K(69888K)
[78.649s][info][gc,heap        ] GC(168) Tenured: 8440K(1398144K)->8505K(1398144K)
[78.649s][info][gc,metaspace   ] GC(168) Metaspace: 14288K(15232K)->14288K(15232K) NonClass: 12321K(12928K)->12321K(12928K) Class: 1967K(2304K)->1967K(2304K)
[78.649s][info][gc             ] GC(168) Pause Young (Allocation Failure) 555M->9M(1979M) 39.363ms
[78.649s][info][gc,cpu         ] GC(168) User=0.03s Sys=0.00s Real=0.03s
[78.755s][info][gc,start       ] GC(169) Pause Full (System.gc())
[78.756s][info][gc,phases,start] GC(169) Phase 1: Mark live objects
[78.782s][info][gc,phases      ] GC(169) Phase 1: Mark live objects 26.515ms
[78.782s][info][gc,phases,start] GC(169) Phase 2: Compute new object addresses
[78.795s][info][gc,phases      ] GC(169) Phase 2: Compute new object addresses 13.274ms
[78.796s][info][gc,phases,start] GC(169) Phase 3: Adjust pointers
[78.810s][info][gc,phases      ] GC(169) Phase 3: Adjust pointers 14.875ms
[78.810s][info][gc,phases,start] GC(169) Phase 4: Move objects
[78.810s][info][gc,phases      ] GC(169) Phase 4: Move objects 0.011ms
[78.810s][info][gc,heap        ] GC(169) DefNew: 51857K(629248K)->0K(629248K) Eden: 50858K(559360K)->0K(559360K) From: 998K(69888K)->0K(69888K)
[78.810s][info][gc,heap        ] GC(169) Tenured: 8505K(1398144K)->8505K(1398144K)
[78.811s][info][gc,metaspace   ] GC(169) Metaspace: 14288K(15232K)->14288K(15232K) NonClass: 12321K(12928K)->12321K(12928K) Class: 1967K(2304K)->1967K(2304K)
[78.811s][info][gc             ] GC(169) Pause Full (System.gc()) 58M->8M(1979M) 55.051ms
[78.811s][info][gc,cpu         ] GC(169) User=0.05s Sys=0.00s Real=0.05s
[79.143s][info][gc,start       ] GC(170) Pause Young (Allocation Failure)
[79.181s][info][gc,heap        ] GC(170) DefNew: 559360K(629248K)->1513K(629248K) Eden: 559360K(559360K)->0K(559360K) From: 0K(69888K)->1513K(69888K)
[79.181s][info][gc,heap        ] GC(170) Tenured: 8505K(1398144K)->8505K(1398144K)
[79.181s][info][gc,metaspace   ] GC(170) Metaspace: 14303K(15232K)->14303K(15232K) NonClass: 12335K(12928K)->12335K(12928K) Class: 1967K(2304K)->1967K(2304K)
[79.181s][info][gc             ] GC(170) Pause Young (Allocation Failure) 554M->9M(1979M) 38.638ms
[79.181s][info][gc,cpu         ] GC(170) User=0.03s Sys=0.00s Real=0.04s
[79.576s][info][gc,start       ] GC(171) Pause Young (Allocation Failure)
[79.622s][info][gc,heap        ] GC(171) DefNew: 560873K(629248K)->1571K(629248K) Eden: 559360K(559360K)->0K(559360K) From: 1513K(69888K)->1571K(69888K)
[79.622s][info][gc,heap        ] GC(171) Tenured: 8505K(1398144K)->8505K(1398144K)
[79.622s][info][gc,metaspace   ] GC(171) Metaspace: 14303K(15232K)->14303K(15232K) NonClass: 12335K(12928K)->12335K(12928K) Class: 1967K(2304K)->1967K(2304K)
[79.622s][info][gc             ] GC(171) Pause Young (Allocation Failure) 556M->9M(1979M) 46.360ms
[79.622s][info][gc,cpu         ] GC(171) User=0.03s Sys=0.00s Real=0.03s
[80.041s][info][gc,start       ] GC(172) Pause Young (Allocation Failure)
[80.078s][info][gc,heap        ] GC(172) DefNew: 560931K(629248K)->1639K(629248K) Eden: 559360K(559360K)->0K(559360K) From: 1571K(69888K)->1639K(69888K)
[80.078s][info][gc,heap        ] GC(172) Tenured: 8505K(1398144K)->8505K(1398144K)
[80.078s][info][gc,metaspace   ] GC(172) Metaspace: 14303K(15232K)->14303K(15232K) NonClass: 12335K(12928K)->12335K(12928K) Class: 1967K(2304K)->1967K(2304K)
[80.078s][info][gc             ] GC(172) Pause Young (Allocation Failure) 556M->9M(1979M) 37.025ms
[80.078s][info][gc,cpu         ] GC(172) User=0.02s Sys=0.00s Real=0.02s
[80.500s][info][gc,start       ] GC(173) Pause Young (Allocation Failure)
[80.535s][info][gc,heap        ] GC(173) DefNew: 560999K(629248K)->1708K(629248K) Eden: 559360K(559360K)->0K(559360K) From: 1639K(69888K)->1708K(69888K)
[80.535s][info][gc,heap        ] GC(173) Tenured: 8505K(1398144K)->8505K(1398144K)
[80.535s][info][gc,metaspace   ] GC(173) Metaspace: 14303K(15232K)->14303K(15232K) NonClass: 12335K(12928K)->12335K(12928K) Class: 1967K(2304K)->1967K(2304K)
[80.535s][info][gc             ] GC(173) Pause Young (Allocation Failure) 556M->9M(1979M) 35.738ms
[80.535s][info][gc,cpu         ] GC(173) User=0.05s Sys=0.00s Real=0.04s
[80.953s][info][gc,start       ] GC(174) Pause Young (Allocation Failure)
[80.994s][info][gc,heap        ] GC(174) DefNew: 561068K(629248K)->1771K(629248K) Eden: 559360K(559360K)->0K(559360K) From: 1708K(69888K)->1771K(69888K)
[80.994s][info][gc,heap        ] GC(174) Tenured: 8505K(1398144K)->8505K(1398144K)
[80.994s][info][gc,metaspace   ] GC(174) Metaspace: 14303K(15232K)->14303K(15232K) NonClass: 12335K(12928K)->12335K(12928K) Class: 1967K(2304K)->1967K(2304K)
[80.994s][info][gc             ] GC(174) Pause Young (Allocation Failure) 556M->10M(1979M) 41.719ms
[80.994s][info][gc,cpu         ] GC(174) User=0.05s Sys=0.00s Real=0.04s
[81.390s][info][gc,start       ] GC(175) Pause Young (Allocation Failure)
[81.433s][info][gc,heap        ] GC(175) DefNew: 561131K(629248K)->1834K(629248K) Eden: 559360K(559360K)->0K(559360K) From: 1771K(69888K)->1834K(69888K)
[81.433s][info][gc,heap        ] GC(175) Tenured: 8505K(1398144K)->8505K(1398144K)
[81.433s][info][gc,metaspace   ] GC(175) Metaspace: 14303K(15232K)->14303K(15232K) NonClass: 12335K(12928K)->12335K(12928K) Class: 1967K(2304K)->1967K(2304K)
[81.433s][info][gc             ] GC(175) Pause Young (Allocation Failure) 556M->10M(1979M) 43.147ms
[81.433s][info][gc,cpu         ] GC(175) User=0.03s Sys=0.00s Real=0.03s
[81.857s][info][gc,start       ] GC(176) Pause Young (Allocation Failure)
[81.900s][info][gc,heap        ] GC(176) DefNew: 561194K(629248K)->1902K(629248K) Eden: 559360K(559360K)->0K(559360K) From: 1834K(69888K)->1902K(69888K)
[81.900s][info][gc,heap        ] GC(176) Tenured: 8505K(1398144K)->8505K(1398144K)
[81.900s][info][gc,metaspace   ] GC(176) Metaspace: 14303K(15232K)->14303K(15232K) NonClass: 12335K(12928K)->12335K(12928K) Class: 1967K(2304K)->1967K(2304K)
[81.900s][info][gc             ] GC(176) Pause Young (Allocation Failure) 556M->10M(1979M) 42.978ms
[81.900s][info][gc,cpu         ] GC(176) User=0.03s Sys=0.00s Real=0.03s
[82.309s][info][gc,start       ] GC(177) Pause Young (Allocation Failure)
[82.356s][info][gc,heap        ] GC(177) DefNew: 561262K(629248K)->1967K(629248K) Eden: 559360K(559360K)->0K(559360K) From: 1902K(69888K)->1967K(69888K)
[82.356s][info][gc,heap        ] GC(177) Tenured: 8505K(1398144K)->8505K(1398144K)
[82.356s][info][gc,metaspace   ] GC(177) Metaspace: 14303K(15232K)->14303K(15232K) NonClass: 12335K(12928K)->12335K(12928K) Class: 1967K(2304K)->1967K(2304K)
[82.356s][info][gc             ] GC(177) Pause Young (Allocation Failure) 556M->10M(1979M) 46.848ms
[82.356s][info][gc,cpu         ] GC(177) User=0.05s Sys=0.00s Real=0.04s
[82.780s][info][gc,start       ] GC(178) Pause Young (Allocation Failure)
[82.826s][info][gc,heap        ] GC(178) DefNew: 561327K(629248K)->2034K(629248K) Eden: 559360K(559360K)->0K(559360K) From: 1967K(69888K)->2034K(69888K)
[82.826s][info][gc,heap        ] GC(178) Tenured: 8505K(1398144K)->8505K(1398144K)
[82.826s][info][gc,metaspace   ] GC(178) Metaspace: 14303K(15232K)->14303K(15232K) NonClass: 12335K(12928K)->12335K(12928K) Class: 1967K(2304K)->1967K(2304K)
[82.826s][info][gc             ] GC(178) Pause Young (Allocation Failure) 556M->10M(1979M) 46.062ms
[82.826s][info][gc,cpu         ] GC(178) User=0.05s Sys=0.00s Real=0.05s
[83.235s][info][gc,start       ] GC(179) Pause Young (Allocation Failure)
[83.275s][info][gc,heap        ] GC(179) DefNew: 561394K(629248K)->2100K(629248K) Eden: 559360K(559360K)->0K(559360K) From: 2034K(69888K)->2100K(69888K)
[83.275s][info][gc,heap        ] GC(179) Tenured: 8505K(1398144K)->8505K(1398144K)
[83.275s][info][gc,metaspace   ] GC(179) Metaspace: 14303K(15232K)->14303K(15232K) NonClass: 12335K(12928K)->12335K(12928K) Class: 1967K(2304K)->1967K(2304K)
[83.275s][info][gc             ] GC(179) Pause Young (Allocation Failure) 556M->10M(1979M) 40.246ms
[83.275s][info][gc,cpu         ] GC(179) User=0.03s Sys=0.00s Real=0.03s
[83.701s][info][gc,start       ] GC(180) Pause Young (Allocation Failure)
[83.739s][info][gc,heap        ] GC(180) DefNew: 561460K(629248K)->2167K(629248K) Eden: 559360K(559360K)->0K(559360K) From: 2100K(69888K)->2167K(69888K)
[83.739s][info][gc,heap        ] GC(180) Tenured: 8505K(1398144K)->8505K(1398144K)
[83.739s][info][gc,metaspace   ] GC(180) Metaspace: 14303K(15232K)->14303K(15232K) NonClass: 12335K(12928K)->12335K(12928K) Class: 1967K(2304K)->1967K(2304K)
[83.739s][info][gc             ] GC(180) Pause Young (Allocation Failure) 556M->10M(1979M) 37.660ms
[83.739s][info][gc,cpu         ] GC(180) User=0.03s Sys=0.00s Real=0.03s
[84.134s][info][gc,start       ] GC(181) Pause Young (Allocation Failure)
[84.178s][info][gc,heap        ] GC(181) DefNew: 561527K(629248K)->2230K(629248K) Eden: 559360K(559360K)->0K(559360K) From: 2167K(69888K)->2230K(69888K)
[84.178s][info][gc,heap        ] GC(181) Tenured: 8505K(1398144K)->8505K(1398144K)
[84.178s][info][gc,metaspace   ] GC(181) Metaspace: 14303K(15232K)->14303K(15232K) NonClass: 12335K(12928K)->12335K(12928K) Class: 1967K(2304K)->1967K(2304K)
[84.178s][info][gc             ] GC(181) Pause Young (Allocation Failure) 556M->10M(1979M) 43.689ms
[84.178s][info][gc,cpu         ] GC(181) User=0.03s Sys=0.00s Real=0.03s
[84.562s][info][gc,start       ] GC(182) Pause Young (Allocation Failure)
[84.605s][info][gc,heap        ] GC(182) DefNew: 561590K(629248K)->2291K(629248K) Eden: 559360K(559360K)->0K(559360K) From: 2230K(69888K)->2291K(69888K)
[84.605s][info][gc,heap        ] GC(182) Tenured: 8505K(1398144K)->8505K(1398144K)
[84.605s][info][gc,metaspace   ] GC(182) Metaspace: 14303K(15232K)->14303K(15232K) NonClass: 12335K(12928K)->12335K(12928K) Class: 1967K(2304K)->1967K(2304K)
[84.605s][info][gc             ] GC(182) Pause Young (Allocation Failure) 556M->10M(1979M) 43.081ms
[84.605s][info][gc,cpu         ] GC(182) User=0.05s Sys=0.00s Real=0.04s
[84.978s][info][gc,start       ] GC(183) Pause Young (Allocation Failure)
[85.019s][info][gc,heap        ] GC(183) DefNew: 561651K(629248K)->2351K(629248K) Eden: 559360K(559360K)->0K(559360K) From: 2291K(69888K)->2351K(69888K)
[85.019s][info][gc,heap        ] GC(183) Tenured: 8505K(1398144K)->8505K(1398144K)
[85.019s][info][gc,metaspace   ] GC(183) Metaspace: 14303K(15232K)->14303K(15232K) NonClass: 12335K(12928K)->12335K(12928K) Class: 1967K(2304K)->1967K(2304K)
[85.019s][info][gc             ] GC(183) Pause Young (Allocation Failure) 556M->10M(1979M) 40.566ms
[85.019s][info][gc,cpu         ] GC(183) User=0.03s Sys=0.00s Real=0.03s
[85.415s][info][gc,start       ] GC(184) Pause Young (Allocation Failure)
[85.451s][info][gc,heap        ] GC(184) DefNew: 561711K(629248K)->2414K(629248K) Eden: 559360K(559360K)->0K(559360K) From: 2351K(69888K)->2414K(69888K)
[85.451s][info][gc,heap        ] GC(184) Tenured: 8505K(1398144K)->8505K(1398144K)
[85.451s][info][gc,metaspace   ] GC(184) Metaspace: 14303K(15232K)->14303K(15232K) NonClass: 12335K(12928K)->12335K(12928K) Class: 1967K(2304K)->1967K(2304K)
[85.451s][info][gc             ] GC(184) Pause Young (Allocation Failure) 556M->10M(1979M) 36.219ms
[85.451s][info][gc,cpu         ] GC(184) User=0.03s Sys=0.00s Real=0.03s
[85.843s][info][gc,start       ] GC(185) Pause Young (Allocation Failure)
[85.879s][info][gc,heap        ] GC(185) DefNew: 561774K(629248K)->973K(629248K) Eden: 559360K(559360K)->0K(559360K) From: 2414K(69888K)->973K(69888K)
[85.879s][info][gc,heap        ] GC(185) Tenured: 8505K(1398144K)->10010K(1398144K)
[85.879s][info][gc,metaspace   ] GC(185) Metaspace: 14303K(15232K)->14303K(15232K) NonClass: 12335K(12928K)->12335K(12928K) Class: 1967K(2304K)->1967K(2304K)
[85.879s][info][gc             ] GC(185) Pause Young (Allocation Failure) 556M->10M(1979M) 35.962ms
[85.879s][info][gc,cpu         ] GC(185) User=0.03s Sys=0.00s Real=0.03s
[86.301s][info][gc,start       ] GC(186) Pause Young (Allocation Failure)
[86.333s][info][gc,heap        ] GC(186) DefNew: 560333K(629248K)->979K(629248K) Eden: 559360K(559360K)->0K(559360K) From: 973K(69888K)->979K(69888K)
[86.334s][info][gc,heap        ] GC(186) Tenured: 10010K(1398144K)->10069K(1398144K)
[86.334s][info][gc,metaspace   ] GC(186) Metaspace: 14303K(15232K)->14303K(15232K) NonClass: 12335K(12928K)->12335K(12928K) Class: 1967K(2304K)->1967K(2304K)
[86.334s][info][gc             ] GC(186) Pause Young (Allocation Failure) 556M->10M(1979M) 32.379ms
[86.334s][info][gc,cpu         ] GC(186) User=0.02s Sys=0.00s Real=0.02s
[86.738s][info][gc,start       ] GC(187) Pause Young (Allocation Failure)
[86.780s][info][gc,heap        ] GC(187) DefNew: 560339K(629248K)->977K(629248K) Eden: 559360K(559360K)->0K(559360K) From: 979K(69888K)->977K(69888K)
[86.780s][info][gc,heap        ] GC(187) Tenured: 10069K(1398144K)->10136K(1398144K)
[86.780s][info][gc,metaspace   ] GC(187) Metaspace: 14303K(15232K)->14303K(15232K) NonClass: 12335K(12928K)->12335K(12928K) Class: 1967K(2304K)->1967K(2304K)
[86.780s][info][gc             ] GC(187) Pause Young (Allocation Failure) 557M->10M(1979M) 42.490ms
[86.780s][info][gc,cpu         ] GC(187) User=0.03s Sys=0.00s Real=0.04s
[87.195s][info][gc,start       ] GC(188) Pause Young (Allocation Failure)
[87.234s][info][gc,heap        ] GC(188) DefNew: 560337K(629248K)->976K(629248K) Eden: 559360K(559360K)->0K(559360K) From: 977K(69888K)->976K(69888K)
[87.235s][info][gc,heap        ] GC(188) Tenured: 10136K(1398144K)->10204K(1398144K)
[87.235s][info][gc,metaspace   ] GC(188) Metaspace: 14303K(15232K)->14303K(15232K) NonClass: 12335K(12928K)->12335K(12928K) Class: 1967K(2304K)->1967K(2304K)
[87.235s][info][gc             ] GC(188) Pause Young (Allocation Failure) 557M->10M(1979M) 39.332ms
[87.235s][info][gc,cpu         ] GC(188) User=0.03s Sys=0.00s Real=0.03s
[87.639s][info][gc,start       ] GC(189) Pause Young (Allocation Failure)
[87.684s][info][gc,heap        ] GC(189) DefNew: 560336K(629248K)->975K(629248K) Eden: 559360K(559360K)->0K(559360K) From: 976K(69888K)->975K(69888K)
[87.684s][info][gc,heap        ] GC(189) Tenured: 10204K(1398144K)->10268K(1398144K)
[87.684s][info][gc,metaspace   ] GC(189) Metaspace: 14303K(15232K)->14303K(15232K) NonClass: 12335K(12928K)->12335K(12928K) Class: 1967K(2304K)->1967K(2304K)
[87.684s][info][gc             ] GC(189) Pause Young (Allocation Failure) 557M->10M(1979M) 44.723ms
[87.684s][info][gc,cpu         ] GC(189) User=0.05s Sys=0.00s Real=0.04s
[88.090s][info][gc,start       ] GC(190) Pause Young (Allocation Failure)
[88.132s][info][gc,heap        ] GC(190) DefNew: 560335K(629248K)->975K(629248K) Eden: 559360K(559360K)->0K(559360K) From: 975K(69888K)->975K(69888K)
[88.132s][info][gc,heap        ] GC(190) Tenured: 10268K(1398144K)->10330K(1398144K)
[88.132s][info][gc,metaspace   ] GC(190) Metaspace: 14303K(15232K)->14303K(15232K) NonClass: 12335K(12928K)->12335K(12928K) Class: 1967K(2304K)->1967K(2304K)
[88.132s][info][gc             ] GC(190) Pause Young (Allocation Failure) 557M->11M(1979M) 42.575ms
[88.132s][info][gc,cpu         ] GC(190) User=0.05s Sys=0.00s Real=0.04s
[88.688s][info][gc,start       ] GC(191) Pause Young (Allocation Failure)
[88.732s][info][gc,heap        ] GC(191) DefNew: 560335K(629248K)->972K(629248K) Eden: 559360K(559360K)->0K(559360K) From: 975K(69888K)->972K(69888K)
[88.732s][info][gc,heap        ] GC(191) Tenured: 10330K(1398144K)->10398K(1398144K)
[88.732s][info][gc,metaspace   ] GC(191) Metaspace: 14303K(15232K)->14303K(15232K) NonClass: 12335K(12928K)->12335K(12928K) Class: 1967K(2304K)->1967K(2304K)
[88.732s][info][gc             ] GC(191) Pause Young (Allocation Failure) 557M->11M(1979M) 43.930ms
[88.732s][info][gc,cpu         ] GC(191) User=0.05s Sys=0.00s Real=0.04s
[89.153s][info][gc,start       ] GC(192) Pause Young (Allocation Failure)
[89.187s][info][gc,heap        ] GC(192) DefNew: 560332K(629248K)->972K(629248K) Eden: 559360K(559360K)->0K(559360K) From: 972K(69888K)->972K(69888K)
[89.187s][info][gc,heap        ] GC(192) Tenured: 10398K(1398144K)->10463K(1398144K)
[89.187s][info][gc,metaspace   ] GC(192) Metaspace: 14303K(15232K)->14303K(15232K) NonClass: 12335K(12928K)->12335K(12928K) Class: 1967K(2304K)->1967K(2304K)
[89.187s][info][gc             ] GC(192) Pause Young (Allocation Failure) 557M->11M(1979M) 34.008ms
[89.187s][info][gc,cpu         ] GC(192) User=0.03s Sys=0.00s Real=0.03s
[89.593s][info][gc,start       ] GC(193) Pause Young (Allocation Failure)
[89.627s][info][gc,heap        ] GC(193) DefNew: 560332K(629248K)->972K(629248K) Eden: 559360K(559360K)->0K(559360K) From: 972K(69888K)->972K(69888K)
[89.627s][info][gc,heap        ] GC(193) Tenured: 10463K(1398144K)->10530K(1398144K)
[89.627s][info][gc,metaspace   ] GC(193) Metaspace: 14303K(15232K)->14303K(15232K) NonClass: 12335K(12928K)->12335K(12928K) Class: 1967K(2304K)->1967K(2304K)
[89.627s][info][gc             ] GC(193) Pause Young (Allocation Failure) 557M->11M(1979M) 33.525ms
[89.627s][info][gc,cpu         ] GC(193) User=0.03s Sys=0.00s Real=0.03s
[90.045s][info][gc,start       ] GC(194) Pause Young (Allocation Failure)
[90.078s][info][gc,heap        ] GC(194) DefNew: 560332K(629248K)->971K(629248K) Eden: 559360K(559360K)->0K(559360K) From: 972K(69888K)->971K(69888K)
[90.078s][info][gc,heap        ] GC(194) Tenured: 10530K(1398144K)->10596K(1398144K)
[90.078s][info][gc,metaspace   ] GC(194) Metaspace: 14303K(15232K)->14303K(15232K) NonClass: 12335K(12928K)->12335K(12928K) Class: 1967K(2304K)->1967K(2304K)
[90.078s][info][gc             ] GC(194) Pause Young (Allocation Failure) 557M->11M(1979M) 33.274ms
[90.078s][info][gc,cpu         ] GC(194) User=0.02s Sys=0.00s Real=0.02s
[90.483s][info][gc,start       ] GC(195) Pause Young (Allocation Failure)
[90.527s][info][gc,heap        ] GC(195) DefNew: 560331K(629248K)->968K(629248K) Eden: 559360K(559360K)->0K(559360K) From: 971K(69888K)->968K(69888K)
[90.527s][info][gc,heap        ] GC(195) Tenured: 10596K(1398144K)->10660K(1398144K)
[90.527s][info][gc,metaspace   ] GC(195) Metaspace: 14303K(15232K)->14303K(15232K) NonClass: 12335K(12928K)->12335K(12928K) Class: 1967K(2304K)->1967K(2304K)
[90.527s][info][gc             ] GC(195) Pause Young (Allocation Failure) 557M->11M(1979M) 43.343ms
[90.527s][info][gc,cpu         ] GC(195) User=0.05s Sys=0.00s Real=0.04s
[90.935s][info][gc,start       ] GC(196) Pause Young (Allocation Failure)
[90.979s][info][gc,heap        ] GC(196) DefNew: 560328K(629248K)->968K(629248K) Eden: 559360K(559360K)->0K(559360K) From: 968K(69888K)->968K(69888K)
[90.979s][info][gc,heap        ] GC(196) Tenured: 10660K(1398144K)->10724K(1398144K)
[90.979s][info][gc,metaspace   ] GC(196) Metaspace: 14303K(15232K)->14303K(15232K) NonClass: 12335K(12928K)->12335K(12928K) Class: 1967K(2304K)->1967K(2304K)
[90.979s][info][gc             ] GC(196) Pause Young (Allocation Failure) 557M->11M(1979M) 44.494ms
[90.979s][info][gc,cpu         ] GC(196) User=0.05s Sys=0.00s Real=0.05s
[91.388s][info][gc,start       ] GC(197) Pause Young (Allocation Failure)
[91.429s][info][gc,heap        ] GC(197) DefNew: 560328K(629248K)->972K(629248K) Eden: 559360K(559360K)->0K(559360K) From: 968K(69888K)->972K(69888K)
[91.429s][info][gc,heap        ] GC(197) Tenured: 10724K(1398144K)->10787K(1398144K)
[91.429s][info][gc,metaspace   ] GC(197) Metaspace: 14303K(15232K)->14303K(15232K) NonClass: 12335K(12928K)->12335K(12928K) Class: 1967K(2304K)->1967K(2304K)
[91.429s][info][gc             ] GC(197) Pause Young (Allocation Failure) 557M->11M(1979M) 40.601ms
[91.429s][info][gc,cpu         ] GC(197) User=0.05s Sys=0.00s Real=0.04s
[91.835s][info][gc,start       ] GC(198) Pause Young (Allocation Failure)
[91.874s][info][gc,heap        ] GC(198) DefNew: 560332K(629248K)->974K(629248K) Eden: 559360K(559360K)->0K(559360K) From: 972K(69888K)->974K(69888K)
[91.874s][info][gc,heap        ] GC(198) Tenured: 10787K(1398144K)->10845K(1398144K)
[91.874s][info][gc,metaspace   ] GC(198) Metaspace: 14303K(15232K)->14303K(15232K) NonClass: 12335K(12928K)->12335K(12928K) Class: 1967K(2304K)->1967K(2304K)
[91.874s][info][gc             ] GC(198) Pause Young (Allocation Failure) 557M->11M(1979M) 38.813ms
[91.874s][info][gc,cpu         ] GC(198) User=0.03s Sys=0.00s Real=0.03s
[92.298s][info][gc,start       ] GC(199) Pause Young (Allocation Failure)
[92.338s][info][gc,heap        ] GC(199) DefNew: 560334K(629248K)->980K(629248K) Eden: 559360K(559360K)->0K(559360K) From: 974K(69888K)->980K(69888K)
[92.338s][info][gc,heap        ] GC(199) Tenured: 10845K(1398144K)->10907K(1398144K)
[92.338s][info][gc,metaspace   ] GC(199) Metaspace: 14303K(15232K)->14303K(15232K) NonClass: 12335K(12928K)->12335K(12928K) Class: 1967K(2304K)->1967K(2304K)
[92.338s][info][gc             ] GC(199) Pause Young (Allocation Failure) 557M->11M(1979M) 39.852ms
[92.338s][info][gc,cpu         ] GC(199) User=0.05s Sys=0.00s Real=0.04s
[92.764s][info][gc,start       ] GC(200) Pause Young (Allocation Failure)
[92.805s][info][gc,heap        ] GC(200) DefNew: 560340K(629248K)->984K(629248K) Eden: 559360K(559360K)->0K(559360K) From: 980K(69888K)->984K(69888K)
[92.805s][info][gc,heap        ] GC(200) Tenured: 10907K(1398144K)->10972K(1398144K)
[92.805s][info][gc,metaspace   ] GC(200) Metaspace: 14303K(15232K)->14303K(15232K) NonClass: 12335K(12928K)->12335K(12928K) Class: 1967K(2304K)->1967K(2304K)
[92.805s][info][gc             ] GC(200) Pause Young (Allocation Failure) 557M->11M(1979M) 40.446ms
[92.805s][info][gc,cpu         ] GC(200) User=0.03s Sys=0.00s Real=0.03s
[93.214s][info][gc,start       ] GC(201) Pause Young (Allocation Failure)
[93.257s][info][gc,heap        ] GC(201) DefNew: 560344K(629248K)->981K(629248K) Eden: 559360K(559360K)->0K(559360K) From: 984K(69888K)->981K(69888K)
[93.257s][info][gc,heap        ] GC(201) Tenured: 10972K(1398144K)->11038K(1398144K)
[93.257s][info][gc,metaspace   ] GC(201) Metaspace: 14303K(15232K)->14303K(15232K) NonClass: 12335K(12928K)->12335K(12928K) Class: 1967K(2304K)->1967K(2304K)
[93.257s][info][gc             ] GC(201) Pause Young (Allocation Failure) 557M->11M(1979M) 43.399ms
[93.257s][info][gc,cpu         ] GC(201) User=0.03s Sys=0.00s Real=0.04s
[93.667s][info][gc,start       ] GC(202) Pause Young (Allocation Failure)
[93.708s][info][gc,heap        ] GC(202) DefNew: 560341K(629248K)->983K(629248K) Eden: 559360K(559360K)->0K(559360K) From: 981K(69888K)->983K(69888K)
[93.708s][info][gc,heap        ] GC(202) Tenured: 11038K(1398144K)->11103K(1398144K)
[93.708s][info][gc,metaspace   ] GC(202) Metaspace: 14303K(15232K)->14303K(15232K) NonClass: 12335K(12928K)->12335K(12928K) Class: 1967K(2304K)->1967K(2304K)
[93.708s][info][gc             ] GC(202) Pause Young (Allocation Failure) 557M->11M(1979M) 41.156ms
[93.708s][info][gc,cpu         ] GC(202) User=0.05s Sys=0.00s Real=0.04s
[94.119s][info][gc,start       ] GC(203) Pause Young (Allocation Failure)
[94.155s][info][gc,heap        ] GC(203) DefNew: 560343K(629248K)->980K(629248K) Eden: 559360K(559360K)->0K(559360K) From: 983K(69888K)->980K(69888K)
[94.155s][info][gc,heap        ] GC(203) Tenured: 11103K(1398144K)->11171K(1398144K)
[94.155s][info][gc,metaspace   ] GC(203) Metaspace: 14303K(15232K)->14303K(15232K) NonClass: 12335K(12928K)->12335K(12928K) Class: 1967K(2304K)->1967K(2304K)
[94.155s][info][gc             ] GC(203) Pause Young (Allocation Failure) 558M->11M(1979M) 35.990ms
[94.155s][info][gc,cpu         ] GC(203) User=0.03s Sys=0.00s Real=0.03s
[94.568s][info][gc,start       ] GC(204) Pause Young (Allocation Failure)
[94.603s][info][gc,heap        ] GC(204) DefNew: 560340K(629248K)->984K(629248K) Eden: 559360K(559360K)->0K(559360K) From: 980K(69888K)->984K(69888K)
[94.603s][info][gc,heap        ] GC(204) Tenured: 11171K(1398144K)->11233K(1398144K)
[94.603s][info][gc,metaspace   ] GC(204) Metaspace: 14303K(15232K)->14303K(15232K) NonClass: 12335K(12928K)->12335K(12928K) Class: 1967K(2304K)->1967K(2304K)
[94.603s][info][gc             ] GC(204) Pause Young (Allocation Failure) 558M->11M(1979M) 35.663ms
[94.603s][info][gc,cpu         ] GC(204) User=0.03s Sys=0.00s Real=0.03s
[95.013s][info][gc,start       ] GC(205) Pause Young (Allocation Failure)
[95.050s][info][gc,heap        ] GC(205) DefNew: 560344K(629248K)->986K(629248K) Eden: 559360K(559360K)->0K(559360K) From: 984K(69888K)->986K(69888K)
[95.050s][info][gc,heap        ] GC(205) Tenured: 11233K(1398144K)->11295K(1398144K)
[95.050s][info][gc,metaspace   ] GC(205) Metaspace: 14303K(15232K)->14303K(15232K) NonClass: 12335K(12928K)->12335K(12928K) Class: 1967K(2304K)->1967K(2304K)
[95.050s][info][gc             ] GC(205) Pause Young (Allocation Failure) 558M->11M(1979M) 36.878ms
[95.050s][info][gc,cpu         ] GC(205) User=0.03s Sys=0.00s Real=0.03s
[95.493s][info][gc,start       ] GC(206) Pause Young (Allocation Failure)
[95.534s][info][gc,heap        ] GC(206) DefNew: 560346K(629248K)->991K(629248K) Eden: 559360K(559360K)->0K(559360K) From: 986K(69888K)->991K(69888K)
[95.534s][info][gc,heap        ] GC(206) Tenured: 11295K(1398144K)->11360K(1398144K)
[95.534s][info][gc,metaspace   ] GC(206) Metaspace: 14303K(15232K)->14303K(15232K) NonClass: 12335K(12928K)->12335K(12928K) Class: 1967K(2304K)->1967K(2304K)
[95.534s][info][gc             ] GC(206) Pause Young (Allocation Failure) 558M->12M(1979M) 41.159ms
[95.534s][info][gc,cpu         ] GC(206) User=0.05s Sys=0.00s Real=0.04s
[95.958s][info][gc,start       ] GC(207) Pause Young (Allocation Failure)
[95.997s][info][gc,heap        ] GC(207) DefNew: 560351K(629248K)->990K(629248K) Eden: 559360K(559360K)->0K(559360K) From: 991K(69888K)->990K(69888K)
[95.998s][info][gc,heap        ] GC(207) Tenured: 11360K(1398144K)->11425K(1398144K)
[95.998s][info][gc,metaspace   ] GC(207) Metaspace: 14303K(15232K)->14303K(15232K) NonClass: 12335K(12928K)->12335K(12928K) Class: 1967K(2304K)->1967K(2304K)
[95.998s][info][gc             ] GC(207) Pause Young (Allocation Failure) 558M->12M(1979M) 39.214ms
[95.998s][info][gc,cpu         ] GC(207) User=0.03s Sys=0.00s Real=0.04s
[96.439s][info][gc,start       ] GC(208) Pause Young (Allocation Failure)
[96.486s][info][gc,heap        ] GC(208) DefNew: 560350K(629248K)->992K(629248K) Eden: 559360K(559360K)->0K(559360K) From: 990K(69888K)->992K(69888K)
[96.486s][info][gc,heap        ] GC(208) Tenured: 11425K(1398144K)->11494K(1398144K)
[96.486s][info][gc,metaspace   ] GC(208) Metaspace: 14303K(15232K)->14303K(15232K) NonClass: 12335K(12928K)->12335K(12928K) Class: 1967K(2304K)->1967K(2304K)
[96.486s][info][gc             ] GC(208) Pause Young (Allocation Failure) 558M->12M(1979M) 46.681ms
[96.486s][info][gc,cpu         ] GC(208) User=0.05s Sys=0.00s Real=0.04s
[96.958s][info][gc,start       ] GC(209) Pause Young (Allocation Failure)
[97.011s][info][gc,heap        ] GC(209) DefNew: 560352K(629248K)->999K(629248K) Eden: 559360K(559360K)->0K(559360K) From: 992K(69888K)->999K(69888K)
[97.011s][info][gc,heap        ] GC(209) Tenured: 11494K(1398144K)->11559K(1398144K)
[97.011s][info][gc,metaspace   ] GC(209) Metaspace: 14303K(15232K)->14303K(15232K) NonClass: 12335K(12928K)->12335K(12928K) Class: 1967K(2304K)->1967K(2304K)
[97.011s][info][gc             ] GC(209) Pause Young (Allocation Failure) 558M->12M(1979M) 52.722ms
[97.011s][info][gc,cpu         ] GC(209) User=0.05s Sys=0.00s Real=0.05s
[97.406s][info][gc,start       ] GC(210) Pause Young (Allocation Failure)
[97.444s][info][gc,heap        ] GC(210) DefNew: 560359K(629248K)->999K(629248K) Eden: 559360K(559360K)->0K(559360K) From: 999K(69888K)->999K(69888K)
[97.444s][info][gc,heap        ] GC(210) Tenured: 11559K(1398144K)->11620K(1398144K)
[97.444s][info][gc,metaspace   ] GC(210) Metaspace: 14304K(15296K)->14304K(15296K) NonClass: 12336K(12992K)->12336K(12992K) Class: 1967K(2304K)->1967K(2304K)
[97.444s][info][gc             ] GC(210) Pause Young (Allocation Failure) 558M->12M(1979M) 38.796ms
[97.444s][info][gc,cpu         ] GC(210) User=0.05s Sys=0.00s Real=0.04s
[97.675s][info][gc,start       ] GC(211) Pause Full (System.gc())
[97.675s][info][gc,phases,start] GC(211) Phase 1: Mark live objects
[97.700s][info][gc,phases      ] GC(211) Phase 1: Mark live objects 24.491ms
[97.700s][info][gc,phases,start] GC(211) Phase 2: Compute new object addresses
[97.737s][info][gc,phases      ] GC(211) Phase 2: Compute new object addresses 37.298ms
[97.737s][info][gc,phases,start] GC(211) Phase 3: Adjust pointers
[97.753s][info][gc,phases      ] GC(211) Phase 3: Adjust pointers 16.059ms
[97.753s][info][gc,phases,start] GC(211) Phase 4: Move objects
[97.753s][info][gc,phases      ] GC(211) Phase 4: Move objects 0.012ms
[97.753s][info][gc,heap        ] GC(211) DefNew: 157057K(629248K)->0K(629248K) Eden: 156058K(559360K)->0K(559360K) From: 999K(69888K)->0K(69888K)
[97.753s][info][gc,heap        ] GC(211) Tenured: 11620K(1398144K)->11621K(1398144K)
[97.753s][info][gc,metaspace   ] GC(211) Metaspace: 14304K(15296K)->14304K(15296K) NonClass: 12336K(12992K)->12336K(12992K) Class: 1967K(2304K)->1967K(2304K)
[97.753s][info][gc             ] GC(211) Pause Full (System.gc()) 164M->11M(1979M) 78.158ms
[97.754s][info][gc,cpu         ] GC(211) User=0.08s Sys=0.00s Real=0.08s
[98.094s][info][gc,start       ] GC(212) Pause Young (Allocation Failure)
[98.129s][info][gc,heap        ] GC(212) DefNew: 559360K(629248K)->1513K(629248K) Eden: 559360K(559360K)->0K(559360K) From: 0K(69888K)->1513K(69888K)
[98.129s][info][gc,heap        ] GC(212) Tenured: 11621K(1398144K)->11621K(1398144K)
[98.129s][info][gc,metaspace   ] GC(212) Metaspace: 14306K(15296K)->14306K(15296K) NonClass: 12338K(12992K)->12338K(12992K) Class: 1967K(2304K)->1967K(2304K)
[98.129s][info][gc             ] GC(212) Pause Young (Allocation Failure) 557M->12M(1979M) 34.804ms
[98.129s][info][gc,cpu         ] GC(212) User=0.05s Sys=0.00s Real=0.03s
[98.534s][info][gc,start       ] GC(213) Pause Young (Allocation Failure)
[98.575s][info][gc,heap        ] GC(213) DefNew: 560873K(629248K)->1575K(629248K) Eden: 559360K(559360K)->0K(559360K) From: 1513K(69888K)->1575K(69888K)
[98.575s][info][gc,heap        ] GC(213) Tenured: 11621K(1398144K)->11621K(1398144K)
[98.575s][info][gc,metaspace   ] GC(213) Metaspace: 14306K(15296K)->14306K(15296K) NonClass: 12338K(12992K)->12338K(12992K) Class: 1967K(2304K)->1967K(2304K)
[98.575s][info][gc             ] GC(213) Pause Young (Allocation Failure) 559M->12M(1979M) 41.368ms
[98.575s][info][gc,cpu         ] GC(213) User=0.03s Sys=0.00s Real=0.03s
[98.991s][info][gc,start       ] GC(214) Pause Young (Allocation Failure)
[99.031s][info][gc,heap        ] GC(214) DefNew: 560935K(629248K)->1642K(629248K) Eden: 559360K(559360K)->0K(559360K) From: 1575K(69888K)->1642K(69888K)
[99.031s][info][gc,heap        ] GC(214) Tenured: 11621K(1398144K)->11621K(1398144K)
[99.032s][info][gc,metaspace   ] GC(214) Metaspace: 14306K(15296K)->14306K(15296K) NonClass: 12338K(12992K)->12338K(12992K) Class: 1967K(2304K)->1967K(2304K)
[99.032s][info][gc             ] GC(214) Pause Young (Allocation Failure) 559M->12M(1979M) 40.959ms
[99.032s][info][gc,cpu         ] GC(214) User=0.03s Sys=0.00s Real=0.03s
[99.433s][info][gc,start       ] GC(215) Pause Young (Allocation Failure)
[99.472s][info][gc,heap        ] GC(215) DefNew: 561002K(629248K)->1707K(629248K) Eden: 559360K(559360K)->0K(559360K) From: 1642K(69888K)->1707K(69888K)
[99.472s][info][gc,heap        ] GC(215) Tenured: 11621K(1398144K)->11621K(1398144K)
[99.472s][info][gc,metaspace   ] GC(215) Metaspace: 14306K(15296K)->14306K(15296K) NonClass: 12338K(12992K)->12338K(12992K) Class: 1967K(2304K)->1967K(2304K)
[99.472s][info][gc             ] GC(215) Pause Young (Allocation Failure) 559M->13M(1979M) 39.873ms
[99.472s][info][gc,cpu         ] GC(215) User=0.03s Sys=0.00s Real=0.03s
[99.862s][info][gc,start       ] GC(216) Pause Young (Allocation Failure)
[99.906s][info][gc,heap        ] GC(216) DefNew: 561067K(629248K)->1770K(629248K) Eden: 559360K(559360K)->0K(559360K) From: 1707K(69888K)->1770K(69888K)
[99.906s][info][gc,heap        ] GC(216) Tenured: 11621K(1398144K)->11621K(1398144K)
[99.906s][info][gc,metaspace   ] GC(216) Metaspace: 14306K(15296K)->14306K(15296K) NonClass: 12338K(12992K)->12338K(12992K) Class: 1967K(2304K)->1967K(2304K)
[99.906s][info][gc             ] GC(216) Pause Young (Allocation Failure) 559M->13M(1979M) 43.798ms
[99.906s][info][gc,cpu         ] GC(216) User=0.03s Sys=0.00s Real=0.03s
[100.306s][info][gc,start       ] GC(217) Pause Young (Allocation Failure)
[100.351s][info][gc,heap        ] GC(217) DefNew: 561130K(629248K)->1831K(629248K) Eden: 559360K(559360K)->0K(559360K) From: 1770K(69888K)->1831K(69888K)
[100.351s][info][gc,heap        ] GC(217) Tenured: 11621K(1398144K)->11621K(1398144K)
[100.351s][info][gc,metaspace   ] GC(217) Metaspace: 14306K(15296K)->14306K(15296K) NonClass: 12338K(12992K)->12338K(12992K) Class: 1967K(2304K)->1967K(2304K)
[100.351s][info][gc             ] GC(217) Pause Young (Allocation Failure) 559M->13M(1979M) 45.874ms
[100.351s][info][gc,cpu         ] GC(217) User=0.03s Sys=0.00s Real=0.03s
[100.748s][info][gc,start       ] GC(218) Pause Young (Allocation Failure)
[100.798s][info][gc,heap        ] GC(218) DefNew: 561191K(629248K)->1896K(629248K) Eden: 559360K(559360K)->0K(559360K) From: 1831K(69888K)->1896K(69888K)
[100.798s][info][gc,heap        ] GC(218) Tenured: 11621K(1398144K)->11621K(1398144K)
[100.798s][info][gc,metaspace   ] GC(218) Metaspace: 14306K(15296K)->14306K(15296K) NonClass: 12338K(12992K)->12338K(12992K) Class: 1967K(2304K)->1967K(2304K)
[100.798s][info][gc             ] GC(218) Pause Young (Allocation Failure) 559M->13M(1979M) 50.287ms
[100.798s][info][gc,cpu         ] GC(218) User=0.03s Sys=0.00s Real=0.05s
[101.201s][info][gc,start       ] GC(219) Pause Young (Allocation Failure)
[101.247s][info][gc,heap        ] GC(219) DefNew: 561256K(629248K)->1959K(629248K) Eden: 559360K(559360K)->0K(559360K) From: 1896K(69888K)->1959K(69888K)
[101.247s][info][gc,heap        ] GC(219) Tenured: 11621K(1398144K)->11621K(1398144K)
[101.247s][info][gc,metaspace   ] GC(219) Metaspace: 14306K(15296K)->14306K(15296K) NonClass: 12338K(12992K)->12338K(12992K) Class: 1967K(2304K)->1967K(2304K)
[101.247s][info][gc             ] GC(219) Pause Young (Allocation Failure) 559M->13M(1979M) 45.681ms
[101.247s][info][gc,cpu         ] GC(219) User=0.03s Sys=0.00s Real=0.03s
[101.703s][info][gc,start       ] GC(220) Pause Young (Allocation Failure)
[101.753s][info][gc,heap        ] GC(220) DefNew: 561319K(629248K)->2023K(629248K) Eden: 559360K(559360K)->0K(559360K) From: 1959K(69888K)->2023K(69888K)
[101.753s][info][gc,heap        ] GC(220) Tenured: 11621K(1398144K)->11621K(1398144K)
[101.753s][info][gc,metaspace   ] GC(220) Metaspace: 14306K(15296K)->14306K(15296K) NonClass: 12338K(12992K)->12338K(12992K) Class: 1967K(2304K)->1967K(2304K)
[101.753s][info][gc             ] GC(220) Pause Young (Allocation Failure) 559M->13M(1979M) 50.712ms
[101.754s][info][gc,cpu         ] GC(220) User=0.05s Sys=0.00s Real=0.05s
[102.191s][info][gc,start       ] GC(221) Pause Young (Allocation Failure)
[102.235s][info][gc,heap        ] GC(221) DefNew: 561383K(629248K)->2094K(629248K) Eden: 559360K(559360K)->0K(559360K) From: 2023K(69888K)->2094K(69888K)
[102.235s][info][gc,heap        ] GC(221) Tenured: 11621K(1398144K)->11621K(1398144K)
[102.235s][info][gc,metaspace   ] GC(221) Metaspace: 14306K(15296K)->14306K(15296K) NonClass: 12338K(12992K)->12338K(12992K) Class: 1967K(2304K)->1967K(2304K)
[102.235s][info][gc             ] GC(221) Pause Young (Allocation Failure) 559M->13M(1979M) 43.614ms
[102.235s][info][gc,cpu         ] GC(221) User=0.02s Sys=0.00s Real=0.03s
[102.647s][info][gc,start       ] GC(222) Pause Young (Allocation Failure)
[102.690s][info][gc,heap        ] GC(222) DefNew: 561454K(629248K)->2158K(629248K) Eden: 559360K(559360K)->0K(559360K) From: 2094K(69888K)->2158K(69888K)
[102.690s][info][gc,heap        ] GC(222) Tenured: 11621K(1398144K)->11621K(1398144K)
[102.690s][info][gc,metaspace   ] GC(222) Metaspace: 14306K(15296K)->14306K(15296K) NonClass: 12338K(12992K)->12338K(12992K) Class: 1967K(2304K)->1967K(2304K)
[102.690s][info][gc             ] GC(222) Pause Young (Allocation Failure) 559M->13M(1979M) 43.016ms
[102.690s][info][gc,cpu         ] GC(222) User=0.03s Sys=0.00s Real=0.04s
[103.083s][info][gc,start       ] GC(223) Pause Young (Allocation Failure)
[103.128s][info][gc,heap        ] GC(223) DefNew: 561518K(629248K)->2222K(629248K) Eden: 559360K(559360K)->0K(559360K) From: 2158K(69888K)->2222K(69888K)
[103.128s][info][gc,heap        ] GC(223) Tenured: 11621K(1398144K)->11621K(1398144K)
[103.128s][info][gc,metaspace   ] GC(223) Metaspace: 14306K(15296K)->14306K(15296K) NonClass: 12338K(12992K)->12338K(12992K) Class: 1967K(2304K)->1967K(2304K)
[103.128s][info][gc             ] GC(223) Pause Young (Allocation Failure) 559M->13M(1979M) 44.299ms
[103.128s][info][gc,cpu         ] GC(223) User=0.03s Sys=0.00s Real=0.04s
[103.536s][info][gc,start       ] GC(224) Pause Young (Allocation Failure)
[103.580s][info][gc,heap        ] GC(224) DefNew: 561582K(629248K)->2287K(629248K) Eden: 559360K(559360K)->0K(559360K) From: 2222K(69888K)->2287K(69888K)
[103.580s][info][gc,heap        ] GC(224) Tenured: 11621K(1398144K)->11621K(1398144K)
[103.580s][info][gc,metaspace   ] GC(224) Metaspace: 14306K(15296K)->14306K(15296K) NonClass: 12338K(12992K)->12338K(12992K) Class: 1967K(2304K)->1967K(2304K)
[103.580s][info][gc             ] GC(224) Pause Young (Allocation Failure) 559M->13M(1979M) 43.929ms
[103.580s][info][gc,cpu         ] GC(224) User=0.03s Sys=0.00s Real=0.04s
[103.983s][info][gc,start       ] GC(225) Pause Young (Allocation Failure)
[104.021s][info][gc,heap        ] GC(225) DefNew: 561647K(629248K)->2351K(629248K) Eden: 559360K(559360K)->0K(559360K) From: 2287K(69888K)->2351K(69888K)
[104.021s][info][gc,heap        ] GC(225) Tenured: 11621K(1398144K)->11621K(1398144K)
[104.021s][info][gc,metaspace   ] GC(225) Metaspace: 14306K(15296K)->14306K(15296K) NonClass: 12338K(12992K)->12338K(12992K) Class: 1967K(2304K)->1967K(2304K)
[104.021s][info][gc             ] GC(225) Pause Young (Allocation Failure) 559M->13M(1979M) 37.925ms
[104.021s][info][gc,cpu         ] GC(225) User=0.05s Sys=0.00s Real=0.04s
[104.428s][info][gc,start       ] GC(226) Pause Young (Allocation Failure)
[104.477s][info][gc,heap        ] GC(226) DefNew: 561711K(629248K)->2414K(629248K) Eden: 559360K(559360K)->0K(559360K) From: 2351K(69888K)->2414K(69888K)
[104.477s][info][gc,heap        ] GC(226) Tenured: 11621K(1398144K)->11621K(1398144K)
[104.477s][info][gc,metaspace   ] GC(226) Metaspace: 14306K(15296K)->14306K(15296K) NonClass: 12338K(12992K)->12338K(12992K) Class: 1967K(2304K)->1967K(2304K)
[104.477s][info][gc             ] GC(226) Pause Young (Allocation Failure) 559M->13M(1979M) 48.764ms
[104.477s][info][gc,cpu         ] GC(226) User=0.03s Sys=0.00s Real=0.03s
[104.880s][info][gc,start       ] GC(227) Pause Young (Allocation Failure)
[104.926s][info][gc,heap        ] GC(227) DefNew: 561774K(629248K)->975K(629248K) Eden: 559360K(559360K)->0K(559360K) From: 2414K(69888K)->975K(69888K)
[104.926s][info][gc,heap        ] GC(227) Tenured: 11621K(1398144K)->13125K(1398144K)
[104.926s][info][gc,metaspace   ] GC(227) Metaspace: 14306K(15296K)->14306K(15296K) NonClass: 12338K(12992K)->12338K(12992K) Class: 1967K(2304K)->1967K(2304K)
[104.926s][info][gc             ] GC(227) Pause Young (Allocation Failure) 559M->13M(1979M) 46.293ms
[104.926s][info][gc,cpu         ] GC(227) User=0.05s Sys=0.00s Real=0.05s
[105.378s][info][gc,start       ] GC(228) Pause Young (Allocation Failure)
[105.414s][info][gc,heap        ] GC(228) DefNew: 560335K(629248K)->984K(629248K) Eden: 559360K(559360K)->0K(559360K) From: 975K(69888K)->984K(69888K)
[105.414s][info][gc,heap        ] GC(228) Tenured: 13125K(1398144K)->13187K(1398144K)
[105.414s][info][gc,metaspace   ] GC(228) Metaspace: 14306K(15296K)->14306K(15296K) NonClass: 12338K(12992K)->12338K(12992K) Class: 1967K(2304K)->1967K(2304K)
[105.414s][info][gc             ] GC(228) Pause Young (Allocation Failure) 560M->13M(1979M) 35.637ms
[105.414s][info][gc,cpu         ] GC(228) User=0.02s Sys=0.00s Real=0.02s
[105.872s][info][gc,start       ] GC(229) Pause Young (Allocation Failure)
[105.908s][info][gc,heap        ] GC(229) DefNew: 560344K(629248K)->990K(629248K) Eden: 559360K(559360K)->0K(559360K) From: 984K(69888K)->990K(69888K)
[105.908s][info][gc,heap        ] GC(229) Tenured: 13187K(1398144K)->13255K(1398144K)
[105.908s][info][gc,metaspace   ] GC(229) Metaspace: 14306K(15296K)->14306K(15296K) NonClass: 12338K(12992K)->12338K(12992K) Class: 1967K(2304K)->1967K(2304K)
[105.908s][info][gc             ] GC(229) Pause Young (Allocation Failure) 560M->13M(1979M) 36.227ms
[105.908s][info][gc,cpu         ] GC(229) User=0.03s Sys=0.00s Real=0.03s
[106.341s][info][gc,start       ] GC(230) Pause Young (Allocation Failure)
[106.388s][info][gc,heap        ] GC(230) DefNew: 560350K(629248K)->990K(629248K) Eden: 559360K(559360K)->0K(559360K) From: 990K(69888K)->990K(69888K)
[106.388s][info][gc,heap        ] GC(230) Tenured: 13255K(1398144K)->13320K(1398144K)
[106.388s][info][gc,metaspace   ] GC(230) Metaspace: 14306K(15296K)->14306K(15296K) NonClass: 12338K(12992K)->12338K(12992K) Class: 1967K(2304K)->1967K(2304K)
[106.388s][info][gc             ] GC(230) Pause Young (Allocation Failure) 560M->13M(1979M) 46.550ms
[106.388s][info][gc,cpu         ] GC(230) User=0.03s Sys=0.00s Real=0.03s
[106.824s][info][gc,start       ] GC(231) Pause Young (Allocation Failure)
[106.872s][info][gc,heap        ] GC(231) DefNew: 560350K(629248K)->995K(629248K) Eden: 559360K(559360K)->0K(559360K) From: 990K(69888K)->995K(69888K)
[106.872s][info][gc,heap        ] GC(231) Tenured: 13320K(1398144K)->13381K(1398144K)
[106.872s][info][gc,metaspace   ] GC(231) Metaspace: 14306K(15296K)->14306K(15296K) NonClass: 12338K(12992K)->12338K(12992K) Class: 1967K(2304K)->1967K(2304K)
[106.872s][info][gc             ] GC(231) Pause Young (Allocation Failure) 560M->14M(1979M) 47.961ms
[106.872s][info][gc,cpu         ] GC(231) User=0.03s Sys=0.00s Real=0.04s
[107.310s][info][gc,start       ] GC(232) Pause Young (Allocation Failure)
[107.357s][info][gc,heap        ] GC(232) DefNew: 560355K(629248K)->1001K(629248K) Eden: 559360K(559360K)->0K(559360K) From: 995K(69888K)->1001K(69888K)
[107.357s][info][gc,heap        ] GC(232) Tenured: 13381K(1398144K)->13443K(1398144K)
[107.357s][info][gc,metaspace   ] GC(232) Metaspace: 14306K(15296K)->14306K(15296K) NonClass: 12338K(12992K)->12338K(12992K) Class: 1967K(2304K)->1967K(2304K)
[107.357s][info][gc             ] GC(232) Pause Young (Allocation Failure) 560M->14M(1979M) 46.495ms
[107.357s][info][gc,cpu         ] GC(232) User=0.05s Sys=0.00s Real=0.04s
[107.807s][info][gc,start       ] GC(233) Pause Young (Allocation Failure)
[107.851s][info][gc,heap        ] GC(233) DefNew: 560361K(629248K)->1008K(629248K) Eden: 559360K(559360K)->0K(559360K) From: 1001K(69888K)->1008K(69888K)
[107.851s][info][gc,heap        ] GC(233) Tenured: 13443K(1398144K)->13508K(1398144K)
[107.851s][info][gc,metaspace   ] GC(233) Metaspace: 14306K(15296K)->14306K(15296K) NonClass: 12338K(12992K)->12338K(12992K) Class: 1967K(2304K)->1967K(2304K)
[107.851s][info][gc             ] GC(233) Pause Young (Allocation Failure) 560M->14M(1979M) 44.093ms
[107.851s][info][gc,cpu         ] GC(233) User=0.03s Sys=0.00s Real=0.03s
[108.301s][info][gc,start       ] GC(234) Pause Young (Allocation Failure)
[108.345s][info][gc,heap        ] GC(234) DefNew: 560368K(629248K)->1017K(629248K) Eden: 559360K(559360K)->0K(559360K) From: 1008K(69888K)->1017K(69888K)
[108.345s][info][gc,heap        ] GC(234) Tenured: 13508K(1398144K)->13570K(1398144K)
[108.345s][info][gc,metaspace   ] GC(234) Metaspace: 14306K(15296K)->14306K(15296K) NonClass: 12338K(12992K)->12338K(12992K) Class: 1967K(2304K)->1967K(2304K)
[108.345s][info][gc             ] GC(234) Pause Young (Allocation Failure) 560M->14M(1979M) 43.595ms
[108.345s][info][gc,cpu         ] GC(234) User=0.03s Sys=0.00s Real=0.04s
[108.800s][info][gc,start       ] GC(235) Pause Young (Allocation Failure)
[108.840s][info][gc,heap        ] GC(235) DefNew: 560377K(629248K)->1023K(629248K) Eden: 559360K(559360K)->0K(559360K) From: 1017K(69888K)->1023K(69888K)
[108.840s][info][gc,heap        ] GC(235) Tenured: 13570K(1398144K)->13635K(1398144K)
[108.840s][info][gc,metaspace   ] GC(235) Metaspace: 14306K(15296K)->14306K(15296K) NonClass: 12338K(12992K)->12338K(12992K) Class: 1967K(2304K)->1967K(2304K)
[108.840s][info][gc             ] GC(235) Pause Young (Allocation Failure) 560M->14M(1979M) 39.933ms
[108.840s][info][gc,cpu         ] GC(235) User=0.03s Sys=0.00s Real=0.03s
[109.275s][info][gc,start       ] GC(236) Pause Young (Allocation Failure)
[109.322s][info][gc,heap        ] GC(236) DefNew: 560383K(629248K)->1018K(629248K) Eden: 559360K(559360K)->0K(559360K) From: 1023K(69888K)->1018K(69888K)
[109.322s][info][gc,heap        ] GC(236) Tenured: 13635K(1398144K)->13705K(1398144K)
[109.322s][info][gc,metaspace   ] GC(236) Metaspace: 14306K(15296K)->14306K(15296K) NonClass: 12338K(12992K)->12338K(12992K) Class: 1967K(2304K)->1967K(2304K)
[109.322s][info][gc             ] GC(236) Pause Young (Allocation Failure) 560M->14M(1979M) 46.435ms
[109.322s][info][gc,cpu         ] GC(236) User=0.03s Sys=0.00s Real=0.03s
[109.760s][info][gc,start       ] GC(237) Pause Young (Allocation Failure)
[109.808s][info][gc,heap        ] GC(237) DefNew: 560378K(629248K)->1023K(629248K) Eden: 559360K(559360K)->0K(559360K) From: 1018K(69888K)->1023K(69888K)
[109.808s][info][gc,heap        ] GC(237) Tenured: 13705K(1398144K)->13771K(1398144K)
[109.808s][info][gc,metaspace   ] GC(237) Metaspace: 14306K(15296K)->14306K(15296K) NonClass: 12338K(12992K)->12338K(12992K) Class: 1967K(2304K)->1967K(2304K)
[109.808s][info][gc             ] GC(237) Pause Young (Allocation Failure) 560M->14M(1979M) 47.940ms
[109.808s][info][gc,cpu         ] GC(237) User=0.05s Sys=0.00s Real=0.05s
[110.245s][info][gc,start       ] GC(238) Pause Young (Allocation Failure)
[110.294s][info][gc,heap        ] GC(238) DefNew: 560383K(629248K)->1030K(629248K) Eden: 559360K(559360K)->0K(559360K) From: 1023K(69888K)->1030K(69888K)
[110.294s][info][gc,heap        ] GC(238) Tenured: 13771K(1398144K)->13833K(1398144K)
[110.294s][info][gc,metaspace   ] GC(238) Metaspace: 14306K(15296K)->14306K(15296K) NonClass: 12338K(12992K)->12338K(12992K) Class: 1967K(2304K)->1967K(2304K)
[110.294s][info][gc             ] GC(238) Pause Young (Allocation Failure) 560M->14M(1979M) 49.561ms
[110.295s][info][gc,cpu         ] GC(238) User=0.05s Sys=0.00s Real=0.04s
[110.861s][info][gc,start       ] GC(239) Pause Young (Allocation Failure)
[110.912s][info][gc,heap        ] GC(239) DefNew: 560390K(629248K)->1032K(629248K) Eden: 559360K(559360K)->0K(559360K) From: 1030K(69888K)->1032K(69888K)
[110.912s][info][gc,heap        ] GC(239) Tenured: 13833K(1398144K)->13898K(1398144K)
[110.912s][info][gc,metaspace   ] GC(239) Metaspace: 14306K(15296K)->14306K(15296K) NonClass: 12338K(12992K)->12338K(12992K) Class: 1967K(2304K)->1967K(2304K)
[110.912s][info][gc             ] GC(239) Pause Young (Allocation Failure) 560M->14M(1979M) 51.012ms
[110.912s][info][gc,cpu         ] GC(239) User=0.05s Sys=0.00s Real=0.05s
[111.368s][info][gc,start       ] GC(240) Pause Young (Allocation Failure)
[111.403s][info][gc,heap        ] GC(240) DefNew: 560392K(629248K)->1044K(629248K) Eden: 559360K(559360K)->0K(559360K) From: 1032K(69888K)->1044K(69888K)
[111.403s][info][gc,heap        ] GC(240) Tenured: 13898K(1398144K)->13960K(1398144K)
[111.403s][info][gc,metaspace   ] GC(240) Metaspace: 14306K(15296K)->14306K(15296K) NonClass: 12338K(12992K)->12338K(12992K) Class: 1967K(2304K)->1967K(2304K)
[111.403s][info][gc             ] GC(240) Pause Young (Allocation Failure) 560M->14M(1979M) 35.459ms
[111.403s][info][gc,cpu         ] GC(240) User=0.03s Sys=0.00s Real=0.03s
[111.839s][info][gc,start       ] GC(241) Pause Young (Allocation Failure)
[111.885s][info][gc,heap        ] GC(241) DefNew: 560404K(629248K)->1051K(629248K) Eden: 559360K(559360K)->0K(559360K) From: 1044K(69888K)->1051K(69888K)
[111.885s][info][gc,heap        ] GC(241) Tenured: 13960K(1398144K)->14024K(1398144K)
[111.885s][info][gc,metaspace   ] GC(241) Metaspace: 14306K(15296K)->14306K(15296K) NonClass: 12338K(12992K)->12338K(12992K) Class: 1967K(2304K)->1967K(2304K)
[111.885s][info][gc             ] GC(241) Pause Young (Allocation Failure) 560M->14M(1979M) 45.707ms
[111.885s][info][gc,cpu         ] GC(241) User=0.03s Sys=0.00s Real=0.03s
[112.335s][info][gc,start       ] GC(242) Pause Young (Allocation Failure)
[112.381s][info][gc,heap        ] GC(242) DefNew: 560411K(629248K)->1056K(629248K) Eden: 559360K(559360K)->0K(559360K) From: 1051K(69888K)->1056K(69888K)
[112.381s][info][gc,heap        ] GC(242) Tenured: 14024K(1398144K)->14090K(1398144K)
[112.381s][info][gc,metaspace   ] GC(242) Metaspace: 14306K(15296K)->14306K(15296K) NonClass: 12338K(12992K)->12338K(12992K) Class: 1967K(2304K)->1967K(2304K)
[112.381s][info][gc             ] GC(242) Pause Young (Allocation Failure) 560M->14M(1979M) 45.616ms
[112.381s][info][gc,cpu         ] GC(242) User=0.05s Sys=0.00s Real=0.04s
[112.814s][info][gc,start       ] GC(243) Pause Young (Allocation Failure)
[112.858s][info][gc,heap        ] GC(243) DefNew: 560416K(629248K)->1053K(629248K) Eden: 559360K(559360K)->0K(559360K) From: 1056K(69888K)->1053K(69888K)
[112.858s][info][gc,heap        ] GC(243) Tenured: 14090K(1398144K)->14161K(1398144K)
[112.858s][info][gc,metaspace   ] GC(243) Metaspace: 14306K(15296K)->14306K(15296K) NonClass: 12338K(12992K)->12338K(12992K) Class: 1967K(2304K)->1967K(2304K)
[112.858s][info][gc             ] GC(243) Pause Young (Allocation Failure) 561M->14M(1979M) 44.257ms
[112.858s][info][gc,cpu         ] GC(243) User=0.03s Sys=0.00s Real=0.03s
[113.294s][info][gc,start       ] GC(244) Pause Young (Allocation Failure)
[113.343s][info][gc,heap        ] GC(244) DefNew: 560413K(629248K)->1047K(629248K) Eden: 559360K(559360K)->0K(559360K) From: 1053K(69888K)->1047K(69888K)
[113.343s][info][gc,heap        ] GC(244) Tenured: 14161K(1398144K)->14234K(1398144K)
[113.343s][info][gc,metaspace   ] GC(244) Metaspace: 14306K(15296K)->14306K(15296K) NonClass: 12338K(12992K)->12338K(12992K) Class: 1967K(2304K)->1967K(2304K)
[113.343s][info][gc             ] GC(244) Pause Young (Allocation Failure) 561M->14M(1979M) 49.398ms
[113.343s][info][gc,cpu         ] GC(244) User=0.05s Sys=0.00s Real=0.04s
[113.888s][info][gc,start       ] GC(245) Pause Young (Allocation Failure)
[113.938s][info][gc,heap        ] GC(245) DefNew: 560407K(629248K)->1054K(629248K) Eden: 559360K(559360K)->0K(559360K) From: 1047K(69888K)->1054K(69888K)
[113.938s][info][gc,heap        ] GC(245) Tenured: 14234K(1398144K)->14299K(1398144K)
[113.938s][info][gc,metaspace   ] GC(245) Metaspace: 14306K(15296K)->14306K(15296K) NonClass: 12338K(12992K)->12338K(12992K) Class: 1967K(2304K)->1967K(2304K)
[113.938s][info][gc             ] GC(245) Pause Young (Allocation Failure) 561M->14M(1979M) 50.465ms
[113.938s][info][gc,cpu         ] GC(245) User=0.05s Sys=0.00s Real=0.05s
[114.391s][info][gc,start       ] GC(246) Pause Young (Allocation Failure)
[114.435s][info][gc,heap        ] GC(246) DefNew: 560414K(629248K)->1053K(629248K) Eden: 559360K(559360K)->0K(559360K) From: 1054K(69888K)->1053K(69888K)
[114.435s][info][gc,heap        ] GC(246) Tenured: 14299K(1398144K)->14367K(1398144K)
[114.435s][info][gc,metaspace   ] GC(246) Metaspace: 14306K(15296K)->14306K(15296K) NonClass: 12338K(12992K)->12338K(12992K) Class: 1967K(2304K)->1967K(2304K)
[114.435s][info][gc             ] GC(246) Pause Young (Allocation Failure) 561M->15M(1979M) 43.546ms
[114.435s][info][gc,cpu         ] GC(246) User=0.05s Sys=0.00s Real=0.03s
[114.872s][info][gc,start       ] GC(247) Pause Young (Allocation Failure)
[114.916s][info][gc,heap        ] GC(247) DefNew: 560413K(629248K)->1053K(629248K) Eden: 559360K(559360K)->0K(559360K) From: 1053K(69888K)->1053K(69888K)
[114.916s][info][gc,heap        ] GC(247) Tenured: 14367K(1398144K)->14435K(1398144K)
[114.916s][info][gc,metaspace   ] GC(247) Metaspace: 14306K(15296K)->14306K(15296K) NonClass: 12338K(12992K)->12338K(12992K) Class: 1967K(2304K)->1967K(2304K)
[114.917s][info][gc             ] GC(247) Pause Young (Allocation Failure) 561M->15M(1979M) 44.808ms
[114.917s][info][gc,cpu         ] GC(247) User=0.05s Sys=0.00s Real=0.04s
[115.369s][info][gc,start       ] GC(248) Pause Young (Allocation Failure)
[115.414s][info][gc,heap        ] GC(248) DefNew: 560413K(629248K)->1054K(629248K) Eden: 559360K(559360K)->0K(559360K) From: 1053K(69888K)->1054K(69888K)
[115.414s][info][gc,heap        ] GC(248) Tenured: 14435K(1398144K)->14506K(1398144K)
[115.414s][info][gc,metaspace   ] GC(248) Metaspace: 14306K(15296K)->14306K(15296K) NonClass: 12338K(12992K)->12338K(12992K) Class: 1967K(2304K)->1967K(2304K)
[115.414s][info][gc             ] GC(248) Pause Young (Allocation Failure) 561M->15M(1979M) 44.760ms
[115.414s][info][gc,cpu         ] GC(248) User=0.05s Sys=0.00s Real=0.05s
[115.856s][info][gc,start       ] GC(249) Pause Young (Allocation Failure)
[115.902s][info][gc,heap        ] GC(249) DefNew: 560414K(629248K)->1052K(629248K) Eden: 559360K(559360K)->0K(559360K) From: 1054K(69888K)->1052K(69888K)
[115.902s][info][gc,heap        ] GC(249) Tenured: 14506K(1398144K)->14577K(1398144K)
[115.902s][info][gc,metaspace   ] GC(249) Metaspace: 14306K(15296K)->14306K(15296K) NonClass: 12338K(12992K)->12338K(12992K) Class: 1967K(2304K)->1967K(2304K)
[115.902s][info][gc             ] GC(249) Pause Young (Allocation Failure) 561M->15M(1979M) 45.297ms
[115.902s][info][gc,cpu         ] GC(249) User=0.03s Sys=0.00s Real=0.03s
[116.361s][info][gc,start       ] GC(250) Pause Young (Allocation Failure)
[116.413s][info][gc,heap        ] GC(250) DefNew: 560412K(629248K)->1052K(629248K) Eden: 559360K(559360K)->0K(559360K) From: 1052K(69888K)->1052K(69888K)
[116.413s][info][gc,heap        ] GC(250) Tenured: 14577K(1398144K)->14649K(1398144K)
[116.413s][info][gc,metaspace   ] GC(250) Metaspace: 14310K(15296K)->14310K(15296K) NonClass: 12342K(12992K)->12342K(12992K) Class: 1967K(2304K)->1967K(2304K)
[116.413s][info][gc             ] GC(250) Pause Young (Allocation Failure) 561M->15M(1979M) 51.265ms
[116.413s][info][gc,cpu         ] GC(250) User=0.05s Sys=0.00s Real=0.05s
[116.919s][info][gc,start       ] GC(251) Pause Young (Allocation Failure)
[116.970s][info][gc,heap        ] GC(251) DefNew: 560412K(629248K)->1058K(629248K) Eden: 559360K(559360K)->0K(559360K) From: 1052K(69888K)->1058K(69888K)
[116.970s][info][gc,heap        ] GC(251) Tenured: 14649K(1398144K)->14715K(1398144K)
[116.970s][info][gc,metaspace   ] GC(251) Metaspace: 14310K(15296K)->14310K(15296K) NonClass: 12342K(12992K)->12342K(12992K) Class: 1967K(2304K)->1967K(2304K)
[116.970s][info][gc             ] GC(251) Pause Young (Allocation Failure) 561M->15M(1979M) 51.537ms
[116.970s][info][gc,cpu         ] GC(251) User=0.05s Sys=0.00s Real=0.05s
[117.374s][info][gc,start       ] GC(252) Pause Full (System.gc())
[117.374s][info][gc,phases,start] GC(252) Phase 1: Mark live objects
[117.412s][info][gc,phases      ] GC(252) Phase 1: Mark live objects 37.900ms
[117.412s][info][gc,phases,start] GC(252) Phase 2: Compute new object addresses
[117.510s][info][gc,phases      ] GC(252) Phase 2: Compute new object addresses 97.996ms
[117.510s][info][gc,phases,start] GC(252) Phase 3: Adjust pointers
[117.523s][info][gc,phases      ] GC(252) Phase 3: Adjust pointers 12.889ms
[117.523s][info][gc,phases,start] GC(252) Phase 4: Move objects
[117.523s][info][gc,phases      ] GC(252) Phase 4: Move objects 0.012ms
[117.523s][info][gc,heap        ] GC(252) DefNew: 428543K(629248K)->0K(629248K) Eden: 427484K(559360K)->0K(559360K) From: 1058K(69888K)->0K(69888K)
[117.523s][info][gc,heap        ] GC(252) Tenured: 14715K(1398144K)->14715K(1398144K)
[117.523s][info][gc,metaspace   ] GC(252) Metaspace: 14312K(15296K)->14312K(15296K) NonClass: 12344K(12992K)->12344K(12992K) Class: 1967K(2304K)->1967K(2304K)
[117.523s][info][gc             ] GC(252) Pause Full (System.gc()) 432M->14M(1979M) 149.188ms
[117.523s][info][gc,cpu         ] GC(252) User=0.14s Sys=0.00s Real=0.14s
[117.854s][info][gc,start       ] GC(253) Pause Young (Allocation Failure)
[117.891s][info][gc,heap        ] GC(253) DefNew: 559360K(629248K)->1515K(629248K) Eden: 559360K(559360K)->0K(559360K) From: 0K(69888K)->1515K(69888K)
[117.891s][info][gc,heap        ] GC(253) Tenured: 14715K(1398144K)->14715K(1398144K)
[117.891s][info][gc,metaspace   ] GC(253) Metaspace: 14313K(15296K)->14313K(15296K) NonClass: 12345K(12992K)->12345K(12992K) Class: 1967K(2304K)->1967K(2304K)
[117.891s][info][gc             ] GC(253) Pause Young (Allocation Failure) 560M->15M(1979M) 37.078ms
[117.891s][info][gc,cpu         ] GC(253) User=0.03s Sys=0.00s Real=0.03s
[118.278s][info][gc,start       ] GC(254) Pause Young (Allocation Failure)
[118.317s][info][gc,heap        ] GC(254) DefNew: 560875K(629248K)->1575K(629248K) Eden: 559360K(559360K)->0K(559360K) From: 1515K(69888K)->1575K(69888K)
[118.317s][info][gc,heap        ] GC(254) Tenured: 14715K(1398144K)->14715K(1398144K)
[118.317s][info][gc,metaspace   ] GC(254) Metaspace: 14313K(15296K)->14313K(15296K) NonClass: 12345K(12992K)->12345K(12992K) Class: 1967K(2304K)->1967K(2304K)
[118.317s][info][gc             ] GC(254) Pause Young (Allocation Failure) 562M->15M(1979M) 39.783ms
[118.317s][info][gc,cpu         ] GC(254) User=0.03s Sys=0.00s Real=0.03s
[118.700s][info][gc,start       ] GC(255) Pause Young (Allocation Failure)
[118.743s][info][gc,heap        ] GC(255) DefNew: 560935K(629248K)->1637K(629248K) Eden: 559360K(559360K)->0K(559360K) From: 1575K(69888K)->1637K(69888K)
[118.743s][info][gc,heap        ] GC(255) Tenured: 14715K(1398144K)->14715K(1398144K)
[118.743s][info][gc,metaspace   ] GC(255) Metaspace: 14313K(15296K)->14313K(15296K) NonClass: 12345K(12992K)->12345K(12992K) Class: 1967K(2304K)->1967K(2304K)
[118.743s][info][gc             ] GC(255) Pause Young (Allocation Failure) 562M->15M(1979M) 43.697ms
[118.743s][info][gc,cpu         ] GC(255) User=0.03s Sys=0.00s Real=0.03s
[119.161s][info][gc,start       ] GC(256) Pause Young (Allocation Failure)
[119.205s][info][gc,heap        ] GC(256) DefNew: 560997K(629248K)->1702K(629248K) Eden: 559360K(559360K)->0K(559360K) From: 1637K(69888K)->1702K(69888K)
[119.205s][info][gc,heap        ] GC(256) Tenured: 14715K(1398144K)->14715K(1398144K)
[119.205s][info][gc,metaspace   ] GC(256) Metaspace: 14313K(15296K)->14313K(15296K) NonClass: 12345K(12992K)->12345K(12992K) Class: 1967K(2304K)->1967K(2304K)
[119.205s][info][gc             ] GC(256) Pause Young (Allocation Failure) 562M->16M(1979M) 43.958ms
[119.205s][info][gc,cpu         ] GC(256) User=0.03s Sys=0.00s Real=0.04s
[119.613s][info][gc,start       ] GC(257) Pause Young (Allocation Failure)
[119.661s][info][gc,heap        ] GC(257) DefNew: 561062K(629248K)->1767K(629248K) Eden: 559360K(559360K)->0K(559360K) From: 1702K(69888K)->1767K(69888K)
[119.661s][info][gc,heap        ] GC(257) Tenured: 14715K(1398144K)->14715K(1398144K)
[119.661s][info][gc,metaspace   ] GC(257) Metaspace: 14313K(15296K)->14313K(15296K) NonClass: 12345K(12992K)->12345K(12992K) Class: 1967K(2304K)->1967K(2304K)
[119.661s][info][gc             ] GC(257) Pause Young (Allocation Failure) 562M->16M(1979M) 47.896ms
[119.661s][info][gc,cpu         ] GC(257) User=0.03s Sys=0.00s Real=0.04s
[120.070s][info][gc,start       ] GC(258) Pause Young (Allocation Failure)
[120.119s][info][gc,heap        ] GC(258) DefNew: 561127K(629248K)->1832K(629248K) Eden: 559360K(559360K)->0K(559360K) From: 1767K(69888K)->1832K(69888K)
[120.119s][info][gc,heap        ] GC(258) Tenured: 14715K(1398144K)->14715K(1398144K)
[120.119s][info][gc,metaspace   ] GC(258) Metaspace: 14313K(15296K)->14313K(15296K) NonClass: 12345K(12992K)->12345K(12992K) Class: 1967K(2304K)->1967K(2304K)
[120.119s][info][gc             ] GC(258) Pause Young (Allocation Failure) 562M->16M(1979M) 48.867ms
[120.119s][info][gc,cpu         ] GC(258) User=0.05s Sys=0.00s Real=0.05s
[120.517s][info][gc,start       ] GC(259) Pause Young (Allocation Failure)
[120.562s][info][gc,heap        ] GC(259) DefNew: 561192K(629248K)->1895K(629248K) Eden: 559360K(559360K)->0K(559360K) From: 1832K(69888K)->1895K(69888K)
[120.562s][info][gc,heap        ] GC(259) Tenured: 14715K(1398144K)->14715K(1398144K)
[120.562s][info][gc,metaspace   ] GC(259) Metaspace: 14313K(15296K)->14313K(15296K) NonClass: 12345K(12992K)->12345K(12992K) Class: 1967K(2304K)->1967K(2304K)
[120.562s][info][gc             ] GC(259) Pause Young (Allocation Failure) 562M->16M(1979M) 45.063ms
[120.562s][info][gc,cpu         ] GC(259) User=0.05s Sys=0.00s Real=0.04s
[120.960s][info][gc,start       ] GC(260) Pause Young (Allocation Failure)
[121.008s][info][gc,heap        ] GC(260) DefNew: 561255K(629248K)->1956K(629248K) Eden: 559360K(559360K)->0K(559360K) From: 1895K(69888K)->1956K(69888K)
[121.008s][info][gc,heap        ] GC(260) Tenured: 14715K(1398144K)->14715K(1398144K)
[121.008s][info][gc,metaspace   ] GC(260) Metaspace: 14313K(15296K)->14313K(15296K) NonClass: 12345K(12992K)->12345K(12992K) Class: 1967K(2304K)->1967K(2304K)
[121.008s][info][gc             ] GC(260) Pause Young (Allocation Failure) 562M->16M(1979M) 48.318ms
[121.008s][info][gc,cpu         ] GC(260) User=0.03s Sys=0.00s Real=0.04s
[121.454s][info][gc,start       ] GC(261) Pause Young (Allocation Failure)
[121.495s][info][gc,heap        ] GC(261) DefNew: 561316K(629248K)->2028K(629248K) Eden: 559360K(559360K)->0K(559360K) From: 1956K(69888K)->2028K(69888K)
[121.495s][info][gc,heap        ] GC(261) Tenured: 14715K(1398144K)->14715K(1398144K)
[121.495s][info][gc,metaspace   ] GC(261) Metaspace: 14313K(15296K)->14313K(15296K) NonClass: 12345K(12992K)->12345K(12992K) Class: 1967K(2304K)->1967K(2304K)
[121.495s][info][gc             ] GC(261) Pause Young (Allocation Failure) 562M->16M(1979M) 41.257ms
[121.495s][info][gc,cpu         ] GC(261) User=0.05s Sys=0.00s Real=0.04s
[121.912s][info][gc,start       ] GC(262) Pause Young (Allocation Failure)
[121.949s][info][gc,heap        ] GC(262) DefNew: 561388K(629248K)->2094K(629248K) Eden: 559360K(559360K)->0K(559360K) From: 2028K(69888K)->2094K(69888K)
[121.949s][info][gc,heap        ] GC(262) Tenured: 14715K(1398144K)->14715K(1398144K)
[121.949s][info][gc,metaspace   ] GC(262) Metaspace: 14313K(15296K)->14313K(15296K) NonClass: 12345K(12992K)->12345K(12992K) Class: 1967K(2304K)->1967K(2304K)
[121.949s][info][gc             ] GC(262) Pause Young (Allocation Failure) 562M->16M(1979M) 37.296ms
[121.949s][info][gc,cpu         ] GC(262) User=0.02s Sys=0.00s Real=0.02s
[122.360s][info][gc,start       ] GC(263) Pause Young (Allocation Failure)
[122.407s][info][gc,heap        ] GC(263) DefNew: 561454K(629248K)->2158K(629248K) Eden: 559360K(559360K)->0K(559360K) From: 2094K(69888K)->2158K(69888K)
[122.407s][info][gc,heap        ] GC(263) Tenured: 14715K(1398144K)->14715K(1398144K)
[122.407s][info][gc,metaspace   ] GC(263) Metaspace: 14313K(15296K)->14313K(15296K) NonClass: 12345K(12992K)->12345K(12992K) Class: 1967K(2304K)->1967K(2304K)
[122.407s][info][gc             ] GC(263) Pause Young (Allocation Failure) 562M->16M(1979M) 47.188ms
[122.407s][info][gc,cpu         ] GC(263) User=0.05s Sys=0.00s Real=0.05s
[122.811s][info][gc,start       ] GC(264) Pause Young (Allocation Failure)
[122.856s][info][gc,heap        ] GC(264) DefNew: 561518K(629248K)->2221K(629248K) Eden: 559360K(559360K)->0K(559360K) From: 2158K(69888K)->2221K(69888K)
[122.856s][info][gc,heap        ] GC(264) Tenured: 14715K(1398144K)->14715K(1398144K)
[122.856s][info][gc,metaspace   ] GC(264) Metaspace: 14313K(15296K)->14313K(15296K) NonClass: 12345K(12992K)->12345K(12992K) Class: 1967K(2304K)->1967K(2304K)
[122.856s][info][gc             ] GC(264) Pause Young (Allocation Failure) 562M->16M(1979M) 44.670ms
[122.856s][info][gc,cpu         ] GC(264) User=0.05s Sys=0.00s Real=0.04s
[123.267s][info][gc,start       ] GC(265) Pause Young (Allocation Failure)
[123.314s][info][gc,heap        ] GC(265) DefNew: 561581K(629248K)->2286K(629248K) Eden: 559360K(559360K)->0K(559360K) From: 2221K(69888K)->2286K(69888K)
[123.314s][info][gc,heap        ] GC(265) Tenured: 14715K(1398144K)->14715K(1398144K)
[123.314s][info][gc,metaspace   ] GC(265) Metaspace: 14313K(15296K)->14313K(15296K) NonClass: 12345K(12992K)->12345K(12992K) Class: 1967K(2304K)->1967K(2304K)
[123.314s][info][gc             ] GC(265) Pause Young (Allocation Failure) 562M->16M(1979M) 47.088ms
[123.314s][info][gc,cpu         ] GC(265) User=0.05s Sys=0.00s Real=0.05s
[123.818s][info][gc,start       ] GC(266) Pause Young (Allocation Failure)
[123.864s][info][gc,heap        ] GC(266) DefNew: 561646K(629248K)->2349K(629248K) Eden: 559360K(559360K)->0K(559360K) From: 2286K(69888K)->2349K(69888K)
[123.864s][info][gc,heap        ] GC(266) Tenured: 14715K(1398144K)->14715K(1398144K)
[123.864s][info][gc,metaspace   ] GC(266) Metaspace: 14313K(15296K)->14313K(15296K) NonClass: 12345K(12992K)->12345K(12992K) Class: 1967K(2304K)->1967K(2304K)
[123.864s][info][gc             ] GC(266) Pause Young (Allocation Failure) 562M->16M(1979M) 46.297ms
[123.864s][info][gc,cpu         ] GC(266) User=0.03s Sys=0.00s Real=0.03s
[124.276s][info][gc,start       ] GC(267) Pause Young (Allocation Failure)
[124.320s][info][gc,heap        ] GC(267) DefNew: 561709K(629248K)->2410K(629248K) Eden: 559360K(559360K)->0K(559360K) From: 2349K(69888K)->2410K(69888K)
[124.320s][info][gc,heap        ] GC(267) Tenured: 14715K(1398144K)->14715K(1398144K)
[124.320s][info][gc,metaspace   ] GC(267) Metaspace: 14313K(15296K)->14313K(15296K) NonClass: 12345K(12992K)->12345K(12992K) Class: 1967K(2304K)->1967K(2304K)
[124.320s][info][gc             ] GC(267) Pause Young (Allocation Failure) 562M->16M(1979M) 43.895ms
[124.320s][info][gc,cpu         ] GC(267) User=0.03s Sys=0.00s Real=0.03s
[124.724s][info][gc,start       ] GC(268) Pause Young (Allocation Failure)
[124.769s][info][gc,heap        ] GC(268) DefNew: 561770K(629248K)->967K(629248K) Eden: 559360K(559360K)->0K(559360K) From: 2410K(69888K)->967K(69888K)
[124.769s][info][gc,heap        ] GC(268) Tenured: 14715K(1398144K)->16222K(1398144K)
[124.769s][info][gc,metaspace   ] GC(268) Metaspace: 14313K(15296K)->14313K(15296K) NonClass: 12345K(12992K)->12345K(12992K) Class: 1967K(2304K)->1967K(2304K)
[124.769s][info][gc             ] GC(268) Pause Young (Allocation Failure) 562M->16M(1979M) 45.825ms
[124.769s][info][gc,cpu         ] GC(268) User=0.05s Sys=0.00s Real=0.05s
[125.203s][info][gc,start       ] GC(269) Pause Young (Allocation Failure)
[125.246s][info][gc,heap        ] GC(269) DefNew: 560327K(629248K)->977K(629248K) Eden: 559360K(559360K)->0K(559360K) From: 967K(69888K)->977K(69888K)
[125.246s][info][gc,heap        ] GC(269) Tenured: 16222K(1398144K)->16281K(1398144K)
[125.247s][info][gc,metaspace   ] GC(269) Metaspace: 14313K(15296K)->14313K(15296K) NonClass: 12345K(12992K)->12345K(12992K) Class: 1967K(2304K)->1967K(2304K)
[125.247s][info][gc             ] GC(269) Pause Young (Allocation Failure) 563M->16M(1979M) 43.177ms
[125.247s][info][gc,cpu         ] GC(269) User=0.05s Sys=0.00s Real=0.04s
[125.664s][info][gc,start       ] GC(270) Pause Young (Allocation Failure)
[125.703s][info][gc,heap        ] GC(270) DefNew: 560337K(629248K)->980K(629248K) Eden: 559360K(559360K)->0K(559360K) From: 977K(69888K)->980K(69888K)
[125.703s][info][gc,heap        ] GC(270) Tenured: 16281K(1398144K)->16343K(1398144K)
[125.703s][info][gc,metaspace   ] GC(270) Metaspace: 14313K(15296K)->14313K(15296K) NonClass: 12345K(12992K)->12345K(12992K) Class: 1967K(2304K)->1967K(2304K)
[125.703s][info][gc             ] GC(270) Pause Young (Allocation Failure) 563M->16M(1979M) 38.325ms
[125.703s][info][gc,cpu         ] GC(270) User=0.03s Sys=0.00s Real=0.04s
[126.119s][info][gc,start       ] GC(271) Pause Young (Allocation Failure)
[126.158s][info][gc,heap        ] GC(271) DefNew: 560340K(629248K)->980K(629248K) Eden: 559360K(559360K)->0K(559360K) From: 980K(69888K)->980K(69888K)
[126.158s][info][gc,heap        ] GC(271) Tenured: 16343K(1398144K)->16408K(1398144K)
[126.158s][info][gc,metaspace   ] GC(271) Metaspace: 14313K(15296K)->14313K(15296K) NonClass: 12345K(12992K)->12345K(12992K) Class: 1967K(2304K)->1967K(2304K)
[126.158s][info][gc             ] GC(271) Pause Young (Allocation Failure) 563M->16M(1979M) 39.010ms
[126.158s][info][gc,cpu         ] GC(271) User=0.03s Sys=0.00s Real=0.03s
[126.571s][info][gc,start       ] GC(272) Pause Young (Allocation Failure)
[126.620s][info][gc,heap        ] GC(272) DefNew: 560340K(629248K)->978K(629248K) Eden: 559360K(559360K)->0K(559360K) From: 980K(69888K)->978K(69888K)
[126.620s][info][gc,heap        ] GC(272) Tenured: 16408K(1398144K)->16473K(1398144K)
[126.620s][info][gc,metaspace   ] GC(272) Metaspace: 14313K(15296K)->14313K(15296K) NonClass: 12345K(12992K)->12345K(12992K) Class: 1967K(2304K)->1967K(2304K)
[126.620s][info][gc             ] GC(272) Pause Young (Allocation Failure) 563M->17M(1979M) 49.614ms
[126.620s][info][gc,cpu         ] GC(272) User=0.05s Sys=0.00s Real=0.05s
[127.038s][info][gc,start       ] GC(273) Pause Young (Allocation Failure)
[127.084s][info][gc,heap        ] GC(273) DefNew: 560338K(629248K)->975K(629248K) Eden: 559360K(559360K)->0K(559360K) From: 978K(69888K)->975K(69888K)
[127.084s][info][gc,heap        ] GC(273) Tenured: 16473K(1398144K)->16539K(1398144K)
[127.084s][info][gc,metaspace   ] GC(273) Metaspace: 14313K(15296K)->14313K(15296K) NonClass: 12345K(12992K)->12345K(12992K) Class: 1967K(2304K)->1967K(2304K)
[127.084s][info][gc             ] GC(273) Pause Young (Allocation Failure) 563M->17M(1979M) 45.751ms
[127.084s][info][gc,cpu         ] GC(273) User=0.03s Sys=0.00s Real=0.03s
[127.509s][info][gc,start       ] GC(274) Pause Young (Allocation Failure)
[127.553s][info][gc,heap        ] GC(274) DefNew: 560335K(629248K)->981K(629248K) Eden: 559360K(559360K)->0K(559360K) From: 975K(69888K)->981K(69888K)
[127.553s][info][gc,heap        ] GC(274) Tenured: 16539K(1398144K)->16601K(1398144K)
[127.553s][info][gc,metaspace   ] GC(274) Metaspace: 14313K(15296K)->14313K(15296K) NonClass: 12345K(12992K)->12345K(12992K) Class: 1967K(2304K)->1967K(2304K)
[127.553s][info][gc             ] GC(274) Pause Young (Allocation Failure) 563M->17M(1979M) 44.172ms
[127.553s][info][gc,cpu         ] GC(274) User=0.03s Sys=0.00s Real=0.04s
[127.988s][info][gc,start       ] GC(275) Pause Young (Allocation Failure)
[128.029s][info][gc,heap        ] GC(275) DefNew: 560341K(629248K)->987K(629248K) Eden: 559360K(559360K)->0K(559360K) From: 981K(69888K)->987K(69888K)
[128.029s][info][gc,heap        ] GC(275) Tenured: 16601K(1398144K)->16663K(1398144K)
[128.029s][info][gc,metaspace   ] GC(275) Metaspace: 14313K(15296K)->14313K(15296K) NonClass: 12345K(12992K)->12345K(12992K) Class: 1967K(2304K)->1967K(2304K)
[128.029s][info][gc             ] GC(275) Pause Young (Allocation Failure) 563M->17M(1979M) 40.912ms
[128.029s][info][gc,cpu         ] GC(275) User=0.03s Sys=0.00s Real=0.04s
[128.444s][info][gc,start       ] GC(276) Pause Young (Allocation Failure)
[128.482s][info][gc,heap        ] GC(276) DefNew: 560347K(629248K)->987K(629248K) Eden: 559360K(559360K)->0K(559360K) From: 987K(69888K)->987K(69888K)
[128.482s][info][gc,heap        ] GC(276) Tenured: 16663K(1398144K)->16734K(1398144K)
[128.482s][info][gc,metaspace   ] GC(276) Metaspace: 14313K(15296K)->14313K(15296K) NonClass: 12345K(12992K)->12345K(12992K) Class: 1967K(2304K)->1967K(2304K)
[128.482s][info][gc             ] GC(276) Pause Young (Allocation Failure) 563M->17M(1979M) 38.145ms
[128.482s][info][gc,cpu         ] GC(276) User=0.02s Sys=0.00s Real=0.03s
[128.898s][info][gc,start       ] GC(277) Pause Young (Allocation Failure)
[128.936s][info][gc,heap        ] GC(277) DefNew: 560347K(629248K)->989K(629248K) Eden: 559360K(559360K)->0K(559360K) From: 987K(69888K)->989K(69888K)
[128.936s][info][gc,heap        ] GC(277) Tenured: 16734K(1398144K)->16799K(1398144K)
[128.936s][info][gc,metaspace   ] GC(277) Metaspace: 14313K(15296K)->14313K(15296K) NonClass: 12345K(12992K)->12345K(12992K) Class: 1967K(2304K)->1967K(2304K)
[128.936s][info][gc             ] GC(277) Pause Young (Allocation Failure) 563M->17M(1979M) 38.039ms
[128.936s][info][gc,cpu         ] GC(277) User=0.03s Sys=0.00s Real=0.03s
[129.355s][info][gc,start       ] GC(278) Pause Young (Allocation Failure)
[129.404s][info][gc,heap        ] GC(278) DefNew: 560349K(629248K)->991K(629248K) Eden: 559360K(559360K)->0K(559360K) From: 989K(69888K)->991K(69888K)
[129.404s][info][gc,heap        ] GC(278) Tenured: 16799K(1398144K)->16864K(1398144K)
[129.404s][info][gc,metaspace   ] GC(278) Metaspace: 14313K(15296K)->14313K(15296K) NonClass: 12345K(12992K)->12345K(12992K) Class: 1967K(2304K)->1967K(2304K)
[129.404s][info][gc             ] GC(278) Pause Young (Allocation Failure) 563M->17M(1979M) 49.557ms
[129.404s][info][gc,cpu         ] GC(278) User=0.05s Sys=0.00s Real=0.05s
[129.934s][info][gc,start       ] GC(279) Pause Young (Allocation Failure)
[129.986s][info][gc,heap        ] GC(279) DefNew: 560351K(629248K)->993K(629248K) Eden: 559360K(559360K)->0K(559360K) From: 991K(69888K)->993K(69888K)
[129.987s][info][gc,heap        ] GC(279) Tenured: 16864K(1398144K)->16926K(1398144K)
[129.987s][info][gc,metaspace   ] GC(279) Metaspace: 14313K(15296K)->14313K(15296K) NonClass: 12345K(12992K)->12345K(12992K) Class: 1967K(2304K)->1967K(2304K)
[129.987s][info][gc             ] GC(279) Pause Young (Allocation Failure) 563M->17M(1979M) 52.664ms
[129.987s][info][gc,cpu         ] GC(279) User=0.05s Sys=0.00s Real=0.05s
[130.421s][info][gc,start       ] GC(280) Pause Young (Allocation Failure)
[130.464s][info][gc,heap        ] GC(280) DefNew: 560353K(629248K)->995K(629248K) Eden: 559360K(559360K)->0K(559360K) From: 993K(69888K)->995K(69888K)
[130.464s][info][gc,heap        ] GC(280) Tenured: 16926K(1398144K)->16991K(1398144K)
[130.464s][info][gc,metaspace   ] GC(280) Metaspace: 14313K(15296K)->14313K(15296K) NonClass: 12345K(12992K)->12345K(12992K) Class: 1967K(2304K)->1967K(2304K)
[130.464s][info][gc             ] GC(280) Pause Young (Allocation Failure) 563M->17M(1979M) 43.390ms
[130.464s][info][gc,cpu         ] GC(280) User=0.05s Sys=0.00s Real=0.04s
[130.883s][info][gc,start       ] GC(281) Pause Young (Allocation Failure)
[130.929s][info][gc,heap        ] GC(281) DefNew: 560355K(629248K)->999K(629248K) Eden: 559360K(559360K)->0K(559360K) From: 995K(69888K)->999K(69888K)
[130.929s][info][gc,heap        ] GC(281) Tenured: 16991K(1398144K)->17053K(1398144K)
[130.929s][info][gc,metaspace   ] GC(281) Metaspace: 14313K(15296K)->14313K(15296K) NonClass: 12345K(12992K)->12345K(12992K) Class: 1967K(2304K)->1967K(2304K)
[130.929s][info][gc             ] GC(281) Pause Young (Allocation Failure) 563M->17M(1979M) 45.907ms
[130.929s][info][gc,cpu         ] GC(281) User=0.03s Sys=0.00s Real=0.03s
[131.365s][info][gc,start       ] GC(282) Pause Young (Allocation Failure)
[131.410s][info][gc,heap        ] GC(282) DefNew: 560359K(629248K)->1005K(629248K) Eden: 559360K(559360K)->0K(559360K) From: 999K(69888K)->1005K(69888K)
[131.410s][info][gc,heap        ] GC(282) Tenured: 17053K(1398144K)->17115K(1398144K)
[131.410s][info][gc,metaspace   ] GC(282) Metaspace: 14313K(15296K)->14313K(15296K) NonClass: 12345K(12992K)->12345K(12992K) Class: 1967K(2304K)->1967K(2304K)
[131.410s][info][gc             ] GC(282) Pause Young (Allocation Failure) 563M->17M(1979M) 45.443ms
[131.410s][info][gc,cpu         ] GC(282) User=0.03s Sys=0.00s Real=0.03s
[131.827s][info][gc,start       ] GC(283) Pause Young (Allocation Failure)
[131.875s][info][gc,heap        ] GC(283) DefNew: 560365K(629248K)->1004K(629248K) Eden: 559360K(559360K)->0K(559360K) From: 1005K(69888K)->1004K(69888K)
[131.875s][info][gc,heap        ] GC(283) Tenured: 17115K(1398144K)->17180K(1398144K)
[131.875s][info][gc,metaspace   ] GC(283) Metaspace: 14313K(15296K)->14313K(15296K) NonClass: 12345K(12992K)->12345K(12992K) Class: 1967K(2304K)->1967K(2304K)
[131.875s][info][gc             ] GC(283) Pause Young (Allocation Failure) 563M->17M(1979M) 47.766ms
[131.875s][info][gc,cpu         ] GC(283) User=0.05s Sys=0.00s Real=0.05s
[132.291s][info][gc,start       ] GC(284) Pause Young (Allocation Failure)
[132.340s][info][gc,heap        ] GC(284) DefNew: 560364K(629248K)->1004K(629248K) Eden: 559360K(559360K)->0K(559360K) From: 1004K(69888K)->1004K(69888K)
[132.341s][info][gc,heap        ] GC(284) Tenured: 17180K(1398144K)->17248K(1398144K)
[132.341s][info][gc,metaspace   ] GC(284) Metaspace: 14313K(15296K)->14313K(15296K) NonClass: 12345K(12992K)->12345K(12992K) Class: 1967K(2304K)->1967K(2304K)
[132.341s][info][gc             ] GC(284) Pause Young (Allocation Failure) 564M->17M(1979M) 49.299ms
[132.341s][info][gc,cpu         ] GC(284) User=0.03s Sys=0.00s Real=0.04s
[132.755s][info][gc,start       ] GC(285) Pause Young (Allocation Failure)
[132.801s][info][gc,heap        ] GC(285) DefNew: 560364K(629248K)->1004K(629248K) Eden: 559360K(559360K)->0K(559360K) From: 1004K(69888K)->1004K(69888K)
[132.801s][info][gc,heap        ] GC(285) Tenured: 17248K(1398144K)->17313K(1398144K)
[132.801s][info][gc,metaspace   ] GC(285) Metaspace: 14313K(15296K)->14313K(15296K) NonClass: 12345K(12992K)->12345K(12992K) Class: 1967K(2304K)->1967K(2304K)
[132.801s][info][gc             ] GC(285) Pause Young (Allocation Failure) 564M->17M(1979M) 45.869ms
[132.801s][info][gc,cpu         ] GC(285) User=0.05s Sys=0.00s Real=0.05s
[133.224s][info][gc,start       ] GC(286) Pause Young (Allocation Failure)
[133.266s][info][gc,heap        ] GC(286) DefNew: 560364K(629248K)->1004K(629248K) Eden: 559360K(559360K)->0K(559360K) From: 1004K(69888K)->1004K(69888K)
[133.266s][info][gc,heap        ] GC(286) Tenured: 17313K(1398144K)->17378K(1398144K)
[133.266s][info][gc,metaspace   ] GC(286) Metaspace: 14313K(15296K)->14313K(15296K) NonClass: 12345K(12992K)->12345K(12992K) Class: 1967K(2304K)->1967K(2304K)
[133.267s][info][gc             ] GC(286) Pause Young (Allocation Failure) 564M->17M(1979M) 42.621ms
[133.267s][info][gc,cpu         ] GC(286) User=0.03s Sys=0.00s Real=0.04s
[133.690s][info][gc,start       ] GC(287) Pause Young (Allocation Failure)
[133.734s][info][gc,heap        ] GC(287) DefNew: 560364K(629248K)->1009K(629248K) Eden: 559360K(559360K)->0K(559360K) From: 1004K(69888K)->1009K(69888K)
[133.735s][info][gc,heap        ] GC(287) Tenured: 17378K(1398144K)->17440K(1398144K)
[133.735s][info][gc,metaspace   ] GC(287) Metaspace: 14313K(15296K)->14313K(15296K) NonClass: 12345K(12992K)->12345K(12992K) Class: 1967K(2304K)->1967K(2304K)
[133.735s][info][gc             ] GC(287) Pause Young (Allocation Failure) 564M->18M(1979M) 44.235ms
[133.735s][info][gc,cpu         ] GC(287) User=0.03s Sys=0.00s Real=0.03s
[134.172s][info][gc,start       ] GC(288) Pause Young (Allocation Failure)
[134.217s][info][gc,heap        ] GC(288) DefNew: 560369K(629248K)->1013K(629248K) Eden: 559360K(559360K)->0K(559360K) From: 1009K(69888K)->1013K(69888K)
[134.217s][info][gc,heap        ] GC(288) Tenured: 17440K(1398144K)->17504K(1398144K)
[134.217s][info][gc,metaspace   ] GC(288) Metaspace: 14313K(15296K)->14313K(15296K) NonClass: 12345K(12992K)->12345K(12992K) Class: 1967K(2304K)->1967K(2304K)
[134.217s][info][gc             ] GC(288) Pause Young (Allocation Failure) 564M->18M(1979M) 44.508ms
[134.217s][info][gc,cpu         ] GC(288) User=0.05s Sys=0.00s Real=0.04s
[134.635s][info][gc,start       ] GC(289) Pause Young (Allocation Failure)
[134.680s][info][gc,heap        ] GC(289) DefNew: 560373K(629248K)->1009K(629248K) Eden: 559360K(559360K)->0K(559360K) From: 1013K(69888K)->1009K(69888K)
[134.680s][info][gc,heap        ] GC(289) Tenured: 17504K(1398144K)->17572K(1398144K)
[134.680s][info][gc,metaspace   ] GC(289) Metaspace: 14313K(15296K)->14313K(15296K) NonClass: 12345K(12992K)->12345K(12992K) Class: 1967K(2304K)->1967K(2304K)
[134.680s][info][gc             ] GC(289) Pause Young (Allocation Failure) 564M->18M(1979M) 45.353ms
[134.680s][info][gc,cpu         ] GC(289) User=0.05s Sys=0.00s Real=0.05s
[135.117s][info][gc,start       ] GC(290) Pause Young (Allocation Failure)
[135.158s][info][gc,heap        ] GC(290) DefNew: 560369K(629248K)->1008K(629248K) Eden: 559360K(559360K)->0K(559360K) From: 1009K(69888K)->1008K(69888K)
[135.158s][info][gc,heap        ] GC(290) Tenured: 17572K(1398144K)->17640K(1398144K)
[135.158s][info][gc,metaspace   ] GC(290) Metaspace: 14313K(15296K)->14313K(15296K) NonClass: 12345K(12992K)->12345K(12992K) Class: 1967K(2304K)->1967K(2304K)
[135.158s][info][gc             ] GC(290) Pause Young (Allocation Failure) 564M->18M(1979M) 40.450ms
[135.158s][info][gc,cpu         ] GC(290) User=0.03s Sys=0.00s Real=0.04s
[135.612s][info][gc,start       ] GC(291) Pause Young (Allocation Failure)
[135.651s][info][gc,heap        ] GC(291) DefNew: 560368K(629248K)->1006K(629248K) Eden: 559360K(559360K)->0K(559360K) From: 1008K(69888K)->1006K(69888K)
[135.651s][info][gc,heap        ] GC(291) Tenured: 17640K(1398144K)->17712K(1398144K)
[135.651s][info][gc,metaspace   ] GC(291) Metaspace: 14313K(15296K)->14313K(15296K) NonClass: 12345K(12992K)->12345K(12992K) Class: 1967K(2304K)->1967K(2304K)
[135.651s][info][gc             ] GC(291) Pause Young (Allocation Failure) 564M->18M(1979M) 39.273ms
[135.651s][info][gc,cpu         ] GC(291) User=0.03s Sys=0.00s Real=0.03s
[136.117s][info][gc,start       ] GC(292) Pause Young (Allocation Failure)
[136.168s][info][gc,heap        ] GC(292) DefNew: 560366K(629248K)->1011K(629248K) Eden: 559360K(559360K)->0K(559360K) From: 1006K(69888K)->1011K(69888K)
[136.168s][info][gc,heap        ] GC(292) Tenured: 17712K(1398144K)->17781K(1398144K)
[136.168s][info][gc,metaspace   ] GC(292) Metaspace: 14313K(15296K)->14313K(15296K) NonClass: 12345K(12992K)->12345K(12992K) Class: 1967K(2304K)->1967K(2304K)
[136.168s][info][gc             ] GC(292) Pause Young (Allocation Failure) 564M->18M(1979M) 50.751ms
[136.168s][info][gc,cpu         ] GC(292) User=0.05s Sys=0.00s Real=0.04s
[136.547s][info][gc,start       ] GC(293) Pause Young (Allocation Failure)
[136.581s][info][gc,heap        ] GC(293) DefNew: 560371K(629248K)->1001K(629248K) Eden: 559360K(559360K)->0K(559360K) From: 1011K(69888K)->1001K(69888K)
[136.582s][info][gc,heap        ] GC(293) Tenured: 17781K(1398144K)->17845K(1398144K)
[136.582s][info][gc,metaspace   ] GC(293) Metaspace: 14313K(15296K)->14313K(15296K) NonClass: 12345K(12992K)->12345K(12992K) Class: 1967K(2304K)->1967K(2304K)
[136.582s][info][gc             ] GC(293) Pause Young (Allocation Failure) 564M->18M(1979M) 34.483ms
[136.582s][info][gc,cpu         ] GC(293) User=0.03s Sys=0.00s Real=0.03s
[136.832s][info][gc,start       ] GC(294) Pause Full (System.gc())
[136.832s][info][gc,phases,start] GC(294) Phase 1: Mark live objects
[136.854s][info][gc,phases      ] GC(294) Phase 1: Mark live objects 22.044ms
[136.854s][info][gc,phases,start] GC(294) Phase 2: Compute new object addresses
[136.886s][info][gc,phases      ] GC(294) Phase 2: Compute new object addresses 32.447ms
[136.886s][info][gc,phases,start] GC(294) Phase 3: Adjust pointers
[136.901s][info][gc,phases      ] GC(294) Phase 3: Adjust pointers 14.548ms
[136.901s][info][gc,phases,start] GC(294) Phase 4: Move objects
[136.901s][info][gc,phases      ] GC(294) Phase 4: Move objects 0.012ms
[136.901s][info][gc,heap        ] GC(294) DefNew: 137906K(629248K)->0K(629248K) Eden: 136904K(559360K)->0K(559360K) From: 1001K(69888K)->0K(69888K)
[136.901s][info][gc,heap        ] GC(294) Tenured: 17845K(1398144K)->5375K(1398144K)
[136.901s][info][gc,metaspace   ] GC(294) Metaspace: 14314K(15296K)->14314K(15296K) NonClass: 12346K(12992K)->12346K(12992K) Class: 1967K(2304K)->1967K(2304K)
[136.901s][info][gc             ] GC(294) Pause Full (System.gc()) 152M->5M(1979M) 69.356ms
[136.901s][info][gc,cpu         ] GC(294) User=0.06s Sys=0.00s Real=0.06s
[137.244s][info][gc,start       ] GC(295) Pause Young (Allocation Failure)
[137.277s][info][gc,heap        ] GC(295) DefNew: 559360K(629248K)->1513K(629248K) Eden: 559360K(559360K)->0K(559360K) From: 0K(69888K)->1513K(69888K)
[137.277s][info][gc,heap        ] GC(295) Tenured: 5375K(1398144K)->5375K(1398144K)
[137.277s][info][gc,metaspace   ] GC(295) Metaspace: 14317K(15296K)->14317K(15296K) NonClass: 12349K(12992K)->12349K(12992K) Class: 1967K(2304K)->1967K(2304K)
[137.277s][info][gc             ] GC(295) Pause Young (Allocation Failure) 551M->6M(1979M) 32.867ms
[137.277s][info][gc,cpu         ] GC(295) User=0.02s Sys=0.00s Real=0.02s
[137.668s][info][gc,start       ] GC(296) Pause Young (Allocation Failure)
[137.704s][info][gc,heap        ] GC(296) DefNew: 560873K(629248K)->1576K(629248K) Eden: 559360K(559360K)->0K(559360K) From: 1513K(69888K)->1576K(69888K)
[137.704s][info][gc,heap        ] GC(296) Tenured: 5375K(1398144K)->5375K(1398144K)
[137.704s][info][gc,metaspace   ] GC(296) Metaspace: 14317K(15296K)->14317K(15296K) NonClass: 12349K(12992K)->12349K(12992K) Class: 1967K(2304K)->1967K(2304K)
[137.704s][info][gc             ] GC(296) Pause Young (Allocation Failure) 552M->6M(1979M) 36.195ms
[137.704s][info][gc,cpu         ] GC(296) User=0.03s Sys=0.00s Real=0.02s
[138.110s][info][gc,start       ] GC(297) Pause Young (Allocation Failure)
[138.147s][info][gc,heap        ] GC(297) DefNew: 560936K(629248K)->1637K(629248K) Eden: 559360K(559360K)->0K(559360K) From: 1576K(69888K)->1637K(69888K)
[138.147s][info][gc,heap        ] GC(297) Tenured: 5375K(1398144K)->5375K(1398144K)
[138.147s][info][gc,metaspace   ] GC(297) Metaspace: 14317K(15296K)->14317K(15296K) NonClass: 12349K(12992K)->12349K(12992K) Class: 1967K(2304K)->1967K(2304K)
[138.147s][info][gc             ] GC(297) Pause Young (Allocation Failure) 553M->6M(1979M) 37.463ms
[138.147s][info][gc,cpu         ] GC(297) User=0.03s Sys=0.00s Real=0.02s
[138.558s][info][gc,start       ] GC(298) Pause Young (Allocation Failure)
[138.607s][info][gc,heap        ] GC(298) DefNew: 560997K(629248K)->1703K(629248K) Eden: 559360K(559360K)->0K(559360K) From: 1637K(69888K)->1703K(69888K)
[138.607s][info][gc,heap        ] GC(298) Tenured: 5375K(1398144K)->5375K(1398144K)
[138.607s][info][gc,metaspace   ] GC(298) Metaspace: 14317K(15296K)->14317K(15296K) NonClass: 12349K(12992K)->12349K(12992K) Class: 1967K(2304K)->1967K(2304K)
[138.607s][info][gc             ] GC(298) Pause Young (Allocation Failure) 553M->6M(1979M) 48.895ms
[138.607s][info][gc,cpu         ] GC(298) User=0.05s Sys=0.00s Real=0.05s
[139.014s][info][gc,start       ] GC(299) Pause Young (Allocation Failure)
[139.062s][info][gc,heap        ] GC(299) DefNew: 561063K(629248K)->1768K(629248K) Eden: 559360K(559360K)->0K(559360K) From: 1703K(69888K)->1768K(69888K)
[139.062s][info][gc,heap        ] GC(299) Tenured: 5375K(1398144K)->5375K(1398144K)
[139.062s][info][gc,metaspace   ] GC(299) Metaspace: 14317K(15296K)->14317K(15296K) NonClass: 12349K(12992K)->12349K(12992K) Class: 1967K(2304K)->1967K(2304K)
[139.062s][info][gc             ] GC(299) Pause Young (Allocation Failure) 553M->6M(1979M) 47.493ms
[139.062s][info][gc,cpu         ] GC(299) User=0.05s Sys=0.00s Real=0.05s
[139.454s][info][gc,start       ] GC(300) Pause Young (Allocation Failure)
[139.504s][info][gc,heap        ] GC(300) DefNew: 561128K(629248K)->1829K(629248K) Eden: 559360K(559360K)->0K(559360K) From: 1768K(69888K)->1829K(69888K)
[139.504s][info][gc,heap        ] GC(300) Tenured: 5375K(1398144K)->5375K(1398144K)
[139.504s][info][gc,metaspace   ] GC(300) Metaspace: 14317K(15296K)->14317K(15296K) NonClass: 12349K(12992K)->12349K(12992K) Class: 1967K(2304K)->1967K(2304K)
[139.504s][info][gc             ] GC(300) Pause Young (Allocation Failure) 553M->7M(1979M) 50.264ms
[139.504s][info][gc,cpu         ] GC(300) User=0.05s Sys=0.00s Real=0.04s
[139.907s][info][gc,start       ] GC(301) Pause Young (Allocation Failure)
[139.959s][info][gc,heap        ] GC(301) DefNew: 561189K(629248K)->1891K(629248K) Eden: 559360K(559360K)->0K(559360K) From: 1829K(69888K)->1891K(69888K)
[139.959s][info][gc,heap        ] GC(301) Tenured: 5375K(1398144K)->5375K(1398144K)
[139.959s][info][gc,metaspace   ] GC(301) Metaspace: 14317K(15296K)->14317K(15296K) NonClass: 12349K(12992K)->12349K(12992K) Class: 1967K(2304K)->1967K(2304K)
[139.959s][info][gc             ] GC(301) Pause Young (Allocation Failure) 553M->7M(1979M) 51.596ms
[139.959s][info][gc,cpu         ] GC(301) User=0.05s Sys=0.00s Real=0.05s
[140.376s][info][gc,start       ] GC(302) Pause Young (Allocation Failure)
[140.423s][info][gc,heap        ] GC(302) DefNew: 561251K(629248K)->1959K(629248K) Eden: 559360K(559360K)->0K(559360K) From: 1891K(69888K)->1959K(69888K)
[140.423s][info][gc,heap        ] GC(302) Tenured: 5375K(1398144K)->5375K(1398144K)
[140.423s][info][gc,metaspace   ] GC(302) Metaspace: 14317K(15296K)->14317K(15296K) NonClass: 12349K(12992K)->12349K(12992K) Class: 1967K(2304K)->1967K(2304K)
[140.423s][info][gc             ] GC(302) Pause Young (Allocation Failure) 553M->7M(1979M) 46.535ms
[140.423s][info][gc,cpu         ] GC(302) User=0.05s Sys=0.00s Real=0.04s
[140.850s][info][gc,start       ] GC(303) Pause Young (Allocation Failure)
[140.892s][info][gc,heap        ] GC(303) DefNew: 561319K(629248K)->2022K(629248K) Eden: 559360K(559360K)->0K(559360K) From: 1959K(69888K)->2022K(69888K)
[140.892s][info][gc,heap        ] GC(303) Tenured: 5375K(1398144K)->5375K(1398144K)
[140.892s][info][gc,metaspace   ] GC(303) Metaspace: 14317K(15296K)->14317K(15296K) NonClass: 12349K(12992K)->12349K(12992K) Class: 1967K(2304K)->1967K(2304K)
[140.892s][info][gc             ] GC(303) Pause Young (Allocation Failure) 553M->7M(1979M) 42.263ms
[140.892s][info][gc,cpu         ] GC(303) User=0.03s Sys=0.00s Real=0.03s
[141.307s][info][gc,start       ] GC(304) Pause Young (Allocation Failure)
[141.347s][info][gc,heap        ] GC(304) DefNew: 561382K(629248K)->2085K(629248K) Eden: 559360K(559360K)->0K(559360K) From: 2022K(69888K)->2085K(69888K)
[141.347s][info][gc,heap        ] GC(304) Tenured: 5375K(1398144K)->5375K(1398144K)
[141.347s][info][gc,metaspace   ] GC(304) Metaspace: 14317K(15296K)->14317K(15296K) NonClass: 12349K(12992K)->12349K(12992K) Class: 1967K(2304K)->1967K(2304K)
[141.347s][info][gc             ] GC(304) Pause Young (Allocation Failure) 553M->7M(1979M) 40.091ms
[141.347s][info][gc,cpu         ] GC(304) User=0.03s Sys=0.00s Real=0.03s
[141.742s][info][gc,start       ] GC(305) Pause Young (Allocation Failure)
[141.791s][info][gc,heap        ] GC(305) DefNew: 561445K(629248K)->2151K(629248K) Eden: 559360K(559360K)->0K(559360K) From: 2085K(69888K)->2151K(69888K)
[141.791s][info][gc,heap        ] GC(305) Tenured: 5375K(1398144K)->5375K(1398144K)
[141.791s][info][gc,metaspace   ] GC(305) Metaspace: 14317K(15296K)->14317K(15296K) NonClass: 12349K(12992K)->12349K(12992K) Class: 1967K(2304K)->1967K(2304K)
[141.791s][info][gc             ] GC(305) Pause Young (Allocation Failure) 553M->7M(1979M) 48.831ms
[141.791s][info][gc,cpu         ] GC(305) User=0.05s Sys=0.00s Real=0.05s
[142.202s][info][gc,start       ] GC(306) Pause Young (Allocation Failure)
[142.252s][info][gc,heap        ] GC(306) DefNew: 561511K(629248K)->2216K(629248K) Eden: 559360K(559360K)->0K(559360K) From: 2151K(69888K)->2216K(69888K)
[142.252s][info][gc,heap        ] GC(306) Tenured: 5375K(1398144K)->5375K(1398144K)
[142.252s][info][gc,metaspace   ] GC(306) Metaspace: 14317K(15296K)->14317K(15296K) NonClass: 12349K(12992K)->12349K(12992K) Class: 1967K(2304K)->1967K(2304K)
[142.252s][info][gc             ] GC(306) Pause Young (Allocation Failure) 553M->7M(1979M) 50.794ms
[142.252s][info][gc,cpu         ] GC(306) User=0.05s Sys=0.00s Real=0.05s
[142.653s][info][gc,start       ] GC(307) Pause Young (Allocation Failure)
[142.704s][info][gc,heap        ] GC(307) DefNew: 561576K(629248K)->2279K(629248K) Eden: 559360K(559360K)->0K(559360K) From: 2216K(69888K)->2279K(69888K)
[142.704s][info][gc,heap        ] GC(307) Tenured: 5375K(1398144K)->5375K(1398144K)
[142.704s][info][gc,metaspace   ] GC(307) Metaspace: 14317K(15296K)->14317K(15296K) NonClass: 12349K(12992K)->12349K(12992K) Class: 1967K(2304K)->1967K(2304K)
[142.704s][info][gc             ] GC(307) Pause Young (Allocation Failure) 553M->7M(1979M) 51.275ms
[142.704s][info][gc,cpu         ] GC(307) User=0.03s Sys=0.00s Real=0.04s
[143.110s][info][gc,start       ] GC(308) Pause Young (Allocation Failure)
[143.160s][info][gc,heap        ] GC(308) DefNew: 561639K(629248K)->2344K(629248K) Eden: 559360K(559360K)->0K(559360K) From: 2279K(69888K)->2344K(69888K)
[143.160s][info][gc,heap        ] GC(308) Tenured: 5375K(1398144K)->5375K(1398144K)
[143.160s][info][gc,metaspace   ] GC(308) Metaspace: 14317K(15296K)->14317K(15296K) NonClass: 12349K(12992K)->12349K(12992K) Class: 1967K(2304K)->1967K(2304K)
[143.160s][info][gc             ] GC(308) Pause Young (Allocation Failure) 553M->7M(1979M) 50.519ms
[143.160s][info][gc,cpu         ] GC(308) User=0.06s Sys=0.00s Real=0.05s
[143.576s][info][gc,start       ] GC(309) Pause Young (Allocation Failure)
[143.618s][info][gc,heap        ] GC(309) DefNew: 561704K(629248K)->2409K(629248K) Eden: 559360K(559360K)->0K(559360K) From: 2344K(69888K)->2409K(69888K)
[143.618s][info][gc,heap        ] GC(309) Tenured: 5375K(1398144K)->5375K(1398144K)
[143.618s][info][gc,metaspace   ] GC(309) Metaspace: 14317K(15296K)->14317K(15296K) NonClass: 12349K(12992K)->12349K(12992K) Class: 1967K(2304K)->1967K(2304K)
[143.618s][info][gc             ] GC(309) Pause Young (Allocation Failure) 553M->7M(1979M) 42.094ms
[143.618s][info][gc,cpu         ] GC(309) User=0.03s Sys=0.00s Real=0.03s
[144.022s][info][gc,start       ] GC(310) Pause Young (Allocation Failure)
[144.067s][info][gc,heap        ] GC(310) DefNew: 561769K(629248K)->970K(629248K) Eden: 559360K(559360K)->0K(559360K) From: 2409K(69888K)->970K(69888K)
[144.067s][info][gc,heap        ] GC(310) Tenured: 5375K(1398144K)->6879K(1398144K)
[144.067s][info][gc,metaspace   ] GC(310) Metaspace: 14317K(15296K)->14317K(15296K) NonClass: 12349K(12992K)->12349K(12992K) Class: 1967K(2304K)->1967K(2304K)
[144.067s][info][gc             ] GC(310) Pause Young (Allocation Failure) 553M->7M(1979M) 45.630ms
[144.067s][info][gc,cpu         ] GC(310) User=0.05s Sys=0.00s Real=0.05s
[144.502s][info][gc,start       ] GC(311) Pause Young (Allocation Failure)
[144.550s][info][gc,heap        ] GC(311) DefNew: 560330K(629248K)->979K(629248K) Eden: 559360K(559360K)->0K(559360K) From: 970K(69888K)->979K(69888K)
[144.550s][info][gc,heap        ] GC(311) Tenured: 6879K(1398144K)->6942K(1398144K)
[144.550s][info][gc,metaspace   ] GC(311) Metaspace: 14317K(15296K)->14317K(15296K) NonClass: 12349K(12992K)->12349K(12992K) Class: 1967K(2304K)->1967K(2304K)
[144.550s][info][gc             ] GC(311) Pause Young (Allocation Failure) 553M->7M(1979M) 47.724ms
[144.550s][info][gc,cpu         ] GC(311) User=0.05s Sys=0.00s Real=0.04s
[144.982s][info][gc,start       ] GC(312) Pause Young (Allocation Failure)
[145.033s][info][gc,heap        ] GC(312) DefNew: 560339K(629248K)->981K(629248K) Eden: 559360K(559360K)->0K(559360K) From: 979K(69888K)->981K(69888K)
[145.033s][info][gc,heap        ] GC(312) Tenured: 6942K(1398144K)->7003K(1398144K)
[145.033s][info][gc,metaspace   ] GC(312) Metaspace: 14317K(15296K)->14317K(15296K) NonClass: 12349K(12992K)->12349K(12992K) Class: 1967K(2304K)->1967K(2304K)
[145.033s][info][gc             ] GC(312) Pause Young (Allocation Failure) 553M->7M(1979M) 50.992ms
[145.033s][info][gc,cpu         ] GC(312) User=0.05s Sys=0.00s Real=0.05s
[145.468s][info][gc,start       ] GC(313) Pause Young (Allocation Failure)
[145.519s][info][gc,heap        ] GC(313) DefNew: 560341K(629248K)->984K(629248K) Eden: 559360K(559360K)->0K(559360K) From: 981K(69888K)->984K(69888K)
[145.519s][info][gc,heap        ] GC(313) Tenured: 7003K(1398144K)->7069K(1398144K)
[145.519s][info][gc,metaspace   ] GC(313) Metaspace: 14317K(15296K)->14317K(15296K) NonClass: 12349K(12992K)->12349K(12992K) Class: 1967K(2304K)->1967K(2304K)
[145.519s][info][gc             ] GC(313) Pause Young (Allocation Failure) 554M->7M(1979M) 50.669ms
[145.519s][info][gc,cpu         ] GC(313) User=0.06s Sys=0.00s Real=0.05s
[146.024s][info][gc,start       ] GC(314) Pause Young (Allocation Failure)
[146.075s][info][gc,heap        ] GC(314) DefNew: 560344K(629248K)->986K(629248K) Eden: 559360K(559360K)->0K(559360K) From: 984K(69888K)->986K(69888K)
[146.075s][info][gc,heap        ] GC(314) Tenured: 7069K(1398144K)->7134K(1398144K)
[146.075s][info][gc,metaspace   ] GC(314) Metaspace: 14317K(15296K)->14317K(15296K) NonClass: 12349K(12992K)->12349K(12992K) Class: 1967K(2304K)->1967K(2304K)
[146.075s][info][gc             ] GC(314) Pause Young (Allocation Failure) 554M->7M(1979M) 50.442ms
[146.075s][info][gc,cpu         ] GC(314) User=0.05s Sys=0.00s Real=0.05s
[146.530s][info][gc,start       ] GC(315) Pause Young (Allocation Failure)
[146.576s][info][gc,heap        ] GC(315) DefNew: 560346K(629248K)->996K(629248K) Eden: 559360K(559360K)->0K(559360K) From: 986K(69888K)->996K(69888K)
[146.576s][info][gc,heap        ] GC(315) Tenured: 7134K(1398144K)->7195K(1398144K)
[146.576s][info][gc,metaspace   ] GC(315) Metaspace: 14317K(15296K)->14317K(15296K) NonClass: 12349K(12992K)->12349K(12992K) Class: 1967K(2304K)->1967K(2304K)
[146.576s][info][gc             ] GC(315) Pause Young (Allocation Failure) 554M->7M(1979M) 46.178ms
[146.576s][info][gc,cpu         ] GC(315) User=0.05s Sys=0.00s Real=0.04s
[147.026s][info][gc,start       ] GC(316) Pause Young (Allocation Failure)
[147.071s][info][gc,heap        ] GC(316) DefNew: 560356K(629248K)->1006K(629248K) Eden: 559360K(559360K)->0K(559360K) From: 996K(69888K)->1006K(69888K)
[147.071s][info][gc,heap        ] GC(316) Tenured: 7195K(1398144K)->7256K(1398144K)
[147.071s][info][gc,metaspace   ] GC(316) Metaspace: 14317K(15296K)->14317K(15296K) NonClass: 12349K(12992K)->12349K(12992K) Class: 1967K(2304K)->1967K(2304K)
[147.071s][info][gc             ] GC(316) Pause Young (Allocation Failure) 554M->8M(1979M) 44.392ms
[147.071s][info][gc,cpu         ] GC(316) User=0.05s Sys=0.00s Real=0.04s
[147.509s][info][gc,start       ] GC(317) Pause Young (Allocation Failure)
[147.548s][info][gc,heap        ] GC(317) DefNew: 560366K(629248K)->1009K(629248K) Eden: 559360K(559360K)->0K(559360K) From: 1006K(69888K)->1009K(69888K)
[147.548s][info][gc,heap        ] GC(317) Tenured: 7256K(1398144K)->7325K(1398144K)
[147.548s][info][gc,metaspace   ] GC(317) Metaspace: 14317K(15296K)->14317K(15296K) NonClass: 12349K(12992K)->12349K(12992K) Class: 1967K(2304K)->1967K(2304K)
[147.548s][info][gc             ] GC(317) Pause Young (Allocation Failure) 554M->8M(1979M) 39.650ms
[147.548s][info][gc,cpu         ] GC(317) User=0.03s Sys=0.00s Real=0.03s
[147.985s][info][gc,start       ] GC(318) Pause Young (Allocation Failure)
[148.036s][info][gc,heap        ] GC(318) DefNew: 560369K(629248K)->1017K(629248K) Eden: 559360K(559360K)->0K(559360K) From: 1009K(69888K)->1017K(69888K)
[148.036s][info][gc,heap        ] GC(318) Tenured: 7325K(1398144K)->7386K(1398144K)
[148.036s][info][gc,metaspace   ] GC(318) Metaspace: 14317K(15296K)->14317K(15296K) NonClass: 12349K(12992K)->12349K(12992K) Class: 1967K(2304K)->1967K(2304K)
[148.036s][info][gc             ] GC(318) Pause Young (Allocation Failure) 554M->8M(1979M) 51.214ms
[148.036s][info][gc,cpu         ] GC(318) User=0.05s Sys=0.00s Real=0.05s
[148.467s][info][gc,start       ] GC(319) Pause Young (Allocation Failure)
[148.519s][info][gc,heap        ] GC(319) DefNew: 560377K(629248K)->1021K(629248K) Eden: 559360K(559360K)->0K(559360K) From: 1017K(69888K)->1021K(69888K)
[148.520s][info][gc,heap        ] GC(319) Tenured: 7386K(1398144K)->7451K(1398144K)
[148.520s][info][gc,metaspace   ] GC(319) Metaspace: 14317K(15296K)->14317K(15296K) NonClass: 12349K(12992K)->12349K(12992K) Class: 1967K(2304K)->1967K(2304K)
[148.520s][info][gc             ] GC(319) Pause Young (Allocation Failure) 554M->8M(1979M) 52.761ms
[148.520s][info][gc,cpu         ] GC(319) User=0.05s Sys=0.00s Real=0.04s
[149.044s][info][gc,start       ] GC(320) Pause Young (Allocation Failure)
[149.098s][info][gc,heap        ] GC(320) DefNew: 560381K(629248K)->1026K(629248K) Eden: 559360K(559360K)->0K(559360K) From: 1021K(69888K)->1026K(69888K)
[149.098s][info][gc,heap        ] GC(320) Tenured: 7451K(1398144K)->7516K(1398144K)
[149.098s][info][gc,metaspace   ] GC(320) Metaspace: 14317K(15296K)->14317K(15296K) NonClass: 12349K(12992K)->12349K(12992K) Class: 1967K(2304K)->1967K(2304K)
[149.098s][info][gc             ] GC(320) Pause Young (Allocation Failure) 554M->8M(1979M) 54.046ms
[149.098s][info][gc,cpu         ] GC(320) User=0.05s Sys=0.00s Real=0.05s
[149.560s][info][gc,start       ] GC(321) Pause Young (Allocation Failure)
[149.597s][info][gc,heap        ] GC(321) DefNew: 560386K(629248K)->1037K(629248K) Eden: 559360K(559360K)->0K(559360K) From: 1026K(69888K)->1037K(69888K)
[149.597s][info][gc,heap        ] GC(321) Tenured: 7516K(1398144K)->7581K(1398144K)
[149.597s][info][gc,metaspace   ] GC(321) Metaspace: 14317K(15296K)->14317K(15296K) NonClass: 12349K(12992K)->12349K(12992K) Class: 1967K(2304K)->1967K(2304K)
[149.597s][info][gc             ] GC(321) Pause Young (Allocation Failure) 554M->8M(1979M) 37.478ms
[149.597s][info][gc,cpu         ] GC(321) User=0.03s Sys=0.00s Real=0.02s
[150.030s][info][gc,start       ] GC(322) Pause Young (Allocation Failure)
[150.069s][info][gc,heap        ] GC(322) DefNew: 560397K(629248K)->1043K(629248K) Eden: 559360K(559360K)->0K(559360K) From: 1037K(69888K)->1043K(69888K)
[150.069s][info][gc,heap        ] GC(322) Tenured: 7581K(1398144K)->7644K(1398144K)
[150.069s][info][gc,metaspace   ] GC(322) Metaspace: 14317K(15296K)->14317K(15296K) NonClass: 12349K(12992K)->12349K(12992K) Class: 1967K(2304K)->1967K(2304K)
[150.069s][info][gc             ] GC(322) Pause Young (Allocation Failure) 554M->8M(1979M) 39.356ms
[150.070s][info][gc,cpu         ] GC(322) User=0.05s Sys=0.00s Real=0.04s
[150.519s][info][gc,start       ] GC(323) Pause Young (Allocation Failure)
[150.603s][info][gc,heap        ] GC(323) DefNew: 560403K(629248K)->1048K(629248K) Eden: 559360K(559360K)->0K(559360K) From: 1043K(69888K)->1048K(69888K)
[150.603s][info][gc,heap        ] GC(323) Tenured: 7644K(1398144K)->7709K(1398144K)
[150.603s][info][gc,metaspace   ] GC(323) Metaspace: 14317K(15296K)->14317K(15296K) NonClass: 12349K(12992K)->12349K(12992K) Class: 1967K(2304K)->1967K(2304K)
[150.603s][info][gc             ] GC(323) Pause Young (Allocation Failure) 554M->8M(1979M) 83.857ms
[150.603s][info][gc,cpu         ] GC(323) User=0.05s Sys=0.00s Real=0.08s
[151.036s][info][gc,start       ] GC(324) Pause Young (Allocation Failure)
[151.087s][info][gc,heap        ] GC(324) DefNew: 560408K(629248K)->1051K(629248K) Eden: 559360K(559360K)->0K(559360K) From: 1048K(69888K)->1051K(69888K)
[151.087s][info][gc,heap        ] GC(324) Tenured: 7709K(1398144K)->7774K(1398144K)
[151.087s][info][gc,metaspace   ] GC(324) Metaspace: 14317K(15296K)->14317K(15296K) NonClass: 12349K(12992K)->12349K(12992K) Class: 1967K(2304K)->1967K(2304K)
[151.087s][info][gc             ] GC(324) Pause Young (Allocation Failure) 554M->8M(1979M) 50.615ms
[151.087s][info][gc,cpu         ] GC(324) User=0.05s Sys=0.00s Real=0.05s
[151.522s][info][gc,start       ] GC(325) Pause Young (Allocation Failure)
[151.573s][info][gc,heap        ] GC(325) DefNew: 560411K(629248K)->1053K(629248K) Eden: 559360K(559360K)->0K(559360K) From: 1051K(69888K)->1053K(69888K)
[151.573s][info][gc,heap        ] GC(325) Tenured: 7774K(1398144K)->7840K(1398144K)
[151.573s][info][gc,metaspace   ] GC(325) Metaspace: 14317K(15296K)->14317K(15296K) NonClass: 12349K(12992K)->12349K(12992K) Class: 1967K(2304K)->1967K(2304K)
[151.573s][info][gc             ] GC(325) Pause Young (Allocation Failure) 554M->8M(1979M) 51.273ms
[151.573s][info][gc,cpu         ] GC(325) User=0.05s Sys=0.00s Real=0.05s
[152.054s][info][gc,start       ] GC(326) Pause Young (Allocation Failure)
[152.109s][info][gc,heap        ] GC(326) DefNew: 560413K(629248K)->1051K(629248K) Eden: 559360K(559360K)->0K(559360K) From: 1053K(69888K)->1051K(69888K)
[152.109s][info][gc,heap        ] GC(326) Tenured: 7840K(1398144K)->7910K(1398144K)
[152.109s][info][gc,metaspace   ] GC(326) Metaspace: 14317K(15296K)->14317K(15296K) NonClass: 12349K(12992K)->12349K(12992K) Class: 1967K(2304K)->1967K(2304K)
[152.109s][info][gc             ] GC(326) Pause Young (Allocation Failure) 554M->8M(1979M) 54.903ms
[152.109s][info][gc,cpu         ] GC(326) User=0.05s Sys=0.00s Real=0.05s
[152.560s][info][gc,start       ] GC(327) Pause Young (Allocation Failure)
[152.597s][info][gc,heap        ] GC(327) DefNew: 560411K(629248K)->1057K(629248K) Eden: 559360K(559360K)->0K(559360K) From: 1051K(69888K)->1057K(69888K)
[152.597s][info][gc,heap        ] GC(327) Tenured: 7910K(1398144K)->7975K(1398144K)
[152.597s][info][gc,metaspace   ] GC(327) Metaspace: 14317K(15296K)->14317K(15296K) NonClass: 12349K(12992K)->12349K(12992K) Class: 1967K(2304K)->1967K(2304K)
[152.597s][info][gc             ] GC(327) Pause Young (Allocation Failure) 555M->8M(1979M) 37.286ms
[152.597s][info][gc,cpu         ] GC(327) User=0.03s Sys=0.00s Real=0.03s
[153.029s][info][gc,start       ] GC(328) Pause Young (Allocation Failure)
[153.067s][info][gc,heap        ] GC(328) DefNew: 560417K(629248K)->1054K(629248K) Eden: 559360K(559360K)->0K(559360K) From: 1057K(69888K)->1054K(69888K)
[153.067s][info][gc,heap        ] GC(328) Tenured: 7975K(1398144K)->8043K(1398144K)
[153.067s][info][gc,metaspace   ] GC(328) Metaspace: 14317K(15296K)->14317K(15296K) NonClass: 12349K(12992K)->12349K(12992K) Class: 1967K(2304K)->1967K(2304K)
[153.067s][info][gc             ] GC(328) Pause Young (Allocation Failure) 555M->8M(1979M) 37.902ms
[153.067s][info][gc,cpu         ] GC(328) User=0.03s Sys=0.00s Real=0.03s
[153.520s][info][gc,start       ] GC(329) Pause Young (Allocation Failure)
[153.568s][info][gc,heap        ] GC(329) DefNew: 560414K(629248K)->1057K(629248K) Eden: 559360K(559360K)->0K(559360K) From: 1054K(69888K)->1057K(69888K)
[153.568s][info][gc,heap        ] GC(329) Tenured: 8043K(1398144K)->8110K(1398144K)
[153.568s][info][gc,metaspace   ] GC(329) Metaspace: 14317K(15296K)->14317K(15296K) NonClass: 12349K(12992K)->12349K(12992K) Class: 1967K(2304K)->1967K(2304K)
[153.568s][info][gc             ] GC(329) Pause Young (Allocation Failure) 555M->8M(1979M) 48.199ms
[153.568s][info][gc,cpu         ] GC(329) User=0.05s Sys=0.00s Real=0.05s
[154.002s][info][gc,start       ] GC(330) Pause Young (Allocation Failure)
[154.050s][info][gc,heap        ] GC(330) DefNew: 560417K(629248K)->1055K(629248K) Eden: 559360K(559360K)->0K(559360K) From: 1057K(69888K)->1055K(69888K)
[154.050s][info][gc,heap        ] GC(330) Tenured: 8110K(1398144K)->8181K(1398144K)
[154.050s][info][gc,metaspace   ] GC(330) Metaspace: 14317K(15296K)->14317K(15296K) NonClass: 12349K(12992K)->12349K(12992K) Class: 1967K(2304K)->1967K(2304K)
[154.050s][info][gc             ] GC(330) Pause Young (Allocation Failure) 555M->9M(1979M) 47.342ms
[154.050s][info][gc,cpu         ] GC(330) User=0.03s Sys=0.00s Real=0.04s
[154.487s][info][gc,start       ] GC(331) Pause Young (Allocation Failure)
[154.527s][info][gc,heap        ] GC(331) DefNew: 560415K(629248K)->1050K(629248K) Eden: 559360K(559360K)->0K(559360K) From: 1055K(69888K)->1050K(69888K)
[154.527s][info][gc,heap        ] GC(331) Tenured: 8181K(1398144K)->8252K(1398144K)
[154.527s][info][gc,metaspace   ] GC(331) Metaspace: 14317K(15296K)->14317K(15296K) NonClass: 12349K(12992K)->12349K(12992K) Class: 1967K(2304K)->1967K(2304K)
[154.527s][info][gc             ] GC(331) Pause Young (Allocation Failure) 555M->9M(1979M) 40.824ms
[154.527s][info][gc,cpu         ] GC(331) User=0.03s Sys=0.00s Real=0.03s
[155.095s][info][gc,start       ] GC(332) Pause Young (Allocation Failure)
[155.143s][info][gc,heap        ] GC(332) DefNew: 560410K(629248K)->1047K(629248K) Eden: 559360K(559360K)->0K(559360K) From: 1050K(69888K)->1047K(69888K)
[155.143s][info][gc,heap        ] GC(332) Tenured: 8252K(1398144K)->8323K(1398144K)
[155.143s][info][gc,metaspace   ] GC(332) Metaspace: 14317K(15296K)->14317K(15296K) NonClass: 12349K(12992K)->12349K(12992K) Class: 1967K(2304K)->1967K(2304K)
[155.143s][info][gc             ] GC(332) Pause Young (Allocation Failure) 555M->9M(1979M) 48.432ms
[155.143s][info][gc,cpu         ] GC(332) User=0.06s Sys=0.00s Real=0.05s
[155.622s][info][gc,start       ] GC(333) Pause Young (Allocation Failure)
[155.671s][info][gc,heap        ] GC(333) DefNew: 560407K(629248K)->1051K(629248K) Eden: 559360K(559360K)->0K(559360K) From: 1047K(69888K)->1051K(69888K)
[155.671s][info][gc,heap        ] GC(333) Tenured: 8323K(1398144K)->8395K(1398144K)
[155.671s][info][gc,metaspace   ] GC(333) Metaspace: 14317K(15296K)->14317K(15296K) NonClass: 12349K(12992K)->12349K(12992K) Class: 1967K(2304K)->1967K(2304K)
[155.671s][info][gc             ] GC(333) Pause Young (Allocation Failure) 555M->9M(1979M) 49.188ms
[155.671s][info][gc,cpu         ] GC(333) User=0.05s Sys=0.00s Real=0.05s
[156.160s][info][gc,start       ] GC(334) Pause Young (Allocation Failure)
[156.204s][info][gc,heap        ] GC(334) DefNew: 560411K(629248K)->1059K(629248K) Eden: 559360K(559360K)->0K(559360K) From: 1051K(69888K)->1059K(69888K)
[156.204s][info][gc,heap        ] GC(334) Tenured: 8395K(1398144K)->8464K(1398144K)
[156.204s][info][gc,metaspace   ] GC(334) Metaspace: 14317K(15296K)->14317K(15296K) NonClass: 12349K(12992K)->12349K(12992K) Class: 1967K(2304K)->1967K(2304K)
[156.204s][info][gc             ] GC(334) Pause Young (Allocation Failure) 555M->9M(1979M) 44.101ms
[156.204s][info][gc,cpu         ] GC(334) User=0.03s Sys=0.00s Real=0.03s
[156.627s][info][gc,start       ] GC(335) Pause Full (System.gc())
[156.627s][info][gc,phases,start] GC(335) Phase 1: Mark live objects
[156.666s][info][gc,phases      ] GC(335) Phase 1: Mark live objects 38.608ms
[156.666s][info][gc,phases,start] GC(335) Phase 2: Compute new object addresses
[156.786s][info][gc,phases      ] GC(335) Phase 2: Compute new object addresses 120.631ms
[156.786s][info][gc,phases,start] GC(335) Phase 3: Adjust pointers
[156.803s][info][gc,phases      ] GC(335) Phase 3: Adjust pointers 16.430ms
[156.803s][info][gc,phases,start] GC(335) Phase 4: Move objects
[156.803s][info][gc,phases      ] GC(335) Phase 4: Move objects 0.012ms
[156.803s][info][gc,heap        ] GC(335) DefNew: 460334K(629248K)->0K(629248K) Eden: 459274K(559360K)->0K(559360K) From: 1059K(69888K)->0K(69888K)
[156.803s][info][gc,heap        ] GC(335) Tenured: 8464K(1398144K)->8464K(1398144K)
[156.803s][info][gc,metaspace   ] GC(335) Metaspace: 14317K(15296K)->14317K(15296K) NonClass: 12349K(12992K)->12349K(12992K) Class: 1967K(2304K)->1967K(2304K)
[156.803s][info][gc             ] GC(335) Pause Full (System.gc()) 457M->8M(1979M) 176.047ms
[156.803s][info][gc,cpu         ] GC(335) User=0.17s Sys=0.00s Real=0.17s
[157.137s][info][gc,start       ] GC(336) Pause Young (Allocation Failure)
[157.170s][info][gc,heap        ] GC(336) DefNew: 559360K(629248K)->1512K(629248K) Eden: 559360K(559360K)->0K(559360K) From: 0K(69888K)->1512K(69888K)
[157.170s][info][gc,heap        ] GC(336) Tenured: 8464K(1398144K)->8464K(1398144K)
[157.170s][info][gc,metaspace   ] GC(336) Metaspace: 14317K(15296K)->14317K(15296K) NonClass: 12349K(12992K)->12349K(12992K) Class: 1967K(2304K)->1967K(2304K)
[157.171s][info][gc             ] GC(336) Pause Young (Allocation Failure) 554M->9M(1979M) 33.155ms
[157.171s][info][gc,cpu         ] GC(336) User=0.03s Sys=0.00s Real=0.03s
[157.562s][info][gc,start       ] GC(337) Pause Young (Allocation Failure)
[157.610s][info][gc,heap        ] GC(337) DefNew: 560872K(629248K)->1574K(629248K) Eden: 559360K(559360K)->0K(559360K) From: 1512K(69888K)->1574K(69888K)
[157.610s][info][gc,heap        ] GC(337) Tenured: 8464K(1398144K)->8464K(1398144K)
[157.610s][info][gc,metaspace   ] GC(337) Metaspace: 14317K(15296K)->14317K(15296K) NonClass: 12349K(12992K)->12349K(12992K) Class: 1967K(2304K)->1967K(2304K)
[157.610s][info][gc             ] GC(337) Pause Young (Allocation Failure) 555M->9M(1979M) 48.563ms
[157.610s][info][gc,cpu         ] GC(337) User=0.05s Sys=0.00s Real=0.04s
[158.014s][info][gc,start       ] GC(338) Pause Young (Allocation Failure)
[158.061s][info][gc,heap        ] GC(338) DefNew: 560934K(629248K)->1639K(629248K) Eden: 559360K(559360K)->0K(559360K) From: 1574K(69888K)->1639K(69888K)
[158.061s][info][gc,heap        ] GC(338) Tenured: 8464K(1398144K)->8464K(1398144K)
[158.061s][info][gc,metaspace   ] GC(338) Metaspace: 14317K(15296K)->14317K(15296K) NonClass: 12349K(12992K)->12349K(12992K) Class: 1967K(2304K)->1967K(2304K)
[158.061s][info][gc             ] GC(338) Pause Young (Allocation Failure) 556M->9M(1979M) 47.369ms
[158.062s][info][gc,cpu         ] GC(338) User=0.03s Sys=0.00s Real=0.03s
[158.448s][info][gc,start       ] GC(339) Pause Young (Allocation Failure)
[158.488s][info][gc,heap        ] GC(339) DefNew: 560999K(629248K)->1702K(629248K) Eden: 559360K(559360K)->0K(559360K) From: 1639K(69888K)->1702K(69888K)
[158.488s][info][gc,heap        ] GC(339) Tenured: 8464K(1398144K)->8464K(1398144K)
[158.488s][info][gc,metaspace   ] GC(339) Metaspace: 14317K(15296K)->14317K(15296K) NonClass: 12349K(12992K)->12349K(12992K) Class: 1967K(2304K)->1967K(2304K)
[158.488s][info][gc             ] GC(339) Pause Young (Allocation Failure) 556M->9M(1979M) 39.637ms
[158.488s][info][gc,cpu         ] GC(339) User=0.03s Sys=0.00s Real=0.03s
[158.886s][info][gc,start       ] GC(340) Pause Young (Allocation Failure)
[158.927s][info][gc,heap        ] GC(340) DefNew: 561062K(629248K)->1763K(629248K) Eden: 559360K(559360K)->0K(559360K) From: 1702K(69888K)->1763K(69888K)
[158.927s][info][gc,heap        ] GC(340) Tenured: 8464K(1398144K)->8464K(1398144K)
[158.927s][info][gc,metaspace   ] GC(340) Metaspace: 14317K(15296K)->14317K(15296K) NonClass: 12349K(12992K)->12349K(12992K) Class: 1967K(2304K)->1967K(2304K)
[158.927s][info][gc             ] GC(340) Pause Young (Allocation Failure) 556M->9M(1979M) 40.825ms
[158.927s][info][gc,cpu         ] GC(340) User=0.03s Sys=0.00s Real=0.03s
[159.311s][info][gc,start       ] GC(341) Pause Young (Allocation Failure)
[159.352s][info][gc,heap        ] GC(341) DefNew: 561123K(629248K)->1823K(629248K) Eden: 559360K(559360K)->0K(559360K) From: 1763K(69888K)->1823K(69888K)
[159.352s][info][gc,heap        ] GC(341) Tenured: 8464K(1398144K)->8464K(1398144K)
[159.352s][info][gc,metaspace   ] GC(341) Metaspace: 14317K(15296K)->14317K(15296K) NonClass: 12349K(12992K)->12349K(12992K) Class: 1967K(2304K)->1967K(2304K)
[159.353s][info][gc             ] GC(341) Pause Young (Allocation Failure) 556M->10M(1979M) 41.148ms
[159.353s][info][gc,cpu         ] GC(341) User=0.03s Sys=0.00s Real=0.03s
[159.779s][info][gc,start       ] GC(342) Pause Young (Allocation Failure)
[159.825s][info][gc,heap        ] GC(342) DefNew: 561183K(629248K)->1889K(629248K) Eden: 559360K(559360K)->0K(559360K) From: 1823K(69888K)->1889K(69888K)
[159.825s][info][gc,heap        ] GC(342) Tenured: 8464K(1398144K)->8464K(1398144K)
[159.825s][info][gc,metaspace   ] GC(342) Metaspace: 14317K(15296K)->14317K(15296K) NonClass: 12349K(12992K)->12349K(12992K) Class: 1967K(2304K)->1967K(2304K)
[159.825s][info][gc             ] GC(342) Pause Young (Allocation Failure) 556M->10M(1979M) 46.486ms
[159.825s][info][gc,cpu         ] GC(342) User=0.03s Sys=0.00s Real=0.03s
[160.255s][info][gc,start       ] GC(343) Pause Young (Allocation Failure)
[160.299s][info][gc,heap        ] GC(343) DefNew: 561249K(629248K)->1956K(629248K) Eden: 559360K(559360K)->0K(559360K) From: 1889K(69888K)->1956K(69888K)
[160.300s][info][gc,heap        ] GC(343) Tenured: 8464K(1398144K)->8464K(1398144K)
[160.300s][info][gc,metaspace   ] GC(343) Metaspace: 14317K(15296K)->14317K(15296K) NonClass: 12349K(12992K)->12349K(12992K) Class: 1967K(2304K)->1967K(2304K)
[160.300s][info][gc             ] GC(343) Pause Young (Allocation Failure) 556M->10M(1979M) 44.715ms
[160.300s][info][gc,cpu         ] GC(343) User=0.03s Sys=0.00s Real=0.04s
[160.711s][info][gc,start       ] GC(344) Pause Young (Allocation Failure)
[160.750s][info][gc,heap        ] GC(344) DefNew: 561316K(629248K)->2025K(629248K) Eden: 559360K(559360K)->0K(559360K) From: 1956K(69888K)->2025K(69888K)
[160.750s][info][gc,heap        ] GC(344) Tenured: 8464K(1398144K)->8464K(1398144K)
[160.751s][info][gc,metaspace   ] GC(344) Metaspace: 14317K(15296K)->14317K(15296K) NonClass: 12349K(12992K)->12349K(12992K) Class: 1967K(2304K)->1967K(2304K)
[160.751s][info][gc             ] GC(344) Pause Young (Allocation Failure) 556M->10M(1979M) 39.495ms
[160.751s][info][gc,cpu         ] GC(344) User=0.03s Sys=0.00s Real=0.04s
[161.146s][info][gc,start       ] GC(345) Pause Young (Allocation Failure)
[161.185s][info][gc,heap        ] GC(345) DefNew: 561385K(629248K)->2087K(629248K) Eden: 559360K(559360K)->0K(559360K) From: 2025K(69888K)->2087K(69888K)
[161.185s][info][gc,heap        ] GC(345) Tenured: 8464K(1398144K)->8464K(1398144K)
[161.185s][info][gc,metaspace   ] GC(345) Metaspace: 14317K(15296K)->14317K(15296K) NonClass: 12349K(12992K)->12349K(12992K) Class: 1967K(2304K)->1967K(2304K)
[161.185s][info][gc             ] GC(345) Pause Young (Allocation Failure) 556M->10M(1979M) 39.214ms
[161.185s][info][gc,cpu         ] GC(345) User=0.03s Sys=0.00s Real=0.04s
[161.598s][info][gc,start       ] GC(346) Pause Young (Allocation Failure)
[161.639s][info][gc,heap        ] GC(346) DefNew: 561447K(629248K)->2156K(629248K) Eden: 559360K(559360K)->0K(559360K) From: 2087K(69888K)->2156K(69888K)
[161.639s][info][gc,heap        ] GC(346) Tenured: 8464K(1398144K)->8464K(1398144K)
[161.639s][info][gc,metaspace   ] GC(346) Metaspace: 14317K(15296K)->14317K(15296K) NonClass: 12349K(12992K)->12349K(12992K) Class: 1967K(2304K)->1967K(2304K)
[161.639s][info][gc             ] GC(346) Pause Young (Allocation Failure) 556M->10M(1979M) 40.929ms
[161.639s][info][gc,cpu         ] GC(346) User=0.03s Sys=0.00s Real=0.03s
[162.028s][info][gc,start       ] GC(347) Pause Young (Allocation Failure)
[162.068s][info][gc,heap        ] GC(347) DefNew: 561516K(629248K)->2217K(629248K) Eden: 559360K(559360K)->0K(559360K) From: 2156K(69888K)->2217K(69888K)
[162.068s][info][gc,heap        ] GC(347) Tenured: 8464K(1398144K)->8464K(1398144K)
[162.068s][info][gc,metaspace   ] GC(347) Metaspace: 14317K(15296K)->14317K(15296K) NonClass: 12349K(12992K)->12349K(12992K) Class: 1967K(2304K)->1967K(2304K)
[162.068s][info][gc             ] GC(347) Pause Young (Allocation Failure) 556M->10M(1979M) 40.091ms
[162.068s][info][gc,cpu         ] GC(347) User=0.03s Sys=0.00s Real=0.03s
[162.473s][info][gc,start       ] GC(348) Pause Young (Allocation Failure)
[162.525s][info][gc,heap        ] GC(348) DefNew: 561577K(629248K)->2282K(629248K) Eden: 559360K(559360K)->0K(559360K) From: 2217K(69888K)->2282K(69888K)
[162.525s][info][gc,heap        ] GC(348) Tenured: 8464K(1398144K)->8464K(1398144K)
[162.525s][info][gc,metaspace   ] GC(348) Metaspace: 14317K(15296K)->14317K(15296K) NonClass: 12349K(12992K)->12349K(12992K) Class: 1967K(2304K)->1967K(2304K)
[162.525s][info][gc             ] GC(348) Pause Young (Allocation Failure) 556M->10M(1979M) 52.372ms
[162.526s][info][gc,cpu         ] GC(348) User=0.03s Sys=0.00s Real=0.04s
[162.954s][info][gc,start       ] GC(349) Pause Young (Allocation Failure)
[163.001s][info][gc,heap        ] GC(349) DefNew: 561642K(629248K)->2350K(629248K) Eden: 559360K(559360K)->0K(559360K) From: 2282K(69888K)->2350K(69888K)
[163.001s][info][gc,heap        ] GC(349) Tenured: 8464K(1398144K)->8464K(1398144K)
[163.001s][info][gc,metaspace   ] GC(349) Metaspace: 14317K(15296K)->14317K(15296K) NonClass: 12349K(12992K)->12349K(12992K) Class: 1967K(2304K)->1967K(2304K)
[163.001s][info][gc             ] GC(349) Pause Young (Allocation Failure) 556M->10M(1979M) 47.111ms
[163.001s][info][gc,cpu         ] GC(349) User=0.05s Sys=0.00s Real=0.05s
[163.407s][info][gc,start       ] GC(350) Pause Young (Allocation Failure)
[163.453s][info][gc,heap        ] GC(350) DefNew: 561710K(629248K)->2417K(629248K) Eden: 559360K(559360K)->0K(559360K) From: 2350K(69888K)->2417K(69888K)
[163.453s][info][gc,heap        ] GC(350) Tenured: 8464K(1398144K)->8464K(1398144K)
[163.453s][info][gc,metaspace   ] GC(350) Metaspace: 14317K(15296K)->14317K(15296K) NonClass: 12349K(12992K)->12349K(12992K) Class: 1967K(2304K)->1967K(2304K)
[163.453s][info][gc             ] GC(350) Pause Young (Allocation Failure) 556M->10M(1979M) 46.587ms
[163.453s][info][gc,cpu         ] GC(350) User=0.05s Sys=0.00s Real=0.04s
[163.873s][info][gc,start       ] GC(351) Pause Young (Allocation Failure)
[163.913s][info][gc,heap        ] GC(351) DefNew: 561777K(629248K)->977K(629248K) Eden: 559360K(559360K)->0K(559360K) From: 2417K(69888K)->977K(69888K)
[163.913s][info][gc,heap        ] GC(351) Tenured: 8464K(1398144K)->9968K(1398144K)
[163.913s][info][gc,metaspace   ] GC(351) Metaspace: 14317K(15296K)->14317K(15296K) NonClass: 12349K(12992K)->12349K(12992K) Class: 1967K(2304K)->1967K(2304K)
[163.913s][info][gc             ] GC(351) Pause Young (Allocation Failure) 556M->10M(1979M) 40.047ms
[163.913s][info][gc,cpu         ] GC(351) User=0.03s Sys=0.00s Real=0.03s
[164.322s][info][gc,start       ] GC(352) Pause Young (Allocation Failure)
[164.374s][info][gc,heap        ] GC(352) DefNew: 560337K(629248K)->978K(629248K) Eden: 559360K(559360K)->0K(559360K) From: 977K(69888K)->978K(69888K)
[164.374s][info][gc,heap        ] GC(352) Tenured: 9968K(1398144K)->10030K(1398144K)
[164.374s][info][gc,metaspace   ] GC(352) Metaspace: 14317K(15296K)->14317K(15296K) NonClass: 12349K(12992K)->12349K(12992K) Class: 1967K(2304K)->1967K(2304K)
[164.374s][info][gc             ] GC(352) Pause Young (Allocation Failure) 556M->10M(1979M) 51.630ms
[164.374s][info][gc,cpu         ] GC(352) User=0.05s Sys=0.00s Real=0.05s
[164.783s][info][gc,start       ] GC(353) Pause Young (Allocation Failure)
[164.834s][info][gc,heap        ] GC(353) DefNew: 560338K(629248K)->977K(629248K) Eden: 559360K(559360K)->0K(559360K) From: 978K(69888K)->977K(69888K)
[164.834s][info][gc,heap        ] GC(353) Tenured: 10030K(1398144K)->10095K(1398144K)
[164.834s][info][gc,metaspace   ] GC(353) Metaspace: 14317K(15296K)->14317K(15296K) NonClass: 12349K(12992K)->12349K(12992K) Class: 1967K(2304K)->1967K(2304K)
[164.834s][info][gc             ] GC(353) Pause Young (Allocation Failure) 557M->10M(1979M) 50.703ms
[164.834s][info][gc,cpu         ] GC(353) User=0.05s Sys=0.00s Real=0.04s
[165.356s][info][gc,start       ] GC(354) Pause Young (Allocation Failure)
[165.405s][info][gc,heap        ] GC(354) DefNew: 560337K(629248K)->985K(629248K) Eden: 559360K(559360K)->0K(559360K) From: 977K(69888K)->985K(69888K)
[165.405s][info][gc,heap        ] GC(354) Tenured: 10095K(1398144K)->10153K(1398144K)
[165.405s][info][gc,metaspace   ] GC(354) Metaspace: 14317K(15296K)->14317K(15296K) NonClass: 12349K(12992K)->12349K(12992K) Class: 1967K(2304K)->1967K(2304K)
[165.405s][info][gc             ] GC(354) Pause Young (Allocation Failure) 557M->10M(1979M) 49.243ms
[165.405s][info][gc,cpu         ] GC(354) User=0.05s Sys=0.00s Real=0.05s
[165.828s][info][gc,start       ] GC(355) Pause Young (Allocation Failure)
[165.865s][info][gc,heap        ] GC(355) DefNew: 560345K(629248K)->984K(629248K) Eden: 559360K(559360K)->0K(559360K) From: 985K(69888K)->984K(69888K)
[165.865s][info][gc,heap        ] GC(355) Tenured: 10153K(1398144K)->10219K(1398144K)
[165.866s][info][gc,metaspace   ] GC(355) Metaspace: 14317K(15296K)->14317K(15296K) NonClass: 12349K(12992K)->12349K(12992K) Class: 1967K(2304K)->1967K(2304K)
[165.866s][info][gc             ] GC(355) Pause Young (Allocation Failure) 557M->10M(1979M) 37.497ms
[165.866s][info][gc,cpu         ] GC(355) User=0.05s Sys=0.00s Real=0.04s
[166.275s][info][gc,start       ] GC(356) Pause Young (Allocation Failure)
[166.323s][info][gc,heap        ] GC(356) DefNew: 560344K(629248K)->990K(629248K) Eden: 559360K(559360K)->0K(559360K) From: 984K(69888K)->990K(69888K)
[166.323s][info][gc,heap        ] GC(356) Tenured: 10219K(1398144K)->10278K(1398144K)
[166.323s][info][gc,metaspace   ] GC(356) Metaspace: 14317K(15296K)->14317K(15296K) NonClass: 12349K(12992K)->12349K(12992K) Class: 1967K(2304K)->1967K(2304K)
[166.323s][info][gc             ] GC(356) Pause Young (Allocation Failure) 557M->11M(1979M) 47.980ms
[166.323s][info][gc,cpu         ] GC(356) User=0.03s Sys=0.00s Real=0.04s
[166.751s][info][gc,start       ] GC(357) Pause Young (Allocation Failure)
[166.798s][info][gc,heap        ] GC(357) DefNew: 560350K(629248K)->992K(629248K) Eden: 559360K(559360K)->0K(559360K) From: 990K(69888K)->992K(69888K)
[166.798s][info][gc,heap        ] GC(357) Tenured: 10278K(1398144K)->10343K(1398144K)
[166.798s][info][gc,metaspace   ] GC(357) Metaspace: 14317K(15296K)->14317K(15296K) NonClass: 12349K(12992K)->12349K(12992K) Class: 1967K(2304K)->1967K(2304K)
[166.799s][info][gc             ] GC(357) Pause Young (Allocation Failure) 557M->11M(1979M) 47.940ms
[166.799s][info][gc,cpu         ] GC(357) User=0.05s Sys=0.00s Real=0.05s
[167.205s][info][gc,start       ] GC(358) Pause Young (Allocation Failure)
[167.256s][info][gc,heap        ] GC(358) DefNew: 560352K(629248K)->987K(629248K) Eden: 559360K(559360K)->0K(559360K) From: 992K(69888K)->987K(69888K)
[167.256s][info][gc,heap        ] GC(358) Tenured: 10343K(1398144K)->10411K(1398144K)
[167.256s][info][gc,metaspace   ] GC(358) Metaspace: 14317K(15296K)->14317K(15296K) NonClass: 12349K(12992K)->12349K(12992K) Class: 1967K(2304K)->1967K(2304K)
[167.256s][info][gc             ] GC(358) Pause Young (Allocation Failure) 557M->11M(1979M) 50.926ms
[167.256s][info][gc,cpu         ] GC(358) User=0.05s Sys=0.00s Real=0.05s
[167.665s][info][gc,start       ] GC(359) Pause Young (Allocation Failure)
[167.714s][info][gc,heap        ] GC(359) DefNew: 560347K(629248K)->985K(629248K) Eden: 559360K(559360K)->0K(559360K) From: 987K(69888K)->985K(69888K)
[167.714s][info][gc,heap        ] GC(359) Tenured: 10411K(1398144K)->10480K(1398144K)
[167.714s][info][gc,metaspace   ] GC(359) Metaspace: 14317K(15296K)->14317K(15296K) NonClass: 12349K(12992K)->12349K(12992K) Class: 1967K(2304K)->1967K(2304K)
[167.714s][info][gc             ] GC(359) Pause Young (Allocation Failure) 557M->11M(1979M) 49.165ms
[167.714s][info][gc,cpu         ] GC(359) User=0.05s Sys=0.00s Real=0.04s
[168.122s][info][gc,start       ] GC(360) Pause Young (Allocation Failure)
[168.176s][info][gc,heap        ] GC(360) DefNew: 560345K(629248K)->985K(629248K) Eden: 559360K(559360K)->0K(559360K) From: 985K(69888K)->985K(69888K)
[168.176s][info][gc,heap        ] GC(360) Tenured: 10480K(1398144K)->10542K(1398144K)
[168.176s][info][gc,metaspace   ] GC(360) Metaspace: 14317K(15296K)->14317K(15296K) NonClass: 12349K(12992K)->12349K(12992K) Class: 1967K(2304K)->1967K(2304K)
[168.176s][info][gc             ] GC(360) Pause Young (Allocation Failure) 557M->11M(1979M) 53.573ms
[168.176s][info][gc,cpu         ] GC(360) User=0.06s Sys=0.00s Real=0.05s
[168.589s][info][gc,start       ] GC(361) Pause Young (Allocation Failure)
[168.638s][info][gc,heap        ] GC(361) DefNew: 560345K(629248K)->988K(629248K) Eden: 559360K(559360K)->0K(559360K) From: 985K(69888K)->988K(69888K)
[168.638s][info][gc,heap        ] GC(361) Tenured: 10542K(1398144K)->10607K(1398144K)
[168.638s][info][gc,metaspace   ] GC(361) Metaspace: 14317K(15296K)->14317K(15296K) NonClass: 12349K(12992K)->12349K(12992K) Class: 1967K(2304K)->1967K(2304K)
[168.638s][info][gc             ] GC(361) Pause Young (Allocation Failure) 557M->11M(1979M) 49.023ms
[168.638s][info][gc,cpu         ] GC(361) User=0.05s Sys=0.00s Real=0.05s
[169.060s][info][gc,start       ] GC(362) Pause Young (Allocation Failure)
[169.097s][info][gc,heap        ] GC(362) DefNew: 560348K(629248K)->992K(629248K) Eden: 559360K(559360K)->0K(559360K) From: 988K(69888K)->992K(69888K)
[169.097s][info][gc,heap        ] GC(362) Tenured: 10607K(1398144K)->10672K(1398144K)
[169.097s][info][gc,metaspace   ] GC(362) Metaspace: 14317K(15296K)->14317K(15296K) NonClass: 12349K(12992K)->12349K(12992K) Class: 1967K(2304K)->1967K(2304K)
[169.097s][info][gc             ] GC(362) Pause Young (Allocation Failure) 557M->11M(1979M) 37.182ms
[169.097s][info][gc,cpu         ] GC(362) User=0.03s Sys=0.00s Real=0.03s
[169.524s][info][gc,start       ] GC(363) Pause Young (Allocation Failure)
[169.571s][info][gc,heap        ] GC(363) DefNew: 560352K(629248K)->996K(629248K) Eden: 559360K(559360K)->0K(559360K) From: 992K(69888K)->996K(69888K)
[169.571s][info][gc,heap        ] GC(363) Tenured: 10672K(1398144K)->10736K(1398144K)
[169.571s][info][gc,metaspace   ] GC(363) Metaspace: 14317K(15296K)->14317K(15296K) NonClass: 12349K(12992K)->12349K(12992K) Class: 1967K(2304K)->1967K(2304K)
[169.571s][info][gc             ] GC(363) Pause Young (Allocation Failure) 557M->11M(1979M) 47.922ms
[169.572s][info][gc,cpu         ] GC(363) User=0.03s Sys=0.00s Real=0.03s
[169.979s][info][gc,start       ] GC(364) Pause Young (Allocation Failure)
[170.030s][info][gc,heap        ] GC(364) DefNew: 560356K(629248K)->990K(629248K) Eden: 559360K(559360K)->0K(559360K) From: 996K(69888K)->990K(69888K)
[170.030s][info][gc,heap        ] GC(364) Tenured: 10736K(1398144K)->10804K(1398144K)
[170.030s][info][gc,metaspace   ] GC(364) Metaspace: 14317K(15296K)->14317K(15296K) NonClass: 12349K(12992K)->12349K(12992K) Class: 1967K(2304K)->1967K(2304K)
[170.030s][info][gc             ] GC(364) Pause Young (Allocation Failure) 557M->11M(1979M) 50.335ms
[170.030s][info][gc,cpu         ] GC(364) User=0.05s Sys=0.00s Real=0.05s
[170.437s][info][gc,start       ] GC(365) Pause Young (Allocation Failure)
[170.486s][info][gc,heap        ] GC(365) DefNew: 560350K(629248K)->989K(629248K) Eden: 559360K(559360K)->0K(559360K) From: 990K(69888K)->989K(69888K)
[170.486s][info][gc,heap        ] GC(365) Tenured: 10804K(1398144K)->10870K(1398144K)
[170.486s][info][gc,metaspace   ] GC(365) Metaspace: 14317K(15296K)->14317K(15296K) NonClass: 12349K(12992K)->12349K(12992K) Class: 1967K(2304K)->1967K(2304K)
[170.486s][info][gc             ] GC(365) Pause Young (Allocation Failure) 557M->11M(1979M) 48.724ms
[170.486s][info][gc,cpu         ] GC(365) User=0.05s Sys=0.00s Real=0.05s
[170.897s][info][gc,start       ] GC(366) Pause Young (Allocation Failure)
[170.950s][info][gc,heap        ] GC(366) DefNew: 560349K(629248K)->988K(629248K) Eden: 559360K(559360K)->0K(559360K) From: 989K(69888K)->988K(69888K)
[170.950s][info][gc,heap        ] GC(366) Tenured: 10870K(1398144K)->10935K(1398144K)
[170.950s][info][gc,metaspace   ] GC(366) Metaspace: 14317K(15296K)->14317K(15296K) NonClass: 12349K(12992K)->12349K(12992K) Class: 1967K(2304K)->1967K(2304K)
[170.950s][info][gc             ] GC(366) Pause Young (Allocation Failure) 557M->11M(1979M) 53.101ms
[170.950s][info][gc,cpu         ] GC(366) User=0.05s Sys=0.00s Real=0.05s
[171.489s][info][gc,start       ] GC(367) Pause Young (Allocation Failure)
[171.545s][info][gc,heap        ] GC(367) DefNew: 560348K(629248K)->990K(629248K) Eden: 559360K(559360K)->0K(559360K) From: 988K(69888K)->990K(69888K)
[171.545s][info][gc,heap        ] GC(367) Tenured: 10935K(1398144K)->10997K(1398144K)
[171.545s][info][gc,metaspace   ] GC(367) Metaspace: 14317K(15296K)->14317K(15296K) NonClass: 12349K(12992K)->12349K(12992K) Class: 1967K(2304K)->1967K(2304K)
[171.545s][info][gc             ] GC(367) Pause Young (Allocation Failure) 557M->11M(1979M) 55.211ms
[171.545s][info][gc,cpu         ] GC(367) User=0.05s Sys=0.00s Real=0.05s
[171.969s][info][gc,start       ] GC(368) Pause Young (Allocation Failure)
[172.006s][info][gc,heap        ] GC(368) DefNew: 560350K(629248K)->993K(629248K) Eden: 559360K(559360K)->0K(559360K) From: 990K(69888K)->993K(69888K)
[172.006s][info][gc,heap        ] GC(368) Tenured: 10997K(1398144K)->11063K(1398144K)
[172.006s][info][gc,metaspace   ] GC(368) Metaspace: 14317K(15296K)->14317K(15296K) NonClass: 12349K(12992K)->12349K(12992K) Class: 1967K(2304K)->1967K(2304K)
[172.006s][info][gc             ] GC(368) Pause Young (Allocation Failure) 557M->11M(1979M) 37.566ms
[172.006s][info][gc,cpu         ] GC(368) User=0.03s Sys=0.00s Real=0.03s
[172.417s][info][gc,start       ] GC(369) Pause Young (Allocation Failure)
[172.457s][info][gc,heap        ] GC(369) DefNew: 560353K(629248K)->992K(629248K) Eden: 559360K(559360K)->0K(559360K) From: 993K(69888K)->992K(69888K)
[172.457s][info][gc,heap        ] GC(369) Tenured: 11063K(1398144K)->11128K(1398144K)
[172.457s][info][gc,metaspace   ] GC(369) Metaspace: 14317K(15296K)->14317K(15296K) NonClass: 12349K(12992K)->12349K(12992K) Class: 1967K(2304K)->1967K(2304K)
[172.457s][info][gc             ] GC(369) Pause Young (Allocation Failure) 558M->11M(1979M) 40.073ms
[172.457s][info][gc,cpu         ] GC(369) User=0.05s Sys=0.00s Real=0.04s
[172.881s][info][gc,start       ] GC(370) Pause Young (Allocation Failure)
[172.930s][info][gc,heap        ] GC(370) DefNew: 560352K(629248K)->995K(629248K) Eden: 559360K(559360K)->0K(559360K) From: 992K(69888K)->995K(69888K)
[172.930s][info][gc,heap        ] GC(370) Tenured: 11128K(1398144K)->11193K(1398144K)
[172.930s][info][gc,metaspace   ] GC(370) Metaspace: 14317K(15296K)->14317K(15296K) NonClass: 12349K(12992K)->12349K(12992K) Class: 1967K(2304K)->1967K(2304K)
[172.930s][info][gc             ] GC(370) Pause Young (Allocation Failure) 558M->11M(1979M) 49.537ms
[172.930s][info][gc,cpu         ] GC(370) User=0.05s Sys=0.00s Real=0.05s
[173.339s][info][gc,start       ] GC(371) Pause Young (Allocation Failure)
[173.389s][info][gc,heap        ] GC(371) DefNew: 560355K(629248K)->995K(629248K) Eden: 559360K(559360K)->0K(559360K) From: 995K(69888K)->995K(69888K)
[173.389s][info][gc,heap        ] GC(371) Tenured: 11193K(1398144K)->11258K(1398144K)
[173.389s][info][gc,metaspace   ] GC(371) Metaspace: 14317K(15296K)->14317K(15296K) NonClass: 12349K(12992K)->12349K(12992K) Class: 1967K(2304K)->1967K(2304K)
[173.389s][info][gc             ] GC(371) Pause Young (Allocation Failure) 558M->11M(1979M) 50.124ms
[173.389s][info][gc,cpu         ] GC(371) User=0.05s Sys=0.00s Real=0.04s
[173.796s][info][gc,start       ] GC(372) Pause Young (Allocation Failure)
[173.847s][info][gc,heap        ] GC(372) DefNew: 560355K(629248K)->988K(629248K) Eden: 559360K(559360K)->0K(559360K) From: 995K(69888K)->988K(69888K)
[173.847s][info][gc,heap        ] GC(372) Tenured: 11258K(1398144K)->11326K(1398144K)
[173.847s][info][gc,metaspace   ] GC(372) Metaspace: 14317K(15296K)->14317K(15296K) NonClass: 12349K(12992K)->12349K(12992K) Class: 1967K(2304K)->1967K(2304K)
[173.847s][info][gc             ] GC(372) Pause Young (Allocation Failure) 558M->12M(1979M) 51.045ms
[173.847s][info][gc,cpu         ] GC(372) User=0.05s Sys=0.00s Real=0.05s
[174.256s][info][gc,start       ] GC(373) Pause Young (Allocation Failure)
[174.310s][info][gc,heap        ] GC(373) DefNew: 560348K(629248K)->991K(629248K) Eden: 559360K(559360K)->0K(559360K) From: 988K(69888K)->991K(69888K)
[174.310s][info][gc,heap        ] GC(373) Tenured: 11326K(1398144K)->11388K(1398144K)
[174.310s][info][gc,metaspace   ] GC(373) Metaspace: 14317K(15296K)->14317K(15296K) NonClass: 12349K(12992K)->12349K(12992K) Class: 1967K(2304K)->1967K(2304K)
[174.310s][info][gc             ] GC(373) Pause Young (Allocation Failure) 558M->12M(1979M) 53.245ms
[174.310s][info][gc,cpu         ] GC(373) User=0.05s Sys=0.00s Real=0.04s
[174.725s][info][gc,start       ] GC(374) Pause Young (Allocation Failure)
[174.774s][info][gc,heap        ] GC(374) DefNew: 560351K(629248K)->987K(629248K) Eden: 559360K(559360K)->0K(559360K) From: 991K(69888K)->987K(69888K)
[174.774s][info][gc,heap        ] GC(374) Tenured: 11388K(1398144K)->11457K(1398144K)
[174.774s][info][gc,metaspace   ] GC(374) Metaspace: 14317K(15296K)->14317K(15296K) NonClass: 12349K(12992K)->12349K(12992K) Class: 1967K(2304K)->1967K(2304K)
[174.774s][info][gc             ] GC(374) Pause Young (Allocation Failure) 558M->12M(1979M) 49.325ms
[174.774s][info][gc,cpu         ] GC(374) User=0.05s Sys=0.00s Real=0.05s
[175.235s][info][gc,start       ] GC(375) Pause Young (Allocation Failure)
[175.282s][info][gc,heap        ] GC(375) DefNew: 560347K(629248K)->995K(629248K) Eden: 559360K(559360K)->0K(559360K) From: 987K(69888K)->995K(69888K)
[175.283s][info][gc,heap        ] GC(375) Tenured: 11457K(1398144K)->11518K(1398144K)
[175.283s][info][gc,metaspace   ] GC(375) Metaspace: 14317K(15296K)->14317K(15296K) NonClass: 12349K(12992K)->12349K(12992K) Class: 1967K(2304K)->1967K(2304K)
[175.283s][info][gc             ] GC(375) Pause Young (Allocation Failure) 558M->12M(1979M) 47.970ms
[175.283s][info][gc,cpu         ] GC(375) User=0.05s Sys=0.00s Real=0.05s
[175.697s][info][gc,start       ] GC(376) Pause Young (Allocation Failure)
[175.740s][info][gc,heap        ] GC(376) DefNew: 560355K(629248K)->990K(629248K) Eden: 559360K(559360K)->0K(559360K) From: 995K(69888K)->990K(69888K)
[175.740s][info][gc,heap        ] GC(376) Tenured: 11518K(1398144K)->11587K(1398144K)
[175.740s][info][gc,metaspace   ] GC(376) Metaspace: 14317K(15296K)->14317K(15296K) NonClass: 12349K(12992K)->12349K(12992K) Class: 1967K(2304K)->1967K(2304K)
[175.740s][info][gc             ] GC(376) Pause Young (Allocation Failure) 558M->12M(1979M) 43.334ms
[175.740s][info][gc,cpu         ] GC(376) User=0.05s Sys=0.00s Real=0.04s
[176.112s][info][gc,start       ] GC(377) Pause Full (System.gc())
[176.112s][info][gc,phases,start] GC(377) Phase 1: Mark live objects
[176.154s][info][gc,phases      ] GC(377) Phase 1: Mark live objects 42.257ms
[176.154s][info][gc,phases,start] GC(377) Phase 2: Compute new object addresses
[176.249s][info][gc,phases      ] GC(377) Phase 2: Compute new object addresses 94.743ms
[176.249s][info][gc,phases,start] GC(377) Phase 3: Adjust pointers
[176.274s][info][gc,phases      ] GC(377) Phase 3: Adjust pointers 24.977ms
[176.274s][info][gc,phases,start] GC(377) Phase 4: Move objects
[176.274s][info][gc,phases      ] GC(377) Phase 4: Move objects 0.021ms
[176.274s][info][gc,heap        ] GC(377) DefNew: 401271K(629248K)->0K(629248K) Eden: 400281K(559360K)->0K(559360K) From: 990K(69888K)->0K(69888K)
[176.274s][info][gc,heap        ] GC(377) Tenured: 11587K(1398144K)->11587K(1398144K)
[176.274s][info][gc,metaspace   ] GC(377) Metaspace: 14317K(15296K)->14317K(15296K) NonClass: 12349K(12992K)->12349K(12992K) Class: 1967K(2304K)->1967K(2304K)
[176.274s][info][gc             ] GC(377) Pause Full (System.gc()) 403M->11M(1979M) 162.490ms
[176.274s][info][gc,cpu         ] GC(377) User=0.16s Sys=0.00s Real=0.16s
[176.611s][info][gc,start       ] GC(378) Pause Young (Allocation Failure)
[176.645s][info][gc,heap        ] GC(378) DefNew: 559360K(629248K)->1512K(629248K) Eden: 559360K(559360K)->0K(559360K) From: 0K(69888K)->1512K(69888K)
[176.645s][info][gc,heap        ] GC(378) Tenured: 11587K(1398144K)->11587K(1398144K)
[176.645s][info][gc,metaspace   ] GC(378) Metaspace: 14317K(15296K)->14317K(15296K) NonClass: 12349K(12992K)->12349K(12992K) Class: 1967K(2304K)->1967K(2304K)
[176.645s][info][gc             ] GC(378) Pause Young (Allocation Failure) 557M->12M(1979M) 34.192ms
[176.645s][info][gc,cpu         ] GC(378) User=0.03s Sys=0.00s Real=0.02s
[177.033s][info][gc,start       ] GC(379) Pause Young (Allocation Failure)
[177.072s][info][gc,heap        ] GC(379) DefNew: 560872K(629248K)->1573K(629248K) Eden: 559360K(559360K)->0K(559360K) From: 1512K(69888K)->1573K(69888K)
[177.072s][info][gc,heap        ] GC(379) Tenured: 11587K(1398144K)->11587K(1398144K)
[177.072s][info][gc,metaspace   ] GC(379) Metaspace: 14317K(15296K)->14317K(15296K) NonClass: 12349K(12992K)->12349K(12992K) Class: 1967K(2304K)->1967K(2304K)
[177.072s][info][gc             ] GC(379) Pause Young (Allocation Failure) 559M->12M(1979M) 39.273ms
[177.072s][info][gc,cpu         ] GC(379) User=0.03s Sys=0.00s Real=0.03s
[177.481s][info][gc,start       ] GC(380) Pause Young (Allocation Failure)
[177.524s][info][gc,heap        ] GC(380) DefNew: 560933K(629248K)->1638K(629248K) Eden: 559360K(559360K)->0K(559360K) From: 1573K(69888K)->1638K(69888K)
[177.524s][info][gc,heap        ] GC(380) Tenured: 11587K(1398144K)->11587K(1398144K)
[177.524s][info][gc,metaspace   ] GC(380) Metaspace: 14317K(15296K)->14317K(15296K) NonClass: 12349K(12992K)->12349K(12992K) Class: 1967K(2304K)->1967K(2304K)
[177.524s][info][gc             ] GC(380) Pause Young (Allocation Failure) 559M->12M(1979M) 43.164ms
[177.524s][info][gc,cpu         ] GC(380) User=0.05s Sys=0.00s Real=0.04s
[177.921s][info][gc,start       ] GC(381) Pause Young (Allocation Failure)
[177.975s][info][gc,heap        ] GC(381) DefNew: 560998K(629248K)->1700K(629248K) Eden: 559360K(559360K)->0K(559360K) From: 1638K(69888K)->1700K(69888K)
[177.975s][info][gc,heap        ] GC(381) Tenured: 11587K(1398144K)->11587K(1398144K)
[177.975s][info][gc,metaspace   ] GC(381) Metaspace: 14317K(15296K)->14317K(15296K) NonClass: 12349K(12992K)->12349K(12992K) Class: 1967K(2304K)->1967K(2304K)
[177.975s][info][gc             ] GC(381) Pause Young (Allocation Failure) 559M->12M(1979M) 53.578ms
[177.975s][info][gc,cpu         ] GC(381) User=0.05s Sys=0.00s Real=0.04s
[178.406s][info][gc,start       ] GC(382) Pause Young (Allocation Failure)
[178.464s][info][gc,heap        ] GC(382) DefNew: 561060K(629248K)->1768K(629248K) Eden: 559360K(559360K)->0K(559360K) From: 1700K(69888K)->1768K(69888K)
[178.464s][info][gc,heap        ] GC(382) Tenured: 11587K(1398144K)->11587K(1398144K)
[178.464s][info][gc,metaspace   ] GC(382) Metaspace: 14317K(15296K)->14317K(15296K) NonClass: 12349K(12992K)->12349K(12992K) Class: 1967K(2304K)->1967K(2304K)
[178.464s][info][gc             ] GC(382) Pause Young (Allocation Failure) 559M->13M(1979M) 57.680ms
[178.464s][info][gc,cpu         ] GC(382) User=0.06s Sys=0.00s Real=0.06s
[178.896s][info][gc,start       ] GC(383) Pause Young (Allocation Failure)
[178.949s][info][gc,heap        ] GC(383) DefNew: 561128K(629248K)->1834K(629248K) Eden: 559360K(559360K)->0K(559360K) From: 1768K(69888K)->1834K(69888K)
[178.949s][info][gc,heap        ] GC(383) Tenured: 11587K(1398144K)->11587K(1398144K)
[178.949s][info][gc,metaspace   ] GC(383) Metaspace: 14317K(15296K)->14317K(15296K) NonClass: 12349K(12992K)->12349K(12992K) Class: 1967K(2304K)->1967K(2304K)
[178.949s][info][gc             ] GC(383) Pause Young (Allocation Failure) 559M->13M(1979M) 53.664ms
[178.949s][info][gc,cpu         ] GC(383) User=0.05s Sys=0.00s Real=0.05s
[179.383s][info][gc,start       ] GC(384) Pause Young (Allocation Failure)
[179.429s][info][gc,heap        ] GC(384) DefNew: 561194K(629248K)->1902K(629248K) Eden: 559360K(559360K)->0K(559360K) From: 1834K(69888K)->1902K(69888K)
[179.429s][info][gc,heap        ] GC(384) Tenured: 11587K(1398144K)->11587K(1398144K)
[179.429s][info][gc,metaspace   ] GC(384) Metaspace: 14317K(15296K)->14317K(15296K) NonClass: 12349K(12992K)->12349K(12992K) Class: 1967K(2304K)->1967K(2304K)
[179.429s][info][gc             ] GC(384) Pause Young (Allocation Failure) 559M->13M(1979M) 46.302ms
[179.429s][info][gc,cpu         ] GC(384) User=0.03s Sys=0.00s Real=0.04s
[179.850s][info][gc,start       ] GC(385) Pause Young (Allocation Failure)
[179.902s][info][gc,heap        ] GC(385) DefNew: 561262K(629248K)->1967K(629248K) Eden: 559360K(559360K)->0K(559360K) From: 1902K(69888K)->1967K(69888K)
[179.902s][info][gc,heap        ] GC(385) Tenured: 11587K(1398144K)->11587K(1398144K)
[179.902s][info][gc,metaspace   ] GC(385) Metaspace: 14317K(15296K)->14317K(15296K) NonClass: 12349K(12992K)->12349K(12992K) Class: 1967K(2304K)->1967K(2304K)
[179.902s][info][gc             ] GC(385) Pause Young (Allocation Failure) 559M->13M(1979M) 52.214ms
[179.903s][info][gc,cpu         ] GC(385) User=0.05s Sys=0.00s Real=0.05s
[180.288s][info][gc,start       ] GC(386) Pause Young (Allocation Failure)
[180.337s][info][gc,heap        ] GC(386) DefNew: 561327K(629248K)->2025K(629248K) Eden: 559360K(559360K)->0K(559360K) From: 1967K(69888K)->2025K(69888K)
[180.337s][info][gc,heap        ] GC(386) Tenured: 11587K(1398144K)->11587K(1398144K)
[180.337s][info][gc,metaspace   ] GC(386) Metaspace: 14317K(15296K)->14317K(15296K) NonClass: 12349K(12992K)->12349K(12992K) Class: 1967K(2304K)->1967K(2304K)
[180.337s][info][gc             ] GC(386) Pause Young (Allocation Failure) 559M->13M(1979M) 48.608ms
[180.337s][info][gc,cpu         ] GC(386) User=0.05s Sys=0.00s Real=0.05s
[180.739s][info][gc,start       ] GC(387) Pause Young (Allocation Failure)
[180.793s][info][gc,heap        ] GC(387) DefNew: 561385K(629248K)->2091K(629248K) Eden: 559360K(559360K)->0K(559360K) From: 2025K(69888K)->2091K(69888K)
[180.793s][info][gc,heap        ] GC(387) Tenured: 11587K(1398144K)->11587K(1398144K)
[180.793s][info][gc,metaspace   ] GC(387) Metaspace: 14317K(15296K)->14317K(15296K) NonClass: 12349K(12992K)->12349K(12992K) Class: 1967K(2304K)->1967K(2304K)
[180.793s][info][gc             ] GC(387) Pause Young (Allocation Failure) 559M->13M(1979M) 54.040ms
[180.793s][info][gc,cpu         ] GC(387) User=0.03s Sys=0.00s Real=0.04s
[181.181s][info][gc,start       ] GC(388) Pause Young (Allocation Failure)
[181.232s][info][gc,heap        ] GC(388) DefNew: 561451K(629248K)->2153K(629248K) Eden: 559360K(559360K)->0K(559360K) From: 2091K(69888K)->2153K(69888K)
[181.232s][info][gc,heap        ] GC(388) Tenured: 11587K(1398144K)->11587K(1398144K)
[181.233s][info][gc,metaspace   ] GC(388) Metaspace: 14317K(15296K)->14317K(15296K) NonClass: 12349K(12992K)->12349K(12992K) Class: 1967K(2304K)->1967K(2304K)
[181.233s][info][gc             ] GC(388) Pause Young (Allocation Failure) 559M->13M(1979M) 52.002ms
[181.233s][info][gc,cpu         ] GC(388) User=0.05s Sys=0.00s Real=0.05s
[181.651s][info][gc,start       ] GC(389) Pause Young (Allocation Failure)
[181.709s][info][gc,heap        ] GC(389) DefNew: 561513K(629248K)->2219K(629248K) Eden: 559360K(559360K)->0K(559360K) From: 2153K(69888K)->2219K(69888K)
[181.709s][info][gc,heap        ] GC(389) Tenured: 11587K(1398144K)->11587K(1398144K)
[181.709s][info][gc,metaspace   ] GC(389) Metaspace: 14317K(15296K)->14317K(15296K) NonClass: 12349K(12992K)->12349K(12992K) Class: 1967K(2304K)->1967K(2304K)
[181.709s][info][gc             ] GC(389) Pause Young (Allocation Failure) 559M->13M(1979M) 57.879ms
[181.709s][info][gc,cpu         ] GC(389) User=0.05s Sys=0.00s Real=0.05s
[182.116s][info][gc,start       ] GC(390) Pause Young (Allocation Failure)
[182.163s][info][gc,heap        ] GC(390) DefNew: 561579K(629248K)->2284K(629248K) Eden: 559360K(559360K)->0K(559360K) From: 2219K(69888K)->2284K(69888K)
[182.163s][info][gc,heap        ] GC(390) Tenured: 11587K(1398144K)->11587K(1398144K)
[182.163s][info][gc,metaspace   ] GC(390) Metaspace: 14317K(15296K)->14317K(15296K) NonClass: 12349K(12992K)->12349K(12992K) Class: 1967K(2304K)->1967K(2304K)
[182.163s][info][gc             ] GC(390) Pause Young (Allocation Failure) 559M->13M(1979M) 46.642ms
[182.163s][info][gc,cpu         ] GC(390) User=0.05s Sys=0.00s Real=0.05s
[182.569s][info][gc,start       ] GC(391) Pause Young (Allocation Failure)
[182.620s][info][gc,heap        ] GC(391) DefNew: 561644K(629248K)->2348K(629248K) Eden: 559360K(559360K)->0K(559360K) From: 2284K(69888K)->2348K(69888K)
[182.620s][info][gc,heap        ] GC(391) Tenured: 11587K(1398144K)->11587K(1398144K)
[182.620s][info][gc,metaspace   ] GC(391) Metaspace: 14317K(15296K)->14317K(15296K) NonClass: 12349K(12992K)->12349K(12992K) Class: 1967K(2304K)->1967K(2304K)
[182.620s][info][gc             ] GC(391) Pause Young (Allocation Failure) 559M->13M(1979M) 50.524ms
[182.620s][info][gc,cpu         ] GC(391) User=0.05s Sys=0.00s Real=0.05s
[183.044s][info][gc,start       ] GC(392) Pause Young (Allocation Failure)
[183.096s][info][gc,heap        ] GC(392) DefNew: 561708K(629248K)->2417K(629248K) Eden: 559360K(559360K)->0K(559360K) From: 2348K(69888K)->2417K(69888K)
[183.096s][info][gc,heap        ] GC(392) Tenured: 11587K(1398144K)->11587K(1398144K)
[183.096s][info][gc,metaspace   ] GC(392) Metaspace: 14317K(15296K)->14317K(15296K) NonClass: 12349K(12992K)->12349K(12992K) Class: 1967K(2304K)->1967K(2304K)
[183.096s][info][gc             ] GC(392) Pause Young (Allocation Failure) 559M->13M(1979M) 51.882ms
[183.096s][info][gc,cpu         ] GC(392) User=0.05s Sys=0.00s Real=0.05s
[183.497s][info][gc,start       ] GC(393) Pause Young (Allocation Failure)
[183.550s][info][gc,heap        ] GC(393) DefNew: 561777K(629248K)->975K(629248K) Eden: 559360K(559360K)->0K(559360K) From: 2417K(69888K)->975K(69888K)
[183.550s][info][gc,heap        ] GC(393) Tenured: 11587K(1398144K)->13091K(1398144K)
[183.550s][info][gc,metaspace   ] GC(393) Metaspace: 14317K(15296K)->14317K(15296K) NonClass: 12349K(12992K)->12349K(12992K) Class: 1967K(2304K)->1967K(2304K)
[183.550s][info][gc             ] GC(393) Pause Young (Allocation Failure) 559M->13M(1979M) 52.796ms
[183.550s][info][gc,cpu         ] GC(393) User=0.06s Sys=0.00s Real=0.05s
[183.952s][info][gc,start       ] GC(394) Pause Young (Allocation Failure)
[184.006s][info][gc,heap        ] GC(394) DefNew: 560335K(629248K)->980K(629248K) Eden: 559360K(559360K)->0K(559360K) From: 975K(69888K)->980K(69888K)
[184.006s][info][gc,heap        ] GC(394) Tenured: 13091K(1398144K)->13153K(1398144K)
[184.006s][info][gc,metaspace   ] GC(394) Metaspace: 14317K(15296K)->14317K(15296K) NonClass: 12349K(12992K)->12349K(12992K) Class: 1967K(2304K)->1967K(2304K)
[184.006s][info][gc             ] GC(394) Pause Young (Allocation Failure) 559M->13M(1979M) 53.555ms
[184.006s][info][gc,cpu         ] GC(394) User=0.06s Sys=0.00s Real=0.05s
[184.411s][info][gc,start       ] GC(395) Pause Young (Allocation Failure)
[184.461s][info][gc,heap        ] GC(395) DefNew: 560340K(629248K)->979K(629248K) Eden: 559360K(559360K)->0K(559360K) From: 980K(69888K)->979K(69888K)
[184.461s][info][gc,heap        ] GC(395) Tenured: 13153K(1398144K)->13217K(1398144K)
[184.461s][info][gc,metaspace   ] GC(395) Metaspace: 14317K(15296K)->14317K(15296K) NonClass: 12349K(12992K)->12349K(12992K) Class: 1967K(2304K)->1967K(2304K)
[184.461s][info][gc             ] GC(395) Pause Young (Allocation Failure) 560M->13M(1979M) 50.122ms
[184.461s][info][gc,cpu         ] GC(395) User=0.03s Sys=0.00s Real=0.04s
[184.869s][info][gc,start       ] GC(396) Pause Young (Allocation Failure)
[184.923s][info][gc,heap        ] GC(396) DefNew: 560339K(629248K)->981K(629248K) Eden: 559360K(559360K)->0K(559360K) From: 979K(69888K)->981K(69888K)
[184.923s][info][gc,heap        ] GC(396) Tenured: 13217K(1398144K)->13280K(1398144K)
[184.923s][info][gc,metaspace   ] GC(396) Metaspace: 14317K(15296K)->14317K(15296K) NonClass: 12349K(12992K)->12349K(12992K) Class: 1967K(2304K)->1967K(2304K)
[184.923s][info][gc             ] GC(396) Pause Young (Allocation Failure) 560M->13M(1979M) 53.970ms
[184.923s][info][gc,cpu         ] GC(396) User=0.05s Sys=0.00s Real=0.05s
[185.354s][info][gc,start       ] GC(397) Pause Young (Allocation Failure)
[185.401s][info][gc,heap        ] GC(397) DefNew: 560341K(629248K)->976K(629248K) Eden: 559360K(559360K)->0K(559360K) From: 981K(69888K)->976K(69888K)
[185.401s][info][gc,heap        ] GC(397) Tenured: 13280K(1398144K)->13347K(1398144K)
[185.401s][info][gc,metaspace   ] GC(397) Metaspace: 14317K(15296K)->14317K(15296K) NonClass: 12349K(12992K)->12349K(12992K) Class: 1967K(2304K)->1967K(2304K)
[185.401s][info][gc             ] GC(397) Pause Young (Allocation Failure) 560M->13M(1979M) 46.790ms
[185.401s][info][gc,cpu         ] GC(397) User=0.03s Sys=0.00s Real=0.03s
[185.817s][info][gc,start       ] GC(398) Pause Young (Allocation Failure)
[185.866s][info][gc,heap        ] GC(398) DefNew: 560336K(629248K)->979K(629248K) Eden: 559360K(559360K)->0K(559360K) From: 976K(69888K)->979K(69888K)
[185.866s][info][gc,heap        ] GC(398) Tenured: 13347K(1398144K)->13412K(1398144K)
[185.866s][info][gc,metaspace   ] GC(398) Metaspace: 14317K(15296K)->14317K(15296K) NonClass: 12349K(12992K)->12349K(12992K) Class: 1967K(2304K)->1967K(2304K)
[185.866s][info][gc             ] GC(398) Pause Young (Allocation Failure) 560M->14M(1979M) 49.516ms
[185.866s][info][gc,cpu         ] GC(398) User=0.05s Sys=0.00s Real=0.05s
[186.269s][info][gc,start       ] GC(399) Pause Young (Allocation Failure)
[186.320s][info][gc,heap        ] GC(399) DefNew: 560339K(629248K)->975K(629248K) Eden: 559360K(559360K)->0K(559360K) From: 979K(69888K)->975K(69888K)
[186.321s][info][gc,heap        ] GC(399) Tenured: 13412K(1398144K)->13480K(1398144K)
[186.321s][info][gc,metaspace   ] GC(399) Metaspace: 14317K(15296K)->14317K(15296K) NonClass: 12349K(12992K)->12349K(12992K) Class: 1967K(2304K)->1967K(2304K)
[186.321s][info][gc             ] GC(399) Pause Young (Allocation Failure) 560M->14M(1979M) 51.661ms
[186.321s][info][gc,cpu         ] GC(399) User=0.05s Sys=0.00s Real=0.05s
[186.723s][info][gc,start       ] GC(400) Pause Young (Allocation Failure)
[186.775s][info][gc,heap        ] GC(400) DefNew: 560335K(629248K)->971K(629248K) Eden: 559360K(559360K)->0K(559360K) From: 975K(69888K)->971K(69888K)
[186.775s][info][gc,heap        ] GC(400) Tenured: 13480K(1398144K)->13545K(1398144K)
[186.775s][info][gc,metaspace   ] GC(400) Metaspace: 14317K(15296K)->14317K(15296K) NonClass: 12349K(12992K)->12349K(12992K) Class: 1967K(2304K)->1967K(2304K)
[186.775s][info][gc             ] GC(400) Pause Young (Allocation Failure) 560M->14M(1979M) 51.917ms
[186.775s][info][gc,cpu         ] GC(400) User=0.05s Sys=0.00s Real=0.05s
[187.180s][info][gc,start       ] GC(401) Pause Young (Allocation Failure)
[187.232s][info][gc,heap        ] GC(401) DefNew: 560331K(629248K)->980K(629248K) Eden: 559360K(559360K)->0K(559360K) From: 971K(69888K)->980K(69888K)
[187.232s][info][gc,heap        ] GC(401) Tenured: 13545K(1398144K)->13604K(1398144K)
[187.232s][info][gc,metaspace   ] GC(401) Metaspace: 14317K(15296K)->14317K(15296K) NonClass: 12349K(12992K)->12349K(12992K) Class: 1967K(2304K)->1967K(2304K)
[187.232s][info][gc             ] GC(401) Pause Young (Allocation Failure) 560M->14M(1979M) 51.720ms
[187.232s][info][gc,cpu         ] GC(401) User=0.05s Sys=0.00s Real=0.05s
[187.639s][info][gc,start       ] GC(402) Pause Young (Allocation Failure)
[187.695s][info][gc,heap        ] GC(402) DefNew: 560340K(629248K)->980K(629248K) Eden: 559360K(559360K)->0K(559360K) From: 980K(69888K)->980K(69888K)
[187.695s][info][gc,heap        ] GC(402) Tenured: 13604K(1398144K)->13669K(1398144K)
[187.695s][info][gc,metaspace   ] GC(402) Metaspace: 14317K(15296K)->14317K(15296K) NonClass: 12349K(12992K)->12349K(12992K) Class: 1967K(2304K)->1967K(2304K)
[187.695s][info][gc             ] GC(402) Pause Young (Allocation Failure) 560M->14M(1979M) 55.573ms
[187.695s][info][gc,cpu         ] GC(402) User=0.06s Sys=0.00s Real=0.06s
[188.100s][info][gc,start       ] GC(403) Pause Young (Allocation Failure)
[188.153s][info][gc,heap        ] GC(403) DefNew: 560340K(629248K)->982K(629248K) Eden: 559360K(559360K)->0K(559360K) From: 980K(69888K)->982K(69888K)
[188.153s][info][gc,heap        ] GC(403) Tenured: 13669K(1398144K)->13731K(1398144K)
[188.153s][info][gc,metaspace   ] GC(403) Metaspace: 14317K(15296K)->14317K(15296K) NonClass: 12349K(12992K)->12349K(12992K) Class: 1967K(2304K)->1967K(2304K)
[188.153s][info][gc             ] GC(403) Pause Young (Allocation Failure) 560M->14M(1979M) 52.588ms
[188.153s][info][gc,cpu         ] GC(403) User=0.05s Sys=0.00s Real=0.05s
[188.575s][info][gc,start       ] GC(404) Pause Young (Allocation Failure)
[188.623s][info][gc,heap        ] GC(404) DefNew: 560342K(629248K)->982K(629248K) Eden: 559360K(559360K)->0K(559360K) From: 982K(69888K)->982K(69888K)
[188.623s][info][gc,heap        ] GC(404) Tenured: 13731K(1398144K)->13796K(1398144K)
[188.623s][info][gc,metaspace   ] GC(404) Metaspace: 14317K(15296K)->14317K(15296K) NonClass: 12349K(12992K)->12349K(12992K) Class: 1967K(2304K)->1967K(2304K)
[188.624s][info][gc             ] GC(404) Pause Young (Allocation Failure) 560M->14M(1979M) 48.197ms
[188.624s][info][gc,cpu         ] GC(404) User=0.05s Sys=0.00s Real=0.04s
[189.025s][info][gc,start       ] GC(405) Pause Young (Allocation Failure)
[189.076s][info][gc,heap        ] GC(405) DefNew: 560342K(629248K)->982K(629248K) Eden: 559360K(559360K)->0K(559360K) From: 982K(69888K)->982K(69888K)
[189.076s][info][gc,heap        ] GC(405) Tenured: 13796K(1398144K)->13861K(1398144K)
[189.076s][info][gc,metaspace   ] GC(405) Metaspace: 14317K(15296K)->14317K(15296K) NonClass: 12349K(12992K)->12349K(12992K) Class: 1967K(2304K)->1967K(2304K)
[189.076s][info][gc             ] GC(405) Pause Young (Allocation Failure) 560M->14M(1979M) 51.683ms
[189.076s][info][gc,cpu         ] GC(405) User=0.05s Sys=0.00s Real=0.05s
[189.490s][info][gc,start       ] GC(406) Pause Young (Allocation Failure)
[189.544s][info][gc,heap        ] GC(406) DefNew: 560342K(629248K)->985K(629248K) Eden: 559360K(559360K)->0K(559360K) From: 982K(69888K)->985K(69888K)
[189.544s][info][gc,heap        ] GC(406) Tenured: 13861K(1398144K)->13926K(1398144K)
[189.544s][info][gc,metaspace   ] GC(406) Metaspace: 14317K(15296K)->14317K(15296K) NonClass: 12349K(12992K)->12349K(12992K) Class: 1967K(2304K)->1967K(2304K)
[189.544s][info][gc             ] GC(406) Pause Young (Allocation Failure) 560M->14M(1979M) 54.145ms
[189.544s][info][gc,cpu         ] GC(406) User=0.05s Sys=0.00s Real=0.05s
[189.950s][info][gc,start       ] GC(407) Pause Young (Allocation Failure)
[190.002s][info][gc,heap        ] GC(407) DefNew: 560345K(629248K)->979K(629248K) Eden: 559360K(559360K)->0K(559360K) From: 985K(69888K)->979K(69888K)
[190.002s][info][gc,heap        ] GC(407) Tenured: 13926K(1398144K)->13994K(1398144K)
[190.002s][info][gc,metaspace   ] GC(407) Metaspace: 14317K(15296K)->14317K(15296K) NonClass: 12349K(12992K)->12349K(12992K) Class: 1967K(2304K)->1967K(2304K)
[190.002s][info][gc             ] GC(407) Pause Young (Allocation Failure) 560M->14M(1979M) 52.522ms
[190.002s][info][gc,cpu         ] GC(407) User=0.05s Sys=0.00s Real=0.05s
[190.404s][info][gc,start       ] GC(408) Pause Young (Allocation Failure)
[190.457s][info][gc,heap        ] GC(408) DefNew: 560339K(629248K)->980K(629248K) Eden: 559359K(559360K)->0K(559360K) From: 979K(69888K)->980K(69888K)
[190.457s][info][gc,heap        ] GC(408) Tenured: 13994K(1398144K)->14057K(1398144K)
[190.457s][info][gc,metaspace   ] GC(408) Metaspace: 14317K(15296K)->14317K(15296K) NonClass: 12349K(12992K)->12349K(12992K) Class: 1967K(2304K)->1967K(2304K)
[190.457s][info][gc             ] GC(408) Pause Young (Allocation Failure) 560M->14M(1979M) 53.489ms
[190.457s][info][gc,cpu         ] GC(408) User=0.05s Sys=0.00s Real=0.05s
[190.960s][info][gc,start       ] GC(409) Pause Young (Allocation Failure)
[191.018s][info][gc,heap        ] GC(409) DefNew: 560340K(629248K)->980K(629248K) Eden: 559360K(559360K)->0K(559360K) From: 980K(69888K)->980K(69888K)
[191.018s][info][gc,heap        ] GC(409) Tenured: 14057K(1398144K)->14121K(1398144K)
[191.018s][info][gc,metaspace   ] GC(409) Metaspace: 14317K(15296K)->14317K(15296K) NonClass: 12349K(12992K)->12349K(12992K) Class: 1967K(2304K)->1967K(2304K)
[191.018s][info][gc             ] GC(409) Pause Young (Allocation Failure) 560M->14M(1979M) 57.824ms
[191.018s][info][gc,cpu         ] GC(409) User=0.05s Sys=0.00s Real=0.05s
[191.435s][info][gc,start       ] GC(410) Pause Young (Allocation Failure)
[191.474s][info][gc,heap        ] GC(410) DefNew: 560340K(629248K)->983K(629248K) Eden: 559360K(559360K)->0K(559360K) From: 980K(69888K)->983K(69888K)
[191.474s][info][gc,heap        ] GC(410) Tenured: 14121K(1398144K)->14186K(1398144K)
[191.474s][info][gc,metaspace   ] GC(410) Metaspace: 14317K(15296K)->14317K(15296K) NonClass: 12349K(12992K)->12349K(12992K) Class: 1967K(2304K)->1967K(2304K)
[191.474s][info][gc             ] GC(410) Pause Young (Allocation Failure) 560M->14M(1979M) 39.166ms
[191.474s][info][gc,cpu         ] GC(410) User=0.05s Sys=0.00s Real=0.04s
[191.877s][info][gc,start       ] GC(411) Pause Young (Allocation Failure)
[191.927s][info][gc,heap        ] GC(411) DefNew: 560343K(629248K)->983K(629248K) Eden: 559360K(559360K)->0K(559360K) From: 983K(69888K)->983K(69888K)
[191.927s][info][gc,heap        ] GC(411) Tenured: 14186K(1398144K)->14251K(1398144K)
[191.927s][info][gc,metaspace   ] GC(411) Metaspace: 14317K(15296K)->14317K(15296K) NonClass: 12349K(12992K)->12349K(12992K) Class: 1967K(2304K)->1967K(2304K)
[191.927s][info][gc             ] GC(411) Pause Young (Allocation Failure) 561M->14M(1979M) 49.744ms
[191.927s][info][gc,cpu         ] GC(411) User=0.05s Sys=0.00s Real=0.04s
[192.342s][info][gc,start       ] GC(412) Pause Young (Allocation Failure)
[192.389s][info][gc,heap        ] GC(412) DefNew: 560343K(629248K)->985K(629248K) Eden: 559360K(559360K)->0K(559360K) From: 983K(69888K)->985K(69888K)
[192.389s][info][gc,heap        ] GC(412) Tenured: 14251K(1398144K)->14313K(1398144K)
[192.389s][info][gc,metaspace   ] GC(412) Metaspace: 14317K(15296K)->14317K(15296K) NonClass: 12349K(12992K)->12349K(12992K) Class: 1967K(2304K)->1967K(2304K)
[192.389s][info][gc             ] GC(412) Pause Young (Allocation Failure) 561M->14M(1979M) 47.141ms
[192.389s][info][gc,cpu         ] GC(412) User=0.03s Sys=0.00s Real=0.03s
[192.792s][info][gc,start       ] GC(413) Pause Young (Allocation Failure)
[192.844s][info][gc,heap        ] GC(413) DefNew: 560345K(629248K)->980K(629248K) Eden: 559360K(559360K)->0K(559360K) From: 985K(69888K)->980K(69888K)
[192.844s][info][gc,heap        ] GC(413) Tenured: 14313K(1398144K)->14381K(1398144K)
[192.844s][info][gc,metaspace   ] GC(413) Metaspace: 14317K(15296K)->14317K(15296K) NonClass: 12349K(12992K)->12349K(12992K) Class: 1967K(2304K)->1967K(2304K)
[192.844s][info][gc             ] GC(413) Pause Young (Allocation Failure) 561M->15M(1979M) 52.301ms
[192.844s][info][gc,cpu         ] GC(413) User=0.05s Sys=0.00s Real=0.05s
[193.250s][info][gc,start       ] GC(414) Pause Young (Allocation Failure)
[193.302s][info][gc,heap        ] GC(414) DefNew: 560340K(629248K)->983K(629248K) Eden: 559360K(559360K)->0K(559360K) From: 980K(69888K)->983K(69888K)
[193.305s][info][gc,heap        ] GC(414) Tenured: 14381K(1398144K)->14443K(1398144K)
[193.305s][info][gc,metaspace   ] GC(414) Metaspace: 14317K(15296K)->14317K(15296K) NonClass: 12349K(12992K)->12349K(12992K) Class: 1967K(2304K)->1967K(2304K)
[193.305s][info][gc             ] GC(414) Pause Young (Allocation Failure) 561M->15M(1979M) 55.558ms
[193.305s][info][gc,cpu         ] GC(414) User=0.05s Sys=0.00s Real=0.04s
[193.709s][info][gc,start       ] GC(415) Pause Young (Allocation Failure)
[193.764s][info][gc,heap        ] GC(415) DefNew: 560343K(629248K)->984K(629248K) Eden: 559360K(559360K)->0K(559360K) From: 983K(69888K)->984K(69888K)
[193.764s][info][gc,heap        ] GC(415) Tenured: 14443K(1398144K)->14506K(1398144K)
[193.764s][info][gc,metaspace   ] GC(415) Metaspace: 14317K(15296K)->14317K(15296K) NonClass: 12349K(12992K)->12349K(12992K) Class: 1967K(2304K)->1967K(2304K)
[193.764s][info][gc             ] GC(415) Pause Young (Allocation Failure) 561M->15M(1979M) 54.843ms
[193.764s][info][gc,cpu         ] GC(415) User=0.05s Sys=0.00s Real=0.05s
[194.173s][info][gc,start       ] GC(416) Pause Young (Allocation Failure)
[194.228s][info][gc,heap        ] GC(416) DefNew: 560344K(629248K)->980K(629248K) Eden: 559360K(559360K)->0K(559360K) From: 984K(69888K)->980K(69888K)
[194.228s][info][gc,heap        ] GC(416) Tenured: 14506K(1398144K)->14575K(1398144K)
[194.228s][info][gc,metaspace   ] GC(416) Metaspace: 14317K(15296K)->14317K(15296K) NonClass: 12349K(12992K)->12349K(12992K) Class: 1967K(2304K)->1967K(2304K)
[194.228s][info][gc             ] GC(416) Pause Young (Allocation Failure) 561M->15M(1979M) 54.601ms
[194.228s][info][gc,cpu         ] GC(416) User=0.05s Sys=0.00s Real=0.04s
[194.659s][info][gc,start       ] GC(417) Pause Young (Allocation Failure)
[194.712s][info][gc,heap        ] GC(417) DefNew: 560340K(629248K)->983K(629248K) Eden: 559360K(559360K)->0K(559360K) From: 980K(69888K)->983K(69888K)
[194.712s][info][gc,heap        ] GC(417) Tenured: 14575K(1398144K)->14640K(1398144K)
[194.712s][info][gc,metaspace   ] GC(417) Metaspace: 14317K(15296K)->14317K(15296K) NonClass: 12349K(12992K)->12349K(12992K) Class: 1967K(2304K)->1967K(2304K)
[194.712s][info][gc             ] GC(417) Pause Young (Allocation Failure) 561M->15M(1979M) 53.525ms
[194.712s][info][gc,cpu         ] GC(417) User=0.05s Sys=0.00s Real=0.05s
[195.161s][info][gc,start       ] GC(418) Pause Young (Allocation Failure)
[195.201s][info][gc,heap        ] GC(418) DefNew: 560343K(629248K)->985K(629248K) Eden: 559360K(559360K)->0K(559360K) From: 983K(69888K)->985K(69888K)
[195.201s][info][gc,heap        ] GC(418) Tenured: 14640K(1398144K)->14705K(1398144K)
[195.201s][info][gc,metaspace   ] GC(418) Metaspace: 14317K(15296K)->14317K(15296K) NonClass: 12349K(12992K)->12349K(12992K) Class: 1967K(2304K)->1967K(2304K)
[195.201s][info][gc             ] GC(418) Pause Young (Allocation Failure) 561M->15M(1979M) 40.107ms
[195.201s][info][gc,cpu         ] GC(418) User=0.03s Sys=0.00s Real=0.04s
[195.553s][info][gc,start       ] GC(419) Pause Full (System.gc())
[195.553s][info][gc,phases,start] GC(419) Phase 1: Mark live objects
[195.596s][info][gc,phases      ] GC(419) Phase 1: Mark live objects 42.287ms
[195.596s][info][gc,phases,start] GC(419) Phase 2: Compute new object addresses
[195.707s][info][gc,phases      ] GC(419) Phase 2: Compute new object addresses 111.476ms
[195.707s][info][gc,phases,start] GC(419) Phase 3: Adjust pointers
[195.727s][info][gc,phases      ] GC(419) Phase 3: Adjust pointers 19.729ms
[195.727s][info][gc,phases,start] GC(419) Phase 4: Move objects
[195.727s][info][gc,phases      ] GC(419) Phase 4: Move objects 0.013ms
[195.727s][info][gc,heap        ] GC(419) DefNew: 474904K(629248K)->0K(629248K) Eden: 473918K(559360K)->0K(559360K) From: 985K(69888K)->0K(69888K)
[195.727s][info][gc,heap        ] GC(419) Tenured: 14705K(1398144K)->14705K(1398144K)
[195.727s][info][gc,metaspace   ] GC(419) Metaspace: 14317K(15296K)->14317K(15296K) NonClass: 12349K(12992K)->12349K(12992K) Class: 1967K(2304K)->1967K(2304K)
[195.727s][info][gc             ] GC(419) Pause Full (System.gc()) 478M->14M(1979M) 173.882ms
[195.727s][info][gc,cpu         ] GC(419) User=0.17s Sys=0.00s Real=0.17s
[196.062s][info][gc,start       ] GC(420) Pause Young (Allocation Failure)
[196.098s][info][gc,heap        ] GC(420) DefNew: 559360K(629248K)->1515K(629248K) Eden: 559360K(559360K)->0K(559360K) From: 0K(69888K)->1515K(69888K)
[196.118s][info][gc,heap        ] GC(420) Tenured: 14705K(1398144K)->14705K(1398144K)
[196.118s][info][gc,metaspace   ] GC(420) Metaspace: 14317K(15296K)->14317K(15296K) NonClass: 12349K(12992K)->12349K(12992K) Class: 1967K(2304K)->1967K(2304K)
[196.119s][info][gc             ] GC(420) Pause Young (Allocation Failure) 560M->15M(1979M) 56.798ms
[196.119s][info][gc,cpu         ] GC(420) User=0.03s Sys=0.00s Real=0.05s
[196.515s][info][gc,start       ] GC(421) Pause Young (Allocation Failure)
[196.568s][info][gc,heap        ] GC(421) DefNew: 560875K(629248K)->1581K(629248K) Eden: 559360K(559360K)->0K(559360K) From: 1515K(69888K)->1581K(69888K)
[196.568s][info][gc,heap        ] GC(421) Tenured: 14705K(1398144K)->14705K(1398144K)
[196.568s][info][gc,metaspace   ] GC(421) Metaspace: 14317K(15296K)->14317K(15296K) NonClass: 12349K(12992K)->12349K(12992K) Class: 1967K(2304K)->1967K(2304K)
[196.568s][info][gc             ] GC(421) Pause Young (Allocation Failure) 562M->15M(1979M) 53.016ms
[196.568s][info][gc,cpu         ] GC(421) User=0.05s Sys=0.00s Real=0.04s
[196.995s][info][gc,start       ] GC(422) Pause Young (Allocation Failure)
[197.047s][info][gc,heap        ] GC(422) DefNew: 560941K(629248K)->1648K(629248K) Eden: 559360K(559360K)->0K(559360K) From: 1581K(69888K)->1648K(69888K)
[197.047s][info][gc,heap        ] GC(422) Tenured: 14705K(1398144K)->14705K(1398144K)
[197.047s][info][gc,metaspace   ] GC(422) Metaspace: 14317K(15296K)->14317K(15296K) NonClass: 12349K(12992K)->12349K(12992K) Class: 1967K(2304K)->1967K(2304K)
[197.047s][info][gc             ] GC(422) Pause Young (Allocation Failure) 562M->15M(1979M) 51.926ms
[197.047s][info][gc,cpu         ] GC(422) User=0.05s Sys=0.00s Real=0.05s
[197.454s][info][gc,start       ] GC(423) Pause Young (Allocation Failure)
[197.496s][info][gc,heap        ] GC(423) DefNew: 561008K(629248K)->1713K(629248K) Eden: 559360K(559360K)->0K(559360K) From: 1648K(69888K)->1713K(69888K)
[197.496s][info][gc,heap        ] GC(423) Tenured: 14705K(1398144K)->14705K(1398144K)
[197.496s][info][gc,metaspace   ] GC(423) Metaspace: 14317K(15296K)->14317K(15296K) NonClass: 12349K(12992K)->12349K(12992K) Class: 1967K(2304K)->1967K(2304K)
[197.496s][info][gc             ] GC(423) Pause Young (Allocation Failure) 562M->16M(1979M) 41.202ms
[197.496s][info][gc,cpu         ] GC(423) User=0.05s Sys=0.00s Real=0.03s
[197.928s][info][gc,start       ] GC(424) Pause Young (Allocation Failure)
[197.968s][info][gc,heap        ] GC(424) DefNew: 561073K(629248K)->1782K(629248K) Eden: 559360K(559360K)->0K(559360K) From: 1713K(69888K)->1782K(69888K)
[197.968s][info][gc,heap        ] GC(424) Tenured: 14705K(1398144K)->14705K(1398144K)
[197.968s][info][gc,metaspace   ] GC(424) Metaspace: 14317K(15296K)->14317K(15296K) NonClass: 12349K(12992K)->12349K(12992K) Class: 1967K(2304K)->1967K(2304K)
[197.968s][info][gc             ] GC(424) Pause Young (Allocation Failure) 562M->16M(1979M) 40.430ms
[197.968s][info][gc,cpu         ] GC(424) User=0.03s Sys=0.00s Real=0.03s
[198.372s][info][gc,start       ] GC(425) Pause Young (Allocation Failure)
[198.423s][info][gc,heap        ] GC(425) DefNew: 561142K(629248K)->1844K(629248K) Eden: 559360K(559360K)->0K(559360K) From: 1782K(69888K)->1844K(69888K)
[198.423s][info][gc,heap        ] GC(425) Tenured: 14705K(1398144K)->14705K(1398144K)
[198.423s][info][gc,metaspace   ] GC(425) Metaspace: 14317K(15296K)->14317K(15296K) NonClass: 12349K(12992K)->12349K(12992K) Class: 1967K(2304K)->1967K(2304K)
[198.423s][info][gc             ] GC(425) Pause Young (Allocation Failure) 562M->16M(1979M) 50.582ms
[198.423s][info][gc,cpu         ] GC(425) User=0.05s Sys=0.00s Real=0.05s
[198.854s][info][gc,start       ] GC(426) Pause Young (Allocation Failure)
[198.906s][info][gc,heap        ] GC(426) DefNew: 561204K(629248K)->1912K(629248K) Eden: 559360K(559360K)->0K(559360K) From: 1844K(69888K)->1912K(69888K)
[198.906s][info][gc,heap        ] GC(426) Tenured: 14705K(1398144K)->14705K(1398144K)
[198.906s][info][gc,metaspace   ] GC(426) Metaspace: 14317K(15296K)->14317K(15296K) NonClass: 12349K(12992K)->12349K(12992K) Class: 1967K(2304K)->1967K(2304K)
[198.906s][info][gc             ] GC(426) Pause Young (Allocation Failure) 562M->16M(1979M) 51.645ms
[198.906s][info][gc,cpu         ] GC(426) User=0.05s Sys=0.00s Real=0.05s
[199.296s][info][gc,start       ] GC(427) Pause Young (Allocation Failure)
[199.349s][info][gc,heap        ] GC(427) DefNew: 561272K(629248K)->1974K(629248K) Eden: 559360K(559360K)->0K(559360K) From: 1912K(69888K)->1974K(69888K)
[199.349s][info][gc,heap        ] GC(427) Tenured: 14705K(1398144K)->14705K(1398144K)
[199.349s][info][gc,metaspace   ] GC(427) Metaspace: 14317K(15296K)->14317K(15296K) NonClass: 12349K(12992K)->12349K(12992K) Class: 1967K(2304K)->1967K(2304K)
[199.349s][info][gc             ] GC(427) Pause Young (Allocation Failure) 562M->16M(1979M) 52.555ms
[199.349s][info][gc,cpu         ] GC(427) User=0.06s Sys=0.00s Real=0.05s
[199.753s][info][gc,start       ] GC(428) Pause Young (Allocation Failure)
[199.808s][info][gc,heap        ] GC(428) DefNew: 561334K(629248K)->2035K(629248K) Eden: 559360K(559360K)->0K(559360K) From: 1974K(69888K)->2035K(69888K)
[199.808s][info][gc,heap        ] GC(428) Tenured: 14705K(1398144K)->14705K(1398144K)
[199.808s][info][gc,metaspace   ] GC(428) Metaspace: 14317K(15296K)->14317K(15296K) NonClass: 12349K(12992K)->12349K(12992K) Class: 1967K(2304K)->1967K(2304K)
[199.808s][info][gc             ] GC(428) Pause Young (Allocation Failure) 562M->16M(1979M) 54.664ms
[199.808s][info][gc,cpu         ] GC(428) User=0.03s Sys=0.00s Real=0.04s
[200.282s][info][gc,start       ] GC(429) Pause Young (Allocation Failure)
[200.339s][info][gc,heap        ] GC(429) DefNew: 561395K(629248K)->2098K(629248K) Eden: 559360K(559360K)->0K(559360K) From: 2035K(69888K)->2098K(69888K)
[200.339s][info][gc,heap        ] GC(429) Tenured: 14705K(1398144K)->14705K(1398144K)
[200.339s][info][gc,metaspace   ] GC(429) Metaspace: 14317K(15296K)->14317K(15296K) NonClass: 12349K(12992K)->12349K(12992K) Class: 1967K(2304K)->1967K(2304K)
[200.339s][info][gc             ] GC(429) Pause Young (Allocation Failure) 562M->16M(1979M) 57.125ms
[200.339s][info][gc,cpu         ] GC(429) User=0.05s Sys=0.00s Real=0.05s
[200.757s][info][gc,start       ] GC(430) Pause Young (Allocation Failure)
[200.805s][info][gc,heap        ] GC(430) DefNew: 561458K(629248K)->2164K(629248K) Eden: 559360K(559360K)->0K(559360K) From: 2098K(69888K)->2164K(69888K)
[200.805s][info][gc,heap        ] GC(430) Tenured: 14705K(1398144K)->14705K(1398144K)
[200.805s][info][gc,metaspace   ] GC(430) Metaspace: 14317K(15296K)->14317K(15296K) NonClass: 12349K(12992K)->12349K(12992K) Class: 1967K(2304K)->1967K(2304K)
[200.805s][info][gc             ] GC(430) Pause Young (Allocation Failure) 562M->16M(1979M) 48.438ms
[200.805s][info][gc,cpu         ] GC(430) User=0.05s Sys=0.00s Real=0.05s
[201.196s][info][gc,start       ] GC(431) Pause Young (Allocation Failure)
[201.245s][info][gc,heap        ] GC(431) DefNew: 561524K(629248K)->2227K(629248K) Eden: 559360K(559360K)->0K(559360K) From: 2164K(69888K)->2227K(69888K)
[201.245s][info][gc,heap        ] GC(431) Tenured: 14705K(1398144K)->14705K(1398144K)
[201.245s][info][gc,metaspace   ] GC(431) Metaspace: 14317K(15296K)->14317K(15296K) NonClass: 12349K(12992K)->12349K(12992K) Class: 1967K(2304K)->1967K(2304K)
[201.245s][info][gc             ] GC(431) Pause Young (Allocation Failure) 562M->16M(1979M) 49.641ms
[201.245s][info][gc,cpu         ] GC(431) User=0.05s Sys=0.00s Real=0.05s
[201.647s][info][gc,start       ] GC(432) Pause Young (Allocation Failure)
[201.694s][info][gc,heap        ] GC(432) DefNew: 561587K(629248K)->2292K(629248K) Eden: 559360K(559360K)->0K(559360K) From: 2227K(69888K)->2292K(69888K)
[201.694s][info][gc,heap        ] GC(432) Tenured: 14705K(1398144K)->14705K(1398144K)
[201.694s][info][gc,metaspace   ] GC(432) Metaspace: 14317K(15296K)->14317K(15296K) NonClass: 12349K(12992K)->12349K(12992K) Class: 1967K(2304K)->1967K(2304K)
[201.694s][info][gc             ] GC(432) Pause Young (Allocation Failure) 562M->16M(1979M) 46.503ms
[201.694s][info][gc,cpu         ] GC(432) User=0.03s Sys=0.00s Real=0.04s
[202.091s][info][gc,start       ] GC(433) Pause Young (Allocation Failure)
[202.131s][info][gc,heap        ] GC(433) DefNew: 561652K(629248K)->2354K(629248K) Eden: 559360K(559360K)->0K(559360K) From: 2292K(69888K)->2354K(69888K)
[202.131s][info][gc,heap        ] GC(433) Tenured: 14705K(1398144K)->14705K(1398144K)
[202.131s][info][gc,metaspace   ] GC(433) Metaspace: 14317K(15296K)->14317K(15296K) NonClass: 12349K(12992K)->12349K(12992K) Class: 1967K(2304K)->1967K(2304K)
[202.131s][info][gc             ] GC(433) Pause Young (Allocation Failure) 562M->16M(1979M) 40.654ms
[202.131s][info][gc,cpu         ] GC(433) User=0.05s Sys=0.00s Real=0.04s
[202.521s][info][gc,start       ] GC(434) Pause Young (Allocation Failure)
[202.573s][info][gc,heap        ] GC(434) DefNew: 561714K(629248K)->2417K(629248K) Eden: 559360K(559360K)->0K(559360K) From: 2354K(69888K)->2417K(69888K)
[202.573s][info][gc,heap        ] GC(434) Tenured: 14705K(1398144K)->14705K(1398144K)
[202.573s][info][gc,metaspace   ] GC(434) Metaspace: 14317K(15296K)->14317K(15296K) NonClass: 12349K(12992K)->12349K(12992K) Class: 1967K(2304K)->1967K(2304K)
[202.573s][info][gc             ] GC(434) Pause Young (Allocation Failure) 562M->16M(1979M) 52.123ms
[202.573s][info][gc,cpu         ] GC(434) User=0.03s Sys=0.00s Real=0.04s
[202.964s][info][gc,start       ] GC(435) Pause Young (Allocation Failure)
[203.018s][info][gc,heap        ] GC(435) DefNew: 561777K(629248K)->972K(629248K) Eden: 559360K(559360K)->0K(559360K) From: 2417K(69888K)->972K(69888K)
[203.018s][info][gc,heap        ] GC(435) Tenured: 14705K(1398144K)->16213K(1398144K)
[203.018s][info][gc,metaspace   ] GC(435) Metaspace: 14317K(15296K)->14317K(15296K) NonClass: 12349K(12992K)->12349K(12992K) Class: 1967K(2304K)->1967K(2304K)
[203.018s][info][gc             ] GC(435) Pause Young (Allocation Failure) 562M->16M(1979M) 54.048ms
[203.018s][info][gc,cpu         ] GC(435) User=0.05s Sys=0.00s Real=0.05s
[203.431s][info][gc,start       ] GC(436) Pause Young (Allocation Failure)
[203.485s][info][gc,heap        ] GC(436) DefNew: 560332K(629248K)->975K(629248K) Eden: 559360K(559360K)->0K(559360K) From: 972K(69888K)->975K(69888K)
[203.485s][info][gc,heap        ] GC(436) Tenured: 16213K(1398144K)->16278K(1398144K)
[203.485s][info][gc,metaspace   ] GC(436) Metaspace: 14317K(15296K)->14317K(15296K) NonClass: 12349K(12992K)->12349K(12992K) Class: 1967K(2304K)->1967K(2304K)
[203.485s][info][gc             ] GC(436) Pause Young (Allocation Failure) 563M->16M(1979M) 54.322ms
[203.485s][info][gc,cpu         ] GC(436) User=0.05s Sys=0.00s Real=0.05s
[203.906s][info][gc,start       ] GC(437) Pause Young (Allocation Failure)
[203.954s][info][gc,heap        ] GC(437) DefNew: 560335K(629248K)->972K(629248K) Eden: 559360K(559360K)->0K(559360K) From: 975K(69888K)->972K(69888K)
[203.954s][info][gc,heap        ] GC(437) Tenured: 16278K(1398144K)->16345K(1398144K)
[203.954s][info][gc,metaspace   ] GC(437) Metaspace: 14317K(15296K)->14317K(15296K) NonClass: 12349K(12992K)->12349K(12992K) Class: 1967K(2304K)->1967K(2304K)
[203.955s][info][gc             ] GC(437) Pause Young (Allocation Failure) 563M->16M(1979M) 48.035ms
[203.955s][info][gc,cpu         ] GC(437) User=0.05s Sys=0.00s Real=0.05s
[204.386s][info][gc,start       ] GC(438) Pause Young (Allocation Failure)
[204.432s][info][gc,heap        ] GC(438) DefNew: 560332K(629248K)->976K(629248K) Eden: 559360K(559360K)->0K(559360K) From: 972K(69888K)->976K(69888K)
[204.432s][info][gc,heap        ] GC(438) Tenured: 16345K(1398144K)->16410K(1398144K)
[204.432s][info][gc,metaspace   ] GC(438) Metaspace: 14317K(15296K)->14317K(15296K) NonClass: 12349K(12992K)->12349K(12992K) Class: 1967K(2304K)->1967K(2304K)
[204.432s][info][gc             ] GC(438) Pause Young (Allocation Failure) 563M->16M(1979M) 46.067ms
[204.432s][info][gc,cpu         ] GC(438) User=0.03s Sys=0.00s Real=0.03s
[204.840s][info][gc,start       ] GC(439) Pause Young (Allocation Failure)
[204.880s][info][gc,heap        ] GC(439) DefNew: 560336K(629248K)->974K(629248K) Eden: 559360K(559360K)->0K(559360K) From: 976K(69888K)->974K(69888K)
[204.880s][info][gc,heap        ] GC(439) Tenured: 16410K(1398144K)->16478K(1398144K)
[204.880s][info][gc,metaspace   ] GC(439) Metaspace: 14317K(15296K)->14317K(15296K) NonClass: 12349K(12992K)->12349K(12992K) Class: 1967K(2304K)->1967K(2304K)
[204.880s][info][gc             ] GC(439) Pause Young (Allocation Failure) 563M->17M(1979M) 39.999ms
[204.881s][info][gc,cpu         ] GC(439) User=0.03s Sys=0.00s Real=0.03s
[205.289s][info][gc,start       ] GC(440) Pause Young (Allocation Failure)
[205.341s][info][gc,heap        ] GC(440) DefNew: 560334K(629248K)->976K(629248K) Eden: 559360K(559360K)->0K(559360K) From: 974K(69888K)->976K(69888K)
[205.341s][info][gc,heap        ] GC(440) Tenured: 16478K(1398144K)->16540K(1398144K)
[205.341s][info][gc,metaspace   ] GC(440) Metaspace: 14317K(15296K)->14317K(15296K) NonClass: 12349K(12992K)->12349K(12992K) Class: 1967K(2304K)->1967K(2304K)
[205.341s][info][gc             ] GC(440) Pause Young (Allocation Failure) 563M->17M(1979M) 52.384ms
[205.341s][info][gc,cpu         ] GC(440) User=0.05s Sys=0.00s Real=0.05s
[205.749s][info][gc,start       ] GC(441) Pause Young (Allocation Failure)
[205.800s][info][gc,heap        ] GC(441) DefNew: 560336K(629248K)->974K(629248K) Eden: 559360K(559360K)->0K(559360K) From: 976K(69888K)->974K(69888K)
[205.800s][info][gc,heap        ] GC(441) Tenured: 16540K(1398144K)->16608K(1398144K)
[205.800s][info][gc,metaspace   ] GC(441) Metaspace: 14317K(15296K)->14317K(15296K) NonClass: 12349K(12992K)->12349K(12992K) Class: 1967K(2304K)->1967K(2304K)
[205.800s][info][gc             ] GC(441) Pause Young (Allocation Failure) 563M->17M(1979M) 51.382ms
[205.800s][info][gc,cpu         ] GC(441) User=0.05s Sys=0.00s Real=0.05s
[206.212s][info][gc,start       ] GC(442) Pause Young (Allocation Failure)
[206.254s][info][gc,heap        ] GC(442) DefNew: 560334K(629248K)->978K(629248K) Eden: 559360K(559360K)->0K(559360K) From: 974K(69888K)->978K(69888K)
[206.254s][info][gc,heap        ] GC(442) Tenured: 16608K(1398144K)->16670K(1398144K)
[206.254s][info][gc,metaspace   ] GC(442) Metaspace: 14317K(15296K)->14317K(15296K) NonClass: 12349K(12992K)->12349K(12992K) Class: 1967K(2304K)->1967K(2304K)
[206.254s][info][gc             ] GC(442) Pause Young (Allocation Failure) 563M->17M(1979M) 41.786ms
[206.254s][info][gc,cpu         ] GC(442) User=0.05s Sys=0.00s Real=0.04s
[206.667s][info][gc,start       ] GC(443) Pause Young (Allocation Failure)
[206.709s][info][gc,heap        ] GC(443) DefNew: 560338K(629248K)->992K(629248K) Eden: 559360K(559360K)->0K(559360K) From: 978K(69888K)->992K(69888K)
[206.709s][info][gc,heap        ] GC(443) Tenured: 16670K(1398144K)->16732K(1398144K)
[206.709s][info][gc,metaspace   ] GC(443) Metaspace: 14317K(15296K)->14317K(15296K) NonClass: 12349K(12992K)->12349K(12992K) Class: 1967K(2304K)->1967K(2304K)
[206.709s][info][gc             ] GC(443) Pause Young (Allocation Failure) 563M->17M(1979M) 41.782ms
[206.709s][info][gc,cpu         ] GC(443) User=0.03s Sys=0.00s Real=0.03s
[207.135s][info][gc,start       ] GC(444) Pause Young (Allocation Failure)
[207.184s][info][gc,heap        ] GC(444) DefNew: 560352K(629248K)->990K(629248K) Eden: 559360K(559360K)->0K(559360K) From: 992K(69888K)->990K(69888K)
[207.184s][info][gc,heap        ] GC(444) Tenured: 16732K(1398144K)->16794K(1398144K)
[207.184s][info][gc,metaspace   ] GC(444) Metaspace: 14317K(15296K)->14317K(15296K) NonClass: 12349K(12992K)->12349K(12992K) Class: 1967K(2304K)->1967K(2304K)
[207.184s][info][gc             ] GC(444) Pause Young (Allocation Failure) 563M->17M(1979M) 48.655ms
[207.184s][info][gc,cpu         ] GC(444) User=0.05s Sys=0.00s Real=0.04s
[207.589s][info][gc,start       ] GC(445) Pause Young (Allocation Failure)
[207.640s][info][gc,heap        ] GC(445) DefNew: 560350K(629248K)->990K(629248K) Eden: 559360K(559360K)->0K(559360K) From: 990K(69888K)->990K(69888K)
[207.640s][info][gc,heap        ] GC(445) Tenured: 16794K(1398144K)->16860K(1398144K)
[207.640s][info][gc,metaspace   ] GC(445) Metaspace: 14317K(15296K)->14317K(15296K) NonClass: 12349K(12992K)->12349K(12992K) Class: 1967K(2304K)->1967K(2304K)
[207.640s][info][gc             ] GC(445) Pause Young (Allocation Failure) 563M->17M(1979M) 51.486ms
[207.640s][info][gc,cpu         ] GC(445) User=0.05s Sys=0.00s Real=0.04s
[208.061s][info][gc,start       ] GC(446) Pause Young (Allocation Failure)
[208.110s][info][gc,heap        ] GC(446) DefNew: 560350K(629248K)->995K(629248K) Eden: 559360K(559360K)->0K(559360K) From: 990K(69888K)->995K(69888K)
[208.110s][info][gc,heap        ] GC(446) Tenured: 16860K(1398144K)->16922K(1398144K)
[208.110s][info][gc,metaspace   ] GC(446) Metaspace: 14317K(15296K)->14317K(15296K) NonClass: 12349K(12992K)->12349K(12992K) Class: 1967K(2304K)->1967K(2304K)
[208.110s][info][gc             ] GC(446) Pause Young (Allocation Failure) 563M->17M(1979M) 48.389ms
[208.110s][info][gc,cpu         ] GC(446) User=0.05s Sys=0.00s Real=0.04s
[208.519s][info][gc,start       ] GC(447) Pause Young (Allocation Failure)
[208.572s][info][gc,heap        ] GC(447) DefNew: 560355K(629248K)->997K(629248K) Eden: 559360K(559360K)->0K(559360K) From: 995K(69888K)->997K(69888K)
[208.573s][info][gc,heap        ] GC(447) Tenured: 16922K(1398144K)->16987K(1398144K)
[208.573s][info][gc,metaspace   ] GC(447) Metaspace: 14317K(15296K)->14317K(15296K) NonClass: 12349K(12992K)->12349K(12992K) Class: 1967K(2304K)->1967K(2304K)
[208.573s][info][gc             ] GC(447) Pause Young (Allocation Failure) 563M->17M(1979M) 53.989ms
[208.573s][info][gc,cpu         ] GC(447) User=0.05s Sys=0.00s Real=0.05s
[208.982s][info][gc,start       ] GC(448) Pause Young (Allocation Failure)
[209.036s][info][gc,heap        ] GC(448) DefNew: 560357K(629248K)->1001K(629248K) Eden: 559360K(559360K)->0K(559360K) From: 997K(69888K)->1001K(69888K)
[209.036s][info][gc,heap        ] GC(448) Tenured: 16987K(1398144K)->17049K(1398144K)
[209.036s][info][gc,metaspace   ] GC(448) Metaspace: 14317K(15296K)->14317K(15296K) NonClass: 12349K(12992K)->12349K(12992K) Class: 1967K(2304K)->1967K(2304K)
[209.036s][info][gc             ] GC(448) Pause Young (Allocation Failure) 563M->17M(1979M) 54.030ms
[209.036s][info][gc,cpu         ] GC(448) User=0.06s Sys=0.00s Real=0.06s
[209.538s][info][gc,start       ] GC(449) Pause Young (Allocation Failure)
[209.595s][info][gc,heap        ] GC(449) DefNew: 560361K(629248K)->1005K(629248K) Eden: 559360K(559360K)->0K(559360K) From: 1001K(69888K)->1005K(69888K)
[209.595s][info][gc,heap        ] GC(449) Tenured: 17049K(1398144K)->17112K(1398144K)
[209.595s][info][gc,metaspace   ] GC(449) Metaspace: 14317K(15296K)->14317K(15296K) NonClass: 12349K(12992K)->12349K(12992K) Class: 1967K(2304K)->1967K(2304K)
[209.595s][info][gc             ] GC(449) Pause Young (Allocation Failure) 563M->17M(1979M) 56.946ms
[209.595s][info][gc,cpu         ] GC(449) User=0.05s Sys=0.00s Real=0.05s
[210.017s][info][gc,start       ] GC(450) Pause Young (Allocation Failure)
[210.056s][info][gc,heap        ] GC(450) DefNew: 560365K(629248K)->1009K(629248K) Eden: 559360K(559360K)->0K(559360K) From: 1005K(69888K)->1009K(69888K)
[210.056s][info][gc,heap        ] GC(450) Tenured: 17112K(1398144K)->17175K(1398144K)
[210.056s][info][gc,metaspace   ] GC(450) Metaspace: 14317K(15296K)->14317K(15296K) NonClass: 12349K(12992K)->12349K(12992K) Class: 1967K(2304K)->1967K(2304K)
[210.056s][info][gc             ] GC(450) Pause Young (Allocation Failure) 563M->17M(1979M) 39.126ms
[210.056s][info][gc,cpu         ] GC(450) User=0.03s Sys=0.00s Real=0.03s
[210.463s][info][gc,start       ] GC(451) Pause Young (Allocation Failure)
[210.513s][info][gc,heap        ] GC(451) DefNew: 560369K(629248K)->1003K(629248K) Eden: 559360K(559360K)->0K(559360K) From: 1009K(69888K)->1003K(69888K)
[210.513s][info][gc,heap        ] GC(451) Tenured: 17175K(1398144K)->17243K(1398144K)
[210.513s][info][gc,metaspace   ] GC(451) Metaspace: 14317K(15296K)->14317K(15296K) NonClass: 12349K(12992K)->12349K(12992K) Class: 1967K(2304K)->1967K(2304K)
[210.513s][info][gc             ] GC(451) Pause Young (Allocation Failure) 564M->17M(1979M) 49.664ms
[210.513s][info][gc,cpu         ] GC(451) User=0.05s Sys=0.00s Real=0.05s
[210.938s][info][gc,start       ] GC(452) Pause Young (Allocation Failure)
[210.985s][info][gc,heap        ] GC(452) DefNew: 560363K(629248K)->1007K(629248K) Eden: 559360K(559360K)->0K(559360K) From: 1003K(69888K)->1007K(69888K)
[210.985s][info][gc,heap        ] GC(452) Tenured: 17243K(1398144K)->17307K(1398144K)
[210.985s][info][gc,metaspace   ] GC(452) Metaspace: 14317K(15296K)->14317K(15296K) NonClass: 12349K(12992K)->12349K(12992K) Class: 1967K(2304K)->1967K(2304K)
[210.985s][info][gc             ] GC(452) Pause Young (Allocation Failure) 564M->17M(1979M) 47.145ms
[210.985s][info][gc,cpu         ] GC(452) User=0.05s Sys=0.00s Real=0.04s
[211.391s][info][gc,start       ] GC(453) Pause Young (Allocation Failure)
[211.463s][info][gc,heap        ] GC(453) DefNew: 560367K(629248K)->1000K(629248K) Eden: 559360K(559360K)->0K(559360K) From: 1007K(69888K)->1000K(69888K)
[211.463s][info][gc,heap        ] GC(453) Tenured: 17307K(1398144K)->17376K(1398144K)
[211.463s][info][gc,metaspace   ] GC(453) Metaspace: 14317K(15296K)->14317K(15296K) NonClass: 12349K(12992K)->12349K(12992K) Class: 1967K(2304K)->1967K(2304K)
[211.463s][info][gc             ] GC(453) Pause Young (Allocation Failure) 564M->17M(1979M) 71.385ms
[211.463s][info][gc,cpu         ] GC(453) User=0.05s Sys=0.00s Real=0.07s
[211.869s][info][gc,start       ] GC(454) Pause Young (Allocation Failure)
[211.911s][info][gc,heap        ] GC(454) DefNew: 560360K(629248K)->1005K(629248K) Eden: 559360K(559360K)->0K(559360K) From: 1000K(69888K)->1005K(69888K)
[211.911s][info][gc,heap        ] GC(454) Tenured: 17376K(1398144K)->17437K(1398144K)
[211.911s][info][gc,metaspace   ] GC(454) Metaspace: 14317K(15296K)->14317K(15296K) NonClass: 12349K(12992K)->12349K(12992K) Class: 1967K(2304K)->1967K(2304K)
[211.911s][info][gc             ] GC(454) Pause Young (Allocation Failure) 564M->18M(1979M) 41.881ms
[211.911s][info][gc,cpu         ] GC(454) User=0.03s Sys=0.00s Real=0.04s
[212.321s][info][gc,start       ] GC(455) Pause Young (Allocation Failure)
[212.376s][info][gc,heap        ] GC(455) DefNew: 560365K(629248K)->1000K(629248K) Eden: 559360K(559360K)->0K(559360K) From: 1005K(69888K)->1000K(69888K)
[212.376s][info][gc,heap        ] GC(455) Tenured: 17437K(1398144K)->17506K(1398144K)
[212.376s][info][gc,metaspace   ] GC(455) Metaspace: 14317K(15296K)->14317K(15296K) NonClass: 12349K(12992K)->12349K(12992K) Class: 1967K(2304K)->1967K(2304K)
[212.376s][info][gc             ] GC(455) Pause Young (Allocation Failure) 564M->18M(1979M) 54.828ms
[212.376s][info][gc,cpu         ] GC(455) User=0.05s Sys=0.00s Real=0.04s
[212.795s][info][gc,start       ] GC(456) Pause Young (Allocation Failure)
[212.848s][info][gc,heap        ] GC(456) DefNew: 560360K(629248K)->1003K(629248K) Eden: 559360K(559360K)->0K(559360K) From: 1000K(69888K)->1003K(69888K)
[212.848s][info][gc,heap        ] GC(456) Tenured: 17506K(1398144K)->17571K(1398144K)
[212.848s][info][gc,metaspace   ] GC(456) Metaspace: 14317K(15296K)->14317K(15296K) NonClass: 12349K(12992K)->12349K(12992K) Class: 1967K(2304K)->1967K(2304K)
[212.848s][info][gc             ] GC(456) Pause Young (Allocation Failure) 564M->18M(1979M) 53.479ms
[212.848s][info][gc,cpu         ] GC(456) User=0.05s Sys=0.00s Real=0.04s
[213.298s][info][gc,start       ] GC(457) Pause Young (Allocation Failure)
[213.347s][info][gc,heap        ] GC(457) DefNew: 560363K(629248K)->1002K(629248K) Eden: 559360K(559360K)->0K(559360K) From: 1003K(69888K)->1002K(69888K)
[213.347s][info][gc,heap        ] GC(457) Tenured: 17571K(1398144K)->17639K(1398144K)
[213.347s][info][gc,metaspace   ] GC(457) Metaspace: 14317K(15296K)->14317K(15296K) NonClass: 12349K(12992K)->12349K(12992K) Class: 1967K(2304K)->1967K(2304K)
[213.347s][info][gc             ] GC(457) Pause Young (Allocation Failure) 564M->18M(1979M) 49.431ms
[213.347s][info][gc,cpu         ] GC(457) User=0.06s Sys=0.00s Real=0.05s
[213.776s][info][gc,start       ] GC(458) Pause Young (Allocation Failure)
[213.825s][info][gc,heap        ] GC(458) DefNew: 560362K(629248K)->1001K(629248K) Eden: 559360K(559360K)->0K(559360K) From: 1002K(69888K)->1001K(69888K)
[213.825s][info][gc,heap        ] GC(458) Tenured: 17639K(1398144K)->17708K(1398144K)
[213.825s][info][gc,metaspace   ] GC(458) Metaspace: 14317K(15296K)->14317K(15296K) NonClass: 12349K(12992K)->12349K(12992K) Class: 1967K(2304K)->1967K(2304K)
[213.825s][info][gc             ] GC(458) Pause Young (Allocation Failure) 564M->18M(1979M) 49.044ms
[213.825s][info][gc,cpu         ] GC(458) User=0.05s Sys=0.00s Real=0.05s
[214.278s][info][gc,start       ] GC(459) Pause Young (Allocation Failure)
[214.319s][info][gc,heap        ] GC(459) DefNew: 560361K(629248K)->1004K(629248K) Eden: 559360K(559360K)->0K(559360K) From: 1001K(69888K)->1004K(69888K)
[214.319s][info][gc,heap        ] GC(459) Tenured: 17708K(1398144K)->17776K(1398144K)
[214.319s][info][gc,metaspace   ] GC(459) Metaspace: 14317K(15296K)->14317K(15296K) NonClass: 12349K(12992K)->12349K(12992K) Class: 1967K(2304K)->1967K(2304K)
[214.319s][info][gc             ] GC(459) Pause Young (Allocation Failure) 564M->18M(1979M) 41.562ms
[214.319s][info][gc,cpu         ] GC(459) User=0.05s Sys=0.00s Real=0.04s
[214.711s][info][gc,start       ] GC(460) Pause Young (Allocation Failure)
[214.749s][info][gc,heap        ] GC(460) DefNew: 560364K(629248K)->1000K(629248K) Eden: 559360K(559360K)->0K(559360K) From: 1004K(69888K)->1000K(69888K)
[214.749s][info][gc,heap        ] GC(460) Tenured: 17776K(1398144K)->17841K(1398144K)
[214.749s][info][gc,metaspace   ] GC(460) Metaspace: 14317K(15296K)->14317K(15296K) NonClass: 12349K(12992K)->12349K(12992K) Class: 1967K(2304K)->1967K(2304K)
[214.749s][info][gc             ] GC(460) Pause Young (Allocation Failure) 564M->18M(1979M) 37.660ms
[214.749s][info][gc,cpu         ] GC(460) User=0.03s Sys=0.00s Real=0.03s
[215.119s][info][gc,start       ] GC(461) Pause Full (System.gc())
[215.119s][info][gc,phases,start] GC(461) Phase 1: Mark live objects
[215.155s][info][gc,phases      ] GC(461) Phase 1: Mark live objects 36.539ms
[215.155s][info][gc,phases,start] GC(461) Phase 2: Compute new object addresses
[215.240s][info][gc,phases      ] GC(461) Phase 2: Compute new object addresses 84.774ms
[215.240s][info][gc,phases,start] GC(461) Phase 3: Adjust pointers
[215.261s][info][gc,phases      ] GC(461) Phase 3: Adjust pointers 20.909ms
[215.261s][info][gc,phases,start] GC(461) Phase 4: Move objects
[215.261s][info][gc,phases      ] GC(461) Phase 4: Move objects 0.013ms
[215.261s][info][gc,heap        ] GC(461) DefNew: 359488K(629248K)->0K(629248K) Eden: 358488K(559360K)->0K(559360K) From: 1000K(69888K)->0K(69888K)
[215.261s][info][gc,heap        ] GC(461) Tenured: 17841K(1398144K)->5375K(1398144K)
[215.261s][info][gc,metaspace   ] GC(461) Metaspace: 14318K(15296K)->14318K(15296K) NonClass: 12351K(12992K)->12351K(12992K) Class: 1967K(2304K)->1967K(2304K)
[215.261s][info][gc             ] GC(461) Pause Full (System.gc()) 368M->5M(1979M) 142.567ms
[215.261s][info][gc,cpu         ] GC(461) User=0.13s Sys=0.00s Real=0.13s
[215.598s][info][gc,start       ] GC(462) Pause Young (Allocation Failure)
[215.635s][info][gc,heap        ] GC(462) DefNew: 559360K(629248K)->1517K(629248K) Eden: 559360K(559360K)->0K(559360K) From: 0K(69888K)->1517K(69888K)
[215.635s][info][gc,heap        ] GC(462) Tenured: 5375K(1398144K)->5375K(1398144K)
[215.635s][info][gc,metaspace   ] GC(462) Metaspace: 14322K(15296K)->14322K(15296K) NonClass: 12354K(12992K)->12354K(12992K) Class: 1967K(2304K)->1967K(2304K)
[215.635s][info][gc             ] GC(462) Pause Young (Allocation Failure) 551M->6M(1979M) 37.696ms
[215.635s][info][gc,cpu         ] GC(462) User=0.03s Sys=0.00s Real=0.04s
[216.037s][info][gc,start       ] GC(463) Pause Young (Allocation Failure)
[216.080s][info][gc,heap        ] GC(463) DefNew: 560877K(629248K)->1574K(629248K) Eden: 559360K(559360K)->0K(559360K) From: 1517K(69888K)->1574K(69888K)
[216.080s][info][gc,heap        ] GC(463) Tenured: 5375K(1398144K)->5375K(1398144K)
[216.080s][info][gc,metaspace   ] GC(463) Metaspace: 14322K(15296K)->14322K(15296K) NonClass: 12354K(12992K)->12354K(12992K) Class: 1967K(2304K)->1967K(2304K)
[216.080s][info][gc             ] GC(463) Pause Young (Allocation Failure) 552M->6M(1979M) 43.063ms
[216.080s][info][gc,cpu         ] GC(463) User=0.03s Sys=0.00s Real=0.04s
[216.510s][info][gc,start       ] GC(464) Pause Young (Allocation Failure)
[216.567s][info][gc,heap        ] GC(464) DefNew: 560934K(629248K)->1643K(629248K) Eden: 559360K(559360K)->0K(559360K) From: 1574K(69888K)->1643K(69888K)
[216.567s][info][gc,heap        ] GC(464) Tenured: 5375K(1398144K)->5375K(1398144K)
[216.567s][info][gc,metaspace   ] GC(464) Metaspace: 14322K(15296K)->14322K(15296K) NonClass: 12354K(12992K)->12354K(12992K) Class: 1967K(2304K)->1967K(2304K)
[216.567s][info][gc             ] GC(464) Pause Young (Allocation Failure) 553M->6M(1979M) 57.721ms
[216.567s][info][gc,cpu         ] GC(464) User=0.05s Sys=0.00s Real=0.05s
[216.982s][info][gc,start       ] GC(465) Pause Young (Allocation Failure)
[217.037s][info][gc,heap        ] GC(465) DefNew: 561003K(629248K)->1710K(629248K) Eden: 559360K(559360K)->0K(559360K) From: 1643K(69888K)->1710K(69888K)
[217.037s][info][gc,heap        ] GC(465) Tenured: 5375K(1398144K)->5375K(1398144K)
[217.037s][info][gc,metaspace   ] GC(465) Metaspace: 14322K(15296K)->14322K(15296K) NonClass: 12354K(12992K)->12354K(12992K) Class: 1967K(2304K)->1967K(2304K)
[217.037s][info][gc             ] GC(465) Pause Young (Allocation Failure) 553M->6M(1979M) 54.435ms
[217.037s][info][gc,cpu         ] GC(465) User=0.05s Sys=0.00s Real=0.05s
[217.471s][info][gc,start       ] GC(466) Pause Young (Allocation Failure)
[217.523s][info][gc,heap        ] GC(466) DefNew: 561070K(629248K)->1778K(629248K) Eden: 559360K(559360K)->0K(559360K) From: 1710K(69888K)->1778K(69888K)
[217.523s][info][gc,heap        ] GC(466) Tenured: 5375K(1398144K)->5375K(1398144K)
[217.523s][info][gc,metaspace   ] GC(466) Metaspace: 14322K(15296K)->14322K(15296K) NonClass: 12354K(12992K)->12354K(12992K) Class: 1967K(2304K)->1967K(2304K)
[217.523s][info][gc             ] GC(466) Pause Young (Allocation Failure) 553M->6M(1979M) 51.848ms
[217.523s][info][gc,cpu         ] GC(466) User=0.06s Sys=0.00s Real=0.05s
[217.916s][info][gc,start       ] GC(467) Pause Young (Allocation Failure)
[217.967s][info][gc,heap        ] GC(467) DefNew: 561138K(629248K)->1841K(629248K) Eden: 559360K(559360K)->0K(559360K) From: 1778K(69888K)->1841K(69888K)
[217.967s][info][gc,heap        ] GC(467) Tenured: 5375K(1398144K)->5375K(1398144K)
[217.967s][info][gc,metaspace   ] GC(467) Metaspace: 14322K(15296K)->14322K(15296K) NonClass: 12354K(12992K)->12354K(12992K) Class: 1967K(2304K)->1967K(2304K)
[217.967s][info][gc             ] GC(467) Pause Young (Allocation Failure) 553M->7M(1979M) 51.542ms
[217.967s][info][gc,cpu         ] GC(467) User=0.03s Sys=0.00s Real=0.04s
[218.383s][info][gc,start       ] GC(468) Pause Young (Allocation Failure)
[218.437s][info][gc,heap        ] GC(468) DefNew: 561201K(629248K)->1908K(629248K) Eden: 559360K(559360K)->0K(559360K) From: 1841K(69888K)->1908K(69888K)
[218.437s][info][gc,heap        ] GC(468) Tenured: 5375K(1398144K)->5375K(1398144K)
[218.437s][info][gc,metaspace   ] GC(468) Metaspace: 14322K(15296K)->14322K(15296K) NonClass: 12354K(12992K)->12354K(12992K) Class: 1967K(2304K)->1967K(2304K)
[218.438s][info][gc             ] GC(468) Pause Young (Allocation Failure) 553M->7M(1979M) 54.194ms
[218.438s][info][gc,cpu         ] GC(468) User=0.05s Sys=0.00s Real=0.04s
[218.878s][info][gc,start       ] GC(469) Pause Young (Allocation Failure)
[218.935s][info][gc,heap        ] GC(469) DefNew: 561268K(629248K)->1977K(629248K) Eden: 559360K(559360K)->0K(559360K) From: 1908K(69888K)->1977K(69888K)
[218.935s][info][gc,heap        ] GC(469) Tenured: 5375K(1398144K)->5375K(1398144K)
[218.935s][info][gc,metaspace   ] GC(469) Metaspace: 14322K(15296K)->14322K(15296K) NonClass: 12354K(12992K)->12354K(12992K) Class: 1967K(2304K)->1967K(2304K)
[218.935s][info][gc             ] GC(469) Pause Young (Allocation Failure) 553M->7M(1979M) 56.913ms
[218.935s][info][gc,cpu         ] GC(469) User=0.06s Sys=0.00s Real=0.06s
[219.335s][info][gc,start       ] GC(470) Pause Young (Allocation Failure)
[219.391s][info][gc,heap        ] GC(470) DefNew: 561337K(629248K)->2041K(629248K) Eden: 559360K(559360K)->0K(559360K) From: 1977K(69888K)->2041K(69888K)
[219.391s][info][gc,heap        ] GC(470) Tenured: 5375K(1398144K)->5375K(1398144K)
[219.391s][info][gc,metaspace   ] GC(470) Metaspace: 14322K(15296K)->14322K(15296K) NonClass: 12354K(12992K)->12354K(12992K) Class: 1967K(2304K)->1967K(2304K)
[219.391s][info][gc             ] GC(470) Pause Young (Allocation Failure) 553M->7M(1979M) 56.497ms
[219.391s][info][gc,cpu         ] GC(470) User=0.05s Sys=0.00s Real=0.06s
[219.826s][info][gc,start       ] GC(471) Pause Young (Allocation Failure)
[219.885s][info][gc,heap        ] GC(471) DefNew: 561401K(629248K)->2104K(629248K) Eden: 559360K(559360K)->0K(559360K) From: 2041K(69888K)->2104K(69888K)
[219.885s][info][gc,heap        ] GC(471) Tenured: 5375K(1398144K)->5375K(1398144K)
[219.885s][info][gc,metaspace   ] GC(471) Metaspace: 14322K(15296K)->14322K(15296K) NonClass: 12354K(12992K)->12354K(12992K) Class: 1967K(2304K)->1967K(2304K)
[219.885s][info][gc             ] GC(471) Pause Young (Allocation Failure) 553M->7M(1979M) 58.659ms
[219.885s][info][gc,cpu         ] GC(471) User=0.05s Sys=0.00s Real=0.05s
[220.313s][info][gc,start       ] GC(472) Pause Young (Allocation Failure)
[220.365s][info][gc,heap        ] GC(472) DefNew: 561464K(629248K)->2170K(629248K) Eden: 559360K(559360K)->0K(559360K) From: 2104K(69888K)->2170K(69888K)
[220.365s][info][gc,heap        ] GC(472) Tenured: 5375K(1398144K)->5375K(1398144K)
[220.365s][info][gc,metaspace   ] GC(472) Metaspace: 14322K(15296K)->14322K(15296K) NonClass: 12354K(12992K)->12354K(12992K) Class: 1967K(2304K)->1967K(2304K)
[220.365s][info][gc             ] GC(472) Pause Young (Allocation Failure) 553M->7M(1979M) 52.120ms
[220.365s][info][gc,cpu         ] GC(472) User=0.06s Sys=0.00s Real=0.05s
[220.759s][info][gc,start       ] GC(473) Pause Young (Allocation Failure)
[220.811s][info][gc,heap        ] GC(473) DefNew: 561530K(629248K)->2232K(629248K) Eden: 559360K(559360K)->0K(559360K) From: 2170K(69888K)->2232K(69888K)
[220.811s][info][gc,heap        ] GC(473) Tenured: 5375K(1398144K)->5375K(1398144K)
[220.811s][info][gc,metaspace   ] GC(473) Metaspace: 14322K(15296K)->14322K(15296K) NonClass: 12354K(12992K)->12354K(12992K) Class: 1967K(2304K)->1967K(2304K)
[220.811s][info][gc             ] GC(473) Pause Young (Allocation Failure) 553M->7M(1979M) 51.894ms
[220.811s][info][gc,cpu         ] GC(473) User=0.05s Sys=0.00s Real=0.04s
[221.222s][info][gc,start       ] GC(474) Pause Young (Allocation Failure)
[221.274s][info][gc,heap        ] GC(474) DefNew: 561592K(629248K)->2295K(629248K) Eden: 559360K(559360K)->0K(559360K) From: 2232K(69888K)->2295K(69888K)
[221.274s][info][gc,heap        ] GC(474) Tenured: 5375K(1398144K)->5375K(1398144K)
[221.274s][info][gc,metaspace   ] GC(474) Metaspace: 14322K(15296K)->14322K(15296K) NonClass: 12354K(12992K)->12354K(12992K) Class: 1967K(2304K)->1967K(2304K)
[221.274s][info][gc             ] GC(474) Pause Young (Allocation Failure) 553M->7M(1979M) 51.807ms
[221.274s][info][gc,cpu         ] GC(474) User=0.03s Sys=0.00s Real=0.04s
[221.683s][info][gc,start       ] GC(475) Pause Young (Allocation Failure)
[221.735s][info][gc,heap        ] GC(475) DefNew: 561655K(629248K)->2357K(629248K) Eden: 559360K(559360K)->0K(559360K) From: 2295K(69888K)->2357K(69888K)
[221.735s][info][gc,heap        ] GC(475) Tenured: 5375K(1398144K)->5375K(1398144K)
[221.735s][info][gc,metaspace   ] GC(475) Metaspace: 14322K(15296K)->14322K(15296K) NonClass: 12354K(12992K)->12354K(12992K) Class: 1967K(2304K)->1967K(2304K)
[221.735s][info][gc             ] GC(475) Pause Young (Allocation Failure) 553M->7M(1979M) 52.195ms
[221.735s][info][gc,cpu         ] GC(475) User=0.05s Sys=0.00s Real=0.05s
[222.128s][info][gc,start       ] GC(476) Pause Young (Allocation Failure)
[222.171s][info][gc,heap        ] GC(476) DefNew: 561717K(629248K)->2419K(629248K) Eden: 559360K(559360K)->0K(559360K) From: 2357K(69888K)->2419K(69888K)
[222.171s][info][gc,heap        ] GC(476) Tenured: 5375K(1398144K)->5375K(1398144K)
[222.171s][info][gc,metaspace   ] GC(476) Metaspace: 14322K(15296K)->14322K(15296K) NonClass: 12354K(12992K)->12354K(12992K) Class: 1967K(2304K)->1967K(2304K)
[222.171s][info][gc             ] GC(476) Pause Young (Allocation Failure) 553M->7M(1979M) 43.190ms
[222.171s][info][gc,cpu         ] GC(476) User=0.03s Sys=0.00s Real=0.03s
[222.585s][info][gc,start       ] GC(477) Pause Young (Allocation Failure)
[222.643s][info][gc,heap        ] GC(477) DefNew: 561779K(629248K)->976K(629248K) Eden: 559360K(559360K)->0K(559360K) From: 2419K(69888K)->976K(69888K)
[222.643s][info][gc,heap        ] GC(477) Tenured: 5375K(1398144K)->6879K(1398144K)
[222.643s][info][gc,metaspace   ] GC(477) Metaspace: 14322K(15296K)->14322K(15296K) NonClass: 12354K(12992K)->12354K(12992K) Class: 1967K(2304K)->1967K(2304K)
[222.643s][info][gc             ] GC(477) Pause Young (Allocation Failure) 553M->7M(1979M) 57.454ms
[222.643s][info][gc,cpu         ] GC(477) User=0.05s Sys=0.00s Real=0.05s
[223.071s][info][gc,start       ] GC(478) Pause Young (Allocation Failure)
[223.127s][info][gc,heap        ] GC(478) DefNew: 560336K(629248K)->983K(629248K) Eden: 559360K(559360K)->0K(559360K) From: 976K(69888K)->983K(69888K)
[223.127s][info][gc,heap        ] GC(478) Tenured: 6879K(1398144K)->6941K(1398144K)
[223.127s][info][gc,metaspace   ] GC(478) Metaspace: 14322K(15296K)->14322K(15296K) NonClass: 12354K(12992K)->12354K(12992K) Class: 1967K(2304K)->1967K(2304K)
[223.127s][info][gc             ] GC(478) Pause Young (Allocation Failure) 553M->7M(1979M) 56.401ms
[223.127s][info][gc,cpu         ] GC(478) User=0.05s Sys=0.00s Real=0.04s
[223.561s][info][gc,start       ] GC(479) Pause Young (Allocation Failure)
[223.612s][info][gc,heap        ] GC(479) DefNew: 560343K(629248K)->983K(629248K) Eden: 559360K(559360K)->0K(559360K) From: 983K(69888K)->983K(69888K)
[223.612s][info][gc,heap        ] GC(479) Tenured: 6941K(1398144K)->7009K(1398144K)
[223.612s][info][gc,metaspace   ] GC(479) Metaspace: 14322K(15296K)->14322K(15296K) NonClass: 12354K(12992K)->12354K(12992K) Class: 1967K(2304K)->1967K(2304K)
[223.612s][info][gc             ] GC(479) Pause Young (Allocation Failure) 553M->7M(1979M) 51.318ms
[223.612s][info][gc,cpu         ] GC(479) User=0.05s Sys=0.00s Real=0.05s
[224.052s][info][gc,start       ] GC(480) Pause Young (Allocation Failure)
[224.101s][info][gc,heap        ] GC(480) DefNew: 560343K(629248K)->984K(629248K) Eden: 559360K(559360K)->0K(559360K) From: 983K(69888K)->984K(69888K)
[224.101s][info][gc,heap        ] GC(480) Tenured: 7009K(1398144K)->7077K(1398144K)
[224.101s][info][gc,metaspace   ] GC(480) Metaspace: 14322K(15296K)->14322K(15296K) NonClass: 12354K(12992K)->12354K(12992K) Class: 1967K(2304K)->1967K(2304K)
[224.101s][info][gc             ] GC(480) Pause Young (Allocation Failure) 554M->7M(1979M) 49.383ms
[224.101s][info][gc,cpu         ] GC(480) User=0.03s Sys=0.00s Real=0.04s
[224.525s][info][gc,start       ] GC(481) Pause Young (Allocation Failure)
[224.579s][info][gc,heap        ] GC(481) DefNew: 560344K(629248K)->984K(629248K) Eden: 559360K(559360K)->0K(559360K) From: 984K(69888K)->984K(69888K)
[224.579s][info][gc,heap        ] GC(481) Tenured: 7077K(1398144K)->7145K(1398144K)
[224.579s][info][gc,metaspace   ] GC(481) Metaspace: 14322K(15296K)->14322K(15296K) NonClass: 12354K(12992K)->12354K(12992K) Class: 1967K(2304K)->1967K(2304K)
[224.579s][info][gc             ] GC(481) Pause Young (Allocation Failure) 554M->7M(1979M) 54.181ms
[224.579s][info][gc,cpu         ] GC(481) User=0.05s Sys=0.00s Real=0.05s
[224.997s][info][gc,start       ] GC(482) Pause Young (Allocation Failure)
[225.052s][info][gc,heap        ] GC(482) DefNew: 560344K(629248K)->991K(629248K) Eden: 559360K(559360K)->0K(559360K) From: 984K(69888K)->991K(69888K)
[225.052s][info][gc,heap        ] GC(482) Tenured: 7145K(1398144K)->7207K(1398144K)
[225.053s][info][gc,metaspace   ] GC(482) Metaspace: 14322K(15296K)->14322K(15296K) NonClass: 12354K(12992K)->12354K(12992K) Class: 1967K(2304K)->1967K(2304K)
[225.053s][info][gc             ] GC(482) Pause Young (Allocation Failure) 554M->8M(1979M) 55.245ms
[225.053s][info][gc,cpu         ] GC(482) User=0.06s Sys=0.00s Real=0.06s
[225.475s][info][gc,start       ] GC(483) Pause Young (Allocation Failure)
[225.530s][info][gc,heap        ] GC(483) DefNew: 560351K(629248K)->991K(629248K) Eden: 559360K(559360K)->0K(559360K) From: 991K(69888K)->991K(69888K)
[225.530s][info][gc,heap        ] GC(483) Tenured: 7207K(1398144K)->7274K(1398144K)
[225.530s][info][gc,metaspace   ] GC(483) Metaspace: 14322K(15296K)->14322K(15296K) NonClass: 12354K(12992K)->12354K(12992K) Class: 1967K(2304K)->1967K(2304K)
[225.530s][info][gc             ] GC(483) Pause Young (Allocation Failure) 554M->8M(1979M) 54.793ms
[225.530s][info][gc,cpu         ] GC(483) User=0.05s Sys=0.00s Real=0.05s
[225.995s][info][gc,start       ] GC(484) Pause Young (Allocation Failure)
[226.048s][info][gc,heap        ] GC(484) DefNew: 560351K(629248K)->991K(629248K) Eden: 559360K(559360K)->0K(559360K) From: 991K(69888K)->991K(69888K)
[226.048s][info][gc,heap        ] GC(484) Tenured: 7274K(1398144K)->7343K(1398144K)
[226.048s][info][gc,metaspace   ] GC(484) Metaspace: 14322K(15296K)->14322K(15296K) NonClass: 12354K(12992K)->12354K(12992K) Class: 1967K(2304K)->1967K(2304K)
[226.048s][info][gc             ] GC(484) Pause Young (Allocation Failure) 554M->8M(1979M) 53.590ms
[226.048s][info][gc,cpu         ] GC(484) User=0.05s Sys=0.00s Real=0.05s
[226.482s][info][gc,start       ] GC(485) Pause Young (Allocation Failure)
[226.523s][info][gc,heap        ] GC(485) DefNew: 560351K(629248K)->995K(629248K) Eden: 559360K(559360K)->0K(559360K) From: 991K(69888K)->995K(69888K)
[226.523s][info][gc,heap        ] GC(485) Tenured: 7343K(1398144K)->7407K(1398144K)
[226.523s][info][gc,metaspace   ] GC(485) Metaspace: 14322K(15296K)->14322K(15296K) NonClass: 12354K(12992K)->12354K(12992K) Class: 1967K(2304K)->1967K(2304K)
[226.523s][info][gc             ] GC(485) Pause Young (Allocation Failure) 554M->8M(1979M) 40.965ms
[226.523s][info][gc,cpu         ] GC(485) User=0.03s Sys=0.00s Real=0.03s
[226.968s][info][gc,start       ] GC(486) Pause Young (Allocation Failure)
[227.020s][info][gc,heap        ] GC(486) DefNew: 560355K(629248K)->1005K(629248K) Eden: 559360K(559360K)->0K(559360K) From: 995K(69888K)->1005K(69888K)
[227.020s][info][gc,heap        ] GC(486) Tenured: 7407K(1398144K)->7469K(1398144K)
[227.020s][info][gc,metaspace   ] GC(486) Metaspace: 14322K(15296K)->14322K(15296K) NonClass: 12354K(12992K)->12354K(12992K) Class: 1967K(2304K)->1967K(2304K)
[227.020s][info][gc             ] GC(486) Pause Young (Allocation Failure) 554M->8M(1979M) 52.002ms
[227.020s][info][gc,cpu         ] GC(486) User=0.05s Sys=0.00s Real=0.05s
[227.441s][info][gc,start       ] GC(487) Pause Young (Allocation Failure)
[227.494s][info][gc,heap        ] GC(487) DefNew: 560365K(629248K)->1004K(629248K) Eden: 559360K(559360K)->0K(559360K) From: 1005K(69888K)->1004K(69888K)
[227.494s][info][gc,heap        ] GC(487) Tenured: 7469K(1398144K)->7535K(1398144K)
[227.494s][info][gc,metaspace   ] GC(487) Metaspace: 14322K(15296K)->14322K(15296K) NonClass: 12354K(12992K)->12354K(12992K) Class: 1967K(2304K)->1967K(2304K)
[227.494s][info][gc             ] GC(487) Pause Young (Allocation Failure) 554M->8M(1979M) 53.015ms
[227.494s][info][gc,cpu         ] GC(487) User=0.05s Sys=0.00s Real=0.05s
[227.914s][info][gc,start       ] GC(488) Pause Young (Allocation Failure)
[227.969s][info][gc,heap        ] GC(488) DefNew: 560364K(629248K)->1006K(629248K) Eden: 559360K(559360K)->0K(559360K) From: 1004K(69888K)->1006K(69888K)
[227.969s][info][gc,heap        ] GC(488) Tenured: 7535K(1398144K)->7597K(1398144K)
[227.969s][info][gc,metaspace   ] GC(488) Metaspace: 14322K(15296K)->14322K(15296K) NonClass: 12354K(12992K)->12354K(12992K) Class: 1967K(2304K)->1967K(2304K)
[227.969s][info][gc             ] GC(488) Pause Young (Allocation Failure) 554M->8M(1979M) 54.599ms
[227.969s][info][gc,cpu         ] GC(488) User=0.03s Sys=0.00s Real=0.04s
[228.389s][info][gc,start       ] GC(489) Pause Young (Allocation Failure)
[228.444s][info][gc,heap        ] GC(489) DefNew: 560366K(629248K)->1013K(629248K) Eden: 559360K(559360K)->0K(559360K) From: 1006K(69888K)->1013K(69888K)
[228.444s][info][gc,heap        ] GC(489) Tenured: 7597K(1398144K)->7659K(1398144K)
[228.444s][info][gc,metaspace   ] GC(489) Metaspace: 14322K(15296K)->14322K(15296K) NonClass: 12354K(12992K)->12354K(12992K) Class: 1967K(2304K)->1967K(2304K)
[228.444s][info][gc             ] GC(489) Pause Young (Allocation Failure) 554M->8M(1979M) 54.385ms
[228.444s][info][gc,cpu         ] GC(489) User=0.06s Sys=0.00s Real=0.06s
[228.868s][info][gc,start       ] GC(490) Pause Young (Allocation Failure)
[228.925s][info][gc,heap        ] GC(490) DefNew: 560373K(629248K)->1016K(629248K) Eden: 559360K(559360K)->0K(559360K) From: 1013K(69888K)->1016K(69888K)
[228.925s][info][gc,heap        ] GC(490) Tenured: 7659K(1398144K)->7722K(1398144K)
[228.925s][info][gc,metaspace   ] GC(490) Metaspace: 14322K(15296K)->14322K(15296K) NonClass: 12354K(12992K)->12354K(12992K) Class: 1967K(2304K)->1967K(2304K)
[228.925s][info][gc             ] GC(490) Pause Young (Allocation Failure) 554M->8M(1979M) 57.549ms
[228.925s][info][gc,cpu         ] GC(490) User=0.05s Sys=0.00s Real=0.05s
[229.354s][info][gc,start       ] GC(491) Pause Young (Allocation Failure)
[229.409s][info][gc,heap        ] GC(491) DefNew: 560376K(629248K)->1021K(629248K) Eden: 559360K(559360K)->0K(559360K) From: 1016K(69888K)->1021K(69888K)
[229.409s][info][gc,heap        ] GC(491) Tenured: 7722K(1398144K)->7784K(1398144K)
[229.409s][info][gc,metaspace   ] GC(491) Metaspace: 14322K(15296K)->14322K(15296K) NonClass: 12354K(12992K)->12354K(12992K) Class: 1967K(2304K)->1967K(2304K)
[229.409s][info][gc             ] GC(491) Pause Young (Allocation Failure) 554M->8M(1979M) 55.014ms
[229.409s][info][gc,cpu         ] GC(491) User=0.05s Sys=0.00s Real=0.04s
[229.854s][info][gc,start       ] GC(492) Pause Young (Allocation Failure)
[229.903s][info][gc,heap        ] GC(492) DefNew: 560381K(629248K)->1027K(629248K) Eden: 559360K(559360K)->0K(559360K) From: 1021K(69888K)->1027K(69888K)
[229.903s][info][gc,heap        ] GC(492) Tenured: 7784K(1398144K)->7845K(1398144K)
[229.903s][info][gc,metaspace   ] GC(492) Metaspace: 14322K(15296K)->14322K(15296K) NonClass: 12354K(12992K)->12354K(12992K) Class: 1967K(2304K)->1967K(2304K)
[229.903s][info][gc             ] GC(492) Pause Young (Allocation Failure) 554M->8M(1979M) 48.957ms
[229.903s][info][gc,cpu         ] GC(492) User=0.05s Sys=0.00s Real=0.05s
[230.323s][info][gc,start       ] GC(493) Pause Young (Allocation Failure)
[230.364s][info][gc,heap        ] GC(493) DefNew: 560387K(629248K)->1024K(629248K) Eden: 559360K(559360K)->0K(559360K) From: 1027K(69888K)->1024K(69888K)
[230.364s][info][gc,heap        ] GC(493) Tenured: 7845K(1398144K)->7914K(1398144K)
[230.364s][info][gc,metaspace   ] GC(493) Metaspace: 14322K(15296K)->14322K(15296K) NonClass: 12354K(12992K)->12354K(12992K) Class: 1967K(2304K)->1967K(2304K)
[230.365s][info][gc             ] GC(493) Pause Young (Allocation Failure) 554M->8M(1979M) 41.907ms
[230.365s][info][gc,cpu         ] GC(493) User=0.03s Sys=0.00s Real=0.03s
[230.795s][info][gc,start       ] GC(494) Pause Young (Allocation Failure)
[230.850s][info][gc,heap        ] GC(494) DefNew: 560384K(629248K)->1023K(629248K) Eden: 559360K(559360K)->0K(559360K) From: 1024K(69888K)->1023K(69888K)
[230.850s][info][gc,heap        ] GC(494) Tenured: 7914K(1398144K)->7982K(1398144K)
[230.850s][info][gc,metaspace   ] GC(494) Metaspace: 14322K(15296K)->14322K(15296K) NonClass: 12354K(12992K)->12354K(12992K) Class: 1967K(2304K)->1967K(2304K)
[230.850s][info][gc             ] GC(494) Pause Young (Allocation Failure) 554M->8M(1979M) 54.764ms
[230.850s][info][gc,cpu         ] GC(494) User=0.05s Sys=0.00s Real=0.05s
[231.275s][info][gc,start       ] GC(495) Pause Young (Allocation Failure)
[231.332s][info][gc,heap        ] GC(495) DefNew: 560383K(629248K)->1022K(629248K) Eden: 559360K(559360K)->0K(559360K) From: 1023K(69888K)->1022K(69888K)
[231.332s][info][gc,heap        ] GC(495) Tenured: 7982K(1398144K)->8051K(1398144K)
[231.332s][info][gc,metaspace   ] GC(495) Metaspace: 14322K(15296K)->14322K(15296K) NonClass: 12354K(12992K)->12354K(12992K) Class: 1967K(2304K)->1967K(2304K)
[231.332s][info][gc             ] GC(495) Pause Young (Allocation Failure) 555M->8M(1979M) 56.751ms
[231.332s][info][gc,cpu         ] GC(495) User=0.05s Sys=0.00s Real=0.05s
[231.753s][info][gc,start       ] GC(496) Pause Young (Allocation Failure)
[231.807s][info][gc,heap        ] GC(496) DefNew: 560382K(629248K)->1020K(629248K) Eden: 559360K(559360K)->0K(559360K) From: 1022K(69888K)->1020K(69888K)
[231.807s][info][gc,heap        ] GC(496) Tenured: 8051K(1398144K)->8119K(1398144K)
[231.807s][info][gc,metaspace   ] GC(496) Metaspace: 14322K(15296K)->14322K(15296K) NonClass: 12354K(12992K)->12354K(12992K) Class: 1967K(2304K)->1967K(2304K)
[231.807s][info][gc             ] GC(496) Pause Young (Allocation Failure) 555M->8M(1979M) 53.415ms
[231.807s][info][gc,cpu         ] GC(496) User=0.05s Sys=0.00s Real=0.05s
[232.232s][info][gc,start       ] GC(497) Pause Young (Allocation Failure)
[232.289s][info][gc,heap        ] GC(497) DefNew: 560380K(629248K)->1016K(629248K) Eden: 559360K(559360K)->0K(559360K) From: 1020K(69888K)->1016K(69888K)
[232.289s][info][gc,heap        ] GC(497) Tenured: 8119K(1398144K)->8187K(1398144K)
[232.289s][info][gc,metaspace   ] GC(497) Metaspace: 14322K(15296K)->14322K(15296K) NonClass: 12354K(12992K)->12354K(12992K) Class: 1967K(2304K)->1967K(2304K)
[232.289s][info][gc             ] GC(497) Pause Young (Allocation Failure) 555M->8M(1979M) 57.668ms
[232.290s][info][gc,cpu         ] GC(497) User=0.06s Sys=0.00s Real=0.06s
[232.728s][info][gc,start       ] GC(498) Pause Young (Allocation Failure)
[232.779s][info][gc,heap        ] GC(498) DefNew: 560376K(629248K)->1016K(629248K) Eden: 559360K(559360K)->0K(559360K) From: 1016K(69888K)->1016K(69888K)
[232.779s][info][gc,heap        ] GC(498) Tenured: 8187K(1398144K)->8255K(1398144K)
[232.779s][info][gc,metaspace   ] GC(498) Metaspace: 14322K(15296K)->14322K(15296K) NonClass: 12354K(12992K)->12354K(12992K) Class: 1967K(2304K)->1967K(2304K)
[232.780s][info][gc             ] GC(498) Pause Young (Allocation Failure) 555M->9M(1979M) 51.038ms
[232.780s][info][gc,cpu         ] GC(498) User=0.05s Sys=0.00s Real=0.04s
[233.224s][info][gc,start       ] GC(499) Pause Young (Allocation Failure)
[233.266s][info][gc,heap        ] GC(499) DefNew: 560376K(629248K)->1020K(629248K) Eden: 559360K(559360K)->0K(559360K) From: 1016K(69888K)->1020K(69888K)
[233.266s][info][gc,heap        ] GC(499) Tenured: 8255K(1398144K)->8323K(1398144K)
[233.266s][info][gc,metaspace   ] GC(499) Metaspace: 14322K(15296K)->14322K(15296K) NonClass: 12354K(12992K)->12354K(12992K) Class: 1967K(2304K)->1967K(2304K)
[233.266s][info][gc             ] GC(499) Pause Young (Allocation Failure) 555M->9M(1979M) 41.824ms
[233.266s][info][gc,cpu         ] GC(499) User=0.03s Sys=0.00s Real=0.03s
[233.711s][info][gc,start       ] GC(500) Pause Young (Allocation Failure)
[233.756s][info][gc,heap        ] GC(500) DefNew: 560380K(629248K)->1017K(629248K) Eden: 559360K(559360K)->0K(559360K) From: 1020K(69888K)->1017K(69888K)
[233.756s][info][gc,heap        ] GC(500) Tenured: 8323K(1398144K)->8395K(1398144K)
[233.756s][info][gc,metaspace   ] GC(500) Metaspace: 14322K(15296K)->14322K(15296K) NonClass: 12354K(12992K)->12354K(12992K) Class: 1967K(2304K)->1967K(2304K)
[233.756s][info][gc             ] GC(500) Pause Young (Allocation Failure) 555M->9M(1979M) 45.376ms
[233.756s][info][gc,cpu         ] GC(500) User=0.03s Sys=0.00s Real=0.04s
[234.226s][info][gc,start       ] GC(501) Pause Young (Allocation Failure)
[234.272s][info][gc,heap        ] GC(501) DefNew: 560377K(629248K)->1020K(629248K) Eden: 559360K(559360K)->0K(559360K) From: 1017K(69888K)->1020K(69888K)
[234.272s][info][gc,heap        ] GC(501) Tenured: 8395K(1398144K)->8466K(1398144K)
[234.272s][info][gc,metaspace   ] GC(501) Metaspace: 14322K(15296K)->14322K(15296K) NonClass: 12354K(12992K)->12354K(12992K) Class: 1967K(2304K)->1967K(2304K)
[234.272s][info][gc             ] GC(501) Pause Young (Allocation Failure) 555M->9M(1979M) 46.130ms
[234.272s][info][gc,cpu         ] GC(501) User=0.03s Sys=0.00s Real=0.04s
[234.698s][info][gc,start       ] GC(502) Pause Young (Allocation Failure)
[234.738s][info][gc,heap        ] GC(502) DefNew: 560380K(629248K)->1020K(629248K) Eden: 559360K(559360K)->0K(559360K) From: 1020K(69888K)->1020K(69888K)
[234.738s][info][gc,heap        ] GC(502) Tenured: 8466K(1398144K)->8530K(1398144K)
[234.738s][info][gc,metaspace   ] GC(502) Metaspace: 14322K(15296K)->14322K(15296K) NonClass: 12354K(12992K)->12354K(12992K) Class: 1967K(2304K)->1967K(2304K)
[234.738s][info][gc             ] GC(502) Pause Young (Allocation Failure) 555M->9M(1979M) 40.757ms
[234.738s][info][gc,cpu         ] GC(502) User=0.03s Sys=0.00s Real=0.04s
[235.047s][info][gc,start       ] GC(503) Pause Full (System.gc())
[235.047s][info][gc,phases,start] GC(503) Phase 1: Mark live objects
[235.087s][info][gc,phases      ] GC(503) Phase 1: Mark live objects 39.202ms
[235.087s][info][gc,phases,start] GC(503) Phase 2: Compute new object addresses
[235.128s][info][gc,phases      ] GC(503) Phase 2: Compute new object addresses 41.523ms
[235.128s][info][gc,phases,start] GC(503) Phase 3: Adjust pointers
[235.151s][info][gc,phases      ] GC(503) Phase 3: Adjust pointers 22.888ms
[235.151s][info][gc,phases,start] GC(503) Phase 4: Move objects
[235.151s][info][gc,phases      ] GC(503) Phase 4: Move objects 0.012ms
[235.151s][info][gc,heap        ] GC(503) DefNew: 174864K(629248K)->0K(629248K) Eden: 173843K(559360K)->0K(559360K) From: 1020K(69888K)->0K(69888K)
[235.151s][info][gc,heap        ] GC(503) Tenured: 8530K(1398144K)->8531K(1398144K)
[235.151s][info][gc,metaspace   ] GC(503) Metaspace: 14322K(15296K)->14322K(15296K) NonClass: 12354K(12992K)->12354K(12992K) Class: 1967K(2304K)->1967K(2304K)
[235.151s][info][gc             ] GC(503) Pause Full (System.gc()) 179M->8M(1979M) 104.028ms
[235.151s][info][gc,cpu         ] GC(503) User=0.09s Sys=0.00s Real=0.09s
[235.489s][info][gc,start       ] GC(504) Pause Young (Allocation Failure)
[235.524s][info][gc,heap        ] GC(504) DefNew: 559360K(629248K)->1512K(629248K) Eden: 559360K(559360K)->0K(559360K) From: 0K(69888K)->1512K(69888K)
[235.524s][info][gc,heap        ] GC(504) Tenured: 8531K(1398144K)->8531K(1398144K)
[235.524s][info][gc,metaspace   ] GC(504) Metaspace: 14322K(15296K)->14322K(15296K) NonClass: 12354K(12992K)->12354K(12992K) Class: 1967K(2304K)->1967K(2304K)
[235.524s][info][gc             ] GC(504) Pause Young (Allocation Failure) 554M->9M(1979M) 35.659ms
[235.524s][info][gc,cpu         ] GC(504) User=0.02s Sys=0.00s Real=0.03s
[235.923s][info][gc,start       ] GC(505) Pause Young (Allocation Failure)
[235.964s][info][gc,heap        ] GC(505) DefNew: 560872K(629248K)->1575K(629248K) Eden: 559360K(559360K)->0K(559360K) From: 1512K(69888K)->1575K(69888K)
[235.964s][info][gc,heap        ] GC(505) Tenured: 8531K(1398144K)->8531K(1398144K)
[235.964s][info][gc,metaspace   ] GC(505) Metaspace: 14322K(15296K)->14322K(15296K) NonClass: 12354K(12992K)->12354K(12992K) Class: 1967K(2304K)->1967K(2304K)
[235.965s][info][gc             ] GC(505) Pause Young (Allocation Failure) 556M->9M(1979M) 41.402ms
[235.965s][info][gc,cpu         ] GC(505) User=0.05s Sys=0.00s Real=0.04s
[236.372s][info][gc,start       ] GC(506) Pause Young (Allocation Failure)
[236.413s][info][gc,heap        ] GC(506) DefNew: 560935K(629248K)->1641K(629248K) Eden: 559360K(559360K)->0K(559360K) From: 1575K(69888K)->1641K(69888K)
[236.413s][info][gc,heap        ] GC(506) Tenured: 8531K(1398144K)->8531K(1398144K)
[236.413s][info][gc,metaspace   ] GC(506) Metaspace: 14322K(15296K)->14322K(15296K) NonClass: 12354K(12992K)->12354K(12992K) Class: 1967K(2304K)->1967K(2304K)
[236.413s][info][gc             ] GC(506) Pause Young (Allocation Failure) 556M->9M(1979M) 40.297ms
[236.413s][info][gc,cpu         ] GC(506) User=0.03s Sys=0.00s Real=0.03s
[236.833s][info][gc,start       ] GC(507) Pause Young (Allocation Failure)
[236.876s][info][gc,heap        ] GC(507) DefNew: 561001K(629248K)->1708K(629248K) Eden: 559360K(559360K)->0K(559360K) From: 1641K(69888K)->1708K(69888K)
[236.877s][info][gc,heap        ] GC(507) Tenured: 8531K(1398144K)->8531K(1398144K)
[236.877s][info][gc,metaspace   ] GC(507) Metaspace: 14322K(15296K)->14322K(15296K) NonClass: 12354K(12992K)->12354K(12992K) Class: 1967K(2304K)->1967K(2304K)
[236.877s][info][gc             ] GC(507) Pause Young (Allocation Failure) 556M->9M(1979M) 43.401ms
[236.877s][info][gc,cpu         ] GC(507) User=0.03s Sys=0.00s Real=0.04s
[237.274s][info][gc,start       ] GC(508) Pause Young (Allocation Failure)
[237.315s][info][gc,heap        ] GC(508) DefNew: 561068K(629248K)->1771K(629248K) Eden: 559360K(559360K)->0K(559360K) From: 1708K(69888K)->1771K(69888K)
[237.315s][info][gc,heap        ] GC(508) Tenured: 8531K(1398144K)->8531K(1398144K)
[237.315s][info][gc,metaspace   ] GC(508) Metaspace: 14322K(15296K)->14322K(15296K) NonClass: 12354K(12992K)->12354K(12992K) Class: 1967K(2304K)->1967K(2304K)
[237.315s][info][gc             ] GC(508) Pause Young (Allocation Failure) 556M->10M(1979M) 41.433ms
[237.315s][info][gc,cpu         ] GC(508) User=0.03s Sys=0.00s Real=0.03s
[237.711s][info][gc,start       ] GC(509) Pause Young (Allocation Failure)
[237.766s][info][gc,heap        ] GC(509) DefNew: 561131K(629248K)->1835K(629248K) Eden: 559360K(559360K)->0K(559360K) From: 1771K(69888K)->1835K(69888K)
[237.766s][info][gc,heap        ] GC(509) Tenured: 8531K(1398144K)->8531K(1398144K)
[237.766s][info][gc,metaspace   ] GC(509) Metaspace: 14322K(15296K)->14322K(15296K) NonClass: 12354K(12992K)->12354K(12992K) Class: 1967K(2304K)->1967K(2304K)
[237.766s][info][gc             ] GC(509) Pause Young (Allocation Failure) 556M->10M(1979M) 54.555ms
[237.766s][info][gc,cpu         ] GC(509) User=0.05s Sys=0.00s Real=0.04s
[238.163s][info][gc,start       ] GC(510) Pause Young (Allocation Failure)
[238.216s][info][gc,heap        ] GC(510) DefNew: 561195K(629248K)->1895K(629248K) Eden: 559360K(559360K)->0K(559360K) From: 1835K(69888K)->1895K(69888K)
[238.216s][info][gc,heap        ] GC(510) Tenured: 8531K(1398144K)->8531K(1398144K)
[238.216s][info][gc,metaspace   ] GC(510) Metaspace: 14322K(15296K)->14322K(15296K) NonClass: 12354K(12992K)->12354K(12992K) Class: 1967K(2304K)->1967K(2304K)
[238.216s][info][gc             ] GC(510) Pause Young (Allocation Failure) 556M->10M(1979M) 53.145ms
[238.216s][info][gc,cpu         ] GC(510) User=0.05s Sys=0.00s Real=0.05s
[238.618s][info][gc,start       ] GC(511) Pause Young (Allocation Failure)
[238.667s][info][gc,heap        ] GC(511) DefNew: 561255K(629248K)->1958K(629248K) Eden: 559360K(559360K)->0K(559360K) From: 1895K(69888K)->1958K(69888K)
[238.667s][info][gc,heap        ] GC(511) Tenured: 8531K(1398144K)->8531K(1398144K)
[238.667s][info][gc,metaspace   ] GC(511) Metaspace: 14322K(15296K)->14322K(15296K) NonClass: 12354K(12992K)->12354K(12992K) Class: 1967K(2304K)->1967K(2304K)
[238.667s][info][gc             ] GC(511) Pause Young (Allocation Failure) 556M->10M(1979M) 49.446ms
[238.667s][info][gc,cpu         ] GC(511) User=0.05s Sys=0.00s Real=0.05s
[239.086s][info][gc,start       ] GC(512) Pause Young (Allocation Failure)
[239.133s][info][gc,heap        ] GC(512) DefNew: 561318K(629248K)->2020K(629248K) Eden: 559360K(559360K)->0K(559360K) From: 1958K(69888K)->2020K(69888K)
[239.133s][info][gc,heap        ] GC(512) Tenured: 8531K(1398144K)->8531K(1398144K)
[239.133s][info][gc,metaspace   ] GC(512) Metaspace: 14322K(15296K)->14322K(15296K) NonClass: 12354K(12992K)->12354K(12992K) Class: 1967K(2304K)->1967K(2304K)
[239.133s][info][gc             ] GC(512) Pause Young (Allocation Failure) 556M->10M(1979M) 47.111ms
[239.133s][info][gc,cpu         ] GC(512) User=0.03s Sys=0.00s Real=0.03s
[239.538s][info][gc,start       ] GC(513) Pause Young (Allocation Failure)
[239.579s][info][gc,heap        ] GC(513) DefNew: 561380K(629248K)->2084K(629248K) Eden: 559360K(559360K)->0K(559360K) From: 2020K(69888K)->2084K(69888K)
[239.579s][info][gc,heap        ] GC(513) Tenured: 8531K(1398144K)->8531K(1398144K)
[239.579s][info][gc,metaspace   ] GC(513) Metaspace: 14322K(15296K)->14322K(15296K) NonClass: 12354K(12992K)->12354K(12992K) Class: 1967K(2304K)->1967K(2304K)
[239.579s][info][gc             ] GC(513) Pause Young (Allocation Failure) 556M->10M(1979M) 41.799ms
[239.579s][info][gc,cpu         ] GC(513) User=0.03s Sys=0.00s Real=0.04s
[239.980s][info][gc,start       ] GC(514) Pause Young (Allocation Failure)
[240.020s][info][gc,heap        ] GC(514) DefNew: 561444K(629248K)->2149K(629248K) Eden: 559360K(559360K)->0K(559360K) From: 2084K(69888K)->2149K(69888K)
[240.021s][info][gc,heap        ] GC(514) Tenured: 8531K(1398144K)->8531K(1398144K)
[240.021s][info][gc,metaspace   ] GC(514) Metaspace: 14322K(15296K)->14322K(15296K) NonClass: 12354K(12992K)->12354K(12992K) Class: 1967K(2304K)->1967K(2304K)
[240.021s][info][gc             ] GC(514) Pause Young (Allocation Failure) 556M->10M(1979M) 41.076ms
[240.021s][info][gc,cpu         ] GC(514) User=0.05s Sys=0.00s Real=0.04s
[240.435s][info][gc,start       ] GC(515) Pause Young (Allocation Failure)
[240.491s][info][gc,heap        ] GC(515) DefNew: 561509K(629248K)->2216K(629248K) Eden: 559360K(559360K)->0K(559360K) From: 2149K(69888K)->2216K(69888K)
[240.491s][info][gc,heap        ] GC(515) Tenured: 8531K(1398144K)->8531K(1398144K)
[240.491s][info][gc,metaspace   ] GC(515) Metaspace: 14322K(15296K)->14322K(15296K) NonClass: 12354K(12992K)->12354K(12992K) Class: 1967K(2304K)->1967K(2304K)
[240.491s][info][gc             ] GC(515) Pause Young (Allocation Failure) 556M->10M(1979M) 56.175ms
[240.491s][info][gc,cpu         ] GC(515) User=0.05s Sys=0.00s Real=0.05s
[240.898s][info][gc,start       ] GC(516) Pause Young (Allocation Failure)
[240.955s][info][gc,heap        ] GC(516) DefNew: 561576K(629248K)->2283K(629248K) Eden: 559360K(559360K)->0K(559360K) From: 2216K(69888K)->2283K(69888K)
[240.955s][info][gc,heap        ] GC(516) Tenured: 8531K(1398144K)->8531K(1398144K)
[240.955s][info][gc,metaspace   ] GC(516) Metaspace: 14322K(15296K)->14322K(15296K) NonClass: 12354K(12992K)->12354K(12992K) Class: 1967K(2304K)->1967K(2304K)
[240.955s][info][gc             ] GC(516) Pause Young (Allocation Failure) 556M->10M(1979M) 56.663ms
[240.955s][info][gc,cpu         ] GC(516) User=0.05s Sys=0.00s Real=0.05s
[241.372s][info][gc,start       ] GC(517) Pause Young (Allocation Failure)
[241.425s][info][gc,heap        ] GC(517) DefNew: 561643K(629248K)->2347K(629248K) Eden: 559360K(559360K)->0K(559360K) From: 2283K(69888K)->2347K(69888K)
[241.425s][info][gc,heap        ] GC(517) Tenured: 8531K(1398144K)->8531K(1398144K)
[241.425s][info][gc,metaspace   ] GC(517) Metaspace: 14322K(15296K)->14322K(15296K) NonClass: 12354K(12992K)->12354K(12992K) Class: 1967K(2304K)->1967K(2304K)
[241.425s][info][gc             ] GC(517) Pause Young (Allocation Failure) 556M->10M(1979M) 53.252ms
[241.425s][info][gc,cpu         ] GC(517) User=0.05s Sys=0.00s Real=0.05s
[241.844s][info][gc,start       ] GC(518) Pause Young (Allocation Failure)
[241.893s][info][gc,heap        ] GC(518) DefNew: 561707K(629248K)->2412K(629248K) Eden: 559360K(559360K)->0K(559360K) From: 2347K(69888K)->2412K(69888K)
[241.893s][info][gc,heap        ] GC(518) Tenured: 8531K(1398144K)->8531K(1398144K)
[241.893s][info][gc,metaspace   ] GC(518) Metaspace: 14322K(15296K)->14322K(15296K) NonClass: 12354K(12992K)->12354K(12992K) Class: 1967K(2304K)->1967K(2304K)
[241.894s][info][gc             ] GC(518) Pause Young (Allocation Failure) 556M->10M(1979M) 49.590ms
[241.894s][info][gc,cpu         ] GC(518) User=0.06s Sys=0.00s Real=0.05s
[242.286s][info][gc,start       ] GC(519) Pause Young (Allocation Failure)
[242.336s][info][gc,heap        ] GC(519) DefNew: 561772K(629248K)->970K(629248K) Eden: 559359K(559360K)->0K(559360K) From: 2412K(69888K)->970K(69888K)
[242.336s][info][gc,heap        ] GC(519) Tenured: 8531K(1398144K)->10035K(1398144K)
[242.336s][info][gc,metaspace   ] GC(519) Metaspace: 14322K(15296K)->14322K(15296K) NonClass: 12354K(12992K)->12354K(12992K) Class: 1967K(2304K)->1967K(2304K)
[242.336s][info][gc             ] GC(519) Pause Young (Allocation Failure) 556M->10M(1979M) 50.288ms
[242.336s][info][gc,cpu         ] GC(519) User=0.05s Sys=0.00s Real=0.05s
[242.751s][info][gc,start       ] GC(520) Pause Young (Allocation Failure)
[242.792s][info][gc,heap        ] GC(520) DefNew: 560330K(629248K)->973K(629248K) Eden: 559360K(559360K)->0K(559360K) From: 970K(69888K)->973K(69888K)
[242.792s][info][gc,heap        ] GC(520) Tenured: 10035K(1398144K)->10097K(1398144K)
[242.792s][info][gc,metaspace   ] GC(520) Metaspace: 14322K(15296K)->14322K(15296K) NonClass: 12354K(12992K)->12354K(12992K) Class: 1967K(2304K)->1967K(2304K)
[242.792s][info][gc             ] GC(520) Pause Young (Allocation Failure) 556M->10M(1979M) 40.885ms
[242.792s][info][gc,cpu         ] GC(520) User=0.05s Sys=0.00s Real=0.04s
[243.198s][info][gc,start       ] GC(521) Pause Young (Allocation Failure)
[243.251s][info][gc,heap        ] GC(521) DefNew: 560333K(629248K)->973K(629248K) Eden: 559360K(559360K)->0K(559360K) From: 973K(69888K)->973K(69888K)
[243.251s][info][gc,heap        ] GC(521) Tenured: 10097K(1398144K)->10162K(1398144K)
[243.251s][info][gc,metaspace   ] GC(521) Metaspace: 14322K(15296K)->14322K(15296K) NonClass: 12354K(12992K)->12354K(12992K) Class: 1967K(2304K)->1967K(2304K)
[243.251s][info][gc             ] GC(521) Pause Young (Allocation Failure) 557M->10M(1979M) 53.590ms
[243.251s][info][gc,cpu         ] GC(521) User=0.05s Sys=0.00s Real=0.05s
[243.654s][info][gc,start       ] GC(522) Pause Young (Allocation Failure)
[243.709s][info][gc,heap        ] GC(522) DefNew: 560333K(629248K)->970K(629248K) Eden: 559360K(559360K)->0K(559360K) From: 973K(69888K)->970K(69888K)
[243.709s][info][gc,heap        ] GC(522) Tenured: 10162K(1398144K)->10230K(1398144K)
[243.709s][info][gc,metaspace   ] GC(522) Metaspace: 14322K(15296K)->14322K(15296K) NonClass: 12354K(12992K)->12354K(12992K) Class: 1967K(2304K)->1967K(2304K)
[243.709s][info][gc             ] GC(522) Pause Young (Allocation Failure) 557M->10M(1979M) 54.938ms
[243.709s][info][gc,cpu         ] GC(522) User=0.05s Sys=0.00s Real=0.04s
[244.276s][info][gc,start       ] GC(523) Pause Young (Allocation Failure)
[244.333s][info][gc,heap        ] GC(523) DefNew: 560330K(629248K)->972K(629248K) Eden: 559360K(559360K)->0K(559360K) From: 970K(69888K)->972K(69888K)
[244.333s][info][gc,heap        ] GC(523) Tenured: 10230K(1398144K)->10292K(1398144K)
[244.333s][info][gc,metaspace   ] GC(523) Metaspace: 14322K(15296K)->14322K(15296K) NonClass: 12354K(12992K)->12354K(12992K) Class: 1967K(2304K)->1967K(2304K)
[244.333s][info][gc             ] GC(523) Pause Young (Allocation Failure) 557M->11M(1979M) 56.892ms
[244.333s][info][gc,cpu         ] GC(523) User=0.05s Sys=0.00s Real=0.05s
[244.747s][info][gc,start       ] GC(524) Pause Young (Allocation Failure)
[244.796s][info][gc,heap        ] GC(524) DefNew: 560332K(629248K)->971K(629248K) Eden: 559360K(559360K)->0K(559360K) From: 972K(69888K)->971K(69888K)
[244.796s][info][gc,heap        ] GC(524) Tenured: 10292K(1398144K)->10358K(1398144K)
[244.796s][info][gc,metaspace   ] GC(524) Metaspace: 14322K(15296K)->14322K(15296K) NonClass: 12354K(12992K)->12354K(12992K) Class: 1967K(2304K)->1967K(2304K)
[244.796s][info][gc             ] GC(524) Pause Young (Allocation Failure) 557M->11M(1979M) 49.192ms
[244.796s][info][gc,cpu         ] GC(524) User=0.05s Sys=0.00s Real=0.04s
[245.200s][info][gc,start       ] GC(525) Pause Young (Allocation Failure)
[245.248s][info][gc,heap        ] GC(525) DefNew: 560331K(629248K)->977K(629248K) Eden: 559360K(559360K)->0K(559360K) From: 971K(69888K)->977K(69888K)
[245.248s][info][gc,heap        ] GC(525) Tenured: 10358K(1398144K)->10416K(1398144K)
[245.248s][info][gc,metaspace   ] GC(525) Metaspace: 14322K(15296K)->14322K(15296K) NonClass: 12354K(12992K)->12354K(12992K) Class: 1967K(2304K)->1967K(2304K)
[245.248s][info][gc             ] GC(525) Pause Young (Allocation Failure) 557M->11M(1979M) 48.645ms
[245.248s][info][gc,cpu         ] GC(525) User=0.05s Sys=0.00s Real=0.05s
[245.664s][info][gc,start       ] GC(526) Pause Young (Allocation Failure)
[245.704s][info][gc,heap        ] GC(526) DefNew: 560337K(629248K)->980K(629248K) Eden: 559360K(559360K)->0K(559360K) From: 977K(69888K)->980K(69888K)
[245.704s][info][gc,heap        ] GC(526) Tenured: 10416K(1398144K)->10479K(1398144K)
[245.704s][info][gc,metaspace   ] GC(526) Metaspace: 14322K(15296K)->14322K(15296K) NonClass: 12354K(12992K)->12354K(12992K) Class: 1967K(2304K)->1967K(2304K)
[245.704s][info][gc             ] GC(526) Pause Young (Allocation Failure) 557M->11M(1979M) 39.492ms
[245.704s][info][gc,cpu         ] GC(526) User=0.03s Sys=0.00s Real=0.03s
[246.106s][info][gc,start       ] GC(527) Pause Young (Allocation Failure)
[246.147s][info][gc,heap        ] GC(527) DefNew: 560340K(629248K)->981K(629248K) Eden: 559360K(559360K)->0K(559360K) From: 980K(69888K)->981K(69888K)
[246.147s][info][gc,heap        ] GC(527) Tenured: 10479K(1398144K)->10541K(1398144K)
[246.147s][info][gc,metaspace   ] GC(527) Metaspace: 14322K(15296K)->14322K(15296K) NonClass: 12354K(12992K)->12354K(12992K) Class: 1967K(2304K)->1967K(2304K)
[246.147s][info][gc             ] GC(527) Pause Young (Allocation Failure) 557M->11M(1979M) 41.441ms
[246.147s][info][gc,cpu         ] GC(527) User=0.03s Sys=0.00s Real=0.03s
[246.550s][info][gc,start       ] GC(528) Pause Young (Allocation Failure)
[246.603s][info][gc,heap        ] GC(528) DefNew: 560341K(629248K)->982K(629248K) Eden: 559360K(559360K)->0K(559360K) From: 981K(69888K)->982K(69888K)
[246.603s][info][gc,heap        ] GC(528) Tenured: 10541K(1398144K)->10605K(1398144K)
[246.603s][info][gc,metaspace   ] GC(528) Metaspace: 14322K(15296K)->14322K(15296K) NonClass: 12354K(12992K)->12354K(12992K) Class: 1967K(2304K)->1967K(2304K)
[246.603s][info][gc             ] GC(528) Pause Young (Allocation Failure) 557M->11M(1979M) 53.334ms
[246.603s][info][gc,cpu         ] GC(528) User=0.05s Sys=0.00s Real=0.05s
[247.006s][info][gc,start       ] GC(529) Pause Young (Allocation Failure)
[247.060s][info][gc,heap        ] GC(529) DefNew: 560342K(629248K)->981K(629248K) Eden: 559360K(559360K)->0K(559360K) From: 982K(69888K)->981K(69888K)
[247.060s][info][gc,heap        ] GC(529) Tenured: 10605K(1398144K)->10670K(1398144K)
[247.060s][info][gc,metaspace   ] GC(529) Metaspace: 14322K(15296K)->14322K(15296K) NonClass: 12354K(12992K)->12354K(12992K) Class: 1967K(2304K)->1967K(2304K)
[247.060s][info][gc             ] GC(529) Pause Young (Allocation Failure) 557M->11M(1979M) 54.645ms
[247.060s][info][gc,cpu         ] GC(529) User=0.05s Sys=0.00s Real=0.05s
[247.463s][info][gc,start       ] GC(530) Pause Young (Allocation Failure)
[247.519s][info][gc,heap        ] GC(530) DefNew: 560341K(629248K)->974K(629248K) Eden: 559360K(559360K)->0K(559360K) From: 981K(69888K)->974K(69888K)
[247.519s][info][gc,heap        ] GC(530) Tenured: 10670K(1398144K)->10738K(1398144K)
[247.519s][info][gc,metaspace   ] GC(530) Metaspace: 14322K(15296K)->14322K(15296K) NonClass: 12354K(12992K)->12354K(12992K) Class: 1967K(2304K)->1967K(2304K)
[247.519s][info][gc             ] GC(530) Pause Young (Allocation Failure) 557M->11M(1979M) 55.908ms
[247.519s][info][gc,cpu         ] GC(530) User=0.05s Sys=0.00s Real=0.05s
[247.925s][info][gc,start       ] GC(531) Pause Young (Allocation Failure)
[247.980s][info][gc,heap        ] GC(531) DefNew: 560334K(629248K)->978K(629248K) Eden: 559360K(559360K)->0K(559360K) From: 974K(69888K)->978K(69888K)
[247.980s][info][gc,heap        ] GC(531) Tenured: 10738K(1398144K)->10803K(1398144K)
[247.980s][info][gc,metaspace   ] GC(531) Metaspace: 14322K(15296K)->14322K(15296K) NonClass: 12354K(12992K)->12354K(12992K) Class: 1967K(2304K)->1967K(2304K)
[247.980s][info][gc             ] GC(531) Pause Young (Allocation Failure) 557M->11M(1979M) 54.696ms
[247.980s][info][gc,cpu         ] GC(531) User=0.05s Sys=0.00s Real=0.05s
[248.389s][info][gc,start       ] GC(532) Pause Young (Allocation Failure)
[248.434s][info][gc,heap        ] GC(532) DefNew: 560338K(629248K)->978K(629248K) Eden: 559360K(559360K)->0K(559360K) From: 978K(69888K)->978K(69888K)
[248.434s][info][gc,heap        ] GC(532) Tenured: 10803K(1398144K)->10868K(1398144K)
[248.434s][info][gc,metaspace   ] GC(532) Metaspace: 14322K(15296K)->14322K(15296K) NonClass: 12354K(12992K)->12354K(12992K) Class: 1967K(2304K)->1967K(2304K)
[248.434s][info][gc             ] GC(532) Pause Young (Allocation Failure) 557M->11M(1979M) 45.427ms
[248.434s][info][gc,cpu         ] GC(532) User=0.05s Sys=0.00s Real=0.05s
[248.853s][info][gc,start       ] GC(533) Pause Young (Allocation Failure)
[248.905s][info][gc,heap        ] GC(533) DefNew: 560338K(629248K)->981K(629248K) Eden: 559360K(559360K)->0K(559360K) From: 978K(69888K)->981K(69888K)
[248.905s][info][gc,heap        ] GC(533) Tenured: 10868K(1398144K)->10933K(1398144K)
[248.905s][info][gc,metaspace   ] GC(533) Metaspace: 14322K(15296K)->14322K(15296K) NonClass: 12354K(12992K)->12354K(12992K) Class: 1967K(2304K)->1967K(2304K)
[248.906s][info][gc             ] GC(533) Pause Young (Allocation Failure) 557M->11M(1979M) 52.059ms
[248.906s][info][gc,cpu         ] GC(533) User=0.05s Sys=0.00s Real=0.05s
[249.331s][info][gc,start       ] GC(534) Pause Young (Allocation Failure)
[249.383s][info][gc,heap        ] GC(534) DefNew: 560341K(629248K)->988K(629248K) Eden: 559360K(559360K)->0K(559360K) From: 981K(69888K)->988K(69888K)
[249.383s][info][gc,heap        ] GC(534) Tenured: 10933K(1398144K)->10995K(1398144K)
[249.383s][info][gc,metaspace   ] GC(534) Metaspace: 14322K(15296K)->14322K(15296K) NonClass: 12354K(12992K)->12354K(12992K) Class: 1967K(2304K)->1967K(2304K)
[249.383s][info][gc             ] GC(534) Pause Young (Allocation Failure) 557M->11M(1979M) 51.679ms
[249.383s][info][gc,cpu         ] GC(534) User=0.05s Sys=0.00s Real=0.05s
[249.786s][info][gc,start       ] GC(535) Pause Young (Allocation Failure)
[249.839s][info][gc,heap        ] GC(535) DefNew: 560348K(629248K)->985K(629248K) Eden: 559360K(559360K)->0K(559360K) From: 988K(69888K)->985K(69888K)
[249.839s][info][gc,heap        ] GC(535) Tenured: 10995K(1398144K)->11060K(1398144K)
[249.839s][info][gc,metaspace   ] GC(535) Metaspace: 14322K(15296K)->14322K(15296K) NonClass: 12354K(12992K)->12354K(12992K) Class: 1967K(2304K)->1967K(2304K)
[249.839s][info][gc             ] GC(535) Pause Young (Allocation Failure) 557M->11M(1979M) 53.436ms
[249.839s][info][gc,cpu         ] GC(535) User=0.05s Sys=0.00s Real=0.05s
[250.243s][info][gc,start       ] GC(536) Pause Young (Allocation Failure)
[250.298s][info][gc,heap        ] GC(536) DefNew: 560345K(629248K)->984K(629248K) Eden: 559360K(559360K)->0K(559360K) From: 985K(69888K)->984K(69888K)
[250.298s][info][gc,heap        ] GC(536) Tenured: 11060K(1398144K)->11125K(1398144K)
[250.298s][info][gc,metaspace   ] GC(536) Metaspace: 14322K(15296K)->14322K(15296K) NonClass: 12354K(12992K)->12354K(12992K) Class: 1967K(2304K)->1967K(2304K)
[250.298s][info][gc             ] GC(536) Pause Young (Allocation Failure) 558M->11M(1979M) 55.259ms
[250.298s][info][gc,cpu         ] GC(536) User=0.05s Sys=0.00s Real=0.04s
[250.703s][info][gc,start       ] GC(537) Pause Young (Allocation Failure)
[250.759s][info][gc,heap        ] GC(537) DefNew: 560344K(629248K)->982K(629248K) Eden: 559360K(559360K)->0K(559360K) From: 984K(69888K)->982K(69888K)
[250.759s][info][gc,heap        ] GC(537) Tenured: 11125K(1398144K)->11190K(1398144K)
[250.759s][info][gc,metaspace   ] GC(537) Metaspace: 14322K(15296K)->14322K(15296K) NonClass: 12354K(12992K)->12354K(12992K) Class: 1967K(2304K)->1967K(2304K)
[250.759s][info][gc             ] GC(537) Pause Young (Allocation Failure) 558M->11M(1979M) 56.227ms
[250.759s][info][gc,cpu         ] GC(537) User=0.05s Sys=0.00s Real=0.04s
[251.162s][info][gc,start       ] GC(538) Pause Young (Allocation Failure)
[251.216s][info][gc,heap        ] GC(538) DefNew: 560342K(629248K)->979K(629248K) Eden: 559360K(559360K)->0K(559360K) From: 982K(69888K)->979K(69888K)
[251.216s][info][gc,heap        ] GC(538) Tenured: 11190K(1398144K)->11255K(1398144K)
[251.216s][info][gc,metaspace   ] GC(538) Metaspace: 14322K(15296K)->14322K(15296K) NonClass: 12354K(12992K)->12354K(12992K) Class: 1967K(2304K)->1967K(2304K)
[251.216s][info][gc             ] GC(538) Pause Young (Allocation Failure) 558M->11M(1979M) 53.947ms
[251.216s][info][gc,cpu         ] GC(538) User=0.05s Sys=0.00s Real=0.05s
[251.621s][info][gc,start       ] GC(539) Pause Young (Allocation Failure)
[251.678s][info][gc,heap        ] GC(539) DefNew: 560339K(629248K)->977K(629248K) Eden: 559360K(559360K)->0K(559360K) From: 979K(69888K)->977K(69888K)
[251.678s][info][gc,heap        ] GC(539) Tenured: 11255K(1398144K)->11319K(1398144K)
[251.678s][info][gc,metaspace   ] GC(539) Metaspace: 14322K(15296K)->14322K(15296K) NonClass: 12354K(12992K)->12354K(12992K) Class: 1967K(2304K)->1967K(2304K)
[251.678s][info][gc             ] GC(539) Pause Young (Allocation Failure) 558M->12M(1979M) 56.692ms
[251.678s][info][gc,cpu         ] GC(539) User=0.05s Sys=0.00s Real=0.05s
[252.114s][info][gc,start       ] GC(540) Pause Young (Allocation Failure)
[252.165s][info][gc,heap        ] GC(540) DefNew: 560337K(629248K)->983K(629248K) Eden: 559360K(559360K)->0K(559360K) From: 977K(69888K)->983K(69888K)
[252.165s][info][gc,heap        ] GC(540) Tenured: 11319K(1398144K)->11384K(1398144K)
[252.165s][info][gc,metaspace   ] GC(540) Metaspace: 14322K(15296K)->14322K(15296K) NonClass: 12354K(12992K)->12354K(12992K) Class: 1967K(2304K)->1967K(2304K)
[252.165s][info][gc             ] GC(540) Pause Young (Allocation Failure) 558M->12M(1979M) 51.257ms
[252.165s][info][gc,cpu         ] GC(540) User=0.05s Sys=0.00s Real=0.05s
[252.585s][info][gc,start       ] GC(541) Pause Young (Allocation Failure)
[252.639s][info][gc,heap        ] GC(541) DefNew: 560343K(629248K)->984K(629248K) Eden: 559360K(559360K)->0K(559360K) From: 983K(69888K)->984K(69888K)
[252.639s][info][gc,heap        ] GC(541) Tenured: 11384K(1398144K)->11449K(1398144K)
[252.639s][info][gc,metaspace   ] GC(541) Metaspace: 14322K(15296K)->14322K(15296K) NonClass: 12354K(12992K)->12354K(12992K) Class: 1967K(2304K)->1967K(2304K)
[252.639s][info][gc             ] GC(541) Pause Young (Allocation Failure) 558M->12M(1979M) 54.020ms
[252.639s][info][gc,cpu         ] GC(541) User=0.05s Sys=0.00s Real=0.05s
[253.067s][info][gc,start       ] GC(542) Pause Young (Allocation Failure)
[253.121s][info][gc,heap        ] GC(542) DefNew: 560344K(629248K)->987K(629248K) Eden: 559360K(559360K)->0K(559360K) From: 984K(69888K)->987K(69888K)
[253.121s][info][gc,heap        ] GC(542) Tenured: 11449K(1398144K)->11514K(1398144K)
[253.121s][info][gc,metaspace   ] GC(542) Metaspace: 14322K(15296K)->14322K(15296K) NonClass: 12354K(12992K)->12354K(12992K) Class: 1967K(2304K)->1967K(2304K)
[253.121s][info][gc             ] GC(542) Pause Young (Allocation Failure) 558M->12M(1979M) 54.004ms
[253.121s][info][gc,cpu         ] GC(542) User=0.05s Sys=0.00s Real=0.05s
[253.574s][info][gc,start       ] GC(543) Pause Young (Allocation Failure)
[253.620s][info][gc,heap        ] GC(543) DefNew: 560347K(629248K)->993K(629248K) Eden: 559360K(559360K)->0K(559360K) From: 987K(69888K)->993K(69888K)
[253.620s][info][gc,heap        ] GC(543) Tenured: 11514K(1398144K)->11579K(1398144K)
[253.620s][info][gc,metaspace   ] GC(543) Metaspace: 14322K(15296K)->14322K(15296K) NonClass: 12354K(12992K)->12354K(12992K) Class: 1967K(2304K)->1967K(2304K)
[253.620s][info][gc             ] GC(543) Pause Young (Allocation Failure) 558M->12M(1979M) 45.709ms
[253.620s][info][gc,cpu         ] GC(543) User=0.03s Sys=0.00s Real=0.03s
[254.024s][info][gc,start       ] GC(544) Pause Young (Allocation Failure)
[254.065s][info][gc,heap        ] GC(544) DefNew: 560353K(629248K)->989K(629248K) Eden: 559360K(559360K)->0K(559360K) From: 993K(69888K)->989K(69888K)
[254.065s][info][gc,heap        ] GC(544) Tenured: 11579K(1398144K)->11643K(1398144K)
[254.065s][info][gc,metaspace   ] GC(544) Metaspace: 14322K(15296K)->14322K(15296K) NonClass: 12354K(12992K)->12354K(12992K) Class: 1967K(2304K)->1967K(2304K)
[254.065s][info][gc             ] GC(544) Pause Young (Allocation Failure) 558M->12M(1979M) 41.457ms
[254.065s][info][gc,cpu         ] GC(544) User=0.03s Sys=0.00s Real=0.03s
[254.364s][info][gc,start       ] GC(545) Pause Full (System.gc())
[254.364s][info][gc,phases,start] GC(545) Phase 1: Mark live objects
[254.409s][info][gc,phases      ] GC(545) Phase 1: Mark live objects 44.577ms
[254.409s][info][gc,phases,start] GC(545) Phase 2: Compute new object addresses
[254.490s][info][gc,phases      ] GC(545) Phase 2: Compute new object addresses 81.573ms
[254.490s][info][gc,phases,start] GC(545) Phase 3: Adjust pointers
[254.515s][info][gc,phases      ] GC(545) Phase 3: Adjust pointers 24.225ms
[254.515s][info][gc,phases,start] GC(545) Phase 4: Move objects
[254.515s][info][gc,phases      ] GC(545) Phase 4: Move objects 0.012ms
[254.515s][info][gc,heap        ] GC(545) DefNew: 352832K(629248K)->0K(629248K) Eden: 351843K(559360K)->0K(559360K) From: 989K(69888K)->0K(69888K)
[254.515s][info][gc,heap        ] GC(545) Tenured: 11643K(1398144K)->11644K(1398144K)
[254.515s][info][gc,metaspace   ] GC(545) Metaspace: 14324K(15296K)->14324K(15296K) NonClass: 12357K(12992K)->12357K(12992K) Class: 1967K(2304K)->1967K(2304K)
[254.515s][info][gc             ] GC(545) Pause Full (System.gc()) 355M->11M(1979M) 150.787ms
[254.515s][info][gc,cpu         ] GC(545) User=0.14s Sys=0.00s Real=0.14s
[254.851s][info][gc,start       ] GC(546) Pause Young (Allocation Failure)
[254.898s][info][gc,heap        ] GC(546) DefNew: 559360K(629248K)->1512K(629248K) Eden: 559360K(559360K)->0K(559360K) From: 0K(69888K)->1512K(69888K)
[254.898s][info][gc,heap        ] GC(546) Tenured: 11644K(1398144K)->11644K(1398144K)
[254.898s][info][gc,metaspace   ] GC(546) Metaspace: 14331K(15296K)->14331K(15296K) NonClass: 12363K(12992K)->12363K(12992K) Class: 1967K(2304K)->1967K(2304K)
[254.898s][info][gc             ] GC(546) Pause Young (Allocation Failure) 557M->12M(1979M) 46.999ms
[254.898s][info][gc,cpu         ] GC(546) User=0.03s Sys=0.00s Real=0.03s
[255.355s][info][gc,start       ] GC(547) Pause Young (Allocation Failure)
[255.408s][info][gc,heap        ] GC(547) DefNew: 560872K(629248K)->1583K(629248K) Eden: 559360K(559360K)->0K(559360K) From: 1512K(69888K)->1583K(69888K)
[255.408s][info][gc,heap        ] GC(547) Tenured: 11644K(1398144K)->11644K(1398144K)
[255.408s][info][gc,metaspace   ] GC(547) Metaspace: 14331K(15296K)->14331K(15296K) NonClass: 12363K(12992K)->12363K(12992K) Class: 1967K(2304K)->1967K(2304K)
[255.408s][info][gc             ] GC(547) Pause Young (Allocation Failure) 559M->12M(1979M) 53.605ms
[255.408s][info][gc,cpu         ] GC(547) User=0.05s Sys=0.00s Real=0.04s
[255.806s][info][gc,start       ] GC(548) Pause Young (Allocation Failure)
[255.857s][info][gc,heap        ] GC(548) DefNew: 560943K(629248K)->1644K(629248K) Eden: 559360K(559360K)->0K(559360K) From: 1583K(69888K)->1644K(69888K)
[255.857s][info][gc,heap        ] GC(548) Tenured: 11644K(1398144K)->11644K(1398144K)
[255.857s][info][gc,metaspace   ] GC(548) Metaspace: 14331K(15296K)->14331K(15296K) NonClass: 12363K(12992K)->12363K(12992K) Class: 1967K(2304K)->1967K(2304K)
[255.857s][info][gc             ] GC(548) Pause Young (Allocation Failure) 559M->12M(1979M) 51.172ms
[255.857s][info][gc,cpu         ] GC(548) User=0.05s Sys=0.00s Real=0.05s
[256.260s][info][gc,start       ] GC(549) Pause Young (Allocation Failure)
[256.302s][info][gc,heap        ] GC(549) DefNew: 561004K(629248K)->1706K(629248K) Eden: 559360K(559360K)->0K(559360K) From: 1644K(69888K)->1706K(69888K)
[256.302s][info][gc,heap        ] GC(549) Tenured: 11644K(1398144K)->11644K(1398144K)
[256.302s][info][gc,metaspace   ] GC(549) Metaspace: 14331K(15296K)->14331K(15296K) NonClass: 12363K(12992K)->12363K(12992K) Class: 1967K(2304K)->1967K(2304K)
[256.302s][info][gc             ] GC(549) Pause Young (Allocation Failure) 559M->13M(1979M) 42.494ms
[256.302s][info][gc,cpu         ] GC(549) User=0.05s Sys=0.00s Real=0.04s
[256.704s][info][gc,start       ] GC(550) Pause Young (Allocation Failure)
[256.761s][info][gc,heap        ] GC(550) DefNew: 561066K(629248K)->1772K(629248K) Eden: 559360K(559360K)->0K(559360K) From: 1706K(69888K)->1772K(69888K)
[256.761s][info][gc,heap        ] GC(550) Tenured: 11644K(1398144K)->11644K(1398144K)
[256.761s][info][gc,metaspace   ] GC(550) Metaspace: 14331K(15296K)->14331K(15296K) NonClass: 12363K(12992K)->12363K(12992K) Class: 1967K(2304K)->1967K(2304K)
[256.761s][info][gc             ] GC(550) Pause Young (Allocation Failure) 559M->13M(1979M) 56.932ms
[256.761s][info][gc,cpu         ] GC(550) User=0.06s Sys=0.00s Real=0.05s
[257.171s][info][gc,start       ] GC(551) Pause Young (Allocation Failure)
[257.228s][info][gc,heap        ] GC(551) DefNew: 561132K(629248K)->1836K(629248K) Eden: 559360K(559360K)->0K(559360K) From: 1772K(69888K)->1836K(69888K)
[257.228s][info][gc,heap        ] GC(551) Tenured: 11644K(1398144K)->11644K(1398144K)
[257.228s][info][gc,metaspace   ] GC(551) Metaspace: 14331K(15296K)->14331K(15296K) NonClass: 12363K(12992K)->12363K(12992K) Class: 1967K(2304K)->1967K(2304K)
[257.228s][info][gc             ] GC(551) Pause Young (Allocation Failure) 559M->13M(1979M) 57.437ms
[257.228s][info][gc,cpu         ] GC(551) User=0.05s Sys=0.00s Real=0.05s
[257.619s][info][gc,start       ] GC(552) Pause Young (Allocation Failure)
[257.673s][info][gc,heap        ] GC(552) DefNew: 561196K(629248K)->1899K(629248K) Eden: 559360K(559360K)->0K(559360K) From: 1836K(69888K)->1899K(69888K)
[257.673s][info][gc,heap        ] GC(552) Tenured: 11644K(1398144K)->11644K(1398144K)
[257.673s][info][gc,metaspace   ] GC(552) Metaspace: 14331K(15296K)->14331K(15296K) NonClass: 12363K(12992K)->12363K(12992K) Class: 1967K(2304K)->1967K(2304K)
[257.673s][info][gc             ] GC(552) Pause Young (Allocation Failure) 559M->13M(1979M) 53.764ms
[257.673s][info][gc,cpu         ] GC(552) User=0.05s Sys=0.00s Real=0.04s
[258.099s][info][gc,start       ] GC(553) Pause Young (Allocation Failure)
[258.150s][info][gc,heap        ] GC(553) DefNew: 561259K(629248K)->1964K(629248K) Eden: 559360K(559360K)->0K(559360K) From: 1899K(69888K)->1964K(69888K)
[258.150s][info][gc,heap        ] GC(553) Tenured: 11644K(1398144K)->11644K(1398144K)
[258.150s][info][gc,metaspace   ] GC(553) Metaspace: 14331K(15296K)->14331K(15296K) NonClass: 12363K(12992K)->12363K(12992K) Class: 1967K(2304K)->1967K(2304K)
[258.150s][info][gc             ] GC(553) Pause Young (Allocation Failure) 559M->13M(1979M) 51.757ms
[258.150s][info][gc,cpu         ] GC(553) User=0.05s Sys=0.00s Real=0.05s
[258.553s][info][gc,start       ] GC(554) Pause Young (Allocation Failure)
[258.604s][info][gc,heap        ] GC(554) DefNew: 561324K(629248K)->2026K(629248K) Eden: 559360K(559360K)->0K(559360K) From: 1964K(69888K)->2026K(69888K)
[258.604s][info][gc,heap        ] GC(554) Tenured: 11644K(1398144K)->11644K(1398144K)
[258.604s][info][gc,metaspace   ] GC(554) Metaspace: 14331K(15296K)->14331K(15296K) NonClass: 12363K(12992K)->12363K(12992K) Class: 1967K(2304K)->1967K(2304K)
[258.604s][info][gc             ] GC(554) Pause Young (Allocation Failure) 559M->13M(1979M) 51.491ms
[258.604s][info][gc,cpu         ] GC(554) User=0.03s Sys=0.00s Real=0.04s
[259.028s][info][gc,start       ] GC(555) Pause Young (Allocation Failure)
[259.070s][info][gc,heap        ] GC(555) DefNew: 561386K(629248K)->2091K(629248K) Eden: 559360K(559360K)->0K(559360K) From: 2026K(69888K)->2091K(69888K)
[259.070s][info][gc,heap        ] GC(555) Tenured: 11644K(1398144K)->11644K(1398144K)
[259.070s][info][gc,metaspace   ] GC(555) Metaspace: 14331K(15296K)->14331K(15296K) NonClass: 12363K(12992K)->12363K(12992K) Class: 1967K(2304K)->1967K(2304K)
[259.070s][info][gc             ] GC(555) Pause Young (Allocation Failure) 559M->13M(1979M) 41.939ms
[259.070s][info][gc,cpu         ] GC(555) User=0.05s Sys=0.00s Real=0.04s
[259.468s][info][gc,start       ] GC(556) Pause Young (Allocation Failure)
[259.524s][info][gc,heap        ] GC(556) DefNew: 561451K(629248K)->2152K(629248K) Eden: 559360K(559360K)->0K(559360K) From: 2091K(69888K)->2152K(69888K)
[259.524s][info][gc,heap        ] GC(556) Tenured: 11644K(1398144K)->11644K(1398144K)
[259.524s][info][gc,metaspace   ] GC(556) Metaspace: 14331K(15296K)->14331K(15296K) NonClass: 12363K(12992K)->12363K(12992K) Class: 1967K(2304K)->1967K(2304K)
[259.524s][info][gc             ] GC(556) Pause Young (Allocation Failure) 559M->13M(1979M) 55.833ms
[259.524s][info][gc,cpu         ] GC(556) User=0.06s Sys=0.00s Real=0.05s
[259.949s][info][gc,start       ] GC(557) Pause Young (Allocation Failure)
[260.007s][info][gc,heap        ] GC(557) DefNew: 561512K(629248K)->2221K(629248K) Eden: 559360K(559360K)->0K(559360K) From: 2152K(69888K)->2221K(69888K)
[260.007s][info][gc,heap        ] GC(557) Tenured: 11644K(1398144K)->11644K(1398144K)
[260.007s][info][gc,metaspace   ] GC(557) Metaspace: 14331K(15296K)->14331K(15296K) NonClass: 12363K(12992K)->12363K(12992K) Class: 1967K(2304K)->1967K(2304K)
[260.007s][info][gc             ] GC(557) Pause Young (Allocation Failure) 559M->13M(1979M) 58.268ms
[260.007s][info][gc,cpu         ] GC(557) User=0.06s Sys=0.00s Real=0.06s
[260.535s][info][gc,start       ] GC(558) Pause Young (Allocation Failure)
[260.596s][info][gc,heap        ] GC(558) DefNew: 561581K(629248K)->2289K(629248K) Eden: 559360K(559360K)->0K(559360K) From: 2221K(69888K)->2289K(69888K)
[260.596s][info][gc,heap        ] GC(558) Tenured: 11644K(1398144K)->11644K(1398144K)
[260.596s][info][gc,metaspace   ] GC(558) Metaspace: 14331K(15296K)->14331K(15296K) NonClass: 12363K(12992K)->12363K(12992K) Class: 1967K(2304K)->1967K(2304K)
[260.596s][info][gc             ] GC(558) Pause Young (Allocation Failure) 559M->13M(1979M) 61.317ms
[260.596s][info][gc,cpu         ] GC(558) User=0.05s Sys=0.00s Real=0.05s
[260.990s][info][gc,start       ] GC(559) Pause Young (Allocation Failure)
[261.029s][info][gc,heap        ] GC(559) DefNew: 561649K(629248K)->2351K(629248K) Eden: 559360K(559360K)->0K(559360K) From: 2289K(69888K)->2351K(69888K)
[261.029s][info][gc,heap        ] GC(559) Tenured: 11644K(1398144K)->11644K(1398144K)
[261.029s][info][gc,metaspace   ] GC(559) Metaspace: 14331K(15296K)->14331K(15296K) NonClass: 12363K(12992K)->12363K(12992K) Class: 1967K(2304K)->1967K(2304K)
[261.029s][info][gc             ] GC(559) Pause Young (Allocation Failure) 559M->13M(1979M) 39.501ms
[261.029s][info][gc,cpu         ] GC(559) User=0.03s Sys=0.00s Real=0.04s
[261.408s][info][gc,start       ] GC(560) Pause Young (Allocation Failure)
[261.459s][info][gc,heap        ] GC(560) DefNew: 561711K(629248K)->2411K(629248K) Eden: 559360K(559360K)->0K(559360K) From: 2351K(69888K)->2411K(69888K)
[261.459s][info][gc,heap        ] GC(560) Tenured: 11644K(1398144K)->11644K(1398144K)
[261.459s][info][gc,metaspace   ] GC(560) Metaspace: 14331K(15296K)->14331K(15296K) NonClass: 12363K(12992K)->12363K(12992K) Class: 1967K(2304K)->1967K(2304K)
[261.459s][info][gc             ] GC(560) Pause Young (Allocation Failure) 559M->13M(1979M) 51.103ms
[261.459s][info][gc,cpu         ] GC(560) User=0.06s Sys=0.00s Real=0.05s
[261.884s][info][gc,start       ] GC(561) Pause Young (Allocation Failure)
[261.936s][info][gc,heap        ] GC(561) DefNew: 561771K(629248K)->971K(629248K) Eden: 559360K(559360K)->0K(559360K) From: 2411K(69888K)->971K(69888K)
[261.936s][info][gc,heap        ] GC(561) Tenured: 11644K(1398144K)->13148K(1398144K)
[261.936s][info][gc,metaspace   ] GC(561) Metaspace: 14331K(15296K)->14331K(15296K) NonClass: 12363K(12992K)->12363K(12992K) Class: 1967K(2304K)->1967K(2304K)
[261.936s][info][gc             ] GC(561) Pause Young (Allocation Failure) 559M->13M(1979M) 51.874ms
[261.936s][info][gc,cpu         ] GC(561) User=0.05s Sys=0.00s Real=0.05s
[262.343s][info][gc,start       ] GC(562) Pause Young (Allocation Failure)
[262.397s][info][gc,heap        ] GC(562) DefNew: 560331K(629248K)->966K(629248K) Eden: 559360K(559360K)->0K(559360K) From: 971K(69888K)->966K(69888K)
[262.397s][info][gc,heap        ] GC(562) Tenured: 13148K(1398144K)->13218K(1398144K)
[262.397s][info][gc,metaspace   ] GC(562) Metaspace: 14331K(15296K)->14331K(15296K) NonClass: 12363K(12992K)->12363K(12992K) Class: 1967K(2304K)->1967K(2304K)
[262.397s][info][gc             ] GC(562) Pause Young (Allocation Failure) 560M->13M(1979M) 53.906ms
[262.397s][info][gc,cpu         ] GC(562) User=0.06s Sys=0.00s Real=0.05s
[262.801s][info][gc,start       ] GC(563) Pause Young (Allocation Failure)
[262.855s][info][gc,heap        ] GC(563) DefNew: 560326K(629248K)->970K(629248K) Eden: 559360K(559360K)->0K(559360K) From: 966K(69888K)->970K(69888K)
[262.855s][info][gc,heap        ] GC(563) Tenured: 13218K(1398144K)->13280K(1398144K)
[262.855s][info][gc,metaspace   ] GC(563) Metaspace: 14331K(15296K)->14331K(15296K) NonClass: 12363K(12992K)->12363K(12992K) Class: 1967K(2304K)->1967K(2304K)
[262.855s][info][gc             ] GC(563) Pause Young (Allocation Failure) 560M->13M(1979M) 53.609ms
[262.855s][info][gc,cpu         ] GC(563) User=0.05s Sys=0.00s Real=0.05s
[263.262s][info][gc,start       ] GC(564) Pause Young (Allocation Failure)
[263.306s][info][gc,heap        ] GC(564) DefNew: 560330K(629248K)->970K(629248K) Eden: 559360K(559360K)->0K(559360K) From: 970K(69888K)->970K(69888K)
[263.306s][info][gc,heap        ] GC(564) Tenured: 13280K(1398144K)->13342K(1398144K)
[263.306s][info][gc,metaspace   ] GC(564) Metaspace: 14331K(15296K)->14331K(15296K) NonClass: 12363K(12992K)->12363K(12992K) Class: 1967K(2304K)->1967K(2304K)
[263.306s][info][gc             ] GC(564) Pause Young (Allocation Failure) 560M->13M(1979M) 43.446ms
[263.306s][info][gc,cpu         ] GC(564) User=0.03s Sys=0.00s Real=0.03s
[263.716s][info][gc,start       ] GC(565) Pause Young (Allocation Failure)
[263.773s][info][gc,heap        ] GC(565) DefNew: 560330K(629248K)->967K(629248K) Eden: 559360K(559360K)->0K(559360K) From: 970K(69888K)->967K(69888K)
[263.773s][info][gc,heap        ] GC(565) Tenured: 13342K(1398144K)->13406K(1398144K)
[263.773s][info][gc,metaspace   ] GC(565) Metaspace: 14331K(15296K)->14331K(15296K) NonClass: 12363K(12992K)->12363K(12992K) Class: 1967K(2304K)->1967K(2304K)
[263.773s][info][gc             ] GC(565) Pause Young (Allocation Failure) 560M->14M(1979M) 57.306ms
[263.773s][info][gc,cpu         ] GC(565) User=0.05s Sys=0.00s Real=0.05s
[264.190s][info][gc,start       ] GC(566) Pause Young (Allocation Failure)
[264.240s][info][gc,heap        ] GC(566) DefNew: 560327K(629248K)->968K(629248K) Eden: 559360K(559360K)->0K(559360K) From: 967K(69888K)->968K(69888K)
[264.240s][info][gc,heap        ] GC(566) Tenured: 13406K(1398144K)->13471K(1398144K)
[264.240s][info][gc,metaspace   ] GC(566) Metaspace: 14331K(15296K)->14331K(15296K) NonClass: 12363K(12992K)->12363K(12992K) Class: 1967K(2304K)->1967K(2304K)
[264.240s][info][gc             ] GC(566) Pause Young (Allocation Failure) 560M->14M(1979M) 50.351ms
[264.240s][info][gc,cpu         ] GC(566) User=0.05s Sys=0.00s Real=0.05s
[264.667s][info][gc,start       ] GC(567) Pause Young (Allocation Failure)
[264.715s][info][gc,heap        ] GC(567) DefNew: 560328K(629248K)->974K(629248K) Eden: 559360K(559360K)->0K(559360K) From: 968K(69888K)->974K(69888K)
[264.715s][info][gc,heap        ] GC(567) Tenured: 13471K(1398144K)->13533K(1398144K)
[264.715s][info][gc,metaspace   ] GC(567) Metaspace: 14331K(15296K)->14331K(15296K) NonClass: 12363K(12992K)->12363K(12992K) Class: 1967K(2304K)->1967K(2304K)
[264.715s][info][gc             ] GC(567) Pause Young (Allocation Failure) 560M->14M(1979M) 48.496ms
[264.715s][info][gc,cpu         ] GC(567) User=0.03s Sys=0.00s Real=0.03s
[265.120s][info][gc,start       ] GC(568) Pause Young (Allocation Failure)
[265.173s][info][gc,heap        ] GC(568) DefNew: 560334K(629248K)->974K(629248K) Eden: 559360K(559360K)->0K(559360K) From: 974K(69888K)->974K(69888K)
[265.173s][info][gc,heap        ] GC(568) Tenured: 13533K(1398144K)->13598K(1398144K)
[265.173s][info][gc,metaspace   ] GC(568) Metaspace: 14331K(15296K)->14331K(15296K) NonClass: 12363K(12992K)->12363K(12992K) Class: 1967K(2304K)->1967K(2304K)
[265.173s][info][gc             ] GC(568) Pause Young (Allocation Failure) 560M->14M(1979M) 53.510ms
[265.173s][info][gc,cpu         ] GC(568) User=0.05s Sys=0.00s Real=0.04s
[265.580s][info][gc,start       ] GC(569) Pause Young (Allocation Failure)
[265.633s][info][gc,heap        ] GC(569) DefNew: 560334K(629248K)->976K(629248K) Eden: 559360K(559360K)->0K(559360K) From: 974K(69888K)->976K(69888K)
[265.633s][info][gc,heap        ] GC(569) Tenured: 13598K(1398144K)->13660K(1398144K)
[265.633s][info][gc,metaspace   ] GC(569) Metaspace: 14331K(15296K)->14331K(15296K) NonClass: 12363K(12992K)->12363K(12992K) Class: 1967K(2304K)->1967K(2304K)
[265.633s][info][gc             ] GC(569) Pause Young (Allocation Failure) 560M->14M(1979M) 52.714ms
[265.633s][info][gc,cpu         ] GC(569) User=0.06s Sys=0.00s Real=0.05s
[266.039s][info][gc,start       ] GC(570) Pause Young (Allocation Failure)
[266.095s][info][gc,heap        ] GC(570) DefNew: 560336K(629248K)->976K(629248K) Eden: 559360K(559360K)->0K(559360K) From: 976K(69888K)->976K(69888K)
[266.095s][info][gc,heap        ] GC(570) Tenured: 13660K(1398144K)->13725K(1398144K)
[266.095s][info][gc,metaspace   ] GC(570) Metaspace: 14331K(15296K)->14331K(15296K) NonClass: 12363K(12992K)->12363K(12992K) Class: 1967K(2304K)->1967K(2304K)
[266.095s][info][gc             ] GC(570) Pause Young (Allocation Failure) 560M->14M(1979M) 55.947ms
[266.095s][info][gc,cpu         ] GC(570) User=0.05s Sys=0.00s Real=0.05s
[266.502s][info][gc,start       ] GC(571) Pause Young (Allocation Failure)
[266.560s][info][gc,heap        ] GC(571) DefNew: 560336K(629248K)->976K(629248K) Eden: 559360K(559360K)->0K(559360K) From: 976K(69888K)->976K(69888K)
[266.560s][info][gc,heap        ] GC(571) Tenured: 13725K(1398144K)->13787K(1398144K)
[266.560s][info][gc,metaspace   ] GC(571) Metaspace: 14331K(15296K)->14331K(15296K) NonClass: 12363K(12992K)->12363K(12992K) Class: 1967K(2304K)->1967K(2304K)
[266.560s][info][gc             ] GC(571) Pause Young (Allocation Failure) 560M->14M(1979M) 57.671ms
[266.560s][info][gc,cpu         ] GC(571) User=0.06s Sys=0.00s Real=0.06s
[266.972s][info][gc,start       ] GC(572) Pause Young (Allocation Failure)
[267.024s][info][gc,heap        ] GC(572) DefNew: 560336K(629248K)->972K(629248K) Eden: 559360K(559360K)->0K(559360K) From: 976K(69888K)->972K(69888K)
[267.025s][info][gc,heap        ] GC(572) Tenured: 13787K(1398144K)->13855K(1398144K)
[267.025s][info][gc,metaspace   ] GC(572) Metaspace: 14331K(15296K)->14331K(15296K) NonClass: 12363K(12992K)->12363K(12992K) Class: 1967K(2304K)->1967K(2304K)
[267.025s][info][gc             ] GC(572) Pause Young (Allocation Failure) 560M->14M(1979M) 52.961ms
[267.025s][info][gc,cpu         ] GC(572) User=0.03s Sys=0.00s Real=0.04s
[267.448s][info][gc,start       ] GC(573) Pause Young (Allocation Failure)
[267.487s][info][gc,heap        ] GC(573) DefNew: 560332K(629248K)->970K(629248K) Eden: 559360K(559360K)->0K(559360K) From: 972K(69888K)->970K(69888K)
[267.487s][info][gc,heap        ] GC(573) Tenured: 13855K(1398144K)->13923K(1398144K)
[267.487s][info][gc,metaspace   ] GC(573) Metaspace: 14331K(15296K)->14331K(15296K) NonClass: 12363K(12992K)->12363K(12992K) Class: 1967K(2304K)->1967K(2304K)
[267.488s][info][gc             ] GC(573) Pause Young (Allocation Failure) 560M->14M(1979M) 39.558ms
[267.488s][info][gc,cpu         ] GC(573) User=0.03s Sys=0.00s Real=0.03s
[267.894s][info][gc,start       ] GC(574) Pause Young (Allocation Failure)
[267.947s][info][gc,heap        ] GC(574) DefNew: 560187K(629248K)->973K(629248K) Eden: 559217K(559360K)->0K(559360K) From: 970K(69888K)->973K(69888K)
[267.947s][info][gc,heap        ] GC(574) Tenured: 13923K(1398144K)->13985K(1398144K)
[267.948s][info][gc,metaspace   ] GC(574) Metaspace: 14331K(15296K)->14331K(15296K) NonClass: 12363K(12992K)->12363K(12992K) Class: 1967K(2304K)->1967K(2304K)
[267.948s][info][gc             ] GC(574) Pause Young (Allocation Failure) 560M->14M(1979M) 53.542ms
[267.948s][info][gc,cpu         ] GC(574) User=0.03s Sys=0.00s Real=0.04s
[268.356s][info][gc,start       ] GC(575) Pause Young (Allocation Failure)
[268.409s][info][gc,heap        ] GC(575) DefNew: 560333K(629248K)->976K(629248K) Eden: 559360K(559360K)->0K(559360K) From: 973K(69888K)->976K(69888K)
[268.409s][info][gc,heap        ] GC(575) Tenured: 13985K(1398144K)->14044K(1398144K)
[268.409s][info][gc,metaspace   ] GC(575) Metaspace: 14331K(15296K)->14331K(15296K) NonClass: 12363K(12992K)->12363K(12992K) Class: 1967K(2304K)->1967K(2304K)
[268.409s][info][gc             ] GC(575) Pause Young (Allocation Failure) 560M->14M(1979M) 53.178ms
[268.409s][info][gc,cpu         ] GC(575) User=0.06s Sys=0.00s Real=0.05s
[268.813s][info][gc,start       ] GC(576) Pause Young (Allocation Failure)
[268.868s][info][gc,heap        ] GC(576) DefNew: 560336K(629248K)->976K(629248K) Eden: 559360K(559360K)->0K(559360K) From: 976K(69888K)->976K(69888K)
[268.868s][info][gc,heap        ] GC(576) Tenured: 14044K(1398144K)->14109K(1398144K)
[268.868s][info][gc,metaspace   ] GC(576) Metaspace: 14331K(15296K)->14331K(15296K) NonClass: 12363K(12992K)->12363K(12992K) Class: 1967K(2304K)->1967K(2304K)
[268.868s][info][gc             ] GC(576) Pause Young (Allocation Failure) 560M->14M(1979M) 55.073ms
[268.868s][info][gc,cpu         ] GC(576) User=0.06s Sys=0.00s Real=0.05s
[269.274s][info][gc,start       ] GC(577) Pause Young (Allocation Failure)
[269.328s][info][gc,heap        ] GC(577) DefNew: 560336K(629248K)->976K(629248K) Eden: 559360K(559360K)->0K(559360K) From: 976K(69888K)->976K(69888K)
[269.328s][info][gc,heap        ] GC(577) Tenured: 14109K(1398144K)->14175K(1398144K)
[269.328s][info][gc,metaspace   ] GC(577) Metaspace: 14331K(15296K)->14331K(15296K) NonClass: 12363K(12992K)->12363K(12992K) Class: 1967K(2304K)->1967K(2304K)
[269.328s][info][gc             ] GC(577) Pause Young (Allocation Failure) 560M->14M(1979M) 54.440ms
[269.328s][info][gc,cpu         ] GC(577) User=0.05s Sys=0.00s Real=0.05s
[269.796s][info][gc,start       ] GC(578) Pause Young (Allocation Failure)
[269.850s][info][gc,heap        ] GC(578) DefNew: 560336K(629248K)->975K(629248K) Eden: 559360K(559360K)->0K(559360K) From: 976K(69888K)->975K(69888K)
[269.850s][info][gc,heap        ] GC(578) Tenured: 14175K(1398144K)->14240K(1398144K)
[269.850s][info][gc,metaspace   ] GC(578) Metaspace: 14331K(15296K)->14331K(15296K) NonClass: 12363K(12992K)->12363K(12992K) Class: 1967K(2304K)->1967K(2304K)
[269.850s][info][gc             ] GC(578) Pause Young (Allocation Failure) 561M->14M(1979M) 53.795ms
[269.850s][info][gc,cpu         ] GC(578) User=0.06s Sys=0.00s Real=0.05s
[270.270s][info][gc,start       ] GC(579) Pause Young (Allocation Failure)
[270.321s][info][gc,heap        ] GC(579) DefNew: 560335K(629248K)->978K(629248K) Eden: 559360K(559360K)->0K(559360K) From: 975K(69888K)->978K(69888K)
[270.321s][info][gc,heap        ] GC(579) Tenured: 14240K(1398144K)->14302K(1398144K)
[270.321s][info][gc,metaspace   ] GC(579) Metaspace: 14331K(15296K)->14331K(15296K) NonClass: 12363K(12992K)->12363K(12992K) Class: 1967K(2304K)->1967K(2304K)
[270.321s][info][gc             ] GC(579) Pause Young (Allocation Failure) 561M->14M(1979M) 50.758ms
[270.321s][info][gc,cpu         ] GC(579) User=0.05s Sys=0.00s Real=0.05s
[270.728s][info][gc,start       ] GC(580) Pause Young (Allocation Failure)
[270.778s][info][gc,heap        ] GC(580) DefNew: 560338K(629248K)->982K(629248K) Eden: 559360K(559360K)->0K(559360K) From: 978K(69888K)->982K(69888K)
[270.778s][info][gc,heap        ] GC(580) Tenured: 14302K(1398144K)->14363K(1398144K)
[270.778s][info][gc,metaspace   ] GC(580) Metaspace: 14331K(15296K)->14331K(15296K) NonClass: 12363K(12992K)->12363K(12992K) Class: 1967K(2304K)->1967K(2304K)
[270.778s][info][gc             ] GC(580) Pause Young (Allocation Failure) 561M->14M(1979M) 50.286ms
[270.778s][info][gc,cpu         ] GC(580) User=0.03s Sys=0.00s Real=0.04s
[271.192s][info][gc,start       ] GC(581) Pause Young (Allocation Failure)
[271.245s][info][gc,heap        ] GC(581) DefNew: 560342K(629248K)->981K(629248K) Eden: 559360K(559360K)->0K(559360K) From: 982K(69888K)->981K(69888K)
[271.245s][info][gc,heap        ] GC(581) Tenured: 14363K(1398144K)->14428K(1398144K)
[271.245s][info][gc,metaspace   ] GC(581) Metaspace: 14331K(15296K)->14331K(15296K) NonClass: 12363K(12992K)->12363K(12992K) Class: 1967K(2304K)->1967K(2304K)
[271.245s][info][gc             ] GC(581) Pause Young (Allocation Failure) 561M->15M(1979M) 52.682ms
[271.245s][info][gc,cpu         ] GC(581) User=0.05s Sys=0.00s Real=0.05s
[271.650s][info][gc,start       ] GC(582) Pause Young (Allocation Failure)
[271.704s][info][gc,heap        ] GC(582) DefNew: 560341K(629248K)->977K(629248K) Eden: 559360K(559360K)->0K(559360K) From: 981K(69888K)->977K(69888K)
[271.704s][info][gc,heap        ] GC(582) Tenured: 14428K(1398144K)->14497K(1398144K)
[271.704s][info][gc,metaspace   ] GC(582) Metaspace: 14331K(15296K)->14331K(15296K) NonClass: 12363K(12992K)->12363K(12992K) Class: 1967K(2304K)->1967K(2304K)
[271.704s][info][gc             ] GC(582) Pause Young (Allocation Failure) 561M->15M(1979M) 54.483ms
[271.704s][info][gc,cpu         ] GC(582) User=0.05s Sys=0.00s Real=0.04s
[272.115s][info][gc,start       ] GC(583) Pause Young (Allocation Failure)
[272.169s][info][gc,heap        ] GC(583) DefNew: 560337K(629248K)->977K(629248K) Eden: 559360K(559360K)->0K(559360K) From: 977K(69888K)->977K(69888K)
[272.169s][info][gc,heap        ] GC(583) Tenured: 14497K(1398144K)->14561K(1398144K)
[272.169s][info][gc,metaspace   ] GC(583) Metaspace: 14331K(15296K)->14331K(15296K) NonClass: 12363K(12992K)->12363K(12992K) Class: 1967K(2304K)->1967K(2304K)
[272.169s][info][gc             ] GC(583) Pause Young (Allocation Failure) 561M->15M(1979M) 54.273ms
[272.169s][info][gc,cpu         ] GC(583) User=0.05s Sys=0.00s Real=0.05s
[272.590s][info][gc,start       ] GC(584) Pause Young (Allocation Failure)
[272.635s][info][gc,heap        ] GC(584) DefNew: 560337K(629248K)->976K(629248K) Eden: 559360K(559360K)->0K(559360K) From: 977K(69888K)->976K(69888K)
[272.635s][info][gc,heap        ] GC(584) Tenured: 14561K(1398144K)->14628K(1398144K)
[272.635s][info][gc,metaspace   ] GC(584) Metaspace: 14331K(15296K)->14331K(15296K) NonClass: 12363K(12992K)->12363K(12992K) Class: 1967K(2304K)->1967K(2304K)
[272.635s][info][gc             ] GC(584) Pause Young (Allocation Failure) 561M->15M(1979M) 44.395ms
[272.635s][info][gc,cpu         ] GC(584) User=0.03s Sys=0.00s Real=0.03s
[273.100s][info][gc,start       ] GC(585) Pause Young (Allocation Failure)
[273.157s][info][gc,heap        ] GC(585) DefNew: 560336K(629248K)->985K(629248K) Eden: 559360K(559360K)->0K(559360K) From: 976K(69888K)->985K(69888K)
[273.157s][info][gc,heap        ] GC(585) Tenured: 14628K(1398144K)->14693K(1398144K)
[273.157s][info][gc,metaspace   ] GC(585) Metaspace: 14331K(15296K)->14331K(15296K) NonClass: 12363K(12992K)->12363K(12992K) Class: 1967K(2304K)->1967K(2304K)
[273.157s][info][gc             ] GC(585) Pause Young (Allocation Failure) 561M->15M(1979M) 56.863ms
[273.157s][info][gc,cpu         ] GC(585) User=0.05s Sys=0.00s Real=0.05s
[273.567s][info][gc,start       ] GC(586) Pause Young (Allocation Failure)
[273.612s][info][gc,heap        ] GC(586) DefNew: 560345K(629248K)->985K(629248K) Eden: 559360K(559360K)->0K(559360K) From: 985K(69888K)->985K(69888K)
[273.612s][info][gc,heap        ] GC(586) Tenured: 14693K(1398144K)->14755K(1398144K)
[273.612s][info][gc,metaspace   ] GC(586) Metaspace: 14331K(15296K)->14331K(15296K) NonClass: 12363K(12992K)->12363K(12992K) Class: 1967K(2304K)->1967K(2304K)
[273.612s][info][gc             ] GC(586) Pause Young (Allocation Failure) 561M->15M(1979M) 44.569ms
[273.612s][info][gc,cpu         ] GC(586) User=0.03s Sys=0.00s Real=0.04s
[273.961s][info][gc,start       ] GC(587) Pause Full (System.gc())
[273.961s][info][gc,phases,start] GC(587) Phase 1: Mark live objects
[274.001s][info][gc,phases      ] GC(587) Phase 1: Mark live objects 39.523ms
[274.001s][info][gc,phases,start] GC(587) Phase 2: Compute new object addresses
[274.065s][info][gc,phases      ] GC(587) Phase 2: Compute new object addresses 64.182ms
[274.065s][info][gc,phases,start] GC(587) Phase 3: Adjust pointers
[274.085s][info][gc,phases      ] GC(587) Phase 3: Adjust pointers 19.893ms
[274.085s][info][gc,phases,start] GC(587) Phase 4: Move objects
[274.085s][info][gc,phases      ] GC(587) Phase 4: Move objects 0.012ms
[274.085s][info][gc,heap        ] GC(587) DefNew: 273411K(629248K)->0K(629248K) Eden: 272425K(559360K)->0K(559360K) From: 985K(69888K)->0K(69888K)
[274.085s][info][gc,heap        ] GC(587) Tenured: 14755K(1398144K)->14755K(1398144K)
[274.085s][info][gc,metaspace   ] GC(587) Metaspace: 14331K(15296K)->14331K(15296K) NonClass: 12363K(12992K)->12363K(12992K) Class: 1967K(2304K)->1967K(2304K)
[274.085s][info][gc             ] GC(587) Pause Full (System.gc()) 281M->14M(1979M) 124.026ms
[274.085s][info][gc,cpu         ] GC(587) User=0.13s Sys=0.00s Real=0.13s
[274.419s][info][gc,start       ] GC(588) Pause Young (Allocation Failure)
[274.455s][info][gc,heap        ] GC(588) DefNew: 559360K(629248K)->1512K(629248K) Eden: 559360K(559360K)->0K(559360K) From: 0K(69888K)->1512K(69888K)
[274.455s][info][gc,heap        ] GC(588) Tenured: 14755K(1398144K)->14755K(1398144K)
[274.455s][info][gc,metaspace   ] GC(588) Metaspace: 14334K(15296K)->14334K(15296K) NonClass: 12367K(12992K)->12367K(12992K) Class: 1967K(2304K)->1967K(2304K)
[274.455s][info][gc             ] GC(588) Pause Young (Allocation Failure) 560M->15M(1979M) 36.564ms
[274.455s][info][gc,cpu         ] GC(588) User=0.03s Sys=0.00s Real=0.04s
[274.875s][info][gc,start       ] GC(589) Pause Young (Allocation Failure)
[274.918s][info][gc,heap        ] GC(589) DefNew: 560872K(629248K)->1580K(629248K) Eden: 559360K(559360K)->0K(559360K) From: 1512K(69888K)->1580K(69888K)
[274.918s][info][gc,heap        ] GC(589) Tenured: 14755K(1398144K)->14755K(1398144K)
[274.918s][info][gc,metaspace   ] GC(589) Metaspace: 14334K(15296K)->14334K(15296K) NonClass: 12367K(12992K)->12367K(12992K) Class: 1967K(2304K)->1967K(2304K)
[274.918s][info][gc             ] GC(589) Pause Young (Allocation Failure) 562M->15M(1979M) 43.888ms
[274.919s][info][gc,cpu         ] GC(589) User=0.05s Sys=0.00s Real=0.04s
[275.314s][info][gc,start       ] GC(590) Pause Young (Allocation Failure)
[275.366s][info][gc,heap        ] GC(590) DefNew: 560940K(629248K)->1642K(629248K) Eden: 559360K(559360K)->0K(559360K) From: 1580K(69888K)->1642K(69888K)
[275.366s][info][gc,heap        ] GC(590) Tenured: 14755K(1398144K)->14755K(1398144K)
[275.366s][info][gc,metaspace   ] GC(590) Metaspace: 14334K(15296K)->14334K(15296K) NonClass: 12367K(12992K)->12367K(12992K) Class: 1967K(2304K)->1967K(2304K)
[275.366s][info][gc             ] GC(590) Pause Young (Allocation Failure) 562M->16M(1979M) 52.115ms
[275.366s][info][gc,cpu         ] GC(590) User=0.06s Sys=0.00s Real=0.05s
[275.789s][info][gc,start       ] GC(591) Pause Young (Allocation Failure)
[275.847s][info][gc,heap        ] GC(591) DefNew: 561002K(629248K)->1715K(629248K) Eden: 559360K(559360K)->0K(559360K) From: 1642K(69888K)->1715K(69888K)
[275.847s][info][gc,heap        ] GC(591) Tenured: 14755K(1398144K)->14755K(1398144K)
[275.847s][info][gc,metaspace   ] GC(591) Metaspace: 14334K(15296K)->14334K(15296K) NonClass: 12367K(12992K)->12367K(12992K) Class: 1967K(2304K)->1967K(2304K)
[275.847s][info][gc             ] GC(591) Pause Young (Allocation Failure) 562M->16M(1979M) 58.454ms
[275.847s][info][gc,cpu         ] GC(591) User=0.05s Sys=0.00s Real=0.05s
[276.251s][info][gc,start       ] GC(592) Pause Young (Allocation Failure)
[276.308s][info][gc,heap        ] GC(592) DefNew: 561075K(629248K)->1779K(629248K) Eden: 559360K(559360K)->0K(559360K) From: 1715K(69888K)->1779K(69888K)
[276.308s][info][gc,heap        ] GC(592) Tenured: 14755K(1398144K)->14755K(1398144K)
[276.308s][info][gc,metaspace   ] GC(592) Metaspace: 14334K(15296K)->14334K(15296K) NonClass: 12367K(12992K)->12367K(12992K) Class: 1967K(2304K)->1967K(2304K)
[276.308s][info][gc             ] GC(592) Pause Young (Allocation Failure) 562M->16M(1979M) 56.333ms
[276.308s][info][gc,cpu         ] GC(592) User=0.05s Sys=0.00s Real=0.05s
[276.742s][info][gc,start       ] GC(593) Pause Young (Allocation Failure)
[276.796s][info][gc,heap        ] GC(593) DefNew: 561139K(629248K)->1846K(629248K) Eden: 559360K(559360K)->0K(559360K) From: 1779K(69888K)->1846K(69888K)
[276.796s][info][gc,heap        ] GC(593) Tenured: 14755K(1398144K)->14755K(1398144K)
[276.796s][info][gc,metaspace   ] GC(593) Metaspace: 14334K(15296K)->14334K(15296K) NonClass: 12367K(12992K)->12367K(12992K) Class: 1967K(2304K)->1967K(2304K)
[276.796s][info][gc             ] GC(593) Pause Young (Allocation Failure) 562M->16M(1979M) 53.602ms
[276.796s][info][gc,cpu         ] GC(593) User=0.05s Sys=0.00s Real=0.05s
[277.219s][info][gc,start       ] GC(594) Pause Young (Allocation Failure)
[277.265s][info][gc,heap        ] GC(594) DefNew: 561206K(629248K)->1913K(629248K) Eden: 559360K(559360K)->0K(559360K) From: 1846K(69888K)->1913K(69888K)
[277.265s][info][gc,heap        ] GC(594) Tenured: 14755K(1398144K)->14755K(1398144K)
[277.265s][info][gc,metaspace   ] GC(594) Metaspace: 14334K(15296K)->14334K(15296K) NonClass: 12367K(12992K)->12367K(12992K) Class: 1967K(2304K)->1967K(2304K)
[277.265s][info][gc             ] GC(594) Pause Young (Allocation Failure) 562M->16M(1979M) 46.170ms
[277.265s][info][gc,cpu         ] GC(594) User=0.05s Sys=0.00s Real=0.05s
[277.679s][info][gc,start       ] GC(595) Pause Young (Allocation Failure)
[277.734s][info][gc,heap        ] GC(595) DefNew: 561273K(629248K)->1979K(629248K) Eden: 559360K(559360K)->0K(559360K) From: 1913K(69888K)->1979K(69888K)
[277.734s][info][gc,heap        ] GC(595) Tenured: 14755K(1398144K)->14755K(1398144K)
[277.734s][info][gc,metaspace   ] GC(595) Metaspace: 14334K(15296K)->14334K(15296K) NonClass: 12367K(12992K)->12367K(12992K) Class: 1967K(2304K)->1967K(2304K)
[277.734s][info][gc             ] GC(595) Pause Young (Allocation Failure) 562M->16M(1979M) 54.372ms
[277.734s][info][gc,cpu         ] GC(595) User=0.05s Sys=0.00s Real=0.05s
[278.174s][info][gc,start       ] GC(596) Pause Young (Allocation Failure)
[278.229s][info][gc,heap        ] GC(596) DefNew: 561339K(629248K)->2045K(629248K) Eden: 559360K(559360K)->0K(559360K) From: 1979K(69888K)->2045K(69888K)
[278.229s][info][gc,heap        ] GC(596) Tenured: 14755K(1398144K)->14755K(1398144K)
[278.229s][info][gc,metaspace   ] GC(596) Metaspace: 14334K(15296K)->14334K(15296K) NonClass: 12367K(12992K)->12367K(12992K) Class: 1967K(2304K)->1967K(2304K)
[278.229s][info][gc             ] GC(596) Pause Young (Allocation Failure) 562M->16M(1979M) 54.792ms
[278.229s][info][gc,cpu         ] GC(596) User=0.05s Sys=0.00s Real=0.05s
[278.615s][info][gc,start       ] GC(597) Pause Young (Allocation Failure)
[278.671s][info][gc,heap        ] GC(597) DefNew: 561405K(629248K)->2111K(629248K) Eden: 559360K(559360K)->0K(559360K) From: 2045K(69888K)->2111K(69888K)
[278.671s][info][gc,heap        ] GC(597) Tenured: 14755K(1398144K)->14755K(1398144K)
[278.671s][info][gc,metaspace   ] GC(597) Metaspace: 14334K(15296K)->14334K(15296K) NonClass: 12367K(12992K)->12367K(12992K) Class: 1967K(2304K)->1967K(2304K)
[278.671s][info][gc             ] GC(597) Pause Young (Allocation Failure) 562M->16M(1979M) 55.357ms
[278.671s][info][gc,cpu         ] GC(597) User=0.05s Sys=0.00s Real=0.05s
[279.081s][info][gc,start       ] GC(598) Pause Young (Allocation Failure)
[279.137s][info][gc,heap        ] GC(598) DefNew: 561471K(629248K)->2179K(629248K) Eden: 559360K(559360K)->0K(559360K) From: 2111K(69888K)->2179K(69888K)
[279.137s][info][gc,heap        ] GC(598) Tenured: 14755K(1398144K)->14755K(1398144K)
[279.137s][info][gc,metaspace   ] GC(598) Metaspace: 14334K(15296K)->14334K(15296K) NonClass: 12367K(12992K)->12367K(12992K) Class: 1967K(2304K)->1967K(2304K)
[279.138s][info][gc             ] GC(598) Pause Young (Allocation Failure) 562M->16M(1979M) 56.388ms
[279.138s][info][gc,cpu         ] GC(598) User=0.05s Sys=0.00s Real=0.06s
[279.537s][info][gc,start       ] GC(599) Pause Young (Allocation Failure)
[279.580s][info][gc,heap        ] GC(599) DefNew: 561539K(629248K)->2246K(629248K) Eden: 559360K(559360K)->0K(559360K) From: 2179K(69888K)->2246K(69888K)
[279.580s][info][gc,heap        ] GC(599) Tenured: 14755K(1398144K)->14755K(1398144K)
[279.580s][info][gc,metaspace   ] GC(599) Metaspace: 14334K(15296K)->14334K(15296K) NonClass: 12367K(12992K)->12367K(12992K) Class: 1967K(2304K)->1967K(2304K)
[279.580s][info][gc             ] GC(599) Pause Young (Allocation Failure) 562M->16M(1979M) 43.691ms
[279.580s][info][gc,cpu         ] GC(599) User=0.03s Sys=0.00s Real=0.03s
[279.982s][info][gc,start       ] GC(600) Pause Young (Allocation Failure)
[280.040s][info][gc,heap        ] GC(600) DefNew: 561606K(629248K)->2307K(629248K) Eden: 559360K(559360K)->0K(559360K) From: 2246K(69888K)->2307K(69888K)
[280.040s][info][gc,heap        ] GC(600) Tenured: 14755K(1398144K)->14755K(1398144K)
[280.040s][info][gc,metaspace   ] GC(600) Metaspace: 14334K(15296K)->14334K(15296K) NonClass: 12367K(12992K)->12367K(12992K) Class: 1967K(2304K)->1967K(2304K)
[280.040s][info][gc             ] GC(600) Pause Young (Allocation Failure) 562M->16M(1979M) 57.751ms
[280.040s][info][gc,cpu         ] GC(600) User=0.06s Sys=0.00s Real=0.06s
[280.452s][info][gc,start       ] GC(601) Pause Young (Allocation Failure)
[280.502s][info][gc,heap        ] GC(601) DefNew: 561667K(629248K)->2375K(629248K) Eden: 559360K(559360K)->0K(559360K) From: 2307K(69888K)->2375K(69888K)
[280.502s][info][gc,heap        ] GC(601) Tenured: 14755K(1398144K)->14755K(1398144K)
[280.502s][info][gc,metaspace   ] GC(601) Metaspace: 14334K(15296K)->14334K(15296K) NonClass: 12367K(12992K)->12367K(12992K) Class: 1967K(2304K)->1967K(2304K)
[280.502s][info][gc             ] GC(601) Pause Young (Allocation Failure) 562M->16M(1979M) 50.021ms
[280.502s][info][gc,cpu         ] GC(601) User=0.05s Sys=0.00s Real=0.05s
[280.902s][info][gc,start       ] GC(602) Pause Young (Allocation Failure)
[280.945s][info][gc,heap        ] GC(602) DefNew: 561735K(629248K)->2440K(629248K) Eden: 559360K(559360K)->0K(559360K) From: 2375K(69888K)->2440K(69888K)
[280.945s][info][gc,heap        ] GC(602) Tenured: 14755K(1398144K)->14755K(1398144K)
[280.945s][info][gc,metaspace   ] GC(602) Metaspace: 14334K(15296K)->14334K(15296K) NonClass: 12367K(12992K)->12367K(12992K) Class: 1967K(2304K)->1967K(2304K)
[280.945s][info][gc             ] GC(602) Pause Young (Allocation Failure) 562M->16M(1979M) 42.211ms
[280.945s][info][gc,cpu         ] GC(602) User=0.03s Sys=0.00s Real=0.03s
[281.328s][info][gc,start       ] GC(603) Pause Young (Allocation Failure)
[281.372s][info][gc,heap        ] GC(603) DefNew: 561800K(629248K)->995K(629248K) Eden: 559360K(559360K)->0K(559360K) From: 2440K(69888K)->995K(69888K)
[281.372s][info][gc,heap        ] GC(603) Tenured: 14755K(1398144K)->16260K(1398144K)
[281.372s][info][gc,metaspace   ] GC(603) Metaspace: 14334K(15296K)->14334K(15296K) NonClass: 12367K(12992K)->12367K(12992K) Class: 1967K(2304K)->1967K(2304K)
[281.372s][info][gc             ] GC(603) Pause Young (Allocation Failure) 563M->16M(1979M) 43.740ms
[281.372s][info][gc,cpu         ] GC(603) User=0.05s Sys=0.00s Real=0.04s
[281.790s][info][gc,start       ] GC(604) Pause Young (Allocation Failure)
[281.847s][info][gc,heap        ] GC(604) DefNew: 560355K(629248K)->995K(629248K) Eden: 559360K(559360K)->0K(559360K) From: 995K(69888K)->995K(69888K)
[281.847s][info][gc,heap        ] GC(604) Tenured: 16260K(1398144K)->16328K(1398144K)
[281.847s][info][gc,metaspace   ] GC(604) Metaspace: 14334K(15296K)->14334K(15296K) NonClass: 12367K(12992K)->12367K(12992K) Class: 1967K(2304K)->1967K(2304K)
[281.847s][info][gc             ] GC(604) Pause Young (Allocation Failure) 563M->16M(1979M) 57.067ms
[281.847s][info][gc,cpu         ] GC(604) User=0.05s Sys=0.00s Real=0.05s
[282.267s][info][gc,start       ] GC(605) Pause Young (Allocation Failure)
[282.324s][info][gc,heap        ] GC(605) DefNew: 560355K(629248K)->999K(629248K) Eden: 559360K(559360K)->0K(559360K) From: 995K(69888K)->999K(69888K)
[282.324s][info][gc,heap        ] GC(605) Tenured: 16328K(1398144K)->16390K(1398144K)
[282.324s][info][gc,metaspace   ] GC(605) Metaspace: 14334K(15296K)->14334K(15296K) NonClass: 12367K(12992K)->12367K(12992K) Class: 1967K(2304K)->1967K(2304K)
[282.324s][info][gc             ] GC(605) Pause Young (Allocation Failure) 563M->16M(1979M) 57.689ms
[282.324s][info][gc,cpu         ] GC(605) User=0.06s Sys=0.00s Real=0.06s
[282.900s][info][gc,start       ] GC(606) Pause Young (Allocation Failure)
[282.954s][info][gc,heap        ] GC(606) DefNew: 560359K(629248K)->993K(629248K) Eden: 559360K(559360K)->0K(559360K) From: 999K(69888K)->993K(69888K)
[282.954s][info][gc,heap        ] GC(606) Tenured: 16390K(1398144K)->16461K(1398144K)
[282.954s][info][gc,metaspace   ] GC(606) Metaspace: 14334K(15296K)->14334K(15296K) NonClass: 12367K(12992K)->12367K(12992K) Class: 1967K(2304K)->1967K(2304K)
[282.954s][info][gc             ] GC(606) Pause Young (Allocation Failure) 563M->17M(1979M) 54.236ms
[282.954s][info][gc,cpu         ] GC(606) User=0.05s Sys=0.00s Real=0.05s
[283.395s][info][gc,start       ] GC(607) Pause Young (Allocation Failure)
[283.448s][info][gc,heap        ] GC(607) DefNew: 560353K(629248K)->999K(629248K) Eden: 559360K(559360K)->0K(559360K) From: 993K(69888K)->999K(69888K)
[283.448s][info][gc,heap        ] GC(607) Tenured: 16461K(1398144K)->16526K(1398144K)
[283.448s][info][gc,metaspace   ] GC(607) Metaspace: 14334K(15296K)->14334K(15296K) NonClass: 12367K(12992K)->12367K(12992K) Class: 1967K(2304K)->1967K(2304K)
[283.448s][info][gc             ] GC(607) Pause Young (Allocation Failure) 563M->17M(1979M) 52.844ms
[283.448s][info][gc,cpu         ] GC(607) User=0.03s Sys=0.00s Real=0.04s
[283.864s][info][gc,start       ] GC(608) Pause Young (Allocation Failure)
[283.918s][info][gc,heap        ] GC(608) DefNew: 560359K(629248K)->998K(629248K) Eden: 559360K(559360K)->0K(559360K) From: 999K(69888K)->998K(69888K)
[283.918s][info][gc,heap        ] GC(608) Tenured: 16526K(1398144K)->16592K(1398144K)
[283.918s][info][gc,metaspace   ] GC(608) Metaspace: 14334K(15296K)->14334K(15296K) NonClass: 12367K(12992K)->12367K(12992K) Class: 1967K(2304K)->1967K(2304K)
[283.918s][info][gc             ] GC(608) Pause Young (Allocation Failure) 563M->17M(1979M) 54.609ms
[283.918s][info][gc,cpu         ] GC(608) User=0.03s Sys=0.00s Real=0.04s
[284.353s][info][gc,start       ] GC(609) Pause Young (Allocation Failure)
[284.404s][info][gc,heap        ] GC(609) DefNew: 560358K(629248K)->1000K(629248K) Eden: 559360K(559360K)->0K(559360K) From: 998K(69888K)->1000K(69888K)
[284.404s][info][gc,heap        ] GC(609) Tenured: 16592K(1398144K)->16659K(1398144K)
[284.404s][info][gc,metaspace   ] GC(609) Metaspace: 14334K(15296K)->14334K(15296K) NonClass: 12367K(12992K)->12367K(12992K) Class: 1967K(2304K)->1967K(2304K)
[284.404s][info][gc             ] GC(609) Pause Young (Allocation Failure) 563M->17M(1979M) 51.533ms
[284.404s][info][gc,cpu         ] GC(609) User=0.05s Sys=0.00s Real=0.04s
[284.821s][info][gc,start       ] GC(610) Pause Young (Allocation Failure)
[284.865s][info][gc,heap        ] GC(610) DefNew: 560360K(629248K)->999K(629248K) Eden: 559360K(559360K)->0K(559360K) From: 1000K(69888K)->999K(69888K)
[284.865s][info][gc,heap        ] GC(610) Tenured: 16659K(1398144K)->16724K(1398144K)
[284.865s][info][gc,metaspace   ] GC(610) Metaspace: 14334K(15296K)->14334K(15296K) NonClass: 12367K(12992K)->12367K(12992K) Class: 1967K(2304K)->1967K(2304K)
[284.865s][info][gc             ] GC(610) Pause Young (Allocation Failure) 563M->17M(1979M) 44.038ms
[284.865s][info][gc,cpu         ] GC(610) User=0.03s Sys=0.00s Real=0.03s
[285.282s][info][gc,start       ] GC(611) Pause Young (Allocation Failure)
[285.340s][info][gc,heap        ] GC(611) DefNew: 560359K(629248K)->1002K(629248K) Eden: 559360K(559360K)->0K(559360K) From: 999K(69888K)->1002K(69888K)
[285.340s][info][gc,heap        ] GC(611) Tenured: 16724K(1398144K)->16792K(1398144K)
[285.340s][info][gc,metaspace   ] GC(611) Metaspace: 14334K(15296K)->14334K(15296K) NonClass: 12367K(12992K)->12367K(12992K) Class: 1967K(2304K)->1967K(2304K)
[285.340s][info][gc             ] GC(611) Pause Young (Allocation Failure) 563M->17M(1979M) 58.011ms
[285.340s][info][gc,cpu         ] GC(611) User=0.06s Sys=0.00s Real=0.06s
[285.895s][info][gc,start       ] GC(612) Pause Young (Allocation Failure)
[285.956s][info][gc,heap        ] GC(612) DefNew: 560362K(629248K)->1003K(629248K) Eden: 559360K(559360K)->0K(559360K) From: 1002K(69888K)->1003K(69888K)
[285.956s][info][gc,heap        ] GC(612) Tenured: 16792K(1398144K)->16857K(1398144K)
[285.956s][info][gc,metaspace   ] GC(612) Metaspace: 14334K(15296K)->14334K(15296K) NonClass: 12367K(12992K)->12367K(12992K) Class: 1967K(2304K)->1967K(2304K)
[285.956s][info][gc             ] GC(612) Pause Young (Allocation Failure) 563M->17M(1979M) 60.992ms
[285.956s][info][gc,cpu         ] GC(612) User=0.06s Sys=0.00s Real=0.06s
[286.391s][info][gc,start       ] GC(613) Pause Young (Allocation Failure)
[286.444s][info][gc,heap        ] GC(613) DefNew: 560363K(629248K)->1005K(629248K) Eden: 559360K(559360K)->0K(559360K) From: 1003K(69888K)->1005K(69888K)
[286.444s][info][gc,heap        ] GC(613) Tenured: 16857K(1398144K)->16925K(1398144K)
[286.444s][info][gc,metaspace   ] GC(613) Metaspace: 14334K(15296K)->14334K(15296K) NonClass: 12367K(12992K)->12367K(12992K) Class: 1967K(2304K)->1967K(2304K)
[286.444s][info][gc             ] GC(613) Pause Young (Allocation Failure) 563M->17M(1979M) 52.688ms
[286.444s][info][gc,cpu         ] GC(613) User=0.05s Sys=0.00s Real=0.04s
[286.864s][info][gc,start       ] GC(614) Pause Young (Allocation Failure)
[286.916s][info][gc,heap        ] GC(614) DefNew: 560365K(629248K)->1011K(629248K) Eden: 559360K(559360K)->0K(559360K) From: 1005K(69888K)->1011K(69888K)
[286.916s][info][gc,heap        ] GC(614) Tenured: 16925K(1398144K)->16987K(1398144K)
[286.916s][info][gc,metaspace   ] GC(614) Metaspace: 14334K(15296K)->14334K(15296K) NonClass: 12367K(12992K)->12367K(12992K) Class: 1967K(2304K)->1967K(2304K)
[286.916s][info][gc             ] GC(614) Pause Young (Allocation Failure) 563M->17M(1979M) 51.786ms
[286.916s][info][gc,cpu         ] GC(614) User=0.05s Sys=0.00s Real=0.05s
[287.352s][info][gc,start       ] GC(615) Pause Young (Allocation Failure)
[287.396s][info][gc,heap        ] GC(615) DefNew: 560371K(629248K)->1017K(629248K) Eden: 559360K(559360K)->0K(559360K) From: 1011K(69888K)->1017K(69888K)
[287.396s][info][gc,heap        ] GC(615) Tenured: 16987K(1398144K)->17052K(1398144K)
[287.396s][info][gc,metaspace   ] GC(615) Metaspace: 14334K(15296K)->14334K(15296K) NonClass: 12367K(12992K)->12367K(12992K) Class: 1967K(2304K)->1967K(2304K)
[287.396s][info][gc             ] GC(615) Pause Young (Allocation Failure) 563M->17M(1979M) 43.607ms
[287.396s][info][gc,cpu         ] GC(615) User=0.03s Sys=0.00s Real=0.03s
[287.813s][info][gc,start       ] GC(616) Pause Young (Allocation Failure)
[287.857s][info][gc,heap        ] GC(616) DefNew: 560377K(629248K)->1013K(629248K) Eden: 559360K(559360K)->0K(559360K) From: 1017K(69888K)->1013K(69888K)
[287.857s][info][gc,heap        ] GC(616) Tenured: 17052K(1398144K)->17120K(1398144K)
[287.857s][info][gc,metaspace   ] GC(616) Metaspace: 14334K(15296K)->14334K(15296K) NonClass: 12367K(12992K)->12367K(12992K) Class: 1967K(2304K)->1967K(2304K)
[287.857s][info][gc             ] GC(616) Pause Young (Allocation Failure) 563M->17M(1979M) 43.644ms
[287.857s][info][gc,cpu         ] GC(616) User=0.05s Sys=0.00s Real=0.04s
[288.292s][info][gc,start       ] GC(617) Pause Young (Allocation Failure)
[288.336s][info][gc,heap        ] GC(617) DefNew: 560373K(629248K)->1020K(629248K) Eden: 559360K(559360K)->0K(559360K) From: 1013K(69888K)->1020K(69888K)
[288.336s][info][gc,heap        ] GC(617) Tenured: 17120K(1398144K)->17185K(1398144K)
[288.336s][info][gc,metaspace   ] GC(617) Metaspace: 14334K(15296K)->14334K(15296K) NonClass: 12367K(12992K)->12367K(12992K) Class: 1967K(2304K)->1967K(2304K)
[288.336s][info][gc             ] GC(617) Pause Young (Allocation Failure) 563M->17M(1979M) 44.132ms
[288.336s][info][gc,cpu         ] GC(617) User=0.05s Sys=0.00s Real=0.04s
[288.768s][info][gc,start       ] GC(618) Pause Young (Allocation Failure)
[288.826s][info][gc,heap        ] GC(618) DefNew: 560380K(629248K)->1032K(629248K) Eden: 559360K(559360K)->0K(559360K) From: 1020K(69888K)->1032K(69888K)
[288.826s][info][gc,heap        ] GC(618) Tenured: 17185K(1398144K)->17244K(1398144K)
[288.826s][info][gc,metaspace   ] GC(618) Metaspace: 14334K(15296K)->14334K(15296K) NonClass: 12367K(12992K)->12367K(12992K) Class: 1967K(2304K)->1967K(2304K)
[288.826s][info][gc             ] GC(618) Pause Young (Allocation Failure) 564M->17M(1979M) 58.303ms
[288.826s][info][gc,cpu         ] GC(618) User=0.05s Sys=0.00s Real=0.06s
[289.266s][info][gc,start       ] GC(619) Pause Young (Allocation Failure)
[289.322s][info][gc,heap        ] GC(619) DefNew: 560392K(629248K)->1037K(629248K) Eden: 559360K(559360K)->0K(559360K) From: 1032K(69888K)->1037K(69888K)
[289.322s][info][gc,heap        ] GC(619) Tenured: 17244K(1398144K)->17312K(1398144K)
[289.322s][info][gc,metaspace   ] GC(619) Metaspace: 14334K(15296K)->14334K(15296K) NonClass: 12367K(12992K)->12367K(12992K) Class: 1967K(2304K)->1967K(2304K)
[289.322s][info][gc             ] GC(619) Pause Young (Allocation Failure) 564M->17M(1979M) 56.638ms
[289.322s][info][gc,cpu         ] GC(619) User=0.05s Sys=0.00s Real=0.04s
[289.762s][info][gc,start       ] GC(620) Pause Young (Allocation Failure)
[289.812s][info][gc,heap        ] GC(620) DefNew: 560397K(629248K)->1038K(629248K) Eden: 559360K(559360K)->0K(559360K) From: 1037K(69888K)->1038K(69888K)
[289.812s][info][gc,heap        ] GC(620) Tenured: 17312K(1398144K)->17380K(1398144K)
[289.812s][info][gc,metaspace   ] GC(620) Metaspace: 14334K(15296K)->14334K(15296K) NonClass: 12367K(12992K)->12367K(12992K) Class: 1967K(2304K)->1967K(2304K)
[289.812s][info][gc             ] GC(620) Pause Young (Allocation Failure) 564M->17M(1979M) 50.339ms
[289.812s][info][gc,cpu         ] GC(620) User=0.05s Sys=0.00s Real=0.05s
[290.266s][info][gc,start       ] GC(621) Pause Young (Allocation Failure)
[290.320s][info][gc,heap        ] GC(621) DefNew: 560398K(629248K)->1047K(629248K) Eden: 559360K(559360K)->0K(559360K) From: 1038K(69888K)->1047K(69888K)
[290.320s][info][gc,heap        ] GC(621) Tenured: 17380K(1398144K)->17445K(1398144K)
[290.320s][info][gc,metaspace   ] GC(621) Metaspace: 14334K(15296K)->14334K(15296K) NonClass: 12367K(12992K)->12367K(12992K) Class: 1967K(2304K)->1967K(2304K)
[290.320s][info][gc             ] GC(621) Pause Young (Allocation Failure) 564M->18M(1979M) 53.692ms
[290.320s][info][gc,cpu         ] GC(621) User=0.06s Sys=0.00s Real=0.05s
[290.753s][info][gc,start       ] GC(622) Pause Young (Allocation Failure)
[290.808s][info][gc,heap        ] GC(622) DefNew: 560407K(629248K)->1046K(629248K) Eden: 559360K(559360K)->0K(559360K) From: 1047K(69888K)->1046K(69888K)
[290.808s][info][gc,heap        ] GC(622) Tenured: 17445K(1398144K)->17516K(1398144K)
[290.808s][info][gc,metaspace   ] GC(622) Metaspace: 14334K(15296K)->14334K(15296K) NonClass: 12367K(12992K)->12367K(12992K) Class: 1967K(2304K)->1967K(2304K)
[290.808s][info][gc             ] GC(622) Pause Young (Allocation Failure) 564M->18M(1979M) 55.158ms
[290.808s][info][gc,cpu         ] GC(622) User=0.05s Sys=0.00s Real=0.05s
[291.242s][info][gc,start       ] GC(623) Pause Young (Allocation Failure)
[291.299s][info][gc,heap        ] GC(623) DefNew: 560406K(629248K)->1051K(629248K) Eden: 559360K(559360K)->0K(559360K) From: 1046K(69888K)->1051K(69888K)
[291.299s][info][gc,heap        ] GC(623) Tenured: 17516K(1398144K)->17581K(1398144K)
[291.299s][info][gc,metaspace   ] GC(623) Metaspace: 14334K(15296K)->14334K(15296K) NonClass: 12367K(12992K)->12367K(12992K) Class: 1967K(2304K)->1967K(2304K)
[291.299s][info][gc             ] GC(623) Pause Young (Allocation Failure) 564M->18M(1979M) 56.985ms
[291.299s][info][gc,cpu         ] GC(623) User=0.05s Sys=0.00s Real=0.05s
[291.737s][info][gc,start       ] GC(624) Pause Young (Allocation Failure)
[291.795s][info][gc,heap        ] GC(624) DefNew: 560411K(629248K)->1053K(629248K) Eden: 559360K(559360K)->0K(559360K) From: 1051K(69888K)->1053K(69888K)
[291.795s][info][gc,heap        ] GC(624) Tenured: 17581K(1398144K)->17649K(1398144K)
[291.795s][info][gc,metaspace   ] GC(624) Metaspace: 14334K(15296K)->14334K(15296K) NonClass: 12367K(12992K)->12367K(12992K) Class: 1967K(2304K)->1967K(2304K)
[291.795s][info][gc             ] GC(624) Pause Young (Allocation Failure) 564M->18M(1979M) 58.582ms
[291.795s][info][gc,cpu         ] GC(624) User=0.03s Sys=0.02s Real=0.05s
[292.247s][info][gc,start       ] GC(625) Pause Young (Allocation Failure)
[292.305s][info][gc,heap        ] GC(625) DefNew: 560413K(629248K)->1057K(629248K) Eden: 559360K(559360K)->0K(559360K) From: 1053K(69888K)->1057K(69888K)
[292.305s][info][gc,heap        ] GC(625) Tenured: 17649K(1398144K)->17714K(1398144K)
[292.305s][info][gc,metaspace   ] GC(625) Metaspace: 14334K(15296K)->14334K(15296K) NonClass: 12367K(12992K)->12367K(12992K) Class: 1967K(2304K)->1967K(2304K)
[292.305s][info][gc             ] GC(625) Pause Young (Allocation Failure) 564M->18M(1979M) 57.447ms
[292.305s][info][gc,cpu         ] GC(625) User=0.05s Sys=0.00s Real=0.05s
[292.784s][info][gc,start       ] GC(626) Pause Young (Allocation Failure)
[292.835s][info][gc,heap        ] GC(626) DefNew: 560417K(629248K)->1061K(629248K) Eden: 559360K(559360K)->0K(559360K) From: 1057K(69888K)->1061K(69888K)
[292.835s][info][gc,heap        ] GC(626) Tenured: 17714K(1398144K)->17786K(1398144K)
[292.835s][info][gc,metaspace   ] GC(626) Metaspace: 14334K(15296K)->14334K(15296K) NonClass: 12367K(12992K)->12367K(12992K) Class: 1967K(2304K)->1967K(2304K)
[292.835s][info][gc             ] GC(626) Pause Young (Allocation Failure) 564M->18M(1979M) 50.668ms
[292.835s][info][gc,cpu         ] GC(626) User=0.05s Sys=0.00s Real=0.05s
[293.309s][info][gc,start       ] GC(627) Pause Young (Allocation Failure)
[293.366s][info][gc,heap        ] GC(627) DefNew: 560421K(629248K)->1066K(629248K) Eden: 559360K(559360K)->0K(559360K) From: 1061K(69888K)->1066K(69888K)
[293.366s][info][gc,heap        ] GC(627) Tenured: 17786K(1398144K)->17852K(1398144K)
[293.366s][info][gc,metaspace   ] GC(627) Metaspace: 14334K(15296K)->14334K(15296K) NonClass: 12367K(12992K)->12367K(12992K) Class: 1967K(2304K)->1967K(2304K)
[293.366s][info][gc             ] GC(627) Pause Young (Allocation Failure) 564M->18M(1979M) 56.932ms
[293.366s][info][gc,cpu         ] GC(627) User=0.06s Sys=0.00s Real=0.06s
[293.741s][info][gc,start       ] GC(628) Pause Young (Allocation Failure)
[293.788s][info][gc,heap        ] GC(628) DefNew: 560426K(629248K)->1050K(629248K) Eden: 559360K(559360K)->0K(559360K) From: 1066K(69888K)->1050K(69888K)
[293.788s][info][gc,heap        ] GC(628) Tenured: 17852K(1398144K)->17923K(1398144K)
[293.788s][info][gc,metaspace   ] GC(628) Metaspace: 14334K(15296K)->14334K(15296K) NonClass: 12367K(12992K)->12367K(12992K) Class: 1967K(2304K)->1967K(2304K)
[293.788s][info][gc             ] GC(628) Pause Young (Allocation Failure) 564M->18M(1979M) 47.701ms
[293.788s][info][gc,cpu         ] GC(628) User=0.03s Sys=0.00s Real=0.03s
[294.000s][info][gc,start       ] GC(629) Pause Full (System.gc())
[294.000s][info][gc,phases,start] GC(629) Phase 1: Mark live objects
[294.036s][info][gc,phases      ] GC(629) Phase 1: Mark live objects 36.706ms
[294.036s][info][gc,phases,start] GC(629) Phase 2: Compute new object addresses
[294.068s][info][gc,phases      ] GC(629) Phase 2: Compute new object addresses 31.825ms
[294.068s][info][gc,phases,start] GC(629) Phase 3: Adjust pointers
[294.090s][info][gc,phases      ] GC(629) Phase 3: Adjust pointers 21.714ms
[294.090s][info][gc,phases,start] GC(629) Phase 4: Move objects
[294.090s][info][gc,phases      ] GC(629) Phase 4: Move objects 0.012ms
[294.090s][info][gc,heap        ] GC(629) DefNew: 132213K(629248K)->0K(629248K) Eden: 131163K(559360K)->0K(559360K) From: 1050K(69888K)->0K(69888K)
[294.090s][info][gc,heap        ] GC(629) Tenured: 17923K(1398144K)->5375K(1398144K)
[294.090s][info][gc,metaspace   ] GC(629) Metaspace: 14335K(15296K)->14335K(15296K) NonClass: 12367K(12992K)->12367K(12992K) Class: 1967K(2304K)->1967K(2304K)
[294.090s][info][gc             ] GC(629) Pause Full (System.gc()) 146M->5M(1979M) 90.632ms
[294.090s][info][gc,cpu         ] GC(629) User=0.08s Sys=0.00s Real=0.08s
[294.432s][info][gc,start       ] GC(630) Pause Young (Allocation Failure)
[294.481s][info][gc,heap        ] GC(630) DefNew: 559360K(629248K)->1515K(629248K) Eden: 559360K(559360K)->0K(559360K) From: 0K(69888K)->1515K(69888K)
[294.481s][info][gc,heap        ] GC(630) Tenured: 5375K(1398144K)->5375K(1398144K)
[294.481s][info][gc,metaspace   ] GC(630) Metaspace: 14335K(15296K)->14335K(15296K) NonClass: 12367K(12992K)->12367K(12992K) Class: 1967K(2304K)->1967K(2304K)
[294.481s][info][gc             ] GC(630) Pause Young (Allocation Failure) 551M->6M(1979M) 49.209ms
[294.481s][info][gc,cpu         ] GC(630) User=0.05s Sys=0.00s Real=0.04s
[294.889s][info][gc,start       ] GC(631) Pause Young (Allocation Failure)
[294.944s][info][gc,heap        ] GC(631) DefNew: 560875K(629248K)->1584K(629248K) Eden: 559360K(559360K)->0K(559360K) From: 1515K(69888K)->1584K(69888K)
[294.944s][info][gc,heap        ] GC(631) Tenured: 5375K(1398144K)->5375K(1398144K)
[294.944s][info][gc,metaspace   ] GC(631) Metaspace: 14335K(15296K)->14335K(15296K) NonClass: 12367K(12992K)->12367K(12992K) Class: 1967K(2304K)->1967K(2304K)
[294.944s][info][gc             ] GC(631) Pause Young (Allocation Failure) 552M->6M(1979M) 54.550ms
[294.944s][info][gc,cpu         ] GC(631) User=0.05s Sys=0.00s Real=0.04s
[295.365s][info][gc,start       ] GC(632) Pause Young (Allocation Failure)
[295.424s][info][gc,heap        ] GC(632) DefNew: 560944K(629248K)->1649K(629248K) Eden: 559360K(559360K)->0K(559360K) From: 1584K(69888K)->1649K(69888K)
[295.424s][info][gc,heap        ] GC(632) Tenured: 5375K(1398144K)->5375K(1398144K)
[295.424s][info][gc,metaspace   ] GC(632) Metaspace: 14335K(15296K)->14335K(15296K) NonClass: 12367K(12992K)->12367K(12992K) Class: 1967K(2304K)->1967K(2304K)
[295.424s][info][gc             ] GC(632) Pause Young (Allocation Failure) 553M->6M(1979M) 59.361ms
[295.424s][info][gc,cpu         ] GC(632) User=0.05s Sys=0.00s Real=0.05s
[295.836s][info][gc,start       ] GC(633) Pause Young (Allocation Failure)
[295.895s][info][gc,heap        ] GC(633) DefNew: 561009K(629248K)->1711K(629248K) Eden: 559360K(559360K)->0K(559360K) From: 1649K(69888K)->1711K(69888K)
[295.895s][info][gc,heap        ] GC(633) Tenured: 5375K(1398144K)->5375K(1398144K)
[295.895s][info][gc,metaspace   ] GC(633) Metaspace: 14335K(15296K)->14335K(15296K) NonClass: 12367K(12992K)->12367K(12992K) Class: 1967K(2304K)->1967K(2304K)
[295.895s][info][gc             ] GC(633) Pause Young (Allocation Failure) 553M->6M(1979M) 59.418ms
[295.896s][info][gc,cpu         ] GC(633) User=0.05s Sys=0.00s Real=0.05s
[296.294s][info][gc,start       ] GC(634) Pause Young (Allocation Failure)
[296.349s][info][gc,heap        ] GC(634) DefNew: 561071K(629248K)->1775K(629248K) Eden: 559360K(559360K)->0K(559360K) From: 1711K(69888K)->1775K(69888K)
[296.349s][info][gc,heap        ] GC(634) Tenured: 5375K(1398144K)->5375K(1398144K)
[296.349s][info][gc,metaspace   ] GC(634) Metaspace: 14335K(15296K)->14335K(15296K) NonClass: 12367K(12992K)->12367K(12992K) Class: 1967K(2304K)->1967K(2304K)
[296.349s][info][gc             ] GC(634) Pause Young (Allocation Failure) 553M->6M(1979M) 55.292ms
[296.349s][info][gc,cpu         ] GC(634) User=0.05s Sys=0.00s Real=0.04s
[296.766s][info][gc,start       ] GC(635) Pause Young (Allocation Failure)
[296.819s][info][gc,heap        ] GC(635) DefNew: 561135K(629248K)->1841K(629248K) Eden: 559360K(559360K)->0K(559360K) From: 1775K(69888K)->1841K(69888K)
[296.819s][info][gc,heap        ] GC(635) Tenured: 5375K(1398144K)->5375K(1398144K)
[296.819s][info][gc,metaspace   ] GC(635) Metaspace: 14335K(15296K)->14335K(15296K) NonClass: 12367K(12992K)->12367K(12992K) Class: 1967K(2304K)->1967K(2304K)
[296.819s][info][gc             ] GC(635) Pause Young (Allocation Failure) 553M->7M(1979M) 53.000ms
[296.819s][info][gc,cpu         ] GC(635) User=0.06s Sys=0.00s Real=0.05s
[297.238s][info][gc,start       ] GC(636) Pause Young (Allocation Failure)
[297.293s][info][gc,heap        ] GC(636) DefNew: 561201K(629248K)->1911K(629248K) Eden: 559360K(559360K)->0K(559360K) From: 1841K(69888K)->1911K(69888K)
[297.293s][info][gc,heap        ] GC(636) Tenured: 5375K(1398144K)->5375K(1398144K)
[297.293s][info][gc,metaspace   ] GC(636) Metaspace: 14335K(15296K)->14335K(15296K) NonClass: 12367K(12992K)->12367K(12992K) Class: 1967K(2304K)->1967K(2304K)
[297.293s][info][gc             ] GC(636) Pause Young (Allocation Failure) 553M->7M(1979M) 54.680ms
[297.293s][info][gc,cpu         ] GC(636) User=0.05s Sys=0.00s Real=0.05s
[297.701s][info][gc,start       ] GC(637) Pause Young (Allocation Failure)
[297.756s][info][gc,heap        ] GC(637) DefNew: 561271K(629248K)->1972K(629248K) Eden: 559360K(559360K)->0K(559360K) From: 1911K(69888K)->1972K(69888K)
[297.756s][info][gc,heap        ] GC(637) Tenured: 5375K(1398144K)->5375K(1398144K)
[297.756s][info][gc,metaspace   ] GC(637) Metaspace: 14335K(15296K)->14335K(15296K) NonClass: 12367K(12992K)->12367K(12992K) Class: 1967K(2304K)->1967K(2304K)
[297.756s][info][gc             ] GC(637) Pause Young (Allocation Failure) 553M->7M(1979M) 55.391ms
[297.756s][info][gc,cpu         ] GC(637) User=0.05s Sys=0.00s Real=0.05s
[298.180s][info][gc,start       ] GC(638) Pause Young (Allocation Failure)
[298.237s][info][gc,heap        ] GC(638) DefNew: 561332K(629248K)->2038K(629248K) Eden: 559360K(559360K)->0K(559360K) From: 1972K(69888K)->2038K(69888K)
[298.237s][info][gc,heap        ] GC(638) Tenured: 5375K(1398144K)->5375K(1398144K)
[298.237s][info][gc,metaspace   ] GC(638) Metaspace: 14335K(15296K)->14335K(15296K) NonClass: 12367K(12992K)->12367K(12992K) Class: 1967K(2304K)->1967K(2304K)
[298.238s][info][gc             ] GC(638) Pause Young (Allocation Failure) 553M->7M(1979M) 57.166ms
[298.238s][info][gc,cpu         ] GC(638) User=0.06s Sys=0.00s Real=0.06s
[298.663s][info][gc,start       ] GC(639) Pause Young (Allocation Failure)
[298.723s][info][gc,heap        ] GC(639) DefNew: 561398K(629248K)->2105K(629248K) Eden: 559360K(559360K)->0K(559360K) From: 2038K(69888K)->2105K(69888K)
[298.723s][info][gc,heap        ] GC(639) Tenured: 5375K(1398144K)->5375K(1398144K)
[298.723s][info][gc,metaspace   ] GC(639) Metaspace: 14335K(15296K)->14335K(15296K) NonClass: 12367K(12992K)->12367K(12992K) Class: 1967K(2304K)->1967K(2304K)
[298.723s][info][gc             ] GC(639) Pause Young (Allocation Failure) 553M->7M(1979M) 59.989ms
[298.723s][info][gc,cpu         ] GC(639) User=0.05s Sys=0.00s Real=0.05s
[299.176s][info][gc,start       ] GC(640) Pause Young (Allocation Failure)
[299.238s][info][gc,heap        ] GC(640) DefNew: 561465K(629248K)->2173K(629248K) Eden: 559360K(559360K)->0K(559360K) From: 2105K(69888K)->2173K(69888K)
[299.238s][info][gc,heap        ] GC(640) Tenured: 5375K(1398144K)->5375K(1398144K)
[299.238s][info][gc,metaspace   ] GC(640) Metaspace: 14335K(15296K)->14335K(15296K) NonClass: 12367K(12992K)->12367K(12992K) Class: 1967K(2304K)->1967K(2304K)
[299.238s][info][gc             ] GC(640) Pause Young (Allocation Failure) 553M->7M(1979M) 61.943ms
[299.238s][info][gc,cpu         ] GC(640) User=0.05s Sys=0.00s Real=0.05s
[299.682s][info][gc,start       ] GC(641) Pause Young (Allocation Failure)
[299.736s][info][gc,heap        ] GC(641) DefNew: 561533K(629248K)->2241K(629248K) Eden: 559360K(559360K)->0K(559360K) From: 2173K(69888K)->2241K(69888K)
[299.736s][info][gc,heap        ] GC(641) Tenured: 5375K(1398144K)->5375K(1398144K)
[299.736s][info][gc,metaspace   ] GC(641) Metaspace: 14335K(15296K)->14335K(15296K) NonClass: 12367K(12992K)->12367K(12992K) Class: 1967K(2304K)->1967K(2304K)
[299.736s][info][gc             ] GC(641) Pause Young (Allocation Failure) 553M->7M(1979M) 53.823ms
[299.736s][info][gc,cpu         ] GC(641) User=0.03s Sys=0.00s Real=0.04s
[300.187s][info][gc,start       ] GC(642) Pause Young (Allocation Failure)
[300.238s][info][gc,heap        ] GC(642) DefNew: 561601K(629248K)->2313K(629248K) Eden: 559360K(559360K)->0K(559360K) From: 2241K(69888K)->2313K(69888K)
[300.238s][info][gc,heap        ] GC(642) Tenured: 5375K(1398144K)->5375K(1398144K)
[300.239s][info][gc,metaspace   ] GC(642) Metaspace: 14335K(15296K)->14335K(15296K) NonClass: 12367K(12992K)->12367K(12992K) Class: 1967K(2304K)->1967K(2304K)
[300.239s][info][gc             ] GC(642) Pause Young (Allocation Failure) 553M->7M(1979M) 51.211ms
[300.239s][info][gc,cpu         ] GC(642) User=0.06s Sys=0.00s Real=0.05s
[300.667s][info][gc,start       ] GC(643) Pause Young (Allocation Failure)
[300.713s][info][gc,heap        ] GC(643) DefNew: 561673K(629248K)->2377K(629248K) Eden: 559360K(559360K)->0K(559360K) From: 2313K(69888K)->2377K(69888K)
[300.713s][info][gc,heap        ] GC(643) Tenured: 5375K(1398144K)->5375K(1398144K)
[300.713s][info][gc,metaspace   ] GC(643) Metaspace: 14335K(15296K)->14335K(15296K) NonClass: 12367K(12992K)->12367K(12992K) Class: 1967K(2304K)->1967K(2304K)
[300.713s][info][gc             ] GC(643) Pause Young (Allocation Failure) 553M->7M(1979M) 45.629ms
[300.713s][info][gc,cpu         ] GC(643) User=0.03s Sys=0.00s Real=0.04s
[301.136s][info][gc,start       ] GC(644) Pause Young (Allocation Failure)
[301.180s][info][gc,heap        ] GC(644) DefNew: 561737K(629248K)->2447K(629248K) Eden: 559360K(559360K)->0K(559360K) From: 2377K(69888K)->2447K(69888K)
[301.180s][info][gc,heap        ] GC(644) Tenured: 5375K(1398144K)->5375K(1398144K)
[301.180s][info][gc,metaspace   ] GC(644) Metaspace: 14335K(15296K)->14335K(15296K) NonClass: 12367K(12992K)->12367K(12992K) Class: 1967K(2304K)->1967K(2304K)
[301.180s][info][gc             ] GC(644) Pause Young (Allocation Failure) 553M->7M(1979M) 44.334ms
[301.180s][info][gc,cpu         ] GC(644) User=0.03s Sys=0.00s Real=0.03s
[301.600s][info][gc,start       ] GC(645) Pause Young (Allocation Failure)
[301.645s][info][gc,heap        ] GC(645) DefNew: 561807K(629248K)->1008K(629248K) Eden: 559360K(559360K)->0K(559360K) From: 2447K(69888K)->1008K(69888K)
[301.645s][info][gc,heap        ] GC(645) Tenured: 5375K(1398144K)->6882K(1398144K)
[301.645s][info][gc,metaspace   ] GC(645) Metaspace: 14335K(15296K)->14335K(15296K) NonClass: 12367K(12992K)->12367K(12992K) Class: 1967K(2304K)->1967K(2304K)
[301.645s][info][gc             ] GC(645) Pause Young (Allocation Failure) 553M->7M(1979M) 45.543ms
[301.645s][info][gc,cpu         ] GC(645) User=0.03s Sys=0.00s Real=0.03s
[302.074s][info][gc,start       ] GC(646) Pause Young (Allocation Failure)
[302.133s][info][gc,heap        ] GC(646) DefNew: 560368K(629248K)->1008K(629248K) Eden: 559360K(559360K)->0K(559360K) From: 1008K(69888K)->1008K(69888K)
[302.133s][info][gc,heap        ] GC(646) Tenured: 6882K(1398144K)->6950K(1398144K)
[302.133s][info][gc,metaspace   ] GC(646) Metaspace: 14335K(15296K)->14335K(15296K) NonClass: 12367K(12992K)->12367K(12992K) Class: 1967K(2304K)->1967K(2304K)
[302.133s][info][gc             ] GC(646) Pause Young (Allocation Failure) 553M->7M(1979M) 59.401ms
[302.133s][info][gc,cpu         ] GC(646) User=0.06s Sys=0.00s Real=0.06s
[302.563s][info][gc,start       ] GC(647) Pause Young (Allocation Failure)
[302.619s][info][gc,heap        ] GC(647) DefNew: 560368K(629248K)->1010K(629248K) Eden: 559360K(559360K)->0K(559360K) From: 1008K(69888K)->1010K(69888K)
[302.619s][info][gc,heap        ] GC(647) Tenured: 6950K(1398144K)->7015K(1398144K)
[302.619s][info][gc,metaspace   ] GC(647) Metaspace: 14335K(15296K)->14335K(15296K) NonClass: 12367K(12992K)->12367K(12992K) Class: 1967K(2304K)->1967K(2304K)
[302.619s][info][gc             ] GC(647) Pause Young (Allocation Failure) 554M->7M(1979M) 56.436ms
[302.619s][info][gc,cpu         ] GC(647) User=0.06s Sys=0.00s Real=0.06s
[303.070s][info][gc,start       ] GC(648) Pause Young (Allocation Failure)
[303.120s][info][gc,heap        ] GC(648) DefNew: 560370K(629248K)->1020K(629248K) Eden: 559360K(559360K)->0K(559360K) From: 1010K(69888K)->1020K(69888K)
[303.120s][info][gc,heap        ] GC(648) Tenured: 7015K(1398144K)->7077K(1398144K)
[303.120s][info][gc,metaspace   ] GC(648) Metaspace: 14335K(15296K)->14335K(15296K) NonClass: 12367K(12992K)->12367K(12992K) Class: 1967K(2304K)->1967K(2304K)
[303.120s][info][gc             ] GC(648) Pause Young (Allocation Failure) 554M->7M(1979M) 49.965ms
[303.120s][info][gc,cpu         ] GC(648) User=0.05s Sys=0.00s Real=0.05s
[303.545s][info][gc,start       ] GC(649) Pause Young (Allocation Failure)
[303.599s][info][gc,heap        ] GC(649) DefNew: 560380K(629248K)->1020K(629248K) Eden: 559360K(559360K)->0K(559360K) From: 1020K(69888K)->1020K(69888K)
[303.599s][info][gc,heap        ] GC(649) Tenured: 7077K(1398144K)->7142K(1398144K)
[303.599s][info][gc,metaspace   ] GC(649) Metaspace: 14335K(15296K)->14335K(15296K) NonClass: 12367K(12992K)->12367K(12992K) Class: 1967K(2304K)->1967K(2304K)
[303.599s][info][gc             ] GC(649) Pause Young (Allocation Failure) 554M->7M(1979M) 54.296ms
[303.599s][info][gc,cpu         ] GC(649) User=0.06s Sys=0.00s Real=0.05s
[304.032s][info][gc,start       ] GC(650) Pause Young (Allocation Failure)
[304.086s][info][gc,heap        ] GC(650) DefNew: 560380K(629248K)->1023K(629248K) Eden: 559360K(559360K)->0K(559360K) From: 1020K(69888K)->1023K(69888K)
[304.086s][info][gc,heap        ] GC(650) Tenured: 7142K(1398144K)->7207K(1398144K)
[304.086s][info][gc,metaspace   ] GC(650) Metaspace: 14335K(15296K)->14335K(15296K) NonClass: 12367K(12992K)->12367K(12992K) Class: 1967K(2304K)->1967K(2304K)
[304.086s][info][gc             ] GC(650) Pause Young (Allocation Failure) 554M->8M(1979M) 54.077ms
[304.086s][info][gc,cpu         ] GC(650) User=0.06s Sys=0.00s Real=0.06s
[304.512s][info][gc,start       ] GC(651) Pause Young (Allocation Failure)
[304.570s][info][gc,heap        ] GC(651) DefNew: 560383K(629248K)->1021K(629248K) Eden: 559360K(559360K)->0K(559360K) From: 1023K(69888K)->1021K(69888K)
[304.570s][info][gc,heap        ] GC(651) Tenured: 7207K(1398144K)->7275K(1398144K)
[304.570s][info][gc,metaspace   ] GC(651) Metaspace: 14335K(15296K)->14335K(15296K) NonClass: 12367K(12992K)->12367K(12992K) Class: 1967K(2304K)->1967K(2304K)
[304.570s][info][gc             ] GC(651) Pause Young (Allocation Failure) 554M->8M(1979M) 58.132ms
[304.570s][info][gc,cpu         ] GC(651) User=0.06s Sys=0.00s Real=0.06s
[304.996s][info][gc,start       ] GC(652) Pause Young (Allocation Failure)
[305.055s][info][gc,heap        ] GC(652) DefNew: 560381K(629248K)->1031K(629248K) Eden: 559360K(559360K)->0K(559360K) From: 1021K(69888K)->1031K(69888K)
[305.055s][info][gc,heap        ] GC(652) Tenured: 7275K(1398144K)->7337K(1398144K)
[305.055s][info][gc,metaspace   ] GC(652) Metaspace: 14335K(15296K)->14335K(15296K) NonClass: 12367K(12992K)->12367K(12992K) Class: 1967K(2304K)->1967K(2304K)
[305.055s][info][gc             ] GC(652) Pause Young (Allocation Failure) 554M->8M(1979M) 59.017ms
[305.055s][info][gc,cpu         ] GC(652) User=0.06s Sys=0.00s Real=0.06s
[305.482s][info][gc,start       ] GC(653) Pause Young (Allocation Failure)
[305.538s][info][gc,heap        ] GC(653) DefNew: 560391K(629248K)->1033K(629248K) Eden: 559360K(559360K)->0K(559360K) From: 1031K(69888K)->1033K(69888K)
[305.538s][info][gc,heap        ] GC(653) Tenured: 7337K(1398144K)->7402K(1398144K)
[305.538s][info][gc,metaspace   ] GC(653) Metaspace: 14335K(15296K)->14335K(15296K) NonClass: 12367K(12992K)->12367K(12992K) Class: 1967K(2304K)->1967K(2304K)
[305.538s][info][gc             ] GC(653) Pause Young (Allocation Failure) 554M->8M(1979M) 56.255ms
[305.538s][info][gc,cpu         ] GC(653) User=0.05s Sys=0.00s Real=0.04s
[305.985s][info][gc,start       ] GC(654) Pause Young (Allocation Failure)
[306.027s][info][gc,heap        ] GC(654) DefNew: 560393K(629248K)->1036K(629248K) Eden: 559360K(559360K)->0K(559360K) From: 1033K(69888K)->1036K(69888K)
[306.027s][info][gc,heap        ] GC(654) Tenured: 7402K(1398144K)->7470K(1398144K)
[306.027s][info][gc,metaspace   ] GC(654) Metaspace: 14335K(15296K)->14335K(15296K) NonClass: 12367K(12992K)->12367K(12992K) Class: 1967K(2304K)->1967K(2304K)
[306.027s][info][gc             ] GC(654) Pause Young (Allocation Failure) 554M->8M(1979M) 41.541ms
[306.027s][info][gc,cpu         ] GC(654) User=0.05s Sys=0.00s Real=0.04s
[306.455s][info][gc,start       ] GC(655) Pause Young (Allocation Failure)
[306.498s][info][gc,heap        ] GC(655) DefNew: 560396K(629248K)->1036K(629248K) Eden: 559360K(559360K)->0K(559360K) From: 1036K(69888K)->1036K(69888K)
[306.498s][info][gc,heap        ] GC(655) Tenured: 7470K(1398144K)->7538K(1398144K)
[306.498s][info][gc,metaspace   ] GC(655) Metaspace: 14335K(15296K)->14335K(15296K) NonClass: 12367K(12992K)->12367K(12992K) Class: 1967K(2304K)->1967K(2304K)
[306.498s][info][gc             ] GC(655) Pause Young (Allocation Failure) 554M->8M(1979M) 42.920ms
[306.498s][info][gc,cpu         ] GC(655) User=0.03s Sys=0.00s Real=0.04s
[306.930s][info][gc,start       ] GC(656) Pause Young (Allocation Failure)
[306.985s][info][gc,heap        ] GC(656) DefNew: 560396K(629248K)->1033K(629248K) Eden: 559360K(559360K)->0K(559360K) From: 1036K(69888K)->1033K(69888K)
[306.985s][info][gc,heap        ] GC(656) Tenured: 7538K(1398144K)->7606K(1398144K)
[306.985s][info][gc,metaspace   ] GC(656) Metaspace: 14335K(15296K)->14335K(15296K) NonClass: 12367K(12992K)->12367K(12992K) Class: 1967K(2304K)->1967K(2304K)
[306.985s][info][gc             ] GC(656) Pause Young (Allocation Failure) 554M->8M(1979M) 55.600ms
[306.985s][info][gc,cpu         ] GC(656) User=0.05s Sys=0.00s Real=0.04s
[307.413s][info][gc,start       ] GC(657) Pause Young (Allocation Failure)
[307.468s][info][gc,heap        ] GC(657) DefNew: 560393K(629248K)->1030K(629248K) Eden: 559360K(559360K)->0K(559360K) From: 1033K(69888K)->1030K(69888K)
[307.468s][info][gc,heap        ] GC(657) Tenured: 7606K(1398144K)->7676K(1398144K)
[307.468s][info][gc,metaspace   ] GC(657) Metaspace: 14335K(15296K)->14335K(15296K) NonClass: 12367K(12992K)->12367K(12992K) Class: 1967K(2304K)->1967K(2304K)
[307.468s][info][gc             ] GC(657) Pause Young (Allocation Failure) 554M->8M(1979M) 54.879ms
[307.468s][info][gc,cpu         ] GC(657) User=0.05s Sys=0.00s Real=0.05s
[307.895s][info][gc,start       ] GC(658) Pause Young (Allocation Failure)
[307.953s][info][gc,heap        ] GC(658) DefNew: 560390K(629248K)->1033K(629248K) Eden: 559360K(559360K)->0K(559360K) From: 1030K(69888K)->1033K(69888K)
[307.953s][info][gc,heap        ] GC(658) Tenured: 7676K(1398144K)->7741K(1398144K)
[307.953s][info][gc,metaspace   ] GC(658) Metaspace: 14335K(15296K)->14335K(15296K) NonClass: 12367K(12992K)->12367K(12992K) Class: 1967K(2304K)->1967K(2304K)
[307.953s][info][gc             ] GC(658) Pause Young (Allocation Failure) 554M->8M(1979M) 57.838ms
[307.953s][info][gc,cpu         ] GC(658) User=0.05s Sys=0.00s Real=0.05s
[308.484s][info][gc,start       ] GC(659) Pause Young (Allocation Failure)
[308.546s][info][gc,heap        ] GC(659) DefNew: 560393K(629248K)->1030K(629248K) Eden: 559360K(559360K)->0K(559360K) From: 1033K(69888K)->1030K(69888K)
[308.546s][info][gc,heap        ] GC(659) Tenured: 7741K(1398144K)->7812K(1398144K)
[308.546s][info][gc,metaspace   ] GC(659) Metaspace: 14335K(15296K)->14335K(15296K) NonClass: 12367K(12992K)->12367K(12992K) Class: 1967K(2304K)->1967K(2304K)
[308.546s][info][gc             ] GC(659) Pause Young (Allocation Failure) 554M->8M(1979M) 62.151ms
[308.546s][info][gc,cpu         ] GC(659) User=0.06s Sys=0.00s Real=0.06s
[308.983s][info][gc,start       ] GC(660) Pause Young (Allocation Failure)
[309.025s][info][gc,heap        ] GC(660) DefNew: 560390K(629248K)->1030K(629248K) Eden: 559360K(559360K)->0K(559360K) From: 1030K(69888K)->1030K(69888K)
[309.025s][info][gc,heap        ] GC(660) Tenured: 7812K(1398144K)->7880K(1398144K)
[309.025s][info][gc,metaspace   ] GC(660) Metaspace: 14335K(15296K)->14335K(15296K) NonClass: 12367K(12992K)->12367K(12992K) Class: 1967K(2304K)->1967K(2304K)
[309.025s][info][gc             ] GC(660) Pause Young (Allocation Failure) 554M->8M(1979M) 41.958ms
[309.025s][info][gc,cpu         ] GC(660) User=0.05s Sys=0.00s Real=0.04s
[309.450s][info][gc,start       ] GC(661) Pause Young (Allocation Failure)
[309.493s][info][gc,heap        ] GC(661) DefNew: 560390K(629248K)->1030K(629248K) Eden: 559360K(559360K)->0K(559360K) From: 1030K(69888K)->1030K(69888K)
[309.493s][info][gc,heap        ] GC(661) Tenured: 7880K(1398144K)->7948K(1398144K)
[309.493s][info][gc,metaspace   ] GC(661) Metaspace: 14335K(15296K)->14335K(15296K) NonClass: 12367K(12992K)->12367K(12992K) Class: 1967K(2304K)->1967K(2304K)
[309.493s][info][gc             ] GC(661) Pause Young (Allocation Failure) 554M->8M(1979M) 42.577ms
[309.493s][info][gc,cpu         ] GC(661) User=0.03s Sys=0.00s Real=0.03s
[309.931s][info][gc,start       ] GC(662) Pause Young (Allocation Failure)
[309.973s][info][gc,heap        ] GC(662) DefNew: 560390K(629248K)->1028K(629248K) Eden: 559360K(559360K)->0K(559360K) From: 1030K(69888K)->1028K(69888K)
[309.973s][info][gc,heap        ] GC(662) Tenured: 7948K(1398144K)->8016K(1398144K)
[309.973s][info][gc,metaspace   ] GC(662) Metaspace: 14335K(15296K)->14335K(15296K) NonClass: 12367K(12992K)->12367K(12992K) Class: 1967K(2304K)->1967K(2304K)
[309.973s][info][gc             ] GC(662) Pause Young (Allocation Failure) 555M->8M(1979M) 42.237ms
[309.974s][info][gc,cpu         ] GC(662) User=0.03s Sys=0.00s Real=0.03s
[310.401s][info][gc,start       ] GC(663) Pause Young (Allocation Failure)
[310.446s][info][gc,heap        ] GC(663) DefNew: 560388K(629248K)->1026K(629248K) Eden: 559360K(559360K)->0K(559360K) From: 1028K(69888K)->1026K(69888K)
[310.446s][info][gc,heap        ] GC(663) Tenured: 8016K(1398144K)->8087K(1398144K)
[310.446s][info][gc,metaspace   ] GC(663) Metaspace: 14335K(15296K)->14335K(15296K) NonClass: 12367K(12992K)->12367K(12992K) Class: 1967K(2304K)->1967K(2304K)
[310.446s][info][gc             ] GC(663) Pause Young (Allocation Failure) 555M->8M(1979M) 45.350ms
[310.446s][info][gc,cpu         ] GC(663) User=0.05s Sys=0.00s Real=0.04s
[310.872s][info][gc,start       ] GC(664) Pause Young (Allocation Failure)
[310.917s][info][gc,heap        ] GC(664) DefNew: 560386K(629248K)->1026K(629248K) Eden: 559360K(559360K)->0K(559360K) From: 1026K(69888K)->1026K(69888K)
[310.917s][info][gc,heap        ] GC(664) Tenured: 8087K(1398144K)->8151K(1398144K)
[310.917s][info][gc,metaspace   ] GC(664) Metaspace: 14335K(15296K)->14335K(15296K) NonClass: 12367K(12992K)->12367K(12992K) Class: 1967K(2304K)->1967K(2304K)
[310.917s][info][gc             ] GC(664) Pause Young (Allocation Failure) 555M->8M(1979M) 45.588ms
[310.917s][info][gc,cpu         ] GC(664) User=0.05s Sys=0.00s Real=0.05s
[311.345s][info][gc,start       ] GC(665) Pause Young (Allocation Failure)
[311.391s][info][gc,heap        ] GC(665) DefNew: 560386K(629248K)->1027K(629248K) Eden: 559360K(559360K)->0K(559360K) From: 1026K(69888K)->1027K(69888K)
[311.391s][info][gc,heap        ] GC(665) Tenured: 8151K(1398144K)->8219K(1398144K)
[311.391s][info][gc,metaspace   ] GC(665) Metaspace: 14335K(15296K)->14335K(15296K) NonClass: 12367K(12992K)->12367K(12992K) Class: 1967K(2304K)->1967K(2304K)
[311.391s][info][gc             ] GC(665) Pause Young (Allocation Failure) 555M->9M(1979M) 45.841ms
[311.391s][info][gc,cpu         ] GC(665) User=0.05s Sys=0.00s Real=0.04s
[311.823s][info][gc,start       ] GC(666) Pause Young (Allocation Failure)
[311.867s][info][gc,heap        ] GC(666) DefNew: 560387K(629248K)->1029K(629248K) Eden: 559360K(559360K)->0K(559360K) From: 1027K(69888K)->1029K(69888K)
[311.867s][info][gc,heap        ] GC(666) Tenured: 8219K(1398144K)->8287K(1398144K)
[311.867s][info][gc,metaspace   ] GC(666) Metaspace: 14335K(15296K)->14335K(15296K) NonClass: 12367K(12992K)->12367K(12992K) Class: 1967K(2304K)->1967K(2304K)
[311.867s][info][gc             ] GC(666) Pause Young (Allocation Failure) 555M->9M(1979M) 43.937ms
[311.867s][info][gc,cpu         ] GC(666) User=0.03s Sys=0.00s Real=0.03s
[312.329s][info][gc,start       ] GC(667) Pause Young (Allocation Failure)
[312.382s][info][gc,heap        ] GC(667) DefNew: 560389K(629248K)->1026K(629248K) Eden: 559360K(559360K)->0K(559360K) From: 1029K(69888K)->1026K(69888K)
[312.382s][info][gc,heap        ] GC(667) Tenured: 8287K(1398144K)->8360K(1398144K)
[312.382s][info][gc,metaspace   ] GC(667) Metaspace: 14335K(15296K)->14335K(15296K) NonClass: 12367K(12992K)->12367K(12992K) Class: 1967K(2304K)->1967K(2304K)
[312.382s][info][gc             ] GC(667) Pause Young (Allocation Failure) 555M->9M(1979M) 52.887ms
[312.382s][info][gc,cpu         ] GC(667) User=0.05s Sys=0.00s Real=0.05s
[312.835s][info][gc,start       ] GC(668) Pause Young (Allocation Failure)
[312.889s][info][gc,heap        ] GC(668) DefNew: 560386K(629248K)->1031K(629248K) Eden: 559360K(559360K)->0K(559360K) From: 1026K(69888K)->1031K(69888K)
[312.889s][info][gc,heap        ] GC(668) Tenured: 8360K(1398144K)->8427K(1398144K)
[312.889s][info][gc,metaspace   ] GC(668) Metaspace: 14335K(15296K)->14335K(15296K) NonClass: 12367K(12992K)->12367K(12992K) Class: 1967K(2304K)->1967K(2304K)
[312.889s][info][gc             ] GC(668) Pause Young (Allocation Failure) 555M->9M(1979M) 53.243ms
[312.889s][info][gc,cpu         ] GC(668) User=0.05s Sys=0.00s Real=0.05s
[313.370s][info][gc,start       ] GC(669) Pause Young (Allocation Failure)
[313.420s][info][gc,heap        ] GC(669) DefNew: 560391K(629248K)->1037K(629248K) Eden: 559360K(559360K)->0K(559360K) From: 1031K(69888K)->1037K(69888K)
[313.420s][info][gc,heap        ] GC(669) Tenured: 8427K(1398144K)->8498K(1398144K)
[313.420s][info][gc,metaspace   ] GC(669) Metaspace: 14335K(15296K)->14335K(15296K) NonClass: 12367K(12992K)->12367K(12992K) Class: 1967K(2304K)->1967K(2304K)
[313.420s][info][gc             ] GC(669) Pause Young (Allocation Failure) 555M->9M(1979M) 49.651ms
[313.420s][info][gc,cpu         ] GC(669) User=0.05s Sys=0.00s Real=0.05s
[313.783s][info][gc,start       ] GC(670) Pause Young (Allocation Failure)
[313.828s][info][gc,heap        ] GC(670) DefNew: 560397K(629248K)->1023K(629248K) Eden: 559360K(559360K)->0K(559360K) From: 1037K(69888K)->1023K(69888K)
[313.828s][info][gc,heap        ] GC(670) Tenured: 8498K(1398144K)->8567K(1398144K)
[313.828s][info][gc,metaspace   ] GC(670) Metaspace: 14335K(15296K)->14335K(15296K) NonClass: 12367K(12992K)->12367K(12992K) Class: 1967K(2304K)->1967K(2304K)
[313.828s][info][gc             ] GC(670) Pause Young (Allocation Failure) 555M->9M(1979M) 44.385ms
[313.828s][info][gc,cpu         ] GC(670) User=0.05s Sys=0.00s Real=0.03s
[314.111s][info][gc,start       ] GC(671) Pause Full (System.gc())
[314.111s][info][gc,phases,start] GC(671) Phase 1: Mark live objects
[314.152s][info][gc,phases      ] GC(671) Phase 1: Mark live objects 41.482ms
[314.152s][info][gc,phases,start] GC(671) Phase 2: Compute new object addresses
[314.204s][info][gc,phases      ] GC(671) Phase 2: Compute new object addresses 52.184ms
[314.204s][info][gc,phases,start] GC(671) Phase 3: Adjust pointers
[314.228s][info][gc,phases      ] GC(671) Phase 3: Adjust pointers 23.514ms
[314.228s][info][gc,phases,start] GC(671) Phase 4: Move objects
[314.228s][info][gc,phases      ] GC(671) Phase 4: Move objects 0.013ms
[314.228s][info][gc,heap        ] GC(671) DefNew: 225190K(629248K)->0K(629248K) Eden: 224166K(559360K)->0K(559360K) From: 1023K(69888K)->0K(69888K)
[314.228s][info][gc,heap        ] GC(671) Tenured: 8567K(1398144K)->8567K(1398144K)
[314.228s][info][gc,metaspace   ] GC(671) Metaspace: 14335K(15296K)->14335K(15296K) NonClass: 12367K(12992K)->12367K(12992K) Class: 1967K(2304K)->1967K(2304K)
[314.228s][info][gc             ] GC(671) Pause Full (System.gc()) 228M->8M(1979M) 117.606ms
[314.228s][info][gc,cpu         ] GC(671) User=0.11s Sys=0.00s Real=0.11s
[314.577s][info][gc,start       ] GC(672) Pause Young (Allocation Failure)
[314.629s][info][gc,heap        ] GC(672) DefNew: 559360K(629248K)->1516K(629248K) Eden: 559360K(559360K)->0K(559360K) From: 0K(69888K)->1516K(69888K)
[314.635s][info][gc,heap        ] GC(672) Tenured: 8567K(1398144K)->8567K(1398144K)
[314.635s][info][gc,metaspace   ] GC(672) Metaspace: 14335K(15296K)->14335K(15296K) NonClass: 12367K(12992K)->12367K(12992K) Class: 1967K(2304K)->1967K(2304K)
[314.635s][info][gc             ] GC(672) Pause Young (Allocation Failure) 554M->9M(1979M) 57.802ms
[314.635s][info][gc,cpu         ] GC(672) User=0.05s Sys=0.00s Real=0.06s
[315.050s][info][gc,start       ] GC(673) Pause Young (Allocation Failure)
[315.108s][info][gc,heap        ] GC(673) DefNew: 560876K(629248K)->1581K(629248K) Eden: 559360K(559360K)->0K(559360K) From: 1516K(69888K)->1581K(69888K)
[315.108s][info][gc,heap        ] GC(673) Tenured: 8567K(1398144K)->8567K(1398144K)
[315.108s][info][gc,metaspace   ] GC(673) Metaspace: 14335K(15296K)->14335K(15296K) NonClass: 12367K(12992K)->12367K(12992K) Class: 1967K(2304K)->1967K(2304K)
[315.108s][info][gc             ] GC(673) Pause Young (Allocation Failure) 556M->9M(1979M) 58.474ms
[315.108s][info][gc,cpu         ] GC(673) User=0.05s Sys=0.00s Real=0.05s
[315.621s][info][gc,start       ] GC(674) Pause Young (Allocation Failure)
[315.679s][info][gc,heap        ] GC(674) DefNew: 560941K(629248K)->1648K(629248K) Eden: 559360K(559360K)->0K(559360K) From: 1581K(69888K)->1648K(69888K)
[315.679s][info][gc,heap        ] GC(674) Tenured: 8567K(1398144K)->8567K(1398144K)
[315.679s][info][gc,metaspace   ] GC(674) Metaspace: 14335K(15296K)->14335K(15296K) NonClass: 12367K(12992K)->12367K(12992K) Class: 1967K(2304K)->1967K(2304K)
[315.679s][info][gc             ] GC(674) Pause Young (Allocation Failure) 556M->9M(1979M) 57.883ms
[315.679s][info][gc,cpu         ] GC(674) User=0.05s Sys=0.00s Real=0.05s
[316.099s][info][gc,start       ] GC(675) Pause Young (Allocation Failure)
[316.142s][info][gc,heap        ] GC(675) DefNew: 561008K(629248K)->1714K(629248K) Eden: 559360K(559360K)->0K(559360K) From: 1648K(69888K)->1714K(69888K)
[316.142s][info][gc,heap        ] GC(675) Tenured: 8567K(1398144K)->8567K(1398144K)
[316.142s][info][gc,metaspace   ] GC(675) Metaspace: 14335K(15296K)->14335K(15296K) NonClass: 12367K(12992K)->12367K(12992K) Class: 1967K(2304K)->1967K(2304K)
[316.142s][info][gc             ] GC(675) Pause Young (Allocation Failure) 556M->10M(1979M) 43.204ms
[316.142s][info][gc,cpu         ] GC(675) User=0.03s Sys=0.00s Real=0.04s
[316.558s][info][gc,start       ] GC(676) Pause Young (Allocation Failure)
[316.602s][info][gc,heap        ] GC(676) DefNew: 561074K(629248K)->1779K(629248K) Eden: 559360K(559360K)->0K(559360K) From: 1714K(69888K)->1779K(69888K)
[316.602s][info][gc,heap        ] GC(676) Tenured: 8567K(1398144K)->8567K(1398144K)
[316.602s][info][gc,metaspace   ] GC(676) Metaspace: 14335K(15296K)->14335K(15296K) NonClass: 12367K(12992K)->12367K(12992K) Class: 1967K(2304K)->1967K(2304K)
[316.602s][info][gc             ] GC(676) Pause Young (Allocation Failure) 556M->10M(1979M) 43.739ms
[316.602s][info][gc,cpu         ] GC(676) User=0.05s Sys=0.00s Real=0.04s
[317.034s][info][gc,start       ] GC(677) Pause Young (Allocation Failure)
[317.090s][info][gc,heap        ] GC(677) DefNew: 561139K(629248K)->1847K(629248K) Eden: 559360K(559360K)->0K(559360K) From: 1779K(69888K)->1847K(69888K)
[317.090s][info][gc,heap        ] GC(677) Tenured: 8567K(1398144K)->8567K(1398144K)
[317.090s][info][gc,metaspace   ] GC(677) Metaspace: 14335K(15296K)->14335K(15296K) NonClass: 12367K(12992K)->12367K(12992K) Class: 1967K(2304K)->1967K(2304K)
[317.090s][info][gc             ] GC(677) Pause Young (Allocation Failure) 556M->10M(1979M) 55.767ms
[317.090s][info][gc,cpu         ] GC(677) User=0.05s Sys=0.00s Real=0.05s
[317.508s][info][gc,start       ] GC(678) Pause Young (Allocation Failure)
[317.565s][info][gc,heap        ] GC(678) DefNew: 561207K(629248K)->1915K(629248K) Eden: 559360K(559360K)->0K(559360K) From: 1847K(69888K)->1915K(69888K)
[317.565s][info][gc,heap        ] GC(678) Tenured: 8567K(1398144K)->8567K(1398144K)
[317.565s][info][gc,metaspace   ] GC(678) Metaspace: 14335K(15296K)->14335K(15296K) NonClass: 12367K(12992K)->12367K(12992K) Class: 1967K(2304K)->1967K(2304K)
[317.565s][info][gc             ] GC(678) Pause Young (Allocation Failure) 556M->10M(1979M) 57.501ms
[317.565s][info][gc,cpu         ] GC(678) User=0.05s Sys=0.00s Real=0.05s
[317.977s][info][gc,start       ] GC(679) Pause Young (Allocation Failure)
[318.035s][info][gc,heap        ] GC(679) DefNew: 561275K(629248K)->1982K(629248K) Eden: 559360K(559360K)->0K(559360K) From: 1915K(69888K)->1982K(69888K)
[318.035s][info][gc,heap        ] GC(679) Tenured: 8567K(1398144K)->8567K(1398144K)
[318.035s][info][gc,metaspace   ] GC(679) Metaspace: 14335K(15296K)->14335K(15296K) NonClass: 12367K(12992K)->12367K(12992K) Class: 1967K(2304K)->1967K(2304K)
[318.035s][info][gc             ] GC(679) Pause Young (Allocation Failure) 556M->10M(1979M) 58.482ms
[318.035s][info][gc,cpu         ] GC(679) User=0.05s Sys=0.00s Real=0.05s
[318.471s][info][gc,start       ] GC(680) Pause Young (Allocation Failure)
[318.532s][info][gc,heap        ] GC(680) DefNew: 561342K(629248K)->2051K(629248K) Eden: 559360K(559360K)->0K(559360K) From: 1982K(69888K)->2051K(69888K)
[318.532s][info][gc,heap        ] GC(680) Tenured: 8567K(1398144K)->8567K(1398144K)
[318.532s][info][gc,metaspace   ] GC(680) Metaspace: 14335K(15296K)->14335K(15296K) NonClass: 12367K(12992K)->12367K(12992K) Class: 1967K(2304K)->1967K(2304K)
[318.532s][info][gc             ] GC(680) Pause Young (Allocation Failure) 556M->10M(1979M) 61.189ms
[318.532s][info][gc,cpu         ] GC(680) User=0.06s Sys=0.00s Real=0.06s
[318.956s][info][gc,start       ] GC(681) Pause Young (Allocation Failure)
[319.012s][info][gc,heap        ] GC(681) DefNew: 561411K(629248K)->2116K(629248K) Eden: 559360K(559360K)->0K(559360K) From: 2051K(69888K)->2116K(69888K)
[319.012s][info][gc,heap        ] GC(681) Tenured: 8567K(1398144K)->8567K(1398144K)
[319.012s][info][gc,metaspace   ] GC(681) Metaspace: 14335K(15296K)->14335K(15296K) NonClass: 12367K(12992K)->12367K(12992K) Class: 1967K(2304K)->1967K(2304K)
[319.012s][info][gc             ] GC(681) Pause Young (Allocation Failure) 556M->10M(1979M) 56.274ms
[319.012s][info][gc,cpu         ] GC(681) User=0.05s Sys=0.00s Real=0.05s
[319.438s][info][gc,start       ] GC(682) Pause Young (Allocation Failure)
[319.493s][info][gc,heap        ] GC(682) DefNew: 561476K(629248K)->2180K(629248K) Eden: 559360K(559360K)->0K(559360K) From: 2116K(69888K)->2180K(69888K)
[319.493s][info][gc,heap        ] GC(682) Tenured: 8567K(1398144K)->8567K(1398144K)
[319.493s][info][gc,metaspace   ] GC(682) Metaspace: 14335K(15296K)->14335K(15296K) NonClass: 12367K(12992K)->12367K(12992K) Class: 1967K(2304K)->1967K(2304K)
[319.494s][info][gc             ] GC(682) Pause Young (Allocation Failure) 556M->10M(1979M) 55.193ms
[319.494s][info][gc,cpu         ] GC(682) User=0.06s Sys=0.00s Real=0.05s
[319.918s][info][gc,start       ] GC(683) Pause Young (Allocation Failure)
[319.970s][info][gc,heap        ] GC(683) DefNew: 561540K(629248K)->2250K(629248K) Eden: 559360K(559360K)->0K(559360K) From: 2180K(69888K)->2250K(69888K)
[319.970s][info][gc,heap        ] GC(683) Tenured: 8567K(1398144K)->8567K(1398144K)
[319.970s][info][gc,metaspace   ] GC(683) Metaspace: 14335K(15296K)->14335K(15296K) NonClass: 12367K(12992K)->12367K(12992K) Class: 1967K(2304K)->1967K(2304K)
[319.970s][info][gc             ] GC(683) Pause Young (Allocation Failure) 556M->10M(1979M) 51.686ms
[319.970s][info][gc,cpu         ] GC(683) User=0.05s Sys=0.00s Real=0.05s
[320.398s][info][gc,start       ] GC(684) Pause Young (Allocation Failure)
[320.455s][info][gc,heap        ] GC(684) DefNew: 561610K(629248K)->2318K(629248K) Eden: 559360K(559360K)->0K(559360K) From: 2250K(69888K)->2318K(69888K)
[320.455s][info][gc,heap        ] GC(684) Tenured: 8567K(1398144K)->8567K(1398144K)
[320.455s][info][gc,metaspace   ] GC(684) Metaspace: 14335K(15296K)->14335K(15296K) NonClass: 12367K(12992K)->12367K(12992K) Class: 1967K(2304K)->1967K(2304K)
[320.455s][info][gc             ] GC(684) Pause Young (Allocation Failure) 556M->10M(1979M) 57.797ms
[320.455s][info][gc,cpu         ] GC(684) User=0.05s Sys=0.00s Real=0.05s
[320.886s][info][gc,start       ] GC(685) Pause Young (Allocation Failure)
[320.943s][info][gc,heap        ] GC(685) DefNew: 561678K(629248K)->2386K(629248K) Eden: 559360K(559360K)->0K(559360K) From: 2318K(69888K)->2386K(69888K)
[320.943s][info][gc,heap        ] GC(685) Tenured: 8567K(1398144K)->8567K(1398144K)
[320.943s][info][gc,metaspace   ] GC(685) Metaspace: 14335K(15296K)->14335K(15296K) NonClass: 12367K(12992K)->12367K(12992K) Class: 1967K(2304K)->1967K(2304K)
[320.943s][info][gc             ] GC(685) Pause Young (Allocation Failure) 556M->10M(1979M) 57.385ms
[320.943s][info][gc,cpu         ] GC(685) User=0.06s Sys=0.00s Real=0.06s
[321.346s][info][gc,start       ] GC(686) Pause Young (Allocation Failure)
[321.392s][info][gc,heap        ] GC(686) DefNew: 561746K(629248K)->2452K(629248K) Eden: 559360K(559360K)->0K(559360K) From: 2386K(69888K)->2452K(69888K)
[321.392s][info][gc,heap        ] GC(686) Tenured: 8567K(1398144K)->8567K(1398144K)
[321.392s][info][gc,metaspace   ] GC(686) Metaspace: 14335K(15296K)->14335K(15296K) NonClass: 12367K(12992K)->12367K(12992K) Class: 1967K(2304K)->1967K(2304K)
[321.392s][info][gc             ] GC(686) Pause Young (Allocation Failure) 556M->10M(1979M) 46.372ms
[321.392s][info][gc,cpu         ] GC(686) User=0.05s Sys=0.00s Real=0.03s
[321.842s][info][gc,start       ] GC(687) Pause Young (Allocation Failure)
[321.896s][info][gc,heap        ] GC(687) DefNew: 561812K(629248K)->1012K(629248K) Eden: 559360K(559360K)->0K(559360K) From: 2452K(69888K)->1012K(69888K)
[321.896s][info][gc,heap        ] GC(687) Tenured: 8567K(1398144K)->10075K(1398144K)
[321.896s][info][gc,metaspace   ] GC(687) Metaspace: 14335K(15296K)->14335K(15296K) NonClass: 12367K(12992K)->12367K(12992K) Class: 1967K(2304K)->1967K(2304K)
[321.896s][info][gc             ] GC(687) Pause Young (Allocation Failure) 557M->10M(1979M) 53.702ms
[321.896s][info][gc,cpu         ] GC(687) User=0.05s Sys=0.00s Real=0.05s
[322.306s][info][gc,start       ] GC(688) Pause Young (Allocation Failure)
[322.359s][info][gc,heap        ] GC(688) DefNew: 560372K(629248K)->1010K(629248K) Eden: 559360K(559360K)->0K(559360K) From: 1012K(69888K)->1010K(69888K)
[322.359s][info][gc,heap        ] GC(688) Tenured: 10075K(1398144K)->10139K(1398144K)
[322.359s][info][gc,metaspace   ] GC(688) Metaspace: 14335K(15296K)->14335K(15296K) NonClass: 12367K(12992K)->12367K(12992K) Class: 1967K(2304K)->1967K(2304K)
[322.359s][info][gc             ] GC(688) Pause Young (Allocation Failure) 557M->10M(1979M) 52.680ms
[322.359s][info][gc,cpu         ] GC(688) User=0.05s Sys=0.00s Real=0.05s
[322.780s][info][gc,start       ] GC(689) Pause Young (Allocation Failure)
[322.832s][info][gc,heap        ] GC(689) DefNew: 560370K(629248K)->1007K(629248K) Eden: 559360K(559360K)->0K(559360K) From: 1010K(69888K)->1007K(69888K)
[322.832s][info][gc,heap        ] GC(689) Tenured: 10139K(1398144K)->10207K(1398144K)
[322.832s][info][gc,metaspace   ] GC(689) Metaspace: 14335K(15296K)->14335K(15296K) NonClass: 12367K(12992K)->12367K(12992K) Class: 1967K(2304K)->1967K(2304K)
[322.833s][info][gc             ] GC(689) Pause Young (Allocation Failure) 557M->10M(1979M) 52.277ms
[322.833s][info][gc,cpu         ] GC(689) User=0.05s Sys=0.00s Real=0.04s
[323.234s][info][gc,start       ] GC(690) Pause Young (Allocation Failure)
[323.286s][info][gc,heap        ] GC(690) DefNew: 560367K(629248K)->1004K(629248K) Eden: 559360K(559360K)->0K(559360K) From: 1007K(69888K)->1004K(69888K)
[323.286s][info][gc,heap        ] GC(690) Tenured: 10207K(1398144K)->10273K(1398144K)
[323.286s][info][gc,metaspace   ] GC(690) Metaspace: 14335K(15296K)->14335K(15296K) NonClass: 12367K(12992K)->12367K(12992K) Class: 1967K(2304K)->1967K(2304K)
[323.286s][info][gc             ] GC(690) Pause Young (Allocation Failure) 557M->11M(1979M) 51.950ms
[323.286s][info][gc,cpu         ] GC(690) User=0.06s Sys=0.00s Real=0.05s
[323.686s][info][gc,start       ] GC(691) Pause Young (Allocation Failure)
[323.741s][info][gc,heap        ] GC(691) DefNew: 560364K(629248K)->1003K(629248K) Eden: 559360K(559360K)->0K(559360K) From: 1004K(69888K)->1003K(69888K)
[323.741s][info][gc,heap        ] GC(691) Tenured: 10273K(1398144K)->10337K(1398144K)
[323.741s][info][gc,metaspace   ] GC(691) Metaspace: 14335K(15296K)->14335K(15296K) NonClass: 12367K(12992K)->12367K(12992K) Class: 1967K(2304K)->1967K(2304K)
[323.741s][info][gc             ] GC(691) Pause Young (Allocation Failure) 557M->11M(1979M) 55.315ms
[323.741s][info][gc,cpu         ] GC(691) User=0.06s Sys=0.00s Real=0.05s
[324.140s][info][gc,start       ] GC(692) Pause Young (Allocation Failure)
[324.194s][info][gc,heap        ] GC(692) DefNew: 560363K(629248K)->996K(629248K) Eden: 559360K(559360K)->0K(559360K) From: 1003K(69888K)->996K(69888K)
[324.194s][info][gc,heap        ] GC(692) Tenured: 10337K(1398144K)->10405K(1398144K)
[324.195s][info][gc,metaspace   ] GC(692) Metaspace: 14335K(15296K)->14335K(15296K) NonClass: 12367K(12992K)->12367K(12992K) Class: 1967K(2304K)->1967K(2304K)
[324.195s][info][gc             ] GC(692) Pause Young (Allocation Failure) 557M->11M(1979M) 54.565ms
[324.195s][info][gc,cpu         ] GC(692) User=0.06s Sys=0.00s Real=0.05s
[324.596s][info][gc,start       ] GC(693) Pause Young (Allocation Failure)
[324.654s][info][gc,heap        ] GC(693) DefNew: 560356K(629248K)->990K(629248K) Eden: 559360K(559360K)->0K(559360K) From: 996K(69888K)->990K(69888K)
[324.654s][info][gc,heap        ] GC(693) Tenured: 10405K(1398144K)->10473K(1398144K)
[324.654s][info][gc,metaspace   ] GC(693) Metaspace: 14335K(15296K)->14335K(15296K) NonClass: 12367K(12992K)->12367K(12992K) Class: 1967K(2304K)->1967K(2304K)
[324.654s][info][gc             ] GC(693) Pause Young (Allocation Failure) 557M->11M(1979M) 58.148ms
[324.654s][info][gc,cpu         ] GC(693) User=0.06s Sys=0.00s Real=0.06s
[325.054s][info][gc,start       ] GC(694) Pause Young (Allocation Failure)
[325.109s][info][gc,heap        ] GC(694) DefNew: 560350K(629248K)->990K(629248K) Eden: 559360K(559360K)->0K(559360K) From: 990K(69888K)->990K(69888K)
[325.109s][info][gc,heap        ] GC(694) Tenured: 10473K(1398144K)->10538K(1398144K)
[325.109s][info][gc,metaspace   ] GC(694) Metaspace: 14335K(15296K)->14335K(15296K) NonClass: 12367K(12992K)->12367K(12992K) Class: 1967K(2304K)->1967K(2304K)
[325.109s][info][gc             ] GC(694) Pause Young (Allocation Failure) 557M->11M(1979M) 55.014ms
[325.109s][info][gc,cpu         ] GC(694) User=0.05s Sys=0.00s Real=0.05s
[325.524s][info][gc,start       ] GC(695) Pause Young (Allocation Failure)
[325.576s][info][gc,heap        ] GC(695) DefNew: 560350K(629248K)->986K(629248K) Eden: 559360K(559360K)->0K(559360K) From: 990K(69888K)->986K(69888K)
[325.576s][info][gc,heap        ] GC(695) Tenured: 10538K(1398144K)->10609K(1398144K)
[325.576s][info][gc,metaspace   ] GC(695) Metaspace: 14335K(15296K)->14335K(15296K) NonClass: 12367K(12992K)->12367K(12992K) Class: 1967K(2304K)->1967K(2304K)
[325.576s][info][gc             ] GC(695) Pause Young (Allocation Failure) 557M->11M(1979M) 52.014ms
[325.576s][info][gc,cpu         ] GC(695) User=0.03s Sys=0.00s Real=0.04s
[325.978s][info][gc,start       ] GC(696) Pause Young (Allocation Failure)
[326.031s][info][gc,heap        ] GC(696) DefNew: 560346K(629248K)->985K(629248K) Eden: 559360K(559360K)->0K(559360K) From: 986K(69888K)->985K(69888K)
[326.031s][info][gc,heap        ] GC(696) Tenured: 10609K(1398144K)->10674K(1398144K)
[326.031s][info][gc,metaspace   ] GC(696) Metaspace: 14335K(15296K)->14335K(15296K) NonClass: 12367K(12992K)->12367K(12992K) Class: 1967K(2304K)->1967K(2304K)
[326.031s][info][gc             ] GC(696) Pause Young (Allocation Failure) 557M->11M(1979M) 53.236ms
[326.031s][info][gc,cpu         ] GC(696) User=0.05s Sys=0.00s Real=0.05s
[326.444s][info][gc,start       ] GC(697) Pause Young (Allocation Failure)
[326.497s][info][gc,heap        ] GC(697) DefNew: 560345K(629248K)->986K(629248K) Eden: 559360K(559360K)->0K(559360K) From: 985K(69888K)->986K(69888K)
[326.497s][info][gc,heap        ] GC(697) Tenured: 10674K(1398144K)->10738K(1398144K)
[326.497s][info][gc,metaspace   ] GC(697) Metaspace: 14335K(15296K)->14335K(15296K) NonClass: 12367K(12992K)->12367K(12992K) Class: 1967K(2304K)->1967K(2304K)
[326.497s][info][gc             ] GC(697) Pause Young (Allocation Failure) 557M->11M(1979M) 53.276ms
[326.497s][info][gc,cpu         ] GC(697) User=0.03s Sys=0.00s Real=0.04s
[326.898s][info][gc,start       ] GC(698) Pause Young (Allocation Failure)
[326.953s][info][gc,heap        ] GC(698) DefNew: 560346K(629248K)->980K(629248K) Eden: 559360K(559360K)->0K(559360K) From: 986K(69888K)->980K(69888K)
[326.953s][info][gc,heap        ] GC(698) Tenured: 10738K(1398144K)->10807K(1398144K)
[326.953s][info][gc,metaspace   ] GC(698) Metaspace: 14335K(15296K)->14335K(15296K) NonClass: 12367K(12992K)->12367K(12992K) Class: 1967K(2304K)->1967K(2304K)
[326.953s][info][gc             ] GC(698) Pause Young (Allocation Failure) 557M->11M(1979M) 54.713ms
[326.953s][info][gc,cpu         ] GC(698) User=0.05s Sys=0.00s Real=0.05s
[327.352s][info][gc,start       ] GC(699) Pause Young (Allocation Failure)
[327.406s][info][gc,heap        ] GC(699) DefNew: 560340K(629248K)->974K(629248K) Eden: 559360K(559360K)->0K(559360K) From: 980K(69888K)->974K(69888K)
[327.406s][info][gc,heap        ] GC(699) Tenured: 10807K(1398144K)->10875K(1398144K)
[327.406s][info][gc,metaspace   ] GC(699) Metaspace: 14335K(15296K)->14335K(15296K) NonClass: 12367K(12992K)->12367K(12992K) Class: 1967K(2304K)->1967K(2304K)
[327.406s][info][gc             ] GC(699) Pause Young (Allocation Failure) 557M->11M(1979M) 54.138ms
[327.406s][info][gc,cpu         ] GC(699) User=0.05s Sys=0.00s Real=0.06s
[327.807s][info][gc,start       ] GC(700) Pause Young (Allocation Failure)
[327.864s][info][gc,heap        ] GC(700) DefNew: 560334K(629248K)->968K(629248K) Eden: 559360K(559360K)->0K(559360K) From: 974K(69888K)->968K(69888K)
[327.864s][info][gc,heap        ] GC(700) Tenured: 10875K(1398144K)->10943K(1398144K)
[327.864s][info][gc,metaspace   ] GC(700) Metaspace: 14335K(15296K)->14335K(15296K) NonClass: 12367K(12992K)->12367K(12992K) Class: 1967K(2304K)->1967K(2304K)
[327.864s][info][gc             ] GC(700) Pause Young (Allocation Failure) 557M->11M(1979M) 56.795ms
[327.864s][info][gc,cpu         ] GC(700) User=0.05s Sys=0.00s Real=0.05s
[328.267s][info][gc,start       ] GC(701) Pause Young (Allocation Failure)
[328.324s][info][gc,heap        ] GC(701) DefNew: 560328K(629248K)->968K(629248K) Eden: 559360K(559360K)->0K(559360K) From: 968K(69888K)->968K(69888K)
[328.324s][info][gc,heap        ] GC(701) Tenured: 10943K(1398144K)->11009K(1398144K)
[328.324s][info][gc,metaspace   ] GC(701) Metaspace: 14335K(15296K)->14335K(15296K) NonClass: 12367K(12992K)->12367K(12992K) Class: 1967K(2304K)->1967K(2304K)
[328.324s][info][gc             ] GC(701) Pause Young (Allocation Failure) 557M->11M(1979M) 56.790ms
[328.324s][info][gc,cpu         ] GC(701) User=0.05s Sys=0.00s Real=0.04s
[328.735s][info][gc,start       ] GC(702) Pause Young (Allocation Failure)
[328.787s][info][gc,heap        ] GC(702) DefNew: 560328K(629248K)->964K(629248K) Eden: 559360K(559360K)->0K(559360K) From: 968K(69888K)->964K(69888K)
[328.787s][info][gc,heap        ] GC(702) Tenured: 11009K(1398144K)->11077K(1398144K)
[328.787s][info][gc,metaspace   ] GC(702) Metaspace: 14335K(15296K)->14335K(15296K) NonClass: 12367K(12992K)->12367K(12992K) Class: 1967K(2304K)->1967K(2304K)
[328.787s][info][gc             ] GC(702) Pause Young (Allocation Failure) 557M->11M(1979M) 51.575ms
[328.787s][info][gc,cpu         ] GC(702) User=0.05s Sys=0.00s Real=0.05s
[329.203s][info][gc,start       ] GC(703) Pause Young (Allocation Failure)
[329.253s][info][gc,heap        ] GC(703) DefNew: 560324K(629248K)->966K(629248K) Eden: 559360K(559360K)->0K(559360K) From: 964K(69888K)->966K(69888K)
[329.253s][info][gc,heap        ] GC(703) Tenured: 11077K(1398144K)->11139K(1398144K)
[329.253s][info][gc,metaspace   ] GC(703) Metaspace: 14335K(15296K)->14335K(15296K) NonClass: 12367K(12992K)->12367K(12992K) Class: 1967K(2304K)->1967K(2304K)
[329.253s][info][gc             ] GC(703) Pause Young (Allocation Failure) 558M->11M(1979M) 49.906ms
[329.253s][info][gc,cpu         ] GC(703) User=0.05s Sys=0.00s Real=0.04s
[329.654s][info][gc,start       ] GC(704) Pause Young (Allocation Failure)
[329.695s][info][gc,heap        ] GC(704) DefNew: 560326K(629248K)->966K(629248K) Eden: 559360K(559360K)->0K(559360K) From: 966K(69888K)->966K(69888K)
[329.695s][info][gc,heap        ] GC(704) Tenured: 11139K(1398144K)->11205K(1398144K)
[329.695s][info][gc,metaspace   ] GC(704) Metaspace: 14335K(15296K)->14335K(15296K) NonClass: 12367K(12992K)->12367K(12992K) Class: 1967K(2304K)->1967K(2304K)
[329.695s][info][gc             ] GC(704) Pause Young (Allocation Failure) 558M->11M(1979M) 41.316ms
[329.695s][info][gc,cpu         ] GC(704) User=0.03s Sys=0.00s Real=0.03s
[330.097s][info][gc,start       ] GC(705) Pause Young (Allocation Failure)
[330.142s][info][gc,heap        ] GC(705) DefNew: 560326K(629248K)->965K(629248K) Eden: 559360K(559360K)->0K(559360K) From: 966K(69888K)->965K(69888K)
[330.143s][info][gc,heap        ] GC(705) Tenured: 11205K(1398144K)->11267K(1398144K)
[330.143s][info][gc,metaspace   ] GC(705) Metaspace: 14335K(15296K)->14335K(15296K) NonClass: 12367K(12992K)->12367K(12992K) Class: 1967K(2304K)->1967K(2304K)
[330.143s][info][gc             ] GC(705) Pause Young (Allocation Failure) 558M->11M(1979M) 45.762ms
[330.143s][info][gc,cpu         ] GC(705) User=0.03s Sys=0.00s Real=0.05s
[330.545s][info][gc,start       ] GC(706) Pause Young (Allocation Failure)
[330.589s][info][gc,heap        ] GC(706) DefNew: 560325K(629248K)->967K(629248K) Eden: 559360K(559360K)->0K(559360K) From: 965K(69888K)->967K(69888K)
[330.589s][info][gc,heap        ] GC(706) Tenured: 11267K(1398144K)->11330K(1398144K)
[330.589s][info][gc,metaspace   ] GC(706) Metaspace: 14335K(15296K)->14335K(15296K) NonClass: 12367K(12992K)->12367K(12992K) Class: 1967K(2304K)->1967K(2304K)
[330.589s][info][gc             ] GC(706) Pause Young (Allocation Failure) 558M->12M(1979M) 44.186ms
[330.589s][info][gc,cpu         ] GC(706) User=0.05s Sys=0.00s Real=0.04s
[330.992s][info][gc,start       ] GC(707) Pause Young (Allocation Failure)
[331.049s][info][gc,heap        ] GC(707) DefNew: 560327K(629248K)->971K(629248K) Eden: 559360K(559360K)->0K(559360K) From: 967K(69888K)->971K(69888K)
[331.049s][info][gc,heap        ] GC(707) Tenured: 11330K(1398144K)->11391K(1398144K)
[331.049s][info][gc,metaspace   ] GC(707) Metaspace: 14335K(15296K)->14335K(15296K) NonClass: 12367K(12992K)->12367K(12992K) Class: 1967K(2304K)->1967K(2304K)
[331.049s][info][gc             ] GC(707) Pause Young (Allocation Failure) 558M->12M(1979M) 57.375ms
[331.049s][info][gc,cpu         ] GC(707) User=0.05s Sys=0.00s Real=0.06s
[331.451s][info][gc,start       ] GC(708) Pause Young (Allocation Failure)
[331.505s][info][gc,heap        ] GC(708) DefNew: 560331K(629248K)->971K(629248K) Eden: 559360K(559360K)->0K(559360K) From: 971K(69888K)->971K(69888K)
[331.505s][info][gc,heap        ] GC(708) Tenured: 11391K(1398144K)->11453K(1398144K)
[331.505s][info][gc,metaspace   ] GC(708) Metaspace: 14335K(15296K)->14335K(15296K) NonClass: 12367K(12992K)->12367K(12992K) Class: 1967K(2304K)->1967K(2304K)
[331.505s][info][gc             ] GC(708) Pause Young (Allocation Failure) 558M->12M(1979M) 53.782ms
[331.505s][info][gc,cpu         ] GC(708) User=0.05s Sys=0.00s Real=0.05s
[331.927s][info][gc,start       ] GC(709) Pause Young (Allocation Failure)
[331.977s][info][gc,heap        ] GC(709) DefNew: 560331K(629248K)->971K(629248K) Eden: 559360K(559360K)->0K(559360K) From: 971K(69888K)->971K(69888K)
[331.977s][info][gc,heap        ] GC(709) Tenured: 11453K(1398144K)->11517K(1398144K)
[331.978s][info][gc,metaspace   ] GC(709) Metaspace: 14335K(15296K)->14335K(15296K) NonClass: 12367K(12992K)->12367K(12992K) Class: 1967K(2304K)->1967K(2304K)
[331.978s][info][gc             ] GC(709) Pause Young (Allocation Failure) 558M->12M(1979M) 50.504ms
[331.978s][info][gc,cpu         ] GC(709) User=0.05s Sys=0.00s Real=0.05s
[332.389s][info][gc,start       ] GC(710) Pause Young (Allocation Failure)
[332.439s][info][gc,heap        ] GC(710) DefNew: 560331K(629248K)->966K(629248K) Eden: 559360K(559360K)->0K(559360K) From: 971K(69888K)->966K(69888K)
[332.439s][info][gc,heap        ] GC(710) Tenured: 11517K(1398144K)->11587K(1398144K)
[332.439s][info][gc,metaspace   ] GC(710) Metaspace: 14335K(15296K)->14335K(15296K) NonClass: 12367K(12992K)->12367K(12992K) Class: 1967K(2304K)->1967K(2304K)
[332.439s][info][gc             ] GC(710) Pause Young (Allocation Failure) 558M->12M(1979M) 50.372ms
[332.439s][info][gc,cpu         ] GC(710) User=0.05s Sys=0.00s Real=0.04s
[332.878s][info][gc,start       ] GC(711) Pause Young (Allocation Failure)
[332.933s][info][gc,heap        ] GC(711) DefNew: 560326K(629248K)->973K(629248K) Eden: 559360K(559360K)->0K(559360K) From: 966K(69888K)->973K(69888K)
[332.933s][info][gc,heap        ] GC(711) Tenured: 11587K(1398144K)->11649K(1398144K)
[332.933s][info][gc,metaspace   ] GC(711) Metaspace: 14335K(15296K)->14335K(15296K) NonClass: 12367K(12992K)->12367K(12992K) Class: 1967K(2304K)->1967K(2304K)
[332.933s][info][gc             ] GC(711) Pause Young (Allocation Failure) 558M->12M(1979M) 55.935ms
[332.934s][info][gc,cpu         ] GC(711) User=0.06s Sys=0.00s Real=0.05s
[333.395s][info][gc,start       ] GC(712) Pause Young (Allocation Failure)
[333.453s][info][gc,heap        ] GC(712) DefNew: 560333K(629248K)->976K(629248K) Eden: 559360K(559360K)->0K(559360K) From: 973K(69888K)->976K(69888K)
[333.453s][info][gc,heap        ] GC(712) Tenured: 11649K(1398144K)->11717K(1398144K)
[333.453s][info][gc,metaspace   ] GC(712) Metaspace: 14335K(15296K)->14335K(15296K) NonClass: 12367K(12992K)->12367K(12992K) Class: 1967K(2304K)->1967K(2304K)
[333.453s][info][gc             ] GC(712) Pause Young (Allocation Failure) 558M->12M(1979M) 58.080ms
[333.453s][info][gc,cpu         ] GC(712) User=0.05s Sys=0.00s Real=0.05s
[333.905s][info][gc,start       ] GC(713) Pause Full (System.gc())
[333.905s][info][gc,phases,start] GC(713) Phase 1: Mark live objects
[333.970s][info][gc,phases      ] GC(713) Phase 1: Mark live objects 64.629ms
[333.970s][info][gc,phases,start] GC(713) Phase 2: Compute new object addresses
[334.101s][info][gc,phases      ] GC(713) Phase 2: Compute new object addresses 130.856ms
[334.101s][info][gc,phases,start] GC(713) Phase 3: Adjust pointers
[334.125s][info][gc,phases      ] GC(713) Phase 3: Adjust pointers 23.746ms
[334.125s][info][gc,phases,start] GC(713) Phase 4: Move objects
[334.125s][info][gc,phases      ] GC(713) Phase 4: Move objects 0.012ms
[334.125s][info][gc,heap        ] GC(713) DefNew: 542191K(629248K)->0K(629248K) Eden: 541214K(559360K)->0K(559360K) From: 976K(69888K)->0K(69888K)
[334.125s][info][gc,heap        ] GC(713) Tenured: 11717K(1398144K)->11717K(1398144K)
[334.125s][info][gc,metaspace   ] GC(713) Metaspace: 14335K(15296K)->14335K(15296K) NonClass: 12367K(12992K)->12367K(12992K) Class: 1967K(2304K)->1967K(2304K)
[334.125s][info][gc             ] GC(713) Pause Full (System.gc()) 540M->11M(1979M) 219.687ms
[334.125s][info][gc,cpu         ] GC(713) User=0.22s Sys=0.00s Real=0.22s
[334.471s][info][gc,start       ] GC(714) Pause Young (Allocation Failure)
[334.524s][info][gc,heap        ] GC(714) DefNew: 559360K(629248K)->1514K(629248K) Eden: 559360K(559360K)->0K(559360K) From: 0K(69888K)->1514K(69888K)
[334.524s][info][gc,heap        ] GC(714) Tenured: 11717K(1398144K)->11717K(1398144K)
[334.524s][info][gc,metaspace   ] GC(714) Metaspace: 14335K(15296K)->14335K(15296K) NonClass: 12367K(12992K)->12367K(12992K) Class: 1967K(2304K)->1967K(2304K)
[334.524s][info][gc             ] GC(714) Pause Young (Allocation Failure) 557M->12M(1979M) 52.991ms
[334.524s][info][gc,cpu         ] GC(714) User=0.06s Sys=0.00s Real=0.05s
[334.961s][info][gc,start       ] GC(715) Pause Young (Allocation Failure)
[335.019s][info][gc,heap        ] GC(715) DefNew: 560874K(629248K)->1584K(629248K) Eden: 559360K(559360K)->0K(559360K) From: 1514K(69888K)->1584K(69888K)
[335.019s][info][gc,heap        ] GC(715) Tenured: 11717K(1398144K)->11717K(1398144K)
[335.019s][info][gc,metaspace   ] GC(715) Metaspace: 14335K(15296K)->14335K(15296K) NonClass: 12367K(12992K)->12367K(12992K) Class: 1967K(2304K)->1967K(2304K)
[335.019s][info][gc             ] GC(715) Pause Young (Allocation Failure) 559M->12M(1979M) 57.959ms
[335.019s][info][gc,cpu         ] GC(715) User=0.06s Sys=0.00s Real=0.06s
[335.441s][info][gc,start       ] GC(716) Pause Young (Allocation Failure)
[335.486s][info][gc,heap        ] GC(716) DefNew: 560944K(629248K)->1648K(629248K) Eden: 559360K(559360K)->0K(559360K) From: 1584K(69888K)->1648K(69888K)
[335.486s][info][gc,heap        ] GC(716) Tenured: 11717K(1398144K)->11717K(1398144K)
[335.486s][info][gc,metaspace   ] GC(716) Metaspace: 14335K(15296K)->14335K(15296K) NonClass: 12367K(12992K)->12367K(12992K) Class: 1967K(2304K)->1967K(2304K)
[335.486s][info][gc             ] GC(716) Pause Young (Allocation Failure) 559M->13M(1979M) 45.735ms
[335.486s][info][gc,cpu         ] GC(716) User=0.03s Sys=0.00s Real=0.04s
[335.923s][info][gc,start       ] GC(717) Pause Young (Allocation Failure)
[335.977s][info][gc,heap        ] GC(717) DefNew: 561008K(629248K)->1716K(629248K) Eden: 559360K(559360K)->0K(559360K) From: 1648K(69888K)->1716K(69888K)
[335.977s][info][gc,heap        ] GC(717) Tenured: 11717K(1398144K)->11717K(1398144K)
[335.977s][info][gc,metaspace   ] GC(717) Metaspace: 14335K(15296K)->14335K(15296K) NonClass: 12367K(12992K)->12367K(12992K) Class: 1967K(2304K)->1967K(2304K)
[335.977s][info][gc             ] GC(717) Pause Young (Allocation Failure) 559M->13M(1979M) 54.435ms
[335.977s][info][gc,cpu         ] GC(717) User=0.06s Sys=0.00s Real=0.05s
[336.412s][info][gc,start       ] GC(718) Pause Young (Allocation Failure)
[336.467s][info][gc,heap        ] GC(718) DefNew: 561076K(629248K)->1788K(629248K) Eden: 559360K(559360K)->0K(559360K) From: 1716K(69888K)->1788K(69888K)
[336.467s][info][gc,heap        ] GC(718) Tenured: 11717K(1398144K)->11717K(1398144K)
[336.467s][info][gc,metaspace   ] GC(718) Metaspace: 14335K(15296K)->14335K(15296K) NonClass: 12367K(12992K)->12367K(12992K) Class: 1967K(2304K)->1967K(2304K)
[336.467s][info][gc             ] GC(718) Pause Young (Allocation Failure) 559M->13M(1979M) 55.186ms
[336.467s][info][gc,cpu         ] GC(718) User=0.05s Sys=0.00s Real=0.05s
[336.904s][info][gc,start       ] GC(719) Pause Young (Allocation Failure)
[336.962s][info][gc,heap        ] GC(719) DefNew: 561148K(629248K)->1860K(629248K) Eden: 559360K(559360K)->0K(559360K) From: 1788K(69888K)->1860K(69888K)
[336.962s][info][gc,heap        ] GC(719) Tenured: 11717K(1398144K)->11717K(1398144K)
[336.962s][info][gc,metaspace   ] GC(719) Metaspace: 14335K(15296K)->14335K(15296K) NonClass: 12367K(12992K)->12367K(12992K) Class: 1967K(2304K)->1967K(2304K)
[336.962s][info][gc             ] GC(719) Pause Young (Allocation Failure) 559M->13M(1979M) 57.309ms
[336.962s][info][gc,cpu         ] GC(719) User=0.05s Sys=0.00s Real=0.04s
[337.366s][info][gc,start       ] GC(720) Pause Young (Allocation Failure)
[337.424s][info][gc,heap        ] GC(720) DefNew: 561220K(629248K)->1922K(629248K) Eden: 559360K(559360K)->0K(559360K) From: 1860K(69888K)->1922K(69888K)
[337.424s][info][gc,heap        ] GC(720) Tenured: 11717K(1398144K)->11717K(1398144K)
[337.424s][info][gc,metaspace   ] GC(720) Metaspace: 14335K(15296K)->14335K(15296K) NonClass: 12367K(12992K)->12367K(12992K) Class: 1967K(2304K)->1967K(2304K)
[337.424s][info][gc             ] GC(720) Pause Young (Allocation Failure) 559M->13M(1979M) 57.693ms
[337.424s][info][gc,cpu         ] GC(720) User=0.05s Sys=0.00s Real=0.05s
[337.832s][info][gc,start       ] GC(721) Pause Young (Allocation Failure)
[337.889s][info][gc,heap        ] GC(721) DefNew: 561282K(629248K)->1987K(629248K) Eden: 559360K(559360K)->0K(559360K) From: 1922K(69888K)->1987K(69888K)
[337.889s][info][gc,heap        ] GC(721) Tenured: 11717K(1398144K)->11717K(1398144K)
[337.889s][info][gc,metaspace   ] GC(721) Metaspace: 14335K(15296K)->14335K(15296K) NonClass: 12367K(12992K)->12367K(12992K) Class: 1967K(2304K)->1967K(2304K)
[337.889s][info][gc             ] GC(721) Pause Young (Allocation Failure) 559M->13M(1979M) 57.306ms
[337.889s][info][gc,cpu         ] GC(721) User=0.05s Sys=0.00s Real=0.06s
[338.339s][info][gc,start       ] GC(722) Pause Young (Allocation Failure)
[338.397s][info][gc,heap        ] GC(722) DefNew: 561347K(629248K)->2057K(629248K) Eden: 559360K(559360K)->0K(559360K) From: 1987K(69888K)->2057K(69888K)
[338.397s][info][gc,heap        ] GC(722) Tenured: 11717K(1398144K)->11717K(1398144K)
[338.397s][info][gc,metaspace   ] GC(722) Metaspace: 14335K(15296K)->14335K(15296K) NonClass: 12367K(12992K)->12367K(12992K) Class: 1967K(2304K)->1967K(2304K)
[338.397s][info][gc             ] GC(722) Pause Young (Allocation Failure) 559M->13M(1979M) 58.203ms
[338.397s][info][gc,cpu         ] GC(722) User=0.05s Sys=0.00s Real=0.05s
[338.858s][info][gc,start       ] GC(723) Pause Young (Allocation Failure)
[338.908s][info][gc,heap        ] GC(723) DefNew: 561417K(629248K)->2126K(629248K) Eden: 559360K(559360K)->0K(559360K) From: 2057K(69888K)->2126K(69888K)
[338.908s][info][gc,heap        ] GC(723) Tenured: 11717K(1398144K)->11717K(1398144K)
[338.908s][info][gc,metaspace   ] GC(723) Metaspace: 14335K(15296K)->14335K(15296K) NonClass: 12367K(12992K)->12367K(12992K) Class: 1967K(2304K)->1967K(2304K)
[338.908s][info][gc             ] GC(723) Pause Young (Allocation Failure) 559M->13M(1979M) 50.270ms
[338.908s][info][gc,cpu         ] GC(723) User=0.05s Sys=0.00s Real=0.05s
[339.317s][info][gc,start       ] GC(724) Pause Young (Allocation Failure)
[339.372s][info][gc,heap        ] GC(724) DefNew: 561486K(629248K)->2191K(629248K) Eden: 559360K(559360K)->0K(559360K) From: 2126K(69888K)->2191K(69888K)
[339.372s][info][gc,heap        ] GC(724) Tenured: 11717K(1398144K)->11717K(1398144K)
[339.372s][info][gc,metaspace   ] GC(724) Metaspace: 14335K(15296K)->14335K(15296K) NonClass: 12367K(12992K)->12367K(12992K) Class: 1967K(2304K)->1967K(2304K)
[339.372s][info][gc             ] GC(724) Pause Young (Allocation Failure) 559M->13M(1979M) 54.733ms
[339.372s][info][gc,cpu         ] GC(724) User=0.05s Sys=0.00s Real=0.05s
[339.793s][info][gc,start       ] GC(725) Pause Young (Allocation Failure)
[339.848s][info][gc,heap        ] GC(725) DefNew: 561551K(629248K)->2257K(629248K) Eden: 559360K(559360K)->0K(559360K) From: 2191K(69888K)->2257K(69888K)
[339.848s][info][gc,heap        ] GC(725) Tenured: 11717K(1398144K)->11717K(1398144K)
[339.848s][info][gc,metaspace   ] GC(725) Metaspace: 14335K(15296K)->14335K(15296K) NonClass: 12367K(12992K)->12367K(12992K) Class: 1967K(2304K)->1967K(2304K)
[339.848s][info][gc             ] GC(725) Pause Young (Allocation Failure) 559M->13M(1979M) 54.880ms
[339.848s][info][gc,cpu         ] GC(725) User=0.05s Sys=0.00s Real=0.04s
[340.248s][info][gc,start       ] GC(726) Pause Young (Allocation Failure)
[340.302s][info][gc,heap        ] GC(726) DefNew: 561617K(629248K)->2322K(629248K) Eden: 559360K(559360K)->0K(559360K) From: 2257K(69888K)->2322K(69888K)
[340.302s][info][gc,heap        ] GC(726) Tenured: 11717K(1398144K)->11717K(1398144K)
[340.302s][info][gc,metaspace   ] GC(726) Metaspace: 14335K(15296K)->14335K(15296K) NonClass: 12367K(12992K)->12367K(12992K) Class: 1967K(2304K)->1967K(2304K)
[340.302s][info][gc             ] GC(726) Pause Young (Allocation Failure) 559M->13M(1979M) 54.882ms
[340.303s][info][gc,cpu         ] GC(726) User=0.06s Sys=0.00s Real=0.05s
[340.737s][info][gc,start       ] GC(727) Pause Young (Allocation Failure)
[340.797s][info][gc,heap        ] GC(727) DefNew: 561682K(629248K)->2390K(629248K) Eden: 559360K(559360K)->0K(559360K) From: 2322K(69888K)->2390K(69888K)
[340.797s][info][gc,heap        ] GC(727) Tenured: 11717K(1398144K)->11717K(1398144K)
[340.797s][info][gc,metaspace   ] GC(727) Metaspace: 14335K(15296K)->14335K(15296K) NonClass: 12367K(12992K)->12367K(12992K) Class: 1967K(2304K)->1967K(2304K)
[340.797s][info][gc             ] GC(727) Pause Young (Allocation Failure) 559M->13M(1979M) 59.986ms
[340.797s][info][gc,cpu         ] GC(727) User=0.05s Sys=0.00s Real=0.06s
[341.209s][info][gc,start       ] GC(728) Pause Young (Allocation Failure)
[341.266s][info][gc,heap        ] GC(728) DefNew: 561750K(629248K)->2455K(629248K) Eden: 559360K(559360K)->0K(559360K) From: 2390K(69888K)->2455K(69888K)
[341.266s][info][gc,heap        ] GC(728) Tenured: 11717K(1398144K)->11717K(1398144K)
[341.266s][info][gc,metaspace   ] GC(728) Metaspace: 14335K(15296K)->14335K(15296K) NonClass: 12367K(12992K)->12367K(12992K) Class: 1967K(2304K)->1967K(2304K)
[341.266s][info][gc             ] GC(728) Pause Young (Allocation Failure) 560M->13M(1979M) 57.294ms
[341.266s][info][gc,cpu         ] GC(728) User=0.05s Sys=0.00s Real=0.05s
[341.662s][info][gc,start       ] GC(729) Pause Young (Allocation Failure)
[341.718s][info][gc,heap        ] GC(729) DefNew: 561815K(629248K)->1010K(629248K) Eden: 559360K(559360K)->0K(559360K) From: 2455K(69888K)->1010K(69888K)
[341.718s][info][gc,heap        ] GC(729) Tenured: 11717K(1398144K)->13224K(1398144K)
[341.718s][info][gc,metaspace   ] GC(729) Metaspace: 14335K(15296K)->14335K(15296K) NonClass: 12367K(12992K)->12367K(12992K) Class: 1967K(2304K)->1967K(2304K)
[341.718s][info][gc             ] GC(729) Pause Young (Allocation Failure) 560M->13M(1979M) 56.226ms
[341.718s][info][gc,cpu         ] GC(729) User=0.05s Sys=0.00s Real=0.05s
[342.138s][info][gc,start       ] GC(730) Pause Young (Allocation Failure)
[342.191s][info][gc,heap        ] GC(730) DefNew: 560370K(629248K)->1009K(629248K) Eden: 559360K(559360K)->0K(559360K) From: 1010K(69888K)->1009K(69888K)
[342.191s][info][gc,heap        ] GC(730) Tenured: 13224K(1398144K)->13292K(1398144K)
[342.191s][info][gc,metaspace   ] GC(730) Metaspace: 14335K(15296K)->14335K(15296K) NonClass: 12367K(12992K)->12367K(12992K) Class: 1967K(2304K)->1967K(2304K)
[342.191s][info][gc             ] GC(730) Pause Young (Allocation Failure) 560M->13M(1979M) 53.717ms
[342.191s][info][gc,cpu         ] GC(730) User=0.05s Sys=0.00s Real=0.05s
[342.618s][info][gc,start       ] GC(731) Pause Young (Allocation Failure)
[342.671s][info][gc,heap        ] GC(731) DefNew: 560369K(629248K)->1013K(629248K) Eden: 559360K(559360K)->0K(559360K) From: 1009K(69888K)->1013K(69888K)
[342.671s][info][gc,heap        ] GC(731) Tenured: 13292K(1398144K)->13357K(1398144K)
[342.671s][info][gc,metaspace   ] GC(731) Metaspace: 14335K(15296K)->14335K(15296K) NonClass: 12367K(12992K)->12367K(12992K) Class: 1967K(2304K)->1967K(2304K)
[342.671s][info][gc             ] GC(731) Pause Young (Allocation Failure) 560M->14M(1979M) 53.134ms
[342.671s][info][gc,cpu         ] GC(731) User=0.05s Sys=0.00s Real=0.04s
[343.080s][info][gc,start       ] GC(732) Pause Young (Allocation Failure)
[343.135s][info][gc,heap        ] GC(732) DefNew: 560373K(629248K)->1006K(629248K) Eden: 559360K(559360K)->0K(559360K) From: 1013K(69888K)->1006K(69888K)
[343.135s][info][gc,heap        ] GC(732) Tenured: 13357K(1398144K)->13425K(1398144K)
[343.135s][info][gc,metaspace   ] GC(732) Metaspace: 14335K(15296K)->14335K(15296K) NonClass: 12367K(12992K)->12367K(12992K) Class: 1967K(2304K)->1967K(2304K)
[343.135s][info][gc             ] GC(732) Pause Young (Allocation Failure) 560M->14M(1979M) 55.096ms
[343.135s][info][gc,cpu         ] GC(732) User=0.06s Sys=0.00s Real=0.05s
[343.546s][info][gc,start       ] GC(733) Pause Young (Allocation Failure)
[343.603s][info][gc,heap        ] GC(733) DefNew: 560366K(629248K)->999K(629248K) Eden: 559360K(559360K)->0K(559360K) From: 1006K(69888K)->999K(69888K)
[343.603s][info][gc,heap        ] GC(733) Tenured: 13425K(1398144K)->13497K(1398144K)
[343.603s][info][gc,metaspace   ] GC(733) Metaspace: 14335K(15296K)->14335K(15296K) NonClass: 12367K(12992K)->12367K(12992K) Class: 1967K(2304K)->1967K(2304K)
[343.603s][info][gc             ] GC(733) Pause Young (Allocation Failure) 560M->14M(1979M) 56.310ms
[343.603s][info][gc,cpu         ] GC(733) User=0.05s Sys=0.00s Real=0.05s
[344.014s][info][gc,start       ] GC(734) Pause Young (Allocation Failure)
[344.070s][info][gc,heap        ] GC(734) DefNew: 560359K(629248K)->993K(629248K) Eden: 559360K(559360K)->0K(559360K) From: 999K(69888K)->993K(69888K)
[344.070s][info][gc,heap        ] GC(734) Tenured: 13497K(1398144K)->13568K(1398144K)
[344.070s][info][gc,metaspace   ] GC(734) Metaspace: 14335K(15296K)->14335K(15296K) NonClass: 12367K(12992K)->12367K(12992K) Class: 1967K(2304K)->1967K(2304K)
[344.070s][info][gc             ] GC(734) Pause Young (Allocation Failure) 560M->14M(1979M) 56.296ms
[344.070s][info][gc,cpu         ] GC(734) User=0.05s Sys=0.00s Real=0.05s
[344.518s][info][gc,start       ] GC(735) Pause Young (Allocation Failure)
[344.572s][info][gc,heap        ] GC(735) DefNew: 560353K(629248K)->999K(629248K) Eden: 559360K(559360K)->0K(559360K) From: 993K(69888K)->999K(69888K)
[344.572s][info][gc,heap        ] GC(735) Tenured: 13568K(1398144K)->13630K(1398144K)
[344.572s][info][gc,metaspace   ] GC(735) Metaspace: 14335K(15296K)->14335K(15296K) NonClass: 12367K(12992K)->12367K(12992K) Class: 1967K(2304K)->1967K(2304K)
[344.572s][info][gc             ] GC(735) Pause Young (Allocation Failure) 560M->14M(1979M) 53.953ms
[344.572s][info][gc,cpu         ] GC(735) User=0.05s Sys=0.00s Real=0.05s
[344.991s][info][gc,start       ] GC(736) Pause Young (Allocation Failure)
[345.044s][info][gc,heap        ] GC(736) DefNew: 560359K(629248K)->1004K(629248K) Eden: 559360K(559360K)->0K(559360K) From: 999K(69888K)->1004K(69888K)
[345.045s][info][gc,heap        ] GC(736) Tenured: 13630K(1398144K)->13695K(1398144K)
[345.045s][info][gc,metaspace   ] GC(736) Metaspace: 14335K(15296K)->14335K(15296K) NonClass: 12367K(12992K)->12367K(12992K) Class: 1967K(2304K)->1967K(2304K)
[345.045s][info][gc             ] GC(736) Pause Young (Allocation Failure) 560M->14M(1979M) 53.343ms
[345.045s][info][gc,cpu         ] GC(736) User=0.05s Sys=0.00s Real=0.05s
[345.477s][info][gc,start       ] GC(737) Pause Young (Allocation Failure)
[345.527s][info][gc,heap        ] GC(737) DefNew: 560364K(629248K)->1001K(629248K) Eden: 559360K(559360K)->0K(559360K) From: 1004K(69888K)->1001K(69888K)
[345.527s][info][gc,heap        ] GC(737) Tenured: 13695K(1398144K)->13766K(1398144K)
[345.527s][info][gc,metaspace   ] GC(737) Metaspace: 14335K(15296K)->14335K(15296K) NonClass: 12367K(12992K)->12367K(12992K) Class: 1967K(2304K)->1967K(2304K)
[345.527s][info][gc             ] GC(737) Pause Young (Allocation Failure) 560M->14M(1979M) 50.217ms
[345.527s][info][gc,cpu         ] GC(737) User=0.05s Sys=0.00s Real=0.05s
[345.936s][info][gc,start       ] GC(738) Pause Young (Allocation Failure)
[345.991s][info][gc,heap        ] GC(738) DefNew: 560361K(629248K)->999K(629248K) Eden: 559360K(559360K)->0K(559360K) From: 1001K(69888K)->999K(69888K)
[345.991s][info][gc,heap        ] GC(738) Tenured: 13766K(1398144K)->13834K(1398144K)
[345.991s][info][gc,metaspace   ] GC(738) Metaspace: 14335K(15296K)->14335K(15296K) NonClass: 12367K(12992K)->12367K(12992K) Class: 1967K(2304K)->1967K(2304K)
[345.991s][info][gc             ] GC(738) Pause Young (Allocation Failure) 560M->14M(1979M) 54.313ms
[345.991s][info][gc,cpu         ] GC(738) User=0.05s Sys=0.00s Real=0.05s
[346.399s][info][gc,start       ] GC(739) Pause Young (Allocation Failure)
[346.454s][info][gc,heap        ] GC(739) DefNew: 560359K(629248K)->995K(629248K) Eden: 559360K(559360K)->0K(559360K) From: 999K(69888K)->995K(69888K)
[346.454s][info][gc,heap        ] GC(739) Tenured: 13834K(1398144K)->13899K(1398144K)
[346.454s][info][gc,metaspace   ] GC(739) Metaspace: 14335K(15296K)->14335K(15296K) NonClass: 12367K(12992K)->12367K(12992K) Class: 1967K(2304K)->1967K(2304K)
[346.454s][info][gc             ] GC(739) Pause Young (Allocation Failure) 560M->14M(1979M) 55.697ms
[346.454s][info][gc,cpu         ] GC(739) User=0.05s Sys=0.00s Real=0.05s
[346.863s][info][gc,start       ] GC(740) Pause Young (Allocation Failure)
[346.920s][info][gc,heap        ] GC(740) DefNew: 560355K(629248K)->994K(629248K) Eden: 559359K(559360K)->0K(559360K) From: 995K(69888K)->994K(69888K)
[346.920s][info][gc,heap        ] GC(740) Tenured: 13899K(1398144K)->13964K(1398144K)
[346.920s][info][gc,metaspace   ] GC(740) Metaspace: 14335K(15296K)->14335K(15296K) NonClass: 12367K(12992K)->12367K(12992K) Class: 1967K(2304K)->1967K(2304K)
[346.920s][info][gc             ] GC(740) Pause Young (Allocation Failure) 560M->14M(1979M) 56.577ms
[346.920s][info][gc,cpu         ] GC(740) User=0.03s Sys=0.00s Real=0.04s
[347.331s][info][gc,start       ] GC(741) Pause Young (Allocation Failure)
[347.390s][info][gc,heap        ] GC(741) DefNew: 560354K(629248K)->991K(629248K) Eden: 559360K(559360K)->0K(559360K) From: 994K(69888K)->991K(69888K)
[347.390s][info][gc,heap        ] GC(741) Tenured: 13964K(1398144K)->14029K(1398144K)
[347.390s][info][gc,metaspace   ] GC(741) Metaspace: 14335K(15296K)->14335K(15296K) NonClass: 12367K(12992K)->12367K(12992K) Class: 1967K(2304K)->1967K(2304K)
[347.390s][info][gc             ] GC(741) Pause Young (Allocation Failure) 560M->14M(1979M) 58.350ms
[347.390s][info][gc,cpu         ] GC(741) User=0.05s Sys=0.00s Real=0.06s
[347.803s][info][gc,start       ] GC(742) Pause Young (Allocation Failure)
[347.861s][info][gc,heap        ] GC(742) DefNew: 560351K(629248K)->988K(629248K) Eden: 559360K(559360K)->0K(559360K) From: 991K(69888K)->988K(69888K)
[347.861s][info][gc,heap        ] GC(742) Tenured: 14029K(1398144K)->14097K(1398144K)
[347.861s][info][gc,metaspace   ] GC(742) Metaspace: 14335K(15296K)->14335K(15296K) NonClass: 12367K(12992K)->12367K(12992K) Class: 1967K(2304K)->1967K(2304K)
[347.861s][info][gc             ] GC(742) Pause Young (Allocation Failure) 560M->14M(1979M) 58.054ms
[347.861s][info][gc,cpu         ] GC(742) User=0.05s Sys=0.00s Real=0.05s
[348.286s][info][gc,start       ] GC(743) Pause Young (Allocation Failure)
[348.335s][info][gc,heap        ] GC(743) DefNew: 560348K(629248K)->991K(629248K) Eden: 559360K(559360K)->0K(559360K) From: 988K(69888K)->991K(69888K)
[348.335s][info][gc,heap        ] GC(743) Tenured: 14097K(1398144K)->14162K(1398144K)
[348.335s][info][gc,metaspace   ] GC(743) Metaspace: 14335K(15296K)->14335K(15296K) NonClass: 12367K(12992K)->12367K(12992K) Class: 1967K(2304K)->1967K(2304K)
[348.335s][info][gc             ] GC(743) Pause Young (Allocation Failure) 560M->14M(1979M) 48.983ms
[348.335s][info][gc,cpu         ] GC(743) User=0.03s Sys=0.00s Real=0.04s
[348.737s][info][gc,start       ] GC(744) Pause Young (Allocation Failure)
[348.778s][info][gc,heap        ] GC(744) DefNew: 560351K(629248K)->989K(629248K) Eden: 559360K(559360K)->0K(559360K) From: 991K(69888K)->989K(69888K)
[348.778s][info][gc,heap        ] GC(744) Tenured: 14162K(1398144K)->14223K(1398144K)
[348.778s][info][gc,metaspace   ] GC(744) Metaspace: 14335K(15296K)->14335K(15296K) NonClass: 12367K(12992K)->12367K(12992K) Class: 1967K(2304K)->1967K(2304K)
[348.778s][info][gc             ] GC(744) Pause Young (Allocation Failure) 561M->14M(1979M) 41.624ms
[348.778s][info][gc,cpu         ] GC(744) User=0.03s Sys=0.00s Real=0.03s
[349.195s][info][gc,start       ] GC(745) Pause Young (Allocation Failure)
[349.237s][info][gc,heap        ] GC(745) DefNew: 560349K(629248K)->986K(629248K) Eden: 559360K(559360K)->0K(559360K) From: 989K(69888K)->986K(69888K)
[349.237s][info][gc,heap        ] GC(745) Tenured: 14223K(1398144K)->14291K(1398144K)
[349.237s][info][gc,metaspace   ] GC(745) Metaspace: 14335K(15296K)->14335K(15296K) NonClass: 12367K(12992K)->12367K(12992K) Class: 1967K(2304K)->1967K(2304K)
[349.237s][info][gc             ] GC(745) Pause Young (Allocation Failure) 561M->14M(1979M) 42.243ms
[349.237s][info][gc,cpu         ] GC(745) User=0.03s Sys=0.00s Real=0.03s
[349.642s][info][gc,start       ] GC(746) Pause Young (Allocation Failure)
[349.698s][info][gc,heap        ] GC(746) DefNew: 560346K(629248K)->980K(629248K) Eden: 559360K(559360K)->0K(559360K) From: 986K(69888K)->980K(69888K)
[349.698s][info][gc,heap        ] GC(746) Tenured: 14291K(1398144K)->14360K(1398144K)
[349.698s][info][gc,metaspace   ] GC(746) Metaspace: 14335K(15296K)->14335K(15296K) NonClass: 12367K(12992K)->12367K(12992K) Class: 1967K(2304K)->1967K(2304K)
[349.698s][info][gc             ] GC(746) Pause Young (Allocation Failure) 561M->14M(1979M) 55.758ms
[349.698s][info][gc,cpu         ] GC(746) User=0.06s Sys=0.00s Real=0.05s
[350.103s][info][gc,start       ] GC(747) Pause Young (Allocation Failure)
[350.160s][info][gc,heap        ] GC(747) DefNew: 560340K(629248K)->979K(629248K) Eden: 559360K(559360K)->0K(559360K) From: 980K(69888K)->979K(69888K)
[350.160s][info][gc,heap        ] GC(747) Tenured: 14360K(1398144K)->14422K(1398144K)
[350.160s][info][gc,metaspace   ] GC(747) Metaspace: 14335K(15296K)->14335K(15296K) NonClass: 12367K(12992K)->12367K(12992K) Class: 1967K(2304K)->1967K(2304K)
[350.160s][info][gc             ] GC(747) Pause Young (Allocation Failure) 561M->15M(1979M) 57.701ms
[350.160s][info][gc,cpu         ] GC(747) User=0.05s Sys=0.00s Real=0.05s
[350.680s][info][gc,start       ] GC(748) Pause Young (Allocation Failure)
[350.740s][info][gc,heap        ] GC(748) DefNew: 560339K(629248K)->980K(629248K) Eden: 559360K(559360K)->0K(559360K) From: 979K(69888K)->980K(69888K)
[350.740s][info][gc,heap        ] GC(748) Tenured: 14422K(1398144K)->14486K(1398144K)
[350.740s][info][gc,metaspace   ] GC(748) Metaspace: 14335K(15296K)->14335K(15296K) NonClass: 12367K(12992K)->12367K(12992K) Class: 1967K(2304K)->1967K(2304K)
[350.740s][info][gc             ] GC(748) Pause Young (Allocation Failure) 561M->15M(1979M) 60.085ms
[350.740s][info][gc,cpu         ] GC(748) User=0.06s Sys=0.00s Real=0.06s
[351.159s][info][gc,start       ] GC(749) Pause Young (Allocation Failure)
[351.200s][info][gc,heap        ] GC(749) DefNew: 560340K(629248K)->983K(629248K) Eden: 559360K(559360K)->0K(559360K) From: 980K(69888K)->983K(69888K)
[351.200s][info][gc,heap        ] GC(749) Tenured: 14486K(1398144K)->14551K(1398144K)
[351.200s][info][gc,metaspace   ] GC(749) Metaspace: 14335K(15296K)->14335K(15296K) NonClass: 12367K(12992K)->12367K(12992K) Class: 1967K(2304K)->1967K(2304K)
[351.200s][info][gc             ] GC(749) Pause Young (Allocation Failure) 561M->15M(1979M) 41.607ms
[351.200s][info][gc,cpu         ] GC(749) User=0.03s Sys=0.00s Real=0.03s
[351.610s][info][gc,start       ] GC(750) Pause Young (Allocation Failure)
[351.652s][info][gc,heap        ] GC(750) DefNew: 560343K(629248K)->977K(629248K) Eden: 559360K(559360K)->0K(559360K) From: 983K(69888K)->977K(69888K)
[351.652s][info][gc,heap        ] GC(750) Tenured: 14551K(1398144K)->14619K(1398144K)
[351.652s][info][gc,metaspace   ] GC(750) Metaspace: 14335K(15296K)->14335K(15296K) NonClass: 12367K(12992K)->12367K(12992K) Class: 1967K(2304K)->1967K(2304K)
[351.653s][info][gc             ] GC(750) Pause Young (Allocation Failure) 561M->15M(1979M) 42.338ms
[351.653s][info][gc,cpu         ] GC(750) User=0.05s Sys=0.00s Real=0.04s
[352.084s][info][gc,start       ] GC(751) Pause Young (Allocation Failure)
[352.138s][info][gc,heap        ] GC(751) DefNew: 560337K(629248K)->972K(629248K) Eden: 559360K(559360K)->0K(559360K) From: 977K(69888K)->972K(69888K)
[352.138s][info][gc,heap        ] GC(751) Tenured: 14619K(1398144K)->14691K(1398144K)
[352.138s][info][gc,metaspace   ] GC(751) Metaspace: 14335K(15296K)->14335K(15296K) NonClass: 12367K(12992K)->12367K(12992K) Class: 1967K(2304K)->1967K(2304K)
[352.138s][info][gc             ] GC(751) Pause Young (Allocation Failure) 561M->15M(1979M) 53.568ms
[352.138s][info][gc,cpu         ] GC(751) User=0.05s Sys=0.00s Real=0.05s
[352.590s][info][gc,start       ] GC(752) Pause Young (Allocation Failure)
[352.648s][info][gc,heap        ] GC(752) DefNew: 560332K(629248K)->977K(629248K) Eden: 559360K(559360K)->0K(559360K) From: 972K(69888K)->977K(69888K)
[352.648s][info][gc,heap        ] GC(752) Tenured: 14691K(1398144K)->14759K(1398144K)
[352.648s][info][gc,metaspace   ] GC(752) Metaspace: 14335K(15296K)->14335K(15296K) NonClass: 12367K(12992K)->12367K(12992K) Class: 1967K(2304K)->1967K(2304K)
[352.648s][info][gc             ] GC(752) Pause Young (Allocation Failure) 561M->15M(1979M) 57.878ms
[352.648s][info][gc,cpu         ] GC(752) User=0.05s Sys=0.00s Real=0.05s
[353.123s][info][gc,start       ] GC(753) Pause Young (Allocation Failure)
[353.183s][info][gc,heap        ] GC(753) DefNew: 560337K(629248K)->986K(629248K) Eden: 559360K(559360K)->0K(559360K) From: 977K(69888K)->986K(69888K)
[353.183s][info][gc,heap        ] GC(753) Tenured: 14759K(1398144K)->14824K(1398144K)
[353.183s][info][gc,metaspace   ] GC(753) Metaspace: 14335K(15296K)->14335K(15296K) NonClass: 12367K(12992K)->12367K(12992K) Class: 1967K(2304K)->1967K(2304K)
[353.183s][info][gc             ] GC(753) Pause Young (Allocation Failure) 561M->15M(1979M) 60.414ms
[353.183s][info][gc,cpu         ] GC(753) User=0.06s Sys=0.00s Real=0.06s
[353.578s][info][gc,start       ] GC(754) Pause Young (Allocation Failure)
[353.630s][info][gc,heap        ] GC(754) DefNew: 560346K(629248K)->984K(629248K) Eden: 559360K(559360K)->0K(559360K) From: 986K(69888K)->984K(69888K)
[353.630s][info][gc,heap        ] GC(754) Tenured: 14824K(1398144K)->14886K(1398144K)
[353.630s][info][gc,metaspace   ] GC(754) Metaspace: 14335K(15296K)->14335K(15296K) NonClass: 12367K(12992K)->12367K(12992K) Class: 1967K(2304K)->1967K(2304K)
[353.630s][info][gc             ] GC(754) Pause Young (Allocation Failure) 561M->15M(1979M) 52.300ms
[353.630s][info][gc,cpu         ] GC(754) User=0.05s Sys=0.00s Real=0.04s
[354.021s][info][gc,start       ] GC(755) Pause Full (System.gc())
[354.022s][info][gc,phases,start] GC(755) Phase 1: Mark live objects
[354.069s][info][gc,phases      ] GC(755) Phase 1: Mark live objects 47.099ms
[354.069s][info][gc,phases,start] GC(755) Phase 2: Compute new object addresses
[354.148s][info][gc,phases      ] GC(755) Phase 2: Compute new object addresses 79.340ms
[354.148s][info][gc,phases,start] GC(755) Phase 3: Adjust pointers
[354.173s][info][gc,phases      ] GC(755) Phase 3: Adjust pointers 24.540ms
[354.173s][info][gc,phases,start] GC(755) Phase 4: Move objects
[354.173s][info][gc,phases      ] GC(755) Phase 4: Move objects 0.012ms
[354.173s][info][gc,heap        ] GC(755) DefNew: 346145K(629248K)->0K(629248K) Eden: 345160K(559360K)->0K(559360K) From: 984K(69888K)->0K(69888K)
[354.173s][info][gc,heap        ] GC(755) Tenured: 14886K(1398144K)->14886K(1398144K)
[354.173s][info][gc,metaspace   ] GC(755) Metaspace: 14335K(15296K)->14335K(15296K) NonClass: 12367K(12992K)->12367K(12992K) Class: 1967K(2304K)->1967K(2304K)
[354.173s][info][gc             ] GC(755) Pause Full (System.gc()) 352M->14M(1979M) 151.394ms
[354.173s][info][gc,cpu         ] GC(755) User=0.14s Sys=0.00s Real=0.14s
[354.522s][info][gc,start       ] GC(756) Pause Young (Allocation Failure)
[354.563s][info][gc,heap        ] GC(756) DefNew: 559360K(629248K)->1515K(629248K) Eden: 559360K(559360K)->0K(559360K) From: 0K(69888K)->1515K(69888K)
[354.563s][info][gc,heap        ] GC(756) Tenured: 14886K(1398144K)->14886K(1398144K)
[354.563s][info][gc,metaspace   ] GC(756) Metaspace: 14335K(15296K)->14335K(15296K) NonClass: 12367K(12992K)->12367K(12992K) Class: 1967K(2304K)->1967K(2304K)
[354.563s][info][gc             ] GC(756) Pause Young (Allocation Failure) 560M->16M(1979M) 41.364ms
[354.563s][info][gc,cpu         ] GC(756) User=0.03s Sys=0.00s Real=0.03s
[354.985s][info][gc,start       ] GC(757) Pause Young (Allocation Failure)
[355.032s][info][gc,heap        ] GC(757) DefNew: 560875K(629248K)->1581K(629248K) Eden: 559360K(559360K)->0K(559360K) From: 1515K(69888K)->1581K(69888K)
[355.032s][info][gc,heap        ] GC(757) Tenured: 14886K(1398144K)->14886K(1398144K)
[355.032s][info][gc,metaspace   ] GC(757) Metaspace: 14335K(15296K)->14335K(15296K) NonClass: 12367K(12992K)->12367K(12992K) Class: 1967K(2304K)->1967K(2304K)
[355.032s][info][gc             ] GC(757) Pause Young (Allocation Failure) 562M->16M(1979M) 46.676ms
[355.032s][info][gc,cpu         ] GC(757) User=0.05s Sys=0.00s Real=0.03s
[355.461s][info][gc,start       ] GC(758) Pause Young (Allocation Failure)
[355.515s][info][gc,heap        ] GC(758) DefNew: 560941K(629248K)->1648K(629248K) Eden: 559360K(559360K)->0K(559360K) From: 1581K(69888K)->1648K(69888K)
[355.515s][info][gc,heap        ] GC(758) Tenured: 14886K(1398144K)->14886K(1398144K)
[355.515s][info][gc,metaspace   ] GC(758) Metaspace: 14335K(15296K)->14335K(15296K) NonClass: 12367K(12992K)->12367K(12992K) Class: 1967K(2304K)->1967K(2304K)
[355.515s][info][gc             ] GC(758) Pause Young (Allocation Failure) 562M->16M(1979M) 54.065ms
[355.515s][info][gc,cpu         ] GC(758) User=0.05s Sys=0.00s Real=0.05s
[355.937s][info][gc,start       ] GC(759) Pause Young (Allocation Failure)
[355.989s][info][gc,heap        ] GC(759) DefNew: 561008K(629248K)->1714K(629248K) Eden: 559360K(559360K)->0K(559360K) From: 1648K(69888K)->1714K(69888K)
[355.989s][info][gc,heap        ] GC(759) Tenured: 14886K(1398144K)->14886K(1398144K)
[355.989s][info][gc,metaspace   ] GC(759) Metaspace: 14335K(15296K)->14335K(15296K) NonClass: 12367K(12992K)->12367K(12992K) Class: 1967K(2304K)->1967K(2304K)
[355.989s][info][gc             ] GC(759) Pause Young (Allocation Failure) 562M->16M(1979M) 52.333ms
[355.989s][info][gc,cpu         ] GC(759) User=0.06s Sys=0.00s Real=0.05s
[356.396s][info][gc,start       ] GC(760) Pause Young (Allocation Failure)
[356.452s][info][gc,heap        ] GC(760) DefNew: 561074K(629248K)->1778K(629248K) Eden: 559360K(559360K)->0K(559360K) From: 1714K(69888K)->1778K(69888K)
[356.452s][info][gc,heap        ] GC(760) Tenured: 14886K(1398144K)->14886K(1398144K)
[356.452s][info][gc,metaspace   ] GC(760) Metaspace: 14335K(15296K)->14335K(15296K) NonClass: 12367K(12992K)->12367K(12992K) Class: 1967K(2304K)->1967K(2304K)
[356.452s][info][gc             ] GC(760) Pause Young (Allocation Failure) 562M->16M(1979M) 56.705ms
[356.452s][info][gc,cpu         ] GC(760) User=0.05s Sys=0.00s Real=0.04s
[356.861s][info][gc,start       ] GC(761) Pause Young (Allocation Failure)
[356.919s][info][gc,heap        ] GC(761) DefNew: 561138K(629248K)->1841K(629248K) Eden: 559360K(559360K)->0K(559360K) From: 1778K(69888K)->1841K(69888K)
[356.919s][info][gc,heap        ] GC(761) Tenured: 14886K(1398144K)->14886K(1398144K)
[356.919s][info][gc,metaspace   ] GC(761) Metaspace: 14335K(15296K)->14335K(15296K) NonClass: 12367K(12992K)->12367K(12992K) Class: 1967K(2304K)->1967K(2304K)
[356.919s][info][gc             ] GC(761) Pause Young (Allocation Failure) 562M->16M(1979M) 57.543ms
[356.919s][info][gc,cpu         ] GC(761) User=0.06s Sys=0.00s Real=0.06s
[357.342s][info][gc,start       ] GC(762) Pause Young (Allocation Failure)
[357.402s][info][gc,heap        ] GC(762) DefNew: 561201K(629248K)->1909K(629248K) Eden: 559360K(559360K)->0K(559360K) From: 1841K(69888K)->1909K(69888K)
[357.402s][info][gc,heap        ] GC(762) Tenured: 14886K(1398144K)->14886K(1398144K)
[357.402s][info][gc,metaspace   ] GC(762) Metaspace: 14335K(15296K)->14335K(15296K) NonClass: 12367K(12992K)->12367K(12992K) Class: 1967K(2304K)->1967K(2304K)
[357.402s][info][gc             ] GC(762) Pause Young (Allocation Failure) 562M->16M(1979M) 59.782ms
[357.402s][info][gc,cpu         ] GC(762) User=0.06s Sys=0.00s Real=0.06s
[357.855s][info][gc,start       ] GC(763) Pause Young (Allocation Failure)
[357.915s][info][gc,heap        ] GC(763) DefNew: 561269K(629248K)->1978K(629248K) Eden: 559360K(559360K)->0K(559360K) From: 1909K(69888K)->1978K(69888K)
[357.915s][info][gc,heap        ] GC(763) Tenured: 14886K(1398144K)->14886K(1398144K)
[357.915s][info][gc,metaspace   ] GC(763) Metaspace: 14335K(15296K)->14335K(15296K) NonClass: 12367K(12992K)->12367K(12992K) Class: 1967K(2304K)->1967K(2304K)
[357.916s][info][gc             ] GC(763) Pause Young (Allocation Failure) 562M->16M(1979M) 60.051ms
[357.916s][info][gc,cpu         ] GC(763) User=0.05s Sys=0.00s Real=0.05s
[358.337s][info][gc,start       ] GC(764) Pause Young (Allocation Failure)
[358.380s][info][gc,heap        ] GC(764) DefNew: 561338K(629248K)->2045K(629248K) Eden: 559360K(559360K)->0K(559360K) From: 1978K(69888K)->2045K(69888K)
[358.380s][info][gc,heap        ] GC(764) Tenured: 14886K(1398144K)->14886K(1398144K)
[358.380s][info][gc,metaspace   ] GC(764) Metaspace: 14335K(15296K)->14335K(15296K) NonClass: 12367K(12992K)->12367K(12992K) Class: 1967K(2304K)->1967K(2304K)
[358.380s][info][gc             ] GC(764) Pause Young (Allocation Failure) 562M->16M(1979M) 42.639ms
[358.380s][info][gc,cpu         ] GC(764) User=0.03s Sys=0.00s Real=0.03s
[358.837s][info][gc,start       ] GC(765) Pause Young (Allocation Failure)
[358.892s][info][gc,heap        ] GC(765) DefNew: 561405K(629248K)->2119K(629248K) Eden: 559360K(559360K)->0K(559360K) From: 2045K(69888K)->2119K(69888K)
[358.892s][info][gc,heap        ] GC(765) Tenured: 14886K(1398144K)->14886K(1398144K)
[358.892s][info][gc,metaspace   ] GC(765) Metaspace: 14335K(15296K)->14335K(15296K) NonClass: 12367K(12992K)->12367K(12992K) Class: 1967K(2304K)->1967K(2304K)
[358.892s][info][gc             ] GC(765) Pause Young (Allocation Failure) 562M->16M(1979M) 54.629ms
[358.892s][info][gc,cpu         ] GC(765) User=0.05s Sys=0.00s Real=0.05s
[359.301s][info][gc,start       ] GC(766) Pause Young (Allocation Failure)
[359.357s][info][gc,heap        ] GC(766) DefNew: 561479K(629248K)->2184K(629248K) Eden: 559360K(559360K)->0K(559360K) From: 2119K(69888K)->2184K(69888K)
[359.357s][info][gc,heap        ] GC(766) Tenured: 14886K(1398144K)->14886K(1398144K)
[359.357s][info][gc,metaspace   ] GC(766) Metaspace: 14335K(15296K)->14335K(15296K) NonClass: 12367K(12992K)->12367K(12992K) Class: 1967K(2304K)->1967K(2304K)
[359.357s][info][gc             ] GC(766) Pause Young (Allocation Failure) 562M->16M(1979M) 56.586ms
[359.357s][info][gc,cpu         ] GC(766) User=0.05s Sys=0.00s Real=0.06s
[359.768s][info][gc,start       ] GC(767) Pause Young (Allocation Failure)
[359.824s][info][gc,heap        ] GC(767) DefNew: 561544K(629248K)->2253K(629248K) Eden: 559360K(559360K)->0K(559360K) From: 2184K(69888K)->2253K(69888K)
[359.824s][info][gc,heap        ] GC(767) Tenured: 14886K(1398144K)->14886K(1398144K)
[359.824s][info][gc,metaspace   ] GC(767) Metaspace: 14335K(15296K)->14335K(15296K) NonClass: 12367K(12992K)->12367K(12992K) Class: 1967K(2304K)->1967K(2304K)
[359.824s][info][gc             ] GC(767) Pause Young (Allocation Failure) 562M->16M(1979M) 56.106ms
[359.824s][info][gc,cpu         ] GC(767) User=0.05s Sys=0.02s Real=0.05s
[360.232s][info][gc,start       ] GC(768) Pause Young (Allocation Failure)
[360.291s][info][gc,heap        ] GC(768) DefNew: 561613K(629248K)->2315K(629248K) Eden: 559360K(559360K)->0K(559360K) From: 2253K(69888K)->2315K(69888K)
[360.291s][info][gc,heap        ] GC(768) Tenured: 14886K(1398144K)->14886K(1398144K)
[360.291s][info][gc,metaspace   ] GC(768) Metaspace: 14335K(15296K)->14335K(15296K) NonClass: 12367K(12992K)->12367K(12992K) Class: 1967K(2304K)->1967K(2304K)
[360.291s][info][gc             ] GC(768) Pause Young (Allocation Failure) 562M->16M(1979M) 59.039ms
[360.291s][info][gc,cpu         ] GC(768) User=0.06s Sys=0.00s Real=0.05s
[360.716s][info][gc,start       ] GC(769) Pause Young (Allocation Failure)
[360.777s][info][gc,heap        ] GC(769) DefNew: 561675K(629248K)->2383K(629248K) Eden: 559360K(559360K)->0K(559360K) From: 2315K(69888K)->2383K(69888K)
[360.777s][info][gc,heap        ] GC(769) Tenured: 14886K(1398144K)->14886K(1398144K)
[360.777s][info][gc,metaspace   ] GC(769) Metaspace: 14335K(15296K)->14335K(15296K) NonClass: 12367K(12992K)->12367K(12992K) Class: 1967K(2304K)->1967K(2304K)
[360.777s][info][gc             ] GC(769) Pause Young (Allocation Failure) 563M->16M(1979M) 61.275ms
[360.777s][info][gc,cpu         ] GC(769) User=0.06s Sys=0.00s Real=0.05s
[361.197s][info][gc,start       ] GC(770) Pause Young (Allocation Failure)
[361.254s][info][gc,heap        ] GC(770) DefNew: 561743K(629248K)->2448K(629248K) Eden: 559360K(559360K)->0K(559360K) From: 2383K(69888K)->2448K(69888K)
[361.254s][info][gc,heap        ] GC(770) Tenured: 14886K(1398144K)->14886K(1398144K)
[361.254s][info][gc,metaspace   ] GC(770) Metaspace: 14335K(15296K)->14335K(15296K) NonClass: 12367K(12992K)->12367K(12992K) Class: 1967K(2304K)->1967K(2304K)
[361.254s][info][gc             ] GC(770) Pause Young (Allocation Failure) 563M->16M(1979M) 56.366ms
[361.254s][info][gc,cpu         ] GC(770) User=0.06s Sys=0.00s Real=0.06s
[361.706s][info][gc,start       ] GC(771) Pause Young (Allocation Failure)
[361.762s][info][gc,heap        ] GC(771) DefNew: 561808K(629248K)->1014K(629248K) Eden: 559360K(559360K)->0K(559360K) From: 2448K(69888K)->1014K(69888K)
[361.770s][info][gc,heap        ] GC(771) Tenured: 14886K(1398144K)->16393K(1398144K)
[361.770s][info][gc,metaspace   ] GC(771) Metaspace: 14335K(15296K)->14335K(15296K) NonClass: 12367K(12992K)->12367K(12992K) Class: 1967K(2304K)->1967K(2304K)
[361.770s][info][gc             ] GC(771) Pause Young (Allocation Failure) 563M->17M(1979M) 64.164ms
[361.770s][info][gc,cpu         ] GC(771) User=0.05s Sys=0.00s Real=0.06s
[362.208s][info][gc,start       ] GC(772) Pause Young (Allocation Failure)
[362.262s][info][gc,heap        ] GC(772) DefNew: 560374K(629248K)->1017K(629248K) Eden: 559360K(559360K)->0K(559360K) From: 1014K(69888K)->1017K(69888K)
[362.262s][info][gc,heap        ] GC(772) Tenured: 16393K(1398144K)->16459K(1398144K)
[362.262s][info][gc,metaspace   ] GC(772) Metaspace: 14335K(15296K)->14335K(15296K) NonClass: 12367K(12992K)->12367K(12992K) Class: 1967K(2304K)->1967K(2304K)
[362.262s][info][gc             ] GC(772) Pause Young (Allocation Failure) 563M->17M(1979M) 54.062ms
[362.262s][info][gc,cpu         ] GC(772) User=0.05s Sys=0.00s Real=0.05s
[362.711s][info][gc,start       ] GC(773) Pause Young (Allocation Failure)
[362.768s][info][gc,heap        ] GC(773) DefNew: 560377K(629248K)->1019K(629248K) Eden: 559360K(559360K)->0K(559360K) From: 1017K(69888K)->1019K(69888K)
[362.768s][info][gc,heap        ] GC(773) Tenured: 16459K(1398144K)->16526K(1398144K)
[362.768s][info][gc,metaspace   ] GC(773) Metaspace: 14335K(15296K)->14335K(15296K) NonClass: 12367K(12992K)->12367K(12992K) Class: 1967K(2304K)->1967K(2304K)
[362.768s][info][gc             ] GC(773) Pause Young (Allocation Failure) 563M->17M(1979M) 57.071ms
[362.768s][info][gc,cpu         ] GC(773) User=0.06s Sys=0.00s Real=0.06s
[363.211s][info][gc,start       ] GC(774) Pause Young (Allocation Failure)
[363.269s][info][gc,heap        ] GC(774) DefNew: 560379K(629248K)->1026K(629248K) Eden: 559360K(559360K)->0K(559360K) From: 1019K(69888K)->1026K(69888K)
[363.269s][info][gc,heap        ] GC(774) Tenured: 16526K(1398144K)->16591K(1398144K)
[363.269s][info][gc,metaspace   ] GC(774) Metaspace: 14335K(15296K)->14335K(15296K) NonClass: 12367K(12992K)->12367K(12992K) Class: 1967K(2304K)->1967K(2304K)
[363.269s][info][gc             ] GC(774) Pause Young (Allocation Failure) 563M->17M(1979M) 57.836ms
[363.269s][info][gc,cpu         ] GC(774) User=0.06s Sys=0.00s Real=0.06s
[363.709s][info][gc,start       ] GC(775) Pause Young (Allocation Failure)
[363.763s][info][gc,heap        ] GC(775) DefNew: 560386K(629248K)->1032K(629248K) Eden: 559360K(559360K)->0K(559360K) From: 1026K(69888K)->1032K(69888K)
[363.763s][info][gc,heap        ] GC(775) Tenured: 16591K(1398144K)->16656K(1398144K)
[363.763s][info][gc,metaspace   ] GC(775) Metaspace: 14335K(15296K)->14335K(15296K) NonClass: 12367K(12992K)->12367K(12992K) Class: 1967K(2304K)->1967K(2304K)
[363.763s][info][gc             ] GC(775) Pause Young (Allocation Failure) 563M->17M(1979M) 54.745ms
[363.763s][info][gc,cpu         ] GC(775) User=0.05s Sys=0.00s Real=0.05s
[364.204s][info][gc,start       ] GC(776) Pause Young (Allocation Failure)
[364.264s][info][gc,heap        ] GC(776) DefNew: 560392K(629248K)->1038K(629248K) Eden: 559360K(559360K)->0K(559360K) From: 1032K(69888K)->1038K(69888K)
[364.264s][info][gc,heap        ] GC(776) Tenured: 16656K(1398144K)->16718K(1398144K)
[364.264s][info][gc,metaspace   ] GC(776) Metaspace: 14335K(15296K)->14335K(15296K) NonClass: 12367K(12992K)->12367K(12992K) Class: 1967K(2304K)->1967K(2304K)
[364.264s][info][gc             ] GC(776) Pause Young (Allocation Failure) 563M->17M(1979M) 59.450ms
[364.264s][info][gc,cpu         ] GC(776) User=0.06s Sys=0.00s Real=0.05s
[364.725s][info][gc,start       ] GC(777) Pause Young (Allocation Failure)
[364.779s][info][gc,heap        ] GC(777) DefNew: 560398K(629248K)->1045K(629248K) Eden: 559360K(559360K)->0K(559360K) From: 1038K(69888K)->1045K(69888K)
[364.779s][info][gc,heap        ] GC(777) Tenured: 16718K(1398144K)->16786K(1398144K)
[364.779s][info][gc,metaspace   ] GC(777) Metaspace: 14335K(15296K)->14335K(15296K) NonClass: 12367K(12992K)->12367K(12992K) Class: 1967K(2304K)->1967K(2304K)
[364.779s][info][gc             ] GC(777) Pause Young (Allocation Failure) 563M->17M(1979M) 54.441ms
[364.779s][info][gc,cpu         ] GC(777) User=0.05s Sys=0.00s Real=0.05s
[365.215s][info][gc,start       ] GC(778) Pause Young (Allocation Failure)
[365.270s][info][gc,heap        ] GC(778) DefNew: 560405K(629248K)->1050K(629248K) Eden: 559360K(559360K)->0K(559360K) From: 1045K(69888K)->1050K(69888K)
[365.271s][info][gc,heap        ] GC(778) Tenured: 16786K(1398144K)->16854K(1398144K)
[365.271s][info][gc,metaspace   ] GC(778) Metaspace: 14335K(15296K)->14335K(15296K) NonClass: 12367K(12992K)->12367K(12992K) Class: 1967K(2304K)->1967K(2304K)
[365.271s][info][gc             ] GC(778) Pause Young (Allocation Failure) 563M->17M(1979M) 55.426ms
[365.271s][info][gc,cpu         ] GC(778) User=0.06s Sys=0.00s Real=0.06s
[365.719s][info][gc,start       ] GC(779) Pause Young (Allocation Failure)
[365.772s][info][gc,heap        ] GC(779) DefNew: 560410K(629248K)->1051K(629248K) Eden: 559360K(559360K)->0K(559360K) From: 1050K(69888K)->1051K(69888K)
[365.772s][info][gc,heap        ] GC(779) Tenured: 16854K(1398144K)->16922K(1398144K)
[365.772s][info][gc,metaspace   ] GC(779) Metaspace: 14335K(15296K)->14335K(15296K) NonClass: 12367K(12992K)->12367K(12992K) Class: 1967K(2304K)->1967K(2304K)
[365.772s][info][gc             ] GC(779) Pause Young (Allocation Failure) 563M->17M(1979M) 53.671ms
[365.772s][info][gc,cpu         ] GC(779) User=0.05s Sys=0.00s Real=0.05s
[366.211s][info][gc,start       ] GC(780) Pause Young (Allocation Failure)
[366.270s][info][gc,heap        ] GC(780) DefNew: 560411K(629248K)->1046K(629248K) Eden: 559360K(559360K)->0K(559360K) From: 1051K(69888K)->1046K(69888K)
[366.270s][info][gc,heap        ] GC(780) Tenured: 16922K(1398144K)->16997K(1398144K)
[366.270s][info][gc,metaspace   ] GC(780) Metaspace: 14335K(15296K)->14335K(15296K) NonClass: 12367K(12992K)->12367K(12992K) Class: 1967K(2304K)->1967K(2304K)
[366.270s][info][gc             ] GC(780) Pause Young (Allocation Failure) 563M->17M(1979M) 58.769ms
[366.270s][info][gc,cpu         ] GC(780) User=0.06s Sys=0.00s Real=0.06s
[366.708s][info][gc,start       ] GC(781) Pause Young (Allocation Failure)
[366.767s][info][gc,heap        ] GC(781) DefNew: 560406K(629248K)->1053K(629248K) Eden: 559360K(559360K)->0K(559360K) From: 1046K(69888K)->1053K(69888K)
[366.767s][info][gc,heap        ] GC(781) Tenured: 16997K(1398144K)->17062K(1398144K)
[366.767s][info][gc,metaspace   ] GC(781) Metaspace: 14335K(15296K)->14335K(15296K) NonClass: 12367K(12992K)->12367K(12992K) Class: 1967K(2304K)->1967K(2304K)
[366.767s][info][gc             ] GC(781) Pause Young (Allocation Failure) 563M->17M(1979M) 59.554ms
[366.767s][info][gc,cpu         ] GC(781) User=0.05s Sys=0.00s Real=0.06s
[367.204s][info][gc,start       ] GC(782) Pause Young (Allocation Failure)
[367.264s][info][gc,heap        ] GC(782) DefNew: 560413K(629248K)->1052K(629248K) Eden: 559360K(559360K)->0K(559360K) From: 1053K(69888K)->1052K(69888K)
[367.264s][info][gc,heap        ] GC(782) Tenured: 17062K(1398144K)->17129K(1398144K)
[367.264s][info][gc,metaspace   ] GC(782) Metaspace: 14335K(15296K)->14335K(15296K) NonClass: 12367K(12992K)->12367K(12992K) Class: 1967K(2304K)->1967K(2304K)
[367.264s][info][gc             ] GC(782) Pause Young (Allocation Failure) 563M->17M(1979M) 59.671ms
[367.264s][info][gc,cpu         ] GC(782) User=0.06s Sys=0.00s Real=0.06s
[367.722s][info][gc,start       ] GC(783) Pause Young (Allocation Failure)
[367.773s][info][gc,heap        ] GC(783) DefNew: 560412K(629248K)->1065K(629248K) Eden: 559360K(559360K)->0K(559360K) From: 1052K(69888K)->1065K(69888K)
[367.773s][info][gc,heap        ] GC(783) Tenured: 17129K(1398144K)->17191K(1398144K)
[367.773s][info][gc,metaspace   ] GC(783) Metaspace: 14335K(15296K)->14335K(15296K) NonClass: 12367K(12992K)->12367K(12992K) Class: 1967K(2304K)->1967K(2304K)
[367.773s][info][gc             ] GC(783) Pause Young (Allocation Failure) 564M->17M(1979M) 50.738ms
[367.773s][info][gc,cpu         ] GC(783) User=0.05s Sys=0.00s Real=0.05s
[368.205s][info][gc,start       ] GC(784) Pause Young (Allocation Failure)
[368.261s][info][gc,heap        ] GC(784) DefNew: 560425K(629248K)->1064K(629248K) Eden: 559360K(559360K)->0K(559360K) From: 1065K(69888K)->1064K(69888K)
[368.261s][info][gc,heap        ] GC(784) Tenured: 17191K(1398144K)->17259K(1398144K)
[368.262s][info][gc,metaspace   ] GC(784) Metaspace: 14335K(15296K)->14335K(15296K) NonClass: 12367K(12992K)->12367K(12992K) Class: 1967K(2304K)->1967K(2304K)
[368.262s][info][gc             ] GC(784) Pause Young (Allocation Failure) 564M->17M(1979M) 56.410ms
[368.262s][info][gc,cpu         ] GC(784) User=0.05s Sys=0.00s Real=0.05s
[368.709s][info][gc,start       ] GC(785) Pause Young (Allocation Failure)
[368.763s][info][gc,heap        ] GC(785) DefNew: 560424K(629248K)->1074K(629248K) Eden: 559360K(559360K)->0K(559360K) From: 1064K(69888K)->1074K(69888K)
[368.763s][info][gc,heap        ] GC(785) Tenured: 17259K(1398144K)->17324K(1398144K)
[368.763s][info][gc,metaspace   ] GC(785) Metaspace: 14335K(15296K)->14335K(15296K) NonClass: 12367K(12992K)->12367K(12992K) Class: 1967K(2304K)->1967K(2304K)
[368.763s][info][gc             ] GC(785) Pause Young (Allocation Failure) 564M->17M(1979M) 53.323ms
[368.763s][info][gc,cpu         ] GC(785) User=0.05s Sys=0.00s Real=0.05s
[369.202s][info][gc,start       ] GC(786) Pause Young (Allocation Failure)
[369.260s][info][gc,heap        ] GC(786) DefNew: 560434K(629248K)->1071K(629248K) Eden: 559360K(559360K)->0K(559360K) From: 1074K(69888K)->1071K(69888K)
[369.260s][info][gc,heap        ] GC(786) Tenured: 17324K(1398144K)->17398K(1398144K)
[369.260s][info][gc,metaspace   ] GC(786) Metaspace: 14335K(15296K)->14335K(15296K) NonClass: 12367K(12992K)->12367K(12992K) Class: 1967K(2304K)->1967K(2304K)
[369.260s][info][gc             ] GC(786) Pause Young (Allocation Failure) 564M->18M(1979M) 58.055ms
[369.260s][info][gc,cpu         ] GC(786) User=0.05s Sys=0.00s Real=0.05s
[369.697s][info][gc,start       ] GC(787) Pause Young (Allocation Failure)
[369.756s][info][gc,heap        ] GC(787) DefNew: 560431K(629248K)->1071K(629248K) Eden: 559360K(559360K)->0K(559360K) From: 1071K(69888K)->1071K(69888K)
[369.756s][info][gc,heap        ] GC(787) Tenured: 17398K(1398144K)->17465K(1398144K)
[369.756s][info][gc,metaspace   ] GC(787) Metaspace: 14335K(15296K)->14335K(15296K) NonClass: 12367K(12992K)->12367K(12992K) Class: 1967K(2304K)->1967K(2304K)
[369.756s][info][gc             ] GC(787) Pause Young (Allocation Failure) 564M->18M(1979M) 59.892ms
[369.756s][info][gc,cpu         ] GC(787) User=0.05s Sys=0.00s Real=0.06s
[370.193s][info][gc,start       ] GC(788) Pause Young (Allocation Failure)
[370.254s][info][gc,heap        ] GC(788) DefNew: 560431K(629248K)->1069K(629248K) Eden: 559360K(559360K)->0K(559360K) From: 1071K(69888K)->1069K(69888K)
[370.254s][info][gc,heap        ] GC(788) Tenured: 17465K(1398144K)->17536K(1398144K)
[370.254s][info][gc,metaspace   ] GC(788) Metaspace: 14335K(15296K)->14335K(15296K) NonClass: 12367K(12992K)->12367K(12992K) Class: 1967K(2304K)->1967K(2304K)
[370.254s][info][gc             ] GC(788) Pause Young (Allocation Failure) 564M->18M(1979M) 60.635ms
[370.254s][info][gc,cpu         ] GC(788) User=0.05s Sys=0.00s Real=0.06s
[370.694s][info][gc,start       ] GC(789) Pause Young (Allocation Failure)
[370.752s][info][gc,heap        ] GC(789) DefNew: 560429K(629248K)->1069K(629248K) Eden: 559360K(559360K)->0K(559360K) From: 1069K(69888K)->1069K(69888K)
[370.752s][info][gc,heap        ] GC(789) Tenured: 17536K(1398144K)->17607K(1398144K)
[370.752s][info][gc,metaspace   ] GC(789) Metaspace: 14335K(15296K)->14335K(15296K) NonClass: 12367K(12992K)->12367K(12992K) Class: 1967K(2304K)->1967K(2304K)
[370.753s][info][gc             ] GC(789) Pause Young (Allocation Failure) 564M->18M(1979M) 58.012ms
[370.753s][info][gc,cpu         ] GC(789) User=0.05s Sys=0.00s Real=0.05s
[371.195s][info][gc,start       ] GC(790) Pause Young (Allocation Failure)
[371.258s][info][gc,heap        ] GC(790) DefNew: 560429K(629248K)->1069K(629248K) Eden: 559360K(559360K)->0K(559360K) From: 1069K(69888K)->1069K(69888K)
[371.258s][info][gc,heap        ] GC(790) Tenured: 17607K(1398144K)->17678K(1398144K)
[371.258s][info][gc,metaspace   ] GC(790) Metaspace: 14335K(15296K)->14335K(15296K) NonClass: 12367K(12992K)->12367K(12992K) Class: 1967K(2304K)->1967K(2304K)
[371.258s][info][gc             ] GC(790) Pause Young (Allocation Failure) 564M->18M(1979M) 63.442ms
[371.258s][info][gc,cpu         ] GC(790) User=0.06s Sys=0.00s Real=0.06s
[371.737s][info][gc,start       ] GC(791) Pause Young (Allocation Failure)
[371.792s][info][gc,heap        ] GC(791) DefNew: 560429K(629248K)->1076K(629248K) Eden: 559360K(559360K)->0K(559360K) From: 1069K(69888K)->1076K(69888K)
[371.792s][info][gc,heap        ] GC(791) Tenured: 17678K(1398144K)->17747K(1398144K)
[371.792s][info][gc,metaspace   ] GC(791) Metaspace: 14335K(15296K)->14335K(15296K) NonClass: 12367K(12992K)->12367K(12992K) Class: 1967K(2304K)->1967K(2304K)
[371.792s][info][gc             ] GC(791) Pause Young (Allocation Failure) 564M->18M(1979M) 54.847ms
[371.792s][info][gc,cpu         ] GC(791) User=0.06s Sys=0.00s Real=0.06s
[372.242s][info][gc,start       ] GC(792) Pause Young (Allocation Failure)
[372.302s][info][gc,heap        ] GC(792) DefNew: 560436K(629248K)->1073K(629248K) Eden: 559360K(559360K)->0K(559360K) From: 1076K(69888K)->1073K(69888K)
[372.302s][info][gc,heap        ] GC(792) Tenured: 17747K(1398144K)->17821K(1398144K)
[372.302s][info][gc,metaspace   ] GC(792) Metaspace: 14335K(15296K)->14335K(15296K) NonClass: 12367K(12992K)->12367K(12992K) Class: 1967K(2304K)->1967K(2304K)
[372.302s][info][gc             ] GC(792) Pause Young (Allocation Failure) 564M->18M(1979M) 59.866ms
[372.302s][info][gc,cpu         ] GC(792) User=0.06s Sys=0.00s Real=0.06s
[372.772s][info][gc,start       ] GC(793) Pause Young (Allocation Failure)
[372.835s][info][gc,heap        ] GC(793) DefNew: 560433K(629248K)->1070K(629248K) Eden: 559360K(559360K)->0K(559360K) From: 1073K(69888K)->1070K(69888K)
[372.835s][info][gc,heap        ] GC(793) Tenured: 17821K(1398144K)->17896K(1398144K)
[372.835s][info][gc,metaspace   ] GC(793) Metaspace: 14335K(15296K)->14335K(15296K) NonClass: 12367K(12992K)->12367K(12992K) Class: 1967K(2304K)->1967K(2304K)
[372.835s][info][gc             ] GC(793) Pause Young (Allocation Failure) 564M->18M(1979M) 62.794ms
[372.835s][info][gc,cpu         ] GC(793) User=0.06s Sys=0.00s Real=0.06s
[373.332s][info][gc,start       ] GC(794) Pause Young (Allocation Failure)
[373.403s][info][gc,heap        ] GC(794) DefNew: 560430K(629248K)->1078K(629248K) Eden: 559360K(559360K)->0K(559360K) From: 1070K(69888K)->1078K(69888K)
[373.403s][info][gc,heap        ] GC(794) Tenured: 17896K(1398144K)->17965K(1398144K)
[373.403s][info][gc,metaspace   ] GC(794) Metaspace: 14335K(15296K)->14335K(15296K) NonClass: 12367K(12992K)->12367K(12992K) Class: 1967K(2304K)->1967K(2304K)
[373.403s][info][gc             ] GC(794) Pause Young (Allocation Failure) 564M->18M(1979M) 71.705ms
[373.403s][info][gc,cpu         ] GC(794) User=0.06s Sys=0.00s Real=0.07s
[373.870s][info][gc,start       ] GC(795) Pause Young (Allocation Failure)
[373.926s][info][gc,heap        ] GC(795) DefNew: 560438K(629248K)->1080K(629248K) Eden: 559360K(559360K)->0K(559360K) From: 1078K(69888K)->1080K(69888K)
[373.926s][info][gc,heap        ] GC(795) Tenured: 17965K(1398144K)->18035K(1398144K)
[373.926s][info][gc,metaspace   ] GC(795) Metaspace: 14335K(15296K)->14335K(15296K) NonClass: 12367K(12992K)->12367K(12992K) Class: 1967K(2304K)->1967K(2304K)
[373.926s][info][gc             ] GC(795) Pause Young (Allocation Failure) 564M->18M(1979M) 56.036ms
[373.926s][info][gc,cpu         ] GC(795) User=0.05s Sys=0.00s Real=0.04s
[374.319s][info][gc,start       ] GC(796) Pause Full (System.gc())
[374.344s][info][gc,phases,start] GC(796) Phase 1: Mark live objects
[374.389s][info][gc,phases      ] GC(796) Phase 1: Mark live objects 44.629ms
[374.389s][info][gc,phases,start] GC(796) Phase 2: Compute new object addresses
[374.474s][info][gc,phases      ] GC(796) Phase 2: Compute new object addresses 85.830ms
[374.474s][info][gc,phases,start] GC(796) Phase 3: Adjust pointers
[374.496s][info][gc,phases      ] GC(796) Phase 3: Adjust pointers 21.601ms
[374.496s][info][gc,phases,start] GC(796) Phase 4: Move objects
[374.496s][info][gc,phases      ] GC(796) Phase 4: Move objects 0.012ms
[374.496s][info][gc,heap        ] GC(796) DefNew: 364576K(629248K)->0K(629248K) Eden: 363496K(559360K)->0K(559360K) From: 1080K(69888K)->0K(69888K)
[374.496s][info][gc,heap        ] GC(796) Tenured: 18035K(1398144K)->5375K(1398144K)
[374.496s][info][gc,metaspace   ] GC(796) Metaspace: 14335K(15296K)->14335K(15296K) NonClass: 12367K(12992K)->12367K(12992K) Class: 1967K(2304K)->1967K(2304K)
[374.496s][info][gc             ] GC(796) Pause Full (System.gc()) 373M->5M(1979M) 177.383ms
[374.496s][info][gc,cpu         ] GC(796) User=0.16s Sys=0.00s Real=0.17s
[374.840s][info][gc,start       ] GC(797) Pause Young (Allocation Failure)
[374.880s][info][gc,heap        ] GC(797) DefNew: 559360K(629248K)->1515K(629248K) Eden: 559360K(559360K)->0K(559360K) From: 0K(69888K)->1515K(69888K)
[374.880s][info][gc,heap        ] GC(797) Tenured: 5375K(1398144K)->5375K(1398144K)
[374.880s][info][gc,metaspace   ] GC(797) Metaspace: 14335K(15296K)->14335K(15296K) NonClass: 12367K(12992K)->12367K(12992K) Class: 1967K(2304K)->1967K(2304K)
[374.880s][info][gc             ] GC(797) Pause Young (Allocation Failure) 551M->6M(1979M) 40.877ms
[374.880s][info][gc,cpu         ] GC(797) User=0.03s Sys=0.00s Real=0.03s
[375.290s][info][gc,start       ] GC(798) Pause Young (Allocation Failure)
[375.345s][info][gc,heap        ] GC(798) DefNew: 560875K(629248K)->1580K(629248K) Eden: 559360K(559360K)->0K(559360K) From: 1515K(69888K)->1580K(69888K)
[375.345s][info][gc,heap        ] GC(798) Tenured: 5375K(1398144K)->5375K(1398144K)
[375.345s][info][gc,metaspace   ] GC(798) Metaspace: 14335K(15296K)->14335K(15296K) NonClass: 12367K(12992K)->12367K(12992K) Class: 1967K(2304K)->1967K(2304K)
[375.345s][info][gc             ] GC(798) Pause Young (Allocation Failure) 552M->6M(1979M) 55.208ms
[375.345s][info][gc,cpu         ] GC(798) User=0.05s Sys=0.00s Real=0.06s
[375.757s][info][gc,start       ] GC(799) Pause Young (Allocation Failure)
[375.812s][info][gc,heap        ] GC(799) DefNew: 560940K(629248K)->1646K(629248K) Eden: 559360K(559360K)->0K(559360K) From: 1580K(69888K)->1646K(69888K)
[375.812s][info][gc,heap        ] GC(799) Tenured: 5375K(1398144K)->5375K(1398144K)
[375.812s][info][gc,metaspace   ] GC(799) Metaspace: 14335K(15296K)->14335K(15296K) NonClass: 12367K(12992K)->12367K(12992K) Class: 1967K(2304K)->1967K(2304K)
[375.812s][info][gc             ] GC(799) Pause Young (Allocation Failure) 553M->6M(1979M) 55.150ms
[375.812s][info][gc,cpu         ] GC(799) User=0.05s Sys=0.00s Real=0.06s
[376.227s][info][gc,start       ] GC(800) Pause Young (Allocation Failure)
[376.286s][info][gc,heap        ] GC(800) DefNew: 561006K(629248K)->1711K(629248K) Eden: 559360K(559360K)->0K(559360K) From: 1646K(69888K)->1711K(69888K)
[376.286s][info][gc,heap        ] GC(800) Tenured: 5375K(1398144K)->5375K(1398144K)
[376.286s][info][gc,metaspace   ] GC(800) Metaspace: 14335K(15296K)->14335K(15296K) NonClass: 12367K(12992K)->12367K(12992K) Class: 1967K(2304K)->1967K(2304K)
[376.286s][info][gc             ] GC(800) Pause Young (Allocation Failure) 553M->6M(1979M) 58.950ms
[376.286s][info][gc,cpu         ] GC(800) User=0.06s Sys=0.00s Real=0.06s
[376.691s][info][gc,start       ] GC(801) Pause Young (Allocation Failure)
[376.748s][info][gc,heap        ] GC(801) DefNew: 561071K(629248K)->1777K(629248K) Eden: 559360K(559360K)->0K(559360K) From: 1711K(69888K)->1777K(69888K)
[376.749s][info][gc,heap        ] GC(801) Tenured: 5375K(1398144K)->5375K(1398144K)
[376.749s][info][gc,metaspace   ] GC(801) Metaspace: 14335K(15296K)->14335K(15296K) NonClass: 12367K(12992K)->12367K(12992K) Class: 1967K(2304K)->1967K(2304K)
[376.749s][info][gc             ] GC(801) Pause Young (Allocation Failure) 553M->6M(1979M) 57.205ms
[376.749s][info][gc,cpu         ] GC(801) User=0.05s Sys=0.00s Real=0.05s
[377.173s][info][gc,start       ] GC(802) Pause Young (Allocation Failure)
[377.221s][info][gc,heap        ] GC(802) DefNew: 561137K(629248K)->1842K(629248K) Eden: 559360K(559360K)->0K(559360K) From: 1777K(69888K)->1842K(69888K)
[377.221s][info][gc,heap        ] GC(802) Tenured: 5375K(1398144K)->5375K(1398144K)
[377.221s][info][gc,metaspace   ] GC(802) Metaspace: 14335K(15296K)->14335K(15296K) NonClass: 12367K(12992K)->12367K(12992K) Class: 1967K(2304K)->1967K(2304K)
[377.221s][info][gc             ] GC(802) Pause Young (Allocation Failure) 553M->7M(1979M) 47.768ms
[377.221s][info][gc,cpu         ] GC(802) User=0.05s Sys=0.00s Real=0.05s
[377.703s][info][gc,start       ] GC(803) Pause Young (Allocation Failure)
[377.761s][info][gc,heap        ] GC(803) DefNew: 561202K(629248K)->1909K(629248K) Eden: 559360K(559360K)->0K(559360K) From: 1842K(69888K)->1909K(69888K)
[377.761s][info][gc,heap        ] GC(803) Tenured: 5375K(1398144K)->5375K(1398144K)
[377.761s][info][gc,metaspace   ] GC(803) Metaspace: 14335K(15296K)->14335K(15296K) NonClass: 12367K(12992K)->12367K(12992K) Class: 1967K(2304K)->1967K(2304K)
[377.761s][info][gc             ] GC(803) Pause Young (Allocation Failure) 553M->7M(1979M) 57.711ms
[377.761s][info][gc,cpu         ] GC(803) User=0.06s Sys=0.00s Real=0.06s
[378.188s][info][gc,start       ] GC(804) Pause Young (Allocation Failure)
[378.232s][info][gc,heap        ] GC(804) DefNew: 561269K(629248K)->1976K(629248K) Eden: 559360K(559360K)->0K(559360K) From: 1909K(69888K)->1976K(69888K)
[378.232s][info][gc,heap        ] GC(804) Tenured: 5375K(1398144K)->5375K(1398144K)
[378.232s][info][gc,metaspace   ] GC(804) Metaspace: 14335K(15296K)->14335K(15296K) NonClass: 12367K(12992K)->12367K(12992K) Class: 1967K(2304K)->1967K(2304K)
[378.232s][info][gc             ] GC(804) Pause Young (Allocation Failure) 553M->7M(1979M) 44.030ms
[378.232s][info][gc,cpu         ] GC(804) User=0.05s Sys=0.00s Real=0.04s
[378.659s][info][gc,start       ] GC(805) Pause Young (Allocation Failure)
[378.704s][info][gc,heap        ] GC(805) DefNew: 561336K(629248K)->2045K(629248K) Eden: 559360K(559360K)->0K(559360K) From: 1976K(69888K)->2045K(69888K)
[378.704s][info][gc,heap        ] GC(805) Tenured: 5375K(1398144K)->5375K(1398144K)
[378.704s][info][gc,metaspace   ] GC(805) Metaspace: 14335K(15296K)->14335K(15296K) NonClass: 12367K(12992K)->12367K(12992K) Class: 1967K(2304K)->1967K(2304K)
[378.704s][info][gc             ] GC(805) Pause Young (Allocation Failure) 553M->7M(1979M) 45.187ms
[378.704s][info][gc,cpu         ] GC(805) User=0.05s Sys=0.00s Real=0.04s
[379.117s][info][gc,start       ] GC(806) Pause Young (Allocation Failure)
[379.173s][info][gc,heap        ] GC(806) DefNew: 561405K(629248K)->2112K(629248K) Eden: 559360K(559360K)->0K(559360K) From: 2045K(69888K)->2112K(69888K)
[379.173s][info][gc,heap        ] GC(806) Tenured: 5375K(1398144K)->5375K(1398144K)
[379.173s][info][gc,metaspace   ] GC(806) Metaspace: 14335K(15296K)->14335K(15296K) NonClass: 12367K(12992K)->12367K(12992K) Class: 1967K(2304K)->1967K(2304K)
[379.173s][info][gc             ] GC(806) Pause Young (Allocation Failure) 553M->7M(1979M) 56.076ms
[379.173s][info][gc,cpu         ] GC(806) User=0.05s Sys=0.00s Real=0.06s
[379.593s][info][gc,start       ] GC(807) Pause Young (Allocation Failure)
[379.650s][info][gc,heap        ] GC(807) DefNew: 561472K(629248K)->2177K(629248K) Eden: 559360K(559360K)->0K(559360K) From: 2112K(69888K)->2177K(69888K)
[379.651s][info][gc,heap        ] GC(807) Tenured: 5375K(1398144K)->5375K(1398144K)
[379.651s][info][gc,metaspace   ] GC(807) Metaspace: 14335K(15296K)->14335K(15296K) NonClass: 12367K(12992K)->12367K(12992K) Class: 1967K(2304K)->1967K(2304K)
[379.651s][info][gc             ] GC(807) Pause Young (Allocation Failure) 553M->7M(1979M) 57.545ms
[379.651s][info][gc,cpu         ] GC(807) User=0.05s Sys=0.00s Real=0.05s
[380.072s][info][gc,start       ] GC(808) Pause Young (Allocation Failure)
[380.133s][info][gc,heap        ] GC(808) DefNew: 561537K(629248K)->2245K(629248K) Eden: 559360K(559360K)->0K(559360K) From: 2177K(69888K)->2245K(69888K)
[380.133s][info][gc,heap        ] GC(808) Tenured: 5375K(1398144K)->5375K(1398144K)
[380.133s][info][gc,metaspace   ] GC(808) Metaspace: 14335K(15296K)->14335K(15296K) NonClass: 12367K(12992K)->12367K(12992K) Class: 1967K(2304K)->1967K(2304K)
[380.133s][info][gc             ] GC(808) Pause Young (Allocation Failure) 553M->7M(1979M) 60.780ms
[380.133s][info][gc,cpu         ] GC(808) User=0.05s Sys=0.00s Real=0.05s
[380.543s][info][gc,start       ] GC(809) Pause Young (Allocation Failure)
[380.601s][info][gc,heap        ] GC(809) DefNew: 561605K(629248K)->2310K(629248K) Eden: 559360K(559360K)->0K(559360K) From: 2245K(69888K)->2310K(69888K)
[380.601s][info][gc,heap        ] GC(809) Tenured: 5375K(1398144K)->5375K(1398144K)
[380.601s][info][gc,metaspace   ] GC(809) Metaspace: 14335K(15296K)->14335K(15296K) NonClass: 12367K(12992K)->12367K(12992K) Class: 1967K(2304K)->1967K(2304K)
[380.601s][info][gc             ] GC(809) Pause Young (Allocation Failure) 553M->7M(1979M) 58.337ms
[380.601s][info][gc,cpu         ] GC(809) User=0.06s Sys=0.00s Real=0.06s
[381.061s][info][gc,start       ] GC(810) Pause Young (Allocation Failure)
[381.121s][info][gc,heap        ] GC(810) DefNew: 561670K(629248K)->2385K(629248K) Eden: 559360K(559360K)->0K(559360K) From: 2310K(69888K)->2385K(69888K)
[381.121s][info][gc,heap        ] GC(810) Tenured: 5375K(1398144K)->5375K(1398144K)
[381.121s][info][gc,metaspace   ] GC(810) Metaspace: 14335K(15296K)->14335K(15296K) NonClass: 12367K(12992K)->12367K(12992K) Class: 1967K(2304K)->1967K(2304K)
[381.121s][info][gc             ] GC(810) Pause Young (Allocation Failure) 553M->7M(1979M) 59.784ms
[381.121s][info][gc,cpu         ] GC(810) User=0.06s Sys=0.00s Real=0.06s
[381.548s][info][gc,start       ] GC(811) Pause Young (Allocation Failure)
[381.602s][info][gc,heap        ] GC(811) DefNew: 561745K(629248K)->2453K(629248K) Eden: 559360K(559360K)->0K(559360K) From: 2385K(69888K)->2453K(69888K)
[381.602s][info][gc,heap        ] GC(811) Tenured: 5375K(1398144K)->5375K(1398144K)
[381.602s][info][gc,metaspace   ] GC(811) Metaspace: 14335K(15296K)->14335K(15296K) NonClass: 12367K(12992K)->12367K(12992K) Class: 1967K(2304K)->1967K(2304K)
[381.602s][info][gc             ] GC(811) Pause Young (Allocation Failure) 553M->7M(1979M) 54.048ms
[381.602s][info][gc,cpu         ] GC(811) User=0.06s Sys=0.00s Real=0.05s
[382.010s][info][gc,start       ] GC(812) Pause Young (Allocation Failure)
[382.053s][info][gc,heap        ] GC(812) DefNew: 561813K(629248K)->1008K(629248K) Eden: 559360K(559360K)->0K(559360K) From: 2453K(69888K)->1008K(69888K)
[382.053s][info][gc,heap        ] GC(812) Tenured: 5375K(1398144K)->6882K(1398144K)
[382.053s][info][gc,metaspace   ] GC(812) Metaspace: 14335K(15296K)->14335K(15296K) NonClass: 12367K(12992K)->12367K(12992K) Class: 1967K(2304K)->1967K(2304K)
[382.053s][info][gc             ] GC(812) Pause Young (Allocation Failure) 553M->7M(1979M) 42.997ms
[382.053s][info][gc,cpu         ] GC(812) User=0.03s Sys=0.00s Real=0.04s
[382.473s][info][gc,start       ] GC(813) Pause Young (Allocation Failure)
[382.531s][info][gc,heap        ] GC(813) DefNew: 560368K(629248K)->1010K(629248K) Eden: 559360K(559360K)->0K(559360K) From: 1008K(69888K)->1010K(69888K)
[382.531s][info][gc,heap        ] GC(813) Tenured: 6882K(1398144K)->6947K(1398144K)
[382.531s][info][gc,metaspace   ] GC(813) Metaspace: 14335K(15296K)->14335K(15296K) NonClass: 12367K(12992K)->12367K(12992K) Class: 1967K(2304K)->1967K(2304K)
[382.531s][info][gc             ] GC(813) Pause Young (Allocation Failure) 553M->7M(1979M) 57.194ms
[382.531s][info][gc,cpu         ] GC(813) User=0.03s Sys=0.00s Real=0.05s
[382.949s][info][gc,start       ] GC(814) Pause Young (Allocation Failure)
[383.006s][info][gc,heap        ] GC(814) DefNew: 560370K(629248K)->1010K(629248K) Eden: 559360K(559360K)->0K(559360K) From: 1010K(69888K)->1010K(69888K)
[383.006s][info][gc,heap        ] GC(814) Tenured: 6947K(1398144K)->7012K(1398144K)
[383.006s][info][gc,metaspace   ] GC(814) Metaspace: 14335K(15296K)->14335K(15296K) NonClass: 12367K(12992K)->12367K(12992K) Class: 1967K(2304K)->1967K(2304K)
[383.006s][info][gc             ] GC(814) Pause Young (Allocation Failure) 554M->7M(1979M) 57.338ms
[383.006s][info][gc,cpu         ] GC(814) User=0.06s Sys=0.00s Real=0.06s
[383.422s][info][gc,start       ] GC(815) Pause Young (Allocation Failure)
[383.482s][info][gc,heap        ] GC(815) DefNew: 560370K(629248K)->1008K(629248K) Eden: 559360K(559360K)->0K(559360K) From: 1010K(69888K)->1008K(69888K)
[383.482s][info][gc,heap        ] GC(815) Tenured: 7012K(1398144K)->7077K(1398144K)
[383.482s][info][gc,metaspace   ] GC(815) Metaspace: 14335K(15296K)->14335K(15296K) NonClass: 12367K(12992K)->12367K(12992K) Class: 1967K(2304K)->1967K(2304K)
[383.482s][info][gc             ] GC(815) Pause Young (Allocation Failure) 554M->7M(1979M) 60.514ms
[383.482s][info][gc,cpu         ] GC(815) User=0.06s Sys=0.00s Real=0.05s
[383.898s][info][gc,start       ] GC(816) Pause Young (Allocation Failure)
[383.956s][info][gc,heap        ] GC(816) DefNew: 560368K(629248K)->1007K(629248K) Eden: 559360K(559360K)->0K(559360K) From: 1008K(69888K)->1007K(69888K)
[383.956s][info][gc,heap        ] GC(816) Tenured: 7077K(1398144K)->7142K(1398144K)
[383.956s][info][gc,metaspace   ] GC(816) Metaspace: 14335K(15296K)->14335K(15296K) NonClass: 12367K(12992K)->12367K(12992K) Class: 1967K(2304K)->1967K(2304K)
[383.956s][info][gc             ] GC(816) Pause Young (Allocation Failure) 554M->7M(1979M) 58.013ms
[383.956s][info][gc,cpu         ] GC(816) User=0.06s Sys=0.00s Real=0.06s
[384.390s][info][gc,start       ] GC(817) Pause Young (Allocation Failure)
[384.435s][info][gc,heap        ] GC(817) DefNew: 560367K(629248K)->1010K(629248K) Eden: 559360K(559360K)->0K(559360K) From: 1007K(69888K)->1010K(69888K)
[384.435s][info][gc,heap        ] GC(817) Tenured: 7142K(1398144K)->7207K(1398144K)
[384.435s][info][gc,metaspace   ] GC(817) Metaspace: 14335K(15296K)->14335K(15296K) NonClass: 12367K(12992K)->12367K(12992K) Class: 1967K(2304K)->1967K(2304K)
[384.435s][info][gc             ] GC(817) Pause Young (Allocation Failure) 554M->8M(1979M) 44.847ms
[384.435s][info][gc,cpu         ] GC(817) User=0.05s Sys=0.00s Real=0.05s
[384.865s][info][gc,start       ] GC(818) Pause Young (Allocation Failure)
[384.920s][info][gc,heap        ] GC(818) DefNew: 560370K(629248K)->1011K(629248K) Eden: 559360K(559360K)->0K(559360K) From: 1010K(69888K)->1011K(69888K)
[384.920s][info][gc,heap        ] GC(818) Tenured: 7207K(1398144K)->7274K(1398144K)
[384.920s][info][gc,metaspace   ] GC(818) Metaspace: 14335K(15296K)->14335K(15296K) NonClass: 12367K(12992K)->12367K(12992K) Class: 1967K(2304K)->1967K(2304K)
[384.920s][info][gc             ] GC(818) Pause Young (Allocation Failure) 554M->8M(1979M) 54.714ms
[384.920s][info][gc,cpu         ] GC(818) User=0.05s Sys=0.00s Real=0.05s
[385.337s][info][gc,start       ] GC(819) Pause Young (Allocation Failure)
[385.395s][info][gc,heap        ] GC(819) DefNew: 560371K(629248K)->1008K(629248K) Eden: 559360K(559360K)->0K(559360K) From: 1011K(69888K)->1008K(69888K)
[385.395s][info][gc,heap        ] GC(819) Tenured: 7274K(1398144K)->7342K(1398144K)
[385.395s][info][gc,metaspace   ] GC(819) Metaspace: 14335K(15296K)->14335K(15296K) NonClass: 12367K(12992K)->12367K(12992K) Class: 1967K(2304K)->1967K(2304K)
[385.395s][info][gc             ] GC(819) Pause Young (Allocation Failure) 554M->8M(1979M) 57.782ms
[385.395s][info][gc,cpu         ] GC(819) User=0.05s Sys=0.00s Real=0.05s
[385.810s][info][gc,start       ] GC(820) Pause Young (Allocation Failure)
[385.870s][info][gc,heap        ] GC(820) DefNew: 560368K(629248K)->1005K(629248K) Eden: 559359K(559360K)->0K(559360K) From: 1008K(69888K)->1005K(69888K)
[385.870s][info][gc,heap        ] GC(820) Tenured: 7342K(1398144K)->7410K(1398144K)
[385.870s][info][gc,metaspace   ] GC(820) Metaspace: 14335K(15296K)->14335K(15296K) NonClass: 12367K(12992K)->12367K(12992K) Class: 1967K(2304K)->1967K(2304K)
[385.870s][info][gc             ] GC(820) Pause Young (Allocation Failure) 554M->8M(1979M) 59.871ms
[385.870s][info][gc,cpu         ] GC(820) User=0.06s Sys=0.00s Real=0.06s
[386.287s][info][gc,start       ] GC(821) Pause Young (Allocation Failure)
[386.334s][info][gc,heap        ] GC(821) DefNew: 560365K(629248K)->1001K(629248K) Eden: 559360K(559360K)->0K(559360K) From: 1005K(69888K)->1001K(69888K)
[386.334s][info][gc,heap        ] GC(821) Tenured: 7410K(1398144K)->7478K(1398144K)
[386.334s][info][gc,metaspace   ] GC(821) Metaspace: 14335K(15296K)->14335K(15296K) NonClass: 12367K(12992K)->12367K(12992K) Class: 1967K(2304K)->1967K(2304K)
[386.334s][info][gc             ] GC(821) Pause Young (Allocation Failure) 554M->8M(1979M) 46.894ms
[386.334s][info][gc,cpu         ] GC(821) User=0.03s Sys=0.00s Real=0.03s
[386.903s][info][gc,start       ] GC(822) Pause Young (Allocation Failure)
[386.956s][info][gc,heap        ] GC(822) DefNew: 560361K(629248K)->1003K(629248K) Eden: 559360K(559360K)->0K(559360K) From: 1001K(69888K)->1003K(69888K)
[386.956s][info][gc,heap        ] GC(822) Tenured: 7478K(1398144K)->7543K(1398144K)
[386.956s][info][gc,metaspace   ] GC(822) Metaspace: 14335K(15296K)->14335K(15296K) NonClass: 12367K(12992K)->12367K(12992K) Class: 1967K(2304K)->1967K(2304K)
[386.956s][info][gc             ] GC(822) Pause Young (Allocation Failure) 554M->8M(1979M) 53.628ms
[386.956s][info][gc,cpu         ] GC(822) User=0.06s Sys=0.00s Real=0.05s
[387.390s][info][gc,start       ] GC(823) Pause Young (Allocation Failure)
[387.434s][info][gc,heap        ] GC(823) DefNew: 560363K(629248K)->1005K(629248K) Eden: 559360K(559360K)->0K(559360K) From: 1003K(69888K)->1005K(69888K)
[387.434s][info][gc,heap        ] GC(823) Tenured: 7543K(1398144K)->7610K(1398144K)
[387.434s][info][gc,metaspace   ] GC(823) Metaspace: 14335K(15296K)->14335K(15296K) NonClass: 12367K(12992K)->12367K(12992K) Class: 1967K(2304K)->1967K(2304K)
[387.434s][info][gc             ] GC(823) Pause Young (Allocation Failure) 554M->8M(1979M) 44.546ms
[387.434s][info][gc,cpu         ] GC(823) User=0.05s Sys=0.00s Real=0.04s
[387.851s][info][gc,start       ] GC(824) Pause Young (Allocation Failure)
[387.895s][info][gc,heap        ] GC(824) DefNew: 560365K(629248K)->1010K(629248K) Eden: 559360K(559360K)->0K(559360K) From: 1005K(69888K)->1010K(69888K)
[387.895s][info][gc,heap        ] GC(824) Tenured: 7610K(1398144K)->7675K(1398144K)
[387.895s][info][gc,metaspace   ] GC(824) Metaspace: 14335K(15296K)->14335K(15296K) NonClass: 12367K(12992K)->12367K(12992K) Class: 1967K(2304K)->1967K(2304K)
[387.895s][info][gc             ] GC(824) Pause Young (Allocation Failure) 554M->8M(1979M) 43.339ms
[387.895s][info][gc,cpu         ] GC(824) User=0.03s Sys=0.00s Real=0.03s
[388.320s][info][gc,start       ] GC(825) Pause Young (Allocation Failure)
[388.367s][info][gc,heap        ] GC(825) DefNew: 560370K(629248K)->997K(629248K) Eden: 559360K(559360K)->0K(559360K) From: 1010K(69888K)->997K(69888K)
[388.367s][info][gc,heap        ] GC(825) Tenured: 7675K(1398144K)->7749K(1398144K)
[388.367s][info][gc,metaspace   ] GC(825) Metaspace: 14335K(15296K)->14335K(15296K) NonClass: 12367K(12992K)->12367K(12992K) Class: 1967K(2304K)->1967K(2304K)
[388.367s][info][gc             ] GC(825) Pause Young (Allocation Failure) 554M->8M(1979M) 47.134ms
[388.367s][info][gc,cpu         ] GC(825) User=0.05s Sys=0.00s Real=0.05s
[388.783s][info][gc,start       ] GC(826) Pause Young (Allocation Failure)
[388.841s][info][gc,heap        ] GC(826) DefNew: 560357K(629248K)->993K(629248K) Eden: 559360K(559360K)->0K(559360K) From: 997K(69888K)->993K(69888K)
[388.841s][info][gc,heap        ] GC(826) Tenured: 7749K(1398144K)->7817K(1398144K)
[388.841s][info][gc,metaspace   ] GC(826) Metaspace: 14335K(15296K)->14335K(15296K) NonClass: 12367K(12992K)->12367K(12992K) Class: 1967K(2304K)->1967K(2304K)
[388.841s][info][gc             ] GC(826) Pause Young (Allocation Failure) 554M->8M(1979M) 57.948ms
[388.841s][info][gc,cpu         ] GC(826) User=0.06s Sys=0.00s Real=0.06s
[389.258s][info][gc,start       ] GC(827) Pause Young (Allocation Failure)
[389.317s][info][gc,heap        ] GC(827) DefNew: 560353K(629248K)->996K(629248K) Eden: 559360K(559360K)->0K(559360K) From: 993K(69888K)->996K(69888K)
[389.317s][info][gc,heap        ] GC(827) Tenured: 7817K(1398144K)->7880K(1398144K)
[389.317s][info][gc,metaspace   ] GC(827) Metaspace: 14335K(15296K)->14335K(15296K) NonClass: 12367K(12992K)->12367K(12992K) Class: 1967K(2304K)->1967K(2304K)
[389.317s][info][gc             ] GC(827) Pause Young (Allocation Failure) 554M->8M(1979M) 58.652ms
[389.317s][info][gc,cpu         ] GC(827) User=0.06s Sys=0.00s Real=0.06s
[389.734s][info][gc,start       ] GC(828) Pause Young (Allocation Failure)
[389.794s][info][gc,heap        ] GC(828) DefNew: 560356K(629248K)->994K(629248K) Eden: 559360K(559360K)->0K(559360K) From: 996K(69888K)->994K(69888K)
[389.794s][info][gc,heap        ] GC(828) Tenured: 7880K(1398144K)->7948K(1398144K)
[389.794s][info][gc,metaspace   ] GC(828) Metaspace: 14335K(15296K)->14335K(15296K) NonClass: 12367K(12992K)->12367K(12992K) Class: 1967K(2304K)->1967K(2304K)
[389.794s][info][gc             ] GC(828) Pause Young (Allocation Failure) 554M->8M(1979M) 59.571ms
[389.794s][info][gc,cpu         ] GC(828) User=0.05s Sys=0.00s Real=0.05s
[390.218s][info][gc,start       ] GC(829) Pause Young (Allocation Failure)
[390.274s][info][gc,heap        ] GC(829) DefNew: 560354K(629248K)->996K(629248K) Eden: 559360K(559360K)->0K(559360K) From: 994K(69888K)->996K(69888K)
[390.275s][info][gc,heap        ] GC(829) Tenured: 7948K(1398144K)->8013K(1398144K)
[390.275s][info][gc,metaspace   ] GC(829) Metaspace: 14335K(15296K)->14335K(15296K) NonClass: 12367K(12992K)->12367K(12992K) Class: 1967K(2304K)->1967K(2304K)
[390.275s][info][gc             ] GC(829) Pause Young (Allocation Failure) 554M->8M(1979M) 56.625ms
[390.275s][info][gc,cpu         ] GC(829) User=0.06s Sys=0.00s Real=0.06s
[390.700s][info][gc,start       ] GC(830) Pause Young (Allocation Failure)
[390.754s][info][gc,heap        ] GC(830) DefNew: 560356K(629248K)->1001K(629248K) Eden: 559360K(559360K)->0K(559360K) From: 996K(69888K)->1001K(69888K)
[390.754s][info][gc,heap        ] GC(830) Tenured: 8013K(1398144K)->8075K(1398144K)
[390.754s][info][gc,metaspace   ] GC(830) Metaspace: 14335K(15296K)->14335K(15296K) NonClass: 12367K(12992K)->12367K(12992K) Class: 1967K(2304K)->1967K(2304K)
[390.754s][info][gc             ] GC(830) Pause Young (Allocation Failure) 555M->8M(1979M) 54.020ms
[390.754s][info][gc,cpu         ] GC(830) User=0.05s Sys=0.00s Real=0.05s
[391.187s][info][gc,start       ] GC(831) Pause Young (Allocation Failure)
[391.242s][info][gc,heap        ] GC(831) DefNew: 560361K(629248K)->1004K(629248K) Eden: 559360K(559360K)->0K(559360K) From: 1001K(69888K)->1004K(69888K)
[391.242s][info][gc,heap        ] GC(831) Tenured: 8075K(1398144K)->8140K(1398144K)
[391.242s][info][gc,metaspace   ] GC(831) Metaspace: 14335K(15296K)->14335K(15296K) NonClass: 12367K(12992K)->12367K(12992K) Class: 1967K(2304K)->1967K(2304K)
[391.242s][info][gc             ] GC(831) Pause Young (Allocation Failure) 555M->8M(1979M) 54.846ms
[391.242s][info][gc,cpu         ] GC(831) User=0.05s Sys=0.00s Real=0.05s
[391.657s][info][gc,start       ] GC(832) Pause Young (Allocation Failure)
[391.714s][info][gc,heap        ] GC(832) DefNew: 560364K(629248K)->1001K(629248K) Eden: 559360K(559360K)->0K(559360K) From: 1004K(69888K)->1001K(69888K)
[391.714s][info][gc,heap        ] GC(832) Tenured: 8140K(1398144K)->8207K(1398144K)
[391.714s][info][gc,metaspace   ] GC(832) Metaspace: 14335K(15296K)->14335K(15296K) NonClass: 12367K(12992K)->12367K(12992K) Class: 1967K(2304K)->1967K(2304K)
[391.714s][info][gc             ] GC(832) Pause Young (Allocation Failure) 555M->8M(1979M) 56.212ms
[391.714s][info][gc,cpu         ] GC(832) User=0.06s Sys=0.00s Real=0.06s
[392.135s][info][gc,start       ] GC(833) Pause Young (Allocation Failure)
[392.193s][info][gc,heap        ] GC(833) DefNew: 560361K(629248K)->1000K(629248K) Eden: 559360K(559360K)->0K(559360K) From: 1001K(69888K)->1000K(69888K)
[392.193s][info][gc,heap        ] GC(833) Tenured: 8207K(1398144K)->8275K(1398144K)
[392.194s][info][gc,metaspace   ] GC(833) Metaspace: 14335K(15296K)->14335K(15296K) NonClass: 12367K(12992K)->12367K(12992K) Class: 1967K(2304K)->1967K(2304K)
[392.194s][info][gc             ] GC(833) Pause Young (Allocation Failure) 555M->9M(1979M) 58.255ms
[392.194s][info][gc,cpu         ] GC(833) User=0.05s Sys=0.00s Real=0.05s
[392.618s][info][gc,start       ] GC(834) Pause Young (Allocation Failure)
[392.679s][info][gc,heap        ] GC(834) DefNew: 560360K(629248K)->1001K(629248K) Eden: 559360K(559360K)->0K(559360K) From: 1000K(69888K)->1001K(69888K)
[392.679s][info][gc,heap        ] GC(834) Tenured: 8275K(1398144K)->8340K(1398144K)
[392.679s][info][gc,metaspace   ] GC(834) Metaspace: 14335K(15296K)->14335K(15296K) NonClass: 12367K(12992K)->12367K(12992K) Class: 1967K(2304K)->1967K(2304K)
[392.679s][info][gc             ] GC(834) Pause Young (Allocation Failure) 555M->9M(1979M) 60.945ms
[392.679s][info][gc,cpu         ] GC(834) User=0.06s Sys=0.00s Real=0.06s
[393.108s][info][gc,start       ] GC(835) Pause Young (Allocation Failure)
[393.170s][info][gc,heap        ] GC(835) DefNew: 560361K(629248K)->1000K(629248K) Eden: 559360K(559360K)->0K(559360K) From: 1001K(69888K)->1000K(69888K)
[393.170s][info][gc,heap        ] GC(835) Tenured: 8340K(1398144K)->8407K(1398144K)
[393.170s][info][gc,metaspace   ] GC(835) Metaspace: 14335K(15296K)->14335K(15296K) NonClass: 12367K(12992K)->12367K(12992K) Class: 1967K(2304K)->1967K(2304K)
[393.170s][info][gc             ] GC(835) Pause Young (Allocation Failure) 555M->9M(1979M) 61.968ms
[393.170s][info][gc,cpu         ] GC(835) User=0.06s Sys=0.00s Real=0.06s
[393.629s][info][gc,start       ] GC(836) Pause Young (Allocation Failure)
[393.687s][info][gc,heap        ] GC(836) DefNew: 560360K(629248K)->1007K(629248K) Eden: 559360K(559360K)->0K(559360K) From: 1000K(69888K)->1007K(69888K)
[393.687s][info][gc,heap        ] GC(836) Tenured: 8407K(1398144K)->8471K(1398144K)
[393.687s][info][gc,metaspace   ] GC(836) Metaspace: 14335K(15296K)->14335K(15296K) NonClass: 12367K(12992K)->12367K(12992K) Class: 1967K(2304K)->1967K(2304K)
[393.687s][info][gc             ] GC(836) Pause Young (Allocation Failure) 555M->9M(1979M) 58.303ms
[393.687s][info][gc,cpu         ] GC(836) User=0.03s Sys=0.00s Real=0.04s
[394.122s][info][gc,start       ] GC(837) Pause Young (Allocation Failure)
[394.169s][info][gc,heap        ] GC(837) DefNew: 560367K(629248K)->1009K(629248K) Eden: 559360K(559360K)->0K(559360K) From: 1007K(69888K)->1009K(69888K)
[394.169s][info][gc,heap        ] GC(837) Tenured: 8471K(1398144K)->8536K(1398144K)
[394.169s][info][gc,metaspace   ] GC(837) Metaspace: 14335K(15296K)->14335K(15296K) NonClass: 12367K(12992K)->12367K(12992K) Class: 1967K(2304K)->1967K(2304K)
[394.169s][info][gc             ] GC(837) Pause Young (Allocation Failure) 555M->9M(1979M) 46.760ms
[394.169s][info][gc,cpu         ] GC(837) User=0.05s Sys=0.00s Real=0.05s
[394.451s][info][gc,start       ] GC(838) Pause Full (System.gc())
[394.451s][info][gc,phases,start] GC(838) Phase 1: Mark live objects
[394.492s][info][gc,phases      ] GC(838) Phase 1: Mark live objects 40.360ms
[394.492s][info][gc,phases,start] GC(838) Phase 2: Compute new object addresses
[394.558s][info][gc,phases      ] GC(838) Phase 2: Compute new object addresses 66.676ms
[394.558s][info][gc,phases,start] GC(838) Phase 3: Adjust pointers
[394.581s][info][gc,phases      ] GC(838) Phase 3: Adjust pointers 22.131ms
[394.581s][info][gc,phases,start] GC(838) Phase 4: Move objects
[394.581s][info][gc,phases      ] GC(838) Phase 4: Move objects 0.013ms
[394.581s][info][gc,heap        ] GC(838) DefNew: 290374K(629248K)->0K(629248K) Eden: 289365K(559360K)->0K(559360K) From: 1009K(69888K)->0K(69888K)
[394.581s][info][gc,heap        ] GC(838) Tenured: 8536K(1398144K)->8537K(1398144K)
[394.581s][info][gc,metaspace   ] GC(838) Metaspace: 14335K(15296K)->14335K(15296K) NonClass: 12367K(12992K)->12367K(12992K) Class: 1967K(2304K)->1967K(2304K)
[394.581s][info][gc             ] GC(838) Pause Full (System.gc()) 291M->8M(1979M) 129.577ms
[394.581s][info][gc,cpu         ] GC(838) User=0.13s Sys=0.00s Real=0.13s
[394.932s][info][gc,start       ] GC(839) Pause Young (Allocation Failure)
[394.971s][info][gc,heap        ] GC(839) DefNew: 559360K(629248K)->1519K(629248K) Eden: 559360K(559360K)->0K(559360K) From: 0K(69888K)->1519K(69888K)
[394.971s][info][gc,heap        ] GC(839) Tenured: 8537K(1398144K)->8537K(1398144K)
[394.971s][info][gc,metaspace   ] GC(839) Metaspace: 14355K(15296K)->14355K(15296K) NonClass: 12388K(12992K)->12388K(12992K) Class: 1967K(2304K)->1967K(2304K)
[394.971s][info][gc             ] GC(839) Pause Young (Allocation Failure) 554M->9M(1979M) 39.612ms
[394.971s][info][gc,cpu         ] GC(839) User=0.03s Sys=0.00s Real=0.03s
[395.391s][info][gc,start       ] GC(840) Pause Young (Allocation Failure)
[395.437s][info][gc,heap        ] GC(840) DefNew: 560879K(629248K)->1586K(629248K) Eden: 559360K(559360K)->0K(559360K) From: 1519K(69888K)->1586K(69888K)
[395.437s][info][gc,heap        ] GC(840) Tenured: 8537K(1398144K)->8537K(1398144K)
[395.437s][info][gc,metaspace   ] GC(840) Metaspace: 14355K(15296K)->14355K(15296K) NonClass: 12388K(12992K)->12388K(12992K) Class: 1967K(2304K)->1967K(2304K)
[395.437s][info][gc             ] GC(840) Pause Young (Allocation Failure) 556M->9M(1979M) 45.509ms
[395.437s][info][gc,cpu         ] GC(840) User=0.03s Sys=0.00s Real=0.03s
[395.838s][info][gc,start       ] GC(841) Pause Young (Allocation Failure)
[395.885s][info][gc,heap        ] GC(841) DefNew: 560946K(629248K)->1652K(629248K) Eden: 559360K(559360K)->0K(559360K) From: 1586K(69888K)->1652K(69888K)
[395.885s][info][gc,heap        ] GC(841) Tenured: 8537K(1398144K)->8537K(1398144K)
[395.885s][info][gc,metaspace   ] GC(841) Metaspace: 14355K(15296K)->14355K(15296K) NonClass: 12388K(12992K)->12388K(12992K) Class: 1967K(2304K)->1967K(2304K)
[395.885s][info][gc             ] GC(841) Pause Young (Allocation Failure) 556M->9M(1979M) 46.785ms
[395.885s][info][gc,cpu         ] GC(841) User=0.05s Sys=0.00s Real=0.04s
[396.313s][info][gc,start       ] GC(842) Pause Young (Allocation Failure)
[396.375s][info][gc,heap        ] GC(842) DefNew: 561012K(629248K)->1719K(629248K) Eden: 559360K(559360K)->0K(559360K) From: 1652K(69888K)->1719K(69888K)
[396.375s][info][gc,heap        ] GC(842) Tenured: 8537K(1398144K)->8537K(1398144K)
[396.375s][info][gc,metaspace   ] GC(842) Metaspace: 14355K(15296K)->14355K(15296K) NonClass: 12388K(12992K)->12388K(12992K) Class: 1967K(2304K)->1967K(2304K)
[396.375s][info][gc             ] GC(842) Pause Young (Allocation Failure) 556M->10M(1979M) 61.634ms
[396.375s][info][gc,cpu         ] GC(842) User=0.06s Sys=0.00s Real=0.06s
[396.817s][info][gc,start       ] GC(843) Pause Young (Allocation Failure)
[396.880s][info][gc,heap        ] GC(843) DefNew: 561079K(629248K)->1785K(629248K) Eden: 559360K(559360K)->0K(559360K) From: 1719K(69888K)->1785K(69888K)
[396.880s][info][gc,heap        ] GC(843) Tenured: 8537K(1398144K)->8537K(1398144K)
[396.880s][info][gc,metaspace   ] GC(843) Metaspace: 14355K(15296K)->14355K(15296K) NonClass: 12388K(12992K)->12388K(12992K) Class: 1967K(2304K)->1967K(2304K)
[396.880s][info][gc             ] GC(843) Pause Young (Allocation Failure) 556M->10M(1979M) 62.921ms
[396.880s][info][gc,cpu         ] GC(843) User=0.06s Sys=0.00s Real=0.06s
[397.312s][info][gc,start       ] GC(844) Pause Young (Allocation Failure)
[397.356s][info][gc,heap        ] GC(844) DefNew: 561145K(629248K)->1854K(629248K) Eden: 559360K(559360K)->0K(559360K) From: 1785K(69888K)->1854K(69888K)
[397.356s][info][gc,heap        ] GC(844) Tenured: 8537K(1398144K)->8537K(1398144K)
[397.356s][info][gc,metaspace   ] GC(844) Metaspace: 14355K(15296K)->14355K(15296K) NonClass: 12388K(12992K)->12388K(12992K) Class: 1967K(2304K)->1967K(2304K)
[397.356s][info][gc             ] GC(844) Pause Young (Allocation Failure) 556M->10M(1979M) 43.727ms
[397.356s][info][gc,cpu         ] GC(844) User=0.05s Sys=0.00s Real=0.04s
[397.792s][info][gc,start       ] GC(845) Pause Young (Allocation Failure)
[397.835s][info][gc,heap        ] GC(845) DefNew: 561214K(629248K)->1919K(629248K) Eden: 559360K(559360K)->0K(559360K) From: 1854K(69888K)->1919K(69888K)
[397.835s][info][gc,heap        ] GC(845) Tenured: 8537K(1398144K)->8537K(1398144K)
[397.835s][info][gc,metaspace   ] GC(845) Metaspace: 14355K(15296K)->14355K(15296K) NonClass: 12388K(12992K)->12388K(12992K) Class: 1967K(2304K)->1967K(2304K)
[397.835s][info][gc             ] GC(845) Pause Young (Allocation Failure) 556M->10M(1979M) 42.668ms
[397.835s][info][gc,cpu         ] GC(845) User=0.03s Sys=0.00s Real=0.04s
[398.245s][info][gc,start       ] GC(846) Pause Young (Allocation Failure)
[398.301s][info][gc,heap        ] GC(846) DefNew: 561279K(629248K)->1984K(629248K) Eden: 559360K(559360K)->0K(559360K) From: 1919K(69888K)->1984K(69888K)
[398.301s][info][gc,heap        ] GC(846) Tenured: 8537K(1398144K)->8537K(1398144K)
[398.301s][info][gc,metaspace   ] GC(846) Metaspace: 14355K(15296K)->14355K(15296K) NonClass: 12388K(12992K)->12388K(12992K) Class: 1967K(2304K)->1967K(2304K)
[398.302s][info][gc             ] GC(846) Pause Young (Allocation Failure) 556M->10M(1979M) 56.894ms
[398.302s][info][gc,cpu         ] GC(846) User=0.05s Sys=0.00s Real=0.05s
[398.717s][info][gc,start       ] GC(847) Pause Young (Allocation Failure)
[398.775s][info][gc,heap        ] GC(847) DefNew: 561344K(629248K)->2048K(629248K) Eden: 559360K(559360K)->0K(559360K) From: 1984K(69888K)->2048K(69888K)
[398.775s][info][gc,heap        ] GC(847) Tenured: 8537K(1398144K)->8537K(1398144K)
[398.775s][info][gc,metaspace   ] GC(847) Metaspace: 14355K(15296K)->14355K(15296K) NonClass: 12388K(12992K)->12388K(12992K) Class: 1967K(2304K)->1967K(2304K)
[398.775s][info][gc             ] GC(847) Pause Young (Allocation Failure) 556M->10M(1979M) 58.302ms
[398.775s][info][gc,cpu         ] GC(847) User=0.06s Sys=0.00s Real=0.05s
[399.192s][info][gc,start       ] GC(848) Pause Young (Allocation Failure)
[399.251s][info][gc,heap        ] GC(848) DefNew: 561408K(629248K)->2116K(629248K) Eden: 559360K(559360K)->0K(559360K) From: 2048K(69888K)->2116K(69888K)
[399.251s][info][gc,heap        ] GC(848) Tenured: 8537K(1398144K)->8537K(1398144K)
[399.251s][info][gc,metaspace   ] GC(848) Metaspace: 14355K(15296K)->14355K(15296K) NonClass: 12388K(12992K)->12388K(12992K) Class: 1967K(2304K)->1967K(2304K)
[399.251s][info][gc             ] GC(848) Pause Young (Allocation Failure) 556M->10M(1979M) 59.432ms
[399.251s][info][gc,cpu         ] GC(848) User=0.05s Sys=0.00s Real=0.05s
[399.654s][info][gc,start       ] GC(849) Pause Young (Allocation Failure)
[399.713s][info][gc,heap        ] GC(849) DefNew: 561476K(629248K)->2181K(629248K) Eden: 559360K(559360K)->0K(559360K) From: 2116K(69888K)->2181K(69888K)
[399.713s][info][gc,heap        ] GC(849) Tenured: 8537K(1398144K)->8537K(1398144K)
[399.713s][info][gc,metaspace   ] GC(849) Metaspace: 14355K(15296K)->14355K(15296K) NonClass: 12388K(12992K)->12388K(12992K) Class: 1967K(2304K)->1967K(2304K)
[399.713s][info][gc             ] GC(849) Pause Young (Allocation Failure) 556M->10M(1979M) 59.404ms
[399.713s][info][gc,cpu         ] GC(849) User=0.06s Sys=0.00s Real=0.06s
[400.132s][info][gc,start       ] GC(850) Pause Young (Allocation Failure)
[400.190s][info][gc,heap        ] GC(850) DefNew: 561541K(629248K)->2248K(629248K) Eden: 559360K(559360K)->0K(559360K) From: 2181K(69888K)->2248K(69888K)
[400.190s][info][gc,heap        ] GC(850) Tenured: 8537K(1398144K)->8537K(1398144K)
[400.190s][info][gc,metaspace   ] GC(850) Metaspace: 14355K(15296K)->14355K(15296K) NonClass: 12388K(12992K)->12388K(12992K) Class: 1967K(2304K)->1967K(2304K)
[400.190s][info][gc             ] GC(850) Pause Young (Allocation Failure) 556M->10M(1979M) 57.723ms
[400.190s][info][gc,cpu         ] GC(850) User=0.06s Sys=0.00s Real=0.06s
[400.621s][info][gc,start       ] GC(851) Pause Young (Allocation Failure)
[400.664s][info][gc,heap        ] GC(851) DefNew: 561608K(629248K)->2315K(629248K) Eden: 559360K(559360K)->0K(559360K) From: 2248K(69888K)->2315K(69888K)
[400.664s][info][gc,heap        ] GC(851) Tenured: 8537K(1398144K)->8537K(1398144K)
[400.664s][info][gc,metaspace   ] GC(851) Metaspace: 14355K(15296K)->14355K(15296K) NonClass: 12388K(12992K)->12388K(12992K) Class: 1967K(2304K)->1967K(2304K)
[400.664s][info][gc             ] GC(851) Pause Young (Allocation Failure) 556M->10M(1979M) 43.243ms
[400.665s][info][gc,cpu         ] GC(851) User=0.05s Sys=0.00s Real=0.04s
[401.088s][info][gc,start       ] GC(852) Pause Young (Allocation Failure)
[401.145s][info][gc,heap        ] GC(852) DefNew: 561675K(629248K)->2384K(629248K) Eden: 559360K(559360K)->0K(559360K) From: 2315K(69888K)->2384K(69888K)
[401.145s][info][gc,heap        ] GC(852) Tenured: 8537K(1398144K)->8537K(1398144K)
[401.145s][info][gc,metaspace   ] GC(852) Metaspace: 14355K(15296K)->14355K(15296K) NonClass: 12388K(12992K)->12388K(12992K) Class: 1967K(2304K)->1967K(2304K)
[401.146s][info][gc             ] GC(852) Pause Young (Allocation Failure) 556M->10M(1979M) 57.530ms
[401.146s][info][gc,cpu         ] GC(852) User=0.06s Sys=0.00s Real=0.06s
[401.585s][info][gc,start       ] GC(853) Pause Young (Allocation Failure)
[401.643s][info][gc,heap        ] GC(853) DefNew: 561744K(629248K)->2452K(629248K) Eden: 559360K(559360K)->0K(559360K) From: 2384K(69888K)->2452K(69888K)
[401.643s][info][gc,heap        ] GC(853) Tenured: 8537K(1398144K)->8537K(1398144K)
[401.643s][info][gc,metaspace   ] GC(853) Metaspace: 14355K(15296K)->14355K(15296K) NonClass: 12388K(12992K)->12388K(12992K) Class: 1967K(2304K)->1967K(2304K)
[401.643s][info][gc             ] GC(853) Pause Young (Allocation Failure) 556M->10M(1979M) 57.582ms
[401.643s][info][gc,cpu         ] GC(853) User=0.05s Sys=0.00s Real=0.06s
[402.081s][info][gc,start       ] GC(854) Pause Young (Allocation Failure)
[402.142s][info][gc,heap        ] GC(854) DefNew: 561812K(629248K)->1012K(629248K) Eden: 559360K(559360K)->0K(559360K) From: 2452K(69888K)->1012K(69888K)
[402.142s][info][gc,heap        ] GC(854) Tenured: 8537K(1398144K)->10047K(1398144K)
[402.142s][info][gc,metaspace   ] GC(854) Metaspace: 14355K(15296K)->14355K(15296K) NonClass: 12388K(12992K)->12388K(12992K) Class: 1967K(2304K)->1967K(2304K)
[402.142s][info][gc             ] GC(854) Pause Young (Allocation Failure) 556M->10M(1979M) 61.200ms
[402.142s][info][gc,cpu         ] GC(854) User=0.05s Sys=0.00s Real=0.05s
[402.573s][info][gc,start       ] GC(855) Pause Young (Allocation Failure)
[402.633s][info][gc,heap        ] GC(855) DefNew: 560372K(629248K)->1012K(629248K) Eden: 559360K(559360K)->0K(559360K) From: 1012K(69888K)->1012K(69888K)
[402.633s][info][gc,heap        ] GC(855) Tenured: 10047K(1398144K)->10115K(1398144K)
[402.633s][info][gc,metaspace   ] GC(855) Metaspace: 14355K(15296K)->14355K(15296K) NonClass: 12388K(12992K)->12388K(12992K) Class: 1967K(2304K)->1967K(2304K)
[402.633s][info][gc             ] GC(855) Pause Young (Allocation Failure) 557M->10M(1979M) 60.321ms
[402.633s][info][gc,cpu         ] GC(855) User=0.05s Sys=0.00s Real=0.05s
[403.067s][info][gc,start       ] GC(856) Pause Young (Allocation Failure)
[403.127s][info][gc,heap        ] GC(856) DefNew: 560372K(629248K)->1016K(629248K) Eden: 559360K(559360K)->0K(559360K) From: 1012K(69888K)->1016K(69888K)
[403.127s][info][gc,heap        ] GC(856) Tenured: 10115K(1398144K)->10180K(1398144K)
[403.127s][info][gc,metaspace   ] GC(856) Metaspace: 14355K(15296K)->14355K(15296K) NonClass: 12388K(12992K)->12388K(12992K) Class: 1967K(2304K)->1967K(2304K)
[403.127s][info][gc             ] GC(856) Pause Young (Allocation Failure) 557M->10M(1979M) 59.762ms
[403.127s][info][gc,cpu         ] GC(856) User=0.05s Sys=0.00s Real=0.05s
[403.558s][info][gc,start       ] GC(857) Pause Young (Allocation Failure)
[403.606s][info][gc,heap        ] GC(857) DefNew: 560376K(629248K)->1015K(629248K) Eden: 559360K(559360K)->0K(559360K) From: 1016K(69888K)->1015K(69888K)
[403.606s][info][gc,heap        ] GC(857) Tenured: 10180K(1398144K)->10248K(1398144K)
[403.606s][info][gc,metaspace   ] GC(857) Metaspace: 14355K(15296K)->14355K(15296K) NonClass: 12388K(12992K)->12388K(12992K) Class: 1967K(2304K)->1967K(2304K)
[403.606s][info][gc             ] GC(857) Pause Young (Allocation Failure) 557M->11M(1979M) 47.910ms
[403.606s][info][gc,cpu         ] GC(857) User=0.05s Sys=0.00s Real=0.05s
[404.060s][info][gc,start       ] GC(858) Pause Young (Allocation Failure)
[404.115s][info][gc,heap        ] GC(858) DefNew: 560375K(629248K)->1017K(629248K) Eden: 559360K(559360K)->0K(559360K) From: 1015K(69888K)->1017K(69888K)
[404.115s][info][gc,heap        ] GC(858) Tenured: 10248K(1398144K)->10313K(1398144K)
[404.115s][info][gc,metaspace   ] GC(858) Metaspace: 14355K(15296K)->14355K(15296K) NonClass: 12388K(12992K)->12388K(12992K) Class: 1967K(2304K)->1967K(2304K)
[404.115s][info][gc             ] GC(858) Pause Young (Allocation Failure) 557M->11M(1979M) 55.281ms
[404.115s][info][gc,cpu         ] GC(858) User=0.06s Sys=0.00s Real=0.06s
[404.563s][info][gc,start       ] GC(859) Pause Young (Allocation Failure)
[404.619s][info][gc,heap        ] GC(859) DefNew: 560377K(629248K)->1018K(629248K) Eden: 559360K(559360K)->0K(559360K) From: 1017K(69888K)->1018K(69888K)
[404.619s][info][gc,heap        ] GC(859) Tenured: 10313K(1398144K)->10381K(1398144K)
[404.619s][info][gc,metaspace   ] GC(859) Metaspace: 14355K(15296K)->14355K(15296K) NonClass: 12388K(12992K)->12388K(12992K) Class: 1967K(2304K)->1967K(2304K)
[404.619s][info][gc             ] GC(859) Pause Young (Allocation Failure) 557M->11M(1979M) 56.872ms
[404.619s][info][gc,cpu         ] GC(859) User=0.06s Sys=0.00s Real=0.06s
[405.067s][info][gc,start       ] GC(860) Pause Young (Allocation Failure)
[405.125s][info][gc,heap        ] GC(860) DefNew: 560378K(629248K)->1022K(629248K) Eden: 559360K(559360K)->0K(559360K) From: 1018K(69888K)->1022K(69888K)
[405.125s][info][gc,heap        ] GC(860) Tenured: 10381K(1398144K)->10447K(1398144K)
[405.125s][info][gc,metaspace   ] GC(860) Metaspace: 14355K(15296K)->14355K(15296K) NonClass: 12388K(12992K)->12388K(12992K) Class: 1967K(2304K)->1967K(2304K)
[405.125s][info][gc             ] GC(860) Pause Young (Allocation Failure) 557M->11M(1979M) 57.870ms
[405.125s][info][gc,cpu         ] GC(860) User=0.05s Sys=0.00s Real=0.05s
[405.556s][info][gc,start       ] GC(861) Pause Young (Allocation Failure)
[405.616s][info][gc,heap        ] GC(861) DefNew: 560382K(629248K)->1031K(629248K) Eden: 559360K(559360K)->0K(559360K) From: 1022K(69888K)->1031K(69888K)
[405.616s][info][gc,heap        ] GC(861) Tenured: 10447K(1398144K)->10512K(1398144K)
[405.616s][info][gc,metaspace   ] GC(861) Metaspace: 14355K(15296K)->14355K(15296K) NonClass: 12388K(12992K)->12388K(12992K) Class: 1967K(2304K)->1967K(2304K)
[405.616s][info][gc             ] GC(861) Pause Young (Allocation Failure) 557M->11M(1979M) 59.883ms
[405.616s][info][gc,cpu         ] GC(861) User=0.06s Sys=0.00s Real=0.06s
[406.044s][info][gc,start       ] GC(862) Pause Young (Allocation Failure)
[406.104s][info][gc,heap        ] GC(862) DefNew: 560391K(629248K)->1032K(629248K) Eden: 559360K(559360K)->0K(559360K) From: 1031K(69888K)->1032K(69888K)
[406.104s][info][gc,heap        ] GC(862) Tenured: 10512K(1398144K)->10577K(1398144K)
[406.104s][info][gc,metaspace   ] GC(862) Metaspace: 14355K(15296K)->14355K(15296K) NonClass: 12388K(12992K)->12388K(12992K) Class: 1967K(2304K)->1967K(2304K)
[406.104s][info][gc             ] GC(862) Pause Young (Allocation Failure) 557M->11M(1979M) 60.383ms
[406.104s][info][gc,cpu         ] GC(862) User=0.06s Sys=0.00s Real=0.06s
[406.535s][info][gc,start       ] GC(863) Pause Young (Allocation Failure)
[406.597s][info][gc,heap        ] GC(863) DefNew: 560392K(629248K)->1032K(629248K) Eden: 559360K(559360K)->0K(559360K) From: 1032K(69888K)->1032K(69888K)
[406.597s][info][gc,heap        ] GC(863) Tenured: 10577K(1398144K)->10644K(1398144K)
[406.597s][info][gc,metaspace   ] GC(863) Metaspace: 14355K(15296K)->14355K(15296K) NonClass: 12388K(12992K)->12388K(12992K) Class: 1967K(2304K)->1967K(2304K)
[406.597s][info][gc             ] GC(863) Pause Young (Allocation Failure) 557M->11M(1979M) 61.980ms
[406.597s][info][gc,cpu         ] GC(863) User=0.06s Sys=0.00s Real=0.06s
[407.123s][info][gc,start       ] GC(864) Pause Young (Allocation Failure)
[407.189s][info][gc,heap        ] GC(864) DefNew: 560392K(629248K)->1036K(629248K) Eden: 559360K(559360K)->0K(559360K) From: 1032K(69888K)->1036K(69888K)
[407.189s][info][gc,heap        ] GC(864) Tenured: 10644K(1398144K)->10709K(1398144K)
[407.189s][info][gc,metaspace   ] GC(864) Metaspace: 14355K(15296K)->14355K(15296K) NonClass: 12388K(12992K)->12388K(12992K) Class: 1967K(2304K)->1967K(2304K)
[407.189s][info][gc             ] GC(864) Pause Young (Allocation Failure) 557M->11M(1979M) 65.792ms
[407.189s][info][gc,cpu         ] GC(864) User=0.06s Sys=0.00s Real=0.06s
[407.634s][info][gc,start       ] GC(865) Pause Young (Allocation Failure)
[407.678s][info][gc,heap        ] GC(865) DefNew: 560396K(629248K)->1040K(629248K) Eden: 559360K(559360K)->0K(559360K) From: 1036K(69888K)->1040K(69888K)
[407.679s][info][gc,heap        ] GC(865) Tenured: 10709K(1398144K)->10774K(1398144K)
[407.679s][info][gc,metaspace   ] GC(865) Metaspace: 14355K(15296K)->14355K(15296K) NonClass: 12388K(12992K)->12388K(12992K) Class: 1967K(2304K)->1967K(2304K)
[407.679s][info][gc             ] GC(865) Pause Young (Allocation Failure) 557M->11M(1979M) 44.469ms
[407.679s][info][gc,cpu         ] GC(865) User=0.05s Sys=0.00s Real=0.05s
[408.107s][info][gc,start       ] GC(866) Pause Young (Allocation Failure)
[408.165s][info][gc,heap        ] GC(866) DefNew: 560400K(629248K)->1038K(629248K) Eden: 559360K(559360K)->0K(559360K) From: 1040K(69888K)->1038K(69888K)
[408.166s][info][gc,heap        ] GC(866) Tenured: 10774K(1398144K)->10842K(1398144K)
[408.166s][info][gc,metaspace   ] GC(866) Metaspace: 14355K(15296K)->14355K(15296K) NonClass: 12388K(12992K)->12388K(12992K) Class: 1967K(2304K)->1967K(2304K)
[408.166s][info][gc             ] GC(866) Pause Young (Allocation Failure) 557M->11M(1979M) 58.538ms
[408.166s][info][gc,cpu         ] GC(866) User=0.05s Sys=0.00s Real=0.05s
[408.610s][info][gc,start       ] GC(867) Pause Young (Allocation Failure)
[408.669s][info][gc,heap        ] GC(867) DefNew: 560398K(629248K)->1037K(629248K) Eden: 559360K(559360K)->0K(559360K) From: 1038K(69888K)->1037K(69888K)
[408.669s][info][gc,heap        ] GC(867) Tenured: 10842K(1398144K)->10910K(1398144K)
[408.669s][info][gc,metaspace   ] GC(867) Metaspace: 14355K(15296K)->14355K(15296K) NonClass: 12388K(12992K)->12388K(12992K) Class: 1967K(2304K)->1967K(2304K)
[408.669s][info][gc             ] GC(867) Pause Young (Allocation Failure) 557M->11M(1979M) 58.808ms
[408.669s][info][gc,cpu         ] GC(867) User=0.06s Sys=0.00s Real=0.05s
[409.098s][info][gc,start       ] GC(868) Pause Young (Allocation Failure)
[409.158s][info][gc,heap        ] GC(868) DefNew: 560397K(629248K)->1037K(629248K) Eden: 559360K(559360K)->0K(559360K) From: 1037K(69888K)->1037K(69888K)
[409.158s][info][gc,heap        ] GC(868) Tenured: 10910K(1398144K)->10978K(1398144K)
[409.158s][info][gc,metaspace   ] GC(868) Metaspace: 14355K(15296K)->14355K(15296K) NonClass: 12388K(12992K)->12388K(12992K) Class: 1967K(2304K)->1967K(2304K)
[409.159s][info][gc             ] GC(868) Pause Young (Allocation Failure) 557M->11M(1979M) 60.221ms
[409.159s][info][gc,cpu         ] GC(868) User=0.05s Sys=0.00s Real=0.06s
[409.586s][info][gc,start       ] GC(869) Pause Young (Allocation Failure)
[409.647s][info][gc,heap        ] GC(869) DefNew: 560397K(629248K)->1032K(629248K) Eden: 559360K(559360K)->0K(559360K) From: 1037K(69888K)->1032K(69888K)
[409.647s][info][gc,heap        ] GC(869) Tenured: 10978K(1398144K)->11049K(1398144K)
[409.647s][info][gc,metaspace   ] GC(869) Metaspace: 14355K(15296K)->14355K(15296K) NonClass: 12388K(12992K)->12388K(12992K) Class: 1967K(2304K)->1967K(2304K)
[409.647s][info][gc             ] GC(869) Pause Young (Allocation Failure) 557M->11M(1979M) 61.474ms
[409.647s][info][gc,cpu         ] GC(869) User=0.05s Sys=0.00s Real=0.05s
[410.200s][info][gc,start       ] GC(870) Pause Young (Allocation Failure)
[410.265s][info][gc,heap        ] GC(870) DefNew: 560392K(629248K)->1031K(629248K) Eden: 559360K(559360K)->0K(559360K) From: 1032K(69888K)->1031K(69888K)
[410.265s][info][gc,heap        ] GC(870) Tenured: 11049K(1398144K)->11117K(1398144K)
[410.265s][info][gc,metaspace   ] GC(870) Metaspace: 14355K(15296K)->14355K(15296K) NonClass: 12388K(12992K)->12388K(12992K) Class: 1967K(2304K)->1967K(2304K)
[410.266s][info][gc             ] GC(870) Pause Young (Allocation Failure) 558M->11M(1979M) 65.195ms
[410.266s][info][gc,cpu         ] GC(870) User=0.06s Sys=0.00s Real=0.06s
[410.711s][info][gc,start       ] GC(871) Pause Young (Allocation Failure)
[410.767s][info][gc,heap        ] GC(871) DefNew: 560391K(629248K)->1035K(629248K) Eden: 559360K(559360K)->0K(559360K) From: 1031K(69888K)->1035K(69888K)
[410.767s][info][gc,heap        ] GC(871) Tenured: 11117K(1398144K)->11185K(1398144K)
[410.767s][info][gc,metaspace   ] GC(871) Metaspace: 14355K(15296K)->14355K(15296K) NonClass: 12388K(12992K)->12388K(12992K) Class: 1967K(2304K)->1967K(2304K)
[410.767s][info][gc             ] GC(871) Pause Young (Allocation Failure) 558M->11M(1979M) 56.188ms
[410.767s][info][gc,cpu         ] GC(871) User=0.05s Sys=0.00s Real=0.05s
[411.196s][info][gc,start       ] GC(872) Pause Young (Allocation Failure)
[411.253s][info][gc,heap        ] GC(872) DefNew: 560395K(629248K)->1035K(629248K) Eden: 559360K(559360K)->0K(559360K) From: 1035K(69888K)->1035K(69888K)
[411.253s][info][gc,heap        ] GC(872) Tenured: 11185K(1398144K)->11252K(1398144K)
[411.253s][info][gc,metaspace   ] GC(872) Metaspace: 14355K(15296K)->14355K(15296K) NonClass: 12388K(12992K)->12388K(12992K) Class: 1967K(2304K)->1967K(2304K)
[411.253s][info][gc             ] GC(872) Pause Young (Allocation Failure) 558M->12M(1979M) 57.416ms
[411.253s][info][gc,cpu         ] GC(872) User=0.05s Sys=0.00s Real=0.05s
[411.699s][info][gc,start       ] GC(873) Pause Young (Allocation Failure)
[411.755s][info][gc,heap        ] GC(873) DefNew: 560395K(629248K)->1038K(629248K) Eden: 559360K(559360K)->0K(559360K) From: 1035K(69888K)->1038K(69888K)
[411.755s][info][gc,heap        ] GC(873) Tenured: 11252K(1398144K)->11321K(1398144K)
[411.755s][info][gc,metaspace   ] GC(873) Metaspace: 14355K(15296K)->14355K(15296K) NonClass: 12388K(12992K)->12388K(12992K) Class: 1967K(2304K)->1967K(2304K)
[411.755s][info][gc             ] GC(873) Pause Young (Allocation Failure) 558M->12M(1979M) 55.639ms
[411.755s][info][gc,cpu         ] GC(873) User=0.05s Sys=0.00s Real=0.05s
[412.186s][info][gc,start       ] GC(874) Pause Young (Allocation Failure)
[412.246s][info][gc,heap        ] GC(874) DefNew: 560398K(629248K)->1037K(629248K) Eden: 559360K(559360K)->0K(559360K) From: 1038K(69888K)->1037K(69888K)
[412.246s][info][gc,heap        ] GC(874) Tenured: 11321K(1398144K)->11388K(1398144K)
[412.246s][info][gc,metaspace   ] GC(874) Metaspace: 14355K(15296K)->14355K(15296K) NonClass: 12388K(12992K)->12388K(12992K) Class: 1967K(2304K)->1967K(2304K)
[412.246s][info][gc             ] GC(874) Pause Young (Allocation Failure) 558M->12M(1979M) 60.489ms
[412.246s][info][gc,cpu         ] GC(874) User=0.06s Sys=0.00s Real=0.06s
[412.683s][info][gc,start       ] GC(875) Pause Young (Allocation Failure)
[412.745s][info][gc,heap        ] GC(875) DefNew: 560397K(629248K)->1033K(629248K) Eden: 559360K(559360K)->0K(559360K) From: 1037K(69888K)->1033K(69888K)
[412.745s][info][gc,heap        ] GC(875) Tenured: 11388K(1398144K)->11459K(1398144K)
[412.745s][info][gc,metaspace   ] GC(875) Metaspace: 14355K(15296K)->14355K(15296K) NonClass: 12388K(12992K)->12388K(12992K) Class: 1967K(2304K)->1967K(2304K)
[412.745s][info][gc             ] GC(875) Pause Young (Allocation Failure) 558M->12M(1979M) 61.885ms
[412.745s][info][gc,cpu         ] GC(875) User=0.05s Sys=0.00s Real=0.05s
[413.278s][info][gc,start       ] GC(876) Pause Young (Allocation Failure)
[413.344s][info][gc,heap        ] GC(876) DefNew: 560393K(629248K)->1029K(629248K) Eden: 559360K(559360K)->0K(559360K) From: 1033K(69888K)->1029K(69888K)
[413.353s][info][gc,heap        ] GC(876) Tenured: 11459K(1398144K)->11535K(1398144K)
[413.353s][info][gc,metaspace   ] GC(876) Metaspace: 14355K(15296K)->14355K(15296K) NonClass: 12388K(12992K)->12388K(12992K) Class: 1967K(2304K)->1967K(2304K)
[413.353s][info][gc             ] GC(876) Pause Young (Allocation Failure) 558M->12M(1979M) 75.341ms
[413.353s][info][gc,cpu         ] GC(876) User=0.06s Sys=0.00s Real=0.06s
[413.854s][info][gc,start       ] GC(877) Pause Young (Allocation Failure)
[413.913s][info][gc,heap        ] GC(877) DefNew: 560389K(629248K)->1042K(629248K) Eden: 559360K(559360K)->0K(559360K) From: 1029K(69888K)->1042K(69888K)
[413.913s][info][gc,heap        ] GC(877) Tenured: 11535K(1398144K)->11600K(1398144K)
[413.913s][info][gc,metaspace   ] GC(877) Metaspace: 14355K(15296K)->14355K(15296K) NonClass: 12388K(12992K)->12388K(12992K) Class: 1967K(2304K)->1967K(2304K)
[413.914s][info][gc             ] GC(877) Pause Young (Allocation Failure) 558M->12M(1979M) 59.215ms
[413.914s][info][gc,cpu         ] GC(877) User=0.06s Sys=0.00s Real=0.06s
[414.337s][info][gc,start       ] GC(878) Pause Young (Allocation Failure)
[414.390s][info][gc,heap        ] GC(878) DefNew: 560402K(629248K)->1036K(629248K) Eden: 559360K(559360K)->0K(559360K) From: 1042K(69888K)->1036K(69888K)
[414.390s][info][gc,heap        ] GC(878) Tenured: 11600K(1398144K)->11668K(1398144K)
[414.390s][info][gc,metaspace   ] GC(878) Metaspace: 14355K(15296K)->14355K(15296K) NonClass: 12388K(12992K)->12388K(12992K) Class: 1967K(2304K)->1967K(2304K)
[414.390s][info][gc             ] GC(878) Pause Young (Allocation Failure) 558M->12M(1979M) 53.742ms
[414.390s][info][gc,cpu         ] GC(878) User=0.05s Sys=0.00s Real=0.05s
[414.813s][info][gc,start       ] GC(879) Pause Full (System.gc())
[414.813s][info][gc,phases,start] GC(879) Phase 1: Mark live objects
[414.862s][info][gc,phases      ] GC(879) Phase 1: Mark live objects 48.645ms
[414.862s][info][gc,phases,start] GC(879) Phase 2: Compute new object addresses
[414.953s][info][gc,phases      ] GC(879) Phase 2: Compute new object addresses 90.852ms
[414.953s][info][gc,phases,start] GC(879) Phase 3: Adjust pointers
[414.977s][info][gc,phases      ] GC(879) Phase 3: Adjust pointers 23.813ms
[414.977s][info][gc,phases,start] GC(879) Phase 4: Move objects
[414.977s][info][gc,phases      ] GC(879) Phase 4: Move objects 0.013ms
[414.977s][info][gc,heap        ] GC(879) DefNew: 389598K(629248K)->0K(629248K) Eden: 388561K(559360K)->0K(559360K) From: 1036K(69888K)->0K(69888K)
[414.977s][info][gc,heap        ] GC(879) Tenured: 11668K(1398144K)->11668K(1398144K)
[414.977s][info][gc,metaspace   ] GC(879) Metaspace: 14355K(15296K)->14355K(15296K) NonClass: 12388K(12992K)->12388K(12992K) Class: 1967K(2304K)->1967K(2304K)
[414.977s][info][gc             ] GC(879) Pause Full (System.gc()) 391M->11M(1979M) 163.745ms
[414.977s][info][gc,cpu         ] GC(879) User=0.16s Sys=0.00s Real=0.16s
[415.321s][info][gc,start       ] GC(880) Pause Young (Allocation Failure)
[415.361s][info][gc,heap        ] GC(880) DefNew: 559360K(629248K)->1515K(629248K) Eden: 559360K(559360K)->0K(559360K) From: 0K(69888K)->1515K(69888K)
[415.361s][info][gc,heap        ] GC(880) Tenured: 11668K(1398144K)->11668K(1398144K)
[415.361s][info][gc,metaspace   ] GC(880) Metaspace: 14355K(15296K)->14355K(15296K) NonClass: 12388K(12992K)->12388K(12992K) Class: 1967K(2304K)->1967K(2304K)
[415.361s][info][gc             ] GC(880) Pause Young (Allocation Failure) 557M->12M(1979M) 39.604ms
[415.361s][info][gc,cpu         ] GC(880) User=0.03s Sys=0.00s Real=0.03s
[415.804s][info][gc,start       ] GC(881) Pause Young (Allocation Failure)
[415.852s][info][gc,heap        ] GC(881) DefNew: 560875K(629248K)->1590K(629248K) Eden: 559360K(559360K)->0K(559360K) From: 1515K(69888K)->1590K(69888K)
[415.852s][info][gc,heap        ] GC(881) Tenured: 11668K(1398144K)->11668K(1398144K)
[415.852s][info][gc,metaspace   ] GC(881) Metaspace: 14355K(15296K)->14355K(15296K) NonClass: 12388K(12992K)->12388K(12992K) Class: 1967K(2304K)->1967K(2304K)
[415.852s][info][gc             ] GC(881) Pause Young (Allocation Failure) 559M->12M(1979M) 47.437ms
[415.852s][info][gc,cpu         ] GC(881) User=0.05s Sys=0.00s Real=0.05s
[416.266s][info][gc,start       ] GC(882) Pause Young (Allocation Failure)
[416.327s][info][gc,heap        ] GC(882) DefNew: 560950K(629248K)->1647K(629248K) Eden: 559360K(559360K)->0K(559360K) From: 1590K(69888K)->1647K(69888K)
[416.327s][info][gc,heap        ] GC(882) Tenured: 11668K(1398144K)->11668K(1398144K)
[416.327s][info][gc,metaspace   ] GC(882) Metaspace: 14355K(15296K)->14355K(15296K) NonClass: 12388K(12992K)->12388K(12992K) Class: 1967K(2304K)->1967K(2304K)
[416.327s][info][gc             ] GC(882) Pause Young (Allocation Failure) 559M->13M(1979M) 60.998ms
[416.327s][info][gc,cpu         ] GC(882) User=0.06s Sys=0.00s Real=0.05s
[416.767s][info][gc,start       ] GC(883) Pause Young (Allocation Failure)
[416.830s][info][gc,heap        ] GC(883) DefNew: 561007K(629248K)->1714K(629248K) Eden: 559360K(559360K)->0K(559360K) From: 1647K(69888K)->1714K(69888K)
[416.830s][info][gc,heap        ] GC(883) Tenured: 11668K(1398144K)->11668K(1398144K)
[416.830s][info][gc,metaspace   ] GC(883) Metaspace: 14355K(15296K)->14355K(15296K) NonClass: 12388K(12992K)->12388K(12992K) Class: 1967K(2304K)->1967K(2304K)
[416.830s][info][gc             ] GC(883) Pause Young (Allocation Failure) 559M->13M(1979M) 63.495ms
[416.830s][info][gc,cpu         ] GC(883) User=0.06s Sys=0.00s Real=0.06s
[417.290s][info][gc,start       ] GC(884) Pause Young (Allocation Failure)
[417.356s][info][gc,heap        ] GC(884) DefNew: 561074K(629248K)->1778K(629248K) Eden: 559360K(559360K)->0K(559360K) From: 1714K(69888K)->1778K(69888K)
[417.357s][info][gc,heap        ] GC(884) Tenured: 11668K(1398144K)->11668K(1398144K)
[417.357s][info][gc,metaspace   ] GC(884) Metaspace: 14355K(15296K)->14355K(15296K) NonClass: 12388K(12992K)->12388K(12992K) Class: 1967K(2304K)->1967K(2304K)
[417.357s][info][gc             ] GC(884) Pause Young (Allocation Failure) 559M->13M(1979M) 67.037ms
[417.357s][info][gc,cpu         ] GC(884) User=0.06s Sys=0.00s Real=0.07s
[417.787s][info][gc,start       ] GC(885) Pause Young (Allocation Failure)
[417.831s][info][gc,heap        ] GC(885) DefNew: 561138K(629248K)->1847K(629248K) Eden: 559360K(559360K)->0K(559360K) From: 1778K(69888K)->1847K(69888K)
[417.831s][info][gc,heap        ] GC(885) Tenured: 11668K(1398144K)->11668K(1398144K)
[417.831s][info][gc,metaspace   ] GC(885) Metaspace: 14355K(15296K)->14355K(15296K) NonClass: 12388K(12992K)->12388K(12992K) Class: 1967K(2304K)->1967K(2304K)
[417.832s][info][gc             ] GC(885) Pause Young (Allocation Failure) 559M->13M(1979M) 44.553ms
[417.832s][info][gc,cpu         ] GC(885) User=0.03s Sys=0.00s Real=0.04s
[418.244s][info][gc,start       ] GC(886) Pause Young (Allocation Failure)
[418.289s][info][gc,heap        ] GC(886) DefNew: 561207K(629248K)->1912K(629248K) Eden: 559359K(559360K)->0K(559360K) From: 1847K(69888K)->1912K(69888K)
[418.289s][info][gc,heap        ] GC(886) Tenured: 11668K(1398144K)->11668K(1398144K)
[418.289s][info][gc,metaspace   ] GC(886) Metaspace: 14355K(15296K)->14355K(15296K) NonClass: 12388K(12992K)->12388K(12992K) Class: 1967K(2304K)->1967K(2304K)
[418.289s][info][gc             ] GC(886) Pause Young (Allocation Failure) 559M->13M(1979M) 45.795ms
[418.289s][info][gc,cpu         ] GC(886) User=0.03s Sys=0.00s Real=0.03s
[418.726s][info][gc,start       ] GC(887) Pause Young (Allocation Failure)
[418.786s][info][gc,heap        ] GC(887) DefNew: 561272K(629248K)->1982K(629248K) Eden: 559360K(559360K)->0K(559360K) From: 1912K(69888K)->1982K(69888K)
[418.786s][info][gc,heap        ] GC(887) Tenured: 11668K(1398144K)->11668K(1398144K)
[418.786s][info][gc,metaspace   ] GC(887) Metaspace: 14355K(15296K)->14355K(15296K) NonClass: 12388K(12992K)->12388K(12992K) Class: 1967K(2304K)->1967K(2304K)
[418.786s][info][gc             ] GC(887) Pause Young (Allocation Failure) 559M->13M(1979M) 59.646ms
[418.786s][info][gc,cpu         ] GC(887) User=0.06s Sys=0.00s Real=0.06s
[419.211s][info][gc,start       ] GC(888) Pause Young (Allocation Failure)
[419.272s][info][gc,heap        ] GC(888) DefNew: 561342K(629248K)->2050K(629248K) Eden: 559360K(559360K)->0K(559360K) From: 1982K(69888K)->2050K(69888K)
[419.272s][info][gc,heap        ] GC(888) Tenured: 11668K(1398144K)->11668K(1398144K)
[419.272s][info][gc,metaspace   ] GC(888) Metaspace: 14355K(15296K)->14355K(15296K) NonClass: 12388K(12992K)->12388K(12992K) Class: 1967K(2304K)->1967K(2304K)
[419.272s][info][gc             ] GC(888) Pause Young (Allocation Failure) 559M->13M(1979M) 61.011ms
[419.272s][info][gc,cpu         ] GC(888) User=0.05s Sys=0.00s Real=0.05s
[419.674s][info][gc,start       ] GC(889) Pause Young (Allocation Failure)
[419.734s][info][gc,heap        ] GC(889) DefNew: 561410K(629248K)->2116K(629248K) Eden: 559360K(559360K)->0K(559360K) From: 2050K(69888K)->2116K(69888K)
[419.734s][info][gc,heap        ] GC(889) Tenured: 11668K(1398144K)->11668K(1398144K)
[419.734s][info][gc,metaspace   ] GC(889) Metaspace: 14355K(15296K)->14355K(15296K) NonClass: 12388K(12992K)->12388K(12992K) Class: 1967K(2304K)->1967K(2304K)
[419.734s][info][gc             ] GC(889) Pause Young (Allocation Failure) 559M->13M(1979M) 60.188ms
[419.734s][info][gc,cpu         ] GC(889) User=0.05s Sys=0.00s Real=0.05s
[420.172s][info][gc,start       ] GC(890) Pause Young (Allocation Failure)
[420.233s][info][gc,heap        ] GC(890) DefNew: 561476K(629248K)->2183K(629248K) Eden: 559360K(559360K)->0K(559360K) From: 2116K(69888K)->2183K(69888K)
[420.233s][info][gc,heap        ] GC(890) Tenured: 11668K(1398144K)->11668K(1398144K)
[420.233s][info][gc,metaspace   ] GC(890) Metaspace: 14355K(15296K)->14355K(15296K) NonClass: 12388K(12992K)->12388K(12992K) Class: 1967K(2304K)->1967K(2304K)
[420.233s][info][gc             ] GC(890) Pause Young (Allocation Failure) 559M->13M(1979M) 61.049ms
[420.233s][info][gc,cpu         ] GC(890) User=0.06s Sys=0.00s Real=0.05s
[420.689s][info][gc,start       ] GC(891) Pause Young (Allocation Failure)
[420.737s][info][gc,heap        ] GC(891) DefNew: 561543K(629248K)->2259K(629248K) Eden: 559360K(559360K)->0K(559360K) From: 2183K(69888K)->2259K(69888K)
[420.737s][info][gc,heap        ] GC(891) Tenured: 11668K(1398144K)->11668K(1398144K)
[420.737s][info][gc,metaspace   ] GC(891) Metaspace: 14355K(15296K)->14355K(15296K) NonClass: 12388K(12992K)->12388K(12992K) Class: 1967K(2304K)->1967K(2304K)
[420.737s][info][gc             ] GC(891) Pause Young (Allocation Failure) 559M->13M(1979M) 47.915ms
[420.737s][info][gc,cpu         ] GC(891) User=0.05s Sys=0.00s Real=0.05s
[421.149s][info][gc,start       ] GC(892) Pause Young (Allocation Failure)
[421.206s][info][gc,heap        ] GC(892) DefNew: 561619K(629248K)->2323K(629248K) Eden: 559360K(559360K)->0K(559360K) From: 2259K(69888K)->2323K(69888K)
[421.206s][info][gc,heap        ] GC(892) Tenured: 11668K(1398144K)->11668K(1398144K)
[421.206s][info][gc,metaspace   ] GC(892) Metaspace: 14355K(15296K)->14355K(15296K) NonClass: 12388K(12992K)->12388K(12992K) Class: 1967K(2304K)->1967K(2304K)
[421.206s][info][gc             ] GC(892) Pause Young (Allocation Failure) 559M->13M(1979M) 57.244ms
[421.206s][info][gc,cpu         ] GC(892) User=0.05s Sys=0.00s Real=0.04s
[421.637s][info][gc,start       ] GC(893) Pause Young (Allocation Failure)
[421.693s][info][gc,heap        ] GC(893) DefNew: 561683K(629248K)->2391K(629248K) Eden: 559360K(559360K)->0K(559360K) From: 2323K(69888K)->2391K(69888K)
[421.693s][info][gc,heap        ] GC(893) Tenured: 11668K(1398144K)->11668K(1398144K)
[421.693s][info][gc,metaspace   ] GC(893) Metaspace: 14355K(15296K)->14355K(15296K) NonClass: 12388K(12992K)->12388K(12992K) Class: 1967K(2304K)->1967K(2304K)
[421.693s][info][gc             ] GC(893) Pause Young (Allocation Failure) 559M->13M(1979M) 55.467ms
[421.693s][info][gc,cpu         ] GC(893) User=0.06s Sys=0.00s Real=0.06s
[422.082s][info][gc,start       ] GC(894) Pause Young (Allocation Failure)
[422.140s][info][gc,heap        ] GC(894) DefNew: 561751K(629248K)->2450K(629248K) Eden: 559360K(559360K)->0K(559360K) From: 2391K(69888K)->2450K(69888K)
[422.140s][info][gc,heap        ] GC(894) Tenured: 11668K(1398144K)->11668K(1398144K)
[422.140s][info][gc,metaspace   ] GC(894) Metaspace: 14355K(15296K)->14355K(15296K) NonClass: 12388K(12992K)->12388K(12992K) Class: 1967K(2304K)->1967K(2304K)
[422.140s][info][gc             ] GC(894) Pause Young (Allocation Failure) 559M->13M(1979M) 57.538ms
[422.140s][info][gc,cpu         ] GC(894) User=0.05s Sys=0.00s Real=0.05s
[422.578s][info][gc,start       ] GC(895) Pause Young (Allocation Failure)
[422.640s][info][gc,heap        ] GC(895) DefNew: 561810K(629248K)->1012K(629248K) Eden: 559360K(559360K)->0K(559360K) From: 2450K(69888K)->1012K(69888K)
[422.640s][info][gc,heap        ] GC(895) Tenured: 11668K(1398144K)->13175K(1398144K)
[422.640s][info][gc,metaspace   ] GC(895) Metaspace: 14355K(15296K)->14355K(15296K) NonClass: 12388K(12992K)->12388K(12992K) Class: 1967K(2304K)->1967K(2304K)
[422.640s][info][gc             ] GC(895) Pause Young (Allocation Failure) 560M->13M(1979M) 62.599ms
[422.641s][info][gc,cpu         ] GC(895) User=0.06s Sys=0.00s Real=0.05s
[423.056s][info][gc,start       ] GC(896) Pause Young (Allocation Failure)
[423.117s][info][gc,heap        ] GC(896) DefNew: 560372K(629248K)->1010K(629248K) Eden: 559360K(559360K)->0K(559360K) From: 1012K(69888K)->1010K(69888K)
[423.117s][info][gc,heap        ] GC(896) Tenured: 13175K(1398144K)->13243K(1398144K)
[423.117s][info][gc,metaspace   ] GC(896) Metaspace: 14355K(15296K)->14355K(15296K) NonClass: 12388K(12992K)->12388K(12992K) Class: 1967K(2304K)->1967K(2304K)
[423.117s][info][gc             ] GC(896) Pause Young (Allocation Failure) 560M->13M(1979M) 61.299ms
[423.117s][info][gc,cpu         ] GC(896) User=0.05s Sys=0.00s Real=0.05s
[423.532s][info][gc,start       ] GC(897) Pause Young (Allocation Failure)
[423.594s][info][gc,heap        ] GC(897) DefNew: 560370K(629248K)->1009K(629248K) Eden: 559360K(559360K)->0K(559360K) From: 1010K(69888K)->1009K(69888K)
[423.594s][info][gc,heap        ] GC(897) Tenured: 13243K(1398144K)->13307K(1398144K)
[423.594s][info][gc,metaspace   ] GC(897) Metaspace: 14355K(15296K)->14355K(15296K) NonClass: 12388K(12992K)->12388K(12992K) Class: 1967K(2304K)->1967K(2304K)
[423.594s][info][gc             ] GC(897) Pause Young (Allocation Failure) 560M->13M(1979M) 62.258ms
[423.594s][info][gc,cpu         ] GC(897) User=0.06s Sys=0.00s Real=0.06s
[424.020s][info][gc,start       ] GC(898) Pause Young (Allocation Failure)
[424.076s][info][gc,heap        ] GC(898) DefNew: 560369K(629248K)->1011K(629248K) Eden: 559360K(559360K)->0K(559360K) From: 1009K(69888K)->1011K(69888K)
[424.076s][info][gc,heap        ] GC(898) Tenured: 13307K(1398144K)->13373K(1398144K)
[424.076s][info][gc,metaspace   ] GC(898) Metaspace: 14355K(15296K)->14355K(15296K) NonClass: 12388K(12992K)->12388K(12992K) Class: 1967K(2304K)->1967K(2304K)
[424.076s][info][gc             ] GC(898) Pause Young (Allocation Failure) 560M->14M(1979M) 56.279ms
[424.076s][info][gc,cpu         ] GC(898) User=0.05s Sys=0.00s Real=0.06s
[424.509s][info][gc,start       ] GC(899) Pause Young (Allocation Failure)
[424.566s][info][gc,heap        ] GC(899) DefNew: 560371K(629248K)->1014K(629248K) Eden: 559360K(559360K)->0K(559360K) From: 1011K(69888K)->1014K(69888K)
[424.566s][info][gc,heap        ] GC(899) Tenured: 13373K(1398144K)->13437K(1398144K)
[424.566s][info][gc,metaspace   ] GC(899) Metaspace: 14355K(15296K)->14355K(15296K) NonClass: 12388K(12992K)->12388K(12992K) Class: 1967K(2304K)->1967K(2304K)
[424.567s][info][gc             ] GC(899) Pause Young (Allocation Failure) 560M->14M(1979M) 57.659ms
[424.567s][info][gc,cpu         ] GC(899) User=0.06s Sys=0.00s Real=0.06s
[424.984s][info][gc,start       ] GC(900) Pause Young (Allocation Failure)
[425.029s][info][gc,heap        ] GC(900) DefNew: 560374K(629248K)->1014K(629248K) Eden: 559360K(559360K)->0K(559360K) From: 1014K(69888K)->1014K(69888K)
[425.029s][info][gc,heap        ] GC(900) Tenured: 13437K(1398144K)->13506K(1398144K)
[425.030s][info][gc,metaspace   ] GC(900) Metaspace: 14355K(15296K)->14355K(15296K) NonClass: 12388K(12992K)->12388K(12992K) Class: 1967K(2304K)->1967K(2304K)
[425.030s][info][gc             ] GC(900) Pause Young (Allocation Failure) 560M->14M(1979M) 45.307ms
[425.030s][info][gc,cpu         ] GC(900) User=0.05s Sys=0.00s Real=0.05s
[425.444s][info][gc,start       ] GC(901) Pause Young (Allocation Failure)
[425.504s][info][gc,heap        ] GC(901) DefNew: 560374K(629248K)->1017K(629248K) Eden: 559360K(559360K)->0K(559360K) From: 1014K(69888K)->1017K(69888K)
[425.504s][info][gc,heap        ] GC(901) Tenured: 13506K(1398144K)->13571K(1398144K)
[425.504s][info][gc,metaspace   ] GC(901) Metaspace: 14355K(15296K)->14355K(15296K) NonClass: 12388K(12992K)->12388K(12992K) Class: 1967K(2304K)->1967K(2304K)
[425.504s][info][gc             ] GC(901) Pause Young (Allocation Failure) 560M->14M(1979M) 60.090ms
[425.504s][info][gc,cpu         ] GC(901) User=0.06s Sys=0.00s Real=0.06s
[425.919s][info][gc,start       ] GC(902) Pause Young (Allocation Failure)
[425.979s][info][gc,heap        ] GC(902) DefNew: 560377K(629248K)->1013K(629248K) Eden: 559360K(559360K)->0K(559360K) From: 1017K(69888K)->1013K(69888K)
[425.979s][info][gc,heap        ] GC(902) Tenured: 13571K(1398144K)->13642K(1398144K)
[425.979s][info][gc,metaspace   ] GC(902) Metaspace: 14355K(15296K)->14355K(15296K) NonClass: 12388K(12992K)->12388K(12992K) Class: 1967K(2304K)->1967K(2304K)
[425.979s][info][gc             ] GC(902) Pause Young (Allocation Failure) 560M->14M(1979M) 60.251ms
[425.979s][info][gc,cpu         ] GC(902) User=0.05s Sys=0.00s Real=0.05s
[426.397s][info][gc,start       ] GC(903) Pause Young (Allocation Failure)
[426.458s][info][gc,heap        ] GC(903) DefNew: 560373K(629248K)->1013K(629248K) Eden: 559360K(559360K)->0K(559360K) From: 1013K(69888K)->1013K(69888K)
[426.458s][info][gc,heap        ] GC(903) Tenured: 13642K(1398144K)->13709K(1398144K)
[426.458s][info][gc,metaspace   ] GC(903) Metaspace: 14355K(15296K)->14355K(15296K) NonClass: 12388K(12992K)->12388K(12992K) Class: 1967K(2304K)->1967K(2304K)
[426.458s][info][gc             ] GC(903) Pause Young (Allocation Failure) 560M->14M(1979M) 61.900ms
[426.458s][info][gc,cpu         ] GC(903) User=0.06s Sys=0.00s Real=0.06s
[426.878s][info][gc,start       ] GC(904) Pause Young (Allocation Failure)
[426.935s][info][gc,heap        ] GC(904) DefNew: 560373K(629248K)->1017K(629248K) Eden: 559360K(559360K)->0K(559360K) From: 1013K(69888K)->1017K(69888K)
[426.935s][info][gc,heap        ] GC(904) Tenured: 13709K(1398144K)->13774K(1398144K)
[426.935s][info][gc,metaspace   ] GC(904) Metaspace: 14355K(15296K)->14355K(15296K) NonClass: 12388K(12992K)->12388K(12992K) Class: 1967K(2304K)->1967K(2304K)
[426.935s][info][gc             ] GC(904) Pause Young (Allocation Failure) 560M->14M(1979M) 57.447ms
[426.935s][info][gc,cpu         ] GC(904) User=0.05s Sys=0.00s Real=0.05s
[427.372s][info][gc,start       ] GC(905) Pause Young (Allocation Failure)
[427.414s][info][gc,heap        ] GC(905) DefNew: 560377K(629248K)->1018K(629248K) Eden: 559360K(559360K)->0K(559360K) From: 1017K(69888K)->1018K(69888K)
[427.422s][info][gc,heap        ] GC(905) Tenured: 13774K(1398144K)->13842K(1398144K)
[427.422s][info][gc,metaspace   ] GC(905) Metaspace: 14355K(15296K)->14355K(15296K) NonClass: 12388K(12992K)->12388K(12992K) Class: 1967K(2304K)->1967K(2304K)
[427.422s][info][gc             ] GC(905) Pause Young (Allocation Failure) 560M->14M(1979M) 50.073ms
[427.422s][info][gc,cpu         ] GC(905) User=0.03s Sys=0.00s Real=0.05s
[427.835s][info][gc,start       ] GC(906) Pause Young (Allocation Failure)
[427.892s][info][gc,heap        ] GC(906) DefNew: 560378K(629248K)->1012K(629248K) Eden: 559360K(559360K)->0K(559360K) From: 1018K(69888K)->1012K(69888K)
[427.893s][info][gc,heap        ] GC(906) Tenured: 13842K(1398144K)->13913K(1398144K)
[427.893s][info][gc,metaspace   ] GC(906) Metaspace: 14355K(15296K)->14355K(15296K) NonClass: 12388K(12992K)->12388K(12992K) Class: 1967K(2304K)->1967K(2304K)
[427.893s][info][gc             ] GC(906) Pause Young (Allocation Failure) 560M->14M(1979M) 57.320ms
[427.893s][info][gc,cpu         ] GC(906) User=0.05s Sys=0.00s Real=0.06s
[428.317s][info][gc,start       ] GC(907) Pause Young (Allocation Failure)
[428.375s][info][gc,heap        ] GC(907) DefNew: 560372K(629248K)->1011K(629248K) Eden: 559360K(559360K)->0K(559360K) From: 1012K(69888K)->1011K(69888K)
[428.375s][info][gc,heap        ] GC(907) Tenured: 13913K(1398144K)->13981K(1398144K)
[428.375s][info][gc,metaspace   ] GC(907) Metaspace: 14355K(15296K)->14355K(15296K) NonClass: 12388K(12992K)->12388K(12992K) Class: 1967K(2304K)->1967K(2304K)
[428.375s][info][gc             ] GC(907) Pause Young (Allocation Failure) 560M->14M(1979M) 58.572ms
[428.375s][info][gc,cpu         ] GC(907) User=0.05s Sys=0.00s Real=0.06s
[428.793s][info][gc,start       ] GC(908) Pause Young (Allocation Failure)
[428.851s][info][gc,heap        ] GC(908) DefNew: 560371K(629248K)->1008K(629248K) Eden: 559360K(559360K)->0K(559360K) From: 1011K(69888K)->1008K(69888K)
[428.851s][info][gc,heap        ] GC(908) Tenured: 13981K(1398144K)->14049K(1398144K)
[428.851s][info][gc,metaspace   ] GC(908) Metaspace: 14355K(15296K)->14355K(15296K) NonClass: 12388K(12992K)->12388K(12992K) Class: 1967K(2304K)->1967K(2304K)
[428.851s][info][gc             ] GC(908) Pause Young (Allocation Failure) 560M->14M(1979M) 58.023ms
[428.851s][info][gc,cpu         ] GC(908) User=0.05s Sys=0.00s Real=0.05s
[429.267s][info][gc,start       ] GC(909) Pause Young (Allocation Failure)
[429.327s][info][gc,heap        ] GC(909) DefNew: 560368K(629248K)->1014K(629248K) Eden: 559360K(559360K)->0K(559360K) From: 1008K(69888K)->1014K(69888K)
[429.327s][info][gc,heap        ] GC(909) Tenured: 14049K(1398144K)->14108K(1398144K)
[429.327s][info][gc,metaspace   ] GC(909) Metaspace: 14355K(15296K)->14355K(15296K) NonClass: 12388K(12992K)->12388K(12992K) Class: 1967K(2304K)->1967K(2304K)
[429.328s][info][gc             ] GC(909) Pause Young (Allocation Failure) 560M->14M(1979M) 60.387ms
[429.328s][info][gc,cpu         ] GC(909) User=0.06s Sys=0.00s Real=0.05s
[429.751s][info][gc,start       ] GC(910) Pause Young (Allocation Failure)
[429.810s][info][gc,heap        ] GC(910) DefNew: 560374K(629248K)->1012K(629248K) Eden: 559360K(559360K)->0K(559360K) From: 1014K(69888K)->1012K(69888K)
[429.810s][info][gc,heap        ] GC(910) Tenured: 14108K(1398144K)->14176K(1398144K)
[429.810s][info][gc,metaspace   ] GC(910) Metaspace: 14355K(15296K)->14355K(15296K) NonClass: 12388K(12992K)->12388K(12992K) Class: 1967K(2304K)->1967K(2304K)
[429.810s][info][gc             ] GC(910) Pause Young (Allocation Failure) 561M->14M(1979M) 59.470ms
[429.810s][info][gc,cpu         ] GC(910) User=0.05s Sys=0.00s Real=0.05s
[430.237s][info][gc,start       ] GC(911) Pause Young (Allocation Failure)
[430.292s][info][gc,heap        ] GC(911) DefNew: 560372K(629248K)->1011K(629248K) Eden: 559360K(559360K)->0K(559360K) From: 1012K(69888K)->1011K(69888K)
[430.292s][info][gc,heap        ] GC(911) Tenured: 14176K(1398144K)->14241K(1398144K)
[430.292s][info][gc,metaspace   ] GC(911) Metaspace: 14355K(15296K)->14355K(15296K) NonClass: 12388K(12992K)->12388K(12992K) Class: 1967K(2304K)->1967K(2304K)
[430.292s][info][gc             ] GC(911) Pause Young (Allocation Failure) 561M->14M(1979M) 55.722ms
[430.292s][info][gc,cpu         ] GC(911) User=0.06s Sys=0.00s Real=0.05s
[430.709s][info][gc,start       ] GC(912) Pause Young (Allocation Failure)
[430.768s][info][gc,heap        ] GC(912) DefNew: 560371K(629248K)->1014K(629248K) Eden: 559360K(559360K)->0K(559360K) From: 1011K(69888K)->1014K(69888K)
[430.768s][info][gc,heap        ] GC(912) Tenured: 14241K(1398144K)->14306K(1398144K)
[430.768s][info][gc,metaspace   ] GC(912) Metaspace: 14355K(15296K)->14355K(15296K) NonClass: 12388K(12992K)->12388K(12992K) Class: 1967K(2304K)->1967K(2304K)
[430.768s][info][gc             ] GC(912) Pause Young (Allocation Failure) 561M->14M(1979M) 59.839ms
[430.768s][info][gc,cpu         ] GC(912) User=0.05s Sys=0.00s Real=0.06s
[431.195s][info][gc,start       ] GC(913) Pause Young (Allocation Failure)
[431.252s][info][gc,heap        ] GC(913) DefNew: 560374K(629248K)->1012K(629248K) Eden: 559360K(559360K)->0K(559360K) From: 1014K(69888K)->1012K(69888K)
[431.252s][info][gc,heap        ] GC(913) Tenured: 14306K(1398144K)->14374K(1398144K)
[431.252s][info][gc,metaspace   ] GC(913) Metaspace: 14355K(15296K)->14355K(15296K) NonClass: 12388K(12992K)->12388K(12992K) Class: 1967K(2304K)->1967K(2304K)
[431.252s][info][gc             ] GC(913) Pause Young (Allocation Failure) 561M->15M(1979M) 57.500ms
[431.252s][info][gc,cpu         ] GC(913) User=0.05s Sys=0.00s Real=0.06s
[431.669s][info][gc,start       ] GC(914) Pause Young (Allocation Failure)
[431.726s][info][gc,heap        ] GC(914) DefNew: 560372K(629248K)->1007K(629248K) Eden: 559360K(559360K)->0K(559360K) From: 1012K(69888K)->1007K(69888K)
[431.726s][info][gc,heap        ] GC(914) Tenured: 14374K(1398144K)->14442K(1398144K)
[431.726s][info][gc,metaspace   ] GC(914) Metaspace: 14355K(15296K)->14355K(15296K) NonClass: 12388K(12992K)->12388K(12992K) Class: 1967K(2304K)->1967K(2304K)
[431.726s][info][gc             ] GC(914) Pause Young (Allocation Failure) 561M->15M(1979M) 57.292ms
[431.726s][info][gc,cpu         ] GC(914) User=0.05s Sys=0.00s Real=0.05s
[432.142s][info][gc,start       ] GC(915) Pause Young (Allocation Failure)
[432.202s][info][gc,heap        ] GC(915) DefNew: 560367K(629248K)->1003K(629248K) Eden: 559360K(559360K)->0K(559360K) From: 1007K(69888K)->1003K(69888K)
[432.202s][info][gc,heap        ] GC(915) Tenured: 14442K(1398144K)->14510K(1398144K)
[432.202s][info][gc,metaspace   ] GC(915) Metaspace: 14355K(15296K)->14355K(15296K) NonClass: 12388K(12992K)->12388K(12992K) Class: 1967K(2304K)->1967K(2304K)
[432.202s][info][gc             ] GC(915) Pause Young (Allocation Failure) 561M->15M(1979M) 59.736ms
[432.202s][info][gc,cpu         ] GC(915) User=0.05s Sys=0.00s Real=0.05s
[432.779s][info][gc,start       ] GC(916) Pause Young (Allocation Failure)
[432.842s][info][gc,heap        ] GC(916) DefNew: 560363K(629248K)->999K(629248K) Eden: 559360K(559360K)->0K(559360K) From: 1003K(69888K)->999K(69888K)
[432.842s][info][gc,heap        ] GC(916) Tenured: 14510K(1398144K)->14577K(1398144K)
[432.842s][info][gc,metaspace   ] GC(916) Metaspace: 14355K(15296K)->14355K(15296K) NonClass: 12388K(12992K)->12388K(12992K) Class: 1967K(2304K)->1967K(2304K)
[432.842s][info][gc             ] GC(916) Pause Young (Allocation Failure) 561M->15M(1979M) 62.940ms
[432.842s][info][gc,cpu         ] GC(916) User=0.06s Sys=0.00s Real=0.06s
[433.282s][info][gc,start       ] GC(917) Pause Young (Allocation Failure)
[433.326s][info][gc,heap        ] GC(917) DefNew: 560359K(629248K)->1001K(629248K) Eden: 559360K(559360K)->0K(559360K) From: 999K(69888K)->1001K(69888K)
[433.326s][info][gc,heap        ] GC(917) Tenured: 14577K(1398144K)->14646K(1398144K)
[433.326s][info][gc,metaspace   ] GC(917) Metaspace: 14355K(15296K)->14355K(15296K) NonClass: 12388K(12992K)->12388K(12992K) Class: 1967K(2304K)->1967K(2304K)
[433.326s][info][gc             ] GC(917) Pause Young (Allocation Failure) 561M->15M(1979M) 43.761ms
[433.326s][info][gc,cpu         ] GC(917) User=0.05s Sys=0.00s Real=0.04s
[433.772s][info][gc,start       ] GC(918) Pause Young (Allocation Failure)
[433.829s][info][gc,heap        ] GC(918) DefNew: 560361K(629248K)->1003K(629248K) Eden: 559360K(559360K)->0K(559360K) From: 1001K(69888K)->1003K(69888K)
[433.829s][info][gc,heap        ] GC(918) Tenured: 14646K(1398144K)->14714K(1398144K)
[433.829s][info][gc,metaspace   ] GC(918) Metaspace: 14355K(15296K)->14355K(15296K) NonClass: 12388K(12992K)->12388K(12992K) Class: 1967K(2304K)->1967K(2304K)
[433.829s][info][gc             ] GC(918) Pause Young (Allocation Failure) 561M->15M(1979M) 56.530ms
[433.829s][info][gc,cpu         ] GC(918) User=0.05s Sys=0.00s Real=0.05s
[434.273s][info][gc,start       ] GC(919) Pause Young (Allocation Failure)
[434.331s][info][gc,heap        ] GC(919) DefNew: 560363K(629248K)->1008K(629248K) Eden: 559360K(559360K)->0K(559360K) From: 1003K(69888K)->1008K(69888K)
[434.332s][info][gc,heap        ] GC(919) Tenured: 14714K(1398144K)->14780K(1398144K)
[434.332s][info][gc,metaspace   ] GC(919) Metaspace: 14355K(15296K)->14355K(15296K) NonClass: 12388K(12992K)->12388K(12992K) Class: 1967K(2304K)->1967K(2304K)
[434.332s][info][gc             ] GC(919) Pause Young (Allocation Failure) 561M->15M(1979M) 58.347ms
[434.332s][info][gc,cpu         ] GC(919) User=0.05s Sys=0.00s Real=0.05s
[434.811s][info][gc,start       ] GC(920) Pause Young (Allocation Failure)
[434.876s][info][gc,heap        ] GC(920) DefNew: 560368K(629248K)->1012K(629248K) Eden: 559360K(559360K)->0K(559360K) From: 1008K(69888K)->1012K(69888K)
[434.876s][info][gc,heap        ] GC(920) Tenured: 14780K(1398144K)->14851K(1398144K)
[434.876s][info][gc,metaspace   ] GC(920) Metaspace: 14355K(15296K)->14355K(15296K) NonClass: 12388K(12992K)->12388K(12992K) Class: 1967K(2304K)->1967K(2304K)
[434.876s][info][gc             ] GC(920) Pause Young (Allocation Failure) 561M->15M(1979M) 64.471ms
[434.876s][info][gc,cpu         ] GC(920) User=0.06s Sys=0.00s Real=0.06s
[435.264s][info][gc,start       ] GC(921) Pause Full (System.gc())
[435.264s][info][gc,phases,start] GC(921) Phase 1: Mark live objects
[435.324s][info][gc,phases      ] GC(921) Phase 1: Mark live objects 60.749ms
[435.325s][info][gc,phases,start] GC(921) Phase 2: Compute new object addresses
[435.430s][info][gc,phases      ] GC(921) Phase 2: Compute new object addresses 105.092ms
[435.430s][info][gc,phases,start] GC(921) Phase 3: Adjust pointers
[435.456s][info][gc,phases      ] GC(921) Phase 3: Adjust pointers 26.209ms
[435.456s][info][gc,phases,start] GC(921) Phase 4: Move objects
[435.456s][info][gc,phases      ] GC(921) Phase 4: Move objects 0.012ms
[435.456s][info][gc,heap        ] GC(921) DefNew: 453823K(629248K)->0K(629248K) Eden: 452811K(559360K)->0K(559360K) From: 1012K(69888K)->0K(69888K)
[435.456s][info][gc,heap        ] GC(921) Tenured: 14851K(1398144K)->14851K(1398144K)
[435.456s][info][gc,metaspace   ] GC(921) Metaspace: 14355K(15296K)->14355K(15296K) NonClass: 12388K(12992K)->12388K(12992K) Class: 1967K(2304K)->1967K(2304K)
[435.456s][info][gc             ] GC(921) Pause Full (System.gc()) 457M->14M(1979M) 192.474ms
[435.456s][info][gc,cpu         ] GC(921) User=0.19s Sys=0.00s Real=0.19s
[435.803s][info][gc,start       ] GC(922) Pause Young (Allocation Failure)
[435.859s][info][gc,heap        ] GC(922) DefNew: 559360K(629248K)->1516K(629248K) Eden: 559360K(559360K)->0K(559360K) From: 0K(69888K)->1516K(69888K)
[435.859s][info][gc,heap        ] GC(922) Tenured: 14851K(1398144K)->14851K(1398144K)
[435.859s][info][gc,metaspace   ] GC(922) Metaspace: 14355K(15296K)->14355K(15296K) NonClass: 12388K(12992K)->12388K(12992K) Class: 1967K(2304K)->1967K(2304K)
[435.859s][info][gc             ] GC(922) Pause Young (Allocation Failure) 560M->15M(1979M) 55.292ms
[435.859s][info][gc,cpu         ] GC(922) User=0.05s Sys=0.00s Real=0.05s
[436.281s][info][gc,start       ] GC(923) Pause Young (Allocation Failure)
[436.341s][info][gc,heap        ] GC(923) DefNew: 560876K(629248K)->1583K(629248K) Eden: 559360K(559360K)->0K(559360K) From: 1516K(69888K)->1583K(69888K)
[436.341s][info][gc,heap        ] GC(923) Tenured: 14851K(1398144K)->14851K(1398144K)
[436.341s][info][gc,metaspace   ] GC(923) Metaspace: 14355K(15296K)->14355K(15296K) NonClass: 12388K(12992K)->12388K(12992K) Class: 1967K(2304K)->1967K(2304K)
[436.341s][info][gc             ] GC(923) Pause Young (Allocation Failure) 562M->16M(1979M) 60.591ms
[436.341s][info][gc,cpu         ] GC(923) User=0.06s Sys=0.00s Real=0.06s
[436.816s][info][gc,start       ] GC(924) Pause Young (Allocation Failure)
[436.874s][info][gc,heap        ] GC(924) DefNew: 560943K(629248K)->1649K(629248K) Eden: 559360K(559360K)->0K(559360K) From: 1583K(69888K)->1649K(69888K)
[436.874s][info][gc,heap        ] GC(924) Tenured: 14851K(1398144K)->14851K(1398144K)
[436.874s][info][gc,metaspace   ] GC(924) Metaspace: 14355K(15296K)->14355K(15296K) NonClass: 12388K(12992K)->12388K(12992K) Class: 1967K(2304K)->1967K(2304K)
[436.874s][info][gc             ] GC(924) Pause Young (Allocation Failure) 562M->16M(1979M) 57.404ms
[436.874s][info][gc,cpu         ] GC(924) User=0.05s Sys=0.00s Real=0.05s
[437.308s][info][gc,start       ] GC(925) Pause Young (Allocation Failure)
[437.353s][info][gc,heap        ] GC(925) DefNew: 561009K(629248K)->1717K(629248K) Eden: 559360K(559360K)->0K(559360K) From: 1649K(69888K)->1717K(69888K)
[437.353s][info][gc,heap        ] GC(925) Tenured: 14851K(1398144K)->14851K(1398144K)
[437.353s][info][gc,metaspace   ] GC(925) Metaspace: 14355K(15296K)->14355K(15296K) NonClass: 12388K(12992K)->12388K(12992K) Class: 1967K(2304K)->1967K(2304K)
[437.353s][info][gc             ] GC(925) Pause Young (Allocation Failure) 562M->16M(1979M) 44.809ms
[437.353s][info][gc,cpu         ] GC(925) User=0.05s Sys=0.00s Real=0.04s
[437.779s][info][gc,start       ] GC(926) Pause Young (Allocation Failure)
[437.826s][info][gc,heap        ] GC(926) DefNew: 561077K(629248K)->1784K(629248K) Eden: 559360K(559360K)->0K(559360K) From: 1717K(69888K)->1784K(69888K)
[437.826s][info][gc,heap        ] GC(926) Tenured: 14851K(1398144K)->14851K(1398144K)
[437.826s][info][gc,metaspace   ] GC(926) Metaspace: 14355K(15296K)->14355K(15296K) NonClass: 12388K(12992K)->12388K(12992K) Class: 1967K(2304K)->1967K(2304K)
[437.826s][info][gc             ] GC(926) Pause Young (Allocation Failure) 562M->16M(1979M) 46.301ms
[437.826s][info][gc,cpu         ] GC(926) User=0.05s Sys=0.00s Real=0.04s
[438.233s][info][gc,start       ] GC(927) Pause Young (Allocation Failure)
[438.277s][info][gc,heap        ] GC(927) DefNew: 561144K(629248K)->1850K(629248K) Eden: 559359K(559360K)->0K(559360K) From: 1784K(69888K)->1850K(69888K)
[438.277s][info][gc,heap        ] GC(927) Tenured: 14851K(1398144K)->14851K(1398144K)
[438.277s][info][gc,metaspace   ] GC(927) Metaspace: 14355K(15296K)->14355K(15296K) NonClass: 12388K(12992K)->12388K(12992K) Class: 1967K(2304K)->1967K(2304K)
[438.277s][info][gc             ] GC(927) Pause Young (Allocation Failure) 562M->16M(1979M) 44.359ms
[438.277s][info][gc,cpu         ] GC(927) User=0.05s Sys=0.00s Real=0.04s
[438.709s][info][gc,start       ] GC(928) Pause Young (Allocation Failure)
[438.771s][info][gc,heap        ] GC(928) DefNew: 561210K(629248K)->1914K(629248K) Eden: 559360K(559360K)->0K(559360K) From: 1850K(69888K)->1914K(69888K)
[438.771s][info][gc,heap        ] GC(928) Tenured: 14851K(1398144K)->14851K(1398144K)
[438.771s][info][gc,metaspace   ] GC(928) Metaspace: 14355K(15296K)->14355K(15296K) NonClass: 12388K(12992K)->12388K(12992K) Class: 1967K(2304K)->1967K(2304K)
[438.771s][info][gc             ] GC(928) Pause Young (Allocation Failure) 562M->16M(1979M) 62.123ms
[438.771s][info][gc,cpu         ] GC(928) User=0.05s Sys=0.00s Real=0.05s
[439.184s][info][gc,start       ] GC(929) Pause Young (Allocation Failure)
[439.244s][info][gc,heap        ] GC(929) DefNew: 561274K(629248K)->1980K(629248K) Eden: 559360K(559360K)->0K(559360K) From: 1914K(69888K)->1980K(69888K)
[439.245s][info][gc,heap        ] GC(929) Tenured: 14851K(1398144K)->14851K(1398144K)
[439.245s][info][gc,metaspace   ] GC(929) Metaspace: 14355K(15296K)->14355K(15296K) NonClass: 12388K(12992K)->12388K(12992K) Class: 1967K(2304K)->1967K(2304K)
[439.245s][info][gc             ] GC(929) Pause Young (Allocation Failure) 562M->16M(1979M) 60.796ms
[439.245s][info][gc,cpu         ] GC(929) User=0.05s Sys=0.00s Real=0.05s
[439.647s][info][gc,start       ] GC(930) Pause Young (Allocation Failure)
[439.705s][info][gc,heap        ] GC(930) DefNew: 561340K(629248K)->2041K(629248K) Eden: 559360K(559360K)->0K(559360K) From: 1980K(69888K)->2041K(69888K)
[439.705s][info][gc,heap        ] GC(930) Tenured: 14851K(1398144K)->14851K(1398144K)
[439.705s][info][gc,metaspace   ] GC(930) Metaspace: 14355K(15296K)->14355K(15296K) NonClass: 12388K(12992K)->12388K(12992K) Class: 1967K(2304K)->1967K(2304K)
[439.705s][info][gc             ] GC(930) Pause Young (Allocation Failure) 562M->16M(1979M) 58.396ms
[439.705s][info][gc,cpu         ] GC(930) User=0.05s Sys=0.00s Real=0.05s
[440.112s][info][gc,start       ] GC(931) Pause Young (Allocation Failure)
[440.170s][info][gc,heap        ] GC(931) DefNew: 561401K(629248K)->2103K(629248K) Eden: 559360K(559360K)->0K(559360K) From: 2041K(69888K)->2103K(69888K)
[440.170s][info][gc,heap        ] GC(931) Tenured: 14851K(1398144K)->14851K(1398144K)
[440.170s][info][gc,metaspace   ] GC(931) Metaspace: 14355K(15296K)->14355K(15296K) NonClass: 12388K(12992K)->12388K(12992K) Class: 1967K(2304K)->1967K(2304K)
[440.170s][info][gc             ] GC(931) Pause Young (Allocation Failure) 562M->16M(1979M) 57.999ms
[440.170s][info][gc,cpu         ] GC(931) User=0.05s Sys=0.00s Real=0.06s
[440.604s][info][gc,start       ] GC(932) Pause Young (Allocation Failure)
[440.661s][info][gc,heap        ] GC(932) DefNew: 561463K(629248K)->2170K(629248K) Eden: 559360K(559360K)->0K(559360K) From: 2103K(69888K)->2170K(69888K)
[440.661s][info][gc,heap        ] GC(932) Tenured: 14851K(1398144K)->14851K(1398144K)
[440.661s][info][gc,metaspace   ] GC(932) Metaspace: 14355K(15296K)->14355K(15296K) NonClass: 12388K(12992K)->12388K(12992K) Class: 1967K(2304K)->1967K(2304K)
[440.661s][info][gc             ] GC(932) Pause Young (Allocation Failure) 562M->16M(1979M) 57.568ms
[440.661s][info][gc,cpu         ] GC(932) User=0.06s Sys=0.00s Real=0.06s
[441.093s][info][gc,start       ] GC(933) Pause Young (Allocation Failure)
[441.149s][info][gc,heap        ] GC(933) DefNew: 561530K(629248K)->2239K(629248K) Eden: 559360K(559360K)->0K(559360K) From: 2170K(69888K)->2239K(69888K)
[441.149s][info][gc,heap        ] GC(933) Tenured: 14851K(1398144K)->14851K(1398144K)
[441.149s][info][gc,metaspace   ] GC(933) Metaspace: 14355K(15296K)->14355K(15296K) NonClass: 12388K(12992K)->12388K(12992K) Class: 1967K(2304K)->1967K(2304K)
[441.149s][info][gc             ] GC(933) Pause Young (Allocation Failure) 562M->16M(1979M) 55.238ms
[441.149s][info][gc,cpu         ] GC(933) User=0.05s Sys=0.00s Real=0.05s
[441.567s][info][gc,start       ] GC(934) Pause Young (Allocation Failure)
[441.613s][info][gc,heap        ] GC(934) DefNew: 561599K(629248K)->2304K(629248K) Eden: 559360K(559360K)->0K(559360K) From: 2239K(69888K)->2304K(69888K)
[441.613s][info][gc,heap        ] GC(934) Tenured: 14851K(1398144K)->14851K(1398144K)
[441.613s][info][gc,metaspace   ] GC(934) Metaspace: 14355K(15296K)->14355K(15296K) NonClass: 12388K(12992K)->12388K(12992K) Class: 1967K(2304K)->1967K(2304K)
[441.613s][info][gc             ] GC(934) Pause Young (Allocation Failure) 562M->16M(1979M) 45.813ms
[441.613s][info][gc,cpu         ] GC(934) User=0.03s Sys=0.00s Real=0.03s
[442.027s][info][gc,start       ] GC(935) Pause Young (Allocation Failure)
[442.073s][info][gc,heap        ] GC(935) DefNew: 561664K(629248K)->2369K(629248K) Eden: 559360K(559360K)->0K(559360K) From: 2304K(69888K)->2369K(69888K)
[442.073s][info][gc,heap        ] GC(935) Tenured: 14851K(1398144K)->14851K(1398144K)
[442.073s][info][gc,metaspace   ] GC(935) Metaspace: 14355K(15296K)->14355K(15296K) NonClass: 12388K(12992K)->12388K(12992K) Class: 1967K(2304K)->1967K(2304K)
[442.073s][info][gc             ] GC(935) Pause Young (Allocation Failure) 563M->16M(1979M) 46.378ms
[442.073s][info][gc,cpu         ] GC(935) User=0.03s Sys=0.00s Real=0.04s
[442.498s][info][gc,start       ] GC(936) Pause Young (Allocation Failure)
[442.560s][info][gc,heap        ] GC(936) DefNew: 561729K(629248K)->2434K(629248K) Eden: 559360K(559360K)->0K(559360K) From: 2369K(69888K)->2434K(69888K)
[442.560s][info][gc,heap        ] GC(936) Tenured: 14851K(1398144K)->14851K(1398144K)
[442.560s][info][gc,metaspace   ] GC(936) Metaspace: 14355K(15296K)->14355K(15296K) NonClass: 12388K(12992K)->12388K(12992K) Class: 1967K(2304K)->1967K(2304K)
[442.560s][info][gc             ] GC(936) Pause Young (Allocation Failure) 563M->16M(1979M) 62.181ms
[442.560s][info][gc,cpu         ] GC(936) User=0.06s Sys=0.00s Real=0.06s
[443.014s][info][gc,start       ] GC(937) Pause Young (Allocation Failure)
[443.080s][info][gc,heap        ] GC(937) DefNew: 561794K(629248K)->991K(629248K) Eden: 559360K(559360K)->0K(559360K) From: 2434K(69888K)->991K(69888K)
[443.080s][info][gc,heap        ] GC(937) Tenured: 14851K(1398144K)->16359K(1398144K)
[443.080s][info][gc,metaspace   ] GC(937) Metaspace: 14355K(15296K)->14355K(15296K) NonClass: 12388K(12992K)->12388K(12992K) Class: 1967K(2304K)->1967K(2304K)
[443.080s][info][gc             ] GC(937) Pause Young (Allocation Failure) 563M->16M(1979M) 66.321ms
[443.080s][info][gc,cpu         ] GC(937) User=0.06s Sys=0.00s Real=0.06s
[443.504s][info][gc,start       ] GC(938) Pause Young (Allocation Failure)
[443.547s][info][gc,heap        ] GC(938) DefNew: 560351K(629248K)->991K(629248K) Eden: 559360K(559360K)->0K(559360K) From: 991K(69888K)->991K(69888K)
[443.547s][info][gc,heap        ] GC(938) Tenured: 16359K(1398144K)->16426K(1398144K)
[443.547s][info][gc,metaspace   ] GC(938) Metaspace: 14355K(15296K)->14355K(15296K) NonClass: 12388K(12992K)->12388K(12992K) Class: 1967K(2304K)->1967K(2304K)
[443.547s][info][gc             ] GC(938) Pause Young (Allocation Failure) 563M->17M(1979M) 43.647ms
[443.547s][info][gc,cpu         ] GC(938) User=0.03s Sys=0.00s Real=0.04s
[443.978s][info][gc,start       ] GC(939) Pause Young (Allocation Failure)
[444.032s][info][gc,heap        ] GC(939) DefNew: 560351K(629248K)->996K(629248K) Eden: 559360K(559360K)->0K(559360K) From: 991K(69888K)->996K(69888K)
[444.032s][info][gc,heap        ] GC(939) Tenured: 16426K(1398144K)->16491K(1398144K)
[444.032s][info][gc,metaspace   ] GC(939) Metaspace: 14355K(15296K)->14355K(15296K) NonClass: 12388K(12992K)->12388K(12992K) Class: 1967K(2304K)->1967K(2304K)
[444.032s][info][gc             ] GC(939) Pause Young (Allocation Failure) 563M->17M(1979M) 54.089ms
[444.032s][info][gc,cpu         ] GC(939) User=0.05s Sys=0.00s Real=0.05s
[444.440s][info][gc,start       ] GC(940) Pause Young (Allocation Failure)
[444.495s][info][gc,heap        ] GC(940) DefNew: 560356K(629248K)->990K(629248K) Eden: 559360K(559360K)->0K(559360K) From: 996K(69888K)->990K(69888K)
[444.495s][info][gc,heap        ] GC(940) Tenured: 16491K(1398144K)->16559K(1398144K)
[444.495s][info][gc,metaspace   ] GC(940) Metaspace: 14355K(15296K)->14355K(15296K) NonClass: 12388K(12992K)->12388K(12992K) Class: 1967K(2304K)->1967K(2304K)
[444.495s][info][gc             ] GC(940) Pause Young (Allocation Failure) 563M->17M(1979M) 54.687ms
[444.495s][info][gc,cpu         ] GC(940) User=0.03s Sys=0.00s Real=0.04s
[444.905s][info][gc,start       ] GC(941) Pause Young (Allocation Failure)
[444.958s][info][gc,heap        ] GC(941) DefNew: 560350K(629248K)->986K(629248K) Eden: 559360K(559360K)->0K(559360K) From: 990K(69888K)->986K(69888K)
[444.959s][info][gc,heap        ] GC(941) Tenured: 16559K(1398144K)->16627K(1398144K)
[444.959s][info][gc,metaspace   ] GC(941) Metaspace: 14355K(15296K)->14355K(15296K) NonClass: 12388K(12992K)->12388K(12992K) Class: 1967K(2304K)->1967K(2304K)
[444.959s][info][gc             ] GC(941) Pause Young (Allocation Failure) 563M->17M(1979M) 53.973ms
[444.959s][info][gc,cpu         ] GC(941) User=0.05s Sys=0.00s Real=0.05s
[445.367s][info][gc,start       ] GC(942) Pause Young (Allocation Failure)
[445.414s][info][gc,heap        ] GC(942) DefNew: 560346K(629248K)->989K(629248K) Eden: 559360K(559360K)->0K(559360K) From: 986K(69888K)->989K(69888K)
[445.414s][info][gc,heap        ] GC(942) Tenured: 16627K(1398144K)->16692K(1398144K)
[445.414s][info][gc,metaspace   ] GC(942) Metaspace: 14355K(15296K)->14355K(15296K) NonClass: 12388K(12992K)->12388K(12992K) Class: 1967K(2304K)->1967K(2304K)
[445.414s][info][gc             ] GC(942) Pause Young (Allocation Failure) 563M->17M(1979M) 46.367ms
[445.414s][info][gc,cpu         ] GC(942) User=0.03s Sys=0.00s Real=0.03s
[445.824s][info][gc,start       ] GC(943) Pause Young (Allocation Failure)
[445.876s][info][gc,heap        ] GC(943) DefNew: 560349K(629248K)->989K(629248K) Eden: 559360K(559360K)->0K(559360K) From: 989K(69888K)->989K(69888K)
[445.876s][info][gc,heap        ] GC(943) Tenured: 16692K(1398144K)->16757K(1398144K)
[445.876s][info][gc,metaspace   ] GC(943) Metaspace: 14355K(15296K)->14355K(15296K) NonClass: 12388K(12992K)->12388K(12992K) Class: 1967K(2304K)->1967K(2304K)
[445.876s][info][gc             ] GC(943) Pause Young (Allocation Failure) 563M->17M(1979M) 52.817ms
[445.876s][info][gc,cpu         ] GC(943) User=0.03s Sys=0.00s Real=0.04s
[446.287s][info][gc,start       ] GC(944) Pause Young (Allocation Failure)
[446.346s][info][gc,heap        ] GC(944) DefNew: 560349K(629248K)->987K(629248K) Eden: 559360K(559360K)->0K(559360K) From: 989K(69888K)->987K(69888K)
[446.346s][info][gc,heap        ] GC(944) Tenured: 16757K(1398144K)->16822K(1398144K)
[446.346s][info][gc,metaspace   ] GC(944) Metaspace: 14355K(15296K)->14355K(15296K) NonClass: 12388K(12992K)->12388K(12992K) Class: 1967K(2304K)->1967K(2304K)
[446.346s][info][gc             ] GC(944) Pause Young (Allocation Failure) 563M->17M(1979M) 59.523ms
[446.347s][info][gc,cpu         ] GC(944) User=0.06s Sys=0.00s Real=0.06s
[446.773s][info][gc,start       ] GC(945) Pause Young (Allocation Failure)
[446.824s][info][gc,heap        ] GC(945) DefNew: 560347K(629248K)->995K(629248K) Eden: 559360K(559360K)->0K(559360K) From: 987K(69888K)->995K(69888K)
[446.824s][info][gc,heap        ] GC(945) Tenured: 16822K(1398144K)->16883K(1398144K)
[446.824s][info][gc,metaspace   ] GC(945) Metaspace: 14355K(15296K)->14355K(15296K) NonClass: 12388K(12992K)->12388K(12992K) Class: 1967K(2304K)->1967K(2304K)
[446.825s][info][gc             ] GC(945) Pause Young (Allocation Failure) 563M->17M(1979M) 51.761ms
[446.825s][info][gc,cpu         ] GC(945) User=0.05s Sys=0.00s Real=0.05s
[447.236s][info][gc,start       ] GC(946) Pause Young (Allocation Failure)
[447.280s][info][gc,heap        ] GC(946) DefNew: 560355K(629248K)->999K(629248K) Eden: 559360K(559360K)->0K(559360K) From: 995K(69888K)->999K(69888K)
[447.280s][info][gc,heap        ] GC(946) Tenured: 16883K(1398144K)->16945K(1398144K)
[447.280s][info][gc,metaspace   ] GC(946) Metaspace: 14355K(15296K)->14355K(15296K) NonClass: 12388K(12992K)->12388K(12992K) Class: 1967K(2304K)->1967K(2304K)
[447.281s][info][gc             ] GC(946) Pause Young (Allocation Failure) 563M->17M(1979M) 44.812ms
[447.281s][info][gc,cpu         ] GC(946) User=0.05s Sys=0.00s Real=0.04s
[447.702s][info][gc,start       ] GC(947) Pause Young (Allocation Failure)
[447.746s][info][gc,heap        ] GC(947) DefNew: 560359K(629248K)->1000K(629248K) Eden: 559360K(559360K)->0K(559360K) From: 999K(69888K)->1000K(69888K)
[447.746s][info][gc,heap        ] GC(947) Tenured: 16945K(1398144K)->17013K(1398144K)
[447.746s][info][gc,metaspace   ] GC(947) Metaspace: 14355K(15296K)->14355K(15296K) NonClass: 12388K(12992K)->12388K(12992K) Class: 1967K(2304K)->1967K(2304K)
[447.746s][info][gc             ] GC(947) Pause Young (Allocation Failure) 563M->17M(1979M) 44.117ms
[447.746s][info][gc,cpu         ] GC(947) User=0.05s Sys=0.00s Real=0.04s
[448.156s][info][gc,start       ] GC(948) Pause Young (Allocation Failure)
[448.201s][info][gc,heap        ] GC(948) DefNew: 560360K(629248K)->997K(629248K) Eden: 559360K(559360K)->0K(559360K) From: 1000K(69888K)->997K(69888K)
[448.201s][info][gc,heap        ] GC(948) Tenured: 17013K(1398144K)->17081K(1398144K)
[448.201s][info][gc,metaspace   ] GC(948) Metaspace: 14355K(15296K)->14355K(15296K) NonClass: 12388K(12992K)->12388K(12992K) Class: 1967K(2304K)->1967K(2304K)
[448.202s][info][gc             ] GC(948) Pause Young (Allocation Failure) 563M->17M(1979M) 45.045ms
[448.202s][info][gc,cpu         ] GC(948) User=0.03s Sys=0.00s Real=0.03s
[448.610s][info][gc,start       ] GC(949) Pause Young (Allocation Failure)
[448.658s][info][gc,heap        ] GC(949) DefNew: 560357K(629248K)->996K(629248K) Eden: 559360K(559360K)->0K(559360K) From: 997K(69888K)->996K(69888K)
[448.658s][info][gc,heap        ] GC(949) Tenured: 17081K(1398144K)->17145K(1398144K)
[448.658s][info][gc,metaspace   ] GC(949) Metaspace: 14355K(15296K)->14355K(15296K) NonClass: 12388K(12992K)->12388K(12992K) Class: 1967K(2304K)->1967K(2304K)
[448.658s][info][gc             ] GC(949) Pause Young (Allocation Failure) 563M->17M(1979M) 47.185ms
[448.658s][info][gc,cpu         ] GC(949) User=0.05s Sys=0.00s Real=0.05s
[449.181s][info][gc,start       ] GC(950) Pause Young (Allocation Failure)
[449.237s][info][gc,heap        ] GC(950) DefNew: 560356K(629248K)->996K(629248K) Eden: 559360K(559360K)->0K(559360K) From: 996K(69888K)->996K(69888K)
[449.237s][info][gc,heap        ] GC(950) Tenured: 17145K(1398144K)->17210K(1398144K)
[449.237s][info][gc,metaspace   ] GC(950) Metaspace: 14355K(15296K)->14355K(15296K) NonClass: 12388K(12992K)->12388K(12992K) Class: 1967K(2304K)->1967K(2304K)
[449.237s][info][gc             ] GC(950) Pause Young (Allocation Failure) 563M->17M(1979M) 55.694ms
[449.237s][info][gc,cpu         ] GC(950) User=0.05s Sys=0.00s Real=0.04s
[449.659s][info][gc,start       ] GC(951) Pause Young (Allocation Failure)
[449.702s][info][gc,heap        ] GC(951) DefNew: 560356K(629248K)->1000K(629248K) Eden: 559360K(559360K)->0K(559360K) From: 996K(69888K)->1000K(69888K)
[449.702s][info][gc,heap        ] GC(951) Tenured: 17210K(1398144K)->17275K(1398144K)
[449.702s][info][gc,metaspace   ] GC(951) Metaspace: 14355K(15296K)->14355K(15296K) NonClass: 12388K(12992K)->12388K(12992K) Class: 1967K(2304K)->1967K(2304K)
[449.702s][info][gc             ] GC(951) Pause Young (Allocation Failure) 564M->17M(1979M) 42.810ms
[449.702s][info][gc,cpu         ] GC(951) User=0.03s Sys=0.00s Real=0.04s
[450.108s][info][gc,start       ] GC(952) Pause Young (Allocation Failure)
[450.152s][info][gc,heap        ] GC(952) DefNew: 560360K(629248K)->1001K(629248K) Eden: 559360K(559360K)->0K(559360K) From: 1000K(69888K)->1001K(69888K)
[450.152s][info][gc,heap        ] GC(952) Tenured: 17275K(1398144K)->17340K(1398144K)
[450.152s][info][gc,metaspace   ] GC(952) Metaspace: 14355K(15296K)->14355K(15296K) NonClass: 12388K(12992K)->12388K(12992K) Class: 1967K(2304K)->1967K(2304K)
[450.153s][info][gc             ] GC(952) Pause Young (Allocation Failure) 564M->17M(1979M) 44.950ms
[450.153s][info][gc,cpu         ] GC(952) User=0.03s Sys=0.00s Real=0.03s
[450.579s][info][gc,start       ] GC(953) Pause Young (Allocation Failure)
[450.635s][info][gc,heap        ] GC(953) DefNew: 560361K(629248K)->1000K(629248K) Eden: 559360K(559360K)->0K(559360K) From: 1001K(69888K)->1000K(69888K)
[450.635s][info][gc,heap        ] GC(953) Tenured: 17340K(1398144K)->17408K(1398144K)
[450.635s][info][gc,metaspace   ] GC(953) Metaspace: 14355K(15296K)->14355K(15296K) NonClass: 12388K(12992K)->12388K(12992K) Class: 1967K(2304K)->1967K(2304K)
[450.635s][info][gc             ] GC(953) Pause Young (Allocation Failure) 564M->17M(1979M) 55.626ms
[450.635s][info][gc,cpu         ] GC(953) User=0.06s Sys=0.00s Real=0.06s
[451.045s][info][gc,start       ] GC(954) Pause Young (Allocation Failure)
[451.101s][info][gc,heap        ] GC(954) DefNew: 560360K(629248K)->999K(629248K) Eden: 559360K(559360K)->0K(559360K) From: 1000K(69888K)->999K(69888K)
[451.101s][info][gc,heap        ] GC(954) Tenured: 17408K(1398144K)->17476K(1398144K)
[451.101s][info][gc,metaspace   ] GC(954) Metaspace: 14355K(15296K)->14355K(15296K) NonClass: 12388K(12992K)->12388K(12992K) Class: 1967K(2304K)->1967K(2304K)
[451.102s][info][gc             ] GC(954) Pause Young (Allocation Failure) 564M->18M(1979M) 56.217ms
[451.102s][info][gc,cpu         ] GC(954) User=0.05s Sys=0.00s Real=0.05s
[451.512s][info][gc,start       ] GC(955) Pause Young (Allocation Failure)
[451.571s][info][gc,heap        ] GC(955) DefNew: 560359K(629248K)->1001K(629248K) Eden: 559360K(559360K)->0K(559360K) From: 999K(69888K)->1001K(69888K)
[451.571s][info][gc,heap        ] GC(955) Tenured: 17476K(1398144K)->17539K(1398144K)
[451.571s][info][gc,metaspace   ] GC(955) Metaspace: 14355K(15296K)->14355K(15296K) NonClass: 12388K(12992K)->12388K(12992K) Class: 1967K(2304K)->1967K(2304K)
[451.571s][info][gc             ] GC(955) Pause Young (Allocation Failure) 564M->18M(1979M) 59.616ms
[451.571s][info][gc,cpu         ] GC(955) User=0.06s Sys=0.00s Real=0.06s
[451.981s][info][gc,start       ] GC(956) Pause Young (Allocation Failure)
[452.039s][info][gc,heap        ] GC(956) DefNew: 560361K(629248K)->999K(629248K) Eden: 559360K(559360K)->0K(559360K) From: 1001K(69888K)->999K(69888K)
[452.039s][info][gc,heap        ] GC(956) Tenured: 17539K(1398144K)->17603K(1398144K)
[452.040s][info][gc,metaspace   ] GC(956) Metaspace: 14355K(15296K)->14355K(15296K) NonClass: 12388K(12992K)->12388K(12992K) Class: 1967K(2304K)->1967K(2304K)
[452.040s][info][gc             ] GC(956) Pause Young (Allocation Failure) 564M->18M(1979M) 58.492ms
[452.040s][info][gc,cpu         ] GC(956) User=0.05s Sys=0.00s Real=0.05s
[452.451s][info][gc,start       ] GC(957) Pause Young (Allocation Failure)
[452.499s][info][gc,heap        ] GC(957) DefNew: 560359K(629248K)->997K(629248K) Eden: 559360K(559360K)->0K(559360K) From: 999K(69888K)->997K(69888K)
[452.499s][info][gc,heap        ] GC(957) Tenured: 17603K(1398144K)->17671K(1398144K)
[452.499s][info][gc,metaspace   ] GC(957) Metaspace: 14355K(15296K)->14355K(15296K) NonClass: 12388K(12992K)->12388K(12992K) Class: 1967K(2304K)->1967K(2304K)
[452.499s][info][gc             ] GC(957) Pause Young (Allocation Failure) 564M->18M(1979M) 47.524ms
[452.499s][info][gc,cpu         ] GC(957) User=0.05s Sys=0.00s Real=0.05s
[452.918s][info][gc,start       ] GC(958) Pause Young (Allocation Failure)
[452.981s][info][gc,heap        ] GC(958) DefNew: 560357K(629248K)->997K(629248K) Eden: 559360K(559360K)->0K(559360K) From: 997K(69888K)->997K(69888K)
[452.981s][info][gc,heap        ] GC(958) Tenured: 17671K(1398144K)->17736K(1398144K)
[452.981s][info][gc,metaspace   ] GC(958) Metaspace: 14355K(15296K)->14355K(15296K) NonClass: 12388K(12992K)->12388K(12992K) Class: 1967K(2304K)->1967K(2304K)
[452.981s][info][gc             ] GC(958) Pause Young (Allocation Failure) 564M->18M(1979M) 63.506ms
[452.981s][info][gc,cpu         ] GC(958) User=0.06s Sys=0.00s Real=0.06s
[453.422s][info][gc,start       ] GC(959) Pause Young (Allocation Failure)
[453.485s][info][gc,heap        ] GC(959) DefNew: 560357K(629248K)->1005K(629248K) Eden: 559360K(559360K)->0K(559360K) From: 997K(69888K)->1005K(69888K)
[453.485s][info][gc,heap        ] GC(959) Tenured: 17736K(1398144K)->17798K(1398144K)
[453.485s][info][gc,metaspace   ] GC(959) Metaspace: 14355K(15296K)->14355K(15296K) NonClass: 12388K(12992K)->12388K(12992K) Class: 1967K(2304K)->1967K(2304K)
[453.485s][info][gc             ] GC(959) Pause Young (Allocation Failure) 564M->18M(1979M) 63.259ms
[453.485s][info][gc,cpu         ] GC(959) User=0.06s Sys=0.00s Real=0.06s
[453.956s][info][gc,start       ] GC(960) Pause Young (Allocation Failure)
[454.014s][info][gc,heap        ] GC(960) DefNew: 560365K(629248K)->1005K(629248K) Eden: 559360K(559360K)->0K(559360K) From: 1005K(69888K)->1005K(69888K)
[454.014s][info][gc,heap        ] GC(960) Tenured: 17798K(1398144K)->17871K(1398144K)
[454.014s][info][gc,metaspace   ] GC(960) Metaspace: 14355K(15296K)->14355K(15296K) NonClass: 12388K(12992K)->12388K(12992K) Class: 1967K(2304K)->1967K(2304K)
[454.014s][info][gc             ] GC(960) Pause Young (Allocation Failure) 564M->18M(1979M) 58.519ms
[454.014s][info][gc,cpu         ] GC(960) User=0.03s Sys=0.00s Real=0.04s
[454.490s][info][gc,start       ] GC(961) Pause Young (Allocation Failure)
[454.553s][info][gc,heap        ] GC(961) DefNew: 560365K(629248K)->1016K(629248K) Eden: 559360K(559360K)->0K(559360K) From: 1005K(69888K)->1016K(69888K)
[454.553s][info][gc,heap        ] GC(961) Tenured: 17871K(1398144K)->17936K(1398144K)
[454.553s][info][gc,metaspace   ] GC(961) Metaspace: 14355K(15296K)->14355K(15296K) NonClass: 12388K(12992K)->12388K(12992K) Class: 1967K(2304K)->1967K(2304K)
[454.554s][info][gc             ] GC(961) Pause Young (Allocation Failure) 564M->18M(1979M) 63.302ms
[454.554s][info][gc,cpu         ] GC(961) User=0.06s Sys=0.00s Real=0.06s
[455.003s][info][gc,start       ] GC(962) Pause Young (Allocation Failure)
[455.069s][info][gc,heap        ] GC(962) DefNew: 560376K(629248K)->1018K(629248K) Eden: 559360K(559360K)->0K(559360K) From: 1016K(69888K)->1018K(69888K)
[455.069s][info][gc,heap        ] GC(962) Tenured: 17936K(1398144K)->18004K(1398144K)
[455.069s][info][gc,metaspace   ] GC(962) Metaspace: 14355K(15296K)->14355K(15296K) NonClass: 12388K(12992K)->12388K(12992K) Class: 1967K(2304K)->1967K(2304K)
[455.069s][info][gc             ] GC(962) Pause Young (Allocation Failure) 564M->18M(1979M) 66.957ms
[455.070s][info][gc,cpu         ] GC(962) User=0.05s Sys=0.00s Real=0.06s
[455.403s][info][gc,start       ] GC(963) Pause Full (System.gc())
[455.403s][info][gc,phases,start] GC(963) Phase 1: Mark live objects
[455.463s][info][gc,phases      ] GC(963) Phase 1: Mark live objects 59.737ms
[455.463s][info][gc,phases,start] GC(963) Phase 2: Compute new object addresses
[455.552s][info][gc,phases      ] GC(963) Phase 2: Compute new object addresses 88.940ms
[455.552s][info][gc,phases,start] GC(963) Phase 3: Adjust pointers
[455.579s][info][gc,phases      ] GC(963) Phase 3: Adjust pointers 27.423ms
[455.579s][info][gc,phases,start] GC(963) Phase 4: Move objects
[455.579s][info][gc,phases      ] GC(963) Phase 4: Move objects 0.012ms
[455.579s][info][gc,heap        ] GC(963) DefNew: 387534K(629248K)->0K(629248K) Eden: 386515K(559360K)->0K(559360K) From: 1018K(69888K)->0K(69888K)
[455.579s][info][gc,heap        ] GC(963) Tenured: 18004K(1398144K)->5375K(1398144K)
[455.579s][info][gc,metaspace   ] GC(963) Metaspace: 14355K(15296K)->14355K(15296K) NonClass: 12388K(12992K)->12388K(12992K) Class: 1967K(2304K)->1967K(2304K)
[455.579s][info][gc             ] GC(963) Pause Full (System.gc()) 396M->5M(1979M) 176.536ms
[455.580s][info][gc,cpu         ] GC(963) User=0.17s Sys=0.00s Real=0.17s
[455.924s][info][gc,start       ] GC(964) Pause Young (Allocation Failure)
[455.980s][info][gc,heap        ] GC(964) DefNew: 559360K(629248K)->1513K(629248K) Eden: 559360K(559360K)->0K(559360K) From: 0K(69888K)->1513K(69888K)
[455.980s][info][gc,heap        ] GC(964) Tenured: 5375K(1398144K)->5375K(1398144K)
[455.980s][info][gc,metaspace   ] GC(964) Metaspace: 14355K(15296K)->14355K(15296K) NonClass: 12388K(12992K)->12388K(12992K) Class: 1967K(2304K)->1967K(2304K)
[455.980s][info][gc             ] GC(964) Pause Young (Allocation Failure) 551M->6M(1979M) 56.005ms
[455.980s][info][gc,cpu         ] GC(964) User=0.05s Sys=0.00s Real=0.05s
[456.396s][info][gc,start       ] GC(965) Pause Young (Allocation Failure)
[456.456s][info][gc,heap        ] GC(965) DefNew: 560873K(629248K)->1578K(629248K) Eden: 559360K(559360K)->0K(559360K) From: 1513K(69888K)->1578K(69888K)
[456.456s][info][gc,heap        ] GC(965) Tenured: 5375K(1398144K)->5375K(1398144K)
[456.456s][info][gc,metaspace   ] GC(965) Metaspace: 14355K(15296K)->14355K(15296K) NonClass: 12388K(12992K)->12388K(12992K) Class: 1967K(2304K)->1967K(2304K)
[456.456s][info][gc             ] GC(965) Pause Young (Allocation Failure) 552M->6M(1979M) 59.586ms
[456.456s][info][gc,cpu         ] GC(965) User=0.05s Sys=0.00s Real=0.06s
[456.883s][info][gc,start       ] GC(966) Pause Young (Allocation Failure)
[456.940s][info][gc,heap        ] GC(966) DefNew: 560938K(629248K)->1645K(629248K) Eden: 559360K(559360K)->0K(559360K) From: 1578K(69888K)->1645K(69888K)
[456.941s][info][gc,heap        ] GC(966) Tenured: 5375K(1398144K)->5375K(1398144K)
[456.941s][info][gc,metaspace   ] GC(966) Metaspace: 14355K(15296K)->14355K(15296K) NonClass: 12388K(12992K)->12388K(12992K) Class: 1967K(2304K)->1967K(2304K)
[456.941s][info][gc             ] GC(966) Pause Young (Allocation Failure) 553M->6M(1979M) 57.123ms
[456.941s][info][gc,cpu         ] GC(966) User=0.05s Sys=0.00s Real=0.05s
[457.368s][info][gc,start       ] GC(967) Pause Young (Allocation Failure)
[457.422s][info][gc,heap        ] GC(967) DefNew: 561005K(629248K)->1714K(629248K) Eden: 559360K(559360K)->0K(559360K) From: 1645K(69888K)->1714K(69888K)
[457.423s][info][gc,heap        ] GC(967) Tenured: 5375K(1398144K)->5375K(1398144K)
[457.423s][info][gc,metaspace   ] GC(967) Metaspace: 14355K(15296K)->14355K(15296K) NonClass: 12388K(12992K)->12388K(12992K) Class: 1967K(2304K)->1967K(2304K)
[457.423s][info][gc             ] GC(967) Pause Young (Allocation Failure) 553M->6M(1979M) 54.570ms
[457.423s][info][gc,cpu         ] GC(967) User=0.05s Sys=0.00s Real=0.06s
[457.840s][info][gc,start       ] GC(968) Pause Young (Allocation Failure)
[457.886s][info][gc,heap        ] GC(968) DefNew: 561074K(629248K)->1778K(629248K) Eden: 559360K(559360K)->0K(559360K) From: 1714K(69888K)->1778K(69888K)
[457.886s][info][gc,heap        ] GC(968) Tenured: 5375K(1398144K)->5375K(1398144K)
[457.886s][info][gc,metaspace   ] GC(968) Metaspace: 14355K(15296K)->14355K(15296K) NonClass: 12388K(12992K)->12388K(12992K) Class: 1967K(2304K)->1967K(2304K)
[457.886s][info][gc             ] GC(968) Pause Young (Allocation Failure) 553M->6M(1979M) 46.101ms
[457.886s][info][gc,cpu         ] GC(968) User=0.05s Sys=0.00s Real=0.05s
[458.308s][info][gc,start       ] GC(969) Pause Young (Allocation Failure)
[458.356s][info][gc,heap        ] GC(969) DefNew: 561138K(629248K)->1846K(629248K) Eden: 559360K(559360K)->0K(559360K) From: 1778K(69888K)->1846K(69888K)
[458.356s][info][gc,heap        ] GC(969) Tenured: 5375K(1398144K)->5375K(1398144K)
[458.356s][info][gc,metaspace   ] GC(969) Metaspace: 14355K(15296K)->14355K(15296K) NonClass: 12388K(12992K)->12388K(12992K) Class: 1967K(2304K)->1967K(2304K)
[458.356s][info][gc             ] GC(969) Pause Young (Allocation Failure) 553M->7M(1979M) 47.171ms
[458.356s][info][gc,cpu         ] GC(969) User=0.05s Sys=0.00s Real=0.05s
[458.770s][info][gc,start       ] GC(970) Pause Young (Allocation Failure)
[458.831s][info][gc,heap        ] GC(970) DefNew: 561206K(629248K)->1912K(629248K) Eden: 559360K(559360K)->0K(559360K) From: 1846K(69888K)->1912K(69888K)
[458.831s][info][gc,heap        ] GC(970) Tenured: 5375K(1398144K)->5375K(1398144K)
[458.831s][info][gc,metaspace   ] GC(970) Metaspace: 14355K(15296K)->14355K(15296K) NonClass: 12388K(12992K)->12388K(12992K) Class: 1967K(2304K)->1967K(2304K)
[458.831s][info][gc             ] GC(970) Pause Young (Allocation Failure) 553M->7M(1979M) 61.491ms
[458.831s][info][gc,cpu         ] GC(970) User=0.06s Sys=0.00s Real=0.06s
[459.406s][info][gc,start       ] GC(971) Pause Young (Allocation Failure)
[459.471s][info][gc,heap        ] GC(971) DefNew: 561272K(629248K)->1977K(629248K) Eden: 559360K(559360K)->0K(559360K) From: 1912K(69888K)->1977K(69888K)
[459.471s][info][gc,heap        ] GC(971) Tenured: 5375K(1398144K)->5375K(1398144K)
[459.471s][info][gc,metaspace   ] GC(971) Metaspace: 14355K(15296K)->14355K(15296K) NonClass: 12388K(12992K)->12388K(12992K) Class: 1967K(2304K)->1967K(2304K)
[459.471s][info][gc             ] GC(971) Pause Young (Allocation Failure) 553M->7M(1979M) 64.250ms
[459.471s][info][gc,cpu         ] GC(971) User=0.06s Sys=0.00s Real=0.06s
[459.902s][info][gc,start       ] GC(972) Pause Young (Allocation Failure)
[459.947s][info][gc,heap        ] GC(972) DefNew: 561337K(629248K)->2043K(629248K) Eden: 559360K(559360K)->0K(559360K) From: 1977K(69888K)->2043K(69888K)
[459.947s][info][gc,heap        ] GC(972) Tenured: 5375K(1398144K)->5375K(1398144K)
[459.947s][info][gc,metaspace   ] GC(972) Metaspace: 14355K(15296K)->14355K(15296K) NonClass: 12388K(12992K)->12388K(12992K) Class: 1967K(2304K)->1967K(2304K)
[459.947s][info][gc             ] GC(972) Pause Young (Allocation Failure) 553M->7M(1979M) 44.659ms
[459.947s][info][gc,cpu         ] GC(972) User=0.03s Sys=0.00s Real=0.03s
[460.360s][info][gc,start       ] GC(973) Pause Young (Allocation Failure)
[460.417s][info][gc,heap        ] GC(973) DefNew: 561403K(629248K)->2106K(629248K) Eden: 559360K(559360K)->0K(559360K) From: 2043K(69888K)->2106K(69888K)
[460.417s][info][gc,heap        ] GC(973) Tenured: 5375K(1398144K)->5375K(1398144K)
[460.417s][info][gc,metaspace   ] GC(973) Metaspace: 14355K(15296K)->14355K(15296K) NonClass: 12388K(12992K)->12388K(12992K) Class: 1967K(2304K)->1967K(2304K)
[460.418s][info][gc             ] GC(973) Pause Young (Allocation Failure) 553M->7M(1979M) 57.834ms
[460.418s][info][gc,cpu         ] GC(973) User=0.05s Sys=0.00s Real=0.04s
[460.847s][info][gc,start       ] GC(974) Pause Young (Allocation Failure)
[460.903s][info][gc,heap        ] GC(974) DefNew: 561466K(629248K)->2174K(629248K) Eden: 559360K(559360K)->0K(559360K) From: 2106K(69888K)->2174K(69888K)
[460.903s][info][gc,heap        ] GC(974) Tenured: 5375K(1398144K)->5375K(1398144K)
[460.903s][info][gc,metaspace   ] GC(974) Metaspace: 14355K(15296K)->14355K(15296K) NonClass: 12388K(12992K)->12388K(12992K) Class: 1967K(2304K)->1967K(2304K)
[460.903s][info][gc             ] GC(974) Pause Young (Allocation Failure) 553M->7M(1979M) 55.655ms
[460.903s][info][gc,cpu         ] GC(974) User=0.05s Sys=0.00s Real=0.05s
[461.320s][info][gc,start       ] GC(975) Pause Young (Allocation Failure)
[461.366s][info][gc,heap        ] GC(975) DefNew: 561534K(629248K)->2241K(629248K) Eden: 559360K(559360K)->0K(559360K) From: 2174K(69888K)->2241K(69888K)
[461.366s][info][gc,heap        ] GC(975) Tenured: 5375K(1398144K)->5375K(1398144K)
[461.366s][info][gc,metaspace   ] GC(975) Metaspace: 14355K(15296K)->14355K(15296K) NonClass: 12388K(12992K)->12388K(12992K) Class: 1967K(2304K)->1967K(2304K)
[461.366s][info][gc             ] GC(975) Pause Young (Allocation Failure) 553M->7M(1979M) 46.651ms
[461.366s][info][gc,cpu         ] GC(975) User=0.05s Sys=0.00s Real=0.05s
[461.786s][info][gc,start       ] GC(976) Pause Young (Allocation Failure)
[461.847s][info][gc,heap        ] GC(976) DefNew: 561601K(629248K)->2307K(629248K) Eden: 559360K(559360K)->0K(559360K) From: 2241K(69888K)->2307K(69888K)
[461.847s][info][gc,heap        ] GC(976) Tenured: 5375K(1398144K)->5375K(1398144K)
[461.847s][info][gc,metaspace   ] GC(976) Metaspace: 14355K(15296K)->14355K(15296K) NonClass: 12388K(12992K)->12388K(12992K) Class: 1967K(2304K)->1967K(2304K)
[461.847s][info][gc             ] GC(976) Pause Young (Allocation Failure) 553M->7M(1979M) 61.134ms
[461.847s][info][gc,cpu         ] GC(976) User=0.05s Sys=0.00s Real=0.05s
[462.269s][info][gc,start       ] GC(977) Pause Young (Allocation Failure)
[462.331s][info][gc,heap        ] GC(977) DefNew: 561667K(629248K)->2376K(629248K) Eden: 559360K(559360K)->0K(559360K) From: 2307K(69888K)->2376K(69888K)
[462.332s][info][gc,heap        ] GC(977) Tenured: 5375K(1398144K)->5375K(1398144K)
[462.332s][info][gc,metaspace   ] GC(977) Metaspace: 14355K(15296K)->14355K(15296K) NonClass: 12388K(12992K)->12388K(12992K) Class: 1967K(2304K)->1967K(2304K)
[462.332s][info][gc             ] GC(977) Pause Young (Allocation Failure) 553M->7M(1979M) 62.300ms
[462.332s][info][gc,cpu         ] GC(977) User=0.05s Sys=0.00s Real=0.05s
[462.749s][info][gc,start       ] GC(978) Pause Young (Allocation Failure)
[462.812s][info][gc,heap        ] GC(978) DefNew: 561736K(629248K)->2440K(629248K) Eden: 559360K(559360K)->0K(559360K) From: 2376K(69888K)->2440K(69888K)
[462.812s][info][gc,heap        ] GC(978) Tenured: 5375K(1398144K)->5375K(1398144K)
[462.812s][info][gc,metaspace   ] GC(978) Metaspace: 14355K(15296K)->14355K(15296K) NonClass: 12388K(12992K)->12388K(12992K) Class: 1967K(2304K)->1967K(2304K)
[462.812s][info][gc             ] GC(978) Pause Young (Allocation Failure) 553M->7M(1979M) 63.171ms
[462.812s][info][gc,cpu         ] GC(978) User=0.06s Sys=0.00s Real=0.06s
[463.229s][info][gc,start       ] GC(979) Pause Young (Allocation Failure)
[463.292s][info][gc,heap        ] GC(979) DefNew: 561800K(629248K)->1005K(629248K) Eden: 559360K(559360K)->0K(559360K) From: 2440K(69888K)->1005K(69888K)
[463.292s][info][gc,heap        ] GC(979) Tenured: 5375K(1398144K)->6879K(1398144K)
[463.292s][info][gc,metaspace   ] GC(979) Metaspace: 14355K(15296K)->14355K(15296K) NonClass: 12388K(12992K)->12388K(12992K) Class: 1967K(2304K)->1967K(2304K)
[463.292s][info][gc             ] GC(979) Pause Young (Allocation Failure) 553M->7M(1979M) 63.343ms
[463.292s][info][gc,cpu         ] GC(979) User=0.06s Sys=0.00s Real=0.06s
[463.740s][info][gc,start       ] GC(980) Pause Young (Allocation Failure)
[463.789s][info][gc,heap        ] GC(980) DefNew: 560365K(629248K)->1013K(629248K) Eden: 559360K(559360K)->0K(559360K) From: 1005K(69888K)->1013K(69888K)
[463.789s][info][gc,heap        ] GC(980) Tenured: 6879K(1398144K)->6944K(1398144K)
[463.789s][info][gc,metaspace   ] GC(980) Metaspace: 14355K(15296K)->14355K(15296K) NonClass: 12388K(12992K)->12388K(12992K) Class: 1967K(2304K)->1967K(2304K)
[463.789s][info][gc             ] GC(980) Pause Young (Allocation Failure) 553M->7M(1979M) 48.873ms
[463.789s][info][gc,cpu         ] GC(980) User=0.03s Sys=0.00s Real=0.04s
[464.239s][info][gc,start       ] GC(981) Pause Young (Allocation Failure)
[464.298s][info][gc,heap        ] GC(981) DefNew: 560373K(629248K)->1016K(629248K) Eden: 559360K(559360K)->0K(559360K) From: 1013K(69888K)->1016K(69888K)
[464.298s][info][gc,heap        ] GC(981) Tenured: 6944K(1398144K)->7012K(1398144K)
[464.298s][info][gc,metaspace   ] GC(981) Metaspace: 14355K(15296K)->14355K(15296K) NonClass: 12388K(12992K)->12388K(12992K) Class: 1967K(2304K)->1967K(2304K)
[464.299s][info][gc             ] GC(981) Pause Young (Allocation Failure) 554M->7M(1979M) 59.798ms
[464.299s][info][gc,cpu         ] GC(981) User=0.05s Sys=0.00s Real=0.06s
[464.759s][info][gc,start       ] GC(982) Pause Young (Allocation Failure)
[464.816s][info][gc,heap        ] GC(982) DefNew: 560376K(629248K)->1017K(629248K) Eden: 559360K(559360K)->0K(559360K) From: 1016K(69888K)->1017K(69888K)
[464.816s][info][gc,heap        ] GC(982) Tenured: 7012K(1398144K)->7080K(1398144K)
[464.816s][info][gc,metaspace   ] GC(982) Metaspace: 14355K(15296K)->14355K(15296K) NonClass: 12388K(12992K)->12388K(12992K) Class: 1967K(2304K)->1967K(2304K)
[464.816s][info][gc             ] GC(982) Pause Young (Allocation Failure) 554M->7M(1979M) 57.827ms
[464.816s][info][gc,cpu         ] GC(982) User=0.06s Sys=0.00s Real=0.06s
[465.256s][info][gc,start       ] GC(983) Pause Young (Allocation Failure)
[465.304s][info][gc,heap        ] GC(983) DefNew: 560231K(629248K)->1023K(629248K) Eden: 559213K(559360K)->0K(559360K) From: 1017K(69888K)->1023K(69888K)
[465.304s][info][gc,heap        ] GC(983) Tenured: 7080K(1398144K)->7145K(1398144K)
[465.304s][info][gc,metaspace   ] GC(983) Metaspace: 14355K(15296K)->14355K(15296K) NonClass: 12388K(12992K)->12388K(12992K) Class: 1967K(2304K)->1967K(2304K)
[465.304s][info][gc             ] GC(983) Pause Young (Allocation Failure) 554M->7M(1979M) 48.152ms
[465.305s][info][gc,cpu         ] GC(983) User=0.05s Sys=0.00s Real=0.05s
[465.734s][info][gc,start       ] GC(984) Pause Young (Allocation Failure)
[465.799s][info][gc,heap        ] GC(984) DefNew: 560383K(629248K)->1025K(629248K) Eden: 559360K(559360K)->0K(559360K) From: 1023K(69888K)->1025K(69888K)
[465.799s][info][gc,heap        ] GC(984) Tenured: 7145K(1398144K)->7210K(1398144K)
[465.799s][info][gc,metaspace   ] GC(984) Metaspace: 14355K(15296K)->14355K(15296K) NonClass: 12388K(12992K)->12388K(12992K) Class: 1967K(2304K)->1967K(2304K)
[465.799s][info][gc             ] GC(984) Pause Young (Allocation Failure) 554M->8M(1979M) 65.021ms
[465.799s][info][gc,cpu         ] GC(984) User=0.06s Sys=0.00s Real=0.06s
[466.234s][info][gc,start       ] GC(985) Pause Young (Allocation Failure)
[466.300s][info][gc,heap        ] GC(985) DefNew: 560385K(629248K)->1025K(629248K) Eden: 559360K(559360K)->0K(559360K) From: 1025K(69888K)->1025K(69888K)
[466.300s][info][gc,heap        ] GC(985) Tenured: 7210K(1398144K)->7278K(1398144K)
[466.300s][info][gc,metaspace   ] GC(985) Metaspace: 14355K(15296K)->14355K(15296K) NonClass: 12388K(12992K)->12388K(12992K) Class: 1967K(2304K)->1967K(2304K)
[466.300s][info][gc             ] GC(985) Pause Young (Allocation Failure) 554M->8M(1979M) 66.151ms
[466.300s][info][gc,cpu         ] GC(985) User=0.08s Sys=0.00s Real=0.07s
[466.737s][info][gc,start       ] GC(986) Pause Young (Allocation Failure)
[466.802s][info][gc,heap        ] GC(986) DefNew: 560385K(629248K)->1033K(629248K) Eden: 559360K(559360K)->0K(559360K) From: 1025K(69888K)->1033K(69888K)
[466.802s][info][gc,heap        ] GC(986) Tenured: 7278K(1398144K)->7343K(1398144K)
[466.802s][info][gc,metaspace   ] GC(986) Metaspace: 14355K(15296K)->14355K(15296K) NonClass: 12388K(12992K)->12388K(12992K) Class: 1967K(2304K)->1967K(2304K)
[466.802s][info][gc             ] GC(986) Pause Young (Allocation Failure) 554M->8M(1979M) 65.116ms
[466.802s][info][gc,cpu         ] GC(986) User=0.05s Sys=0.00s Real=0.06s
[467.247s][info][gc,start       ] GC(987) Pause Young (Allocation Failure)
[467.304s][info][gc,heap        ] GC(987) DefNew: 560393K(629248K)->1039K(629248K) Eden: 559360K(559360K)->0K(559360K) From: 1033K(69888K)->1039K(69888K)
[467.304s][info][gc,heap        ] GC(987) Tenured: 7343K(1398144K)->7408K(1398144K)
[467.304s][info][gc,metaspace   ] GC(987) Metaspace: 14355K(15296K)->14355K(15296K) NonClass: 12388K(12992K)->12388K(12992K) Class: 1967K(2304K)->1967K(2304K)
[467.304s][info][gc             ] GC(987) Pause Young (Allocation Failure) 554M->8M(1979M) 56.691ms
[467.304s][info][gc,cpu         ] GC(987) User=0.05s Sys=0.00s Real=0.05s
[467.756s][info][gc,start       ] GC(988) Pause Young (Allocation Failure)
[467.802s][info][gc,heap        ] GC(988) DefNew: 560399K(629248K)->1045K(629248K) Eden: 559360K(559360K)->0K(559360K) From: 1039K(69888K)->1045K(69888K)
[467.802s][info][gc,heap        ] GC(988) Tenured: 7408K(1398144K)->7472K(1398144K)
[467.802s][info][gc,metaspace   ] GC(988) Metaspace: 14355K(15296K)->14355K(15296K) NonClass: 12388K(12992K)->12388K(12992K) Class: 1967K(2304K)->1967K(2304K)
[467.802s][info][gc             ] GC(988) Pause Young (Allocation Failure) 554M->8M(1979M) 46.437ms
[467.802s][info][gc,cpu         ] GC(988) User=0.03s Sys=0.00s Real=0.03s
[468.232s][info][gc,start       ] GC(989) Pause Young (Allocation Failure)
[468.281s][info][gc,heap        ] GC(989) DefNew: 560405K(629248K)->1045K(629248K) Eden: 559360K(559360K)->0K(559360K) From: 1045K(69888K)->1045K(69888K)
[468.281s][info][gc,heap        ] GC(989) Tenured: 7472K(1398144K)->7541K(1398144K)
[468.281s][info][gc,metaspace   ] GC(989) Metaspace: 14355K(15296K)->14355K(15296K) NonClass: 12388K(12992K)->12388K(12992K) Class: 1967K(2304K)->1967K(2304K)
[468.281s][info][gc             ] GC(989) Pause Young (Allocation Failure) 554M->8M(1979M) 49.348ms
[468.281s][info][gc,cpu         ] GC(989) User=0.05s Sys=0.00s Real=0.04s
[468.711s][info][gc,start       ] GC(990) Pause Young (Allocation Failure)
[468.774s][info][gc,heap        ] GC(990) DefNew: 560405K(629248K)->1046K(629248K) Eden: 559360K(559360K)->0K(559360K) From: 1045K(69888K)->1046K(69888K)
[468.774s][info][gc,heap        ] GC(990) Tenured: 7541K(1398144K)->7605K(1398144K)
[468.774s][info][gc,metaspace   ] GC(990) Metaspace: 14355K(15296K)->14355K(15296K) NonClass: 12388K(12992K)->12388K(12992K) Class: 1967K(2304K)->1967K(2304K)
[468.774s][info][gc             ] GC(990) Pause Young (Allocation Failure) 554M->8M(1979M) 63.592ms
[468.774s][info][gc,cpu         ] GC(990) User=0.06s Sys=0.00s Real=0.06s
[469.207s][info][gc,start       ] GC(991) Pause Young (Allocation Failure)
[469.271s][info][gc,heap        ] GC(991) DefNew: 560406K(629248K)->1047K(629248K) Eden: 559360K(559360K)->0K(559360K) From: 1046K(69888K)->1047K(69888K)
[469.271s][info][gc,heap        ] GC(991) Tenured: 7605K(1398144K)->7673K(1398144K)
[469.271s][info][gc,metaspace   ] GC(991) Metaspace: 14355K(15296K)->14355K(15296K) NonClass: 12388K(12992K)->12388K(12992K) Class: 1967K(2304K)->1967K(2304K)
[469.271s][info][gc             ] GC(991) Pause Young (Allocation Failure) 554M->8M(1979M) 64.278ms
[469.271s][info][gc,cpu         ] GC(991) User=0.06s Sys=0.00s Real=0.06s
[469.704s][info][gc,start       ] GC(992) Pause Young (Allocation Failure)
[469.770s][info][gc,heap        ] GC(992) DefNew: 560407K(629248K)->1046K(629248K) Eden: 559360K(559360K)->0K(559360K) From: 1047K(69888K)->1046K(69888K)
[469.770s][info][gc,heap        ] GC(992) Tenured: 7673K(1398144K)->7740K(1398144K)
[469.770s][info][gc,metaspace   ] GC(992) Metaspace: 14355K(15296K)->14355K(15296K) NonClass: 12388K(12992K)->12388K(12992K) Class: 1967K(2304K)->1967K(2304K)
[469.770s][info][gc             ] GC(992) Pause Young (Allocation Failure) 554M->8M(1979M) 65.953ms
[469.770s][info][gc,cpu         ] GC(992) User=0.08s Sys=0.00s Real=0.07s
[470.216s][info][gc,start       ] GC(993) Pause Young (Allocation Failure)
[470.272s][info][gc,heap        ] GC(993) DefNew: 560406K(629248K)->1053K(629248K) Eden: 559360K(559360K)->0K(559360K) From: 1046K(69888K)->1053K(69888K)
[470.273s][info][gc,heap        ] GC(993) Tenured: 7740K(1398144K)->7805K(1398144K)
[470.273s][info][gc,metaspace   ] GC(993) Metaspace: 14355K(15296K)->14355K(15296K) NonClass: 12388K(12992K)->12388K(12992K) Class: 1967K(2304K)->1967K(2304K)
[470.273s][info][gc             ] GC(993) Pause Young (Allocation Failure) 554M->8M(1979M) 56.905ms
[470.273s][info][gc,cpu         ] GC(993) User=0.05s Sys=0.00s Real=0.04s
[470.729s][info][gc,start       ] GC(994) Pause Young (Allocation Failure)
[470.789s][info][gc,heap        ] GC(994) DefNew: 560413K(629248K)->1057K(629248K) Eden: 559360K(559360K)->0K(559360K) From: 1053K(69888K)->1057K(69888K)
[470.789s][info][gc,heap        ] GC(994) Tenured: 7805K(1398144K)->7873K(1398144K)
[470.789s][info][gc,metaspace   ] GC(994) Metaspace: 14355K(15296K)->14355K(15296K) NonClass: 12388K(12992K)->12388K(12992K) Class: 1967K(2304K)->1967K(2304K)
[470.789s][info][gc             ] GC(994) Pause Young (Allocation Failure) 554M->8M(1979M) 60.134ms
[470.789s][info][gc,cpu         ] GC(994) User=0.06s Sys=0.00s Real=0.06s
[471.222s][info][gc,start       ] GC(995) Pause Young (Allocation Failure)
[471.282s][info][gc,heap        ] GC(995) DefNew: 560417K(629248K)->1055K(629248K) Eden: 559360K(559360K)->0K(559360K) From: 1057K(69888K)->1055K(69888K)
[471.282s][info][gc,heap        ] GC(995) Tenured: 7873K(1398144K)->7947K(1398144K)
[471.282s][info][gc,metaspace   ] GC(995) Metaspace: 14355K(15296K)->14355K(15296K) NonClass: 12388K(12992K)->12388K(12992K) Class: 1967K(2304K)->1967K(2304K)
[471.283s][info][gc             ] GC(995) Pause Young (Allocation Failure) 554M->8M(1979M) 60.488ms
[471.283s][info][gc,cpu         ] GC(995) User=0.05s Sys=0.00s Real=0.06s
[471.713s][info][gc,start       ] GC(996) Pause Young (Allocation Failure)
[471.777s][info][gc,heap        ] GC(996) DefNew: 560415K(629248K)->1049K(629248K) Eden: 559360K(559360K)->0K(559360K) From: 1055K(69888K)->1049K(69888K)
[471.777s][info][gc,heap        ] GC(996) Tenured: 7947K(1398144K)->8019K(1398144K)
[471.777s][info][gc,metaspace   ] GC(996) Metaspace: 14355K(15296K)->14355K(15296K) NonClass: 12388K(12992K)->12388K(12992K) Class: 1967K(2304K)->1967K(2304K)
[471.777s][info][gc             ] GC(996) Pause Young (Allocation Failure) 555M->8M(1979M) 64.248ms
[471.777s][info][gc,cpu         ] GC(996) User=0.05s Sys=0.00s Real=0.05s
[472.207s][info][gc,start       ] GC(997) Pause Young (Allocation Failure)
[472.271s][info][gc,heap        ] GC(997) DefNew: 560409K(629248K)->1049K(629248K) Eden: 559360K(559360K)->0K(559360K) From: 1049K(69888K)->1049K(69888K)
[472.271s][info][gc,heap        ] GC(997) Tenured: 8019K(1398144K)->8086K(1398144K)
[472.271s][info][gc,metaspace   ] GC(997) Metaspace: 14355K(15296K)->14355K(15296K) NonClass: 12388K(12992K)->12388K(12992K) Class: 1967K(2304K)->1967K(2304K)
[472.271s][info][gc             ] GC(997) Pause Young (Allocation Failure) 555M->8M(1979M) 64.412ms
[472.271s][info][gc,cpu         ] GC(997) User=0.06s Sys=0.00s Real=0.06s
[472.756s][info][gc,start       ] GC(998) Pause Young (Allocation Failure)
[472.825s][info][gc,heap        ] GC(998) DefNew: 560409K(629248K)->1046K(629248K) Eden: 559360K(559360K)->0K(559360K) From: 1049K(69888K)->1046K(69888K)
[472.825s][info][gc,heap        ] GC(998) Tenured: 8086K(1398144K)->8157K(1398144K)
[472.825s][info][gc,metaspace   ] GC(998) Metaspace: 14355K(15296K)->14355K(15296K) NonClass: 12388K(12992K)->12388K(12992K) Class: 1967K(2304K)->1967K(2304K)
[472.825s][info][gc             ] GC(998) Pause Young (Allocation Failure) 555M->8M(1979M) 69.019ms
[472.825s][info][gc,cpu         ] GC(998) User=0.06s Sys=0.00s Real=0.07s
[473.275s][info][gc,start       ] GC(999) Pause Young (Allocation Failure)
[473.321s][info][gc,heap        ] GC(999) DefNew: 560406K(629248K)->1048K(629248K) Eden: 559360K(559360K)->0K(559360K) From: 1046K(69888K)->1048K(69888K)
[473.321s][info][gc,heap        ] GC(999) Tenured: 8157K(1398144K)->8225K(1398144K)
[473.321s][info][gc,metaspace   ] GC(999) Metaspace: 14355K(15296K)->14355K(15296K) NonClass: 12388K(12992K)->12388K(12992K) Class: 1967K(2304K)->1967K(2304K)
[473.321s][info][gc             ] GC(999) Pause Young (Allocation Failure) 555M->9M(1979M) 45.906ms
[473.321s][info][gc,cpu         ] GC(999) User=0.05s Sys=0.00s Real=0.05s
[473.780s][info][gc,start       ] GC(1000) Pause Young (Allocation Failure)
[473.833s][info][gc,heap        ] GC(1000) DefNew: 560408K(629248K)->1054K(629248K) Eden: 559360K(559360K)->0K(559360K) From: 1048K(69888K)->1054K(69888K)
[473.833s][info][gc,heap        ] GC(1000) Tenured: 8225K(1398144K)->8292K(1398144K)
[473.833s][info][gc,metaspace   ] GC(1000) Metaspace: 14355K(15296K)->14355K(15296K) NonClass: 12388K(12992K)->12388K(12992K) Class: 1967K(2304K)->1967K(2304K)
[473.833s][info][gc             ] GC(1000) Pause Young (Allocation Failure) 555M->9M(1979M) 53.190ms
[473.833s][info][gc,cpu         ] GC(1000) User=0.03s Sys=0.00s Real=0.05s
[474.278s][info][gc,start       ] GC(1001) Pause Young (Allocation Failure)
[474.341s][info][gc,heap        ] GC(1001) DefNew: 560414K(629248K)->1049K(629248K) Eden: 559360K(559360K)->0K(559360K) From: 1054K(69888K)->1049K(69888K)
[474.341s][info][gc,heap        ] GC(1001) Tenured: 8292K(1398144K)->8368K(1398144K)
[474.341s][info][gc,metaspace   ] GC(1001) Metaspace: 14355K(15296K)->14355K(15296K) NonClass: 12388K(12992K)->12388K(12992K) Class: 1967K(2304K)->1967K(2304K)
[474.341s][info][gc             ] GC(1001) Pause Young (Allocation Failure) 555M->9M(1979M) 63.153ms
[474.341s][info][gc,cpu         ] GC(1001) User=0.06s Sys=0.00s Real=0.06s
[474.812s][info][gc,start       ] GC(1002) Pause Young (Allocation Failure)
[474.882s][info][gc,heap        ] GC(1002) DefNew: 560409K(629248K)->1050K(629248K) Eden: 559360K(559360K)->0K(559360K) From: 1049K(69888K)->1050K(69888K)
[474.882s][info][gc,heap        ] GC(1002) Tenured: 8368K(1398144K)->8439K(1398144K)
[474.882s][info][gc,metaspace   ] GC(1002) Metaspace: 14355K(15296K)->14355K(15296K) NonClass: 12388K(12992K)->12388K(12992K) Class: 1967K(2304K)->1967K(2304K)
[474.882s][info][gc             ] GC(1002) Pause Young (Allocation Failure) 555M->9M(1979M) 69.241ms
[474.882s][info][gc,cpu         ] GC(1002) User=0.08s Sys=0.00s Real=0.07s
[475.323s][info][gc,start       ] GC(1003) Pause Young (Allocation Failure)
[475.385s][info][gc,heap        ] GC(1003) DefNew: 560410K(629248K)->1048K(629248K) Eden: 559360K(559360K)->0K(559360K) From: 1050K(69888K)->1048K(69888K)
[475.385s][info][gc,heap        ] GC(1003) Tenured: 8439K(1398144K)->8509K(1398144K)
[475.385s][info][gc,metaspace   ] GC(1003) Metaspace: 14355K(15296K)->14355K(15296K) NonClass: 12388K(12992K)->12388K(12992K) Class: 1967K(2304K)->1967K(2304K)
[475.385s][info][gc             ] GC(1003) Pause Young (Allocation Failure) 555M->9M(1979M) 62.267ms
[475.385s][info][gc,cpu         ] GC(1003) User=0.05s Sys=0.00s Real=0.05s
[475.879s][info][gc,start       ] GC(1004) Pause Full (System.gc())
[475.879s][info][gc,phases,start] GC(1004) Phase 1: Mark live objects
[475.925s][info][gc,phases      ] GC(1004) Phase 1: Mark live objects 46.244ms
[475.925s][info][gc,phases,start] GC(1004) Phase 2: Compute new object addresses
[476.037s][info][gc,phases      ] GC(1004) Phase 2: Compute new object addresses 112.192ms
[476.037s][info][gc,phases,start] GC(1004) Phase 3: Adjust pointers
[476.060s][info][gc,phases      ] GC(1004) Phase 3: Adjust pointers 23.302ms
[476.061s][info][gc,phases,start] GC(1004) Phase 4: Move objects
[476.061s][info][gc,phases      ] GC(1004) Phase 4: Move objects 0.012ms
[476.061s][info][gc,heap        ] GC(1004) DefNew: 487509K(629248K)->0K(629248K) Eden: 486460K(559360K)->0K(559360K) From: 1048K(69888K)->0K(69888K)
[476.061s][info][gc,heap        ] GC(1004) Tenured: 8509K(1398144K)->8510K(1398144K)
[476.061s][info][gc,metaspace   ] GC(1004) Metaspace: 14355K(15296K)->14355K(15296K) NonClass: 12388K(12992K)->12388K(12992K) Class: 1967K(2304K)->1967K(2304K)
[476.061s][info][gc             ] GC(1004) Pause Full (System.gc()) 484M->8M(1979M) 182.083ms
[476.061s][info][gc,cpu         ] GC(1004) User=0.17s Sys=0.00s Real=0.17s
[476.400s][info][gc,start       ] GC(1005) Pause Young (Allocation Failure)
[476.451s][info][gc,heap        ] GC(1005) DefNew: 559360K(629248K)->1515K(629248K) Eden: 559360K(559360K)->0K(559360K) From: 0K(69888K)->1515K(69888K)
[476.451s][info][gc,heap        ] GC(1005) Tenured: 8510K(1398144K)->8510K(1398144K)
[476.451s][info][gc,metaspace   ] GC(1005) Metaspace: 14355K(15296K)->14355K(15296K) NonClass: 12388K(12992K)->12388K(12992K) Class: 1967K(2304K)->1967K(2304K)
[476.451s][info][gc             ] GC(1005) Pause Young (Allocation Failure) 554M->9M(1979M) 51.365ms
[476.451s][info][gc,cpu         ] GC(1005) User=0.05s Sys=0.00s Real=0.05s
[476.852s][info][gc,start       ] GC(1006) Pause Young (Allocation Failure)
[476.911s][info][gc,heap        ] GC(1006) DefNew: 560875K(629248K)->1577K(629248K) Eden: 559360K(559360K)->0K(559360K) From: 1515K(69888K)->1577K(69888K)
[476.911s][info][gc,heap        ] GC(1006) Tenured: 8510K(1398144K)->8510K(1398144K)
[476.911s][info][gc,metaspace   ] GC(1006) Metaspace: 14355K(15296K)->14355K(15296K) NonClass: 12388K(12992K)->12388K(12992K) Class: 1967K(2304K)->1967K(2304K)
[476.911s][info][gc             ] GC(1006) Pause Young (Allocation Failure) 556M->9M(1979M) 58.907ms
[476.911s][info][gc,cpu         ] GC(1006) User=0.05s Sys=0.00s Real=0.05s
[477.306s][info][gc,start       ] GC(1007) Pause Young (Allocation Failure)
[477.365s][info][gc,heap        ] GC(1007) DefNew: 560937K(629248K)->1639K(629248K) Eden: 559360K(559360K)->0K(559360K) From: 1577K(69888K)->1639K(69888K)
[477.365s][info][gc,heap        ] GC(1007) Tenured: 8510K(1398144K)->8510K(1398144K)
[477.365s][info][gc,metaspace   ] GC(1007) Metaspace: 14355K(15296K)->14355K(15296K) NonClass: 12388K(12992K)->12388K(12992K) Class: 1967K(2304K)->1967K(2304K)
[477.365s][info][gc             ] GC(1007) Pause Young (Allocation Failure) 556M->9M(1979M) 59.439ms
[477.366s][info][gc,cpu         ] GC(1007) User=0.05s Sys=0.00s Real=0.04s
[477.758s][info][gc,start       ] GC(1008) Pause Young (Allocation Failure)
[477.817s][info][gc,heap        ] GC(1008) DefNew: 560999K(629248K)->1702K(629248K) Eden: 559360K(559360K)->0K(559360K) From: 1639K(69888K)->1702K(69888K)
[477.817s][info][gc,heap        ] GC(1008) Tenured: 8510K(1398144K)->8510K(1398144K)
[477.817s][info][gc,metaspace   ] GC(1008) Metaspace: 14355K(15296K)->14355K(15296K) NonClass: 12388K(12992K)->12388K(12992K) Class: 1967K(2304K)->1967K(2304K)
[477.817s][info][gc             ] GC(1008) Pause Young (Allocation Failure) 556M->9M(1979M) 59.136ms
[477.817s][info][gc,cpu         ] GC(1008) User=0.05s Sys=0.00s Real=0.06s
[478.221s][info][gc,start       ] GC(1009) Pause Young (Allocation Failure)
[478.283s][info][gc,heap        ] GC(1009) DefNew: 561062K(629248K)->1764K(629248K) Eden: 559360K(559360K)->0K(559360K) From: 1702K(69888K)->1764K(69888K)
[478.283s][info][gc,heap        ] GC(1009) Tenured: 8510K(1398144K)->8510K(1398144K)
[478.283s][info][gc,metaspace   ] GC(1009) Metaspace: 14355K(15296K)->14355K(15296K) NonClass: 12388K(12992K)->12388K(12992K) Class: 1967K(2304K)->1967K(2304K)
[478.283s][info][gc             ] GC(1009) Pause Young (Allocation Failure) 556M->10M(1979M) 62.458ms
[478.283s][info][gc,cpu         ] GC(1009) User=0.06s Sys=0.00s Real=0.06s
[478.662s][info][gc,start       ] GC(1010) Pause Young (Allocation Failure)
[478.723s][info][gc,heap        ] GC(1010) DefNew: 561124K(629248K)->1823K(629248K) Eden: 559360K(559360K)->0K(559360K) From: 1764K(69888K)->1823K(69888K)
[478.724s][info][gc,heap        ] GC(1010) Tenured: 8510K(1398144K)->8510K(1398144K)
[478.724s][info][gc,metaspace   ] GC(1010) Metaspace: 14355K(15296K)->14355K(15296K) NonClass: 12388K(12992K)->12388K(12992K) Class: 1967K(2304K)->1967K(2304K)
[478.724s][info][gc             ] GC(1010) Pause Young (Allocation Failure) 556M->10M(1979M) 62.070ms
[478.724s][info][gc,cpu         ] GC(1010) User=0.05s Sys=0.00s Real=0.06s
[479.237s][info][gc,start       ] GC(1011) Pause Young (Allocation Failure)
[479.303s][info][gc,heap        ] GC(1011) DefNew: 561183K(629248K)->1885K(629248K) Eden: 559360K(559360K)->0K(559360K) From: 1823K(69888K)->1885K(69888K)
[479.303s][info][gc,heap        ] GC(1011) Tenured: 8510K(1398144K)->8510K(1398144K)
[479.303s][info][gc,metaspace   ] GC(1011) Metaspace: 14355K(15296K)->14355K(15296K) NonClass: 12388K(12992K)->12388K(12992K) Class: 1967K(2304K)->1967K(2304K)
[479.303s][info][gc             ] GC(1011) Pause Young (Allocation Failure) 556M->10M(1979M) 65.672ms
[479.303s][info][gc,cpu         ] GC(1011) User=0.06s Sys=0.00s Real=0.07s
[479.692s][info][gc,start       ] GC(1012) Pause Young (Allocation Failure)
[479.749s][info][gc,heap        ] GC(1012) DefNew: 561245K(629248K)->1942K(629248K) Eden: 559360K(559360K)->0K(559360K) From: 1885K(69888K)->1942K(69888K)
[479.749s][info][gc,heap        ] GC(1012) Tenured: 8510K(1398144K)->8510K(1398144K)
[479.749s][info][gc,metaspace   ] GC(1012) Metaspace: 14355K(15296K)->14355K(15296K) NonClass: 12388K(12992K)->12388K(12992K) Class: 1967K(2304K)->1967K(2304K)
[479.749s][info][gc             ] GC(1012) Pause Young (Allocation Failure) 556M->10M(1979M) 57.393ms
[479.749s][info][gc,cpu         ] GC(1012) User=0.05s Sys=0.00s Real=0.05s
[480.141s][info][gc,start       ] GC(1013) Pause Young (Allocation Failure)
[480.197s][info][gc,heap        ] GC(1013) DefNew: 561302K(629248K)->2005K(629248K) Eden: 559360K(559360K)->0K(559360K) From: 1942K(69888K)->2005K(69888K)
[480.197s][info][gc,heap        ] GC(1013) Tenured: 8510K(1398144K)->8510K(1398144K)
[480.197s][info][gc,metaspace   ] GC(1013) Metaspace: 14355K(15296K)->14355K(15296K) NonClass: 12388K(12992K)->12388K(12992K) Class: 1967K(2304K)->1967K(2304K)
[480.197s][info][gc             ] GC(1013) Pause Young (Allocation Failure) 556M->10M(1979M) 55.611ms
[480.197s][info][gc,cpu         ] GC(1013) User=0.05s Sys=0.00s Real=0.05s
[480.653s][info][gc,start       ] GC(1014) Pause Young (Allocation Failure)
[480.701s][info][gc,heap        ] GC(1014) DefNew: 561365K(629248K)->2078K(629248K) Eden: 559360K(559360K)->0K(559360K) From: 2005K(69888K)->2078K(69888K)
[480.701s][info][gc,heap        ] GC(1014) Tenured: 8510K(1398144K)->8510K(1398144K)
[480.701s][info][gc,metaspace   ] GC(1014) Metaspace: 14355K(15296K)->14355K(15296K) NonClass: 12388K(12992K)->12388K(12992K) Class: 1967K(2304K)->1967K(2304K)
[480.701s][info][gc             ] GC(1014) Pause Young (Allocation Failure) 556M->10M(1979M) 48.278ms
[480.701s][info][gc,cpu         ] GC(1014) User=0.05s Sys=0.00s Real=0.05s
[481.124s][info][gc,start       ] GC(1015) Pause Young (Allocation Failure)
[481.172s][info][gc,heap        ] GC(1015) DefNew: 561438K(629248K)->2147K(629248K) Eden: 559360K(559360K)->0K(559360K) From: 2078K(69888K)->2147K(69888K)
[481.172s][info][gc,heap        ] GC(1015) Tenured: 8510K(1398144K)->8510K(1398144K)
[481.172s][info][gc,metaspace   ] GC(1015) Metaspace: 14355K(15296K)->14355K(15296K) NonClass: 12388K(12992K)->12388K(12992K) Class: 1967K(2304K)->1967K(2304K)
[481.172s][info][gc             ] GC(1015) Pause Young (Allocation Failure) 556M->10M(1979M) 48.263ms
[481.172s][info][gc,cpu         ] GC(1015) User=0.05s Sys=0.00s Real=0.04s
[481.573s][info][gc,start       ] GC(1016) Pause Young (Allocation Failure)
[481.621s][info][gc,heap        ] GC(1016) DefNew: 561507K(629248K)->2209K(629248K) Eden: 559360K(559360K)->0K(559360K) From: 2147K(69888K)->2209K(69888K)
[481.621s][info][gc,heap        ] GC(1016) Tenured: 8510K(1398144K)->8510K(1398144K)
[481.621s][info][gc,metaspace   ] GC(1016) Metaspace: 14355K(15296K)->14355K(15296K) NonClass: 12388K(12992K)->12388K(12992K) Class: 1967K(2304K)->1967K(2304K)
[481.621s][info][gc             ] GC(1016) Pause Young (Allocation Failure) 556M->10M(1979M) 47.367ms
[481.621s][info][gc,cpu         ] GC(1016) User=0.03s Sys=0.00s Real=0.04s
[482.038s][info][gc,start       ] GC(1017) Pause Young (Allocation Failure)
[482.102s][info][gc,heap        ] GC(1017) DefNew: 561569K(629248K)->2275K(629248K) Eden: 559360K(559360K)->0K(559360K) From: 2209K(69888K)->2275K(69888K)
[482.102s][info][gc,heap        ] GC(1017) Tenured: 8510K(1398144K)->8510K(1398144K)
[482.102s][info][gc,metaspace   ] GC(1017) Metaspace: 14355K(15296K)->14355K(15296K) NonClass: 12388K(12992K)->12388K(12992K) Class: 1967K(2304K)->1967K(2304K)
[482.102s][info][gc             ] GC(1017) Pause Young (Allocation Failure) 556M->10M(1979M) 64.606ms
[482.103s][info][gc,cpu         ] GC(1017) User=0.05s Sys=0.00s Real=0.05s
[482.486s][info][gc,start       ] GC(1018) Pause Young (Allocation Failure)
[482.548s][info][gc,heap        ] GC(1018) DefNew: 561635K(629248K)->2337K(629248K) Eden: 559360K(559360K)->0K(559360K) From: 2275K(69888K)->2337K(69888K)
[482.548s][info][gc,heap        ] GC(1018) Tenured: 8510K(1398144K)->8510K(1398144K)
[482.548s][info][gc,metaspace   ] GC(1018) Metaspace: 14355K(15296K)->14355K(15296K) NonClass: 12388K(12992K)->12388K(12992K) Class: 1967K(2304K)->1967K(2304K)
[482.548s][info][gc             ] GC(1018) Pause Young (Allocation Failure) 556M->10M(1979M) 61.986ms
[482.548s][info][gc,cpu         ] GC(1018) User=0.06s Sys=0.00s Real=0.06s
[482.948s][info][gc,start       ] GC(1019) Pause Young (Allocation Failure)
[483.005s][info][gc,heap        ] GC(1019) DefNew: 561697K(629248K)->2399K(629248K) Eden: 559360K(559360K)->0K(559360K) From: 2337K(69888K)->2399K(69888K)
[483.005s][info][gc,heap        ] GC(1019) Tenured: 8510K(1398144K)->8510K(1398144K)
[483.005s][info][gc,metaspace   ] GC(1019) Metaspace: 14355K(15296K)->14355K(15296K) NonClass: 12388K(12992K)->12388K(12992K) Class: 1967K(2304K)->1967K(2304K)
[483.005s][info][gc             ] GC(1019) Pause Young (Allocation Failure) 556M->10M(1979M) 57.069ms
[483.005s][info][gc,cpu         ] GC(1019) User=0.05s Sys=0.00s Real=0.05s
[483.449s][info][gc,start       ] GC(1020) Pause Young (Allocation Failure)
[483.512s][info][gc,heap        ] GC(1020) DefNew: 561759K(629248K)->960K(629248K) Eden: 559360K(559360K)->0K(559360K) From: 2399K(69888K)->960K(69888K)
[483.512s][info][gc,heap        ] GC(1020) Tenured: 8510K(1398144K)->10017K(1398144K)
[483.512s][info][gc,metaspace   ] GC(1020) Metaspace: 14355K(15296K)->14355K(15296K) NonClass: 12388K(12992K)->12388K(12992K) Class: 1967K(2304K)->1967K(2304K)
[483.512s][info][gc             ] GC(1020) Pause Young (Allocation Failure) 556M->10M(1979M) 62.617ms
[483.512s][info][gc,cpu         ] GC(1020) User=0.05s Sys=0.00s Real=0.05s
[483.954s][info][gc,start       ] GC(1021) Pause Young (Allocation Failure)
[484.016s][info][gc,heap        ] GC(1021) DefNew: 560320K(629248K)->966K(629248K) Eden: 559360K(559360K)->0K(559360K) From: 960K(69888K)->966K(69888K)
[484.016s][info][gc,heap        ] GC(1021) Tenured: 10017K(1398144K)->10079K(1398144K)
[484.016s][info][gc,metaspace   ] GC(1021) Metaspace: 14355K(15296K)->14355K(15296K) NonClass: 12388K(12992K)->12388K(12992K) Class: 1967K(2304K)->1967K(2304K)
[484.016s][info][gc             ] GC(1021) Pause Young (Allocation Failure) 556M->10M(1979M) 61.664ms
[484.016s][info][gc,cpu         ] GC(1021) User=0.06s Sys=0.00s Real=0.06s
[484.457s][info][gc,start       ] GC(1022) Pause Young (Allocation Failure)
[484.520s][info][gc,heap        ] GC(1022) DefNew: 560326K(629248K)->971K(629248K) Eden: 559360K(559360K)->0K(559360K) From: 966K(69888K)->971K(69888K)
[484.520s][info][gc,heap        ] GC(1022) Tenured: 10079K(1398144K)->10141K(1398144K)
[484.520s][info][gc,metaspace   ] GC(1022) Metaspace: 14355K(15296K)->14355K(15296K) NonClass: 12388K(12992K)->12388K(12992K) Class: 1967K(2304K)->1967K(2304K)
[484.520s][info][gc             ] GC(1022) Pause Young (Allocation Failure) 557M->10M(1979M) 62.824ms
[484.520s][info][gc,cpu         ] GC(1022) User=0.06s Sys=0.00s Real=0.06s
[484.963s][info][gc,start       ] GC(1023) Pause Young (Allocation Failure)
[485.026s][info][gc,heap        ] GC(1023) DefNew: 560331K(629248K)->980K(629248K) Eden: 559360K(559360K)->0K(559360K) From: 971K(69888K)->980K(69888K)
[485.026s][info][gc,heap        ] GC(1023) Tenured: 10141K(1398144K)->10203K(1398144K)
[485.026s][info][gc,metaspace   ] GC(1023) Metaspace: 14355K(15296K)->14355K(15296K) NonClass: 12388K(12992K)->12388K(12992K) Class: 1967K(2304K)->1967K(2304K)
[485.026s][info][gc             ] GC(1023) Pause Young (Allocation Failure) 557M->10M(1979M) 63.057ms
[485.026s][info][gc,cpu         ] GC(1023) User=0.05s Sys=0.00s Real=0.05s
[485.509s][info][gc,start       ] GC(1024) Pause Young (Allocation Failure)
[485.570s][info][gc,heap        ] GC(1024) DefNew: 560340K(629248K)->990K(629248K) Eden: 559360K(559360K)->0K(559360K) From: 980K(69888K)->990K(69888K)
[485.570s][info][gc,heap        ] GC(1024) Tenured: 10203K(1398144K)->10266K(1398144K)
[485.570s][info][gc,metaspace   ] GC(1024) Metaspace: 14355K(15296K)->14355K(15296K) NonClass: 12388K(12992K)->12388K(12992K) Class: 1967K(2304K)->1967K(2304K)
[485.570s][info][gc             ] GC(1024) Pause Young (Allocation Failure) 557M->10M(1979M) 61.284ms
[485.570s][info][gc,cpu         ] GC(1024) User=0.06s Sys=0.00s Real=0.06s
[486.028s][info][gc,start       ] GC(1025) Pause Young (Allocation Failure)
[486.075s][info][gc,heap        ] GC(1025) DefNew: 560350K(629248K)->1001K(629248K) Eden: 559360K(559360K)->0K(559360K) From: 990K(69888K)->1001K(69888K)
[486.075s][info][gc,heap        ] GC(1025) Tenured: 10266K(1398144K)->10324K(1398144K)
[486.075s][info][gc,metaspace   ] GC(1025) Metaspace: 14355K(15296K)->14355K(15296K) NonClass: 12388K(12992K)->12388K(12992K) Class: 1967K(2304K)->1967K(2304K)
[486.075s][info][gc             ] GC(1025) Pause Young (Allocation Failure) 557M->11M(1979M) 46.725ms
[486.075s][info][gc,cpu         ] GC(1025) User=0.05s Sys=0.00s Real=0.05s
[486.537s][info][gc,start       ] GC(1026) Pause Young (Allocation Failure)
[486.583s][info][gc,heap        ] GC(1026) DefNew: 560361K(629248K)->1015K(629248K) Eden: 559360K(559360K)->0K(559360K) From: 1001K(69888K)->1015K(69888K)
[486.583s][info][gc,heap        ] GC(1026) Tenured: 10324K(1398144K)->10386K(1398144K)
[486.583s][info][gc,metaspace   ] GC(1026) Metaspace: 14355K(15296K)->14355K(15296K) NonClass: 12388K(12992K)->12388K(12992K) Class: 1967K(2304K)->1967K(2304K)
[486.583s][info][gc             ] GC(1026) Pause Young (Allocation Failure) 557M->11M(1979M) 46.069ms
[486.583s][info][gc,cpu         ] GC(1026) User=0.05s Sys=0.00s Real=0.04s
[487.026s][info][gc,start       ] GC(1027) Pause Young (Allocation Failure)
[487.087s][info][gc,heap        ] GC(1027) DefNew: 560375K(629248K)->1029K(629248K) Eden: 559360K(559360K)->0K(559360K) From: 1015K(69888K)->1029K(69888K)
[487.087s][info][gc,heap        ] GC(1027) Tenured: 10386K(1398144K)->10443K(1398144K)
[487.087s][info][gc,metaspace   ] GC(1027) Metaspace: 14355K(15296K)->14355K(15296K) NonClass: 12388K(12992K)->12388K(12992K) Class: 1967K(2304K)->1967K(2304K)
[487.087s][info][gc             ] GC(1027) Pause Young (Allocation Failure) 557M->11M(1979M) 61.874ms
[487.087s][info][gc,cpu         ] GC(1027) User=0.06s Sys=0.00s Real=0.06s
[487.525s][info][gc,start       ] GC(1028) Pause Young (Allocation Failure)
[487.588s][info][gc,heap        ] GC(1028) DefNew: 560389K(629248K)->1035K(629248K) Eden: 559360K(559360K)->0K(559360K) From: 1029K(69888K)->1035K(69888K)
[487.588s][info][gc,heap        ] GC(1028) Tenured: 10443K(1398144K)->10505K(1398144K)
[487.588s][info][gc,metaspace   ] GC(1028) Metaspace: 14355K(15296K)->14355K(15296K) NonClass: 12388K(12992K)->12388K(12992K) Class: 1967K(2304K)->1967K(2304K)
[487.588s][info][gc             ] GC(1028) Pause Young (Allocation Failure) 557M->11M(1979M) 62.795ms
[487.588s][info][gc,cpu         ] GC(1028) User=0.05s Sys=0.00s Real=0.05s
[488.024s][info][gc,start       ] GC(1029) Pause Young (Allocation Failure)
[488.087s][info][gc,heap        ] GC(1029) DefNew: 560395K(629248K)->1030K(629248K) Eden: 559360K(559360K)->0K(559360K) From: 1035K(69888K)->1030K(69888K)
[488.087s][info][gc,heap        ] GC(1029) Tenured: 10505K(1398144K)->10580K(1398144K)
[488.087s][info][gc,metaspace   ] GC(1029) Metaspace: 14355K(15296K)->14355K(15296K) NonClass: 12388K(12992K)->12388K(12992K) Class: 1967K(2304K)->1967K(2304K)
[488.087s][info][gc             ] GC(1029) Pause Young (Allocation Failure) 557M->11M(1979M) 63.803ms
[488.087s][info][gc,cpu         ] GC(1029) User=0.06s Sys=0.00s Real=0.06s
[488.572s][info][gc,start       ] GC(1030) Pause Young (Allocation Failure)
[488.640s][info][gc,heap        ] GC(1030) DefNew: 560390K(629248K)->1030K(629248K) Eden: 559360K(559360K)->0K(559360K) From: 1030K(69888K)->1030K(69888K)
[488.640s][info][gc,heap        ] GC(1030) Tenured: 10580K(1398144K)->10648K(1398144K)
[488.640s][info][gc,metaspace   ] GC(1030) Metaspace: 14355K(15296K)->14355K(15296K) NonClass: 12388K(12992K)->12388K(12992K) Class: 1967K(2304K)->1967K(2304K)
[488.640s][info][gc             ] GC(1030) Pause Young (Allocation Failure) 557M->11M(1979M) 68.009ms
[488.640s][info][gc,cpu         ] GC(1030) User=0.06s Sys=0.00s Real=0.06s
[489.101s][info][gc,start       ] GC(1031) Pause Young (Allocation Failure)
[489.147s][info][gc,heap        ] GC(1031) DefNew: 560390K(629248K)->1040K(629248K) Eden: 559360K(559360K)->0K(559360K) From: 1030K(69888K)->1040K(69888K)
[489.147s][info][gc,heap        ] GC(1031) Tenured: 10648K(1398144K)->10710K(1398144K)
[489.147s][info][gc,metaspace   ] GC(1031) Metaspace: 14355K(15296K)->14355K(15296K) NonClass: 12388K(12992K)->12388K(12992K) Class: 1967K(2304K)->1967K(2304K)
[489.148s][info][gc             ] GC(1031) Pause Young (Allocation Failure) 557M->11M(1979M) 46.163ms
[489.148s][info][gc,cpu         ] GC(1031) User=0.05s Sys=0.00s Real=0.04s
[489.608s][info][gc,start       ] GC(1032) Pause Young (Allocation Failure)
[489.653s][info][gc,heap        ] GC(1032) DefNew: 560400K(629248K)->1047K(629248K) Eden: 559360K(559360K)->0K(559360K) From: 1040K(69888K)->1047K(69888K)
[489.653s][info][gc,heap        ] GC(1032) Tenured: 10710K(1398144K)->10775K(1398144K)
[489.654s][info][gc,metaspace   ] GC(1032) Metaspace: 14355K(15296K)->14355K(15296K) NonClass: 12388K(12992K)->12388K(12992K) Class: 1967K(2304K)->1967K(2304K)
[489.654s][info][gc             ] GC(1032) Pause Young (Allocation Failure) 557M->11M(1979M) 45.687ms
[489.654s][info][gc,cpu         ] GC(1032) User=0.03s Sys=0.00s Real=0.03s
[490.092s][info][gc,start       ] GC(1033) Pause Young (Allocation Failure)
[490.141s][info][gc,heap        ] GC(1033) DefNew: 560407K(629248K)->1053K(629248K) Eden: 559360K(559360K)->0K(559360K) From: 1047K(69888K)->1053K(69888K)
[490.141s][info][gc,heap        ] GC(1033) Tenured: 10775K(1398144K)->10837K(1398144K)
[490.141s][info][gc,metaspace   ] GC(1033) Metaspace: 14355K(15296K)->14355K(15296K) NonClass: 12388K(12992K)->12388K(12992K) Class: 1967K(2304K)->1967K(2304K)
[490.141s][info][gc             ] GC(1033) Pause Young (Allocation Failure) 557M->11M(1979M) 48.560ms
[490.141s][info][gc,cpu         ] GC(1033) User=0.05s Sys=0.00s Real=0.05s
[490.577s][info][gc,start       ] GC(1034) Pause Young (Allocation Failure)
[490.625s][info][gc,heap        ] GC(1034) DefNew: 560413K(629248K)->1059K(629248K) Eden: 559360K(559360K)->0K(559360K) From: 1053K(69888K)->1059K(69888K)
[490.625s][info][gc,heap        ] GC(1034) Tenured: 10837K(1398144K)->10898K(1398144K)
[490.625s][info][gc,metaspace   ] GC(1034) Metaspace: 14355K(15296K)->14355K(15296K) NonClass: 12388K(12992K)->12388K(12992K) Class: 1967K(2304K)->1967K(2304K)
[490.625s][info][gc             ] GC(1034) Pause Young (Allocation Failure) 557M->11M(1979M) 47.800ms
[490.625s][info][gc,cpu         ] GC(1034) User=0.03s Sys=0.00s Real=0.03s
[491.066s][info][gc,start       ] GC(1035) Pause Young (Allocation Failure)
[491.114s][info][gc,heap        ] GC(1035) DefNew: 560419K(629248K)->1058K(629248K) Eden: 559360K(559360K)->0K(559360K) From: 1059K(69888K)->1058K(69888K)
[491.114s][info][gc,heap        ] GC(1035) Tenured: 10898K(1398144K)->10967K(1398144K)
[491.114s][info][gc,metaspace   ] GC(1035) Metaspace: 14355K(15296K)->14355K(15296K) NonClass: 12388K(12992K)->12388K(12992K) Class: 1967K(2304K)->1967K(2304K)
[491.114s][info][gc             ] GC(1035) Pause Young (Allocation Failure) 557M->11M(1979M) 48.847ms
[491.114s][info][gc,cpu         ] GC(1035) User=0.05s Sys=0.00s Real=0.05s
[491.558s][info][gc,start       ] GC(1036) Pause Young (Allocation Failure)
[491.611s][info][gc,heap        ] GC(1036) DefNew: 560418K(629248K)->1062K(629248K) Eden: 559360K(559360K)->0K(559360K) From: 1058K(69888K)->1062K(69888K)
[491.611s][info][gc,heap        ] GC(1036) Tenured: 10967K(1398144K)->11035K(1398144K)
[491.611s][info][gc,metaspace   ] GC(1036) Metaspace: 14355K(15296K)->14355K(15296K) NonClass: 12388K(12992K)->12388K(12992K) Class: 1967K(2304K)->1967K(2304K)
[491.611s][info][gc             ] GC(1036) Pause Young (Allocation Failure) 557M->11M(1979M) 52.692ms
[491.611s][info][gc,cpu         ] GC(1036) User=0.05s Sys=0.00s Real=0.04s
[492.069s][info][gc,start       ] GC(1037) Pause Young (Allocation Failure)
[492.127s][info][gc,heap        ] GC(1037) DefNew: 560422K(629248K)->1065K(629248K) Eden: 559360K(559360K)->0K(559360K) From: 1062K(69888K)->1065K(69888K)
[492.127s][info][gc,heap        ] GC(1037) Tenured: 11035K(1398144K)->11103K(1398144K)
[492.127s][info][gc,metaspace   ] GC(1037) Metaspace: 14355K(15296K)->14355K(15296K) NonClass: 12388K(12992K)->12388K(12992K) Class: 1967K(2304K)->1967K(2304K)
[492.127s][info][gc             ] GC(1037) Pause Young (Allocation Failure) 558M->11M(1979M) 57.971ms
[492.127s][info][gc,cpu         ] GC(1037) User=0.05s Sys=0.00s Real=0.06s
[492.592s][info][gc,start       ] GC(1038) Pause Young (Allocation Failure)
[492.650s][info][gc,heap        ] GC(1038) DefNew: 560425K(629248K)->1068K(629248K) Eden: 559360K(559360K)->0K(559360K) From: 1065K(69888K)->1068K(69888K)
[492.650s][info][gc,heap        ] GC(1038) Tenured: 11103K(1398144K)->11174K(1398144K)
[492.650s][info][gc,metaspace   ] GC(1038) Metaspace: 14355K(15296K)->14355K(15296K) NonClass: 12388K(12992K)->12388K(12992K) Class: 1967K(2304K)->1967K(2304K)
[492.650s][info][gc             ] GC(1038) Pause Young (Allocation Failure) 558M->11M(1979M) 58.346ms
[492.650s][info][gc,cpu         ] GC(1038) User=0.05s Sys=0.00s Real=0.04s
[493.092s][info][gc,start       ] GC(1039) Pause Young (Allocation Failure)
[493.152s][info][gc,heap        ] GC(1039) DefNew: 560428K(629248K)->1069K(629248K) Eden: 559360K(559360K)->0K(559360K) From: 1068K(69888K)->1069K(69888K)
[493.152s][info][gc,heap        ] GC(1039) Tenured: 11174K(1398144K)->11245K(1398144K)
[493.152s][info][gc,metaspace   ] GC(1039) Metaspace: 14355K(15296K)->14355K(15296K) NonClass: 12388K(12992K)->12388K(12992K) Class: 1967K(2304K)->1967K(2304K)
[493.152s][info][gc             ] GC(1039) Pause Young (Allocation Failure) 558M->12M(1979M) 60.095ms
[493.152s][info][gc,cpu         ] GC(1039) User=0.05s Sys=0.00s Real=0.05s
[493.593s][info][gc,start       ] GC(1040) Pause Young (Allocation Failure)
[493.656s][info][gc,heap        ] GC(1040) DefNew: 560429K(629248K)->1066K(629248K) Eden: 559360K(559360K)->0K(559360K) From: 1069K(69888K)->1066K(69888K)
[493.656s][info][gc,heap        ] GC(1040) Tenured: 11245K(1398144K)->11316K(1398144K)
[493.656s][info][gc,metaspace   ] GC(1040) Metaspace: 14355K(15296K)->14355K(15296K) NonClass: 12388K(12992K)->12388K(12992K) Class: 1967K(2304K)->1967K(2304K)
[493.656s][info][gc             ] GC(1040) Pause Young (Allocation Failure) 558M->12M(1979M) 62.764ms
[493.656s][info][gc,cpu         ] GC(1040) User=0.06s Sys=0.00s Real=0.06s
[494.102s][info][gc,start       ] GC(1041) Pause Young (Allocation Failure)
[494.167s][info][gc,heap        ] GC(1041) DefNew: 560426K(629248K)->1061K(629248K) Eden: 559360K(559360K)->0K(559360K) From: 1066K(69888K)->1061K(69888K)
[494.167s][info][gc,heap        ] GC(1041) Tenured: 11316K(1398144K)->11390K(1398144K)
[494.167s][info][gc,metaspace   ] GC(1041) Metaspace: 14355K(15296K)->14355K(15296K) NonClass: 12388K(12992K)->12388K(12992K) Class: 1967K(2304K)->1967K(2304K)
[494.167s][info][gc             ] GC(1041) Pause Young (Allocation Failure) 558M->12M(1979M) 65.451ms
[494.168s][info][gc,cpu         ] GC(1041) User=0.05s Sys=0.00s Real=0.05s
[494.630s][info][gc,start       ] GC(1042) Pause Young (Allocation Failure)
[494.698s][info][gc,heap        ] GC(1042) DefNew: 560421K(629248K)->1063K(629248K) Eden: 559360K(559360K)->0K(559360K) From: 1061K(69888K)->1063K(69888K)
[494.698s][info][gc,heap        ] GC(1042) Tenured: 11390K(1398144K)->11461K(1398144K)
[494.698s][info][gc,metaspace   ] GC(1042) Metaspace: 14355K(15296K)->14355K(15296K) NonClass: 12388K(12992K)->12388K(12992K) Class: 1967K(2304K)->1967K(2304K)
[494.698s][info][gc             ] GC(1042) Pause Young (Allocation Failure) 558M->12M(1979M) 68.201ms
[494.698s][info][gc,cpu         ] GC(1042) User=0.06s Sys=0.00s Real=0.07s
[495.190s][info][gc,start       ] GC(1043) Pause Young (Allocation Failure)
[495.248s][info][gc,heap        ] GC(1043) DefNew: 560423K(629248K)->1068K(629248K) Eden: 559360K(559360K)->0K(559360K) From: 1063K(69888K)->1068K(69888K)
[495.248s][info][gc,heap        ] GC(1043) Tenured: 11461K(1398144K)->11533K(1398144K)
[495.248s][info][gc,metaspace   ] GC(1043) Metaspace: 14355K(15296K)->14355K(15296K) NonClass: 12388K(12992K)->12388K(12992K) Class: 1967K(2304K)->1967K(2304K)
[495.248s][info][gc             ] GC(1043) Pause Young (Allocation Failure) 558M->12M(1979M) 57.667ms
[495.248s][info][gc,cpu         ] GC(1043) User=0.03s Sys=0.00s Real=0.04s
[495.729s][info][gc,start       ] GC(1044) Pause Young (Allocation Failure)
[495.793s][info][gc,heap        ] GC(1044) DefNew: 560428K(629248K)->1076K(629248K) Eden: 559360K(559360K)->0K(559360K) From: 1068K(69888K)->1076K(69888K)
[495.793s][info][gc,heap        ] GC(1044) Tenured: 11533K(1398144K)->11601K(1398144K)
[495.793s][info][gc,metaspace   ] GC(1044) Metaspace: 14355K(15296K)->14355K(15296K) NonClass: 12388K(12992K)->12388K(12992K) Class: 1967K(2304K)->1967K(2304K)
[495.793s][info][gc             ] GC(1044) Pause Young (Allocation Failure) 558M->12M(1979M) 63.706ms
[495.793s][info][gc,cpu         ] GC(1044) User=0.05s Sys=0.00s Real=0.05s
[496.197s][info][gc,start       ] GC(1045) Pause Full (System.gc())
[496.197s][info][gc,phases,start] GC(1045) Phase 1: Mark live objects
[496.255s][info][gc,phases      ] GC(1045) Phase 1: Mark live objects 58.077ms
[496.255s][info][gc,phases,start] GC(1045) Phase 2: Compute new object addresses
[496.343s][info][gc,phases      ] GC(1045) Phase 2: Compute new object addresses 87.649ms
[496.343s][info][gc,phases,start] GC(1045) Phase 3: Adjust pointers
[496.368s][info][gc,phases      ] GC(1045) Phase 3: Adjust pointers 25.004ms
[496.368s][info][gc,phases,start] GC(1045) Phase 4: Move objects
[496.368s][info][gc,phases      ] GC(1045) Phase 4: Move objects 0.013ms
[496.368s][info][gc,heap        ] GC(1045) DefNew: 374806K(629248K)->0K(629248K) Eden: 373729K(559360K)->0K(559360K) From: 1076K(69888K)->0K(69888K)
[496.368s][info][gc,heap        ] GC(1045) Tenured: 11601K(1398144K)->11601K(1398144K)
[496.368s][info][gc,metaspace   ] GC(1045) Metaspace: 14355K(15296K)->14355K(15296K) NonClass: 12388K(12992K)->12388K(12992K) Class: 1967K(2304K)->1967K(2304K)
[496.368s][info][gc             ] GC(1045) Pause Full (System.gc()) 377M->11M(1979M) 171.162ms
[496.368s][info][gc,cpu         ] GC(1045) User=0.17s Sys=0.00s Real=0.17s
[496.705s][info][gc,start       ] GC(1046) Pause Young (Allocation Failure)
[496.760s][info][gc,heap        ] GC(1046) DefNew: 559360K(629248K)->1512K(629248K) Eden: 559360K(559360K)->0K(559360K) From: 0K(69888K)->1512K(69888K)
[496.760s][info][gc,heap        ] GC(1046) Tenured: 11601K(1398144K)->11601K(1398144K)
[496.760s][info][gc,metaspace   ] GC(1046) Metaspace: 14356K(15296K)->14356K(15296K) NonClass: 12388K(12992K)->12388K(12992K) Class: 1967K(2304K)->1967K(2304K)
[496.760s][info][gc             ] GC(1046) Pause Young (Allocation Failure) 557M->12M(1979M) 54.223ms
[496.760s][info][gc,cpu         ] GC(1046) User=0.05s Sys=0.00s Real=0.05s
[497.158s][info][gc,start       ] GC(1047) Pause Young (Allocation Failure)
[497.217s][info][gc,heap        ] GC(1047) DefNew: 560872K(629248K)->1574K(629248K) Eden: 559360K(559360K)->0K(559360K) From: 1512K(69888K)->1574K(69888K)
[497.217s][info][gc,heap        ] GC(1047) Tenured: 11601K(1398144K)->11601K(1398144K)
[497.217s][info][gc,metaspace   ] GC(1047) Metaspace: 14356K(15296K)->14356K(15296K) NonClass: 12388K(12992K)->12388K(12992K) Class: 1967K(2304K)->1967K(2304K)
[497.217s][info][gc             ] GC(1047) Pause Young (Allocation Failure) 559M->12M(1979M) 59.246ms
[497.217s][info][gc,cpu         ] GC(1047) User=0.06s Sys=0.00s Real=0.05s
[497.628s][info][gc,start       ] GC(1048) Pause Young (Allocation Failure)
[497.691s][info][gc,heap        ] GC(1048) DefNew: 560934K(629248K)->1638K(629248K) Eden: 559360K(559360K)->0K(559360K) From: 1574K(69888K)->1638K(69888K)
[497.691s][info][gc,heap        ] GC(1048) Tenured: 11601K(1398144K)->11601K(1398144K)
[497.691s][info][gc,metaspace   ] GC(1048) Metaspace: 14356K(15296K)->14356K(15296K) NonClass: 12388K(12992K)->12388K(12992K) Class: 1967K(2304K)->1967K(2304K)
[497.691s][info][gc             ] GC(1048) Pause Young (Allocation Failure) 559M->12M(1979M) 63.067ms
[497.691s][info][gc,cpu         ] GC(1048) User=0.05s Sys=0.00s Real=0.06s
[498.110s][info][gc,start       ] GC(1049) Pause Young (Allocation Failure)
[498.174s][info][gc,heap        ] GC(1049) DefNew: 560998K(629248K)->1704K(629248K) Eden: 559360K(559360K)->0K(559360K) From: 1638K(69888K)->1704K(69888K)
[498.174s][info][gc,heap        ] GC(1049) Tenured: 11601K(1398144K)->11601K(1398144K)
[498.174s][info][gc,metaspace   ] GC(1049) Metaspace: 14356K(15296K)->14356K(15296K) NonClass: 12388K(12992K)->12388K(12992K) Class: 1967K(2304K)->1967K(2304K)
[498.174s][info][gc             ] GC(1049) Pause Young (Allocation Failure) 559M->12M(1979M) 64.470ms
[498.175s][info][gc,cpu         ] GC(1049) User=0.06s Sys=0.00s Real=0.05s
[498.573s][info][gc,start       ] GC(1050) Pause Young (Allocation Failure)
[498.634s][info][gc,heap        ] GC(1050) DefNew: 561064K(629248K)->1765K(629248K) Eden: 559360K(559360K)->0K(559360K) From: 1704K(69888K)->1765K(69888K)
[498.634s][info][gc,heap        ] GC(1050) Tenured: 11601K(1398144K)->11601K(1398144K)
[498.634s][info][gc,metaspace   ] GC(1050) Metaspace: 14356K(15296K)->14356K(15296K) NonClass: 12388K(12992K)->12388K(12992K) Class: 1967K(2304K)->1967K(2304K)
[498.635s][info][gc             ] GC(1050) Pause Young (Allocation Failure) 559M->13M(1979M) 61.972ms
[498.635s][info][gc,cpu         ] GC(1050) User=0.05s Sys=0.00s Real=0.05s
[499.040s][info][gc,start       ] GC(1051) Pause Young (Allocation Failure)
[499.089s][info][gc,heap        ] GC(1051) DefNew: 561125K(629248K)->1829K(629248K) Eden: 559360K(559360K)->0K(559360K) From: 1765K(69888K)->1829K(69888K)
[499.090s][info][gc,heap        ] GC(1051) Tenured: 11601K(1398144K)->11601K(1398144K)
[499.090s][info][gc,metaspace   ] GC(1051) Metaspace: 14356K(15296K)->14356K(15296K) NonClass: 12388K(12992K)->12388K(12992K) Class: 1967K(2304K)->1967K(2304K)
[499.090s][info][gc             ] GC(1051) Pause Young (Allocation Failure) 559M->13M(1979M) 49.480ms
[499.090s][info][gc,cpu         ] GC(1051) User=0.05s Sys=0.00s Real=0.05s
[499.512s][info][gc,start       ] GC(1052) Pause Young (Allocation Failure)
[499.565s][info][gc,heap        ] GC(1052) DefNew: 561189K(629248K)->1899K(629248K) Eden: 559360K(559360K)->0K(559360K) From: 1829K(69888K)->1899K(69888K)
[499.565s][info][gc,heap        ] GC(1052) Tenured: 11601K(1398144K)->11601K(1398144K)
[499.565s][info][gc,metaspace   ] GC(1052) Metaspace: 14356K(15296K)->14356K(15296K) NonClass: 12388K(12992K)->12388K(12992K) Class: 1967K(2304K)->1967K(2304K)
[499.565s][info][gc             ] GC(1052) Pause Young (Allocation Failure) 559M->13M(1979M) 53.012ms
[499.566s][info][gc,cpu         ] GC(1052) User=0.06s Sys=0.00s Real=0.05s
[499.981s][info][gc,start       ] GC(1053) Pause Young (Allocation Failure)
[500.041s][info][gc,heap        ] GC(1053) DefNew: 561259K(629248K)->1964K(629248K) Eden: 559360K(559360K)->0K(559360K) From: 1899K(69888K)->1964K(69888K)
[500.041s][info][gc,heap        ] GC(1053) Tenured: 11601K(1398144K)->11601K(1398144K)
[500.041s][info][gc,metaspace   ] GC(1053) Metaspace: 14356K(15296K)->14356K(15296K) NonClass: 12388K(12992K)->12388K(12992K) Class: 1967K(2304K)->1967K(2304K)
[500.041s][info][gc             ] GC(1053) Pause Young (Allocation Failure) 559M->13M(1979M) 59.887ms
[500.041s][info][gc,cpu         ] GC(1053) User=0.06s Sys=0.00s Real=0.06s
[500.461s][info][gc,start       ] GC(1054) Pause Young (Allocation Failure)
[500.522s][info][gc,heap        ] GC(1054) DefNew: 561324K(629248K)->2028K(629248K) Eden: 559360K(559360K)->0K(559360K) From: 1964K(69888K)->2028K(69888K)
[500.522s][info][gc,heap        ] GC(1054) Tenured: 11601K(1398144K)->11601K(1398144K)
[500.522s][info][gc,metaspace   ] GC(1054) Metaspace: 14356K(15296K)->14356K(15296K) NonClass: 12388K(12992K)->12388K(12992K) Class: 1967K(2304K)->1967K(2304K)
[500.522s][info][gc             ] GC(1054) Pause Young (Allocation Failure) 559M->13M(1979M) 60.914ms
[500.522s][info][gc,cpu         ] GC(1054) User=0.06s Sys=0.00s Real=0.06s
[500.958s][info][gc,start       ] GC(1055) Pause Young (Allocation Failure)
[501.010s][info][gc,heap        ] GC(1055) DefNew: 561388K(629248K)->2096K(629248K) Eden: 559360K(559360K)->0K(559360K) From: 2028K(69888K)->2096K(69888K)
[501.010s][info][gc,heap        ] GC(1055) Tenured: 11601K(1398144K)->11601K(1398144K)
[501.010s][info][gc,metaspace   ] GC(1055) Metaspace: 14356K(15296K)->14356K(15296K) NonClass: 12388K(12992K)->12388K(12992K) Class: 1967K(2304K)->1967K(2304K)
[501.010s][info][gc             ] GC(1055) Pause Young (Allocation Failure) 559M->13M(1979M) 51.910ms
[501.010s][info][gc,cpu         ] GC(1055) User=0.05s Sys=0.00s Real=0.04s
[501.420s][info][gc,start       ] GC(1056) Pause Young (Allocation Failure)
[501.485s][info][gc,heap        ] GC(1056) DefNew: 561456K(629248K)->2160K(629248K) Eden: 559360K(559360K)->0K(559360K) From: 2096K(69888K)->2160K(69888K)
[501.485s][info][gc,heap        ] GC(1056) Tenured: 11601K(1398144K)->11601K(1398144K)
[501.485s][info][gc,metaspace   ] GC(1056) Metaspace: 14356K(15296K)->14356K(15296K) NonClass: 12388K(12992K)->12388K(12992K) Class: 1967K(2304K)->1967K(2304K)
[501.485s][info][gc             ] GC(1056) Pause Young (Allocation Failure) 559M->13M(1979M) 65.205ms
[501.485s][info][gc,cpu         ] GC(1056) User=0.06s Sys=0.00s Real=0.06s
[501.896s][info][gc,start       ] GC(1057) Pause Young (Allocation Failure)
[501.958s][info][gc,heap        ] GC(1057) DefNew: 561520K(629248K)->2228K(629248K) Eden: 559360K(559360K)->0K(559360K) From: 2160K(69888K)->2228K(69888K)
[501.958s][info][gc,heap        ] GC(1057) Tenured: 11601K(1398144K)->11601K(1398144K)
[501.958s][info][gc,metaspace   ] GC(1057) Metaspace: 14356K(15296K)->14356K(15296K) NonClass: 12388K(12992K)->12388K(12992K) Class: 1967K(2304K)->1967K(2304K)
[501.958s][info][gc             ] GC(1057) Pause Young (Allocation Failure) 559M->13M(1979M) 62.544ms
[501.958s][info][gc,cpu         ] GC(1057) User=0.05s Sys=0.00s Real=0.05s
[502.407s][info][gc,start       ] GC(1058) Pause Young (Allocation Failure)
[502.467s][info][gc,heap        ] GC(1058) DefNew: 561588K(629248K)->2299K(629248K) Eden: 559360K(559360K)->0K(559360K) From: 2228K(69888K)->2299K(69888K)
[502.467s][info][gc,heap        ] GC(1058) Tenured: 11601K(1398144K)->11601K(1398144K)
[502.467s][info][gc,metaspace   ] GC(1058) Metaspace: 14356K(15296K)->14356K(15296K) NonClass: 12388K(12992K)->12388K(12992K) Class: 1967K(2304K)->1967K(2304K)
[502.467s][info][gc             ] GC(1058) Pause Young (Allocation Failure) 559M->13M(1979M) 59.978ms
[502.467s][info][gc,cpu         ] GC(1058) User=0.06s Sys=0.00s Real=0.06s
[502.891s][info][gc,start       ] GC(1059) Pause Young (Allocation Failure)
[502.954s][info][gc,heap        ] GC(1059) DefNew: 561659K(629248K)->2363K(629248K) Eden: 559360K(559360K)->0K(559360K) From: 2299K(69888K)->2363K(69888K)
[502.954s][info][gc,heap        ] GC(1059) Tenured: 11601K(1398144K)->11601K(1398144K)
[502.954s][info][gc,metaspace   ] GC(1059) Metaspace: 14356K(15296K)->14356K(15296K) NonClass: 12388K(12992K)->12388K(12992K) Class: 1967K(2304K)->1967K(2304K)
[502.954s][info][gc             ] GC(1059) Pause Young (Allocation Failure) 559M->13M(1979M) 63.268ms
[502.954s][info][gc,cpu         ] GC(1059) User=0.06s Sys=0.00s Real=0.06s
[503.350s][info][gc,start       ] GC(1060) Pause Young (Allocation Failure)
[503.397s][info][gc,heap        ] GC(1060) DefNew: 561723K(629248K)->2428K(629248K) Eden: 559360K(559360K)->0K(559360K) From: 2363K(69888K)->2428K(69888K)
[503.397s][info][gc,heap        ] GC(1060) Tenured: 11601K(1398144K)->11601K(1398144K)
[503.397s][info][gc,metaspace   ] GC(1060) Metaspace: 14356K(15296K)->14356K(15296K) NonClass: 12388K(12992K)->12388K(12992K) Class: 1967K(2304K)->1967K(2304K)
[503.397s][info][gc             ] GC(1060) Pause Young (Allocation Failure) 559M->13M(1979M) 47.903ms
[503.398s][info][gc,cpu         ] GC(1060) User=0.03s Sys=0.00s Real=0.04s
[503.788s][info][gc,start       ] GC(1061) Pause Young (Allocation Failure)
[503.849s][info][gc,heap        ] GC(1061) DefNew: 561788K(629248K)->987K(629248K) Eden: 559360K(559360K)->0K(559360K) From: 2428K(69888K)->987K(69888K)
[503.849s][info][gc,heap        ] GC(1061) Tenured: 11601K(1398144K)->13105K(1398144K)
[503.849s][info][gc,metaspace   ] GC(1061) Metaspace: 14356K(15296K)->14356K(15296K) NonClass: 12388K(12992K)->12388K(12992K) Class: 1967K(2304K)->1967K(2304K)
[503.849s][info][gc             ] GC(1061) Pause Young (Allocation Failure) 559M->13M(1979M) 61.507ms
[503.849s][info][gc,cpu         ] GC(1061) User=0.05s Sys=0.00s Real=0.05s
[504.252s][info][gc,start       ] GC(1062) Pause Young (Allocation Failure)
[504.315s][info][gc,heap        ] GC(1062) DefNew: 560347K(629248K)->986K(629248K) Eden: 559360K(559360K)->0K(559360K) From: 987K(69888K)->986K(69888K)
[504.315s][info][gc,heap        ] GC(1062) Tenured: 13105K(1398144K)->13167K(1398144K)
[504.315s][info][gc,metaspace   ] GC(1062) Metaspace: 14356K(15296K)->14356K(15296K) NonClass: 12388K(12992K)->12388K(12992K) Class: 1967K(2304K)->1967K(2304K)
[504.315s][info][gc             ] GC(1062) Pause Young (Allocation Failure) 560M->13M(1979M) 62.795ms
[504.315s][info][gc,cpu         ] GC(1062) User=0.06s Sys=0.00s Real=0.06s
[504.717s][info][gc,start       ] GC(1063) Pause Young (Allocation Failure)
[504.780s][info][gc,heap        ] GC(1063) DefNew: 560346K(629248K)->983K(629248K) Eden: 559360K(559360K)->0K(559360K) From: 986K(69888K)->983K(69888K)
[504.780s][info][gc,heap        ] GC(1063) Tenured: 13167K(1398144K)->13232K(1398144K)
[504.781s][info][gc,metaspace   ] GC(1063) Metaspace: 14356K(15296K)->14356K(15296K) NonClass: 12388K(12992K)->12388K(12992K) Class: 1967K(2304K)->1967K(2304K)
[504.781s][info][gc             ] GC(1063) Pause Young (Allocation Failure) 560M->13M(1979M) 63.661ms
[504.781s][info][gc,cpu         ] GC(1063) User=0.06s Sys=0.00s Real=0.06s
[505.190s][info][gc,start       ] GC(1064) Pause Young (Allocation Failure)
[505.253s][info][gc,heap        ] GC(1064) DefNew: 560343K(629248K)->983K(629248K) Eden: 559360K(559360K)->0K(559360K) From: 983K(69888K)->983K(69888K)
[505.253s][info][gc,heap        ] GC(1064) Tenured: 13232K(1398144K)->13296K(1398144K)
[505.253s][info][gc,metaspace   ] GC(1064) Metaspace: 14356K(15296K)->14356K(15296K) NonClass: 12388K(12992K)->12388K(12992K) Class: 1967K(2304K)->1967K(2304K)
[505.253s][info][gc             ] GC(1064) Pause Young (Allocation Failure) 560M->13M(1979M) 62.798ms
[505.253s][info][gc,cpu         ] GC(1064) User=0.06s Sys=0.00s Real=0.06s
[505.678s][info][gc,start       ] GC(1065) Pause Young (Allocation Failure)
[505.735s][info][gc,heap        ] GC(1065) DefNew: 560343K(629248K)->987K(629248K) Eden: 559360K(559360K)->0K(559360K) From: 983K(69888K)->987K(69888K)
[505.735s][info][gc,heap        ] GC(1065) Tenured: 13296K(1398144K)->13358K(1398144K)
[505.735s][info][gc,metaspace   ] GC(1065) Metaspace: 14356K(15296K)->14356K(15296K) NonClass: 12388K(12992K)->12388K(12992K) Class: 1967K(2304K)->1967K(2304K)
[505.735s][info][gc             ] GC(1065) Pause Young (Allocation Failure) 560M->14M(1979M) 57.037ms
[505.735s][info][gc,cpu         ] GC(1065) User=0.03s Sys=0.00s Real=0.04s
[506.140s][info][gc,start       ] GC(1066) Pause Young (Allocation Failure)
[506.199s][info][gc,heap        ] GC(1066) DefNew: 560347K(629248K)->991K(629248K) Eden: 559360K(559360K)->0K(559360K) From: 987K(69888K)->991K(69888K)
[506.199s][info][gc,heap        ] GC(1066) Tenured: 13358K(1398144K)->13422K(1398144K)
[506.199s][info][gc,metaspace   ] GC(1066) Metaspace: 14356K(15296K)->14356K(15296K) NonClass: 12388K(12992K)->12388K(12992K) Class: 1967K(2304K)->1967K(2304K)
[506.199s][info][gc             ] GC(1066) Pause Young (Allocation Failure) 560M->14M(1979M) 58.610ms
[506.199s][info][gc,cpu         ] GC(1066) User=0.06s Sys=0.00s Real=0.06s
[506.610s][info][gc,start       ] GC(1067) Pause Young (Allocation Failure)
[506.656s][info][gc,heap        ] GC(1067) DefNew: 560351K(629248K)->987K(629248K) Eden: 559360K(559360K)->0K(559360K) From: 991K(69888K)->987K(69888K)
[506.656s][info][gc,heap        ] GC(1067) Tenured: 13422K(1398144K)->13491K(1398144K)
[506.657s][info][gc,metaspace   ] GC(1067) Metaspace: 14356K(15296K)->14356K(15296K) NonClass: 12388K(12992K)->12388K(12992K) Class: 1967K(2304K)->1967K(2304K)
[506.657s][info][gc             ] GC(1067) Pause Young (Allocation Failure) 560M->14M(1979M) 46.188ms
[506.657s][info][gc,cpu         ] GC(1067) User=0.05s Sys=0.00s Real=0.05s
[507.061s][info][gc,start       ] GC(1068) Pause Young (Allocation Failure)
[507.123s][info][gc,heap        ] GC(1068) DefNew: 560347K(629248K)->987K(629248K) Eden: 559360K(559360K)->0K(559360K) From: 987K(69888K)->987K(69888K)
[507.123s][info][gc,heap        ] GC(1068) Tenured: 13491K(1398144K)->13556K(1398144K)
[507.123s][info][gc,metaspace   ] GC(1068) Metaspace: 14356K(15296K)->14356K(15296K) NonClass: 12388K(12992K)->12388K(12992K) Class: 1967K(2304K)->1967K(2304K)
[507.123s][info][gc             ] GC(1068) Pause Young (Allocation Failure) 560M->14M(1979M) 62.070ms
[507.123s][info][gc,cpu         ] GC(1068) User=0.06s Sys=0.00s Real=0.05s
[507.526s][info][gc,start       ] GC(1069) Pause Young (Allocation Failure)
[507.590s][info][gc,heap        ] GC(1069) DefNew: 560347K(629248K)->989K(629248K) Eden: 559360K(559360K)->0K(559360K) From: 987K(69888K)->989K(69888K)
[507.590s][info][gc,heap        ] GC(1069) Tenured: 13556K(1398144K)->13620K(1398144K)
[507.590s][info][gc,metaspace   ] GC(1069) Metaspace: 14356K(15296K)->14356K(15296K) NonClass: 12388K(12992K)->12388K(12992K) Class: 1967K(2304K)->1967K(2304K)
[507.590s][info][gc             ] GC(1069) Pause Young (Allocation Failure) 560M->14M(1979M) 64.112ms
[507.590s][info][gc,cpu         ] GC(1069) User=0.05s Sys=0.00s Real=0.05s
[508.050s][info][gc,start       ] GC(1070) Pause Young (Allocation Failure)
[508.120s][info][gc,heap        ] GC(1070) DefNew: 560349K(629248K)->985K(629248K) Eden: 559360K(559360K)->0K(559360K) From: 989K(69888K)->985K(69888K)
[508.120s][info][gc,heap        ] GC(1070) Tenured: 13620K(1398144K)->13688K(1398144K)
[508.120s][info][gc,metaspace   ] GC(1070) Metaspace: 14356K(15296K)->14356K(15296K) NonClass: 12388K(12992K)->12388K(12992K) Class: 1967K(2304K)->1967K(2304K)
[508.121s][info][gc             ] GC(1070) Pause Young (Allocation Failure) 560M->14M(1979M) 70.730ms
[508.121s][info][gc,cpu         ] GC(1070) User=0.06s Sys=0.00s Real=0.06s
[508.535s][info][gc,start       ] GC(1071) Pause Young (Allocation Failure)
[508.593s][info][gc,heap        ] GC(1071) DefNew: 560345K(629248K)->989K(629248K) Eden: 559360K(559360K)->0K(559360K) From: 985K(69888K)->989K(69888K)
[508.593s][info][gc,heap        ] GC(1071) Tenured: 13688K(1398144K)->13753K(1398144K)
[508.593s][info][gc,metaspace   ] GC(1071) Metaspace: 14356K(15296K)->14356K(15296K) NonClass: 12388K(12992K)->12388K(12992K) Class: 1967K(2304K)->1967K(2304K)
[508.593s][info][gc             ] GC(1071) Pause Young (Allocation Failure) 560M->14M(1979M) 57.802ms
[508.593s][info][gc,cpu         ] GC(1071) User=0.05s Sys=0.00s Real=0.05s
[508.999s][info][gc,start       ] GC(1072) Pause Young (Allocation Failure)
[509.058s][info][gc,heap        ] GC(1072) DefNew: 560349K(629248K)->988K(629248K) Eden: 559360K(559360K)->0K(559360K) From: 989K(69888K)->988K(69888K)
[509.058s][info][gc,heap        ] GC(1072) Tenured: 13753K(1398144K)->13818K(1398144K)
[509.058s][info][gc,metaspace   ] GC(1072) Metaspace: 14356K(15296K)->14356K(15296K) NonClass: 12388K(12992K)->12388K(12992K) Class: 1967K(2304K)->1967K(2304K)
[509.058s][info][gc             ] GC(1072) Pause Young (Allocation Failure) 560M->14M(1979M) 58.551ms
[509.058s][info][gc,cpu         ] GC(1072) User=0.06s Sys=0.00s Real=0.05s
[509.476s][info][gc,start       ] GC(1073) Pause Young (Allocation Failure)
[509.537s][info][gc,heap        ] GC(1073) DefNew: 560348K(629248K)->983K(629248K) Eden: 559360K(559360K)->0K(559360K) From: 988K(69888K)->983K(69888K)
[509.537s][info][gc,heap        ] GC(1073) Tenured: 13818K(1398144K)->13890K(1398144K)
[509.537s][info][gc,metaspace   ] GC(1073) Metaspace: 14356K(15296K)->14356K(15296K) NonClass: 12388K(12992K)->12388K(12992K) Class: 1967K(2304K)->1967K(2304K)
[509.537s][info][gc             ] GC(1073) Pause Young (Allocation Failure) 560M->14M(1979M) 60.887ms
[509.537s][info][gc,cpu         ] GC(1073) User=0.05s Sys=0.00s Real=0.05s
[509.940s][info][gc,start       ] GC(1074) Pause Young (Allocation Failure)
[509.990s][info][gc,heap        ] GC(1074) DefNew: 560343K(629248K)->980K(629248K) Eden: 559360K(559360K)->0K(559360K) From: 983K(69888K)->980K(69888K)
[509.990s][info][gc,heap        ] GC(1074) Tenured: 13890K(1398144K)->13954K(1398144K)
[509.990s][info][gc,metaspace   ] GC(1074) Metaspace: 14356K(15296K)->14356K(15296K) NonClass: 12388K(12992K)->12388K(12992K) Class: 1967K(2304K)->1967K(2304K)
[509.990s][info][gc             ] GC(1074) Pause Young (Allocation Failure) 560M->14M(1979M) 49.649ms
[509.990s][info][gc,cpu         ] GC(1074) User=0.05s Sys=0.00s Real=0.05s
[510.393s][info][gc,start       ] GC(1075) Pause Young (Allocation Failure)
[510.456s][info][gc,heap        ] GC(1075) DefNew: 560340K(629248K)->980K(629248K) Eden: 559360K(559360K)->0K(559360K) From: 980K(69888K)->980K(69888K)
[510.456s][info][gc,heap        ] GC(1075) Tenured: 13954K(1398144K)->14019K(1398144K)
[510.456s][info][gc,metaspace   ] GC(1075) Metaspace: 14356K(15296K)->14356K(15296K) NonClass: 12388K(12992K)->12388K(12992K) Class: 1967K(2304K)->1967K(2304K)
[510.456s][info][gc             ] GC(1075) Pause Young (Allocation Failure) 560M->14M(1979M) 63.019ms
[510.456s][info][gc,cpu         ] GC(1075) User=0.06s Sys=0.00s Real=0.05s
[510.862s][info][gc,start       ] GC(1076) Pause Young (Allocation Failure)
[510.922s][info][gc,heap        ] GC(1076) DefNew: 560340K(629248K)->983K(629248K) Eden: 559360K(559360K)->0K(559360K) From: 980K(69888K)->983K(69888K)
[510.922s][info][gc,heap        ] GC(1076) Tenured: 14019K(1398144K)->14081K(1398144K)
[510.922s][info][gc,metaspace   ] GC(1076) Metaspace: 14356K(15296K)->14356K(15296K) NonClass: 12388K(12992K)->12388K(12992K) Class: 1967K(2304K)->1967K(2304K)
[510.922s][info][gc             ] GC(1076) Pause Young (Allocation Failure) 560M->14M(1979M) 59.900ms
[510.922s][info][gc,cpu         ] GC(1076) User=0.05s Sys=0.00s Real=0.05s
[511.328s][info][gc,start       ] GC(1077) Pause Young (Allocation Failure)
[511.377s][info][gc,heap        ] GC(1077) DefNew: 560343K(629248K)->986K(629248K) Eden: 559360K(559360K)->0K(559360K) From: 983K(69888K)->986K(69888K)
[511.377s][info][gc,heap        ] GC(1077) Tenured: 14081K(1398144K)->14143K(1398144K)
[511.377s][info][gc,metaspace   ] GC(1077) Metaspace: 14356K(15296K)->14356K(15296K) NonClass: 12388K(12992K)->12388K(12992K) Class: 1967K(2304K)->1967K(2304K)
[511.377s][info][gc             ] GC(1077) Pause Young (Allocation Failure) 560M->14M(1979M) 48.309ms
[511.377s][info][gc,cpu         ] GC(1077) User=0.05s Sys=0.00s Real=0.05s
[511.794s][info][gc,start       ] GC(1078) Pause Young (Allocation Failure)
[511.851s][info][gc,heap        ] GC(1078) DefNew: 560346K(629248K)->989K(629248K) Eden: 559360K(559360K)->0K(559360K) From: 986K(69888K)->989K(69888K)
[511.851s][info][gc,heap        ] GC(1078) Tenured: 14143K(1398144K)->14205K(1398144K)
[511.851s][info][gc,metaspace   ] GC(1078) Metaspace: 14356K(15296K)->14356K(15296K) NonClass: 12388K(12992K)->12388K(12992K) Class: 1967K(2304K)->1967K(2304K)
[511.851s][info][gc             ] GC(1078) Pause Young (Allocation Failure) 561M->14M(1979M) 57.105ms
[511.851s][info][gc,cpu         ] GC(1078) User=0.06s Sys=0.00s Real=0.06s
[512.269s][info][gc,start       ] GC(1079) Pause Young (Allocation Failure)
[512.327s][info][gc,heap        ] GC(1079) DefNew: 560349K(629248K)->990K(629248K) Eden: 559360K(559360K)->0K(559360K) From: 989K(69888K)->990K(69888K)
[512.327s][info][gc,heap        ] GC(1079) Tenured: 14205K(1398144K)->14270K(1398144K)
[512.327s][info][gc,metaspace   ] GC(1079) Metaspace: 14356K(15296K)->14356K(15296K) NonClass: 12388K(12992K)->12388K(12992K) Class: 1967K(2304K)->1967K(2304K)
[512.327s][info][gc             ] GC(1079) Pause Young (Allocation Failure) 561M->14M(1979M) 57.363ms
[512.327s][info][gc,cpu         ] GC(1079) User=0.05s Sys=0.00s Real=0.05s
[512.729s][info][gc,start       ] GC(1080) Pause Young (Allocation Failure)
[512.789s][info][gc,heap        ] GC(1080) DefNew: 560350K(629248K)->986K(629248K) Eden: 559360K(559360K)->0K(559360K) From: 990K(69888K)->986K(69888K)
[512.789s][info][gc,heap        ] GC(1080) Tenured: 14270K(1398144K)->14335K(1398144K)
[512.789s][info][gc,metaspace   ] GC(1080) Metaspace: 14356K(15296K)->14356K(15296K) NonClass: 12388K(12992K)->12388K(12992K) Class: 1967K(2304K)->1967K(2304K)
[512.789s][info][gc             ] GC(1080) Pause Young (Allocation Failure) 561M->14M(1979M) 59.644ms
[512.789s][info][gc,cpu         ] GC(1080) User=0.05s Sys=0.00s Real=0.05s
[513.191s][info][gc,start       ] GC(1081) Pause Young (Allocation Failure)
[513.252s][info][gc,heap        ] GC(1081) DefNew: 560346K(629248K)->979K(629248K) Eden: 559360K(559360K)->0K(559360K) From: 986K(69888K)->979K(69888K)
[513.252s][info][gc,heap        ] GC(1081) Tenured: 14335K(1398144K)->14403K(1398144K)
[513.252s][info][gc,metaspace   ] GC(1081) Metaspace: 14356K(15296K)->14356K(15296K) NonClass: 12388K(12992K)->12388K(12992K) Class: 1967K(2304K)->1967K(2304K)
[513.252s][info][gc             ] GC(1081) Pause Young (Allocation Failure) 561M->15M(1979M) 60.791ms
[513.252s][info][gc,cpu         ] GC(1081) User=0.05s Sys=0.00s Real=0.06s
[513.656s][info][gc,start       ] GC(1082) Pause Young (Allocation Failure)
[513.719s][info][gc,heap        ] GC(1082) DefNew: 560339K(629248K)->977K(629248K) Eden: 559360K(559360K)->0K(559360K) From: 979K(69888K)->977K(69888K)
[513.719s][info][gc,heap        ] GC(1082) Tenured: 14403K(1398144K)->14468K(1398144K)
[513.719s][info][gc,metaspace   ] GC(1082) Metaspace: 14356K(15296K)->14356K(15296K) NonClass: 12388K(12992K)->12388K(12992K) Class: 1967K(2304K)->1967K(2304K)
[513.719s][info][gc             ] GC(1082) Pause Young (Allocation Failure) 561M->15M(1979M) 62.421ms
[513.719s][info][gc,cpu         ] GC(1082) User=0.06s Sys=0.00s Real=0.06s
[514.124s][info][gc,start       ] GC(1083) Pause Young (Allocation Failure)
[514.188s][info][gc,heap        ] GC(1083) DefNew: 560337K(629248K)->978K(629248K) Eden: 559360K(559360K)->0K(559360K) From: 977K(69888K)->978K(69888K)
[514.189s][info][gc,heap        ] GC(1083) Tenured: 14468K(1398144K)->14532K(1398144K)
[514.189s][info][gc,metaspace   ] GC(1083) Metaspace: 14356K(15296K)->14356K(15296K) NonClass: 12388K(12992K)->12388K(12992K) Class: 1967K(2304K)->1967K(2304K)
[514.189s][info][gc             ] GC(1083) Pause Young (Allocation Failure) 561M->15M(1979M) 64.351ms
[514.189s][info][gc,cpu         ] GC(1083) User=0.06s Sys=0.00s Real=0.06s
[514.601s][info][gc,start       ] GC(1084) Pause Young (Allocation Failure)
[514.660s][info][gc,heap        ] GC(1084) DefNew: 560338K(629248K)->974K(629248K) Eden: 559360K(559360K)->0K(559360K) From: 978K(69888K)->974K(69888K)
[514.660s][info][gc,heap        ] GC(1084) Tenured: 14532K(1398144K)->14601K(1398144K)
[514.660s][info][gc,metaspace   ] GC(1084) Metaspace: 14356K(15296K)->14356K(15296K) NonClass: 12388K(12992K)->12388K(12992K) Class: 1967K(2304K)->1967K(2304K)
[514.660s][info][gc             ] GC(1084) Pause Young (Allocation Failure) 561M->15M(1979M) 59.800ms
[514.660s][info][gc,cpu         ] GC(1084) User=0.06s Sys=0.00s Real=0.06s
[515.112s][info][gc,start       ] GC(1085) Pause Young (Allocation Failure)
[515.170s][info][gc,heap        ] GC(1085) DefNew: 560334K(629248K)->978K(629248K) Eden: 559360K(559360K)->0K(559360K) From: 974K(69888K)->978K(69888K)
[515.170s][info][gc,heap        ] GC(1085) Tenured: 14601K(1398144K)->14666K(1398144K)
[515.170s][info][gc,metaspace   ] GC(1085) Metaspace: 14356K(15296K)->14356K(15296K) NonClass: 12388K(12992K)->12388K(12992K) Class: 1967K(2304K)->1967K(2304K)
[515.170s][info][gc             ] GC(1085) Pause Young (Allocation Failure) 561M->15M(1979M) 58.323ms
[515.170s][info][gc,cpu         ] GC(1085) User=0.05s Sys=0.00s Real=0.05s
[515.577s][info][gc,start       ] GC(1086) Pause Young (Allocation Failure)
[515.631s][info][gc,heap        ] GC(1086) DefNew: 560338K(629248K)->971K(629248K) Eden: 559360K(559360K)->0K(559360K) From: 978K(69888K)->971K(69888K)
[515.631s][info][gc,heap        ] GC(1086) Tenured: 14666K(1398144K)->14734K(1398144K)
[515.631s][info][gc,metaspace   ] GC(1086) Metaspace: 14356K(15296K)->14356K(15296K) NonClass: 12388K(12992K)->12388K(12992K) Class: 1967K(2304K)->1967K(2304K)
[515.631s][info][gc             ] GC(1086) Pause Young (Allocation Failure) 561M->15M(1979M) 54.436ms
[515.631s][info][gc,cpu         ] GC(1086) User=0.05s Sys=0.00s Real=0.05s
[516.003s][info][gc,start       ] GC(1087) Pause Full (System.gc())
[516.003s][info][gc,phases,start] GC(1087) Phase 1: Mark live objects
[516.051s][info][gc,phases      ] GC(1087) Phase 1: Mark live objects 48.008ms
[516.051s][info][gc,phases,start] GC(1087) Phase 2: Compute new object addresses
[516.143s][info][gc,phases      ] GC(1087) Phase 2: Compute new object addresses 91.571ms
[516.143s][info][gc,phases,start] GC(1087) Phase 3: Adjust pointers
[516.169s][info][gc,phases      ] GC(1087) Phase 3: Adjust pointers 25.616ms
[516.169s][info][gc,phases,start] GC(1087) Phase 4: Move objects
[516.169s][info][gc,phases      ] GC(1087) Phase 4: Move objects 0.013ms
[516.169s][info][gc,heap        ] GC(1087) DefNew: 332391K(629248K)->0K(629248K) Eden: 331419K(559360K)->0K(559360K) From: 971K(69888K)->0K(69888K)
[516.169s][info][gc,heap        ] GC(1087) Tenured: 14734K(1398144K)->14734K(1398144K)
[516.169s][info][gc,metaspace   ] GC(1087) Metaspace: 14356K(15296K)->14356K(15296K) NonClass: 12388K(12992K)->12388K(12992K) Class: 1967K(2304K)->1967K(2304K)
[516.169s][info][gc             ] GC(1087) Pause Full (System.gc()) 338M->14M(1979M) 165.715ms
[516.169s][info][gc,cpu         ] GC(1087) User=0.16s Sys=0.00s Real=0.16s
[516.510s][info][gc,start       ] GC(1088) Pause Young (Allocation Failure)
[516.566s][info][gc,heap        ] GC(1088) DefNew: 559360K(629248K)->1516K(629248K) Eden: 559360K(559360K)->0K(559360K) From: 0K(69888K)->1516K(69888K)
[516.566s][info][gc,heap        ] GC(1088) Tenured: 14734K(1398144K)->14734K(1398144K)
[516.566s][info][gc,metaspace   ] GC(1088) Metaspace: 14356K(15296K)->14356K(15296K) NonClass: 12388K(12992K)->12388K(12992K) Class: 1967K(2304K)->1967K(2304K)
[516.566s][info][gc             ] GC(1088) Pause Young (Allocation Failure) 560M->15M(1979M) 56.169ms
[516.567s][info][gc,cpu         ] GC(1088) User=0.05s Sys=0.00s Real=0.05s
[516.983s][info][gc,start       ] GC(1089) Pause Young (Allocation Failure)
[517.046s][info][gc,heap        ] GC(1089) DefNew: 560876K(629248K)->1584K(629248K) Eden: 559360K(559360K)->0K(559360K) From: 1516K(69888K)->1584K(69888K)
[517.046s][info][gc,heap        ] GC(1089) Tenured: 14734K(1398144K)->14734K(1398144K)
[517.046s][info][gc,metaspace   ] GC(1089) Metaspace: 14356K(15296K)->14356K(15296K) NonClass: 12388K(12992K)->12388K(12992K) Class: 1967K(2304K)->1967K(2304K)
[517.046s][info][gc             ] GC(1089) Pause Young (Allocation Failure) 562M->15M(1979M) 63.051ms
[517.046s][info][gc,cpu         ] GC(1089) User=0.06s Sys=0.00s Real=0.06s
[517.495s][info][gc,start       ] GC(1090) Pause Young (Allocation Failure)
[517.564s][info][gc,heap        ] GC(1090) DefNew: 560944K(629248K)->1652K(629248K) Eden: 559360K(559360K)->0K(559360K) From: 1584K(69888K)->1652K(69888K)
[517.564s][info][gc,heap        ] GC(1090) Tenured: 14734K(1398144K)->14734K(1398144K)
[517.564s][info][gc,metaspace   ] GC(1090) Metaspace: 14356K(15296K)->14356K(15296K) NonClass: 12388K(12992K)->12388K(12992K) Class: 1967K(2304K)->1967K(2304K)
[517.564s][info][gc             ] GC(1090) Pause Young (Allocation Failure) 562M->16M(1979M) 69.056ms
[517.564s][info][gc,cpu         ] GC(1090) User=0.06s Sys=0.00s Real=0.06s
[517.974s][info][gc,start       ] GC(1091) Pause Young (Allocation Failure)
[518.019s][info][gc,heap        ] GC(1091) DefNew: 561012K(629248K)->1717K(629248K) Eden: 559360K(559360K)->0K(559360K) From: 1652K(69888K)->1717K(69888K)
[518.019s][info][gc,heap        ] GC(1091) Tenured: 14734K(1398144K)->14734K(1398144K)
[518.019s][info][gc,metaspace   ] GC(1091) Metaspace: 14356K(15296K)->14356K(15296K) NonClass: 12388K(12992K)->12388K(12992K) Class: 1967K(2304K)->1967K(2304K)
[518.019s][info][gc             ] GC(1091) Pause Young (Allocation Failure) 562M->16M(1979M) 45.303ms
[518.020s][info][gc,cpu         ] GC(1091) User=0.03s Sys=0.00s Real=0.04s
[518.434s][info][gc,start       ] GC(1092) Pause Young (Allocation Failure)
[518.493s][info][gc,heap        ] GC(1092) DefNew: 561077K(629248K)->1783K(629248K) Eden: 559360K(559360K)->0K(559360K) From: 1717K(69888K)->1783K(69888K)
[518.493s][info][gc,heap        ] GC(1092) Tenured: 14734K(1398144K)->14734K(1398144K)
[518.493s][info][gc,metaspace   ] GC(1092) Metaspace: 14356K(15296K)->14356K(15296K) NonClass: 12388K(12992K)->12388K(12992K) Class: 1967K(2304K)->1967K(2304K)
[518.493s][info][gc             ] GC(1092) Pause Young (Allocation Failure) 562M->16M(1979M) 59.320ms
[518.493s][info][gc,cpu         ] GC(1092) User=0.06s Sys=0.00s Real=0.06s
[518.911s][info][gc,start       ] GC(1093) Pause Young (Allocation Failure)
[518.970s][info][gc,heap        ] GC(1093) DefNew: 561143K(629248K)->1848K(629248K) Eden: 559360K(559360K)->0K(559360K) From: 1783K(69888K)->1848K(69888K)
[518.970s][info][gc,heap        ] GC(1093) Tenured: 14734K(1398144K)->14734K(1398144K)
[518.970s][info][gc,metaspace   ] GC(1093) Metaspace: 14356K(15296K)->14356K(15296K) NonClass: 12388K(12992K)->12388K(12992K) Class: 1967K(2304K)->1967K(2304K)
[518.970s][info][gc             ] GC(1093) Pause Young (Allocation Failure) 562M->16M(1979M) 58.526ms
[518.970s][info][gc,cpu         ] GC(1093) User=0.05s Sys=0.00s Real=0.05s
[519.378s][info][gc,start       ] GC(1094) Pause Young (Allocation Failure)
[519.440s][info][gc,heap        ] GC(1094) DefNew: 561208K(629248K)->1913K(629248K) Eden: 559360K(559360K)->0K(559360K) From: 1848K(69888K)->1913K(69888K)
[519.440s][info][gc,heap        ] GC(1094) Tenured: 14734K(1398144K)->14734K(1398144K)
[519.440s][info][gc,metaspace   ] GC(1094) Metaspace: 14356K(15296K)->14356K(15296K) NonClass: 12388K(12992K)->12388K(12992K) Class: 1967K(2304K)->1967K(2304K)
[519.440s][info][gc             ] GC(1094) Pause Young (Allocation Failure) 562M->16M(1979M) 62.057ms
[519.440s][info][gc,cpu         ] GC(1094) User=0.05s Sys=0.00s Real=0.06s
[519.832s][info][gc,start       ] GC(1095) Pause Young (Allocation Failure)
[519.893s][info][gc,heap        ] GC(1095) DefNew: 561273K(629248K)->1975K(629248K) Eden: 559360K(559360K)->0K(559360K) From: 1913K(69888K)->1975K(69888K)
[519.893s][info][gc,heap        ] GC(1095) Tenured: 14734K(1398144K)->14734K(1398144K)
[519.893s][info][gc,metaspace   ] GC(1095) Metaspace: 14356K(15296K)->14356K(15296K) NonClass: 12388K(12992K)->12388K(12992K) Class: 1967K(2304K)->1967K(2304K)
[519.893s][info][gc             ] GC(1095) Pause Young (Allocation Failure) 562M->16M(1979M) 61.236ms
[519.893s][info][gc,cpu         ] GC(1095) User=0.06s Sys=0.00s Real=0.06s
[520.330s][info][gc,start       ] GC(1096) Pause Young (Allocation Failure)
[520.391s][info][gc,heap        ] GC(1096) DefNew: 561335K(629248K)->2044K(629248K) Eden: 559360K(559360K)->0K(559360K) From: 1975K(69888K)->2044K(69888K)
[520.391s][info][gc,heap        ] GC(1096) Tenured: 14734K(1398144K)->14734K(1398144K)
[520.391s][info][gc,metaspace   ] GC(1096) Metaspace: 14356K(15296K)->14356K(15296K) NonClass: 12388K(12992K)->12388K(12992K) Class: 1967K(2304K)->1967K(2304K)
[520.391s][info][gc             ] GC(1096) Pause Young (Allocation Failure) 562M->16M(1979M) 61.011ms
[520.391s][info][gc,cpu         ] GC(1096) User=0.06s Sys=0.00s Real=0.06s
[520.793s][info][gc,start       ] GC(1097) Pause Young (Allocation Failure)
[520.856s][info][gc,heap        ] GC(1097) DefNew: 561404K(629248K)->2109K(629248K) Eden: 559360K(559360K)->0K(559360K) From: 2044K(69888K)->2109K(69888K)
[520.856s][info][gc,heap        ] GC(1097) Tenured: 14734K(1398144K)->14734K(1398144K)
[520.856s][info][gc,metaspace   ] GC(1097) Metaspace: 14356K(15296K)->14356K(15296K) NonClass: 12388K(12992K)->12388K(12992K) Class: 1967K(2304K)->1967K(2304K)
[520.856s][info][gc             ] GC(1097) Pause Young (Allocation Failure) 562M->16M(1979M) 62.297ms
[520.856s][info][gc,cpu         ] GC(1097) User=0.06s Sys=0.00s Real=0.06s
[521.268s][info][gc,start       ] GC(1098) Pause Young (Allocation Failure)
[521.325s][info][gc,heap        ] GC(1098) DefNew: 561469K(629248K)->2174K(629248K) Eden: 559360K(559360K)->0K(559360K) From: 2109K(69888K)->2174K(69888K)
[521.325s][info][gc,heap        ] GC(1098) Tenured: 14734K(1398144K)->14734K(1398144K)
[521.325s][info][gc,metaspace   ] GC(1098) Metaspace: 14356K(15296K)->14356K(15296K) NonClass: 12388K(12992K)->12388K(12992K) Class: 1967K(2304K)->1967K(2304K)
[521.325s][info][gc             ] GC(1098) Pause Young (Allocation Failure) 562M->16M(1979M) 57.012ms
[521.325s][info][gc,cpu         ] GC(1098) User=0.06s Sys=0.00s Real=0.06s
[521.746s][info][gc,start       ] GC(1099) Pause Young (Allocation Failure)
[521.803s][info][gc,heap        ] GC(1099) DefNew: 561534K(629248K)->2243K(629248K) Eden: 559360K(559360K)->0K(559360K) From: 2174K(69888K)->2243K(69888K)
[521.803s][info][gc,heap        ] GC(1099) Tenured: 14734K(1398144K)->14734K(1398144K)
[521.803s][info][gc,metaspace   ] GC(1099) Metaspace: 14356K(15296K)->14356K(15296K) NonClass: 12388K(12992K)->12388K(12992K) Class: 1967K(2304K)->1967K(2304K)
[521.804s][info][gc             ] GC(1099) Pause Young (Allocation Failure) 562M->16M(1979M) 57.730ms
[521.804s][info][gc,cpu         ] GC(1099) User=0.05s Sys=0.00s Real=0.05s
[522.244s][info][gc,start       ] GC(1100) Pause Young (Allocation Failure)
[522.307s][info][gc,heap        ] GC(1100) DefNew: 561603K(629248K)->2311K(629248K) Eden: 559360K(559360K)->0K(559360K) From: 2243K(69888K)->2311K(69888K)
[522.307s][info][gc,heap        ] GC(1100) Tenured: 14734K(1398144K)->14734K(1398144K)
[522.307s][info][gc,metaspace   ] GC(1100) Metaspace: 14356K(15296K)->14356K(15296K) NonClass: 12388K(12992K)->12388K(12992K) Class: 1967K(2304K)->1967K(2304K)
[522.307s][info][gc             ] GC(1100) Pause Young (Allocation Failure) 562M->16M(1979M) 62.978ms
[522.307s][info][gc,cpu         ] GC(1100) User=0.05s Sys=0.00s Real=0.05s
[522.722s][info][gc,start       ] GC(1101) Pause Young (Allocation Failure)
[522.784s][info][gc,heap        ] GC(1101) DefNew: 561671K(629248K)->2377K(629248K) Eden: 559360K(559360K)->0K(559360K) From: 2311K(69888K)->2377K(69888K)
[522.784s][info][gc,heap        ] GC(1101) Tenured: 14734K(1398144K)->14734K(1398144K)
[522.784s][info][gc,metaspace   ] GC(1101) Metaspace: 14356K(15296K)->14356K(15296K) NonClass: 12388K(12992K)->12388K(12992K) Class: 1967K(2304K)->1967K(2304K)
[522.784s][info][gc             ] GC(1101) Pause Young (Allocation Failure) 562M->16M(1979M) 62.063ms
[522.784s][info][gc,cpu         ] GC(1101) User=0.05s Sys=0.00s Real=0.06s
[523.191s][info][gc,start       ] GC(1102) Pause Young (Allocation Failure)
[523.252s][info][gc,heap        ] GC(1102) DefNew: 561737K(629248K)->2441K(629248K) Eden: 559360K(559360K)->0K(559360K) From: 2377K(69888K)->2441K(69888K)
[523.252s][info][gc,heap        ] GC(1102) Tenured: 14734K(1398144K)->14734K(1398144K)
[523.253s][info][gc,metaspace   ] GC(1102) Metaspace: 14356K(15296K)->14356K(15296K) NonClass: 12388K(12992K)->12388K(12992K) Class: 1967K(2304K)->1967K(2304K)
[523.253s][info][gc             ] GC(1102) Pause Young (Allocation Failure) 562M->16M(1979M) 61.466ms
[523.253s][info][gc,cpu         ] GC(1102) User=0.05s Sys=0.00s Real=0.06s
[523.699s][info][gc,start       ] GC(1103) Pause Young (Allocation Failure)
[523.753s][info][gc,heap        ] GC(1103) DefNew: 561801K(629248K)->1005K(629248K) Eden: 559360K(559360K)->0K(559360K) From: 2441K(69888K)->1005K(69888K)
[523.753s][info][gc,heap        ] GC(1103) Tenured: 14734K(1398144K)->16242K(1398144K)
[523.753s][info][gc,metaspace   ] GC(1103) Metaspace: 14356K(15296K)->14356K(15296K) NonClass: 12388K(12992K)->12388K(12992K) Class: 1967K(2304K)->1967K(2304K)
[523.753s][info][gc             ] GC(1103) Pause Young (Allocation Failure) 563M->16M(1979M) 53.983ms
[523.753s][info][gc,cpu         ] GC(1103) User=0.06s Sys=0.00s Real=0.05s
[524.168s][info][gc,start       ] GC(1104) Pause Young (Allocation Failure)
[524.213s][info][gc,heap        ] GC(1104) DefNew: 560365K(629248K)->1002K(629248K) Eden: 559360K(559360K)->0K(559360K) From: 1005K(69888K)->1002K(69888K)
[524.213s][info][gc,heap        ] GC(1104) Tenured: 16242K(1398144K)->16310K(1398144K)
[524.213s][info][gc,metaspace   ] GC(1104) Metaspace: 14356K(15296K)->14356K(15296K) NonClass: 12388K(12992K)->12388K(12992K) Class: 1967K(2304K)->1967K(2304K)
[524.213s][info][gc             ] GC(1104) Pause Young (Allocation Failure) 563M->16M(1979M) 44.811ms
[524.213s][info][gc,cpu         ] GC(1104) User=0.05s Sys=0.00s Real=0.04s
[524.637s][info][gc,start       ] GC(1105) Pause Young (Allocation Failure)
[524.682s][info][gc,heap        ] GC(1105) DefNew: 560362K(629248K)->1001K(629248K) Eden: 559360K(559360K)->0K(559360K) From: 1002K(69888K)->1001K(69888K)
[524.682s][info][gc,heap        ] GC(1105) Tenured: 16310K(1398144K)->16378K(1398144K)
[524.682s][info][gc,metaspace   ] GC(1105) Metaspace: 14356K(15296K)->14356K(15296K) NonClass: 12388K(12992K)->12388K(12992K) Class: 1967K(2304K)->1967K(2304K)
[524.682s][info][gc             ] GC(1105) Pause Young (Allocation Failure) 563M->16M(1979M) 45.447ms
[524.683s][info][gc,cpu         ] GC(1105) User=0.05s Sys=0.00s Real=0.04s
[525.086s][info][gc,start       ] GC(1106) Pause Young (Allocation Failure)
[525.145s][info][gc,heap        ] GC(1106) DefNew: 560361K(629248K)->998K(629248K) Eden: 559360K(559360K)->0K(559360K) From: 1001K(69888K)->998K(69888K)
[525.145s][info][gc,heap        ] GC(1106) Tenured: 16378K(1398144K)->16443K(1398144K)
[525.145s][info][gc,metaspace   ] GC(1106) Metaspace: 14356K(15296K)->14356K(15296K) NonClass: 12388K(12992K)->12388K(12992K) Class: 1967K(2304K)->1967K(2304K)
[525.145s][info][gc             ] GC(1106) Pause Young (Allocation Failure) 563M->17M(1979M) 58.523ms
[525.145s][info][gc,cpu         ] GC(1106) User=0.05s Sys=0.00s Real=0.05s
[525.550s][info][gc,start       ] GC(1107) Pause Young (Allocation Failure)
[525.609s][info][gc,heap        ] GC(1107) DefNew: 560358K(629248K)->998K(629248K) Eden: 559360K(559360K)->0K(559360K) From: 998K(69888K)->998K(69888K)
[525.609s][info][gc,heap        ] GC(1107) Tenured: 16443K(1398144K)->16508K(1398144K)
[525.609s][info][gc,metaspace   ] GC(1107) Metaspace: 14356K(15296K)->14356K(15296K) NonClass: 12388K(12992K)->12388K(12992K) Class: 1967K(2304K)->1967K(2304K)
[525.609s][info][gc             ] GC(1107) Pause Young (Allocation Failure) 563M->17M(1979M) 58.680ms
[525.609s][info][gc,cpu         ] GC(1107) User=0.05s Sys=0.00s Real=0.05s
[526.014s][info][gc,start       ] GC(1108) Pause Young (Allocation Failure)
[526.075s][info][gc,heap        ] GC(1108) DefNew: 560358K(629248K)->998K(629248K) Eden: 559360K(559360K)->0K(559360K) From: 998K(69888K)->998K(69888K)
[526.075s][info][gc,heap        ] GC(1108) Tenured: 16508K(1398144K)->16574K(1398144K)
[526.075s][info][gc,metaspace   ] GC(1108) Metaspace: 14356K(15296K)->14356K(15296K) NonClass: 12388K(12992K)->12388K(12992K) Class: 1967K(2304K)->1967K(2304K)
[526.075s][info][gc             ] GC(1108) Pause Young (Allocation Failure) 563M->17M(1979M) 61.954ms
[526.076s][info][gc,cpu         ] GC(1108) User=0.06s Sys=0.00s Real=0.06s
[526.479s][info][gc,start       ] GC(1109) Pause Young (Allocation Failure)
[526.541s][info][gc,heap        ] GC(1109) DefNew: 560358K(629248K)->995K(629248K) Eden: 559360K(559360K)->0K(559360K) From: 998K(69888K)->995K(69888K)
[526.544s][info][gc,heap        ] GC(1109) Tenured: 16574K(1398144K)->16639K(1398144K)
[526.544s][info][gc,metaspace   ] GC(1109) Metaspace: 14356K(15296K)->14356K(15296K) NonClass: 12388K(12992K)->12388K(12992K) Class: 1967K(2304K)->1967K(2304K)
[526.544s][info][gc             ] GC(1109) Pause Young (Allocation Failure) 563M->17M(1979M) 65.646ms
[526.544s][info][gc,cpu         ] GC(1109) User=0.06s Sys=0.00s Real=0.07s
[526.951s][info][gc,start       ] GC(1110) Pause Young (Allocation Failure)
[527.014s][info][gc,heap        ] GC(1110) DefNew: 560355K(629248K)->998K(629248K) Eden: 559360K(559360K)->0K(559360K) From: 995K(69888K)->998K(69888K)
[527.014s][info][gc,heap        ] GC(1110) Tenured: 16639K(1398144K)->16701K(1398144K)
[527.014s][info][gc,metaspace   ] GC(1110) Metaspace: 14356K(15296K)->14356K(15296K) NonClass: 12388K(12992K)->12388K(12992K) Class: 1967K(2304K)->1967K(2304K)
[527.014s][info][gc             ] GC(1110) Pause Young (Allocation Failure) 563M->17M(1979M) 63.004ms
[527.014s][info][gc,cpu         ] GC(1110) User=0.06s Sys=0.00s Real=0.06s
[527.435s][info][gc,start       ] GC(1111) Pause Young (Allocation Failure)
[527.491s][info][gc,heap        ] GC(1111) DefNew: 560358K(629248K)->1000K(629248K) Eden: 559360K(559360K)->0K(559360K) From: 998K(69888K)->1000K(69888K)
[527.491s][info][gc,heap        ] GC(1111) Tenured: 16701K(1398144K)->16769K(1398144K)
[527.491s][info][gc,metaspace   ] GC(1111) Metaspace: 14356K(15296K)->14356K(15296K) NonClass: 12388K(12992K)->12388K(12992K) Class: 1967K(2304K)->1967K(2304K)
[527.492s][info][gc             ] GC(1111) Pause Young (Allocation Failure) 563M->17M(1979M) 56.382ms
[527.492s][info][gc,cpu         ] GC(1111) User=0.06s Sys=0.00s Real=0.06s
[527.894s][info][gc,start       ] GC(1112) Pause Young (Allocation Failure)
[527.953s][info][gc,heap        ] GC(1112) DefNew: 560360K(629248K)->997K(629248K) Eden: 559360K(559360K)->0K(559360K) From: 1000K(69888K)->997K(69888K)
[527.953s][info][gc,heap        ] GC(1112) Tenured: 16769K(1398144K)->16834K(1398144K)
[527.953s][info][gc,metaspace   ] GC(1112) Metaspace: 14356K(15296K)->14356K(15296K) NonClass: 12388K(12992K)->12388K(12992K) Class: 1967K(2304K)->1967K(2304K)
[527.953s][info][gc             ] GC(1112) Pause Young (Allocation Failure) 563M->17M(1979M) 59.447ms
[527.953s][info][gc,cpu         ] GC(1112) User=0.05s Sys=0.00s Real=0.06s
[528.367s][info][gc,start       ] GC(1113) Pause Young (Allocation Failure)
[528.428s][info][gc,heap        ] GC(1113) DefNew: 560357K(629248K)->993K(629248K) Eden: 559360K(559360K)->0K(559360K) From: 997K(69888K)->993K(69888K)
[528.428s][info][gc,heap        ] GC(1113) Tenured: 16834K(1398144K)->16899K(1398144K)
[528.428s][info][gc,metaspace   ] GC(1113) Metaspace: 14356K(15296K)->14356K(15296K) NonClass: 12388K(12992K)->12388K(12992K) Class: 1967K(2304K)->1967K(2304K)
[528.428s][info][gc             ] GC(1113) Pause Young (Allocation Failure) 563M->17M(1979M) 60.707ms
[528.428s][info][gc,cpu         ] GC(1113) User=0.05s Sys=0.00s Real=0.05s
[528.831s][info][gc,start       ] GC(1114) Pause Young (Allocation Failure)
[528.885s][info][gc,heap        ] GC(1114) DefNew: 560353K(629248K)->989K(629248K) Eden: 559360K(559360K)->0K(559360K) From: 993K(69888K)->989K(69888K)
[528.885s][info][gc,heap        ] GC(1114) Tenured: 16899K(1398144K)->16968K(1398144K)
[528.885s][info][gc,metaspace   ] GC(1114) Metaspace: 14356K(15296K)->14356K(15296K) NonClass: 12388K(12992K)->12388K(12992K) Class: 1967K(2304K)->1967K(2304K)
[528.885s][info][gc             ] GC(1114) Pause Young (Allocation Failure) 563M->17M(1979M) 53.664ms
[528.885s][info][gc,cpu         ] GC(1114) User=0.05s Sys=0.00s Real=0.05s
[529.287s][info][gc,start       ] GC(1115) Pause Young (Allocation Failure)
[529.336s][info][gc,heap        ] GC(1115) DefNew: 560349K(629248K)->986K(629248K) Eden: 559360K(559360K)->0K(559360K) From: 989K(69888K)->986K(69888K)
[529.336s][info][gc,heap        ] GC(1115) Tenured: 16968K(1398144K)->17036K(1398144K)
[529.336s][info][gc,metaspace   ] GC(1115) Metaspace: 14356K(15296K)->14356K(15296K) NonClass: 12388K(12992K)->12388K(12992K) Class: 1967K(2304K)->1967K(2304K)
[529.336s][info][gc             ] GC(1115) Pause Young (Allocation Failure) 563M->17M(1979M) 48.234ms
[529.336s][info][gc,cpu         ] GC(1115) User=0.05s Sys=0.00s Real=0.04s
[529.739s][info][gc,start       ] GC(1116) Pause Young (Allocation Failure)
[529.802s][info][gc,heap        ] GC(1116) DefNew: 560346K(629248K)->987K(629248K) Eden: 559360K(559360K)->0K(559360K) From: 986K(69888K)->987K(69888K)
[529.802s][info][gc,heap        ] GC(1116) Tenured: 17036K(1398144K)->17101K(1398144K)
[529.802s][info][gc,metaspace   ] GC(1116) Metaspace: 14356K(15296K)->14356K(15296K) NonClass: 12388K(12992K)->12388K(12992K) Class: 1967K(2304K)->1967K(2304K)
[529.802s][info][gc             ] GC(1116) Pause Young (Allocation Failure) 563M->17M(1979M) 63.122ms
[529.802s][info][gc,cpu         ] GC(1116) User=0.05s Sys=0.00s Real=0.05s
[530.212s][info][gc,start       ] GC(1117) Pause Young (Allocation Failure)
[530.271s][info][gc,heap        ] GC(1117) DefNew: 560347K(629248K)->988K(629248K) Eden: 559360K(559360K)->0K(559360K) From: 987K(69888K)->988K(69888K)
[530.271s][info][gc,heap        ] GC(1117) Tenured: 17101K(1398144K)->17166K(1398144K)
[530.271s][info][gc,metaspace   ] GC(1117) Metaspace: 14356K(15296K)->14356K(15296K) NonClass: 12388K(12992K)->12388K(12992K) Class: 1967K(2304K)->1967K(2304K)
[530.271s][info][gc             ] GC(1117) Pause Young (Allocation Failure) 563M->17M(1979M) 59.474ms
[530.271s][info][gc,cpu         ] GC(1117) User=0.05s Sys=0.00s Real=0.05s
[530.683s][info][gc,start       ] GC(1118) Pause Young (Allocation Failure)
[530.740s][info][gc,heap        ] GC(1118) DefNew: 560348K(629248K)->981K(629248K) Eden: 559360K(559360K)->0K(559360K) From: 988K(69888K)->981K(69888K)
[530.740s][info][gc,heap        ] GC(1118) Tenured: 17166K(1398144K)->17237K(1398144K)
[530.740s][info][gc,metaspace   ] GC(1118) Metaspace: 14356K(15296K)->14356K(15296K) NonClass: 12388K(12992K)->12388K(12992K) Class: 1967K(2304K)->1967K(2304K)
[530.740s][info][gc             ] GC(1118) Pause Young (Allocation Failure) 563M->17M(1979M) 56.913ms
[530.740s][info][gc,cpu         ] GC(1118) User=0.05s Sys=0.00s Real=0.04s
[531.161s][info][gc,start       ] GC(1119) Pause Young (Allocation Failure)
[531.218s][info][gc,heap        ] GC(1119) DefNew: 560341K(629248K)->982K(629248K) Eden: 559360K(559360K)->0K(559360K) From: 981K(69888K)->982K(69888K)
[531.218s][info][gc,heap        ] GC(1119) Tenured: 17237K(1398144K)->17302K(1398144K)
[531.218s][info][gc,metaspace   ] GC(1119) Metaspace: 14356K(15296K)->14356K(15296K) NonClass: 12388K(12992K)->12388K(12992K) Class: 1967K(2304K)->1967K(2304K)
[531.218s][info][gc             ] GC(1119) Pause Young (Allocation Failure) 564M->17M(1979M) 57.340ms
[531.218s][info][gc,cpu         ] GC(1119) User=0.05s Sys=0.00s Real=0.05s
[531.622s][info][gc,start       ] GC(1120) Pause Young (Allocation Failure)
[531.682s][info][gc,heap        ] GC(1120) DefNew: 560342K(629248K)->978K(629248K) Eden: 559360K(559360K)->0K(559360K) From: 982K(69888K)->978K(69888K)
[531.682s][info][gc,heap        ] GC(1120) Tenured: 17302K(1398144K)->17370K(1398144K)
[531.682s][info][gc,metaspace   ] GC(1120) Metaspace: 14356K(15296K)->14356K(15296K) NonClass: 12388K(12992K)->12388K(12992K) Class: 1967K(2304K)->1967K(2304K)
[531.682s][info][gc             ] GC(1120) Pause Young (Allocation Failure) 564M->17M(1979M) 59.162ms
[531.682s][info][gc,cpu         ] GC(1120) User=0.05s Sys=0.00s Real=0.05s
[532.083s][info][gc,start       ] GC(1121) Pause Young (Allocation Failure)
[532.144s][info][gc,heap        ] GC(1121) DefNew: 560338K(629248K)->979K(629248K) Eden: 559360K(559360K)->0K(559360K) From: 978K(69888K)->979K(69888K)
[532.144s][info][gc,heap        ] GC(1121) Tenured: 17370K(1398144K)->17432K(1398144K)
[532.144s][info][gc,metaspace   ] GC(1121) Metaspace: 14356K(15296K)->14356K(15296K) NonClass: 12388K(12992K)->12388K(12992K) Class: 1967K(2304K)->1967K(2304K)
[532.144s][info][gc             ] GC(1121) Pause Young (Allocation Failure) 564M->17M(1979M) 60.902ms
[532.144s][info][gc,cpu         ] GC(1121) User=0.05s Sys=0.00s Real=0.05s
[532.548s][info][gc,start       ] GC(1122) Pause Young (Allocation Failure)
[532.607s][info][gc,heap        ] GC(1122) DefNew: 560339K(629248K)->976K(629248K) Eden: 559360K(559360K)->0K(559360K) From: 979K(69888K)->976K(69888K)
[532.607s][info][gc,heap        ] GC(1122) Tenured: 17432K(1398144K)->17497K(1398144K)
[532.607s][info][gc,metaspace   ] GC(1122) Metaspace: 14356K(15296K)->14356K(15296K) NonClass: 12388K(12992K)->12388K(12992K) Class: 1967K(2304K)->1967K(2304K)
[532.607s][info][gc             ] GC(1122) Pause Young (Allocation Failure) 564M->18M(1979M) 59.939ms
[532.607s][info][gc,cpu         ] GC(1122) User=0.06s Sys=0.00s Real=0.05s
[533.050s][info][gc,start       ] GC(1123) Pause Young (Allocation Failure)
[533.106s][info][gc,heap        ] GC(1123) DefNew: 560336K(629248K)->976K(629248K) Eden: 559360K(559360K)->0K(559360K) From: 976K(69888K)->976K(69888K)
[533.106s][info][gc,heap        ] GC(1123) Tenured: 17497K(1398144K)->17561K(1398144K)
[533.106s][info][gc,metaspace   ] GC(1123) Metaspace: 14356K(15296K)->14356K(15296K) NonClass: 12388K(12992K)->12388K(12992K) Class: 1967K(2304K)->1967K(2304K)
[533.106s][info][gc             ] GC(1123) Pause Young (Allocation Failure) 564M->18M(1979M) 56.219ms
[533.106s][info][gc,cpu         ] GC(1123) User=0.05s Sys=0.00s Real=0.06s
[533.550s][info][gc,start       ] GC(1124) Pause Young (Allocation Failure)
[533.607s][info][gc,heap        ] GC(1124) DefNew: 560336K(629248K)->984K(629248K) Eden: 559360K(559360K)->0K(559360K) From: 976K(69888K)->984K(69888K)
[533.629s][info][gc,heap        ] GC(1124) Tenured: 17561K(1398144K)->17624K(1398144K)
[533.629s][info][gc,metaspace   ] GC(1124) Metaspace: 14356K(15296K)->14356K(15296K) NonClass: 12388K(12992K)->12388K(12992K) Class: 1967K(2304K)->1967K(2304K)
[533.629s][info][gc             ] GC(1124) Pause Young (Allocation Failure) 564M->18M(1979M) 79.795ms
[533.629s][info][gc,cpu         ] GC(1124) User=0.05s Sys=0.00s Real=0.08s
[534.054s][info][gc,start       ] GC(1125) Pause Young (Allocation Failure)
[534.111s][info][gc,heap        ] GC(1125) DefNew: 560344K(629248K)->987K(629248K) Eden: 559360K(559360K)->0K(559360K) From: 984K(69888K)->987K(69888K)
[534.111s][info][gc,heap        ] GC(1125) Tenured: 17624K(1398144K)->17689K(1398144K)
[534.111s][info][gc,metaspace   ] GC(1125) Metaspace: 14356K(15296K)->14356K(15296K) NonClass: 12388K(12992K)->12388K(12992K) Class: 1967K(2304K)->1967K(2304K)
[534.111s][info][gc             ] GC(1125) Pause Young (Allocation Failure) 564M->18M(1979M) 56.779ms
[534.111s][info][gc,cpu         ] GC(1125) User=0.05s Sys=0.00s Real=0.06s
[534.555s][info][gc,start       ] GC(1126) Pause Young (Allocation Failure)
[534.615s][info][gc,heap        ] GC(1126) DefNew: 560347K(629248K)->985K(629248K) Eden: 559360K(559360K)->0K(559360K) From: 987K(69888K)->985K(69888K)
[534.615s][info][gc,heap        ] GC(1126) Tenured: 17689K(1398144K)->17761K(1398144K)
[534.615s][info][gc,metaspace   ] GC(1126) Metaspace: 14356K(15296K)->14356K(15296K) NonClass: 12388K(12992K)->12388K(12992K) Class: 1967K(2304K)->1967K(2304K)
[534.615s][info][gc             ] GC(1126) Pause Young (Allocation Failure) 564M->18M(1979M) 60.252ms
[534.615s][info][gc,cpu         ] GC(1126) User=0.06s Sys=0.00s Real=0.06s
[535.102s][info][gc,start       ] GC(1127) Pause Young (Allocation Failure)
[535.163s][info][gc,heap        ] GC(1127) DefNew: 560345K(629248K)->999K(629248K) Eden: 559360K(559360K)->0K(559360K) From: 985K(69888K)->999K(69888K)
[535.163s][info][gc,heap        ] GC(1127) Tenured: 17761K(1398144K)->17823K(1398144K)
[535.163s][info][gc,metaspace   ] GC(1127) Metaspace: 14356K(15296K)->14356K(15296K) NonClass: 12388K(12992K)->12388K(12992K) Class: 1967K(2304K)->1967K(2304K)
[535.163s][info][gc             ] GC(1127) Pause Young (Allocation Failure) 564M->18M(1979M) 60.788ms
[535.163s][info][gc,cpu         ] GC(1127) User=0.05s Sys=0.00s Real=0.06s
[535.592s][info][gc,start       ] GC(1128) Pause Young (Allocation Failure)
[535.635s][info][gc,heap        ] GC(1128) DefNew: 560359K(629248K)->1003K(629248K) Eden: 559360K(559360K)->0K(559360K) From: 999K(69888K)->1003K(69888K)
[535.635s][info][gc,heap        ] GC(1128) Tenured: 17823K(1398144K)->17885K(1398144K)
[535.635s][info][gc,metaspace   ] GC(1128) Metaspace: 14356K(15296K)->14356K(15296K) NonClass: 12388K(12992K)->12388K(12992K) Class: 1967K(2304K)->1967K(2304K)
[535.635s][info][gc             ] GC(1128) Pause Young (Allocation Failure) 564M->18M(1979M) 43.095ms
[535.635s][info][gc,cpu         ] GC(1128) User=0.03s Sys=0.00s Real=0.03s
[535.795s][info][gc,start       ] GC(1129) Pause Full (System.gc())
[535.795s][info][gc,phases,start] GC(1129) Phase 1: Mark live objects
[535.834s][info][gc,phases      ] GC(1129) Phase 1: Mark live objects 39.495ms
[535.834s][info][gc,phases,start] GC(1129) Phase 2: Compute new object addresses
[535.852s][info][gc,phases      ] GC(1129) Phase 2: Compute new object addresses 17.772ms
[535.852s][info][gc,phases,start] GC(1129) Phase 3: Adjust pointers
[535.879s][info][gc,phases      ] GC(1129) Phase 3: Adjust pointers 26.587ms
[535.879s][info][gc,phases,start] GC(1129) Phase 4: Move objects
[535.879s][info][gc,phases      ] GC(1129) Phase 4: Move objects 0.013ms
[535.879s][info][gc,heap        ] GC(1129) DefNew: 73685K(629248K)->0K(629248K) Eden: 72681K(559360K)->0K(559360K) From: 1003K(69888K)->0K(69888K)
[535.879s][info][gc,heap        ] GC(1129) Tenured: 17885K(1398144K)->5375K(1398144K)
[535.879s][info][gc,metaspace   ] GC(1129) Metaspace: 14359K(15296K)->14359K(15296K) NonClass: 12392K(12992K)->12392K(12992K) Class: 1967K(2304K)->1967K(2304K)
[535.879s][info][gc             ] GC(1129) Pause Full (System.gc()) 89M->5M(1979M) 84.243ms
[535.879s][info][gc,cpu         ] GC(1129) User=0.08s Sys=0.00s Real=0.08s
[536.215s][info][gc,start       ] GC(1130) Pause Young (Allocation Failure)
[536.257s][info][gc,heap        ] GC(1130) DefNew: 559360K(629248K)->1515K(629248K) Eden: 559360K(559360K)->0K(559360K) From: 0K(69888K)->1515K(69888K)
[536.257s][info][gc,heap        ] GC(1130) Tenured: 5375K(1398144K)->5375K(1398144K)
[536.257s][info][gc,metaspace   ] GC(1130) Metaspace: 14361K(15296K)->14361K(15296K) NonClass: 12393K(12992K)->12393K(12992K) Class: 1967K(2304K)->1967K(2304K)
[536.257s][info][gc             ] GC(1130) Pause Young (Allocation Failure) 551M->6M(1979M) 42.368ms
[536.257s][info][gc,cpu         ] GC(1130) User=0.03s Sys=0.00s Real=0.03s
[536.654s][info][gc,start       ] GC(1131) Pause Young (Allocation Failure)
[536.717s][info][gc,heap        ] GC(1131) DefNew: 560875K(629248K)->1575K(629248K) Eden: 559360K(559360K)->0K(559360K) From: 1515K(69888K)->1575K(69888K)
[536.717s][info][gc,heap        ] GC(1131) Tenured: 5375K(1398144K)->5375K(1398144K)
[536.717s][info][gc,metaspace   ] GC(1131) Metaspace: 14361K(15296K)->14361K(15296K) NonClass: 12393K(12992K)->12393K(12992K) Class: 1967K(2304K)->1967K(2304K)
[536.717s][info][gc             ] GC(1131) Pause Young (Allocation Failure) 552M->6M(1979M) 63.424ms
[536.717s][info][gc,cpu         ] GC(1131) User=0.05s Sys=0.00s Real=0.05s
[537.172s][info][gc,start       ] GC(1132) Pause Young (Allocation Failure)
[537.241s][info][gc,heap        ] GC(1132) DefNew: 560935K(629248K)->1636K(629248K) Eden: 559360K(559360K)->0K(559360K) From: 1575K(69888K)->1636K(69888K)
[537.241s][info][gc,heap        ] GC(1132) Tenured: 5375K(1398144K)->5375K(1398144K)
[537.241s][info][gc,metaspace   ] GC(1132) Metaspace: 14361K(15296K)->14361K(15296K) NonClass: 12393K(12992K)->12393K(12992K) Class: 1967K(2304K)->1967K(2304K)
[537.241s][info][gc             ] GC(1132) Pause Young (Allocation Failure) 553M->6M(1979M) 68.678ms
[537.241s][info][gc,cpu         ] GC(1132) User=0.06s Sys=0.00s Real=0.06s
[537.677s][info][gc,start       ] GC(1133) Pause Young (Allocation Failure)
[537.734s][info][gc,heap        ] GC(1133) DefNew: 560996K(629248K)->1706K(629248K) Eden: 559360K(559360K)->0K(559360K) From: 1636K(69888K)->1706K(69888K)
[537.734s][info][gc,heap        ] GC(1133) Tenured: 5375K(1398144K)->5375K(1398144K)
[537.734s][info][gc,metaspace   ] GC(1133) Metaspace: 14361K(15296K)->14361K(15296K) NonClass: 12393K(12992K)->12393K(12992K) Class: 1967K(2304K)->1967K(2304K)
[537.734s][info][gc             ] GC(1133) Pause Young (Allocation Failure) 553M->6M(1979M) 57.136ms
[537.734s][info][gc,cpu         ] GC(1133) User=0.05s Sys=0.00s Real=0.06s
[538.156s][info][gc,start       ] GC(1134) Pause Young (Allocation Failure)
[538.201s][info][gc,heap        ] GC(1134) DefNew: 561066K(629248K)->1776K(629248K) Eden: 559360K(559360K)->0K(559360K) From: 1706K(69888K)->1776K(69888K)
[538.201s][info][gc,heap        ] GC(1134) Tenured: 5375K(1398144K)->5375K(1398144K)
[538.201s][info][gc,metaspace   ] GC(1134) Metaspace: 14361K(15296K)->14361K(15296K) NonClass: 12393K(12992K)->12393K(12992K) Class: 1967K(2304K)->1967K(2304K)
[538.201s][info][gc             ] GC(1134) Pause Young (Allocation Failure) 553M->6M(1979M) 45.871ms
[538.201s][info][gc,cpu         ] GC(1134) User=0.03s Sys=0.00s Real=0.03s
[538.599s][info][gc,start       ] GC(1135) Pause Young (Allocation Failure)
[538.647s][info][gc,heap        ] GC(1135) DefNew: 561136K(629248K)->1831K(629248K) Eden: 559360K(559360K)->0K(559360K) From: 1776K(69888K)->1831K(69888K)
[538.647s][info][gc,heap        ] GC(1135) Tenured: 5375K(1398144K)->5375K(1398144K)
[538.647s][info][gc,metaspace   ] GC(1135) Metaspace: 14361K(15296K)->14361K(15296K) NonClass: 12393K(12992K)->12393K(12992K) Class: 1967K(2304K)->1967K(2304K)
[538.647s][info][gc             ] GC(1135) Pause Young (Allocation Failure) 553M->7M(1979M) 48.308ms
[538.647s][info][gc,cpu         ] GC(1135) User=0.03s Sys=0.00s Real=0.04s
[539.078s][info][gc,start       ] GC(1136) Pause Young (Allocation Failure)
[539.142s][info][gc,heap        ] GC(1136) DefNew: 561191K(629248K)->1896K(629248K) Eden: 559360K(559360K)->0K(559360K) From: 1831K(69888K)->1896K(69888K)
[539.142s][info][gc,heap        ] GC(1136) Tenured: 5375K(1398144K)->5375K(1398144K)
[539.142s][info][gc,metaspace   ] GC(1136) Metaspace: 14361K(15296K)->14361K(15296K) NonClass: 12393K(12992K)->12393K(12992K) Class: 1967K(2304K)->1967K(2304K)
[539.142s][info][gc             ] GC(1136) Pause Young (Allocation Failure) 553M->7M(1979M) 64.160ms
[539.142s][info][gc,cpu         ] GC(1136) User=0.06s Sys=0.00s Real=0.06s
[539.562s][info][gc,start       ] GC(1137) Pause Young (Allocation Failure)
[539.626s][info][gc,heap        ] GC(1137) DefNew: 561256K(629248K)->1964K(629248K) Eden: 559360K(559360K)->0K(559360K) From: 1896K(69888K)->1964K(69888K)
[539.626s][info][gc,heap        ] GC(1137) Tenured: 5375K(1398144K)->5375K(1398144K)
[539.626s][info][gc,metaspace   ] GC(1137) Metaspace: 14361K(15296K)->14361K(15296K) NonClass: 12393K(12992K)->12393K(12992K) Class: 1967K(2304K)->1967K(2304K)
[539.626s][info][gc             ] GC(1137) Pause Young (Allocation Failure) 553M->7M(1979M) 64.164ms
[539.626s][info][gc,cpu         ] GC(1137) User=0.06s Sys=0.00s Real=0.06s
[540.039s][info][gc,start       ] GC(1138) Pause Young (Allocation Failure)
[540.101s][info][gc,heap        ] GC(1138) DefNew: 561324K(629248K)->2030K(629248K) Eden: 559360K(559360K)->0K(559360K) From: 1964K(69888K)->2030K(69888K)
[540.101s][info][gc,heap        ] GC(1138) Tenured: 5375K(1398144K)->5375K(1398144K)
[540.101s][info][gc,metaspace   ] GC(1138) Metaspace: 14361K(15296K)->14361K(15296K) NonClass: 12393K(12992K)->12393K(12992K) Class: 1967K(2304K)->1967K(2304K)
[540.101s][info][gc             ] GC(1138) Pause Young (Allocation Failure) 553M->7M(1979M) 62.281ms
[540.101s][info][gc,cpu         ] GC(1138) User=0.06s Sys=0.00s Real=0.06s
[540.494s][info][gc,start       ] GC(1139) Pause Young (Allocation Failure)
[540.556s][info][gc,heap        ] GC(1139) DefNew: 561390K(629248K)->2092K(629248K) Eden: 559360K(559360K)->0K(559360K) From: 2030K(69888K)->2092K(69888K)
[540.556s][info][gc,heap        ] GC(1139) Tenured: 5375K(1398144K)->5375K(1398144K)
[540.556s][info][gc,metaspace   ] GC(1139) Metaspace: 14361K(15296K)->14361K(15296K) NonClass: 12393K(12992K)->12393K(12992K) Class: 1967K(2304K)->1967K(2304K)
[540.556s][info][gc             ] GC(1139) Pause Young (Allocation Failure) 553M->7M(1979M) 61.821ms
[540.556s][info][gc,cpu         ] GC(1139) User=0.06s Sys=0.00s Real=0.06s
[540.992s][info][gc,start       ] GC(1140) Pause Young (Allocation Failure)
[541.052s][info][gc,heap        ] GC(1140) DefNew: 561452K(629248K)->2160K(629248K) Eden: 559360K(559360K)->0K(559360K) From: 2092K(69888K)->2160K(69888K)
[541.052s][info][gc,heap        ] GC(1140) Tenured: 5375K(1398144K)->5375K(1398144K)
[541.052s][info][gc,metaspace   ] GC(1140) Metaspace: 14361K(15296K)->14361K(15296K) NonClass: 12393K(12992K)->12393K(12992K) Class: 1967K(2304K)->1967K(2304K)
[541.052s][info][gc             ] GC(1140) Pause Young (Allocation Failure) 553M->7M(1979M) 59.603ms
[541.052s][info][gc,cpu         ] GC(1140) User=0.05s Sys=0.00s Real=0.05s
[541.467s][info][gc,start       ] GC(1141) Pause Young (Allocation Failure)
[541.530s][info][gc,heap        ] GC(1141) DefNew: 561520K(629248K)->2227K(629248K) Eden: 559360K(559360K)->0K(559360K) From: 2160K(69888K)->2227K(69888K)
[541.530s][info][gc,heap        ] GC(1141) Tenured: 5375K(1398144K)->5375K(1398144K)
[541.530s][info][gc,metaspace   ] GC(1141) Metaspace: 14361K(15296K)->14361K(15296K) NonClass: 12393K(12992K)->12393K(12992K) Class: 1967K(2304K)->1967K(2304K)
[541.530s][info][gc             ] GC(1141) Pause Young (Allocation Failure) 553M->7M(1979M) 62.563ms
[541.530s][info][gc,cpu         ] GC(1141) User=0.06s Sys=0.00s Real=0.05s
[541.955s][info][gc,start       ] GC(1142) Pause Young (Allocation Failure)
[542.016s][info][gc,heap        ] GC(1142) DefNew: 561587K(629248K)->2295K(629248K) Eden: 559360K(559360K)->0K(559360K) From: 2227K(69888K)->2295K(69888K)
[542.016s][info][gc,heap        ] GC(1142) Tenured: 5375K(1398144K)->5375K(1398144K)
[542.016s][info][gc,metaspace   ] GC(1142) Metaspace: 14361K(15296K)->14361K(15296K) NonClass: 12393K(12992K)->12393K(12992K) Class: 1967K(2304K)->1967K(2304K)
[542.016s][info][gc             ] GC(1142) Pause Young (Allocation Failure) 553M->7M(1979M) 61.506ms
[542.016s][info][gc,cpu         ] GC(1142) User=0.06s Sys=0.00s Real=0.06s
[542.425s][info][gc,start       ] GC(1143) Pause Young (Allocation Failure)
[542.487s][info][gc,heap        ] GC(1143) DefNew: 561655K(629248K)->2360K(629248K) Eden: 559360K(559360K)->0K(559360K) From: 2295K(69888K)->2360K(69888K)
[542.487s][info][gc,heap        ] GC(1143) Tenured: 5375K(1398144K)->5375K(1398144K)
[542.487s][info][gc,metaspace   ] GC(1143) Metaspace: 14361K(15296K)->14361K(15296K) NonClass: 12393K(12992K)->12393K(12992K) Class: 1967K(2304K)->1967K(2304K)
[542.487s][info][gc             ] GC(1143) Pause Young (Allocation Failure) 553M->7M(1979M) 61.882ms
[542.487s][info][gc,cpu         ] GC(1143) User=0.05s Sys=0.00s Real=0.05s
[542.893s][info][gc,start       ] GC(1144) Pause Young (Allocation Failure)
[542.957s][info][gc,heap        ] GC(1144) DefNew: 561720K(629248K)->2422K(629248K) Eden: 559360K(559360K)->0K(559360K) From: 2360K(69888K)->2422K(69888K)
[542.957s][info][gc,heap        ] GC(1144) Tenured: 5375K(1398144K)->5375K(1398144K)
[542.957s][info][gc,metaspace   ] GC(1144) Metaspace: 14361K(15296K)->14361K(15296K) NonClass: 12393K(12992K)->12393K(12992K) Class: 1967K(2304K)->1967K(2304K)
[542.957s][info][gc             ] GC(1144) Pause Young (Allocation Failure) 553M->7M(1979M) 64.422ms
[542.958s][info][gc,cpu         ] GC(1144) User=0.06s Sys=0.00s Real=0.06s
[543.369s][info][gc,start       ] GC(1145) Pause Young (Allocation Failure)
[543.433s][info][gc,heap        ] GC(1145) DefNew: 561782K(629248K)->982K(629248K) Eden: 559360K(559360K)->0K(559360K) From: 2422K(69888K)->982K(69888K)
[543.433s][info][gc,heap        ] GC(1145) Tenured: 5375K(1398144K)->6879K(1398144K)
[543.433s][info][gc,metaspace   ] GC(1145) Metaspace: 14361K(15296K)->14361K(15296K) NonClass: 12393K(12992K)->12393K(12992K) Class: 1967K(2304K)->1967K(2304K)
[543.433s][info][gc             ] GC(1145) Pause Young (Allocation Failure) 553M->7M(1979M) 63.564ms
[543.433s][info][gc,cpu         ] GC(1145) User=0.05s Sys=0.02s Real=0.06s
[543.868s][info][gc,start       ] GC(1146) Pause Young (Allocation Failure)
[543.926s][info][gc,heap        ] GC(1146) DefNew: 560342K(629248K)->987K(629248K) Eden: 559360K(559360K)->0K(559360K) From: 982K(69888K)->987K(69888K)
[543.927s][info][gc,heap        ] GC(1146) Tenured: 6879K(1398144K)->6941K(1398144K)
[543.927s][info][gc,metaspace   ] GC(1146) Metaspace: 14361K(15296K)->14361K(15296K) NonClass: 12393K(12992K)->12393K(12992K) Class: 1967K(2304K)->1967K(2304K)
[543.927s][info][gc             ] GC(1146) Pause Young (Allocation Failure) 553M->7M(1979M) 59.009ms
[543.927s][info][gc,cpu         ] GC(1146) User=0.05s Sys=0.00s Real=0.06s
[544.344s][info][gc,start       ] GC(1147) Pause Young (Allocation Failure)
[544.402s][info][gc,heap        ] GC(1147) DefNew: 560347K(629248K)->991K(629248K) Eden: 559360K(559360K)->0K(559360K) From: 987K(69888K)->991K(69888K)
[544.402s][info][gc,heap        ] GC(1147) Tenured: 6941K(1398144K)->7003K(1398144K)
[544.402s][info][gc,metaspace   ] GC(1147) Metaspace: 14361K(15296K)->14361K(15296K) NonClass: 12393K(12992K)->12393K(12992K) Class: 1967K(2304K)->1967K(2304K)
[544.402s][info][gc             ] GC(1147) Pause Young (Allocation Failure) 553M->7M(1979M) 58.369ms
[544.402s][info][gc,cpu         ] GC(1147) User=0.06s Sys=0.00s Real=0.05s
[544.832s][info][gc,start       ] GC(1148) Pause Young (Allocation Failure)
[544.893s][info][gc,heap        ] GC(1148) DefNew: 560351K(629248K)->991K(629248K) Eden: 559360K(559360K)->0K(559360K) From: 991K(69888K)->991K(69888K)
[544.893s][info][gc,heap        ] GC(1148) Tenured: 7003K(1398144K)->7071K(1398144K)
[544.893s][info][gc,metaspace   ] GC(1148) Metaspace: 14361K(15296K)->14361K(15296K) NonClass: 12393K(12992K)->12393K(12992K) Class: 1967K(2304K)->1967K(2304K)
[544.893s][info][gc             ] GC(1148) Pause Young (Allocation Failure) 554M->7M(1979M) 61.421ms
[544.893s][info][gc,cpu         ] GC(1148) User=0.06s Sys=0.00s Real=0.06s
[545.311s][info][gc,start       ] GC(1149) Pause Young (Allocation Failure)
[545.373s][info][gc,heap        ] GC(1149) DefNew: 560351K(629248K)->991K(629248K) Eden: 559360K(559360K)->0K(559360K) From: 991K(69888K)->991K(69888K)
[545.373s][info][gc,heap        ] GC(1149) Tenured: 7071K(1398144K)->7136K(1398144K)
[545.373s][info][gc,metaspace   ] GC(1149) Metaspace: 14361K(15296K)->14361K(15296K) NonClass: 12393K(12992K)->12393K(12992K) Class: 1967K(2304K)->1967K(2304K)
[545.373s][info][gc             ] GC(1149) Pause Young (Allocation Failure) 554M->7M(1979M) 61.833ms
[545.373s][info][gc,cpu         ] GC(1149) User=0.06s Sys=0.00s Real=0.05s
[545.791s][info][gc,start       ] GC(1150) Pause Young (Allocation Failure)
[545.854s][info][gc,heap        ] GC(1150) DefNew: 560351K(629248K)->998K(629248K) Eden: 559360K(559360K)->0K(559360K) From: 991K(69888K)->998K(69888K)
[545.854s][info][gc,heap        ] GC(1150) Tenured: 7136K(1398144K)->7198K(1398144K)
[545.854s][info][gc,metaspace   ] GC(1150) Metaspace: 14361K(15296K)->14361K(15296K) NonClass: 12393K(12992K)->12393K(12992K) Class: 1967K(2304K)->1967K(2304K)
[545.854s][info][gc             ] GC(1150) Pause Young (Allocation Failure) 554M->8M(1979M) 63.523ms
[545.854s][info][gc,cpu         ] GC(1150) User=0.06s Sys=0.00s Real=0.06s
[546.406s][info][gc,start       ] GC(1151) Pause Young (Allocation Failure)
[546.473s][info][gc,heap        ] GC(1151) DefNew: 560358K(629248K)->997K(629248K) Eden: 559360K(559360K)->0K(559360K) From: 998K(69888K)->997K(69888K)
[546.473s][info][gc,heap        ] GC(1151) Tenured: 7198K(1398144K)->7263K(1398144K)
[546.473s][info][gc,metaspace   ] GC(1151) Metaspace: 14361K(15296K)->14361K(15296K) NonClass: 12393K(12992K)->12393K(12992K) Class: 1967K(2304K)->1967K(2304K)
[546.473s][info][gc             ] GC(1151) Pause Young (Allocation Failure) 554M->8M(1979M) 66.259ms
[546.473s][info][gc,cpu         ] GC(1151) User=0.08s Sys=0.00s Real=0.07s
[546.904s][info][gc,start       ] GC(1152) Pause Young (Allocation Failure)
[546.950s][info][gc,heap        ] GC(1152) DefNew: 560357K(629248K)->997K(629248K) Eden: 559360K(559360K)->0K(559360K) From: 997K(69888K)->997K(69888K)
[546.950s][info][gc,heap        ] GC(1152) Tenured: 7263K(1398144K)->7331K(1398144K)
[546.950s][info][gc,metaspace   ] GC(1152) Metaspace: 14361K(15296K)->14361K(15296K) NonClass: 12393K(12992K)->12393K(12992K) Class: 1967K(2304K)->1967K(2304K)
[546.950s][info][gc             ] GC(1152) Pause Young (Allocation Failure) 554M->8M(1979M) 45.501ms
[546.950s][info][gc,cpu         ] GC(1152) User=0.03s Sys=0.00s Real=0.03s
[547.368s][info][gc,start       ] GC(1153) Pause Young (Allocation Failure)
[547.428s][info][gc,heap        ] GC(1153) DefNew: 560357K(629248K)->998K(629248K) Eden: 559360K(559360K)->0K(559360K) From: 997K(69888K)->998K(69888K)
[547.428s][info][gc,heap        ] GC(1153) Tenured: 7331K(1398144K)->7396K(1398144K)
[547.428s][info][gc,metaspace   ] GC(1153) Metaspace: 14361K(15296K)->14361K(15296K) NonClass: 12393K(12992K)->12393K(12992K) Class: 1967K(2304K)->1967K(2304K)
[547.428s][info][gc             ] GC(1153) Pause Young (Allocation Failure) 554M->8M(1979M) 59.369ms
[547.428s][info][gc,cpu         ] GC(1153) User=0.06s Sys=0.00s Real=0.06s
[547.861s][info][gc,start       ] GC(1154) Pause Young (Allocation Failure)
[547.920s][info][gc,heap        ] GC(1154) DefNew: 560358K(629248K)->1006K(629248K) Eden: 559360K(559360K)->0K(559360K) From: 998K(69888K)->1006K(69888K)
[547.920s][info][gc,heap        ] GC(1154) Tenured: 7396K(1398144K)->7458K(1398144K)
[547.920s][info][gc,metaspace   ] GC(1154) Metaspace: 14361K(15296K)->14361K(15296K) NonClass: 12393K(12992K)->12393K(12992K) Class: 1967K(2304K)->1967K(2304K)
[547.920s][info][gc             ] GC(1154) Pause Young (Allocation Failure) 554M->8M(1979M) 59.521ms
[547.920s][info][gc,cpu         ] GC(1154) User=0.06s Sys=0.00s Real=0.06s
[548.336s][info][gc,start       ] GC(1155) Pause Young (Allocation Failure)
[548.396s][info][gc,heap        ] GC(1155) DefNew: 560366K(629248K)->1001K(629248K) Eden: 559360K(559360K)->0K(559360K) From: 1006K(69888K)->1001K(69888K)
[548.396s][info][gc,heap        ] GC(1155) Tenured: 7458K(1398144K)->7526K(1398144K)
[548.396s][info][gc,metaspace   ] GC(1155) Metaspace: 14361K(15296K)->14361K(15296K) NonClass: 12393K(12992K)->12393K(12992K) Class: 1967K(2304K)->1967K(2304K)
[548.396s][info][gc             ] GC(1155) Pause Young (Allocation Failure) 554M->8M(1979M) 59.804ms
[548.396s][info][gc,cpu         ] GC(1155) User=0.05s Sys=0.00s Real=0.05s
[548.816s][info][gc,start       ] GC(1156) Pause Young (Allocation Failure)
[548.865s][info][gc,heap        ] GC(1156) DefNew: 560361K(629248K)->1005K(629248K) Eden: 559360K(559360K)->0K(559360K) From: 1001K(69888K)->1005K(69888K)
[548.865s][info][gc,heap        ] GC(1156) Tenured: 7526K(1398144K)->7591K(1398144K)
[548.865s][info][gc,metaspace   ] GC(1156) Metaspace: 14361K(15296K)->14361K(15296K) NonClass: 12393K(12992K)->12393K(12992K) Class: 1967K(2304K)->1967K(2304K)
[548.865s][info][gc             ] GC(1156) Pause Young (Allocation Failure) 554M->8M(1979M) 48.870ms
[548.865s][info][gc,cpu         ] GC(1156) User=0.05s Sys=0.00s Real=0.05s
[549.288s][info][gc,start       ] GC(1157) Pause Young (Allocation Failure)
[549.353s][info][gc,heap        ] GC(1157) DefNew: 560365K(629248K)->1004K(629248K) Eden: 559360K(559360K)->0K(559360K) From: 1005K(69888K)->1004K(69888K)
[549.353s][info][gc,heap        ] GC(1157) Tenured: 7591K(1398144K)->7660K(1398144K)
[549.353s][info][gc,metaspace   ] GC(1157) Metaspace: 14361K(15296K)->14361K(15296K) NonClass: 12393K(12992K)->12393K(12992K) Class: 1967K(2304K)->1967K(2304K)
[549.353s][info][gc             ] GC(1157) Pause Young (Allocation Failure) 554M->8M(1979M) 65.141ms
[549.353s][info][gc,cpu         ] GC(1157) User=0.05s Sys=0.00s Real=0.06s
[549.773s][info][gc,start       ] GC(1158) Pause Young (Allocation Failure)
[549.833s][info][gc,heap        ] GC(1158) DefNew: 560364K(629248K)->1007K(629248K) Eden: 559360K(559360K)->0K(559360K) From: 1004K(69888K)->1007K(69888K)
[549.833s][info][gc,heap        ] GC(1158) Tenured: 7660K(1398144K)->7725K(1398144K)
[549.833s][info][gc,metaspace   ] GC(1158) Metaspace: 14361K(15296K)->14361K(15296K) NonClass: 12393K(12992K)->12393K(12992K) Class: 1967K(2304K)->1967K(2304K)
[549.833s][info][gc             ] GC(1158) Pause Young (Allocation Failure) 554M->8M(1979M) 60.373ms
[549.833s][info][gc,cpu         ] GC(1158) User=0.06s Sys=0.00s Real=0.06s
[550.257s][info][gc,start       ] GC(1159) Pause Young (Allocation Failure)
[550.316s][info][gc,heap        ] GC(1159) DefNew: 560367K(629248K)->1009K(629248K) Eden: 559360K(559360K)->0K(559360K) From: 1007K(69888K)->1009K(69888K)
[550.316s][info][gc,heap        ] GC(1159) Tenured: 7725K(1398144K)->7787K(1398144K)
[550.316s][info][gc,metaspace   ] GC(1159) Metaspace: 14361K(15296K)->14361K(15296K) NonClass: 12393K(12992K)->12393K(12992K) Class: 1967K(2304K)->1967K(2304K)
[550.316s][info][gc             ] GC(1159) Pause Young (Allocation Failure) 554M->8M(1979M) 58.571ms
[550.316s][info][gc,cpu         ] GC(1159) User=0.06s Sys=0.00s Real=0.06s
[550.749s][info][gc,start       ] GC(1160) Pause Young (Allocation Failure)
[550.808s][info][gc,heap        ] GC(1160) DefNew: 560369K(629248K)->1014K(629248K) Eden: 559360K(559360K)->0K(559360K) From: 1009K(69888K)->1014K(69888K)
[550.808s][info][gc,heap        ] GC(1160) Tenured: 7787K(1398144K)->7851K(1398144K)
[550.808s][info][gc,metaspace   ] GC(1160) Metaspace: 14361K(15296K)->14361K(15296K) NonClass: 12393K(12992K)->12393K(12992K) Class: 1967K(2304K)->1967K(2304K)
[550.808s][info][gc             ] GC(1160) Pause Young (Allocation Failure) 554M->8M(1979M) 58.723ms
[550.808s][info][gc,cpu         ] GC(1160) User=0.05s Sys=0.00s Real=0.04s
[551.226s][info][gc,start       ] GC(1161) Pause Young (Allocation Failure)
[551.287s][info][gc,heap        ] GC(1161) DefNew: 560374K(629248K)->1013K(629248K) Eden: 559360K(559360K)->0K(559360K) From: 1014K(69888K)->1013K(69888K)
[551.287s][info][gc,heap        ] GC(1161) Tenured: 7851K(1398144K)->7919K(1398144K)
[551.287s][info][gc,metaspace   ] GC(1161) Metaspace: 14361K(15296K)->14361K(15296K) NonClass: 12393K(12992K)->12393K(12992K) Class: 1967K(2304K)->1967K(2304K)
[551.287s][info][gc             ] GC(1161) Pause Young (Allocation Failure) 554M->8M(1979M) 61.494ms
[551.287s][info][gc,cpu         ] GC(1161) User=0.05s Sys=0.00s Real=0.06s
[551.705s][info][gc,start       ] GC(1162) Pause Young (Allocation Failure)
[551.766s][info][gc,heap        ] GC(1162) DefNew: 560373K(629248K)->1013K(629248K) Eden: 559360K(559360K)->0K(559360K) From: 1013K(69888K)->1013K(69888K)
[551.766s][info][gc,heap        ] GC(1162) Tenured: 7919K(1398144K)->7984K(1398144K)
[551.766s][info][gc,metaspace   ] GC(1162) Metaspace: 14361K(15296K)->14361K(15296K) NonClass: 12393K(12992K)->12393K(12992K) Class: 1967K(2304K)->1967K(2304K)
[551.766s][info][gc             ] GC(1162) Pause Young (Allocation Failure) 554M->8M(1979M) 61.748ms
[551.766s][info][gc,cpu         ] GC(1162) User=0.06s Sys=0.00s Real=0.05s
[552.183s][info][gc,start       ] GC(1163) Pause Young (Allocation Failure)
[552.244s][info][gc,heap        ] GC(1163) DefNew: 560373K(629248K)->1012K(629248K) Eden: 559360K(559360K)->0K(559360K) From: 1013K(69888K)->1012K(69888K)
[552.244s][info][gc,heap        ] GC(1163) Tenured: 7984K(1398144K)->8052K(1398144K)
[552.244s][info][gc,metaspace   ] GC(1163) Metaspace: 14361K(15296K)->14361K(15296K) NonClass: 12393K(12992K)->12393K(12992K) Class: 1967K(2304K)->1967K(2304K)
[552.244s][info][gc             ] GC(1163) Pause Young (Allocation Failure) 555M->8M(1979M) 60.911ms
[552.244s][info][gc,cpu         ] GC(1163) User=0.05s Sys=0.00s Real=0.05s
[552.663s][info][gc,start       ] GC(1164) Pause Young (Allocation Failure)
[552.712s][info][gc,heap        ] GC(1164) DefNew: 560372K(629248K)->1012K(629248K) Eden: 559360K(559360K)->0K(559360K) From: 1012K(69888K)->1012K(69888K)
[552.712s][info][gc,heap        ] GC(1164) Tenured: 8052K(1398144K)->8118K(1398144K)
[552.712s][info][gc,metaspace   ] GC(1164) Metaspace: 14361K(15296K)->14361K(15296K) NonClass: 12393K(12992K)->12393K(12992K) Class: 1967K(2304K)->1967K(2304K)
[552.712s][info][gc             ] GC(1164) Pause Young (Allocation Failure) 555M->8M(1979M) 49.349ms
[552.712s][info][gc,cpu         ] GC(1164) User=0.05s Sys=0.00s Real=0.05s
[553.145s][info][gc,start       ] GC(1165) Pause Young (Allocation Failure)
[553.202s][info][gc,heap        ] GC(1165) DefNew: 560372K(629248K)->1012K(629248K) Eden: 559360K(559360K)->0K(559360K) From: 1012K(69888K)->1012K(69888K)
[553.202s][info][gc,heap        ] GC(1165) Tenured: 8118K(1398144K)->8185K(1398144K)
[553.202s][info][gc,metaspace   ] GC(1165) Metaspace: 14361K(15296K)->14361K(15296K) NonClass: 12393K(12992K)->12393K(12992K) Class: 1967K(2304K)->1967K(2304K)
[553.202s][info][gc             ] GC(1165) Pause Young (Allocation Failure) 555M->8M(1979M) 57.575ms
[553.202s][info][gc,cpu         ] GC(1165) User=0.05s Sys=0.00s Real=0.06s
[553.637s][info][gc,start       ] GC(1166) Pause Young (Allocation Failure)
[553.693s][info][gc,heap        ] GC(1166) DefNew: 560372K(629248K)->1017K(629248K) Eden: 559360K(559360K)->0K(559360K) From: 1012K(69888K)->1017K(69888K)
[553.693s][info][gc,heap        ] GC(1166) Tenured: 8185K(1398144K)->8250K(1398144K)
[553.693s][info][gc,metaspace   ] GC(1166) Metaspace: 14361K(15296K)->14361K(15296K) NonClass: 12393K(12992K)->12393K(12992K) Class: 1967K(2304K)->1967K(2304K)
[553.693s][info][gc             ] GC(1166) Pause Young (Allocation Failure) 555M->9M(1979M) 55.645ms
[553.693s][info][gc,cpu         ] GC(1166) User=0.05s Sys=0.00s Real=0.05s
[554.110s][info][gc,start       ] GC(1167) Pause Young (Allocation Failure)
[554.170s][info][gc,heap        ] GC(1167) DefNew: 560377K(629248K)->1014K(629248K) Eden: 559360K(559360K)->0K(559360K) From: 1017K(69888K)->1014K(69888K)
[554.170s][info][gc,heap        ] GC(1167) Tenured: 8250K(1398144K)->8318K(1398144K)
[554.170s][info][gc,metaspace   ] GC(1167) Metaspace: 14361K(15296K)->14361K(15296K) NonClass: 12393K(12992K)->12393K(12992K) Class: 1967K(2304K)->1967K(2304K)
[554.170s][info][gc             ] GC(1167) Pause Young (Allocation Failure) 555M->9M(1979M) 60.050ms
[554.170s][info][gc,cpu         ] GC(1167) User=0.05s Sys=0.00s Real=0.05s
[554.591s][info][gc,start       ] GC(1168) Pause Young (Allocation Failure)
[554.652s][info][gc,heap        ] GC(1168) DefNew: 560374K(629248K)->1007K(629248K) Eden: 559360K(559360K)->0K(559360K) From: 1014K(69888K)->1007K(69888K)
[554.652s][info][gc,heap        ] GC(1168) Tenured: 8318K(1398144K)->8387K(1398144K)
[554.652s][info][gc,metaspace   ] GC(1168) Metaspace: 14361K(15296K)->14361K(15296K) NonClass: 12393K(12992K)->12393K(12992K) Class: 1967K(2304K)->1967K(2304K)
[554.652s][info][gc             ] GC(1168) Pause Young (Allocation Failure) 555M->9M(1979M) 61.224ms
[554.652s][info][gc,cpu         ] GC(1168) User=0.05s Sys=0.00s Real=0.05s
[555.082s][info][gc,start       ] GC(1169) Pause Young (Allocation Failure)
[555.146s][info][gc,heap        ] GC(1169) DefNew: 560367K(629248K)->1008K(629248K) Eden: 559360K(559360K)->0K(559360K) From: 1007K(69888K)->1008K(69888K)
[555.146s][info][gc,heap        ] GC(1169) Tenured: 8387K(1398144K)->8455K(1398144K)
[555.146s][info][gc,metaspace   ] GC(1169) Metaspace: 14361K(15296K)->14361K(15296K) NonClass: 12393K(12992K)->12393K(12992K) Class: 1967K(2304K)->1967K(2304K)
[555.146s][info][gc             ] GC(1169) Pause Young (Allocation Failure) 555M->9M(1979M) 63.839ms
[555.146s][info][gc,cpu         ] GC(1169) User=0.06s Sys=0.00s Real=0.06s
[555.632s][info][gc,start       ] GC(1170) Pause Young (Allocation Failure)
[555.696s][info][gc,heap        ] GC(1170) DefNew: 560368K(629248K)->1008K(629248K) Eden: 559360K(559360K)->0K(559360K) From: 1008K(69888K)->1008K(69888K)
[555.696s][info][gc,heap        ] GC(1170) Tenured: 8455K(1398144K)->8520K(1398144K)
[555.696s][info][gc,metaspace   ] GC(1170) Metaspace: 14361K(15296K)->14361K(15296K) NonClass: 12393K(12992K)->12393K(12992K) Class: 1967K(2304K)->1967K(2304K)
[555.696s][info][gc             ] GC(1170) Pause Young (Allocation Failure) 555M->9M(1979M) 64.720ms
[555.696s][info][gc,cpu         ] GC(1170) User=0.06s Sys=0.00s Real=0.06s
[555.977s][info][gc,start       ] GC(1171) Pause Full (System.gc())
[555.977s][info][gc,phases,start] GC(1171) Phase 1: Mark live objects
[556.019s][info][gc,phases      ] GC(1171) Phase 1: Mark live objects 41.861ms
[556.019s][info][gc,phases,start] GC(1171) Phase 2: Compute new object addresses
[556.082s][info][gc,phases      ] GC(1171) Phase 2: Compute new object addresses 63.574ms
[556.082s][info][gc,phases,start] GC(1171) Phase 3: Adjust pointers
[556.106s][info][gc,phases      ] GC(1171) Phase 3: Adjust pointers 23.385ms
[556.106s][info][gc,phases,start] GC(1171) Phase 4: Move objects
[556.106s][info][gc,phases      ] GC(1171) Phase 4: Move objects 0.012ms
[556.106s][info][gc,heap        ] GC(1171) DefNew: 273373K(629248K)->0K(629248K) Eden: 272364K(559360K)->0K(559360K) From: 1008K(69888K)->0K(69888K)
[556.106s][info][gc,heap        ] GC(1171) Tenured: 8520K(1398144K)->8520K(1398144K)
[556.106s][info][gc,metaspace   ] GC(1171) Metaspace: 14361K(15296K)->14361K(15296K) NonClass: 12393K(12992K)->12393K(12992K) Class: 1967K(2304K)->1967K(2304K)
[556.106s][info][gc             ] GC(1171) Pause Full (System.gc()) 275M->8M(1979M) 129.234ms
[556.106s][info][gc,cpu         ] GC(1171) User=0.13s Sys=0.00s Real=0.13s
[556.449s][info][gc,start       ] GC(1172) Pause Young (Allocation Failure)
[556.498s][info][gc,heap        ] GC(1172) DefNew: 559360K(629248K)->1513K(629248K) Eden: 559360K(559360K)->0K(559360K) From: 0K(69888K)->1513K(69888K)
[556.498s][info][gc,heap        ] GC(1172) Tenured: 8520K(1398144K)->8520K(1398144K)
[556.498s][info][gc,metaspace   ] GC(1172) Metaspace: 14361K(15296K)->14361K(15296K) NonClass: 12393K(12992K)->12393K(12992K) Class: 1967K(2304K)->1967K(2304K)
[556.498s][info][gc             ] GC(1172) Pause Young (Allocation Failure) 554M->9M(1979M) 48.406ms
[556.498s][info][gc,cpu         ] GC(1172) User=0.05s Sys=0.00s Real=0.05s
[556.910s][info][gc,start       ] GC(1173) Pause Young (Allocation Failure)
[556.960s][info][gc,heap        ] GC(1173) DefNew: 560873K(629248K)->1578K(629248K) Eden: 559360K(559360K)->0K(559360K) From: 1513K(69888K)->1578K(69888K)
[556.960s][info][gc,heap        ] GC(1173) Tenured: 8520K(1398144K)->8520K(1398144K)
[556.960s][info][gc,metaspace   ] GC(1173) Metaspace: 14361K(15296K)->14361K(15296K) NonClass: 12393K(12992K)->12393K(12992K) Class: 1967K(2304K)->1967K(2304K)
[556.960s][info][gc             ] GC(1173) Pause Young (Allocation Failure) 556M->9M(1979M) 50.107ms
[556.960s][info][gc,cpu         ] GC(1173) User=0.05s Sys=0.00s Real=0.05s
[557.367s][info][gc,start       ] GC(1174) Pause Young (Allocation Failure)
[557.414s][info][gc,heap        ] GC(1174) DefNew: 560938K(629248K)->1641K(629248K) Eden: 559360K(559360K)->0K(559360K) From: 1578K(69888K)->1641K(69888K)
[557.414s][info][gc,heap        ] GC(1174) Tenured: 8520K(1398144K)->8520K(1398144K)
[557.414s][info][gc,metaspace   ] GC(1174) Metaspace: 14361K(15296K)->14361K(15296K) NonClass: 12393K(12992K)->12393K(12992K) Class: 1967K(2304K)->1967K(2304K)
[557.414s][info][gc             ] GC(1174) Pause Young (Allocation Failure) 556M->9M(1979M) 47.260ms
[557.414s][info][gc,cpu         ] GC(1174) User=0.05s Sys=0.00s Real=0.04s
[557.807s][info][gc,start       ] GC(1175) Pause Young (Allocation Failure)
[557.868s][info][gc,heap        ] GC(1175) DefNew: 561001K(629248K)->1703K(629248K) Eden: 559360K(559360K)->0K(559360K) From: 1641K(69888K)->1703K(69888K)
[557.868s][info][gc,heap        ] GC(1175) Tenured: 8520K(1398144K)->8520K(1398144K)
[557.868s][info][gc,metaspace   ] GC(1175) Metaspace: 14361K(15296K)->14361K(15296K) NonClass: 12393K(12992K)->12393K(12992K) Class: 1967K(2304K)->1967K(2304K)
[557.868s][info][gc             ] GC(1175) Pause Young (Allocation Failure) 556M->9M(1979M) 60.603ms
[557.868s][info][gc,cpu         ] GC(1175) User=0.06s Sys=0.00s Real=0.06s
[558.268s][info][gc,start       ] GC(1176) Pause Young (Allocation Failure)
[558.328s][info][gc,heap        ] GC(1176) DefNew: 561063K(629248K)->1762K(629248K) Eden: 559360K(559360K)->0K(559360K) From: 1703K(69888K)->1762K(69888K)
[558.328s][info][gc,heap        ] GC(1176) Tenured: 8520K(1398144K)->8520K(1398144K)
[558.328s][info][gc,metaspace   ] GC(1176) Metaspace: 14361K(15296K)->14361K(15296K) NonClass: 12393K(12992K)->12393K(12992K) Class: 1967K(2304K)->1967K(2304K)
[558.328s][info][gc             ] GC(1176) Pause Young (Allocation Failure) 556M->10M(1979M) 60.287ms
[558.328s][info][gc,cpu         ] GC(1176) User=0.06s Sys=0.00s Real=0.05s
[558.743s][info][gc,start       ] GC(1177) Pause Young (Allocation Failure)
[558.807s][info][gc,heap        ] GC(1177) DefNew: 561122K(629248K)->1830K(629248K) Eden: 559360K(559360K)->0K(559360K) From: 1762K(69888K)->1830K(69888K)
[558.807s][info][gc,heap        ] GC(1177) Tenured: 8520K(1398144K)->8520K(1398144K)
[558.807s][info][gc,metaspace   ] GC(1177) Metaspace: 14361K(15296K)->14361K(15296K) NonClass: 12393K(12992K)->12393K(12992K) Class: 1967K(2304K)->1967K(2304K)
[558.807s][info][gc             ] GC(1177) Pause Young (Allocation Failure) 556M->10M(1979M) 63.710ms
[558.807s][info][gc,cpu         ] GC(1177) User=0.06s Sys=0.00s Real=0.06s
[559.214s][info][gc,start       ] GC(1178) Pause Young (Allocation Failure)
[559.274s][info][gc,heap        ] GC(1178) DefNew: 561190K(629248K)->1896K(629248K) Eden: 559359K(559360K)->0K(559360K) From: 1830K(69888K)->1896K(69888K)
[559.274s][info][gc,heap        ] GC(1178) Tenured: 8520K(1398144K)->8520K(1398144K)
[559.274s][info][gc,metaspace   ] GC(1178) Metaspace: 14361K(15296K)->14361K(15296K) NonClass: 12393K(12992K)->12393K(12992K) Class: 1967K(2304K)->1967K(2304K)
[559.274s][info][gc             ] GC(1178) Pause Young (Allocation Failure) 556M->10M(1979M) 60.794ms
[559.275s][info][gc,cpu         ] GC(1178) User=0.06s Sys=0.00s Real=0.06s
[559.685s][info][gc,start       ] GC(1179) Pause Young (Allocation Failure)
[559.736s][info][gc,heap        ] GC(1179) DefNew: 561256K(629248K)->1961K(629248K) Eden: 559360K(559360K)->0K(559360K) From: 1896K(69888K)->1961K(69888K)
[559.736s][info][gc,heap        ] GC(1179) Tenured: 8520K(1398144K)->8520K(1398144K)
[559.736s][info][gc,metaspace   ] GC(1179) Metaspace: 14361K(15296K)->14361K(15296K) NonClass: 12393K(12992K)->12393K(12992K) Class: 1967K(2304K)->1967K(2304K)
[559.736s][info][gc             ] GC(1179) Pause Young (Allocation Failure) 556M->10M(1979M) 50.620ms
[559.736s][info][gc,cpu         ] GC(1179) User=0.05s Sys=0.00s Real=0.04s
[560.150s][info][gc,start       ] GC(1180) Pause Young (Allocation Failure)
[560.195s][info][gc,heap        ] GC(1180) DefNew: 561321K(629248K)->2026K(629248K) Eden: 559360K(559360K)->0K(559360K) From: 1961K(69888K)->2026K(69888K)
[560.195s][info][gc,heap        ] GC(1180) Tenured: 8520K(1398144K)->8520K(1398144K)
[560.195s][info][gc,metaspace   ] GC(1180) Metaspace: 14361K(15296K)->14361K(15296K) NonClass: 12393K(12992K)->12393K(12992K) Class: 1967K(2304K)->1967K(2304K)
[560.195s][info][gc             ] GC(1180) Pause Young (Allocation Failure) 556M->10M(1979M) 45.573ms
[560.195s][info][gc,cpu         ] GC(1180) User=0.05s Sys=0.00s Real=0.05s
[560.635s][info][gc,start       ] GC(1181) Pause Young (Allocation Failure)
[560.697s][info][gc,heap        ] GC(1181) DefNew: 561386K(629248K)->2097K(629248K) Eden: 559360K(559360K)->0K(559360K) From: 2026K(69888K)->2097K(69888K)
[560.697s][info][gc,heap        ] GC(1181) Tenured: 8520K(1398144K)->8520K(1398144K)
[560.697s][info][gc,metaspace   ] GC(1181) Metaspace: 14361K(15296K)->14361K(15296K) NonClass: 12393K(12992K)->12393K(12992K) Class: 1967K(2304K)->1967K(2304K)
[560.697s][info][gc             ] GC(1181) Pause Young (Allocation Failure) 556M->10M(1979M) 62.319ms
[560.697s][info][gc,cpu         ] GC(1181) User=0.05s Sys=0.00s Real=0.05s
[561.117s][info][gc,start       ] GC(1182) Pause Young (Allocation Failure)
[561.177s][info][gc,heap        ] GC(1182) DefNew: 561457K(629248K)->2164K(629248K) Eden: 559360K(559360K)->0K(559360K) From: 2097K(69888K)->2164K(69888K)
[561.177s][info][gc,heap        ] GC(1182) Tenured: 8520K(1398144K)->8520K(1398144K)
[561.178s][info][gc,metaspace   ] GC(1182) Metaspace: 14361K(15296K)->14361K(15296K) NonClass: 12393K(12992K)->12393K(12992K) Class: 1967K(2304K)->1967K(2304K)
[561.178s][info][gc             ] GC(1182) Pause Young (Allocation Failure) 556M->10M(1979M) 60.906ms
[561.178s][info][gc,cpu         ] GC(1182) User=0.05s Sys=0.00s Real=0.05s
[561.590s][info][gc,start       ] GC(1183) Pause Young (Allocation Failure)
[561.652s][info][gc,heap        ] GC(1183) DefNew: 561524K(629248K)->2227K(629248K) Eden: 559360K(559360K)->0K(559360K) From: 2164K(69888K)->2227K(69888K)
[561.652s][info][gc,heap        ] GC(1183) Tenured: 8520K(1398144K)->8520K(1398144K)
[561.652s][info][gc,metaspace   ] GC(1183) Metaspace: 14361K(15296K)->14361K(15296K) NonClass: 12393K(12992K)->12393K(12992K) Class: 1967K(2304K)->1967K(2304K)
[561.652s][info][gc             ] GC(1183) Pause Young (Allocation Failure) 556M->10M(1979M) 62.021ms
[561.652s][info][gc,cpu         ] GC(1183) User=0.06s Sys=0.00s Real=0.06s
[562.085s][info][gc,start       ] GC(1184) Pause Young (Allocation Failure)
[562.135s][info][gc,heap        ] GC(1184) DefNew: 561587K(629248K)->2296K(629248K) Eden: 559360K(559360K)->0K(559360K) From: 2227K(69888K)->2296K(69888K)
[562.135s][info][gc,heap        ] GC(1184) Tenured: 8520K(1398144K)->8520K(1398144K)
[562.135s][info][gc,metaspace   ] GC(1184) Metaspace: 14361K(15296K)->14361K(15296K) NonClass: 12393K(12992K)->12393K(12992K) Class: 1967K(2304K)->1967K(2304K)
[562.135s][info][gc             ] GC(1184) Pause Young (Allocation Failure) 556M->10M(1979M) 49.900ms
[562.135s][info][gc,cpu         ] GC(1184) User=0.05s Sys=0.00s Real=0.05s
[562.683s][info][gc,start       ] GC(1185) Pause Young (Allocation Failure)
[562.740s][info][gc,heap        ] GC(1185) DefNew: 561656K(629248K)->2361K(629248K) Eden: 559360K(559360K)->0K(559360K) From: 2296K(69888K)->2361K(69888K)
[562.740s][info][gc,heap        ] GC(1185) Tenured: 8520K(1398144K)->8520K(1398144K)
[562.740s][info][gc,metaspace   ] GC(1185) Metaspace: 14361K(15296K)->14361K(15296K) NonClass: 12393K(12992K)->12393K(12992K) Class: 1967K(2304K)->1967K(2304K)
[562.740s][info][gc             ] GC(1185) Pause Young (Allocation Failure) 556M->10M(1979M) 57.615ms
[562.740s][info][gc,cpu         ] GC(1185) User=0.05s Sys=0.00s Real=0.05s
[563.157s][info][gc,start       ] GC(1186) Pause Young (Allocation Failure)
[563.215s][info][gc,heap        ] GC(1186) DefNew: 561721K(629248K)->2427K(629248K) Eden: 559360K(559360K)->0K(559360K) From: 2361K(69888K)->2427K(69888K)
[563.215s][info][gc,heap        ] GC(1186) Tenured: 8520K(1398144K)->8520K(1398144K)
[563.215s][info][gc,metaspace   ] GC(1186) Metaspace: 14361K(15296K)->14361K(15296K) NonClass: 12393K(12992K)->12393K(12992K) Class: 1967K(2304K)->1967K(2304K)
[563.215s][info][gc             ] GC(1186) Pause Young (Allocation Failure) 556M->10M(1979M) 57.978ms
[563.215s][info][gc,cpu         ] GC(1186) User=0.05s Sys=0.00s Real=0.05s
[563.632s][info][gc,start       ] GC(1187) Pause Young (Allocation Failure)
[563.692s][info][gc,heap        ] GC(1187) DefNew: 561787K(629248K)->987K(629248K) Eden: 559360K(559360K)->0K(559360K) From: 2427K(69888K)->987K(69888K)
[563.692s][info][gc,heap        ] GC(1187) Tenured: 8520K(1398144K)->10024K(1398144K)
[563.692s][info][gc,metaspace   ] GC(1187) Metaspace: 14361K(15296K)->14361K(15296K) NonClass: 12393K(12992K)->12393K(12992K) Class: 1967K(2304K)->1967K(2304K)
[563.692s][info][gc             ] GC(1187) Pause Young (Allocation Failure) 556M->10M(1979M) 60.796ms
[563.693s][info][gc,cpu         ] GC(1187) User=0.06s Sys=0.00s Real=0.06s
[564.142s][info][gc,start       ] GC(1188) Pause Young (Allocation Failure)
[564.203s][info][gc,heap        ] GC(1188) DefNew: 560347K(629248K)->990K(629248K) Eden: 559360K(559360K)->0K(559360K) From: 987K(69888K)->990K(69888K)
[564.203s][info][gc,heap        ] GC(1188) Tenured: 10024K(1398144K)->10088K(1398144K)
[564.203s][info][gc,metaspace   ] GC(1188) Metaspace: 14361K(15296K)->14361K(15296K) NonClass: 12393K(12992K)->12393K(12992K) Class: 1967K(2304K)->1967K(2304K)
[564.203s][info][gc             ] GC(1188) Pause Young (Allocation Failure) 557M->10M(1979M) 60.629ms
[564.203s][info][gc,cpu         ] GC(1188) User=0.06s Sys=0.00s Real=0.06s
[564.643s][info][gc,start       ] GC(1189) Pause Young (Allocation Failure)
[564.704s][info][gc,heap        ] GC(1189) DefNew: 560350K(629248K)->991K(629248K) Eden: 559360K(559360K)->0K(559360K) From: 990K(69888K)->991K(69888K)
[564.704s][info][gc,heap        ] GC(1189) Tenured: 10088K(1398144K)->10153K(1398144K)
[564.704s][info][gc,metaspace   ] GC(1189) Metaspace: 14361K(15296K)->14361K(15296K) NonClass: 12393K(12992K)->12393K(12992K) Class: 1967K(2304K)->1967K(2304K)
[564.704s][info][gc             ] GC(1189) Pause Young (Allocation Failure) 557M->10M(1979M) 61.327ms
[564.704s][info][gc,cpu         ] GC(1189) User=0.06s Sys=0.00s Real=0.05s
[565.141s][info][gc,start       ] GC(1190) Pause Young (Allocation Failure)
[565.192s][info][gc,heap        ] GC(1190) DefNew: 560351K(629248K)->996K(629248K) Eden: 559360K(559360K)->0K(559360K) From: 991K(69888K)->996K(69888K)
[565.192s][info][gc,heap        ] GC(1190) Tenured: 10153K(1398144K)->10215K(1398144K)
[565.192s][info][gc,metaspace   ] GC(1190) Metaspace: 14361K(15296K)->14361K(15296K) NonClass: 12393K(12992K)->12393K(12992K) Class: 1967K(2304K)->1967K(2304K)
[565.192s][info][gc             ] GC(1190) Pause Young (Allocation Failure) 557M->10M(1979M) 51.025ms
[565.192s][info][gc,cpu         ] GC(1190) User=0.06s Sys=0.00s Real=0.05s
[565.720s][info][gc,start       ] GC(1191) Pause Young (Allocation Failure)
[565.778s][info][gc,heap        ] GC(1191) DefNew: 560356K(629248K)->1005K(629248K) Eden: 559360K(559360K)->0K(559360K) From: 996K(69888K)->1005K(69888K)
[565.778s][info][gc,heap        ] GC(1191) Tenured: 10215K(1398144K)->10273K(1398144K)
[565.778s][info][gc,metaspace   ] GC(1191) Metaspace: 14361K(15296K)->14361K(15296K) NonClass: 12393K(12992K)->12393K(12992K) Class: 1967K(2304K)->1967K(2304K)
[565.778s][info][gc             ] GC(1191) Pause Young (Allocation Failure) 557M->11M(1979M) 58.294ms
[565.778s][info][gc,cpu         ] GC(1191) User=0.05s Sys=0.00s Real=0.05s
[566.231s][info][gc,start       ] GC(1192) Pause Young (Allocation Failure)
[566.277s][info][gc,heap        ] GC(1192) DefNew: 560365K(629248K)->1008K(629248K) Eden: 559360K(559360K)->0K(559360K) From: 1005K(69888K)->1008K(69888K)
[566.277s][info][gc,heap        ] GC(1192) Tenured: 10273K(1398144K)->10342K(1398144K)
[566.277s][info][gc,metaspace   ] GC(1192) Metaspace: 14361K(15296K)->14361K(15296K) NonClass: 12393K(12992K)->12393K(12992K) Class: 1967K(2304K)->1967K(2304K)
[566.277s][info][gc             ] GC(1192) Pause Young (Allocation Failure) 557M->11M(1979M) 46.340ms
[566.277s][info][gc,cpu         ] GC(1192) User=0.03s Sys=0.00s Real=0.04s
[566.712s][info][gc,start       ] GC(1193) Pause Young (Allocation Failure)
[566.761s][info][gc,heap        ] GC(1193) DefNew: 560368K(629248K)->1013K(629248K) Eden: 559360K(559360K)->0K(559360K) From: 1008K(69888K)->1013K(69888K)
[566.761s][info][gc,heap        ] GC(1193) Tenured: 10342K(1398144K)->10407K(1398144K)
[566.761s][info][gc,metaspace   ] GC(1193) Metaspace: 14361K(15296K)->14361K(15296K) NonClass: 12393K(12992K)->12393K(12992K) Class: 1967K(2304K)->1967K(2304K)
[566.761s][info][gc             ] GC(1193) Pause Young (Allocation Failure) 557M->11M(1979M) 48.416ms
[566.761s][info][gc,cpu         ] GC(1193) User=0.03s Sys=0.00s Real=0.03s
[567.210s][info][gc,start       ] GC(1194) Pause Young (Allocation Failure)
[567.271s][info][gc,heap        ] GC(1194) DefNew: 560373K(629248K)->1015K(629248K) Eden: 559360K(559360K)->0K(559360K) From: 1013K(69888K)->1015K(69888K)
[567.271s][info][gc,heap        ] GC(1194) Tenured: 10407K(1398144K)->10472K(1398144K)
[567.271s][info][gc,metaspace   ] GC(1194) Metaspace: 14361K(15296K)->14361K(15296K) NonClass: 12393K(12992K)->12393K(12992K) Class: 1967K(2304K)->1967K(2304K)
[567.271s][info][gc             ] GC(1194) Pause Young (Allocation Failure) 557M->11M(1979M) 61.586ms
[567.271s][info][gc,cpu         ] GC(1194) User=0.05s Sys=0.00s Real=0.05s
[567.710s][info][gc,start       ] GC(1195) Pause Young (Allocation Failure)
[567.772s][info][gc,heap        ] GC(1195) DefNew: 560375K(629248K)->1019K(629248K) Eden: 559360K(559360K)->0K(559360K) From: 1015K(69888K)->1019K(69888K)
[567.772s][info][gc,heap        ] GC(1195) Tenured: 10472K(1398144K)->10537K(1398144K)
[567.772s][info][gc,metaspace   ] GC(1195) Metaspace: 14361K(15296K)->14361K(15296K) NonClass: 12393K(12992K)->12393K(12992K) Class: 1967K(2304K)->1967K(2304K)
[567.772s][info][gc             ] GC(1195) Pause Young (Allocation Failure) 557M->11M(1979M) 61.484ms
[567.772s][info][gc,cpu         ] GC(1195) User=0.06s Sys=0.00s Real=0.06s
[568.211s][info][gc,start       ] GC(1196) Pause Young (Allocation Failure)
[568.276s][info][gc,heap        ] GC(1196) DefNew: 560379K(629248K)->1019K(629248K) Eden: 559360K(559360K)->0K(559360K) From: 1019K(69888K)->1019K(69888K)
[568.276s][info][gc,heap        ] GC(1196) Tenured: 10537K(1398144K)->10608K(1398144K)
[568.276s][info][gc,metaspace   ] GC(1196) Metaspace: 14361K(15296K)->14361K(15296K) NonClass: 12393K(12992K)->12393K(12992K) Class: 1967K(2304K)->1967K(2304K)
[568.276s][info][gc             ] GC(1196) Pause Young (Allocation Failure) 557M->11M(1979M) 65.064ms
[568.276s][info][gc,cpu         ] GC(1196) User=0.06s Sys=0.00s Real=0.07s
[568.729s][info][gc,start       ] GC(1197) Pause Young (Allocation Failure)
[568.795s][info][gc,heap        ] GC(1197) DefNew: 560379K(629248K)->1020K(629248K) Eden: 559360K(559360K)->0K(559360K) From: 1019K(69888K)->1020K(69888K)
[568.795s][info][gc,heap        ] GC(1197) Tenured: 10608K(1398144K)->10673K(1398144K)
[568.795s][info][gc,metaspace   ] GC(1197) Metaspace: 14361K(15296K)->14361K(15296K) NonClass: 12393K(12992K)->12393K(12992K) Class: 1967K(2304K)->1967K(2304K)
[568.795s][info][gc             ] GC(1197) Pause Young (Allocation Failure) 557M->11M(1979M) 65.659ms
[568.795s][info][gc,cpu         ] GC(1197) User=0.06s Sys=0.00s Real=0.06s
[569.249s][info][gc,start       ] GC(1198) Pause Young (Allocation Failure)
[569.308s][info][gc,heap        ] GC(1198) DefNew: 560380K(629248K)->1026K(629248K) Eden: 559360K(559360K)->0K(559360K) From: 1020K(69888K)->1026K(69888K)
[569.308s][info][gc,heap        ] GC(1198) Tenured: 10673K(1398144K)->10738K(1398144K)
[569.308s][info][gc,metaspace   ] GC(1198) Metaspace: 14361K(15296K)->14361K(15296K) NonClass: 12393K(12992K)->12393K(12992K) Class: 1967K(2304K)->1967K(2304K)
[569.308s][info][gc             ] GC(1198) Pause Young (Allocation Failure) 557M->11M(1979M) 58.627ms
[569.308s][info][gc,cpu         ] GC(1198) User=0.06s Sys=0.00s Real=0.06s
[569.747s][info][gc,start       ] GC(1199) Pause Young (Allocation Failure)
[569.805s][info][gc,heap        ] GC(1199) DefNew: 560386K(629248K)->1027K(629248K) Eden: 559360K(559360K)->0K(559360K) From: 1026K(69888K)->1027K(69888K)
[569.805s][info][gc,heap        ] GC(1199) Tenured: 10738K(1398144K)->10806K(1398144K)
[569.805s][info][gc,metaspace   ] GC(1199) Metaspace: 14361K(15296K)->14361K(15296K) NonClass: 12393K(12992K)->12393K(12992K) Class: 1967K(2304K)->1967K(2304K)
[569.805s][info][gc             ] GC(1199) Pause Young (Allocation Failure) 557M->11M(1979M) 58.898ms
[569.805s][info][gc,cpu         ] GC(1199) User=0.05s Sys=0.00s Real=0.05s
[570.266s][info][gc,start       ] GC(1200) Pause Young (Allocation Failure)
[570.327s][info][gc,heap        ] GC(1200) DefNew: 560387K(629248K)->1032K(629248K) Eden: 559360K(559360K)->0K(559360K) From: 1027K(69888K)->1032K(69888K)
[570.327s][info][gc,heap        ] GC(1200) Tenured: 10806K(1398144K)->10871K(1398144K)
[570.327s][info][gc,metaspace   ] GC(1200) Metaspace: 14361K(15296K)->14361K(15296K) NonClass: 12393K(12992K)->12393K(12992K) Class: 1967K(2304K)->1967K(2304K)
[570.327s][info][gc             ] GC(1200) Pause Young (Allocation Failure) 557M->11M(1979M) 60.761ms
[570.327s][info][gc,cpu         ] GC(1200) User=0.06s Sys=0.00s Real=0.06s
[570.768s][info][gc,start       ] GC(1201) Pause Young (Allocation Failure)
[570.829s][info][gc,heap        ] GC(1201) DefNew: 560392K(629248K)->1036K(629248K) Eden: 559360K(559360K)->0K(559360K) From: 1032K(69888K)->1036K(69888K)
[570.829s][info][gc,heap        ] GC(1201) Tenured: 10871K(1398144K)->10936K(1398144K)
[570.829s][info][gc,metaspace   ] GC(1201) Metaspace: 14361K(15296K)->14361K(15296K) NonClass: 12393K(12992K)->12393K(12992K) Class: 1967K(2304K)->1967K(2304K)
[570.829s][info][gc             ] GC(1201) Pause Young (Allocation Failure) 557M->11M(1979M) 61.076ms
[570.829s][info][gc,cpu         ] GC(1201) User=0.05s Sys=0.00s Real=0.06s
[571.270s][info][gc,start       ] GC(1202) Pause Young (Allocation Failure)
[571.335s][info][gc,heap        ] GC(1202) DefNew: 560396K(629248K)->1040K(629248K) Eden: 559360K(559360K)->0K(559360K) From: 1036K(69888K)->1040K(69888K)
[571.335s][info][gc,heap        ] GC(1202) Tenured: 10936K(1398144K)->11001K(1398144K)
[571.335s][info][gc,metaspace   ] GC(1202) Metaspace: 14361K(15296K)->14361K(15296K) NonClass: 12393K(12992K)->12393K(12992K) Class: 1967K(2304K)->1967K(2304K)
[571.335s][info][gc             ] GC(1202) Pause Young (Allocation Failure) 557M->11M(1979M) 64.870ms
[571.335s][info][gc,cpu         ] GC(1202) User=0.06s Sys=0.00s Real=0.07s
[571.829s][info][gc,start       ] GC(1203) Pause Young (Allocation Failure)
[571.897s][info][gc,heap        ] GC(1203) DefNew: 560400K(629248K)->1040K(629248K) Eden: 559360K(559360K)->0K(559360K) From: 1040K(69888K)->1040K(69888K)
[571.897s][info][gc,heap        ] GC(1203) Tenured: 11001K(1398144K)->11069K(1398144K)
[571.897s][info][gc,metaspace   ] GC(1203) Metaspace: 14361K(15296K)->14361K(15296K) NonClass: 12393K(12992K)->12393K(12992K) Class: 1967K(2304K)->1967K(2304K)
[571.897s][info][gc             ] GC(1203) Pause Young (Allocation Failure) 558M->11M(1979M) 67.694ms
[571.897s][info][gc,cpu         ] GC(1203) User=0.06s Sys=0.00s Real=0.06s
[572.354s][info][gc,start       ] GC(1204) Pause Young (Allocation Failure)
[572.413s][info][gc,heap        ] GC(1204) DefNew: 560400K(629248K)->1045K(629248K) Eden: 559360K(559360K)->0K(559360K) From: 1040K(69888K)->1045K(69888K)
[572.417s][info][gc,heap        ] GC(1204) Tenured: 11069K(1398144K)->11134K(1398144K)
[572.417s][info][gc,metaspace   ] GC(1204) Metaspace: 14361K(15296K)->14361K(15296K) NonClass: 12393K(12992K)->12393K(12992K) Class: 1967K(2304K)->1967K(2304K)
[572.417s][info][gc             ] GC(1204) Pause Young (Allocation Failure) 558M->11M(1979M) 62.933ms
[572.417s][info][gc,cpu         ] GC(1204) User=0.05s Sys=0.00s Real=0.05s
[572.854s][info][gc,start       ] GC(1205) Pause Young (Allocation Failure)
[572.915s][info][gc,heap        ] GC(1205) DefNew: 560405K(629248K)->1049K(629248K) Eden: 559360K(559360K)->0K(559360K) From: 1045K(69888K)->1049K(69888K)
[572.915s][info][gc,heap        ] GC(1205) Tenured: 11134K(1398144K)->11201K(1398144K)
[572.915s][info][gc,metaspace   ] GC(1205) Metaspace: 14361K(15296K)->14361K(15296K) NonClass: 12393K(12992K)->12393K(12992K) Class: 1967K(2304K)->1967K(2304K)
[572.915s][info][gc             ] GC(1205) Pause Young (Allocation Failure) 558M->11M(1979M) 61.732ms
[572.915s][info][gc,cpu         ] GC(1205) User=0.06s Sys=0.00s Real=0.06s
[573.367s][info][gc,start       ] GC(1206) Pause Young (Allocation Failure)
[573.427s][info][gc,heap        ] GC(1206) DefNew: 560409K(629248K)->1050K(629248K) Eden: 559360K(559360K)->0K(559360K) From: 1049K(69888K)->1050K(69888K)
[573.427s][info][gc,heap        ] GC(1206) Tenured: 11201K(1398144K)->11269K(1398144K)
[573.427s][info][gc,metaspace   ] GC(1206) Metaspace: 14361K(15296K)->14361K(15296K) NonClass: 12393K(12992K)->12393K(12992K) Class: 1967K(2304K)->1967K(2304K)
[573.427s][info][gc             ] GC(1206) Pause Young (Allocation Failure) 558M->12M(1979M) 59.968ms
[573.427s][info][gc,cpu         ] GC(1206) User=0.06s Sys=0.00s Real=0.06s
[573.863s][info][gc,start       ] GC(1207) Pause Young (Allocation Failure)
[573.925s][info][gc,heap        ] GC(1207) DefNew: 560410K(629248K)->1047K(629248K) Eden: 559360K(559360K)->0K(559360K) From: 1050K(69888K)->1047K(69888K)
[573.925s][info][gc,heap        ] GC(1207) Tenured: 11269K(1398144K)->11340K(1398144K)
[573.925s][info][gc,metaspace   ] GC(1207) Metaspace: 14361K(15296K)->14361K(15296K) NonClass: 12393K(12992K)->12393K(12992K) Class: 1967K(2304K)->1967K(2304K)
[573.925s][info][gc             ] GC(1207) Pause Young (Allocation Failure) 558M->12M(1979M) 62.311ms
[573.925s][info][gc,cpu         ] GC(1207) User=0.05s Sys=0.00s Real=0.06s
[574.362s][info][gc,start       ] GC(1208) Pause Young (Allocation Failure)
[574.426s][info][gc,heap        ] GC(1208) DefNew: 560407K(629248K)->1046K(629248K) Eden: 559360K(559360K)->0K(559360K) From: 1047K(69888K)->1046K(69888K)
[574.426s][info][gc,heap        ] GC(1208) Tenured: 11340K(1398144K)->11408K(1398144K)
[574.426s][info][gc,metaspace   ] GC(1208) Metaspace: 14361K(15296K)->14361K(15296K) NonClass: 12393K(12992K)->12393K(12992K) Class: 1967K(2304K)->1967K(2304K)
[574.426s][info][gc             ] GC(1208) Pause Young (Allocation Failure) 558M->12M(1979M) 63.738ms
[574.426s][info][gc,cpu         ] GC(1208) User=0.05s Sys=0.00s Real=0.06s
[574.871s][info][gc,start       ] GC(1209) Pause Young (Allocation Failure)
[574.938s][info][gc,heap        ] GC(1209) DefNew: 560406K(629248K)->1049K(629248K) Eden: 559360K(559360K)->0K(559360K) From: 1046K(69888K)->1049K(69888K)
[574.938s][info][gc,heap        ] GC(1209) Tenured: 11408K(1398144K)->11476K(1398144K)
[574.938s][info][gc,metaspace   ] GC(1209) Metaspace: 14361K(15296K)->14361K(15296K) NonClass: 12393K(12992K)->12393K(12992K) Class: 1967K(2304K)->1967K(2304K)
[574.938s][info][gc             ] GC(1209) Pause Young (Allocation Failure) 558M->12M(1979M) 67.217ms
[574.938s][info][gc,cpu         ] GC(1209) User=0.05s Sys=0.00s Real=0.05s
[575.421s][info][gc,start       ] GC(1210) Pause Young (Allocation Failure)
[575.488s][info][gc,heap        ] GC(1210) DefNew: 560409K(629248K)->1053K(629248K) Eden: 559360K(559360K)->0K(559360K) From: 1049K(69888K)->1053K(69888K)
[575.488s][info][gc,heap        ] GC(1210) Tenured: 11476K(1398144K)->11548K(1398144K)
[575.488s][info][gc,metaspace   ] GC(1210) Metaspace: 14361K(15296K)->14361K(15296K) NonClass: 12393K(12992K)->12393K(12992K) Class: 1967K(2304K)->1967K(2304K)
[575.488s][info][gc             ] GC(1210) Pause Young (Allocation Failure) 558M->12M(1979M) 67.250ms
[575.488s][info][gc,cpu         ] GC(1210) User=0.06s Sys=0.00s Real=0.06s
[575.906s][info][gc,start       ] GC(1211) Pause Young (Allocation Failure)
[575.954s][info][gc,heap        ] GC(1211) DefNew: 560413K(629248K)->1046K(629248K) Eden: 559360K(559360K)->0K(559360K) From: 1053K(69888K)->1046K(69888K)
[575.954s][info][gc,heap        ] GC(1211) Tenured: 11548K(1398144K)->11619K(1398144K)
[575.954s][info][gc,metaspace   ] GC(1211) Metaspace: 14361K(15296K)->14361K(15296K) NonClass: 12393K(12992K)->12393K(12992K) Class: 1967K(2304K)->1967K(2304K)
[575.954s][info][gc             ] GC(1211) Pause Young (Allocation Failure) 558M->12M(1979M) 47.576ms
[575.954s][info][gc,cpu         ] GC(1211) User=0.05s Sys=0.00s Real=0.04s
[576.407s][info][gc,start       ] GC(1212) Pause Full (System.gc())
[576.407s][info][gc,phases,start] GC(1212) Phase 1: Mark live objects
[576.455s][info][gc,phases      ] GC(1212) Phase 1: Mark live objects 48.099ms
[576.455s][info][gc,phases,start] GC(1212) Phase 2: Compute new object addresses
[576.534s][info][gc,phases      ] GC(1212) Phase 2: Compute new object addresses 78.593ms
[576.534s][info][gc,phases,start] GC(1212) Phase 3: Adjust pointers
[576.559s][info][gc,phases      ] GC(1212) Phase 3: Adjust pointers 25.027ms
[576.559s][info][gc,phases,start] GC(1212) Phase 4: Move objects
[576.559s][info][gc,phases      ] GC(1212) Phase 4: Move objects 0.014ms
[576.559s][info][gc,heap        ] GC(1212) DefNew: 333955K(629248K)->0K(629248K) Eden: 332909K(559360K)->0K(559360K) From: 1046K(69888K)->0K(69888K)
[576.559s][info][gc,heap        ] GC(1212) Tenured: 11619K(1398144K)->11620K(1398144K)
[576.559s][info][gc,metaspace   ] GC(1212) Metaspace: 14361K(15296K)->14361K(15296K) NonClass: 12393K(12992K)->12393K(12992K) Class: 1967K(2304K)->1967K(2304K)
[576.559s][info][gc             ] GC(1212) Pause Full (System.gc()) 337M->11M(1979M) 152.155ms
[576.559s][info][gc,cpu         ] GC(1212) User=0.14s Sys=0.00s Real=0.14s
[576.893s][info][gc,start       ] GC(1213) Pause Young (Allocation Failure)
[576.934s][info][gc,heap        ] GC(1213) DefNew: 559360K(629248K)->1512K(629248K) Eden: 559360K(559360K)->0K(559360K) From: 0K(69888K)->1512K(69888K)
[576.934s][info][gc,heap        ] GC(1213) Tenured: 11620K(1398144K)->11620K(1398144K)
[576.934s][info][gc,metaspace   ] GC(1213) Metaspace: 14361K(15296K)->14361K(15296K) NonClass: 12393K(12992K)->12393K(12992K) Class: 1967K(2304K)->1967K(2304K)
[576.934s][info][gc             ] GC(1213) Pause Young (Allocation Failure) 557M->12M(1979M) 41.678ms
[576.934s][info][gc,cpu         ] GC(1213) User=0.05s Sys=0.00s Real=0.04s
[577.332s][info][gc,start       ] GC(1214) Pause Young (Allocation Failure)
[577.381s][info][gc,heap        ] GC(1214) DefNew: 560872K(629248K)->1577K(629248K) Eden: 559360K(559360K)->0K(559360K) From: 1512K(69888K)->1577K(69888K)
[577.381s][info][gc,heap        ] GC(1214) Tenured: 11620K(1398144K)->11620K(1398144K)
[577.381s][info][gc,metaspace   ] GC(1214) Metaspace: 14361K(15296K)->14361K(15296K) NonClass: 12393K(12992K)->12393K(12992K) Class: 1967K(2304K)->1967K(2304K)
[577.381s][info][gc             ] GC(1214) Pause Young (Allocation Failure) 559M->12M(1979M) 48.978ms
[577.381s][info][gc,cpu         ] GC(1214) User=0.05s Sys=0.00s Real=0.04s
[577.781s][info][gc,start       ] GC(1215) Pause Young (Allocation Failure)
[577.843s][info][gc,heap        ] GC(1215) DefNew: 560937K(629248K)->1642K(629248K) Eden: 559360K(559360K)->0K(559360K) From: 1577K(69888K)->1642K(69888K)
[577.843s][info][gc,heap        ] GC(1215) Tenured: 11620K(1398144K)->11620K(1398144K)
[577.843s][info][gc,metaspace   ] GC(1215) Metaspace: 14361K(15296K)->14361K(15296K) NonClass: 12393K(12992K)->12393K(12992K) Class: 1967K(2304K)->1967K(2304K)
[577.844s][info][gc             ] GC(1215) Pause Young (Allocation Failure) 559M->12M(1979M) 62.259ms
[577.844s][info][gc,cpu         ] GC(1215) User=0.06s Sys=0.00s Real=0.06s
[578.259s][info][gc,start       ] GC(1216) Pause Young (Allocation Failure)
[578.323s][info][gc,heap        ] GC(1216) DefNew: 561002K(629248K)->1708K(629248K) Eden: 559360K(559360K)->0K(559360K) From: 1642K(69888K)->1708K(69888K)
[578.323s][info][gc,heap        ] GC(1216) Tenured: 11620K(1398144K)->11620K(1398144K)
[578.323s][info][gc,metaspace   ] GC(1216) Metaspace: 14361K(15296K)->14361K(15296K) NonClass: 12393K(12992K)->12393K(12992K) Class: 1967K(2304K)->1967K(2304K)
[578.323s][info][gc             ] GC(1216) Pause Young (Allocation Failure) 559M->13M(1979M) 64.041ms
[578.323s][info][gc,cpu         ] GC(1216) User=0.06s Sys=0.00s Real=0.06s
[578.733s][info][gc,start       ] GC(1217) Pause Young (Allocation Failure)
[578.794s][info][gc,heap        ] GC(1217) DefNew: 561068K(629248K)->1769K(629248K) Eden: 559360K(559360K)->0K(559360K) From: 1708K(69888K)->1769K(69888K)
[578.794s][info][gc,heap        ] GC(1217) Tenured: 11620K(1398144K)->11620K(1398144K)
[578.794s][info][gc,metaspace   ] GC(1217) Metaspace: 14361K(15296K)->14361K(15296K) NonClass: 12393K(12992K)->12393K(12992K) Class: 1967K(2304K)->1967K(2304K)
[578.794s][info][gc             ] GC(1217) Pause Young (Allocation Failure) 559M->13M(1979M) 60.970ms
[578.794s][info][gc,cpu         ] GC(1217) User=0.05s Sys=0.00s Real=0.05s
[579.216s][info][gc,start       ] GC(1218) Pause Young (Allocation Failure)
[579.275s][info][gc,heap        ] GC(1218) DefNew: 561129K(629248K)->1837K(629248K) Eden: 559360K(559360K)->0K(559360K) From: 1769K(69888K)->1837K(69888K)
[579.275s][info][gc,heap        ] GC(1218) Tenured: 11620K(1398144K)->11620K(1398144K)
[579.275s][info][gc,metaspace   ] GC(1218) Metaspace: 14361K(15296K)->14361K(15296K) NonClass: 12393K(12992K)->12393K(12992K) Class: 1967K(2304K)->1967K(2304K)
[579.275s][info][gc             ] GC(1218) Pause Young (Allocation Failure) 559M->13M(1979M) 59.022ms
[579.275s][info][gc,cpu         ] GC(1218) User=0.05s Sys=0.00s Real=0.05s
[579.690s][info][gc,start       ] GC(1219) Pause Young (Allocation Failure)
[579.746s][info][gc,heap        ] GC(1219) DefNew: 561197K(629248K)->1904K(629248K) Eden: 559360K(559360K)->0K(559360K) From: 1837K(69888K)->1904K(69888K)
[579.746s][info][gc,heap        ] GC(1219) Tenured: 11620K(1398144K)->11620K(1398144K)
[579.746s][info][gc,metaspace   ] GC(1219) Metaspace: 14361K(15296K)->14361K(15296K) NonClass: 12393K(12992K)->12393K(12992K) Class: 1967K(2304K)->1967K(2304K)
[579.746s][info][gc             ] GC(1219) Pause Young (Allocation Failure) 559M->13M(1979M) 56.292ms
[579.746s][info][gc,cpu         ] GC(1219) User=0.06s Sys=0.00s Real=0.06s
[580.169s][info][gc,start       ] GC(1220) Pause Young (Allocation Failure)
[580.219s][info][gc,heap        ] GC(1220) DefNew: 561264K(629248K)->1971K(629248K) Eden: 559360K(559360K)->0K(559360K) From: 1904K(69888K)->1971K(69888K)
[580.219s][info][gc,heap        ] GC(1220) Tenured: 11620K(1398144K)->11620K(1398144K)
[580.219s][info][gc,metaspace   ] GC(1220) Metaspace: 14361K(15296K)->14361K(15296K) NonClass: 12393K(12992K)->12393K(12992K) Class: 1967K(2304K)->1967K(2304K)
[580.219s][info][gc             ] GC(1220) Pause Young (Allocation Failure) 559M->13M(1979M) 49.619ms
[580.219s][info][gc,cpu         ] GC(1220) User=0.05s Sys=0.00s Real=0.04s
[580.625s][info][gc,start       ] GC(1221) Pause Young (Allocation Failure)
[580.672s][info][gc,heap        ] GC(1221) DefNew: 561331K(629248K)->2036K(629248K) Eden: 559360K(559360K)->0K(559360K) From: 1971K(69888K)->2036K(69888K)
[580.673s][info][gc,heap        ] GC(1221) Tenured: 11620K(1398144K)->11620K(1398144K)
[580.673s][info][gc,metaspace   ] GC(1221) Metaspace: 14361K(15296K)->14361K(15296K) NonClass: 12393K(12992K)->12393K(12992K) Class: 1967K(2304K)->1967K(2304K)
[580.673s][info][gc             ] GC(1221) Pause Young (Allocation Failure) 559M->13M(1979M) 47.872ms
[580.673s][info][gc,cpu         ] GC(1221) User=0.03s Sys=0.02s Real=0.05s
[581.059s][info][gc,start       ] GC(1222) Pause Young (Allocation Failure)
[581.121s][info][gc,heap        ] GC(1222) DefNew: 561396K(629248K)->2097K(629248K) Eden: 559360K(559360K)->0K(559360K) From: 2036K(69888K)->2097K(69888K)
[581.121s][info][gc,heap        ] GC(1222) Tenured: 11620K(1398144K)->11620K(1398144K)
[581.121s][info][gc,metaspace   ] GC(1222) Metaspace: 14361K(15296K)->14361K(15296K) NonClass: 12393K(12992K)->12393K(12992K) Class: 1967K(2304K)->1967K(2304K)
[581.121s][info][gc             ] GC(1222) Pause Young (Allocation Failure) 559M->13M(1979M) 61.718ms
[581.121s][info][gc,cpu         ] GC(1222) User=0.06s Sys=0.00s Real=0.06s
[581.585s][info][gc,start       ] GC(1223) Pause Young (Allocation Failure)
[581.652s][info][gc,heap        ] GC(1223) DefNew: 561457K(629248K)->2159K(629248K) Eden: 559360K(559360K)->0K(559360K) From: 2097K(69888K)->2159K(69888K)
[581.652s][info][gc,heap        ] GC(1223) Tenured: 11620K(1398144K)->11620K(1398144K)
[581.652s][info][gc,metaspace   ] GC(1223) Metaspace: 14361K(15296K)->14361K(15296K) NonClass: 12393K(12992K)->12393K(12992K) Class: 1967K(2304K)->1967K(2304K)
[581.652s][info][gc             ] GC(1223) Pause Young (Allocation Failure) 559M->13M(1979M) 66.829ms
[581.652s][info][gc,cpu         ] GC(1223) User=0.06s Sys=0.00s Real=0.06s
[582.066s][info][gc,start       ] GC(1224) Pause Young (Allocation Failure)
[582.111s][info][gc,heap        ] GC(1224) DefNew: 561519K(629248K)->2229K(629248K) Eden: 559360K(559360K)->0K(559360K) From: 2159K(69888K)->2229K(69888K)
[582.123s][info][gc,heap        ] GC(1224) Tenured: 11620K(1398144K)->11620K(1398144K)
[582.123s][info][gc,metaspace   ] GC(1224) Metaspace: 14361K(15296K)->14361K(15296K) NonClass: 12393K(12992K)->12393K(12992K) Class: 1967K(2304K)->1967K(2304K)
[582.123s][info][gc             ] GC(1224) Pause Young (Allocation Failure) 559M->13M(1979M) 57.118ms
[582.123s][info][gc,cpu         ] GC(1224) User=0.03s Sys=0.00s Real=0.06s
[582.554s][info][gc,start       ] GC(1225) Pause Young (Allocation Failure)
[582.612s][info][gc,heap        ] GC(1225) DefNew: 561589K(629248K)->2296K(629248K) Eden: 559360K(559360K)->0K(559360K) From: 2229K(69888K)->2296K(69888K)
[582.612s][info][gc,heap        ] GC(1225) Tenured: 11620K(1398144K)->11620K(1398144K)
[582.612s][info][gc,metaspace   ] GC(1225) Metaspace: 14361K(15296K)->14361K(15296K) NonClass: 12393K(12992K)->12393K(12992K) Class: 1967K(2304K)->1967K(2304K)
[582.612s][info][gc             ] GC(1225) Pause Young (Allocation Failure) 559M->13M(1979M) 58.337ms
[582.612s][info][gc,cpu         ] GC(1225) User=0.06s Sys=0.00s Real=0.06s
[583.039s][info][gc,start       ] GC(1226) Pause Young (Allocation Failure)
[583.100s][info][gc,heap        ] GC(1226) DefNew: 561656K(629248K)->2365K(629248K) Eden: 559360K(559360K)->0K(559360K) From: 2296K(69888K)->2365K(69888K)
[583.100s][info][gc,heap        ] GC(1226) Tenured: 11620K(1398144K)->11620K(1398144K)
[583.100s][info][gc,metaspace   ] GC(1226) Metaspace: 14361K(15296K)->14361K(15296K) NonClass: 12393K(12992K)->12393K(12992K) Class: 1967K(2304K)->1967K(2304K)
[583.100s][info][gc             ] GC(1226) Pause Young (Allocation Failure) 559M->13M(1979M) 61.013ms
[583.100s][info][gc,cpu         ] GC(1226) User=0.06s Sys=0.00s Real=0.06s
[583.499s][info][gc,start       ] GC(1227) Pause Young (Allocation Failure)
[583.561s][info][gc,heap        ] GC(1227) DefNew: 561725K(629248K)->2431K(629248K) Eden: 559360K(559360K)->0K(559360K) From: 2365K(69888K)->2431K(69888K)
[583.561s][info][gc,heap        ] GC(1227) Tenured: 11620K(1398144K)->11620K(1398144K)
[583.561s][info][gc,metaspace   ] GC(1227) Metaspace: 14361K(15296K)->14361K(15296K) NonClass: 12393K(12992K)->12393K(12992K) Class: 1967K(2304K)->1967K(2304K)
[583.562s][info][gc             ] GC(1227) Pause Young (Allocation Failure) 559M->13M(1979M) 62.679ms
[583.562s][info][gc,cpu         ] GC(1227) User=0.06s Sys=0.00s Real=0.06s
[583.973s][info][gc,start       ] GC(1228) Pause Young (Allocation Failure)
[584.037s][info][gc,heap        ] GC(1228) DefNew: 561791K(629248K)->991K(629248K) Eden: 559360K(559360K)->0K(559360K) From: 2431K(69888K)->991K(69888K)
[584.037s][info][gc,heap        ] GC(1228) Tenured: 11620K(1398144K)->13123K(1398144K)
[584.037s][info][gc,metaspace   ] GC(1228) Metaspace: 14361K(15296K)->14361K(15296K) NonClass: 12393K(12992K)->12393K(12992K) Class: 1967K(2304K)->1967K(2304K)
[584.037s][info][gc             ] GC(1228) Pause Young (Allocation Failure) 559M->13M(1979M) 64.196ms
[584.037s][info][gc,cpu         ] GC(1228) User=0.05s Sys=0.00s Real=0.06s
[584.432s][info][gc,start       ] GC(1229) Pause Young (Allocation Failure)
[584.493s][info][gc,heap        ] GC(1229) DefNew: 560351K(629248K)->990K(629248K) Eden: 559360K(559360K)->0K(559360K) From: 991K(69888K)->990K(69888K)
[584.493s][info][gc,heap        ] GC(1229) Tenured: 13123K(1398144K)->13188K(1398144K)
[584.493s][info][gc,metaspace   ] GC(1229) Metaspace: 14361K(15296K)->14361K(15296K) NonClass: 12393K(12992K)->12393K(12992K) Class: 1967K(2304K)->1967K(2304K)
[584.493s][info][gc             ] GC(1229) Pause Young (Allocation Failure) 560M->13M(1979M) 61.282ms
[584.493s][info][gc,cpu         ] GC(1229) User=0.06s Sys=0.00s Real=0.06s
[584.884s][info][gc,start       ] GC(1230) Pause Young (Allocation Failure)
[584.953s][info][gc,heap        ] GC(1230) DefNew: 560350K(629248K)->985K(629248K) Eden: 559360K(559360K)->0K(559360K) From: 990K(69888K)->985K(69888K)
[584.953s][info][gc,heap        ] GC(1230) Tenured: 13188K(1398144K)->13253K(1398144K)
[584.953s][info][gc,metaspace   ] GC(1230) Metaspace: 14361K(15296K)->14361K(15296K) NonClass: 12393K(12992K)->12393K(12992K) Class: 1967K(2304K)->1967K(2304K)
[584.953s][info][gc             ] GC(1230) Pause Young (Allocation Failure) 560M->13M(1979M) 68.559ms
[584.953s][info][gc,cpu         ] GC(1230) User=0.06s Sys=0.00s Real=0.07s
[585.347s][info][gc,start       ] GC(1231) Pause Young (Allocation Failure)
[585.411s][info][gc,heap        ] GC(1231) DefNew: 560345K(629248K)->980K(629248K) Eden: 559360K(559360K)->0K(559360K) From: 985K(69888K)->980K(69888K)
[585.411s][info][gc,heap        ] GC(1231) Tenured: 13253K(1398144K)->13319K(1398144K)
[585.411s][info][gc,metaspace   ] GC(1231) Metaspace: 14361K(15296K)->14361K(15296K) NonClass: 12393K(12992K)->12393K(12992K) Class: 1967K(2304K)->1967K(2304K)
[585.411s][info][gc             ] GC(1231) Pause Young (Allocation Failure) 560M->13M(1979M) 64.539ms
[585.411s][info][gc,cpu         ] GC(1231) User=0.06s Sys=0.00s Real=0.07s
[585.808s][info][gc,start       ] GC(1232) Pause Young (Allocation Failure)
[585.871s][info][gc,heap        ] GC(1232) DefNew: 560340K(629248K)->983K(629248K) Eden: 559360K(559360K)->0K(559360K) From: 980K(69888K)->983K(69888K)
[585.871s][info][gc,heap        ] GC(1232) Tenured: 13319K(1398144K)->13381K(1398144K)
[585.871s][info][gc,metaspace   ] GC(1232) Metaspace: 14361K(15296K)->14361K(15296K) NonClass: 12393K(12992K)->12393K(12992K) Class: 1967K(2304K)->1967K(2304K)
[585.871s][info][gc             ] GC(1232) Pause Young (Allocation Failure) 560M->14M(1979M) 62.967ms
[585.871s][info][gc,cpu         ] GC(1232) User=0.06s Sys=0.00s Real=0.06s
[586.279s][info][gc,start       ] GC(1233) Pause Young (Allocation Failure)
[586.325s][info][gc,heap        ] GC(1233) DefNew: 560343K(629248K)->984K(629248K) Eden: 559360K(559360K)->0K(559360K) From: 983K(69888K)->984K(69888K)
[586.325s][info][gc,heap        ] GC(1233) Tenured: 13381K(1398144K)->13449K(1398144K)
[586.325s][info][gc,metaspace   ] GC(1233) Metaspace: 14361K(15296K)->14361K(15296K) NonClass: 12393K(12992K)->12393K(12992K) Class: 1967K(2304K)->1967K(2304K)
[586.326s][info][gc             ] GC(1233) Pause Young (Allocation Failure) 560M->14M(1979M) 46.334ms
[586.326s][info][gc,cpu         ] GC(1233) User=0.05s Sys=0.00s Real=0.05s
[586.720s][info][gc,start       ] GC(1234) Pause Young (Allocation Failure)
[586.780s][info][gc,heap        ] GC(1234) DefNew: 560344K(629248K)->980K(629248K) Eden: 559360K(559360K)->0K(559360K) From: 984K(69888K)->980K(69888K)
[586.781s][info][gc,heap        ] GC(1234) Tenured: 13449K(1398144K)->13514K(1398144K)
[586.781s][info][gc,metaspace   ] GC(1234) Metaspace: 14361K(15296K)->14361K(15296K) NonClass: 12393K(12992K)->12393K(12992K) Class: 1967K(2304K)->1967K(2304K)
[586.781s][info][gc             ] GC(1234) Pause Young (Allocation Failure) 560M->14M(1979M) 60.309ms
[586.781s][info][gc,cpu         ] GC(1234) User=0.06s Sys=0.00s Real=0.06s
[587.179s][info][gc,start       ] GC(1235) Pause Young (Allocation Failure)
[587.238s][info][gc,heap        ] GC(1235) DefNew: 560340K(629248K)->975K(629248K) Eden: 559360K(559360K)->0K(559360K) From: 980K(69888K)->975K(69888K)
[587.238s][info][gc,heap        ] GC(1235) Tenured: 13514K(1398144K)->13582K(1398144K)
[587.238s][info][gc,metaspace   ] GC(1235) Metaspace: 14361K(15296K)->14361K(15296K) NonClass: 12393K(12992K)->12393K(12992K) Class: 1967K(2304K)->1967K(2304K)
[587.238s][info][gc             ] GC(1235) Pause Young (Allocation Failure) 560M->14M(1979M) 58.932ms
[587.238s][info][gc,cpu         ] GC(1235) User=0.05s Sys=0.00s Real=0.05s
[587.632s][info][gc,start       ] GC(1236) Pause Young (Allocation Failure)
[587.679s][info][gc,heap        ] GC(1236) DefNew: 560335K(629248K)->974K(629248K) Eden: 559360K(559360K)->0K(559360K) From: 975K(69888K)->974K(69888K)
[587.679s][info][gc,heap        ] GC(1236) Tenured: 13582K(1398144K)->13646K(1398144K)
[587.679s][info][gc,metaspace   ] GC(1236) Metaspace: 14361K(15296K)->14361K(15296K) NonClass: 12393K(12992K)->12393K(12992K) Class: 1967K(2304K)->1967K(2304K)
[587.679s][info][gc             ] GC(1236) Pause Young (Allocation Failure) 560M->14M(1979M) 47.050ms
[587.679s][info][gc,cpu         ] GC(1236) User=0.03s Sys=0.00s Real=0.03s
[588.071s][info][gc,start       ] GC(1237) Pause Young (Allocation Failure)
[588.134s][info][gc,heap        ] GC(1237) DefNew: 560334K(629248K)->974K(629248K) Eden: 559360K(559360K)->0K(559360K) From: 974K(69888K)->974K(69888K)
[588.134s][info][gc,heap        ] GC(1237) Tenured: 13646K(1398144K)->13708K(1398144K)
[588.134s][info][gc,metaspace   ] GC(1237) Metaspace: 14361K(15296K)->14361K(15296K) NonClass: 12393K(12992K)->12393K(12992K) Class: 1967K(2304K)->1967K(2304K)
[588.134s][info][gc             ] GC(1237) Pause Young (Allocation Failure) 560M->14M(1979M) 63.419ms
[588.134s][info][gc,cpu         ] GC(1237) User=0.05s Sys=0.00s Real=0.05s
[588.526s][info][gc,start       ] GC(1238) Pause Young (Allocation Failure)
[588.587s][info][gc,heap        ] GC(1238) DefNew: 560334K(629248K)->974K(629248K) Eden: 559360K(559360K)->0K(559360K) From: 974K(69888K)->974K(69888K)
[588.588s][info][gc,heap        ] GC(1238) Tenured: 13708K(1398144K)->13770K(1398144K)
[588.588s][info][gc,metaspace   ] GC(1238) Metaspace: 14361K(15296K)->14361K(15296K) NonClass: 12393K(12992K)->12393K(12992K) Class: 1967K(2304K)->1967K(2304K)
[588.588s][info][gc             ] GC(1238) Pause Young (Allocation Failure) 560M->14M(1979M) 61.600ms
[588.588s][info][gc,cpu         ] GC(1238) User=0.06s Sys=0.00s Real=0.06s
[588.985s][info][gc,start       ] GC(1239) Pause Young (Allocation Failure)
[589.033s][info][gc,heap        ] GC(1239) DefNew: 560334K(629248K)->967K(629248K) Eden: 559360K(559360K)->0K(559360K) From: 974K(69888K)->967K(69888K)
[589.033s][info][gc,heap        ] GC(1239) Tenured: 13770K(1398144K)->13838K(1398144K)
[589.033s][info][gc,metaspace   ] GC(1239) Metaspace: 14361K(15296K)->14361K(15296K) NonClass: 12393K(12992K)->12393K(12992K) Class: 1967K(2304K)->1967K(2304K)
[589.033s][info][gc             ] GC(1239) Pause Young (Allocation Failure) 560M->14M(1979M) 48.915ms
[589.034s][info][gc,cpu         ] GC(1239) User=0.05s Sys=0.00s Real=0.04s
[589.438s][info][gc,start       ] GC(1240) Pause Young (Allocation Failure)
[589.496s][info][gc,heap        ] GC(1240) DefNew: 560327K(629248K)->961K(629248K) Eden: 559360K(559360K)->0K(559360K) From: 967K(69888K)->961K(69888K)
[589.496s][info][gc,heap        ] GC(1240) Tenured: 13838K(1398144K)->13906K(1398144K)
[589.496s][info][gc,metaspace   ] GC(1240) Metaspace: 14361K(15296K)->14361K(15296K) NonClass: 12393K(12992K)->12393K(12992K) Class: 1967K(2304K)->1967K(2304K)
[589.496s][info][gc             ] GC(1240) Pause Young (Allocation Failure) 560M->14M(1979M) 58.232ms
[589.496s][info][gc,cpu         ] GC(1240) User=0.06s Sys=0.00s Real=0.06s
[589.905s][info][gc,start       ] GC(1241) Pause Young (Allocation Failure)
[589.963s][info][gc,heap        ] GC(1241) DefNew: 560321K(629248K)->958K(629248K) Eden: 559360K(559360K)->0K(559360K) From: 961K(69888K)->958K(69888K)
[589.963s][info][gc,heap        ] GC(1241) Tenured: 13906K(1398144K)->13974K(1398144K)
[589.963s][info][gc,metaspace   ] GC(1241) Metaspace: 14361K(15296K)->14361K(15296K) NonClass: 12393K(12992K)->12393K(12992K) Class: 1967K(2304K)->1967K(2304K)
[589.964s][info][gc             ] GC(1241) Pause Young (Allocation Failure) 560M->14M(1979M) 58.699ms
[589.964s][info][gc,cpu         ] GC(1241) User=0.06s Sys=0.00s Real=0.05s
[590.357s][info][gc,start       ] GC(1242) Pause Young (Allocation Failure)
[590.417s][info][gc,heap        ] GC(1242) DefNew: 560318K(629248K)->954K(629248K) Eden: 559360K(559360K)->0K(559360K) From: 958K(69888K)->954K(69888K)
[590.417s][info][gc,heap        ] GC(1242) Tenured: 13974K(1398144K)->14040K(1398144K)
[590.417s][info][gc,metaspace   ] GC(1242) Metaspace: 14361K(15296K)->14361K(15296K) NonClass: 12393K(12992K)->12393K(12992K) Class: 1967K(2304K)->1967K(2304K)
[590.418s][info][gc             ] GC(1242) Pause Young (Allocation Failure) 560M->14M(1979M) 60.279ms
[590.418s][info][gc,cpu         ] GC(1242) User=0.06s Sys=0.00s Real=0.06s
[590.812s][info][gc,start       ] GC(1243) Pause Young (Allocation Failure)
[590.874s][info][gc,heap        ] GC(1243) DefNew: 560314K(629248K)->952K(629248K) Eden: 559360K(559360K)->0K(559360K) From: 954K(69888K)->952K(69888K)
[590.874s][info][gc,heap        ] GC(1243) Tenured: 14040K(1398144K)->14104K(1398144K)
[590.874s][info][gc,metaspace   ] GC(1243) Metaspace: 14361K(15296K)->14361K(15296K) NonClass: 12393K(12992K)->12393K(12992K) Class: 1967K(2304K)->1967K(2304K)
[590.874s][info][gc             ] GC(1243) Pause Young (Allocation Failure) 560M->14M(1979M) 61.990ms
[590.874s][info][gc,cpu         ] GC(1243) User=0.06s Sys=0.00s Real=0.06s
[591.268s][info][gc,start       ] GC(1244) Pause Young (Allocation Failure)
[591.331s][info][gc,heap        ] GC(1244) DefNew: 560312K(629248K)->952K(629248K) Eden: 559360K(559360K)->0K(559360K) From: 952K(69888K)->952K(69888K)
[591.331s][info][gc,heap        ] GC(1244) Tenured: 14104K(1398144K)->14169K(1398144K)
[591.331s][info][gc,metaspace   ] GC(1244) Metaspace: 14361K(15296K)->14361K(15296K) NonClass: 12393K(12992K)->12393K(12992K) Class: 1967K(2304K)->1967K(2304K)
[591.331s][info][gc             ] GC(1244) Pause Young (Allocation Failure) 560M->14M(1979M) 62.762ms
[591.331s][info][gc,cpu         ] GC(1244) User=0.06s Sys=0.00s Real=0.06s
[591.725s][info][gc,start       ] GC(1245) Pause Young (Allocation Failure)
[591.790s][info][gc,heap        ] GC(1245) DefNew: 560312K(629248K)->958K(629248K) Eden: 559360K(559360K)->0K(559360K) From: 952K(69888K)->958K(69888K)
[591.790s][info][gc,heap        ] GC(1245) Tenured: 14169K(1398144K)->14228K(1398144K)
[591.790s][info][gc,metaspace   ] GC(1245) Metaspace: 14361K(15296K)->14361K(15296K) NonClass: 12393K(12992K)->12393K(12992K) Class: 1967K(2304K)->1967K(2304K)
[591.790s][info][gc             ] GC(1245) Pause Young (Allocation Failure) 561M->14M(1979M) 64.458ms
[591.790s][info][gc,cpu         ] GC(1245) User=0.05s Sys=0.00s Real=0.06s
[592.186s][info][gc,start       ] GC(1246) Pause Young (Allocation Failure)
[592.250s][info][gc,heap        ] GC(1246) DefNew: 560318K(629248K)->959K(629248K) Eden: 559360K(559360K)->0K(559360K) From: 958K(69888K)->959K(69888K)
[592.250s][info][gc,heap        ] GC(1246) Tenured: 14228K(1398144K)->14289K(1398144K)
[592.250s][info][gc,metaspace   ] GC(1246) Metaspace: 14361K(15296K)->14361K(15296K) NonClass: 12393K(12992K)->12393K(12992K) Class: 1967K(2304K)->1967K(2304K)
[592.250s][info][gc             ] GC(1246) Pause Young (Allocation Failure) 561M->14M(1979M) 63.365ms
[592.250s][info][gc,cpu         ] GC(1246) User=0.06s Sys=0.00s Real=0.06s
[592.660s][info][gc,start       ] GC(1247) Pause Young (Allocation Failure)
[592.719s][info][gc,heap        ] GC(1247) DefNew: 560319K(629248K)->963K(629248K) Eden: 559360K(559360K)->0K(559360K) From: 959K(69888K)->963K(69888K)
[592.719s][info][gc,heap        ] GC(1247) Tenured: 14289K(1398144K)->14354K(1398144K)
[592.719s][info][gc,metaspace   ] GC(1247) Metaspace: 14361K(15296K)->14361K(15296K) NonClass: 12393K(12992K)->12393K(12992K) Class: 1967K(2304K)->1967K(2304K)
[592.719s][info][gc             ] GC(1247) Pause Young (Allocation Failure) 561M->14M(1979M) 58.883ms
[592.719s][info][gc,cpu         ] GC(1247) User=0.05s Sys=0.00s Real=0.06s
[593.111s][info][gc,start       ] GC(1248) Pause Young (Allocation Failure)
[593.171s][info][gc,heap        ] GC(1248) DefNew: 560323K(629248K)->953K(629248K) Eden: 559360K(559360K)->0K(559360K) From: 963K(69888K)->953K(69888K)
[593.171s][info][gc,heap        ] GC(1248) Tenured: 14354K(1398144K)->14422K(1398144K)
[593.171s][info][gc,metaspace   ] GC(1248) Metaspace: 14361K(15296K)->14361K(15296K) NonClass: 12393K(12992K)->12393K(12992K) Class: 1967K(2304K)->1967K(2304K)
[593.171s][info][gc             ] GC(1248) Pause Young (Allocation Failure) 561M->15M(1979M) 60.481ms
[593.171s][info][gc,cpu         ] GC(1248) User=0.05s Sys=0.00s Real=0.05s
[593.571s][info][gc,start       ] GC(1249) Pause Young (Allocation Failure)
[593.633s][info][gc,heap        ] GC(1249) DefNew: 560313K(629248K)->955K(629248K) Eden: 559360K(559360K)->0K(559360K) From: 953K(69888K)->955K(69888K)
[593.633s][info][gc,heap        ] GC(1249) Tenured: 14422K(1398144K)->14484K(1398144K)
[593.633s][info][gc,metaspace   ] GC(1249) Metaspace: 14361K(15296K)->14361K(15296K) NonClass: 12393K(12992K)->12393K(12992K) Class: 1967K(2304K)->1967K(2304K)
[593.633s][info][gc             ] GC(1249) Pause Young (Allocation Failure) 561M->15M(1979M) 61.435ms
[593.633s][info][gc,cpu         ] GC(1249) User=0.06s Sys=0.00s Real=0.06s
[594.051s][info][gc,start       ] GC(1250) Pause Young (Allocation Failure)
[594.114s][info][gc,heap        ] GC(1250) DefNew: 560315K(629248K)->961K(629248K) Eden: 559360K(559360K)->0K(559360K) From: 955K(69888K)->961K(69888K)
[594.114s][info][gc,heap        ] GC(1250) Tenured: 14484K(1398144K)->14546K(1398144K)
[594.114s][info][gc,metaspace   ] GC(1250) Metaspace: 14361K(15296K)->14361K(15296K) NonClass: 12393K(12992K)->12393K(12992K) Class: 1967K(2304K)->1967K(2304K)
[594.114s][info][gc             ] GC(1250) Pause Young (Allocation Failure) 561M->15M(1979M) 62.948ms
[594.114s][info][gc,cpu         ] GC(1250) User=0.06s Sys=0.00s Real=0.06s
[594.550s][info][gc,start       ] GC(1251) Pause Young (Allocation Failure)
[594.617s][info][gc,heap        ] GC(1251) DefNew: 560321K(629248K)->964K(629248K) Eden: 559360K(559360K)->0K(559360K) From: 961K(69888K)->964K(69888K)
[594.617s][info][gc,heap        ] GC(1251) Tenured: 14546K(1398144K)->14612K(1398144K)
[594.617s][info][gc,metaspace   ] GC(1251) Metaspace: 14361K(15296K)->14361K(15296K) NonClass: 12393K(12992K)->12393K(12992K) Class: 1967K(2304K)->1967K(2304K)
[594.617s][info][gc             ] GC(1251) Pause Young (Allocation Failure) 561M->15M(1979M) 67.311ms
[594.617s][info][gc,cpu         ] GC(1251) User=0.05s Sys=0.00s Real=0.06s
[595.094s][info][gc,start       ] GC(1252) Pause Young (Allocation Failure)
[595.163s][info][gc,heap        ] GC(1252) DefNew: 560324K(629248K)->974K(629248K) Eden: 559360K(559360K)->0K(559360K) From: 964K(69888K)->974K(69888K)
[595.163s][info][gc,heap        ] GC(1252) Tenured: 14612K(1398144K)->14674K(1398144K)
[595.163s][info][gc,metaspace   ] GC(1252) Metaspace: 14361K(15296K)->14361K(15296K) NonClass: 12393K(12992K)->12393K(12992K) Class: 1967K(2304K)->1967K(2304K)
[595.163s][info][gc             ] GC(1252) Pause Young (Allocation Failure) 561M->15M(1979M) 69.135ms
[595.163s][info][gc,cpu         ] GC(1252) User=0.06s Sys=0.00s Real=0.06s
[595.652s][info][gc,start       ] GC(1253) Pause Young (Allocation Failure)
[595.707s][info][gc,heap        ] GC(1253) DefNew: 560334K(629248K)->988K(629248K) Eden: 559360K(559360K)->0K(559360K) From: 974K(69888K)->988K(69888K)
[595.707s][info][gc,heap        ] GC(1253) Tenured: 14674K(1398144K)->14736K(1398144K)
[595.707s][info][gc,metaspace   ] GC(1253) Metaspace: 14361K(15296K)->14361K(15296K) NonClass: 12393K(12992K)->12393K(12992K) Class: 1967K(2304K)->1967K(2304K)
[595.707s][info][gc             ] GC(1253) Pause Young (Allocation Failure) 561M->15M(1979M) 54.332ms
[595.707s][info][gc,cpu         ] GC(1253) User=0.05s Sys=0.00s Real=0.05s
[596.797s][info][gc,heap,exit   ] Heap
[596.798s][info][gc,heap,exit   ]  def new generation   total 629248K, used 541774K [0x0000000700000000, 0x000000072aac0000, 0x0000000755550000)
[596.798s][info][gc,heap,exit   ]   eden space 559360K,  96% used [0x0000000700000000, 0x000000072101c740, 0x0000000722240000)
[596.798s][info][gc,heap,exit   ]   from space 69888K,   1% used [0x0000000722240000, 0x00000007223373e0, 0x0000000726680000)
[596.798s][info][gc,heap,exit   ]   to   space 69888K,   0% used [0x0000000726680000, 0x0000000726680000, 0x000000072aac0000)
[596.798s][info][gc,heap,exit   ]  tenured generation   total 1398144K, used 14736K [0x0000000755550000, 0x00000007aaab0000, 0x0000000800000000)
[596.798s][info][gc,heap,exit   ]    the space 1398144K,   1% used [0x0000000755550000, 0x00000007563b41e0, 0x00000007563b4200, 0x00000007aaab0000)
[596.798s][info][gc,heap,exit   ]  Metaspace       used 14420K, committed 15360K, reserved 1114112K
[596.798s][info][gc,heap,exit   ]   class space    used 1976K, committed 2304K, reserved 1048576K
