[0.018s][info][gc,init] CardTable entry size: 512
[0.018s][info][gc     ] Using Serial
[0.020s][info][gc,init] Version: 20+36-2344 (release)
[0.020s][info][gc,init] CPUs: 48 total, 48 available
[0.020s][info][gc,init] Memory: 382G
[0.020s][info][gc,init] Large Page Support: Disabled
[0.020s][info][gc,init] NUMA Support: Disabled
[0.020s][info][gc,init] Compressed Oops: Enabled (32-bit)
[0.020s][info][gc,init] Heap Min Capacity: 8M
[0.021s][info][gc,init] Heap Initial Capacity: 512M
[0.021s][info][gc,init] Heap Max Capacity: 512M
[0.021s][info][gc,init] Pre-touch: Disabled
[0.031s][info][gc,metaspace] CDS archive(s) mapped at: [0x0000000800000000-0x0000000800c60000-0x0000000800c60000), size 12976128, SharedBaseAddress: 0x0000000800000000, ArchiveRelocationMode: 0.
[0.031s][info][gc,metaspace] Compressed class space mapped at: 0x0000000801000000-0x0000000841000000, reserved size: 1073741824
[0.031s][info][gc,metaspace] Narrow klass base: 0x0000000800000000, Narrow klass shift: 0, Narrow klass range: 0x100000000
[1.263s][info][gc,start    ] GC(0) Pause Full (System.gc())
[1.263s][info][gc,phases,start] GC(0) Phase 1: Mark live objects
[1.275s][info][gc,phases      ] GC(0) Phase 1: Mark live objects 11.449ms
[1.275s][info][gc,phases,start] GC(0) Phase 2: Compute new object addresses
[1.279s][info][gc,phases      ] GC(0) Phase 2: Compute new object addresses 4.616ms
[1.279s][info][gc,phases,start] GC(0) Phase 3: Adjust pointers
[1.284s][info][gc,phases      ] GC(0) Phase 3: Adjust pointers 4.497ms
[1.284s][info][gc,phases,start] GC(0) Phase 4: Move objects
[1.287s][info][gc,phases      ] GC(0) Phase 4: Move objects 2.513ms
[1.287s][info][gc,heap        ] GC(0) DefNew: 41974K(157248K)->0K(157248K) Eden: 41974K(139776K)->0K(139776K) From: 0K(17472K)->0K(17472K)
[1.287s][info][gc,heap        ] GC(0) Tenured: 0K(349568K)->3470K(349568K)
[1.287s][info][gc,metaspace   ] GC(0) Metaspace: 8235K(8448K)->8235K(8448K) NonClass: 7128K(7232K)->7128K(7232K) Class: 1106K(1216K)->1106K(1216K)
[1.287s][info][gc             ] GC(0) Pause Full (System.gc()) 40M->3M(494M) 24.271ms
[1.287s][info][gc,cpu         ] GC(0) User=0.02s Sys=0.02s Real=0.03s
[2.408s][info][gc,start       ] GC(1) Pause Young (Allocation Failure)
[2.416s][info][gc,heap        ] GC(1) DefNew: 139776K(157248K)->3475K(157248K) Eden: 139776K(139776K)->0K(139776K) From: 0K(17472K)->3475K(17472K)
[2.416s][info][gc,heap        ] GC(1) Tenured: 3470K(349568K)->3470K(349568K)
[2.416s][info][gc,metaspace   ] GC(1) Metaspace: 14545K(15104K)->14545K(15104K) NonClass: 12477K(12800K)->12477K(12800K) Class: 2068K(2304K)->2068K(2304K)
[2.416s][info][gc             ] GC(1) Pause Young (Allocation Failure) 139M->6M(494M) 8.566ms
[2.416s][info][gc,cpu         ] GC(1) User=0.11s Sys=0.00s Real=0.01s
[2.608s][info][gc,start       ] GC(2) Pause Young (Allocation Failure)
[2.617s][info][gc,heap        ] GC(2) DefNew: 143251K(157248K)->3493K(157248K) Eden: 139776K(139776K)->0K(139776K) From: 3475K(17472K)->3493K(17472K)
[2.617s][info][gc,heap        ] GC(2) Tenured: 3470K(349568K)->3470K(349568K)
[2.617s][info][gc,metaspace   ] GC(2) Metaspace: 14552K(15104K)->14552K(15104K) NonClass: 12483K(12800K)->12483K(12800K) Class: 2068K(2304K)->2068K(2304K)
[2.617s][info][gc             ] GC(2) Pause Young (Allocation Failure) 143M->6M(494M) 9.489ms
[2.617s][info][gc,cpu         ] GC(2) User=0.00s Sys=0.00s Real=0.00s
[2.735s][info][gc,start       ] GC(3) Pause Young (Allocation Failure)
[2.745s][info][gc,heap        ] GC(3) DefNew: 143269K(157248K)->3532K(157248K) Eden: 139776K(139776K)->0K(139776K) From: 3493K(17472K)->3532K(17472K)
[2.745s][info][gc,heap        ] GC(3) Tenured: 3470K(349568K)->3470K(349568K)
[2.745s][info][gc,metaspace   ] GC(3) Metaspace: 14552K(15104K)->14552K(15104K) NonClass: 12483K(12800K)->12483K(12800K) Class: 2068K(2304K)->2068K(2304K)
[2.745s][info][gc             ] GC(3) Pause Young (Allocation Failure) 143M->6M(494M) 9.893ms
[2.745s][info][gc,cpu         ] GC(3) User=0.03s Sys=0.00s Real=0.01s
[2.887s][info][gc,start       ] GC(4) Pause Young (Allocation Failure)
[2.898s][info][gc,heap        ] GC(4) DefNew: 143308K(157248K)->3555K(157248K) Eden: 139776K(139776K)->0K(139776K) From: 3532K(17472K)->3555K(17472K)
[2.898s][info][gc,heap        ] GC(4) Tenured: 3470K(349568K)->3470K(349568K)
[2.898s][info][gc,metaspace   ] GC(4) Metaspace: 14552K(15104K)->14552K(15104K) NonClass: 12483K(12800K)->12483K(12800K) Class: 2068K(2304K)->2068K(2304K)
[2.898s][info][gc             ] GC(4) Pause Young (Allocation Failure) 143M->6M(494M) 10.637ms
[2.898s][info][gc,cpu         ] GC(4) User=0.06s Sys=0.00s Real=0.01s
[3.032s][info][gc,start       ] GC(5) Pause Young (Allocation Failure)
[3.044s][info][gc,heap        ] GC(5) DefNew: 143331K(157248K)->3576K(157248K) Eden: 139776K(139776K)->0K(139776K) From: 3555K(17472K)->3576K(17472K)
[3.044s][info][gc,heap        ] GC(5) Tenured: 3470K(349568K)->3470K(349568K)
[3.044s][info][gc,metaspace   ] GC(5) Metaspace: 14552K(15104K)->14552K(15104K) NonClass: 12483K(12800K)->12483K(12800K) Class: 2068K(2304K)->2068K(2304K)
[3.044s][info][gc             ] GC(5) Pause Young (Allocation Failure) 143M->6M(494M) 12.050ms
[3.044s][info][gc,cpu         ] GC(5) User=0.02s Sys=0.00s Real=0.01s
[3.203s][info][gc,start       ] GC(6) Pause Young (Allocation Failure)
[3.213s][info][gc,heap        ] GC(6) DefNew: 143352K(157248K)->3611K(157248K) Eden: 139776K(139776K)->0K(139776K) From: 3576K(17472K)->3611K(17472K)
[3.214s][info][gc,heap        ] GC(6) Tenured: 3470K(349568K)->3470K(349568K)
[3.214s][info][gc,metaspace   ] GC(6) Metaspace: 14552K(15104K)->14552K(15104K) NonClass: 12483K(12800K)->12483K(12800K) Class: 2068K(2304K)->2068K(2304K)
[3.214s][info][gc             ] GC(6) Pause Young (Allocation Failure) 143M->6M(494M) 10.324ms
[3.214s][info][gc,cpu         ] GC(6) User=0.02s Sys=0.00s Real=0.01s
[3.319s][info][gc,start       ] GC(7) Pause Young (Allocation Failure)
[3.330s][info][gc,heap        ] GC(7) DefNew: 143387K(157248K)->3629K(157248K) Eden: 139776K(139776K)->0K(139776K) From: 3611K(17472K)->3629K(17472K)
[3.330s][info][gc,heap        ] GC(7) Tenured: 3470K(349568K)->3470K(349568K)
[3.330s][info][gc,metaspace   ] GC(7) Metaspace: 14552K(15104K)->14552K(15104K) NonClass: 12483K(12800K)->12483K(12800K) Class: 2068K(2304K)->2068K(2304K)
[3.330s][info][gc             ] GC(7) Pause Young (Allocation Failure) 143M->6M(494M) 11.069ms
[3.330s][info][gc,cpu         ] GC(7) User=0.02s Sys=0.00s Real=0.01s
[3.462s][info][gc,start       ] GC(8) Pause Young (Allocation Failure)
[3.474s][info][gc,heap        ] GC(8) DefNew: 143405K(157248K)->3649K(157248K) Eden: 139776K(139776K)->0K(139776K) From: 3629K(17472K)->3649K(17472K)
[3.474s][info][gc,heap        ] GC(8) Tenured: 3470K(349568K)->3470K(349568K)
[3.474s][info][gc,metaspace   ] GC(8) Metaspace: 14552K(15104K)->14552K(15104K) NonClass: 12483K(12800K)->12483K(12800K) Class: 2068K(2304K)->2068K(2304K)
[3.474s][info][gc             ] GC(8) Pause Young (Allocation Failure) 143M->6M(494M) 11.907ms
[3.474s][info][gc,cpu         ] GC(8) User=0.00s Sys=0.00s Real=0.01s
[3.613s][info][gc,start       ] GC(9) Pause Young (Allocation Failure)
[3.625s][info][gc,heap        ] GC(9) DefNew: 143425K(157248K)->3673K(157248K) Eden: 139776K(139776K)->0K(139776K) From: 3649K(17472K)->3673K(17472K)
[3.625s][info][gc,heap        ] GC(9) Tenured: 3470K(349568K)->3470K(349568K)
[3.625s][info][gc,metaspace   ] GC(9) Metaspace: 14552K(15104K)->14552K(15104K) NonClass: 12483K(12800K)->12483K(12800K) Class: 2068K(2304K)->2068K(2304K)
[3.625s][info][gc             ] GC(9) Pause Young (Allocation Failure) 143M->6M(494M) 11.522ms
[3.625s][info][gc,cpu         ] GC(9) User=0.02s Sys=0.00s Real=0.01s
[3.748s][info][gc,start       ] GC(10) Pause Young (Allocation Failure)
[3.758s][info][gc,heap        ] GC(10) DefNew: 143449K(157248K)->3694K(157248K) Eden: 139776K(139776K)->0K(139776K) From: 3673K(17472K)->3694K(17472K)
[3.758s][info][gc,heap        ] GC(10) Tenured: 3470K(349568K)->3470K(349568K)
[3.758s][info][gc,metaspace   ] GC(10) Metaspace: 14552K(15104K)->14552K(15104K) NonClass: 12483K(12800K)->12483K(12800K) Class: 2068K(2304K)->2068K(2304K)
[3.758s][info][gc             ] GC(10) Pause Young (Allocation Failure) 143M->6M(494M) 10.367ms
[3.758s][info][gc,cpu         ] GC(10) User=0.02s Sys=0.00s Real=0.01s
[3.893s][info][gc,start       ] GC(11) Pause Young (Allocation Failure)
[3.906s][info][gc,heap        ] GC(11) DefNew: 143470K(157248K)->3716K(157248K) Eden: 139776K(139776K)->0K(139776K) From: 3694K(17472K)->3716K(17472K)
[3.906s][info][gc,heap        ] GC(11) Tenured: 3470K(349568K)->3470K(349568K)
[3.906s][info][gc,metaspace   ] GC(11) Metaspace: 14552K(15104K)->14552K(15104K) NonClass: 12483K(12800K)->12483K(12800K) Class: 2068K(2304K)->2068K(2304K)
[3.906s][info][gc             ] GC(11) Pause Young (Allocation Failure) 143M->7M(494M) 12.908ms
[3.906s][info][gc,cpu         ] GC(11) User=0.00s Sys=0.00s Real=0.00s
[4.015s][info][gc,start       ] GC(12) Pause Young (Allocation Failure)
[4.027s][info][gc,heap        ] GC(12) DefNew: 143492K(157248K)->3732K(157248K) Eden: 139776K(139776K)->0K(139776K) From: 3716K(17472K)->3732K(17472K)
[4.027s][info][gc,heap        ] GC(12) Tenured: 3470K(349568K)->3470K(349568K)
[4.027s][info][gc,metaspace   ] GC(12) Metaspace: 14552K(15104K)->14552K(15104K) NonClass: 12483K(12800K)->12483K(12800K) Class: 2068K(2304K)->2068K(2304K)
[4.027s][info][gc             ] GC(12) Pause Young (Allocation Failure) 143M->7M(494M) 12.433ms
[4.027s][info][gc,cpu         ] GC(12) User=0.02s Sys=0.00s Real=0.01s
[4.167s][info][gc,start       ] GC(13) Pause Young (Allocation Failure)
[4.181s][info][gc,heap        ] GC(13) DefNew: 143508K(157248K)->3757K(157248K) Eden: 139776K(139776K)->0K(139776K) From: 3732K(17472K)->3757K(17472K)
[4.181s][info][gc,heap        ] GC(13) Tenured: 3470K(349568K)->3470K(349568K)
[4.181s][info][gc,metaspace   ] GC(13) Metaspace: 14552K(15104K)->14552K(15104K) NonClass: 12483K(12800K)->12483K(12800K) Class: 2068K(2304K)->2068K(2304K)
[4.181s][info][gc             ] GC(13) Pause Young (Allocation Failure) 143M->7M(494M) 13.384ms
[4.181s][info][gc,cpu         ] GC(13) User=0.02s Sys=0.00s Real=0.01s
[4.299s][info][gc,start       ] GC(14) Pause Young (Allocation Failure)
[4.312s][info][gc,heap        ] GC(14) DefNew: 143533K(157248K)->3775K(157248K) Eden: 139776K(139776K)->0K(139776K) From: 3757K(17472K)->3775K(17472K)
[4.312s][info][gc,heap        ] GC(14) Tenured: 3470K(349568K)->3470K(349568K)
[4.312s][info][gc,metaspace   ] GC(14) Metaspace: 14552K(15104K)->14552K(15104K) NonClass: 12483K(12800K)->12483K(12800K) Class: 2068K(2304K)->2068K(2304K)
[4.312s][info][gc             ] GC(14) Pause Young (Allocation Failure) 143M->7M(494M) 12.458ms
[4.312s][info][gc,cpu         ] GC(14) User=0.02s Sys=0.00s Real=0.01s
[4.447s][info][gc,start       ] GC(15) Pause Young (Allocation Failure)
[4.458s][info][gc,heap        ] GC(15) DefNew: 143551K(157248K)->3796K(157248K) Eden: 139776K(139776K)->0K(139776K) From: 3775K(17472K)->3796K(17472K)
[4.458s][info][gc,heap        ] GC(15) Tenured: 3470K(349568K)->3470K(349568K)
[4.458s][info][gc,metaspace   ] GC(15) Metaspace: 14552K(15104K)->14552K(15104K) NonClass: 12483K(12800K)->12483K(12800K) Class: 2068K(2304K)->2068K(2304K)
[4.458s][info][gc             ] GC(15) Pause Young (Allocation Failure) 143M->7M(494M) 10.872ms
[4.458s][info][gc,cpu         ] GC(15) User=0.00s Sys=0.00s Real=0.00s
[4.581s][info][gc,start       ] GC(16) Pause Young (Allocation Failure)
[4.592s][info][gc,heap        ] GC(16) DefNew: 143572K(157248K)->363K(157248K) Eden: 139776K(139776K)->0K(139776K) From: 3796K(17472K)->363K(17472K)
[4.592s][info][gc,heap        ] GC(16) Tenured: 3470K(349568K)->6922K(349568K)
[4.592s][info][gc,metaspace   ] GC(16) Metaspace: 14552K(15104K)->14552K(15104K) NonClass: 12483K(12800K)->12483K(12800K) Class: 2068K(2304K)->2068K(2304K)
[4.592s][info][gc             ] GC(16) Pause Young (Allocation Failure) 143M->7M(494M) 11.100ms
[4.593s][info][gc,cpu         ] GC(16) User=0.02s Sys=0.00s Real=0.01s
[4.720s][info][gc,start       ] GC(17) Pause Young (Allocation Failure)
[4.728s][info][gc,heap        ] GC(17) DefNew: 140139K(157248K)->354K(157248K) Eden: 139776K(139776K)->0K(139776K) From: 363K(17472K)->354K(17472K)
[4.728s][info][gc,heap        ] GC(17) Tenured: 6922K(349568K)->6953K(349568K)
[4.728s][info][gc,metaspace   ] GC(17) Metaspace: 14552K(15104K)->14552K(15104K) NonClass: 12483K(12800K)->12483K(12800K) Class: 2068K(2304K)->2068K(2304K)
[4.728s][info][gc             ] GC(17) Pause Young (Allocation Failure) 143M->7M(494M) 8.097ms
[4.728s][info][gc,cpu         ] GC(17) User=0.00s Sys=0.00s Real=0.00s
[4.853s][info][gc,start       ] GC(18) Pause Young (Allocation Failure)
[4.861s][info][gc,heap        ] GC(18) DefNew: 140130K(157248K)->334K(157248K) Eden: 139776K(139776K)->0K(139776K) From: 354K(17472K)->334K(17472K)
[4.861s][info][gc,heap        ] GC(18) Tenured: 6953K(349568K)->6994K(349568K)
[4.861s][info][gc,metaspace   ] GC(18) Metaspace: 14552K(15104K)->14552K(15104K) NonClass: 12483K(12800K)->12483K(12800K) Class: 2068K(2304K)->2068K(2304K)
[4.861s][info][gc             ] GC(18) Pause Young (Allocation Failure) 143M->7M(494M) 8.287ms
[4.861s][info][gc,cpu         ] GC(18) User=0.00s Sys=0.00s Real=0.01s
[4.986s][info][gc,start       ] GC(19) Pause Young (Allocation Failure)
[4.994s][info][gc,heap        ] GC(19) DefNew: 140110K(157248K)->334K(157248K) Eden: 139776K(139776K)->0K(139776K) From: 334K(17472K)->334K(17472K)
[4.994s][info][gc,heap        ] GC(19) Tenured: 6994K(349568K)->7015K(349568K)
[4.994s][info][gc,metaspace   ] GC(19) Metaspace: 14552K(15104K)->14552K(15104K) NonClass: 12483K(12800K)->12483K(12800K) Class: 2068K(2304K)->2068K(2304K)
[4.994s][info][gc             ] GC(19) Pause Young (Allocation Failure) 143M->7M(494M) 8.243ms
[4.994s][info][gc,cpu         ] GC(19) User=0.02s Sys=0.00s Real=0.01s
[5.122s][info][gc,start       ] GC(20) Pause Young (Allocation Failure)
[5.133s][info][gc,heap        ] GC(20) DefNew: 140110K(157248K)->332K(157248K) Eden: 139776K(139776K)->0K(139776K) From: 334K(17472K)->332K(17472K)
[5.133s][info][gc,heap        ] GC(20) Tenured: 7015K(349568K)->7038K(349568K)
[5.133s][info][gc,metaspace   ] GC(20) Metaspace: 14552K(15104K)->14552K(15104K) NonClass: 12483K(12800K)->12483K(12800K) Class: 2068K(2304K)->2068K(2304K)
[5.133s][info][gc             ] GC(20) Pause Young (Allocation Failure) 143M->7M(494M) 11.203ms
[5.133s][info][gc,cpu         ] GC(20) User=0.02s Sys=0.02s Real=0.01s
[5.262s][info][gc,start       ] GC(21) Pause Young (Allocation Failure)
[5.271s][info][gc,heap        ] GC(21) DefNew: 140108K(157248K)->320K(157248K) Eden: 139776K(139776K)->0K(139776K) From: 332K(17472K)->320K(17472K)
[5.271s][info][gc,heap        ] GC(21) Tenured: 7038K(349568K)->7073K(349568K)
[5.271s][info][gc,metaspace   ] GC(21) Metaspace: 14552K(15104K)->14552K(15104K) NonClass: 12483K(12800K)->12483K(12800K) Class: 2068K(2304K)->2068K(2304K)
[5.271s][info][gc             ] GC(21) Pause Young (Allocation Failure) 143M->7M(494M) 9.603ms
[5.272s][info][gc,cpu         ] GC(21) User=0.00s Sys=0.00s Real=0.00s
[5.396s][info][gc,start       ] GC(22) Pause Young (Allocation Failure)
[5.405s][info][gc,heap        ] GC(22) DefNew: 140096K(157248K)->323K(157248K) Eden: 139776K(139776K)->0K(139776K) From: 320K(17472K)->323K(17472K)
[5.405s][info][gc,heap        ] GC(22) Tenured: 7073K(349568K)->7091K(349568K)
[5.405s][info][gc,metaspace   ] GC(22) Metaspace: 14552K(15104K)->14552K(15104K) NonClass: 12483K(12800K)->12483K(12800K) Class: 2068K(2304K)->2068K(2304K)
[5.405s][info][gc             ] GC(22) Pause Young (Allocation Failure) 143M->7M(494M) 8.701ms
[5.405s][info][gc,cpu         ] GC(22) User=0.02s Sys=0.00s Real=0.01s
[5.530s][info][gc,start       ] GC(23) Pause Young (Allocation Failure)
[5.541s][info][gc,heap        ] GC(23) DefNew: 140099K(157248K)->322K(157248K) Eden: 139776K(139776K)->0K(139776K) From: 323K(17472K)->322K(17472K)
[5.541s][info][gc,heap        ] GC(23) Tenured: 7091K(349568K)->7111K(349568K)
[5.541s][info][gc,metaspace   ] GC(23) Metaspace: 14552K(15104K)->14552K(15104K) NonClass: 12483K(12800K)->12483K(12800K) Class: 2068K(2304K)->2068K(2304K)
[5.542s][info][gc             ] GC(23) Pause Young (Allocation Failure) 143M->7M(494M) 11.261ms
[5.542s][info][gc,cpu         ] GC(23) User=0.02s Sys=0.00s Real=0.01s
[5.671s][info][gc,start       ] GC(24) Pause Young (Allocation Failure)
[5.681s][info][gc,heap        ] GC(24) DefNew: 140098K(157248K)->320K(157248K) Eden: 139776K(139776K)->0K(139776K) From: 322K(17472K)->320K(17472K)
[5.681s][info][gc,heap        ] GC(24) Tenured: 7111K(349568K)->7135K(349568K)
[5.681s][info][gc,metaspace   ] GC(24) Metaspace: 14552K(15104K)->14552K(15104K) NonClass: 12483K(12800K)->12483K(12800K) Class: 2068K(2304K)->2068K(2304K)
[5.681s][info][gc             ] GC(24) Pause Young (Allocation Failure) 143M->7M(494M) 10.430ms
[5.681s][info][gc,cpu         ] GC(24) User=0.02s Sys=0.00s Real=0.01s
[5.807s][info][gc,start       ] GC(25) Pause Young (Allocation Failure)
[5.817s][info][gc,heap        ] GC(25) DefNew: 140096K(157248K)->321K(157248K) Eden: 139776K(139776K)->0K(139776K) From: 320K(17472K)->321K(17472K)
[5.817s][info][gc,heap        ] GC(25) Tenured: 7135K(349568K)->7156K(349568K)
[5.817s][info][gc,metaspace   ] GC(25) Metaspace: 14552K(15104K)->14552K(15104K) NonClass: 12483K(12800K)->12483K(12800K) Class: 2068K(2304K)->2068K(2304K)
[5.817s][info][gc             ] GC(25) Pause Young (Allocation Failure) 143M->7M(494M) 9.239ms
[5.817s][info][gc,cpu         ] GC(25) User=0.00s Sys=0.00s Real=0.01s
[5.945s][info][gc,start       ] GC(26) Pause Young (Allocation Failure)
[5.953s][info][gc,heap        ] GC(26) DefNew: 140097K(157248K)->320K(157248K) Eden: 139776K(139776K)->0K(139776K) From: 321K(17472K)->320K(17472K)
[5.953s][info][gc,heap        ] GC(26) Tenured: 7156K(349568K)->7176K(349568K)
[5.953s][info][gc,metaspace   ] GC(26) Metaspace: 14552K(15104K)->14552K(15104K) NonClass: 12483K(12800K)->12483K(12800K) Class: 2068K(2304K)->2068K(2304K)
[5.953s][info][gc             ] GC(26) Pause Young (Allocation Failure) 143M->7M(494M) 8.026ms
[5.953s][info][gc,cpu         ] GC(26) User=0.00s Sys=0.00s Real=0.01s
[6.079s][info][gc,start       ] GC(27) Pause Young (Allocation Failure)
[6.087s][info][gc,heap        ] GC(27) DefNew: 140096K(157248K)->324K(157248K) Eden: 139776K(139776K)->0K(139776K) From: 320K(17472K)->324K(17472K)
[6.087s][info][gc,heap        ] GC(27) Tenured: 7176K(349568K)->7194K(349568K)
[6.087s][info][gc,metaspace   ] GC(27) Metaspace: 14552K(15104K)->14552K(15104K) NonClass: 12483K(12800K)->12483K(12800K) Class: 2068K(2304K)->2068K(2304K)
[6.087s][info][gc             ] GC(27) Pause Young (Allocation Failure) 143M->7M(494M) 7.750ms
[6.087s][info][gc,cpu         ] GC(27) User=0.02s Sys=0.00s Real=0.01s
[6.211s][info][gc,start       ] GC(28) Pause Young (Allocation Failure)
[6.219s][info][gc,heap        ] GC(28) DefNew: 140100K(157248K)->321K(157248K) Eden: 139776K(139776K)->0K(139776K) From: 324K(17472K)->321K(17472K)
[6.219s][info][gc,heap        ] GC(28) Tenured: 7194K(349568K)->7218K(349568K)
[6.219s][info][gc,metaspace   ] GC(28) Metaspace: 14552K(15104K)->14552K(15104K) NonClass: 12483K(12800K)->12483K(12800K) Class: 2068K(2304K)->2068K(2304K)
[6.219s][info][gc             ] GC(28) Pause Young (Allocation Failure) 143M->7M(494M) 8.274ms
[6.219s][info][gc,cpu         ] GC(28) User=0.00s Sys=0.00s Real=0.01s
[6.344s][info][gc,start       ] GC(29) Pause Young (Allocation Failure)
[6.353s][info][gc,heap        ] GC(29) DefNew: 140097K(157248K)->324K(157248K) Eden: 139776K(139776K)->0K(139776K) From: 321K(17472K)->324K(17472K)
[6.353s][info][gc,heap        ] GC(29) Tenured: 7218K(349568K)->7236K(349568K)
[6.353s][info][gc,metaspace   ] GC(29) Metaspace: 14552K(15104K)->14552K(15104K) NonClass: 12483K(12800K)->12483K(12800K) Class: 2068K(2304K)->2068K(2304K)
[6.353s][info][gc             ] GC(29) Pause Young (Allocation Failure) 143M->7M(494M) 9.603ms
[6.353s][info][gc,cpu         ] GC(29) User=0.02s Sys=0.00s Real=0.01s
[6.480s][info][gc,start       ] GC(30) Pause Young (Allocation Failure)
[6.489s][info][gc,heap        ] GC(30) DefNew: 140100K(157248K)->324K(157248K) Eden: 139776K(139776K)->0K(139776K) From: 324K(17472K)->324K(17472K)
[6.489s][info][gc,heap        ] GC(30) Tenured: 7236K(349568K)->7256K(349568K)
[6.489s][info][gc,metaspace   ] GC(30) Metaspace: 14552K(15104K)->14552K(15104K) NonClass: 12483K(12800K)->12483K(12800K) Class: 2068K(2304K)->2068K(2304K)
[6.489s][info][gc             ] GC(30) Pause Young (Allocation Failure) 143M->7M(494M) 9.020ms
[6.489s][info][gc,cpu         ] GC(30) User=0.00s Sys=0.00s Real=0.01s
[6.615s][info][gc,start       ] GC(31) Pause Young (Allocation Failure)
[6.625s][info][gc,heap        ] GC(31) DefNew: 140100K(157248K)->323K(157248K) Eden: 139776K(139776K)->0K(139776K) From: 324K(17472K)->323K(17472K)
[6.625s][info][gc,heap        ] GC(31) Tenured: 7256K(349568K)->7277K(349568K)
[6.625s][info][gc,metaspace   ] GC(31) Metaspace: 14552K(15104K)->14552K(15104K) NonClass: 12483K(12800K)->12483K(12800K) Class: 2068K(2304K)->2068K(2304K)
[6.625s][info][gc             ] GC(31) Pause Young (Allocation Failure) 143M->7M(494M) 10.224ms
[6.625s][info][gc,cpu         ] GC(31) User=0.02s Sys=0.00s Real=0.01s
[6.751s][info][gc,start       ] GC(32) Pause Young (Allocation Failure)
[6.761s][info][gc,heap        ] GC(32) DefNew: 140099K(157248K)->323K(157248K) Eden: 139776K(139776K)->0K(139776K) From: 323K(17472K)->323K(17472K)
[6.761s][info][gc,heap        ] GC(32) Tenured: 7277K(349568K)->7298K(349568K)
[6.761s][info][gc,metaspace   ] GC(32) Metaspace: 14552K(15104K)->14552K(15104K) NonClass: 12483K(12800K)->12483K(12800K) Class: 2068K(2304K)->2068K(2304K)
[6.761s][info][gc             ] GC(32) Pause Young (Allocation Failure) 143M->7M(494M) 10.367ms
[6.761s][info][gc,cpu         ] GC(32) User=0.02s Sys=0.00s Real=0.01s
[6.889s][info][gc,start       ] GC(33) Pause Young (Allocation Failure)
[6.900s][info][gc,heap        ] GC(33) DefNew: 140099K(157248K)->323K(157248K) Eden: 139776K(139776K)->0K(139776K) From: 323K(17472K)->323K(17472K)
[6.900s][info][gc,heap        ] GC(33) Tenured: 7298K(349568K)->7320K(349568K)
[6.900s][info][gc,metaspace   ] GC(33) Metaspace: 14552K(15104K)->14552K(15104K) NonClass: 12483K(12800K)->12483K(12800K) Class: 2068K(2304K)->2068K(2304K)
[6.900s][info][gc             ] GC(33) Pause Young (Allocation Failure) 143M->7M(494M) 10.688ms
[6.900s][info][gc,cpu         ] GC(33) User=0.00s Sys=0.00s Real=0.00s
[7.025s][info][gc,start       ] GC(34) Pause Young (Allocation Failure)
[7.036s][info][gc,heap        ] GC(34) DefNew: 140099K(157248K)->322K(157248K) Eden: 139776K(139776K)->0K(139776K) From: 323K(17472K)->322K(17472K)
[7.036s][info][gc,heap        ] GC(34) Tenured: 7320K(349568K)->7340K(349568K)
[7.036s][info][gc,metaspace   ] GC(34) Metaspace: 14552K(15104K)->14552K(15104K) NonClass: 12483K(12800K)->12483K(12800K) Class: 2068K(2304K)->2068K(2304K)
[7.036s][info][gc             ] GC(34) Pause Young (Allocation Failure) 143M->7M(494M) 11.247ms
[7.036s][info][gc,cpu         ] GC(34) User=0.00s Sys=0.00s Real=0.01s
[7.243s][info][gc,start       ] GC(35) Pause Young (Allocation Failure)
[7.257s][info][gc,heap        ] GC(35) DefNew: 140098K(157248K)->323K(157248K) Eden: 139776K(139776K)->0K(139776K) From: 322K(17472K)->323K(17472K)
[7.257s][info][gc,heap        ] GC(35) Tenured: 7340K(349568K)->7361K(349568K)
[7.257s][info][gc,metaspace   ] GC(35) Metaspace: 14552K(15104K)->14552K(15104K) NonClass: 12483K(12800K)->12483K(12800K) Class: 2068K(2304K)->2068K(2304K)
[7.257s][info][gc             ] GC(35) Pause Young (Allocation Failure) 143M->7M(494M) 13.961ms
[7.257s][info][gc,cpu         ] GC(35) User=0.00s Sys=0.00s Real=0.00s
[7.394s][info][gc,start       ] GC(36) Pause Young (Allocation Failure)
[7.402s][info][gc,heap        ] GC(36) DefNew: 140099K(157248K)->324K(157248K) Eden: 139776K(139776K)->0K(139776K) From: 323K(17472K)->324K(17472K)
[7.402s][info][gc,heap        ] GC(36) Tenured: 7361K(349568K)->7385K(349568K)
[7.402s][info][gc,metaspace   ] GC(36) Metaspace: 14555K(15104K)->14555K(15104K) NonClass: 12487K(12800K)->12487K(12800K) Class: 2068K(2304K)->2068K(2304K)
[7.402s][info][gc             ] GC(36) Pause Young (Allocation Failure) 144M->7M(494M) 8.105ms
[7.402s][info][gc,cpu         ] GC(36) User=0.02s Sys=0.00s Real=0.01s
[7.530s][info][gc,start       ] GC(37) Pause Young (Allocation Failure)
[7.538s][info][gc,heap        ] GC(37) DefNew: 140100K(157248K)->324K(157248K) Eden: 139776K(139776K)->0K(139776K) From: 324K(17472K)->324K(17472K)
[7.538s][info][gc,heap        ] GC(37) Tenured: 7385K(349568K)->7406K(349568K)
[7.538s][info][gc,metaspace   ] GC(37) Metaspace: 14555K(15104K)->14555K(15104K) NonClass: 12487K(12800K)->12487K(12800K) Class: 2068K(2304K)->2068K(2304K)
[7.538s][info][gc             ] GC(37) Pause Young (Allocation Failure) 144M->7M(494M) 7.353ms
[7.538s][info][gc,cpu         ] GC(37) User=0.00s Sys=0.00s Real=0.01s
[7.661s][info][gc,start       ] GC(38) Pause Young (Allocation Failure)
[7.669s][info][gc,heap        ] GC(38) DefNew: 140100K(157248K)->325K(157248K) Eden: 139776K(139776K)->0K(139776K) From: 324K(17472K)->325K(17472K)
[7.669s][info][gc,heap        ] GC(38) Tenured: 7406K(349568K)->7426K(349568K)
[7.669s][info][gc,metaspace   ] GC(38) Metaspace: 14555K(15104K)->14555K(15104K) NonClass: 12487K(12800K)->12487K(12800K) Class: 2068K(2304K)->2068K(2304K)
[7.669s][info][gc             ] GC(38) Pause Young (Allocation Failure) 144M->7M(494M) 8.700ms
[7.669s][info][gc,cpu         ] GC(38) User=0.02s Sys=0.00s Real=0.01s
[7.800s][info][gc,start       ] GC(39) Pause Young (Allocation Failure)
[7.809s][info][gc,heap        ] GC(39) DefNew: 140101K(157248K)->323K(157248K) Eden: 139776K(139776K)->0K(139776K) From: 325K(17472K)->323K(17472K)
[7.809s][info][gc,heap        ] GC(39) Tenured: 7426K(349568K)->7447K(349568K)
[7.809s][info][gc,metaspace   ] GC(39) Metaspace: 14555K(15104K)->14555K(15104K) NonClass: 12487K(12800K)->12487K(12800K) Class: 2068K(2304K)->2068K(2304K)
[7.809s][info][gc             ] GC(39) Pause Young (Allocation Failure) 144M->7M(494M) 8.511ms
[7.809s][info][gc,cpu         ] GC(39) User=0.02s Sys=0.00s Real=0.01s
[7.932s][info][gc,start       ] GC(40) Pause Young (Allocation Failure)
[7.942s][info][gc,heap        ] GC(40) DefNew: 140099K(157248K)->324K(157248K) Eden: 139776K(139776K)->0K(139776K) From: 323K(17472K)->324K(17472K)
[7.942s][info][gc,heap        ] GC(40) Tenured: 7447K(349568K)->7468K(349568K)
[7.942s][info][gc,metaspace   ] GC(40) Metaspace: 14555K(15104K)->14555K(15104K) NonClass: 12487K(12800K)->12487K(12800K) Class: 2068K(2304K)->2068K(2304K)
[7.942s][info][gc             ] GC(40) Pause Young (Allocation Failure) 144M->7M(494M) 9.353ms
[7.942s][info][gc,cpu         ] GC(40) User=0.00s Sys=0.00s Real=0.01s
[8.065s][info][gc,start       ] GC(41) Pause Young (Allocation Failure)
[8.074s][info][gc,heap        ] GC(41) DefNew: 140100K(157248K)->320K(157248K) Eden: 139776K(139776K)->0K(139776K) From: 324K(17472K)->320K(17472K)
[8.074s][info][gc,heap        ] GC(41) Tenured: 7468K(349568K)->7489K(349568K)
[8.074s][info][gc,metaspace   ] GC(41) Metaspace: 14555K(15104K)->14555K(15104K) NonClass: 12487K(12800K)->12487K(12800K) Class: 2068K(2304K)->2068K(2304K)
[8.074s][info][gc             ] GC(41) Pause Young (Allocation Failure) 144M->7M(494M) 9.277ms
[8.074s][info][gc,cpu         ] GC(41) User=0.02s Sys=0.00s Real=0.01s
[8.197s][info][gc,start       ] GC(42) Pause Young (Allocation Failure)
[8.207s][info][gc,heap        ] GC(42) DefNew: 140096K(157248K)->318K(157248K) Eden: 139776K(139776K)->0K(139776K) From: 320K(17472K)->318K(17472K)
[8.207s][info][gc,heap        ] GC(42) Tenured: 7489K(349568K)->7509K(349568K)
[8.207s][info][gc,metaspace   ] GC(42) Metaspace: 14555K(15104K)->14555K(15104K) NonClass: 12487K(12800K)->12487K(12800K) Class: 2068K(2304K)->2068K(2304K)
[8.207s][info][gc             ] GC(42) Pause Young (Allocation Failure) 144M->7M(494M) 9.988ms
[8.207s][info][gc,cpu         ] GC(42) User=0.00s Sys=0.00s Real=0.00s
[8.331s][info][gc,start       ] GC(43) Pause Young (Allocation Failure)
[8.341s][info][gc,heap        ] GC(43) DefNew: 140094K(157248K)->318K(157248K) Eden: 139776K(139776K)->0K(139776K) From: 318K(17472K)->318K(17472K)
[8.341s][info][gc,heap        ] GC(43) Tenured: 7509K(349568K)->7530K(349568K)
[8.341s][info][gc,metaspace   ] GC(43) Metaspace: 14555K(15104K)->14555K(15104K) NonClass: 12487K(12800K)->12487K(12800K) Class: 2068K(2304K)->2068K(2304K)
[8.341s][info][gc             ] GC(43) Pause Young (Allocation Failure) 144M->7M(494M) 10.236ms
[8.341s][info][gc,cpu         ] GC(43) User=0.02s Sys=0.00s Real=0.01s
[8.466s][info][gc,start       ] GC(44) Pause Young (Allocation Failure)
[8.477s][info][gc,heap        ] GC(44) DefNew: 140094K(157248K)->317K(157248K) Eden: 139776K(139776K)->0K(139776K) From: 318K(17472K)->317K(17472K)
[8.477s][info][gc,heap        ] GC(44) Tenured: 7530K(349568K)->7551K(349568K)
[8.477s][info][gc,metaspace   ] GC(44) Metaspace: 14555K(15104K)->14555K(15104K) NonClass: 12487K(12800K)->12487K(12800K) Class: 2068K(2304K)->2068K(2304K)
[8.477s][info][gc             ] GC(44) Pause Young (Allocation Failure) 144M->7M(494M) 10.716ms
[8.477s][info][gc,cpu         ] GC(44) User=0.02s Sys=0.00s Real=0.01s
[8.602s][info][gc,start       ] GC(45) Pause Young (Allocation Failure)
[8.613s][info][gc,heap        ] GC(45) DefNew: 140093K(157248K)->316K(157248K) Eden: 139776K(139776K)->0K(139776K) From: 317K(17472K)->316K(17472K)
[8.613s][info][gc,heap        ] GC(45) Tenured: 7551K(349568K)->7572K(349568K)
[8.613s][info][gc,metaspace   ] GC(45) Metaspace: 14555K(15104K)->14555K(15104K) NonClass: 12487K(12800K)->12487K(12800K) Class: 2068K(2304K)->2068K(2304K)
[8.613s][info][gc             ] GC(45) Pause Young (Allocation Failure) 144M->7M(494M) 11.033ms
[8.613s][info][gc,cpu         ] GC(45) User=0.00s Sys=0.00s Real=0.01s
[8.739s][info][gc,start       ] GC(46) Pause Young (Allocation Failure)
[8.750s][info][gc,heap        ] GC(46) DefNew: 140092K(157248K)->316K(157248K) Eden: 139776K(139776K)->0K(139776K) From: 316K(17472K)->316K(17472K)
[8.750s][info][gc,heap        ] GC(46) Tenured: 7572K(349568K)->7593K(349568K)
[8.750s][info][gc,metaspace   ] GC(46) Metaspace: 14555K(15104K)->14555K(15104K) NonClass: 12487K(12800K)->12487K(12800K) Class: 2068K(2304K)->2068K(2304K)
[8.750s][info][gc             ] GC(46) Pause Young (Allocation Failure) 144M->7M(494M) 11.617ms
[8.750s][info][gc,cpu         ] GC(46) User=0.02s Sys=0.00s Real=0.01s
[8.873s][info][gc,start       ] GC(47) Pause Young (Allocation Failure)
[8.884s][info][gc,heap        ] GC(47) DefNew: 140092K(157248K)->313K(157248K) Eden: 139776K(139776K)->0K(139776K) From: 316K(17472K)->313K(17472K)
[8.884s][info][gc,heap        ] GC(47) Tenured: 7593K(349568K)->7613K(349568K)
[8.884s][info][gc,metaspace   ] GC(47) Metaspace: 14555K(15104K)->14555K(15104K) NonClass: 12487K(12800K)->12487K(12800K) Class: 2068K(2304K)->2068K(2304K)
[8.884s][info][gc             ] GC(47) Pause Young (Allocation Failure) 144M->7M(494M) 11.501ms
[8.884s][info][gc,cpu         ] GC(47) User=0.00s Sys=0.00s Real=0.01s
[9.011s][info][gc,start       ] GC(48) Pause Young (Allocation Failure)
[9.023s][info][gc,heap        ] GC(48) DefNew: 140089K(157248K)->314K(157248K) Eden: 139776K(139776K)->0K(139776K) From: 313K(17472K)->314K(17472K)
[9.023s][info][gc,heap        ] GC(48) Tenured: 7613K(349568K)->7634K(349568K)
[9.023s][info][gc,metaspace   ] GC(48) Metaspace: 14555K(15104K)->14555K(15104K) NonClass: 12487K(12800K)->12487K(12800K) Class: 2068K(2304K)->2068K(2304K)
[9.023s][info][gc             ] GC(48) Pause Young (Allocation Failure) 144M->7M(494M) 12.094ms
[9.023s][info][gc,cpu         ] GC(48) User=0.00s Sys=0.00s Real=0.00s
[9.148s][info][gc,start       ] GC(49) Pause Young (Allocation Failure)
[9.161s][info][gc,heap        ] GC(49) DefNew: 140090K(157248K)->314K(157248K) Eden: 139776K(139776K)->0K(139776K) From: 314K(17472K)->314K(17472K)
[9.161s][info][gc,heap        ] GC(49) Tenured: 7634K(349568K)->7654K(349568K)
[9.161s][info][gc,metaspace   ] GC(49) Metaspace: 14555K(15104K)->14555K(15104K) NonClass: 12487K(12800K)->12487K(12800K) Class: 2068K(2304K)->2068K(2304K)
[9.161s][info][gc             ] GC(49) Pause Young (Allocation Failure) 144M->7M(494M) 12.362ms
[9.161s][info][gc,cpu         ] GC(49) User=0.00s Sys=0.00s Real=0.01s
[9.286s][info][gc,start       ] GC(50) Pause Young (Allocation Failure)
[9.299s][info][gc,heap        ] GC(50) DefNew: 140090K(157248K)->314K(157248K) Eden: 139776K(139776K)->0K(139776K) From: 314K(17472K)->314K(17472K)
[9.299s][info][gc,heap        ] GC(50) Tenured: 7654K(349568K)->7676K(349568K)
[9.299s][info][gc,metaspace   ] GC(50) Metaspace: 14555K(15104K)->14555K(15104K) NonClass: 12487K(12800K)->12487K(12800K) Class: 2068K(2304K)->2068K(2304K)
[9.299s][info][gc             ] GC(50) Pause Young (Allocation Failure) 144M->7M(494M) 12.712ms
[9.299s][info][gc,cpu         ] GC(50) User=0.02s Sys=0.00s Real=0.01s
[9.425s][info][gc,start       ] GC(51) Pause Young (Allocation Failure)
[9.436s][info][gc,heap        ] GC(51) DefNew: 140090K(157248K)->309K(157248K) Eden: 139776K(139776K)->0K(139776K) From: 314K(17472K)->309K(17472K)
[9.436s][info][gc,heap        ] GC(51) Tenured: 7676K(349568K)->7701K(349568K)
[9.436s][info][gc,metaspace   ] GC(51) Metaspace: 14555K(15104K)->14555K(15104K) NonClass: 12487K(12800K)->12487K(12800K) Class: 2068K(2304K)->2068K(2304K)
[9.436s][info][gc             ] GC(51) Pause Young (Allocation Failure) 144M->7M(494M) 10.807ms
[9.436s][info][gc,cpu         ] GC(51) User=0.00s Sys=0.00s Real=0.00s
[9.563s][info][gc,start       ] GC(52) Pause Young (Allocation Failure)
[9.576s][info][gc,heap        ] GC(52) DefNew: 140085K(157248K)->308K(157248K) Eden: 139776K(139776K)->0K(139776K) From: 309K(17472K)->308K(17472K)
[9.576s][info][gc,heap        ] GC(52) Tenured: 7701K(349568K)->7722K(349568K)
[9.576s][info][gc,metaspace   ] GC(52) Metaspace: 14555K(15104K)->14555K(15104K) NonClass: 12487K(12800K)->12487K(12800K) Class: 2068K(2304K)->2068K(2304K)
[9.576s][info][gc             ] GC(52) Pause Young (Allocation Failure) 144M->7M(494M) 13.401ms
[9.576s][info][gc,cpu         ] GC(52) User=0.02s Sys=0.00s Real=0.01s
[9.704s][info][gc,start       ] GC(53) Pause Young (Allocation Failure)
[9.717s][info][gc,heap        ] GC(53) DefNew: 140084K(157248K)->308K(157248K) Eden: 139776K(139776K)->0K(139776K) From: 308K(17472K)->308K(17472K)
[9.717s][info][gc,heap        ] GC(53) Tenured: 7722K(349568K)->7742K(349568K)
[9.717s][info][gc,metaspace   ] GC(53) Metaspace: 14555K(15104K)->14555K(15104K) NonClass: 12487K(12800K)->12487K(12800K) Class: 2068K(2304K)->2068K(2304K)
[9.717s][info][gc             ] GC(53) Pause Young (Allocation Failure) 144M->7M(494M) 13.171ms
[9.717s][info][gc,cpu         ] GC(53) User=0.02s Sys=0.00s Real=0.01s
[9.883s][info][gc,start       ] GC(54) Pause Young (Allocation Failure)
[9.898s][info][gc,heap        ] GC(54) DefNew: 140084K(157248K)->309K(157248K) Eden: 139776K(139776K)->0K(139776K) From: 308K(17472K)->309K(17472K)
[9.898s][info][gc,heap        ] GC(54) Tenured: 7742K(349568K)->7763K(349568K)
[9.898s][info][gc,metaspace   ] GC(54) Metaspace: 14555K(15104K)->14555K(15104K) NonClass: 12487K(12800K)->12487K(12800K) Class: 2068K(2304K)->2068K(2304K)
[9.898s][info][gc             ] GC(54) Pause Young (Allocation Failure) 144M->7M(494M) 15.303ms
[9.898s][info][gc,cpu         ] GC(54) User=0.00s Sys=0.00s Real=0.00s
[10.034s][info][gc,start       ] GC(55) Pause Young (Allocation Failure)
[10.044s][info][gc,heap        ] GC(55) DefNew: 140085K(157248K)->309K(157248K) Eden: 139776K(139776K)->0K(139776K) From: 309K(17472K)->309K(17472K)
[10.044s][info][gc,heap        ] GC(55) Tenured: 7763K(349568K)->7783K(349568K)
[10.044s][info][gc,metaspace   ] GC(55) Metaspace: 14555K(15104K)->14555K(15104K) NonClass: 12487K(12800K)->12487K(12800K) Class: 2068K(2304K)->2068K(2304K)
[10.044s][info][gc             ] GC(55) Pause Young (Allocation Failure) 144M->7M(494M) 10.101ms
[10.044s][info][gc,cpu         ] GC(55) User=0.02s Sys=0.00s Real=0.01s
[10.183s][info][gc,start       ] GC(56) Pause Young (Allocation Failure)
[10.194s][info][gc,heap        ] GC(56) DefNew: 140085K(157248K)->316K(157248K) Eden: 139776K(139776K)->0K(139776K) From: 309K(17472K)->316K(17472K)
[10.194s][info][gc,heap        ] GC(56) Tenured: 7783K(349568K)->7801K(349568K)
[10.194s][info][gc,metaspace   ] GC(56) Metaspace: 14555K(15104K)->14555K(15104K) NonClass: 12487K(12800K)->12487K(12800K) Class: 2068K(2304K)->2068K(2304K)
[10.194s][info][gc             ] GC(56) Pause Young (Allocation Failure) 144M->7M(494M) 10.633ms
[10.194s][info][gc,cpu         ] GC(56) User=0.00s Sys=0.00s Real=0.01s
[10.324s][info][gc,start       ] GC(57) Pause Young (Allocation Failure)
[10.333s][info][gc,heap        ] GC(57) DefNew: 140092K(157248K)->319K(157248K) Eden: 139776K(139776K)->0K(139776K) From: 316K(17472K)->319K(17472K)
[10.333s][info][gc,heap        ] GC(57) Tenured: 7801K(349568K)->7819K(349568K)
[10.333s][info][gc,metaspace   ] GC(57) Metaspace: 14555K(15104K)->14555K(15104K) NonClass: 12487K(12800K)->12487K(12800K) Class: 2068K(2304K)->2068K(2304K)
[10.333s][info][gc             ] GC(57) Pause Young (Allocation Failure) 144M->7M(494M) 9.178ms
[10.333s][info][gc,cpu         ] GC(57) User=0.00s Sys=0.00s Real=0.00s
[10.456s][info][gc,start       ] GC(58) Pause Young (Allocation Failure)
[10.465s][info][gc,heap        ] GC(58) DefNew: 140095K(157248K)->316K(157248K) Eden: 139776K(139776K)->0K(139776K) From: 319K(17472K)->316K(17472K)
[10.465s][info][gc,heap        ] GC(58) Tenured: 7819K(349568K)->7840K(349568K)
[10.465s][info][gc,metaspace   ] GC(58) Metaspace: 14555K(15104K)->14555K(15104K) NonClass: 12487K(12800K)->12487K(12800K) Class: 2068K(2304K)->2068K(2304K)
[10.465s][info][gc             ] GC(58) Pause Young (Allocation Failure) 144M->7M(494M) 9.350ms
[10.465s][info][gc,cpu         ] GC(58) User=0.02s Sys=0.00s Real=0.01s
[10.589s][info][gc,start       ] GC(59) Pause Young (Allocation Failure)
[10.599s][info][gc,heap        ] GC(59) DefNew: 140092K(157248K)->315K(157248K) Eden: 139776K(139776K)->0K(139776K) From: 316K(17472K)->315K(17472K)
[10.599s][info][gc,heap        ] GC(59) Tenured: 7840K(349568K)->7860K(349568K)
[10.599s][info][gc,metaspace   ] GC(59) Metaspace: 14555K(15104K)->14555K(15104K) NonClass: 12487K(12800K)->12487K(12800K) Class: 2068K(2304K)->2068K(2304K)
[10.599s][info][gc             ] GC(59) Pause Young (Allocation Failure) 144M->7M(494M) 9.758ms
[10.599s][info][gc,cpu         ] GC(59) User=0.00s Sys=0.00s Real=0.01s
[10.723s][info][gc,start       ] GC(60) Pause Young (Allocation Failure)
[10.733s][info][gc,heap        ] GC(60) DefNew: 140091K(157248K)->312K(157248K) Eden: 139776K(139776K)->0K(139776K) From: 315K(17472K)->312K(17472K)
[10.733s][info][gc,heap        ] GC(60) Tenured: 7860K(349568K)->7881K(349568K)
[10.733s][info][gc,metaspace   ] GC(60) Metaspace: 14555K(15104K)->14555K(15104K) NonClass: 12487K(12800K)->12487K(12800K) Class: 2068K(2304K)->2068K(2304K)
[10.733s][info][gc             ] GC(60) Pause Young (Allocation Failure) 144M->8M(494M) 10.185ms
[10.733s][info][gc,cpu         ] GC(60) User=0.02s Sys=0.00s Real=0.00s
[10.863s][info][gc,start       ] GC(61) Pause Young (Allocation Failure)
[10.873s][info][gc,heap        ] GC(61) DefNew: 140088K(157248K)->314K(157248K) Eden: 139776K(139776K)->0K(139776K) From: 312K(17472K)->314K(17472K)
[10.873s][info][gc,heap        ] GC(61) Tenured: 7881K(349568K)->7902K(349568K)
[10.873s][info][gc,metaspace   ] GC(61) Metaspace: 14555K(15104K)->14555K(15104K) NonClass: 12487K(12800K)->12487K(12800K) Class: 2068K(2304K)->2068K(2304K)
[10.873s][info][gc             ] GC(61) Pause Young (Allocation Failure) 144M->8M(494M) 10.140ms
[10.873s][info][gc,cpu         ] GC(61) User=0.02s Sys=0.00s Real=0.00s
[10.998s][info][gc,start       ] GC(62) Pause Young (Allocation Failure)
[11.009s][info][gc,heap        ] GC(62) DefNew: 140090K(157248K)->316K(157248K) Eden: 139776K(139776K)->0K(139776K) From: 314K(17472K)->316K(17472K)
[11.009s][info][gc,heap        ] GC(62) Tenured: 7902K(349568K)->7919K(349568K)
[11.009s][info][gc,metaspace   ] GC(62) Metaspace: 14555K(15104K)->14555K(15104K) NonClass: 12487K(12800K)->12487K(12800K) Class: 2068K(2304K)->2068K(2304K)
[11.009s][info][gc             ] GC(62) Pause Young (Allocation Failure) 144M->8M(494M) 10.880ms
[11.009s][info][gc,cpu         ] GC(62) User=0.02s Sys=0.00s Real=0.01s
[11.133s][info][gc,start       ] GC(63) Pause Young (Allocation Failure)
[11.144s][info][gc,heap        ] GC(63) DefNew: 140092K(157248K)->315K(157248K) Eden: 139776K(139776K)->0K(139776K) From: 316K(17472K)->315K(17472K)
[11.144s][info][gc,heap        ] GC(63) Tenured: 7919K(349568K)->7940K(349568K)
[11.144s][info][gc,metaspace   ] GC(63) Metaspace: 14555K(15104K)->14555K(15104K) NonClass: 12487K(12800K)->12487K(12800K) Class: 2068K(2304K)->2068K(2304K)
[11.144s][info][gc             ] GC(63) Pause Young (Allocation Failure) 144M->8M(494M) 11.032ms
[11.144s][info][gc,cpu         ] GC(63) User=0.00s Sys=0.00s Real=0.01s
[11.268s][info][gc,start       ] GC(64) Pause Young (Allocation Failure)
[11.280s][info][gc,heap        ] GC(64) DefNew: 140091K(157248K)->315K(157248K) Eden: 139776K(139776K)->0K(139776K) From: 315K(17472K)->315K(17472K)
[11.280s][info][gc,heap        ] GC(64) Tenured: 7940K(349568K)->7960K(349568K)
[11.280s][info][gc,metaspace   ] GC(64) Metaspace: 14555K(15104K)->14555K(15104K) NonClass: 12487K(12800K)->12487K(12800K) Class: 2068K(2304K)->2068K(2304K)
[11.280s][info][gc             ] GC(64) Pause Young (Allocation Failure) 144M->8M(494M) 11.749ms
[11.280s][info][gc,cpu         ] GC(64) User=0.00s Sys=0.00s Real=0.00s
[11.405s][info][gc,start       ] GC(65) Pause Young (Allocation Failure)
[11.417s][info][gc,heap        ] GC(65) DefNew: 140091K(157248K)->311K(157248K) Eden: 139776K(139776K)->0K(139776K) From: 315K(17472K)->311K(17472K)
[11.417s][info][gc,heap        ] GC(65) Tenured: 7960K(349568K)->7981K(349568K)
[11.417s][info][gc,metaspace   ] GC(65) Metaspace: 14555K(15104K)->14555K(15104K) NonClass: 12487K(12800K)->12487K(12800K) Class: 2068K(2304K)->2068K(2304K)
[11.417s][info][gc             ] GC(65) Pause Young (Allocation Failure) 144M->8M(494M) 12.161ms
[11.417s][info][gc,cpu         ] GC(65) User=0.00s Sys=0.00s Real=0.00s
[11.541s][info][gc,start       ] GC(66) Pause Young (Allocation Failure)
[11.553s][info][gc,heap        ] GC(66) DefNew: 140087K(157248K)->311K(157248K) Eden: 139776K(139776K)->0K(139776K) From: 311K(17472K)->311K(17472K)
[11.553s][info][gc,heap        ] GC(66) Tenured: 7981K(349568K)->8002K(349568K)
[11.553s][info][gc,metaspace   ] GC(66) Metaspace: 14555K(15104K)->14555K(15104K) NonClass: 12487K(12800K)->12487K(12800K) Class: 2068K(2304K)->2068K(2304K)
[11.553s][info][gc             ] GC(66) Pause Young (Allocation Failure) 144M->8M(494M) 12.152ms
[11.553s][info][gc,cpu         ] GC(66) User=0.00s Sys=0.00s Real=0.01s
[11.678s][info][gc,start       ] GC(67) Pause Young (Allocation Failure)
[11.691s][info][gc,heap        ] GC(67) DefNew: 140087K(157248K)->312K(157248K) Eden: 139776K(139776K)->0K(139776K) From: 311K(17472K)->312K(17472K)
[11.691s][info][gc,heap        ] GC(67) Tenured: 8002K(349568K)->8023K(349568K)
[11.691s][info][gc,metaspace   ] GC(67) Metaspace: 14555K(15104K)->14555K(15104K) NonClass: 12487K(12800K)->12487K(12800K) Class: 2068K(2304K)->2068K(2304K)
[11.691s][info][gc             ] GC(67) Pause Young (Allocation Failure) 144M->8M(494M) 12.932ms
[11.691s][info][gc,cpu         ] GC(67) User=0.02s Sys=0.00s Real=0.01s
[11.817s][info][gc,start       ] GC(68) Pause Young (Allocation Failure)
[11.830s][info][gc,heap        ] GC(68) DefNew: 140088K(157248K)->312K(157248K) Eden: 139776K(139776K)->0K(139776K) From: 312K(17472K)->312K(17472K)
[11.830s][info][gc,heap        ] GC(68) Tenured: 8023K(349568K)->8043K(349568K)
[11.830s][info][gc,metaspace   ] GC(68) Metaspace: 14555K(15104K)->14555K(15104K) NonClass: 12487K(12800K)->12487K(12800K) Class: 2068K(2304K)->2068K(2304K)
[11.830s][info][gc             ] GC(68) Pause Young (Allocation Failure) 144M->8M(494M) 13.266ms
[11.830s][info][gc,cpu         ] GC(68) User=0.02s Sys=0.00s Real=0.01s
[11.958s][info][gc,start       ] GC(69) Pause Young (Allocation Failure)
[11.971s][info][gc,heap        ] GC(69) DefNew: 140088K(157248K)->311K(157248K) Eden: 139776K(139776K)->0K(139776K) From: 312K(17472K)->311K(17472K)
[11.971s][info][gc,heap        ] GC(69) Tenured: 8043K(349568K)->8064K(349568K)
[11.971s][info][gc,metaspace   ] GC(69) Metaspace: 14555K(15104K)->14555K(15104K) NonClass: 12487K(12800K)->12487K(12800K) Class: 2068K(2304K)->2068K(2304K)
[11.971s][info][gc             ] GC(69) Pause Young (Allocation Failure) 144M->8M(494M) 13.367ms
[11.971s][info][gc,cpu         ] GC(69) User=0.02s Sys=0.00s Real=0.00s
[12.096s][info][gc,start       ] GC(70) Pause Young (Allocation Failure)
[12.110s][info][gc,heap        ] GC(70) DefNew: 140087K(157248K)->310K(157248K) Eden: 139776K(139776K)->0K(139776K) From: 311K(17472K)->310K(17472K)
[12.110s][info][gc,heap        ] GC(70) Tenured: 8064K(349568K)->8085K(349568K)
[12.110s][info][gc,metaspace   ] GC(70) Metaspace: 14555K(15104K)->14555K(15104K) NonClass: 12487K(12800K)->12487K(12800K) Class: 2068K(2304K)->2068K(2304K)
[12.110s][info][gc             ] GC(70) Pause Young (Allocation Failure) 144M->8M(494M) 13.936ms
[12.110s][info][gc,cpu         ] GC(70) User=0.02s Sys=0.00s Real=0.01s
[12.237s][info][gc,start       ] GC(71) Pause Young (Allocation Failure)
[12.251s][info][gc,heap        ] GC(71) DefNew: 140086K(157248K)->306K(157248K) Eden: 139776K(139776K)->0K(139776K) From: 310K(17472K)->306K(17472K)
[12.251s][info][gc,heap        ] GC(71) Tenured: 8085K(349568K)->8109K(349568K)
[12.251s][info][gc,metaspace   ] GC(71) Metaspace: 14555K(15104K)->14555K(15104K) NonClass: 12487K(12800K)->12487K(12800K) Class: 2068K(2304K)->2068K(2304K)
[12.251s][info][gc             ] GC(71) Pause Young (Allocation Failure) 144M->8M(494M) 14.082ms
[12.251s][info][gc,cpu         ] GC(71) User=0.02s Sys=0.00s Real=0.01s
[12.377s][info][gc,start       ] GC(72) Pause Young (Allocation Failure)
[12.389s][info][gc,heap        ] GC(72) DefNew: 140082K(157248K)->305K(157248K) Eden: 139776K(139776K)->0K(139776K) From: 306K(17472K)->305K(17472K)
[12.389s][info][gc,heap        ] GC(72) Tenured: 8109K(349568K)->8130K(349568K)
[12.389s][info][gc,metaspace   ] GC(72) Metaspace: 14555K(15104K)->14555K(15104K) NonClass: 12487K(12800K)->12487K(12800K) Class: 2068K(2304K)->2068K(2304K)
[12.389s][info][gc             ] GC(72) Pause Young (Allocation Failure) 144M->8M(494M) 11.872ms
[12.389s][info][gc,cpu         ] GC(72) User=0.02s Sys=0.00s Real=0.01s
[12.516s][info][gc,start       ] GC(73) Pause Young (Allocation Failure)
[12.528s][info][gc,heap        ] GC(73) DefNew: 140081K(157248K)->309K(157248K) Eden: 139776K(139776K)->0K(139776K) From: 305K(17472K)->309K(17472K)
[12.528s][info][gc,heap        ] GC(73) Tenured: 8130K(349568K)->8147K(349568K)
[12.528s][info][gc,metaspace   ] GC(73) Metaspace: 14555K(15104K)->14555K(15104K) NonClass: 12487K(12800K)->12487K(12800K) Class: 2068K(2304K)->2068K(2304K)
[12.528s][info][gc             ] GC(73) Pause Young (Allocation Failure) 144M->8M(494M) 12.394ms
[12.528s][info][gc,cpu         ] GC(73) User=0.02s Sys=0.00s Real=0.01s
[12.710s][info][gc,start       ] GC(74) Pause Young (Allocation Failure)
[12.726s][info][gc,heap        ] GC(74) DefNew: 140085K(157248K)->313K(157248K) Eden: 139776K(139776K)->0K(139776K) From: 309K(17472K)->313K(17472K)
[12.726s][info][gc,heap        ] GC(74) Tenured: 8147K(349568K)->8168K(349568K)
[12.726s][info][gc,metaspace   ] GC(74) Metaspace: 14555K(15104K)->14555K(15104K) NonClass: 12487K(12800K)->12487K(12800K) Class: 2068K(2304K)->2068K(2304K)
[12.726s][info][gc             ] GC(74) Pause Young (Allocation Failure) 144M->8M(494M) 16.771ms
[12.726s][info][gc,cpu         ] GC(74) User=0.02s Sys=0.00s Real=0.02s
[12.862s][info][gc,start       ] GC(75) Pause Young (Allocation Failure)
[12.872s][info][gc,heap        ] GC(75) DefNew: 140089K(157248K)->316K(157248K) Eden: 139776K(139776K)->0K(139776K) From: 313K(17472K)->316K(17472K)
[12.872s][info][gc,heap        ] GC(75) Tenured: 8168K(349568K)->8185K(349568K)
[12.872s][info][gc,metaspace   ] GC(75) Metaspace: 14555K(15104K)->14555K(15104K) NonClass: 12487K(12800K)->12487K(12800K) Class: 2068K(2304K)->2068K(2304K)
[12.872s][info][gc             ] GC(75) Pause Young (Allocation Failure) 144M->8M(494M) 10.662ms
[12.873s][info][gc,cpu         ] GC(75) User=0.02s Sys=0.00s Real=0.00s
[13.002s][info][gc,start       ] GC(76) Pause Young (Allocation Failure)
[13.011s][info][gc,heap        ] GC(76) DefNew: 140092K(157248K)->315K(157248K) Eden: 139776K(139776K)->0K(139776K) From: 316K(17472K)->315K(17472K)
[13.011s][info][gc,heap        ] GC(76) Tenured: 8185K(349568K)->8206K(349568K)
[13.012s][info][gc,metaspace   ] GC(76) Metaspace: 14555K(15104K)->14555K(15104K) NonClass: 12487K(12800K)->12487K(12800K) Class: 2068K(2304K)->2068K(2304K)
[13.012s][info][gc             ] GC(76) Pause Young (Allocation Failure) 144M->8M(494M) 9.553ms
[13.012s][info][gc,cpu         ] GC(76) User=0.00s Sys=0.00s Real=0.00s
[13.141s][info][gc,start       ] GC(77) Pause Young (Allocation Failure)
[13.150s][info][gc,heap        ] GC(77) DefNew: 140091K(157248K)->315K(157248K) Eden: 139776K(139776K)->0K(139776K) From: 315K(17472K)->315K(17472K)
[13.150s][info][gc,heap        ] GC(77) Tenured: 8206K(349568K)->8227K(349568K)
[13.150s][info][gc,metaspace   ] GC(77) Metaspace: 14555K(15104K)->14555K(15104K) NonClass: 12487K(12800K)->12487K(12800K) Class: 2068K(2304K)->2068K(2304K)
[13.150s][info][gc             ] GC(77) Pause Young (Allocation Failure) 144M->8M(494M) 9.606ms
[13.150s][info][gc,cpu         ] GC(77) User=0.00s Sys=0.00s Real=0.00s
[13.288s][info][gc,start       ] GC(78) Pause Young (Allocation Failure)
[13.296s][info][gc,heap        ] GC(78) DefNew: 140091K(157248K)->317K(157248K) Eden: 139776K(139776K)->0K(139776K) From: 315K(17472K)->317K(17472K)
[13.296s][info][gc,heap        ] GC(78) Tenured: 8227K(349568K)->8247K(349568K)
[13.296s][info][gc,metaspace   ] GC(78) Metaspace: 14555K(15104K)->14555K(15104K) NonClass: 12487K(12800K)->12487K(12800K) Class: 2068K(2304K)->2068K(2304K)
[13.296s][info][gc             ] GC(78) Pause Young (Allocation Failure) 144M->8M(494M) 8.550ms
[13.296s][info][gc,cpu         ] GC(78) User=0.00s Sys=0.00s Real=0.01s
[13.422s][info][gc,start       ] GC(79) Pause Young (Allocation Failure)
[13.431s][info][gc,heap        ] GC(79) DefNew: 140093K(157248K)->320K(157248K) Eden: 139776K(139776K)->0K(139776K) From: 317K(17472K)->320K(17472K)
[13.431s][info][gc,heap        ] GC(79) Tenured: 8247K(349568K)->8265K(349568K)
[13.431s][info][gc,metaspace   ] GC(79) Metaspace: 14555K(15104K)->14555K(15104K) NonClass: 12487K(12800K)->12487K(12800K) Class: 2068K(2304K)->2068K(2304K)
[13.431s][info][gc             ] GC(79) Pause Young (Allocation Failure) 144M->8M(494M) 9.248ms
[13.431s][info][gc,cpu         ] GC(79) User=0.02s Sys=0.00s Real=0.01s
[13.555s][info][gc,start       ] GC(80) Pause Young (Allocation Failure)
[13.564s][info][gc,heap        ] GC(80) DefNew: 140096K(157248K)->319K(157248K) Eden: 139776K(139776K)->0K(139776K) From: 320K(17472K)->319K(17472K)
[13.564s][info][gc,heap        ] GC(80) Tenured: 8265K(349568K)->8285K(349568K)
[13.564s][info][gc,metaspace   ] GC(80) Metaspace: 14555K(15104K)->14555K(15104K) NonClass: 12487K(12800K)->12487K(12800K) Class: 2068K(2304K)->2068K(2304K)
[13.564s][info][gc             ] GC(80) Pause Young (Allocation Failure) 144M->8M(494M) 9.003ms
[13.564s][info][gc,cpu         ] GC(80) User=0.00s Sys=0.00s Real=0.01s
[13.688s][info][gc,start       ] GC(81) Pause Young (Allocation Failure)
[13.699s][info][gc,heap        ] GC(81) DefNew: 140095K(157248K)->319K(157248K) Eden: 139776K(139776K)->0K(139776K) From: 319K(17472K)->319K(17472K)
[13.699s][info][gc,heap        ] GC(81) Tenured: 8285K(349568K)->8306K(349568K)
[13.699s][info][gc,metaspace   ] GC(81) Metaspace: 14555K(15104K)->14555K(15104K) NonClass: 12487K(12800K)->12487K(12800K) Class: 2068K(2304K)->2068K(2304K)
[13.699s][info][gc             ] GC(81) Pause Young (Allocation Failure) 144M->8M(494M) 10.624ms
[13.699s][info][gc,cpu         ] GC(81) User=0.02s Sys=0.00s Real=0.01s
[13.825s][info][gc,start       ] GC(82) Pause Young (Allocation Failure)
[13.836s][info][gc,heap        ] GC(82) DefNew: 140095K(157248K)->317K(157248K) Eden: 139776K(139776K)->0K(139776K) From: 319K(17472K)->317K(17472K)
[13.836s][info][gc,heap        ] GC(82) Tenured: 8306K(349568K)->8326K(349568K)
[13.836s][info][gc,metaspace   ] GC(82) Metaspace: 14555K(15104K)->14555K(15104K) NonClass: 12487K(12800K)->12487K(12800K) Class: 2068K(2304K)->2068K(2304K)
[13.836s][info][gc             ] GC(82) Pause Young (Allocation Failure) 144M->8M(494M) 11.119ms
[13.836s][info][gc,cpu         ] GC(82) User=0.02s Sys=0.00s Real=0.01s
[13.962s][info][gc,start       ] GC(83) Pause Young (Allocation Failure)
[13.974s][info][gc,heap        ] GC(83) DefNew: 140093K(157248K)->318K(157248K) Eden: 139776K(139776K)->0K(139776K) From: 317K(17472K)->318K(17472K)
[13.974s][info][gc,heap        ] GC(83) Tenured: 8326K(349568K)->8347K(349568K)
[13.974s][info][gc,metaspace   ] GC(83) Metaspace: 14555K(15104K)->14555K(15104K) NonClass: 12487K(12800K)->12487K(12800K) Class: 2068K(2304K)->2068K(2304K)
[13.974s][info][gc             ] GC(83) Pause Young (Allocation Failure) 144M->8M(494M) 11.460ms
[13.974s][info][gc,cpu         ] GC(83) User=0.00s Sys=0.00s Real=0.01s
[14.098s][info][gc,start       ] GC(84) Pause Young (Allocation Failure)
[14.109s][info][gc,heap        ] GC(84) DefNew: 140094K(157248K)->319K(157248K) Eden: 139776K(139776K)->0K(139776K) From: 318K(17472K)->319K(17472K)
[14.109s][info][gc,heap        ] GC(84) Tenured: 8347K(349568K)->8368K(349568K)
[14.109s][info][gc,metaspace   ] GC(84) Metaspace: 14555K(15104K)->14555K(15104K) NonClass: 12487K(12800K)->12487K(12800K) Class: 2068K(2304K)->2068K(2304K)
[14.110s][info][gc             ] GC(84) Pause Young (Allocation Failure) 144M->8M(494M) 11.497ms
[14.110s][info][gc,cpu         ] GC(84) User=0.02s Sys=0.00s Real=0.01s
[14.235s][info][gc,start       ] GC(85) Pause Young (Allocation Failure)
[14.246s][info][gc,heap        ] GC(85) DefNew: 140095K(157248K)->318K(157248K) Eden: 139776K(139776K)->0K(139776K) From: 319K(17472K)->318K(17472K)
[14.246s][info][gc,heap        ] GC(85) Tenured: 8368K(349568K)->8386K(349568K)
[14.246s][info][gc,metaspace   ] GC(85) Metaspace: 14555K(15104K)->14555K(15104K) NonClass: 12487K(12800K)->12487K(12800K) Class: 2068K(2304K)->2068K(2304K)
[14.247s][info][gc             ] GC(85) Pause Young (Allocation Failure) 144M->8M(494M) 11.864ms
[14.247s][info][gc,cpu         ] GC(85) User=0.00s Sys=0.00s Real=0.00s
[14.372s][info][gc,start       ] GC(86) Pause Young (Allocation Failure)
[14.385s][info][gc,heap        ] GC(86) DefNew: 140094K(157248K)->319K(157248K) Eden: 139776K(139776K)->0K(139776K) From: 318K(17472K)->319K(17472K)
[14.385s][info][gc,heap        ] GC(86) Tenured: 8386K(349568K)->8406K(349568K)
[14.385s][info][gc,metaspace   ] GC(86) Metaspace: 14555K(15104K)->14555K(15104K) NonClass: 12487K(12800K)->12487K(12800K) Class: 2068K(2304K)->2068K(2304K)
[14.385s][info][gc             ] GC(86) Pause Young (Allocation Failure) 145M->8M(494M) 12.448ms
[14.385s][info][gc,cpu         ] GC(86) User=0.00s Sys=0.00s Real=0.00s
[14.508s][info][gc,start       ] GC(87) Pause Young (Allocation Failure)
[14.521s][info][gc,heap        ] GC(87) DefNew: 140095K(157248K)->316K(157248K) Eden: 139776K(139776K)->0K(139776K) From: 319K(17472K)->316K(17472K)
[14.521s][info][gc,heap        ] GC(87) Tenured: 8406K(349568K)->8427K(349568K)
[14.521s][info][gc,metaspace   ] GC(87) Metaspace: 14555K(15104K)->14555K(15104K) NonClass: 12487K(12800K)->12487K(12800K) Class: 2068K(2304K)->2068K(2304K)
[14.521s][info][gc             ] GC(87) Pause Young (Allocation Failure) 145M->8M(494M) 12.788ms
[14.521s][info][gc,cpu         ] GC(87) User=0.00s Sys=0.00s Real=0.01s
[14.646s][info][gc,start       ] GC(88) Pause Young (Allocation Failure)
[14.660s][info][gc,heap        ] GC(88) DefNew: 140092K(157248K)->314K(157248K) Eden: 139776K(139776K)->0K(139776K) From: 316K(17472K)->314K(17472K)
[14.660s][info][gc,heap        ] GC(88) Tenured: 8427K(349568K)->8448K(349568K)
[14.660s][info][gc,metaspace   ] GC(88) Metaspace: 14555K(15104K)->14555K(15104K) NonClass: 12487K(12800K)->12487K(12800K) Class: 2068K(2304K)->2068K(2304K)
[14.660s][info][gc             ] GC(88) Pause Young (Allocation Failure) 145M->8M(494M) 13.293ms
[14.660s][info][gc,cpu         ] GC(88) User=0.02s Sys=0.00s Real=0.01s
[14.786s][info][gc,start       ] GC(89) Pause Young (Allocation Failure)
[14.800s][info][gc,heap        ] GC(89) DefNew: 140090K(157248K)->311K(157248K) Eden: 139776K(139776K)->0K(139776K) From: 314K(17472K)->311K(17472K)
[14.800s][info][gc,heap        ] GC(89) Tenured: 8448K(349568K)->8472K(349568K)
[14.800s][info][gc,metaspace   ] GC(89) Metaspace: 14555K(15104K)->14555K(15104K) NonClass: 12487K(12800K)->12487K(12800K) Class: 2068K(2304K)->2068K(2304K)
[14.800s][info][gc             ] GC(89) Pause Young (Allocation Failure) 145M->8M(494M) 13.336ms
[14.800s][info][gc,cpu         ] GC(89) User=0.02s Sys=0.00s Real=0.01s
[14.927s][info][gc,start       ] GC(90) Pause Young (Allocation Failure)
[14.940s][info][gc,heap        ] GC(90) DefNew: 140087K(157248K)->312K(157248K) Eden: 139776K(139776K)->0K(139776K) From: 311K(17472K)->312K(17472K)
[14.940s][info][gc,heap        ] GC(90) Tenured: 8472K(349568K)->8493K(349568K)
[14.940s][info][gc,metaspace   ] GC(90) Metaspace: 14555K(15104K)->14555K(15104K) NonClass: 12487K(12800K)->12487K(12800K) Class: 2068K(2304K)->2068K(2304K)
[14.941s][info][gc             ] GC(90) Pause Young (Allocation Failure) 145M->8M(494M) 13.569ms
[14.941s][info][gc,cpu         ] GC(90) User=0.02s Sys=0.00s Real=0.01s
[15.066s][info][gc,start       ] GC(91) Pause Young (Allocation Failure)
[15.080s][info][gc,heap        ] GC(91) DefNew: 140088K(157248K)->312K(157248K) Eden: 139776K(139776K)->0K(139776K) From: 312K(17472K)->312K(17472K)
[15.080s][info][gc,heap        ] GC(91) Tenured: 8493K(349568K)->8513K(349568K)
[15.080s][info][gc,metaspace   ] GC(91) Metaspace: 14555K(15104K)->14555K(15104K) NonClass: 12487K(12800K)->12487K(12800K) Class: 2068K(2304K)->2068K(2304K)
[15.080s][info][gc             ] GC(91) Pause Young (Allocation Failure) 145M->8M(494M) 14.261ms
[15.080s][info][gc,cpu         ] GC(91) User=0.02s Sys=0.00s Real=0.01s
[15.206s][info][gc,start       ] GC(92) Pause Young (Allocation Failure)
[15.221s][info][gc,heap        ] GC(92) DefNew: 140088K(157248K)->313K(157248K) Eden: 139776K(139776K)->0K(139776K) From: 312K(17472K)->313K(17472K)
[15.221s][info][gc,heap        ] GC(92) Tenured: 8513K(349568K)->8534K(349568K)
[15.221s][info][gc,metaspace   ] GC(92) Metaspace: 14555K(15104K)->14555K(15104K) NonClass: 12487K(12800K)->12487K(12800K) Class: 2068K(2304K)->2068K(2304K)
[15.221s][info][gc             ] GC(92) Pause Young (Allocation Failure) 145M->8M(494M) 14.407ms
[15.221s][info][gc,cpu         ] GC(92) User=0.02s Sys=0.00s Real=0.00s
[15.346s][info][gc,start       ] GC(93) Pause Young (Allocation Failure)
[15.361s][info][gc,heap        ] GC(93) DefNew: 140089K(157248K)->312K(157248K) Eden: 139776K(139776K)->0K(139776K) From: 313K(17472K)->312K(17472K)
[15.361s][info][gc,heap        ] GC(93) Tenured: 8534K(349568K)->8555K(349568K)
[15.361s][info][gc,metaspace   ] GC(93) Metaspace: 14555K(15104K)->14555K(15104K) NonClass: 12487K(12800K)->12487K(12800K) Class: 2068K(2304K)->2068K(2304K)
[15.361s][info][gc             ] GC(93) Pause Young (Allocation Failure) 145M->8M(494M) 14.751ms
[15.361s][info][gc,cpu         ] GC(93) User=0.02s Sys=0.00s Real=0.02s
[15.487s][info][gc,start       ] GC(94) Pause Young (Allocation Failure)
[15.502s][info][gc,heap        ] GC(94) DefNew: 140088K(157248K)->311K(157248K) Eden: 139776K(139776K)->0K(139776K) From: 312K(17472K)->311K(17472K)
[15.502s][info][gc,heap        ] GC(94) Tenured: 8555K(349568K)->8576K(349568K)
[15.502s][info][gc,metaspace   ] GC(94) Metaspace: 14555K(15104K)->14555K(15104K) NonClass: 12487K(12800K)->12487K(12800K) Class: 2068K(2304K)->2068K(2304K)
[15.502s][info][gc             ] GC(94) Pause Young (Allocation Failure) 145M->8M(494M) 15.112ms
[15.503s][info][gc,cpu         ] GC(94) User=0.02s Sys=0.00s Real=0.01s
[15.626s][info][gc,start       ] GC(95) Pause Young (Allocation Failure)
[15.642s][info][gc,heap        ] GC(95) DefNew: 140087K(157248K)->309K(157248K) Eden: 139776K(139776K)->0K(139776K) From: 311K(17472K)->309K(17472K)
[15.642s][info][gc,heap        ] GC(95) Tenured: 8576K(349568K)->8596K(349568K)
[15.642s][info][gc,metaspace   ] GC(95) Metaspace: 14555K(15104K)->14555K(15104K) NonClass: 12487K(12800K)->12487K(12800K) Class: 2068K(2304K)->2068K(2304K)
[15.642s][info][gc             ] GC(95) Pause Young (Allocation Failure) 145M->8M(494M) 15.684ms
[15.642s][info][gc,cpu         ] GC(95) User=0.00s Sys=0.00s Real=0.00s
[15.769s][info][gc,start       ] GC(96) Pause Young (Allocation Failure)
[15.785s][info][gc,heap        ] GC(96) DefNew: 140085K(157248K)->309K(157248K) Eden: 139776K(139776K)->0K(139776K) From: 309K(17472K)->309K(17472K)
[15.785s][info][gc,heap        ] GC(96) Tenured: 8596K(349568K)->8617K(349568K)
[15.785s][info][gc,metaspace   ] GC(96) Metaspace: 14555K(15104K)->14555K(15104K) NonClass: 12487K(12800K)->12487K(12800K) Class: 2068K(2304K)->2068K(2304K)
[15.785s][info][gc             ] GC(96) Pause Young (Allocation Failure) 145M->8M(494M) 15.758ms
[15.785s][info][gc,cpu         ] GC(96) User=0.02s Sys=0.00s Real=0.01s
[15.912s][info][gc,start       ] GC(97) Pause Young (Allocation Failure)
[15.928s][info][gc,heap        ] GC(97) DefNew: 140085K(157248K)->309K(157248K) Eden: 139776K(139776K)->0K(139776K) From: 309K(17472K)->309K(17472K)
[15.928s][info][gc,heap        ] GC(97) Tenured: 8617K(349568K)->8637K(349568K)
[15.928s][info][gc,metaspace   ] GC(97) Metaspace: 14555K(15104K)->14555K(15104K) NonClass: 12487K(12800K)->12487K(12800K) Class: 2068K(2304K)->2068K(2304K)
[15.928s][info][gc             ] GC(97) Pause Young (Allocation Failure) 145M->8M(494M) 16.071ms
[15.928s][info][gc,cpu         ] GC(97) User=0.02s Sys=0.00s Real=0.02s
[16.050s][info][gc,start       ] GC(98) Pause Young (Allocation Failure)
[16.066s][info][gc,heap        ] GC(98) DefNew: 140085K(157248K)->307K(157248K) Eden: 139776K(139776K)->0K(139776K) From: 309K(17472K)->307K(17472K)
[16.066s][info][gc,heap        ] GC(98) Tenured: 8637K(349568K)->8658K(349568K)
[16.066s][info][gc,metaspace   ] GC(98) Metaspace: 14555K(15104K)->14555K(15104K) NonClass: 12487K(12800K)->12487K(12800K) Class: 2068K(2304K)->2068K(2304K)
[16.066s][info][gc             ] GC(98) Pause Young (Allocation Failure) 145M->8M(494M) 16.247ms
[16.066s][info][gc,cpu         ] GC(98) User=0.02s Sys=0.00s Real=0.02s
[16.193s][info][gc,start       ] GC(99) Pause Young (Allocation Failure)
[16.210s][info][gc,heap        ] GC(99) DefNew: 140083K(157248K)->305K(157248K) Eden: 139776K(139776K)->0K(139776K) From: 307K(17472K)->305K(17472K)
[16.210s][info][gc,heap        ] GC(99) Tenured: 8658K(349568K)->8679K(349568K)
[16.210s][info][gc,metaspace   ] GC(99) Metaspace: 14555K(15104K)->14555K(15104K) NonClass: 12487K(12800K)->12487K(12800K) Class: 2068K(2304K)->2068K(2304K)
[16.210s][info][gc             ] GC(99) Pause Young (Allocation Failure) 145M->8M(494M) 17.290ms
[16.210s][info][gc,cpu         ] GC(99) User=0.03s Sys=0.00s Real=0.02s
[16.338s][info][gc,start       ] GC(100) Pause Young (Allocation Failure)
[16.355s][info][gc,heap        ] GC(100) DefNew: 140081K(157248K)->309K(157248K) Eden: 139776K(139776K)->0K(139776K) From: 305K(17472K)->309K(17472K)
[16.355s][info][gc,heap        ] GC(100) Tenured: 8679K(349568K)->8696K(349568K)
[16.355s][info][gc,metaspace   ] GC(100) Metaspace: 14555K(15104K)->14555K(15104K) NonClass: 12487K(12800K)->12487K(12800K) Class: 2068K(2304K)->2068K(2304K)
[16.356s][info][gc             ] GC(100) Pause Young (Allocation Failure) 145M->8M(494M) 17.367ms
[16.356s][info][gc,cpu         ] GC(100) User=0.00s Sys=0.00s Real=0.00s
[16.482s][info][gc,start       ] GC(101) Pause Young (Allocation Failure)
[16.500s][info][gc,heap        ] GC(101) DefNew: 140085K(157248K)->309K(157248K) Eden: 139776K(139776K)->0K(139776K) From: 309K(17472K)->309K(17472K)
[16.500s][info][gc,heap        ] GC(101) Tenured: 8696K(349568K)->8717K(349568K)
[16.500s][info][gc,metaspace   ] GC(101) Metaspace: 14555K(15104K)->14555K(15104K) NonClass: 12487K(12800K)->12487K(12800K) Class: 2068K(2304K)->2068K(2304K)
[16.500s][info][gc             ] GC(101) Pause Young (Allocation Failure) 145M->8M(494M) 17.953ms
[16.500s][info][gc,cpu         ] GC(101) User=0.02s Sys=0.00s Real=0.02s
[16.675s][info][gc,start       ] GC(102) Pause Young (Allocation Failure)
[16.694s][info][gc,heap        ] GC(102) DefNew: 140085K(157248K)->312K(157248K) Eden: 139776K(139776K)->0K(139776K) From: 309K(17472K)->312K(17472K)
[16.694s][info][gc,heap        ] GC(102) Tenured: 8717K(349568K)->8735K(349568K)
[16.694s][info][gc,metaspace   ] GC(102) Metaspace: 14555K(15104K)->14555K(15104K) NonClass: 12487K(12800K)->12487K(12800K) Class: 2068K(2304K)->2068K(2304K)
[16.694s][info][gc             ] GC(102) Pause Young (Allocation Failure) 145M->8M(494M) 18.514ms
[16.694s][info][gc,cpu         ] GC(102) User=0.02s Sys=0.00s Real=0.02s
[16.829s][info][gc,start       ] GC(103) Pause Young (Allocation Failure)
[16.845s][info][gc,heap        ] GC(103) DefNew: 140088K(157248K)->311K(157248K) Eden: 139776K(139776K)->0K(139776K) From: 312K(17472K)->311K(17472K)
[16.845s][info][gc,heap        ] GC(103) Tenured: 8735K(349568K)->8755K(349568K)
[16.845s][info][gc,metaspace   ] GC(103) Metaspace: 14555K(15104K)->14555K(15104K) NonClass: 12487K(12800K)->12487K(12800K) Class: 2068K(2304K)->2068K(2304K)
[16.845s][info][gc             ] GC(103) Pause Young (Allocation Failure) 145M->8M(494M) 16.014ms
[16.845s][info][gc,cpu         ] GC(103) User=0.00s Sys=0.00s Real=0.00s
[16.987s][info][gc,start       ] GC(104) Pause Young (Allocation Failure)
[17.000s][info][gc,heap        ] GC(104) DefNew: 140087K(157248K)->315K(157248K) Eden: 139776K(139776K)->0K(139776K) From: 311K(17472K)->315K(17472K)
[17.000s][info][gc,heap        ] GC(104) Tenured: 8755K(349568K)->8776K(349568K)
[17.000s][info][gc,metaspace   ] GC(104) Metaspace: 14555K(15104K)->14555K(15104K) NonClass: 12487K(12800K)->12487K(12800K) Class: 2068K(2304K)->2068K(2304K)
[17.000s][info][gc             ] GC(104) Pause Young (Allocation Failure) 145M->8M(494M) 13.585ms
[17.000s][info][gc,cpu         ] GC(104) User=0.02s Sys=0.00s Real=0.01s
[17.133s][info][gc,start       ] GC(105) Pause Young (Allocation Failure)
[17.145s][info][gc,heap        ] GC(105) DefNew: 140091K(157248K)->315K(157248K) Eden: 139776K(139776K)->0K(139776K) From: 315K(17472K)->315K(17472K)
[17.145s][info][gc,heap        ] GC(105) Tenured: 8776K(349568K)->8797K(349568K)
[17.145s][info][gc,metaspace   ] GC(105) Metaspace: 14555K(15104K)->14555K(15104K) NonClass: 12487K(12800K)->12487K(12800K) Class: 2068K(2304K)->2068K(2304K)
[17.145s][info][gc             ] GC(105) Pause Young (Allocation Failure) 145M->8M(494M) 12.502ms
[17.145s][info][gc,cpu         ] GC(105) User=0.00s Sys=0.00s Real=0.00s
[17.273s][info][gc,start       ] GC(106) Pause Young (Allocation Failure)
[17.284s][info][gc,heap        ] GC(106) DefNew: 140091K(157248K)->315K(157248K) Eden: 139776K(139776K)->0K(139776K) From: 315K(17472K)->315K(17472K)
[17.284s][info][gc,heap        ] GC(106) Tenured: 8797K(349568K)->8817K(349568K)
[17.284s][info][gc,metaspace   ] GC(106) Metaspace: 14555K(15104K)->14555K(15104K) NonClass: 12487K(12800K)->12487K(12800K) Class: 2068K(2304K)->2068K(2304K)
[17.284s][info][gc             ] GC(106) Pause Young (Allocation Failure) 145M->8M(494M) 10.842ms
[17.284s][info][gc,cpu         ] GC(106) User=0.00s Sys=0.00s Real=0.01s
[17.409s][info][gc,start       ] GC(107) Pause Young (Allocation Failure)
[17.421s][info][gc,heap        ] GC(107) DefNew: 140091K(157248K)->316K(157248K) Eden: 139776K(139776K)->0K(139776K) From: 315K(17472K)->316K(17472K)
[17.421s][info][gc,heap        ] GC(107) Tenured: 8817K(349568K)->8838K(349568K)
[17.421s][info][gc,metaspace   ] GC(107) Metaspace: 14555K(15104K)->14555K(15104K) NonClass: 12487K(12800K)->12487K(12800K) Class: 2068K(2304K)->2068K(2304K)
[17.421s][info][gc             ] GC(107) Pause Young (Allocation Failure) 145M->8M(494M) 11.476ms
[17.421s][info][gc,cpu         ] GC(107) User=0.02s Sys=0.00s Real=0.01s
[17.545s][info][gc,start       ] GC(108) Pause Young (Allocation Failure)
[17.557s][info][gc,heap        ] GC(108) DefNew: 140092K(157248K)->315K(157248K) Eden: 139776K(139776K)->0K(139776K) From: 316K(17472K)->315K(17472K)
[17.557s][info][gc,heap        ] GC(108) Tenured: 8838K(349568K)->8858K(349568K)
[17.557s][info][gc,metaspace   ] GC(108) Metaspace: 14555K(15104K)->14555K(15104K) NonClass: 12487K(12800K)->12487K(12800K) Class: 2068K(2304K)->2068K(2304K)
[17.557s][info][gc             ] GC(108) Pause Young (Allocation Failure) 145M->8M(494M) 11.636ms
[17.557s][info][gc,cpu         ] GC(108) User=0.02s Sys=0.00s Real=0.01s
[17.689s][info][gc,start       ] GC(109) Pause Young (Allocation Failure)
[17.700s][info][gc,heap        ] GC(109) DefNew: 140091K(157248K)->315K(157248K) Eden: 139776K(139776K)->0K(139776K) From: 315K(17472K)->315K(17472K)
[17.700s][info][gc,heap        ] GC(109) Tenured: 8858K(349568K)->8879K(349568K)
[17.700s][info][gc,metaspace   ] GC(109) Metaspace: 14555K(15104K)->14555K(15104K) NonClass: 12487K(12800K)->12487K(12800K) Class: 2068K(2304K)->2068K(2304K)
[17.700s][info][gc             ] GC(109) Pause Young (Allocation Failure) 145M->8M(494M) 11.068ms
[17.700s][info][gc,cpu         ] GC(109) User=0.02s Sys=0.00s Real=0.01s
[17.825s][info][gc,start       ] GC(110) Pause Young (Allocation Failure)
[17.836s][info][gc,heap        ] GC(110) DefNew: 140091K(157248K)->318K(157248K) Eden: 139776K(139776K)->0K(139776K) From: 315K(17472K)->318K(17472K)
[17.836s][info][gc,heap        ] GC(110) Tenured: 8879K(349568K)->8897K(349568K)
[17.836s][info][gc,metaspace   ] GC(110) Metaspace: 14555K(15104K)->14555K(15104K) NonClass: 12487K(12800K)->12487K(12800K) Class: 2068K(2304K)->2068K(2304K)
[17.836s][info][gc             ] GC(110) Pause Young (Allocation Failure) 145M->8M(494M) 10.758ms
[17.836s][info][gc,cpu         ] GC(110) User=0.00s Sys=0.00s Real=0.01s
[17.960s][info][gc,start       ] GC(111) Pause Young (Allocation Failure)
[17.971s][info][gc,heap        ] GC(111) DefNew: 140094K(157248K)->319K(157248K) Eden: 139776K(139776K)->0K(139776K) From: 318K(17472K)->319K(17472K)
[17.971s][info][gc,heap        ] GC(111) Tenured: 8897K(349568K)->8917K(349568K)
[17.971s][info][gc,metaspace   ] GC(111) Metaspace: 14555K(15104K)->14555K(15104K) NonClass: 12487K(12800K)->12487K(12800K) Class: 2068K(2304K)->2068K(2304K)
[17.971s][info][gc             ] GC(111) Pause Young (Allocation Failure) 145M->9M(494M) 10.720ms
[17.971s][info][gc,cpu         ] GC(111) User=0.00s Sys=0.00s Real=0.01s
[18.097s][info][gc,start       ] GC(112) Pause Young (Allocation Failure)
[18.110s][info][gc,heap        ] GC(112) DefNew: 140095K(157248K)->318K(157248K) Eden: 139776K(139776K)->0K(139776K) From: 319K(17472K)->318K(17472K)
[18.110s][info][gc,heap        ] GC(112) Tenured: 8917K(349568K)->8938K(349568K)
[18.110s][info][gc,metaspace   ] GC(112) Metaspace: 14555K(15104K)->14555K(15104K) NonClass: 12487K(12800K)->12487K(12800K) Class: 2068K(2304K)->2068K(2304K)
[18.111s][info][gc             ] GC(112) Pause Young (Allocation Failure) 145M->9M(494M) 13.632ms
[18.111s][info][gc,cpu         ] GC(112) User=0.02s Sys=0.00s Real=0.01s
[18.236s][info][gc,start       ] GC(113) Pause Young (Allocation Failure)
[18.249s][info][gc,heap        ] GC(113) DefNew: 140094K(157248K)->320K(157248K) Eden: 139776K(139776K)->0K(139776K) From: 318K(17472K)->320K(17472K)
[18.249s][info][gc,heap        ] GC(113) Tenured: 8938K(349568K)->8956K(349568K)
[18.249s][info][gc,metaspace   ] GC(113) Metaspace: 14555K(15104K)->14555K(15104K) NonClass: 12487K(12800K)->12487K(12800K) Class: 2068K(2304K)->2068K(2304K)
[18.249s][info][gc             ] GC(113) Pause Young (Allocation Failure) 145M->9M(494M) 13.786ms
[18.249s][info][gc,cpu         ] GC(113) User=0.02s Sys=0.00s Real=0.01s
[18.374s][info][gc,start       ] GC(114) Pause Young (Allocation Failure)
[18.388s][info][gc,heap        ] GC(114) DefNew: 140096K(157248K)->319K(157248K) Eden: 139776K(139776K)->0K(139776K) From: 320K(17472K)->319K(17472K)
[18.388s][info][gc,heap        ] GC(114) Tenured: 8956K(349568K)->8977K(349568K)
[18.388s][info][gc,metaspace   ] GC(114) Metaspace: 14555K(15104K)->14555K(15104K) NonClass: 12487K(12800K)->12487K(12800K) Class: 2068K(2304K)->2068K(2304K)
[18.388s][info][gc             ] GC(114) Pause Young (Allocation Failure) 145M->9M(494M) 14.079ms
[18.388s][info][gc,cpu         ] GC(114) User=0.00s Sys=0.00s Real=0.00s
[18.514s][info][gc,start       ] GC(115) Pause Young (Allocation Failure)
[18.529s][info][gc,heap        ] GC(115) DefNew: 140095K(157248K)->318K(157248K) Eden: 139776K(139776K)->0K(139776K) From: 319K(17472K)->318K(17472K)
[18.529s][info][gc,heap        ] GC(115) Tenured: 8977K(349568K)->8997K(349568K)
[18.529s][info][gc,metaspace   ] GC(115) Metaspace: 14555K(15104K)->14555K(15104K) NonClass: 12487K(12800K)->12487K(12800K) Class: 2068K(2304K)->2068K(2304K)
[18.529s][info][gc             ] GC(115) Pause Young (Allocation Failure) 145M->9M(494M) 14.694ms
[18.529s][info][gc,cpu         ] GC(115) User=0.00s Sys=0.00s Real=0.01s
[18.654s][info][gc,start       ] GC(116) Pause Young (Allocation Failure)
[18.669s][info][gc,heap        ] GC(116) DefNew: 140094K(157248K)->318K(157248K) Eden: 139776K(139776K)->0K(139776K) From: 318K(17472K)->318K(17472K)
[18.669s][info][gc,heap        ] GC(116) Tenured: 8997K(349568K)->9018K(349568K)
[18.669s][info][gc,metaspace   ] GC(116) Metaspace: 14555K(15104K)->14555K(15104K) NonClass: 12487K(12800K)->12487K(12800K) Class: 2068K(2304K)->2068K(2304K)
[18.669s][info][gc             ] GC(116) Pause Young (Allocation Failure) 145M->9M(494M) 15.040ms
[18.669s][info][gc,cpu         ] GC(116) User=0.02s Sys=0.00s Real=0.01s
[18.794s][info][gc,start       ] GC(117) Pause Young (Allocation Failure)
[18.809s][info][gc,heap        ] GC(117) DefNew: 140094K(157248K)->317K(157248K) Eden: 139776K(139776K)->0K(139776K) From: 318K(17472K)->317K(17472K)
[18.809s][info][gc,heap        ] GC(117) Tenured: 9018K(349568K)->9038K(349568K)
[18.809s][info][gc,metaspace   ] GC(117) Metaspace: 14555K(15104K)->14555K(15104K) NonClass: 12487K(12800K)->12487K(12800K) Class: 2068K(2304K)->2068K(2304K)
[18.809s][info][gc             ] GC(117) Pause Young (Allocation Failure) 145M->9M(494M) 15.162ms
[18.809s][info][gc,cpu         ] GC(117) User=0.02s Sys=0.00s Real=0.02s
[18.935s][info][gc,start       ] GC(118) Pause Young (Allocation Failure)
[18.950s][info][gc,heap        ] GC(118) DefNew: 140093K(157248K)->317K(157248K) Eden: 139776K(139776K)->0K(139776K) From: 317K(17472K)->317K(17472K)
[18.950s][info][gc,heap        ] GC(118) Tenured: 9038K(349568K)->9059K(349568K)
[18.950s][info][gc,metaspace   ] GC(118) Metaspace: 14555K(15104K)->14555K(15104K) NonClass: 12487K(12800K)->12487K(12800K) Class: 2068K(2304K)->2068K(2304K)
[18.950s][info][gc             ] GC(118) Pause Young (Allocation Failure) 145M->9M(494M) 15.374ms
[18.950s][info][gc,cpu         ] GC(118) User=0.00s Sys=0.00s Real=0.01s
[19.078s][info][gc,start       ] GC(119) Pause Young (Allocation Failure)
[19.094s][info][gc,heap        ] GC(119) DefNew: 140093K(157248K)->314K(157248K) Eden: 139776K(139776K)->0K(139776K) From: 317K(17472K)->314K(17472K)
[19.094s][info][gc,heap        ] GC(119) Tenured: 9059K(349568K)->9083K(349568K)
[19.094s][info][gc,metaspace   ] GC(119) Metaspace: 14555K(15104K)->14555K(15104K) NonClass: 12487K(12800K)->12487K(12800K) Class: 2068K(2304K)->2068K(2304K)
[19.094s][info][gc             ] GC(119) Pause Young (Allocation Failure) 145M->9M(494M) 15.872ms
[19.094s][info][gc,cpu         ] GC(119) User=0.02s Sys=0.00s Real=0.01s
[19.218s][info][gc,start       ] GC(120) Pause Young (Allocation Failure)
[19.234s][info][gc,heap        ] GC(120) DefNew: 140090K(157248K)->312K(157248K) Eden: 139776K(139776K)->0K(139776K) From: 314K(17472K)->312K(17472K)
[19.234s][info][gc,heap        ] GC(120) Tenured: 9083K(349568K)->9104K(349568K)
[19.234s][info][gc,metaspace   ] GC(120) Metaspace: 14555K(15104K)->14555K(15104K) NonClass: 12487K(12800K)->12487K(12800K) Class: 2068K(2304K)->2068K(2304K)
[19.234s][info][gc             ] GC(120) Pause Young (Allocation Failure) 145M->9M(494M) 16.111ms
[19.234s][info][gc,cpu         ] GC(120) User=0.00s Sys=0.00s Real=0.01s
[19.359s][info][gc,start       ] GC(121) Pause Young (Allocation Failure)
[19.375s][info][gc,heap        ] GC(121) DefNew: 140088K(157248K)->311K(157248K) Eden: 139776K(139776K)->0K(139776K) From: 312K(17472K)->311K(17472K)
[19.375s][info][gc,heap        ] GC(121) Tenured: 9104K(349568K)->9125K(349568K)
[19.375s][info][gc,metaspace   ] GC(121) Metaspace: 14555K(15104K)->14555K(15104K) NonClass: 12487K(12800K)->12487K(12800K) Class: 2068K(2304K)->2068K(2304K)
[19.375s][info][gc             ] GC(121) Pause Young (Allocation Failure) 145M->9M(494M) 16.411ms
[19.375s][info][gc,cpu         ] GC(121) User=0.02s Sys=0.00s Real=0.01s
[19.501s][info][gc,start       ] GC(122) Pause Young (Allocation Failure)
[19.517s][info][gc,heap        ] GC(122) DefNew: 140087K(157248K)->311K(157248K) Eden: 139776K(139776K)->0K(139776K) From: 311K(17472K)->311K(17472K)
[19.517s][info][gc,heap        ] GC(122) Tenured: 9125K(349568K)->9145K(349568K)
[19.517s][info][gc,metaspace   ] GC(122) Metaspace: 14555K(15104K)->14555K(15104K) NonClass: 12487K(12800K)->12487K(12800K) Class: 2068K(2304K)->2068K(2304K)
[19.517s][info][gc             ] GC(122) Pause Young (Allocation Failure) 145M->9M(494M) 16.757ms
[19.517s][info][gc,cpu         ] GC(122) User=0.02s Sys=0.00s Real=0.01s
[19.643s][info][gc,start       ] GC(123) Pause Young (Allocation Failure)
[19.660s][info][gc,heap        ] GC(123) DefNew: 140087K(157248K)->312K(157248K) Eden: 139776K(139776K)->0K(139776K) From: 311K(17472K)->312K(17472K)
[19.660s][info][gc,heap        ] GC(123) Tenured: 9145K(349568K)->9166K(349568K)
[19.660s][info][gc,metaspace   ] GC(123) Metaspace: 14555K(15104K)->14555K(15104K) NonClass: 12487K(12800K)->12487K(12800K) Class: 2068K(2304K)->2068K(2304K)
[19.660s][info][gc             ] GC(123) Pause Young (Allocation Failure) 145M->9M(494M) 16.850ms
[19.660s][info][gc,cpu         ] GC(123) User=0.02s Sys=0.00s Real=0.01s
[19.785s][info][gc,start       ] GC(124) Pause Young (Allocation Failure)
[19.802s][info][gc,heap        ] GC(124) DefNew: 140088K(157248K)->311K(157248K) Eden: 139776K(139776K)->0K(139776K) From: 312K(17472K)->311K(17472K)
[19.802s][info][gc,heap        ] GC(124) Tenured: 9166K(349568K)->9187K(349568K)
[19.802s][info][gc,metaspace   ] GC(124) Metaspace: 14555K(15104K)->14555K(15104K) NonClass: 12487K(12800K)->12487K(12800K) Class: 2068K(2304K)->2068K(2304K)
[19.802s][info][gc             ] GC(124) Pause Young (Allocation Failure) 145M->9M(494M) 17.781ms
[19.802s][info][gc,cpu         ] GC(124) User=0.02s Sys=0.00s Real=0.01s
[19.928s][info][gc,start       ] GC(125) Pause Young (Allocation Failure)
[19.946s][info][gc,heap        ] GC(125) DefNew: 140087K(157248K)->311K(157248K) Eden: 139776K(139776K)->0K(139776K) From: 311K(17472K)->311K(17472K)
[19.946s][info][gc,heap        ] GC(125) Tenured: 9187K(349568K)->9208K(349568K)
[19.946s][info][gc,metaspace   ] GC(125) Metaspace: 14555K(15104K)->14555K(15104K) NonClass: 12487K(12800K)->12487K(12800K) Class: 2068K(2304K)->2068K(2304K)
[19.946s][info][gc             ] GC(125) Pause Young (Allocation Failure) 145M->9M(494M) 17.992ms
[19.946s][info][gc,cpu         ] GC(125) User=0.02s Sys=0.00s Real=0.01s
[20.074s][info][gc,start       ] GC(126) Pause Young (Allocation Failure)
[20.092s][info][gc,heap        ] GC(126) DefNew: 140087K(157248K)->311K(157248K) Eden: 139776K(139776K)->0K(139776K) From: 311K(17472K)->311K(17472K)
[20.092s][info][gc,heap        ] GC(126) Tenured: 9208K(349568K)->9228K(349568K)
[20.092s][info][gc,metaspace   ] GC(126) Metaspace: 14555K(15104K)->14555K(15104K) NonClass: 12487K(12800K)->12487K(12800K) Class: 2068K(2304K)->2068K(2304K)
[20.093s][info][gc             ] GC(126) Pause Young (Allocation Failure) 145M->9M(494M) 18.253ms
[20.093s][info][gc,cpu         ] GC(126) User=0.02s Sys=0.00s Real=0.02s
[20.218s][info][gc,start       ] GC(127) Pause Young (Allocation Failure)
[20.237s][info][gc,heap        ] GC(127) DefNew: 140087K(157248K)->311K(157248K) Eden: 139776K(139776K)->0K(139776K) From: 311K(17472K)->311K(17472K)
[20.237s][info][gc,heap        ] GC(127) Tenured: 9228K(349568K)->9249K(349568K)
[20.237s][info][gc,metaspace   ] GC(127) Metaspace: 14555K(15104K)->14555K(15104K) NonClass: 12487K(12800K)->12487K(12800K) Class: 2068K(2304K)->2068K(2304K)
[20.237s][info][gc             ] GC(127) Pause Young (Allocation Failure) 145M->9M(494M) 18.331ms
[20.237s][info][gc,cpu         ] GC(127) User=0.02s Sys=0.00s Real=0.02s
[20.365s][info][gc,start       ] GC(128) Pause Young (Allocation Failure)
[20.383s][info][gc,heap        ] GC(128) DefNew: 140087K(157248K)->311K(157248K) Eden: 139776K(139776K)->0K(139776K) From: 311K(17472K)->311K(17472K)
[20.383s][info][gc,heap        ] GC(128) Tenured: 9249K(349568K)->9269K(349568K)
[20.383s][info][gc,metaspace   ] GC(128) Metaspace: 14555K(15104K)->14555K(15104K) NonClass: 12487K(12800K)->12487K(12800K) Class: 2068K(2304K)->2068K(2304K)
[20.383s][info][gc             ] GC(128) Pause Young (Allocation Failure) 145M->9M(494M) 18.752ms
[20.384s][info][gc,cpu         ] GC(128) User=0.03s Sys=0.00s Real=0.02s
[20.511s][info][gc,start       ] GC(129) Pause Young (Allocation Failure)
[20.529s][info][gc,heap        ] GC(129) DefNew: 140087K(157248K)->314K(157248K) Eden: 139776K(139776K)->0K(139776K) From: 311K(17472K)->314K(17472K)
[20.529s][info][gc,heap        ] GC(129) Tenured: 9269K(349568K)->9287K(349568K)
[20.529s][info][gc,metaspace   ] GC(129) Metaspace: 14555K(15104K)->14555K(15104K) NonClass: 12487K(12800K)->12487K(12800K) Class: 2068K(2304K)->2068K(2304K)
[20.529s][info][gc             ] GC(129) Pause Young (Allocation Failure) 145M->9M(494M) 18.752ms
[20.529s][info][gc,cpu         ] GC(129) User=0.00s Sys=0.00s Real=0.01s
[20.760s][info][gc,start       ] GC(130) Pause Young (Allocation Failure)
[20.780s][info][gc,heap        ] GC(130) DefNew: 140090K(157248K)->314K(157248K) Eden: 139776K(139776K)->0K(139776K) From: 314K(17472K)->314K(17472K)
[20.780s][info][gc,heap        ] GC(130) Tenured: 9287K(349568K)->9307K(349568K)
[20.780s][info][gc,metaspace   ] GC(130) Metaspace: 14555K(15104K)->14555K(15104K) NonClass: 12487K(12800K)->12487K(12800K) Class: 2068K(2304K)->2068K(2304K)
[20.780s][info][gc             ] GC(130) Pause Young (Allocation Failure) 145M->9M(494M) 20.210ms
[20.780s][info][gc,cpu         ] GC(130) User=0.02s Sys=0.00s Real=0.02s
[20.917s][info][gc,start       ] GC(131) Pause Young (Allocation Failure)
[20.930s][info][gc,heap        ] GC(131) DefNew: 140090K(157248K)->318K(157248K) Eden: 139776K(139776K)->0K(139776K) From: 314K(17472K)->318K(17472K)
[20.930s][info][gc,heap        ] GC(131) Tenured: 9307K(349568K)->9328K(349568K)
[20.930s][info][gc,metaspace   ] GC(131) Metaspace: 14555K(15104K)->14555K(15104K) NonClass: 12487K(12800K)->12487K(12800K) Class: 2068K(2304K)->2068K(2304K)
[20.930s][info][gc             ] GC(131) Pause Young (Allocation Failure) 145M->9M(494M) 13.766ms
[20.930s][info][gc,cpu         ] GC(131) User=0.02s Sys=0.00s Real=0.01s
[21.062s][info][gc,start       ] GC(132) Pause Young (Allocation Failure)
[21.075s][info][gc,heap        ] GC(132) DefNew: 140094K(157248K)->318K(157248K) Eden: 139776K(139776K)->0K(139776K) From: 318K(17472K)->318K(17472K)
[21.075s][info][gc,heap        ] GC(132) Tenured: 9328K(349568K)->9348K(349568K)
[21.075s][info][gc,metaspace   ] GC(132) Metaspace: 14555K(15104K)->14555K(15104K) NonClass: 12487K(12800K)->12487K(12800K) Class: 2068K(2304K)->2068K(2304K)
[21.075s][info][gc             ] GC(132) Pause Young (Allocation Failure) 145M->9M(494M) 12.820ms
[21.075s][info][gc,cpu         ] GC(132) User=0.02s Sys=0.00s Real=0.01s
[21.217s][info][gc,start       ] GC(133) Pause Young (Allocation Failure)
[21.231s][info][gc,heap        ] GC(133) DefNew: 140094K(157248K)->321K(157248K) Eden: 139776K(139776K)->0K(139776K) From: 318K(17472K)->321K(17472K)
[21.231s][info][gc,heap        ] GC(133) Tenured: 9348K(349568K)->9369K(349568K)
[21.231s][info][gc,metaspace   ] GC(133) Metaspace: 14555K(15104K)->14555K(15104K) NonClass: 12487K(12800K)->12487K(12800K) Class: 2068K(2304K)->2068K(2304K)
[21.231s][info][gc             ] GC(133) Pause Young (Allocation Failure) 145M->9M(494M) 13.800ms
[21.231s][info][gc,cpu         ] GC(133) User=0.02s Sys=0.00s Real=0.01s
[21.370s][info][gc,start       ] GC(134) Pause Young (Allocation Failure)
[21.382s][info][gc,heap        ] GC(134) DefNew: 140097K(157248K)->324K(157248K) Eden: 139776K(139776K)->0K(139776K) From: 321K(17472K)->324K(17472K)
[21.382s][info][gc,heap        ] GC(134) Tenured: 9369K(349568K)->9390K(349568K)
[21.382s][info][gc,metaspace   ] GC(134) Metaspace: 14555K(15104K)->14555K(15104K) NonClass: 12487K(12800K)->12487K(12800K) Class: 2068K(2304K)->2068K(2304K)
[21.382s][info][gc             ] GC(134) Pause Young (Allocation Failure) 145M->9M(494M) 12.008ms
[21.382s][info][gc,cpu         ] GC(134) User=0.02s Sys=0.00s Real=0.01s
[21.505s][info][gc,start       ] GC(135) Pause Young (Allocation Failure)
[21.518s][info][gc,heap        ] GC(135) DefNew: 140100K(157248K)->323K(157248K) Eden: 139776K(139776K)->0K(139776K) From: 324K(17472K)->323K(17472K)
[21.518s][info][gc,heap        ] GC(135) Tenured: 9390K(349568K)->9407K(349568K)
[21.518s][info][gc,metaspace   ] GC(135) Metaspace: 14555K(15104K)->14555K(15104K) NonClass: 12487K(12800K)->12487K(12800K) Class: 2068K(2304K)->2068K(2304K)
[21.518s][info][gc             ] GC(135) Pause Young (Allocation Failure) 145M->9M(494M) 13.110ms
[21.518s][info][gc,cpu         ] GC(135) User=0.02s Sys=0.00s Real=0.01s
[21.642s][info][gc,start       ] GC(136) Pause Young (Allocation Failure)
[21.656s][info][gc,heap        ] GC(136) DefNew: 140099K(157248K)->321K(157248K) Eden: 139776K(139776K)->0K(139776K) From: 323K(17472K)->321K(17472K)
[21.656s][info][gc,heap        ] GC(136) Tenured: 9407K(349568K)->9428K(349568K)
[21.656s][info][gc,metaspace   ] GC(136) Metaspace: 14555K(15104K)->14555K(15104K) NonClass: 12487K(12800K)->12487K(12800K) Class: 2068K(2304K)->2068K(2304K)
[21.656s][info][gc             ] GC(136) Pause Young (Allocation Failure) 146M->9M(494M) 13.385ms
[21.656s][info][gc,cpu         ] GC(136) User=0.00s Sys=0.00s Real=0.00s
[21.780s][info][gc,start       ] GC(137) Pause Young (Allocation Failure)
[21.792s][info][gc,heap        ] GC(137) DefNew: 140097K(157248K)->319K(157248K) Eden: 139776K(139776K)->0K(139776K) From: 321K(17472K)->319K(17472K)
[21.792s][info][gc,heap        ] GC(137) Tenured: 9428K(349568K)->9449K(349568K)
[21.792s][info][gc,metaspace   ] GC(137) Metaspace: 14555K(15104K)->14555K(15104K) NonClass: 12487K(12800K)->12487K(12800K) Class: 2068K(2304K)->2068K(2304K)
[21.792s][info][gc             ] GC(137) Pause Young (Allocation Failure) 146M->9M(494M) 11.460ms
[21.792s][info][gc,cpu         ] GC(137) User=0.00s Sys=0.00s Real=0.00s
[21.917s][info][gc,start       ] GC(138) Pause Young (Allocation Failure)
[21.931s][info][gc,heap        ] GC(138) DefNew: 140095K(157248K)->317K(157248K) Eden: 139776K(139776K)->0K(139776K) From: 319K(17472K)->317K(17472K)
[21.931s][info][gc,heap        ] GC(138) Tenured: 9449K(349568K)->9469K(349568K)
[21.931s][info][gc,metaspace   ] GC(138) Metaspace: 14555K(15104K)->14555K(15104K) NonClass: 12487K(12800K)->12487K(12800K) Class: 2068K(2304K)->2068K(2304K)
[21.931s][info][gc             ] GC(138) Pause Young (Allocation Failure) 146M->9M(494M) 14.872ms
[21.931s][info][gc,cpu         ] GC(138) User=0.02s Sys=0.00s Real=0.01s
[22.058s][info][gc,start       ] GC(139) Pause Young (Allocation Failure)
[22.073s][info][gc,heap        ] GC(139) DefNew: 140093K(157248K)->316K(157248K) Eden: 139776K(139776K)->0K(139776K) From: 317K(17472K)->316K(17472K)
[22.073s][info][gc,heap        ] GC(139) Tenured: 9469K(349568K)->9490K(349568K)
[22.073s][info][gc,metaspace   ] GC(139) Metaspace: 14555K(15104K)->14555K(15104K) NonClass: 12487K(12800K)->12487K(12800K) Class: 2068K(2304K)->2068K(2304K)
[22.073s][info][gc             ] GC(139) Pause Young (Allocation Failure) 146M->9M(494M) 14.940ms
[22.073s][info][gc,cpu         ] GC(139) User=0.02s Sys=0.00s Real=0.01s
[22.200s][info][gc,start       ] GC(140) Pause Young (Allocation Failure)
[22.215s][info][gc,heap        ] GC(140) DefNew: 140092K(157248K)->316K(157248K) Eden: 139776K(139776K)->0K(139776K) From: 316K(17472K)->316K(17472K)
[22.215s][info][gc,heap        ] GC(140) Tenured: 9490K(349568K)->9511K(349568K)
[22.215s][info][gc,metaspace   ] GC(140) Metaspace: 14555K(15104K)->14555K(15104K) NonClass: 12487K(12800K)->12487K(12800K) Class: 2068K(2304K)->2068K(2304K)
[22.215s][info][gc             ] GC(140) Pause Young (Allocation Failure) 146M->9M(494M) 15.038ms
[22.215s][info][gc,cpu         ] GC(140) User=0.02s Sys=0.00s Real=0.01s
[22.345s][info][gc,start       ] GC(141) Pause Young (Allocation Failure)
[22.358s][info][gc,heap        ] GC(141) DefNew: 140092K(157248K)->320K(157248K) Eden: 139776K(139776K)->0K(139776K) From: 316K(17472K)->320K(17472K)
[22.358s][info][gc,heap        ] GC(141) Tenured: 9511K(349568K)->9531K(349568K)
[22.358s][info][gc,metaspace   ] GC(141) Metaspace: 14555K(15104K)->14555K(15104K) NonClass: 12487K(12800K)->12487K(12800K) Class: 2068K(2304K)->2068K(2304K)
[22.358s][info][gc             ] GC(141) Pause Young (Allocation Failure) 146M->9M(494M) 12.730ms
[22.358s][info][gc,cpu         ] GC(141) User=0.02s Sys=0.00s Real=0.01s
[22.487s][info][gc,start       ] GC(142) Pause Young (Allocation Failure)
[22.504s][info][gc,heap        ] GC(142) DefNew: 140096K(157248K)->320K(157248K) Eden: 139776K(139776K)->0K(139776K) From: 320K(17472K)->320K(17472K)
[22.504s][info][gc,heap        ] GC(142) Tenured: 9531K(349568K)->9552K(349568K)
[22.504s][info][gc,metaspace   ] GC(142) Metaspace: 14555K(15104K)->14555K(15104K) NonClass: 12487K(12800K)->12487K(12800K) Class: 2068K(2304K)->2068K(2304K)
[22.504s][info][gc             ] GC(142) Pause Young (Allocation Failure) 146M->9M(494M) 16.550ms
[22.504s][info][gc,cpu         ] GC(142) User=0.02s Sys=0.00s Real=0.01s
[22.636s][info][gc,start       ] GC(143) Pause Young (Allocation Failure)
[22.653s][info][gc,heap        ] GC(143) DefNew: 140096K(157248K)->321K(157248K) Eden: 139776K(139776K)->0K(139776K) From: 320K(17472K)->321K(17472K)
[22.653s][info][gc,heap        ] GC(143) Tenured: 9552K(349568K)->9573K(349568K)
[22.653s][info][gc,metaspace   ] GC(143) Metaspace: 14555K(15104K)->14555K(15104K) NonClass: 12487K(12800K)->12487K(12800K) Class: 2068K(2304K)->2068K(2304K)
[22.653s][info][gc             ] GC(143) Pause Young (Allocation Failure) 146M->9M(494M) 17.148ms
[22.653s][info][gc,cpu         ] GC(143) User=0.02s Sys=0.00s Real=0.02s
[22.787s][info][gc,start       ] GC(144) Pause Young (Allocation Failure)
[22.804s][info][gc,heap        ] GC(144) DefNew: 140097K(157248K)->321K(157248K) Eden: 139776K(139776K)->0K(139776K) From: 321K(17472K)->321K(17472K)
[22.804s][info][gc,heap        ] GC(144) Tenured: 9573K(349568K)->9593K(349568K)
[22.804s][info][gc,metaspace   ] GC(144) Metaspace: 14555K(15104K)->14555K(15104K) NonClass: 12487K(12800K)->12487K(12800K) Class: 2068K(2304K)->2068K(2304K)
[22.804s][info][gc             ] GC(144) Pause Young (Allocation Failure) 146M->9M(494M) 17.187ms
[22.804s][info][gc,cpu         ] GC(144) User=0.02s Sys=0.00s Real=0.02s
[22.938s][info][gc,start       ] GC(145) Pause Young (Allocation Failure)
[22.956s][info][gc,heap        ] GC(145) DefNew: 140097K(157248K)->321K(157248K) Eden: 139776K(139776K)->0K(139776K) From: 321K(17472K)->321K(17472K)
[22.956s][info][gc,heap        ] GC(145) Tenured: 9593K(349568K)->9614K(349568K)
[22.956s][info][gc,metaspace   ] GC(145) Metaspace: 14555K(15104K)->14555K(15104K) NonClass: 12487K(12800K)->12487K(12800K) Class: 2068K(2304K)->2068K(2304K)
[22.956s][info][gc             ] GC(145) Pause Young (Allocation Failure) 146M->9M(494M) 17.777ms
[22.956s][info][gc,cpu         ] GC(145) User=0.02s Sys=0.00s Real=0.01s
[23.091s][info][gc,start       ] GC(146) Pause Young (Allocation Failure)
[23.110s][info][gc,heap        ] GC(146) DefNew: 140097K(157248K)->320K(157248K) Eden: 139776K(139776K)->0K(139776K) From: 321K(17472K)->320K(17472K)
[23.110s][info][gc,heap        ] GC(146) Tenured: 9614K(349568K)->9637K(349568K)
[23.110s][info][gc,metaspace   ] GC(146) Metaspace: 14555K(15104K)->14555K(15104K) NonClass: 12487K(12800K)->12487K(12800K) Class: 2068K(2304K)->2068K(2304K)
[23.110s][info][gc             ] GC(146) Pause Young (Allocation Failure) 146M->9M(494M) 18.919ms
[23.110s][info][gc,cpu         ] GC(146) User=0.02s Sys=0.00s Real=0.02s
[23.247s][info][gc,start       ] GC(147) Pause Young (Allocation Failure)
[23.266s][info][gc,heap        ] GC(147) DefNew: 140096K(157248K)->331K(157248K) Eden: 139776K(139776K)->0K(139776K) From: 320K(17472K)->331K(17472K)
[23.266s][info][gc,heap        ] GC(147) Tenured: 9637K(349568K)->9658K(349568K)
[23.266s][info][gc,metaspace   ] GC(147) Metaspace: 14555K(15104K)->14555K(15104K) NonClass: 12487K(12800K)->12487K(12800K) Class: 2068K(2304K)->2068K(2304K)
[23.266s][info][gc             ] GC(147) Pause Young (Allocation Failure) 146M->9M(494M) 19.128ms
[23.266s][info][gc,cpu         ] GC(147) User=0.02s Sys=0.00s Real=0.02s
[23.407s][info][gc,start       ] GC(148) Pause Young (Allocation Failure)
[23.427s][info][gc,heap        ] GC(148) DefNew: 140107K(157248K)->329K(157248K) Eden: 139776K(139776K)->0K(139776K) From: 331K(17472K)->329K(17472K)
[23.427s][info][gc,heap        ] GC(148) Tenured: 9658K(349568K)->9682K(349568K)
[23.427s][info][gc,metaspace   ] GC(148) Metaspace: 14555K(15104K)->14555K(15104K) NonClass: 12487K(12800K)->12487K(12800K) Class: 2068K(2304K)->2068K(2304K)
[23.427s][info][gc             ] GC(148) Pause Young (Allocation Failure) 146M->9M(494M) 19.780ms
[23.427s][info][gc,cpu         ] GC(148) User=0.02s Sys=0.00s Real=0.01s
[23.567s][info][gc,start       ] GC(149) Pause Young (Allocation Failure)
[23.586s][info][gc,heap        ] GC(149) DefNew: 140105K(157248K)->329K(157248K) Eden: 139776K(139776K)->0K(139776K) From: 329K(17472K)->329K(17472K)
[23.586s][info][gc,heap        ] GC(149) Tenured: 9682K(349568K)->9705K(349568K)
[23.586s][info][gc,metaspace   ] GC(149) Metaspace: 14555K(15104K)->14555K(15104K) NonClass: 12487K(12800K)->12487K(12800K) Class: 2068K(2304K)->2068K(2304K)
[23.586s][info][gc             ] GC(149) Pause Young (Allocation Failure) 146M->9M(494M) 19.627ms
[23.586s][info][gc,cpu         ] GC(149) User=0.02s Sys=0.00s Real=0.01s
[23.729s][info][gc,start       ] GC(150) Pause Young (Allocation Failure)
[23.750s][info][gc,heap        ] GC(150) DefNew: 140105K(157248K)->335K(157248K) Eden: 139776K(139776K)->0K(139776K) From: 329K(17472K)->335K(17472K)
[23.750s][info][gc,heap        ] GC(150) Tenured: 9705K(349568K)->9723K(349568K)
[23.750s][info][gc,metaspace   ] GC(150) Metaspace: 14555K(15104K)->14555K(15104K) NonClass: 12487K(12800K)->12487K(12800K) Class: 2068K(2304K)->2068K(2304K)
[23.750s][info][gc             ] GC(150) Pause Young (Allocation Failure) 146M->9M(494M) 20.951ms
[23.750s][info][gc,cpu         ] GC(150) User=0.02s Sys=0.00s Real=0.02s
[23.890s][info][gc,start       ] GC(151) Pause Young (Allocation Failure)
[23.911s][info][gc,heap        ] GC(151) DefNew: 140111K(157248K)->340K(157248K) Eden: 139776K(139776K)->0K(139776K) From: 335K(17472K)->340K(17472K)
[23.911s][info][gc,heap        ] GC(151) Tenured: 9723K(349568K)->9741K(349568K)
[23.911s][info][gc,metaspace   ] GC(151) Metaspace: 14555K(15104K)->14555K(15104K) NonClass: 12487K(12800K)->12487K(12800K) Class: 2068K(2304K)->2068K(2304K)
[23.911s][info][gc             ] GC(151) Pause Young (Allocation Failure) 146M->9M(494M) 20.798ms
[23.911s][info][gc,cpu         ] GC(151) User=0.02s Sys=0.00s Real=0.01s
[24.051s][info][gc,start       ] GC(152) Pause Young (Allocation Failure)
[24.072s][info][gc,heap        ] GC(152) DefNew: 140116K(157248K)->342K(157248K) Eden: 139776K(139776K)->0K(139776K) From: 340K(17472K)->342K(17472K)
[24.072s][info][gc,heap        ] GC(152) Tenured: 9741K(349568K)->9759K(349568K)
[24.072s][info][gc,metaspace   ] GC(152) Metaspace: 14555K(15104K)->14555K(15104K) NonClass: 12487K(12800K)->12487K(12800K) Class: 2068K(2304K)->2068K(2304K)
[24.072s][info][gc             ] GC(152) Pause Young (Allocation Failure) 146M->9M(494M) 21.216ms
[24.072s][info][gc,cpu         ] GC(152) User=0.03s Sys=0.00s Real=0.02s
[24.208s][info][gc,start       ] GC(153) Pause Young (Allocation Failure)
[24.230s][info][gc,heap        ] GC(153) DefNew: 140118K(157248K)->341K(157248K) Eden: 139776K(139776K)->0K(139776K) From: 342K(17472K)->341K(17472K)
[24.230s][info][gc,heap        ] GC(153) Tenured: 9759K(349568K)->9779K(349568K)
[24.230s][info][gc,metaspace   ] GC(153) Metaspace: 14555K(15104K)->14555K(15104K) NonClass: 12487K(12800K)->12487K(12800K) Class: 2068K(2304K)->2068K(2304K)
[24.230s][info][gc             ] GC(153) Pause Young (Allocation Failure) 146M->9M(494M) 21.995ms
[24.230s][info][gc,cpu         ] GC(153) User=0.02s Sys=0.00s Real=0.02s
[24.353s][info][gc,start       ] GC(154) Pause Young (Allocation Failure)
[24.374s][info][gc,heap        ] GC(154) DefNew: 140117K(157248K)->340K(157248K) Eden: 139776K(139776K)->0K(139776K) From: 341K(17472K)->340K(17472K)
[24.374s][info][gc,heap        ] GC(154) Tenured: 9779K(349568K)->9800K(349568K)
[24.374s][info][gc,metaspace   ] GC(154) Metaspace: 14555K(15104K)->14555K(15104K) NonClass: 12487K(12800K)->12487K(12800K) Class: 2068K(2304K)->2068K(2304K)
[24.374s][info][gc             ] GC(154) Pause Young (Allocation Failure) 146M->9M(494M) 21.326ms
[24.374s][info][gc,cpu         ] GC(154) User=0.02s Sys=0.00s Real=0.02s
[24.475s][info][gc,start       ] GC(155) Pause Young (Allocation Failure)
[24.493s][info][gc,heap        ] GC(155) DefNew: 140116K(157248K)->336K(157248K) Eden: 139776K(139776K)->0K(139776K) From: 340K(17472K)->336K(17472K)
[24.493s][info][gc,heap        ] GC(155) Tenured: 9800K(349568K)->9820K(349568K)
[24.493s][info][gc,metaspace   ] GC(155) Metaspace: 14555K(15104K)->14555K(15104K) NonClass: 12487K(12800K)->12487K(12800K) Class: 2068K(2304K)->2068K(2304K)
[24.493s][info][gc             ] GC(155) Pause Young (Allocation Failure) 146M->9M(494M) 18.262ms
[24.493s][info][gc,cpu         ] GC(155) User=0.02s Sys=0.00s Real=0.01s
[24.601s][info][gc,start       ] GC(156) Pause Young (Allocation Failure)
[24.618s][info][gc,heap        ] GC(156) DefNew: 140112K(157248K)->326K(157248K) Eden: 139776K(139776K)->0K(139776K) From: 336K(17472K)->326K(17472K)
[24.618s][info][gc,heap        ] GC(156) Tenured: 9820K(349568K)->9844K(349568K)
[24.618s][info][gc,metaspace   ] GC(156) Metaspace: 14555K(15104K)->14555K(15104K) NonClass: 12487K(12800K)->12487K(12800K) Class: 2068K(2304K)->2068K(2304K)
[24.618s][info][gc             ] GC(156) Pause Young (Allocation Failure) 146M->9M(494M) 17.548ms
[24.618s][info][gc,cpu         ] GC(156) User=0.02s Sys=0.00s Real=0.02s
[24.756s][info][gc,start       ] GC(157) Pause Young (Allocation Failure)
[24.777s][info][gc,heap        ] GC(157) DefNew: 140102K(157248K)->321K(157248K) Eden: 139775K(139776K)->0K(139776K) From: 326K(17472K)->321K(17472K)
[24.777s][info][gc,heap        ] GC(157) Tenured: 9844K(349568K)->9865K(349568K)
[24.777s][info][gc,metaspace   ] GC(157) Metaspace: 14555K(15104K)->14555K(15104K) NonClass: 12487K(12800K)->12487K(12800K) Class: 2068K(2304K)->2068K(2304K)
[24.777s][info][gc             ] GC(157) Pause Young (Allocation Failure) 146M->9M(494M) 20.428ms
[24.777s][info][gc,cpu         ] GC(157) User=0.02s Sys=0.00s Real=0.02s
[24.920s][info][gc,start       ] GC(158) Pause Young (Allocation Failure)
[24.934s][info][gc,heap        ] GC(158) DefNew: 140097K(157248K)->322K(157248K) Eden: 139776K(139776K)->0K(139776K) From: 321K(17472K)->322K(17472K)
[24.934s][info][gc,heap        ] GC(158) Tenured: 9865K(349568K)->9888K(349568K)
[24.934s][info][gc,metaspace   ] GC(158) Metaspace: 14555K(15104K)->14555K(15104K) NonClass: 12487K(12800K)->12487K(12800K) Class: 2068K(2304K)->2068K(2304K)
[24.934s][info][gc             ] GC(158) Pause Young (Allocation Failure) 146M->9M(494M) 14.150ms
[24.934s][info][gc,cpu         ] GC(158) User=0.02s Sys=0.00s Real=0.01s
[25.092s][info][gc,start       ] GC(159) Pause Young (Allocation Failure)
[25.108s][info][gc,heap        ] GC(159) DefNew: 140098K(157248K)->329K(157248K) Eden: 139776K(139776K)->0K(139776K) From: 322K(17472K)->329K(17472K)
[25.108s][info][gc,heap        ] GC(159) Tenured: 9888K(349568K)->9907K(349568K)
[25.108s][info][gc,metaspace   ] GC(159) Metaspace: 14555K(15104K)->14555K(15104K) NonClass: 12487K(12800K)->12487K(12800K) Class: 2068K(2304K)->2068K(2304K)
[25.108s][info][gc             ] GC(159) Pause Young (Allocation Failure) 146M->9M(494M) 15.453ms
[25.108s][info][gc,cpu         ] GC(159) User=0.02s Sys=0.00s Real=0.02s
[25.297s][info][gc,start       ] GC(160) Pause Young (Allocation Failure)
[25.314s][info][gc,heap        ] GC(160) DefNew: 140105K(157248K)->338K(157248K) Eden: 139776K(139776K)->0K(139776K) From: 329K(17472K)->338K(17472K)
[25.314s][info][gc,heap        ] GC(160) Tenured: 9907K(349568K)->9928K(349568K)
[25.314s][info][gc,metaspace   ] GC(160) Metaspace: 14555K(15104K)->14555K(15104K) NonClass: 12487K(12800K)->12487K(12800K) Class: 2068K(2304K)->2068K(2304K)
[25.314s][info][gc             ] GC(160) Pause Young (Allocation Failure) 146M->10M(494M) 17.275ms
[25.314s][info][gc,cpu         ] GC(160) User=0.00s Sys=0.00s Real=0.01s
[25.530s][info][gc,start       ] GC(161) Pause Young (Allocation Failure)
[25.547s][info][gc,heap        ] GC(161) DefNew: 140114K(157248K)->349K(157248K) Eden: 139776K(139776K)->0K(139776K) From: 338K(17472K)->349K(17472K)
[25.547s][info][gc,heap        ] GC(161) Tenured: 9928K(349568K)->9951K(349568K)
[25.547s][info][gc,metaspace   ] GC(161) Metaspace: 14555K(15104K)->14555K(15104K) NonClass: 12487K(12800K)->12487K(12800K) Class: 2068K(2304K)->2068K(2304K)
[25.547s][info][gc             ] GC(161) Pause Young (Allocation Failure) 146M->10M(494M) 16.405ms
[25.547s][info][gc,cpu         ] GC(161) User=0.02s Sys=0.00s Real=0.01s
[25.822s][info][gc,start       ] GC(162) Pause Young (Allocation Failure)
[25.838s][info][gc,heap        ] GC(162) DefNew: 140125K(157248K)->361K(157248K) Eden: 139776K(139776K)->0K(139776K) From: 349K(17472K)->361K(17472K)
[25.838s][info][gc,heap        ] GC(162) Tenured: 9951K(349568K)->9982K(349568K)
[25.838s][info][gc,metaspace   ] GC(162) Metaspace: 14555K(15104K)->14555K(15104K) NonClass: 12487K(12800K)->12487K(12800K) Class: 2068K(2304K)->2068K(2304K)
[25.838s][info][gc             ] GC(162) Pause Young (Allocation Failure) 146M->10M(494M) 15.676ms
[25.838s][info][gc,cpu         ] GC(162) User=0.00s Sys=0.00s Real=0.01s
[26.024s][info][gc,start       ] GC(163) Pause Full (System.gc())
[26.024s][info][gc,phases,start] GC(163) Phase 1: Mark live objects
[26.053s][info][gc,phases      ] GC(163) Phase 1: Mark live objects 28.841ms
[26.053s][info][gc,phases,start] GC(163) Phase 2: Compute new object addresses
[26.073s][info][gc,phases      ] GC(163) Phase 2: Compute new object addresses 19.866ms
[26.073s][info][gc,phases,start] GC(163) Phase 3: Adjust pointers
[26.083s][info][gc,phases      ] GC(163) Phase 3: Adjust pointers 10.141ms
[26.083s][info][gc,phases,start] GC(163) Phase 4: Move objects
[26.083s][info][gc,phases      ] GC(163) Phase 4: Move objects 0.035ms
[26.085s][info][gc,heap        ] GC(163) DefNew: 76207K(157248K)->0K(157248K) Eden: 75845K(139776K)->0K(139776K) From: 361K(17472K)->0K(17472K)
[26.085s][info][gc,heap        ] GC(163) Tenured: 9982K(349568K)->10017K(349568K)
[26.085s][info][gc,metaspace   ] GC(163) Metaspace: 14662K(15296K)->14235K(15168K) NonClass: 12584K(12928K)->12275K(12864K) Class: 2078K(2368K)->1959K(2304K)
[26.085s][info][gc             ] GC(163) Pause Full (System.gc()) 84M->9M(494M) 60.436ms
[26.085s][info][gc,cpu         ] GC(163) User=0.06s Sys=0.00s Real=0.06s
[26.182s][info][gc,start       ] GC(164) Pause Young (Allocation Failure)
[26.197s][info][gc,heap        ] GC(164) DefNew: 139776K(157248K)->1474K(157248K) Eden: 139776K(139776K)->0K(139776K) From: 0K(17472K)->1474K(17472K)
[26.197s][info][gc,heap        ] GC(164) Tenured: 10017K(349568K)->10017K(349568K)
[26.197s][info][gc,metaspace   ] GC(164) Metaspace: 14236K(15168K)->14236K(15168K) NonClass: 12276K(12864K)->12276K(12864K) Class: 1959K(2304K)->1959K(2304K)
[26.197s][info][gc             ] GC(164) Pause Young (Allocation Failure) 146M->11M(494M) 14.556ms
[26.197s][info][gc,cpu         ] GC(164) User=0.00s Sys=0.00s Real=0.01s
[26.299s][info][gc,start       ] GC(165) Pause Young (Allocation Failure)
[26.316s][info][gc,heap        ] GC(165) DefNew: 141250K(157248K)->1491K(157248K) Eden: 139776K(139776K)->0K(139776K) From: 1474K(17472K)->1491K(17472K)
[26.316s][info][gc,heap        ] GC(165) Tenured: 10017K(349568K)->10017K(349568K)
[26.316s][info][gc,metaspace   ] GC(165) Metaspace: 14236K(15168K)->14236K(15168K) NonClass: 12276K(12864K)->12276K(12864K) Class: 1959K(2304K)->1959K(2304K)
[26.316s][info][gc             ] GC(165) Pause Young (Allocation Failure) 147M->11M(494M) 16.408ms
[26.316s][info][gc,cpu         ] GC(165) User=0.02s Sys=0.00s Real=0.01s
[26.432s][info][gc,start       ] GC(166) Pause Young (Allocation Failure)
[26.449s][info][gc,heap        ] GC(166) DefNew: 141267K(157248K)->1509K(157248K) Eden: 139776K(139776K)->0K(139776K) From: 1491K(17472K)->1509K(17472K)
[26.449s][info][gc,heap        ] GC(166) Tenured: 10017K(349568K)->10017K(349568K)
[26.449s][info][gc,metaspace   ] GC(166) Metaspace: 14236K(15168K)->14236K(15168K) NonClass: 12276K(12864K)->12276K(12864K) Class: 1959K(2304K)->1959K(2304K)
[26.449s][info][gc             ] GC(166) Pause Young (Allocation Failure) 147M->11M(494M) 16.827ms
[26.449s][info][gc,cpu         ] GC(166) User=0.00s Sys=0.00s Real=0.00s
[26.553s][info][gc,start       ] GC(167) Pause Young (Allocation Failure)
[26.571s][info][gc,heap        ] GC(167) DefNew: 141285K(157248K)->1527K(157248K) Eden: 139776K(139776K)->0K(139776K) From: 1509K(17472K)->1527K(17472K)
[26.571s][info][gc,heap        ] GC(167) Tenured: 10017K(349568K)->10017K(349568K)
[26.571s][info][gc,metaspace   ] GC(167) Metaspace: 14236K(15168K)->14236K(15168K) NonClass: 12276K(12864K)->12276K(12864K) Class: 1959K(2304K)->1959K(2304K)
[26.571s][info][gc             ] GC(167) Pause Young (Allocation Failure) 147M->11M(494M) 17.482ms
[26.571s][info][gc,cpu         ] GC(167) User=0.02s Sys=0.00s Real=0.01s
[26.677s][info][gc,start       ] GC(168) Pause Young (Allocation Failure)
[26.690s][info][gc,heap        ] GC(168) DefNew: 141303K(157248K)->1545K(157248K) Eden: 139776K(139776K)->0K(139776K) From: 1527K(17472K)->1545K(17472K)
[26.690s][info][gc,heap        ] GC(168) Tenured: 10017K(349568K)->10017K(349568K)
[26.690s][info][gc,metaspace   ] GC(168) Metaspace: 14236K(15168K)->14236K(15168K) NonClass: 12276K(12864K)->12276K(12864K) Class: 1959K(2304K)->1959K(2304K)
[26.690s][info][gc             ] GC(168) Pause Young (Allocation Failure) 147M->11M(494M) 13.368ms
[26.690s][info][gc,cpu         ] GC(168) User=0.02s Sys=0.00s Real=0.01s
[26.799s][info][gc,start       ] GC(169) Pause Young (Allocation Failure)
[26.816s][info][gc,heap        ] GC(169) DefNew: 141268K(157248K)->1562K(157248K) Eden: 139723K(139776K)->0K(139776K) From: 1545K(17472K)->1562K(17472K)
[26.817s][info][gc,heap        ] GC(169) Tenured: 10017K(349568K)->10017K(349568K)
[26.817s][info][gc,metaspace   ] GC(169) Metaspace: 14236K(15168K)->14236K(15168K) NonClass: 12276K(12864K)->12276K(12864K) Class: 1959K(2304K)->1959K(2304K)
[26.817s][info][gc             ] GC(169) Pause Young (Allocation Failure) 147M->11M(494M) 17.593ms
[26.817s][info][gc,cpu         ] GC(169) User=0.00s Sys=0.00s Real=0.00s
[26.927s][info][gc,start       ] GC(170) Pause Young (Allocation Failure)
[26.945s][info][gc,heap        ] GC(170) DefNew: 141338K(157248K)->1580K(157248K) Eden: 139776K(139776K)->0K(139776K) From: 1562K(17472K)->1580K(17472K)
[26.945s][info][gc,heap        ] GC(170) Tenured: 10017K(349568K)->10017K(349568K)
[26.945s][info][gc,metaspace   ] GC(170) Metaspace: 14236K(15168K)->14236K(15168K) NonClass: 12276K(12864K)->12276K(12864K) Class: 1959K(2304K)->1959K(2304K)
[26.945s][info][gc             ] GC(170) Pause Young (Allocation Failure) 147M->11M(494M) 17.871ms
[26.945s][info][gc,cpu         ] GC(170) User=0.02s Sys=0.00s Real=0.01s
[27.056s][info][gc,start       ] GC(171) Pause Young (Allocation Failure)
[27.074s][info][gc,heap        ] GC(171) DefNew: 141356K(157248K)->1598K(157248K) Eden: 139776K(139776K)->0K(139776K) From: 1580K(17472K)->1598K(17472K)
[27.074s][info][gc,heap        ] GC(171) Tenured: 10017K(349568K)->10017K(349568K)
[27.074s][info][gc,metaspace   ] GC(171) Metaspace: 14236K(15168K)->14236K(15168K) NonClass: 12276K(12864K)->12276K(12864K) Class: 1959K(2304K)->1959K(2304K)
[27.075s][info][gc             ] GC(171) Pause Young (Allocation Failure) 147M->11M(494M) 18.503ms
[27.075s][info][gc,cpu         ] GC(171) User=0.00s Sys=0.00s Real=0.01s
[27.182s][info][gc,start       ] GC(172) Pause Young (Allocation Failure)
[27.202s][info][gc,heap        ] GC(172) DefNew: 141374K(157248K)->1615K(157248K) Eden: 139776K(139776K)->0K(139776K) From: 1598K(17472K)->1615K(17472K)
[27.202s][info][gc,heap        ] GC(172) Tenured: 10017K(349568K)->10017K(349568K)
[27.202s][info][gc,metaspace   ] GC(172) Metaspace: 14236K(15168K)->14236K(15168K) NonClass: 12276K(12864K)->12276K(12864K) Class: 1959K(2304K)->1959K(2304K)
[27.202s][info][gc             ] GC(172) Pause Young (Allocation Failure) 147M->11M(494M) 19.173ms
[27.202s][info][gc,cpu         ] GC(172) User=0.02s Sys=0.00s Real=0.02s
[27.313s][info][gc,start       ] GC(173) Pause Young (Allocation Failure)
[27.331s][info][gc,heap        ] GC(173) DefNew: 141391K(157248K)->1633K(157248K) Eden: 139776K(139776K)->0K(139776K) From: 1615K(17472K)->1633K(17472K)
[27.331s][info][gc,heap        ] GC(173) Tenured: 10017K(349568K)->10017K(349568K)
[27.331s][info][gc,metaspace   ] GC(173) Metaspace: 14236K(15168K)->14236K(15168K) NonClass: 12276K(12864K)->12276K(12864K) Class: 1959K(2304K)->1959K(2304K)
[27.331s][info][gc             ] GC(173) Pause Young (Allocation Failure) 147M->11M(494M) 18.545ms
[27.331s][info][gc,cpu         ] GC(173) User=0.02s Sys=0.00s Real=0.02s
[27.441s][info][gc,start       ] GC(174) Pause Young (Allocation Failure)
[27.460s][info][gc,heap        ] GC(174) DefNew: 141409K(157248K)->1650K(157248K) Eden: 139776K(139776K)->0K(139776K) From: 1633K(17472K)->1650K(17472K)
[27.460s][info][gc,heap        ] GC(174) Tenured: 10017K(349568K)->10017K(349568K)
[27.460s][info][gc,metaspace   ] GC(174) Metaspace: 14236K(15168K)->14236K(15168K) NonClass: 12276K(12864K)->12276K(12864K) Class: 1959K(2304K)->1959K(2304K)
[27.460s][info][gc             ] GC(174) Pause Young (Allocation Failure) 147M->11M(494M) 18.783ms
[27.460s][info][gc,cpu         ] GC(174) User=0.02s Sys=0.00s Real=0.02s
[27.574s][info][gc,start       ] GC(175) Pause Young (Allocation Failure)
[27.593s][info][gc,heap        ] GC(175) DefNew: 141426K(157248K)->1668K(157248K) Eden: 139776K(139776K)->0K(139776K) From: 1650K(17472K)->1668K(17472K)
[27.593s][info][gc,heap        ] GC(175) Tenured: 10017K(349568K)->10017K(349568K)
[27.593s][info][gc,metaspace   ] GC(175) Metaspace: 14236K(15168K)->14236K(15168K) NonClass: 12276K(12864K)->12276K(12864K) Class: 1959K(2304K)->1959K(2304K)
[27.593s][info][gc             ] GC(175) Pause Young (Allocation Failure) 147M->11M(494M) 19.203ms
[27.593s][info][gc,cpu         ] GC(175) User=0.02s Sys=0.00s Real=0.02s
[27.702s][info][gc,start       ] GC(176) Pause Young (Allocation Failure)
[27.721s][info][gc,heap        ] GC(176) DefNew: 141444K(157248K)->1686K(157248K) Eden: 139776K(139776K)->0K(139776K) From: 1668K(17472K)->1686K(17472K)
[27.722s][info][gc,heap        ] GC(176) Tenured: 10017K(349568K)->10017K(349568K)
[27.722s][info][gc,metaspace   ] GC(176) Metaspace: 14236K(15168K)->14236K(15168K) NonClass: 12276K(12864K)->12276K(12864K) Class: 1959K(2304K)->1959K(2304K)
[27.722s][info][gc             ] GC(176) Pause Young (Allocation Failure) 147M->11M(494M) 19.557ms
[27.722s][info][gc,cpu         ] GC(176) User=0.02s Sys=0.00s Real=0.01s
[27.824s][info][gc,start       ] GC(177) Pause Young (Allocation Failure)
[27.845s][info][gc,heap        ] GC(177) DefNew: 141462K(157248K)->1703K(157248K) Eden: 139776K(139776K)->0K(139776K) From: 1686K(17472K)->1703K(17472K)
[27.845s][info][gc,heap        ] GC(177) Tenured: 10017K(349568K)->10017K(349568K)
[27.845s][info][gc,metaspace   ] GC(177) Metaspace: 14236K(15168K)->14236K(15168K) NonClass: 12276K(12864K)->12276K(12864K) Class: 1959K(2304K)->1959K(2304K)
[27.845s][info][gc             ] GC(177) Pause Young (Allocation Failure) 147M->11M(494M) 20.680ms
[27.845s][info][gc,cpu         ] GC(177) User=0.02s Sys=0.00s Real=0.02s
[27.954s][info][gc,start       ] GC(178) Pause Young (Allocation Failure)
[27.974s][info][gc,heap        ] GC(178) DefNew: 141479K(157248K)->1722K(157248K) Eden: 139776K(139776K)->0K(139776K) From: 1703K(17472K)->1722K(17472K)
[27.975s][info][gc,heap        ] GC(178) Tenured: 10017K(349568K)->10017K(349568K)
[27.975s][info][gc,metaspace   ] GC(178) Metaspace: 14236K(15168K)->14236K(15168K) NonClass: 12276K(12864K)->12276K(12864K) Class: 1959K(2304K)->1959K(2304K)
[27.975s][info][gc             ] GC(178) Pause Young (Allocation Failure) 147M->11M(494M) 20.175ms
[27.975s][info][gc,cpu         ] GC(178) User=0.02s Sys=0.00s Real=0.02s
[28.082s][info][gc,start       ] GC(179) Pause Young (Allocation Failure)
[28.104s][info][gc,heap        ] GC(179) DefNew: 141498K(157248K)->273K(157248K) Eden: 139776K(139776K)->0K(139776K) From: 1722K(17472K)->273K(17472K)
[28.104s][info][gc,heap        ] GC(179) Tenured: 10017K(349568K)->11483K(349568K)
[28.104s][info][gc,metaspace   ] GC(179) Metaspace: 14236K(15168K)->14236K(15168K) NonClass: 12276K(12864K)->12276K(12864K) Class: 1959K(2304K)->1959K(2304K)
[28.104s][info][gc             ] GC(179) Pause Young (Allocation Failure) 147M->11M(494M) 22.416ms
[28.104s][info][gc,cpu         ] GC(179) User=0.03s Sys=0.00s Real=0.02s
[28.211s][info][gc,start       ] GC(180) Pause Young (Allocation Failure)
[28.227s][info][gc,heap        ] GC(180) DefNew: 140049K(157248K)->273K(157248K) Eden: 139776K(139776K)->0K(139776K) From: 273K(17472K)->273K(17472K)
[28.227s][info][gc,heap        ] GC(180) Tenured: 11483K(349568K)->11501K(349568K)
[28.227s][info][gc,metaspace   ] GC(180) Metaspace: 14236K(15168K)->14236K(15168K) NonClass: 12276K(12864K)->12276K(12864K) Class: 1959K(2304K)->1959K(2304K)
[28.227s][info][gc             ] GC(180) Pause Young (Allocation Failure) 147M->11M(494M) 15.458ms
[28.227s][info][gc,cpu         ] GC(180) User=0.02s Sys=0.00s Real=0.02s
[28.409s][info][gc,start       ] GC(181) Pause Young (Allocation Failure)
[28.430s][info][gc,heap        ] GC(181) DefNew: 140049K(157248K)->272K(157248K) Eden: 139776K(139776K)->0K(139776K) From: 273K(17472K)->272K(17472K)
[28.430s][info][gc,heap        ] GC(181) Tenured: 11501K(349568K)->11518K(349568K)
[28.430s][info][gc,metaspace   ] GC(181) Metaspace: 14236K(15168K)->14236K(15168K) NonClass: 12276K(12864K)->12276K(12864K) Class: 1959K(2304K)->1959K(2304K)
[28.430s][info][gc             ] GC(181) Pause Young (Allocation Failure) 147M->11M(494M) 20.415ms
[28.430s][info][gc,cpu         ] GC(181) User=0.02s Sys=0.00s Real=0.01s
[28.544s][info][gc,start       ] GC(182) Pause Young (Allocation Failure)
[28.558s][info][gc,heap        ] GC(182) DefNew: 140048K(157248K)->270K(157248K) Eden: 139776K(139776K)->0K(139776K) From: 272K(17472K)->270K(17472K)
[28.559s][info][gc,heap        ] GC(182) Tenured: 11518K(349568K)->11536K(349568K)
[28.559s][info][gc,metaspace   ] GC(182) Metaspace: 14236K(15168K)->14236K(15168K) NonClass: 12276K(12864K)->12276K(12864K) Class: 1959K(2304K)->1959K(2304K)
[28.559s][info][gc             ] GC(182) Pause Young (Allocation Failure) 148M->11M(494M) 14.991ms
[28.559s][info][gc,cpu         ] GC(182) User=0.00s Sys=0.00s Real=0.00s
[28.669s][info][gc,start       ] GC(183) Pause Young (Allocation Failure)
[28.683s][info][gc,heap        ] GC(183) DefNew: 140046K(157248K)->270K(157248K) Eden: 139776K(139776K)->0K(139776K) From: 270K(17472K)->270K(17472K)
[28.683s][info][gc,heap        ] GC(183) Tenured: 11536K(349568K)->11553K(349568K)
[28.683s][info][gc,metaspace   ] GC(183) Metaspace: 14236K(15168K)->14236K(15168K) NonClass: 12276K(12864K)->12276K(12864K) Class: 1959K(2304K)->1959K(2304K)
[28.683s][info][gc             ] GC(183) Pause Young (Allocation Failure) 148M->11M(494M) 14.327ms
[28.683s][info][gc,cpu         ] GC(183) User=0.00s Sys=0.00s Real=0.00s
[28.792s][info][gc,start       ] GC(184) Pause Young (Allocation Failure)
[28.805s][info][gc,heap        ] GC(184) DefNew: 140046K(157248K)->271K(157248K) Eden: 139776K(139776K)->0K(139776K) From: 270K(17472K)->271K(17472K)
[28.805s][info][gc,heap        ] GC(184) Tenured: 11553K(349568K)->11571K(349568K)
[28.805s][info][gc,metaspace   ] GC(184) Metaspace: 14236K(15168K)->14236K(15168K) NonClass: 12276K(12864K)->12276K(12864K) Class: 1959K(2304K)->1959K(2304K)
[28.805s][info][gc             ] GC(184) Pause Young (Allocation Failure) 148M->11M(494M) 13.058ms
[28.805s][info][gc,cpu         ] GC(184) User=0.02s Sys=0.00s Real=0.01s
[28.917s][info][gc,start       ] GC(185) Pause Young (Allocation Failure)
[28.929s][info][gc,heap        ] GC(185) DefNew: 140047K(157248K)->270K(157248K) Eden: 139776K(139776K)->0K(139776K) From: 271K(17472K)->270K(17472K)
[28.929s][info][gc,heap        ] GC(185) Tenured: 11571K(349568K)->11589K(349568K)
[28.929s][info][gc,metaspace   ] GC(185) Metaspace: 14236K(15168K)->14236K(15168K) NonClass: 12276K(12864K)->12276K(12864K) Class: 1959K(2304K)->1959K(2304K)
[28.929s][info][gc             ] GC(185) Pause Young (Allocation Failure) 148M->11M(494M) 12.284ms
[28.929s][info][gc,cpu         ] GC(185) User=0.02s Sys=0.00s Real=0.01s
[29.041s][info][gc,start       ] GC(186) Pause Young (Allocation Failure)
[29.055s][info][gc,heap        ] GC(186) DefNew: 140046K(157248K)->272K(157248K) Eden: 139776K(139776K)->0K(139776K) From: 270K(17472K)->272K(17472K)
[29.055s][info][gc,heap        ] GC(186) Tenured: 11589K(349568K)->11606K(349568K)
[29.055s][info][gc,metaspace   ] GC(186) Metaspace: 14236K(15168K)->14236K(15168K) NonClass: 12276K(12864K)->12276K(12864K) Class: 1959K(2304K)->1959K(2304K)
[29.055s][info][gc             ] GC(186) Pause Young (Allocation Failure) 148M->11M(494M) 14.251ms
[29.055s][info][gc,cpu         ] GC(186) User=0.00s Sys=0.00s Real=0.00s
[29.171s][info][gc,start       ] GC(187) Pause Young (Allocation Failure)
[29.184s][info][gc,heap        ] GC(187) DefNew: 140048K(157248K)->271K(157248K) Eden: 139776K(139776K)->0K(139776K) From: 272K(17472K)->271K(17472K)
[29.184s][info][gc,heap        ] GC(187) Tenured: 11606K(349568K)->11624K(349568K)
[29.184s][info][gc,metaspace   ] GC(187) Metaspace: 14236K(15168K)->14236K(15168K) NonClass: 12276K(12864K)->12276K(12864K) Class: 1959K(2304K)->1959K(2304K)
[29.184s][info][gc             ] GC(187) Pause Young (Allocation Failure) 148M->11M(494M) 12.978ms
[29.184s][info][gc,cpu         ] GC(187) User=0.02s Sys=0.00s Real=0.01s
[29.290s][info][gc,start       ] GC(188) Pause Young (Allocation Failure)
[29.304s][info][gc,heap        ] GC(188) DefNew: 140047K(157248K)->271K(157248K) Eden: 139776K(139776K)->0K(139776K) From: 271K(17472K)->271K(17472K)
[29.304s][info][gc,heap        ] GC(188) Tenured: 11624K(349568K)->11642K(349568K)
[29.304s][info][gc,metaspace   ] GC(188) Metaspace: 14236K(15168K)->14236K(15168K) NonClass: 12276K(12864K)->12276K(12864K) Class: 1959K(2304K)->1959K(2304K)
[29.304s][info][gc             ] GC(188) Pause Young (Allocation Failure) 148M->11M(494M) 14.275ms
[29.304s][info][gc,cpu         ] GC(188) User=0.02s Sys=0.00s Real=0.01s
[29.409s][info][gc,start       ] GC(189) Pause Young (Allocation Failure)
[29.424s][info][gc,heap        ] GC(189) DefNew: 140047K(157248K)->271K(157248K) Eden: 139776K(139776K)->0K(139776K) From: 271K(17472K)->271K(17472K)
[29.424s][info][gc,heap        ] GC(189) Tenured: 11642K(349568K)->11659K(349568K)
[29.424s][info][gc,metaspace   ] GC(189) Metaspace: 14236K(15168K)->14236K(15168K) NonClass: 12276K(12864K)->12276K(12864K) Class: 1959K(2304K)->1959K(2304K)
[29.424s][info][gc             ] GC(189) Pause Young (Allocation Failure) 148M->11M(494M) 15.018ms
[29.424s][info][gc,cpu         ] GC(189) User=0.02s Sys=0.00s Real=0.01s
[29.532s][info][gc,start       ] GC(190) Pause Young (Allocation Failure)
[29.546s][info][gc,heap        ] GC(190) DefNew: 140047K(157248K)->270K(157248K) Eden: 139776K(139776K)->0K(139776K) From: 271K(17472K)->270K(17472K)
[29.546s][info][gc,heap        ] GC(190) Tenured: 11659K(349568K)->11677K(349568K)
[29.546s][info][gc,metaspace   ] GC(190) Metaspace: 14236K(15168K)->14236K(15168K) NonClass: 12276K(12864K)->12276K(12864K) Class: 1959K(2304K)->1959K(2304K)
[29.547s][info][gc             ] GC(190) Pause Young (Allocation Failure) 148M->11M(494M) 14.896ms
[29.547s][info][gc,cpu         ] GC(190) User=0.02s Sys=0.00s Real=0.02s
[29.652s][info][gc,start       ] GC(191) Pause Young (Allocation Failure)
[29.667s][info][gc,heap        ] GC(191) DefNew: 140046K(157248K)->270K(157248K) Eden: 139776K(139776K)->0K(139776K) From: 270K(17472K)->270K(17472K)
[29.667s][info][gc,heap        ] GC(191) Tenured: 11677K(349568K)->11695K(349568K)
[29.667s][info][gc,metaspace   ] GC(191) Metaspace: 14236K(15168K)->14236K(15168K) NonClass: 12276K(12864K)->12276K(12864K) Class: 1959K(2304K)->1959K(2304K)
[29.667s][info][gc             ] GC(191) Pause Young (Allocation Failure) 148M->11M(494M) 15.520ms
[29.667s][info][gc,cpu         ] GC(191) User=0.00s Sys=0.00s Real=0.01s
[29.773s][info][gc,start       ] GC(192) Pause Young (Allocation Failure)
[29.789s][info][gc,heap        ] GC(192) DefNew: 140046K(157248K)->271K(157248K) Eden: 139776K(139776K)->0K(139776K) From: 270K(17472K)->271K(17472K)
[29.789s][info][gc,heap        ] GC(192) Tenured: 11695K(349568K)->11712K(349568K)
[29.789s][info][gc,metaspace   ] GC(192) Metaspace: 14236K(15168K)->14236K(15168K) NonClass: 12276K(12864K)->12276K(12864K) Class: 1959K(2304K)->1959K(2304K)
[29.789s][info][gc             ] GC(192) Pause Young (Allocation Failure) 148M->11M(494M) 15.552ms
[29.789s][info][gc,cpu         ] GC(192) User=0.02s Sys=0.00s Real=0.02s
[29.894s][info][gc,start       ] GC(193) Pause Young (Allocation Failure)
[29.910s][info][gc,heap        ] GC(193) DefNew: 140047K(157248K)->271K(157248K) Eden: 139776K(139776K)->0K(139776K) From: 271K(17472K)->271K(17472K)
[29.910s][info][gc,heap        ] GC(193) Tenured: 11712K(349568K)->11730K(349568K)
[29.910s][info][gc,metaspace   ] GC(193) Metaspace: 14236K(15168K)->14236K(15168K) NonClass: 12276K(12864K)->12276K(12864K) Class: 1959K(2304K)->1959K(2304K)
[29.910s][info][gc             ] GC(193) Pause Young (Allocation Failure) 148M->11M(494M) 15.629ms
[29.910s][info][gc,cpu         ] GC(193) User=0.02s Sys=0.00s Real=0.02s
[30.014s][info][gc,start       ] GC(194) Pause Young (Allocation Failure)
[30.030s][info][gc,heap        ] GC(194) DefNew: 140047K(157248K)->270K(157248K) Eden: 139776K(139776K)->0K(139776K) From: 271K(17472K)->270K(17472K)
[30.030s][info][gc,heap        ] GC(194) Tenured: 11730K(349568K)->11748K(349568K)
[30.030s][info][gc,metaspace   ] GC(194) Metaspace: 14236K(15168K)->14236K(15168K) NonClass: 12276K(12864K)->12276K(12864K) Class: 1959K(2304K)->1959K(2304K)
[30.030s][info][gc             ] GC(194) Pause Young (Allocation Failure) 148M->11M(494M) 16.048ms
[30.030s][info][gc,cpu         ] GC(194) User=0.02s Sys=0.00s Real=0.01s
[30.135s][info][gc,start       ] GC(195) Pause Young (Allocation Failure)
[30.152s][info][gc,heap        ] GC(195) DefNew: 140046K(157248K)->270K(157248K) Eden: 139776K(139776K)->0K(139776K) From: 270K(17472K)->270K(17472K)
[30.152s][info][gc,heap        ] GC(195) Tenured: 11748K(349568K)->11765K(349568K)
[30.152s][info][gc,metaspace   ] GC(195) Metaspace: 14236K(15168K)->14236K(15168K) NonClass: 12276K(12864K)->12276K(12864K) Class: 1959K(2304K)->1959K(2304K)
[30.152s][info][gc             ] GC(195) Pause Young (Allocation Failure) 148M->11M(494M) 17.016ms
[30.152s][info][gc,cpu         ] GC(195) User=0.02s Sys=0.00s Real=0.02s
[30.258s][info][gc,start       ] GC(196) Pause Young (Allocation Failure)
[30.275s][info][gc,heap        ] GC(196) DefNew: 140046K(157248K)->273K(157248K) Eden: 139776K(139776K)->0K(139776K) From: 270K(17472K)->273K(17472K)
[30.275s][info][gc,heap        ] GC(196) Tenured: 11765K(349568K)->11780K(349568K)
[30.275s][info][gc,metaspace   ] GC(196) Metaspace: 14236K(15168K)->14236K(15168K) NonClass: 12276K(12864K)->12276K(12864K) Class: 1959K(2304K)->1959K(2304K)
[30.275s][info][gc             ] GC(196) Pause Young (Allocation Failure) 148M->11M(494M) 16.920ms
[30.275s][info][gc,cpu         ] GC(196) User=0.00s Sys=0.00s Real=0.01s
[30.383s][info][gc,start       ] GC(197) Pause Young (Allocation Failure)
[30.400s][info][gc,heap        ] GC(197) DefNew: 140049K(157248K)->274K(157248K) Eden: 139776K(139776K)->0K(139776K) From: 273K(17472K)->274K(17472K)
[30.400s][info][gc,heap        ] GC(197) Tenured: 11780K(349568K)->11798K(349568K)
[30.400s][info][gc,metaspace   ] GC(197) Metaspace: 14236K(15168K)->14236K(15168K) NonClass: 12276K(12864K)->12276K(12864K) Class: 1959K(2304K)->1959K(2304K)
[30.400s][info][gc             ] GC(197) Pause Young (Allocation Failure) 148M->11M(494M) 17.085ms
[30.400s][info][gc,cpu         ] GC(197) User=0.02s Sys=0.00s Real=0.02s
[30.507s][info][gc,start       ] GC(198) Pause Young (Allocation Failure)
[30.525s][info][gc,heap        ] GC(198) DefNew: 140050K(157248K)->274K(157248K) Eden: 139776K(139776K)->0K(139776K) From: 274K(17472K)->274K(17472K)
[30.525s][info][gc,heap        ] GC(198) Tenured: 11798K(349568K)->11815K(349568K)
[30.525s][info][gc,metaspace   ] GC(198) Metaspace: 14236K(15168K)->14236K(15168K) NonClass: 12276K(12864K)->12276K(12864K) Class: 1959K(2304K)->1959K(2304K)
[30.525s][info][gc             ] GC(198) Pause Young (Allocation Failure) 148M->11M(494M) 18.025ms
[30.525s][info][gc,cpu         ] GC(198) User=0.02s Sys=0.00s Real=0.02s
[30.630s][info][gc,start       ] GC(199) Pause Young (Allocation Failure)
[30.647s][info][gc,heap        ] GC(199) DefNew: 140050K(157248K)->274K(157248K) Eden: 139776K(139776K)->0K(139776K) From: 274K(17472K)->274K(17472K)
[30.647s][info][gc,heap        ] GC(199) Tenured: 11815K(349568K)->11833K(349568K)
[30.647s][info][gc,metaspace   ] GC(199) Metaspace: 14236K(15168K)->14236K(15168K) NonClass: 12276K(12864K)->12276K(12864K) Class: 1959K(2304K)->1959K(2304K)
[30.647s][info][gc             ] GC(199) Pause Young (Allocation Failure) 148M->11M(494M) 17.367ms
[30.647s][info][gc,cpu         ] GC(199) User=0.02s Sys=0.00s Real=0.01s
[30.754s][info][gc,start       ] GC(200) Pause Young (Allocation Failure)
[30.772s][info][gc,heap        ] GC(200) DefNew: 140050K(157248K)->272K(157248K) Eden: 139775K(139776K)->0K(139776K) From: 274K(17472K)->272K(17472K)
[30.772s][info][gc,heap        ] GC(200) Tenured: 11833K(349568K)->11852K(349568K)
[30.772s][info][gc,metaspace   ] GC(200) Metaspace: 14236K(15168K)->14236K(15168K) NonClass: 12276K(12864K)->12276K(12864K) Class: 1959K(2304K)->1959K(2304K)
[30.772s][info][gc             ] GC(200) Pause Young (Allocation Failure) 148M->11M(494M) 17.712ms
[30.772s][info][gc,cpu         ] GC(200) User=0.02s Sys=0.00s Real=0.02s
[30.877s][info][gc,start       ] GC(201) Pause Young (Allocation Failure)
[30.896s][info][gc,heap        ] GC(201) DefNew: 140048K(157248K)->273K(157248K) Eden: 139776K(139776K)->0K(139776K) From: 272K(17472K)->273K(17472K)
[30.896s][info][gc,heap        ] GC(201) Tenured: 11852K(349568K)->11869K(349568K)
[30.896s][info][gc,metaspace   ] GC(201) Metaspace: 14236K(15168K)->14236K(15168K) NonClass: 12276K(12864K)->12276K(12864K) Class: 1959K(2304K)->1959K(2304K)
[30.896s][info][gc             ] GC(201) Pause Young (Allocation Failure) 148M->11M(494M) 18.237ms
[30.896s][info][gc,cpu         ] GC(201) User=0.02s Sys=0.00s Real=0.02s
[31.001s][info][gc,start       ] GC(202) Pause Young (Allocation Failure)
[31.019s][info][gc,heap        ] GC(202) DefNew: 140049K(157248K)->272K(157248K) Eden: 139776K(139776K)->0K(139776K) From: 273K(17472K)->272K(17472K)
[31.019s][info][gc,heap        ] GC(202) Tenured: 11869K(349568K)->11887K(349568K)
[31.019s][info][gc,metaspace   ] GC(202) Metaspace: 14236K(15168K)->14236K(15168K) NonClass: 12276K(12864K)->12276K(12864K) Class: 1959K(2304K)->1959K(2304K)
[31.019s][info][gc             ] GC(202) Pause Young (Allocation Failure) 148M->11M(494M) 18.486ms
[31.020s][info][gc,cpu         ] GC(202) User=0.02s Sys=0.00s Real=0.01s
[31.126s][info][gc,start       ] GC(203) Pause Young (Allocation Failure)
[31.144s][info][gc,heap        ] GC(203) DefNew: 140048K(157248K)->272K(157248K) Eden: 139776K(139776K)->0K(139776K) From: 272K(17472K)->272K(17472K)
[31.144s][info][gc,heap        ] GC(203) Tenured: 11887K(349568K)->11904K(349568K)
[31.144s][info][gc,metaspace   ] GC(203) Metaspace: 14236K(15168K)->14236K(15168K) NonClass: 12276K(12864K)->12276K(12864K) Class: 1959K(2304K)->1959K(2304K)
[31.144s][info][gc             ] GC(203) Pause Young (Allocation Failure) 148M->11M(494M) 18.608ms
[31.144s][info][gc,cpu         ] GC(203) User=0.02s Sys=0.00s Real=0.02s
[31.250s][info][gc,start       ] GC(204) Pause Young (Allocation Failure)
[31.269s][info][gc,heap        ] GC(204) DefNew: 140048K(157248K)->270K(157248K) Eden: 139776K(139776K)->0K(139776K) From: 272K(17472K)->270K(17472K)
[31.269s][info][gc,heap        ] GC(204) Tenured: 11904K(349568K)->11922K(349568K)
[31.269s][info][gc,metaspace   ] GC(204) Metaspace: 14236K(15168K)->14236K(15168K) NonClass: 12276K(12864K)->12276K(12864K) Class: 1959K(2304K)->1959K(2304K)
[31.269s][info][gc             ] GC(204) Pause Young (Allocation Failure) 148M->11M(494M) 18.813ms
[31.269s][info][gc,cpu         ] GC(204) User=0.02s Sys=0.00s Real=0.02s
[31.376s][info][gc,start       ] GC(205) Pause Young (Allocation Failure)
[31.396s][info][gc,heap        ] GC(205) DefNew: 140046K(157248K)->270K(157248K) Eden: 139776K(139776K)->0K(139776K) From: 270K(17472K)->270K(17472K)
[31.396s][info][gc,heap        ] GC(205) Tenured: 11922K(349568K)->11939K(349568K)
[31.396s][info][gc,metaspace   ] GC(205) Metaspace: 14236K(15168K)->14236K(15168K) NonClass: 12276K(12864K)->12276K(12864K) Class: 1959K(2304K)->1959K(2304K)
[31.396s][info][gc             ] GC(205) Pause Young (Allocation Failure) 148M->11M(494M) 20.394ms
[31.396s][info][gc,cpu         ] GC(205) User=0.02s Sys=0.00s Real=0.02s
[31.505s][info][gc,start       ] GC(206) Pause Young (Allocation Failure)
[31.520s][info][gc,heap        ] GC(206) DefNew: 140046K(157248K)->271K(157248K) Eden: 139776K(139776K)->0K(139776K) From: 270K(17472K)->271K(17472K)
[31.520s][info][gc,heap        ] GC(206) Tenured: 11939K(349568K)->11957K(349568K)
[31.520s][info][gc,metaspace   ] GC(206) Metaspace: 14236K(15168K)->14236K(15168K) NonClass: 12276K(12864K)->12276K(12864K) Class: 1959K(2304K)->1959K(2304K)
[31.520s][info][gc             ] GC(206) Pause Young (Allocation Failure) 148M->11M(494M) 15.321ms
[31.520s][info][gc,cpu         ] GC(206) User=0.02s Sys=0.00s Real=0.02s
[31.626s][info][gc,start       ] GC(207) Pause Young (Allocation Failure)
[31.646s][info][gc,heap        ] GC(207) DefNew: 140047K(157248K)->273K(157248K) Eden: 139776K(139776K)->0K(139776K) From: 271K(17472K)->273K(17472K)
[31.646s][info][gc,heap        ] GC(207) Tenured: 11957K(349568K)->11975K(349568K)
[31.646s][info][gc,metaspace   ] GC(207) Metaspace: 14236K(15168K)->14236K(15168K) NonClass: 12276K(12864K)->12276K(12864K) Class: 1959K(2304K)->1959K(2304K)
[31.646s][info][gc             ] GC(207) Pause Young (Allocation Failure) 148M->11M(494M) 19.852ms
[31.646s][info][gc,cpu         ] GC(207) User=0.02s Sys=0.00s Real=0.02s
[31.753s][info][gc,start       ] GC(208) Pause Young (Allocation Failure)
[31.774s][info][gc,heap        ] GC(208) DefNew: 140049K(157248K)->272K(157248K) Eden: 139776K(139776K)->0K(139776K) From: 273K(17472K)->272K(17472K)
[31.774s][info][gc,heap        ] GC(208) Tenured: 11975K(349568K)->11992K(349568K)
[31.774s][info][gc,metaspace   ] GC(208) Metaspace: 14236K(15168K)->14236K(15168K) NonClass: 12276K(12864K)->12276K(12864K) Class: 1959K(2304K)->1959K(2304K)
[31.774s][info][gc             ] GC(208) Pause Young (Allocation Failure) 148M->11M(494M) 20.131ms
[31.774s][info][gc,cpu         ] GC(208) User=0.03s Sys=0.00s Real=0.02s
[31.881s][info][gc,start       ] GC(209) Pause Young (Allocation Failure)
[31.902s][info][gc,heap        ] GC(209) DefNew: 140048K(157248K)->272K(157248K) Eden: 139776K(139776K)->0K(139776K) From: 272K(17472K)->272K(17472K)
[31.902s][info][gc,heap        ] GC(209) Tenured: 11992K(349568K)->12010K(349568K)
[31.902s][info][gc,metaspace   ] GC(209) Metaspace: 14236K(15168K)->14236K(15168K) NonClass: 12276K(12864K)->12276K(12864K) Class: 1959K(2304K)->1959K(2304K)
[31.902s][info][gc             ] GC(209) Pause Young (Allocation Failure) 148M->11M(494M) 20.369ms
[31.902s][info][gc,cpu         ] GC(209) User=0.03s Sys=0.00s Real=0.02s
[32.008s][info][gc,start       ] GC(210) Pause Young (Allocation Failure)
[32.029s][info][gc,heap        ] GC(210) DefNew: 140048K(157248K)->271K(157248K) Eden: 139776K(139776K)->0K(139776K) From: 272K(17472K)->271K(17472K)
[32.029s][info][gc,heap        ] GC(210) Tenured: 12010K(349568K)->12028K(349568K)
[32.029s][info][gc,metaspace   ] GC(210) Metaspace: 14236K(15168K)->14236K(15168K) NonClass: 12276K(12864K)->12276K(12864K) Class: 1959K(2304K)->1959K(2304K)
[32.029s][info][gc             ] GC(210) Pause Young (Allocation Failure) 148M->12M(494M) 20.817ms
[32.029s][info][gc,cpu         ] GC(210) User=0.00s Sys=0.00s Real=0.01s
[32.137s][info][gc,start       ] GC(211) Pause Young (Allocation Failure)
[32.159s][info][gc,heap        ] GC(211) DefNew: 140047K(157248K)->273K(157248K) Eden: 139776K(139776K)->0K(139776K) From: 271K(17472K)->273K(17472K)
[32.159s][info][gc,heap        ] GC(211) Tenured: 12028K(349568K)->12046K(349568K)
[32.159s][info][gc,metaspace   ] GC(211) Metaspace: 14236K(15168K)->14236K(15168K) NonClass: 12276K(12864K)->12276K(12864K) Class: 1959K(2304K)->1959K(2304K)
[32.159s][info][gc             ] GC(211) Pause Young (Allocation Failure) 148M->12M(494M) 21.930ms
[32.159s][info][gc,cpu         ] GC(211) User=0.02s Sys=0.00s Real=0.02s
[32.267s][info][gc,start       ] GC(212) Pause Young (Allocation Failure)
[32.284s][info][gc,heap        ] GC(212) DefNew: 140049K(157248K)->272K(157248K) Eden: 139776K(139776K)->0K(139776K) From: 273K(17472K)->272K(17472K)
[32.284s][info][gc,heap        ] GC(212) Tenured: 12046K(349568K)->12063K(349568K)
[32.284s][info][gc,metaspace   ] GC(212) Metaspace: 14236K(15168K)->14236K(15168K) NonClass: 12276K(12864K)->12276K(12864K) Class: 1959K(2304K)->1959K(2304K)
[32.284s][info][gc             ] GC(212) Pause Young (Allocation Failure) 148M->12M(494M) 16.546ms
[32.284s][info][gc,cpu         ] GC(212) User=0.02s Sys=0.00s Real=0.02s
[32.521s][info][gc,start       ] GC(213) Pause Young (Allocation Failure)
[32.543s][info][gc,heap        ] GC(213) DefNew: 140048K(157248K)->272K(157248K) Eden: 139776K(139776K)->0K(139776K) From: 272K(17472K)->272K(17472K)
[32.543s][info][gc,heap        ] GC(213) Tenured: 12063K(349568K)->12081K(349568K)
[32.543s][info][gc,metaspace   ] GC(213) Metaspace: 14236K(15168K)->14236K(15168K) NonClass: 12276K(12864K)->12276K(12864K) Class: 1959K(2304K)->1959K(2304K)
[32.543s][info][gc             ] GC(213) Pause Young (Allocation Failure) 148M->12M(494M) 21.904ms
[32.543s][info][gc,cpu         ] GC(213) User=0.03s Sys=0.00s Real=0.02s
[32.658s][info][gc,start       ] GC(214) Pause Young (Allocation Failure)
[32.674s][info][gc,heap        ] GC(214) DefNew: 140048K(157248K)->272K(157248K) Eden: 139776K(139776K)->0K(139776K) From: 272K(17472K)->272K(17472K)
[32.674s][info][gc,heap        ] GC(214) Tenured: 12081K(349568K)->12099K(349568K)
[32.674s][info][gc,metaspace   ] GC(214) Metaspace: 14236K(15168K)->14236K(15168K) NonClass: 12276K(12864K)->12276K(12864K) Class: 1959K(2304K)->1959K(2304K)
[32.674s][info][gc             ] GC(214) Pause Young (Allocation Failure) 148M->12M(494M) 15.743ms
[32.674s][info][gc,cpu         ] GC(214) User=0.02s Sys=0.00s Real=0.02s
[32.784s][info][gc,start       ] GC(215) Pause Young (Allocation Failure)
[32.804s][info][gc,heap        ] GC(215) DefNew: 140048K(157248K)->272K(157248K) Eden: 139776K(139776K)->0K(139776K) From: 272K(17472K)->272K(17472K)
[32.804s][info][gc,heap        ] GC(215) Tenured: 12099K(349568K)->12116K(349568K)
[32.804s][info][gc,metaspace   ] GC(215) Metaspace: 14236K(15168K)->14236K(15168K) NonClass: 12276K(12864K)->12276K(12864K) Class: 1959K(2304K)->1959K(2304K)
[32.804s][info][gc             ] GC(215) Pause Young (Allocation Failure) 148M->12M(494M) 19.299ms
[32.804s][info][gc,cpu         ] GC(215) User=0.03s Sys=0.00s Real=0.02s
[32.915s][info][gc,start       ] GC(216) Pause Young (Allocation Failure)
[32.933s][info][gc,heap        ] GC(216) DefNew: 140048K(157248K)->276K(157248K) Eden: 139776K(139776K)->0K(139776K) From: 272K(17472K)->276K(17472K)
[32.933s][info][gc,heap        ] GC(216) Tenured: 12116K(349568K)->12134K(349568K)
[32.933s][info][gc,metaspace   ] GC(216) Metaspace: 14236K(15168K)->14236K(15168K) NonClass: 12276K(12864K)->12276K(12864K) Class: 1959K(2304K)->1959K(2304K)
[32.933s][info][gc             ] GC(216) Pause Young (Allocation Failure) 148M->12M(494M) 18.306ms
[32.933s][info][gc,cpu         ] GC(216) User=0.02s Sys=0.00s Real=0.02s
[33.045s][info][gc,start       ] GC(217) Pause Young (Allocation Failure)
[33.061s][info][gc,heap        ] GC(217) DefNew: 140052K(157248K)->277K(157248K) Eden: 139776K(139776K)->0K(139776K) From: 276K(17472K)->277K(17472K)
[33.061s][info][gc,heap        ] GC(217) Tenured: 12134K(349568K)->12152K(349568K)
[33.061s][info][gc,metaspace   ] GC(217) Metaspace: 14236K(15168K)->14236K(15168K) NonClass: 12276K(12864K)->12276K(12864K) Class: 1959K(2304K)->1959K(2304K)
[33.061s][info][gc             ] GC(217) Pause Young (Allocation Failure) 148M->12M(494M) 16.142ms
[33.061s][info][gc,cpu         ] GC(217) User=0.02s Sys=0.00s Real=0.02s
[33.182s][info][gc,start       ] GC(218) Pause Young (Allocation Failure)
[33.196s][info][gc,heap        ] GC(218) DefNew: 140053K(157248K)->284K(157248K) Eden: 139776K(139776K)->0K(139776K) From: 277K(17472K)->284K(17472K)
[33.196s][info][gc,heap        ] GC(218) Tenured: 12152K(349568K)->12166K(349568K)
[33.196s][info][gc,metaspace   ] GC(218) Metaspace: 14236K(15168K)->14236K(15168K) NonClass: 12276K(12864K)->12276K(12864K) Class: 1959K(2304K)->1959K(2304K)
[33.196s][info][gc             ] GC(218) Pause Young (Allocation Failure) 148M->12M(494M) 14.317ms
[33.196s][info][gc,cpu         ] GC(218) User=0.02s Sys=0.00s Real=0.01s
[33.308s][info][gc,start       ] GC(219) Pause Young (Allocation Failure)
[33.323s][info][gc,heap        ] GC(219) DefNew: 140060K(157248K)->283K(157248K) Eden: 139776K(139776K)->0K(139776K) From: 284K(17472K)->283K(17472K)
[33.323s][info][gc,heap        ] GC(219) Tenured: 12166K(349568K)->12184K(349568K)
[33.323s][info][gc,metaspace   ] GC(219) Metaspace: 14236K(15168K)->14236K(15168K) NonClass: 12276K(12864K)->12276K(12864K) Class: 1959K(2304K)->1959K(2304K)
[33.323s][info][gc             ] GC(219) Pause Young (Allocation Failure) 148M->12M(494M) 14.916ms
[33.323s][info][gc,cpu         ] GC(219) User=0.00s Sys=0.00s Real=0.00s
[33.428s][info][gc,start       ] GC(220) Pause Young (Allocation Failure)
[33.444s][info][gc,heap        ] GC(220) DefNew: 140059K(157248K)->283K(157248K) Eden: 139776K(139776K)->0K(139776K) From: 283K(17472K)->283K(17472K)
[33.444s][info][gc,heap        ] GC(220) Tenured: 12184K(349568K)->12202K(349568K)
[33.444s][info][gc,metaspace   ] GC(220) Metaspace: 14236K(15168K)->14236K(15168K) NonClass: 12276K(12864K)->12276K(12864K) Class: 1959K(2304K)->1959K(2304K)
[33.444s][info][gc             ] GC(220) Pause Young (Allocation Failure) 148M->12M(494M) 15.973ms
[33.444s][info][gc,cpu         ] GC(220) User=0.02s Sys=0.00s Real=0.02s
[33.547s][info][gc,start       ] GC(221) Pause Young (Allocation Failure)
[33.564s][info][gc,heap        ] GC(221) DefNew: 140059K(157248K)->284K(157248K) Eden: 139775K(139776K)->0K(139776K) From: 283K(17472K)->284K(17472K)
[33.564s][info][gc,heap        ] GC(221) Tenured: 12202K(349568K)->12219K(349568K)
[33.564s][info][gc,metaspace   ] GC(221) Metaspace: 14236K(15168K)->14236K(15168K) NonClass: 12276K(12864K)->12276K(12864K) Class: 1959K(2304K)->1959K(2304K)
[33.564s][info][gc             ] GC(221) Pause Young (Allocation Failure) 148M->12M(494M) 16.460ms
[33.564s][info][gc,cpu         ] GC(221) User=0.02s Sys=0.00s Real=0.01s
[33.669s][info][gc,start       ] GC(222) Pause Young (Allocation Failure)
[33.682s][info][gc,heap        ] GC(222) DefNew: 140060K(157248K)->281K(157248K) Eden: 139776K(139776K)->0K(139776K) From: 284K(17472K)->281K(17472K)
[33.682s][info][gc,heap        ] GC(222) Tenured: 12219K(349568K)->12239K(349568K)
[33.682s][info][gc,metaspace   ] GC(222) Metaspace: 14236K(15168K)->14236K(15168K) NonClass: 12276K(12864K)->12276K(12864K) Class: 1959K(2304K)->1959K(2304K)
[33.682s][info][gc             ] GC(222) Pause Young (Allocation Failure) 148M->12M(494M) 12.778ms
[33.682s][info][gc,cpu         ] GC(222) User=0.02s Sys=0.00s Real=0.01s
[33.788s][info][gc,start       ] GC(223) Pause Young (Allocation Failure)
[33.804s][info][gc,heap        ] GC(223) DefNew: 140057K(157248K)->281K(157248K) Eden: 139776K(139776K)->0K(139776K) From: 281K(17472K)->281K(17472K)
[33.804s][info][gc,heap        ] GC(223) Tenured: 12239K(349568K)->12257K(349568K)
[33.804s][info][gc,metaspace   ] GC(223) Metaspace: 14236K(15168K)->14236K(15168K) NonClass: 12276K(12864K)->12276K(12864K) Class: 1959K(2304K)->1959K(2304K)
[33.804s][info][gc             ] GC(223) Pause Young (Allocation Failure) 148M->12M(494M) 16.253ms
[33.804s][info][gc,cpu         ] GC(223) User=0.00s Sys=0.00s Real=0.00s
[33.911s][info][gc,start       ] GC(224) Pause Young (Allocation Failure)
[33.928s][info][gc,heap        ] GC(224) DefNew: 140057K(157248K)->282K(157248K) Eden: 139776K(139776K)->0K(139776K) From: 281K(17472K)->282K(17472K)
[33.928s][info][gc,heap        ] GC(224) Tenured: 12257K(349568K)->12274K(349568K)
[33.928s][info][gc,metaspace   ] GC(224) Metaspace: 14236K(15168K)->14236K(15168K) NonClass: 12276K(12864K)->12276K(12864K) Class: 1959K(2304K)->1959K(2304K)
[33.928s][info][gc             ] GC(224) Pause Young (Allocation Failure) 148M->12M(494M) 17.243ms
[33.928s][info][gc,cpu         ] GC(224) User=0.02s Sys=0.00s Real=0.00s
[34.034s][info][gc,start       ] GC(225) Pause Young (Allocation Failure)
[34.047s][info][gc,heap        ] GC(225) DefNew: 140058K(157248K)->281K(157248K) Eden: 139776K(139776K)->0K(139776K) From: 282K(17472K)->281K(17472K)
[34.047s][info][gc,heap        ] GC(225) Tenured: 12274K(349568K)->12292K(349568K)
[34.047s][info][gc,metaspace   ] GC(225) Metaspace: 14236K(15168K)->14236K(15168K) NonClass: 12276K(12864K)->12276K(12864K) Class: 1959K(2304K)->1959K(2304K)
[34.047s][info][gc             ] GC(225) Pause Young (Allocation Failure) 148M->12M(494M) 13.264ms
[34.047s][info][gc,cpu         ] GC(225) User=0.02s Sys=0.00s Real=0.01s
[34.152s][info][gc,start       ] GC(226) Pause Young (Allocation Failure)
[34.169s][info][gc,heap        ] GC(226) DefNew: 140057K(157248K)->282K(157248K) Eden: 139776K(139776K)->0K(139776K) From: 281K(17472K)->282K(17472K)
[34.169s][info][gc,heap        ] GC(226) Tenured: 12292K(349568K)->12309K(349568K)
[34.169s][info][gc,metaspace   ] GC(226) Metaspace: 14236K(15168K)->14236K(15168K) NonClass: 12276K(12864K)->12276K(12864K) Class: 1959K(2304K)->1959K(2304K)
[34.169s][info][gc             ] GC(226) Pause Young (Allocation Failure) 148M->12M(494M) 16.832ms
[34.169s][info][gc,cpu         ] GC(226) User=0.00s Sys=0.00s Real=0.00s
[34.276s][info][gc,start       ] GC(227) Pause Young (Allocation Failure)
[34.294s][info][gc,heap        ] GC(227) DefNew: 140058K(157248K)->282K(157248K) Eden: 139776K(139776K)->0K(139776K) From: 282K(17472K)->282K(17472K)
[34.294s][info][gc,heap        ] GC(227) Tenured: 12309K(349568K)->12327K(349568K)
[34.294s][info][gc,metaspace   ] GC(227) Metaspace: 14236K(15168K)->14236K(15168K) NonClass: 12276K(12864K)->12276K(12864K) Class: 1959K(2304K)->1959K(2304K)
[34.294s][info][gc             ] GC(227) Pause Young (Allocation Failure) 148M->12M(494M) 18.664ms
[34.294s][info][gc,cpu         ] GC(227) User=0.00s Sys=0.00s Real=0.01s
[34.401s][info][gc,start       ] GC(228) Pause Young (Allocation Failure)
[34.419s][info][gc,heap        ] GC(228) DefNew: 140058K(157248K)->282K(157248K) Eden: 139776K(139776K)->0K(139776K) From: 282K(17472K)->282K(17472K)
[34.419s][info][gc,heap        ] GC(228) Tenured: 12327K(349568K)->12345K(349568K)
[34.419s][info][gc,metaspace   ] GC(228) Metaspace: 14236K(15168K)->14236K(15168K) NonClass: 12276K(12864K)->12276K(12864K) Class: 1959K(2304K)->1959K(2304K)
[34.419s][info][gc             ] GC(228) Pause Young (Allocation Failure) 148M->12M(494M) 17.925ms
[34.419s][info][gc,cpu         ] GC(228) User=0.00s Sys=0.00s Real=0.00s
[34.527s][info][gc,start       ] GC(229) Pause Young (Allocation Failure)
[34.545s][info][gc,heap        ] GC(229) DefNew: 140058K(157248K)->283K(157248K) Eden: 139776K(139776K)->0K(139776K) From: 282K(17472K)->283K(17472K)
[34.545s][info][gc,heap        ] GC(229) Tenured: 12345K(349568K)->12363K(349568K)
[34.545s][info][gc,metaspace   ] GC(229) Metaspace: 14236K(15168K)->14236K(15168K) NonClass: 12276K(12864K)->12276K(12864K) Class: 1959K(2304K)->1959K(2304K)
[34.545s][info][gc             ] GC(229) Pause Young (Allocation Failure) 148M->12M(494M) 18.576ms
[34.545s][info][gc,cpu         ] GC(229) User=0.02s Sys=0.00s Real=0.02s
[34.650s][info][gc,start       ] GC(230) Pause Young (Allocation Failure)
[34.668s][info][gc,heap        ] GC(230) DefNew: 140059K(157248K)->279K(157248K) Eden: 139776K(139776K)->0K(139776K) From: 283K(17472K)->279K(17472K)
[34.668s][info][gc,heap        ] GC(230) Tenured: 12363K(349568K)->12380K(349568K)
[34.668s][info][gc,metaspace   ] GC(230) Metaspace: 14236K(15168K)->14236K(15168K) NonClass: 12276K(12864K)->12276K(12864K) Class: 1959K(2304K)->1959K(2304K)
[34.668s][info][gc             ] GC(230) Pause Young (Allocation Failure) 148M->12M(494M) 18.670ms
[34.668s][info][gc,cpu         ] GC(230) User=0.02s Sys=0.00s Real=0.02s
[34.775s][info][gc,start       ] GC(231) Pause Young (Allocation Failure)
[34.794s][info][gc,heap        ] GC(231) DefNew: 140055K(157248K)->277K(157248K) Eden: 139776K(139776K)->0K(139776K) From: 279K(17472K)->277K(17472K)
[34.794s][info][gc,heap        ] GC(231) Tenured: 12380K(349568K)->12400K(349568K)
[34.794s][info][gc,metaspace   ] GC(231) Metaspace: 14236K(15168K)->14236K(15168K) NonClass: 12276K(12864K)->12276K(12864K) Class: 1959K(2304K)->1959K(2304K)
[34.794s][info][gc             ] GC(231) Pause Young (Allocation Failure) 148M->12M(494M) 19.057ms
[34.794s][info][gc,cpu         ] GC(231) User=0.00s Sys=0.00s Real=0.01s
[34.901s][info][gc,start       ] GC(232) Pause Young (Allocation Failure)
[34.921s][info][gc,heap        ] GC(232) DefNew: 140053K(157248K)->274K(157248K) Eden: 139776K(139776K)->0K(139776K) From: 277K(17472K)->274K(17472K)
[34.921s][info][gc,heap        ] GC(232) Tenured: 12400K(349568K)->12421K(349568K)
[34.921s][info][gc,metaspace   ] GC(232) Metaspace: 14236K(15168K)->14236K(15168K) NonClass: 12276K(12864K)->12276K(12864K) Class: 1959K(2304K)->1959K(2304K)
[34.921s][info][gc             ] GC(232) Pause Young (Allocation Failure) 148M->12M(494M) 20.106ms
[34.921s][info][gc,cpu         ] GC(232) User=0.00s Sys=0.00s Real=0.01s
[35.029s][info][gc,start       ] GC(233) Pause Young (Allocation Failure)
[35.044s][info][gc,heap        ] GC(233) DefNew: 140019K(157248K)->271K(157248K) Eden: 139744K(139776K)->0K(139776K) From: 274K(17472K)->271K(17472K)
[35.044s][info][gc,heap        ] GC(233) Tenured: 12421K(349568K)->12442K(349568K)
[35.044s][info][gc,metaspace   ] GC(233) Metaspace: 14236K(15168K)->14236K(15168K) NonClass: 12276K(12864K)->12276K(12864K) Class: 1959K(2304K)->1959K(2304K)
[35.044s][info][gc             ] GC(233) Pause Young (Allocation Failure) 148M->12M(494M) 15.264ms
[35.044s][info][gc,cpu         ] GC(233) User=0.02s Sys=0.00s Real=0.01s
[35.150s][info][gc,start       ] GC(234) Pause Young (Allocation Failure)
[35.169s][info][gc,heap        ] GC(234) DefNew: 140047K(157248K)->272K(157248K) Eden: 139776K(139776K)->0K(139776K) From: 271K(17472K)->272K(17472K)
[35.169s][info][gc,heap        ] GC(234) Tenured: 12442K(349568K)->12459K(349568K)
[35.169s][info][gc,metaspace   ] GC(234) Metaspace: 14236K(15168K)->14236K(15168K) NonClass: 12276K(12864K)->12276K(12864K) Class: 1959K(2304K)->1959K(2304K)
[35.169s][info][gc             ] GC(234) Pause Young (Allocation Failure) 148M->12M(494M) 19.846ms
[35.170s][info][gc,cpu         ] GC(234) User=0.02s Sys=0.00s Real=0.02s
[35.277s][info][gc,start       ] GC(235) Pause Young (Allocation Failure)
[35.298s][info][gc,heap        ] GC(235) DefNew: 140048K(157248K)->272K(157248K) Eden: 139776K(139776K)->0K(139776K) From: 272K(17472K)->272K(17472K)
[35.298s][info][gc,heap        ] GC(235) Tenured: 12459K(349568K)->12477K(349568K)
[35.299s][info][gc,metaspace   ] GC(235) Metaspace: 14236K(15168K)->14236K(15168K) NonClass: 12276K(12864K)->12276K(12864K) Class: 1959K(2304K)->1959K(2304K)
[35.299s][info][gc             ] GC(235) Pause Young (Allocation Failure) 148M->12M(494M) 21.294ms
[35.299s][info][gc,cpu         ] GC(235) User=0.02s Sys=0.00s Real=0.02s
[35.407s][info][gc,start       ] GC(236) Pause Young (Allocation Failure)
[35.422s][info][gc,heap        ] GC(236) DefNew: 140048K(157248K)->271K(157248K) Eden: 139776K(139776K)->0K(139776K) From: 272K(17472K)->271K(17472K)
[35.422s][info][gc,heap        ] GC(236) Tenured: 12477K(349568K)->12495K(349568K)
[35.422s][info][gc,metaspace   ] GC(236) Metaspace: 14236K(15168K)->14236K(15168K) NonClass: 12276K(12864K)->12276K(12864K) Class: 1959K(2304K)->1959K(2304K)
[35.422s][info][gc             ] GC(236) Pause Young (Allocation Failure) 148M->12M(494M) 15.853ms
[35.422s][info][gc,cpu         ] GC(236) User=0.02s Sys=0.00s Real=0.02s
[35.527s][info][gc,start       ] GC(237) Pause Young (Allocation Failure)
[35.543s][info][gc,heap        ] GC(237) DefNew: 140047K(157248K)->272K(157248K) Eden: 139776K(139776K)->0K(139776K) From: 271K(17472K)->272K(17472K)
[35.543s][info][gc,heap        ] GC(237) Tenured: 12495K(349568K)->12512K(349568K)
[35.543s][info][gc,metaspace   ] GC(237) Metaspace: 14236K(15168K)->14236K(15168K) NonClass: 12276K(12864K)->12276K(12864K) Class: 1959K(2304K)->1959K(2304K)
[35.543s][info][gc             ] GC(237) Pause Young (Allocation Failure) 148M->12M(494M) 16.040ms
[35.543s][info][gc,cpu         ] GC(237) User=0.02s Sys=0.00s Real=0.02s
[35.650s][info][gc,start       ] GC(238) Pause Young (Allocation Failure)
[35.670s][info][gc,heap        ] GC(238) DefNew: 140048K(157248K)->271K(157248K) Eden: 139776K(139776K)->0K(139776K) From: 272K(17472K)->271K(17472K)
[35.670s][info][gc,heap        ] GC(238) Tenured: 12512K(349568K)->12530K(349568K)
[35.671s][info][gc,metaspace   ] GC(238) Metaspace: 14236K(15168K)->14236K(15168K) NonClass: 12276K(12864K)->12276K(12864K) Class: 1959K(2304K)->1959K(2304K)
[35.671s][info][gc             ] GC(238) Pause Young (Allocation Failure) 148M->12M(494M) 20.910ms
[35.671s][info][gc,cpu         ] GC(238) User=0.02s Sys=0.00s Real=0.02s
[35.778s][info][gc,start       ] GC(239) Pause Young (Allocation Failure)
[35.801s][info][gc,heap        ] GC(239) DefNew: 140047K(157248K)->271K(157248K) Eden: 139776K(139776K)->0K(139776K) From: 271K(17472K)->271K(17472K)
[35.801s][info][gc,heap        ] GC(239) Tenured: 12530K(349568K)->12548K(349568K)
[35.801s][info][gc,metaspace   ] GC(239) Metaspace: 14236K(15168K)->14236K(15168K) NonClass: 12276K(12864K)->12276K(12864K) Class: 1959K(2304K)->1959K(2304K)
[35.801s][info][gc             ] GC(239) Pause Young (Allocation Failure) 149M->12M(494M) 22.358ms
[35.801s][info][gc,cpu         ] GC(239) User=0.02s Sys=0.00s Real=0.02s
[35.908s][info][gc,start       ] GC(240) Pause Young (Allocation Failure)
[35.930s][info][gc,heap        ] GC(240) DefNew: 140047K(157248K)->271K(157248K) Eden: 139776K(139776K)->0K(139776K) From: 271K(17472K)->271K(17472K)
[35.930s][info][gc,heap        ] GC(240) Tenured: 12548K(349568K)->12565K(349568K)
[35.930s][info][gc,metaspace   ] GC(240) Metaspace: 14236K(15168K)->14236K(15168K) NonClass: 12276K(12864K)->12276K(12864K) Class: 1959K(2304K)->1959K(2304K)
[35.930s][info][gc             ] GC(240) Pause Young (Allocation Failure) 149M->12M(494M) 21.778ms
[35.930s][info][gc,cpu         ] GC(240) User=0.03s Sys=0.00s Real=0.02s
[36.038s][info][gc,start       ] GC(241) Pause Young (Allocation Failure)
[36.062s][info][gc,heap        ] GC(241) DefNew: 140047K(157248K)->271K(157248K) Eden: 139776K(139776K)->0K(139776K) From: 271K(17472K)->271K(17472K)
[36.062s][info][gc,heap        ] GC(241) Tenured: 12565K(349568K)->12583K(349568K)
[36.062s][info][gc,metaspace   ] GC(241) Metaspace: 14236K(15168K)->14236K(15168K) NonClass: 12276K(12864K)->12276K(12864K) Class: 1959K(2304K)->1959K(2304K)
[36.062s][info][gc             ] GC(241) Pause Young (Allocation Failure) 149M->12M(494M) 23.285ms
[36.062s][info][gc,cpu         ] GC(241) User=0.02s Sys=0.00s Real=0.02s
[36.170s][info][gc,start       ] GC(242) Pause Young (Allocation Failure)
[36.192s][info][gc,heap        ] GC(242) DefNew: 140047K(157248K)->271K(157248K) Eden: 139776K(139776K)->0K(139776K) From: 271K(17472K)->271K(17472K)
[36.192s][info][gc,heap        ] GC(242) Tenured: 12583K(349568K)->12601K(349568K)
[36.192s][info][gc,metaspace   ] GC(242) Metaspace: 14236K(15168K)->14236K(15168K) NonClass: 12276K(12864K)->12276K(12864K) Class: 1959K(2304K)->1959K(2304K)
[36.192s][info][gc             ] GC(242) Pause Young (Allocation Failure) 149M->12M(494M) 22.102ms
[36.192s][info][gc,cpu         ] GC(242) User=0.00s Sys=0.00s Real=0.01s
[36.300s][info][gc,start       ] GC(243) Pause Young (Allocation Failure)
[36.322s][info][gc,heap        ] GC(243) DefNew: 140047K(157248K)->272K(157248K) Eden: 139776K(139776K)->0K(139776K) From: 271K(17472K)->272K(17472K)
[36.322s][info][gc,heap        ] GC(243) Tenured: 12601K(349568K)->12619K(349568K)
[36.322s][info][gc,metaspace   ] GC(243) Metaspace: 14236K(15168K)->14236K(15168K) NonClass: 12276K(12864K)->12276K(12864K) Class: 1959K(2304K)->1959K(2304K)
[36.322s][info][gc             ] GC(243) Pause Young (Allocation Failure) 149M->12M(494M) 22.416ms
[36.322s][info][gc,cpu         ] GC(243) User=0.02s Sys=0.00s Real=0.02s
[36.430s][info][gc,start       ] GC(244) Pause Young (Allocation Failure)
[36.453s][info][gc,heap        ] GC(244) DefNew: 140048K(157248K)->272K(157248K) Eden: 139776K(139776K)->0K(139776K) From: 272K(17472K)->272K(17472K)
[36.453s][info][gc,heap        ] GC(244) Tenured: 12619K(349568K)->12637K(349568K)
[36.453s][info][gc,metaspace   ] GC(244) Metaspace: 14236K(15168K)->14236K(15168K) NonClass: 12276K(12864K)->12276K(12864K) Class: 1959K(2304K)->1959K(2304K)
[36.454s][info][gc             ] GC(244) Pause Young (Allocation Failure) 149M->12M(494M) 23.215ms
[36.454s][info][gc,cpu         ] GC(244) User=0.00s Sys=0.00s Real=0.01s
[36.636s][info][gc,start       ] GC(245) Pause Young (Allocation Failure)
[36.660s][info][gc,heap        ] GC(245) DefNew: 140048K(157248K)->274K(157248K) Eden: 139776K(139776K)->0K(139776K) From: 272K(17472K)->274K(17472K)
[36.660s][info][gc,heap        ] GC(245) Tenured: 12637K(349568K)->12652K(349568K)
[36.660s][info][gc,metaspace   ] GC(245) Metaspace: 14236K(15168K)->14236K(15168K) NonClass: 12276K(12864K)->12276K(12864K) Class: 1959K(2304K)->1959K(2304K)
[36.660s][info][gc             ] GC(245) Pause Young (Allocation Failure) 149M->12M(494M) 23.776ms
[36.660s][info][gc,cpu         ] GC(245) User=0.02s Sys=0.00s Real=0.01s
[36.776s][info][gc,start       ] GC(246) Pause Young (Allocation Failure)
[36.795s][info][gc,heap        ] GC(246) DefNew: 140050K(157248K)->276K(157248K) Eden: 139776K(139776K)->0K(139776K) From: 274K(17472K)->276K(17472K)
[36.795s][info][gc,heap        ] GC(246) Tenured: 12652K(349568K)->12670K(349568K)
[36.795s][info][gc,metaspace   ] GC(246) Metaspace: 14236K(15168K)->14236K(15168K) NonClass: 12276K(12864K)->12276K(12864K) Class: 1959K(2304K)->1959K(2304K)
[36.795s][info][gc             ] GC(246) Pause Young (Allocation Failure) 149M->12M(494M) 19.077ms
[36.795s][info][gc,cpu         ] GC(246) User=0.02s Sys=0.00s Real=0.02s
[36.907s][info][gc,start       ] GC(247) Pause Young (Allocation Failure)
[36.922s][info][gc,heap        ] GC(247) DefNew: 140052K(157248K)->272K(157248K) Eden: 139776K(139776K)->0K(139776K) From: 276K(17472K)->272K(17472K)
[36.922s][info][gc,heap        ] GC(247) Tenured: 12670K(349568K)->12687K(349568K)
[36.922s][info][gc,metaspace   ] GC(247) Metaspace: 14236K(15168K)->14236K(15168K) NonClass: 12276K(12864K)->12276K(12864K) Class: 1959K(2304K)->1959K(2304K)
[36.922s][info][gc             ] GC(247) Pause Young (Allocation Failure) 149M->12M(494M) 15.419ms
[36.922s][info][gc,cpu         ] GC(247) User=0.02s Sys=0.00s Real=0.01s
[37.035s][info][gc,start       ] GC(248) Pause Young (Allocation Failure)
[37.049s][info][gc,heap        ] GC(248) DefNew: 140048K(157248K)->271K(157248K) Eden: 139776K(139776K)->0K(139776K) From: 272K(17472K)->271K(17472K)
[37.049s][info][gc,heap        ] GC(248) Tenured: 12687K(349568K)->12705K(349568K)
[37.049s][info][gc,metaspace   ] GC(248) Metaspace: 14236K(15168K)->14236K(15168K) NonClass: 12276K(12864K)->12276K(12864K) Class: 1959K(2304K)->1959K(2304K)
[37.049s][info][gc             ] GC(248) Pause Young (Allocation Failure) 149M->12M(494M) 14.540ms
[37.049s][info][gc,cpu         ] GC(248) User=0.02s Sys=0.02s Real=0.00s
[37.161s][info][gc,start       ] GC(249) Pause Young (Allocation Failure)
[37.178s][info][gc,heap        ] GC(249) DefNew: 140047K(157248K)->274K(157248K) Eden: 139776K(139776K)->0K(139776K) From: 271K(17472K)->274K(17472K)
[37.178s][info][gc,heap        ] GC(249) Tenured: 12705K(349568K)->12723K(349568K)
[37.178s][info][gc,metaspace   ] GC(249) Metaspace: 14236K(15168K)->14236K(15168K) NonClass: 12276K(12864K)->12276K(12864K) Class: 1959K(2304K)->1959K(2304K)
[37.178s][info][gc             ] GC(249) Pause Young (Allocation Failure) 149M->12M(494M) 17.185ms
[37.178s][info][gc,cpu         ] GC(249) User=0.02s Sys=0.00s Real=0.02s
[37.298s][info][gc,start       ] GC(250) Pause Young (Allocation Failure)
[37.314s][info][gc,heap        ] GC(250) DefNew: 140050K(157248K)->276K(157248K) Eden: 139776K(139776K)->0K(139776K) From: 274K(17472K)->276K(17472K)
[37.314s][info][gc,heap        ] GC(250) Tenured: 12723K(349568K)->12740K(349568K)
[37.314s][info][gc,metaspace   ] GC(250) Metaspace: 14236K(15168K)->14236K(15168K) NonClass: 12276K(12864K)->12276K(12864K) Class: 1959K(2304K)->1959K(2304K)
[37.314s][info][gc             ] GC(250) Pause Young (Allocation Failure) 149M->12M(494M) 15.695ms
[37.314s][info][gc,cpu         ] GC(250) User=0.00s Sys=0.00s Real=0.00s
[37.426s][info][gc,start       ] GC(251) Pause Young (Allocation Failure)
[37.442s][info][gc,heap        ] GC(251) DefNew: 140052K(157248K)->275K(157248K) Eden: 139775K(139776K)->0K(139776K) From: 276K(17472K)->275K(17472K)
[37.442s][info][gc,heap        ] GC(251) Tenured: 12740K(349568K)->12758K(349568K)
[37.442s][info][gc,metaspace   ] GC(251) Metaspace: 14236K(15168K)->14236K(15168K) NonClass: 12276K(12864K)->12276K(12864K) Class: 1959K(2304K)->1959K(2304K)
[37.442s][info][gc             ] GC(251) Pause Young (Allocation Failure) 149M->12M(494M) 16.172ms
[37.442s][info][gc,cpu         ] GC(251) User=0.02s Sys=0.00s Real=0.00s
[37.547s][info][gc,start       ] GC(252) Pause Young (Allocation Failure)
[37.565s][info][gc,heap        ] GC(252) DefNew: 140051K(157248K)->276K(157248K) Eden: 139776K(139776K)->0K(139776K) From: 275K(17472K)->276K(17472K)
[37.565s][info][gc,heap        ] GC(252) Tenured: 12758K(349568K)->12776K(349568K)
[37.565s][info][gc,metaspace   ] GC(252) Metaspace: 14236K(15168K)->14236K(15168K) NonClass: 12276K(12864K)->12276K(12864K) Class: 1959K(2304K)->1959K(2304K)
[37.565s][info][gc             ] GC(252) Pause Young (Allocation Failure) 149M->12M(494M) 17.763ms
[37.565s][info][gc,cpu         ] GC(252) User=0.02s Sys=0.00s Real=0.01s
[37.670s][info][gc,start       ] GC(253) Pause Young (Allocation Failure)
[37.684s][info][gc,heap        ] GC(253) DefNew: 140052K(157248K)->275K(157248K) Eden: 139776K(139776K)->0K(139776K) From: 276K(17472K)->275K(17472K)
[37.684s][info][gc,heap        ] GC(253) Tenured: 12776K(349568K)->12794K(349568K)
[37.684s][info][gc,metaspace   ] GC(253) Metaspace: 14236K(15168K)->14236K(15168K) NonClass: 12276K(12864K)->12276K(12864K) Class: 1959K(2304K)->1959K(2304K)
[37.684s][info][gc             ] GC(253) Pause Young (Allocation Failure) 149M->12M(494M) 14.127ms
[37.684s][info][gc,cpu         ] GC(253) User=0.02s Sys=0.00s Real=0.01s
[37.789s][info][gc,start       ] GC(254) Pause Young (Allocation Failure)
[37.803s][info][gc,heap        ] GC(254) DefNew: 140051K(157248K)->275K(157248K) Eden: 139776K(139776K)->0K(139776K) From: 275K(17472K)->275K(17472K)
[37.803s][info][gc,heap        ] GC(254) Tenured: 12794K(349568K)->12812K(349568K)
[37.803s][info][gc,metaspace   ] GC(254) Metaspace: 14236K(15168K)->14236K(15168K) NonClass: 12276K(12864K)->12276K(12864K) Class: 1959K(2304K)->1959K(2304K)
[37.803s][info][gc             ] GC(254) Pause Young (Allocation Failure) 149M->12M(494M) 13.731ms
[37.803s][info][gc,cpu         ] GC(254) User=0.00s Sys=0.00s Real=0.01s
[37.909s][info][gc,start       ] GC(255) Pause Young (Allocation Failure)
[37.927s][info][gc,heap        ] GC(255) DefNew: 140051K(157248K)->276K(157248K) Eden: 139776K(139776K)->0K(139776K) From: 275K(17472K)->276K(17472K)
[37.927s][info][gc,heap        ] GC(255) Tenured: 12812K(349568K)->12829K(349568K)
[37.927s][info][gc,metaspace   ] GC(255) Metaspace: 14236K(15168K)->14236K(15168K) NonClass: 12276K(12864K)->12276K(12864K) Class: 1959K(2304K)->1959K(2304K)
[37.927s][info][gc             ] GC(255) Pause Young (Allocation Failure) 149M->12M(494M) 17.756ms
[37.927s][info][gc,cpu         ] GC(255) User=0.02s Sys=0.00s Real=0.02s
[38.032s][info][gc,start       ] GC(256) Pause Young (Allocation Failure)
[38.050s][info][gc,heap        ] GC(256) DefNew: 140052K(157248K)->278K(157248K) Eden: 139776K(139776K)->0K(139776K) From: 276K(17472K)->278K(17472K)
[38.050s][info][gc,heap        ] GC(256) Tenured: 12829K(349568K)->12847K(349568K)
[38.050s][info][gc,metaspace   ] GC(256) Metaspace: 14236K(15168K)->14236K(15168K) NonClass: 12276K(12864K)->12276K(12864K) Class: 1959K(2304K)->1959K(2304K)
[38.051s][info][gc             ] GC(256) Pause Young (Allocation Failure) 149M->12M(494M) 18.649ms
[38.051s][info][gc,cpu         ] GC(256) User=0.02s Sys=0.00s Real=0.02s
[38.158s][info][gc,start       ] GC(257) Pause Young (Allocation Failure)
[38.175s][info][gc,heap        ] GC(257) DefNew: 140054K(157248K)->275K(157248K) Eden: 139776K(139776K)->0K(139776K) From: 278K(17472K)->275K(17472K)
[38.175s][info][gc,heap        ] GC(257) Tenured: 12847K(349568K)->12865K(349568K)
[38.175s][info][gc,metaspace   ] GC(257) Metaspace: 14236K(15168K)->14236K(15168K) NonClass: 12276K(12864K)->12276K(12864K) Class: 1959K(2304K)->1959K(2304K)
[38.175s][info][gc             ] GC(257) Pause Young (Allocation Failure) 149M->12M(494M) 17.522ms
[38.175s][info][gc,cpu         ] GC(257) User=0.02s Sys=0.00s Real=0.01s
[38.283s][info][gc,start       ] GC(258) Pause Young (Allocation Failure)
[38.302s][info][gc,heap        ] GC(258) DefNew: 140051K(157248K)->275K(157248K) Eden: 139776K(139776K)->0K(139776K) From: 275K(17472K)->275K(17472K)
[38.302s][info][gc,heap        ] GC(258) Tenured: 12865K(349568K)->12883K(349568K)
[38.302s][info][gc,metaspace   ] GC(258) Metaspace: 14236K(15168K)->14236K(15168K) NonClass: 12276K(12864K)->12276K(12864K) Class: 1959K(2304K)->1959K(2304K)
[38.302s][info][gc             ] GC(258) Pause Young (Allocation Failure) 149M->12M(494M) 18.759ms
[38.302s][info][gc,cpu         ] GC(258) User=0.02s Sys=0.00s Real=0.02s
[38.408s][info][gc,start       ] GC(259) Pause Young (Allocation Failure)
[38.428s][info][gc,heap        ] GC(259) DefNew: 140051K(157248K)->275K(157248K) Eden: 139776K(139776K)->0K(139776K) From: 275K(17472K)->275K(17472K)
[38.428s][info][gc,heap        ] GC(259) Tenured: 12883K(349568K)->12900K(349568K)
[38.428s][info][gc,metaspace   ] GC(259) Metaspace: 14236K(15168K)->14236K(15168K) NonClass: 12276K(12864K)->12276K(12864K) Class: 1959K(2304K)->1959K(2304K)
[38.428s][info][gc             ] GC(259) Pause Young (Allocation Failure) 149M->12M(494M) 19.972ms
[38.428s][info][gc,cpu         ] GC(259) User=0.02s Sys=0.00s Real=0.02s
[38.535s][info][gc,start       ] GC(260) Pause Young (Allocation Failure)
[38.550s][info][gc,heap        ] GC(260) DefNew: 140051K(157248K)->274K(157248K) Eden: 139776K(139776K)->0K(139776K) From: 275K(17472K)->274K(17472K)
[38.550s][info][gc,heap        ] GC(260) Tenured: 12900K(349568K)->12918K(349568K)
[38.551s][info][gc,metaspace   ] GC(260) Metaspace: 14236K(15168K)->14236K(15168K) NonClass: 12276K(12864K)->12276K(12864K) Class: 1959K(2304K)->1959K(2304K)
[38.551s][info][gc             ] GC(260) Pause Young (Allocation Failure) 149M->12M(494M) 15.126ms
[38.551s][info][gc,cpu         ] GC(260) User=0.02s Sys=0.00s Real=0.01s
[38.657s][info][gc,start       ] GC(261) Pause Young (Allocation Failure)
[38.677s][info][gc,heap        ] GC(261) DefNew: 140050K(157248K)->276K(157248K) Eden: 139776K(139776K)->0K(139776K) From: 274K(17472K)->276K(17472K)
[38.677s][info][gc,heap        ] GC(261) Tenured: 12918K(349568K)->12936K(349568K)
[38.677s][info][gc,metaspace   ] GC(261) Metaspace: 14236K(15168K)->14236K(15168K) NonClass: 12276K(12864K)->12276K(12864K) Class: 1959K(2304K)->1959K(2304K)
[38.677s][info][gc             ] GC(261) Pause Young (Allocation Failure) 149M->12M(494M) 19.494ms
[38.677s][info][gc,cpu         ] GC(261) User=0.02s Sys=0.00s Real=0.01s
[38.783s][info][gc,start       ] GC(262) Pause Young (Allocation Failure)
[38.803s][info][gc,heap        ] GC(262) DefNew: 140052K(157248K)->278K(157248K) Eden: 139776K(139776K)->0K(139776K) From: 276K(17472K)->278K(17472K)
[38.803s][info][gc,heap        ] GC(262) Tenured: 12936K(349568K)->12951K(349568K)
[38.803s][info][gc,metaspace   ] GC(262) Metaspace: 14236K(15168K)->14236K(15168K) NonClass: 12276K(12864K)->12276K(12864K) Class: 1959K(2304K)->1959K(2304K)
[38.803s][info][gc             ] GC(262) Pause Young (Allocation Failure) 149M->12M(494M) 20.010ms
[38.803s][info][gc,cpu         ] GC(262) User=0.02s Sys=0.00s Real=0.02s
[38.911s][info][gc,start       ] GC(263) Pause Young (Allocation Failure)
[38.932s][info][gc,heap        ] GC(263) DefNew: 140054K(157248K)->278K(157248K) Eden: 139776K(139776K)->0K(139776K) From: 278K(17472K)->278K(17472K)
[38.932s][info][gc,heap        ] GC(263) Tenured: 12951K(349568K)->12968K(349568K)
[38.932s][info][gc,metaspace   ] GC(263) Metaspace: 14236K(15168K)->14236K(15168K) NonClass: 12276K(12864K)->12276K(12864K) Class: 1959K(2304K)->1959K(2304K)
[38.932s][info][gc             ] GC(263) Pause Young (Allocation Failure) 149M->12M(494M) 20.327ms
[38.932s][info][gc,cpu         ] GC(263) User=0.03s Sys=0.00s Real=0.02s
[39.038s][info][gc,start       ] GC(264) Pause Young (Allocation Failure)
[39.060s][info][gc,heap        ] GC(264) DefNew: 140054K(157248K)->275K(157248K) Eden: 139776K(139776K)->0K(139776K) From: 278K(17472K)->275K(17472K)
[39.060s][info][gc,heap        ] GC(264) Tenured: 12968K(349568K)->12990K(349568K)
[39.060s][info][gc,metaspace   ] GC(264) Metaspace: 14236K(15168K)->14236K(15168K) NonClass: 12276K(12864K)->12276K(12864K) Class: 1959K(2304K)->1959K(2304K)
[39.060s][info][gc             ] GC(264) Pause Young (Allocation Failure) 149M->12M(494M) 21.652ms
[39.060s][info][gc,cpu         ] GC(264) User=0.02s Sys=0.00s Real=0.02s
[39.167s][info][gc,start       ] GC(265) Pause Young (Allocation Failure)
[39.188s][info][gc,heap        ] GC(265) DefNew: 140051K(157248K)->274K(157248K) Eden: 139776K(139776K)->0K(139776K) From: 275K(17472K)->274K(17472K)
[39.188s][info][gc,heap        ] GC(265) Tenured: 12990K(349568K)->13008K(349568K)
[39.188s][info][gc,metaspace   ] GC(265) Metaspace: 14236K(15168K)->14236K(15168K) NonClass: 12276K(12864K)->12276K(12864K) Class: 1959K(2304K)->1959K(2304K)
[39.188s][info][gc             ] GC(265) Pause Young (Allocation Failure) 149M->12M(494M) 21.207ms
[39.188s][info][gc,cpu         ] GC(265) User=0.02s Sys=0.00s Real=0.02s
[39.296s][info][gc,start       ] GC(266) Pause Young (Allocation Failure)
[39.317s][info][gc,heap        ] GC(266) DefNew: 140050K(157248K)->274K(157248K) Eden: 139776K(139776K)->0K(139776K) From: 274K(17472K)->274K(17472K)
[39.317s][info][gc,heap        ] GC(266) Tenured: 13008K(349568K)->13026K(349568K)
[39.317s][info][gc,metaspace   ] GC(266) Metaspace: 14236K(15168K)->14236K(15168K) NonClass: 12276K(12864K)->12276K(12864K) Class: 1959K(2304K)->1959K(2304K)
[39.317s][info][gc             ] GC(266) Pause Young (Allocation Failure) 149M->12M(494M) 21.110ms
[39.317s][info][gc,cpu         ] GC(266) User=0.00s Sys=0.00s Real=0.01s
[39.424s][info][gc,start       ] GC(267) Pause Young (Allocation Failure)
[39.445s][info][gc,heap        ] GC(267) DefNew: 140050K(157248K)->274K(157248K) Eden: 139776K(139776K)->0K(139776K) From: 274K(17472K)->274K(17472K)
[39.445s][info][gc,heap        ] GC(267) Tenured: 13026K(349568K)->13043K(349568K)
[39.445s][info][gc,metaspace   ] GC(267) Metaspace: 14236K(15168K)->14236K(15168K) NonClass: 12276K(12864K)->12276K(12864K) Class: 1959K(2304K)->1959K(2304K)
[39.445s][info][gc             ] GC(267) Pause Young (Allocation Failure) 149M->13M(494M) 21.492ms
[39.445s][info][gc,cpu         ] GC(267) User=0.02s Sys=0.00s Real=0.01s
[39.553s][info][gc,start       ] GC(268) Pause Young (Allocation Failure)
[39.612s][info][gc,heap        ] GC(268) DefNew: 140050K(157248K)->274K(157248K) Eden: 139776K(139776K)->0K(139776K) From: 274K(17472K)->274K(17472K)
[39.612s][info][gc,heap        ] GC(268) Tenured: 13043K(349568K)->13061K(349568K)
[39.612s][info][gc,metaspace   ] GC(268) Metaspace: 14236K(15168K)->14236K(15168K) NonClass: 12276K(12864K)->12276K(12864K) Class: 1959K(2304K)->1959K(2304K)
[39.613s][info][gc             ] GC(268) Pause Young (Allocation Failure) 149M->13M(494M) 59.867ms
[39.613s][info][gc,cpu         ] GC(268) User=0.03s Sys=0.00s Real=0.05s
[39.725s][info][gc,start       ] GC(269) Pause Young (Allocation Failure)
[39.747s][info][gc,heap        ] GC(269) DefNew: 140050K(157248K)->276K(157248K) Eden: 139776K(139776K)->0K(139776K) From: 274K(17472K)->276K(17472K)
[39.747s][info][gc,heap        ] GC(269) Tenured: 13061K(349568K)->13079K(349568K)
[39.747s][info][gc,metaspace   ] GC(269) Metaspace: 14236K(15168K)->14236K(15168K) NonClass: 12276K(12864K)->12276K(12864K) Class: 1959K(2304K)->1959K(2304K)
[39.747s][info][gc             ] GC(269) Pause Young (Allocation Failure) 149M->13M(494M) 22.201ms
[39.747s][info][gc,cpu         ] GC(269) User=0.03s Sys=0.00s Real=0.02s
[39.854s][info][gc,start       ] GC(270) Pause Young (Allocation Failure)
[39.877s][info][gc,heap        ] GC(270) DefNew: 140052K(157248K)->276K(157248K) Eden: 139776K(139776K)->0K(139776K) From: 276K(17472K)->276K(17472K)
[39.877s][info][gc,heap        ] GC(270) Tenured: 13079K(349568K)->13097K(349568K)
[39.877s][info][gc,metaspace   ] GC(270) Metaspace: 14236K(15168K)->14236K(15168K) NonClass: 12276K(12864K)->12276K(12864K) Class: 1959K(2304K)->1959K(2304K)
[39.877s][info][gc             ] GC(270) Pause Young (Allocation Failure) 149M->13M(494M) 23.364ms
[39.877s][info][gc,cpu         ] GC(270) User=0.02s Sys=0.00s Real=0.02s
[39.985s][info][gc,start       ] GC(271) Pause Young (Allocation Failure)
[40.007s][info][gc,heap        ] GC(271) DefNew: 140052K(157248K)->276K(157248K) Eden: 139776K(139776K)->0K(139776K) From: 276K(17472K)->276K(17472K)
[40.008s][info][gc,heap        ] GC(271) Tenured: 13097K(349568K)->13114K(349568K)
[40.008s][info][gc,metaspace   ] GC(271) Metaspace: 14236K(15168K)->14236K(15168K) NonClass: 12276K(12864K)->12276K(12864K) Class: 1959K(2304K)->1959K(2304K)
[40.008s][info][gc             ] GC(271) Pause Young (Allocation Failure) 149M->13M(494M) 22.441ms
[40.008s][info][gc,cpu         ] GC(271) User=0.03s Sys=0.00s Real=0.02s
[40.115s][info][gc,start       ] GC(272) Pause Young (Allocation Failure)
[40.137s][info][gc,heap        ] GC(272) DefNew: 140052K(157248K)->276K(157248K) Eden: 139776K(139776K)->0K(139776K) From: 276K(17472K)->276K(17472K)
[40.137s][info][gc,heap        ] GC(272) Tenured: 13114K(349568K)->13132K(349568K)
[40.137s][info][gc,metaspace   ] GC(272) Metaspace: 14236K(15168K)->14236K(15168K) NonClass: 12276K(12864K)->12276K(12864K) Class: 1959K(2304K)->1959K(2304K)
[40.137s][info][gc             ] GC(272) Pause Young (Allocation Failure) 149M->13M(494M) 22.549ms
[40.138s][info][gc,cpu         ] GC(272) User=0.02s Sys=0.00s Real=0.01s
[40.246s][info][gc,start       ] GC(273) Pause Young (Allocation Failure)
[40.269s][info][gc,heap        ] GC(273) DefNew: 140052K(157248K)->276K(157248K) Eden: 139776K(139776K)->0K(139776K) From: 276K(17472K)->276K(17472K)
[40.269s][info][gc,heap        ] GC(273) Tenured: 13132K(349568K)->13150K(349568K)
[40.269s][info][gc,metaspace   ] GC(273) Metaspace: 14236K(15168K)->14236K(15168K) NonClass: 12276K(12864K)->12276K(12864K) Class: 1959K(2304K)->1959K(2304K)
[40.269s][info][gc             ] GC(273) Pause Young (Allocation Failure) 149M->13M(494M) 22.828ms
[40.269s][info][gc,cpu         ] GC(273) User=0.02s Sys=0.00s Real=0.02s
[40.378s][info][gc,start       ] GC(274) Pause Young (Allocation Failure)
[40.401s][info][gc,heap        ] GC(274) DefNew: 140052K(157248K)->276K(157248K) Eden: 139776K(139776K)->0K(139776K) From: 276K(17472K)->276K(17472K)
[40.401s][info][gc,heap        ] GC(274) Tenured: 13150K(349568K)->13167K(349568K)
[40.401s][info][gc,metaspace   ] GC(274) Metaspace: 14236K(15168K)->14236K(15168K) NonClass: 12276K(12864K)->12276K(12864K) Class: 1959K(2304K)->1959K(2304K)
[40.401s][info][gc             ] GC(274) Pause Young (Allocation Failure) 149M->13M(494M) 23.132ms
[40.401s][info][gc,cpu         ] GC(274) User=0.02s Sys=0.00s Real=0.02s
[40.508s][info][gc,start       ] GC(275) Pause Young (Allocation Failure)
[40.532s][info][gc,heap        ] GC(275) DefNew: 140052K(157248K)->277K(157248K) Eden: 139776K(139776K)->0K(139776K) From: 276K(17472K)->277K(17472K)
[40.532s][info][gc,heap        ] GC(275) Tenured: 13167K(349568K)->13185K(349568K)
[40.532s][info][gc,metaspace   ] GC(275) Metaspace: 14236K(15168K)->14236K(15168K) NonClass: 12276K(12864K)->12276K(12864K) Class: 1959K(2304K)->1959K(2304K)
[40.532s][info][gc             ] GC(275) Pause Young (Allocation Failure) 149M->13M(494M) 24.110ms
[40.532s][info][gc,cpu         ] GC(275) User=0.02s Sys=0.00s Real=0.02s
[40.727s][info][gc,start       ] GC(276) Pause Young (Allocation Failure)
[40.751s][info][gc,heap        ] GC(276) DefNew: 140053K(157248K)->277K(157248K) Eden: 139776K(139776K)->0K(139776K) From: 277K(17472K)->277K(17472K)
[40.751s][info][gc,heap        ] GC(276) Tenured: 13185K(349568K)->13203K(349568K)
[40.751s][info][gc,metaspace   ] GC(276) Metaspace: 14236K(15168K)->14236K(15168K) NonClass: 12276K(12864K)->12276K(12864K) Class: 1959K(2304K)->1959K(2304K)
[40.751s][info][gc             ] GC(276) Pause Young (Allocation Failure) 149M->13M(494M) 24.388ms
[40.751s][info][gc,cpu         ] GC(276) User=0.02s Sys=0.00s Real=0.02s
[40.868s][info][gc,start       ] GC(277) Pause Young (Allocation Failure)
[40.885s][info][gc,heap        ] GC(277) DefNew: 140053K(157248K)->279K(157248K) Eden: 139776K(139776K)->0K(139776K) From: 277K(17472K)->279K(17472K)
[40.885s][info][gc,heap        ] GC(277) Tenured: 13203K(349568K)->13221K(349568K)
[40.885s][info][gc,metaspace   ] GC(277) Metaspace: 14236K(15168K)->14236K(15168K) NonClass: 12276K(12864K)->12276K(12864K) Class: 1959K(2304K)->1959K(2304K)
[40.885s][info][gc             ] GC(277) Pause Young (Allocation Failure) 149M->13M(494M) 16.968ms
[40.885s][info][gc,cpu         ] GC(277) User=0.02s Sys=0.00s Real=0.02s
[40.998s][info][gc,start       ] GC(278) Pause Young (Allocation Failure)
[41.014s][info][gc,heap        ] GC(278) DefNew: 140055K(157248K)->280K(157248K) Eden: 139776K(139776K)->0K(139776K) From: 279K(17472K)->280K(17472K)
[41.014s][info][gc,heap        ] GC(278) Tenured: 13221K(349568K)->13238K(349568K)
[41.014s][info][gc,metaspace   ] GC(278) Metaspace: 14236K(15168K)->14236K(15168K) NonClass: 12276K(12864K)->12276K(12864K) Class: 1959K(2304K)->1959K(2304K)
[41.014s][info][gc             ] GC(278) Pause Young (Allocation Failure) 149M->13M(494M) 16.122ms
[41.014s][info][gc,cpu         ] GC(278) User=0.02s Sys=0.00s Real=0.01s
[41.125s][info][gc,start       ] GC(279) Pause Young (Allocation Failure)
[41.141s][info][gc,heap        ] GC(279) DefNew: 140056K(157248K)->280K(157248K) Eden: 139776K(139776K)->0K(139776K) From: 280K(17472K)->280K(17472K)
[41.141s][info][gc,heap        ] GC(279) Tenured: 13238K(349568K)->13256K(349568K)
[41.141s][info][gc,metaspace   ] GC(279) Metaspace: 14236K(15168K)->14236K(15168K) NonClass: 12276K(12864K)->12276K(12864K) Class: 1959K(2304K)->1959K(2304K)
[41.141s][info][gc             ] GC(279) Pause Young (Allocation Failure) 149M->13M(494M) 15.266ms
[41.141s][info][gc,cpu         ] GC(279) User=0.02s Sys=0.00s Real=0.01s
[41.265s][info][gc,start       ] GC(280) Pause Young (Allocation Failure)
[41.283s][info][gc,heap        ] GC(280) DefNew: 140056K(157248K)->283K(157248K) Eden: 139776K(139776K)->0K(139776K) From: 280K(17472K)->283K(17472K)
[41.283s][info][gc,heap        ] GC(280) Tenured: 13256K(349568K)->13274K(349568K)
[41.283s][info][gc,metaspace   ] GC(280) Metaspace: 14236K(15168K)->14236K(15168K) NonClass: 12276K(12864K)->12276K(12864K) Class: 1959K(2304K)->1959K(2304K)
[41.283s][info][gc             ] GC(280) Pause Young (Allocation Failure) 149M->13M(494M) 17.253ms
[41.283s][info][gc,cpu         ] GC(280) User=0.02s Sys=0.00s Real=0.01s
[41.397s][info][gc,start       ] GC(281) Pause Young (Allocation Failure)
[41.415s][info][gc,heap        ] GC(281) DefNew: 140059K(157248K)->286K(157248K) Eden: 139776K(139776K)->0K(139776K) From: 283K(17472K)->286K(17472K)
[41.415s][info][gc,heap        ] GC(281) Tenured: 13274K(349568K)->13292K(349568K)
[41.415s][info][gc,metaspace   ] GC(281) Metaspace: 14236K(15168K)->14236K(15168K) NonClass: 12276K(12864K)->12276K(12864K) Class: 1959K(2304K)->1959K(2304K)
[41.415s][info][gc             ] GC(281) Pause Young (Allocation Failure) 149M->13M(494M) 18.057ms
[41.415s][info][gc,cpu         ] GC(281) User=0.00s Sys=0.00s Real=0.01s
[41.522s][info][gc,start       ] GC(282) Pause Young (Allocation Failure)
[41.542s][info][gc,heap        ] GC(282) DefNew: 140062K(157248K)->286K(157248K) Eden: 139776K(139776K)->0K(139776K) From: 286K(17472K)->286K(17472K)
[41.542s][info][gc,heap        ] GC(282) Tenured: 13292K(349568K)->13309K(349568K)
[41.542s][info][gc,metaspace   ] GC(282) Metaspace: 14236K(15168K)->14236K(15168K) NonClass: 12276K(12864K)->12276K(12864K) Class: 1959K(2304K)->1959K(2304K)
[41.542s][info][gc             ] GC(282) Pause Young (Allocation Failure) 149M->13M(494M) 19.855ms
[41.542s][info][gc,cpu         ] GC(282) User=0.00s Sys=0.02s Real=0.01s
[41.647s][info][gc,start       ] GC(283) Pause Young (Allocation Failure)
[41.661s][info][gc,heap        ] GC(283) DefNew: 140062K(157248K)->286K(157248K) Eden: 139776K(139776K)->0K(139776K) From: 286K(17472K)->286K(17472K)
[41.661s][info][gc,heap        ] GC(283) Tenured: 13309K(349568K)->13327K(349568K)
[41.661s][info][gc,metaspace   ] GC(283) Metaspace: 14236K(15168K)->14236K(15168K) NonClass: 12276K(12864K)->12276K(12864K) Class: 1959K(2304K)->1959K(2304K)
[41.661s][info][gc             ] GC(283) Pause Young (Allocation Failure) 149M->13M(494M) 14.212ms
[41.661s][info][gc,cpu         ] GC(283) User=0.02s Sys=0.00s Real=0.01s
[41.766s][info][gc,start       ] GC(284) Pause Young (Allocation Failure)
[41.781s][info][gc,heap        ] GC(284) DefNew: 140062K(157248K)->284K(157248K) Eden: 139776K(139776K)->0K(139776K) From: 286K(17472K)->284K(17472K)
[41.781s][info][gc,heap        ] GC(284) Tenured: 13327K(349568K)->13347K(349568K)
[41.781s][info][gc,metaspace   ] GC(284) Metaspace: 14236K(15168K)->14236K(15168K) NonClass: 12276K(12864K)->12276K(12864K) Class: 1959K(2304K)->1959K(2304K)
[41.781s][info][gc             ] GC(284) Pause Young (Allocation Failure) 149M->13M(494M) 14.241ms
[41.781s][info][gc,cpu         ] GC(284) User=0.02s Sys=0.00s Real=0.01s
[41.886s][info][gc,start       ] GC(285) Pause Young (Allocation Failure)
[41.904s][info][gc,heap        ] GC(285) DefNew: 140060K(157248K)->285K(157248K) Eden: 139776K(139776K)->0K(139776K) From: 284K(17472K)->285K(17472K)
[41.904s][info][gc,heap        ] GC(285) Tenured: 13347K(349568K)->13365K(349568K)
[41.904s][info][gc,metaspace   ] GC(285) Metaspace: 14236K(15168K)->14236K(15168K) NonClass: 12276K(12864K)->12276K(12864K) Class: 1959K(2304K)->1959K(2304K)
[41.904s][info][gc             ] GC(285) Pause Young (Allocation Failure) 149M->13M(494M) 18.175ms
[41.904s][info][gc,cpu         ] GC(285) User=0.00s Sys=0.00s Real=0.01s
[42.009s][info][gc,start       ] GC(286) Pause Young (Allocation Failure)
[42.027s][info][gc,heap        ] GC(286) DefNew: 140061K(157248K)->284K(157248K) Eden: 139776K(139776K)->0K(139776K) From: 285K(17472K)->284K(17472K)
[42.027s][info][gc,heap        ] GC(286) Tenured: 13365K(349568K)->13383K(349568K)
[42.027s][info][gc,metaspace   ] GC(286) Metaspace: 14236K(15168K)->14236K(15168K) NonClass: 12276K(12864K)->12276K(12864K) Class: 1959K(2304K)->1959K(2304K)
[42.027s][info][gc             ] GC(286) Pause Young (Allocation Failure) 149M->13M(494M) 18.479ms
[42.027s][info][gc,cpu         ] GC(286) User=0.02s Sys=0.00s Real=0.01s
[42.134s][info][gc,start       ] GC(287) Pause Young (Allocation Failure)
[42.153s][info][gc,heap        ] GC(287) DefNew: 140060K(157248K)->284K(157248K) Eden: 139776K(139776K)->0K(139776K) From: 284K(17472K)->284K(17472K)
[42.153s][info][gc,heap        ] GC(287) Tenured: 13383K(349568K)->13400K(349568K)
[42.153s][info][gc,metaspace   ] GC(287) Metaspace: 14236K(15168K)->14236K(15168K) NonClass: 12276K(12864K)->12276K(12864K) Class: 1959K(2304K)->1959K(2304K)
[42.153s][info][gc             ] GC(287) Pause Young (Allocation Failure) 149M->13M(494M) 19.001ms
[42.153s][info][gc,cpu         ] GC(287) User=0.02s Sys=0.00s Real=0.02s
[42.257s][info][gc,start       ] GC(288) Pause Young (Allocation Failure)
[42.276s][info][gc,heap        ] GC(288) DefNew: 140060K(157248K)->284K(157248K) Eden: 139776K(139776K)->0K(139776K) From: 284K(17472K)->284K(17472K)
[42.276s][info][gc,heap        ] GC(288) Tenured: 13400K(349568K)->13418K(349568K)
[42.276s][info][gc,metaspace   ] GC(288) Metaspace: 14236K(15168K)->14236K(15168K) NonClass: 12276K(12864K)->12276K(12864K) Class: 1959K(2304K)->1959K(2304K)
[42.276s][info][gc             ] GC(288) Pause Young (Allocation Failure) 149M->13M(494M) 18.818ms
[42.276s][info][gc,cpu         ] GC(288) User=0.02s Sys=0.00s Real=0.01s
[42.382s][info][gc,start       ] GC(289) Pause Young (Allocation Failure)
[42.402s][info][gc,heap        ] GC(289) DefNew: 140060K(157248K)->285K(157248K) Eden: 139776K(139776K)->0K(139776K) From: 284K(17472K)->285K(17472K)
[42.402s][info][gc,heap        ] GC(289) Tenured: 13418K(349568K)->13436K(349568K)
[42.402s][info][gc,metaspace   ] GC(289) Metaspace: 14236K(15168K)->14236K(15168K) NonClass: 12276K(12864K)->12276K(12864K) Class: 1959K(2304K)->1959K(2304K)
[42.402s][info][gc             ] GC(289) Pause Young (Allocation Failure) 149M->13M(494M) 19.945ms
[42.402s][info][gc,cpu         ] GC(289) User=0.02s Sys=0.00s Real=0.02s
[42.509s][info][gc,start       ] GC(290) Pause Young (Allocation Failure)
[42.524s][info][gc,heap        ] GC(290) DefNew: 140061K(157248K)->284K(157248K) Eden: 139776K(139776K)->0K(139776K) From: 285K(17472K)->284K(17472K)
[42.524s][info][gc,heap        ] GC(290) Tenured: 13436K(349568K)->13454K(349568K)
[42.524s][info][gc,metaspace   ] GC(290) Metaspace: 14236K(15168K)->14236K(15168K) NonClass: 12276K(12864K)->12276K(12864K) Class: 1959K(2304K)->1959K(2304K)
[42.524s][info][gc             ] GC(290) Pause Young (Allocation Failure) 149M->13M(494M) 15.678ms
[42.524s][info][gc,cpu         ] GC(290) User=0.00s Sys=0.00s Real=0.00s
[42.630s][info][gc,start       ] GC(291) Pause Young (Allocation Failure)
[42.650s][info][gc,heap        ] GC(291) DefNew: 140060K(157248K)->284K(157248K) Eden: 139776K(139776K)->0K(139776K) From: 284K(17472K)->284K(17472K)
[42.650s][info][gc,heap        ] GC(291) Tenured: 13454K(349568K)->13472K(349568K)
[42.650s][info][gc,metaspace   ] GC(291) Metaspace: 14236K(15168K)->14236K(15168K) NonClass: 12276K(12864K)->12276K(12864K) Class: 1959K(2304K)->1959K(2304K)
[42.650s][info][gc             ] GC(291) Pause Young (Allocation Failure) 149M->13M(494M) 20.246ms
[42.650s][info][gc,cpu         ] GC(291) User=0.02s Sys=0.00s Real=0.01s
[42.757s][info][gc,start       ] GC(292) Pause Young (Allocation Failure)
[42.778s][info][gc,heap        ] GC(292) DefNew: 140060K(157248K)->280K(157248K) Eden: 139776K(139776K)->0K(139776K) From: 284K(17472K)->280K(17472K)
[42.778s][info][gc,heap        ] GC(292) Tenured: 13472K(349568K)->13492K(349568K)
[42.778s][info][gc,metaspace   ] GC(292) Metaspace: 14236K(15168K)->14236K(15168K) NonClass: 12276K(12864K)->12276K(12864K) Class: 1959K(2304K)->1959K(2304K)
[42.778s][info][gc             ] GC(292) Pause Young (Allocation Failure) 149M->13M(494M) 21.701ms
[42.778s][info][gc,cpu         ] GC(292) User=0.02s Sys=0.00s Real=0.01s
[42.886s][info][gc,start       ] GC(293) Pause Young (Allocation Failure)
[42.907s][info][gc,heap        ] GC(293) DefNew: 140056K(157248K)->279K(157248K) Eden: 139776K(139776K)->0K(139776K) From: 280K(17472K)->279K(17472K)
[42.908s][info][gc,heap        ] GC(293) Tenured: 13492K(349568K)->13510K(349568K)
[42.908s][info][gc,metaspace   ] GC(293) Metaspace: 14236K(15168K)->14236K(15168K) NonClass: 12276K(12864K)->12276K(12864K) Class: 1959K(2304K)->1959K(2304K)
[42.908s][info][gc             ] GC(293) Pause Young (Allocation Failure) 149M->13M(494M) 21.208ms
[42.908s][info][gc,cpu         ] GC(293) User=0.02s Sys=0.00s Real=0.02s
[43.014s][info][gc,start       ] GC(294) Pause Young (Allocation Failure)
[43.035s][info][gc,heap        ] GC(294) DefNew: 140055K(157248K)->279K(157248K) Eden: 139776K(139776K)->0K(139776K) From: 279K(17472K)->279K(17472K)
[43.036s][info][gc,heap        ] GC(294) Tenured: 13510K(349568K)->13528K(349568K)
[43.036s][info][gc,metaspace   ] GC(294) Metaspace: 14236K(15168K)->14236K(15168K) NonClass: 12276K(12864K)->12276K(12864K) Class: 1959K(2304K)->1959K(2304K)
[43.036s][info][gc             ] GC(294) Pause Young (Allocation Failure) 149M->13M(494M) 21.089ms
[43.036s][info][gc,cpu         ] GC(294) User=0.00s Sys=0.00s Real=0.01s
[43.143s][info][gc,start       ] GC(295) Pause Young (Allocation Failure)
[43.165s][info][gc,heap        ] GC(295) DefNew: 140055K(157248K)->276K(157248K) Eden: 139776K(139776K)->0K(139776K) From: 279K(17472K)->276K(17472K)
[43.165s][info][gc,heap        ] GC(295) Tenured: 13528K(349568K)->13549K(349568K)
[43.165s][info][gc,metaspace   ] GC(295) Metaspace: 14236K(15168K)->14236K(15168K) NonClass: 12276K(12864K)->12276K(12864K) Class: 1959K(2304K)->1959K(2304K)
[43.165s][info][gc             ] GC(295) Pause Young (Allocation Failure) 149M->13M(494M) 21.434ms
[43.165s][info][gc,cpu         ] GC(295) User=0.03s Sys=0.00s Real=0.02s
[43.273s][info][gc,start       ] GC(296) Pause Young (Allocation Failure)
[43.294s][info][gc,heap        ] GC(296) DefNew: 140052K(157248K)->273K(157248K) Eden: 139776K(139776K)->0K(139776K) From: 276K(17472K)->273K(17472K)
[43.294s][info][gc,heap        ] GC(296) Tenured: 13549K(349568K)->13570K(349568K)
[43.294s][info][gc,metaspace   ] GC(296) Metaspace: 14236K(15168K)->14236K(15168K) NonClass: 12276K(12864K)->12276K(12864K) Class: 1959K(2304K)->1959K(2304K)
[43.294s][info][gc             ] GC(296) Pause Young (Allocation Failure) 150M->13M(494M) 21.466ms
[43.294s][info][gc,cpu         ] GC(296) User=0.02s Sys=0.00s Real=0.02s
[43.402s][info][gc,start       ] GC(297) Pause Young (Allocation Failure)
[43.425s][info][gc,heap        ] GC(297) DefNew: 140049K(157248K)->273K(157248K) Eden: 139776K(139776K)->0K(139776K) From: 273K(17472K)->273K(17472K)
[43.425s][info][gc,heap        ] GC(297) Tenured: 13570K(349568K)->13588K(349568K)
[43.425s][info][gc,metaspace   ] GC(297) Metaspace: 14236K(15168K)->14236K(15168K) NonClass: 12276K(12864K)->12276K(12864K) Class: 1959K(2304K)->1959K(2304K)
[43.425s][info][gc             ] GC(297) Pause Young (Allocation Failure) 150M->13M(494M) 23.484ms
[43.425s][info][gc,cpu         ] GC(297) User=0.02s Sys=0.00s Real=0.02s
[43.533s][info][gc,start       ] GC(298) Pause Young (Allocation Failure)
[43.550s][info][gc,heap        ] GC(298) DefNew: 140049K(157248K)->273K(157248K) Eden: 139776K(139776K)->0K(139776K) From: 273K(17472K)->273K(17472K)
[43.550s][info][gc,heap        ] GC(298) Tenured: 13588K(349568K)->13605K(349568K)
[43.550s][info][gc,metaspace   ] GC(298) Metaspace: 14236K(15168K)->14236K(15168K) NonClass: 12276K(12864K)->12276K(12864K) Class: 1959K(2304K)->1959K(2304K)
[43.550s][info][gc             ] GC(298) Pause Young (Allocation Failure) 150M->13M(494M) 17.044ms
[43.550s][info][gc,cpu         ] GC(298) User=0.00s Sys=0.00s Real=0.00s
[43.656s][info][gc,start       ] GC(299) Pause Young (Allocation Failure)
[43.705s][info][gc,heap        ] GC(299) DefNew: 140049K(157248K)->272K(157248K) Eden: 139776K(139776K)->0K(139776K) From: 273K(17472K)->272K(17472K)
[43.705s][info][gc,heap        ] GC(299) Tenured: 13605K(349568K)->13624K(349568K)
[43.705s][info][gc,metaspace   ] GC(299) Metaspace: 14236K(15168K)->14236K(15168K) NonClass: 12276K(12864K)->12276K(12864K) Class: 1959K(2304K)->1959K(2304K)
[43.705s][info][gc             ] GC(299) Pause Young (Allocation Failure) 150M->13M(494M) 48.763ms
[43.705s][info][gc,cpu         ] GC(299) User=0.02s Sys=0.00s Real=0.04s
[43.817s][info][gc,start       ] GC(300) Pause Young (Allocation Failure)
[43.839s][info][gc,heap        ] GC(300) DefNew: 140048K(157248K)->273K(157248K) Eden: 139776K(139776K)->0K(139776K) From: 272K(17472K)->273K(17472K)
[43.839s][info][gc,heap        ] GC(300) Tenured: 13624K(349568K)->13641K(349568K)
[43.839s][info][gc,metaspace   ] GC(300) Metaspace: 14236K(15168K)->14236K(15168K) NonClass: 12276K(12864K)->12276K(12864K) Class: 1959K(2304K)->1959K(2304K)
[43.839s][info][gc             ] GC(300) Pause Young (Allocation Failure) 150M->13M(494M) 22.677ms
[43.839s][info][gc,cpu         ] GC(300) User=0.03s Sys=0.00s Real=0.02s
[43.947s][info][gc,start       ] GC(301) Pause Young (Allocation Failure)
[43.972s][info][gc,heap        ] GC(301) DefNew: 140049K(157248K)->273K(157248K) Eden: 139776K(139776K)->0K(139776K) From: 273K(17472K)->273K(17472K)
[43.972s][info][gc,heap        ] GC(301) Tenured: 13641K(349568K)->13659K(349568K)
[43.972s][info][gc,metaspace   ] GC(301) Metaspace: 14236K(15168K)->14236K(15168K) NonClass: 12276K(12864K)->12276K(12864K) Class: 1959K(2304K)->1959K(2304K)
[43.972s][info][gc             ] GC(301) Pause Young (Allocation Failure) 150M->13M(494M) 24.765ms
[43.972s][info][gc,cpu         ] GC(301) User=0.02s Sys=0.00s Real=0.02s
[44.080s][info][gc,start       ] GC(302) Pause Young (Allocation Failure)
[44.098s][info][gc,heap        ] GC(302) DefNew: 140049K(157248K)->273K(157248K) Eden: 139776K(139776K)->0K(139776K) From: 273K(17472K)->273K(17472K)
[44.098s][info][gc,heap        ] GC(302) Tenured: 13659K(349568K)->13676K(349568K)
[44.098s][info][gc,metaspace   ] GC(302) Metaspace: 14236K(15168K)->14236K(15168K) NonClass: 12276K(12864K)->12276K(12864K) Class: 1959K(2304K)->1959K(2304K)
[44.098s][info][gc             ] GC(302) Pause Young (Allocation Failure) 150M->13M(494M) 17.828ms
[44.098s][info][gc,cpu         ] GC(302) User=0.02s Sys=0.00s Real=0.01s
[44.204s][info][gc,start       ] GC(303) Pause Young (Allocation Failure)
[44.228s][info][gc,heap        ] GC(303) DefNew: 140049K(157248K)->273K(157248K) Eden: 139776K(139776K)->0K(139776K) From: 273K(17472K)->273K(17472K)
[44.228s][info][gc,heap        ] GC(303) Tenured: 13676K(349568K)->13694K(349568K)
[44.228s][info][gc,metaspace   ] GC(303) Metaspace: 14236K(15168K)->14236K(15168K) NonClass: 12276K(12864K)->12276K(12864K) Class: 1959K(2304K)->1959K(2304K)
[44.228s][info][gc             ] GC(303) Pause Young (Allocation Failure) 150M->13M(494M) 23.826ms
[44.228s][info][gc,cpu         ] GC(303) User=0.03s Sys=0.00s Real=0.02s
[44.337s][info][gc,start       ] GC(304) Pause Young (Allocation Failure)
[44.363s][info][gc,heap        ] GC(304) DefNew: 140049K(157248K)->273K(157248K) Eden: 139776K(139776K)->0K(139776K) From: 273K(17472K)->273K(17472K)
[44.363s][info][gc,heap        ] GC(304) Tenured: 13694K(349568K)->13712K(349568K)
[44.363s][info][gc,metaspace   ] GC(304) Metaspace: 14236K(15168K)->14236K(15168K) NonClass: 12276K(12864K)->12276K(12864K) Class: 1959K(2304K)->1959K(2304K)
[44.363s][info][gc             ] GC(304) Pause Young (Allocation Failure) 150M->13M(494M) 25.581ms
[44.363s][info][gc,cpu         ] GC(304) User=0.02s Sys=0.00s Real=0.02s
[44.470s][info][gc,start       ] GC(305) Pause Young (Allocation Failure)
[44.494s][info][gc,heap        ] GC(305) DefNew: 140049K(157248K)->272K(157248K) Eden: 139776K(139776K)->0K(139776K) From: 273K(17472K)->272K(17472K)
[44.494s][info][gc,heap        ] GC(305) Tenured: 13712K(349568K)->13729K(349568K)
[44.494s][info][gc,metaspace   ] GC(305) Metaspace: 14236K(15168K)->14236K(15168K) NonClass: 12276K(12864K)->12276K(12864K) Class: 1959K(2304K)->1959K(2304K)
[44.494s][info][gc             ] GC(305) Pause Young (Allocation Failure) 150M->13M(494M) 24.488ms
[44.494s][info][gc,cpu         ] GC(305) User=0.02s Sys=0.00s Real=0.01s
[44.603s][info][gc,start       ] GC(306) Pause Young (Allocation Failure)
[44.627s][info][gc,heap        ] GC(306) DefNew: 140048K(157248K)->273K(157248K) Eden: 139776K(139776K)->0K(139776K) From: 272K(17472K)->273K(17472K)
[44.627s][info][gc,heap        ] GC(306) Tenured: 13729K(349568K)->13747K(349568K)
[44.627s][info][gc,metaspace   ] GC(306) Metaspace: 14236K(15168K)->14236K(15168K) NonClass: 12276K(12864K)->12276K(12864K) Class: 1959K(2304K)->1959K(2304K)
[44.627s][info][gc             ] GC(306) Pause Young (Allocation Failure) 150M->13M(494M) 24.277ms
[44.627s][info][gc,cpu         ] GC(306) User=0.02s Sys=0.00s Real=0.02s
[44.814s][info][gc,start       ] GC(307) Pause Young (Allocation Failure)
[44.845s][info][gc,heap        ] GC(307) DefNew: 140049K(157248K)->274K(157248K) Eden: 139776K(139776K)->0K(139776K) From: 273K(17472K)->274K(17472K)
[44.845s][info][gc,heap        ] GC(307) Tenured: 13747K(349568K)->13765K(349568K)
[44.845s][info][gc,metaspace   ] GC(307) Metaspace: 14236K(15168K)->14236K(15168K) NonClass: 12276K(12864K)->12276K(12864K) Class: 1959K(2304K)->1959K(2304K)
[44.845s][info][gc             ] GC(307) Pause Young (Allocation Failure) 150M->13M(494M) 30.652ms
[44.845s][info][gc,cpu         ] GC(307) User=0.02s Sys=0.00s Real=0.01s
[44.960s][info][gc,start       ] GC(308) Pause Young (Allocation Failure)
[44.983s][info][gc,heap        ] GC(308) DefNew: 140050K(157248K)->275K(157248K) Eden: 139776K(139776K)->0K(139776K) From: 274K(17472K)->275K(17472K)
[44.983s][info][gc,heap        ] GC(308) Tenured: 13765K(349568K)->13782K(349568K)
[44.983s][info][gc,metaspace   ] GC(308) Metaspace: 14236K(15168K)->14236K(15168K) NonClass: 12276K(12864K)->12276K(12864K) Class: 1959K(2304K)->1959K(2304K)
[44.983s][info][gc             ] GC(308) Pause Young (Allocation Failure) 150M->13M(494M) 23.134ms
[44.983s][info][gc,cpu         ] GC(308) User=0.02s Sys=0.00s Real=0.02s
[45.096s][info][gc,start       ] GC(309) Pause Young (Allocation Failure)
[45.118s][info][gc,heap        ] GC(309) DefNew: 140051K(157248K)->277K(157248K) Eden: 139776K(139776K)->0K(139776K) From: 275K(17472K)->277K(17472K)
[45.118s][info][gc,heap        ] GC(309) Tenured: 13782K(349568K)->13799K(349568K)
[45.118s][info][gc,metaspace   ] GC(309) Metaspace: 14236K(15168K)->14236K(15168K) NonClass: 12276K(12864K)->12276K(12864K) Class: 1959K(2304K)->1959K(2304K)
[45.118s][info][gc             ] GC(309) Pause Young (Allocation Failure) 150M->13M(494M) 22.625ms
[45.118s][info][gc,cpu         ] GC(309) User=0.02s Sys=0.00s Real=0.02s
[45.242s][info][gc,start       ] GC(310) Pause Young (Allocation Failure)
[45.261s][info][gc,heap        ] GC(310) DefNew: 140053K(157248K)->280K(157248K) Eden: 139776K(139776K)->0K(139776K) From: 277K(17472K)->280K(17472K)
[45.261s][info][gc,heap        ] GC(310) Tenured: 13799K(349568K)->13817K(349568K)
[45.261s][info][gc,metaspace   ] GC(310) Metaspace: 14236K(15168K)->14236K(15168K) NonClass: 12276K(12864K)->12276K(12864K) Class: 1959K(2304K)->1959K(2304K)
[45.262s][info][gc             ] GC(310) Pause Young (Allocation Failure) 150M->13M(494M) 19.808ms
[45.262s][info][gc,cpu         ] GC(310) User=0.02s Sys=0.00s Real=0.02s
[45.379s][info][gc,start       ] GC(311) Pause Young (Allocation Failure)
[45.397s][info][gc,heap        ] GC(311) DefNew: 140056K(157248K)->283K(157248K) Eden: 139776K(139776K)->0K(139776K) From: 280K(17472K)->283K(17472K)
[45.397s][info][gc,heap        ] GC(311) Tenured: 13817K(349568K)->13835K(349568K)
[45.397s][info][gc,metaspace   ] GC(311) Metaspace: 14236K(15168K)->14236K(15168K) NonClass: 12276K(12864K)->12276K(12864K) Class: 1959K(2304K)->1959K(2304K)
[45.397s][info][gc             ] GC(311) Pause Young (Allocation Failure) 150M->13M(494M) 18.604ms
[45.397s][info][gc,cpu         ] GC(311) User=0.02s Sys=0.00s Real=0.02s
[45.505s][info][gc,start       ] GC(312) Pause Young (Allocation Failure)
[45.523s][info][gc,heap        ] GC(312) DefNew: 140059K(157248K)->280K(157248K) Eden: 139776K(139776K)->0K(139776K) From: 283K(17472K)->280K(17472K)
[45.523s][info][gc,heap        ] GC(312) Tenured: 13835K(349568K)->13852K(349568K)
[45.523s][info][gc,metaspace   ] GC(312) Metaspace: 14236K(15168K)->14236K(15168K) NonClass: 12276K(12864K)->12276K(12864K) Class: 1959K(2304K)->1959K(2304K)
[45.524s][info][gc             ] GC(312) Pause Young (Allocation Failure) 150M->13M(494M) 18.388ms
[45.524s][info][gc,cpu         ] GC(312) User=0.03s Sys=0.00s Real=0.02s
[45.631s][info][gc,start       ] GC(313) Pause Young (Allocation Failure)
[45.649s][info][gc,heap        ] GC(313) DefNew: 140056K(157248K)->280K(157248K) Eden: 139776K(139776K)->0K(139776K) From: 280K(17472K)->280K(17472K)
[45.649s][info][gc,heap        ] GC(313) Tenured: 13852K(349568K)->13870K(349568K)
[45.649s][info][gc,metaspace   ] GC(313) Metaspace: 14236K(15168K)->14236K(15168K) NonClass: 12276K(12864K)->12276K(12864K) Class: 1959K(2304K)->1959K(2304K)
[45.649s][info][gc             ] GC(313) Pause Young (Allocation Failure) 150M->13M(494M) 18.517ms
[45.649s][info][gc,cpu         ] GC(313) User=0.02s Sys=0.00s Real=0.00s
[45.757s][info][gc,start       ] GC(314) Pause Young (Allocation Failure)
[45.776s][info][gc,heap        ] GC(314) DefNew: 140056K(157248K)->280K(157248K) Eden: 139776K(139776K)->0K(139776K) From: 280K(17472K)->280K(17472K)
[45.776s][info][gc,heap        ] GC(314) Tenured: 13870K(349568K)->13888K(349568K)
[45.776s][info][gc,metaspace   ] GC(314) Metaspace: 14236K(15168K)->14236K(15168K) NonClass: 12276K(12864K)->12276K(12864K) Class: 1959K(2304K)->1959K(2304K)
[45.776s][info][gc             ] GC(314) Pause Young (Allocation Failure) 150M->13M(494M) 19.039ms
[45.776s][info][gc,cpu         ] GC(314) User=0.03s Sys=0.00s Real=0.02s
[45.886s][info][gc,start       ] GC(315) Pause Young (Allocation Failure)
[45.905s][info][gc,heap        ] GC(315) DefNew: 140056K(157248K)->279K(157248K) Eden: 139776K(139776K)->0K(139776K) From: 280K(17472K)->279K(17472K)
[45.905s][info][gc,heap        ] GC(315) Tenured: 13888K(349568K)->13906K(349568K)
[45.905s][info][gc,metaspace   ] GC(315) Metaspace: 14236K(15168K)->14236K(15168K) NonClass: 12276K(12864K)->12276K(12864K) Class: 1959K(2304K)->1959K(2304K)
[45.905s][info][gc             ] GC(315) Pause Young (Allocation Failure) 150M->13M(494M) 19.108ms
[45.905s][info][gc,cpu         ] GC(315) User=0.02s Sys=0.00s Real=0.02s
[46.013s][info][gc,start       ] GC(316) Pause Young (Allocation Failure)
[46.033s][info][gc,heap        ] GC(316) DefNew: 140055K(157248K)->279K(157248K) Eden: 139776K(139776K)->0K(139776K) From: 279K(17472K)->279K(17472K)
[46.033s][info][gc,heap        ] GC(316) Tenured: 13906K(349568K)->13924K(349568K)
[46.033s][info][gc,metaspace   ] GC(316) Metaspace: 14236K(15168K)->14236K(15168K) NonClass: 12276K(12864K)->12276K(12864K) Class: 1959K(2304K)->1959K(2304K)
[46.033s][info][gc             ] GC(316) Pause Young (Allocation Failure) 150M->13M(494M) 20.617ms
[46.033s][info][gc,cpu         ] GC(316) User=0.02s Sys=0.00s Real=0.02s
[46.144s][info][gc,start       ] GC(317) Pause Young (Allocation Failure)
[46.160s][info][gc,heap        ] GC(317) DefNew: 140055K(157248K)->281K(157248K) Eden: 139776K(139776K)->0K(139776K) From: 279K(17472K)->281K(17472K)
[46.160s][info][gc,heap        ] GC(317) Tenured: 13924K(349568K)->13941K(349568K)
[46.160s][info][gc,metaspace   ] GC(317) Metaspace: 14236K(15168K)->14236K(15168K) NonClass: 12276K(12864K)->12276K(12864K) Class: 1959K(2304K)->1959K(2304K)
[46.160s][info][gc             ] GC(317) Pause Young (Allocation Failure) 150M->13M(494M) 16.126ms
[46.160s][info][gc,cpu         ] GC(317) User=0.02s Sys=0.00s Real=0.02s
[46.273s][info][gc,start       ] GC(318) Pause Young (Allocation Failure)
[46.294s][info][gc,heap        ] GC(318) DefNew: 140057K(157248K)->283K(157248K) Eden: 139776K(139776K)->0K(139776K) From: 281K(17472K)->283K(17472K)
[46.294s][info][gc,heap        ] GC(318) Tenured: 13941K(349568K)->13959K(349568K)
[46.294s][info][gc,metaspace   ] GC(318) Metaspace: 14236K(15168K)->14236K(15168K) NonClass: 12276K(12864K)->12276K(12864K) Class: 1959K(2304K)->1959K(2304K)
[46.294s][info][gc             ] GC(318) Pause Young (Allocation Failure) 150M->13M(494M) 20.446ms
[46.294s][info][gc,cpu         ] GC(318) User=0.02s Sys=0.00s Real=0.02s
[46.408s][info][gc,start       ] GC(319) Pause Young (Allocation Failure)
[46.429s][info][gc,heap        ] GC(319) DefNew: 140059K(157248K)->285K(157248K) Eden: 139776K(139776K)->0K(139776K) From: 283K(17472K)->285K(17472K)
[46.429s][info][gc,heap        ] GC(319) Tenured: 13959K(349568K)->13977K(349568K)
[46.429s][info][gc,metaspace   ] GC(319) Metaspace: 14236K(15168K)->14236K(15168K) NonClass: 12276K(12864K)->12276K(12864K) Class: 1959K(2304K)->1959K(2304K)
[46.429s][info][gc             ] GC(319) Pause Young (Allocation Failure) 150M->13M(494M) 20.778ms
[46.429s][info][gc,cpu         ] GC(319) User=0.02s Sys=0.00s Real=0.01s
[46.546s][info][gc,start       ] GC(320) Pause Young (Allocation Failure)
[46.567s][info][gc,heap        ] GC(320) DefNew: 140061K(157248K)->288K(157248K) Eden: 139776K(139776K)->0K(139776K) From: 285K(17472K)->288K(17472K)
[46.567s][info][gc,heap        ] GC(320) Tenured: 13977K(349568K)->13994K(349568K)
[46.567s][info][gc,metaspace   ] GC(320) Metaspace: 14236K(15168K)->14236K(15168K) NonClass: 12276K(12864K)->12276K(12864K) Class: 1959K(2304K)->1959K(2304K)
[46.567s][info][gc             ] GC(320) Pause Young (Allocation Failure) 150M->13M(494M) 20.751ms
[46.567s][info][gc,cpu         ] GC(320) User=0.02s Sys=0.00s Real=0.01s
[46.686s][info][gc,start       ] GC(321) Pause Young (Allocation Failure)
[46.708s][info][gc,heap        ] GC(321) DefNew: 140064K(157248K)->289K(157248K) Eden: 139776K(139776K)->0K(139776K) From: 288K(17472K)->289K(17472K)
[46.708s][info][gc,heap        ] GC(321) Tenured: 13994K(349568K)->14012K(349568K)
[46.708s][info][gc,metaspace   ] GC(321) Metaspace: 14236K(15168K)->14236K(15168K) NonClass: 12276K(12864K)->12276K(12864K) Class: 1959K(2304K)->1959K(2304K)
[46.708s][info][gc             ] GC(321) Pause Young (Allocation Failure) 150M->13M(494M) 22.398ms
[46.708s][info][gc,cpu         ] GC(321) User=0.02s Sys=0.00s Real=0.02s
[46.831s][info][gc,start       ] GC(322) Pause Young (Allocation Failure)
[46.855s][info][gc,heap        ] GC(322) DefNew: 140065K(157248K)->293K(157248K) Eden: 139776K(139776K)->0K(139776K) From: 289K(17472K)->293K(17472K)
[46.855s][info][gc,heap        ] GC(322) Tenured: 14012K(349568K)->14030K(349568K)
[46.855s][info][gc,metaspace   ] GC(322) Metaspace: 14236K(15168K)->14236K(15168K) NonClass: 12276K(12864K)->12276K(12864K) Class: 1959K(2304K)->1959K(2304K)
[46.855s][info][gc             ] GC(322) Pause Young (Allocation Failure) 150M->13M(494M) 24.050ms
[46.855s][info][gc,cpu         ] GC(322) User=0.03s Sys=0.00s Real=0.02s
[46.977s][info][gc,start       ] GC(323) Pause Young (Allocation Failure)
[47.000s][info][gc,heap        ] GC(323) DefNew: 140069K(157248K)->294K(157248K) Eden: 139776K(139776K)->0K(139776K) From: 293K(17472K)->294K(17472K)
[47.000s][info][gc,heap        ] GC(323) Tenured: 14030K(349568K)->14048K(349568K)
[47.000s][info][gc,metaspace   ] GC(323) Metaspace: 14236K(15168K)->14236K(15168K) NonClass: 12276K(12864K)->12276K(12864K) Class: 1959K(2304K)->1959K(2304K)
[47.000s][info][gc             ] GC(323) Pause Young (Allocation Failure) 150M->14M(494M) 23.656ms
[47.000s][info][gc,cpu         ] GC(323) User=0.02s Sys=0.00s Real=0.02s
[47.119s][info][gc,start       ] GC(324) Pause Young (Allocation Failure)
[47.142s][info][gc,heap        ] GC(324) DefNew: 140070K(157248K)->293K(157248K) Eden: 139776K(139776K)->0K(139776K) From: 294K(17472K)->293K(17472K)
[47.142s][info][gc,heap        ] GC(324) Tenured: 14048K(349568K)->14069K(349568K)
[47.142s][info][gc,metaspace   ] GC(324) Metaspace: 14236K(15168K)->14236K(15168K) NonClass: 12276K(12864K)->12276K(12864K) Class: 1959K(2304K)->1959K(2304K)
[47.142s][info][gc             ] GC(324) Pause Young (Allocation Failure) 150M->14M(494M) 22.625ms
[47.142s][info][gc,cpu         ] GC(324) User=0.02s Sys=0.00s Real=0.02s
[47.246s][info][gc,start       ] GC(325) Pause Young (Allocation Failure)
[47.267s][info][gc,heap        ] GC(325) DefNew: 140069K(157248K)->289K(157248K) Eden: 139776K(139776K)->0K(139776K) From: 293K(17472K)->289K(17472K)
[47.267s][info][gc,heap        ] GC(325) Tenured: 14069K(349568K)->14089K(349568K)
[47.267s][info][gc,metaspace   ] GC(325) Metaspace: 14236K(15168K)->14236K(15168K) NonClass: 12276K(12864K)->12276K(12864K) Class: 1959K(2304K)->1959K(2304K)
[47.267s][info][gc             ] GC(325) Pause Young (Allocation Failure) 150M->14M(494M) 21.508ms
[47.267s][info][gc,cpu         ] GC(325) User=0.02s Sys=0.00s Real=0.02s
[47.352s][info][gc,start       ] GC(326) Pause Young (Allocation Failure)
[47.375s][info][gc,heap        ] GC(326) DefNew: 140065K(157248K)->285K(157248K) Eden: 139776K(139776K)->0K(139776K) From: 289K(17472K)->285K(17472K)
[47.375s][info][gc,heap        ] GC(326) Tenured: 14089K(349568K)->14107K(349568K)
[47.375s][info][gc,metaspace   ] GC(326) Metaspace: 14236K(15168K)->14236K(15168K) NonClass: 12276K(12864K)->12276K(12864K) Class: 1959K(2304K)->1959K(2304K)
[47.375s][info][gc             ] GC(326) Pause Young (Allocation Failure) 150M->14M(494M) 23.048ms
[47.375s][info][gc,cpu         ] GC(326) User=0.02s Sys=0.00s Real=0.02s
[47.448s][info][gc,start       ] GC(327) Pause Young (Allocation Failure)
[47.467s][info][gc,heap        ] GC(327) DefNew: 140061K(157248K)->280K(157248K) Eden: 139776K(139776K)->0K(139776K) From: 285K(17472K)->280K(17472K)
[47.467s][info][gc,heap        ] GC(327) Tenured: 14107K(349568K)->14125K(349568K)
[47.467s][info][gc,metaspace   ] GC(327) Metaspace: 14236K(15168K)->14236K(15168K) NonClass: 12276K(12864K)->12276K(12864K) Class: 1959K(2304K)->1959K(2304K)
[47.467s][info][gc             ] GC(327) Pause Young (Allocation Failure) 150M->14M(494M) 19.058ms
[47.467s][info][gc,cpu         ] GC(327) User=0.02s Sys=0.00s Real=0.01s
[47.560s][info][gc,start       ] GC(328) Pause Young (Allocation Failure)
[47.576s][info][gc,heap        ] GC(328) DefNew: 140056K(157248K)->278K(157248K) Eden: 139776K(139776K)->0K(139776K) From: 280K(17472K)->278K(17472K)
[47.576s][info][gc,heap        ] GC(328) Tenured: 14125K(349568K)->14142K(349568K)
[47.577s][info][gc,metaspace   ] GC(328) Metaspace: 14236K(15168K)->14236K(15168K) NonClass: 12276K(12864K)->12276K(12864K) Class: 1959K(2304K)->1959K(2304K)
[47.577s][info][gc             ] GC(328) Pause Young (Allocation Failure) 150M->14M(494M) 16.482ms
[47.577s][info][gc,cpu         ] GC(328) User=0.02s Sys=0.00s Real=0.02s
[47.763s][info][gc,start       ] GC(329) Pause Young (Allocation Failure)
[47.784s][info][gc,heap        ] GC(329) DefNew: 140054K(157248K)->289K(157248K) Eden: 139776K(139776K)->0K(139776K) From: 278K(17472K)->289K(17472K)
[47.784s][info][gc,heap        ] GC(329) Tenured: 14142K(349568K)->14160K(349568K)
[47.784s][info][gc,metaspace   ] GC(329) Metaspace: 14236K(15168K)->14236K(15168K) NonClass: 12276K(12864K)->12276K(12864K) Class: 1959K(2304K)->1959K(2304K)
[47.784s][info][gc             ] GC(329) Pause Young (Allocation Failure) 150M->14M(494M) 21.196ms
[47.784s][info][gc,cpu         ] GC(329) User=0.02s Sys=0.00s Real=0.02s
[47.856s][info][gc,start       ] GC(330) Pause Full (System.gc())
[47.856s][info][gc,phases,start] GC(330) Phase 1: Mark live objects
[47.885s][info][gc,phases      ] GC(330) Phase 1: Mark live objects 28.705ms
[47.885s][info][gc,phases,start] GC(330) Phase 2: Compute new object addresses
[47.894s][info][gc,phases      ] GC(330) Phase 2: Compute new object addresses 9.012ms
[47.898s][info][gc,phases,start] GC(330) Phase 3: Adjust pointers
[47.921s][info][gc,phases      ] GC(330) Phase 3: Adjust pointers 22.766ms
[47.921s][info][gc,phases,start] GC(330) Phase 4: Move objects
[47.921s][info][gc,phases      ] GC(330) Phase 4: Move objects 0.018ms
[47.921s][info][gc,heap        ] GC(330) DefNew: 30136K(157248K)->0K(157248K) Eden: 29847K(139776K)->0K(139776K) From: 289K(17472K)->0K(17472K)
[47.921s][info][gc,heap        ] GC(330) Tenured: 14160K(349568K)->14160K(349568K)
[47.921s][info][gc,metaspace   ] GC(330) Metaspace: 14236K(15168K)->14236K(15168K) NonClass: 12276K(12864K)->12276K(12864K) Class: 1959K(2304K)->1959K(2304K)
[47.921s][info][gc             ] GC(330) Pause Full (System.gc()) 43M->13M(494M) 65.302ms
[47.921s][info][gc,cpu         ] GC(330) User=0.06s Sys=0.00s Real=0.06s
[48.016s][info][gc,start       ] GC(331) Pause Young (Allocation Failure)
[48.039s][info][gc,heap        ] GC(331) DefNew: 139776K(157248K)->1475K(157248K) Eden: 139776K(139776K)->0K(139776K) From: 0K(17472K)->1475K(17472K)
[48.039s][info][gc,heap        ] GC(331) Tenured: 14160K(349568K)->14160K(349568K)
[48.039s][info][gc,metaspace   ] GC(331) Metaspace: 14239K(15168K)->14239K(15168K) NonClass: 12280K(12864K)->12280K(12864K) Class: 1959K(2304K)->1959K(2304K)
[48.039s][info][gc             ] GC(331) Pause Young (Allocation Failure) 150M->15M(494M) 23.379ms
[48.039s][info][gc,cpu         ] GC(331) User=0.02s Sys=0.00s Real=0.02s
[48.145s][info][gc,start       ] GC(332) Pause Young (Allocation Failure)
[48.169s][info][gc,heap        ] GC(332) DefNew: 141251K(157248K)->1492K(157248K) Eden: 139776K(139776K)->0K(139776K) From: 1475K(17472K)->1492K(17472K)
[48.169s][info][gc,heap        ] GC(332) Tenured: 14160K(349568K)->14160K(349568K)
[48.169s][info][gc,metaspace   ] GC(332) Metaspace: 14239K(15168K)->14239K(15168K) NonClass: 12280K(12864K)->12280K(12864K) Class: 1959K(2304K)->1959K(2304K)
[48.169s][info][gc             ] GC(332) Pause Young (Allocation Failure) 151M->15M(494M) 24.379ms
[48.169s][info][gc,cpu         ] GC(332) User=0.02s Sys=0.00s Real=0.01s
[48.277s][info][gc,start       ] GC(333) Pause Young (Allocation Failure)
[48.302s][info][gc,heap        ] GC(333) DefNew: 141268K(157248K)->1509K(157248K) Eden: 139776K(139776K)->0K(139776K) From: 1492K(17472K)->1509K(17472K)
[48.302s][info][gc,heap        ] GC(333) Tenured: 14160K(349568K)->14160K(349568K)
[48.302s][info][gc,metaspace   ] GC(333) Metaspace: 14239K(15168K)->14239K(15168K) NonClass: 12280K(12864K)->12280K(12864K) Class: 1959K(2304K)->1959K(2304K)
[48.302s][info][gc             ] GC(333) Pause Young (Allocation Failure) 151M->15M(494M) 25.458ms
[48.302s][info][gc,cpu         ] GC(333) User=0.02s Sys=0.00s Real=0.02s
[48.407s][info][gc,start       ] GC(334) Pause Young (Allocation Failure)
[48.433s][info][gc,heap        ] GC(334) DefNew: 141285K(157248K)->1526K(157248K) Eden: 139776K(139776K)->0K(139776K) From: 1509K(17472K)->1526K(17472K)
[48.433s][info][gc,heap        ] GC(334) Tenured: 14160K(349568K)->14160K(349568K)
[48.433s][info][gc,metaspace   ] GC(334) Metaspace: 14239K(15168K)->14239K(15168K) NonClass: 12280K(12864K)->12280K(12864K) Class: 1959K(2304K)->1959K(2304K)
[48.433s][info][gc             ] GC(334) Pause Young (Allocation Failure) 151M->15M(494M) 25.260ms
[48.433s][info][gc,cpu         ] GC(334) User=0.02s Sys=0.00s Real=0.02s
[48.549s][info][gc,start       ] GC(335) Pause Young (Allocation Failure)
[48.575s][info][gc,heap        ] GC(335) DefNew: 141302K(157248K)->1544K(157248K) Eden: 139776K(139776K)->0K(139776K) From: 1526K(17472K)->1544K(17472K)
[48.575s][info][gc,heap        ] GC(335) Tenured: 14160K(349568K)->14160K(349568K)
[48.575s][info][gc,metaspace   ] GC(335) Metaspace: 14239K(15168K)->14239K(15168K) NonClass: 12280K(12864K)->12280K(12864K) Class: 1959K(2304K)->1959K(2304K)
[48.575s][info][gc             ] GC(335) Pause Young (Allocation Failure) 151M->15M(494M) 26.323ms
[48.575s][info][gc,cpu         ] GC(335) User=0.03s Sys=0.00s Real=0.02s
[48.685s][info][gc,start       ] GC(336) Pause Young (Allocation Failure)
[48.705s][info][gc,heap        ] GC(336) DefNew: 141320K(157248K)->1562K(157248K) Eden: 139776K(139776K)->0K(139776K) From: 1544K(17472K)->1562K(17472K)
[48.705s][info][gc,heap        ] GC(336) Tenured: 14160K(349568K)->14160K(349568K)
[48.705s][info][gc,metaspace   ] GC(336) Metaspace: 14239K(15168K)->14239K(15168K) NonClass: 12280K(12864K)->12280K(12864K) Class: 1959K(2304K)->1959K(2304K)
[48.705s][info][gc             ] GC(336) Pause Young (Allocation Failure) 151M->15M(494M) 19.936ms
[48.705s][info][gc,cpu         ] GC(336) User=0.02s Sys=0.00s Real=0.02s
[48.915s][info][gc,start       ] GC(337) Pause Young (Allocation Failure)
[48.941s][info][gc,heap        ] GC(337) DefNew: 141338K(157248K)->1579K(157248K) Eden: 139776K(139776K)->0K(139776K) From: 1562K(17472K)->1579K(17472K)
[48.941s][info][gc,heap        ] GC(337) Tenured: 14160K(349568K)->14160K(349568K)
[48.941s][info][gc,metaspace   ] GC(337) Metaspace: 14239K(15168K)->14239K(15168K) NonClass: 12280K(12864K)->12280K(12864K) Class: 1959K(2304K)->1959K(2304K)
[48.941s][info][gc             ] GC(337) Pause Young (Allocation Failure) 151M->15M(494M) 26.130ms
[48.941s][info][gc,cpu         ] GC(337) User=0.02s Sys=0.00s Real=0.02s
[49.056s][info][gc,start       ] GC(338) Pause Young (Allocation Failure)
[49.080s][info][gc,heap        ] GC(338) DefNew: 141355K(157248K)->1598K(157248K) Eden: 139776K(139776K)->0K(139776K) From: 1579K(17472K)->1598K(17472K)
[49.080s][info][gc,heap        ] GC(338) Tenured: 14160K(349568K)->14160K(349568K)
[49.080s][info][gc,metaspace   ] GC(338) Metaspace: 14239K(15168K)->14239K(15168K) NonClass: 12280K(12864K)->12280K(12864K) Class: 1959K(2304K)->1959K(2304K)
[49.081s][info][gc             ] GC(338) Pause Young (Allocation Failure) 151M->15M(494M) 24.647ms
[49.081s][info][gc,cpu         ] GC(338) User=0.02s Sys=0.00s Real=0.02s
[49.200s][info][gc,start       ] GC(339) Pause Young (Allocation Failure)
[49.224s][info][gc,heap        ] GC(339) DefNew: 141374K(157248K)->1618K(157248K) Eden: 139776K(139776K)->0K(139776K) From: 1598K(17472K)->1618K(17472K)
[49.224s][info][gc,heap        ] GC(339) Tenured: 14160K(349568K)->14160K(349568K)
[49.224s][info][gc,metaspace   ] GC(339) Metaspace: 14239K(15168K)->14239K(15168K) NonClass: 12280K(12864K)->12280K(12864K) Class: 1959K(2304K)->1959K(2304K)
[49.224s][info][gc             ] GC(339) Pause Young (Allocation Failure) 151M->15M(494M) 23.246ms
[49.224s][info][gc,cpu         ] GC(339) User=0.02s Sys=0.00s Real=0.02s
[49.331s][info][gc,start       ] GC(340) Pause Young (Allocation Failure)
[49.353s][info][gc,heap        ] GC(340) DefNew: 141394K(157248K)->1632K(157248K) Eden: 139776K(139776K)->0K(139776K) From: 1618K(17472K)->1632K(17472K)
[49.353s][info][gc,heap        ] GC(340) Tenured: 14160K(349568K)->14160K(349568K)
[49.353s][info][gc,metaspace   ] GC(340) Metaspace: 14239K(15168K)->14239K(15168K) NonClass: 12280K(12864K)->12280K(12864K) Class: 1959K(2304K)->1959K(2304K)
[49.353s][info][gc             ] GC(340) Pause Young (Allocation Failure) 151M->15M(494M) 21.832ms
[49.353s][info][gc,cpu         ] GC(340) User=0.03s Sys=0.00s Real=0.02s
[49.468s][info][gc,start       ] GC(341) Pause Young (Allocation Failure)
[49.488s][info][gc,heap        ] GC(341) DefNew: 141408K(157248K)->1650K(157248K) Eden: 139776K(139776K)->0K(139776K) From: 1632K(17472K)->1650K(17472K)
[49.488s][info][gc,heap        ] GC(341) Tenured: 14160K(349568K)->14160K(349568K)
[49.488s][info][gc,metaspace   ] GC(341) Metaspace: 14239K(15168K)->14239K(15168K) NonClass: 12280K(12864K)->12280K(12864K) Class: 1959K(2304K)->1959K(2304K)
[49.488s][info][gc             ] GC(341) Pause Young (Allocation Failure) 151M->15M(494M) 20.442ms
[49.488s][info][gc,cpu         ] GC(341) User=0.02s Sys=0.00s Real=0.02s
[49.594s][info][gc,start       ] GC(342) Pause Young (Allocation Failure)
[49.614s][info][gc,heap        ] GC(342) DefNew: 141426K(157248K)->1668K(157248K) Eden: 139776K(139776K)->0K(139776K) From: 1650K(17472K)->1668K(17472K)
[49.614s][info][gc,heap        ] GC(342) Tenured: 14160K(349568K)->14160K(349568K)
[49.614s][info][gc,metaspace   ] GC(342) Metaspace: 14239K(15168K)->14239K(15168K) NonClass: 12280K(12864K)->12280K(12864K) Class: 1959K(2304K)->1959K(2304K)
[49.614s][info][gc             ] GC(342) Pause Young (Allocation Failure) 151M->15M(494M) 19.978ms
[49.614s][info][gc,cpu         ] GC(342) User=0.02s Sys=0.00s Real=0.02s
[49.718s][info][gc,start       ] GC(343) Pause Young (Allocation Failure)
[49.739s][info][gc,heap        ] GC(343) DefNew: 141444K(157248K)->1686K(157248K) Eden: 139776K(139776K)->0K(139776K) From: 1668K(17472K)->1686K(17472K)
[49.739s][info][gc,heap        ] GC(343) Tenured: 14160K(349568K)->14160K(349568K)
[49.739s][info][gc,metaspace   ] GC(343) Metaspace: 14239K(15168K)->14239K(15168K) NonClass: 12280K(12864K)->12280K(12864K) Class: 1959K(2304K)->1959K(2304K)
[49.739s][info][gc             ] GC(343) Pause Young (Allocation Failure) 151M->15M(494M) 20.161ms
[49.739s][info][gc,cpu         ] GC(343) User=0.02s Sys=0.00s Real=0.02s
[49.854s][info][gc,start       ] GC(344) Pause Young (Allocation Failure)
[49.874s][info][gc,heap        ] GC(344) DefNew: 141462K(157248K)->1704K(157248K) Eden: 139776K(139776K)->0K(139776K) From: 1686K(17472K)->1704K(17472K)
[49.874s][info][gc,heap        ] GC(344) Tenured: 14160K(349568K)->14160K(349568K)
[49.874s][info][gc,metaspace   ] GC(344) Metaspace: 14239K(15168K)->14239K(15168K) NonClass: 12280K(12864K)->12280K(12864K) Class: 1959K(2304K)->1959K(2304K)
[49.874s][info][gc             ] GC(344) Pause Young (Allocation Failure) 151M->15M(494M) 20.026ms
[49.874s][info][gc,cpu         ] GC(344) User=0.02s Sys=0.00s Real=0.02s
[49.979s][info][gc,start       ] GC(345) Pause Young (Allocation Failure)
[49.995s][info][gc,heap        ] GC(345) DefNew: 141480K(157248K)->1721K(157248K) Eden: 139776K(139776K)->0K(139776K) From: 1704K(17472K)->1721K(17472K)
[49.995s][info][gc,heap        ] GC(345) Tenured: 14160K(349568K)->14160K(349568K)
[49.995s][info][gc,metaspace   ] GC(345) Metaspace: 14239K(15168K)->14239K(15168K) NonClass: 12280K(12864K)->12280K(12864K) Class: 1959K(2304K)->1959K(2304K)
[49.995s][info][gc             ] GC(345) Pause Young (Allocation Failure) 151M->15M(494M) 16.206ms
[49.995s][info][gc,cpu         ] GC(345) User=0.02s Sys=0.00s Real=0.02s
[50.097s][info][gc,start       ] GC(346) Pause Young (Allocation Failure)
[50.117s][info][gc,heap        ] GC(346) DefNew: 141497K(157248K)->274K(157248K) Eden: 139776K(139776K)->0K(139776K) From: 1721K(17472K)->274K(17472K)
[50.117s][info][gc,heap        ] GC(346) Tenured: 14160K(349568K)->15626K(349568K)
[50.117s][info][gc,metaspace   ] GC(346) Metaspace: 14239K(15168K)->14239K(15168K) NonClass: 12280K(12864K)->12280K(12864K) Class: 1959K(2304K)->1959K(2304K)
[50.117s][info][gc             ] GC(346) Pause Young (Allocation Failure) 152M->15M(494M) 19.727ms
[50.117s][info][gc,cpu         ] GC(346) User=0.03s Sys=0.00s Real=0.02s
[50.223s][info][gc,start       ] GC(347) Pause Young (Allocation Failure)
[50.241s][info][gc,heap        ] GC(347) DefNew: 140050K(157248K)->272K(157248K) Eden: 139776K(139776K)->0K(139776K) From: 274K(17472K)->272K(17472K)
[50.241s][info][gc,heap        ] GC(347) Tenured: 15626K(349568K)->15643K(349568K)
[50.241s][info][gc,metaspace   ] GC(347) Metaspace: 14239K(15168K)->14239K(15168K) NonClass: 12280K(12864K)->12280K(12864K) Class: 1959K(2304K)->1959K(2304K)
[50.241s][info][gc             ] GC(347) Pause Young (Allocation Failure) 152M->15M(494M) 17.764ms
[50.241s][info][gc,cpu         ] GC(347) User=0.02s Sys=0.00s Real=0.00s
[50.345s][info][gc,start       ] GC(348) Pause Young (Allocation Failure)
[50.361s][info][gc,heap        ] GC(348) DefNew: 140048K(157248K)->273K(157248K) Eden: 139776K(139776K)->0K(139776K) From: 272K(17472K)->273K(17472K)
[50.362s][info][gc,heap        ] GC(348) Tenured: 15643K(349568K)->15661K(349568K)
[50.362s][info][gc,metaspace   ] GC(348) Metaspace: 14239K(15168K)->14239K(15168K) NonClass: 12280K(12864K)->12280K(12864K) Class: 1959K(2304K)->1959K(2304K)
[50.362s][info][gc             ] GC(348) Pause Young (Allocation Failure) 152M->15M(494M) 16.155ms
[50.362s][info][gc,cpu         ] GC(348) User=0.02s Sys=0.00s Real=0.02s
[50.466s][info][gc,start       ] GC(349) Pause Young (Allocation Failure)
[50.487s][info][gc,heap        ] GC(349) DefNew: 140049K(157248K)->273K(157248K) Eden: 139776K(139776K)->0K(139776K) From: 273K(17472K)->273K(17472K)
[50.487s][info][gc,heap        ] GC(349) Tenured: 15661K(349568K)->15678K(349568K)
[50.487s][info][gc,metaspace   ] GC(349) Metaspace: 14239K(15168K)->14239K(15168K) NonClass: 12280K(12864K)->12280K(12864K) Class: 1959K(2304K)->1959K(2304K)
[50.487s][info][gc             ] GC(349) Pause Young (Allocation Failure) 152M->15M(494M) 20.874ms
[50.487s][info][gc,cpu         ] GC(349) User=0.02s Sys=0.00s Real=0.02s
[50.593s][info][gc,start       ] GC(350) Pause Young (Allocation Failure)
[50.614s][info][gc,heap        ] GC(350) DefNew: 140049K(157248K)->273K(157248K) Eden: 139775K(139776K)->0K(139776K) From: 273K(17472K)->273K(17472K)
[50.614s][info][gc,heap        ] GC(350) Tenured: 15678K(349568K)->15696K(349568K)
[50.614s][info][gc,metaspace   ] GC(350) Metaspace: 14239K(15168K)->14239K(15168K) NonClass: 12280K(12864K)->12280K(12864K) Class: 1959K(2304K)->1959K(2304K)
[50.614s][info][gc             ] GC(350) Pause Young (Allocation Failure) 152M->15M(494M) 21.098ms
[50.614s][info][gc,cpu         ] GC(350) User=0.02s Sys=0.00s Real=0.02s
[50.720s][info][gc,start       ] GC(351) Pause Young (Allocation Failure)
[50.743s][info][gc,heap        ] GC(351) DefNew: 140049K(157248K)->274K(157248K) Eden: 139776K(139776K)->0K(139776K) From: 273K(17472K)->274K(17472K)
[50.743s][info][gc,heap        ] GC(351) Tenured: 15696K(349568K)->15714K(349568K)
[50.743s][info][gc,metaspace   ] GC(351) Metaspace: 14239K(15168K)->14239K(15168K) NonClass: 12280K(12864K)->12280K(12864K) Class: 1959K(2304K)->1959K(2304K)
[50.743s][info][gc             ] GC(351) Pause Young (Allocation Failure) 152M->15M(494M) 22.762ms
[50.743s][info][gc,cpu         ] GC(351) User=0.02s Sys=0.00s Real=0.01s
[50.849s][info][gc,start       ] GC(352) Pause Young (Allocation Failure)
[50.871s][info][gc,heap        ] GC(352) DefNew: 140050K(157248K)->275K(157248K) Eden: 139776K(139776K)->0K(139776K) From: 274K(17472K)->275K(17472K)
[50.871s][info][gc,heap        ] GC(352) Tenured: 15714K(349568K)->15731K(349568K)
[50.871s][info][gc,metaspace   ] GC(352) Metaspace: 14239K(15168K)->14239K(15168K) NonClass: 12280K(12864K)->12280K(12864K) Class: 1959K(2304K)->1959K(2304K)
[50.871s][info][gc             ] GC(352) Pause Young (Allocation Failure) 152M->15M(494M) 21.877ms
[50.871s][info][gc,cpu         ] GC(352) User=0.03s Sys=0.00s Real=0.02s
[50.977s][info][gc,start       ] GC(353) Pause Young (Allocation Failure)
[51.000s][info][gc,heap        ] GC(353) DefNew: 140051K(157248K)->274K(157248K) Eden: 139776K(139776K)->0K(139776K) From: 275K(17472K)->274K(17472K)
[51.000s][info][gc,heap        ] GC(353) Tenured: 15731K(349568K)->15749K(349568K)
[51.000s][info][gc,metaspace   ] GC(353) Metaspace: 14239K(15168K)->14239K(15168K) NonClass: 12280K(12864K)->12280K(12864K) Class: 1959K(2304K)->1959K(2304K)
[51.000s][info][gc             ] GC(353) Pause Young (Allocation Failure) 152M->15M(494M) 23.360ms
[51.000s][info][gc,cpu         ] GC(353) User=0.02s Sys=0.00s Real=0.02s
[51.107s][info][gc,start       ] GC(354) Pause Young (Allocation Failure)
[51.124s][info][gc,heap        ] GC(354) DefNew: 140050K(157248K)->273K(157248K) Eden: 139776K(139776K)->0K(139776K) From: 274K(17472K)->273K(17472K)
[51.124s][info][gc,heap        ] GC(354) Tenured: 15749K(349568K)->15767K(349568K)
[51.124s][info][gc,metaspace   ] GC(354) Metaspace: 14239K(15168K)->14239K(15168K) NonClass: 12280K(12864K)->12280K(12864K) Class: 1959K(2304K)->1959K(2304K)
[51.124s][info][gc             ] GC(354) Pause Young (Allocation Failure) 152M->15M(494M) 17.339ms
[51.124s][info][gc,cpu         ] GC(354) User=0.02s Sys=0.00s Real=0.02s
[51.229s][info][gc,start       ] GC(355) Pause Young (Allocation Failure)
[51.247s][info][gc,heap        ] GC(355) DefNew: 140049K(157248K)->274K(157248K) Eden: 139776K(139776K)->0K(139776K) From: 273K(17472K)->274K(17472K)
[51.247s][info][gc,heap        ] GC(355) Tenured: 15767K(349568K)->15785K(349568K)
[51.247s][info][gc,metaspace   ] GC(355) Metaspace: 14239K(15168K)->14239K(15168K) NonClass: 12280K(12864K)->12280K(12864K) Class: 1959K(2304K)->1959K(2304K)
[51.247s][info][gc             ] GC(355) Pause Young (Allocation Failure) 152M->15M(494M) 17.641ms
[51.247s][info][gc,cpu         ] GC(355) User=0.02s Sys=0.00s Real=0.02s
[51.351s][info][gc,start       ] GC(356) Pause Young (Allocation Failure)
[51.374s][info][gc,heap        ] GC(356) DefNew: 140050K(157248K)->272K(157248K) Eden: 139776K(139776K)->0K(139776K) From: 274K(17472K)->272K(17472K)
[51.374s][info][gc,heap        ] GC(356) Tenured: 15785K(349568K)->15802K(349568K)
[51.374s][info][gc,metaspace   ] GC(356) Metaspace: 14239K(15168K)->14239K(15168K) NonClass: 12280K(12864K)->12280K(12864K) Class: 1959K(2304K)->1959K(2304K)
[51.374s][info][gc             ] GC(356) Pause Young (Allocation Failure) 152M->15M(494M) 23.097ms
[51.374s][info][gc,cpu         ] GC(356) User=0.02s Sys=0.00s Real=0.02s
[51.481s][info][gc,start       ] GC(357) Pause Young (Allocation Failure)
[51.506s][info][gc,heap        ] GC(357) DefNew: 140048K(157248K)->271K(157248K) Eden: 139776K(139776K)->0K(139776K) From: 272K(17472K)->271K(17472K)
[51.506s][info][gc,heap        ] GC(357) Tenured: 15802K(349568K)->15820K(349568K)
[51.506s][info][gc,metaspace   ] GC(357) Metaspace: 14239K(15168K)->14239K(15168K) NonClass: 12280K(12864K)->12280K(12864K) Class: 1959K(2304K)->1959K(2304K)
[51.506s][info][gc             ] GC(357) Pause Young (Allocation Failure) 152M->15M(494M) 24.678ms
[51.506s][info][gc,cpu         ] GC(357) User=0.02s Sys=0.00s Real=0.02s
[51.612s][info][gc,start       ] GC(358) Pause Young (Allocation Failure)
[51.630s][info][gc,heap        ] GC(358) DefNew: 140047K(157248K)->270K(157248K) Eden: 139776K(139776K)->0K(139776K) From: 271K(17472K)->270K(17472K)
[51.630s][info][gc,heap        ] GC(358) Tenured: 15820K(349568K)->15838K(349568K)
[51.630s][info][gc,metaspace   ] GC(358) Metaspace: 14239K(15168K)->14239K(15168K) NonClass: 12280K(12864K)->12280K(12864K) Class: 1959K(2304K)->1959K(2304K)
[51.630s][info][gc             ] GC(358) Pause Young (Allocation Failure) 152M->15M(494M) 18.085ms
[51.630s][info][gc,cpu         ] GC(358) User=0.02s Sys=0.00s Real=0.01s
[51.735s][info][gc,start       ] GC(359) Pause Young (Allocation Failure)
[51.759s][info][gc,heap        ] GC(359) DefNew: 140046K(157248K)->270K(157248K) Eden: 139776K(139776K)->0K(139776K) From: 270K(17472K)->270K(17472K)
[51.759s][info][gc,heap        ] GC(359) Tenured: 15838K(349568K)->15855K(349568K)
[51.759s][info][gc,metaspace   ] GC(359) Metaspace: 14239K(15168K)->14239K(15168K) NonClass: 12280K(12864K)->12280K(12864K) Class: 1959K(2304K)->1959K(2304K)
[51.759s][info][gc             ] GC(359) Pause Young (Allocation Failure) 152M->15M(494M) 23.953ms
[51.759s][info][gc,cpu         ] GC(359) User=0.02s Sys=0.00s Real=0.01s
[51.866s][info][gc,start       ] GC(360) Pause Young (Allocation Failure)
[51.891s][info][gc,heap        ] GC(360) DefNew: 140046K(157248K)->271K(157248K) Eden: 139776K(139776K)->0K(139776K) From: 270K(17472K)->271K(17472K)
[51.891s][info][gc,heap        ] GC(360) Tenured: 15855K(349568K)->15873K(349568K)
[51.891s][info][gc,metaspace   ] GC(360) Metaspace: 14239K(15168K)->14239K(15168K) NonClass: 12280K(12864K)->12280K(12864K) Class: 1959K(2304K)->1959K(2304K)
[51.891s][info][gc             ] GC(360) Pause Young (Allocation Failure) 152M->15M(494M) 25.547ms
[51.891s][info][gc,cpu         ] GC(360) User=0.03s Sys=0.00s Real=0.03s
[51.998s][info][gc,start       ] GC(361) Pause Young (Allocation Failure)
[52.017s][info][gc,heap        ] GC(361) DefNew: 140047K(157248K)->271K(157248K) Eden: 139776K(139776K)->0K(139776K) From: 271K(17472K)->271K(17472K)
[52.017s][info][gc,heap        ] GC(361) Tenured: 15873K(349568K)->15890K(349568K)
[52.017s][info][gc,metaspace   ] GC(361) Metaspace: 14239K(15168K)->14239K(15168K) NonClass: 12280K(12864K)->12280K(12864K) Class: 1959K(2304K)->1959K(2304K)
[52.017s][info][gc             ] GC(361) Pause Young (Allocation Failure) 152M->15M(494M) 18.787ms
[52.017s][info][gc,cpu         ] GC(361) User=0.02s Sys=0.00s Real=0.02s
[52.125s][info][gc,start       ] GC(362) Pause Young (Allocation Failure)
[52.150s][info][gc,heap        ] GC(362) DefNew: 140047K(157248K)->271K(157248K) Eden: 139776K(139776K)->0K(139776K) From: 271K(17472K)->271K(17472K)
[52.150s][info][gc,heap        ] GC(362) Tenured: 15890K(349568K)->15908K(349568K)
[52.150s][info][gc,metaspace   ] GC(362) Metaspace: 14239K(15168K)->14239K(15168K) NonClass: 12280K(12864K)->12280K(12864K) Class: 1959K(2304K)->1959K(2304K)
[52.150s][info][gc             ] GC(362) Pause Young (Allocation Failure) 152M->15M(494M) 24.870ms
[52.150s][info][gc,cpu         ] GC(362) User=0.02s Sys=0.00s Real=0.02s
[52.257s][info][gc,start       ] GC(363) Pause Young (Allocation Failure)
[52.282s][info][gc,heap        ] GC(363) DefNew: 140047K(157248K)->271K(157248K) Eden: 139776K(139776K)->0K(139776K) From: 271K(17472K)->271K(17472K)
[52.282s][info][gc,heap        ] GC(363) Tenured: 15908K(349568K)->15926K(349568K)
[52.283s][info][gc,metaspace   ] GC(363) Metaspace: 14239K(15168K)->14239K(15168K) NonClass: 12280K(12864K)->12280K(12864K) Class: 1959K(2304K)->1959K(2304K)
[52.283s][info][gc             ] GC(363) Pause Young (Allocation Failure) 152M->15M(494M) 25.464ms
[52.283s][info][gc,cpu         ] GC(363) User=0.02s Sys=0.00s Real=0.03s
[52.390s][info][gc,start       ] GC(364) Pause Young (Allocation Failure)
[52.417s][info][gc,heap        ] GC(364) DefNew: 140047K(157248K)->271K(157248K) Eden: 139776K(139776K)->0K(139776K) From: 271K(17472K)->271K(17472K)
[52.417s][info][gc,heap        ] GC(364) Tenured: 15926K(349568K)->15943K(349568K)
[52.417s][info][gc,metaspace   ] GC(364) Metaspace: 14239K(15168K)->14239K(15168K) NonClass: 12280K(12864K)->12280K(12864K) Class: 1959K(2304K)->1959K(2304K)
[52.417s][info][gc             ] GC(364) Pause Young (Allocation Failure) 152M->15M(494M) 26.922ms
[52.417s][info][gc,cpu         ] GC(364) User=0.03s Sys=0.00s Real=0.03s
[52.526s][info][gc,start       ] GC(365) Pause Young (Allocation Failure)
[52.545s][info][gc,heap        ] GC(365) DefNew: 140047K(157248K)->272K(157248K) Eden: 139775K(139776K)->0K(139776K) From: 271K(17472K)->272K(17472K)
[52.545s][info][gc,heap        ] GC(365) Tenured: 15943K(349568K)->15961K(349568K)
[52.545s][info][gc,metaspace   ] GC(365) Metaspace: 14239K(15168K)->14239K(15168K) NonClass: 12280K(12864K)->12280K(12864K) Class: 1959K(2304K)->1959K(2304K)
[52.545s][info][gc             ] GC(365) Pause Young (Allocation Failure) 152M->15M(494M) 19.824ms
[52.545s][info][gc,cpu         ] GC(365) User=0.00s Sys=0.00s Real=0.01s
[52.652s][info][gc,start       ] GC(366) Pause Young (Allocation Failure)
[52.678s][info][gc,heap        ] GC(366) DefNew: 140048K(157248K)->271K(157248K) Eden: 139775K(139776K)->0K(139776K) From: 272K(17472K)->271K(17472K)
[52.678s][info][gc,heap        ] GC(366) Tenured: 15961K(349568K)->15979K(349568K)
[52.678s][info][gc,metaspace   ] GC(366) Metaspace: 14239K(15168K)->14239K(15168K) NonClass: 12280K(12864K)->12280K(12864K) Class: 1959K(2304K)->1959K(2304K)
[52.678s][info][gc             ] GC(366) Pause Young (Allocation Failure) 152M->15M(494M) 25.956ms
[52.678s][info][gc,cpu         ] GC(366) User=0.02s Sys=0.00s Real=0.03s
[52.787s][info][gc,start       ] GC(367) Pause Young (Allocation Failure)
[52.813s][info][gc,heap        ] GC(367) DefNew: 140047K(157248K)->271K(157248K) Eden: 139776K(139776K)->0K(139776K) From: 271K(17472K)->271K(17472K)
[52.813s][info][gc,heap        ] GC(367) Tenured: 15979K(349568K)->15998K(349568K)
[52.813s][info][gc,metaspace   ] GC(367) Metaspace: 14239K(15168K)->14239K(15168K) NonClass: 12280K(12864K)->12280K(12864K) Class: 1959K(2304K)->1959K(2304K)
[52.813s][info][gc             ] GC(367) Pause Young (Allocation Failure) 152M->15M(494M) 26.607ms
[52.813s][info][gc,cpu         ] GC(367) User=0.03s Sys=0.00s Real=0.02s
[53.048s][info][gc,start       ] GC(368) Pause Young (Allocation Failure)
[53.075s][info][gc,heap        ] GC(368) DefNew: 140047K(157248K)->271K(157248K) Eden: 139776K(139776K)->0K(139776K) From: 271K(17472K)->271K(17472K)
[53.075s][info][gc,heap        ] GC(368) Tenured: 15998K(349568K)->16015K(349568K)
[53.075s][info][gc,metaspace   ] GC(368) Metaspace: 14239K(15168K)->14239K(15168K) NonClass: 12280K(12864K)->12280K(12864K) Class: 1959K(2304K)->1959K(2304K)
[53.075s][info][gc             ] GC(368) Pause Young (Allocation Failure) 152M->15M(494M) 26.907ms
[53.075s][info][gc,cpu         ] GC(368) User=0.02s Sys=0.00s Real=0.02s
[53.188s][info][gc,start       ] GC(369) Pause Young (Allocation Failure)
[53.207s][info][gc,heap        ] GC(369) DefNew: 140047K(157248K)->271K(157248K) Eden: 139776K(139776K)->0K(139776K) From: 271K(17472K)->271K(17472K)
[53.207s][info][gc,heap        ] GC(369) Tenured: 16015K(349568K)->16033K(349568K)
[53.207s][info][gc,metaspace   ] GC(369) Metaspace: 14239K(15168K)->14239K(15168K) NonClass: 12280K(12864K)->12280K(12864K) Class: 1959K(2304K)->1959K(2304K)
[53.207s][info][gc             ] GC(369) Pause Young (Allocation Failure) 152M->15M(494M) 19.269ms
[53.208s][info][gc,cpu         ] GC(369) User=0.02s Sys=0.02s Real=0.01s
[53.317s][info][gc,start       ] GC(370) Pause Young (Allocation Failure)
[53.335s][info][gc,heap        ] GC(370) DefNew: 140047K(157248K)->271K(157248K) Eden: 139776K(139776K)->0K(139776K) From: 271K(17472K)->271K(17472K)
[53.335s][info][gc,heap        ] GC(370) Tenured: 16033K(349568K)->16050K(349568K)
[53.335s][info][gc,metaspace   ] GC(370) Metaspace: 14239K(15168K)->14239K(15168K) NonClass: 12280K(12864K)->12280K(12864K) Class: 1959K(2304K)->1959K(2304K)
[53.335s][info][gc             ] GC(370) Pause Young (Allocation Failure) 152M->15M(494M) 18.058ms
[53.335s][info][gc,cpu         ] GC(370) User=0.02s Sys=0.00s Real=0.00s
[53.444s][info][gc,start       ] GC(371) Pause Young (Allocation Failure)
[53.461s][info][gc,heap        ] GC(371) DefNew: 140047K(157248K)->274K(157248K) Eden: 139776K(139776K)->0K(139776K) From: 271K(17472K)->274K(17472K)
[53.461s][info][gc,heap        ] GC(371) Tenured: 16050K(349568K)->16065K(349568K)
[53.461s][info][gc,metaspace   ] GC(371) Metaspace: 14239K(15168K)->14239K(15168K) NonClass: 12280K(12864K)->12280K(12864K) Class: 1959K(2304K)->1959K(2304K)
[53.461s][info][gc             ] GC(371) Pause Young (Allocation Failure) 152M->15M(494M) 16.950ms
[53.461s][info][gc,cpu         ] GC(371) User=0.00s Sys=0.00s Real=0.00s
[53.571s][info][gc,start       ] GC(372) Pause Young (Allocation Failure)
[53.588s][info][gc,heap        ] GC(372) DefNew: 140050K(157248K)->274K(157248K) Eden: 139776K(139776K)->0K(139776K) From: 274K(17472K)->274K(17472K)
[53.588s][info][gc,heap        ] GC(372) Tenured: 16065K(349568K)->16083K(349568K)
[53.588s][info][gc,metaspace   ] GC(372) Metaspace: 14239K(15168K)->14239K(15168K) NonClass: 12280K(12864K)->12280K(12864K) Class: 1959K(2304K)->1959K(2304K)
[53.588s][info][gc             ] GC(372) Pause Young (Allocation Failure) 152M->15M(494M) 16.855ms
[53.588s][info][gc,cpu         ] GC(372) User=0.02s Sys=0.00s Real=0.02s
[53.696s][info][gc,start       ] GC(373) Pause Young (Allocation Failure)
[53.711s][info][gc,heap        ] GC(373) DefNew: 140050K(157248K)->275K(157248K) Eden: 139776K(139776K)->0K(139776K) From: 274K(17472K)->275K(17472K)
[53.711s][info][gc,heap        ] GC(373) Tenured: 16083K(349568K)->16100K(349568K)
[53.711s][info][gc,metaspace   ] GC(373) Metaspace: 14239K(15168K)->14239K(15168K) NonClass: 12280K(12864K)->12280K(12864K) Class: 1959K(2304K)->1959K(2304K)
[53.711s][info][gc             ] GC(373) Pause Young (Allocation Failure) 152M->15M(494M) 15.560ms
[53.711s][info][gc,cpu         ] GC(373) User=0.02s Sys=0.00s Real=0.01s
[53.828s][info][gc,start       ] GC(374) Pause Young (Allocation Failure)
[53.847s][info][gc,heap        ] GC(374) DefNew: 140051K(157248K)->279K(157248K) Eden: 139776K(139776K)->0K(139776K) From: 275K(17472K)->279K(17472K)
[53.848s][info][gc,heap        ] GC(374) Tenured: 16100K(349568K)->16118K(349568K)
[53.848s][info][gc,metaspace   ] GC(374) Metaspace: 14239K(15168K)->14239K(15168K) NonClass: 12280K(12864K)->12280K(12864K) Class: 1959K(2304K)->1959K(2304K)
[53.848s][info][gc             ] GC(374) Pause Young (Allocation Failure) 152M->16M(494M) 19.847ms
[53.848s][info][gc,cpu         ] GC(374) User=0.02s Sys=0.00s Real=0.01s
[53.954s][info][gc,start       ] GC(375) Pause Young (Allocation Failure)
[53.975s][info][gc,heap        ] GC(375) DefNew: 140055K(157248K)->279K(157248K) Eden: 139776K(139776K)->0K(139776K) From: 279K(17472K)->279K(17472K)
[53.975s][info][gc,heap        ] GC(375) Tenured: 16118K(349568K)->16136K(349568K)
[53.975s][info][gc,metaspace   ] GC(375) Metaspace: 14239K(15168K)->14239K(15168K) NonClass: 12280K(12864K)->12280K(12864K) Class: 1959K(2304K)->1959K(2304K)
[53.975s][info][gc             ] GC(375) Pause Young (Allocation Failure) 152M->16M(494M) 20.608ms
[53.975s][info][gc,cpu         ] GC(375) User=0.02s Sys=0.00s Real=0.01s
[54.081s][info][gc,start       ] GC(376) Pause Young (Allocation Failure)
[54.103s][info][gc,heap        ] GC(376) DefNew: 140055K(157248K)->279K(157248K) Eden: 139776K(139776K)->0K(139776K) From: 279K(17472K)->279K(17472K)
[54.103s][info][gc,heap        ] GC(376) Tenured: 16136K(349568K)->16153K(349568K)
[54.103s][info][gc,metaspace   ] GC(376) Metaspace: 14239K(15168K)->14239K(15168K) NonClass: 12280K(12864K)->12280K(12864K) Class: 1959K(2304K)->1959K(2304K)
[54.103s][info][gc             ] GC(376) Pause Young (Allocation Failure) 152M->16M(494M) 21.836ms
[54.103s][info][gc,cpu         ] GC(376) User=0.02s Sys=0.00s Real=0.01s
[54.209s][info][gc,start       ] GC(377) Pause Young (Allocation Failure)
[54.226s][info][gc,heap        ] GC(377) DefNew: 140055K(157248K)->279K(157248K) Eden: 139776K(139776K)->0K(139776K) From: 279K(17472K)->279K(17472K)
[54.226s][info][gc,heap        ] GC(377) Tenured: 16153K(349568K)->16171K(349568K)
[54.226s][info][gc,metaspace   ] GC(377) Metaspace: 14239K(15168K)->14239K(15168K) NonClass: 12280K(12864K)->12280K(12864K) Class: 1959K(2304K)->1959K(2304K)
[54.226s][info][gc             ] GC(377) Pause Young (Allocation Failure) 152M->16M(494M) 16.529ms
[54.226s][info][gc,cpu         ] GC(377) User=0.02s Sys=0.00s Real=0.01s
[54.331s][info][gc,start       ] GC(378) Pause Young (Allocation Failure)
[54.352s][info][gc,heap        ] GC(378) DefNew: 140055K(157248K)->280K(157248K) Eden: 139776K(139776K)->0K(139776K) From: 279K(17472K)->280K(17472K)
[54.352s][info][gc,heap        ] GC(378) Tenured: 16171K(349568K)->16188K(349568K)
[54.352s][info][gc,metaspace   ] GC(378) Metaspace: 14239K(15168K)->14239K(15168K) NonClass: 12280K(12864K)->12280K(12864K) Class: 1959K(2304K)->1959K(2304K)
[54.353s][info][gc             ] GC(378) Pause Young (Allocation Failure) 152M->16M(494M) 21.389ms
[54.353s][info][gc,cpu         ] GC(378) User=0.02s Sys=0.00s Real=0.02s
[54.458s][info][gc,start       ] GC(379) Pause Young (Allocation Failure)
[54.480s][info][gc,heap        ] GC(379) DefNew: 140056K(157248K)->279K(157248K) Eden: 139776K(139776K)->0K(139776K) From: 280K(17472K)->279K(17472K)
[54.480s][info][gc,heap        ] GC(379) Tenured: 16188K(349568K)->16206K(349568K)
[54.480s][info][gc,metaspace   ] GC(379) Metaspace: 14239K(15168K)->14239K(15168K) NonClass: 12280K(12864K)->12280K(12864K) Class: 1959K(2304K)->1959K(2304K)
[54.480s][info][gc             ] GC(379) Pause Young (Allocation Failure) 152M->16M(494M) 22.337ms
[54.480s][info][gc,cpu         ] GC(379) User=0.02s Sys=0.00s Real=0.01s
[54.589s][info][gc,start       ] GC(380) Pause Young (Allocation Failure)
[54.605s][info][gc,heap        ] GC(380) DefNew: 140055K(157248K)->279K(157248K) Eden: 139776K(139776K)->0K(139776K) From: 279K(17472K)->279K(17472K)
[54.605s][info][gc,heap        ] GC(380) Tenured: 16206K(349568K)->16224K(349568K)
[54.605s][info][gc,metaspace   ] GC(380) Metaspace: 14239K(15168K)->14239K(15168K) NonClass: 12280K(12864K)->12280K(12864K) Class: 1959K(2304K)->1959K(2304K)
[54.605s][info][gc             ] GC(380) Pause Young (Allocation Failure) 152M->16M(494M) 16.581ms
[54.605s][info][gc,cpu         ] GC(380) User=0.00s Sys=0.00s Real=0.01s
[54.711s][info][gc,start       ] GC(381) Pause Young (Allocation Failure)
[54.728s][info][gc,heap        ] GC(381) DefNew: 140055K(157248K)->279K(157248K) Eden: 139776K(139776K)->0K(139776K) From: 279K(17472K)->279K(17472K)
[54.728s][info][gc,heap        ] GC(381) Tenured: 16224K(349568K)->16242K(349568K)
[54.728s][info][gc,metaspace   ] GC(381) Metaspace: 14239K(15168K)->14239K(15168K) NonClass: 12280K(12864K)->12280K(12864K) Class: 1959K(2304K)->1959K(2304K)
[54.728s][info][gc             ] GC(381) Pause Young (Allocation Failure) 152M->16M(494M) 17.430ms
[54.728s][info][gc,cpu         ] GC(381) User=0.00s Sys=0.00s Real=0.01s
[54.833s][info][gc,start       ] GC(382) Pause Young (Allocation Failure)
[54.856s][info][gc,heap        ] GC(382) DefNew: 140055K(157248K)->279K(157248K) Eden: 139776K(139776K)->0K(139776K) From: 279K(17472K)->279K(17472K)
[54.856s][info][gc,heap        ] GC(382) Tenured: 16242K(349568K)->16260K(349568K)
[54.856s][info][gc,metaspace   ] GC(382) Metaspace: 14239K(15168K)->14239K(15168K) NonClass: 12280K(12864K)->12280K(12864K) Class: 1959K(2304K)->1959K(2304K)
[54.856s][info][gc             ] GC(382) Pause Young (Allocation Failure) 152M->16M(494M) 22.619ms
[54.856s][info][gc,cpu         ] GC(382) User=0.02s Sys=0.00s Real=0.01s
[54.962s][info][gc,start       ] GC(383) Pause Young (Allocation Failure)
[54.984s][info][gc,heap        ] GC(383) DefNew: 140055K(157248K)->279K(157248K) Eden: 139776K(139776K)->0K(139776K) From: 279K(17472K)->279K(17472K)
[54.984s][info][gc,heap        ] GC(383) Tenured: 16260K(349568K)->16278K(349568K)
[54.984s][info][gc,metaspace   ] GC(383) Metaspace: 14239K(15168K)->14239K(15168K) NonClass: 12280K(12864K)->12280K(12864K) Class: 1959K(2304K)->1959K(2304K)
[54.984s][info][gc             ] GC(383) Pause Young (Allocation Failure) 152M->16M(494M) 22.736ms
[54.984s][info][gc,cpu         ] GC(383) User=0.02s Sys=0.00s Real=0.02s
[55.091s][info][gc,start       ] GC(384) Pause Young (Allocation Failure)
[55.114s][info][gc,heap        ] GC(384) DefNew: 140055K(157248K)->279K(157248K) Eden: 139776K(139776K)->0K(139776K) From: 279K(17472K)->279K(17472K)
[55.114s][info][gc,heap        ] GC(384) Tenured: 16278K(349568K)->16295K(349568K)
[55.114s][info][gc,metaspace   ] GC(384) Metaspace: 14239K(15168K)->14239K(15168K) NonClass: 12280K(12864K)->12280K(12864K) Class: 1959K(2304K)->1959K(2304K)
[55.114s][info][gc             ] GC(384) Pause Young (Allocation Failure) 152M->16M(494M) 23.026ms
[55.114s][info][gc,cpu         ] GC(384) User=0.02s Sys=0.00s Real=0.01s
[55.220s][info][gc,start       ] GC(385) Pause Young (Allocation Failure)
[55.244s][info][gc,heap        ] GC(385) DefNew: 140055K(157248K)->278K(157248K) Eden: 139776K(139776K)->0K(139776K) From: 279K(17472K)->278K(17472K)
[55.244s][info][gc,heap        ] GC(385) Tenured: 16295K(349568K)->16313K(349568K)
[55.244s][info][gc,metaspace   ] GC(385) Metaspace: 14239K(15168K)->14239K(15168K) NonClass: 12280K(12864K)->12280K(12864K) Class: 1959K(2304K)->1959K(2304K)
[55.244s][info][gc             ] GC(385) Pause Young (Allocation Failure) 152M->16M(494M) 23.261ms
[55.244s][info][gc,cpu         ] GC(385) User=0.02s Sys=0.00s Real=0.01s
[55.350s][info][gc,start       ] GC(386) Pause Young (Allocation Failure)
[55.373s][info][gc,heap        ] GC(386) DefNew: 140054K(157248K)->279K(157248K) Eden: 139776K(139776K)->0K(139776K) From: 278K(17472K)->279K(17472K)
[55.373s][info][gc,heap        ] GC(386) Tenured: 16313K(349568K)->16331K(349568K)
[55.373s][info][gc,metaspace   ] GC(386) Metaspace: 14239K(15168K)->14239K(15168K) NonClass: 12280K(12864K)->12280K(12864K) Class: 1959K(2304K)->1959K(2304K)
[55.373s][info][gc             ] GC(386) Pause Young (Allocation Failure) 152M->16M(494M) 23.518ms
[55.373s][info][gc,cpu         ] GC(386) User=0.03s Sys=0.00s Real=0.02s
[55.479s][info][gc,start       ] GC(387) Pause Young (Allocation Failure)
[55.503s][info][gc,heap        ] GC(387) DefNew: 140055K(157248K)->278K(157248K) Eden: 139776K(139776K)->0K(139776K) From: 279K(17472K)->278K(17472K)
[55.503s][info][gc,heap        ] GC(387) Tenured: 16331K(349568K)->16349K(349568K)
[55.503s][info][gc,metaspace   ] GC(387) Metaspace: 14239K(15168K)->14239K(15168K) NonClass: 12280K(12864K)->12280K(12864K) Class: 1959K(2304K)->1959K(2304K)
[55.503s][info][gc             ] GC(387) Pause Young (Allocation Failure) 152M->16M(494M) 23.827ms
[55.503s][info][gc,cpu         ] GC(387) User=0.00s Sys=0.00s Real=0.01s
[55.610s][info][gc,start       ] GC(388) Pause Young (Allocation Failure)
[55.636s][info][gc,heap        ] GC(388) DefNew: 140054K(157248K)->279K(157248K) Eden: 139776K(139776K)->0K(139776K) From: 278K(17472K)->279K(17472K)
[55.636s][info][gc,heap        ] GC(388) Tenured: 16349K(349568K)->16366K(349568K)
[55.636s][info][gc,metaspace   ] GC(388) Metaspace: 14239K(15168K)->14239K(15168K) NonClass: 12280K(12864K)->12280K(12864K) Class: 1959K(2304K)->1959K(2304K)
[55.636s][info][gc             ] GC(388) Pause Young (Allocation Failure) 152M->16M(494M) 25.820ms
[55.636s][info][gc,cpu         ] GC(388) User=0.02s Sys=0.00s Real=0.02s
[55.744s][info][gc,start       ] GC(389) Pause Young (Allocation Failure)
[55.763s][info][gc,heap        ] GC(389) DefNew: 140055K(157248K)->274K(157248K) Eden: 139776K(139776K)->0K(139776K) From: 279K(17472K)->274K(17472K)
[55.763s][info][gc,heap        ] GC(389) Tenured: 16366K(349568K)->16389K(349568K)
[55.763s][info][gc,metaspace   ] GC(389) Metaspace: 14239K(15168K)->14239K(15168K) NonClass: 12280K(12864K)->12280K(12864K) Class: 1959K(2304K)->1959K(2304K)
[55.763s][info][gc             ] GC(389) Pause Young (Allocation Failure) 152M->16M(494M) 18.702ms
[55.763s][info][gc,cpu         ] GC(389) User=0.00s Sys=0.00s Real=0.00s
[55.869s][info][gc,start       ] GC(390) Pause Young (Allocation Failure)
[55.894s][info][gc,heap        ] GC(390) DefNew: 140050K(157248K)->274K(157248K) Eden: 139776K(139776K)->0K(139776K) From: 274K(17472K)->274K(17472K)
[55.894s][info][gc,heap        ] GC(390) Tenured: 16389K(349568K)->16406K(349568K)
[55.894s][info][gc,metaspace   ] GC(390) Metaspace: 14239K(15168K)->14239K(15168K) NonClass: 12280K(12864K)->12280K(12864K) Class: 1959K(2304K)->1959K(2304K)
[55.894s][info][gc             ] GC(390) Pause Young (Allocation Failure) 152M->16M(494M) 25.003ms
[55.894s][info][gc,cpu         ] GC(390) User=0.02s Sys=0.00s Real=0.02s
[56.002s][info][gc,start       ] GC(391) Pause Young (Allocation Failure)
[56.028s][info][gc,heap        ] GC(391) DefNew: 140050K(157248K)->274K(157248K) Eden: 139776K(139776K)->0K(139776K) From: 274K(17472K)->274K(17472K)
[56.028s][info][gc,heap        ] GC(391) Tenured: 16406K(349568K)->16424K(349568K)
[56.028s][info][gc,metaspace   ] GC(391) Metaspace: 14239K(15168K)->14239K(15168K) NonClass: 12280K(12864K)->12280K(12864K) Class: 1959K(2304K)->1959K(2304K)
[56.028s][info][gc             ] GC(391) Pause Young (Allocation Failure) 152M->16M(494M) 25.650ms
[56.028s][info][gc,cpu         ] GC(391) User=0.03s Sys=0.00s Real=0.03s
[56.136s][info][gc,start       ] GC(392) Pause Young (Allocation Failure)
[56.163s][info][gc,heap        ] GC(392) DefNew: 140050K(157248K)->274K(157248K) Eden: 139776K(139776K)->0K(139776K) From: 274K(17472K)->274K(17472K)
[56.163s][info][gc,heap        ] GC(392) Tenured: 16424K(349568K)->16442K(349568K)
[56.163s][info][gc,metaspace   ] GC(392) Metaspace: 14239K(15168K)->14239K(15168K) NonClass: 12280K(12864K)->12280K(12864K) Class: 1959K(2304K)->1959K(2304K)
[56.163s][info][gc             ] GC(392) Pause Young (Allocation Failure) 152M->16M(494M) 27.066ms
[56.163s][info][gc,cpu         ] GC(392) User=0.03s Sys=0.00s Real=0.03s
[56.272s][info][gc,start       ] GC(393) Pause Young (Allocation Failure)
[56.298s][info][gc,heap        ] GC(393) DefNew: 140050K(157248K)->273K(157248K) Eden: 139776K(139776K)->0K(139776K) From: 274K(17472K)->273K(17472K)
[56.298s][info][gc,heap        ] GC(393) Tenured: 16442K(349568K)->16460K(349568K)
[56.298s][info][gc,metaspace   ] GC(393) Metaspace: 14239K(15168K)->14239K(15168K) NonClass: 12280K(12864K)->12280K(12864K) Class: 1959K(2304K)->1959K(2304K)
[56.298s][info][gc             ] GC(393) Pause Young (Allocation Failure) 152M->16M(494M) 25.773ms
[56.298s][info][gc,cpu         ] GC(393) User=0.02s Sys=0.00s Real=0.02s
[56.406s][info][gc,start       ] GC(394) Pause Young (Allocation Failure)
[56.433s][info][gc,heap        ] GC(394) DefNew: 140049K(157248K)->273K(157248K) Eden: 139776K(139776K)->0K(139776K) From: 273K(17472K)->273K(17472K)
[56.433s][info][gc,heap        ] GC(394) Tenured: 16460K(349568K)->16478K(349568K)
[56.433s][info][gc,metaspace   ] GC(394) Metaspace: 14239K(15168K)->14239K(15168K) NonClass: 12280K(12864K)->12280K(12864K) Class: 1959K(2304K)->1959K(2304K)
[56.433s][info][gc             ] GC(394) Pause Young (Allocation Failure) 152M->16M(494M) 27.616ms
[56.433s][info][gc,cpu         ] GC(394) User=0.03s Sys=0.00s Real=0.03s
[56.542s][info][gc,start       ] GC(395) Pause Young (Allocation Failure)
[56.569s][info][gc,heap        ] GC(395) DefNew: 140049K(157248K)->272K(157248K) Eden: 139776K(139776K)->0K(139776K) From: 273K(17472K)->272K(17472K)
[56.569s][info][gc,heap        ] GC(395) Tenured: 16478K(349568K)->16495K(349568K)
[56.569s][info][gc,metaspace   ] GC(395) Metaspace: 14239K(15168K)->14239K(15168K) NonClass: 12280K(12864K)->12280K(12864K) Class: 1959K(2304K)->1959K(2304K)
[56.569s][info][gc             ] GC(395) Pause Young (Allocation Failure) 152M->16M(494M) 26.542ms
[56.569s][info][gc,cpu         ] GC(395) User=0.03s Sys=0.00s Real=0.03s
[56.676s][info][gc,start       ] GC(396) Pause Young (Allocation Failure)
[56.705s][info][gc,heap        ] GC(396) DefNew: 140048K(157248K)->273K(157248K) Eden: 139776K(139776K)->0K(139776K) From: 272K(17472K)->273K(17472K)
[56.705s][info][gc,heap        ] GC(396) Tenured: 16495K(349568K)->16513K(349568K)
[56.705s][info][gc,metaspace   ] GC(396) Metaspace: 14239K(15168K)->14239K(15168K) NonClass: 12280K(12864K)->12280K(12864K) Class: 1959K(2304K)->1959K(2304K)
[56.705s][info][gc             ] GC(396) Pause Young (Allocation Failure) 152M->16M(494M) 28.433ms
[56.705s][info][gc,cpu         ] GC(396) User=0.03s Sys=0.00s Real=0.03s
[56.814s][info][gc,start       ] GC(397) Pause Young (Allocation Failure)
[56.841s][info][gc,heap        ] GC(397) DefNew: 140049K(157248K)->272K(157248K) Eden: 139776K(139776K)->0K(139776K) From: 273K(17472K)->272K(17472K)
[56.841s][info][gc,heap        ] GC(397) Tenured: 16513K(349568K)->16531K(349568K)
[56.841s][info][gc,metaspace   ] GC(397) Metaspace: 14239K(15168K)->14239K(15168K) NonClass: 12280K(12864K)->12280K(12864K) Class: 1959K(2304K)->1959K(2304K)
[56.841s][info][gc             ] GC(397) Pause Young (Allocation Failure) 152M->16M(494M) 27.329ms
[56.841s][info][gc,cpu         ] GC(397) User=0.03s Sys=0.00s Real=0.03s
[56.948s][info][gc,start       ] GC(398) Pause Young (Allocation Failure)
[56.976s][info][gc,heap        ] GC(398) DefNew: 140048K(157248K)->273K(157248K) Eden: 139776K(139776K)->0K(139776K) From: 272K(17472K)->273K(17472K)
[56.976s][info][gc,heap        ] GC(398) Tenured: 16531K(349568K)->16549K(349568K)
[56.976s][info][gc,metaspace   ] GC(398) Metaspace: 14239K(15168K)->14239K(15168K) NonClass: 12280K(12864K)->12280K(12864K) Class: 1959K(2304K)->1959K(2304K)
[56.976s][info][gc             ] GC(398) Pause Young (Allocation Failure) 152M->16M(494M) 28.161ms
[56.976s][info][gc,cpu         ] GC(398) User=0.03s Sys=0.00s Real=0.03s
[57.118s][info][gc,start       ] GC(399) Pause Young (Allocation Failure)
[57.146s][info][gc,heap        ] GC(399) DefNew: 140049K(157248K)->272K(157248K) Eden: 139776K(139776K)->0K(139776K) From: 273K(17472K)->272K(17472K)
[57.147s][info][gc,heap        ] GC(399) Tenured: 16549K(349568K)->16566K(349568K)
[57.147s][info][gc,metaspace   ] GC(399) Metaspace: 14239K(15168K)->14239K(15168K) NonClass: 12280K(12864K)->12280K(12864K) Class: 1959K(2304K)->1959K(2304K)
[57.147s][info][gc             ] GC(399) Pause Young (Allocation Failure) 152M->16M(494M) 28.800ms
[57.147s][info][gc,cpu         ] GC(399) User=0.02s Sys=0.00s Real=0.02s
[57.264s][info][gc,start       ] GC(400) Pause Young (Allocation Failure)
[57.283s][info][gc,heap        ] GC(400) DefNew: 140048K(157248K)->273K(157248K) Eden: 139776K(139776K)->0K(139776K) From: 272K(17472K)->273K(17472K)
[57.283s][info][gc,heap        ] GC(400) Tenured: 16566K(349568K)->16584K(349568K)
[57.283s][info][gc,metaspace   ] GC(400) Metaspace: 14239K(15168K)->14239K(15168K) NonClass: 12280K(12864K)->12280K(12864K) Class: 1959K(2304K)->1959K(2304K)
[57.284s][info][gc             ] GC(400) Pause Young (Allocation Failure) 152M->16M(494M) 19.729ms
[57.284s][info][gc,cpu         ] GC(400) User=0.02s Sys=0.00s Real=0.02s
[57.394s][info][gc,start       ] GC(401) Pause Young (Allocation Failure)
[57.419s][info][gc,heap        ] GC(401) DefNew: 140049K(157248K)->273K(157248K) Eden: 139776K(139776K)->0K(139776K) From: 273K(17472K)->273K(17472K)
[57.419s][info][gc,heap        ] GC(401) Tenured: 16584K(349568K)->16602K(349568K)
[57.419s][info][gc,metaspace   ] GC(401) Metaspace: 14239K(15168K)->14239K(15168K) NonClass: 12280K(12864K)->12280K(12864K) Class: 1959K(2304K)->1959K(2304K)
[57.419s][info][gc             ] GC(401) Pause Young (Allocation Failure) 152M->16M(494M) 24.616ms
[57.419s][info][gc,cpu         ] GC(401) User=0.03s Sys=0.00s Real=0.02s
[57.542s][info][gc,start       ] GC(402) Pause Young (Allocation Failure)
[57.565s][info][gc,heap        ] GC(402) DefNew: 140049K(157248K)->276K(157248K) Eden: 139776K(139776K)->0K(139776K) From: 273K(17472K)->276K(17472K)
[57.565s][info][gc,heap        ] GC(402) Tenured: 16602K(349568K)->16619K(349568K)
[57.565s][info][gc,metaspace   ] GC(402) Metaspace: 14239K(15168K)->14239K(15168K) NonClass: 12280K(12864K)->12280K(12864K) Class: 1959K(2304K)->1959K(2304K)
[57.565s][info][gc             ] GC(402) Pause Young (Allocation Failure) 152M->16M(494M) 22.742ms
[57.565s][info][gc,cpu         ] GC(402) User=0.02s Sys=0.00s Real=0.02s
[57.682s][info][gc,start       ] GC(403) Pause Young (Allocation Failure)
[57.699s][info][gc,heap        ] GC(403) DefNew: 140052K(157248K)->280K(157248K) Eden: 139776K(139776K)->0K(139776K) From: 276K(17472K)->280K(17472K)
[57.699s][info][gc,heap        ] GC(403) Tenured: 16619K(349568K)->16637K(349568K)
[57.699s][info][gc,metaspace   ] GC(403) Metaspace: 14239K(15168K)->14239K(15168K) NonClass: 12280K(12864K)->12280K(12864K) Class: 1959K(2304K)->1959K(2304K)
[57.699s][info][gc             ] GC(403) Pause Young (Allocation Failure) 152M->16M(494M) 16.897ms
[57.699s][info][gc,cpu         ] GC(403) User=0.00s Sys=0.00s Real=0.01s
[57.807s][info][gc,start       ] GC(404) Pause Young (Allocation Failure)
[57.824s][info][gc,heap        ] GC(404) DefNew: 140056K(157248K)->280K(157248K) Eden: 139776K(139776K)->0K(139776K) From: 280K(17472K)->280K(17472K)
[57.824s][info][gc,heap        ] GC(404) Tenured: 16637K(349568K)->16655K(349568K)
[57.824s][info][gc,metaspace   ] GC(404) Metaspace: 14239K(15168K)->14239K(15168K) NonClass: 12280K(12864K)->12280K(12864K) Class: 1959K(2304K)->1959K(2304K)
[57.824s][info][gc             ] GC(404) Pause Young (Allocation Failure) 153M->16M(494M) 17.140ms
[57.824s][info][gc,cpu         ] GC(404) User=0.00s Sys=0.00s Real=0.00s
[57.930s][info][gc,start       ] GC(405) Pause Young (Allocation Failure)
[57.951s][info][gc,heap        ] GC(405) DefNew: 140056K(157248K)->279K(157248K) Eden: 139776K(139776K)->0K(139776K) From: 280K(17472K)->279K(17472K)
[57.951s][info][gc,heap        ] GC(405) Tenured: 16655K(349568K)->16672K(349568K)
[57.951s][info][gc,metaspace   ] GC(405) Metaspace: 14239K(15168K)->14239K(15168K) NonClass: 12280K(12864K)->12280K(12864K) Class: 1959K(2304K)->1959K(2304K)
[57.951s][info][gc             ] GC(405) Pause Young (Allocation Failure) 153M->16M(494M) 21.321ms
[57.951s][info][gc,cpu         ] GC(405) User=0.02s Sys=0.00s Real=0.02s
[58.057s][info][gc,start       ] GC(406) Pause Young (Allocation Failure)
[58.080s][info][gc,heap        ] GC(406) DefNew: 140055K(157248K)->280K(157248K) Eden: 139776K(139776K)->0K(139776K) From: 279K(17472K)->280K(17472K)
[58.080s][info][gc,heap        ] GC(406) Tenured: 16672K(349568K)->16690K(349568K)
[58.080s][info][gc,metaspace   ] GC(406) Metaspace: 14239K(15168K)->14239K(15168K) NonClass: 12280K(12864K)->12280K(12864K) Class: 1959K(2304K)->1959K(2304K)
[58.080s][info][gc             ] GC(406) Pause Young (Allocation Failure) 153M->16M(494M) 22.762ms
[58.080s][info][gc,cpu         ] GC(406) User=0.02s Sys=0.00s Real=0.02s
[58.186s][info][gc,start       ] GC(407) Pause Young (Allocation Failure)
[58.208s][info][gc,heap        ] GC(407) DefNew: 140056K(157248K)->280K(157248K) Eden: 139776K(139776K)->0K(139776K) From: 280K(17472K)->280K(17472K)
[58.208s][info][gc,heap        ] GC(407) Tenured: 16690K(349568K)->16707K(349568K)
[58.208s][info][gc,metaspace   ] GC(407) Metaspace: 14239K(15168K)->14239K(15168K) NonClass: 12280K(12864K)->12280K(12864K) Class: 1959K(2304K)->1959K(2304K)
[58.208s][info][gc             ] GC(407) Pause Young (Allocation Failure) 153M->16M(494M) 21.702ms
[58.208s][info][gc,cpu         ] GC(407) User=0.02s Sys=0.00s Real=0.01s
[58.321s][info][gc,start       ] GC(408) Pause Young (Allocation Failure)
[58.343s][info][gc,heap        ] GC(408) DefNew: 140056K(157248K)->283K(157248K) Eden: 139776K(139776K)->0K(139776K) From: 280K(17472K)->283K(17472K)
[58.343s][info][gc,heap        ] GC(408) Tenured: 16707K(349568K)->16725K(349568K)
[58.343s][info][gc,metaspace   ] GC(408) Metaspace: 14239K(15168K)->14239K(15168K) NonClass: 12280K(12864K)->12280K(12864K) Class: 1959K(2304K)->1959K(2304K)
[58.343s][info][gc             ] GC(408) Pause Young (Allocation Failure) 153M->16M(494M) 22.223ms
[58.343s][info][gc,cpu         ] GC(408) User=0.02s Sys=0.00s Real=0.02s
[58.451s][info][gc,start       ] GC(409) Pause Young (Allocation Failure)
[58.473s][info][gc,heap        ] GC(409) DefNew: 140059K(157248K)->283K(157248K) Eden: 139776K(139776K)->0K(139776K) From: 283K(17472K)->283K(17472K)
[58.473s][info][gc,heap        ] GC(409) Tenured: 16725K(349568K)->16743K(349568K)
[58.473s][info][gc,metaspace   ] GC(409) Metaspace: 14239K(15168K)->14239K(15168K) NonClass: 12280K(12864K)->12280K(12864K) Class: 1959K(2304K)->1959K(2304K)
[58.473s][info][gc             ] GC(409) Pause Young (Allocation Failure) 153M->16M(494M) 22.071ms
[58.473s][info][gc,cpu         ] GC(409) User=0.00s Sys=0.00s Real=0.01s
[58.580s][info][gc,start       ] GC(410) Pause Young (Allocation Failure)
[58.604s][info][gc,heap        ] GC(410) DefNew: 140059K(157248K)->283K(157248K) Eden: 139776K(139776K)->0K(139776K) From: 283K(17472K)->283K(17472K)
[58.604s][info][gc,heap        ] GC(410) Tenured: 16743K(349568K)->16760K(349568K)
[58.604s][info][gc,metaspace   ] GC(410) Metaspace: 14239K(15168K)->14239K(15168K) NonClass: 12280K(12864K)->12280K(12864K) Class: 1959K(2304K)->1959K(2304K)
[58.604s][info][gc             ] GC(410) Pause Young (Allocation Failure) 153M->16M(494M) 24.159ms
[58.604s][info][gc,cpu         ] GC(410) User=0.03s Sys=0.00s Real=0.02s
[58.710s][info][gc,start       ] GC(411) Pause Young (Allocation Failure)
[58.727s][info][gc,heap        ] GC(411) DefNew: 140059K(157248K)->281K(157248K) Eden: 139776K(139776K)->0K(139776K) From: 283K(17472K)->281K(17472K)
[58.727s][info][gc,heap        ] GC(411) Tenured: 16760K(349568K)->16778K(349568K)
[58.727s][info][gc,metaspace   ] GC(411) Metaspace: 14239K(15168K)->14239K(15168K) NonClass: 12280K(12864K)->12280K(12864K) Class: 1959K(2304K)->1959K(2304K)
[58.727s][info][gc             ] GC(411) Pause Young (Allocation Failure) 153M->16M(494M) 17.618ms
[58.727s][info][gc,cpu         ] GC(411) User=0.02s Sys=0.00s Real=0.02s
[58.833s][info][gc,start       ] GC(412) Pause Young (Allocation Failure)
[58.850s][info][gc,heap        ] GC(412) DefNew: 140057K(157248K)->280K(157248K) Eden: 139776K(139776K)->0K(139776K) From: 281K(17472K)->280K(17472K)
[58.850s][info][gc,heap        ] GC(412) Tenured: 16778K(349568K)->16796K(349568K)
[58.850s][info][gc,metaspace   ] GC(412) Metaspace: 14239K(15168K)->14239K(15168K) NonClass: 12280K(12864K)->12280K(12864K) Class: 1959K(2304K)->1959K(2304K)
[58.850s][info][gc             ] GC(412) Pause Young (Allocation Failure) 153M->16M(494M) 17.490ms
[58.850s][info][gc,cpu         ] GC(412) User=0.03s Sys=0.00s Real=0.02s
[58.956s][info][gc,start       ] GC(413) Pause Young (Allocation Failure)
[58.974s][info][gc,heap        ] GC(413) DefNew: 140056K(157248K)->280K(157248K) Eden: 139776K(139776K)->0K(139776K) From: 280K(17472K)->280K(17472K)
[58.974s][info][gc,heap        ] GC(413) Tenured: 16796K(349568K)->16813K(349568K)
[58.974s][info][gc,metaspace   ] GC(413) Metaspace: 14239K(15168K)->14239K(15168K) NonClass: 12280K(12864K)->12280K(12864K) Class: 1959K(2304K)->1959K(2304K)
[58.974s][info][gc             ] GC(413) Pause Young (Allocation Failure) 153M->16M(494M) 17.966ms
[58.974s][info][gc,cpu         ] GC(413) User=0.02s Sys=0.00s Real=0.01s
[59.081s][info][gc,start       ] GC(414) Pause Young (Allocation Failure)
[59.099s][info][gc,heap        ] GC(414) DefNew: 140056K(157248K)->279K(157248K) Eden: 139776K(139776K)->0K(139776K) From: 280K(17472K)->279K(17472K)
[59.099s][info][gc,heap        ] GC(414) Tenured: 16813K(349568K)->16831K(349568K)
[59.099s][info][gc,metaspace   ] GC(414) Metaspace: 14239K(15168K)->14239K(15168K) NonClass: 12280K(12864K)->12280K(12864K) Class: 1959K(2304K)->1959K(2304K)
[59.099s][info][gc             ] GC(414) Pause Young (Allocation Failure) 153M->16M(494M) 18.395ms
[59.099s][info][gc,cpu         ] GC(414) User=0.02s Sys=0.00s Real=0.01s
[59.205s][info][gc,start       ] GC(415) Pause Young (Allocation Failure)
[59.229s][info][gc,heap        ] GC(415) DefNew: 140055K(157248K)->280K(157248K) Eden: 139776K(139776K)->0K(139776K) From: 279K(17472K)->280K(17472K)
[59.229s][info][gc,heap        ] GC(415) Tenured: 16831K(349568K)->16849K(349568K)
[59.229s][info][gc,metaspace   ] GC(415) Metaspace: 14239K(15168K)->14239K(15168K) NonClass: 12280K(12864K)->12280K(12864K) Class: 1959K(2304K)->1959K(2304K)
[59.229s][info][gc             ] GC(415) Pause Young (Allocation Failure) 153M->16M(494M) 24.266ms
[59.229s][info][gc,cpu         ] GC(415) User=0.02s Sys=0.00s Real=0.01s
[59.336s][info][gc,start       ] GC(416) Pause Young (Allocation Failure)
[59.360s][info][gc,heap        ] GC(416) DefNew: 140056K(157248K)->284K(157248K) Eden: 139776K(139776K)->0K(139776K) From: 280K(17472K)->284K(17472K)
[59.360s][info][gc,heap        ] GC(416) Tenured: 16849K(349568K)->16867K(349568K)
[59.360s][info][gc,metaspace   ] GC(416) Metaspace: 14239K(15168K)->14239K(15168K) NonClass: 12280K(12864K)->12280K(12864K) Class: 1959K(2304K)->1959K(2304K)
[59.360s][info][gc             ] GC(416) Pause Young (Allocation Failure) 153M->16M(494M) 24.206ms
[59.360s][info][gc,cpu         ] GC(416) User=0.00s Sys=0.00s Real=0.01s
[59.468s][info][gc,start       ] GC(417) Pause Young (Allocation Failure)
[59.494s][info][gc,heap        ] GC(417) DefNew: 140060K(157248K)->281K(157248K) Eden: 139776K(139776K)->0K(139776K) From: 284K(17472K)->281K(17472K)
[59.494s][info][gc,heap        ] GC(417) Tenured: 16867K(349568K)->16887K(349568K)
[59.494s][info][gc,metaspace   ] GC(417) Metaspace: 14239K(15168K)->14239K(15168K) NonClass: 12280K(12864K)->12280K(12864K) Class: 1959K(2304K)->1959K(2304K)
[59.494s][info][gc             ] GC(417) Pause Young (Allocation Failure) 153M->16M(494M) 26.200ms
[59.494s][info][gc,cpu         ] GC(417) User=0.03s Sys=0.00s Real=0.02s
[59.602s][info][gc,start       ] GC(418) Pause Young (Allocation Failure)
[59.621s][info][gc,heap        ] GC(418) DefNew: 140057K(157248K)->278K(157248K) Eden: 139776K(139776K)->0K(139776K) From: 281K(17472K)->278K(17472K)
[59.621s][info][gc,heap        ] GC(418) Tenured: 16887K(349568K)->16908K(349568K)
[59.621s][info][gc,metaspace   ] GC(418) Metaspace: 14239K(15168K)->14239K(15168K) NonClass: 12280K(12864K)->12280K(12864K) Class: 1959K(2304K)->1959K(2304K)
[59.621s][info][gc             ] GC(418) Pause Young (Allocation Failure) 153M->16M(494M) 18.946ms
[59.621s][info][gc,cpu         ] GC(418) User=0.00s Sys=0.00s Real=0.01s
[59.727s][info][gc,start       ] GC(419) Pause Young (Allocation Failure)
[59.753s][info][gc,heap        ] GC(419) DefNew: 140054K(157248K)->277K(157248K) Eden: 139776K(139776K)->0K(139776K) From: 278K(17472K)->277K(17472K)
[59.753s][info][gc,heap        ] GC(419) Tenured: 16908K(349568K)->16926K(349568K)
[59.753s][info][gc,metaspace   ] GC(419) Metaspace: 14239K(15168K)->14239K(15168K) NonClass: 12280K(12864K)->12280K(12864K) Class: 1959K(2304K)->1959K(2304K)
[59.753s][info][gc             ] GC(419) Pause Young (Allocation Failure) 153M->16M(494M) 25.389ms
[59.753s][info][gc,cpu         ] GC(419) User=0.02s Sys=0.00s Real=0.03s
[59.861s][info][gc,start       ] GC(420) Pause Young (Allocation Failure)
[59.886s][info][gc,heap        ] GC(420) DefNew: 140053K(157248K)->277K(157248K) Eden: 139776K(139776K)->0K(139776K) From: 277K(17472K)->277K(17472K)
[59.886s][info][gc,heap        ] GC(420) Tenured: 16926K(349568K)->16944K(349568K)
[59.886s][info][gc,metaspace   ] GC(420) Metaspace: 14239K(15168K)->14239K(15168K) NonClass: 12280K(12864K)->12280K(12864K) Class: 1959K(2304K)->1959K(2304K)
[59.886s][info][gc             ] GC(420) Pause Young (Allocation Failure) 153M->16M(494M) 25.408ms
[59.886s][info][gc,cpu         ] GC(420) User=0.03s Sys=0.00s Real=0.02s
[59.992s][info][gc,start       ] GC(421) Pause Young (Allocation Failure)
[60.017s][info][gc,heap        ] GC(421) DefNew: 140053K(157248K)->277K(157248K) Eden: 139776K(139776K)->0K(139776K) From: 277K(17472K)->277K(17472K)
[60.017s][info][gc,heap        ] GC(421) Tenured: 16944K(349568K)->16962K(349568K)
[60.017s][info][gc,metaspace   ] GC(421) Metaspace: 14239K(15168K)->14239K(15168K) NonClass: 12280K(12864K)->12280K(12864K) Class: 1959K(2304K)->1959K(2304K)
[60.017s][info][gc             ] GC(421) Pause Young (Allocation Failure) 153M->16M(494M) 25.601ms
[60.017s][info][gc,cpu         ] GC(421) User=0.02s Sys=0.00s Real=0.03s
[60.124s][info][gc,start       ] GC(422) Pause Young (Allocation Failure)
[60.150s][info][gc,heap        ] GC(422) DefNew: 140053K(157248K)->276K(157248K) Eden: 139776K(139776K)->0K(139776K) From: 277K(17472K)->276K(17472K)
[60.150s][info][gc,heap        ] GC(422) Tenured: 16962K(349568K)->16979K(349568K)
[60.150s][info][gc,metaspace   ] GC(422) Metaspace: 14239K(15168K)->14239K(15168K) NonClass: 12280K(12864K)->12280K(12864K) Class: 1959K(2304K)->1959K(2304K)
[60.150s][info][gc             ] GC(422) Pause Young (Allocation Failure) 153M->16M(494M) 26.239ms
[60.150s][info][gc,cpu         ] GC(422) User=0.02s Sys=0.00s Real=0.02s
[60.256s][info][gc,start       ] GC(423) Pause Young (Allocation Failure)
[60.284s][info][gc,heap        ] GC(423) DefNew: 140052K(157248K)->273K(157248K) Eden: 139776K(139776K)->0K(139776K) From: 276K(17472K)->273K(17472K)
[60.284s][info][gc,heap        ] GC(423) Tenured: 16979K(349568K)->17000K(349568K)
[60.284s][info][gc,metaspace   ] GC(423) Metaspace: 14239K(15168K)->14239K(15168K) NonClass: 12280K(12864K)->12280K(12864K) Class: 1959K(2304K)->1959K(2304K)
[60.284s][info][gc             ] GC(423) Pause Young (Allocation Failure) 153M->16M(494M) 27.924ms
[60.284s][info][gc,cpu         ] GC(423) User=0.03s Sys=0.00s Real=0.03s
[60.391s][info][gc,start       ] GC(424) Pause Young (Allocation Failure)
[60.418s][info][gc,heap        ] GC(424) DefNew: 140049K(157248K)->274K(157248K) Eden: 139776K(139776K)->0K(139776K) From: 273K(17472K)->274K(17472K)
[60.418s][info][gc,heap        ] GC(424) Tenured: 17000K(349568K)->17018K(349568K)
[60.418s][info][gc,metaspace   ] GC(424) Metaspace: 14239K(15168K)->14239K(15168K) NonClass: 12280K(12864K)->12280K(12864K) Class: 1959K(2304K)->1959K(2304K)
[60.418s][info][gc             ] GC(424) Pause Young (Allocation Failure) 153M->16M(494M) 26.549ms
[60.418s][info][gc,cpu         ] GC(424) User=0.02s Sys=0.00s Real=0.02s
[60.526s][info][gc,start       ] GC(425) Pause Young (Allocation Failure)
[60.555s][info][gc,heap        ] GC(425) DefNew: 140050K(157248K)->275K(157248K) Eden: 139776K(139776K)->0K(139776K) From: 274K(17472K)->275K(17472K)
[60.555s][info][gc,heap        ] GC(425) Tenured: 17018K(349568K)->17035K(349568K)
[60.555s][info][gc,metaspace   ] GC(425) Metaspace: 14239K(15168K)->14239K(15168K) NonClass: 12280K(12864K)->12280K(12864K) Class: 1959K(2304K)->1959K(2304K)
[60.555s][info][gc             ] GC(425) Pause Young (Allocation Failure) 153M->16M(494M) 28.996ms
[60.555s][info][gc,cpu         ] GC(425) User=0.02s Sys=0.00s Real=0.02s
[60.663s][info][gc,start       ] GC(426) Pause Young (Allocation Failure)
[60.684s][info][gc,heap        ] GC(426) DefNew: 140051K(157248K)->278K(157248K) Eden: 139776K(139776K)->0K(139776K) From: 275K(17472K)->278K(17472K)
[60.684s][info][gc,heap        ] GC(426) Tenured: 17035K(349568K)->17050K(349568K)
[60.684s][info][gc,metaspace   ] GC(426) Metaspace: 14239K(15168K)->14239K(15168K) NonClass: 12280K(12864K)->12280K(12864K) Class: 1959K(2304K)->1959K(2304K)
[60.684s][info][gc             ] GC(426) Pause Young (Allocation Failure) 153M->16M(494M) 20.878ms
[60.684s][info][gc,cpu         ] GC(426) User=0.00s Sys=0.00s Real=0.01s
[60.790s][info][gc,start       ] GC(427) Pause Young (Allocation Failure)
[60.811s][info][gc,heap        ] GC(427) DefNew: 140054K(157248K)->277K(157248K) Eden: 139776K(139776K)->0K(139776K) From: 278K(17472K)->277K(17472K)
[60.812s][info][gc,heap        ] GC(427) Tenured: 17050K(349568K)->17068K(349568K)
[60.812s][info][gc,metaspace   ] GC(427) Metaspace: 14239K(15168K)->14239K(15168K) NonClass: 12280K(12864K)->12280K(12864K) Class: 1959K(2304K)->1959K(2304K)
[60.812s][info][gc             ] GC(427) Pause Young (Allocation Failure) 153M->16M(494M) 21.159ms
[60.812s][info][gc,cpu         ] GC(427) User=0.02s Sys=0.00s Real=0.02s
[60.918s][info][gc,start       ] GC(428) Pause Young (Allocation Failure)
[60.940s][info][gc,heap        ] GC(428) DefNew: 140053K(157248K)->277K(157248K) Eden: 139776K(139776K)->0K(139776K) From: 277K(17472K)->277K(17472K)
[60.940s][info][gc,heap        ] GC(428) Tenured: 17068K(349568K)->17085K(349568K)
[60.940s][info][gc,metaspace   ] GC(428) Metaspace: 14239K(15168K)->14239K(15168K) NonClass: 12280K(12864K)->12280K(12864K) Class: 1959K(2304K)->1959K(2304K)
[60.940s][info][gc             ] GC(428) Pause Young (Allocation Failure) 153M->16M(494M) 22.058ms
[60.940s][info][gc,cpu         ] GC(428) User=0.00s Sys=0.00s Real=0.01s
[61.181s][info][gc,start       ] GC(429) Pause Young (Allocation Failure)
[61.208s][info][gc,heap        ] GC(429) DefNew: 140053K(157248K)->277K(157248K) Eden: 139776K(139776K)->0K(139776K) From: 277K(17472K)->277K(17472K)
[61.209s][info][gc,heap        ] GC(429) Tenured: 17085K(349568K)->17103K(349568K)
[61.209s][info][gc,metaspace   ] GC(429) Metaspace: 14239K(15168K)->14239K(15168K) NonClass: 12280K(12864K)->12280K(12864K) Class: 1959K(2304K)->1959K(2304K)
[61.209s][info][gc             ] GC(429) Pause Young (Allocation Failure) 153M->16M(494M) 27.726ms
[61.209s][info][gc,cpu         ] GC(429) User=0.02s Sys=0.00s Real=0.02s
[61.323s][info][gc,start       ] GC(430) Pause Young (Allocation Failure)
[61.343s][info][gc,heap        ] GC(430) DefNew: 140053K(157248K)->278K(157248K) Eden: 139776K(139776K)->0K(139776K) From: 277K(17472K)->278K(17472K)
[61.343s][info][gc,heap        ] GC(430) Tenured: 17103K(349568K)->17121K(349568K)
[61.344s][info][gc,metaspace   ] GC(430) Metaspace: 14239K(15168K)->14239K(15168K) NonClass: 12280K(12864K)->12280K(12864K) Class: 1959K(2304K)->1959K(2304K)
[61.344s][info][gc             ] GC(430) Pause Young (Allocation Failure) 153M->16M(494M) 20.361ms
[61.344s][info][gc,cpu         ] GC(430) User=0.00s Sys=0.00s Real=0.00s
[61.463s][info][gc,start       ] GC(431) Pause Young (Allocation Failure)
[61.489s][info][gc,heap        ] GC(431) DefNew: 140054K(157248K)->277K(157248K) Eden: 139776K(139776K)->0K(139776K) From: 278K(17472K)->277K(17472K)
[61.489s][info][gc,heap        ] GC(431) Tenured: 17121K(349568K)->17142K(349568K)
[61.489s][info][gc,metaspace   ] GC(431) Metaspace: 14239K(15168K)->14239K(15168K) NonClass: 12280K(12864K)->12280K(12864K) Class: 1959K(2304K)->1959K(2304K)
[61.489s][info][gc             ] GC(431) Pause Young (Allocation Failure) 153M->17M(494M) 25.262ms
[61.489s][info][gc,cpu         ] GC(431) User=0.02s Sys=0.00s Real=0.03s
[61.600s][info][gc,start       ] GC(432) Pause Young (Allocation Failure)
[61.624s][info][gc,heap        ] GC(432) DefNew: 140053K(157248K)->277K(157248K) Eden: 139775K(139776K)->0K(139776K) From: 277K(17472K)->277K(17472K)
[61.624s][info][gc,heap        ] GC(432) Tenured: 17142K(349568K)->17160K(349568K)
[61.624s][info][gc,metaspace   ] GC(432) Metaspace: 14239K(15168K)->14239K(15168K) NonClass: 12280K(12864K)->12280K(12864K) Class: 1959K(2304K)->1959K(2304K)
[61.624s][info][gc             ] GC(432) Pause Young (Allocation Failure) 153M->17M(494M) 23.593ms
[61.624s][info][gc,cpu         ] GC(432) User=0.02s Sys=0.00s Real=0.02s
[61.736s][info][gc,start       ] GC(433) Pause Young (Allocation Failure)
[61.759s][info][gc,heap        ] GC(433) DefNew: 140053K(157248K)->278K(157248K) Eden: 139776K(139776K)->0K(139776K) From: 277K(17472K)->278K(17472K)
[61.759s][info][gc,heap        ] GC(433) Tenured: 17160K(349568K)->17178K(349568K)
[61.759s][info][gc,metaspace   ] GC(433) Metaspace: 14239K(15168K)->14239K(15168K) NonClass: 12280K(12864K)->12280K(12864K) Class: 1959K(2304K)->1959K(2304K)
[61.759s][info][gc             ] GC(433) Pause Young (Allocation Failure) 153M->17M(494M) 23.199ms
[61.759s][info][gc,cpu         ] GC(433) User=0.02s Sys=0.00s Real=0.02s
[61.869s][info][gc,start       ] GC(434) Pause Young (Allocation Failure)
[61.899s][info][gc,heap        ] GC(434) DefNew: 140054K(157248K)->278K(157248K) Eden: 139776K(139776K)->0K(139776K) From: 278K(17472K)->278K(17472K)
[61.899s][info][gc,heap        ] GC(434) Tenured: 17178K(349568K)->17196K(349568K)
[61.899s][info][gc,metaspace   ] GC(434) Metaspace: 14239K(15168K)->14239K(15168K) NonClass: 12280K(12864K)->12280K(12864K) Class: 1959K(2304K)->1959K(2304K)
[61.899s][info][gc             ] GC(434) Pause Young (Allocation Failure) 153M->17M(494M) 29.378ms
[61.899s][info][gc,cpu         ] GC(434) User=0.02s Sys=0.00s Real=0.02s
[62.007s][info][gc,start       ] GC(435) Pause Young (Allocation Failure)
[62.029s][info][gc,heap        ] GC(435) DefNew: 140054K(157248K)->278K(157248K) Eden: 139776K(139776K)->0K(139776K) From: 278K(17472K)->278K(17472K)
[62.029s][info][gc,heap        ] GC(435) Tenured: 17196K(349568K)->17213K(349568K)
[62.029s][info][gc,metaspace   ] GC(435) Metaspace: 14239K(15168K)->14239K(15168K) NonClass: 12280K(12864K)->12280K(12864K) Class: 1959K(2304K)->1959K(2304K)
[62.029s][info][gc             ] GC(435) Pause Young (Allocation Failure) 153M->17M(494M) 22.031ms
[62.029s][info][gc,cpu         ] GC(435) User=0.02s Sys=0.00s Real=0.02s
[62.145s][info][gc,start       ] GC(436) Pause Young (Allocation Failure)
[62.168s][info][gc,heap        ] GC(436) DefNew: 140054K(157248K)->279K(157248K) Eden: 139776K(139776K)->0K(139776K) From: 278K(17472K)->279K(17472K)
[62.168s][info][gc,heap        ] GC(436) Tenured: 17213K(349568K)->17231K(349568K)
[62.168s][info][gc,metaspace   ] GC(436) Metaspace: 14239K(15168K)->14239K(15168K) NonClass: 12280K(12864K)->12280K(12864K) Class: 1959K(2304K)->1959K(2304K)
[62.168s][info][gc             ] GC(436) Pause Young (Allocation Failure) 153M->17M(494M) 22.221ms
[62.168s][info][gc,cpu         ] GC(436) User=0.02s Sys=0.00s Real=0.02s
[62.271s][info][gc,start       ] GC(437) Pause Young (Allocation Failure)
[62.294s][info][gc,heap        ] GC(437) DefNew: 140055K(157248K)->278K(157248K) Eden: 139776K(139776K)->0K(139776K) From: 279K(17472K)->278K(17472K)
[62.294s][info][gc,heap        ] GC(437) Tenured: 17231K(349568K)->17248K(349568K)
[62.294s][info][gc,metaspace   ] GC(437) Metaspace: 14239K(15168K)->14239K(15168K) NonClass: 12280K(12864K)->12280K(12864K) Class: 1959K(2304K)->1959K(2304K)
[62.294s][info][gc             ] GC(437) Pause Young (Allocation Failure) 153M->17M(494M) 22.414ms
[62.294s][info][gc,cpu         ] GC(437) User=0.02s Sys=0.00s Real=0.01s
[62.400s][info][gc,start       ] GC(438) Pause Young (Allocation Failure)
[62.424s][info][gc,heap        ] GC(438) DefNew: 140054K(157248K)->276K(157248K) Eden: 139776K(139776K)->0K(139776K) From: 278K(17472K)->276K(17472K)
[62.424s][info][gc,heap        ] GC(438) Tenured: 17248K(349568K)->17266K(349568K)
[62.424s][info][gc,metaspace   ] GC(438) Metaspace: 14239K(15168K)->14239K(15168K) NonClass: 12280K(12864K)->12280K(12864K) Class: 1959K(2304K)->1959K(2304K)
[62.425s][info][gc             ] GC(438) Pause Young (Allocation Failure) 153M->17M(494M) 24.023ms
[62.425s][info][gc,cpu         ] GC(438) User=0.02s Sys=0.00s Real=0.02s
[62.532s][info][gc,start       ] GC(439) Pause Young (Allocation Failure)
[62.554s][info][gc,heap        ] GC(439) DefNew: 140052K(157248K)->278K(157248K) Eden: 139776K(139776K)->0K(139776K) From: 276K(17472K)->278K(17472K)
[62.554s][info][gc,heap        ] GC(439) Tenured: 17266K(349568K)->17284K(349568K)
[62.554s][info][gc,metaspace   ] GC(439) Metaspace: 14239K(15168K)->14239K(15168K) NonClass: 12280K(12864K)->12280K(12864K) Class: 1959K(2304K)->1959K(2304K)
[62.554s][info][gc             ] GC(439) Pause Young (Allocation Failure) 153M->17M(494M) 22.650ms
[62.554s][info][gc,cpu         ] GC(439) User=0.02s Sys=0.00s Real=0.01s
[62.661s][info][gc,start       ] GC(440) Pause Young (Allocation Failure)
[62.685s][info][gc,heap        ] GC(440) DefNew: 140054K(157248K)->276K(157248K) Eden: 139776K(139776K)->0K(139776K) From: 278K(17472K)->276K(17472K)
[62.685s][info][gc,heap        ] GC(440) Tenured: 17284K(349568K)->17302K(349568K)
[62.685s][info][gc,metaspace   ] GC(440) Metaspace: 14239K(15168K)->14239K(15168K) NonClass: 12280K(12864K)->12280K(12864K) Class: 1959K(2304K)->1959K(2304K)
[62.685s][info][gc             ] GC(440) Pause Young (Allocation Failure) 153M->17M(494M) 24.378ms
[62.685s][info][gc,cpu         ] GC(440) User=0.03s Sys=0.00s Real=0.02s
[62.793s][info][gc,start       ] GC(441) Pause Young (Allocation Failure)
[62.812s][info][gc,heap        ] GC(441) DefNew: 140052K(157248K)->276K(157248K) Eden: 139776K(139776K)->0K(139776K) From: 276K(17472K)->276K(17472K)
[62.812s][info][gc,heap        ] GC(441) Tenured: 17302K(349568K)->17320K(349568K)
[62.812s][info][gc,metaspace   ] GC(441) Metaspace: 14239K(15168K)->14239K(15168K) NonClass: 12280K(12864K)->12280K(12864K) Class: 1959K(2304K)->1959K(2304K)
[62.812s][info][gc             ] GC(441) Pause Young (Allocation Failure) 153M->17M(494M) 18.741ms
[62.812s][info][gc,cpu         ] GC(441) User=0.02s Sys=0.00s Real=0.02s
[62.917s][info][gc,start       ] GC(442) Pause Young (Allocation Failure)
[62.935s][info][gc,heap        ] GC(442) DefNew: 140052K(157248K)->276K(157248K) Eden: 139776K(139776K)->0K(139776K) From: 276K(17472K)->276K(17472K)
[62.935s][info][gc,heap        ] GC(442) Tenured: 17320K(349568K)->17337K(349568K)
[62.935s][info][gc,metaspace   ] GC(442) Metaspace: 14239K(15168K)->14239K(15168K) NonClass: 12280K(12864K)->12280K(12864K) Class: 1959K(2304K)->1959K(2304K)
[62.935s][info][gc             ] GC(442) Pause Young (Allocation Failure) 153M->17M(494M) 18.324ms
[62.935s][info][gc,cpu         ] GC(442) User=0.00s Sys=0.00s Real=0.01s
[63.041s][info][gc,start       ] GC(443) Pause Young (Allocation Failure)
[63.065s][info][gc,heap        ] GC(443) DefNew: 140052K(157248K)->276K(157248K) Eden: 139776K(139776K)->0K(139776K) From: 276K(17472K)->276K(17472K)
[63.065s][info][gc,heap        ] GC(443) Tenured: 17337K(349568K)->17355K(349568K)
[63.065s][info][gc,metaspace   ] GC(443) Metaspace: 14239K(15168K)->14239K(15168K) NonClass: 12280K(12864K)->12280K(12864K) Class: 1959K(2304K)->1959K(2304K)
[63.065s][info][gc             ] GC(443) Pause Young (Allocation Failure) 153M->17M(494M) 23.435ms
[63.065s][info][gc,cpu         ] GC(443) User=0.02s Sys=0.00s Real=0.02s
[63.170s][info][gc,start       ] GC(444) Pause Young (Allocation Failure)
[63.195s][info][gc,heap        ] GC(444) DefNew: 140052K(157248K)->276K(157248K) Eden: 139776K(139776K)->0K(139776K) From: 276K(17472K)->276K(17472K)
[63.195s][info][gc,heap        ] GC(444) Tenured: 17355K(349568K)->17373K(349568K)
[63.195s][info][gc,metaspace   ] GC(444) Metaspace: 14239K(15168K)->14239K(15168K) NonClass: 12280K(12864K)->12280K(12864K) Class: 1959K(2304K)->1959K(2304K)
[63.196s][info][gc             ] GC(444) Pause Young (Allocation Failure) 153M->17M(494M) 25.766ms
[63.196s][info][gc,cpu         ] GC(444) User=0.02s Sys=0.00s Real=0.01s
[63.302s][info][gc,start       ] GC(445) Pause Young (Allocation Failure)
[63.321s][info][gc,heap        ] GC(445) DefNew: 140052K(157248K)->276K(157248K) Eden: 139776K(139776K)->0K(139776K) From: 276K(17472K)->276K(17472K)
[63.321s][info][gc,heap        ] GC(445) Tenured: 17373K(349568K)->17391K(349568K)
[63.321s][info][gc,metaspace   ] GC(445) Metaspace: 14239K(15168K)->14239K(15168K) NonClass: 12280K(12864K)->12280K(12864K) Class: 1959K(2304K)->1959K(2304K)
[63.321s][info][gc             ] GC(445) Pause Young (Allocation Failure) 153M->17M(494M) 18.749ms
[63.321s][info][gc,cpu         ] GC(445) User=0.03s Sys=0.00s Real=0.02s
[63.425s][info][gc,start       ] GC(446) Pause Young (Allocation Failure)
[63.444s][info][gc,heap        ] GC(446) DefNew: 140052K(157248K)->273K(157248K) Eden: 139776K(139776K)->0K(139776K) From: 276K(17472K)->273K(17472K)
[63.444s][info][gc,heap        ] GC(446) Tenured: 17391K(349568K)->17412K(349568K)
[63.444s][info][gc,metaspace   ] GC(446) Metaspace: 14239K(15168K)->14239K(15168K) NonClass: 12280K(12864K)->12280K(12864K) Class: 1959K(2304K)->1959K(2304K)
[63.444s][info][gc             ] GC(446) Pause Young (Allocation Failure) 153M->17M(494M) 19.114ms
[63.444s][info][gc,cpu         ] GC(446) User=0.02s Sys=0.00s Real=0.01s
[63.548s][info][gc,start       ] GC(447) Pause Young (Allocation Failure)
[63.574s][info][gc,heap        ] GC(447) DefNew: 140049K(157248K)->272K(157248K) Eden: 139776K(139776K)->0K(139776K) From: 273K(17472K)->272K(17472K)
[63.574s][info][gc,heap        ] GC(447) Tenured: 17412K(349568K)->17430K(349568K)
[63.574s][info][gc,metaspace   ] GC(447) Metaspace: 14239K(15168K)->14239K(15168K) NonClass: 12280K(12864K)->12280K(12864K) Class: 1959K(2304K)->1959K(2304K)
[63.574s][info][gc             ] GC(447) Pause Young (Allocation Failure) 153M->17M(494M) 25.656ms
[63.574s][info][gc,cpu         ] GC(447) User=0.03s Sys=0.00s Real=0.03s
[63.681s][info][gc,start       ] GC(448) Pause Young (Allocation Failure)
[63.707s][info][gc,heap        ] GC(448) DefNew: 140048K(157248K)->272K(157248K) Eden: 139776K(139776K)->0K(139776K) From: 272K(17472K)->272K(17472K)
[63.707s][info][gc,heap        ] GC(448) Tenured: 17430K(349568K)->17447K(349568K)
[63.707s][info][gc,metaspace   ] GC(448) Metaspace: 14239K(15168K)->14239K(15168K) NonClass: 12280K(12864K)->12280K(12864K) Class: 1959K(2304K)->1959K(2304K)
[63.707s][info][gc             ] GC(448) Pause Young (Allocation Failure) 153M->17M(494M) 25.460ms
[63.707s][info][gc,cpu         ] GC(448) User=0.02s Sys=0.00s Real=0.02s
[63.814s][info][gc,start       ] GC(449) Pause Young (Allocation Failure)
[63.841s][info][gc,heap        ] GC(449) DefNew: 140048K(157248K)->271K(157248K) Eden: 139776K(139776K)->0K(139776K) From: 272K(17472K)->271K(17472K)
[63.841s][info][gc,heap        ] GC(449) Tenured: 17447K(349568K)->17465K(349568K)
[63.841s][info][gc,metaspace   ] GC(449) Metaspace: 14239K(15168K)->14239K(15168K) NonClass: 12280K(12864K)->12280K(12864K) Class: 1959K(2304K)->1959K(2304K)
[63.841s][info][gc             ] GC(449) Pause Young (Allocation Failure) 153M->17M(494M) 27.436ms
[63.842s][info][gc,cpu         ] GC(449) User=0.03s Sys=0.00s Real=0.03s
[63.948s][info][gc,start       ] GC(450) Pause Young (Allocation Failure)
[63.974s][info][gc,heap        ] GC(450) DefNew: 140047K(157248K)->271K(157248K) Eden: 139776K(139776K)->0K(139776K) From: 271K(17472K)->271K(17472K)
[63.974s][info][gc,heap        ] GC(450) Tenured: 17465K(349568K)->17482K(349568K)
[63.974s][info][gc,metaspace   ] GC(450) Metaspace: 14239K(15168K)->14239K(15168K) NonClass: 12280K(12864K)->12280K(12864K) Class: 1959K(2304K)->1959K(2304K)
[63.974s][info][gc             ] GC(450) Pause Young (Allocation Failure) 153M->17M(494M) 26.103ms
[63.974s][info][gc,cpu         ] GC(450) User=0.02s Sys=0.00s Real=0.02s
[64.082s][info][gc,start       ] GC(451) Pause Young (Allocation Failure)
[64.109s][info][gc,heap        ] GC(451) DefNew: 140047K(157248K)->271K(157248K) Eden: 139776K(139776K)->0K(139776K) From: 271K(17472K)->271K(17472K)
[64.109s][info][gc,heap        ] GC(451) Tenured: 17482K(349568K)->17500K(349568K)
[64.109s][info][gc,metaspace   ] GC(451) Metaspace: 14239K(15168K)->14239K(15168K) NonClass: 12280K(12864K)->12280K(12864K) Class: 1959K(2304K)->1959K(2304K)
[64.109s][info][gc             ] GC(451) Pause Young (Allocation Failure) 153M->17M(494M) 27.036ms
[64.109s][info][gc,cpu         ] GC(451) User=0.02s Sys=0.00s Real=0.02s
[64.217s][info][gc,start       ] GC(452) Pause Young (Allocation Failure)
[64.243s][info][gc,heap        ] GC(452) DefNew: 140047K(157248K)->271K(157248K) Eden: 139776K(139776K)->0K(139776K) From: 271K(17472K)->271K(17472K)
[64.243s][info][gc,heap        ] GC(452) Tenured: 17500K(349568K)->17518K(349568K)
[64.243s][info][gc,metaspace   ] GC(452) Metaspace: 14239K(15168K)->14239K(15168K) NonClass: 12280K(12864K)->12280K(12864K) Class: 1959K(2304K)->1959K(2304K)
[64.243s][info][gc             ] GC(452) Pause Young (Allocation Failure) 153M->17M(494M) 26.381ms
[64.243s][info][gc,cpu         ] GC(452) User=0.02s Sys=0.00s Real=0.02s
[64.349s][info][gc,start       ] GC(453) Pause Young (Allocation Failure)
[64.370s][info][gc,heap        ] GC(453) DefNew: 140047K(157248K)->272K(157248K) Eden: 139776K(139776K)->0K(139776K) From: 271K(17472K)->272K(17472K)
[64.370s][info][gc,heap        ] GC(453) Tenured: 17518K(349568K)->17535K(349568K)
[64.370s][info][gc,metaspace   ] GC(453) Metaspace: 14239K(15168K)->14239K(15168K) NonClass: 12280K(12864K)->12280K(12864K) Class: 1959K(2304K)->1959K(2304K)
[64.370s][info][gc             ] GC(453) Pause Young (Allocation Failure) 153M->17M(494M) 20.481ms
[64.370s][info][gc,cpu         ] GC(453) User=0.02s Sys=0.00s Real=0.01s
[64.475s][info][gc,start       ] GC(454) Pause Young (Allocation Failure)
[64.503s][info][gc,heap        ] GC(454) DefNew: 140048K(157248K)->272K(157248K) Eden: 139776K(139776K)->0K(139776K) From: 272K(17472K)->272K(17472K)
[64.503s][info][gc,heap        ] GC(454) Tenured: 17535K(349568K)->17553K(349568K)
[64.503s][info][gc,metaspace   ] GC(454) Metaspace: 14239K(15168K)->14239K(15168K) NonClass: 12280K(12864K)->12280K(12864K) Class: 1959K(2304K)->1959K(2304K)
[64.503s][info][gc             ] GC(454) Pause Young (Allocation Failure) 153M->17M(494M) 27.522ms
[64.503s][info][gc,cpu         ] GC(454) User=0.02s Sys=0.00s Real=0.02s
[64.610s][info][gc,start       ] GC(455) Pause Young (Allocation Failure)
[64.638s][info][gc,heap        ] GC(455) DefNew: 140048K(157248K)->272K(157248K) Eden: 139776K(139776K)->0K(139776K) From: 272K(17472K)->272K(17472K)
[64.638s][info][gc,heap        ] GC(455) Tenured: 17553K(349568K)->17571K(349568K)
[64.638s][info][gc,metaspace   ] GC(455) Metaspace: 14239K(15168K)->14239K(15168K) NonClass: 12280K(12864K)->12280K(12864K) Class: 1959K(2304K)->1959K(2304K)
[64.638s][info][gc             ] GC(455) Pause Young (Allocation Failure) 153M->17M(494M) 27.522ms
[64.638s][info][gc,cpu         ] GC(455) User=0.03s Sys=0.00s Real=0.03s
[64.745s][info][gc,start       ] GC(456) Pause Young (Allocation Failure)
[64.773s][info][gc,heap        ] GC(456) DefNew: 140048K(157248K)->272K(157248K) Eden: 139775K(139776K)->0K(139776K) From: 272K(17472K)->272K(17472K)
[64.773s][info][gc,heap        ] GC(456) Tenured: 17571K(349568K)->17588K(349568K)
[64.773s][info][gc,metaspace   ] GC(456) Metaspace: 14239K(15168K)->14239K(15168K) NonClass: 12280K(12864K)->12280K(12864K) Class: 1959K(2304K)->1959K(2304K)
[64.773s][info][gc             ] GC(456) Pause Young (Allocation Failure) 153M->17M(494M) 27.723ms
[64.773s][info][gc,cpu         ] GC(456) User=0.02s Sys=0.00s Real=0.02s
[64.881s][info][gc,start       ] GC(457) Pause Young (Allocation Failure)
[64.909s][info][gc,heap        ] GC(457) DefNew: 140048K(157248K)->273K(157248K) Eden: 139776K(139776K)->0K(139776K) From: 272K(17472K)->273K(17472K)
[64.909s][info][gc,heap        ] GC(457) Tenured: 17588K(349568K)->17606K(349568K)
[64.909s][info][gc,metaspace   ] GC(457) Metaspace: 14239K(15168K)->14239K(15168K) NonClass: 12280K(12864K)->12280K(12864K) Class: 1959K(2304K)->1959K(2304K)
[64.909s][info][gc             ] GC(457) Pause Young (Allocation Failure) 153M->17M(494M) 27.897ms
[64.909s][info][gc,cpu         ] GC(457) User=0.03s Sys=0.00s Real=0.02s
[65.018s][info][gc,start       ] GC(458) Pause Young (Allocation Failure)
[65.046s][info][gc,heap        ] GC(458) DefNew: 140049K(157248K)->272K(157248K) Eden: 139776K(139776K)->0K(139776K) From: 273K(17472K)->272K(17472K)
[65.046s][info][gc,heap        ] GC(458) Tenured: 17606K(349568K)->17623K(349568K)
[65.047s][info][gc,metaspace   ] GC(458) Metaspace: 14239K(15168K)->14239K(15168K) NonClass: 12280K(12864K)->12280K(12864K) Class: 1959K(2304K)->1959K(2304K)
[65.047s][info][gc             ] GC(458) Pause Young (Allocation Failure) 153M->17M(494M) 28.681ms
[65.047s][info][gc,cpu         ] GC(458) User=0.02s Sys=0.00s Real=0.02s
[65.281s][info][gc,start       ] GC(459) Pause Young (Allocation Failure)
[65.316s][info][gc,heap        ] GC(459) DefNew: 140048K(157248K)->272K(157248K) Eden: 139776K(139776K)->0K(139776K) From: 272K(17472K)->272K(17472K)
[65.316s][info][gc,heap        ] GC(459) Tenured: 17623K(349568K)->17641K(349568K)
[65.316s][info][gc,metaspace   ] GC(459) Metaspace: 14239K(15168K)->14239K(15168K) NonClass: 12280K(12864K)->12280K(12864K) Class: 1959K(2304K)->1959K(2304K)
[65.316s][info][gc             ] GC(459) Pause Young (Allocation Failure) 153M->17M(494M) 34.674ms
[65.316s][info][gc,cpu         ] GC(459) User=0.03s Sys=0.00s Real=0.03s
[65.430s][info][gc,start       ] GC(460) Pause Young (Allocation Failure)
[65.457s][info][gc,heap        ] GC(460) DefNew: 140048K(157248K)->273K(157248K) Eden: 139776K(139776K)->0K(139776K) From: 272K(17472K)->273K(17472K)
[65.457s][info][gc,heap        ] GC(460) Tenured: 17641K(349568K)->17659K(349568K)
[65.457s][info][gc,metaspace   ] GC(460) Metaspace: 14239K(15168K)->14239K(15168K) NonClass: 12280K(12864K)->12280K(12864K) Class: 1959K(2304K)->1959K(2304K)
[65.457s][info][gc             ] GC(460) Pause Young (Allocation Failure) 153M->17M(494M) 27.609ms
[65.457s][info][gc,cpu         ] GC(460) User=0.02s Sys=0.00s Real=0.03s
[65.570s][info][gc,start       ] GC(461) Pause Young (Allocation Failure)
[65.597s][info][gc,heap        ] GC(461) DefNew: 140049K(157248K)->272K(157248K) Eden: 139776K(139776K)->0K(139776K) From: 273K(17472K)->272K(17472K)
[65.597s][info][gc,heap        ] GC(461) Tenured: 17659K(349568K)->17676K(349568K)
[65.597s][info][gc,metaspace   ] GC(461) Metaspace: 14239K(15168K)->14239K(15168K) NonClass: 12280K(12864K)->12280K(12864K) Class: 1959K(2304K)->1959K(2304K)
[65.597s][info][gc             ] GC(461) Pause Young (Allocation Failure) 154M->17M(494M) 26.410ms
[65.597s][info][gc,cpu         ] GC(461) User=0.02s Sys=0.00s Real=0.02s
[65.707s][info][gc,start       ] GC(462) Pause Young (Allocation Failure)
[65.731s][info][gc,heap        ] GC(462) DefNew: 140048K(157248K)->273K(157248K) Eden: 139776K(139776K)->0K(139776K) From: 272K(17472K)->273K(17472K)
[65.731s][info][gc,heap        ] GC(462) Tenured: 17676K(349568K)->17694K(349568K)
[65.731s][info][gc,metaspace   ] GC(462) Metaspace: 14239K(15168K)->14239K(15168K) NonClass: 12280K(12864K)->12280K(12864K) Class: 1959K(2304K)->1959K(2304K)
[65.731s][info][gc             ] GC(462) Pause Young (Allocation Failure) 154M->17M(494M) 24.200ms
[65.731s][info][gc,cpu         ] GC(462) User=0.03s Sys=0.00s Real=0.03s
[65.842s][info][gc,start       ] GC(463) Pause Young (Allocation Failure)
[65.866s][info][gc,heap        ] GC(463) DefNew: 140049K(157248K)->274K(157248K) Eden: 139776K(139776K)->0K(139776K) From: 273K(17472K)->274K(17472K)
[65.866s][info][gc,heap        ] GC(463) Tenured: 17694K(349568K)->17711K(349568K)
[65.866s][info][gc,metaspace   ] GC(463) Metaspace: 14239K(15168K)->14239K(15168K) NonClass: 12280K(12864K)->12280K(12864K) Class: 1959K(2304K)->1959K(2304K)
[65.866s][info][gc             ] GC(463) Pause Young (Allocation Failure) 154M->17M(494M) 24.003ms
[65.866s][info][gc,cpu         ] GC(463) User=0.02s Sys=0.00s Real=0.02s
[65.987s][info][gc,start       ] GC(464) Pause Young (Allocation Failure)
[66.005s][info][gc,heap        ] GC(464) DefNew: 140050K(157248K)->277K(157248K) Eden: 139776K(139776K)->0K(139776K) From: 274K(17472K)->277K(17472K)
[66.005s][info][gc,heap        ] GC(464) Tenured: 17711K(349568K)->17728K(349568K)
[66.005s][info][gc,metaspace   ] GC(464) Metaspace: 14239K(15168K)->14239K(15168K) NonClass: 12280K(12864K)->12280K(12864K) Class: 1959K(2304K)->1959K(2304K)
[66.005s][info][gc             ] GC(464) Pause Young (Allocation Failure) 154M->17M(494M) 17.178ms
[66.005s][info][gc,cpu         ] GC(464) User=0.02s Sys=0.00s Real=0.02s
[66.112s][info][gc,start       ] GC(465) Pause Young (Allocation Failure)
[66.129s][info][gc,heap        ] GC(465) DefNew: 140053K(157248K)->276K(157248K) Eden: 139776K(139776K)->0K(139776K) From: 277K(17472K)->276K(17472K)
[66.129s][info][gc,heap        ] GC(465) Tenured: 17728K(349568K)->17746K(349568K)
[66.129s][info][gc,metaspace   ] GC(465) Metaspace: 14239K(15168K)->14239K(15168K) NonClass: 12280K(12864K)->12280K(12864K) Class: 1959K(2304K)->1959K(2304K)
[66.129s][info][gc             ] GC(465) Pause Young (Allocation Failure) 154M->17M(494M) 17.551ms
[66.129s][info][gc,cpu         ] GC(465) User=0.00s Sys=0.00s Real=0.00s
[66.234s][info][gc,start       ] GC(466) Pause Young (Allocation Failure)
[66.252s][info][gc,heap        ] GC(466) DefNew: 140052K(157248K)->277K(157248K) Eden: 139776K(139776K)->0K(139776K) From: 276K(17472K)->277K(17472K)
[66.252s][info][gc,heap        ] GC(466) Tenured: 17746K(349568K)->17764K(349568K)
[66.252s][info][gc,metaspace   ] GC(466) Metaspace: 14239K(15168K)->14239K(15168K) NonClass: 12280K(12864K)->12280K(12864K) Class: 1959K(2304K)->1959K(2304K)
[66.252s][info][gc             ] GC(466) Pause Young (Allocation Failure) 154M->17M(494M) 17.703ms
[66.252s][info][gc,cpu         ] GC(466) User=0.02s Sys=0.00s Real=0.01s
[66.358s][info][gc,start       ] GC(467) Pause Young (Allocation Failure)
[66.381s][info][gc,heap        ] GC(467) DefNew: 140053K(157248K)->277K(157248K) Eden: 139776K(139776K)->0K(139776K) From: 277K(17472K)->277K(17472K)
[66.381s][info][gc,heap        ] GC(467) Tenured: 17764K(349568K)->17782K(349568K)
[66.381s][info][gc,metaspace   ] GC(467) Metaspace: 14239K(15168K)->14239K(15168K) NonClass: 12280K(12864K)->12280K(12864K) Class: 1959K(2304K)->1959K(2304K)
[66.381s][info][gc             ] GC(467) Pause Young (Allocation Failure) 154M->17M(494M) 23.263ms
[66.381s][info][gc,cpu         ] GC(467) User=0.02s Sys=0.00s Real=0.02s
[66.488s][info][gc,start       ] GC(468) Pause Young (Allocation Failure)
[66.513s][info][gc,heap        ] GC(468) DefNew: 140053K(157248K)->276K(157248K) Eden: 139776K(139776K)->0K(139776K) From: 277K(17472K)->276K(17472K)
[66.513s][info][gc,heap        ] GC(468) Tenured: 17782K(349568K)->17799K(349568K)
[66.513s][info][gc,metaspace   ] GC(468) Metaspace: 14239K(15168K)->14239K(15168K) NonClass: 12280K(12864K)->12280K(12864K) Class: 1959K(2304K)->1959K(2304K)
[66.513s][info][gc             ] GC(468) Pause Young (Allocation Failure) 154M->17M(494M) 25.132ms
[66.513s][info][gc,cpu         ] GC(468) User=0.03s Sys=0.00s Real=0.02s
[66.620s][info][gc,start       ] GC(469) Pause Young (Allocation Failure)
[66.638s][info][gc,heap        ] GC(469) DefNew: 140052K(157248K)->276K(157248K) Eden: 139776K(139776K)->0K(139776K) From: 276K(17472K)->276K(17472K)
[66.638s][info][gc,heap        ] GC(469) Tenured: 17799K(349568K)->17817K(349568K)
[66.638s][info][gc,metaspace   ] GC(469) Metaspace: 14239K(15168K)->14239K(15168K) NonClass: 12280K(12864K)->12280K(12864K) Class: 1959K(2304K)->1959K(2304K)
[66.638s][info][gc             ] GC(469) Pause Young (Allocation Failure) 154M->17M(494M) 18.308ms
[66.638s][info][gc,cpu         ] GC(469) User=0.02s Sys=0.00s Real=0.02s
[66.745s][info][gc,start       ] GC(470) Pause Young (Allocation Failure)
[66.768s][info][gc,heap        ] GC(470) DefNew: 140052K(157248K)->276K(157248K) Eden: 139776K(139776K)->0K(139776K) From: 276K(17472K)->276K(17472K)
[66.768s][info][gc,heap        ] GC(470) Tenured: 17817K(349568K)->17835K(349568K)
[66.768s][info][gc,metaspace   ] GC(470) Metaspace: 14239K(15168K)->14239K(15168K) NonClass: 12280K(12864K)->12280K(12864K) Class: 1959K(2304K)->1959K(2304K)
[66.769s][info][gc             ] GC(470) Pause Young (Allocation Failure) 154M->17M(494M) 23.660ms
[66.769s][info][gc,cpu         ] GC(470) User=0.02s Sys=0.00s Real=0.02s
[66.878s][info][gc,start       ] GC(471) Pause Young (Allocation Failure)
[66.903s][info][gc,heap        ] GC(471) DefNew: 140052K(157248K)->276K(157248K) Eden: 139776K(139776K)->0K(139776K) From: 276K(17472K)->276K(17472K)
[66.903s][info][gc,heap        ] GC(471) Tenured: 17835K(349568K)->17853K(349568K)
[66.903s][info][gc,metaspace   ] GC(471) Metaspace: 14239K(15168K)->14239K(15168K) NonClass: 12280K(12864K)->12280K(12864K) Class: 1959K(2304K)->1959K(2304K)
[66.903s][info][gc             ] GC(471) Pause Young (Allocation Failure) 154M->17M(494M) 25.434ms
[66.903s][info][gc,cpu         ] GC(471) User=0.03s Sys=0.00s Real=0.02s
[67.014s][info][gc,start       ] GC(472) Pause Young (Allocation Failure)
[67.038s][info][gc,heap        ] GC(472) DefNew: 140052K(157248K)->280K(157248K) Eden: 139776K(139776K)->0K(139776K) From: 276K(17472K)->280K(17472K)
[67.038s][info][gc,heap        ] GC(472) Tenured: 17853K(349568K)->17870K(349568K)
[67.038s][info][gc,metaspace   ] GC(472) Metaspace: 14239K(15168K)->14239K(15168K) NonClass: 12280K(12864K)->12280K(12864K) Class: 1959K(2304K)->1959K(2304K)
[67.038s][info][gc             ] GC(472) Pause Young (Allocation Failure) 154M->17M(494M) 24.132ms
[67.038s][info][gc,cpu         ] GC(472) User=0.02s Sys=0.00s Real=0.02s
[67.148s][info][gc,start       ] GC(473) Pause Young (Allocation Failure)
[67.175s][info][gc,heap        ] GC(473) DefNew: 140056K(157248K)->278K(157248K) Eden: 139776K(139776K)->0K(139776K) From: 280K(17472K)->278K(17472K)
[67.175s][info][gc,heap        ] GC(473) Tenured: 17870K(349568K)->17888K(349568K)
[67.175s][info][gc,metaspace   ] GC(473) Metaspace: 14239K(15168K)->14239K(15168K) NonClass: 12280K(12864K)->12280K(12864K) Class: 1959K(2304K)->1959K(2304K)
[67.175s][info][gc             ] GC(473) Pause Young (Allocation Failure) 154M->17M(494M) 26.564ms
[67.175s][info][gc,cpu         ] GC(473) User=0.02s Sys=0.00s Real=0.03s
[67.287s][info][gc,start       ] GC(474) Pause Young (Allocation Failure)
[67.312s][info][gc,heap        ] GC(474) DefNew: 140054K(157248K)->281K(157248K) Eden: 139776K(139776K)->0K(139776K) From: 278K(17472K)->281K(17472K)
[67.312s][info][gc,heap        ] GC(474) Tenured: 17888K(349568K)->17906K(349568K)
[67.312s][info][gc,metaspace   ] GC(474) Metaspace: 14239K(15168K)->14239K(15168K) NonClass: 12280K(12864K)->12280K(12864K) Class: 1959K(2304K)->1959K(2304K)
[67.312s][info][gc             ] GC(474) Pause Young (Allocation Failure) 154M->17M(494M) 25.689ms
[67.312s][info][gc,cpu         ] GC(474) User=0.02s Sys=0.00s Real=0.02s
[67.424s][info][gc,start       ] GC(475) Pause Young (Allocation Failure)
[67.451s][info][gc,heap        ] GC(475) DefNew: 140057K(157248K)->282K(157248K) Eden: 139776K(139776K)->0K(139776K) From: 281K(17472K)->282K(17472K)
[67.451s][info][gc,heap        ] GC(475) Tenured: 17906K(349568K)->17924K(349568K)
[67.451s][info][gc,metaspace   ] GC(475) Metaspace: 14239K(15168K)->14239K(15168K) NonClass: 12280K(12864K)->12280K(12864K) Class: 1959K(2304K)->1959K(2304K)
[67.451s][info][gc             ] GC(475) Pause Young (Allocation Failure) 154M->17M(494M) 27.340ms
[67.451s][info][gc,cpu         ] GC(475) User=0.02s Sys=0.00s Real=0.02s
[67.562s][info][gc,start       ] GC(476) Pause Young (Allocation Failure)
[67.582s][info][gc,heap        ] GC(476) DefNew: 140058K(157248K)->284K(157248K) Eden: 139776K(139776K)->0K(139776K) From: 282K(17472K)->284K(17472K)
[67.582s][info][gc,heap        ] GC(476) Tenured: 17924K(349568K)->17942K(349568K)
[67.582s][info][gc,metaspace   ] GC(476) Metaspace: 14239K(15168K)->14239K(15168K) NonClass: 12280K(12864K)->12280K(12864K) Class: 1959K(2304K)->1959K(2304K)
[67.582s][info][gc             ] GC(476) Pause Young (Allocation Failure) 154M->17M(494M) 19.820ms
[67.582s][info][gc,cpu         ] GC(476) User=0.02s Sys=0.00s Real=0.02s
[67.690s][info][gc,start       ] GC(477) Pause Young (Allocation Failure)
[67.716s][info][gc,heap        ] GC(477) DefNew: 140060K(157248K)->284K(157248K) Eden: 139776K(139776K)->0K(139776K) From: 284K(17472K)->284K(17472K)
[67.716s][info][gc,heap        ] GC(477) Tenured: 17942K(349568K)->17959K(349568K)
[67.716s][info][gc,metaspace   ] GC(477) Metaspace: 14239K(15168K)->14239K(15168K) NonClass: 12280K(12864K)->12280K(12864K) Class: 1959K(2304K)->1959K(2304K)
[67.716s][info][gc             ] GC(477) Pause Young (Allocation Failure) 154M->17M(494M) 26.359ms
[67.716s][info][gc,cpu         ] GC(477) User=0.03s Sys=0.00s Real=0.02s
[67.827s][info][gc,start       ] GC(478) Pause Young (Allocation Failure)
[67.854s][info][gc,heap        ] GC(478) DefNew: 140060K(157248K)->284K(157248K) Eden: 139776K(139776K)->0K(139776K) From: 284K(17472K)->284K(17472K)
[67.854s][info][gc,heap        ] GC(478) Tenured: 17959K(349568K)->17977K(349568K)
[67.854s][info][gc,metaspace   ] GC(478) Metaspace: 14239K(15168K)->14239K(15168K) NonClass: 12280K(12864K)->12280K(12864K) Class: 1959K(2304K)->1959K(2304K)
[67.854s][info][gc             ] GC(478) Pause Young (Allocation Failure) 154M->17M(494M) 27.013ms
[67.854s][info][gc,cpu         ] GC(478) User=0.03s Sys=0.00s Real=0.03s
[67.966s][info][gc,start       ] GC(479) Pause Young (Allocation Failure)
[67.995s][info][gc,heap        ] GC(479) DefNew: 140060K(157248K)->281K(157248K) Eden: 139776K(139776K)->0K(139776K) From: 284K(17472K)->281K(17472K)
[67.995s][info][gc,heap        ] GC(479) Tenured: 17977K(349568K)->17998K(349568K)
[67.995s][info][gc,metaspace   ] GC(479) Metaspace: 14239K(15168K)->14239K(15168K) NonClass: 12280K(12864K)->12280K(12864K) Class: 1959K(2304K)->1959K(2304K)
[67.995s][info][gc             ] GC(479) Pause Young (Allocation Failure) 154M->17M(494M) 28.794ms
[67.995s][info][gc,cpu         ] GC(479) User=0.03s Sys=0.00s Real=0.03s
[68.106s][info][gc,start       ] GC(480) Pause Young (Allocation Failure)
[68.134s][info][gc,heap        ] GC(480) DefNew: 140057K(157248K)->280K(157248K) Eden: 139776K(139776K)->0K(139776K) From: 281K(17472K)->280K(17472K)
[68.134s][info][gc,heap        ] GC(480) Tenured: 17998K(349568K)->18015K(349568K)
[68.134s][info][gc,metaspace   ] GC(480) Metaspace: 14239K(15168K)->14239K(15168K) NonClass: 12280K(12864K)->12280K(12864K) Class: 1959K(2304K)->1959K(2304K)
[68.134s][info][gc             ] GC(480) Pause Young (Allocation Failure) 154M->17M(494M) 27.507ms
[68.134s][info][gc,cpu         ] GC(480) User=0.02s Sys=0.00s Real=0.02s
[68.246s][info][gc,start       ] GC(481) Pause Young (Allocation Failure)
[68.274s][info][gc,heap        ] GC(481) DefNew: 140056K(157248K)->280K(157248K) Eden: 139776K(139776K)->0K(139776K) From: 280K(17472K)->280K(17472K)
[68.274s][info][gc,heap        ] GC(481) Tenured: 18015K(349568K)->18033K(349568K)
[68.274s][info][gc,metaspace   ] GC(481) Metaspace: 14239K(15168K)->14239K(15168K) NonClass: 12280K(12864K)->12280K(12864K) Class: 1959K(2304K)->1959K(2304K)
[68.274s][info][gc             ] GC(481) Pause Young (Allocation Failure) 154M->17M(494M) 28.050ms
[68.274s][info][gc,cpu         ] GC(481) User=0.02s Sys=0.00s Real=0.02s
[68.387s][info][gc,start       ] GC(482) Pause Young (Allocation Failure)
[68.417s][info][gc,heap        ] GC(482) DefNew: 140056K(157248K)->284K(157248K) Eden: 139776K(139776K)->0K(139776K) From: 280K(17472K)->284K(17472K)
[68.417s][info][gc,heap        ] GC(482) Tenured: 18033K(349568K)->18051K(349568K)
[68.417s][info][gc,metaspace   ] GC(482) Metaspace: 14239K(15168K)->14239K(15168K) NonClass: 12280K(12864K)->12280K(12864K) Class: 1959K(2304K)->1959K(2304K)
[68.417s][info][gc             ] GC(482) Pause Young (Allocation Failure) 154M->17M(494M) 29.936ms
[68.417s][info][gc,cpu         ] GC(482) User=0.03s Sys=0.00s Real=0.03s
[68.532s][info][gc,start       ] GC(483) Pause Young (Allocation Failure)
[68.560s][info][gc,heap        ] GC(483) DefNew: 140060K(157248K)->283K(157248K) Eden: 139776K(139776K)->0K(139776K) From: 284K(17472K)->283K(17472K)
[68.560s][info][gc,heap        ] GC(483) Tenured: 18051K(349568K)->18068K(349568K)
[68.560s][info][gc,metaspace   ] GC(483) Metaspace: 14239K(15168K)->14239K(15168K) NonClass: 12280K(12864K)->12280K(12864K) Class: 1959K(2304K)->1959K(2304K)
[68.560s][info][gc             ] GC(483) Pause Young (Allocation Failure) 154M->17M(494M) 28.870ms
[68.560s][info][gc,cpu         ] GC(483) User=0.03s Sys=0.00s Real=0.03s
[68.676s][info][gc,start       ] GC(484) Pause Young (Allocation Failure)
[68.705s][info][gc,heap        ] GC(484) DefNew: 140059K(157248K)->282K(157248K) Eden: 139776K(139776K)->0K(139776K) From: 283K(17472K)->282K(17472K)
[68.705s][info][gc,heap        ] GC(484) Tenured: 18068K(349568K)->18086K(349568K)
[68.705s][info][gc,metaspace   ] GC(484) Metaspace: 14239K(15168K)->14239K(15168K) NonClass: 12280K(12864K)->12280K(12864K) Class: 1959K(2304K)->1959K(2304K)
[68.705s][info][gc             ] GC(484) Pause Young (Allocation Failure) 154M->17M(494M) 28.671ms
[68.705s][info][gc,cpu         ] GC(484) User=0.03s Sys=0.00s Real=0.02s
[68.823s][info][gc,start       ] GC(485) Pause Young (Allocation Failure)
[68.862s][info][gc,heap        ] GC(485) DefNew: 140058K(157248K)->285K(157248K) Eden: 139776K(139776K)->0K(139776K) From: 282K(17472K)->285K(17472K)
[68.862s][info][gc,heap        ] GC(485) Tenured: 18086K(349568K)->18104K(349568K)
[68.862s][info][gc,metaspace   ] GC(485) Metaspace: 14239K(15168K)->14239K(15168K) NonClass: 12280K(12864K)->12280K(12864K) Class: 1959K(2304K)->1959K(2304K)
[68.862s][info][gc             ] GC(485) Pause Young (Allocation Failure) 154M->17M(494M) 38.866ms
[68.862s][info][gc,cpu         ] GC(485) User=0.03s Sys=0.00s Real=0.03s
[68.985s][info][gc,start       ] GC(486) Pause Young (Allocation Failure)
[69.014s][info][gc,heap        ] GC(486) DefNew: 140061K(157248K)->287K(157248K) Eden: 139776K(139776K)->0K(139776K) From: 285K(17472K)->287K(17472K)
[69.014s][info][gc,heap        ] GC(486) Tenured: 18104K(349568K)->18122K(349568K)
[69.014s][info][gc,metaspace   ] GC(486) Metaspace: 14239K(15168K)->14239K(15168K) NonClass: 12280K(12864K)->12280K(12864K) Class: 1959K(2304K)->1959K(2304K)
[69.014s][info][gc             ] GC(486) Pause Young (Allocation Failure) 154M->17M(494M) 29.542ms
[69.014s][info][gc,cpu         ] GC(486) User=0.02s Sys=0.00s Real=0.02s
[69.138s][info][gc,start       ] GC(487) Pause Young (Allocation Failure)
[69.169s][info][gc,heap        ] GC(487) DefNew: 140063K(157248K)->287K(157248K) Eden: 139776K(139776K)->0K(139776K) From: 287K(17472K)->287K(17472K)
[69.169s][info][gc,heap        ] GC(487) Tenured: 18122K(349568K)->18142K(349568K)
[69.169s][info][gc,metaspace   ] GC(487) Metaspace: 14239K(15168K)->14239K(15168K) NonClass: 12280K(12864K)->12280K(12864K) Class: 1959K(2304K)->1959K(2304K)
[69.169s][info][gc             ] GC(487) Pause Young (Allocation Failure) 154M->17M(494M) 30.607ms
[69.169s][info][gc,cpu         ] GC(487) User=0.02s Sys=0.00s Real=0.02s
[69.438s][info][gc,start       ] GC(488) Pause Young (Allocation Failure)
[69.475s][info][gc,heap        ] GC(488) DefNew: 140063K(157248K)->290K(157248K) Eden: 139776K(139776K)->0K(139776K) From: 287K(17472K)->290K(17472K)
[69.475s][info][gc,heap        ] GC(488) Tenured: 18142K(349568K)->18159K(349568K)
[69.475s][info][gc,metaspace   ] GC(488) Metaspace: 14239K(15168K)->14239K(15168K) NonClass: 12280K(12864K)->12280K(12864K) Class: 1959K(2304K)->1959K(2304K)
[69.475s][info][gc             ] GC(488) Pause Young (Allocation Failure) 154M->18M(494M) 36.635ms
[69.475s][info][gc,cpu         ] GC(488) User=0.03s Sys=0.00s Real=0.03s
[69.611s][info][gc,start       ] GC(489) Pause Young (Allocation Failure)
[69.632s][info][gc,heap        ] GC(489) DefNew: 140066K(157248K)->292K(157248K) Eden: 139776K(139776K)->0K(139776K) From: 290K(17472K)->292K(17472K)
[69.632s][info][gc,heap        ] GC(489) Tenured: 18159K(349568K)->18180K(349568K)
[69.632s][info][gc,metaspace   ] GC(489) Metaspace: 14239K(15168K)->14239K(15168K) NonClass: 12280K(12864K)->12280K(12864K) Class: 1959K(2304K)->1959K(2304K)
[69.632s][info][gc             ] GC(489) Pause Young (Allocation Failure) 154M->18M(494M) 21.470ms
[69.632s][info][gc,cpu         ] GC(489) User=0.03s Sys=0.00s Real=0.02s
[69.757s][info][gc,start       ] GC(490) Pause Young (Allocation Failure)
[69.783s][info][gc,heap        ] GC(490) DefNew: 140068K(157248K)->294K(157248K) Eden: 139776K(139776K)->0K(139776K) From: 292K(17472K)->294K(17472K)
[69.783s][info][gc,heap        ] GC(490) Tenured: 18180K(349568K)->18197K(349568K)
[69.783s][info][gc,metaspace   ] GC(490) Metaspace: 14239K(15168K)->14239K(15168K) NonClass: 12280K(12864K)->12280K(12864K) Class: 1959K(2304K)->1959K(2304K)
[69.783s][info][gc             ] GC(490) Pause Young (Allocation Failure) 154M->18M(494M) 25.880ms
[69.783s][info][gc,cpu         ] GC(490) User=0.02s Sys=0.00s Real=0.02s
[69.909s][info][gc,start       ] GC(491) Pause Young (Allocation Failure)
[69.937s][info][gc,heap        ] GC(491) DefNew: 140070K(157248K)->293K(157248K) Eden: 139776K(139776K)->0K(139776K) From: 294K(17472K)->293K(17472K)
[69.937s][info][gc,heap        ] GC(491) Tenured: 18197K(349568K)->18218K(349568K)
[69.937s][info][gc,metaspace   ] GC(491) Metaspace: 14239K(15168K)->14239K(15168K) NonClass: 12280K(12864K)->12280K(12864K) Class: 1959K(2304K)->1959K(2304K)
[69.937s][info][gc             ] GC(491) Pause Young (Allocation Failure) 154M->18M(494M) 28.314ms
[69.937s][info][gc,cpu         ] GC(491) User=0.02s Sys=0.00s Real=0.02s
[70.062s][info][gc,start       ] GC(492) Pause Young (Allocation Failure)
[70.086s][info][gc,heap        ] GC(492) DefNew: 140069K(157248K)->294K(157248K) Eden: 139776K(139776K)->0K(139776K) From: 293K(17472K)->294K(17472K)
[70.086s][info][gc,heap        ] GC(492) Tenured: 18218K(349568K)->18236K(349568K)
[70.086s][info][gc,metaspace   ] GC(492) Metaspace: 14239K(15168K)->14239K(15168K) NonClass: 12280K(12864K)->12280K(12864K) Class: 1959K(2304K)->1959K(2304K)
[70.086s][info][gc             ] GC(492) Pause Young (Allocation Failure) 154M->18M(494M) 23.866ms
[70.086s][info][gc,cpu         ] GC(492) User=0.03s Sys=0.00s Real=0.02s
[70.184s][info][gc,start       ] GC(493) Pause Young (Allocation Failure)
[70.202s][info][gc,heap        ] GC(493) DefNew: 140070K(157248K)->293K(157248K) Eden: 139776K(139776K)->0K(139776K) From: 294K(17472K)->293K(17472K)
[70.202s][info][gc,heap        ] GC(493) Tenured: 18236K(349568K)->18254K(349568K)
[70.202s][info][gc,metaspace   ] GC(493) Metaspace: 14239K(15168K)->14239K(15168K) NonClass: 12280K(12864K)->12280K(12864K) Class: 1959K(2304K)->1959K(2304K)
[70.202s][info][gc             ] GC(493) Pause Young (Allocation Failure) 154M->18M(494M) 17.769ms
[70.202s][info][gc,cpu         ] GC(493) User=0.02s Sys=0.00s Real=0.02s
[70.280s][info][gc,start       ] GC(494) Pause Young (Allocation Failure)
[70.296s][info][gc,heap        ] GC(494) DefNew: 140069K(157248K)->290K(157248K) Eden: 139776K(139776K)->0K(139776K) From: 293K(17472K)->290K(17472K)
[70.296s][info][gc,heap        ] GC(494) Tenured: 18254K(349568K)->18271K(349568K)
[70.296s][info][gc,metaspace   ] GC(494) Metaspace: 14239K(15168K)->14239K(15168K) NonClass: 12280K(12864K)->12280K(12864K) Class: 1959K(2304K)->1959K(2304K)
[70.296s][info][gc             ] GC(494) Pause Young (Allocation Failure) 154M->18M(494M) 16.499ms
[70.296s][info][gc,cpu         ] GC(494) User=0.02s Sys=0.00s Real=0.01s
[70.374s][info][gc,start       ] GC(495) Pause Young (Allocation Failure)
[70.391s][info][gc,heap        ] GC(495) DefNew: 140066K(157248K)->286K(157248K) Eden: 139776K(139776K)->0K(139776K) From: 290K(17472K)->286K(17472K)
[70.391s][info][gc,heap        ] GC(495) Tenured: 18271K(349568K)->18289K(349568K)
[70.391s][info][gc,metaspace   ] GC(495) Metaspace: 14239K(15168K)->14239K(15168K) NonClass: 12280K(12864K)->12280K(12864K) Class: 1959K(2304K)->1959K(2304K)
[70.391s][info][gc             ] GC(495) Pause Young (Allocation Failure) 154M->18M(494M) 16.993ms
[70.391s][info][gc,cpu         ] GC(495) User=0.02s Sys=0.00s Real=0.01s
[70.488s][info][gc,start       ] GC(496) Pause Young (Allocation Failure)
[70.506s][info][gc,heap        ] GC(496) DefNew: 140062K(157248K)->283K(157248K) Eden: 139776K(139776K)->0K(139776K) From: 286K(17472K)->283K(17472K)
[70.506s][info][gc,heap        ] GC(496) Tenured: 18289K(349568K)->18306K(349568K)
[70.506s][info][gc,metaspace   ] GC(496) Metaspace: 14239K(15168K)->14239K(15168K) NonClass: 12280K(12864K)->12280K(12864K) Class: 1959K(2304K)->1959K(2304K)
[70.506s][info][gc             ] GC(496) Pause Young (Allocation Failure) 154M->18M(494M) 17.811ms
[70.506s][info][gc,cpu         ] GC(496) User=0.02s Sys=0.00s Real=0.01s
[70.717s][info][gc,start       ] GC(497) Pause Full (System.gc())
[70.718s][info][gc,phases,start] GC(497) Phase 1: Mark live objects
[70.748s][info][gc,phases      ] GC(497) Phase 1: Mark live objects 30.568ms
[70.748s][info][gc,phases,start] GC(497) Phase 2: Compute new object addresses
[70.782s][info][gc,phases      ] GC(497) Phase 2: Compute new object addresses 33.343ms
[70.782s][info][gc,phases,start] GC(497) Phase 3: Adjust pointers
[70.798s][info][gc,phases      ] GC(497) Phase 3: Adjust pointers 16.340ms
[70.798s][info][gc,phases,start] GC(497) Phase 4: Move objects
[70.799s][info][gc,phases      ] GC(497) Phase 4: Move objects 1.416ms
[70.799s][info][gc,heap        ] GC(497) DefNew: 134476K(157248K)->0K(157248K) Eden: 134193K(139776K)->0K(139776K) From: 283K(17472K)->0K(17472K)
[70.799s][info][gc,heap        ] GC(497) Tenured: 18306K(349568K)->5369K(349568K)
[70.799s][info][gc,metaspace   ] GC(497) Metaspace: 14239K(15168K)->14239K(15168K) NonClass: 12280K(12864K)->12280K(12864K) Class: 1959K(2304K)->1959K(2304K)
[70.800s][info][gc             ] GC(497) Pause Full (System.gc()) 149M->5M(494M) 82.067ms
[70.800s][info][gc,cpu         ] GC(497) User=0.08s Sys=0.00s Real=0.08s
[70.902s][info][gc,start       ] GC(498) Pause Young (Allocation Failure)
[70.920s][info][gc,heap        ] GC(498) DefNew: 139776K(157248K)->1476K(157248K) Eden: 139776K(139776K)->0K(139776K) From: 0K(17472K)->1476K(17472K)
[70.920s][info][gc,heap        ] GC(498) Tenured: 5369K(349568K)->5369K(349568K)
[70.920s][info][gc,metaspace   ] GC(498) Metaspace: 14240K(15168K)->14240K(15168K) NonClass: 12281K(12864K)->12281K(12864K) Class: 1959K(2304K)->1959K(2304K)
[70.920s][info][gc             ] GC(498) Pause Young (Allocation Failure) 141M->6M(494M) 18.693ms
[70.920s][info][gc,cpu         ] GC(498) User=0.02s Sys=0.00s Real=0.01s
[71.028s][info][gc,start       ] GC(499) Pause Young (Allocation Failure)
[71.053s][info][gc,heap        ] GC(499) DefNew: 141252K(157248K)->1494K(157248K) Eden: 139776K(139776K)->0K(139776K) From: 1476K(17472K)->1494K(17472K)
[71.054s][info][gc,heap        ] GC(499) Tenured: 5369K(349568K)->5369K(349568K)
[71.054s][info][gc,metaspace   ] GC(499) Metaspace: 14240K(15168K)->14240K(15168K) NonClass: 12281K(12864K)->12281K(12864K) Class: 1959K(2304K)->1959K(2304K)
[71.054s][info][gc             ] GC(499) Pause Young (Allocation Failure) 143M->6M(494M) 25.643ms
[71.054s][info][gc,cpu         ] GC(499) User=0.03s Sys=0.00s Real=0.03s
[71.173s][info][gc,start       ] GC(500) Pause Young (Allocation Failure)
[71.201s][info][gc,heap        ] GC(500) DefNew: 141270K(157248K)->1515K(157248K) Eden: 139776K(139776K)->0K(139776K) From: 1494K(17472K)->1515K(17472K)
[71.201s][info][gc,heap        ] GC(500) Tenured: 5369K(349568K)->5369K(349568K)
[71.201s][info][gc,metaspace   ] GC(500) Metaspace: 14240K(15168K)->14240K(15168K) NonClass: 12281K(12864K)->12281K(12864K) Class: 1959K(2304K)->1959K(2304K)
[71.201s][info][gc             ] GC(500) Pause Young (Allocation Failure) 143M->6M(494M) 28.038ms
[71.201s][info][gc,cpu         ] GC(500) User=0.02s Sys=0.00s Real=0.01s
[71.311s][info][gc,start       ] GC(501) Pause Young (Allocation Failure)
[71.338s][info][gc,heap        ] GC(501) DefNew: 141291K(157248K)->1532K(157248K) Eden: 139776K(139776K)->0K(139776K) From: 1515K(17472K)->1532K(17472K)
[71.338s][info][gc,heap        ] GC(501) Tenured: 5369K(349568K)->5369K(349568K)
[71.338s][info][gc,metaspace   ] GC(501) Metaspace: 14240K(15168K)->14240K(15168K) NonClass: 12281K(12864K)->12281K(12864K) Class: 1959K(2304K)->1959K(2304K)
[71.338s][info][gc             ] GC(501) Pause Young (Allocation Failure) 143M->6M(494M) 27.029ms
[71.338s][info][gc,cpu         ] GC(501) User=0.03s Sys=0.00s Real=0.03s
[71.447s][info][gc,start       ] GC(502) Pause Young (Allocation Failure)
[71.475s][info][gc,heap        ] GC(502) DefNew: 141308K(157248K)->1551K(157248K) Eden: 139776K(139776K)->0K(139776K) From: 1532K(17472K)->1551K(17472K)
[71.475s][info][gc,heap        ] GC(502) Tenured: 5369K(349568K)->5369K(349568K)
[71.475s][info][gc,metaspace   ] GC(502) Metaspace: 14240K(15168K)->14240K(15168K) NonClass: 12281K(12864K)->12281K(12864K) Class: 1959K(2304K)->1959K(2304K)
[71.475s][info][gc             ] GC(502) Pause Young (Allocation Failure) 143M->6M(494M) 28.226ms
[71.475s][info][gc,cpu         ] GC(502) User=0.02s Sys=0.00s Real=0.02s
[71.589s][info][gc,start       ] GC(503) Pause Young (Allocation Failure)
[71.617s][info][gc,heap        ] GC(503) DefNew: 141327K(157248K)->1568K(157248K) Eden: 139776K(139776K)->0K(139776K) From: 1551K(17472K)->1568K(17472K)
[71.617s][info][gc,heap        ] GC(503) Tenured: 5369K(349568K)->5369K(349568K)
[71.617s][info][gc,metaspace   ] GC(503) Metaspace: 14240K(15168K)->14240K(15168K) NonClass: 12281K(12864K)->12281K(12864K) Class: 1959K(2304K)->1959K(2304K)
[71.617s][info][gc             ] GC(503) Pause Young (Allocation Failure) 143M->6M(494M) 27.374ms
[71.617s][info][gc,cpu         ] GC(503) User=0.02s Sys=0.00s Real=0.02s
[71.727s][info][gc,start       ] GC(504) Pause Young (Allocation Failure)
[71.754s][info][gc,heap        ] GC(504) DefNew: 141344K(157248K)->1586K(157248K) Eden: 139776K(139776K)->0K(139776K) From: 1568K(17472K)->1586K(17472K)
[71.754s][info][gc,heap        ] GC(504) Tenured: 5369K(349568K)->5369K(349568K)
[71.754s][info][gc,metaspace   ] GC(504) Metaspace: 14240K(15168K)->14240K(15168K) NonClass: 12281K(12864K)->12281K(12864K) Class: 1959K(2304K)->1959K(2304K)
[71.754s][info][gc             ] GC(504) Pause Young (Allocation Failure) 143M->6M(494M) 27.332ms
[71.754s][info][gc,cpu         ] GC(504) User=0.02s Sys=0.00s Real=0.02s
[71.867s][info][gc,start       ] GC(505) Pause Young (Allocation Failure)
[71.896s][info][gc,heap        ] GC(505) DefNew: 141362K(157248K)->1607K(157248K) Eden: 139776K(139776K)->0K(139776K) From: 1586K(17472K)->1607K(17472K)
[71.896s][info][gc,heap        ] GC(505) Tenured: 5369K(349568K)->5369K(349568K)
[71.896s][info][gc,metaspace   ] GC(505) Metaspace: 14240K(15168K)->14240K(15168K) NonClass: 12281K(12864K)->12281K(12864K) Class: 1959K(2304K)->1959K(2304K)
[71.896s][info][gc             ] GC(505) Pause Young (Allocation Failure) 143M->6M(494M) 29.392ms
[71.896s][info][gc,cpu         ] GC(505) User=0.02s Sys=0.00s Real=0.01s
[72.007s][info][gc,start       ] GC(506) Pause Young (Allocation Failure)
[72.028s][info][gc,heap        ] GC(506) DefNew: 141383K(157248K)->1625K(157248K) Eden: 139776K(139776K)->0K(139776K) From: 1607K(17472K)->1625K(17472K)
[72.028s][info][gc,heap        ] GC(506) Tenured: 5369K(349568K)->5369K(349568K)
[72.028s][info][gc,metaspace   ] GC(506) Metaspace: 14240K(15168K)->14240K(15168K) NonClass: 12281K(12864K)->12281K(12864K) Class: 1959K(2304K)->1959K(2304K)
[72.028s][info][gc             ] GC(506) Pause Young (Allocation Failure) 143M->6M(494M) 21.314ms
[72.028s][info][gc,cpu         ] GC(506) User=0.03s Sys=0.00s Real=0.02s
[72.134s][info][gc,start       ] GC(507) Pause Young (Allocation Failure)
[72.155s][info][gc,heap        ] GC(507) DefNew: 141401K(157248K)->1643K(157248K) Eden: 139776K(139776K)->0K(139776K) From: 1625K(17472K)->1643K(17472K)
[72.155s][info][gc,heap        ] GC(507) Tenured: 5369K(349568K)->5369K(349568K)
[72.155s][info][gc,metaspace   ] GC(507) Metaspace: 14240K(15168K)->14240K(15168K) NonClass: 12281K(12864K)->12281K(12864K) Class: 1959K(2304K)->1959K(2304K)
[72.155s][info][gc             ] GC(507) Pause Young (Allocation Failure) 143M->6M(494M) 21.315ms
[72.155s][info][gc,cpu         ] GC(507) User=0.00s Sys=0.00s Real=0.01s
[72.263s][info][gc,start       ] GC(508) Pause Young (Allocation Failure)
[72.284s][info][gc,heap        ] GC(508) DefNew: 141419K(157248K)->1661K(157248K) Eden: 139776K(139776K)->0K(139776K) From: 1643K(17472K)->1661K(17472K)
[72.284s][info][gc,heap        ] GC(508) Tenured: 5369K(349568K)->5369K(349568K)
[72.284s][info][gc,metaspace   ] GC(508) Metaspace: 14240K(15168K)->14240K(15168K) NonClass: 12281K(12864K)->12281K(12864K) Class: 1959K(2304K)->1959K(2304K)
[72.284s][info][gc             ] GC(508) Pause Young (Allocation Failure) 143M->6M(494M) 21.762ms
[72.284s][info][gc,cpu         ] GC(508) User=0.02s Sys=0.00s Real=0.02s
[72.392s][info][gc,start       ] GC(509) Pause Young (Allocation Failure)
[72.420s][info][gc,heap        ] GC(509) DefNew: 141437K(157248K)->1678K(157248K) Eden: 139776K(139776K)->0K(139776K) From: 1661K(17472K)->1678K(17472K)
[72.420s][info][gc,heap        ] GC(509) Tenured: 5369K(349568K)->5369K(349568K)
[72.420s][info][gc,metaspace   ] GC(509) Metaspace: 14240K(15168K)->14240K(15168K) NonClass: 12281K(12864K)->12281K(12864K) Class: 1959K(2304K)->1959K(2304K)
[72.420s][info][gc             ] GC(509) Pause Young (Allocation Failure) 143M->6M(494M) 28.567ms
[72.420s][info][gc,cpu         ] GC(509) User=0.02s Sys=0.00s Real=0.02s
[72.532s][info][gc,start       ] GC(510) Pause Young (Allocation Failure)
[72.561s][info][gc,heap        ] GC(510) DefNew: 141454K(157248K)->1696K(157248K) Eden: 139776K(139776K)->0K(139776K) From: 1678K(17472K)->1696K(17472K)
[72.561s][info][gc,heap        ] GC(510) Tenured: 5369K(349568K)->5369K(349568K)
[72.561s][info][gc,metaspace   ] GC(510) Metaspace: 14240K(15168K)->14240K(15168K) NonClass: 12281K(12864K)->12281K(12864K) Class: 1959K(2304K)->1959K(2304K)
[72.561s][info][gc             ] GC(510) Pause Young (Allocation Failure) 143M->6M(494M) 29.147ms
[72.561s][info][gc,cpu         ] GC(510) User=0.02s Sys=0.00s Real=0.02s
[72.671s][info][gc,start       ] GC(511) Pause Young (Allocation Failure)
[72.700s][info][gc,heap        ] GC(511) DefNew: 141472K(157248K)->1714K(157248K) Eden: 139776K(139776K)->0K(139776K) From: 1696K(17472K)->1714K(17472K)
[72.700s][info][gc,heap        ] GC(511) Tenured: 5369K(349568K)->5369K(349568K)
[72.700s][info][gc,metaspace   ] GC(511) Metaspace: 14240K(15168K)->14240K(15168K) NonClass: 12281K(12864K)->12281K(12864K) Class: 1959K(2304K)->1959K(2304K)
[72.700s][info][gc             ] GC(511) Pause Young (Allocation Failure) 143M->6M(494M) 29.262ms
[72.700s][info][gc,cpu         ] GC(511) User=0.03s Sys=0.00s Real=0.03s
[72.820s][info][gc,start       ] GC(512) Pause Young (Allocation Failure)
[72.850s][info][gc,heap        ] GC(512) DefNew: 141490K(157248K)->1732K(157248K) Eden: 139776K(139776K)->0K(139776K) From: 1714K(17472K)->1732K(17472K)
[72.850s][info][gc,heap        ] GC(512) Tenured: 5369K(349568K)->5369K(349568K)
[72.850s][info][gc,metaspace   ] GC(512) Metaspace: 14240K(15168K)->14240K(15168K) NonClass: 12281K(12864K)->12281K(12864K) Class: 1959K(2304K)->1959K(2304K)
[72.850s][info][gc             ] GC(512) Pause Young (Allocation Failure) 143M->6M(494M) 30.253ms
[72.850s][info][gc,cpu         ] GC(512) User=0.02s Sys=0.00s Real=0.03s
[72.960s][info][gc,start       ] GC(513) Pause Young (Allocation Failure)
[72.992s][info][gc,heap        ] GC(513) DefNew: 141508K(157248K)->280K(157248K) Eden: 139776K(139776K)->0K(139776K) From: 1732K(17472K)->280K(17472K)
[72.992s][info][gc,heap        ] GC(513) Tenured: 5369K(349568K)->6838K(349568K)
[72.992s][info][gc,metaspace   ] GC(513) Metaspace: 14240K(15168K)->14240K(15168K) NonClass: 12281K(12864K)->12281K(12864K) Class: 1959K(2304K)->1959K(2304K)
[72.993s][info][gc             ] GC(513) Pause Young (Allocation Failure) 143M->6M(494M) 32.258ms
[72.993s][info][gc,cpu         ] GC(513) User=0.02s Sys=0.00s Real=0.02s
[73.107s][info][gc,start       ] GC(514) Pause Young (Allocation Failure)
[73.130s][info][gc,heap        ] GC(514) DefNew: 140056K(157248K)->280K(157248K) Eden: 139775K(139776K)->0K(139776K) From: 280K(17472K)->280K(17472K)
[73.130s][info][gc,heap        ] GC(514) Tenured: 6838K(349568K)->6855K(349568K)
[73.130s][info][gc,metaspace   ] GC(514) Metaspace: 14240K(15168K)->14240K(15168K) NonClass: 12281K(12864K)->12281K(12864K) Class: 1959K(2304K)->1959K(2304K)
[73.131s][info][gc             ] GC(514) Pause Young (Allocation Failure) 143M->6M(494M) 23.358ms
[73.131s][info][gc,cpu         ] GC(514) User=0.02s Sys=0.00s Real=0.02s
[73.259s][info][gc,start       ] GC(515) Pause Young (Allocation Failure)
[73.282s][info][gc,heap        ] GC(515) DefNew: 140056K(157248K)->278K(157248K) Eden: 139776K(139776K)->0K(139776K) From: 280K(17472K)->278K(17472K)
[73.282s][info][gc,heap        ] GC(515) Tenured: 6855K(349568K)->6876K(349568K)
[73.282s][info][gc,metaspace   ] GC(515) Metaspace: 14240K(15168K)->14240K(15168K) NonClass: 12281K(12864K)->12281K(12864K) Class: 1959K(2304K)->1959K(2304K)
[73.282s][info][gc             ] GC(515) Pause Young (Allocation Failure) 143M->6M(494M) 23.753ms
[73.282s][info][gc,cpu         ] GC(515) User=0.02s Sys=0.00s Real=0.02s
[73.411s][info][gc,start       ] GC(516) Pause Young (Allocation Failure)
[73.435s][info][gc,heap        ] GC(516) DefNew: 140054K(157248K)->278K(157248K) Eden: 139776K(139776K)->0K(139776K) From: 278K(17472K)->278K(17472K)
[73.435s][info][gc,heap        ] GC(516) Tenured: 6876K(349568K)->6893K(349568K)
[73.436s][info][gc,metaspace   ] GC(516) Metaspace: 14240K(15168K)->14240K(15168K) NonClass: 12281K(12864K)->12281K(12864K) Class: 1959K(2304K)->1959K(2304K)
[73.436s][info][gc             ] GC(516) Pause Young (Allocation Failure) 143M->7M(494M) 24.253ms
[73.436s][info][gc,cpu         ] GC(516) User=0.03s Sys=0.00s Real=0.02s
[73.553s][info][gc,start       ] GC(517) Pause Young (Allocation Failure)
[73.575s][info][gc,heap        ] GC(517) DefNew: 140054K(157248K)->281K(157248K) Eden: 139776K(139776K)->0K(139776K) From: 278K(17472K)->281K(17472K)
[73.575s][info][gc,heap        ] GC(517) Tenured: 6893K(349568K)->6911K(349568K)
[73.575s][info][gc,metaspace   ] GC(517) Metaspace: 14240K(15168K)->14240K(15168K) NonClass: 12281K(12864K)->12281K(12864K) Class: 1959K(2304K)->1959K(2304K)
[73.575s][info][gc             ] GC(517) Pause Young (Allocation Failure) 143M->7M(494M) 21.960ms
[73.575s][info][gc,cpu         ] GC(517) User=0.02s Sys=0.00s Real=0.01s
[73.689s][info][gc,start       ] GC(518) Pause Young (Allocation Failure)
[73.711s][info][gc,heap        ] GC(518) DefNew: 140057K(157248K)->285K(157248K) Eden: 139776K(139776K)->0K(139776K) From: 281K(17472K)->285K(17472K)
[73.711s][info][gc,heap        ] GC(518) Tenured: 6911K(349568K)->6929K(349568K)
[73.711s][info][gc,metaspace   ] GC(518) Metaspace: 14240K(15168K)->14240K(15168K) NonClass: 12281K(12864K)->12281K(12864K) Class: 1959K(2304K)->1959K(2304K)
[73.711s][info][gc             ] GC(518) Pause Young (Allocation Failure) 143M->7M(494M) 21.554ms
[73.711s][info][gc,cpu         ] GC(518) User=0.03s Sys=0.00s Real=0.02s
[73.833s][info][gc,start       ] GC(519) Pause Young (Allocation Failure)
[73.860s][info][gc,heap        ] GC(519) DefNew: 140061K(157248K)->288K(157248K) Eden: 139776K(139776K)->0K(139776K) From: 285K(17472K)->288K(17472K)
[73.860s][info][gc,heap        ] GC(519) Tenured: 6929K(349568K)->6947K(349568K)
[73.860s][info][gc,metaspace   ] GC(519) Metaspace: 14240K(15168K)->14240K(15168K) NonClass: 12281K(12864K)->12281K(12864K) Class: 1959K(2304K)->1959K(2304K)
[73.860s][info][gc             ] GC(519) Pause Young (Allocation Failure) 143M->7M(494M) 26.828ms
[73.860s][info][gc,cpu         ] GC(519) User=0.02s Sys=0.00s Real=0.01s
[73.976s][info][gc,start       ] GC(520) Pause Young (Allocation Failure)
[74.001s][info][gc,heap        ] GC(520) DefNew: 140064K(157248K)->284K(157248K) Eden: 139776K(139776K)->0K(139776K) From: 288K(17472K)->284K(17472K)
[74.001s][info][gc,heap        ] GC(520) Tenured: 6947K(349568K)->6968K(349568K)
[74.001s][info][gc,metaspace   ] GC(520) Metaspace: 14240K(15168K)->14240K(15168K) NonClass: 12281K(12864K)->12281K(12864K) Class: 1959K(2304K)->1959K(2304K)
[74.001s][info][gc             ] GC(520) Pause Young (Allocation Failure) 143M->7M(494M) 25.382ms
[74.001s][info][gc,cpu         ] GC(520) User=0.02s Sys=0.00s Real=0.02s
[74.124s][info][gc,start       ] GC(521) Pause Young (Allocation Failure)
[74.149s][info][gc,heap        ] GC(521) DefNew: 140060K(157248K)->287K(157248K) Eden: 139776K(139776K)->0K(139776K) From: 284K(17472K)->287K(17472K)
[74.149s][info][gc,heap        ] GC(521) Tenured: 6968K(349568K)->6986K(349568K)
[74.149s][info][gc,metaspace   ] GC(521) Metaspace: 14240K(15168K)->14240K(15168K) NonClass: 12281K(12864K)->12281K(12864K) Class: 1959K(2304K)->1959K(2304K)
[74.149s][info][gc             ] GC(521) Pause Young (Allocation Failure) 143M->7M(494M) 25.053ms
[74.149s][info][gc,cpu         ] GC(521) User=0.02s Sys=0.00s Real=0.02s
[74.263s][info][gc,start       ] GC(522) Pause Young (Allocation Failure)
[74.288s][info][gc,heap        ] GC(522) DefNew: 140063K(157248K)->286K(157248K) Eden: 139776K(139776K)->0K(139776K) From: 287K(17472K)->286K(17472K)
[74.288s][info][gc,heap        ] GC(522) Tenured: 6986K(349568K)->7003K(349568K)
[74.288s][info][gc,metaspace   ] GC(522) Metaspace: 14240K(15168K)->14240K(15168K) NonClass: 12281K(12864K)->12281K(12864K) Class: 1959K(2304K)->1959K(2304K)
[74.288s][info][gc             ] GC(522) Pause Young (Allocation Failure) 143M->7M(494M) 24.656ms
[74.288s][info][gc,cpu         ] GC(522) User=0.02s Sys=0.00s Real=0.02s
[74.400s][info][gc,start       ] GC(523) Pause Young (Allocation Failure)
[74.429s][info][gc,heap        ] GC(523) DefNew: 140062K(157248K)->287K(157248K) Eden: 139776K(139776K)->0K(139776K) From: 286K(17472K)->287K(17472K)
[74.429s][info][gc,heap        ] GC(523) Tenured: 7003K(349568K)->7021K(349568K)
[74.429s][info][gc,metaspace   ] GC(523) Metaspace: 14240K(15168K)->14240K(15168K) NonClass: 12281K(12864K)->12281K(12864K) Class: 1959K(2304K)->1959K(2304K)
[74.429s][info][gc             ] GC(523) Pause Young (Allocation Failure) 143M->7M(494M) 29.035ms
[74.429s][info][gc,cpu         ] GC(523) User=0.02s Sys=0.00s Real=0.02s
[74.552s][info][gc,start       ] GC(524) Pause Young (Allocation Failure)
[74.570s][info][gc,heap        ] GC(524) DefNew: 140063K(157248K)->289K(157248K) Eden: 139776K(139776K)->0K(139776K) From: 287K(17472K)->289K(17472K)
[74.571s][info][gc,heap        ] GC(524) Tenured: 7021K(349568K)->7039K(349568K)
[74.571s][info][gc,metaspace   ] GC(524) Metaspace: 14240K(15168K)->14240K(15168K) NonClass: 12281K(12864K)->12281K(12864K) Class: 1959K(2304K)->1959K(2304K)
[74.571s][info][gc             ] GC(524) Pause Young (Allocation Failure) 143M->7M(494M) 18.696ms
[74.571s][info][gc,cpu         ] GC(524) User=0.02s Sys=0.00s Real=0.01s
[74.680s][info][gc,start       ] GC(525) Pause Young (Allocation Failure)
[74.700s][info][gc,heap        ] GC(525) DefNew: 140065K(157248K)->290K(157248K) Eden: 139776K(139776K)->0K(139776K) From: 289K(17472K)->290K(17472K)
[74.700s][info][gc,heap        ] GC(525) Tenured: 7039K(349568K)->7057K(349568K)
[74.700s][info][gc,metaspace   ] GC(525) Metaspace: 14240K(15168K)->14240K(15168K) NonClass: 12281K(12864K)->12281K(12864K) Class: 1959K(2304K)->1959K(2304K)
[74.700s][info][gc             ] GC(525) Pause Young (Allocation Failure) 143M->7M(494M) 19.880ms
[74.700s][info][gc,cpu         ] GC(525) User=0.00s Sys=0.00s Real=0.01s
[74.810s][info][gc,start       ] GC(526) Pause Young (Allocation Failure)
[74.830s][info][gc,heap        ] GC(526) DefNew: 140066K(157248K)->290K(157248K) Eden: 139776K(139776K)->0K(139776K) From: 290K(17472K)->290K(17472K)
[74.830s][info][gc,heap        ] GC(526) Tenured: 7057K(349568K)->7074K(349568K)
[74.830s][info][gc,metaspace   ] GC(526) Metaspace: 14240K(15168K)->14240K(15168K) NonClass: 12281K(12864K)->12281K(12864K) Class: 1959K(2304K)->1959K(2304K)
[74.830s][info][gc             ] GC(526) Pause Young (Allocation Failure) 143M->7M(494M) 19.568ms
[74.830s][info][gc,cpu         ] GC(526) User=0.02s Sys=0.00s Real=0.02s
[74.941s][info][gc,start       ] GC(527) Pause Young (Allocation Failure)
[74.961s][info][gc,heap        ] GC(527) DefNew: 140066K(157248K)->294K(157248K) Eden: 139776K(139776K)->0K(139776K) From: 290K(17472K)->294K(17472K)
[74.961s][info][gc,heap        ] GC(527) Tenured: 7074K(349568K)->7092K(349568K)
[74.961s][info][gc,metaspace   ] GC(527) Metaspace: 14240K(15168K)->14240K(15168K) NonClass: 12281K(12864K)->12281K(12864K) Class: 1959K(2304K)->1959K(2304K)
[74.961s][info][gc             ] GC(527) Pause Young (Allocation Failure) 143M->7M(494M) 19.804ms
[74.961s][info][gc,cpu         ] GC(527) User=0.02s Sys=0.00s Real=0.02s
[75.072s][info][gc,start       ] GC(528) Pause Young (Allocation Failure)
[75.092s][info][gc,heap        ] GC(528) DefNew: 140070K(157248K)->293K(157248K) Eden: 139776K(139776K)->0K(139776K) From: 294K(17472K)->293K(17472K)
[75.092s][info][gc,heap        ] GC(528) Tenured: 7092K(349568K)->7109K(349568K)
[75.092s][info][gc,metaspace   ] GC(528) Metaspace: 14240K(15168K)->14240K(15168K) NonClass: 12281K(12864K)->12281K(12864K) Class: 1959K(2304K)->1959K(2304K)
[75.092s][info][gc             ] GC(528) Pause Young (Allocation Failure) 143M->7M(494M) 19.885ms
[75.092s][info][gc,cpu         ] GC(528) User=0.02s Sys=0.00s Real=0.02s
[75.202s][info][gc,start       ] GC(529) Pause Young (Allocation Failure)
[75.228s][info][gc,heap        ] GC(529) DefNew: 140069K(157248K)->294K(157248K) Eden: 139776K(139776K)->0K(139776K) From: 293K(17472K)->294K(17472K)
[75.228s][info][gc,heap        ] GC(529) Tenured: 7109K(349568K)->7127K(349568K)
[75.228s][info][gc,metaspace   ] GC(529) Metaspace: 14240K(15168K)->14240K(15168K) NonClass: 12281K(12864K)->12281K(12864K) Class: 1959K(2304K)->1959K(2304K)
[75.228s][info][gc             ] GC(529) Pause Young (Allocation Failure) 143M->7M(494M) 25.872ms
[75.228s][info][gc,cpu         ] GC(529) User=0.03s Sys=0.00s Real=0.03s
[75.339s][info][gc,start       ] GC(530) Pause Young (Allocation Failure)
[75.365s][info][gc,heap        ] GC(530) DefNew: 140070K(157248K)->293K(157248K) Eden: 139776K(139776K)->0K(139776K) From: 294K(17472K)->293K(17472K)
[75.365s][info][gc,heap        ] GC(530) Tenured: 7127K(349568K)->7145K(349568K)
[75.365s][info][gc,metaspace   ] GC(530) Metaspace: 14240K(15168K)->14240K(15168K) NonClass: 12281K(12864K)->12281K(12864K) Class: 1959K(2304K)->1959K(2304K)
[75.365s][info][gc             ] GC(530) Pause Young (Allocation Failure) 143M->7M(494M) 26.191ms
[75.365s][info][gc,cpu         ] GC(530) User=0.02s Sys=0.00s Real=0.02s
[75.479s][info][gc,start       ] GC(531) Pause Young (Allocation Failure)
[75.505s][info][gc,heap        ] GC(531) DefNew: 140069K(157248K)->295K(157248K) Eden: 139776K(139776K)->0K(139776K) From: 293K(17472K)->295K(17472K)
[75.505s][info][gc,heap        ] GC(531) Tenured: 7145K(349568K)->7163K(349568K)
[75.505s][info][gc,metaspace   ] GC(531) Metaspace: 14240K(15168K)->14240K(15168K) NonClass: 12281K(12864K)->12281K(12864K) Class: 1959K(2304K)->1959K(2304K)
[75.505s][info][gc             ] GC(531) Pause Young (Allocation Failure) 143M->7M(494M) 26.375ms
[75.505s][info][gc,cpu         ] GC(531) User=0.02s Sys=0.00s Real=0.02s
[75.618s][info][gc,start       ] GC(532) Pause Young (Allocation Failure)
[75.645s][info][gc,heap        ] GC(532) DefNew: 140071K(157248K)->292K(157248K) Eden: 139776K(139776K)->0K(139776K) From: 295K(17472K)->292K(17472K)
[75.645s][info][gc,heap        ] GC(532) Tenured: 7163K(349568K)->7183K(349568K)
[75.645s][info][gc,metaspace   ] GC(532) Metaspace: 14240K(15168K)->14240K(15168K) NonClass: 12281K(12864K)->12281K(12864K) Class: 1959K(2304K)->1959K(2304K)
[75.645s][info][gc             ] GC(532) Pause Young (Allocation Failure) 143M->7M(494M) 26.988ms
[75.645s][info][gc,cpu         ] GC(532) User=0.02s Sys=0.00s Real=0.02s
[75.758s][info][gc,start       ] GC(533) Pause Young (Allocation Failure)
[75.790s][info][gc,heap        ] GC(533) DefNew: 140068K(157248K)->288K(157248K) Eden: 139776K(139776K)->0K(139776K) From: 292K(17472K)->288K(17472K)
[75.790s][info][gc,heap        ] GC(533) Tenured: 7183K(349568K)->7205K(349568K)
[75.790s][info][gc,metaspace   ] GC(533) Metaspace: 14240K(15168K)->14240K(15168K) NonClass: 12281K(12864K)->12281K(12864K) Class: 1959K(2304K)->1959K(2304K)
[75.790s][info][gc             ] GC(533) Pause Young (Allocation Failure) 143M->7M(494M) 32.073ms
[75.790s][info][gc,cpu         ] GC(533) User=0.03s Sys=0.00s Real=0.03s
[75.903s][info][gc,start       ] GC(534) Pause Young (Allocation Failure)
[75.924s][info][gc,heap        ] GC(534) DefNew: 140064K(157248K)->288K(157248K) Eden: 139776K(139776K)->0K(139776K) From: 288K(17472K)->288K(17472K)
[75.925s][info][gc,heap        ] GC(534) Tenured: 7205K(349568K)->7226K(349568K)
[75.925s][info][gc,metaspace   ] GC(534) Metaspace: 14240K(15168K)->14240K(15168K) NonClass: 12281K(12864K)->12281K(12864K) Class: 1959K(2304K)->1959K(2304K)
[75.925s][info][gc             ] GC(534) Pause Young (Allocation Failure) 143M->7M(494M) 21.190ms
[75.925s][info][gc,cpu         ] GC(534) User=0.02s Sys=0.00s Real=0.01s
[76.034s][info][gc,start       ] GC(535) Pause Young (Allocation Failure)
[76.055s][info][gc,heap        ] GC(535) DefNew: 140064K(157248K)->289K(157248K) Eden: 139776K(139776K)->0K(139776K) From: 288K(17472K)->289K(17472K)
[76.055s][info][gc,heap        ] GC(535) Tenured: 7226K(349568K)->7244K(349568K)
[76.055s][info][gc,metaspace   ] GC(535) Metaspace: 14240K(15168K)->14240K(15168K) NonClass: 12281K(12864K)->12281K(12864K) Class: 1959K(2304K)->1959K(2304K)
[76.055s][info][gc             ] GC(535) Pause Young (Allocation Failure) 143M->7M(494M) 21.152ms
[76.055s][info][gc,cpu         ] GC(535) User=0.02s Sys=0.00s Real=0.01s
[76.165s][info][gc,start       ] GC(536) Pause Young (Allocation Failure)
[76.193s][info][gc,heap        ] GC(536) DefNew: 140065K(157248K)->285K(157248K) Eden: 139776K(139776K)->0K(139776K) From: 289K(17472K)->285K(17472K)
[76.193s][info][gc,heap        ] GC(536) Tenured: 7244K(349568K)->7265K(349568K)
[76.193s][info][gc,metaspace   ] GC(536) Metaspace: 14240K(15168K)->14240K(15168K) NonClass: 12281K(12864K)->12281K(12864K) Class: 1959K(2304K)->1959K(2304K)
[76.193s][info][gc             ] GC(536) Pause Young (Allocation Failure) 143M->7M(494M) 28.201ms
[76.193s][info][gc,cpu         ] GC(536) User=0.02s Sys=0.00s Real=0.03s
[76.306s][info][gc,start       ] GC(537) Pause Young (Allocation Failure)
[76.337s][info][gc,heap        ] GC(537) DefNew: 140061K(157248K)->285K(157248K) Eden: 139776K(139776K)->0K(139776K) From: 285K(17472K)->285K(17472K)
[76.337s][info][gc,heap        ] GC(537) Tenured: 7265K(349568K)->7282K(349568K)
[76.337s][info][gc,metaspace   ] GC(537) Metaspace: 14240K(15168K)->14240K(15168K) NonClass: 12281K(12864K)->12281K(12864K) Class: 1959K(2304K)->1959K(2304K)
[76.337s][info][gc             ] GC(537) Pause Young (Allocation Failure) 143M->7M(494M) 30.630ms
[76.337s][info][gc,cpu         ] GC(537) User=0.02s Sys=0.00s Real=0.02s
[76.450s][info][gc,start       ] GC(538) Pause Young (Allocation Failure)
[76.472s][info][gc,heap        ] GC(538) DefNew: 140061K(157248K)->285K(157248K) Eden: 139776K(139776K)->0K(139776K) From: 285K(17472K)->285K(17472K)
[76.472s][info][gc,heap        ] GC(538) Tenured: 7282K(349568K)->7300K(349568K)
[76.472s][info][gc,metaspace   ] GC(538) Metaspace: 14240K(15168K)->14240K(15168K) NonClass: 12281K(12864K)->12281K(12864K) Class: 1959K(2304K)->1959K(2304K)
[76.472s][info][gc             ] GC(538) Pause Young (Allocation Failure) 143M->7M(494M) 21.823ms
[76.472s][info][gc,cpu         ] GC(538) User=0.02s Sys=0.00s Real=0.02s
[76.583s][info][gc,start       ] GC(539) Pause Young (Allocation Failure)
[76.612s][info][gc,heap        ] GC(539) DefNew: 140061K(157248K)->285K(157248K) Eden: 139776K(139776K)->0K(139776K) From: 285K(17472K)->285K(17472K)
[76.612s][info][gc,heap        ] GC(539) Tenured: 7300K(349568K)->7321K(349568K)
[76.612s][info][gc,metaspace   ] GC(539) Metaspace: 14240K(15168K)->14240K(15168K) NonClass: 12281K(12864K)->12281K(12864K) Class: 1959K(2304K)->1959K(2304K)
[76.612s][info][gc             ] GC(539) Pause Young (Allocation Failure) 143M->7M(494M) 28.928ms
[76.612s][info][gc,cpu         ] GC(539) User=0.03s Sys=0.00s Real=0.03s
[76.726s][info][gc,start       ] GC(540) Pause Young (Allocation Failure)
[76.757s][info][gc,heap        ] GC(540) DefNew: 140061K(157248K)->288K(157248K) Eden: 139776K(139776K)->0K(139776K) From: 285K(17472K)->288K(17472K)
[76.757s][info][gc,heap        ] GC(540) Tenured: 7321K(349568K)->7338K(349568K)
[76.757s][info][gc,metaspace   ] GC(540) Metaspace: 14240K(15168K)->14240K(15168K) NonClass: 12281K(12864K)->12281K(12864K) Class: 1959K(2304K)->1959K(2304K)
[76.757s][info][gc             ] GC(540) Pause Young (Allocation Failure) 143M->7M(494M) 31.316ms
[76.757s][info][gc,cpu         ] GC(540) User=0.03s Sys=0.00s Real=0.03s
[76.871s][info][gc,start       ] GC(541) Pause Young (Allocation Failure)
[76.893s][info][gc,heap        ] GC(541) DefNew: 140064K(157248K)->289K(157248K) Eden: 139776K(139776K)->0K(139776K) From: 288K(17472K)->289K(17472K)
[76.893s][info][gc,heap        ] GC(541) Tenured: 7338K(349568K)->7356K(349568K)
[76.893s][info][gc,metaspace   ] GC(541) Metaspace: 14240K(15168K)->14240K(15168K) NonClass: 12281K(12864K)->12281K(12864K) Class: 1959K(2304K)->1959K(2304K)
[76.893s][info][gc             ] GC(541) Pause Young (Allocation Failure) 143M->7M(494M) 22.527ms
[76.893s][info][gc,cpu         ] GC(541) User=0.02s Sys=0.00s Real=0.02s
[77.006s][info][gc,start       ] GC(542) Pause Young (Allocation Failure)
[77.028s][info][gc,heap        ] GC(542) DefNew: 140065K(157248K)->285K(157248K) Eden: 139776K(139776K)->0K(139776K) From: 289K(17472K)->285K(17472K)
[77.028s][info][gc,heap        ] GC(542) Tenured: 7356K(349568K)->7377K(349568K)
[77.028s][info][gc,metaspace   ] GC(542) Metaspace: 14240K(15168K)->14240K(15168K) NonClass: 12281K(12864K)->12281K(12864K) Class: 1959K(2304K)->1959K(2304K)
[77.029s][info][gc             ] GC(542) Pause Young (Allocation Failure) 143M->7M(494M) 22.839ms
[77.029s][info][gc,cpu         ] GC(542) User=0.03s Sys=0.00s Real=0.02s
[77.140s][info][gc,start       ] GC(543) Pause Young (Allocation Failure)
[77.166s][info][gc,heap        ] GC(543) DefNew: 140061K(157248K)->287K(157248K) Eden: 139776K(139776K)->0K(139776K) From: 285K(17472K)->287K(17472K)
[77.166s][info][gc,heap        ] GC(543) Tenured: 7377K(349568K)->7394K(349568K)
[77.166s][info][gc,metaspace   ] GC(543) Metaspace: 14240K(15168K)->14240K(15168K) NonClass: 12281K(12864K)->12281K(12864K) Class: 1959K(2304K)->1959K(2304K)
[77.166s][info][gc             ] GC(543) Pause Young (Allocation Failure) 143M->7M(494M) 25.551ms
[77.166s][info][gc,cpu         ] GC(543) User=0.03s Sys=0.00s Real=0.03s
[77.278s][info][gc,start       ] GC(544) Pause Young (Allocation Failure)
[77.302s][info][gc,heap        ] GC(544) DefNew: 140063K(157248K)->291K(157248K) Eden: 139776K(139776K)->0K(139776K) From: 287K(17472K)->291K(17472K)
[77.302s][info][gc,heap        ] GC(544) Tenured: 7394K(349568K)->7412K(349568K)
[77.302s][info][gc,metaspace   ] GC(544) Metaspace: 14240K(15168K)->14240K(15168K) NonClass: 12281K(12864K)->12281K(12864K) Class: 1959K(2304K)->1959K(2304K)
[77.302s][info][gc             ] GC(544) Pause Young (Allocation Failure) 144M->7M(494M) 23.926ms
[77.302s][info][gc,cpu         ] GC(544) User=0.02s Sys=0.00s Real=0.01s
[77.420s][info][gc,start       ] GC(545) Pause Young (Allocation Failure)
[77.443s][info][gc,heap        ] GC(545) DefNew: 140067K(157248K)->293K(157248K) Eden: 139776K(139776K)->0K(139776K) From: 291K(17472K)->293K(17472K)
[77.443s][info][gc,heap        ] GC(545) Tenured: 7412K(349568K)->7430K(349568K)
[77.443s][info][gc,metaspace   ] GC(545) Metaspace: 14240K(15168K)->14240K(15168K) NonClass: 12281K(12864K)->12281K(12864K) Class: 1959K(2304K)->1959K(2304K)
[77.443s][info][gc             ] GC(545) Pause Young (Allocation Failure) 144M->7M(494M) 23.468ms
[77.443s][info][gc,cpu         ] GC(545) User=0.02s Sys=0.00s Real=0.01s
[77.652s][info][gc,start       ] GC(546) Pause Young (Allocation Failure)
[77.683s][info][gc,heap        ] GC(546) DefNew: 140069K(157248K)->291K(157248K) Eden: 139776K(139776K)->0K(139776K) From: 293K(17472K)->291K(17472K)
[77.683s][info][gc,heap        ] GC(546) Tenured: 7430K(349568K)->7450K(349568K)
[77.683s][info][gc,metaspace   ] GC(546) Metaspace: 14240K(15168K)->14240K(15168K) NonClass: 12281K(12864K)->12281K(12864K) Class: 1959K(2304K)->1959K(2304K)
[77.683s][info][gc             ] GC(546) Pause Young (Allocation Failure) 144M->7M(494M) 30.350ms
[77.683s][info][gc,cpu         ] GC(546) User=0.02s Sys=0.00s Real=0.02s
[77.802s][info][gc,start       ] GC(547) Pause Young (Allocation Failure)
[77.824s][info][gc,heap        ] GC(547) DefNew: 140067K(157248K)->294K(157248K) Eden: 139776K(139776K)->0K(139776K) From: 291K(17472K)->294K(17472K)
[77.824s][info][gc,heap        ] GC(547) Tenured: 7450K(349568K)->7468K(349568K)
[77.824s][info][gc,metaspace   ] GC(547) Metaspace: 14240K(15168K)->14240K(15168K) NonClass: 12281K(12864K)->12281K(12864K) Class: 1959K(2304K)->1959K(2304K)
[77.824s][info][gc             ] GC(547) Pause Young (Allocation Failure) 144M->7M(494M) 22.352ms
[77.824s][info][gc,cpu         ] GC(547) User=0.02s Sys=0.00s Real=0.01s
[77.948s][info][gc,start       ] GC(548) Pause Young (Allocation Failure)
[77.976s][info][gc,heap        ] GC(548) DefNew: 140070K(157248K)->295K(157248K) Eden: 139776K(139776K)->0K(139776K) From: 294K(17472K)->295K(17472K)
[77.976s][info][gc,heap        ] GC(548) Tenured: 7468K(349568K)->7486K(349568K)
[77.976s][info][gc,metaspace   ] GC(548) Metaspace: 14240K(15168K)->14240K(15168K) NonClass: 12281K(12864K)->12281K(12864K) Class: 1959K(2304K)->1959K(2304K)
[77.976s][info][gc             ] GC(548) Pause Young (Allocation Failure) 144M->7M(494M) 28.459ms
[77.976s][info][gc,cpu         ] GC(548) User=0.02s Sys=0.00s Real=0.02s
[78.093s][info][gc,start       ] GC(549) Pause Young (Allocation Failure)
[78.120s][info][gc,heap        ] GC(549) DefNew: 140071K(157248K)->296K(157248K) Eden: 139776K(139776K)->0K(139776K) From: 295K(17472K)->296K(17472K)
[78.120s][info][gc,heap        ] GC(549) Tenured: 7486K(349568K)->7506K(349568K)
[78.120s][info][gc,metaspace   ] GC(549) Metaspace: 14240K(15168K)->14240K(15168K) NonClass: 12281K(12864K)->12281K(12864K) Class: 1959K(2304K)->1959K(2304K)
[78.120s][info][gc             ] GC(549) Pause Young (Allocation Failure) 144M->7M(494M) 26.680ms
[78.120s][info][gc,cpu         ] GC(549) User=0.02s Sys=0.00s Real=0.02s
[78.238s][info][gc,start       ] GC(550) Pause Young (Allocation Failure)
[78.264s][info][gc,heap        ] GC(550) DefNew: 140072K(157248K)->296K(157248K) Eden: 139776K(139776K)->0K(139776K) From: 296K(17472K)->296K(17472K)
[78.264s][info][gc,heap        ] GC(550) Tenured: 7506K(349568K)->7524K(349568K)
[78.264s][info][gc,metaspace   ] GC(550) Metaspace: 14240K(15168K)->14240K(15168K) NonClass: 12281K(12864K)->12281K(12864K) Class: 1959K(2304K)->1959K(2304K)
[78.264s][info][gc             ] GC(550) Pause Young (Allocation Failure) 144M->7M(494M) 26.507ms
[78.264s][info][gc,cpu         ] GC(550) User=0.02s Sys=0.00s Real=0.01s
[78.377s][info][gc,start       ] GC(551) Pause Young (Allocation Failure)
[78.402s][info][gc,heap        ] GC(551) DefNew: 140072K(157248K)->296K(157248K) Eden: 139776K(139776K)->0K(139776K) From: 296K(17472K)->296K(17472K)
[78.402s][info][gc,heap        ] GC(551) Tenured: 7524K(349568K)->7542K(349568K)
[78.402s][info][gc,metaspace   ] GC(551) Metaspace: 14240K(15168K)->14240K(15168K) NonClass: 12281K(12864K)->12281K(12864K) Class: 1959K(2304K)->1959K(2304K)
[78.402s][info][gc             ] GC(551) Pause Young (Allocation Failure) 144M->7M(494M) 25.075ms
[78.402s][info][gc,cpu         ] GC(551) User=0.03s Sys=0.00s Real=0.02s
[78.515s][info][gc,start       ] GC(552) Pause Young (Allocation Failure)
[78.540s][info][gc,heap        ] GC(552) DefNew: 140072K(157248K)->296K(157248K) Eden: 139776K(139776K)->0K(139776K) From: 296K(17472K)->296K(17472K)
[78.540s][info][gc,heap        ] GC(552) Tenured: 7542K(349568K)->7560K(349568K)
[78.540s][info][gc,metaspace   ] GC(552) Metaspace: 14240K(15168K)->14240K(15168K) NonClass: 12281K(12864K)->12281K(12864K) Class: 1959K(2304K)->1959K(2304K)
[78.540s][info][gc             ] GC(552) Pause Young (Allocation Failure) 144M->7M(494M) 25.457ms
[78.540s][info][gc,cpu         ] GC(552) User=0.03s Sys=0.00s Real=0.03s
[78.663s][info][gc,start       ] GC(553) Pause Young (Allocation Failure)
[78.688s][info][gc,heap        ] GC(553) DefNew: 140072K(157248K)->299K(157248K) Eden: 139776K(139776K)->0K(139776K) From: 296K(17472K)->299K(17472K)
[78.688s][info][gc,heap        ] GC(553) Tenured: 7560K(349568K)->7578K(349568K)
[78.688s][info][gc,metaspace   ] GC(553) Metaspace: 14240K(15168K)->14240K(15168K) NonClass: 12281K(12864K)->12281K(12864K) Class: 1959K(2304K)->1959K(2304K)
[78.688s][info][gc             ] GC(553) Pause Young (Allocation Failure) 144M->7M(494M) 24.301ms
[78.688s][info][gc,cpu         ] GC(553) User=0.02s Sys=0.00s Real=0.02s
[78.796s][info][gc,start       ] GC(554) Pause Young (Allocation Failure)
[78.821s][info][gc,heap        ] GC(554) DefNew: 140075K(157248K)->297K(157248K) Eden: 139776K(139776K)->0K(139776K) From: 299K(17472K)->297K(17472K)
[78.822s][info][gc,heap        ] GC(554) Tenured: 7578K(349568K)->7597K(349568K)
[78.822s][info][gc,metaspace   ] GC(554) Metaspace: 14240K(15168K)->14240K(15168K) NonClass: 12281K(12864K)->12281K(12864K) Class: 1959K(2304K)->1959K(2304K)
[78.822s][info][gc             ] GC(554) Pause Young (Allocation Failure) 144M->7M(494M) 25.440ms
[78.822s][info][gc,cpu         ] GC(554) User=0.02s Sys=0.00s Real=0.02s
[78.933s][info][gc,start       ] GC(555) Pause Young (Allocation Failure)
[78.959s][info][gc,heap        ] GC(555) DefNew: 140073K(157248K)->294K(157248K) Eden: 139776K(139776K)->0K(139776K) From: 297K(17472K)->294K(17472K)
[78.959s][info][gc,heap        ] GC(555) Tenured: 7597K(349568K)->7618K(349568K)
[78.959s][info][gc,metaspace   ] GC(555) Metaspace: 14240K(15168K)->14240K(15168K) NonClass: 12281K(12864K)->12281K(12864K) Class: 1959K(2304K)->1959K(2304K)
[78.959s][info][gc             ] GC(555) Pause Young (Allocation Failure) 144M->7M(494M) 25.504ms
[78.959s][info][gc,cpu         ] GC(555) User=0.02s Sys=0.00s Real=0.02s
[79.070s][info][gc,start       ] GC(556) Pause Young (Allocation Failure)
[79.097s][info][gc,heap        ] GC(556) DefNew: 140070K(157248K)->295K(157248K) Eden: 139776K(139776K)->0K(139776K) From: 294K(17472K)->295K(17472K)
[79.097s][info][gc,heap        ] GC(556) Tenured: 7618K(349568K)->7636K(349568K)
[79.097s][info][gc,metaspace   ] GC(556) Metaspace: 14240K(15168K)->14240K(15168K) NonClass: 12281K(12864K)->12281K(12864K) Class: 1959K(2304K)->1959K(2304K)
[79.097s][info][gc             ] GC(556) Pause Young (Allocation Failure) 144M->7M(494M) 27.364ms
[79.097s][info][gc,cpu         ] GC(556) User=0.02s Sys=0.00s Real=0.02s
[79.209s][info][gc,start       ] GC(557) Pause Young (Allocation Failure)
[79.236s][info][gc,heap        ] GC(557) DefNew: 140071K(157248K)->294K(157248K) Eden: 139776K(139776K)->0K(139776K) From: 295K(17472K)->294K(17472K)
[79.236s][info][gc,heap        ] GC(557) Tenured: 7636K(349568K)->7653K(349568K)
[79.236s][info][gc,metaspace   ] GC(557) Metaspace: 14240K(15168K)->14240K(15168K) NonClass: 12281K(12864K)->12281K(12864K) Class: 1959K(2304K)->1959K(2304K)
[79.236s][info][gc             ] GC(557) Pause Young (Allocation Failure) 144M->7M(494M) 26.351ms
[79.236s][info][gc,cpu         ] GC(557) User=0.03s Sys=0.00s Real=0.03s
[79.347s][info][gc,start       ] GC(558) Pause Young (Allocation Failure)
[79.375s][info][gc,heap        ] GC(558) DefNew: 140070K(157248K)->292K(157248K) Eden: 139776K(139776K)->0K(139776K) From: 294K(17472K)->292K(17472K)
[79.375s][info][gc,heap        ] GC(558) Tenured: 7653K(349568K)->7674K(349568K)
[79.375s][info][gc,metaspace   ] GC(558) Metaspace: 14240K(15168K)->14240K(15168K) NonClass: 12281K(12864K)->12281K(12864K) Class: 1959K(2304K)->1959K(2304K)
[79.375s][info][gc             ] GC(558) Pause Young (Allocation Failure) 144M->7M(494M) 27.956ms
[79.375s][info][gc,cpu         ] GC(558) User=0.03s Sys=0.00s Real=0.02s
[79.487s][info][gc,start       ] GC(559) Pause Young (Allocation Failure)
[79.513s][info][gc,heap        ] GC(559) DefNew: 140068K(157248K)->289K(157248K) Eden: 139776K(139776K)->0K(139776K) From: 292K(17472K)->289K(17472K)
[79.513s][info][gc,heap        ] GC(559) Tenured: 7674K(349568K)->7694K(349568K)
[79.513s][info][gc,metaspace   ] GC(559) Metaspace: 14240K(15168K)->14240K(15168K) NonClass: 12281K(12864K)->12281K(12864K) Class: 1959K(2304K)->1959K(2304K)
[79.513s][info][gc             ] GC(559) Pause Young (Allocation Failure) 144M->7M(494M) 26.245ms
[79.513s][info][gc,cpu         ] GC(559) User=0.03s Sys=0.00s Real=0.02s
[79.624s][info][gc,start       ] GC(560) Pause Young (Allocation Failure)
[79.652s][info][gc,heap        ] GC(560) DefNew: 140065K(157248K)->287K(157248K) Eden: 139776K(139776K)->0K(139776K) From: 289K(17472K)->287K(17472K)
[79.652s][info][gc,heap        ] GC(560) Tenured: 7694K(349568K)->7715K(349568K)
[79.652s][info][gc,metaspace   ] GC(560) Metaspace: 14240K(15168K)->14240K(15168K) NonClass: 12281K(12864K)->12281K(12864K) Class: 1959K(2304K)->1959K(2304K)
[79.652s][info][gc             ] GC(560) Pause Young (Allocation Failure) 144M->7M(494M) 28.301ms
[79.652s][info][gc,cpu         ] GC(560) User=0.03s Sys=0.00s Real=0.02s
[79.763s][info][gc,start       ] GC(561) Pause Young (Allocation Failure)
[79.791s][info][gc,heap        ] GC(561) DefNew: 140063K(157248K)->286K(157248K) Eden: 139776K(139776K)->0K(139776K) From: 287K(17472K)->286K(17472K)
[79.791s][info][gc,heap        ] GC(561) Tenured: 7715K(349568K)->7732K(349568K)
[79.791s][info][gc,metaspace   ] GC(561) Metaspace: 14240K(15168K)->14240K(15168K) NonClass: 12281K(12864K)->12281K(12864K) Class: 1959K(2304K)->1959K(2304K)
[79.791s][info][gc             ] GC(561) Pause Young (Allocation Failure) 144M->7M(494M) 27.640ms
[79.791s][info][gc,cpu         ] GC(561) User=0.02s Sys=0.00s Real=0.02s
[79.903s][info][gc,start       ] GC(562) Pause Young (Allocation Failure)
[79.932s][info][gc,heap        ] GC(562) DefNew: 140062K(157248K)->284K(157248K) Eden: 139776K(139776K)->0K(139776K) From: 286K(17472K)->284K(17472K)
[79.932s][info][gc,heap        ] GC(562) Tenured: 7732K(349568K)->7753K(349568K)
[79.932s][info][gc,metaspace   ] GC(562) Metaspace: 14240K(15168K)->14240K(15168K) NonClass: 12281K(12864K)->12281K(12864K) Class: 1959K(2304K)->1959K(2304K)
[79.933s][info][gc             ] GC(562) Pause Young (Allocation Failure) 144M->7M(494M) 29.829ms
[79.933s][info][gc,cpu         ] GC(562) User=0.03s Sys=0.00s Real=0.03s
[80.045s][info][gc,start       ] GC(563) Pause Young (Allocation Failure)
[80.067s][info][gc,heap        ] GC(563) DefNew: 140060K(157248K)->280K(157248K) Eden: 139776K(139776K)->0K(139776K) From: 284K(17472K)->280K(17472K)
[80.067s][info][gc,heap        ] GC(563) Tenured: 7753K(349568K)->7774K(349568K)
[80.067s][info][gc,metaspace   ] GC(563) Metaspace: 14240K(15168K)->14240K(15168K) NonClass: 12281K(12864K)->12281K(12864K) Class: 1959K(2304K)->1959K(2304K)
[80.067s][info][gc             ] GC(563) Pause Young (Allocation Failure) 144M->7M(494M) 21.453ms
[80.067s][info][gc,cpu         ] GC(563) User=0.02s Sys=0.00s Real=0.01s
[80.178s][info][gc,start       ] GC(564) Pause Young (Allocation Failure)
[80.206s][info][gc,heap        ] GC(564) DefNew: 140056K(157248K)->280K(157248K) Eden: 139776K(139776K)->0K(139776K) From: 280K(17472K)->280K(17472K)
[80.206s][info][gc,heap        ] GC(564) Tenured: 7774K(349568K)->7792K(349568K)
[80.206s][info][gc,metaspace   ] GC(564) Metaspace: 14240K(15168K)->14240K(15168K) NonClass: 12281K(12864K)->12281K(12864K) Class: 1959K(2304K)->1959K(2304K)
[80.206s][info][gc             ] GC(564) Pause Young (Allocation Failure) 144M->7M(494M) 28.381ms
[80.206s][info][gc,cpu         ] GC(564) User=0.03s Sys=0.00s Real=0.03s
[80.319s][info][gc,start       ] GC(565) Pause Young (Allocation Failure)
[80.350s][info][gc,heap        ] GC(565) DefNew: 140056K(157248K)->277K(157248K) Eden: 139776K(139776K)->0K(139776K) From: 280K(17472K)->277K(17472K)
[80.350s][info][gc,heap        ] GC(565) Tenured: 7792K(349568K)->7812K(349568K)
[80.350s][info][gc,metaspace   ] GC(565) Metaspace: 14240K(15168K)->14240K(15168K) NonClass: 12281K(12864K)->12281K(12864K) Class: 1959K(2304K)->1959K(2304K)
[80.350s][info][gc             ] GC(565) Pause Young (Allocation Failure) 144M->7M(494M) 30.733ms
[80.350s][info][gc,cpu         ] GC(565) User=0.02s Sys=0.00s Real=0.02s
[80.464s][info][gc,start       ] GC(566) Pause Young (Allocation Failure)
[80.493s][info][gc,heap        ] GC(566) DefNew: 140053K(157248K)->277K(157248K) Eden: 139776K(139776K)->0K(139776K) From: 277K(17472K)->277K(17472K)
[80.493s][info][gc,heap        ] GC(566) Tenured: 7812K(349568K)->7830K(349568K)
[80.493s][info][gc,metaspace   ] GC(566) Metaspace: 14240K(15168K)->14240K(15168K) NonClass: 12281K(12864K)->12281K(12864K) Class: 1959K(2304K)->1959K(2304K)
[80.493s][info][gc             ] GC(566) Pause Young (Allocation Failure) 144M->7M(494M) 29.280ms
[80.493s][info][gc,cpu         ] GC(566) User=0.02s Sys=0.00s Real=0.02s
[80.605s][info][gc,start       ] GC(567) Pause Young (Allocation Failure)
[80.637s][info][gc,heap        ] GC(567) DefNew: 140053K(157248K)->277K(157248K) Eden: 139776K(139776K)->0K(139776K) From: 277K(17472K)->277K(17472K)
[80.637s][info][gc,heap        ] GC(567) Tenured: 7830K(349568K)->7848K(349568K)
[80.637s][info][gc,metaspace   ] GC(567) Metaspace: 14240K(15168K)->14240K(15168K) NonClass: 12281K(12864K)->12281K(12864K) Class: 1959K(2304K)->1959K(2304K)
[80.637s][info][gc             ] GC(567) Pause Young (Allocation Failure) 144M->7M(494M) 31.549ms
[80.637s][info][gc,cpu         ] GC(567) User=0.03s Sys=0.00s Real=0.03s
[80.749s][info][gc,start       ] GC(568) Pause Young (Allocation Failure)
[80.779s][info][gc,heap        ] GC(568) DefNew: 140053K(157248K)->275K(157248K) Eden: 139776K(139776K)->0K(139776K) From: 277K(17472K)->275K(17472K)
[80.779s][info][gc,heap        ] GC(568) Tenured: 7848K(349568K)->7869K(349568K)
[80.779s][info][gc,metaspace   ] GC(568) Metaspace: 14240K(15168K)->14240K(15168K) NonClass: 12281K(12864K)->12281K(12864K) Class: 1959K(2304K)->1959K(2304K)
[80.779s][info][gc             ] GC(568) Pause Young (Allocation Failure) 144M->7M(494M) 29.598ms
[80.779s][info][gc,cpu         ] GC(568) User=0.03s Sys=0.00s Real=0.03s
[80.893s][info][gc,start       ] GC(569) Pause Young (Allocation Failure)
[80.923s][info][gc,heap        ] GC(569) DefNew: 140051K(157248K)->275K(157248K) Eden: 139775K(139776K)->0K(139776K) From: 275K(17472K)->275K(17472K)
[80.923s][info][gc,heap        ] GC(569) Tenured: 7869K(349568K)->7887K(349568K)
[80.923s][info][gc,metaspace   ] GC(569) Metaspace: 14240K(15168K)->14240K(15168K) NonClass: 12281K(12864K)->12281K(12864K) Class: 1959K(2304K)->1959K(2304K)
[80.923s][info][gc             ] GC(569) Pause Young (Allocation Failure) 144M->7M(494M) 29.822ms
[80.923s][info][gc,cpu         ] GC(569) User=0.02s Sys=0.00s Real=0.02s
[81.036s][info][gc,start       ] GC(570) Pause Young (Allocation Failure)
[81.066s][info][gc,heap        ] GC(570) DefNew: 140051K(157248K)->275K(157248K) Eden: 139776K(139776K)->0K(139776K) From: 275K(17472K)->275K(17472K)
[81.066s][info][gc,heap        ] GC(570) Tenured: 7887K(349568K)->7904K(349568K)
[81.066s][info][gc,metaspace   ] GC(570) Metaspace: 14240K(15168K)->14240K(15168K) NonClass: 12281K(12864K)->12281K(12864K) Class: 1959K(2304K)->1959K(2304K)
[81.066s][info][gc             ] GC(570) Pause Young (Allocation Failure) 144M->7M(494M) 30.183ms
[81.066s][info][gc,cpu         ] GC(570) User=0.03s Sys=0.00s Real=0.03s
[81.179s][info][gc,start       ] GC(571) Pause Young (Allocation Failure)
[81.209s][info][gc,heap        ] GC(571) DefNew: 140051K(157248K)->275K(157248K) Eden: 139776K(139776K)->0K(139776K) From: 275K(17472K)->275K(17472K)
[81.209s][info][gc,heap        ] GC(571) Tenured: 7904K(349568K)->7922K(349568K)
[81.210s][info][gc,metaspace   ] GC(571) Metaspace: 14240K(15168K)->14240K(15168K) NonClass: 12281K(12864K)->12281K(12864K) Class: 1959K(2304K)->1959K(2304K)
[81.210s][info][gc             ] GC(571) Pause Young (Allocation Failure) 144M->8M(494M) 30.619ms
[81.210s][info][gc,cpu         ] GC(571) User=0.02s Sys=0.00s Real=0.02s
[81.323s][info][gc,start       ] GC(572) Pause Young (Allocation Failure)
[81.356s][info][gc,heap        ] GC(572) DefNew: 140051K(157248K)->274K(157248K) Eden: 139776K(139776K)->0K(139776K) From: 275K(17472K)->274K(17472K)
[81.373s][info][gc,heap        ] GC(572) Tenured: 7922K(349568K)->7940K(349568K)
[81.374s][info][gc,metaspace   ] GC(572) Metaspace: 14240K(15168K)->14240K(15168K) NonClass: 12281K(12864K)->12281K(12864K) Class: 1959K(2304K)->1959K(2304K)
[81.374s][info][gc             ] GC(572) Pause Young (Allocation Failure) 144M->8M(494M) 50.890ms
[81.374s][info][gc,cpu         ] GC(572) User=0.03s Sys=0.00s Real=0.05s
[81.491s][info][gc,start       ] GC(573) Pause Young (Allocation Failure)
[81.522s][info][gc,heap        ] GC(573) DefNew: 140050K(157248K)->275K(157248K) Eden: 139776K(139776K)->0K(139776K) From: 274K(17472K)->275K(17472K)
[81.522s][info][gc,heap        ] GC(573) Tenured: 7940K(349568K)->7958K(349568K)
[81.522s][info][gc,metaspace   ] GC(573) Metaspace: 14240K(15168K)->14240K(15168K) NonClass: 12281K(12864K)->12281K(12864K) Class: 1959K(2304K)->1959K(2304K)
[81.522s][info][gc             ] GC(573) Pause Young (Allocation Failure) 144M->8M(494M) 31.498ms
[81.522s][info][gc,cpu         ] GC(573) User=0.03s Sys=0.00s Real=0.03s
[81.643s][info][gc,start       ] GC(574) Pause Young (Allocation Failure)
[81.675s][info][gc,heap        ] GC(574) DefNew: 140051K(157248K)->277K(157248K) Eden: 139776K(139776K)->0K(139776K) From: 275K(17472K)->277K(17472K)
[81.675s][info][gc,heap        ] GC(574) Tenured: 7958K(349568K)->7975K(349568K)
[81.675s][info][gc,metaspace   ] GC(574) Metaspace: 14240K(15168K)->14240K(15168K) NonClass: 12281K(12864K)->12281K(12864K) Class: 1959K(2304K)->1959K(2304K)
[81.675s][info][gc             ] GC(574) Pause Young (Allocation Failure) 144M->8M(494M) 32.476ms
[81.675s][info][gc,cpu         ] GC(574) User=0.03s Sys=0.00s Real=0.02s
[81.854s][info][gc,start       ] GC(575) Pause Young (Allocation Failure)
[81.885s][info][gc,heap        ] GC(575) DefNew: 140053K(157248K)->278K(157248K) Eden: 139776K(139776K)->0K(139776K) From: 277K(17472K)->278K(17472K)
[81.885s][info][gc,heap        ] GC(575) Tenured: 7975K(349568K)->7993K(349568K)
[81.885s][info][gc,metaspace   ] GC(575) Metaspace: 14240K(15168K)->14240K(15168K) NonClass: 12281K(12864K)->12281K(12864K) Class: 1959K(2304K)->1959K(2304K)
[81.885s][info][gc             ] GC(575) Pause Young (Allocation Failure) 144M->8M(494M) 30.945ms
[81.885s][info][gc,cpu         ] GC(575) User=0.02s Sys=0.00s Real=0.02s
[82.003s][info][gc,start       ] GC(576) Pause Young (Allocation Failure)
[82.025s][info][gc,heap        ] GC(576) DefNew: 140054K(157248K)->277K(157248K) Eden: 139776K(139776K)->0K(139776K) From: 278K(17472K)->277K(17472K)
[82.025s][info][gc,heap        ] GC(576) Tenured: 7993K(349568K)->8011K(349568K)
[82.025s][info][gc,metaspace   ] GC(576) Metaspace: 14240K(15168K)->14240K(15168K) NonClass: 12281K(12864K)->12281K(12864K) Class: 1959K(2304K)->1959K(2304K)
[82.026s][info][gc             ] GC(576) Pause Young (Allocation Failure) 144M->8M(494M) 22.736ms
[82.026s][info][gc,cpu         ] GC(576) User=0.02s Sys=0.00s Real=0.02s
[82.148s][info][gc,start       ] GC(577) Pause Young (Allocation Failure)
[82.169s][info][gc,heap        ] GC(577) DefNew: 140053K(157248K)->280K(157248K) Eden: 139776K(139776K)->0K(139776K) From: 277K(17472K)->280K(17472K)
[82.170s][info][gc,heap        ] GC(577) Tenured: 8011K(349568K)->8029K(349568K)
[82.170s][info][gc,metaspace   ] GC(577) Metaspace: 14240K(15168K)->14240K(15168K) NonClass: 12281K(12864K)->12281K(12864K) Class: 1959K(2304K)->1959K(2304K)
[82.170s][info][gc             ] GC(577) Pause Young (Allocation Failure) 144M->8M(494M) 21.491ms
[82.170s][info][gc,cpu         ] GC(577) User=0.00s Sys=0.00s Real=0.01s
[82.283s][info][gc,start       ] GC(578) Pause Young (Allocation Failure)
[82.310s][info][gc,heap        ] GC(578) DefNew: 140056K(157248K)->280K(157248K) Eden: 139776K(139776K)->0K(139776K) From: 280K(17472K)->280K(17472K)
[82.310s][info][gc,heap        ] GC(578) Tenured: 8029K(349568K)->8046K(349568K)
[82.310s][info][gc,metaspace   ] GC(578) Metaspace: 14240K(15168K)->14240K(15168K) NonClass: 12281K(12864K)->12281K(12864K) Class: 1959K(2304K)->1959K(2304K)
[82.311s][info][gc             ] GC(578) Pause Young (Allocation Failure) 144M->8M(494M) 27.246ms
[82.311s][info][gc,cpu         ] GC(578) User=0.03s Sys=0.00s Real=0.02s
[82.426s][info][gc,start       ] GC(579) Pause Young (Allocation Failure)
[82.452s][info][gc,heap        ] GC(579) DefNew: 140056K(157248K)->284K(157248K) Eden: 139776K(139776K)->0K(139776K) From: 280K(17472K)->284K(17472K)
[82.452s][info][gc,heap        ] GC(579) Tenured: 8046K(349568K)->8064K(349568K)
[82.452s][info][gc,metaspace   ] GC(579) Metaspace: 14240K(15168K)->14240K(15168K) NonClass: 12281K(12864K)->12281K(12864K) Class: 1959K(2304K)->1959K(2304K)
[82.452s][info][gc             ] GC(579) Pause Young (Allocation Failure) 144M->8M(494M) 26.338ms
[82.452s][info][gc,cpu         ] GC(579) User=0.03s Sys=0.00s Real=0.03s
[82.565s][info][gc,start       ] GC(580) Pause Young (Allocation Failure)
[82.591s][info][gc,heap        ] GC(580) DefNew: 140060K(157248K)->291K(157248K) Eden: 139776K(139776K)->0K(139776K) From: 284K(17472K)->291K(17472K)
[82.591s][info][gc,heap        ] GC(580) Tenured: 8064K(349568K)->8082K(349568K)
[82.591s][info][gc,metaspace   ] GC(580) Metaspace: 14240K(15168K)->14240K(15168K) NonClass: 12281K(12864K)->12281K(12864K) Class: 1959K(2304K)->1959K(2304K)
[82.591s][info][gc             ] GC(580) Pause Young (Allocation Failure) 144M->8M(494M) 25.602ms
[82.591s][info][gc,cpu         ] GC(580) User=0.02s Sys=0.00s Real=0.02s
[82.702s][info][gc,start       ] GC(581) Pause Young (Allocation Failure)
[82.729s][info][gc,heap        ] GC(581) DefNew: 140067K(157248K)->291K(157248K) Eden: 139776K(139776K)->0K(139776K) From: 291K(17472K)->291K(17472K)
[82.740s][info][gc,heap        ] GC(581) Tenured: 8082K(349568K)->8099K(349568K)
[82.740s][info][gc,metaspace   ] GC(581) Metaspace: 14240K(15168K)->14240K(15168K) NonClass: 12281K(12864K)->12281K(12864K) Class: 1959K(2304K)->1959K(2304K)
[82.740s][info][gc             ] GC(581) Pause Young (Allocation Failure) 144M->8M(494M) 37.616ms
[82.740s][info][gc,cpu         ] GC(581) User=0.02s Sys=0.00s Real=0.03s
[82.868s][info][gc,start       ] GC(582) Pause Young (Allocation Failure)
[82.893s][info][gc,heap        ] GC(582) DefNew: 140067K(157248K)->294K(157248K) Eden: 139776K(139776K)->0K(139776K) From: 291K(17472K)->294K(17472K)
[82.893s][info][gc,heap        ] GC(582) Tenured: 8099K(349568K)->8117K(349568K)
[82.893s][info][gc,metaspace   ] GC(582) Metaspace: 14240K(15168K)->14240K(15168K) NonClass: 12281K(12864K)->12281K(12864K) Class: 1959K(2304K)->1959K(2304K)
[82.893s][info][gc             ] GC(582) Pause Young (Allocation Failure) 144M->8M(494M) 24.937ms
[82.893s][info][gc,cpu         ] GC(582) User=0.02s Sys=0.00s Real=0.02s
[83.004s][info][gc,start       ] GC(583) Pause Young (Allocation Failure)
[83.031s][info][gc,heap        ] GC(583) DefNew: 140070K(157248K)->294K(157248K) Eden: 139776K(139776K)->0K(139776K) From: 294K(17472K)->294K(17472K)
[83.031s][info][gc,heap        ] GC(583) Tenured: 8117K(349568K)->8135K(349568K)
[83.031s][info][gc,metaspace   ] GC(583) Metaspace: 14240K(15168K)->14240K(15168K) NonClass: 12281K(12864K)->12281K(12864K) Class: 1959K(2304K)->1959K(2304K)
[83.031s][info][gc             ] GC(583) Pause Young (Allocation Failure) 144M->8M(494M) 27.587ms
[83.031s][info][gc,cpu         ] GC(583) User=0.03s Sys=0.00s Real=0.03s
[83.145s][info][gc,start       ] GC(584) Pause Young (Allocation Failure)
[83.171s][info][gc,heap        ] GC(584) DefNew: 140070K(157248K)->296K(157248K) Eden: 139776K(139776K)->0K(139776K) From: 294K(17472K)->296K(17472K)
[83.171s][info][gc,heap        ] GC(584) Tenured: 8135K(349568K)->8153K(349568K)
[83.171s][info][gc,metaspace   ] GC(584) Metaspace: 14240K(15168K)->14240K(15168K) NonClass: 12281K(12864K)->12281K(12864K) Class: 1959K(2304K)->1959K(2304K)
[83.171s][info][gc             ] GC(584) Pause Young (Allocation Failure) 144M->8M(494M) 26.131ms
[83.171s][info][gc,cpu         ] GC(584) User=0.02s Sys=0.00s Real=0.02s
[83.283s][info][gc,start       ] GC(585) Pause Young (Allocation Failure)
[83.309s][info][gc,heap        ] GC(585) DefNew: 140072K(157248K)->297K(157248K) Eden: 139776K(139776K)->0K(139776K) From: 296K(17472K)->297K(17472K)
[83.309s][info][gc,heap        ] GC(585) Tenured: 8153K(349568K)->8171K(349568K)
[83.309s][info][gc,metaspace   ] GC(585) Metaspace: 14240K(15168K)->14240K(15168K) NonClass: 12281K(12864K)->12281K(12864K) Class: 1959K(2304K)->1959K(2304K)
[83.309s][info][gc             ] GC(585) Pause Young (Allocation Failure) 144M->8M(494M) 26.114ms
[83.309s][info][gc,cpu         ] GC(585) User=0.02s Sys=0.00s Real=0.02s
[83.420s][info][gc,start       ] GC(586) Pause Young (Allocation Failure)
[83.447s][info][gc,heap        ] GC(586) DefNew: 140073K(157248K)->297K(157248K) Eden: 139776K(139776K)->0K(139776K) From: 297K(17472K)->297K(17472K)
[83.447s][info][gc,heap        ] GC(586) Tenured: 8171K(349568K)->8189K(349568K)
[83.447s][info][gc,metaspace   ] GC(586) Metaspace: 14240K(15168K)->14240K(15168K) NonClass: 12281K(12864K)->12281K(12864K) Class: 1959K(2304K)->1959K(2304K)
[83.447s][info][gc             ] GC(586) Pause Young (Allocation Failure) 144M->8M(494M) 26.201ms
[83.447s][info][gc,cpu         ] GC(586) User=0.02s Sys=0.00s Real=0.02s
[83.558s][info][gc,start       ] GC(587) Pause Young (Allocation Failure)
[83.587s][info][gc,heap        ] GC(587) DefNew: 140073K(157248K)->296K(157248K) Eden: 139776K(139776K)->0K(139776K) From: 297K(17472K)->296K(17472K)
[83.587s][info][gc,heap        ] GC(587) Tenured: 8189K(349568K)->8206K(349568K)
[83.587s][info][gc,metaspace   ] GC(587) Metaspace: 14240K(15168K)->14240K(15168K) NonClass: 12281K(12864K)->12281K(12864K) Class: 1959K(2304K)->1959K(2304K)
[83.587s][info][gc             ] GC(587) Pause Young (Allocation Failure) 144M->8M(494M) 28.362ms
[83.587s][info][gc,cpu         ] GC(587) User=0.02s Sys=0.00s Real=0.02s
[83.698s][info][gc,start       ] GC(588) Pause Young (Allocation Failure)
[83.725s][info][gc,heap        ] GC(588) DefNew: 140072K(157248K)->295K(157248K) Eden: 139776K(139776K)->0K(139776K) From: 296K(17472K)->295K(17472K)
[83.725s][info][gc,heap        ] GC(588) Tenured: 8206K(349568K)->8224K(349568K)
[83.725s][info][gc,metaspace   ] GC(588) Metaspace: 14240K(15168K)->14240K(15168K) NonClass: 12281K(12864K)->12281K(12864K) Class: 1959K(2304K)->1959K(2304K)
[83.725s][info][gc             ] GC(588) Pause Young (Allocation Failure) 144M->8M(494M) 26.689ms
[83.725s][info][gc,cpu         ] GC(588) User=0.02s Sys=0.00s Real=0.02s
[83.838s][info][gc,start       ] GC(589) Pause Young (Allocation Failure)
[83.865s][info][gc,heap        ] GC(589) DefNew: 140071K(157248K)->293K(157248K) Eden: 139776K(139776K)->0K(139776K) From: 295K(17472K)->293K(17472K)
[83.865s][info][gc,heap        ] GC(589) Tenured: 8224K(349568K)->8244K(349568K)
[83.865s][info][gc,metaspace   ] GC(589) Metaspace: 14240K(15168K)->14240K(15168K) NonClass: 12281K(12864K)->12281K(12864K) Class: 1959K(2304K)->1959K(2304K)
[83.865s][info][gc             ] GC(589) Pause Young (Allocation Failure) 144M->8M(494M) 27.240ms
[83.865s][info][gc,cpu         ] GC(589) User=0.02s Sys=0.00s Real=0.03s
[83.978s][info][gc,start       ] GC(590) Pause Young (Allocation Failure)
[84.008s][info][gc,heap        ] GC(590) DefNew: 140069K(157248K)->293K(157248K) Eden: 139775K(139776K)->0K(139776K) From: 293K(17472K)->293K(17472K)
[84.008s][info][gc,heap        ] GC(590) Tenured: 8244K(349568K)->8262K(349568K)
[84.008s][info][gc,metaspace   ] GC(590) Metaspace: 14240K(15168K)->14240K(15168K) NonClass: 12281K(12864K)->12281K(12864K) Class: 1959K(2304K)->1959K(2304K)
[84.008s][info][gc             ] GC(590) Pause Young (Allocation Failure) 144M->8M(494M) 29.747ms
[84.008s][info][gc,cpu         ] GC(590) User=0.02s Sys=0.00s Real=0.02s
[84.121s][info][gc,start       ] GC(591) Pause Young (Allocation Failure)
[84.150s][info][gc,heap        ] GC(591) DefNew: 140027K(157248K)->294K(157248K) Eden: 139733K(139776K)->0K(139776K) From: 293K(17472K)->294K(17472K)
[84.150s][info][gc,heap        ] GC(591) Tenured: 8262K(349568K)->8280K(349568K)
[84.150s][info][gc,metaspace   ] GC(591) Metaspace: 14240K(15168K)->14240K(15168K) NonClass: 12281K(12864K)->12281K(12864K) Class: 1959K(2304K)->1959K(2304K)
[84.150s][info][gc             ] GC(591) Pause Young (Allocation Failure) 144M->8M(494M) 28.966ms
[84.150s][info][gc,cpu         ] GC(591) User=0.03s Sys=0.00s Real=0.03s
[84.261s][info][gc,start       ] GC(592) Pause Young (Allocation Failure)
[84.292s][info][gc,heap        ] GC(592) DefNew: 140070K(157248K)->291K(157248K) Eden: 139776K(139776K)->0K(139776K) From: 294K(17472K)->291K(17472K)
[84.292s][info][gc,heap        ] GC(592) Tenured: 8280K(349568K)->8301K(349568K)
[84.292s][info][gc,metaspace   ] GC(592) Metaspace: 14240K(15168K)->14240K(15168K) NonClass: 12281K(12864K)->12281K(12864K) Class: 1959K(2304K)->1959K(2304K)
[84.292s][info][gc             ] GC(592) Pause Young (Allocation Failure) 144M->8M(494M) 30.420ms
[84.292s][info][gc,cpu         ] GC(592) User=0.03s Sys=0.00s Real=0.03s
[84.405s][info][gc,start       ] GC(593) Pause Young (Allocation Failure)
[84.434s][info][gc,heap        ] GC(593) DefNew: 140067K(157248K)->293K(157248K) Eden: 139776K(139776K)->0K(139776K) From: 291K(17472K)->293K(17472K)
[84.435s][info][gc,heap        ] GC(593) Tenured: 8301K(349568K)->8319K(349568K)
[84.435s][info][gc,metaspace   ] GC(593) Metaspace: 14240K(15168K)->14240K(15168K) NonClass: 12281K(12864K)->12281K(12864K) Class: 1959K(2304K)->1959K(2304K)
[84.435s][info][gc             ] GC(593) Pause Young (Allocation Failure) 144M->8M(494M) 29.103ms
[84.435s][info][gc,cpu         ] GC(593) User=0.03s Sys=0.00s Real=0.03s
[84.547s][info][gc,start       ] GC(594) Pause Young (Allocation Failure)
[84.578s][info][gc,heap        ] GC(594) DefNew: 140069K(157248K)->288K(157248K) Eden: 139776K(139776K)->0K(139776K) From: 293K(17472K)->288K(17472K)
[84.578s][info][gc,heap        ] GC(594) Tenured: 8319K(349568K)->8339K(349568K)
[84.578s][info][gc,metaspace   ] GC(594) Metaspace: 14240K(15168K)->14240K(15168K) NonClass: 12281K(12864K)->12281K(12864K) Class: 1959K(2304K)->1959K(2304K)
[84.578s][info][gc             ] GC(594) Pause Young (Allocation Failure) 144M->8M(494M) 30.979ms
[84.578s][info][gc,cpu         ] GC(594) User=0.02s Sys=0.00s Real=0.02s
[84.693s][info][gc,start       ] GC(595) Pause Young (Allocation Failure)
[84.715s][info][gc,heap        ] GC(595) DefNew: 140064K(157248K)->283K(157248K) Eden: 139776K(139776K)->0K(139776K) From: 288K(17472K)->283K(17472K)
[84.715s][info][gc,heap        ] GC(595) Tenured: 8339K(349568K)->8365K(349568K)
[84.715s][info][gc,metaspace   ] GC(595) Metaspace: 14240K(15168K)->14240K(15168K) NonClass: 12281K(12864K)->12281K(12864K) Class: 1959K(2304K)->1959K(2304K)
[84.715s][info][gc             ] GC(595) Pause Young (Allocation Failure) 144M->8M(494M) 22.568ms
[84.715s][info][gc,cpu         ] GC(595) User=0.02s Sys=0.00s Real=0.02s
[84.828s][info][gc,start       ] GC(596) Pause Young (Allocation Failure)
[84.850s][info][gc,heap        ] GC(596) DefNew: 140059K(157248K)->284K(157248K) Eden: 139776K(139776K)->0K(139776K) From: 283K(17472K)->284K(17472K)
[84.850s][info][gc,heap        ] GC(596) Tenured: 8365K(349568K)->8382K(349568K)
[84.850s][info][gc,metaspace   ] GC(596) Metaspace: 14240K(15168K)->14240K(15168K) NonClass: 12281K(12864K)->12281K(12864K) Class: 1959K(2304K)->1959K(2304K)
[84.850s][info][gc             ] GC(596) Pause Young (Allocation Failure) 144M->8M(494M) 22.724ms
[84.850s][info][gc,cpu         ] GC(596) User=0.02s Sys=0.00s Real=0.02s
[84.962s][info][gc,start       ] GC(597) Pause Young (Allocation Failure)
[84.985s][info][gc,heap        ] GC(597) DefNew: 140060K(157248K)->279K(157248K) Eden: 139776K(139776K)->0K(139776K) From: 284K(17472K)->279K(17472K)
[84.985s][info][gc,heap        ] GC(597) Tenured: 8382K(349568K)->8403K(349568K)
[84.985s][info][gc,metaspace   ] GC(597) Metaspace: 14240K(15168K)->14240K(15168K) NonClass: 12281K(12864K)->12281K(12864K) Class: 1959K(2304K)->1959K(2304K)
[84.985s][info][gc             ] GC(597) Pause Young (Allocation Failure) 144M->8M(494M) 22.892ms
[84.985s][info][gc,cpu         ] GC(597) User=0.02s Sys=0.00s Real=0.02s
[85.095s][info][gc,start       ] GC(598) Pause Young (Allocation Failure)
[85.125s][info][gc,heap        ] GC(598) DefNew: 140055K(157248K)->279K(157248K) Eden: 139776K(139776K)->0K(139776K) From: 279K(17472K)->279K(17472K)
[85.125s][info][gc,heap        ] GC(598) Tenured: 8403K(349568K)->8421K(349568K)
[85.125s][info][gc,metaspace   ] GC(598) Metaspace: 14240K(15168K)->14240K(15168K) NonClass: 12281K(12864K)->12281K(12864K) Class: 1959K(2304K)->1959K(2304K)
[85.125s][info][gc             ] GC(598) Pause Young (Allocation Failure) 144M->8M(494M) 30.552ms
[85.125s][info][gc,cpu         ] GC(598) User=0.03s Sys=0.00s Real=0.03s
[85.238s][info][gc,start       ] GC(599) Pause Young (Allocation Failure)
[85.271s][info][gc,heap        ] GC(599) DefNew: 140055K(157248K)->280K(157248K) Eden: 139776K(139776K)->0K(139776K) From: 279K(17472K)->280K(17472K)
[85.271s][info][gc,heap        ] GC(599) Tenured: 8421K(349568K)->8441K(349568K)
[85.271s][info][gc,metaspace   ] GC(599) Metaspace: 14240K(15168K)->14240K(15168K) NonClass: 12281K(12864K)->12281K(12864K) Class: 1959K(2304K)->1959K(2304K)
[85.271s][info][gc             ] GC(599) Pause Young (Allocation Failure) 144M->8M(494M) 32.874ms
[85.271s][info][gc,cpu         ] GC(599) User=0.03s Sys=0.00s Real=0.03s
[85.385s][info][gc,start       ] GC(600) Pause Young (Allocation Failure)
[85.408s][info][gc,heap        ] GC(600) DefNew: 140056K(157248K)->283K(157248K) Eden: 139776K(139776K)->0K(139776K) From: 280K(17472K)->283K(17472K)
[85.408s][info][gc,heap        ] GC(600) Tenured: 8441K(349568K)->8459K(349568K)
[85.408s][info][gc,metaspace   ] GC(600) Metaspace: 14240K(15168K)->14240K(15168K) NonClass: 12281K(12864K)->12281K(12864K) Class: 1959K(2304K)->1959K(2304K)
[85.408s][info][gc             ] GC(600) Pause Young (Allocation Failure) 145M->8M(494M) 23.232ms
[85.408s][info][gc,cpu         ] GC(600) User=0.02s Sys=0.00s Real=0.02s
[85.519s][info][gc,start       ] GC(601) Pause Young (Allocation Failure)
[85.556s][info][gc,heap        ] GC(601) DefNew: 140059K(157248K)->283K(157248K) Eden: 139776K(139776K)->0K(139776K) From: 283K(17472K)->283K(17472K)
[85.556s][info][gc,heap        ] GC(601) Tenured: 8459K(349568K)->8476K(349568K)
[85.556s][info][gc,metaspace   ] GC(601) Metaspace: 14240K(15168K)->14240K(15168K) NonClass: 12281K(12864K)->12281K(12864K) Class: 1959K(2304K)->1959K(2304K)
[85.556s][info][gc             ] GC(601) Pause Young (Allocation Failure) 145M->8M(494M) 37.638ms
[85.557s][info][gc,cpu         ] GC(601) User=0.02s Sys=0.00s Real=0.02s
[85.674s][info][gc,start       ] GC(602) Pause Young (Allocation Failure)
[85.697s][info][gc,heap        ] GC(602) DefNew: 140059K(157248K)->286K(157248K) Eden: 139776K(139776K)->0K(139776K) From: 283K(17472K)->286K(17472K)
[85.697s][info][gc,heap        ] GC(602) Tenured: 8476K(349568K)->8494K(349568K)
[85.697s][info][gc,metaspace   ] GC(602) Metaspace: 14240K(15168K)->14240K(15168K) NonClass: 12281K(12864K)->12281K(12864K) Class: 1959K(2304K)->1959K(2304K)
[85.697s][info][gc             ] GC(602) Pause Young (Allocation Failure) 145M->8M(494M) 23.682ms
[85.697s][info][gc,cpu         ] GC(602) User=0.02s Sys=0.00s Real=0.01s
[85.941s][info][gc,start       ] GC(603) Pause Young (Allocation Failure)
[85.971s][info][gc,heap        ] GC(603) DefNew: 140062K(157248K)->285K(157248K) Eden: 139776K(139776K)->0K(139776K) From: 286K(17472K)->285K(17472K)
[85.971s][info][gc,heap        ] GC(603) Tenured: 8494K(349568K)->8512K(349568K)
[85.971s][info][gc,metaspace   ] GC(603) Metaspace: 14240K(15168K)->14240K(15168K) NonClass: 12281K(12864K)->12281K(12864K) Class: 1959K(2304K)->1959K(2304K)
[85.971s][info][gc             ] GC(603) Pause Young (Allocation Failure) 145M->8M(494M) 29.556ms
[85.971s][info][gc,cpu         ] GC(603) User=0.02s Sys=0.00s Real=0.01s
[86.088s][info][gc,start       ] GC(604) Pause Young (Allocation Failure)
[86.112s][info][gc,heap        ] GC(604) DefNew: 140061K(157248K)->287K(157248K) Eden: 139776K(139776K)->0K(139776K) From: 285K(17472K)->287K(17472K)
[86.112s][info][gc,heap        ] GC(604) Tenured: 8512K(349568K)->8530K(349568K)
[86.112s][info][gc,metaspace   ] GC(604) Metaspace: 14240K(15168K)->14240K(15168K) NonClass: 12281K(12864K)->12281K(12864K) Class: 1959K(2304K)->1959K(2304K)
[86.112s][info][gc             ] GC(604) Pause Young (Allocation Failure) 145M->8M(494M) 23.824ms
[86.112s][info][gc,cpu         ] GC(604) User=0.02s Sys=0.00s Real=0.02s
[86.240s][info][gc,start       ] GC(605) Pause Young (Allocation Failure)
[86.269s][info][gc,heap        ] GC(605) DefNew: 140063K(157248K)->289K(157248K) Eden: 139776K(139776K)->0K(139776K) From: 287K(17472K)->289K(17472K)
[86.269s][info][gc,heap        ] GC(605) Tenured: 8530K(349568K)->8548K(349568K)
[86.269s][info][gc,metaspace   ] GC(605) Metaspace: 14240K(15168K)->14240K(15168K) NonClass: 12281K(12864K)->12281K(12864K) Class: 1959K(2304K)->1959K(2304K)
[86.269s][info][gc             ] GC(605) Pause Young (Allocation Failure) 145M->8M(494M) 28.675ms
[86.269s][info][gc,cpu         ] GC(605) User=0.03s Sys=0.00s Real=0.03s
[86.386s][info][gc,start       ] GC(606) Pause Young (Allocation Failure)
[86.414s][info][gc,heap        ] GC(606) DefNew: 140065K(157248K)->293K(157248K) Eden: 139776K(139776K)->0K(139776K) From: 289K(17472K)->293K(17472K)
[86.414s][info][gc,heap        ] GC(606) Tenured: 8548K(349568K)->8565K(349568K)
[86.414s][info][gc,metaspace   ] GC(606) Metaspace: 14240K(15168K)->14240K(15168K) NonClass: 12281K(12864K)->12281K(12864K) Class: 1959K(2304K)->1959K(2304K)
[86.414s][info][gc             ] GC(606) Pause Young (Allocation Failure) 145M->8M(494M) 27.697ms
[86.414s][info][gc,cpu         ] GC(606) User=0.03s Sys=0.00s Real=0.03s
[86.529s][info][gc,start       ] GC(607) Pause Young (Allocation Failure)
[86.556s][info][gc,heap        ] GC(607) DefNew: 140069K(157248K)->292K(157248K) Eden: 139776K(139776K)->0K(139776K) From: 293K(17472K)->292K(17472K)
[86.556s][info][gc,heap        ] GC(607) Tenured: 8565K(349568K)->8583K(349568K)
[86.556s][info][gc,metaspace   ] GC(607) Metaspace: 14240K(15168K)->14240K(15168K) NonClass: 12281K(12864K)->12281K(12864K) Class: 1959K(2304K)->1959K(2304K)
[86.556s][info][gc             ] GC(607) Pause Young (Allocation Failure) 145M->8M(494M) 27.023ms
[86.556s][info][gc,cpu         ] GC(607) User=0.02s Sys=0.00s Real=0.02s
[86.669s][info][gc,start       ] GC(608) Pause Young (Allocation Failure)
[86.695s][info][gc,heap        ] GC(608) DefNew: 140068K(157248K)->293K(157248K) Eden: 139776K(139776K)->0K(139776K) From: 292K(17472K)->293K(17472K)
[86.695s][info][gc,heap        ] GC(608) Tenured: 8583K(349568K)->8601K(349568K)
[86.695s][info][gc,metaspace   ] GC(608) Metaspace: 14240K(15168K)->14240K(15168K) NonClass: 12281K(12864K)->12281K(12864K) Class: 1959K(2304K)->1959K(2304K)
[86.695s][info][gc             ] GC(608) Pause Young (Allocation Failure) 145M->8M(494M) 26.038ms
[86.695s][info][gc,cpu         ] GC(608) User=0.02s Sys=0.00s Real=0.02s
[86.807s][info][gc,start       ] GC(609) Pause Young (Allocation Failure)
[86.833s][info][gc,heap        ] GC(609) DefNew: 140069K(157248K)->292K(157248K) Eden: 139776K(139776K)->0K(139776K) From: 293K(17472K)->292K(17472K)
[86.834s][info][gc,heap        ] GC(609) Tenured: 8601K(349568K)->8619K(349568K)
[86.834s][info][gc,metaspace   ] GC(609) Metaspace: 14240K(15168K)->14240K(15168K) NonClass: 12281K(12864K)->12281K(12864K) Class: 1959K(2304K)->1959K(2304K)
[86.834s][info][gc             ] GC(609) Pause Young (Allocation Failure) 145M->8M(494M) 26.303ms
[86.834s][info][gc,cpu         ] GC(609) User=0.02s Sys=0.00s Real=0.02s
[86.956s][info][gc,start       ] GC(610) Pause Young (Allocation Failure)
[86.980s][info][gc,heap        ] GC(610) DefNew: 140068K(157248K)->292K(157248K) Eden: 139776K(139776K)->0K(139776K) From: 292K(17472K)->292K(17472K)
[86.980s][info][gc,heap        ] GC(610) Tenured: 8619K(349568K)->8639K(349568K)
[86.980s][info][gc,metaspace   ] GC(610) Metaspace: 14240K(15168K)->14240K(15168K) NonClass: 12281K(12864K)->12281K(12864K) Class: 1959K(2304K)->1959K(2304K)
[86.981s][info][gc             ] GC(610) Pause Young (Allocation Failure) 145M->8M(494M) 24.912ms
[86.981s][info][gc,cpu         ] GC(610) User=0.03s Sys=0.00s Real=0.03s
[87.091s][info][gc,start       ] GC(611) Pause Young (Allocation Failure)
[87.119s][info][gc,heap        ] GC(611) DefNew: 140068K(157248K)->293K(157248K) Eden: 139776K(139776K)->0K(139776K) From: 292K(17472K)->293K(17472K)
[87.119s][info][gc,heap        ] GC(611) Tenured: 8639K(349568K)->8657K(349568K)
[87.119s][info][gc,metaspace   ] GC(611) Metaspace: 14240K(15168K)->14240K(15168K) NonClass: 12281K(12864K)->12281K(12864K) Class: 1959K(2304K)->1959K(2304K)
[87.119s][info][gc             ] GC(611) Pause Young (Allocation Failure) 145M->8M(494M) 27.941ms
[87.119s][info][gc,cpu         ] GC(611) User=0.02s Sys=0.00s Real=0.03s
[87.232s][info][gc,start       ] GC(612) Pause Young (Allocation Failure)
[87.258s][info][gc,heap        ] GC(612) DefNew: 140069K(157248K)->295K(157248K) Eden: 139776K(139776K)->0K(139776K) From: 293K(17472K)->295K(17472K)
[87.258s][info][gc,heap        ] GC(612) Tenured: 8657K(349568K)->8674K(349568K)
[87.258s][info][gc,metaspace   ] GC(612) Metaspace: 14240K(15168K)->14240K(15168K) NonClass: 12281K(12864K)->12281K(12864K) Class: 1959K(2304K)->1959K(2304K)
[87.258s][info][gc             ] GC(612) Pause Young (Allocation Failure) 145M->8M(494M) 26.276ms
[87.258s][info][gc,cpu         ] GC(612) User=0.03s Sys=0.00s Real=0.03s
[87.370s][info][gc,start       ] GC(613) Pause Young (Allocation Failure)
[87.397s][info][gc,heap        ] GC(613) DefNew: 140071K(157248K)->295K(157248K) Eden: 139776K(139776K)->0K(139776K) From: 295K(17472K)->295K(17472K)
[87.397s][info][gc,heap        ] GC(613) Tenured: 8674K(349568K)->8692K(349568K)
[87.397s][info][gc,metaspace   ] GC(613) Metaspace: 14240K(15168K)->14240K(15168K) NonClass: 12281K(12864K)->12281K(12864K) Class: 1959K(2304K)->1959K(2304K)
[87.397s][info][gc             ] GC(613) Pause Young (Allocation Failure) 145M->8M(494M) 26.801ms
[87.397s][info][gc,cpu         ] GC(613) User=0.02s Sys=0.00s Real=0.02s
[87.508s][info][gc,start       ] GC(614) Pause Young (Allocation Failure)
[87.536s][info][gc,heap        ] GC(614) DefNew: 140071K(157248K)->292K(157248K) Eden: 139776K(139776K)->0K(139776K) From: 295K(17472K)->292K(17472K)
[87.536s][info][gc,heap        ] GC(614) Tenured: 8692K(349568K)->8713K(349568K)
[87.536s][info][gc,metaspace   ] GC(614) Metaspace: 14240K(15168K)->14240K(15168K) NonClass: 12281K(12864K)->12281K(12864K) Class: 1959K(2304K)->1959K(2304K)
[87.536s][info][gc             ] GC(614) Pause Young (Allocation Failure) 145M->8M(494M) 28.322ms
[87.536s][info][gc,cpu         ] GC(614) User=0.02s Sys=0.00s Real=0.02s
[87.647s][info][gc,start       ] GC(615) Pause Young (Allocation Failure)
[87.668s][info][gc,heap        ] GC(615) DefNew: 140068K(157248K)->290K(157248K) Eden: 139776K(139776K)->0K(139776K) From: 292K(17472K)->290K(17472K)
[87.668s][info][gc,heap        ] GC(615) Tenured: 8713K(349568K)->8734K(349568K)
[87.668s][info][gc,metaspace   ] GC(615) Metaspace: 14240K(15168K)->14240K(15168K) NonClass: 12281K(12864K)->12281K(12864K) Class: 1959K(2304K)->1959K(2304K)
[87.668s][info][gc             ] GC(615) Pause Young (Allocation Failure) 145M->8M(494M) 20.548ms
[87.668s][info][gc,cpu         ] GC(615) User=0.02s Sys=0.00s Real=0.01s
[87.778s][info][gc,start       ] GC(616) Pause Young (Allocation Failure)
[87.804s][info][gc,heap        ] GC(616) DefNew: 140066K(157248K)->289K(157248K) Eden: 139776K(139776K)->0K(139776K) From: 290K(17472K)->289K(17472K)
[87.805s][info][gc,heap        ] GC(616) Tenured: 8734K(349568K)->8752K(349568K)
[87.805s][info][gc,metaspace   ] GC(616) Metaspace: 14240K(15168K)->14240K(15168K) NonClass: 12281K(12864K)->12281K(12864K) Class: 1959K(2304K)->1959K(2304K)
[87.805s][info][gc             ] GC(616) Pause Young (Allocation Failure) 145M->8M(494M) 26.898ms
[87.805s][info][gc,cpu         ] GC(616) User=0.02s Sys=0.00s Real=0.02s
[87.918s][info][gc,start       ] GC(617) Pause Young (Allocation Failure)
[87.945s][info][gc,heap        ] GC(617) DefNew: 140065K(157248K)->287K(157248K) Eden: 139776K(139776K)->0K(139776K) From: 289K(17472K)->287K(17472K)
[87.945s][info][gc,heap        ] GC(617) Tenured: 8752K(349568K)->8772K(349568K)
[87.945s][info][gc,metaspace   ] GC(617) Metaspace: 14240K(15168K)->14240K(15168K) NonClass: 12281K(12864K)->12281K(12864K) Class: 1959K(2304K)->1959K(2304K)
[87.945s][info][gc             ] GC(617) Pause Young (Allocation Failure) 145M->8M(494M) 27.184ms
[87.945s][info][gc,cpu         ] GC(617) User=0.03s Sys=0.00s Real=0.03s
[88.058s][info][gc,start       ] GC(618) Pause Young (Allocation Failure)
[88.088s][info][gc,heap        ] GC(618) DefNew: 140063K(157248K)->286K(157248K) Eden: 139776K(139776K)->0K(139776K) From: 287K(17472K)->286K(17472K)
[88.088s][info][gc,heap        ] GC(618) Tenured: 8772K(349568K)->8790K(349568K)
[88.088s][info][gc,metaspace   ] GC(618) Metaspace: 14240K(15168K)->14240K(15168K) NonClass: 12281K(12864K)->12281K(12864K) Class: 1959K(2304K)->1959K(2304K)
[88.088s][info][gc             ] GC(618) Pause Young (Allocation Failure) 145M->8M(494M) 30.016ms
[88.088s][info][gc,cpu         ] GC(618) User=0.02s Sys=0.00s Real=0.02s
[88.201s][info][gc,start       ] GC(619) Pause Young (Allocation Failure)
[88.223s][info][gc,heap        ] GC(619) DefNew: 140062K(157248K)->286K(157248K) Eden: 139776K(139776K)->0K(139776K) From: 286K(17472K)->286K(17472K)
[88.223s][info][gc,heap        ] GC(619) Tenured: 8790K(349568K)->8808K(349568K)
[88.223s][info][gc,metaspace   ] GC(619) Metaspace: 14240K(15168K)->14240K(15168K) NonClass: 12281K(12864K)->12281K(12864K) Class: 1959K(2304K)->1959K(2304K)
[88.223s][info][gc             ] GC(619) Pause Young (Allocation Failure) 145M->8M(494M) 21.686ms
[88.223s][info][gc,cpu         ] GC(619) User=0.02s Sys=0.00s Real=0.02s
[88.333s][info][gc,start       ] GC(620) Pause Young (Allocation Failure)
[88.362s][info][gc,heap        ] GC(620) DefNew: 140062K(157248K)->283K(157248K) Eden: 139776K(139776K)->0K(139776K) From: 286K(17472K)->283K(17472K)
[88.362s][info][gc,heap        ] GC(620) Tenured: 8808K(349568K)->8829K(349568K)
[88.362s][info][gc,metaspace   ] GC(620) Metaspace: 14240K(15168K)->14240K(15168K) NonClass: 12281K(12864K)->12281K(12864K) Class: 1959K(2304K)->1959K(2304K)
[88.362s][info][gc             ] GC(620) Pause Young (Allocation Failure) 145M->8M(494M) 28.783ms
[88.362s][info][gc,cpu         ] GC(620) User=0.03s Sys=0.00s Real=0.03s
[88.473s][info][gc,start       ] GC(621) Pause Young (Allocation Failure)
[88.504s][info][gc,heap        ] GC(621) DefNew: 140059K(157248K)->280K(157248K) Eden: 139776K(139776K)->0K(139776K) From: 283K(17472K)->280K(17472K)
[88.504s][info][gc,heap        ] GC(621) Tenured: 8829K(349568K)->8849K(349568K)
[88.504s][info][gc,metaspace   ] GC(621) Metaspace: 14240K(15168K)->14240K(15168K) NonClass: 12281K(12864K)->12281K(12864K) Class: 1959K(2304K)->1959K(2304K)
[88.504s][info][gc             ] GC(621) Pause Young (Allocation Failure) 145M->8M(494M) 30.507ms
[88.504s][info][gc,cpu         ] GC(621) User=0.03s Sys=0.00s Real=0.03s
[88.617s][info][gc,start       ] GC(622) Pause Young (Allocation Failure)
[88.639s][info][gc,heap        ] GC(622) DefNew: 140056K(157248K)->280K(157248K) Eden: 139776K(139776K)->0K(139776K) From: 280K(17472K)->280K(17472K)
[88.639s][info][gc,heap        ] GC(622) Tenured: 8849K(349568K)->8867K(349568K)
[88.639s][info][gc,metaspace   ] GC(622) Metaspace: 14240K(15168K)->14240K(15168K) NonClass: 12281K(12864K)->12281K(12864K) Class: 1959K(2304K)->1959K(2304K)
[88.639s][info][gc             ] GC(622) Pause Young (Allocation Failure) 145M->8M(494M) 22.441ms
[88.639s][info][gc,cpu         ] GC(622) User=0.02s Sys=0.00s Real=0.02s
[88.750s][info][gc,start       ] GC(623) Pause Young (Allocation Failure)
[88.773s][info][gc,heap        ] GC(623) DefNew: 140056K(157248K)->280K(157248K) Eden: 139776K(139776K)->0K(139776K) From: 280K(17472K)->280K(17472K)
[88.773s][info][gc,heap        ] GC(623) Tenured: 8867K(349568K)->8885K(349568K)
[88.773s][info][gc,metaspace   ] GC(623) Metaspace: 14240K(15168K)->14240K(15168K) NonClass: 12281K(12864K)->12281K(12864K) Class: 1959K(2304K)->1959K(2304K)
[88.773s][info][gc             ] GC(623) Pause Young (Allocation Failure) 145M->8M(494M) 22.449ms
[88.773s][info][gc,cpu         ] GC(623) User=0.03s Sys=0.00s Real=0.02s
[88.886s][info][gc,start       ] GC(624) Pause Young (Allocation Failure)
[88.916s][info][gc,heap        ] GC(624) DefNew: 140056K(157248K)->279K(157248K) Eden: 139776K(139776K)->0K(139776K) From: 280K(17472K)->279K(17472K)
[88.916s][info][gc,heap        ] GC(624) Tenured: 8885K(349568K)->8903K(349568K)
[88.916s][info][gc,metaspace   ] GC(624) Metaspace: 14240K(15168K)->14240K(15168K) NonClass: 12281K(12864K)->12281K(12864K) Class: 1959K(2304K)->1959K(2304K)
[88.916s][info][gc             ] GC(624) Pause Young (Allocation Failure) 145M->8M(494M) 30.576ms
[88.916s][info][gc,cpu         ] GC(624) User=0.02s Sys=0.00s Real=0.02s
[89.029s][info][gc,start       ] GC(625) Pause Young (Allocation Failure)
[89.059s][info][gc,heap        ] GC(625) DefNew: 140055K(157248K)->277K(157248K) Eden: 139776K(139776K)->0K(139776K) From: 279K(17472K)->277K(17472K)
[89.059s][info][gc,heap        ] GC(625) Tenured: 8903K(349568K)->8924K(349568K)
[89.059s][info][gc,metaspace   ] GC(625) Metaspace: 14240K(15168K)->14240K(15168K) NonClass: 12281K(12864K)->12281K(12864K) Class: 1959K(2304K)->1959K(2304K)
[89.059s][info][gc             ] GC(625) Pause Young (Allocation Failure) 145M->8M(494M) 30.387ms
[89.059s][info][gc,cpu         ] GC(625) User=0.02s Sys=0.00s Real=0.02s
[89.173s][info][gc,start       ] GC(626) Pause Young (Allocation Failure)
[89.206s][info][gc,heap        ] GC(626) DefNew: 140053K(157248K)->279K(157248K) Eden: 139776K(139776K)->0K(139776K) From: 277K(17472K)->279K(17472K)
[89.206s][info][gc,heap        ] GC(626) Tenured: 8924K(349568K)->8942K(349568K)
[89.206s][info][gc,metaspace   ] GC(626) Metaspace: 14240K(15168K)->14240K(15168K) NonClass: 12281K(12864K)->12281K(12864K) Class: 1959K(2304K)->1959K(2304K)
[89.206s][info][gc             ] GC(626) Pause Young (Allocation Failure) 145M->9M(494M) 32.584ms
[89.206s][info][gc,cpu         ] GC(626) User=0.03s Sys=0.00s Real=0.03s
[89.320s][info][gc,start       ] GC(627) Pause Young (Allocation Failure)
[89.343s][info][gc,heap        ] GC(627) DefNew: 140055K(157248K)->277K(157248K) Eden: 139776K(139776K)->0K(139776K) From: 279K(17472K)->277K(17472K)
[89.344s][info][gc,heap        ] GC(627) Tenured: 8942K(349568K)->8962K(349568K)
[89.344s][info][gc,metaspace   ] GC(627) Metaspace: 14240K(15168K)->14240K(15168K) NonClass: 12281K(12864K)->12281K(12864K) Class: 1959K(2304K)->1959K(2304K)
[89.344s][info][gc             ] GC(627) Pause Young (Allocation Failure) 145M->9M(494M) 23.204ms
[89.344s][info][gc,cpu         ] GC(627) User=0.02s Sys=0.00s Real=0.02s
[89.456s][info][gc,start       ] GC(628) Pause Young (Allocation Failure)
[89.488s][info][gc,heap        ] GC(628) DefNew: 140053K(157248K)->276K(157248K) Eden: 139776K(139776K)->0K(139776K) From: 277K(17472K)->276K(17472K)
[89.488s][info][gc,heap        ] GC(628) Tenured: 8962K(349568K)->8980K(349568K)
[89.488s][info][gc,metaspace   ] GC(628) Metaspace: 14240K(15168K)->14240K(15168K) NonClass: 12281K(12864K)->12281K(12864K) Class: 1959K(2304K)->1959K(2304K)
[89.488s][info][gc             ] GC(628) Pause Young (Allocation Failure) 145M->9M(494M) 31.709ms
[89.488s][info][gc,cpu         ] GC(628) User=0.03s Sys=0.00s Real=0.03s
[89.602s][info][gc,start       ] GC(629) Pause Young (Allocation Failure)
[89.635s][info][gc,heap        ] GC(629) DefNew: 140052K(157248K)->276K(157248K) Eden: 139776K(139776K)->0K(139776K) From: 276K(17472K)->276K(17472K)
[89.635s][info][gc,heap        ] GC(629) Tenured: 8980K(349568K)->8998K(349568K)
[89.635s][info][gc,metaspace   ] GC(629) Metaspace: 14240K(15168K)->14240K(15168K) NonClass: 12281K(12864K)->12281K(12864K) Class: 1959K(2304K)->1959K(2304K)
[89.635s][info][gc             ] GC(629) Pause Young (Allocation Failure) 145M->9M(494M) 33.690ms
[89.635s][info][gc,cpu         ] GC(629) User=0.03s Sys=0.00s Real=0.03s
[89.750s][info][gc,start       ] GC(630) Pause Young (Allocation Failure)
[89.775s][info][gc,heap        ] GC(630) DefNew: 140052K(157248K)->275K(157248K) Eden: 139776K(139776K)->0K(139776K) From: 276K(17472K)->275K(17472K)
[89.775s][info][gc,heap        ] GC(630) Tenured: 8998K(349568K)->9015K(349568K)
[89.775s][info][gc,metaspace   ] GC(630) Metaspace: 14240K(15168K)->14240K(15168K) NonClass: 12281K(12864K)->12281K(12864K) Class: 1959K(2304K)->1959K(2304K)
[89.775s][info][gc             ] GC(630) Pause Young (Allocation Failure) 145M->9M(494M) 25.179ms
[89.775s][info][gc,cpu         ] GC(630) User=0.02s Sys=0.00s Real=0.01s
[89.893s][info][gc,start       ] GC(631) Pause Young (Allocation Failure)
[89.918s][info][gc,heap        ] GC(631) DefNew: 140051K(157248K)->278K(157248K) Eden: 139776K(139776K)->0K(139776K) From: 275K(17472K)->278K(17472K)
[89.918s][info][gc,heap        ] GC(631) Tenured: 9015K(349568K)->9033K(349568K)
[89.918s][info][gc,metaspace   ] GC(631) Metaspace: 14240K(15168K)->14240K(15168K) NonClass: 12281K(12864K)->12281K(12864K) Class: 1959K(2304K)->1959K(2304K)
[89.918s][info][gc             ] GC(631) Pause Young (Allocation Failure) 145M->9M(494M) 24.404ms
[89.918s][info][gc,cpu         ] GC(631) User=0.02s Sys=0.00s Real=0.01s
[90.108s][info][gc,start       ] GC(632) Pause Young (Allocation Failure)
[90.139s][info][gc,heap        ] GC(632) DefNew: 140054K(157248K)->282K(157248K) Eden: 139776K(139776K)->0K(139776K) From: 278K(17472K)->282K(17472K)
[90.139s][info][gc,heap        ] GC(632) Tenured: 9033K(349568K)->9051K(349568K)
[90.139s][info][gc,metaspace   ] GC(632) Metaspace: 14240K(15168K)->14240K(15168K) NonClass: 12281K(12864K)->12281K(12864K) Class: 1959K(2304K)->1959K(2304K)
[90.139s][info][gc             ] GC(632) Pause Young (Allocation Failure) 145M->9M(494M) 31.307ms
[90.139s][info][gc,cpu         ] GC(632) User=0.03s Sys=0.00s Real=0.03s
[90.262s][info][gc,start       ] GC(633) Pause Young (Allocation Failure)
[90.293s][info][gc,heap        ] GC(633) DefNew: 140058K(157248K)->285K(157248K) Eden: 139776K(139776K)->0K(139776K) From: 282K(17472K)->285K(17472K)
[90.293s][info][gc,heap        ] GC(633) Tenured: 9051K(349568K)->9068K(349568K)
[90.293s][info][gc,metaspace   ] GC(633) Metaspace: 14240K(15168K)->14240K(15168K) NonClass: 12281K(12864K)->12281K(12864K) Class: 1959K(2304K)->1959K(2304K)
[90.293s][info][gc             ] GC(633) Pause Young (Allocation Failure) 145M->9M(494M) 31.104ms
[90.293s][info][gc,cpu         ] GC(633) User=0.02s Sys=0.00s Real=0.02s
[90.408s][info][gc,start       ] GC(634) Pause Young (Allocation Failure)
[90.440s][info][gc,heap        ] GC(634) DefNew: 140061K(157248K)->287K(157248K) Eden: 139776K(139776K)->0K(139776K) From: 285K(17472K)->287K(17472K)
[90.440s][info][gc,heap        ] GC(634) Tenured: 9068K(349568K)->9086K(349568K)
[90.440s][info][gc,metaspace   ] GC(634) Metaspace: 14240K(15168K)->14240K(15168K) NonClass: 12281K(12864K)->12281K(12864K) Class: 1959K(2304K)->1959K(2304K)
[90.440s][info][gc             ] GC(634) Pause Young (Allocation Failure) 145M->9M(494M) 31.725ms
[90.440s][info][gc,cpu         ] GC(634) User=0.03s Sys=0.00s Real=0.03s
[90.564s][info][gc,start       ] GC(635) Pause Young (Allocation Failure)
[90.585s][info][gc,heap        ] GC(635) DefNew: 140063K(157248K)->290K(157248K) Eden: 139776K(139776K)->0K(139776K) From: 287K(17472K)->290K(17472K)
[90.586s][info][gc,heap        ] GC(635) Tenured: 9086K(349568K)->9104K(349568K)
[90.586s][info][gc,metaspace   ] GC(635) Metaspace: 14240K(15168K)->14240K(15168K) NonClass: 12281K(12864K)->12281K(12864K) Class: 1959K(2304K)->1959K(2304K)
[90.586s][info][gc             ] GC(635) Pause Young (Allocation Failure) 145M->9M(494M) 21.242ms
[90.586s][info][gc,cpu         ] GC(635) User=0.03s Sys=0.00s Real=0.02s
[90.708s][info][gc,start       ] GC(636) Pause Young (Allocation Failure)
[90.734s][info][gc,heap        ] GC(636) DefNew: 140066K(157248K)->294K(157248K) Eden: 139776K(139776K)->0K(139776K) From: 290K(17472K)->294K(17472K)
[90.734s][info][gc,heap        ] GC(636) Tenured: 9104K(349568K)->9121K(349568K)
[90.734s][info][gc,metaspace   ] GC(636) Metaspace: 14240K(15168K)->14240K(15168K) NonClass: 12281K(12864K)->12281K(12864K) Class: 1959K(2304K)->1959K(2304K)
[90.734s][info][gc             ] GC(636) Pause Young (Allocation Failure) 145M->9M(494M) 26.269ms
[90.734s][info][gc,cpu         ] GC(636) User=0.03s Sys=0.00s Real=0.03s
[90.851s][info][gc,start       ] GC(637) Pause Young (Allocation Failure)
[90.879s][info][gc,heap        ] GC(637) DefNew: 140070K(157248K)->297K(157248K) Eden: 139776K(139776K)->0K(139776K) From: 294K(17472K)->297K(17472K)
[90.879s][info][gc,heap        ] GC(637) Tenured: 9121K(349568K)->9139K(349568K)
[90.879s][info][gc,metaspace   ] GC(637) Metaspace: 14240K(15168K)->14240K(15168K) NonClass: 12281K(12864K)->12281K(12864K) Class: 1959K(2304K)->1959K(2304K)
[90.879s][info][gc             ] GC(637) Pause Young (Allocation Failure) 145M->9M(494M) 27.769ms
[90.879s][info][gc,cpu         ] GC(637) User=0.00s Sys=0.00s Real=0.01s
[90.994s][info][gc,start       ] GC(638) Pause Young (Allocation Failure)
[91.021s][info][gc,heap        ] GC(638) DefNew: 140073K(157248K)->299K(157248K) Eden: 139776K(139776K)->0K(139776K) From: 297K(17472K)->299K(17472K)
[91.021s][info][gc,heap        ] GC(638) Tenured: 9139K(349568K)->9157K(349568K)
[91.021s][info][gc,metaspace   ] GC(638) Metaspace: 14240K(15168K)->14240K(15168K) NonClass: 12281K(12864K)->12281K(12864K) Class: 1959K(2304K)->1959K(2304K)
[91.021s][info][gc             ] GC(638) Pause Young (Allocation Failure) 145M->9M(494M) 26.759ms
[91.021s][info][gc,cpu         ] GC(638) User=0.02s Sys=0.00s Real=0.01s
[91.135s][info][gc,start       ] GC(639) Pause Young (Allocation Failure)
[91.162s][info][gc,heap        ] GC(639) DefNew: 140075K(157248K)->300K(157248K) Eden: 139776K(139776K)->0K(139776K) From: 299K(17472K)->300K(17472K)
[91.162s][info][gc,heap        ] GC(639) Tenured: 9157K(349568K)->9174K(349568K)
[91.162s][info][gc,metaspace   ] GC(639) Metaspace: 14240K(15168K)->14240K(15168K) NonClass: 12281K(12864K)->12281K(12864K) Class: 1959K(2304K)->1959K(2304K)
[91.162s][info][gc             ] GC(639) Pause Young (Allocation Failure) 145M->9M(494M) 26.568ms
[91.162s][info][gc,cpu         ] GC(639) User=0.02s Sys=0.00s Real=0.02s
[91.276s][info][gc,start       ] GC(640) Pause Young (Allocation Failure)
[91.303s][info][gc,heap        ] GC(640) DefNew: 140076K(157248K)->302K(157248K) Eden: 139776K(139776K)->0K(139776K) From: 300K(17472K)->302K(17472K)
[91.303s][info][gc,heap        ] GC(640) Tenured: 9174K(349568K)->9192K(349568K)
[91.303s][info][gc,metaspace   ] GC(640) Metaspace: 14240K(15168K)->14240K(15168K) NonClass: 12281K(12864K)->12281K(12864K) Class: 1959K(2304K)->1959K(2304K)
[91.303s][info][gc             ] GC(640) Pause Young (Allocation Failure) 145M->9M(494M) 26.779ms
[91.303s][info][gc,cpu         ] GC(640) User=0.02s Sys=0.00s Real=0.01s
[91.418s][info][gc,start       ] GC(641) Pause Young (Allocation Failure)
[91.445s][info][gc,heap        ] GC(641) DefNew: 140078K(157248K)->303K(157248K) Eden: 139776K(139776K)->0K(139776K) From: 302K(17472K)->303K(17472K)
[91.445s][info][gc,heap        ] GC(641) Tenured: 9192K(349568K)->9212K(349568K)
[91.445s][info][gc,metaspace   ] GC(641) Metaspace: 14240K(15168K)->14240K(15168K) NonClass: 12281K(12864K)->12281K(12864K) Class: 1959K(2304K)->1959K(2304K)
[91.445s][info][gc             ] GC(641) Pause Young (Allocation Failure) 145M->9M(494M) 26.961ms
[91.445s][info][gc,cpu         ] GC(641) User=0.03s Sys=0.00s Real=0.03s
[91.560s][info][gc,start       ] GC(642) Pause Young (Allocation Failure)
[91.589s][info][gc,heap        ] GC(642) DefNew: 140079K(157248K)->302K(157248K) Eden: 139776K(139776K)->0K(139776K) From: 303K(17472K)->302K(17472K)
[91.589s][info][gc,heap        ] GC(642) Tenured: 9212K(349568K)->9230K(349568K)
[91.589s][info][gc,metaspace   ] GC(642) Metaspace: 14240K(15168K)->14240K(15168K) NonClass: 12281K(12864K)->12281K(12864K) Class: 1959K(2304K)->1959K(2304K)
[91.589s][info][gc             ] GC(642) Pause Young (Allocation Failure) 145M->9M(494M) 29.103ms
[91.589s][info][gc,cpu         ] GC(642) User=0.02s Sys=0.00s Real=0.02s
[91.703s][info][gc,start       ] GC(643) Pause Young (Allocation Failure)
[91.724s][info][gc,heap        ] GC(643) DefNew: 140078K(157248K)->302K(157248K) Eden: 139776K(139776K)->0K(139776K) From: 302K(17472K)->302K(17472K)
[91.724s][info][gc,heap        ] GC(643) Tenured: 9230K(349568K)->9248K(349568K)
[91.724s][info][gc,metaspace   ] GC(643) Metaspace: 14240K(15168K)->14240K(15168K) NonClass: 12281K(12864K)->12281K(12864K) Class: 1959K(2304K)->1959K(2304K)
[91.724s][info][gc             ] GC(643) Pause Young (Allocation Failure) 145M->9M(494M) 21.107ms
[91.724s][info][gc,cpu         ] GC(643) User=0.02s Sys=0.00s Real=0.02s
[91.838s][info][gc,start       ] GC(644) Pause Young (Allocation Failure)
[91.866s][info][gc,heap        ] GC(644) DefNew: 140078K(157248K)->302K(157248K) Eden: 139776K(139776K)->0K(139776K) From: 302K(17472K)->302K(17472K)
[91.866s][info][gc,heap        ] GC(644) Tenured: 9248K(349568K)->9265K(349568K)
[91.866s][info][gc,metaspace   ] GC(644) Metaspace: 14240K(15168K)->14240K(15168K) NonClass: 12281K(12864K)->12281K(12864K) Class: 1959K(2304K)->1959K(2304K)
[91.866s][info][gc             ] GC(644) Pause Young (Allocation Failure) 145M->9M(494M) 27.650ms
[91.866s][info][gc,cpu         ] GC(644) User=0.02s Sys=0.00s Real=0.02s
[91.982s][info][gc,start       ] GC(645) Pause Young (Allocation Failure)
[92.012s][info][gc,heap        ] GC(645) DefNew: 140078K(157248K)->302K(157248K) Eden: 139776K(139776K)->0K(139776K) From: 302K(17472K)->302K(17472K)
[92.012s][info][gc,heap        ] GC(645) Tenured: 9265K(349568K)->9283K(349568K)
[92.012s][info][gc,metaspace   ] GC(645) Metaspace: 14240K(15168K)->14240K(15168K) NonClass: 12281K(12864K)->12281K(12864K) Class: 1959K(2304K)->1959K(2304K)
[92.012s][info][gc             ] GC(645) Pause Young (Allocation Failure) 145M->9M(494M) 30.390ms
[92.012s][info][gc,cpu         ] GC(645) User=0.02s Sys=0.00s Real=0.02s
[92.130s][info][gc,start       ] GC(646) Pause Young (Allocation Failure)
[92.159s][info][gc,heap        ] GC(646) DefNew: 140078K(157248K)->300K(157248K) Eden: 139776K(139776K)->0K(139776K) From: 302K(17472K)->300K(17472K)
[92.159s][info][gc,heap        ] GC(646) Tenured: 9283K(349568K)->9304K(349568K)
[92.159s][info][gc,metaspace   ] GC(646) Metaspace: 14240K(15168K)->14240K(15168K) NonClass: 12281K(12864K)->12281K(12864K) Class: 1959K(2304K)->1959K(2304K)
[92.159s][info][gc             ] GC(646) Pause Young (Allocation Failure) 145M->9M(494M) 29.586ms
[92.159s][info][gc,cpu         ] GC(646) User=0.03s Sys=0.00s Real=0.02s
[92.279s][info][gc,start       ] GC(647) Pause Young (Allocation Failure)
[92.308s][info][gc,heap        ] GC(647) DefNew: 140076K(157248K)->300K(157248K) Eden: 139776K(139776K)->0K(139776K) From: 300K(17472K)->300K(17472K)
[92.309s][info][gc,heap        ] GC(647) Tenured: 9304K(349568K)->9324K(349568K)
[92.309s][info][gc,metaspace   ] GC(647) Metaspace: 14240K(15168K)->14240K(15168K) NonClass: 12281K(12864K)->12281K(12864K) Class: 1959K(2304K)->1959K(2304K)
[92.309s][info][gc             ] GC(647) Pause Young (Allocation Failure) 145M->9M(494M) 29.566ms
[92.309s][info][gc,cpu         ] GC(647) User=0.03s Sys=0.00s Real=0.03s
[92.432s][info][gc,start       ] GC(648) Pause Young (Allocation Failure)
[92.463s][info][gc,heap        ] GC(648) DefNew: 140076K(157248K)->300K(157248K) Eden: 139776K(139776K)->0K(139776K) From: 300K(17472K)->300K(17472K)
[92.463s][info][gc,heap        ] GC(648) Tenured: 9324K(349568K)->9345K(349568K)
[92.463s][info][gc,metaspace   ] GC(648) Metaspace: 14240K(15168K)->14240K(15168K) NonClass: 12281K(12864K)->12281K(12864K) Class: 1959K(2304K)->1959K(2304K)
[92.464s][info][gc             ] GC(648) Pause Young (Allocation Failure) 145M->9M(494M) 31.848ms
[92.464s][info][gc,cpu         ] GC(648) User=0.02s Sys=0.00s Real=0.02s
[92.587s][info][gc,start       ] GC(649) Pause Young (Allocation Failure)
[92.617s][info][gc,heap        ] GC(649) DefNew: 140076K(157248K)->298K(157248K) Eden: 139776K(139776K)->0K(139776K) From: 300K(17472K)->298K(17472K)
[92.617s][info][gc,heap        ] GC(649) Tenured: 9345K(349568K)->9366K(349568K)
[92.617s][info][gc,metaspace   ] GC(649) Metaspace: 14240K(15168K)->14240K(15168K) NonClass: 12281K(12864K)->12281K(12864K) Class: 1959K(2304K)->1959K(2304K)
[92.617s][info][gc             ] GC(649) Pause Young (Allocation Failure) 145M->9M(494M) 29.871ms
[92.617s][info][gc,cpu         ] GC(649) User=0.02s Sys=0.00s Real=0.02s
[92.740s][info][gc,start       ] GC(650) Pause Young (Allocation Failure)
[92.771s][info][gc,heap        ] GC(650) DefNew: 140074K(157248K)->297K(157248K) Eden: 139776K(139776K)->0K(139776K) From: 298K(17472K)->297K(17472K)
[92.771s][info][gc,heap        ] GC(650) Tenured: 9366K(349568K)->9387K(349568K)
[92.771s][info][gc,metaspace   ] GC(650) Metaspace: 14240K(15168K)->14240K(15168K) NonClass: 12281K(12864K)->12281K(12864K) Class: 1959K(2304K)->1959K(2304K)
[92.771s][info][gc             ] GC(650) Pause Young (Allocation Failure) 145M->9M(494M) 30.305ms
[92.771s][info][gc,cpu         ] GC(650) User=0.03s Sys=0.00s Real=0.02s
[92.879s][info][gc,start       ] GC(651) Pause Young (Allocation Failure)
[92.911s][info][gc,heap        ] GC(651) DefNew: 140073K(157248K)->295K(157248K) Eden: 139776K(139776K)->0K(139776K) From: 297K(17472K)->295K(17472K)
[92.911s][info][gc,heap        ] GC(651) Tenured: 9387K(349568K)->9407K(349568K)
[92.911s][info][gc,metaspace   ] GC(651) Metaspace: 14240K(15168K)->14240K(15168K) NonClass: 12281K(12864K)->12281K(12864K) Class: 1959K(2304K)->1959K(2304K)
[92.911s][info][gc             ] GC(651) Pause Young (Allocation Failure) 145M->9M(494M) 31.831ms
[92.911s][info][gc,cpu         ] GC(651) User=0.03s Sys=0.00s Real=0.03s
[93.002s][info][gc,start       ] GC(652) Pause Young (Allocation Failure)
[93.034s][info][gc,heap        ] GC(652) DefNew: 140071K(157248K)->292K(157248K) Eden: 139776K(139776K)->0K(139776K) From: 295K(17472K)->292K(17472K)
[93.034s][info][gc,heap        ] GC(652) Tenured: 9407K(349568K)->9428K(349568K)
[93.034s][info][gc,metaspace   ] GC(652) Metaspace: 14240K(15168K)->14240K(15168K) NonClass: 12281K(12864K)->12281K(12864K) Class: 1959K(2304K)->1959K(2304K)
[93.034s][info][gc             ] GC(652) Pause Young (Allocation Failure) 145M->9M(494M) 31.630ms
[93.034s][info][gc,cpu         ] GC(652) User=0.02s Sys=0.00s Real=0.02s
[93.119s][info][gc,start       ] GC(653) Pause Young (Allocation Failure)
[93.150s][info][gc,heap        ] GC(653) DefNew: 140068K(157248K)->285K(157248K) Eden: 139776K(139776K)->0K(139776K) From: 292K(17472K)->285K(17472K)
[93.150s][info][gc,heap        ] GC(653) Tenured: 9428K(349568K)->9449K(349568K)
[93.150s][info][gc,metaspace   ] GC(653) Metaspace: 14240K(15168K)->14240K(15168K) NonClass: 12281K(12864K)->12281K(12864K) Class: 1959K(2304K)->1959K(2304K)
[93.150s][info][gc             ] GC(653) Pause Young (Allocation Failure) 145M->9M(494M) 31.915ms
[93.150s][info][gc,cpu         ] GC(653) User=0.02s Sys=0.00s Real=0.02s
[93.239s][info][gc,start       ] GC(654) Pause Young (Allocation Failure)
[93.265s][info][gc,heap        ] GC(654) DefNew: 140061K(157248K)->281K(157248K) Eden: 139776K(139776K)->0K(139776K) From: 285K(17472K)->281K(17472K)
[93.265s][info][gc,heap        ] GC(654) Tenured: 9449K(349568K)->9466K(349568K)
[93.265s][info][gc,metaspace   ] GC(654) Metaspace: 14240K(15168K)->14240K(15168K) NonClass: 12281K(12864K)->12281K(12864K) Class: 1959K(2304K)->1959K(2304K)
[93.265s][info][gc             ] GC(654) Pause Young (Allocation Failure) 146M->9M(494M) 25.779ms
[93.265s][info][gc,cpu         ] GC(654) User=0.02s Sys=0.00s Real=0.02s
[93.369s][info][gc,start       ] GC(655) Pause Young (Allocation Failure)
[93.392s][info][gc,heap        ] GC(655) DefNew: 140057K(157248K)->276K(157248K) Eden: 139776K(139776K)->0K(139776K) From: 281K(17472K)->276K(17472K)
[93.392s][info][gc,heap        ] GC(655) Tenured: 9466K(349568K)->9487K(349568K)
[93.392s][info][gc,metaspace   ] GC(655) Metaspace: 14240K(15168K)->14240K(15168K) NonClass: 12281K(12864K)->12281K(12864K) Class: 1959K(2304K)->1959K(2304K)
[93.392s][info][gc             ] GC(655) Pause Young (Allocation Failure) 146M->9M(494M) 23.661ms
[93.392s][info][gc,cpu         ] GC(655) User=0.02s Sys=0.00s Real=0.02s
[93.531s][info][gc,start       ] GC(656) Pause Young (Allocation Failure)
[93.554s][info][gc,heap        ] GC(656) DefNew: 140052K(157248K)->277K(157248K) Eden: 139776K(139776K)->0K(139776K) From: 276K(17472K)->277K(17472K)
[93.554s][info][gc,heap        ] GC(656) Tenured: 9487K(349568K)->9507K(349568K)
[93.555s][info][gc,metaspace   ] GC(656) Metaspace: 14240K(15168K)->14240K(15168K) NonClass: 12281K(12864K)->12281K(12864K) Class: 1959K(2304K)->1959K(2304K)
[93.555s][info][gc             ] GC(656) Pause Young (Allocation Failure) 146M->9M(494M) 23.914ms
[93.555s][info][gc,cpu         ] GC(656) User=0.02s Sys=0.00s Real=0.02s
[93.701s][info][gc,start       ] GC(657) Pause Young (Allocation Failure)
[93.729s][info][gc,heap        ] GC(657) DefNew: 140053K(157248K)->283K(157248K) Eden: 139776K(139776K)->0K(139776K) From: 277K(17472K)->283K(17472K)
[93.729s][info][gc,heap        ] GC(657) Tenured: 9507K(349568K)->9525K(349568K)
[93.729s][info][gc,metaspace   ] GC(657) Metaspace: 14240K(15168K)->14240K(15168K) NonClass: 12281K(12864K)->12281K(12864K) Class: 1959K(2304K)->1959K(2304K)
[93.729s][info][gc             ] GC(657) Pause Young (Allocation Failure) 146M->9M(494M) 27.924ms
[93.729s][info][gc,cpu         ] GC(657) User=0.03s Sys=0.00s Real=0.03s
[93.896s][info][gc,start       ] GC(658) Pause Young (Allocation Failure)
[93.935s][info][gc,heap        ] GC(658) DefNew: 140059K(157248K)->292K(157248K) Eden: 139776K(139776K)->0K(139776K) From: 283K(17472K)->292K(17472K)
[93.935s][info][gc,heap        ] GC(658) Tenured: 9525K(349568K)->9543K(349568K)
[93.935s][info][gc,metaspace   ] GC(658) Metaspace: 14240K(15168K)->14240K(15168K) NonClass: 12281K(12864K)->12281K(12864K) Class: 1959K(2304K)->1959K(2304K)
[93.935s][info][gc             ] GC(658) Pause Young (Allocation Failure) 146M->9M(494M) 39.402ms
[93.935s][info][gc,cpu         ] GC(658) User=0.03s Sys=0.00s Real=0.04s
[94.094s][info][gc,start       ] GC(659) Pause Full (System.gc())
[94.094s][info][gc,phases,start] GC(659) Phase 1: Mark live objects
[94.126s][info][gc,phases      ] GC(659) Phase 1: Mark live objects 32.331ms
[94.126s][info][gc,phases,start] GC(659) Phase 2: Compute new object addresses
[94.148s][info][gc,phases      ] GC(659) Phase 2: Compute new object addresses 22.133ms
[94.148s][info][gc,phases,start] GC(659) Phase 3: Adjust pointers
[94.169s][info][gc,phases      ] GC(659) Phase 3: Adjust pointers 20.696ms
[94.169s][info][gc,phases,start] GC(659) Phase 4: Move objects
[94.169s][info][gc,phases      ] GC(659) Phase 4: Move objects 0.013ms
[94.169s][info][gc,heap        ] GC(659) DefNew: 88483K(157248K)->0K(157248K) Eden: 88191K(139776K)->0K(139776K) From: 292K(17472K)->0K(17472K)
[94.169s][info][gc,heap        ] GC(659) Tenured: 9543K(349568K)->9543K(349568K)
[94.169s][info][gc,metaspace   ] GC(659) Metaspace: 14240K(15168K)->14240K(15168K) NonClass: 12281K(12864K)->12281K(12864K) Class: 1959K(2304K)->1959K(2304K)
[94.169s][info][gc             ] GC(659) Pause Full (System.gc()) 95M->9M(494M) 75.569ms
[94.169s][info][gc,cpu         ] GC(659) User=0.06s Sys=0.00s Real=0.06s
[94.266s][info][gc,start       ] GC(660) Pause Young (Allocation Failure)
[94.295s][info][gc,heap        ] GC(660) DefNew: 139775K(157248K)->1475K(157248K) Eden: 139775K(139776K)->0K(139776K) From: 0K(17472K)->1475K(17472K)
[94.295s][info][gc,heap        ] GC(660) Tenured: 9543K(349568K)->9543K(349568K)
[94.295s][info][gc,metaspace   ] GC(660) Metaspace: 14261K(15168K)->14261K(15168K) NonClass: 12301K(12864K)->12301K(12864K) Class: 1959K(2304K)->1959K(2304K)
[94.295s][info][gc             ] GC(660) Pause Young (Allocation Failure) 145M->10M(494M) 29.119ms
[94.295s][info][gc,cpu         ] GC(660) User=0.02s Sys=0.00s Real=0.02s
[94.410s][info][gc,start       ] GC(661) Pause Young (Allocation Failure)
[94.438s][info][gc,heap        ] GC(661) DefNew: 141251K(157248K)->1497K(157248K) Eden: 139776K(139776K)->0K(139776K) From: 1475K(17472K)->1497K(17472K)
[94.438s][info][gc,heap        ] GC(661) Tenured: 9543K(349568K)->9543K(349568K)
[94.438s][info][gc,metaspace   ] GC(661) Metaspace: 14261K(15168K)->14261K(15168K) NonClass: 12301K(12864K)->12301K(12864K) Class: 1959K(2304K)->1959K(2304K)
[94.438s][info][gc             ] GC(661) Pause Young (Allocation Failure) 147M->10M(494M) 28.036ms
[94.438s][info][gc,cpu         ] GC(661) User=0.02s Sys=0.00s Real=0.02s
[94.554s][info][gc,start       ] GC(662) Pause Young (Allocation Failure)
[94.580s][info][gc,heap        ] GC(662) DefNew: 141273K(157248K)->1514K(157248K) Eden: 139776K(139776K)->0K(139776K) From: 1497K(17472K)->1514K(17472K)
[94.580s][info][gc,heap        ] GC(662) Tenured: 9543K(349568K)->9543K(349568K)
[94.580s][info][gc,metaspace   ] GC(662) Metaspace: 14261K(15168K)->14261K(15168K) NonClass: 12301K(12864K)->12301K(12864K) Class: 1959K(2304K)->1959K(2304K)
[94.580s][info][gc             ] GC(662) Pause Young (Allocation Failure) 147M->10M(494M) 26.888ms
[94.580s][info][gc,cpu         ] GC(662) User=0.02s Sys=0.00s Real=0.02s
[94.695s][info][gc,start       ] GC(663) Pause Young (Allocation Failure)
[94.722s][info][gc,heap        ] GC(663) DefNew: 141290K(157248K)->1532K(157248K) Eden: 139776K(139776K)->0K(139776K) From: 1514K(17472K)->1532K(17472K)
[94.722s][info][gc,heap        ] GC(663) Tenured: 9543K(349568K)->9543K(349568K)
[94.722s][info][gc,metaspace   ] GC(663) Metaspace: 14261K(15168K)->14261K(15168K) NonClass: 12301K(12864K)->12301K(12864K) Class: 1959K(2304K)->1959K(2304K)
[94.722s][info][gc             ] GC(663) Pause Young (Allocation Failure) 147M->10M(494M) 27.715ms
[94.722s][info][gc,cpu         ] GC(663) User=0.02s Sys=0.00s Real=0.03s
[94.843s][info][gc,start       ] GC(664) Pause Young (Allocation Failure)
[94.864s][info][gc,heap        ] GC(664) DefNew: 141308K(157248K)->1552K(157248K) Eden: 139776K(139776K)->0K(139776K) From: 1532K(17472K)->1552K(17472K)
[94.864s][info][gc,heap        ] GC(664) Tenured: 9543K(349568K)->9543K(349568K)
[94.864s][info][gc,metaspace   ] GC(664) Metaspace: 14261K(15168K)->14261K(15168K) NonClass: 12301K(12864K)->12301K(12864K) Class: 1959K(2304K)->1959K(2304K)
[94.864s][info][gc             ] GC(664) Pause Young (Allocation Failure) 147M->10M(494M) 20.287ms
[94.864s][info][gc,cpu         ] GC(664) User=0.02s Sys=0.00s Real=0.01s
[94.972s][info][gc,start       ] GC(665) Pause Young (Allocation Failure)
[95.000s][info][gc,heap        ] GC(665) DefNew: 141328K(157248K)->1571K(157248K) Eden: 139776K(139776K)->0K(139776K) From: 1552K(17472K)->1571K(17472K)
[95.000s][info][gc,heap        ] GC(665) Tenured: 9543K(349568K)->9543K(349568K)
[95.000s][info][gc,metaspace   ] GC(665) Metaspace: 14261K(15168K)->14261K(15168K) NonClass: 12301K(12864K)->12301K(12864K) Class: 1959K(2304K)->1959K(2304K)
[95.000s][info][gc             ] GC(665) Pause Young (Allocation Failure) 147M->10M(494M) 27.511ms
[95.000s][info][gc,cpu         ] GC(665) User=0.03s Sys=0.00s Real=0.02s
[95.115s][info][gc,start       ] GC(666) Pause Young (Allocation Failure)
[95.143s][info][gc,heap        ] GC(666) DefNew: 141347K(157248K)->1588K(157248K) Eden: 139776K(139776K)->0K(139776K) From: 1571K(17472K)->1588K(17472K)
[95.143s][info][gc,heap        ] GC(666) Tenured: 9543K(349568K)->9543K(349568K)
[95.143s][info][gc,metaspace   ] GC(666) Metaspace: 14261K(15168K)->14261K(15168K) NonClass: 12301K(12864K)->12301K(12864K) Class: 1959K(2304K)->1959K(2304K)
[95.143s][info][gc             ] GC(666) Pause Young (Allocation Failure) 147M->10M(494M) 28.692ms
[95.143s][info][gc,cpu         ] GC(666) User=0.03s Sys=0.00s Real=0.02s
[95.256s][info][gc,start       ] GC(667) Pause Young (Allocation Failure)
[95.283s][info][gc,heap        ] GC(667) DefNew: 141364K(157248K)->1605K(157248K) Eden: 139776K(139776K)->0K(139776K) From: 1588K(17472K)->1605K(17472K)
[95.283s][info][gc,heap        ] GC(667) Tenured: 9543K(349568K)->9543K(349568K)
[95.283s][info][gc,metaspace   ] GC(667) Metaspace: 14261K(15168K)->14261K(15168K) NonClass: 12301K(12864K)->12301K(12864K) Class: 1959K(2304K)->1959K(2304K)
[95.283s][info][gc             ] GC(667) Pause Young (Allocation Failure) 147M->10M(494M) 27.410ms
[95.283s][info][gc,cpu         ] GC(667) User=0.02s Sys=0.00s Real=0.02s
[95.388s][info][gc,start       ] GC(668) Pause Young (Allocation Failure)
[95.409s][info][gc,heap        ] GC(668) DefNew: 141381K(157248K)->1623K(157248K) Eden: 139776K(139776K)->0K(139776K) From: 1605K(17472K)->1623K(17472K)
[95.409s][info][gc,heap        ] GC(668) Tenured: 9543K(349568K)->9543K(349568K)
[95.409s][info][gc,metaspace   ] GC(668) Metaspace: 14261K(15168K)->14261K(15168K) NonClass: 12301K(12864K)->12301K(12864K) Class: 1959K(2304K)->1959K(2304K)
[95.409s][info][gc             ] GC(668) Pause Young (Allocation Failure) 147M->10M(494M) 20.991ms
[95.409s][info][gc,cpu         ] GC(668) User=0.02s Sys=0.00s Real=0.01s
[95.517s][info][gc,start       ] GC(669) Pause Young (Allocation Failure)
[95.539s][info][gc,heap        ] GC(669) DefNew: 141399K(157248K)->1640K(157248K) Eden: 139776K(139776K)->0K(139776K) From: 1623K(17472K)->1640K(17472K)
[95.539s][info][gc,heap        ] GC(669) Tenured: 9543K(349568K)->9543K(349568K)
[95.539s][info][gc,metaspace   ] GC(669) Metaspace: 14261K(15168K)->14261K(15168K) NonClass: 12301K(12864K)->12301K(12864K) Class: 1959K(2304K)->1959K(2304K)
[95.539s][info][gc             ] GC(669) Pause Young (Allocation Failure) 147M->10M(494M) 21.673ms
[95.539s][info][gc,cpu         ] GC(669) User=0.02s Sys=0.00s Real=0.02s
[95.650s][info][gc,start       ] GC(670) Pause Young (Allocation Failure)
[95.672s][info][gc,heap        ] GC(670) DefNew: 141416K(157248K)->1661K(157248K) Eden: 139776K(139776K)->0K(139776K) From: 1640K(17472K)->1661K(17472K)
[95.672s][info][gc,heap        ] GC(670) Tenured: 9543K(349568K)->9543K(349568K)
[95.672s][info][gc,metaspace   ] GC(670) Metaspace: 14261K(15168K)->14261K(15168K) NonClass: 12301K(12864K)->12301K(12864K) Class: 1959K(2304K)->1959K(2304K)
[95.672s][info][gc             ] GC(670) Pause Young (Allocation Failure) 147M->10M(494M) 21.617ms
[95.672s][info][gc,cpu         ] GC(670) User=0.02s Sys=0.00s Real=0.02s
[95.782s][info][gc,start       ] GC(671) Pause Young (Allocation Failure)
[95.811s][info][gc,heap        ] GC(671) DefNew: 141437K(157248K)->1679K(157248K) Eden: 139776K(139776K)->0K(139776K) From: 1661K(17472K)->1679K(17472K)
[95.811s][info][gc,heap        ] GC(671) Tenured: 9543K(349568K)->9543K(349568K)
[95.811s][info][gc,metaspace   ] GC(671) Metaspace: 14261K(15168K)->14261K(15168K) NonClass: 12301K(12864K)->12301K(12864K) Class: 1959K(2304K)->1959K(2304K)
[95.811s][info][gc             ] GC(671) Pause Young (Allocation Failure) 147M->10M(494M) 29.250ms
[95.811s][info][gc,cpu         ] GC(671) User=0.02s Sys=0.00s Real=0.02s
[95.922s][info][gc,start       ] GC(672) Pause Young (Allocation Failure)
[95.951s][info][gc,heap        ] GC(672) DefNew: 141455K(157248K)->1697K(157248K) Eden: 139776K(139776K)->0K(139776K) From: 1679K(17472K)->1697K(17472K)
[95.951s][info][gc,heap        ] GC(672) Tenured: 9543K(349568K)->9543K(349568K)
[95.951s][info][gc,metaspace   ] GC(672) Metaspace: 14261K(15168K)->14261K(15168K) NonClass: 12301K(12864K)->12301K(12864K) Class: 1959K(2304K)->1959K(2304K)
[95.951s][info][gc             ] GC(672) Pause Young (Allocation Failure) 147M->10M(494M) 29.371ms
[95.951s][info][gc,cpu         ] GC(672) User=0.02s Sys=0.00s Real=0.02s
[96.064s][info][gc,start       ] GC(673) Pause Young (Allocation Failure)
[96.096s][info][gc,heap        ] GC(673) DefNew: 141473K(157248K)->1717K(157248K) Eden: 139776K(139776K)->0K(139776K) From: 1697K(17472K)->1717K(17472K)
[96.096s][info][gc,heap        ] GC(673) Tenured: 9543K(349568K)->9543K(349568K)
[96.096s][info][gc,metaspace   ] GC(673) Metaspace: 14261K(15168K)->14261K(15168K) NonClass: 12301K(12864K)->12301K(12864K) Class: 1959K(2304K)->1959K(2304K)
[96.096s][info][gc             ] GC(673) Pause Young (Allocation Failure) 147M->10M(494M) 31.894ms
[96.096s][info][gc,cpu         ] GC(673) User=0.03s Sys=0.00s Real=0.03s
[96.206s][info][gc,start       ] GC(674) Pause Young (Allocation Failure)
[96.228s][info][gc,heap        ] GC(674) DefNew: 141493K(157248K)->1736K(157248K) Eden: 139776K(139776K)->0K(139776K) From: 1717K(17472K)->1736K(17472K)
[96.228s][info][gc,heap        ] GC(674) Tenured: 9543K(349568K)->9543K(349568K)
[96.228s][info][gc,metaspace   ] GC(674) Metaspace: 14261K(15168K)->14261K(15168K) NonClass: 12301K(12864K)->12301K(12864K) Class: 1959K(2304K)->1959K(2304K)
[96.228s][info][gc             ] GC(674) Pause Young (Allocation Failure) 147M->11M(494M) 22.311ms
[96.228s][info][gc,cpu         ] GC(674) User=0.02s Sys=0.00s Real=0.02s
[96.339s][info][gc,start       ] GC(675) Pause Young (Allocation Failure)
[96.370s][info][gc,heap        ] GC(675) DefNew: 141512K(157248K)->283K(157248K) Eden: 139776K(139776K)->0K(139776K) From: 1736K(17472K)->283K(17472K)
[96.370s][info][gc,heap        ] GC(675) Tenured: 9543K(349568K)->11011K(349568K)
[96.370s][info][gc,metaspace   ] GC(675) Metaspace: 14261K(15168K)->14261K(15168K) NonClass: 12301K(12864K)->12301K(12864K) Class: 1959K(2304K)->1959K(2304K)
[96.370s][info][gc             ] GC(675) Pause Young (Allocation Failure) 147M->11M(494M) 30.839ms
[96.370s][info][gc,cpu         ] GC(675) User=0.02s Sys=0.00s Real=0.02s
[96.495s][info][gc,start       ] GC(676) Pause Young (Allocation Failure)
[96.525s][info][gc,heap        ] GC(676) DefNew: 140059K(157248K)->282K(157248K) Eden: 139776K(139776K)->0K(139776K) From: 283K(17472K)->282K(17472K)
[96.525s][info][gc,heap        ] GC(676) Tenured: 11011K(349568K)->11031K(349568K)
[96.525s][info][gc,metaspace   ] GC(676) Metaspace: 14261K(15168K)->14261K(15168K) NonClass: 12301K(12864K)->12301K(12864K) Class: 1959K(2304K)->1959K(2304K)
[96.525s][info][gc             ] GC(676) Pause Young (Allocation Failure) 147M->11M(494M) 30.302ms
[96.525s][info][gc,cpu         ] GC(676) User=0.02s Sys=0.00s Real=0.02s
[96.646s][info][gc,start       ] GC(677) Pause Young (Allocation Failure)
[96.677s][info][gc,heap        ] GC(677) DefNew: 140058K(157248K)->285K(157248K) Eden: 139776K(139776K)->0K(139776K) From: 282K(17472K)->285K(17472K)
[96.677s][info][gc,heap        ] GC(677) Tenured: 11031K(349568K)->11049K(349568K)
[96.677s][info][gc,metaspace   ] GC(677) Metaspace: 14261K(15168K)->14261K(15168K) NonClass: 12301K(12864K)->12301K(12864K) Class: 1959K(2304K)->1959K(2304K)
[96.677s][info][gc             ] GC(677) Pause Young (Allocation Failure) 147M->11M(494M) 30.817ms
[96.677s][info][gc,cpu         ] GC(677) User=0.03s Sys=0.00s Real=0.02s
[96.797s][info][gc,start       ] GC(678) Pause Young (Allocation Failure)
[96.830s][info][gc,heap        ] GC(678) DefNew: 140061K(157248K)->289K(157248K) Eden: 139776K(139776K)->0K(139776K) From: 285K(17472K)->289K(17472K)
[96.830s][info][gc,heap        ] GC(678) Tenured: 11049K(349568K)->11067K(349568K)
[96.830s][info][gc,metaspace   ] GC(678) Metaspace: 14261K(15168K)->14261K(15168K) NonClass: 12301K(12864K)->12301K(12864K) Class: 1959K(2304K)->1959K(2304K)
[96.830s][info][gc             ] GC(678) Pause Young (Allocation Failure) 147M->11M(494M) 32.791ms
[96.830s][info][gc,cpu         ] GC(678) User=0.03s Sys=0.00s Real=0.03s
[96.952s][info][gc,start       ] GC(679) Pause Young (Allocation Failure)
[96.975s][info][gc,heap        ] GC(679) DefNew: 140065K(157248K)->288K(157248K) Eden: 139775K(139776K)->0K(139776K) From: 289K(17472K)->288K(17472K)
[96.975s][info][gc,heap        ] GC(679) Tenured: 11067K(349568K)->11087K(349568K)
[96.975s][info][gc,metaspace   ] GC(679) Metaspace: 14261K(15168K)->14261K(15168K) NonClass: 12301K(12864K)->12301K(12864K) Class: 1959K(2304K)->1959K(2304K)
[96.975s][info][gc             ] GC(679) Pause Young (Allocation Failure) 147M->11M(494M) 23.783ms
[96.975s][info][gc,cpu         ] GC(679) User=0.02s Sys=0.00s Real=0.01s
[97.097s][info][gc,start       ] GC(680) Pause Young (Allocation Failure)
[97.129s][info][gc,heap        ] GC(680) DefNew: 140064K(157248K)->292K(157248K) Eden: 139776K(139776K)->0K(139776K) From: 288K(17472K)->292K(17472K)
[97.129s][info][gc,heap        ] GC(680) Tenured: 11087K(349568K)->11105K(349568K)
[97.129s][info][gc,metaspace   ] GC(680) Metaspace: 14261K(15168K)->14261K(15168K) NonClass: 12301K(12864K)->12301K(12864K) Class: 1959K(2304K)->1959K(2304K)
[97.129s][info][gc             ] GC(680) Pause Young (Allocation Failure) 147M->11M(494M) 31.796ms
[97.129s][info][gc,cpu         ] GC(680) User=0.03s Sys=0.00s Real=0.03s
[97.249s][info][gc,start       ] GC(681) Pause Young (Allocation Failure)
[97.283s][info][gc,heap        ] GC(681) DefNew: 140068K(157248K)->295K(157248K) Eden: 139776K(139776K)->0K(139776K) From: 292K(17472K)->295K(17472K)
[97.283s][info][gc,heap        ] GC(681) Tenured: 11105K(349568K)->11123K(349568K)
[97.283s][info][gc,metaspace   ] GC(681) Metaspace: 14261K(15168K)->14261K(15168K) NonClass: 12301K(12864K)->12301K(12864K) Class: 1959K(2304K)->1959K(2304K)
[97.283s][info][gc             ] GC(681) Pause Young (Allocation Failure) 147M->11M(494M) 33.697ms
[97.283s][info][gc,cpu         ] GC(681) User=0.03s Sys=0.00s Real=0.03s
[97.406s][info][gc,start       ] GC(682) Pause Young (Allocation Failure)
[97.438s][info][gc,heap        ] GC(682) DefNew: 140071K(157248K)->299K(157248K) Eden: 139776K(139776K)->0K(139776K) From: 295K(17472K)->299K(17472K)
[97.438s][info][gc,heap        ] GC(682) Tenured: 11123K(349568K)->11140K(349568K)
[97.439s][info][gc,metaspace   ] GC(682) Metaspace: 14261K(15168K)->14261K(15168K) NonClass: 12301K(12864K)->12301K(12864K) Class: 1959K(2304K)->1959K(2304K)
[97.439s][info][gc             ] GC(682) Pause Young (Allocation Failure) 147M->11M(494M) 32.414ms
[97.439s][info][gc,cpu         ] GC(682) User=0.03s Sys=0.00s Real=0.03s
[97.562s][info][gc,start       ] GC(683) Pause Young (Allocation Failure)
[97.596s][info][gc,heap        ] GC(683) DefNew: 140075K(157248K)->302K(157248K) Eden: 139776K(139776K)->0K(139776K) From: 299K(17472K)->302K(17472K)
[97.596s][info][gc,heap        ] GC(683) Tenured: 11140K(349568K)->11158K(349568K)
[97.596s][info][gc,metaspace   ] GC(683) Metaspace: 14261K(15168K)->14261K(15168K) NonClass: 12301K(12864K)->12301K(12864K) Class: 1959K(2304K)->1959K(2304K)
[97.596s][info][gc             ] GC(683) Pause Young (Allocation Failure) 147M->11M(494M) 34.495ms
[97.596s][info][gc,cpu         ] GC(683) User=0.02s Sys=0.00s Real=0.02s
[97.720s][info][gc,start       ] GC(684) Pause Young (Allocation Failure)
[97.753s][info][gc,heap        ] GC(684) DefNew: 140078K(157248K)->304K(157248K) Eden: 139776K(139776K)->0K(139776K) From: 302K(17472K)->304K(17472K)
[97.753s][info][gc,heap        ] GC(684) Tenured: 11158K(349568K)->11175K(349568K)
[97.753s][info][gc,metaspace   ] GC(684) Metaspace: 14261K(15168K)->14261K(15168K) NonClass: 12301K(12864K)->12301K(12864K) Class: 1959K(2304K)->1959K(2304K)
[97.753s][info][gc             ] GC(684) Pause Young (Allocation Failure) 147M->11M(494M) 33.130ms
[97.753s][info][gc,cpu         ] GC(684) User=0.03s Sys=0.00s Real=0.03s
[97.999s][info][gc,start       ] GC(685) Pause Young (Allocation Failure)
[98.033s][info][gc,heap        ] GC(685) DefNew: 140080K(157248K)->305K(157248K) Eden: 139776K(139776K)->0K(139776K) From: 304K(17472K)->305K(17472K)
[98.033s][info][gc,heap        ] GC(685) Tenured: 11175K(349568K)->11196K(349568K)
[98.033s][info][gc,metaspace   ] GC(685) Metaspace: 14261K(15168K)->14261K(15168K) NonClass: 12301K(12864K)->12301K(12864K) Class: 1959K(2304K)->1959K(2304K)
[98.033s][info][gc             ] GC(685) Pause Young (Allocation Failure) 147M->11M(494M) 34.132ms
[98.033s][info][gc,cpu         ] GC(685) User=0.03s Sys=0.00s Real=0.03s
[98.158s][info][gc,start       ] GC(686) Pause Young (Allocation Failure)
[98.189s][info][gc,heap        ] GC(686) DefNew: 140081K(157248K)->308K(157248K) Eden: 139776K(139776K)->0K(139776K) From: 305K(17472K)->308K(17472K)
[98.189s][info][gc,heap        ] GC(686) Tenured: 11196K(349568K)->11213K(349568K)
[98.189s][info][gc,metaspace   ] GC(686) Metaspace: 14261K(15168K)->14261K(15168K) NonClass: 12301K(12864K)->12301K(12864K) Class: 1959K(2304K)->1959K(2304K)
[98.189s][info][gc             ] GC(686) Pause Young (Allocation Failure) 147M->11M(494M) 31.554ms
[98.190s][info][gc,cpu         ] GC(686) User=0.03s Sys=0.00s Real=0.03s
[98.318s][info][gc,start       ] GC(687) Pause Young (Allocation Failure)
[98.349s][info][gc,heap        ] GC(687) DefNew: 140084K(157248K)->311K(157248K) Eden: 139776K(139776K)->0K(139776K) From: 308K(17472K)->311K(17472K)
[98.349s][info][gc,heap        ] GC(687) Tenured: 11213K(349568K)->11231K(349568K)
[98.349s][info][gc,metaspace   ] GC(687) Metaspace: 14261K(15168K)->14261K(15168K) NonClass: 12301K(12864K)->12301K(12864K) Class: 1959K(2304K)->1959K(2304K)
[98.349s][info][gc             ] GC(687) Pause Young (Allocation Failure) 147M->11M(494M) 31.544ms
[98.349s][info][gc,cpu         ] GC(687) User=0.03s Sys=0.00s Real=0.02s
[98.490s][info][gc,start       ] GC(688) Pause Young (Allocation Failure)
[98.517s][info][gc,heap        ] GC(688) DefNew: 140087K(157248K)->315K(157248K) Eden: 139776K(139776K)->0K(139776K) From: 311K(17472K)->315K(17472K)
[98.517s][info][gc,heap        ] GC(688) Tenured: 11231K(349568K)->11252K(349568K)
[98.517s][info][gc,metaspace   ] GC(688) Metaspace: 14261K(15168K)->14261K(15168K) NonClass: 12301K(12864K)->12301K(12864K) Class: 1959K(2304K)->1959K(2304K)
[98.517s][info][gc             ] GC(688) Pause Young (Allocation Failure) 147M->11M(494M) 27.167ms
[98.517s][info][gc,cpu         ] GC(688) User=0.03s Sys=0.00s Real=0.03s
[98.651s][info][gc,start       ] GC(689) Pause Young (Allocation Failure)
[98.678s][info][gc,heap        ] GC(689) DefNew: 140091K(157248K)->320K(157248K) Eden: 139776K(139776K)->0K(139776K) From: 315K(17472K)->320K(17472K)
[98.678s][info][gc,heap        ] GC(689) Tenured: 11252K(349568K)->11267K(349568K)
[98.678s][info][gc,metaspace   ] GC(689) Metaspace: 14261K(15168K)->14261K(15168K) NonClass: 12301K(12864K)->12301K(12864K) Class: 1959K(2304K)->1959K(2304K)
[98.678s][info][gc             ] GC(689) Pause Young (Allocation Failure) 147M->11M(494M) 27.053ms
[98.678s][info][gc,cpu         ] GC(689) User=0.02s Sys=0.00s Real=0.02s
[98.800s][info][gc,start       ] GC(690) Pause Young (Allocation Failure)
[98.821s][info][gc,heap        ] GC(690) DefNew: 140096K(157248K)->323K(157248K) Eden: 139776K(139776K)->0K(139776K) From: 320K(17472K)->323K(17472K)
[98.821s][info][gc,heap        ] GC(690) Tenured: 11267K(349568K)->11285K(349568K)
[98.821s][info][gc,metaspace   ] GC(690) Metaspace: 14261K(15168K)->14261K(15168K) NonClass: 12301K(12864K)->12301K(12864K) Class: 1959K(2304K)->1959K(2304K)
[98.821s][info][gc             ] GC(690) Pause Young (Allocation Failure) 147M->11M(494M) 20.749ms
[98.821s][info][gc,cpu         ] GC(690) User=0.03s Sys=0.00s Real=0.02s
[98.939s][info][gc,start       ] GC(691) Pause Young (Allocation Failure)
[98.960s][info][gc,heap        ] GC(691) DefNew: 140099K(157248K)->323K(157248K) Eden: 139776K(139776K)->0K(139776K) From: 323K(17472K)->323K(17472K)
[98.960s][info][gc,heap        ] GC(691) Tenured: 11285K(349568K)->11306K(349568K)
[98.960s][info][gc,metaspace   ] GC(691) Metaspace: 14261K(15168K)->14261K(15168K) NonClass: 12301K(12864K)->12301K(12864K) Class: 1959K(2304K)->1959K(2304K)
[98.960s][info][gc             ] GC(691) Pause Young (Allocation Failure) 147M->11M(494M) 20.670ms
[98.960s][info][gc,cpu         ] GC(691) User=0.02s Sys=0.00s Real=0.02s
[99.078s][info][gc,start       ] GC(692) Pause Young (Allocation Failure)
[99.099s][info][gc,heap        ] GC(692) DefNew: 140099K(157248K)->322K(157248K) Eden: 139776K(139776K)->0K(139776K) From: 323K(17472K)->322K(17472K)
[99.099s][info][gc,heap        ] GC(692) Tenured: 11306K(349568K)->11326K(349568K)
[99.099s][info][gc,metaspace   ] GC(692) Metaspace: 14261K(15168K)->14261K(15168K) NonClass: 12301K(12864K)->12301K(12864K) Class: 1959K(2304K)->1959K(2304K)
[99.099s][info][gc             ] GC(692) Pause Young (Allocation Failure) 147M->11M(494M) 21.362ms
[99.099s][info][gc,cpu         ] GC(692) User=0.02s Sys=0.00s Real=0.01s
[99.217s][info][gc,start       ] GC(693) Pause Young (Allocation Failure)
[99.245s][info][gc,heap        ] GC(693) DefNew: 140098K(157248K)->322K(157248K) Eden: 139776K(139776K)->0K(139776K) From: 322K(17472K)->322K(17472K)
[99.245s][info][gc,heap        ] GC(693) Tenured: 11326K(349568K)->11347K(349568K)
[99.245s][info][gc,metaspace   ] GC(693) Metaspace: 14261K(15168K)->14261K(15168K) NonClass: 12301K(12864K)->12301K(12864K) Class: 1959K(2304K)->1959K(2304K)
[99.245s][info][gc             ] GC(693) Pause Young (Allocation Failure) 147M->11M(494M) 27.864ms
[99.245s][info][gc,cpu         ] GC(693) User=0.02s Sys=0.00s Real=0.01s
[99.365s][info][gc,start       ] GC(694) Pause Young (Allocation Failure)
[99.393s][info][gc,heap        ] GC(694) DefNew: 140098K(157248K)->320K(157248K) Eden: 139775K(139776K)->0K(139776K) From: 322K(17472K)->320K(17472K)
[99.393s][info][gc,heap        ] GC(694) Tenured: 11347K(349568K)->11367K(349568K)
[99.393s][info][gc,metaspace   ] GC(694) Metaspace: 14261K(15168K)->14261K(15168K) NonClass: 12301K(12864K)->12301K(12864K) Class: 1959K(2304K)->1959K(2304K)
[99.393s][info][gc             ] GC(694) Pause Young (Allocation Failure) 147M->11M(494M) 27.992ms
[99.393s][info][gc,cpu         ] GC(694) User=0.02s Sys=0.00s Real=0.01s
[99.514s][info][gc,start       ] GC(695) Pause Young (Allocation Failure)
[99.543s][info][gc,heap        ] GC(695) DefNew: 140096K(157248K)->315K(157248K) Eden: 139776K(139776K)->0K(139776K) From: 320K(17472K)->315K(17472K)
[99.543s][info][gc,heap        ] GC(695) Tenured: 11367K(349568K)->11389K(349568K)
[99.543s][info][gc,metaspace   ] GC(695) Metaspace: 14261K(15168K)->14261K(15168K) NonClass: 12301K(12864K)->12301K(12864K) Class: 1959K(2304K)->1959K(2304K)
[99.543s][info][gc             ] GC(695) Pause Young (Allocation Failure) 147M->11M(494M) 28.521ms
[99.543s][info][gc,cpu         ] GC(695) User=0.03s Sys=0.00s Real=0.03s
[99.663s][info][gc,start       ] GC(696) Pause Young (Allocation Failure)
[99.691s][info][gc,heap        ] GC(696) DefNew: 140091K(157248K)->316K(157248K) Eden: 139776K(139776K)->0K(139776K) From: 315K(17472K)->316K(17472K)
[99.691s][info][gc,heap        ] GC(696) Tenured: 11389K(349568K)->11410K(349568K)
[99.691s][info][gc,metaspace   ] GC(696) Metaspace: 14261K(15168K)->14261K(15168K) NonClass: 12301K(12864K)->12301K(12864K) Class: 1959K(2304K)->1959K(2304K)
[99.692s][info][gc             ] GC(696) Pause Young (Allocation Failure) 147M->11M(494M) 28.318ms
[99.692s][info][gc,cpu         ] GC(696) User=0.02s Sys=0.00s Real=0.03s
[99.813s][info][gc,start       ] GC(697) Pause Young (Allocation Failure)
[99.843s][info][gc,heap        ] GC(697) DefNew: 140092K(157248K)->316K(157248K) Eden: 139776K(139776K)->0K(139776K) From: 316K(17472K)->316K(17472K)
[99.843s][info][gc,heap        ] GC(697) Tenured: 11410K(349568K)->11430K(349568K)
[99.843s][info][gc,metaspace   ] GC(697) Metaspace: 14261K(15168K)->14261K(15168K) NonClass: 12301K(12864K)->12301K(12864K) Class: 1959K(2304K)->1959K(2304K)
[99.843s][info][gc             ] GC(697) Pause Young (Allocation Failure) 147M->11M(494M) 30.108ms
[99.843s][info][gc,cpu         ] GC(697) User=0.03s Sys=0.00s Real=0.02s
[99.962s][info][gc,start       ] GC(698) Pause Young (Allocation Failure)
[99.985s][info][gc,heap        ] GC(698) DefNew: 140092K(157248K)->319K(157248K) Eden: 139776K(139776K)->0K(139776K) From: 316K(17472K)->319K(17472K)
[99.985s][info][gc,heap        ] GC(698) Tenured: 11430K(349568K)->11451K(349568K)
[99.985s][info][gc,metaspace   ] GC(698) Metaspace: 14261K(15168K)->14261K(15168K) NonClass: 12301K(12864K)->12301K(12864K) Class: 1959K(2304K)->1959K(2304K)
[99.985s][info][gc             ] GC(698) Pause Young (Allocation Failure) 147M->11M(494M) 22.544ms
[99.985s][info][gc,cpu         ] GC(698) User=0.02s Sys=0.00s Real=0.01s
[100.103s][info][gc,start       ] GC(699) Pause Young (Allocation Failure)
[100.125s][info][gc,heap        ] GC(699) DefNew: 140095K(157248K)->318K(157248K) Eden: 139776K(139776K)->0K(139776K) From: 319K(17472K)->318K(17472K)
[100.125s][info][gc,heap        ] GC(699) Tenured: 11451K(349568K)->11472K(349568K)
[100.125s][info][gc,metaspace   ] GC(699) Metaspace: 14261K(15168K)->14261K(15168K) NonClass: 12301K(12864K)->12301K(12864K) Class: 1959K(2304K)->1959K(2304K)
[100.125s][info][gc             ] GC(699) Pause Young (Allocation Failure) 147M->11M(494M) 22.245ms
[100.125s][info][gc,cpu         ] GC(699) User=0.02s Sys=0.00s Real=0.01s
[100.243s][info][gc,start       ] GC(700) Pause Young (Allocation Failure)
[100.274s][info][gc,heap        ] GC(700) DefNew: 140094K(157248K)->318K(157248K) Eden: 139776K(139776K)->0K(139776K) From: 318K(17472K)->318K(17472K)
[100.274s][info][gc,heap        ] GC(700) Tenured: 11472K(349568K)->11492K(349568K)
[100.274s][info][gc,metaspace   ] GC(700) Metaspace: 14261K(15168K)->14261K(15168K) NonClass: 12301K(12864K)->12301K(12864K) Class: 1959K(2304K)->1959K(2304K)
[100.274s][info][gc             ] GC(700) Pause Young (Allocation Failure) 148M->11M(494M) 30.448ms
[100.274s][info][gc,cpu         ] GC(700) User=0.02s Sys=0.00s Real=0.02s
[100.394s][info][gc,start       ] GC(701) Pause Young (Allocation Failure)
[100.426s][info][gc,heap        ] GC(701) DefNew: 140094K(157248K)->319K(157248K) Eden: 139776K(139776K)->0K(139776K) From: 318K(17472K)->319K(17472K)
[100.426s][info][gc,heap        ] GC(701) Tenured: 11492K(349568K)->11513K(349568K)
[100.426s][info][gc,metaspace   ] GC(701) Metaspace: 14261K(15168K)->14261K(15168K) NonClass: 12301K(12864K)->12301K(12864K) Class: 1959K(2304K)->1959K(2304K)
[100.426s][info][gc             ] GC(701) Pause Young (Allocation Failure) 148M->11M(494M) 31.806ms
[100.426s][info][gc,cpu         ] GC(701) User=0.03s Sys=0.00s Real=0.03s
[100.546s][info][gc,start       ] GC(702) Pause Young (Allocation Failure)
[100.577s][info][gc,heap        ] GC(702) DefNew: 140095K(157248K)->316K(157248K) Eden: 139776K(139776K)->0K(139776K) From: 319K(17472K)->316K(17472K)
[100.577s][info][gc,heap        ] GC(702) Tenured: 11513K(349568K)->11534K(349568K)
[100.577s][info][gc,metaspace   ] GC(702) Metaspace: 14261K(15168K)->14261K(15168K) NonClass: 12301K(12864K)->12301K(12864K) Class: 1959K(2304K)->1959K(2304K)
[100.577s][info][gc             ] GC(702) Pause Young (Allocation Failure) 148M->11M(494M) 30.676ms
[100.577s][info][gc,cpu         ] GC(702) User=0.02s Sys=0.00s Real=0.02s
[100.697s][info][gc,start       ] GC(703) Pause Young (Allocation Failure)
[100.728s][info][gc,heap        ] GC(703) DefNew: 140092K(157248K)->311K(157248K) Eden: 139776K(139776K)->0K(139776K) From: 316K(17472K)->311K(17472K)
[100.728s][info][gc,heap        ] GC(703) Tenured: 11534K(349568K)->11558K(349568K)
[100.728s][info][gc,metaspace   ] GC(703) Metaspace: 14261K(15168K)->14261K(15168K) NonClass: 12301K(12864K)->12301K(12864K) Class: 1959K(2304K)->1959K(2304K)
[100.728s][info][gc             ] GC(703) Pause Young (Allocation Failure) 148M->11M(494M) 30.965ms
[100.728s][info][gc,cpu         ] GC(703) User=0.02s Sys=0.02s Real=0.03s
[100.847s][info][gc,start       ] GC(704) Pause Young (Allocation Failure)
[100.878s][info][gc,heap        ] GC(704) DefNew: 140087K(157248K)->312K(157248K) Eden: 139776K(139776K)->0K(139776K) From: 311K(17472K)->312K(17472K)
[100.878s][info][gc,heap        ] GC(704) Tenured: 11558K(349568K)->11579K(349568K)
[100.878s][info][gc,metaspace   ] GC(704) Metaspace: 14261K(15168K)->14261K(15168K) NonClass: 12301K(12864K)->12301K(12864K) Class: 1959K(2304K)->1959K(2304K)
[100.878s][info][gc             ] GC(704) Pause Young (Allocation Failure) 148M->11M(494M) 31.164ms
[100.878s][info][gc,cpu         ] GC(704) User=0.03s Sys=0.00s Real=0.03s
[100.998s][info][gc,start       ] GC(705) Pause Young (Allocation Failure)
[101.029s][info][gc,heap        ] GC(705) DefNew: 140088K(157248K)->308K(157248K) Eden: 139776K(139776K)->0K(139776K) From: 312K(17472K)->308K(17472K)
[101.029s][info][gc,heap        ] GC(705) Tenured: 11579K(349568K)->11599K(349568K)
[101.029s][info][gc,metaspace   ] GC(705) Metaspace: 14261K(15168K)->14261K(15168K) NonClass: 12301K(12864K)->12301K(12864K) Class: 1959K(2304K)->1959K(2304K)
[101.029s][info][gc             ] GC(705) Pause Young (Allocation Failure) 148M->11M(494M) 31.678ms
[101.029s][info][gc,cpu         ] GC(705) User=0.02s Sys=0.00s Real=0.02s
[101.150s][info][gc,start       ] GC(706) Pause Young (Allocation Failure)
[101.182s][info][gc,heap        ] GC(706) DefNew: 140084K(157248K)->308K(157248K) Eden: 139776K(139776K)->0K(139776K) From: 308K(17472K)->308K(17472K)
[101.182s][info][gc,heap        ] GC(706) Tenured: 11599K(349568K)->11620K(349568K)
[101.182s][info][gc,metaspace   ] GC(706) Metaspace: 14261K(15168K)->14261K(15168K) NonClass: 12301K(12864K)->12301K(12864K) Class: 1959K(2304K)->1959K(2304K)
[101.182s][info][gc             ] GC(706) Pause Young (Allocation Failure) 148M->11M(494M) 32.195ms
[101.182s][info][gc,cpu         ] GC(706) User=0.03s Sys=0.00s Real=0.03s
[101.304s][info][gc,start       ] GC(707) Pause Young (Allocation Failure)
[101.338s][info][gc,heap        ] GC(707) DefNew: 140084K(157248K)->308K(157248K) Eden: 139776K(139776K)->0K(139776K) From: 308K(17472K)->308K(17472K)
[101.338s][info][gc,heap        ] GC(707) Tenured: 11620K(349568K)->11641K(349568K)
[101.338s][info][gc,metaspace   ] GC(707) Metaspace: 14261K(15168K)->14261K(15168K) NonClass: 12301K(12864K)->12301K(12864K) Class: 1959K(2304K)->1959K(2304K)
[101.338s][info][gc             ] GC(707) Pause Young (Allocation Failure) 148M->11M(494M) 34.251ms
[101.338s][info][gc,cpu         ] GC(707) User=0.02s Sys=0.00s Real=0.02s
[101.461s][info][gc,start       ] GC(708) Pause Young (Allocation Failure)
[101.493s][info][gc,heap        ] GC(708) DefNew: 140084K(157248K)->308K(157248K) Eden: 139776K(139776K)->0K(139776K) From: 308K(17472K)->308K(17472K)
[101.494s][info][gc,heap        ] GC(708) Tenured: 11641K(349568K)->11659K(349568K)
[101.494s][info][gc,metaspace   ] GC(708) Metaspace: 14261K(15168K)->14261K(15168K) NonClass: 12301K(12864K)->12301K(12864K) Class: 1959K(2304K)->1959K(2304K)
[101.494s][info][gc             ] GC(708) Pause Young (Allocation Failure) 148M->11M(494M) 32.178ms
[101.494s][info][gc,cpu         ] GC(708) User=0.03s Sys=0.00s Real=0.03s
[101.613s][info][gc,start       ] GC(709) Pause Young (Allocation Failure)
[101.647s][info][gc,heap        ] GC(709) DefNew: 140084K(157248K)->305K(157248K) Eden: 139776K(139776K)->0K(139776K) From: 308K(17472K)->305K(17472K)
[101.647s][info][gc,heap        ] GC(709) Tenured: 11659K(349568K)->11679K(349568K)
[101.647s][info][gc,metaspace   ] GC(709) Metaspace: 14261K(15168K)->14261K(15168K) NonClass: 12301K(12864K)->12301K(12864K) Class: 1959K(2304K)->1959K(2304K)
[101.647s][info][gc             ] GC(709) Pause Young (Allocation Failure) 148M->11M(494M) 34.288ms
[101.647s][info][gc,cpu         ] GC(709) User=0.03s Sys=0.00s Real=0.03s
[101.772s][info][gc,start       ] GC(710) Pause Young (Allocation Failure)
[101.798s][info][gc,heap        ] GC(710) DefNew: 140081K(157248K)->308K(157248K) Eden: 139776K(139776K)->0K(139776K) From: 305K(17472K)->308K(17472K)
[101.798s][info][gc,heap        ] GC(710) Tenured: 11679K(349568K)->11697K(349568K)
[101.798s][info][gc,metaspace   ] GC(710) Metaspace: 14261K(15168K)->14261K(15168K) NonClass: 12301K(12864K)->12301K(12864K) Class: 1959K(2304K)->1959K(2304K)
[101.799s][info][gc             ] GC(710) Pause Young (Allocation Failure) 148M->11M(494M) 26.132ms
[101.799s][info][gc,cpu         ] GC(710) User=0.03s Sys=0.00s Real=0.03s
[102.051s][info][gc,start       ] GC(711) Pause Young (Allocation Failure)
[102.083s][info][gc,heap        ] GC(711) DefNew: 140084K(157248K)->307K(157248K) Eden: 139776K(139776K)->0K(139776K) From: 308K(17472K)->307K(17472K)
[102.083s][info][gc,heap        ] GC(711) Tenured: 11697K(349568K)->11718K(349568K)
[102.083s][info][gc,metaspace   ] GC(711) Metaspace: 14261K(15168K)->14261K(15168K) NonClass: 12301K(12864K)->12301K(12864K) Class: 1959K(2304K)->1959K(2304K)
[102.083s][info][gc             ] GC(711) Pause Young (Allocation Failure) 148M->11M(494M) 31.584ms
[102.083s][info][gc,cpu         ] GC(711) User=0.03s Sys=0.00s Real=0.03s
[102.211s][info][gc,start       ] GC(712) Pause Young (Allocation Failure)
[102.243s][info][gc,heap        ] GC(712) DefNew: 140083K(157248K)->308K(157248K) Eden: 139776K(139776K)->0K(139776K) From: 307K(17472K)->308K(17472K)
[102.243s][info][gc,heap        ] GC(712) Tenured: 11718K(349568K)->11739K(349568K)
[102.243s][info][gc,metaspace   ] GC(712) Metaspace: 14261K(15168K)->14261K(15168K) NonClass: 12301K(12864K)->12301K(12864K) Class: 1959K(2304K)->1959K(2304K)
[102.243s][info][gc             ] GC(712) Pause Young (Allocation Failure) 148M->11M(494M) 31.460ms
[102.243s][info][gc,cpu         ] GC(712) User=0.02s Sys=0.00s Real=0.02s
[102.370s][info][gc,start       ] GC(713) Pause Young (Allocation Failure)
[102.399s][info][gc,heap        ] GC(713) DefNew: 140084K(157248K)->306K(157248K) Eden: 139776K(139776K)->0K(139776K) From: 308K(17472K)->306K(17472K)
[102.399s][info][gc,heap        ] GC(713) Tenured: 11739K(349568K)->11761K(349568K)
[102.399s][info][gc,metaspace   ] GC(713) Metaspace: 14261K(15168K)->14261K(15168K) NonClass: 12301K(12864K)->12301K(12864K) Class: 1959K(2304K)->1959K(2304K)
[102.399s][info][gc             ] GC(713) Pause Young (Allocation Failure) 148M->11M(494M) 28.873ms
[102.399s][info][gc,cpu         ] GC(713) User=0.02s Sys=0.00s Real=0.02s
[102.523s][info][gc,start       ] GC(714) Pause Young (Allocation Failure)
[102.551s][info][gc,heap        ] GC(714) DefNew: 140082K(157248K)->303K(157248K) Eden: 139776K(139776K)->0K(139776K) From: 306K(17472K)->303K(17472K)
[102.551s][info][gc,heap        ] GC(714) Tenured: 11761K(349568K)->11782K(349568K)
[102.551s][info][gc,metaspace   ] GC(714) Metaspace: 14261K(15168K)->14261K(15168K) NonClass: 12301K(12864K)->12301K(12864K) Class: 1959K(2304K)->1959K(2304K)
[102.551s][info][gc             ] GC(714) Pause Young (Allocation Failure) 148M->11M(494M) 28.487ms
[102.551s][info][gc,cpu         ] GC(714) User=0.02s Sys=0.00s Real=0.03s
[102.677s][info][gc,start       ] GC(715) Pause Young (Allocation Failure)
[102.697s][info][gc,heap        ] GC(715) DefNew: 140079K(157248K)->303K(157248K) Eden: 139776K(139776K)->0K(139776K) From: 303K(17472K)->303K(17472K)
[102.697s][info][gc,heap        ] GC(715) Tenured: 11782K(349568K)->11803K(349568K)
[102.697s][info][gc,metaspace   ] GC(715) Metaspace: 14261K(15168K)->14261K(15168K) NonClass: 12301K(12864K)->12301K(12864K) Class: 1959K(2304K)->1959K(2304K)
[102.697s][info][gc             ] GC(715) Pause Young (Allocation Failure) 148M->11M(494M) 20.576ms
[102.697s][info][gc,cpu         ] GC(715) User=0.02s Sys=0.00s Real=0.01s
[102.828s][info][gc,start       ] GC(716) Pause Young (Allocation Failure)
[102.853s][info][gc,heap        ] GC(716) DefNew: 140079K(157248K)->304K(157248K) Eden: 139776K(139776K)->0K(139776K) From: 303K(17472K)->304K(17472K)
[102.853s][info][gc,heap        ] GC(716) Tenured: 11803K(349568K)->11823K(349568K)
[102.853s][info][gc,metaspace   ] GC(716) Metaspace: 14261K(15168K)->14261K(15168K) NonClass: 12301K(12864K)->12301K(12864K) Class: 1959K(2304K)->1959K(2304K)
[102.854s][info][gc             ] GC(716) Pause Young (Allocation Failure) 148M->11M(494M) 25.855ms
[102.854s][info][gc,cpu         ] GC(716) User=0.02s Sys=0.00s Real=0.01s
[102.976s][info][gc,start       ] GC(717) Pause Young (Allocation Failure)
[103.002s][info][gc,heap        ] GC(717) DefNew: 140080K(157248K)->306K(157248K) Eden: 139776K(139776K)->0K(139776K) From: 304K(17472K)->306K(17472K)
[103.002s][info][gc,heap        ] GC(717) Tenured: 11823K(349568K)->11841K(349568K)
[103.002s][info][gc,metaspace   ] GC(717) Metaspace: 14261K(15168K)->14261K(15168K) NonClass: 12301K(12864K)->12301K(12864K) Class: 1959K(2304K)->1959K(2304K)
[103.002s][info][gc             ] GC(717) Pause Young (Allocation Failure) 148M->11M(494M) 26.532ms
[103.002s][info][gc,cpu         ] GC(717) User=0.02s Sys=0.00s Real=0.02s
[103.122s][info][gc,start       ] GC(718) Pause Young (Allocation Failure)
[103.151s][info][gc,heap        ] GC(718) DefNew: 140082K(157248K)->305K(157248K) Eden: 139776K(139776K)->0K(139776K) From: 306K(17472K)->305K(17472K)
[103.151s][info][gc,heap        ] GC(718) Tenured: 11841K(349568K)->11862K(349568K)
[103.151s][info][gc,metaspace   ] GC(718) Metaspace: 14261K(15168K)->14261K(15168K) NonClass: 12301K(12864K)->12301K(12864K) Class: 1959K(2304K)->1959K(2304K)
[103.151s][info][gc             ] GC(718) Pause Young (Allocation Failure) 148M->11M(494M) 28.990ms
[103.151s][info][gc,cpu         ] GC(718) User=0.03s Sys=0.00s Real=0.03s
[103.274s][info][gc,start       ] GC(719) Pause Young (Allocation Failure)
[103.301s][info][gc,heap        ] GC(719) DefNew: 140081K(157248K)->306K(157248K) Eden: 139775K(139776K)->0K(139776K) From: 305K(17472K)->306K(17472K)
[103.301s][info][gc,heap        ] GC(719) Tenured: 11862K(349568K)->11882K(349568K)
[103.301s][info][gc,metaspace   ] GC(719) Metaspace: 14261K(15168K)->14261K(15168K) NonClass: 12301K(12864K)->12301K(12864K) Class: 1959K(2304K)->1959K(2304K)
[103.301s][info][gc             ] GC(719) Pause Young (Allocation Failure) 148M->11M(494M) 27.390ms
[103.301s][info][gc,cpu         ] GC(719) User=0.02s Sys=0.00s Real=0.02s
[103.422s][info][gc,start       ] GC(720) Pause Young (Allocation Failure)
[103.450s][info][gc,heap        ] GC(720) DefNew: 140082K(157248K)->309K(157248K) Eden: 139776K(139776K)->0K(139776K) From: 306K(17472K)->309K(17472K)
[103.450s][info][gc,heap        ] GC(720) Tenured: 11882K(349568K)->11900K(349568K)
[103.450s][info][gc,metaspace   ] GC(720) Metaspace: 14261K(15168K)->14261K(15168K) NonClass: 12301K(12864K)->12301K(12864K) Class: 1959K(2304K)->1959K(2304K)
[103.451s][info][gc             ] GC(720) Pause Young (Allocation Failure) 148M->11M(494M) 29.027ms
[103.451s][info][gc,cpu         ] GC(720) User=0.03s Sys=0.00s Real=0.02s
[103.570s][info][gc,start       ] GC(721) Pause Young (Allocation Failure)
[103.591s][info][gc,heap        ] GC(721) DefNew: 140085K(157248K)->305K(157248K) Eden: 139776K(139776K)->0K(139776K) From: 309K(17472K)->305K(17472K)
[103.591s][info][gc,heap        ] GC(721) Tenured: 11900K(349568K)->11920K(349568K)
[103.592s][info][gc,metaspace   ] GC(721) Metaspace: 14261K(15168K)->14261K(15168K) NonClass: 12301K(12864K)->12301K(12864K) Class: 1959K(2304K)->1959K(2304K)
[103.592s][info][gc             ] GC(721) Pause Young (Allocation Failure) 148M->11M(494M) 21.371ms
[103.592s][info][gc,cpu         ] GC(721) User=0.02s Sys=0.00s Real=0.02s
[103.710s][info][gc,start       ] GC(722) Pause Young (Allocation Failure)
[103.739s][info][gc,heap        ] GC(722) DefNew: 140081K(157248K)->306K(157248K) Eden: 139776K(139776K)->0K(139776K) From: 305K(17472K)->306K(17472K)
[103.739s][info][gc,heap        ] GC(722) Tenured: 11920K(349568K)->11941K(349568K)
[103.739s][info][gc,metaspace   ] GC(722) Metaspace: 14261K(15168K)->14261K(15168K) NonClass: 12301K(12864K)->12301K(12864K) Class: 1959K(2304K)->1959K(2304K)
[103.739s][info][gc             ] GC(722) Pause Young (Allocation Failure) 148M->11M(494M) 28.662ms
[103.739s][info][gc,cpu         ] GC(722) User=0.02s Sys=0.00s Real=0.02s
[103.860s][info][gc,start       ] GC(723) Pause Young (Allocation Failure)
[103.891s][info][gc,heap        ] GC(723) DefNew: 140082K(157248K)->309K(157248K) Eden: 139776K(139776K)->0K(139776K) From: 306K(17472K)->309K(17472K)
[103.891s][info][gc,heap        ] GC(723) Tenured: 11941K(349568K)->11959K(349568K)
[103.891s][info][gc,metaspace   ] GC(723) Metaspace: 14261K(15168K)->14261K(15168K) NonClass: 12301K(12864K)->12301K(12864K) Class: 1959K(2304K)->1959K(2304K)
[103.891s][info][gc             ] GC(723) Pause Young (Allocation Failure) 148M->11M(494M) 30.861ms
[103.891s][info][gc,cpu         ] GC(723) User=0.02s Sys=0.00s Real=0.02s
[104.014s][info][gc,start       ] GC(724) Pause Young (Allocation Failure)
[104.044s][info][gc,heap        ] GC(724) DefNew: 140085K(157248K)->311K(157248K) Eden: 139776K(139776K)->0K(139776K) From: 309K(17472K)->311K(17472K)
[104.044s][info][gc,heap        ] GC(724) Tenured: 11959K(349568K)->11976K(349568K)
[104.044s][info][gc,metaspace   ] GC(724) Metaspace: 14261K(15168K)->14261K(15168K) NonClass: 12301K(12864K)->12301K(12864K) Class: 1959K(2304K)->1959K(2304K)
[104.044s][info][gc             ] GC(724) Pause Young (Allocation Failure) 148M->11M(494M) 29.684ms
[104.044s][info][gc,cpu         ] GC(724) User=0.03s Sys=0.00s Real=0.03s
[104.164s][info][gc,start       ] GC(725) Pause Young (Allocation Failure)
[104.195s][info][gc,heap        ] GC(725) DefNew: 140087K(157248K)->309K(157248K) Eden: 139776K(139776K)->0K(139776K) From: 311K(17472K)->309K(17472K)
[104.195s][info][gc,heap        ] GC(725) Tenured: 11976K(349568K)->11997K(349568K)
[104.195s][info][gc,metaspace   ] GC(725) Metaspace: 14261K(15168K)->14261K(15168K) NonClass: 12301K(12864K)->12301K(12864K) Class: 1959K(2304K)->1959K(2304K)
[104.195s][info][gc             ] GC(725) Pause Young (Allocation Failure) 148M->12M(494M) 31.387ms
[104.195s][info][gc,cpu         ] GC(725) User=0.03s Sys=0.00s Real=0.03s
[104.312s][info][gc,start       ] GC(726) Pause Young (Allocation Failure)
[104.335s][info][gc,heap        ] GC(726) DefNew: 140085K(157248K)->305K(157248K) Eden: 139776K(139776K)->0K(139776K) From: 309K(17472K)->305K(17472K)
[104.335s][info][gc,heap        ] GC(726) Tenured: 11997K(349568K)->12018K(349568K)
[104.335s][info][gc,metaspace   ] GC(726) Metaspace: 14261K(15168K)->14261K(15168K) NonClass: 12301K(12864K)->12301K(12864K) Class: 1959K(2304K)->1959K(2304K)
[104.335s][info][gc             ] GC(726) Pause Young (Allocation Failure) 148M->12M(494M) 22.473ms
[104.335s][info][gc,cpu         ] GC(726) User=0.03s Sys=0.00s Real=0.02s
[104.452s][info][gc,start       ] GC(727) Pause Young (Allocation Failure)
[104.482s][info][gc,heap        ] GC(727) DefNew: 140081K(157248K)->305K(157248K) Eden: 139776K(139776K)->0K(139776K) From: 305K(17472K)->305K(17472K)
[104.482s][info][gc,heap        ] GC(727) Tenured: 12018K(349568K)->12038K(349568K)
[104.482s][info][gc,metaspace   ] GC(727) Metaspace: 14261K(15168K)->14261K(15168K) NonClass: 12301K(12864K)->12301K(12864K) Class: 1959K(2304K)->1959K(2304K)
[104.483s][info][gc             ] GC(727) Pause Young (Allocation Failure) 148M->12M(494M) 30.246ms
[104.483s][info][gc,cpu         ] GC(727) User=0.02s Sys=0.00s Real=0.02s
[104.603s][info][gc,start       ] GC(728) Pause Young (Allocation Failure)
[104.634s][info][gc,heap        ] GC(728) DefNew: 140081K(157248K)->299K(157248K) Eden: 139776K(139776K)->0K(139776K) From: 305K(17472K)->299K(17472K)
[104.634s][info][gc,heap        ] GC(728) Tenured: 12038K(349568K)->12059K(349568K)
[104.634s][info][gc,metaspace   ] GC(728) Metaspace: 14261K(15168K)->14261K(15168K) NonClass: 12301K(12864K)->12301K(12864K) Class: 1959K(2304K)->1959K(2304K)
[104.634s][info][gc             ] GC(728) Pause Young (Allocation Failure) 148M->12M(494M) 30.633ms
[104.634s][info][gc,cpu         ] GC(728) User=0.02s Sys=0.00s Real=0.02s
[104.755s][info][gc,start       ] GC(729) Pause Young (Allocation Failure)
[104.788s][info][gc,heap        ] GC(729) DefNew: 140075K(157248K)->302K(157248K) Eden: 139776K(139776K)->0K(139776K) From: 299K(17472K)->302K(17472K)
[104.788s][info][gc,heap        ] GC(729) Tenured: 12059K(349568K)->12077K(349568K)
[104.788s][info][gc,metaspace   ] GC(729) Metaspace: 14261K(15168K)->14261K(15168K) NonClass: 12301K(12864K)->12301K(12864K) Class: 1959K(2304K)->1959K(2304K)
[104.788s][info][gc             ] GC(729) Pause Young (Allocation Failure) 148M->12M(494M) 32.513ms
[104.788s][info][gc,cpu         ] GC(729) User=0.03s Sys=0.00s Real=0.03s
[104.910s][info][gc,start       ] GC(730) Pause Young (Allocation Failure)
[104.941s][info][gc,heap        ] GC(730) DefNew: 140078K(157248K)->302K(157248K) Eden: 139776K(139776K)->0K(139776K) From: 302K(17472K)->302K(17472K)
[104.941s][info][gc,heap        ] GC(730) Tenured: 12077K(349568K)->12097K(349568K)
[104.941s][info][gc,metaspace   ] GC(730) Metaspace: 14261K(15168K)->14261K(15168K) NonClass: 12301K(12864K)->12301K(12864K) Class: 1959K(2304K)->1959K(2304K)
[104.942s][info][gc             ] GC(730) Pause Young (Allocation Failure) 148M->12M(494M) 31.559ms
[104.942s][info][gc,cpu         ] GC(730) User=0.03s Sys=0.00s Real=0.03s
[105.063s][info][gc,start       ] GC(731) Pause Young (Allocation Failure)
[105.095s][info][gc,heap        ] GC(731) DefNew: 140078K(157248K)->302K(157248K) Eden: 139776K(139776K)->0K(139776K) From: 302K(17472K)->302K(17472K)
[105.095s][info][gc,heap        ] GC(731) Tenured: 12097K(349568K)->12118K(349568K)
[105.095s][info][gc,metaspace   ] GC(731) Metaspace: 14261K(15168K)->14261K(15168K) NonClass: 12301K(12864K)->12301K(12864K) Class: 1959K(2304K)->1959K(2304K)
[105.095s][info][gc             ] GC(731) Pause Young (Allocation Failure) 148M->12M(494M) 31.220ms
[105.095s][info][gc,cpu         ] GC(731) User=0.03s Sys=0.00s Real=0.03s
[105.219s][info][gc,start       ] GC(732) Pause Young (Allocation Failure)
[105.252s][info][gc,heap        ] GC(732) DefNew: 140078K(157248K)->302K(157248K) Eden: 139776K(139776K)->0K(139776K) From: 302K(17472K)->302K(17472K)
[105.252s][info][gc,heap        ] GC(732) Tenured: 12118K(349568K)->12139K(349568K)
[105.252s][info][gc,metaspace   ] GC(732) Metaspace: 14261K(15168K)->14261K(15168K) NonClass: 12301K(12864K)->12301K(12864K) Class: 1959K(2304K)->1959K(2304K)
[105.252s][info][gc             ] GC(732) Pause Young (Allocation Failure) 148M->12M(494M) 33.773ms
[105.252s][info][gc,cpu         ] GC(732) User=0.03s Sys=0.00s Real=0.02s
[105.374s][info][gc,start       ] GC(733) Pause Young (Allocation Failure)
[105.399s][info][gc,heap        ] GC(733) DefNew: 140078K(157248K)->301K(157248K) Eden: 139776K(139776K)->0K(139776K) From: 302K(17472K)->301K(17472K)
[105.399s][info][gc,heap        ] GC(733) Tenured: 12139K(349568K)->12159K(349568K)
[105.399s][info][gc,metaspace   ] GC(733) Metaspace: 14261K(15168K)->14261K(15168K) NonClass: 12301K(12864K)->12301K(12864K) Class: 1959K(2304K)->1959K(2304K)
[105.399s][info][gc             ] GC(733) Pause Young (Allocation Failure) 148M->12M(494M) 25.017ms
[105.399s][info][gc,cpu         ] GC(733) User=0.02s Sys=0.00s Real=0.02s
[105.518s][info][gc,start       ] GC(734) Pause Young (Allocation Failure)
[105.543s][info][gc,heap        ] GC(734) DefNew: 140077K(157248K)->298K(157248K) Eden: 139776K(139776K)->0K(139776K) From: 301K(17472K)->298K(17472K)
[105.543s][info][gc,heap        ] GC(734) Tenured: 12159K(349568K)->12179K(349568K)
[105.543s][info][gc,metaspace   ] GC(734) Metaspace: 14261K(15168K)->14261K(15168K) NonClass: 12301K(12864K)->12301K(12864K) Class: 1959K(2304K)->1959K(2304K)
[105.543s][info][gc             ] GC(734) Pause Young (Allocation Failure) 148M->12M(494M) 24.352ms
[105.543s][info][gc,cpu         ] GC(734) User=0.02s Sys=0.00s Real=0.02s
[105.663s][info][gc,start       ] GC(735) Pause Young (Allocation Failure)
[105.695s][info][gc,heap        ] GC(735) DefNew: 140074K(157248K)->297K(157248K) Eden: 139776K(139776K)->0K(139776K) From: 298K(17472K)->297K(17472K)
[105.696s][info][gc,heap        ] GC(735) Tenured: 12179K(349568K)->12200K(349568K)
[105.696s][info][gc,metaspace   ] GC(735) Metaspace: 14261K(15168K)->14261K(15168K) NonClass: 12301K(12864K)->12301K(12864K) Class: 1959K(2304K)->1959K(2304K)
[105.696s][info][gc             ] GC(735) Pause Young (Allocation Failure) 148M->12M(494M) 32.491ms
[105.696s][info][gc,cpu         ] GC(735) User=0.03s Sys=0.00s Real=0.03s
[105.818s][info][gc,start       ] GC(736) Pause Young (Allocation Failure)
[105.851s][info][gc,heap        ] GC(736) DefNew: 140073K(157248K)->300K(157248K) Eden: 139776K(139776K)->0K(139776K) From: 297K(17472K)->300K(17472K)
[105.851s][info][gc,heap        ] GC(736) Tenured: 12200K(349568K)->12218K(349568K)
[105.851s][info][gc,metaspace   ] GC(736) Metaspace: 14261K(15168K)->14261K(15168K) NonClass: 12301K(12864K)->12301K(12864K) Class: 1959K(2304K)->1959K(2304K)
[105.851s][info][gc             ] GC(736) Pause Young (Allocation Failure) 148M->12M(494M) 33.085ms
[105.852s][info][gc,cpu         ] GC(736) User=0.05s Sys=0.00s Real=0.03s
[106.044s][info][gc,start       ] GC(737) Pause Young (Allocation Failure)
[106.084s][info][gc,heap        ] GC(737) DefNew: 140076K(157248K)->301K(157248K) Eden: 139776K(139776K)->0K(139776K) From: 300K(17472K)->301K(17472K)
[106.084s][info][gc,heap        ] GC(737) Tenured: 12218K(349568K)->12238K(349568K)
[106.084s][info][gc,metaspace   ] GC(737) Metaspace: 14261K(15168K)->14261K(15168K) NonClass: 12301K(12864K)->12301K(12864K) Class: 1959K(2304K)->1959K(2304K)
[106.084s][info][gc             ] GC(737) Pause Young (Allocation Failure) 148M->12M(494M) 40.439ms
[106.084s][info][gc,cpu         ] GC(737) User=0.03s Sys=0.00s Real=0.04s
[106.212s][info][gc,start       ] GC(738) Pause Young (Allocation Failure)
[106.243s][info][gc,heap        ] GC(738) DefNew: 140077K(157248K)->301K(157248K) Eden: 139776K(139776K)->0K(139776K) From: 301K(17472K)->301K(17472K)
[106.243s][info][gc,heap        ] GC(738) Tenured: 12238K(349568K)->12259K(349568K)
[106.243s][info][gc,metaspace   ] GC(738) Metaspace: 14261K(15168K)->14261K(15168K) NonClass: 12301K(12864K)->12301K(12864K) Class: 1959K(2304K)->1959K(2304K)
[106.243s][info][gc             ] GC(738) Pause Young (Allocation Failure) 148M->12M(494M) 31.437ms
[106.244s][info][gc,cpu         ] GC(738) User=0.02s Sys=0.00s Real=0.02s
[106.369s][info][gc,start       ] GC(739) Pause Young (Allocation Failure)
[106.398s][info][gc,heap        ] GC(739) DefNew: 140077K(157248K)->301K(157248K) Eden: 139776K(139776K)->0K(139776K) From: 301K(17472K)->301K(17472K)
[106.398s][info][gc,heap        ] GC(739) Tenured: 12259K(349568K)->12280K(349568K)
[106.398s][info][gc,metaspace   ] GC(739) Metaspace: 14261K(15168K)->14261K(15168K) NonClass: 12301K(12864K)->12301K(12864K) Class: 1959K(2304K)->1959K(2304K)
[106.398s][info][gc             ] GC(739) Pause Young (Allocation Failure) 148M->12M(494M) 28.666ms
[106.398s][info][gc,cpu         ] GC(739) User=0.03s Sys=0.00s Real=0.03s
[106.523s][info][gc,start       ] GC(740) Pause Young (Allocation Failure)
[106.551s][info][gc,heap        ] GC(740) DefNew: 140077K(157248K)->304K(157248K) Eden: 139775K(139776K)->0K(139776K) From: 301K(17472K)->304K(17472K)
[106.551s][info][gc,heap        ] GC(740) Tenured: 12280K(349568K)->12297K(349568K)
[106.551s][info][gc,metaspace   ] GC(740) Metaspace: 14261K(15168K)->14261K(15168K) NonClass: 12301K(12864K)->12301K(12864K) Class: 1959K(2304K)->1959K(2304K)
[106.551s][info][gc             ] GC(740) Pause Young (Allocation Failure) 148M->12M(494M) 27.686ms
[106.551s][info][gc,cpu         ] GC(740) User=0.00s Sys=0.00s Real=0.01s
[106.674s][info][gc,start       ] GC(741) Pause Young (Allocation Failure)
[106.695s][info][gc,heap        ] GC(741) DefNew: 140080K(157248K)->306K(157248K) Eden: 139776K(139776K)->0K(139776K) From: 304K(17472K)->306K(17472K)
[106.695s][info][gc,heap        ] GC(741) Tenured: 12297K(349568K)->12315K(349568K)
[106.695s][info][gc,metaspace   ] GC(741) Metaspace: 14261K(15168K)->14261K(15168K) NonClass: 12301K(12864K)->12301K(12864K) Class: 1959K(2304K)->1959K(2304K)
[106.695s][info][gc             ] GC(741) Pause Young (Allocation Failure) 148M->12M(494M) 20.350ms
[106.695s][info][gc,cpu         ] GC(741) User=0.03s Sys=0.00s Real=0.02s
[106.823s][info][gc,start       ] GC(742) Pause Young (Allocation Failure)
[106.843s][info][gc,heap        ] GC(742) DefNew: 140082K(157248K)->309K(157248K) Eden: 139776K(139776K)->0K(139776K) From: 306K(17472K)->309K(17472K)
[106.843s][info][gc,heap        ] GC(742) Tenured: 12315K(349568K)->12333K(349568K)
[106.843s][info][gc,metaspace   ] GC(742) Metaspace: 14261K(15168K)->14261K(15168K) NonClass: 12301K(12864K)->12301K(12864K) Class: 1959K(2304K)->1959K(2304K)
[106.843s][info][gc             ] GC(742) Pause Young (Allocation Failure) 148M->12M(494M) 20.288ms
[106.843s][info][gc,cpu         ] GC(742) User=0.02s Sys=0.00s Real=0.02s
[106.964s][info][gc,start       ] GC(743) Pause Young (Allocation Failure)
[106.985s][info][gc,heap        ] GC(743) DefNew: 140085K(157248K)->313K(157248K) Eden: 139776K(139776K)->0K(139776K) From: 309K(17472K)->313K(17472K)
[106.985s][info][gc,heap        ] GC(743) Tenured: 12333K(349568K)->12350K(349568K)
[106.985s][info][gc,metaspace   ] GC(743) Metaspace: 14261K(15168K)->14261K(15168K) NonClass: 12301K(12864K)->12301K(12864K) Class: 1959K(2304K)->1959K(2304K)
[106.985s][info][gc             ] GC(743) Pause Young (Allocation Failure) 148M->12M(494M) 20.576ms
[106.985s][info][gc,cpu         ] GC(743) User=0.02s Sys=0.00s Real=0.01s
[107.104s][info][gc,start       ] GC(744) Pause Young (Allocation Failure)
[107.125s][info][gc,heap        ] GC(744) DefNew: 140089K(157248K)->313K(157248K) Eden: 139776K(139776K)->0K(139776K) From: 313K(17472K)->313K(17472K)
[107.125s][info][gc,heap        ] GC(744) Tenured: 12350K(349568K)->12371K(349568K)
[107.125s][info][gc,metaspace   ] GC(744) Metaspace: 14261K(15168K)->14261K(15168K) NonClass: 12301K(12864K)->12301K(12864K) Class: 1959K(2304K)->1959K(2304K)
[107.125s][info][gc             ] GC(744) Pause Young (Allocation Failure) 148M->12M(494M) 20.892ms
[107.125s][info][gc,cpu         ] GC(744) User=0.02s Sys=0.00s Real=0.01s
[107.244s][info][gc,start       ] GC(745) Pause Young (Allocation Failure)
[107.266s][info][gc,heap        ] GC(745) DefNew: 140089K(157248K)->310K(157248K) Eden: 139776K(139776K)->0K(139776K) From: 313K(17472K)->310K(17472K)
[107.266s][info][gc,heap        ] GC(745) Tenured: 12371K(349568K)->12391K(349568K)
[107.266s][info][gc,metaspace   ] GC(745) Metaspace: 14261K(15168K)->14261K(15168K) NonClass: 12301K(12864K)->12301K(12864K) Class: 1959K(2304K)->1959K(2304K)
[107.266s][info][gc             ] GC(745) Pause Young (Allocation Failure) 148M->12M(494M) 21.618ms
[107.266s][info][gc,cpu         ] GC(745) User=0.02s Sys=0.00s Real=0.01s
[107.386s][info][gc,start       ] GC(746) Pause Young (Allocation Failure)
[107.414s][info][gc,heap        ] GC(746) DefNew: 140086K(157248K)->310K(157248K) Eden: 139776K(139776K)->0K(139776K) From: 310K(17472K)->310K(17472K)
[107.414s][info][gc,heap        ] GC(746) Tenured: 12391K(349568K)->12412K(349568K)
[107.414s][info][gc,metaspace   ] GC(746) Metaspace: 14261K(15168K)->14261K(15168K) NonClass: 12301K(12864K)->12301K(12864K) Class: 1959K(2304K)->1959K(2304K)
[107.414s][info][gc             ] GC(746) Pause Young (Allocation Failure) 148M->12M(494M) 28.335ms
[107.414s][info][gc,cpu         ] GC(746) User=0.03s Sys=0.00s Real=0.03s
[107.535s][info][gc,start       ] GC(747) Pause Young (Allocation Failure)
[107.563s][info][gc,heap        ] GC(747) DefNew: 140086K(157248K)->310K(157248K) Eden: 139776K(139776K)->0K(139776K) From: 310K(17472K)->310K(17472K)
[107.563s][info][gc,heap        ] GC(747) Tenured: 12412K(349568K)->12433K(349568K)
[107.563s][info][gc,metaspace   ] GC(747) Metaspace: 14261K(15168K)->14261K(15168K) NonClass: 12301K(12864K)->12301K(12864K) Class: 1959K(2304K)->1959K(2304K)
[107.563s][info][gc             ] GC(747) Pause Young (Allocation Failure) 148M->12M(494M) 27.905ms
[107.563s][info][gc,cpu         ] GC(747) User=0.03s Sys=0.00s Real=0.03s
[107.685s][info][gc,start       ] GC(748) Pause Young (Allocation Failure)
[107.715s][info][gc,heap        ] GC(748) DefNew: 140086K(157248K)->314K(157248K) Eden: 139776K(139776K)->0K(139776K) From: 310K(17472K)->314K(17472K)
[107.715s][info][gc,heap        ] GC(748) Tenured: 12433K(349568K)->12450K(349568K)
[107.715s][info][gc,metaspace   ] GC(748) Metaspace: 14261K(15168K)->14261K(15168K) NonClass: 12301K(12864K)->12301K(12864K) Class: 1959K(2304K)->1959K(2304K)
[107.715s][info][gc             ] GC(748) Pause Young (Allocation Failure) 148M->12M(494M) 29.748ms
[107.715s][info][gc,cpu         ] GC(748) User=0.03s Sys=0.00s Real=0.03s
[107.836s][info][gc,start       ] GC(749) Pause Young (Allocation Failure)
[107.865s][info][gc,heap        ] GC(749) DefNew: 140090K(157248K)->313K(157248K) Eden: 139776K(139776K)->0K(139776K) From: 314K(17472K)->313K(17472K)
[107.865s][info][gc,heap        ] GC(749) Tenured: 12450K(349568K)->12468K(349568K)
[107.865s][info][gc,metaspace   ] GC(749) Metaspace: 14261K(15168K)->14261K(15168K) NonClass: 12301K(12864K)->12301K(12864K) Class: 1959K(2304K)->1959K(2304K)
[107.865s][info][gc             ] GC(749) Pause Young (Allocation Failure) 148M->12M(494M) 29.284ms
[107.865s][info][gc,cpu         ] GC(749) User=0.02s Sys=0.00s Real=0.01s
[107.987s][info][gc,start       ] GC(750) Pause Young (Allocation Failure)
[108.018s][info][gc,heap        ] GC(750) DefNew: 140089K(157248K)->314K(157248K) Eden: 139776K(139776K)->0K(139776K) From: 313K(17472K)->314K(17472K)
[108.018s][info][gc,heap        ] GC(750) Tenured: 12468K(349568K)->12489K(349568K)
[108.018s][info][gc,metaspace   ] GC(750) Metaspace: 14261K(15168K)->14261K(15168K) NonClass: 12301K(12864K)->12301K(12864K) Class: 1959K(2304K)->1959K(2304K)
[108.019s][info][gc             ] GC(750) Pause Young (Allocation Failure) 148M->12M(494M) 31.070ms
[108.019s][info][gc,cpu         ] GC(750) User=0.03s Sys=0.00s Real=0.02s
[108.141s][info][gc,start       ] GC(751) Pause Young (Allocation Failure)
[108.171s][info][gc,heap        ] GC(751) DefNew: 140090K(157248K)->313K(157248K) Eden: 139776K(139776K)->0K(139776K) From: 314K(17472K)->313K(17472K)
[108.171s][info][gc,heap        ] GC(751) Tenured: 12489K(349568K)->12509K(349568K)
[108.171s][info][gc,metaspace   ] GC(751) Metaspace: 14261K(15168K)->14261K(15168K) NonClass: 12301K(12864K)->12301K(12864K) Class: 1959K(2304K)->1959K(2304K)
[108.171s][info][gc             ] GC(751) Pause Young (Allocation Failure) 149M->12M(494M) 30.259ms
[108.171s][info][gc,cpu         ] GC(751) User=0.02s Sys=0.02s Real=0.03s
[108.292s][info][gc,start       ] GC(752) Pause Young (Allocation Failure)
[108.322s][info][gc,heap        ] GC(752) DefNew: 140089K(157248K)->312K(157248K) Eden: 139776K(139776K)->0K(139776K) From: 313K(17472K)->312K(17472K)
[108.322s][info][gc,heap        ] GC(752) Tenured: 12509K(349568K)->12531K(349568K)
[108.322s][info][gc,metaspace   ] GC(752) Metaspace: 14261K(15168K)->14261K(15168K) NonClass: 12301K(12864K)->12301K(12864K) Class: 1959K(2304K)->1959K(2304K)
[108.322s][info][gc             ] GC(752) Pause Young (Allocation Failure) 149M->12M(494M) 30.647ms
[108.322s][info][gc,cpu         ] GC(752) User=0.02s Sys=0.00s Real=0.02s
[108.443s][info][gc,start       ] GC(753) Pause Young (Allocation Failure)
[108.473s][info][gc,heap        ] GC(753) DefNew: 140088K(157248K)->312K(157248K) Eden: 139776K(139776K)->0K(139776K) From: 312K(17472K)->312K(17472K)
[108.473s][info][gc,heap        ] GC(753) Tenured: 12531K(349568K)->12552K(349568K)
[108.473s][info][gc,metaspace   ] GC(753) Metaspace: 14261K(15168K)->14261K(15168K) NonClass: 12301K(12864K)->12301K(12864K) Class: 1959K(2304K)->1959K(2304K)
[108.473s][info][gc             ] GC(753) Pause Young (Allocation Failure) 149M->12M(494M) 30.658ms
[108.473s][info][gc,cpu         ] GC(753) User=0.02s Sys=0.00s Real=0.02s
[108.596s][info][gc,start       ] GC(754) Pause Young (Allocation Failure)
[108.628s][info][gc,heap        ] GC(754) DefNew: 140088K(157248K)->313K(157248K) Eden: 139776K(139776K)->0K(139776K) From: 312K(17472K)->313K(17472K)
[108.628s][info][gc,heap        ] GC(754) Tenured: 12552K(349568K)->12572K(349568K)
[108.628s][info][gc,metaspace   ] GC(754) Metaspace: 14261K(15168K)->14261K(15168K) NonClass: 12301K(12864K)->12301K(12864K) Class: 1959K(2304K)->1959K(2304K)
[108.628s][info][gc             ] GC(754) Pause Young (Allocation Failure) 149M->12M(494M) 32.555ms
[108.628s][info][gc,cpu         ] GC(754) User=0.03s Sys=0.00s Real=0.03s
[108.752s][info][gc,start       ] GC(755) Pause Young (Allocation Failure)
[108.776s][info][gc,heap        ] GC(755) DefNew: 140089K(157248K)->313K(157248K) Eden: 139776K(139776K)->0K(139776K) From: 313K(17472K)->313K(17472K)
[108.776s][info][gc,heap        ] GC(755) Tenured: 12572K(349568K)->12593K(349568K)
[108.776s][info][gc,metaspace   ] GC(755) Metaspace: 14261K(15168K)->14261K(15168K) NonClass: 12301K(12864K)->12301K(12864K) Class: 1959K(2304K)->1959K(2304K)
[108.776s][info][gc             ] GC(755) Pause Young (Allocation Failure) 149M->12M(494M) 23.916ms
[108.776s][info][gc,cpu         ] GC(755) User=0.02s Sys=0.00s Real=0.01s
[108.896s][info][gc,start       ] GC(756) Pause Young (Allocation Failure)
[108.919s][info][gc,heap        ] GC(756) DefNew: 140089K(157248K)->309K(157248K) Eden: 139776K(139776K)->0K(139776K) From: 313K(17472K)->309K(17472K)
[108.919s][info][gc,heap        ] GC(756) Tenured: 12593K(349568K)->12613K(349568K)
[108.919s][info][gc,metaspace   ] GC(756) Metaspace: 14261K(15168K)->14261K(15168K) NonClass: 12301K(12864K)->12301K(12864K) Class: 1959K(2304K)->1959K(2304K)
[108.919s][info][gc             ] GC(756) Pause Young (Allocation Failure) 149M->12M(494M) 23.374ms
[108.919s][info][gc,cpu         ] GC(756) User=0.03s Sys=0.00s Real=0.02s
[109.039s][info][gc,start       ] GC(757) Pause Young (Allocation Failure)
[109.063s][info][gc,heap        ] GC(757) DefNew: 140085K(157248K)->310K(157248K) Eden: 139776K(139776K)->0K(139776K) From: 309K(17472K)->310K(17472K)
[109.063s][info][gc,heap        ] GC(757) Tenured: 12613K(349568K)->12634K(349568K)
[109.063s][info][gc,metaspace   ] GC(757) Metaspace: 14261K(15168K)->14261K(15168K) NonClass: 12301K(12864K)->12301K(12864K) Class: 1959K(2304K)->1959K(2304K)
[109.063s][info][gc             ] GC(757) Pause Young (Allocation Failure) 149M->12M(494M) 23.600ms
[109.063s][info][gc,cpu         ] GC(757) User=0.02s Sys=0.00s Real=0.02s
[109.183s][info][gc,start       ] GC(758) Pause Young (Allocation Failure)
[109.207s][info][gc,heap        ] GC(758) DefNew: 140086K(157248K)->310K(157248K) Eden: 139776K(139776K)->0K(139776K) From: 310K(17472K)->310K(17472K)
[109.207s][info][gc,heap        ] GC(758) Tenured: 12634K(349568K)->12655K(349568K)
[109.207s][info][gc,metaspace   ] GC(758) Metaspace: 14261K(15168K)->14261K(15168K) NonClass: 12301K(12864K)->12301K(12864K) Class: 1959K(2304K)->1959K(2304K)
[109.207s][info][gc             ] GC(758) Pause Young (Allocation Failure) 149M->12M(494M) 24.404ms
[109.207s][info][gc,cpu         ] GC(758) User=0.02s Sys=0.00s Real=0.02s
[109.327s][info][gc,start       ] GC(759) Pause Young (Allocation Failure)
[109.352s][info][gc,heap        ] GC(759) DefNew: 140086K(157248K)->307K(157248K) Eden: 139776K(139776K)->0K(139776K) From: 310K(17472K)->307K(17472K)
[109.352s][info][gc,heap        ] GC(759) Tenured: 12655K(349568K)->12675K(349568K)
[109.352s][info][gc,metaspace   ] GC(759) Metaspace: 14261K(15168K)->14261K(15168K) NonClass: 12301K(12864K)->12301K(12864K) Class: 1959K(2304K)->1959K(2304K)
[109.352s][info][gc             ] GC(759) Pause Young (Allocation Failure) 149M->12M(494M) 24.500ms
[109.352s][info][gc,cpu         ] GC(759) User=0.03s Sys=0.00s Real=0.02s
[109.471s][info][gc,start       ] GC(760) Pause Young (Allocation Failure)
[109.504s][info][gc,heap        ] GC(760) DefNew: 140083K(157248K)->310K(157248K) Eden: 139776K(139776K)->0K(139776K) From: 307K(17472K)->310K(17472K)
[109.504s][info][gc,heap        ] GC(760) Tenured: 12675K(349568K)->12693K(349568K)
[109.504s][info][gc,metaspace   ] GC(760) Metaspace: 14261K(15168K)->14261K(15168K) NonClass: 12301K(12864K)->12301K(12864K) Class: 1959K(2304K)->1959K(2304K)
[109.504s][info][gc             ] GC(760) Pause Young (Allocation Failure) 149M->12M(494M) 32.730ms
[109.504s][info][gc,cpu         ] GC(760) User=0.03s Sys=0.00s Real=0.03s
[109.625s][info][gc,start       ] GC(761) Pause Young (Allocation Failure)
[109.660s][info][gc,heap        ] GC(761) DefNew: 140086K(157248K)->306K(157248K) Eden: 139776K(139776K)->0K(139776K) From: 310K(17472K)->306K(17472K)
[109.660s][info][gc,heap        ] GC(761) Tenured: 12693K(349568K)->12714K(349568K)
[109.660s][info][gc,metaspace   ] GC(761) Metaspace: 14261K(15168K)->14261K(15168K) NonClass: 12301K(12864K)->12301K(12864K) Class: 1959K(2304K)->1959K(2304K)
[109.660s][info][gc             ] GC(761) Pause Young (Allocation Failure) 149M->12M(494M) 34.732ms
[109.660s][info][gc,cpu         ] GC(761) User=0.02s Sys=0.00s Real=0.02s
[109.785s][info][gc,start       ] GC(762) Pause Young (Allocation Failure)
[109.818s][info][gc,heap        ] GC(762) DefNew: 140082K(157248K)->306K(157248K) Eden: 139776K(139776K)->0K(139776K) From: 306K(17472K)->306K(17472K)
[109.818s][info][gc,heap        ] GC(762) Tenured: 12714K(349568K)->12735K(349568K)
[109.818s][info][gc,metaspace   ] GC(762) Metaspace: 14261K(15168K)->14261K(15168K) NonClass: 12301K(12864K)->12301K(12864K) Class: 1959K(2304K)->1959K(2304K)
[109.818s][info][gc             ] GC(762) Pause Young (Allocation Failure) 149M->12M(494M) 33.323ms
[109.818s][info][gc,cpu         ] GC(762) User=0.03s Sys=0.00s Real=0.02s
[110.016s][info][gc,start       ] GC(763) Pause Young (Allocation Failure)
[110.055s][info][gc,heap        ] GC(763) DefNew: 140082K(157248K)->306K(157248K) Eden: 139776K(139776K)->0K(139776K) From: 306K(17472K)->306K(17472K)
[110.056s][info][gc,heap        ] GC(763) Tenured: 12735K(349568K)->12756K(349568K)
[110.056s][info][gc,metaspace   ] GC(763) Metaspace: 14261K(15168K)->14261K(15168K) NonClass: 12301K(12864K)->12301K(12864K) Class: 1959K(2304K)->1959K(2304K)
[110.056s][info][gc             ] GC(763) Pause Young (Allocation Failure) 149M->12M(494M) 39.726ms
[110.056s][info][gc,cpu         ] GC(763) User=0.03s Sys=0.00s Real=0.03s
[110.186s][info][gc,start       ] GC(764) Pause Young (Allocation Failure)
[110.210s][info][gc,heap        ] GC(764) DefNew: 140082K(157248K)->309K(157248K) Eden: 139776K(139776K)->0K(139776K) From: 306K(17472K)->309K(17472K)
[110.210s][info][gc,heap        ] GC(764) Tenured: 12756K(349568K)->12774K(349568K)
[110.210s][info][gc,metaspace   ] GC(764) Metaspace: 14261K(15168K)->14261K(15168K) NonClass: 12301K(12864K)->12301K(12864K) Class: 1959K(2304K)->1959K(2304K)
[110.210s][info][gc             ] GC(764) Pause Young (Allocation Failure) 149M->12M(494M) 24.395ms
[110.210s][info][gc,cpu         ] GC(764) User=0.02s Sys=0.00s Real=0.02s
[110.334s][info][gc,start       ] GC(765) Pause Young (Allocation Failure)
[110.357s][info][gc,heap        ] GC(765) DefNew: 140085K(157248K)->308K(157248K) Eden: 139776K(139776K)->0K(139776K) From: 309K(17472K)->308K(17472K)
[110.357s][info][gc,heap        ] GC(765) Tenured: 12774K(349568K)->12794K(349568K)
[110.357s][info][gc,metaspace   ] GC(765) Metaspace: 14261K(15168K)->14261K(15168K) NonClass: 12301K(12864K)->12301K(12864K) Class: 1959K(2304K)->1959K(2304K)
[110.358s][info][gc             ] GC(765) Pause Young (Allocation Failure) 149M->12M(494M) 23.074ms
[110.358s][info][gc,cpu         ] GC(765) User=0.02s Sys=0.00s Real=0.01s
[110.479s][info][gc,start       ] GC(766) Pause Young (Allocation Failure)
[110.499s][info][gc,heap        ] GC(766) DefNew: 140084K(157248K)->307K(157248K) Eden: 139776K(139776K)->0K(139776K) From: 308K(17472K)->307K(17472K)
[110.499s][info][gc,heap        ] GC(766) Tenured: 12794K(349568K)->12815K(349568K)
[110.499s][info][gc,metaspace   ] GC(766) Metaspace: 14261K(15168K)->14261K(15168K) NonClass: 12301K(12864K)->12301K(12864K) Class: 1959K(2304K)->1959K(2304K)
[110.500s][info][gc             ] GC(766) Pause Young (Allocation Failure) 149M->12M(494M) 20.829ms
[110.500s][info][gc,cpu         ] GC(766) User=0.02s Sys=0.00s Real=0.02s
[110.621s][info][gc,start       ] GC(767) Pause Young (Allocation Failure)
[110.642s][info][gc,heap        ] GC(767) DefNew: 140083K(157248K)->306K(157248K) Eden: 139776K(139776K)->0K(139776K) From: 307K(17472K)->306K(17472K)
[110.642s][info][gc,heap        ] GC(767) Tenured: 12815K(349568K)->12836K(349568K)
[110.642s][info][gc,metaspace   ] GC(767) Metaspace: 14261K(15168K)->14261K(15168K) NonClass: 12301K(12864K)->12301K(12864K) Class: 1959K(2304K)->1959K(2304K)
[110.642s][info][gc             ] GC(767) Pause Young (Allocation Failure) 149M->12M(494M) 20.537ms
[110.642s][info][gc,cpu         ] GC(767) User=0.00s Sys=0.00s Real=0.01s
[110.774s][info][gc,start       ] GC(768) Pause Young (Allocation Failure)
[110.800s][info][gc,heap        ] GC(768) DefNew: 140082K(157248K)->306K(157248K) Eden: 139776K(139776K)->0K(139776K) From: 306K(17472K)->306K(17472K)
[110.800s][info][gc,heap        ] GC(768) Tenured: 12836K(349568K)->12856K(349568K)
[110.800s][info][gc,metaspace   ] GC(768) Metaspace: 14261K(15168K)->14261K(15168K) NonClass: 12301K(12864K)->12301K(12864K) Class: 1959K(2304K)->1959K(2304K)
[110.800s][info][gc             ] GC(768) Pause Young (Allocation Failure) 149M->12M(494M) 26.020ms
[110.800s][info][gc,cpu         ] GC(768) User=0.02s Sys=0.00s Real=0.03s
[110.924s][info][gc,start       ] GC(769) Pause Young (Allocation Failure)
[110.951s][info][gc,heap        ] GC(769) DefNew: 140082K(157248K)->306K(157248K) Eden: 139776K(139776K)->0K(139776K) From: 306K(17472K)->306K(17472K)
[110.951s][info][gc,heap        ] GC(769) Tenured: 12856K(349568K)->12877K(349568K)
[110.951s][info][gc,metaspace   ] GC(769) Metaspace: 14261K(15168K)->14261K(15168K) NonClass: 12301K(12864K)->12301K(12864K) Class: 1959K(2304K)->1959K(2304K)
[110.951s][info][gc             ] GC(769) Pause Young (Allocation Failure) 149M->12M(494M) 26.758ms
[110.951s][info][gc,cpu         ] GC(769) User=0.03s Sys=0.00s Real=0.03s
[111.071s][info][gc,start       ] GC(770) Pause Young (Allocation Failure)
[111.099s][info][gc,heap        ] GC(770) DefNew: 140082K(157248K)->306K(157248K) Eden: 139776K(139776K)->0K(139776K) From: 306K(17472K)->306K(17472K)
[111.099s][info][gc,heap        ] GC(770) Tenured: 12877K(349568K)->12898K(349568K)
[111.099s][info][gc,metaspace   ] GC(770) Metaspace: 14261K(15168K)->14261K(15168K) NonClass: 12301K(12864K)->12301K(12864K) Class: 1959K(2304K)->1959K(2304K)
[111.099s][info][gc             ] GC(770) Pause Young (Allocation Failure) 149M->12M(494M) 28.695ms
[111.099s][info][gc,cpu         ] GC(770) User=0.02s Sys=0.00s Real=0.02s
[111.220s][info][gc,start       ] GC(771) Pause Young (Allocation Failure)
[111.242s][info][gc,heap        ] GC(771) DefNew: 140082K(157248K)->307K(157248K) Eden: 139776K(139776K)->0K(139776K) From: 306K(17472K)->307K(17472K)
[111.242s][info][gc,heap        ] GC(771) Tenured: 12898K(349568K)->12915K(349568K)
[111.242s][info][gc,metaspace   ] GC(771) Metaspace: 14261K(15168K)->14261K(15168K) NonClass: 12301K(12864K)->12301K(12864K) Class: 1959K(2304K)->1959K(2304K)
[111.242s][info][gc             ] GC(771) Pause Young (Allocation Failure) 149M->12M(494M) 22.349ms
[111.242s][info][gc,cpu         ] GC(771) User=0.03s Sys=0.00s Real=0.02s
[111.359s][info][gc,start       ] GC(772) Pause Young (Allocation Failure)
[111.380s][info][gc,heap        ] GC(772) DefNew: 140083K(157248K)->303K(157248K) Eden: 139776K(139776K)->0K(139776K) From: 307K(17472K)->303K(17472K)
[111.381s][info][gc,heap        ] GC(772) Tenured: 12915K(349568K)->12936K(349568K)
[111.381s][info][gc,metaspace   ] GC(772) Metaspace: 14261K(15168K)->14261K(15168K) NonClass: 12301K(12864K)->12301K(12864K) Class: 1959K(2304K)->1959K(2304K)
[111.381s][info][gc             ] GC(772) Pause Young (Allocation Failure) 149M->12M(494M) 21.213ms
[111.381s][info][gc,cpu         ] GC(772) User=0.02s Sys=0.00s Real=0.02s
[111.498s][info][gc,start       ] GC(773) Pause Young (Allocation Failure)
[111.526s][info][gc,heap        ] GC(773) DefNew: 140079K(157248K)->304K(157248K) Eden: 139776K(139776K)->0K(139776K) From: 303K(17472K)->304K(17472K)
[111.526s][info][gc,heap        ] GC(773) Tenured: 12936K(349568K)->12956K(349568K)
[111.526s][info][gc,metaspace   ] GC(773) Metaspace: 14261K(15168K)->14261K(15168K) NonClass: 12301K(12864K)->12301K(12864K) Class: 1959K(2304K)->1959K(2304K)
[111.526s][info][gc             ] GC(773) Pause Young (Allocation Failure) 149M->12M(494M) 27.924ms
[111.526s][info][gc,cpu         ] GC(773) User=0.02s Sys=0.00s Real=0.01s
[111.648s][info][gc,start       ] GC(774) Pause Young (Allocation Failure)
[111.676s][info][gc,heap        ] GC(774) DefNew: 140080K(157248K)->306K(157248K) Eden: 139776K(139776K)->0K(139776K) From: 304K(17472K)->306K(17472K)
[111.676s][info][gc,heap        ] GC(774) Tenured: 12956K(349568K)->12974K(349568K)
[111.676s][info][gc,metaspace   ] GC(774) Metaspace: 14261K(15168K)->14261K(15168K) NonClass: 12301K(12864K)->12301K(12864K) Class: 1959K(2304K)->1959K(2304K)
[111.676s][info][gc             ] GC(774) Pause Young (Allocation Failure) 149M->12M(494M) 28.211ms
[111.676s][info][gc,cpu         ] GC(774) User=0.00s Sys=0.00s Real=0.01s
[111.796s][info][gc,start       ] GC(775) Pause Young (Allocation Failure)
[111.825s][info][gc,heap        ] GC(775) DefNew: 140082K(157248K)->303K(157248K) Eden: 139776K(139776K)->0K(139776K) From: 306K(17472K)->303K(17472K)
[111.825s][info][gc,heap        ] GC(775) Tenured: 12974K(349568K)->12995K(349568K)
[111.825s][info][gc,metaspace   ] GC(775) Metaspace: 14261K(15168K)->14261K(15168K) NonClass: 12301K(12864K)->12301K(12864K) Class: 1959K(2304K)->1959K(2304K)
[111.826s][info][gc             ] GC(775) Pause Young (Allocation Failure) 149M->12M(494M) 29.202ms
[111.826s][info][gc,cpu         ] GC(775) User=0.03s Sys=0.00s Real=0.03s
[111.947s][info][gc,start       ] GC(776) Pause Young (Allocation Failure)
[111.977s][info][gc,heap        ] GC(776) DefNew: 140079K(157248K)->306K(157248K) Eden: 139776K(139776K)->0K(139776K) From: 303K(17472K)->306K(17472K)
[111.977s][info][gc,heap        ] GC(776) Tenured: 12995K(349568K)->13013K(349568K)
[111.977s][info][gc,metaspace   ] GC(776) Metaspace: 14261K(15168K)->14261K(15168K) NonClass: 12301K(12864K)->12301K(12864K) Class: 1959K(2304K)->1959K(2304K)
[111.977s][info][gc             ] GC(776) Pause Young (Allocation Failure) 149M->13M(494M) 29.435ms
[111.977s][info][gc,cpu         ] GC(776) User=0.02s Sys=0.00s Real=0.02s
[112.098s][info][gc,start       ] GC(777) Pause Young (Allocation Failure)
[112.129s][info][gc,heap        ] GC(777) DefNew: 140082K(157248K)->304K(157248K) Eden: 139776K(139776K)->0K(139776K) From: 306K(17472K)->304K(17472K)
[112.129s][info][gc,heap        ] GC(777) Tenured: 13013K(349568K)->13033K(349568K)
[112.129s][info][gc,metaspace   ] GC(777) Metaspace: 14261K(15168K)->14261K(15168K) NonClass: 12301K(12864K)->12301K(12864K) Class: 1959K(2304K)->1959K(2304K)
[112.129s][info][gc             ] GC(777) Pause Young (Allocation Failure) 149M->13M(494M) 31.372ms
[112.129s][info][gc,cpu         ] GC(777) User=0.03s Sys=0.00s Real=0.02s
[112.250s][info][gc,start       ] GC(778) Pause Young (Allocation Failure)
[112.272s][info][gc,heap        ] GC(778) DefNew: 140080K(157248K)->301K(157248K) Eden: 139776K(139776K)->0K(139776K) From: 304K(17472K)->301K(17472K)
[112.272s][info][gc,heap        ] GC(778) Tenured: 13033K(349568K)->13054K(349568K)
[112.272s][info][gc,metaspace   ] GC(778) Metaspace: 14261K(15168K)->14261K(15168K) NonClass: 12301K(12864K)->12301K(12864K) Class: 1959K(2304K)->1959K(2304K)
[112.272s][info][gc             ] GC(778) Pause Young (Allocation Failure) 149M->13M(494M) 22.428ms
[112.272s][info][gc,cpu         ] GC(778) User=0.02s Sys=0.00s Real=0.01s
[112.394s][info][gc,start       ] GC(779) Pause Young (Allocation Failure)
[112.417s][info][gc,heap        ] GC(779) DefNew: 140077K(157248K)->300K(157248K) Eden: 139776K(139776K)->0K(139776K) From: 301K(17472K)->300K(17472K)
[112.417s][info][gc,heap        ] GC(779) Tenured: 13054K(349568K)->13075K(349568K)
[112.417s][info][gc,metaspace   ] GC(779) Metaspace: 14261K(15168K)->14261K(15168K) NonClass: 12301K(12864K)->12301K(12864K) Class: 1959K(2304K)->1959K(2304K)
[112.417s][info][gc             ] GC(779) Pause Young (Allocation Failure) 149M->13M(494M) 22.889ms
[112.417s][info][gc,cpu         ] GC(779) User=0.03s Sys=0.00s Real=0.02s
[112.536s][info][gc,start       ] GC(780) Pause Young (Allocation Failure)
[112.567s][info][gc,heap        ] GC(780) DefNew: 140076K(157248K)->300K(157248K) Eden: 139776K(139776K)->0K(139776K) From: 300K(17472K)->300K(17472K)
[112.567s][info][gc,heap        ] GC(780) Tenured: 13075K(349568K)->13095K(349568K)
[112.567s][info][gc,metaspace   ] GC(780) Metaspace: 14261K(15168K)->14261K(15168K) NonClass: 12301K(12864K)->12301K(12864K) Class: 1959K(2304K)->1959K(2304K)
[112.568s][info][gc             ] GC(780) Pause Young (Allocation Failure) 149M->13M(494M) 31.161ms
[112.568s][info][gc,cpu         ] GC(780) User=0.03s Sys=0.00s Real=0.03s
[112.689s][info][gc,start       ] GC(781) Pause Young (Allocation Failure)
[112.720s][info][gc,heap        ] GC(781) DefNew: 140076K(157248K)->304K(157248K) Eden: 139776K(139776K)->0K(139776K) From: 300K(17472K)->304K(17472K)
[112.720s][info][gc,heap        ] GC(781) Tenured: 13095K(349568K)->13113K(349568K)
[112.720s][info][gc,metaspace   ] GC(781) Metaspace: 14261K(15168K)->14261K(15168K) NonClass: 12301K(12864K)->12301K(12864K) Class: 1959K(2304K)->1959K(2304K)
[112.720s][info][gc             ] GC(781) Pause Young (Allocation Failure) 149M->13M(494M) 31.151ms
[112.720s][info][gc,cpu         ] GC(781) User=0.03s Sys=0.00s Real=0.02s
[112.842s][info][gc,start       ] GC(782) Pause Young (Allocation Failure)
[112.874s][info][gc,heap        ] GC(782) DefNew: 140080K(157248K)->303K(157248K) Eden: 139776K(139776K)->0K(139776K) From: 304K(17472K)->303K(17472K)
[112.874s][info][gc,heap        ] GC(782) Tenured: 13113K(349568K)->13134K(349568K)
[112.874s][info][gc,metaspace   ] GC(782) Metaspace: 14261K(15168K)->14261K(15168K) NonClass: 12301K(12864K)->12301K(12864K) Class: 1959K(2304K)->1959K(2304K)
[112.874s][info][gc             ] GC(782) Pause Young (Allocation Failure) 149M->13M(494M) 31.654ms
[112.874s][info][gc,cpu         ] GC(782) User=0.03s Sys=0.00s Real=0.03s
[112.997s][info][gc,start       ] GC(783) Pause Young (Allocation Failure)
[113.028s][info][gc,heap        ] GC(783) DefNew: 140079K(157248K)->304K(157248K) Eden: 139776K(139776K)->0K(139776K) From: 303K(17472K)->304K(17472K)
[113.028s][info][gc,heap        ] GC(783) Tenured: 13134K(349568K)->13154K(349568K)
[113.028s][info][gc,metaspace   ] GC(783) Metaspace: 14261K(15168K)->14261K(15168K) NonClass: 12301K(12864K)->12301K(12864K) Class: 1959K(2304K)->1959K(2304K)
[113.028s][info][gc             ] GC(783) Pause Young (Allocation Failure) 149M->13M(494M) 31.631ms
[113.028s][info][gc,cpu         ] GC(783) User=0.02s Sys=0.00s Real=0.03s
[113.150s][info][gc,start       ] GC(784) Pause Young (Allocation Failure)
[113.182s][info][gc,heap        ] GC(784) DefNew: 140080K(157248K)->303K(157248K) Eden: 139776K(139776K)->0K(139776K) From: 304K(17472K)->303K(17472K)
[113.182s][info][gc,heap        ] GC(784) Tenured: 13154K(349568K)->13175K(349568K)
[113.182s][info][gc,metaspace   ] GC(784) Metaspace: 14261K(15168K)->14261K(15168K) NonClass: 12301K(12864K)->12301K(12864K) Class: 1959K(2304K)->1959K(2304K)
[113.182s][info][gc             ] GC(784) Pause Young (Allocation Failure) 149M->13M(494M) 32.321ms
[113.182s][info][gc,cpu         ] GC(784) User=0.03s Sys=0.00s Real=0.03s
[113.303s][info][gc,start       ] GC(785) Pause Young (Allocation Failure)
[113.338s][info][gc,heap        ] GC(785) DefNew: 140079K(157248K)->303K(157248K) Eden: 139776K(139776K)->0K(139776K) From: 303K(17472K)->303K(17472K)
[113.338s][info][gc,heap        ] GC(785) Tenured: 13175K(349568K)->13195K(349568K)
[113.338s][info][gc,metaspace   ] GC(785) Metaspace: 14261K(15168K)->14261K(15168K) NonClass: 12301K(12864K)->12301K(12864K) Class: 1959K(2304K)->1959K(2304K)
[113.338s][info][gc             ] GC(785) Pause Young (Allocation Failure) 149M->13M(494M) 34.413ms
[113.338s][info][gc,cpu         ] GC(785) User=0.03s Sys=0.00s Real=0.03s
[113.462s][info][gc,start       ] GC(786) Pause Young (Allocation Failure)
[113.495s][info][gc,heap        ] GC(786) DefNew: 140079K(157248K)->307K(157248K) Eden: 139776K(139776K)->0K(139776K) From: 303K(17472K)->307K(17472K)
[113.495s][info][gc,heap        ] GC(786) Tenured: 13195K(349568K)->13213K(349568K)
[113.495s][info][gc,metaspace   ] GC(786) Metaspace: 14261K(15168K)->14261K(15168K) NonClass: 12301K(12864K)->12301K(12864K) Class: 1959K(2304K)->1959K(2304K)
[113.495s][info][gc             ] GC(786) Pause Young (Allocation Failure) 149M->13M(494M) 33.015ms
[113.495s][info][gc,cpu         ] GC(786) User=0.02s Sys=0.00s Real=0.02s
[113.617s][info][gc,start       ] GC(787) Pause Young (Allocation Failure)
[113.651s][info][gc,heap        ] GC(787) DefNew: 140083K(157248K)->309K(157248K) Eden: 139776K(139776K)->0K(139776K) From: 307K(17472K)->309K(17472K)
[113.651s][info][gc,heap        ] GC(787) Tenured: 13213K(349568K)->13231K(349568K)
[113.651s][info][gc,metaspace   ] GC(787) Metaspace: 14261K(15168K)->14261K(15168K) NonClass: 12301K(12864K)->12301K(12864K) Class: 1959K(2304K)->1959K(2304K)
[113.651s][info][gc             ] GC(787) Pause Young (Allocation Failure) 149M->13M(494M) 34.332ms
[113.651s][info][gc,cpu         ] GC(787) User=0.03s Sys=0.00s Real=0.03s
[113.774s][info][gc,start       ] GC(788) Pause Young (Allocation Failure)
[113.799s][info][gc,heap        ] GC(788) DefNew: 140026K(157248K)->307K(157248K) Eden: 139717K(139776K)->0K(139776K) From: 309K(17472K)->307K(17472K)
[113.799s][info][gc,heap        ] GC(788) Tenured: 13231K(349568K)->13252K(349568K)
[113.799s][info][gc,metaspace   ] GC(788) Metaspace: 14261K(15168K)->14261K(15168K) NonClass: 12301K(12864K)->12301K(12864K) Class: 1959K(2304K)->1959K(2304K)
[113.799s][info][gc             ] GC(788) Pause Young (Allocation Failure) 149M->13M(494M) 25.400ms
[113.799s][info][gc,cpu         ] GC(788) User=0.02s Sys=0.00s Real=0.02s
[114.026s][info][gc,start       ] GC(789) Pause Young (Allocation Failure)
[114.057s][info][gc,heap        ] GC(789) DefNew: 140083K(157248K)->306K(157248K) Eden: 139776K(139776K)->0K(139776K) From: 307K(17472K)->306K(17472K)
[114.057s][info][gc,heap        ] GC(789) Tenured: 13252K(349568K)->13272K(349568K)
[114.057s][info][gc,metaspace   ] GC(789) Metaspace: 14261K(15168K)->14261K(15168K) NonClass: 12301K(12864K)->12301K(12864K) Class: 1959K(2304K)->1959K(2304K)
[114.057s][info][gc             ] GC(789) Pause Young (Allocation Failure) 149M->13M(494M) 31.171ms
[114.057s][info][gc,cpu         ] GC(789) User=0.03s Sys=0.00s Real=0.03s
[114.186s][info][gc,start       ] GC(790) Pause Young (Allocation Failure)
[114.217s][info][gc,heap        ] GC(790) DefNew: 140082K(157248K)->309K(157248K) Eden: 139776K(139776K)->0K(139776K) From: 306K(17472K)->309K(17472K)
[114.217s][info][gc,heap        ] GC(790) Tenured: 13272K(349568K)->13290K(349568K)
[114.217s][info][gc,metaspace   ] GC(790) Metaspace: 14261K(15168K)->14261K(15168K) NonClass: 12301K(12864K)->12301K(12864K) Class: 1959K(2304K)->1959K(2304K)
[114.217s][info][gc             ] GC(790) Pause Young (Allocation Failure) 149M->13M(494M) 31.154ms
[114.217s][info][gc,cpu         ] GC(790) User=0.03s Sys=0.02s Real=0.02s
[114.342s][info][gc,start       ] GC(791) Pause Young (Allocation Failure)
[114.372s][info][gc,heap        ] GC(791) DefNew: 140085K(157248K)->312K(157248K) Eden: 139776K(139776K)->0K(139776K) From: 309K(17472K)->312K(17472K)
[114.372s][info][gc,heap        ] GC(791) Tenured: 13290K(349568K)->13311K(349568K)
[114.372s][info][gc,metaspace   ] GC(791) Metaspace: 14261K(15168K)->14261K(15168K) NonClass: 12301K(12864K)->12301K(12864K) Class: 1959K(2304K)->1959K(2304K)
[114.372s][info][gc             ] GC(791) Pause Young (Allocation Failure) 149M->13M(494M) 29.545ms
[114.372s][info][gc,cpu         ] GC(791) User=0.02s Sys=0.00s Real=0.02s
[114.499s][info][gc,start       ] GC(792) Pause Young (Allocation Failure)
[114.528s][info][gc,heap        ] GC(792) DefNew: 140088K(157248K)->313K(157248K) Eden: 139776K(139776K)->0K(139776K) From: 312K(17472K)->313K(17472K)
[114.528s][info][gc,heap        ] GC(792) Tenured: 13311K(349568K)->13328K(349568K)
[114.528s][info][gc,metaspace   ] GC(792) Metaspace: 14261K(15168K)->14261K(15168K) NonClass: 12301K(12864K)->12301K(12864K) Class: 1959K(2304K)->1959K(2304K)
[114.528s][info][gc             ] GC(792) Pause Young (Allocation Failure) 149M->13M(494M) 28.997ms
[114.528s][info][gc,cpu         ] GC(792) User=0.02s Sys=0.00s Real=0.02s
[114.652s][info][gc,start       ] GC(793) Pause Young (Allocation Failure)
[114.673s][info][gc,heap        ] GC(793) DefNew: 140089K(157248K)->315K(157248K) Eden: 139776K(139776K)->0K(139776K) From: 313K(17472K)->315K(17472K)
[114.673s][info][gc,heap        ] GC(793) Tenured: 13328K(349568K)->13346K(349568K)
[114.673s][info][gc,metaspace   ] GC(793) Metaspace: 14261K(15168K)->14261K(15168K) NonClass: 12301K(12864K)->12301K(12864K) Class: 1959K(2304K)->1959K(2304K)
[114.673s][info][gc             ] GC(793) Pause Young (Allocation Failure) 149M->13M(494M) 20.849ms
[114.673s][info][gc,cpu         ] GC(793) User=0.02s Sys=0.00s Real=0.01s
[114.804s][info][gc,start       ] GC(794) Pause Young (Allocation Failure)
[114.830s][info][gc,heap        ] GC(794) DefNew: 140091K(157248K)->316K(157248K) Eden: 139776K(139776K)->0K(139776K) From: 315K(17472K)->316K(17472K)
[114.830s][info][gc,heap        ] GC(794) Tenured: 13346K(349568K)->13367K(349568K)
[114.830s][info][gc,metaspace   ] GC(794) Metaspace: 14261K(15168K)->14261K(15168K) NonClass: 12301K(12864K)->12301K(12864K) Class: 1959K(2304K)->1959K(2304K)
[114.830s][info][gc             ] GC(794) Pause Young (Allocation Failure) 149M->13M(494M) 26.355ms
[114.830s][info][gc,cpu         ] GC(794) User=0.02s Sys=0.00s Real=0.02s
[114.950s][info][gc,start       ] GC(795) Pause Young (Allocation Failure)
[114.978s][info][gc,heap        ] GC(795) DefNew: 140092K(157248K)->316K(157248K) Eden: 139776K(139776K)->0K(139776K) From: 316K(17472K)->316K(17472K)
[114.978s][info][gc,heap        ] GC(795) Tenured: 13367K(349568K)->13387K(349568K)
[114.978s][info][gc,metaspace   ] GC(795) Metaspace: 14261K(15168K)->14261K(15168K) NonClass: 12301K(12864K)->12301K(12864K) Class: 1959K(2304K)->1959K(2304K)
[114.978s][info][gc             ] GC(795) Pause Young (Allocation Failure) 149M->13M(494M) 27.980ms
[114.978s][info][gc,cpu         ] GC(795) User=0.03s Sys=0.00s Real=0.03s
[115.098s][info][gc,start       ] GC(796) Pause Young (Allocation Failure)
[115.126s][info][gc,heap        ] GC(796) DefNew: 140092K(157248K)->316K(157248K) Eden: 139776K(139776K)->0K(139776K) From: 316K(17472K)->316K(17472K)
[115.126s][info][gc,heap        ] GC(796) Tenured: 13387K(349568K)->13408K(349568K)
[115.126s][info][gc,metaspace   ] GC(796) Metaspace: 14261K(15168K)->14261K(15168K) NonClass: 12301K(12864K)->12301K(12864K) Class: 1959K(2304K)->1959K(2304K)
[115.127s][info][gc             ] GC(796) Pause Young (Allocation Failure) 149M->13M(494M) 28.945ms
[115.127s][info][gc,cpu         ] GC(796) User=0.03s Sys=0.00s Real=0.03s
[115.248s][info][gc,start       ] GC(797) Pause Young (Allocation Failure)
[115.270s][info][gc,heap        ] GC(797) DefNew: 140092K(157248K)->314K(157248K) Eden: 139776K(139776K)->0K(139776K) From: 316K(17472K)->314K(17472K)
[115.270s][info][gc,heap        ] GC(797) Tenured: 13408K(349568K)->13429K(349568K)
[115.271s][info][gc,metaspace   ] GC(797) Metaspace: 14261K(15168K)->14261K(15168K) NonClass: 12301K(12864K)->12301K(12864K) Class: 1959K(2304K)->1959K(2304K)
[115.271s][info][gc             ] GC(797) Pause Young (Allocation Failure) 149M->13M(494M) 22.084ms
[115.271s][info][gc,cpu         ] GC(797) User=0.02s Sys=0.00s Real=0.02s
[115.390s][info][gc,start       ] GC(798) Pause Young (Allocation Failure)
[115.418s][info][gc,heap        ] GC(798) DefNew: 140090K(157248K)->313K(157248K) Eden: 139776K(139776K)->0K(139776K) From: 314K(17472K)->313K(17472K)
[115.418s][info][gc,heap        ] GC(798) Tenured: 13429K(349568K)->13450K(349568K)
[115.418s][info][gc,metaspace   ] GC(798) Metaspace: 14261K(15168K)->14261K(15168K) NonClass: 12301K(12864K)->12301K(12864K) Class: 1959K(2304K)->1959K(2304K)
[115.418s][info][gc             ] GC(798) Pause Young (Allocation Failure) 149M->13M(494M) 28.118ms
[115.418s][info][gc,cpu         ] GC(798) User=0.02s Sys=0.00s Real=0.01s
[115.539s][info][gc,start       ] GC(799) Pause Young (Allocation Failure)
[115.568s][info][gc,heap        ] GC(799) DefNew: 140089K(157248K)->313K(157248K) Eden: 139776K(139776K)->0K(139776K) From: 313K(17472K)->313K(17472K)
[115.568s][info][gc,heap        ] GC(799) Tenured: 13450K(349568K)->13470K(349568K)
[115.568s][info][gc,metaspace   ] GC(799) Metaspace: 14261K(15168K)->14261K(15168K) NonClass: 12301K(12864K)->12301K(12864K) Class: 1959K(2304K)->1959K(2304K)
[115.568s][info][gc             ] GC(799) Pause Young (Allocation Failure) 149M->13M(494M) 29.409ms
[115.568s][info][gc,cpu         ] GC(799) User=0.02s Sys=0.00s Real=0.02s
[115.690s][info][gc,start       ] GC(800) Pause Young (Allocation Failure)
[115.720s][info][gc,heap        ] GC(800) DefNew: 140089K(157248K)->314K(157248K) Eden: 139776K(139776K)->0K(139776K) From: 313K(17472K)->314K(17472K)
[115.720s][info][gc,heap        ] GC(800) Tenured: 13470K(349568K)->13491K(349568K)
[115.720s][info][gc,metaspace   ] GC(800) Metaspace: 14261K(15168K)->14261K(15168K) NonClass: 12301K(12864K)->12301K(12864K) Class: 1959K(2304K)->1959K(2304K)
[115.720s][info][gc             ] GC(800) Pause Young (Allocation Failure) 149M->13M(494M) 29.745ms
[115.720s][info][gc,cpu         ] GC(800) User=0.02s Sys=0.00s Real=0.02s
[115.842s][info][gc,start       ] GC(801) Pause Young (Allocation Failure)
[115.871s][info][gc,heap        ] GC(801) DefNew: 140090K(157248K)->312K(157248K) Eden: 139776K(139776K)->0K(139776K) From: 314K(17472K)->312K(17472K)
[115.871s][info][gc,heap        ] GC(801) Tenured: 13491K(349568K)->13512K(349568K)
[115.871s][info][gc,metaspace   ] GC(801) Metaspace: 14261K(15168K)->14261K(15168K) NonClass: 12301K(12864K)->12301K(12864K) Class: 1959K(2304K)->1959K(2304K)
[115.871s][info][gc             ] GC(801) Pause Young (Allocation Failure) 149M->13M(494M) 29.384ms
[115.871s][info][gc,cpu         ] GC(801) User=0.03s Sys=0.00s Real=0.03s
[115.994s][info][gc,start       ] GC(802) Pause Young (Allocation Failure)
[116.026s][info][gc,heap        ] GC(802) DefNew: 140088K(157248K)->315K(157248K) Eden: 139776K(139776K)->0K(139776K) From: 312K(17472K)->315K(17472K)
[116.026s][info][gc,heap        ] GC(802) Tenured: 13512K(349568K)->13529K(349568K)
[116.026s][info][gc,metaspace   ] GC(802) Metaspace: 14261K(15168K)->14261K(15168K) NonClass: 12301K(12864K)->12301K(12864K) Class: 1959K(2304K)->1959K(2304K)
[116.026s][info][gc             ] GC(802) Pause Young (Allocation Failure) 150M->13M(494M) 31.639ms
[116.026s][info][gc,cpu         ] GC(802) User=0.02s Sys=0.00s Real=0.02s
[116.149s][info][gc,start       ] GC(803) Pause Young (Allocation Failure)
[116.175s][info][gc,heap        ] GC(803) DefNew: 140091K(157248K)->314K(157248K) Eden: 139776K(139776K)->0K(139776K) From: 315K(17472K)->314K(17472K)
[116.175s][info][gc,heap        ] GC(803) Tenured: 13529K(349568K)->13550K(349568K)
[116.175s][info][gc,metaspace   ] GC(803) Metaspace: 14261K(15168K)->14261K(15168K) NonClass: 12301K(12864K)->12301K(12864K) Class: 1959K(2304K)->1959K(2304K)
[116.175s][info][gc             ] GC(803) Pause Young (Allocation Failure) 150M->13M(494M) 25.823ms
[116.175s][info][gc,cpu         ] GC(803) User=0.00s Sys=0.00s Real=0.01s
[116.295s][info][gc,start       ] GC(804) Pause Young (Allocation Failure)
[116.321s][info][gc,heap        ] GC(804) DefNew: 140090K(157248K)->313K(157248K) Eden: 139776K(139776K)->0K(139776K) From: 314K(17472K)->313K(17472K)
[116.321s][info][gc,heap        ] GC(804) Tenured: 13550K(349568K)->13571K(349568K)
[116.321s][info][gc,metaspace   ] GC(804) Metaspace: 14261K(15168K)->14261K(15168K) NonClass: 12301K(12864K)->12301K(12864K) Class: 1959K(2304K)->1959K(2304K)
[116.321s][info][gc             ] GC(804) Pause Young (Allocation Failure) 150M->13M(494M) 26.044ms
[116.321s][info][gc,cpu         ] GC(804) User=0.03s Sys=0.00s Real=0.03s
[116.445s][info][gc,start       ] GC(805) Pause Young (Allocation Failure)
[116.469s][info][gc,heap        ] GC(805) DefNew: 140089K(157248K)->312K(157248K) Eden: 139776K(139776K)->0K(139776K) From: 313K(17472K)->312K(17472K)
[116.469s][info][gc,heap        ] GC(805) Tenured: 13571K(349568K)->13592K(349568K)
[116.469s][info][gc,metaspace   ] GC(805) Metaspace: 14261K(15168K)->14261K(15168K) NonClass: 12301K(12864K)->12301K(12864K) Class: 1959K(2304K)->1959K(2304K)
[116.469s][info][gc             ] GC(805) Pause Young (Allocation Failure) 150M->13M(494M) 24.243ms
[116.469s][info][gc,cpu         ] GC(805) User=0.00s Sys=0.00s Real=0.01s
[116.595s][info][gc,start       ] GC(806) Pause Young (Allocation Failure)
[116.628s][info][gc,heap        ] GC(806) DefNew: 140088K(157248K)->312K(157248K) Eden: 139776K(139776K)->0K(139776K) From: 312K(17472K)->312K(17472K)
[116.628s][info][gc,heap        ] GC(806) Tenured: 13592K(349568K)->13612K(349568K)
[116.628s][info][gc,metaspace   ] GC(806) Metaspace: 14261K(15168K)->14261K(15168K) NonClass: 12301K(12864K)->12301K(12864K) Class: 1959K(2304K)->1959K(2304K)
[116.628s][info][gc             ] GC(806) Pause Young (Allocation Failure) 150M->13M(494M) 33.065ms
[116.628s][info][gc,cpu         ] GC(806) User=0.03s Sys=0.00s Real=0.03s
[116.757s][info][gc,start       ] GC(807) Pause Young (Allocation Failure)
[116.791s][info][gc,heap        ] GC(807) DefNew: 140088K(157248K)->313K(157248K) Eden: 139776K(139776K)->0K(139776K) From: 312K(17472K)->313K(17472K)
[116.791s][info][gc,heap        ] GC(807) Tenured: 13612K(349568K)->13633K(349568K)
[116.791s][info][gc,metaspace   ] GC(807) Metaspace: 14261K(15168K)->14261K(15168K) NonClass: 12301K(12864K)->12301K(12864K) Class: 1959K(2304K)->1959K(2304K)
[116.791s][info][gc             ] GC(807) Pause Young (Allocation Failure) 150M->13M(494M) 34.208ms
[116.791s][info][gc,cpu         ] GC(807) User=0.03s Sys=0.00s Real=0.03s
[116.920s][info][gc,start       ] GC(808) Pause Young (Allocation Failure)
[116.945s][info][gc,heap        ] GC(808) DefNew: 140089K(157248K)->312K(157248K) Eden: 139776K(139776K)->0K(139776K) From: 313K(17472K)->312K(17472K)
[116.945s][info][gc,heap        ] GC(808) Tenured: 13633K(349568K)->13654K(349568K)
[116.945s][info][gc,metaspace   ] GC(808) Metaspace: 14261K(15168K)->14261K(15168K) NonClass: 12301K(12864K)->12301K(12864K) Class: 1959K(2304K)->1959K(2304K)
[116.945s][info][gc             ] GC(808) Pause Young (Allocation Failure) 150M->13M(494M) 25.108ms
[116.945s][info][gc,cpu         ] GC(808) User=0.03s Sys=0.00s Real=0.03s
[117.067s][info][gc,start       ] GC(809) Pause Young (Allocation Failure)
[117.092s][info][gc,heap        ] GC(809) DefNew: 140088K(157248K)->311K(157248K) Eden: 139776K(139776K)->0K(139776K) From: 312K(17472K)->311K(17472K)
[117.092s][info][gc,heap        ] GC(809) Tenured: 13654K(349568K)->13675K(349568K)
[117.092s][info][gc,metaspace   ] GC(809) Metaspace: 14261K(15168K)->14261K(15168K) NonClass: 12301K(12864K)->12301K(12864K) Class: 1959K(2304K)->1959K(2304K)
[117.092s][info][gc             ] GC(809) Pause Young (Allocation Failure) 150M->13M(494M) 24.683ms
[117.092s][info][gc,cpu         ] GC(809) User=0.03s Sys=0.00s Real=0.02s
[117.180s][info][gc,start       ] GC(810) Pause Young (Allocation Failure)
[117.205s][info][gc,heap        ] GC(810) DefNew: 140087K(157248K)->304K(157248K) Eden: 139776K(139776K)->0K(139776K) From: 311K(17472K)->304K(17472K)
[117.205s][info][gc,heap        ] GC(810) Tenured: 13675K(349568K)->13696K(349568K)
[117.205s][info][gc,metaspace   ] GC(810) Metaspace: 14261K(15168K)->14261K(15168K) NonClass: 12301K(12864K)->12301K(12864K) Class: 1959K(2304K)->1959K(2304K)
[117.205s][info][gc             ] GC(810) Pause Young (Allocation Failure) 150M->13M(494M) 24.587ms
[117.205s][info][gc,cpu         ] GC(810) User=0.02s Sys=0.00s Real=0.02s
[117.288s][info][gc,start       ] GC(811) Pause Young (Allocation Failure)
[117.313s][info][gc,heap        ] GC(811) DefNew: 140080K(157248K)->296K(157248K) Eden: 139776K(139776K)->0K(139776K) From: 304K(17472K)->296K(17472K)
[117.313s][info][gc,heap        ] GC(811) Tenured: 13696K(349568K)->13716K(349568K)
[117.313s][info][gc,metaspace   ] GC(811) Metaspace: 14261K(15168K)->14261K(15168K) NonClass: 12301K(12864K)->12301K(12864K) Class: 1959K(2304K)->1959K(2304K)
[117.313s][info][gc             ] GC(811) Pause Young (Allocation Failure) 150M->13M(494M) 25.278ms
[117.313s][info][gc,cpu         ] GC(811) User=0.02s Sys=0.00s Real=0.02s
[117.407s][info][gc,start       ] GC(812) Pause Young (Allocation Failure)
[117.431s][info][gc,heap        ] GC(812) DefNew: 140072K(157248K)->303K(157248K) Eden: 139776K(139776K)->0K(139776K) From: 296K(17472K)->303K(17472K)
[117.431s][info][gc,heap        ] GC(812) Tenured: 13716K(349568K)->13734K(349568K)
[117.431s][info][gc,metaspace   ] GC(812) Metaspace: 14261K(15168K)->14261K(15168K) NonClass: 12301K(12864K)->12301K(12864K) Class: 1959K(2304K)->1959K(2304K)
[117.431s][info][gc             ] GC(812) Pause Young (Allocation Failure) 150M->13M(494M) 24.744ms
[117.431s][info][gc,cpu         ] GC(812) User=0.02s Sys=0.00s Real=0.01s
[117.541s][info][gc,start       ] GC(813) Pause Young (Allocation Failure)
[117.566s][info][gc,heap        ] GC(813) DefNew: 140079K(157248K)->301K(157248K) Eden: 139776K(139776K)->0K(139776K) From: 303K(17472K)->301K(17472K)
[117.566s][info][gc,heap        ] GC(813) Tenured: 13734K(349568K)->13755K(349568K)
[117.566s][info][gc,metaspace   ] GC(813) Metaspace: 14261K(15168K)->14261K(15168K) NonClass: 12301K(12864K)->12301K(12864K) Class: 1959K(2304K)->1959K(2304K)
[117.566s][info][gc             ] GC(813) Pause Young (Allocation Failure) 150M->13M(494M) 25.016ms
[117.566s][info][gc,cpu         ] GC(813) User=0.02s Sys=0.00s Real=0.01s
[117.694s][info][gc,start       ] GC(814) Pause Young (Allocation Failure)
[117.719s][info][gc,heap        ] GC(814) DefNew: 140077K(157248K)->301K(157248K) Eden: 139776K(139776K)->0K(139776K) From: 301K(17472K)->301K(17472K)
[117.719s][info][gc,heap        ] GC(814) Tenured: 13755K(349568K)->13776K(349568K)
[117.719s][info][gc,metaspace   ] GC(814) Metaspace: 14261K(15168K)->14261K(15168K) NonClass: 12301K(12864K)->12301K(12864K) Class: 1959K(2304K)->1959K(2304K)
[117.719s][info][gc             ] GC(814) Pause Young (Allocation Failure) 150M->13M(494M) 24.760ms
[117.719s][info][gc,cpu         ] GC(814) User=0.00s Sys=0.00s Real=0.01s
[117.893s][info][gc,start       ] GC(815) Pause Young (Allocation Failure)
[117.915s][info][gc,heap        ] GC(815) DefNew: 140077K(157248K)->308K(157248K) Eden: 139776K(139776K)->0K(139776K) From: 301K(17472K)->308K(17472K)
[117.915s][info][gc,heap        ] GC(815) Tenured: 13776K(349568K)->13796K(349568K)
[117.915s][info][gc,metaspace   ] GC(815) Metaspace: 14261K(15168K)->14261K(15168K) NonClass: 12301K(12864K)->12301K(12864K) Class: 1959K(2304K)->1959K(2304K)
[117.915s][info][gc             ] GC(815) Pause Young (Allocation Failure) 150M->13M(494M) 22.858ms
[117.915s][info][gc,cpu         ] GC(815) User=0.02s Sys=0.00s Real=0.02s
[118.039s][info][gc,start       ] GC(816) Pause Full (System.gc())
[118.039s][info][gc,phases,start] GC(816) Phase 1: Mark live objects
[118.064s][info][gc,phases      ] GC(816) Phase 1: Mark live objects 25.274ms
[118.064s][info][gc,phases,start] GC(816) Phase 2: Compute new object addresses
[118.081s][info][gc,phases      ] GC(816) Phase 2: Compute new object addresses 16.305ms
[118.081s][info][gc,phases,start] GC(816) Phase 3: Adjust pointers
[118.100s][info][gc,phases      ] GC(816) Phase 3: Adjust pointers 19.358ms
[118.100s][info][gc,phases,start] GC(816) Phase 4: Move objects
[118.100s][info][gc,phases      ] GC(816) Phase 4: Move objects 0.012ms
[118.100s][info][gc,heap        ] GC(816) DefNew: 63567K(157248K)->0K(157248K) Eden: 63259K(139776K)->0K(139776K) From: 308K(17472K)->0K(17472K)
[118.100s][info][gc,heap        ] GC(816) Tenured: 13796K(349568K)->13797K(349568K)
[118.100s][info][gc,metaspace   ] GC(816) Metaspace: 14262K(15168K)->14262K(15168K) NonClass: 12302K(12864K)->12302K(12864K) Class: 1959K(2304K)->1959K(2304K)
[118.100s][info][gc             ] GC(816) Pause Full (System.gc()) 75M->13M(494M) 61.278ms
[118.100s][info][gc,cpu         ] GC(816) User=0.06s Sys=0.00s Real=0.06s
[118.198s][info][gc,start       ] GC(817) Pause Young (Allocation Failure)
[118.225s][info][gc,heap        ] GC(817) DefNew: 139776K(157248K)->1474K(157248K) Eden: 139776K(139776K)->0K(139776K) From: 0K(17472K)->1474K(17472K)
[118.225s][info][gc,heap        ] GC(817) Tenured: 13797K(349568K)->13797K(349568K)
[118.225s][info][gc,metaspace   ] GC(817) Metaspace: 14264K(15168K)->14264K(15168K) NonClass: 12304K(12864K)->12304K(12864K) Class: 1959K(2304K)->1959K(2304K)
[118.225s][info][gc             ] GC(817) Pause Young (Allocation Failure) 149M->14M(494M) 26.882ms
[118.225s][info][gc,cpu         ] GC(817) User=0.02s Sys=0.00s Real=0.03s
[118.335s][info][gc,start       ] GC(818) Pause Young (Allocation Failure)
[118.362s][info][gc,heap        ] GC(818) DefNew: 141250K(157248K)->1492K(157248K) Eden: 139776K(139776K)->0K(139776K) From: 1474K(17472K)->1492K(17472K)
[118.362s][info][gc,heap        ] GC(818) Tenured: 13797K(349568K)->13797K(349568K)
[118.362s][info][gc,metaspace   ] GC(818) Metaspace: 14264K(15168K)->14264K(15168K) NonClass: 12304K(12864K)->12304K(12864K) Class: 1959K(2304K)->1959K(2304K)
[118.362s][info][gc             ] GC(818) Pause Young (Allocation Failure) 151M->14M(494M) 26.924ms
[118.362s][info][gc,cpu         ] GC(818) User=0.02s Sys=0.00s Real=0.02s
[118.471s][info][gc,start       ] GC(819) Pause Young (Allocation Failure)
[118.500s][info][gc,heap        ] GC(819) DefNew: 141178K(157248K)->1509K(157248K) Eden: 139686K(139776K)->0K(139776K) From: 1492K(17472K)->1509K(17472K)
[118.500s][info][gc,heap        ] GC(819) Tenured: 13797K(349568K)->13797K(349568K)
[118.500s][info][gc,metaspace   ] GC(819) Metaspace: 14264K(15168K)->14264K(15168K) NonClass: 12304K(12864K)->12304K(12864K) Class: 1959K(2304K)->1959K(2304K)
[118.500s][info][gc             ] GC(819) Pause Young (Allocation Failure) 151M->14M(494M) 29.189ms
[118.500s][info][gc,cpu         ] GC(819) User=0.03s Sys=0.00s Real=0.02s
[118.612s][info][gc,start       ] GC(820) Pause Young (Allocation Failure)
[118.633s][info][gc,heap        ] GC(820) DefNew: 141285K(157248K)->1527K(157248K) Eden: 139776K(139776K)->0K(139776K) From: 1509K(17472K)->1527K(17472K)
[118.633s][info][gc,heap        ] GC(820) Tenured: 13797K(349568K)->13797K(349568K)
[118.633s][info][gc,metaspace   ] GC(820) Metaspace: 14264K(15168K)->14264K(15168K) NonClass: 12304K(12864K)->12304K(12864K) Class: 1959K(2304K)->1959K(2304K)
[118.634s][info][gc             ] GC(820) Pause Young (Allocation Failure) 151M->14M(494M) 21.170ms
[118.634s][info][gc,cpu         ] GC(820) User=0.03s Sys=0.00s Real=0.02s
[118.745s][info][gc,start       ] GC(821) Pause Young (Allocation Failure)
[118.773s][info][gc,heap        ] GC(821) DefNew: 141303K(157248K)->1544K(157248K) Eden: 139776K(139776K)->0K(139776K) From: 1527K(17472K)->1544K(17472K)
[118.773s][info][gc,heap        ] GC(821) Tenured: 13797K(349568K)->13797K(349568K)
[118.773s][info][gc,metaspace   ] GC(821) Metaspace: 14264K(15168K)->14264K(15168K) NonClass: 12304K(12864K)->12304K(12864K) Class: 1959K(2304K)->1959K(2304K)
[118.773s][info][gc             ] GC(821) Pause Young (Allocation Failure) 151M->14M(494M) 28.356ms
[118.773s][info][gc,cpu         ] GC(821) User=0.03s Sys=0.00s Real=0.03s
[118.890s][info][gc,start       ] GC(822) Pause Young (Allocation Failure)
[118.919s][info][gc,heap        ] GC(822) DefNew: 141320K(157248K)->1562K(157248K) Eden: 139776K(139776K)->0K(139776K) From: 1544K(17472K)->1562K(17472K)
[118.919s][info][gc,heap        ] GC(822) Tenured: 13797K(349568K)->13797K(349568K)
[118.919s][info][gc,metaspace   ] GC(822) Metaspace: 14264K(15168K)->14264K(15168K) NonClass: 12304K(12864K)->12304K(12864K) Class: 1959K(2304K)->1959K(2304K)
[118.919s][info][gc             ] GC(822) Pause Young (Allocation Failure) 151M->15M(494M) 28.548ms
[118.919s][info][gc,cpu         ] GC(822) User=0.02s Sys=0.00s Real=0.02s
[119.032s][info][gc,start       ] GC(823) Pause Young (Allocation Failure)
[119.061s][info][gc,heap        ] GC(823) DefNew: 141338K(157248K)->1584K(157248K) Eden: 139776K(139776K)->0K(139776K) From: 1562K(17472K)->1584K(17472K)
[119.061s][info][gc,heap        ] GC(823) Tenured: 13797K(349568K)->13797K(349568K)
[119.061s][info][gc,metaspace   ] GC(823) Metaspace: 14264K(15168K)->14264K(15168K) NonClass: 12304K(12864K)->12304K(12864K) Class: 1959K(2304K)->1959K(2304K)
[119.061s][info][gc             ] GC(823) Pause Young (Allocation Failure) 151M->15M(494M) 29.708ms
[119.061s][info][gc,cpu         ] GC(823) User=0.03s Sys=0.00s Real=0.03s
[119.173s][info][gc,start       ] GC(824) Pause Young (Allocation Failure)
[119.202s][info][gc,heap        ] GC(824) DefNew: 141360K(157248K)->1603K(157248K) Eden: 139776K(139776K)->0K(139776K) From: 1584K(17472K)->1603K(17472K)
[119.202s][info][gc,heap        ] GC(824) Tenured: 13797K(349568K)->13797K(349568K)
[119.202s][info][gc,metaspace   ] GC(824) Metaspace: 14264K(15168K)->14264K(15168K) NonClass: 12304K(12864K)->12304K(12864K) Class: 1959K(2304K)->1959K(2304K)
[119.202s][info][gc             ] GC(824) Pause Young (Allocation Failure) 151M->15M(494M) 29.151ms
[119.202s][info][gc,cpu         ] GC(824) User=0.02s Sys=0.00s Real=0.02s
[119.318s][info][gc,start       ] GC(825) Pause Young (Allocation Failure)
[119.347s][info][gc,heap        ] GC(825) DefNew: 141379K(157248K)->1622K(157248K) Eden: 139776K(139776K)->0K(139776K) From: 1603K(17472K)->1622K(17472K)
[119.347s][info][gc,heap        ] GC(825) Tenured: 13797K(349568K)->13797K(349568K)
[119.347s][info][gc,metaspace   ] GC(825) Metaspace: 14264K(15168K)->14264K(15168K) NonClass: 12304K(12864K)->12304K(12864K) Class: 1959K(2304K)->1959K(2304K)
[119.347s][info][gc             ] GC(825) Pause Young (Allocation Failure) 151M->15M(494M) 29.319ms
[119.347s][info][gc,cpu         ] GC(825) User=0.02s Sys=0.00s Real=0.02s
[119.458s][info][gc,start       ] GC(826) Pause Young (Allocation Failure)
[119.487s][info][gc,heap        ] GC(826) DefNew: 141398K(157248K)->1639K(157248K) Eden: 139776K(139776K)->0K(139776K) From: 1622K(17472K)->1639K(17472K)
[119.487s][info][gc,heap        ] GC(826) Tenured: 13797K(349568K)->13797K(349568K)
[119.487s][info][gc,metaspace   ] GC(826) Metaspace: 14264K(15168K)->14264K(15168K) NonClass: 12304K(12864K)->12304K(12864K) Class: 1959K(2304K)->1959K(2304K)
[119.487s][info][gc             ] GC(826) Pause Young (Allocation Failure) 151M->15M(494M) 29.649ms
[119.487s][info][gc,cpu         ] GC(826) User=0.02s Sys=0.00s Real=0.02s
[119.598s][info][gc,start       ] GC(827) Pause Young (Allocation Failure)
[119.629s][info][gc,heap        ] GC(827) DefNew: 141415K(157248K)->1659K(157248K) Eden: 139776K(139776K)->0K(139776K) From: 1639K(17472K)->1659K(17472K)
[119.629s][info][gc,heap        ] GC(827) Tenured: 13797K(349568K)->13797K(349568K)
[119.629s][info][gc,metaspace   ] GC(827) Metaspace: 14264K(15168K)->14264K(15168K) NonClass: 12304K(12864K)->12304K(12864K) Class: 1959K(2304K)->1959K(2304K)
[119.629s][info][gc             ] GC(827) Pause Young (Allocation Failure) 151M->15M(494M) 30.191ms
[119.629s][info][gc,cpu         ] GC(827) User=0.02s Sys=0.00s Real=0.02s
[119.749s][info][gc,start       ] GC(828) Pause Young (Allocation Failure)
[119.782s][info][gc,heap        ] GC(828) DefNew: 141435K(157248K)->1677K(157248K) Eden: 139776K(139776K)->0K(139776K) From: 1659K(17472K)->1677K(17472K)
[119.782s][info][gc,heap        ] GC(828) Tenured: 13797K(349568K)->13797K(349568K)
[119.782s][info][gc,metaspace   ] GC(828) Metaspace: 14264K(15168K)->14264K(15168K) NonClass: 12304K(12864K)->12304K(12864K) Class: 1959K(2304K)->1959K(2304K)
[119.782s][info][gc             ] GC(828) Pause Young (Allocation Failure) 151M->15M(494M) 32.422ms
[119.782s][info][gc,cpu         ] GC(828) User=0.03s Sys=0.00s Real=0.03s
[119.898s][info][gc,start       ] GC(829) Pause Young (Allocation Failure)
[119.921s][info][gc,heap        ] GC(829) DefNew: 141453K(157248K)->1696K(157248K) Eden: 139776K(139776K)->0K(139776K) From: 1677K(17472K)->1696K(17472K)
[119.921s][info][gc,heap        ] GC(829) Tenured: 13797K(349568K)->13797K(349568K)
[119.921s][info][gc,metaspace   ] GC(829) Metaspace: 14264K(15168K)->14264K(15168K) NonClass: 12304K(12864K)->12304K(12864K) Class: 1959K(2304K)->1959K(2304K)
[119.921s][info][gc             ] GC(829) Pause Young (Allocation Failure) 151M->15M(494M) 23.314ms
[119.921s][info][gc,cpu         ] GC(829) User=0.02s Sys=0.00s Real=0.02s
[120.031s][info][gc,start       ] GC(830) Pause Young (Allocation Failure)
[120.062s][info][gc,heap        ] GC(830) DefNew: 141472K(157248K)->1715K(157248K) Eden: 139776K(139776K)->0K(139776K) From: 1696K(17472K)->1715K(17472K)
[120.062s][info][gc,heap        ] GC(830) Tenured: 13797K(349568K)->13797K(349568K)
[120.062s][info][gc,metaspace   ] GC(830) Metaspace: 14264K(15168K)->14264K(15168K) NonClass: 12304K(12864K)->12304K(12864K) Class: 1959K(2304K)->1959K(2304K)
[120.062s][info][gc             ] GC(830) Pause Young (Allocation Failure) 151M->15M(494M) 31.058ms
[120.062s][info][gc,cpu         ] GC(830) User=0.03s Sys=0.00s Real=0.03s
[120.179s][info][gc,start       ] GC(831) Pause Young (Allocation Failure)
[120.211s][info][gc,heap        ] GC(831) DefNew: 141491K(157248K)->1735K(157248K) Eden: 139776K(139776K)->0K(139776K) From: 1715K(17472K)->1735K(17472K)
[120.211s][info][gc,heap        ] GC(831) Tenured: 13797K(349568K)->13797K(349568K)
[120.211s][info][gc,metaspace   ] GC(831) Metaspace: 14264K(15168K)->14264K(15168K) NonClass: 12304K(12864K)->12304K(12864K) Class: 1959K(2304K)->1959K(2304K)
[120.211s][info][gc             ] GC(831) Pause Young (Allocation Failure) 151M->15M(494M) 31.590ms
[120.211s][info][gc,cpu         ] GC(831) User=0.03s Sys=0.00s Real=0.03s
[120.327s][info][gc,start       ] GC(832) Pause Young (Allocation Failure)
[120.367s][info][gc,heap        ] GC(832) DefNew: 141511K(157248K)->291K(157248K) Eden: 139776K(139776K)->0K(139776K) From: 1735K(17472K)->291K(17472K)
[120.367s][info][gc,heap        ] GC(832) Tenured: 13797K(349568K)->15263K(349568K)
[120.367s][info][gc,metaspace   ] GC(832) Metaspace: 14264K(15168K)->14264K(15168K) NonClass: 12304K(12864K)->12304K(12864K) Class: 1959K(2304K)->1959K(2304K)
[120.367s][info][gc             ] GC(832) Pause Young (Allocation Failure) 151M->15M(494M) 40.144ms
[120.367s][info][gc,cpu         ] GC(832) User=0.03s Sys=0.00s Real=0.03s
[120.488s][info][gc,start       ] GC(833) Pause Young (Allocation Failure)
[120.512s][info][gc,heap        ] GC(833) DefNew: 140067K(157248K)->293K(157248K) Eden: 139775K(139776K)->0K(139776K) From: 291K(17472K)->293K(17472K)
[120.513s][info][gc,heap        ] GC(833) Tenured: 15263K(349568K)->15280K(349568K)
[120.513s][info][gc,metaspace   ] GC(833) Metaspace: 14264K(15168K)->14264K(15168K) NonClass: 12304K(12864K)->12304K(12864K) Class: 1959K(2304K)->1959K(2304K)
[120.513s][info][gc             ] GC(833) Pause Young (Allocation Failure) 151M->15M(494M) 24.159ms
[120.513s][info][gc,cpu         ] GC(833) User=0.02s Sys=0.00s Real=0.02s
[120.633s][info][gc,start       ] GC(834) Pause Young (Allocation Failure)
[120.664s][info][gc,heap        ] GC(834) DefNew: 140069K(157248K)->293K(157248K) Eden: 139776K(139776K)->0K(139776K) From: 293K(17472K)->293K(17472K)
[120.664s][info][gc,heap        ] GC(834) Tenured: 15280K(349568K)->15298K(349568K)
[120.664s][info][gc,metaspace   ] GC(834) Metaspace: 14264K(15168K)->14264K(15168K) NonClass: 12304K(12864K)->12304K(12864K) Class: 1959K(2304K)->1959K(2304K)
[120.664s][info][gc             ] GC(834) Pause Young (Allocation Failure) 151M->15M(494M) 31.862ms
[120.664s][info][gc,cpu         ] GC(834) User=0.03s Sys=0.00s Real=0.03s
[120.788s][info][gc,start       ] GC(835) Pause Young (Allocation Failure)
[120.820s][info][gc,heap        ] GC(835) DefNew: 140069K(157248K)->296K(157248K) Eden: 139776K(139776K)->0K(139776K) From: 293K(17472K)->296K(17472K)
[120.820s][info][gc,heap        ] GC(835) Tenured: 15298K(349568K)->15316K(349568K)
[120.820s][info][gc,metaspace   ] GC(835) Metaspace: 14264K(15168K)->14264K(15168K) NonClass: 12304K(12864K)->12304K(12864K) Class: 1959K(2304K)->1959K(2304K)
[120.820s][info][gc             ] GC(835) Pause Young (Allocation Failure) 151M->15M(494M) 32.528ms
[120.820s][info][gc,cpu         ] GC(835) User=0.02s Sys=0.00s Real=0.02s
[120.942s][info][gc,start       ] GC(836) Pause Young (Allocation Failure)
[120.975s][info][gc,heap        ] GC(836) DefNew: 140072K(157248K)->299K(157248K) Eden: 139776K(139776K)->0K(139776K) From: 296K(17472K)->299K(17472K)
[120.975s][info][gc,heap        ] GC(836) Tenured: 15316K(349568K)->15333K(349568K)
[120.975s][info][gc,metaspace   ] GC(836) Metaspace: 14264K(15168K)->14264K(15168K) NonClass: 12304K(12864K)->12304K(12864K) Class: 1959K(2304K)->1959K(2304K)
[120.975s][info][gc             ] GC(836) Pause Young (Allocation Failure) 151M->15M(494M) 32.323ms
[120.975s][info][gc,cpu         ] GC(836) User=0.03s Sys=0.00s Real=0.03s
[121.098s][info][gc,start       ] GC(837) Pause Young (Allocation Failure)
[121.131s][info][gc,heap        ] GC(837) DefNew: 140075K(157248K)->302K(157248K) Eden: 139776K(139776K)->0K(139776K) From: 299K(17472K)->302K(17472K)
[121.131s][info][gc,heap        ] GC(837) Tenured: 15333K(349568K)->15351K(349568K)
[121.131s][info][gc,metaspace   ] GC(837) Metaspace: 14264K(15168K)->14264K(15168K) NonClass: 12304K(12864K)->12304K(12864K) Class: 1959K(2304K)->1959K(2304K)
[121.131s][info][gc             ] GC(837) Pause Young (Allocation Failure) 151M->15M(494M) 32.870ms
[121.131s][info][gc,cpu         ] GC(837) User=0.03s Sys=0.00s Real=0.03s
[121.255s][info][gc,start       ] GC(838) Pause Young (Allocation Failure)
[121.288s][info][gc,heap        ] GC(838) DefNew: 140078K(157248K)->302K(157248K) Eden: 139776K(139776K)->0K(139776K) From: 302K(17472K)->302K(17472K)
[121.288s][info][gc,heap        ] GC(838) Tenured: 15351K(349568K)->15372K(349568K)
[121.288s][info][gc,metaspace   ] GC(838) Metaspace: 14264K(15168K)->14264K(15168K) NonClass: 12304K(12864K)->12304K(12864K) Class: 1959K(2304K)->1959K(2304K)
[121.288s][info][gc             ] GC(838) Pause Young (Allocation Failure) 151M->15M(494M) 33.106ms
[121.288s][info][gc,cpu         ] GC(838) User=0.03s Sys=0.00s Real=0.02s
[121.412s][info][gc,start       ] GC(839) Pause Young (Allocation Failure)
[121.447s][info][gc,heap        ] GC(839) DefNew: 140078K(157248K)->306K(157248K) Eden: 139776K(139776K)->0K(139776K) From: 302K(17472K)->306K(17472K)
[121.447s][info][gc,heap        ] GC(839) Tenured: 15372K(349568K)->15390K(349568K)
[121.447s][info][gc,metaspace   ] GC(839) Metaspace: 14264K(15168K)->14264K(15168K) NonClass: 12304K(12864K)->12304K(12864K) Class: 1959K(2304K)->1959K(2304K)
[121.447s][info][gc             ] GC(839) Pause Young (Allocation Failure) 151M->15M(494M) 35.594ms
[121.448s][info][gc,cpu         ] GC(839) User=0.05s Sys=0.00s Real=0.04s
[121.670s][info][gc,start       ] GC(840) Pause Young (Allocation Failure)
[121.702s][info][gc,heap        ] GC(840) DefNew: 140082K(157248K)->307K(157248K) Eden: 139776K(139776K)->0K(139776K) From: 306K(17472K)->307K(17472K)
[121.703s][info][gc,heap        ] GC(840) Tenured: 15390K(349568K)->15410K(349568K)
[121.703s][info][gc,metaspace   ] GC(840) Metaspace: 14264K(15168K)->14264K(15168K) NonClass: 12304K(12864K)->12304K(12864K) Class: 1959K(2304K)->1959K(2304K)
[121.703s][info][gc             ] GC(840) Pause Young (Allocation Failure) 151M->15M(494M) 32.866ms
[121.703s][info][gc,cpu         ] GC(840) User=0.03s Sys=0.00s Real=0.03s
[121.829s][info][gc,start       ] GC(841) Pause Young (Allocation Failure)
[121.853s][info][gc,heap        ] GC(841) DefNew: 140083K(157248K)->309K(157248K) Eden: 139776K(139776K)->0K(139776K) From: 307K(17472K)->309K(17472K)
[121.853s][info][gc,heap        ] GC(841) Tenured: 15410K(349568K)->15428K(349568K)
[121.853s][info][gc,metaspace   ] GC(841) Metaspace: 14264K(15168K)->14264K(15168K) NonClass: 12304K(12864K)->12304K(12864K) Class: 1959K(2304K)->1959K(2304K)
[121.853s][info][gc             ] GC(841) Pause Young (Allocation Failure) 151M->15M(494M) 24.224ms
[121.853s][info][gc,cpu         ] GC(841) User=0.02s Sys=0.00s Real=0.02s
[121.978s][info][gc,start       ] GC(842) Pause Young (Allocation Failure)
[122.008s][info][gc,heap        ] GC(842) DefNew: 140085K(157248K)->312K(157248K) Eden: 139776K(139776K)->0K(139776K) From: 309K(17472K)->312K(17472K)
[122.008s][info][gc,heap        ] GC(842) Tenured: 15428K(349568K)->15445K(349568K)
[122.008s][info][gc,metaspace   ] GC(842) Metaspace: 14264K(15168K)->14264K(15168K) NonClass: 12304K(12864K)->12304K(12864K) Class: 1959K(2304K)->1959K(2304K)
[122.008s][info][gc             ] GC(842) Pause Young (Allocation Failure) 151M->15M(494M) 30.655ms
[122.009s][info][gc,cpu         ] GC(842) User=0.03s Sys=0.00s Real=0.03s
[122.135s][info][gc,start       ] GC(843) Pause Young (Allocation Failure)
[122.164s][info][gc,heap        ] GC(843) DefNew: 140088K(157248K)->315K(157248K) Eden: 139776K(139776K)->0K(139776K) From: 312K(17472K)->315K(17472K)
[122.164s][info][gc,heap        ] GC(843) Tenured: 15445K(349568K)->15463K(349568K)
[122.164s][info][gc,metaspace   ] GC(843) Metaspace: 14264K(15168K)->14264K(15168K) NonClass: 12304K(12864K)->12304K(12864K) Class: 1959K(2304K)->1959K(2304K)
[122.164s][info][gc             ] GC(843) Pause Young (Allocation Failure) 151M->15M(494M) 28.847ms
[122.164s][info][gc,cpu         ] GC(843) User=0.02s Sys=0.00s Real=0.03s
[122.289s][info][gc,start       ] GC(844) Pause Young (Allocation Failure)
[122.317s][info][gc,heap        ] GC(844) DefNew: 140091K(157248K)->315K(157248K) Eden: 139776K(139776K)->0K(139776K) From: 315K(17472K)->315K(17472K)
[122.317s][info][gc,heap        ] GC(844) Tenured: 15463K(349568K)->15484K(349568K)
[122.317s][info][gc,metaspace   ] GC(844) Metaspace: 14264K(15168K)->14264K(15168K) NonClass: 12304K(12864K)->12304K(12864K) Class: 1959K(2304K)->1959K(2304K)
[122.317s][info][gc             ] GC(844) Pause Young (Allocation Failure) 151M->15M(494M) 27.635ms
[122.317s][info][gc,cpu         ] GC(844) User=0.02s Sys=0.00s Real=0.03s
[122.451s][info][gc,start       ] GC(845) Pause Young (Allocation Failure)
[122.478s][info][gc,heap        ] GC(845) DefNew: 140091K(157248K)->321K(157248K) Eden: 139776K(139776K)->0K(139776K) From: 315K(17472K)->321K(17472K)
[122.478s][info][gc,heap        ] GC(845) Tenured: 15484K(349568K)->15502K(349568K)
[122.478s][info][gc,metaspace   ] GC(845) Metaspace: 14264K(15168K)->14264K(15168K) NonClass: 12304K(12864K)->12304K(12864K) Class: 1959K(2304K)->1959K(2304K)
[122.478s][info][gc             ] GC(845) Pause Young (Allocation Failure) 151M->15M(494M) 26.593ms
[122.478s][info][gc,cpu         ] GC(845) User=0.02s Sys=0.00s Real=0.01s
[122.601s][info][gc,start       ] GC(846) Pause Young (Allocation Failure)
[122.628s][info][gc,heap        ] GC(846) DefNew: 140097K(157248K)->321K(157248K) Eden: 139776K(139776K)->0K(139776K) From: 321K(17472K)->321K(17472K)
[122.628s][info][gc,heap        ] GC(846) Tenured: 15502K(349568K)->15523K(349568K)
[122.628s][info][gc,metaspace   ] GC(846) Metaspace: 14264K(15168K)->14264K(15168K) NonClass: 12304K(12864K)->12304K(12864K) Class: 1959K(2304K)->1959K(2304K)
[122.628s][info][gc             ] GC(846) Pause Young (Allocation Failure) 151M->15M(494M) 27.186ms
[122.628s][info][gc,cpu         ] GC(846) User=0.02s Sys=0.00s Real=0.02s
[122.749s][info][gc,start       ] GC(847) Pause Young (Allocation Failure)
[122.777s][info][gc,heap        ] GC(847) DefNew: 140097K(157248K)->321K(157248K) Eden: 139776K(139776K)->0K(139776K) From: 321K(17472K)->321K(17472K)
[122.777s][info][gc,heap        ] GC(847) Tenured: 15523K(349568K)->15544K(349568K)
[122.777s][info][gc,metaspace   ] GC(847) Metaspace: 14264K(15168K)->14264K(15168K) NonClass: 12304K(12864K)->12304K(12864K) Class: 1959K(2304K)->1959K(2304K)
[122.777s][info][gc             ] GC(847) Pause Young (Allocation Failure) 151M->15M(494M) 27.682ms
[122.777s][info][gc,cpu         ] GC(847) User=0.02s Sys=0.00s Real=0.02s
[122.898s][info][gc,start       ] GC(848) Pause Young (Allocation Failure)
[122.928s][info][gc,heap        ] GC(848) DefNew: 140097K(157248K)->320K(157248K) Eden: 139776K(139776K)->0K(139776K) From: 321K(17472K)->320K(17472K)
[122.928s][info][gc,heap        ] GC(848) Tenured: 15544K(349568K)->15565K(349568K)
[122.928s][info][gc,metaspace   ] GC(848) Metaspace: 14264K(15168K)->14264K(15168K) NonClass: 12304K(12864K)->12304K(12864K) Class: 1959K(2304K)->1959K(2304K)
[122.928s][info][gc             ] GC(848) Pause Young (Allocation Failure) 151M->15M(494M) 29.538ms
[122.928s][info][gc,cpu         ] GC(848) User=0.02s Sys=0.00s Real=0.02s
[123.049s][info][gc,start       ] GC(849) Pause Young (Allocation Failure)
[123.077s][info][gc,heap        ] GC(849) DefNew: 140096K(157248K)->322K(157248K) Eden: 139776K(139776K)->0K(139776K) From: 320K(17472K)->322K(17472K)
[123.078s][info][gc,heap        ] GC(849) Tenured: 15565K(349568K)->15582K(349568K)
[123.078s][info][gc,metaspace   ] GC(849) Metaspace: 14264K(15168K)->14264K(15168K) NonClass: 12304K(12864K)->12304K(12864K) Class: 1959K(2304K)->1959K(2304K)
[123.078s][info][gc             ] GC(849) Pause Young (Allocation Failure) 152M->15M(494M) 28.142ms
[123.078s][info][gc,cpu         ] GC(849) User=0.03s Sys=0.00s Real=0.03s
[123.199s][info][gc,start       ] GC(850) Pause Young (Allocation Failure)
[123.228s][info][gc,heap        ] GC(850) DefNew: 140098K(157248K)->323K(157248K) Eden: 139776K(139776K)->0K(139776K) From: 322K(17472K)->323K(17472K)
[123.228s][info][gc,heap        ] GC(850) Tenured: 15582K(349568K)->15603K(349568K)
[123.228s][info][gc,metaspace   ] GC(850) Metaspace: 14264K(15168K)->14264K(15168K) NonClass: 12304K(12864K)->12304K(12864K) Class: 1959K(2304K)->1959K(2304K)
[123.228s][info][gc             ] GC(850) Pause Young (Allocation Failure) 152M->15M(494M) 29.913ms
[123.228s][info][gc,cpu         ] GC(850) User=0.03s Sys=0.00s Real=0.03s
[123.350s][info][gc,start       ] GC(851) Pause Young (Allocation Failure)
[123.379s][info][gc,heap        ] GC(851) DefNew: 140099K(157248K)->323K(157248K) Eden: 139776K(139776K)->0K(139776K) From: 323K(17472K)->323K(17472K)
[123.379s][info][gc,heap        ] GC(851) Tenured: 15603K(349568K)->15624K(349568K)
[123.379s][info][gc,metaspace   ] GC(851) Metaspace: 14264K(15168K)->14264K(15168K) NonClass: 12304K(12864K)->12304K(12864K) Class: 1959K(2304K)->1959K(2304K)
[123.379s][info][gc             ] GC(851) Pause Young (Allocation Failure) 152M->15M(494M) 28.613ms
[123.379s][info][gc,cpu         ] GC(851) User=0.02s Sys=0.00s Real=0.03s
[123.501s][info][gc,start       ] GC(852) Pause Young (Allocation Failure)
[123.531s][info][gc,heap        ] GC(852) DefNew: 140099K(157248K)->321K(157248K) Eden: 139776K(139776K)->0K(139776K) From: 323K(17472K)->321K(17472K)
[123.531s][info][gc,heap        ] GC(852) Tenured: 15624K(349568K)->15646K(349568K)
[123.531s][info][gc,metaspace   ] GC(852) Metaspace: 14264K(15168K)->14264K(15168K) NonClass: 12304K(12864K)->12304K(12864K) Class: 1959K(2304K)->1959K(2304K)
[123.531s][info][gc             ] GC(852) Pause Young (Allocation Failure) 152M->15M(494M) 29.976ms
[123.531s][info][gc,cpu         ] GC(852) User=0.02s Sys=0.00s Real=0.02s
[123.654s][info][gc,start       ] GC(853) Pause Young (Allocation Failure)
[123.684s][info][gc,heap        ] GC(853) DefNew: 140097K(157248K)->322K(157248K) Eden: 139776K(139776K)->0K(139776K) From: 321K(17472K)->322K(17472K)
[123.684s][info][gc,heap        ] GC(853) Tenured: 15646K(349568K)->15667K(349568K)
[123.684s][info][gc,metaspace   ] GC(853) Metaspace: 14264K(15168K)->14264K(15168K) NonClass: 12304K(12864K)->12304K(12864K) Class: 1959K(2304K)->1959K(2304K)
[123.684s][info][gc             ] GC(853) Pause Young (Allocation Failure) 152M->15M(494M) 29.980ms
[123.684s][info][gc,cpu         ] GC(853) User=0.03s Sys=0.00s Real=0.03s
[123.804s][info][gc,start       ] GC(854) Pause Young (Allocation Failure)
[123.835s][info][gc,heap        ] GC(854) DefNew: 140098K(157248K)->319K(157248K) Eden: 139776K(139776K)->0K(139776K) From: 322K(17472K)->319K(17472K)
[123.835s][info][gc,heap        ] GC(854) Tenured: 15667K(349568K)->15687K(349568K)
[123.835s][info][gc,metaspace   ] GC(854) Metaspace: 14264K(15168K)->14264K(15168K) NonClass: 12304K(12864K)->12304K(12864K) Class: 1959K(2304K)->1959K(2304K)
[123.835s][info][gc             ] GC(854) Pause Young (Allocation Failure) 152M->15M(494M) 31.646ms
[123.835s][info][gc,cpu         ] GC(854) User=0.03s Sys=0.02s Real=0.03s
[123.955s][info][gc,start       ] GC(855) Pause Young (Allocation Failure)
[123.986s][info][gc,heap        ] GC(855) DefNew: 140095K(157248K)->320K(157248K) Eden: 139776K(139776K)->0K(139776K) From: 319K(17472K)->320K(17472K)
[123.986s][info][gc,heap        ] GC(855) Tenured: 15687K(349568K)->15708K(349568K)
[123.986s][info][gc,metaspace   ] GC(855) Metaspace: 14264K(15168K)->14264K(15168K) NonClass: 12304K(12864K)->12304K(12864K) Class: 1959K(2304K)->1959K(2304K)
[123.986s][info][gc             ] GC(855) Pause Young (Allocation Failure) 152M->15M(494M) 30.840ms
[123.986s][info][gc,cpu         ] GC(855) User=0.03s Sys=0.00s Real=0.02s
[124.105s][info][gc,start       ] GC(856) Pause Young (Allocation Failure)
[124.138s][info][gc,heap        ] GC(856) DefNew: 140096K(157248K)->317K(157248K) Eden: 139776K(139776K)->0K(139776K) From: 320K(17472K)->317K(17472K)
[124.138s][info][gc,heap        ] GC(856) Tenured: 15708K(349568K)->15729K(349568K)
[124.138s][info][gc,metaspace   ] GC(856) Metaspace: 14264K(15168K)->14264K(15168K) NonClass: 12304K(12864K)->12304K(12864K) Class: 1959K(2304K)->1959K(2304K)
[124.138s][info][gc             ] GC(856) Pause Young (Allocation Failure) 152M->15M(494M) 33.479ms
[124.138s][info][gc,cpu         ] GC(856) User=0.03s Sys=0.00s Real=0.03s
[124.260s][info][gc,start       ] GC(857) Pause Young (Allocation Failure)
[124.284s][info][gc,heap        ] GC(857) DefNew: 140093K(157248K)->317K(157248K) Eden: 139776K(139776K)->0K(139776K) From: 317K(17472K)->317K(17472K)
[124.284s][info][gc,heap        ] GC(857) Tenured: 15729K(349568K)->15750K(349568K)
[124.284s][info][gc,metaspace   ] GC(857) Metaspace: 14264K(15168K)->14264K(15168K) NonClass: 12304K(12864K)->12304K(12864K) Class: 1959K(2304K)->1959K(2304K)
[124.284s][info][gc             ] GC(857) Pause Young (Allocation Failure) 152M->15M(494M) 24.159ms
[124.284s][info][gc,cpu         ] GC(857) User=0.02s Sys=0.00s Real=0.01s
[124.406s][info][gc,start       ] GC(858) Pause Young (Allocation Failure)
[124.430s][info][gc,heap        ] GC(858) DefNew: 140093K(157248K)->317K(157248K) Eden: 139776K(139776K)->0K(139776K) From: 317K(17472K)->317K(17472K)
[124.430s][info][gc,heap        ] GC(858) Tenured: 15750K(349568K)->15771K(349568K)
[124.430s][info][gc,metaspace   ] GC(858) Metaspace: 14264K(15168K)->14264K(15168K) NonClass: 12304K(12864K)->12304K(12864K) Class: 1959K(2304K)->1959K(2304K)
[124.430s][info][gc             ] GC(858) Pause Young (Allocation Failure) 152M->15M(494M) 24.058ms
[124.430s][info][gc,cpu         ] GC(858) User=0.03s Sys=0.00s Real=0.02s
[124.549s][info][gc,start       ] GC(859) Pause Young (Allocation Failure)
[124.581s][info][gc,heap        ] GC(859) DefNew: 140093K(157248K)->317K(157248K) Eden: 139776K(139776K)->0K(139776K) From: 317K(17472K)->317K(17472K)
[124.581s][info][gc,heap        ] GC(859) Tenured: 15771K(349568K)->15791K(349568K)
[124.581s][info][gc,metaspace   ] GC(859) Metaspace: 14264K(15168K)->14264K(15168K) NonClass: 12304K(12864K)->12304K(12864K) Class: 1959K(2304K)->1959K(2304K)
[124.581s][info][gc             ] GC(859) Pause Young (Allocation Failure) 152M->15M(494M) 32.325ms
[124.581s][info][gc,cpu         ] GC(859) User=0.03s Sys=0.00s Real=0.03s
[124.702s][info][gc,start       ] GC(860) Pause Young (Allocation Failure)
[124.734s][info][gc,heap        ] GC(860) DefNew: 140093K(157248K)->310K(157248K) Eden: 139776K(139776K)->0K(139776K) From: 317K(17472K)->310K(17472K)
[124.734s][info][gc,heap        ] GC(860) Tenured: 15791K(349568K)->15815K(349568K)
[124.734s][info][gc,metaspace   ] GC(860) Metaspace: 14264K(15168K)->14264K(15168K) NonClass: 12304K(12864K)->12304K(12864K) Class: 1959K(2304K)->1959K(2304K)
[124.734s][info][gc             ] GC(860) Pause Young (Allocation Failure) 152M->15M(494M) 32.418ms
[124.734s][info][gc,cpu         ] GC(860) User=0.02s Sys=0.00s Real=0.02s
[124.858s][info][gc,start       ] GC(861) Pause Young (Allocation Failure)
[124.892s][info][gc,heap        ] GC(861) DefNew: 140086K(157248K)->312K(157248K) Eden: 139776K(139776K)->0K(139776K) From: 310K(17472K)->312K(17472K)
[124.892s][info][gc,heap        ] GC(861) Tenured: 15815K(349568K)->15835K(349568K)
[124.892s][info][gc,metaspace   ] GC(861) Metaspace: 14264K(15168K)->14264K(15168K) NonClass: 12304K(12864K)->12304K(12864K) Class: 1959K(2304K)->1959K(2304K)
[124.892s][info][gc             ] GC(861) Pause Young (Allocation Failure) 152M->15M(494M) 34.448ms
[124.892s][info][gc,cpu         ] GC(861) User=0.03s Sys=0.00s Real=0.02s
[125.015s][info][gc,start       ] GC(862) Pause Young (Allocation Failure)
[125.040s][info][gc,heap        ] GC(862) DefNew: 140088K(157248K)->311K(157248K) Eden: 139776K(139776K)->0K(139776K) From: 312K(17472K)->311K(17472K)
[125.040s][info][gc,heap        ] GC(862) Tenured: 15835K(349568K)->15856K(349568K)
[125.040s][info][gc,metaspace   ] GC(862) Metaspace: 14264K(15168K)->14264K(15168K) NonClass: 12304K(12864K)->12304K(12864K) Class: 1959K(2304K)->1959K(2304K)
[125.040s][info][gc             ] GC(862) Pause Young (Allocation Failure) 152M->15M(494M) 25.023ms
[125.040s][info][gc,cpu         ] GC(862) User=0.03s Sys=0.00s Real=0.03s
[125.161s][info][gc,start       ] GC(863) Pause Young (Allocation Failure)
[125.186s][info][gc,heap        ] GC(863) DefNew: 140087K(157248K)->311K(157248K) Eden: 139776K(139776K)->0K(139776K) From: 311K(17472K)->311K(17472K)
[125.186s][info][gc,heap        ] GC(863) Tenured: 15856K(349568K)->15876K(349568K)
[125.186s][info][gc,metaspace   ] GC(863) Metaspace: 14264K(15168K)->14264K(15168K) NonClass: 12304K(12864K)->12304K(12864K) Class: 1959K(2304K)->1959K(2304K)
[125.186s][info][gc             ] GC(863) Pause Young (Allocation Failure) 152M->15M(494M) 25.469ms
[125.186s][info][gc,cpu         ] GC(863) User=0.03s Sys=0.00s Real=0.03s
[125.307s][info][gc,start       ] GC(864) Pause Young (Allocation Failure)
[125.332s][info][gc,heap        ] GC(864) DefNew: 140087K(157248K)->312K(157248K) Eden: 139776K(139776K)->0K(139776K) From: 311K(17472K)->312K(17472K)
[125.332s][info][gc,heap        ] GC(864) Tenured: 15876K(349568K)->15897K(349568K)
[125.332s][info][gc,metaspace   ] GC(864) Metaspace: 14264K(15168K)->14264K(15168K) NonClass: 12304K(12864K)->12304K(12864K) Class: 1959K(2304K)->1959K(2304K)
[125.332s][info][gc             ] GC(864) Pause Young (Allocation Failure) 152M->15M(494M) 24.959ms
[125.332s][info][gc,cpu         ] GC(864) User=0.02s Sys=0.00s Real=0.02s
[125.453s][info][gc,start       ] GC(865) Pause Young (Allocation Failure)
[125.479s][info][gc,heap        ] GC(865) DefNew: 140088K(157248K)->311K(157248K) Eden: 139776K(139776K)->0K(139776K) From: 312K(17472K)->311K(17472K)
[125.479s][info][gc,heap        ] GC(865) Tenured: 15897K(349568K)->15918K(349568K)
[125.479s][info][gc,metaspace   ] GC(865) Metaspace: 14264K(15168K)->14264K(15168K) NonClass: 12304K(12864K)->12304K(12864K) Class: 1959K(2304K)->1959K(2304K)
[125.479s][info][gc             ] GC(865) Pause Young (Allocation Failure) 152M->15M(494M) 26.186ms
[125.479s][info][gc,cpu         ] GC(865) User=0.03s Sys=0.00s Real=0.03s
[125.723s][info][gc,start       ] GC(866) Pause Young (Allocation Failure)
[125.754s][info][gc,heap        ] GC(866) DefNew: 140087K(157248K)->311K(157248K) Eden: 139776K(139776K)->0K(139776K) From: 311K(17472K)->311K(17472K)
[125.755s][info][gc,heap        ] GC(866) Tenured: 15918K(349568K)->15938K(349568K)
[125.755s][info][gc,metaspace   ] GC(866) Metaspace: 14264K(15168K)->14264K(15168K) NonClass: 12304K(12864K)->12304K(12864K) Class: 1959K(2304K)->1959K(2304K)
[125.755s][info][gc             ] GC(866) Pause Young (Allocation Failure) 152M->15M(494M) 31.296ms
[125.755s][info][gc,cpu         ] GC(866) User=0.03s Sys=0.00s Real=0.03s
[125.884s][info][gc,start       ] GC(867) Pause Young (Allocation Failure)
[125.909s][info][gc,heap        ] GC(867) DefNew: 140087K(157248K)->311K(157248K) Eden: 139776K(139776K)->0K(139776K) From: 311K(17472K)->311K(17472K)
[125.909s][info][gc,heap        ] GC(867) Tenured: 15938K(349568K)->15959K(349568K)
[125.909s][info][gc,metaspace   ] GC(867) Metaspace: 14264K(15168K)->14264K(15168K) NonClass: 12304K(12864K)->12304K(12864K) Class: 1959K(2304K)->1959K(2304K)
[125.909s][info][gc             ] GC(867) Pause Young (Allocation Failure) 152M->15M(494M) 25.306ms
[125.909s][info][gc,cpu         ] GC(867) User=0.02s Sys=0.00s Real=0.02s
[126.034s][info][gc,start       ] GC(868) Pause Young (Allocation Failure)
[126.064s][info][gc,heap        ] GC(868) DefNew: 140087K(157248K)->312K(157248K) Eden: 139776K(139776K)->0K(139776K) From: 311K(17472K)->312K(17472K)
[126.064s][info][gc,heap        ] GC(868) Tenured: 15959K(349568K)->15980K(349568K)
[126.064s][info][gc,metaspace   ] GC(868) Metaspace: 14264K(15168K)->14264K(15168K) NonClass: 12304K(12864K)->12304K(12864K) Class: 1959K(2304K)->1959K(2304K)
[126.065s][info][gc             ] GC(868) Pause Young (Allocation Failure) 152M->15M(494M) 30.289ms
[126.065s][info][gc,cpu         ] GC(868) User=0.03s Sys=0.00s Real=0.03s
[126.190s][info][gc,start       ] GC(869) Pause Young (Allocation Failure)
[126.220s][info][gc,heap        ] GC(869) DefNew: 140088K(157248K)->315K(157248K) Eden: 139776K(139776K)->0K(139776K) From: 312K(17472K)->315K(17472K)
[126.220s][info][gc,heap        ] GC(869) Tenured: 15980K(349568K)->15998K(349568K)
[126.220s][info][gc,metaspace   ] GC(869) Metaspace: 14264K(15168K)->14264K(15168K) NonClass: 12304K(12864K)->12304K(12864K) Class: 1959K(2304K)->1959K(2304K)
[126.220s][info][gc             ] GC(869) Pause Young (Allocation Failure) 152M->15M(494M) 29.653ms
[126.220s][info][gc,cpu         ] GC(869) User=0.03s Sys=0.00s Real=0.02s
[126.343s][info][gc,start       ] GC(870) Pause Young (Allocation Failure)
[126.370s][info][gc,heap        ] GC(870) DefNew: 140091K(157248K)->310K(157248K) Eden: 139776K(139776K)->0K(139776K) From: 315K(17472K)->310K(17472K)
[126.370s][info][gc,heap        ] GC(870) Tenured: 15998K(349568K)->16020K(349568K)
[126.370s][info][gc,metaspace   ] GC(870) Metaspace: 14264K(15168K)->14264K(15168K) NonClass: 12304K(12864K)->12304K(12864K) Class: 1959K(2304K)->1959K(2304K)
[126.371s][info][gc             ] GC(870) Pause Young (Allocation Failure) 152M->15M(494M) 27.215ms
[126.371s][info][gc,cpu         ] GC(870) User=0.03s Sys=0.00s Real=0.03s
[126.504s][info][gc,start       ] GC(871) Pause Young (Allocation Failure)
[126.531s][info][gc,heap        ] GC(871) DefNew: 140086K(157248K)->317K(157248K) Eden: 139776K(139776K)->0K(139776K) From: 310K(17472K)->317K(17472K)
[126.531s][info][gc,heap        ] GC(871) Tenured: 16020K(349568K)->16038K(349568K)
[126.531s][info][gc,metaspace   ] GC(871) Metaspace: 14264K(15168K)->14264K(15168K) NonClass: 12304K(12864K)->12304K(12864K) Class: 1959K(2304K)->1959K(2304K)
[126.531s][info][gc             ] GC(871) Pause Young (Allocation Failure) 152M->15M(494M) 27.364ms
[126.531s][info][gc,cpu         ] GC(871) User=0.02s Sys=0.00s Real=0.02s
[126.655s][info][gc,start       ] GC(872) Pause Young (Allocation Failure)
[126.683s][info][gc,heap        ] GC(872) DefNew: 140093K(157248K)->315K(157248K) Eden: 139776K(139776K)->0K(139776K) From: 317K(17472K)->315K(17472K)
[126.683s][info][gc,heap        ] GC(872) Tenured: 16038K(349568K)->16059K(349568K)
[126.683s][info][gc,metaspace   ] GC(872) Metaspace: 14264K(15168K)->14264K(15168K) NonClass: 12304K(12864K)->12304K(12864K) Class: 1959K(2304K)->1959K(2304K)
[126.683s][info][gc             ] GC(872) Pause Young (Allocation Failure) 152M->15M(494M) 27.676ms
[126.683s][info][gc,cpu         ] GC(872) User=0.03s Sys=0.00s Real=0.03s
[126.803s][info][gc,start       ] GC(873) Pause Young (Allocation Failure)
[126.830s][info][gc,heap        ] GC(873) DefNew: 140091K(157248K)->314K(157248K) Eden: 139776K(139776K)->0K(139776K) From: 315K(17472K)->314K(17472K)
[126.831s][info][gc,heap        ] GC(873) Tenured: 16059K(349568K)->16080K(349568K)
[126.831s][info][gc,metaspace   ] GC(873) Metaspace: 14264K(15168K)->14264K(15168K) NonClass: 12304K(12864K)->12304K(12864K) Class: 1959K(2304K)->1959K(2304K)
[126.831s][info][gc             ] GC(873) Pause Young (Allocation Failure) 152M->16M(494M) 27.772ms
[126.831s][info][gc,cpu         ] GC(873) User=0.00s Sys=0.03s Real=0.01s
[126.951s][info][gc,start       ] GC(874) Pause Young (Allocation Failure)
[126.979s][info][gc,heap        ] GC(874) DefNew: 140090K(157248K)->310K(157248K) Eden: 139776K(139776K)->0K(139776K) From: 314K(17472K)->310K(17472K)
[126.979s][info][gc,heap        ] GC(874) Tenured: 16080K(349568K)->16100K(349568K)
[126.979s][info][gc,metaspace   ] GC(874) Metaspace: 14264K(15168K)->14264K(15168K) NonClass: 12304K(12864K)->12304K(12864K) Class: 1959K(2304K)->1959K(2304K)
[126.979s][info][gc             ] GC(874) Pause Young (Allocation Failure) 152M->16M(494M) 28.171ms
[126.979s][info][gc,cpu         ] GC(874) User=0.03s Sys=0.00s Real=0.03s
[127.099s][info][gc,start       ] GC(875) Pause Young (Allocation Failure)
[127.127s][info][gc,heap        ] GC(875) DefNew: 140086K(157248K)->312K(157248K) Eden: 139775K(139776K)->0K(139776K) From: 310K(17472K)->312K(17472K)
[127.127s][info][gc,heap        ] GC(875) Tenured: 16100K(349568K)->16118K(349568K)
[127.127s][info][gc,metaspace   ] GC(875) Metaspace: 14264K(15168K)->14264K(15168K) NonClass: 12304K(12864K)->12304K(12864K) Class: 1959K(2304K)->1959K(2304K)
[127.128s][info][gc             ] GC(875) Pause Young (Allocation Failure) 152M->16M(494M) 28.470ms
[127.128s][info][gc,cpu         ] GC(875) User=0.02s Sys=0.00s Real=0.01s
[127.251s][info][gc,start       ] GC(876) Pause Young (Allocation Failure)
[127.281s][info][gc,heap        ] GC(876) DefNew: 140088K(157248K)->309K(157248K) Eden: 139776K(139776K)->0K(139776K) From: 312K(17472K)->309K(17472K)
[127.281s][info][gc,heap        ] GC(876) Tenured: 16118K(349568K)->16138K(349568K)
[127.281s][info][gc,metaspace   ] GC(876) Metaspace: 14264K(15168K)->14264K(15168K) NonClass: 12304K(12864K)->12304K(12864K) Class: 1959K(2304K)->1959K(2304K)
[127.281s][info][gc             ] GC(876) Pause Young (Allocation Failure) 152M->16M(494M) 29.821ms
[127.281s][info][gc,cpu         ] GC(876) User=0.03s Sys=0.00s Real=0.03s
[127.400s][info][gc,start       ] GC(877) Pause Young (Allocation Failure)
[127.429s][info][gc,heap        ] GC(877) DefNew: 140085K(157248K)->306K(157248K) Eden: 139776K(139776K)->0K(139776K) From: 309K(17472K)->306K(17472K)
[127.429s][info][gc,heap        ] GC(877) Tenured: 16138K(349568K)->16159K(349568K)
[127.429s][info][gc,metaspace   ] GC(877) Metaspace: 14264K(15168K)->14264K(15168K) NonClass: 12304K(12864K)->12304K(12864K) Class: 1959K(2304K)->1959K(2304K)
[127.430s][info][gc             ] GC(877) Pause Young (Allocation Failure) 152M->16M(494M) 29.050ms
[127.430s][info][gc,cpu         ] GC(877) User=0.03s Sys=0.00s Real=0.03s
[127.552s][info][gc,start       ] GC(878) Pause Young (Allocation Failure)
[127.583s][info][gc,heap        ] GC(878) DefNew: 140082K(157248K)->307K(157248K) Eden: 139776K(139776K)->0K(139776K) From: 306K(17472K)->307K(17472K)
[127.583s][info][gc,heap        ] GC(878) Tenured: 16159K(349568K)->16179K(349568K)
[127.583s][info][gc,metaspace   ] GC(878) Metaspace: 14264K(15168K)->14264K(15168K) NonClass: 12304K(12864K)->12304K(12864K) Class: 1959K(2304K)->1959K(2304K)
[127.583s][info][gc             ] GC(878) Pause Young (Allocation Failure) 152M->16M(494M) 31.416ms
[127.583s][info][gc,cpu         ] GC(878) User=0.03s Sys=0.00s Real=0.03s
[127.700s][info][gc,start       ] GC(879) Pause Young (Allocation Failure)
[127.723s][info][gc,heap        ] GC(879) DefNew: 140083K(157248K)->302K(157248K) Eden: 139776K(139776K)->0K(139776K) From: 307K(17472K)->302K(17472K)
[127.723s][info][gc,heap        ] GC(879) Tenured: 16179K(349568K)->16200K(349568K)
[127.723s][info][gc,metaspace   ] GC(879) Metaspace: 14264K(15168K)->14264K(15168K) NonClass: 12304K(12864K)->12304K(12864K) Class: 1959K(2304K)->1959K(2304K)
[127.723s][info][gc             ] GC(879) Pause Young (Allocation Failure) 152M->16M(494M) 22.899ms
[127.723s][info][gc,cpu         ] GC(879) User=0.02s Sys=0.00s Real=0.02s
[127.844s][info][gc,start       ] GC(880) Pause Young (Allocation Failure)
[127.874s][info][gc,heap        ] GC(880) DefNew: 140078K(157248K)->300K(157248K) Eden: 139776K(139776K)->0K(139776K) From: 302K(17472K)->300K(17472K)
[127.874s][info][gc,heap        ] GC(880) Tenured: 16200K(349568K)->16221K(349568K)
[127.874s][info][gc,metaspace   ] GC(880) Metaspace: 14264K(15168K)->14264K(15168K) NonClass: 12304K(12864K)->12304K(12864K) Class: 1959K(2304K)->1959K(2304K)
[127.874s][info][gc             ] GC(880) Pause Young (Allocation Failure) 152M->16M(494M) 30.279ms
[127.874s][info][gc,cpu         ] GC(880) User=0.03s Sys=0.00s Real=0.03s
[127.994s][info][gc,start       ] GC(881) Pause Young (Allocation Failure)
[128.025s][info][gc,heap        ] GC(881) DefNew: 140076K(157248K)->300K(157248K) Eden: 139776K(139776K)->0K(139776K) From: 300K(17472K)->300K(17472K)
[128.025s][info][gc,heap        ] GC(881) Tenured: 16221K(349568K)->16242K(349568K)
[128.025s][info][gc,metaspace   ] GC(881) Metaspace: 14264K(15168K)->14264K(15168K) NonClass: 12304K(12864K)->12304K(12864K) Class: 1959K(2304K)->1959K(2304K)
[128.025s][info][gc             ] GC(881) Pause Young (Allocation Failure) 152M->16M(494M) 30.750ms
[128.025s][info][gc,cpu         ] GC(881) User=0.02s Sys=0.00s Real=0.02s
[128.145s][info][gc,start       ] GC(882) Pause Young (Allocation Failure)
[128.177s][info][gc,heap        ] GC(882) DefNew: 140076K(157248K)->300K(157248K) Eden: 139776K(139776K)->0K(139776K) From: 300K(17472K)->300K(17472K)
[128.177s][info][gc,heap        ] GC(882) Tenured: 16242K(349568K)->16263K(349568K)
[128.177s][info][gc,metaspace   ] GC(882) Metaspace: 14264K(15168K)->14264K(15168K) NonClass: 12304K(12864K)->12304K(12864K) Class: 1959K(2304K)->1959K(2304K)
[128.177s][info][gc             ] GC(882) Pause Young (Allocation Failure) 152M->16M(494M) 32.196ms
[128.177s][info][gc,cpu         ] GC(882) User=0.03s Sys=0.00s Real=0.03s
[128.300s][info][gc,start       ] GC(883) Pause Young (Allocation Failure)
[128.331s][info][gc,heap        ] GC(883) DefNew: 140076K(157248K)->299K(157248K) Eden: 139776K(139776K)->0K(139776K) From: 300K(17472K)->299K(17472K)
[128.331s][info][gc,heap        ] GC(883) Tenured: 16263K(349568K)->16284K(349568K)
[128.331s][info][gc,metaspace   ] GC(883) Metaspace: 14264K(15168K)->14264K(15168K) NonClass: 12304K(12864K)->12304K(12864K) Class: 1959K(2304K)->1959K(2304K)
[128.331s][info][gc             ] GC(883) Pause Young (Allocation Failure) 152M->16M(494M) 30.732ms
[128.331s][info][gc,cpu         ] GC(883) User=0.03s Sys=0.00s Real=0.02s
[128.454s][info][gc,start       ] GC(884) Pause Young (Allocation Failure)
[128.486s][info][gc,heap        ] GC(884) DefNew: 140075K(157248K)->300K(157248K) Eden: 139776K(139776K)->0K(139776K) From: 299K(17472K)->300K(17472K)
[128.486s][info][gc,heap        ] GC(884) Tenured: 16284K(349568K)->16305K(349568K)
[128.486s][info][gc,metaspace   ] GC(884) Metaspace: 14264K(15168K)->14264K(15168K) NonClass: 12304K(12864K)->12304K(12864K) Class: 1959K(2304K)->1959K(2304K)
[128.486s][info][gc             ] GC(884) Pause Young (Allocation Failure) 152M->16M(494M) 31.905ms
[128.486s][info][gc,cpu         ] GC(884) User=0.03s Sys=0.00s Real=0.02s
[128.608s][info][gc,start       ] GC(885) Pause Young (Allocation Failure)
[128.641s][info][gc,heap        ] GC(885) DefNew: 140076K(157248K)->303K(157248K) Eden: 139776K(139776K)->0K(139776K) From: 300K(17472K)->303K(17472K)
[128.641s][info][gc,heap        ] GC(885) Tenured: 16305K(349568K)->16322K(349568K)
[128.641s][info][gc,metaspace   ] GC(885) Metaspace: 14264K(15168K)->14264K(15168K) NonClass: 12304K(12864K)->12304K(12864K) Class: 1959K(2304K)->1959K(2304K)
[128.641s][info][gc             ] GC(885) Pause Young (Allocation Failure) 152M->16M(494M) 33.694ms
[128.641s][info][gc,cpu         ] GC(885) User=0.03s Sys=0.00s Real=0.03s
[128.763s][info][gc,start       ] GC(886) Pause Young (Allocation Failure)
[128.787s][info][gc,heap        ] GC(886) DefNew: 140079K(157248K)->302K(157248K) Eden: 139776K(139776K)->0K(139776K) From: 303K(17472K)->302K(17472K)
[128.787s][info][gc,heap        ] GC(886) Tenured: 16322K(349568K)->16346K(349568K)
[128.787s][info][gc,metaspace   ] GC(886) Metaspace: 14264K(15168K)->14264K(15168K) NonClass: 12304K(12864K)->12304K(12864K) Class: 1959K(2304K)->1959K(2304K)
[128.787s][info][gc             ] GC(886) Pause Young (Allocation Failure) 152M->16M(494M) 23.905ms
[128.787s][info][gc,cpu         ] GC(886) User=0.02s Sys=0.00s Real=0.02s
[128.908s][info][gc,start       ] GC(887) Pause Young (Allocation Failure)
[128.933s][info][gc,heap        ] GC(887) DefNew: 140078K(157248K)->300K(157248K) Eden: 139776K(139776K)->0K(139776K) From: 302K(17472K)->300K(17472K)
[128.933s][info][gc,heap        ] GC(887) Tenured: 16346K(349568K)->16367K(349568K)
[128.933s][info][gc,metaspace   ] GC(887) Metaspace: 14264K(15168K)->14264K(15168K) NonClass: 12304K(12864K)->12304K(12864K) Class: 1959K(2304K)->1959K(2304K)
[128.933s][info][gc             ] GC(887) Pause Young (Allocation Failure) 152M->16M(494M) 25.018ms
[128.933s][info][gc,cpu         ] GC(887) User=0.02s Sys=0.00s Real=0.01s
[129.054s][info][gc,start       ] GC(888) Pause Young (Allocation Failure)
[129.079s][info][gc,heap        ] GC(888) DefNew: 140076K(157248K)->303K(157248K) Eden: 139776K(139776K)->0K(139776K) From: 300K(17472K)->303K(17472K)
[129.079s][info][gc,heap        ] GC(888) Tenured: 16367K(349568K)->16384K(349568K)
[129.079s][info][gc,metaspace   ] GC(888) Metaspace: 14264K(15168K)->14264K(15168K) NonClass: 12304K(12864K)->12304K(12864K) Class: 1959K(2304K)->1959K(2304K)
[129.079s][info][gc             ] GC(888) Pause Young (Allocation Failure) 152M->16M(494M) 24.854ms
[129.079s][info][gc,cpu         ] GC(888) User=0.00s Sys=0.00s Real=0.01s
[129.200s][info][gc,start       ] GC(889) Pause Young (Allocation Failure)
[129.225s][info][gc,heap        ] GC(889) DefNew: 140079K(157248K)->306K(157248K) Eden: 139775K(139776K)->0K(139776K) From: 303K(17472K)->306K(17472K)
[129.225s][info][gc,heap        ] GC(889) Tenured: 16384K(349568K)->16402K(349568K)
[129.225s][info][gc,metaspace   ] GC(889) Metaspace: 14264K(15168K)->14264K(15168K) NonClass: 12304K(12864K)->12304K(12864K) Class: 1959K(2304K)->1959K(2304K)
[129.225s][info][gc             ] GC(889) Pause Young (Allocation Failure) 152M->16M(494M) 24.708ms
[129.225s][info][gc,cpu         ] GC(889) User=0.02s Sys=0.00s Real=0.02s
[129.343s][info][gc,start       ] GC(890) Pause Young (Allocation Failure)
[129.376s][info][gc,heap        ] GC(890) DefNew: 140082K(157248K)->306K(157248K) Eden: 139776K(139776K)->0K(139776K) From: 306K(17472K)->306K(17472K)
[129.376s][info][gc,heap        ] GC(890) Tenured: 16402K(349568K)->16420K(349568K)
[129.376s][info][gc,metaspace   ] GC(890) Metaspace: 14264K(15168K)->14264K(15168K) NonClass: 12304K(12864K)->12304K(12864K) Class: 1959K(2304K)->1959K(2304K)
[129.376s][info][gc             ] GC(890) Pause Young (Allocation Failure) 152M->16M(494M) 33.393ms
[129.376s][info][gc,cpu         ] GC(890) User=0.02s Sys=0.00s Real=0.02s
[129.502s][info][gc,start       ] GC(891) Pause Young (Allocation Failure)
[129.536s][info][gc,heap        ] GC(891) DefNew: 140082K(157248K)->306K(157248K) Eden: 139776K(139776K)->0K(139776K) From: 306K(17472K)->306K(17472K)
[129.536s][info][gc,heap        ] GC(891) Tenured: 16420K(349568K)->16440K(349568K)
[129.536s][info][gc,metaspace   ] GC(891) Metaspace: 14264K(15168K)->14264K(15168K) NonClass: 12304K(12864K)->12304K(12864K) Class: 1959K(2304K)->1959K(2304K)
[129.536s][info][gc             ] GC(891) Pause Young (Allocation Failure) 152M->16M(494M) 33.907ms
[129.536s][info][gc,cpu         ] GC(891) User=0.03s Sys=0.00s Real=0.03s
[129.727s][info][gc,start       ] GC(892) Pause Young (Allocation Failure)
[129.769s][info][gc,heap        ] GC(892) DefNew: 140082K(157248K)->306K(157248K) Eden: 139776K(139776K)->0K(139776K) From: 306K(17472K)->306K(17472K)
[129.769s][info][gc,heap        ] GC(892) Tenured: 16440K(349568K)->16458K(349568K)
[129.769s][info][gc,metaspace   ] GC(892) Metaspace: 14264K(15168K)->14264K(15168K) NonClass: 12304K(12864K)->12304K(12864K) Class: 1959K(2304K)->1959K(2304K)
[129.769s][info][gc             ] GC(892) Pause Young (Allocation Failure) 152M->16M(494M) 41.934ms
[129.769s][info][gc,cpu         ] GC(892) User=0.03s Sys=0.00s Real=0.03s
[129.899s][info][gc,start       ] GC(893) Pause Young (Allocation Failure)
[129.923s][info][gc,heap        ] GC(893) DefNew: 140082K(157248K)->309K(157248K) Eden: 139776K(139776K)->0K(139776K) From: 306K(17472K)->309K(17472K)
[129.923s][info][gc,heap        ] GC(893) Tenured: 16458K(349568K)->16479K(349568K)
[129.923s][info][gc,metaspace   ] GC(893) Metaspace: 14264K(15168K)->14264K(15168K) NonClass: 12304K(12864K)->12304K(12864K) Class: 1959K(2304K)->1959K(2304K)
[129.923s][info][gc             ] GC(893) Pause Young (Allocation Failure) 152M->16M(494M) 23.742ms
[129.923s][info][gc,cpu         ] GC(893) User=0.02s Sys=0.00s Real=0.02s
[130.047s][info][gc,start       ] GC(894) Pause Young (Allocation Failure)
[130.076s][info][gc,heap        ] GC(894) DefNew: 140085K(157248K)->316K(157248K) Eden: 139776K(139776K)->0K(139776K) From: 309K(17472K)->316K(17472K)
[130.077s][info][gc,heap        ] GC(894) Tenured: 16479K(349568K)->16493K(349568K)
[130.077s][info][gc,metaspace   ] GC(894) Metaspace: 14264K(15168K)->14264K(15168K) NonClass: 12304K(12864K)->12304K(12864K) Class: 1959K(2304K)->1959K(2304K)
[130.077s][info][gc             ] GC(894) Pause Young (Allocation Failure) 152M->16M(494M) 29.206ms
[130.077s][info][gc,cpu         ] GC(894) User=0.02s Sys=0.00s Real=0.02s
[130.201s][info][gc,start       ] GC(895) Pause Young (Allocation Failure)
[130.228s][info][gc,heap        ] GC(895) DefNew: 140092K(157248K)->316K(157248K) Eden: 139776K(139776K)->0K(139776K) From: 316K(17472K)->316K(17472K)
[130.228s][info][gc,heap        ] GC(895) Tenured: 16493K(349568K)->16514K(349568K)
[130.228s][info][gc,metaspace   ] GC(895) Metaspace: 14264K(15168K)->14264K(15168K) NonClass: 12304K(12864K)->12304K(12864K) Class: 1959K(2304K)->1959K(2304K)
[130.228s][info][gc             ] GC(895) Pause Young (Allocation Failure) 152M->16M(494M) 27.689ms
[130.228s][info][gc,cpu         ] GC(895) User=0.03s Sys=0.00s Real=0.03s
[130.350s][info][gc,start       ] GC(896) Pause Young (Allocation Failure)
[130.378s][info][gc,heap        ] GC(896) DefNew: 140092K(157248K)->313K(157248K) Eden: 139776K(139776K)->0K(139776K) From: 316K(17472K)->313K(17472K)
[130.378s][info][gc,heap        ] GC(896) Tenured: 16514K(349568K)->16534K(349568K)
[130.378s][info][gc,metaspace   ] GC(896) Metaspace: 14264K(15168K)->14264K(15168K) NonClass: 12304K(12864K)->12304K(12864K) Class: 1959K(2304K)->1959K(2304K)
[130.378s][info][gc             ] GC(896) Pause Young (Allocation Failure) 152M->16M(494M) 27.991ms
[130.378s][info][gc,cpu         ] GC(896) User=0.03s Sys=0.00s Real=0.02s
[130.513s][info][gc,start       ] GC(897) Pause Young (Allocation Failure)
[130.539s][info][gc,heap        ] GC(897) DefNew: 140089K(157248K)->316K(157248K) Eden: 139776K(139776K)->0K(139776K) From: 313K(17472K)->316K(17472K)
[130.539s][info][gc,heap        ] GC(897) Tenured: 16534K(349568K)->16555K(349568K)
[130.539s][info][gc,metaspace   ] GC(897) Metaspace: 14264K(15168K)->14264K(15168K) NonClass: 12304K(12864K)->12304K(12864K) Class: 1959K(2304K)->1959K(2304K)
[130.539s][info][gc             ] GC(897) Pause Young (Allocation Failure) 152M->16M(494M) 26.308ms
[130.539s][info][gc,cpu         ] GC(897) User=0.03s Sys=0.00s Real=0.03s
[130.663s][info][gc,start       ] GC(898) Pause Young (Allocation Failure)
[130.691s][info][gc,heap        ] GC(898) DefNew: 140092K(157248K)->314K(157248K) Eden: 139776K(139776K)->0K(139776K) From: 316K(17472K)->314K(17472K)
[130.691s][info][gc,heap        ] GC(898) Tenured: 16555K(349568K)->16576K(349568K)
[130.691s][info][gc,metaspace   ] GC(898) Metaspace: 14264K(15168K)->14264K(15168K) NonClass: 12304K(12864K)->12304K(12864K) Class: 1959K(2304K)->1959K(2304K)
[130.691s][info][gc             ] GC(898) Pause Young (Allocation Failure) 152M->16M(494M) 28.506ms
[130.691s][info][gc,cpu         ] GC(898) User=0.02s Sys=0.00s Real=0.02s
[130.811s][info][gc,start       ] GC(899) Pause Young (Allocation Failure)
[130.832s][info][gc,heap        ] GC(899) DefNew: 140090K(157248K)->311K(157248K) Eden: 139776K(139776K)->0K(139776K) From: 314K(17472K)->311K(17472K)
[130.832s][info][gc,heap        ] GC(899) Tenured: 16576K(349568K)->16596K(349568K)
[130.832s][info][gc,metaspace   ] GC(899) Metaspace: 14264K(15168K)->14264K(15168K) NonClass: 12304K(12864K)->12304K(12864K) Class: 1959K(2304K)->1959K(2304K)
[130.832s][info][gc             ] GC(899) Pause Young (Allocation Failure) 152M->16M(494M) 21.192ms
[130.832s][info][gc,cpu         ] GC(899) User=0.00s Sys=0.00s Real=0.01s
[130.949s][info][gc,start       ] GC(900) Pause Young (Allocation Failure)
[130.977s][info][gc,heap        ] GC(900) DefNew: 140087K(157248K)->307K(157248K) Eden: 139776K(139776K)->0K(139776K) From: 311K(17472K)->307K(17472K)
[130.977s][info][gc,heap        ] GC(900) Tenured: 16596K(349568K)->16617K(349568K)
[130.977s][info][gc,metaspace   ] GC(900) Metaspace: 14264K(15168K)->14264K(15168K) NonClass: 12304K(12864K)->12304K(12864K) Class: 1959K(2304K)->1959K(2304K)
[130.977s][info][gc             ] GC(900) Pause Young (Allocation Failure) 153M->16M(494M) 27.927ms
[130.977s][info][gc,cpu         ] GC(900) User=0.02s Sys=0.00s Real=0.02s
[131.098s][info][gc,start       ] GC(901) Pause Young (Allocation Failure)
[131.128s][info][gc,heap        ] GC(901) DefNew: 140083K(157248K)->308K(157248K) Eden: 139776K(139776K)->0K(139776K) From: 307K(17472K)->308K(17472K)
[131.128s][info][gc,heap        ] GC(901) Tenured: 16617K(349568K)->16638K(349568K)
[131.128s][info][gc,metaspace   ] GC(901) Metaspace: 14264K(15168K)->14264K(15168K) NonClass: 12304K(12864K)->12304K(12864K) Class: 1959K(2304K)->1959K(2304K)
[131.128s][info][gc             ] GC(901) Pause Young (Allocation Failure) 153M->16M(494M) 29.803ms
[131.128s][info][gc,cpu         ] GC(901) User=0.03s Sys=0.00s Real=0.03s
[131.251s][info][gc,start       ] GC(902) Pause Young (Allocation Failure)
[131.280s][info][gc,heap        ] GC(902) DefNew: 140084K(157248K)->308K(157248K) Eden: 139776K(139776K)->0K(139776K) From: 308K(17472K)->308K(17472K)
[131.280s][info][gc,heap        ] GC(902) Tenured: 16638K(349568K)->16658K(349568K)
[131.280s][info][gc,metaspace   ] GC(902) Metaspace: 14264K(15168K)->14264K(15168K) NonClass: 12304K(12864K)->12304K(12864K) Class: 1959K(2304K)->1959K(2304K)
[131.280s][info][gc             ] GC(902) Pause Young (Allocation Failure) 153M->16M(494M) 28.498ms
[131.280s][info][gc,cpu         ] GC(902) User=0.02s Sys=0.00s Real=0.02s
[131.400s][info][gc,start       ] GC(903) Pause Young (Allocation Failure)
[131.439s][info][gc,heap        ] GC(903) DefNew: 140084K(157248K)->308K(157248K) Eden: 139776K(139776K)->0K(139776K) From: 308K(17472K)->308K(17472K)
[131.439s][info][gc,heap        ] GC(903) Tenured: 16658K(349568K)->16679K(349568K)
[131.439s][info][gc,metaspace   ] GC(903) Metaspace: 14264K(15168K)->14264K(15168K) NonClass: 12304K(12864K)->12304K(12864K) Class: 1959K(2304K)->1959K(2304K)
[131.439s][info][gc             ] GC(903) Pause Young (Allocation Failure) 153M->16M(494M) 38.868ms
[131.439s][info][gc,cpu         ] GC(903) User=0.03s Sys=0.00s Real=0.03s
[131.563s][info][gc,start       ] GC(904) Pause Young (Allocation Failure)
[131.586s][info][gc,heap        ] GC(904) DefNew: 140084K(157248K)->308K(157248K) Eden: 139776K(139776K)->0K(139776K) From: 308K(17472K)->308K(17472K)
[131.586s][info][gc,heap        ] GC(904) Tenured: 16679K(349568K)->16700K(349568K)
[131.586s][info][gc,metaspace   ] GC(904) Metaspace: 14264K(15168K)->14264K(15168K) NonClass: 12304K(12864K)->12304K(12864K) Class: 1959K(2304K)->1959K(2304K)
[131.586s][info][gc             ] GC(904) Pause Young (Allocation Failure) 153M->16M(494M) 22.334ms
[131.586s][info][gc,cpu         ] GC(904) User=0.03s Sys=0.00s Real=0.02s
[131.704s][info][gc,start       ] GC(905) Pause Young (Allocation Failure)
[131.727s][info][gc,heap        ] GC(905) DefNew: 140084K(157248K)->311K(157248K) Eden: 139776K(139776K)->0K(139776K) From: 308K(17472K)->311K(17472K)
[131.727s][info][gc,heap        ] GC(905) Tenured: 16700K(349568K)->16717K(349568K)
[131.727s][info][gc,metaspace   ] GC(905) Metaspace: 14264K(15168K)->14264K(15168K) NonClass: 12304K(12864K)->12304K(12864K) Class: 1959K(2304K)->1959K(2304K)
[131.727s][info][gc             ] GC(905) Pause Young (Allocation Failure) 153M->16M(494M) 22.686ms
[131.727s][info][gc,cpu         ] GC(905) User=0.03s Sys=0.00s Real=0.02s
[131.845s][info][gc,start       ] GC(906) Pause Young (Allocation Failure)
[131.868s][info][gc,heap        ] GC(906) DefNew: 140087K(157248K)->309K(157248K) Eden: 139776K(139776K)->0K(139776K) From: 311K(17472K)->309K(17472K)
[131.868s][info][gc,heap        ] GC(906) Tenured: 16717K(349568K)->16738K(349568K)
[131.868s][info][gc,metaspace   ] GC(906) Metaspace: 14264K(15168K)->14264K(15168K) NonClass: 12304K(12864K)->12304K(12864K) Class: 1959K(2304K)->1959K(2304K)
[131.868s][info][gc             ] GC(906) Pause Young (Allocation Failure) 153M->16M(494M) 22.816ms
[131.868s][info][gc,cpu         ] GC(906) User=0.03s Sys=0.00s Real=0.02s
[131.986s][info][gc,start       ] GC(907) Pause Young (Allocation Failure)
[132.017s][info][gc,heap        ] GC(907) DefNew: 140085K(157248K)->311K(157248K) Eden: 139776K(139776K)->0K(139776K) From: 309K(17472K)->311K(17472K)
[132.017s][info][gc,heap        ] GC(907) Tenured: 16738K(349568K)->16756K(349568K)
[132.017s][info][gc,metaspace   ] GC(907) Metaspace: 14264K(15168K)->14264K(15168K) NonClass: 12304K(12864K)->12304K(12864K) Class: 1959K(2304K)->1959K(2304K)
[132.017s][info][gc             ] GC(907) Pause Young (Allocation Failure) 153M->16M(494M) 31.302ms
[132.017s][info][gc,cpu         ] GC(907) User=0.03s Sys=0.00s Real=0.03s
[132.138s][info][gc,start       ] GC(908) Pause Young (Allocation Failure)
[132.171s][info][gc,heap        ] GC(908) DefNew: 140087K(157248K)->307K(157248K) Eden: 139776K(139776K)->0K(139776K) From: 311K(17472K)->307K(17472K)
[132.171s][info][gc,heap        ] GC(908) Tenured: 16756K(349568K)->16780K(349568K)
[132.171s][info][gc,metaspace   ] GC(908) Metaspace: 14264K(15168K)->14264K(15168K) NonClass: 12304K(12864K)->12304K(12864K) Class: 1959K(2304K)->1959K(2304K)
[132.171s][info][gc             ] GC(908) Pause Young (Allocation Failure) 153M->16M(494M) 32.953ms
[132.171s][info][gc,cpu         ] GC(908) User=0.03s Sys=0.00s Real=0.03s
[132.294s][info][gc,start       ] GC(909) Pause Young (Allocation Failure)
[132.317s][info][gc,heap        ] GC(909) DefNew: 140083K(157248K)->308K(157248K) Eden: 139776K(139776K)->0K(139776K) From: 307K(17472K)->308K(17472K)
[132.317s][info][gc,heap        ] GC(909) Tenured: 16780K(349568K)->16801K(349568K)
[132.317s][info][gc,metaspace   ] GC(909) Metaspace: 14264K(15168K)->14264K(15168K) NonClass: 12304K(12864K)->12304K(12864K) Class: 1959K(2304K)->1959K(2304K)
[132.317s][info][gc             ] GC(909) Pause Young (Allocation Failure) 153M->16M(494M) 23.105ms
[132.317s][info][gc,cpu         ] GC(909) User=0.02s Sys=0.00s Real=0.02s
[132.437s][info][gc,start       ] GC(910) Pause Young (Allocation Failure)
[132.470s][info][gc,heap        ] GC(910) DefNew: 140084K(157248K)->304K(157248K) Eden: 139776K(139776K)->0K(139776K) From: 308K(17472K)->304K(17472K)
[132.470s][info][gc,heap        ] GC(910) Tenured: 16801K(349568K)->16822K(349568K)
[132.470s][info][gc,metaspace   ] GC(910) Metaspace: 14264K(15168K)->14264K(15168K) NonClass: 12304K(12864K)->12304K(12864K) Class: 1959K(2304K)->1959K(2304K)
[132.470s][info][gc             ] GC(910) Pause Young (Allocation Failure) 153M->16M(494M) 32.290ms
[132.470s][info][gc,cpu         ] GC(910) User=0.03s Sys=0.00s Real=0.03s
[132.592s][info][gc,start       ] GC(911) Pause Young (Allocation Failure)
[132.626s][info][gc,heap        ] GC(911) DefNew: 140080K(157248K)->307K(157248K) Eden: 139776K(139776K)->0K(139776K) From: 304K(17472K)->307K(17472K)
[132.626s][info][gc,heap        ] GC(911) Tenured: 16822K(349568K)->16839K(349568K)
[132.626s][info][gc,metaspace   ] GC(911) Metaspace: 14264K(15168K)->14264K(15168K) NonClass: 12304K(12864K)->12304K(12864K) Class: 1959K(2304K)->1959K(2304K)
[132.626s][info][gc             ] GC(911) Pause Young (Allocation Failure) 153M->16M(494M) 33.801ms
[132.626s][info][gc,cpu         ] GC(911) User=0.02s Sys=0.00s Real=0.02s
[132.751s][info][gc,start       ] GC(912) Pause Young (Allocation Failure)
[132.806s][info][gc,heap        ] GC(912) DefNew: 140083K(157248K)->304K(157248K) Eden: 139776K(139776K)->0K(139776K) From: 307K(17472K)->304K(17472K)
[132.806s][info][gc,heap        ] GC(912) Tenured: 16839K(349568K)->16863K(349568K)
[132.806s][info][gc,metaspace   ] GC(912) Metaspace: 14264K(15168K)->14264K(15168K) NonClass: 12304K(12864K)->12304K(12864K) Class: 1959K(2304K)->1959K(2304K)
[132.806s][info][gc             ] GC(912) Pause Young (Allocation Failure) 153M->16M(494M) 54.622ms
[132.806s][info][gc,cpu         ] GC(912) User=0.03s Sys=0.00s Real=0.05s
[132.931s][info][gc,start       ] GC(913) Pause Young (Allocation Failure)
[132.955s][info][gc,heap        ] GC(913) DefNew: 140080K(157248K)->308K(157248K) Eden: 139776K(139776K)->0K(139776K) From: 304K(17472K)->308K(17472K)
[132.955s][info][gc,heap        ] GC(913) Tenured: 16863K(349568K)->16881K(349568K)
[132.955s][info][gc,metaspace   ] GC(913) Metaspace: 14264K(15168K)->14264K(15168K) NonClass: 12304K(12864K)->12304K(12864K) Class: 1959K(2304K)->1959K(2304K)
[132.955s][info][gc             ] GC(913) Pause Young (Allocation Failure) 153M->16M(494M) 24.331ms
[132.955s][info][gc,cpu         ] GC(913) User=0.02s Sys=0.00s Real=0.02s
[133.075s][info][gc,start       ] GC(914) Pause Young (Allocation Failure)
[133.099s][info][gc,heap        ] GC(914) DefNew: 140084K(157248K)->310K(157248K) Eden: 139776K(139776K)->0K(139776K) From: 308K(17472K)->310K(17472K)
[133.099s][info][gc,heap        ] GC(914) Tenured: 16881K(349568K)->16899K(349568K)
[133.099s][info][gc,metaspace   ] GC(914) Metaspace: 14264K(15168K)->14264K(15168K) NonClass: 12304K(12864K)->12304K(12864K) Class: 1959K(2304K)->1959K(2304K)
[133.099s][info][gc             ] GC(914) Pause Young (Allocation Failure) 153M->16M(494M) 24.504ms
[133.099s][info][gc,cpu         ] GC(914) User=0.02s Sys=0.00s Real=0.02s
[133.222s][info][gc,start       ] GC(915) Pause Young (Allocation Failure)
[133.255s][info][gc,heap        ] GC(915) DefNew: 140086K(157248K)->313K(157248K) Eden: 139776K(139776K)->0K(139776K) From: 310K(17472K)->313K(17472K)
[133.255s][info][gc,heap        ] GC(915) Tenured: 16899K(349568K)->16917K(349568K)
[133.255s][info][gc,metaspace   ] GC(915) Metaspace: 14264K(15168K)->14264K(15168K) NonClass: 12304K(12864K)->12304K(12864K) Class: 1959K(2304K)->1959K(2304K)
[133.255s][info][gc             ] GC(915) Pause Young (Allocation Failure) 153M->16M(494M) 33.309ms
[133.255s][info][gc,cpu         ] GC(915) User=0.03s Sys=0.00s Real=0.03s
[133.379s][info][gc,start       ] GC(916) Pause Young (Allocation Failure)
[133.414s][info][gc,heap        ] GC(916) DefNew: 140089K(157248K)->313K(157248K) Eden: 139776K(139776K)->0K(139776K) From: 313K(17472K)->313K(17472K)
[133.414s][info][gc,heap        ] GC(916) Tenured: 16917K(349568K)->16938K(349568K)
[133.414s][info][gc,metaspace   ] GC(916) Metaspace: 14264K(15168K)->14264K(15168K) NonClass: 12304K(12864K)->12304K(12864K) Class: 1959K(2304K)->1959K(2304K)
[133.414s][info][gc             ] GC(916) Pause Young (Allocation Failure) 153M->16M(494M) 35.625ms
[133.414s][info][gc,cpu         ] GC(916) User=0.05s Sys=0.00s Real=0.03s
[133.539s][info][gc,start       ] GC(917) Pause Young (Allocation Failure)
[133.564s][info][gc,heap        ] GC(917) DefNew: 140089K(157248K)->314K(157248K) Eden: 139776K(139776K)->0K(139776K) From: 313K(17472K)->314K(17472K)
[133.564s][info][gc,heap        ] GC(917) Tenured: 16938K(349568K)->16958K(349568K)
[133.564s][info][gc,metaspace   ] GC(917) Metaspace: 14264K(15168K)->14264K(15168K) NonClass: 12304K(12864K)->12304K(12864K) Class: 1959K(2304K)->1959K(2304K)
[133.564s][info][gc             ] GC(917) Pause Young (Allocation Failure) 153M->16M(494M) 25.254ms
[133.564s][info][gc,cpu         ] GC(917) User=0.02s Sys=0.00s Real=0.02s
[133.778s][info][gc,start       ] GC(918) Pause Young (Allocation Failure)
[133.810s][info][gc,heap        ] GC(918) DefNew: 140090K(157248K)->313K(157248K) Eden: 139776K(139776K)->0K(139776K) From: 314K(17472K)->313K(17472K)
[133.810s][info][gc,heap        ] GC(918) Tenured: 16958K(349568K)->16979K(349568K)
[133.810s][info][gc,metaspace   ] GC(918) Metaspace: 14264K(15168K)->14264K(15168K) NonClass: 12304K(12864K)->12304K(12864K) Class: 1959K(2304K)->1959K(2304K)
[133.810s][info][gc             ] GC(918) Pause Young (Allocation Failure) 153M->16M(494M) 31.721ms
[133.810s][info][gc,cpu         ] GC(918) User=0.03s Sys=0.00s Real=0.03s
[133.941s][info][gc,start       ] GC(919) Pause Young (Allocation Failure)
[133.973s][info][gc,heap        ] GC(919) DefNew: 140089K(157248K)->313K(157248K) Eden: 139776K(139776K)->0K(139776K) From: 313K(17472K)->313K(17472K)
[133.973s][info][gc,heap        ] GC(919) Tenured: 16979K(349568K)->17000K(349568K)
[133.973s][info][gc,metaspace   ] GC(919) Metaspace: 14264K(15168K)->14264K(15168K) NonClass: 12304K(12864K)->12304K(12864K) Class: 1959K(2304K)->1959K(2304K)
[133.973s][info][gc             ] GC(919) Pause Young (Allocation Failure) 153M->16M(494M) 32.078ms
[133.973s][info][gc,cpu         ] GC(919) User=0.02s Sys=0.00s Real=0.02s
[134.101s][info][gc,start       ] GC(920) Pause Young (Allocation Failure)
[134.132s][info][gc,heap        ] GC(920) DefNew: 140089K(157248K)->312K(157248K) Eden: 139776K(139776K)->0K(139776K) From: 313K(17472K)->312K(17472K)
[134.132s][info][gc,heap        ] GC(920) Tenured: 17000K(349568K)->17021K(349568K)
[134.132s][info][gc,metaspace   ] GC(920) Metaspace: 14264K(15168K)->14264K(15168K) NonClass: 12304K(12864K)->12304K(12864K) Class: 1959K(2304K)->1959K(2304K)
[134.132s][info][gc             ] GC(920) Pause Young (Allocation Failure) 153M->16M(494M) 30.981ms
[134.132s][info][gc,cpu         ] GC(920) User=0.02s Sys=0.00s Real=0.03s
[134.261s][info][gc,start       ] GC(921) Pause Young (Allocation Failure)
[134.289s][info][gc,heap        ] GC(921) DefNew: 140088K(157248K)->316K(157248K) Eden: 139776K(139776K)->0K(139776K) From: 312K(17472K)->316K(17472K)
[134.289s][info][gc,heap        ] GC(921) Tenured: 17021K(349568K)->17038K(349568K)
[134.289s][info][gc,metaspace   ] GC(921) Metaspace: 14264K(15168K)->14264K(15168K) NonClass: 12304K(12864K)->12304K(12864K) Class: 1959K(2304K)->1959K(2304K)
[134.289s][info][gc             ] GC(921) Pause Young (Allocation Failure) 153M->16M(494M) 27.968ms
[134.289s][info][gc,cpu         ] GC(921) User=0.02s Sys=0.00s Real=0.02s
[134.410s][info][gc,start       ] GC(922) Pause Young (Allocation Failure)
[134.439s][info][gc,heap        ] GC(922) DefNew: 140092K(157248K)->313K(157248K) Eden: 139776K(139776K)->0K(139776K) From: 316K(17472K)->313K(17472K)
[134.439s][info][gc,heap        ] GC(922) Tenured: 17038K(349568K)->17059K(349568K)
[134.439s][info][gc,metaspace   ] GC(922) Metaspace: 14264K(15168K)->14264K(15168K) NonClass: 12304K(12864K)->12304K(12864K) Class: 1959K(2304K)->1959K(2304K)
[134.439s][info][gc             ] GC(922) Pause Young (Allocation Failure) 153M->16M(494M) 28.687ms
[134.439s][info][gc,cpu         ] GC(922) User=0.02s Sys=0.00s Real=0.02s
[134.570s][info][gc,start       ] GC(923) Pause Young (Allocation Failure)
[134.597s][info][gc,heap        ] GC(923) DefNew: 140089K(157248K)->313K(157248K) Eden: 139776K(139776K)->0K(139776K) From: 313K(17472K)->313K(17472K)
[134.597s][info][gc,heap        ] GC(923) Tenured: 17059K(349568K)->17080K(349568K)
[134.597s][info][gc,metaspace   ] GC(923) Metaspace: 14264K(15168K)->14264K(15168K) NonClass: 12304K(12864K)->12304K(12864K) Class: 1959K(2304K)->1959K(2304K)
[134.597s][info][gc             ] GC(923) Pause Young (Allocation Failure) 153M->16M(494M) 26.536ms
[134.597s][info][gc,cpu         ] GC(923) User=0.00s Sys=0.00s Real=0.01s
[134.720s][info][gc,start       ] GC(924) Pause Young (Allocation Failure)
[134.749s][info][gc,heap        ] GC(924) DefNew: 140089K(157248K)->314K(157248K) Eden: 139776K(139776K)->0K(139776K) From: 313K(17472K)->314K(17472K)
[134.749s][info][gc,heap        ] GC(924) Tenured: 17080K(349568K)->17097K(349568K)
[134.749s][info][gc,metaspace   ] GC(924) Metaspace: 14264K(15168K)->14264K(15168K) NonClass: 12304K(12864K)->12304K(12864K) Class: 1959K(2304K)->1959K(2304K)
[134.749s][info][gc             ] GC(924) Pause Young (Allocation Failure) 153M->17M(494M) 28.948ms
[134.749s][info][gc,cpu         ] GC(924) User=0.02s Sys=0.00s Real=0.02s
[134.869s][info][gc,start       ] GC(925) Pause Young (Allocation Failure)
[134.891s][info][gc,heap        ] GC(925) DefNew: 140090K(157248K)->314K(157248K) Eden: 139776K(139776K)->0K(139776K) From: 314K(17472K)->314K(17472K)
[134.891s][info][gc,heap        ] GC(925) Tenured: 17097K(349568K)->17118K(349568K)
[134.891s][info][gc,metaspace   ] GC(925) Metaspace: 14264K(15168K)->14264K(15168K) NonClass: 12304K(12864K)->12304K(12864K) Class: 1959K(2304K)->1959K(2304K)
[134.891s][info][gc             ] GC(925) Pause Young (Allocation Failure) 153M->17M(494M) 21.860ms
[134.891s][info][gc,cpu         ] GC(925) User=0.00s Sys=0.00s Real=0.01s
[135.009s][info][gc,start       ] GC(926) Pause Young (Allocation Failure)
[135.030s][info][gc,heap        ] GC(926) DefNew: 140090K(157248K)->310K(157248K) Eden: 139776K(139776K)->0K(139776K) From: 314K(17472K)->310K(17472K)
[135.030s][info][gc,heap        ] GC(926) Tenured: 17118K(349568K)->17138K(349568K)
[135.030s][info][gc,metaspace   ] GC(926) Metaspace: 14264K(15168K)->14264K(15168K) NonClass: 12304K(12864K)->12304K(12864K) Class: 1959K(2304K)->1959K(2304K)
[135.030s][info][gc             ] GC(926) Pause Young (Allocation Failure) 153M->17M(494M) 21.605ms
[135.030s][info][gc,cpu         ] GC(926) User=0.02s Sys=0.00s Real=0.02s
[135.149s][info][gc,start       ] GC(927) Pause Young (Allocation Failure)
[135.177s][info][gc,heap        ] GC(927) DefNew: 140086K(157248K)->310K(157248K) Eden: 139776K(139776K)->0K(139776K) From: 310K(17472K)->310K(17472K)
[135.178s][info][gc,heap        ] GC(927) Tenured: 17138K(349568K)->17159K(349568K)
[135.178s][info][gc,metaspace   ] GC(927) Metaspace: 14264K(15168K)->14264K(15168K) NonClass: 12304K(12864K)->12304K(12864K) Class: 1959K(2304K)->1959K(2304K)
[135.178s][info][gc             ] GC(927) Pause Young (Allocation Failure) 153M->17M(494M) 28.358ms
[135.178s][info][gc,cpu         ] GC(927) User=0.02s Sys=0.00s Real=0.02s
[135.300s][info][gc,start       ] GC(928) Pause Young (Allocation Failure)
[135.328s][info][gc,heap        ] GC(928) DefNew: 140086K(157248K)->310K(157248K) Eden: 139776K(139776K)->0K(139776K) From: 310K(17472K)->310K(17472K)
[135.328s][info][gc,heap        ] GC(928) Tenured: 17159K(349568K)->17180K(349568K)
[135.328s][info][gc,metaspace   ] GC(928) Metaspace: 14264K(15168K)->14264K(15168K) NonClass: 12304K(12864K)->12304K(12864K) Class: 1959K(2304K)->1959K(2304K)
[135.328s][info][gc             ] GC(928) Pause Young (Allocation Failure) 153M->17M(494M) 28.203ms
[135.328s][info][gc,cpu         ] GC(928) User=0.03s Sys=0.00s Real=0.02s
[135.451s][info][gc,start       ] GC(929) Pause Young (Allocation Failure)
[135.480s][info][gc,heap        ] GC(929) DefNew: 140086K(157248K)->309K(157248K) Eden: 139776K(139776K)->0K(139776K) From: 310K(17472K)->309K(17472K)
[135.480s][info][gc,heap        ] GC(929) Tenured: 17180K(349568K)->17201K(349568K)
[135.480s][info][gc,metaspace   ] GC(929) Metaspace: 14264K(15168K)->14264K(15168K) NonClass: 12304K(12864K)->12304K(12864K) Class: 1959K(2304K)->1959K(2304K)
[135.480s][info][gc             ] GC(929) Pause Young (Allocation Failure) 153M->17M(494M) 28.784ms
[135.480s][info][gc,cpu         ] GC(929) User=0.03s Sys=0.00s Real=0.02s
[135.601s][info][gc,start       ] GC(930) Pause Young (Allocation Failure)
[135.631s][info][gc,heap        ] GC(930) DefNew: 140085K(157248K)->310K(157248K) Eden: 139776K(139776K)->0K(139776K) From: 309K(17472K)->310K(17472K)
[135.631s][info][gc,heap        ] GC(930) Tenured: 17201K(349568K)->17222K(349568K)
[135.631s][info][gc,metaspace   ] GC(930) Metaspace: 14264K(15168K)->14264K(15168K) NonClass: 12304K(12864K)->12304K(12864K) Class: 1959K(2304K)->1959K(2304K)
[135.631s][info][gc             ] GC(930) Pause Young (Allocation Failure) 153M->17M(494M) 29.662ms
[135.631s][info][gc,cpu         ] GC(930) User=0.02s Sys=0.00s Real=0.02s
[135.753s][info][gc,start       ] GC(931) Pause Young (Allocation Failure)
[135.783s][info][gc,heap        ] GC(931) DefNew: 140086K(157248K)->310K(157248K) Eden: 139776K(139776K)->0K(139776K) From: 310K(17472K)->310K(17472K)
[135.783s][info][gc,heap        ] GC(931) Tenured: 17222K(349568K)->17242K(349568K)
[135.783s][info][gc,metaspace   ] GC(931) Metaspace: 14264K(15168K)->14264K(15168K) NonClass: 12304K(12864K)->12304K(12864K) Class: 1959K(2304K)->1959K(2304K)
[135.784s][info][gc             ] GC(931) Pause Young (Allocation Failure) 153M->17M(494M) 30.439ms
[135.784s][info][gc,cpu         ] GC(931) User=0.03s Sys=0.00s Real=0.03s
[135.904s][info][gc,start       ] GC(932) Pause Young (Allocation Failure)
[135.936s][info][gc,heap        ] GC(932) DefNew: 140086K(157248K)->307K(157248K) Eden: 139776K(139776K)->0K(139776K) From: 310K(17472K)->307K(17472K)
[135.936s][info][gc,heap        ] GC(932) Tenured: 17242K(349568K)->17263K(349568K)
[135.936s][info][gc,metaspace   ] GC(932) Metaspace: 14264K(15168K)->14264K(15168K) NonClass: 12304K(12864K)->12304K(12864K) Class: 1959K(2304K)->1959K(2304K)
[135.936s][info][gc             ] GC(932) Pause Young (Allocation Failure) 153M->17M(494M) 32.023ms
[135.936s][info][gc,cpu         ] GC(932) User=0.02s Sys=0.00s Real=0.02s
[136.056s][info][gc,start       ] GC(933) Pause Young (Allocation Failure)
[136.087s][info][gc,heap        ] GC(933) DefNew: 140083K(157248K)->307K(157248K) Eden: 139776K(139776K)->0K(139776K) From: 307K(17472K)->307K(17472K)
[136.087s][info][gc,heap        ] GC(933) Tenured: 17263K(349568K)->17284K(349568K)
[136.087s][info][gc,metaspace   ] GC(933) Metaspace: 14264K(15168K)->14264K(15168K) NonClass: 12304K(12864K)->12304K(12864K) Class: 1959K(2304K)->1959K(2304K)
[136.087s][info][gc             ] GC(933) Pause Young (Allocation Failure) 153M->17M(494M) 30.762ms
[136.087s][info][gc,cpu         ] GC(933) User=0.02s Sys=0.00s Real=0.03s
[136.209s][info][gc,start       ] GC(934) Pause Young (Allocation Failure)
[136.240s][info][gc,heap        ] GC(934) DefNew: 140083K(157248K)->307K(157248K) Eden: 139776K(139776K)->0K(139776K) From: 307K(17472K)->307K(17472K)
[136.240s][info][gc,heap        ] GC(934) Tenured: 17284K(349568K)->17304K(349568K)
[136.240s][info][gc,metaspace   ] GC(934) Metaspace: 14264K(15168K)->14264K(15168K) NonClass: 12304K(12864K)->12304K(12864K) Class: 1959K(2304K)->1959K(2304K)
[136.240s][info][gc             ] GC(934) Pause Young (Allocation Failure) 153M->17M(494M) 31.004ms
[136.240s][info][gc,cpu         ] GC(934) User=0.03s Sys=0.00s Real=0.03s
[136.362s][info][gc,start       ] GC(935) Pause Young (Allocation Failure)
[136.393s][info][gc,heap        ] GC(935) DefNew: 140083K(157248K)->307K(157248K) Eden: 139776K(139776K)->0K(139776K) From: 307K(17472K)->307K(17472K)
[136.394s][info][gc,heap        ] GC(935) Tenured: 17304K(349568K)->17325K(349568K)
[136.394s][info][gc,metaspace   ] GC(935) Metaspace: 14264K(15168K)->14264K(15168K) NonClass: 12304K(12864K)->12304K(12864K) Class: 1959K(2304K)->1959K(2304K)
[136.394s][info][gc             ] GC(935) Pause Young (Allocation Failure) 153M->17M(494M) 31.575ms
[136.394s][info][gc,cpu         ] GC(935) User=0.03s Sys=0.00s Real=0.03s
[136.518s][info][gc,start       ] GC(936) Pause Young (Allocation Failure)
[136.551s][info][gc,heap        ] GC(936) DefNew: 140083K(157248K)->307K(157248K) Eden: 139776K(139776K)->0K(139776K) From: 307K(17472K)->307K(17472K)
[136.552s][info][gc,heap        ] GC(936) Tenured: 17325K(349568K)->17346K(349568K)
[136.552s][info][gc,metaspace   ] GC(936) Metaspace: 14264K(15168K)->14264K(15168K) NonClass: 12304K(12864K)->12304K(12864K) Class: 1959K(2304K)->1959K(2304K)
[136.552s][info][gc             ] GC(936) Pause Young (Allocation Failure) 153M->17M(494M) 33.520ms
[136.552s][info][gc,cpu         ] GC(936) User=0.03s Sys=0.00s Real=0.03s
[136.671s][info][gc,start       ] GC(937) Pause Young (Allocation Failure)
[136.703s][info][gc,heap        ] GC(937) DefNew: 140083K(157248K)->307K(157248K) Eden: 139776K(139776K)->0K(139776K) From: 307K(17472K)->307K(17472K)
[136.703s][info][gc,heap        ] GC(937) Tenured: 17346K(349568K)->17364K(349568K)
[136.703s][info][gc,metaspace   ] GC(937) Metaspace: 14264K(15168K)->14264K(15168K) NonClass: 12304K(12864K)->12304K(12864K) Class: 1959K(2304K)->1959K(2304K)
[136.703s][info][gc             ] GC(937) Pause Young (Allocation Failure) 153M->17M(494M) 32.215ms
[136.703s][info][gc,cpu         ] GC(937) User=0.02s Sys=0.00s Real=0.02s
[136.825s][info][gc,start       ] GC(938) Pause Young (Allocation Failure)
[136.858s][info][gc,heap        ] GC(938) DefNew: 140083K(157248K)->306K(157248K) Eden: 139776K(139776K)->0K(139776K) From: 307K(17472K)->306K(17472K)
[136.858s][info][gc,heap        ] GC(938) Tenured: 17364K(349568K)->17385K(349568K)
[136.858s][info][gc,metaspace   ] GC(938) Metaspace: 14264K(15168K)->14264K(15168K) NonClass: 12304K(12864K)->12304K(12864K) Class: 1959K(2304K)->1959K(2304K)
[136.858s][info][gc             ] GC(938) Pause Young (Allocation Failure) 153M->17M(494M) 32.508ms
[136.858s][info][gc,cpu         ] GC(938) User=0.03s Sys=0.00s Real=0.03s
[136.981s][info][gc,start       ] GC(939) Pause Young (Allocation Failure)
[137.016s][info][gc,heap        ] GC(939) DefNew: 140082K(157248K)->310K(157248K) Eden: 139776K(139776K)->0K(139776K) From: 306K(17472K)->310K(17472K)
[137.016s][info][gc,heap        ] GC(939) Tenured: 17385K(349568K)->17403K(349568K)
[137.016s][info][gc,metaspace   ] GC(939) Metaspace: 14264K(15168K)->14264K(15168K) NonClass: 12304K(12864K)->12304K(12864K) Class: 1959K(2304K)->1959K(2304K)
[137.016s][info][gc             ] GC(939) Pause Young (Allocation Failure) 153M->17M(494M) 34.493ms
[137.016s][info][gc,cpu         ] GC(939) User=0.03s Sys=0.00s Real=0.03s
[137.139s][info][gc,start       ] GC(940) Pause Young (Allocation Failure)
[137.172s][info][gc,heap        ] GC(940) DefNew: 140086K(157248K)->309K(157248K) Eden: 139776K(139776K)->0K(139776K) From: 310K(17472K)->309K(17472K)
[137.172s][info][gc,heap        ] GC(940) Tenured: 17403K(349568K)->17423K(349568K)
[137.172s][info][gc,metaspace   ] GC(940) Metaspace: 14264K(15168K)->14264K(15168K) NonClass: 12304K(12864K)->12304K(12864K) Class: 1959K(2304K)->1959K(2304K)
[137.172s][info][gc             ] GC(940) Pause Young (Allocation Failure) 153M->17M(494M) 32.835ms
[137.172s][info][gc,cpu         ] GC(940) User=0.03s Sys=0.00s Real=0.03s
[137.294s][info][gc,start       ] GC(941) Pause Young (Allocation Failure)
[137.330s][info][gc,heap        ] GC(941) DefNew: 140085K(157248K)->311K(157248K) Eden: 139776K(139776K)->0K(139776K) From: 309K(17472K)->311K(17472K)
[137.330s][info][gc,heap        ] GC(941) Tenured: 17423K(349568K)->17441K(349568K)
[137.330s][info][gc,metaspace   ] GC(941) Metaspace: 14264K(15168K)->14264K(15168K) NonClass: 12304K(12864K)->12304K(12864K) Class: 1959K(2304K)->1959K(2304K)
[137.330s][info][gc             ] GC(941) Pause Young (Allocation Failure) 153M->17M(494M) 35.794ms
[137.330s][info][gc,cpu         ] GC(941) User=0.03s Sys=0.00s Real=0.04s
[137.454s][info][gc,start       ] GC(942) Pause Young (Allocation Failure)
[137.479s][info][gc,heap        ] GC(942) DefNew: 140087K(157248K)->312K(157248K) Eden: 139776K(139776K)->0K(139776K) From: 311K(17472K)->312K(17472K)
[137.479s][info][gc,heap        ] GC(942) Tenured: 17441K(349568K)->17462K(349568K)
[137.479s][info][gc,metaspace   ] GC(942) Metaspace: 14264K(15168K)->14264K(15168K) NonClass: 12304K(12864K)->12304K(12864K) Class: 1959K(2304K)->1959K(2304K)
[137.480s][info][gc             ] GC(942) Pause Young (Allocation Failure) 153M->17M(494M) 25.495ms
[137.480s][info][gc,cpu         ] GC(942) User=0.03s Sys=0.00s Real=0.03s
[137.602s][info][gc,start       ] GC(943) Pause Young (Allocation Failure)
[137.627s][info][gc,heap        ] GC(943) DefNew: 140088K(157248K)->312K(157248K) Eden: 139776K(139776K)->0K(139776K) From: 312K(17472K)->312K(17472K)
[137.627s][info][gc,heap        ] GC(943) Tenured: 17462K(349568K)->17482K(349568K)
[137.627s][info][gc,metaspace   ] GC(943) Metaspace: 14264K(15168K)->14264K(15168K) NonClass: 12304K(12864K)->12304K(12864K) Class: 1959K(2304K)->1959K(2304K)
[137.627s][info][gc             ] GC(943) Pause Young (Allocation Failure) 153M->17M(494M) 25.107ms
[137.627s][info][gc,cpu         ] GC(943) User=0.02s Sys=0.00s Real=0.02s
[137.818s][info][gc,start       ] GC(944) Pause Young (Allocation Failure)
[137.851s][info][gc,heap        ] GC(944) DefNew: 140088K(157248K)->312K(157248K) Eden: 139776K(139776K)->0K(139776K) From: 312K(17472K)->312K(17472K)
[137.851s][info][gc,heap        ] GC(944) Tenured: 17482K(349568K)->17503K(349568K)
[137.851s][info][gc,metaspace   ] GC(944) Metaspace: 14264K(15168K)->14264K(15168K) NonClass: 12304K(12864K)->12304K(12864K) Class: 1959K(2304K)->1959K(2304K)
[137.851s][info][gc             ] GC(944) Pause Young (Allocation Failure) 153M->17M(494M) 32.373ms
[137.851s][info][gc,cpu         ] GC(944) User=0.03s Sys=0.00s Real=0.02s
[137.981s][info][gc,start       ] GC(945) Pause Young (Allocation Failure)
[138.013s][info][gc,heap        ] GC(945) DefNew: 140088K(157248K)->311K(157248K) Eden: 139776K(139776K)->0K(139776K) From: 312K(17472K)->311K(17472K)
[138.013s][info][gc,heap        ] GC(945) Tenured: 17503K(349568K)->17524K(349568K)
[138.013s][info][gc,metaspace   ] GC(945) Metaspace: 14264K(15168K)->14264K(15168K) NonClass: 12304K(12864K)->12304K(12864K) Class: 1959K(2304K)->1959K(2304K)
[138.013s][info][gc             ] GC(945) Pause Young (Allocation Failure) 153M->17M(494M) 32.032ms
[138.013s][info][gc,cpu         ] GC(945) User=0.03s Sys=0.00s Real=0.03s
[138.153s][info][gc,start       ] GC(946) Pause Young (Allocation Failure)
[138.184s][info][gc,heap        ] GC(946) DefNew: 140087K(157248K)->315K(157248K) Eden: 139776K(139776K)->0K(139776K) From: 311K(17472K)->315K(17472K)
[138.184s][info][gc,heap        ] GC(946) Tenured: 17524K(349568K)->17545K(349568K)
[138.184s][info][gc,metaspace   ] GC(946) Metaspace: 14264K(15168K)->14264K(15168K) NonClass: 12304K(12864K)->12304K(12864K) Class: 1959K(2304K)->1959K(2304K)
[138.184s][info][gc             ] GC(946) Pause Young (Allocation Failure) 153M->17M(494M) 31.592ms
[138.184s][info][gc,cpu         ] GC(946) User=0.03s Sys=0.00s Real=0.03s
[138.311s][info][gc,start       ] GC(947) Pause Young (Allocation Failure)
[138.333s][info][gc,heap        ] GC(947) DefNew: 140091K(157248K)->314K(157248K) Eden: 139776K(139776K)->0K(139776K) From: 315K(17472K)->314K(17472K)
[138.333s][info][gc,heap        ] GC(947) Tenured: 17545K(349568K)->17562K(349568K)
[138.333s][info][gc,metaspace   ] GC(947) Metaspace: 14264K(15168K)->14264K(15168K) NonClass: 12304K(12864K)->12304K(12864K) Class: 1959K(2304K)->1959K(2304K)
[138.333s][info][gc             ] GC(947) Pause Young (Allocation Failure) 153M->17M(494M) 21.292ms
[138.333s][info][gc,cpu         ] GC(947) User=0.02s Sys=0.00s Real=0.02s
[138.455s][info][gc,start       ] GC(948) Pause Young (Allocation Failure)
[138.483s][info][gc,heap        ] GC(948) DefNew: 140090K(157248K)->315K(157248K) Eden: 139776K(139776K)->0K(139776K) From: 314K(17472K)->315K(17472K)
[138.483s][info][gc,heap        ] GC(948) Tenured: 17562K(349568K)->17583K(349568K)
[138.483s][info][gc,metaspace   ] GC(948) Metaspace: 14264K(15168K)->14264K(15168K) NonClass: 12304K(12864K)->12304K(12864K) Class: 1959K(2304K)->1959K(2304K)
[138.483s][info][gc             ] GC(948) Pause Young (Allocation Failure) 153M->17M(494M) 27.206ms
[138.483s][info][gc,cpu         ] GC(948) User=0.03s Sys=0.00s Real=0.02s
[138.602s][info][gc,start       ] GC(949) Pause Young (Allocation Failure)
[138.631s][info][gc,heap        ] GC(949) DefNew: 140091K(157248K)->314K(157248K) Eden: 139776K(139776K)->0K(139776K) From: 315K(17472K)->314K(17472K)
[138.631s][info][gc,heap        ] GC(949) Tenured: 17583K(349568K)->17604K(349568K)
[138.631s][info][gc,metaspace   ] GC(949) Metaspace: 14264K(15168K)->14264K(15168K) NonClass: 12304K(12864K)->12304K(12864K) Class: 1959K(2304K)->1959K(2304K)
[138.631s][info][gc             ] GC(949) Pause Young (Allocation Failure) 153M->17M(494M) 28.430ms
[138.631s][info][gc,cpu         ] GC(949) User=0.02s Sys=0.00s Real=0.03s
[138.752s][info][gc,start       ] GC(950) Pause Young (Allocation Failure)
[138.781s][info][gc,heap        ] GC(950) DefNew: 140090K(157248K)->315K(157248K) Eden: 139776K(139776K)->0K(139776K) From: 314K(17472K)->315K(17472K)
[138.781s][info][gc,heap        ] GC(950) Tenured: 17604K(349568K)->17624K(349568K)
[138.781s][info][gc,metaspace   ] GC(950) Metaspace: 14264K(15168K)->14264K(15168K) NonClass: 12304K(12864K)->12304K(12864K) Class: 1959K(2304K)->1959K(2304K)
[138.781s][info][gc             ] GC(950) Pause Young (Allocation Failure) 153M->17M(494M) 28.929ms
[138.781s][info][gc,cpu         ] GC(950) User=0.03s Sys=0.00s Real=0.03s
[138.911s][info][gc,start       ] GC(951) Pause Young (Allocation Failure)
[138.938s][info][gc,heap        ] GC(951) DefNew: 140091K(157248K)->315K(157248K) Eden: 139776K(139776K)->0K(139776K) From: 315K(17472K)->315K(17472K)
[138.938s][info][gc,heap        ] GC(951) Tenured: 17624K(349568K)->17645K(349568K)
[138.938s][info][gc,metaspace   ] GC(951) Metaspace: 14264K(15168K)->14264K(15168K) NonClass: 12304K(12864K)->12304K(12864K) Class: 1959K(2304K)->1959K(2304K)
[138.938s][info][gc             ] GC(951) Pause Young (Allocation Failure) 154M->17M(494M) 27.165ms
[138.938s][info][gc,cpu         ] GC(951) User=0.02s Sys=0.00s Real=0.02s
[139.058s][info][gc,start       ] GC(952) Pause Young (Allocation Failure)
[139.087s][info][gc,heap        ] GC(952) DefNew: 140091K(157248K)->317K(157248K) Eden: 139776K(139776K)->0K(139776K) From: 315K(17472K)->317K(17472K)
[139.087s][info][gc,heap        ] GC(952) Tenured: 17645K(349568K)->17663K(349568K)
[139.087s][info][gc,metaspace   ] GC(952) Metaspace: 14264K(15168K)->14264K(15168K) NonClass: 12304K(12864K)->12304K(12864K) Class: 1959K(2304K)->1959K(2304K)
[139.087s][info][gc             ] GC(952) Pause Young (Allocation Failure) 154M->17M(494M) 28.203ms
[139.087s][info][gc,cpu         ] GC(952) User=0.03s Sys=0.00s Real=0.03s
[139.208s][info][gc,start       ] GC(953) Pause Young (Allocation Failure)
[139.236s][info][gc,heap        ] GC(953) DefNew: 140093K(157248K)->316K(157248K) Eden: 139776K(139776K)->0K(139776K) From: 317K(17472K)->316K(17472K)
[139.236s][info][gc,heap        ] GC(953) Tenured: 17663K(349568K)->17683K(349568K)
[139.236s][info][gc,metaspace   ] GC(953) Metaspace: 14264K(15168K)->14264K(15168K) NonClass: 12304K(12864K)->12304K(12864K) Class: 1959K(2304K)->1959K(2304K)
[139.236s][info][gc             ] GC(953) Pause Young (Allocation Failure) 154M->17M(494M) 28.678ms
[139.236s][info][gc,cpu         ] GC(953) User=0.02s Sys=0.00s Real=0.01s
[139.358s][info][gc,start       ] GC(954) Pause Young (Allocation Failure)
[139.389s][info][gc,heap        ] GC(954) DefNew: 140092K(157248K)->316K(157248K) Eden: 139776K(139776K)->0K(139776K) From: 316K(17472K)->316K(17472K)
[139.389s][info][gc,heap        ] GC(954) Tenured: 17683K(349568K)->17704K(349568K)
[139.389s][info][gc,metaspace   ] GC(954) Metaspace: 14264K(15168K)->14264K(15168K) NonClass: 12304K(12864K)->12304K(12864K) Class: 1959K(2304K)->1959K(2304K)
[139.389s][info][gc             ] GC(954) Pause Young (Allocation Failure) 154M->17M(494M) 30.670ms
[139.389s][info][gc,cpu         ] GC(954) User=0.03s Sys=0.00s Real=0.03s
[139.511s][info][gc,start       ] GC(955) Pause Young (Allocation Failure)
[139.534s][info][gc,heap        ] GC(955) DefNew: 140092K(157248K)->313K(157248K) Eden: 139776K(139776K)->0K(139776K) From: 316K(17472K)->313K(17472K)
[139.534s][info][gc,heap        ] GC(955) Tenured: 17704K(349568K)->17724K(349568K)
[139.534s][info][gc,metaspace   ] GC(955) Metaspace: 14264K(15168K)->14264K(15168K) NonClass: 12304K(12864K)->12304K(12864K) Class: 1959K(2304K)->1959K(2304K)
[139.534s][info][gc             ] GC(955) Pause Young (Allocation Failure) 154M->17M(494M) 22.503ms
[139.534s][info][gc,cpu         ] GC(955) User=0.02s Sys=0.00s Real=0.02s
[139.651s][info][gc,start       ] GC(956) Pause Young (Allocation Failure)
[139.682s][info][gc,heap        ] GC(956) DefNew: 140089K(157248K)->312K(157248K) Eden: 139776K(139776K)->0K(139776K) From: 313K(17472K)->312K(17472K)
[139.682s][info][gc,heap        ] GC(956) Tenured: 17724K(349568K)->17745K(349568K)
[139.682s][info][gc,metaspace   ] GC(956) Metaspace: 14264K(15168K)->14264K(15168K) NonClass: 12304K(12864K)->12304K(12864K) Class: 1959K(2304K)->1959K(2304K)
[139.682s][info][gc             ] GC(956) Pause Young (Allocation Failure) 154M->17M(494M) 30.328ms
[139.682s][info][gc,cpu         ] GC(956) User=0.02s Sys=0.00s Real=0.02s
[139.803s][info][gc,start       ] GC(957) Pause Young (Allocation Failure)
[139.834s][info][gc,heap        ] GC(957) DefNew: 140088K(157248K)->309K(157248K) Eden: 139776K(139776K)->0K(139776K) From: 312K(17472K)->309K(17472K)
[139.834s][info][gc,heap        ] GC(957) Tenured: 17745K(349568K)->17765K(349568K)
[139.834s][info][gc,metaspace   ] GC(957) Metaspace: 14264K(15168K)->14264K(15168K) NonClass: 12304K(12864K)->12304K(12864K) Class: 1959K(2304K)->1959K(2304K)
[139.834s][info][gc             ] GC(957) Pause Young (Allocation Failure) 154M->17M(494M) 31.569ms
[139.834s][info][gc,cpu         ] GC(957) User=0.03s Sys=0.00s Real=0.02s
[139.959s][info][gc,start       ] GC(958) Pause Young (Allocation Failure)
[139.982s][info][gc,heap        ] GC(958) DefNew: 140085K(157248K)->308K(157248K) Eden: 139776K(139776K)->0K(139776K) From: 309K(17472K)->308K(17472K)
[139.982s][info][gc,heap        ] GC(958) Tenured: 17765K(349568K)->17786K(349568K)
[139.982s][info][gc,metaspace   ] GC(958) Metaspace: 14264K(15168K)->14264K(15168K) NonClass: 12304K(12864K)->12304K(12864K) Class: 1959K(2304K)->1959K(2304K)
[139.982s][info][gc             ] GC(958) Pause Young (Allocation Failure) 154M->17M(494M) 23.703ms
[139.982s][info][gc,cpu         ] GC(958) User=0.03s Sys=0.00s Real=0.02s
[140.104s][info][gc,start       ] GC(959) Pause Young (Allocation Failure)
[140.128s][info][gc,heap        ] GC(959) DefNew: 140084K(157248K)->309K(157248K) Eden: 139776K(139776K)->0K(139776K) From: 308K(17472K)->309K(17472K)
[140.128s][info][gc,heap        ] GC(959) Tenured: 17786K(349568K)->17807K(349568K)
[140.128s][info][gc,metaspace   ] GC(959) Metaspace: 14264K(15168K)->14264K(15168K) NonClass: 12304K(12864K)->12304K(12864K) Class: 1959K(2304K)->1959K(2304K)
[140.128s][info][gc             ] GC(959) Pause Young (Allocation Failure) 154M->17M(494M) 23.925ms
[140.128s][info][gc,cpu         ] GC(959) User=0.00s Sys=0.00s Real=0.01s
[140.249s][info][gc,start       ] GC(960) Pause Young (Allocation Failure)
[140.273s][info][gc,heap        ] GC(960) DefNew: 140085K(157248K)->308K(157248K) Eden: 139776K(139776K)->0K(139776K) From: 309K(17472K)->308K(17472K)
[140.273s][info][gc,heap        ] GC(960) Tenured: 17807K(349568K)->17827K(349568K)
[140.273s][info][gc,metaspace   ] GC(960) Metaspace: 14264K(15168K)->14264K(15168K) NonClass: 12304K(12864K)->12304K(12864K) Class: 1959K(2304K)->1959K(2304K)
[140.273s][info][gc             ] GC(960) Pause Young (Allocation Failure) 154M->17M(494M) 24.379ms
[140.273s][info][gc,cpu         ] GC(960) User=0.03s Sys=0.00s Real=0.03s
[140.396s][info][gc,start       ] GC(961) Pause Young (Allocation Failure)
[140.428s][info][gc,heap        ] GC(961) DefNew: 140084K(157248K)->306K(157248K) Eden: 139776K(139776K)->0K(139776K) From: 308K(17472K)->306K(17472K)
[140.428s][info][gc,heap        ] GC(961) Tenured: 17827K(349568K)->17851K(349568K)
[140.428s][info][gc,metaspace   ] GC(961) Metaspace: 14264K(15168K)->14264K(15168K) NonClass: 12304K(12864K)->12304K(12864K) Class: 1959K(2304K)->1959K(2304K)
[140.428s][info][gc             ] GC(961) Pause Young (Allocation Failure) 154M->17M(494M) 32.061ms
[140.428s][info][gc,cpu         ] GC(961) User=0.03s Sys=0.00s Real=0.02s
[140.551s][info][gc,start       ] GC(962) Pause Young (Allocation Failure)
[140.583s][info][gc,heap        ] GC(962) DefNew: 140082K(157248K)->305K(157248K) Eden: 139776K(139776K)->0K(139776K) From: 306K(17472K)->305K(17472K)
[140.583s][info][gc,heap        ] GC(962) Tenured: 17851K(349568K)->17869K(349568K)
[140.583s][info][gc,metaspace   ] GC(962) Metaspace: 14267K(15168K)->14267K(15168K) NonClass: 12308K(12864K)->12308K(12864K) Class: 1959K(2304K)->1959K(2304K)
[140.583s][info][gc             ] GC(962) Pause Young (Allocation Failure) 154M->17M(494M) 32.160ms
[140.583s][info][gc,cpu         ] GC(962) User=0.03s Sys=0.00s Real=0.03s
[140.708s][info][gc,start       ] GC(963) Pause Young (Allocation Failure)
[140.741s][info][gc,heap        ] GC(963) DefNew: 140081K(157248K)->304K(157248K) Eden: 139776K(139776K)->0K(139776K) From: 305K(17472K)->304K(17472K)
[140.741s][info][gc,heap        ] GC(963) Tenured: 17869K(349568K)->17889K(349568K)
[140.741s][info][gc,metaspace   ] GC(963) Metaspace: 14267K(15168K)->14267K(15168K) NonClass: 12308K(12864K)->12308K(12864K) Class: 1959K(2304K)->1959K(2304K)
[140.741s][info][gc             ] GC(963) Pause Young (Allocation Failure) 154M->17M(494M) 32.547ms
[140.741s][info][gc,cpu         ] GC(963) User=0.03s Sys=0.00s Real=0.03s
[140.866s][info][gc,start       ] GC(964) Pause Young (Allocation Failure)
[140.899s][info][gc,heap        ] GC(964) DefNew: 140080K(157248K)->304K(157248K) Eden: 139776K(139776K)->0K(139776K) From: 304K(17472K)->304K(17472K)
[140.899s][info][gc,heap        ] GC(964) Tenured: 17889K(349568K)->17910K(349568K)
[140.899s][info][gc,metaspace   ] GC(964) Metaspace: 14267K(15168K)->14267K(15168K) NonClass: 12308K(12864K)->12308K(12864K) Class: 1959K(2304K)->1959K(2304K)
[140.899s][info][gc             ] GC(964) Pause Young (Allocation Failure) 154M->17M(494M) 33.224ms
[140.899s][info][gc,cpu         ] GC(964) User=0.02s Sys=0.00s Real=0.02s
[141.028s][info][gc,start       ] GC(965) Pause Young (Allocation Failure)
[141.074s][info][gc,heap        ] GC(965) DefNew: 140080K(157248K)->302K(157248K) Eden: 139776K(139776K)->0K(139776K) From: 304K(17472K)->302K(17472K)
[141.074s][info][gc,heap        ] GC(965) Tenured: 17910K(349568K)->17931K(349568K)
[141.074s][info][gc,metaspace   ] GC(965) Metaspace: 14268K(15168K)->14268K(15168K) NonClass: 12308K(12864K)->12308K(12864K) Class: 1959K(2304K)->1959K(2304K)
[141.074s][info][gc             ] GC(965) Pause Young (Allocation Failure) 154M->17M(494M) 45.995ms
[141.074s][info][gc,cpu         ] GC(965) User=0.03s Sys=0.00s Real=0.03s
[141.204s][info][gc,start       ] GC(966) Pause Young (Allocation Failure)
[141.238s][info][gc,heap        ] GC(966) DefNew: 140078K(157248K)->301K(157248K) Eden: 139776K(139776K)->0K(139776K) From: 302K(17472K)->301K(17472K)
[141.238s][info][gc,heap        ] GC(966) Tenured: 17931K(349568K)->17951K(349568K)
[141.238s][info][gc,metaspace   ] GC(966) Metaspace: 14268K(15168K)->14268K(15168K) NonClass: 12308K(12864K)->12308K(12864K) Class: 1959K(2304K)->1959K(2304K)
[141.238s][info][gc             ] GC(966) Pause Young (Allocation Failure) 154M->17M(494M) 34.557ms
[141.238s][info][gc,cpu         ] GC(966) User=0.03s Sys=0.00s Real=0.03s
[141.364s][info][gc,start       ] GC(967) Pause Young (Allocation Failure)
[141.399s][info][gc,heap        ] GC(967) DefNew: 140077K(157248K)->299K(157248K) Eden: 139776K(139776K)->0K(139776K) From: 301K(17472K)->299K(17472K)
[141.399s][info][gc,heap        ] GC(967) Tenured: 17951K(349568K)->17972K(349568K)
[141.399s][info][gc,metaspace   ] GC(967) Metaspace: 14268K(15168K)->14268K(15168K) NonClass: 12308K(12864K)->12308K(12864K) Class: 1959K(2304K)->1959K(2304K)
[141.399s][info][gc             ] GC(967) Pause Young (Allocation Failure) 154M->17M(494M) 35.431ms
[141.399s][info][gc,cpu         ] GC(967) User=0.05s Sys=0.00s Real=0.03s
[141.500s][info][gc,start       ] GC(968) Pause Young (Allocation Failure)
[141.524s][info][gc,heap        ] GC(968) DefNew: 140075K(157248K)->303K(157248K) Eden: 139776K(139776K)->0K(139776K) From: 299K(17472K)->303K(17472K)
[141.524s][info][gc,heap        ] GC(968) Tenured: 17972K(349568K)->17993K(349568K)
[141.524s][info][gc,metaspace   ] GC(968) Metaspace: 14268K(15168K)->14268K(15168K) NonClass: 12308K(12864K)->12308K(12864K) Class: 1959K(2304K)->1959K(2304K)
[141.524s][info][gc             ] GC(968) Pause Young (Allocation Failure) 154M->17M(494M) 24.613ms
[141.524s][info][gc,cpu         ] GC(968) User=0.02s Sys=0.00s Real=0.02s
[141.621s][info][gc,start       ] GC(969) Pause Young (Allocation Failure)
[141.646s][info][gc,heap        ] GC(969) DefNew: 140079K(157248K)->302K(157248K) Eden: 139776K(139776K)->0K(139776K) From: 303K(17472K)->302K(17472K)
[141.646s][info][gc,heap        ] GC(969) Tenured: 17993K(349568K)->18011K(349568K)
[141.646s][info][gc,metaspace   ] GC(969) Metaspace: 14268K(15168K)->14268K(15168K) NonClass: 12308K(12864K)->12308K(12864K) Class: 1959K(2304K)->1959K(2304K)
[141.646s][info][gc             ] GC(969) Pause Young (Allocation Failure) 154M->17M(494M) 25.169ms
[141.646s][info][gc,cpu         ] GC(969) User=0.02s Sys=0.00s Real=0.03s
[141.757s][info][gc,start       ] GC(970) Pause Young (Allocation Failure)
[141.783s][info][gc,heap        ] GC(970) DefNew: 140078K(157248K)->303K(157248K) Eden: 139775K(139776K)->0K(139776K) From: 302K(17472K)->303K(17472K)
[141.783s][info][gc,heap        ] GC(970) Tenured: 18011K(349568K)->18028K(349568K)
[141.783s][info][gc,metaspace   ] GC(970) Metaspace: 14268K(15168K)->14268K(15168K) NonClass: 12308K(12864K)->12308K(12864K) Class: 1959K(2304K)->1959K(2304K)
[141.783s][info][gc             ] GC(970) Pause Young (Allocation Failure) 154M->17M(494M) 26.106ms
[141.783s][info][gc,cpu         ] GC(970) User=0.00s Sys=0.00s Real=0.01s
[141.910s][info][gc,start       ] GC(971) Pause Young (Allocation Failure)
[141.933s][info][gc,heap        ] GC(971) DefNew: 140079K(157248K)->304K(157248K) Eden: 139776K(139776K)->0K(139776K) From: 303K(17472K)->304K(17472K)
[141.933s][info][gc,heap        ] GC(971) Tenured: 18028K(349568K)->18049K(349568K)
[141.933s][info][gc,metaspace   ] GC(971) Metaspace: 14268K(15168K)->14268K(15168K) NonClass: 12308K(12864K)->12308K(12864K) Class: 1959K(2304K)->1959K(2304K)
[141.933s][info][gc             ] GC(971) Pause Young (Allocation Failure) 154M->17M(494M) 23.117ms
[141.933s][info][gc,cpu         ] GC(971) User=0.02s Sys=0.00s Real=0.01s
[142.121s][info][gc,start       ] GC(972) Pause Young (Allocation Failure)
[142.150s][info][gc,heap        ] GC(972) DefNew: 140080K(157248K)->314K(157248K) Eden: 139776K(139776K)->0K(139776K) From: 304K(17472K)->314K(17472K)
[142.150s][info][gc,heap        ] GC(972) Tenured: 18049K(349568K)->18067K(349568K)
[142.150s][info][gc,metaspace   ] GC(972) Metaspace: 14268K(15168K)->14268K(15168K) NonClass: 12308K(12864K)->12308K(12864K) Class: 1959K(2304K)->1959K(2304K)
[142.150s][info][gc             ] GC(972) Pause Young (Allocation Failure) 154M->17M(494M) 28.749ms
[142.150s][info][gc,cpu         ] GC(972) User=0.02s Sys=0.00s Real=0.02s
[142.342s][info][gc,start       ] GC(973) Pause Full (System.gc())
[142.342s][info][gc,phases,start] GC(973) Phase 1: Mark live objects
[142.374s][info][gc,phases      ] GC(973) Phase 1: Mark live objects 31.978ms
[142.389s][info][gc,phases,start] GC(973) Phase 2: Compute new object addresses
[142.418s][info][gc,phases      ] GC(973) Phase 2: Compute new object addresses 29.440ms
[142.418s][info][gc,phases,start] GC(973) Phase 3: Adjust pointers
[142.437s][info][gc,phases      ] GC(973) Phase 3: Adjust pointers 18.539ms
[142.437s][info][gc,phases,start] GC(973) Phase 4: Move objects
[142.437s][info][gc,phases      ] GC(973) Phase 4: Move objects 0.013ms
[142.437s][info][gc,heap        ] GC(973) DefNew: 90672K(157248K)->0K(157248K) Eden: 90357K(139776K)->0K(139776K) From: 314K(17472K)->0K(17472K)
[142.437s][info][gc,heap        ] GC(973) Tenured: 18067K(349568K)->18067K(349568K)
[142.437s][info][gc,metaspace   ] GC(973) Metaspace: 14270K(15168K)->14270K(15168K) NonClass: 12310K(12864K)->12310K(12864K) Class: 1959K(2304K)->1959K(2304K)
[142.437s][info][gc             ] GC(973) Pause Full (System.gc()) 106M->17M(494M) 94.644ms
[142.437s][info][gc,cpu         ] GC(973) User=0.08s Sys=0.00s Real=0.09s
[142.533s][info][gc,start       ] GC(974) Pause Young (Allocation Failure)
[142.561s][info][gc,heap        ] GC(974) DefNew: 139776K(157248K)->1477K(157248K) Eden: 139776K(139776K)->0K(139776K) From: 0K(17472K)->1477K(17472K)
[142.561s][info][gc,heap        ] GC(974) Tenured: 18067K(349568K)->18067K(349568K)
[142.561s][info][gc,metaspace   ] GC(974) Metaspace: 14271K(15168K)->14271K(15168K) NonClass: 12311K(12864K)->12311K(12864K) Class: 1959K(2304K)->1959K(2304K)
[142.561s][info][gc             ] GC(974) Pause Young (Allocation Failure) 154M->19M(494M) 27.567ms
[142.561s][info][gc,cpu         ] GC(974) User=0.03s Sys=0.00s Real=0.03s
[142.673s][info][gc,start       ] GC(975) Pause Young (Allocation Failure)
[142.704s][info][gc,heap        ] GC(975) DefNew: 141253K(157248K)->1498K(157248K) Eden: 139776K(139776K)->0K(139776K) From: 1477K(17472K)->1498K(17472K)
[142.704s][info][gc,heap        ] GC(975) Tenured: 18067K(349568K)->18067K(349568K)
[142.704s][info][gc,metaspace   ] GC(975) Metaspace: 14271K(15168K)->14271K(15168K) NonClass: 12311K(12864K)->12311K(12864K) Class: 1959K(2304K)->1959K(2304K)
[142.704s][info][gc             ] GC(975) Pause Young (Allocation Failure) 155M->19M(494M) 30.279ms
[142.704s][info][gc,cpu         ] GC(975) User=0.03s Sys=0.00s Real=0.03s
[142.813s][info][gc,start       ] GC(976) Pause Young (Allocation Failure)
[142.841s][info][gc,heap        ] GC(976) DefNew: 141274K(157248K)->1516K(157248K) Eden: 139776K(139776K)->0K(139776K) From: 1498K(17472K)->1516K(17472K)
[142.842s][info][gc,heap        ] GC(976) Tenured: 18067K(349568K)->18067K(349568K)
[142.842s][info][gc,metaspace   ] GC(976) Metaspace: 14271K(15168K)->14271K(15168K) NonClass: 12311K(12864K)->12311K(12864K) Class: 1959K(2304K)->1959K(2304K)
[142.842s][info][gc             ] GC(976) Pause Young (Allocation Failure) 155M->19M(494M) 28.559ms
[142.842s][info][gc,cpu         ] GC(976) User=0.02s Sys=0.00s Real=0.02s
[142.954s][info][gc,start       ] GC(977) Pause Young (Allocation Failure)
[142.985s][info][gc,heap        ] GC(977) DefNew: 141292K(157248K)->1536K(157248K) Eden: 139776K(139776K)->0K(139776K) From: 1516K(17472K)->1536K(17472K)
[142.985s][info][gc,heap        ] GC(977) Tenured: 18067K(349568K)->18067K(349568K)
[142.985s][info][gc,metaspace   ] GC(977) Metaspace: 14271K(15168K)->14271K(15168K) NonClass: 12311K(12864K)->12311K(12864K) Class: 1959K(2304K)->1959K(2304K)
[142.985s][info][gc             ] GC(977) Pause Young (Allocation Failure) 155M->19M(494M) 30.799ms
[142.985s][info][gc,cpu         ] GC(977) User=0.03s Sys=0.00s Real=0.03s
[143.099s][info][gc,start       ] GC(978) Pause Young (Allocation Failure)
[143.128s][info][gc,heap        ] GC(978) DefNew: 141283K(157248K)->1557K(157248K) Eden: 139747K(139776K)->0K(139776K) From: 1536K(17472K)->1557K(17472K)
[143.128s][info][gc,heap        ] GC(978) Tenured: 18067K(349568K)->18067K(349568K)
[143.128s][info][gc,metaspace   ] GC(978) Metaspace: 14271K(15168K)->14271K(15168K) NonClass: 12311K(12864K)->12311K(12864K) Class: 1959K(2304K)->1959K(2304K)
[143.128s][info][gc             ] GC(978) Pause Young (Allocation Failure) 155M->19M(494M) 28.729ms
[143.128s][info][gc,cpu         ] GC(978) User=0.02s Sys=0.00s Real=0.02s
[143.236s][info][gc,start       ] GC(979) Pause Young (Allocation Failure)
[143.267s][info][gc,heap        ] GC(979) DefNew: 141333K(157248K)->1575K(157248K) Eden: 139776K(139776K)->0K(139776K) From: 1557K(17472K)->1575K(17472K)
[143.267s][info][gc,heap        ] GC(979) Tenured: 18067K(349568K)->18067K(349568K)
[143.267s][info][gc,metaspace   ] GC(979) Metaspace: 14271K(15168K)->14271K(15168K) NonClass: 12311K(12864K)->12311K(12864K) Class: 1959K(2304K)->1959K(2304K)
[143.267s][info][gc             ] GC(979) Pause Young (Allocation Failure) 155M->19M(494M) 30.772ms
[143.267s][info][gc,cpu         ] GC(979) User=0.03s Sys=0.00s Real=0.03s
[143.383s][info][gc,start       ] GC(980) Pause Young (Allocation Failure)
[143.413s][info][gc,heap        ] GC(980) DefNew: 141351K(157248K)->1595K(157248K) Eden: 139776K(139776K)->0K(139776K) From: 1575K(17472K)->1595K(17472K)
[143.413s][info][gc,heap        ] GC(980) Tenured: 18067K(349568K)->18067K(349568K)
[143.413s][info][gc,metaspace   ] GC(980) Metaspace: 14271K(15168K)->14271K(15168K) NonClass: 12311K(12864K)->12311K(12864K) Class: 1959K(2304K)->1959K(2304K)
[143.413s][info][gc             ] GC(980) Pause Young (Allocation Failure) 155M->19M(494M) 30.063ms
[143.413s][info][gc,cpu         ] GC(980) User=0.02s Sys=0.00s Real=0.02s
[143.525s][info][gc,start       ] GC(981) Pause Young (Allocation Failure)
[143.555s][info][gc,heap        ] GC(981) DefNew: 141371K(157248K)->1613K(157248K) Eden: 139776K(139776K)->0K(139776K) From: 1595K(17472K)->1613K(17472K)
[143.555s][info][gc,heap        ] GC(981) Tenured: 18067K(349568K)->18067K(349568K)
[143.555s][info][gc,metaspace   ] GC(981) Metaspace: 14271K(15168K)->14271K(15168K) NonClass: 12311K(12864K)->12311K(12864K) Class: 1959K(2304K)->1959K(2304K)
[143.555s][info][gc             ] GC(981) Pause Young (Allocation Failure) 155M->19M(494M) 30.686ms
[143.555s][info][gc,cpu         ] GC(981) User=0.03s Sys=0.00s Real=0.03s
[143.665s][info][gc,start       ] GC(982) Pause Young (Allocation Failure)
[143.697s][info][gc,heap        ] GC(982) DefNew: 141389K(157248K)->1631K(157248K) Eden: 139776K(139776K)->0K(139776K) From: 1613K(17472K)->1631K(17472K)
[143.697s][info][gc,heap        ] GC(982) Tenured: 18067K(349568K)->18067K(349568K)
[143.697s][info][gc,metaspace   ] GC(982) Metaspace: 14271K(15168K)->14271K(15168K) NonClass: 12311K(12864K)->12311K(12864K) Class: 1959K(2304K)->1959K(2304K)
[143.697s][info][gc             ] GC(982) Pause Young (Allocation Failure) 155M->19M(494M) 32.592ms
[143.697s][info][gc,cpu         ] GC(982) User=0.03s Sys=0.00s Real=0.03s
[143.811s][info][gc,start       ] GC(983) Pause Young (Allocation Failure)
[143.834s][info][gc,heap        ] GC(983) DefNew: 141407K(157248K)->1649K(157248K) Eden: 139776K(139776K)->0K(139776K) From: 1631K(17472K)->1649K(17472K)
[143.834s][info][gc,heap        ] GC(983) Tenured: 18067K(349568K)->18067K(349568K)
[143.834s][info][gc,metaspace   ] GC(983) Metaspace: 14271K(15168K)->14271K(15168K) NonClass: 12311K(12864K)->12311K(12864K) Class: 1959K(2304K)->1959K(2304K)
[143.834s][info][gc             ] GC(983) Pause Young (Allocation Failure) 155M->19M(494M) 23.263ms
[143.834s][info][gc,cpu         ] GC(983) User=0.02s Sys=0.00s Real=0.02s
[143.944s][info][gc,start       ] GC(984) Pause Young (Allocation Failure)
[143.976s][info][gc,heap        ] GC(984) DefNew: 141425K(157248K)->1667K(157248K) Eden: 139776K(139776K)->0K(139776K) From: 1649K(17472K)->1667K(17472K)
[143.976s][info][gc,heap        ] GC(984) Tenured: 18067K(349568K)->18067K(349568K)
[143.976s][info][gc,metaspace   ] GC(984) Metaspace: 14271K(15168K)->14271K(15168K) NonClass: 12311K(12864K)->12311K(12864K) Class: 1959K(2304K)->1959K(2304K)
[143.976s][info][gc             ] GC(984) Pause Young (Allocation Failure) 155M->19M(494M) 31.913ms
[143.976s][info][gc,cpu         ] GC(984) User=0.03s Sys=0.00s Real=0.02s
[144.088s][info][gc,start       ] GC(985) Pause Young (Allocation Failure)
[144.120s][info][gc,heap        ] GC(985) DefNew: 141443K(157248K)->1684K(157248K) Eden: 139776K(139776K)->0K(139776K) From: 1667K(17472K)->1684K(17472K)
[144.120s][info][gc,heap        ] GC(985) Tenured: 18067K(349568K)->18067K(349568K)
[144.120s][info][gc,metaspace   ] GC(985) Metaspace: 14271K(15168K)->14271K(15168K) NonClass: 12311K(12864K)->12311K(12864K) Class: 1959K(2304K)->1959K(2304K)
[144.120s][info][gc             ] GC(985) Pause Young (Allocation Failure) 155M->19M(494M) 31.799ms
[144.120s][info][gc,cpu         ] GC(985) User=0.03s Sys=0.00s Real=0.03s
[144.236s][info][gc,start       ] GC(986) Pause Young (Allocation Failure)
[144.268s][info][gc,heap        ] GC(986) DefNew: 141460K(157248K)->1702K(157248K) Eden: 139776K(139776K)->0K(139776K) From: 1684K(17472K)->1702K(17472K)
[144.268s][info][gc,heap        ] GC(986) Tenured: 18067K(349568K)->18067K(349568K)
[144.268s][info][gc,metaspace   ] GC(986) Metaspace: 14271K(15168K)->14271K(15168K) NonClass: 12311K(12864K)->12311K(12864K) Class: 1959K(2304K)->1959K(2304K)
[144.268s][info][gc             ] GC(986) Pause Young (Allocation Failure) 155M->19M(494M) 32.460ms
[144.268s][info][gc,cpu         ] GC(986) User=0.02s Sys=0.00s Real=0.02s
[144.381s][info][gc,start       ] GC(987) Pause Young (Allocation Failure)
[144.415s][info][gc,heap        ] GC(987) DefNew: 141478K(157248K)->1723K(157248K) Eden: 139775K(139776K)->0K(139776K) From: 1702K(17472K)->1723K(17472K)
[144.415s][info][gc,heap        ] GC(987) Tenured: 18067K(349568K)->18067K(349568K)
[144.415s][info][gc,metaspace   ] GC(987) Metaspace: 14271K(15168K)->14271K(15168K) NonClass: 12311K(12864K)->12311K(12864K) Class: 1959K(2304K)->1959K(2304K)
[144.415s][info][gc             ] GC(987) Pause Young (Allocation Failure) 155M->19M(494M) 34.310ms
[144.416s][info][gc,cpu         ] GC(987) User=0.03s Sys=0.00s Real=0.03s
[144.530s][info][gc,start       ] GC(988) Pause Young (Allocation Failure)
[144.563s][info][gc,heap        ] GC(988) DefNew: 141499K(157248K)->1741K(157248K) Eden: 139776K(139776K)->0K(139776K) From: 1723K(17472K)->1741K(17472K)
[144.563s][info][gc,heap        ] GC(988) Tenured: 18067K(349568K)->18067K(349568K)
[144.563s][info][gc,metaspace   ] GC(988) Metaspace: 14271K(15168K)->14271K(15168K) NonClass: 12311K(12864K)->12311K(12864K) Class: 1959K(2304K)->1959K(2304K)
[144.563s][info][gc             ] GC(988) Pause Young (Allocation Failure) 155M->19M(494M) 33.439ms
[144.563s][info][gc,cpu         ] GC(988) User=0.03s Sys=0.00s Real=0.03s
[144.676s][info][gc,start       ] GC(989) Pause Young (Allocation Failure)
[144.711s][info][gc,heap        ] GC(989) DefNew: 141517K(157248K)->293K(157248K) Eden: 139776K(139776K)->0K(139776K) From: 1741K(17472K)->293K(17472K)
[144.711s][info][gc,heap        ] GC(989) Tenured: 18067K(349568K)->19536K(349568K)
[144.711s][info][gc,metaspace   ] GC(989) Metaspace: 14271K(15168K)->14271K(15168K) NonClass: 12311K(12864K)->12311K(12864K) Class: 1959K(2304K)->1959K(2304K)
[144.711s][info][gc             ] GC(989) Pause Young (Allocation Failure) 155M->19M(494M) 35.134ms
[144.711s][info][gc,cpu         ] GC(989) User=0.03s Sys=0.00s Real=0.03s
[144.829s][info][gc,start       ] GC(990) Pause Young (Allocation Failure)
[144.853s][info][gc,heap        ] GC(990) DefNew: 140069K(157248K)->290K(157248K) Eden: 139776K(139776K)->0K(139776K) From: 293K(17472K)->290K(17472K)
[144.853s][info][gc,heap        ] GC(990) Tenured: 19536K(349568K)->19557K(349568K)
[144.853s][info][gc,metaspace   ] GC(990) Metaspace: 14271K(15168K)->14271K(15168K) NonClass: 12311K(12864K)->12311K(12864K) Class: 1959K(2304K)->1959K(2304K)
[144.853s][info][gc             ] GC(990) Pause Young (Allocation Failure) 155M->19M(494M) 24.422ms
[144.853s][info][gc,cpu         ] GC(990) User=0.02s Sys=0.00s Real=0.02s
[144.968s][info][gc,start       ] GC(991) Pause Young (Allocation Failure)
[145.001s][info][gc,heap        ] GC(991) DefNew: 140066K(157248K)->292K(157248K) Eden: 139776K(139776K)->0K(139776K) From: 290K(17472K)->292K(17472K)
[145.001s][info][gc,heap        ] GC(991) Tenured: 19557K(349568K)->19574K(349568K)
[145.001s][info][gc,metaspace   ] GC(991) Metaspace: 14271K(15168K)->14271K(15168K) NonClass: 12311K(12864K)->12311K(12864K) Class: 1959K(2304K)->1959K(2304K)
[145.001s][info][gc             ] GC(991) Pause Young (Allocation Failure) 155M->19M(494M) 32.919ms
[145.001s][info][gc,cpu         ] GC(991) User=0.03s Sys=0.00s Real=0.03s
[145.119s][info][gc,start       ] GC(992) Pause Young (Allocation Failure)
[145.153s][info][gc,heap        ] GC(992) DefNew: 140068K(157248K)->289K(157248K) Eden: 139776K(139776K)->0K(139776K) From: 292K(17472K)->289K(17472K)
[145.153s][info][gc,heap        ] GC(992) Tenured: 19574K(349568K)->19595K(349568K)
[145.153s][info][gc,metaspace   ] GC(992) Metaspace: 14271K(15168K)->14271K(15168K) NonClass: 12311K(12864K)->12311K(12864K) Class: 1959K(2304K)->1959K(2304K)
[145.153s][info][gc             ] GC(992) Pause Young (Allocation Failure) 155M->19M(494M) 34.596ms
[145.153s][info][gc,cpu         ] GC(992) User=0.03s Sys=0.00s Real=0.03s
[145.364s][info][gc,start       ] GC(993) Pause Young (Allocation Failure)
[145.399s][info][gc,heap        ] GC(993) DefNew: 140065K(157248K)->287K(157248K) Eden: 139776K(139776K)->0K(139776K) From: 289K(17472K)->287K(17472K)
[145.399s][info][gc,heap        ] GC(993) Tenured: 19595K(349568K)->19616K(349568K)
[145.399s][info][gc,metaspace   ] GC(993) Metaspace: 14271K(15168K)->14271K(15168K) NonClass: 12311K(12864K)->12311K(12864K) Class: 1959K(2304K)->1959K(2304K)
[145.399s][info][gc             ] GC(993) Pause Young (Allocation Failure) 155M->19M(494M) 34.801ms
[145.399s][info][gc,cpu         ] GC(993) User=0.03s Sys=0.00s Real=0.03s
[145.522s][info][gc,start       ] GC(994) Pause Young (Allocation Failure)
[145.546s][info][gc,heap        ] GC(994) DefNew: 140063K(157248K)->289K(157248K) Eden: 139775K(139776K)->0K(139776K) From: 287K(17472K)->289K(17472K)
[145.546s][info][gc,heap        ] GC(994) Tenured: 19616K(349568K)->19633K(349568K)
[145.546s][info][gc,metaspace   ] GC(994) Metaspace: 14271K(15168K)->14271K(15168K) NonClass: 12311K(12864K)->12311K(12864K) Class: 1959K(2304K)->1959K(2304K)
[145.546s][info][gc             ] GC(994) Pause Young (Allocation Failure) 155M->19M(494M) 23.929ms
[145.546s][info][gc,cpu         ] GC(994) User=0.02s Sys=0.00s Real=0.01s
[145.664s][info][gc,start       ] GC(995) Pause Young (Allocation Failure)
[145.687s][info][gc,heap        ] GC(995) DefNew: 140065K(157248K)->289K(157248K) Eden: 139776K(139776K)->0K(139776K) From: 289K(17472K)->289K(17472K)
[145.687s][info][gc,heap        ] GC(995) Tenured: 19633K(349568K)->19654K(349568K)
[145.687s][info][gc,metaspace   ] GC(995) Metaspace: 14271K(15168K)->14271K(15168K) NonClass: 12311K(12864K)->12311K(12864K) Class: 1959K(2304K)->1959K(2304K)
[145.688s][info][gc             ] GC(995) Pause Young (Allocation Failure) 155M->19M(494M) 23.390ms
[145.688s][info][gc,cpu         ] GC(995) User=0.00s Sys=0.00s Real=0.01s
[145.805s][info][gc,start       ] GC(996) Pause Young (Allocation Failure)
[145.833s][info][gc,heap        ] GC(996) DefNew: 140065K(157248K)->290K(157248K) Eden: 139776K(139776K)->0K(139776K) From: 289K(17472K)->290K(17472K)
[145.833s][info][gc,heap        ] GC(996) Tenured: 19654K(349568K)->19672K(349568K)
[145.833s][info][gc,metaspace   ] GC(996) Metaspace: 14271K(15168K)->14271K(15168K) NonClass: 12311K(12864K)->12311K(12864K) Class: 1959K(2304K)->1959K(2304K)
[145.833s][info][gc             ] GC(996) Pause Young (Allocation Failure) 155M->19M(494M) 28.108ms
[145.833s][info][gc,cpu         ] GC(996) User=0.02s Sys=0.00s Real=0.02s
[145.954s][info][gc,start       ] GC(997) Pause Young (Allocation Failure)
[145.981s][info][gc,heap        ] GC(997) DefNew: 140066K(157248K)->293K(157248K) Eden: 139776K(139776K)->0K(139776K) From: 290K(17472K)->293K(17472K)
[145.981s][info][gc,heap        ] GC(997) Tenured: 19672K(349568K)->19689K(349568K)
[145.981s][info][gc,metaspace   ] GC(997) Metaspace: 14271K(15168K)->14271K(15168K) NonClass: 12311K(12864K)->12311K(12864K) Class: 1959K(2304K)->1959K(2304K)
[145.981s][info][gc             ] GC(997) Pause Young (Allocation Failure) 155M->19M(494M) 27.198ms
[145.981s][info][gc,cpu         ] GC(997) User=0.02s Sys=0.00s Real=0.01s
[146.109s][info][gc,start       ] GC(998) Pause Young (Allocation Failure)
[146.135s][info][gc,heap        ] GC(998) DefNew: 140069K(157248K)->293K(157248K) Eden: 139776K(139776K)->0K(139776K) From: 293K(17472K)->293K(17472K)
[146.135s][info][gc,heap        ] GC(998) Tenured: 19689K(349568K)->19707K(349568K)
[146.135s][info][gc,metaspace   ] GC(998) Metaspace: 14271K(15168K)->14271K(15168K) NonClass: 12311K(12864K)->12311K(12864K) Class: 1959K(2304K)->1959K(2304K)
[146.135s][info][gc             ] GC(998) Pause Young (Allocation Failure) 156M->19M(494M) 26.169ms
[146.135s][info][gc,cpu         ] GC(998) User=0.02s Sys=0.00s Real=0.02s
[146.257s][info][gc,start       ] GC(999) Pause Young (Allocation Failure)
[146.284s][info][gc,heap        ] GC(999) DefNew: 140069K(157248K)->296K(157248K) Eden: 139776K(139776K)->0K(139776K) From: 293K(17472K)->296K(17472K)
[146.284s][info][gc,heap        ] GC(999) Tenured: 19707K(349568K)->19725K(349568K)
[146.284s][info][gc,metaspace   ] GC(999) Metaspace: 14271K(15168K)->14271K(15168K) NonClass: 12311K(12864K)->12311K(12864K) Class: 1959K(2304K)->1959K(2304K)
[146.284s][info][gc             ] GC(999) Pause Young (Allocation Failure) 156M->19M(494M) 26.608ms
[146.284s][info][gc,cpu         ] GC(999) User=0.02s Sys=0.00s Real=0.02s
[146.399s][info][gc,start       ] GC(1000) Pause Young (Allocation Failure)
[146.427s][info][gc,heap        ] GC(1000) DefNew: 140072K(157248K)->295K(157248K) Eden: 139776K(139776K)->0K(139776K) From: 296K(17472K)->295K(17472K)
[146.427s][info][gc,heap        ] GC(1000) Tenured: 19725K(349568K)->19743K(349568K)
[146.427s][info][gc,metaspace   ] GC(1000) Metaspace: 14271K(15168K)->14271K(15168K) NonClass: 12311K(12864K)->12311K(12864K) Class: 1959K(2304K)->1959K(2304K)
[146.427s][info][gc             ] GC(1000) Pause Young (Allocation Failure) 156M->19M(494M) 27.510ms
[146.427s][info][gc,cpu         ] GC(1000) User=0.02s Sys=0.00s Real=0.03s
[146.541s][info][gc,start       ] GC(1001) Pause Young (Allocation Failure)
[146.568s][info][gc,heap        ] GC(1001) DefNew: 140071K(157248K)->296K(157248K) Eden: 139776K(139776K)->0K(139776K) From: 295K(17472K)->296K(17472K)
[146.568s][info][gc,heap        ] GC(1001) Tenured: 19743K(349568K)->19760K(349568K)
[146.568s][info][gc,metaspace   ] GC(1001) Metaspace: 14271K(15168K)->14271K(15168K) NonClass: 12311K(12864K)->12311K(12864K) Class: 1959K(2304K)->1959K(2304K)
[146.568s][info][gc             ] GC(1001) Pause Young (Allocation Failure) 156M->19M(494M) 27.437ms
[146.568s][info][gc,cpu         ] GC(1001) User=0.02s Sys=0.00s Real=0.02s
[146.683s][info][gc,start       ] GC(1002) Pause Young (Allocation Failure)
[146.711s][info][gc,heap        ] GC(1002) DefNew: 140072K(157248K)->292K(157248K) Eden: 139776K(139776K)->0K(139776K) From: 296K(17472K)->292K(17472K)
[146.711s][info][gc,heap        ] GC(1002) Tenured: 19760K(349568K)->19781K(349568K)
[146.711s][info][gc,metaspace   ] GC(1002) Metaspace: 14271K(15168K)->14271K(15168K) NonClass: 12311K(12864K)->12311K(12864K) Class: 1959K(2304K)->1959K(2304K)
[146.711s][info][gc             ] GC(1002) Pause Young (Allocation Failure) 156M->19M(494M) 27.616ms
[146.711s][info][gc,cpu         ] GC(1002) User=0.02s Sys=0.00s Real=0.02s
[146.827s][info][gc,start       ] GC(1003) Pause Young (Allocation Failure)
[146.855s][info][gc,heap        ] GC(1003) DefNew: 140068K(157248K)->295K(157248K) Eden: 139776K(139776K)->0K(139776K) From: 292K(17472K)->295K(17472K)
[146.855s][info][gc,heap        ] GC(1003) Tenured: 19781K(349568K)->19799K(349568K)
[146.855s][info][gc,metaspace   ] GC(1003) Metaspace: 14271K(15168K)->14271K(15168K) NonClass: 12311K(12864K)->12311K(12864K) Class: 1959K(2304K)->1959K(2304K)
[146.855s][info][gc             ] GC(1003) Pause Young (Allocation Failure) 156M->19M(494M) 28.217ms
[146.855s][info][gc,cpu         ] GC(1003) User=0.03s Sys=0.00s Real=0.03s
[146.971s][info][gc,start       ] GC(1004) Pause Young (Allocation Failure)
[146.999s][info][gc,heap        ] GC(1004) DefNew: 140071K(157248K)->292K(157248K) Eden: 139776K(139776K)->0K(139776K) From: 295K(17472K)->292K(17472K)
[146.999s][info][gc,heap        ] GC(1004) Tenured: 19799K(349568K)->19820K(349568K)
[146.999s][info][gc,metaspace   ] GC(1004) Metaspace: 14271K(15168K)->14271K(15168K) NonClass: 12311K(12864K)->12311K(12864K) Class: 1959K(2304K)->1959K(2304K)
[146.999s][info][gc             ] GC(1004) Pause Young (Allocation Failure) 156M->19M(494M) 28.290ms
[146.999s][info][gc,cpu         ] GC(1004) User=0.02s Sys=0.00s Real=0.02s
[147.115s][info][gc,start       ] GC(1005) Pause Young (Allocation Failure)
[147.143s][info][gc,heap        ] GC(1005) DefNew: 140068K(157248K)->295K(157248K) Eden: 139776K(139776K)->0K(139776K) From: 292K(17472K)->295K(17472K)
[147.143s][info][gc,heap        ] GC(1005) Tenured: 19820K(349568K)->19837K(349568K)
[147.143s][info][gc,metaspace   ] GC(1005) Metaspace: 14271K(15168K)->14271K(15168K) NonClass: 12311K(12864K)->12311K(12864K) Class: 1959K(2304K)->1959K(2304K)
[147.143s][info][gc             ] GC(1005) Pause Young (Allocation Failure) 156M->19M(494M) 28.691ms
[147.143s][info][gc,cpu         ] GC(1005) User=0.03s Sys=0.00s Real=0.03s
[147.260s][info][gc,start       ] GC(1006) Pause Young (Allocation Failure)
[147.289s][info][gc,heap        ] GC(1006) DefNew: 140071K(157248K)->293K(157248K) Eden: 139776K(139776K)->0K(139776K) From: 295K(17472K)->293K(17472K)
[147.289s][info][gc,heap        ] GC(1006) Tenured: 19837K(349568K)->19858K(349568K)
[147.289s][info][gc,metaspace   ] GC(1006) Metaspace: 14271K(15168K)->14271K(15168K) NonClass: 12311K(12864K)->12311K(12864K) Class: 1959K(2304K)->1959K(2304K)
[147.289s][info][gc             ] GC(1006) Pause Young (Allocation Failure) 156M->19M(494M) 29.281ms
[147.289s][info][gc,cpu         ] GC(1006) User=0.02s Sys=0.00s Real=0.02s
[147.406s][info][gc,start       ] GC(1007) Pause Young (Allocation Failure)
[147.436s][info][gc,heap        ] GC(1007) DefNew: 140069K(157248K)->295K(157248K) Eden: 139776K(139776K)->0K(139776K) From: 293K(17472K)->295K(17472K)
[147.436s][info][gc,heap        ] GC(1007) Tenured: 19858K(349568K)->19876K(349568K)
[147.436s][info][gc,metaspace   ] GC(1007) Metaspace: 14271K(15168K)->14271K(15168K) NonClass: 12311K(12864K)->12311K(12864K) Class: 1959K(2304K)->1959K(2304K)
[147.436s][info][gc             ] GC(1007) Pause Young (Allocation Failure) 156M->19M(494M) 29.871ms
[147.436s][info][gc,cpu         ] GC(1007) User=0.03s Sys=0.00s Real=0.03s
[147.553s][info][gc,start       ] GC(1008) Pause Young (Allocation Failure)
[147.583s][info][gc,heap        ] GC(1008) DefNew: 140071K(157248K)->299K(157248K) Eden: 139776K(139776K)->0K(139776K) From: 295K(17472K)->299K(17472K)
[147.583s][info][gc,heap        ] GC(1008) Tenured: 19876K(349568K)->19893K(349568K)
[147.583s][info][gc,metaspace   ] GC(1008) Metaspace: 14271K(15168K)->14271K(15168K) NonClass: 12311K(12864K)->12311K(12864K) Class: 1959K(2304K)->1959K(2304K)
[147.583s][info][gc             ] GC(1008) Pause Young (Allocation Failure) 156M->19M(494M) 29.610ms
[147.583s][info][gc,cpu         ] GC(1008) User=0.02s Sys=0.00s Real=0.02s
[147.700s][info][gc,start       ] GC(1009) Pause Young (Allocation Failure)
[147.730s][info][gc,heap        ] GC(1009) DefNew: 140075K(157248K)->298K(157248K) Eden: 139776K(139776K)->0K(139776K) From: 299K(17472K)->298K(17472K)
[147.730s][info][gc,heap        ] GC(1009) Tenured: 19893K(349568K)->19915K(349568K)
[147.730s][info][gc,metaspace   ] GC(1009) Metaspace: 14271K(15168K)->14271K(15168K) NonClass: 12311K(12864K)->12311K(12864K) Class: 1959K(2304K)->1959K(2304K)
[147.730s][info][gc             ] GC(1009) Pause Young (Allocation Failure) 156M->19M(494M) 30.118ms
[147.730s][info][gc,cpu         ] GC(1009) User=0.03s Sys=0.00s Real=0.03s
[147.849s][info][gc,start       ] GC(1010) Pause Young (Allocation Failure)
[147.879s][info][gc,heap        ] GC(1010) DefNew: 140074K(157248K)->295K(157248K) Eden: 139776K(139776K)->0K(139776K) From: 298K(17472K)->295K(17472K)
[147.880s][info][gc,heap        ] GC(1010) Tenured: 19915K(349568K)->19935K(349568K)
[147.880s][info][gc,metaspace   ] GC(1010) Metaspace: 14271K(15168K)->14271K(15168K) NonClass: 12311K(12864K)->12311K(12864K) Class: 1959K(2304K)->1959K(2304K)
[147.880s][info][gc             ] GC(1010) Pause Young (Allocation Failure) 156M->19M(494M) 30.781ms
[147.880s][info][gc,cpu         ] GC(1010) User=0.02s Sys=0.00s Real=0.01s
[147.999s][info][gc,start       ] GC(1011) Pause Young (Allocation Failure)
[148.030s][info][gc,heap        ] GC(1011) DefNew: 140071K(157248K)->295K(157248K) Eden: 139776K(139776K)->0K(139776K) From: 295K(17472K)->295K(17472K)
[148.030s][info][gc,heap        ] GC(1011) Tenured: 19935K(349568K)->19953K(349568K)
[148.030s][info][gc,metaspace   ] GC(1011) Metaspace: 14271K(15168K)->14271K(15168K) NonClass: 12311K(12864K)->12311K(12864K) Class: 1959K(2304K)->1959K(2304K)
[148.030s][info][gc             ] GC(1011) Pause Young (Allocation Failure) 156M->19M(494M) 31.314ms
[148.030s][info][gc,cpu         ] GC(1011) User=0.03s Sys=0.00s Real=0.03s
[148.147s][info][gc,start       ] GC(1012) Pause Young (Allocation Failure)
[148.180s][info][gc,heap        ] GC(1012) DefNew: 140071K(157248K)->291K(157248K) Eden: 139776K(139776K)->0K(139776K) From: 295K(17472K)->291K(17472K)
[148.180s][info][gc,heap        ] GC(1012) Tenured: 19953K(349568K)->19974K(349568K)
[148.180s][info][gc,metaspace   ] GC(1012) Metaspace: 14271K(15168K)->14271K(15168K) NonClass: 12311K(12864K)->12311K(12864K) Class: 1959K(2304K)->1959K(2304K)
[148.180s][info][gc             ] GC(1012) Pause Young (Allocation Failure) 156M->19M(494M) 32.934ms
[148.180s][info][gc,cpu         ] GC(1012) User=0.03s Sys=0.00s Real=0.02s
[148.298s][info][gc,start       ] GC(1013) Pause Young (Allocation Failure)
[148.329s][info][gc,heap        ] GC(1013) DefNew: 140067K(157248K)->292K(157248K) Eden: 139776K(139776K)->0K(139776K) From: 291K(17472K)->292K(17472K)
[148.329s][info][gc,heap        ] GC(1013) Tenured: 19974K(349568K)->19992K(349568K)
[148.329s][info][gc,metaspace   ] GC(1013) Metaspace: 14271K(15168K)->14271K(15168K) NonClass: 12311K(12864K)->12311K(12864K) Class: 1959K(2304K)->1959K(2304K)
[148.329s][info][gc             ] GC(1013) Pause Young (Allocation Failure) 156M->19M(494M) 31.734ms
[148.329s][info][gc,cpu         ] GC(1013) User=0.02s Sys=0.00s Real=0.02s
[148.445s][info][gc,start       ] GC(1014) Pause Young (Allocation Failure)
[148.479s][info][gc,heap        ] GC(1014) DefNew: 140068K(157248K)->291K(157248K) Eden: 139776K(139776K)->0K(139776K) From: 292K(17472K)->291K(17472K)
[148.479s][info][gc,heap        ] GC(1014) Tenured: 19992K(349568K)->20012K(349568K)
[148.479s][info][gc,metaspace   ] GC(1014) Metaspace: 14271K(15168K)->14271K(15168K) NonClass: 12311K(12864K)->12311K(12864K) Class: 1959K(2304K)->1959K(2304K)
[148.479s][info][gc             ] GC(1014) Pause Young (Allocation Failure) 156M->19M(494M) 33.596ms
[148.479s][info][gc,cpu         ] GC(1014) User=0.03s Sys=0.00s Real=0.03s
[148.594s][info][gc,start       ] GC(1015) Pause Young (Allocation Failure)
[148.627s][info][gc,heap        ] GC(1015) DefNew: 140067K(157248K)->291K(157248K) Eden: 139776K(139776K)->0K(139776K) From: 291K(17472K)->291K(17472K)
[148.627s][info][gc,heap        ] GC(1015) Tenured: 20012K(349568K)->20030K(349568K)
[148.627s][info][gc,metaspace   ] GC(1015) Metaspace: 14271K(15168K)->14271K(15168K) NonClass: 12311K(12864K)->12311K(12864K) Class: 1959K(2304K)->1959K(2304K)
[148.627s][info][gc             ] GC(1015) Pause Young (Allocation Failure) 156M->19M(494M) 32.483ms
[148.627s][info][gc,cpu         ] GC(1015) User=0.03s Sys=0.00s Real=0.02s
[148.745s][info][gc,start       ] GC(1016) Pause Young (Allocation Failure)
[148.780s][info][gc,heap        ] GC(1016) DefNew: 140067K(157248K)->290K(157248K) Eden: 139776K(139776K)->0K(139776K) From: 291K(17472K)->290K(17472K)
[148.780s][info][gc,heap        ] GC(1016) Tenured: 20030K(349568K)->20048K(349568K)
[148.780s][info][gc,metaspace   ] GC(1016) Metaspace: 14271K(15168K)->14271K(15168K) NonClass: 12311K(12864K)->12311K(12864K) Class: 1959K(2304K)->1959K(2304K)
[148.780s][info][gc             ] GC(1016) Pause Young (Allocation Failure) 156M->19M(494M) 34.844ms
[148.780s][info][gc,cpu         ] GC(1016) User=0.03s Sys=0.00s Real=0.03s
[148.898s][info][gc,start       ] GC(1017) Pause Young (Allocation Failure)
[148.931s][info][gc,heap        ] GC(1017) DefNew: 140066K(157248K)->292K(157248K) Eden: 139776K(139776K)->0K(139776K) From: 290K(17472K)->292K(17472K)
[148.931s][info][gc,heap        ] GC(1017) Tenured: 20048K(349568K)->20065K(349568K)
[148.931s][info][gc,metaspace   ] GC(1017) Metaspace: 14271K(15168K)->14271K(15168K) NonClass: 12311K(12864K)->12311K(12864K) Class: 1959K(2304K)->1959K(2304K)
[148.931s][info][gc             ] GC(1017) Pause Young (Allocation Failure) 156M->19M(494M) 32.798ms
[148.931s][info][gc,cpu         ] GC(1017) User=0.02s Sys=0.00s Real=0.03s
[149.046s][info][gc,start       ] GC(1018) Pause Young (Allocation Failure)
[149.080s][info][gc,heap        ] GC(1018) DefNew: 140068K(157248K)->292K(157248K) Eden: 139776K(139776K)->0K(139776K) From: 292K(17472K)->292K(17472K)
[149.080s][info][gc,heap        ] GC(1018) Tenured: 20065K(349568K)->20086K(349568K)
[149.080s][info][gc,metaspace   ] GC(1018) Metaspace: 14271K(15168K)->14271K(15168K) NonClass: 12311K(12864K)->12311K(12864K) Class: 1959K(2304K)->1959K(2304K)
[149.080s][info][gc             ] GC(1018) Pause Young (Allocation Failure) 156M->19M(494M) 33.391ms
[149.080s][info][gc,cpu         ] GC(1018) User=0.03s Sys=0.00s Real=0.03s
[149.198s][info][gc,start       ] GC(1019) Pause Young (Allocation Failure)
[149.232s][info][gc,heap        ] GC(1019) DefNew: 140068K(157248K)->290K(157248K) Eden: 139776K(139776K)->0K(139776K) From: 292K(17472K)->290K(17472K)
[149.232s][info][gc,heap        ] GC(1019) Tenured: 20086K(349568K)->20104K(349568K)
[149.232s][info][gc,metaspace   ] GC(1019) Metaspace: 14271K(15168K)->14271K(15168K) NonClass: 12311K(12864K)->12311K(12864K) Class: 1959K(2304K)->1959K(2304K)
[149.232s][info][gc             ] GC(1019) Pause Young (Allocation Failure) 156M->19M(494M) 33.519ms
[149.232s][info][gc,cpu         ] GC(1019) User=0.02s Sys=0.00s Real=0.02s
[149.460s][info][gc,start       ] GC(1020) Pause Young (Allocation Failure)
[149.499s][info][gc,heap        ] GC(1020) DefNew: 140066K(157248K)->287K(157248K) Eden: 139776K(139776K)->0K(139776K) From: 290K(17472K)->287K(17472K)
[149.500s][info][gc,heap        ] GC(1020) Tenured: 20104K(349568K)->20125K(349568K)
[149.500s][info][gc,metaspace   ] GC(1020) Metaspace: 14271K(15168K)->14271K(15168K) NonClass: 12311K(12864K)->12311K(12864K) Class: 1959K(2304K)->1959K(2304K)
[149.500s][info][gc             ] GC(1020) Pause Young (Allocation Failure) 156M->19M(494M) 39.303ms
[149.500s][info][gc,cpu         ] GC(1020) User=0.03s Sys=0.00s Real=0.04s
[149.623s][info][gc,start       ] GC(1021) Pause Young (Allocation Failure)
[149.654s][info][gc,heap        ] GC(1021) DefNew: 140063K(157248K)->290K(157248K) Eden: 139776K(139776K)->0K(139776K) From: 287K(17472K)->290K(17472K)
[149.654s][info][gc,heap        ] GC(1021) Tenured: 20125K(349568K)->20143K(349568K)
[149.654s][info][gc,metaspace   ] GC(1021) Metaspace: 14271K(15168K)->14271K(15168K) NonClass: 12311K(12864K)->12311K(12864K) Class: 1959K(2304K)->1959K(2304K)
[149.654s][info][gc             ] GC(1021) Pause Young (Allocation Failure) 156M->19M(494M) 31.336ms
[149.654s][info][gc,cpu         ] GC(1021) User=0.03s Sys=0.00s Real=0.03s
[149.775s][info][gc,start       ] GC(1022) Pause Young (Allocation Failure)
[149.805s][info][gc,heap        ] GC(1022) DefNew: 140066K(157248K)->289K(157248K) Eden: 139775K(139776K)->0K(139776K) From: 290K(17472K)->289K(17472K)
[149.805s][info][gc,heap        ] GC(1022) Tenured: 20143K(349568K)->20163K(349568K)
[149.805s][info][gc,metaspace   ] GC(1022) Metaspace: 14271K(15168K)->14271K(15168K) NonClass: 12311K(12864K)->12311K(12864K) Class: 1959K(2304K)->1959K(2304K)
[149.805s][info][gc             ] GC(1022) Pause Young (Allocation Failure) 156M->19M(494M) 29.920ms
[149.805s][info][gc,cpu         ] GC(1022) User=0.03s Sys=0.00s Real=0.03s
[149.923s][info][gc,start       ] GC(1023) Pause Young (Allocation Failure)
[149.951s][info][gc,heap        ] GC(1023) DefNew: 140065K(157248K)->286K(157248K) Eden: 139776K(139776K)->0K(139776K) From: 289K(17472K)->286K(17472K)
[149.951s][info][gc,heap        ] GC(1023) Tenured: 20163K(349568K)->20184K(349568K)
[149.951s][info][gc,metaspace   ] GC(1023) Metaspace: 14271K(15168K)->14271K(15168K) NonClass: 12311K(12864K)->12311K(12864K) Class: 1959K(2304K)->1959K(2304K)
[149.951s][info][gc             ] GC(1023) Pause Young (Allocation Failure) 156M->19M(494M) 28.305ms
[149.951s][info][gc,cpu         ] GC(1023) User=0.03s Sys=0.00s Real=0.03s
[150.071s][info][gc,start       ] GC(1024) Pause Young (Allocation Failure)
[150.098s][info][gc,heap        ] GC(1024) DefNew: 140062K(157248K)->284K(157248K) Eden: 139776K(139776K)->0K(139776K) From: 286K(17472K)->284K(17472K)
[150.098s][info][gc,heap        ] GC(1024) Tenured: 20184K(349568K)->20205K(349568K)
[150.098s][info][gc,metaspace   ] GC(1024) Metaspace: 14271K(15168K)->14271K(15168K) NonClass: 12311K(12864K)->12311K(12864K) Class: 1959K(2304K)->1959K(2304K)
[150.098s][info][gc             ] GC(1024) Pause Young (Allocation Failure) 156M->20M(494M) 27.659ms
[150.098s][info][gc,cpu         ] GC(1024) User=0.02s Sys=0.00s Real=0.02s
[150.228s][info][gc,start       ] GC(1025) Pause Young (Allocation Failure)
[150.249s][info][gc,heap        ] GC(1025) DefNew: 140060K(157248K)->287K(157248K) Eden: 139776K(139776K)->0K(139776K) From: 284K(17472K)->287K(17472K)
[150.249s][info][gc,heap        ] GC(1025) Tenured: 20205K(349568K)->20223K(349568K)
[150.249s][info][gc,metaspace   ] GC(1025) Metaspace: 14271K(15168K)->14271K(15168K) NonClass: 12311K(12864K)->12311K(12864K) Class: 1959K(2304K)->1959K(2304K)
[150.249s][info][gc             ] GC(1025) Pause Young (Allocation Failure) 156M->20M(494M) 20.621ms
[150.249s][info][gc,cpu         ] GC(1025) User=0.02s Sys=0.00s Real=0.02s
[150.367s][info][gc,start       ] GC(1026) Pause Young (Allocation Failure)
[150.393s][info][gc,heap        ] GC(1026) DefNew: 140063K(157248K)->290K(157248K) Eden: 139776K(139776K)->0K(139776K) From: 287K(17472K)->290K(17472K)
[150.393s][info][gc,heap        ] GC(1026) Tenured: 20223K(349568K)->20240K(349568K)
[150.393s][info][gc,metaspace   ] GC(1026) Metaspace: 14271K(15168K)->14271K(15168K) NonClass: 12311K(12864K)->12311K(12864K) Class: 1959K(2304K)->1959K(2304K)
[150.393s][info][gc             ] GC(1026) Pause Young (Allocation Failure) 156M->20M(494M) 26.855ms
[150.393s][info][gc,cpu         ] GC(1026) User=0.02s Sys=0.00s Real=0.02s
[150.510s][info][gc,start       ] GC(1027) Pause Young (Allocation Failure)
[150.538s][info][gc,heap        ] GC(1027) DefNew: 140066K(157248K)->291K(157248K) Eden: 139776K(139776K)->0K(139776K) From: 290K(17472K)->291K(17472K)
[150.538s][info][gc,heap        ] GC(1027) Tenured: 20240K(349568K)->20258K(349568K)
[150.538s][info][gc,metaspace   ] GC(1027) Metaspace: 14271K(15168K)->14271K(15168K) NonClass: 12311K(12864K)->12311K(12864K) Class: 1959K(2304K)->1959K(2304K)
[150.538s][info][gc             ] GC(1027) Pause Young (Allocation Failure) 156M->20M(494M) 27.819ms
[150.538s][info][gc,cpu         ] GC(1027) User=0.02s Sys=0.00s Real=0.03s
[150.653s][info][gc,start       ] GC(1028) Pause Young (Allocation Failure)
[150.681s][info][gc,heap        ] GC(1028) DefNew: 140067K(157248K)->291K(157248K) Eden: 139776K(139776K)->0K(139776K) From: 291K(17472K)->291K(17472K)
[150.681s][info][gc,heap        ] GC(1028) Tenured: 20258K(349568K)->20275K(349568K)
[150.681s][info][gc,metaspace   ] GC(1028) Metaspace: 14271K(15168K)->14271K(15168K) NonClass: 12311K(12864K)->12311K(12864K) Class: 1959K(2304K)->1959K(2304K)
[150.681s][info][gc             ] GC(1028) Pause Young (Allocation Failure) 156M->20M(494M) 27.716ms
[150.681s][info][gc,cpu         ] GC(1028) User=0.02s Sys=0.00s Real=0.02s
[150.798s][info][gc,start       ] GC(1029) Pause Young (Allocation Failure)
[150.826s][info][gc,heap        ] GC(1029) DefNew: 140067K(157248K)->290K(157248K) Eden: 139776K(139776K)->0K(139776K) From: 291K(17472K)->290K(17472K)
[150.826s][info][gc,heap        ] GC(1029) Tenured: 20275K(349568K)->20295K(349568K)
[150.826s][info][gc,metaspace   ] GC(1029) Metaspace: 14271K(15168K)->14271K(15168K) NonClass: 12311K(12864K)->12311K(12864K) Class: 1959K(2304K)->1959K(2304K)
[150.826s][info][gc             ] GC(1029) Pause Young (Allocation Failure) 156M->20M(494M) 27.431ms
[150.826s][info][gc,cpu         ] GC(1029) User=0.03s Sys=0.00s Real=0.03s
[150.942s][info][gc,start       ] GC(1030) Pause Young (Allocation Failure)
[150.970s][info][gc,heap        ] GC(1030) DefNew: 140066K(157248K)->294K(157248K) Eden: 139776K(139776K)->0K(139776K) From: 290K(17472K)->294K(17472K)
[150.970s][info][gc,heap        ] GC(1030) Tenured: 20295K(349568K)->20313K(349568K)
[150.970s][info][gc,metaspace   ] GC(1030) Metaspace: 14271K(15168K)->14271K(15168K) NonClass: 12311K(12864K)->12311K(12864K) Class: 1959K(2304K)->1959K(2304K)
[150.970s][info][gc             ] GC(1030) Pause Young (Allocation Failure) 156M->20M(494M) 27.950ms
[150.970s][info][gc,cpu         ] GC(1030) User=0.02s Sys=0.00s Real=0.01s
[151.085s][info][gc,start       ] GC(1031) Pause Young (Allocation Failure)
[151.113s][info][gc,heap        ] GC(1031) DefNew: 140070K(157248K)->297K(157248K) Eden: 139776K(139776K)->0K(139776K) From: 294K(17472K)->297K(17472K)
[151.113s][info][gc,heap        ] GC(1031) Tenured: 20313K(349568K)->20330K(349568K)
[151.113s][info][gc,metaspace   ] GC(1031) Metaspace: 14271K(15168K)->14271K(15168K) NonClass: 12311K(12864K)->12311K(12864K) Class: 1959K(2304K)->1959K(2304K)
[151.113s][info][gc             ] GC(1031) Pause Young (Allocation Failure) 156M->20M(494M) 28.367ms
[151.113s][info][gc,cpu         ] GC(1031) User=0.00s Sys=0.00s Real=0.01s
[151.228s][info][gc,start       ] GC(1032) Pause Young (Allocation Failure)
[151.259s][info][gc,heap        ] GC(1032) DefNew: 140073K(157248K)->295K(157248K) Eden: 139776K(139776K)->0K(139776K) From: 297K(17472K)->295K(17472K)
[151.259s][info][gc,heap        ] GC(1032) Tenured: 20330K(349568K)->20351K(349568K)
[151.259s][info][gc,metaspace   ] GC(1032) Metaspace: 14271K(15168K)->14271K(15168K) NonClass: 12311K(12864K)->12311K(12864K) Class: 1959K(2304K)->1959K(2304K)
[151.259s][info][gc             ] GC(1032) Pause Young (Allocation Failure) 156M->20M(494M) 30.595ms
[151.259s][info][gc,cpu         ] GC(1032) User=0.03s Sys=0.00s Real=0.03s
[151.375s][info][gc,start       ] GC(1033) Pause Young (Allocation Failure)
[151.398s][info][gc,heap        ] GC(1033) DefNew: 140071K(157248K)->294K(157248K) Eden: 139776K(139776K)->0K(139776K) From: 295K(17472K)->294K(17472K)
[151.398s][info][gc,heap        ] GC(1033) Tenured: 20351K(349568K)->20369K(349568K)
[151.398s][info][gc,metaspace   ] GC(1033) Metaspace: 14271K(15168K)->14271K(15168K) NonClass: 12311K(12864K)->12311K(12864K) Class: 1959K(2304K)->1959K(2304K)
[151.398s][info][gc             ] GC(1033) Pause Young (Allocation Failure) 156M->20M(494M) 22.663ms
[151.398s][info][gc,cpu         ] GC(1033) User=0.02s Sys=0.00s Real=0.02s
[151.514s][info][gc,start       ] GC(1034) Pause Young (Allocation Failure)
[151.543s][info][gc,heap        ] GC(1034) DefNew: 140049K(157248K)->297K(157248K) Eden: 139754K(139776K)->0K(139776K) From: 294K(17472K)->297K(17472K)
[151.544s][info][gc,heap        ] GC(1034) Tenured: 20369K(349568K)->20386K(349568K)
[151.544s][info][gc,metaspace   ] GC(1034) Metaspace: 14271K(15168K)->14271K(15168K) NonClass: 12311K(12864K)->12311K(12864K) Class: 1959K(2304K)->1959K(2304K)
[151.544s][info][gc             ] GC(1034) Pause Young (Allocation Failure) 156M->20M(494M) 29.935ms
[151.544s][info][gc,cpu         ] GC(1034) User=0.03s Sys=0.00s Real=0.03s
[151.658s][info][gc,start       ] GC(1035) Pause Young (Allocation Failure)
[151.688s][info][gc,heap        ] GC(1035) DefNew: 140073K(157248K)->299K(157248K) Eden: 139776K(139776K)->0K(139776K) From: 297K(17472K)->299K(17472K)
[151.688s][info][gc,heap        ] GC(1035) Tenured: 20386K(349568K)->20404K(349568K)
[151.688s][info][gc,metaspace   ] GC(1035) Metaspace: 14271K(15168K)->14271K(15168K) NonClass: 12311K(12864K)->12311K(12864K) Class: 1959K(2304K)->1959K(2304K)
[151.688s][info][gc             ] GC(1035) Pause Young (Allocation Failure) 156M->20M(494M) 29.784ms
[151.688s][info][gc,cpu         ] GC(1035) User=0.02s Sys=0.00s Real=0.02s
[151.806s][info][gc,start       ] GC(1036) Pause Young (Allocation Failure)
[151.837s][info][gc,heap        ] GC(1036) DefNew: 140075K(157248K)->298K(157248K) Eden: 139776K(139776K)->0K(139776K) From: 299K(17472K)->298K(17472K)
[151.837s][info][gc,heap        ] GC(1036) Tenured: 20404K(349568K)->20425K(349568K)
[151.837s][info][gc,metaspace   ] GC(1036) Metaspace: 14271K(15168K)->14271K(15168K) NonClass: 12311K(12864K)->12311K(12864K) Class: 1959K(2304K)->1959K(2304K)
[151.837s][info][gc             ] GC(1036) Pause Young (Allocation Failure) 156M->20M(494M) 30.471ms
[151.837s][info][gc,cpu         ] GC(1036) User=0.03s Sys=0.00s Real=0.03s
[151.953s][info][gc,start       ] GC(1037) Pause Young (Allocation Failure)
[151.985s][info][gc,heap        ] GC(1037) DefNew: 140074K(157248K)->299K(157248K) Eden: 139776K(139776K)->0K(139776K) From: 298K(17472K)->299K(17472K)
[151.985s][info][gc,heap        ] GC(1037) Tenured: 20425K(349568K)->20445K(349568K)
[151.985s][info][gc,metaspace   ] GC(1037) Metaspace: 14271K(15168K)->14271K(15168K) NonClass: 12311K(12864K)->12311K(12864K) Class: 1959K(2304K)->1959K(2304K)
[151.985s][info][gc             ] GC(1037) Pause Young (Allocation Failure) 156M->20M(494M) 31.937ms
[151.985s][info][gc,cpu         ] GC(1037) User=0.03s Sys=0.00s Real=0.03s
[152.100s][info][gc,start       ] GC(1038) Pause Young (Allocation Failure)
[152.130s][info][gc,heap        ] GC(1038) DefNew: 140075K(157248K)->294K(157248K) Eden: 139776K(139776K)->0K(139776K) From: 299K(17472K)->294K(17472K)
[152.130s][info][gc,heap        ] GC(1038) Tenured: 20445K(349568K)->20463K(349568K)
[152.130s][info][gc,metaspace   ] GC(1038) Metaspace: 14271K(15168K)->14271K(15168K) NonClass: 12311K(12864K)->12311K(12864K) Class: 1959K(2304K)->1959K(2304K)
[152.130s][info][gc             ] GC(1038) Pause Young (Allocation Failure) 156M->20M(494M) 30.717ms
[152.130s][info][gc,cpu         ] GC(1038) User=0.03s Sys=0.00s Real=0.02s
[152.249s][info][gc,start       ] GC(1039) Pause Young (Allocation Failure)
[152.280s][info][gc,heap        ] GC(1039) DefNew: 140070K(157248K)->297K(157248K) Eden: 139776K(139776K)->0K(139776K) From: 294K(17472K)->297K(17472K)
[152.280s][info][gc,heap        ] GC(1039) Tenured: 20463K(349568K)->20480K(349568K)
[152.280s][info][gc,metaspace   ] GC(1039) Metaspace: 14271K(15168K)->14271K(15168K) NonClass: 12311K(12864K)->12311K(12864K) Class: 1959K(2304K)->1959K(2304K)
[152.280s][info][gc             ] GC(1039) Pause Young (Allocation Failure) 156M->20M(494M) 31.378ms
[152.281s][info][gc,cpu         ] GC(1039) User=0.03s Sys=0.00s Real=0.03s
[152.397s][info][gc,start       ] GC(1040) Pause Young (Allocation Failure)
[152.429s][info][gc,heap        ] GC(1040) DefNew: 140073K(157248K)->295K(157248K) Eden: 139776K(139776K)->0K(139776K) From: 297K(17472K)->295K(17472K)
[152.429s][info][gc,heap        ] GC(1040) Tenured: 20480K(349568K)->20501K(349568K)
[152.429s][info][gc,metaspace   ] GC(1040) Metaspace: 14271K(15168K)->14271K(15168K) NonClass: 12311K(12864K)->12311K(12864K) Class: 1959K(2304K)->1959K(2304K)
[152.429s][info][gc             ] GC(1040) Pause Young (Allocation Failure) 156M->20M(494M) 31.482ms
[152.429s][info][gc,cpu         ] GC(1040) User=0.03s Sys=0.00s Real=0.03s
[152.545s][info][gc,start       ] GC(1041) Pause Young (Allocation Failure)
[152.577s][info][gc,heap        ] GC(1041) DefNew: 140071K(157248K)->295K(157248K) Eden: 139776K(139776K)->0K(139776K) From: 295K(17472K)->295K(17472K)
[152.577s][info][gc,heap        ] GC(1041) Tenured: 20501K(349568K)->20522K(349568K)
[152.577s][info][gc,metaspace   ] GC(1041) Metaspace: 14271K(15168K)->14271K(15168K) NonClass: 12311K(12864K)->12311K(12864K) Class: 1959K(2304K)->1959K(2304K)
[152.577s][info][gc             ] GC(1041) Pause Young (Allocation Failure) 156M->20M(494M) 31.800ms
[152.577s][info][gc,cpu         ] GC(1041) User=0.03s Sys=0.00s Real=0.03s
[152.693s][info][gc,start       ] GC(1042) Pause Young (Allocation Failure)
[152.725s][info][gc,heap        ] GC(1042) DefNew: 140071K(157248K)->298K(157248K) Eden: 139776K(139776K)->0K(139776K) From: 295K(17472K)->298K(17472K)
[152.725s][info][gc,heap        ] GC(1042) Tenured: 20522K(349568K)->20539K(349568K)
[152.725s][info][gc,metaspace   ] GC(1042) Metaspace: 14271K(15168K)->14271K(15168K) NonClass: 12311K(12864K)->12311K(12864K) Class: 1959K(2304K)->1959K(2304K)
[152.725s][info][gc             ] GC(1042) Pause Young (Allocation Failure) 156M->20M(494M) 32.128ms
[152.725s][info][gc,cpu         ] GC(1042) User=0.03s Sys=0.00s Real=0.03s
[152.843s][info][gc,start       ] GC(1043) Pause Young (Allocation Failure)
[152.877s][info][gc,heap        ] GC(1043) DefNew: 140074K(157248K)->298K(157248K) Eden: 139776K(139776K)->0K(139776K) From: 298K(17472K)->298K(17472K)
[152.877s][info][gc,heap        ] GC(1043) Tenured: 20539K(349568K)->20557K(349568K)
[152.877s][info][gc,metaspace   ] GC(1043) Metaspace: 14271K(15168K)->14271K(15168K) NonClass: 12311K(12864K)->12311K(12864K) Class: 1959K(2304K)->1959K(2304K)
[152.877s][info][gc             ] GC(1043) Pause Young (Allocation Failure) 156M->20M(494M) 34.003ms
[152.877s][info][gc,cpu         ] GC(1043) User=0.02s Sys=0.00s Real=0.02s
[152.996s][info][gc,start       ] GC(1044) Pause Young (Allocation Failure)
[153.028s][info][gc,heap        ] GC(1044) DefNew: 140074K(157248K)->297K(157248K) Eden: 139776K(139776K)->0K(139776K) From: 298K(17472K)->297K(17472K)
[153.028s][info][gc,heap        ] GC(1044) Tenured: 20557K(349568K)->20578K(349568K)
[153.028s][info][gc,metaspace   ] GC(1044) Metaspace: 14271K(15168K)->14271K(15168K) NonClass: 12311K(12864K)->12311K(12864K) Class: 1959K(2304K)->1959K(2304K)
[153.028s][info][gc             ] GC(1044) Pause Young (Allocation Failure) 156M->20M(494M) 32.530ms
[153.028s][info][gc,cpu         ] GC(1044) User=0.03s Sys=0.00s Real=0.03s
[153.147s][info][gc,start       ] GC(1045) Pause Young (Allocation Failure)
[153.180s][info][gc,heap        ] GC(1045) DefNew: 140073K(157248K)->296K(157248K) Eden: 139776K(139776K)->0K(139776K) From: 297K(17472K)->296K(17472K)
[153.180s][info][gc,heap        ] GC(1045) Tenured: 20578K(349568K)->20599K(349568K)
[153.180s][info][gc,metaspace   ] GC(1045) Metaspace: 14271K(15168K)->14271K(15168K) NonClass: 12311K(12864K)->12311K(12864K) Class: 1959K(2304K)->1959K(2304K)
[153.180s][info][gc             ] GC(1045) Pause Young (Allocation Failure) 156M->20M(494M) 32.749ms
[153.180s][info][gc,cpu         ] GC(1045) User=0.02s Sys=0.00s Real=0.02s
[153.298s][info][gc,start       ] GC(1046) Pause Young (Allocation Failure)
[153.331s][info][gc,heap        ] GC(1046) DefNew: 140072K(157248K)->295K(157248K) Eden: 139775K(139776K)->0K(139776K) From: 296K(17472K)->295K(17472K)
[153.331s][info][gc,heap        ] GC(1046) Tenured: 20599K(349568K)->20619K(349568K)
[153.331s][info][gc,metaspace   ] GC(1046) Metaspace: 14271K(15168K)->14271K(15168K) NonClass: 12311K(12864K)->12311K(12864K) Class: 1959K(2304K)->1959K(2304K)
[153.331s][info][gc             ] GC(1046) Pause Young (Allocation Failure) 156M->20M(494M) 33.541ms
[153.331s][info][gc,cpu         ] GC(1046) User=0.03s Sys=0.00s Real=0.03s
[153.542s][info][gc,start       ] GC(1047) Pause Young (Allocation Failure)
[153.581s][info][gc,heap        ] GC(1047) DefNew: 140071K(157248K)->298K(157248K) Eden: 139776K(139776K)->0K(139776K) From: 295K(17472K)->298K(17472K)
[153.581s][info][gc,heap        ] GC(1047) Tenured: 20619K(349568K)->20637K(349568K)
[153.581s][info][gc,metaspace   ] GC(1047) Metaspace: 14271K(15168K)->14271K(15168K) NonClass: 12311K(12864K)->12311K(12864K) Class: 1959K(2304K)->1959K(2304K)
[153.581s][info][gc             ] GC(1047) Pause Young (Allocation Failure) 156M->20M(494M) 38.702ms
[153.581s][info][gc,cpu         ] GC(1047) User=0.03s Sys=0.00s Real=0.03s
[153.704s][info][gc,start       ] GC(1048) Pause Young (Allocation Failure)
[153.728s][info][gc,heap        ] GC(1048) DefNew: 140074K(157248K)->300K(157248K) Eden: 139776K(139776K)->0K(139776K) From: 298K(17472K)->300K(17472K)
[153.728s][info][gc,heap        ] GC(1048) Tenured: 20637K(349568K)->20655K(349568K)
[153.728s][info][gc,metaspace   ] GC(1048) Metaspace: 14271K(15168K)->14271K(15168K) NonClass: 12311K(12864K)->12311K(12864K) Class: 1959K(2304K)->1959K(2304K)
[153.728s][info][gc             ] GC(1048) Pause Young (Allocation Failure) 156M->20M(494M) 23.844ms
[153.728s][info][gc,cpu         ] GC(1048) User=0.03s Sys=0.00s Real=0.02s
[153.847s][info][gc,start       ] GC(1049) Pause Young (Allocation Failure)
[153.877s][info][gc,heap        ] GC(1049) DefNew: 140076K(157248K)->300K(157248K) Eden: 139776K(139776K)->0K(139776K) From: 300K(17472K)->300K(17472K)
[153.877s][info][gc,heap        ] GC(1049) Tenured: 20655K(349568K)->20676K(349568K)
[153.877s][info][gc,metaspace   ] GC(1049) Metaspace: 14271K(15168K)->14271K(15168K) NonClass: 12311K(12864K)->12311K(12864K) Class: 1959K(2304K)->1959K(2304K)
[153.877s][info][gc             ] GC(1049) Pause Young (Allocation Failure) 156M->20M(494M) 29.403ms
[153.877s][info][gc,cpu         ] GC(1049) User=0.03s Sys=0.00s Real=0.02s
[153.998s][info][gc,start       ] GC(1050) Pause Young (Allocation Failure)
[154.026s][info][gc,heap        ] GC(1050) DefNew: 140076K(157248K)->303K(157248K) Eden: 139776K(139776K)->0K(139776K) From: 300K(17472K)->303K(17472K)
[154.026s][info][gc,heap        ] GC(1050) Tenured: 20676K(349568K)->20693K(349568K)
[154.026s][info][gc,metaspace   ] GC(1050) Metaspace: 14271K(15168K)->14271K(15168K) NonClass: 12311K(12864K)->12311K(12864K) Class: 1959K(2304K)->1959K(2304K)
[154.026s][info][gc             ] GC(1050) Pause Young (Allocation Failure) 156M->20M(494M) 27.986ms
[154.026s][info][gc,cpu         ] GC(1050) User=0.03s Sys=0.00s Real=0.03s
[154.141s][info][gc,start       ] GC(1051) Pause Young (Allocation Failure)
[154.168s][info][gc,heap        ] GC(1051) DefNew: 140079K(157248K)->300K(157248K) Eden: 139776K(139776K)->0K(139776K) From: 303K(17472K)->300K(17472K)
[154.203s][info][gc,heap        ] GC(1051) Tenured: 20693K(349568K)->20714K(349568K)
[154.203s][info][gc,metaspace   ] GC(1051) Metaspace: 14271K(15168K)->14271K(15168K) NonClass: 12311K(12864K)->12311K(12864K) Class: 1959K(2304K)->1959K(2304K)
[154.203s][info][gc             ] GC(1051) Pause Young (Allocation Failure) 157M->20M(494M) 61.361ms
[154.203s][info][gc,cpu         ] GC(1051) User=0.02s Sys=0.00s Real=0.05s
[154.337s][info][gc,start       ] GC(1052) Pause Young (Allocation Failure)
[154.363s][info][gc,heap        ] GC(1052) DefNew: 140076K(157248K)->307K(157248K) Eden: 139776K(139776K)->0K(139776K) From: 300K(17472K)->307K(17472K)
[154.363s][info][gc,heap        ] GC(1052) Tenured: 20714K(349568K)->20732K(349568K)
[154.363s][info][gc,metaspace   ] GC(1052) Metaspace: 14271K(15168K)->14271K(15168K) NonClass: 12311K(12864K)->12311K(12864K) Class: 1959K(2304K)->1959K(2304K)
[154.363s][info][gc             ] GC(1052) Pause Young (Allocation Failure) 157M->20M(494M) 25.935ms
[154.363s][info][gc,cpu         ] GC(1052) User=0.02s Sys=0.00s Real=0.02s
[154.483s][info][gc,start       ] GC(1053) Pause Young (Allocation Failure)
[154.510s][info][gc,heap        ] GC(1053) DefNew: 140083K(157248K)->312K(157248K) Eden: 139776K(139776K)->0K(139776K) From: 307K(17472K)->312K(17472K)
[154.510s][info][gc,heap        ] GC(1053) Tenured: 20732K(349568K)->20749K(349568K)
[154.510s][info][gc,metaspace   ] GC(1053) Metaspace: 14271K(15168K)->14271K(15168K) NonClass: 12311K(12864K)->12311K(12864K) Class: 1959K(2304K)->1959K(2304K)
[154.510s][info][gc             ] GC(1053) Pause Young (Allocation Failure) 157M->20M(494M) 26.898ms
[154.510s][info][gc,cpu         ] GC(1053) User=0.03s Sys=0.00s Real=0.03s
[154.625s][info][gc,start       ] GC(1054) Pause Young (Allocation Failure)
[154.654s][info][gc,heap        ] GC(1054) DefNew: 140088K(157248K)->311K(157248K) Eden: 139776K(139776K)->0K(139776K) From: 312K(17472K)->311K(17472K)
[154.654s][info][gc,heap        ] GC(1054) Tenured: 20749K(349568K)->20770K(349568K)
[154.654s][info][gc,metaspace   ] GC(1054) Metaspace: 14271K(15168K)->14271K(15168K) NonClass: 12311K(12864K)->12311K(12864K) Class: 1959K(2304K)->1959K(2304K)
[154.654s][info][gc             ] GC(1054) Pause Young (Allocation Failure) 157M->20M(494M) 28.811ms
[154.654s][info][gc,cpu         ] GC(1054) User=0.03s Sys=0.00s Real=0.03s
[154.771s][info][gc,start       ] GC(1055) Pause Young (Allocation Failure)
[154.798s][info][gc,heap        ] GC(1055) DefNew: 140087K(157248K)->313K(157248K) Eden: 139776K(139776K)->0K(139776K) From: 311K(17472K)->313K(17472K)
[154.798s][info][gc,heap        ] GC(1055) Tenured: 20770K(349568K)->20788K(349568K)
[154.798s][info][gc,metaspace   ] GC(1055) Metaspace: 14271K(15168K)->14271K(15168K) NonClass: 12311K(12864K)->12311K(12864K) Class: 1959K(2304K)->1959K(2304K)
[154.798s][info][gc             ] GC(1055) Pause Young (Allocation Failure) 157M->20M(494M) 27.242ms
[154.798s][info][gc,cpu         ] GC(1055) User=0.02s Sys=0.00s Real=0.02s
[154.912s][info][gc,start       ] GC(1056) Pause Young (Allocation Failure)
[154.939s][info][gc,heap        ] GC(1056) DefNew: 140089K(157248K)->310K(157248K) Eden: 139776K(139776K)->0K(139776K) From: 313K(17472K)->310K(17472K)
[154.939s][info][gc,heap        ] GC(1056) Tenured: 20788K(349568K)->20809K(349568K)
[154.939s][info][gc,metaspace   ] GC(1056) Metaspace: 14271K(15168K)->14271K(15168K) NonClass: 12311K(12864K)->12311K(12864K) Class: 1959K(2304K)->1959K(2304K)
[154.939s][info][gc             ] GC(1056) Pause Young (Allocation Failure) 157M->20M(494M) 27.554ms
[154.939s][info][gc,cpu         ] GC(1056) User=0.03s Sys=0.00s Real=0.03s
[155.055s][info][gc,start       ] GC(1057) Pause Young (Allocation Failure)
[155.083s][info][gc,heap        ] GC(1057) DefNew: 140086K(157248K)->310K(157248K) Eden: 139776K(139776K)->0K(139776K) From: 310K(17472K)->310K(17472K)
[155.083s][info][gc,heap        ] GC(1057) Tenured: 20809K(349568K)->20829K(349568K)
[155.083s][info][gc,metaspace   ] GC(1057) Metaspace: 14271K(15168K)->14271K(15168K) NonClass: 12311K(12864K)->12311K(12864K) Class: 1959K(2304K)->1959K(2304K)
[155.083s][info][gc             ] GC(1057) Pause Young (Allocation Failure) 157M->20M(494M) 28.014ms
[155.083s][info][gc,cpu         ] GC(1057) User=0.02s Sys=0.00s Real=0.03s
[155.200s][info][gc,start       ] GC(1058) Pause Young (Allocation Failure)
[155.228s][info][gc,heap        ] GC(1058) DefNew: 140086K(157248K)->313K(157248K) Eden: 139776K(139776K)->0K(139776K) From: 310K(17472K)->313K(17472K)
[155.228s][info][gc,heap        ] GC(1058) Tenured: 20829K(349568K)->20847K(349568K)
[155.228s][info][gc,metaspace   ] GC(1058) Metaspace: 14271K(15168K)->14271K(15168K) NonClass: 12311K(12864K)->12311K(12864K) Class: 1959K(2304K)->1959K(2304K)
[155.228s][info][gc             ] GC(1058) Pause Young (Allocation Failure) 157M->20M(494M) 28.085ms
[155.228s][info][gc,cpu         ] GC(1058) User=0.02s Sys=0.00s Real=0.02s
[155.343s][info][gc,start       ] GC(1059) Pause Young (Allocation Failure)
[155.374s][info][gc,heap        ] GC(1059) DefNew: 140089K(157248K)->310K(157248K) Eden: 139776K(139776K)->0K(139776K) From: 313K(17472K)->310K(17472K)
[155.374s][info][gc,heap        ] GC(1059) Tenured: 20847K(349568K)->20868K(349568K)
[155.374s][info][gc,metaspace   ] GC(1059) Metaspace: 14271K(15168K)->14271K(15168K) NonClass: 12311K(12864K)->12311K(12864K) Class: 1959K(2304K)->1959K(2304K)
[155.374s][info][gc             ] GC(1059) Pause Young (Allocation Failure) 157M->20M(494M) 30.708ms
[155.374s][info][gc,cpu         ] GC(1059) User=0.03s Sys=0.00s Real=0.03s
[155.491s][info][gc,start       ] GC(1060) Pause Young (Allocation Failure)
[155.520s][info][gc,heap        ] GC(1060) DefNew: 140086K(157248K)->311K(157248K) Eden: 139776K(139776K)->0K(139776K) From: 310K(17472K)->311K(17472K)
[155.520s][info][gc,heap        ] GC(1060) Tenured: 20868K(349568K)->20885K(349568K)
[155.520s][info][gc,metaspace   ] GC(1060) Metaspace: 14271K(15168K)->14271K(15168K) NonClass: 12311K(12864K)->12311K(12864K) Class: 1959K(2304K)->1959K(2304K)
[155.520s][info][gc             ] GC(1060) Pause Young (Allocation Failure) 157M->20M(494M) 29.466ms
[155.520s][info][gc,cpu         ] GC(1060) User=0.02s Sys=0.00s Real=0.02s
[155.640s][info][gc,start       ] GC(1061) Pause Young (Allocation Failure)
[155.669s][info][gc,heap        ] GC(1061) DefNew: 140087K(157248K)->309K(157248K) Eden: 139775K(139776K)->0K(139776K) From: 311K(17472K)->309K(17472K)
[155.669s][info][gc,heap        ] GC(1061) Tenured: 20885K(349568K)->20906K(349568K)
[155.669s][info][gc,metaspace   ] GC(1061) Metaspace: 14271K(15168K)->14271K(15168K) NonClass: 12311K(12864K)->12311K(12864K) Class: 1959K(2304K)->1959K(2304K)
[155.669s][info][gc             ] GC(1061) Pause Young (Allocation Failure) 157M->20M(494M) 29.656ms
[155.669s][info][gc,cpu         ] GC(1061) User=0.02s Sys=0.00s Real=0.02s
[155.788s][info][gc,start       ] GC(1062) Pause Young (Allocation Failure)
[155.820s][info][gc,heap        ] GC(1062) DefNew: 140085K(157248K)->311K(157248K) Eden: 139776K(139776K)->0K(139776K) From: 309K(17472K)->311K(17472K)
[155.820s][info][gc,heap        ] GC(1062) Tenured: 20906K(349568K)->20927K(349568K)
[155.820s][info][gc,metaspace   ] GC(1062) Metaspace: 14271K(15168K)->14271K(15168K) NonClass: 12311K(12864K)->12311K(12864K) Class: 1959K(2304K)->1959K(2304K)
[155.820s][info][gc             ] GC(1062) Pause Young (Allocation Failure) 157M->20M(494M) 31.622ms
[155.820s][info][gc,cpu         ] GC(1062) User=0.03s Sys=0.00s Real=0.03s
[155.937s][info][gc,start       ] GC(1063) Pause Young (Allocation Failure)
[155.967s][info][gc,heap        ] GC(1063) DefNew: 140087K(157248K)->307K(157248K) Eden: 139776K(139776K)->0K(139776K) From: 311K(17472K)->307K(17472K)
[155.967s][info][gc,heap        ] GC(1063) Tenured: 20927K(349568K)->20947K(349568K)
[155.967s][info][gc,metaspace   ] GC(1063) Metaspace: 14271K(15168K)->14271K(15168K) NonClass: 12311K(12864K)->12311K(12864K) Class: 1959K(2304K)->1959K(2304K)
[155.967s][info][gc             ] GC(1063) Pause Young (Allocation Failure) 157M->20M(494M) 30.402ms
[155.967s][info][gc,cpu         ] GC(1063) User=0.02s Sys=0.00s Real=0.02s
[156.083s][info][gc,start       ] GC(1064) Pause Young (Allocation Failure)
[156.115s][info][gc,heap        ] GC(1064) DefNew: 140083K(157248K)->304K(157248K) Eden: 139776K(139776K)->0K(139776K) From: 307K(17472K)->304K(17472K)
[156.115s][info][gc,heap        ] GC(1064) Tenured: 20947K(349568K)->20968K(349568K)
[156.115s][info][gc,metaspace   ] GC(1064) Metaspace: 14271K(15168K)->14271K(15168K) NonClass: 12311K(12864K)->12311K(12864K) Class: 1959K(2304K)->1959K(2304K)
[156.115s][info][gc             ] GC(1064) Pause Young (Allocation Failure) 157M->20M(494M) 32.315ms
[156.115s][info][gc,cpu         ] GC(1064) User=0.03s Sys=0.00s Real=0.03s
[156.231s][info][gc,start       ] GC(1065) Pause Young (Allocation Failure)
[156.254s][info][gc,heap        ] GC(1065) DefNew: 140080K(157248K)->302K(157248K) Eden: 139776K(139776K)->0K(139776K) From: 304K(17472K)->302K(17472K)
[156.254s][info][gc,heap        ] GC(1065) Tenured: 20968K(349568K)->20988K(349568K)
[156.254s][info][gc,metaspace   ] GC(1065) Metaspace: 14271K(15168K)->14271K(15168K) NonClass: 12311K(12864K)->12311K(12864K) Class: 1959K(2304K)->1959K(2304K)
[156.254s][info][gc             ] GC(1065) Pause Young (Allocation Failure) 157M->20M(494M) 23.401ms
[156.254s][info][gc,cpu         ] GC(1065) User=0.02s Sys=0.00s Real=0.01s
[156.371s][info][gc,start       ] GC(1066) Pause Young (Allocation Failure)
[156.395s][info][gc,heap        ] GC(1066) DefNew: 140078K(157248K)->304K(157248K) Eden: 139776K(139776K)->0K(139776K) From: 302K(17472K)->304K(17472K)
[156.395s][info][gc,heap        ] GC(1066) Tenured: 20988K(349568K)->21006K(349568K)
[156.395s][info][gc,metaspace   ] GC(1066) Metaspace: 14271K(15168K)->14271K(15168K) NonClass: 12311K(12864K)->12311K(12864K) Class: 1959K(2304K)->1959K(2304K)
[156.395s][info][gc             ] GC(1066) Pause Young (Allocation Failure) 157M->20M(494M) 24.375ms
[156.395s][info][gc,cpu         ] GC(1066) User=0.02s Sys=0.00s Real=0.02s
[156.511s][info][gc,start       ] GC(1067) Pause Young (Allocation Failure)
[156.543s][info][gc,heap        ] GC(1067) DefNew: 140080K(157248K)->299K(157248K) Eden: 139776K(139776K)->0K(139776K) From: 304K(17472K)->299K(17472K)
[156.543s][info][gc,heap        ] GC(1067) Tenured: 21006K(349568K)->21030K(349568K)
[156.543s][info][gc,metaspace   ] GC(1067) Metaspace: 14271K(15168K)->14271K(15168K) NonClass: 12311K(12864K)->12311K(12864K) Class: 1959K(2304K)->1959K(2304K)
[156.543s][info][gc             ] GC(1067) Pause Young (Allocation Failure) 157M->20M(494M) 31.674ms
[156.543s][info][gc,cpu         ] GC(1067) User=0.02s Sys=0.00s Real=0.02s
[156.661s][info][gc,start       ] GC(1068) Pause Young (Allocation Failure)
[156.693s][info][gc,heap        ] GC(1068) DefNew: 140075K(157248K)->294K(157248K) Eden: 139776K(139776K)->0K(139776K) From: 299K(17472K)->294K(17472K)
[156.693s][info][gc,heap        ] GC(1068) Tenured: 21030K(349568K)->21054K(349568K)
[156.693s][info][gc,metaspace   ] GC(1068) Metaspace: 14271K(15168K)->14271K(15168K) NonClass: 12311K(12864K)->12311K(12864K) Class: 1959K(2304K)->1959K(2304K)
[156.693s][info][gc             ] GC(1068) Pause Young (Allocation Failure) 157M->20M(494M) 31.910ms
[156.693s][info][gc,cpu         ] GC(1068) User=0.03s Sys=0.00s Real=0.03s
[156.808s][info][gc,start       ] GC(1069) Pause Young (Allocation Failure)
[156.840s][info][gc,heap        ] GC(1069) DefNew: 140070K(157248K)->293K(157248K) Eden: 139776K(139776K)->0K(139776K) From: 294K(17472K)->293K(17472K)
[156.840s][info][gc,heap        ] GC(1069) Tenured: 21054K(349568K)->21072K(349568K)
[156.840s][info][gc,metaspace   ] GC(1069) Metaspace: 14271K(15168K)->14271K(15168K) NonClass: 12311K(12864K)->12311K(12864K) Class: 1959K(2304K)->1959K(2304K)
[156.840s][info][gc             ] GC(1069) Pause Young (Allocation Failure) 157M->20M(494M) 32.043ms
[156.840s][info][gc,cpu         ] GC(1069) User=0.02s Sys=0.00s Real=0.02s
[156.957s][info][gc,start       ] GC(1070) Pause Young (Allocation Failure)
[156.989s][info][gc,heap        ] GC(1070) DefNew: 140069K(157248K)->291K(157248K) Eden: 139776K(139776K)->0K(139776K) From: 293K(17472K)->291K(17472K)
[156.989s][info][gc,heap        ] GC(1070) Tenured: 21072K(349568K)->21093K(349568K)
[156.989s][info][gc,metaspace   ] GC(1070) Metaspace: 14271K(15168K)->14271K(15168K) NonClass: 12311K(12864K)->12311K(12864K) Class: 1959K(2304K)->1959K(2304K)
[156.989s][info][gc             ] GC(1070) Pause Young (Allocation Failure) 157M->20M(494M) 32.212ms
[156.989s][info][gc,cpu         ] GC(1070) User=0.03s Sys=0.00s Real=0.03s
[157.106s][info][gc,start       ] GC(1071) Pause Young (Allocation Failure)
[157.139s][info][gc,heap        ] GC(1071) DefNew: 140067K(157248K)->292K(157248K) Eden: 139776K(139776K)->0K(139776K) From: 291K(17472K)->292K(17472K)
[157.139s][info][gc,heap        ] GC(1071) Tenured: 21093K(349568K)->21110K(349568K)
[157.139s][info][gc,metaspace   ] GC(1071) Metaspace: 14271K(15168K)->14271K(15168K) NonClass: 12311K(12864K)->12311K(12864K) Class: 1959K(2304K)->1959K(2304K)
[157.139s][info][gc             ] GC(1071) Pause Young (Allocation Failure) 157M->20M(494M) 32.751ms
[157.139s][info][gc,cpu         ] GC(1071) User=0.03s Sys=0.00s Real=0.03s
[157.256s][info][gc,start       ] GC(1072) Pause Young (Allocation Failure)
[157.289s][info][gc,heap        ] GC(1072) DefNew: 140068K(157248K)->289K(157248K) Eden: 139776K(139776K)->0K(139776K) From: 292K(17472K)->289K(17472K)
[157.289s][info][gc,heap        ] GC(1072) Tenured: 21110K(349568K)->21131K(349568K)
[157.289s][info][gc,metaspace   ] GC(1072) Metaspace: 14271K(15168K)->14271K(15168K) NonClass: 12311K(12864K)->12311K(12864K) Class: 1959K(2304K)->1959K(2304K)
[157.289s][info][gc             ] GC(1072) Pause Young (Allocation Failure) 157M->20M(494M) 33.200ms
[157.289s][info][gc,cpu         ] GC(1072) User=0.03s Sys=0.00s Real=0.03s
[157.535s][info][gc,start       ] GC(1073) Pause Young (Allocation Failure)
[157.573s][info][gc,heap        ] GC(1073) DefNew: 140065K(157248K)->285K(157248K) Eden: 139776K(139776K)->0K(139776K) From: 289K(17472K)->285K(17472K)
[157.573s][info][gc,heap        ] GC(1073) Tenured: 21131K(349568K)->21152K(349568K)
[157.573s][info][gc,metaspace   ] GC(1073) Metaspace: 14271K(15168K)->14271K(15168K) NonClass: 12311K(12864K)->12311K(12864K) Class: 1959K(2304K)->1959K(2304K)
[157.573s][info][gc             ] GC(1073) Pause Young (Allocation Failure) 157M->20M(494M) 38.102ms
[157.573s][info][gc,cpu         ] GC(1073) User=0.03s Sys=0.00s Real=0.03s
[157.695s][info][gc,start       ] GC(1074) Pause Young (Allocation Failure)
[157.718s][info][gc,heap        ] GC(1074) DefNew: 140061K(157248K)->287K(157248K) Eden: 139776K(139776K)->0K(139776K) From: 285K(17472K)->287K(17472K)
[157.718s][info][gc,heap        ] GC(1074) Tenured: 21152K(349568K)->21170K(349568K)
[157.718s][info][gc,metaspace   ] GC(1074) Metaspace: 14271K(15168K)->14271K(15168K) NonClass: 12311K(12864K)->12311K(12864K) Class: 1959K(2304K)->1959K(2304K)
[157.719s][info][gc             ] GC(1074) Pause Young (Allocation Failure) 157M->20M(494M) 23.052ms
[157.719s][info][gc,cpu         ] GC(1074) User=0.02s Sys=0.00s Real=0.02s
[157.840s][info][gc,start       ] GC(1075) Pause Young (Allocation Failure)
[157.869s][info][gc,heap        ] GC(1075) DefNew: 140063K(157248K)->289K(157248K) Eden: 139776K(139776K)->0K(139776K) From: 287K(17472K)->289K(17472K)
[157.869s][info][gc,heap        ] GC(1075) Tenured: 21170K(349568K)->21188K(349568K)
[157.869s][info][gc,metaspace   ] GC(1075) Metaspace: 14271K(15168K)->14271K(15168K) NonClass: 12311K(12864K)->12311K(12864K) Class: 1959K(2304K)->1959K(2304K)
[157.869s][info][gc             ] GC(1075) Pause Young (Allocation Failure) 157M->20M(494M) 29.255ms
[157.869s][info][gc,cpu         ] GC(1075) User=0.02s Sys=0.00s Real=0.02s
[157.991s][info][gc,start       ] GC(1076) Pause Young (Allocation Failure)
[158.018s][info][gc,heap        ] GC(1076) DefNew: 140065K(157248K)->290K(157248K) Eden: 139776K(139776K)->0K(139776K) From: 289K(17472K)->290K(17472K)
[158.019s][info][gc,heap        ] GC(1076) Tenured: 21188K(349568K)->21208K(349568K)
[158.019s][info][gc,metaspace   ] GC(1076) Metaspace: 14271K(15168K)->14271K(15168K) NonClass: 12311K(12864K)->12311K(12864K) Class: 1959K(2304K)->1959K(2304K)
[158.019s][info][gc             ] GC(1076) Pause Young (Allocation Failure) 157M->20M(494M) 27.537ms
[158.019s][info][gc,cpu         ] GC(1076) User=0.03s Sys=0.00s Real=0.02s
[158.140s][info][gc,start       ] GC(1077) Pause Young (Allocation Failure)
[158.167s][info][gc,heap        ] GC(1077) DefNew: 140066K(157248K)->290K(157248K) Eden: 139776K(139776K)->0K(139776K) From: 290K(17472K)->290K(17472K)
[158.167s][info][gc,heap        ] GC(1077) Tenured: 21208K(349568K)->21229K(349568K)
[158.167s][info][gc,metaspace   ] GC(1077) Metaspace: 14271K(15168K)->14271K(15168K) NonClass: 12311K(12864K)->12311K(12864K) Class: 1959K(2304K)->1959K(2304K)
[158.167s][info][gc             ] GC(1077) Pause Young (Allocation Failure) 157M->21M(494M) 27.417ms
[158.167s][info][gc,cpu         ] GC(1077) User=0.03s Sys=0.00s Real=0.02s
[158.296s][info][gc,start       ] GC(1078) Pause Young (Allocation Failure)
[158.321s][info][gc,heap        ] GC(1078) DefNew: 140066K(157248K)->291K(157248K) Eden: 139776K(139776K)->0K(139776K) From: 290K(17472K)->291K(17472K)
[158.321s][info][gc,heap        ] GC(1078) Tenured: 21229K(349568K)->21247K(349568K)
[158.321s][info][gc,metaspace   ] GC(1078) Metaspace: 14271K(15168K)->14271K(15168K) NonClass: 12311K(12864K)->12311K(12864K) Class: 1959K(2304K)->1959K(2304K)
[158.321s][info][gc             ] GC(1078) Pause Young (Allocation Failure) 157M->21M(494M) 25.633ms
[158.321s][info][gc,cpu         ] GC(1078) User=0.03s Sys=0.00s Real=0.02s
[158.438s][info][gc,start       ] GC(1079) Pause Young (Allocation Failure)
[158.467s][info][gc,heap        ] GC(1079) DefNew: 140067K(157248K)->292K(157248K) Eden: 139776K(139776K)->0K(139776K) From: 291K(17472K)->292K(17472K)
[158.467s][info][gc,heap        ] GC(1079) Tenured: 21247K(349568K)->21265K(349568K)
[158.467s][info][gc,metaspace   ] GC(1079) Metaspace: 14271K(15168K)->14271K(15168K) NonClass: 12311K(12864K)->12311K(12864K) Class: 1959K(2304K)->1959K(2304K)
[158.467s][info][gc             ] GC(1079) Pause Young (Allocation Failure) 157M->21M(494M) 28.100ms
[158.467s][info][gc,cpu         ] GC(1079) User=0.02s Sys=0.00s Real=0.02s
[158.583s][info][gc,start       ] GC(1080) Pause Young (Allocation Failure)
[158.604s][info][gc,heap        ] GC(1080) DefNew: 140068K(157248K)->295K(157248K) Eden: 139776K(139776K)->0K(139776K) From: 292K(17472K)->295K(17472K)
[158.604s][info][gc,heap        ] GC(1080) Tenured: 21265K(349568K)->21282K(349568K)
[158.604s][info][gc,metaspace   ] GC(1080) Metaspace: 14271K(15168K)->14271K(15168K) NonClass: 12311K(12864K)->12311K(12864K) Class: 1959K(2304K)->1959K(2304K)
[158.604s][info][gc             ] GC(1080) Pause Young (Allocation Failure) 157M->21M(494M) 21.550ms
[158.604s][info][gc,cpu         ] GC(1080) User=0.02s Sys=0.00s Real=0.01s
[158.719s][info][gc,start       ] GC(1081) Pause Young (Allocation Failure)
[158.746s][info][gc,heap        ] GC(1081) DefNew: 140071K(157248K)->292K(157248K) Eden: 139776K(139776K)->0K(139776K) From: 295K(17472K)->292K(17472K)
[158.746s][info][gc,heap        ] GC(1081) Tenured: 21282K(349568K)->21303K(349568K)
[158.746s][info][gc,metaspace   ] GC(1081) Metaspace: 14271K(15168K)->14271K(15168K) NonClass: 12311K(12864K)->12311K(12864K) Class: 1959K(2304K)->1959K(2304K)
[158.746s][info][gc             ] GC(1081) Pause Young (Allocation Failure) 157M->21M(494M) 26.889ms
[158.746s][info][gc,cpu         ] GC(1081) User=0.02s Sys=0.00s Real=0.01s
[158.861s][info][gc,start       ] GC(1082) Pause Young (Allocation Failure)
[158.889s][info][gc,heap        ] GC(1082) DefNew: 140068K(157248K)->292K(157248K) Eden: 139776K(139776K)->0K(139776K) From: 292K(17472K)->292K(17472K)
[158.889s][info][gc,heap        ] GC(1082) Tenured: 21303K(349568K)->21321K(349568K)
[158.889s][info][gc,metaspace   ] GC(1082) Metaspace: 14271K(15168K)->14271K(15168K) NonClass: 12311K(12864K)->12311K(12864K) Class: 1959K(2304K)->1959K(2304K)
[158.889s][info][gc             ] GC(1082) Pause Young (Allocation Failure) 157M->21M(494M) 27.450ms
[158.889s][info][gc,cpu         ] GC(1082) User=0.02s Sys=0.00s Real=0.02s
[159.004s][info][gc,start       ] GC(1083) Pause Young (Allocation Failure)
[159.034s][info][gc,heap        ] GC(1083) DefNew: 140068K(157248K)->293K(157248K) Eden: 139776K(139776K)->0K(139776K) From: 292K(17472K)->293K(17472K)
[159.034s][info][gc,heap        ] GC(1083) Tenured: 21321K(349568K)->21341K(349568K)
[159.034s][info][gc,metaspace   ] GC(1083) Metaspace: 14271K(15168K)->14271K(15168K) NonClass: 12311K(12864K)->12311K(12864K) Class: 1959K(2304K)->1959K(2304K)
[159.034s][info][gc             ] GC(1083) Pause Young (Allocation Failure) 157M->21M(494M) 29.365ms
[159.034s][info][gc,cpu         ] GC(1083) User=0.03s Sys=0.00s Real=0.03s
[159.152s][info][gc,start       ] GC(1084) Pause Young (Allocation Failure)
[159.180s][info][gc,heap        ] GC(1084) DefNew: 140069K(157248K)->298K(157248K) Eden: 139776K(139776K)->0K(139776K) From: 293K(17472K)->298K(17472K)
[159.180s][info][gc,heap        ] GC(1084) Tenured: 21341K(349568K)->21356K(349568K)
[159.180s][info][gc,metaspace   ] GC(1084) Metaspace: 14271K(15168K)->14271K(15168K) NonClass: 12311K(12864K)->12311K(12864K) Class: 1959K(2304K)->1959K(2304K)
[159.180s][info][gc             ] GC(1084) Pause Young (Allocation Failure) 157M->21M(494M) 28.194ms
[159.180s][info][gc,cpu         ] GC(1084) User=0.03s Sys=0.02s Real=0.03s
[159.294s][info][gc,start       ] GC(1085) Pause Young (Allocation Failure)
[159.323s][info][gc,heap        ] GC(1085) DefNew: 140074K(157248K)->299K(157248K) Eden: 139776K(139776K)->0K(139776K) From: 298K(17472K)->299K(17472K)
[159.323s][info][gc,heap        ] GC(1085) Tenured: 21356K(349568K)->21373K(349568K)
[159.323s][info][gc,metaspace   ] GC(1085) Metaspace: 14271K(15168K)->14271K(15168K) NonClass: 12311K(12864K)->12311K(12864K) Class: 1959K(2304K)->1959K(2304K)
[159.323s][info][gc             ] GC(1085) Pause Young (Allocation Failure) 157M->21M(494M) 28.977ms
[159.323s][info][gc,cpu         ] GC(1085) User=0.03s Sys=0.00s Real=0.03s
[159.439s][info][gc,start       ] GC(1086) Pause Young (Allocation Failure)
[159.469s][info][gc,heap        ] GC(1086) DefNew: 140075K(157248K)->299K(157248K) Eden: 139776K(139776K)->0K(139776K) From: 299K(17472K)->299K(17472K)
[159.469s][info][gc,heap        ] GC(1086) Tenured: 21373K(349568K)->21394K(349568K)
[159.469s][info][gc,metaspace   ] GC(1086) Metaspace: 14271K(15168K)->14271K(15168K) NonClass: 12311K(12864K)->12311K(12864K) Class: 1959K(2304K)->1959K(2304K)
[159.469s][info][gc             ] GC(1086) Pause Young (Allocation Failure) 157M->21M(494M) 30.785ms
[159.469s][info][gc,cpu         ] GC(1086) User=0.02s Sys=0.00s Real=0.02s
[159.588s][info][gc,start       ] GC(1087) Pause Young (Allocation Failure)
[159.610s][info][gc,heap        ] GC(1087) DefNew: 140075K(157248K)->298K(157248K) Eden: 139776K(139776K)->0K(139776K) From: 299K(17472K)->298K(17472K)
[159.610s][info][gc,heap        ] GC(1087) Tenured: 21394K(349568K)->21412K(349568K)
[159.610s][info][gc,metaspace   ] GC(1087) Metaspace: 14271K(15168K)->14271K(15168K) NonClass: 12311K(12864K)->12311K(12864K) Class: 1959K(2304K)->1959K(2304K)
[159.610s][info][gc             ] GC(1087) Pause Young (Allocation Failure) 157M->21M(494M) 22.426ms
[159.610s][info][gc,cpu         ] GC(1087) User=0.02s Sys=0.00s Real=0.02s
[159.725s][info][gc,start       ] GC(1088) Pause Young (Allocation Failure)
[159.755s][info][gc,heap        ] GC(1088) DefNew: 140074K(157248K)->299K(157248K) Eden: 139776K(139776K)->0K(139776K) From: 298K(17472K)->299K(17472K)
[159.755s][info][gc,heap        ] GC(1088) Tenured: 21412K(349568K)->21430K(349568K)
[159.755s][info][gc,metaspace   ] GC(1088) Metaspace: 14271K(15168K)->14271K(15168K) NonClass: 12311K(12864K)->12311K(12864K) Class: 1959K(2304K)->1959K(2304K)
[159.755s][info][gc             ] GC(1088) Pause Young (Allocation Failure) 157M->21M(494M) 29.402ms
[159.755s][info][gc,cpu         ] GC(1088) User=0.03s Sys=0.00s Real=0.02s
[159.871s][info][gc,start       ] GC(1089) Pause Young (Allocation Failure)
[159.901s][info][gc,heap        ] GC(1089) DefNew: 140075K(157248K)->298K(157248K) Eden: 139776K(139776K)->0K(139776K) From: 299K(17472K)->298K(17472K)
[159.901s][info][gc,heap        ] GC(1089) Tenured: 21430K(349568K)->21448K(349568K)
[159.901s][info][gc,metaspace   ] GC(1089) Metaspace: 14271K(15168K)->14271K(15168K) NonClass: 12311K(12864K)->12311K(12864K) Class: 1959K(2304K)->1959K(2304K)
[159.901s][info][gc             ] GC(1089) Pause Young (Allocation Failure) 157M->21M(494M) 30.094ms
[159.901s][info][gc,cpu         ] GC(1089) User=0.03s Sys=0.00s Real=0.03s
[160.019s][info][gc,start       ] GC(1090) Pause Young (Allocation Failure)
[160.049s][info][gc,heap        ] GC(1090) DefNew: 140074K(157248K)->298K(157248K) Eden: 139776K(139776K)->0K(139776K) From: 298K(17472K)->298K(17472K)
[160.049s][info][gc,heap        ] GC(1090) Tenured: 21448K(349568K)->21468K(349568K)
[160.049s][info][gc,metaspace   ] GC(1090) Metaspace: 14271K(15168K)->14271K(15168K) NonClass: 12311K(12864K)->12311K(12864K) Class: 1959K(2304K)->1959K(2304K)
[160.049s][info][gc             ] GC(1090) Pause Young (Allocation Failure) 157M->21M(494M) 30.321ms
[160.049s][info][gc,cpu         ] GC(1090) User=0.02s Sys=0.00s Real=0.02s
[160.165s][info][gc,start       ] GC(1091) Pause Young (Allocation Failure)
[160.196s][info][gc,heap        ] GC(1091) DefNew: 140074K(157248K)->292K(157248K) Eden: 139776K(139776K)->0K(139776K) From: 298K(17472K)->292K(17472K)
[160.196s][info][gc,heap        ] GC(1091) Tenured: 21468K(349568K)->21489K(349568K)
[160.196s][info][gc,metaspace   ] GC(1091) Metaspace: 14271K(15168K)->14271K(15168K) NonClass: 12311K(12864K)->12311K(12864K) Class: 1959K(2304K)->1959K(2304K)
[160.196s][info][gc             ] GC(1091) Pause Young (Allocation Failure) 157M->21M(494M) 30.877ms
[160.196s][info][gc,cpu         ] GC(1091) User=0.02s Sys=0.00s Real=0.02s
[160.313s][info][gc,start       ] GC(1092) Pause Young (Allocation Failure)
[160.344s][info][gc,heap        ] GC(1092) DefNew: 140068K(157248K)->292K(157248K) Eden: 139776K(139776K)->0K(139776K) From: 292K(17472K)->292K(17472K)
[160.344s][info][gc,heap        ] GC(1092) Tenured: 21489K(349568K)->21510K(349568K)
[160.344s][info][gc,metaspace   ] GC(1092) Metaspace: 14271K(15168K)->14271K(15168K) NonClass: 12311K(12864K)->12311K(12864K) Class: 1959K(2304K)->1959K(2304K)
[160.344s][info][gc             ] GC(1092) Pause Young (Allocation Failure) 157M->21M(494M) 31.205ms
[160.344s][info][gc,cpu         ] GC(1092) User=0.03s Sys=0.00s Real=0.03s
[160.462s][info][gc,start       ] GC(1093) Pause Young (Allocation Failure)
[160.495s][info][gc,heap        ] GC(1093) DefNew: 140068K(157248K)->293K(157248K) Eden: 139776K(139776K)->0K(139776K) From: 292K(17472K)->293K(17472K)
[160.495s][info][gc,heap        ] GC(1093) Tenured: 21510K(349568K)->21531K(349568K)
[160.495s][info][gc,metaspace   ] GC(1093) Metaspace: 14271K(15168K)->14271K(15168K) NonClass: 12311K(12864K)->12311K(12864K) Class: 1959K(2304K)->1959K(2304K)
[160.495s][info][gc             ] GC(1093) Pause Young (Allocation Failure) 157M->21M(494M) 33.057ms
[160.495s][info][gc,cpu         ] GC(1093) User=0.02s Sys=0.00s Real=0.03s
[160.611s][info][gc,start       ] GC(1094) Pause Young (Allocation Failure)
[160.643s][info][gc,heap        ] GC(1094) DefNew: 140069K(157248K)->293K(157248K) Eden: 139776K(139776K)->0K(139776K) From: 293K(17472K)->293K(17472K)
[160.643s][info][gc,heap        ] GC(1094) Tenured: 21531K(349568K)->21548K(349568K)
[160.643s][info][gc,metaspace   ] GC(1094) Metaspace: 14271K(15168K)->14271K(15168K) NonClass: 12311K(12864K)->12311K(12864K) Class: 1959K(2304K)->1959K(2304K)
[160.643s][info][gc             ] GC(1094) Pause Young (Allocation Failure) 157M->21M(494M) 31.642ms
[160.643s][info][gc,cpu         ] GC(1094) User=0.03s Sys=0.00s Real=0.03s
[160.762s][info][gc,start       ] GC(1095) Pause Young (Allocation Failure)
[160.795s][info][gc,heap        ] GC(1095) DefNew: 140069K(157248K)->292K(157248K) Eden: 139776K(139776K)->0K(139776K) From: 293K(17472K)->292K(17472K)
[160.795s][info][gc,heap        ] GC(1095) Tenured: 21548K(349568K)->21569K(349568K)
[160.795s][info][gc,metaspace   ] GC(1095) Metaspace: 14271K(15168K)->14271K(15168K) NonClass: 12311K(12864K)->12311K(12864K) Class: 1959K(2304K)->1959K(2304K)
[160.795s][info][gc             ] GC(1095) Pause Young (Allocation Failure) 157M->21M(494M) 33.659ms
[160.795s][info][gc,cpu         ] GC(1095) User=0.03s Sys=0.00s Real=0.03s
[160.912s][info][gc,start       ] GC(1096) Pause Young (Allocation Failure)
[160.936s][info][gc,heap        ] GC(1096) DefNew: 140068K(157248K)->292K(157248K) Eden: 139776K(139776K)->0K(139776K) From: 292K(17472K)->292K(17472K)
[160.937s][info][gc,heap        ] GC(1096) Tenured: 21569K(349568K)->21587K(349568K)
[160.937s][info][gc,metaspace   ] GC(1096) Metaspace: 14271K(15168K)->14271K(15168K) NonClass: 12311K(12864K)->12311K(12864K) Class: 1959K(2304K)->1959K(2304K)
[160.937s][info][gc             ] GC(1096) Pause Young (Allocation Failure) 157M->21M(494M) 24.216ms
[160.937s][info][gc,cpu         ] GC(1096) User=0.03s Sys=0.00s Real=0.02s
[161.052s][info][gc,start       ] GC(1097) Pause Young (Allocation Failure)
[161.084s][info][gc,heap        ] GC(1097) DefNew: 140068K(157248K)->293K(157248K) Eden: 139776K(139776K)->0K(139776K) From: 292K(17472K)->293K(17472K)
[161.084s][info][gc,heap        ] GC(1097) Tenured: 21587K(349568K)->21605K(349568K)
[161.084s][info][gc,metaspace   ] GC(1097) Metaspace: 14271K(15168K)->14271K(15168K) NonClass: 12311K(12864K)->12311K(12864K) Class: 1959K(2304K)->1959K(2304K)
[161.084s][info][gc             ] GC(1097) Pause Young (Allocation Failure) 157M->21M(494M) 32.210ms
[161.084s][info][gc,cpu         ] GC(1097) User=0.03s Sys=0.00s Real=0.03s
[161.201s][info][gc,start       ] GC(1098) Pause Young (Allocation Failure)
[161.233s][info][gc,heap        ] GC(1098) DefNew: 140069K(157248K)->289K(157248K) Eden: 139776K(139776K)->0K(139776K) From: 293K(17472K)->289K(17472K)
[161.233s][info][gc,heap        ] GC(1098) Tenured: 21605K(349568K)->21626K(349568K)
[161.233s][info][gc,metaspace   ] GC(1098) Metaspace: 14271K(15168K)->14271K(15168K) NonClass: 12311K(12864K)->12311K(12864K) Class: 1959K(2304K)->1959K(2304K)
[161.233s][info][gc             ] GC(1098) Pause Young (Allocation Failure) 157M->21M(494M) 32.767ms
[161.233s][info][gc,cpu         ] GC(1098) User=0.03s Sys=0.00s Real=0.03s
[161.349s][info][gc,start       ] GC(1099) Pause Young (Allocation Failure)
[161.383s][info][gc,heap        ] GC(1099) DefNew: 140065K(157248K)->289K(157248K) Eden: 139776K(139776K)->0K(139776K) From: 289K(17472K)->289K(17472K)
[161.383s][info][gc,heap        ] GC(1099) Tenured: 21626K(349568K)->21646K(349568K)
[161.383s][info][gc,metaspace   ] GC(1099) Metaspace: 14271K(15168K)->14271K(15168K) NonClass: 12311K(12864K)->12311K(12864K) Class: 1959K(2304K)->1959K(2304K)
[161.383s][info][gc             ] GC(1099) Pause Young (Allocation Failure) 157M->21M(494M) 33.858ms
[161.383s][info][gc,cpu         ] GC(1099) User=0.05s Sys=0.00s Real=0.03s
[161.576s][info][gc,start       ] GC(1100) Pause Young (Allocation Failure)
[161.606s][info][gc,heap        ] GC(1100) DefNew: 140065K(157248K)->292K(157248K) Eden: 139776K(139776K)->0K(139776K) From: 289K(17472K)->292K(17472K)
[161.606s][info][gc,heap        ] GC(1100) Tenured: 21646K(349568K)->21664K(349568K)
[161.606s][info][gc,metaspace   ] GC(1100) Metaspace: 14271K(15168K)->14271K(15168K) NonClass: 12311K(12864K)->12311K(12864K) Class: 1959K(2304K)->1959K(2304K)
[161.606s][info][gc             ] GC(1100) Pause Young (Allocation Failure) 157M->21M(494M) 30.186ms
[161.606s][info][gc,cpu         ] GC(1100) User=0.02s Sys=0.00s Real=0.01s
[161.726s][info][gc,start       ] GC(1101) Pause Young (Allocation Failure)
[161.757s][info][gc,heap        ] GC(1101) DefNew: 140068K(157248K)->292K(157248K) Eden: 139776K(139776K)->0K(139776K) From: 292K(17472K)->292K(17472K)
[161.757s][info][gc,heap        ] GC(1101) Tenured: 21664K(349568K)->21685K(349568K)
[161.757s][info][gc,metaspace   ] GC(1101) Metaspace: 14271K(15168K)->14271K(15168K) NonClass: 12311K(12864K)->12311K(12864K) Class: 1959K(2304K)->1959K(2304K)
[161.758s][info][gc             ] GC(1101) Pause Young (Allocation Failure) 157M->21M(494M) 31.881ms
[161.758s][info][gc,cpu         ] GC(1101) User=0.02s Sys=0.00s Real=0.02s
[161.879s][info][gc,start       ] GC(1102) Pause Young (Allocation Failure)
[161.909s][info][gc,heap        ] GC(1102) DefNew: 140068K(157248K)->294K(157248K) Eden: 139776K(139776K)->0K(139776K) From: 292K(17472K)->294K(17472K)
[161.909s][info][gc,heap        ] GC(1102) Tenured: 21685K(349568K)->21703K(349568K)
[161.909s][info][gc,metaspace   ] GC(1102) Metaspace: 14271K(15168K)->14271K(15168K) NonClass: 12311K(12864K)->12311K(12864K) Class: 1959K(2304K)->1959K(2304K)
[161.909s][info][gc             ] GC(1102) Pause Young (Allocation Failure) 157M->21M(494M) 30.058ms
[161.909s][info][gc,cpu         ] GC(1102) User=0.03s Sys=0.00s Real=0.02s
[162.027s][info][gc,start       ] GC(1103) Pause Young (Allocation Failure)
[162.056s][info][gc,heap        ] GC(1103) DefNew: 140070K(157248K)->294K(157248K) Eden: 139776K(139776K)->0K(139776K) From: 294K(17472K)->294K(17472K)
[162.056s][info][gc,heap        ] GC(1103) Tenured: 21703K(349568K)->21720K(349568K)
[162.056s][info][gc,metaspace   ] GC(1103) Metaspace: 14271K(15168K)->14271K(15168K) NonClass: 12311K(12864K)->12311K(12864K) Class: 1959K(2304K)->1959K(2304K)
[162.056s][info][gc             ] GC(1103) Pause Young (Allocation Failure) 157M->21M(494M) 28.643ms
[162.056s][info][gc,cpu         ] GC(1103) User=0.02s Sys=0.00s Real=0.02s
[162.176s][info][gc,start       ] GC(1104) Pause Young (Allocation Failure)
[162.203s][info][gc,heap        ] GC(1104) DefNew: 140070K(157248K)->298K(157248K) Eden: 139776K(139776K)->0K(139776K) From: 294K(17472K)->298K(17472K)
[162.203s][info][gc,heap        ] GC(1104) Tenured: 21720K(349568K)->21738K(349568K)
[162.203s][info][gc,metaspace   ] GC(1104) Metaspace: 14271K(15168K)->14271K(15168K) NonClass: 12311K(12864K)->12311K(12864K) Class: 1959K(2304K)->1959K(2304K)
[162.203s][info][gc             ] GC(1104) Pause Young (Allocation Failure) 157M->21M(494M) 26.493ms
[162.203s][info][gc,cpu         ] GC(1104) User=0.03s Sys=0.00s Real=0.03s
[162.330s][info][gc,start       ] GC(1105) Pause Young (Allocation Failure)
[162.357s][info][gc,heap        ] GC(1105) DefNew: 140074K(157248K)->301K(157248K) Eden: 139776K(139776K)->0K(139776K) From: 298K(17472K)->301K(17472K)
[162.357s][info][gc,heap        ] GC(1105) Tenured: 21738K(349568K)->21756K(349568K)
[162.357s][info][gc,metaspace   ] GC(1105) Metaspace: 14271K(15168K)->14271K(15168K) NonClass: 12311K(12864K)->12311K(12864K) Class: 1959K(2304K)->1959K(2304K)
[162.357s][info][gc             ] GC(1105) Pause Young (Allocation Failure) 158M->21M(494M) 26.610ms
[162.357s][info][gc,cpu         ] GC(1105) User=0.03s Sys=0.00s Real=0.03s
[162.476s][info][gc,start       ] GC(1106) Pause Young (Allocation Failure)
[162.502s][info][gc,heap        ] GC(1106) DefNew: 140077K(157248K)->302K(157248K) Eden: 139776K(139776K)->0K(139776K) From: 301K(17472K)->302K(17472K)
[162.502s][info][gc,heap        ] GC(1106) Tenured: 21756K(349568K)->21773K(349568K)
[162.502s][info][gc,metaspace   ] GC(1106) Metaspace: 14271K(15168K)->14271K(15168K) NonClass: 12311K(12864K)->12311K(12864K) Class: 1959K(2304K)->1959K(2304K)
[162.502s][info][gc             ] GC(1106) Pause Young (Allocation Failure) 158M->21M(494M) 26.099ms
[162.502s][info][gc,cpu         ] GC(1106) User=0.02s Sys=0.00s Real=0.02s
[162.616s][info][gc,start       ] GC(1107) Pause Young (Allocation Failure)
[162.643s][info][gc,heap        ] GC(1107) DefNew: 140078K(157248K)->298K(157248K) Eden: 139776K(139776K)->0K(139776K) From: 302K(17472K)->298K(17472K)
[162.643s][info][gc,heap        ] GC(1107) Tenured: 21773K(349568K)->21794K(349568K)
[162.643s][info][gc,metaspace   ] GC(1107) Metaspace: 14271K(15168K)->14271K(15168K) NonClass: 12311K(12864K)->12311K(12864K) Class: 1959K(2304K)->1959K(2304K)
[162.643s][info][gc             ] GC(1107) Pause Young (Allocation Failure) 158M->21M(494M) 26.574ms
[162.643s][info][gc,cpu         ] GC(1107) User=0.02s Sys=0.00s Real=0.02s
[162.757s][info][gc,start       ] GC(1108) Pause Young (Allocation Failure)
[162.786s][info][gc,heap        ] GC(1108) DefNew: 140074K(157248K)->295K(157248K) Eden: 139776K(139776K)->0K(139776K) From: 298K(17472K)->295K(17472K)
[162.786s][info][gc,heap        ] GC(1108) Tenured: 21794K(349568K)->21815K(349568K)
[162.786s][info][gc,metaspace   ] GC(1108) Metaspace: 14271K(15168K)->14271K(15168K) NonClass: 12311K(12864K)->12311K(12864K) Class: 1959K(2304K)->1959K(2304K)
[162.786s][info][gc             ] GC(1108) Pause Young (Allocation Failure) 158M->21M(494M) 28.459ms
[162.786s][info][gc,cpu         ] GC(1108) User=0.02s Sys=0.00s Real=0.03s
[162.902s][info][gc,start       ] GC(1109) Pause Young (Allocation Failure)
[162.929s][info][gc,heap        ] GC(1109) DefNew: 140071K(157248K)->297K(157248K) Eden: 139776K(139776K)->0K(139776K) From: 295K(17472K)->297K(17472K)
[162.929s][info][gc,heap        ] GC(1109) Tenured: 21815K(349568K)->21833K(349568K)
[162.929s][info][gc,metaspace   ] GC(1109) Metaspace: 14271K(15168K)->14271K(15168K) NonClass: 12311K(12864K)->12311K(12864K) Class: 1959K(2304K)->1959K(2304K)
[162.929s][info][gc             ] GC(1109) Pause Young (Allocation Failure) 158M->21M(494M) 27.390ms
[162.929s][info][gc,cpu         ] GC(1109) User=0.03s Sys=0.00s Real=0.03s
[163.042s][info][gc,start       ] GC(1110) Pause Young (Allocation Failure)
[163.071s][info][gc,heap        ] GC(1110) DefNew: 140073K(157248K)->294K(157248K) Eden: 139776K(139776K)->0K(139776K) From: 297K(17472K)->294K(17472K)
[163.071s][info][gc,heap        ] GC(1110) Tenured: 21833K(349568K)->21854K(349568K)
[163.071s][info][gc,metaspace   ] GC(1110) Metaspace: 14271K(15168K)->14271K(15168K) NonClass: 12311K(12864K)->12311K(12864K) Class: 1959K(2304K)->1959K(2304K)
[163.071s][info][gc             ] GC(1110) Pause Young (Allocation Failure) 158M->21M(494M) 28.973ms
[163.071s][info][gc,cpu         ] GC(1110) User=0.02s Sys=0.00s Real=0.02s
[163.188s][info][gc,start       ] GC(1111) Pause Young (Allocation Failure)
[163.216s][info][gc,heap        ] GC(1111) DefNew: 140070K(157248K)->295K(157248K) Eden: 139776K(139776K)->0K(139776K) From: 294K(17472K)->295K(17472K)
[163.217s][info][gc,heap        ] GC(1111) Tenured: 21854K(349568K)->21871K(349568K)
[163.217s][info][gc,metaspace   ] GC(1111) Metaspace: 14271K(15168K)->14271K(15168K) NonClass: 12311K(12864K)->12311K(12864K) Class: 1959K(2304K)->1959K(2304K)
[163.217s][info][gc             ] GC(1111) Pause Young (Allocation Failure) 158M->21M(494M) 28.303ms
[163.217s][info][gc,cpu         ] GC(1111) User=0.03s Sys=0.00s Real=0.03s
[163.333s][info][gc,start       ] GC(1112) Pause Young (Allocation Failure)
[163.363s][info][gc,heap        ] GC(1112) DefNew: 140071K(157248K)->298K(157248K) Eden: 139776K(139776K)->0K(139776K) From: 295K(17472K)->298K(17472K)
[163.363s][info][gc,heap        ] GC(1112) Tenured: 21871K(349568K)->21889K(349568K)
[163.363s][info][gc,metaspace   ] GC(1112) Metaspace: 14271K(15168K)->14271K(15168K) NonClass: 12311K(12864K)->12311K(12864K) Class: 1959K(2304K)->1959K(2304K)
[163.364s][info][gc             ] GC(1112) Pause Young (Allocation Failure) 158M->21M(494M) 30.211ms
[163.364s][info][gc,cpu         ] GC(1112) User=0.03s Sys=0.00s Real=0.03s
[163.479s][info][gc,start       ] GC(1113) Pause Young (Allocation Failure)
[163.501s][info][gc,heap        ] GC(1113) DefNew: 140074K(157248K)->298K(157248K) Eden: 139776K(139776K)->0K(139776K) From: 298K(17472K)->298K(17472K)
[163.501s][info][gc,heap        ] GC(1113) Tenured: 21889K(349568K)->21907K(349568K)
[163.501s][info][gc,metaspace   ] GC(1113) Metaspace: 14271K(15168K)->14271K(15168K) NonClass: 12311K(12864K)->12311K(12864K) Class: 1959K(2304K)->1959K(2304K)
[163.501s][info][gc             ] GC(1113) Pause Young (Allocation Failure) 158M->21M(494M) 22.011ms
[163.501s][info][gc,cpu         ] GC(1113) User=0.02s Sys=0.00s Real=0.02s
[163.615s][info][gc,start       ] GC(1114) Pause Young (Allocation Failure)
[163.638s][info][gc,heap        ] GC(1114) DefNew: 140074K(157248K)->296K(157248K) Eden: 139776K(139776K)->0K(139776K) From: 298K(17472K)->296K(17472K)
[163.638s][info][gc,heap        ] GC(1114) Tenured: 21907K(349568K)->21927K(349568K)
[163.638s][info][gc,metaspace   ] GC(1114) Metaspace: 14271K(15168K)->14271K(15168K) NonClass: 12311K(12864K)->12311K(12864K) Class: 1959K(2304K)->1959K(2304K)
[163.638s][info][gc             ] GC(1114) Pause Young (Allocation Failure) 158M->21M(494M) 22.602ms
[163.638s][info][gc,cpu         ] GC(1114) User=0.02s Sys=0.00s Real=0.02s
[163.753s][info][gc,start       ] GC(1115) Pause Young (Allocation Failure)
[163.783s][info][gc,heap        ] GC(1115) DefNew: 140072K(157248K)->293K(157248K) Eden: 139776K(139776K)->0K(139776K) From: 296K(17472K)->293K(17472K)
[163.783s][info][gc,heap        ] GC(1115) Tenured: 21927K(349568K)->21948K(349568K)
[163.783s][info][gc,metaspace   ] GC(1115) Metaspace: 14271K(15168K)->14271K(15168K) NonClass: 12311K(12864K)->12311K(12864K) Class: 1959K(2304K)->1959K(2304K)
[163.783s][info][gc             ] GC(1115) Pause Young (Allocation Failure) 158M->21M(494M) 29.681ms
[163.783s][info][gc,cpu         ] GC(1115) User=0.02s Sys=0.00s Real=0.02s
[163.900s][info][gc,start       ] GC(1116) Pause Young (Allocation Failure)
[164.070s][info][gc,heap        ] GC(1116) DefNew: 140069K(157248K)->292K(157248K) Eden: 139776K(139776K)->0K(139776K) From: 293K(17472K)->292K(17472K)
[164.070s][info][gc,heap        ] GC(1116) Tenured: 21948K(349568K)->21969K(349568K)
[164.070s][info][gc,metaspace   ] GC(1116) Metaspace: 14271K(15168K)->14271K(15168K) NonClass: 12311K(12864K)->12311K(12864K) Class: 1959K(2304K)->1959K(2304K)
[164.070s][info][gc             ] GC(1116) Pause Young (Allocation Failure) 158M->21M(494M) 170.780ms
[164.070s][info][gc,cpu         ] GC(1116) User=0.03s Sys=0.00s Real=0.16s
[164.190s][info][gc,start       ] GC(1117) Pause Young (Allocation Failure)
[164.213s][info][gc,heap        ] GC(1117) DefNew: 140068K(157248K)->292K(157248K) Eden: 139776K(139776K)->0K(139776K) From: 292K(17472K)->292K(17472K)
[164.213s][info][gc,heap        ] GC(1117) Tenured: 21969K(349568K)->21989K(349568K)
[164.214s][info][gc,metaspace   ] GC(1117) Metaspace: 14271K(15168K)->14271K(15168K) NonClass: 12311K(12864K)->12311K(12864K) Class: 1959K(2304K)->1959K(2304K)
[164.214s][info][gc             ] GC(1117) Pause Young (Allocation Failure) 158M->21M(494M) 23.268ms
[164.214s][info][gc,cpu         ] GC(1117) User=0.03s Sys=0.00s Real=0.02s
[164.327s][info][gc,start       ] GC(1118) Pause Young (Allocation Failure)
[164.358s][info][gc,heap        ] GC(1118) DefNew: 140068K(157248K)->292K(157248K) Eden: 139776K(139776K)->0K(139776K) From: 292K(17472K)->292K(17472K)
[164.358s][info][gc,heap        ] GC(1118) Tenured: 21989K(349568K)->22007K(349568K)
[164.358s][info][gc,metaspace   ] GC(1118) Metaspace: 14271K(15168K)->14271K(15168K) NonClass: 12311K(12864K)->12311K(12864K) Class: 1959K(2304K)->1959K(2304K)
[164.358s][info][gc             ] GC(1118) Pause Young (Allocation Failure) 158M->21M(494M) 30.908ms
[164.358s][info][gc,cpu         ] GC(1118) User=0.02s Sys=0.00s Real=0.02s
[164.474s][info][gc,start       ] GC(1119) Pause Young (Allocation Failure)
[164.506s][info][gc,heap        ] GC(1119) DefNew: 140068K(157248K)->289K(157248K) Eden: 139776K(139776K)->0K(139776K) From: 292K(17472K)->289K(17472K)
[164.506s][info][gc,heap        ] GC(1119) Tenured: 22007K(349568K)->22028K(349568K)
[164.506s][info][gc,metaspace   ] GC(1119) Metaspace: 14271K(15168K)->14271K(15168K) NonClass: 12311K(12864K)->12311K(12864K) Class: 1959K(2304K)->1959K(2304K)
[164.506s][info][gc             ] GC(1119) Pause Young (Allocation Failure) 158M->21M(494M) 32.624ms
[164.506s][info][gc,cpu         ] GC(1119) User=0.03s Sys=0.00s Real=0.02s
[164.625s][info][gc,start       ] GC(1120) Pause Young (Allocation Failure)
[164.648s][info][gc,heap        ] GC(1120) DefNew: 140065K(157248K)->288K(157248K) Eden: 139776K(139776K)->0K(139776K) From: 289K(17472K)->288K(17472K)
[164.648s][info][gc,heap        ] GC(1120) Tenured: 22028K(349568K)->22049K(349568K)
[164.648s][info][gc,metaspace   ] GC(1120) Metaspace: 14271K(15168K)->14271K(15168K) NonClass: 12311K(12864K)->12311K(12864K) Class: 1959K(2304K)->1959K(2304K)
[164.648s][info][gc             ] GC(1120) Pause Young (Allocation Failure) 158M->21M(494M) 23.487ms
[164.648s][info][gc,cpu         ] GC(1120) User=0.02s Sys=0.00s Real=0.01s
[164.766s][info][gc,start       ] GC(1121) Pause Young (Allocation Failure)
[164.798s][info][gc,heap        ] GC(1121) DefNew: 140064K(157248K)->290K(157248K) Eden: 139776K(139776K)->0K(139776K) From: 288K(17472K)->290K(17472K)
[164.798s][info][gc,heap        ] GC(1121) Tenured: 22049K(349568K)->22067K(349568K)
[164.798s][info][gc,metaspace   ] GC(1121) Metaspace: 14271K(15168K)->14271K(15168K) NonClass: 12311K(12864K)->12311K(12864K) Class: 1959K(2304K)->1959K(2304K)
[164.798s][info][gc             ] GC(1121) Pause Young (Allocation Failure) 158M->21M(494M) 32.206ms
[164.799s][info][gc,cpu         ] GC(1121) User=0.03s Sys=0.00s Real=0.03s
[164.922s][info][gc,start       ] GC(1122) Pause Young (Allocation Failure)
[164.956s][info][gc,heap        ] GC(1122) DefNew: 140066K(157248K)->293K(157248K) Eden: 139776K(139776K)->0K(139776K) From: 290K(17472K)->293K(17472K)
[164.956s][info][gc,heap        ] GC(1122) Tenured: 22067K(349568K)->22084K(349568K)
[164.956s][info][gc,metaspace   ] GC(1122) Metaspace: 14271K(15168K)->14271K(15168K) NonClass: 12311K(12864K)->12311K(12864K) Class: 1959K(2304K)->1959K(2304K)
[164.957s][info][gc             ] GC(1122) Pause Young (Allocation Failure) 158M->21M(494M) 34.523ms
[164.957s][info][gc,cpu         ] GC(1122) User=0.03s Sys=0.00s Real=0.04s
[165.083s][info][gc,start       ] GC(1123) Pause Young (Allocation Failure)
[165.116s][info][gc,heap        ] GC(1123) DefNew: 140069K(157248K)->295K(157248K) Eden: 139776K(139776K)->0K(139776K) From: 293K(17472K)->295K(17472K)
[165.116s][info][gc,heap        ] GC(1123) Tenured: 22084K(349568K)->22102K(349568K)
[165.116s][info][gc,metaspace   ] GC(1123) Metaspace: 14271K(15168K)->14271K(15168K) NonClass: 12311K(12864K)->12311K(12864K) Class: 1959K(2304K)->1959K(2304K)
[165.116s][info][gc             ] GC(1123) Pause Young (Allocation Failure) 158M->21M(494M) 33.446ms
[165.116s][info][gc,cpu         ] GC(1123) User=0.05s Sys=0.00s Real=0.03s
[165.240s][info][gc,start       ] GC(1124) Pause Young (Allocation Failure)
[165.275s][info][gc,heap        ] GC(1124) DefNew: 140071K(157248K)->295K(157248K) Eden: 139776K(139776K)->0K(139776K) From: 295K(17472K)->295K(17472K)
[165.275s][info][gc,heap        ] GC(1124) Tenured: 22102K(349568K)->22122K(349568K)
[165.275s][info][gc,metaspace   ] GC(1124) Metaspace: 14271K(15168K)->14271K(15168K) NonClass: 12311K(12864K)->12311K(12864K) Class: 1959K(2304K)->1959K(2304K)
[165.275s][info][gc             ] GC(1124) Pause Young (Allocation Failure) 158M->21M(494M) 34.879ms
[165.275s][info][gc,cpu         ] GC(1124) User=0.03s Sys=0.00s Real=0.02s
[165.398s][info][gc,start       ] GC(1125) Pause Young (Allocation Failure)
[165.444s][info][gc,heap        ] GC(1125) DefNew: 140071K(157248K)->295K(157248K) Eden: 139776K(139776K)->0K(139776K) From: 295K(17472K)->295K(17472K)
[165.444s][info][gc,heap        ] GC(1125) Tenured: 22122K(349568K)->22140K(349568K)
[165.444s][info][gc,metaspace   ] GC(1125) Metaspace: 14271K(15168K)->14271K(15168K) NonClass: 12311K(12864K)->12311K(12864K) Class: 1959K(2304K)->1959K(2304K)
[165.444s][info][gc             ] GC(1125) Pause Young (Allocation Failure) 158M->21M(494M) 45.745ms
[165.444s][info][gc,cpu         ] GC(1125) User=0.02s Sys=0.00s Real=0.05s
[165.634s][info][gc,start       ] GC(1126) Pause Young (Allocation Failure)
[165.667s][info][gc,heap        ] GC(1126) DefNew: 140071K(157248K)->297K(157248K) Eden: 139776K(139776K)->0K(139776K) From: 295K(17472K)->297K(17472K)
[165.667s][info][gc,heap        ] GC(1126) Tenured: 22140K(349568K)->22158K(349568K)
[165.667s][info][gc,metaspace   ] GC(1126) Metaspace: 14271K(15168K)->14271K(15168K) NonClass: 12311K(12864K)->12311K(12864K) Class: 1959K(2304K)->1959K(2304K)
[165.667s][info][gc             ] GC(1126) Pause Young (Allocation Failure) 158M->21M(494M) 32.912ms
[165.667s][info][gc,cpu         ] GC(1126) User=0.03s Sys=0.00s Real=0.03s
[165.800s][info][gc,start       ] GC(1127) Pause Young (Allocation Failure)
[165.824s][info][gc,heap        ] GC(1127) DefNew: 140073K(157248K)->297K(157248K) Eden: 139776K(139776K)->0K(139776K) From: 297K(17472K)->297K(17472K)
[165.824s][info][gc,heap        ] GC(1127) Tenured: 22158K(349568K)->22179K(349568K)
[165.824s][info][gc,metaspace   ] GC(1127) Metaspace: 14271K(15168K)->14271K(15168K) NonClass: 12311K(12864K)->12311K(12864K) Class: 1959K(2304K)->1959K(2304K)
[165.824s][info][gc             ] GC(1127) Pause Young (Allocation Failure) 158M->21M(494M) 23.921ms
[165.824s][info][gc,cpu         ] GC(1127) User=0.02s Sys=0.00s Real=0.02s
[165.963s][info][gc,start       ] GC(1128) Pause Young (Allocation Failure)
[165.986s][info][gc,heap        ] GC(1128) DefNew: 140073K(157248K)->301K(157248K) Eden: 139776K(139776K)->0K(139776K) From: 297K(17472K)->301K(17472K)
[165.986s][info][gc,heap        ] GC(1128) Tenured: 22179K(349568K)->22197K(349568K)
[165.986s][info][gc,metaspace   ] GC(1128) Metaspace: 14271K(15168K)->14271K(15168K) NonClass: 12311K(12864K)->12311K(12864K) Class: 1959K(2304K)->1959K(2304K)
[165.986s][info][gc             ] GC(1128) Pause Young (Allocation Failure) 158M->21M(494M) 23.063ms
[165.986s][info][gc,cpu         ] GC(1128) User=0.02s Sys=0.00s Real=0.02s
[166.115s][info][gc,start       ] GC(1129) Pause Young (Allocation Failure)
[166.143s][info][gc,heap        ] GC(1129) DefNew: 140077K(157248K)->305K(157248K) Eden: 139776K(139776K)->0K(139776K) From: 301K(17472K)->305K(17472K)
[166.143s][info][gc,heap        ] GC(1129) Tenured: 22197K(349568K)->22215K(349568K)
[166.143s][info][gc,metaspace   ] GC(1129) Metaspace: 14271K(15168K)->14271K(15168K) NonClass: 12311K(12864K)->12311K(12864K) Class: 1959K(2304K)->1959K(2304K)
[166.143s][info][gc             ] GC(1129) Pause Young (Allocation Failure) 158M->21M(494M) 27.969ms
[166.143s][info][gc,cpu         ] GC(1129) User=0.02s Sys=0.00s Real=0.01s
[166.243s][info][gc,start       ] GC(1130) Pause Young (Allocation Failure)
[166.269s][info][gc,heap        ] GC(1130) DefNew: 140081K(157248K)->304K(157248K) Eden: 139776K(139776K)->0K(139776K) From: 305K(17472K)->304K(17472K)
[166.269s][info][gc,heap        ] GC(1130) Tenured: 22215K(349568K)->22232K(349568K)
[166.269s][info][gc,metaspace   ] GC(1130) Metaspace: 14271K(15168K)->14271K(15168K) NonClass: 12311K(12864K)->12311K(12864K) Class: 1959K(2304K)->1959K(2304K)
[166.269s][info][gc             ] GC(1130) Pause Young (Allocation Failure) 158M->22M(494M) 25.822ms
[166.269s][info][gc,cpu         ] GC(1130) User=0.02s Sys=0.00s Real=0.02s
[166.351s][info][gc,start       ] GC(1131) Pause Young (Allocation Failure)
[166.371s][info][gc,heap        ] GC(1131) DefNew: 140080K(157248K)->297K(157248K) Eden: 139776K(139776K)->0K(139776K) From: 304K(17472K)->297K(17472K)
[166.371s][info][gc,heap        ] GC(1131) Tenured: 22232K(349568K)->22253K(349568K)
[166.371s][info][gc,metaspace   ] GC(1131) Metaspace: 14271K(15168K)->14271K(15168K) NonClass: 12311K(12864K)->12311K(12864K) Class: 1959K(2304K)->1959K(2304K)
[166.371s][info][gc             ] GC(1131) Pause Young (Allocation Failure) 158M->22M(494M) 19.901ms
[166.371s][info][gc,cpu         ] GC(1131) User=0.00s Sys=0.00s Real=0.01s
[166.471s][info][gc,start       ] GC(1132) Pause Young (Allocation Failure)
[166.491s][info][gc,heap        ] GC(1132) DefNew: 140073K(157248K)->300K(157248K) Eden: 139776K(139776K)->0K(139776K) From: 297K(17472K)->300K(17472K)
[166.491s][info][gc,heap        ] GC(1132) Tenured: 22253K(349568K)->22273K(349568K)
[166.491s][info][gc,metaspace   ] GC(1132) Metaspace: 14271K(15168K)->14271K(15168K) NonClass: 12311K(12864K)->12311K(12864K) Class: 1959K(2304K)->1959K(2304K)
[166.491s][info][gc             ] GC(1132) Pause Young (Allocation Failure) 158M->22M(494M) 19.874ms
[166.491s][info][gc,cpu         ] GC(1132) User=0.02s Sys=0.00s Real=0.01s
[166.643s][info][gc,start       ] GC(1133) Pause Young (Allocation Failure)
[166.668s][info][gc,heap        ] GC(1133) DefNew: 140076K(157248K)->306K(157248K) Eden: 139776K(139776K)->0K(139776K) From: 300K(17472K)->306K(17472K)
[166.668s][info][gc,heap        ] GC(1133) Tenured: 22273K(349568K)->22291K(349568K)
[166.668s][info][gc,metaspace   ] GC(1133) Metaspace: 14271K(15168K)->14271K(15168K) NonClass: 12311K(12864K)->12311K(12864K) Class: 1959K(2304K)->1959K(2304K)
[166.668s][info][gc             ] GC(1133) Pause Young (Allocation Failure) 158M->22M(494M) 25.049ms
[166.668s][info][gc,cpu         ] GC(1133) User=0.03s Sys=0.00s Real=0.02s
[166.879s][info][gc,start       ] GC(1134) Pause Full (System.gc())
[166.879s][info][gc,phases,start] GC(1134) Phase 1: Mark live objects
[166.909s][info][gc,phases      ] GC(1134) Phase 1: Mark live objects 30.139ms
[166.910s][info][gc,phases,start] GC(1134) Phase 2: Compute new object addresses
[166.936s][info][gc,phases      ] GC(1134) Phase 2: Compute new object addresses 26.207ms
[166.936s][info][gc,phases,start] GC(1134) Phase 3: Adjust pointers
[166.954s][info][gc,phases      ] GC(1134) Phase 3: Adjust pointers 18.434ms
[166.954s][info][gc,phases,start] GC(1134) Phase 4: Move objects
[166.954s][info][gc,phases      ] GC(1134) Phase 4: Move objects 0.013ms
[166.954s][info][gc,heap        ] GC(1134) DefNew: 90180K(157248K)->0K(157248K) Eden: 89874K(139776K)->0K(139776K) From: 306K(17472K)->0K(17472K)
[166.954s][info][gc,heap        ] GC(1134) Tenured: 22291K(349568K)->5371K(349568K)
[166.954s][info][gc,metaspace   ] GC(1134) Metaspace: 14272K(15168K)->14272K(15168K) NonClass: 12312K(12864K)->12312K(12864K) Class: 1959K(2304K)->1959K(2304K)
[166.954s][info][gc             ] GC(1134) Pause Full (System.gc()) 109M->5M(494M) 75.120ms
[166.954s][info][gc,cpu         ] GC(1134) User=0.06s Sys=0.00s Real=0.06s
[167.050s][info][gc,start       ] GC(1135) Pause Young (Allocation Failure)
[167.077s][info][gc,heap        ] GC(1135) DefNew: 139776K(157248K)->1474K(157248K) Eden: 139776K(139776K)->0K(139776K) From: 0K(17472K)->1474K(17472K)
[167.077s][info][gc,heap        ] GC(1135) Tenured: 5371K(349568K)->5371K(349568K)
[167.077s][info][gc,metaspace   ] GC(1135) Metaspace: 14272K(15168K)->14272K(15168K) NonClass: 12313K(12864K)->12313K(12864K) Class: 1959K(2304K)->1959K(2304K)
[167.077s][info][gc             ] GC(1135) Pause Young (Allocation Failure) 141M->6M(494M) 27.230ms
[167.077s][info][gc,cpu         ] GC(1135) User=0.02s Sys=0.00s Real=0.02s
[167.187s][info][gc,start       ] GC(1136) Pause Young (Allocation Failure)
[167.217s][info][gc,heap        ] GC(1136) DefNew: 141250K(157248K)->1492K(157248K) Eden: 139776K(139776K)->0K(139776K) From: 1474K(17472K)->1492K(17472K)
[167.217s][info][gc,heap        ] GC(1136) Tenured: 5371K(349568K)->5371K(349568K)
[167.217s][info][gc,metaspace   ] GC(1136) Metaspace: 14272K(15168K)->14272K(15168K) NonClass: 12313K(12864K)->12313K(12864K) Class: 1959K(2304K)->1959K(2304K)
[167.217s][info][gc             ] GC(1136) Pause Young (Allocation Failure) 143M->6M(494M) 29.891ms
[167.217s][info][gc,cpu         ] GC(1136) User=0.03s Sys=0.00s Real=0.03s
[167.328s][info][gc,start       ] GC(1137) Pause Young (Allocation Failure)
[167.349s][info][gc,heap        ] GC(1137) DefNew: 141268K(157248K)->1509K(157248K) Eden: 139776K(139776K)->0K(139776K) From: 1492K(17472K)->1509K(17472K)
[167.349s][info][gc,heap        ] GC(1137) Tenured: 5371K(349568K)->5371K(349568K)
[167.349s][info][gc,metaspace   ] GC(1137) Metaspace: 14272K(15168K)->14272K(15168K) NonClass: 12313K(12864K)->12313K(12864K) Class: 1959K(2304K)->1959K(2304K)
[167.349s][info][gc             ] GC(1137) Pause Young (Allocation Failure) 143M->6M(494M) 21.473ms
[167.349s][info][gc,cpu         ] GC(1137) User=0.02s Sys=0.00s Real=0.01s
[167.461s][info][gc,start       ] GC(1138) Pause Young (Allocation Failure)
[167.490s][info][gc,heap        ] GC(1138) DefNew: 141285K(157248K)->1527K(157248K) Eden: 139776K(139776K)->0K(139776K) From: 1509K(17472K)->1527K(17472K)
[167.491s][info][gc,heap        ] GC(1138) Tenured: 5371K(349568K)->5371K(349568K)
[167.491s][info][gc,metaspace   ] GC(1138) Metaspace: 14272K(15168K)->14272K(15168K) NonClass: 12313K(12864K)->12313K(12864K) Class: 1959K(2304K)->1959K(2304K)
[167.491s][info][gc             ] GC(1138) Pause Young (Allocation Failure) 143M->6M(494M) 29.425ms
[167.491s][info][gc,cpu         ] GC(1138) User=0.02s Sys=0.00s Real=0.02s
[167.613s][info][gc,start       ] GC(1139) Pause Young (Allocation Failure)
[167.644s][info][gc,heap        ] GC(1139) DefNew: 141303K(157248K)->1545K(157248K) Eden: 139776K(139776K)->0K(139776K) From: 1527K(17472K)->1545K(17472K)
[167.644s][info][gc,heap        ] GC(1139) Tenured: 5371K(349568K)->5371K(349568K)
[167.644s][info][gc,metaspace   ] GC(1139) Metaspace: 14272K(15168K)->14272K(15168K) NonClass: 12313K(12864K)->12313K(12864K) Class: 1959K(2304K)->1959K(2304K)
[167.644s][info][gc             ] GC(1139) Pause Young (Allocation Failure) 143M->6M(494M) 31.205ms
[167.644s][info][gc,cpu         ] GC(1139) User=0.02s Sys=0.00s Real=0.02s
[167.758s][info][gc,start       ] GC(1140) Pause Young (Allocation Failure)
[167.780s][info][gc,heap        ] GC(1140) DefNew: 141321K(157248K)->1565K(157248K) Eden: 139776K(139776K)->0K(139776K) From: 1545K(17472K)->1565K(17472K)
[167.780s][info][gc,heap        ] GC(1140) Tenured: 5371K(349568K)->5371K(349568K)
[167.780s][info][gc,metaspace   ] GC(1140) Metaspace: 14272K(15168K)->14272K(15168K) NonClass: 12313K(12864K)->12313K(12864K) Class: 1959K(2304K)->1959K(2304K)
[167.780s][info][gc             ] GC(1140) Pause Young (Allocation Failure) 143M->6M(494M) 22.813ms
[167.780s][info][gc,cpu         ] GC(1140) User=0.02s Sys=0.00s Real=0.02s
[167.899s][info][gc,start       ] GC(1141) Pause Young (Allocation Failure)
[167.922s][info][gc,heap        ] GC(1141) DefNew: 141341K(157248K)->1584K(157248K) Eden: 139776K(139776K)->0K(139776K) From: 1565K(17472K)->1584K(17472K)
[167.922s][info][gc,heap        ] GC(1141) Tenured: 5371K(349568K)->5371K(349568K)
[167.922s][info][gc,metaspace   ] GC(1141) Metaspace: 14272K(15168K)->14272K(15168K) NonClass: 12313K(12864K)->12313K(12864K) Class: 1959K(2304K)->1959K(2304K)
[167.922s][info][gc             ] GC(1141) Pause Young (Allocation Failure) 143M->6M(494M) 23.344ms
[167.922s][info][gc,cpu         ] GC(1141) User=0.00s Sys=0.00s Real=0.01s
[168.036s][info][gc,start       ] GC(1142) Pause Young (Allocation Failure)
[168.059s][info][gc,heap        ] GC(1142) DefNew: 141360K(157248K)->1602K(157248K) Eden: 139776K(139776K)->0K(139776K) From: 1584K(17472K)->1602K(17472K)
[168.059s][info][gc,heap        ] GC(1142) Tenured: 5371K(349568K)->5371K(349568K)
[168.059s][info][gc,metaspace   ] GC(1142) Metaspace: 14272K(15168K)->14272K(15168K) NonClass: 12313K(12864K)->12313K(12864K) Class: 1959K(2304K)->1959K(2304K)
[168.059s][info][gc             ] GC(1142) Pause Young (Allocation Failure) 143M->6M(494M) 23.452ms
[168.059s][info][gc,cpu         ] GC(1142) User=0.03s Sys=0.00s Real=0.02s
[168.169s][info][gc,start       ] GC(1143) Pause Young (Allocation Failure)
[168.199s][info][gc,heap        ] GC(1143) DefNew: 141378K(157248K)->1618K(157248K) Eden: 139776K(139776K)->0K(139776K) From: 1602K(17472K)->1618K(17472K)
[168.199s][info][gc,heap        ] GC(1143) Tenured: 5371K(349568K)->5371K(349568K)
[168.199s][info][gc,metaspace   ] GC(1143) Metaspace: 14272K(15168K)->14272K(15168K) NonClass: 12313K(12864K)->12313K(12864K) Class: 1959K(2304K)->1959K(2304K)
[168.199s][info][gc             ] GC(1143) Pause Young (Allocation Failure) 143M->6M(494M) 29.719ms
[168.199s][info][gc,cpu         ] GC(1143) User=0.02s Sys=0.00s Real=0.02s
[168.312s][info][gc,start       ] GC(1144) Pause Young (Allocation Failure)
[168.344s][info][gc,heap        ] GC(1144) DefNew: 141394K(157248K)->1637K(157248K) Eden: 139776K(139776K)->0K(139776K) From: 1618K(17472K)->1637K(17472K)
[168.344s][info][gc,heap        ] GC(1144) Tenured: 5371K(349568K)->5371K(349568K)
[168.344s][info][gc,metaspace   ] GC(1144) Metaspace: 14272K(15168K)->14272K(15168K) NonClass: 12313K(12864K)->12313K(12864K) Class: 1959K(2304K)->1959K(2304K)
[168.344s][info][gc             ] GC(1144) Pause Young (Allocation Failure) 143M->6M(494M) 31.298ms
[168.344s][info][gc,cpu         ] GC(1144) User=0.02s Sys=0.00s Real=0.02s
[168.455s][info][gc,start       ] GC(1145) Pause Young (Allocation Failure)
[168.488s][info][gc,heap        ] GC(1145) DefNew: 141413K(157248K)->1654K(157248K) Eden: 139776K(139776K)->0K(139776K) From: 1637K(17472K)->1654K(17472K)
[168.488s][info][gc,heap        ] GC(1145) Tenured: 5371K(349568K)->5371K(349568K)
[168.488s][info][gc,metaspace   ] GC(1145) Metaspace: 14272K(15168K)->14272K(15168K) NonClass: 12313K(12864K)->12313K(12864K) Class: 1959K(2304K)->1959K(2304K)
[168.488s][info][gc             ] GC(1145) Pause Young (Allocation Failure) 143M->6M(494M) 33.043ms
[168.488s][info][gc,cpu         ] GC(1145) User=0.02s Sys=0.00s Real=0.02s
[168.599s][info][gc,start       ] GC(1146) Pause Young (Allocation Failure)
[168.623s][info][gc,heap        ] GC(1146) DefNew: 141430K(157248K)->1672K(157248K) Eden: 139776K(139776K)->0K(139776K) From: 1654K(17472K)->1672K(17472K)
[168.623s][info][gc,heap        ] GC(1146) Tenured: 5371K(349568K)->5371K(349568K)
[168.623s][info][gc,metaspace   ] GC(1146) Metaspace: 14272K(15168K)->14272K(15168K) NonClass: 12313K(12864K)->12313K(12864K) Class: 1959K(2304K)->1959K(2304K)
[168.623s][info][gc             ] GC(1146) Pause Young (Allocation Failure) 143M->6M(494M) 23.910ms
[168.623s][info][gc,cpu         ] GC(1146) User=0.03s Sys=0.00s Real=0.02s
[168.732s][info][gc,start       ] GC(1147) Pause Young (Allocation Failure)
[168.764s][info][gc,heap        ] GC(1147) DefNew: 141448K(157248K)->1689K(157248K) Eden: 139776K(139776K)->0K(139776K) From: 1672K(17472K)->1689K(17472K)
[168.764s][info][gc,heap        ] GC(1147) Tenured: 5371K(349568K)->5371K(349568K)
[168.764s][info][gc,metaspace   ] GC(1147) Metaspace: 14272K(15168K)->14272K(15168K) NonClass: 12313K(12864K)->12313K(12864K) Class: 1959K(2304K)->1959K(2304K)
[168.764s][info][gc             ] GC(1147) Pause Young (Allocation Failure) 143M->6M(494M) 32.012ms
[168.764s][info][gc,cpu         ] GC(1147) User=0.03s Sys=0.00s Real=0.03s
[168.876s][info][gc,start       ] GC(1148) Pause Young (Allocation Failure)
[168.910s][info][gc,heap        ] GC(1148) DefNew: 141465K(157248K)->1707K(157248K) Eden: 139776K(139776K)->0K(139776K) From: 1689K(17472K)->1707K(17472K)
[168.910s][info][gc,heap        ] GC(1148) Tenured: 5371K(349568K)->5371K(349568K)
[168.910s][info][gc,metaspace   ] GC(1148) Metaspace: 14272K(15168K)->14272K(15168K) NonClass: 12313K(12864K)->12313K(12864K) Class: 1959K(2304K)->1959K(2304K)
[168.910s][info][gc             ] GC(1148) Pause Young (Allocation Failure) 143M->6M(494M) 34.080ms
[168.910s][info][gc,cpu         ] GC(1148) User=0.03s Sys=0.00s Real=0.03s
[169.030s][info][gc,start       ] GC(1149) Pause Young (Allocation Failure)
[169.055s][info][gc,heap        ] GC(1149) DefNew: 141483K(157248K)->1728K(157248K) Eden: 139776K(139776K)->0K(139776K) From: 1707K(17472K)->1728K(17472K)
[169.055s][info][gc,heap        ] GC(1149) Tenured: 5371K(349568K)->5371K(349568K)
[169.055s][info][gc,metaspace   ] GC(1149) Metaspace: 14272K(15168K)->14272K(15168K) NonClass: 12313K(12864K)->12313K(12864K) Class: 1959K(2304K)->1959K(2304K)
[169.055s][info][gc             ] GC(1149) Pause Young (Allocation Failure) 143M->6M(494M) 24.996ms
[169.055s][info][gc,cpu         ] GC(1149) User=0.02s Sys=0.00s Real=0.01s
[169.165s][info][gc,start       ] GC(1150) Pause Young (Allocation Failure)
[169.199s][info][gc,heap        ] GC(1150) DefNew: 141504K(157248K)->279K(157248K) Eden: 139776K(139776K)->0K(139776K) From: 1728K(17472K)->279K(17472K)
[169.199s][info][gc,heap        ] GC(1150) Tenured: 5371K(349568K)->6837K(349568K)
[169.199s][info][gc,metaspace   ] GC(1150) Metaspace: 14272K(15168K)->14272K(15168K) NonClass: 12313K(12864K)->12313K(12864K) Class: 1959K(2304K)->1959K(2304K)
[169.199s][info][gc             ] GC(1150) Pause Young (Allocation Failure) 143M->6M(494M) 33.535ms
[169.199s][info][gc,cpu         ] GC(1150) User=0.03s Sys=0.00s Real=0.03s
[169.313s][info][gc,start       ] GC(1151) Pause Young (Allocation Failure)
[169.346s][info][gc,heap        ] GC(1151) DefNew: 140055K(157248K)->280K(157248K) Eden: 139776K(139776K)->0K(139776K) From: 279K(17472K)->280K(17472K)
[169.346s][info][gc,heap        ] GC(1151) Tenured: 6837K(349568K)->6855K(349568K)
[169.346s][info][gc,metaspace   ] GC(1151) Metaspace: 14272K(15168K)->14272K(15168K) NonClass: 12313K(12864K)->12313K(12864K) Class: 1959K(2304K)->1959K(2304K)
[169.346s][info][gc             ] GC(1151) Pause Young (Allocation Failure) 143M->6M(494M) 33.000ms
[169.346s][info][gc,cpu         ] GC(1151) User=0.03s Sys=0.00s Real=0.03s
[169.480s][info][gc,start       ] GC(1152) Pause Young (Allocation Failure)
[169.507s][info][gc,heap        ] GC(1152) DefNew: 140056K(157248K)->280K(157248K) Eden: 139776K(139776K)->0K(139776K) From: 280K(17472K)->280K(17472K)
[169.507s][info][gc,heap        ] GC(1152) Tenured: 6855K(349568K)->6873K(349568K)
[169.507s][info][gc,metaspace   ] GC(1152) Metaspace: 14272K(15168K)->14272K(15168K) NonClass: 12313K(12864K)->12313K(12864K) Class: 1959K(2304K)->1959K(2304K)
[169.507s][info][gc             ] GC(1152) Pause Young (Allocation Failure) 143M->6M(494M) 26.780ms
[169.507s][info][gc,cpu         ] GC(1152) User=0.02s Sys=0.00s Real=0.02s
[169.625s][info][gc,start       ] GC(1153) Pause Young (Allocation Failure)
[169.648s][info][gc,heap        ] GC(1153) DefNew: 140056K(157248K)->279K(157248K) Eden: 139776K(139776K)->0K(139776K) From: 280K(17472K)->279K(17472K)
[169.648s][info][gc,heap        ] GC(1153) Tenured: 6873K(349568K)->6890K(349568K)
[169.648s][info][gc,metaspace   ] GC(1153) Metaspace: 14272K(15168K)->14272K(15168K) NonClass: 12313K(12864K)->12313K(12864K) Class: 1959K(2304K)->1959K(2304K)
[169.648s][info][gc             ] GC(1153) Pause Young (Allocation Failure) 143M->7M(494M) 23.488ms
[169.648s][info][gc,cpu         ] GC(1153) User=0.02s Sys=0.00s Real=0.02s
[169.762s][info][gc,start       ] GC(1154) Pause Young (Allocation Failure)
[169.792s][info][gc,heap        ] GC(1154) DefNew: 140055K(157248K)->279K(157248K) Eden: 139776K(139776K)->0K(139776K) From: 279K(17472K)->279K(17472K)
[169.792s][info][gc,heap        ] GC(1154) Tenured: 6890K(349568K)->6908K(349568K)
[169.792s][info][gc,metaspace   ] GC(1154) Metaspace: 14272K(15168K)->14272K(15168K) NonClass: 12313K(12864K)->12313K(12864K) Class: 1959K(2304K)->1959K(2304K)
[169.792s][info][gc             ] GC(1154) Pause Young (Allocation Failure) 143M->7M(494M) 30.239ms
[169.792s][info][gc,cpu         ] GC(1154) User=0.02s Sys=0.00s Real=0.02s
[169.921s][info][gc,start       ] GC(1155) Pause Young (Allocation Failure)
[169.948s][info][gc,heap        ] GC(1155) DefNew: 140055K(157248K)->283K(157248K) Eden: 139776K(139776K)->0K(139776K) From: 279K(17472K)->283K(17472K)
[169.948s][info][gc,heap        ] GC(1155) Tenured: 6908K(349568K)->6926K(349568K)
[169.948s][info][gc,metaspace   ] GC(1155) Metaspace: 14272K(15168K)->14272K(15168K) NonClass: 12313K(12864K)->12313K(12864K) Class: 1959K(2304K)->1959K(2304K)
[169.948s][info][gc             ] GC(1155) Pause Young (Allocation Failure) 143M->7M(494M) 27.562ms
[169.948s][info][gc,cpu         ] GC(1155) User=0.03s Sys=0.00s Real=0.03s
[170.077s][info][gc,start       ] GC(1156) Pause Young (Allocation Failure)
[170.103s][info][gc,heap        ] GC(1156) DefNew: 140059K(157248K)->283K(157248K) Eden: 139776K(139776K)->0K(139776K) From: 283K(17472K)->283K(17472K)
[170.103s][info][gc,heap        ] GC(1156) Tenured: 6926K(349568K)->6947K(349568K)
[170.103s][info][gc,metaspace   ] GC(1156) Metaspace: 14272K(15168K)->14272K(15168K) NonClass: 12313K(12864K)->12313K(12864K) Class: 1959K(2304K)->1959K(2304K)
[170.103s][info][gc             ] GC(1156) Pause Young (Allocation Failure) 143M->7M(494M) 26.367ms
[170.103s][info][gc,cpu         ] GC(1156) User=0.02s Sys=0.00s Real=0.02s
[170.219s][info][gc,start       ] GC(1157) Pause Young (Allocation Failure)
[170.247s][info][gc,heap        ] GC(1157) DefNew: 140059K(157248K)->283K(157248K) Eden: 139776K(139776K)->0K(139776K) From: 283K(17472K)->283K(17472K)
[170.247s][info][gc,heap        ] GC(1157) Tenured: 6947K(349568K)->6964K(349568K)
[170.247s][info][gc,metaspace   ] GC(1157) Metaspace: 14272K(15168K)->14272K(15168K) NonClass: 12313K(12864K)->12313K(12864K) Class: 1959K(2304K)->1959K(2304K)
[170.247s][info][gc             ] GC(1157) Pause Young (Allocation Failure) 143M->7M(494M) 27.823ms
[170.247s][info][gc,cpu         ] GC(1157) User=0.02s Sys=0.00s Real=0.02s
[170.358s][info][gc,start       ] GC(1158) Pause Young (Allocation Failure)
[170.385s][info][gc,heap        ] GC(1158) DefNew: 140059K(157248K)->283K(157248K) Eden: 139776K(139776K)->0K(139776K) From: 283K(17472K)->283K(17472K)
[170.385s][info][gc,heap        ] GC(1158) Tenured: 6964K(349568K)->6982K(349568K)
[170.385s][info][gc,metaspace   ] GC(1158) Metaspace: 14272K(15168K)->14272K(15168K) NonClass: 12313K(12864K)->12313K(12864K) Class: 1959K(2304K)->1959K(2304K)
[170.385s][info][gc             ] GC(1158) Pause Young (Allocation Failure) 143M->7M(494M) 27.121ms
[170.385s][info][gc,cpu         ] GC(1158) User=0.02s Sys=0.00s Real=0.01s
[170.498s][info][gc,start       ] GC(1159) Pause Young (Allocation Failure)
[170.526s][info][gc,heap        ] GC(1159) DefNew: 140059K(157248K)->284K(157248K) Eden: 139776K(139776K)->0K(139776K) From: 283K(17472K)->284K(17472K)
[170.526s][info][gc,heap        ] GC(1159) Tenured: 6982K(349568K)->7000K(349568K)
[170.526s][info][gc,metaspace   ] GC(1159) Metaspace: 14272K(15168K)->14272K(15168K) NonClass: 12313K(12864K)->12313K(12864K) Class: 1959K(2304K)->1959K(2304K)
[170.526s][info][gc             ] GC(1159) Pause Young (Allocation Failure) 143M->7M(494M) 28.895ms
[170.526s][info][gc,cpu         ] GC(1159) User=0.03s Sys=0.00s Real=0.03s
[170.639s][info][gc,start       ] GC(1160) Pause Young (Allocation Failure)
[170.660s][info][gc,heap        ] GC(1160) DefNew: 140060K(157248K)->283K(157248K) Eden: 139776K(139776K)->0K(139776K) From: 284K(17472K)->283K(17472K)
[170.660s][info][gc,heap        ] GC(1160) Tenured: 7000K(349568K)->7017K(349568K)
[170.660s][info][gc,metaspace   ] GC(1160) Metaspace: 14272K(15168K)->14272K(15168K) NonClass: 12313K(12864K)->12313K(12864K) Class: 1959K(2304K)->1959K(2304K)
[170.660s][info][gc             ] GC(1160) Pause Young (Allocation Failure) 143M->7M(494M) 20.870ms
[170.660s][info][gc,cpu         ] GC(1160) User=0.02s Sys=0.00s Real=0.02s
[170.771s][info][gc,start       ] GC(1161) Pause Young (Allocation Failure)
[170.799s][info][gc,heap        ] GC(1161) DefNew: 140059K(157248K)->286K(157248K) Eden: 139776K(139776K)->0K(139776K) From: 283K(17472K)->286K(17472K)
[170.799s][info][gc,heap        ] GC(1161) Tenured: 7017K(349568K)->7035K(349568K)
[170.799s][info][gc,metaspace   ] GC(1161) Metaspace: 14272K(15168K)->14272K(15168K) NonClass: 12313K(12864K)->12313K(12864K) Class: 1959K(2304K)->1959K(2304K)
[170.799s][info][gc             ] GC(1161) Pause Young (Allocation Failure) 143M->7M(494M) 27.639ms
[170.799s][info][gc,cpu         ] GC(1161) User=0.03s Sys=0.00s Real=0.02s
[170.910s][info][gc,start       ] GC(1162) Pause Young (Allocation Failure)
[170.937s][info][gc,heap        ] GC(1162) DefNew: 140062K(157248K)->287K(157248K) Eden: 139776K(139776K)->0K(139776K) From: 286K(17472K)->287K(17472K)
[170.937s][info][gc,heap        ] GC(1162) Tenured: 7035K(349568K)->7052K(349568K)
[170.937s][info][gc,metaspace   ] GC(1162) Metaspace: 14272K(15168K)->14272K(15168K) NonClass: 12313K(12864K)->12313K(12864K) Class: 1959K(2304K)->1959K(2304K)
[170.937s][info][gc             ] GC(1162) Pause Young (Allocation Failure) 143M->7M(494M) 27.561ms
[170.937s][info][gc,cpu         ] GC(1162) User=0.02s Sys=0.00s Real=0.02s
[171.048s][info][gc,start       ] GC(1163) Pause Young (Allocation Failure)
[171.076s][info][gc,heap        ] GC(1163) DefNew: 140063K(157248K)->286K(157248K) Eden: 139776K(139776K)->0K(139776K) From: 287K(17472K)->286K(17472K)
[171.076s][info][gc,heap        ] GC(1163) Tenured: 7052K(349568K)->7070K(349568K)
[171.076s][info][gc,metaspace   ] GC(1163) Metaspace: 14272K(15168K)->14272K(15168K) NonClass: 12313K(12864K)->12313K(12864K) Class: 1959K(2304K)->1959K(2304K)
[171.076s][info][gc             ] GC(1163) Pause Young (Allocation Failure) 143M->7M(494M) 28.040ms
[171.076s][info][gc,cpu         ] GC(1163) User=0.02s Sys=0.00s Real=0.02s
[171.188s][info][gc,start       ] GC(1164) Pause Young (Allocation Failure)
[171.216s][info][gc,heap        ] GC(1164) DefNew: 140062K(157248K)->284K(157248K) Eden: 139776K(139776K)->0K(139776K) From: 286K(17472K)->284K(17472K)
[171.216s][info][gc,heap        ] GC(1164) Tenured: 7070K(349568K)->7091K(349568K)
[171.216s][info][gc,metaspace   ] GC(1164) Metaspace: 14272K(15168K)->14272K(15168K) NonClass: 12313K(12864K)->12313K(12864K) Class: 1959K(2304K)->1959K(2304K)
[171.216s][info][gc             ] GC(1164) Pause Young (Allocation Failure) 143M->7M(494M) 27.863ms
[171.216s][info][gc,cpu         ] GC(1164) User=0.02s Sys=0.00s Real=0.02s
[171.327s][info][gc,start       ] GC(1165) Pause Young (Allocation Failure)
[171.356s][info][gc,heap        ] GC(1165) DefNew: 140060K(157248K)->284K(157248K) Eden: 139776K(139776K)->0K(139776K) From: 284K(17472K)->284K(17472K)
[171.356s][info][gc,heap        ] GC(1165) Tenured: 7091K(349568K)->7108K(349568K)
[171.356s][info][gc,metaspace   ] GC(1165) Metaspace: 14272K(15168K)->14272K(15168K) NonClass: 12313K(12864K)->12313K(12864K) Class: 1959K(2304K)->1959K(2304K)
[171.356s][info][gc             ] GC(1165) Pause Young (Allocation Failure) 143M->7M(494M) 29.502ms
[171.356s][info][gc,cpu         ] GC(1165) User=0.03s Sys=0.00s Real=0.03s
[171.469s][info][gc,start       ] GC(1166) Pause Young (Allocation Failure)
[171.498s][info][gc,heap        ] GC(1166) DefNew: 140060K(157248K)->284K(157248K) Eden: 139776K(139776K)->0K(139776K) From: 284K(17472K)->284K(17472K)
[171.498s][info][gc,heap        ] GC(1166) Tenured: 7108K(349568K)->7126K(349568K)
[171.498s][info][gc,metaspace   ] GC(1166) Metaspace: 14272K(15168K)->14272K(15168K) NonClass: 12313K(12864K)->12313K(12864K) Class: 1959K(2304K)->1959K(2304K)
[171.498s][info][gc             ] GC(1166) Pause Young (Allocation Failure) 143M->7M(494M) 28.877ms
[171.498s][info][gc,cpu         ] GC(1166) User=0.02s Sys=0.00s Real=0.02s
[171.611s][info][gc,start       ] GC(1167) Pause Young (Allocation Failure)
[171.638s][info][gc,heap        ] GC(1167) DefNew: 140060K(157248K)->287K(157248K) Eden: 139776K(139776K)->0K(139776K) From: 284K(17472K)->287K(17472K)
[171.638s][info][gc,heap        ] GC(1167) Tenured: 7126K(349568K)->7144K(349568K)
[171.638s][info][gc,metaspace   ] GC(1167) Metaspace: 14272K(15168K)->14272K(15168K) NonClass: 12313K(12864K)->12313K(12864K) Class: 1959K(2304K)->1959K(2304K)
[171.638s][info][gc             ] GC(1167) Pause Young (Allocation Failure) 143M->7M(494M) 27.836ms
[171.638s][info][gc,cpu         ] GC(1167) User=0.02s Sys=0.00s Real=0.02s
[171.750s][info][gc,start       ] GC(1168) Pause Young (Allocation Failure)
[171.779s][info][gc,heap        ] GC(1168) DefNew: 140063K(157248K)->287K(157248K) Eden: 139776K(139776K)->0K(139776K) From: 287K(17472K)->287K(17472K)
[171.779s][info][gc,heap        ] GC(1168) Tenured: 7144K(349568K)->7161K(349568K)
[171.779s][info][gc,metaspace   ] GC(1168) Metaspace: 14272K(15168K)->14272K(15168K) NonClass: 12313K(12864K)->12313K(12864K) Class: 1959K(2304K)->1959K(2304K)
[171.779s][info][gc             ] GC(1168) Pause Young (Allocation Failure) 143M->7M(494M) 29.680ms
[171.780s][info][gc,cpu         ] GC(1168) User=0.03s Sys=0.00s Real=0.03s
[171.893s][info][gc,start       ] GC(1169) Pause Young (Allocation Failure)
[171.923s][info][gc,heap        ] GC(1169) DefNew: 140063K(157248K)->290K(157248K) Eden: 139776K(139776K)->0K(139776K) From: 287K(17472K)->290K(17472K)
[171.923s][info][gc,heap        ] GC(1169) Tenured: 7161K(349568K)->7179K(349568K)
[171.923s][info][gc,metaspace   ] GC(1169) Metaspace: 14272K(15168K)->14272K(15168K) NonClass: 12313K(12864K)->12313K(12864K) Class: 1959K(2304K)->1959K(2304K)
[171.923s][info][gc             ] GC(1169) Pause Young (Allocation Failure) 143M->7M(494M) 29.944ms
[171.923s][info][gc,cpu         ] GC(1169) User=0.03s Sys=0.00s Real=0.03s
[172.035s][info][gc,start       ] GC(1170) Pause Young (Allocation Failure)
[172.066s][info][gc,heap        ] GC(1170) DefNew: 140066K(157248K)->287K(157248K) Eden: 139776K(139776K)->0K(139776K) From: 290K(17472K)->287K(17472K)
[172.066s][info][gc,heap        ] GC(1170) Tenured: 7179K(349568K)->7200K(349568K)
[172.066s][info][gc,metaspace   ] GC(1170) Metaspace: 14272K(15168K)->14272K(15168K) NonClass: 12313K(12864K)->12313K(12864K) Class: 1959K(2304K)->1959K(2304K)
[172.066s][info][gc             ] GC(1170) Pause Young (Allocation Failure) 143M->7M(494M) 31.574ms
[172.066s][info][gc,cpu         ] GC(1170) User=0.03s Sys=0.00s Real=0.03s
[172.180s][info][gc,start       ] GC(1171) Pause Young (Allocation Failure)
[172.208s][info][gc,heap        ] GC(1171) DefNew: 140063K(157248K)->283K(157248K) Eden: 139776K(139776K)->0K(139776K) From: 287K(17472K)->283K(17472K)
[172.208s][info][gc,heap        ] GC(1171) Tenured: 7200K(349568K)->7222K(349568K)
[172.208s][info][gc,metaspace   ] GC(1171) Metaspace: 14272K(15168K)->14272K(15168K) NonClass: 12313K(12864K)->12313K(12864K) Class: 1959K(2304K)->1959K(2304K)
[172.208s][info][gc             ] GC(1171) Pause Young (Allocation Failure) 143M->7M(494M) 28.649ms
[172.208s][info][gc,cpu         ] GC(1171) User=0.02s Sys=0.00s Real=0.02s
[172.321s][info][gc,start       ] GC(1172) Pause Young (Allocation Failure)
[172.352s][info][gc,heap        ] GC(1172) DefNew: 140059K(157248K)->283K(157248K) Eden: 139776K(139776K)->0K(139776K) From: 283K(17472K)->283K(17472K)
[172.352s][info][gc,heap        ] GC(1172) Tenured: 7222K(349568K)->7239K(349568K)
[172.352s][info][gc,metaspace   ] GC(1172) Metaspace: 14272K(15168K)->14272K(15168K) NonClass: 12313K(12864K)->12313K(12864K) Class: 1959K(2304K)->1959K(2304K)
[172.352s][info][gc             ] GC(1172) Pause Young (Allocation Failure) 143M->7M(494M) 31.003ms
[172.352s][info][gc,cpu         ] GC(1172) User=0.02s Sys=0.00s Real=0.02s
[172.465s][info][gc,start       ] GC(1173) Pause Young (Allocation Failure)
[172.496s][info][gc,heap        ] GC(1173) DefNew: 140059K(157248K)->286K(157248K) Eden: 139776K(139776K)->0K(139776K) From: 283K(17472K)->286K(17472K)
[172.496s][info][gc,heap        ] GC(1173) Tenured: 7239K(349568K)->7257K(349568K)
[172.496s][info][gc,metaspace   ] GC(1173) Metaspace: 14272K(15168K)->14272K(15168K) NonClass: 12313K(12864K)->12313K(12864K) Class: 1959K(2304K)->1959K(2304K)
[172.496s][info][gc             ] GC(1173) Pause Young (Allocation Failure) 143M->7M(494M) 31.080ms
[172.496s][info][gc,cpu         ] GC(1173) User=0.03s Sys=0.00s Real=0.03s
[172.609s][info][gc,start       ] GC(1174) Pause Young (Allocation Failure)
[172.642s][info][gc,heap        ] GC(1174) DefNew: 140062K(157248K)->289K(157248K) Eden: 139776K(139776K)->0K(139776K) From: 286K(17472K)->289K(17472K)
[172.643s][info][gc,heap        ] GC(1174) Tenured: 7257K(349568K)->7274K(349568K)
[172.643s][info][gc,metaspace   ] GC(1174) Metaspace: 14272K(15168K)->14272K(15168K) NonClass: 12313K(12864K)->12313K(12864K) Class: 1959K(2304K)->1959K(2304K)
[172.643s][info][gc             ] GC(1174) Pause Young (Allocation Failure) 143M->7M(494M) 33.161ms
[172.643s][info][gc,cpu         ] GC(1174) User=0.03s Sys=0.00s Real=0.03s
[172.757s][info][gc,start       ] GC(1175) Pause Young (Allocation Failure)
[172.780s][info][gc,heap        ] GC(1175) DefNew: 140065K(157248K)->289K(157248K) Eden: 139776K(139776K)->0K(139776K) From: 289K(17472K)->289K(17472K)
[172.781s][info][gc,heap        ] GC(1175) Tenured: 7274K(349568K)->7292K(349568K)
[172.781s][info][gc,metaspace   ] GC(1175) Metaspace: 14272K(15168K)->14272K(15168K) NonClass: 12313K(12864K)->12313K(12864K) Class: 1959K(2304K)->1959K(2304K)
[172.781s][info][gc             ] GC(1175) Pause Young (Allocation Failure) 143M->7M(494M) 23.838ms
[172.781s][info][gc,cpu         ] GC(1175) User=0.02s Sys=0.00s Real=0.02s
[172.890s][info][gc,start       ] GC(1176) Pause Young (Allocation Failure)
[172.922s][info][gc,heap        ] GC(1176) DefNew: 140065K(157248K)->287K(157248K) Eden: 139776K(139776K)->0K(139776K) From: 289K(17472K)->287K(17472K)
[172.923s][info][gc,heap        ] GC(1176) Tenured: 7292K(349568K)->7313K(349568K)
[172.923s][info][gc,metaspace   ] GC(1176) Metaspace: 14272K(15168K)->14272K(15168K) NonClass: 12313K(12864K)->12313K(12864K) Class: 1959K(2304K)->1959K(2304K)
[172.923s][info][gc             ] GC(1176) Pause Young (Allocation Failure) 143M->7M(494M) 32.125ms
[172.923s][info][gc,cpu         ] GC(1176) User=0.03s Sys=0.00s Real=0.02s
[173.037s][info][gc,start       ] GC(1177) Pause Young (Allocation Failure)
[173.071s][info][gc,heap        ] GC(1177) DefNew: 140063K(157248K)->288K(157248K) Eden: 139776K(139776K)->0K(139776K) From: 287K(17472K)->288K(17472K)
[173.071s][info][gc,heap        ] GC(1177) Tenured: 7313K(349568K)->7330K(349568K)
[173.071s][info][gc,metaspace   ] GC(1177) Metaspace: 14272K(15168K)->14272K(15168K) NonClass: 12313K(12864K)->12313K(12864K) Class: 1959K(2304K)->1959K(2304K)
[173.071s][info][gc             ] GC(1177) Pause Young (Allocation Failure) 143M->7M(494M) 34.473ms
[173.072s][info][gc,cpu         ] GC(1177) User=0.05s Sys=0.00s Real=0.04s
[173.185s][info][gc,start       ] GC(1178) Pause Young (Allocation Failure)
[173.217s][info][gc,heap        ] GC(1178) DefNew: 140064K(157248K)->290K(157248K) Eden: 139776K(139776K)->0K(139776K) From: 288K(17472K)->290K(17472K)
[173.217s][info][gc,heap        ] GC(1178) Tenured: 7330K(349568K)->7348K(349568K)
[173.217s][info][gc,metaspace   ] GC(1178) Metaspace: 14272K(15168K)->14272K(15168K) NonClass: 12313K(12864K)->12313K(12864K) Class: 1959K(2304K)->1959K(2304K)
[173.217s][info][gc             ] GC(1178) Pause Young (Allocation Failure) 143M->7M(494M) 32.465ms
[173.217s][info][gc,cpu         ] GC(1178) User=0.03s Sys=0.00s Real=0.03s
[173.331s][info][gc,start       ] GC(1179) Pause Young (Allocation Failure)
[173.365s][info][gc,heap        ] GC(1179) DefNew: 140057K(157248K)->291K(157248K) Eden: 139766K(139776K)->0K(139776K) From: 290K(17472K)->291K(17472K)
[173.365s][info][gc,heap        ] GC(1179) Tenured: 7348K(349568K)->7366K(349568K)
[173.365s][info][gc,metaspace   ] GC(1179) Metaspace: 14272K(15168K)->14272K(15168K) NonClass: 12313K(12864K)->12313K(12864K) Class: 1959K(2304K)->1959K(2304K)
[173.365s][info][gc             ] GC(1179) Pause Young (Allocation Failure) 143M->7M(494M) 33.634ms
[173.365s][info][gc,cpu         ] GC(1179) User=0.03s Sys=0.00s Real=0.03s
[173.557s][info][gc,start       ] GC(1180) Pause Young (Allocation Failure)
[173.588s][info][gc,heap        ] GC(1180) DefNew: 140067K(157248K)->291K(157248K) Eden: 139776K(139776K)->0K(139776K) From: 291K(17472K)->291K(17472K)
[173.588s][info][gc,heap        ] GC(1180) Tenured: 7366K(349568K)->7384K(349568K)
[173.588s][info][gc,metaspace   ] GC(1180) Metaspace: 14272K(15168K)->14272K(15168K) NonClass: 12313K(12864K)->12313K(12864K) Class: 1959K(2304K)->1959K(2304K)
[173.588s][info][gc             ] GC(1180) Pause Young (Allocation Failure) 143M->7M(494M) 31.017ms
[173.588s][info][gc,cpu         ] GC(1180) User=0.02s Sys=0.00s Real=0.02s
[173.706s][info][gc,start       ] GC(1181) Pause Young (Allocation Failure)
[173.730s][info][gc,heap        ] GC(1181) DefNew: 140067K(157248K)->293K(157248K) Eden: 139776K(139776K)->0K(139776K) From: 291K(17472K)->293K(17472K)
[173.730s][info][gc,heap        ] GC(1181) Tenured: 7384K(349568K)->7402K(349568K)
[173.730s][info][gc,metaspace   ] GC(1181) Metaspace: 14272K(15168K)->14272K(15168K) NonClass: 12313K(12864K)->12313K(12864K) Class: 1959K(2304K)->1959K(2304K)
[173.730s][info][gc             ] GC(1181) Pause Young (Allocation Failure) 143M->7M(494M) 23.296ms
[173.730s][info][gc,cpu         ] GC(1181) User=0.02s Sys=0.00s Real=0.02s
[173.856s][info][gc,start       ] GC(1182) Pause Young (Allocation Failure)
[173.884s][info][gc,heap        ] GC(1182) DefNew: 140069K(157248K)->293K(157248K) Eden: 139776K(139776K)->0K(139776K) From: 293K(17472K)->293K(17472K)
[173.902s][info][gc,heap        ] GC(1182) Tenured: 7402K(349568K)->7423K(349568K)
[173.902s][info][gc,metaspace   ] GC(1182) Metaspace: 14272K(15168K)->14272K(15168K) NonClass: 12313K(12864K)->12313K(12864K) Class: 1959K(2304K)->1959K(2304K)
[173.903s][info][gc             ] GC(1182) Pause Young (Allocation Failure) 144M->7M(494M) 46.864ms
[173.903s][info][gc,cpu         ] GC(1182) User=0.02s Sys=0.00s Real=0.05s
[174.026s][info][gc,start       ] GC(1183) Pause Young (Allocation Failure)
[174.054s][info][gc,heap        ] GC(1183) DefNew: 140069K(157248K)->296K(157248K) Eden: 139776K(139776K)->0K(139776K) From: 293K(17472K)->296K(17472K)
[174.054s][info][gc,heap        ] GC(1183) Tenured: 7423K(349568K)->7440K(349568K)
[174.054s][info][gc,metaspace   ] GC(1183) Metaspace: 14272K(15168K)->14272K(15168K) NonClass: 12313K(12864K)->12313K(12864K) Class: 1959K(2304K)->1959K(2304K)
[174.054s][info][gc             ] GC(1183) Pause Young (Allocation Failure) 144M->7M(494M) 27.850ms
[174.054s][info][gc,cpu         ] GC(1183) User=0.02s Sys=0.00s Real=0.02s
[174.170s][info][gc,start       ] GC(1184) Pause Young (Allocation Failure)
[174.196s][info][gc,heap        ] GC(1184) DefNew: 140072K(157248K)->297K(157248K) Eden: 139776K(139776K)->0K(139776K) From: 296K(17472K)->297K(17472K)
[174.196s][info][gc,heap        ] GC(1184) Tenured: 7440K(349568K)->7461K(349568K)
[174.196s][info][gc,metaspace   ] GC(1184) Metaspace: 14272K(15168K)->14272K(15168K) NonClass: 12313K(12864K)->12313K(12864K) Class: 1959K(2304K)->1959K(2304K)
[174.196s][info][gc             ] GC(1184) Pause Young (Allocation Failure) 144M->7M(494M) 26.174ms
[174.196s][info][gc,cpu         ] GC(1184) User=0.03s Sys=0.00s Real=0.03s
[174.307s][info][gc,start       ] GC(1185) Pause Young (Allocation Failure)
[174.334s][info][gc,heap        ] GC(1185) DefNew: 140073K(157248K)->297K(157248K) Eden: 139776K(139776K)->0K(139776K) From: 297K(17472K)->297K(17472K)
[174.334s][info][gc,heap        ] GC(1185) Tenured: 7461K(349568K)->7479K(349568K)
[174.334s][info][gc,metaspace   ] GC(1185) Metaspace: 14272K(15168K)->14272K(15168K) NonClass: 12313K(12864K)->12313K(12864K) Class: 1959K(2304K)->1959K(2304K)
[174.334s][info][gc             ] GC(1185) Pause Young (Allocation Failure) 144M->7M(494M) 27.132ms
[174.334s][info][gc,cpu         ] GC(1185) User=0.02s Sys=0.00s Real=0.03s
[174.445s][info][gc,start       ] GC(1186) Pause Young (Allocation Failure)
[174.472s][info][gc,heap        ] GC(1186) DefNew: 140073K(157248K)->296K(157248K) Eden: 139776K(139776K)->0K(139776K) From: 297K(17472K)->296K(17472K)
[174.472s][info][gc,heap        ] GC(1186) Tenured: 7479K(349568K)->7496K(349568K)
[174.472s][info][gc,metaspace   ] GC(1186) Metaspace: 14272K(15168K)->14272K(15168K) NonClass: 12313K(12864K)->12313K(12864K) Class: 1959K(2304K)->1959K(2304K)
[174.472s][info][gc             ] GC(1186) Pause Young (Allocation Failure) 144M->7M(494M) 27.170ms
[174.472s][info][gc,cpu         ] GC(1186) User=0.02s Sys=0.00s Real=0.02s
[174.583s][info][gc,start       ] GC(1187) Pause Young (Allocation Failure)
[174.611s][info][gc,heap        ] GC(1187) DefNew: 140072K(157248K)->297K(157248K) Eden: 139776K(139776K)->0K(139776K) From: 296K(17472K)->297K(17472K)
[174.611s][info][gc,heap        ] GC(1187) Tenured: 7496K(349568K)->7514K(349568K)
[174.611s][info][gc,metaspace   ] GC(1187) Metaspace: 14272K(15168K)->14272K(15168K) NonClass: 12313K(12864K)->12313K(12864K) Class: 1959K(2304K)->1959K(2304K)
[174.611s][info][gc             ] GC(1187) Pause Young (Allocation Failure) 144M->7M(494M) 27.378ms
[174.611s][info][gc,cpu         ] GC(1187) User=0.02s Sys=0.00s Real=0.02s
[174.733s][info][gc,start       ] GC(1188) Pause Young (Allocation Failure)
[174.761s][info][gc,heap        ] GC(1188) DefNew: 140073K(157248K)->294K(157248K) Eden: 139776K(139776K)->0K(139776K) From: 297K(17472K)->294K(17472K)
[174.761s][info][gc,heap        ] GC(1188) Tenured: 7514K(349568K)->7535K(349568K)
[174.761s][info][gc,metaspace   ] GC(1188) Metaspace: 14272K(15168K)->14272K(15168K) NonClass: 12313K(12864K)->12313K(12864K) Class: 1959K(2304K)->1959K(2304K)
[174.761s][info][gc             ] GC(1188) Pause Young (Allocation Failure) 144M->7M(494M) 27.597ms
[174.761s][info][gc,cpu         ] GC(1188) User=0.02s Sys=0.00s Real=0.01s
[174.872s][info][gc,start       ] GC(1189) Pause Young (Allocation Failure)
[174.900s][info][gc,heap        ] GC(1189) DefNew: 140070K(157248K)->291K(157248K) Eden: 139776K(139776K)->0K(139776K) From: 294K(17472K)->291K(17472K)
[174.900s][info][gc,heap        ] GC(1189) Tenured: 7535K(349568K)->7555K(349568K)
[174.900s][info][gc,metaspace   ] GC(1189) Metaspace: 14272K(15168K)->14272K(15168K) NonClass: 12313K(12864K)->12313K(12864K) Class: 1959K(2304K)->1959K(2304K)
[174.900s][info][gc             ] GC(1189) Pause Young (Allocation Failure) 144M->7M(494M) 27.544ms
[174.900s][info][gc,cpu         ] GC(1189) User=0.02s Sys=0.00s Real=0.02s
[175.009s][info][gc,start       ] GC(1190) Pause Young (Allocation Failure)
[175.036s][info][gc,heap        ] GC(1190) DefNew: 140067K(157248K)->288K(157248K) Eden: 139776K(139776K)->0K(139776K) From: 291K(17472K)->288K(17472K)
[175.036s][info][gc,heap        ] GC(1190) Tenured: 7555K(349568K)->7573K(349568K)
[175.036s][info][gc,metaspace   ] GC(1190) Metaspace: 14272K(15168K)->14272K(15168K) NonClass: 12313K(12864K)->12313K(12864K) Class: 1959K(2304K)->1959K(2304K)
[175.036s][info][gc             ] GC(1190) Pause Young (Allocation Failure) 144M->7M(494M) 27.539ms
[175.037s][info][gc,cpu         ] GC(1190) User=0.02s Sys=0.00s Real=0.02s
[175.148s][info][gc,start       ] GC(1191) Pause Young (Allocation Failure)
[175.177s][info][gc,heap        ] GC(1191) DefNew: 140064K(157248K)->285K(157248K) Eden: 139776K(139776K)->0K(139776K) From: 288K(17472K)->285K(17472K)
[175.177s][info][gc,heap        ] GC(1191) Tenured: 7573K(349568K)->7593K(349568K)
[175.177s][info][gc,metaspace   ] GC(1191) Metaspace: 14272K(15168K)->14272K(15168K) NonClass: 12313K(12864K)->12313K(12864K) Class: 1959K(2304K)->1959K(2304K)
[175.177s][info][gc             ] GC(1191) Pause Young (Allocation Failure) 144M->7M(494M) 29.337ms
[175.177s][info][gc,cpu         ] GC(1191) User=0.02s Sys=0.00s Real=0.02s
[175.289s][info][gc,start       ] GC(1192) Pause Young (Allocation Failure)
[175.318s][info][gc,heap        ] GC(1192) DefNew: 140061K(157248K)->285K(157248K) Eden: 139775K(139776K)->0K(139776K) From: 285K(17472K)->285K(17472K)
[175.318s][info][gc,heap        ] GC(1192) Tenured: 7593K(349568K)->7610K(349568K)
[175.318s][info][gc,metaspace   ] GC(1192) Metaspace: 14272K(15168K)->14272K(15168K) NonClass: 12313K(12864K)->12313K(12864K) Class: 1959K(2304K)->1959K(2304K)
[175.318s][info][gc             ] GC(1192) Pause Young (Allocation Failure) 144M->7M(494M) 28.157ms
[175.318s][info][gc,cpu         ] GC(1192) User=0.02s Sys=0.00s Real=0.03s
[175.431s][info][gc,start       ] GC(1193) Pause Young (Allocation Failure)
[175.461s][info][gc,heap        ] GC(1193) DefNew: 140061K(157248K)->288K(157248K) Eden: 139776K(139776K)->0K(139776K) From: 285K(17472K)->288K(17472K)
[175.461s][info][gc,heap        ] GC(1193) Tenured: 7610K(349568K)->7628K(349568K)
[175.461s][info][gc,metaspace   ] GC(1193) Metaspace: 14272K(15168K)->14272K(15168K) NonClass: 12313K(12864K)->12313K(12864K) Class: 1959K(2304K)->1959K(2304K)
[175.461s][info][gc             ] GC(1193) Pause Young (Allocation Failure) 144M->7M(494M) 30.191ms
[175.461s][info][gc,cpu         ] GC(1193) User=0.03s Sys=0.00s Real=0.03s
[175.574s][info][gc,start       ] GC(1194) Pause Young (Allocation Failure)
[175.603s][info][gc,heap        ] GC(1194) DefNew: 140064K(157248K)->288K(157248K) Eden: 139776K(139776K)->0K(139776K) From: 288K(17472K)->288K(17472K)
[175.603s][info][gc,heap        ] GC(1194) Tenured: 7628K(349568K)->7649K(349568K)
[175.603s][info][gc,metaspace   ] GC(1194) Metaspace: 14272K(15168K)->14272K(15168K) NonClass: 12313K(12864K)->12313K(12864K) Class: 1959K(2304K)->1959K(2304K)
[175.603s][info][gc             ] GC(1194) Pause Young (Allocation Failure) 144M->7M(494M) 29.250ms
[175.604s][info][gc,cpu         ] GC(1194) User=0.02s Sys=0.00s Real=0.02s
[175.716s][info][gc,start       ] GC(1195) Pause Young (Allocation Failure)
[175.744s][info][gc,heap        ] GC(1195) DefNew: 140064K(157248K)->288K(157248K) Eden: 139776K(139776K)->0K(139776K) From: 288K(17472K)->288K(17472K)
[175.745s][info][gc,heap        ] GC(1195) Tenured: 7649K(349568K)->7666K(349568K)
[175.745s][info][gc,metaspace   ] GC(1195) Metaspace: 14272K(15168K)->14272K(15168K) NonClass: 12313K(12864K)->12313K(12864K) Class: 1959K(2304K)->1959K(2304K)
[175.745s][info][gc             ] GC(1195) Pause Young (Allocation Failure) 144M->7M(494M) 28.763ms
[175.745s][info][gc,cpu         ] GC(1195) User=0.02s Sys=0.00s Real=0.02s
[175.858s][info][gc,start       ] GC(1196) Pause Young (Allocation Failure)
[175.888s][info][gc,heap        ] GC(1196) DefNew: 140064K(157248K)->289K(157248K) Eden: 139776K(139776K)->0K(139776K) From: 288K(17472K)->289K(17472K)
[175.888s][info][gc,heap        ] GC(1196) Tenured: 7666K(349568K)->7687K(349568K)
[175.888s][info][gc,metaspace   ] GC(1196) Metaspace: 14272K(15168K)->14272K(15168K) NonClass: 12313K(12864K)->12313K(12864K) Class: 1959K(2304K)->1959K(2304K)
[175.888s][info][gc             ] GC(1196) Pause Young (Allocation Failure) 144M->7M(494M) 30.008ms
[175.888s][info][gc,cpu         ] GC(1196) User=0.02s Sys=0.00s Real=0.02s
[176.002s][info][gc,start       ] GC(1197) Pause Young (Allocation Failure)
[176.034s][info][gc,heap        ] GC(1197) DefNew: 140065K(157248K)->289K(157248K) Eden: 139776K(139776K)->0K(139776K) From: 289K(17472K)->289K(17472K)
[176.034s][info][gc,heap        ] GC(1197) Tenured: 7687K(349568K)->7708K(349568K)
[176.034s][info][gc,metaspace   ] GC(1197) Metaspace: 14272K(15168K)->14272K(15168K) NonClass: 12313K(12864K)->12313K(12864K) Class: 1959K(2304K)->1959K(2304K)
[176.034s][info][gc             ] GC(1197) Pause Young (Allocation Failure) 144M->7M(494M) 31.555ms
[176.034s][info][gc,cpu         ] GC(1197) User=0.03s Sys=0.00s Real=0.03s
[176.147s][info][gc,start       ] GC(1198) Pause Young (Allocation Failure)
[176.177s][info][gc,heap        ] GC(1198) DefNew: 140065K(157248K)->285K(157248K) Eden: 139776K(139776K)->0K(139776K) From: 289K(17472K)->285K(17472K)
[176.177s][info][gc,heap        ] GC(1198) Tenured: 7708K(349568K)->7728K(349568K)
[176.177s][info][gc,metaspace   ] GC(1198) Metaspace: 14272K(15168K)->14272K(15168K) NonClass: 12313K(12864K)->12313K(12864K) Class: 1959K(2304K)->1959K(2304K)
[176.177s][info][gc             ] GC(1198) Pause Young (Allocation Failure) 144M->7M(494M) 30.390ms
[176.178s][info][gc,cpu         ] GC(1198) User=0.02s Sys=0.00s Real=0.03s
[176.292s][info][gc,start       ] GC(1199) Pause Young (Allocation Failure)
[176.322s][info][gc,heap        ] GC(1199) DefNew: 140061K(157248K)->283K(157248K) Eden: 139776K(139776K)->0K(139776K) From: 285K(17472K)->283K(17472K)
[176.322s][info][gc,heap        ] GC(1199) Tenured: 7728K(349568K)->7749K(349568K)
[176.322s][info][gc,metaspace   ] GC(1199) Metaspace: 14272K(15168K)->14272K(15168K) NonClass: 12313K(12864K)->12313K(12864K) Class: 1959K(2304K)->1959K(2304K)
[176.322s][info][gc             ] GC(1199) Pause Young (Allocation Failure) 144M->7M(494M) 30.761ms
[176.322s][info][gc,cpu         ] GC(1199) User=0.02s Sys=0.00s Real=0.02s
[176.434s][info][gc,start       ] GC(1200) Pause Young (Allocation Failure)
[176.465s][info][gc,heap        ] GC(1200) DefNew: 140059K(157248K)->283K(157248K) Eden: 139776K(139776K)->0K(139776K) From: 283K(17472K)->283K(17472K)
[176.465s][info][gc,heap        ] GC(1200) Tenured: 7749K(349568K)->7767K(349568K)
[176.465s][info][gc,metaspace   ] GC(1200) Metaspace: 14272K(15168K)->14272K(15168K) NonClass: 12313K(12864K)->12313K(12864K) Class: 1959K(2304K)->1959K(2304K)
[176.465s][info][gc             ] GC(1200) Pause Young (Allocation Failure) 144M->7M(494M) 30.990ms
[176.465s][info][gc,cpu         ] GC(1200) User=0.02s Sys=0.00s Real=0.02s
[176.579s][info][gc,start       ] GC(1201) Pause Young (Allocation Failure)
[176.611s][info][gc,heap        ] GC(1201) DefNew: 140059K(157248K)->284K(157248K) Eden: 139776K(139776K)->0K(139776K) From: 283K(17472K)->284K(17472K)
[176.611s][info][gc,heap        ] GC(1201) Tenured: 7767K(349568K)->7784K(349568K)
[176.611s][info][gc,metaspace   ] GC(1201) Metaspace: 14272K(15168K)->14272K(15168K) NonClass: 12313K(12864K)->12313K(12864K) Class: 1959K(2304K)->1959K(2304K)
[176.611s][info][gc             ] GC(1201) Pause Young (Allocation Failure) 144M->7M(494M) 32.707ms
[176.611s][info][gc,cpu         ] GC(1201) User=0.03s Sys=0.00s Real=0.03s
[176.725s][info][gc,start       ] GC(1202) Pause Young (Allocation Failure)
[176.749s][info][gc,heap        ] GC(1202) DefNew: 140060K(157248K)->284K(157248K) Eden: 139776K(139776K)->0K(139776K) From: 284K(17472K)->284K(17472K)
[176.749s][info][gc,heap        ] GC(1202) Tenured: 7784K(349568K)->7802K(349568K)
[176.749s][info][gc,metaspace   ] GC(1202) Metaspace: 14272K(15168K)->14272K(15168K) NonClass: 12313K(12864K)->12313K(12864K) Class: 1959K(2304K)->1959K(2304K)
[176.749s][info][gc             ] GC(1202) Pause Young (Allocation Failure) 144M->7M(494M) 23.867ms
[176.749s][info][gc,cpu         ] GC(1202) User=0.02s Sys=0.00s Real=0.02s
[176.861s][info][gc,start       ] GC(1203) Pause Young (Allocation Failure)
[176.892s][info][gc,heap        ] GC(1203) DefNew: 140060K(157248K)->286K(157248K) Eden: 139776K(139776K)->0K(139776K) From: 284K(17472K)->286K(17472K)
[176.893s][info][gc,heap        ] GC(1203) Tenured: 7802K(349568K)->7820K(349568K)
[176.893s][info][gc,metaspace   ] GC(1203) Metaspace: 14272K(15168K)->14272K(15168K) NonClass: 12313K(12864K)->12313K(12864K) Class: 1959K(2304K)->1959K(2304K)
[176.893s][info][gc             ] GC(1203) Pause Young (Allocation Failure) 144M->7M(494M) 31.754ms
[176.893s][info][gc,cpu         ] GC(1203) User=0.03s Sys=0.00s Real=0.03s
[177.007s][info][gc,start       ] GC(1204) Pause Young (Allocation Failure)
[177.040s][info][gc,heap        ] GC(1204) DefNew: 140062K(157248K)->286K(157248K) Eden: 139776K(139776K)->0K(139776K) From: 286K(17472K)->286K(17472K)
[177.040s][info][gc,heap        ] GC(1204) Tenured: 7820K(349568K)->7838K(349568K)
[177.040s][info][gc,metaspace   ] GC(1204) Metaspace: 14272K(15168K)->14272K(15168K) NonClass: 12313K(12864K)->12313K(12864K) Class: 1959K(2304K)->1959K(2304K)
[177.041s][info][gc             ] GC(1204) Pause Young (Allocation Failure) 144M->7M(494M) 33.617ms
[177.041s][info][gc,cpu         ] GC(1204) User=0.02s Sys=0.00s Real=0.02s
[177.154s][info][gc,start       ] GC(1205) Pause Young (Allocation Failure)
[177.179s][info][gc,heap        ] GC(1205) DefNew: 140062K(157248K)->290K(157248K) Eden: 139776K(139776K)->0K(139776K) From: 286K(17472K)->290K(17472K)
[177.179s][info][gc,heap        ] GC(1205) Tenured: 7838K(349568K)->7853K(349568K)
[177.179s][info][gc,metaspace   ] GC(1205) Metaspace: 14272K(15168K)->14272K(15168K) NonClass: 12313K(12864K)->12313K(12864K) Class: 1959K(2304K)->1959K(2304K)
[177.179s][info][gc             ] GC(1205) Pause Young (Allocation Failure) 144M->7M(494M) 24.452ms
[177.179s][info][gc,cpu         ] GC(1205) User=0.02s Sys=0.00s Real=0.02s
[177.290s][info][gc,start       ] GC(1206) Pause Young (Allocation Failure)
[177.323s][info][gc,heap        ] GC(1206) DefNew: 140066K(157248K)->289K(157248K) Eden: 139776K(139776K)->0K(139776K) From: 290K(17472K)->289K(17472K)
[177.323s][info][gc,heap        ] GC(1206) Tenured: 7853K(349568K)->7870K(349568K)
[177.323s][info][gc,metaspace   ] GC(1206) Metaspace: 14272K(15168K)->14272K(15168K) NonClass: 12313K(12864K)->12313K(12864K) Class: 1959K(2304K)->1959K(2304K)
[177.323s][info][gc             ] GC(1206) Pause Young (Allocation Failure) 144M->7M(494M) 32.652ms
[177.323s][info][gc,cpu         ] GC(1206) User=0.03s Sys=0.00s Real=0.03s
[177.533s][info][gc,start       ] GC(1207) Pause Young (Allocation Failure)
[177.567s][info][gc,heap        ] GC(1207) DefNew: 140065K(157248K)->290K(157248K) Eden: 139776K(139776K)->0K(139776K) From: 289K(17472K)->290K(17472K)
[177.567s][info][gc,heap        ] GC(1207) Tenured: 7870K(349568K)->7888K(349568K)
[177.567s][info][gc,metaspace   ] GC(1207) Metaspace: 14272K(15168K)->14272K(15168K) NonClass: 12313K(12864K)->12313K(12864K) Class: 1959K(2304K)->1959K(2304K)
[177.567s][info][gc             ] GC(1207) Pause Young (Allocation Failure) 144M->7M(494M) 33.950ms
[177.567s][info][gc,cpu         ] GC(1207) User=0.03s Sys=0.00s Real=0.03s
[177.687s][info][gc,start       ] GC(1208) Pause Young (Allocation Failure)
[177.710s][info][gc,heap        ] GC(1208) DefNew: 140066K(157248K)->289K(157248K) Eden: 139776K(139776K)->0K(139776K) From: 290K(17472K)->289K(17472K)
[177.710s][info][gc,heap        ] GC(1208) Tenured: 7888K(349568K)->7909K(349568K)
[177.710s][info][gc,metaspace   ] GC(1208) Metaspace: 14272K(15168K)->14272K(15168K) NonClass: 12313K(12864K)->12313K(12864K) Class: 1959K(2304K)->1959K(2304K)
[177.710s][info][gc             ] GC(1208) Pause Young (Allocation Failure) 144M->8M(494M) 23.180ms
[177.710s][info][gc,cpu         ] GC(1208) User=0.03s Sys=0.00s Real=0.02s
[177.826s][info][gc,start       ] GC(1209) Pause Young (Allocation Failure)
[177.854s][info][gc,heap        ] GC(1209) DefNew: 140065K(157248K)->290K(157248K) Eden: 139776K(139776K)->0K(139776K) From: 289K(17472K)->290K(17472K)
[177.854s][info][gc,heap        ] GC(1209) Tenured: 7909K(349568K)->7929K(349568K)
[177.854s][info][gc,metaspace   ] GC(1209) Metaspace: 14272K(15168K)->14272K(15168K) NonClass: 12313K(12864K)->12313K(12864K) Class: 1959K(2304K)->1959K(2304K)
[177.854s][info][gc             ] GC(1209) Pause Young (Allocation Failure) 144M->8M(494M) 28.648ms
[177.854s][info][gc,cpu         ] GC(1209) User=0.02s Sys=0.00s Real=0.01s
[177.971s][info][gc,start       ] GC(1210) Pause Young (Allocation Failure)
[177.997s][info][gc,heap        ] GC(1210) DefNew: 140066K(157248K)->290K(157248K) Eden: 139776K(139776K)->0K(139776K) From: 290K(17472K)->290K(17472K)
[177.997s][info][gc,heap        ] GC(1210) Tenured: 7929K(349568K)->7947K(349568K)
[177.997s][info][gc,metaspace   ] GC(1210) Metaspace: 14272K(15168K)->14272K(15168K) NonClass: 12313K(12864K)->12313K(12864K) Class: 1959K(2304K)->1959K(2304K)
[177.998s][info][gc             ] GC(1210) Pause Young (Allocation Failure) 144M->8M(494M) 26.963ms
[177.998s][info][gc,cpu         ] GC(1210) User=0.02s Sys=0.00s Real=0.02s
[178.117s][info][gc,start       ] GC(1211) Pause Young (Allocation Failure)
[178.142s][info][gc,heap        ] GC(1211) DefNew: 140066K(157248K)->290K(157248K) Eden: 139776K(139776K)->0K(139776K) From: 290K(17472K)->290K(17472K)
[178.142s][info][gc,heap        ] GC(1211) Tenured: 7947K(349568K)->7968K(349568K)
[178.142s][info][gc,metaspace   ] GC(1211) Metaspace: 14272K(15168K)->14272K(15168K) NonClass: 12313K(12864K)->12313K(12864K) Class: 1959K(2304K)->1959K(2304K)
[178.142s][info][gc             ] GC(1211) Pause Young (Allocation Failure) 144M->8M(494M) 25.800ms
[178.142s][info][gc,cpu         ] GC(1211) User=0.02s Sys=0.00s Real=0.02s
[178.268s][info][gc,start       ] GC(1212) Pause Young (Allocation Failure)
[178.294s][info][gc,heap        ] GC(1212) DefNew: 140066K(157248K)->289K(157248K) Eden: 139776K(139776K)->0K(139776K) From: 290K(17472K)->289K(17472K)
[178.294s][info][gc,heap        ] GC(1212) Tenured: 7968K(349568K)->7988K(349568K)
[178.294s][info][gc,metaspace   ] GC(1212) Metaspace: 14272K(15168K)->14272K(15168K) NonClass: 12313K(12864K)->12313K(12864K) Class: 1959K(2304K)->1959K(2304K)
[178.294s][info][gc             ] GC(1212) Pause Young (Allocation Failure) 144M->8M(494M) 25.456ms
[178.294s][info][gc,cpu         ] GC(1212) User=0.03s Sys=0.00s Real=0.03s
[178.407s][info][gc,start       ] GC(1213) Pause Young (Allocation Failure)
[178.435s][info][gc,heap        ] GC(1213) DefNew: 140065K(157248K)->288K(157248K) Eden: 139776K(139776K)->0K(139776K) From: 289K(17472K)->288K(17472K)
[178.435s][info][gc,heap        ] GC(1213) Tenured: 7988K(349568K)->8006K(349568K)
[178.435s][info][gc,metaspace   ] GC(1213) Metaspace: 14272K(15168K)->14272K(15168K) NonClass: 12313K(12864K)->12313K(12864K) Class: 1959K(2304K)->1959K(2304K)
[178.435s][info][gc             ] GC(1213) Pause Young (Allocation Failure) 144M->8M(494M) 27.306ms
[178.435s][info][gc,cpu         ] GC(1213) User=0.03s Sys=0.00s Real=0.03s
[178.546s][info][gc,start       ] GC(1214) Pause Young (Allocation Failure)
[178.567s][info][gc,heap        ] GC(1214) DefNew: 140064K(157248K)->289K(157248K) Eden: 139776K(139776K)->0K(139776K) From: 288K(17472K)->289K(17472K)
[178.567s][info][gc,heap        ] GC(1214) Tenured: 8006K(349568K)->8024K(349568K)
[178.567s][info][gc,metaspace   ] GC(1214) Metaspace: 14272K(15168K)->14272K(15168K) NonClass: 12313K(12864K)->12313K(12864K) Class: 1959K(2304K)->1959K(2304K)
[178.567s][info][gc             ] GC(1214) Pause Young (Allocation Failure) 144M->8M(494M) 20.608ms
[178.567s][info][gc,cpu         ] GC(1214) User=0.02s Sys=0.00s Real=0.02s
[178.677s][info][gc,start       ] GC(1215) Pause Young (Allocation Failure)
[178.704s][info][gc,heap        ] GC(1215) DefNew: 140065K(157248K)->289K(157248K) Eden: 139776K(139776K)->0K(139776K) From: 289K(17472K)->289K(17472K)
[178.704s][info][gc,heap        ] GC(1215) Tenured: 8024K(349568K)->8042K(349568K)
[178.704s][info][gc,metaspace   ] GC(1215) Metaspace: 14272K(15168K)->14272K(15168K) NonClass: 12313K(12864K)->12313K(12864K) Class: 1959K(2304K)->1959K(2304K)
[178.704s][info][gc             ] GC(1215) Pause Young (Allocation Failure) 144M->8M(494M) 26.786ms
[178.704s][info][gc,cpu         ] GC(1215) User=0.02s Sys=0.00s Real=0.02s
[178.814s][info][gc,start       ] GC(1216) Pause Young (Allocation Failure)
[178.842s][info][gc,heap        ] GC(1216) DefNew: 140065K(157248K)->288K(157248K) Eden: 139776K(139776K)->0K(139776K) From: 289K(17472K)->288K(17472K)
[178.842s][info][gc,heap        ] GC(1216) Tenured: 8042K(349568K)->8059K(349568K)
[178.842s][info][gc,metaspace   ] GC(1216) Metaspace: 14272K(15168K)->14272K(15168K) NonClass: 12313K(12864K)->12313K(12864K) Class: 1959K(2304K)->1959K(2304K)
[178.842s][info][gc             ] GC(1216) Pause Young (Allocation Failure) 144M->8M(494M) 28.202ms
[178.842s][info][gc,cpu         ] GC(1216) User=0.02s Sys=0.00s Real=0.02s
[178.954s][info][gc,start       ] GC(1217) Pause Young (Allocation Failure)
[178.982s][info][gc,heap        ] GC(1217) DefNew: 140064K(157248K)->292K(157248K) Eden: 139776K(139776K)->0K(139776K) From: 288K(17472K)->292K(17472K)
[178.982s][info][gc,heap        ] GC(1217) Tenured: 8059K(349568K)->8078K(349568K)
[178.982s][info][gc,metaspace   ] GC(1217) Metaspace: 14272K(15168K)->14272K(15168K) NonClass: 12313K(12864K)->12313K(12864K) Class: 1959K(2304K)->1959K(2304K)
[178.982s][info][gc             ] GC(1217) Pause Young (Allocation Failure) 144M->8M(494M) 27.690ms
[178.982s][info][gc,cpu         ] GC(1217) User=0.02s Sys=0.00s Real=0.02s
[179.095s][info][gc,start       ] GC(1218) Pause Young (Allocation Failure)
[179.122s][info][gc,heap        ] GC(1218) DefNew: 140068K(157248K)->292K(157248K) Eden: 139776K(139776K)->0K(139776K) From: 292K(17472K)->292K(17472K)
[179.122s][info][gc,heap        ] GC(1218) Tenured: 8078K(349568K)->8098K(349568K)
[179.122s][info][gc,metaspace   ] GC(1218) Metaspace: 14272K(15168K)->14272K(15168K) NonClass: 12313K(12864K)->12313K(12864K) Class: 1959K(2304K)->1959K(2304K)
[179.122s][info][gc             ] GC(1218) Pause Young (Allocation Failure) 144M->8M(494M) 27.590ms
[179.122s][info][gc,cpu         ] GC(1218) User=0.02s Sys=0.00s Real=0.02s
[179.234s][info][gc,start       ] GC(1219) Pause Young (Allocation Failure)
[179.263s][info][gc,heap        ] GC(1219) DefNew: 140068K(157248K)->293K(157248K) Eden: 139776K(139776K)->0K(139776K) From: 292K(17472K)->293K(17472K)
[179.263s][info][gc,heap        ] GC(1219) Tenured: 8098K(349568K)->8116K(349568K)
[179.263s][info][gc,metaspace   ] GC(1219) Metaspace: 14272K(15168K)->14272K(15168K) NonClass: 12313K(12864K)->12313K(12864K) Class: 1959K(2304K)->1959K(2304K)
[179.263s][info][gc             ] GC(1219) Pause Young (Allocation Failure) 144M->8M(494M) 29.310ms
[179.263s][info][gc,cpu         ] GC(1219) User=0.02s Sys=0.00s Real=0.02s
[179.377s][info][gc,start       ] GC(1220) Pause Young (Allocation Failure)
[179.398s][info][gc,heap        ] GC(1220) DefNew: 140069K(157248K)->293K(157248K) Eden: 139776K(139776K)->0K(139776K) From: 293K(17472K)->293K(17472K)
[179.398s][info][gc,heap        ] GC(1220) Tenured: 8116K(349568K)->8134K(349568K)
[179.398s][info][gc,metaspace   ] GC(1220) Metaspace: 14272K(15168K)->14272K(15168K) NonClass: 12313K(12864K)->12313K(12864K) Class: 1959K(2304K)->1959K(2304K)
[179.399s][info][gc             ] GC(1220) Pause Young (Allocation Failure) 144M->8M(494M) 21.476ms
[179.399s][info][gc,cpu         ] GC(1220) User=0.03s Sys=0.00s Real=0.02s
[179.509s][info][gc,start       ] GC(1221) Pause Young (Allocation Failure)
[179.538s][info][gc,heap        ] GC(1221) DefNew: 140069K(157248K)->293K(157248K) Eden: 139776K(139776K)->0K(139776K) From: 293K(17472K)->293K(17472K)
[179.538s][info][gc,heap        ] GC(1221) Tenured: 8134K(349568K)->8151K(349568K)
[179.538s][info][gc,metaspace   ] GC(1221) Metaspace: 14272K(15168K)->14272K(15168K) NonClass: 12313K(12864K)->12313K(12864K) Class: 1959K(2304K)->1959K(2304K)
[179.538s][info][gc             ] GC(1221) Pause Young (Allocation Failure) 144M->8M(494M) 29.022ms
[179.538s][info][gc,cpu         ] GC(1221) User=0.02s Sys=0.00s Real=0.02s
[179.651s][info][gc,start       ] GC(1222) Pause Young (Allocation Failure)
[179.683s][info][gc,heap        ] GC(1222) DefNew: 140069K(157248K)->292K(157248K) Eden: 139776K(139776K)->0K(139776K) From: 293K(17472K)->292K(17472K)
[179.683s][info][gc,heap        ] GC(1222) Tenured: 8151K(349568K)->8169K(349568K)
[179.683s][info][gc,metaspace   ] GC(1222) Metaspace: 14272K(15168K)->14272K(15168K) NonClass: 12313K(12864K)->12313K(12864K) Class: 1959K(2304K)->1959K(2304K)
[179.683s][info][gc             ] GC(1222) Pause Young (Allocation Failure) 144M->8M(494M) 32.488ms
[179.683s][info][gc,cpu         ] GC(1222) User=0.03s Sys=0.00s Real=0.03s
[179.795s][info][gc,start       ] GC(1223) Pause Young (Allocation Failure)
[179.824s][info][gc,heap        ] GC(1223) DefNew: 140068K(157248K)->290K(157248K) Eden: 139776K(139776K)->0K(139776K) From: 292K(17472K)->290K(17472K)
[179.824s][info][gc,heap        ] GC(1223) Tenured: 8169K(349568K)->8190K(349568K)
[179.824s][info][gc,metaspace   ] GC(1223) Metaspace: 14272K(15168K)->14272K(15168K) NonClass: 12313K(12864K)->12313K(12864K) Class: 1959K(2304K)->1959K(2304K)
[179.824s][info][gc             ] GC(1223) Pause Young (Allocation Failure) 144M->8M(494M) 29.425ms
[179.824s][info][gc,cpu         ] GC(1223) User=0.03s Sys=0.00s Real=0.03s
[179.934s][info][gc,start       ] GC(1224) Pause Young (Allocation Failure)
[179.965s][info][gc,heap        ] GC(1224) DefNew: 140066K(157248K)->287K(157248K) Eden: 139776K(139776K)->0K(139776K) From: 290K(17472K)->287K(17472K)
[179.966s][info][gc,heap        ] GC(1224) Tenured: 8190K(349568K)->8210K(349568K)
[179.966s][info][gc,metaspace   ] GC(1224) Metaspace: 14272K(15168K)->14272K(15168K) NonClass: 12313K(12864K)->12313K(12864K) Class: 1959K(2304K)->1959K(2304K)
[179.966s][info][gc             ] GC(1224) Pause Young (Allocation Failure) 144M->8M(494M) 31.335ms
[179.966s][info][gc,cpu         ] GC(1224) User=0.03s Sys=0.00s Real=0.03s
[180.078s][info][gc,start       ] GC(1225) Pause Young (Allocation Failure)
[180.108s][info][gc,heap        ] GC(1225) DefNew: 140063K(157248K)->289K(157248K) Eden: 139776K(139776K)->0K(139776K) From: 287K(17472K)->289K(17472K)
[180.108s][info][gc,heap        ] GC(1225) Tenured: 8210K(349568K)->8228K(349568K)
[180.108s][info][gc,metaspace   ] GC(1225) Metaspace: 14272K(15168K)->14272K(15168K) NonClass: 12313K(12864K)->12313K(12864K) Class: 1959K(2304K)->1959K(2304K)
[180.108s][info][gc             ] GC(1225) Pause Young (Allocation Failure) 144M->8M(494M) 30.519ms
[180.108s][info][gc,cpu         ] GC(1225) User=0.02s Sys=0.00s Real=0.02s
[180.220s][info][gc,start       ] GC(1226) Pause Young (Allocation Failure)
[180.252s][info][gc,heap        ] GC(1226) DefNew: 140065K(157248K)->287K(157248K) Eden: 139776K(139776K)->0K(139776K) From: 289K(17472K)->287K(17472K)
[180.252s][info][gc,heap        ] GC(1226) Tenured: 8228K(349568K)->8249K(349568K)
[180.252s][info][gc,metaspace   ] GC(1226) Metaspace: 14272K(15168K)->14272K(15168K) NonClass: 12313K(12864K)->12313K(12864K) Class: 1959K(2304K)->1959K(2304K)
[180.252s][info][gc             ] GC(1226) Pause Young (Allocation Failure) 144M->8M(494M) 31.931ms
[180.252s][info][gc,cpu         ] GC(1226) User=0.02s Sys=0.00s Real=0.02s
[180.365s][info][gc,start       ] GC(1227) Pause Young (Allocation Failure)
[180.388s][info][gc,heap        ] GC(1227) DefNew: 140063K(157248K)->283K(157248K) Eden: 139776K(139776K)->0K(139776K) From: 287K(17472K)->283K(17472K)
[180.388s][info][gc,heap        ] GC(1227) Tenured: 8249K(349568K)->8270K(349568K)
[180.388s][info][gc,metaspace   ] GC(1227) Metaspace: 14272K(15168K)->14272K(15168K) NonClass: 12313K(12864K)->12313K(12864K) Class: 1959K(2304K)->1959K(2304K)
[180.388s][info][gc             ] GC(1227) Pause Young (Allocation Failure) 144M->8M(494M) 23.000ms
[180.388s][info][gc,cpu         ] GC(1227) User=0.03s Sys=0.00s Real=0.02s
[180.499s][info][gc,start       ] GC(1228) Pause Young (Allocation Failure)
[180.523s][info][gc,heap        ] GC(1228) DefNew: 140059K(157248K)->283K(157248K) Eden: 139775K(139776K)->0K(139776K) From: 283K(17472K)->283K(17472K)
[180.523s][info][gc,heap        ] GC(1228) Tenured: 8270K(349568K)->8287K(349568K)
[180.523s][info][gc,metaspace   ] GC(1228) Metaspace: 14272K(15168K)->14272K(15168K) NonClass: 12313K(12864K)->12313K(12864K) Class: 1959K(2304K)->1959K(2304K)
[180.523s][info][gc             ] GC(1228) Pause Young (Allocation Failure) 144M->8M(494M) 23.756ms
[180.523s][info][gc,cpu         ] GC(1228) User=0.02s Sys=0.00s Real=0.02s
[180.634s][info][gc,start       ] GC(1229) Pause Young (Allocation Failure)
[180.657s][info][gc,heap        ] GC(1229) DefNew: 140059K(157248K)->283K(157248K) Eden: 139776K(139776K)->0K(139776K) From: 283K(17472K)->283K(17472K)
[180.657s][info][gc,heap        ] GC(1229) Tenured: 8287K(349568K)->8305K(349568K)
[180.657s][info][gc,metaspace   ] GC(1229) Metaspace: 14272K(15168K)->14272K(15168K) NonClass: 12313K(12864K)->12313K(12864K) Class: 1959K(2304K)->1959K(2304K)
[180.657s][info][gc             ] GC(1229) Pause Young (Allocation Failure) 144M->8M(494M) 23.215ms
[180.657s][info][gc,cpu         ] GC(1229) User=0.02s Sys=0.00s Real=0.02s
[180.768s][info][gc,start       ] GC(1230) Pause Young (Allocation Failure)
[180.791s][info][gc,heap        ] GC(1230) DefNew: 140059K(157248K)->284K(157248K) Eden: 139776K(139776K)->0K(139776K) From: 283K(17472K)->284K(17472K)
[180.791s][info][gc,heap        ] GC(1230) Tenured: 8305K(349568K)->8322K(349568K)
[180.791s][info][gc,metaspace   ] GC(1230) Metaspace: 14272K(15168K)->14272K(15168K) NonClass: 12313K(12864K)->12313K(12864K) Class: 1959K(2304K)->1959K(2304K)
[180.792s][info][gc             ] GC(1230) Pause Young (Allocation Failure) 144M->8M(494M) 23.436ms
[180.792s][info][gc,cpu         ] GC(1230) User=0.02s Sys=0.00s Real=0.02s
[180.903s][info][gc,start       ] GC(1231) Pause Young (Allocation Failure)
[180.927s][info][gc,heap        ] GC(1231) DefNew: 140060K(157248K)->291K(157248K) Eden: 139776K(139776K)->0K(139776K) From: 284K(17472K)->291K(17472K)
[180.927s][info][gc,heap        ] GC(1231) Tenured: 8322K(349568K)->8337K(349568K)
[180.927s][info][gc,metaspace   ] GC(1231) Metaspace: 14272K(15168K)->14272K(15168K) NonClass: 12313K(12864K)->12313K(12864K) Class: 1959K(2304K)->1959K(2304K)
[180.927s][info][gc             ] GC(1231) Pause Young (Allocation Failure) 144M->8M(494M) 24.174ms
[180.927s][info][gc,cpu         ] GC(1231) User=0.02s Sys=0.00s Real=0.02s
[181.038s][info][gc,start       ] GC(1232) Pause Young (Allocation Failure)
[181.062s][info][gc,heap        ] GC(1232) DefNew: 140067K(157248K)->282K(157248K) Eden: 139776K(139776K)->0K(139776K) From: 291K(17472K)->282K(17472K)
[181.062s][info][gc,heap        ] GC(1232) Tenured: 8337K(349568K)->8362K(349568K)
[181.062s][info][gc,metaspace   ] GC(1232) Metaspace: 14272K(15168K)->14272K(15168K) NonClass: 12313K(12864K)->12313K(12864K) Class: 1959K(2304K)->1959K(2304K)
[181.062s][info][gc             ] GC(1232) Pause Young (Allocation Failure) 144M->8M(494M) 24.315ms
[181.063s][info][gc,cpu         ] GC(1232) User=0.02s Sys=0.00s Real=0.02s
[181.175s][info][gc,start       ] GC(1233) Pause Young (Allocation Failure)
[181.199s][info][gc,heap        ] GC(1233) DefNew: 140058K(157248K)->282K(157248K) Eden: 139776K(139776K)->0K(139776K) From: 282K(17472K)->282K(17472K)
[181.199s][info][gc,heap        ] GC(1233) Tenured: 8362K(349568K)->8383K(349568K)
[181.199s][info][gc,metaspace   ] GC(1233) Metaspace: 14272K(15168K)->14272K(15168K) NonClass: 12313K(12864K)->12313K(12864K) Class: 1959K(2304K)->1959K(2304K)
[181.199s][info][gc             ] GC(1233) Pause Young (Allocation Failure) 144M->8M(494M) 24.356ms
[181.199s][info][gc,cpu         ] GC(1233) User=0.03s Sys=0.00s Real=0.02s
[181.311s][info][gc,start       ] GC(1234) Pause Young (Allocation Failure)
[181.335s][info][gc,heap        ] GC(1234) DefNew: 140058K(157248K)->282K(157248K) Eden: 139776K(139776K)->0K(139776K) From: 282K(17472K)->282K(17472K)
[181.335s][info][gc,heap        ] GC(1234) Tenured: 8383K(349568K)->8401K(349568K)
[181.335s][info][gc,metaspace   ] GC(1234) Metaspace: 14272K(15168K)->14272K(15168K) NonClass: 12313K(12864K)->12313K(12864K) Class: 1959K(2304K)->1959K(2304K)
[181.335s][info][gc             ] GC(1234) Pause Young (Allocation Failure) 144M->8M(494M) 24.366ms
[181.335s][info][gc,cpu         ] GC(1234) User=0.02s Sys=0.00s Real=0.02s
[181.555s][info][gc,start       ] GC(1235) Pause Young (Allocation Failure)
[181.587s][info][gc,heap        ] GC(1235) DefNew: 140058K(157248K)->281K(157248K) Eden: 139776K(139776K)->0K(139776K) From: 282K(17472K)->281K(17472K)
[181.587s][info][gc,heap        ] GC(1235) Tenured: 8401K(349568K)->8418K(349568K)
[181.587s][info][gc,metaspace   ] GC(1235) Metaspace: 14272K(15168K)->14272K(15168K) NonClass: 12313K(12864K)->12313K(12864K) Class: 1959K(2304K)->1959K(2304K)
[181.587s][info][gc             ] GC(1235) Pause Young (Allocation Failure) 144M->8M(494M) 32.281ms
[181.587s][info][gc,cpu         ] GC(1235) User=0.03s Sys=0.00s Real=0.03s
[181.707s][info][gc,start       ] GC(1236) Pause Young (Allocation Failure)
[181.731s][info][gc,heap        ] GC(1236) DefNew: 140057K(157248K)->285K(157248K) Eden: 139776K(139776K)->0K(139776K) From: 281K(17472K)->285K(17472K)
[181.731s][info][gc,heap        ] GC(1236) Tenured: 8418K(349568K)->8436K(349568K)
[181.731s][info][gc,metaspace   ] GC(1236) Metaspace: 14272K(15168K)->14272K(15168K) NonClass: 12313K(12864K)->12313K(12864K) Class: 1959K(2304K)->1959K(2304K)
[181.731s][info][gc             ] GC(1236) Pause Young (Allocation Failure) 144M->8M(494M) 23.483ms
[181.731s][info][gc,cpu         ] GC(1236) User=0.02s Sys=0.00s Real=0.01s
[181.844s][info][gc,start       ] GC(1237) Pause Young (Allocation Failure)
[181.866s][info][gc,heap        ] GC(1237) DefNew: 140061K(157248K)->285K(157248K) Eden: 139776K(139776K)->0K(139776K) From: 285K(17472K)->285K(17472K)
[181.866s][info][gc,heap        ] GC(1237) Tenured: 8436K(349568K)->8454K(349568K)
[181.866s][info][gc,metaspace   ] GC(1237) Metaspace: 14272K(15168K)->14272K(15168K) NonClass: 12313K(12864K)->12313K(12864K) Class: 1959K(2304K)->1959K(2304K)
[181.866s][info][gc             ] GC(1237) Pause Young (Allocation Failure) 145M->8M(494M) 21.947ms
[181.866s][info][gc,cpu         ] GC(1237) User=0.02s Sys=0.00s Real=0.02s
[181.992s][info][gc,start       ] GC(1238) Pause Young (Allocation Failure)
[182.013s][info][gc,heap        ] GC(1238) DefNew: 140061K(157248K)->288K(157248K) Eden: 139776K(139776K)->0K(139776K) From: 285K(17472K)->288K(17472K)
[182.013s][info][gc,heap        ] GC(1238) Tenured: 8454K(349568K)->8472K(349568K)
[182.013s][info][gc,metaspace   ] GC(1238) Metaspace: 14272K(15168K)->14272K(15168K) NonClass: 12313K(12864K)->12313K(12864K) Class: 1959K(2304K)->1959K(2304K)
[182.013s][info][gc             ] GC(1238) Pause Young (Allocation Failure) 145M->8M(494M) 21.164ms
[182.013s][info][gc,cpu         ] GC(1238) User=0.00s Sys=0.00s Real=0.01s
[182.140s][info][gc,start       ] GC(1239) Pause Young (Allocation Failure)
[182.161s][info][gc,heap        ] GC(1239) DefNew: 140064K(157248K)->291K(157248K) Eden: 139775K(139776K)->0K(139776K) From: 288K(17472K)->291K(17472K)
[182.161s][info][gc,heap        ] GC(1239) Tenured: 8472K(349568K)->8490K(349568K)
[182.161s][info][gc,metaspace   ] GC(1239) Metaspace: 14272K(15168K)->14272K(15168K) NonClass: 12313K(12864K)->12313K(12864K) Class: 1959K(2304K)->1959K(2304K)
[182.161s][info][gc             ] GC(1239) Pause Young (Allocation Failure) 145M->8M(494M) 20.278ms
[182.161s][info][gc,cpu         ] GC(1239) User=0.02s Sys=0.00s Real=0.02s
[182.273s][info][gc,start       ] GC(1240) Pause Young (Allocation Failure)
[182.293s][info][gc,heap        ] GC(1240) DefNew: 140067K(157248K)->292K(157248K) Eden: 139776K(139776K)->0K(139776K) From: 291K(17472K)->292K(17472K)
[182.293s][info][gc,heap        ] GC(1240) Tenured: 8490K(349568K)->8510K(349568K)
[182.293s][info][gc,metaspace   ] GC(1240) Metaspace: 14272K(15168K)->14272K(15168K) NonClass: 12313K(12864K)->12313K(12864K) Class: 1959K(2304K)->1959K(2304K)
[182.294s][info][gc             ] GC(1240) Pause Young (Allocation Failure) 145M->8M(494M) 20.886ms
[182.294s][info][gc,cpu         ] GC(1240) User=0.02s Sys=0.00s Real=0.01s
[182.404s][info][gc,start       ] GC(1241) Pause Young (Allocation Failure)
[182.431s][info][gc,heap        ] GC(1241) DefNew: 140068K(157248K)->295K(157248K) Eden: 139776K(139776K)->0K(139776K) From: 292K(17472K)->295K(17472K)
[182.431s][info][gc,heap        ] GC(1241) Tenured: 8510K(349568K)->8527K(349568K)
[182.431s][info][gc,metaspace   ] GC(1241) Metaspace: 14272K(15168K)->14272K(15168K) NonClass: 12313K(12864K)->12313K(12864K) Class: 1959K(2304K)->1959K(2304K)
[182.431s][info][gc             ] GC(1241) Pause Young (Allocation Failure) 145M->8M(494M) 27.284ms
[182.432s][info][gc,cpu         ] GC(1241) User=0.03s Sys=0.00s Real=0.03s
[182.542s][info][gc,start       ] GC(1242) Pause Young (Allocation Failure)
[182.570s][info][gc,heap        ] GC(1242) DefNew: 140071K(157248K)->297K(157248K) Eden: 139776K(139776K)->0K(139776K) From: 295K(17472K)->297K(17472K)
[182.570s][info][gc,heap        ] GC(1242) Tenured: 8527K(349568K)->8545K(349568K)
[182.570s][info][gc,metaspace   ] GC(1242) Metaspace: 14272K(15168K)->14272K(15168K) NonClass: 12313K(12864K)->12313K(12864K) Class: 1959K(2304K)->1959K(2304K)
[182.570s][info][gc             ] GC(1242) Pause Young (Allocation Failure) 145M->8M(494M) 28.232ms
[182.570s][info][gc,cpu         ] GC(1242) User=0.02s Sys=0.00s Real=0.02s
[182.683s][info][gc,start       ] GC(1243) Pause Young (Allocation Failure)
[182.705s][info][gc,heap        ] GC(1243) DefNew: 140073K(157248K)->298K(157248K) Eden: 139776K(139776K)->0K(139776K) From: 297K(17472K)->298K(17472K)
[182.705s][info][gc,heap        ] GC(1243) Tenured: 8545K(349568K)->8563K(349568K)
[182.705s][info][gc,metaspace   ] GC(1243) Metaspace: 14272K(15168K)->14272K(15168K) NonClass: 12313K(12864K)->12313K(12864K) Class: 1959K(2304K)->1959K(2304K)
[182.705s][info][gc             ] GC(1243) Pause Young (Allocation Failure) 145M->8M(494M) 21.722ms
[182.705s][info][gc,cpu         ] GC(1243) User=0.02s Sys=0.00s Real=0.02s
[182.815s][info][gc,start       ] GC(1244) Pause Young (Allocation Failure)
[182.836s][info][gc,heap        ] GC(1244) DefNew: 140074K(157248K)->297K(157248K) Eden: 139776K(139776K)->0K(139776K) From: 298K(17472K)->297K(17472K)
[182.836s][info][gc,heap        ] GC(1244) Tenured: 8563K(349568K)->8581K(349568K)
[182.836s][info][gc,metaspace   ] GC(1244) Metaspace: 14272K(15168K)->14272K(15168K) NonClass: 12313K(12864K)->12313K(12864K) Class: 1959K(2304K)->1959K(2304K)
[182.837s][info][gc             ] GC(1244) Pause Young (Allocation Failure) 145M->8M(494M) 21.453ms
[182.837s][info][gc,cpu         ] GC(1244) User=0.02s Sys=0.00s Real=0.02s
[182.946s][info][gc,start       ] GC(1245) Pause Young (Allocation Failure)
[182.974s][info][gc,heap        ] GC(1245) DefNew: 140073K(157248K)->297K(157248K) Eden: 139776K(139776K)->0K(139776K) From: 297K(17472K)->297K(17472K)
[182.974s][info][gc,heap        ] GC(1245) Tenured: 8581K(349568K)->8598K(349568K)
[182.974s][info][gc,metaspace   ] GC(1245) Metaspace: 14272K(15168K)->14272K(15168K) NonClass: 12313K(12864K)->12313K(12864K) Class: 1959K(2304K)->1959K(2304K)
[182.974s][info][gc             ] GC(1245) Pause Young (Allocation Failure) 145M->8M(494M) 27.841ms
[182.974s][info][gc,cpu         ] GC(1245) User=0.02s Sys=0.00s Real=0.03s
[183.086s][info][gc,start       ] GC(1246) Pause Young (Allocation Failure)
[183.113s][info][gc,heap        ] GC(1246) DefNew: 140073K(157248K)->294K(157248K) Eden: 139776K(139776K)->0K(139776K) From: 297K(17472K)->294K(17472K)
[183.113s][info][gc,heap        ] GC(1246) Tenured: 8598K(349568K)->8619K(349568K)
[183.113s][info][gc,metaspace   ] GC(1246) Metaspace: 14272K(15168K)->14272K(15168K) NonClass: 12313K(12864K)->12313K(12864K) Class: 1959K(2304K)->1959K(2304K)
[183.113s][info][gc             ] GC(1246) Pause Young (Allocation Failure) 145M->8M(494M) 27.677ms
[183.113s][info][gc,cpu         ] GC(1246) User=0.02s Sys=0.00s Real=0.02s
[183.224s][info][gc,start       ] GC(1247) Pause Young (Allocation Failure)
[183.254s][info][gc,heap        ] GC(1247) DefNew: 140070K(157248K)->295K(157248K) Eden: 139776K(139776K)->0K(139776K) From: 294K(17472K)->295K(17472K)
[183.254s][info][gc,heap        ] GC(1247) Tenured: 8619K(349568K)->8637K(349568K)
[183.254s][info][gc,metaspace   ] GC(1247) Metaspace: 14272K(15168K)->14272K(15168K) NonClass: 12313K(12864K)->12313K(12864K) Class: 1959K(2304K)->1959K(2304K)
[183.254s][info][gc             ] GC(1247) Pause Young (Allocation Failure) 145M->8M(494M) 29.811ms
[183.254s][info][gc,cpu         ] GC(1247) User=0.03s Sys=0.00s Real=0.02s
[183.366s][info][gc,start       ] GC(1248) Pause Young (Allocation Failure)
[183.387s][info][gc,heap        ] GC(1248) DefNew: 140071K(157248K)->292K(157248K) Eden: 139776K(139776K)->0K(139776K) From: 295K(17472K)->292K(17472K)
[183.387s][info][gc,heap        ] GC(1248) Tenured: 8637K(349568K)->8657K(349568K)
[183.387s][info][gc,metaspace   ] GC(1248) Metaspace: 14272K(15168K)->14272K(15168K) NonClass: 12313K(12864K)->12313K(12864K) Class: 1959K(2304K)->1959K(2304K)
[183.387s][info][gc             ] GC(1248) Pause Young (Allocation Failure) 145M->8M(494M) 21.601ms
[183.387s][info][gc,cpu         ] GC(1248) User=0.03s Sys=0.00s Real=0.02s
[183.494s][info][gc,start       ] GC(1249) Pause Young (Allocation Failure)
[183.523s][info][gc,heap        ] GC(1249) DefNew: 140068K(157248K)->289K(157248K) Eden: 139776K(139776K)->0K(139776K) From: 292K(17472K)->289K(17472K)
[183.523s][info][gc,heap        ] GC(1249) Tenured: 8657K(349568K)->8675K(349568K)
[183.523s][info][gc,metaspace   ] GC(1249) Metaspace: 14272K(15168K)->14272K(15168K) NonClass: 12313K(12864K)->12313K(12864K) Class: 1959K(2304K)->1959K(2304K)
[183.523s][info][gc             ] GC(1249) Pause Young (Allocation Failure) 145M->8M(494M) 28.764ms
[183.523s][info][gc,cpu         ] GC(1249) User=0.02s Sys=0.00s Real=0.02s
[183.638s][info][gc,start       ] GC(1250) Pause Young (Allocation Failure)
[183.666s][info][gc,heap        ] GC(1250) DefNew: 140065K(157248K)->292K(157248K) Eden: 139776K(139776K)->0K(139776K) From: 289K(17472K)->292K(17472K)
[183.666s][info][gc,heap        ] GC(1250) Tenured: 8675K(349568K)->8693K(349568K)
[183.666s][info][gc,metaspace   ] GC(1250) Metaspace: 14272K(15168K)->14272K(15168K) NonClass: 12313K(12864K)->12313K(12864K) Class: 1959K(2304K)->1959K(2304K)
[183.666s][info][gc             ] GC(1250) Pause Young (Allocation Failure) 145M->8M(494M) 28.382ms
[183.666s][info][gc,cpu         ] GC(1250) User=0.02s Sys=0.00s Real=0.02s
[183.777s][info][gc,start       ] GC(1251) Pause Young (Allocation Failure)
[183.808s][info][gc,heap        ] GC(1251) DefNew: 140068K(157248K)->289K(157248K) Eden: 139776K(139776K)->0K(139776K) From: 292K(17472K)->289K(17472K)
[183.808s][info][gc,heap        ] GC(1251) Tenured: 8693K(349568K)->8714K(349568K)
[183.808s][info][gc,metaspace   ] GC(1251) Metaspace: 14272K(15168K)->14272K(15168K) NonClass: 12313K(12864K)->12313K(12864K) Class: 1959K(2304K)->1959K(2304K)
[183.808s][info][gc             ] GC(1251) Pause Young (Allocation Failure) 145M->8M(494M) 31.138ms
[183.808s][info][gc,cpu         ] GC(1251) User=0.03s Sys=0.00s Real=0.03s
[183.923s][info][gc,start       ] GC(1252) Pause Young (Allocation Failure)
[183.953s][info][gc,heap        ] GC(1252) DefNew: 140065K(157248K)->289K(157248K) Eden: 139776K(139776K)->0K(139776K) From: 289K(17472K)->289K(17472K)
[183.953s][info][gc,heap        ] GC(1252) Tenured: 8714K(349568K)->8731K(349568K)
[183.953s][info][gc,metaspace   ] GC(1252) Metaspace: 14272K(15168K)->14272K(15168K) NonClass: 12313K(12864K)->12313K(12864K) Class: 1959K(2304K)->1959K(2304K)
[183.953s][info][gc             ] GC(1252) Pause Young (Allocation Failure) 145M->8M(494M) 30.523ms
[183.953s][info][gc,cpu         ] GC(1252) User=0.03s Sys=0.00s Real=0.03s
[184.064s][info][gc,start       ] GC(1253) Pause Young (Allocation Failure)
[184.094s][info][gc,heap        ] GC(1253) DefNew: 140065K(157248K)->286K(157248K) Eden: 139776K(139776K)->0K(139776K) From: 289K(17472K)->286K(17472K)
[184.094s][info][gc,heap        ] GC(1253) Tenured: 8731K(349568K)->8752K(349568K)
[184.094s][info][gc,metaspace   ] GC(1253) Metaspace: 14272K(15168K)->14272K(15168K) NonClass: 12313K(12864K)->12313K(12864K) Class: 1959K(2304K)->1959K(2304K)
[184.094s][info][gc             ] GC(1253) Pause Young (Allocation Failure) 145M->8M(494M) 30.270ms
[184.094s][info][gc,cpu         ] GC(1253) User=0.02s Sys=0.00s Real=0.02s
[184.205s][info][gc,start       ] GC(1254) Pause Young (Allocation Failure)
[184.235s][info][gc,heap        ] GC(1254) DefNew: 140062K(157248K)->283K(157248K) Eden: 139775K(139776K)->0K(139776K) From: 286K(17472K)->283K(17472K)
[184.235s][info][gc,heap        ] GC(1254) Tenured: 8752K(349568K)->8772K(349568K)
[184.235s][info][gc,metaspace   ] GC(1254) Metaspace: 14272K(15168K)->14272K(15168K) NonClass: 12313K(12864K)->12313K(12864K) Class: 1959K(2304K)->1959K(2304K)
[184.235s][info][gc             ] GC(1254) Pause Young (Allocation Failure) 145M->8M(494M) 30.459ms
[184.235s][info][gc,cpu         ] GC(1254) User=0.03s Sys=0.00s Real=0.03s
[184.346s][info][gc,start       ] GC(1255) Pause Young (Allocation Failure)
[184.376s][info][gc,heap        ] GC(1255) DefNew: 140059K(157248K)->280K(157248K) Eden: 139776K(139776K)->0K(139776K) From: 283K(17472K)->280K(17472K)
[184.377s][info][gc,heap        ] GC(1255) Tenured: 8772K(349568K)->8793K(349568K)
[184.377s][info][gc,metaspace   ] GC(1255) Metaspace: 14272K(15168K)->14272K(15168K) NonClass: 12313K(12864K)->12313K(12864K) Class: 1959K(2304K)->1959K(2304K)
[184.377s][info][gc             ] GC(1255) Pause Young (Allocation Failure) 145M->8M(494M) 30.715ms
[184.377s][info][gc,cpu         ] GC(1255) User=0.02s Sys=0.00s Real=0.02s
[184.489s][info][gc,start       ] GC(1256) Pause Young (Allocation Failure)
[184.520s][info][gc,heap        ] GC(1256) DefNew: 140056K(157248K)->278K(157248K) Eden: 139776K(139776K)->0K(139776K) From: 280K(17472K)->278K(17472K)
[184.520s][info][gc,heap        ] GC(1256) Tenured: 8793K(349568K)->8814K(349568K)
[184.520s][info][gc,metaspace   ] GC(1256) Metaspace: 14272K(15168K)->14272K(15168K) NonClass: 12313K(12864K)->12313K(12864K) Class: 1959K(2304K)->1959K(2304K)
[184.520s][info][gc             ] GC(1256) Pause Young (Allocation Failure) 145M->8M(494M) 31.222ms
[184.520s][info][gc,cpu         ] GC(1256) User=0.03s Sys=0.00s Real=0.03s
[184.634s][info][gc,start       ] GC(1257) Pause Young (Allocation Failure)
[184.667s][info][gc,heap        ] GC(1257) DefNew: 140054K(157248K)->278K(157248K) Eden: 139776K(139776K)->0K(139776K) From: 278K(17472K)->278K(17472K)
[184.667s][info][gc,heap        ] GC(1257) Tenured: 8814K(349568K)->8831K(349568K)
[184.667s][info][gc,metaspace   ] GC(1257) Metaspace: 14272K(15168K)->14272K(15168K) NonClass: 12313K(12864K)->12313K(12864K) Class: 1959K(2304K)->1959K(2304K)
[184.667s][info][gc             ] GC(1257) Pause Young (Allocation Failure) 145M->8M(494M) 33.117ms
[184.667s][info][gc,cpu         ] GC(1257) User=0.02s Sys=0.00s Real=0.02s
[184.781s][info][gc,start       ] GC(1258) Pause Young (Allocation Failure)
[184.812s][info][gc,heap        ] GC(1258) DefNew: 140054K(157248K)->279K(157248K) Eden: 139776K(139776K)->0K(139776K) From: 278K(17472K)->279K(17472K)
[184.812s][info][gc,heap        ] GC(1258) Tenured: 8831K(349568K)->8852K(349568K)
[184.812s][info][gc,metaspace   ] GC(1258) Metaspace: 14272K(15168K)->14272K(15168K) NonClass: 12313K(12864K)->12313K(12864K) Class: 1959K(2304K)->1959K(2304K)
[184.812s][info][gc             ] GC(1258) Pause Young (Allocation Failure) 145M->8M(494M) 31.742ms
[184.812s][info][gc,cpu         ] GC(1258) User=0.03s Sys=0.00s Real=0.03s
[184.926s][info][gc,start       ] GC(1259) Pause Young (Allocation Failure)
[184.958s][info][gc,heap        ] GC(1259) DefNew: 140055K(157248K)->279K(157248K) Eden: 139776K(139776K)->0K(139776K) From: 279K(17472K)->279K(17472K)
[184.958s][info][gc,heap        ] GC(1259) Tenured: 8852K(349568K)->8869K(349568K)
[184.958s][info][gc,metaspace   ] GC(1259) Metaspace: 14272K(15168K)->14272K(15168K) NonClass: 12313K(12864K)->12313K(12864K) Class: 1959K(2304K)->1959K(2304K)
[184.958s][info][gc             ] GC(1259) Pause Young (Allocation Failure) 145M->8M(494M) 31.619ms
[184.958s][info][gc,cpu         ] GC(1259) User=0.03s Sys=0.00s Real=0.02s
[185.072s][info][gc,start       ] GC(1260) Pause Young (Allocation Failure)
[185.104s][info][gc,heap        ] GC(1260) DefNew: 140055K(157248K)->278K(157248K) Eden: 139776K(139776K)->0K(139776K) From: 279K(17472K)->278K(17472K)
[185.104s][info][gc,heap        ] GC(1260) Tenured: 8869K(349568K)->8887K(349568K)
[185.104s][info][gc,metaspace   ] GC(1260) Metaspace: 14272K(15168K)->14272K(15168K) NonClass: 12313K(12864K)->12313K(12864K) Class: 1959K(2304K)->1959K(2304K)
[185.104s][info][gc             ] GC(1260) Pause Young (Allocation Failure) 145M->8M(494M) 32.112ms
[185.104s][info][gc,cpu         ] GC(1260) User=0.02s Sys=0.00s Real=0.02s
[185.218s][info][gc,start       ] GC(1261) Pause Young (Allocation Failure)
[185.250s][info][gc,heap        ] GC(1261) DefNew: 140054K(157248K)->277K(157248K) Eden: 139776K(139776K)->0K(139776K) From: 278K(17472K)->277K(17472K)
[185.250s][info][gc,heap        ] GC(1261) Tenured: 8887K(349568K)->8905K(349568K)
[185.250s][info][gc,metaspace   ] GC(1261) Metaspace: 14272K(15168K)->14272K(15168K) NonClass: 12313K(12864K)->12313K(12864K) Class: 1959K(2304K)->1959K(2304K)
[185.250s][info][gc             ] GC(1261) Pause Young (Allocation Failure) 145M->8M(494M) 32.292ms
[185.250s][info][gc,cpu         ] GC(1261) User=0.03s Sys=0.00s Real=0.03s
[185.362s][info][gc,start       ] GC(1262) Pause Young (Allocation Failure)
[185.395s][info][gc,heap        ] GC(1262) DefNew: 140053K(157248K)->277K(157248K) Eden: 139776K(139776K)->0K(139776K) From: 277K(17472K)->277K(17472K)
[185.395s][info][gc,heap        ] GC(1262) Tenured: 8905K(349568K)->8923K(349568K)
[185.395s][info][gc,metaspace   ] GC(1262) Metaspace: 14272K(15168K)->14272K(15168K) NonClass: 12313K(12864K)->12313K(12864K) Class: 1959K(2304K)->1959K(2304K)
[185.396s][info][gc             ] GC(1262) Pause Young (Allocation Failure) 145M->8M(494M) 33.568ms
[185.396s][info][gc,cpu         ] GC(1262) User=0.03s Sys=0.00s Real=0.02s
[185.588s][info][gc,start       ] GC(1263) Pause Young (Allocation Failure)
[185.619s][info][gc,heap        ] GC(1263) DefNew: 140053K(157248K)->280K(157248K) Eden: 139776K(139776K)->0K(139776K) From: 277K(17472K)->280K(17472K)
[185.619s][info][gc,heap        ] GC(1263) Tenured: 8923K(349568K)->8941K(349568K)
[185.619s][info][gc,metaspace   ] GC(1263) Metaspace: 14272K(15168K)->14272K(15168K) NonClass: 12313K(12864K)->12313K(12864K) Class: 1959K(2304K)->1959K(2304K)
[185.619s][info][gc             ] GC(1263) Pause Young (Allocation Failure) 145M->9M(494M) 31.273ms
[185.619s][info][gc,cpu         ] GC(1263) User=0.03s Sys=0.00s Real=0.03s
[185.735s][info][gc,start       ] GC(1264) Pause Young (Allocation Failure)
[185.773s][info][gc,heap        ] GC(1264) DefNew: 140056K(157248K)->282K(157248K) Eden: 139776K(139776K)->0K(139776K) From: 280K(17472K)->282K(17472K)
[185.773s][info][gc,heap        ] GC(1264) Tenured: 8941K(349568K)->8956K(349568K)
[185.773s][info][gc,metaspace   ] GC(1264) Metaspace: 14272K(15168K)->14272K(15168K) NonClass: 12313K(12864K)->12313K(12864K) Class: 1959K(2304K)->1959K(2304K)
[185.773s][info][gc             ] GC(1264) Pause Young (Allocation Failure) 145M->9M(494M) 38.582ms
[185.773s][info][gc,cpu         ] GC(1264) User=0.03s Sys=0.00s Real=0.04s
[185.892s][info][gc,start       ] GC(1265) Pause Young (Allocation Failure)
[185.914s][info][gc,heap        ] GC(1265) DefNew: 140058K(157248K)->280K(157248K) Eden: 139776K(139776K)->0K(139776K) From: 282K(17472K)->280K(17472K)
[185.914s][info][gc,heap        ] GC(1265) Tenured: 8956K(349568K)->8977K(349568K)
[185.914s][info][gc,metaspace   ] GC(1265) Metaspace: 14272K(15168K)->14272K(15168K) NonClass: 12313K(12864K)->12313K(12864K) Class: 1959K(2304K)->1959K(2304K)
[185.914s][info][gc             ] GC(1265) Pause Young (Allocation Failure) 145M->9M(494M) 21.906ms
[185.914s][info][gc,cpu         ] GC(1265) User=0.03s Sys=0.00s Real=0.02s
[186.027s][info][gc,start       ] GC(1266) Pause Young (Allocation Failure)
[186.054s][info][gc,heap        ] GC(1266) DefNew: 140056K(157248K)->280K(157248K) Eden: 139775K(139776K)->0K(139776K) From: 280K(17472K)->280K(17472K)
[186.054s][info][gc,heap        ] GC(1266) Tenured: 8977K(349568K)->8995K(349568K)
[186.054s][info][gc,metaspace   ] GC(1266) Metaspace: 14272K(15168K)->14272K(15168K) NonClass: 12313K(12864K)->12313K(12864K) Class: 1959K(2304K)->1959K(2304K)
[186.054s][info][gc             ] GC(1266) Pause Young (Allocation Failure) 145M->9M(494M) 27.634ms
[186.054s][info][gc,cpu         ] GC(1266) User=0.02s Sys=0.00s Real=0.02s
[186.182s][info][gc,start       ] GC(1267) Pause Young (Allocation Failure)
[186.208s][info][gc,heap        ] GC(1267) DefNew: 140056K(157248K)->283K(157248K) Eden: 139776K(139776K)->0K(139776K) From: 280K(17472K)->283K(17472K)
[186.208s][info][gc,heap        ] GC(1267) Tenured: 8995K(349568K)->9012K(349568K)
[186.208s][info][gc,metaspace   ] GC(1267) Metaspace: 14272K(15168K)->14272K(15168K) NonClass: 12313K(12864K)->12313K(12864K) Class: 1959K(2304K)->1959K(2304K)
[186.208s][info][gc             ] GC(1267) Pause Young (Allocation Failure) 145M->9M(494M) 26.192ms
[186.208s][info][gc,cpu         ] GC(1267) User=0.02s Sys=0.00s Real=0.03s
[186.327s][info][gc,start       ] GC(1268) Pause Young (Allocation Failure)
[186.354s][info][gc,heap        ] GC(1268) DefNew: 140059K(157248K)->285K(157248K) Eden: 139776K(139776K)->0K(139776K) From: 283K(17472K)->285K(17472K)
[186.354s][info][gc,heap        ] GC(1268) Tenured: 9012K(349568K)->9030K(349568K)
[186.354s][info][gc,metaspace   ] GC(1268) Metaspace: 14272K(15168K)->14272K(15168K) NonClass: 12313K(12864K)->12313K(12864K) Class: 1959K(2304K)->1959K(2304K)
[186.354s][info][gc             ] GC(1268) Pause Young (Allocation Failure) 145M->9M(494M) 26.577ms
[186.354s][info][gc,cpu         ] GC(1268) User=0.03s Sys=0.00s Real=0.03s
[186.465s][info][gc,start       ] GC(1269) Pause Young (Allocation Failure)
[186.491s][info][gc,heap        ] GC(1269) DefNew: 140061K(157248K)->286K(157248K) Eden: 139776K(139776K)->0K(139776K) From: 285K(17472K)->286K(17472K)
[186.491s][info][gc,heap        ] GC(1269) Tenured: 9030K(349568K)->9048K(349568K)
[186.491s][info][gc,metaspace   ] GC(1269) Metaspace: 14272K(15168K)->14272K(15168K) NonClass: 12313K(12864K)->12313K(12864K) Class: 1959K(2304K)->1959K(2304K)
[186.491s][info][gc             ] GC(1269) Pause Young (Allocation Failure) 145M->9M(494M) 26.487ms
[186.491s][info][gc,cpu         ] GC(1269) User=0.02s Sys=0.00s Real=0.02s
[186.603s][info][gc,start       ] GC(1270) Pause Young (Allocation Failure)
[186.631s][info][gc,heap        ] GC(1270) DefNew: 140062K(157248K)->286K(157248K) Eden: 139776K(139776K)->0K(139776K) From: 286K(17472K)->286K(17472K)
[186.632s][info][gc,heap        ] GC(1270) Tenured: 9048K(349568K)->9066K(349568K)
[186.632s][info][gc,metaspace   ] GC(1270) Metaspace: 14272K(15168K)->14272K(15168K) NonClass: 12313K(12864K)->12313K(12864K) Class: 1959K(2304K)->1959K(2304K)
[186.632s][info][gc             ] GC(1270) Pause Young (Allocation Failure) 145M->9M(494M) 28.886ms
[186.632s][info][gc,cpu         ] GC(1270) User=0.03s Sys=0.00s Real=0.03s
[186.745s][info][gc,start       ] GC(1271) Pause Young (Allocation Failure)
[186.767s][info][gc,heap        ] GC(1271) DefNew: 140062K(157248K)->286K(157248K) Eden: 139776K(139776K)->0K(139776K) From: 286K(17472K)->286K(17472K)
[186.767s][info][gc,heap        ] GC(1271) Tenured: 9066K(349568K)->9083K(349568K)
[186.767s][info][gc,metaspace   ] GC(1271) Metaspace: 14272K(15168K)->14272K(15168K) NonClass: 12313K(12864K)->12313K(12864K) Class: 1959K(2304K)->1959K(2304K)
[186.767s][info][gc             ] GC(1271) Pause Young (Allocation Failure) 145M->9M(494M) 22.979ms
[186.768s][info][gc,cpu         ] GC(1271) User=0.02s Sys=0.00s Real=0.02s
[186.878s][info][gc,start       ] GC(1272) Pause Young (Allocation Failure)
[186.899s][info][gc,heap        ] GC(1272) DefNew: 140062K(157248K)->286K(157248K) Eden: 139776K(139776K)->0K(139776K) From: 286K(17472K)->286K(17472K)
[186.899s][info][gc,heap        ] GC(1272) Tenured: 9083K(349568K)->9101K(349568K)
[186.899s][info][gc,metaspace   ] GC(1272) Metaspace: 14272K(15168K)->14272K(15168K) NonClass: 12313K(12864K)->12313K(12864K) Class: 1959K(2304K)->1959K(2304K)
[186.899s][info][gc             ] GC(1272) Pause Young (Allocation Failure) 145M->9M(494M) 21.490ms
[186.899s][info][gc,cpu         ] GC(1272) User=0.02s Sys=0.00s Real=0.01s
[187.009s][info][gc,start       ] GC(1273) Pause Young (Allocation Failure)
[187.036s][info][gc,heap        ] GC(1273) DefNew: 140062K(157248K)->283K(157248K) Eden: 139776K(139776K)->0K(139776K) From: 286K(17472K)->283K(17472K)
[187.036s][info][gc,heap        ] GC(1273) Tenured: 9101K(349568K)->9122K(349568K)
[187.036s][info][gc,metaspace   ] GC(1273) Metaspace: 14272K(15168K)->14272K(15168K) NonClass: 12313K(12864K)->12313K(12864K) Class: 1959K(2304K)->1959K(2304K)
[187.037s][info][gc             ] GC(1273) Pause Young (Allocation Failure) 145M->9M(494M) 27.789ms
[187.037s][info][gc,cpu         ] GC(1273) User=0.02s Sys=0.00s Real=0.02s
[187.147s][info][gc,start       ] GC(1274) Pause Young (Allocation Failure)
[187.175s][info][gc,heap        ] GC(1274) DefNew: 140059K(157248K)->282K(157248K) Eden: 139776K(139776K)->0K(139776K) From: 283K(17472K)->282K(17472K)
[187.175s][info][gc,heap        ] GC(1274) Tenured: 9122K(349568K)->9140K(349568K)
[187.175s][info][gc,metaspace   ] GC(1274) Metaspace: 14272K(15168K)->14272K(15168K) NonClass: 12313K(12864K)->12313K(12864K) Class: 1959K(2304K)->1959K(2304K)
[187.175s][info][gc             ] GC(1274) Pause Young (Allocation Failure) 145M->9M(494M) 27.640ms
[187.175s][info][gc,cpu         ] GC(1274) User=0.02s Sys=0.00s Real=0.02s
[187.287s][info][gc,start       ] GC(1275) Pause Young (Allocation Failure)
[187.316s][info][gc,heap        ] GC(1275) DefNew: 140058K(157248K)->282K(157248K) Eden: 139776K(139776K)->0K(139776K) From: 282K(17472K)->282K(17472K)
[187.316s][info][gc,heap        ] GC(1275) Tenured: 9140K(349568K)->9157K(349568K)
[187.316s][info][gc,metaspace   ] GC(1275) Metaspace: 14272K(15168K)->14272K(15168K) NonClass: 12313K(12864K)->12313K(12864K) Class: 1959K(2304K)->1959K(2304K)
[187.317s][info][gc             ] GC(1275) Pause Young (Allocation Failure) 145M->9M(494M) 29.337ms
[187.317s][info][gc,cpu         ] GC(1275) User=0.03s Sys=0.00s Real=0.02s
[187.430s][info][gc,start       ] GC(1276) Pause Young (Allocation Failure)
[187.451s][info][gc,heap        ] GC(1276) DefNew: 140058K(157248K)->283K(157248K) Eden: 139776K(139776K)->0K(139776K) From: 282K(17472K)->283K(17472K)
[187.451s][info][gc,heap        ] GC(1276) Tenured: 9157K(349568K)->9175K(349568K)
[187.451s][info][gc,metaspace   ] GC(1276) Metaspace: 14272K(15168K)->14272K(15168K) NonClass: 12313K(12864K)->12313K(12864K) Class: 1959K(2304K)->1959K(2304K)
[187.452s][info][gc             ] GC(1276) Pause Young (Allocation Failure) 145M->9M(494M) 21.236ms
[187.452s][info][gc,cpu         ] GC(1276) User=0.02s Sys=0.00s Real=0.01s
[187.560s][info][gc,start       ] GC(1277) Pause Young (Allocation Failure)
[187.589s][info][gc,heap        ] GC(1277) DefNew: 140059K(157248K)->283K(157248K) Eden: 139776K(139776K)->0K(139776K) From: 283K(17472K)->283K(17472K)
[187.589s][info][gc,heap        ] GC(1277) Tenured: 9175K(349568K)->9193K(349568K)
[187.589s][info][gc,metaspace   ] GC(1277) Metaspace: 14272K(15168K)->14272K(15168K) NonClass: 12313K(12864K)->12313K(12864K) Class: 1959K(2304K)->1959K(2304K)
[187.589s][info][gc             ] GC(1277) Pause Young (Allocation Failure) 145M->9M(494M) 29.230ms
[187.589s][info][gc,cpu         ] GC(1277) User=0.03s Sys=0.00s Real=0.03s
[187.702s][info][gc,start       ] GC(1278) Pause Young (Allocation Failure)
[187.733s][info][gc,heap        ] GC(1278) DefNew: 140059K(157248K)->280K(157248K) Eden: 139776K(139776K)->0K(139776K) From: 283K(17472K)->280K(17472K)
[187.733s][info][gc,heap        ] GC(1278) Tenured: 9193K(349568K)->9213K(349568K)
[187.733s][info][gc,metaspace   ] GC(1278) Metaspace: 14272K(15168K)->14272K(15168K) NonClass: 12313K(12864K)->12313K(12864K) Class: 1959K(2304K)->1959K(2304K)
[187.733s][info][gc             ] GC(1278) Pause Young (Allocation Failure) 145M->9M(494M) 31.038ms
[187.733s][info][gc,cpu         ] GC(1278) User=0.03s Sys=0.00s Real=0.03s
[187.845s][info][gc,start       ] GC(1279) Pause Young (Allocation Failure)
[187.875s][info][gc,heap        ] GC(1279) DefNew: 140056K(157248K)->279K(157248K) Eden: 139776K(139776K)->0K(139776K) From: 280K(17472K)->279K(17472K)
[187.875s][info][gc,heap        ] GC(1279) Tenured: 9213K(349568K)->9231K(349568K)
[187.875s][info][gc,metaspace   ] GC(1279) Metaspace: 14272K(15168K)->14272K(15168K) NonClass: 12313K(12864K)->12313K(12864K) Class: 1959K(2304K)->1959K(2304K)
[187.875s][info][gc             ] GC(1279) Pause Young (Allocation Failure) 145M->9M(494M) 29.993ms
[187.875s][info][gc,cpu         ] GC(1279) User=0.02s Sys=0.00s Real=0.02s
[187.989s][info][gc,start       ] GC(1280) Pause Young (Allocation Failure)
[188.019s][info][gc,heap        ] GC(1280) DefNew: 140055K(157248K)->282K(157248K) Eden: 139776K(139776K)->0K(139776K) From: 279K(17472K)->282K(17472K)
[188.019s][info][gc,heap        ] GC(1280) Tenured: 9231K(349568K)->9248K(349568K)
[188.019s][info][gc,metaspace   ] GC(1280) Metaspace: 14272K(15168K)->14272K(15168K) NonClass: 12313K(12864K)->12313K(12864K) Class: 1959K(2304K)->1959K(2304K)
[188.019s][info][gc             ] GC(1280) Pause Young (Allocation Failure) 145M->9M(494M) 30.433ms
[188.019s][info][gc,cpu         ] GC(1280) User=0.02s Sys=0.00s Real=0.02s
[188.135s][info][gc,start       ] GC(1281) Pause Young (Allocation Failure)
[188.166s][info][gc,heap        ] GC(1281) DefNew: 140058K(157248K)->282K(157248K) Eden: 139776K(139776K)->0K(139776K) From: 282K(17472K)->282K(17472K)
[188.166s][info][gc,heap        ] GC(1281) Tenured: 9248K(349568K)->9266K(349568K)
[188.166s][info][gc,metaspace   ] GC(1281) Metaspace: 14272K(15168K)->14272K(15168K) NonClass: 12313K(12864K)->12313K(12864K) Class: 1959K(2304K)->1959K(2304K)
[188.166s][info][gc             ] GC(1281) Pause Young (Allocation Failure) 145M->9M(494M) 30.948ms
[188.166s][info][gc,cpu         ] GC(1281) User=0.03s Sys=0.00s Real=0.03s
[188.280s][info][gc,start       ] GC(1282) Pause Young (Allocation Failure)
[188.311s][info][gc,heap        ] GC(1282) DefNew: 140058K(157248K)->282K(157248K) Eden: 139776K(139776K)->0K(139776K) From: 282K(17472K)->282K(17472K)
[188.311s][info][gc,heap        ] GC(1282) Tenured: 9266K(349568K)->9287K(349568K)
[188.311s][info][gc,metaspace   ] GC(1282) Metaspace: 14272K(15168K)->14272K(15168K) NonClass: 12313K(12864K)->12313K(12864K) Class: 1959K(2304K)->1959K(2304K)
[188.311s][info][gc             ] GC(1282) Pause Young (Allocation Failure) 145M->9M(494M) 31.117ms
[188.311s][info][gc,cpu         ] GC(1282) User=0.02s Sys=0.00s Real=0.02s
[188.428s][info][gc,start       ] GC(1283) Pause Young (Allocation Failure)
[188.459s][info][gc,heap        ] GC(1283) DefNew: 140058K(157248K)->282K(157248K) Eden: 139776K(139776K)->0K(139776K) From: 282K(17472K)->282K(17472K)
[188.459s][info][gc,heap        ] GC(1283) Tenured: 9287K(349568K)->9308K(349568K)
[188.459s][info][gc,metaspace   ] GC(1283) Metaspace: 14272K(15168K)->14272K(15168K) NonClass: 12313K(12864K)->12313K(12864K) Class: 1959K(2304K)->1959K(2304K)
[188.459s][info][gc             ] GC(1283) Pause Young (Allocation Failure) 145M->9M(494M) 31.422ms
[188.459s][info][gc,cpu         ] GC(1283) User=0.05s Sys=0.00s Real=0.03s
[188.578s][info][gc,start       ] GC(1284) Pause Young (Allocation Failure)
[188.610s][info][gc,heap        ] GC(1284) DefNew: 140058K(157248K)->284K(157248K) Eden: 139776K(139776K)->0K(139776K) From: 282K(17472K)->284K(17472K)
[188.611s][info][gc,heap        ] GC(1284) Tenured: 9308K(349568K)->9326K(349568K)
[188.611s][info][gc,metaspace   ] GC(1284) Metaspace: 14272K(15168K)->14272K(15168K) NonClass: 12313K(12864K)->12313K(12864K) Class: 1959K(2304K)->1959K(2304K)
[188.611s][info][gc             ] GC(1284) Pause Young (Allocation Failure) 145M->9M(494M) 32.412ms
[188.611s][info][gc,cpu         ] GC(1284) User=0.03s Sys=0.00s Real=0.03s
[188.729s][info][gc,start       ] GC(1285) Pause Young (Allocation Failure)
[188.761s][info][gc,heap        ] GC(1285) DefNew: 140060K(157248K)->287K(157248K) Eden: 139776K(139776K)->0K(139776K) From: 284K(17472K)->287K(17472K)
[188.761s][info][gc,heap        ] GC(1285) Tenured: 9326K(349568K)->9343K(349568K)
[188.761s][info][gc,metaspace   ] GC(1285) Metaspace: 14272K(15168K)->14272K(15168K) NonClass: 12313K(12864K)->12313K(12864K) Class: 1959K(2304K)->1959K(2304K)
[188.761s][info][gc             ] GC(1285) Pause Young (Allocation Failure) 145M->9M(494M) 32.168ms
[188.761s][info][gc,cpu         ] GC(1285) User=0.02s Sys=0.00s Real=0.03s
[188.881s][info][gc,start       ] GC(1286) Pause Young (Allocation Failure)
[188.920s][info][gc,heap        ] GC(1286) DefNew: 140063K(157248K)->289K(157248K) Eden: 139776K(139776K)->0K(139776K) From: 287K(17472K)->289K(17472K)
[188.920s][info][gc,heap        ] GC(1286) Tenured: 9343K(349568K)->9361K(349568K)
[188.920s][info][gc,metaspace   ] GC(1286) Metaspace: 14272K(15168K)->14272K(15168K) NonClass: 12313K(12864K)->12313K(12864K) Class: 1959K(2304K)->1959K(2304K)
[188.920s][info][gc             ] GC(1286) Pause Young (Allocation Failure) 145M->9M(494M) 38.964ms
[188.920s][info][gc,cpu         ] GC(1286) User=0.03s Sys=0.00s Real=0.04s
[189.042s][info][gc,start       ] GC(1287) Pause Young (Allocation Failure)
[189.075s][info][gc,heap        ] GC(1287) DefNew: 140065K(157248K)->292K(157248K) Eden: 139776K(139776K)->0K(139776K) From: 289K(17472K)->292K(17472K)
[189.075s][info][gc,heap        ] GC(1287) Tenured: 9361K(349568K)->9379K(349568K)
[189.075s][info][gc,metaspace   ] GC(1287) Metaspace: 14272K(15168K)->14272K(15168K) NonClass: 12313K(12864K)->12313K(12864K) Class: 1959K(2304K)->1959K(2304K)
[189.075s][info][gc             ] GC(1287) Pause Young (Allocation Failure) 145M->9M(494M) 33.345ms
[189.075s][info][gc,cpu         ] GC(1287) User=0.02s Sys=0.00s Real=0.03s
[189.198s][info][gc,start       ] GC(1288) Pause Young (Allocation Failure)
[189.233s][info][gc,heap        ] GC(1288) DefNew: 140068K(157248K)->294K(157248K) Eden: 139776K(139776K)->0K(139776K) From: 292K(17472K)->294K(17472K)
[189.233s][info][gc,heap        ] GC(1288) Tenured: 9379K(349568K)->9396K(349568K)
[189.233s][info][gc,metaspace   ] GC(1288) Metaspace: 14272K(15168K)->14272K(15168K) NonClass: 12313K(12864K)->12313K(12864K) Class: 1959K(2304K)->1959K(2304K)
[189.233s][info][gc             ] GC(1288) Pause Young (Allocation Failure) 145M->9M(494M) 35.209ms
[189.233s][info][gc,cpu         ] GC(1288) User=0.02s Sys=0.00s Real=0.02s
[189.356s][info][gc,start       ] GC(1289) Pause Young (Allocation Failure)
[189.390s][info][gc,heap        ] GC(1289) DefNew: 140070K(157248K)->295K(157248K) Eden: 139776K(139776K)->0K(139776K) From: 294K(17472K)->295K(17472K)
[189.390s][info][gc,heap        ] GC(1289) Tenured: 9396K(349568K)->9414K(349568K)
[189.390s][info][gc,metaspace   ] GC(1289) Metaspace: 14272K(15168K)->14272K(15168K) NonClass: 12313K(12864K)->12313K(12864K) Class: 1959K(2304K)->1959K(2304K)
[189.390s][info][gc             ] GC(1289) Pause Young (Allocation Failure) 145M->9M(494M) 34.143ms
[189.390s][info][gc,cpu         ] GC(1289) User=0.03s Sys=0.00s Real=0.03s
[189.624s][info][gc,start       ] GC(1290) Pause Young (Allocation Failure)
[189.663s][info][gc,heap        ] GC(1290) DefNew: 140071K(157248K)->298K(157248K) Eden: 139776K(139776K)->0K(139776K) From: 295K(17472K)->298K(17472K)
[189.663s][info][gc,heap        ] GC(1290) Tenured: 9414K(349568K)->9432K(349568K)
[189.663s][info][gc,metaspace   ] GC(1290) Metaspace: 14272K(15168K)->14272K(15168K) NonClass: 12313K(12864K)->12313K(12864K) Class: 1959K(2304K)->1959K(2304K)
[189.664s][info][gc             ] GC(1290) Pause Young (Allocation Failure) 145M->9M(494M) 39.685ms
[189.664s][info][gc,cpu         ] GC(1290) User=0.03s Sys=0.00s Real=0.03s
[189.783s][info][gc,start       ] GC(1291) Pause Young (Allocation Failure)
[189.817s][info][gc,heap        ] GC(1291) DefNew: 140074K(157248K)->300K(157248K) Eden: 139776K(139776K)->0K(139776K) From: 298K(17472K)->300K(17472K)
[189.817s][info][gc,heap        ] GC(1291) Tenured: 9432K(349568K)->9449K(349568K)
[189.817s][info][gc,metaspace   ] GC(1291) Metaspace: 14272K(15168K)->14272K(15168K) NonClass: 12313K(12864K)->12313K(12864K) Class: 1959K(2304K)->1959K(2304K)
[189.817s][info][gc             ] GC(1291) Pause Young (Allocation Failure) 146M->9M(494M) 34.107ms
[189.817s][info][gc,cpu         ] GC(1291) User=0.03s Sys=0.00s Real=0.02s
[189.913s][info][gc,start       ] GC(1292) Pause Young (Allocation Failure)
[189.941s][info][gc,heap        ] GC(1292) DefNew: 140076K(157248K)->298K(157248K) Eden: 139776K(139776K)->0K(139776K) From: 300K(17472K)->298K(17472K)
[189.941s][info][gc,heap        ] GC(1292) Tenured: 9449K(349568K)->9467K(349568K)
[189.941s][info][gc,metaspace   ] GC(1292) Metaspace: 14272K(15168K)->14272K(15168K) NonClass: 12313K(12864K)->12313K(12864K) Class: 1959K(2304K)->1959K(2304K)
[189.941s][info][gc             ] GC(1292) Pause Young (Allocation Failure) 146M->9M(494M) 28.287ms
[189.941s][info][gc,cpu         ] GC(1292) User=0.02s Sys=0.00s Real=0.03s
[190.028s][info][gc,start       ] GC(1293) Pause Young (Allocation Failure)
[190.048s][info][gc,heap        ] GC(1293) DefNew: 140074K(157248K)->293K(157248K) Eden: 139776K(139776K)->0K(139776K) From: 298K(17472K)->293K(17472K)
[190.048s][info][gc,heap        ] GC(1293) Tenured: 9467K(349568K)->9485K(349568K)
[190.048s][info][gc,metaspace   ] GC(1293) Metaspace: 14272K(15168K)->14272K(15168K) NonClass: 12313K(12864K)->12313K(12864K) Class: 1959K(2304K)->1959K(2304K)
[190.048s][info][gc             ] GC(1293) Pause Young (Allocation Failure) 146M->9M(494M) 20.052ms
[190.048s][info][gc,cpu         ] GC(1293) User=0.02s Sys=0.00s Real=0.02s
[190.156s][info][gc,start       ] GC(1294) Pause Young (Allocation Failure)
[190.176s][info][gc,heap        ] GC(1294) DefNew: 140069K(157248K)->294K(157248K) Eden: 139776K(139776K)->0K(139776K) From: 293K(17472K)->294K(17472K)
[190.176s][info][gc,heap        ] GC(1294) Tenured: 9485K(349568K)->9503K(349568K)
[190.177s][info][gc,metaspace   ] GC(1294) Metaspace: 14272K(15168K)->14272K(15168K) NonClass: 12313K(12864K)->12313K(12864K) Class: 1959K(2304K)->1959K(2304K)
[190.177s][info][gc             ] GC(1294) Pause Young (Allocation Failure) 146M->9M(494M) 21.035ms
[190.177s][info][gc,cpu         ] GC(1294) User=0.02s Sys=0.00s Real=0.02s
[190.403s][info][gc,start       ] GC(1295) Pause Young (Allocation Failure)
[190.425s][info][gc,heap        ] GC(1295) DefNew: 140070K(157248K)->307K(157248K) Eden: 139776K(139776K)->0K(139776K) From: 294K(17472K)->307K(17472K)
[190.425s][info][gc,heap        ] GC(1295) Tenured: 9503K(349568K)->9523K(349568K)
[190.425s][info][gc,metaspace   ] GC(1295) Metaspace: 14272K(15168K)->14272K(15168K) NonClass: 12313K(12864K)->12313K(12864K) Class: 1959K(2304K)->1959K(2304K)
[190.425s][info][gc             ] GC(1295) Pause Young (Allocation Failure) 146M->9M(494M) 22.090ms
[190.425s][info][gc,cpu         ] GC(1295) User=0.02s Sys=0.00s Real=0.02s
[190.461s][info][gc,start       ] GC(1296) Pause Full (System.gc())
[190.461s][info][gc,phases,start] GC(1296) Phase 1: Mark live objects
[190.491s][info][gc,phases      ] GC(1296) Phase 1: Mark live objects 29.100ms
[190.491s][info][gc,phases,start] GC(1296) Phase 2: Compute new object addresses
[190.495s][info][gc,phases      ] GC(1296) Phase 2: Compute new object addresses 4.472ms
[190.495s][info][gc,phases,start] GC(1296) Phase 3: Adjust pointers
[190.513s][info][gc,phases      ] GC(1296) Phase 3: Adjust pointers 17.835ms
[190.513s][info][gc,phases,start] GC(1296) Phase 4: Move objects
[190.513s][info][gc,phases      ] GC(1296) Phase 4: Move objects 0.012ms
[190.513s][info][gc,heap        ] GC(1296) DefNew: 10203K(157248K)->0K(157248K) Eden: 9895K(139776K)->0K(139776K) From: 307K(17472K)->0K(17472K)
[190.513s][info][gc,heap        ] GC(1296) Tenured: 9523K(349568K)->9523K(349568K)
[190.513s][info][gc,metaspace   ] GC(1296) Metaspace: 14272K(15168K)->14272K(15168K) NonClass: 12313K(12864K)->12313K(12864K) Class: 1959K(2304K)->1959K(2304K)
[190.513s][info][gc             ] GC(1296) Pause Full (System.gc()) 19M->9M(494M) 51.743ms
[190.513s][info][gc,cpu         ] GC(1296) User=0.05s Sys=0.00s Real=0.05s
[190.608s][info][gc,start       ] GC(1297) Pause Young (Allocation Failure)
[190.627s][info][gc,heap        ] GC(1297) DefNew: 139776K(157248K)->1475K(157248K) Eden: 139776K(139776K)->0K(139776K) From: 0K(17472K)->1475K(17472K)
[190.627s][info][gc,heap        ] GC(1297) Tenured: 9523K(349568K)->9523K(349568K)
[190.627s][info][gc,metaspace   ] GC(1297) Metaspace: 14272K(15168K)->14272K(15168K) NonClass: 12313K(12864K)->12313K(12864K) Class: 1959K(2304K)->1959K(2304K)
[190.627s][info][gc             ] GC(1297) Pause Young (Allocation Failure) 145M->10M(494M) 19.592ms
[190.627s][info][gc,cpu         ] GC(1297) User=0.00s Sys=0.00s Real=0.01s
[190.738s][info][gc,start       ] GC(1298) Pause Young (Allocation Failure)
[190.766s][info][gc,heap        ] GC(1298) DefNew: 141251K(157248K)->1492K(157248K) Eden: 139776K(139776K)->0K(139776K) From: 1475K(17472K)->1492K(17472K)
[190.766s][info][gc,heap        ] GC(1298) Tenured: 9523K(349568K)->9523K(349568K)
[190.766s][info][gc,metaspace   ] GC(1298) Metaspace: 14272K(15168K)->14272K(15168K) NonClass: 12313K(12864K)->12313K(12864K) Class: 1959K(2304K)->1959K(2304K)
[190.766s][info][gc             ] GC(1298) Pause Young (Allocation Failure) 147M->10M(494M) 27.682ms
[190.766s][info][gc,cpu         ] GC(1298) User=0.03s Sys=0.00s Real=0.03s
[190.880s][info][gc,start       ] GC(1299) Pause Young (Allocation Failure)
[190.909s][info][gc,heap        ] GC(1299) DefNew: 141268K(157248K)->1513K(157248K) Eden: 139776K(139776K)->0K(139776K) From: 1492K(17472K)->1513K(17472K)
[190.909s][info][gc,heap        ] GC(1299) Tenured: 9523K(349568K)->9523K(349568K)
[190.909s][info][gc,metaspace   ] GC(1299) Metaspace: 14272K(15168K)->14272K(15168K) NonClass: 12313K(12864K)->12313K(12864K) Class: 1959K(2304K)->1959K(2304K)
[190.909s][info][gc             ] GC(1299) Pause Young (Allocation Failure) 147M->10M(494M) 29.255ms
[190.909s][info][gc,cpu         ] GC(1299) User=0.03s Sys=0.00s Real=0.03s
[191.020s][info][gc,start       ] GC(1300) Pause Young (Allocation Failure)
[191.041s][info][gc,heap        ] GC(1300) DefNew: 141289K(157248K)->1526K(157248K) Eden: 139776K(139776K)->0K(139776K) From: 1513K(17472K)->1526K(17472K)
[191.041s][info][gc,heap        ] GC(1300) Tenured: 9523K(349568K)->9523K(349568K)
[191.041s][info][gc,metaspace   ] GC(1300) Metaspace: 14272K(15168K)->14272K(15168K) NonClass: 12313K(12864K)->12313K(12864K) Class: 1959K(2304K)->1959K(2304K)
[191.041s][info][gc             ] GC(1300) Pause Young (Allocation Failure) 147M->10M(494M) 21.680ms
[191.041s][info][gc,cpu         ] GC(1300) User=0.02s Sys=0.00s Real=0.02s
[191.152s][info][gc,start       ] GC(1301) Pause Young (Allocation Failure)
[191.174s][info][gc,heap        ] GC(1301) DefNew: 141302K(157248K)->1547K(157248K) Eden: 139776K(139776K)->0K(139776K) From: 1526K(17472K)->1547K(17472K)
[191.174s][info][gc,heap        ] GC(1301) Tenured: 9523K(349568K)->9523K(349568K)
[191.174s][info][gc,metaspace   ] GC(1301) Metaspace: 14272K(15168K)->14272K(15168K) NonClass: 12313K(12864K)->12313K(12864K) Class: 1959K(2304K)->1959K(2304K)
[191.174s][info][gc             ] GC(1301) Pause Young (Allocation Failure) 147M->10M(494M) 21.764ms
[191.174s][info][gc,cpu         ] GC(1301) User=0.02s Sys=0.00s Real=0.02s
[191.283s][info][gc,start       ] GC(1302) Pause Young (Allocation Failure)
[191.312s][info][gc,heap        ] GC(1302) DefNew: 141323K(157248K)->1563K(157248K) Eden: 139776K(139776K)->0K(139776K) From: 1547K(17472K)->1563K(17472K)
[191.312s][info][gc,heap        ] GC(1302) Tenured: 9523K(349568K)->9523K(349568K)
[191.312s][info][gc,metaspace   ] GC(1302) Metaspace: 14272K(15168K)->14272K(15168K) NonClass: 12313K(12864K)->12313K(12864K) Class: 1959K(2304K)->1959K(2304K)
[191.312s][info][gc             ] GC(1302) Pause Young (Allocation Failure) 147M->10M(494M) 28.220ms
[191.312s][info][gc,cpu         ] GC(1302) User=0.03s Sys=0.00s Real=0.03s
[191.426s][info][gc,start       ] GC(1303) Pause Young (Allocation Failure)
[191.456s][info][gc,heap        ] GC(1303) DefNew: 141339K(157248K)->1584K(157248K) Eden: 139776K(139776K)->0K(139776K) From: 1563K(17472K)->1584K(17472K)
[191.456s][info][gc,heap        ] GC(1303) Tenured: 9523K(349568K)->9523K(349568K)
[191.456s][info][gc,metaspace   ] GC(1303) Metaspace: 14272K(15168K)->14272K(15168K) NonClass: 12313K(12864K)->12313K(12864K) Class: 1959K(2304K)->1959K(2304K)
[191.456s][info][gc             ] GC(1303) Pause Young (Allocation Failure) 147M->10M(494M) 29.572ms
[191.456s][info][gc,cpu         ] GC(1303) User=0.03s Sys=0.00s Real=0.03s
[191.577s][info][gc,start       ] GC(1304) Pause Young (Allocation Failure)
[191.607s][info][gc,heap        ] GC(1304) DefNew: 141360K(157248K)->1604K(157248K) Eden: 139776K(139776K)->0K(139776K) From: 1584K(17472K)->1604K(17472K)
[191.607s][info][gc,heap        ] GC(1304) Tenured: 9523K(349568K)->9523K(349568K)
[191.607s][info][gc,metaspace   ] GC(1304) Metaspace: 14272K(15168K)->14272K(15168K) NonClass: 12313K(12864K)->12313K(12864K) Class: 1959K(2304K)->1959K(2304K)
[191.607s][info][gc             ] GC(1304) Pause Young (Allocation Failure) 147M->10M(494M) 30.208ms
[191.607s][info][gc,cpu         ] GC(1304) User=0.03s Sys=0.00s Real=0.02s
[191.716s][info][gc,start       ] GC(1305) Pause Young (Allocation Failure)
[191.747s][info][gc,heap        ] GC(1305) DefNew: 141380K(157248K)->1621K(157248K) Eden: 139776K(139776K)->0K(139776K) From: 1604K(17472K)->1621K(17472K)
[191.747s][info][gc,heap        ] GC(1305) Tenured: 9523K(349568K)->9523K(349568K)
[191.747s][info][gc,metaspace   ] GC(1305) Metaspace: 14272K(15168K)->14272K(15168K) NonClass: 12313K(12864K)->12313K(12864K) Class: 1959K(2304K)->1959K(2304K)
[191.747s][info][gc             ] GC(1305) Pause Young (Allocation Failure) 147M->10M(494M) 30.849ms
[191.747s][info][gc,cpu         ] GC(1305) User=0.02s Sys=0.00s Real=0.02s
[191.856s][info][gc,start       ] GC(1306) Pause Young (Allocation Failure)
[191.886s][info][gc,heap        ] GC(1306) DefNew: 141397K(157248K)->1639K(157248K) Eden: 139776K(139776K)->0K(139776K) From: 1621K(17472K)->1639K(17472K)
[191.886s][info][gc,heap        ] GC(1306) Tenured: 9523K(349568K)->9523K(349568K)
[191.886s][info][gc,metaspace   ] GC(1306) Metaspace: 14272K(15168K)->14272K(15168K) NonClass: 12313K(12864K)->12313K(12864K) Class: 1959K(2304K)->1959K(2304K)
[191.886s][info][gc             ] GC(1306) Pause Young (Allocation Failure) 147M->10M(494M) 30.198ms
[191.886s][info][gc,cpu         ] GC(1306) User=0.02s Sys=0.00s Real=0.02s
[191.998s][info][gc,start       ] GC(1307) Pause Young (Allocation Failure)
[192.028s][info][gc,heap        ] GC(1307) DefNew: 141415K(157248K)->1657K(157248K) Eden: 139775K(139776K)->0K(139776K) From: 1639K(17472K)->1657K(17472K)
[192.028s][info][gc,heap        ] GC(1307) Tenured: 9523K(349568K)->9523K(349568K)
[192.028s][info][gc,metaspace   ] GC(1307) Metaspace: 14272K(15168K)->14272K(15168K) NonClass: 12313K(12864K)->12313K(12864K) Class: 1959K(2304K)->1959K(2304K)
[192.029s][info][gc             ] GC(1307) Pause Young (Allocation Failure) 147M->10M(494M) 30.618ms
[192.029s][info][gc,cpu         ] GC(1307) User=0.03s Sys=0.00s Real=0.03s
[192.141s][info][gc,start       ] GC(1308) Pause Young (Allocation Failure)
[192.174s][info][gc,heap        ] GC(1308) DefNew: 141433K(157248K)->1675K(157248K) Eden: 139776K(139776K)->0K(139776K) From: 1657K(17472K)->1675K(17472K)
[192.174s][info][gc,heap        ] GC(1308) Tenured: 9523K(349568K)->9523K(349568K)
[192.174s][info][gc,metaspace   ] GC(1308) Metaspace: 14272K(15168K)->14272K(15168K) NonClass: 12313K(12864K)->12313K(12864K) Class: 1959K(2304K)->1959K(2304K)
[192.174s][info][gc             ] GC(1308) Pause Young (Allocation Failure) 147M->10M(494M) 32.204ms
[192.174s][info][gc,cpu         ] GC(1308) User=0.03s Sys=0.00s Real=0.02s
[192.287s][info][gc,start       ] GC(1309) Pause Young (Allocation Failure)
[192.311s][info][gc,heap        ] GC(1309) DefNew: 141451K(157248K)->1692K(157248K) Eden: 139776K(139776K)->0K(139776K) From: 1675K(17472K)->1692K(17472K)
[192.311s][info][gc,heap        ] GC(1309) Tenured: 9523K(349568K)->9523K(349568K)
[192.311s][info][gc,metaspace   ] GC(1309) Metaspace: 14272K(15168K)->14272K(15168K) NonClass: 12313K(12864K)->12313K(12864K) Class: 1959K(2304K)->1959K(2304K)
[192.311s][info][gc             ] GC(1309) Pause Young (Allocation Failure) 147M->10M(494M) 23.736ms
[192.311s][info][gc,cpu         ] GC(1309) User=0.03s Sys=0.00s Real=0.02s
[192.419s][info][gc,start       ] GC(1310) Pause Young (Allocation Failure)
[192.450s][info][gc,heap        ] GC(1310) DefNew: 141468K(157248K)->1710K(157248K) Eden: 139776K(139776K)->0K(139776K) From: 1692K(17472K)->1710K(17472K)
[192.450s][info][gc,heap        ] GC(1310) Tenured: 9523K(349568K)->9523K(349568K)
[192.450s][info][gc,metaspace   ] GC(1310) Metaspace: 14272K(15168K)->14272K(15168K) NonClass: 12313K(12864K)->12313K(12864K) Class: 1959K(2304K)->1959K(2304K)
[192.450s][info][gc             ] GC(1310) Pause Young (Allocation Failure) 147M->10M(494M) 31.344ms
[192.450s][info][gc,cpu         ] GC(1310) User=0.02s Sys=0.00s Real=0.02s
[192.568s][info][gc,start       ] GC(1311) Pause Young (Allocation Failure)
[192.600s][info][gc,heap        ] GC(1311) DefNew: 141486K(157248K)->1731K(157248K) Eden: 139776K(139776K)->0K(139776K) From: 1710K(17472K)->1731K(17472K)
[192.600s][info][gc,heap        ] GC(1311) Tenured: 9523K(349568K)->9523K(349568K)
[192.600s][info][gc,metaspace   ] GC(1311) Metaspace: 14272K(15168K)->14272K(15168K) NonClass: 12313K(12864K)->12313K(12864K) Class: 1959K(2304K)->1959K(2304K)
[192.600s][info][gc             ] GC(1311) Pause Young (Allocation Failure) 147M->10M(494M) 32.162ms
[192.600s][info][gc,cpu         ] GC(1311) User=0.05s Sys=0.00s Real=0.03s
[192.716s][info][gc,start       ] GC(1312) Pause Young (Allocation Failure)
[192.750s][info][gc,heap        ] GC(1312) DefNew: 141507K(157248K)->286K(157248K) Eden: 139776K(139776K)->0K(139776K) From: 1731K(17472K)->286K(17472K)
[192.750s][info][gc,heap        ] GC(1312) Tenured: 9523K(349568K)->10989K(349568K)
[192.750s][info][gc,metaspace   ] GC(1312) Metaspace: 14272K(15168K)->14272K(15168K) NonClass: 12313K(12864K)->12313K(12864K) Class: 1959K(2304K)->1959K(2304K)
[192.750s][info][gc             ] GC(1312) Pause Young (Allocation Failure) 147M->11M(494M) 34.044ms
[192.750s][info][gc,cpu         ] GC(1312) User=0.03s Sys=0.00s Real=0.03s
[192.863s][info][gc,start       ] GC(1313) Pause Young (Allocation Failure)
[192.887s][info][gc,heap        ] GC(1313) DefNew: 140062K(157248K)->285K(157248K) Eden: 139776K(139776K)->0K(139776K) From: 286K(17472K)->285K(17472K)
[192.887s][info][gc,heap        ] GC(1313) Tenured: 10989K(349568K)->11007K(349568K)
[192.887s][info][gc,metaspace   ] GC(1313) Metaspace: 14272K(15168K)->14272K(15168K) NonClass: 12313K(12864K)->12313K(12864K) Class: 1959K(2304K)->1959K(2304K)
[192.887s][info][gc             ] GC(1313) Pause Young (Allocation Failure) 147M->11M(494M) 24.047ms
[192.887s][info][gc,cpu         ] GC(1313) User=0.03s Sys=0.00s Real=0.02s
[192.998s][info][gc,start       ] GC(1314) Pause Young (Allocation Failure)
[193.030s][info][gc,heap        ] GC(1314) DefNew: 140061K(157248K)->286K(157248K) Eden: 139776K(139776K)->0K(139776K) From: 285K(17472K)->286K(17472K)
[193.030s][info][gc,heap        ] GC(1314) Tenured: 11007K(349568K)->11024K(349568K)
[193.030s][info][gc,metaspace   ] GC(1314) Metaspace: 14272K(15168K)->14272K(15168K) NonClass: 12313K(12864K)->12313K(12864K) Class: 1959K(2304K)->1959K(2304K)
[193.030s][info][gc             ] GC(1314) Pause Young (Allocation Failure) 147M->11M(494M) 31.875ms
[193.030s][info][gc,cpu         ] GC(1314) User=0.03s Sys=0.00s Real=0.03s
[193.142s][info][gc,start       ] GC(1315) Pause Young (Allocation Failure)
[193.176s][info][gc,heap        ] GC(1315) DefNew: 140062K(157248K)->286K(157248K) Eden: 139776K(139776K)->0K(139776K) From: 286K(17472K)->286K(17472K)
[193.176s][info][gc,heap        ] GC(1315) Tenured: 11024K(349568K)->11042K(349568K)
[193.176s][info][gc,metaspace   ] GC(1315) Metaspace: 14272K(15168K)->14272K(15168K) NonClass: 12313K(12864K)->12313K(12864K) Class: 1959K(2304K)->1959K(2304K)
[193.176s][info][gc             ] GC(1315) Pause Young (Allocation Failure) 147M->11M(494M) 33.490ms
[193.176s][info][gc,cpu         ] GC(1315) User=0.03s Sys=0.00s Real=0.02s
[193.290s][info][gc,start       ] GC(1316) Pause Young (Allocation Failure)
[193.315s][info][gc,heap        ] GC(1316) DefNew: 140062K(157248K)->286K(157248K) Eden: 139776K(139776K)->0K(139776K) From: 286K(17472K)->286K(17472K)
[193.315s][info][gc,heap        ] GC(1316) Tenured: 11042K(349568K)->11060K(349568K)
[193.315s][info][gc,metaspace   ] GC(1316) Metaspace: 14272K(15168K)->14272K(15168K) NonClass: 12313K(12864K)->12313K(12864K) Class: 1959K(2304K)->1959K(2304K)
[193.315s][info][gc             ] GC(1316) Pause Young (Allocation Failure) 147M->11M(494M) 24.882ms
[193.315s][info][gc,cpu         ] GC(1316) User=0.02s Sys=0.00s Real=0.02s
[193.508s][info][gc,start       ] GC(1317) Pause Young (Allocation Failure)
[193.539s][info][gc,heap        ] GC(1317) DefNew: 140062K(157248K)->285K(157248K) Eden: 139776K(139776K)->0K(139776K) From: 286K(17472K)->285K(17472K)
[193.539s][info][gc,heap        ] GC(1317) Tenured: 11060K(349568K)->11078K(349568K)
[193.539s][info][gc,metaspace   ] GC(1317) Metaspace: 14272K(15168K)->14272K(15168K) NonClass: 12313K(12864K)->12313K(12864K) Class: 1959K(2304K)->1959K(2304K)
[193.539s][info][gc             ] GC(1317) Pause Young (Allocation Failure) 147M->11M(494M) 30.754ms
[193.539s][info][gc,cpu         ] GC(1317) User=0.02s Sys=0.00s Real=0.02s
[193.655s][info][gc,start       ] GC(1318) Pause Young (Allocation Failure)
[193.679s][info][gc,heap        ] GC(1318) DefNew: 140061K(157248K)->286K(157248K) Eden: 139776K(139776K)->0K(139776K) From: 285K(17472K)->286K(17472K)
[193.679s][info][gc,heap        ] GC(1318) Tenured: 11078K(349568K)->11098K(349568K)
[193.679s][info][gc,metaspace   ] GC(1318) Metaspace: 14272K(15168K)->14272K(15168K) NonClass: 12313K(12864K)->12313K(12864K) Class: 1959K(2304K)->1959K(2304K)
[193.679s][info][gc             ] GC(1318) Pause Young (Allocation Failure) 147M->11M(494M) 24.394ms
[193.679s][info][gc,cpu         ] GC(1318) User=0.03s Sys=0.00s Real=0.03s
[193.797s][info][gc,start       ] GC(1319) Pause Young (Allocation Failure)
[193.827s][info][gc,heap        ] GC(1319) DefNew: 140062K(157248K)->287K(157248K) Eden: 139776K(139776K)->0K(139776K) From: 286K(17472K)->287K(17472K)
[193.827s][info][gc,heap        ] GC(1319) Tenured: 11098K(349568K)->11119K(349568K)
[193.827s][info][gc,metaspace   ] GC(1319) Metaspace: 14272K(15168K)->14272K(15168K) NonClass: 12313K(12864K)->12313K(12864K) Class: 1959K(2304K)->1959K(2304K)
[193.828s][info][gc             ] GC(1319) Pause Young (Allocation Failure) 147M->11M(494M) 30.804ms
[193.828s][info][gc,cpu         ] GC(1319) User=0.03s Sys=0.00s Real=0.03s
[193.945s][info][gc,start       ] GC(1320) Pause Young (Allocation Failure)
[193.974s][info][gc,heap        ] GC(1320) DefNew: 140063K(157248K)->286K(157248K) Eden: 139776K(139776K)->0K(139776K) From: 287K(17472K)->286K(17472K)
[193.974s][info][gc,heap        ] GC(1320) Tenured: 11119K(349568K)->11136K(349568K)
[193.974s][info][gc,metaspace   ] GC(1320) Metaspace: 14272K(15168K)->14272K(15168K) NonClass: 12313K(12864K)->12313K(12864K) Class: 1959K(2304K)->1959K(2304K)
[193.974s][info][gc             ] GC(1320) Pause Young (Allocation Failure) 147M->11M(494M) 28.742ms
[193.974s][info][gc,cpu         ] GC(1320) User=0.02s Sys=0.00s Real=0.02s
[194.089s][info][gc,start       ] GC(1321) Pause Young (Allocation Failure)
[194.117s][info][gc,heap        ] GC(1321) DefNew: 140062K(157248K)->289K(157248K) Eden: 139776K(139776K)->0K(139776K) From: 286K(17472K)->289K(17472K)
[194.117s][info][gc,heap        ] GC(1321) Tenured: 11136K(349568K)->11154K(349568K)
[194.117s][info][gc,metaspace   ] GC(1321) Metaspace: 14272K(15168K)->14272K(15168K) NonClass: 12313K(12864K)->12313K(12864K) Class: 1959K(2304K)->1959K(2304K)
[194.117s][info][gc             ] GC(1321) Pause Young (Allocation Failure) 147M->11M(494M) 27.848ms
[194.117s][info][gc,cpu         ] GC(1321) User=0.03s Sys=0.00s Real=0.03s
[194.233s][info][gc,start       ] GC(1322) Pause Young (Allocation Failure)
[194.259s][info][gc,heap        ] GC(1322) DefNew: 140065K(157248K)->289K(157248K) Eden: 139776K(139776K)->0K(139776K) From: 289K(17472K)->289K(17472K)
[194.259s][info][gc,heap        ] GC(1322) Tenured: 11154K(349568K)->11172K(349568K)
[194.259s][info][gc,metaspace   ] GC(1322) Metaspace: 14272K(15168K)->14272K(15168K) NonClass: 12313K(12864K)->12313K(12864K) Class: 1959K(2304K)->1959K(2304K)
[194.259s][info][gc             ] GC(1322) Pause Young (Allocation Failure) 147M->11M(494M) 26.588ms
[194.259s][info][gc,cpu         ] GC(1322) User=0.02s Sys=0.00s Real=0.02s
[194.383s][info][gc,start       ] GC(1323) Pause Young (Allocation Failure)
[194.408s][info][gc,heap        ] GC(1323) DefNew: 140065K(157248K)->291K(157248K) Eden: 139776K(139776K)->0K(139776K) From: 289K(17472K)->291K(17472K)
[194.408s][info][gc,heap        ] GC(1323) Tenured: 11172K(349568K)->11189K(349568K)
[194.408s][info][gc,metaspace   ] GC(1323) Metaspace: 14272K(15168K)->14272K(15168K) NonClass: 12313K(12864K)->12313K(12864K) Class: 1959K(2304K)->1959K(2304K)
[194.408s][info][gc             ] GC(1323) Pause Young (Allocation Failure) 147M->11M(494M) 24.896ms
[194.408s][info][gc,cpu         ] GC(1323) User=0.00s Sys=0.00s Real=0.01s
[194.521s][info][gc,start       ] GC(1324) Pause Young (Allocation Failure)
[194.547s][info][gc,heap        ] GC(1324) DefNew: 140067K(157248K)->293K(157248K) Eden: 139776K(139776K)->0K(139776K) From: 291K(17472K)->293K(17472K)
[194.547s][info][gc,heap        ] GC(1324) Tenured: 11189K(349568K)->11207K(349568K)
[194.547s][info][gc,metaspace   ] GC(1324) Metaspace: 14272K(15168K)->14272K(15168K) NonClass: 12313K(12864K)->12313K(12864K) Class: 1959K(2304K)->1959K(2304K)
[194.547s][info][gc             ] GC(1324) Pause Young (Allocation Failure) 147M->11M(494M) 26.497ms
[194.547s][info][gc,cpu         ] GC(1324) User=0.02s Sys=0.00s Real=0.02s
[194.657s][info][gc,start       ] GC(1325) Pause Young (Allocation Failure)
[194.685s][info][gc,heap        ] GC(1325) DefNew: 140069K(157248K)->292K(157248K) Eden: 139776K(139776K)->0K(139776K) From: 293K(17472K)->292K(17472K)
[194.686s][info][gc,heap        ] GC(1325) Tenured: 11207K(349568K)->11225K(349568K)
[194.686s][info][gc,metaspace   ] GC(1325) Metaspace: 14272K(15168K)->14272K(15168K) NonClass: 12313K(12864K)->12313K(12864K) Class: 1959K(2304K)->1959K(2304K)
[194.686s][info][gc             ] GC(1325) Pause Young (Allocation Failure) 147M->11M(494M) 28.155ms
[194.686s][info][gc,cpu         ] GC(1325) User=0.03s Sys=0.00s Real=0.03s
[194.796s][info][gc,start       ] GC(1326) Pause Young (Allocation Failure)
[194.817s][info][gc,heap        ] GC(1326) DefNew: 140068K(157248K)->289K(157248K) Eden: 139776K(139776K)->0K(139776K) From: 292K(17472K)->289K(17472K)
[194.817s][info][gc,heap        ] GC(1326) Tenured: 11225K(349568K)->11245K(349568K)
[194.817s][info][gc,metaspace   ] GC(1326) Metaspace: 14272K(15168K)->14272K(15168K) NonClass: 12313K(12864K)->12313K(12864K) Class: 1959K(2304K)->1959K(2304K)
[194.817s][info][gc             ] GC(1326) Pause Young (Allocation Failure) 147M->11M(494M) 20.872ms
[194.817s][info][gc,cpu         ] GC(1326) User=0.02s Sys=0.00s Real=0.02s
[194.926s][info][gc,start       ] GC(1327) Pause Young (Allocation Failure)
[194.947s][info][gc,heap        ] GC(1327) DefNew: 140065K(157248K)->286K(157248K) Eden: 139776K(139776K)->0K(139776K) From: 289K(17472K)->286K(17472K)
[194.947s][info][gc,heap        ] GC(1327) Tenured: 11245K(349568K)->11266K(349568K)
[194.947s][info][gc,metaspace   ] GC(1327) Metaspace: 14272K(15168K)->14272K(15168K) NonClass: 12313K(12864K)->12313K(12864K) Class: 1959K(2304K)->1959K(2304K)
[194.947s][info][gc             ] GC(1327) Pause Young (Allocation Failure) 147M->11M(494M) 21.098ms
[194.947s][info][gc,cpu         ] GC(1327) User=0.03s Sys=0.00s Real=0.02s
[195.057s][info][gc,start       ] GC(1328) Pause Young (Allocation Failure)
[195.085s][info][gc,heap        ] GC(1328) DefNew: 140062K(157248K)->285K(157248K) Eden: 139776K(139776K)->0K(139776K) From: 286K(17472K)->285K(17472K)
[195.085s][info][gc,heap        ] GC(1328) Tenured: 11266K(349568K)->11284K(349568K)
[195.085s][info][gc,metaspace   ] GC(1328) Metaspace: 14272K(15168K)->14272K(15168K) NonClass: 12313K(12864K)->12313K(12864K) Class: 1959K(2304K)->1959K(2304K)
[195.085s][info][gc             ] GC(1328) Pause Young (Allocation Failure) 147M->11M(494M) 27.790ms
[195.085s][info][gc,cpu         ] GC(1328) User=0.03s Sys=0.00s Real=0.03s
[195.198s][info][gc,start       ] GC(1329) Pause Young (Allocation Failure)
[195.227s][info][gc,heap        ] GC(1329) DefNew: 140061K(157248K)->288K(157248K) Eden: 139776K(139776K)->0K(139776K) From: 285K(17472K)->288K(17472K)
[195.227s][info][gc,heap        ] GC(1329) Tenured: 11284K(349568K)->11302K(349568K)
[195.227s][info][gc,metaspace   ] GC(1329) Metaspace: 14272K(15168K)->14272K(15168K) NonClass: 12313K(12864K)->12313K(12864K) Class: 1959K(2304K)->1959K(2304K)
[195.227s][info][gc             ] GC(1329) Pause Young (Allocation Failure) 147M->11M(494M) 28.706ms
[195.227s][info][gc,cpu         ] GC(1329) User=0.03s Sys=0.00s Real=0.03s
[195.339s][info][gc,start       ] GC(1330) Pause Young (Allocation Failure)
[195.367s][info][gc,heap        ] GC(1330) DefNew: 140064K(157248K)->288K(157248K) Eden: 139776K(139776K)->0K(139776K) From: 288K(17472K)->288K(17472K)
[195.367s][info][gc,heap        ] GC(1330) Tenured: 11302K(349568K)->11319K(349568K)
[195.367s][info][gc,metaspace   ] GC(1330) Metaspace: 14272K(15168K)->14272K(15168K) NonClass: 12313K(12864K)->12313K(12864K) Class: 1959K(2304K)->1959K(2304K)
[195.367s][info][gc             ] GC(1330) Pause Young (Allocation Failure) 147M->11M(494M) 28.473ms
[195.367s][info][gc,cpu         ] GC(1330) User=0.02s Sys=0.00s Real=0.02s
[195.480s][info][gc,start       ] GC(1331) Pause Young (Allocation Failure)
[195.509s][info][gc,heap        ] GC(1331) DefNew: 140064K(157248K)->289K(157248K) Eden: 139776K(139776K)->0K(139776K) From: 288K(17472K)->289K(17472K)
[195.509s][info][gc,heap        ] GC(1331) Tenured: 11319K(349568K)->11337K(349568K)
[195.509s][info][gc,metaspace   ] GC(1331) Metaspace: 14272K(15168K)->14272K(15168K) NonClass: 12313K(12864K)->12313K(12864K) Class: 1959K(2304K)->1959K(2304K)
[195.509s][info][gc             ] GC(1331) Pause Young (Allocation Failure) 147M->11M(494M) 28.830ms
[195.509s][info][gc,cpu         ] GC(1331) User=0.03s Sys=0.00s Real=0.03s
[195.621s][info][gc,start       ] GC(1332) Pause Young (Allocation Failure)
[195.651s][info][gc,heap        ] GC(1332) DefNew: 140065K(157248K)->290K(157248K) Eden: 139776K(139776K)->0K(139776K) From: 289K(17472K)->290K(17472K)
[195.651s][info][gc,heap        ] GC(1332) Tenured: 11337K(349568K)->11354K(349568K)
[195.651s][info][gc,metaspace   ] GC(1332) Metaspace: 14272K(15168K)->14272K(15168K) NonClass: 12313K(12864K)->12313K(12864K) Class: 1959K(2304K)->1959K(2304K)
[195.651s][info][gc             ] GC(1332) Pause Young (Allocation Failure) 147M->11M(494M) 30.391ms
[195.651s][info][gc,cpu         ] GC(1332) User=0.03s Sys=0.00s Real=0.03s
[195.764s][info][gc,start       ] GC(1333) Pause Young (Allocation Failure)
[195.794s][info][gc,heap        ] GC(1333) DefNew: 140066K(157248K)->287K(157248K) Eden: 139776K(139776K)->0K(139776K) From: 290K(17472K)->287K(17472K)
[195.794s][info][gc,heap        ] GC(1333) Tenured: 11354K(349568K)->11376K(349568K)
[195.794s][info][gc,metaspace   ] GC(1333) Metaspace: 14272K(15168K)->14272K(15168K) NonClass: 12313K(12864K)->12313K(12864K) Class: 1959K(2304K)->1959K(2304K)
[195.794s][info][gc             ] GC(1333) Pause Young (Allocation Failure) 147M->11M(494M) 29.390ms
[195.794s][info][gc,cpu         ] GC(1333) User=0.02s Sys=0.00s Real=0.02s
[195.906s][info][gc,start       ] GC(1334) Pause Young (Allocation Failure)
[195.936s][info][gc,heap        ] GC(1334) DefNew: 140063K(157248K)->284K(157248K) Eden: 139776K(139776K)->0K(139776K) From: 287K(17472K)->284K(17472K)
[195.936s][info][gc,heap        ] GC(1334) Tenured: 11376K(349568K)->11397K(349568K)
[195.936s][info][gc,metaspace   ] GC(1334) Metaspace: 14272K(15168K)->14272K(15168K) NonClass: 12313K(12864K)->12313K(12864K) Class: 1959K(2304K)->1959K(2304K)
[195.936s][info][gc             ] GC(1334) Pause Young (Allocation Failure) 147M->11M(494M) 29.561ms
[195.936s][info][gc,cpu         ] GC(1334) User=0.02s Sys=0.00s Real=0.02s
[196.047s][info][gc,start       ] GC(1335) Pause Young (Allocation Failure)
[196.079s][info][gc,heap        ] GC(1335) DefNew: 140060K(157248K)->284K(157248K) Eden: 139776K(139776K)->0K(139776K) From: 284K(17472K)->284K(17472K)
[196.079s][info][gc,heap        ] GC(1335) Tenured: 11397K(349568K)->11414K(349568K)
[196.079s][info][gc,metaspace   ] GC(1335) Metaspace: 14272K(15168K)->14272K(15168K) NonClass: 12313K(12864K)->12313K(12864K) Class: 1959K(2304K)->1959K(2304K)
[196.079s][info][gc             ] GC(1335) Pause Young (Allocation Failure) 147M->11M(494M) 31.480ms
[196.079s][info][gc,cpu         ] GC(1335) User=0.03s Sys=0.00s Real=0.03s
[196.192s][info][gc,start       ] GC(1336) Pause Young (Allocation Failure)
[196.223s][info][gc,heap        ] GC(1336) DefNew: 140060K(157248K)->281K(157248K) Eden: 139776K(139776K)->0K(139776K) From: 284K(17472K)->281K(17472K)
[196.223s][info][gc,heap        ] GC(1336) Tenured: 11414K(349568K)->11435K(349568K)
[196.223s][info][gc,metaspace   ] GC(1336) Metaspace: 14272K(15168K)->14272K(15168K) NonClass: 12313K(12864K)->12313K(12864K) Class: 1959K(2304K)->1959K(2304K)
[196.223s][info][gc             ] GC(1336) Pause Young (Allocation Failure) 147M->11M(494M) 30.558ms
[196.223s][info][gc,cpu         ] GC(1336) User=0.03s Sys=0.00s Real=0.03s
[196.335s][info][gc,start       ] GC(1337) Pause Young (Allocation Failure)
[196.367s][info][gc,heap        ] GC(1337) DefNew: 140057K(157248K)->282K(157248K) Eden: 139776K(139776K)->0K(139776K) From: 281K(17472K)->282K(17472K)
[196.367s][info][gc,heap        ] GC(1337) Tenured: 11435K(349568K)->11452K(349568K)
[196.367s][info][gc,metaspace   ] GC(1337) Metaspace: 14272K(15168K)->14272K(15168K) NonClass: 12313K(12864K)->12313K(12864K) Class: 1959K(2304K)->1959K(2304K)
[196.367s][info][gc             ] GC(1337) Pause Young (Allocation Failure) 147M->11M(494M) 31.949ms
[196.367s][info][gc,cpu         ] GC(1337) User=0.02s Sys=0.00s Real=0.02s
[196.479s][info][gc,start       ] GC(1338) Pause Young (Allocation Failure)
[196.510s][info][gc,heap        ] GC(1338) DefNew: 140058K(157248K)->284K(157248K) Eden: 139776K(139776K)->0K(139776K) From: 282K(17472K)->284K(17472K)
[196.510s][info][gc,heap        ] GC(1338) Tenured: 11452K(349568K)->11473K(349568K)
[196.510s][info][gc,metaspace   ] GC(1338) Metaspace: 14272K(15168K)->14272K(15168K) NonClass: 12313K(12864K)->12313K(12864K) Class: 1959K(2304K)->1959K(2304K)
[196.510s][info][gc             ] GC(1338) Pause Young (Allocation Failure) 147M->11M(494M) 31.014ms
[196.510s][info][gc,cpu         ] GC(1338) User=0.03s Sys=0.00s Real=0.03s
[196.624s][info][gc,start       ] GC(1339) Pause Young (Allocation Failure)
[196.656s][info][gc,heap        ] GC(1339) DefNew: 140060K(157248K)->284K(157248K) Eden: 139776K(139776K)->0K(139776K) From: 284K(17472K)->284K(17472K)
[196.656s][info][gc,heap        ] GC(1339) Tenured: 11473K(349568K)->11491K(349568K)
[196.656s][info][gc,metaspace   ] GC(1339) Metaspace: 14272K(15168K)->14272K(15168K) NonClass: 12313K(12864K)->12313K(12864K) Class: 1959K(2304K)->1959K(2304K)
[196.656s][info][gc             ] GC(1339) Pause Young (Allocation Failure) 147M->11M(494M) 32.550ms
[196.656s][info][gc,cpu         ] GC(1339) User=0.03s Sys=0.00s Real=0.03s
[196.769s][info][gc,start       ] GC(1340) Pause Young (Allocation Failure)
[196.793s][info][gc,heap        ] GC(1340) DefNew: 140060K(157248K)->285K(157248K) Eden: 139776K(139776K)->0K(139776K) From: 284K(17472K)->285K(17472K)
[196.793s][info][gc,heap        ] GC(1340) Tenured: 11491K(349568K)->11508K(349568K)
[196.793s][info][gc,metaspace   ] GC(1340) Metaspace: 14272K(15168K)->14272K(15168K) NonClass: 12313K(12864K)->12313K(12864K) Class: 1959K(2304K)->1959K(2304K)
[196.793s][info][gc             ] GC(1340) Pause Young (Allocation Failure) 147M->11M(494M) 23.404ms
[196.793s][info][gc,cpu         ] GC(1340) User=0.02s Sys=0.00s Real=0.02s
[196.905s][info][gc,start       ] GC(1341) Pause Young (Allocation Failure)
[196.928s][info][gc,heap        ] GC(1341) DefNew: 140061K(157248K)->285K(157248K) Eden: 139776K(139776K)->0K(139776K) From: 285K(17472K)->285K(17472K)
[196.928s][info][gc,heap        ] GC(1341) Tenured: 11508K(349568K)->11526K(349568K)
[196.928s][info][gc,metaspace   ] GC(1341) Metaspace: 14272K(15168K)->14272K(15168K) NonClass: 12313K(12864K)->12313K(12864K) Class: 1959K(2304K)->1959K(2304K)
[196.928s][info][gc             ] GC(1341) Pause Young (Allocation Failure) 148M->11M(494M) 23.883ms
[196.928s][info][gc,cpu         ] GC(1341) User=0.02s Sys=0.00s Real=0.02s
[197.039s][info][gc,start       ] GC(1342) Pause Young (Allocation Failure)
[197.063s][info][gc,heap        ] GC(1342) DefNew: 140061K(157248K)->285K(157248K) Eden: 139776K(139776K)->0K(139776K) From: 285K(17472K)->285K(17472K)
[197.063s][info][gc,heap        ] GC(1342) Tenured: 11526K(349568K)->11544K(349568K)
[197.063s][info][gc,metaspace   ] GC(1342) Metaspace: 14272K(15168K)->14272K(15168K) NonClass: 12313K(12864K)->12313K(12864K) Class: 1959K(2304K)->1959K(2304K)
[197.063s][info][gc             ] GC(1342) Pause Young (Allocation Failure) 148M->11M(494M) 24.192ms
[197.063s][info][gc,cpu         ] GC(1342) User=0.02s Sys=0.00s Real=0.02s
[197.173s][info][gc,start       ] GC(1343) Pause Young (Allocation Failure)
[197.205s][info][gc,heap        ] GC(1343) DefNew: 140061K(157248K)->284K(157248K) Eden: 139776K(139776K)->0K(139776K) From: 285K(17472K)->284K(17472K)
[197.205s][info][gc,heap        ] GC(1343) Tenured: 11544K(349568K)->11561K(349568K)
[197.205s][info][gc,metaspace   ] GC(1343) Metaspace: 14272K(15168K)->14272K(15168K) NonClass: 12313K(12864K)->12313K(12864K) Class: 1959K(2304K)->1959K(2304K)
[197.205s][info][gc             ] GC(1343) Pause Young (Allocation Failure) 148M->11M(494M) 32.287ms
[197.205s][info][gc,cpu         ] GC(1343) User=0.03s Sys=0.00s Real=0.03s
[197.320s][info][gc,start       ] GC(1344) Pause Young (Allocation Failure)
[197.352s][info][gc,heap        ] GC(1344) DefNew: 140060K(157248K)->284K(157248K) Eden: 139776K(139776K)->0K(139776K) From: 284K(17472K)->284K(17472K)
[197.352s][info][gc,heap        ] GC(1344) Tenured: 11561K(349568K)->11581K(349568K)
[197.352s][info][gc,metaspace   ] GC(1344) Metaspace: 14272K(15168K)->14272K(15168K) NonClass: 12313K(12864K)->12313K(12864K) Class: 1959K(2304K)->1959K(2304K)
[197.353s][info][gc             ] GC(1344) Pause Young (Allocation Failure) 148M->11M(494M) 32.631ms
[197.353s][info][gc,cpu         ] GC(1344) User=0.03s Sys=0.00s Real=0.03s
[197.466s][info][gc,start       ] GC(1345) Pause Young (Allocation Failure)
[197.499s][info][gc,heap        ] GC(1345) DefNew: 140060K(157248K)->282K(157248K) Eden: 139776K(139776K)->0K(139776K) From: 284K(17472K)->282K(17472K)
[197.499s][info][gc,heap        ] GC(1345) Tenured: 11581K(349568K)->11599K(349568K)
[197.499s][info][gc,metaspace   ] GC(1345) Metaspace: 14272K(15168K)->14272K(15168K) NonClass: 12313K(12864K)->12313K(12864K) Class: 1959K(2304K)->1959K(2304K)
[197.499s][info][gc             ] GC(1345) Pause Young (Allocation Failure) 148M->11M(494M) 32.993ms
[197.499s][info][gc,cpu         ] GC(1345) User=0.03s Sys=0.00s Real=0.03s
[197.688s][info][gc,start       ] GC(1346) Pause Young (Allocation Failure)
[197.727s][info][gc,heap        ] GC(1346) DefNew: 140058K(157248K)->281K(157248K) Eden: 139776K(139776K)->0K(139776K) From: 282K(17472K)->281K(17472K)
[197.727s][info][gc,heap        ] GC(1346) Tenured: 11599K(349568K)->11617K(349568K)
[197.727s][info][gc,metaspace   ] GC(1346) Metaspace: 14272K(15168K)->14272K(15168K) NonClass: 12313K(12864K)->12313K(12864K) Class: 1959K(2304K)->1959K(2304K)
[197.727s][info][gc             ] GC(1346) Pause Young (Allocation Failure) 148M->11M(494M) 39.307ms
[197.727s][info][gc,cpu         ] GC(1346) User=0.05s Sys=0.00s Real=0.04s
[197.847s][info][gc,start       ] GC(1347) Pause Young (Allocation Failure)
[197.878s][info][gc,heap        ] GC(1347) DefNew: 140057K(157248K)->281K(157248K) Eden: 139776K(139776K)->0K(139776K) From: 281K(17472K)->281K(17472K)
[197.878s][info][gc,heap        ] GC(1347) Tenured: 11617K(349568K)->11635K(349568K)
[197.878s][info][gc,metaspace   ] GC(1347) Metaspace: 14272K(15168K)->14272K(15168K) NonClass: 12313K(12864K)->12313K(12864K) Class: 1959K(2304K)->1959K(2304K)
[197.878s][info][gc             ] GC(1347) Pause Young (Allocation Failure) 148M->11M(494M) 31.025ms
[197.878s][info][gc,cpu         ] GC(1347) User=0.02s Sys=0.00s Real=0.02s
[197.995s][info][gc,start       ] GC(1348) Pause Young (Allocation Failure)
[198.025s][info][gc,heap        ] GC(1348) DefNew: 140057K(157248K)->279K(157248K) Eden: 139776K(139776K)->0K(139776K) From: 281K(17472K)->279K(17472K)
[198.025s][info][gc,heap        ] GC(1348) Tenured: 11635K(349568K)->11655K(349568K)
[198.025s][info][gc,metaspace   ] GC(1348) Metaspace: 14272K(15168K)->14272K(15168K) NonClass: 12313K(12864K)->12313K(12864K) Class: 1959K(2304K)->1959K(2304K)
[198.025s][info][gc             ] GC(1348) Pause Young (Allocation Failure) 148M->11M(494M) 29.433ms
[198.025s][info][gc,cpu         ] GC(1348) User=0.03s Sys=0.00s Real=0.03s
[198.138s][info][gc,start       ] GC(1349) Pause Young (Allocation Failure)
[198.166s][info][gc,heap        ] GC(1349) DefNew: 140055K(157248K)->278K(157248K) Eden: 139776K(139776K)->0K(139776K) From: 279K(17472K)->278K(17472K)
[198.166s][info][gc,heap        ] GC(1349) Tenured: 11655K(349568K)->11673K(349568K)
[198.166s][info][gc,metaspace   ] GC(1349) Metaspace: 14272K(15168K)->14272K(15168K) NonClass: 12313K(12864K)->12313K(12864K) Class: 1959K(2304K)->1959K(2304K)
[198.166s][info][gc             ] GC(1349) Pause Young (Allocation Failure) 148M->11M(494M) 27.986ms
[198.166s][info][gc,cpu         ] GC(1349) User=0.02s Sys=0.00s Real=0.02s
[198.293s][info][gc,start       ] GC(1350) Pause Young (Allocation Failure)
[198.313s][info][gc,heap        ] GC(1350) DefNew: 140054K(157248K)->283K(157248K) Eden: 139776K(139776K)->0K(139776K) From: 278K(17472K)->283K(17472K)
[198.313s][info][gc,heap        ] GC(1350) Tenured: 11673K(349568K)->11691K(349568K)
[198.313s][info][gc,metaspace   ] GC(1350) Metaspace: 14272K(15168K)->14272K(15168K) NonClass: 12313K(12864K)->12313K(12864K) Class: 1959K(2304K)->1959K(2304K)
[198.313s][info][gc             ] GC(1350) Pause Young (Allocation Failure) 148M->11M(494M) 19.949ms
[198.313s][info][gc,cpu         ] GC(1350) User=0.02s Sys=0.00s Real=0.02s
[198.427s][info][gc,start       ] GC(1351) Pause Young (Allocation Failure)
[198.453s][info][gc,heap        ] GC(1351) DefNew: 140059K(157248K)->282K(157248K) Eden: 139776K(139776K)->0K(139776K) From: 283K(17472K)->282K(17472K)
[198.453s][info][gc,heap        ] GC(1351) Tenured: 11691K(349568K)->11708K(349568K)
[198.453s][info][gc,metaspace   ] GC(1351) Metaspace: 14272K(15168K)->14272K(15168K) NonClass: 12313K(12864K)->12313K(12864K) Class: 1959K(2304K)->1959K(2304K)
[198.453s][info][gc             ] GC(1351) Pause Young (Allocation Failure) 148M->11M(494M) 26.550ms
[198.453s][info][gc,cpu         ] GC(1351) User=0.03s Sys=0.00s Real=0.03s
[198.565s][info][gc,start       ] GC(1352) Pause Young (Allocation Failure)
[198.592s][info][gc,heap        ] GC(1352) DefNew: 140058K(157248K)->286K(157248K) Eden: 139776K(139776K)->0K(139776K) From: 282K(17472K)->286K(17472K)
[198.592s][info][gc,heap        ] GC(1352) Tenured: 11708K(349568K)->11726K(349568K)
[198.592s][info][gc,metaspace   ] GC(1352) Metaspace: 14272K(15168K)->14272K(15168K) NonClass: 12313K(12864K)->12313K(12864K) Class: 1959K(2304K)->1959K(2304K)
[198.593s][info][gc             ] GC(1352) Pause Young (Allocation Failure) 148M->11M(494M) 27.928ms
[198.593s][info][gc,cpu         ] GC(1352) User=0.03s Sys=0.00s Real=0.03s
[198.705s][info][gc,start       ] GC(1353) Pause Young (Allocation Failure)
[198.732s][info][gc,heap        ] GC(1353) DefNew: 140062K(157248K)->281K(157248K) Eden: 139776K(139776K)->0K(139776K) From: 286K(17472K)->281K(17472K)
[198.732s][info][gc,heap        ] GC(1353) Tenured: 11726K(349568K)->11749K(349568K)
[198.732s][info][gc,metaspace   ] GC(1353) Metaspace: 14272K(15168K)->14272K(15168K) NonClass: 12313K(12864K)->12313K(12864K) Class: 1959K(2304K)->1959K(2304K)
[198.732s][info][gc             ] GC(1353) Pause Young (Allocation Failure) 148M->11M(494M) 26.915ms
[198.732s][info][gc,cpu         ] GC(1353) User=0.02s Sys=0.00s Real=0.02s
[198.843s][info][gc,start       ] GC(1354) Pause Young (Allocation Failure)
[198.870s][info][gc,heap        ] GC(1354) DefNew: 140057K(157248K)->280K(157248K) Eden: 139775K(139776K)->0K(139776K) From: 281K(17472K)->280K(17472K)
[198.870s][info][gc,heap        ] GC(1354) Tenured: 11749K(349568K)->11766K(349568K)
[198.870s][info][gc,metaspace   ] GC(1354) Metaspace: 14272K(15168K)->14272K(15168K) NonClass: 12313K(12864K)->12313K(12864K) Class: 1959K(2304K)->1959K(2304K)
[198.870s][info][gc             ] GC(1354) Pause Young (Allocation Failure) 148M->11M(494M) 26.975ms
[198.870s][info][gc,cpu         ] GC(1354) User=0.02s Sys=0.00s Real=0.02s
[198.980s][info][gc,start       ] GC(1355) Pause Young (Allocation Failure)
[199.009s][info][gc,heap        ] GC(1355) DefNew: 140056K(157248K)->280K(157248K) Eden: 139776K(139776K)->0K(139776K) From: 280K(17472K)->280K(17472K)
[199.009s][info][gc,heap        ] GC(1355) Tenured: 11766K(349568K)->11784K(349568K)
[199.009s][info][gc,metaspace   ] GC(1355) Metaspace: 14272K(15168K)->14272K(15168K) NonClass: 12313K(12864K)->12313K(12864K) Class: 1959K(2304K)->1959K(2304K)
[199.009s][info][gc             ] GC(1355) Pause Young (Allocation Failure) 148M->11M(494M) 28.942ms
[199.009s][info][gc,cpu         ] GC(1355) User=0.03s Sys=0.00s Real=0.03s
[199.119s][info][gc,start       ] GC(1356) Pause Young (Allocation Failure)
[199.141s][info][gc,heap        ] GC(1356) DefNew: 140056K(157248K)->280K(157248K) Eden: 139776K(139776K)->0K(139776K) From: 280K(17472K)->280K(17472K)
[199.141s][info][gc,heap        ] GC(1356) Tenured: 11784K(349568K)->11802K(349568K)
[199.141s][info][gc,metaspace   ] GC(1356) Metaspace: 14272K(15168K)->14272K(15168K) NonClass: 12313K(12864K)->12313K(12864K) Class: 1959K(2304K)->1959K(2304K)
[199.141s][info][gc             ] GC(1356) Pause Young (Allocation Failure) 148M->11M(494M) 21.848ms
[199.141s][info][gc,cpu         ] GC(1356) User=0.00s Sys=0.00s Real=0.01s
[199.247s][info][gc,start       ] GC(1357) Pause Young (Allocation Failure)
[199.268s][info][gc,heap        ] GC(1357) DefNew: 140056K(157248K)->280K(157248K) Eden: 139776K(139776K)->0K(139776K) From: 280K(17472K)->280K(17472K)
[199.268s][info][gc,heap        ] GC(1357) Tenured: 11802K(349568K)->11820K(349568K)
[199.268s][info][gc,metaspace   ] GC(1357) Metaspace: 14272K(15168K)->14272K(15168K) NonClass: 12313K(12864K)->12313K(12864K) Class: 1959K(2304K)->1959K(2304K)
[199.269s][info][gc             ] GC(1357) Pause Young (Allocation Failure) 148M->11M(494M) 21.210ms
[199.269s][info][gc,cpu         ] GC(1357) User=0.02s Sys=0.00s Real=0.02s
[199.378s][info][gc,start       ] GC(1358) Pause Young (Allocation Failure)
[199.406s][info][gc,heap        ] GC(1358) DefNew: 140056K(157248K)->280K(157248K) Eden: 139776K(139776K)->0K(139776K) From: 280K(17472K)->280K(17472K)
[199.406s][info][gc,heap        ] GC(1358) Tenured: 11820K(349568K)->11837K(349568K)
[199.406s][info][gc,metaspace   ] GC(1358) Metaspace: 14272K(15168K)->14272K(15168K) NonClass: 12313K(12864K)->12313K(12864K) Class: 1959K(2304K)->1959K(2304K)
[199.406s][info][gc             ] GC(1358) Pause Young (Allocation Failure) 148M->11M(494M) 28.419ms
[199.406s][info][gc,cpu         ] GC(1358) User=0.02s Sys=0.00s Real=0.02s
[199.518s][info][gc,start       ] GC(1359) Pause Young (Allocation Failure)
[199.547s][info][gc,heap        ] GC(1359) DefNew: 140056K(157248K)->281K(157248K) Eden: 139776K(139776K)->0K(139776K) From: 280K(17472K)->281K(17472K)
[199.547s][info][gc,heap        ] GC(1359) Tenured: 11837K(349568K)->11855K(349568K)
[199.547s][info][gc,metaspace   ] GC(1359) Metaspace: 14272K(15168K)->14272K(15168K) NonClass: 12313K(12864K)->12313K(12864K) Class: 1959K(2304K)->1959K(2304K)
[199.547s][info][gc             ] GC(1359) Pause Young (Allocation Failure) 148M->11M(494M) 29.326ms
[199.547s][info][gc,cpu         ] GC(1359) User=0.02s Sys=0.00s Real=0.02s
[199.660s][info][gc,start       ] GC(1360) Pause Young (Allocation Failure)
[199.682s][info][gc,heap        ] GC(1360) DefNew: 140057K(157248K)->281K(157248K) Eden: 139776K(139776K)->0K(139776K) From: 281K(17472K)->281K(17472K)
[199.682s][info][gc,heap        ] GC(1360) Tenured: 11855K(349568K)->11873K(349568K)
[199.682s][info][gc,metaspace   ] GC(1360) Metaspace: 14272K(15168K)->14272K(15168K) NonClass: 12313K(12864K)->12313K(12864K) Class: 1959K(2304K)->1959K(2304K)
[199.682s][info][gc             ] GC(1360) Pause Young (Allocation Failure) 148M->11M(494M) 21.930ms
[199.682s][info][gc,cpu         ] GC(1360) User=0.03s Sys=0.00s Real=0.02s
[199.792s][info][gc,start       ] GC(1361) Pause Young (Allocation Failure)
[199.822s][info][gc,heap        ] GC(1361) DefNew: 140057K(157248K)->279K(157248K) Eden: 139776K(139776K)->0K(139776K) From: 281K(17472K)->279K(17472K)
[199.822s][info][gc,heap        ] GC(1361) Tenured: 11873K(349568K)->11891K(349568K)
[199.822s][info][gc,metaspace   ] GC(1361) Metaspace: 14272K(15168K)->14272K(15168K) NonClass: 12313K(12864K)->12313K(12864K) Class: 1959K(2304K)->1959K(2304K)
[199.822s][info][gc             ] GC(1361) Pause Young (Allocation Failure) 148M->11M(494M) 29.930ms
[199.822s][info][gc,cpu         ] GC(1361) User=0.03s Sys=0.00s Real=0.03s
[199.933s][info][gc,start       ] GC(1362) Pause Young (Allocation Failure)
[199.963s][info][gc,heap        ] GC(1362) DefNew: 140055K(157248K)->279K(157248K) Eden: 139776K(139776K)->0K(139776K) From: 279K(17472K)->279K(17472K)
[199.963s][info][gc,heap        ] GC(1362) Tenured: 11891K(349568K)->11909K(349568K)
[199.963s][info][gc,metaspace   ] GC(1362) Metaspace: 14272K(15168K)->14272K(15168K) NonClass: 12313K(12864K)->12313K(12864K) Class: 1959K(2304K)->1959K(2304K)
[199.963s][info][gc             ] GC(1362) Pause Young (Allocation Failure) 148M->11M(494M) 30.054ms
[199.963s][info][gc,cpu         ] GC(1362) User=0.02s Sys=0.00s Real=0.02s
[200.075s][info][gc,start       ] GC(1363) Pause Young (Allocation Failure)
[200.104s][info][gc,heap        ] GC(1363) DefNew: 140055K(157248K)->279K(157248K) Eden: 139776K(139776K)->0K(139776K) From: 279K(17472K)->279K(17472K)
[200.111s][info][gc,heap        ] GC(1363) Tenured: 11909K(349568K)->11926K(349568K)
[200.111s][info][gc,metaspace   ] GC(1363) Metaspace: 14272K(15168K)->14272K(15168K) NonClass: 12313K(12864K)->12313K(12864K) Class: 1959K(2304K)->1959K(2304K)
[200.111s][info][gc             ] GC(1363) Pause Young (Allocation Failure) 148M->11M(494M) 36.344ms
[200.111s][info][gc,cpu         ] GC(1363) User=0.02s Sys=0.00s Real=0.03s
[200.226s][info][gc,start       ] GC(1364) Pause Young (Allocation Failure)
[200.256s][info][gc,heap        ] GC(1364) DefNew: 140055K(157248K)->282K(157248K) Eden: 139776K(139776K)->0K(139776K) From: 279K(17472K)->282K(17472K)
[200.256s][info][gc,heap        ] GC(1364) Tenured: 11926K(349568K)->11944K(349568K)
[200.256s][info][gc,metaspace   ] GC(1364) Metaspace: 14272K(15168K)->14272K(15168K) NonClass: 12313K(12864K)->12313K(12864K) Class: 1959K(2304K)->1959K(2304K)
[200.256s][info][gc             ] GC(1364) Pause Young (Allocation Failure) 148M->11M(494M) 30.476ms
[200.256s][info][gc,cpu         ] GC(1364) User=0.02s Sys=0.00s Real=0.02s
[200.368s][info][gc,start       ] GC(1365) Pause Young (Allocation Failure)
[200.398s][info][gc,heap        ] GC(1365) DefNew: 140058K(157248K)->279K(157248K) Eden: 139776K(139776K)->0K(139776K) From: 282K(17472K)->279K(17472K)
[200.398s][info][gc,heap        ] GC(1365) Tenured: 11944K(349568K)->11965K(349568K)
[200.398s][info][gc,metaspace   ] GC(1365) Metaspace: 14272K(15168K)->14272K(15168K) NonClass: 12313K(12864K)->12313K(12864K) Class: 1959K(2304K)->1959K(2304K)
[200.398s][info][gc             ] GC(1365) Pause Young (Allocation Failure) 148M->11M(494M) 30.868ms
[200.398s][info][gc,cpu         ] GC(1365) User=0.02s Sys=0.00s Real=0.02s
[200.510s][info][gc,start       ] GC(1366) Pause Young (Allocation Failure)
[200.542s][info][gc,heap        ] GC(1366) DefNew: 140055K(157248K)->280K(157248K) Eden: 139776K(139776K)->0K(139776K) From: 279K(17472K)->280K(17472K)
[200.542s][info][gc,heap        ] GC(1366) Tenured: 11965K(349568K)->11983K(349568K)
[200.542s][info][gc,metaspace   ] GC(1366) Metaspace: 14272K(15168K)->14272K(15168K) NonClass: 12313K(12864K)->12313K(12864K) Class: 1959K(2304K)->1959K(2304K)
[200.542s][info][gc             ] GC(1366) Pause Young (Allocation Failure) 148M->11M(494M) 32.423ms
[200.542s][info][gc,cpu         ] GC(1366) User=0.03s Sys=0.00s Real=0.03s
[200.656s][info][gc,start       ] GC(1367) Pause Young (Allocation Failure)
[200.679s][info][gc,heap        ] GC(1367) DefNew: 140056K(157248K)->277K(157248K) Eden: 139776K(139776K)->0K(139776K) From: 280K(17472K)->277K(17472K)
[200.680s][info][gc,heap        ] GC(1367) Tenured: 11983K(349568K)->12003K(349568K)
[200.680s][info][gc,metaspace   ] GC(1367) Metaspace: 14272K(15168K)->14272K(15168K) NonClass: 12313K(12864K)->12313K(12864K) Class: 1959K(2304K)->1959K(2304K)
[200.680s][info][gc             ] GC(1367) Pause Young (Allocation Failure) 148M->11M(494M) 23.608ms
[200.680s][info][gc,cpu         ] GC(1367) User=0.02s Sys=0.00s Real=0.02s
[200.790s][info][gc,start       ] GC(1368) Pause Young (Allocation Failure)
[200.814s][info][gc,heap        ] GC(1368) DefNew: 140053K(157248K)->281K(157248K) Eden: 139776K(139776K)->0K(139776K) From: 277K(17472K)->281K(17472K)
[200.814s][info][gc,heap        ] GC(1368) Tenured: 12003K(349568K)->12021K(349568K)
[200.814s][info][gc,metaspace   ] GC(1368) Metaspace: 14272K(15168K)->14272K(15168K) NonClass: 12313K(12864K)->12313K(12864K) Class: 1959K(2304K)->1959K(2304K)
[200.814s][info][gc             ] GC(1368) Pause Young (Allocation Failure) 148M->12M(494M) 24.030ms
[200.814s][info][gc,cpu         ] GC(1368) User=0.02s Sys=0.00s Real=0.02s
[200.923s][info][gc,start       ] GC(1369) Pause Young (Allocation Failure)
[200.946s][info][gc,heap        ] GC(1369) DefNew: 140057K(157248K)->278K(157248K) Eden: 139776K(139776K)->0K(139776K) From: 281K(17472K)->278K(17472K)
[200.946s][info][gc,heap        ] GC(1369) Tenured: 12021K(349568K)->12039K(349568K)
[200.946s][info][gc,metaspace   ] GC(1369) Metaspace: 14272K(15168K)->14272K(15168K) NonClass: 12313K(12864K)->12313K(12864K) Class: 1959K(2304K)->1959K(2304K)
[200.946s][info][gc             ] GC(1369) Pause Young (Allocation Failure) 148M->12M(494M) 23.577ms
[200.946s][info][gc,cpu         ] GC(1369) User=0.02s Sys=0.00s Real=0.02s
[201.058s][info][gc,start       ] GC(1370) Pause Young (Allocation Failure)
[201.082s][info][gc,heap        ] GC(1370) DefNew: 140054K(157248K)->279K(157248K) Eden: 139776K(139776K)->0K(139776K) From: 278K(17472K)->279K(17472K)
[201.082s][info][gc,heap        ] GC(1370) Tenured: 12039K(349568K)->12056K(349568K)
[201.082s][info][gc,metaspace   ] GC(1370) Metaspace: 14272K(15168K)->14272K(15168K) NonClass: 12313K(12864K)->12313K(12864K) Class: 1959K(2304K)->1959K(2304K)
[201.082s][info][gc             ] GC(1370) Pause Young (Allocation Failure) 148M->12M(494M) 24.406ms
[201.082s][info][gc,cpu         ] GC(1370) User=0.02s Sys=0.00s Real=0.02s
[201.191s][info][gc,start       ] GC(1371) Pause Young (Allocation Failure)
[201.215s][info][gc,heap        ] GC(1371) DefNew: 140055K(157248K)->280K(157248K) Eden: 139776K(139776K)->0K(139776K) From: 279K(17472K)->280K(17472K)
[201.215s][info][gc,heap        ] GC(1371) Tenured: 12056K(349568K)->12074K(349568K)
[201.215s][info][gc,metaspace   ] GC(1371) Metaspace: 14272K(15168K)->14272K(15168K) NonClass: 12313K(12864K)->12313K(12864K) Class: 1959K(2304K)->1959K(2304K)
[201.215s][info][gc             ] GC(1371) Pause Young (Allocation Failure) 148M->12M(494M) 24.019ms
[201.215s][info][gc,cpu         ] GC(1371) User=0.03s Sys=0.00s Real=0.02s
[201.328s][info][gc,start       ] GC(1372) Pause Young (Allocation Failure)
[201.361s][info][gc,heap        ] GC(1372) DefNew: 140056K(157248K)->280K(157248K) Eden: 139776K(139776K)->0K(139776K) From: 280K(17472K)->280K(17472K)
[201.361s][info][gc,heap        ] GC(1372) Tenured: 12074K(349568K)->12092K(349568K)
[201.361s][info][gc,metaspace   ] GC(1372) Metaspace: 14272K(15168K)->14272K(15168K) NonClass: 12313K(12864K)->12313K(12864K) Class: 1959K(2304K)->1959K(2304K)
[201.361s][info][gc             ] GC(1372) Pause Young (Allocation Failure) 148M->12M(494M) 32.949ms
[201.361s][info][gc,cpu         ] GC(1372) User=0.02s Sys=0.00s Real=0.02s
[201.473s][info][gc,start       ] GC(1373) Pause Young (Allocation Failure)
[201.506s][info][gc,heap        ] GC(1373) DefNew: 140056K(157248K)->280K(157248K) Eden: 139775K(139776K)->0K(139776K) From: 280K(17472K)->280K(17472K)
[201.506s][info][gc,heap        ] GC(1373) Tenured: 12092K(349568K)->12110K(349568K)
[201.506s][info][gc,metaspace   ] GC(1373) Metaspace: 14272K(15168K)->14272K(15168K) NonClass: 12313K(12864K)->12313K(12864K) Class: 1959K(2304K)->1959K(2304K)
[201.507s][info][gc             ] GC(1373) Pause Young (Allocation Failure) 148M->12M(494M) 33.300ms
[201.507s][info][gc,cpu         ] GC(1373) User=0.05s Sys=0.00s Real=0.03s
[201.708s][info][gc,start       ] GC(1374) Pause Young (Allocation Failure)
[201.747s][info][gc,heap        ] GC(1374) DefNew: 140056K(157248K)->282K(157248K) Eden: 139776K(139776K)->0K(139776K) From: 280K(17472K)->282K(17472K)
[201.747s][info][gc,heap        ] GC(1374) Tenured: 12110K(349568K)->12127K(349568K)
[201.747s][info][gc,metaspace   ] GC(1374) Metaspace: 14272K(15168K)->14272K(15168K) NonClass: 12313K(12864K)->12313K(12864K) Class: 1959K(2304K)->1959K(2304K)
[201.747s][info][gc             ] GC(1374) Pause Young (Allocation Failure) 148M->12M(494M) 39.523ms
[201.747s][info][gc,cpu         ] GC(1374) User=0.03s Sys=0.00s Real=0.03s
[201.867s][info][gc,start       ] GC(1375) Pause Young (Allocation Failure)
[201.891s][info][gc,heap        ] GC(1375) DefNew: 140058K(157248K)->284K(157248K) Eden: 139776K(139776K)->0K(139776K) From: 282K(17472K)->284K(17472K)
[201.891s][info][gc,heap        ] GC(1375) Tenured: 12127K(349568K)->12145K(349568K)
[201.891s][info][gc,metaspace   ] GC(1375) Metaspace: 14272K(15168K)->14272K(15168K) NonClass: 12313K(12864K)->12313K(12864K) Class: 1959K(2304K)->1959K(2304K)
[201.891s][info][gc             ] GC(1375) Pause Young (Allocation Failure) 148M->12M(494M) 23.648ms
[201.891s][info][gc,cpu         ] GC(1375) User=0.02s Sys=0.00s Real=0.02s
[202.018s][info][gc,start       ] GC(1376) Pause Young (Allocation Failure)
[202.041s][info][gc,heap        ] GC(1376) DefNew: 140060K(157248K)->286K(157248K) Eden: 139776K(139776K)->0K(139776K) From: 284K(17472K)->286K(17472K)
[202.041s][info][gc,heap        ] GC(1376) Tenured: 12145K(349568K)->12162K(349568K)
[202.041s][info][gc,metaspace   ] GC(1376) Metaspace: 14272K(15168K)->14272K(15168K) NonClass: 12313K(12864K)->12313K(12864K) Class: 1959K(2304K)->1959K(2304K)
[202.041s][info][gc             ] GC(1376) Pause Young (Allocation Failure) 148M->12M(494M) 22.706ms
[202.041s][info][gc,cpu         ] GC(1376) User=0.03s Sys=0.00s Real=0.02s
[202.160s][info][gc,start       ] GC(1377) Pause Young (Allocation Failure)
[202.182s][info][gc,heap        ] GC(1377) DefNew: 140062K(157248K)->289K(157248K) Eden: 139776K(139776K)->0K(139776K) From: 286K(17472K)->289K(17472K)
[202.182s][info][gc,heap        ] GC(1377) Tenured: 12162K(349568K)->12180K(349568K)
[202.182s][info][gc,metaspace   ] GC(1377) Metaspace: 14272K(15168K)->14272K(15168K) NonClass: 12313K(12864K)->12313K(12864K) Class: 1959K(2304K)->1959K(2304K)
[202.182s][info][gc             ] GC(1377) Pause Young (Allocation Failure) 148M->12M(494M) 21.852ms
[202.182s][info][gc,cpu         ] GC(1377) User=0.02s Sys=0.00s Real=0.01s
[202.296s][info][gc,start       ] GC(1378) Pause Young (Allocation Failure)
[202.316s][info][gc,heap        ] GC(1378) DefNew: 140065K(157248K)->290K(157248K) Eden: 139775K(139776K)->0K(139776K) From: 289K(17472K)->290K(17472K)
[202.316s][info][gc,heap        ] GC(1378) Tenured: 12180K(349568K)->12198K(349568K)
[202.316s][info][gc,metaspace   ] GC(1378) Metaspace: 14272K(15168K)->14272K(15168K) NonClass: 12313K(12864K)->12313K(12864K) Class: 1959K(2304K)->1959K(2304K)
[202.316s][info][gc             ] GC(1378) Pause Young (Allocation Failure) 148M->12M(494M) 20.225ms
[202.316s][info][gc,cpu         ] GC(1378) User=0.02s Sys=0.00s Real=0.02s
[202.424s][info][gc,start       ] GC(1379) Pause Young (Allocation Failure)
[202.451s][info][gc,heap        ] GC(1379) DefNew: 140066K(157248K)->290K(157248K) Eden: 139776K(139776K)->0K(139776K) From: 290K(17472K)->290K(17472K)
[202.451s][info][gc,heap        ] GC(1379) Tenured: 12198K(349568K)->12219K(349568K)
[202.451s][info][gc,metaspace   ] GC(1379) Metaspace: 14272K(15168K)->14272K(15168K) NonClass: 12313K(12864K)->12313K(12864K) Class: 1959K(2304K)->1959K(2304K)
[202.451s][info][gc             ] GC(1379) Pause Young (Allocation Failure) 148M->12M(494M) 26.917ms
[202.451s][info][gc,cpu         ] GC(1379) User=0.02s Sys=0.00s Real=0.01s
[202.564s][info][gc,start       ] GC(1380) Pause Young (Allocation Failure)
[202.592s][info][gc,heap        ] GC(1380) DefNew: 140066K(157248K)->293K(157248K) Eden: 139776K(139776K)->0K(139776K) From: 290K(17472K)->293K(17472K)
[202.592s][info][gc,heap        ] GC(1380) Tenured: 12219K(349568K)->12237K(349568K)
[202.592s][info][gc,metaspace   ] GC(1380) Metaspace: 14272K(15168K)->14272K(15168K) NonClass: 12313K(12864K)->12313K(12864K) Class: 1959K(2304K)->1959K(2304K)
[202.592s][info][gc             ] GC(1380) Pause Young (Allocation Failure) 148M->12M(494M) 28.140ms
[202.592s][info][gc,cpu         ] GC(1380) User=0.02s Sys=0.00s Real=0.02s
[202.705s][info][gc,start       ] GC(1381) Pause Young (Allocation Failure)
[202.726s][info][gc,heap        ] GC(1381) DefNew: 140069K(157248K)->295K(157248K) Eden: 139776K(139776K)->0K(139776K) From: 293K(17472K)->295K(17472K)
[202.726s][info][gc,heap        ] GC(1381) Tenured: 12237K(349568K)->12254K(349568K)
[202.726s][info][gc,metaspace   ] GC(1381) Metaspace: 14272K(15168K)->14272K(15168K) NonClass: 12313K(12864K)->12313K(12864K) Class: 1959K(2304K)->1959K(2304K)
[202.726s][info][gc             ] GC(1381) Pause Young (Allocation Failure) 148M->12M(494M) 21.184ms
[202.726s][info][gc,cpu         ] GC(1381) User=0.02s Sys=0.00s Real=0.02s
[202.841s][info][gc,start       ] GC(1382) Pause Young (Allocation Failure)
[202.862s][info][gc,heap        ] GC(1382) DefNew: 140071K(157248K)->294K(157248K) Eden: 139776K(139776K)->0K(139776K) From: 295K(17472K)->294K(17472K)
[202.881s][info][gc,heap        ] GC(1382) Tenured: 12254K(349568K)->12272K(349568K)
[202.881s][info][gc,metaspace   ] GC(1382) Metaspace: 14272K(15168K)->14272K(15168K) NonClass: 12313K(12864K)->12313K(12864K) Class: 1959K(2304K)->1959K(2304K)
[202.882s][info][gc             ] GC(1382) Pause Young (Allocation Failure) 148M->12M(494M) 40.204ms
[202.882s][info][gc,cpu         ] GC(1382) User=0.02s Sys=0.02s Real=0.04s
[202.997s][info][gc,start       ] GC(1383) Pause Young (Allocation Failure)
[203.025s][info][gc,heap        ] GC(1383) DefNew: 140070K(157248K)->291K(157248K) Eden: 139776K(139776K)->0K(139776K) From: 294K(17472K)->291K(17472K)
[203.025s][info][gc,heap        ] GC(1383) Tenured: 12272K(349568K)->12293K(349568K)
[203.025s][info][gc,metaspace   ] GC(1383) Metaspace: 14272K(15168K)->14272K(15168K) NonClass: 12313K(12864K)->12313K(12864K) Class: 1959K(2304K)->1959K(2304K)
[203.025s][info][gc             ] GC(1383) Pause Young (Allocation Failure) 148M->12M(494M) 27.742ms
[203.025s][info][gc,cpu         ] GC(1383) User=0.02s Sys=0.00s Real=0.02s
[203.136s][info][gc,start       ] GC(1384) Pause Young (Allocation Failure)
[203.164s][info][gc,heap        ] GC(1384) DefNew: 140067K(157248K)->292K(157248K) Eden: 139776K(139776K)->0K(139776K) From: 291K(17472K)->292K(17472K)
[203.164s][info][gc,heap        ] GC(1384) Tenured: 12293K(349568K)->12308K(349568K)
[203.164s][info][gc,metaspace   ] GC(1384) Metaspace: 14272K(15168K)->14272K(15168K) NonClass: 12313K(12864K)->12313K(12864K) Class: 1959K(2304K)->1959K(2304K)
[203.164s][info][gc             ] GC(1384) Pause Young (Allocation Failure) 148M->12M(494M) 27.939ms
[203.164s][info][gc,cpu         ] GC(1384) User=0.03s Sys=0.00s Real=0.03s
[203.274s][info][gc,start       ] GC(1385) Pause Young (Allocation Failure)
[203.303s][info][gc,heap        ] GC(1385) DefNew: 140068K(157248K)->293K(157248K) Eden: 139776K(139776K)->0K(139776K) From: 292K(17472K)->293K(17472K)
[203.303s][info][gc,heap        ] GC(1385) Tenured: 12308K(349568K)->12325K(349568K)
[203.303s][info][gc,metaspace   ] GC(1385) Metaspace: 14272K(15168K)->14272K(15168K) NonClass: 12313K(12864K)->12313K(12864K) Class: 1959K(2304K)->1959K(2304K)
[203.303s][info][gc             ] GC(1385) Pause Young (Allocation Failure) 148M->12M(494M) 29.403ms
[203.303s][info][gc,cpu         ] GC(1385) User=0.02s Sys=0.00s Real=0.02s
[203.415s][info][gc,start       ] GC(1386) Pause Young (Allocation Failure)
[203.437s][info][gc,heap        ] GC(1386) DefNew: 140069K(157248K)->290K(157248K) Eden: 139776K(139776K)->0K(139776K) From: 293K(17472K)->290K(17472K)
[203.437s][info][gc,heap        ] GC(1386) Tenured: 12325K(349568K)->12346K(349568K)
[203.437s][info][gc,metaspace   ] GC(1386) Metaspace: 14272K(15168K)->14272K(15168K) NonClass: 12313K(12864K)->12313K(12864K) Class: 1959K(2304K)->1959K(2304K)
[203.437s][info][gc             ] GC(1386) Pause Young (Allocation Failure) 148M->12M(494M) 21.736ms
[203.437s][info][gc,cpu         ] GC(1386) User=0.02s Sys=0.00s Real=0.02s
[203.548s][info][gc,start       ] GC(1387) Pause Young (Allocation Failure)
[203.570s][info][gc,heap        ] GC(1387) DefNew: 140066K(157248K)->291K(157248K) Eden: 139776K(139776K)->0K(139776K) From: 290K(17472K)->291K(17472K)
[203.570s][info][gc,heap        ] GC(1387) Tenured: 12346K(349568K)->12363K(349568K)
[203.570s][info][gc,metaspace   ] GC(1387) Metaspace: 14272K(15168K)->14272K(15168K) NonClass: 12313K(12864K)->12313K(12864K) Class: 1959K(2304K)->1959K(2304K)
[203.570s][info][gc             ] GC(1387) Pause Young (Allocation Failure) 148M->12M(494M) 22.243ms
[203.570s][info][gc,cpu         ] GC(1387) User=0.03s Sys=0.00s Real=0.02s
[203.680s][info][gc,start       ] GC(1388) Pause Young (Allocation Failure)
[203.701s][info][gc,heap        ] GC(1388) DefNew: 140067K(157248K)->289K(157248K) Eden: 139776K(139776K)->0K(139776K) From: 291K(17472K)->289K(17472K)
[203.701s][info][gc,heap        ] GC(1388) Tenured: 12363K(349568K)->12381K(349568K)
[203.701s][info][gc,metaspace   ] GC(1388) Metaspace: 14272K(15168K)->14272K(15168K) NonClass: 12313K(12864K)->12313K(12864K) Class: 1959K(2304K)->1959K(2304K)
[203.702s][info][gc             ] GC(1388) Pause Young (Allocation Failure) 148M->12M(494M) 21.879ms
[203.702s][info][gc,cpu         ] GC(1388) User=0.00s Sys=0.00s Real=0.01s
[203.811s][info][gc,start       ] GC(1389) Pause Young (Allocation Failure)
[203.834s][info][gc,heap        ] GC(1389) DefNew: 140065K(157248K)->288K(157248K) Eden: 139776K(139776K)->0K(139776K) From: 289K(17472K)->288K(17472K)
[203.834s][info][gc,heap        ] GC(1389) Tenured: 12381K(349568K)->12402K(349568K)
[203.834s][info][gc,metaspace   ] GC(1389) Metaspace: 14272K(15168K)->14272K(15168K) NonClass: 12313K(12864K)->12313K(12864K) Class: 1959K(2304K)->1959K(2304K)
[203.834s][info][gc             ] GC(1389) Pause Young (Allocation Failure) 148M->12M(494M) 22.514ms
[203.834s][info][gc,cpu         ] GC(1389) User=0.02s Sys=0.00s Real=0.02s
[203.942s][info][gc,start       ] GC(1390) Pause Young (Allocation Failure)
[203.965s][info][gc,heap        ] GC(1390) DefNew: 140064K(157248K)->287K(157248K) Eden: 139776K(139776K)->0K(139776K) From: 288K(17472K)->287K(17472K)
[203.965s][info][gc,heap        ] GC(1390) Tenured: 12402K(349568K)->12420K(349568K)
[203.965s][info][gc,metaspace   ] GC(1390) Metaspace: 14272K(15168K)->14272K(15168K) NonClass: 12313K(12864K)->12313K(12864K) Class: 1959K(2304K)->1959K(2304K)
[203.965s][info][gc             ] GC(1390) Pause Young (Allocation Failure) 148M->12M(494M) 22.702ms
[203.965s][info][gc,cpu         ] GC(1390) User=0.02s Sys=0.00s Real=0.01s
[204.074s][info][gc,start       ] GC(1391) Pause Young (Allocation Failure)
[204.096s][info][gc,heap        ] GC(1391) DefNew: 140063K(157248K)->284K(157248K) Eden: 139776K(139776K)->0K(139776K) From: 287K(17472K)->284K(17472K)
[204.097s][info][gc,heap        ] GC(1391) Tenured: 12420K(349568K)->12441K(349568K)
[204.097s][info][gc,metaspace   ] GC(1391) Metaspace: 14272K(15168K)->14272K(15168K) NonClass: 12313K(12864K)->12313K(12864K) Class: 1959K(2304K)->1959K(2304K)
[204.097s][info][gc             ] GC(1391) Pause Young (Allocation Failure) 148M->12M(494M) 22.403ms
[204.097s][info][gc,cpu         ] GC(1391) User=0.02s Sys=0.00s Real=0.01s
[204.206s][info][gc,start       ] GC(1392) Pause Young (Allocation Failure)
[204.229s][info][gc,heap        ] GC(1392) DefNew: 140060K(157248K)->281K(157248K) Eden: 139776K(139776K)->0K(139776K) From: 284K(17472K)->281K(17472K)
[204.229s][info][gc,heap        ] GC(1392) Tenured: 12441K(349568K)->12462K(349568K)
[204.229s][info][gc,metaspace   ] GC(1392) Metaspace: 14272K(15168K)->14272K(15168K) NonClass: 12313K(12864K)->12313K(12864K) Class: 1959K(2304K)->1959K(2304K)
[204.229s][info][gc             ] GC(1392) Pause Young (Allocation Failure) 148M->12M(494M) 23.304ms
[204.229s][info][gc,cpu         ] GC(1392) User=0.02s Sys=0.00s Real=0.01s
[204.340s][info][gc,start       ] GC(1393) Pause Young (Allocation Failure)
[204.363s][info][gc,heap        ] GC(1393) DefNew: 140057K(157248K)->280K(157248K) Eden: 139776K(139776K)->0K(139776K) From: 281K(17472K)->280K(17472K)
[204.363s][info][gc,heap        ] GC(1393) Tenured: 12462K(349568K)->12480K(349568K)
[204.363s][info][gc,metaspace   ] GC(1393) Metaspace: 14272K(15168K)->14272K(15168K) NonClass: 12313K(12864K)->12313K(12864K) Class: 1959K(2304K)->1959K(2304K)
[204.363s][info][gc             ] GC(1393) Pause Young (Allocation Failure) 148M->12M(494M) 23.330ms
[204.363s][info][gc,cpu         ] GC(1393) User=0.02s Sys=0.00s Real=0.02s
[204.476s][info][gc,start       ] GC(1394) Pause Young (Allocation Failure)
[204.507s][info][gc,heap        ] GC(1394) DefNew: 140056K(157248K)->278K(157248K) Eden: 139776K(139776K)->0K(139776K) From: 280K(17472K)->278K(17472K)
[204.507s][info][gc,heap        ] GC(1394) Tenured: 12480K(349568K)->12501K(349568K)
[204.507s][info][gc,metaspace   ] GC(1394) Metaspace: 14272K(15168K)->14272K(15168K) NonClass: 12313K(12864K)->12313K(12864K) Class: 1959K(2304K)->1959K(2304K)
[204.507s][info][gc             ] GC(1394) Pause Young (Allocation Failure) 148M->12M(494M) 31.087ms
[204.507s][info][gc,cpu         ] GC(1394) User=0.03s Sys=0.00s Real=0.03s
[204.618s][info][gc,start       ] GC(1395) Pause Young (Allocation Failure)
[204.649s][info][gc,heap        ] GC(1395) DefNew: 140054K(157248K)->274K(157248K) Eden: 139776K(139776K)->0K(139776K) From: 278K(17472K)->274K(17472K)
[204.649s][info][gc,heap        ] GC(1395) Tenured: 12501K(349568K)->12522K(349568K)
[204.649s][info][gc,metaspace   ] GC(1395) Metaspace: 14272K(15168K)->14272K(15168K) NonClass: 12313K(12864K)->12313K(12864K) Class: 1959K(2304K)->1959K(2304K)
[204.649s][info][gc             ] GC(1395) Pause Young (Allocation Failure) 148M->12M(494M) 31.530ms
[204.649s][info][gc,cpu         ] GC(1395) User=0.02s Sys=0.00s Real=0.02s
[204.761s][info][gc,start       ] GC(1396) Pause Young (Allocation Failure)
[204.793s][info][gc,heap        ] GC(1396) DefNew: 140050K(157248K)->273K(157248K) Eden: 139776K(139776K)->0K(139776K) From: 274K(17472K)->273K(17472K)
[204.793s][info][gc,heap        ] GC(1396) Tenured: 12522K(349568K)->12540K(349568K)
[204.793s][info][gc,metaspace   ] GC(1396) Metaspace: 14272K(15168K)->14272K(15168K) NonClass: 12313K(12864K)->12313K(12864K) Class: 1959K(2304K)->1959K(2304K)
[204.793s][info][gc             ] GC(1396) Pause Young (Allocation Failure) 148M->12M(494M) 31.486ms
[204.793s][info][gc,cpu         ] GC(1396) User=0.02s Sys=0.00s Real=0.02s
[204.907s][info][gc,start       ] GC(1397) Pause Young (Allocation Failure)
[204.939s][info][gc,heap        ] GC(1397) DefNew: 140049K(157248K)->274K(157248K) Eden: 139776K(139776K)->0K(139776K) From: 273K(17472K)->274K(17472K)
[204.939s][info][gc,heap        ] GC(1397) Tenured: 12540K(349568K)->12557K(349568K)
[204.939s][info][gc,metaspace   ] GC(1397) Metaspace: 14272K(15168K)->14272K(15168K) NonClass: 12313K(12864K)->12313K(12864K) Class: 1959K(2304K)->1959K(2304K)
[204.939s][info][gc             ] GC(1397) Pause Young (Allocation Failure) 149M->12M(494M) 32.116ms
[204.939s][info][gc,cpu         ] GC(1397) User=0.03s Sys=0.00s Real=0.03s
[205.050s][info][gc,start       ] GC(1398) Pause Young (Allocation Failure)
[205.083s][info][gc,heap        ] GC(1398) DefNew: 140050K(157248K)->274K(157248K) Eden: 139776K(139776K)->0K(139776K) From: 274K(17472K)->274K(17472K)
[205.083s][info][gc,heap        ] GC(1398) Tenured: 12557K(349568K)->12575K(349568K)
[205.083s][info][gc,metaspace   ] GC(1398) Metaspace: 14272K(15168K)->14272K(15168K) NonClass: 12313K(12864K)->12313K(12864K) Class: 1959K(2304K)->1959K(2304K)
[205.083s][info][gc             ] GC(1398) Pause Young (Allocation Failure) 149M->12M(494M) 32.590ms
[205.083s][info][gc,cpu         ] GC(1398) User=0.03s Sys=0.00s Real=0.03s
[205.197s][info][gc,start       ] GC(1399) Pause Young (Allocation Failure)
[205.230s][info][gc,heap        ] GC(1399) DefNew: 140050K(157248K)->274K(157248K) Eden: 139776K(139776K)->0K(139776K) From: 274K(17472K)->274K(17472K)
[205.230s][info][gc,heap        ] GC(1399) Tenured: 12575K(349568K)->12593K(349568K)
[205.230s][info][gc,metaspace   ] GC(1399) Metaspace: 14272K(15168K)->14272K(15168K) NonClass: 12313K(12864K)->12313K(12864K) Class: 1959K(2304K)->1959K(2304K)
[205.230s][info][gc             ] GC(1399) Pause Young (Allocation Failure) 149M->12M(494M) 32.731ms
[205.230s][info][gc,cpu         ] GC(1399) User=0.02s Sys=0.00s Real=0.02s
[205.342s][info][gc,start       ] GC(1400) Pause Young (Allocation Failure)
[205.375s][info][gc,heap        ] GC(1400) DefNew: 140050K(157248K)->274K(157248K) Eden: 139776K(139776K)->0K(139776K) From: 274K(17472K)->274K(17472K)
[205.375s][info][gc,heap        ] GC(1400) Tenured: 12593K(349568K)->12610K(349568K)
[205.375s][info][gc,metaspace   ] GC(1400) Metaspace: 14272K(15168K)->14272K(15168K) NonClass: 12313K(12864K)->12313K(12864K) Class: 1959K(2304K)->1959K(2304K)
[205.375s][info][gc             ] GC(1400) Pause Young (Allocation Failure) 149M->12M(494M) 33.844ms
[205.375s][info][gc,cpu         ] GC(1400) User=0.02s Sys=0.00s Real=0.02s
[205.491s][info][gc,start       ] GC(1401) Pause Young (Allocation Failure)
[205.515s][info][gc,heap        ] GC(1401) DefNew: 140050K(157248K)->276K(157248K) Eden: 139776K(139776K)->0K(139776K) From: 274K(17472K)->276K(17472K)
[205.515s][info][gc,heap        ] GC(1401) Tenured: 12610K(349568K)->12628K(349568K)
[205.515s][info][gc,metaspace   ] GC(1401) Metaspace: 14272K(15168K)->14272K(15168K) NonClass: 12313K(12864K)->12313K(12864K) Class: 1959K(2304K)->1959K(2304K)
[205.515s][info][gc             ] GC(1401) Pause Young (Allocation Failure) 149M->12M(494M) 24.809ms
[205.515s][info][gc,cpu         ] GC(1401) User=0.02s Sys=0.00s Real=0.02s
[205.743s][info][gc,start       ] GC(1402) Pause Young (Allocation Failure)
[205.774s][info][gc,heap        ] GC(1402) DefNew: 140052K(157248K)->275K(157248K) Eden: 139776K(139776K)->0K(139776K) From: 276K(17472K)->275K(17472K)
[205.774s][info][gc,heap        ] GC(1402) Tenured: 12628K(349568K)->12645K(349568K)
[205.774s][info][gc,metaspace   ] GC(1402) Metaspace: 14272K(15168K)->14272K(15168K) NonClass: 12313K(12864K)->12313K(12864K) Class: 1959K(2304K)->1959K(2304K)
[205.774s][info][gc             ] GC(1402) Pause Young (Allocation Failure) 149M->12M(494M) 30.912ms
[205.774s][info][gc,cpu         ] GC(1402) User=0.02s Sys=0.00s Real=0.01s
[205.892s][info][gc,start       ] GC(1403) Pause Young (Allocation Failure)
[205.924s][info][gc,heap        ] GC(1403) DefNew: 140051K(157248K)->276K(157248K) Eden: 139776K(139776K)->0K(139776K) From: 275K(17472K)->276K(17472K)
[205.924s][info][gc,heap        ] GC(1403) Tenured: 12645K(349568K)->12663K(349568K)
[205.924s][info][gc,metaspace   ] GC(1403) Metaspace: 14272K(15168K)->14272K(15168K) NonClass: 12313K(12864K)->12313K(12864K) Class: 1959K(2304K)->1959K(2304K)
[205.924s][info][gc             ] GC(1403) Pause Young (Allocation Failure) 149M->12M(494M) 31.902ms
[205.924s][info][gc,cpu         ] GC(1403) User=0.03s Sys=0.00s Real=0.03s
[206.050s][info][gc,start       ] GC(1404) Pause Young (Allocation Failure)
[206.082s][info][gc,heap        ] GC(1404) DefNew: 140052K(157248K)->283K(157248K) Eden: 139776K(139776K)->0K(139776K) From: 276K(17472K)->283K(17472K)
[206.082s][info][gc,heap        ] GC(1404) Tenured: 12663K(349568K)->12681K(349568K)
[206.082s][info][gc,metaspace   ] GC(1404) Metaspace: 14272K(15168K)->14272K(15168K) NonClass: 12313K(12864K)->12313K(12864K) Class: 1959K(2304K)->1959K(2304K)
[206.082s][info][gc             ] GC(1404) Pause Young (Allocation Failure) 149M->12M(494M) 31.432ms
[206.082s][info][gc,cpu         ] GC(1404) User=0.02s Sys=0.00s Real=0.02s
[206.199s][info][gc,start       ] GC(1405) Pause Young (Allocation Failure)
[206.222s][info][gc,heap        ] GC(1405) DefNew: 140059K(157248K)->283K(157248K) Eden: 139776K(139776K)->0K(139776K) From: 283K(17472K)->283K(17472K)
[206.222s][info][gc,heap        ] GC(1405) Tenured: 12681K(349568K)->12699K(349568K)
[206.222s][info][gc,metaspace   ] GC(1405) Metaspace: 14272K(15168K)->14272K(15168K) NonClass: 12313K(12864K)->12313K(12864K) Class: 1959K(2304K)->1959K(2304K)
[206.222s][info][gc             ] GC(1405) Pause Young (Allocation Failure) 149M->12M(494M) 22.605ms
[206.222s][info][gc,cpu         ] GC(1405) User=0.02s Sys=0.00s Real=0.02s
[206.338s][info][gc,start       ] GC(1406) Pause Young (Allocation Failure)
[206.365s][info][gc,heap        ] GC(1406) DefNew: 140059K(157248K)->286K(157248K) Eden: 139776K(139776K)->0K(139776K) From: 283K(17472K)->286K(17472K)
[206.365s][info][gc,heap        ] GC(1406) Tenured: 12699K(349568K)->12717K(349568K)
[206.365s][info][gc,metaspace   ] GC(1406) Metaspace: 14272K(15168K)->14272K(15168K) NonClass: 12313K(12864K)->12313K(12864K) Class: 1959K(2304K)->1959K(2304K)
[206.365s][info][gc             ] GC(1406) Pause Young (Allocation Failure) 149M->12M(494M) 27.369ms
[206.365s][info][gc,cpu         ] GC(1406) User=0.02s Sys=0.00s Real=0.03s
[206.478s][info][gc,start       ] GC(1407) Pause Young (Allocation Failure)
[206.506s][info][gc,heap        ] GC(1407) DefNew: 140062K(157248K)->285K(157248K) Eden: 139776K(139776K)->0K(139776K) From: 286K(17472K)->285K(17472K)
[206.506s][info][gc,heap        ] GC(1407) Tenured: 12717K(349568K)->12735K(349568K)
[206.506s][info][gc,metaspace   ] GC(1407) Metaspace: 14272K(15168K)->14272K(15168K) NonClass: 12313K(12864K)->12313K(12864K) Class: 1959K(2304K)->1959K(2304K)
[206.506s][info][gc             ] GC(1407) Pause Young (Allocation Failure) 149M->12M(494M) 28.602ms
[206.507s][info][gc,cpu         ] GC(1407) User=0.02s Sys=0.00s Real=0.02s
[206.618s][info][gc,start       ] GC(1408) Pause Young (Allocation Failure)
[206.646s][info][gc,heap        ] GC(1408) DefNew: 140061K(157248K)->288K(157248K) Eden: 139776K(139776K)->0K(139776K) From: 285K(17472K)->288K(17472K)
[206.646s][info][gc,heap        ] GC(1408) Tenured: 12735K(349568K)->12752K(349568K)
[206.646s][info][gc,metaspace   ] GC(1408) Metaspace: 14272K(15168K)->14272K(15168K) NonClass: 12313K(12864K)->12313K(12864K) Class: 1959K(2304K)->1959K(2304K)
[206.646s][info][gc             ] GC(1408) Pause Young (Allocation Failure) 149M->12M(494M) 27.571ms
[206.646s][info][gc,cpu         ] GC(1408) User=0.02s Sys=0.00s Real=0.01s
[206.768s][info][gc,start       ] GC(1409) Pause Young (Allocation Failure)
[206.795s][info][gc,heap        ] GC(1409) DefNew: 140064K(157248K)->292K(157248K) Eden: 139776K(139776K)->0K(139776K) From: 288K(17472K)->292K(17472K)
[206.795s][info][gc,heap        ] GC(1409) Tenured: 12752K(349568K)->12770K(349568K)
[206.795s][info][gc,metaspace   ] GC(1409) Metaspace: 14272K(15168K)->14272K(15168K) NonClass: 12313K(12864K)->12313K(12864K) Class: 1959K(2304K)->1959K(2304K)
[206.795s][info][gc             ] GC(1409) Pause Young (Allocation Failure) 149M->12M(494M) 27.305ms
[206.795s][info][gc,cpu         ] GC(1409) User=0.03s Sys=0.00s Real=0.03s
[206.906s][info][gc,start       ] GC(1410) Pause Young (Allocation Failure)
[206.927s][info][gc,heap        ] GC(1410) DefNew: 140068K(157248K)->292K(157248K) Eden: 139776K(139776K)->0K(139776K) From: 292K(17472K)->292K(17472K)
[206.927s][info][gc,heap        ] GC(1410) Tenured: 12770K(349568K)->12787K(349568K)
[206.927s][info][gc,metaspace   ] GC(1410) Metaspace: 14272K(15168K)->14272K(15168K) NonClass: 12313K(12864K)->12313K(12864K) Class: 1959K(2304K)->1959K(2304K)
[206.927s][info][gc             ] GC(1410) Pause Young (Allocation Failure) 149M->12M(494M) 20.927ms
[206.927s][info][gc,cpu         ] GC(1410) User=0.02s Sys=0.00s Real=0.02s
[207.036s][info][gc,start       ] GC(1411) Pause Young (Allocation Failure)
[207.064s][info][gc,heap        ] GC(1411) DefNew: 140068K(157248K)->292K(157248K) Eden: 139776K(139776K)->0K(139776K) From: 292K(17472K)->292K(17472K)
[207.064s][info][gc,heap        ] GC(1411) Tenured: 12787K(349568K)->12805K(349568K)
[207.064s][info][gc,metaspace   ] GC(1411) Metaspace: 14272K(15168K)->14272K(15168K) NonClass: 12313K(12864K)->12313K(12864K) Class: 1959K(2304K)->1959K(2304K)
[207.064s][info][gc             ] GC(1411) Pause Young (Allocation Failure) 149M->12M(494M) 27.751ms
[207.064s][info][gc,cpu         ] GC(1411) User=0.03s Sys=0.00s Real=0.03s
[207.176s][info][gc,start       ] GC(1412) Pause Young (Allocation Failure)
[207.205s][info][gc,heap        ] GC(1412) DefNew: 140068K(157248K)->292K(157248K) Eden: 139775K(139776K)->0K(139776K) From: 292K(17472K)->292K(17472K)
[207.205s][info][gc,heap        ] GC(1412) Tenured: 12805K(349568K)->12823K(349568K)
[207.205s][info][gc,metaspace   ] GC(1412) Metaspace: 14272K(15168K)->14272K(15168K) NonClass: 12313K(12864K)->12313K(12864K) Class: 1959K(2304K)->1959K(2304K)
[207.205s][info][gc             ] GC(1412) Pause Young (Allocation Failure) 149M->12M(494M) 29.616ms
[207.205s][info][gc,cpu         ] GC(1412) User=0.03s Sys=0.00s Real=0.03s
[207.318s][info][gc,start       ] GC(1413) Pause Young (Allocation Failure)
[207.346s][info][gc,heap        ] GC(1413) DefNew: 140068K(157248K)->291K(157248K) Eden: 139776K(139776K)->0K(139776K) From: 292K(17472K)->291K(17472K)
[207.346s][info][gc,heap        ] GC(1413) Tenured: 12823K(349568K)->12841K(349568K)
[207.346s][info][gc,metaspace   ] GC(1413) Metaspace: 14272K(15168K)->14272K(15168K) NonClass: 12313K(12864K)->12313K(12864K) Class: 1959K(2304K)->1959K(2304K)
[207.346s][info][gc             ] GC(1413) Pause Young (Allocation Failure) 149M->12M(494M) 27.903ms
[207.346s][info][gc,cpu         ] GC(1413) User=0.03s Sys=0.00s Real=0.02s
[207.458s][info][gc,start       ] GC(1414) Pause Young (Allocation Failure)
[207.487s][info][gc,heap        ] GC(1414) DefNew: 140067K(157248K)->293K(157248K) Eden: 139776K(139776K)->0K(139776K) From: 291K(17472K)->293K(17472K)
[207.487s][info][gc,heap        ] GC(1414) Tenured: 12841K(349568K)->12858K(349568K)
[207.487s][info][gc,metaspace   ] GC(1414) Metaspace: 14272K(15168K)->14272K(15168K) NonClass: 12313K(12864K)->12313K(12864K) Class: 1959K(2304K)->1959K(2304K)
[207.487s][info][gc             ] GC(1414) Pause Young (Allocation Failure) 149M->12M(494M) 28.353ms
[207.487s][info][gc,cpu         ] GC(1414) User=0.03s Sys=0.00s Real=0.02s
[207.599s][info][gc,start       ] GC(1415) Pause Young (Allocation Failure)
[207.629s][info][gc,heap        ] GC(1415) DefNew: 140069K(157248K)->293K(157248K) Eden: 139776K(139776K)->0K(139776K) From: 293K(17472K)->293K(17472K)
[207.629s][info][gc,heap        ] GC(1415) Tenured: 12858K(349568K)->12876K(349568K)
[207.629s][info][gc,metaspace   ] GC(1415) Metaspace: 14272K(15168K)->14272K(15168K) NonClass: 12313K(12864K)->12313K(12864K) Class: 1959K(2304K)->1959K(2304K)
[207.629s][info][gc             ] GC(1415) Pause Young (Allocation Failure) 149M->12M(494M) 29.864ms
[207.629s][info][gc,cpu         ] GC(1415) User=0.03s Sys=0.00s Real=0.03s
[207.742s][info][gc,start       ] GC(1416) Pause Young (Allocation Failure)
[207.763s][info][gc,heap        ] GC(1416) DefNew: 140069K(157248K)->293K(157248K) Eden: 139776K(139776K)->0K(139776K) From: 293K(17472K)->293K(17472K)
[207.763s][info][gc,heap        ] GC(1416) Tenured: 12876K(349568K)->12893K(349568K)
[207.763s][info][gc,metaspace   ] GC(1416) Metaspace: 14272K(15168K)->14272K(15168K) NonClass: 12313K(12864K)->12313K(12864K) Class: 1959K(2304K)->1959K(2304K)
[207.763s][info][gc             ] GC(1416) Pause Young (Allocation Failure) 149M->12M(494M) 21.419ms
[207.763s][info][gc,cpu         ] GC(1416) User=0.02s Sys=0.00s Real=0.02s
[207.872s][info][gc,start       ] GC(1417) Pause Young (Allocation Failure)
[207.901s][info][gc,heap        ] GC(1417) DefNew: 140069K(157248K)->293K(157248K) Eden: 139776K(139776K)->0K(139776K) From: 293K(17472K)->293K(17472K)
[207.901s][info][gc,heap        ] GC(1417) Tenured: 12893K(349568K)->12911K(349568K)
[207.901s][info][gc,metaspace   ] GC(1417) Metaspace: 14272K(15168K)->14272K(15168K) NonClass: 12313K(12864K)->12313K(12864K) Class: 1959K(2304K)->1959K(2304K)
[207.901s][info][gc             ] GC(1417) Pause Young (Allocation Failure) 149M->12M(494M) 29.697ms
[207.901s][info][gc,cpu         ] GC(1417) User=0.02s Sys=0.00s Real=0.02s
[208.014s][info][gc,start       ] GC(1418) Pause Young (Allocation Failure)
[208.046s][info][gc,heap        ] GC(1418) DefNew: 140069K(157248K)->290K(157248K) Eden: 139776K(139776K)->0K(139776K) From: 293K(17472K)->290K(17472K)
[208.046s][info][gc,heap        ] GC(1418) Tenured: 12911K(349568K)->12932K(349568K)
[208.046s][info][gc,metaspace   ] GC(1418) Metaspace: 14272K(15168K)->14272K(15168K) NonClass: 12313K(12864K)->12313K(12864K) Class: 1959K(2304K)->1959K(2304K)
[208.047s][info][gc             ] GC(1418) Pause Young (Allocation Failure) 149M->12M(494M) 32.192ms
[208.047s][info][gc,cpu         ] GC(1418) User=0.02s Sys=0.00s Real=0.02s
[208.160s][info][gc,start       ] GC(1419) Pause Young (Allocation Failure)
[208.190s][info][gc,heap        ] GC(1419) DefNew: 140066K(157248K)->284K(157248K) Eden: 139776K(139776K)->0K(139776K) From: 290K(17472K)->284K(17472K)
[208.190s][info][gc,heap        ] GC(1419) Tenured: 12932K(349568K)->12956K(349568K)
[208.190s][info][gc,metaspace   ] GC(1419) Metaspace: 14272K(15168K)->14272K(15168K) NonClass: 12313K(12864K)->12313K(12864K) Class: 1959K(2304K)->1959K(2304K)
[208.190s][info][gc             ] GC(1419) Pause Young (Allocation Failure) 149M->12M(494M) 30.551ms
[208.190s][info][gc,cpu         ] GC(1419) User=0.02s Sys=0.00s Real=0.02s
[208.304s][info][gc,start       ] GC(1420) Pause Young (Allocation Failure)
[208.336s][info][gc,heap        ] GC(1420) DefNew: 140060K(157248K)->286K(157248K) Eden: 139776K(139776K)->0K(139776K) From: 284K(17472K)->286K(17472K)
[208.336s][info][gc,heap        ] GC(1420) Tenured: 12956K(349568K)->12974K(349568K)
[208.336s][info][gc,metaspace   ] GC(1420) Metaspace: 14272K(15168K)->14272K(15168K) NonClass: 12313K(12864K)->12313K(12864K) Class: 1959K(2304K)->1959K(2304K)
[208.336s][info][gc             ] GC(1420) Pause Young (Allocation Failure) 149M->12M(494M) 32.354ms
[208.336s][info][gc,cpu         ] GC(1420) User=0.03s Sys=0.00s Real=0.03s
[208.447s][info][gc,start       ] GC(1421) Pause Young (Allocation Failure)
[208.470s][info][gc,heap        ] GC(1421) DefNew: 140049K(157248K)->281K(157248K) Eden: 139762K(139776K)->0K(139776K) From: 286K(17472K)->281K(17472K)
[208.482s][info][gc,heap        ] GC(1421) Tenured: 12974K(349568K)->12994K(349568K)
[208.482s][info][gc,metaspace   ] GC(1421) Metaspace: 14272K(15168K)->14272K(15168K) NonClass: 12313K(12864K)->12313K(12864K) Class: 1959K(2304K)->1959K(2304K)
[208.482s][info][gc             ] GC(1421) Pause Young (Allocation Failure) 149M->12M(494M) 35.122ms
[208.482s][info][gc,cpu         ] GC(1421) User=0.02s Sys=0.00s Real=0.03s
[208.596s][info][gc,start       ] GC(1422) Pause Young (Allocation Failure)
[208.627s][info][gc,heap        ] GC(1422) DefNew: 140057K(157248K)->281K(157248K) Eden: 139776K(139776K)->0K(139776K) From: 281K(17472K)->281K(17472K)
[208.627s][info][gc,heap        ] GC(1422) Tenured: 12994K(349568K)->13012K(349568K)
[208.627s][info][gc,metaspace   ] GC(1422) Metaspace: 14272K(15168K)->14272K(15168K) NonClass: 12313K(12864K)->12313K(12864K) Class: 1959K(2304K)->1959K(2304K)
[208.627s][info][gc             ] GC(1422) Pause Young (Allocation Failure) 149M->12M(494M) 30.948ms
[208.627s][info][gc,cpu         ] GC(1422) User=0.02s Sys=0.00s Real=0.02s
[208.740s][info][gc,start       ] GC(1423) Pause Young (Allocation Failure)
[208.771s][info][gc,heap        ] GC(1423) DefNew: 140057K(157248K)->277K(157248K) Eden: 139776K(139776K)->0K(139776K) From: 281K(17472K)->277K(17472K)
[208.771s][info][gc,heap        ] GC(1423) Tenured: 13012K(349568K)->13033K(349568K)
[208.771s][info][gc,metaspace   ] GC(1423) Metaspace: 14272K(15168K)->14272K(15168K) NonClass: 12313K(12864K)->12313K(12864K) Class: 1959K(2304K)->1959K(2304K)
[208.771s][info][gc             ] GC(1423) Pause Young (Allocation Failure) 149M->12M(494M) 31.311ms
[208.771s][info][gc,cpu         ] GC(1423) User=0.02s Sys=0.00s Real=0.02s
[208.884s][info][gc,start       ] GC(1424) Pause Young (Allocation Failure)
[208.916s][info][gc,heap        ] GC(1424) DefNew: 140053K(157248K)->275K(157248K) Eden: 139776K(139776K)->0K(139776K) From: 277K(17472K)->275K(17472K)
[208.916s][info][gc,heap        ] GC(1424) Tenured: 13033K(349568K)->13054K(349568K)
[208.916s][info][gc,metaspace   ] GC(1424) Metaspace: 14272K(15168K)->14272K(15168K) NonClass: 12313K(12864K)->12313K(12864K) Class: 1959K(2304K)->1959K(2304K)
[208.916s][info][gc             ] GC(1424) Pause Young (Allocation Failure) 149M->13M(494M) 31.611ms
[208.916s][info][gc,cpu         ] GC(1424) User=0.02s Sys=0.00s Real=0.02s
[209.030s][info][gc,start       ] GC(1425) Pause Young (Allocation Failure)
[209.062s][info][gc,heap        ] GC(1425) DefNew: 140051K(157248K)->277K(157248K) Eden: 139776K(139776K)->0K(139776K) From: 275K(17472K)->277K(17472K)
[209.062s][info][gc,heap        ] GC(1425) Tenured: 13054K(349568K)->13071K(349568K)
[209.062s][info][gc,metaspace   ] GC(1425) Metaspace: 14272K(15168K)->14272K(15168K) NonClass: 12313K(12864K)->12313K(12864K) Class: 1959K(2304K)->1959K(2304K)
[209.062s][info][gc             ] GC(1425) Pause Young (Allocation Failure) 149M->13M(494M) 32.331ms
[209.062s][info][gc,cpu         ] GC(1425) User=0.03s Sys=0.00s Real=0.03s
[209.175s][info][gc,start       ] GC(1426) Pause Young (Allocation Failure)
[209.210s][info][gc,heap        ] GC(1426) DefNew: 140053K(157248K)->277K(157248K) Eden: 139776K(139776K)->0K(139776K) From: 277K(17472K)->277K(17472K)
[209.210s][info][gc,heap        ] GC(1426) Tenured: 13071K(349568K)->13089K(349568K)
[209.210s][info][gc,metaspace   ] GC(1426) Metaspace: 14272K(15168K)->14272K(15168K) NonClass: 12313K(12864K)->12313K(12864K) Class: 1959K(2304K)->1959K(2304K)
[209.210s][info][gc             ] GC(1426) Pause Young (Allocation Failure) 149M->13M(494M) 34.412ms
[209.210s][info][gc,cpu         ] GC(1426) User=0.03s Sys=0.00s Real=0.03s
[209.324s][info][gc,start       ] GC(1427) Pause Young (Allocation Failure)
[209.356s][info][gc,heap        ] GC(1427) DefNew: 140053K(157248K)->277K(157248K) Eden: 139776K(139776K)->0K(139776K) From: 277K(17472K)->277K(17472K)
[209.356s][info][gc,heap        ] GC(1427) Tenured: 13089K(349568K)->13107K(349568K)
[209.356s][info][gc,metaspace   ] GC(1427) Metaspace: 14272K(15168K)->14272K(15168K) NonClass: 12313K(12864K)->12313K(12864K) Class: 1959K(2304K)->1959K(2304K)
[209.356s][info][gc             ] GC(1427) Pause Young (Allocation Failure) 149M->13M(494M) 32.486ms
[209.356s][info][gc,cpu         ] GC(1427) User=0.02s Sys=0.00s Real=0.02s
[209.472s][info][gc,start       ] GC(1428) Pause Young (Allocation Failure)
[209.506s][info][gc,heap        ] GC(1428) DefNew: 140053K(157248K)->277K(157248K) Eden: 139776K(139776K)->0K(139776K) From: 277K(17472K)->277K(17472K)
[209.506s][info][gc,heap        ] GC(1428) Tenured: 13107K(349568K)->13125K(349568K)
[209.506s][info][gc,metaspace   ] GC(1428) Metaspace: 14272K(15168K)->14272K(15168K) NonClass: 12313K(12864K)->12313K(12864K) Class: 1959K(2304K)->1959K(2304K)
[209.506s][info][gc             ] GC(1428) Pause Young (Allocation Failure) 149M->13M(494M) 34.059ms
[209.506s][info][gc,cpu         ] GC(1428) User=0.03s Sys=0.00s Real=0.02s
[209.619s][info][gc,start       ] GC(1429) Pause Young (Allocation Failure)
[209.652s][info][gc,heap        ] GC(1429) DefNew: 140053K(157248K)->277K(157248K) Eden: 139776K(139776K)->0K(139776K) From: 277K(17472K)->277K(17472K)
[209.652s][info][gc,heap        ] GC(1429) Tenured: 13125K(349568K)->13143K(349568K)
[209.652s][info][gc,metaspace   ] GC(1429) Metaspace: 14272K(15168K)->14272K(15168K) NonClass: 12313K(12864K)->12313K(12864K) Class: 1959K(2304K)->1959K(2304K)
[209.652s][info][gc             ] GC(1429) Pause Young (Allocation Failure) 149M->13M(494M) 32.979ms
[209.652s][info][gc,cpu         ] GC(1429) User=0.02s Sys=0.00s Real=0.02s
[209.889s][info][gc,start       ] GC(1430) Pause Young (Allocation Failure)
[209.929s][info][gc,heap        ] GC(1430) DefNew: 140053K(157248K)->276K(157248K) Eden: 139776K(139776K)->0K(139776K) From: 277K(17472K)->276K(17472K)
[209.929s][info][gc,heap        ] GC(1430) Tenured: 13143K(349568K)->13161K(349568K)
[209.929s][info][gc,metaspace   ] GC(1430) Metaspace: 14272K(15168K)->14272K(15168K) NonClass: 12313K(12864K)->12313K(12864K) Class: 1959K(2304K)->1959K(2304K)
[209.929s][info][gc             ] GC(1430) Pause Young (Allocation Failure) 149M->13M(494M) 39.699ms
[209.929s][info][gc,cpu         ] GC(1430) User=0.03s Sys=0.00s Real=0.03s
[210.048s][info][gc,start       ] GC(1431) Pause Young (Allocation Failure)
[210.080s][info][gc,heap        ] GC(1431) DefNew: 140052K(157248K)->276K(157248K) Eden: 139776K(139776K)->0K(139776K) From: 276K(17472K)->276K(17472K)
[210.080s][info][gc,heap        ] GC(1431) Tenured: 13161K(349568K)->13178K(349568K)
[210.080s][info][gc,metaspace   ] GC(1431) Metaspace: 14272K(15168K)->14272K(15168K) NonClass: 12313K(12864K)->12313K(12864K) Class: 1959K(2304K)->1959K(2304K)
[210.080s][info][gc             ] GC(1431) Pause Young (Allocation Failure) 149M->13M(494M) 31.434ms
[210.080s][info][gc,cpu         ] GC(1431) User=0.03s Sys=0.00s Real=0.03s
[210.207s][info][gc,start       ] GC(1432) Pause Young (Allocation Failure)
[210.237s][info][gc,heap        ] GC(1432) DefNew: 140052K(157248K)->277K(157248K) Eden: 139776K(139776K)->0K(139776K) From: 276K(17472K)->277K(17472K)
[210.237s][info][gc,heap        ] GC(1432) Tenured: 13178K(349568K)->13196K(349568K)
[210.237s][info][gc,metaspace   ] GC(1432) Metaspace: 14272K(15168K)->14272K(15168K) NonClass: 12313K(12864K)->12313K(12864K) Class: 1959K(2304K)->1959K(2304K)
[210.237s][info][gc             ] GC(1432) Pause Young (Allocation Failure) 149M->13M(494M) 30.136ms
[210.237s][info][gc,cpu         ] GC(1432) User=0.02s Sys=0.00s Real=0.02s
[210.356s][info][gc,start       ] GC(1433) Pause Young (Allocation Failure)
[210.384s][info][gc,heap        ] GC(1433) DefNew: 140053K(157248K)->277K(157248K) Eden: 139776K(139776K)->0K(139776K) From: 277K(17472K)->277K(17472K)
[210.384s][info][gc,heap        ] GC(1433) Tenured: 13196K(349568K)->13214K(349568K)
[210.384s][info][gc,metaspace   ] GC(1433) Metaspace: 14272K(15168K)->14272K(15168K) NonClass: 12313K(12864K)->12313K(12864K) Class: 1959K(2304K)->1959K(2304K)
[210.384s][info][gc             ] GC(1433) Pause Young (Allocation Failure) 149M->13M(494M) 28.185ms
[210.384s][info][gc,cpu         ] GC(1433) User=0.03s Sys=0.00s Real=0.03s
[210.499s][info][gc,start       ] GC(1434) Pause Young (Allocation Failure)
[210.526s][info][gc,heap        ] GC(1434) DefNew: 140053K(157248K)->279K(157248K) Eden: 139776K(139776K)->0K(139776K) From: 277K(17472K)->279K(17472K)
[210.526s][info][gc,heap        ] GC(1434) Tenured: 13214K(349568K)->13232K(349568K)
[210.526s][info][gc,metaspace   ] GC(1434) Metaspace: 14272K(15168K)->14272K(15168K) NonClass: 12313K(12864K)->12313K(12864K) Class: 1959K(2304K)->1959K(2304K)
[210.526s][info][gc             ] GC(1434) Pause Young (Allocation Failure) 149M->13M(494M) 27.087ms
[210.526s][info][gc,cpu         ] GC(1434) User=0.03s Sys=0.00s Real=0.03s
[210.637s][info][gc,start       ] GC(1435) Pause Young (Allocation Failure)
[210.665s][info][gc,heap        ] GC(1435) DefNew: 140055K(157248K)->276K(157248K) Eden: 139776K(139776K)->0K(139776K) From: 279K(17472K)->276K(17472K)
[210.665s][info][gc,heap        ] GC(1435) Tenured: 13232K(349568K)->13252K(349568K)
[210.665s][info][gc,metaspace   ] GC(1435) Metaspace: 14272K(15168K)->14272K(15168K) NonClass: 12313K(12864K)->12313K(12864K) Class: 1959K(2304K)->1959K(2304K)
[210.665s][info][gc             ] GC(1435) Pause Young (Allocation Failure) 149M->13M(494M) 27.877ms
[210.665s][info][gc,cpu         ] GC(1435) User=0.02s Sys=0.00s Real=0.02s
[210.778s][info][gc,start       ] GC(1436) Pause Young (Allocation Failure)
[210.798s][info][gc,heap        ] GC(1436) DefNew: 140052K(157248K)->282K(157248K) Eden: 139776K(139776K)->0K(139776K) From: 276K(17472K)->282K(17472K)
[210.798s][info][gc,heap        ] GC(1436) Tenured: 13252K(349568K)->13267K(349568K)
[210.798s][info][gc,metaspace   ] GC(1436) Metaspace: 14272K(15168K)->14272K(15168K) NonClass: 12313K(12864K)->12313K(12864K) Class: 1959K(2304K)->1959K(2304K)
[210.798s][info][gc             ] GC(1436) Pause Young (Allocation Failure) 149M->13M(494M) 20.851ms
[210.798s][info][gc,cpu         ] GC(1436) User=0.02s Sys=0.00s Real=0.02s
[210.915s][info][gc,start       ] GC(1437) Pause Young (Allocation Failure)
[210.942s][info][gc,heap        ] GC(1437) DefNew: 140058K(157248K)->282K(157248K) Eden: 139776K(139776K)->0K(139776K) From: 282K(17472K)->282K(17472K)
[210.942s][info][gc,heap        ] GC(1437) Tenured: 13267K(349568K)->13285K(349568K)
[210.942s][info][gc,metaspace   ] GC(1437) Metaspace: 14272K(15168K)->14272K(15168K) NonClass: 12313K(12864K)->12313K(12864K) Class: 1959K(2304K)->1959K(2304K)
[210.942s][info][gc             ] GC(1437) Pause Young (Allocation Failure) 149M->13M(494M) 26.720ms
[210.942s][info][gc,cpu         ] GC(1437) User=0.02s Sys=0.00s Real=0.02s
[211.052s][info][gc,start       ] GC(1438) Pause Young (Allocation Failure)
[211.079s][info][gc,heap        ] GC(1438) DefNew: 140058K(157248K)->282K(157248K) Eden: 139776K(139776K)->0K(139776K) From: 282K(17472K)->282K(17472K)
[211.079s][info][gc,heap        ] GC(1438) Tenured: 13285K(349568K)->13302K(349568K)
[211.079s][info][gc,metaspace   ] GC(1438) Metaspace: 14272K(15168K)->14272K(15168K) NonClass: 12313K(12864K)->12313K(12864K) Class: 1959K(2304K)->1959K(2304K)
[211.079s][info][gc             ] GC(1438) Pause Young (Allocation Failure) 149M->13M(494M) 27.233ms
[211.079s][info][gc,cpu         ] GC(1438) User=0.03s Sys=0.00s Real=0.02s
[211.188s][info][gc,start       ] GC(1439) Pause Young (Allocation Failure)
[211.216s][info][gc,heap        ] GC(1439) DefNew: 140058K(157248K)->282K(157248K) Eden: 139776K(139776K)->0K(139776K) From: 282K(17472K)->282K(17472K)
[211.224s][info][gc,heap        ] GC(1439) Tenured: 13302K(349568K)->13320K(349568K)
[211.224s][info][gc,metaspace   ] GC(1439) Metaspace: 14272K(15168K)->14272K(15168K) NonClass: 12313K(12864K)->12313K(12864K) Class: 1959K(2304K)->1959K(2304K)
[211.224s][info][gc             ] GC(1439) Pause Young (Allocation Failure) 149M->13M(494M) 35.915ms
[211.224s][info][gc,cpu         ] GC(1439) User=0.03s Sys=0.00s Real=0.03s
[211.339s][info][gc,start       ] GC(1440) Pause Young (Allocation Failure)
[211.368s][info][gc,heap        ] GC(1440) DefNew: 140058K(157248K)->283K(157248K) Eden: 139776K(139776K)->0K(139776K) From: 282K(17472K)->283K(17472K)
[211.368s][info][gc,heap        ] GC(1440) Tenured: 13320K(349568K)->13340K(349568K)
[211.368s][info][gc,metaspace   ] GC(1440) Metaspace: 14272K(15168K)->14272K(15168K) NonClass: 12313K(12864K)->12313K(12864K) Class: 1959K(2304K)->1959K(2304K)
[211.368s][info][gc             ] GC(1440) Pause Young (Allocation Failure) 149M->13M(494M) 29.472ms
[211.368s][info][gc,cpu         ] GC(1440) User=0.02s Sys=0.00s Real=0.02s
[211.482s][info][gc,start       ] GC(1441) Pause Young (Allocation Failure)
[211.504s][info][gc,heap        ] GC(1441) DefNew: 140059K(157248K)->280K(157248K) Eden: 139776K(139776K)->0K(139776K) From: 283K(17472K)->280K(17472K)
[211.504s][info][gc,heap        ] GC(1441) Tenured: 13340K(349568K)->13358K(349568K)
[211.504s][info][gc,metaspace   ] GC(1441) Metaspace: 14272K(15168K)->14272K(15168K) NonClass: 12313K(12864K)->12313K(12864K) Class: 1959K(2304K)->1959K(2304K)
[211.504s][info][gc             ] GC(1441) Pause Young (Allocation Failure) 149M->13M(494M) 21.754ms
[211.504s][info][gc,cpu         ] GC(1441) User=0.02s Sys=0.00s Real=0.02s
[211.615s][info][gc,start       ] GC(1442) Pause Young (Allocation Failure)
[211.636s][info][gc,heap        ] GC(1442) DefNew: 140056K(157248K)->279K(157248K) Eden: 139776K(139776K)->0K(139776K) From: 280K(17472K)->279K(17472K)
[211.636s][info][gc,heap        ] GC(1442) Tenured: 13358K(349568K)->13376K(349568K)
[211.636s][info][gc,metaspace   ] GC(1442) Metaspace: 14272K(15168K)->14272K(15168K) NonClass: 12313K(12864K)->12313K(12864K) Class: 1959K(2304K)->1959K(2304K)
[211.636s][info][gc             ] GC(1442) Pause Young (Allocation Failure) 149M->13M(494M) 21.795ms
[211.636s][info][gc,cpu         ] GC(1442) User=0.03s Sys=0.00s Real=0.02s
[211.749s][info][gc,start       ] GC(1443) Pause Young (Allocation Failure)
[211.772s][info][gc,heap        ] GC(1443) DefNew: 140055K(157248K)->282K(157248K) Eden: 139776K(139776K)->0K(139776K) From: 279K(17472K)->282K(17472K)
[211.772s][info][gc,heap        ] GC(1443) Tenured: 13376K(349568K)->13393K(349568K)
[211.772s][info][gc,metaspace   ] GC(1443) Metaspace: 14272K(15168K)->14272K(15168K) NonClass: 12313K(12864K)->12313K(12864K) Class: 1959K(2304K)->1959K(2304K)
[211.772s][info][gc             ] GC(1443) Pause Young (Allocation Failure) 149M->13M(494M) 22.351ms
[211.772s][info][gc,cpu         ] GC(1443) User=0.02s Sys=0.00s Real=0.02s
[211.885s][info][gc,start       ] GC(1444) Pause Young (Allocation Failure)
[211.915s][info][gc,heap        ] GC(1444) DefNew: 140058K(157248K)->281K(157248K) Eden: 139776K(139776K)->0K(139776K) From: 282K(17472K)->281K(17472K)
[211.915s][info][gc,heap        ] GC(1444) Tenured: 13393K(349568K)->13411K(349568K)
[211.915s][info][gc,metaspace   ] GC(1444) Metaspace: 14272K(15168K)->14272K(15168K) NonClass: 12313K(12864K)->12313K(12864K) Class: 1959K(2304K)->1959K(2304K)
[211.916s][info][gc             ] GC(1444) Pause Young (Allocation Failure) 149M->13M(494M) 30.395ms
[211.916s][info][gc,cpu         ] GC(1444) User=0.03s Sys=0.00s Real=0.03s
[212.028s][info][gc,start       ] GC(1445) Pause Young (Allocation Failure)
[212.058s][info][gc,heap        ] GC(1445) DefNew: 140057K(157248K)->282K(157248K) Eden: 139776K(139776K)->0K(139776K) From: 281K(17472K)->282K(17472K)
[212.058s][info][gc,heap        ] GC(1445) Tenured: 13411K(349568K)->13429K(349568K)
[212.058s][info][gc,metaspace   ] GC(1445) Metaspace: 14272K(15168K)->14272K(15168K) NonClass: 12313K(12864K)->12313K(12864K) Class: 1959K(2304K)->1959K(2304K)
[212.058s][info][gc             ] GC(1445) Pause Young (Allocation Failure) 149M->13M(494M) 30.151ms
[212.058s][info][gc,cpu         ] GC(1445) User=0.03s Sys=0.00s Real=0.03s
[212.173s][info][gc,start       ] GC(1446) Pause Young (Allocation Failure)
[212.206s][info][gc,heap        ] GC(1446) DefNew: 140058K(157248K)->285K(157248K) Eden: 139776K(139776K)->0K(139776K) From: 282K(17472K)->285K(17472K)
[212.206s][info][gc,heap        ] GC(1446) Tenured: 13429K(349568K)->13447K(349568K)
[212.206s][info][gc,metaspace   ] GC(1446) Metaspace: 14272K(15168K)->14272K(15168K) NonClass: 12313K(12864K)->12313K(12864K) Class: 1959K(2304K)->1959K(2304K)
[212.206s][info][gc             ] GC(1446) Pause Young (Allocation Failure) 149M->13M(494M) 32.279ms
[212.206s][info][gc,cpu         ] GC(1446) User=0.03s Sys=0.00s Real=0.03s
[212.320s][info][gc,start       ] GC(1447) Pause Young (Allocation Failure)
[212.352s][info][gc,heap        ] GC(1447) DefNew: 140061K(157248K)->286K(157248K) Eden: 139776K(139776K)->0K(139776K) From: 285K(17472K)->286K(17472K)
[212.352s][info][gc,heap        ] GC(1447) Tenured: 13447K(349568K)->13465K(349568K)
[212.352s][info][gc,metaspace   ] GC(1447) Metaspace: 14272K(15168K)->14272K(15168K) NonClass: 12313K(12864K)->12313K(12864K) Class: 1959K(2304K)->1959K(2304K)
[212.352s][info][gc             ] GC(1447) Pause Young (Allocation Failure) 149M->13M(494M) 31.509ms
[212.352s][info][gc,cpu         ] GC(1447) User=0.03s Sys=0.00s Real=0.03s
[212.469s][info][gc,start       ] GC(1448) Pause Young (Allocation Failure)
[212.501s][info][gc,heap        ] GC(1448) DefNew: 140062K(157248K)->285K(157248K) Eden: 139776K(139776K)->0K(139776K) From: 286K(17472K)->285K(17472K)
[212.501s][info][gc,heap        ] GC(1448) Tenured: 13465K(349568K)->13483K(349568K)
[212.501s][info][gc,metaspace   ] GC(1448) Metaspace: 14272K(15168K)->14272K(15168K) NonClass: 12313K(12864K)->12313K(12864K) Class: 1959K(2304K)->1959K(2304K)
[212.501s][info][gc             ] GC(1448) Pause Young (Allocation Failure) 149M->13M(494M) 32.775ms
[212.501s][info][gc,cpu         ] GC(1448) User=0.03s Sys=0.00s Real=0.03s
[212.623s][info][gc,start       ] GC(1449) Pause Young (Allocation Failure)
[212.655s][info][gc,heap        ] GC(1449) DefNew: 140061K(157248K)->285K(157248K) Eden: 139776K(139776K)->0K(139776K) From: 285K(17472K)->285K(17472K)
[212.655s][info][gc,heap        ] GC(1449) Tenured: 13483K(349568K)->13503K(349568K)
[212.655s][info][gc,metaspace   ] GC(1449) Metaspace: 14272K(15168K)->14272K(15168K) NonClass: 12313K(12864K)->12313K(12864K) Class: 1959K(2304K)->1959K(2304K)
[212.655s][info][gc             ] GC(1449) Pause Young (Allocation Failure) 149M->13M(494M) 32.022ms
[212.655s][info][gc,cpu         ] GC(1449) User=0.03s Sys=0.00s Real=0.03s
[212.779s][info][gc,start       ] GC(1450) Pause Young (Allocation Failure)
[212.815s][info][gc,heap        ] GC(1450) DefNew: 140061K(157248K)->287K(157248K) Eden: 139776K(139776K)->0K(139776K) From: 285K(17472K)->287K(17472K)
[212.815s][info][gc,heap        ] GC(1450) Tenured: 13503K(349568K)->13521K(349568K)
[212.815s][info][gc,metaspace   ] GC(1450) Metaspace: 14272K(15168K)->14272K(15168K) NonClass: 12313K(12864K)->12313K(12864K) Class: 1959K(2304K)->1959K(2304K)
[212.815s][info][gc             ] GC(1450) Pause Young (Allocation Failure) 149M->13M(494M) 36.041ms
[212.815s][info][gc,cpu         ] GC(1450) User=0.03s Sys=0.00s Real=0.03s
[212.937s][info][gc,start       ] GC(1451) Pause Young (Allocation Failure)
[212.974s][info][gc,heap        ] GC(1451) DefNew: 140063K(157248K)->286K(157248K) Eden: 139776K(139776K)->0K(139776K) From: 287K(17472K)->286K(17472K)
[212.974s][info][gc,heap        ] GC(1451) Tenured: 13521K(349568K)->13541K(349568K)
[212.974s][info][gc,metaspace   ] GC(1451) Metaspace: 14272K(15168K)->14272K(15168K) NonClass: 12313K(12864K)->12313K(12864K) Class: 1959K(2304K)->1959K(2304K)
[212.974s][info][gc             ] GC(1451) Pause Young (Allocation Failure) 149M->13M(494M) 37.257ms
[212.974s][info][gc,cpu         ] GC(1451) User=0.03s Sys=0.00s Real=0.02s
[213.098s][info][gc,start       ] GC(1452) Pause Young (Allocation Failure)
[213.136s][info][gc,heap        ] GC(1452) DefNew: 140062K(157248K)->288K(157248K) Eden: 139776K(139776K)->0K(139776K) From: 286K(17472K)->288K(17472K)
[213.136s][info][gc,heap        ] GC(1452) Tenured: 13541K(349568K)->13559K(349568K)
[213.136s][info][gc,metaspace   ] GC(1452) Metaspace: 14272K(15168K)->14272K(15168K) NonClass: 12313K(12864K)->12313K(12864K) Class: 1959K(2304K)->1959K(2304K)
[213.136s][info][gc             ] GC(1452) Pause Young (Allocation Failure) 150M->13M(494M) 37.633ms
[213.136s][info][gc,cpu         ] GC(1452) User=0.05s Sys=0.00s Real=0.04s
[213.255s][info][gc,start       ] GC(1453) Pause Young (Allocation Failure)
[213.292s][info][gc,heap        ] GC(1453) DefNew: 140064K(157248K)->290K(157248K) Eden: 139776K(139776K)->0K(139776K) From: 288K(17472K)->290K(17472K)
[213.292s][info][gc,heap        ] GC(1453) Tenured: 13559K(349568K)->13577K(349568K)
[213.292s][info][gc,metaspace   ] GC(1453) Metaspace: 14272K(15168K)->14272K(15168K) NonClass: 12313K(12864K)->12313K(12864K) Class: 1959K(2304K)->1959K(2304K)
[213.292s][info][gc             ] GC(1453) Pause Young (Allocation Failure) 150M->13M(494M) 37.052ms
[213.292s][info][gc,cpu         ] GC(1453) User=0.03s Sys=0.00s Real=0.02s
[213.375s][info][gc,start       ] GC(1454) Pause Young (Allocation Failure)
[213.407s][info][gc,heap        ] GC(1454) DefNew: 140066K(157248K)->285K(157248K) Eden: 139776K(139776K)->0K(139776K) From: 290K(17472K)->285K(17472K)
[213.407s][info][gc,heap        ] GC(1454) Tenured: 13577K(349568K)->13595K(349568K)
[213.407s][info][gc,metaspace   ] GC(1454) Metaspace: 14272K(15168K)->14272K(15168K) NonClass: 12313K(12864K)->12313K(12864K) Class: 1959K(2304K)->1959K(2304K)
[213.407s][info][gc             ] GC(1454) Pause Young (Allocation Failure) 150M->13M(494M) 32.462ms
[213.407s][info][gc,cpu         ] GC(1454) User=0.03s Sys=0.00s Real=0.03s
[213.493s][info][gc,start       ] GC(1455) Pause Young (Allocation Failure)
[213.519s][info][gc,heap        ] GC(1455) DefNew: 140061K(157248K)->281K(157248K) Eden: 139776K(139776K)->0K(139776K) From: 285K(17472K)->281K(17472K)
[213.519s][info][gc,heap        ] GC(1455) Tenured: 13595K(349568K)->13612K(349568K)
[213.519s][info][gc,metaspace   ] GC(1455) Metaspace: 14272K(15168K)->14272K(15168K) NonClass: 12313K(12864K)->12313K(12864K) Class: 1959K(2304K)->1959K(2304K)
[213.519s][info][gc             ] GC(1455) Pause Young (Allocation Failure) 150M->13M(494M) 25.099ms
[213.519s][info][gc,cpu         ] GC(1455) User=0.02s Sys=0.00s Real=0.02s
[213.620s][info][gc,start       ] GC(1456) Pause Young (Allocation Failure)
[213.644s][info][gc,heap        ] GC(1456) DefNew: 140057K(157248K)->278K(157248K) Eden: 139776K(139776K)->0K(139776K) From: 281K(17472K)->278K(17472K)
[213.644s][info][gc,heap        ] GC(1456) Tenured: 13612K(349568K)->13630K(349568K)
[213.644s][info][gc,metaspace   ] GC(1456) Metaspace: 14272K(15168K)->14272K(15168K) NonClass: 12313K(12864K)->12313K(12864K) Class: 1959K(2304K)->1959K(2304K)
[213.644s][info][gc             ] GC(1456) Pause Young (Allocation Failure) 150M->13M(494M) 23.338ms
[213.644s][info][gc,cpu         ] GC(1456) User=0.02s Sys=0.00s Real=0.02s
[213.832s][info][gc,start       ] GC(1457) Pause Young (Allocation Failure)
[213.861s][info][gc,heap        ] GC(1457) DefNew: 140054K(157248K)->290K(157248K) Eden: 139776K(139776K)->0K(139776K) From: 278K(17472K)->290K(17472K)
[213.861s][info][gc,heap        ] GC(1457) Tenured: 13630K(349568K)->13648K(349568K)
[213.861s][info][gc,metaspace   ] GC(1457) Metaspace: 14272K(15168K)->14272K(15168K) NonClass: 12313K(12864K)->12313K(12864K) Class: 1959K(2304K)->1959K(2304K)
[213.861s][info][gc             ] GC(1457) Pause Young (Allocation Failure) 150M->13M(494M) 29.400ms
[213.861s][info][gc,cpu         ] GC(1457) User=0.03s Sys=0.00s Real=0.02s
[213.950s][info][gc,start       ] GC(1458) Pause Full (System.gc())
[213.950s][info][gc,phases,start] GC(1458) Phase 1: Mark live objects
[213.982s][info][gc,phases      ] GC(1458) Phase 1: Mark live objects 32.719ms
[213.982s][info][gc,phases,start] GC(1458) Phase 2: Compute new object addresses
[213.992s][info][gc,phases      ] GC(1458) Phase 2: Compute new object addresses 9.647ms
[213.992s][info][gc,phases,start] GC(1458) Phase 3: Adjust pointers
[214.012s][info][gc,phases      ] GC(1458) Phase 3: Adjust pointers 19.993ms
[214.012s][info][gc,phases,start] GC(1458) Phase 4: Move objects
[214.012s][info][gc,phases      ] GC(1458) Phase 4: Move objects 0.012ms
[214.012s][info][gc,heap        ] GC(1458) DefNew: 32555K(157248K)->0K(157248K) Eden: 32265K(139776K)->0K(139776K) From: 290K(17472K)->0K(17472K)
[214.012s][info][gc,heap        ] GC(1458) Tenured: 13648K(349568K)->13648K(349568K)
[214.012s][info][gc,metaspace   ] GC(1458) Metaspace: 14272K(15168K)->14272K(15168K) NonClass: 12313K(12864K)->12313K(12864K) Class: 1959K(2304K)->1959K(2304K)
[214.012s][info][gc             ] GC(1458) Pause Full (System.gc()) 45M->13M(494M) 62.711ms
[214.012s][info][gc,cpu         ] GC(1458) User=0.06s Sys=0.00s Real=0.06s
[214.111s][info][gc,start       ] GC(1459) Pause Young (Allocation Failure)
[214.138s][info][gc,heap        ] GC(1459) DefNew: 139776K(157248K)->1477K(157248K) Eden: 139776K(139776K)->0K(139776K) From: 0K(17472K)->1477K(17472K)
[214.138s][info][gc,heap        ] GC(1459) Tenured: 13648K(349568K)->13648K(349568K)
[214.138s][info][gc,metaspace   ] GC(1459) Metaspace: 14272K(15168K)->14272K(15168K) NonClass: 12313K(12864K)->12313K(12864K) Class: 1959K(2304K)->1959K(2304K)
[214.138s][info][gc             ] GC(1459) Pause Young (Allocation Failure) 149M->14M(494M) 27.549ms
[214.138s][info][gc,cpu         ] GC(1459) User=0.02s Sys=0.00s Real=0.01s
[214.257s][info][gc,start       ] GC(1460) Pause Young (Allocation Failure)
[214.284s][info][gc,heap        ] GC(1460) DefNew: 141253K(157248K)->1497K(157248K) Eden: 139776K(139776K)->0K(139776K) From: 1477K(17472K)->1497K(17472K)
[214.284s][info][gc,heap        ] GC(1460) Tenured: 13648K(349568K)->13648K(349568K)
[214.284s][info][gc,metaspace   ] GC(1460) Metaspace: 14272K(15168K)->14272K(15168K) NonClass: 12313K(12864K)->12313K(12864K) Class: 1959K(2304K)->1959K(2304K)
[214.284s][info][gc             ] GC(1460) Pause Young (Allocation Failure) 151M->14M(494M) 26.970ms
[214.284s][info][gc,cpu         ] GC(1460) User=0.02s Sys=0.00s Real=0.03s
[214.393s][info][gc,start       ] GC(1461) Pause Young (Allocation Failure)
[214.420s][info][gc,heap        ] GC(1461) DefNew: 141273K(157248K)->1513K(157248K) Eden: 139776K(139776K)->0K(139776K) From: 1497K(17472K)->1513K(17472K)
[214.420s][info][gc,heap        ] GC(1461) Tenured: 13648K(349568K)->13648K(349568K)
[214.420s][info][gc,metaspace   ] GC(1461) Metaspace: 14272K(15168K)->14272K(15168K) NonClass: 12313K(12864K)->12313K(12864K) Class: 1959K(2304K)->1959K(2304K)
[214.420s][info][gc             ] GC(1461) Pause Young (Allocation Failure) 151M->14M(494M) 26.579ms
[214.420s][info][gc,cpu         ] GC(1461) User=0.03s Sys=0.00s Real=0.02s
[214.532s][info][gc,start       ] GC(1462) Pause Young (Allocation Failure)
[214.559s][info][gc,heap        ] GC(1462) DefNew: 141289K(157248K)->1530K(157248K) Eden: 139776K(139776K)->0K(139776K) From: 1513K(17472K)->1530K(17472K)
[214.559s][info][gc,heap        ] GC(1462) Tenured: 13648K(349568K)->13648K(349568K)
[214.559s][info][gc,metaspace   ] GC(1462) Metaspace: 14272K(15168K)->14272K(15168K) NonClass: 12313K(12864K)->12313K(12864K) Class: 1959K(2304K)->1959K(2304K)
[214.559s][info][gc             ] GC(1462) Pause Young (Allocation Failure) 151M->14M(494M) 27.346ms
[214.559s][info][gc,cpu         ] GC(1462) User=0.03s Sys=0.00s Real=0.03s
[214.679s][info][gc,start       ] GC(1463) Pause Young (Allocation Failure)
[214.707s][info][gc,heap        ] GC(1463) DefNew: 141306K(157248K)->1551K(157248K) Eden: 139776K(139776K)->0K(139776K) From: 1530K(17472K)->1551K(17472K)
[214.707s][info][gc,heap        ] GC(1463) Tenured: 13648K(349568K)->13648K(349568K)
[214.707s][info][gc,metaspace   ] GC(1463) Metaspace: 14272K(15168K)->14272K(15168K) NonClass: 12313K(12864K)->12313K(12864K) Class: 1959K(2304K)->1959K(2304K)
[214.707s][info][gc             ] GC(1463) Pause Young (Allocation Failure) 151M->14M(494M) 27.573ms
[214.707s][info][gc,cpu         ] GC(1463) User=0.02s Sys=0.00s Real=0.02s
[214.818s][info][gc,start       ] GC(1464) Pause Young (Allocation Failure)
[214.846s][info][gc,heap        ] GC(1464) DefNew: 141327K(157248K)->1570K(157248K) Eden: 139776K(139776K)->0K(139776K) From: 1551K(17472K)->1570K(17472K)
[214.846s][info][gc,heap        ] GC(1464) Tenured: 13648K(349568K)->13648K(349568K)
[214.846s][info][gc,metaspace   ] GC(1464) Metaspace: 14272K(15168K)->14272K(15168K) NonClass: 12313K(12864K)->12313K(12864K) Class: 1959K(2304K)->1959K(2304K)
[214.846s][info][gc             ] GC(1464) Pause Young (Allocation Failure) 151M->14M(494M) 27.694ms
[214.846s][info][gc,cpu         ] GC(1464) User=0.02s Sys=0.00s Real=0.02s
[214.965s][info][gc,start       ] GC(1465) Pause Young (Allocation Failure)
[214.994s][info][gc,heap        ] GC(1465) DefNew: 141346K(157248K)->1587K(157248K) Eden: 139776K(139776K)->0K(139776K) From: 1570K(17472K)->1587K(17472K)
[214.994s][info][gc,heap        ] GC(1465) Tenured: 13648K(349568K)->13648K(349568K)
[214.994s][info][gc,metaspace   ] GC(1465) Metaspace: 14272K(15168K)->14272K(15168K) NonClass: 12313K(12864K)->12313K(12864K) Class: 1959K(2304K)->1959K(2304K)
[214.994s][info][gc             ] GC(1465) Pause Young (Allocation Failure) 151M->14M(494M) 28.869ms
[214.994s][info][gc,cpu         ] GC(1465) User=0.02s Sys=0.00s Real=0.02s
[215.114s][info][gc,start       ] GC(1466) Pause Young (Allocation Failure)
[215.142s][info][gc,heap        ] GC(1466) DefNew: 141363K(157248K)->1604K(157248K) Eden: 139776K(139776K)->0K(139776K) From: 1587K(17472K)->1604K(17472K)
[215.142s][info][gc,heap        ] GC(1466) Tenured: 13648K(349568K)->13648K(349568K)
[215.142s][info][gc,metaspace   ] GC(1466) Metaspace: 14272K(15168K)->14272K(15168K) NonClass: 12313K(12864K)->12313K(12864K) Class: 1959K(2304K)->1959K(2304K)
[215.143s][info][gc             ] GC(1466) Pause Young (Allocation Failure) 151M->14M(494M) 28.934ms
[215.143s][info][gc,cpu         ] GC(1466) User=0.03s Sys=0.00s Real=0.03s
[215.257s][info][gc,start       ] GC(1467) Pause Young (Allocation Failure)
[215.286s][info][gc,heap        ] GC(1467) DefNew: 141380K(157248K)->1621K(157248K) Eden: 139776K(139776K)->0K(139776K) From: 1604K(17472K)->1621K(17472K)
[215.286s][info][gc,heap        ] GC(1467) Tenured: 13648K(349568K)->13648K(349568K)
[215.286s][info][gc,metaspace   ] GC(1467) Metaspace: 14272K(15168K)->14272K(15168K) NonClass: 12313K(12864K)->12313K(12864K) Class: 1959K(2304K)->1959K(2304K)
[215.286s][info][gc             ] GC(1467) Pause Young (Allocation Failure) 151M->14M(494M) 29.436ms
[215.286s][info][gc,cpu         ] GC(1467) User=0.02s Sys=0.00s Real=0.02s
[215.395s][info][gc,start       ] GC(1468) Pause Young (Allocation Failure)
[215.424s][info][gc,heap        ] GC(1468) DefNew: 141397K(157248K)->1639K(157248K) Eden: 139776K(139776K)->0K(139776K) From: 1621K(17472K)->1639K(17472K)
[215.424s][info][gc,heap        ] GC(1468) Tenured: 13648K(349568K)->13648K(349568K)
[215.424s][info][gc,metaspace   ] GC(1468) Metaspace: 14272K(15168K)->14272K(15168K) NonClass: 12313K(12864K)->12313K(12864K) Class: 1959K(2304K)->1959K(2304K)
[215.424s][info][gc             ] GC(1468) Pause Young (Allocation Failure) 151M->14M(494M) 28.514ms
[215.424s][info][gc,cpu         ] GC(1468) User=0.02s Sys=0.00s Real=0.01s
[215.534s][info][gc,start       ] GC(1469) Pause Young (Allocation Failure)
[215.562s][info][gc,heap        ] GC(1469) DefNew: 141415K(157248K)->1658K(157248K) Eden: 139776K(139776K)->0K(139776K) From: 1639K(17472K)->1658K(17472K)
[215.562s][info][gc,heap        ] GC(1469) Tenured: 13648K(349568K)->13648K(349568K)
[215.562s][info][gc,metaspace   ] GC(1469) Metaspace: 14272K(15168K)->14272K(15168K) NonClass: 12313K(12864K)->12313K(12864K) Class: 1959K(2304K)->1959K(2304K)
[215.562s][info][gc             ] GC(1469) Pause Young (Allocation Failure) 151M->14M(494M) 28.802ms
[215.562s][info][gc,cpu         ] GC(1469) User=0.03s Sys=0.00s Real=0.03s
[215.676s][info][gc,start       ] GC(1470) Pause Young (Allocation Failure)
[215.706s][info][gc,heap        ] GC(1470) DefNew: 141434K(157248K)->1676K(157248K) Eden: 139776K(139776K)->0K(139776K) From: 1658K(17472K)->1676K(17472K)
[215.706s][info][gc,heap        ] GC(1470) Tenured: 13648K(349568K)->13648K(349568K)
[215.706s][info][gc,metaspace   ] GC(1470) Metaspace: 14272K(15168K)->14272K(15168K) NonClass: 12313K(12864K)->12313K(12864K) Class: 1959K(2304K)->1959K(2304K)
[215.706s][info][gc             ] GC(1470) Pause Young (Allocation Failure) 151M->14M(494M) 29.979ms
[215.706s][info][gc,cpu         ] GC(1470) User=0.03s Sys=0.00s Real=0.03s
[215.820s][info][gc,start       ] GC(1471) Pause Young (Allocation Failure)
[215.851s][info][gc,heap        ] GC(1471) DefNew: 141452K(157248K)->1694K(157248K) Eden: 139776K(139776K)->0K(139776K) From: 1676K(17472K)->1694K(17472K)
[215.851s][info][gc,heap        ] GC(1471) Tenured: 13648K(349568K)->13648K(349568K)
[215.851s][info][gc,metaspace   ] GC(1471) Metaspace: 14272K(15168K)->14272K(15168K) NonClass: 12313K(12864K)->12313K(12864K) Class: 1959K(2304K)->1959K(2304K)
[215.851s][info][gc             ] GC(1471) Pause Young (Allocation Failure) 151M->14M(494M) 30.845ms
[215.851s][info][gc,cpu         ] GC(1471) User=0.02s Sys=0.00s Real=0.02s
[215.971s][info][gc,start       ] GC(1472) Pause Young (Allocation Failure)
[215.995s][info][gc,heap        ] GC(1472) DefNew: 141470K(157248K)->1714K(157248K) Eden: 139776K(139776K)->0K(139776K) From: 1694K(17472K)->1714K(17472K)
[215.995s][info][gc,heap        ] GC(1472) Tenured: 13648K(349568K)->13648K(349568K)
[215.995s][info][gc,metaspace   ] GC(1472) Metaspace: 14272K(15168K)->14272K(15168K) NonClass: 12313K(12864K)->12313K(12864K) Class: 1959K(2304K)->1959K(2304K)
[215.995s][info][gc             ] GC(1472) Pause Young (Allocation Failure) 151M->15M(494M) 23.331ms
[215.995s][info][gc,cpu         ] GC(1472) User=0.02s Sys=0.00s Real=0.02s
[216.113s][info][gc,start       ] GC(1473) Pause Young (Allocation Failure)
[216.144s][info][gc,heap        ] GC(1473) DefNew: 141490K(157248K)->1734K(157248K) Eden: 139776K(139776K)->0K(139776K) From: 1714K(17472K)->1734K(17472K)
[216.144s][info][gc,heap        ] GC(1473) Tenured: 13648K(349568K)->13648K(349568K)
[216.144s][info][gc,metaspace   ] GC(1473) Metaspace: 14272K(15168K)->14272K(15168K) NonClass: 12313K(12864K)->12313K(12864K) Class: 1959K(2304K)->1959K(2304K)
[216.144s][info][gc             ] GC(1473) Pause Young (Allocation Failure) 151M->15M(494M) 30.958ms
[216.144s][info][gc,cpu         ] GC(1473) User=0.03s Sys=0.00s Real=0.03s
[216.256s][info][gc,start       ] GC(1474) Pause Young (Allocation Failure)
[216.288s][info][gc,heap        ] GC(1474) DefNew: 141510K(157248K)->284K(157248K) Eden: 139776K(139776K)->0K(139776K) From: 1734K(17472K)->284K(17472K)
[216.288s][info][gc,heap        ] GC(1474) Tenured: 13648K(349568K)->15117K(349568K)
[216.288s][info][gc,metaspace   ] GC(1474) Metaspace: 14272K(15168K)->14272K(15168K) NonClass: 12313K(12864K)->12313K(12864K) Class: 1959K(2304K)->1959K(2304K)
[216.288s][info][gc             ] GC(1474) Pause Young (Allocation Failure) 151M->15M(494M) 32.326ms
[216.288s][info][gc,cpu         ] GC(1474) User=0.03s Sys=0.00s Real=0.02s
[216.398s][info][gc,start       ] GC(1475) Pause Young (Allocation Failure)
[216.429s][info][gc,heap        ] GC(1475) DefNew: 140060K(157248K)->283K(157248K) Eden: 139776K(139776K)->0K(139776K) From: 284K(17472K)->283K(17472K)
[216.429s][info][gc,heap        ] GC(1475) Tenured: 15117K(349568K)->15134K(349568K)
[216.429s][info][gc,metaspace   ] GC(1475) Metaspace: 14272K(15168K)->14272K(15168K) NonClass: 12313K(12864K)->12313K(12864K) Class: 1959K(2304K)->1959K(2304K)
[216.429s][info][gc             ] GC(1475) Pause Young (Allocation Failure) 151M->15M(494M) 30.405ms
[216.429s][info][gc,cpu         ] GC(1475) User=0.02s Sys=0.00s Real=0.03s
[216.540s][info][gc,start       ] GC(1476) Pause Young (Allocation Failure)
[216.571s][info][gc,heap        ] GC(1476) DefNew: 140059K(157248K)->283K(157248K) Eden: 139776K(139776K)->0K(139776K) From: 283K(17472K)->283K(17472K)
[216.571s][info][gc,heap        ] GC(1476) Tenured: 15134K(349568K)->15152K(349568K)
[216.571s][info][gc,metaspace   ] GC(1476) Metaspace: 14272K(15168K)->14272K(15168K) NonClass: 12313K(12864K)->12313K(12864K) Class: 1959K(2304K)->1959K(2304K)
[216.571s][info][gc             ] GC(1476) Pause Young (Allocation Failure) 151M->15M(494M) 30.817ms
[216.571s][info][gc,cpu         ] GC(1476) User=0.02s Sys=0.00s Real=0.02s
[216.680s][info][gc,start       ] GC(1477) Pause Young (Allocation Failure)
[216.713s][info][gc,heap        ] GC(1477) DefNew: 140058K(157248K)->283K(157248K) Eden: 139775K(139776K)->0K(139776K) From: 283K(17472K)->283K(17472K)
[216.713s][info][gc,heap        ] GC(1477) Tenured: 15152K(349568K)->15170K(349568K)
[216.713s][info][gc,metaspace   ] GC(1477) Metaspace: 14272K(15168K)->14272K(15168K) NonClass: 12313K(12864K)->12313K(12864K) Class: 1959K(2304K)->1959K(2304K)
[216.713s][info][gc             ] GC(1477) Pause Young (Allocation Failure) 151M->15M(494M) 32.310ms
[216.713s][info][gc,cpu         ] GC(1477) User=0.03s Sys=0.00s Real=0.03s
[216.824s][info][gc,start       ] GC(1478) Pause Young (Allocation Failure)
[216.855s][info][gc,heap        ] GC(1478) DefNew: 140059K(157248K)->280K(157248K) Eden: 139776K(139776K)->0K(139776K) From: 283K(17472K)->280K(17472K)
[216.855s][info][gc,heap        ] GC(1478) Tenured: 15170K(349568K)->15191K(349568K)
[216.855s][info][gc,metaspace   ] GC(1478) Metaspace: 14272K(15168K)->14272K(15168K) NonClass: 12313K(12864K)->12313K(12864K) Class: 1959K(2304K)->1959K(2304K)
[216.855s][info][gc             ] GC(1478) Pause Young (Allocation Failure) 151M->15M(494M) 31.341ms
[216.855s][info][gc,cpu         ] GC(1478) User=0.02s Sys=0.00s Real=0.02s
[216.967s][info][gc,start       ] GC(1479) Pause Young (Allocation Failure)
[217.001s][info][gc,heap        ] GC(1479) DefNew: 140056K(157248K)->280K(157248K) Eden: 139776K(139776K)->0K(139776K) From: 280K(17472K)->280K(17472K)
[217.001s][info][gc,heap        ] GC(1479) Tenured: 15191K(349568K)->15208K(349568K)
[217.001s][info][gc,metaspace   ] GC(1479) Metaspace: 14272K(15168K)->14272K(15168K) NonClass: 12313K(12864K)->12313K(12864K) Class: 1959K(2304K)->1959K(2304K)
[217.001s][info][gc             ] GC(1479) Pause Young (Allocation Failure) 151M->15M(494M) 33.713ms
[217.001s][info][gc,cpu         ] GC(1479) User=0.02s Sys=0.00s Real=0.02s
[217.111s][info][gc,start       ] GC(1480) Pause Young (Allocation Failure)
[217.135s][info][gc,heap        ] GC(1480) DefNew: 140056K(157248K)->280K(157248K) Eden: 139776K(139776K)->0K(139776K) From: 280K(17472K)->280K(17472K)
[217.135s][info][gc,heap        ] GC(1480) Tenured: 15208K(349568K)->15226K(349568K)
[217.135s][info][gc,metaspace   ] GC(1480) Metaspace: 14272K(15168K)->14272K(15168K) NonClass: 12313K(12864K)->12313K(12864K) Class: 1959K(2304K)->1959K(2304K)
[217.135s][info][gc             ] GC(1480) Pause Young (Allocation Failure) 151M->15M(494M) 24.113ms
[217.135s][info][gc,cpu         ] GC(1480) User=0.03s Sys=0.00s Real=0.02s
[217.243s][info][gc,start       ] GC(1481) Pause Young (Allocation Failure)
[217.275s][info][gc,heap        ] GC(1481) DefNew: 140056K(157248K)->280K(157248K) Eden: 139776K(139776K)->0K(139776K) From: 280K(17472K)->280K(17472K)
[217.275s][info][gc,heap        ] GC(1481) Tenured: 15226K(349568K)->15244K(349568K)
[217.275s][info][gc,metaspace   ] GC(1481) Metaspace: 14272K(15168K)->14272K(15168K) NonClass: 12313K(12864K)->12313K(12864K) Class: 1959K(2304K)->1959K(2304K)
[217.275s][info][gc             ] GC(1481) Pause Young (Allocation Failure) 151M->15M(494M) 32.047ms
[217.275s][info][gc,cpu         ] GC(1481) User=0.02s Sys=0.00s Real=0.02s
[217.387s][info][gc,start       ] GC(1482) Pause Young (Allocation Failure)
[217.421s][info][gc,heap        ] GC(1482) DefNew: 140056K(157248K)->280K(157248K) Eden: 139776K(139776K)->0K(139776K) From: 280K(17472K)->280K(17472K)
[217.421s][info][gc,heap        ] GC(1482) Tenured: 15244K(349568K)->15261K(349568K)
[217.421s][info][gc,metaspace   ] GC(1482) Metaspace: 14272K(15168K)->14272K(15168K) NonClass: 12313K(12864K)->12313K(12864K) Class: 1959K(2304K)->1959K(2304K)
[217.421s][info][gc             ] GC(1482) Pause Young (Allocation Failure) 151M->15M(494M) 33.676ms
[217.421s][info][gc,cpu         ] GC(1482) User=0.03s Sys=0.00s Real=0.03s
[217.534s][info][gc,start       ] GC(1483) Pause Young (Allocation Failure)
[217.558s][info][gc,heap        ] GC(1483) DefNew: 140056K(157248K)->280K(157248K) Eden: 139776K(139776K)->0K(139776K) From: 280K(17472K)->280K(17472K)
[217.558s][info][gc,heap        ] GC(1483) Tenured: 15261K(349568K)->15279K(349568K)
[217.558s][info][gc,metaspace   ] GC(1483) Metaspace: 14272K(15168K)->14272K(15168K) NonClass: 12313K(12864K)->12313K(12864K) Class: 1959K(2304K)->1959K(2304K)
[217.558s][info][gc             ] GC(1483) Pause Young (Allocation Failure) 151M->15M(494M) 24.744ms
[217.558s][info][gc,cpu         ] GC(1483) User=0.03s Sys=0.00s Real=0.02s
[217.719s][info][gc,start       ] GC(1484) Pause Young (Allocation Failure)
[217.750s][info][gc,heap        ] GC(1484) DefNew: 140056K(157248K)->280K(157248K) Eden: 139776K(139776K)->0K(139776K) From: 280K(17472K)->280K(17472K)
[217.750s][info][gc,heap        ] GC(1484) Tenured: 15279K(349568K)->15297K(349568K)
[217.750s][info][gc,metaspace   ] GC(1484) Metaspace: 14272K(15168K)->14272K(15168K) NonClass: 12313K(12864K)->12313K(12864K) Class: 1959K(2304K)->1959K(2304K)
[217.750s][info][gc             ] GC(1484) Pause Young (Allocation Failure) 151M->15M(494M) 31.789ms
[217.750s][info][gc,cpu         ] GC(1484) User=0.03s Sys=0.00s Real=0.03s
[217.865s][info][gc,start       ] GC(1485) Pause Young (Allocation Failure)
[217.889s][info][gc,heap        ] GC(1485) DefNew: 140056K(157248K)->280K(157248K) Eden: 139776K(139776K)->0K(139776K) From: 280K(17472K)->280K(17472K)
[217.889s][info][gc,heap        ] GC(1485) Tenured: 15297K(349568K)->15315K(349568K)
[217.889s][info][gc,metaspace   ] GC(1485) Metaspace: 14272K(15168K)->14272K(15168K) NonClass: 12313K(12864K)->12313K(12864K) Class: 1959K(2304K)->1959K(2304K)
[217.889s][info][gc             ] GC(1485) Pause Young (Allocation Failure) 151M->15M(494M) 23.908ms
[217.889s][info][gc,cpu         ] GC(1485) User=0.03s Sys=0.00s Real=0.02s
[218.009s][info][gc,start       ] GC(1486) Pause Young (Allocation Failure)
[218.032s][info][gc,heap        ] GC(1486) DefNew: 140056K(157248K)->285K(157248K) Eden: 139776K(139776K)->0K(139776K) From: 280K(17472K)->285K(17472K)
[218.032s][info][gc,heap        ] GC(1486) Tenured: 15315K(349568K)->15333K(349568K)
[218.032s][info][gc,metaspace   ] GC(1486) Metaspace: 14272K(15168K)->14272K(15168K) NonClass: 12313K(12864K)->12313K(12864K) Class: 1959K(2304K)->1959K(2304K)
[218.032s][info][gc             ] GC(1486) Pause Young (Allocation Failure) 151M->15M(494M) 22.926ms
[218.032s][info][gc,cpu         ] GC(1486) User=0.02s Sys=0.00s Real=0.02s
[218.145s][info][gc,start       ] GC(1487) Pause Young (Allocation Failure)
[218.167s][info][gc,heap        ] GC(1487) DefNew: 140061K(157248K)->283K(157248K) Eden: 139776K(139776K)->0K(139776K) From: 285K(17472K)->283K(17472K)
[218.167s][info][gc,heap        ] GC(1487) Tenured: 15333K(349568K)->15353K(349568K)
[218.167s][info][gc,metaspace   ] GC(1487) Metaspace: 14272K(15168K)->14272K(15168K) NonClass: 12313K(12864K)->12313K(12864K) Class: 1959K(2304K)->1959K(2304K)
[218.167s][info][gc             ] GC(1487) Pause Young (Allocation Failure) 151M->15M(494M) 21.785ms
[218.167s][info][gc,cpu         ] GC(1487) User=0.02s Sys=0.00s Real=0.02s
[218.276s][info][gc,start       ] GC(1488) Pause Young (Allocation Failure)
[218.296s][info][gc,heap        ] GC(1488) DefNew: 140059K(157248K)->280K(157248K) Eden: 139776K(139776K)->0K(139776K) From: 283K(17472K)->280K(17472K)
[218.296s][info][gc,heap        ] GC(1488) Tenured: 15353K(349568K)->15374K(349568K)
[218.296s][info][gc,metaspace   ] GC(1488) Metaspace: 14272K(15168K)->14272K(15168K) NonClass: 12313K(12864K)->12313K(12864K) Class: 1959K(2304K)->1959K(2304K)
[218.296s][info][gc             ] GC(1488) Pause Young (Allocation Failure) 151M->15M(494M) 20.550ms
[218.296s][info][gc,cpu         ] GC(1488) User=0.02s Sys=0.00s Real=0.02s
[218.403s][info][gc,start       ] GC(1489) Pause Young (Allocation Failure)
[218.429s][info][gc,heap        ] GC(1489) DefNew: 140056K(157248K)->281K(157248K) Eden: 139775K(139776K)->0K(139776K) From: 280K(17472K)->281K(17472K)
[218.429s][info][gc,heap        ] GC(1489) Tenured: 15374K(349568K)->15392K(349568K)
[218.429s][info][gc,metaspace   ] GC(1489) Metaspace: 14272K(15168K)->14272K(15168K) NonClass: 12313K(12864K)->12313K(12864K) Class: 1959K(2304K)->1959K(2304K)
[218.429s][info][gc             ] GC(1489) Pause Young (Allocation Failure) 151M->15M(494M) 26.686ms
[218.429s][info][gc,cpu         ] GC(1489) User=0.03s Sys=0.00s Real=0.03s
[218.538s][info][gc,start       ] GC(1490) Pause Young (Allocation Failure)
[218.565s][info][gc,heap        ] GC(1490) DefNew: 140057K(157248K)->280K(157248K) Eden: 139776K(139776K)->0K(139776K) From: 281K(17472K)->280K(17472K)
[218.565s][info][gc,heap        ] GC(1490) Tenured: 15392K(349568K)->15409K(349568K)
[218.565s][info][gc,metaspace   ] GC(1490) Metaspace: 14272K(15168K)->14272K(15168K) NonClass: 12313K(12864K)->12313K(12864K) Class: 1959K(2304K)->1959K(2304K)
[218.565s][info][gc             ] GC(1490) Pause Young (Allocation Failure) 151M->15M(494M) 27.219ms
[218.565s][info][gc,cpu         ] GC(1490) User=0.03s Sys=0.00s Real=0.03s
[218.685s][info][gc,start       ] GC(1491) Pause Young (Allocation Failure)
[218.712s][info][gc,heap        ] GC(1491) DefNew: 140056K(157248K)->281K(157248K) Eden: 139776K(139776K)->0K(139776K) From: 280K(17472K)->281K(17472K)
[218.712s][info][gc,heap        ] GC(1491) Tenured: 15409K(349568K)->15426K(349568K)
[218.712s][info][gc,metaspace   ] GC(1491) Metaspace: 14272K(15168K)->14272K(15168K) NonClass: 12313K(12864K)->12313K(12864K) Class: 1959K(2304K)->1959K(2304K)
[218.712s][info][gc             ] GC(1491) Pause Young (Allocation Failure) 151M->15M(494M) 26.948ms
[218.712s][info][gc,cpu         ] GC(1491) User=0.03s Sys=0.00s Real=0.03s
[218.821s][info][gc,start       ] GC(1492) Pause Young (Allocation Failure)
[218.848s][info][gc,heap        ] GC(1492) DefNew: 140057K(157248K)->281K(157248K) Eden: 139776K(139776K)->0K(139776K) From: 281K(17472K)->281K(17472K)
[218.848s][info][gc,heap        ] GC(1492) Tenured: 15426K(349568K)->15444K(349568K)
[218.848s][info][gc,metaspace   ] GC(1492) Metaspace: 14272K(15168K)->14272K(15168K) NonClass: 12313K(12864K)->12313K(12864K) Class: 1959K(2304K)->1959K(2304K)
[218.848s][info][gc             ] GC(1492) Pause Young (Allocation Failure) 151M->15M(494M) 27.110ms
[218.848s][info][gc,cpu         ] GC(1492) User=0.02s Sys=0.00s Real=0.03s
[218.957s][info][gc,start       ] GC(1493) Pause Young (Allocation Failure)
[218.986s][info][gc,heap        ] GC(1493) DefNew: 140057K(157248K)->280K(157248K) Eden: 139776K(139776K)->0K(139776K) From: 281K(17472K)->280K(17472K)
[218.986s][info][gc,heap        ] GC(1493) Tenured: 15444K(349568K)->15462K(349568K)
[218.986s][info][gc,metaspace   ] GC(1493) Metaspace: 14272K(15168K)->14272K(15168K) NonClass: 12313K(12864K)->12313K(12864K) Class: 1959K(2304K)->1959K(2304K)
[218.986s][info][gc             ] GC(1493) Pause Young (Allocation Failure) 151M->15M(494M) 28.495ms
[218.986s][info][gc,cpu         ] GC(1493) User=0.03s Sys=0.00s Real=0.02s
[219.098s][info][gc,start       ] GC(1494) Pause Young (Allocation Failure)
[219.119s][info][gc,heap        ] GC(1494) DefNew: 140056K(157248K)->280K(157248K) Eden: 139776K(139776K)->0K(139776K) From: 280K(17472K)->280K(17472K)
[219.119s][info][gc,heap        ] GC(1494) Tenured: 15462K(349568K)->15480K(349568K)
[219.119s][info][gc,metaspace   ] GC(1494) Metaspace: 14272K(15168K)->14272K(15168K) NonClass: 12313K(12864K)->12313K(12864K) Class: 1959K(2304K)->1959K(2304K)
[219.119s][info][gc             ] GC(1494) Pause Young (Allocation Failure) 151M->15M(494M) 20.839ms
[219.119s][info][gc,cpu         ] GC(1494) User=0.02s Sys=0.00s Real=0.02s
[219.227s][info][gc,start       ] GC(1495) Pause Young (Allocation Failure)
[219.249s][info][gc,heap        ] GC(1495) DefNew: 140056K(157248K)->280K(157248K) Eden: 139776K(139776K)->0K(139776K) From: 280K(17472K)->280K(17472K)
[219.249s][info][gc,heap        ] GC(1495) Tenured: 15480K(349568K)->15498K(349568K)
[219.249s][info][gc,metaspace   ] GC(1495) Metaspace: 14272K(15168K)->14272K(15168K) NonClass: 12313K(12864K)->12313K(12864K) Class: 1959K(2304K)->1959K(2304K)
[219.249s][info][gc             ] GC(1495) Pause Young (Allocation Failure) 151M->15M(494M) 21.619ms
[219.249s][info][gc,cpu         ] GC(1495) User=0.02s Sys=0.00s Real=0.02s
[219.355s][info][gc,start       ] GC(1496) Pause Young (Allocation Failure)
[219.377s][info][gc,heap        ] GC(1496) DefNew: 140056K(157248K)->280K(157248K) Eden: 139776K(139776K)->0K(139776K) From: 280K(17472K)->280K(17472K)
[219.377s][info][gc,heap        ] GC(1496) Tenured: 15498K(349568K)->15516K(349568K)
[219.377s][info][gc,metaspace   ] GC(1496) Metaspace: 14272K(15168K)->14272K(15168K) NonClass: 12313K(12864K)->12313K(12864K) Class: 1959K(2304K)->1959K(2304K)
[219.377s][info][gc             ] GC(1496) Pause Young (Allocation Failure) 151M->15M(494M) 21.548ms
[219.377s][info][gc,cpu         ] GC(1496) User=0.02s Sys=0.00s Real=0.02s
[219.485s][info][gc,start       ] GC(1497) Pause Young (Allocation Failure)
[219.513s][info][gc,heap        ] GC(1497) DefNew: 140056K(157248K)->279K(157248K) Eden: 139775K(139776K)->0K(139776K) From: 280K(17472K)->279K(17472K)
[219.513s][info][gc,heap        ] GC(1497) Tenured: 15516K(349568K)->15534K(349568K)
[219.513s][info][gc,metaspace   ] GC(1497) Metaspace: 14272K(15168K)->14272K(15168K) NonClass: 12313K(12864K)->12313K(12864K) Class: 1959K(2304K)->1959K(2304K)
[219.513s][info][gc             ] GC(1497) Pause Young (Allocation Failure) 151M->15M(494M) 28.138ms
[219.513s][info][gc,cpu         ] GC(1497) User=0.02s Sys=0.00s Real=0.02s
[219.621s][info][gc,start       ] GC(1498) Pause Young (Allocation Failure)
[219.651s][info][gc,heap        ] GC(1498) DefNew: 140055K(157248K)->280K(157248K) Eden: 139776K(139776K)->0K(139776K) From: 279K(17472K)->280K(17472K)
[219.651s][info][gc,heap        ] GC(1498) Tenured: 15534K(349568K)->15551K(349568K)
[219.651s][info][gc,metaspace   ] GC(1498) Metaspace: 14272K(15168K)->14272K(15168K) NonClass: 12313K(12864K)->12313K(12864K) Class: 1959K(2304K)->1959K(2304K)
[219.651s][info][gc             ] GC(1498) Pause Young (Allocation Failure) 151M->15M(494M) 29.476ms
[219.651s][info][gc,cpu         ] GC(1498) User=0.02s Sys=0.00s Real=0.02s
[219.762s][info][gc,start       ] GC(1499) Pause Young (Allocation Failure)
[219.791s][info][gc,heap        ] GC(1499) DefNew: 140056K(157248K)->279K(157248K) Eden: 139776K(139776K)->0K(139776K) From: 280K(17472K)->279K(17472K)
[219.791s][info][gc,heap        ] GC(1499) Tenured: 15551K(349568K)->15569K(349568K)
[219.791s][info][gc,metaspace   ] GC(1499) Metaspace: 14272K(15168K)->14272K(15168K) NonClass: 12313K(12864K)->12313K(12864K) Class: 1959K(2304K)->1959K(2304K)
[219.791s][info][gc             ] GC(1499) Pause Young (Allocation Failure) 151M->15M(494M) 29.123ms
[219.791s][info][gc,cpu         ] GC(1499) User=0.02s Sys=0.00s Real=0.02s
[219.902s][info][gc,start       ] GC(1500) Pause Young (Allocation Failure)
[219.931s][info][gc,heap        ] GC(1500) DefNew: 140055K(157248K)->279K(157248K) Eden: 139776K(139776K)->0K(139776K) From: 279K(17472K)->279K(17472K)
[219.931s][info][gc,heap        ] GC(1500) Tenured: 15569K(349568K)->15587K(349568K)
[219.931s][info][gc,metaspace   ] GC(1500) Metaspace: 14272K(15168K)->14272K(15168K) NonClass: 12313K(12864K)->12313K(12864K) Class: 1959K(2304K)->1959K(2304K)
[219.931s][info][gc             ] GC(1500) Pause Young (Allocation Failure) 151M->15M(494M) 29.632ms
[219.931s][info][gc,cpu         ] GC(1500) User=0.03s Sys=0.00s Real=0.03s
[220.042s][info][gc,start       ] GC(1501) Pause Young (Allocation Failure)
[220.072s][info][gc,heap        ] GC(1501) DefNew: 140055K(157248K)->279K(157248K) Eden: 139776K(139776K)->0K(139776K) From: 279K(17472K)->279K(17472K)
[220.072s][info][gc,heap        ] GC(1501) Tenured: 15587K(349568K)->15607K(349568K)
[220.072s][info][gc,metaspace   ] GC(1501) Metaspace: 14272K(15168K)->14272K(15168K) NonClass: 12313K(12864K)->12313K(12864K) Class: 1959K(2304K)->1959K(2304K)
[220.073s][info][gc             ] GC(1501) Pause Young (Allocation Failure) 151M->15M(494M) 30.269ms
[220.073s][info][gc,cpu         ] GC(1501) User=0.02s Sys=0.00s Real=0.02s
[220.184s][info][gc,start       ] GC(1502) Pause Young (Allocation Failure)
[220.214s][info][gc,heap        ] GC(1502) DefNew: 140055K(157248K)->275K(157248K) Eden: 139776K(139776K)->0K(139776K) From: 279K(17472K)->275K(17472K)
[220.214s][info][gc,heap        ] GC(1502) Tenured: 15607K(349568K)->15628K(349568K)
[220.214s][info][gc,metaspace   ] GC(1502) Metaspace: 14272K(15168K)->14272K(15168K) NonClass: 12313K(12864K)->12313K(12864K) Class: 1959K(2304K)->1959K(2304K)
[220.214s][info][gc             ] GC(1502) Pause Young (Allocation Failure) 152M->15M(494M) 30.386ms
[220.214s][info][gc,cpu         ] GC(1502) User=0.02s Sys=0.00s Real=0.02s
[220.324s][info][gc,start       ] GC(1503) Pause Young (Allocation Failure)
[220.355s][info][gc,heap        ] GC(1503) DefNew: 140051K(157248K)->275K(157248K) Eden: 139776K(139776K)->0K(139776K) From: 275K(17472K)->275K(17472K)
[220.355s][info][gc,heap        ] GC(1503) Tenured: 15628K(349568K)->15646K(349568K)
[220.355s][info][gc,metaspace   ] GC(1503) Metaspace: 14272K(15168K)->14272K(15168K) NonClass: 12313K(12864K)->12313K(12864K) Class: 1959K(2304K)->1959K(2304K)
[220.355s][info][gc             ] GC(1503) Pause Young (Allocation Failure) 152M->15M(494M) 30.699ms
[220.355s][info][gc,cpu         ] GC(1503) User=0.02s Sys=0.00s Real=0.02s
[220.464s][info][gc,start       ] GC(1504) Pause Young (Allocation Failure)
[220.494s][info][gc,heap        ] GC(1504) DefNew: 140051K(157248K)->274K(157248K) Eden: 139776K(139776K)->0K(139776K) From: 275K(17472K)->274K(17472K)
[220.494s][info][gc,heap        ] GC(1504) Tenured: 15646K(349568K)->15664K(349568K)
[220.495s][info][gc,metaspace   ] GC(1504) Metaspace: 14272K(15168K)->14272K(15168K) NonClass: 12313K(12864K)->12313K(12864K) Class: 1959K(2304K)->1959K(2304K)
[220.495s][info][gc             ] GC(1504) Pause Young (Allocation Failure) 152M->15M(494M) 30.721ms
[220.495s][info][gc,cpu         ] GC(1504) User=0.02s Sys=0.00s Real=0.02s
[220.606s][info][gc,start       ] GC(1505) Pause Young (Allocation Failure)
[220.637s][info][gc,heap        ] GC(1505) DefNew: 140050K(157248K)->274K(157248K) Eden: 139776K(139776K)->0K(139776K) From: 274K(17472K)->274K(17472K)
[220.637s][info][gc,heap        ] GC(1505) Tenured: 15664K(349568K)->15682K(349568K)
[220.637s][info][gc,metaspace   ] GC(1505) Metaspace: 14272K(15168K)->14272K(15168K) NonClass: 12313K(12864K)->12313K(12864K) Class: 1959K(2304K)->1959K(2304K)
[220.637s][info][gc             ] GC(1505) Pause Young (Allocation Failure) 152M->15M(494M) 31.136ms
[220.637s][info][gc,cpu         ] GC(1505) User=0.03s Sys=0.00s Real=0.03s
[220.748s][info][gc,start       ] GC(1506) Pause Young (Allocation Failure)
[220.780s][info][gc,heap        ] GC(1506) DefNew: 140050K(157248K)->273K(157248K) Eden: 139775K(139776K)->0K(139776K) From: 274K(17472K)->273K(17472K)
[220.780s][info][gc,heap        ] GC(1506) Tenured: 15682K(349568K)->15699K(349568K)
[220.780s][info][gc,metaspace   ] GC(1506) Metaspace: 14272K(15168K)->14272K(15168K) NonClass: 12313K(12864K)->12313K(12864K) Class: 1959K(2304K)->1959K(2304K)
[220.780s][info][gc             ] GC(1506) Pause Young (Allocation Failure) 152M->15M(494M) 32.706ms
[220.780s][info][gc,cpu         ] GC(1506) User=0.02s Sys=0.00s Real=0.02s
[220.892s][info][gc,start       ] GC(1507) Pause Young (Allocation Failure)
[220.924s][info][gc,heap        ] GC(1507) DefNew: 140049K(157248K)->274K(157248K) Eden: 139776K(139776K)->0K(139776K) From: 273K(17472K)->274K(17472K)
[220.924s][info][gc,heap        ] GC(1507) Tenured: 15699K(349568K)->15717K(349568K)
[220.924s][info][gc,metaspace   ] GC(1507) Metaspace: 14272K(15168K)->14272K(15168K) NonClass: 12313K(12864K)->12313K(12864K) Class: 1959K(2304K)->1959K(2304K)
[220.924s][info][gc             ] GC(1507) Pause Young (Allocation Failure) 152M->15M(494M) 31.849ms
[220.924s][info][gc,cpu         ] GC(1507) User=0.03s Sys=0.00s Real=0.03s
[221.034s][info][gc,start       ] GC(1508) Pause Young (Allocation Failure)
[221.065s][info][gc,heap        ] GC(1508) DefNew: 140050K(157248K)->274K(157248K) Eden: 139776K(139776K)->0K(139776K) From: 274K(17472K)->274K(17472K)
[221.088s][info][gc,heap        ] GC(1508) Tenured: 15717K(349568K)->15735K(349568K)
[221.088s][info][gc,metaspace   ] GC(1508) Metaspace: 14272K(15168K)->14272K(15168K) NonClass: 12313K(12864K)->12313K(12864K) Class: 1959K(2304K)->1959K(2304K)
[221.088s][info][gc             ] GC(1508) Pause Young (Allocation Failure) 152M->15M(494M) 54.490ms
[221.088s][info][gc,cpu         ] GC(1508) User=0.03s Sys=0.00s Real=0.04s
[221.199s][info][gc,start       ] GC(1509) Pause Young (Allocation Failure)
[221.232s][info][gc,heap        ] GC(1509) DefNew: 140050K(157248K)->273K(157248K) Eden: 139776K(139776K)->0K(139776K) From: 274K(17472K)->273K(17472K)
[221.232s][info][gc,heap        ] GC(1509) Tenured: 15735K(349568K)->15752K(349568K)
[221.232s][info][gc,metaspace   ] GC(1509) Metaspace: 14272K(15168K)->14272K(15168K) NonClass: 12313K(12864K)->12313K(12864K) Class: 1959K(2304K)->1959K(2304K)
[221.232s][info][gc             ] GC(1509) Pause Young (Allocation Failure) 152M->15M(494M) 32.693ms
[221.232s][info][gc,cpu         ] GC(1509) User=0.02s Sys=0.00s Real=0.02s
[221.341s][info][gc,start       ] GC(1510) Pause Young (Allocation Failure)
[221.373s][info][gc,heap        ] GC(1510) DefNew: 140049K(157248K)->274K(157248K) Eden: 139776K(139776K)->0K(139776K) From: 273K(17472K)->274K(17472K)
[221.373s][info][gc,heap        ] GC(1510) Tenured: 15752K(349568K)->15770K(349568K)
[221.374s][info][gc,metaspace   ] GC(1510) Metaspace: 14272K(15168K)->14272K(15168K) NonClass: 12313K(12864K)->12313K(12864K) Class: 1959K(2304K)->1959K(2304K)
[221.374s][info][gc             ] GC(1510) Pause Young (Allocation Failure) 152M->15M(494M) 32.434ms
[221.374s][info][gc,cpu         ] GC(1510) User=0.02s Sys=0.00s Real=0.02s
[221.485s][info][gc,start       ] GC(1511) Pause Young (Allocation Failure)
[221.519s][info][gc,heap        ] GC(1511) DefNew: 140050K(157248K)->275K(157248K) Eden: 139776K(139776K)->0K(139776K) From: 274K(17472K)->275K(17472K)
[221.519s][info][gc,heap        ] GC(1511) Tenured: 15770K(349568K)->15787K(349568K)
[221.519s][info][gc,metaspace   ] GC(1511) Metaspace: 14272K(15168K)->14272K(15168K) NonClass: 12313K(12864K)->12313K(12864K) Class: 1959K(2304K)->1959K(2304K)
[221.519s][info][gc             ] GC(1511) Pause Young (Allocation Failure) 152M->15M(494M) 34.320ms
[221.519s][info][gc,cpu         ] GC(1511) User=0.03s Sys=0.00s Real=0.03s
[221.631s][info][gc,start       ] GC(1512) Pause Young (Allocation Failure)
[221.656s][info][gc,heap        ] GC(1512) DefNew: 140051K(157248K)->274K(157248K) Eden: 139776K(139776K)->0K(139776K) From: 275K(17472K)->274K(17472K)
[221.656s][info][gc,heap        ] GC(1512) Tenured: 15787K(349568K)->15805K(349568K)
[221.656s][info][gc,metaspace   ] GC(1512) Metaspace: 14272K(15168K)->14272K(15168K) NonClass: 12313K(12864K)->12313K(12864K) Class: 1959K(2304K)->1959K(2304K)
[221.656s][info][gc             ] GC(1512) Pause Young (Allocation Failure) 152M->15M(494M) 24.992ms
[221.656s][info][gc,cpu         ] GC(1512) User=0.03s Sys=0.00s Real=0.02s
[221.857s][info][gc,start       ] GC(1513) Pause Young (Allocation Failure)
[221.888s][info][gc,heap        ] GC(1513) DefNew: 140050K(157248K)->272K(157248K) Eden: 139776K(139776K)->0K(139776K) From: 274K(17472K)->272K(17472K)
[221.888s][info][gc,heap        ] GC(1513) Tenured: 15805K(349568K)->15822K(349568K)
[221.888s][info][gc,metaspace   ] GC(1513) Metaspace: 14272K(15168K)->14272K(15168K) NonClass: 12313K(12864K)->12313K(12864K) Class: 1959K(2304K)->1959K(2304K)
[221.888s][info][gc             ] GC(1513) Pause Young (Allocation Failure) 152M->15M(494M) 30.828ms
[221.888s][info][gc,cpu         ] GC(1513) User=0.02s Sys=0.00s Real=0.02s
[222.007s][info][gc,start       ] GC(1514) Pause Young (Allocation Failure)
[222.038s][info][gc,heap        ] GC(1514) DefNew: 140048K(157248K)->273K(157248K) Eden: 139776K(139776K)->0K(139776K) From: 272K(17472K)->273K(17472K)
[222.038s][info][gc,heap        ] GC(1514) Tenured: 15822K(349568K)->15840K(349568K)
[222.038s][info][gc,metaspace   ] GC(1514) Metaspace: 14272K(15168K)->14272K(15168K) NonClass: 12313K(12864K)->12313K(12864K) Class: 1959K(2304K)->1959K(2304K)
[222.038s][info][gc             ] GC(1514) Pause Young (Allocation Failure) 152M->15M(494M) 31.468ms
[222.038s][info][gc,cpu         ] GC(1514) User=0.02s Sys=0.00s Real=0.03s
[222.163s][info][gc,start       ] GC(1515) Pause Young (Allocation Failure)
[222.193s][info][gc,heap        ] GC(1515) DefNew: 140049K(157248K)->277K(157248K) Eden: 139776K(139776K)->0K(139776K) From: 273K(17472K)->277K(17472K)
[222.193s][info][gc,heap        ] GC(1515) Tenured: 15840K(349568K)->15858K(349568K)
[222.193s][info][gc,metaspace   ] GC(1515) Metaspace: 14272K(15168K)->14272K(15168K) NonClass: 12313K(12864K)->12313K(12864K) Class: 1959K(2304K)->1959K(2304K)
[222.193s][info][gc             ] GC(1515) Pause Young (Allocation Failure) 152M->15M(494M) 29.645ms
[222.193s][info][gc,cpu         ] GC(1515) User=0.02s Sys=0.00s Real=0.03s
[222.312s][info][gc,start       ] GC(1516) Pause Young (Allocation Failure)
[222.341s][info][gc,heap        ] GC(1516) DefNew: 140053K(157248K)->279K(157248K) Eden: 139776K(139776K)->0K(139776K) From: 277K(17472K)->279K(17472K)
[222.341s][info][gc,heap        ] GC(1516) Tenured: 15858K(349568K)->15877K(349568K)
[222.341s][info][gc,metaspace   ] GC(1516) Metaspace: 14272K(15168K)->14272K(15168K) NonClass: 12313K(12864K)->12313K(12864K) Class: 1959K(2304K)->1959K(2304K)
[222.341s][info][gc             ] GC(1516) Pause Young (Allocation Failure) 152M->15M(494M) 28.788ms
[222.341s][info][gc,cpu         ] GC(1516) User=0.03s Sys=0.00s Real=0.03s
[222.457s][info][gc,start       ] GC(1517) Pause Young (Allocation Failure)
[222.478s][info][gc,heap        ] GC(1517) DefNew: 140055K(157248K)->283K(157248K) Eden: 139776K(139776K)->0K(139776K) From: 279K(17472K)->283K(17472K)
[222.478s][info][gc,heap        ] GC(1517) Tenured: 15877K(349568K)->15895K(349568K)
[222.478s][info][gc,metaspace   ] GC(1517) Metaspace: 14272K(15168K)->14272K(15168K) NonClass: 12313K(12864K)->12313K(12864K) Class: 1959K(2304K)->1959K(2304K)
[222.478s][info][gc             ] GC(1517) Pause Young (Allocation Failure) 152M->15M(494M) 20.794ms
[222.478s][info][gc,cpu         ] GC(1517) User=0.02s Sys=0.00s Real=0.01s
[222.586s][info][gc,start       ] GC(1518) Pause Young (Allocation Failure)
[222.607s][info][gc,heap        ] GC(1518) DefNew: 140059K(157248K)->283K(157248K) Eden: 139776K(139776K)->0K(139776K) From: 283K(17472K)->283K(17472K)
[222.607s][info][gc,heap        ] GC(1518) Tenured: 15895K(349568K)->15912K(349568K)
[222.607s][info][gc,metaspace   ] GC(1518) Metaspace: 14272K(15168K)->14272K(15168K) NonClass: 12313K(12864K)->12313K(12864K) Class: 1959K(2304K)->1959K(2304K)
[222.607s][info][gc             ] GC(1518) Pause Young (Allocation Failure) 152M->15M(494M) 20.395ms
[222.607s][info][gc,cpu         ] GC(1518) User=0.02s Sys=0.00s Real=0.02s
[222.715s][info][gc,start       ] GC(1519) Pause Young (Allocation Failure)
[222.742s][info][gc,heap        ] GC(1519) DefNew: 140059K(157248K)->282K(157248K) Eden: 139776K(139776K)->0K(139776K) From: 283K(17472K)->282K(17472K)
[222.742s][info][gc,heap        ] GC(1519) Tenured: 15912K(349568K)->15930K(349568K)
[222.742s][info][gc,metaspace   ] GC(1519) Metaspace: 14272K(15168K)->14272K(15168K) NonClass: 12313K(12864K)->12313K(12864K) Class: 1959K(2304K)->1959K(2304K)
[222.742s][info][gc             ] GC(1519) Pause Young (Allocation Failure) 152M->15M(494M) 27.155ms
[222.742s][info][gc,cpu         ] GC(1519) User=0.03s Sys=0.00s Real=0.03s
[222.852s][info][gc,start       ] GC(1520) Pause Young (Allocation Failure)
[222.880s][info][gc,heap        ] GC(1520) DefNew: 140058K(157248K)->282K(157248K) Eden: 139776K(139776K)->0K(139776K) From: 282K(17472K)->282K(17472K)
[222.880s][info][gc,heap        ] GC(1520) Tenured: 15930K(349568K)->15948K(349568K)
[222.880s][info][gc,metaspace   ] GC(1520) Metaspace: 14272K(15168K)->14272K(15168K) NonClass: 12313K(12864K)->12313K(12864K) Class: 1959K(2304K)->1959K(2304K)
[222.880s][info][gc             ] GC(1520) Pause Young (Allocation Failure) 152M->15M(494M) 27.383ms
[222.880s][info][gc,cpu         ] GC(1520) User=0.02s Sys=0.00s Real=0.02s
[222.999s][info][gc,start       ] GC(1521) Pause Young (Allocation Failure)
[223.025s][info][gc,heap        ] GC(1521) DefNew: 140058K(157248K)->285K(157248K) Eden: 139776K(139776K)->0K(139776K) From: 282K(17472K)->285K(17472K)
[223.025s][info][gc,heap        ] GC(1521) Tenured: 15948K(349568K)->15965K(349568K)
[223.025s][info][gc,metaspace   ] GC(1521) Metaspace: 14272K(15168K)->14272K(15168K) NonClass: 12313K(12864K)->12313K(12864K) Class: 1959K(2304K)->1959K(2304K)
[223.025s][info][gc             ] GC(1521) Pause Young (Allocation Failure) 152M->15M(494M) 26.392ms
[223.025s][info][gc,cpu         ] GC(1521) User=0.02s Sys=0.00s Real=0.01s
[223.133s][info][gc,start       ] GC(1522) Pause Young (Allocation Failure)
[223.160s][info][gc,heap        ] GC(1522) DefNew: 140061K(157248K)->286K(157248K) Eden: 139776K(139776K)->0K(139776K) From: 285K(17472K)->286K(17472K)
[223.160s][info][gc,heap        ] GC(1522) Tenured: 15965K(349568K)->15982K(349568K)
[223.160s][info][gc,metaspace   ] GC(1522) Metaspace: 14272K(15168K)->14272K(15168K) NonClass: 12313K(12864K)->12313K(12864K) Class: 1959K(2304K)->1959K(2304K)
[223.160s][info][gc             ] GC(1522) Pause Young (Allocation Failure) 152M->15M(494M) 27.496ms
[223.160s][info][gc,cpu         ] GC(1522) User=0.02s Sys=0.00s Real=0.02s
[223.269s][info][gc,start       ] GC(1523) Pause Young (Allocation Failure)
[223.298s][info][gc,heap        ] GC(1523) DefNew: 140062K(157248K)->285K(157248K) Eden: 139776K(139776K)->0K(139776K) From: 286K(17472K)->285K(17472K)
[223.298s][info][gc,heap        ] GC(1523) Tenured: 15982K(349568K)->16000K(349568K)
[223.298s][info][gc,metaspace   ] GC(1523) Metaspace: 14272K(15168K)->14272K(15168K) NonClass: 12313K(12864K)->12313K(12864K) Class: 1959K(2304K)->1959K(2304K)
[223.298s][info][gc             ] GC(1523) Pause Young (Allocation Failure) 152M->15M(494M) 28.747ms
[223.298s][info][gc,cpu         ] GC(1523) User=0.02s Sys=0.00s Real=0.02s
[223.407s][info][gc,start       ] GC(1524) Pause Young (Allocation Failure)
[223.428s][info][gc,heap        ] GC(1524) DefNew: 140061K(157248K)->287K(157248K) Eden: 139776K(139776K)->0K(139776K) From: 285K(17472K)->287K(17472K)
[223.428s][info][gc,heap        ] GC(1524) Tenured: 16000K(349568K)->16018K(349568K)
[223.428s][info][gc,metaspace   ] GC(1524) Metaspace: 14272K(15168K)->14272K(15168K) NonClass: 12313K(12864K)->12313K(12864K) Class: 1959K(2304K)->1959K(2304K)
[223.428s][info][gc             ] GC(1524) Pause Young (Allocation Failure) 152M->15M(494M) 21.130ms
[223.428s][info][gc,cpu         ] GC(1524) User=0.02s Sys=0.00s Real=0.02s
[223.535s][info][gc,start       ] GC(1525) Pause Young (Allocation Failure)
[223.563s][info][gc,heap        ] GC(1525) DefNew: 140063K(157248K)->286K(157248K) Eden: 139776K(139776K)->0K(139776K) From: 287K(17472K)->286K(17472K)
[223.563s][info][gc,heap        ] GC(1525) Tenured: 16018K(349568K)->16035K(349568K)
[223.563s][info][gc,metaspace   ] GC(1525) Metaspace: 14272K(15168K)->14272K(15168K) NonClass: 12313K(12864K)->12313K(12864K) Class: 1959K(2304K)->1959K(2304K)
[223.563s][info][gc             ] GC(1525) Pause Young (Allocation Failure) 152M->15M(494M) 28.056ms
[223.563s][info][gc,cpu         ] GC(1525) User=0.03s Sys=0.00s Real=0.03s
[223.671s][info][gc,start       ] GC(1526) Pause Young (Allocation Failure)
[223.699s][info][gc,heap        ] GC(1526) DefNew: 140062K(157248K)->286K(157248K) Eden: 139776K(139776K)->0K(139776K) From: 286K(17472K)->286K(17472K)
[223.699s][info][gc,heap        ] GC(1526) Tenured: 16035K(349568K)->16053K(349568K)
[223.699s][info][gc,metaspace   ] GC(1526) Metaspace: 14272K(15168K)->14272K(15168K) NonClass: 12313K(12864K)->12313K(12864K) Class: 1959K(2304K)->1959K(2304K)
[223.699s][info][gc             ] GC(1526) Pause Young (Allocation Failure) 152M->15M(494M) 27.910ms
[223.699s][info][gc,cpu         ] GC(1526) User=0.02s Sys=0.00s Real=0.01s
[223.809s][info][gc,start       ] GC(1527) Pause Young (Allocation Failure)
[223.838s][info][gc,heap        ] GC(1527) DefNew: 140062K(157248K)->286K(157248K) Eden: 139776K(139776K)->0K(139776K) From: 286K(17472K)->286K(17472K)
[223.838s][info][gc,heap        ] GC(1527) Tenured: 16053K(349568K)->16071K(349568K)
[223.838s][info][gc,metaspace   ] GC(1527) Metaspace: 14272K(15168K)->14272K(15168K) NonClass: 12313K(12864K)->12313K(12864K) Class: 1959K(2304K)->1959K(2304K)
[223.838s][info][gc             ] GC(1527) Pause Young (Allocation Failure) 152M->15M(494M) 29.450ms
[223.838s][info][gc,cpu         ] GC(1527) User=0.02s Sys=0.00s Real=0.02s
[223.948s][info][gc,start       ] GC(1528) Pause Young (Allocation Failure)
[223.978s][info][gc,heap        ] GC(1528) DefNew: 140062K(157248K)->289K(157248K) Eden: 139776K(139776K)->0K(139776K) From: 286K(17472K)->289K(17472K)
[223.978s][info][gc,heap        ] GC(1528) Tenured: 16071K(349568K)->16085K(349568K)
[223.978s][info][gc,metaspace   ] GC(1528) Metaspace: 14272K(15168K)->14272K(15168K) NonClass: 12313K(12864K)->12313K(12864K) Class: 1959K(2304K)->1959K(2304K)
[223.978s][info][gc             ] GC(1528) Pause Young (Allocation Failure) 152M->15M(494M) 30.679ms
[223.978s][info][gc,cpu         ] GC(1528) User=0.03s Sys=0.00s Real=0.03s
[224.089s][info][gc,start       ] GC(1529) Pause Young (Allocation Failure)
[224.119s][info][gc,heap        ] GC(1529) DefNew: 140065K(157248K)->287K(157248K) Eden: 139776K(139776K)->0K(139776K) From: 289K(17472K)->287K(17472K)
[224.119s][info][gc,heap        ] GC(1529) Tenured: 16085K(349568K)->16106K(349568K)
[224.119s][info][gc,metaspace   ] GC(1529) Metaspace: 14272K(15168K)->14272K(15168K) NonClass: 12313K(12864K)->12313K(12864K) Class: 1959K(2304K)->1959K(2304K)
[224.119s][info][gc             ] GC(1529) Pause Young (Allocation Failure) 152M->16M(494M) 30.238ms
[224.119s][info][gc,cpu         ] GC(1529) User=0.02s Sys=0.00s Real=0.02s
[224.228s][info][gc,start       ] GC(1530) Pause Young (Allocation Failure)
[224.260s][info][gc,heap        ] GC(1530) DefNew: 140063K(157248K)->283K(157248K) Eden: 139776K(139776K)->0K(139776K) From: 287K(17472K)->283K(17472K)
[224.260s][info][gc,heap        ] GC(1530) Tenured: 16106K(349568K)->16127K(349568K)
[224.260s][info][gc,metaspace   ] GC(1530) Metaspace: 14272K(15168K)->14272K(15168K) NonClass: 12313K(12864K)->12313K(12864K) Class: 1959K(2304K)->1959K(2304K)
[224.260s][info][gc             ] GC(1530) Pause Young (Allocation Failure) 152M->16M(494M) 31.460ms
[224.260s][info][gc,cpu         ] GC(1530) User=0.02s Sys=0.00s Real=0.03s
[224.370s][info][gc,start       ] GC(1531) Pause Young (Allocation Failure)
[224.393s][info][gc,heap        ] GC(1531) DefNew: 140059K(157248K)->280K(157248K) Eden: 139776K(139776K)->0K(139776K) From: 283K(17472K)->280K(17472K)
[224.393s][info][gc,heap        ] GC(1531) Tenured: 16127K(349568K)->16148K(349568K)
[224.393s][info][gc,metaspace   ] GC(1531) Metaspace: 14272K(15168K)->14272K(15168K) NonClass: 12313K(12864K)->12313K(12864K) Class: 1959K(2304K)->1959K(2304K)
[224.393s][info][gc             ] GC(1531) Pause Young (Allocation Failure) 152M->16M(494M) 22.767ms
[224.393s][info][gc,cpu         ] GC(1531) User=0.02s Sys=0.02s Real=0.02s
[224.501s][info][gc,start       ] GC(1532) Pause Young (Allocation Failure)
[224.532s][info][gc,heap        ] GC(1532) DefNew: 140056K(157248K)->277K(157248K) Eden: 139776K(139776K)->0K(139776K) From: 280K(17472K)->277K(17472K)
[224.532s][info][gc,heap        ] GC(1532) Tenured: 16148K(349568K)->16169K(349568K)
[224.532s][info][gc,metaspace   ] GC(1532) Metaspace: 14272K(15168K)->14272K(15168K) NonClass: 12313K(12864K)->12313K(12864K) Class: 1959K(2304K)->1959K(2304K)
[224.532s][info][gc             ] GC(1532) Pause Young (Allocation Failure) 152M->16M(494M) 30.798ms
[224.532s][info][gc,cpu         ] GC(1532) User=0.03s Sys=0.00s Real=0.03s
[224.641s][info][gc,start       ] GC(1533) Pause Young (Allocation Failure)
[224.673s][info][gc,heap        ] GC(1533) DefNew: 140053K(157248K)->277K(157248K) Eden: 139776K(139776K)->0K(139776K) From: 277K(17472K)->277K(17472K)
[224.673s][info][gc,heap        ] GC(1533) Tenured: 16169K(349568K)->16186K(349568K)
[224.673s][info][gc,metaspace   ] GC(1533) Metaspace: 14272K(15168K)->14272K(15168K) NonClass: 12313K(12864K)->12313K(12864K) Class: 1959K(2304K)->1959K(2304K)
[224.673s][info][gc             ] GC(1533) Pause Young (Allocation Failure) 152M->16M(494M) 32.427ms
[224.673s][info][gc,cpu         ] GC(1533) User=0.03s Sys=0.00s Real=0.03s
[224.784s][info][gc,start       ] GC(1534) Pause Young (Allocation Failure)
[224.815s][info][gc,heap        ] GC(1534) DefNew: 140053K(157248K)->277K(157248K) Eden: 139776K(139776K)->0K(139776K) From: 277K(17472K)->277K(17472K)
[224.815s][info][gc,heap        ] GC(1534) Tenured: 16186K(349568K)->16204K(349568K)
[224.815s][info][gc,metaspace   ] GC(1534) Metaspace: 14272K(15168K)->14272K(15168K) NonClass: 12313K(12864K)->12313K(12864K) Class: 1959K(2304K)->1959K(2304K)
[224.815s][info][gc             ] GC(1534) Pause Young (Allocation Failure) 152M->16M(494M) 31.577ms
[224.815s][info][gc,cpu         ] GC(1534) User=0.03s Sys=0.00s Real=0.03s
[224.927s][info][gc,start       ] GC(1535) Pause Young (Allocation Failure)
[224.960s][info][gc,heap        ] GC(1535) DefNew: 140053K(157248K)->277K(157248K) Eden: 139776K(139776K)->0K(139776K) From: 277K(17472K)->277K(17472K)
[224.960s][info][gc,heap        ] GC(1535) Tenured: 16204K(349568K)->16222K(349568K)
[224.960s][info][gc,metaspace   ] GC(1535) Metaspace: 14272K(15168K)->14272K(15168K) NonClass: 12313K(12864K)->12313K(12864K) Class: 1959K(2304K)->1959K(2304K)
[224.960s][info][gc             ] GC(1535) Pause Young (Allocation Failure) 152M->16M(494M) 33.136ms
[224.960s][info][gc,cpu         ] GC(1535) User=0.03s Sys=0.00s Real=0.02s
[225.071s][info][gc,start       ] GC(1536) Pause Young (Allocation Failure)
[225.103s][info][gc,heap        ] GC(1536) DefNew: 140053K(157248K)->274K(157248K) Eden: 139776K(139776K)->0K(139776K) From: 277K(17472K)->274K(17472K)
[225.103s][info][gc,heap        ] GC(1536) Tenured: 16222K(349568K)->16242K(349568K)
[225.103s][info][gc,metaspace   ] GC(1536) Metaspace: 14272K(15168K)->14272K(15168K) NonClass: 12313K(12864K)->12313K(12864K) Class: 1959K(2304K)->1959K(2304K)
[225.103s][info][gc             ] GC(1536) Pause Young (Allocation Failure) 152M->16M(494M) 31.794ms
[225.103s][info][gc,cpu         ] GC(1536) User=0.02s Sys=0.00s Real=0.02s
[225.212s][info][gc,start       ] GC(1537) Pause Young (Allocation Failure)
[225.244s][info][gc,heap        ] GC(1537) DefNew: 140050K(157248K)->274K(157248K) Eden: 139776K(139776K)->0K(139776K) From: 274K(17472K)->274K(17472K)
[225.244s][info][gc,heap        ] GC(1537) Tenured: 16242K(349568K)->16260K(349568K)
[225.245s][info][gc,metaspace   ] GC(1537) Metaspace: 14272K(15168K)->14272K(15168K) NonClass: 12313K(12864K)->12313K(12864K) Class: 1959K(2304K)->1959K(2304K)
[225.245s][info][gc             ] GC(1537) Pause Young (Allocation Failure) 152M->16M(494M) 32.297ms
[225.245s][info][gc,cpu         ] GC(1537) User=0.02s Sys=0.00s Real=0.02s
[225.354s][info][gc,start       ] GC(1538) Pause Young (Allocation Failure)
[225.386s][info][gc,heap        ] GC(1538) DefNew: 140050K(157248K)->277K(157248K) Eden: 139776K(139776K)->0K(139776K) From: 274K(17472K)->277K(17472K)
[225.386s][info][gc,heap        ] GC(1538) Tenured: 16260K(349568K)->16278K(349568K)
[225.386s][info][gc,metaspace   ] GC(1538) Metaspace: 14272K(15168K)->14272K(15168K) NonClass: 12313K(12864K)->12313K(12864K) Class: 1959K(2304K)->1959K(2304K)
[225.386s][info][gc             ] GC(1538) Pause Young (Allocation Failure) 152M->16M(494M) 32.586ms
[225.386s][info][gc,cpu         ] GC(1538) User=0.03s Sys=0.00s Real=0.03s
[225.498s][info][gc,start       ] GC(1539) Pause Young (Allocation Failure)
[225.531s][info][gc,heap        ] GC(1539) DefNew: 140053K(157248K)->276K(157248K) Eden: 139776K(139776K)->0K(139776K) From: 277K(17472K)->276K(17472K)
[225.531s][info][gc,heap        ] GC(1539) Tenured: 16278K(349568K)->16295K(349568K)
[225.531s][info][gc,metaspace   ] GC(1539) Metaspace: 14272K(15168K)->14272K(15168K) NonClass: 12313K(12864K)->12313K(12864K) Class: 1959K(2304K)->1959K(2304K)
[225.531s][info][gc             ] GC(1539) Pause Young (Allocation Failure) 152M->16M(494M) 32.831ms
[225.531s][info][gc,cpu         ] GC(1539) User=0.03s Sys=0.00s Real=0.03s
[225.644s][info][gc,start       ] GC(1540) Pause Young (Allocation Failure)
[225.678s][info][gc,heap        ] GC(1540) DefNew: 140052K(157248K)->276K(157248K) Eden: 139776K(139776K)->0K(139776K) From: 276K(17472K)->276K(17472K)
[225.678s][info][gc,heap        ] GC(1540) Tenured: 16295K(349568K)->16313K(349568K)
[225.678s][info][gc,metaspace   ] GC(1540) Metaspace: 14272K(15168K)->14272K(15168K) NonClass: 12313K(12864K)->12313K(12864K) Class: 1959K(2304K)->1959K(2304K)
[225.678s][info][gc             ] GC(1540) Pause Young (Allocation Failure) 152M->16M(494M) 34.541ms
[225.678s][info][gc,cpu         ] GC(1540) User=0.05s Sys=0.00s Real=0.04s
[225.790s][info][gc,start       ] GC(1541) Pause Young (Allocation Failure)
[225.815s][info][gc,heap        ] GC(1541) DefNew: 140052K(157248K)->280K(157248K) Eden: 139776K(139776K)->0K(139776K) From: 276K(17472K)->280K(17472K)
[225.815s][info][gc,heap        ] GC(1541) Tenured: 16313K(349568K)->16331K(349568K)
[225.815s][info][gc,metaspace   ] GC(1541) Metaspace: 14272K(15168K)->14272K(15168K) NonClass: 12313K(12864K)->12313K(12864K) Class: 1959K(2304K)->1959K(2304K)
[225.815s][info][gc             ] GC(1541) Pause Young (Allocation Failure) 152M->16M(494M) 24.806ms
[225.815s][info][gc,cpu         ] GC(1541) User=0.02s Sys=0.00s Real=0.02s
[226.001s][info][gc,start       ] GC(1542) Pause Young (Allocation Failure)
[226.034s][info][gc,heap        ] GC(1542) DefNew: 140056K(157248K)->284K(157248K) Eden: 139776K(139776K)->0K(139776K) From: 280K(17472K)->284K(17472K)
[226.034s][info][gc,heap        ] GC(1542) Tenured: 16331K(349568K)->16349K(349568K)
[226.034s][info][gc,metaspace   ] GC(1542) Metaspace: 14272K(15168K)->14272K(15168K) NonClass: 12313K(12864K)->12313K(12864K) Class: 1959K(2304K)->1959K(2304K)
[226.034s][info][gc             ] GC(1542) Pause Young (Allocation Failure) 152M->16M(494M) 32.612ms
[226.034s][info][gc,cpu         ] GC(1542) User=0.03s Sys=0.00s Real=0.03s
[226.151s][info][gc,start       ] GC(1543) Pause Young (Allocation Failure)
[226.175s][info][gc,heap        ] GC(1543) DefNew: 140060K(157248K)->283K(157248K) Eden: 139776K(139776K)->0K(139776K) From: 284K(17472K)->283K(17472K)
[226.175s][info][gc,heap        ] GC(1543) Tenured: 16349K(349568K)->16367K(349568K)
[226.175s][info][gc,metaspace   ] GC(1543) Metaspace: 14272K(15168K)->14272K(15168K) NonClass: 12313K(12864K)->12313K(12864K) Class: 1959K(2304K)->1959K(2304K)
[226.175s][info][gc             ] GC(1543) Pause Young (Allocation Failure) 152M->16M(494M) 24.001ms
[226.175s][info][gc,cpu         ] GC(1543) User=0.02s Sys=0.00s Real=0.02s
[226.289s][info][gc,start       ] GC(1544) Pause Young (Allocation Failure)
[226.319s][info][gc,heap        ] GC(1544) DefNew: 140059K(157248K)->284K(157248K) Eden: 139776K(139776K)->0K(139776K) From: 283K(17472K)->284K(17472K)
[226.319s][info][gc,heap        ] GC(1544) Tenured: 16367K(349568K)->16384K(349568K)
[226.319s][info][gc,metaspace   ] GC(1544) Metaspace: 14272K(15168K)->14272K(15168K) NonClass: 12313K(12864K)->12313K(12864K) Class: 1959K(2304K)->1959K(2304K)
[226.319s][info][gc             ] GC(1544) Pause Young (Allocation Failure) 152M->16M(494M) 30.005ms
[226.319s][info][gc,cpu         ] GC(1544) User=0.02s Sys=0.00s Real=0.03s
[226.431s][info][gc,start       ] GC(1545) Pause Young (Allocation Failure)
[226.459s][info][gc,heap        ] GC(1545) DefNew: 140060K(157248K)->285K(157248K) Eden: 139776K(139776K)->0K(139776K) From: 284K(17472K)->285K(17472K)
[226.460s][info][gc,heap        ] GC(1545) Tenured: 16384K(349568K)->16402K(349568K)
[226.460s][info][gc,metaspace   ] GC(1545) Metaspace: 14272K(15168K)->14272K(15168K) NonClass: 12313K(12864K)->12313K(12864K) Class: 1959K(2304K)->1959K(2304K)
[226.460s][info][gc             ] GC(1545) Pause Young (Allocation Failure) 152M->16M(494M) 28.253ms
[226.460s][info][gc,cpu         ] GC(1545) User=0.02s Sys=0.00s Real=0.02s
[226.574s][info][gc,start       ] GC(1546) Pause Young (Allocation Failure)
[226.602s][info][gc,heap        ] GC(1546) DefNew: 140061K(157248K)->285K(157248K) Eden: 139776K(139776K)->0K(139776K) From: 285K(17472K)->285K(17472K)
[226.644s][info][gc,heap        ] GC(1546) Tenured: 16402K(349568K)->16420K(349568K)
[226.644s][info][gc,metaspace   ] GC(1546) Metaspace: 14272K(15168K)->14272K(15168K) NonClass: 12313K(12864K)->12313K(12864K) Class: 1959K(2304K)->1959K(2304K)
[226.644s][info][gc             ] GC(1546) Pause Young (Allocation Failure) 152M->16M(494M) 70.073ms
[226.644s][info][gc,cpu         ] GC(1546) User=0.02s Sys=0.00s Real=0.07s
[226.771s][info][gc,start       ] GC(1547) Pause Young (Allocation Failure)
[226.797s][info][gc,heap        ] GC(1547) DefNew: 140061K(157248K)->285K(157248K) Eden: 139776K(139776K)->0K(139776K) From: 285K(17472K)->285K(17472K)
[226.797s][info][gc,heap        ] GC(1547) Tenured: 16420K(349568K)->16438K(349568K)
[226.797s][info][gc,metaspace   ] GC(1547) Metaspace: 14272K(15168K)->14272K(15168K) NonClass: 12313K(12864K)->12313K(12864K) Class: 1959K(2304K)->1959K(2304K)
[226.797s][info][gc             ] GC(1547) Pause Young (Allocation Failure) 152M->16M(494M) 26.219ms
[226.797s][info][gc,cpu         ] GC(1547) User=0.02s Sys=0.00s Real=0.02s
[226.912s][info][gc,start       ] GC(1548) Pause Young (Allocation Failure)
[226.939s][info][gc,heap        ] GC(1548) DefNew: 140061K(157248K)->287K(157248K) Eden: 139776K(139776K)->0K(139776K) From: 285K(17472K)->287K(17472K)
[226.939s][info][gc,heap        ] GC(1548) Tenured: 16438K(349568K)->16455K(349568K)
[226.939s][info][gc,metaspace   ] GC(1548) Metaspace: 14272K(15168K)->14272K(15168K) NonClass: 12313K(12864K)->12313K(12864K) Class: 1959K(2304K)->1959K(2304K)
[226.939s][info][gc             ] GC(1548) Pause Young (Allocation Failure) 152M->16M(494M) 26.905ms
[226.939s][info][gc,cpu         ] GC(1548) User=0.03s Sys=0.00s Real=0.03s
[227.048s][info][gc,start       ] GC(1549) Pause Young (Allocation Failure)
[227.075s][info][gc,heap        ] GC(1549) DefNew: 140063K(157248K)->287K(157248K) Eden: 139776K(139776K)->0K(139776K) From: 287K(17472K)->287K(17472K)
[227.076s][info][gc,heap        ] GC(1549) Tenured: 16455K(349568K)->16473K(349568K)
[227.076s][info][gc,metaspace   ] GC(1549) Metaspace: 14272K(15168K)->14272K(15168K) NonClass: 12313K(12864K)->12313K(12864K) Class: 1959K(2304K)->1959K(2304K)
[227.076s][info][gc             ] GC(1549) Pause Young (Allocation Failure) 152M->16M(494M) 27.353ms
[227.076s][info][gc,cpu         ] GC(1549) User=0.02s Sys=0.00s Real=0.02s
[227.187s][info][gc,start       ] GC(1550) Pause Young (Allocation Failure)
[227.214s][info][gc,heap        ] GC(1550) DefNew: 140063K(157248K)->287K(157248K) Eden: 139776K(139776K)->0K(139776K) From: 287K(17472K)->287K(17472K)
[227.214s][info][gc,heap        ] GC(1550) Tenured: 16473K(349568K)->16491K(349568K)
[227.214s][info][gc,metaspace   ] GC(1550) Metaspace: 14272K(15168K)->14272K(15168K) NonClass: 12313K(12864K)->12313K(12864K) Class: 1959K(2304K)->1959K(2304K)
[227.214s][info][gc             ] GC(1550) Pause Young (Allocation Failure) 152M->16M(494M) 27.829ms
[227.215s][info][gc,cpu         ] GC(1550) User=0.02s Sys=0.00s Real=0.02s
[227.324s][info][gc,start       ] GC(1551) Pause Young (Allocation Failure)
[227.352s][info][gc,heap        ] GC(1551) DefNew: 140063K(157248K)->286K(157248K) Eden: 139776K(139776K)->0K(139776K) From: 287K(17472K)->286K(17472K)
[227.352s][info][gc,heap        ] GC(1551) Tenured: 16491K(349568K)->16508K(349568K)
[227.352s][info][gc,metaspace   ] GC(1551) Metaspace: 14272K(15168K)->14272K(15168K) NonClass: 12313K(12864K)->12313K(12864K) Class: 1959K(2304K)->1959K(2304K)
[227.352s][info][gc             ] GC(1551) Pause Young (Allocation Failure) 152M->16M(494M) 27.578ms
[227.352s][info][gc,cpu         ] GC(1551) User=0.03s Sys=0.00s Real=0.03s
[227.460s][info][gc,start       ] GC(1552) Pause Young (Allocation Failure)
[227.490s][info][gc,heap        ] GC(1552) DefNew: 140062K(157248K)->286K(157248K) Eden: 139776K(139776K)->0K(139776K) From: 286K(17472K)->286K(17472K)
[227.490s][info][gc,heap        ] GC(1552) Tenured: 16508K(349568K)->16526K(349568K)
[227.490s][info][gc,metaspace   ] GC(1552) Metaspace: 14272K(15168K)->14272K(15168K) NonClass: 12313K(12864K)->12313K(12864K) Class: 1959K(2304K)->1959K(2304K)
[227.490s][info][gc             ] GC(1552) Pause Young (Allocation Failure) 152M->16M(494M) 29.599ms
[227.490s][info][gc,cpu         ] GC(1552) User=0.02s Sys=0.00s Real=0.03s
[227.600s][info][gc,start       ] GC(1553) Pause Young (Allocation Failure)
[227.628s][info][gc,heap        ] GC(1553) DefNew: 140062K(157248K)->283K(157248K) Eden: 139776K(139776K)->0K(139776K) From: 286K(17472K)->283K(17472K)
[227.628s][info][gc,heap        ] GC(1553) Tenured: 16526K(349568K)->16547K(349568K)
[227.628s][info][gc,metaspace   ] GC(1553) Metaspace: 14272K(15168K)->14272K(15168K) NonClass: 12313K(12864K)->12313K(12864K) Class: 1959K(2304K)->1959K(2304K)
[227.628s][info][gc             ] GC(1553) Pause Young (Allocation Failure) 152M->16M(494M) 28.083ms
[227.628s][info][gc,cpu         ] GC(1553) User=0.02s Sys=0.00s Real=0.02s
[227.739s][info][gc,start       ] GC(1554) Pause Young (Allocation Failure)
[227.767s][info][gc,heap        ] GC(1554) DefNew: 140059K(157248K)->283K(157248K) Eden: 139776K(139776K)->0K(139776K) From: 283K(17472K)->283K(17472K)
[227.767s][info][gc,heap        ] GC(1554) Tenured: 16547K(349568K)->16564K(349568K)
[227.767s][info][gc,metaspace   ] GC(1554) Metaspace: 14272K(15168K)->14272K(15168K) NonClass: 12313K(12864K)->12313K(12864K) Class: 1959K(2304K)->1959K(2304K)
[227.767s][info][gc             ] GC(1554) Pause Young (Allocation Failure) 152M->16M(494M) 28.251ms
[227.767s][info][gc,cpu         ] GC(1554) User=0.03s Sys=0.00s Real=0.02s
[227.877s][info][gc,start       ] GC(1555) Pause Young (Allocation Failure)
[227.906s][info][gc,heap        ] GC(1555) DefNew: 140059K(157248K)->285K(157248K) Eden: 139776K(139776K)->0K(139776K) From: 283K(17472K)->285K(17472K)
[227.906s][info][gc,heap        ] GC(1555) Tenured: 16564K(349568K)->16582K(349568K)
[227.906s][info][gc,metaspace   ] GC(1555) Metaspace: 14272K(15168K)->14272K(15168K) NonClass: 12313K(12864K)->12313K(12864K) Class: 1959K(2304K)->1959K(2304K)
[227.906s][info][gc             ] GC(1555) Pause Young (Allocation Failure) 152M->16M(494M) 29.597ms
[227.906s][info][gc,cpu         ] GC(1555) User=0.02s Sys=0.00s Real=0.02s
[228.017s][info][gc,start       ] GC(1556) Pause Young (Allocation Failure)
[228.047s][info][gc,heap        ] GC(1556) DefNew: 140061K(157248K)->280K(157248K) Eden: 139776K(139776K)->0K(139776K) From: 285K(17472K)->280K(17472K)
[228.047s][info][gc,heap        ] GC(1556) Tenured: 16582K(349568K)->16603K(349568K)
[228.047s][info][gc,metaspace   ] GC(1556) Metaspace: 14272K(15168K)->14272K(15168K) NonClass: 12313K(12864K)->12313K(12864K) Class: 1959K(2304K)->1959K(2304K)
[228.047s][info][gc             ] GC(1556) Pause Young (Allocation Failure) 152M->16M(494M) 30.679ms
[228.047s][info][gc,cpu         ] GC(1556) User=0.02s Sys=0.00s Real=0.02s
[228.157s][info][gc,start       ] GC(1557) Pause Young (Allocation Failure)
[228.186s][info][gc,heap        ] GC(1557) DefNew: 140056K(157248K)->277K(157248K) Eden: 139776K(139776K)->0K(139776K) From: 280K(17472K)->277K(17472K)
[228.187s][info][gc,heap        ] GC(1557) Tenured: 16603K(349568K)->16624K(349568K)
[228.187s][info][gc,metaspace   ] GC(1557) Metaspace: 14272K(15168K)->14272K(15168K) NonClass: 12313K(12864K)->12313K(12864K) Class: 1959K(2304K)->1959K(2304K)
[228.187s][info][gc             ] GC(1557) Pause Young (Allocation Failure) 152M->16M(494M) 29.780ms
[228.187s][info][gc,cpu         ] GC(1557) User=0.02s Sys=0.00s Real=0.02s
[228.294s][info][gc,start       ] GC(1558) Pause Young (Allocation Failure)
[228.326s][info][gc,heap        ] GC(1558) DefNew: 140053K(157248K)->277K(157248K) Eden: 139776K(139776K)->0K(139776K) From: 277K(17472K)->277K(17472K)
[228.326s][info][gc,heap        ] GC(1558) Tenured: 16624K(349568K)->16642K(349568K)
[228.326s][info][gc,metaspace   ] GC(1558) Metaspace: 14272K(15168K)->14272K(15168K) NonClass: 12313K(12864K)->12313K(12864K) Class: 1959K(2304K)->1959K(2304K)
[228.326s][info][gc             ] GC(1558) Pause Young (Allocation Failure) 153M->16M(494M) 31.304ms
[228.326s][info][gc,cpu         ] GC(1558) User=0.03s Sys=0.00s Real=0.03s
[228.437s][info][gc,start       ] GC(1559) Pause Young (Allocation Failure)
[228.467s][info][gc,heap        ] GC(1559) DefNew: 140053K(157248K)->276K(157248K) Eden: 139776K(139776K)->0K(139776K) From: 277K(17472K)->276K(17472K)
[228.467s][info][gc,heap        ] GC(1559) Tenured: 16642K(349568K)->16660K(349568K)
[228.467s][info][gc,metaspace   ] GC(1559) Metaspace: 14272K(15168K)->14272K(15168K) NonClass: 12313K(12864K)->12313K(12864K) Class: 1959K(2304K)->1959K(2304K)
[228.467s][info][gc             ] GC(1559) Pause Young (Allocation Failure) 153M->16M(494M) 30.779ms
[228.467s][info][gc,cpu         ] GC(1559) User=0.02s Sys=0.00s Real=0.02s
[228.574s][info][gc,start       ] GC(1560) Pause Young (Allocation Failure)
[228.606s][info][gc,heap        ] GC(1560) DefNew: 140052K(157248K)->276K(157248K) Eden: 139776K(139776K)->0K(139776K) From: 276K(17472K)->276K(17472K)
[228.606s][info][gc,heap        ] GC(1560) Tenured: 16660K(349568K)->16678K(349568K)
[228.606s][info][gc,metaspace   ] GC(1560) Metaspace: 14272K(15168K)->14272K(15168K) NonClass: 12313K(12864K)->12313K(12864K) Class: 1959K(2304K)->1959K(2304K)
[228.606s][info][gc             ] GC(1560) Pause Young (Allocation Failure) 153M->16M(494M) 31.968ms
[228.606s][info][gc,cpu         ] GC(1560) User=0.03s Sys=0.00s Real=0.03s
[228.718s][info][gc,start       ] GC(1561) Pause Young (Allocation Failure)
[228.742s][info][gc,heap        ] GC(1561) DefNew: 140052K(157248K)->278K(157248K) Eden: 139776K(139776K)->0K(139776K) From: 276K(17472K)->278K(17472K)
[228.742s][info][gc,heap        ] GC(1561) Tenured: 16678K(349568K)->16695K(349568K)
[228.742s][info][gc,metaspace   ] GC(1561) Metaspace: 14272K(15168K)->14272K(15168K) NonClass: 12313K(12864K)->12313K(12864K) Class: 1959K(2304K)->1959K(2304K)
[228.742s][info][gc             ] GC(1561) Pause Young (Allocation Failure) 153M->16M(494M) 23.407ms
[228.742s][info][gc,cpu         ] GC(1561) User=0.02s Sys=0.00s Real=0.02s
[228.849s][info][gc,start       ] GC(1562) Pause Young (Allocation Failure)
[228.873s][info][gc,heap        ] GC(1562) DefNew: 140054K(157248K)->277K(157248K) Eden: 139776K(139776K)->0K(139776K) From: 278K(17472K)->277K(17472K)
[228.873s][info][gc,heap        ] GC(1562) Tenured: 16695K(349568K)->16713K(349568K)
[228.873s][info][gc,metaspace   ] GC(1562) Metaspace: 14272K(15168K)->14272K(15168K) NonClass: 12313K(12864K)->12313K(12864K) Class: 1959K(2304K)->1959K(2304K)
[228.873s][info][gc             ] GC(1562) Pause Young (Allocation Failure) 153M->16M(494M) 23.830ms
[228.873s][info][gc,cpu         ] GC(1562) User=0.03s Sys=0.00s Real=0.02s
[228.979s][info][gc,start       ] GC(1563) Pause Young (Allocation Failure)
[229.002s][info][gc,heap        ] GC(1563) DefNew: 140053K(157248K)->274K(157248K) Eden: 139776K(139776K)->0K(139776K) From: 277K(17472K)->274K(17472K)
[229.002s][info][gc,heap        ] GC(1563) Tenured: 16713K(349568K)->16734K(349568K)
[229.002s][info][gc,metaspace   ] GC(1563) Metaspace: 14272K(15168K)->14272K(15168K) NonClass: 12313K(12864K)->12313K(12864K) Class: 1959K(2304K)->1959K(2304K)
[229.002s][info][gc             ] GC(1563) Pause Young (Allocation Failure) 153M->16M(494M) 23.442ms
[229.002s][info][gc,cpu         ] GC(1563) User=0.02s Sys=0.00s Real=0.02s
[229.108s][info][gc,start       ] GC(1564) Pause Young (Allocation Failure)
[229.140s][info][gc,heap        ] GC(1564) DefNew: 140050K(157248K)->274K(157248K) Eden: 139776K(139776K)->0K(139776K) From: 274K(17472K)->274K(17472K)
[229.140s][info][gc,heap        ] GC(1564) Tenured: 16734K(349568K)->16751K(349568K)
[229.140s][info][gc,metaspace   ] GC(1564) Metaspace: 14272K(15168K)->14272K(15168K) NonClass: 12313K(12864K)->12313K(12864K) Class: 1959K(2304K)->1959K(2304K)
[229.140s][info][gc             ] GC(1564) Pause Young (Allocation Failure) 153M->16M(494M) 32.142ms
[229.140s][info][gc,cpu         ] GC(1564) User=0.03s Sys=0.00s Real=0.03s
[229.251s][info][gc,start       ] GC(1565) Pause Young (Allocation Failure)
[229.284s][info][gc,heap        ] GC(1565) DefNew: 140050K(157248K)->273K(157248K) Eden: 139776K(139776K)->0K(139776K) From: 274K(17472K)->273K(17472K)
[229.284s][info][gc,heap        ] GC(1565) Tenured: 16751K(349568K)->16769K(349568K)
[229.284s][info][gc,metaspace   ] GC(1565) Metaspace: 14272K(15168K)->14272K(15168K) NonClass: 12313K(12864K)->12313K(12864K) Class: 1959K(2304K)->1959K(2304K)
[229.284s][info][gc             ] GC(1565) Pause Young (Allocation Failure) 153M->16M(494M) 33.522ms
[229.284s][info][gc,cpu         ] GC(1565) User=0.03s Sys=0.00s Real=0.03s
[229.393s][info][gc,start       ] GC(1566) Pause Young (Allocation Failure)
[229.417s][info][gc,heap        ] GC(1566) DefNew: 140049K(157248K)->275K(157248K) Eden: 139776K(139776K)->0K(139776K) From: 273K(17472K)->275K(17472K)
[229.417s][info][gc,heap        ] GC(1566) Tenured: 16769K(349568K)->16787K(349568K)
[229.417s][info][gc,metaspace   ] GC(1566) Metaspace: 14272K(15168K)->14272K(15168K) NonClass: 12313K(12864K)->12313K(12864K) Class: 1959K(2304K)->1959K(2304K)
[229.417s][info][gc             ] GC(1566) Pause Young (Allocation Failure) 153M->16M(494M) 24.291ms
[229.418s][info][gc,cpu         ] GC(1566) User=0.02s Sys=0.00s Real=0.01s
[229.526s][info][gc,start       ] GC(1567) Pause Young (Allocation Failure)
[229.551s][info][gc,heap        ] GC(1567) DefNew: 140051K(157248K)->275K(157248K) Eden: 139776K(139776K)->0K(139776K) From: 275K(17472K)->275K(17472K)
[229.551s][info][gc,heap        ] GC(1567) Tenured: 16787K(349568K)->16804K(349568K)
[229.551s][info][gc,metaspace   ] GC(1567) Metaspace: 14272K(15168K)->14272K(15168K) NonClass: 12313K(12864K)->12313K(12864K) Class: 1959K(2304K)->1959K(2304K)
[229.551s][info][gc             ] GC(1567) Pause Young (Allocation Failure) 153M->16M(494M) 24.328ms
[229.551s][info][gc,cpu         ] GC(1567) User=0.02s Sys=0.00s Real=0.02s
[229.660s][info][gc,start       ] GC(1568) Pause Young (Allocation Failure)
[229.685s][info][gc,heap        ] GC(1568) DefNew: 140051K(157248K)->277K(157248K) Eden: 139776K(139776K)->0K(139776K) From: 275K(17472K)->277K(17472K)
[229.685s][info][gc,heap        ] GC(1568) Tenured: 16804K(349568K)->16822K(349568K)
[229.685s][info][gc,metaspace   ] GC(1568) Metaspace: 14272K(15168K)->14272K(15168K) NonClass: 12313K(12864K)->12313K(12864K) Class: 1959K(2304K)->1959K(2304K)
[229.685s][info][gc             ] GC(1568) Pause Young (Allocation Failure) 153M->16M(494M) 25.083ms
[229.685s][info][gc,cpu         ] GC(1568) User=0.02s Sys=0.00s Real=0.02s
[229.794s][info][gc,start       ] GC(1569) Pause Young (Allocation Failure)
[229.820s][info][gc,heap        ] GC(1569) DefNew: 140053K(157248K)->274K(157248K) Eden: 139776K(139776K)->0K(139776K) From: 277K(17472K)->274K(17472K)
[229.820s][info][gc,heap        ] GC(1569) Tenured: 16822K(349568K)->16840K(349568K)
[229.820s][info][gc,metaspace   ] GC(1569) Metaspace: 14272K(15168K)->14272K(15168K) NonClass: 12313K(12864K)->12313K(12864K) Class: 1959K(2304K)->1959K(2304K)
[229.820s][info][gc             ] GC(1569) Pause Young (Allocation Failure) 153M->16M(494M) 26.132ms
[229.820s][info][gc,cpu         ] GC(1569) User=0.03s Sys=0.00s Real=0.03s
[229.928s][info][gc,start       ] GC(1570) Pause Young (Allocation Failure)
[229.962s][info][gc,heap        ] GC(1570) DefNew: 140050K(157248K)->277K(157248K) Eden: 139776K(139776K)->0K(139776K) From: 274K(17472K)->277K(17472K)
[229.962s][info][gc,heap        ] GC(1570) Tenured: 16840K(349568K)->16858K(349568K)
[229.962s][info][gc,metaspace   ] GC(1570) Metaspace: 14272K(15168K)->14272K(15168K) NonClass: 12313K(12864K)->12313K(12864K) Class: 1959K(2304K)->1959K(2304K)
[229.962s][info][gc             ] GC(1570) Pause Young (Allocation Failure) 153M->16M(494M) 33.615ms
[229.962s][info][gc,cpu         ] GC(1570) User=0.05s Sys=0.00s Real=0.03s
[230.140s][info][gc,start       ] GC(1571) Pause Young (Allocation Failure)
[230.180s][info][gc,heap        ] GC(1571) DefNew: 140053K(157248K)->277K(157248K) Eden: 139776K(139776K)->0K(139776K) From: 277K(17472K)->277K(17472K)
[230.180s][info][gc,heap        ] GC(1571) Tenured: 16858K(349568K)->16875K(349568K)
[230.180s][info][gc,metaspace   ] GC(1571) Metaspace: 14272K(15168K)->14272K(15168K) NonClass: 12313K(12864K)->12313K(12864K) Class: 1959K(2304K)->1959K(2304K)
[230.180s][info][gc             ] GC(1571) Pause Young (Allocation Failure) 153M->16M(494M) 39.656ms
[230.180s][info][gc,cpu         ] GC(1571) User=0.03s Sys=0.00s Real=0.03s
[230.297s][info][gc,start       ] GC(1572) Pause Young (Allocation Failure)
[230.329s][info][gc,heap        ] GC(1572) DefNew: 140053K(157248K)->280K(157248K) Eden: 139776K(139776K)->0K(139776K) From: 277K(17472K)->280K(17472K)
[230.329s][info][gc,heap        ] GC(1572) Tenured: 16875K(349568K)->16893K(349568K)
[230.329s][info][gc,metaspace   ] GC(1572) Metaspace: 14272K(15168K)->14272K(15168K) NonClass: 12313K(12864K)->12313K(12864K) Class: 1959K(2304K)->1959K(2304K)
[230.329s][info][gc             ] GC(1572) Pause Young (Allocation Failure) 153M->16M(494M) 32.113ms
[230.329s][info][gc,cpu         ] GC(1572) User=0.03s Sys=0.00s Real=0.03s
[230.442s][info][gc,start       ] GC(1573) Pause Young (Allocation Failure)
[230.473s][info][gc,heap        ] GC(1573) DefNew: 140056K(157248K)->281K(157248K) Eden: 139776K(139776K)->0K(139776K) From: 280K(17472K)->281K(17472K)
[230.473s][info][gc,heap        ] GC(1573) Tenured: 16893K(349568K)->16911K(349568K)
[230.473s][info][gc,metaspace   ] GC(1573) Metaspace: 14272K(15168K)->14272K(15168K) NonClass: 12313K(12864K)->12313K(12864K) Class: 1959K(2304K)->1959K(2304K)
[230.473s][info][gc             ] GC(1573) Pause Young (Allocation Failure) 153M->16M(494M) 30.793ms
[230.473s][info][gc,cpu         ] GC(1573) User=0.02s Sys=0.00s Real=0.02s
[230.587s][info][gc,start       ] GC(1574) Pause Young (Allocation Failure)
[230.616s][info][gc,heap        ] GC(1574) DefNew: 140057K(157248K)->277K(157248K) Eden: 139776K(139776K)->0K(139776K) From: 281K(17472K)->277K(17472K)
[230.616s][info][gc,heap        ] GC(1574) Tenured: 16911K(349568K)->16929K(349568K)
[230.616s][info][gc,metaspace   ] GC(1574) Metaspace: 14272K(15168K)->14272K(15168K) NonClass: 12313K(12864K)->12313K(12864K) Class: 1959K(2304K)->1959K(2304K)
[230.616s][info][gc             ] GC(1574) Pause Young (Allocation Failure) 153M->16M(494M) 29.366ms
[230.616s][info][gc,cpu         ] GC(1574) User=0.02s Sys=0.00s Real=0.02s
[230.743s][info][gc,start       ] GC(1575) Pause Young (Allocation Failure)
[230.764s][info][gc,heap        ] GC(1575) DefNew: 140053K(157248K)->280K(157248K) Eden: 139775K(139776K)->0K(139776K) From: 277K(17472K)->280K(17472K)
[230.764s][info][gc,heap        ] GC(1575) Tenured: 16929K(349568K)->16946K(349568K)
[230.764s][info][gc,metaspace   ] GC(1575) Metaspace: 14272K(15168K)->14272K(15168K) NonClass: 12313K(12864K)->12313K(12864K) Class: 1959K(2304K)->1959K(2304K)
[230.764s][info][gc             ] GC(1575) Pause Young (Allocation Failure) 153M->16M(494M) 20.534ms
[230.764s][info][gc,cpu         ] GC(1575) User=0.02s Sys=0.00s Real=0.02s
[230.879s][info][gc,start       ] GC(1576) Pause Young (Allocation Failure)
[230.899s][info][gc,heap        ] GC(1576) DefNew: 140056K(157248K)->281K(157248K) Eden: 139776K(139776K)->0K(139776K) From: 280K(17472K)->281K(17472K)
[230.899s][info][gc,heap        ] GC(1576) Tenured: 16946K(349568K)->16964K(349568K)
[230.899s][info][gc,metaspace   ] GC(1576) Metaspace: 14272K(15168K)->14272K(15168K) NonClass: 12313K(12864K)->12313K(12864K) Class: 1959K(2304K)->1959K(2304K)
[230.899s][info][gc             ] GC(1576) Pause Young (Allocation Failure) 153M->16M(494M) 20.636ms
[230.899s][info][gc,cpu         ] GC(1576) User=0.02s Sys=0.00s Real=0.02s
[231.006s][info][gc,start       ] GC(1577) Pause Young (Allocation Failure)
[231.027s][info][gc,heap        ] GC(1577) DefNew: 140057K(157248K)->281K(157248K) Eden: 139776K(139776K)->0K(139776K) From: 281K(17472K)->281K(17472K)
[231.027s][info][gc,heap        ] GC(1577) Tenured: 16964K(349568K)->16982K(349568K)
[231.027s][info][gc,metaspace   ] GC(1577) Metaspace: 14272K(15168K)->14272K(15168K) NonClass: 12313K(12864K)->12313K(12864K) Class: 1959K(2304K)->1959K(2304K)
[231.027s][info][gc             ] GC(1577) Pause Young (Allocation Failure) 153M->16M(494M) 20.998ms
[231.027s][info][gc,cpu         ] GC(1577) User=0.02s Sys=0.00s Real=0.02s
[231.136s][info][gc,start       ] GC(1578) Pause Young (Allocation Failure)
[231.158s][info][gc,heap        ] GC(1578) DefNew: 140057K(157248K)->281K(157248K) Eden: 139776K(139776K)->0K(139776K) From: 281K(17472K)->281K(17472K)
[231.158s][info][gc,heap        ] GC(1578) Tenured: 16982K(349568K)->17000K(349568K)
[231.158s][info][gc,metaspace   ] GC(1578) Metaspace: 14272K(15168K)->14272K(15168K) NonClass: 12313K(12864K)->12313K(12864K) Class: 1959K(2304K)->1959K(2304K)
[231.158s][info][gc             ] GC(1578) Pause Young (Allocation Failure) 153M->16M(494M) 21.563ms
[231.158s][info][gc,cpu         ] GC(1578) User=0.02s Sys=0.00s Real=0.01s
[231.268s][info][gc,start       ] GC(1579) Pause Young (Allocation Failure)
[231.290s][info][gc,heap        ] GC(1579) DefNew: 140057K(157248K)->285K(157248K) Eden: 139776K(139776K)->0K(139776K) From: 281K(17472K)->285K(17472K)
[231.290s][info][gc,heap        ] GC(1579) Tenured: 17000K(349568K)->17017K(349568K)
[231.290s][info][gc,metaspace   ] GC(1579) Metaspace: 14272K(15168K)->14272K(15168K) NonClass: 12313K(12864K)->12313K(12864K) Class: 1959K(2304K)->1959K(2304K)
[231.290s][info][gc             ] GC(1579) Pause Young (Allocation Failure) 153M->16M(494M) 21.962ms
[231.290s][info][gc,cpu         ] GC(1579) User=0.03s Sys=0.00s Real=0.02s
[231.398s][info][gc,start       ] GC(1580) Pause Young (Allocation Failure)
[231.426s][info][gc,heap        ] GC(1580) DefNew: 140061K(157248K)->283K(157248K) Eden: 139776K(139776K)->0K(139776K) From: 285K(17472K)->283K(17472K)
[231.426s][info][gc,heap        ] GC(1580) Tenured: 17017K(349568K)->17035K(349568K)
[231.426s][info][gc,metaspace   ] GC(1580) Metaspace: 14272K(15168K)->14272K(15168K) NonClass: 12313K(12864K)->12313K(12864K) Class: 1959K(2304K)->1959K(2304K)
[231.426s][info][gc             ] GC(1580) Pause Young (Allocation Failure) 153M->16M(494M) 28.039ms
[231.426s][info][gc,cpu         ] GC(1580) User=0.02s Sys=0.00s Real=0.02s
[231.539s][info][gc,start       ] GC(1581) Pause Young (Allocation Failure)
[231.569s][info][gc,heap        ] GC(1581) DefNew: 140059K(157248K)->285K(157248K) Eden: 139776K(139776K)->0K(139776K) From: 283K(17472K)->285K(17472K)
[231.569s][info][gc,heap        ] GC(1581) Tenured: 17035K(349568K)->17053K(349568K)
[231.569s][info][gc,metaspace   ] GC(1581) Metaspace: 14272K(15168K)->14272K(15168K) NonClass: 12313K(12864K)->12313K(12864K) Class: 1959K(2304K)->1959K(2304K)
[231.569s][info][gc             ] GC(1581) Pause Young (Allocation Failure) 153M->16M(494M) 30.090ms
[231.569s][info][gc,cpu         ] GC(1581) User=0.02s Sys=0.00s Real=0.02s
[231.681s][info][gc,start       ] GC(1582) Pause Young (Allocation Failure)
[231.710s][info][gc,heap        ] GC(1582) DefNew: 140061K(157248K)->283K(157248K) Eden: 139776K(139776K)->0K(139776K) From: 285K(17472K)->283K(17472K)
[231.710s][info][gc,heap        ] GC(1582) Tenured: 17053K(349568K)->17071K(349568K)
[231.710s][info][gc,metaspace   ] GC(1582) Metaspace: 14272K(15168K)->14272K(15168K) NonClass: 12313K(12864K)->12313K(12864K) Class: 1959K(2304K)->1959K(2304K)
[231.710s][info][gc             ] GC(1582) Pause Young (Allocation Failure) 153M->16M(494M) 28.719ms
[231.710s][info][gc,cpu         ] GC(1582) User=0.02s Sys=0.00s Real=0.02s
[231.820s][info][gc,start       ] GC(1583) Pause Young (Allocation Failure)
[231.851s][info][gc,heap        ] GC(1583) DefNew: 140059K(157248K)->284K(157248K) Eden: 139776K(139776K)->0K(139776K) From: 283K(17472K)->284K(17472K)
[231.851s][info][gc,heap        ] GC(1583) Tenured: 17071K(349568K)->17089K(349568K)
[231.851s][info][gc,metaspace   ] GC(1583) Metaspace: 14272K(15168K)->14272K(15168K) NonClass: 12313K(12864K)->12313K(12864K) Class: 1959K(2304K)->1959K(2304K)
[231.851s][info][gc             ] GC(1583) Pause Young (Allocation Failure) 153M->16M(494M) 30.474ms
[231.851s][info][gc,cpu         ] GC(1583) User=0.02s Sys=0.00s Real=0.02s
[231.962s][info][gc,start       ] GC(1584) Pause Young (Allocation Failure)
[231.983s][info][gc,heap        ] GC(1584) DefNew: 140060K(157248K)->284K(157248K) Eden: 139776K(139776K)->0K(139776K) From: 284K(17472K)->284K(17472K)
[231.983s][info][gc,heap        ] GC(1584) Tenured: 17089K(349568K)->17106K(349568K)
[231.983s][info][gc,metaspace   ] GC(1584) Metaspace: 14272K(15168K)->14272K(15168K) NonClass: 12313K(12864K)->12313K(12864K) Class: 1959K(2304K)->1959K(2304K)
[231.983s][info][gc             ] GC(1584) Pause Young (Allocation Failure) 153M->16M(494M) 21.764ms
[231.983s][info][gc,cpu         ] GC(1584) User=0.00s Sys=0.00s Real=0.01s
[232.093s][info][gc,start       ] GC(1585) Pause Young (Allocation Failure)
[232.123s][info][gc,heap        ] GC(1585) DefNew: 140060K(157248K)->281K(157248K) Eden: 139776K(139776K)->0K(139776K) From: 284K(17472K)->281K(17472K)
[232.123s][info][gc,heap        ] GC(1585) Tenured: 17106K(349568K)->17127K(349568K)
[232.123s][info][gc,metaspace   ] GC(1585) Metaspace: 14272K(15168K)->14272K(15168K) NonClass: 12313K(12864K)->12313K(12864K) Class: 1959K(2304K)->1959K(2304K)
[232.123s][info][gc             ] GC(1585) Pause Young (Allocation Failure) 153M->17M(494M) 29.415ms
[232.123s][info][gc,cpu         ] GC(1585) User=0.02s Sys=0.00s Real=0.02s
[232.234s][info][gc,start       ] GC(1586) Pause Young (Allocation Failure)
[232.264s][info][gc,heap        ] GC(1586) DefNew: 140057K(157248K)->281K(157248K) Eden: 139776K(139776K)->0K(139776K) From: 281K(17472K)->281K(17472K)
[232.264s][info][gc,heap        ] GC(1586) Tenured: 17127K(349568K)->17144K(349568K)
[232.264s][info][gc,metaspace   ] GC(1586) Metaspace: 14272K(15168K)->14272K(15168K) NonClass: 12313K(12864K)->12313K(12864K) Class: 1959K(2304K)->1959K(2304K)
[232.264s][info][gc             ] GC(1586) Pause Young (Allocation Failure) 153M->17M(494M) 30.447ms
[232.265s][info][gc,cpu         ] GC(1586) User=0.02s Sys=0.00s Real=0.02s
[232.375s][info][gc,start       ] GC(1587) Pause Young (Allocation Failure)
[232.406s][info][gc,heap        ] GC(1587) DefNew: 140057K(157248K)->278K(157248K) Eden: 139776K(139776K)->0K(139776K) From: 281K(17472K)->278K(17472K)
[232.406s][info][gc,heap        ] GC(1587) Tenured: 17144K(349568K)->17165K(349568K)
[232.406s][info][gc,metaspace   ] GC(1587) Metaspace: 14272K(15168K)->14272K(15168K) NonClass: 12313K(12864K)->12313K(12864K) Class: 1959K(2304K)->1959K(2304K)
[232.406s][info][gc             ] GC(1587) Pause Young (Allocation Failure) 153M->17M(494M) 30.642ms
[232.406s][info][gc,cpu         ] GC(1587) User=0.03s Sys=0.00s Real=0.03s
[232.515s][info][gc,start       ] GC(1588) Pause Young (Allocation Failure)
[232.546s][info][gc,heap        ] GC(1588) DefNew: 140054K(157248K)->277K(157248K) Eden: 139776K(139776K)->0K(139776K) From: 278K(17472K)->277K(17472K)
[232.546s][info][gc,heap        ] GC(1588) Tenured: 17165K(349568K)->17183K(349568K)
[232.546s][info][gc,metaspace   ] GC(1588) Metaspace: 14272K(15168K)->14272K(15168K) NonClass: 12313K(12864K)->12313K(12864K) Class: 1959K(2304K)->1959K(2304K)
[232.546s][info][gc             ] GC(1588) Pause Young (Allocation Failure) 153M->17M(494M) 30.574ms
[232.546s][info][gc,cpu         ] GC(1588) User=0.03s Sys=0.00s Real=0.03s
[232.656s][info][gc,start       ] GC(1589) Pause Young (Allocation Failure)
[232.688s][info][gc,heap        ] GC(1589) DefNew: 140053K(157248K)->280K(157248K) Eden: 139775K(139776K)->0K(139776K) From: 277K(17472K)->280K(17472K)
[232.688s][info][gc,heap        ] GC(1589) Tenured: 17183K(349568K)->17198K(349568K)
[232.688s][info][gc,metaspace   ] GC(1589) Metaspace: 14272K(15168K)->14272K(15168K) NonClass: 12313K(12864K)->12313K(12864K) Class: 1959K(2304K)->1959K(2304K)
[232.688s][info][gc             ] GC(1589) Pause Young (Allocation Failure) 153M->17M(494M) 32.402ms
[232.688s][info][gc,cpu         ] GC(1589) User=0.03s Sys=0.00s Real=0.03s
[232.800s][info][gc,start       ] GC(1590) Pause Young (Allocation Failure)
[232.831s][info][gc,heap        ] GC(1590) DefNew: 140056K(157248K)->277K(157248K) Eden: 139776K(139776K)->0K(139776K) From: 280K(17472K)->277K(17472K)
[232.831s][info][gc,heap        ] GC(1590) Tenured: 17198K(349568K)->17218K(349568K)
[232.831s][info][gc,metaspace   ] GC(1590) Metaspace: 14272K(15168K)->14272K(15168K) NonClass: 12313K(12864K)->12313K(12864K) Class: 1959K(2304K)->1959K(2304K)
[232.831s][info][gc             ] GC(1590) Pause Young (Allocation Failure) 153M->17M(494M) 31.663ms
[232.831s][info][gc,cpu         ] GC(1590) User=0.02s Sys=0.00s Real=0.02s
[232.940s][info][gc,start       ] GC(1591) Pause Young (Allocation Failure)
[232.973s][info][gc,heap        ] GC(1591) DefNew: 140053K(157248K)->277K(157248K) Eden: 139776K(139776K)->0K(139776K) From: 277K(17472K)->277K(17472K)
[232.973s][info][gc,heap        ] GC(1591) Tenured: 17218K(349568K)->17236K(349568K)
[232.973s][info][gc,metaspace   ] GC(1591) Metaspace: 14272K(15168K)->14272K(15168K) NonClass: 12313K(12864K)->12313K(12864K) Class: 1959K(2304K)->1959K(2304K)
[232.973s][info][gc             ] GC(1591) Pause Young (Allocation Failure) 153M->17M(494M) 32.955ms
[232.973s][info][gc,cpu         ] GC(1591) User=0.03s Sys=0.00s Real=0.03s
[233.084s][info][gc,start       ] GC(1592) Pause Young (Allocation Failure)
[233.116s][info][gc,heap        ] GC(1592) DefNew: 140053K(157248K)->277K(157248K) Eden: 139776K(139776K)->0K(139776K) From: 277K(17472K)->277K(17472K)
[233.116s][info][gc,heap        ] GC(1592) Tenured: 17236K(349568K)->17254K(349568K)
[233.116s][info][gc,metaspace   ] GC(1592) Metaspace: 14272K(15168K)->14272K(15168K) NonClass: 12313K(12864K)->12313K(12864K) Class: 1959K(2304K)->1959K(2304K)
[233.116s][info][gc             ] GC(1592) Pause Young (Allocation Failure) 153M->17M(494M) 32.041ms
[233.116s][info][gc,cpu         ] GC(1592) User=0.05s Sys=0.00s Real=0.03s
[233.227s][info][gc,start       ] GC(1593) Pause Young (Allocation Failure)
[233.261s][info][gc,heap        ] GC(1593) DefNew: 140053K(157248K)->278K(157248K) Eden: 139776K(139776K)->0K(139776K) From: 277K(17472K)->278K(17472K)
[233.261s][info][gc,heap        ] GC(1593) Tenured: 17254K(349568K)->17271K(349568K)
[233.261s][info][gc,metaspace   ] GC(1593) Metaspace: 14272K(15168K)->14272K(15168K) NonClass: 12313K(12864K)->12313K(12864K) Class: 1959K(2304K)->1959K(2304K)
[233.261s][info][gc             ] GC(1593) Pause Young (Allocation Failure) 153M->17M(494M) 33.737ms
[233.261s][info][gc,cpu         ] GC(1593) User=0.03s Sys=0.00s Real=0.03s
[233.374s][info][gc,start       ] GC(1594) Pause Young (Allocation Failure)
[233.406s][info][gc,heap        ] GC(1594) DefNew: 140054K(157248K)->274K(157248K) Eden: 139776K(139776K)->0K(139776K) From: 278K(17472K)->274K(17472K)
[233.406s][info][gc,heap        ] GC(1594) Tenured: 17271K(349568K)->17292K(349568K)
[233.406s][info][gc,metaspace   ] GC(1594) Metaspace: 14272K(15168K)->14272K(15168K) NonClass: 12313K(12864K)->12313K(12864K) Class: 1959K(2304K)->1959K(2304K)
[233.406s][info][gc             ] GC(1594) Pause Young (Allocation Failure) 153M->17M(494M) 32.495ms
[233.406s][info][gc,cpu         ] GC(1594) User=0.03s Sys=0.00s Real=0.03s
[233.518s][info][gc,start       ] GC(1595) Pause Young (Allocation Failure)
[233.552s][info][gc,heap        ] GC(1595) DefNew: 140050K(157248K)->273K(157248K) Eden: 139776K(139776K)->0K(139776K) From: 274K(17472K)->273K(17472K)
[233.552s][info][gc,heap        ] GC(1595) Tenured: 17292K(349568K)->17310K(349568K)
[233.552s][info][gc,metaspace   ] GC(1595) Metaspace: 14272K(15168K)->14272K(15168K) NonClass: 12313K(12864K)->12313K(12864K) Class: 1959K(2304K)->1959K(2304K)
[233.552s][info][gc             ] GC(1595) Pause Young (Allocation Failure) 153M->17M(494M) 34.552ms
[233.552s][info][gc,cpu         ] GC(1595) User=0.03s Sys=0.00s Real=0.03s
[233.664s][info][gc,start       ] GC(1596) Pause Young (Allocation Failure)
[233.690s][info][gc,heap        ] GC(1596) DefNew: 140049K(157248K)->277K(157248K) Eden: 139776K(139776K)->0K(139776K) From: 273K(17472K)->277K(17472K)
[233.690s][info][gc,heap        ] GC(1596) Tenured: 17310K(349568K)->17328K(349568K)
[233.690s][info][gc,metaspace   ] GC(1596) Metaspace: 14272K(15168K)->14272K(15168K) NonClass: 12313K(12864K)->12313K(12864K) Class: 1959K(2304K)->1959K(2304K)
[233.690s][info][gc             ] GC(1596) Pause Young (Allocation Failure) 153M->17M(494M) 25.755ms
[233.690s][info][gc,cpu         ] GC(1596) User=0.02s Sys=0.00s Real=0.02s
[233.800s][info][gc,start       ] GC(1597) Pause Young (Allocation Failure)
[233.833s][info][gc,heap        ] GC(1597) DefNew: 140053K(157248K)->276K(157248K) Eden: 139776K(139776K)->0K(139776K) From: 277K(17472K)->276K(17472K)
[233.833s][info][gc,heap        ] GC(1597) Tenured: 17328K(349568K)->17346K(349568K)
[233.833s][info][gc,metaspace   ] GC(1597) Metaspace: 14272K(15168K)->14272K(15168K) NonClass: 12313K(12864K)->12313K(12864K) Class: 1959K(2304K)->1959K(2304K)
[233.833s][info][gc             ] GC(1597) Pause Young (Allocation Failure) 153M->17M(494M) 33.612ms
[233.833s][info][gc,cpu         ] GC(1597) User=0.03s Sys=0.00s Real=0.02s
[233.946s][info][gc,start       ] GC(1598) Pause Young (Allocation Failure)
[233.980s][info][gc,heap        ] GC(1598) DefNew: 140052K(157248K)->276K(157248K) Eden: 139776K(139776K)->0K(139776K) From: 276K(17472K)->276K(17472K)
[233.980s][info][gc,heap        ] GC(1598) Tenured: 17346K(349568K)->17364K(349568K)
[233.980s][info][gc,metaspace   ] GC(1598) Metaspace: 14272K(15168K)->14272K(15168K) NonClass: 12313K(12864K)->12313K(12864K) Class: 1959K(2304K)->1959K(2304K)
[233.980s][info][gc             ] GC(1598) Pause Young (Allocation Failure) 153M->17M(494M) 33.986ms
[233.980s][info][gc,cpu         ] GC(1598) User=0.02s Sys=0.00s Real=0.03s
[234.236s][info][gc,start       ] GC(1599) Pause Young (Allocation Failure)
[234.275s][info][gc,heap        ] GC(1599) DefNew: 140052K(157248K)->279K(157248K) Eden: 139776K(139776K)->0K(139776K) From: 276K(17472K)->279K(17472K)
[234.275s][info][gc,heap        ] GC(1599) Tenured: 17364K(349568K)->17381K(349568K)
[234.275s][info][gc,metaspace   ] GC(1599) Metaspace: 14272K(15168K)->14272K(15168K) NonClass: 12313K(12864K)->12313K(12864K) Class: 1959K(2304K)->1959K(2304K)
[234.275s][info][gc             ] GC(1599) Pause Young (Allocation Failure) 153M->17M(494M) 39.335ms
[234.276s][info][gc,cpu         ] GC(1599) User=0.05s Sys=0.00s Real=0.04s
[234.392s][info][gc,start       ] GC(1600) Pause Young (Allocation Failure)
[234.415s][info][gc,heap        ] GC(1600) DefNew: 140055K(157248K)->276K(157248K) Eden: 139776K(139776K)->0K(139776K) From: 279K(17472K)->276K(17472K)
[234.416s][info][gc,heap        ] GC(1600) Tenured: 17381K(349568K)->17399K(349568K)
[234.416s][info][gc,metaspace   ] GC(1600) Metaspace: 14272K(15168K)->14272K(15168K) NonClass: 12313K(12864K)->12313K(12864K) Class: 1959K(2304K)->1959K(2304K)
[234.416s][info][gc             ] GC(1600) Pause Young (Allocation Failure) 153M->17M(494M) 23.783ms
[234.416s][info][gc,cpu         ] GC(1600) User=0.02s Sys=0.00s Real=0.02s
[234.541s][info][gc,start       ] GC(1601) Pause Young (Allocation Failure)
[234.564s][info][gc,heap        ] GC(1601) DefNew: 140052K(157248K)->279K(157248K) Eden: 139776K(139776K)->0K(139776K) From: 276K(17472K)->279K(17472K)
[234.564s][info][gc,heap        ] GC(1601) Tenured: 17399K(349568K)->17417K(349568K)
[234.564s][info][gc,metaspace   ] GC(1601) Metaspace: 14272K(15168K)->14272K(15168K) NonClass: 12313K(12864K)->12313K(12864K) Class: 1959K(2304K)->1959K(2304K)
[234.564s][info][gc             ] GC(1601) Pause Young (Allocation Failure) 153M->17M(494M) 23.681ms
[234.564s][info][gc,cpu         ] GC(1601) User=0.02s Sys=0.00s Real=0.02s
[234.677s][info][gc,start       ] GC(1602) Pause Young (Allocation Failure)
[234.706s][info][gc,heap        ] GC(1602) DefNew: 140055K(157248K)->280K(157248K) Eden: 139776K(139776K)->0K(139776K) From: 279K(17472K)->280K(17472K)
[234.706s][info][gc,heap        ] GC(1602) Tenured: 17417K(349568K)->17435K(349568K)
[234.706s][info][gc,metaspace   ] GC(1602) Metaspace: 14272K(15168K)->14272K(15168K) NonClass: 12313K(12864K)->12313K(12864K) Class: 1959K(2304K)->1959K(2304K)
[234.707s][info][gc             ] GC(1602) Pause Young (Allocation Failure) 153M->17M(494M) 29.080ms
[234.707s][info][gc,cpu         ] GC(1602) User=0.03s Sys=0.00s Real=0.02s
[234.818s][info][gc,start       ] GC(1603) Pause Young (Allocation Failure)
[234.846s][info][gc,heap        ] GC(1603) DefNew: 140056K(157248K)->280K(157248K) Eden: 139776K(139776K)->0K(139776K) From: 280K(17472K)->280K(17472K)
[234.846s][info][gc,heap        ] GC(1603) Tenured: 17435K(349568K)->17452K(349568K)
[234.846s][info][gc,metaspace   ] GC(1603) Metaspace: 14272K(15168K)->14272K(15168K) NonClass: 12313K(12864K)->12313K(12864K) Class: 1959K(2304K)->1959K(2304K)
[234.846s][info][gc             ] GC(1603) Pause Young (Allocation Failure) 153M->17M(494M) 27.774ms
[234.846s][info][gc,cpu         ] GC(1603) User=0.03s Sys=0.00s Real=0.02s
[234.956s][info][gc,start       ] GC(1604) Pause Young (Allocation Failure)
[234.984s][info][gc,heap        ] GC(1604) DefNew: 140056K(157248K)->281K(157248K) Eden: 139776K(139776K)->0K(139776K) From: 280K(17472K)->281K(17472K)
[234.984s][info][gc,heap        ] GC(1604) Tenured: 17452K(349568K)->17469K(349568K)
[234.984s][info][gc,metaspace   ] GC(1604) Metaspace: 14272K(15168K)->14272K(15168K) NonClass: 12313K(12864K)->12313K(12864K) Class: 1959K(2304K)->1959K(2304K)
[234.984s][info][gc             ] GC(1604) Pause Young (Allocation Failure) 153M->17M(494M) 28.356ms
[234.984s][info][gc,cpu         ] GC(1604) User=0.02s Sys=0.00s Real=0.02s
[235.094s][info][gc,start       ] GC(1605) Pause Young (Allocation Failure)
[235.122s][info][gc,heap        ] GC(1605) DefNew: 140057K(157248K)->281K(157248K) Eden: 139776K(139776K)->0K(139776K) From: 281K(17472K)->281K(17472K)
[235.122s][info][gc,heap        ] GC(1605) Tenured: 17469K(349568K)->17487K(349568K)
[235.122s][info][gc,metaspace   ] GC(1605) Metaspace: 14272K(15168K)->14272K(15168K) NonClass: 12313K(12864K)->12313K(12864K) Class: 1959K(2304K)->1959K(2304K)
[235.122s][info][gc             ] GC(1605) Pause Young (Allocation Failure) 153M->17M(494M) 27.942ms
[235.122s][info][gc,cpu         ] GC(1605) User=0.03s Sys=0.00s Real=0.02s
[235.238s][info][gc,start       ] GC(1606) Pause Young (Allocation Failure)
[235.265s][info][gc,heap        ] GC(1606) DefNew: 140057K(157248K)->280K(157248K) Eden: 139776K(139776K)->0K(139776K) From: 281K(17472K)->280K(17472K)
[235.265s][info][gc,heap        ] GC(1606) Tenured: 17487K(349568K)->17505K(349568K)
[235.265s][info][gc,metaspace   ] GC(1606) Metaspace: 14272K(15168K)->14272K(15168K) NonClass: 12313K(12864K)->12313K(12864K) Class: 1959K(2304K)->1959K(2304K)
[235.265s][info][gc             ] GC(1606) Pause Young (Allocation Failure) 153M->17M(494M) 26.982ms
[235.265s][info][gc,cpu         ] GC(1606) User=0.03s Sys=0.00s Real=0.02s
[235.376s][info][gc,start       ] GC(1607) Pause Young (Allocation Failure)
[235.406s][info][gc,heap        ] GC(1607) DefNew: 140056K(157248K)->283K(157248K) Eden: 139776K(139776K)->0K(139776K) From: 280K(17472K)->283K(17472K)
[235.406s][info][gc,heap        ] GC(1607) Tenured: 17505K(349568K)->17523K(349568K)
[235.406s][info][gc,metaspace   ] GC(1607) Metaspace: 14272K(15168K)->14272K(15168K) NonClass: 12313K(12864K)->12313K(12864K) Class: 1959K(2304K)->1959K(2304K)
[235.406s][info][gc             ] GC(1607) Pause Young (Allocation Failure) 153M->17M(494M) 29.285ms
[235.406s][info][gc,cpu         ] GC(1607) User=0.02s Sys=0.00s Real=0.02s
[235.517s][info][gc,start       ] GC(1608) Pause Young (Allocation Failure)
[235.546s][info][gc,heap        ] GC(1608) DefNew: 140059K(157248K)->283K(157248K) Eden: 139776K(139776K)->0K(139776K) From: 283K(17472K)->283K(17472K)
[235.546s][info][gc,heap        ] GC(1608) Tenured: 17523K(349568K)->17541K(349568K)
[235.546s][info][gc,metaspace   ] GC(1608) Metaspace: 14272K(15168K)->14272K(15168K) NonClass: 12313K(12864K)->12313K(12864K) Class: 1959K(2304K)->1959K(2304K)
[235.546s][info][gc             ] GC(1608) Pause Young (Allocation Failure) 153M->17M(494M) 28.380ms
[235.546s][info][gc,cpu         ] GC(1608) User=0.02s Sys=0.00s Real=0.02s
[235.657s][info][gc,start       ] GC(1609) Pause Young (Allocation Failure)
[235.686s][info][gc,heap        ] GC(1609) DefNew: 140059K(157248K)->283K(157248K) Eden: 139776K(139776K)->0K(139776K) From: 283K(17472K)->283K(17472K)
[235.686s][info][gc,heap        ] GC(1609) Tenured: 17541K(349568K)->17558K(349568K)
[235.686s][info][gc,metaspace   ] GC(1609) Metaspace: 14272K(15168K)->14272K(15168K) NonClass: 12313K(12864K)->12313K(12864K) Class: 1959K(2304K)->1959K(2304K)
[235.686s][info][gc             ] GC(1609) Pause Young (Allocation Failure) 153M->17M(494M) 28.929ms
[235.686s][info][gc,cpu         ] GC(1609) User=0.02s Sys=0.00s Real=0.02s
[235.796s][info][gc,start       ] GC(1610) Pause Young (Allocation Failure)
[235.825s][info][gc,heap        ] GC(1610) DefNew: 140059K(157248K)->282K(157248K) Eden: 139776K(139776K)->0K(139776K) From: 283K(17472K)->282K(17472K)
[235.825s][info][gc,heap        ] GC(1610) Tenured: 17558K(349568K)->17576K(349568K)
[235.825s][info][gc,metaspace   ] GC(1610) Metaspace: 14272K(15168K)->14272K(15168K) NonClass: 12313K(12864K)->12313K(12864K) Class: 1959K(2304K)->1959K(2304K)
[235.825s][info][gc             ] GC(1610) Pause Young (Allocation Failure) 153M->17M(494M) 28.921ms
[235.825s][info][gc,cpu         ] GC(1610) User=0.02s Sys=0.00s Real=0.02s
[235.935s][info][gc,start       ] GC(1611) Pause Young (Allocation Failure)
[235.965s][info][gc,heap        ] GC(1611) DefNew: 140058K(157248K)->279K(157248K) Eden: 139776K(139776K)->0K(139776K) From: 282K(17472K)->279K(17472K)
[235.965s][info][gc,heap        ] GC(1611) Tenured: 17576K(349568K)->17597K(349568K)
[235.965s][info][gc,metaspace   ] GC(1611) Metaspace: 14272K(15168K)->14272K(15168K) NonClass: 12313K(12864K)->12313K(12864K) Class: 1959K(2304K)->1959K(2304K)
[235.965s][info][gc             ] GC(1611) Pause Young (Allocation Failure) 153M->17M(494M) 30.342ms
[235.965s][info][gc,cpu         ] GC(1611) User=0.02s Sys=0.00s Real=0.02s
[236.076s][info][gc,start       ] GC(1612) Pause Young (Allocation Failure)
[236.098s][info][gc,heap        ] GC(1612) DefNew: 140055K(157248K)->282K(157248K) Eden: 139776K(139776K)->0K(139776K) From: 279K(17472K)->282K(17472K)
[236.098s][info][gc,heap        ] GC(1612) Tenured: 17597K(349568K)->17614K(349568K)
[236.098s][info][gc,metaspace   ] GC(1612) Metaspace: 14272K(15168K)->14272K(15168K) NonClass: 12313K(12864K)->12313K(12864K) Class: 1959K(2304K)->1959K(2304K)
[236.098s][info][gc             ] GC(1612) Pause Young (Allocation Failure) 153M->17M(494M) 22.529ms
[236.098s][info][gc,cpu         ] GC(1612) User=0.02s Sys=0.00s Real=0.02s
[236.208s][info][gc,start       ] GC(1613) Pause Young (Allocation Failure)
[236.231s][info][gc,heap        ] GC(1613) DefNew: 140058K(157248K)->282K(157248K) Eden: 139776K(139776K)->0K(139776K) From: 282K(17472K)->282K(17472K)
[236.231s][info][gc,heap        ] GC(1613) Tenured: 17614K(349568K)->17632K(349568K)
[236.231s][info][gc,metaspace   ] GC(1613) Metaspace: 14272K(15168K)->14272K(15168K) NonClass: 12313K(12864K)->12313K(12864K) Class: 1959K(2304K)->1959K(2304K)
[236.231s][info][gc             ] GC(1613) Pause Young (Allocation Failure) 153M->17M(494M) 23.196ms
[236.231s][info][gc,cpu         ] GC(1613) User=0.03s Sys=0.00s Real=0.02s
[236.346s][info][gc,start       ] GC(1614) Pause Young (Allocation Failure)
[236.377s][info][gc,heap        ] GC(1614) DefNew: 140058K(157248K)->284K(157248K) Eden: 139776K(139776K)->0K(139776K) From: 282K(17472K)->284K(17472K)
[236.377s][info][gc,heap        ] GC(1614) Tenured: 17632K(349568K)->17650K(349568K)
[236.377s][info][gc,metaspace   ] GC(1614) Metaspace: 14272K(15168K)->14272K(15168K) NonClass: 12313K(12864K)->12313K(12864K) Class: 1959K(2304K)->1959K(2304K)
[236.377s][info][gc             ] GC(1614) Pause Young (Allocation Failure) 153M->17M(494M) 31.385ms
[236.377s][info][gc,cpu         ] GC(1614) User=0.03s Sys=0.00s Real=0.03s
[236.496s][info][gc,start       ] GC(1615) Pause Young (Allocation Failure)
[236.529s][info][gc,heap        ] GC(1615) DefNew: 140060K(157248K)->286K(157248K) Eden: 139776K(139776K)->0K(139776K) From: 284K(17472K)->286K(17472K)
[236.529s][info][gc,heap        ] GC(1615) Tenured: 17650K(349568K)->17668K(349568K)
[236.529s][info][gc,metaspace   ] GC(1615) Metaspace: 14272K(15168K)->14272K(15168K) NonClass: 12313K(12864K)->12313K(12864K) Class: 1959K(2304K)->1959K(2304K)
[236.529s][info][gc             ] GC(1615) Pause Young (Allocation Failure) 154M->17M(494M) 32.517ms
[236.529s][info][gc,cpu         ] GC(1615) User=0.03s Sys=0.00s Real=0.03s
[236.650s][info][gc,start       ] GC(1616) Pause Young (Allocation Failure)
[236.682s][info][gc,heap        ] GC(1616) DefNew: 140062K(157248K)->284K(157248K) Eden: 139776K(139776K)->0K(139776K) From: 286K(17472K)->284K(17472K)
[236.682s][info][gc,heap        ] GC(1616) Tenured: 17668K(349568K)->17689K(349568K)
[236.682s][info][gc,metaspace   ] GC(1616) Metaspace: 14272K(15168K)->14272K(15168K) NonClass: 12313K(12864K)->12313K(12864K) Class: 1959K(2304K)->1959K(2304K)
[236.682s][info][gc             ] GC(1616) Pause Young (Allocation Failure) 154M->17M(494M) 31.987ms
[236.682s][info][gc,cpu         ] GC(1616) User=0.02s Sys=0.00s Real=0.02s
[236.803s][info][gc,start       ] GC(1617) Pause Young (Allocation Failure)
[236.840s][info][gc,heap        ] GC(1617) DefNew: 140060K(157248K)->286K(157248K) Eden: 139776K(139776K)->0K(139776K) From: 284K(17472K)->286K(17472K)
[236.840s][info][gc,heap        ] GC(1617) Tenured: 17689K(349568K)->17706K(349568K)
[236.840s][info][gc,metaspace   ] GC(1617) Metaspace: 14272K(15168K)->14272K(15168K) NonClass: 12313K(12864K)->12313K(12864K) Class: 1959K(2304K)->1959K(2304K)
[236.840s][info][gc             ] GC(1617) Pause Young (Allocation Failure) 154M->17M(494M) 36.948ms
[236.840s][info][gc,cpu         ] GC(1617) User=0.02s Sys=0.00s Real=0.02s
[236.962s][info][gc,start       ] GC(1618) Pause Young (Allocation Failure)
[236.998s][info][gc,heap        ] GC(1618) DefNew: 140062K(157248K)->288K(157248K) Eden: 139776K(139776K)->0K(139776K) From: 286K(17472K)->288K(17472K)
[236.998s][info][gc,heap        ] GC(1618) Tenured: 17706K(349568K)->17724K(349568K)
[236.998s][info][gc,metaspace   ] GC(1618) Metaspace: 14272K(15168K)->14272K(15168K) NonClass: 12313K(12864K)->12313K(12864K) Class: 1959K(2304K)->1959K(2304K)
[236.998s][info][gc             ] GC(1618) Pause Young (Allocation Failure) 154M->17M(494M) 36.572ms
[236.998s][info][gc,cpu         ] GC(1618) User=0.03s Sys=0.00s Real=0.04s
[237.102s][info][gc,start       ] GC(1619) Pause Young (Allocation Failure)
[237.138s][info][gc,heap        ] GC(1619) DefNew: 140064K(157248K)->286K(157248K) Eden: 139776K(139776K)->0K(139776K) From: 288K(17472K)->286K(17472K)
[237.138s][info][gc,heap        ] GC(1619) Tenured: 17724K(349568K)->17742K(349568K)
[237.138s][info][gc,metaspace   ] GC(1619) Metaspace: 14272K(15168K)->14272K(15168K) NonClass: 12313K(12864K)->12313K(12864K) Class: 1959K(2304K)->1959K(2304K)
[237.138s][info][gc             ] GC(1619) Pause Young (Allocation Failure) 154M->17M(494M) 35.978ms
[237.138s][info][gc,cpu         ] GC(1619) User=0.03s Sys=0.00s Real=0.04s
[237.225s][info][gc,start       ] GC(1620) Pause Young (Allocation Failure)
[237.257s][info][gc,heap        ] GC(1620) DefNew: 140062K(157248K)->282K(157248K) Eden: 139776K(139776K)->0K(139776K) From: 286K(17472K)->282K(17472K)
[237.257s][info][gc,heap        ] GC(1620) Tenured: 17742K(349568K)->17760K(349568K)
[237.257s][info][gc,metaspace   ] GC(1620) Metaspace: 14272K(15168K)->14272K(15168K) NonClass: 12313K(12864K)->12313K(12864K) Class: 1959K(2304K)->1959K(2304K)
[237.257s][info][gc             ] GC(1620) Pause Young (Allocation Failure) 154M->17M(494M) 32.347ms
[237.257s][info][gc,cpu         ] GC(1620) User=0.03s Sys=0.00s Real=0.03s
[237.366s][info][gc,start       ] GC(1621) Pause Young (Allocation Failure)
[237.390s][info][gc,heap        ] GC(1621) DefNew: 140058K(157248K)->283K(157248K) Eden: 139776K(139776K)->0K(139776K) From: 282K(17472K)->283K(17472K)
[237.390s][info][gc,heap        ] GC(1621) Tenured: 17760K(349568K)->17778K(349568K)
[237.390s][info][gc,metaspace   ] GC(1621) Metaspace: 14272K(15168K)->14272K(15168K) NonClass: 12313K(12864K)->12313K(12864K) Class: 1959K(2304K)->1959K(2304K)
[237.391s][info][gc             ] GC(1621) Pause Young (Allocation Failure) 154M->17M(494M) 24.844ms
[237.391s][info][gc,cpu         ] GC(1621) User=0.00s Sys=0.00s Real=0.01s
[237.586s][info][gc,start       ] GC(1622) Pause Young (Allocation Failure)
[237.613s][info][gc,heap        ] GC(1622) DefNew: 140059K(157248K)->293K(157248K) Eden: 139776K(139776K)->0K(139776K) From: 283K(17472K)->293K(17472K)
[237.613s][info][gc,heap        ] GC(1622) Tenured: 17778K(349568K)->17798K(349568K)
[237.613s][info][gc,metaspace   ] GC(1622) Metaspace: 14272K(15168K)->14272K(15168K) NonClass: 12313K(12864K)->12313K(12864K) Class: 1959K(2304K)->1959K(2304K)
[237.613s][info][gc             ] GC(1622) Pause Young (Allocation Failure) 154M->17M(494M) 27.209ms
[237.613s][info][gc,cpu         ] GC(1622) User=0.02s Sys=0.00s Real=0.01s
[237.650s][info][gc,start       ] GC(1623) Pause Full (System.gc())
[237.650s][info][gc,phases,start] GC(1623) Phase 1: Mark live objects
[237.682s][info][gc,phases      ] GC(1623) Phase 1: Mark live objects 31.552ms
[237.682s][info][gc,phases,start] GC(1623) Phase 2: Compute new object addresses
[237.685s][info][gc,phases      ] GC(1623) Phase 2: Compute new object addresses 3.769ms
[237.685s][info][gc,phases,start] GC(1623) Phase 3: Adjust pointers
[237.707s][info][gc,phases      ] GC(1623) Phase 3: Adjust pointers 21.703ms
[237.707s][info][gc,phases,start] GC(1623) Phase 4: Move objects
[237.707s][info][gc,phases      ] GC(1623) Phase 4: Move objects 0.013ms
[237.707s][info][gc,heap        ] GC(1623) DefNew: 8638K(157248K)->0K(157248K) Eden: 8344K(139776K)->0K(139776K) From: 293K(17472K)->0K(17472K)
[237.707s][info][gc,heap        ] GC(1623) Tenured: 17798K(349568K)->17799K(349568K)
[237.707s][info][gc,metaspace   ] GC(1623) Metaspace: 14272K(15168K)->14272K(15168K) NonClass: 12313K(12864K)->12313K(12864K) Class: 1959K(2304K)->1959K(2304K)
[237.707s][info][gc             ] GC(1623) Pause Full (System.gc()) 25M->17M(494M) 57.341ms
[237.707s][info][gc,cpu         ] GC(1623) User=0.05s Sys=0.00s Real=0.05s
[237.803s][info][gc,start       ] GC(1624) Pause Young (Allocation Failure)
[237.836s][info][gc,heap        ] GC(1624) DefNew: 139776K(157248K)->1474K(157248K) Eden: 139776K(139776K)->0K(139776K) From: 0K(17472K)->1474K(17472K)
[237.837s][info][gc,heap        ] GC(1624) Tenured: 17799K(349568K)->17799K(349568K)
[237.837s][info][gc,metaspace   ] GC(1624) Metaspace: 14272K(15168K)->14272K(15168K) NonClass: 12313K(12864K)->12313K(12864K) Class: 1959K(2304K)->1959K(2304K)
[237.837s][info][gc             ] GC(1624) Pause Young (Allocation Failure) 153M->18M(494M) 33.068ms
[237.837s][info][gc,cpu         ] GC(1624) User=0.05s Sys=0.00s Real=0.03s
[237.946s][info][gc,start       ] GC(1625) Pause Young (Allocation Failure)
[237.979s][info][gc,heap        ] GC(1625) DefNew: 141250K(157248K)->1492K(157248K) Eden: 139776K(139776K)->0K(139776K) From: 1474K(17472K)->1492K(17472K)
[237.979s][info][gc,heap        ] GC(1625) Tenured: 17799K(349568K)->17799K(349568K)
[237.979s][info][gc,metaspace   ] GC(1625) Metaspace: 14272K(15168K)->14272K(15168K) NonClass: 12313K(12864K)->12313K(12864K) Class: 1959K(2304K)->1959K(2304K)
[237.979s][info][gc             ] GC(1625) Pause Young (Allocation Failure) 155M->18M(494M) 33.620ms
[237.979s][info][gc,cpu         ] GC(1625) User=0.02s Sys=0.00s Real=0.02s
[238.093s][info][gc,start       ] GC(1626) Pause Young (Allocation Failure)
[238.127s][info][gc,heap        ] GC(1626) DefNew: 141268K(157248K)->1509K(157248K) Eden: 139776K(139776K)->0K(139776K) From: 1492K(17472K)->1509K(17472K)
[238.127s][info][gc,heap        ] GC(1626) Tenured: 17799K(349568K)->17799K(349568K)
[238.127s][info][gc,metaspace   ] GC(1626) Metaspace: 14272K(15168K)->14272K(15168K) NonClass: 12313K(12864K)->12313K(12864K) Class: 1959K(2304K)->1959K(2304K)
[238.127s][info][gc             ] GC(1626) Pause Young (Allocation Failure) 155M->18M(494M) 33.764ms
[238.127s][info][gc,cpu         ] GC(1626) User=0.03s Sys=0.00s Real=0.03s
[238.316s][info][gc,start       ] GC(1627) Pause Young (Allocation Failure)
[238.348s][info][gc,heap        ] GC(1627) DefNew: 141285K(157248K)->1531K(157248K) Eden: 139776K(139776K)->0K(139776K) From: 1509K(17472K)->1531K(17472K)
[238.348s][info][gc,heap        ] GC(1627) Tenured: 17799K(349568K)->17799K(349568K)
[238.348s][info][gc,metaspace   ] GC(1627) Metaspace: 14272K(15168K)->14272K(15168K) NonClass: 12313K(12864K)->12313K(12864K) Class: 1959K(2304K)->1959K(2304K)
[238.348s][info][gc             ] GC(1627) Pause Young (Allocation Failure) 155M->18M(494M) 31.840ms
[238.348s][info][gc,cpu         ] GC(1627) User=0.03s Sys=0.00s Real=0.03s
[238.470s][info][gc,start       ] GC(1628) Pause Young (Allocation Failure)
[238.495s][info][gc,heap        ] GC(1628) DefNew: 141307K(157248K)->1552K(157248K) Eden: 139776K(139776K)->0K(139776K) From: 1531K(17472K)->1552K(17472K)
[238.495s][info][gc,heap        ] GC(1628) Tenured: 17799K(349568K)->17799K(349568K)
[238.495s][info][gc,metaspace   ] GC(1628) Metaspace: 14272K(15168K)->14272K(15168K) NonClass: 12313K(12864K)->12313K(12864K) Class: 1959K(2304K)->1959K(2304K)
[238.495s][info][gc             ] GC(1628) Pause Young (Allocation Failure) 155M->18M(494M) 25.078ms
[238.495s][info][gc,cpu         ] GC(1628) User=0.02s Sys=0.00s Real=0.01s
[238.617s][info][gc,start       ] GC(1629) Pause Young (Allocation Failure)
[238.648s][info][gc,heap        ] GC(1629) DefNew: 141328K(157248K)->1571K(157248K) Eden: 139776K(139776K)->0K(139776K) From: 1552K(17472K)->1571K(17472K)
[238.648s][info][gc,heap        ] GC(1629) Tenured: 17799K(349568K)->17799K(349568K)
[238.648s][info][gc,metaspace   ] GC(1629) Metaspace: 14272K(15168K)->14272K(15168K) NonClass: 12313K(12864K)->12313K(12864K) Class: 1959K(2304K)->1959K(2304K)
[238.648s][info][gc             ] GC(1629) Pause Young (Allocation Failure) 155M->18M(494M) 31.144ms
[238.648s][info][gc,cpu         ] GC(1629) User=0.02s Sys=0.00s Real=0.03s
[238.762s][info][gc,start       ] GC(1630) Pause Young (Allocation Failure)
[238.791s][info][gc,heap        ] GC(1630) DefNew: 141347K(157248K)->1590K(157248K) Eden: 139776K(139776K)->0K(139776K) From: 1571K(17472K)->1590K(17472K)
[238.791s][info][gc,heap        ] GC(1630) Tenured: 17799K(349568K)->17799K(349568K)
[238.791s][info][gc,metaspace   ] GC(1630) Metaspace: 14272K(15168K)->14272K(15168K) NonClass: 12313K(12864K)->12313K(12864K) Class: 1959K(2304K)->1959K(2304K)
[238.791s][info][gc             ] GC(1630) Pause Young (Allocation Failure) 155M->18M(494M) 29.261ms
[238.791s][info][gc,cpu         ] GC(1630) User=0.03s Sys=0.00s Real=0.03s
[238.905s][info][gc,start       ] GC(1631) Pause Young (Allocation Failure)
[238.933s][info][gc,heap        ] GC(1631) DefNew: 141366K(157248K)->1608K(157248K) Eden: 139776K(139776K)->0K(139776K) From: 1590K(17472K)->1608K(17472K)
[238.933s][info][gc,heap        ] GC(1631) Tenured: 17799K(349568K)->17799K(349568K)
[238.933s][info][gc,metaspace   ] GC(1631) Metaspace: 14272K(15168K)->14272K(15168K) NonClass: 12313K(12864K)->12313K(12864K) Class: 1959K(2304K)->1959K(2304K)
[238.933s][info][gc             ] GC(1631) Pause Young (Allocation Failure) 155M->18M(494M) 27.913ms
[238.933s][info][gc,cpu         ] GC(1631) User=0.03s Sys=0.00s Real=0.03s
[239.056s][info][gc,start       ] GC(1632) Pause Young (Allocation Failure)
[239.083s][info][gc,heap        ] GC(1632) DefNew: 141384K(157248K)->1631K(157248K) Eden: 139776K(139776K)->0K(139776K) From: 1608K(17472K)->1631K(17472K)
[239.083s][info][gc,heap        ] GC(1632) Tenured: 17799K(349568K)->17799K(349568K)
[239.083s][info][gc,metaspace   ] GC(1632) Metaspace: 14272K(15168K)->14272K(15168K) NonClass: 12313K(12864K)->12313K(12864K) Class: 1959K(2304K)->1959K(2304K)
[239.083s][info][gc             ] GC(1632) Pause Young (Allocation Failure) 155M->18M(494M) 27.245ms
[239.083s][info][gc,cpu         ] GC(1632) User=0.02s Sys=0.00s Real=0.02s
[239.198s][info][gc,start       ] GC(1633) Pause Young (Allocation Failure)
[239.226s][info][gc,heap        ] GC(1633) DefNew: 141407K(157248K)->1649K(157248K) Eden: 139776K(139776K)->0K(139776K) From: 1631K(17472K)->1649K(17472K)
[239.227s][info][gc,heap        ] GC(1633) Tenured: 17799K(349568K)->17799K(349568K)
[239.227s][info][gc,metaspace   ] GC(1633) Metaspace: 14272K(15168K)->14272K(15168K) NonClass: 12313K(12864K)->12313K(12864K) Class: 1959K(2304K)->1959K(2304K)
[239.227s][info][gc             ] GC(1633) Pause Young (Allocation Failure) 155M->18M(494M) 28.503ms
[239.227s][info][gc,cpu         ] GC(1633) User=0.02s Sys=0.00s Real=0.02s
[239.341s][info][gc,start       ] GC(1634) Pause Young (Allocation Failure)
[239.370s][info][gc,heap        ] GC(1634) DefNew: 141425K(157248K)->1670K(157248K) Eden: 139776K(139776K)->0K(139776K) From: 1649K(17472K)->1670K(17472K)
[239.370s][info][gc,heap        ] GC(1634) Tenured: 17799K(349568K)->17799K(349568K)
[239.370s][info][gc,metaspace   ] GC(1634) Metaspace: 14272K(15168K)->14272K(15168K) NonClass: 12313K(12864K)->12313K(12864K) Class: 1959K(2304K)->1959K(2304K)
[239.370s][info][gc             ] GC(1634) Pause Young (Allocation Failure) 155M->19M(494M) 29.256ms
[239.370s][info][gc,cpu         ] GC(1634) User=0.03s Sys=0.00s Real=0.03s
[239.483s][info][gc,start       ] GC(1635) Pause Young (Allocation Failure)
[239.505s][info][gc,heap        ] GC(1635) DefNew: 141446K(157248K)->1694K(157248K) Eden: 139776K(139776K)->0K(139776K) From: 1670K(17472K)->1694K(17472K)
[239.505s][info][gc,heap        ] GC(1635) Tenured: 17799K(349568K)->17799K(349568K)
[239.505s][info][gc,metaspace   ] GC(1635) Metaspace: 14272K(15168K)->14272K(15168K) NonClass: 12313K(12864K)->12313K(12864K) Class: 1959K(2304K)->1959K(2304K)
[239.505s][info][gc             ] GC(1635) Pause Young (Allocation Failure) 155M->19M(494M) 21.775ms
[239.505s][info][gc,cpu         ] GC(1635) User=0.02s Sys=0.00s Real=0.02s
[239.615s][info][gc,start       ] GC(1636) Pause Young (Allocation Failure)
[239.643s][info][gc,heap        ] GC(1636) DefNew: 141470K(157248K)->1710K(157248K) Eden: 139776K(139776K)->0K(139776K) From: 1694K(17472K)->1710K(17472K)
[239.643s][info][gc,heap        ] GC(1636) Tenured: 17799K(349568K)->17799K(349568K)
[239.644s][info][gc,metaspace   ] GC(1636) Metaspace: 14272K(15168K)->14272K(15168K) NonClass: 12313K(12864K)->12313K(12864K) Class: 1959K(2304K)->1959K(2304K)
[239.644s][info][gc             ] GC(1636) Pause Young (Allocation Failure) 155M->19M(494M) 28.830ms
[239.644s][info][gc,cpu         ] GC(1636) User=0.03s Sys=0.00s Real=0.02s
[239.757s][info][gc,start       ] GC(1637) Pause Young (Allocation Failure)
[239.786s][info][gc,heap        ] GC(1637) DefNew: 141486K(157248K)->1730K(157248K) Eden: 139776K(139776K)->0K(139776K) From: 1710K(17472K)->1730K(17472K)
[239.786s][info][gc,heap        ] GC(1637) Tenured: 17799K(349568K)->17799K(349568K)
[239.786s][info][gc,metaspace   ] GC(1637) Metaspace: 14272K(15168K)->14272K(15168K) NonClass: 12313K(12864K)->12313K(12864K) Class: 1959K(2304K)->1959K(2304K)
[239.786s][info][gc             ] GC(1637) Pause Young (Allocation Failure) 155M->19M(494M) 28.957ms
[239.786s][info][gc,cpu         ] GC(1637) User=0.00s Sys=0.00s Real=0.02s
[239.895s][info][gc,start       ] GC(1638) Pause Young (Allocation Failure)
[239.923s][info][gc,heap        ] GC(1638) DefNew: 141506K(157248K)->1747K(157248K) Eden: 139776K(139776K)->0K(139776K) From: 1730K(17472K)->1747K(17472K)
[239.923s][info][gc,heap        ] GC(1638) Tenured: 17799K(349568K)->17799K(349568K)
[239.923s][info][gc,metaspace   ] GC(1638) Metaspace: 14272K(15168K)->14272K(15168K) NonClass: 12313K(12864K)->12313K(12864K) Class: 1959K(2304K)->1959K(2304K)
[239.923s][info][gc             ] GC(1638) Pause Young (Allocation Failure) 155M->19M(494M) 28.843ms
[239.923s][info][gc,cpu         ] GC(1638) User=0.03s Sys=0.00s Real=0.03s
[240.033s][info][gc,start       ] GC(1639) Pause Young (Allocation Failure)
[240.064s][info][gc,heap        ] GC(1639) DefNew: 141523K(157248K)->299K(157248K) Eden: 139776K(139776K)->0K(139776K) From: 1747K(17472K)->299K(17472K)
[240.064s][info][gc,heap        ] GC(1639) Tenured: 17799K(349568K)->19264K(349568K)
[240.064s][info][gc,metaspace   ] GC(1639) Metaspace: 14272K(15168K)->14272K(15168K) NonClass: 12313K(12864K)->12313K(12864K) Class: 1959K(2304K)->1959K(2304K)
[240.064s][info][gc             ] GC(1639) Pause Young (Allocation Failure) 155M->19M(494M) 30.797ms
[240.064s][info][gc,cpu         ] GC(1639) User=0.02s Sys=0.00s Real=0.02s
[240.181s][info][gc,start       ] GC(1640) Pause Young (Allocation Failure)
[240.212s][info][gc,heap        ] GC(1640) DefNew: 140075K(157248K)->299K(157248K) Eden: 139776K(139776K)->0K(139776K) From: 299K(17472K)->299K(17472K)
[240.212s][info][gc,heap        ] GC(1640) Tenured: 19264K(349568K)->19282K(349568K)
[240.212s][info][gc,metaspace   ] GC(1640) Metaspace: 14272K(15168K)->14272K(15168K) NonClass: 12313K(12864K)->12313K(12864K) Class: 1959K(2304K)->1959K(2304K)
[240.212s][info][gc             ] GC(1640) Pause Young (Allocation Failure) 155M->19M(494M) 30.773ms
[240.212s][info][gc,cpu         ] GC(1640) User=0.02s Sys=0.00s Real=0.02s
[240.329s][info][gc,start       ] GC(1641) Pause Young (Allocation Failure)
[240.359s][info][gc,heap        ] GC(1641) DefNew: 140075K(157248K)->300K(157248K) Eden: 139776K(139776K)->0K(139776K) From: 299K(17472K)->300K(17472K)
[240.359s][info][gc,heap        ] GC(1641) Tenured: 19282K(349568K)->19300K(349568K)
[240.359s][info][gc,metaspace   ] GC(1641) Metaspace: 14272K(15168K)->14272K(15168K) NonClass: 12313K(12864K)->12313K(12864K) Class: 1959K(2304K)->1959K(2304K)
[240.360s][info][gc             ] GC(1641) Pause Young (Allocation Failure) 155M->19M(494M) 30.231ms
[240.360s][info][gc,cpu         ] GC(1641) User=0.02s Sys=0.00s Real=0.02s
[240.476s][info][gc,start       ] GC(1642) Pause Young (Allocation Failure)
[240.508s][info][gc,heap        ] GC(1642) DefNew: 140076K(157248K)->299K(157248K) Eden: 139776K(139776K)->0K(139776K) From: 300K(17472K)->299K(17472K)
[240.508s][info][gc,heap        ] GC(1642) Tenured: 19300K(349568K)->19321K(349568K)
[240.508s][info][gc,metaspace   ] GC(1642) Metaspace: 14272K(15168K)->14272K(15168K) NonClass: 12313K(12864K)->12313K(12864K) Class: 1959K(2304K)->1959K(2304K)
[240.508s][info][gc             ] GC(1642) Pause Young (Allocation Failure) 155M->19M(494M) 32.074ms
[240.508s][info][gc,cpu         ] GC(1642) User=0.02s Sys=0.00s Real=0.03s
[240.626s][info][gc,start       ] GC(1643) Pause Young (Allocation Failure)
[240.649s][info][gc,heap        ] GC(1643) DefNew: 140075K(157248K)->296K(157248K) Eden: 139776K(139776K)->0K(139776K) From: 299K(17472K)->296K(17472K)
[240.649s][info][gc,heap        ] GC(1643) Tenured: 19321K(349568K)->19342K(349568K)
[240.649s][info][gc,metaspace   ] GC(1643) Metaspace: 14272K(15168K)->14272K(15168K) NonClass: 12313K(12864K)->12313K(12864K) Class: 1959K(2304K)->1959K(2304K)
[240.649s][info][gc             ] GC(1643) Pause Young (Allocation Failure) 155M->19M(494M) 23.508ms
[240.649s][info][gc,cpu         ] GC(1643) User=0.03s Sys=0.00s Real=0.02s
[240.763s][info][gc,start       ] GC(1644) Pause Young (Allocation Failure)
[240.787s][info][gc,heap        ] GC(1644) DefNew: 140072K(157248K)->294K(157248K) Eden: 139776K(139776K)->0K(139776K) From: 296K(17472K)->294K(17472K)
[240.787s][info][gc,heap        ] GC(1644) Tenured: 19342K(349568K)->19362K(349568K)
[240.787s][info][gc,metaspace   ] GC(1644) Metaspace: 14272K(15168K)->14272K(15168K) NonClass: 12313K(12864K)->12313K(12864K) Class: 1959K(2304K)->1959K(2304K)
[240.787s][info][gc             ] GC(1644) Pause Young (Allocation Failure) 155M->19M(494M) 23.325ms
[240.787s][info][gc,cpu         ] GC(1644) User=0.02s Sys=0.00s Real=0.01s
[240.904s][info][gc,start       ] GC(1645) Pause Young (Allocation Failure)
[240.936s][info][gc,heap        ] GC(1645) DefNew: 140070K(157248K)->296K(157248K) Eden: 139776K(139776K)->0K(139776K) From: 294K(17472K)->296K(17472K)
[240.936s][info][gc,heap        ] GC(1645) Tenured: 19362K(349568K)->19380K(349568K)
[240.936s][info][gc,metaspace   ] GC(1645) Metaspace: 14272K(15168K)->14272K(15168K) NonClass: 12313K(12864K)->12313K(12864K) Class: 1959K(2304K)->1959K(2304K)
[240.936s][info][gc             ] GC(1645) Pause Young (Allocation Failure) 155M->19M(494M) 31.769ms
[240.936s][info][gc,cpu         ] GC(1645) User=0.03s Sys=0.00s Real=0.03s
[241.055s][info][gc,start       ] GC(1646) Pause Young (Allocation Failure)
[241.087s][info][gc,heap        ] GC(1646) DefNew: 140072K(157248K)->300K(157248K) Eden: 139776K(139776K)->0K(139776K) From: 296K(17472K)->300K(17472K)
[241.087s][info][gc,heap        ] GC(1646) Tenured: 19380K(349568K)->19398K(349568K)
[241.087s][info][gc,metaspace   ] GC(1646) Metaspace: 14272K(15168K)->14272K(15168K) NonClass: 12313K(12864K)->12313K(12864K) Class: 1959K(2304K)->1959K(2304K)
[241.087s][info][gc             ] GC(1646) Pause Young (Allocation Failure) 155M->19M(494M) 32.113ms
[241.087s][info][gc,cpu         ] GC(1646) User=0.02s Sys=0.00s Real=0.03s
[241.205s][info][gc,start       ] GC(1647) Pause Young (Allocation Failure)
[241.238s][info][gc,heap        ] GC(1647) DefNew: 140076K(157248K)->300K(157248K) Eden: 139776K(139776K)->0K(139776K) From: 300K(17472K)->300K(17472K)
[241.238s][info][gc,heap        ] GC(1647) Tenured: 19398K(349568K)->19419K(349568K)
[241.238s][info][gc,metaspace   ] GC(1647) Metaspace: 14272K(15168K)->14272K(15168K) NonClass: 12313K(12864K)->12313K(12864K) Class: 1959K(2304K)->1959K(2304K)
[241.238s][info][gc             ] GC(1647) Pause Young (Allocation Failure) 155M->19M(494M) 33.377ms
[241.238s][info][gc,cpu         ] GC(1647) User=0.03s Sys=0.00s Real=0.03s
[241.356s][info][gc,start       ] GC(1648) Pause Young (Allocation Failure)
[241.380s][info][gc,heap        ] GC(1648) DefNew: 140076K(157248K)->298K(157248K) Eden: 139776K(139776K)->0K(139776K) From: 300K(17472K)->298K(17472K)
[241.380s][info][gc,heap        ] GC(1648) Tenured: 19419K(349568K)->19439K(349568K)
[241.380s][info][gc,metaspace   ] GC(1648) Metaspace: 14272K(15168K)->14272K(15168K) NonClass: 12313K(12864K)->12313K(12864K) Class: 1959K(2304K)->1959K(2304K)
[241.380s][info][gc             ] GC(1648) Pause Young (Allocation Failure) 155M->19M(494M) 24.393ms
[241.380s][info][gc,cpu         ] GC(1648) User=0.02s Sys=0.00s Real=0.02s
[241.496s][info][gc,start       ] GC(1649) Pause Young (Allocation Failure)
[241.521s][info][gc,heap        ] GC(1649) DefNew: 140074K(157248K)->296K(157248K) Eden: 139776K(139776K)->0K(139776K) From: 298K(17472K)->296K(17472K)
[241.521s][info][gc,heap        ] GC(1649) Tenured: 19439K(349568K)->19460K(349568K)
[241.521s][info][gc,metaspace   ] GC(1649) Metaspace: 14272K(15168K)->14272K(15168K) NonClass: 12313K(12864K)->12313K(12864K) Class: 1959K(2304K)->1959K(2304K)
[241.521s][info][gc             ] GC(1649) Pause Young (Allocation Failure) 155M->19M(494M) 24.767ms
[241.521s][info][gc,cpu         ] GC(1649) User=0.02s Sys=0.00s Real=0.01s
[241.635s][info][gc,start       ] GC(1650) Pause Young (Allocation Failure)
[241.660s][info][gc,heap        ] GC(1650) DefNew: 140072K(157248K)->293K(157248K) Eden: 139775K(139776K)->0K(139776K) From: 296K(17472K)->293K(17472K)
[241.660s][info][gc,heap        ] GC(1650) Tenured: 19460K(349568K)->19481K(349568K)
[241.660s][info][gc,metaspace   ] GC(1650) Metaspace: 14272K(15168K)->14272K(15168K) NonClass: 12313K(12864K)->12313K(12864K) Class: 1959K(2304K)->1959K(2304K)
[241.660s][info][gc             ] GC(1650) Pause Young (Allocation Failure) 155M->19M(494M) 24.366ms
[241.660s][info][gc,cpu         ] GC(1650) User=0.00s Sys=0.00s Real=0.01s
[241.775s][info][gc,start       ] GC(1651) Pause Young (Allocation Failure)
[241.799s][info][gc,heap        ] GC(1651) DefNew: 140069K(157248K)->294K(157248K) Eden: 139776K(139776K)->0K(139776K) From: 293K(17472K)->294K(17472K)
[241.799s][info][gc,heap        ] GC(1651) Tenured: 19481K(349568K)->19499K(349568K)
[241.799s][info][gc,metaspace   ] GC(1651) Metaspace: 14272K(15168K)->14272K(15168K) NonClass: 12313K(12864K)->12313K(12864K) Class: 1959K(2304K)->1959K(2304K)
[241.799s][info][gc             ] GC(1651) Pause Young (Allocation Failure) 155M->19M(494M) 24.436ms
[241.799s][info][gc,cpu         ] GC(1651) User=0.02s Sys=0.00s Real=0.02s
[241.913s][info][gc,start       ] GC(1652) Pause Young (Allocation Failure)
[241.938s][info][gc,heap        ] GC(1652) DefNew: 140070K(157248K)->290K(157248K) Eden: 139776K(139776K)->0K(139776K) From: 294K(17472K)->290K(17472K)
[241.938s][info][gc,heap        ] GC(1652) Tenured: 19499K(349568K)->19520K(349568K)
[241.938s][info][gc,metaspace   ] GC(1652) Metaspace: 14272K(15168K)->14272K(15168K) NonClass: 12313K(12864K)->12313K(12864K) Class: 1959K(2304K)->1959K(2304K)
[241.938s][info][gc             ] GC(1652) Pause Young (Allocation Failure) 155M->19M(494M) 24.585ms
[241.938s][info][gc,cpu         ] GC(1652) User=0.02s Sys=0.00s Real=0.02s
[242.053s][info][gc,start       ] GC(1653) Pause Young (Allocation Failure)
[242.087s][info][gc,heap        ] GC(1653) DefNew: 140066K(157248K)->293K(157248K) Eden: 139776K(139776K)->0K(139776K) From: 290K(17472K)->293K(17472K)
[242.087s][info][gc,heap        ] GC(1653) Tenured: 19520K(349568K)->19537K(349568K)
[242.087s][info][gc,metaspace   ] GC(1653) Metaspace: 14272K(15168K)->14272K(15168K) NonClass: 12313K(12864K)->12313K(12864K) Class: 1959K(2304K)->1959K(2304K)
[242.087s][info][gc             ] GC(1653) Pause Young (Allocation Failure) 155M->19M(494M) 34.386ms
[242.087s][info][gc,cpu         ] GC(1653) User=0.03s Sys=0.00s Real=0.03s
[242.296s][info][gc,start       ] GC(1654) Pause Young (Allocation Failure)
[242.335s][info][gc,heap        ] GC(1654) DefNew: 140069K(157248K)->296K(157248K) Eden: 139776K(139776K)->0K(139776K) From: 293K(17472K)->296K(17472K)
[242.335s][info][gc,heap        ] GC(1654) Tenured: 19537K(349568K)->19555K(349568K)
[242.335s][info][gc,metaspace   ] GC(1654) Metaspace: 14272K(15168K)->14272K(15168K) NonClass: 12313K(12864K)->12313K(12864K) Class: 1959K(2304K)->1959K(2304K)
[242.335s][info][gc             ] GC(1654) Pause Young (Allocation Failure) 155M->19M(494M) 39.523ms
[242.335s][info][gc,cpu         ] GC(1654) User=0.03s Sys=0.00s Real=0.03s
[242.460s][info][gc,start       ] GC(1655) Pause Young (Allocation Failure)
[242.492s][info][gc,heap        ] GC(1655) DefNew: 140072K(157248K)->299K(157248K) Eden: 139776K(139776K)->0K(139776K) From: 296K(17472K)->299K(17472K)
[242.492s][info][gc,heap        ] GC(1655) Tenured: 19555K(349568K)->19573K(349568K)
[242.492s][info][gc,metaspace   ] GC(1655) Metaspace: 14272K(15168K)->14272K(15168K) NonClass: 12313K(12864K)->12313K(12864K) Class: 1959K(2304K)->1959K(2304K)
[242.492s][info][gc             ] GC(1655) Pause Young (Allocation Failure) 155M->19M(494M) 32.437ms
[242.492s][info][gc,cpu         ] GC(1655) User=0.03s Sys=0.00s Real=0.02s
[242.613s][info][gc,start       ] GC(1656) Pause Young (Allocation Failure)
[242.643s][info][gc,heap        ] GC(1656) DefNew: 140075K(157248K)->302K(157248K) Eden: 139776K(139776K)->0K(139776K) From: 299K(17472K)->302K(17472K)
[242.643s][info][gc,heap        ] GC(1656) Tenured: 19573K(349568K)->19590K(349568K)
[242.643s][info][gc,metaspace   ] GC(1656) Metaspace: 14272K(15168K)->14272K(15168K) NonClass: 12313K(12864K)->12313K(12864K) Class: 1959K(2304K)->1959K(2304K)
[242.643s][info][gc             ] GC(1656) Pause Young (Allocation Failure) 155M->19M(494M) 30.055ms
[242.643s][info][gc,cpu         ] GC(1656) User=0.03s Sys=0.00s Real=0.03s
[242.763s][info][gc,start       ] GC(1657) Pause Young (Allocation Failure)
[242.791s][info][gc,heap        ] GC(1657) DefNew: 140078K(157248K)->301K(157248K) Eden: 139775K(139776K)->0K(139776K) From: 302K(17472K)->301K(17472K)
[242.791s][info][gc,heap        ] GC(1657) Tenured: 19590K(349568K)->19611K(349568K)
[242.791s][info][gc,metaspace   ] GC(1657) Metaspace: 14272K(15168K)->14272K(15168K) NonClass: 12313K(12864K)->12313K(12864K) Class: 1959K(2304K)->1959K(2304K)
[242.791s][info][gc             ] GC(1657) Pause Young (Allocation Failure) 155M->19M(494M) 27.856ms
[242.791s][info][gc,cpu         ] GC(1657) User=0.02s Sys=0.00s Real=0.01s
[242.910s][info][gc,start       ] GC(1658) Pause Young (Allocation Failure)
[242.938s][info][gc,heap        ] GC(1658) DefNew: 140077K(157248K)->305K(157248K) Eden: 139776K(139776K)->0K(139776K) From: 301K(17472K)->305K(17472K)
[242.938s][info][gc,heap        ] GC(1658) Tenured: 19611K(349568K)->19629K(349568K)
[242.938s][info][gc,metaspace   ] GC(1658) Metaspace: 14272K(15168K)->14272K(15168K) NonClass: 12313K(12864K)->12313K(12864K) Class: 1959K(2304K)->1959K(2304K)
[242.938s][info][gc             ] GC(1658) Pause Young (Allocation Failure) 155M->19M(494M) 27.329ms
[242.938s][info][gc,cpu         ] GC(1658) User=0.03s Sys=0.00s Real=0.03s
[243.064s][info][gc,start       ] GC(1659) Pause Young (Allocation Failure)
[243.090s][info][gc,heap        ] GC(1659) DefNew: 140081K(157248K)->303K(157248K) Eden: 139776K(139776K)->0K(139776K) From: 305K(17472K)->303K(17472K)
[243.090s][info][gc,heap        ] GC(1659) Tenured: 19629K(349568K)->19648K(349568K)
[243.090s][info][gc,metaspace   ] GC(1659) Metaspace: 14272K(15168K)->14272K(15168K) NonClass: 12313K(12864K)->12313K(12864K) Class: 1959K(2304K)->1959K(2304K)
[243.090s][info][gc             ] GC(1659) Pause Young (Allocation Failure) 155M->19M(494M) 26.285ms
[243.090s][info][gc,cpu         ] GC(1659) User=0.02s Sys=0.00s Real=0.02s
[243.205s][info][gc,start       ] GC(1660) Pause Young (Allocation Failure)
[243.233s][info][gc,heap        ] GC(1660) DefNew: 140079K(157248K)->301K(157248K) Eden: 139776K(139776K)->0K(139776K) From: 303K(17472K)->301K(17472K)
[243.233s][info][gc,heap        ] GC(1660) Tenured: 19648K(349568K)->19669K(349568K)
[243.233s][info][gc,metaspace   ] GC(1660) Metaspace: 14272K(15168K)->14272K(15168K) NonClass: 12313K(12864K)->12313K(12864K) Class: 1959K(2304K)->1959K(2304K)
[243.233s][info][gc             ] GC(1660) Pause Young (Allocation Failure) 155M->19M(494M) 27.996ms
[243.233s][info][gc,cpu         ] GC(1660) User=0.02s Sys=0.00s Real=0.02s
[243.349s][info][gc,start       ] GC(1661) Pause Young (Allocation Failure)
[243.377s][info][gc,heap        ] GC(1661) DefNew: 140077K(157248K)->300K(157248K) Eden: 139775K(139776K)->0K(139776K) From: 301K(17472K)->300K(17472K)
[243.377s][info][gc,heap        ] GC(1661) Tenured: 19669K(349568K)->19689K(349568K)
[243.377s][info][gc,metaspace   ] GC(1661) Metaspace: 14272K(15168K)->14272K(15168K) NonClass: 12313K(12864K)->12313K(12864K) Class: 1959K(2304K)->1959K(2304K)
[243.377s][info][gc             ] GC(1661) Pause Young (Allocation Failure) 156M->19M(494M) 27.912ms
[243.377s][info][gc,cpu         ] GC(1661) User=0.02s Sys=0.00s Real=0.01s
[243.494s][info][gc,start       ] GC(1662) Pause Young (Allocation Failure)
[243.523s][info][gc,heap        ] GC(1662) DefNew: 140076K(157248K)->301K(157248K) Eden: 139776K(139776K)->0K(139776K) From: 300K(17472K)->301K(17472K)
[243.523s][info][gc,heap        ] GC(1662) Tenured: 19689K(349568K)->19710K(349568K)
[243.523s][info][gc,metaspace   ] GC(1662) Metaspace: 14272K(15168K)->14272K(15168K) NonClass: 12313K(12864K)->12313K(12864K) Class: 1959K(2304K)->1959K(2304K)
[243.523s][info][gc             ] GC(1662) Pause Young (Allocation Failure) 156M->19M(494M) 29.027ms
[243.523s][info][gc,cpu         ] GC(1662) User=0.02s Sys=0.00s Real=0.02s
[243.638s][info][gc,start       ] GC(1663) Pause Young (Allocation Failure)
[243.660s][info][gc,heap        ] GC(1663) DefNew: 140077K(157248K)->305K(157248K) Eden: 139776K(139776K)->0K(139776K) From: 301K(17472K)->305K(17472K)
[243.660s][info][gc,heap        ] GC(1663) Tenured: 19710K(349568K)->19728K(349568K)
[243.660s][info][gc,metaspace   ] GC(1663) Metaspace: 14272K(15168K)->14272K(15168K) NonClass: 12313K(12864K)->12313K(12864K) Class: 1959K(2304K)->1959K(2304K)
[243.660s][info][gc             ] GC(1663) Pause Young (Allocation Failure) 156M->19M(494M) 21.747ms
[243.660s][info][gc,cpu         ] GC(1663) User=0.02s Sys=0.00s Real=0.01s
[243.775s][info][gc,start       ] GC(1664) Pause Young (Allocation Failure)
[243.803s][info][gc,heap        ] GC(1664) DefNew: 140081K(157248K)->302K(157248K) Eden: 139776K(139776K)->0K(139776K) From: 305K(17472K)->302K(17472K)
[243.803s][info][gc,heap        ] GC(1664) Tenured: 19728K(349568K)->19748K(349568K)
[243.803s][info][gc,metaspace   ] GC(1664) Metaspace: 14272K(15168K)->14272K(15168K) NonClass: 12313K(12864K)->12313K(12864K) Class: 1959K(2304K)->1959K(2304K)
[243.804s][info][gc             ] GC(1664) Pause Young (Allocation Failure) 156M->19M(494M) 28.240ms
[243.804s][info][gc,cpu         ] GC(1664) User=0.02s Sys=0.00s Real=0.02s
[243.919s][info][gc,start       ] GC(1665) Pause Young (Allocation Failure)
[243.947s][info][gc,heap        ] GC(1665) DefNew: 140078K(157248K)->304K(157248K) Eden: 139776K(139776K)->0K(139776K) From: 302K(17472K)->304K(17472K)
[243.947s][info][gc,heap        ] GC(1665) Tenured: 19748K(349568K)->19766K(349568K)
[243.947s][info][gc,metaspace   ] GC(1665) Metaspace: 14272K(15168K)->14272K(15168K) NonClass: 12313K(12864K)->12313K(12864K) Class: 1959K(2304K)->1959K(2304K)
[243.948s][info][gc             ] GC(1665) Pause Young (Allocation Failure) 156M->19M(494M) 28.600ms
[243.948s][info][gc,cpu         ] GC(1665) User=0.02s Sys=0.00s Real=0.02s
[244.064s][info][gc,start       ] GC(1666) Pause Young (Allocation Failure)
[244.094s][info][gc,heap        ] GC(1666) DefNew: 140080K(157248K)->305K(157248K) Eden: 139776K(139776K)->0K(139776K) From: 304K(17472K)->305K(17472K)
[244.094s][info][gc,heap        ] GC(1666) Tenured: 19766K(349568K)->19784K(349568K)
[244.094s][info][gc,metaspace   ] GC(1666) Metaspace: 14272K(15168K)->14272K(15168K) NonClass: 12313K(12864K)->12313K(12864K) Class: 1959K(2304K)->1959K(2304K)
[244.094s][info][gc             ] GC(1666) Pause Young (Allocation Failure) 156M->19M(494M) 29.963ms
[244.094s][info][gc,cpu         ] GC(1666) User=0.03s Sys=0.00s Real=0.03s
[244.212s][info][gc,start       ] GC(1667) Pause Young (Allocation Failure)
[244.242s][info][gc,heap        ] GC(1667) DefNew: 140081K(157248K)->305K(157248K) Eden: 139776K(139776K)->0K(139776K) From: 305K(17472K)->305K(17472K)
[244.242s][info][gc,heap        ] GC(1667) Tenured: 19784K(349568K)->19802K(349568K)
[244.242s][info][gc,metaspace   ] GC(1667) Metaspace: 14272K(15168K)->14272K(15168K) NonClass: 12313K(12864K)->12313K(12864K) Class: 1959K(2304K)->1959K(2304K)
[244.242s][info][gc             ] GC(1667) Pause Young (Allocation Failure) 156M->19M(494M) 30.013ms
[244.242s][info][gc,cpu         ] GC(1667) User=0.03s Sys=0.00s Real=0.03s
[244.359s][info][gc,start       ] GC(1668) Pause Young (Allocation Failure)
[244.390s][info][gc,heap        ] GC(1668) DefNew: 140081K(157248K)->304K(157248K) Eden: 139776K(139776K)->0K(139776K) From: 305K(17472K)->304K(17472K)
[244.390s][info][gc,heap        ] GC(1668) Tenured: 19802K(349568K)->19822K(349568K)
[244.390s][info][gc,metaspace   ] GC(1668) Metaspace: 14272K(15168K)->14272K(15168K) NonClass: 12313K(12864K)->12313K(12864K) Class: 1959K(2304K)->1959K(2304K)
[244.390s][info][gc             ] GC(1668) Pause Young (Allocation Failure) 156M->19M(494M) 30.521ms
[244.390s][info][gc,cpu         ] GC(1668) User=0.02s Sys=0.00s Real=0.02s
[244.505s][info][gc,start       ] GC(1669) Pause Young (Allocation Failure)
[244.537s][info][gc,heap        ] GC(1669) DefNew: 140080K(157248K)->305K(157248K) Eden: 139776K(139776K)->0K(139776K) From: 304K(17472K)->305K(17472K)
[244.537s][info][gc,heap        ] GC(1669) Tenured: 19822K(349568K)->19843K(349568K)
[244.537s][info][gc,metaspace   ] GC(1669) Metaspace: 14272K(15168K)->14272K(15168K) NonClass: 12313K(12864K)->12313K(12864K) Class: 1959K(2304K)->1959K(2304K)
[244.537s][info][gc             ] GC(1669) Pause Young (Allocation Failure) 156M->19M(494M) 31.612ms
[244.537s][info][gc,cpu         ] GC(1669) User=0.03s Sys=0.00s Real=0.03s
[244.654s][info][gc,start       ] GC(1670) Pause Young (Allocation Failure)
[244.685s][info][gc,heap        ] GC(1670) DefNew: 140081K(157248K)->302K(157248K) Eden: 139776K(139776K)->0K(139776K) From: 305K(17472K)->302K(17472K)
[244.685s][info][gc,heap        ] GC(1670) Tenured: 19843K(349568K)->19863K(349568K)
[244.685s][info][gc,metaspace   ] GC(1670) Metaspace: 14272K(15168K)->14272K(15168K) NonClass: 12313K(12864K)->12313K(12864K) Class: 1959K(2304K)->1959K(2304K)
[244.685s][info][gc             ] GC(1670) Pause Young (Allocation Failure) 156M->19M(494M) 30.875ms
[244.685s][info][gc,cpu         ] GC(1670) User=0.02s Sys=0.00s Real=0.02s
[244.802s][info][gc,start       ] GC(1671) Pause Young (Allocation Failure)
[244.833s][info][gc,heap        ] GC(1671) DefNew: 140078K(157248K)->299K(157248K) Eden: 139776K(139776K)->0K(139776K) From: 302K(17472K)->299K(17472K)
[244.833s][info][gc,heap        ] GC(1671) Tenured: 19863K(349568K)->19884K(349568K)
[244.833s][info][gc,metaspace   ] GC(1671) Metaspace: 14272K(15168K)->14272K(15168K) NonClass: 12313K(12864K)->12313K(12864K) Class: 1959K(2304K)->1959K(2304K)
[244.833s][info][gc             ] GC(1671) Pause Young (Allocation Failure) 156M->19M(494M) 30.682ms
[244.833s][info][gc,cpu         ] GC(1671) User=0.02s Sys=0.00s Real=0.02s
[244.950s][info][gc,start       ] GC(1672) Pause Young (Allocation Failure)
[244.983s][info][gc,heap        ] GC(1672) DefNew: 140075K(157248K)->299K(157248K) Eden: 139776K(139776K)->0K(139776K) From: 299K(17472K)->299K(17472K)
[244.983s][info][gc,heap        ] GC(1672) Tenured: 19884K(349568K)->19905K(349568K)
[244.983s][info][gc,metaspace   ] GC(1672) Metaspace: 14272K(15168K)->14272K(15168K) NonClass: 12313K(12864K)->12313K(12864K) Class: 1959K(2304K)->1959K(2304K)
[244.983s][info][gc             ] GC(1672) Pause Young (Allocation Failure) 156M->19M(494M) 32.701ms
[244.983s][info][gc,cpu         ] GC(1672) User=0.03s Sys=0.00s Real=0.03s
[245.097s][info][gc,start       ] GC(1673) Pause Young (Allocation Failure)
[245.129s][info][gc,heap        ] GC(1673) DefNew: 140075K(157248K)->295K(157248K) Eden: 139776K(139776K)->0K(139776K) From: 299K(17472K)->295K(17472K)
[245.129s][info][gc,heap        ] GC(1673) Tenured: 19905K(349568K)->19925K(349568K)
[245.129s][info][gc,metaspace   ] GC(1673) Metaspace: 14272K(15168K)->14272K(15168K) NonClass: 12313K(12864K)->12313K(12864K) Class: 1959K(2304K)->1959K(2304K)
[245.129s][info][gc             ] GC(1673) Pause Young (Allocation Failure) 156M->19M(494M) 31.547ms
[245.129s][info][gc,cpu         ] GC(1673) User=0.03s Sys=0.00s Real=0.02s
[245.247s][info][gc,start       ] GC(1674) Pause Young (Allocation Failure)
[245.280s][info][gc,heap        ] GC(1674) DefNew: 140071K(157248K)->296K(157248K) Eden: 139776K(139776K)->0K(139776K) From: 295K(17472K)->296K(17472K)
[245.280s][info][gc,heap        ] GC(1674) Tenured: 19925K(349568K)->19943K(349568K)
[245.280s][info][gc,metaspace   ] GC(1674) Metaspace: 14272K(15168K)->14272K(15168K) NonClass: 12313K(12864K)->12313K(12864K) Class: 1959K(2304K)->1959K(2304K)
[245.280s][info][gc             ] GC(1674) Pause Young (Allocation Failure) 156M->19M(494M) 33.432ms
[245.280s][info][gc,cpu         ] GC(1674) User=0.02s Sys=0.00s Real=0.02s
[245.399s][info][gc,start       ] GC(1675) Pause Young (Allocation Failure)
[245.431s][info][gc,heap        ] GC(1675) DefNew: 140072K(157248K)->295K(157248K) Eden: 139776K(139776K)->0K(139776K) From: 296K(17472K)->295K(17472K)
[245.431s][info][gc,heap        ] GC(1675) Tenured: 19943K(349568K)->19961K(349568K)
[245.431s][info][gc,metaspace   ] GC(1675) Metaspace: 14272K(15168K)->14272K(15168K) NonClass: 12313K(12864K)->12313K(12864K) Class: 1959K(2304K)->1959K(2304K)
[245.431s][info][gc             ] GC(1675) Pause Young (Allocation Failure) 156M->19M(494M) 32.214ms
[245.431s][info][gc,cpu         ] GC(1675) User=0.03s Sys=0.00s Real=0.03s
[245.549s][info][gc,start       ] GC(1676) Pause Young (Allocation Failure)
[245.582s][info][gc,heap        ] GC(1676) DefNew: 140071K(157248K)->296K(157248K) Eden: 139776K(139776K)->0K(139776K) From: 295K(17472K)->296K(17472K)
[245.582s][info][gc,heap        ] GC(1676) Tenured: 19961K(349568K)->19981K(349568K)
[245.582s][info][gc,metaspace   ] GC(1676) Metaspace: 14272K(15168K)->14272K(15168K) NonClass: 12313K(12864K)->12313K(12864K) Class: 1959K(2304K)->1959K(2304K)
[245.582s][info][gc             ] GC(1676) Pause Young (Allocation Failure) 156M->19M(494M) 32.880ms
[245.582s][info][gc,cpu         ] GC(1676) User=0.03s Sys=0.00s Real=0.03s
[245.702s][info][gc,start       ] GC(1677) Pause Young (Allocation Failure)
[245.737s][info][gc,heap        ] GC(1677) DefNew: 140072K(157248K)->297K(157248K) Eden: 139776K(139776K)->0K(139776K) From: 296K(17472K)->297K(17472K)
[245.737s][info][gc,heap        ] GC(1677) Tenured: 19981K(349568K)->20002K(349568K)
[245.737s][info][gc,metaspace   ] GC(1677) Metaspace: 14272K(15168K)->14272K(15168K) NonClass: 12313K(12864K)->12313K(12864K) Class: 1959K(2304K)->1959K(2304K)
[245.737s][info][gc             ] GC(1677) Pause Young (Allocation Failure) 156M->19M(494M) 35.417ms
[245.738s][info][gc,cpu         ] GC(1677) User=0.03s Sys=0.00s Real=0.03s
[245.855s][info][gc,start       ] GC(1678) Pause Young (Allocation Failure)
[245.889s][info][gc,heap        ] GC(1678) DefNew: 140073K(157248K)->291K(157248K) Eden: 139776K(139776K)->0K(139776K) From: 297K(17472K)->291K(17472K)
[245.889s][info][gc,heap        ] GC(1678) Tenured: 20002K(349568K)->20025K(349568K)
[245.889s][info][gc,metaspace   ] GC(1678) Metaspace: 14272K(15168K)->14272K(15168K) NonClass: 12313K(12864K)->12313K(12864K) Class: 1959K(2304K)->1959K(2304K)
[245.889s][info][gc             ] GC(1678) Pause Young (Allocation Failure) 156M->19M(494M) 33.773ms
[245.889s][info][gc,cpu         ] GC(1678) User=0.03s Sys=0.00s Real=0.03s
[246.007s][info][gc,start       ] GC(1679) Pause Young (Allocation Failure)
[246.041s][info][gc,heap        ] GC(1679) DefNew: 140067K(157248K)->294K(157248K) Eden: 139776K(139776K)->0K(139776K) From: 291K(17472K)->294K(17472K)
[246.041s][info][gc,heap        ] GC(1679) Tenured: 20025K(349568K)->20043K(349568K)
[246.041s][info][gc,metaspace   ] GC(1679) Metaspace: 14272K(15168K)->14272K(15168K) NonClass: 12313K(12864K)->12313K(12864K) Class: 1959K(2304K)->1959K(2304K)
[246.041s][info][gc             ] GC(1679) Pause Young (Allocation Failure) 156M->19M(494M) 33.743ms
[246.041s][info][gc,cpu         ] GC(1679) User=0.03s Sys=0.00s Real=0.03s
[246.296s][info][gc,start       ] GC(1680) Pause Young (Allocation Failure)
[246.335s][info][gc,heap        ] GC(1680) DefNew: 140070K(157248K)->297K(157248K) Eden: 139776K(139776K)->0K(139776K) From: 294K(17472K)->297K(17472K)
[246.335s][info][gc,heap        ] GC(1680) Tenured: 20043K(349568K)->20060K(349568K)
[246.335s][info][gc,metaspace   ] GC(1680) Metaspace: 14272K(15168K)->14272K(15168K) NonClass: 12313K(12864K)->12313K(12864K) Class: 1959K(2304K)->1959K(2304K)
[246.335s][info][gc             ] GC(1680) Pause Young (Allocation Failure) 156M->19M(494M) 39.216ms
[246.335s][info][gc,cpu         ] GC(1680) User=0.03s Sys=0.00s Real=0.03s
[246.459s][info][gc,start       ] GC(1681) Pause Young (Allocation Failure)
[246.491s][info][gc,heap        ] GC(1681) DefNew: 140073K(157248K)->298K(157248K) Eden: 139776K(139776K)->0K(139776K) From: 297K(17472K)->298K(17472K)
[246.491s][info][gc,heap        ] GC(1681) Tenured: 20060K(349568K)->20081K(349568K)
[246.491s][info][gc,metaspace   ] GC(1681) Metaspace: 14272K(15168K)->14272K(15168K) NonClass: 12313K(12864K)->12313K(12864K) Class: 1959K(2304K)->1959K(2304K)
[246.491s][info][gc             ] GC(1681) Pause Young (Allocation Failure) 156M->19M(494M) 32.586ms
[246.491s][info][gc,cpu         ] GC(1681) User=0.03s Sys=0.00s Real=0.02s
[246.611s][info][gc,start       ] GC(1682) Pause Young (Allocation Failure)
[246.642s][info][gc,heap        ] GC(1682) DefNew: 140074K(157248K)->301K(157248K) Eden: 139776K(139776K)->0K(139776K) From: 298K(17472K)->301K(17472K)
[246.642s][info][gc,heap        ] GC(1682) Tenured: 20081K(349568K)->20098K(349568K)
[246.642s][info][gc,metaspace   ] GC(1682) Metaspace: 14272K(15168K)->14272K(15168K) NonClass: 12313K(12864K)->12313K(12864K) Class: 1959K(2304K)->1959K(2304K)
[246.642s][info][gc             ] GC(1682) Pause Young (Allocation Failure) 156M->19M(494M) 31.121ms
[246.643s][info][gc,cpu         ] GC(1682) User=0.03s Sys=0.00s Real=0.03s
[246.764s][info][gc,start       ] GC(1683) Pause Young (Allocation Failure)
[246.793s][info][gc,heap        ] GC(1683) DefNew: 140077K(157248K)->301K(157248K) Eden: 139776K(139776K)->0K(139776K) From: 301K(17472K)->301K(17472K)
[246.793s][info][gc,heap        ] GC(1683) Tenured: 20098K(349568K)->20119K(349568K)
[246.793s][info][gc,metaspace   ] GC(1683) Metaspace: 14272K(15168K)->14272K(15168K) NonClass: 12313K(12864K)->12313K(12864K) Class: 1959K(2304K)->1959K(2304K)
[246.793s][info][gc             ] GC(1683) Pause Young (Allocation Failure) 156M->19M(494M) 28.910ms
[246.793s][info][gc,cpu         ] GC(1683) User=0.03s Sys=0.00s Real=0.03s
[246.914s][info][gc,start       ] GC(1684) Pause Young (Allocation Failure)
[246.935s][info][gc,heap        ] GC(1684) DefNew: 140077K(157248K)->304K(157248K) Eden: 139776K(139776K)->0K(139776K) From: 301K(17472K)->304K(17472K)
[246.935s][info][gc,heap        ] GC(1684) Tenured: 20119K(349568K)->20137K(349568K)
[246.935s][info][gc,metaspace   ] GC(1684) Metaspace: 14272K(15168K)->14272K(15168K) NonClass: 12313K(12864K)->12313K(12864K) Class: 1959K(2304K)->1959K(2304K)
[246.935s][info][gc             ] GC(1684) Pause Young (Allocation Failure) 156M->19M(494M) 20.957ms
[246.935s][info][gc,cpu         ] GC(1684) User=0.00s Sys=0.00s Real=0.01s
[247.060s][info][gc,start       ] GC(1685) Pause Young (Allocation Failure)
[247.086s][info][gc,heap        ] GC(1685) DefNew: 140080K(157248K)->303K(157248K) Eden: 139776K(139776K)->0K(139776K) From: 304K(17472K)->303K(17472K)
[247.086s][info][gc,heap        ] GC(1685) Tenured: 20137K(349568K)->20157K(349568K)
[247.086s][info][gc,metaspace   ] GC(1685) Metaspace: 14272K(15168K)->14272K(15168K) NonClass: 12313K(12864K)->12313K(12864K) Class: 1959K(2304K)->1959K(2304K)
[247.086s][info][gc             ] GC(1685) Pause Young (Allocation Failure) 156M->19M(494M) 26.074ms
[247.086s][info][gc,cpu         ] GC(1685) User=0.02s Sys=0.00s Real=0.01s
[247.204s][info][gc,start       ] GC(1686) Pause Young (Allocation Failure)
[247.232s][info][gc,heap        ] GC(1686) DefNew: 140079K(157248K)->304K(157248K) Eden: 139776K(139776K)->0K(139776K) From: 303K(17472K)->304K(17472K)
[247.232s][info][gc,heap        ] GC(1686) Tenured: 20157K(349568K)->20175K(349568K)
[247.232s][info][gc,metaspace   ] GC(1686) Metaspace: 14272K(15168K)->14272K(15168K) NonClass: 12313K(12864K)->12313K(12864K) Class: 1959K(2304K)->1959K(2304K)
[247.232s][info][gc             ] GC(1686) Pause Young (Allocation Failure) 156M->19M(494M) 27.835ms
[247.232s][info][gc,cpu         ] GC(1686) User=0.03s Sys=0.00s Real=0.02s
[247.347s][info][gc,start       ] GC(1687) Pause Young (Allocation Failure)
[247.375s][info][gc,heap        ] GC(1687) DefNew: 140080K(157248K)->304K(157248K) Eden: 139776K(139776K)->0K(139776K) From: 304K(17472K)->304K(17472K)
[247.375s][info][gc,heap        ] GC(1687) Tenured: 20175K(349568K)->20195K(349568K)
[247.375s][info][gc,metaspace   ] GC(1687) Metaspace: 14272K(15168K)->14272K(15168K) NonClass: 12313K(12864K)->12313K(12864K) Class: 1959K(2304K)->1959K(2304K)
[247.375s][info][gc             ] GC(1687) Pause Young (Allocation Failure) 156M->20M(494M) 27.986ms
[247.375s][info][gc,cpu         ] GC(1687) User=0.02s Sys=0.00s Real=0.02s
[247.490s][info][gc,start       ] GC(1688) Pause Young (Allocation Failure)
[247.519s][info][gc,heap        ] GC(1688) DefNew: 140080K(157248K)->305K(157248K) Eden: 139776K(139776K)->0K(139776K) From: 304K(17472K)->305K(17472K)
[247.519s][info][gc,heap        ] GC(1688) Tenured: 20195K(349568K)->20213K(349568K)
[247.519s][info][gc,metaspace   ] GC(1688) Metaspace: 14272K(15168K)->14272K(15168K) NonClass: 12313K(12864K)->12313K(12864K) Class: 1959K(2304K)->1959K(2304K)
[247.519s][info][gc             ] GC(1688) Pause Young (Allocation Failure) 156M->20M(494M) 28.734ms
[247.519s][info][gc,cpu         ] GC(1688) User=0.03s Sys=0.00s Real=0.03s
[247.638s][info][gc,start       ] GC(1689) Pause Young (Allocation Failure)
[247.666s][info][gc,heap        ] GC(1689) DefNew: 140081K(157248K)->307K(157248K) Eden: 139776K(139776K)->0K(139776K) From: 305K(17472K)->307K(17472K)
[247.666s][info][gc,heap        ] GC(1689) Tenured: 20213K(349568K)->20231K(349568K)
[247.666s][info][gc,metaspace   ] GC(1689) Metaspace: 14272K(15168K)->14272K(15168K) NonClass: 12313K(12864K)->12313K(12864K) Class: 1959K(2304K)->1959K(2304K)
[247.666s][info][gc             ] GC(1689) Pause Young (Allocation Failure) 156M->20M(494M) 27.879ms
[247.666s][info][gc,cpu         ] GC(1689) User=0.02s Sys=0.00s Real=0.02s
[247.780s][info][gc,start       ] GC(1690) Pause Young (Allocation Failure)
[247.808s][info][gc,heap        ] GC(1690) DefNew: 140083K(157248K)->310K(157248K) Eden: 139776K(139776K)->0K(139776K) From: 307K(17472K)->310K(17472K)
[247.808s][info][gc,heap        ] GC(1690) Tenured: 20231K(349568K)->20249K(349568K)
[247.808s][info][gc,metaspace   ] GC(1690) Metaspace: 14272K(15168K)->14272K(15168K) NonClass: 12313K(12864K)->12313K(12864K) Class: 1959K(2304K)->1959K(2304K)
[247.808s][info][gc             ] GC(1690) Pause Young (Allocation Failure) 156M->20M(494M) 28.034ms
[247.808s][info][gc,cpu         ] GC(1690) User=0.03s Sys=0.00s Real=0.03s
[247.924s][info][gc,start       ] GC(1691) Pause Young (Allocation Failure)
[247.953s][info][gc,heap        ] GC(1691) DefNew: 140086K(157248K)->310K(157248K) Eden: 139776K(139776K)->0K(139776K) From: 310K(17472K)->310K(17472K)
[247.953s][info][gc,heap        ] GC(1691) Tenured: 20249K(349568K)->20269K(349568K)
[247.953s][info][gc,metaspace   ] GC(1691) Metaspace: 14272K(15168K)->14272K(15168K) NonClass: 12313K(12864K)->12313K(12864K) Class: 1959K(2304K)->1959K(2304K)
[247.953s][info][gc             ] GC(1691) Pause Young (Allocation Failure) 156M->20M(494M) 29.183ms
[247.953s][info][gc,cpu         ] GC(1691) User=0.02s Sys=0.00s Real=0.02s
[248.070s][info][gc,start       ] GC(1692) Pause Young (Allocation Failure)
[248.099s][info][gc,heap        ] GC(1692) DefNew: 140086K(157248K)->312K(157248K) Eden: 139776K(139776K)->0K(139776K) From: 310K(17472K)->312K(17472K)
[248.099s][info][gc,heap        ] GC(1692) Tenured: 20269K(349568K)->20287K(349568K)
[248.099s][info][gc,metaspace   ] GC(1692) Metaspace: 14272K(15168K)->14272K(15168K) NonClass: 12313K(12864K)->12313K(12864K) Class: 1959K(2304K)->1959K(2304K)
[248.099s][info][gc             ] GC(1692) Pause Young (Allocation Failure) 156M->20M(494M) 29.432ms
[248.099s][info][gc,cpu         ] GC(1692) User=0.02s Sys=0.00s Real=0.02s
[248.215s][info][gc,start       ] GC(1693) Pause Young (Allocation Failure)
[248.244s][info][gc,heap        ] GC(1693) DefNew: 140088K(157248K)->309K(157248K) Eden: 139776K(139776K)->0K(139776K) From: 312K(17472K)->309K(17472K)
[248.244s][info][gc,heap        ] GC(1693) Tenured: 20287K(349568K)->20308K(349568K)
[248.244s][info][gc,metaspace   ] GC(1693) Metaspace: 14272K(15168K)->14272K(15168K) NonClass: 12313K(12864K)->12313K(12864K) Class: 1959K(2304K)->1959K(2304K)
[248.245s][info][gc             ] GC(1693) Pause Young (Allocation Failure) 156M->20M(494M) 29.367ms
[248.245s][info][gc,cpu         ] GC(1693) User=0.02s Sys=0.00s Real=0.02s
[248.362s][info][gc,start       ] GC(1694) Pause Young (Allocation Failure)
[248.393s][info][gc,heap        ] GC(1694) DefNew: 140085K(157248K)->307K(157248K) Eden: 139776K(139776K)->0K(139776K) From: 309K(17472K)->307K(17472K)
[248.393s][info][gc,heap        ] GC(1694) Tenured: 20308K(349568K)->20329K(349568K)
[248.393s][info][gc,metaspace   ] GC(1694) Metaspace: 14272K(15168K)->14272K(15168K) NonClass: 12313K(12864K)->12313K(12864K) Class: 1959K(2304K)->1959K(2304K)
[248.393s][info][gc             ] GC(1694) Pause Young (Allocation Failure) 156M->20M(494M) 31.090ms
[248.393s][info][gc,cpu         ] GC(1694) User=0.03s Sys=0.00s Real=0.03s
[248.511s][info][gc,start       ] GC(1695) Pause Young (Allocation Failure)
[248.541s][info][gc,heap        ] GC(1695) DefNew: 140083K(157248K)->306K(157248K) Eden: 139776K(139776K)->0K(139776K) From: 307K(17472K)->306K(17472K)
[248.541s][info][gc,heap        ] GC(1695) Tenured: 20329K(349568K)->20350K(349568K)
[248.541s][info][gc,metaspace   ] GC(1695) Metaspace: 14272K(15168K)->14272K(15168K) NonClass: 12313K(12864K)->12313K(12864K) Class: 1959K(2304K)->1959K(2304K)
[248.541s][info][gc             ] GC(1695) Pause Young (Allocation Failure) 156M->20M(494M) 30.778ms
[248.541s][info][gc,cpu         ] GC(1695) User=0.03s Sys=0.00s Real=0.03s
[248.658s][info][gc,start       ] GC(1696) Pause Young (Allocation Failure)
[248.689s][info][gc,heap        ] GC(1696) DefNew: 140082K(157248K)->306K(157248K) Eden: 139776K(139776K)->0K(139776K) From: 306K(17472K)->306K(17472K)
[248.689s][info][gc,heap        ] GC(1696) Tenured: 20350K(349568K)->20370K(349568K)
[248.689s][info][gc,metaspace   ] GC(1696) Metaspace: 14272K(15168K)->14272K(15168K) NonClass: 12313K(12864K)->12313K(12864K) Class: 1959K(2304K)->1959K(2304K)
[248.689s][info][gc             ] GC(1696) Pause Young (Allocation Failure) 156M->20M(494M) 30.947ms
[248.689s][info][gc,cpu         ] GC(1696) User=0.02s Sys=0.00s Real=0.02s
[248.806s][info][gc,start       ] GC(1697) Pause Young (Allocation Failure)
[248.837s][info][gc,heap        ] GC(1697) DefNew: 140082K(157248K)->306K(157248K) Eden: 139776K(139776K)->0K(139776K) From: 306K(17472K)->306K(17472K)
[248.837s][info][gc,heap        ] GC(1697) Tenured: 20370K(349568K)->20391K(349568K)
[248.837s][info][gc,metaspace   ] GC(1697) Metaspace: 14272K(15168K)->14272K(15168K) NonClass: 12313K(12864K)->12313K(12864K) Class: 1959K(2304K)->1959K(2304K)
[248.837s][info][gc             ] GC(1697) Pause Young (Allocation Failure) 156M->20M(494M) 30.924ms
[248.837s][info][gc,cpu         ] GC(1697) User=0.03s Sys=0.00s Real=0.03s
[248.956s][info][gc,start       ] GC(1698) Pause Young (Allocation Failure)
[248.988s][info][gc,heap        ] GC(1698) DefNew: 140082K(157248K)->307K(157248K) Eden: 139776K(139776K)->0K(139776K) From: 306K(17472K)->307K(17472K)
[248.988s][info][gc,heap        ] GC(1698) Tenured: 20391K(349568K)->20412K(349568K)
[248.988s][info][gc,metaspace   ] GC(1698) Metaspace: 14272K(15168K)->14272K(15168K) NonClass: 12313K(12864K)->12313K(12864K) Class: 1959K(2304K)->1959K(2304K)
[248.988s][info][gc             ] GC(1698) Pause Young (Allocation Failure) 156M->20M(494M) 32.329ms
[248.988s][info][gc,cpu         ] GC(1698) User=0.03s Sys=0.00s Real=0.03s
[249.108s][info][gc,start       ] GC(1699) Pause Young (Allocation Failure)
[249.139s][info][gc,heap        ] GC(1699) DefNew: 140083K(157248K)->305K(157248K) Eden: 139776K(139776K)->0K(139776K) From: 307K(17472K)->305K(17472K)
[249.139s][info][gc,heap        ] GC(1699) Tenured: 20412K(349568K)->20433K(349568K)
[249.139s][info][gc,metaspace   ] GC(1699) Metaspace: 14272K(15168K)->14272K(15168K) NonClass: 12313K(12864K)->12313K(12864K) Class: 1959K(2304K)->1959K(2304K)
[249.139s][info][gc             ] GC(1699) Pause Young (Allocation Failure) 156M->20M(494M) 31.659ms
[249.139s][info][gc,cpu         ] GC(1699) User=0.03s Sys=0.00s Real=0.03s
[249.257s][info][gc,start       ] GC(1700) Pause Young (Allocation Failure)
[249.290s][info][gc,heap        ] GC(1700) DefNew: 140081K(157248K)->306K(157248K) Eden: 139776K(139776K)->0K(139776K) From: 305K(17472K)->306K(17472K)
[249.291s][info][gc,heap        ] GC(1700) Tenured: 20433K(349568K)->20453K(349568K)
[249.291s][info][gc,metaspace   ] GC(1700) Metaspace: 14272K(15168K)->14272K(15168K) NonClass: 12313K(12864K)->12313K(12864K) Class: 1959K(2304K)->1959K(2304K)
[249.291s][info][gc             ] GC(1700) Pause Young (Allocation Failure) 156M->20M(494M) 33.164ms
[249.291s][info][gc,cpu         ] GC(1700) User=0.03s Sys=0.00s Real=0.03s
[249.408s][info][gc,start       ] GC(1701) Pause Young (Allocation Failure)
[249.432s][info][gc,heap        ] GC(1701) DefNew: 140082K(157248K)->305K(157248K) Eden: 139776K(139776K)->0K(139776K) From: 306K(17472K)->305K(17472K)
[249.432s][info][gc,heap        ] GC(1701) Tenured: 20453K(349568K)->20471K(349568K)
[249.432s][info][gc,metaspace   ] GC(1701) Metaspace: 14272K(15168K)->14272K(15168K) NonClass: 12313K(12864K)->12313K(12864K) Class: 1959K(2304K)->1959K(2304K)
[249.432s][info][gc             ] GC(1701) Pause Young (Allocation Failure) 156M->20M(494M) 23.945ms
[249.432s][info][gc,cpu         ] GC(1701) User=0.03s Sys=0.00s Real=0.02s
[249.548s][info][gc,start       ] GC(1702) Pause Young (Allocation Failure)
[249.581s][info][gc,heap        ] GC(1702) DefNew: 140081K(157248K)->310K(157248K) Eden: 139776K(139776K)->0K(139776K) From: 305K(17472K)->310K(17472K)
[249.581s][info][gc,heap        ] GC(1702) Tenured: 20471K(349568K)->20491K(349568K)
[249.581s][info][gc,metaspace   ] GC(1702) Metaspace: 14272K(15168K)->14272K(15168K) NonClass: 12313K(12864K)->12313K(12864K) Class: 1959K(2304K)->1959K(2304K)
[249.581s][info][gc             ] GC(1702) Pause Young (Allocation Failure) 156M->20M(494M) 32.822ms
[249.581s][info][gc,cpu         ] GC(1702) User=0.03s Sys=0.00s Real=0.03s
[249.699s][info][gc,start       ] GC(1703) Pause Young (Allocation Failure)
[249.733s][info][gc,heap        ] GC(1703) DefNew: 140086K(157248K)->312K(157248K) Eden: 139776K(139776K)->0K(139776K) From: 310K(17472K)->312K(17472K)
[249.733s][info][gc,heap        ] GC(1703) Tenured: 20491K(349568K)->20509K(349568K)
[249.733s][info][gc,metaspace   ] GC(1703) Metaspace: 14272K(15168K)->14272K(15168K) NonClass: 12313K(12864K)->12313K(12864K) Class: 1959K(2304K)->1959K(2304K)
[249.734s][info][gc             ] GC(1703) Pause Young (Allocation Failure) 156M->20M(494M) 34.269ms
[249.734s][info][gc,cpu         ] GC(1703) User=0.03s Sys=0.00s Real=0.03s
[249.852s][info][gc,start       ] GC(1704) Pause Young (Allocation Failure)
[249.877s][info][gc,heap        ] GC(1704) DefNew: 140088K(157248K)->312K(157248K) Eden: 139776K(139776K)->0K(139776K) From: 312K(17472K)->312K(17472K)
[249.877s][info][gc,heap        ] GC(1704) Tenured: 20509K(349568K)->20530K(349568K)
[249.877s][info][gc,metaspace   ] GC(1704) Metaspace: 14272K(15168K)->14272K(15168K) NonClass: 12313K(12864K)->12313K(12864K) Class: 1959K(2304K)->1959K(2304K)
[249.877s][info][gc             ] GC(1704) Pause Young (Allocation Failure) 156M->20M(494M) 25.028ms
[249.877s][info][gc,cpu         ] GC(1704) User=0.02s Sys=0.00s Real=0.02s
[249.993s][info][gc,start       ] GC(1705) Pause Young (Allocation Failure)
[250.018s][info][gc,heap        ] GC(1705) DefNew: 140088K(157248K)->309K(157248K) Eden: 139776K(139776K)->0K(139776K) From: 312K(17472K)->309K(17472K)
[250.018s][info][gc,heap        ] GC(1705) Tenured: 20530K(349568K)->20550K(349568K)
[250.018s][info][gc,metaspace   ] GC(1705) Metaspace: 14272K(15168K)->14272K(15168K) NonClass: 12313K(12864K)->12313K(12864K) Class: 1959K(2304K)->1959K(2304K)
[250.018s][info][gc             ] GC(1705) Pause Young (Allocation Failure) 156M->20M(494M) 25.062ms
[250.018s][info][gc,cpu         ] GC(1705) User=0.02s Sys=0.00s Real=0.02s
[250.133s][info][gc,start       ] GC(1706) Pause Young (Allocation Failure)
[250.159s][info][gc,heap        ] GC(1706) DefNew: 140085K(157248K)->309K(157248K) Eden: 139775K(139776K)->0K(139776K) From: 309K(17472K)->309K(17472K)
[250.159s][info][gc,heap        ] GC(1706) Tenured: 20550K(349568K)->20571K(349568K)
[250.159s][info][gc,metaspace   ] GC(1706) Metaspace: 14272K(15168K)->14272K(15168K) NonClass: 12313K(12864K)->12313K(12864K) Class: 1959K(2304K)->1959K(2304K)
[250.159s][info][gc             ] GC(1706) Pause Young (Allocation Failure) 156M->20M(494M) 25.536ms
[250.159s][info][gc,cpu         ] GC(1706) User=0.02s Sys=0.00s Real=0.03s
[250.396s][info][gc,start       ] GC(1707) Pause Young (Allocation Failure)
[250.428s][info][gc,heap        ] GC(1707) DefNew: 140085K(157248K)->309K(157248K) Eden: 139776K(139776K)->0K(139776K) From: 309K(17472K)->309K(17472K)
[250.428s][info][gc,heap        ] GC(1707) Tenured: 20571K(349568K)->20592K(349568K)
[250.428s][info][gc,metaspace   ] GC(1707) Metaspace: 14272K(15168K)->14272K(15168K) NonClass: 12313K(12864K)->12313K(12864K) Class: 1959K(2304K)->1959K(2304K)
[250.428s][info][gc             ] GC(1707) Pause Young (Allocation Failure) 156M->20M(494M) 31.839ms
[250.428s][info][gc,cpu         ] GC(1707) User=0.03s Sys=0.00s Real=0.03s
[250.551s][info][gc,start       ] GC(1708) Pause Young (Allocation Failure)
[250.583s][info][gc,heap        ] GC(1708) DefNew: 140085K(157248K)->313K(157248K) Eden: 139776K(139776K)->0K(139776K) From: 309K(17472K)->313K(17472K)
[250.583s][info][gc,heap        ] GC(1708) Tenured: 20592K(349568K)->20609K(349568K)
[250.583s][info][gc,metaspace   ] GC(1708) Metaspace: 14272K(15168K)->14272K(15168K) NonClass: 12313K(12864K)->12313K(12864K) Class: 1959K(2304K)->1959K(2304K)
[250.583s][info][gc             ] GC(1708) Pause Young (Allocation Failure) 156M->20M(494M) 32.010ms
[250.583s][info][gc,cpu         ] GC(1708) User=0.03s Sys=0.00s Real=0.03s
[250.704s][info][gc,start       ] GC(1709) Pause Young (Allocation Failure)
[250.735s][info][gc,heap        ] GC(1709) DefNew: 140089K(157248K)->315K(157248K) Eden: 139776K(139776K)->0K(139776K) From: 313K(17472K)->315K(17472K)
[250.735s][info][gc,heap        ] GC(1709) Tenured: 20609K(349568K)->20627K(349568K)
[250.736s][info][gc,metaspace   ] GC(1709) Metaspace: 14272K(15168K)->14272K(15168K) NonClass: 12313K(12864K)->12313K(12864K) Class: 1959K(2304K)->1959K(2304K)
[250.736s][info][gc             ] GC(1709) Pause Young (Allocation Failure) 156M->20M(494M) 31.306ms
[250.736s][info][gc,cpu         ] GC(1709) User=0.03s Sys=0.00s Real=0.03s
[250.857s][info][gc,start       ] GC(1710) Pause Young (Allocation Failure)
[250.885s][info][gc,heap        ] GC(1710) DefNew: 140091K(157248K)->315K(157248K) Eden: 139776K(139776K)->0K(139776K) From: 315K(17472K)->315K(17472K)
[250.885s][info][gc,heap        ] GC(1710) Tenured: 20627K(349568K)->20648K(349568K)
[250.885s][info][gc,metaspace   ] GC(1710) Metaspace: 14272K(15168K)->14272K(15168K) NonClass: 12313K(12864K)->12313K(12864K) Class: 1959K(2304K)->1959K(2304K)
[250.885s][info][gc             ] GC(1710) Pause Young (Allocation Failure) 156M->20M(494M) 28.139ms
[250.885s][info][gc,cpu         ] GC(1710) User=0.02s Sys=0.00s Real=0.02s
[251.006s][info][gc,start       ] GC(1711) Pause Young (Allocation Failure)
[251.034s][info][gc,heap        ] GC(1711) DefNew: 140091K(157248K)->314K(157248K) Eden: 139776K(139776K)->0K(139776K) From: 315K(17472K)->314K(17472K)
[251.034s][info][gc,heap        ] GC(1711) Tenured: 20648K(349568K)->20668K(349568K)
[251.034s][info][gc,metaspace   ] GC(1711) Metaspace: 14272K(15168K)->14272K(15168K) NonClass: 12313K(12864K)->12313K(12864K) Class: 1959K(2304K)->1959K(2304K)
[251.034s][info][gc             ] GC(1711) Pause Young (Allocation Failure) 156M->20M(494M) 27.211ms
[251.034s][info][gc,cpu         ] GC(1711) User=0.02s Sys=0.00s Real=0.03s
[251.158s][info][gc,start       ] GC(1712) Pause Young (Allocation Failure)
[251.178s][info][gc,heap        ] GC(1712) DefNew: 140090K(157248K)->312K(157248K) Eden: 139776K(139776K)->0K(139776K) From: 314K(17472K)->312K(17472K)
[251.178s][info][gc,heap        ] GC(1712) Tenured: 20668K(349568K)->20689K(349568K)
[251.178s][info][gc,metaspace   ] GC(1712) Metaspace: 14272K(15168K)->14272K(15168K) NonClass: 12313K(12864K)->12313K(12864K) Class: 1959K(2304K)->1959K(2304K)
[251.178s][info][gc             ] GC(1712) Pause Young (Allocation Failure) 156M->20M(494M) 20.365ms
[251.178s][info][gc,cpu         ] GC(1712) User=0.02s Sys=0.00s Real=0.02s
[251.294s][info][gc,start       ] GC(1713) Pause Young (Allocation Failure)
[251.314s][info][gc,heap        ] GC(1713) DefNew: 140088K(157248K)->312K(157248K) Eden: 139776K(139776K)->0K(139776K) From: 312K(17472K)->312K(17472K)
[251.314s][info][gc,heap        ] GC(1713) Tenured: 20689K(349568K)->20710K(349568K)
[251.314s][info][gc,metaspace   ] GC(1713) Metaspace: 14272K(15168K)->14272K(15168K) NonClass: 12313K(12864K)->12313K(12864K) Class: 1959K(2304K)->1959K(2304K)
[251.314s][info][gc             ] GC(1713) Pause Young (Allocation Failure) 157M->20M(494M) 20.744ms
[251.314s][info][gc,cpu         ] GC(1713) User=0.02s Sys=0.00s Real=0.02s
[251.428s][info][gc,start       ] GC(1714) Pause Young (Allocation Failure)
[251.449s][info][gc,heap        ] GC(1714) DefNew: 140088K(157248K)->312K(157248K) Eden: 139776K(139776K)->0K(139776K) From: 312K(17472K)->312K(17472K)
[251.449s][info][gc,heap        ] GC(1714) Tenured: 20710K(349568K)->20730K(349568K)
[251.449s][info][gc,metaspace   ] GC(1714) Metaspace: 14272K(15168K)->14272K(15168K) NonClass: 12313K(12864K)->12313K(12864K) Class: 1959K(2304K)->1959K(2304K)
[251.449s][info][gc             ] GC(1714) Pause Young (Allocation Failure) 157M->20M(494M) 21.004ms
[251.449s][info][gc,cpu         ] GC(1714) User=0.02s Sys=0.00s Real=0.01s
[251.564s][info][gc,start       ] GC(1715) Pause Young (Allocation Failure)
[251.591s][info][gc,heap        ] GC(1715) DefNew: 140088K(157248K)->308K(157248K) Eden: 139776K(139776K)->0K(139776K) From: 312K(17472K)->308K(17472K)
[251.592s][info][gc,heap        ] GC(1715) Tenured: 20730K(349568K)->20751K(349568K)
[251.592s][info][gc,metaspace   ] GC(1715) Metaspace: 14272K(15168K)->14272K(15168K) NonClass: 12313K(12864K)->12313K(12864K) Class: 1959K(2304K)->1959K(2304K)
[251.592s][info][gc             ] GC(1715) Pause Young (Allocation Failure) 157M->20M(494M) 27.912ms
[251.592s][info][gc,cpu         ] GC(1715) User=0.02s Sys=0.00s Real=0.02s
[251.707s][info][gc,start       ] GC(1716) Pause Young (Allocation Failure)
[251.736s][info][gc,heap        ] GC(1716) DefNew: 140084K(157248K)->312K(157248K) Eden: 139776K(139776K)->0K(139776K) From: 308K(17472K)->312K(17472K)
[251.736s][info][gc,heap        ] GC(1716) Tenured: 20751K(349568K)->20768K(349568K)
[251.736s][info][gc,metaspace   ] GC(1716) Metaspace: 14272K(15168K)->14272K(15168K) NonClass: 12313K(12864K)->12313K(12864K) Class: 1959K(2304K)->1959K(2304K)
[251.736s][info][gc             ] GC(1716) Pause Young (Allocation Failure) 157M->20M(494M) 29.136ms
[251.736s][info][gc,cpu         ] GC(1716) User=0.03s Sys=0.00s Real=0.03s
[251.850s][info][gc,start       ] GC(1717) Pause Young (Allocation Failure)
[251.871s][info][gc,heap        ] GC(1717) DefNew: 140088K(157248K)->305K(157248K) Eden: 139776K(139776K)->0K(139776K) From: 312K(17472K)->305K(17472K)
[251.871s][info][gc,heap        ] GC(1717) Tenured: 20768K(349568K)->20793K(349568K)
[251.871s][info][gc,metaspace   ] GC(1717) Metaspace: 14272K(15168K)->14272K(15168K) NonClass: 12313K(12864K)->12313K(12864K) Class: 1959K(2304K)->1959K(2304K)
[251.871s][info][gc             ] GC(1717) Pause Young (Allocation Failure) 157M->20M(494M) 21.572ms
[251.871s][info][gc,cpu         ] GC(1717) User=0.02s Sys=0.00s Real=0.02s
[251.985s][info][gc,start       ] GC(1718) Pause Young (Allocation Failure)
[252.014s][info][gc,heap        ] GC(1718) DefNew: 140081K(157248K)->302K(157248K) Eden: 139776K(139776K)->0K(139776K) From: 305K(17472K)->302K(17472K)
[252.014s][info][gc,heap        ] GC(1718) Tenured: 20793K(349568K)->20813K(349568K)
[252.014s][info][gc,metaspace   ] GC(1718) Metaspace: 14272K(15168K)->14272K(15168K) NonClass: 12313K(12864K)->12313K(12864K) Class: 1959K(2304K)->1959K(2304K)
[252.014s][info][gc             ] GC(1718) Pause Young (Allocation Failure) 157M->20M(494M) 28.488ms
[252.014s][info][gc,cpu         ] GC(1718) User=0.02s Sys=0.00s Real=0.02s
[252.130s][info][gc,start       ] GC(1719) Pause Young (Allocation Failure)
[252.161s][info][gc,heap        ] GC(1719) DefNew: 140078K(157248K)->303K(157248K) Eden: 139776K(139776K)->0K(139776K) From: 302K(17472K)->303K(17472K)
[252.161s][info][gc,heap        ] GC(1719) Tenured: 20813K(349568K)->20834K(349568K)
[252.161s][info][gc,metaspace   ] GC(1719) Metaspace: 14272K(15168K)->14272K(15168K) NonClass: 12313K(12864K)->12313K(12864K) Class: 1959K(2304K)->1959K(2304K)
[252.161s][info][gc             ] GC(1719) Pause Young (Allocation Failure) 157M->20M(494M) 30.935ms
[252.161s][info][gc,cpu         ] GC(1719) User=0.02s Sys=0.00s Real=0.02s
[252.279s][info][gc,start       ] GC(1720) Pause Young (Allocation Failure)
[252.301s][info][gc,heap        ] GC(1720) DefNew: 140079K(157248K)->307K(157248K) Eden: 139776K(139776K)->0K(139776K) From: 303K(17472K)->307K(17472K)
[252.302s][info][gc,heap        ] GC(1720) Tenured: 20834K(349568K)->20851K(349568K)
[252.302s][info][gc,metaspace   ] GC(1720) Metaspace: 14272K(15168K)->14272K(15168K) NonClass: 12313K(12864K)->12313K(12864K) Class: 1959K(2304K)->1959K(2304K)
[252.302s][info][gc             ] GC(1720) Pause Young (Allocation Failure) 157M->20M(494M) 22.530ms
[252.302s][info][gc,cpu         ] GC(1720) User=0.02s Sys=0.00s Real=0.01s
[252.416s][info][gc,start       ] GC(1721) Pause Young (Allocation Failure)
[252.446s][info][gc,heap        ] GC(1721) DefNew: 140083K(157248K)->303K(157248K) Eden: 139776K(139776K)->0K(139776K) From: 307K(17472K)->303K(17472K)
[252.446s][info][gc,heap        ] GC(1721) Tenured: 20851K(349568K)->20872K(349568K)
[252.446s][info][gc,metaspace   ] GC(1721) Metaspace: 14272K(15168K)->14272K(15168K) NonClass: 12313K(12864K)->12313K(12864K) Class: 1959K(2304K)->1959K(2304K)
[252.446s][info][gc             ] GC(1721) Pause Young (Allocation Failure) 157M->20M(494M) 30.166ms
[252.446s][info][gc,cpu         ] GC(1721) User=0.03s Sys=0.00s Real=0.03s
[252.564s][info][gc,start       ] GC(1722) Pause Young (Allocation Failure)
[252.595s][info][gc,heap        ] GC(1722) DefNew: 140079K(157248K)->303K(157248K) Eden: 139776K(139776K)->0K(139776K) From: 303K(17472K)->303K(17472K)
[252.595s][info][gc,heap        ] GC(1722) Tenured: 20872K(349568K)->20893K(349568K)
[252.595s][info][gc,metaspace   ] GC(1722) Metaspace: 14272K(15168K)->14272K(15168K) NonClass: 12313K(12864K)->12313K(12864K) Class: 1959K(2304K)->1959K(2304K)
[252.595s][info][gc             ] GC(1722) Pause Young (Allocation Failure) 157M->20M(494M) 31.478ms
[252.595s][info][gc,cpu         ] GC(1722) User=0.02s Sys=0.00s Real=0.02s
[252.714s][info][gc,start       ] GC(1723) Pause Young (Allocation Failure)
[252.744s][info][gc,heap        ] GC(1723) DefNew: 140079K(157248K)->300K(157248K) Eden: 139776K(139776K)->0K(139776K) From: 303K(17472K)->300K(17472K)
[252.744s][info][gc,heap        ] GC(1723) Tenured: 20893K(349568K)->20914K(349568K)
[252.744s][info][gc,metaspace   ] GC(1723) Metaspace: 14272K(15168K)->14272K(15168K) NonClass: 12313K(12864K)->12313K(12864K) Class: 1959K(2304K)->1959K(2304K)
[252.745s][info][gc             ] GC(1723) Pause Young (Allocation Failure) 157M->20M(494M) 30.753ms
[252.745s][info][gc,cpu         ] GC(1723) User=0.03s Sys=0.00s Real=0.03s
[252.863s][info][gc,start       ] GC(1724) Pause Young (Allocation Failure)
[252.894s][info][gc,heap        ] GC(1724) DefNew: 140076K(157248K)->300K(157248K) Eden: 139776K(139776K)->0K(139776K) From: 300K(17472K)->300K(17472K)
[252.894s][info][gc,heap        ] GC(1724) Tenured: 20914K(349568K)->20934K(349568K)
[252.894s][info][gc,metaspace   ] GC(1724) Metaspace: 14272K(15168K)->14272K(15168K) NonClass: 12313K(12864K)->12313K(12864K) Class: 1959K(2304K)->1959K(2304K)
[252.894s][info][gc             ] GC(1724) Pause Young (Allocation Failure) 157M->20M(494M) 31.173ms
[252.894s][info][gc,cpu         ] GC(1724) User=0.03s Sys=0.00s Real=0.03s
[253.011s][info][gc,start       ] GC(1725) Pause Young (Allocation Failure)
[253.042s][info][gc,heap        ] GC(1725) DefNew: 140076K(157248K)->300K(157248K) Eden: 139776K(139776K)->0K(139776K) From: 300K(17472K)->300K(17472K)
[253.042s][info][gc,heap        ] GC(1725) Tenured: 20934K(349568K)->20955K(349568K)
[253.042s][info][gc,metaspace   ] GC(1725) Metaspace: 14272K(15168K)->14272K(15168K) NonClass: 12313K(12864K)->12313K(12864K) Class: 1959K(2304K)->1959K(2304K)
[253.042s][info][gc             ] GC(1725) Pause Young (Allocation Failure) 157M->20M(494M) 31.458ms
[253.042s][info][gc,cpu         ] GC(1725) User=0.02s Sys=0.00s Real=0.02s
[253.159s][info][gc,start       ] GC(1726) Pause Young (Allocation Failure)
[253.192s][info][gc,heap        ] GC(1726) DefNew: 140076K(157248K)->298K(157248K) Eden: 139776K(139776K)->0K(139776K) From: 300K(17472K)->298K(17472K)
[253.192s][info][gc,heap        ] GC(1726) Tenured: 20955K(349568K)->20975K(349568K)
[253.192s][info][gc,metaspace   ] GC(1726) Metaspace: 14272K(15168K)->14272K(15168K) NonClass: 12313K(12864K)->12313K(12864K) Class: 1959K(2304K)->1959K(2304K)
[253.192s][info][gc             ] GC(1726) Pause Young (Allocation Failure) 157M->20M(494M) 32.736ms
[253.192s][info][gc,cpu         ] GC(1726) User=0.03s Sys=0.00s Real=0.03s
[253.310s][info][gc,start       ] GC(1727) Pause Young (Allocation Failure)
[253.341s][info][gc,heap        ] GC(1727) DefNew: 140074K(157248K)->298K(157248K) Eden: 139776K(139776K)->0K(139776K) From: 298K(17472K)->298K(17472K)
[253.341s][info][gc,heap        ] GC(1727) Tenured: 20975K(349568K)->20993K(349568K)
[253.341s][info][gc,metaspace   ] GC(1727) Metaspace: 14272K(15168K)->14272K(15168K) NonClass: 12313K(12864K)->12313K(12864K) Class: 1959K(2304K)->1959K(2304K)
[253.341s][info][gc             ] GC(1727) Pause Young (Allocation Failure) 157M->20M(494M) 31.825ms
[253.342s][info][gc,cpu         ] GC(1727) User=0.03s Sys=0.00s Real=0.03s
[253.459s][info][gc,start       ] GC(1728) Pause Young (Allocation Failure)
[253.491s][info][gc,heap        ] GC(1728) DefNew: 140074K(157248K)->297K(157248K) Eden: 139776K(139776K)->0K(139776K) From: 298K(17472K)->297K(17472K)
[253.491s][info][gc,heap        ] GC(1728) Tenured: 20993K(349568K)->21014K(349568K)
[253.491s][info][gc,metaspace   ] GC(1728) Metaspace: 14272K(15168K)->14272K(15168K) NonClass: 12313K(12864K)->12313K(12864K) Class: 1959K(2304K)->1959K(2304K)
[253.491s][info][gc             ] GC(1728) Pause Young (Allocation Failure) 157M->20M(494M) 31.962ms
[253.491s][info][gc,cpu         ] GC(1728) User=0.05s Sys=0.00s Real=0.03s
[253.609s][info][gc,start       ] GC(1729) Pause Young (Allocation Failure)
[253.650s][info][gc,heap        ] GC(1729) DefNew: 140073K(157248K)->293K(157248K) Eden: 139776K(139776K)->0K(139776K) From: 297K(17472K)->293K(17472K)
[253.650s][info][gc,heap        ] GC(1729) Tenured: 21014K(349568K)->21034K(349568K)
[253.650s][info][gc,metaspace   ] GC(1729) Metaspace: 14272K(15168K)->14272K(15168K) NonClass: 12313K(12864K)->12313K(12864K) Class: 1959K(2304K)->1959K(2304K)
[253.650s][info][gc             ] GC(1729) Pause Young (Allocation Failure) 157M->20M(494M) 40.262ms
[253.650s][info][gc,cpu         ] GC(1729) User=0.05s Sys=0.00s Real=0.04s
[253.769s][info][gc,start       ] GC(1730) Pause Young (Allocation Failure)
[253.794s][info][gc,heap        ] GC(1730) DefNew: 140069K(157248K)->294K(157248K) Eden: 139776K(139776K)->0K(139776K) From: 293K(17472K)->294K(17472K)
[253.794s][info][gc,heap        ] GC(1730) Tenured: 21034K(349568K)->21052K(349568K)
[253.794s][info][gc,metaspace   ] GC(1730) Metaspace: 14272K(15168K)->14272K(15168K) NonClass: 12313K(12864K)->12313K(12864K) Class: 1959K(2304K)->1959K(2304K)
[253.794s][info][gc             ] GC(1730) Pause Young (Allocation Failure) 157M->20M(494M) 24.641ms
[253.794s][info][gc,cpu         ] GC(1730) User=0.02s Sys=0.00s Real=0.01s
[253.910s][info][gc,start       ] GC(1731) Pause Young (Allocation Failure)
[253.935s][info][gc,heap        ] GC(1731) DefNew: 140070K(157248K)->294K(157248K) Eden: 139776K(139776K)->0K(139776K) From: 294K(17472K)->294K(17472K)
[253.935s][info][gc,heap        ] GC(1731) Tenured: 21052K(349568K)->21073K(349568K)
[253.935s][info][gc,metaspace   ] GC(1731) Metaspace: 14272K(15168K)->14272K(15168K) NonClass: 12313K(12864K)->12313K(12864K) Class: 1959K(2304K)->1959K(2304K)
[253.935s][info][gc             ] GC(1731) Pause Young (Allocation Failure) 157M->20M(494M) 25.013ms
[253.935s][info][gc,cpu         ] GC(1731) User=0.03s Sys=0.00s Real=0.02s
[254.051s][info][gc,start       ] GC(1732) Pause Young (Allocation Failure)
[254.084s][info][gc,heap        ] GC(1732) DefNew: 140070K(157248K)->296K(157248K) Eden: 139776K(139776K)->0K(139776K) From: 294K(17472K)->296K(17472K)
[254.084s][info][gc,heap        ] GC(1732) Tenured: 21073K(349568K)->21090K(349568K)
[254.084s][info][gc,metaspace   ] GC(1732) Metaspace: 14272K(15168K)->14272K(15168K) NonClass: 12313K(12864K)->12313K(12864K) Class: 1959K(2304K)->1959K(2304K)
[254.084s][info][gc             ] GC(1732) Pause Young (Allocation Failure) 157M->20M(494M) 32.746ms
[254.084s][info][gc,cpu         ] GC(1732) User=0.03s Sys=0.00s Real=0.03s
[254.204s][info][gc,start       ] GC(1733) Pause Young (Allocation Failure)
[254.238s][info][gc,heap        ] GC(1733) DefNew: 140072K(157248K)->300K(157248K) Eden: 139776K(139776K)->0K(139776K) From: 296K(17472K)->300K(17472K)
[254.238s][info][gc,heap        ] GC(1733) Tenured: 21090K(349568K)->21108K(349568K)
[254.238s][info][gc,metaspace   ] GC(1733) Metaspace: 14272K(15168K)->14272K(15168K) NonClass: 12313K(12864K)->12313K(12864K) Class: 1959K(2304K)->1959K(2304K)
[254.238s][info][gc             ] GC(1733) Pause Young (Allocation Failure) 157M->20M(494M) 33.636ms
[254.238s][info][gc,cpu         ] GC(1733) User=0.03s Sys=0.00s Real=0.03s
[254.444s][info][gc,start       ] GC(1734) Pause Young (Allocation Failure)
[254.476s][info][gc,heap        ] GC(1734) DefNew: 140076K(157248K)->300K(157248K) Eden: 139776K(139776K)->0K(139776K) From: 300K(17472K)->300K(17472K)
[254.476s][info][gc,heap        ] GC(1734) Tenured: 21108K(349568K)->21129K(349568K)
[254.476s][info][gc,metaspace   ] GC(1734) Metaspace: 14272K(15168K)->14272K(15168K) NonClass: 12313K(12864K)->12313K(12864K) Class: 1959K(2304K)->1959K(2304K)
[254.476s][info][gc             ] GC(1734) Pause Young (Allocation Failure) 157M->20M(494M) 32.663ms
[254.476s][info][gc,cpu         ] GC(1734) User=0.03s Sys=0.00s Real=0.03s
[254.601s][info][gc,start       ] GC(1735) Pause Young (Allocation Failure)
[254.625s][info][gc,heap        ] GC(1735) DefNew: 140076K(157248K)->301K(157248K) Eden: 139776K(139776K)->0K(139776K) From: 300K(17472K)->301K(17472K)
[254.625s][info][gc,heap        ] GC(1735) Tenured: 21129K(349568K)->21149K(349568K)
[254.625s][info][gc,metaspace   ] GC(1735) Metaspace: 14272K(15168K)->14272K(15168K) NonClass: 12313K(12864K)->12313K(12864K) Class: 1959K(2304K)->1959K(2304K)
[254.625s][info][gc             ] GC(1735) Pause Young (Allocation Failure) 157M->20M(494M) 23.929ms
[254.625s][info][gc,cpu         ] GC(1735) User=0.02s Sys=0.00s Real=0.02s
[254.742s][info][gc,start       ] GC(1736) Pause Young (Allocation Failure)
[254.764s][info][gc,heap        ] GC(1736) DefNew: 140077K(157248K)->301K(157248K) Eden: 139776K(139776K)->0K(139776K) From: 301K(17472K)->301K(17472K)
[254.764s][info][gc,heap        ] GC(1736) Tenured: 21149K(349568K)->21167K(349568K)
[254.764s][info][gc,metaspace   ] GC(1736) Metaspace: 14272K(15168K)->14272K(15168K) NonClass: 12313K(12864K)->12313K(12864K) Class: 1959K(2304K)->1959K(2304K)
[254.764s][info][gc             ] GC(1736) Pause Young (Allocation Failure) 157M->20M(494M) 22.159ms
[254.764s][info][gc,cpu         ] GC(1736) User=0.02s Sys=0.00s Real=0.02s
[254.884s][info][gc,start       ] GC(1737) Pause Young (Allocation Failure)
[254.904s][info][gc,heap        ] GC(1737) DefNew: 140077K(157248K)->300K(157248K) Eden: 139775K(139776K)->0K(139776K) From: 301K(17472K)->300K(17472K)
[254.904s][info][gc,heap        ] GC(1737) Tenured: 21167K(349568K)->21188K(349568K)
[254.904s][info][gc,metaspace   ] GC(1737) Metaspace: 14272K(15168K)->14272K(15168K) NonClass: 12313K(12864K)->12313K(12864K) Class: 1959K(2304K)->1959K(2304K)
[254.904s][info][gc             ] GC(1737) Pause Young (Allocation Failure) 157M->20M(494M) 20.807ms
[254.904s][info][gc,cpu         ] GC(1737) User=0.00s Sys=0.00s Real=0.01s
[255.020s][info][gc,start       ] GC(1738) Pause Young (Allocation Failure)
[255.040s][info][gc,heap        ] GC(1738) DefNew: 140076K(157248K)->301K(157248K) Eden: 139776K(139776K)->0K(139776K) From: 300K(17472K)->301K(17472K)
[255.040s][info][gc,heap        ] GC(1738) Tenured: 21188K(349568K)->21205K(349568K)
[255.040s][info][gc,metaspace   ] GC(1738) Metaspace: 14272K(15168K)->14272K(15168K) NonClass: 12313K(12864K)->12313K(12864K) Class: 1959K(2304K)->1959K(2304K)
[255.040s][info][gc             ] GC(1738) Pause Young (Allocation Failure) 157M->21M(494M) 20.379ms
[255.040s][info][gc,cpu         ] GC(1738) User=0.03s Sys=0.00s Real=0.02s
[255.166s][info][gc,start       ] GC(1739) Pause Young (Allocation Failure)
[255.186s][info][gc,heap        ] GC(1739) DefNew: 140077K(157248K)->300K(157248K) Eden: 139776K(139776K)->0K(139776K) From: 301K(17472K)->300K(17472K)
[255.186s][info][gc,heap        ] GC(1739) Tenured: 21205K(349568K)->21226K(349568K)
[255.186s][info][gc,metaspace   ] GC(1739) Metaspace: 14272K(15168K)->14272K(15168K) NonClass: 12313K(12864K)->12313K(12864K) Class: 1959K(2304K)->1959K(2304K)
[255.186s][info][gc             ] GC(1739) Pause Young (Allocation Failure) 157M->21M(494M) 20.533ms
[255.186s][info][gc,cpu         ] GC(1739) User=0.02s Sys=0.00s Real=0.02s
[255.302s][info][gc,start       ] GC(1740) Pause Young (Allocation Failure)
[255.323s][info][gc,heap        ] GC(1740) DefNew: 140076K(157248K)->298K(157248K) Eden: 139776K(139776K)->0K(139776K) From: 300K(17472K)->298K(17472K)
[255.323s][info][gc,heap        ] GC(1740) Tenured: 21226K(349568K)->21247K(349568K)
[255.323s][info][gc,metaspace   ] GC(1740) Metaspace: 14272K(15168K)->14272K(15168K) NonClass: 12313K(12864K)->12313K(12864K) Class: 1959K(2304K)->1959K(2304K)
[255.323s][info][gc             ] GC(1740) Pause Young (Allocation Failure) 157M->21M(494M) 20.798ms
[255.323s][info][gc,cpu         ] GC(1740) User=0.02s Sys=0.00s Real=0.01s
[255.434s][info][gc,start       ] GC(1741) Pause Young (Allocation Failure)
[255.462s][info][gc,heap        ] GC(1741) DefNew: 140074K(157248K)->298K(157248K) Eden: 139776K(139776K)->0K(139776K) From: 298K(17472K)->298K(17472K)
[255.462s][info][gc,heap        ] GC(1741) Tenured: 21247K(349568K)->21264K(349568K)
[255.462s][info][gc,metaspace   ] GC(1741) Metaspace: 14272K(15168K)->14272K(15168K) NonClass: 12313K(12864K)->12313K(12864K) Class: 1959K(2304K)->1959K(2304K)
[255.462s][info][gc             ] GC(1741) Pause Young (Allocation Failure) 157M->21M(494M) 27.379ms
[255.462s][info][gc,cpu         ] GC(1741) User=0.02s Sys=0.00s Real=0.02s
[255.576s][info][gc,start       ] GC(1742) Pause Young (Allocation Failure)
[255.604s][info][gc,heap        ] GC(1742) DefNew: 140074K(157248K)->298K(157248K) Eden: 139776K(139776K)->0K(139776K) From: 298K(17472K)->298K(17472K)
[255.604s][info][gc,heap        ] GC(1742) Tenured: 21264K(349568K)->21282K(349568K)
[255.604s][info][gc,metaspace   ] GC(1742) Metaspace: 14272K(15168K)->14272K(15168K) NonClass: 12313K(12864K)->12313K(12864K) Class: 1959K(2304K)->1959K(2304K)
[255.604s][info][gc             ] GC(1742) Pause Young (Allocation Failure) 157M->21M(494M) 27.711ms
[255.604s][info][gc,cpu         ] GC(1742) User=0.02s Sys=0.00s Real=0.02s
[255.718s][info][gc,start       ] GC(1743) Pause Young (Allocation Failure)
[255.746s][info][gc,heap        ] GC(1743) DefNew: 140074K(157248K)->295K(157248K) Eden: 139776K(139776K)->0K(139776K) From: 298K(17472K)->295K(17472K)
[255.746s][info][gc,heap        ] GC(1743) Tenured: 21282K(349568K)->21303K(349568K)
[255.746s][info][gc,metaspace   ] GC(1743) Metaspace: 14272K(15168K)->14272K(15168K) NonClass: 12313K(12864K)->12313K(12864K) Class: 1959K(2304K)->1959K(2304K)
[255.746s][info][gc             ] GC(1743) Pause Young (Allocation Failure) 157M->21M(494M) 27.933ms
[255.746s][info][gc,cpu         ] GC(1743) User=0.02s Sys=0.00s Real=0.02s
[255.861s][info][gc,start       ] GC(1744) Pause Young (Allocation Failure)
[255.889s][info][gc,heap        ] GC(1744) DefNew: 140071K(157248K)->295K(157248K) Eden: 139776K(139776K)->0K(139776K) From: 295K(17472K)->295K(17472K)
[255.889s][info][gc,heap        ] GC(1744) Tenured: 21303K(349568K)->21320K(349568K)
[255.889s][info][gc,metaspace   ] GC(1744) Metaspace: 14272K(15168K)->14272K(15168K) NonClass: 12313K(12864K)->12313K(12864K) Class: 1959K(2304K)->1959K(2304K)
[255.889s][info][gc             ] GC(1744) Pause Young (Allocation Failure) 157M->21M(494M) 28.308ms
[255.889s][info][gc,cpu         ] GC(1744) User=0.02s Sys=0.00s Real=0.02s
[256.005s][info][gc,start       ] GC(1745) Pause Young (Allocation Failure)
[256.034s][info][gc,heap        ] GC(1745) DefNew: 140071K(157248K)->294K(157248K) Eden: 139776K(139776K)->0K(139776K) From: 295K(17472K)->294K(17472K)
[256.034s][info][gc,heap        ] GC(1745) Tenured: 21320K(349568K)->21338K(349568K)
[256.034s][info][gc,metaspace   ] GC(1745) Metaspace: 14272K(15168K)->14272K(15168K) NonClass: 12313K(12864K)->12313K(12864K) Class: 1959K(2304K)->1959K(2304K)
[256.034s][info][gc             ] GC(1745) Pause Young (Allocation Failure) 157M->21M(494M) 29.403ms
[256.034s][info][gc,cpu         ] GC(1745) User=0.03s Sys=0.00s Real=0.03s
[256.151s][info][gc,start       ] GC(1746) Pause Young (Allocation Failure)
[256.180s][info][gc,heap        ] GC(1746) DefNew: 140070K(157248K)->294K(157248K) Eden: 139776K(139776K)->0K(139776K) From: 294K(17472K)->294K(17472K)
[256.180s][info][gc,heap        ] GC(1746) Tenured: 21338K(349568K)->21359K(349568K)
[256.180s][info][gc,metaspace   ] GC(1746) Metaspace: 14272K(15168K)->14272K(15168K) NonClass: 12313K(12864K)->12313K(12864K) Class: 1959K(2304K)->1959K(2304K)
[256.180s][info][gc             ] GC(1746) Pause Young (Allocation Failure) 157M->21M(494M) 29.321ms
[256.180s][info][gc,cpu         ] GC(1746) User=0.03s Sys=0.00s Real=0.03s
[256.295s][info][gc,start       ] GC(1747) Pause Young (Allocation Failure)
[256.325s][info][gc,heap        ] GC(1747) DefNew: 140070K(157248K)->292K(157248K) Eden: 139776K(139776K)->0K(139776K) From: 294K(17472K)->292K(17472K)
[256.325s][info][gc,heap        ] GC(1747) Tenured: 21359K(349568K)->21379K(349568K)
[256.325s][info][gc,metaspace   ] GC(1747) Metaspace: 14272K(15168K)->14272K(15168K) NonClass: 12313K(12864K)->12313K(12864K) Class: 1959K(2304K)->1959K(2304K)
[256.325s][info][gc             ] GC(1747) Pause Young (Allocation Failure) 157M->21M(494M) 30.044ms
[256.325s][info][gc,cpu         ] GC(1747) User=0.02s Sys=0.00s Real=0.02s
[256.443s][info][gc,start       ] GC(1748) Pause Young (Allocation Failure)
[256.473s][info][gc,heap        ] GC(1748) DefNew: 140068K(157248K)->289K(157248K) Eden: 139776K(139776K)->0K(139776K) From: 292K(17472K)->289K(17472K)
[256.473s][info][gc,heap        ] GC(1748) Tenured: 21379K(349568K)->21400K(349568K)
[256.473s][info][gc,metaspace   ] GC(1748) Metaspace: 14272K(15168K)->14272K(15168K) NonClass: 12313K(12864K)->12313K(12864K) Class: 1959K(2304K)->1959K(2304K)
[256.473s][info][gc             ] GC(1748) Pause Young (Allocation Failure) 157M->21M(494M) 29.954ms
[256.473s][info][gc,cpu         ] GC(1748) User=0.03s Sys=0.00s Real=0.03s
[256.590s][info][gc,start       ] GC(1749) Pause Young (Allocation Failure)
[256.620s][info][gc,heap        ] GC(1749) DefNew: 140065K(157248K)->289K(157248K) Eden: 139776K(139776K)->0K(139776K) From: 289K(17472K)->289K(17472K)
[256.620s][info][gc,heap        ] GC(1749) Tenured: 21400K(349568K)->21421K(349568K)
[256.620s][info][gc,metaspace   ] GC(1749) Metaspace: 14272K(15168K)->14272K(15168K) NonClass: 12313K(12864K)->12313K(12864K) Class: 1959K(2304K)->1959K(2304K)
[256.620s][info][gc             ] GC(1749) Pause Young (Allocation Failure) 157M->21M(494M) 30.207ms
[256.620s][info][gc,cpu         ] GC(1749) User=0.03s Sys=0.00s Real=0.03s
[256.735s][info][gc,start       ] GC(1750) Pause Young (Allocation Failure)
[256.765s][info][gc,heap        ] GC(1750) DefNew: 140065K(157248K)->286K(157248K) Eden: 139776K(139776K)->0K(139776K) From: 289K(17472K)->286K(17472K)
[256.765s][info][gc,heap        ] GC(1750) Tenured: 21421K(349568K)->21442K(349568K)
[256.765s][info][gc,metaspace   ] GC(1750) Metaspace: 14272K(15168K)->14272K(15168K) NonClass: 12313K(12864K)->12313K(12864K) Class: 1959K(2304K)->1959K(2304K)
[256.766s][info][gc             ] GC(1750) Pause Young (Allocation Failure) 157M->21M(494M) 30.310ms
[256.766s][info][gc,cpu         ] GC(1750) User=0.02s Sys=0.00s Real=0.02s
[256.883s][info][gc,start       ] GC(1751) Pause Young (Allocation Failure)
[256.914s][info][gc,heap        ] GC(1751) DefNew: 140062K(157248K)->290K(157248K) Eden: 139776K(139776K)->0K(139776K) From: 286K(17472K)->290K(17472K)
[256.914s][info][gc,heap        ] GC(1751) Tenured: 21442K(349568K)->21459K(349568K)
[256.914s][info][gc,metaspace   ] GC(1751) Metaspace: 14272K(15168K)->14272K(15168K) NonClass: 12313K(12864K)->12313K(12864K) Class: 1959K(2304K)->1959K(2304K)
[256.914s][info][gc             ] GC(1751) Pause Young (Allocation Failure) 157M->21M(494M) 30.986ms
[256.914s][info][gc,cpu         ] GC(1751) User=0.03s Sys=0.00s Real=0.03s
[257.029s][info][gc,start       ] GC(1752) Pause Young (Allocation Failure)
[257.061s][info][gc,heap        ] GC(1752) DefNew: 140066K(157248K)->287K(157248K) Eden: 139776K(139776K)->0K(139776K) From: 290K(17472K)->287K(17472K)
[257.061s][info][gc,heap        ] GC(1752) Tenured: 21459K(349568K)->21480K(349568K)
[257.061s][info][gc,metaspace   ] GC(1752) Metaspace: 14272K(15168K)->14272K(15168K) NonClass: 12313K(12864K)->12313K(12864K) Class: 1959K(2304K)->1959K(2304K)
[257.061s][info][gc             ] GC(1752) Pause Young (Allocation Failure) 157M->21M(494M) 32.229ms
[257.061s][info][gc,cpu         ] GC(1752) User=0.03s Sys=0.00s Real=0.03s
[257.180s][info][gc,start       ] GC(1753) Pause Young (Allocation Failure)
[257.212s][info][gc,heap        ] GC(1753) DefNew: 140063K(157248K)->289K(157248K) Eden: 139776K(139776K)->0K(139776K) From: 287K(17472K)->289K(17472K)
[257.212s][info][gc,heap        ] GC(1753) Tenured: 21480K(349568K)->21498K(349568K)
[257.212s][info][gc,metaspace   ] GC(1753) Metaspace: 14272K(15168K)->14272K(15168K) NonClass: 12313K(12864K)->12313K(12864K) Class: 1959K(2304K)->1959K(2304K)
[257.212s][info][gc             ] GC(1753) Pause Young (Allocation Failure) 157M->21M(494M) 31.378ms
[257.212s][info][gc,cpu         ] GC(1753) User=0.03s Sys=0.00s Real=0.03s
[257.329s][info][gc,start       ] GC(1754) Pause Young (Allocation Failure)
[257.361s][info][gc,heap        ] GC(1754) DefNew: 140065K(157248K)->290K(157248K) Eden: 139776K(139776K)->0K(139776K) From: 289K(17472K)->290K(17472K)
[257.361s][info][gc,heap        ] GC(1754) Tenured: 21498K(349568K)->21519K(349568K)
[257.361s][info][gc,metaspace   ] GC(1754) Metaspace: 14272K(15168K)->14272K(15168K) NonClass: 12313K(12864K)->12313K(12864K) Class: 1959K(2304K)->1959K(2304K)
[257.361s][info][gc             ] GC(1754) Pause Young (Allocation Failure) 157M->21M(494M) 31.504ms
[257.361s][info][gc,cpu         ] GC(1754) User=0.03s Sys=0.00s Real=0.03s
[257.480s][info][gc,start       ] GC(1755) Pause Young (Allocation Failure)
[257.513s][info][gc,heap        ] GC(1755) DefNew: 140066K(157248K)->292K(157248K) Eden: 139776K(139776K)->0K(139776K) From: 290K(17472K)->292K(17472K)
[257.513s][info][gc,heap        ] GC(1755) Tenured: 21519K(349568K)->21536K(349568K)
[257.513s][info][gc,metaspace   ] GC(1755) Metaspace: 14272K(15168K)->14272K(15168K) NonClass: 12313K(12864K)->12313K(12864K) Class: 1959K(2304K)->1959K(2304K)
[257.513s][info][gc             ] GC(1755) Pause Young (Allocation Failure) 157M->21M(494M) 33.505ms
[257.513s][info][gc,cpu         ] GC(1755) User=0.02s Sys=0.00s Real=0.03s
[257.632s][info][gc,start       ] GC(1756) Pause Young (Allocation Failure)
[257.664s][info][gc,heap        ] GC(1756) DefNew: 140068K(157248K)->293K(157248K) Eden: 139776K(139776K)->0K(139776K) From: 292K(17472K)->293K(17472K)
[257.664s][info][gc,heap        ] GC(1756) Tenured: 21536K(349568K)->21554K(349568K)
[257.664s][info][gc,metaspace   ] GC(1756) Metaspace: 14272K(15168K)->14272K(15168K) NonClass: 12313K(12864K)->12313K(12864K) Class: 1959K(2304K)->1959K(2304K)
[257.664s][info][gc             ] GC(1756) Pause Young (Allocation Failure) 157M->21M(494M) 31.986ms
[257.664s][info][gc,cpu         ] GC(1756) User=0.03s Sys=0.00s Real=0.03s
[257.782s][info][gc,start       ] GC(1757) Pause Young (Allocation Failure)
[257.816s][info][gc,heap        ] GC(1757) DefNew: 140069K(157248K)->295K(157248K) Eden: 139776K(139776K)->0K(139776K) From: 293K(17472K)->295K(17472K)
[257.816s][info][gc,heap        ] GC(1757) Tenured: 21554K(349568K)->21572K(349568K)
[257.816s][info][gc,metaspace   ] GC(1757) Metaspace: 14272K(15168K)->14272K(15168K) NonClass: 12313K(12864K)->12313K(12864K) Class: 1959K(2304K)->1959K(2304K)
[257.816s][info][gc             ] GC(1757) Pause Young (Allocation Failure) 157M->21M(494M) 34.218ms
[257.816s][info][gc,cpu         ] GC(1757) User=0.03s Sys=0.00s Real=0.03s
[257.934s][info][gc,start       ] GC(1758) Pause Young (Allocation Failure)
[257.967s][info][gc,heap        ] GC(1758) DefNew: 140071K(157248K)->296K(157248K) Eden: 139776K(139776K)->0K(139776K) From: 295K(17472K)->296K(17472K)
[257.967s][info][gc,heap        ] GC(1758) Tenured: 21572K(349568K)->21589K(349568K)
[257.967s][info][gc,metaspace   ] GC(1758) Metaspace: 14272K(15168K)->14272K(15168K) NonClass: 12313K(12864K)->12313K(12864K) Class: 1959K(2304K)->1959K(2304K)
[257.967s][info][gc             ] GC(1758) Pause Young (Allocation Failure) 157M->21M(494M) 33.118ms
[257.967s][info][gc,cpu         ] GC(1758) User=0.03s Sys=0.00s Real=0.03s
[258.083s][info][gc,start       ] GC(1759) Pause Young (Allocation Failure)
[258.117s][info][gc,heap        ] GC(1759) DefNew: 140072K(157248K)->298K(157248K) Eden: 139776K(139776K)->0K(139776K) From: 296K(17472K)->298K(17472K)
[258.117s][info][gc,heap        ] GC(1759) Tenured: 21589K(349568K)->21607K(349568K)
[258.118s][info][gc,metaspace   ] GC(1759) Metaspace: 14272K(15168K)->14272K(15168K) NonClass: 12313K(12864K)->12313K(12864K) Class: 1959K(2304K)->1959K(2304K)
[258.118s][info][gc             ] GC(1759) Pause Young (Allocation Failure) 157M->21M(494M) 34.631ms
[258.118s][info][gc,cpu         ] GC(1759) User=0.03s Sys=0.00s Real=0.03s
[258.235s][info][gc,start       ] GC(1760) Pause Young (Allocation Failure)
[258.269s][info][gc,heap        ] GC(1760) DefNew: 140074K(157248K)->299K(157248K) Eden: 139776K(139776K)->0K(139776K) From: 298K(17472K)->299K(17472K)
[258.269s][info][gc,heap        ] GC(1760) Tenured: 21607K(349568K)->21625K(349568K)
[258.269s][info][gc,metaspace   ] GC(1760) Metaspace: 14272K(15168K)->14272K(15168K) NonClass: 12313K(12864K)->12313K(12864K) Class: 1959K(2304K)->1959K(2304K)
[258.269s][info][gc             ] GC(1760) Pause Young (Allocation Failure) 157M->21M(494M) 33.748ms
[258.269s][info][gc,cpu         ] GC(1760) User=0.03s Sys=0.00s Real=0.02s
[258.456s][info][gc,start       ] GC(1761) Pause Young (Allocation Failure)
[258.496s][info][gc,heap        ] GC(1761) DefNew: 140075K(157248K)->296K(157248K) Eden: 139776K(139776K)->0K(139776K) From: 299K(17472K)->296K(17472K)
[258.496s][info][gc,heap        ] GC(1761) Tenured: 21625K(349568K)->21645K(349568K)
[258.496s][info][gc,metaspace   ] GC(1761) Metaspace: 14272K(15168K)->14272K(15168K) NonClass: 12313K(12864K)->12313K(12864K) Class: 1959K(2304K)->1959K(2304K)
[258.496s][info][gc             ] GC(1761) Pause Young (Allocation Failure) 157M->21M(494M) 40.278ms
[258.496s][info][gc,cpu         ] GC(1761) User=0.05s Sys=0.00s Real=0.04s
[258.619s][info][gc,start       ] GC(1762) Pause Young (Allocation Failure)
[258.652s][info][gc,heap        ] GC(1762) DefNew: 140072K(157248K)->299K(157248K) Eden: 139776K(139776K)->0K(139776K) From: 296K(17472K)->299K(17472K)
[258.652s][info][gc,heap        ] GC(1762) Tenured: 21645K(349568K)->21663K(349568K)
[258.652s][info][gc,metaspace   ] GC(1762) Metaspace: 14272K(15168K)->14272K(15168K) NonClass: 12313K(12864K)->12313K(12864K) Class: 1959K(2304K)->1959K(2304K)
[258.652s][info][gc             ] GC(1762) Pause Young (Allocation Failure) 157M->21M(494M) 32.531ms
[258.652s][info][gc,cpu         ] GC(1762) User=0.02s Sys=0.00s Real=0.03s
[258.773s][info][gc,start       ] GC(1763) Pause Young (Allocation Failure)
[258.804s][info][gc,heap        ] GC(1763) DefNew: 140075K(157248K)->300K(157248K) Eden: 139776K(139776K)->0K(139776K) From: 299K(17472K)->300K(17472K)
[258.804s][info][gc,heap        ] GC(1763) Tenured: 21663K(349568K)->21681K(349568K)
[258.804s][info][gc,metaspace   ] GC(1763) Metaspace: 14272K(15168K)->14272K(15168K) NonClass: 12313K(12864K)->12313K(12864K) Class: 1959K(2304K)->1959K(2304K)
[258.804s][info][gc             ] GC(1763) Pause Young (Allocation Failure) 157M->21M(494M) 31.896ms
[258.804s][info][gc,cpu         ] GC(1763) User=0.02s Sys=0.00s Real=0.02s
[258.925s][info][gc,start       ] GC(1764) Pause Young (Allocation Failure)
[258.953s][info][gc,heap        ] GC(1764) DefNew: 140076K(157248K)->296K(157248K) Eden: 139776K(139776K)->0K(139776K) From: 300K(17472K)->296K(17472K)
[258.953s][info][gc,heap        ] GC(1764) Tenured: 21681K(349568K)->21702K(349568K)
[258.953s][info][gc,metaspace   ] GC(1764) Metaspace: 14272K(15168K)->14272K(15168K) NonClass: 12313K(12864K)->12313K(12864K) Class: 1959K(2304K)->1959K(2304K)
[258.953s][info][gc             ] GC(1764) Pause Young (Allocation Failure) 157M->21M(494M) 28.681ms
[258.953s][info][gc,cpu         ] GC(1764) User=0.03s Sys=0.00s Real=0.02s
[259.086s][info][gc,start       ] GC(1765) Pause Young (Allocation Failure)
[259.112s][info][gc,heap        ] GC(1765) DefNew: 140072K(157248K)->299K(157248K) Eden: 139776K(139776K)->0K(139776K) From: 296K(17472K)->299K(17472K)
[259.112s][info][gc,heap        ] GC(1765) Tenured: 21702K(349568K)->21719K(349568K)
[259.113s][info][gc,metaspace   ] GC(1765) Metaspace: 14272K(15168K)->14272K(15168K) NonClass: 12313K(12864K)->12313K(12864K) Class: 1959K(2304K)->1959K(2304K)
[259.113s][info][gc             ] GC(1765) Pause Young (Allocation Failure) 157M->21M(494M) 26.915ms
[259.113s][info][gc,cpu         ] GC(1765) User=0.02s Sys=0.00s Real=0.02s
[259.233s][info][gc,start       ] GC(1766) Pause Young (Allocation Failure)
[259.260s][info][gc,heap        ] GC(1766) DefNew: 140075K(157248K)->296K(157248K) Eden: 139776K(139776K)->0K(139776K) From: 299K(17472K)->296K(17472K)
[259.260s][info][gc,heap        ] GC(1766) Tenured: 21719K(349568K)->21740K(349568K)
[259.260s][info][gc,metaspace   ] GC(1766) Metaspace: 14272K(15168K)->14272K(15168K) NonClass: 12313K(12864K)->12313K(12864K) Class: 1959K(2304K)->1959K(2304K)
[259.260s][info][gc             ] GC(1766) Pause Young (Allocation Failure) 158M->21M(494M) 26.870ms
[259.260s][info][gc,cpu         ] GC(1766) User=0.02s Sys=0.00s Real=0.02s
[259.375s][info][gc,start       ] GC(1767) Pause Young (Allocation Failure)
[259.403s][info][gc,heap        ] GC(1767) DefNew: 140072K(157248K)->296K(157248K) Eden: 139776K(139776K)->0K(139776K) From: 296K(17472K)->296K(17472K)
[259.403s][info][gc,heap        ] GC(1767) Tenured: 21740K(349568K)->21758K(349568K)
[259.403s][info][gc,metaspace   ] GC(1767) Metaspace: 14272K(15168K)->14272K(15168K) NonClass: 12313K(12864K)->12313K(12864K) Class: 1959K(2304K)->1959K(2304K)
[259.403s][info][gc             ] GC(1767) Pause Young (Allocation Failure) 158M->21M(494M) 28.071ms
[259.403s][info][gc,cpu         ] GC(1767) User=0.02s Sys=0.00s Real=0.02s
[259.518s][info][gc,start       ] GC(1768) Pause Young (Allocation Failure)
[259.547s][info][gc,heap        ] GC(1768) DefNew: 140072K(157248K)->294K(157248K) Eden: 139776K(139776K)->0K(139776K) From: 296K(17472K)->294K(17472K)
[259.547s][info][gc,heap        ] GC(1768) Tenured: 21758K(349568K)->21779K(349568K)
[259.547s][info][gc,metaspace   ] GC(1768) Metaspace: 14272K(15168K)->14272K(15168K) NonClass: 12313K(12864K)->12313K(12864K) Class: 1959K(2304K)->1959K(2304K)
[259.547s][info][gc             ] GC(1768) Pause Young (Allocation Failure) 158M->21M(494M) 29.341ms
[259.547s][info][gc,cpu         ] GC(1768) User=0.02s Sys=0.00s Real=0.02s
[259.664s][info][gc,start       ] GC(1769) Pause Young (Allocation Failure)
[259.693s][info][gc,heap        ] GC(1769) DefNew: 140070K(157248K)->293K(157248K) Eden: 139776K(139776K)->0K(139776K) From: 294K(17472K)->293K(17472K)
[259.693s][info][gc,heap        ] GC(1769) Tenured: 21779K(349568K)->21800K(349568K)
[259.693s][info][gc,metaspace   ] GC(1769) Metaspace: 14272K(15168K)->14272K(15168K) NonClass: 12313K(12864K)->12313K(12864K) Class: 1959K(2304K)->1959K(2304K)
[259.693s][info][gc             ] GC(1769) Pause Young (Allocation Failure) 158M->21M(494M) 28.928ms
[259.693s][info][gc,cpu         ] GC(1769) User=0.02s Sys=0.00s Real=0.03s
[259.811s][info][gc,start       ] GC(1770) Pause Young (Allocation Failure)
[259.841s][info][gc,heap        ] GC(1770) DefNew: 140069K(157248K)->294K(157248K) Eden: 139776K(139776K)->0K(139776K) From: 293K(17472K)->294K(17472K)
[259.841s][info][gc,heap        ] GC(1770) Tenured: 21800K(349568K)->21820K(349568K)
[259.841s][info][gc,metaspace   ] GC(1770) Metaspace: 14272K(15168K)->14272K(15168K) NonClass: 12313K(12864K)->12313K(12864K) Class: 1959K(2304K)->1959K(2304K)
[259.841s][info][gc             ] GC(1770) Pause Young (Allocation Failure) 158M->21M(494M) 30.029ms
[259.841s][info][gc,cpu         ] GC(1770) User=0.03s Sys=0.00s Real=0.03s
[259.959s][info][gc,start       ] GC(1771) Pause Young (Allocation Failure)
[259.981s][info][gc,heap        ] GC(1771) DefNew: 140070K(157248K)->294K(157248K) Eden: 139776K(139776K)->0K(139776K) From: 294K(17472K)->294K(17472K)
[259.981s][info][gc,heap        ] GC(1771) Tenured: 21820K(349568K)->21838K(349568K)
[259.981s][info][gc,metaspace   ] GC(1771) Metaspace: 14272K(15168K)->14272K(15168K) NonClass: 12313K(12864K)->12313K(12864K) Class: 1959K(2304K)->1959K(2304K)
[259.981s][info][gc             ] GC(1771) Pause Young (Allocation Failure) 158M->21M(494M) 22.365ms
[259.981s][info][gc,cpu         ] GC(1771) User=0.03s Sys=0.00s Real=0.02s
[260.095s][info][gc,start       ] GC(1772) Pause Young (Allocation Failure)
[260.118s][info][gc,heap        ] GC(1772) DefNew: 140070K(157248K)->290K(157248K) Eden: 139776K(139776K)->0K(139776K) From: 294K(17472K)->290K(17472K)
[260.118s][info][gc,heap        ] GC(1772) Tenured: 21838K(349568K)->21859K(349568K)
[260.118s][info][gc,metaspace   ] GC(1772) Metaspace: 14272K(15168K)->14272K(15168K) NonClass: 12313K(12864K)->12313K(12864K) Class: 1959K(2304K)->1959K(2304K)
[260.118s][info][gc             ] GC(1772) Pause Young (Allocation Failure) 158M->21M(494M) 22.609ms
[260.118s][info][gc,cpu         ] GC(1772) User=0.02s Sys=0.00s Real=0.02s
[260.234s][info][gc,start       ] GC(1773) Pause Young (Allocation Failure)
[260.257s][info][gc,heap        ] GC(1773) DefNew: 140066K(157248K)->291K(157248K) Eden: 139776K(139776K)->0K(139776K) From: 290K(17472K)->291K(17472K)
[260.257s][info][gc,heap        ] GC(1773) Tenured: 21859K(349568K)->21877K(349568K)
[260.257s][info][gc,metaspace   ] GC(1773) Metaspace: 14272K(15168K)->14272K(15168K) NonClass: 12313K(12864K)->12313K(12864K) Class: 1959K(2304K)->1959K(2304K)
[260.257s][info][gc             ] GC(1773) Pause Young (Allocation Failure) 158M->21M(494M) 23.048ms
[260.257s][info][gc,cpu         ] GC(1773) User=0.02s Sys=0.00s Real=0.01s
[260.376s][info][gc,start       ] GC(1774) Pause Young (Allocation Failure)
[260.399s][info][gc,heap        ] GC(1774) DefNew: 140067K(157248K)->291K(157248K) Eden: 139776K(139776K)->0K(139776K) From: 291K(17472K)->291K(17472K)
[260.399s][info][gc,heap        ] GC(1774) Tenured: 21877K(349568K)->21898K(349568K)
[260.399s][info][gc,metaspace   ] GC(1774) Metaspace: 14272K(15168K)->14272K(15168K) NonClass: 12313K(12864K)->12313K(12864K) Class: 1959K(2304K)->1959K(2304K)
[260.399s][info][gc             ] GC(1774) Pause Young (Allocation Failure) 158M->21M(494M) 23.025ms
[260.399s][info][gc,cpu         ] GC(1774) User=0.02s Sys=0.00s Real=0.01s
[260.519s][info][gc,start       ] GC(1775) Pause Young (Allocation Failure)
[260.550s][info][gc,heap        ] GC(1775) DefNew: 140067K(157248K)->293K(157248K) Eden: 139776K(139776K)->0K(139776K) From: 291K(17472K)->293K(17472K)
[260.550s][info][gc,heap        ] GC(1775) Tenured: 21898K(349568K)->21915K(349568K)
[260.550s][info][gc,metaspace   ] GC(1775) Metaspace: 14272K(15168K)->14272K(15168K) NonClass: 12313K(12864K)->12313K(12864K) Class: 1959K(2304K)->1959K(2304K)
[260.550s][info][gc             ] GC(1775) Pause Young (Allocation Failure) 158M->21M(494M) 31.145ms
[260.550s][info][gc,cpu         ] GC(1775) User=0.03s Sys=0.00s Real=0.02s
[260.671s][info][gc,start       ] GC(1776) Pause Young (Allocation Failure)
[260.703s][info][gc,heap        ] GC(1776) DefNew: 140069K(157248K)->296K(157248K) Eden: 139776K(139776K)->0K(139776K) From: 293K(17472K)->296K(17472K)
[260.703s][info][gc,heap        ] GC(1776) Tenured: 21915K(349568K)->21933K(349568K)
[260.703s][info][gc,metaspace   ] GC(1776) Metaspace: 14272K(15168K)->14272K(15168K) NonClass: 12313K(12864K)->12313K(12864K) Class: 1959K(2304K)->1959K(2304K)
[260.704s][info][gc             ] GC(1776) Pause Young (Allocation Failure) 158M->21M(494M) 32.586ms
[260.704s][info][gc,cpu         ] GC(1776) User=0.03s Sys=0.00s Real=0.03s
[260.826s][info][gc,start       ] GC(1777) Pause Young (Allocation Failure)
[260.859s][info][gc,heap        ] GC(1777) DefNew: 140072K(157248K)->294K(157248K) Eden: 139776K(139776K)->0K(139776K) From: 296K(17472K)->294K(17472K)
[260.859s][info][gc,heap        ] GC(1777) Tenured: 21933K(349568K)->21953K(349568K)
[260.859s][info][gc,metaspace   ] GC(1777) Metaspace: 14272K(15168K)->14272K(15168K) NonClass: 12313K(12864K)->12313K(12864K) Class: 1959K(2304K)->1959K(2304K)
[260.860s][info][gc             ] GC(1777) Pause Young (Allocation Failure) 158M->21M(494M) 34.005ms
[260.860s][info][gc,cpu         ] GC(1777) User=0.02s Sys=0.00s Real=0.02s
[260.977s][info][gc,start       ] GC(1778) Pause Young (Allocation Failure)
[261.010s][info][gc,heap        ] GC(1778) DefNew: 140070K(157248K)->293K(157248K) Eden: 139776K(139776K)->0K(139776K) From: 294K(17472K)->293K(17472K)
[261.010s][info][gc,heap        ] GC(1778) Tenured: 21953K(349568K)->21971K(349568K)
[261.010s][info][gc,metaspace   ] GC(1778) Metaspace: 14272K(15168K)->14272K(15168K) NonClass: 12313K(12864K)->12313K(12864K) Class: 1959K(2304K)->1959K(2304K)
[261.010s][info][gc             ] GC(1778) Pause Young (Allocation Failure) 158M->21M(494M) 32.691ms
[261.010s][info][gc,cpu         ] GC(1778) User=0.03s Sys=0.00s Real=0.03s
[261.103s][info][gc,start       ] GC(1779) Pause Young (Allocation Failure)
[261.125s][info][gc,heap        ] GC(1779) DefNew: 140069K(157248K)->291K(157248K) Eden: 139776K(139776K)->0K(139776K) From: 293K(17472K)->291K(17472K)
[261.125s][info][gc,heap        ] GC(1779) Tenured: 21971K(349568K)->21990K(349568K)
[261.125s][info][gc,metaspace   ] GC(1779) Metaspace: 14272K(15168K)->14272K(15168K) NonClass: 12313K(12864K)->12313K(12864K) Class: 1959K(2304K)->1959K(2304K)
[261.126s][info][gc             ] GC(1779) Pause Young (Allocation Failure) 158M->21M(494M) 22.973ms
[261.126s][info][gc,cpu         ] GC(1779) User=0.02s Sys=0.00s Real=0.02s
[261.206s][info][gc,start       ] GC(1780) Pause Young (Allocation Failure)
[261.229s][info][gc,heap        ] GC(1780) DefNew: 140067K(157248K)->292K(157248K) Eden: 139776K(139776K)->0K(139776K) From: 291K(17472K)->292K(17472K)
[261.229s][info][gc,heap        ] GC(1780) Tenured: 21990K(349568K)->22010K(349568K)
[261.229s][info][gc,metaspace   ] GC(1780) Metaspace: 14272K(15168K)->14272K(15168K) NonClass: 12313K(12864K)->12313K(12864K) Class: 1959K(2304K)->1959K(2304K)
[261.229s][info][gc             ] GC(1780) Pause Young (Allocation Failure) 158M->21M(494M) 22.960ms
[261.229s][info][gc,cpu         ] GC(1780) User=0.02s Sys=0.00s Real=0.01s
[261.331s][info][gc,start       ] GC(1781) Pause Young (Allocation Failure)
[261.354s][info][gc,heap        ] GC(1781) DefNew: 140068K(157248K)->290K(157248K) Eden: 139776K(139776K)->0K(139776K) From: 292K(17472K)->290K(17472K)
[261.354s][info][gc,heap        ] GC(1781) Tenured: 22010K(349568K)->22028K(349568K)
[261.354s][info][gc,metaspace   ] GC(1781) Metaspace: 14272K(15168K)->14272K(15168K) NonClass: 12313K(12864K)->12313K(12864K) Class: 1959K(2304K)->1959K(2304K)
[261.354s][info][gc             ] GC(1781) Pause Young (Allocation Failure) 158M->21M(494M) 23.153ms
[261.354s][info][gc,cpu         ] GC(1781) User=0.02s Sys=0.00s Real=0.02s
[261.473s][info][gc,start       ] GC(1782) Pause Young (Allocation Failure)
[261.499s][info][gc,heap        ] GC(1782) DefNew: 140066K(157248K)->291K(157248K) Eden: 139776K(139776K)->0K(139776K) From: 290K(17472K)->291K(17472K)
[261.499s][info][gc,heap        ] GC(1782) Tenured: 22028K(349568K)->22046K(349568K)
[261.499s][info][gc,metaspace   ] GC(1782) Metaspace: 14272K(15168K)->14272K(15168K) NonClass: 12313K(12864K)->12313K(12864K) Class: 1959K(2304K)->1959K(2304K)
[261.499s][info][gc             ] GC(1782) Pause Young (Allocation Failure) 158M->21M(494M) 25.899ms
[261.499s][info][gc,cpu         ] GC(1782) User=0.03s Sys=0.00s Real=0.02s
[261.705s][info][gc,start       ] GC(1783) Pause Young (Allocation Failure)
[261.732s][info][gc,heap        ] GC(1783) DefNew: 140067K(157248K)->302K(157248K) Eden: 139776K(139776K)->0K(139776K) From: 291K(17472K)->302K(17472K)
[261.732s][info][gc,heap        ] GC(1783) Tenured: 22046K(349568K)->22066K(349568K)
[261.732s][info][gc,metaspace   ] GC(1783) Metaspace: 14272K(15168K)->14272K(15168K) NonClass: 12313K(12864K)->12313K(12864K) Class: 1959K(2304K)->1959K(2304K)
[261.732s][info][gc             ] GC(1783) Pause Young (Allocation Failure) 158M->21M(494M) 27.828ms
[261.732s][info][gc,cpu         ] GC(1783) User=0.02s Sys=0.00s Real=0.02s
[261.751s][info][gc,start       ] GC(1784) Pause Full (System.gc())
[261.751s][info][gc,phases,start] GC(1784) Phase 1: Mark live objects
[261.781s][info][gc,phases      ] GC(1784) Phase 1: Mark live objects 29.336ms
[261.781s][info][gc,phases,start] GC(1784) Phase 2: Compute new object addresses
[261.784s][info][gc,phases      ] GC(1784) Phase 2: Compute new object addresses 2.954ms
[261.784s][info][gc,phases,start] GC(1784) Phase 3: Adjust pointers
[261.805s][info][gc,phases      ] GC(1784) Phase 3: Adjust pointers 21.333ms
[261.805s][info][gc,phases,start] GC(1784) Phase 4: Move objects
[261.805s][info][gc,phases      ] GC(1784) Phase 4: Move objects 0.012ms
[261.805s][info][gc,heap        ] GC(1784) DefNew: 5102K(157248K)->0K(157248K) Eden: 4800K(139776K)->0K(139776K) From: 302K(17472K)->0K(17472K)
[261.805s][info][gc,heap        ] GC(1784) Tenured: 22066K(349568K)->5371K(349568K)
[261.805s][info][gc,metaspace   ] GC(1784) Metaspace: 14274K(15168K)->14274K(15168K) NonClass: 12314K(12864K)->12314K(12864K) Class: 1959K(2304K)->1959K(2304K)
[261.805s][info][gc             ] GC(1784) Pause Full (System.gc()) 26M->5M(494M) 53.926ms
[261.805s][info][gc,cpu         ] GC(1784) User=0.05s Sys=0.00s Real=0.05s
[261.900s][info][gc,start       ] GC(1785) Pause Young (Allocation Failure)
[261.933s][info][gc,heap        ] GC(1785) DefNew: 139776K(157248K)->1474K(157248K) Eden: 139776K(139776K)->0K(139776K) From: 0K(17472K)->1474K(17472K)
[261.933s][info][gc,heap        ] GC(1785) Tenured: 5371K(349568K)->5371K(349568K)
[261.933s][info][gc,metaspace   ] GC(1785) Metaspace: 14277K(15168K)->14277K(15168K) NonClass: 12318K(12864K)->12318K(12864K) Class: 1959K(2304K)->1959K(2304K)
[261.933s][info][gc             ] GC(1785) Pause Young (Allocation Failure) 141M->6M(494M) 32.570ms
[261.933s][info][gc,cpu         ] GC(1785) User=0.03s Sys=0.00s Real=0.03s
[262.048s][info][gc,start       ] GC(1786) Pause Young (Allocation Failure)
[262.083s][info][gc,heap        ] GC(1786) DefNew: 141250K(157248K)->1492K(157248K) Eden: 139776K(139776K)->0K(139776K) From: 1474K(17472K)->1492K(17472K)
[262.083s][info][gc,heap        ] GC(1786) Tenured: 5371K(349568K)->5371K(349568K)
[262.083s][info][gc,metaspace   ] GC(1786) Metaspace: 14277K(15168K)->14277K(15168K) NonClass: 12318K(12864K)->12318K(12864K) Class: 1959K(2304K)->1959K(2304K)
[262.083s][info][gc             ] GC(1786) Pause Young (Allocation Failure) 143M->6M(494M) 35.075ms
[262.083s][info][gc,cpu         ] GC(1786) User=0.03s Sys=0.00s Real=0.04s
[262.196s][info][gc,start       ] GC(1787) Pause Young (Allocation Failure)
[262.221s][info][gc,heap        ] GC(1787) DefNew: 141268K(157248K)->1513K(157248K) Eden: 139776K(139776K)->0K(139776K) From: 1492K(17472K)->1513K(17472K)
[262.221s][info][gc,heap        ] GC(1787) Tenured: 5371K(349568K)->5371K(349568K)
[262.221s][info][gc,metaspace   ] GC(1787) Metaspace: 14277K(15168K)->14277K(15168K) NonClass: 12318K(12864K)->12318K(12864K) Class: 1959K(2304K)->1959K(2304K)
[262.221s][info][gc             ] GC(1787) Pause Young (Allocation Failure) 143M->6M(494M) 25.255ms
[262.221s][info][gc,cpu         ] GC(1787) User=0.02s Sys=0.00s Real=0.02s
[262.333s][info][gc,start       ] GC(1788) Pause Young (Allocation Failure)
[262.358s][info][gc,heap        ] GC(1788) DefNew: 141289K(157248K)->1530K(157248K) Eden: 139776K(139776K)->0K(139776K) From: 1513K(17472K)->1530K(17472K)
[262.358s][info][gc,heap        ] GC(1788) Tenured: 5371K(349568K)->5371K(349568K)
[262.358s][info][gc,metaspace   ] GC(1788) Metaspace: 14277K(15168K)->14277K(15168K) NonClass: 12318K(12864K)->12318K(12864K) Class: 1959K(2304K)->1959K(2304K)
[262.358s][info][gc             ] GC(1788) Pause Young (Allocation Failure) 143M->6M(494M) 25.500ms
[262.358s][info][gc,cpu         ] GC(1788) User=0.03s Sys=0.00s Real=0.02s
[262.537s][info][gc,start       ] GC(1789) Pause Young (Allocation Failure)
[262.569s][info][gc,heap        ] GC(1789) DefNew: 141306K(157248K)->1547K(157248K) Eden: 139775K(139776K)->0K(139776K) From: 1530K(17472K)->1547K(17472K)
[262.569s][info][gc,heap        ] GC(1789) Tenured: 5371K(349568K)->5371K(349568K)
[262.569s][info][gc,metaspace   ] GC(1789) Metaspace: 14277K(15168K)->14277K(15168K) NonClass: 12318K(12864K)->12318K(12864K) Class: 1959K(2304K)->1959K(2304K)
[262.569s][info][gc             ] GC(1789) Pause Young (Allocation Failure) 143M->6M(494M) 32.277ms
[262.569s][info][gc,cpu         ] GC(1789) User=0.03s Sys=0.00s Real=0.03s
[262.689s][info][gc,start       ] GC(1790) Pause Young (Allocation Failure)
[262.722s][info][gc,heap        ] GC(1790) DefNew: 141323K(157248K)->1569K(157248K) Eden: 139776K(139776K)->0K(139776K) From: 1547K(17472K)->1569K(17472K)
[262.722s][info][gc,heap        ] GC(1790) Tenured: 5371K(349568K)->5371K(349568K)
[262.722s][info][gc,metaspace   ] GC(1790) Metaspace: 14277K(15168K)->14277K(15168K) NonClass: 12318K(12864K)->12318K(12864K) Class: 1959K(2304K)->1959K(2304K)
[262.722s][info][gc             ] GC(1790) Pause Young (Allocation Failure) 143M->6M(494M) 33.164ms
[262.722s][info][gc,cpu         ] GC(1790) User=0.03s Sys=0.00s Real=0.03s
[262.839s][info][gc,start       ] GC(1791) Pause Young (Allocation Failure)
[262.870s][info][gc,heap        ] GC(1791) DefNew: 141345K(157248K)->1589K(157248K) Eden: 139776K(139776K)->0K(139776K) From: 1569K(17472K)->1589K(17472K)
[262.870s][info][gc,heap        ] GC(1791) Tenured: 5371K(349568K)->5371K(349568K)
[262.870s][info][gc,metaspace   ] GC(1791) Metaspace: 14277K(15168K)->14277K(15168K) NonClass: 12318K(12864K)->12318K(12864K) Class: 1959K(2304K)->1959K(2304K)
[262.870s][info][gc             ] GC(1791) Pause Young (Allocation Failure) 143M->6M(494M) 31.083ms
[262.870s][info][gc,cpu         ] GC(1791) User=0.03s Sys=0.00s Real=0.03s
[262.986s][info][gc,start       ] GC(1792) Pause Young (Allocation Failure)
[263.011s][info][gc,heap        ] GC(1792) DefNew: 141365K(157248K)->1610K(157248K) Eden: 139776K(139776K)->0K(139776K) From: 1589K(17472K)->1610K(17472K)
[263.011s][info][gc,heap        ] GC(1792) Tenured: 5371K(349568K)->5371K(349568K)
[263.011s][info][gc,metaspace   ] GC(1792) Metaspace: 14277K(15168K)->14277K(15168K) NonClass: 12318K(12864K)->12318K(12864K) Class: 1959K(2304K)->1959K(2304K)
[263.011s][info][gc             ] GC(1792) Pause Young (Allocation Failure) 143M->6M(494M) 24.676ms
[263.011s][info][gc,cpu         ] GC(1792) User=0.02s Sys=0.00s Real=0.02s
[263.136s][info][gc,start       ] GC(1793) Pause Young (Allocation Failure)
[263.164s][info][gc,heap        ] GC(1793) DefNew: 141386K(157248K)->1632K(157248K) Eden: 139776K(139776K)->0K(139776K) From: 1610K(17472K)->1632K(17472K)
[263.164s][info][gc,heap        ] GC(1793) Tenured: 5371K(349568K)->5371K(349568K)
[263.164s][info][gc,metaspace   ] GC(1793) Metaspace: 14277K(15168K)->14277K(15168K) NonClass: 12318K(12864K)->12318K(12864K) Class: 1959K(2304K)->1959K(2304K)
[263.164s][info][gc             ] GC(1793) Pause Young (Allocation Failure) 143M->6M(494M) 27.570ms
[263.164s][info][gc,cpu         ] GC(1793) User=0.02s Sys=0.00s Real=0.01s
[263.282s][info][gc,start       ] GC(1794) Pause Young (Allocation Failure)
[263.310s][info][gc,heap        ] GC(1794) DefNew: 141408K(157248K)->1651K(157248K) Eden: 139776K(139776K)->0K(139776K) From: 1632K(17472K)->1651K(17472K)
[263.310s][info][gc,heap        ] GC(1794) Tenured: 5371K(349568K)->5371K(349568K)
[263.310s][info][gc,metaspace   ] GC(1794) Metaspace: 14277K(15168K)->14277K(15168K) NonClass: 12318K(12864K)->12318K(12864K) Class: 1959K(2304K)->1959K(2304K)
[263.310s][info][gc             ] GC(1794) Pause Young (Allocation Failure) 143M->6M(494M) 27.873ms
[263.310s][info][gc,cpu         ] GC(1794) User=0.03s Sys=0.00s Real=0.03s
[263.421s][info][gc,start       ] GC(1795) Pause Young (Allocation Failure)
[263.449s][info][gc,heap        ] GC(1795) DefNew: 141427K(157248K)->1670K(157248K) Eden: 139776K(139776K)->0K(139776K) From: 1651K(17472K)->1670K(17472K)
[263.449s][info][gc,heap        ] GC(1795) Tenured: 5371K(349568K)->5371K(349568K)
[263.449s][info][gc,metaspace   ] GC(1795) Metaspace: 14277K(15168K)->14277K(15168K) NonClass: 12318K(12864K)->12318K(12864K) Class: 1959K(2304K)->1959K(2304K)
[263.449s][info][gc             ] GC(1795) Pause Young (Allocation Failure) 143M->6M(494M) 28.460ms
[263.449s][info][gc,cpu         ] GC(1795) User=0.02s Sys=0.00s Real=0.02s
[263.567s][info][gc,start       ] GC(1796) Pause Young (Allocation Failure)
[263.596s][info][gc,heap        ] GC(1796) DefNew: 141446K(157248K)->1690K(157248K) Eden: 139776K(139776K)->0K(139776K) From: 1670K(17472K)->1690K(17472K)
[263.596s][info][gc,heap        ] GC(1796) Tenured: 5371K(349568K)->5371K(349568K)
[263.596s][info][gc,metaspace   ] GC(1796) Metaspace: 14277K(15168K)->14277K(15168K) NonClass: 12318K(12864K)->12318K(12864K) Class: 1959K(2304K)->1959K(2304K)
[263.596s][info][gc             ] GC(1796) Pause Young (Allocation Failure) 143M->6M(494M) 29.815ms
[263.596s][info][gc,cpu         ] GC(1796) User=0.02s Sys=0.00s Real=0.02s
[263.709s][info][gc,start       ] GC(1797) Pause Young (Allocation Failure)
[263.738s][info][gc,heap        ] GC(1797) DefNew: 141466K(157248K)->1708K(157248K) Eden: 139776K(139776K)->0K(139776K) From: 1690K(17472K)->1708K(17472K)
[263.738s][info][gc,heap        ] GC(1797) Tenured: 5371K(349568K)->5371K(349568K)
[263.738s][info][gc,metaspace   ] GC(1797) Metaspace: 14277K(15168K)->14277K(15168K) NonClass: 12318K(12864K)->12318K(12864K) Class: 1959K(2304K)->1959K(2304K)
[263.738s][info][gc             ] GC(1797) Pause Young (Allocation Failure) 143M->6M(494M) 29.221ms
[263.738s][info][gc,cpu         ] GC(1797) User=0.02s Sys=0.00s Real=0.03s
[263.855s][info][gc,start       ] GC(1798) Pause Young (Allocation Failure)
[263.885s][info][gc,heap        ] GC(1798) DefNew: 141484K(157248K)->1726K(157248K) Eden: 139776K(139776K)->0K(139776K) From: 1708K(17472K)->1726K(17472K)
[263.885s][info][gc,heap        ] GC(1798) Tenured: 5371K(349568K)->5371K(349568K)
[263.885s][info][gc,metaspace   ] GC(1798) Metaspace: 14277K(15168K)->14277K(15168K) NonClass: 12318K(12864K)->12318K(12864K) Class: 1959K(2304K)->1959K(2304K)
[263.885s][info][gc             ] GC(1798) Pause Young (Allocation Failure) 143M->6M(494M) 30.112ms
[263.885s][info][gc,cpu         ] GC(1798) User=0.02s Sys=0.00s Real=0.02s
[263.993s][info][gc,start       ] GC(1799) Pause Young (Allocation Failure)
[264.015s][info][gc,heap        ] GC(1799) DefNew: 141502K(157248K)->1742K(157248K) Eden: 139776K(139776K)->0K(139776K) From: 1726K(17472K)->1742K(17472K)
[264.015s][info][gc,heap        ] GC(1799) Tenured: 5371K(349568K)->5371K(349568K)
[264.015s][info][gc,metaspace   ] GC(1799) Metaspace: 14277K(15168K)->14277K(15168K) NonClass: 12318K(12864K)->12318K(12864K) Class: 1959K(2304K)->1959K(2304K)
[264.015s][info][gc             ] GC(1799) Pause Young (Allocation Failure) 143M->6M(494M) 22.167ms
[264.015s][info][gc,cpu         ] GC(1799) User=0.02s Sys=0.00s Real=0.02s
[264.132s][info][gc,start       ] GC(1800) Pause Young (Allocation Failure)
[264.162s][info][gc,heap        ] GC(1800) DefNew: 141518K(157248K)->295K(157248K) Eden: 139776K(139776K)->0K(139776K) From: 1742K(17472K)->295K(17472K)
[264.162s][info][gc,heap        ] GC(1800) Tenured: 5371K(349568K)->6837K(349568K)
[264.162s][info][gc,metaspace   ] GC(1800) Metaspace: 14277K(15168K)->14277K(15168K) NonClass: 12318K(12864K)->12318K(12864K) Class: 1959K(2304K)->1959K(2304K)
[264.162s][info][gc             ] GC(1800) Pause Young (Allocation Failure) 143M->6M(494M) 30.249ms
[264.162s][info][gc,cpu         ] GC(1800) User=0.02s Sys=0.00s Real=0.03s
[264.275s][info][gc,start       ] GC(1801) Pause Young (Allocation Failure)
[264.305s][info][gc,heap        ] GC(1801) DefNew: 140071K(157248K)->298K(157248K) Eden: 139776K(139776K)->0K(139776K) From: 295K(17472K)->298K(17472K)
[264.305s][info][gc,heap        ] GC(1801) Tenured: 6837K(349568K)->6855K(349568K)
[264.305s][info][gc,metaspace   ] GC(1801) Metaspace: 14277K(15168K)->14277K(15168K) NonClass: 12318K(12864K)->12318K(12864K) Class: 1959K(2304K)->1959K(2304K)
[264.305s][info][gc             ] GC(1801) Pause Young (Allocation Failure) 143M->6M(494M) 30.702ms
[264.305s][info][gc,cpu         ] GC(1801) User=0.02s Sys=0.00s Real=0.02s
[264.420s][info][gc,start       ] GC(1802) Pause Young (Allocation Failure)
[264.442s][info][gc,heap        ] GC(1802) DefNew: 140074K(157248K)->295K(157248K) Eden: 139776K(139776K)->0K(139776K) From: 298K(17472K)->295K(17472K)
[264.442s][info][gc,heap        ] GC(1802) Tenured: 6855K(349568K)->6875K(349568K)
[264.442s][info][gc,metaspace   ] GC(1802) Metaspace: 14277K(15168K)->14277K(15168K) NonClass: 12318K(12864K)->12318K(12864K) Class: 1959K(2304K)->1959K(2304K)
[264.442s][info][gc             ] GC(1802) Pause Young (Allocation Failure) 143M->7M(494M) 22.282ms
[264.442s][info][gc,cpu         ] GC(1802) User=0.02s Sys=0.00s Real=0.02s
[264.552s][info][gc,start       ] GC(1803) Pause Young (Allocation Failure)
[264.583s][info][gc,heap        ] GC(1803) DefNew: 140071K(157248K)->295K(157248K) Eden: 139776K(139776K)->0K(139776K) From: 295K(17472K)->295K(17472K)
[264.583s][info][gc,heap        ] GC(1803) Tenured: 6875K(349568K)->6893K(349568K)
[264.583s][info][gc,metaspace   ] GC(1803) Metaspace: 14277K(15168K)->14277K(15168K) NonClass: 12318K(12864K)->12318K(12864K) Class: 1959K(2304K)->1959K(2304K)
[264.583s][info][gc             ] GC(1803) Pause Young (Allocation Failure) 143M->7M(494M) 30.877ms
[264.583s][info][gc,cpu         ] GC(1803) User=0.03s Sys=0.00s Real=0.03s
[264.696s][info][gc,start       ] GC(1804) Pause Young (Allocation Failure)
[264.731s][info][gc,heap        ] GC(1804) DefNew: 140071K(157248K)->298K(157248K) Eden: 139776K(139776K)->0K(139776K) From: 295K(17472K)->298K(17472K)
[264.731s][info][gc,heap        ] GC(1804) Tenured: 6893K(349568K)->6911K(349568K)
[264.731s][info][gc,metaspace   ] GC(1804) Metaspace: 14277K(15168K)->14277K(15168K) NonClass: 12318K(12864K)->12318K(12864K) Class: 1959K(2304K)->1959K(2304K)
[264.731s][info][gc             ] GC(1804) Pause Young (Allocation Failure) 143M->7M(494M) 35.703ms
[264.732s][info][gc,cpu         ] GC(1804) User=0.03s Sys=0.00s Real=0.03s
[264.846s][info][gc,start       ] GC(1805) Pause Young (Allocation Failure)
[264.877s][info][gc,heap        ] GC(1805) DefNew: 140074K(157248K)->296K(157248K) Eden: 139776K(139776K)->0K(139776K) From: 298K(17472K)->296K(17472K)
[264.877s][info][gc,heap        ] GC(1805) Tenured: 6911K(349568K)->6931K(349568K)
[264.877s][info][gc,metaspace   ] GC(1805) Metaspace: 14277K(15168K)->14277K(15168K) NonClass: 12318K(12864K)->12318K(12864K) Class: 1959K(2304K)->1959K(2304K)
[264.877s][info][gc             ] GC(1805) Pause Young (Allocation Failure) 143M->7M(494M) 30.827ms
[264.877s][info][gc,cpu         ] GC(1805) User=0.03s Sys=0.00s Real=0.03s
[264.990s][info][gc,start       ] GC(1806) Pause Young (Allocation Failure)
[265.022s][info][gc,heap        ] GC(1806) DefNew: 140072K(157248K)->294K(157248K) Eden: 139776K(139776K)->0K(139776K) From: 296K(17472K)->294K(17472K)
[265.022s][info][gc,heap        ] GC(1806) Tenured: 6931K(349568K)->6952K(349568K)
[265.022s][info][gc,metaspace   ] GC(1806) Metaspace: 14277K(15168K)->14277K(15168K) NonClass: 12318K(12864K)->12318K(12864K) Class: 1959K(2304K)->1959K(2304K)
[265.022s][info][gc             ] GC(1806) Pause Young (Allocation Failure) 143M->7M(494M) 32.051ms
[265.022s][info][gc,cpu         ] GC(1806) User=0.03s Sys=0.02s Real=0.03s
[265.134s][info][gc,start       ] GC(1807) Pause Young (Allocation Failure)
[265.161s][info][gc,heap        ] GC(1807) DefNew: 140070K(157248K)->291K(157248K) Eden: 139776K(139776K)->0K(139776K) From: 294K(17472K)->291K(17472K)
[265.161s][info][gc,heap        ] GC(1807) Tenured: 6952K(349568K)->6973K(349568K)
[265.161s][info][gc,metaspace   ] GC(1807) Metaspace: 14277K(15168K)->14277K(15168K) NonClass: 12318K(12864K)->12318K(12864K) Class: 1959K(2304K)->1959K(2304K)
[265.161s][info][gc             ] GC(1807) Pause Young (Allocation Failure) 143M->7M(494M) 27.163ms
[265.161s][info][gc,cpu         ] GC(1807) User=0.02s Sys=0.00s Real=0.02s
[265.272s][info][gc,start       ] GC(1808) Pause Young (Allocation Failure)
[265.296s][info][gc,heap        ] GC(1808) DefNew: 140067K(157248K)->287K(157248K) Eden: 139776K(139776K)->0K(139776K) From: 291K(17472K)->287K(17472K)
[265.296s][info][gc,heap        ] GC(1808) Tenured: 6973K(349568K)->6994K(349568K)
[265.296s][info][gc,metaspace   ] GC(1808) Metaspace: 14277K(15168K)->14277K(15168K) NonClass: 12318K(12864K)->12318K(12864K) Class: 1959K(2304K)->1959K(2304K)
[265.296s][info][gc             ] GC(1808) Pause Young (Allocation Failure) 143M->7M(494M) 23.917ms
[265.296s][info][gc,cpu         ] GC(1808) User=0.03s Sys=0.00s Real=0.02s
[265.403s][info][gc,start       ] GC(1809) Pause Young (Allocation Failure)
[265.435s][info][gc,heap        ] GC(1809) DefNew: 140063K(157248K)->285K(157248K) Eden: 139776K(139776K)->0K(139776K) From: 287K(17472K)->285K(17472K)
[265.435s][info][gc,heap        ] GC(1809) Tenured: 6994K(349568K)->7014K(349568K)
[265.435s][info][gc,metaspace   ] GC(1809) Metaspace: 14277K(15168K)->14277K(15168K) NonClass: 12318K(12864K)->12318K(12864K) Class: 1959K(2304K)->1959K(2304K)
[265.435s][info][gc             ] GC(1809) Pause Young (Allocation Failure) 143M->7M(494M) 32.361ms
[265.435s][info][gc,cpu         ] GC(1809) User=0.03s Sys=0.00s Real=0.03s
[265.545s][info][gc,start       ] GC(1810) Pause Young (Allocation Failure)
[265.579s][info][gc,heap        ] GC(1810) DefNew: 140061K(157248K)->284K(157248K) Eden: 139776K(139776K)->0K(139776K) From: 285K(17472K)->284K(17472K)
[265.579s][info][gc,heap        ] GC(1810) Tenured: 7014K(349568K)->7032K(349568K)
[265.579s][info][gc,metaspace   ] GC(1810) Metaspace: 14277K(15168K)->14277K(15168K) NonClass: 12318K(12864K)->12318K(12864K) Class: 1959K(2304K)->1959K(2304K)
[265.579s][info][gc             ] GC(1810) Pause Young (Allocation Failure) 143M->7M(494M) 33.590ms
[265.579s][info][gc,cpu         ] GC(1810) User=0.03s Sys=0.00s Real=0.03s
[265.692s][info][gc,start       ] GC(1811) Pause Young (Allocation Failure)
[265.724s][info][gc,heap        ] GC(1811) DefNew: 140060K(157248K)->284K(157248K) Eden: 139776K(139776K)->0K(139776K) From: 284K(17472K)->284K(17472K)
[265.725s][info][gc,heap        ] GC(1811) Tenured: 7032K(349568K)->7053K(349568K)
[265.725s][info][gc,metaspace   ] GC(1811) Metaspace: 14277K(15168K)->14277K(15168K) NonClass: 12318K(12864K)->12318K(12864K) Class: 1959K(2304K)->1959K(2304K)
[265.725s][info][gc             ] GC(1811) Pause Young (Allocation Failure) 143M->7M(494M) 32.870ms
[265.725s][info][gc,cpu         ] GC(1811) User=0.03s Sys=0.00s Real=0.03s
[265.837s][info][gc,start       ] GC(1812) Pause Young (Allocation Failure)
[265.870s][info][gc,heap        ] GC(1812) DefNew: 140060K(157248K)->288K(157248K) Eden: 139776K(139776K)->0K(139776K) From: 284K(17472K)->288K(17472K)
[265.870s][info][gc,heap        ] GC(1812) Tenured: 7053K(349568K)->7071K(349568K)
[265.870s][info][gc,metaspace   ] GC(1812) Metaspace: 14277K(15168K)->14277K(15168K) NonClass: 12318K(12864K)->12318K(12864K) Class: 1959K(2304K)->1959K(2304K)
[265.870s][info][gc             ] GC(1812) Pause Young (Allocation Failure) 143M->7M(494M) 33.104ms
[265.870s][info][gc,cpu         ] GC(1812) User=0.03s Sys=0.00s Real=0.03s
[265.982s][info][gc,start       ] GC(1813) Pause Young (Allocation Failure)
[266.017s][info][gc,heap        ] GC(1813) DefNew: 140064K(157248K)->287K(157248K) Eden: 139776K(139776K)->0K(139776K) From: 288K(17472K)->287K(17472K)
[266.017s][info][gc,heap        ] GC(1813) Tenured: 7071K(349568K)->7088K(349568K)
[266.017s][info][gc,metaspace   ] GC(1813) Metaspace: 14277K(15168K)->14277K(15168K) NonClass: 12318K(12864K)->12318K(12864K) Class: 1959K(2304K)->1959K(2304K)
[266.017s][info][gc             ] GC(1813) Pause Young (Allocation Failure) 143M->7M(494M) 34.621ms
[266.017s][info][gc,cpu         ] GC(1813) User=0.02s Sys=0.00s Real=0.02s
[266.130s][info][gc,start       ] GC(1814) Pause Young (Allocation Failure)
[266.163s][info][gc,heap        ] GC(1814) DefNew: 140063K(157248K)->290K(157248K) Eden: 139776K(139776K)->0K(139776K) From: 287K(17472K)->290K(17472K)
[266.163s][info][gc,heap        ] GC(1814) Tenured: 7088K(349568K)->7103K(349568K)
[266.163s][info][gc,metaspace   ] GC(1814) Metaspace: 14277K(15168K)->14277K(15168K) NonClass: 12318K(12864K)->12318K(12864K) Class: 1959K(2304K)->1959K(2304K)
[266.163s][info][gc             ] GC(1814) Pause Young (Allocation Failure) 143M->7M(494M) 33.346ms
[266.163s][info][gc,cpu         ] GC(1814) User=0.05s Sys=0.00s Real=0.03s
[266.276s][info][gc,start       ] GC(1815) Pause Young (Allocation Failure)
[266.310s][info][gc,heap        ] GC(1815) DefNew: 140066K(157248K)->287K(157248K) Eden: 139776K(139776K)->0K(139776K) From: 290K(17472K)->287K(17472K)
[266.310s][info][gc,heap        ] GC(1815) Tenured: 7103K(349568K)->7124K(349568K)
[266.310s][info][gc,metaspace   ] GC(1815) Metaspace: 14277K(15168K)->14277K(15168K) NonClass: 12318K(12864K)->12318K(12864K) Class: 1959K(2304K)->1959K(2304K)
[266.310s][info][gc             ] GC(1815) Pause Young (Allocation Failure) 143M->7M(494M) 34.373ms
[266.310s][info][gc,cpu         ] GC(1815) User=0.02s Sys=0.00s Real=0.02s
[266.582s][info][gc,start       ] GC(1816) Pause Young (Allocation Failure)
[266.613s][info][gc,heap        ] GC(1816) DefNew: 140063K(157248K)->284K(157248K) Eden: 139776K(139776K)->0K(139776K) From: 287K(17472K)->284K(17472K)
[266.613s][info][gc,heap        ] GC(1816) Tenured: 7124K(349568K)->7145K(349568K)
[266.613s][info][gc,metaspace   ] GC(1816) Metaspace: 14277K(15168K)->14277K(15168K) NonClass: 12318K(12864K)->12318K(12864K) Class: 1959K(2304K)->1959K(2304K)
[266.613s][info][gc             ] GC(1816) Pause Young (Allocation Failure) 143M->7M(494M) 30.995ms
[266.613s][info][gc,cpu         ] GC(1816) User=0.02s Sys=0.00s Real=0.02s
[266.731s][info][gc,start       ] GC(1817) Pause Young (Allocation Failure)
[266.763s][info][gc,heap        ] GC(1817) DefNew: 140060K(157248K)->287K(157248K) Eden: 139776K(139776K)->0K(139776K) From: 284K(17472K)->287K(17472K)
[266.763s][info][gc,heap        ] GC(1817) Tenured: 7145K(349568K)->7162K(349568K)
[266.763s][info][gc,metaspace   ] GC(1817) Metaspace: 14277K(15168K)->14277K(15168K) NonClass: 12318K(12864K)->12318K(12864K) Class: 1959K(2304K)->1959K(2304K)
[266.763s][info][gc             ] GC(1817) Pause Young (Allocation Failure) 143M->7M(494M) 32.560ms
[266.763s][info][gc,cpu         ] GC(1817) User=0.03s Sys=0.00s Real=0.03s
[266.889s][info][gc,start       ] GC(1818) Pause Young (Allocation Failure)
[266.920s][info][gc,heap        ] GC(1818) DefNew: 140063K(157248K)->290K(157248K) Eden: 139776K(139776K)->0K(139776K) From: 287K(17472K)->290K(17472K)
[266.921s][info][gc,heap        ] GC(1818) Tenured: 7162K(349568K)->7180K(349568K)
[266.921s][info][gc,metaspace   ] GC(1818) Metaspace: 14277K(15168K)->14277K(15168K) NonClass: 12318K(12864K)->12318K(12864K) Class: 1959K(2304K)->1959K(2304K)
[266.921s][info][gc             ] GC(1818) Pause Young (Allocation Failure) 143M->7M(494M) 31.856ms
[266.921s][info][gc,cpu         ] GC(1818) User=0.03s Sys=0.00s Real=0.03s
[267.036s][info][gc,start       ] GC(1819) Pause Young (Allocation Failure)
[267.058s][info][gc,heap        ] GC(1819) DefNew: 140066K(157248K)->292K(157248K) Eden: 139776K(139776K)->0K(139776K) From: 290K(17472K)->292K(17472K)
[267.058s][info][gc,heap        ] GC(1819) Tenured: 7180K(349568K)->7198K(349568K)
[267.058s][info][gc,metaspace   ] GC(1819) Metaspace: 14277K(15168K)->14277K(15168K) NonClass: 12318K(12864K)->12318K(12864K) Class: 1959K(2304K)->1959K(2304K)
[267.058s][info][gc             ] GC(1819) Pause Young (Allocation Failure) 143M->7M(494M) 22.265ms
[267.058s][info][gc,cpu         ] GC(1819) User=0.02s Sys=0.00s Real=0.02s
[267.173s][info][gc,start       ] GC(1820) Pause Young (Allocation Failure)
[267.195s][info][gc,heap        ] GC(1820) DefNew: 140068K(157248K)->289K(157248K) Eden: 139776K(139776K)->0K(139776K) From: 292K(17472K)->289K(17472K)
[267.195s][info][gc,heap        ] GC(1820) Tenured: 7198K(349568K)->7219K(349568K)
[267.195s][info][gc,metaspace   ] GC(1820) Metaspace: 14277K(15168K)->14277K(15168K) NonClass: 12318K(12864K)->12318K(12864K) Class: 1959K(2304K)->1959K(2304K)
[267.195s][info][gc             ] GC(1820) Pause Young (Allocation Failure) 143M->7M(494M) 21.976ms
[267.195s][info][gc,cpu         ] GC(1820) User=0.03s Sys=0.00s Real=0.02s
[267.303s][info][gc,start       ] GC(1821) Pause Young (Allocation Failure)
[267.324s][info][gc,heap        ] GC(1821) DefNew: 140065K(157248K)->289K(157248K) Eden: 139776K(139776K)->0K(139776K) From: 289K(17472K)->289K(17472K)
[267.324s][info][gc,heap        ] GC(1821) Tenured: 7219K(349568K)->7237K(349568K)
[267.324s][info][gc,metaspace   ] GC(1821) Metaspace: 14277K(15168K)->14277K(15168K) NonClass: 12318K(12864K)->12318K(12864K) Class: 1959K(2304K)->1959K(2304K)
[267.324s][info][gc             ] GC(1821) Pause Young (Allocation Failure) 143M->7M(494M) 20.789ms
[267.324s][info][gc,cpu         ] GC(1821) User=0.03s Sys=0.00s Real=0.02s
[267.433s][info][gc,start       ] GC(1822) Pause Young (Allocation Failure)
[267.461s][info][gc,heap        ] GC(1822) DefNew: 140065K(157248K)->289K(157248K) Eden: 139776K(139776K)->0K(139776K) From: 289K(17472K)->289K(17472K)
[267.461s][info][gc,heap        ] GC(1822) Tenured: 7237K(349568K)->7255K(349568K)
[267.461s][info][gc,metaspace   ] GC(1822) Metaspace: 14277K(15168K)->14277K(15168K) NonClass: 12318K(12864K)->12318K(12864K) Class: 1959K(2304K)->1959K(2304K)
[267.461s][info][gc             ] GC(1822) Pause Young (Allocation Failure) 143M->7M(494M) 28.354ms
[267.461s][info][gc,cpu         ] GC(1822) User=0.02s Sys=0.00s Real=0.02s
[267.582s][info][gc,start       ] GC(1823) Pause Young (Allocation Failure)
[267.608s][info][gc,heap        ] GC(1823) DefNew: 140065K(157248K)->290K(157248K) Eden: 139776K(139776K)->0K(139776K) From: 289K(17472K)->290K(17472K)
[267.609s][info][gc,heap        ] GC(1823) Tenured: 7255K(349568K)->7273K(349568K)
[267.609s][info][gc,metaspace   ] GC(1823) Metaspace: 14277K(15168K)->14277K(15168K) NonClass: 12318K(12864K)->12318K(12864K) Class: 1959K(2304K)->1959K(2304K)
[267.609s][info][gc             ] GC(1823) Pause Young (Allocation Failure) 143M->7M(494M) 26.922ms
[267.609s][info][gc,cpu         ] GC(1823) User=0.02s Sys=0.00s Real=0.02s
[267.719s][info][gc,start       ] GC(1824) Pause Young (Allocation Failure)
[267.747s][info][gc,heap        ] GC(1824) DefNew: 140066K(157248K)->289K(157248K) Eden: 139776K(139776K)->0K(139776K) From: 290K(17472K)->289K(17472K)
[267.747s][info][gc,heap        ] GC(1824) Tenured: 7273K(349568K)->7291K(349568K)
[267.747s][info][gc,metaspace   ] GC(1824) Metaspace: 14277K(15168K)->14277K(15168K) NonClass: 12318K(12864K)->12318K(12864K) Class: 1959K(2304K)->1959K(2304K)
[267.747s][info][gc             ] GC(1824) Pause Young (Allocation Failure) 143M->7M(494M) 27.997ms
[267.747s][info][gc,cpu         ] GC(1824) User=0.02s Sys=0.00s Real=0.02s
[267.857s][info][gc,start       ] GC(1825) Pause Young (Allocation Failure)
[267.887s][info][gc,heap        ] GC(1825) DefNew: 140065K(157248K)->292K(157248K) Eden: 139776K(139776K)->0K(139776K) From: 289K(17472K)->292K(17472K)
[267.887s][info][gc,heap        ] GC(1825) Tenured: 7291K(349568K)->7309K(349568K)
[267.887s][info][gc,metaspace   ] GC(1825) Metaspace: 14277K(15168K)->14277K(15168K) NonClass: 12318K(12864K)->12318K(12864K) Class: 1959K(2304K)->1959K(2304K)
[267.887s][info][gc             ] GC(1825) Pause Young (Allocation Failure) 143M->7M(494M) 29.600ms
[267.887s][info][gc,cpu         ] GC(1825) User=0.02s Sys=0.00s Real=0.02s
[267.995s][info][gc,start       ] GC(1826) Pause Young (Allocation Failure)
[268.023s][info][gc,heap        ] GC(1826) DefNew: 140068K(157248K)->288K(157248K) Eden: 139776K(139776K)->0K(139776K) From: 292K(17472K)->288K(17472K)
[268.023s][info][gc,heap        ] GC(1826) Tenured: 7309K(349568K)->7329K(349568K)
[268.023s][info][gc,metaspace   ] GC(1826) Metaspace: 14277K(15168K)->14277K(15168K) NonClass: 12318K(12864K)->12318K(12864K) Class: 1959K(2304K)->1959K(2304K)
[268.024s][info][gc             ] GC(1826) Pause Young (Allocation Failure) 143M->7M(494M) 28.236ms
[268.024s][info][gc,cpu         ] GC(1826) User=0.02s Sys=0.00s Real=0.01s
[268.133s][info][gc,start       ] GC(1827) Pause Young (Allocation Failure)
[268.161s][info][gc,heap        ] GC(1827) DefNew: 140064K(157248K)->285K(157248K) Eden: 139776K(139776K)->0K(139776K) From: 288K(17472K)->285K(17472K)
[268.161s][info][gc,heap        ] GC(1827) Tenured: 7329K(349568K)->7350K(349568K)
[268.161s][info][gc,metaspace   ] GC(1827) Metaspace: 14277K(15168K)->14277K(15168K) NonClass: 12318K(12864K)->12318K(12864K) Class: 1959K(2304K)->1959K(2304K)
[268.161s][info][gc             ] GC(1827) Pause Young (Allocation Failure) 143M->7M(494M) 28.480ms
[268.161s][info][gc,cpu         ] GC(1827) User=0.02s Sys=0.00s Real=0.03s
[268.273s][info][gc,start       ] GC(1828) Pause Young (Allocation Failure)
[268.303s][info][gc,heap        ] GC(1828) DefNew: 140061K(157248K)->285K(157248K) Eden: 139776K(139776K)->0K(139776K) From: 285K(17472K)->285K(17472K)
[268.303s][info][gc,heap        ] GC(1828) Tenured: 7350K(349568K)->7367K(349568K)
[268.303s][info][gc,metaspace   ] GC(1828) Metaspace: 14277K(15168K)->14277K(15168K) NonClass: 12318K(12864K)->12318K(12864K) Class: 1959K(2304K)->1959K(2304K)
[268.303s][info][gc             ] GC(1828) Pause Young (Allocation Failure) 143M->7M(494M) 29.994ms
[268.303s][info][gc,cpu         ] GC(1828) User=0.02s Sys=0.00s Real=0.03s
[268.415s][info][gc,start       ] GC(1829) Pause Young (Allocation Failure)
[268.444s][info][gc,heap        ] GC(1829) DefNew: 140061K(157248K)->285K(157248K) Eden: 139776K(139776K)->0K(139776K) From: 285K(17472K)->285K(17472K)
[268.444s][info][gc,heap        ] GC(1829) Tenured: 7367K(349568K)->7385K(349568K)
[268.444s][info][gc,metaspace   ] GC(1829) Metaspace: 14277K(15168K)->14277K(15168K) NonClass: 12318K(12864K)->12318K(12864K) Class: 1959K(2304K)->1959K(2304K)
[268.444s][info][gc             ] GC(1829) Pause Young (Allocation Failure) 143M->7M(494M) 29.002ms
[268.444s][info][gc,cpu         ] GC(1829) User=0.02s Sys=0.00s Real=0.02s
[268.555s][info][gc,start       ] GC(1830) Pause Young (Allocation Failure)
[268.585s][info][gc,heap        ] GC(1830) DefNew: 140061K(157248K)->285K(157248K) Eden: 139776K(139776K)->0K(139776K) From: 285K(17472K)->285K(17472K)
[268.585s][info][gc,heap        ] GC(1830) Tenured: 7385K(349568K)->7403K(349568K)
[268.585s][info][gc,metaspace   ] GC(1830) Metaspace: 14277K(15168K)->14277K(15168K) NonClass: 12318K(12864K)->12318K(12864K) Class: 1959K(2304K)->1959K(2304K)
[268.586s][info][gc             ] GC(1830) Pause Young (Allocation Failure) 143M->7M(494M) 30.132ms
[268.586s][info][gc,cpu         ] GC(1830) User=0.02s Sys=0.00s Real=0.02s
[268.697s][info][gc,start       ] GC(1831) Pause Young (Allocation Failure)
[268.727s][info][gc,heap        ] GC(1831) DefNew: 140061K(157248K)->285K(157248K) Eden: 139776K(139776K)->0K(139776K) From: 285K(17472K)->285K(17472K)
[268.727s][info][gc,heap        ] GC(1831) Tenured: 7403K(349568K)->7421K(349568K)
[268.727s][info][gc,metaspace   ] GC(1831) Metaspace: 14277K(15168K)->14277K(15168K) NonClass: 12318K(12864K)->12318K(12864K) Class: 1959K(2304K)->1959K(2304K)
[268.727s][info][gc             ] GC(1831) Pause Young (Allocation Failure) 144M->7M(494M) 30.506ms
[268.727s][info][gc,cpu         ] GC(1831) User=0.03s Sys=0.00s Real=0.03s
[268.840s][info][gc,start       ] GC(1832) Pause Young (Allocation Failure)
[268.876s][info][gc,heap        ] GC(1832) DefNew: 140061K(157248K)->283K(157248K) Eden: 139776K(139776K)->0K(139776K) From: 285K(17472K)->283K(17472K)
[268.876s][info][gc,heap        ] GC(1832) Tenured: 7421K(349568K)->7441K(349568K)
[268.876s][info][gc,metaspace   ] GC(1832) Metaspace: 14277K(15168K)->14277K(15168K) NonClass: 12318K(12864K)->12318K(12864K) Class: 1959K(2304K)->1959K(2304K)
[268.876s][info][gc             ] GC(1832) Pause Young (Allocation Failure) 144M->7M(494M) 36.119ms
[268.876s][info][gc,cpu         ] GC(1832) User=0.03s Sys=0.00s Real=0.04s
[268.988s][info][gc,start       ] GC(1833) Pause Young (Allocation Failure)
[269.018s][info][gc,heap        ] GC(1833) DefNew: 140059K(157248K)->278K(157248K) Eden: 139776K(139776K)->0K(139776K) From: 283K(17472K)->278K(17472K)
[269.018s][info][gc,heap        ] GC(1833) Tenured: 7441K(349568K)->7462K(349568K)
[269.018s][info][gc,metaspace   ] GC(1833) Metaspace: 14277K(15168K)->14277K(15168K) NonClass: 12318K(12864K)->12318K(12864K) Class: 1959K(2304K)->1959K(2304K)
[269.018s][info][gc             ] GC(1833) Pause Young (Allocation Failure) 144M->7M(494M) 30.762ms
[269.018s][info][gc,cpu         ] GC(1833) User=0.03s Sys=0.00s Real=0.02s
[269.131s][info][gc,start       ] GC(1834) Pause Young (Allocation Failure)
[269.163s][info][gc,heap        ] GC(1834) DefNew: 140054K(157248K)->279K(157248K) Eden: 139776K(139776K)->0K(139776K) From: 278K(17472K)->279K(17472K)
[269.163s][info][gc,heap        ] GC(1834) Tenured: 7462K(349568K)->7480K(349568K)
[269.163s][info][gc,metaspace   ] GC(1834) Metaspace: 14277K(15168K)->14277K(15168K) NonClass: 12318K(12864K)->12318K(12864K) Class: 1959K(2304K)->1959K(2304K)
[269.163s][info][gc             ] GC(1834) Pause Young (Allocation Failure) 144M->7M(494M) 31.207ms
[269.163s][info][gc,cpu         ] GC(1834) User=0.03s Sys=0.00s Real=0.03s
[269.275s][info][gc,start       ] GC(1835) Pause Young (Allocation Failure)
[269.308s][info][gc,heap        ] GC(1835) DefNew: 140055K(157248K)->275K(157248K) Eden: 139776K(139776K)->0K(139776K) From: 279K(17472K)->275K(17472K)
[269.308s][info][gc,heap        ] GC(1835) Tenured: 7480K(349568K)->7501K(349568K)
[269.308s][info][gc,metaspace   ] GC(1835) Metaspace: 14277K(15168K)->14277K(15168K) NonClass: 12318K(12864K)->12318K(12864K) Class: 1959K(2304K)->1959K(2304K)
[269.308s][info][gc             ] GC(1835) Pause Young (Allocation Failure) 144M->7M(494M) 33.600ms
[269.308s][info][gc,cpu         ] GC(1835) User=0.03s Sys=0.00s Real=0.03s
[269.422s][info][gc,start       ] GC(1836) Pause Young (Allocation Failure)
[269.454s][info][gc,heap        ] GC(1836) DefNew: 140051K(157248K)->277K(157248K) Eden: 139776K(139776K)->0K(139776K) From: 275K(17472K)->277K(17472K)
[269.454s][info][gc,heap        ] GC(1836) Tenured: 7501K(349568K)->7518K(349568K)
[269.454s][info][gc,metaspace   ] GC(1836) Metaspace: 14277K(15168K)->14277K(15168K) NonClass: 12318K(12864K)->12318K(12864K) Class: 1959K(2304K)->1959K(2304K)
[269.454s][info][gc             ] GC(1836) Pause Young (Allocation Failure) 144M->7M(494M) 31.867ms
[269.454s][info][gc,cpu         ] GC(1836) User=0.02s Sys=0.00s Real=0.02s
[269.566s][info][gc,start       ] GC(1837) Pause Young (Allocation Failure)
[269.598s][info][gc,heap        ] GC(1837) DefNew: 140053K(157248K)->275K(157248K) Eden: 139776K(139776K)->0K(139776K) From: 277K(17472K)->275K(17472K)
[269.598s][info][gc,heap        ] GC(1837) Tenured: 7518K(349568K)->7536K(349568K)
[269.598s][info][gc,metaspace   ] GC(1837) Metaspace: 14277K(15168K)->14277K(15168K) NonClass: 12318K(12864K)->12318K(12864K) Class: 1959K(2304K)->1959K(2304K)
[269.598s][info][gc             ] GC(1837) Pause Young (Allocation Failure) 144M->7M(494M) 32.334ms
[269.598s][info][gc,cpu         ] GC(1837) User=0.03s Sys=0.00s Real=0.03s
[269.710s][info][gc,start       ] GC(1838) Pause Young (Allocation Failure)
[269.744s][info][gc,heap        ] GC(1838) DefNew: 140051K(157248K)->276K(157248K) Eden: 139776K(139776K)->0K(139776K) From: 275K(17472K)->276K(17472K)
[269.744s][info][gc,heap        ] GC(1838) Tenured: 7536K(349568K)->7554K(349568K)
[269.744s][info][gc,metaspace   ] GC(1838) Metaspace: 14277K(15168K)->14277K(15168K) NonClass: 12318K(12864K)->12318K(12864K) Class: 1959K(2304K)->1959K(2304K)
[269.744s][info][gc             ] GC(1838) Pause Young (Allocation Failure) 144M->7M(494M) 34.418ms
[269.744s][info][gc,cpu         ] GC(1838) User=0.03s Sys=0.00s Real=0.03s
[269.858s][info][gc,start       ] GC(1839) Pause Young (Allocation Failure)
[269.890s][info][gc,heap        ] GC(1839) DefNew: 140052K(157248K)->275K(157248K) Eden: 139776K(139776K)->0K(139776K) From: 276K(17472K)->275K(17472K)
[269.890s][info][gc,heap        ] GC(1839) Tenured: 7554K(349568K)->7572K(349568K)
[269.890s][info][gc,metaspace   ] GC(1839) Metaspace: 14277K(15168K)->14277K(15168K) NonClass: 12318K(12864K)->12318K(12864K) Class: 1959K(2304K)->1959K(2304K)
[269.891s][info][gc             ] GC(1839) Pause Young (Allocation Failure) 144M->7M(494M) 32.486ms
[269.891s][info][gc,cpu         ] GC(1839) User=0.02s Sys=0.00s Real=0.02s
[270.004s][info][gc,start       ] GC(1840) Pause Young (Allocation Failure)
[270.037s][info][gc,heap        ] GC(1840) DefNew: 140051K(157248K)->274K(157248K) Eden: 139776K(139776K)->0K(139776K) From: 275K(17472K)->274K(17472K)
[270.037s][info][gc,heap        ] GC(1840) Tenured: 7572K(349568K)->7591K(349568K)
[270.037s][info][gc,metaspace   ] GC(1840) Metaspace: 14277K(15168K)->14277K(15168K) NonClass: 12318K(12864K)->12318K(12864K) Class: 1959K(2304K)->1959K(2304K)
[270.037s][info][gc             ] GC(1840) Pause Young (Allocation Failure) 144M->7M(494M) 32.746ms
[270.037s][info][gc,cpu         ] GC(1840) User=0.02s Sys=0.02s Real=0.03s
[270.150s][info][gc,start       ] GC(1841) Pause Young (Allocation Failure)
[270.183s][info][gc,heap        ] GC(1841) DefNew: 140050K(157248K)->273K(157248K) Eden: 139776K(139776K)->0K(139776K) From: 274K(17472K)->273K(17472K)
[270.183s][info][gc,heap        ] GC(1841) Tenured: 7591K(349568K)->7609K(349568K)
[270.183s][info][gc,metaspace   ] GC(1841) Metaspace: 14277K(15168K)->14277K(15168K) NonClass: 12318K(12864K)->12318K(12864K) Class: 1959K(2304K)->1959K(2304K)
[270.183s][info][gc             ] GC(1841) Pause Young (Allocation Failure) 144M->7M(494M) 33.295ms
[270.183s][info][gc,cpu         ] GC(1841) User=0.03s Sys=0.00s Real=0.03s
[270.298s][info][gc,start       ] GC(1842) Pause Young (Allocation Failure)
[270.333s][info][gc,heap        ] GC(1842) DefNew: 140049K(157248K)->273K(157248K) Eden: 139776K(139776K)->0K(139776K) From: 273K(17472K)->273K(17472K)
[270.333s][info][gc,heap        ] GC(1842) Tenured: 7609K(349568K)->7627K(349568K)
[270.333s][info][gc,metaspace   ] GC(1842) Metaspace: 14277K(15168K)->14277K(15168K) NonClass: 12318K(12864K)->12318K(12864K) Class: 1959K(2304K)->1959K(2304K)
[270.333s][info][gc             ] GC(1842) Pause Young (Allocation Failure) 144M->7M(494M) 35.703ms
[270.333s][info][gc,cpu         ] GC(1842) User=0.03s Sys=0.00s Real=0.04s
[270.447s][info][gc,start       ] GC(1843) Pause Young (Allocation Failure)
[270.472s][info][gc,heap        ] GC(1843) DefNew: 140049K(157248K)->277K(157248K) Eden: 139776K(139776K)->0K(139776K) From: 273K(17472K)->277K(17472K)
[270.472s][info][gc,heap        ] GC(1843) Tenured: 7627K(349568K)->7645K(349568K)
[270.472s][info][gc,metaspace   ] GC(1843) Metaspace: 14277K(15168K)->14277K(15168K) NonClass: 12318K(12864K)->12318K(12864K) Class: 1959K(2304K)->1959K(2304K)
[270.472s][info][gc             ] GC(1843) Pause Young (Allocation Failure) 144M->7M(494M) 25.161ms
[270.472s][info][gc,cpu         ] GC(1843) User=0.02s Sys=0.00s Real=0.03s
[270.707s][info][gc,start       ] GC(1844) Pause Young (Allocation Failure)
[270.740s][info][gc,heap        ] GC(1844) DefNew: 140053K(157248K)->280K(157248K) Eden: 139776K(139776K)->0K(139776K) From: 277K(17472K)->280K(17472K)
[270.740s][info][gc,heap        ] GC(1844) Tenured: 7645K(349568K)->7662K(349568K)
[270.740s][info][gc,metaspace   ] GC(1844) Metaspace: 14277K(15168K)->14277K(15168K) NonClass: 12318K(12864K)->12318K(12864K) Class: 1959K(2304K)->1959K(2304K)
[270.740s][info][gc             ] GC(1844) Pause Young (Allocation Failure) 144M->7M(494M) 32.921ms
[270.740s][info][gc,cpu         ] GC(1844) User=0.03s Sys=0.00s Real=0.03s
[270.858s][info][gc,start       ] GC(1845) Pause Young (Allocation Failure)
[270.891s][info][gc,heap        ] GC(1845) DefNew: 140056K(157248K)->284K(157248K) Eden: 139776K(139776K)->0K(139776K) From: 280K(17472K)->284K(17472K)
[270.891s][info][gc,heap        ] GC(1845) Tenured: 7662K(349568K)->7680K(349568K)
[270.891s][info][gc,metaspace   ] GC(1845) Metaspace: 14277K(15168K)->14277K(15168K) NonClass: 12318K(12864K)->12318K(12864K) Class: 1959K(2304K)->1959K(2304K)
[270.891s][info][gc             ] GC(1845) Pause Young (Allocation Failure) 144M->7M(494M) 32.825ms
[270.891s][info][gc,cpu         ] GC(1845) User=0.03s Sys=0.00s Real=0.03s
[271.020s][info][gc,start       ] GC(1846) Pause Young (Allocation Failure)
[271.051s][info][gc,heap        ] GC(1846) DefNew: 140060K(157248K)->287K(157248K) Eden: 139776K(139776K)->0K(139776K) From: 284K(17472K)->287K(17472K)
[271.051s][info][gc,heap        ] GC(1846) Tenured: 7680K(349568K)->7697K(349568K)
[271.051s][info][gc,metaspace   ] GC(1846) Metaspace: 14277K(15168K)->14277K(15168K) NonClass: 12318K(12864K)->12318K(12864K) Class: 1959K(2304K)->1959K(2304K)
[271.051s][info][gc             ] GC(1846) Pause Young (Allocation Failure) 144M->7M(494M) 31.564ms
[271.051s][info][gc,cpu         ] GC(1846) User=0.03s Sys=0.00s Real=0.02s
[271.169s][info][gc,start       ] GC(1847) Pause Young (Allocation Failure)
[271.198s][info][gc,heap        ] GC(1847) DefNew: 140063K(157248K)->288K(157248K) Eden: 139776K(139776K)->0K(139776K) From: 287K(17472K)->288K(17472K)
[271.198s][info][gc,heap        ] GC(1847) Tenured: 7697K(349568K)->7715K(349568K)
[271.198s][info][gc,metaspace   ] GC(1847) Metaspace: 14277K(15168K)->14277K(15168K) NonClass: 12318K(12864K)->12318K(12864K) Class: 1959K(2304K)->1959K(2304K)
[271.198s][info][gc             ] GC(1847) Pause Young (Allocation Failure) 144M->7M(494M) 29.602ms
[271.198s][info][gc,cpu         ] GC(1847) User=0.03s Sys=0.00s Real=0.03s
[271.314s][info][gc,start       ] GC(1848) Pause Young (Allocation Failure)
[271.343s][info][gc,heap        ] GC(1848) DefNew: 140064K(157248K)->287K(157248K) Eden: 139776K(139776K)->0K(139776K) From: 288K(17472K)->287K(17472K)
[271.343s][info][gc,heap        ] GC(1848) Tenured: 7715K(349568K)->7733K(349568K)
[271.343s][info][gc,metaspace   ] GC(1848) Metaspace: 14277K(15168K)->14277K(15168K) NonClass: 12318K(12864K)->12318K(12864K) Class: 1959K(2304K)->1959K(2304K)
[271.343s][info][gc             ] GC(1848) Pause Young (Allocation Failure) 144M->7M(494M) 28.282ms
[271.343s][info][gc,cpu         ] GC(1848) User=0.02s Sys=0.00s Real=0.02s
[271.455s][info][gc,start       ] GC(1849) Pause Young (Allocation Failure)
[271.483s][info][gc,heap        ] GC(1849) DefNew: 140063K(157248K)->290K(157248K) Eden: 139775K(139776K)->0K(139776K) From: 287K(17472K)->290K(17472K)
[271.483s][info][gc,heap        ] GC(1849) Tenured: 7733K(349568K)->7750K(349568K)
[271.483s][info][gc,metaspace   ] GC(1849) Metaspace: 14277K(15168K)->14277K(15168K) NonClass: 12318K(12864K)->12318K(12864K) Class: 1959K(2304K)->1959K(2304K)
[271.483s][info][gc             ] GC(1849) Pause Young (Allocation Failure) 144M->7M(494M) 28.095ms
[271.483s][info][gc,cpu         ] GC(1849) User=0.02s Sys=0.00s Real=0.02s
[271.593s][info][gc,start       ] GC(1850) Pause Young (Allocation Failure)
[271.623s][info][gc,heap        ] GC(1850) DefNew: 140066K(157248K)->290K(157248K) Eden: 139776K(139776K)->0K(139776K) From: 290K(17472K)->290K(17472K)
[271.623s][info][gc,heap        ] GC(1850) Tenured: 7750K(349568K)->7768K(349568K)
[271.623s][info][gc,metaspace   ] GC(1850) Metaspace: 14277K(15168K)->14277K(15168K) NonClass: 12318K(12864K)->12318K(12864K) Class: 1959K(2304K)->1959K(2304K)
[271.623s][info][gc             ] GC(1850) Pause Young (Allocation Failure) 144M->7M(494M) 29.679ms
[271.623s][info][gc,cpu         ] GC(1850) User=0.03s Sys=0.00s Real=0.03s
[271.743s][info][gc,start       ] GC(1851) Pause Young (Allocation Failure)
[271.763s][info][gc,heap        ] GC(1851) DefNew: 140066K(157248K)->291K(157248K) Eden: 139776K(139776K)->0K(139776K) From: 290K(17472K)->291K(17472K)
[271.763s][info][gc,heap        ] GC(1851) Tenured: 7768K(349568K)->7786K(349568K)
[271.763s][info][gc,metaspace   ] GC(1851) Metaspace: 14277K(15168K)->14277K(15168K) NonClass: 12318K(12864K)->12318K(12864K) Class: 1959K(2304K)->1959K(2304K)
[271.764s][info][gc             ] GC(1851) Pause Young (Allocation Failure) 144M->7M(494M) 20.513ms
[271.764s][info][gc,cpu         ] GC(1851) User=0.02s Sys=0.00s Real=0.02s
[271.872s][info][gc,start       ] GC(1852) Pause Young (Allocation Failure)
[271.900s][info][gc,heap        ] GC(1852) DefNew: 140067K(157248K)->290K(157248K) Eden: 139776K(139776K)->0K(139776K) From: 291K(17472K)->290K(17472K)
[271.900s][info][gc,heap        ] GC(1852) Tenured: 7786K(349568K)->7804K(349568K)
[271.900s][info][gc,metaspace   ] GC(1852) Metaspace: 14277K(15168K)->14277K(15168K) NonClass: 12318K(12864K)->12318K(12864K) Class: 1959K(2304K)->1959K(2304K)
[271.900s][info][gc             ] GC(1852) Pause Young (Allocation Failure) 144M->7M(494M) 28.170ms
[271.900s][info][gc,cpu         ] GC(1852) User=0.03s Sys=0.00s Real=0.03s
[272.011s][info][gc,start       ] GC(1853) Pause Young (Allocation Failure)
[272.039s][info][gc,heap        ] GC(1853) DefNew: 140066K(157248K)->290K(157248K) Eden: 139776K(139776K)->0K(139776K) From: 290K(17472K)->290K(17472K)
[272.039s][info][gc,heap        ] GC(1853) Tenured: 7804K(349568K)->7822K(349568K)
[272.039s][info][gc,metaspace   ] GC(1853) Metaspace: 14277K(15168K)->14277K(15168K) NonClass: 12318K(12864K)->12318K(12864K) Class: 1959K(2304K)->1959K(2304K)
[272.039s][info][gc             ] GC(1853) Pause Young (Allocation Failure) 144M->7M(494M) 28.199ms
[272.039s][info][gc,cpu         ] GC(1853) User=0.03s Sys=0.00s Real=0.03s
[272.151s][info][gc,start       ] GC(1854) Pause Young (Allocation Failure)
[272.179s][info][gc,heap        ] GC(1854) DefNew: 140066K(157248K)->291K(157248K) Eden: 139776K(139776K)->0K(139776K) From: 290K(17472K)->291K(17472K)
[272.180s][info][gc,heap        ] GC(1854) Tenured: 7822K(349568K)->7839K(349568K)
[272.180s][info][gc,metaspace   ] GC(1854) Metaspace: 14277K(15168K)->14277K(15168K) NonClass: 12318K(12864K)->12318K(12864K) Class: 1959K(2304K)->1959K(2304K)
[272.180s][info][gc             ] GC(1854) Pause Young (Allocation Failure) 144M->7M(494M) 28.547ms
[272.180s][info][gc,cpu         ] GC(1854) User=0.03s Sys=0.00s Real=0.03s
[272.291s][info][gc,start       ] GC(1855) Pause Young (Allocation Failure)
[272.322s][info][gc,heap        ] GC(1855) DefNew: 140067K(157248K)->291K(157248K) Eden: 139776K(139776K)->0K(139776K) From: 291K(17472K)->291K(17472K)
[272.322s][info][gc,heap        ] GC(1855) Tenured: 7839K(349568K)->7857K(349568K)
[272.322s][info][gc,metaspace   ] GC(1855) Metaspace: 14277K(15168K)->14277K(15168K) NonClass: 12318K(12864K)->12318K(12864K) Class: 1959K(2304K)->1959K(2304K)
[272.322s][info][gc             ] GC(1855) Pause Young (Allocation Failure) 144M->7M(494M) 31.002ms
[272.322s][info][gc,cpu         ] GC(1855) User=0.02s Sys=0.00s Real=0.02s
[272.434s][info][gc,start       ] GC(1856) Pause Young (Allocation Failure)
[272.460s][info][gc,heap        ] GC(1856) DefNew: 140067K(157248K)->293K(157248K) Eden: 139776K(139776K)->0K(139776K) From: 291K(17472K)->293K(17472K)
[272.460s][info][gc,heap        ] GC(1856) Tenured: 7857K(349568K)->7875K(349568K)
[272.460s][info][gc,metaspace   ] GC(1856) Metaspace: 14277K(15168K)->14277K(15168K) NonClass: 12318K(12864K)->12318K(12864K) Class: 1959K(2304K)->1959K(2304K)
[272.460s][info][gc             ] GC(1856) Pause Young (Allocation Failure) 144M->7M(494M) 25.842ms
[272.460s][info][gc,cpu         ] GC(1856) User=0.02s Sys=0.00s Real=0.01s
[272.571s][info][gc,start       ] GC(1857) Pause Young (Allocation Failure)
[272.593s][info][gc,heap        ] GC(1857) DefNew: 140069K(157248K)->290K(157248K) Eden: 139776K(139776K)->0K(139776K) From: 293K(17472K)->290K(17472K)
[272.593s][info][gc,heap        ] GC(1857) Tenured: 7875K(349568K)->7892K(349568K)
[272.593s][info][gc,metaspace   ] GC(1857) Metaspace: 14277K(15168K)->14277K(15168K) NonClass: 12318K(12864K)->12318K(12864K) Class: 1959K(2304K)->1959K(2304K)
[272.593s][info][gc             ] GC(1857) Pause Young (Allocation Failure) 144M->7M(494M) 22.583ms
[272.593s][info][gc,cpu         ] GC(1857) User=0.02s Sys=0.00s Real=0.02s
[272.702s][info][gc,start       ] GC(1858) Pause Young (Allocation Failure)
[272.724s][info][gc,heap        ] GC(1858) DefNew: 140066K(157248K)->287K(157248K) Eden: 139776K(139776K)->0K(139776K) From: 290K(17472K)->287K(17472K)
[272.724s][info][gc,heap        ] GC(1858) Tenured: 7892K(349568K)->7913K(349568K)
[272.724s][info][gc,metaspace   ] GC(1858) Metaspace: 14277K(15168K)->14277K(15168K) NonClass: 12318K(12864K)->12318K(12864K) Class: 1959K(2304K)->1959K(2304K)
[272.724s][info][gc             ] GC(1858) Pause Young (Allocation Failure) 144M->8M(494M) 22.140ms
[272.724s][info][gc,cpu         ] GC(1858) User=0.02s Sys=0.00s Real=0.02s
[272.834s][info][gc,start       ] GC(1859) Pause Young (Allocation Failure)
[272.857s][info][gc,heap        ] GC(1859) DefNew: 140063K(157248K)->287K(157248K) Eden: 139776K(139776K)->0K(139776K) From: 287K(17472K)->287K(17472K)
[272.857s][info][gc,heap        ] GC(1859) Tenured: 7913K(349568K)->7934K(349568K)
[272.857s][info][gc,metaspace   ] GC(1859) Metaspace: 14277K(15168K)->14277K(15168K) NonClass: 12318K(12864K)->12318K(12864K) Class: 1959K(2304K)->1959K(2304K)
[272.857s][info][gc             ] GC(1859) Pause Young (Allocation Failure) 144M->8M(494M) 22.882ms
[272.857s][info][gc,cpu         ] GC(1859) User=0.03s Sys=0.00s Real=0.02s
[272.967s][info][gc,start       ] GC(1860) Pause Young (Allocation Failure)
[272.998s][info][gc,heap        ] GC(1860) DefNew: 140063K(157248K)->284K(157248K) Eden: 139776K(139776K)->0K(139776K) From: 287K(17472K)->284K(17472K)
[273.013s][info][gc,heap        ] GC(1860) Tenured: 7934K(349568K)->7955K(349568K)
[273.014s][info][gc,metaspace   ] GC(1860) Metaspace: 14277K(15168K)->14277K(15168K) NonClass: 12318K(12864K)->12318K(12864K) Class: 1959K(2304K)->1959K(2304K)
[273.014s][info][gc             ] GC(1860) Pause Young (Allocation Failure) 144M->8M(494M) 46.886ms
[273.014s][info][gc,cpu         ] GC(1860) User=0.03s Sys=0.00s Real=0.05s
[273.128s][info][gc,start       ] GC(1861) Pause Young (Allocation Failure)
[273.160s][info][gc,heap        ] GC(1861) DefNew: 140060K(157248K)->280K(157248K) Eden: 139776K(139776K)->0K(139776K) From: 284K(17472K)->280K(17472K)
[273.160s][info][gc,heap        ] GC(1861) Tenured: 7955K(349568K)->7976K(349568K)
[273.160s][info][gc,metaspace   ] GC(1861) Metaspace: 14277K(15168K)->14277K(15168K) NonClass: 12318K(12864K)->12318K(12864K) Class: 1959K(2304K)->1959K(2304K)
[273.160s][info][gc             ] GC(1861) Pause Young (Allocation Failure) 144M->8M(494M) 32.064ms
[273.160s][info][gc,cpu         ] GC(1861) User=0.03s Sys=0.00s Real=0.02s
[273.274s][info][gc,start       ] GC(1862) Pause Young (Allocation Failure)
[273.298s][info][gc,heap        ] GC(1862) DefNew: 140056K(157248K)->283K(157248K) Eden: 139776K(139776K)->0K(139776K) From: 280K(17472K)->283K(17472K)
[273.298s][info][gc,heap        ] GC(1862) Tenured: 7976K(349568K)->7994K(349568K)
[273.298s][info][gc,metaspace   ] GC(1862) Metaspace: 14277K(15168K)->14277K(15168K) NonClass: 12318K(12864K)->12318K(12864K) Class: 1959K(2304K)->1959K(2304K)
[273.298s][info][gc             ] GC(1862) Pause Young (Allocation Failure) 144M->8M(494M) 23.555ms
[273.298s][info][gc,cpu         ] GC(1862) User=0.00s Sys=0.00s Real=0.01s
[273.407s][info][gc,start       ] GC(1863) Pause Young (Allocation Failure)
[273.438s][info][gc,heap        ] GC(1863) DefNew: 140059K(157248K)->283K(157248K) Eden: 139776K(139776K)->0K(139776K) From: 283K(17472K)->283K(17472K)
[273.438s][info][gc,heap        ] GC(1863) Tenured: 7994K(349568K)->8011K(349568K)
[273.438s][info][gc,metaspace   ] GC(1863) Metaspace: 14277K(15168K)->14277K(15168K) NonClass: 12318K(12864K)->12318K(12864K) Class: 1959K(2304K)->1959K(2304K)
[273.438s][info][gc             ] GC(1863) Pause Young (Allocation Failure) 144M->8M(494M) 31.808ms
[273.438s][info][gc,cpu         ] GC(1863) User=0.03s Sys=0.00s Real=0.03s
[273.551s][info][gc,start       ] GC(1864) Pause Young (Allocation Failure)
[273.582s][info][gc,heap        ] GC(1864) DefNew: 140059K(157248K)->280K(157248K) Eden: 139776K(139776K)->0K(139776K) From: 283K(17472K)->280K(17472K)
[273.582s][info][gc,heap        ] GC(1864) Tenured: 8011K(349568K)->8032K(349568K)
[273.582s][info][gc,metaspace   ] GC(1864) Metaspace: 14277K(15168K)->14277K(15168K) NonClass: 12318K(12864K)->12318K(12864K) Class: 1959K(2304K)->1959K(2304K)
[273.583s][info][gc             ] GC(1864) Pause Young (Allocation Failure) 144M->8M(494M) 31.755ms
[273.583s][info][gc,cpu         ] GC(1864) User=0.02s Sys=0.00s Real=0.02s
[273.696s][info][gc,start       ] GC(1865) Pause Young (Allocation Failure)
[273.729s][info][gc,heap        ] GC(1865) DefNew: 140056K(157248K)->283K(157248K) Eden: 139776K(139776K)->0K(139776K) From: 280K(17472K)->283K(17472K)
[273.729s][info][gc,heap        ] GC(1865) Tenured: 8032K(349568K)->8050K(349568K)
[273.730s][info][gc,metaspace   ] GC(1865) Metaspace: 14277K(15168K)->14277K(15168K) NonClass: 12318K(12864K)->12318K(12864K) Class: 1959K(2304K)->1959K(2304K)
[273.730s][info][gc             ] GC(1865) Pause Young (Allocation Failure) 144M->8M(494M) 33.435ms
[273.730s][info][gc,cpu         ] GC(1865) User=0.03s Sys=0.00s Real=0.03s
[273.842s][info][gc,start       ] GC(1866) Pause Young (Allocation Failure)
[273.866s][info][gc,heap        ] GC(1866) DefNew: 140059K(157248K)->284K(157248K) Eden: 139776K(139776K)->0K(139776K) From: 283K(17472K)->284K(17472K)
[273.866s][info][gc,heap        ] GC(1866) Tenured: 8050K(349568K)->8068K(349568K)
[273.866s][info][gc,metaspace   ] GC(1866) Metaspace: 14277K(15168K)->14277K(15168K) NonClass: 12318K(12864K)->12318K(12864K) Class: 1959K(2304K)->1959K(2304K)
[273.866s][info][gc             ] GC(1866) Pause Young (Allocation Failure) 144M->8M(494M) 23.941ms
[273.866s][info][gc,cpu         ] GC(1866) User=0.02s Sys=0.00s Real=0.02s
[273.977s][info][gc,start       ] GC(1867) Pause Young (Allocation Failure)
[274.001s][info][gc,heap        ] GC(1867) DefNew: 140060K(157248K)->286K(157248K) Eden: 139776K(139776K)->0K(139776K) From: 284K(17472K)->286K(17472K)
[274.001s][info][gc,heap        ] GC(1867) Tenured: 8068K(349568K)->8086K(349568K)
[274.001s][info][gc,metaspace   ] GC(1867) Metaspace: 14277K(15168K)->14277K(15168K) NonClass: 12318K(12864K)->12318K(12864K) Class: 1959K(2304K)->1959K(2304K)
[274.001s][info][gc             ] GC(1867) Pause Young (Allocation Failure) 144M->8M(494M) 24.806ms
[274.001s][info][gc,cpu         ] GC(1867) User=0.02s Sys=0.00s Real=0.03s
[274.112s][info][gc,start       ] GC(1868) Pause Young (Allocation Failure)
[274.137s][info][gc,heap        ] GC(1868) DefNew: 140062K(157248K)->288K(157248K) Eden: 139776K(139776K)->0K(139776K) From: 286K(17472K)->288K(17472K)
[274.137s][info][gc,heap        ] GC(1868) Tenured: 8086K(349568K)->8103K(349568K)
[274.137s][info][gc,metaspace   ] GC(1868) Metaspace: 14277K(15168K)->14277K(15168K) NonClass: 12318K(12864K)->12318K(12864K) Class: 1959K(2304K)->1959K(2304K)
[274.137s][info][gc             ] GC(1868) Pause Young (Allocation Failure) 144M->8M(494M) 24.855ms
[274.137s][info][gc,cpu         ] GC(1868) User=0.02s Sys=0.00s Real=0.02s
[274.247s][info][gc,start       ] GC(1869) Pause Young (Allocation Failure)
[274.272s][info][gc,heap        ] GC(1869) DefNew: 140064K(157248K)->287K(157248K) Eden: 139775K(139776K)->0K(139776K) From: 288K(17472K)->287K(17472K)
[274.272s][info][gc,heap        ] GC(1869) Tenured: 8103K(349568K)->8121K(349568K)
[274.272s][info][gc,metaspace   ] GC(1869) Metaspace: 14277K(15168K)->14277K(15168K) NonClass: 12318K(12864K)->12318K(12864K) Class: 1959K(2304K)->1959K(2304K)
[274.272s][info][gc             ] GC(1869) Pause Young (Allocation Failure) 144M->8M(494M) 25.076ms
[274.272s][info][gc,cpu         ] GC(1869) User=0.02s Sys=0.00s Real=0.02s
[274.381s][info][gc,start       ] GC(1870) Pause Young (Allocation Failure)
[274.414s][info][gc,heap        ] GC(1870) DefNew: 140063K(157248K)->286K(157248K) Eden: 139776K(139776K)->0K(139776K) From: 287K(17472K)->286K(17472K)
[274.414s][info][gc,heap        ] GC(1870) Tenured: 8121K(349568K)->8139K(349568K)
[274.414s][info][gc,metaspace   ] GC(1870) Metaspace: 14277K(15168K)->14277K(15168K) NonClass: 12318K(12864K)->12318K(12864K) Class: 1959K(2304K)->1959K(2304K)
[274.414s][info][gc             ] GC(1870) Pause Young (Allocation Failure) 144M->8M(494M) 33.427ms
[274.414s][info][gc,cpu         ] GC(1870) User=0.03s Sys=0.00s Real=0.03s
[274.527s][info][gc,start       ] GC(1871) Pause Young (Allocation Failure)
[274.562s][info][gc,heap        ] GC(1871) DefNew: 140062K(157248K)->287K(157248K) Eden: 139776K(139776K)->0K(139776K) From: 286K(17472K)->287K(17472K)
[274.562s][info][gc,heap        ] GC(1871) Tenured: 8139K(349568K)->8157K(349568K)
[274.562s][info][gc,metaspace   ] GC(1871) Metaspace: 14277K(15168K)->14277K(15168K) NonClass: 12318K(12864K)->12318K(12864K) Class: 1959K(2304K)->1959K(2304K)
[274.562s][info][gc             ] GC(1871) Pause Young (Allocation Failure) 144M->8M(494M) 35.024ms
[274.562s][info][gc,cpu         ] GC(1871) User=0.03s Sys=0.00s Real=0.04s
[274.769s][info][gc,start       ] GC(1872) Pause Young (Allocation Failure)
[274.801s][info][gc,heap        ] GC(1872) DefNew: 140063K(157248K)->290K(157248K) Eden: 139776K(139776K)->0K(139776K) From: 287K(17472K)->290K(17472K)
[274.801s][info][gc,heap        ] GC(1872) Tenured: 8157K(349568K)->8174K(349568K)
[274.801s][info][gc,metaspace   ] GC(1872) Metaspace: 14277K(15168K)->14277K(15168K) NonClass: 12318K(12864K)->12318K(12864K) Class: 1959K(2304K)->1959K(2304K)
[274.801s][info][gc             ] GC(1872) Pause Young (Allocation Failure) 144M->8M(494M) 31.967ms
[274.801s][info][gc,cpu         ] GC(1872) User=0.03s Sys=0.00s Real=0.03s
[274.916s][info][gc,start       ] GC(1873) Pause Young (Allocation Failure)
[274.948s][info][gc,heap        ] GC(1873) DefNew: 140066K(157248K)->290K(157248K) Eden: 139776K(139776K)->0K(139776K) From: 290K(17472K)->290K(17472K)
[274.948s][info][gc,heap        ] GC(1873) Tenured: 8174K(349568K)->8192K(349568K)
[274.948s][info][gc,metaspace   ] GC(1873) Metaspace: 14277K(15168K)->14277K(15168K) NonClass: 12318K(12864K)->12318K(12864K) Class: 1959K(2304K)->1959K(2304K)
[274.948s][info][gc             ] GC(1873) Pause Young (Allocation Failure) 144M->8M(494M) 32.289ms
[274.948s][info][gc,cpu         ] GC(1873) User=0.02s Sys=0.00s Real=0.03s
[275.078s][info][gc,start       ] GC(1874) Pause Young (Allocation Failure)
[275.109s][info][gc,heap        ] GC(1874) DefNew: 140066K(157248K)->290K(157248K) Eden: 139776K(139776K)->0K(139776K) From: 290K(17472K)->290K(17472K)
[275.109s][info][gc,heap        ] GC(1874) Tenured: 8192K(349568K)->8213K(349568K)
[275.109s][info][gc,metaspace   ] GC(1874) Metaspace: 14277K(15168K)->14277K(15168K) NonClass: 12318K(12864K)->12318K(12864K) Class: 1959K(2304K)->1959K(2304K)
[275.109s][info][gc             ] GC(1874) Pause Young (Allocation Failure) 144M->8M(494M) 30.429ms
[275.109s][info][gc,cpu         ] GC(1874) User=0.03s Sys=0.00s Real=0.03s
[275.229s][info][gc,start       ] GC(1875) Pause Young (Allocation Failure)
[275.257s][info][gc,heap        ] GC(1875) DefNew: 140066K(157248K)->291K(157248K) Eden: 139776K(139776K)->0K(139776K) From: 290K(17472K)->291K(17472K)
[275.257s][info][gc,heap        ] GC(1875) Tenured: 8213K(349568K)->8231K(349568K)
[275.257s][info][gc,metaspace   ] GC(1875) Metaspace: 14277K(15168K)->14277K(15168K) NonClass: 12318K(12864K)->12318K(12864K) Class: 1959K(2304K)->1959K(2304K)
[275.257s][info][gc             ] GC(1875) Pause Young (Allocation Failure) 144M->8M(494M) 28.105ms
[275.257s][info][gc,cpu         ] GC(1875) User=0.02s Sys=0.00s Real=0.02s
[275.370s][info][gc,start       ] GC(1876) Pause Young (Allocation Failure)
[275.397s][info][gc,heap        ] GC(1876) DefNew: 140067K(157248K)->294K(157248K) Eden: 139776K(139776K)->0K(139776K) From: 291K(17472K)->294K(17472K)
[275.397s][info][gc,heap        ] GC(1876) Tenured: 8231K(349568K)->8248K(349568K)
[275.397s][info][gc,metaspace   ] GC(1876) Metaspace: 14277K(15168K)->14277K(15168K) NonClass: 12318K(12864K)->12318K(12864K) Class: 1959K(2304K)->1959K(2304K)
[275.397s][info][gc             ] GC(1876) Pause Young (Allocation Failure) 144M->8M(494M) 27.654ms
[275.397s][info][gc,cpu         ] GC(1876) User=0.02s Sys=0.00s Real=0.02s
[275.510s][info][gc,start       ] GC(1877) Pause Young (Allocation Failure)
[275.530s][info][gc,heap        ] GC(1877) DefNew: 140070K(157248K)->293K(157248K) Eden: 139776K(139776K)->0K(139776K) From: 294K(17472K)->293K(17472K)
[275.530s][info][gc,heap        ] GC(1877) Tenured: 8248K(349568K)->8269K(349568K)
[275.530s][info][gc,metaspace   ] GC(1877) Metaspace: 14277K(15168K)->14277K(15168K) NonClass: 12318K(12864K)->12318K(12864K) Class: 1959K(2304K)->1959K(2304K)
[275.530s][info][gc             ] GC(1877) Pause Young (Allocation Failure) 144M->8M(494M) 20.761ms
[275.530s][info][gc,cpu         ] GC(1877) User=0.02s Sys=0.00s Real=0.02s
[275.639s][info][gc,start       ] GC(1878) Pause Young (Allocation Failure)
[275.667s][info][gc,heap        ] GC(1878) DefNew: 140069K(157248K)->294K(157248K) Eden: 139776K(139776K)->0K(139776K) From: 293K(17472K)->294K(17472K)
[275.667s][info][gc,heap        ] GC(1878) Tenured: 8269K(349568K)->8286K(349568K)
[275.667s][info][gc,metaspace   ] GC(1878) Metaspace: 14277K(15168K)->14277K(15168K) NonClass: 12318K(12864K)->12318K(12864K) Class: 1959K(2304K)->1959K(2304K)
[275.667s][info][gc             ] GC(1878) Pause Young (Allocation Failure) 144M->8M(494M) 27.699ms
[275.667s][info][gc,cpu         ] GC(1878) User=0.03s Sys=0.00s Real=0.02s
[275.777s][info][gc,start       ] GC(1879) Pause Young (Allocation Failure)
[275.804s][info][gc,heap        ] GC(1879) DefNew: 140070K(157248K)->293K(157248K) Eden: 139776K(139776K)->0K(139776K) From: 294K(17472K)->293K(17472K)
[275.804s][info][gc,heap        ] GC(1879) Tenured: 8286K(349568K)->8304K(349568K)
[275.804s][info][gc,metaspace   ] GC(1879) Metaspace: 14277K(15168K)->14277K(15168K) NonClass: 12318K(12864K)->12318K(12864K) Class: 1959K(2304K)->1959K(2304K)
[275.804s][info][gc             ] GC(1879) Pause Young (Allocation Failure) 144M->8M(494M) 27.651ms
[275.804s][info][gc,cpu         ] GC(1879) User=0.02s Sys=0.00s Real=0.02s
[275.925s][info][gc,start       ] GC(1880) Pause Young (Allocation Failure)
[275.952s][info][gc,heap        ] GC(1880) DefNew: 140069K(157248K)->293K(157248K) Eden: 139776K(139776K)->0K(139776K) From: 293K(17472K)->293K(17472K)
[275.952s][info][gc,heap        ] GC(1880) Tenured: 8304K(349568K)->8325K(349568K)
[275.952s][info][gc,metaspace   ] GC(1880) Metaspace: 14277K(15168K)->14277K(15168K) NonClass: 12318K(12864K)->12318K(12864K) Class: 1959K(2304K)->1959K(2304K)
[275.952s][info][gc             ] GC(1880) Pause Young (Allocation Failure) 144M->8M(494M) 27.280ms
[275.952s][info][gc,cpu         ] GC(1880) User=0.02s Sys=0.00s Real=0.01s
[276.062s][info][gc,start       ] GC(1881) Pause Young (Allocation Failure)
[276.091s][info][gc,heap        ] GC(1881) DefNew: 140069K(157248K)->292K(157248K) Eden: 139776K(139776K)->0K(139776K) From: 293K(17472K)->292K(17472K)
[276.091s][info][gc,heap        ] GC(1881) Tenured: 8325K(349568K)->8343K(349568K)
[276.091s][info][gc,metaspace   ] GC(1881) Metaspace: 14277K(15168K)->14277K(15168K) NonClass: 12318K(12864K)->12318K(12864K) Class: 1959K(2304K)->1959K(2304K)
[276.091s][info][gc             ] GC(1881) Pause Young (Allocation Failure) 144M->8M(494M) 29.276ms
[276.091s][info][gc,cpu         ] GC(1881) User=0.02s Sys=0.00s Real=0.02s
[276.203s][info][gc,start       ] GC(1882) Pause Young (Allocation Failure)
[276.224s][info][gc,heap        ] GC(1882) DefNew: 140068K(157248K)->289K(157248K) Eden: 139776K(139776K)->0K(139776K) From: 292K(17472K)->289K(17472K)
[276.224s][info][gc,heap        ] GC(1882) Tenured: 8343K(349568K)->8365K(349568K)
[276.224s][info][gc,metaspace   ] GC(1882) Metaspace: 14277K(15168K)->14277K(15168K) NonClass: 12318K(12864K)->12318K(12864K) Class: 1959K(2304K)->1959K(2304K)
[276.224s][info][gc             ] GC(1882) Pause Young (Allocation Failure) 144M->8M(494M) 21.927ms
[276.224s][info][gc,cpu         ] GC(1882) User=0.02s Sys=0.00s Real=0.02s
[276.333s][info][gc,start       ] GC(1883) Pause Young (Allocation Failure)
[276.362s][info][gc,heap        ] GC(1883) DefNew: 140065K(157248K)->290K(157248K) Eden: 139776K(139776K)->0K(139776K) From: 289K(17472K)->290K(17472K)
[276.362s][info][gc,heap        ] GC(1883) Tenured: 8365K(349568K)->8383K(349568K)
[276.362s][info][gc,metaspace   ] GC(1883) Metaspace: 14277K(15168K)->14277K(15168K) NonClass: 12318K(12864K)->12318K(12864K) Class: 1959K(2304K)->1959K(2304K)
[276.362s][info][gc             ] GC(1883) Pause Young (Allocation Failure) 144M->8M(494M) 29.045ms
[276.362s][info][gc,cpu         ] GC(1883) User=0.03s Sys=0.00s Real=0.03s
[276.473s][info][gc,start       ] GC(1884) Pause Young (Allocation Failure)
[276.502s][info][gc,heap        ] GC(1884) DefNew: 140066K(157248K)->289K(157248K) Eden: 139776K(139776K)->0K(139776K) From: 290K(17472K)->289K(17472K)
[276.502s][info][gc,heap        ] GC(1884) Tenured: 8383K(349568K)->8400K(349568K)
[276.502s][info][gc,metaspace   ] GC(1884) Metaspace: 14277K(15168K)->14277K(15168K) NonClass: 12318K(12864K)->12318K(12864K) Class: 1959K(2304K)->1959K(2304K)
[276.502s][info][gc             ] GC(1884) Pause Young (Allocation Failure) 144M->8M(494M) 29.212ms
[276.502s][info][gc,cpu         ] GC(1884) User=0.03s Sys=0.00s Real=0.02s
[276.613s][info][gc,start       ] GC(1885) Pause Young (Allocation Failure)
[276.643s][info][gc,heap        ] GC(1885) DefNew: 140065K(157248K)->290K(157248K) Eden: 139776K(139776K)->0K(139776K) From: 289K(17472K)->290K(17472K)
[276.644s][info][gc,heap        ] GC(1885) Tenured: 8400K(349568K)->8418K(349568K)
[276.644s][info][gc,metaspace   ] GC(1885) Metaspace: 14277K(15168K)->14277K(15168K) NonClass: 12318K(12864K)->12318K(12864K) Class: 1959K(2304K)->1959K(2304K)
[276.644s][info][gc             ] GC(1885) Pause Young (Allocation Failure) 144M->8M(494M) 30.195ms
[276.644s][info][gc,cpu         ] GC(1885) User=0.03s Sys=0.02s Real=0.02s
[276.756s][info][gc,start       ] GC(1886) Pause Young (Allocation Failure)
[276.779s][info][gc,heap        ] GC(1886) DefNew: 140066K(157248K)->288K(157248K) Eden: 139776K(139776K)->0K(139776K) From: 290K(17472K)->288K(17472K)
[276.779s][info][gc,heap        ] GC(1886) Tenured: 8418K(349568K)->8436K(349568K)
[276.779s][info][gc,metaspace   ] GC(1886) Metaspace: 14277K(15168K)->14277K(15168K) NonClass: 12318K(12864K)->12318K(12864K) Class: 1959K(2304K)->1959K(2304K)
[276.779s][info][gc             ] GC(1886) Pause Young (Allocation Failure) 145M->8M(494M) 22.819ms
[276.779s][info][gc,cpu         ] GC(1886) User=0.03s Sys=0.00s Real=0.02s
[276.889s][info][gc,start       ] GC(1887) Pause Young (Allocation Failure)
[276.912s][info][gc,heap        ] GC(1887) DefNew: 140064K(157248K)->285K(157248K) Eden: 139776K(139776K)->0K(139776K) From: 288K(17472K)->285K(17472K)
[276.912s][info][gc,heap        ] GC(1887) Tenured: 8436K(349568K)->8456K(349568K)
[276.912s][info][gc,metaspace   ] GC(1887) Metaspace: 14277K(15168K)->14277K(15168K) NonClass: 12318K(12864K)->12318K(12864K) Class: 1959K(2304K)->1959K(2304K)
[276.912s][info][gc             ] GC(1887) Pause Young (Allocation Failure) 145M->8M(494M) 23.150ms
[276.912s][info][gc,cpu         ] GC(1887) User=0.02s Sys=0.00s Real=0.02s
[277.021s][info][gc,start       ] GC(1888) Pause Young (Allocation Failure)
[277.052s][info][gc,heap        ] GC(1888) DefNew: 140061K(157248K)->286K(157248K) Eden: 139776K(139776K)->0K(139776K) From: 285K(17472K)->286K(17472K)
[277.052s][info][gc,heap        ] GC(1888) Tenured: 8456K(349568K)->8474K(349568K)
[277.052s][info][gc,metaspace   ] GC(1888) Metaspace: 14277K(15168K)->14277K(15168K) NonClass: 12318K(12864K)->12318K(12864K) Class: 1959K(2304K)->1959K(2304K)
[277.052s][info][gc             ] GC(1888) Pause Young (Allocation Failure) 145M->8M(494M) 30.959ms
[277.052s][info][gc,cpu         ] GC(1888) User=0.03s Sys=0.00s Real=0.03s
[277.165s][info][gc,start       ] GC(1889) Pause Young (Allocation Failure)
[277.196s][info][gc,heap        ] GC(1889) DefNew: 140062K(157248K)->283K(157248K) Eden: 139776K(139776K)->0K(139776K) From: 286K(17472K)->283K(17472K)
[277.196s][info][gc,heap        ] GC(1889) Tenured: 8474K(349568K)->8495K(349568K)
[277.196s][info][gc,metaspace   ] GC(1889) Metaspace: 14277K(15168K)->14277K(15168K) NonClass: 12318K(12864K)->12318K(12864K) Class: 1959K(2304K)->1959K(2304K)
[277.196s][info][gc             ] GC(1889) Pause Young (Allocation Failure) 145M->8M(494M) 30.787ms
[277.196s][info][gc,cpu         ] GC(1889) User=0.02s Sys=0.00s Real=0.02s
[277.308s][info][gc,start       ] GC(1890) Pause Young (Allocation Failure)
[277.340s][info][gc,heap        ] GC(1890) DefNew: 140059K(157248K)->283K(157248K) Eden: 139776K(139776K)->0K(139776K) From: 283K(17472K)->283K(17472K)
[277.340s][info][gc,heap        ] GC(1890) Tenured: 8495K(349568K)->8513K(349568K)
[277.340s][info][gc,metaspace   ] GC(1890) Metaspace: 14277K(15168K)->14277K(15168K) NonClass: 12318K(12864K)->12318K(12864K) Class: 1959K(2304K)->1959K(2304K)
[277.340s][info][gc             ] GC(1890) Pause Young (Allocation Failure) 145M->8M(494M) 31.752ms
[277.340s][info][gc,cpu         ] GC(1890) User=0.03s Sys=0.00s Real=0.03s
[277.454s][info][gc,start       ] GC(1891) Pause Young (Allocation Failure)
[277.486s][info][gc,heap        ] GC(1891) DefNew: 140059K(157248K)->283K(157248K) Eden: 139776K(139776K)->0K(139776K) From: 283K(17472K)->283K(17472K)
[277.486s][info][gc,heap        ] GC(1891) Tenured: 8513K(349568K)->8533K(349568K)
[277.486s][info][gc,metaspace   ] GC(1891) Metaspace: 14277K(15168K)->14277K(15168K) NonClass: 12318K(12864K)->12318K(12864K) Class: 1959K(2304K)->1959K(2304K)
[277.486s][info][gc             ] GC(1891) Pause Young (Allocation Failure) 145M->8M(494M) 31.694ms
[277.486s][info][gc,cpu         ] GC(1891) User=0.03s Sys=0.00s Real=0.03s
[277.598s][info][gc,start       ] GC(1892) Pause Young (Allocation Failure)
[277.629s][info][gc,heap        ] GC(1892) DefNew: 140059K(157248K)->280K(157248K) Eden: 139776K(139776K)->0K(139776K) From: 283K(17472K)->280K(17472K)
[277.629s][info][gc,heap        ] GC(1892) Tenured: 8533K(349568K)->8554K(349568K)
[277.629s][info][gc,metaspace   ] GC(1892) Metaspace: 14277K(15168K)->14277K(15168K) NonClass: 12318K(12864K)->12318K(12864K) Class: 1959K(2304K)->1959K(2304K)
[277.629s][info][gc             ] GC(1892) Pause Young (Allocation Failure) 145M->8M(494M) 31.593ms
[277.630s][info][gc,cpu         ] GC(1892) User=0.03s Sys=0.00s Real=0.03s
[277.742s][info][gc,start       ] GC(1893) Pause Young (Allocation Failure)
[277.774s][info][gc,heap        ] GC(1893) DefNew: 140056K(157248K)->281K(157248K) Eden: 139776K(139776K)->0K(139776K) From: 280K(17472K)->281K(17472K)
[277.774s][info][gc,heap        ] GC(1893) Tenured: 8554K(349568K)->8572K(349568K)
[277.774s][info][gc,metaspace   ] GC(1893) Metaspace: 14277K(15168K)->14277K(15168K) NonClass: 12318K(12864K)->12318K(12864K) Class: 1959K(2304K)->1959K(2304K)
[277.774s][info][gc             ] GC(1893) Pause Young (Allocation Failure) 145M->8M(494M) 32.121ms
[277.774s][info][gc,cpu         ] GC(1893) User=0.03s Sys=0.00s Real=0.03s
[277.887s][info][gc,start       ] GC(1894) Pause Young (Allocation Failure)
[277.921s][info][gc,heap        ] GC(1894) DefNew: 140057K(157248K)->281K(157248K) Eden: 139776K(139776K)->0K(139776K) From: 281K(17472K)->281K(17472K)
[277.921s][info][gc,heap        ] GC(1894) Tenured: 8572K(349568K)->8589K(349568K)
[277.921s][info][gc,metaspace   ] GC(1894) Metaspace: 14277K(15168K)->14277K(15168K) NonClass: 12318K(12864K)->12318K(12864K) Class: 1959K(2304K)->1959K(2304K)
[277.921s][info][gc             ] GC(1894) Pause Young (Allocation Failure) 145M->8M(494M) 33.591ms
[277.921s][info][gc,cpu         ] GC(1894) User=0.02s Sys=0.00s Real=0.02s
[278.032s][info][gc,start       ] GC(1895) Pause Young (Allocation Failure)
[278.065s][info][gc,heap        ] GC(1895) DefNew: 140057K(157248K)->278K(157248K) Eden: 139776K(139776K)->0K(139776K) From: 281K(17472K)->278K(17472K)
[278.065s][info][gc,heap        ] GC(1895) Tenured: 8589K(349568K)->8610K(349568K)
[278.065s][info][gc,metaspace   ] GC(1895) Metaspace: 14277K(15168K)->14277K(15168K) NonClass: 12318K(12864K)->12318K(12864K) Class: 1959K(2304K)->1959K(2304K)
[278.065s][info][gc             ] GC(1895) Pause Young (Allocation Failure) 145M->8M(494M) 32.738ms
[278.065s][info][gc,cpu         ] GC(1895) User=0.03s Sys=0.00s Real=0.03s
[278.178s][info][gc,start       ] GC(1896) Pause Young (Allocation Failure)
[278.211s][info][gc,heap        ] GC(1896) DefNew: 140054K(157248K)->279K(157248K) Eden: 139776K(139776K)->0K(139776K) From: 278K(17472K)->279K(17472K)
[278.211s][info][gc,heap        ] GC(1896) Tenured: 8610K(349568K)->8628K(349568K)
[278.211s][info][gc,metaspace   ] GC(1896) Metaspace: 14277K(15168K)->14277K(15168K) NonClass: 12318K(12864K)->12318K(12864K) Class: 1959K(2304K)->1959K(2304K)
[278.211s][info][gc             ] GC(1896) Pause Young (Allocation Failure) 145M->8M(494M) 33.036ms
[278.211s][info][gc,cpu         ] GC(1896) User=0.05s Sys=0.00s Real=0.03s
[278.323s][info][gc,start       ] GC(1897) Pause Young (Allocation Failure)
[278.357s][info][gc,heap        ] GC(1897) DefNew: 140055K(157248K)->278K(157248K) Eden: 139776K(139776K)->0K(139776K) From: 279K(17472K)->278K(17472K)
[278.357s][info][gc,heap        ] GC(1897) Tenured: 8628K(349568K)->8645K(349568K)
[278.357s][info][gc,metaspace   ] GC(1897) Metaspace: 14277K(15168K)->14277K(15168K) NonClass: 12318K(12864K)->12318K(12864K) Class: 1959K(2304K)->1959K(2304K)
[278.357s][info][gc             ] GC(1897) Pause Young (Allocation Failure) 145M->8M(494M) 33.843ms
[278.357s][info][gc,cpu         ] GC(1897) User=0.03s Sys=0.00s Real=0.03s
[278.471s][info][gc,start       ] GC(1898) Pause Young (Allocation Failure)
[278.524s][info][gc,heap        ] GC(1898) DefNew: 140054K(157248K)->278K(157248K) Eden: 139776K(139776K)->0K(139776K) From: 278K(17472K)->278K(17472K)
[278.524s][info][gc,heap        ] GC(1898) Tenured: 8645K(349568K)->8663K(349568K)
[278.524s][info][gc,metaspace   ] GC(1898) Metaspace: 14277K(15168K)->14277K(15168K) NonClass: 12318K(12864K)->12318K(12864K) Class: 1959K(2304K)->1959K(2304K)
[278.524s][info][gc             ] GC(1898) Pause Young (Allocation Failure) 145M->8M(494M) 52.518ms
[278.524s][info][gc,cpu         ] GC(1898) User=0.05s Sys=0.00s Real=0.05s
[278.774s][info][gc,start       ] GC(1899) Pause Young (Allocation Failure)
[278.805s][info][gc,heap        ] GC(1899) DefNew: 140054K(157248K)->277K(157248K) Eden: 139776K(139776K)->0K(139776K) From: 278K(17472K)->277K(17472K)
[278.805s][info][gc,heap        ] GC(1899) Tenured: 8663K(349568K)->8681K(349568K)
[278.805s][info][gc,metaspace   ] GC(1899) Metaspace: 14277K(15168K)->14277K(15168K) NonClass: 12318K(12864K)->12318K(12864K) Class: 1959K(2304K)->1959K(2304K)
[278.805s][info][gc             ] GC(1899) Pause Young (Allocation Failure) 145M->8M(494M) 31.479ms
[278.805s][info][gc,cpu         ] GC(1899) User=0.03s Sys=0.00s Real=0.03s
[278.925s][info][gc,start       ] GC(1900) Pause Young (Allocation Failure)
[278.949s][info][gc,heap        ] GC(1900) DefNew: 140053K(157248K)->280K(157248K) Eden: 139776K(139776K)->0K(139776K) From: 277K(17472K)->280K(17472K)
[278.949s][info][gc,heap        ] GC(1900) Tenured: 8681K(349568K)->8699K(349568K)
[278.949s][info][gc,metaspace   ] GC(1900) Metaspace: 14277K(15168K)->14277K(15168K) NonClass: 12318K(12864K)->12318K(12864K) Class: 1959K(2304K)->1959K(2304K)
[278.949s][info][gc             ] GC(1900) Pause Young (Allocation Failure) 145M->8M(494M) 23.656ms
[278.949s][info][gc,cpu         ] GC(1900) User=0.02s Sys=0.00s Real=0.02s
[279.076s][info][gc,start       ] GC(1901) Pause Young (Allocation Failure)
[279.106s][info][gc,heap        ] GC(1901) DefNew: 140056K(157248K)->285K(157248K) Eden: 139776K(139776K)->0K(139776K) From: 280K(17472K)->285K(17472K)
[279.106s][info][gc,heap        ] GC(1901) Tenured: 8699K(349568K)->8716K(349568K)
[279.106s][info][gc,metaspace   ] GC(1901) Metaspace: 14277K(15168K)->14277K(15168K) NonClass: 12318K(12864K)->12318K(12864K) Class: 1959K(2304K)->1959K(2304K)
[279.106s][info][gc             ] GC(1901) Pause Young (Allocation Failure) 145M->8M(494M) 29.816ms
[279.106s][info][gc,cpu         ] GC(1901) User=0.03s Sys=0.00s Real=0.03s
[279.222s][info][gc,start       ] GC(1902) Pause Young (Allocation Failure)
[279.251s][info][gc,heap        ] GC(1902) DefNew: 140061K(157248K)->284K(157248K) Eden: 139776K(139776K)->0K(139776K) From: 285K(17472K)->284K(17472K)
[279.251s][info][gc,heap        ] GC(1902) Tenured: 8716K(349568K)->8734K(349568K)
[279.251s][info][gc,metaspace   ] GC(1902) Metaspace: 14277K(15168K)->14277K(15168K) NonClass: 12318K(12864K)->12318K(12864K) Class: 1959K(2304K)->1959K(2304K)
[279.251s][info][gc             ] GC(1902) Pause Young (Allocation Failure) 145M->8M(494M) 28.588ms
[279.251s][info][gc,cpu         ] GC(1902) User=0.03s Sys=0.00s Real=0.03s
[279.366s][info][gc,start       ] GC(1903) Pause Young (Allocation Failure)
[279.393s][info][gc,heap        ] GC(1903) DefNew: 140060K(157248K)->288K(157248K) Eden: 139776K(139776K)->0K(139776K) From: 284K(17472K)->288K(17472K)
[279.393s][info][gc,heap        ] GC(1903) Tenured: 8734K(349568K)->8752K(349568K)
[279.393s][info][gc,metaspace   ] GC(1903) Metaspace: 14277K(15168K)->14277K(15168K) NonClass: 12318K(12864K)->12318K(12864K) Class: 1959K(2304K)->1959K(2304K)
[279.393s][info][gc             ] GC(1903) Pause Young (Allocation Failure) 145M->8M(494M) 27.350ms
[279.393s][info][gc,cpu         ] GC(1903) User=0.02s Sys=0.00s Real=0.01s
[279.502s][info][gc,start       ] GC(1904) Pause Young (Allocation Failure)
[279.523s][info][gc,heap        ] GC(1904) DefNew: 140064K(157248K)->284K(157248K) Eden: 139776K(139776K)->0K(139776K) From: 288K(17472K)->284K(17472K)
[279.523s][info][gc,heap        ] GC(1904) Tenured: 8752K(349568K)->8770K(349568K)
[279.523s][info][gc,metaspace   ] GC(1904) Metaspace: 14277K(15168K)->14277K(15168K) NonClass: 12318K(12864K)->12318K(12864K) Class: 1959K(2304K)->1959K(2304K)
[279.523s][info][gc             ] GC(1904) Pause Young (Allocation Failure) 145M->8M(494M) 20.885ms
[279.523s][info][gc,cpu         ] GC(1904) User=0.03s Sys=0.00s Real=0.02s
[279.633s][info][gc,start       ] GC(1905) Pause Young (Allocation Failure)
[279.661s][info][gc,heap        ] GC(1905) DefNew: 140060K(157248K)->287K(157248K) Eden: 139776K(139776K)->0K(139776K) From: 284K(17472K)->287K(17472K)
[279.661s][info][gc,heap        ] GC(1905) Tenured: 8770K(349568K)->8788K(349568K)
[279.661s][info][gc,metaspace   ] GC(1905) Metaspace: 14277K(15168K)->14277K(15168K) NonClass: 12318K(12864K)->12318K(12864K) Class: 1959K(2304K)->1959K(2304K)
[279.661s][info][gc             ] GC(1905) Pause Young (Allocation Failure) 145M->8M(494M) 28.041ms
[279.661s][info][gc,cpu         ] GC(1905) User=0.02s Sys=0.00s Real=0.02s
[279.779s][info][gc,start       ] GC(1906) Pause Young (Allocation Failure)
[279.806s][info][gc,heap        ] GC(1906) DefNew: 140063K(157248K)->285K(157248K) Eden: 139776K(139776K)->0K(139776K) From: 287K(17472K)->285K(17472K)
[279.806s][info][gc,heap        ] GC(1906) Tenured: 8788K(349568K)->8808K(349568K)
[279.806s][info][gc,metaspace   ] GC(1906) Metaspace: 14277K(15168K)->14277K(15168K) NonClass: 12318K(12864K)->12318K(12864K) Class: 1959K(2304K)->1959K(2304K)
[279.806s][info][gc             ] GC(1906) Pause Young (Allocation Failure) 145M->8M(494M) 27.146ms
[279.806s][info][gc,cpu         ] GC(1906) User=0.03s Sys=0.00s Real=0.02s
[279.916s][info][gc,start       ] GC(1907) Pause Young (Allocation Failure)
[279.944s][info][gc,heap        ] GC(1907) DefNew: 140061K(157248K)->284K(157248K) Eden: 139776K(139776K)->0K(139776K) From: 285K(17472K)->284K(17472K)
[279.944s][info][gc,heap        ] GC(1907) Tenured: 8808K(349568K)->8826K(349568K)
[279.944s][info][gc,metaspace   ] GC(1907) Metaspace: 14277K(15168K)->14277K(15168K) NonClass: 12318K(12864K)->12318K(12864K) Class: 1959K(2304K)->1959K(2304K)
[279.944s][info][gc             ] GC(1907) Pause Young (Allocation Failure) 145M->8M(494M) 28.112ms
[279.944s][info][gc,cpu         ] GC(1907) User=0.02s Sys=0.00s Real=0.03s
[280.054s][info][gc,start       ] GC(1908) Pause Young (Allocation Failure)
[280.083s][info][gc,heap        ] GC(1908) DefNew: 140060K(157248K)->283K(157248K) Eden: 139776K(139776K)->0K(139776K) From: 284K(17472K)->283K(17472K)
[280.083s][info][gc,heap        ] GC(1908) Tenured: 8826K(349568K)->8844K(349568K)
[280.083s][info][gc,metaspace   ] GC(1908) Metaspace: 14277K(15168K)->14277K(15168K) NonClass: 12318K(12864K)->12318K(12864K) Class: 1959K(2304K)->1959K(2304K)
[280.084s][info][gc             ] GC(1908) Pause Young (Allocation Failure) 145M->8M(494M) 29.219ms
[280.084s][info][gc,cpu         ] GC(1908) User=0.02s Sys=0.00s Real=0.02s
[280.195s][info][gc,start       ] GC(1909) Pause Young (Allocation Failure)
[280.223s][info][gc,heap        ] GC(1909) DefNew: 140059K(157248K)->284K(157248K) Eden: 139776K(139776K)->0K(139776K) From: 283K(17472K)->284K(17472K)
[280.223s][info][gc,heap        ] GC(1909) Tenured: 8844K(349568K)->8862K(349568K)
[280.223s][info][gc,metaspace   ] GC(1909) Metaspace: 14277K(15168K)->14277K(15168K) NonClass: 12318K(12864K)->12318K(12864K) Class: 1959K(2304K)->1959K(2304K)
[280.223s][info][gc             ] GC(1909) Pause Young (Allocation Failure) 145M->8M(494M) 28.521ms
[280.223s][info][gc,cpu         ] GC(1909) User=0.02s Sys=0.00s Real=0.02s
[280.336s][info][gc,start       ] GC(1910) Pause Young (Allocation Failure)
[280.365s][info][gc,heap        ] GC(1910) DefNew: 140060K(157248K)->285K(157248K) Eden: 139776K(139776K)->0K(139776K) From: 284K(17472K)->285K(17472K)
[280.365s][info][gc,heap        ] GC(1910) Tenured: 8862K(349568K)->8879K(349568K)
[280.365s][info][gc,metaspace   ] GC(1910) Metaspace: 14277K(15168K)->14277K(15168K) NonClass: 12318K(12864K)->12318K(12864K) Class: 1959K(2304K)->1959K(2304K)
[280.365s][info][gc             ] GC(1910) Pause Young (Allocation Failure) 145M->8M(494M) 29.815ms
[280.366s][info][gc,cpu         ] GC(1910) User=0.02s Sys=0.00s Real=0.02s
[280.476s][info][gc,start       ] GC(1911) Pause Young (Allocation Failure)
[280.505s][info][gc,heap        ] GC(1911) DefNew: 140061K(157248K)->287K(157248K) Eden: 139776K(139776K)->0K(139776K) From: 285K(17472K)->287K(17472K)
[280.505s][info][gc,heap        ] GC(1911) Tenured: 8879K(349568K)->8897K(349568K)
[280.505s][info][gc,metaspace   ] GC(1911) Metaspace: 14277K(15168K)->14277K(15168K) NonClass: 12318K(12864K)->12318K(12864K) Class: 1959K(2304K)->1959K(2304K)
[280.505s][info][gc             ] GC(1911) Pause Young (Allocation Failure) 145M->8M(494M) 28.928ms
[280.505s][info][gc,cpu         ] GC(1911) User=0.02s Sys=0.00s Real=0.02s
[280.615s][info][gc,start       ] GC(1912) Pause Young (Allocation Failure)
[280.644s][info][gc,heap        ] GC(1912) DefNew: 140063K(157248K)->286K(157248K) Eden: 139776K(139776K)->0K(139776K) From: 287K(17472K)->286K(17472K)
[280.644s][info][gc,heap        ] GC(1912) Tenured: 8897K(349568K)->8915K(349568K)
[280.644s][info][gc,metaspace   ] GC(1912) Metaspace: 14277K(15168K)->14277K(15168K) NonClass: 12318K(12864K)->12318K(12864K) Class: 1959K(2304K)->1959K(2304K)
[280.644s][info][gc             ] GC(1912) Pause Young (Allocation Failure) 145M->8M(494M) 28.988ms
[280.644s][info][gc,cpu         ] GC(1912) User=0.02s Sys=0.00s Real=0.01s
[280.755s][info][gc,start       ] GC(1913) Pause Young (Allocation Failure)
[280.784s][info][gc,heap        ] GC(1913) DefNew: 140062K(157248K)->286K(157248K) Eden: 139776K(139776K)->0K(139776K) From: 286K(17472K)->286K(17472K)
[280.784s][info][gc,heap        ] GC(1913) Tenured: 8915K(349568K)->8933K(349568K)
[280.784s][info][gc,metaspace   ] GC(1913) Metaspace: 14277K(15168K)->14277K(15168K) NonClass: 12318K(12864K)->12318K(12864K) Class: 1959K(2304K)->1959K(2304K)
[280.784s][info][gc             ] GC(1913) Pause Young (Allocation Failure) 145M->9M(494M) 29.292ms
[280.784s][info][gc,cpu         ] GC(1913) User=0.03s Sys=0.00s Real=0.02s
[280.894s][info][gc,start       ] GC(1914) Pause Young (Allocation Failure)
[280.925s][info][gc,heap        ] GC(1914) DefNew: 140062K(157248K)->285K(157248K) Eden: 139776K(139776K)->0K(139776K) From: 286K(17472K)->285K(17472K)
[280.925s][info][gc,heap        ] GC(1914) Tenured: 8933K(349568K)->8951K(349568K)
[280.925s][info][gc,metaspace   ] GC(1914) Metaspace: 14277K(15168K)->14277K(15168K) NonClass: 12318K(12864K)->12318K(12864K) Class: 1959K(2304K)->1959K(2304K)
[280.925s][info][gc             ] GC(1914) Pause Young (Allocation Failure) 145M->9M(494M) 31.149ms
[280.925s][info][gc,cpu         ] GC(1914) User=0.03s Sys=0.00s Real=0.02s
[281.037s][info][gc,start       ] GC(1915) Pause Young (Allocation Failure)
[281.067s][info][gc,heap        ] GC(1915) DefNew: 140061K(157248K)->283K(157248K) Eden: 139776K(139776K)->0K(139776K) From: 285K(17472K)->283K(17472K)
[281.067s][info][gc,heap        ] GC(1915) Tenured: 8951K(349568K)->8972K(349568K)
[281.067s][info][gc,metaspace   ] GC(1915) Metaspace: 14277K(15168K)->14277K(15168K) NonClass: 12318K(12864K)->12318K(12864K) Class: 1959K(2304K)->1959K(2304K)
[281.067s][info][gc             ] GC(1915) Pause Young (Allocation Failure) 145M->9M(494M) 29.873ms
[281.067s][info][gc,cpu         ] GC(1915) User=0.03s Sys=0.00s Real=0.02s
[281.178s][info][gc,start       ] GC(1916) Pause Young (Allocation Failure)
[281.210s][info][gc,heap        ] GC(1916) DefNew: 140059K(157248K)->280K(157248K) Eden: 139776K(139776K)->0K(139776K) From: 283K(17472K)->280K(17472K)
[281.210s][info][gc,heap        ] GC(1916) Tenured: 8972K(349568K)->8993K(349568K)
[281.210s][info][gc,metaspace   ] GC(1916) Metaspace: 14277K(15168K)->14277K(15168K) NonClass: 12318K(12864K)->12318K(12864K) Class: 1959K(2304K)->1959K(2304K)
[281.210s][info][gc             ] GC(1916) Pause Young (Allocation Failure) 145M->9M(494M) 31.830ms
[281.210s][info][gc,cpu         ] GC(1916) User=0.03s Sys=0.00s Real=0.03s
[281.323s][info][gc,start       ] GC(1917) Pause Young (Allocation Failure)
[281.354s][info][gc,heap        ] GC(1917) DefNew: 140056K(157248K)->279K(157248K) Eden: 139776K(139776K)->0K(139776K) From: 280K(17472K)->279K(17472K)
[281.354s][info][gc,heap        ] GC(1917) Tenured: 8993K(349568K)->9010K(349568K)
[281.354s][info][gc,metaspace   ] GC(1917) Metaspace: 14277K(15168K)->14277K(15168K) NonClass: 12318K(12864K)->12318K(12864K) Class: 1959K(2304K)->1959K(2304K)
[281.354s][info][gc             ] GC(1917) Pause Young (Allocation Failure) 145M->9M(494M) 31.146ms
[281.354s][info][gc,cpu         ] GC(1917) User=0.02s Sys=0.00s Real=0.02s
[281.466s][info][gc,start       ] GC(1918) Pause Young (Allocation Failure)
[281.498s][info][gc,heap        ] GC(1918) DefNew: 140055K(157248K)->279K(157248K) Eden: 139776K(139776K)->0K(139776K) From: 279K(17472K)->279K(17472K)
[281.498s][info][gc,heap        ] GC(1918) Tenured: 9010K(349568K)->9028K(349568K)
[281.498s][info][gc,metaspace   ] GC(1918) Metaspace: 14277K(15168K)->14277K(15168K) NonClass: 12318K(12864K)->12318K(12864K) Class: 1959K(2304K)->1959K(2304K)
[281.498s][info][gc             ] GC(1918) Pause Young (Allocation Failure) 145M->9M(494M) 32.285ms
[281.498s][info][gc,cpu         ] GC(1918) User=0.02s Sys=0.00s Real=0.02s
[281.611s][info][gc,start       ] GC(1919) Pause Young (Allocation Failure)
[281.642s][info][gc,heap        ] GC(1919) DefNew: 140055K(157248K)->281K(157248K) Eden: 139776K(139776K)->0K(139776K) From: 279K(17472K)->281K(17472K)
[281.642s][info][gc,heap        ] GC(1919) Tenured: 9028K(349568K)->9046K(349568K)
[281.642s][info][gc,metaspace   ] GC(1919) Metaspace: 14277K(15168K)->14277K(15168K) NonClass: 12318K(12864K)->12318K(12864K) Class: 1959K(2304K)->1959K(2304K)
[281.642s][info][gc             ] GC(1919) Pause Young (Allocation Failure) 145M->9M(494M) 31.587ms
[281.642s][info][gc,cpu         ] GC(1919) User=0.03s Sys=0.00s Real=0.03s
[281.755s][info][gc,start       ] GC(1920) Pause Young (Allocation Failure)
[281.788s][info][gc,heap        ] GC(1920) DefNew: 140057K(157248K)->280K(157248K) Eden: 139776K(139776K)->0K(139776K) From: 281K(17472K)->280K(17472K)
[281.788s][info][gc,heap        ] GC(1920) Tenured: 9046K(349568K)->9067K(349568K)
[281.788s][info][gc,metaspace   ] GC(1920) Metaspace: 14277K(15168K)->14277K(15168K) NonClass: 12318K(12864K)->12318K(12864K) Class: 1959K(2304K)->1959K(2304K)
[281.788s][info][gc             ] GC(1920) Pause Young (Allocation Failure) 145M->9M(494M) 33.092ms
[281.788s][info][gc,cpu         ] GC(1920) User=0.03s Sys=0.00s Real=0.03s
[281.900s][info][gc,start       ] GC(1921) Pause Young (Allocation Failure)
[281.925s][info][gc,heap        ] GC(1921) DefNew: 140056K(157248K)->279K(157248K) Eden: 139776K(139776K)->0K(139776K) From: 280K(17472K)->279K(17472K)
[281.925s][info][gc,heap        ] GC(1921) Tenured: 9067K(349568K)->9084K(349568K)
[281.925s][info][gc,metaspace   ] GC(1921) Metaspace: 14277K(15168K)->14277K(15168K) NonClass: 12318K(12864K)->12318K(12864K) Class: 1959K(2304K)->1959K(2304K)
[281.925s][info][gc             ] GC(1921) Pause Young (Allocation Failure) 145M->9M(494M) 24.436ms
[281.925s][info][gc,cpu         ] GC(1921) User=0.02s Sys=0.00s Real=0.02s
[282.035s][info][gc,start       ] GC(1922) Pause Young (Allocation Failure)
[282.059s][info][gc,heap        ] GC(1922) DefNew: 140055K(157248K)->278K(157248K) Eden: 139776K(139776K)->0K(139776K) From: 279K(17472K)->278K(17472K)
[282.059s][info][gc,heap        ] GC(1922) Tenured: 9084K(349568K)->9102K(349568K)
[282.059s][info][gc,metaspace   ] GC(1922) Metaspace: 14277K(15168K)->14277K(15168K) NonClass: 12318K(12864K)->12318K(12864K) Class: 1959K(2304K)->1959K(2304K)
[282.059s][info][gc             ] GC(1922) Pause Young (Allocation Failure) 145M->9M(494M) 24.517ms
[282.059s][info][gc,cpu         ] GC(1922) User=0.03s Sys=0.00s Real=0.02s
[282.168s][info][gc,start       ] GC(1923) Pause Young (Allocation Failure)
[282.201s][info][gc,heap        ] GC(1923) DefNew: 140054K(157248K)->279K(157248K) Eden: 139776K(139776K)->0K(139776K) From: 278K(17472K)->279K(17472K)
[282.201s][info][gc,heap        ] GC(1923) Tenured: 9102K(349568K)->9119K(349568K)
[282.201s][info][gc,metaspace   ] GC(1923) Metaspace: 14277K(15168K)->14277K(15168K) NonClass: 12318K(12864K)->12318K(12864K) Class: 1959K(2304K)->1959K(2304K)
[282.201s][info][gc             ] GC(1923) Pause Young (Allocation Failure) 145M->9M(494M) 32.764ms
[282.201s][info][gc,cpu         ] GC(1923) User=0.03s Sys=0.00s Real=0.03s
[282.314s][info][gc,start       ] GC(1924) Pause Young (Allocation Failure)
[282.346s][info][gc,heap        ] GC(1924) DefNew: 140055K(157248K)->279K(157248K) Eden: 139776K(139776K)->0K(139776K) From: 279K(17472K)->279K(17472K)
[282.346s][info][gc,heap        ] GC(1924) Tenured: 9119K(349568K)->9137K(349568K)
[282.346s][info][gc,metaspace   ] GC(1924) Metaspace: 14277K(15168K)->14277K(15168K) NonClass: 12318K(12864K)->12318K(12864K) Class: 1959K(2304K)->1959K(2304K)
[282.346s][info][gc             ] GC(1924) Pause Young (Allocation Failure) 145M->9M(494M) 32.820ms
[282.346s][info][gc,cpu         ] GC(1924) User=0.02s Sys=0.00s Real=0.02s
[282.461s][info][gc,start       ] GC(1925) Pause Young (Allocation Failure)
[282.495s][info][gc,heap        ] GC(1925) DefNew: 140055K(157248K)->279K(157248K) Eden: 139776K(139776K)->0K(139776K) From: 279K(17472K)->279K(17472K)
[282.495s][info][gc,heap        ] GC(1925) Tenured: 9137K(349568K)->9158K(349568K)
[282.496s][info][gc,metaspace   ] GC(1925) Metaspace: 14277K(15168K)->14277K(15168K) NonClass: 12318K(12864K)->12318K(12864K) Class: 1959K(2304K)->1959K(2304K)
[282.496s][info][gc             ] GC(1925) Pause Young (Allocation Failure) 145M->9M(494M) 34.818ms
[282.496s][info][gc,cpu         ] GC(1925) User=0.03s Sys=0.00s Real=0.03s
[282.607s][info][gc,start       ] GC(1926) Pause Young (Allocation Failure)
[282.632s][info][gc,heap        ] GC(1926) DefNew: 140055K(157248K)->282K(157248K) Eden: 139776K(139776K)->0K(139776K) From: 279K(17472K)->282K(17472K)
[282.632s][info][gc,heap        ] GC(1926) Tenured: 9158K(349568K)->9176K(349568K)
[282.632s][info][gc,metaspace   ] GC(1926) Metaspace: 14277K(15168K)->14277K(15168K) NonClass: 12318K(12864K)->12318K(12864K) Class: 1959K(2304K)->1959K(2304K)
[282.632s][info][gc             ] GC(1926) Pause Young (Allocation Failure) 145M->9M(494M) 24.850ms
[282.632s][info][gc,cpu         ] GC(1926) User=0.02s Sys=0.00s Real=0.02s
[282.827s][info][gc,start       ] GC(1927) Pause Young (Allocation Failure)
[282.858s][info][gc,heap        ] GC(1927) DefNew: 140058K(157248K)->279K(157248K) Eden: 139776K(139776K)->0K(139776K) From: 282K(17472K)->279K(17472K)
[282.858s][info][gc,heap        ] GC(1927) Tenured: 9176K(349568K)->9193K(349568K)
[282.858s][info][gc,metaspace   ] GC(1927) Metaspace: 14277K(15168K)->14277K(15168K) NonClass: 12318K(12864K)->12318K(12864K) Class: 1959K(2304K)->1959K(2304K)
[282.858s][info][gc             ] GC(1927) Pause Young (Allocation Failure) 145M->9M(494M) 30.832ms
[282.858s][info][gc,cpu         ] GC(1927) User=0.03s Sys=0.00s Real=0.03s
[282.977s][info][gc,start       ] GC(1928) Pause Young (Allocation Failure)
[283.010s][info][gc,heap        ] GC(1928) DefNew: 140055K(157248K)->282K(157248K) Eden: 139776K(139776K)->0K(139776K) From: 279K(17472K)->282K(17472K)
[283.010s][info][gc,heap        ] GC(1928) Tenured: 9193K(349568K)->9211K(349568K)
[283.010s][info][gc,metaspace   ] GC(1928) Metaspace: 14277K(15168K)->14277K(15168K) NonClass: 12318K(12864K)->12318K(12864K) Class: 1959K(2304K)->1959K(2304K)
[283.010s][info][gc             ] GC(1928) Pause Young (Allocation Failure) 145M->9M(494M) 32.533ms
[283.010s][info][gc,cpu         ] GC(1928) User=0.03s Sys=0.00s Real=0.03s
[283.126s][info][gc,start       ] GC(1929) Pause Young (Allocation Failure)
[283.156s][info][gc,heap        ] GC(1929) DefNew: 140058K(157248K)->282K(157248K) Eden: 139776K(139776K)->0K(139776K) From: 282K(17472K)->282K(17472K)
[283.156s][info][gc,heap        ] GC(1929) Tenured: 9211K(349568K)->9228K(349568K)
[283.156s][info][gc,metaspace   ] GC(1929) Metaspace: 14277K(15168K)->14277K(15168K) NonClass: 12318K(12864K)->12318K(12864K) Class: 1959K(2304K)->1959K(2304K)
[283.156s][info][gc             ] GC(1929) Pause Young (Allocation Failure) 145M->9M(494M) 30.278ms
[283.156s][info][gc,cpu         ] GC(1929) User=0.02s Sys=0.00s Real=0.02s
[283.271s][info][gc,start       ] GC(1930) Pause Young (Allocation Failure)
[283.300s][info][gc,heap        ] GC(1930) DefNew: 140058K(157248K)->284K(157248K) Eden: 139776K(139776K)->0K(139776K) From: 282K(17472K)->284K(17472K)
[283.300s][info][gc,heap        ] GC(1930) Tenured: 9228K(349568K)->9246K(349568K)
[283.300s][info][gc,metaspace   ] GC(1930) Metaspace: 14277K(15168K)->14277K(15168K) NonClass: 12318K(12864K)->12318K(12864K) Class: 1959K(2304K)->1959K(2304K)
[283.300s][info][gc             ] GC(1930) Pause Young (Allocation Failure) 145M->9M(494M) 29.518ms
[283.300s][info][gc,cpu         ] GC(1930) User=0.02s Sys=0.00s Real=0.02s
[283.429s][info][gc,start       ] GC(1931) Pause Young (Allocation Failure)
[283.450s][info][gc,heap        ] GC(1931) DefNew: 140060K(157248K)->285K(157248K) Eden: 139776K(139776K)->0K(139776K) From: 284K(17472K)->285K(17472K)
[283.450s][info][gc,heap        ] GC(1931) Tenured: 9246K(349568K)->9264K(349568K)
[283.450s][info][gc,metaspace   ] GC(1931) Metaspace: 14277K(15168K)->14277K(15168K) NonClass: 12318K(12864K)->12318K(12864K) Class: 1959K(2304K)->1959K(2304K)
[283.450s][info][gc             ] GC(1931) Pause Young (Allocation Failure) 145M->9M(494M) 20.914ms
[283.450s][info][gc,cpu         ] GC(1931) User=0.02s Sys=0.00s Real=0.02s
[283.568s][info][gc,start       ] GC(1932) Pause Young (Allocation Failure)
[283.590s][info][gc,heap        ] GC(1932) DefNew: 140061K(157248K)->290K(157248K) Eden: 139776K(139776K)->0K(139776K) From: 285K(17472K)->290K(17472K)
[283.590s][info][gc,heap        ] GC(1932) Tenured: 9264K(349568K)->9281K(349568K)
[283.590s][info][gc,metaspace   ] GC(1932) Metaspace: 14277K(15168K)->14277K(15168K) NonClass: 12318K(12864K)->12318K(12864K) Class: 1959K(2304K)->1959K(2304K)
[283.590s][info][gc             ] GC(1932) Pause Young (Allocation Failure) 145M->9M(494M) 21.865ms
[283.590s][info][gc,cpu         ] GC(1932) User=0.02s Sys=0.00s Real=0.01s
[283.700s][info][gc,start       ] GC(1933) Pause Young (Allocation Failure)
[283.728s][info][gc,heap        ] GC(1933) DefNew: 140066K(157248K)->288K(157248K) Eden: 139776K(139776K)->0K(139776K) From: 290K(17472K)->288K(17472K)
[283.728s][info][gc,heap        ] GC(1933) Tenured: 9281K(349568K)->9299K(349568K)
[283.728s][info][gc,metaspace   ] GC(1933) Metaspace: 14277K(15168K)->14277K(15168K) NonClass: 12318K(12864K)->12318K(12864K) Class: 1959K(2304K)->1959K(2304K)
[283.729s][info][gc             ] GC(1933) Pause Young (Allocation Failure) 145M->9M(494M) 28.710ms
[283.729s][info][gc,cpu         ] GC(1933) User=0.03s Sys=0.00s Real=0.03s
[283.841s][info][gc,start       ] GC(1934) Pause Young (Allocation Failure)
[283.870s][info][gc,heap        ] GC(1934) DefNew: 140064K(157248K)->288K(157248K) Eden: 139776K(139776K)->0K(139776K) From: 288K(17472K)->288K(17472K)
[283.870s][info][gc,heap        ] GC(1934) Tenured: 9299K(349568K)->9317K(349568K)
[283.870s][info][gc,metaspace   ] GC(1934) Metaspace: 14277K(15168K)->14277K(15168K) NonClass: 12318K(12864K)->12318K(12864K) Class: 1959K(2304K)->1959K(2304K)
[283.870s][info][gc             ] GC(1934) Pause Young (Allocation Failure) 145M->9M(494M) 28.466ms
[283.870s][info][gc,cpu         ] GC(1934) User=0.03s Sys=0.00s Real=0.03s
[283.984s][info][gc,start       ] GC(1935) Pause Young (Allocation Failure)
[284.013s][info][gc,heap        ] GC(1935) DefNew: 140064K(157248K)->288K(157248K) Eden: 139776K(139776K)->0K(139776K) From: 288K(17472K)->288K(17472K)
[284.013s][info][gc,heap        ] GC(1935) Tenured: 9317K(349568K)->9337K(349568K)
[284.013s][info][gc,metaspace   ] GC(1935) Metaspace: 14277K(15168K)->14277K(15168K) NonClass: 12318K(12864K)->12318K(12864K) Class: 1959K(2304K)->1959K(2304K)
[284.013s][info][gc             ] GC(1935) Pause Young (Allocation Failure) 145M->9M(494M) 28.867ms
[284.013s][info][gc,cpu         ] GC(1935) User=0.03s Sys=0.00s Real=0.03s
[284.127s][info][gc,start       ] GC(1936) Pause Young (Allocation Failure)
[284.156s][info][gc,heap        ] GC(1936) DefNew: 140064K(157248K)->291K(157248K) Eden: 139776K(139776K)->0K(139776K) From: 288K(17472K)->291K(17472K)
[284.156s][info][gc,heap        ] GC(1936) Tenured: 9337K(349568K)->9355K(349568K)
[284.156s][info][gc,metaspace   ] GC(1936) Metaspace: 14277K(15168K)->14277K(15168K) NonClass: 12318K(12864K)->12318K(12864K) Class: 1959K(2304K)->1959K(2304K)
[284.156s][info][gc             ] GC(1936) Pause Young (Allocation Failure) 145M->9M(494M) 28.663ms
[284.156s][info][gc,cpu         ] GC(1936) User=0.02s Sys=0.00s Real=0.02s
[284.271s][info][gc,start       ] GC(1937) Pause Young (Allocation Failure)
[284.301s][info][gc,heap        ] GC(1937) DefNew: 140066K(157248K)->293K(157248K) Eden: 139775K(139776K)->0K(139776K) From: 291K(17472K)->293K(17472K)
[284.301s][info][gc,heap        ] GC(1937) Tenured: 9355K(349568K)->9373K(349568K)
[284.301s][info][gc,metaspace   ] GC(1937) Metaspace: 14277K(15168K)->14277K(15168K) NonClass: 12318K(12864K)->12318K(12864K) Class: 1959K(2304K)->1959K(2304K)
[284.301s][info][gc             ] GC(1937) Pause Young (Allocation Failure) 145M->9M(494M) 30.053ms
[284.301s][info][gc,cpu         ] GC(1937) User=0.03s Sys=0.00s Real=0.03s
[284.417s][info][gc,start       ] GC(1938) Pause Young (Allocation Failure)
[284.447s][info][gc,heap        ] GC(1938) DefNew: 140069K(157248K)->296K(157248K) Eden: 139776K(139776K)->0K(139776K) From: 293K(17472K)->296K(17472K)
[284.447s][info][gc,heap        ] GC(1938) Tenured: 9373K(349568K)->9390K(349568K)
[284.447s][info][gc,metaspace   ] GC(1938) Metaspace: 14277K(15168K)->14277K(15168K) NonClass: 12318K(12864K)->12318K(12864K) Class: 1959K(2304K)->1959K(2304K)
[284.447s][info][gc             ] GC(1938) Pause Young (Allocation Failure) 145M->9M(494M) 29.938ms
[284.447s][info][gc,cpu         ] GC(1938) User=0.02s Sys=0.00s Real=0.03s
[284.567s][info][gc,start       ] GC(1939) Pause Young (Allocation Failure)
[284.597s][info][gc,heap        ] GC(1939) DefNew: 140072K(157248K)->298K(157248K) Eden: 139775K(139776K)->0K(139776K) From: 296K(17472K)->298K(17472K)
[284.597s][info][gc,heap        ] GC(1939) Tenured: 9390K(349568K)->9408K(349568K)
[284.598s][info][gc,metaspace   ] GC(1939) Metaspace: 14277K(15168K)->14277K(15168K) NonClass: 12318K(12864K)->12318K(12864K) Class: 1959K(2304K)->1959K(2304K)
[284.598s][info][gc             ] GC(1939) Pause Young (Allocation Failure) 145M->9M(494M) 30.184ms
[284.598s][info][gc,cpu         ] GC(1939) User=0.03s Sys=0.00s Real=0.02s
[284.717s][info][gc,start       ] GC(1940) Pause Young (Allocation Failure)
[284.748s][info][gc,heap        ] GC(1940) DefNew: 140050K(157248K)->297K(157248K) Eden: 139751K(139776K)->0K(139776K) From: 298K(17472K)->297K(17472K)
[284.748s][info][gc,heap        ] GC(1940) Tenured: 9408K(349568K)->9429K(349568K)
[284.748s][info][gc,metaspace   ] GC(1940) Metaspace: 14277K(15168K)->14277K(15168K) NonClass: 12318K(12864K)->12318K(12864K) Class: 1959K(2304K)->1959K(2304K)
[284.748s][info][gc             ] GC(1940) Pause Young (Allocation Failure) 145M->9M(494M) 30.944ms
[284.748s][info][gc,cpu         ] GC(1940) User=0.03s Sys=0.00s Real=0.03s
[284.869s][info][gc,start       ] GC(1941) Pause Young (Allocation Failure)
[284.903s][info][gc,heap        ] GC(1941) DefNew: 140073K(157248K)->299K(157248K) Eden: 139776K(139776K)->0K(139776K) From: 297K(17472K)->299K(17472K)
[284.903s][info][gc,heap        ] GC(1941) Tenured: 9429K(349568K)->9447K(349568K)
[284.903s][info][gc,metaspace   ] GC(1941) Metaspace: 14277K(15168K)->14277K(15168K) NonClass: 12318K(12864K)->12318K(12864K) Class: 1959K(2304K)->1959K(2304K)
[284.903s][info][gc             ] GC(1941) Pause Young (Allocation Failure) 145M->9M(494M) 33.612ms
[284.903s][info][gc,cpu         ] GC(1941) User=0.02s Sys=0.00s Real=0.02s
[285.024s][info][gc,start       ] GC(1942) Pause Young (Allocation Failure)
[285.060s][info][gc,heap        ] GC(1942) DefNew: 140075K(157248K)->301K(157248K) Eden: 139776K(139776K)->0K(139776K) From: 299K(17472K)->301K(17472K)
[285.060s][info][gc,heap        ] GC(1942) Tenured: 9447K(349568K)->9464K(349568K)
[285.060s][info][gc,metaspace   ] GC(1942) Metaspace: 14277K(15168K)->14277K(15168K) NonClass: 12318K(12864K)->12318K(12864K) Class: 1959K(2304K)->1959K(2304K)
[285.060s][info][gc             ] GC(1942) Pause Young (Allocation Failure) 146M->9M(494M) 35.186ms
[285.060s][info][gc,cpu         ] GC(1942) User=0.02s Sys=0.00s Real=0.02s
[285.169s][info][gc,start       ] GC(1943) Pause Young (Allocation Failure)
[285.200s][info][gc,heap        ] GC(1943) DefNew: 140077K(157248K)->298K(157248K) Eden: 139776K(139776K)->0K(139776K) From: 301K(17472K)->298K(17472K)
[285.200s][info][gc,heap        ] GC(1943) Tenured: 9464K(349568K)->9485K(349568K)
[285.200s][info][gc,metaspace   ] GC(1943) Metaspace: 14277K(15168K)->14277K(15168K) NonClass: 12318K(12864K)->12318K(12864K) Class: 1959K(2304K)->1959K(2304K)
[285.200s][info][gc             ] GC(1943) Pause Young (Allocation Failure) 146M->9M(494M) 31.515ms
[285.200s][info][gc,cpu         ] GC(1943) User=0.03s Sys=0.00s Real=0.03s
[285.285s][info][gc,start       ] GC(1944) Pause Young (Allocation Failure)
[285.308s][info][gc,heap        ] GC(1944) DefNew: 140074K(157248K)->293K(157248K) Eden: 139776K(139776K)->0K(139776K) From: 298K(17472K)->293K(17472K)
[285.309s][info][gc,heap        ] GC(1944) Tenured: 9485K(349568K)->9503K(349568K)
[285.309s][info][gc,metaspace   ] GC(1944) Metaspace: 14277K(15168K)->14277K(15168K) NonClass: 12318K(12864K)->12318K(12864K) Class: 1959K(2304K)->1959K(2304K)
[285.309s][info][gc             ] GC(1944) Pause Young (Allocation Failure) 146M->9M(494M) 23.815ms
[285.309s][info][gc,cpu         ] GC(1944) User=0.03s Sys=0.00s Real=0.02s
[285.412s][info][gc,start       ] GC(1945) Pause Young (Allocation Failure)
[285.434s][info][gc,heap        ] GC(1945) DefNew: 140069K(157248K)->289K(157248K) Eden: 139776K(139776K)->0K(139776K) From: 293K(17472K)->289K(17472K)
[285.434s][info][gc,heap        ] GC(1945) Tenured: 9503K(349568K)->9521K(349568K)
[285.435s][info][gc,metaspace   ] GC(1945) Metaspace: 14277K(15168K)->14277K(15168K) NonClass: 12318K(12864K)->12318K(12864K) Class: 1959K(2304K)->1959K(2304K)
[285.435s][info][gc             ] GC(1945) Pause Young (Allocation Failure) 146M->9M(494M) 22.389ms
[285.435s][info][gc,cpu         ] GC(1945) User=0.03s Sys=0.00s Real=0.02s
[285.612s][info][gc,start       ] GC(1946) Pause Full (System.gc())
[285.612s][info][gc,phases,start] GC(1946) Phase 1: Mark live objects
[285.639s][info][gc,phases      ] GC(1946) Phase 1: Mark live objects 26.894ms
[285.639s][info][gc,phases,start] GC(1946) Phase 2: Compute new object addresses
[285.664s][info][gc,phases      ] GC(1946) Phase 2: Compute new object addresses 25.603ms
[285.664s][info][gc,phases,start] GC(1946) Phase 3: Adjust pointers
[285.685s][info][gc,phases      ] GC(1946) Phase 3: Adjust pointers 20.950ms
[285.685s][info][gc,phases,start] GC(1946) Phase 4: Move objects
[285.685s][info][gc,phases      ] GC(1946) Phase 4: Move objects 0.012ms
[285.686s][info][gc,heap        ] GC(1946) DefNew: 100314K(157248K)->0K(157248K) Eden: 100024K(139776K)->0K(139776K) From: 289K(17472K)->0K(17472K)
[285.686s][info][gc,heap        ] GC(1946) Tenured: 9521K(349568K)->9522K(349568K)
[285.686s][info][gc,metaspace   ] GC(1946) Metaspace: 14277K(15168K)->14277K(15168K) NonClass: 12318K(12864K)->12318K(12864K) Class: 1959K(2304K)->1959K(2304K)
[285.686s][info][gc             ] GC(1946) Pause Full (System.gc()) 107M->9M(494M) 73.761ms
[285.686s][info][gc,cpu         ] GC(1946) User=0.06s Sys=0.00s Real=0.06s
[285.784s][info][gc,start       ] GC(1947) Pause Young (Allocation Failure)
[285.808s][info][gc,heap        ] GC(1947) DefNew: 139776K(157248K)->1478K(157248K) Eden: 139776K(139776K)->0K(139776K) From: 0K(17472K)->1478K(17472K)
[285.808s][info][gc,heap        ] GC(1947) Tenured: 9522K(349568K)->9522K(349568K)
[285.808s][info][gc,metaspace   ] GC(1947) Metaspace: 14278K(15168K)->14278K(15168K) NonClass: 12318K(12864K)->12318K(12864K) Class: 1959K(2304K)->1959K(2304K)
[285.808s][info][gc             ] GC(1947) Pause Young (Allocation Failure) 145M->10M(494M) 23.744ms
[285.808s][info][gc,cpu         ] GC(1947) User=0.02s Sys=0.00s Real=0.02s
[285.921s][info][gc,start       ] GC(1948) Pause Young (Allocation Failure)
[285.946s][info][gc,heap        ] GC(1948) DefNew: 141254K(157248K)->1494K(157248K) Eden: 139776K(139776K)->0K(139776K) From: 1478K(17472K)->1494K(17472K)
[285.946s][info][gc,heap        ] GC(1948) Tenured: 9522K(349568K)->9522K(349568K)
[285.946s][info][gc,metaspace   ] GC(1948) Metaspace: 14278K(15168K)->14278K(15168K) NonClass: 12318K(12864K)->12318K(12864K) Class: 1959K(2304K)->1959K(2304K)
[285.946s][info][gc             ] GC(1948) Pause Young (Allocation Failure) 147M->10M(494M) 24.981ms
[285.946s][info][gc,cpu         ] GC(1948) User=0.02s Sys=0.00s Real=0.02s
[286.057s][info][gc,start       ] GC(1949) Pause Young (Allocation Failure)
[286.082s][info][gc,heap        ] GC(1949) DefNew: 141270K(157248K)->1514K(157248K) Eden: 139776K(139776K)->0K(139776K) From: 1494K(17472K)->1514K(17472K)
[286.082s][info][gc,heap        ] GC(1949) Tenured: 9522K(349568K)->9522K(349568K)
[286.082s][info][gc,metaspace   ] GC(1949) Metaspace: 14278K(15168K)->14278K(15168K) NonClass: 12318K(12864K)->12318K(12864K) Class: 1959K(2304K)->1959K(2304K)
[286.082s][info][gc             ] GC(1949) Pause Young (Allocation Failure) 147M->10M(494M) 25.077ms
[286.082s][info][gc,cpu         ] GC(1949) User=0.02s Sys=0.00s Real=0.02s
[286.199s][info][gc,start       ] GC(1950) Pause Young (Allocation Failure)
[286.232s][info][gc,heap        ] GC(1950) DefNew: 141290K(157248K)->1531K(157248K) Eden: 139776K(139776K)->0K(139776K) From: 1514K(17472K)->1531K(17472K)
[286.232s][info][gc,heap        ] GC(1950) Tenured: 9522K(349568K)->9522K(349568K)
[286.232s][info][gc,metaspace   ] GC(1950) Metaspace: 14278K(15168K)->14278K(15168K) NonClass: 12318K(12864K)->12318K(12864K) Class: 1959K(2304K)->1959K(2304K)
[286.232s][info][gc             ] GC(1950) Pause Young (Allocation Failure) 147M->10M(494M) 33.641ms
[286.232s][info][gc,cpu         ] GC(1950) User=0.03s Sys=0.00s Real=0.03s
[286.352s][info][gc,start       ] GC(1951) Pause Young (Allocation Failure)
[286.386s][info][gc,heap        ] GC(1951) DefNew: 141307K(157248K)->1551K(157248K) Eden: 139776K(139776K)->0K(139776K) From: 1531K(17472K)->1551K(17472K)
[286.386s][info][gc,heap        ] GC(1951) Tenured: 9522K(349568K)->9522K(349568K)
[286.386s][info][gc,metaspace   ] GC(1951) Metaspace: 14278K(15168K)->14278K(15168K) NonClass: 12318K(12864K)->12318K(12864K) Class: 1959K(2304K)->1959K(2304K)
[286.386s][info][gc             ] GC(1951) Pause Young (Allocation Failure) 147M->10M(494M) 33.875ms
[286.386s][info][gc,cpu         ] GC(1951) User=0.02s Sys=0.00s Real=0.03s
[286.499s][info][gc,start       ] GC(1952) Pause Young (Allocation Failure)
[286.533s][info][gc,heap        ] GC(1952) DefNew: 141327K(157248K)->1568K(157248K) Eden: 139776K(139776K)->0K(139776K) From: 1551K(17472K)->1568K(17472K)
[286.533s][info][gc,heap        ] GC(1952) Tenured: 9522K(349568K)->9522K(349568K)
[286.533s][info][gc,metaspace   ] GC(1952) Metaspace: 14278K(15168K)->14278K(15168K) NonClass: 12318K(12864K)->12318K(12864K) Class: 1959K(2304K)->1959K(2304K)
[286.533s][info][gc             ] GC(1952) Pause Young (Allocation Failure) 147M->10M(494M) 33.720ms
[286.533s][info][gc,cpu         ] GC(1952) User=0.03s Sys=0.00s Real=0.03s
[286.651s][info][gc,start       ] GC(1953) Pause Young (Allocation Failure)
[286.685s][info][gc,heap        ] GC(1953) DefNew: 141344K(157248K)->1587K(157248K) Eden: 139776K(139776K)->0K(139776K) From: 1568K(17472K)->1587K(17472K)
[286.685s][info][gc,heap        ] GC(1953) Tenured: 9522K(349568K)->9522K(349568K)
[286.685s][info][gc,metaspace   ] GC(1953) Metaspace: 14278K(15168K)->14278K(15168K) NonClass: 12318K(12864K)->12318K(12864K) Class: 1959K(2304K)->1959K(2304K)
[286.685s][info][gc             ] GC(1953) Pause Young (Allocation Failure) 147M->10M(494M) 34.403ms
[286.685s][info][gc,cpu         ] GC(1953) User=0.02s Sys=0.00s Real=0.02s
[286.834s][info][gc,start       ] GC(1954) Pause Young (Allocation Failure)
[286.875s][info][gc,heap        ] GC(1954) DefNew: 141363K(157248K)->1604K(157248K) Eden: 139776K(139776K)->0K(139776K) From: 1587K(17472K)->1604K(17472K)
[286.875s][info][gc,heap        ] GC(1954) Tenured: 9522K(349568K)->9522K(349568K)
[286.875s][info][gc,metaspace   ] GC(1954) Metaspace: 14278K(15168K)->14278K(15168K) NonClass: 12318K(12864K)->12318K(12864K) Class: 1959K(2304K)->1959K(2304K)
[286.875s][info][gc             ] GC(1954) Pause Young (Allocation Failure) 147M->10M(494M) 40.129ms
[286.875s][info][gc,cpu         ] GC(1954) User=0.03s Sys=0.00s Real=0.03s
[286.997s][info][gc,start       ] GC(1955) Pause Young (Allocation Failure)
[287.023s][info][gc,heap        ] GC(1955) DefNew: 141380K(157248K)->1624K(157248K) Eden: 139776K(139776K)->0K(139776K) From: 1604K(17472K)->1624K(17472K)
[287.023s][info][gc,heap        ] GC(1955) Tenured: 9522K(349568K)->9522K(349568K)
[287.023s][info][gc,metaspace   ] GC(1955) Metaspace: 14278K(15168K)->14278K(15168K) NonClass: 12318K(12864K)->12318K(12864K) Class: 1959K(2304K)->1959K(2304K)
[287.023s][info][gc             ] GC(1955) Pause Young (Allocation Failure) 147M->10M(494M) 26.182ms
[287.023s][info][gc,cpu         ] GC(1955) User=0.02s Sys=0.00s Real=0.02s
[287.138s][info][gc,start       ] GC(1956) Pause Young (Allocation Failure)
[287.163s][info][gc,heap        ] GC(1956) DefNew: 141400K(157248K)->1643K(157248K) Eden: 139776K(139776K)->0K(139776K) From: 1624K(17472K)->1643K(17472K)
[287.163s][info][gc,heap        ] GC(1956) Tenured: 9522K(349568K)->9522K(349568K)
[287.163s][info][gc,metaspace   ] GC(1956) Metaspace: 14278K(15168K)->14278K(15168K) NonClass: 12318K(12864K)->12318K(12864K) Class: 1959K(2304K)->1959K(2304K)
[287.163s][info][gc             ] GC(1956) Pause Young (Allocation Failure) 147M->10M(494M) 24.768ms
[287.163s][info][gc,cpu         ] GC(1956) User=0.02s Sys=0.00s Real=0.02s
[287.284s][info][gc,start       ] GC(1957) Pause Young (Allocation Failure)
[287.308s][info][gc,heap        ] GC(1957) DefNew: 141419K(157248K)->1663K(157248K) Eden: 139776K(139776K)->0K(139776K) From: 1643K(17472K)->1663K(17472K)
[287.308s][info][gc,heap        ] GC(1957) Tenured: 9522K(349568K)->9522K(349568K)
[287.308s][info][gc,metaspace   ] GC(1957) Metaspace: 14278K(15168K)->14278K(15168K) NonClass: 12318K(12864K)->12318K(12864K) Class: 1959K(2304K)->1959K(2304K)
[287.308s][info][gc             ] GC(1957) Pause Young (Allocation Failure) 147M->10M(494M) 24.191ms
[287.308s][info][gc,cpu         ] GC(1957) User=0.03s Sys=0.00s Real=0.03s
[287.422s][info][gc,start       ] GC(1958) Pause Young (Allocation Failure)
[287.451s][info][gc,heap        ] GC(1958) DefNew: 141439K(157248K)->1682K(157248K) Eden: 139776K(139776K)->0K(139776K) From: 1663K(17472K)->1682K(17472K)
[287.451s][info][gc,heap        ] GC(1958) Tenured: 9522K(349568K)->9522K(349568K)
[287.451s][info][gc,metaspace   ] GC(1958) Metaspace: 14278K(15168K)->14278K(15168K) NonClass: 12318K(12864K)->12318K(12864K) Class: 1959K(2304K)->1959K(2304K)
[287.451s][info][gc             ] GC(1958) Pause Young (Allocation Failure) 147M->10M(494M) 29.728ms
[287.451s][info][gc,cpu         ] GC(1958) User=0.02s Sys=0.00s Real=0.02s
[287.581s][info][gc,start       ] GC(1959) Pause Young (Allocation Failure)
[287.608s][info][gc,heap        ] GC(1959) DefNew: 141458K(157248K)->1702K(157248K) Eden: 139776K(139776K)->0K(139776K) From: 1682K(17472K)->1702K(17472K)
[287.608s][info][gc,heap        ] GC(1959) Tenured: 9522K(349568K)->9522K(349568K)
[287.608s][info][gc,metaspace   ] GC(1959) Metaspace: 14278K(15168K)->14278K(15168K) NonClass: 12318K(12864K)->12318K(12864K) Class: 1959K(2304K)->1959K(2304K)
[287.608s][info][gc             ] GC(1959) Pause Young (Allocation Failure) 147M->10M(494M) 27.411ms
[287.608s][info][gc,cpu         ] GC(1959) User=0.02s Sys=0.00s Real=0.02s
[287.728s][info][gc,start       ] GC(1960) Pause Young (Allocation Failure)
[287.756s][info][gc,heap        ] GC(1960) DefNew: 141478K(157248K)->1722K(157248K) Eden: 139776K(139776K)->0K(139776K) From: 1702K(17472K)->1722K(17472K)
[287.756s][info][gc,heap        ] GC(1960) Tenured: 9522K(349568K)->9522K(349568K)
[287.756s][info][gc,metaspace   ] GC(1960) Metaspace: 14278K(15168K)->14278K(15168K) NonClass: 12318K(12864K)->12318K(12864K) Class: 1959K(2304K)->1959K(2304K)
[287.756s][info][gc             ] GC(1960) Pause Young (Allocation Failure) 147M->10M(494M) 27.764ms
[287.756s][info][gc,cpu         ] GC(1960) User=0.02s Sys=0.00s Real=0.03s
[287.873s][info][gc,start       ] GC(1961) Pause Young (Allocation Failure)
[287.903s][info][gc,heap        ] GC(1961) DefNew: 141498K(157248K)->1741K(157248K) Eden: 139776K(139776K)->0K(139776K) From: 1722K(17472K)->1741K(17472K)
[287.903s][info][gc,heap        ] GC(1961) Tenured: 9522K(349568K)->9522K(349568K)
[287.903s][info][gc,metaspace   ] GC(1961) Metaspace: 14278K(15168K)->14278K(15168K) NonClass: 12318K(12864K)->12318K(12864K) Class: 1959K(2304K)->1959K(2304K)
[287.903s][info][gc             ] GC(1961) Pause Young (Allocation Failure) 147M->10M(494M) 29.574ms
[287.903s][info][gc,cpu         ] GC(1961) User=0.02s Sys=0.00s Real=0.02s
[288.018s][info][gc,start       ] GC(1962) Pause Young (Allocation Failure)
[288.048s][info][gc,heap        ] GC(1962) DefNew: 141517K(157248K)->291K(157248K) Eden: 139776K(139776K)->0K(139776K) From: 1741K(17472K)->291K(17472K)
[288.048s][info][gc,heap        ] GC(1962) Tenured: 9522K(349568K)->10991K(349568K)
[288.048s][info][gc,metaspace   ] GC(1962) Metaspace: 14278K(15168K)->14278K(15168K) NonClass: 12318K(12864K)->12318K(12864K) Class: 1959K(2304K)->1959K(2304K)
[288.048s][info][gc             ] GC(1962) Pause Young (Allocation Failure) 147M->11M(494M) 29.562ms
[288.048s][info][gc,cpu         ] GC(1962) User=0.02s Sys=0.00s Real=0.02s
[288.161s][info][gc,start       ] GC(1963) Pause Young (Allocation Failure)
[288.189s][info][gc,heap        ] GC(1963) DefNew: 140067K(157248K)->295K(157248K) Eden: 139776K(139776K)->0K(139776K) From: 291K(17472K)->295K(17472K)
[288.189s][info][gc,heap        ] GC(1963) Tenured: 10991K(349568K)->11008K(349568K)
[288.189s][info][gc,metaspace   ] GC(1963) Metaspace: 14278K(15168K)->14278K(15168K) NonClass: 12318K(12864K)->12318K(12864K) Class: 1959K(2304K)->1959K(2304K)
[288.190s][info][gc             ] GC(1963) Pause Young (Allocation Failure) 147M->11M(494M) 28.608ms
[288.190s][info][gc,cpu         ] GC(1963) User=0.02s Sys=0.00s Real=0.02s
[288.303s][info][gc,start       ] GC(1964) Pause Young (Allocation Failure)
[288.333s][info][gc,heap        ] GC(1964) DefNew: 140071K(157248K)->295K(157248K) Eden: 139776K(139776K)->0K(139776K) From: 295K(17472K)->295K(17472K)
[288.333s][info][gc,heap        ] GC(1964) Tenured: 11008K(349568K)->11026K(349568K)
[288.333s][info][gc,metaspace   ] GC(1964) Metaspace: 14278K(15168K)->14278K(15168K) NonClass: 12318K(12864K)->12318K(12864K) Class: 1959K(2304K)->1959K(2304K)
[288.333s][info][gc             ] GC(1964) Pause Young (Allocation Failure) 147M->11M(494M) 29.748ms
[288.333s][info][gc,cpu         ] GC(1964) User=0.03s Sys=0.00s Real=0.03s
[288.446s][info][gc,start       ] GC(1965) Pause Young (Allocation Failure)
[288.475s][info][gc,heap        ] GC(1965) DefNew: 140071K(157248K)->295K(157248K) Eden: 139776K(139776K)->0K(139776K) From: 295K(17472K)->295K(17472K)
[288.475s][info][gc,heap        ] GC(1965) Tenured: 11026K(349568K)->11044K(349568K)
[288.475s][info][gc,metaspace   ] GC(1965) Metaspace: 14278K(15168K)->14278K(15168K) NonClass: 12318K(12864K)->12318K(12864K) Class: 1959K(2304K)->1959K(2304K)
[288.475s][info][gc             ] GC(1965) Pause Young (Allocation Failure) 147M->11M(494M) 29.104ms
[288.475s][info][gc,cpu         ] GC(1965) User=0.02s Sys=0.00s Real=0.03s
[288.589s][info][gc,start       ] GC(1966) Pause Young (Allocation Failure)
[288.618s][info][gc,heap        ] GC(1966) DefNew: 140071K(157248K)->295K(157248K) Eden: 139776K(139776K)->0K(139776K) From: 295K(17472K)->295K(17472K)
[288.618s][info][gc,heap        ] GC(1966) Tenured: 11044K(349568K)->11064K(349568K)
[288.618s][info][gc,metaspace   ] GC(1966) Metaspace: 14278K(15168K)->14278K(15168K) NonClass: 12318K(12864K)->12318K(12864K) Class: 1959K(2304K)->1959K(2304K)
[288.618s][info][gc             ] GC(1966) Pause Young (Allocation Failure) 147M->11M(494M) 29.167ms
[288.618s][info][gc,cpu         ] GC(1966) User=0.02s Sys=0.00s Real=0.02s
[288.733s][info][gc,start       ] GC(1967) Pause Young (Allocation Failure)
[288.762s][info][gc,heap        ] GC(1967) DefNew: 140071K(157248K)->297K(157248K) Eden: 139776K(139776K)->0K(139776K) From: 295K(17472K)->297K(17472K)
[288.762s][info][gc,heap        ] GC(1967) Tenured: 11064K(349568K)->11082K(349568K)
[288.762s][info][gc,metaspace   ] GC(1967) Metaspace: 14278K(15168K)->14278K(15168K) NonClass: 12318K(12864K)->12318K(12864K) Class: 1959K(2304K)->1959K(2304K)
[288.762s][info][gc             ] GC(1967) Pause Young (Allocation Failure) 147M->11M(494M) 28.842ms
[288.762s][info][gc,cpu         ] GC(1967) User=0.02s Sys=0.00s Real=0.02s
[288.877s][info][gc,start       ] GC(1968) Pause Young (Allocation Failure)
[288.907s][info][gc,heap        ] GC(1968) DefNew: 140073K(157248K)->299K(157248K) Eden: 139776K(139776K)->0K(139776K) From: 297K(17472K)->299K(17472K)
[288.907s][info][gc,heap        ] GC(1968) Tenured: 11082K(349568K)->11100K(349568K)
[288.907s][info][gc,metaspace   ] GC(1968) Metaspace: 14278K(15168K)->14278K(15168K) NonClass: 12318K(12864K)->12318K(12864K) Class: 1959K(2304K)->1959K(2304K)
[288.908s][info][gc             ] GC(1968) Pause Young (Allocation Failure) 147M->11M(494M) 30.372ms
[288.908s][info][gc,cpu         ] GC(1968) User=0.03s Sys=0.00s Real=0.03s
[289.022s][info][gc,start       ] GC(1969) Pause Young (Allocation Failure)
[289.054s][info][gc,heap        ] GC(1969) DefNew: 140075K(157248K)->301K(157248K) Eden: 139776K(139776K)->0K(139776K) From: 299K(17472K)->301K(17472K)
[289.054s][info][gc,heap        ] GC(1969) Tenured: 11100K(349568K)->11117K(349568K)
[289.054s][info][gc,metaspace   ] GC(1969) Metaspace: 14278K(15168K)->14278K(15168K) NonClass: 12318K(12864K)->12318K(12864K) Class: 1959K(2304K)->1959K(2304K)
[289.054s][info][gc             ] GC(1969) Pause Young (Allocation Failure) 147M->11M(494M) 31.527ms
[289.054s][info][gc,cpu         ] GC(1969) User=0.03s Sys=0.00s Real=0.03s
[289.170s][info][gc,start       ] GC(1970) Pause Young (Allocation Failure)
[289.201s][info][gc,heap        ] GC(1970) DefNew: 140077K(157248K)->299K(157248K) Eden: 139776K(139776K)->0K(139776K) From: 301K(17472K)->299K(17472K)
[289.201s][info][gc,heap        ] GC(1970) Tenured: 11117K(349568K)->11138K(349568K)
[289.201s][info][gc,metaspace   ] GC(1970) Metaspace: 14278K(15168K)->14278K(15168K) NonClass: 12318K(12864K)->12318K(12864K) Class: 1959K(2304K)->1959K(2304K)
[289.201s][info][gc             ] GC(1970) Pause Young (Allocation Failure) 147M->11M(494M) 31.253ms
[289.201s][info][gc,cpu         ] GC(1970) User=0.03s Sys=0.00s Real=0.03s
[289.313s][info][gc,start       ] GC(1971) Pause Young (Allocation Failure)
[289.345s][info][gc,heap        ] GC(1971) DefNew: 140075K(157248K)->297K(157248K) Eden: 139776K(139776K)->0K(139776K) From: 299K(17472K)->297K(17472K)
[289.345s][info][gc,heap        ] GC(1971) Tenured: 11138K(349568K)->11155K(349568K)
[289.345s][info][gc,metaspace   ] GC(1971) Metaspace: 14278K(15168K)->14278K(15168K) NonClass: 12318K(12864K)->12318K(12864K) Class: 1959K(2304K)->1959K(2304K)
[289.345s][info][gc             ] GC(1971) Pause Young (Allocation Failure) 147M->11M(494M) 31.671ms
[289.345s][info][gc,cpu         ] GC(1971) User=0.03s Sys=0.00s Real=0.03s
[289.460s][info][gc,start       ] GC(1972) Pause Young (Allocation Failure)
[289.491s][info][gc,heap        ] GC(1972) DefNew: 140073K(157248K)->293K(157248K) Eden: 139776K(139776K)->0K(139776K) From: 297K(17472K)->293K(17472K)
[289.491s][info][gc,heap        ] GC(1972) Tenured: 11155K(349568K)->11176K(349568K)
[289.491s][info][gc,metaspace   ] GC(1972) Metaspace: 14278K(15168K)->14278K(15168K) NonClass: 12318K(12864K)->12318K(12864K) Class: 1959K(2304K)->1959K(2304K)
[289.491s][info][gc             ] GC(1972) Pause Young (Allocation Failure) 147M->11M(494M) 31.393ms
[289.491s][info][gc,cpu         ] GC(1972) User=0.02s Sys=0.00s Real=0.02s
[289.606s][info][gc,start       ] GC(1973) Pause Young (Allocation Failure)
[289.639s][info][gc,heap        ] GC(1973) DefNew: 140069K(157248K)->294K(157248K) Eden: 139776K(139776K)->0K(139776K) From: 293K(17472K)->294K(17472K)
[289.639s][info][gc,heap        ] GC(1973) Tenured: 11176K(349568K)->11194K(349568K)
[289.639s][info][gc,metaspace   ] GC(1973) Metaspace: 14278K(15168K)->14278K(15168K) NonClass: 12318K(12864K)->12318K(12864K) Class: 1959K(2304K)->1959K(2304K)
[289.639s][info][gc             ] GC(1973) Pause Young (Allocation Failure) 147M->11M(494M) 32.866ms
[289.639s][info][gc,cpu         ] GC(1973) User=0.03s Sys=0.00s Real=0.03s
[289.755s][info][gc,start       ] GC(1974) Pause Young (Allocation Failure)
[289.779s][info][gc,heap        ] GC(1974) DefNew: 140070K(157248K)->290K(157248K) Eden: 139776K(139776K)->0K(139776K) From: 294K(17472K)->290K(17472K)
[289.779s][info][gc,heap        ] GC(1974) Tenured: 11194K(349568K)->11215K(349568K)
[289.779s][info][gc,metaspace   ] GC(1974) Metaspace: 14278K(15168K)->14278K(15168K) NonClass: 12318K(12864K)->12318K(12864K) Class: 1959K(2304K)->1959K(2304K)
[289.779s][info][gc             ] GC(1974) Pause Young (Allocation Failure) 147M->11M(494M) 23.768ms
[289.779s][info][gc,cpu         ] GC(1974) User=0.03s Sys=0.00s Real=0.02s
[289.892s][info][gc,start       ] GC(1975) Pause Young (Allocation Failure)
[289.924s][info][gc,heap        ] GC(1975) DefNew: 140066K(157248K)->287K(157248K) Eden: 139776K(139776K)->0K(139776K) From: 290K(17472K)->287K(17472K)
[289.924s][info][gc,heap        ] GC(1975) Tenured: 11215K(349568K)->11236K(349568K)
[289.924s][info][gc,metaspace   ] GC(1975) Metaspace: 14278K(15168K)->14278K(15168K) NonClass: 12318K(12864K)->12318K(12864K) Class: 1959K(2304K)->1959K(2304K)
[289.925s][info][gc             ] GC(1975) Pause Young (Allocation Failure) 147M->11M(494M) 32.508ms
[289.925s][info][gc,cpu         ] GC(1975) User=0.03s Sys=0.00s Real=0.03s
[290.039s][info][gc,start       ] GC(1976) Pause Young (Allocation Failure)
[290.072s][info][gc,heap        ] GC(1976) DefNew: 140063K(157248K)->289K(157248K) Eden: 139776K(139776K)->0K(139776K) From: 287K(17472K)->289K(17472K)
[290.072s][info][gc,heap        ] GC(1976) Tenured: 11236K(349568K)->11253K(349568K)
[290.072s][info][gc,metaspace   ] GC(1976) Metaspace: 14278K(15168K)->14278K(15168K) NonClass: 12318K(12864K)->12318K(12864K) Class: 1959K(2304K)->1959K(2304K)
[290.072s][info][gc             ] GC(1976) Pause Young (Allocation Failure) 147M->11M(494M) 33.692ms
[290.072s][info][gc,cpu         ] GC(1976) User=0.03s Sys=0.00s Real=0.03s
[290.188s][info][gc,start       ] GC(1977) Pause Young (Allocation Failure)
[290.213s][info][gc,heap        ] GC(1977) DefNew: 140065K(157248K)->284K(157248K) Eden: 139775K(139776K)->0K(139776K) From: 289K(17472K)->284K(17472K)
[290.213s][info][gc,heap        ] GC(1977) Tenured: 11253K(349568K)->11274K(349568K)
[290.213s][info][gc,metaspace   ] GC(1977) Metaspace: 14278K(15168K)->14278K(15168K) NonClass: 12318K(12864K)->12318K(12864K) Class: 1959K(2304K)->1959K(2304K)
[290.213s][info][gc             ] GC(1977) Pause Young (Allocation Failure) 147M->11M(494M) 24.759ms
[290.213s][info][gc,cpu         ] GC(1977) User=0.02s Sys=0.00s Real=0.02s
[290.326s][info][gc,start       ] GC(1978) Pause Young (Allocation Failure)
[290.351s][info][gc,heap        ] GC(1978) DefNew: 140060K(157248K)->281K(157248K) Eden: 139776K(139776K)->0K(139776K) From: 284K(17472K)->281K(17472K)
[290.351s][info][gc,heap        ] GC(1978) Tenured: 11274K(349568K)->11295K(349568K)
[290.351s][info][gc,metaspace   ] GC(1978) Metaspace: 14278K(15168K)->14278K(15168K) NonClass: 12318K(12864K)->12318K(12864K) Class: 1959K(2304K)->1959K(2304K)
[290.351s][info][gc             ] GC(1978) Pause Young (Allocation Failure) 147M->11M(494M) 25.169ms
[290.351s][info][gc,cpu         ] GC(1978) User=0.02s Sys=0.00s Real=0.02s
[290.464s][info][gc,start       ] GC(1979) Pause Young (Allocation Failure)
[290.498s][info][gc,heap        ] GC(1979) DefNew: 140057K(157248K)->280K(157248K) Eden: 139776K(139776K)->0K(139776K) From: 281K(17472K)->280K(17472K)
[290.498s][info][gc,heap        ] GC(1979) Tenured: 11295K(349568K)->11313K(349568K)
[290.498s][info][gc,metaspace   ] GC(1979) Metaspace: 14278K(15168K)->14278K(15168K) NonClass: 12318K(12864K)->12318K(12864K) Class: 1959K(2304K)->1959K(2304K)
[290.498s][info][gc             ] GC(1979) Pause Young (Allocation Failure) 147M->11M(494M) 33.794ms
[290.498s][info][gc,cpu         ] GC(1979) User=0.03s Sys=0.00s Real=0.03s
[290.611s][info][gc,start       ] GC(1980) Pause Young (Allocation Failure)
[290.645s][info][gc,heap        ] GC(1980) DefNew: 140056K(157248K)->280K(157248K) Eden: 139776K(139776K)->0K(139776K) From: 280K(17472K)->280K(17472K)
[290.645s][info][gc,heap        ] GC(1980) Tenured: 11313K(349568K)->11330K(349568K)
[290.645s][info][gc,metaspace   ] GC(1980) Metaspace: 14278K(15168K)->14278K(15168K) NonClass: 12318K(12864K)->12318K(12864K) Class: 1959K(2304K)->1959K(2304K)
[290.645s][info][gc             ] GC(1980) Pause Young (Allocation Failure) 147M->11M(494M) 34.087ms
[290.645s][info][gc,cpu         ] GC(1980) User=0.03s Sys=0.00s Real=0.03s
[290.761s][info][gc,start       ] GC(1981) Pause Young (Allocation Failure)
[290.796s][info][gc,heap        ] GC(1981) DefNew: 140056K(157248K)->281K(157248K) Eden: 139776K(139776K)->0K(139776K) From: 280K(17472K)->281K(17472K)
[290.796s][info][gc,heap        ] GC(1981) Tenured: 11330K(349568K)->11351K(349568K)
[290.796s][info][gc,metaspace   ] GC(1981) Metaspace: 14278K(15168K)->14278K(15168K) NonClass: 12318K(12864K)->12318K(12864K) Class: 1959K(2304K)->1959K(2304K)
[290.796s][info][gc             ] GC(1981) Pause Young (Allocation Failure) 147M->11M(494M) 34.190ms
[290.796s][info][gc,cpu         ] GC(1981) User=0.03s Sys=0.00s Real=0.04s
[290.983s][info][gc,start       ] GC(1982) Pause Young (Allocation Failure)
[291.024s][info][gc,heap        ] GC(1982) DefNew: 140057K(157248K)->280K(157248K) Eden: 139776K(139776K)->0K(139776K) From: 281K(17472K)->280K(17472K)
[291.024s][info][gc,heap        ] GC(1982) Tenured: 11351K(349568K)->11370K(349568K)
[291.024s][info][gc,metaspace   ] GC(1982) Metaspace: 14278K(15168K)->14278K(15168K) NonClass: 12318K(12864K)->12318K(12864K) Class: 1959K(2304K)->1959K(2304K)
[291.024s][info][gc             ] GC(1982) Pause Young (Allocation Failure) 147M->11M(494M) 40.533ms
[291.024s][info][gc,cpu         ] GC(1982) User=0.05s Sys=0.00s Real=0.04s
[291.146s][info][gc,start       ] GC(1983) Pause Young (Allocation Failure)
[291.179s][info][gc,heap        ] GC(1983) DefNew: 140056K(157248K)->277K(157248K) Eden: 139776K(139776K)->0K(139776K) From: 280K(17472K)->277K(17472K)
[291.179s][info][gc,heap        ] GC(1983) Tenured: 11370K(349568K)->11391K(349568K)
[291.179s][info][gc,metaspace   ] GC(1983) Metaspace: 14278K(15168K)->14278K(15168K) NonClass: 12318K(12864K)->12318K(12864K) Class: 1959K(2304K)->1959K(2304K)
[291.179s][info][gc             ] GC(1983) Pause Young (Allocation Failure) 147M->11M(494M) 32.486ms
[291.179s][info][gc,cpu         ] GC(1983) User=0.03s Sys=0.00s Real=0.03s
[291.310s][info][gc,start       ] GC(1984) Pause Young (Allocation Failure)
[291.340s][info][gc,heap        ] GC(1984) DefNew: 140053K(157248K)->280K(157248K) Eden: 139776K(139776K)->0K(139776K) From: 277K(17472K)->280K(17472K)
[291.340s][info][gc,heap        ] GC(1984) Tenured: 11391K(349568K)->11409K(349568K)
[291.340s][info][gc,metaspace   ] GC(1984) Metaspace: 14278K(15168K)->14278K(15168K) NonClass: 12318K(12864K)->12318K(12864K) Class: 1959K(2304K)->1959K(2304K)
[291.340s][info][gc             ] GC(1984) Pause Young (Allocation Failure) 147M->11M(494M) 30.434ms
[291.340s][info][gc,cpu         ] GC(1984) User=0.03s Sys=0.00s Real=0.03s
[291.462s][info][gc,start       ] GC(1985) Pause Young (Allocation Failure)
[291.490s][info][gc,heap        ] GC(1985) DefNew: 140056K(157248K)->281K(157248K) Eden: 139776K(139776K)->0K(139776K) From: 280K(17472K)->281K(17472K)
[291.490s][info][gc,heap        ] GC(1985) Tenured: 11409K(349568K)->11429K(349568K)
[291.490s][info][gc,metaspace   ] GC(1985) Metaspace: 14278K(15168K)->14278K(15168K) NonClass: 12318K(12864K)->12318K(12864K) Class: 1959K(2304K)->1959K(2304K)
[291.490s][info][gc             ] GC(1985) Pause Young (Allocation Failure) 147M->11M(494M) 28.153ms
[291.490s][info][gc,cpu         ] GC(1985) User=0.02s Sys=0.00s Real=0.01s
[291.607s][info][gc,start       ] GC(1986) Pause Young (Allocation Failure)
[291.634s][info][gc,heap        ] GC(1986) DefNew: 140057K(157248K)->287K(157248K) Eden: 139776K(139776K)->0K(139776K) From: 281K(17472K)->287K(17472K)
[291.634s][info][gc,heap        ] GC(1986) Tenured: 11429K(349568K)->11444K(349568K)
[291.634s][info][gc,metaspace   ] GC(1986) Metaspace: 14278K(15168K)->14278K(15168K) NonClass: 12318K(12864K)->12318K(12864K) Class: 1959K(2304K)->1959K(2304K)
[291.634s][info][gc             ] GC(1986) Pause Young (Allocation Failure) 147M->11M(494M) 27.519ms
[291.634s][info][gc,cpu         ] GC(1986) User=0.02s Sys=0.00s Real=0.01s
[291.748s][info][gc,start       ] GC(1987) Pause Young (Allocation Failure)
[291.776s][info][gc,heap        ] GC(1987) DefNew: 140063K(157248K)->289K(157248K) Eden: 139775K(139776K)->0K(139776K) From: 287K(17472K)->289K(17472K)
[291.776s][info][gc,heap        ] GC(1987) Tenured: 11444K(349568K)->11461K(349568K)
[291.776s][info][gc,metaspace   ] GC(1987) Metaspace: 14278K(15168K)->14278K(15168K) NonClass: 12318K(12864K)->12318K(12864K) Class: 1959K(2304K)->1959K(2304K)
[291.776s][info][gc             ] GC(1987) Pause Young (Allocation Failure) 147M->11M(494M) 27.844ms
[291.776s][info][gc,cpu         ] GC(1987) User=0.03s Sys=0.00s Real=0.03s
[291.890s][info][gc,start       ] GC(1988) Pause Young (Allocation Failure)
[291.919s][info][gc,heap        ] GC(1988) DefNew: 140065K(157248K)->291K(157248K) Eden: 139776K(139776K)->0K(139776K) From: 289K(17472K)->291K(17472K)
[291.919s][info][gc,heap        ] GC(1988) Tenured: 11461K(349568K)->11479K(349568K)
[291.920s][info][gc,metaspace   ] GC(1988) Metaspace: 14278K(15168K)->14278K(15168K) NonClass: 12318K(12864K)->12318K(12864K) Class: 1959K(2304K)->1959K(2304K)
[291.920s][info][gc             ] GC(1988) Pause Young (Allocation Failure) 147M->11M(494M) 29.373ms
[291.920s][info][gc,cpu         ] GC(1988) User=0.03s Sys=0.00s Real=0.03s
[292.034s][info][gc,start       ] GC(1989) Pause Young (Allocation Failure)
[292.062s][info][gc,heap        ] GC(1989) DefNew: 140067K(157248K)->292K(157248K) Eden: 139775K(139776K)->0K(139776K) From: 291K(17472K)->292K(17472K)
[292.062s][info][gc,heap        ] GC(1989) Tenured: 11479K(349568K)->11497K(349568K)
[292.062s][info][gc,metaspace   ] GC(1989) Metaspace: 14278K(15168K)->14278K(15168K) NonClass: 12318K(12864K)->12318K(12864K) Class: 1959K(2304K)->1959K(2304K)
[292.062s][info][gc             ] GC(1989) Pause Young (Allocation Failure) 147M->11M(494M) 28.421ms
[292.062s][info][gc,cpu         ] GC(1989) User=0.03s Sys=0.00s Real=0.03s
[292.185s][info][gc,start       ] GC(1990) Pause Young (Allocation Failure)
[292.213s][info][gc,heap        ] GC(1990) DefNew: 140068K(157248K)->295K(157248K) Eden: 139776K(139776K)->0K(139776K) From: 292K(17472K)->295K(17472K)
[292.213s][info][gc,heap        ] GC(1990) Tenured: 11497K(349568K)->11515K(349568K)
[292.213s][info][gc,metaspace   ] GC(1990) Metaspace: 14278K(15168K)->14278K(15168K) NonClass: 12318K(12864K)->12318K(12864K) Class: 1959K(2304K)->1959K(2304K)
[292.213s][info][gc             ] GC(1990) Pause Young (Allocation Failure) 148M->11M(494M) 27.848ms
[292.213s][info][gc,cpu         ] GC(1990) User=0.02s Sys=0.00s Real=0.03s
[292.327s][info][gc,start       ] GC(1991) Pause Young (Allocation Failure)
[292.355s][info][gc,heap        ] GC(1991) DefNew: 140071K(157248K)->297K(157248K) Eden: 139776K(139776K)->0K(139776K) From: 295K(17472K)->297K(17472K)
[292.355s][info][gc,heap        ] GC(1991) Tenured: 11515K(349568K)->11532K(349568K)
[292.355s][info][gc,metaspace   ] GC(1991) Metaspace: 14278K(15168K)->14278K(15168K) NonClass: 12318K(12864K)->12318K(12864K) Class: 1959K(2304K)->1959K(2304K)
[292.355s][info][gc             ] GC(1991) Pause Young (Allocation Failure) 148M->11M(494M) 28.385ms
[292.355s][info][gc,cpu         ] GC(1991) User=0.02s Sys=0.00s Real=0.01s
[292.469s][info][gc,start       ] GC(1992) Pause Young (Allocation Failure)
[292.497s][info][gc,heap        ] GC(1992) DefNew: 140073K(157248K)->295K(157248K) Eden: 139776K(139776K)->0K(139776K) From: 297K(17472K)->295K(17472K)
[292.497s][info][gc,heap        ] GC(1992) Tenured: 11532K(349568K)->11550K(349568K)
[292.497s][info][gc,metaspace   ] GC(1992) Metaspace: 14278K(15168K)->14278K(15168K) NonClass: 12318K(12864K)->12318K(12864K) Class: 1959K(2304K)->1959K(2304K)
[292.497s][info][gc             ] GC(1992) Pause Young (Allocation Failure) 148M->11M(494M) 28.734ms
[292.497s][info][gc,cpu         ] GC(1992) User=0.03s Sys=0.00s Real=0.03s
[292.610s][info][gc,start       ] GC(1993) Pause Young (Allocation Failure)
[292.640s][info][gc,heap        ] GC(1993) DefNew: 140071K(157248K)->296K(157248K) Eden: 139776K(139776K)->0K(139776K) From: 295K(17472K)->296K(17472K)
[292.640s][info][gc,heap        ] GC(1993) Tenured: 11550K(349568K)->11567K(349568K)
[292.640s][info][gc,metaspace   ] GC(1993) Metaspace: 14278K(15168K)->14278K(15168K) NonClass: 12318K(12864K)->12318K(12864K) Class: 1959K(2304K)->1959K(2304K)
[292.640s][info][gc             ] GC(1993) Pause Young (Allocation Failure) 148M->11M(494M) 30.202ms
[292.640s][info][gc,cpu         ] GC(1993) User=0.02s Sys=0.00s Real=0.02s
[292.752s][info][gc,start       ] GC(1994) Pause Young (Allocation Failure)
[292.774s][info][gc,heap        ] GC(1994) DefNew: 140072K(157248K)->295K(157248K) Eden: 139776K(139776K)->0K(139776K) From: 296K(17472K)->295K(17472K)
[292.774s][info][gc,heap        ] GC(1994) Tenured: 11567K(349568K)->11585K(349568K)
[292.774s][info][gc,metaspace   ] GC(1994) Metaspace: 14278K(15168K)->14278K(15168K) NonClass: 12318K(12864K)->12318K(12864K) Class: 1959K(2304K)->1959K(2304K)
[292.774s][info][gc             ] GC(1994) Pause Young (Allocation Failure) 148M->11M(494M) 22.124ms
[292.774s][info][gc,cpu         ] GC(1994) User=0.03s Sys=0.00s Real=0.02s
[292.886s][info][gc,start       ] GC(1995) Pause Young (Allocation Failure)
[292.908s][info][gc,heap        ] GC(1995) DefNew: 140071K(157248K)->295K(157248K) Eden: 139776K(139776K)->0K(139776K) From: 295K(17472K)->295K(17472K)
[292.908s][info][gc,heap        ] GC(1995) Tenured: 11585K(349568K)->11603K(349568K)
[292.908s][info][gc,metaspace   ] GC(1995) Metaspace: 14278K(15168K)->14278K(15168K) NonClass: 12318K(12864K)->12318K(12864K) Class: 1959K(2304K)->1959K(2304K)
[292.908s][info][gc             ] GC(1995) Pause Young (Allocation Failure) 148M->11M(494M) 22.446ms
[292.908s][info][gc,cpu         ] GC(1995) User=0.02s Sys=0.00s Real=0.02s
[293.020s][info][gc,start       ] GC(1996) Pause Young (Allocation Failure)
[293.043s][info][gc,heap        ] GC(1996) DefNew: 140071K(157248K)->297K(157248K) Eden: 139776K(139776K)->0K(139776K) From: 295K(17472K)->297K(17472K)
[293.043s][info][gc,heap        ] GC(1996) Tenured: 11603K(349568K)->11624K(349568K)
[293.043s][info][gc,metaspace   ] GC(1996) Metaspace: 14278K(15168K)->14278K(15168K) NonClass: 12318K(12864K)->12318K(12864K) Class: 1959K(2304K)->1959K(2304K)
[293.043s][info][gc             ] GC(1996) Pause Young (Allocation Failure) 148M->11M(494M) 22.246ms
[293.043s][info][gc,cpu         ] GC(1996) User=0.03s Sys=0.00s Real=0.02s
[293.153s][info][gc,start       ] GC(1997) Pause Young (Allocation Failure)
[293.184s][info][gc,heap        ] GC(1997) DefNew: 140073K(157248K)->294K(157248K) Eden: 139776K(139776K)->0K(139776K) From: 297K(17472K)->294K(17472K)
[293.185s][info][gc,heap        ] GC(1997) Tenured: 11624K(349568K)->11642K(349568K)
[293.185s][info][gc,metaspace   ] GC(1997) Metaspace: 14278K(15168K)->14278K(15168K) NonClass: 12318K(12864K)->12318K(12864K) Class: 1959K(2304K)->1959K(2304K)
[293.185s][info][gc             ] GC(1997) Pause Young (Allocation Failure) 148M->11M(494M) 31.266ms
[293.185s][info][gc,cpu         ] GC(1997) User=0.02s Sys=0.00s Real=0.02s
[293.298s][info][gc,start       ] GC(1998) Pause Young (Allocation Failure)
[293.329s][info][gc,heap        ] GC(1998) DefNew: 140070K(157248K)->295K(157248K) Eden: 139776K(139776K)->0K(139776K) From: 294K(17472K)->295K(17472K)
[293.329s][info][gc,heap        ] GC(1998) Tenured: 11642K(349568K)->11660K(349568K)
[293.329s][info][gc,metaspace   ] GC(1998) Metaspace: 14278K(15168K)->14278K(15168K) NonClass: 12318K(12864K)->12318K(12864K) Class: 1959K(2304K)->1959K(2304K)
[293.329s][info][gc             ] GC(1998) Pause Young (Allocation Failure) 148M->11M(494M) 30.782ms
[293.329s][info][gc,cpu         ] GC(1998) User=0.02s Sys=0.00s Real=0.02s
[293.442s][info][gc,start       ] GC(1999) Pause Young (Allocation Failure)
[293.473s][info][gc,heap        ] GC(1999) DefNew: 140071K(157248K)->291K(157248K) Eden: 139776K(139776K)->0K(139776K) From: 295K(17472K)->291K(17472K)
[293.474s][info][gc,heap        ] GC(1999) Tenured: 11660K(349568K)->11681K(349568K)
[293.474s][info][gc,metaspace   ] GC(1999) Metaspace: 14278K(15168K)->14278K(15168K) NonClass: 12318K(12864K)->12318K(12864K) Class: 1959K(2304K)->1959K(2304K)
[293.474s][info][gc             ] GC(1999) Pause Young (Allocation Failure) 148M->11M(494M) 31.561ms
[293.474s][info][gc,cpu         ] GC(1999) User=0.03s Sys=0.00s Real=0.02s
[293.587s][info][gc,start       ] GC(2000) Pause Young (Allocation Failure)
[293.618s][info][gc,heap        ] GC(2000) DefNew: 140067K(157248K)->288K(157248K) Eden: 139776K(139776K)->0K(139776K) From: 291K(17472K)->288K(17472K)
[293.618s][info][gc,heap        ] GC(2000) Tenured: 11681K(349568K)->11702K(349568K)
[293.618s][info][gc,metaspace   ] GC(2000) Metaspace: 14278K(15168K)->14278K(15168K) NonClass: 12318K(12864K)->12318K(12864K) Class: 1959K(2304K)->1959K(2304K)
[293.618s][info][gc             ] GC(2000) Pause Young (Allocation Failure) 148M->11M(494M) 31.351ms
[293.618s][info][gc,cpu         ] GC(2000) User=0.02s Sys=0.00s Real=0.02s
[293.735s][info][gc,start       ] GC(2001) Pause Young (Allocation Failure)
[293.773s][info][gc,heap        ] GC(2001) DefNew: 140064K(157248K)->288K(157248K) Eden: 139776K(139776K)->0K(139776K) From: 288K(17472K)->288K(17472K)
[293.774s][info][gc,heap        ] GC(2001) Tenured: 11702K(349568K)->11722K(349568K)
[293.774s][info][gc,metaspace   ] GC(2001) Metaspace: 14278K(15168K)->14278K(15168K) NonClass: 12318K(12864K)->12318K(12864K) Class: 1959K(2304K)->1959K(2304K)
[293.774s][info][gc             ] GC(2001) Pause Young (Allocation Failure) 148M->11M(494M) 38.813ms
[293.774s][info][gc,cpu         ] GC(2001) User=0.05s Sys=0.00s Real=0.04s
[293.891s][info][gc,start       ] GC(2002) Pause Young (Allocation Failure)
[293.916s][info][gc,heap        ] GC(2002) DefNew: 140064K(157248K)->288K(157248K) Eden: 139776K(139776K)->0K(139776K) From: 288K(17472K)->288K(17472K)
[293.916s][info][gc,heap        ] GC(2002) Tenured: 11722K(349568K)->11742K(349568K)
[293.916s][info][gc,metaspace   ] GC(2002) Metaspace: 14278K(15168K)->14278K(15168K) NonClass: 12318K(12864K)->12318K(12864K) Class: 1959K(2304K)->1959K(2304K)
[293.916s][info][gc             ] GC(2002) Pause Young (Allocation Failure) 148M->11M(494M) 24.750ms
[293.916s][info][gc,cpu         ] GC(2002) User=0.03s Sys=0.00s Real=0.03s
[294.028s][info][gc,start       ] GC(2003) Pause Young (Allocation Failure)
[294.060s][info][gc,heap        ] GC(2003) DefNew: 140064K(157248K)->285K(157248K) Eden: 139776K(139776K)->0K(139776K) From: 288K(17472K)->285K(17472K)
[294.060s][info][gc,heap        ] GC(2003) Tenured: 11742K(349568K)->11763K(349568K)
[294.060s][info][gc,metaspace   ] GC(2003) Metaspace: 14278K(15168K)->14278K(15168K) NonClass: 12318K(12864K)->12318K(12864K) Class: 1959K(2304K)->1959K(2304K)
[294.060s][info][gc             ] GC(2003) Pause Young (Allocation Failure) 148M->11M(494M) 32.372ms
[294.061s][info][gc,cpu         ] GC(2003) User=0.02s Sys=0.00s Real=0.02s
[294.176s][info][gc,start       ] GC(2004) Pause Young (Allocation Failure)
[294.210s][info][gc,heap        ] GC(2004) DefNew: 140061K(157248K)->286K(157248K) Eden: 139776K(139776K)->0K(139776K) From: 285K(17472K)->286K(17472K)
[294.210s][info][gc,heap        ] GC(2004) Tenured: 11763K(349568K)->11781K(349568K)
[294.210s][info][gc,metaspace   ] GC(2004) Metaspace: 14278K(15168K)->14278K(15168K) NonClass: 12318K(12864K)->12318K(12864K) Class: 1959K(2304K)->1959K(2304K)
[294.210s][info][gc             ] GC(2004) Pause Young (Allocation Failure) 148M->11M(494M) 34.181ms
[294.210s][info][gc,cpu         ] GC(2004) User=0.03s Sys=0.00s Real=0.03s
[294.325s][info][gc,start       ] GC(2005) Pause Young (Allocation Failure)
[294.358s][info][gc,heap        ] GC(2005) DefNew: 140062K(157248K)->282K(157248K) Eden: 139776K(139776K)->0K(139776K) From: 286K(17472K)->282K(17472K)
[294.358s][info][gc,heap        ] GC(2005) Tenured: 11781K(349568K)->11802K(349568K)
[294.358s][info][gc,metaspace   ] GC(2005) Metaspace: 14278K(15168K)->14278K(15168K) NonClass: 12318K(12864K)->12318K(12864K) Class: 1959K(2304K)->1959K(2304K)
[294.358s][info][gc             ] GC(2005) Pause Young (Allocation Failure) 148M->11M(494M) 33.659ms
[294.358s][info][gc,cpu         ] GC(2005) User=0.03s Sys=0.00s Real=0.03s
[294.472s][info][gc,start       ] GC(2006) Pause Young (Allocation Failure)
[294.506s][info][gc,heap        ] GC(2006) DefNew: 140058K(157248K)->281K(157248K) Eden: 139776K(139776K)->0K(139776K) From: 282K(17472K)->281K(17472K)
[294.506s][info][gc,heap        ] GC(2006) Tenured: 11802K(349568K)->11820K(349568K)
[294.506s][info][gc,metaspace   ] GC(2006) Metaspace: 14278K(15168K)->14278K(15168K) NonClass: 12318K(12864K)->12318K(12864K) Class: 1959K(2304K)->1959K(2304K)
[294.506s][info][gc             ] GC(2006) Pause Young (Allocation Failure) 148M->11M(494M) 33.745ms
[294.506s][info][gc,cpu         ] GC(2006) User=0.03s Sys=0.00s Real=0.03s
[294.623s][info][gc,start       ] GC(2007) Pause Young (Allocation Failure)
[294.656s][info][gc,heap        ] GC(2007) DefNew: 140057K(157248K)->285K(157248K) Eden: 139776K(139776K)->0K(139776K) From: 281K(17472K)->285K(17472K)
[294.656s][info][gc,heap        ] GC(2007) Tenured: 11820K(349568K)->11837K(349568K)
[294.656s][info][gc,metaspace   ] GC(2007) Metaspace: 14278K(15168K)->14278K(15168K) NonClass: 12318K(12864K)->12318K(12864K) Class: 1959K(2304K)->1959K(2304K)
[294.656s][info][gc             ] GC(2007) Pause Young (Allocation Failure) 148M->11M(494M) 33.572ms
[294.656s][info][gc,cpu         ] GC(2007) User=0.03s Sys=0.00s Real=0.03s
[294.773s][info][gc,start       ] GC(2008) Pause Young (Allocation Failure)
[294.808s][info][gc,heap        ] GC(2008) DefNew: 140061K(157248K)->288K(157248K) Eden: 139776K(139776K)->0K(139776K) From: 285K(17472K)->288K(17472K)
[294.808s][info][gc,heap        ] GC(2008) Tenured: 11837K(349568K)->11855K(349568K)
[294.808s][info][gc,metaspace   ] GC(2008) Metaspace: 14278K(15168K)->14278K(15168K) NonClass: 12318K(12864K)->12318K(12864K) Class: 1959K(2304K)->1959K(2304K)
[294.808s][info][gc             ] GC(2008) Pause Young (Allocation Failure) 148M->11M(494M) 34.602ms
[294.808s][info][gc,cpu         ] GC(2008) User=0.03s Sys=0.00s Real=0.03s
[295.004s][info][gc,start       ] GC(2009) Pause Young (Allocation Failure)
[295.037s][info][gc,heap        ] GC(2009) DefNew: 140064K(157248K)->285K(157248K) Eden: 139776K(139776K)->0K(139776K) From: 288K(17472K)->285K(17472K)
[295.037s][info][gc,heap        ] GC(2009) Tenured: 11855K(349568K)->11873K(349568K)
[295.037s][info][gc,metaspace   ] GC(2009) Metaspace: 14278K(15168K)->14278K(15168K) NonClass: 12318K(12864K)->12318K(12864K) Class: 1959K(2304K)->1959K(2304K)
[295.037s][info][gc             ] GC(2009) Pause Young (Allocation Failure) 148M->11M(494M) 32.694ms
[295.037s][info][gc,cpu         ] GC(2009) User=0.03s Sys=0.00s Real=0.03s
[295.159s][info][gc,start       ] GC(2010) Pause Young (Allocation Failure)
[295.183s][info][gc,heap        ] GC(2010) DefNew: 140061K(157248K)->288K(157248K) Eden: 139776K(139776K)->0K(139776K) From: 285K(17472K)->288K(17472K)
[295.183s][info][gc,heap        ] GC(2010) Tenured: 11873K(349568K)->11890K(349568K)
[295.183s][info][gc,metaspace   ] GC(2010) Metaspace: 14278K(15168K)->14278K(15168K) NonClass: 12318K(12864K)->12318K(12864K) Class: 1959K(2304K)->1959K(2304K)
[295.183s][info][gc             ] GC(2010) Pause Young (Allocation Failure) 148M->11M(494M) 24.289ms
[295.183s][info][gc,cpu         ] GC(2010) User=0.02s Sys=0.00s Real=0.01s
[295.299s][info][gc,start       ] GC(2011) Pause Young (Allocation Failure)
[295.322s][info][gc,heap        ] GC(2011) DefNew: 140064K(157248K)->284K(157248K) Eden: 139776K(139776K)->0K(139776K) From: 288K(17472K)->284K(17472K)
[295.322s][info][gc,heap        ] GC(2011) Tenured: 11890K(349568K)->11911K(349568K)
[295.322s][info][gc,metaspace   ] GC(2011) Metaspace: 14278K(15168K)->14278K(15168K) NonClass: 12318K(12864K)->12318K(12864K) Class: 1959K(2304K)->1959K(2304K)
[295.322s][info][gc             ] GC(2011) Pause Young (Allocation Failure) 148M->11M(494M) 23.203ms
[295.322s][info][gc,cpu         ] GC(2011) User=0.02s Sys=0.00s Real=0.02s
[295.438s][info][gc,start       ] GC(2012) Pause Young (Allocation Failure)
[295.466s][info][gc,heap        ] GC(2012) DefNew: 140060K(157248K)->288K(157248K) Eden: 139776K(139776K)->0K(139776K) From: 284K(17472K)->288K(17472K)
[295.466s][info][gc,heap        ] GC(2012) Tenured: 11911K(349568K)->11929K(349568K)
[295.466s][info][gc,metaspace   ] GC(2012) Metaspace: 14278K(15168K)->14278K(15168K) NonClass: 12318K(12864K)->12318K(12864K) Class: 1959K(2304K)->1959K(2304K)
[295.466s][info][gc             ] GC(2012) Pause Young (Allocation Failure) 148M->11M(494M) 28.355ms
[295.466s][info][gc,cpu         ] GC(2012) User=0.02s Sys=0.00s Real=0.02s
[295.597s][info][gc,start       ] GC(2013) Pause Young (Allocation Failure)
[295.623s][info][gc,heap        ] GC(2013) DefNew: 140064K(157248K)->294K(157248K) Eden: 139776K(139776K)->0K(139776K) From: 288K(17472K)->294K(17472K)
[295.623s][info][gc,heap        ] GC(2013) Tenured: 11929K(349568K)->11946K(349568K)
[295.623s][info][gc,metaspace   ] GC(2013) Metaspace: 14278K(15168K)->14278K(15168K) NonClass: 12318K(12864K)->12318K(12864K) Class: 1959K(2304K)->1959K(2304K)
[295.623s][info][gc             ] GC(2013) Pause Young (Allocation Failure) 148M->11M(494M) 26.287ms
[295.623s][info][gc,cpu         ] GC(2013) User=0.02s Sys=0.00s Real=0.02s
[295.740s][info][gc,start       ] GC(2014) Pause Young (Allocation Failure)
[295.767s][info][gc,heap        ] GC(2014) DefNew: 140070K(157248K)->295K(157248K) Eden: 139776K(139776K)->0K(139776K) From: 294K(17472K)->295K(17472K)
[295.767s][info][gc,heap        ] GC(2014) Tenured: 11946K(349568K)->11964K(349568K)
[295.767s][info][gc,metaspace   ] GC(2014) Metaspace: 14278K(15168K)->14278K(15168K) NonClass: 12318K(12864K)->12318K(12864K) Class: 1959K(2304K)->1959K(2304K)
[295.767s][info][gc             ] GC(2014) Pause Young (Allocation Failure) 148M->11M(494M) 26.728ms
[295.767s][info][gc,cpu         ] GC(2014) User=0.03s Sys=0.02s Real=0.02s
[295.878s][info][gc,start       ] GC(2015) Pause Young (Allocation Failure)
[295.905s][info][gc,heap        ] GC(2015) DefNew: 140071K(157248K)->294K(157248K) Eden: 139776K(139776K)->0K(139776K) From: 295K(17472K)->294K(17472K)
[295.905s][info][gc,heap        ] GC(2015) Tenured: 11964K(349568K)->11982K(349568K)
[295.905s][info][gc,metaspace   ] GC(2015) Metaspace: 14278K(15168K)->14278K(15168K) NonClass: 12318K(12864K)->12318K(12864K) Class: 1959K(2304K)->1959K(2304K)
[295.905s][info][gc             ] GC(2015) Pause Young (Allocation Failure) 148M->11M(494M) 27.791ms
[295.905s][info][gc,cpu         ] GC(2015) User=0.03s Sys=0.00s Real=0.03s
[296.018s][info][gc,start       ] GC(2016) Pause Young (Allocation Failure)
[296.047s][info][gc,heap        ] GC(2016) DefNew: 140070K(157248K)->294K(157248K) Eden: 139776K(139776K)->0K(139776K) From: 294K(17472K)->294K(17472K)
[296.047s][info][gc,heap        ] GC(2016) Tenured: 11982K(349568K)->12002K(349568K)
[296.047s][info][gc,metaspace   ] GC(2016) Metaspace: 14278K(15168K)->14278K(15168K) NonClass: 12318K(12864K)->12318K(12864K) Class: 1959K(2304K)->1959K(2304K)
[296.047s][info][gc             ] GC(2016) Pause Young (Allocation Failure) 148M->12M(494M) 28.445ms
[296.047s][info][gc,cpu         ] GC(2016) User=0.03s Sys=0.00s Real=0.03s
[296.160s][info][gc,start       ] GC(2017) Pause Young (Allocation Failure)
[296.188s][info][gc,heap        ] GC(2017) DefNew: 140070K(157248K)->292K(157248K) Eden: 139776K(139776K)->0K(139776K) From: 294K(17472K)->292K(17472K)
[296.188s][info][gc,heap        ] GC(2017) Tenured: 12002K(349568K)->12022K(349568K)
[296.188s][info][gc,metaspace   ] GC(2017) Metaspace: 14278K(15168K)->14278K(15168K) NonClass: 12318K(12864K)->12318K(12864K) Class: 1959K(2304K)->1959K(2304K)
[296.188s][info][gc             ] GC(2017) Pause Young (Allocation Failure) 148M->12M(494M) 28.043ms
[296.188s][info][gc,cpu         ] GC(2017) User=0.03s Sys=0.00s Real=0.02s
[296.302s][info][gc,start       ] GC(2018) Pause Young (Allocation Failure)
[296.330s][info][gc,heap        ] GC(2018) DefNew: 140068K(157248K)->291K(157248K) Eden: 139776K(139776K)->0K(139776K) From: 292K(17472K)->291K(17472K)
[296.330s][info][gc,heap        ] GC(2018) Tenured: 12022K(349568K)->12040K(349568K)
[296.330s][info][gc,metaspace   ] GC(2018) Metaspace: 14278K(15168K)->14278K(15168K) NonClass: 12318K(12864K)->12318K(12864K) Class: 1959K(2304K)->1959K(2304K)
[296.330s][info][gc             ] GC(2018) Pause Young (Allocation Failure) 148M->12M(494M) 28.236ms
[296.330s][info][gc,cpu         ] GC(2018) User=0.02s Sys=0.00s Real=0.02s
[296.444s][info][gc,start       ] GC(2019) Pause Young (Allocation Failure)
[296.473s][info][gc,heap        ] GC(2019) DefNew: 140067K(157248K)->294K(157248K) Eden: 139776K(139776K)->0K(139776K) From: 291K(17472K)->294K(17472K)
[296.473s][info][gc,heap        ] GC(2019) Tenured: 12040K(349568K)->12058K(349568K)
[296.473s][info][gc,metaspace   ] GC(2019) Metaspace: 14278K(15168K)->14278K(15168K) NonClass: 12318K(12864K)->12318K(12864K) Class: 1959K(2304K)->1959K(2304K)
[296.473s][info][gc             ] GC(2019) Pause Young (Allocation Failure) 148M->12M(494M) 28.766ms
[296.473s][info][gc,cpu         ] GC(2019) User=0.02s Sys=0.00s Real=0.03s
[296.587s][info][gc,start       ] GC(2020) Pause Young (Allocation Failure)
[296.616s][info][gc,heap        ] GC(2020) DefNew: 140070K(157248K)->294K(157248K) Eden: 139776K(139776K)->0K(139776K) From: 294K(17472K)->294K(17472K)
[296.616s][info][gc,heap        ] GC(2020) Tenured: 12058K(349568K)->12075K(349568K)
[296.616s][info][gc,metaspace   ] GC(2020) Metaspace: 14278K(15168K)->14278K(15168K) NonClass: 12318K(12864K)->12318K(12864K) Class: 1959K(2304K)->1959K(2304K)
[296.616s][info][gc             ] GC(2020) Pause Young (Allocation Failure) 148M->12M(494M) 28.887ms
[296.616s][info][gc,cpu         ] GC(2020) User=0.03s Sys=0.00s Real=0.03s
[296.730s][info][gc,start       ] GC(2021) Pause Young (Allocation Failure)
[296.760s][info][gc,heap        ] GC(2021) DefNew: 140070K(157248K)->302K(157248K) Eden: 139776K(139776K)->0K(139776K) From: 294K(17472K)->302K(17472K)
[296.760s][info][gc,heap        ] GC(2021) Tenured: 12075K(349568K)->12093K(349568K)
[296.760s][info][gc,metaspace   ] GC(2021) Metaspace: 14278K(15168K)->14278K(15168K) NonClass: 12318K(12864K)->12318K(12864K) Class: 1959K(2304K)->1959K(2304K)
[296.760s][info][gc             ] GC(2021) Pause Young (Allocation Failure) 148M->12M(494M) 29.874ms
[296.760s][info][gc,cpu         ] GC(2021) User=0.02s Sys=0.00s Real=0.02s
[296.873s][info][gc,start       ] GC(2022) Pause Young (Allocation Failure)
[296.902s][info][gc,heap        ] GC(2022) DefNew: 140078K(157248K)->290K(157248K) Eden: 139776K(139776K)->0K(139776K) From: 302K(17472K)->290K(17472K)
[296.902s][info][gc,heap        ] GC(2022) Tenured: 12093K(349568K)->12114K(349568K)
[296.902s][info][gc,metaspace   ] GC(2022) Metaspace: 14278K(15168K)->14278K(15168K) NonClass: 12318K(12864K)->12318K(12864K) Class: 1959K(2304K)->1959K(2304K)
[296.902s][info][gc             ] GC(2022) Pause Young (Allocation Failure) 148M->12M(494M) 29.495ms
[296.902s][info][gc,cpu         ] GC(2022) User=0.03s Sys=0.00s Real=0.03s
[297.014s][info][gc,start       ] GC(2023) Pause Young (Allocation Failure)
[297.046s][info][gc,heap        ] GC(2023) DefNew: 140066K(157248K)->291K(157248K) Eden: 139776K(139776K)->0K(139776K) From: 290K(17472K)->291K(17472K)
[297.046s][info][gc,heap        ] GC(2023) Tenured: 12114K(349568K)->12132K(349568K)
[297.046s][info][gc,metaspace   ] GC(2023) Metaspace: 14278K(15168K)->14278K(15168K) NonClass: 12318K(12864K)->12318K(12864K) Class: 1959K(2304K)->1959K(2304K)
[297.046s][info][gc             ] GC(2023) Pause Young (Allocation Failure) 148M->12M(494M) 31.375ms
[297.046s][info][gc,cpu         ] GC(2023) User=0.03s Sys=0.00s Real=0.03s
[297.162s][info][gc,start       ] GC(2024) Pause Young (Allocation Failure)
[297.193s][info][gc,heap        ] GC(2024) DefNew: 140067K(157248K)->293K(157248K) Eden: 139776K(139776K)->0K(139776K) From: 291K(17472K)->293K(17472K)
[297.193s][info][gc,heap        ] GC(2024) Tenured: 12132K(349568K)->12150K(349568K)
[297.193s][info][gc,metaspace   ] GC(2024) Metaspace: 14278K(15168K)->14278K(15168K) NonClass: 12318K(12864K)->12318K(12864K) Class: 1959K(2304K)->1959K(2304K)
[297.193s][info][gc             ] GC(2024) Pause Young (Allocation Failure) 148M->12M(494M) 30.886ms
[297.193s][info][gc,cpu         ] GC(2024) User=0.03s Sys=0.00s Real=0.03s
[297.307s][info][gc,start       ] GC(2025) Pause Young (Allocation Failure)
[297.339s][info][gc,heap        ] GC(2025) DefNew: 140069K(157248K)->294K(157248K) Eden: 139776K(139776K)->0K(139776K) From: 293K(17472K)->294K(17472K)
[297.339s][info][gc,heap        ] GC(2025) Tenured: 12150K(349568K)->12170K(349568K)
[297.339s][info][gc,metaspace   ] GC(2025) Metaspace: 14278K(15168K)->14278K(15168K) NonClass: 12318K(12864K)->12318K(12864K) Class: 1959K(2304K)->1959K(2304K)
[297.339s][info][gc             ] GC(2025) Pause Young (Allocation Failure) 148M->12M(494M) 32.084ms
[297.339s][info][gc,cpu         ] GC(2025) User=0.03s Sys=0.00s Real=0.03s
[297.455s][info][gc,start       ] GC(2026) Pause Young (Allocation Failure)
[297.485s][info][gc,heap        ] GC(2026) DefNew: 140070K(157248K)->294K(157248K) Eden: 139776K(139776K)->0K(139776K) From: 294K(17472K)->294K(17472K)
[297.485s][info][gc,heap        ] GC(2026) Tenured: 12170K(349568K)->12188K(349568K)
[297.485s][info][gc,metaspace   ] GC(2026) Metaspace: 14278K(15168K)->14278K(15168K) NonClass: 12318K(12864K)->12318K(12864K) Class: 1959K(2304K)->1959K(2304K)
[297.485s][info][gc             ] GC(2026) Pause Young (Allocation Failure) 148M->12M(494M) 30.917ms
[297.485s][info][gc,cpu         ] GC(2026) User=0.03s Sys=0.00s Real=0.03s
[297.600s][info][gc,start       ] GC(2027) Pause Young (Allocation Failure)
[297.632s][info][gc,heap        ] GC(2027) DefNew: 140070K(157248K)->299K(157248K) Eden: 139776K(139776K)->0K(139776K) From: 294K(17472K)->299K(17472K)
[297.632s][info][gc,heap        ] GC(2027) Tenured: 12188K(349568K)->12209K(349568K)
[297.632s][info][gc,metaspace   ] GC(2027) Metaspace: 14278K(15168K)->14278K(15168K) NonClass: 12318K(12864K)->12318K(12864K) Class: 1959K(2304K)->1959K(2304K)
[297.632s][info][gc             ] GC(2027) Pause Young (Allocation Failure) 148M->12M(494M) 31.701ms
[297.632s][info][gc,cpu         ] GC(2027) User=0.03s Sys=0.00s Real=0.03s
[297.746s][info][gc,start       ] GC(2028) Pause Young (Allocation Failure)
[297.779s][info][gc,heap        ] GC(2028) DefNew: 140075K(157248K)->292K(157248K) Eden: 139776K(139776K)->0K(139776K) From: 299K(17472K)->292K(17472K)
[297.779s][info][gc,heap        ] GC(2028) Tenured: 12209K(349568K)->12232K(349568K)
[297.779s][info][gc,metaspace   ] GC(2028) Metaspace: 14278K(15168K)->14278K(15168K) NonClass: 12318K(12864K)->12318K(12864K) Class: 1959K(2304K)->1959K(2304K)
[297.779s][info][gc             ] GC(2028) Pause Young (Allocation Failure) 148M->12M(494M) 32.754ms
[297.779s][info][gc,cpu         ] GC(2028) User=0.02s Sys=0.00s Real=0.02s
[297.895s][info][gc,start       ] GC(2029) Pause Young (Allocation Failure)
[297.927s][info][gc,heap        ] GC(2029) DefNew: 140068K(157248K)->295K(157248K) Eden: 139776K(139776K)->0K(139776K) From: 292K(17472K)->295K(17472K)
[297.927s][info][gc,heap        ] GC(2029) Tenured: 12232K(349568K)->12250K(349568K)
[297.927s][info][gc,metaspace   ] GC(2029) Metaspace: 14278K(15168K)->14278K(15168K) NonClass: 12318K(12864K)->12318K(12864K) Class: 1959K(2304K)->1959K(2304K)
[297.927s][info][gc             ] GC(2029) Pause Young (Allocation Failure) 148M->12M(494M) 31.917ms
[297.927s][info][gc,cpu         ] GC(2029) User=0.03s Sys=0.00s Real=0.03s
[298.040s][info][gc,start       ] GC(2030) Pause Young (Allocation Failure)
[298.074s][info][gc,heap        ] GC(2030) DefNew: 140071K(157248K)->297K(157248K) Eden: 139776K(139776K)->0K(139776K) From: 295K(17472K)->297K(17472K)
[298.074s][info][gc,heap        ] GC(2030) Tenured: 12250K(349568K)->12267K(349568K)
[298.074s][info][gc,metaspace   ] GC(2030) Metaspace: 14278K(15168K)->14278K(15168K) NonClass: 12318K(12864K)->12318K(12864K) Class: 1959K(2304K)->1959K(2304K)
[298.074s][info][gc             ] GC(2030) Pause Young (Allocation Failure) 148M->12M(494M) 33.832ms
[298.074s][info][gc,cpu         ] GC(2030) User=0.02s Sys=0.00s Real=0.02s
[298.188s][info][gc,start       ] GC(2031) Pause Young (Allocation Failure)
[298.213s][info][gc,heap        ] GC(2031) DefNew: 140073K(157248K)->292K(157248K) Eden: 139776K(139776K)->0K(139776K) From: 297K(17472K)->292K(17472K)
[298.213s][info][gc,heap        ] GC(2031) Tenured: 12267K(349568K)->12288K(349568K)
[298.213s][info][gc,metaspace   ] GC(2031) Metaspace: 14278K(15168K)->14278K(15168K) NonClass: 12318K(12864K)->12318K(12864K) Class: 1959K(2304K)->1959K(2304K)
[298.213s][info][gc             ] GC(2031) Pause Young (Allocation Failure) 148M->12M(494M) 24.576ms
[298.213s][info][gc,cpu         ] GC(2031) User=0.02s Sys=0.00s Real=0.02s
[298.325s][info][gc,start       ] GC(2032) Pause Young (Allocation Failure)
[298.350s][info][gc,heap        ] GC(2032) DefNew: 140068K(157248K)->292K(157248K) Eden: 139776K(139776K)->0K(139776K) From: 292K(17472K)->292K(17472K)
[298.350s][info][gc,heap        ] GC(2032) Tenured: 12288K(349568K)->12306K(349568K)
[298.350s][info][gc,metaspace   ] GC(2032) Metaspace: 14278K(15168K)->14278K(15168K) NonClass: 12318K(12864K)->12318K(12864K) Class: 1959K(2304K)->1959K(2304K)
[298.351s][info][gc             ] GC(2032) Pause Young (Allocation Failure) 148M->12M(494M) 25.220ms
[298.351s][info][gc,cpu         ] GC(2032) User=0.02s Sys=0.00s Real=0.02s
[298.463s][info][gc,start       ] GC(2033) Pause Young (Allocation Failure)
[298.497s][info][gc,heap        ] GC(2033) DefNew: 140068K(157248K)->296K(157248K) Eden: 139776K(139776K)->0K(139776K) From: 292K(17472K)->296K(17472K)
[298.497s][info][gc,heap        ] GC(2033) Tenured: 12306K(349568K)->12323K(349568K)
[298.497s][info][gc,metaspace   ] GC(2033) Metaspace: 14278K(15168K)->14278K(15168K) NonClass: 12318K(12864K)->12318K(12864K) Class: 1959K(2304K)->1959K(2304K)
[298.497s][info][gc             ] GC(2033) Pause Young (Allocation Failure) 148M->12M(494M) 33.627ms
[298.497s][info][gc,cpu         ] GC(2033) User=0.03s Sys=0.00s Real=0.03s
[298.613s][info][gc,start       ] GC(2034) Pause Young (Allocation Failure)
[298.646s][info][gc,heap        ] GC(2034) DefNew: 140072K(157248K)->297K(157248K) Eden: 139776K(139776K)->0K(139776K) From: 296K(17472K)->297K(17472K)
[298.646s][info][gc,heap        ] GC(2034) Tenured: 12323K(349568K)->12344K(349568K)
[298.646s][info][gc,metaspace   ] GC(2034) Metaspace: 14278K(15168K)->14278K(15168K) NonClass: 12318K(12864K)->12318K(12864K) Class: 1959K(2304K)->1959K(2304K)
[298.646s][info][gc             ] GC(2034) Pause Young (Allocation Failure) 148M->12M(494M) 33.359ms
[298.646s][info][gc,cpu         ] GC(2034) User=0.03s Sys=0.00s Real=0.03s
[298.762s][info][gc,start       ] GC(2035) Pause Young (Allocation Failure)
[298.796s][info][gc,heap        ] GC(2035) DefNew: 140073K(157248K)->297K(157248K) Eden: 139776K(139776K)->0K(139776K) From: 297K(17472K)->297K(17472K)
[298.796s][info][gc,heap        ] GC(2035) Tenured: 12344K(349568K)->12361K(349568K)
[298.796s][info][gc,metaspace   ] GC(2035) Metaspace: 14278K(15168K)->14278K(15168K) NonClass: 12318K(12864K)->12318K(12864K) Class: 1959K(2304K)->1959K(2304K)
[298.796s][info][gc             ] GC(2035) Pause Young (Allocation Failure) 148M->12M(494M) 33.902ms
[298.796s][info][gc,cpu         ] GC(2035) User=0.03s Sys=0.00s Real=0.03s
[298.991s][info][gc,start       ] GC(2036) Pause Young (Allocation Failure)
[299.022s][info][gc,heap        ] GC(2036) DefNew: 140073K(157248K)->297K(157248K) Eden: 139776K(139776K)->0K(139776K) From: 297K(17472K)->297K(17472K)
[299.022s][info][gc,heap        ] GC(2036) Tenured: 12361K(349568K)->12379K(349568K)
[299.022s][info][gc,metaspace   ] GC(2036) Metaspace: 14278K(15168K)->14278K(15168K) NonClass: 12318K(12864K)->12318K(12864K) Class: 1959K(2304K)->1959K(2304K)
[299.022s][info][gc             ] GC(2036) Pause Young (Allocation Failure) 148M->12M(494M) 30.608ms
[299.022s][info][gc,cpu         ] GC(2036) User=0.02s Sys=0.00s Real=0.02s
[299.143s][info][gc,start       ] GC(2037) Pause Young (Allocation Failure)
[299.175s][info][gc,heap        ] GC(2037) DefNew: 140073K(157248K)->299K(157248K) Eden: 139776K(139776K)->0K(139776K) From: 297K(17472K)->299K(17472K)
[299.175s][info][gc,heap        ] GC(2037) Tenured: 12379K(349568K)->12397K(349568K)
[299.175s][info][gc,metaspace   ] GC(2037) Metaspace: 14278K(15168K)->14278K(15168K) NonClass: 12318K(12864K)->12318K(12864K) Class: 1959K(2304K)->1959K(2304K)
[299.175s][info][gc             ] GC(2037) Pause Young (Allocation Failure) 148M->12M(494M) 31.854ms
[299.175s][info][gc,cpu         ] GC(2037) User=0.03s Sys=0.00s Real=0.03s
[299.292s][info][gc,start       ] GC(2038) Pause Young (Allocation Failure)
[299.322s][info][gc,heap        ] GC(2038) DefNew: 140075K(157248K)->299K(157248K) Eden: 139776K(139776K)->0K(139776K) From: 299K(17472K)->299K(17472K)
[299.322s][info][gc,heap        ] GC(2038) Tenured: 12397K(349568K)->12415K(349568K)
[299.322s][info][gc,metaspace   ] GC(2038) Metaspace: 14278K(15168K)->14278K(15168K) NonClass: 12318K(12864K)->12318K(12864K) Class: 1959K(2304K)->1959K(2304K)
[299.322s][info][gc             ] GC(2038) Pause Young (Allocation Failure) 148M->12M(494M) 30.301ms
[299.322s][info][gc,cpu         ] GC(2038) User=0.02s Sys=0.00s Real=0.02s
[299.453s][info][gc,start       ] GC(2039) Pause Young (Allocation Failure)
[299.475s][info][gc,heap        ] GC(2039) DefNew: 140075K(157248K)->299K(157248K) Eden: 139776K(139776K)->0K(139776K) From: 299K(17472K)->299K(17472K)
[299.475s][info][gc,heap        ] GC(2039) Tenured: 12415K(349568K)->12435K(349568K)
[299.475s][info][gc,metaspace   ] GC(2039) Metaspace: 14278K(15168K)->14278K(15168K) NonClass: 12318K(12864K)->12318K(12864K) Class: 1959K(2304K)->1959K(2304K)
[299.475s][info][gc             ] GC(2039) Pause Young (Allocation Failure) 148M->12M(494M) 21.557ms
[299.475s][info][gc,cpu         ] GC(2039) User=0.02s Sys=0.00s Real=0.02s
[299.598s][info][gc,start       ] GC(2040) Pause Young (Allocation Failure)
[299.627s][info][gc,heap        ] GC(2040) DefNew: 140075K(157248K)->299K(157248K) Eden: 139776K(139776K)->0K(139776K) From: 299K(17472K)->299K(17472K)
[299.627s][info][gc,heap        ] GC(2040) Tenured: 12435K(349568K)->12456K(349568K)
[299.627s][info][gc,metaspace   ] GC(2040) Metaspace: 14278K(15168K)->14278K(15168K) NonClass: 12318K(12864K)->12318K(12864K) Class: 1959K(2304K)->1959K(2304K)
[299.627s][info][gc             ] GC(2040) Pause Young (Allocation Failure) 148M->12M(494M) 28.894ms
[299.627s][info][gc,cpu         ] GC(2040) User=0.02s Sys=0.00s Real=0.02s
[299.740s][info][gc,start       ] GC(2041) Pause Young (Allocation Failure)
[299.768s][info][gc,heap        ] GC(2041) DefNew: 140075K(157248K)->302K(157248K) Eden: 139776K(139776K)->0K(139776K) From: 299K(17472K)->302K(17472K)
[299.768s][info][gc,heap        ] GC(2041) Tenured: 12456K(349568K)->12474K(349568K)
[299.768s][info][gc,metaspace   ] GC(2041) Metaspace: 14278K(15168K)->14278K(15168K) NonClass: 12318K(12864K)->12318K(12864K) Class: 1959K(2304K)->1959K(2304K)
[299.769s][info][gc             ] GC(2041) Pause Young (Allocation Failure) 148M->12M(494M) 28.245ms
[299.769s][info][gc,cpu         ] GC(2041) User=0.02s Sys=0.00s Real=0.02s
[299.883s][info][gc,start       ] GC(2042) Pause Young (Allocation Failure)
[299.911s][info][gc,heap        ] GC(2042) DefNew: 140078K(157248K)->299K(157248K) Eden: 139776K(139776K)->0K(139776K) From: 302K(17472K)->299K(17472K)
[299.911s][info][gc,heap        ] GC(2042) Tenured: 12474K(349568K)->12499K(349568K)
[299.911s][info][gc,metaspace   ] GC(2042) Metaspace: 14278K(15168K)->14278K(15168K) NonClass: 12318K(12864K)->12318K(12864K) Class: 1959K(2304K)->1959K(2304K)
[299.911s][info][gc             ] GC(2042) Pause Young (Allocation Failure) 148M->12M(494M) 27.645ms
[299.911s][info][gc,cpu         ] GC(2042) User=0.02s Sys=0.00s Real=0.01s
[300.026s][info][gc,start       ] GC(2043) Pause Young (Allocation Failure)
[300.053s][info][gc,heap        ] GC(2043) DefNew: 140075K(157248K)->301K(157248K) Eden: 139776K(139776K)->0K(139776K) From: 299K(17472K)->301K(17472K)
[300.053s][info][gc,heap        ] GC(2043) Tenured: 12499K(349568K)->12517K(349568K)
[300.053s][info][gc,metaspace   ] GC(2043) Metaspace: 14278K(15168K)->14278K(15168K) NonClass: 12318K(12864K)->12318K(12864K) Class: 1959K(2304K)->1959K(2304K)
[300.053s][info][gc             ] GC(2043) Pause Young (Allocation Failure) 148M->12M(494M) 27.589ms
[300.053s][info][gc,cpu         ] GC(2043) User=0.02s Sys=0.00s Real=0.01s
[300.167s][info][gc,start       ] GC(2044) Pause Young (Allocation Failure)
[300.195s][info][gc,heap        ] GC(2044) DefNew: 140077K(157248K)->298K(157248K) Eden: 139776K(139776K)->0K(139776K) From: 301K(17472K)->298K(17472K)
[300.195s][info][gc,heap        ] GC(2044) Tenured: 12517K(349568K)->12537K(349568K)
[300.195s][info][gc,metaspace   ] GC(2044) Metaspace: 14278K(15168K)->14278K(15168K) NonClass: 12318K(12864K)->12318K(12864K) Class: 1959K(2304K)->1959K(2304K)
[300.195s][info][gc             ] GC(2044) Pause Young (Allocation Failure) 149M->12M(494M) 28.496ms
[300.195s][info][gc,cpu         ] GC(2044) User=0.02s Sys=0.00s Real=0.02s
[300.307s][info][gc,start       ] GC(2045) Pause Young (Allocation Failure)
[300.335s][info][gc,heap        ] GC(2045) DefNew: 140074K(157248K)->298K(157248K) Eden: 139776K(139776K)->0K(139776K) From: 298K(17472K)->298K(17472K)
[300.335s][info][gc,heap        ] GC(2045) Tenured: 12537K(349568K)->12555K(349568K)
[300.335s][info][gc,metaspace   ] GC(2045) Metaspace: 14278K(15168K)->14278K(15168K) NonClass: 12318K(12864K)->12318K(12864K) Class: 1959K(2304K)->1959K(2304K)
[300.335s][info][gc             ] GC(2045) Pause Young (Allocation Failure) 149M->12M(494M) 28.378ms
[300.335s][info][gc,cpu         ] GC(2045) User=0.02s Sys=0.00s Real=0.02s
[300.449s][info][gc,start       ] GC(2046) Pause Young (Allocation Failure)
[300.479s][info][gc,heap        ] GC(2046) DefNew: 140074K(157248K)->301K(157248K) Eden: 139776K(139776K)->0K(139776K) From: 298K(17472K)->301K(17472K)
[300.479s][info][gc,heap        ] GC(2046) Tenured: 12555K(349568K)->12573K(349568K)
[300.479s][info][gc,metaspace   ] GC(2046) Metaspace: 14278K(15168K)->14278K(15168K) NonClass: 12318K(12864K)->12318K(12864K) Class: 1959K(2304K)->1959K(2304K)
[300.479s][info][gc             ] GC(2046) Pause Young (Allocation Failure) 149M->12M(494M) 29.821ms
[300.479s][info][gc,cpu         ] GC(2046) User=0.03s Sys=0.00s Real=0.03s
[300.591s][info][gc,start       ] GC(2047) Pause Young (Allocation Failure)
[300.620s][info][gc,heap        ] GC(2047) DefNew: 140077K(157248K)->302K(157248K) Eden: 139776K(139776K)->0K(139776K) From: 301K(17472K)->302K(17472K)
[300.620s][info][gc,heap        ] GC(2047) Tenured: 12573K(349568K)->12591K(349568K)
[300.620s][info][gc,metaspace   ] GC(2047) Metaspace: 14278K(15168K)->14278K(15168K) NonClass: 12318K(12864K)->12318K(12864K) Class: 1959K(2304K)->1959K(2304K)
[300.620s][info][gc             ] GC(2047) Pause Young (Allocation Failure) 149M->12M(494M) 28.911ms
[300.620s][info][gc,cpu         ] GC(2047) User=0.02s Sys=0.00s Real=0.02s
[300.732s][info][gc,start       ] GC(2048) Pause Young (Allocation Failure)
[300.765s][info][gc,heap        ] GC(2048) DefNew: 140078K(157248K)->300K(157248K) Eden: 139776K(139776K)->0K(139776K) From: 302K(17472K)->300K(17472K)
[300.765s][info][gc,heap        ] GC(2048) Tenured: 12591K(349568K)->12611K(349568K)
[300.765s][info][gc,metaspace   ] GC(2048) Metaspace: 14278K(15168K)->14278K(15168K) NonClass: 12318K(12864K)->12318K(12864K) Class: 1959K(2304K)->1959K(2304K)
[300.765s][info][gc             ] GC(2048) Pause Young (Allocation Failure) 149M->12M(494M) 32.371ms
[300.765s][info][gc,cpu         ] GC(2048) User=0.03s Sys=0.00s Real=0.03s
[300.879s][info][gc,start       ] GC(2049) Pause Young (Allocation Failure)
[300.908s][info][gc,heap        ] GC(2049) DefNew: 140076K(157248K)->295K(157248K) Eden: 139776K(139776K)->0K(139776K) From: 300K(17472K)->295K(17472K)
[300.908s][info][gc,heap        ] GC(2049) Tenured: 12611K(349568K)->12632K(349568K)
[300.908s][info][gc,metaspace   ] GC(2049) Metaspace: 14278K(15168K)->14278K(15168K) NonClass: 12318K(12864K)->12318K(12864K) Class: 1959K(2304K)->1959K(2304K)
[300.908s][info][gc             ] GC(2049) Pause Young (Allocation Failure) 149M->12M(494M) 28.846ms
[300.908s][info][gc,cpu         ] GC(2049) User=0.03s Sys=0.00s Real=0.02s
[301.022s][info][gc,start       ] GC(2050) Pause Young (Allocation Failure)
[301.050s][info][gc,heap        ] GC(2050) DefNew: 140071K(157248K)->294K(157248K) Eden: 139776K(139776K)->0K(139776K) From: 295K(17472K)->294K(17472K)
[301.050s][info][gc,heap        ] GC(2050) Tenured: 12632K(349568K)->12650K(349568K)
[301.050s][info][gc,metaspace   ] GC(2050) Metaspace: 14278K(15168K)->14278K(15168K) NonClass: 12318K(12864K)->12318K(12864K) Class: 1959K(2304K)->1959K(2304K)
[301.050s][info][gc             ] GC(2050) Pause Young (Allocation Failure) 149M->12M(494M) 28.922ms
[301.050s][info][gc,cpu         ] GC(2050) User=0.03s Sys=0.00s Real=0.02s
[301.162s][info][gc,start       ] GC(2051) Pause Young (Allocation Failure)
[301.193s][info][gc,heap        ] GC(2051) DefNew: 140070K(157248K)->295K(157248K) Eden: 139776K(139776K)->0K(139776K) From: 294K(17472K)->295K(17472K)
[301.193s][info][gc,heap        ] GC(2051) Tenured: 12650K(349568K)->12668K(349568K)
[301.193s][info][gc,metaspace   ] GC(2051) Metaspace: 14278K(15168K)->14278K(15168K) NonClass: 12318K(12864K)->12318K(12864K) Class: 1959K(2304K)->1959K(2304K)
[301.193s][info][gc             ] GC(2051) Pause Young (Allocation Failure) 149M->12M(494M) 30.692ms
[301.193s][info][gc,cpu         ] GC(2051) User=0.03s Sys=0.00s Real=0.02s
[301.306s][info][gc,start       ] GC(2052) Pause Young (Allocation Failure)
[301.337s][info][gc,heap        ] GC(2052) DefNew: 140071K(157248K)->295K(157248K) Eden: 139776K(139776K)->0K(139776K) From: 295K(17472K)->295K(17472K)
[301.337s][info][gc,heap        ] GC(2052) Tenured: 12668K(349568K)->12688K(349568K)
[301.337s][info][gc,metaspace   ] GC(2052) Metaspace: 14278K(15168K)->14278K(15168K) NonClass: 12318K(12864K)->12318K(12864K) Class: 1959K(2304K)->1959K(2304K)
[301.337s][info][gc             ] GC(2052) Pause Young (Allocation Failure) 149M->12M(494M) 30.659ms
[301.337s][info][gc,cpu         ] GC(2052) User=0.03s Sys=0.00s Real=0.03s
[301.451s][info][gc,start       ] GC(2053) Pause Young (Allocation Failure)
[301.483s][info][gc,heap        ] GC(2053) DefNew: 140071K(157248K)->295K(157248K) Eden: 139776K(139776K)->0K(139776K) From: 295K(17472K)->295K(17472K)
[301.483s][info][gc,heap        ] GC(2053) Tenured: 12688K(349568K)->12706K(349568K)
[301.483s][info][gc,metaspace   ] GC(2053) Metaspace: 14278K(15168K)->14278K(15168K) NonClass: 12318K(12864K)->12318K(12864K) Class: 1959K(2304K)->1959K(2304K)
[301.483s][info][gc             ] GC(2053) Pause Young (Allocation Failure) 149M->12M(494M) 32.079ms
[301.483s][info][gc,cpu         ] GC(2053) User=0.02s Sys=0.00s Real=0.02s
[301.597s][info][gc,start       ] GC(2054) Pause Young (Allocation Failure)
[301.628s][info][gc,heap        ] GC(2054) DefNew: 140021K(157248K)->292K(157248K) Eden: 139726K(139776K)->0K(139776K) From: 295K(17472K)->292K(17472K)
[301.628s][info][gc,heap        ] GC(2054) Tenured: 12706K(349568K)->12727K(349568K)
[301.628s][info][gc,metaspace   ] GC(2054) Metaspace: 14278K(15168K)->14278K(15168K) NonClass: 12318K(12864K)->12318K(12864K) Class: 1959K(2304K)->1959K(2304K)
[301.628s][info][gc             ] GC(2054) Pause Young (Allocation Failure) 149M->12M(494M) 31.120ms
[301.628s][info][gc,cpu         ] GC(2054) User=0.03s Sys=0.00s Real=0.02s
[301.744s][info][gc,start       ] GC(2055) Pause Young (Allocation Failure)
[301.776s][info][gc,heap        ] GC(2055) DefNew: 140068K(157248K)->288K(157248K) Eden: 139776K(139776K)->0K(139776K) From: 292K(17472K)->288K(17472K)
[301.776s][info][gc,heap        ] GC(2055) Tenured: 12727K(349568K)->12748K(349568K)
[301.776s][info][gc,metaspace   ] GC(2055) Metaspace: 14278K(15168K)->14278K(15168K) NonClass: 12318K(12864K)->12318K(12864K) Class: 1959K(2304K)->1959K(2304K)
[301.776s][info][gc             ] GC(2055) Pause Young (Allocation Failure) 149M->12M(494M) 31.486ms
[301.776s][info][gc,cpu         ] GC(2055) User=0.03s Sys=0.00s Real=0.03s
[301.890s][info][gc,start       ] GC(2056) Pause Young (Allocation Failure)
[301.923s][info][gc,heap        ] GC(2056) DefNew: 140064K(157248K)->288K(157248K) Eden: 139776K(139776K)->0K(139776K) From: 288K(17472K)->288K(17472K)
[301.924s][info][gc,heap        ] GC(2056) Tenured: 12748K(349568K)->12768K(349568K)
[301.924s][info][gc,metaspace   ] GC(2056) Metaspace: 14278K(15168K)->14278K(15168K) NonClass: 12318K(12864K)->12318K(12864K) Class: 1959K(2304K)->1959K(2304K)
[301.924s][info][gc             ] GC(2056) Pause Young (Allocation Failure) 149M->12M(494M) 33.275ms
[301.924s][info][gc,cpu         ] GC(2056) User=0.03s Sys=0.00s Real=0.03s
[302.041s][info][gc,start       ] GC(2057) Pause Young (Allocation Failure)
[302.065s][info][gc,heap        ] GC(2057) DefNew: 140064K(157248K)->288K(157248K) Eden: 139776K(139776K)->0K(139776K) From: 288K(17472K)->288K(17472K)
[302.065s][info][gc,heap        ] GC(2057) Tenured: 12768K(349568K)->12789K(349568K)
[302.065s][info][gc,metaspace   ] GC(2057) Metaspace: 14278K(15168K)->14278K(15168K) NonClass: 12318K(12864K)->12318K(12864K) Class: 1959K(2304K)->1959K(2304K)
[302.065s][info][gc             ] GC(2057) Pause Young (Allocation Failure) 149M->12M(494M) 23.909ms
[302.065s][info][gc,cpu         ] GC(2057) User=0.00s Sys=0.00s Real=0.01s
[302.179s][info][gc,start       ] GC(2058) Pause Young (Allocation Failure)
[302.211s][info][gc,heap        ] GC(2058) DefNew: 140064K(157248K)->285K(157248K) Eden: 139776K(139776K)->0K(139776K) From: 288K(17472K)->285K(17472K)
[302.211s][info][gc,heap        ] GC(2058) Tenured: 12789K(349568K)->12810K(349568K)
[302.211s][info][gc,metaspace   ] GC(2058) Metaspace: 14278K(15168K)->14278K(15168K) NonClass: 12318K(12864K)->12318K(12864K) Class: 1959K(2304K)->1959K(2304K)
[302.211s][info][gc             ] GC(2058) Pause Young (Allocation Failure) 149M->12M(494M) 32.425ms
[302.211s][info][gc,cpu         ] GC(2058) User=0.02s Sys=0.00s Real=0.02s
[302.327s][info][gc,start       ] GC(2059) Pause Young (Allocation Failure)
[302.361s][info][gc,heap        ] GC(2059) DefNew: 140061K(157248K)->286K(157248K) Eden: 139776K(139776K)->0K(139776K) From: 285K(17472K)->286K(17472K)
[302.361s][info][gc,heap        ] GC(2059) Tenured: 12810K(349568K)->12827K(349568K)
[302.361s][info][gc,metaspace   ] GC(2059) Metaspace: 14278K(15168K)->14278K(15168K) NonClass: 12318K(12864K)->12318K(12864K) Class: 1959K(2304K)->1959K(2304K)
[302.362s][info][gc             ] GC(2059) Pause Young (Allocation Failure) 149M->12M(494M) 34.070ms
[302.362s][info][gc,cpu         ] GC(2059) User=0.03s Sys=0.00s Real=0.03s
[302.476s][info][gc,start       ] GC(2060) Pause Young (Allocation Failure)
[302.500s][info][gc,heap        ] GC(2060) DefNew: 140062K(157248K)->287K(157248K) Eden: 139776K(139776K)->0K(139776K) From: 286K(17472K)->287K(17472K)
[302.500s][info][gc,heap        ] GC(2060) Tenured: 12827K(349568K)->12845K(349568K)
[302.500s][info][gc,metaspace   ] GC(2060) Metaspace: 14278K(15168K)->14278K(15168K) NonClass: 12318K(12864K)->12318K(12864K) Class: 1959K(2304K)->1959K(2304K)
[302.500s][info][gc             ] GC(2060) Pause Young (Allocation Failure) 149M->12M(494M) 24.276ms
[302.500s][info][gc,cpu         ] GC(2060) User=0.02s Sys=0.00s Real=0.02s
[302.612s][info][gc,start       ] GC(2061) Pause Young (Allocation Failure)
[302.637s][info][gc,heap        ] GC(2061) DefNew: 140063K(157248K)->283K(157248K) Eden: 139776K(139776K)->0K(139776K) From: 287K(17472K)->283K(17472K)
[302.637s][info][gc,heap        ] GC(2061) Tenured: 12845K(349568K)->12866K(349568K)
[302.637s][info][gc,metaspace   ] GC(2061) Metaspace: 14278K(15168K)->14278K(15168K) NonClass: 12318K(12864K)->12318K(12864K) Class: 1959K(2304K)->1959K(2304K)
[302.637s][info][gc             ] GC(2061) Pause Young (Allocation Failure) 149M->12M(494M) 24.880ms
[302.637s][info][gc,cpu         ] GC(2061) User=0.03s Sys=0.00s Real=0.02s
[302.749s][info][gc,start       ] GC(2062) Pause Young (Allocation Failure)
[302.783s][info][gc,heap        ] GC(2062) DefNew: 140059K(157248K)->283K(157248K) Eden: 139776K(139776K)->0K(139776K) From: 283K(17472K)->283K(17472K)
[302.783s][info][gc,heap        ] GC(2062) Tenured: 12866K(349568K)->12883K(349568K)
[302.783s][info][gc,metaspace   ] GC(2062) Metaspace: 14278K(15168K)->14278K(15168K) NonClass: 12318K(12864K)->12318K(12864K) Class: 1959K(2304K)->1959K(2304K)
[302.783s][info][gc             ] GC(2062) Pause Young (Allocation Failure) 149M->12M(494M) 33.661ms
[302.783s][info][gc,cpu         ] GC(2062) User=0.03s Sys=0.00s Real=0.03s
[302.973s][info][gc,start       ] GC(2063) Pause Young (Allocation Failure)
[303.012s][info][gc,heap        ] GC(2063) DefNew: 140059K(157248K)->285K(157248K) Eden: 139776K(139776K)->0K(139776K) From: 283K(17472K)->285K(17472K)
[303.012s][info][gc,heap        ] GC(2063) Tenured: 12883K(349568K)->12901K(349568K)
[303.012s][info][gc,metaspace   ] GC(2063) Metaspace: 14278K(15168K)->14278K(15168K) NonClass: 12318K(12864K)->12318K(12864K) Class: 1959K(2304K)->1959K(2304K)
[303.012s][info][gc             ] GC(2063) Pause Young (Allocation Failure) 149M->12M(494M) 39.402ms
[303.012s][info][gc,cpu         ] GC(2063) User=0.03s Sys=0.00s Real=0.03s
[303.133s][info][gc,start       ] GC(2064) Pause Young (Allocation Failure)
[303.165s][info][gc,heap        ] GC(2064) DefNew: 140061K(157248K)->285K(157248K) Eden: 139776K(139776K)->0K(139776K) From: 285K(17472K)->285K(17472K)
[303.165s][info][gc,heap        ] GC(2064) Tenured: 12901K(349568K)->12919K(349568K)
[303.165s][info][gc,metaspace   ] GC(2064) Metaspace: 14278K(15168K)->14278K(15168K) NonClass: 12318K(12864K)->12318K(12864K) Class: 1959K(2304K)->1959K(2304K)
[303.165s][info][gc             ] GC(2064) Pause Young (Allocation Failure) 149M->12M(494M) 32.029ms
[303.165s][info][gc,cpu         ] GC(2064) User=0.03s Sys=0.00s Real=0.03s
[303.283s][info][gc,start       ] GC(2065) Pause Young (Allocation Failure)
[303.313s][info][gc,heap        ] GC(2065) DefNew: 140061K(157248K)->289K(157248K) Eden: 139776K(139776K)->0K(139776K) From: 285K(17472K)->289K(17472K)
[303.313s][info][gc,heap        ] GC(2065) Tenured: 12919K(349568K)->12937K(349568K)
[303.313s][info][gc,metaspace   ] GC(2065) Metaspace: 14278K(15168K)->14278K(15168K) NonClass: 12318K(12864K)->12318K(12864K) Class: 1959K(2304K)->1959K(2304K)
[303.313s][info][gc             ] GC(2065) Pause Young (Allocation Failure) 149M->12M(494M) 30.222ms
[303.313s][info][gc,cpu         ] GC(2065) User=0.03s Sys=0.00s Real=0.03s
[303.431s][info][gc,start       ] GC(2066) Pause Young (Allocation Failure)
[303.459s][info][gc,heap        ] GC(2066) DefNew: 140065K(157248K)->292K(157248K) Eden: 139776K(139776K)->0K(139776K) From: 289K(17472K)->292K(17472K)
[303.459s][info][gc,heap        ] GC(2066) Tenured: 12937K(349568K)->12954K(349568K)
[303.459s][info][gc,metaspace   ] GC(2066) Metaspace: 14278K(15168K)->14278K(15168K) NonClass: 12318K(12864K)->12318K(12864K) Class: 1959K(2304K)->1959K(2304K)
[303.459s][info][gc             ] GC(2066) Pause Young (Allocation Failure) 149M->12M(494M) 28.796ms
[303.459s][info][gc,cpu         ] GC(2066) User=0.02s Sys=0.00s Real=0.01s
[303.586s][info][gc,start       ] GC(2067) Pause Young (Allocation Failure)
[303.606s][info][gc,heap        ] GC(2067) DefNew: 140068K(157248K)->289K(157248K) Eden: 139776K(139776K)->0K(139776K) From: 292K(17472K)->289K(17472K)
[303.606s][info][gc,heap        ] GC(2067) Tenured: 12954K(349568K)->12975K(349568K)
[303.606s][info][gc,metaspace   ] GC(2067) Metaspace: 14278K(15168K)->14278K(15168K) NonClass: 12318K(12864K)->12318K(12864K) Class: 1959K(2304K)->1959K(2304K)
[303.606s][info][gc             ] GC(2067) Pause Young (Allocation Failure) 149M->12M(494M) 19.968ms
[303.606s][info][gc,cpu         ] GC(2067) User=0.00s Sys=0.00s Real=0.01s
[303.726s][info][gc,start       ] GC(2068) Pause Young (Allocation Failure)
[303.746s][info][gc,heap        ] GC(2068) DefNew: 140065K(157248K)->291K(157248K) Eden: 139776K(139776K)->0K(139776K) From: 289K(17472K)->291K(17472K)
[303.747s][info][gc,heap        ] GC(2068) Tenured: 12975K(349568K)->12993K(349568K)
[303.747s][info][gc,metaspace   ] GC(2068) Metaspace: 14278K(15168K)->14278K(15168K) NonClass: 12318K(12864K)->12318K(12864K) Class: 1959K(2304K)->1959K(2304K)
[303.747s][info][gc             ] GC(2068) Pause Young (Allocation Failure) 149M->12M(494M) 20.732ms
[303.747s][info][gc,cpu         ] GC(2068) User=0.00s Sys=0.00s Real=0.01s
[303.858s][info][gc,start       ] GC(2069) Pause Young (Allocation Failure)
[303.885s][info][gc,heap        ] GC(2069) DefNew: 140067K(157248K)->291K(157248K) Eden: 139776K(139776K)->0K(139776K) From: 291K(17472K)->291K(17472K)
[303.885s][info][gc,heap        ] GC(2069) Tenured: 12993K(349568K)->13011K(349568K)
[303.885s][info][gc,metaspace   ] GC(2069) Metaspace: 14278K(15168K)->14278K(15168K) NonClass: 12318K(12864K)->12318K(12864K) Class: 1959K(2304K)->1959K(2304K)
[303.885s][info][gc             ] GC(2069) Pause Young (Allocation Failure) 149M->12M(494M) 27.588ms
[303.885s][info][gc,cpu         ] GC(2069) User=0.02s Sys=0.00s Real=0.02s
[303.998s][info][gc,start       ] GC(2070) Pause Young (Allocation Failure)
[304.027s][info][gc,heap        ] GC(2070) DefNew: 140067K(157248K)->291K(157248K) Eden: 139776K(139776K)->0K(139776K) From: 291K(17472K)->291K(17472K)
[304.027s][info][gc,heap        ] GC(2070) Tenured: 13011K(349568K)->13028K(349568K)
[304.027s][info][gc,metaspace   ] GC(2070) Metaspace: 14278K(15168K)->14278K(15168K) NonClass: 12318K(12864K)->12318K(12864K) Class: 1959K(2304K)->1959K(2304K)
[304.027s][info][gc             ] GC(2070) Pause Young (Allocation Failure) 149M->13M(494M) 28.837ms
[304.027s][info][gc,cpu         ] GC(2070) User=0.03s Sys=0.00s Real=0.03s
[304.141s][info][gc,start       ] GC(2071) Pause Young (Allocation Failure)
[304.169s][info][gc,heap        ] GC(2071) DefNew: 140067K(157248K)->288K(157248K) Eden: 139776K(139776K)->0K(139776K) From: 291K(17472K)->288K(17472K)
[304.169s][info][gc,heap        ] GC(2071) Tenured: 13028K(349568K)->13049K(349568K)
[304.169s][info][gc,metaspace   ] GC(2071) Metaspace: 14278K(15168K)->14278K(15168K) NonClass: 12318K(12864K)->12318K(12864K) Class: 1959K(2304K)->1959K(2304K)
[304.169s][info][gc             ] GC(2071) Pause Young (Allocation Failure) 149M->13M(494M) 28.057ms
[304.169s][info][gc,cpu         ] GC(2071) User=0.02s Sys=0.00s Real=0.02s
[304.283s][info][gc,start       ] GC(2072) Pause Young (Allocation Failure)
[304.311s][info][gc,heap        ] GC(2072) DefNew: 140064K(157248K)->285K(157248K) Eden: 139776K(139776K)->0K(139776K) From: 288K(17472K)->285K(17472K)
[304.311s][info][gc,heap        ] GC(2072) Tenured: 13049K(349568K)->13069K(349568K)
[304.311s][info][gc,metaspace   ] GC(2072) Metaspace: 14278K(15168K)->14278K(15168K) NonClass: 12318K(12864K)->12318K(12864K) Class: 1959K(2304K)->1959K(2304K)
[304.311s][info][gc             ] GC(2072) Pause Young (Allocation Failure) 149M->13M(494M) 28.233ms
[304.311s][info][gc,cpu         ] GC(2072) User=0.02s Sys=0.00s Real=0.02s
[304.426s][info][gc,start       ] GC(2073) Pause Young (Allocation Failure)
[304.456s][info][gc,heap        ] GC(2073) DefNew: 140061K(157248K)->288K(157248K) Eden: 139776K(139776K)->0K(139776K) From: 285K(17472K)->288K(17472K)
[304.456s][info][gc,heap        ] GC(2073) Tenured: 13069K(349568K)->13087K(349568K)
[304.456s][info][gc,metaspace   ] GC(2073) Metaspace: 14278K(15168K)->14278K(15168K) NonClass: 12318K(12864K)->12318K(12864K) Class: 1959K(2304K)->1959K(2304K)
[304.456s][info][gc             ] GC(2073) Pause Young (Allocation Failure) 149M->13M(494M) 29.947ms
[304.456s][info][gc,cpu         ] GC(2073) User=0.03s Sys=0.00s Real=0.03s
[304.570s][info][gc,start       ] GC(2074) Pause Young (Allocation Failure)
[304.592s][info][gc,heap        ] GC(2074) DefNew: 140064K(157248K)->288K(157248K) Eden: 139776K(139776K)->0K(139776K) From: 288K(17472K)->288K(17472K)
[304.592s][info][gc,heap        ] GC(2074) Tenured: 13087K(349568K)->13105K(349568K)
[304.592s][info][gc,metaspace   ] GC(2074) Metaspace: 14278K(15168K)->14278K(15168K) NonClass: 12318K(12864K)->12318K(12864K) Class: 1959K(2304K)->1959K(2304K)
[304.592s][info][gc             ] GC(2074) Pause Young (Allocation Failure) 149M->13M(494M) 21.697ms
[304.592s][info][gc,cpu         ] GC(2074) User=0.02s Sys=0.00s Real=0.02s
[304.702s][info][gc,start       ] GC(2075) Pause Young (Allocation Failure)
[304.731s][info][gc,heap        ] GC(2075) DefNew: 140064K(157248K)->288K(157248K) Eden: 139776K(139776K)->0K(139776K) From: 288K(17472K)->288K(17472K)
[304.731s][info][gc,heap        ] GC(2075) Tenured: 13105K(349568K)->13122K(349568K)
[304.731s][info][gc,metaspace   ] GC(2075) Metaspace: 14278K(15168K)->14278K(15168K) NonClass: 12318K(12864K)->12318K(12864K) Class: 1959K(2304K)->1959K(2304K)
[304.731s][info][gc             ] GC(2075) Pause Young (Allocation Failure) 149M->13M(494M) 29.126ms
[304.731s][info][gc,cpu         ] GC(2075) User=0.02s Sys=0.00s Real=0.02s
[304.845s][info][gc,start       ] GC(2076) Pause Young (Allocation Failure)
[304.874s][info][gc,heap        ] GC(2076) DefNew: 140064K(157248K)->291K(157248K) Eden: 139776K(139776K)->0K(139776K) From: 288K(17472K)->291K(17472K)
[304.874s][info][gc,heap        ] GC(2076) Tenured: 13122K(349568K)->13140K(349568K)
[304.874s][info][gc,metaspace   ] GC(2076) Metaspace: 14278K(15168K)->14278K(15168K) NonClass: 12318K(12864K)->12318K(12864K) Class: 1959K(2304K)->1959K(2304K)
[304.874s][info][gc             ] GC(2076) Pause Young (Allocation Failure) 149M->13M(494M) 29.550ms
[304.874s][info][gc,cpu         ] GC(2076) User=0.03s Sys=0.00s Real=0.03s
[304.989s][info][gc,start       ] GC(2077) Pause Young (Allocation Failure)
[305.020s][info][gc,heap        ] GC(2077) DefNew: 140067K(157248K)->291K(157248K) Eden: 139776K(139776K)->0K(139776K) From: 291K(17472K)->291K(17472K)
[305.020s][info][gc,heap        ] GC(2077) Tenured: 13140K(349568K)->13158K(349568K)
[305.020s][info][gc,metaspace   ] GC(2077) Metaspace: 14278K(15168K)->14278K(15168K) NonClass: 12318K(12864K)->12318K(12864K) Class: 1959K(2304K)->1959K(2304K)
[305.020s][info][gc             ] GC(2077) Pause Young (Allocation Failure) 149M->13M(494M) 30.973ms
[305.020s][info][gc,cpu         ] GC(2077) User=0.03s Sys=0.00s Real=0.03s
[305.135s][info][gc,start       ] GC(2078) Pause Young (Allocation Failure)
[305.165s][info][gc,heap        ] GC(2078) DefNew: 140067K(157248K)->292K(157248K) Eden: 139776K(139776K)->0K(139776K) From: 291K(17472K)->292K(17472K)
[305.165s][info][gc,heap        ] GC(2078) Tenured: 13158K(349568K)->13178K(349568K)
[305.165s][info][gc,metaspace   ] GC(2078) Metaspace: 14278K(15168K)->14278K(15168K) NonClass: 12318K(12864K)->12318K(12864K) Class: 1959K(2304K)->1959K(2304K)
[305.165s][info][gc             ] GC(2078) Pause Young (Allocation Failure) 149M->13M(494M) 30.762ms
[305.165s][info][gc,cpu         ] GC(2078) User=0.02s Sys=0.00s Real=0.02s
[305.280s][info][gc,start       ] GC(2079) Pause Young (Allocation Failure)
[305.311s][info][gc,heap        ] GC(2079) DefNew: 140068K(157248K)->291K(157248K) Eden: 139776K(139776K)->0K(139776K) From: 292K(17472K)->291K(17472K)
[305.311s][info][gc,heap        ] GC(2079) Tenured: 13178K(349568K)->13196K(349568K)
[305.311s][info][gc,metaspace   ] GC(2079) Metaspace: 14278K(15168K)->14278K(15168K) NonClass: 12318K(12864K)->12318K(12864K) Class: 1959K(2304K)->1959K(2304K)
[305.311s][info][gc             ] GC(2079) Pause Young (Allocation Failure) 149M->13M(494M) 30.852ms
[305.311s][info][gc,cpu         ] GC(2079) User=0.02s Sys=0.00s Real=0.02s
[305.425s][info][gc,start       ] GC(2080) Pause Young (Allocation Failure)
[305.457s][info][gc,heap        ] GC(2080) DefNew: 140067K(157248K)->288K(157248K) Eden: 139776K(139776K)->0K(139776K) From: 291K(17472K)->288K(17472K)
[305.457s][info][gc,heap        ] GC(2080) Tenured: 13196K(349568K)->13217K(349568K)
[305.457s][info][gc,metaspace   ] GC(2080) Metaspace: 14278K(15168K)->14278K(15168K) NonClass: 12318K(12864K)->12318K(12864K) Class: 1959K(2304K)->1959K(2304K)
[305.457s][info][gc             ] GC(2080) Pause Young (Allocation Failure) 149M->13M(494M) 31.940ms
[305.457s][info][gc,cpu         ] GC(2080) User=0.03s Sys=0.00s Real=0.03s
[305.570s][info][gc,start       ] GC(2081) Pause Young (Allocation Failure)
[305.601s][info][gc,heap        ] GC(2081) DefNew: 140064K(157248K)->284K(157248K) Eden: 139776K(139776K)->0K(139776K) From: 288K(17472K)->284K(17472K)
[305.602s][info][gc,heap        ] GC(2081) Tenured: 13217K(349568K)->13238K(349568K)
[305.602s][info][gc,metaspace   ] GC(2081) Metaspace: 14278K(15168K)->14278K(15168K) NonClass: 12318K(12864K)->12318K(12864K) Class: 1959K(2304K)->1959K(2304K)
[305.602s][info][gc             ] GC(2081) Pause Young (Allocation Failure) 149M->13M(494M) 31.344ms
[305.602s][info][gc,cpu         ] GC(2081) User=0.02s Sys=0.00s Real=0.02s
[305.716s][info][gc,start       ] GC(2082) Pause Young (Allocation Failure)
[305.749s][info][gc,heap        ] GC(2082) DefNew: 140060K(157248K)->287K(157248K) Eden: 139776K(139776K)->0K(139776K) From: 284K(17472K)->287K(17472K)
[305.749s][info][gc,heap        ] GC(2082) Tenured: 13238K(349568K)->13256K(349568K)
[305.749s][info][gc,metaspace   ] GC(2082) Metaspace: 14278K(15168K)->14278K(15168K) NonClass: 12318K(12864K)->12318K(12864K) Class: 1959K(2304K)->1959K(2304K)
[305.749s][info][gc             ] GC(2082) Pause Young (Allocation Failure) 149M->13M(494M) 32.954ms
[305.749s][info][gc,cpu         ] GC(2082) User=0.03s Sys=0.00s Real=0.03s
[305.864s][info][gc,start       ] GC(2083) Pause Young (Allocation Failure)
[305.896s][info][gc,heap        ] GC(2083) DefNew: 140063K(157248K)->285K(157248K) Eden: 139776K(139776K)->0K(139776K) From: 287K(17472K)->285K(17472K)
[305.896s][info][gc,heap        ] GC(2083) Tenured: 13256K(349568K)->13276K(349568K)
[305.896s][info][gc,metaspace   ] GC(2083) Metaspace: 14278K(15168K)->14278K(15168K) NonClass: 12318K(12864K)->12318K(12864K) Class: 1959K(2304K)->1959K(2304K)
[305.896s][info][gc             ] GC(2083) Pause Young (Allocation Failure) 149M->13M(494M) 32.314ms
[305.896s][info][gc,cpu         ] GC(2083) User=0.03s Sys=0.00s Real=0.02s
[306.013s][info][gc,start       ] GC(2084) Pause Young (Allocation Failure)
[306.045s][info][gc,heap        ] GC(2084) DefNew: 140061K(157248K)->287K(157248K) Eden: 139776K(139776K)->0K(139776K) From: 285K(17472K)->287K(17472K)
[306.046s][info][gc,heap        ] GC(2084) Tenured: 13276K(349568K)->13293K(349568K)
[306.046s][info][gc,metaspace   ] GC(2084) Metaspace: 14278K(15168K)->14278K(15168K) NonClass: 12318K(12864K)->12318K(12864K) Class: 1959K(2304K)->1959K(2304K)
[306.046s][info][gc             ] GC(2084) Pause Young (Allocation Failure) 149M->13M(494M) 32.570ms
[306.046s][info][gc,cpu         ] GC(2084) User=0.03s Sys=0.00s Real=0.03s
[306.162s][info][gc,start       ] GC(2085) Pause Young (Allocation Failure)
[306.195s][info][gc,heap        ] GC(2085) DefNew: 140063K(157248K)->289K(157248K) Eden: 139776K(139776K)->0K(139776K) From: 287K(17472K)->289K(17472K)
[306.196s][info][gc,heap        ] GC(2085) Tenured: 13293K(349568K)->13311K(349568K)
[306.196s][info][gc,metaspace   ] GC(2085) Metaspace: 14278K(15168K)->14278K(15168K) NonClass: 12318K(12864K)->12318K(12864K) Class: 1959K(2304K)->1959K(2304K)
[306.196s][info][gc             ] GC(2085) Pause Young (Allocation Failure) 149M->13M(494M) 33.892ms
[306.196s][info][gc,cpu         ] GC(2085) User=0.03s Sys=0.00s Real=0.03s
[306.316s][info][gc,start       ] GC(2086) Pause Young (Allocation Failure)
[306.349s][info][gc,heap        ] GC(2086) DefNew: 140065K(157248K)->290K(157248K) Eden: 139776K(139776K)->0K(139776K) From: 289K(17472K)->290K(17472K)
[306.349s][info][gc,heap        ] GC(2086) Tenured: 13311K(349568K)->13329K(349568K)
[306.349s][info][gc,metaspace   ] GC(2086) Metaspace: 14278K(15168K)->14278K(15168K) NonClass: 12318K(12864K)->12318K(12864K) Class: 1959K(2304K)->1959K(2304K)
[306.349s][info][gc             ] GC(2086) Pause Young (Allocation Failure) 149M->13M(494M) 33.083ms
[306.349s][info][gc,cpu         ] GC(2086) User=0.03s Sys=0.00s Real=0.02s
[306.465s][info][gc,start       ] GC(2087) Pause Young (Allocation Failure)
[306.500s][info][gc,heap        ] GC(2087) DefNew: 140066K(157248K)->293K(157248K) Eden: 139776K(139776K)->0K(139776K) From: 290K(17472K)->293K(17472K)
[306.500s][info][gc,heap        ] GC(2087) Tenured: 13329K(349568K)->13346K(349568K)
[306.500s][info][gc,metaspace   ] GC(2087) Metaspace: 14278K(15168K)->14278K(15168K) NonClass: 12318K(12864K)->12318K(12864K) Class: 1959K(2304K)->1959K(2304K)
[306.500s][info][gc             ] GC(2087) Pause Young (Allocation Failure) 149M->13M(494M) 34.810ms
[306.500s][info][gc,cpu         ] GC(2087) User=0.03s Sys=0.00s Real=0.03s
[306.618s][info][gc,start       ] GC(2088) Pause Young (Allocation Failure)
[306.652s][info][gc,heap        ] GC(2088) DefNew: 140069K(157248K)->289K(157248K) Eden: 139776K(139776K)->0K(139776K) From: 293K(17472K)->289K(17472K)
[306.652s][info][gc,heap        ] GC(2088) Tenured: 13346K(349568K)->13367K(349568K)
[306.652s][info][gc,metaspace   ] GC(2088) Metaspace: 14278K(15168K)->14278K(15168K) NonClass: 12318K(12864K)->12318K(12864K) Class: 1959K(2304K)->1959K(2304K)
[306.652s][info][gc             ] GC(2088) Pause Young (Allocation Failure) 149M->13M(494M) 33.682ms
[306.652s][info][gc,cpu         ] GC(2088) User=0.03s Sys=0.00s Real=0.03s
[306.770s][info][gc,start       ] GC(2089) Pause Young (Allocation Failure)
[306.805s][info][gc,heap        ] GC(2089) DefNew: 140065K(157248K)->293K(157248K) Eden: 139776K(139776K)->0K(139776K) From: 289K(17472K)->293K(17472K)
[306.805s][info][gc,heap        ] GC(2089) Tenured: 13367K(349568K)->13385K(349568K)
[306.805s][info][gc,metaspace   ] GC(2089) Metaspace: 14278K(15168K)->14278K(15168K) NonClass: 12318K(12864K)->12318K(12864K) Class: 1959K(2304K)->1959K(2304K)
[306.805s][info][gc             ] GC(2089) Pause Young (Allocation Failure) 149M->13M(494M) 34.408ms
[306.805s][info][gc,cpu         ] GC(2089) User=0.03s Sys=0.00s Real=0.03s
[306.980s][info][gc,start       ] GC(2090) Pause Young (Allocation Failure)
[307.020s][info][gc,heap        ] GC(2090) DefNew: 140069K(157248K)->296K(157248K) Eden: 139776K(139776K)->0K(139776K) From: 293K(17472K)->296K(17472K)
[307.020s][info][gc,heap        ] GC(2090) Tenured: 13385K(349568K)->13402K(349568K)
[307.020s][info][gc,metaspace   ] GC(2090) Metaspace: 14278K(15168K)->14278K(15168K) NonClass: 12318K(12864K)->12318K(12864K) Class: 1959K(2304K)->1959K(2304K)
[307.020s][info][gc             ] GC(2090) Pause Young (Allocation Failure) 149M->13M(494M) 39.438ms
[307.020s][info][gc,cpu         ] GC(2090) User=0.03s Sys=0.00s Real=0.03s
[307.150s][info][gc,start       ] GC(2091) Pause Young (Allocation Failure)
[307.182s][info][gc,heap        ] GC(2091) DefNew: 140072K(157248K)->295K(157248K) Eden: 139776K(139776K)->0K(139776K) From: 296K(17472K)->295K(17472K)
[307.182s][info][gc,heap        ] GC(2091) Tenured: 13402K(349568K)->13423K(349568K)
[307.182s][info][gc,metaspace   ] GC(2091) Metaspace: 14278K(15168K)->14278K(15168K) NonClass: 12318K(12864K)->12318K(12864K) Class: 1959K(2304K)->1959K(2304K)
[307.182s][info][gc             ] GC(2091) Pause Young (Allocation Failure) 149M->13M(494M) 32.131ms
[307.182s][info][gc,cpu         ] GC(2091) User=0.03s Sys=0.00s Real=0.03s
[307.308s][info][gc,start       ] GC(2092) Pause Young (Allocation Failure)
[307.339s][info][gc,heap        ] GC(2092) DefNew: 140071K(157248K)->297K(157248K) Eden: 139776K(139776K)->0K(139776K) From: 295K(17472K)->297K(17472K)
[307.339s][info][gc,heap        ] GC(2092) Tenured: 13423K(349568K)->13441K(349568K)
[307.339s][info][gc,metaspace   ] GC(2092) Metaspace: 14278K(15168K)->14278K(15168K) NonClass: 12318K(12864K)->12318K(12864K) Class: 1959K(2304K)->1959K(2304K)
[307.339s][info][gc             ] GC(2092) Pause Young (Allocation Failure) 149M->13M(494M) 30.950ms
[307.339s][info][gc,cpu         ] GC(2092) User=0.03s Sys=0.00s Real=0.03s
[307.466s][info][gc,start       ] GC(2093) Pause Young (Allocation Failure)
[307.494s][info][gc,heap        ] GC(2093) DefNew: 140073K(157248K)->297K(157248K) Eden: 139776K(139776K)->0K(139776K) From: 297K(17472K)->297K(17472K)
[307.494s][info][gc,heap        ] GC(2093) Tenured: 13441K(349568K)->13462K(349568K)
[307.494s][info][gc,metaspace   ] GC(2093) Metaspace: 14278K(15168K)->14278K(15168K) NonClass: 12318K(12864K)->12318K(12864K) Class: 1959K(2304K)->1959K(2304K)
[307.494s][info][gc             ] GC(2093) Pause Young (Allocation Failure) 149M->13M(494M) 28.511ms
[307.494s][info][gc,cpu         ] GC(2093) User=0.02s Sys=0.00s Real=0.02s
[307.631s][info][gc,start       ] GC(2094) Pause Young (Allocation Failure)
[307.658s][info][gc,heap        ] GC(2094) DefNew: 140073K(157248K)->302K(157248K) Eden: 139776K(139776K)->0K(139776K) From: 297K(17472K)->302K(17472K)
[307.658s][info][gc,heap        ] GC(2094) Tenured: 13462K(349568K)->13479K(349568K)
[307.658s][info][gc,metaspace   ] GC(2094) Metaspace: 14278K(15168K)->14278K(15168K) NonClass: 12318K(12864K)->12318K(12864K) Class: 1959K(2304K)->1959K(2304K)
[307.658s][info][gc             ] GC(2094) Pause Young (Allocation Failure) 149M->13M(494M) 27.371ms
[307.658s][info][gc,cpu         ] GC(2094) User=0.03s Sys=0.00s Real=0.03s
[307.782s][info][gc,start       ] GC(2095) Pause Young (Allocation Failure)
[307.804s][info][gc,heap        ] GC(2095) DefNew: 140078K(157248K)->305K(157248K) Eden: 139776K(139776K)->0K(139776K) From: 302K(17472K)->305K(17472K)
[307.804s][info][gc,heap        ] GC(2095) Tenured: 13479K(349568K)->13497K(349568K)
[307.804s][info][gc,metaspace   ] GC(2095) Metaspace: 14278K(15168K)->14278K(15168K) NonClass: 12318K(12864K)->12318K(12864K) Class: 1959K(2304K)->1959K(2304K)
[307.804s][info][gc             ] GC(2095) Pause Young (Allocation Failure) 149M->13M(494M) 22.391ms
[307.804s][info][gc,cpu         ] GC(2095) User=0.02s Sys=0.00s Real=0.02s
[307.928s][info][gc,start       ] GC(2096) Pause Young (Allocation Failure)
[307.957s][info][gc,heap        ] GC(2096) DefNew: 140081K(157248K)->306K(157248K) Eden: 139776K(139776K)->0K(139776K) From: 305K(17472K)->306K(17472K)
[307.957s][info][gc,heap        ] GC(2096) Tenured: 13497K(349568K)->13514K(349568K)
[307.957s][info][gc,metaspace   ] GC(2096) Metaspace: 14278K(15168K)->14278K(15168K) NonClass: 12318K(12864K)->12318K(12864K) Class: 1959K(2304K)->1959K(2304K)
[307.957s][info][gc             ] GC(2096) Pause Young (Allocation Failure) 149M->13M(494M) 29.031ms
[307.957s][info][gc,cpu         ] GC(2096) User=0.02s Sys=0.00s Real=0.02s
[308.080s][info][gc,start       ] GC(2097) Pause Young (Allocation Failure)
[308.110s][info][gc,heap        ] GC(2097) DefNew: 140082K(157248K)->307K(157248K) Eden: 139776K(139776K)->0K(139776K) From: 306K(17472K)->307K(17472K)
[308.110s][info][gc,heap        ] GC(2097) Tenured: 13514K(349568K)->13535K(349568K)
[308.110s][info][gc,metaspace   ] GC(2097) Metaspace: 14278K(15168K)->14278K(15168K) NonClass: 12318K(12864K)->12318K(12864K) Class: 1959K(2304K)->1959K(2304K)
[308.110s][info][gc             ] GC(2097) Pause Young (Allocation Failure) 149M->13M(494M) 29.316ms
[308.110s][info][gc,cpu         ] GC(2097) User=0.02s Sys=0.00s Real=0.02s
[308.235s][info][gc,start       ] GC(2098) Pause Young (Allocation Failure)
[308.264s][info][gc,heap        ] GC(2098) DefNew: 140083K(157248K)->309K(157248K) Eden: 139776K(139776K)->0K(139776K) From: 307K(17472K)->309K(17472K)
[308.264s][info][gc,heap        ] GC(2098) Tenured: 13535K(349568K)->13553K(349568K)
[308.264s][info][gc,metaspace   ] GC(2098) Metaspace: 14278K(15168K)->14278K(15168K) NonClass: 12318K(12864K)->12318K(12864K) Class: 1959K(2304K)->1959K(2304K)
[308.264s][info][gc             ] GC(2098) Pause Young (Allocation Failure) 150M->13M(494M) 29.529ms
[308.264s][info][gc,cpu         ] GC(2098) User=0.03s Sys=0.00s Real=0.03s
[308.391s][info][gc,start       ] GC(2099) Pause Young (Allocation Failure)
[308.421s][info][gc,heap        ] GC(2099) DefNew: 140085K(157248K)->313K(157248K) Eden: 139776K(139776K)->0K(139776K) From: 309K(17472K)->313K(17472K)
[308.422s][info][gc,heap        ] GC(2099) Tenured: 13553K(349568K)->13573K(349568K)
[308.422s][info][gc,metaspace   ] GC(2099) Metaspace: 14278K(15168K)->14278K(15168K) NonClass: 12318K(12864K)->12318K(12864K) Class: 1959K(2304K)->1959K(2304K)
[308.422s][info][gc             ] GC(2099) Pause Young (Allocation Failure) 150M->13M(494M) 30.842ms
[308.422s][info][gc,cpu         ] GC(2099) User=0.02s Sys=0.00s Real=0.02s
[308.546s][info][gc,start       ] GC(2100) Pause Young (Allocation Failure)
[308.576s][info][gc,heap        ] GC(2100) DefNew: 140089K(157248K)->314K(157248K) Eden: 139776K(139776K)->0K(139776K) From: 313K(17472K)->314K(17472K)
[308.576s][info][gc,heap        ] GC(2100) Tenured: 13573K(349568K)->13591K(349568K)
[308.576s][info][gc,metaspace   ] GC(2100) Metaspace: 14278K(15168K)->14278K(15168K) NonClass: 12318K(12864K)->12318K(12864K) Class: 1959K(2304K)->1959K(2304K)
[308.576s][info][gc             ] GC(2100) Pause Young (Allocation Failure) 150M->13M(494M) 29.855ms
[308.576s][info][gc,cpu         ] GC(2100) User=0.03s Sys=0.00s Real=0.03s
[308.696s][info][gc,start       ] GC(2101) Pause Young (Allocation Failure)
[308.732s][info][gc,heap        ] GC(2101) DefNew: 140090K(157248K)->313K(157248K) Eden: 139776K(139776K)->0K(139776K) From: 314K(17472K)->313K(17472K)
[308.732s][info][gc,heap        ] GC(2101) Tenured: 13591K(349568K)->13611K(349568K)
[308.732s][info][gc,metaspace   ] GC(2101) Metaspace: 14278K(15168K)->14278K(15168K) NonClass: 12318K(12864K)->12318K(12864K) Class: 1959K(2304K)->1959K(2304K)
[308.732s][info][gc             ] GC(2101) Pause Young (Allocation Failure) 150M->13M(494M) 35.191ms
[308.732s][info][gc,cpu         ] GC(2101) User=0.02s Sys=0.00s Real=0.02s
[308.832s][info][gc,start       ] GC(2102) Pause Young (Allocation Failure)
[308.862s][info][gc,heap        ] GC(2102) DefNew: 140089K(157248K)->309K(157248K) Eden: 139776K(139776K)->0K(139776K) From: 313K(17472K)->309K(17472K)
[308.862s][info][gc,heap        ] GC(2102) Tenured: 13611K(349568K)->13631K(349568K)
[308.862s][info][gc,metaspace   ] GC(2102) Metaspace: 14278K(15168K)->14278K(15168K) NonClass: 12318K(12864K)->12318K(12864K) Class: 1959K(2304K)->1959K(2304K)
[308.862s][info][gc             ] GC(2102) Pause Young (Allocation Failure) 150M->13M(494M) 29.554ms
[308.862s][info][gc,cpu         ] GC(2102) User=0.03s Sys=0.00s Real=0.02s
[308.958s][info][gc,start       ] GC(2103) Pause Young (Allocation Failure)
[308.987s][info][gc,heap        ] GC(2103) DefNew: 140085K(157248K)->308K(157248K) Eden: 139776K(139776K)->0K(139776K) From: 309K(17472K)->308K(17472K)
[308.987s][info][gc,heap        ] GC(2103) Tenured: 13631K(349568K)->13649K(349568K)
[308.987s][info][gc,metaspace   ] GC(2103) Metaspace: 14278K(15168K)->14278K(15168K) NonClass: 12318K(12864K)->12318K(12864K) Class: 1959K(2304K)->1959K(2304K)
[308.987s][info][gc             ] GC(2103) Pause Young (Allocation Failure) 150M->13M(494M) 29.208ms
[308.987s][info][gc,cpu         ] GC(2103) User=0.03s Sys=0.00s Real=0.03s
[309.072s][info][gc,start       ] GC(2104) Pause Young (Allocation Failure)
[309.102s][info][gc,heap        ] GC(2104) DefNew: 140084K(157248K)->301K(157248K) Eden: 139776K(139776K)->0K(139776K) From: 308K(17472K)->301K(17472K)
[309.102s][info][gc,heap        ] GC(2104) Tenured: 13649K(349568K)->13670K(349568K)
[309.102s][info][gc,metaspace   ] GC(2104) Metaspace: 14278K(15168K)->14278K(15168K) NonClass: 12318K(12864K)->12318K(12864K) Class: 1959K(2304K)->1959K(2304K)
[309.102s][info][gc             ] GC(2104) Pause Young (Allocation Failure) 150M->13M(494M) 30.353ms
[309.102s][info][gc,cpu         ] GC(2104) User=0.02s Sys=0.00s Real=0.02s
[309.242s][info][gc,start       ] GC(2105) Pause Young (Allocation Failure)
[309.269s][info][gc,heap        ] GC(2105) DefNew: 140077K(157248K)->300K(157248K) Eden: 139776K(139776K)->0K(139776K) From: 301K(17472K)->300K(17472K)
[309.269s][info][gc,heap        ] GC(2105) Tenured: 13670K(349568K)->13690K(349568K)
[309.269s][info][gc,metaspace   ] GC(2105) Metaspace: 14278K(15168K)->14278K(15168K) NonClass: 12318K(12864K)->12318K(12864K) Class: 1959K(2304K)->1959K(2304K)
[309.269s][info][gc             ] GC(2105) Pause Young (Allocation Failure) 150M->13M(494M) 27.223ms
[309.269s][info][gc,cpu         ] GC(2105) User=0.02s Sys=0.00s Real=0.02s
[309.411s][info][gc,start       ] GC(2106) Pause Full (System.gc())
[309.411s][info][gc,phases,start] GC(2106) Phase 1: Mark live objects
[309.443s][info][gc,phases      ] GC(2106) Phase 1: Mark live objects 31.878ms
[309.443s][info][gc,phases,start] GC(2106) Phase 2: Compute new object addresses
[309.459s][info][gc,phases      ] GC(2106) Phase 2: Compute new object addresses 15.609ms
[309.459s][info][gc,phases,start] GC(2106) Phase 3: Adjust pointers
[309.479s][info][gc,phases      ] GC(2106) Phase 3: Adjust pointers 20.273ms
[309.479s][info][gc,phases,start] GC(2106) Phase 4: Move objects
[309.479s][info][gc,phases      ] GC(2106) Phase 4: Move objects 0.012ms
[309.479s][info][gc,heap        ] GC(2106) DefNew: 59643K(157248K)->0K(157248K) Eden: 59342K(139776K)->0K(139776K) From: 300K(17472K)->0K(17472K)
[309.479s][info][gc,heap        ] GC(2106) Tenured: 13690K(349568K)->13691K(349568K)
[309.479s][info][gc,metaspace   ] GC(2106) Metaspace: 14280K(15168K)->14280K(15168K) NonClass: 12320K(12864K)->12320K(12864K) Class: 1959K(2304K)->1959K(2304K)
[309.479s][info][gc             ] GC(2106) Pause Full (System.gc()) 71M->13M(494M) 68.214ms
[309.480s][info][gc,cpu         ] GC(2106) User=0.06s Sys=0.00s Real=0.06s
[309.575s][info][gc,start       ] GC(2107) Pause Young (Allocation Failure)
[309.605s][info][gc,heap        ] GC(2107) DefNew: 139776K(157248K)->1474K(157248K) Eden: 139776K(139776K)->0K(139776K) From: 0K(17472K)->1474K(17472K)
[309.605s][info][gc,heap        ] GC(2107) Tenured: 13691K(349568K)->13691K(349568K)
[309.605s][info][gc,metaspace   ] GC(2107) Metaspace: 14287K(15232K)->14287K(15232K) NonClass: 12327K(12928K)->12327K(12928K) Class: 1959K(2304K)->1959K(2304K)
[309.605s][info][gc             ] GC(2107) Pause Young (Allocation Failure) 149M->14M(494M) 30.743ms
[309.605s][info][gc,cpu         ] GC(2107) User=0.02s Sys=0.00s Real=0.02s
[309.722s][info][gc,start       ] GC(2108) Pause Young (Allocation Failure)
[309.754s][info][gc,heap        ] GC(2108) DefNew: 141250K(157248K)->1496K(157248K) Eden: 139776K(139776K)->0K(139776K) From: 1474K(17472K)->1496K(17472K)
[309.754s][info][gc,heap        ] GC(2108) Tenured: 13691K(349568K)->13691K(349568K)
[309.754s][info][gc,metaspace   ] GC(2108) Metaspace: 14287K(15232K)->14287K(15232K) NonClass: 12327K(12928K)->12327K(12928K) Class: 1959K(2304K)->1959K(2304K)
[309.754s][info][gc             ] GC(2108) Pause Young (Allocation Failure) 151M->14M(494M) 32.656ms
[309.754s][info][gc,cpu         ] GC(2108) User=0.03s Sys=0.00s Real=0.03s
[309.870s][info][gc,start       ] GC(2109) Pause Young (Allocation Failure)
[309.903s][info][gc,heap        ] GC(2109) DefNew: 141272K(157248K)->1515K(157248K) Eden: 139776K(139776K)->0K(139776K) From: 1496K(17472K)->1515K(17472K)
[309.903s][info][gc,heap        ] GC(2109) Tenured: 13691K(349568K)->13691K(349568K)
[309.903s][info][gc,metaspace   ] GC(2109) Metaspace: 14287K(15232K)->14287K(15232K) NonClass: 12327K(12928K)->12327K(12928K) Class: 1959K(2304K)->1959K(2304K)
[309.903s][info][gc             ] GC(2109) Pause Young (Allocation Failure) 151M->14M(494M) 32.393ms
[309.903s][info][gc,cpu         ] GC(2109) User=0.03s Sys=0.00s Real=0.03s
[310.021s][info][gc,start       ] GC(2110) Pause Young (Allocation Failure)
[310.053s][info][gc,heap        ] GC(2110) DefNew: 141291K(157248K)->1533K(157248K) Eden: 139776K(139776K)->0K(139776K) From: 1515K(17472K)->1533K(17472K)
[310.053s][info][gc,heap        ] GC(2110) Tenured: 13691K(349568K)->13691K(349568K)
[310.053s][info][gc,metaspace   ] GC(2110) Metaspace: 14287K(15232K)->14287K(15232K) NonClass: 12327K(12928K)->12327K(12928K) Class: 1959K(2304K)->1959K(2304K)
[310.053s][info][gc             ] GC(2110) Pause Young (Allocation Failure) 151M->14M(494M) 32.558ms
[310.053s][info][gc,cpu         ] GC(2110) User=0.03s Sys=0.00s Real=0.02s
[310.169s][info][gc,start       ] GC(2111) Pause Young (Allocation Failure)
[310.203s][info][gc,heap        ] GC(2111) DefNew: 141309K(157248K)->1554K(157248K) Eden: 139776K(139776K)->0K(139776K) From: 1533K(17472K)->1554K(17472K)
[310.203s][info][gc,heap        ] GC(2111) Tenured: 13691K(349568K)->13691K(349568K)
[310.203s][info][gc,metaspace   ] GC(2111) Metaspace: 14287K(15232K)->14287K(15232K) NonClass: 12327K(12928K)->12327K(12928K) Class: 1959K(2304K)->1959K(2304K)
[310.203s][info][gc             ] GC(2111) Pause Young (Allocation Failure) 151M->14M(494M) 33.659ms
[310.203s][info][gc,cpu         ] GC(2111) User=0.03s Sys=0.00s Real=0.03s
[310.322s][info][gc,start       ] GC(2112) Pause Young (Allocation Failure)
[310.347s][info][gc,heap        ] GC(2112) DefNew: 141330K(157248K)->1571K(157248K) Eden: 139776K(139776K)->0K(139776K) From: 1554K(17472K)->1571K(17472K)
[310.347s][info][gc,heap        ] GC(2112) Tenured: 13691K(349568K)->13691K(349568K)
[310.347s][info][gc,metaspace   ] GC(2112) Metaspace: 14287K(15232K)->14287K(15232K) NonClass: 12327K(12928K)->12327K(12928K) Class: 1959K(2304K)->1959K(2304K)
[310.347s][info][gc             ] GC(2112) Pause Young (Allocation Failure) 151M->14M(494M) 24.790ms
[310.347s][info][gc,cpu         ] GC(2112) User=0.02s Sys=0.00s Real=0.02s
[310.460s][info][gc,start       ] GC(2113) Pause Young (Allocation Failure)
[310.485s][info][gc,heap        ] GC(2113) DefNew: 141347K(157248K)->1591K(157248K) Eden: 139776K(139776K)->0K(139776K) From: 1571K(17472K)->1591K(17472K)
[310.485s][info][gc,heap        ] GC(2113) Tenured: 13691K(349568K)->13691K(349568K)
[310.485s][info][gc,metaspace   ] GC(2113) Metaspace: 14287K(15232K)->14287K(15232K) NonClass: 12327K(12928K)->12327K(12928K) Class: 1959K(2304K)->1959K(2304K)
[310.485s][info][gc             ] GC(2113) Pause Young (Allocation Failure) 151M->14M(494M) 24.986ms
[310.485s][info][gc,cpu         ] GC(2113) User=0.02s Sys=0.00s Real=0.02s
[310.598s][info][gc,start       ] GC(2114) Pause Young (Allocation Failure)
[310.622s][info][gc,heap        ] GC(2114) DefNew: 141367K(157248K)->1609K(157248K) Eden: 139776K(139776K)->0K(139776K) From: 1591K(17472K)->1609K(17472K)
[310.622s][info][gc,heap        ] GC(2114) Tenured: 13691K(349568K)->13691K(349568K)
[310.622s][info][gc,metaspace   ] GC(2114) Metaspace: 14287K(15232K)->14287K(15232K) NonClass: 12327K(12928K)->12327K(12928K) Class: 1959K(2304K)->1959K(2304K)
[310.622s][info][gc             ] GC(2114) Pause Young (Allocation Failure) 151M->14M(494M) 24.443ms
[310.622s][info][gc,cpu         ] GC(2114) User=0.02s Sys=0.00s Real=0.02s
[310.734s][info][gc,start       ] GC(2115) Pause Young (Allocation Failure)
[310.760s][info][gc,heap        ] GC(2115) DefNew: 141385K(157248K)->1627K(157248K) Eden: 139776K(139776K)->0K(139776K) From: 1609K(17472K)->1627K(17472K)
[310.760s][info][gc,heap        ] GC(2115) Tenured: 13691K(349568K)->13691K(349568K)
[310.760s][info][gc,metaspace   ] GC(2115) Metaspace: 14287K(15232K)->14287K(15232K) NonClass: 12327K(12928K)->12327K(12928K) Class: 1959K(2304K)->1959K(2304K)
[310.760s][info][gc             ] GC(2115) Pause Young (Allocation Failure) 151M->14M(494M) 25.911ms
[310.760s][info][gc,cpu         ] GC(2115) User=0.03s Sys=0.00s Real=0.02s
[310.948s][info][gc,start       ] GC(2116) Pause Young (Allocation Failure)
[310.980s][info][gc,heap        ] GC(2116) DefNew: 141403K(157248K)->1644K(157248K) Eden: 139776K(139776K)->0K(139776K) From: 1627K(17472K)->1644K(17472K)
[310.980s][info][gc,heap        ] GC(2116) Tenured: 13691K(349568K)->13691K(349568K)
[310.980s][info][gc,metaspace   ] GC(2116) Metaspace: 14287K(15232K)->14287K(15232K) NonClass: 12327K(12928K)->12327K(12928K) Class: 1959K(2304K)->1959K(2304K)
[310.980s][info][gc             ] GC(2116) Pause Young (Allocation Failure) 151M->14M(494M) 31.569ms
[310.980s][info][gc,cpu         ] GC(2116) User=0.03s Sys=0.00s Real=0.03s
[311.094s][info][gc,start       ] GC(2117) Pause Young (Allocation Failure)
[311.118s][info][gc,heap        ] GC(2117) DefNew: 141420K(157248K)->1662K(157248K) Eden: 139776K(139776K)->0K(139776K) From: 1644K(17472K)->1662K(17472K)
[311.118s][info][gc,heap        ] GC(2117) Tenured: 13691K(349568K)->13691K(349568K)
[311.118s][info][gc,metaspace   ] GC(2117) Metaspace: 14287K(15232K)->14287K(15232K) NonClass: 12327K(12928K)->12327K(12928K) Class: 1959K(2304K)->1959K(2304K)
[311.118s][info][gc             ] GC(2117) Pause Young (Allocation Failure) 151M->14M(494M) 24.102ms
[311.118s][info][gc,cpu         ] GC(2117) User=0.03s Sys=0.00s Real=0.02s
[311.233s][info][gc,start       ] GC(2118) Pause Young (Allocation Failure)
[311.256s][info][gc,heap        ] GC(2118) DefNew: 141438K(157248K)->1684K(157248K) Eden: 139776K(139776K)->0K(139776K) From: 1662K(17472K)->1684K(17472K)
[311.257s][info][gc,heap        ] GC(2118) Tenured: 13691K(349568K)->13691K(349568K)
[311.257s][info][gc,metaspace   ] GC(2118) Metaspace: 14287K(15232K)->14287K(15232K) NonClass: 12327K(12928K)->12327K(12928K) Class: 1959K(2304K)->1959K(2304K)
[311.257s][info][gc             ] GC(2118) Pause Young (Allocation Failure) 151M->15M(494M) 23.832ms
[311.257s][info][gc,cpu         ] GC(2118) User=0.02s Sys=0.00s Real=0.01s
[311.386s][info][gc,start       ] GC(2119) Pause Young (Allocation Failure)
[311.414s][info][gc,heap        ] GC(2119) DefNew: 141460K(157248K)->1703K(157248K) Eden: 139776K(139776K)->0K(139776K) From: 1684K(17472K)->1703K(17472K)
[311.414s][info][gc,heap        ] GC(2119) Tenured: 13691K(349568K)->13691K(349568K)
[311.414s][info][gc,metaspace   ] GC(2119) Metaspace: 14287K(15232K)->14287K(15232K) NonClass: 12327K(12928K)->12327K(12928K) Class: 1959K(2304K)->1959K(2304K)
[311.414s][info][gc             ] GC(2119) Pause Young (Allocation Failure) 151M->15M(494M) 28.308ms
[311.414s][info][gc,cpu         ] GC(2119) User=0.02s Sys=0.00s Real=0.02s
[311.538s][info][gc,start       ] GC(2120) Pause Young (Allocation Failure)
[311.566s][info][gc,heap        ] GC(2120) DefNew: 141479K(157248K)->1722K(157248K) Eden: 139776K(139776K)->0K(139776K) From: 1703K(17472K)->1722K(17472K)
[311.566s][info][gc,heap        ] GC(2120) Tenured: 13691K(349568K)->13691K(349568K)
[311.566s][info][gc,metaspace   ] GC(2120) Metaspace: 14287K(15232K)->14287K(15232K) NonClass: 12327K(12928K)->12327K(12928K) Class: 1959K(2304K)->1959K(2304K)
[311.566s][info][gc             ] GC(2120) Pause Young (Allocation Failure) 151M->15M(494M) 27.535ms
[311.566s][info][gc,cpu         ] GC(2120) User=0.02s Sys=0.00s Real=0.02s
[311.675s][info][gc,start       ] GC(2121) Pause Young (Allocation Failure)
[311.703s][info][gc,heap        ] GC(2121) DefNew: 141498K(157248K)->1739K(157248K) Eden: 139776K(139776K)->0K(139776K) From: 1722K(17472K)->1739K(17472K)
[311.703s][info][gc,heap        ] GC(2121) Tenured: 13691K(349568K)->13691K(349568K)
[311.703s][info][gc,metaspace   ] GC(2121) Metaspace: 14287K(15232K)->14287K(15232K) NonClass: 12327K(12928K)->12327K(12928K) Class: 1959K(2304K)->1959K(2304K)
[311.703s][info][gc             ] GC(2121) Pause Young (Allocation Failure) 151M->15M(494M) 28.343ms
[311.703s][info][gc,cpu         ] GC(2121) User=0.03s Sys=0.00s Real=0.03s
[311.814s][info][gc,start       ] GC(2122) Pause Young (Allocation Failure)
[311.843s][info][gc,heap        ] GC(2122) DefNew: 141515K(157248K)->291K(157248K) Eden: 139776K(139776K)->0K(139776K) From: 1739K(17472K)->291K(17472K)
[311.843s][info][gc,heap        ] GC(2122) Tenured: 13691K(349568K)->15157K(349568K)
[311.843s][info][gc,metaspace   ] GC(2122) Metaspace: 14287K(15232K)->14287K(15232K) NonClass: 12327K(12928K)->12327K(12928K) Class: 1959K(2304K)->1959K(2304K)
[311.843s][info][gc             ] GC(2122) Pause Young (Allocation Failure) 151M->15M(494M) 28.900ms
[311.843s][info][gc,cpu         ] GC(2122) User=0.02s Sys=0.00s Real=0.02s
[311.956s][info][gc,start       ] GC(2123) Pause Young (Allocation Failure)
[311.985s][info][gc,heap        ] GC(2123) DefNew: 140067K(157248K)->288K(157248K) Eden: 139776K(139776K)->0K(139776K) From: 291K(17472K)->288K(17472K)
[311.985s][info][gc,heap        ] GC(2123) Tenured: 15157K(349568K)->15177K(349568K)
[311.985s][info][gc,metaspace   ] GC(2123) Metaspace: 14287K(15232K)->14287K(15232K) NonClass: 12327K(12928K)->12327K(12928K) Class: 1959K(2304K)->1959K(2304K)
[311.985s][info][gc             ] GC(2123) Pause Young (Allocation Failure) 151M->15M(494M) 29.063ms
[311.985s][info][gc,cpu         ] GC(2123) User=0.03s Sys=0.00s Real=0.03s
[312.098s][info][gc,start       ] GC(2124) Pause Young (Allocation Failure)
[312.119s][info][gc,heap        ] GC(2124) DefNew: 140064K(157248K)->285K(157248K) Eden: 139776K(139776K)->0K(139776K) From: 288K(17472K)->285K(17472K)
[312.119s][info][gc,heap        ] GC(2124) Tenured: 15177K(349568K)->15198K(349568K)
[312.119s][info][gc,metaspace   ] GC(2124) Metaspace: 14287K(15232K)->14287K(15232K) NonClass: 12327K(12928K)->12327K(12928K) Class: 1959K(2304K)->1959K(2304K)
[312.119s][info][gc             ] GC(2124) Pause Young (Allocation Failure) 151M->15M(494M) 21.486ms
[312.119s][info][gc,cpu         ] GC(2124) User=0.03s Sys=0.00s Real=0.02s
[312.228s][info][gc,start       ] GC(2125) Pause Young (Allocation Failure)
[312.256s][info][gc,heap        ] GC(2125) DefNew: 140061K(157248K)->285K(157248K) Eden: 139776K(139776K)->0K(139776K) From: 285K(17472K)->285K(17472K)
[312.256s][info][gc,heap        ] GC(2125) Tenured: 15198K(349568K)->15215K(349568K)
[312.256s][info][gc,metaspace   ] GC(2125) Metaspace: 14287K(15232K)->14287K(15232K) NonClass: 12327K(12928K)->12327K(12928K) Class: 1959K(2304K)->1959K(2304K)
[312.256s][info][gc             ] GC(2125) Pause Young (Allocation Failure) 151M->15M(494M) 28.527ms
[312.256s][info][gc,cpu         ] GC(2125) User=0.02s Sys=0.00s Real=0.03s
[312.368s][info][gc,start       ] GC(2126) Pause Young (Allocation Failure)
[312.396s][info][gc,heap        ] GC(2126) DefNew: 140061K(157248K)->282K(157248K) Eden: 139776K(139776K)->0K(139776K) From: 285K(17472K)->282K(17472K)
[312.397s][info][gc,heap        ] GC(2126) Tenured: 15215K(349568K)->15236K(349568K)
[312.397s][info][gc,metaspace   ] GC(2126) Metaspace: 14287K(15232K)->14287K(15232K) NonClass: 12327K(12928K)->12327K(12928K) Class: 1959K(2304K)->1959K(2304K)
[312.397s][info][gc             ] GC(2126) Pause Young (Allocation Failure) 151M->15M(494M) 28.312ms
[312.397s][info][gc,cpu         ] GC(2126) User=0.02s Sys=0.00s Real=0.03s
[312.508s][info][gc,start       ] GC(2127) Pause Young (Allocation Failure)
[312.537s][info][gc,heap        ] GC(2127) DefNew: 140058K(157248K)->283K(157248K) Eden: 139776K(139776K)->0K(139776K) From: 282K(17472K)->283K(17472K)
[312.537s][info][gc,heap        ] GC(2127) Tenured: 15236K(349568K)->15254K(349568K)
[312.537s][info][gc,metaspace   ] GC(2127) Metaspace: 14287K(15232K)->14287K(15232K) NonClass: 12327K(12928K)->12327K(12928K) Class: 1959K(2304K)->1959K(2304K)
[312.537s][info][gc             ] GC(2127) Pause Young (Allocation Failure) 151M->15M(494M) 28.203ms
[312.537s][info][gc,cpu         ] GC(2127) User=0.02s Sys=0.00s Real=0.02s
[312.647s][info][gc,start       ] GC(2128) Pause Young (Allocation Failure)
[312.677s][info][gc,heap        ] GC(2128) DefNew: 140059K(157248K)->280K(157248K) Eden: 139776K(139776K)->0K(139776K) From: 283K(17472K)->280K(17472K)
[312.677s][info][gc,heap        ] GC(2128) Tenured: 15254K(349568K)->15274K(349568K)
[312.677s][info][gc,metaspace   ] GC(2128) Metaspace: 14287K(15232K)->14287K(15232K) NonClass: 12327K(12928K)->12327K(12928K) Class: 1959K(2304K)->1959K(2304K)
[312.677s][info][gc             ] GC(2128) Pause Young (Allocation Failure) 151M->15M(494M) 29.753ms
[312.677s][info][gc,cpu         ] GC(2128) User=0.02s Sys=0.00s Real=0.03s
[312.789s][info][gc,start       ] GC(2129) Pause Young (Allocation Failure)
[312.818s][info][gc,heap        ] GC(2129) DefNew: 140056K(157248K)->283K(157248K) Eden: 139776K(139776K)->0K(139776K) From: 280K(17472K)->283K(17472K)
[312.818s][info][gc,heap        ] GC(2129) Tenured: 15274K(349568K)->15292K(349568K)
[312.818s][info][gc,metaspace   ] GC(2129) Metaspace: 14287K(15232K)->14287K(15232K) NonClass: 12327K(12928K)->12327K(12928K) Class: 1959K(2304K)->1959K(2304K)
[312.818s][info][gc             ] GC(2129) Pause Young (Allocation Failure) 151M->15M(494M) 29.241ms
[312.818s][info][gc,cpu         ] GC(2129) User=0.02s Sys=0.00s Real=0.02s
[312.932s][info][gc,start       ] GC(2130) Pause Young (Allocation Failure)
[312.961s][info][gc,heap        ] GC(2130) DefNew: 140059K(157248K)->280K(157248K) Eden: 139776K(139776K)->0K(139776K) From: 283K(17472K)->280K(17472K)
[312.961s][info][gc,heap        ] GC(2130) Tenured: 15292K(349568K)->15310K(349568K)
[312.961s][info][gc,metaspace   ] GC(2130) Metaspace: 14287K(15232K)->14287K(15232K) NonClass: 12327K(12928K)->12327K(12928K) Class: 1959K(2304K)->1959K(2304K)
[312.961s][info][gc             ] GC(2130) Pause Young (Allocation Failure) 151M->15M(494M) 29.054ms
[312.961s][info][gc,cpu         ] GC(2130) User=0.03s Sys=0.00s Real=0.03s
[313.074s][info][gc,start       ] GC(2131) Pause Young (Allocation Failure)
[313.104s][info][gc,heap        ] GC(2131) DefNew: 140056K(157248K)->286K(157248K) Eden: 139776K(139776K)->0K(139776K) From: 280K(17472K)->286K(17472K)
[313.104s][info][gc,heap        ] GC(2131) Tenured: 15310K(349568K)->15324K(349568K)
[313.104s][info][gc,metaspace   ] GC(2131) Metaspace: 14287K(15232K)->14287K(15232K) NonClass: 12327K(12928K)->12327K(12928K) Class: 1959K(2304K)->1959K(2304K)
[313.104s][info][gc             ] GC(2131) Pause Young (Allocation Failure) 151M->15M(494M) 30.462ms
[313.104s][info][gc,cpu         ] GC(2131) User=0.03s Sys=0.00s Real=0.03s
[313.217s][info][gc,start       ] GC(2132) Pause Young (Allocation Failure)
[313.251s][info][gc,heap        ] GC(2132) DefNew: 140062K(157248K)->283K(157248K) Eden: 139776K(139776K)->0K(139776K) From: 286K(17472K)->283K(17472K)
[313.251s][info][gc,heap        ] GC(2132) Tenured: 15324K(349568K)->15345K(349568K)
[313.251s][info][gc,metaspace   ] GC(2132) Metaspace: 14287K(15232K)->14287K(15232K) NonClass: 12327K(12928K)->12327K(12928K) Class: 1959K(2304K)->1959K(2304K)
[313.251s][info][gc             ] GC(2132) Pause Young (Allocation Failure) 151M->15M(494M) 33.698ms
[313.251s][info][gc,cpu         ] GC(2132) User=0.03s Sys=0.00s Real=0.04s
[313.366s][info][gc,start       ] GC(2133) Pause Young (Allocation Failure)
[313.397s][info][gc,heap        ] GC(2133) DefNew: 140059K(157248K)->283K(157248K) Eden: 139776K(139776K)->0K(139776K) From: 283K(17472K)->283K(17472K)
[313.397s][info][gc,heap        ] GC(2133) Tenured: 15345K(349568K)->15366K(349568K)
[313.397s][info][gc,metaspace   ] GC(2133) Metaspace: 14287K(15232K)->14287K(15232K) NonClass: 12327K(12928K)->12327K(12928K) Class: 1959K(2304K)->1959K(2304K)
[313.397s][info][gc             ] GC(2133) Pause Young (Allocation Failure) 151M->15M(494M) 31.243ms
[313.397s][info][gc,cpu         ] GC(2133) User=0.02s Sys=0.00s Real=0.03s
[313.510s][info][gc,start       ] GC(2134) Pause Young (Allocation Failure)
[313.542s][info][gc,heap        ] GC(2134) DefNew: 140059K(157248K)->281K(157248K) Eden: 139776K(139776K)->0K(139776K) From: 283K(17472K)->281K(17472K)
[313.542s][info][gc,heap        ] GC(2134) Tenured: 15366K(349568K)->15386K(349568K)
[313.542s][info][gc,metaspace   ] GC(2134) Metaspace: 14287K(15232K)->14287K(15232K) NonClass: 12327K(12928K)->12327K(12928K) Class: 1959K(2304K)->1959K(2304K)
[313.542s][info][gc             ] GC(2134) Pause Young (Allocation Failure) 151M->15M(494M) 32.232ms
[313.542s][info][gc,cpu         ] GC(2134) User=0.02s Sys=0.00s Real=0.02s
[313.655s][info][gc,start       ] GC(2135) Pause Young (Allocation Failure)
[313.679s][info][gc,heap        ] GC(2135) DefNew: 140057K(157248K)->283K(157248K) Eden: 139776K(139776K)->0K(139776K) From: 281K(17472K)->283K(17472K)
[313.679s][info][gc,heap        ] GC(2135) Tenured: 15386K(349568K)->15404K(349568K)
[313.679s][info][gc,metaspace   ] GC(2135) Metaspace: 14287K(15232K)->14287K(15232K) NonClass: 12327K(12928K)->12327K(12928K) Class: 1959K(2304K)->1959K(2304K)
[313.679s][info][gc             ] GC(2135) Pause Young (Allocation Failure) 151M->15M(494M) 23.421ms
[313.679s][info][gc,cpu         ] GC(2135) User=0.03s Sys=0.00s Real=0.02s
[313.790s][info][gc,start       ] GC(2136) Pause Young (Allocation Failure)
[313.814s][info][gc,heap        ] GC(2136) DefNew: 140059K(157248K)->280K(157248K) Eden: 139776K(139776K)->0K(139776K) From: 283K(17472K)->280K(17472K)
[313.814s][info][gc,heap        ] GC(2136) Tenured: 15404K(349568K)->15421K(349568K)
[313.814s][info][gc,metaspace   ] GC(2136) Metaspace: 14287K(15232K)->14287K(15232K) NonClass: 12327K(12928K)->12327K(12928K) Class: 1959K(2304K)->1959K(2304K)
[313.814s][info][gc             ] GC(2136) Pause Young (Allocation Failure) 151M->15M(494M) 24.269ms
[313.814s][info][gc,cpu         ] GC(2136) User=0.02s Sys=0.00s Real=0.02s
[313.926s][info][gc,start       ] GC(2137) Pause Young (Allocation Failure)
[313.957s][info][gc,heap        ] GC(2137) DefNew: 140056K(157248K)->282K(157248K) Eden: 139776K(139776K)->0K(139776K) From: 280K(17472K)->282K(17472K)
[313.957s][info][gc,heap        ] GC(2137) Tenured: 15421K(349568K)->15439K(349568K)
[313.957s][info][gc,metaspace   ] GC(2137) Metaspace: 14287K(15232K)->14287K(15232K) NonClass: 12327K(12928K)->12327K(12928K) Class: 1959K(2304K)->1959K(2304K)
[313.958s][info][gc             ] GC(2137) Pause Young (Allocation Failure) 151M->15M(494M) 31.983ms
[313.958s][info][gc,cpu         ] GC(2137) User=0.03s Sys=0.00s Real=0.02s
[314.068s][info][gc,start       ] GC(2138) Pause Young (Allocation Failure)
[314.101s][info][gc,heap        ] GC(2138) DefNew: 140058K(157248K)->281K(157248K) Eden: 139776K(139776K)->0K(139776K) From: 282K(17472K)->281K(17472K)
[314.101s][info][gc,heap        ] GC(2138) Tenured: 15439K(349568K)->15457K(349568K)
[314.101s][info][gc,metaspace   ] GC(2138) Metaspace: 14287K(15232K)->14287K(15232K) NonClass: 12327K(12928K)->12327K(12928K) Class: 1959K(2304K)->1959K(2304K)
[314.101s][info][gc             ] GC(2138) Pause Young (Allocation Failure) 151M->15M(494M) 33.410ms
[314.101s][info][gc,cpu         ] GC(2138) User=0.03s Sys=0.00s Real=0.03s
[314.215s][info][gc,start       ] GC(2139) Pause Young (Allocation Failure)
[314.247s][info][gc,heap        ] GC(2139) DefNew: 140057K(157248K)->281K(157248K) Eden: 139776K(139776K)->0K(139776K) From: 281K(17472K)->281K(17472K)
[314.247s][info][gc,heap        ] GC(2139) Tenured: 15457K(349568K)->15474K(349568K)
[314.247s][info][gc,metaspace   ] GC(2139) Metaspace: 14287K(15232K)->14287K(15232K) NonClass: 12327K(12928K)->12327K(12928K) Class: 1959K(2304K)->1959K(2304K)
[314.247s][info][gc             ] GC(2139) Pause Young (Allocation Failure) 151M->15M(494M) 32.640ms
[314.247s][info][gc,cpu         ] GC(2139) User=0.03s Sys=0.00s Real=0.03s
[314.360s][info][gc,start       ] GC(2140) Pause Young (Allocation Failure)
[314.393s][info][gc,heap        ] GC(2140) DefNew: 140008K(157248K)->281K(157248K) Eden: 139727K(139776K)->0K(139776K) From: 281K(17472K)->281K(17472K)
[314.393s][info][gc,heap        ] GC(2140) Tenured: 15474K(349568K)->15492K(349568K)
[314.393s][info][gc,metaspace   ] GC(2140) Metaspace: 14287K(15232K)->14287K(15232K) NonClass: 12327K(12928K)->12327K(12928K) Class: 1959K(2304K)->1959K(2304K)
[314.393s][info][gc             ] GC(2140) Pause Young (Allocation Failure) 151M->15M(494M) 33.509ms
[314.393s][info][gc,cpu         ] GC(2140) User=0.03s Sys=0.00s Real=0.03s
[314.506s][info][gc,start       ] GC(2141) Pause Young (Allocation Failure)
[314.539s][info][gc,heap        ] GC(2141) DefNew: 140057K(157248K)->282K(157248K) Eden: 139776K(139776K)->0K(139776K) From: 281K(17472K)->282K(17472K)
[314.539s][info][gc,heap        ] GC(2141) Tenured: 15492K(349568K)->15510K(349568K)
[314.539s][info][gc,metaspace   ] GC(2141) Metaspace: 14287K(15232K)->14287K(15232K) NonClass: 12327K(12928K)->12327K(12928K) Class: 1959K(2304K)->1959K(2304K)
[314.539s][info][gc             ] GC(2141) Pause Young (Allocation Failure) 151M->15M(494M) 33.181ms
[314.539s][info][gc,cpu         ] GC(2141) User=0.05s Sys=0.00s Real=0.03s
[314.653s][info][gc,start       ] GC(2142) Pause Young (Allocation Failure)
[314.686s][info][gc,heap        ] GC(2142) DefNew: 140058K(157248K)->280K(157248K) Eden: 139776K(139776K)->0K(139776K) From: 282K(17472K)->280K(17472K)
[314.686s][info][gc,heap        ] GC(2142) Tenured: 15510K(349568K)->15528K(349568K)
[314.686s][info][gc,metaspace   ] GC(2142) Metaspace: 14287K(15232K)->14287K(15232K) NonClass: 12327K(12928K)->12327K(12928K) Class: 1959K(2304K)->1959K(2304K)
[314.686s][info][gc             ] GC(2142) Pause Young (Allocation Failure) 151M->15M(494M) 33.227ms
[314.686s][info][gc,cpu         ] GC(2142) User=0.02s Sys=0.00s Real=0.02s
[314.807s][info][gc,start       ] GC(2143) Pause Young (Allocation Failure)
[314.841s][info][gc,heap        ] GC(2143) DefNew: 140056K(157248K)->283K(157248K) Eden: 139776K(139776K)->0K(139776K) From: 280K(17472K)->283K(17472K)
[314.841s][info][gc,heap        ] GC(2143) Tenured: 15528K(349568K)->15546K(349568K)
[314.841s][info][gc,metaspace   ] GC(2143) Metaspace: 14287K(15232K)->14287K(15232K) NonClass: 12327K(12928K)->12327K(12928K) Class: 1959K(2304K)->1959K(2304K)
[314.841s][info][gc             ] GC(2143) Pause Young (Allocation Failure) 151M->15M(494M) 34.188ms
[314.841s][info][gc,cpu         ] GC(2143) User=0.03s Sys=0.00s Real=0.03s
[315.049s][info][gc,start       ] GC(2144) Pause Young (Allocation Failure)
[315.081s][info][gc,heap        ] GC(2144) DefNew: 140059K(157248K)->283K(157248K) Eden: 139776K(139776K)->0K(139776K) From: 283K(17472K)->283K(17472K)
[315.081s][info][gc,heap        ] GC(2144) Tenured: 15546K(349568K)->15564K(349568K)
[315.081s][info][gc,metaspace   ] GC(2144) Metaspace: 14287K(15232K)->14287K(15232K) NonClass: 12327K(12928K)->12327K(12928K) Class: 1959K(2304K)->1959K(2304K)
[315.081s][info][gc             ] GC(2144) Pause Young (Allocation Failure) 151M->15M(494M) 31.680ms
[315.081s][info][gc,cpu         ] GC(2144) User=0.03s Sys=0.00s Real=0.03s
[315.201s][info][gc,start       ] GC(2145) Pause Young (Allocation Failure)
[315.233s][info][gc,heap        ] GC(2145) DefNew: 140059K(157248K)->286K(157248K) Eden: 139776K(139776K)->0K(139776K) From: 283K(17472K)->286K(17472K)
[315.233s][info][gc,heap        ] GC(2145) Tenured: 15564K(349568K)->15582K(349568K)
[315.233s][info][gc,metaspace   ] GC(2145) Metaspace: 14287K(15232K)->14287K(15232K) NonClass: 12327K(12928K)->12327K(12928K) Class: 1959K(2304K)->1959K(2304K)
[315.233s][info][gc             ] GC(2145) Pause Young (Allocation Failure) 151M->15M(494M) 32.033ms
[315.233s][info][gc,cpu         ] GC(2145) User=0.03s Sys=0.00s Real=0.03s
[315.349s][info][gc,start       ] GC(2146) Pause Young (Allocation Failure)
[315.379s][info][gc,heap        ] GC(2146) DefNew: 140062K(157248K)->287K(157248K) Eden: 139776K(139776K)->0K(139776K) From: 286K(17472K)->287K(17472K)
[315.379s][info][gc,heap        ] GC(2146) Tenured: 15582K(349568K)->15602K(349568K)
[315.379s][info][gc,metaspace   ] GC(2146) Metaspace: 14287K(15232K)->14287K(15232K) NonClass: 12327K(12928K)->12327K(12928K) Class: 1959K(2304K)->1959K(2304K)
[315.380s][info][gc             ] GC(2146) Pause Young (Allocation Failure) 151M->15M(494M) 30.477ms
[315.380s][info][gc,cpu         ] GC(2146) User=0.03s Sys=0.00s Real=0.03s
[315.499s][info][gc,start       ] GC(2147) Pause Young (Allocation Failure)
[315.529s][info][gc,heap        ] GC(2147) DefNew: 140063K(157248K)->289K(157248K) Eden: 139776K(139776K)->0K(139776K) From: 287K(17472K)->289K(17472K)
[315.529s][info][gc,heap        ] GC(2147) Tenured: 15602K(349568K)->15620K(349568K)
[315.529s][info][gc,metaspace   ] GC(2147) Metaspace: 14287K(15232K)->14287K(15232K) NonClass: 12327K(12928K)->12327K(12928K) Class: 1959K(2304K)->1959K(2304K)
[315.529s][info][gc             ] GC(2147) Pause Young (Allocation Failure) 152M->15M(494M) 29.287ms
[315.529s][info][gc,cpu         ] GC(2147) User=0.03s Sys=0.00s Real=0.03s
[315.645s][info][gc,start       ] GC(2148) Pause Young (Allocation Failure)
[315.672s][info][gc,heap        ] GC(2148) DefNew: 140065K(157248K)->288K(157248K) Eden: 139776K(139776K)->0K(139776K) From: 289K(17472K)->288K(17472K)
[315.672s][info][gc,heap        ] GC(2148) Tenured: 15620K(349568K)->15641K(349568K)
[315.672s][info][gc,metaspace   ] GC(2148) Metaspace: 14287K(15232K)->14287K(15232K) NonClass: 12327K(12928K)->12327K(12928K) Class: 1959K(2304K)->1959K(2304K)
[315.672s][info][gc             ] GC(2148) Pause Young (Allocation Failure) 152M->15M(494M) 27.464ms
[315.672s][info][gc,cpu         ] GC(2148) User=0.03s Sys=0.00s Real=0.02s
[315.797s][info][gc,start       ] GC(2149) Pause Young (Allocation Failure)
[315.824s][info][gc,heap        ] GC(2149) DefNew: 140064K(157248K)->291K(157248K) Eden: 139776K(139776K)->0K(139776K) From: 288K(17472K)->291K(17472K)
[315.824s][info][gc,heap        ] GC(2149) Tenured: 15641K(349568K)->15658K(349568K)
[315.824s][info][gc,metaspace   ] GC(2149) Metaspace: 14287K(15232K)->14287K(15232K) NonClass: 12327K(12928K)->12327K(12928K) Class: 1959K(2304K)->1959K(2304K)
[315.824s][info][gc             ] GC(2149) Pause Young (Allocation Failure) 152M->15M(494M) 26.516ms
[315.824s][info][gc,cpu         ] GC(2149) User=0.03s Sys=0.00s Real=0.03s
[315.941s][info][gc,start       ] GC(2150) Pause Young (Allocation Failure)
[315.997s][info][gc,heap        ] GC(2150) DefNew: 140067K(157248K)->292K(157248K) Eden: 139776K(139776K)->0K(139776K) From: 291K(17472K)->292K(17472K)
[315.997s][info][gc,heap        ] GC(2150) Tenured: 15658K(349568K)->15676K(349568K)
[315.997s][info][gc,metaspace   ] GC(2150) Metaspace: 14287K(15232K)->14287K(15232K) NonClass: 12327K(12928K)->12327K(12928K) Class: 1959K(2304K)->1959K(2304K)
[315.997s][info][gc             ] GC(2150) Pause Young (Allocation Failure) 152M->15M(494M) 56.185ms
[315.997s][info][gc,cpu         ] GC(2150) User=0.03s Sys=0.00s Real=0.06s
[316.112s][info][gc,start       ] GC(2151) Pause Young (Allocation Failure)
[316.139s][info][gc,heap        ] GC(2151) DefNew: 140068K(157248K)->292K(157248K) Eden: 139776K(139776K)->0K(139776K) From: 292K(17472K)->292K(17472K)
[316.139s][info][gc,heap        ] GC(2151) Tenured: 15676K(349568K)->15694K(349568K)
[316.140s][info][gc,metaspace   ] GC(2151) Metaspace: 14287K(15232K)->14287K(15232K) NonClass: 12327K(12928K)->12327K(12928K) Class: 1959K(2304K)->1959K(2304K)
[316.140s][info][gc             ] GC(2151) Pause Young (Allocation Failure) 152M->15M(494M) 27.934ms
[316.140s][info][gc,cpu         ] GC(2151) User=0.03s Sys=0.00s Real=0.02s
[316.252s][info][gc,start       ] GC(2152) Pause Young (Allocation Failure)
[316.280s][info][gc,heap        ] GC(2152) DefNew: 140068K(157248K)->291K(157248K) Eden: 139776K(139776K)->0K(139776K) From: 292K(17472K)->291K(17472K)
[316.280s][info][gc,heap        ] GC(2152) Tenured: 15694K(349568K)->15712K(349568K)
[316.280s][info][gc,metaspace   ] GC(2152) Metaspace: 14287K(15232K)->14287K(15232K) NonClass: 12327K(12928K)->12327K(12928K) Class: 1959K(2304K)->1959K(2304K)
[316.280s][info][gc             ] GC(2152) Pause Young (Allocation Failure) 152M->15M(494M) 28.848ms
[316.280s][info][gc,cpu         ] GC(2152) User=0.02s Sys=0.00s Real=0.02s
[316.392s][info][gc,start       ] GC(2153) Pause Young (Allocation Failure)
[316.420s][info][gc,heap        ] GC(2153) DefNew: 140067K(157248K)->294K(157248K) Eden: 139776K(139776K)->0K(139776K) From: 291K(17472K)->294K(17472K)
[316.420s][info][gc,heap        ] GC(2153) Tenured: 15712K(349568K)->15729K(349568K)
[316.420s][info][gc,metaspace   ] GC(2153) Metaspace: 14287K(15232K)->14287K(15232K) NonClass: 12327K(12928K)->12327K(12928K) Class: 1959K(2304K)->1959K(2304K)
[316.420s][info][gc             ] GC(2153) Pause Young (Allocation Failure) 152M->15M(494M) 28.200ms
[316.420s][info][gc,cpu         ] GC(2153) User=0.02s Sys=0.00s Real=0.02s
[316.531s][info][gc,start       ] GC(2154) Pause Young (Allocation Failure)
[316.560s][info][gc,heap        ] GC(2154) DefNew: 140070K(157248K)->294K(157248K) Eden: 139776K(139776K)->0K(139776K) From: 294K(17472K)->294K(17472K)
[316.560s][info][gc,heap        ] GC(2154) Tenured: 15729K(349568K)->15747K(349568K)
[316.560s][info][gc,metaspace   ] GC(2154) Metaspace: 14287K(15232K)->14287K(15232K) NonClass: 12327K(12928K)->12327K(12928K) Class: 1959K(2304K)->1959K(2304K)
[316.560s][info][gc             ] GC(2154) Pause Young (Allocation Failure) 152M->15M(494M) 28.254ms
[316.560s][info][gc,cpu         ] GC(2154) User=0.02s Sys=0.00s Real=0.02s
[316.672s][info][gc,start       ] GC(2155) Pause Young (Allocation Failure)
[316.701s][info][gc,heap        ] GC(2155) DefNew: 140070K(157248K)->294K(157248K) Eden: 139776K(139776K)->0K(139776K) From: 294K(17472K)->294K(17472K)
[316.701s][info][gc,heap        ] GC(2155) Tenured: 15747K(349568K)->15765K(349568K)
[316.701s][info][gc,metaspace   ] GC(2155) Metaspace: 14287K(15232K)->14287K(15232K) NonClass: 12327K(12928K)->12327K(12928K) Class: 1959K(2304K)->1959K(2304K)
[316.701s][info][gc             ] GC(2155) Pause Young (Allocation Failure) 152M->15M(494M) 28.866ms
[316.701s][info][gc,cpu         ] GC(2155) User=0.02s Sys=0.00s Real=0.02s
[316.813s][info][gc,start       ] GC(2156) Pause Young (Allocation Failure)
[316.842s][info][gc,heap        ] GC(2156) DefNew: 140070K(157248K)->294K(157248K) Eden: 139776K(139776K)->0K(139776K) From: 294K(17472K)->294K(17472K)
[316.842s][info][gc,heap        ] GC(2156) Tenured: 15765K(349568K)->15783K(349568K)
[316.842s][info][gc,metaspace   ] GC(2156) Metaspace: 14287K(15232K)->14287K(15232K) NonClass: 12327K(12928K)->12327K(12928K) Class: 1959K(2304K)->1959K(2304K)
[316.842s][info][gc             ] GC(2156) Pause Young (Allocation Failure) 152M->15M(494M) 29.117ms
[316.842s][info][gc,cpu         ] GC(2156) User=0.03s Sys=0.00s Real=0.03s
[316.954s][info][gc,start       ] GC(2157) Pause Young (Allocation Failure)
[316.982s][info][gc,heap        ] GC(2157) DefNew: 140070K(157248K)->295K(157248K) Eden: 139776K(139776K)->0K(139776K) From: 294K(17472K)->295K(17472K)
[316.983s][info][gc,heap        ] GC(2157) Tenured: 15783K(349568K)->15800K(349568K)
[316.983s][info][gc,metaspace   ] GC(2157) Metaspace: 14287K(15232K)->14287K(15232K) NonClass: 12327K(12928K)->12327K(12928K) Class: 1959K(2304K)->1959K(2304K)
[316.983s][info][gc             ] GC(2157) Pause Young (Allocation Failure) 152M->15M(494M) 28.917ms
[316.983s][info][gc,cpu         ] GC(2157) User=0.02s Sys=0.00s Real=0.02s
[317.094s][info][gc,start       ] GC(2158) Pause Young (Allocation Failure)
[317.125s][info][gc,heap        ] GC(2158) DefNew: 140071K(157248K)->291K(157248K) Eden: 139776K(139776K)->0K(139776K) From: 295K(17472K)->291K(17472K)
[317.125s][info][gc,heap        ] GC(2158) Tenured: 15800K(349568K)->15821K(349568K)
[317.125s][info][gc,metaspace   ] GC(2158) Metaspace: 14287K(15232K)->14287K(15232K) NonClass: 12327K(12928K)->12327K(12928K) Class: 1959K(2304K)->1959K(2304K)
[317.125s][info][gc             ] GC(2158) Pause Young (Allocation Failure) 152M->15M(494M) 31.420ms
[317.125s][info][gc,cpu         ] GC(2158) User=0.03s Sys=0.00s Real=0.03s
[317.237s][info][gc,start       ] GC(2159) Pause Young (Allocation Failure)
[317.260s][info][gc,heap        ] GC(2159) DefNew: 140067K(157248K)->291K(157248K) Eden: 139776K(139776K)->0K(139776K) From: 291K(17472K)->291K(17472K)
[317.260s][info][gc,heap        ] GC(2159) Tenured: 15821K(349568K)->15839K(349568K)
[317.260s][info][gc,metaspace   ] GC(2159) Metaspace: 14287K(15232K)->14287K(15232K) NonClass: 12327K(12928K)->12327K(12928K) Class: 1959K(2304K)->1959K(2304K)
[317.260s][info][gc             ] GC(2159) Pause Young (Allocation Failure) 152M->15M(494M) 23.075ms
[317.260s][info][gc,cpu         ] GC(2159) User=0.02s Sys=0.00s Real=0.02s
[317.371s][info][gc,start       ] GC(2160) Pause Young (Allocation Failure)
[317.394s][info][gc,heap        ] GC(2160) DefNew: 140067K(157248K)->292K(157248K) Eden: 139776K(139776K)->0K(139776K) From: 291K(17472K)->292K(17472K)
[317.395s][info][gc,heap        ] GC(2160) Tenured: 15839K(349568K)->15860K(349568K)
[317.395s][info][gc,metaspace   ] GC(2160) Metaspace: 14287K(15232K)->14287K(15232K) NonClass: 12327K(12928K)->12327K(12928K) Class: 1959K(2304K)->1959K(2304K)
[317.395s][info][gc             ] GC(2160) Pause Young (Allocation Failure) 152M->15M(494M) 23.254ms
[317.395s][info][gc,cpu         ] GC(2160) User=0.02s Sys=0.00s Real=0.02s
[317.505s][info][gc,start       ] GC(2161) Pause Young (Allocation Failure)
[317.529s][info][gc,heap        ] GC(2161) DefNew: 140068K(157248K)->289K(157248K) Eden: 139776K(139776K)->0K(139776K) From: 292K(17472K)->289K(17472K)
[317.529s][info][gc,heap        ] GC(2161) Tenured: 15860K(349568K)->15880K(349568K)
[317.529s][info][gc,metaspace   ] GC(2161) Metaspace: 14287K(15232K)->14287K(15232K) NonClass: 12327K(12928K)->12327K(12928K) Class: 1959K(2304K)->1959K(2304K)
[317.529s][info][gc             ] GC(2161) Pause Young (Allocation Failure) 152M->15M(494M) 23.569ms
[317.529s][info][gc,cpu         ] GC(2161) User=0.03s Sys=0.00s Real=0.02s
[317.641s][info][gc,start       ] GC(2162) Pause Young (Allocation Failure)
[317.664s][info][gc,heap        ] GC(2162) DefNew: 140065K(157248K)->286K(157248K) Eden: 139776K(139776K)->0K(139776K) From: 289K(17472K)->286K(17472K)
[317.664s][info][gc,heap        ] GC(2162) Tenured: 15880K(349568K)->15901K(349568K)
[317.664s][info][gc,metaspace   ] GC(2162) Metaspace: 14287K(15232K)->14287K(15232K) NonClass: 12327K(12928K)->12327K(12928K) Class: 1959K(2304K)->1959K(2304K)
[317.664s][info][gc             ] GC(2162) Pause Young (Allocation Failure) 152M->15M(494M) 23.038ms
[317.664s][info][gc,cpu         ] GC(2162) User=0.02s Sys=0.00s Real=0.02s
[317.776s][info][gc,start       ] GC(2163) Pause Young (Allocation Failure)
[317.800s][info][gc,heap        ] GC(2163) DefNew: 140062K(157248K)->283K(157248K) Eden: 139776K(139776K)->0K(139776K) From: 286K(17472K)->283K(17472K)
[317.800s][info][gc,heap        ] GC(2163) Tenured: 15901K(349568K)->15921K(349568K)
[317.800s][info][gc,metaspace   ] GC(2163) Metaspace: 14287K(15232K)->14287K(15232K) NonClass: 12327K(12928K)->12327K(12928K) Class: 1959K(2304K)->1959K(2304K)
[317.800s][info][gc             ] GC(2163) Pause Young (Allocation Failure) 152M->15M(494M) 24.052ms
[317.800s][info][gc,cpu         ] GC(2163) User=0.02s Sys=0.00s Real=0.02s
[317.910s][info][gc,start       ] GC(2164) Pause Young (Allocation Failure)
[317.942s][info][gc,heap        ] GC(2164) DefNew: 140059K(157248K)->281K(157248K) Eden: 139776K(139776K)->0K(139776K) From: 283K(17472K)->281K(17472K)
[317.942s][info][gc,heap        ] GC(2164) Tenured: 15921K(349568K)->15942K(349568K)
[317.942s][info][gc,metaspace   ] GC(2164) Metaspace: 14287K(15232K)->14287K(15232K) NonClass: 12327K(12928K)->12327K(12928K) Class: 1959K(2304K)->1959K(2304K)
[317.942s][info][gc             ] GC(2164) Pause Young (Allocation Failure) 152M->15M(494M) 32.082ms
[317.942s][info][gc,cpu         ] GC(2164) User=0.03s Sys=0.00s Real=0.02s
[318.056s][info][gc,start       ] GC(2165) Pause Young (Allocation Failure)
[318.089s][info][gc,heap        ] GC(2165) DefNew: 140057K(157248K)->279K(157248K) Eden: 139776K(139776K)->0K(139776K) From: 281K(17472K)->279K(17472K)
[318.089s][info][gc,heap        ] GC(2165) Tenured: 15942K(349568K)->15960K(349568K)
[318.089s][info][gc,metaspace   ] GC(2165) Metaspace: 14287K(15232K)->14287K(15232K) NonClass: 12327K(12928K)->12327K(12928K) Class: 1959K(2304K)->1959K(2304K)
[318.089s][info][gc             ] GC(2165) Pause Young (Allocation Failure) 152M->15M(494M) 32.326ms
[318.089s][info][gc,cpu         ] GC(2165) User=0.03s Sys=0.00s Real=0.03s
[318.202s][info][gc,start       ] GC(2166) Pause Young (Allocation Failure)
[318.234s][info][gc,heap        ] GC(2166) DefNew: 140055K(157248K)->280K(157248K) Eden: 139776K(139776K)->0K(139776K) From: 279K(17472K)->280K(17472K)
[318.234s][info][gc,heap        ] GC(2166) Tenured: 15960K(349568K)->15978K(349568K)
[318.234s][info][gc,metaspace   ] GC(2166) Metaspace: 14287K(15232K)->14287K(15232K) NonClass: 12327K(12928K)->12327K(12928K) Class: 1959K(2304K)->1959K(2304K)
[318.234s][info][gc             ] GC(2166) Pause Young (Allocation Failure) 152M->15M(494M) 32.563ms
[318.234s][info][gc,cpu         ] GC(2166) User=0.02s Sys=0.00s Real=0.02s
[318.349s][info][gc,start       ] GC(2167) Pause Young (Allocation Failure)
[318.382s][info][gc,heap        ] GC(2167) DefNew: 140056K(157248K)->284K(157248K) Eden: 139776K(139776K)->0K(139776K) From: 280K(17472K)->284K(17472K)
[318.382s][info][gc,heap        ] GC(2167) Tenured: 15978K(349568K)->15995K(349568K)
[318.382s][info][gc,metaspace   ] GC(2167) Metaspace: 14287K(15232K)->14287K(15232K) NonClass: 12327K(12928K)->12327K(12928K) Class: 1959K(2304K)->1959K(2304K)
[318.382s][info][gc             ] GC(2167) Pause Young (Allocation Failure) 152M->15M(494M) 32.814ms
[318.382s][info][gc,cpu         ] GC(2167) User=0.03s Sys=0.00s Real=0.03s
[318.495s][info][gc,start       ] GC(2168) Pause Young (Allocation Failure)
[318.529s][info][gc,heap        ] GC(2168) DefNew: 140060K(157248K)->283K(157248K) Eden: 139776K(139776K)->0K(139776K) From: 284K(17472K)->283K(17472K)
[318.529s][info][gc,heap        ] GC(2168) Tenured: 15995K(349568K)->16016K(349568K)
[318.529s][info][gc,metaspace   ] GC(2168) Metaspace: 14287K(15232K)->14287K(15232K) NonClass: 12327K(12928K)->12327K(12928K) Class: 1959K(2304K)->1959K(2304K)
[318.529s][info][gc             ] GC(2168) Pause Young (Allocation Failure) 152M->15M(494M) 34.030ms
[318.529s][info][gc,cpu         ] GC(2168) User=0.03s Sys=0.00s Real=0.03s
[318.645s][info][gc,start       ] GC(2169) Pause Young (Allocation Failure)
[318.678s][info][gc,heap        ] GC(2169) DefNew: 140059K(157248K)->283K(157248K) Eden: 139776K(139776K)->0K(139776K) From: 283K(17472K)->283K(17472K)
[318.678s][info][gc,heap        ] GC(2169) Tenured: 16016K(349568K)->16034K(349568K)
[318.678s][info][gc,metaspace   ] GC(2169) Metaspace: 14287K(15232K)->14287K(15232K) NonClass: 12327K(12928K)->12327K(12928K) Class: 1959K(2304K)->1959K(2304K)
[318.678s][info][gc             ] GC(2169) Pause Young (Allocation Failure) 152M->15M(494M) 33.315ms
[318.678s][info][gc,cpu         ] GC(2169) User=0.03s Sys=0.00s Real=0.03s
[318.793s][info][gc,start       ] GC(2170) Pause Young (Allocation Failure)
[318.827s][info][gc,heap        ] GC(2170) DefNew: 140059K(157248K)->283K(157248K) Eden: 139775K(139776K)->0K(139776K) From: 283K(17472K)->283K(17472K)
[318.832s][info][gc,heap        ] GC(2170) Tenured: 16034K(349568K)->16051K(349568K)
[318.832s][info][gc,metaspace   ] GC(2170) Metaspace: 14287K(15232K)->14287K(15232K) NonClass: 12327K(12928K)->12327K(12928K) Class: 1959K(2304K)->1959K(2304K)
[318.832s][info][gc             ] GC(2170) Pause Young (Allocation Failure) 152M->15M(494M) 38.762ms
[318.832s][info][gc,cpu         ] GC(2170) User=0.03s Sys=0.00s Real=0.04s
[318.947s][info][gc,start       ] GC(2171) Pause Young (Allocation Failure)
[318.973s][info][gc,heap        ] GC(2171) DefNew: 140059K(157248K)->286K(157248K) Eden: 139776K(139776K)->0K(139776K) From: 283K(17472K)->286K(17472K)
[318.973s][info][gc,heap        ] GC(2171) Tenured: 16051K(349568K)->16069K(349568K)
[318.973s][info][gc,metaspace   ] GC(2171) Metaspace: 14287K(15232K)->14287K(15232K) NonClass: 12327K(12928K)->12327K(12928K) Class: 1959K(2304K)->1959K(2304K)
[318.973s][info][gc             ] GC(2171) Pause Young (Allocation Failure) 152M->15M(494M) 25.335ms
[318.973s][info][gc,cpu         ] GC(2171) User=0.02s Sys=0.00s Real=0.02s
[319.211s][info][gc,start       ] GC(2172) Pause Young (Allocation Failure)
[319.244s][info][gc,heap        ] GC(2172) DefNew: 140062K(157248K)->286K(157248K) Eden: 139776K(139776K)->0K(139776K) From: 286K(17472K)->286K(17472K)
[319.244s][info][gc,heap        ] GC(2172) Tenured: 16069K(349568K)->16087K(349568K)
[319.244s][info][gc,metaspace   ] GC(2172) Metaspace: 14287K(15232K)->14287K(15232K) NonClass: 12327K(12928K)->12327K(12928K) Class: 1959K(2304K)->1959K(2304K)
[319.244s][info][gc             ] GC(2172) Pause Young (Allocation Failure) 152M->15M(494M) 32.676ms
[319.244s][info][gc,cpu         ] GC(2172) User=0.03s Sys=0.00s Real=0.03s
[319.364s][info][gc,start       ] GC(2173) Pause Young (Allocation Failure)
[319.396s][info][gc,heap        ] GC(2173) DefNew: 140062K(157248K)->289K(157248K) Eden: 139776K(139776K)->0K(139776K) From: 286K(17472K)->289K(17472K)
[319.396s][info][gc,heap        ] GC(2173) Tenured: 16087K(349568K)->16105K(349568K)
[319.396s][info][gc,metaspace   ] GC(2173) Metaspace: 14287K(15232K)->14287K(15232K) NonClass: 12327K(12928K)->12327K(12928K) Class: 1959K(2304K)->1959K(2304K)
[319.396s][info][gc             ] GC(2173) Pause Young (Allocation Failure) 152M->16M(494M) 32.881ms
[319.396s][info][gc,cpu         ] GC(2173) User=0.03s Sys=0.00s Real=0.03s
[319.513s][info][gc,start       ] GC(2174) Pause Young (Allocation Failure)
[319.543s][info][gc,heap        ] GC(2174) DefNew: 140065K(157248K)->289K(157248K) Eden: 139776K(139776K)->0K(139776K) From: 289K(17472K)->289K(17472K)
[319.543s][info][gc,heap        ] GC(2174) Tenured: 16105K(349568K)->16122K(349568K)
[319.543s][info][gc,metaspace   ] GC(2174) Metaspace: 14287K(15232K)->14287K(15232K) NonClass: 12327K(12928K)->12327K(12928K) Class: 1959K(2304K)->1959K(2304K)
[319.543s][info][gc             ] GC(2174) Pause Young (Allocation Failure) 152M->16M(494M) 30.104ms
[319.543s][info][gc,cpu         ] GC(2174) User=0.02s Sys=0.00s Real=0.02s
[319.661s][info][gc,start       ] GC(2175) Pause Young (Allocation Failure)
[319.690s][info][gc,heap        ] GC(2175) DefNew: 140065K(157248K)->286K(157248K) Eden: 139776K(139776K)->0K(139776K) From: 289K(17472K)->286K(17472K)
[319.690s][info][gc,heap        ] GC(2175) Tenured: 16122K(349568K)->16143K(349568K)
[319.690s][info][gc,metaspace   ] GC(2175) Metaspace: 14287K(15232K)->14287K(15232K) NonClass: 12327K(12928K)->12327K(12928K) Class: 1959K(2304K)->1959K(2304K)
[319.690s][info][gc             ] GC(2175) Pause Young (Allocation Failure) 152M->16M(494M) 29.170ms
[319.690s][info][gc,cpu         ] GC(2175) User=0.03s Sys=0.00s Real=0.02s
[319.807s][info][gc,start       ] GC(2176) Pause Young (Allocation Failure)
[319.835s][info][gc,heap        ] GC(2176) DefNew: 140062K(157248K)->288K(157248K) Eden: 139776K(139776K)->0K(139776K) From: 286K(17472K)->288K(17472K)
[319.835s][info][gc,heap        ] GC(2176) Tenured: 16143K(349568K)->16161K(349568K)
[319.835s][info][gc,metaspace   ] GC(2176) Metaspace: 14287K(15232K)->14287K(15232K) NonClass: 12327K(12928K)->12327K(12928K) Class: 1959K(2304K)->1959K(2304K)
[319.835s][info][gc             ] GC(2176) Pause Young (Allocation Failure) 152M->16M(494M) 27.497ms
[319.835s][info][gc,cpu         ] GC(2176) User=0.02s Sys=0.00s Real=0.01s
[319.961s][info][gc,start       ] GC(2177) Pause Young (Allocation Failure)
[319.988s][info][gc,heap        ] GC(2177) DefNew: 140064K(157248K)->292K(157248K) Eden: 139776K(139776K)->0K(139776K) From: 288K(17472K)->292K(17472K)
[319.988s][info][gc,heap        ] GC(2177) Tenured: 16161K(349568K)->16179K(349568K)
[319.988s][info][gc,metaspace   ] GC(2177) Metaspace: 14287K(15232K)->14287K(15232K) NonClass: 12327K(12928K)->12327K(12928K) Class: 1959K(2304K)->1959K(2304K)
[319.988s][info][gc             ] GC(2177) Pause Young (Allocation Failure) 152M->16M(494M) 27.229ms
[319.988s][info][gc,cpu         ] GC(2177) User=0.02s Sys=0.00s Real=0.02s
[320.102s][info][gc,start       ] GC(2178) Pause Young (Allocation Failure)
[320.129s][info][gc,heap        ] GC(2178) DefNew: 140068K(157248K)->291K(157248K) Eden: 139776K(139776K)->0K(139776K) From: 292K(17472K)->291K(17472K)
[320.129s][info][gc,heap        ] GC(2178) Tenured: 16179K(349568K)->16197K(349568K)
[320.129s][info][gc,metaspace   ] GC(2178) Metaspace: 14287K(15232K)->14287K(15232K) NonClass: 12327K(12928K)->12327K(12928K) Class: 1959K(2304K)->1959K(2304K)
[320.129s][info][gc             ] GC(2178) Pause Young (Allocation Failure) 152M->16M(494M) 27.212ms
[320.129s][info][gc,cpu         ] GC(2178) User=0.02s Sys=0.00s Real=0.02s
[320.241s][info][gc,start       ] GC(2179) Pause Young (Allocation Failure)
[320.269s][info][gc,heap        ] GC(2179) DefNew: 140067K(157248K)->291K(157248K) Eden: 139776K(139776K)->0K(139776K) From: 291K(17472K)->291K(17472K)
[320.270s][info][gc,heap        ] GC(2179) Tenured: 16197K(349568K)->16214K(349568K)
[320.270s][info][gc,metaspace   ] GC(2179) Metaspace: 14287K(15232K)->14287K(15232K) NonClass: 12327K(12928K)->12327K(12928K) Class: 1959K(2304K)->1959K(2304K)
[320.270s][info][gc             ] GC(2179) Pause Young (Allocation Failure) 152M->16M(494M) 28.674ms
[320.270s][info][gc,cpu         ] GC(2179) User=0.03s Sys=0.00s Real=0.02s
[320.380s][info][gc,start       ] GC(2180) Pause Young (Allocation Failure)
[320.408s][info][gc,heap        ] GC(2180) DefNew: 140067K(157248K)->291K(157248K) Eden: 139776K(139776K)->0K(139776K) From: 291K(17472K)->291K(17472K)
[320.408s][info][gc,heap        ] GC(2180) Tenured: 16214K(349568K)->16232K(349568K)
[320.408s][info][gc,metaspace   ] GC(2180) Metaspace: 14287K(15232K)->14287K(15232K) NonClass: 12327K(12928K)->12327K(12928K) Class: 1959K(2304K)->1959K(2304K)
[320.408s][info][gc             ] GC(2180) Pause Young (Allocation Failure) 152M->16M(494M) 27.919ms
[320.408s][info][gc,cpu         ] GC(2180) User=0.03s Sys=0.00s Real=0.03s
[320.520s][info][gc,start       ] GC(2181) Pause Young (Allocation Failure)
[320.550s][info][gc,heap        ] GC(2181) DefNew: 140067K(157248K)->294K(157248K) Eden: 139776K(139776K)->0K(139776K) From: 291K(17472K)->294K(17472K)
[320.550s][info][gc,heap        ] GC(2181) Tenured: 16232K(349568K)->16250K(349568K)
[320.550s][info][gc,metaspace   ] GC(2181) Metaspace: 14287K(15232K)->14287K(15232K) NonClass: 12327K(12928K)->12327K(12928K) Class: 1959K(2304K)->1959K(2304K)
[320.550s][info][gc             ] GC(2181) Pause Young (Allocation Failure) 152M->16M(494M) 29.669ms
[320.550s][info][gc,cpu         ] GC(2181) User=0.02s Sys=0.00s Real=0.02s
[320.662s][info][gc,start       ] GC(2182) Pause Young (Allocation Failure)
[320.683s][info][gc,heap        ] GC(2182) DefNew: 140070K(157248K)->292K(157248K) Eden: 139776K(139776K)->0K(139776K) From: 294K(17472K)->292K(17472K)
[320.683s][info][gc,heap        ] GC(2182) Tenured: 16250K(349568K)->16270K(349568K)
[320.683s][info][gc,metaspace   ] GC(2182) Metaspace: 14287K(15232K)->14287K(15232K) NonClass: 12327K(12928K)->12327K(12928K) Class: 1959K(2304K)->1959K(2304K)
[320.683s][info][gc             ] GC(2182) Pause Young (Allocation Failure) 152M->16M(494M) 21.530ms
[320.683s][info][gc,cpu         ] GC(2182) User=0.03s Sys=0.00s Real=0.02s
[320.791s][info][gc,start       ] GC(2183) Pause Young (Allocation Failure)
[320.820s][info][gc,heap        ] GC(2183) DefNew: 140068K(157248K)->288K(157248K) Eden: 139776K(139776K)->0K(139776K) From: 292K(17472K)->288K(17472K)
[320.820s][info][gc,heap        ] GC(2183) Tenured: 16270K(349568K)->16291K(349568K)
[320.820s][info][gc,metaspace   ] GC(2183) Metaspace: 14287K(15232K)->14287K(15232K) NonClass: 12327K(12928K)->12327K(12928K) Class: 1959K(2304K)->1959K(2304K)
[320.820s][info][gc             ] GC(2183) Pause Young (Allocation Failure) 152M->16M(494M) 29.160ms
[320.821s][info][gc,cpu         ] GC(2183) User=0.02s Sys=0.00s Real=0.02s
[320.934s][info][gc,start       ] GC(2184) Pause Young (Allocation Failure)
[320.963s][info][gc,heap        ] GC(2184) DefNew: 140064K(157248K)->288K(157248K) Eden: 139776K(139776K)->0K(139776K) From: 288K(17472K)->288K(17472K)
[320.964s][info][gc,heap        ] GC(2184) Tenured: 16291K(349568K)->16309K(349568K)
[320.964s][info][gc,metaspace   ] GC(2184) Metaspace: 14287K(15232K)->14287K(15232K) NonClass: 12327K(12928K)->12327K(12928K) Class: 1959K(2304K)->1959K(2304K)
[320.964s][info][gc             ] GC(2184) Pause Young (Allocation Failure) 152M->16M(494M) 29.692ms
[320.964s][info][gc,cpu         ] GC(2184) User=0.02s Sys=0.00s Real=0.02s
[321.076s][info][gc,start       ] GC(2185) Pause Young (Allocation Failure)
[321.106s][info][gc,heap        ] GC(2185) DefNew: 140064K(157248K)->287K(157248K) Eden: 139776K(139776K)->0K(139776K) From: 288K(17472K)->287K(17472K)
[321.106s][info][gc,heap        ] GC(2185) Tenured: 16309K(349568K)->16327K(349568K)
[321.106s][info][gc,metaspace   ] GC(2185) Metaspace: 14287K(15232K)->14287K(15232K) NonClass: 12327K(12928K)->12327K(12928K) Class: 1959K(2304K)->1959K(2304K)
[321.106s][info][gc             ] GC(2185) Pause Young (Allocation Failure) 152M->16M(494M) 30.211ms
[321.106s][info][gc,cpu         ] GC(2185) User=0.02s Sys=0.00s Real=0.02s
[321.219s][info][gc,start       ] GC(2186) Pause Young (Allocation Failure)
[321.249s][info][gc,heap        ] GC(2186) DefNew: 140063K(157248K)->288K(157248K) Eden: 139776K(139776K)->0K(139776K) From: 287K(17472K)->288K(17472K)
[321.249s][info][gc,heap        ] GC(2186) Tenured: 16327K(349568K)->16344K(349568K)
[321.249s][info][gc,metaspace   ] GC(2186) Metaspace: 14287K(15232K)->14287K(15232K) NonClass: 12327K(12928K)->12327K(12928K) Class: 1959K(2304K)->1959K(2304K)
[321.249s][info][gc             ] GC(2186) Pause Young (Allocation Failure) 152M->16M(494M) 30.929ms
[321.249s][info][gc,cpu         ] GC(2186) User=0.02s Sys=0.00s Real=0.02s
[321.365s][info][gc,start       ] GC(2187) Pause Young (Allocation Failure)
[321.395s][info][gc,heap        ] GC(2187) DefNew: 140064K(157248K)->289K(157248K) Eden: 139776K(139776K)->0K(139776K) From: 288K(17472K)->289K(17472K)
[321.395s][info][gc,heap        ] GC(2187) Tenured: 16344K(349568K)->16365K(349568K)
[321.395s][info][gc,metaspace   ] GC(2187) Metaspace: 14287K(15232K)->14287K(15232K) NonClass: 12327K(12928K)->12327K(12928K) Class: 1959K(2304K)->1959K(2304K)
[321.395s][info][gc             ] GC(2187) Pause Young (Allocation Failure) 152M->16M(494M) 30.354ms
[321.395s][info][gc,cpu         ] GC(2187) User=0.03s Sys=0.00s Real=0.03s
[321.508s][info][gc,start       ] GC(2188) Pause Young (Allocation Failure)
[321.539s][info][gc,heap        ] GC(2188) DefNew: 140065K(157248K)->292K(157248K) Eden: 139776K(139776K)->0K(139776K) From: 289K(17472K)->292K(17472K)
[321.539s][info][gc,heap        ] GC(2188) Tenured: 16365K(349568K)->16386K(349568K)
[321.539s][info][gc,metaspace   ] GC(2188) Metaspace: 14287K(15232K)->14287K(15232K) NonClass: 12327K(12928K)->12327K(12928K) Class: 1959K(2304K)->1959K(2304K)
[321.539s][info][gc             ] GC(2188) Pause Young (Allocation Failure) 152M->16M(494M) 30.975ms
[321.539s][info][gc,cpu         ] GC(2188) User=0.02s Sys=0.00s Real=0.03s
[321.654s][info][gc,start       ] GC(2189) Pause Young (Allocation Failure)
[321.685s][info][gc,heap        ] GC(2189) DefNew: 140068K(157248K)->294K(157248K) Eden: 139776K(139776K)->0K(139776K) From: 292K(17472K)->294K(17472K)
[321.685s][info][gc,heap        ] GC(2189) Tenured: 16386K(349568K)->16403K(349568K)
[321.685s][info][gc,metaspace   ] GC(2189) Metaspace: 14287K(15232K)->14287K(15232K) NonClass: 12327K(12928K)->12327K(12928K) Class: 1959K(2304K)->1959K(2304K)
[321.685s][info][gc             ] GC(2189) Pause Young (Allocation Failure) 152M->16M(494M) 30.912ms
[321.685s][info][gc,cpu         ] GC(2189) User=0.03s Sys=0.00s Real=0.03s
[321.799s][info][gc,start       ] GC(2190) Pause Young (Allocation Failure)
[321.831s][info][gc,heap        ] GC(2190) DefNew: 140070K(157248K)->295K(157248K) Eden: 139776K(139776K)->0K(139776K) From: 294K(17472K)->295K(17472K)
[321.831s][info][gc,heap        ] GC(2190) Tenured: 16403K(349568K)->16421K(349568K)
[321.831s][info][gc,metaspace   ] GC(2190) Metaspace: 14287K(15232K)->14287K(15232K) NonClass: 12327K(12928K)->12327K(12928K) Class: 1959K(2304K)->1959K(2304K)
[321.831s][info][gc             ] GC(2190) Pause Young (Allocation Failure) 152M->16M(494M) 31.374ms
[321.831s][info][gc,cpu         ] GC(2190) User=0.03s Sys=0.00s Real=0.03s
[321.946s][info][gc,start       ] GC(2191) Pause Young (Allocation Failure)
[321.978s][info][gc,heap        ] GC(2191) DefNew: 140071K(157248K)->292K(157248K) Eden: 139776K(139776K)->0K(139776K) From: 295K(17472K)->292K(17472K)
[321.978s][info][gc,heap        ] GC(2191) Tenured: 16421K(349568K)->16441K(349568K)
[321.978s][info][gc,metaspace   ] GC(2191) Metaspace: 14287K(15232K)->14287K(15232K) NonClass: 12327K(12928K)->12327K(12928K) Class: 1959K(2304K)->1959K(2304K)
[321.978s][info][gc             ] GC(2191) Pause Young (Allocation Failure) 152M->16M(494M) 31.687ms
[321.978s][info][gc,cpu         ] GC(2191) User=0.03s Sys=0.00s Real=0.03s
[322.091s][info][gc,start       ] GC(2192) Pause Young (Allocation Failure)
[322.124s][info][gc,heap        ] GC(2192) DefNew: 140068K(157248K)->291K(157248K) Eden: 139776K(139776K)->0K(139776K) From: 292K(17472K)->291K(17472K)
[322.124s][info][gc,heap        ] GC(2192) Tenured: 16441K(349568K)->16462K(349568K)
[322.124s][info][gc,metaspace   ] GC(2192) Metaspace: 14287K(15232K)->14287K(15232K) NonClass: 12327K(12928K)->12327K(12928K) Class: 1959K(2304K)->1959K(2304K)
[322.124s][info][gc             ] GC(2192) Pause Young (Allocation Failure) 152M->16M(494M) 33.098ms
[322.125s][info][gc,cpu         ] GC(2192) User=0.03s Sys=0.00s Real=0.03s
[322.240s][info][gc,start       ] GC(2193) Pause Young (Allocation Failure)
[322.272s][info][gc,heap        ] GC(2193) DefNew: 140067K(157248K)->291K(157248K) Eden: 139776K(139776K)->0K(139776K) From: 291K(17472K)->291K(17472K)
[322.272s][info][gc,heap        ] GC(2193) Tenured: 16462K(349568K)->16480K(349568K)
[322.272s][info][gc,metaspace   ] GC(2193) Metaspace: 14287K(15232K)->14287K(15232K) NonClass: 12327K(12928K)->12327K(12928K) Class: 1959K(2304K)->1959K(2304K)
[322.272s][info][gc             ] GC(2193) Pause Young (Allocation Failure) 152M->16M(494M) 32.532ms
[322.272s][info][gc,cpu         ] GC(2193) User=0.03s Sys=0.00s Real=0.03s
[322.386s][info][gc,start       ] GC(2194) Pause Young (Allocation Failure)
[322.418s][info][gc,heap        ] GC(2194) DefNew: 140067K(157248K)->292K(157248K) Eden: 139776K(139776K)->0K(139776K) From: 291K(17472K)->292K(17472K)
[322.418s][info][gc,heap        ] GC(2194) Tenured: 16480K(349568K)->16498K(349568K)
[322.418s][info][gc,metaspace   ] GC(2194) Metaspace: 14287K(15232K)->14287K(15232K) NonClass: 12327K(12928K)->12327K(12928K) Class: 1959K(2304K)->1959K(2304K)
[322.418s][info][gc             ] GC(2194) Pause Young (Allocation Failure) 152M->16M(494M) 32.537ms
[322.418s][info][gc,cpu         ] GC(2194) User=0.03s Sys=0.00s Real=0.03s
[322.532s][info][gc,start       ] GC(2195) Pause Young (Allocation Failure)
[322.564s][info][gc,heap        ] GC(2195) DefNew: 140068K(157248K)->291K(157248K) Eden: 139776K(139776K)->0K(139776K) From: 292K(17472K)->291K(17472K)
[322.564s][info][gc,heap        ] GC(2195) Tenured: 16498K(349568K)->16515K(349568K)
[322.564s][info][gc,metaspace   ] GC(2195) Metaspace: 14287K(15232K)->14287K(15232K) NonClass: 12327K(12928K)->12327K(12928K) Class: 1959K(2304K)->1959K(2304K)
[322.565s][info][gc             ] GC(2195) Pause Young (Allocation Failure) 152M->16M(494M) 32.584ms
[322.565s][info][gc,cpu         ] GC(2195) User=0.03s Sys=0.00s Real=0.02s
[322.677s][info][gc,start       ] GC(2196) Pause Young (Allocation Failure)
[322.710s][info][gc,heap        ] GC(2196) DefNew: 140067K(157248K)->289K(157248K) Eden: 139776K(139776K)->0K(139776K) From: 291K(17472K)->289K(17472K)
[322.710s][info][gc,heap        ] GC(2196) Tenured: 16515K(349568K)->16536K(349568K)
[322.710s][info][gc,metaspace   ] GC(2196) Metaspace: 14287K(15232K)->14287K(15232K) NonClass: 12327K(12928K)->12327K(12928K) Class: 1959K(2304K)->1959K(2304K)
[322.710s][info][gc             ] GC(2196) Pause Young (Allocation Failure) 152M->16M(494M) 32.963ms
[322.710s][info][gc,cpu         ] GC(2196) User=0.03s Sys=0.00s Real=0.02s
[322.825s][info][gc,start       ] GC(2197) Pause Young (Allocation Failure)
[322.860s][info][gc,heap        ] GC(2197) DefNew: 140065K(157248K)->289K(157248K) Eden: 139776K(139776K)->0K(139776K) From: 289K(17472K)->289K(17472K)
[322.860s][info][gc,heap        ] GC(2197) Tenured: 16536K(349568K)->16553K(349568K)
[322.860s][info][gc,metaspace   ] GC(2197) Metaspace: 14287K(15232K)->14287K(15232K) NonClass: 12327K(12928K)->12327K(12928K) Class: 1959K(2304K)->1959K(2304K)
[322.860s][info][gc             ] GC(2197) Pause Young (Allocation Failure) 152M->16M(494M) 34.780ms
[322.860s][info][gc,cpu         ] GC(2197) User=0.03s Sys=0.00s Real=0.03s
[322.974s][info][gc,start       ] GC(2198) Pause Young (Allocation Failure)
[323.007s][info][gc,heap        ] GC(2198) DefNew: 140065K(157248K)->288K(157248K) Eden: 139775K(139776K)->0K(139776K) From: 289K(17472K)->288K(17472K)
[323.021s][info][gc,heap        ] GC(2198) Tenured: 16553K(349568K)->16571K(349568K)
[323.021s][info][gc,metaspace   ] GC(2198) Metaspace: 14287K(15232K)->14287K(15232K) NonClass: 12327K(12928K)->12327K(12928K) Class: 1959K(2304K)->1959K(2304K)
[323.022s][info][gc             ] GC(2198) Pause Young (Allocation Failure) 152M->16M(494M) 47.809ms
[323.022s][info][gc,cpu         ] GC(2198) User=0.05s Sys=0.00s Real=0.03s
[323.136s][info][gc,start       ] GC(2199) Pause Young (Allocation Failure)
[323.170s][info][gc,heap        ] GC(2199) DefNew: 140064K(157248K)->289K(157248K) Eden: 139776K(139776K)->0K(139776K) From: 288K(17472K)->289K(17472K)
[323.170s][info][gc,heap        ] GC(2199) Tenured: 16571K(349568K)->16588K(349568K)
[323.170s][info][gc,metaspace   ] GC(2199) Metaspace: 14287K(15232K)->14287K(15232K) NonClass: 12327K(12928K)->12327K(12928K) Class: 1959K(2304K)->1959K(2304K)
[323.170s][info][gc             ] GC(2199) Pause Young (Allocation Failure) 152M->16M(494M) 34.187ms
[323.170s][info][gc,cpu         ] GC(2199) User=0.03s Sys=0.00s Real=0.03s
[323.348s][info][gc,start       ] GC(2200) Pause Young (Allocation Failure)
[323.388s][info][gc,heap        ] GC(2200) DefNew: 140065K(157248K)->289K(157248K) Eden: 139776K(139776K)->0K(139776K) From: 289K(17472K)->289K(17472K)
[323.388s][info][gc,heap        ] GC(2200) Tenured: 16588K(349568K)->16606K(349568K)
[323.388s][info][gc,metaspace   ] GC(2200) Metaspace: 14287K(15232K)->14287K(15232K) NonClass: 12327K(12928K)->12327K(12928K) Class: 1959K(2304K)->1959K(2304K)
[323.388s][info][gc             ] GC(2200) Pause Young (Allocation Failure) 152M->16M(494M) 39.700ms
[323.388s][info][gc,cpu         ] GC(2200) User=0.03s Sys=0.00s Real=0.03s
[323.507s][info][gc,start       ] GC(2201) Pause Young (Allocation Failure)
[323.531s][info][gc,heap        ] GC(2201) DefNew: 140065K(157248K)->292K(157248K) Eden: 139776K(139776K)->0K(139776K) From: 289K(17472K)->292K(17472K)
[323.531s][info][gc,heap        ] GC(2201) Tenured: 16606K(349568K)->16624K(349568K)
[323.531s][info][gc,metaspace   ] GC(2201) Metaspace: 14287K(15232K)->14287K(15232K) NonClass: 12327K(12928K)->12327K(12928K) Class: 1959K(2304K)->1959K(2304K)
[323.532s][info][gc             ] GC(2201) Pause Young (Allocation Failure) 153M->16M(494M) 24.269ms
[323.532s][info][gc,cpu         ] GC(2201) User=0.02s Sys=0.00s Real=0.02s
[323.648s][info][gc,start       ] GC(2202) Pause Young (Allocation Failure)
[323.679s][info][gc,heap        ] GC(2202) DefNew: 140068K(157248K)->293K(157248K) Eden: 139776K(139776K)->0K(139776K) From: 292K(17472K)->293K(17472K)
[323.679s][info][gc,heap        ] GC(2202) Tenured: 16624K(349568K)->16644K(349568K)
[323.679s][info][gc,metaspace   ] GC(2202) Metaspace: 14287K(15232K)->14287K(15232K) NonClass: 12327K(12928K)->12327K(12928K) Class: 1959K(2304K)->1959K(2304K)
[323.679s][info][gc             ] GC(2202) Pause Young (Allocation Failure) 153M->16M(494M) 30.860ms
[323.679s][info][gc,cpu         ] GC(2202) User=0.02s Sys=0.00s Real=0.03s
[323.794s][info][gc,start       ] GC(2203) Pause Young (Allocation Failure)
[323.822s][info][gc,heap        ] GC(2203) DefNew: 140069K(157248K)->285K(157248K) Eden: 139776K(139776K)->0K(139776K) From: 293K(17472K)->285K(17472K)
[323.822s][info][gc,heap        ] GC(2203) Tenured: 16644K(349568K)->16669K(349568K)
[323.822s][info][gc,metaspace   ] GC(2203) Metaspace: 14287K(15232K)->14287K(15232K) NonClass: 12327K(12928K)->12327K(12928K) Class: 1959K(2304K)->1959K(2304K)
[323.822s][info][gc             ] GC(2203) Pause Young (Allocation Failure) 153M->16M(494M) 28.554ms
[323.822s][info][gc,cpu         ] GC(2203) User=0.03s Sys=0.00s Real=0.03s
[323.940s][info][gc,start       ] GC(2204) Pause Young (Allocation Failure)
[323.967s][info][gc,heap        ] GC(2204) DefNew: 140061K(157248K)->282K(157248K) Eden: 139776K(139776K)->0K(139776K) From: 285K(17472K)->282K(17472K)
[323.967s][info][gc,heap        ] GC(2204) Tenured: 16669K(349568K)->16690K(349568K)
[323.967s][info][gc,metaspace   ] GC(2204) Metaspace: 14287K(15232K)->14287K(15232K) NonClass: 12327K(12928K)->12327K(12928K) Class: 1959K(2304K)->1959K(2304K)
[323.967s][info][gc             ] GC(2204) Pause Young (Allocation Failure) 153M->16M(494M) 27.068ms
[323.967s][info][gc,cpu         ] GC(2204) User=0.03s Sys=0.00s Real=0.03s
[324.090s][info][gc,start       ] GC(2205) Pause Young (Allocation Failure)
[324.117s][info][gc,heap        ] GC(2205) DefNew: 140058K(157248K)->286K(157248K) Eden: 139776K(139776K)->0K(139776K) From: 282K(17472K)->286K(17472K)
[324.117s][info][gc,heap        ] GC(2205) Tenured: 16690K(349568K)->16707K(349568K)
[324.117s][info][gc,metaspace   ] GC(2205) Metaspace: 14287K(15232K)->14287K(15232K) NonClass: 12327K(12928K)->12327K(12928K) Class: 1959K(2304K)->1959K(2304K)
[324.117s][info][gc             ] GC(2205) Pause Young (Allocation Failure) 153M->16M(494M) 26.666ms
[324.117s][info][gc,cpu         ] GC(2205) User=0.02s Sys=0.00s Real=0.02s
[324.233s][info][gc,start       ] GC(2206) Pause Young (Allocation Failure)
[324.260s][info][gc,heap        ] GC(2206) DefNew: 140062K(157248K)->284K(157248K) Eden: 139776K(139776K)->0K(139776K) From: 286K(17472K)->284K(17472K)
[324.260s][info][gc,heap        ] GC(2206) Tenured: 16707K(349568K)->16725K(349568K)
[324.260s][info][gc,metaspace   ] GC(2206) Metaspace: 14287K(15232K)->14287K(15232K) NonClass: 12327K(12928K)->12327K(12928K) Class: 1959K(2304K)->1959K(2304K)
[324.260s][info][gc             ] GC(2206) Pause Young (Allocation Failure) 153M->16M(494M) 27.406ms
[324.260s][info][gc,cpu         ] GC(2206) User=0.02s Sys=0.00s Real=0.02s
[324.373s][info][gc,start       ] GC(2207) Pause Young (Allocation Failure)
[324.444s][info][gc,heap        ] GC(2207) DefNew: 140060K(157248K)->285K(157248K) Eden: 139776K(139776K)->0K(139776K) From: 284K(17472K)->285K(17472K)
[324.444s][info][gc,heap        ] GC(2207) Tenured: 16725K(349568K)->16746K(349568K)
[324.444s][info][gc,metaspace   ] GC(2207) Metaspace: 14287K(15232K)->14287K(15232K) NonClass: 12327K(12928K)->12327K(12928K) Class: 1959K(2304K)->1959K(2304K)
[324.444s][info][gc             ] GC(2207) Pause Young (Allocation Failure) 153M->16M(494M) 70.834ms
[324.444s][info][gc,cpu         ] GC(2207) User=0.03s Sys=0.00s Real=0.06s
[324.561s][info][gc,start       ] GC(2208) Pause Young (Allocation Failure)
[324.589s][info][gc,heap        ] GC(2208) DefNew: 140061K(157248K)->287K(157248K) Eden: 139776K(139776K)->0K(139776K) From: 285K(17472K)->287K(17472K)
[324.589s][info][gc,heap        ] GC(2208) Tenured: 16746K(349568K)->16763K(349568K)
[324.589s][info][gc,metaspace   ] GC(2208) Metaspace: 14287K(15232K)->14287K(15232K) NonClass: 12327K(12928K)->12327K(12928K) Class: 1959K(2304K)->1959K(2304K)
[324.589s][info][gc             ] GC(2208) Pause Young (Allocation Failure) 153M->16M(494M) 28.075ms
[324.589s][info][gc,cpu         ] GC(2208) User=0.03s Sys=0.00s Real=0.03s
[324.701s][info][gc,start       ] GC(2209) Pause Young (Allocation Failure)
[324.730s][info][gc,heap        ] GC(2209) DefNew: 140063K(157248K)->285K(157248K) Eden: 139776K(139776K)->0K(139776K) From: 287K(17472K)->285K(17472K)
[324.730s][info][gc,heap        ] GC(2209) Tenured: 16763K(349568K)->16781K(349568K)
[324.730s][info][gc,metaspace   ] GC(2209) Metaspace: 14287K(15232K)->14287K(15232K) NonClass: 12327K(12928K)->12327K(12928K) Class: 1959K(2304K)->1959K(2304K)
[324.730s][info][gc             ] GC(2209) Pause Young (Allocation Failure) 153M->16M(494M) 29.636ms
[324.730s][info][gc,cpu         ] GC(2209) User=0.02s Sys=0.00s Real=0.02s
[324.842s][info][gc,start       ] GC(2210) Pause Young (Allocation Failure)
[324.864s][info][gc,heap        ] GC(2210) DefNew: 140061K(157248K)->288K(157248K) Eden: 139776K(139776K)->0K(139776K) From: 285K(17472K)->288K(17472K)
[324.864s][info][gc,heap        ] GC(2210) Tenured: 16781K(349568K)->16799K(349568K)
[324.864s][info][gc,metaspace   ] GC(2210) Metaspace: 14287K(15232K)->14287K(15232K) NonClass: 12327K(12928K)->12327K(12928K) Class: 1959K(2304K)->1959K(2304K)
[324.864s][info][gc             ] GC(2210) Pause Young (Allocation Failure) 153M->16M(494M) 21.615ms
[324.864s][info][gc,cpu         ] GC(2210) User=0.02s Sys=0.00s Real=0.02s
[324.973s][info][gc,start       ] GC(2211) Pause Young (Allocation Failure)
[325.002s][info][gc,heap        ] GC(2211) DefNew: 140064K(157248K)->288K(157248K) Eden: 139776K(139776K)->0K(139776K) From: 288K(17472K)->288K(17472K)
[325.002s][info][gc,heap        ] GC(2211) Tenured: 16799K(349568K)->16817K(349568K)
[325.002s][info][gc,metaspace   ] GC(2211) Metaspace: 14287K(15232K)->14287K(15232K) NonClass: 12327K(12928K)->12327K(12928K) Class: 1959K(2304K)->1959K(2304K)
[325.002s][info][gc             ] GC(2211) Pause Young (Allocation Failure) 153M->16M(494M) 28.659ms
[325.002s][info][gc,cpu         ] GC(2211) User=0.03s Sys=0.00s Real=0.03s
[325.114s][info][gc,start       ] GC(2212) Pause Young (Allocation Failure)
[325.144s][info][gc,heap        ] GC(2212) DefNew: 140064K(157248K)->289K(157248K) Eden: 139776K(139776K)->0K(139776K) From: 288K(17472K)->289K(17472K)
[325.144s][info][gc,heap        ] GC(2212) Tenured: 16817K(349568K)->16834K(349568K)
[325.144s][info][gc,metaspace   ] GC(2212) Metaspace: 14287K(15232K)->14287K(15232K) NonClass: 12327K(12928K)->12327K(12928K) Class: 1959K(2304K)->1959K(2304K)
[325.144s][info][gc             ] GC(2212) Pause Young (Allocation Failure) 153M->16M(494M) 29.980ms
[325.144s][info][gc,cpu         ] GC(2212) User=0.03s Sys=0.00s Real=0.02s
[325.256s][info][gc,start       ] GC(2213) Pause Young (Allocation Failure)
[325.287s][info][gc,heap        ] GC(2213) DefNew: 140065K(157248K)->290K(157248K) Eden: 139776K(139776K)->0K(139776K) From: 289K(17472K)->290K(17472K)
[325.287s][info][gc,heap        ] GC(2213) Tenured: 16834K(349568K)->16852K(349568K)
[325.287s][info][gc,metaspace   ] GC(2213) Metaspace: 14287K(15232K)->14287K(15232K) NonClass: 12327K(12928K)->12327K(12928K) Class: 1959K(2304K)->1959K(2304K)
[325.287s][info][gc             ] GC(2213) Pause Young (Allocation Failure) 153M->16M(494M) 31.180ms
[325.287s][info][gc,cpu         ] GC(2213) User=0.02s Sys=0.02s Real=0.03s
[325.401s][info][gc,start       ] GC(2214) Pause Young (Allocation Failure)
[325.423s][info][gc,heap        ] GC(2214) DefNew: 140066K(157248K)->291K(157248K) Eden: 139776K(139776K)->0K(139776K) From: 290K(17472K)->291K(17472K)
[325.423s][info][gc,heap        ] GC(2214) Tenured: 16852K(349568K)->16869K(349568K)
[325.423s][info][gc,metaspace   ] GC(2214) Metaspace: 14287K(15232K)->14287K(15232K) NonClass: 12327K(12928K)->12327K(12928K) Class: 1959K(2304K)->1959K(2304K)
[325.423s][info][gc             ] GC(2214) Pause Young (Allocation Failure) 153M->16M(494M) 22.763ms
[325.423s][info][gc,cpu         ] GC(2214) User=0.02s Sys=0.00s Real=0.02s
[325.534s][info][gc,start       ] GC(2215) Pause Young (Allocation Failure)
[325.557s][info][gc,heap        ] GC(2215) DefNew: 140067K(157248K)->290K(157248K) Eden: 139776K(139776K)->0K(139776K) From: 291K(17472K)->290K(17472K)
[325.557s][info][gc,heap        ] GC(2215) Tenured: 16869K(349568K)->16887K(349568K)
[325.557s][info][gc,metaspace   ] GC(2215) Metaspace: 14287K(15232K)->14287K(15232K) NonClass: 12327K(12928K)->12327K(12928K) Class: 1959K(2304K)->1959K(2304K)
[325.557s][info][gc             ] GC(2215) Pause Young (Allocation Failure) 153M->16M(494M) 23.225ms
[325.557s][info][gc,cpu         ] GC(2215) User=0.03s Sys=0.00s Real=0.02s
[325.668s][info][gc,start       ] GC(2216) Pause Young (Allocation Failure)
[325.692s][info][gc,heap        ] GC(2216) DefNew: 140066K(157248K)->289K(157248K) Eden: 139776K(139776K)->0K(139776K) From: 290K(17472K)->289K(17472K)
[325.692s][info][gc,heap        ] GC(2216) Tenured: 16887K(349568K)->16908K(349568K)
[325.692s][info][gc,metaspace   ] GC(2216) Metaspace: 14287K(15232K)->14287K(15232K) NonClass: 12327K(12928K)->12327K(12928K) Class: 1959K(2304K)->1959K(2304K)
[325.692s][info][gc             ] GC(2216) Pause Young (Allocation Failure) 153M->16M(494M) 23.462ms
[325.692s][info][gc,cpu         ] GC(2216) User=0.02s Sys=0.00s Real=0.02s
[325.804s][info][gc,start       ] GC(2217) Pause Young (Allocation Failure)
[325.835s][info][gc,heap        ] GC(2217) DefNew: 140065K(157248K)->285K(157248K) Eden: 139776K(139776K)->0K(139776K) From: 289K(17472K)->285K(17472K)
[325.835s][info][gc,heap        ] GC(2217) Tenured: 16908K(349568K)->16929K(349568K)
[325.835s][info][gc,metaspace   ] GC(2217) Metaspace: 14287K(15232K)->14287K(15232K) NonClass: 12327K(12928K)->12327K(12928K) Class: 1959K(2304K)->1959K(2304K)
[325.835s][info][gc             ] GC(2217) Pause Young (Allocation Failure) 153M->16M(494M) 31.052ms
[325.835s][info][gc,cpu         ] GC(2217) User=0.02s Sys=0.00s Real=0.02s
[325.949s][info][gc,start       ] GC(2218) Pause Young (Allocation Failure)
[325.980s][info][gc,heap        ] GC(2218) DefNew: 140061K(157248K)->285K(157248K) Eden: 139776K(139776K)->0K(139776K) From: 285K(17472K)->285K(17472K)
[325.980s][info][gc,heap        ] GC(2218) Tenured: 16929K(349568K)->16946K(349568K)
[325.980s][info][gc,metaspace   ] GC(2218) Metaspace: 14287K(15232K)->14287K(15232K) NonClass: 12327K(12928K)->12327K(12928K) Class: 1959K(2304K)->1959K(2304K)
[325.980s][info][gc             ] GC(2218) Pause Young (Allocation Failure) 153M->16M(494M) 31.415ms
[325.980s][info][gc,cpu         ] GC(2218) User=0.03s Sys=0.00s Real=0.03s
[326.091s][info][gc,start       ] GC(2219) Pause Young (Allocation Failure)
[326.123s][info][gc,heap        ] GC(2219) DefNew: 140061K(157248K)->285K(157248K) Eden: 139776K(139776K)->0K(139776K) From: 285K(17472K)->285K(17472K)
[326.123s][info][gc,heap        ] GC(2219) Tenured: 16946K(349568K)->16964K(349568K)
[326.123s][info][gc,metaspace   ] GC(2219) Metaspace: 14287K(15232K)->14287K(15232K) NonClass: 12327K(12928K)->12327K(12928K) Class: 1959K(2304K)->1959K(2304K)
[326.123s][info][gc             ] GC(2219) Pause Young (Allocation Failure) 153M->16M(494M) 31.719ms
[326.123s][info][gc,cpu         ] GC(2219) User=0.02s Sys=0.00s Real=0.02s
[326.238s][info][gc,start       ] GC(2220) Pause Young (Allocation Failure)
[326.269s][info][gc,heap        ] GC(2220) DefNew: 140061K(157248K)->286K(157248K) Eden: 139776K(139776K)->0K(139776K) From: 285K(17472K)->286K(17472K)
[326.270s][info][gc,heap        ] GC(2220) Tenured: 16964K(349568K)->16985K(349568K)
[326.270s][info][gc,metaspace   ] GC(2220) Metaspace: 14287K(15232K)->14287K(15232K) NonClass: 12327K(12928K)->12327K(12928K) Class: 1959K(2304K)->1959K(2304K)
[326.270s][info][gc             ] GC(2220) Pause Young (Allocation Failure) 153M->16M(494M) 31.876ms
[326.270s][info][gc,cpu         ] GC(2220) User=0.03s Sys=0.00s Real=0.03s
[326.382s][info][gc,start       ] GC(2221) Pause Young (Allocation Failure)
[326.415s][info][gc,heap        ] GC(2221) DefNew: 140062K(157248K)->289K(157248K) Eden: 139776K(139776K)->0K(139776K) From: 286K(17472K)->289K(17472K)
[326.415s][info][gc,heap        ] GC(2221) Tenured: 16985K(349568K)->17002K(349568K)
[326.415s][info][gc,metaspace   ] GC(2221) Metaspace: 14287K(15232K)->14287K(15232K) NonClass: 12327K(12928K)->12327K(12928K) Class: 1959K(2304K)->1959K(2304K)
[326.415s][info][gc             ] GC(2221) Pause Young (Allocation Failure) 153M->16M(494M) 32.386ms
[326.415s][info][gc,cpu         ] GC(2221) User=0.03s Sys=0.00s Real=0.03s
[326.529s][info][gc,start       ] GC(2222) Pause Young (Allocation Failure)
[326.562s][info][gc,heap        ] GC(2222) DefNew: 140065K(157248K)->285K(157248K) Eden: 139776K(139776K)->0K(139776K) From: 289K(17472K)->285K(17472K)
[326.562s][info][gc,heap        ] GC(2222) Tenured: 17002K(349568K)->17023K(349568K)
[326.562s][info][gc,metaspace   ] GC(2222) Metaspace: 14287K(15232K)->14287K(15232K) NonClass: 12327K(12928K)->12327K(12928K) Class: 1959K(2304K)->1959K(2304K)
[326.563s][info][gc             ] GC(2222) Pause Young (Allocation Failure) 153M->16M(494M) 33.683ms
[326.563s][info][gc,cpu         ] GC(2222) User=0.02s Sys=0.00s Real=0.02s
[326.675s][info][gc,start       ] GC(2223) Pause Young (Allocation Failure)
[326.701s][info][gc,heap        ] GC(2223) DefNew: 140061K(157248K)->286K(157248K) Eden: 139776K(139776K)->0K(139776K) From: 285K(17472K)->286K(17472K)
[326.701s][info][gc,heap        ] GC(2223) Tenured: 17023K(349568K)->17041K(349568K)
[326.701s][info][gc,metaspace   ] GC(2223) Metaspace: 14287K(15232K)->14287K(15232K) NonClass: 12327K(12928K)->12327K(12928K) Class: 1959K(2304K)->1959K(2304K)
[326.701s][info][gc             ] GC(2223) Pause Young (Allocation Failure) 153M->16M(494M) 25.570ms
[326.701s][info][gc,cpu         ] GC(2223) User=0.03s Sys=0.00s Real=0.02s
[326.811s][info][gc,start       ] GC(2224) Pause Young (Allocation Failure)
[326.836s][info][gc,heap        ] GC(2224) DefNew: 140062K(157248K)->285K(157248K) Eden: 139776K(139776K)->0K(139776K) From: 286K(17472K)->285K(17472K)
[326.836s][info][gc,heap        ] GC(2224) Tenured: 17041K(349568K)->17059K(349568K)
[326.836s][info][gc,metaspace   ] GC(2224) Metaspace: 14287K(15232K)->14287K(15232K) NonClass: 12327K(12928K)->12327K(12928K) Class: 1959K(2304K)->1959K(2304K)
[326.836s][info][gc             ] GC(2224) Pause Young (Allocation Failure) 153M->16M(494M) 24.560ms
[326.836s][info][gc,cpu         ] GC(2224) User=0.02s Sys=0.00s Real=0.02s
[326.945s][info][gc,start       ] GC(2225) Pause Young (Allocation Failure)
[326.970s][info][gc,heap        ] GC(2225) DefNew: 140061K(157248K)->281K(157248K) Eden: 139776K(139776K)->0K(139776K) From: 285K(17472K)->281K(17472K)
[326.970s][info][gc,heap        ] GC(2225) Tenured: 17059K(349568K)->17079K(349568K)
[326.970s][info][gc,metaspace   ] GC(2225) Metaspace: 14287K(15232K)->14287K(15232K) NonClass: 12327K(12928K)->12327K(12928K) Class: 1959K(2304K)->1959K(2304K)
[326.970s][info][gc             ] GC(2225) Pause Young (Allocation Failure) 153M->16M(494M) 24.696ms
[326.970s][info][gc,cpu         ] GC(2225) User=0.02s Sys=0.00s Real=0.02s
[327.083s][info][gc,start       ] GC(2226) Pause Young (Allocation Failure)
[327.110s][info][gc,heap        ] GC(2226) DefNew: 140057K(157248K)->286K(157248K) Eden: 139776K(139776K)->0K(139776K) From: 281K(17472K)->286K(17472K)
[327.110s][info][gc,heap        ] GC(2226) Tenured: 17079K(349568K)->17097K(349568K)
[327.110s][info][gc,metaspace   ] GC(2226) Metaspace: 14287K(15232K)->14287K(15232K) NonClass: 12327K(12928K)->12327K(12928K) Class: 1959K(2304K)->1959K(2304K)
[327.110s][info][gc             ] GC(2226) Pause Young (Allocation Failure) 153M->16M(494M) 26.494ms
[327.110s][info][gc,cpu         ] GC(2226) User=0.02s Sys=0.00s Real=0.02s
[327.225s][info][gc,start       ] GC(2227) Pause Young (Allocation Failure)
[327.251s][info][gc,heap        ] GC(2227) DefNew: 140062K(157248K)->287K(157248K) Eden: 139776K(139776K)->0K(139776K) From: 286K(17472K)->287K(17472K)
[327.251s][info][gc,heap        ] GC(2227) Tenured: 17097K(349568K)->17115K(349568K)
[327.251s][info][gc,metaspace   ] GC(2227) Metaspace: 14287K(15232K)->14287K(15232K) NonClass: 12327K(12928K)->12327K(12928K) Class: 1959K(2304K)->1959K(2304K)
[327.251s][info][gc             ] GC(2227) Pause Young (Allocation Failure) 153M->16M(494M) 25.429ms
[327.251s][info][gc,cpu         ] GC(2227) User=0.00s Sys=0.00s Real=0.01s
[327.443s][info][gc,start       ] GC(2228) Pause Young (Allocation Failure)
[327.475s][info][gc,heap        ] GC(2228) DefNew: 140063K(157248K)->288K(157248K) Eden: 139776K(139776K)->0K(139776K) From: 287K(17472K)->288K(17472K)
[327.475s][info][gc,heap        ] GC(2228) Tenured: 17115K(349568K)->17132K(349568K)
[327.475s][info][gc,metaspace   ] GC(2228) Metaspace: 14287K(15232K)->14287K(15232K) NonClass: 12327K(12928K)->12327K(12928K) Class: 1959K(2304K)->1959K(2304K)
[327.475s][info][gc             ] GC(2228) Pause Young (Allocation Failure) 153M->17M(494M) 31.599ms
[327.475s][info][gc,cpu         ] GC(2228) User=0.03s Sys=0.00s Real=0.03s
[327.594s][info][gc,start       ] GC(2229) Pause Young (Allocation Failure)
[327.626s][info][gc,heap        ] GC(2229) DefNew: 140064K(157248K)->288K(157248K) Eden: 139776K(139776K)->0K(139776K) From: 288K(17472K)->288K(17472K)
[327.626s][info][gc,heap        ] GC(2229) Tenured: 17132K(349568K)->17153K(349568K)
[327.626s][info][gc,metaspace   ] GC(2229) Metaspace: 14287K(15232K)->14287K(15232K) NonClass: 12327K(12928K)->12327K(12928K) Class: 1959K(2304K)->1959K(2304K)
[327.626s][info][gc             ] GC(2229) Pause Young (Allocation Failure) 153M->17M(494M) 32.492ms
[327.626s][info][gc,cpu         ] GC(2229) User=0.03s Sys=0.00s Real=0.03s
[327.743s][info][gc,start       ] GC(2230) Pause Young (Allocation Failure)
[327.774s][info][gc,heap        ] GC(2230) DefNew: 140064K(157248K)->290K(157248K) Eden: 139776K(139776K)->0K(139776K) From: 288K(17472K)->290K(17472K)
[327.774s][info][gc,heap        ] GC(2230) Tenured: 17153K(349568K)->17170K(349568K)
[327.774s][info][gc,metaspace   ] GC(2230) Metaspace: 14287K(15232K)->14287K(15232K) NonClass: 12327K(12928K)->12327K(12928K) Class: 1959K(2304K)->1959K(2304K)
[327.774s][info][gc             ] GC(2230) Pause Young (Allocation Failure) 153M->17M(494M) 31.396ms
[327.774s][info][gc,cpu         ] GC(2230) User=0.02s Sys=0.00s Real=0.02s
[327.893s][info][gc,start       ] GC(2231) Pause Young (Allocation Failure)
[327.922s][info][gc,heap        ] GC(2231) DefNew: 140066K(157248K)->294K(157248K) Eden: 139776K(139776K)->0K(139776K) From: 290K(17472K)->294K(17472K)
[327.922s][info][gc,heap        ] GC(2231) Tenured: 17170K(349568K)->17188K(349568K)
[327.922s][info][gc,metaspace   ] GC(2231) Metaspace: 14287K(15232K)->14287K(15232K) NonClass: 12327K(12928K)->12327K(12928K) Class: 1959K(2304K)->1959K(2304K)
[327.922s][info][gc             ] GC(2231) Pause Young (Allocation Failure) 153M->17M(494M) 29.178ms
[327.922s][info][gc,cpu         ] GC(2231) User=0.02s Sys=0.00s Real=0.02s
[328.051s][info][gc,start       ] GC(2232) Pause Young (Allocation Failure)
[328.080s][info][gc,heap        ] GC(2232) DefNew: 140070K(157248K)->296K(157248K) Eden: 139776K(139776K)->0K(139776K) From: 294K(17472K)->296K(17472K)
[328.080s][info][gc,heap        ] GC(2232) Tenured: 17188K(349568K)->17206K(349568K)
[328.080s][info][gc,metaspace   ] GC(2232) Metaspace: 14287K(15232K)->14287K(15232K) NonClass: 12327K(12928K)->12327K(12928K) Class: 1959K(2304K)->1959K(2304K)
[328.080s][info][gc             ] GC(2232) Pause Young (Allocation Failure) 153M->17M(494M) 28.128ms
[328.080s][info][gc,cpu         ] GC(2232) User=0.03s Sys=0.00s Real=0.03s
[328.201s][info][gc,start       ] GC(2233) Pause Young (Allocation Failure)
[328.222s][info][gc,heap        ] GC(2233) DefNew: 140072K(157248K)->300K(157248K) Eden: 139776K(139776K)->0K(139776K) From: 296K(17472K)->300K(17472K)
[328.222s][info][gc,heap        ] GC(2233) Tenured: 17206K(349568K)->17224K(349568K)
[328.222s][info][gc,metaspace   ] GC(2233) Metaspace: 14287K(15232K)->14287K(15232K) NonClass: 12327K(12928K)->12327K(12928K) Class: 1959K(2304K)->1959K(2304K)
[328.222s][info][gc             ] GC(2233) Pause Young (Allocation Failure) 153M->17M(494M) 20.990ms
[328.222s][info][gc,cpu         ] GC(2233) User=0.02s Sys=0.00s Real=0.02s
[328.333s][info][gc,start       ] GC(2234) Pause Young (Allocation Failure)
[328.354s][info][gc,heap        ] GC(2234) DefNew: 140076K(157248K)->299K(157248K) Eden: 139776K(139776K)->0K(139776K) From: 300K(17472K)->299K(17472K)
[328.354s][info][gc,heap        ] GC(2234) Tenured: 17224K(349568K)->17241K(349568K)
[328.354s][info][gc,metaspace   ] GC(2234) Metaspace: 14287K(15232K)->14287K(15232K) NonClass: 12327K(12928K)->12327K(12928K) Class: 1959K(2304K)->1959K(2304K)
[328.354s][info][gc             ] GC(2234) Pause Young (Allocation Failure) 153M->17M(494M) 21.523ms
[328.354s][info][gc,cpu         ] GC(2234) User=0.03s Sys=0.00s Real=0.02s
[328.463s][info][gc,start       ] GC(2235) Pause Young (Allocation Failure)
[328.492s][info][gc,heap        ] GC(2235) DefNew: 140075K(157248K)->296K(157248K) Eden: 139776K(139776K)->0K(139776K) From: 299K(17472K)->296K(17472K)
[328.492s][info][gc,heap        ] GC(2235) Tenured: 17241K(349568K)->17262K(349568K)
[328.492s][info][gc,metaspace   ] GC(2235) Metaspace: 14287K(15232K)->14287K(15232K) NonClass: 12327K(12928K)->12327K(12928K) Class: 1959K(2304K)->1959K(2304K)
[328.492s][info][gc             ] GC(2235) Pause Young (Allocation Failure) 153M->17M(494M) 28.842ms
[328.492s][info][gc,cpu         ] GC(2235) User=0.02s Sys=0.00s Real=0.02s
[328.604s][info][gc,start       ] GC(2236) Pause Young (Allocation Failure)
[328.632s][info][gc,heap        ] GC(2236) DefNew: 140072K(157248K)->297K(157248K) Eden: 139776K(139776K)->0K(139776K) From: 296K(17472K)->297K(17472K)
[328.632s][info][gc,heap        ] GC(2236) Tenured: 17262K(349568K)->17283K(349568K)
[328.632s][info][gc,metaspace   ] GC(2236) Metaspace: 14287K(15232K)->14287K(15232K) NonClass: 12327K(12928K)->12327K(12928K) Class: 1959K(2304K)->1959K(2304K)
[328.632s][info][gc             ] GC(2236) Pause Young (Allocation Failure) 153M->17M(494M) 28.568ms
[328.632s][info][gc,cpu         ] GC(2236) User=0.02s Sys=0.00s Real=0.02s
[328.744s][info][gc,start       ] GC(2237) Pause Young (Allocation Failure)
[328.773s][info][gc,heap        ] GC(2237) DefNew: 140073K(157248K)->300K(157248K) Eden: 139776K(139776K)->0K(139776K) From: 297K(17472K)->300K(17472K)
[328.773s][info][gc,heap        ] GC(2237) Tenured: 17283K(349568K)->17300K(349568K)
[328.773s][info][gc,metaspace   ] GC(2237) Metaspace: 14287K(15232K)->14287K(15232K) NonClass: 12327K(12928K)->12327K(12928K) Class: 1959K(2304K)->1959K(2304K)
[328.773s][info][gc             ] GC(2237) Pause Young (Allocation Failure) 153M->17M(494M) 28.568ms
[328.773s][info][gc,cpu         ] GC(2237) User=0.02s Sys=0.00s Real=0.02s
[328.884s][info][gc,start       ] GC(2238) Pause Young (Allocation Failure)
[328.914s][info][gc,heap        ] GC(2238) DefNew: 140035K(157248K)->300K(157248K) Eden: 139735K(139776K)->0K(139776K) From: 300K(17472K)->300K(17472K)
[328.914s][info][gc,heap        ] GC(2238) Tenured: 17300K(349568K)->17318K(349568K)
[328.914s][info][gc,metaspace   ] GC(2238) Metaspace: 14287K(15232K)->14287K(15232K) NonClass: 12327K(12928K)->12327K(12928K) Class: 1959K(2304K)->1959K(2304K)
[328.914s][info][gc             ] GC(2238) Pause Young (Allocation Failure) 153M->17M(494M) 29.862ms
[328.914s][info][gc,cpu         ] GC(2238) User=0.02s Sys=0.00s Real=0.02s
[329.027s][info][gc,start       ] GC(2239) Pause Young (Allocation Failure)
[329.057s][info][gc,heap        ] GC(2239) DefNew: 140076K(157248K)->299K(157248K) Eden: 139776K(139776K)->0K(139776K) From: 300K(17472K)->299K(17472K)
[329.057s][info][gc,heap        ] GC(2239) Tenured: 17318K(349568K)->17336K(349568K)
[329.057s][info][gc,metaspace   ] GC(2239) Metaspace: 14287K(15232K)->14287K(15232K) NonClass: 12327K(12928K)->12327K(12928K) Class: 1959K(2304K)->1959K(2304K)
[329.057s][info][gc             ] GC(2239) Pause Young (Allocation Failure) 153M->17M(494M) 29.330ms
[329.057s][info][gc,cpu         ] GC(2239) User=0.02s Sys=0.00s Real=0.02s
[329.172s][info][gc,start       ] GC(2240) Pause Young (Allocation Failure)
[329.202s][info][gc,heap        ] GC(2240) DefNew: 140075K(157248K)->303K(157248K) Eden: 139775K(139776K)->0K(139776K) From: 299K(17472K)->303K(17472K)
[329.202s][info][gc,heap        ] GC(2240) Tenured: 17336K(349568K)->17353K(349568K)
[329.202s][info][gc,metaspace   ] GC(2240) Metaspace: 14287K(15232K)->14287K(15232K) NonClass: 12327K(12928K)->12327K(12928K) Class: 1959K(2304K)->1959K(2304K)
[329.202s][info][gc             ] GC(2240) Pause Young (Allocation Failure) 153M->17M(494M) 29.801ms
[329.202s][info][gc,cpu         ] GC(2240) User=0.03s Sys=0.00s Real=0.03s
[329.319s][info][gc,start       ] GC(2241) Pause Young (Allocation Failure)
[329.350s][info][gc,heap        ] GC(2241) DefNew: 140079K(157248K)->301K(157248K) Eden: 139776K(139776K)->0K(139776K) From: 303K(17472K)->301K(17472K)
[329.350s][info][gc,heap        ] GC(2241) Tenured: 17353K(349568K)->17374K(349568K)
[329.350s][info][gc,metaspace   ] GC(2241) Metaspace: 14287K(15232K)->14287K(15232K) NonClass: 12327K(12928K)->12327K(12928K) Class: 1959K(2304K)->1959K(2304K)
[329.350s][info][gc             ] GC(2241) Pause Young (Allocation Failure) 153M->17M(494M) 31.074ms
[329.350s][info][gc,cpu         ] GC(2241) User=0.02s Sys=0.02s Real=0.03s
[329.471s][info][gc,start       ] GC(2242) Pause Young (Allocation Failure)
[329.501s][info][gc,heap        ] GC(2242) DefNew: 140077K(157248K)->299K(157248K) Eden: 139776K(139776K)->0K(139776K) From: 301K(17472K)->299K(17472K)
[329.501s][info][gc,heap        ] GC(2242) Tenured: 17374K(349568K)->17394K(349568K)
[329.501s][info][gc,metaspace   ] GC(2242) Metaspace: 14287K(15232K)->14287K(15232K) NonClass: 12327K(12928K)->12327K(12928K) Class: 1959K(2304K)->1959K(2304K)
[329.501s][info][gc             ] GC(2242) Pause Young (Allocation Failure) 153M->17M(494M) 30.183ms
[329.501s][info][gc,cpu         ] GC(2242) User=0.03s Sys=0.00s Real=0.03s
[329.619s][info][gc,start       ] GC(2243) Pause Young (Allocation Failure)
[329.651s][info][gc,heap        ] GC(2243) DefNew: 140075K(157248K)->299K(157248K) Eden: 139776K(139776K)->0K(139776K) From: 299K(17472K)->299K(17472K)
[329.651s][info][gc,heap        ] GC(2243) Tenured: 17394K(349568K)->17412K(349568K)
[329.651s][info][gc,metaspace   ] GC(2243) Metaspace: 14287K(15232K)->14287K(15232K) NonClass: 12327K(12928K)->12327K(12928K) Class: 1959K(2304K)->1959K(2304K)
[329.651s][info][gc             ] GC(2243) Pause Young (Allocation Failure) 153M->17M(494M) 32.187ms
[329.651s][info][gc,cpu         ] GC(2243) User=0.02s Sys=0.00s Real=0.02s
[329.771s][info][gc,start       ] GC(2244) Pause Young (Allocation Failure)
[329.796s][info][gc,heap        ] GC(2244) DefNew: 140075K(157248K)->299K(157248K) Eden: 139776K(139776K)->0K(139776K) From: 299K(17472K)->299K(17472K)
[329.796s][info][gc,heap        ] GC(2244) Tenured: 17412K(349568K)->17432K(349568K)
[329.796s][info][gc,metaspace   ] GC(2244) Metaspace: 14287K(15232K)->14287K(15232K) NonClass: 12327K(12928K)->12327K(12928K) Class: 1959K(2304K)->1959K(2304K)
[329.796s][info][gc             ] GC(2244) Pause Young (Allocation Failure) 153M->17M(494M) 24.668ms
[329.796s][info][gc,cpu         ] GC(2244) User=0.02s Sys=0.00s Real=0.01s
[329.913s][info][gc,start       ] GC(2245) Pause Young (Allocation Failure)
[329.937s][info][gc,heap        ] GC(2245) DefNew: 140075K(157248K)->298K(157248K) Eden: 139776K(139776K)->0K(139776K) From: 299K(17472K)->298K(17472K)
[329.937s][info][gc,heap        ] GC(2245) Tenured: 17432K(349568K)->17453K(349568K)
[329.937s][info][gc,metaspace   ] GC(2245) Metaspace: 14287K(15232K)->14287K(15232K) NonClass: 12327K(12928K)->12327K(12928K) Class: 1959K(2304K)->1959K(2304K)
[329.937s][info][gc             ] GC(2245) Pause Young (Allocation Failure) 153M->17M(494M) 24.206ms
[329.937s][info][gc,cpu         ] GC(2245) User=0.02s Sys=0.00s Real=0.02s
[330.055s][info][gc,start       ] GC(2246) Pause Young (Allocation Failure)
[330.087s][info][gc,heap        ] GC(2246) DefNew: 140074K(157248K)->299K(157248K) Eden: 139776K(139776K)->0K(139776K) From: 298K(17472K)->299K(17472K)
[330.087s][info][gc,heap        ] GC(2246) Tenured: 17453K(349568K)->17473K(349568K)
[330.087s][info][gc,metaspace   ] GC(2246) Metaspace: 14287K(15232K)->14287K(15232K) NonClass: 12327K(12928K)->12327K(12928K) Class: 1959K(2304K)->1959K(2304K)
[330.087s][info][gc             ] GC(2246) Pause Young (Allocation Failure) 153M->17M(494M) 32.916ms
[330.088s][info][gc,cpu         ] GC(2246) User=0.03s Sys=0.00s Real=0.03s
[330.207s][info][gc,start       ] GC(2247) Pause Young (Allocation Failure)
[330.241s][info][gc,heap        ] GC(2247) DefNew: 140075K(157248K)->299K(157248K) Eden: 139776K(139776K)->0K(139776K) From: 299K(17472K)->299K(17472K)
[330.241s][info][gc,heap        ] GC(2247) Tenured: 17473K(349568K)->17494K(349568K)
[330.241s][info][gc,metaspace   ] GC(2247) Metaspace: 14287K(15232K)->14287K(15232K) NonClass: 12327K(12928K)->12327K(12928K) Class: 1959K(2304K)->1959K(2304K)
[330.241s][info][gc             ] GC(2247) Pause Young (Allocation Failure) 153M->17M(494M) 33.955ms
[330.241s][info][gc,cpu         ] GC(2247) User=0.03s Sys=0.00s Real=0.03s
[330.362s][info][gc,start       ] GC(2248) Pause Young (Allocation Failure)
[330.396s][info][gc,heap        ] GC(2248) DefNew: 140047K(157248K)->299K(157248K) Eden: 139747K(139776K)->0K(139776K) From: 299K(17472K)->299K(17472K)
[330.396s][info][gc,heap        ] GC(2248) Tenured: 17494K(349568K)->17515K(349568K)
[330.396s][info][gc,metaspace   ] GC(2248) Metaspace: 14287K(15232K)->14287K(15232K) NonClass: 12327K(12928K)->12327K(12928K) Class: 1959K(2304K)->1959K(2304K)
[330.396s][info][gc             ] GC(2248) Pause Young (Allocation Failure) 153M->17M(494M) 33.383ms
[330.396s][info][gc,cpu         ] GC(2248) User=0.03s Sys=0.00s Real=0.02s
[330.518s][info][gc,start       ] GC(2249) Pause Young (Allocation Failure)
[330.552s][info][gc,heap        ] GC(2249) DefNew: 140075K(157248K)->301K(157248K) Eden: 139776K(139776K)->0K(139776K) From: 299K(17472K)->301K(17472K)
[330.552s][info][gc,heap        ] GC(2249) Tenured: 17515K(349568K)->17533K(349568K)
[330.552s][info][gc,metaspace   ] GC(2249) Metaspace: 14287K(15232K)->14287K(15232K) NonClass: 12327K(12928K)->12327K(12928K) Class: 1959K(2304K)->1959K(2304K)
[330.552s][info][gc             ] GC(2249) Pause Young (Allocation Failure) 153M->17M(494M) 33.430ms
[330.552s][info][gc,cpu         ] GC(2249) User=0.03s Sys=0.00s Real=0.02s
[330.672s][info][gc,start       ] GC(2250) Pause Young (Allocation Failure)
[330.705s][info][gc,heap        ] GC(2250) DefNew: 140077K(157248K)->304K(157248K) Eden: 139776K(139776K)->0K(139776K) From: 301K(17472K)->304K(17472K)
[330.706s][info][gc,heap        ] GC(2250) Tenured: 17533K(349568K)->17550K(349568K)
[330.706s][info][gc,metaspace   ] GC(2250) Metaspace: 14287K(15232K)->14287K(15232K) NonClass: 12327K(12928K)->12327K(12928K) Class: 1959K(2304K)->1959K(2304K)
[330.706s][info][gc             ] GC(2250) Pause Young (Allocation Failure) 153M->17M(494M) 34.058ms
[330.706s][info][gc,cpu         ] GC(2250) User=0.03s Sys=0.00s Real=0.03s
[330.828s][info][gc,start       ] GC(2251) Pause Young (Allocation Failure)
[330.863s][info][gc,heap        ] GC(2251) DefNew: 140080K(157248K)->303K(157248K) Eden: 139776K(139776K)->0K(139776K) From: 304K(17472K)->303K(17472K)
[330.863s][info][gc,heap        ] GC(2251) Tenured: 17550K(349568K)->17571K(349568K)
[330.863s][info][gc,metaspace   ] GC(2251) Metaspace: 14287K(15232K)->14287K(15232K) NonClass: 12327K(12928K)->12327K(12928K) Class: 1959K(2304K)->1959K(2304K)
[330.863s][info][gc             ] GC(2251) Pause Young (Allocation Failure) 153M->17M(494M) 34.425ms
[330.863s][info][gc,cpu         ] GC(2251) User=0.03s Sys=0.00s Real=0.02s
[330.988s][info][gc,start       ] GC(2252) Pause Young (Allocation Failure)
[331.025s][info][gc,heap        ] GC(2252) DefNew: 140079K(157248K)->302K(157248K) Eden: 139776K(139776K)->0K(139776K) From: 303K(17472K)->302K(17472K)
[331.025s][info][gc,heap        ] GC(2252) Tenured: 17571K(349568K)->17592K(349568K)
[331.025s][info][gc,metaspace   ] GC(2252) Metaspace: 14287K(15232K)->14287K(15232K) NonClass: 12327K(12928K)->12327K(12928K) Class: 1959K(2304K)->1959K(2304K)
[331.025s][info][gc             ] GC(2252) Pause Young (Allocation Failure) 153M->17M(494M) 36.576ms
[331.025s][info][gc,cpu         ] GC(2252) User=0.05s Sys=0.00s Real=0.04s
[331.153s][info][gc,start       ] GC(2253) Pause Young (Allocation Failure)
[331.189s][info][gc,heap        ] GC(2253) DefNew: 140078K(157248K)->305K(157248K) Eden: 139776K(139776K)->0K(139776K) From: 302K(17472K)->305K(17472K)
[331.189s][info][gc,heap        ] GC(2253) Tenured: 17592K(349568K)->17610K(349568K)
[331.189s][info][gc,metaspace   ] GC(2253) Metaspace: 14287K(15232K)->14287K(15232K) NonClass: 12327K(12928K)->12327K(12928K) Class: 1959K(2304K)->1959K(2304K)
[331.189s][info][gc             ] GC(2253) Pause Young (Allocation Failure) 153M->17M(494M) 35.945ms
[331.189s][info][gc,cpu         ] GC(2253) User=0.03s Sys=0.00s Real=0.03s
[331.321s][info][gc,start       ] GC(2254) Pause Young (Allocation Failure)
[331.358s][info][gc,heap        ] GC(2254) DefNew: 140081K(157248K)->310K(157248K) Eden: 139776K(139776K)->0K(139776K) From: 305K(17472K)->310K(17472K)
[331.358s][info][gc,heap        ] GC(2254) Tenured: 17610K(349568K)->17628K(349568K)
[331.358s][info][gc,metaspace   ] GC(2254) Metaspace: 14287K(15232K)->14287K(15232K) NonClass: 12327K(12928K)->12327K(12928K) Class: 1959K(2304K)->1959K(2304K)
[331.358s][info][gc             ] GC(2254) Pause Young (Allocation Failure) 153M->17M(494M) 36.444ms
[331.358s][info][gc,cpu         ] GC(2254) User=0.03s Sys=0.00s Real=0.03s
[331.521s][info][gc,start       ] GC(2255) Pause Young (Allocation Failure)
[331.563s][info][gc,heap        ] GC(2255) DefNew: 140086K(157248K)->312K(157248K) Eden: 139776K(139776K)->0K(139776K) From: 310K(17472K)->312K(17472K)
[331.563s][info][gc,heap        ] GC(2255) Tenured: 17628K(349568K)->17648K(349568K)
[331.563s][info][gc,metaspace   ] GC(2255) Metaspace: 14287K(15232K)->14287K(15232K) NonClass: 12327K(12928K)->12327K(12928K) Class: 1959K(2304K)->1959K(2304K)
[331.563s][info][gc             ] GC(2255) Pause Young (Allocation Failure) 154M->17M(494M) 41.804ms
[331.563s][info][gc,cpu         ] GC(2255) User=0.03s Sys=0.00s Real=0.03s
[331.698s][info][gc,start       ] GC(2256) Pause Young (Allocation Failure)
[331.735s][info][gc,heap        ] GC(2256) DefNew: 140088K(157248K)->317K(157248K) Eden: 139776K(139776K)->0K(139776K) From: 312K(17472K)->317K(17472K)
[331.735s][info][gc,heap        ] GC(2256) Tenured: 17648K(349568K)->17666K(349568K)
[331.735s][info][gc,metaspace   ] GC(2256) Metaspace: 14287K(15232K)->14287K(15232K) NonClass: 12327K(12928K)->12327K(12928K) Class: 1959K(2304K)->1959K(2304K)
[331.735s][info][gc             ] GC(2256) Pause Young (Allocation Failure) 154M->17M(494M) 36.980ms
[331.735s][info][gc,cpu         ] GC(2256) User=0.03s Sys=0.00s Real=0.03s
[331.874s][info][gc,start       ] GC(2257) Pause Young (Allocation Failure)
[331.912s][info][gc,heap        ] GC(2257) DefNew: 140093K(157248K)->320K(157248K) Eden: 139776K(139776K)->0K(139776K) From: 317K(17472K)->320K(17472K)
[331.912s][info][gc,heap        ] GC(2257) Tenured: 17666K(349568K)->17686K(349568K)
[331.912s][info][gc,metaspace   ] GC(2257) Metaspace: 14287K(15232K)->14287K(15232K) NonClass: 12327K(12928K)->12327K(12928K) Class: 1959K(2304K)->1959K(2304K)
[331.913s][info][gc             ] GC(2257) Pause Young (Allocation Failure) 154M->17M(494M) 38.440ms
[331.913s][info][gc,cpu         ] GC(2257) User=0.03s Sys=0.00s Real=0.04s
[332.051s][info][gc,start       ] GC(2258) Pause Young (Allocation Failure)
[332.082s][info][gc,heap        ] GC(2258) DefNew: 140096K(157248K)->325K(157248K) Eden: 139776K(139776K)->0K(139776K) From: 320K(17472K)->325K(17472K)
[332.082s][info][gc,heap        ] GC(2258) Tenured: 17686K(349568K)->17704K(349568K)
[332.082s][info][gc,metaspace   ] GC(2258) Metaspace: 14287K(15232K)->14287K(15232K) NonClass: 12327K(12928K)->12327K(12928K) Class: 1959K(2304K)->1959K(2304K)
[332.082s][info][gc             ] GC(2258) Pause Young (Allocation Failure) 154M->17M(494M) 30.883ms
[332.082s][info][gc,cpu         ] GC(2258) User=0.03s Sys=0.00s Real=0.03s
[332.213s][info][gc,start       ] GC(2259) Pause Young (Allocation Failure)
[332.243s][info][gc,heap        ] GC(2259) DefNew: 140101K(157248K)->328K(157248K) Eden: 139776K(139776K)->0K(139776K) From: 325K(17472K)->328K(17472K)
[332.243s][info][gc,heap        ] GC(2259) Tenured: 17704K(349568K)->17724K(349568K)
[332.243s][info][gc,metaspace   ] GC(2259) Metaspace: 14287K(15232K)->14287K(15232K) NonClass: 12327K(12928K)->12327K(12928K) Class: 1959K(2304K)->1959K(2304K)
[332.243s][info][gc             ] GC(2259) Pause Young (Allocation Failure) 154M->17M(494M) 30.101ms
[332.243s][info][gc,cpu         ] GC(2259) User=0.03s Sys=0.00s Real=0.03s
[332.363s][info][gc,start       ] GC(2260) Pause Young (Allocation Failure)
[332.394s][info][gc,heap        ] GC(2260) DefNew: 140104K(157248K)->327K(157248K) Eden: 139776K(139776K)->0K(139776K) From: 328K(17472K)->327K(17472K)
[332.394s][info][gc,heap        ] GC(2260) Tenured: 17724K(349568K)->17744K(349568K)
[332.394s][info][gc,metaspace   ] GC(2260) Metaspace: 14287K(15232K)->14287K(15232K) NonClass: 12327K(12928K)->12327K(12928K) Class: 1959K(2304K)->1959K(2304K)
[332.394s][info][gc             ] GC(2260) Pause Young (Allocation Failure) 154M->17M(494M) 31.005ms
[332.394s][info][gc,cpu         ] GC(2260) User=0.03s Sys=0.00s Real=0.02s
[332.492s][info][gc,start       ] GC(2261) Pause Young (Allocation Failure)
[332.521s][info][gc,heap        ] GC(2261) DefNew: 140103K(157248K)->323K(157248K) Eden: 139776K(139776K)->0K(139776K) From: 327K(17472K)->323K(17472K)
[332.521s][info][gc,heap        ] GC(2261) Tenured: 17744K(349568K)->17765K(349568K)
[332.521s][info][gc,metaspace   ] GC(2261) Metaspace: 14287K(15232K)->14287K(15232K) NonClass: 12327K(12928K)->12327K(12928K) Class: 1959K(2304K)->1959K(2304K)
[332.521s][info][gc             ] GC(2261) Pause Young (Allocation Failure) 154M->17M(494M) 29.463ms
[332.521s][info][gc,cpu         ] GC(2261) User=0.02s Sys=0.00s Real=0.03s
[332.604s][info][gc,start       ] GC(2262) Pause Young (Allocation Failure)
[332.628s][info][gc,heap        ] GC(2262) DefNew: 140099K(157248K)->316K(157248K) Eden: 139776K(139776K)->0K(139776K) From: 323K(17472K)->316K(17472K)
[332.628s][info][gc,heap        ] GC(2262) Tenured: 17765K(349568K)->17786K(349568K)
[332.628s][info][gc,metaspace   ] GC(2262) Metaspace: 14287K(15232K)->14287K(15232K) NonClass: 12327K(12928K)->12327K(12928K) Class: 1959K(2304K)->1959K(2304K)
[332.628s][info][gc             ] GC(2262) Pause Young (Allocation Failure) 154M->17M(494M) 23.820ms
[332.628s][info][gc,cpu         ] GC(2262) User=0.02s Sys=0.00s Real=0.02s
[332.715s][info][gc,start       ] GC(2263) Pause Young (Allocation Failure)
[332.737s][info][gc,heap        ] GC(2263) DefNew: 140092K(157248K)->309K(157248K) Eden: 139776K(139776K)->0K(139776K) From: 316K(17472K)->309K(17472K)
[332.737s][info][gc,heap        ] GC(2263) Tenured: 17786K(349568K)->17807K(349568K)
[332.737s][info][gc,metaspace   ] GC(2263) Metaspace: 14287K(15232K)->14287K(15232K) NonClass: 12327K(12928K)->12327K(12928K) Class: 1959K(2304K)->1959K(2304K)
[332.737s][info][gc             ] GC(2263) Pause Young (Allocation Failure) 154M->17M(494M) 22.451ms
[332.737s][info][gc,cpu         ] GC(2263) User=0.02s Sys=0.00s Real=0.02s
[332.850s][info][gc,start       ] GC(2264) Pause Young (Allocation Failure)
[332.872s][info][gc,heap        ] GC(2264) DefNew: 140085K(157248K)->307K(157248K) Eden: 139776K(139776K)->0K(139776K) From: 309K(17472K)->307K(17472K)
[332.872s][info][gc,heap        ] GC(2264) Tenured: 17807K(349568K)->17827K(349568K)
[332.873s][info][gc,metaspace   ] GC(2264) Metaspace: 14287K(15232K)->14287K(15232K) NonClass: 12327K(12928K)->12327K(12928K) Class: 1959K(2304K)->1959K(2304K)
[332.873s][info][gc             ] GC(2264) Pause Young (Allocation Failure) 154M->17M(494M) 22.901ms
[332.873s][info][gc,cpu         ] GC(2264) User=0.02s Sys=0.00s Real=0.01s
[333.022s][info][gc,start       ] GC(2265) Pause Young (Allocation Failure)
[333.051s][info][gc,heap        ] GC(2265) DefNew: 140083K(157248K)->310K(157248K) Eden: 139776K(139776K)->0K(139776K) From: 307K(17472K)->310K(17472K)
[333.051s][info][gc,heap        ] GC(2265) Tenured: 17827K(349568K)->17848K(349568K)
[333.051s][info][gc,metaspace   ] GC(2265) Metaspace: 14287K(15232K)->14287K(15232K) NonClass: 12327K(12928K)->12327K(12928K) Class: 1959K(2304K)->1959K(2304K)
[333.051s][info][gc             ] GC(2265) Pause Young (Allocation Failure) 154M->17M(494M) 28.911ms
[333.051s][info][gc,cpu         ] GC(2265) User=0.02s Sys=0.00s Real=0.02s
[333.252s][info][gc,start       ] GC(2266) Pause Young (Allocation Failure)
[333.280s][info][gc,heap        ] GC(2266) DefNew: 140086K(157248K)->329K(157248K) Eden: 139776K(139776K)->0K(139776K) From: 310K(17472K)->329K(17472K)
[333.280s][info][gc,heap        ] GC(2266) Tenured: 17848K(349568K)->17868K(349568K)
[333.280s][info][gc,metaspace   ] GC(2266) Metaspace: 14287K(15232K)->14287K(15232K) NonClass: 12327K(12928K)->12327K(12928K) Class: 1959K(2304K)->1959K(2304K)
[333.280s][info][gc             ] GC(2266) Pause Young (Allocation Failure) 154M->17M(494M) 28.283ms
[333.280s][info][gc,cpu         ] GC(2266) User=0.03s Sys=0.00s Real=0.03s
[333.420s][info][gc,start       ] GC(2267) Pause Full (System.gc())
[333.420s][info][gc,phases,start] GC(2267) Phase 1: Mark live objects
[333.454s][info][gc,phases      ] GC(2267) Phase 1: Mark live objects 34.111ms
[333.454s][info][gc,phases,start] GC(2267) Phase 2: Compute new object addresses
[333.470s][info][gc,phases      ] GC(2267) Phase 2: Compute new object addresses 15.427ms
[333.470s][info][gc,phases,start] GC(2267) Phase 3: Adjust pointers
[333.491s][info][gc,phases      ] GC(2267) Phase 3: Adjust pointers 21.007ms
[333.491s][info][gc,phases,start] GC(2267) Phase 4: Move objects
[333.491s][info][gc,phases      ] GC(2267) Phase 4: Move objects 0.012ms
[333.491s][info][gc,heap        ] GC(2267) DefNew: 56672K(157248K)->0K(157248K) Eden: 56343K(139776K)->0K(139776K) From: 329K(17472K)->0K(17472K)
[333.491s][info][gc,heap        ] GC(2267) Tenured: 17868K(349568K)->17868K(349568K)
[333.491s][info][gc,metaspace   ] GC(2267) Metaspace: 14287K(15232K)->14287K(15232K) NonClass: 12327K(12928K)->12327K(12928K) Class: 1959K(2304K)->1959K(2304K)
[333.491s][info][gc             ] GC(2267) Pause Full (System.gc()) 72M->17M(494M) 70.931ms
[333.491s][info][gc,cpu         ] GC(2267) User=0.06s Sys=0.00s Real=0.06s
[333.584s][info][gc,start       ] GC(2268) Pause Young (Allocation Failure)
[333.615s][info][gc,heap        ] GC(2268) DefNew: 139776K(157248K)->1477K(157248K) Eden: 139776K(139776K)->0K(139776K) From: 0K(17472K)->1477K(17472K)
[333.615s][info][gc,heap        ] GC(2268) Tenured: 17868K(349568K)->17868K(349568K)
[333.615s][info][gc,metaspace   ] GC(2268) Metaspace: 14290K(15232K)->14290K(15232K) NonClass: 12330K(12928K)->12330K(12928K) Class: 1959K(2304K)->1959K(2304K)
[333.615s][info][gc             ] GC(2268) Pause Young (Allocation Failure) 153M->18M(494M) 31.177ms
[333.615s][info][gc,cpu         ] GC(2268) User=0.03s Sys=0.00s Real=0.03s
[333.727s][info][gc,start       ] GC(2269) Pause Young (Allocation Failure)
[333.760s][info][gc,heap        ] GC(2269) DefNew: 141253K(157248K)->1495K(157248K) Eden: 139776K(139776K)->0K(139776K) From: 1477K(17472K)->1495K(17472K)
[333.761s][info][gc,heap        ] GC(2269) Tenured: 17868K(349568K)->17868K(349568K)
[333.761s][info][gc,metaspace   ] GC(2269) Metaspace: 14290K(15232K)->14290K(15232K) NonClass: 12330K(12928K)->12330K(12928K) Class: 1959K(2304K)->1959K(2304K)
[333.761s][info][gc             ] GC(2269) Pause Young (Allocation Failure) 155M->18M(494M) 33.241ms
[333.761s][info][gc,cpu         ] GC(2269) User=0.03s Sys=0.00s Real=0.03s
[333.874s][info][gc,start       ] GC(2270) Pause Young (Allocation Failure)
[333.907s][info][gc,heap        ] GC(2270) DefNew: 141271K(157248K)->1512K(157248K) Eden: 139776K(139776K)->0K(139776K) From: 1495K(17472K)->1512K(17472K)
[333.907s][info][gc,heap        ] GC(2270) Tenured: 17868K(349568K)->17868K(349568K)
[333.907s][info][gc,metaspace   ] GC(2270) Metaspace: 14290K(15232K)->14290K(15232K) NonClass: 12330K(12928K)->12330K(12928K) Class: 1959K(2304K)->1959K(2304K)
[333.907s][info][gc             ] GC(2270) Pause Young (Allocation Failure) 155M->18M(494M) 32.719ms
[333.907s][info][gc,cpu         ] GC(2270) User=0.02s Sys=0.00s Real=0.02s
[334.021s][info][gc,start       ] GC(2271) Pause Young (Allocation Failure)
[334.055s][info][gc,heap        ] GC(2271) DefNew: 141288K(157248K)->1530K(157248K) Eden: 139775K(139776K)->0K(139776K) From: 1512K(17472K)->1530K(17472K)
[334.055s][info][gc,heap        ] GC(2271) Tenured: 17868K(349568K)->17868K(349568K)
[334.055s][info][gc,metaspace   ] GC(2271) Metaspace: 14290K(15232K)->14290K(15232K) NonClass: 12330K(12928K)->12330K(12928K) Class: 1959K(2304K)->1959K(2304K)
[334.055s][info][gc             ] GC(2271) Pause Young (Allocation Failure) 155M->18M(494M) 34.168ms
[334.055s][info][gc,cpu         ] GC(2271) User=0.05s Sys=0.00s Real=0.03s
[334.167s][info][gc,start       ] GC(2272) Pause Young (Allocation Failure)
[334.191s][info][gc,heap        ] GC(2272) DefNew: 141306K(157248K)->1548K(157248K) Eden: 139775K(139776K)->0K(139776K) From: 1530K(17472K)->1548K(17472K)
[334.191s][info][gc,heap        ] GC(2272) Tenured: 17868K(349568K)->17868K(349568K)
[334.191s][info][gc,metaspace   ] GC(2272) Metaspace: 14290K(15232K)->14290K(15232K) NonClass: 12330K(12928K)->12330K(12928K) Class: 1959K(2304K)->1959K(2304K)
[334.191s][info][gc             ] GC(2272) Pause Young (Allocation Failure) 155M->18M(494M) 24.648ms
[334.192s][info][gc,cpu         ] GC(2272) User=0.02s Sys=0.00s Real=0.02s
[334.306s][info][gc,start       ] GC(2273) Pause Young (Allocation Failure)
[334.331s][info][gc,heap        ] GC(2273) DefNew: 141324K(157248K)->1566K(157248K) Eden: 139776K(139776K)->0K(139776K) From: 1548K(17472K)->1566K(17472K)
[334.331s][info][gc,heap        ] GC(2273) Tenured: 17868K(349568K)->17868K(349568K)
[334.331s][info][gc,metaspace   ] GC(2273) Metaspace: 14290K(15232K)->14290K(15232K) NonClass: 12330K(12928K)->12330K(12928K) Class: 1959K(2304K)->1959K(2304K)
[334.331s][info][gc             ] GC(2273) Pause Young (Allocation Failure) 155M->18M(494M) 25.375ms
[334.331s][info][gc,cpu         ] GC(2273) User=0.02s Sys=0.00s Real=0.03s
[334.441s][info][gc,start       ] GC(2274) Pause Young (Allocation Failure)
[334.475s][info][gc,heap        ] GC(2274) DefNew: 141342K(157248K)->1584K(157248K) Eden: 139776K(139776K)->0K(139776K) From: 1566K(17472K)->1584K(17472K)
[334.475s][info][gc,heap        ] GC(2274) Tenured: 17868K(349568K)->17868K(349568K)
[334.475s][info][gc,metaspace   ] GC(2274) Metaspace: 14290K(15232K)->14290K(15232K) NonClass: 12330K(12928K)->12330K(12928K) Class: 1959K(2304K)->1959K(2304K)
[334.475s][info][gc             ] GC(2274) Pause Young (Allocation Failure) 155M->18M(494M) 33.950ms
[334.475s][info][gc,cpu         ] GC(2274) User=0.03s Sys=0.00s Real=0.02s
[334.666s][info][gc,start       ] GC(2275) Pause Young (Allocation Failure)
[334.703s][info][gc,heap        ] GC(2275) DefNew: 141360K(157248K)->1605K(157248K) Eden: 139776K(139776K)->0K(139776K) From: 1584K(17472K)->1605K(17472K)
[334.703s][info][gc,heap        ] GC(2275) Tenured: 17868K(349568K)->17868K(349568K)
[334.703s][info][gc,metaspace   ] GC(2275) Metaspace: 14290K(15232K)->14290K(15232K) NonClass: 12330K(12928K)->12330K(12928K) Class: 1959K(2304K)->1959K(2304K)
[334.703s][info][gc             ] GC(2275) Pause Young (Allocation Failure) 155M->19M(494M) 36.925ms
[334.703s][info][gc,cpu         ] GC(2275) User=0.03s Sys=0.00s Real=0.03s
[334.825s][info][gc,start       ] GC(2276) Pause Young (Allocation Failure)
[334.857s][info][gc,heap        ] GC(2276) DefNew: 141381K(157248K)->1625K(157248K) Eden: 139776K(139776K)->0K(139776K) From: 1605K(17472K)->1625K(17472K)
[334.857s][info][gc,heap        ] GC(2276) Tenured: 17868K(349568K)->17868K(349568K)
[334.857s][info][gc,metaspace   ] GC(2276) Metaspace: 14290K(15232K)->14290K(15232K) NonClass: 12330K(12928K)->12330K(12928K) Class: 1959K(2304K)->1959K(2304K)
[334.857s][info][gc             ] GC(2276) Pause Young (Allocation Failure) 155M->19M(494M) 32.286ms
[334.857s][info][gc,cpu         ] GC(2276) User=0.03s Sys=0.00s Real=0.03s
[334.981s][info][gc,start       ] GC(2277) Pause Young (Allocation Failure)
[335.011s][info][gc,heap        ] GC(2277) DefNew: 141401K(157248K)->1644K(157248K) Eden: 139775K(139776K)->0K(139776K) From: 1625K(17472K)->1644K(17472K)
[335.011s][info][gc,heap        ] GC(2277) Tenured: 17868K(349568K)->17868K(349568K)
[335.011s][info][gc,metaspace   ] GC(2277) Metaspace: 14290K(15232K)->14290K(15232K) NonClass: 12330K(12928K)->12330K(12928K) Class: 1959K(2304K)->1959K(2304K)
[335.011s][info][gc             ] GC(2277) Pause Young (Allocation Failure) 155M->19M(494M) 30.090ms
[335.011s][info][gc,cpu         ] GC(2277) User=0.03s Sys=0.00s Real=0.03s
[335.133s][info][gc,start       ] GC(2278) Pause Young (Allocation Failure)
[335.155s][info][gc,heap        ] GC(2278) DefNew: 141420K(157248K)->1667K(157248K) Eden: 139776K(139776K)->0K(139776K) From: 1644K(17472K)->1667K(17472K)
[335.155s][info][gc,heap        ] GC(2278) Tenured: 17868K(349568K)->17868K(349568K)
[335.155s][info][gc,metaspace   ] GC(2278) Metaspace: 14290K(15232K)->14290K(15232K) NonClass: 12330K(12928K)->12330K(12928K) Class: 1959K(2304K)->1959K(2304K)
[335.155s][info][gc             ] GC(2278) Pause Young (Allocation Failure) 155M->19M(494M) 21.953ms
[335.155s][info][gc,cpu         ] GC(2278) User=0.00s Sys=0.00s Real=0.01s
[335.272s][info][gc,start       ] GC(2279) Pause Young (Allocation Failure)
[335.301s][info][gc,heap        ] GC(2279) DefNew: 141443K(157248K)->1688K(157248K) Eden: 139776K(139776K)->0K(139776K) From: 1667K(17472K)->1688K(17472K)
[335.301s][info][gc,heap        ] GC(2279) Tenured: 17868K(349568K)->17868K(349568K)
[335.301s][info][gc,metaspace   ] GC(2279) Metaspace: 14290K(15232K)->14290K(15232K) NonClass: 12330K(12928K)->12330K(12928K) Class: 1959K(2304K)->1959K(2304K)
[335.301s][info][gc             ] GC(2279) Pause Young (Allocation Failure) 155M->19M(494M) 28.344ms
[335.301s][info][gc,cpu         ] GC(2279) User=0.00s Sys=0.00s Real=0.02s
[335.424s][info][gc,start       ] GC(2280) Pause Young (Allocation Failure)
[335.451s][info][gc,heap        ] GC(2280) DefNew: 141464K(157248K)->1707K(157248K) Eden: 139776K(139776K)->0K(139776K) From: 1688K(17472K)->1707K(17472K)
[335.451s][info][gc,heap        ] GC(2280) Tenured: 17868K(349568K)->17868K(349568K)
[335.451s][info][gc,metaspace   ] GC(2280) Metaspace: 14290K(15232K)->14290K(15232K) NonClass: 12330K(12928K)->12330K(12928K) Class: 1959K(2304K)->1959K(2304K)
[335.451s][info][gc             ] GC(2280) Pause Young (Allocation Failure) 155M->19M(494M) 26.845ms
[335.451s][info][gc,cpu         ] GC(2280) User=0.03s Sys=0.00s Real=0.03s
[335.574s][info][gc,start       ] GC(2281) Pause Young (Allocation Failure)
[335.603s][info][gc,heap        ] GC(2281) DefNew: 141483K(157248K)->1729K(157248K) Eden: 139776K(139776K)->0K(139776K) From: 1707K(17472K)->1729K(17472K)
[335.603s][info][gc,heap        ] GC(2281) Tenured: 17868K(349568K)->17868K(349568K)
[335.603s][info][gc,metaspace   ] GC(2281) Metaspace: 14290K(15232K)->14290K(15232K) NonClass: 12330K(12928K)->12330K(12928K) Class: 1959K(2304K)->1959K(2304K)
[335.603s][info][gc             ] GC(2281) Pause Young (Allocation Failure) 155M->19M(494M) 28.778ms
[335.603s][info][gc,cpu         ] GC(2281) User=0.02s Sys=0.00s Real=0.02s
[335.715s][info][gc,start       ] GC(2282) Pause Young (Allocation Failure)
[335.743s][info][gc,heap        ] GC(2282) DefNew: 141505K(157248K)->1748K(157248K) Eden: 139776K(139776K)->0K(139776K) From: 1729K(17472K)->1748K(17472K)
[335.743s][info][gc,heap        ] GC(2282) Tenured: 17868K(349568K)->17868K(349568K)
[335.743s][info][gc,metaspace   ] GC(2282) Metaspace: 14290K(15232K)->14290K(15232K) NonClass: 12330K(12928K)->12330K(12928K) Class: 1959K(2304K)->1959K(2304K)
[335.743s][info][gc             ] GC(2282) Pause Young (Allocation Failure) 155M->19M(494M) 28.285ms
[335.743s][info][gc,cpu         ] GC(2282) User=0.02s Sys=0.00s Real=0.02s
[335.858s][info][gc,start       ] GC(2283) Pause Young (Allocation Failure)
[335.886s][info][gc,heap        ] GC(2283) DefNew: 141524K(157248K)->298K(157248K) Eden: 139776K(139776K)->0K(139776K) From: 1748K(17472K)->298K(17472K)
[335.887s][info][gc,heap        ] GC(2283) Tenured: 17868K(349568K)->19337K(349568K)
[335.887s][info][gc,metaspace   ] GC(2283) Metaspace: 14290K(15232K)->14290K(15232K) NonClass: 12330K(12928K)->12330K(12928K) Class: 1959K(2304K)->1959K(2304K)
[335.887s][info][gc             ] GC(2283) Pause Young (Allocation Failure) 155M->19M(494M) 28.933ms
[335.887s][info][gc,cpu         ] GC(2283) User=0.03s Sys=0.00s Real=0.03s
[336.000s][info][gc,start       ] GC(2284) Pause Young (Allocation Failure)
[336.027s][info][gc,heap        ] GC(2284) DefNew: 140074K(157248K)->302K(157248K) Eden: 139776K(139776K)->0K(139776K) From: 298K(17472K)->302K(17472K)
[336.027s][info][gc,heap        ] GC(2284) Tenured: 19337K(349568K)->19355K(349568K)
[336.027s][info][gc,metaspace   ] GC(2284) Metaspace: 14290K(15232K)->14290K(15232K) NonClass: 12330K(12928K)->12330K(12928K) Class: 1959K(2304K)->1959K(2304K)
[336.027s][info][gc             ] GC(2284) Pause Young (Allocation Failure) 155M->19M(494M) 27.650ms
[336.027s][info][gc,cpu         ] GC(2284) User=0.02s Sys=0.00s Real=0.02s
[336.140s][info][gc,start       ] GC(2285) Pause Young (Allocation Failure)
[336.168s][info][gc,heap        ] GC(2285) DefNew: 140078K(157248K)->301K(157248K) Eden: 139776K(139776K)->0K(139776K) From: 302K(17472K)->301K(17472K)
[336.168s][info][gc,heap        ] GC(2285) Tenured: 19355K(349568K)->19373K(349568K)
[336.168s][info][gc,metaspace   ] GC(2285) Metaspace: 14290K(15232K)->14290K(15232K) NonClass: 12330K(12928K)->12330K(12928K) Class: 1959K(2304K)->1959K(2304K)
[336.168s][info][gc             ] GC(2285) Pause Young (Allocation Failure) 155M->19M(494M) 28.281ms
[336.168s][info][gc,cpu         ] GC(2285) User=0.03s Sys=0.00s Real=0.03s
[336.281s][info][gc,start       ] GC(2286) Pause Young (Allocation Failure)
[336.309s][info][gc,heap        ] GC(2286) DefNew: 140077K(157248K)->302K(157248K) Eden: 139776K(139776K)->0K(139776K) From: 301K(17472K)->302K(17472K)
[336.309s][info][gc,heap        ] GC(2286) Tenured: 19373K(349568K)->19390K(349568K)
[336.309s][info][gc,metaspace   ] GC(2286) Metaspace: 14290K(15232K)->14290K(15232K) NonClass: 12330K(12928K)->12330K(12928K) Class: 1959K(2304K)->1959K(2304K)
[336.309s][info][gc             ] GC(2286) Pause Young (Allocation Failure) 155M->19M(494M) 28.715ms
[336.309s][info][gc,cpu         ] GC(2286) User=0.02s Sys=0.00s Real=0.02s
[336.424s][info][gc,start       ] GC(2287) Pause Young (Allocation Failure)
[336.452s][info][gc,heap        ] GC(2287) DefNew: 140078K(157248K)->305K(157248K) Eden: 139776K(139776K)->0K(139776K) From: 302K(17472K)->305K(17472K)
[336.452s][info][gc,heap        ] GC(2287) Tenured: 19390K(349568K)->19408K(349568K)
[336.452s][info][gc,metaspace   ] GC(2287) Metaspace: 14290K(15232K)->14290K(15232K) NonClass: 12330K(12928K)->12330K(12928K) Class: 1959K(2304K)->1959K(2304K)
[336.452s][info][gc             ] GC(2287) Pause Young (Allocation Failure) 155M->19M(494M) 28.776ms
[336.452s][info][gc,cpu         ] GC(2287) User=0.03s Sys=0.00s Real=0.03s
[336.566s][info][gc,start       ] GC(2288) Pause Young (Allocation Failure)
[336.596s][info][gc,heap        ] GC(2288) DefNew: 140081K(157248K)->305K(157248K) Eden: 139776K(139776K)->0K(139776K) From: 305K(17472K)->305K(17472K)
[336.596s][info][gc,heap        ] GC(2288) Tenured: 19408K(349568K)->19426K(349568K)
[336.596s][info][gc,metaspace   ] GC(2288) Metaspace: 14290K(15232K)->14290K(15232K) NonClass: 12330K(12928K)->12330K(12928K) Class: 1959K(2304K)->1959K(2304K)
[336.596s][info][gc             ] GC(2288) Pause Young (Allocation Failure) 155M->19M(494M) 30.256ms
[336.596s][info][gc,cpu         ] GC(2288) User=0.02s Sys=0.00s Real=0.02s
[336.711s][info][gc,start       ] GC(2289) Pause Young (Allocation Failure)
[336.733s][info][gc,heap        ] GC(2289) DefNew: 140081K(157248K)->307K(157248K) Eden: 139776K(139776K)->0K(139776K) From: 305K(17472K)->307K(17472K)
[336.733s][info][gc,heap        ] GC(2289) Tenured: 19426K(349568K)->19444K(349568K)
[336.733s][info][gc,metaspace   ] GC(2289) Metaspace: 14290K(15232K)->14290K(15232K) NonClass: 12330K(12928K)->12330K(12928K) Class: 1959K(2304K)->1959K(2304K)
[336.734s][info][gc             ] GC(2289) Pause Young (Allocation Failure) 155M->19M(494M) 22.324ms
[336.734s][info][gc,cpu         ] GC(2289) User=0.02s Sys=0.00s Real=0.02s
[336.844s][info][gc,start       ] GC(2290) Pause Young (Allocation Failure)
[336.874s][info][gc,heap        ] GC(2290) DefNew: 140083K(157248K)->302K(157248K) Eden: 139776K(139776K)->0K(139776K) From: 307K(17472K)->302K(17472K)
[336.874s][info][gc,heap        ] GC(2290) Tenured: 19444K(349568K)->19464K(349568K)
[336.874s][info][gc,metaspace   ] GC(2290) Metaspace: 14290K(15232K)->14290K(15232K) NonClass: 12330K(12928K)->12330K(12928K) Class: 1959K(2304K)->1959K(2304K)
[336.874s][info][gc             ] GC(2290) Pause Young (Allocation Failure) 155M->19M(494M) 30.345ms
[336.874s][info][gc,cpu         ] GC(2290) User=0.03s Sys=0.00s Real=0.03s
[336.985s][info][gc,start       ] GC(2291) Pause Young (Allocation Failure)
[337.015s][info][gc,heap        ] GC(2291) DefNew: 140078K(157248K)->297K(157248K) Eden: 139776K(139776K)->0K(139776K) From: 302K(17472K)->297K(17472K)
[337.015s][info][gc,heap        ] GC(2291) Tenured: 19464K(349568K)->19485K(349568K)
[337.015s][info][gc,metaspace   ] GC(2291) Metaspace: 14290K(15232K)->14290K(15232K) NonClass: 12330K(12928K)->12330K(12928K) Class: 1959K(2304K)->1959K(2304K)
[337.015s][info][gc             ] GC(2291) Pause Young (Allocation Failure) 155M->19M(494M) 30.233ms
[337.015s][info][gc,cpu         ] GC(2291) User=0.02s Sys=0.00s Real=0.02s
[337.126s][info][gc,start       ] GC(2292) Pause Young (Allocation Failure)
[337.157s][info][gc,heap        ] GC(2292) DefNew: 140073K(157248K)->293K(157248K) Eden: 139776K(139776K)->0K(139776K) From: 297K(17472K)->293K(17472K)
[337.157s][info][gc,heap        ] GC(2292) Tenured: 19485K(349568K)->19506K(349568K)
[337.157s][info][gc,metaspace   ] GC(2292) Metaspace: 14290K(15232K)->14290K(15232K) NonClass: 12330K(12928K)->12330K(12928K) Class: 1959K(2304K)->1959K(2304K)
[337.157s][info][gc             ] GC(2292) Pause Young (Allocation Failure) 155M->19M(494M) 30.975ms
[337.157s][info][gc,cpu         ] GC(2292) User=0.03s Sys=0.00s Real=0.02s
[337.271s][info][gc,start       ] GC(2293) Pause Young (Allocation Failure)
[337.303s][info][gc,heap        ] GC(2293) DefNew: 140069K(157248K)->289K(157248K) Eden: 139776K(139776K)->0K(139776K) From: 293K(17472K)->289K(17472K)
[337.303s][info][gc,heap        ] GC(2293) Tenured: 19506K(349568K)->19526K(349568K)
[337.303s][info][gc,metaspace   ] GC(2293) Metaspace: 14290K(15232K)->14290K(15232K) NonClass: 12330K(12928K)->12330K(12928K) Class: 1959K(2304K)->1959K(2304K)
[337.303s][info][gc             ] GC(2293) Pause Young (Allocation Failure) 155M->19M(494M) 32.095ms
[337.303s][info][gc,cpu         ] GC(2293) User=0.03s Sys=0.00s Real=0.03s
[337.418s][info][gc,start       ] GC(2294) Pause Young (Allocation Failure)
[337.449s][info][gc,heap        ] GC(2294) DefNew: 140065K(157248K)->287K(157248K) Eden: 139776K(139776K)->0K(139776K) From: 289K(17472K)->287K(17472K)
[337.449s][info][gc,heap        ] GC(2294) Tenured: 19526K(349568K)->19547K(349568K)
[337.449s][info][gc,metaspace   ] GC(2294) Metaspace: 14290K(15232K)->14290K(15232K) NonClass: 12330K(12928K)->12330K(12928K) Class: 1959K(2304K)->1959K(2304K)
[337.449s][info][gc             ] GC(2294) Pause Young (Allocation Failure) 155M->19M(494M) 31.163ms
[337.449s][info][gc,cpu         ] GC(2294) User=0.02s Sys=0.00s Real=0.03s
[337.564s][info][gc,start       ] GC(2295) Pause Young (Allocation Failure)
[337.597s][info][gc,heap        ] GC(2295) DefNew: 140063K(157248K)->286K(157248K) Eden: 139776K(139776K)->0K(139776K) From: 287K(17472K)->286K(17472K)
[337.597s][info][gc,heap        ] GC(2295) Tenured: 19547K(349568K)->19568K(349568K)
[337.597s][info][gc,metaspace   ] GC(2295) Metaspace: 14290K(15232K)->14290K(15232K) NonClass: 12330K(12928K)->12330K(12928K) Class: 1959K(2304K)->1959K(2304K)
[337.597s][info][gc             ] GC(2295) Pause Young (Allocation Failure) 155M->19M(494M) 32.849ms
[337.597s][info][gc,cpu         ] GC(2295) User=0.03s Sys=0.00s Real=0.03s
[337.712s][info][gc,start       ] GC(2296) Pause Young (Allocation Failure)
[337.736s][info][gc,heap        ] GC(2296) DefNew: 140062K(157248K)->283K(157248K) Eden: 139775K(139776K)->0K(139776K) From: 286K(17472K)->283K(17472K)
[337.736s][info][gc,heap        ] GC(2296) Tenured: 19568K(349568K)->19589K(349568K)
[337.736s][info][gc,metaspace   ] GC(2296) Metaspace: 14290K(15232K)->14290K(15232K) NonClass: 12330K(12928K)->12330K(12928K) Class: 1959K(2304K)->1959K(2304K)
[337.736s][info][gc             ] GC(2296) Pause Young (Allocation Failure) 155M->19M(494M) 23.606ms
[337.736s][info][gc,cpu         ] GC(2296) User=0.02s Sys=0.00s Real=0.02s
[337.848s][info][gc,start       ] GC(2297) Pause Young (Allocation Failure)
[337.881s][info][gc,heap        ] GC(2297) DefNew: 140059K(157248K)->283K(157248K) Eden: 139776K(139776K)->0K(139776K) From: 283K(17472K)->283K(17472K)
[337.881s][info][gc,heap        ] GC(2297) Tenured: 19589K(349568K)->19607K(349568K)
[337.881s][info][gc,metaspace   ] GC(2297) Metaspace: 14290K(15232K)->14290K(15232K) NonClass: 12330K(12928K)->12330K(12928K) Class: 1959K(2304K)->1959K(2304K)
[337.881s][info][gc             ] GC(2297) Pause Young (Allocation Failure) 155M->19M(494M) 32.374ms
[337.881s][info][gc,cpu         ] GC(2297) User=0.03s Sys=0.00s Real=0.03s
[337.995s][info][gc,start       ] GC(2298) Pause Young (Allocation Failure)
[338.027s][info][gc,heap        ] GC(2298) DefNew: 140059K(157248K)->280K(157248K) Eden: 139776K(139776K)->0K(139776K) From: 283K(17472K)->280K(17472K)
[338.027s][info][gc,heap        ] GC(2298) Tenured: 19607K(349568K)->19627K(349568K)
[338.027s][info][gc,metaspace   ] GC(2298) Metaspace: 14290K(15232K)->14290K(15232K) NonClass: 12330K(12928K)->12330K(12928K) Class: 1959K(2304K)->1959K(2304K)
[338.027s][info][gc             ] GC(2298) Pause Young (Allocation Failure) 155M->19M(494M) 32.102ms
[338.027s][info][gc,cpu         ] GC(2298) User=0.02s Sys=0.00s Real=0.02s
[338.144s][info][gc,start       ] GC(2299) Pause Young (Allocation Failure)
[338.177s][info][gc,heap        ] GC(2299) DefNew: 140056K(157248K)->281K(157248K) Eden: 139776K(139776K)->0K(139776K) From: 280K(17472K)->281K(17472K)
[338.177s][info][gc,heap        ] GC(2299) Tenured: 19627K(349568K)->19648K(349568K)
[338.177s][info][gc,metaspace   ] GC(2299) Metaspace: 14290K(15232K)->14290K(15232K) NonClass: 12330K(12928K)->12330K(12928K) Class: 1959K(2304K)->1959K(2304K)
[338.177s][info][gc             ] GC(2299) Pause Young (Allocation Failure) 155M->19M(494M) 32.788ms
[338.177s][info][gc,cpu         ] GC(2299) User=0.03s Sys=0.00s Real=0.02s
[338.296s][info][gc,start       ] GC(2300) Pause Young (Allocation Failure)
[338.329s][info][gc,heap        ] GC(2300) DefNew: 140057K(157248K)->284K(157248K) Eden: 139776K(139776K)->0K(139776K) From: 281K(17472K)->284K(17472K)
[338.329s][info][gc,heap        ] GC(2300) Tenured: 19648K(349568K)->19665K(349568K)
[338.329s][info][gc,metaspace   ] GC(2300) Metaspace: 14290K(15232K)->14290K(15232K) NonClass: 12330K(12928K)->12330K(12928K) Class: 1959K(2304K)->1959K(2304K)
[338.329s][info][gc             ] GC(2300) Pause Young (Allocation Failure) 155M->19M(494M) 33.896ms
[338.330s][info][gc,cpu         ] GC(2300) User=0.03s Sys=0.00s Real=0.03s
[338.446s][info][gc,start       ] GC(2301) Pause Young (Allocation Failure)
[338.480s][info][gc,heap        ] GC(2301) DefNew: 140060K(157248K)->284K(157248K) Eden: 139776K(139776K)->0K(139776K) From: 284K(17472K)->284K(17472K)
[338.480s][info][gc,heap        ] GC(2301) Tenured: 19665K(349568K)->19683K(349568K)
[338.480s][info][gc,metaspace   ] GC(2301) Metaspace: 14290K(15232K)->14290K(15232K) NonClass: 12330K(12928K)->12330K(12928K) Class: 1959K(2304K)->1959K(2304K)
[338.480s][info][gc             ] GC(2301) Pause Young (Allocation Failure) 155M->19M(494M) 33.584ms
[338.480s][info][gc,cpu         ] GC(2301) User=0.03s Sys=0.00s Real=0.03s
[338.672s][info][gc,start       ] GC(2302) Pause Young (Allocation Failure)
[338.711s][info][gc,heap        ] GC(2302) DefNew: 140060K(157248K)->283K(157248K) Eden: 139776K(139776K)->0K(139776K) From: 284K(17472K)->283K(17472K)
[338.711s][info][gc,heap        ] GC(2302) Tenured: 19683K(349568K)->19705K(349568K)
[338.711s][info][gc,metaspace   ] GC(2302) Metaspace: 14290K(15232K)->14290K(15232K) NonClass: 12330K(12928K)->12330K(12928K) Class: 1959K(2304K)->1959K(2304K)
[338.711s][info][gc             ] GC(2302) Pause Young (Allocation Failure) 155M->19M(494M) 38.428ms
[338.711s][info][gc,cpu         ] GC(2302) User=0.03s Sys=0.00s Real=0.03s
[338.833s][info][gc,start       ] GC(2303) Pause Young (Allocation Failure)
[338.857s][info][gc,heap        ] GC(2303) DefNew: 140059K(157248K)->286K(157248K) Eden: 139776K(139776K)->0K(139776K) From: 283K(17472K)->286K(17472K)
[338.857s][info][gc,heap        ] GC(2303) Tenured: 19705K(349568K)->19722K(349568K)
[338.857s][info][gc,metaspace   ] GC(2303) Metaspace: 14290K(15232K)->14290K(15232K) NonClass: 12330K(12928K)->12330K(12928K) Class: 1959K(2304K)->1959K(2304K)
[338.857s][info][gc             ] GC(2303) Pause Young (Allocation Failure) 156M->19M(494M) 23.975ms
[338.857s][info][gc,cpu         ] GC(2303) User=0.03s Sys=0.00s Real=0.02s
[338.980s][info][gc,start       ] GC(2304) Pause Young (Allocation Failure)
[339.010s][info][gc,heap        ] GC(2304) DefNew: 140062K(157248K)->286K(157248K) Eden: 139776K(139776K)->0K(139776K) From: 286K(17472K)->286K(17472K)
[339.010s][info][gc,heap        ] GC(2304) Tenured: 19722K(349568K)->19740K(349568K)
[339.010s][info][gc,metaspace   ] GC(2304) Metaspace: 14290K(15232K)->14290K(15232K) NonClass: 12330K(12928K)->12330K(12928K) Class: 1959K(2304K)->1959K(2304K)
[339.010s][info][gc             ] GC(2304) Pause Young (Allocation Failure) 156M->19M(494M) 30.110ms
[339.010s][info][gc,cpu         ] GC(2304) User=0.02s Sys=0.00s Real=0.02s
[339.129s][info][gc,start       ] GC(2305) Pause Young (Allocation Failure)
[339.157s][info][gc,heap        ] GC(2305) DefNew: 140062K(157248K)->286K(157248K) Eden: 139776K(139776K)->0K(139776K) From: 286K(17472K)->286K(17472K)
[339.158s][info][gc,heap        ] GC(2305) Tenured: 19740K(349568K)->19758K(349568K)
[339.158s][info][gc,metaspace   ] GC(2305) Metaspace: 14290K(15232K)->14290K(15232K) NonClass: 12330K(12928K)->12330K(12928K) Class: 1959K(2304K)->1959K(2304K)
[339.158s][info][gc             ] GC(2305) Pause Young (Allocation Failure) 156M->19M(494M) 28.149ms
[339.158s][info][gc,cpu         ] GC(2305) User=0.03s Sys=0.00s Real=0.02s
[339.274s][info][gc,start       ] GC(2306) Pause Young (Allocation Failure)
[339.301s][info][gc,heap        ] GC(2306) DefNew: 140062K(157248K)->292K(157248K) Eden: 139776K(139776K)->0K(139776K) From: 286K(17472K)->292K(17472K)
[339.301s][info][gc,heap        ] GC(2306) Tenured: 19758K(349568K)->19773K(349568K)
[339.301s][info][gc,metaspace   ] GC(2306) Metaspace: 14290K(15232K)->14290K(15232K) NonClass: 12330K(12928K)->12330K(12928K) Class: 1959K(2304K)->1959K(2304K)
[339.302s][info][gc             ] GC(2306) Pause Young (Allocation Failure) 156M->19M(494M) 27.340ms
[339.302s][info][gc,cpu         ] GC(2306) User=0.02s Sys=0.00s Real=0.03s
[339.416s][info][gc,start       ] GC(2307) Pause Young (Allocation Failure)
[339.444s][info][gc,heap        ] GC(2307) DefNew: 140068K(157248K)->294K(157248K) Eden: 139776K(139776K)->0K(139776K) From: 292K(17472K)->294K(17472K)
[339.444s][info][gc,heap        ] GC(2307) Tenured: 19773K(349568K)->19790K(349568K)
[339.444s][info][gc,metaspace   ] GC(2307) Metaspace: 14290K(15232K)->14290K(15232K) NonClass: 12330K(12928K)->12330K(12928K) Class: 1959K(2304K)->1959K(2304K)
[339.444s][info][gc             ] GC(2307) Pause Young (Allocation Failure) 156M->19M(494M) 27.642ms
[339.444s][info][gc,cpu         ] GC(2307) User=0.02s Sys=0.00s Real=0.02s
[339.558s][info][gc,start       ] GC(2308) Pause Young (Allocation Failure)
[339.587s][info][gc,heap        ] GC(2308) DefNew: 140070K(157248K)->298K(157248K) Eden: 139776K(139776K)->0K(139776K) From: 294K(17472K)->298K(17472K)
[339.587s][info][gc,heap        ] GC(2308) Tenured: 19790K(349568K)->19808K(349568K)
[339.587s][info][gc,metaspace   ] GC(2308) Metaspace: 14290K(15232K)->14290K(15232K) NonClass: 12330K(12928K)->12330K(12928K) Class: 1959K(2304K)->1959K(2304K)
[339.587s][info][gc             ] GC(2308) Pause Young (Allocation Failure) 156M->19M(494M) 28.659ms
[339.587s][info][gc,cpu         ] GC(2308) User=0.03s Sys=0.00s Real=0.03s
[339.708s][info][gc,start       ] GC(2309) Pause Young (Allocation Failure)
[339.735s][info][gc,heap        ] GC(2309) DefNew: 140074K(157248K)->301K(157248K) Eden: 139776K(139776K)->0K(139776K) From: 298K(17472K)->301K(17472K)
[339.735s][info][gc,heap        ] GC(2309) Tenured: 19808K(349568K)->19826K(349568K)
[339.735s][info][gc,metaspace   ] GC(2309) Metaspace: 14290K(15232K)->14290K(15232K) NonClass: 12330K(12928K)->12330K(12928K) Class: 1959K(2304K)->1959K(2304K)
[339.735s][info][gc             ] GC(2309) Pause Young (Allocation Failure) 156M->19M(494M) 27.003ms
[339.735s][info][gc,cpu         ] GC(2309) User=0.03s Sys=0.00s Real=0.02s
[339.849s][info][gc,start       ] GC(2310) Pause Young (Allocation Failure)
[339.877s][info][gc,heap        ] GC(2310) DefNew: 140077K(157248K)->298K(157248K) Eden: 139776K(139776K)->0K(139776K) From: 301K(17472K)->298K(17472K)
[339.877s][info][gc,heap        ] GC(2310) Tenured: 19826K(349568K)->19847K(349568K)
[339.877s][info][gc,metaspace   ] GC(2310) Metaspace: 14290K(15232K)->14290K(15232K) NonClass: 12330K(12928K)->12330K(12928K) Class: 1959K(2304K)->1959K(2304K)
[339.877s][info][gc             ] GC(2310) Pause Young (Allocation Failure) 156M->19M(494M) 27.980ms
[339.877s][info][gc,cpu         ] GC(2310) User=0.03s Sys=0.00s Real=0.02s
[339.990s][info][gc,start       ] GC(2311) Pause Young (Allocation Failure)
[340.019s][info][gc,heap        ] GC(2311) DefNew: 140074K(157248K)->301K(157248K) Eden: 139776K(139776K)->0K(139776K) From: 298K(17472K)->301K(17472K)
[340.019s][info][gc,heap        ] GC(2311) Tenured: 19847K(349568K)->19864K(349568K)
[340.019s][info][gc,metaspace   ] GC(2311) Metaspace: 14290K(15232K)->14290K(15232K) NonClass: 12330K(12928K)->12330K(12928K) Class: 1959K(2304K)->1959K(2304K)
[340.019s][info][gc             ] GC(2311) Pause Young (Allocation Failure) 156M->19M(494M) 28.801ms
[340.019s][info][gc,cpu         ] GC(2311) User=0.02s Sys=0.00s Real=0.02s
[340.131s][info][gc,start       ] GC(2312) Pause Young (Allocation Failure)
[340.159s][info][gc,heap        ] GC(2312) DefNew: 140077K(157248K)->301K(157248K) Eden: 139776K(139776K)->0K(139776K) From: 301K(17472K)->301K(17472K)
[340.159s][info][gc,heap        ] GC(2312) Tenured: 19864K(349568K)->19882K(349568K)
[340.159s][info][gc,metaspace   ] GC(2312) Metaspace: 14290K(15232K)->14290K(15232K) NonClass: 12330K(12928K)->12330K(12928K) Class: 1959K(2304K)->1959K(2304K)
[340.159s][info][gc             ] GC(2312) Pause Young (Allocation Failure) 156M->19M(494M) 28.445ms
[340.159s][info][gc,cpu         ] GC(2312) User=0.03s Sys=0.00s Real=0.03s
[340.273s][info][gc,start       ] GC(2313) Pause Young (Allocation Failure)
[340.303s][info][gc,heap        ] GC(2313) DefNew: 140077K(157248K)->301K(157248K) Eden: 139776K(139776K)->0K(139776K) From: 301K(17472K)->301K(17472K)
[340.303s][info][gc,heap        ] GC(2313) Tenured: 19882K(349568K)->19900K(349568K)
[340.303s][info][gc,metaspace   ] GC(2313) Metaspace: 14290K(15232K)->14290K(15232K) NonClass: 12330K(12928K)->12330K(12928K) Class: 1959K(2304K)->1959K(2304K)
[340.303s][info][gc             ] GC(2313) Pause Young (Allocation Failure) 156M->19M(494M) 29.436ms
[340.303s][info][gc,cpu         ] GC(2313) User=0.02s Sys=0.00s Real=0.02s
[340.416s][info][gc,start       ] GC(2314) Pause Young (Allocation Failure)
[340.444s][info][gc,heap        ] GC(2314) DefNew: 140036K(157248K)->298K(157248K) Eden: 139735K(139776K)->0K(139776K) From: 301K(17472K)->298K(17472K)
[340.444s][info][gc,heap        ] GC(2314) Tenured: 19900K(349568K)->19920K(349568K)
[340.444s][info][gc,metaspace   ] GC(2314) Metaspace: 14290K(15232K)->14290K(15232K) NonClass: 12330K(12928K)->12330K(12928K) Class: 1959K(2304K)->1959K(2304K)
[340.444s][info][gc             ] GC(2314) Pause Young (Allocation Failure) 156M->19M(494M) 28.401ms
[340.444s][info][gc,cpu         ] GC(2314) User=0.02s Sys=0.00s Real=0.02s
[340.559s][info][gc,start       ] GC(2315) Pause Young (Allocation Failure)
[340.589s][info][gc,heap        ] GC(2315) DefNew: 140074K(157248K)->296K(157248K) Eden: 139776K(139776K)->0K(139776K) From: 298K(17472K)->296K(17472K)
[340.589s][info][gc,heap        ] GC(2315) Tenured: 19920K(349568K)->19941K(349568K)
[340.589s][info][gc,metaspace   ] GC(2315) Metaspace: 14290K(15232K)->14290K(15232K) NonClass: 12330K(12928K)->12330K(12928K) Class: 1959K(2304K)->1959K(2304K)
[340.589s][info][gc             ] GC(2315) Pause Young (Allocation Failure) 156M->19M(494M) 29.927ms
[340.589s][info][gc,cpu         ] GC(2315) User=0.03s Sys=0.00s Real=0.03s
[340.703s][info][gc,start       ] GC(2316) Pause Young (Allocation Failure)
[340.732s][info][gc,heap        ] GC(2316) DefNew: 140072K(157248K)->295K(157248K) Eden: 139776K(139776K)->0K(139776K) From: 296K(17472K)->295K(17472K)
[340.732s][info][gc,heap        ] GC(2316) Tenured: 19941K(349568K)->19959K(349568K)
[340.732s][info][gc,metaspace   ] GC(2316) Metaspace: 14290K(15232K)->14290K(15232K) NonClass: 12330K(12928K)->12330K(12928K) Class: 1959K(2304K)->1959K(2304K)
[340.732s][info][gc             ] GC(2316) Pause Young (Allocation Failure) 156M->19M(494M) 28.960ms
[340.732s][info][gc,cpu         ] GC(2316) User=0.02s Sys=0.00s Real=0.02s
[340.847s][info][gc,start       ] GC(2317) Pause Young (Allocation Failure)
[340.878s][info][gc,heap        ] GC(2317) DefNew: 140071K(157248K)->295K(157248K) Eden: 139775K(139776K)->0K(139776K) From: 295K(17472K)->295K(17472K)
[340.878s][info][gc,heap        ] GC(2317) Tenured: 19959K(349568K)->19979K(349568K)
[340.878s][info][gc,metaspace   ] GC(2317) Metaspace: 14290K(15232K)->14290K(15232K) NonClass: 12330K(12928K)->12330K(12928K) Class: 1959K(2304K)->1959K(2304K)
[340.878s][info][gc             ] GC(2317) Pause Young (Allocation Failure) 156M->19M(494M) 31.049ms
[340.878s][info][gc,cpu         ] GC(2317) User=0.03s Sys=0.00s Real=0.03s
[340.994s][info][gc,start       ] GC(2318) Pause Young (Allocation Failure)
[341.017s][info][gc,heap        ] GC(2318) DefNew: 140071K(157248K)->294K(157248K) Eden: 139776K(139776K)->0K(139776K) From: 295K(17472K)->294K(17472K)
[341.017s][info][gc,heap        ] GC(2318) Tenured: 19979K(349568K)->20000K(349568K)
[341.017s][info][gc,metaspace   ] GC(2318) Metaspace: 14290K(15232K)->14290K(15232K) NonClass: 12330K(12928K)->12330K(12928K) Class: 1959K(2304K)->1959K(2304K)
[341.017s][info][gc             ] GC(2318) Pause Young (Allocation Failure) 156M->19M(494M) 23.121ms
[341.017s][info][gc,cpu         ] GC(2318) User=0.02s Sys=0.00s Real=0.02s
[341.128s][info][gc,start       ] GC(2319) Pause Young (Allocation Failure)
[341.158s][info][gc,heap        ] GC(2319) DefNew: 140070K(157248K)->295K(157248K) Eden: 139776K(139776K)->0K(139776K) From: 294K(17472K)->295K(17472K)
[341.158s][info][gc,heap        ] GC(2319) Tenured: 20000K(349568K)->20018K(349568K)
[341.158s][info][gc,metaspace   ] GC(2319) Metaspace: 14290K(15232K)->14290K(15232K) NonClass: 12330K(12928K)->12330K(12928K) Class: 1959K(2304K)->1959K(2304K)
[341.158s][info][gc             ] GC(2319) Pause Young (Allocation Failure) 156M->19M(494M) 30.499ms
[341.158s][info][gc,cpu         ] GC(2319) User=0.02s Sys=0.00s Real=0.02s
[341.273s][info][gc,start       ] GC(2320) Pause Young (Allocation Failure)
[341.304s][info][gc,heap        ] GC(2320) DefNew: 140071K(157248K)->294K(157248K) Eden: 139776K(139776K)->0K(139776K) From: 295K(17472K)->294K(17472K)
[341.304s][info][gc,heap        ] GC(2320) Tenured: 20018K(349568K)->20036K(349568K)
[341.304s][info][gc,metaspace   ] GC(2320) Metaspace: 14290K(15232K)->14290K(15232K) NonClass: 12330K(12928K)->12330K(12928K) Class: 1959K(2304K)->1959K(2304K)
[341.304s][info][gc             ] GC(2320) Pause Young (Allocation Failure) 156M->19M(494M) 31.332ms
[341.304s][info][gc,cpu         ] GC(2320) User=0.03s Sys=0.00s Real=0.03s
[341.418s][info][gc,start       ] GC(2321) Pause Young (Allocation Failure)
[341.450s][info][gc,heap        ] GC(2321) DefNew: 140070K(157248K)->291K(157248K) Eden: 139776K(139776K)->0K(139776K) From: 294K(17472K)->291K(17472K)
[341.450s][info][gc,heap        ] GC(2321) Tenured: 20036K(349568K)->20057K(349568K)
[341.450s][info][gc,metaspace   ] GC(2321) Metaspace: 14290K(15232K)->14290K(15232K) NonClass: 12330K(12928K)->12330K(12928K) Class: 1959K(2304K)->1959K(2304K)
[341.450s][info][gc             ] GC(2321) Pause Young (Allocation Failure) 156M->19M(494M) 32.233ms
[341.450s][info][gc,cpu         ] GC(2321) User=0.02s Sys=0.00s Real=0.02s
[341.565s][info][gc,start       ] GC(2322) Pause Young (Allocation Failure)
[341.589s][info][gc,heap        ] GC(2322) DefNew: 140067K(157248K)->294K(157248K) Eden: 139776K(139776K)->0K(139776K) From: 291K(17472K)->294K(17472K)
[341.589s][info][gc,heap        ] GC(2322) Tenured: 20057K(349568K)->20075K(349568K)
[341.589s][info][gc,metaspace   ] GC(2322) Metaspace: 14290K(15232K)->14290K(15232K) NonClass: 12330K(12928K)->12330K(12928K) Class: 1959K(2304K)->1959K(2304K)
[341.589s][info][gc             ] GC(2322) Pause Young (Allocation Failure) 156M->19M(494M) 23.943ms
[341.589s][info][gc,cpu         ] GC(2322) User=0.02s Sys=0.00s Real=0.01s
[341.701s][info][gc,start       ] GC(2323) Pause Young (Allocation Failure)
[341.733s][info][gc,heap        ] GC(2323) DefNew: 140070K(157248K)->288K(157248K) Eden: 139776K(139776K)->0K(139776K) From: 294K(17472K)->288K(17472K)
[341.733s][info][gc,heap        ] GC(2323) Tenured: 20075K(349568K)->20098K(349568K)
[341.733s][info][gc,metaspace   ] GC(2323) Metaspace: 14290K(15232K)->14290K(15232K) NonClass: 12330K(12928K)->12330K(12928K) Class: 1959K(2304K)->1959K(2304K)
[341.733s][info][gc             ] GC(2323) Pause Young (Allocation Failure) 156M->19M(494M) 31.999ms
[341.733s][info][gc,cpu         ] GC(2323) User=0.02s Sys=0.00s Real=0.02s
[341.848s][info][gc,start       ] GC(2324) Pause Young (Allocation Failure)
[341.881s][info][gc,heap        ] GC(2324) DefNew: 140064K(157248K)->289K(157248K) Eden: 139776K(139776K)->0K(139776K) From: 288K(17472K)->289K(17472K)
[341.882s][info][gc,heap        ] GC(2324) Tenured: 20098K(349568K)->20118K(349568K)
[341.882s][info][gc,metaspace   ] GC(2324) Metaspace: 14290K(15232K)->14290K(15232K) NonClass: 12330K(12928K)->12330K(12928K) Class: 1959K(2304K)->1959K(2304K)
[341.882s][info][gc             ] GC(2324) Pause Young (Allocation Failure) 156M->19M(494M) 33.244ms
[341.882s][info][gc,cpu         ] GC(2324) User=0.03s Sys=0.00s Real=0.03s
[341.997s][info][gc,start       ] GC(2325) Pause Young (Allocation Failure)
[342.029s][info][gc,heap        ] GC(2325) DefNew: 140065K(157248K)->288K(157248K) Eden: 139776K(139776K)->0K(139776K) From: 289K(17472K)->288K(17472K)
[342.029s][info][gc,heap        ] GC(2325) Tenured: 20118K(349568K)->20136K(349568K)
[342.029s][info][gc,metaspace   ] GC(2325) Metaspace: 14290K(15232K)->14290K(15232K) NonClass: 12330K(12928K)->12330K(12928K) Class: 1959K(2304K)->1959K(2304K)
[342.029s][info][gc             ] GC(2325) Pause Young (Allocation Failure) 156M->19M(494M) 32.242ms
[342.029s][info][gc,cpu         ] GC(2325) User=0.02s Sys=0.00s Real=0.02s
[342.145s][info][gc,start       ] GC(2326) Pause Young (Allocation Failure)
[342.178s][info][gc,heap        ] GC(2326) DefNew: 140064K(157248K)->289K(157248K) Eden: 139776K(139776K)->0K(139776K) From: 288K(17472K)->289K(17472K)
[342.178s][info][gc,heap        ] GC(2326) Tenured: 20136K(349568K)->20157K(349568K)
[342.178s][info][gc,metaspace   ] GC(2326) Metaspace: 14290K(15232K)->14290K(15232K) NonClass: 12330K(12928K)->12330K(12928K) Class: 1959K(2304K)->1959K(2304K)
[342.178s][info][gc             ] GC(2326) Pause Young (Allocation Failure) 156M->19M(494M) 32.547ms
[342.178s][info][gc,cpu         ] GC(2326) User=0.03s Sys=0.00s Real=0.03s
[342.294s][info][gc,start       ] GC(2327) Pause Young (Allocation Failure)
[342.328s][info][gc,heap        ] GC(2327) DefNew: 140065K(157248K)->289K(157248K) Eden: 139776K(139776K)->0K(139776K) From: 289K(17472K)->289K(17472K)
[342.328s][info][gc,heap        ] GC(2327) Tenured: 20157K(349568K)->20175K(349568K)
[342.328s][info][gc,metaspace   ] GC(2327) Metaspace: 14290K(15232K)->14290K(15232K) NonClass: 12330K(12928K)->12330K(12928K) Class: 1959K(2304K)->1959K(2304K)
[342.328s][info][gc             ] GC(2327) Pause Young (Allocation Failure) 156M->19M(494M) 33.578ms
[342.328s][info][gc,cpu         ] GC(2327) User=0.03s Sys=0.00s Real=0.03s
[342.446s][info][gc,start       ] GC(2328) Pause Young (Allocation Failure)
[342.471s][info][gc,heap        ] GC(2328) DefNew: 140065K(157248K)->290K(157248K) Eden: 139776K(139776K)->0K(139776K) From: 289K(17472K)->290K(17472K)
[342.471s][info][gc,heap        ] GC(2328) Tenured: 20175K(349568K)->20193K(349568K)
[342.471s][info][gc,metaspace   ] GC(2328) Metaspace: 14290K(15232K)->14290K(15232K) NonClass: 12330K(12928K)->12330K(12928K) Class: 1959K(2304K)->1959K(2304K)
[342.471s][info][gc             ] GC(2328) Pause Young (Allocation Failure) 156M->20M(494M) 24.961ms
[342.471s][info][gc,cpu         ] GC(2328) User=0.00s Sys=0.00s Real=0.01s
[342.682s][info][gc,start       ] GC(2329) Pause Young (Allocation Failure)
[342.714s][info][gc,heap        ] GC(2329) DefNew: 140066K(157248K)->291K(157248K) Eden: 139776K(139776K)->0K(139776K) From: 290K(17472K)->291K(17472K)
[342.714s][info][gc,heap        ] GC(2329) Tenured: 20193K(349568K)->20210K(349568K)
[342.714s][info][gc,metaspace   ] GC(2329) Metaspace: 14290K(15232K)->14290K(15232K) NonClass: 12330K(12928K)->12330K(12928K) Class: 1959K(2304K)->1959K(2304K)
[342.714s][info][gc             ] GC(2329) Pause Young (Allocation Failure) 156M->20M(494M) 31.425ms
[342.714s][info][gc,cpu         ] GC(2329) User=0.03s Sys=0.00s Real=0.03s
[342.837s][info][gc,start       ] GC(2330) Pause Young (Allocation Failure)
[342.861s][info][gc,heap        ] GC(2330) DefNew: 140067K(157248K)->293K(157248K) Eden: 139776K(139776K)->0K(139776K) From: 291K(17472K)->293K(17472K)
[342.861s][info][gc,heap        ] GC(2330) Tenured: 20210K(349568K)->20228K(349568K)
[342.861s][info][gc,metaspace   ] GC(2330) Metaspace: 14290K(15232K)->14290K(15232K) NonClass: 12330K(12928K)->12330K(12928K) Class: 1959K(2304K)->1959K(2304K)
[342.861s][info][gc             ] GC(2330) Pause Young (Allocation Failure) 156M->20M(494M) 23.856ms
[342.861s][info][gc,cpu         ] GC(2330) User=0.02s Sys=0.00s Real=0.02s
[342.981s][info][gc,start       ] GC(2331) Pause Young (Allocation Failure)
[343.010s][info][gc,heap        ] GC(2331) DefNew: 140069K(157248K)->297K(157248K) Eden: 139776K(139776K)->0K(139776K) From: 293K(17472K)->297K(17472K)
[343.010s][info][gc,heap        ] GC(2331) Tenured: 20228K(349568K)->20246K(349568K)
[343.010s][info][gc,metaspace   ] GC(2331) Metaspace: 14290K(15232K)->14290K(15232K) NonClass: 12330K(12928K)->12330K(12928K) Class: 1959K(2304K)->1959K(2304K)
[343.010s][info][gc             ] GC(2331) Pause Young (Allocation Failure) 156M->20M(494M) 29.265ms
[343.010s][info][gc,cpu         ] GC(2331) User=0.02s Sys=0.00s Real=0.02s
[343.141s][info][gc,start       ] GC(2332) Pause Young (Allocation Failure)
[343.168s][info][gc,heap        ] GC(2332) DefNew: 140073K(157248K)->298K(157248K) Eden: 139776K(139776K)->0K(139776K) From: 297K(17472K)->298K(17472K)
[343.168s][info][gc,heap        ] GC(2332) Tenured: 20246K(349568K)->20266K(349568K)
[343.168s][info][gc,metaspace   ] GC(2332) Metaspace: 14290K(15232K)->14290K(15232K) NonClass: 12330K(12928K)->12330K(12928K) Class: 1959K(2304K)->1959K(2304K)
[343.168s][info][gc             ] GC(2332) Pause Young (Allocation Failure) 156M->20M(494M) 27.131ms
[343.168s][info][gc,cpu         ] GC(2332) User=0.03s Sys=0.00s Real=0.03s
[343.297s][info][gc,start       ] GC(2333) Pause Young (Allocation Failure)
[343.323s][info][gc,heap        ] GC(2333) DefNew: 140074K(157248K)->297K(157248K) Eden: 139776K(139776K)->0K(139776K) From: 298K(17472K)->297K(17472K)
[343.323s][info][gc,heap        ] GC(2333) Tenured: 20266K(349568K)->20287K(349568K)
[343.323s][info][gc,metaspace   ] GC(2333) Metaspace: 14290K(15232K)->14290K(15232K) NonClass: 12330K(12928K)->12330K(12928K) Class: 1959K(2304K)->1959K(2304K)
[343.323s][info][gc             ] GC(2333) Pause Young (Allocation Failure) 156M->20M(494M) 26.842ms
[343.323s][info][gc,cpu         ] GC(2333) User=0.03s Sys=0.00s Real=0.03s
[343.436s][info][gc,start       ] GC(2334) Pause Young (Allocation Failure)
[343.464s][info][gc,heap        ] GC(2334) DefNew: 140073K(157248K)->297K(157248K) Eden: 139776K(139776K)->0K(139776K) From: 297K(17472K)->297K(17472K)
[343.464s][info][gc,heap        ] GC(2334) Tenured: 20287K(349568K)->20305K(349568K)
[343.464s][info][gc,metaspace   ] GC(2334) Metaspace: 14290K(15232K)->14290K(15232K) NonClass: 12330K(12928K)->12330K(12928K) Class: 1959K(2304K)->1959K(2304K)
[343.464s][info][gc             ] GC(2334) Pause Young (Allocation Failure) 156M->20M(494M) 28.144ms
[343.464s][info][gc,cpu         ] GC(2334) User=0.02s Sys=0.00s Real=0.02s
[343.579s][info][gc,start       ] GC(2335) Pause Young (Allocation Failure)
[343.600s][info][gc,heap        ] GC(2335) DefNew: 140073K(157248K)->300K(157248K) Eden: 139776K(139776K)->0K(139776K) From: 297K(17472K)->300K(17472K)
[343.600s][info][gc,heap        ] GC(2335) Tenured: 20305K(349568K)->20322K(349568K)
[343.600s][info][gc,metaspace   ] GC(2335) Metaspace: 14290K(15232K)->14290K(15232K) NonClass: 12330K(12928K)->12330K(12928K) Class: 1959K(2304K)->1959K(2304K)
[343.600s][info][gc             ] GC(2335) Pause Young (Allocation Failure) 156M->20M(494M) 21.260ms
[343.600s][info][gc,cpu         ] GC(2335) User=0.02s Sys=0.00s Real=0.02s
[343.712s][info][gc,start       ] GC(2336) Pause Young (Allocation Failure)
[343.732s][info][gc,heap        ] GC(2336) DefNew: 140076K(157248K)->301K(157248K) Eden: 139776K(139776K)->0K(139776K) From: 300K(17472K)->301K(17472K)
[343.732s][info][gc,heap        ] GC(2336) Tenured: 20322K(349568K)->20340K(349568K)
[343.732s][info][gc,metaspace   ] GC(2336) Metaspace: 14290K(15232K)->14290K(15232K) NonClass: 12330K(12928K)->12330K(12928K) Class: 1959K(2304K)->1959K(2304K)
[343.732s][info][gc             ] GC(2336) Pause Young (Allocation Failure) 156M->20M(494M) 20.990ms
[343.733s][info][gc,cpu         ] GC(2336) User=0.02s Sys=0.00s Real=0.02s
[343.844s][info][gc,start       ] GC(2337) Pause Young (Allocation Failure)
[343.865s][info][gc,heap        ] GC(2337) DefNew: 140077K(157248K)->298K(157248K) Eden: 139776K(139776K)->0K(139776K) From: 301K(17472K)->298K(17472K)
[343.866s][info][gc,heap        ] GC(2337) Tenured: 20340K(349568K)->20361K(349568K)
[343.866s][info][gc,metaspace   ] GC(2337) Metaspace: 14290K(15232K)->14290K(15232K) NonClass: 12330K(12928K)->12330K(12928K) Class: 1959K(2304K)->1959K(2304K)
[343.866s][info][gc             ] GC(2337) Pause Young (Allocation Failure) 156M->20M(494M) 21.426ms
[343.866s][info][gc,cpu         ] GC(2337) User=0.02s Sys=0.00s Real=0.02s
[343.979s][info][gc,start       ] GC(2338) Pause Young (Allocation Failure)
[344.000s][info][gc,heap        ] GC(2338) DefNew: 140074K(157248K)->298K(157248K) Eden: 139776K(139776K)->0K(139776K) From: 298K(17472K)->298K(17472K)
[344.000s][info][gc,heap        ] GC(2338) Tenured: 20361K(349568K)->20379K(349568K)
[344.000s][info][gc,metaspace   ] GC(2338) Metaspace: 14290K(15232K)->14290K(15232K) NonClass: 12330K(12928K)->12330K(12928K) Class: 1959K(2304K)->1959K(2304K)
[344.000s][info][gc             ] GC(2338) Pause Young (Allocation Failure) 156M->20M(494M) 21.560ms
[344.000s][info][gc,cpu         ] GC(2338) User=0.02s Sys=0.00s Real=0.02s
[344.111s][info][gc,start       ] GC(2339) Pause Young (Allocation Failure)
[344.162s][info][gc,heap        ] GC(2339) DefNew: 140074K(157248K)->295K(157248K) Eden: 139776K(139776K)->0K(139776K) From: 298K(17472K)->295K(17472K)
[344.162s][info][gc,heap        ] GC(2339) Tenured: 20379K(349568K)->20399K(349568K)
[344.162s][info][gc,metaspace   ] GC(2339) Metaspace: 14290K(15232K)->14290K(15232K) NonClass: 12330K(12928K)->12330K(12928K) Class: 1959K(2304K)->1959K(2304K)
[344.162s][info][gc             ] GC(2339) Pause Young (Allocation Failure) 156M->20M(494M) 50.302ms
[344.162s][info][gc,cpu         ] GC(2339) User=0.03s Sys=0.00s Real=0.04s
[344.278s][info][gc,start       ] GC(2340) Pause Young (Allocation Failure)
[344.307s][info][gc,heap        ] GC(2340) DefNew: 140071K(157248K)->296K(157248K) Eden: 139776K(139776K)->0K(139776K) From: 295K(17472K)->296K(17472K)
[344.307s][info][gc,heap        ] GC(2340) Tenured: 20399K(349568K)->20417K(349568K)
[344.307s][info][gc,metaspace   ] GC(2340) Metaspace: 14290K(15232K)->14290K(15232K) NonClass: 12330K(12928K)->12330K(12928K) Class: 1959K(2304K)->1959K(2304K)
[344.307s][info][gc             ] GC(2340) Pause Young (Allocation Failure) 156M->20M(494M) 28.855ms
[344.307s][info][gc,cpu         ] GC(2340) User=0.02s Sys=0.00s Real=0.02s
[344.423s][info][gc,start       ] GC(2341) Pause Young (Allocation Failure)
[344.453s][info][gc,heap        ] GC(2341) DefNew: 140072K(157248K)->293K(157248K) Eden: 139776K(139776K)->0K(139776K) From: 296K(17472K)->293K(17472K)
[344.453s][info][gc,heap        ] GC(2341) Tenured: 20417K(349568K)->20437K(349568K)
[344.453s][info][gc,metaspace   ] GC(2341) Metaspace: 14290K(15232K)->14290K(15232K) NonClass: 12330K(12928K)->12330K(12928K) Class: 1959K(2304K)->1959K(2304K)
[344.453s][info][gc             ] GC(2341) Pause Young (Allocation Failure) 156M->20M(494M) 29.715ms
[344.453s][info][gc,cpu         ] GC(2341) User=0.03s Sys=0.00s Real=0.03s
[344.567s][info][gc,start       ] GC(2342) Pause Young (Allocation Failure)
[344.589s][info][gc,heap        ] GC(2342) DefNew: 140069K(157248K)->295K(157248K) Eden: 139776K(139776K)->0K(139776K) From: 293K(17472K)->295K(17472K)
[344.589s][info][gc,heap        ] GC(2342) Tenured: 20437K(349568K)->20455K(349568K)
[344.589s][info][gc,metaspace   ] GC(2342) Metaspace: 14290K(15232K)->14290K(15232K) NonClass: 12330K(12928K)->12330K(12928K) Class: 1959K(2304K)->1959K(2304K)
[344.589s][info][gc             ] GC(2342) Pause Young (Allocation Failure) 156M->20M(494M) 22.286ms
[344.590s][info][gc,cpu         ] GC(2342) User=0.03s Sys=0.00s Real=0.02s
[344.702s][info][gc,start       ] GC(2343) Pause Young (Allocation Failure)
[344.724s][info][gc,heap        ] GC(2343) DefNew: 140071K(157248K)->289K(157248K) Eden: 139776K(139776K)->0K(139776K) From: 295K(17472K)->289K(17472K)
[344.724s][info][gc,heap        ] GC(2343) Tenured: 20455K(349568K)->20475K(349568K)
[344.724s][info][gc,metaspace   ] GC(2343) Metaspace: 14290K(15232K)->14290K(15232K) NonClass: 12330K(12928K)->12330K(12928K) Class: 1959K(2304K)->1959K(2304K)
[344.724s][info][gc             ] GC(2343) Pause Young (Allocation Failure) 156M->20M(494M) 22.143ms
[344.724s][info][gc,cpu         ] GC(2343) User=0.02s Sys=0.00s Real=0.01s
[344.837s][info][gc,start       ] GC(2344) Pause Young (Allocation Failure)
[344.866s][info][gc,heap        ] GC(2344) DefNew: 140065K(157248K)->290K(157248K) Eden: 139776K(139776K)->0K(139776K) From: 289K(17472K)->290K(17472K)
[344.866s][info][gc,heap        ] GC(2344) Tenured: 20475K(349568K)->20493K(349568K)
[344.866s][info][gc,metaspace   ] GC(2344) Metaspace: 14290K(15232K)->14290K(15232K) NonClass: 12330K(12928K)->12330K(12928K) Class: 1959K(2304K)->1959K(2304K)
[344.866s][info][gc             ] GC(2344) Pause Young (Allocation Failure) 156M->20M(494M) 28.995ms
[344.866s][info][gc,cpu         ] GC(2344) User=0.02s Sys=0.00s Real=0.02s
[344.981s][info][gc,start       ] GC(2345) Pause Young (Allocation Failure)
[345.011s][info][gc,heap        ] GC(2345) DefNew: 140066K(157248K)->289K(157248K) Eden: 139776K(139776K)->0K(139776K) From: 290K(17472K)->289K(17472K)
[345.011s][info][gc,heap        ] GC(2345) Tenured: 20493K(349568K)->20514K(349568K)
[345.011s][info][gc,metaspace   ] GC(2345) Metaspace: 14290K(15232K)->14290K(15232K) NonClass: 12330K(12928K)->12330K(12928K) Class: 1959K(2304K)->1959K(2304K)
[345.011s][info][gc             ] GC(2345) Pause Young (Allocation Failure) 156M->20M(494M) 30.101ms
[345.011s][info][gc,cpu         ] GC(2345) User=0.03s Sys=0.00s Real=0.03s
[345.128s][info][gc,start       ] GC(2346) Pause Young (Allocation Failure)
[345.160s][info][gc,heap        ] GC(2346) DefNew: 140065K(157248K)->288K(157248K) Eden: 139776K(139776K)->0K(139776K) From: 289K(17472K)->288K(17472K)
[345.160s][info][gc,heap        ] GC(2346) Tenured: 20514K(349568K)->20535K(349568K)
[345.160s][info][gc,metaspace   ] GC(2346) Metaspace: 14290K(15232K)->14290K(15232K) NonClass: 12330K(12928K)->12330K(12928K) Class: 1959K(2304K)->1959K(2304K)
[345.160s][info][gc             ] GC(2346) Pause Young (Allocation Failure) 156M->20M(494M) 31.314ms
[345.160s][info][gc,cpu         ] GC(2346) User=0.03s Sys=0.00s Real=0.03s
[345.274s][info][gc,start       ] GC(2347) Pause Young (Allocation Failure)
[345.298s][info][gc,heap        ] GC(2347) DefNew: 140064K(157248K)->285K(157248K) Eden: 139776K(139776K)->0K(139776K) From: 288K(17472K)->285K(17472K)
[345.298s][info][gc,heap        ] GC(2347) Tenured: 20535K(349568K)->20556K(349568K)
[345.298s][info][gc,metaspace   ] GC(2347) Metaspace: 14290K(15232K)->14290K(15232K) NonClass: 12330K(12928K)->12330K(12928K) Class: 1959K(2304K)->1959K(2304K)
[345.298s][info][gc             ] GC(2347) Pause Young (Allocation Failure) 156M->20M(494M) 23.671ms
[345.298s][info][gc,cpu         ] GC(2347) User=0.02s Sys=0.00s Real=0.02s
[345.412s][info][gc,start       ] GC(2348) Pause Young (Allocation Failure)
[345.435s][info][gc,heap        ] GC(2348) DefNew: 140061K(157248K)->287K(157248K) Eden: 139776K(139776K)->0K(139776K) From: 285K(17472K)->287K(17472K)
[345.435s][info][gc,heap        ] GC(2348) Tenured: 20556K(349568K)->20576K(349568K)
[345.435s][info][gc,metaspace   ] GC(2348) Metaspace: 14290K(15232K)->14290K(15232K) NonClass: 12330K(12928K)->12330K(12928K) Class: 1959K(2304K)->1959K(2304K)
[345.435s][info][gc             ] GC(2348) Pause Young (Allocation Failure) 156M->20M(494M) 23.685ms
[345.435s][info][gc,cpu         ] GC(2348) User=0.03s Sys=0.00s Real=0.02s
[345.550s][info][gc,start       ] GC(2349) Pause Young (Allocation Failure)
[345.574s][info][gc,heap        ] GC(2349) DefNew: 140063K(157248K)->289K(157248K) Eden: 139776K(139776K)->0K(139776K) From: 287K(17472K)->289K(17472K)
[345.574s][info][gc,heap        ] GC(2349) Tenured: 20576K(349568K)->20594K(349568K)
[345.574s][info][gc,metaspace   ] GC(2349) Metaspace: 14290K(15232K)->14290K(15232K) NonClass: 12330K(12928K)->12330K(12928K) Class: 1959K(2304K)->1959K(2304K)
[345.574s][info][gc             ] GC(2349) Pause Young (Allocation Failure) 156M->20M(494M) 23.927ms
[345.574s][info][gc,cpu         ] GC(2349) User=0.03s Sys=0.00s Real=0.02s
[345.688s][info][gc,start       ] GC(2350) Pause Young (Allocation Failure)
[345.719s][info][gc,heap        ] GC(2350) DefNew: 140065K(157248K)->290K(157248K) Eden: 139776K(139776K)->0K(139776K) From: 289K(17472K)->290K(17472K)
[345.719s][info][gc,heap        ] GC(2350) Tenured: 20594K(349568K)->20615K(349568K)
[345.719s][info][gc,metaspace   ] GC(2350) Metaspace: 14290K(15232K)->14290K(15232K) NonClass: 12330K(12928K)->12330K(12928K) Class: 1959K(2304K)->1959K(2304K)
[345.719s][info][gc             ] GC(2350) Pause Young (Allocation Failure) 156M->20M(494M) 31.738ms
[345.720s][info][gc,cpu         ] GC(2350) User=0.03s Sys=0.00s Real=0.03s
[345.834s][info][gc,start       ] GC(2351) Pause Young (Allocation Failure)
[345.867s][info][gc,heap        ] GC(2351) DefNew: 140066K(157248K)->289K(157248K) Eden: 139776K(139776K)->0K(139776K) From: 290K(17472K)->289K(17472K)
[345.867s][info][gc,heap        ] GC(2351) Tenured: 20615K(349568K)->20633K(349568K)
[345.867s][info][gc,metaspace   ] GC(2351) Metaspace: 14290K(15232K)->14290K(15232K) NonClass: 12330K(12928K)->12330K(12928K) Class: 1959K(2304K)->1959K(2304K)
[345.867s][info][gc             ] GC(2351) Pause Young (Allocation Failure) 156M->20M(494M) 33.660ms
[345.867s][info][gc,cpu         ] GC(2351) User=0.03s Sys=0.00s Real=0.02s
[345.986s][info][gc,start       ] GC(2352) Pause Young (Allocation Failure)
[346.012s][info][gc,heap        ] GC(2352) DefNew: 140065K(157248K)->293K(157248K) Eden: 139776K(139776K)->0K(139776K) From: 289K(17472K)->293K(17472K)
[346.012s][info][gc,heap        ] GC(2352) Tenured: 20633K(349568K)->20651K(349568K)
[346.012s][info][gc,metaspace   ] GC(2352) Metaspace: 14290K(15232K)->14290K(15232K) NonClass: 12330K(12928K)->12330K(12928K) Class: 1959K(2304K)->1959K(2304K)
[346.012s][info][gc             ] GC(2352) Pause Young (Allocation Failure) 156M->20M(494M) 25.273ms
[346.012s][info][gc,cpu         ] GC(2352) User=0.02s Sys=0.00s Real=0.01s
[346.129s][info][gc,start       ] GC(2353) Pause Young (Allocation Failure)
[346.162s][info][gc,heap        ] GC(2353) DefNew: 140069K(157248K)->295K(157248K) Eden: 139776K(139776K)->0K(139776K) From: 293K(17472K)->295K(17472K)
[346.162s][info][gc,heap        ] GC(2353) Tenured: 20651K(349568K)->20668K(349568K)
[346.162s][info][gc,metaspace   ] GC(2353) Metaspace: 14290K(15232K)->14290K(15232K) NonClass: 12330K(12928K)->12330K(12928K) Class: 1959K(2304K)->1959K(2304K)
[346.162s][info][gc             ] GC(2353) Pause Young (Allocation Failure) 156M->20M(494M) 33.135ms
[346.162s][info][gc,cpu         ] GC(2353) User=0.03s Sys=0.00s Real=0.02s
[346.278s][info][gc,start       ] GC(2354) Pause Young (Allocation Failure)
[346.313s][info][gc,heap        ] GC(2354) DefNew: 140071K(157248K)->296K(157248K) Eden: 139776K(139776K)->0K(139776K) From: 295K(17472K)->296K(17472K)
[346.313s][info][gc,heap        ] GC(2354) Tenured: 20668K(349568K)->20686K(349568K)
[346.313s][info][gc,metaspace   ] GC(2354) Metaspace: 14290K(15232K)->14290K(15232K) NonClass: 12330K(12928K)->12330K(12928K) Class: 1959K(2304K)->1959K(2304K)
[346.313s][info][gc             ] GC(2354) Pause Young (Allocation Failure) 156M->20M(494M) 35.331ms
[346.313s][info][gc,cpu         ] GC(2354) User=0.03s Sys=0.00s Real=0.03s
[346.430s][info][gc,start       ] GC(2355) Pause Young (Allocation Failure)
[346.455s][info][gc,heap        ] GC(2355) DefNew: 140072K(157248K)->298K(157248K) Eden: 139776K(139776K)->0K(139776K) From: 296K(17472K)->298K(17472K)
[346.455s][info][gc,heap        ] GC(2355) Tenured: 20686K(349568K)->20703K(349568K)
[346.455s][info][gc,metaspace   ] GC(2355) Metaspace: 14290K(15232K)->14290K(15232K) NonClass: 12330K(12928K)->12330K(12928K) Class: 1959K(2304K)->1959K(2304K)
[346.455s][info][gc             ] GC(2355) Pause Young (Allocation Failure) 156M->20M(494M) 25.627ms
[346.455s][info][gc,cpu         ] GC(2355) User=0.02s Sys=0.00s Real=0.02s
[346.720s][info][gc,start       ] GC(2356) Pause Young (Allocation Failure)
[346.752s][info][gc,heap        ] GC(2356) DefNew: 140074K(157248K)->298K(157248K) Eden: 139776K(139776K)->0K(139776K) From: 298K(17472K)->298K(17472K)
[346.752s][info][gc,heap        ] GC(2356) Tenured: 20703K(349568K)->20721K(349568K)
[346.752s][info][gc,metaspace   ] GC(2356) Metaspace: 14290K(15232K)->14290K(15232K) NonClass: 12330K(12928K)->12330K(12928K) Class: 1959K(2304K)->1959K(2304K)
[346.752s][info][gc             ] GC(2356) Pause Young (Allocation Failure) 157M->20M(494M) 32.746ms
[346.752s][info][gc,cpu         ] GC(2356) User=0.03s Sys=0.00s Real=0.03s
[346.873s][info][gc,start       ] GC(2357) Pause Young (Allocation Failure)
[346.897s][info][gc,heap        ] GC(2357) DefNew: 140074K(157248K)->301K(157248K) Eden: 139776K(139776K)->0K(139776K) From: 298K(17472K)->301K(17472K)
[346.897s][info][gc,heap        ] GC(2357) Tenured: 20721K(349568K)->20739K(349568K)
[346.897s][info][gc,metaspace   ] GC(2357) Metaspace: 14290K(15232K)->14290K(15232K) NonClass: 12330K(12928K)->12330K(12928K) Class: 1959K(2304K)->1959K(2304K)
[346.897s][info][gc             ] GC(2357) Pause Young (Allocation Failure) 157M->20M(494M) 23.928ms
[346.897s][info][gc,cpu         ] GC(2357) User=0.02s Sys=0.00s Real=0.01s
[347.015s][info][gc,start       ] GC(2358) Pause Young (Allocation Failure)
[347.037s][info][gc,heap        ] GC(2358) DefNew: 140077K(157248K)->303K(157248K) Eden: 139775K(139776K)->0K(139776K) From: 301K(17472K)->303K(17472K)
[347.037s][info][gc,heap        ] GC(2358) Tenured: 20739K(349568K)->20757K(349568K)
[347.037s][info][gc,metaspace   ] GC(2358) Metaspace: 14290K(15232K)->14290K(15232K) NonClass: 12330K(12928K)->12330K(12928K) Class: 1959K(2304K)->1959K(2304K)
[347.037s][info][gc             ] GC(2358) Pause Young (Allocation Failure) 157M->20M(494M) 22.486ms
[347.037s][info][gc,cpu         ] GC(2358) User=0.02s Sys=0.00s Real=0.02s
[347.152s][info][gc,start       ] GC(2359) Pause Young (Allocation Failure)
[347.180s][info][gc,heap        ] GC(2359) DefNew: 140079K(157248K)->305K(157248K) Eden: 139776K(139776K)->0K(139776K) From: 303K(17472K)->305K(17472K)
[347.180s][info][gc,heap        ] GC(2359) Tenured: 20757K(349568K)->20774K(349568K)
[347.180s][info][gc,metaspace   ] GC(2359) Metaspace: 14290K(15232K)->14290K(15232K) NonClass: 12330K(12928K)->12330K(12928K) Class: 1959K(2304K)->1959K(2304K)
[347.180s][info][gc             ] GC(2359) Pause Young (Allocation Failure) 157M->20M(494M) 28.426ms
[347.180s][info][gc,cpu         ] GC(2359) User=0.02s Sys=0.00s Real=0.02s
[347.299s][info][gc,start       ] GC(2360) Pause Young (Allocation Failure)
[347.325s][info][gc,heap        ] GC(2360) DefNew: 140081K(157248K)->301K(157248K) Eden: 139776K(139776K)->0K(139776K) From: 305K(17472K)->301K(17472K)
[347.325s][info][gc,heap        ] GC(2360) Tenured: 20774K(349568K)->20795K(349568K)
[347.325s][info][gc,metaspace   ] GC(2360) Metaspace: 14290K(15232K)->14290K(15232K) NonClass: 12330K(12928K)->12330K(12928K) Class: 1959K(2304K)->1959K(2304K)
[347.325s][info][gc             ] GC(2360) Pause Young (Allocation Failure) 157M->20M(494M) 26.561ms
[347.325s][info][gc,cpu         ] GC(2360) User=0.02s Sys=0.00s Real=0.01s
[347.452s][info][gc,start       ] GC(2361) Pause Young (Allocation Failure)
[347.473s][info][gc,heap        ] GC(2361) DefNew: 140077K(157248K)->301K(157248K) Eden: 139776K(139776K)->0K(139776K) From: 301K(17472K)->301K(17472K)
[347.473s][info][gc,heap        ] GC(2361) Tenured: 20795K(349568K)->20815K(349568K)
[347.473s][info][gc,metaspace   ] GC(2361) Metaspace: 14290K(15232K)->14290K(15232K) NonClass: 12330K(12928K)->12330K(12928K) Class: 1959K(2304K)->1959K(2304K)
[347.473s][info][gc             ] GC(2361) Pause Young (Allocation Failure) 157M->20M(494M) 20.394ms
[347.473s][info][gc,cpu         ] GC(2361) User=0.02s Sys=0.00s Real=0.01s
[347.588s][info][gc,start       ] GC(2362) Pause Young (Allocation Failure)
[347.609s][info][gc,heap        ] GC(2362) DefNew: 140077K(157248K)->302K(157248K) Eden: 139776K(139776K)->0K(139776K) From: 301K(17472K)->302K(17472K)
[347.609s][info][gc,heap        ] GC(2362) Tenured: 20815K(349568K)->20833K(349568K)
[347.609s][info][gc,metaspace   ] GC(2362) Metaspace: 14290K(15232K)->14290K(15232K) NonClass: 12330K(12928K)->12330K(12928K) Class: 1959K(2304K)->1959K(2304K)
[347.609s][info][gc             ] GC(2362) Pause Young (Allocation Failure) 157M->20M(494M) 20.794ms
[347.609s][info][gc,cpu         ] GC(2362) User=0.00s Sys=0.00s Real=0.01s
[347.721s][info][gc,start       ] GC(2363) Pause Young (Allocation Failure)
[347.742s][info][gc,heap        ] GC(2363) DefNew: 140078K(157248K)->301K(157248K) Eden: 139776K(139776K)->0K(139776K) From: 302K(17472K)->301K(17472K)
[347.742s][info][gc,heap        ] GC(2363) Tenured: 20833K(349568K)->20855K(349568K)
[347.742s][info][gc,metaspace   ] GC(2363) Metaspace: 14290K(15232K)->14290K(15232K) NonClass: 12330K(12928K)->12330K(12928K) Class: 1959K(2304K)->1959K(2304K)
[347.742s][info][gc             ] GC(2363) Pause Young (Allocation Failure) 157M->20M(494M) 21.098ms
[347.742s][info][gc,cpu         ] GC(2363) User=0.02s Sys=0.00s Real=0.02s
[347.855s][info][gc,start       ] GC(2364) Pause Young (Allocation Failure)
[347.883s][info][gc,heap        ] GC(2364) DefNew: 140077K(157248K)->300K(157248K) Eden: 139776K(139776K)->0K(139776K) From: 301K(17472K)->300K(17472K)
[347.883s][info][gc,heap        ] GC(2364) Tenured: 20855K(349568K)->20875K(349568K)
[347.883s][info][gc,metaspace   ] GC(2364) Metaspace: 14290K(15232K)->14290K(15232K) NonClass: 12330K(12928K)->12330K(12928K) Class: 1959K(2304K)->1959K(2304K)
[347.883s][info][gc             ] GC(2364) Pause Young (Allocation Failure) 157M->20M(494M) 27.825ms
[347.883s][info][gc,cpu         ] GC(2364) User=0.02s Sys=0.00s Real=0.02s
[347.998s][info][gc,start       ] GC(2365) Pause Young (Allocation Failure)
[348.026s][info][gc,heap        ] GC(2365) DefNew: 140076K(157248K)->298K(157248K) Eden: 139776K(139776K)->0K(139776K) From: 300K(17472K)->298K(17472K)
[348.026s][info][gc,heap        ] GC(2365) Tenured: 20875K(349568K)->20896K(349568K)
[348.026s][info][gc,metaspace   ] GC(2365) Metaspace: 14290K(15232K)->14290K(15232K) NonClass: 12330K(12928K)->12330K(12928K) Class: 1959K(2304K)->1959K(2304K)
[348.026s][info][gc             ] GC(2365) Pause Young (Allocation Failure) 157M->20M(494M) 28.275ms
[348.026s][info][gc,cpu         ] GC(2365) User=0.02s Sys=0.00s Real=0.02s
[348.141s][info][gc,start       ] GC(2366) Pause Young (Allocation Failure)
[348.169s][info][gc,heap        ] GC(2366) DefNew: 140074K(157248K)->300K(157248K) Eden: 139776K(139776K)->0K(139776K) From: 298K(17472K)->300K(17472K)
[348.169s][info][gc,heap        ] GC(2366) Tenured: 20896K(349568K)->20914K(349568K)
[348.169s][info][gc,metaspace   ] GC(2366) Metaspace: 14290K(15232K)->14290K(15232K) NonClass: 12330K(12928K)->12330K(12928K) Class: 1959K(2304K)->1959K(2304K)
[348.169s][info][gc             ] GC(2366) Pause Young (Allocation Failure) 157M->20M(494M) 27.664ms
[348.169s][info][gc,cpu         ] GC(2366) User=0.02s Sys=0.00s Real=0.02s
[348.285s][info][gc,start       ] GC(2367) Pause Young (Allocation Failure)
[348.313s][info][gc,heap        ] GC(2367) DefNew: 140076K(157248K)->297K(157248K) Eden: 139776K(139776K)->0K(139776K) From: 300K(17472K)->297K(17472K)
[348.313s][info][gc,heap        ] GC(2367) Tenured: 20914K(349568K)->20935K(349568K)
[348.313s][info][gc,metaspace   ] GC(2367) Metaspace: 14290K(15232K)->14290K(15232K) NonClass: 12330K(12928K)->12330K(12928K) Class: 1959K(2304K)->1959K(2304K)
[348.313s][info][gc             ] GC(2367) Pause Young (Allocation Failure) 157M->20M(494M) 28.499ms
[348.313s][info][gc,cpu         ] GC(2367) User=0.03s Sys=0.00s Real=0.03s
[348.427s][info][gc,start       ] GC(2368) Pause Young (Allocation Failure)
[348.449s][info][gc,heap        ] GC(2368) DefNew: 140073K(157248K)->294K(157248K) Eden: 139776K(139776K)->0K(139776K) From: 297K(17472K)->294K(17472K)
[348.449s][info][gc,heap        ] GC(2368) Tenured: 20935K(349568K)->20955K(349568K)
[348.449s][info][gc,metaspace   ] GC(2368) Metaspace: 14290K(15232K)->14290K(15232K) NonClass: 12330K(12928K)->12330K(12928K) Class: 1959K(2304K)->1959K(2304K)
[348.449s][info][gc             ] GC(2368) Pause Young (Allocation Failure) 157M->20M(494M) 21.659ms
[348.449s][info][gc,cpu         ] GC(2368) User=0.03s Sys=0.00s Real=0.02s
[348.562s][info][gc,start       ] GC(2369) Pause Young (Allocation Failure)
[348.584s][info][gc,heap        ] GC(2369) DefNew: 140070K(157248K)->295K(157248K) Eden: 139776K(139776K)->0K(139776K) From: 294K(17472K)->295K(17472K)
[348.584s][info][gc,heap        ] GC(2369) Tenured: 20955K(349568K)->20973K(349568K)
[348.584s][info][gc,metaspace   ] GC(2369) Metaspace: 14290K(15232K)->14290K(15232K) NonClass: 12330K(12928K)->12330K(12928K) Class: 1959K(2304K)->1959K(2304K)
[348.584s][info][gc             ] GC(2369) Pause Young (Allocation Failure) 157M->20M(494M) 21.958ms
[348.584s][info][gc,cpu         ] GC(2369) User=0.02s Sys=0.00s Real=0.02s
[348.698s][info][gc,start       ] GC(2370) Pause Young (Allocation Failure)
[348.720s][info][gc,heap        ] GC(2370) DefNew: 140071K(157248K)->297K(157248K) Eden: 139776K(139776K)->0K(139776K) From: 295K(17472K)->297K(17472K)
[348.720s][info][gc,heap        ] GC(2370) Tenured: 20973K(349568K)->20993K(349568K)
[348.720s][info][gc,metaspace   ] GC(2370) Metaspace: 14290K(15232K)->14290K(15232K) NonClass: 12330K(12928K)->12330K(12928K) Class: 1959K(2304K)->1959K(2304K)
[348.720s][info][gc             ] GC(2370) Pause Young (Allocation Failure) 157M->20M(494M) 21.980ms
[348.720s][info][gc,cpu         ] GC(2370) User=0.02s Sys=0.00s Real=0.02s
[348.834s][info][gc,start       ] GC(2371) Pause Young (Allocation Failure)
[348.864s][info][gc,heap        ] GC(2371) DefNew: 140073K(157248K)->292K(157248K) Eden: 139776K(139776K)->0K(139776K) From: 297K(17472K)->292K(17472K)
[348.864s][info][gc,heap        ] GC(2371) Tenured: 20993K(349568K)->21011K(349568K)
[348.864s][info][gc,metaspace   ] GC(2371) Metaspace: 14290K(15232K)->14290K(15232K) NonClass: 12330K(12928K)->12330K(12928K) Class: 1959K(2304K)->1959K(2304K)
[348.864s][info][gc             ] GC(2371) Pause Young (Allocation Failure) 157M->20M(494M) 30.253ms
[348.864s][info][gc,cpu         ] GC(2371) User=0.03s Sys=0.00s Real=0.03s
[348.980s][info][gc,start       ] GC(2372) Pause Young (Allocation Failure)
[349.010s][info][gc,heap        ] GC(2372) DefNew: 140068K(157248K)->289K(157248K) Eden: 139776K(139776K)->0K(139776K) From: 292K(17472K)->289K(17472K)
[349.010s][info][gc,heap        ] GC(2372) Tenured: 21011K(349568K)->21032K(349568K)
[349.010s][info][gc,metaspace   ] GC(2372) Metaspace: 14290K(15232K)->14290K(15232K) NonClass: 12330K(12928K)->12330K(12928K) Class: 1959K(2304K)->1959K(2304K)
[349.010s][info][gc             ] GC(2372) Pause Young (Allocation Failure) 157M->20M(494M) 29.861ms
[349.010s][info][gc,cpu         ] GC(2372) User=0.02s Sys=0.00s Real=0.02s
[349.124s][info][gc,start       ] GC(2373) Pause Young (Allocation Failure)
[349.154s][info][gc,heap        ] GC(2373) DefNew: 140065K(157248K)->286K(157248K) Eden: 139776K(139776K)->0K(139776K) From: 289K(17472K)->286K(17472K)
[349.154s][info][gc,heap        ] GC(2373) Tenured: 21032K(349568K)->21052K(349568K)
[349.154s][info][gc,metaspace   ] GC(2373) Metaspace: 14290K(15232K)->14290K(15232K) NonClass: 12330K(12928K)->12330K(12928K) Class: 1959K(2304K)->1959K(2304K)
[349.155s][info][gc             ] GC(2373) Pause Young (Allocation Failure) 157M->20M(494M) 30.483ms
[349.155s][info][gc,cpu         ] GC(2373) User=0.03s Sys=0.00s Real=0.03s
[349.272s][info][gc,start       ] GC(2374) Pause Young (Allocation Failure)
[349.303s][info][gc,heap        ] GC(2374) DefNew: 140062K(157248K)->284K(157248K) Eden: 139776K(139776K)->0K(139776K) From: 286K(17472K)->284K(17472K)
[349.303s][info][gc,heap        ] GC(2374) Tenured: 21052K(349568K)->21070K(349568K)
[349.303s][info][gc,metaspace   ] GC(2374) Metaspace: 14290K(15232K)->14290K(15232K) NonClass: 12330K(12928K)->12330K(12928K) Class: 1959K(2304K)->1959K(2304K)
[349.303s][info][gc             ] GC(2374) Pause Young (Allocation Failure) 157M->20M(494M) 30.509ms
[349.303s][info][gc,cpu         ] GC(2374) User=0.03s Sys=0.00s Real=0.02s
[349.420s][info][gc,start       ] GC(2375) Pause Young (Allocation Failure)
[349.452s][info][gc,heap        ] GC(2375) DefNew: 140060K(157248K)->288K(157248K) Eden: 139776K(139776K)->0K(139776K) From: 284K(17472K)->288K(17472K)
[349.452s][info][gc,heap        ] GC(2375) Tenured: 21070K(349568K)->21088K(349568K)
[349.452s][info][gc,metaspace   ] GC(2375) Metaspace: 14290K(15232K)->14290K(15232K) NonClass: 12330K(12928K)->12330K(12928K) Class: 1959K(2304K)->1959K(2304K)
[349.452s][info][gc             ] GC(2375) Pause Young (Allocation Failure) 157M->20M(494M) 32.472ms
[349.452s][info][gc,cpu         ] GC(2375) User=0.03s Sys=0.00s Real=0.03s
[349.566s][info][gc,start       ] GC(2376) Pause Young (Allocation Failure)
[349.597s][info][gc,heap        ] GC(2376) DefNew: 140064K(157248K)->285K(157248K) Eden: 139776K(139776K)->0K(139776K) From: 288K(17472K)->285K(17472K)
[349.602s][info][gc,heap        ] GC(2376) Tenured: 21088K(349568K)->21109K(349568K)
[349.602s][info][gc,metaspace   ] GC(2376) Metaspace: 14290K(15232K)->14290K(15232K) NonClass: 12330K(12928K)->12330K(12928K) Class: 1959K(2304K)->1959K(2304K)
[349.602s][info][gc             ] GC(2376) Pause Young (Allocation Failure) 157M->20M(494M) 36.342ms
[349.603s][info][gc,cpu         ] GC(2376) User=0.02s Sys=0.00s Real=0.03s
[349.719s][info][gc,start       ] GC(2377) Pause Young (Allocation Failure)
[349.752s][info][gc,heap        ] GC(2377) DefNew: 140061K(157248K)->288K(157248K) Eden: 139776K(139776K)->0K(139776K) From: 285K(17472K)->288K(17472K)
[349.752s][info][gc,heap        ] GC(2377) Tenured: 21109K(349568K)->21127K(349568K)
[349.752s][info][gc,metaspace   ] GC(2377) Metaspace: 14290K(15232K)->14290K(15232K) NonClass: 12330K(12928K)->12330K(12928K) Class: 1959K(2304K)->1959K(2304K)
[349.752s][info][gc             ] GC(2377) Pause Young (Allocation Failure) 157M->20M(494M) 32.679ms
[349.752s][info][gc,cpu         ] GC(2377) User=0.03s Sys=0.00s Real=0.03s
[349.868s][info][gc,start       ] GC(2378) Pause Young (Allocation Failure)
[349.900s][info][gc,heap        ] GC(2378) DefNew: 140064K(157248K)->286K(157248K) Eden: 139776K(139776K)->0K(139776K) From: 288K(17472K)->286K(17472K)
[349.900s][info][gc,heap        ] GC(2378) Tenured: 21127K(349568K)->21147K(349568K)
[349.900s][info][gc,metaspace   ] GC(2378) Metaspace: 14290K(15232K)->14290K(15232K) NonClass: 12330K(12928K)->12330K(12928K) Class: 1959K(2304K)->1959K(2304K)
[349.900s][info][gc             ] GC(2378) Pause Young (Allocation Failure) 157M->20M(494M) 31.635ms
[349.900s][info][gc,cpu         ] GC(2378) User=0.03s Sys=0.00s Real=0.03s
[350.016s][info][gc,start       ] GC(2379) Pause Young (Allocation Failure)
[350.048s][info][gc,heap        ] GC(2379) DefNew: 140062K(157248K)->284K(157248K) Eden: 139776K(139776K)->0K(139776K) From: 286K(17472K)->284K(17472K)
[350.048s][info][gc,heap        ] GC(2379) Tenured: 21147K(349568K)->21168K(349568K)
[350.048s][info][gc,metaspace   ] GC(2379) Metaspace: 14290K(15232K)->14290K(15232K) NonClass: 12330K(12928K)->12330K(12928K) Class: 1959K(2304K)->1959K(2304K)
[350.048s][info][gc             ] GC(2379) Pause Young (Allocation Failure) 157M->20M(494M) 31.988ms
[350.048s][info][gc,cpu         ] GC(2379) User=0.03s Sys=0.00s Real=0.03s
[350.164s][info][gc,start       ] GC(2380) Pause Young (Allocation Failure)
[350.197s][info][gc,heap        ] GC(2380) DefNew: 140060K(157248K)->282K(157248K) Eden: 139776K(139776K)->0K(139776K) From: 284K(17472K)->282K(17472K)
[350.197s][info][gc,heap        ] GC(2380) Tenured: 21168K(349568K)->21185K(349568K)
[350.197s][info][gc,metaspace   ] GC(2380) Metaspace: 14290K(15232K)->14290K(15232K) NonClass: 12330K(12928K)->12330K(12928K) Class: 1959K(2304K)->1959K(2304K)
[350.197s][info][gc             ] GC(2380) Pause Young (Allocation Failure) 157M->20M(494M) 33.352ms
[350.198s][info][gc,cpu         ] GC(2380) User=0.03s Sys=0.00s Real=0.03s
[350.313s][info][gc,start       ] GC(2381) Pause Young (Allocation Failure)
[350.346s][info][gc,heap        ] GC(2381) DefNew: 140058K(157248K)->282K(157248K) Eden: 139775K(139776K)->0K(139776K) From: 282K(17472K)->282K(17472K)
[350.346s][info][gc,heap        ] GC(2381) Tenured: 21185K(349568K)->21206K(349568K)
[350.346s][info][gc,metaspace   ] GC(2381) Metaspace: 14290K(15232K)->14290K(15232K) NonClass: 12330K(12928K)->12330K(12928K) Class: 1959K(2304K)->1959K(2304K)
[350.346s][info][gc             ] GC(2381) Pause Young (Allocation Failure) 157M->20M(494M) 32.852ms
[350.346s][info][gc,cpu         ] GC(2381) User=0.03s Sys=0.00s Real=0.03s
[350.459s][info][gc,start       ] GC(2382) Pause Young (Allocation Failure)
[350.493s][info][gc,heap        ] GC(2382) DefNew: 140058K(157248K)->283K(157248K) Eden: 139776K(139776K)->0K(139776K) From: 282K(17472K)->283K(17472K)
[350.493s][info][gc,heap        ] GC(2382) Tenured: 21206K(349568K)->21224K(349568K)
[350.493s][info][gc,metaspace   ] GC(2382) Metaspace: 14290K(15232K)->14290K(15232K) NonClass: 12330K(12928K)->12330K(12928K) Class: 1959K(2304K)->1959K(2304K)
[350.493s][info][gc             ] GC(2382) Pause Young (Allocation Failure) 157M->21M(494M) 34.144ms
[350.493s][info][gc,cpu         ] GC(2382) User=0.03s Sys=0.00s Real=0.02s
[350.610s][info][gc,start       ] GC(2383) Pause Young (Allocation Failure)
[350.636s][info][gc,heap        ] GC(2383) DefNew: 140059K(157248K)->285K(157248K) Eden: 139775K(139776K)->0K(139776K) From: 283K(17472K)->285K(17472K)
[350.636s][info][gc,heap        ] GC(2383) Tenured: 21224K(349568K)->21241K(349568K)
[350.636s][info][gc,metaspace   ] GC(2383) Metaspace: 14290K(15232K)->14290K(15232K) NonClass: 12330K(12928K)->12330K(12928K) Class: 1959K(2304K)->1959K(2304K)
[350.636s][info][gc             ] GC(2383) Pause Young (Allocation Failure) 157M->21M(494M) 25.821ms
[350.636s][info][gc,cpu         ] GC(2383) User=0.02s Sys=0.00s Real=0.01s
[350.750s][info][gc,start       ] GC(2384) Pause Young (Allocation Failure)
[350.784s][info][gc,heap        ] GC(2384) DefNew: 140061K(157248K)->286K(157248K) Eden: 139775K(139776K)->0K(139776K) From: 285K(17472K)->286K(17472K)
[350.784s][info][gc,heap        ] GC(2384) Tenured: 21241K(349568K)->21259K(349568K)
[350.784s][info][gc,metaspace   ] GC(2384) Metaspace: 14290K(15232K)->14290K(15232K) NonClass: 12330K(12928K)->12330K(12928K) Class: 1959K(2304K)->1959K(2304K)
[350.784s][info][gc             ] GC(2384) Pause Young (Allocation Failure) 157M->21M(494M) 33.527ms
[350.784s][info][gc,cpu         ] GC(2384) User=0.03s Sys=0.00s Real=0.03s
[350.902s][info][gc,start       ] GC(2385) Pause Young (Allocation Failure)
[350.936s][info][gc,heap        ] GC(2385) DefNew: 140062K(157248K)->288K(157248K) Eden: 139776K(139776K)->0K(139776K) From: 286K(17472K)->288K(17472K)
[350.936s][info][gc,heap        ] GC(2385) Tenured: 21259K(349568K)->21277K(349568K)
[350.937s][info][gc,metaspace   ] GC(2385) Metaspace: 14290K(15232K)->14290K(15232K) NonClass: 12330K(12928K)->12330K(12928K) Class: 1959K(2304K)->1959K(2304K)
[350.937s][info][gc             ] GC(2385) Pause Young (Allocation Failure) 157M->21M(494M) 35.049ms
[350.937s][info][gc,cpu         ] GC(2385) User=0.03s Sys=0.00s Real=0.04s
[351.054s][info][gc,start       ] GC(2386) Pause Young (Allocation Failure)
[351.087s][info][gc,heap        ] GC(2386) DefNew: 140064K(157248K)->291K(157248K) Eden: 139776K(139776K)->0K(139776K) From: 288K(17472K)->291K(17472K)
[351.087s][info][gc,heap        ] GC(2386) Tenured: 21277K(349568K)->21295K(349568K)
[351.087s][info][gc,metaspace   ] GC(2386) Metaspace: 14290K(15232K)->14290K(15232K) NonClass: 12330K(12928K)->12330K(12928K) Class: 1959K(2304K)->1959K(2304K)
[351.088s][info][gc             ] GC(2386) Pause Young (Allocation Failure) 157M->21M(494M) 33.913ms
[351.088s][info][gc,cpu         ] GC(2386) User=0.03s Sys=0.00s Real=0.03s
[351.205s][info][gc,start       ] GC(2387) Pause Young (Allocation Failure)
[351.240s][info][gc,heap        ] GC(2387) DefNew: 140067K(157248K)->291K(157248K) Eden: 139776K(139776K)->0K(139776K) From: 291K(17472K)->291K(17472K)
[351.240s][info][gc,heap        ] GC(2387) Tenured: 21295K(349568K)->21312K(349568K)
[351.240s][info][gc,metaspace   ] GC(2387) Metaspace: 14290K(15232K)->14290K(15232K) NonClass: 12330K(12928K)->12330K(12928K) Class: 1959K(2304K)->1959K(2304K)
[351.240s][info][gc             ] GC(2387) Pause Young (Allocation Failure) 157M->21M(494M) 34.828ms
[351.240s][info][gc,cpu         ] GC(2387) User=0.03s Sys=0.00s Real=0.03s
[351.357s][info][gc,start       ] GC(2388) Pause Young (Allocation Failure)
[351.393s][info][gc,heap        ] GC(2388) DefNew: 140067K(157248K)->292K(157248K) Eden: 139776K(139776K)->0K(139776K) From: 291K(17472K)->292K(17472K)
[351.393s][info][gc,heap        ] GC(2388) Tenured: 21312K(349568K)->21330K(349568K)
[351.393s][info][gc,metaspace   ] GC(2388) Metaspace: 14290K(15232K)->14290K(15232K) NonClass: 12330K(12928K)->12330K(12928K) Class: 1959K(2304K)->1959K(2304K)
[351.393s][info][gc             ] GC(2388) Pause Young (Allocation Failure) 157M->21M(494M) 35.890ms
[351.393s][info][gc,cpu         ] GC(2388) User=0.03s Sys=0.00s Real=0.03s
[351.509s][info][gc,start       ] GC(2389) Pause Young (Allocation Failure)
[351.544s][info][gc,heap        ] GC(2389) DefNew: 140068K(157248K)->292K(157248K) Eden: 139776K(139776K)->0K(139776K) From: 292K(17472K)->292K(17472K)
[351.544s][info][gc,heap        ] GC(2389) Tenured: 21330K(349568K)->21347K(349568K)
[351.544s][info][gc,metaspace   ] GC(2389) Metaspace: 14290K(15232K)->14290K(15232K) NonClass: 12330K(12928K)->12330K(12928K) Class: 1959K(2304K)->1959K(2304K)
[351.544s][info][gc             ] GC(2389) Pause Young (Allocation Failure) 157M->21M(494M) 34.940ms
[351.544s][info][gc,cpu         ] GC(2389) User=0.03s Sys=0.00s Real=0.03s
[351.808s][info][gc,start       ] GC(2390) Pause Young (Allocation Failure)
[351.849s][info][gc,heap        ] GC(2390) DefNew: 140068K(157248K)->288K(157248K) Eden: 139776K(139776K)->0K(139776K) From: 292K(17472K)->288K(17472K)
[351.849s][info][gc,heap        ] GC(2390) Tenured: 21347K(349568K)->21368K(349568K)
[351.849s][info][gc,metaspace   ] GC(2390) Metaspace: 14290K(15232K)->14290K(15232K) NonClass: 12330K(12928K)->12330K(12928K) Class: 1959K(2304K)->1959K(2304K)
[351.849s][info][gc             ] GC(2390) Pause Young (Allocation Failure) 157M->21M(494M) 41.300ms
[351.849s][info][gc,cpu         ] GC(2390) User=0.03s Sys=0.00s Real=0.04s
[351.971s][info][gc,start       ] GC(2391) Pause Young (Allocation Failure)
[351.996s][info][gc,heap        ] GC(2391) DefNew: 140064K(157248K)->293K(157248K) Eden: 139776K(139776K)->0K(139776K) From: 288K(17472K)->293K(17472K)
[351.996s][info][gc,heap        ] GC(2391) Tenured: 21368K(349568K)->21386K(349568K)
[351.996s][info][gc,metaspace   ] GC(2391) Metaspace: 14290K(15232K)->14290K(15232K) NonClass: 12330K(12928K)->12330K(12928K) Class: 1959K(2304K)->1959K(2304K)
[351.996s][info][gc             ] GC(2391) Pause Young (Allocation Failure) 157M->21M(494M) 24.930ms
[351.996s][info][gc,cpu         ] GC(2391) User=0.03s Sys=0.00s Real=0.02s
[352.114s][info][gc,start       ] GC(2392) Pause Young (Allocation Failure)
[352.138s][info][gc,heap        ] GC(2392) DefNew: 140069K(157248K)->288K(157248K) Eden: 139776K(139776K)->0K(139776K) From: 293K(17472K)->288K(17472K)
[352.138s][info][gc,heap        ] GC(2392) Tenured: 21386K(349568K)->21407K(349568K)
[352.138s][info][gc,metaspace   ] GC(2392) Metaspace: 14290K(15232K)->14290K(15232K) NonClass: 12330K(12928K)->12330K(12928K) Class: 1959K(2304K)->1959K(2304K)
[352.138s][info][gc             ] GC(2392) Pause Young (Allocation Failure) 157M->21M(494M) 24.330ms
[352.138s][info][gc,cpu         ] GC(2392) User=0.03s Sys=0.00s Real=0.02s
[352.254s][info][gc,start       ] GC(2393) Pause Young (Allocation Failure)
[352.284s][info][gc,heap        ] GC(2393) DefNew: 140064K(157248K)->289K(157248K) Eden: 139776K(139776K)->0K(139776K) From: 288K(17472K)->289K(17472K)
[352.284s][info][gc,heap        ] GC(2393) Tenured: 21407K(349568K)->21425K(349568K)
[352.284s][info][gc,metaspace   ] GC(2393) Metaspace: 14290K(15232K)->14290K(15232K) NonClass: 12330K(12928K)->12330K(12928K) Class: 1959K(2304K)->1959K(2304K)
[352.284s][info][gc             ] GC(2393) Pause Young (Allocation Failure) 157M->21M(494M) 30.109ms
[352.284s][info][gc,cpu         ] GC(2393) User=0.02s Sys=0.00s Real=0.02s
[352.404s][info][gc,start       ] GC(2394) Pause Young (Allocation Failure)
[352.431s][info][gc,heap        ] GC(2394) DefNew: 140065K(157248K)->292K(157248K) Eden: 139776K(139776K)->0K(139776K) From: 289K(17472K)->292K(17472K)
[352.432s][info][gc,heap        ] GC(2394) Tenured: 21425K(349568K)->21442K(349568K)
[352.432s][info][gc,metaspace   ] GC(2394) Metaspace: 14290K(15232K)->14290K(15232K) NonClass: 12330K(12928K)->12330K(12928K) Class: 1959K(2304K)->1959K(2304K)
[352.432s][info][gc             ] GC(2394) Pause Young (Allocation Failure) 157M->21M(494M) 27.901ms
[352.432s][info][gc,cpu         ] GC(2394) User=0.02s Sys=0.00s Real=0.01s
[352.559s][info][gc,start       ] GC(2395) Pause Young (Allocation Failure)
[352.588s][info][gc,heap        ] GC(2395) DefNew: 140068K(157248K)->295K(157248K) Eden: 139776K(139776K)->0K(139776K) From: 292K(17472K)->295K(17472K)
[352.588s][info][gc,heap        ] GC(2395) Tenured: 21442K(349568K)->21460K(349568K)
[352.588s][info][gc,metaspace   ] GC(2395) Metaspace: 14290K(15232K)->14290K(15232K) NonClass: 12330K(12928K)->12330K(12928K) Class: 1959K(2304K)->1959K(2304K)
[352.588s][info][gc             ] GC(2395) Pause Young (Allocation Failure) 157M->21M(494M) 28.399ms
[352.588s][info][gc,cpu         ] GC(2395) User=0.03s Sys=0.00s Real=0.03s
[352.706s][info][gc,start       ] GC(2396) Pause Young (Allocation Failure)
[352.735s][info][gc,heap        ] GC(2396) DefNew: 140071K(157248K)->294K(157248K) Eden: 139776K(139776K)->0K(139776K) From: 295K(17472K)->294K(17472K)
[352.735s][info][gc,heap        ] GC(2396) Tenured: 21460K(349568K)->21480K(349568K)
[352.735s][info][gc,metaspace   ] GC(2396) Metaspace: 14290K(15232K)->14290K(15232K) NonClass: 12330K(12928K)->12330K(12928K) Class: 1959K(2304K)->1959K(2304K)
[352.735s][info][gc             ] GC(2396) Pause Young (Allocation Failure) 157M->21M(494M) 28.997ms
[352.735s][info][gc,cpu         ] GC(2396) User=0.03s Sys=0.00s Real=0.03s
[352.850s][info][gc,start       ] GC(2397) Pause Young (Allocation Failure)
[352.879s][info][gc,heap        ] GC(2397) DefNew: 140070K(157248K)->295K(157248K) Eden: 139776K(139776K)->0K(139776K) From: 294K(17472K)->295K(17472K)
[352.879s][info][gc,heap        ] GC(2397) Tenured: 21480K(349568K)->21498K(349568K)
[352.879s][info][gc,metaspace   ] GC(2397) Metaspace: 14290K(15232K)->14290K(15232K) NonClass: 12330K(12928K)->12330K(12928K) Class: 1959K(2304K)->1959K(2304K)
[352.879s][info][gc             ] GC(2397) Pause Young (Allocation Failure) 157M->21M(494M) 28.950ms
[352.879s][info][gc,cpu         ] GC(2397) User=0.03s Sys=0.00s Real=0.02s
[352.995s][info][gc,start       ] GC(2398) Pause Young (Allocation Failure)
[353.024s][info][gc,heap        ] GC(2398) DefNew: 140071K(157248K)->292K(157248K) Eden: 139776K(139776K)->0K(139776K) From: 295K(17472K)->292K(17472K)
[353.024s][info][gc,heap        ] GC(2398) Tenured: 21498K(349568K)->21519K(349568K)
[353.024s][info][gc,metaspace   ] GC(2398) Metaspace: 14290K(15232K)->14290K(15232K) NonClass: 12330K(12928K)->12330K(12928K) Class: 1959K(2304K)->1959K(2304K)
[353.024s][info][gc             ] GC(2398) Pause Young (Allocation Failure) 157M->21M(494M) 29.215ms
[353.024s][info][gc,cpu         ] GC(2398) User=0.03s Sys=0.00s Real=0.03s
[353.141s][info][gc,start       ] GC(2399) Pause Young (Allocation Failure)
[353.170s][info][gc,heap        ] GC(2399) DefNew: 140068K(157248K)->294K(157248K) Eden: 139776K(139776K)->0K(139776K) From: 292K(17472K)->294K(17472K)
[353.170s][info][gc,heap        ] GC(2399) Tenured: 21519K(349568K)->21536K(349568K)
[353.170s][info][gc,metaspace   ] GC(2399) Metaspace: 14290K(15232K)->14290K(15232K) NonClass: 12330K(12928K)->12330K(12928K) Class: 1959K(2304K)->1959K(2304K)
[353.170s][info][gc             ] GC(2399) Pause Young (Allocation Failure) 157M->21M(494M) 29.235ms
[353.170s][info][gc,cpu         ] GC(2399) User=0.02s Sys=0.00s Real=0.02s
[353.284s][info][gc,start       ] GC(2400) Pause Young (Allocation Failure)
[353.315s][info][gc,heap        ] GC(2400) DefNew: 140070K(157248K)->290K(157248K) Eden: 139776K(139776K)->0K(139776K) From: 294K(17472K)->290K(17472K)
[353.315s][info][gc,heap        ] GC(2400) Tenured: 21536K(349568K)->21557K(349568K)
[353.315s][info][gc,metaspace   ] GC(2400) Metaspace: 14290K(15232K)->14290K(15232K) NonClass: 12330K(12928K)->12330K(12928K) Class: 1959K(2304K)->1959K(2304K)
[353.315s][info][gc             ] GC(2400) Pause Young (Allocation Failure) 157M->21M(494M) 31.261ms
[353.315s][info][gc,cpu         ] GC(2400) User=0.03s Sys=0.00s Real=0.03s
[353.431s][info][gc,start       ] GC(2401) Pause Young (Allocation Failure)
[353.457s][info][gc,heap        ] GC(2401) DefNew: 140066K(157248K)->290K(157248K) Eden: 139776K(139776K)->0K(139776K) From: 290K(17472K)->290K(17472K)
[353.457s][info][gc,heap        ] GC(2401) Tenured: 21557K(349568K)->21575K(349568K)
[353.457s][info][gc,metaspace   ] GC(2401) Metaspace: 14290K(15232K)->14290K(15232K) NonClass: 12330K(12928K)->12330K(12928K) Class: 1959K(2304K)->1959K(2304K)
[353.457s][info][gc             ] GC(2401) Pause Young (Allocation Failure) 157M->21M(494M) 25.348ms
[353.457s][info][gc,cpu         ] GC(2401) User=0.02s Sys=0.00s Real=0.01s
[353.570s][info][gc,start       ] GC(2402) Pause Young (Allocation Failure)
[353.594s][info][gc,heap        ] GC(2402) DefNew: 140066K(157248K)->287K(157248K) Eden: 139776K(139776K)->0K(139776K) From: 290K(17472K)->287K(17472K)
[353.594s][info][gc,heap        ] GC(2402) Tenured: 21575K(349568K)->21595K(349568K)
[353.594s][info][gc,metaspace   ] GC(2402) Metaspace: 14290K(15232K)->14290K(15232K) NonClass: 12330K(12928K)->12330K(12928K) Class: 1959K(2304K)->1959K(2304K)
[353.594s][info][gc             ] GC(2402) Pause Young (Allocation Failure) 157M->21M(494M) 23.441ms
[353.594s][info][gc,cpu         ] GC(2402) User=0.00s Sys=0.00s Real=0.01s
[353.707s][info][gc,start       ] GC(2403) Pause Young (Allocation Failure)
[353.731s][info][gc,heap        ] GC(2403) DefNew: 140063K(157248K)->289K(157248K) Eden: 139776K(139776K)->0K(139776K) From: 287K(17472K)->289K(17472K)
[353.731s][info][gc,heap        ] GC(2403) Tenured: 21595K(349568K)->21613K(349568K)
[353.731s][info][gc,metaspace   ] GC(2403) Metaspace: 14290K(15232K)->14290K(15232K) NonClass: 12330K(12928K)->12330K(12928K) Class: 1959K(2304K)->1959K(2304K)
[353.731s][info][gc             ] GC(2403) Pause Young (Allocation Failure) 157M->21M(494M) 23.513ms
[353.731s][info][gc,cpu         ] GC(2403) User=0.03s Sys=0.00s Real=0.02s
[353.844s][info][gc,start       ] GC(2404) Pause Young (Allocation Failure)
[353.875s][info][gc,heap        ] GC(2404) DefNew: 140065K(157248K)->289K(157248K) Eden: 139776K(139776K)->0K(139776K) From: 289K(17472K)->289K(17472K)
[353.875s][info][gc,heap        ] GC(2404) Tenured: 21613K(349568K)->21631K(349568K)
[353.875s][info][gc,metaspace   ] GC(2404) Metaspace: 14290K(15232K)->14290K(15232K) NonClass: 12330K(12928K)->12330K(12928K) Class: 1959K(2304K)->1959K(2304K)
[353.876s][info][gc             ] GC(2404) Pause Young (Allocation Failure) 157M->21M(494M) 31.374ms
[353.876s][info][gc,cpu         ] GC(2404) User=0.03s Sys=0.00s Real=0.03s
[353.990s][info][gc,start       ] GC(2405) Pause Young (Allocation Failure)
[354.022s][info][gc,heap        ] GC(2405) DefNew: 140065K(157248K)->289K(157248K) Eden: 139776K(139776K)->0K(139776K) From: 289K(17472K)->289K(17472K)
[354.022s][info][gc,heap        ] GC(2405) Tenured: 21631K(349568K)->21649K(349568K)
[354.022s][info][gc,metaspace   ] GC(2405) Metaspace: 14290K(15232K)->14290K(15232K) NonClass: 12330K(12928K)->12330K(12928K) Class: 1959K(2304K)->1959K(2304K)
[354.022s][info][gc             ] GC(2405) Pause Young (Allocation Failure) 157M->21M(494M) 31.944ms
[354.022s][info][gc,cpu         ] GC(2405) User=0.03s Sys=0.00s Real=0.02s
[354.138s][info][gc,start       ] GC(2406) Pause Young (Allocation Failure)
[354.170s][info][gc,heap        ] GC(2406) DefNew: 140065K(157248K)->287K(157248K) Eden: 139776K(139776K)->0K(139776K) From: 289K(17472K)->287K(17472K)
[354.170s][info][gc,heap        ] GC(2406) Tenured: 21649K(349568K)->21669K(349568K)
[354.170s][info][gc,metaspace   ] GC(2406) Metaspace: 14290K(15232K)->14290K(15232K) NonClass: 12330K(12928K)->12330K(12928K) Class: 1959K(2304K)->1959K(2304K)
[354.171s][info][gc             ] GC(2406) Pause Young (Allocation Failure) 157M->21M(494M) 32.233ms
[354.171s][info][gc,cpu         ] GC(2406) User=0.02s Sys=0.00s Real=0.02s
[354.289s][info][gc,start       ] GC(2407) Pause Young (Allocation Failure)
[354.322s][info][gc,heap        ] GC(2407) DefNew: 140063K(157248K)->287K(157248K) Eden: 139776K(139776K)->0K(139776K) From: 287K(17472K)->287K(17472K)
[354.322s][info][gc,heap        ] GC(2407) Tenured: 21669K(349568K)->21687K(349568K)
[354.322s][info][gc,metaspace   ] GC(2407) Metaspace: 14290K(15232K)->14290K(15232K) NonClass: 12330K(12928K)->12330K(12928K) Class: 1959K(2304K)->1959K(2304K)
[354.322s][info][gc             ] GC(2407) Pause Young (Allocation Failure) 157M->21M(494M) 33.770ms
[354.322s][info][gc,cpu         ] GC(2407) User=0.02s Sys=0.00s Real=0.02s
[354.439s][info][gc,start       ] GC(2408) Pause Young (Allocation Failure)
[354.463s][info][gc,heap        ] GC(2408) DefNew: 140063K(157248K)->289K(157248K) Eden: 139776K(139776K)->0K(139776K) From: 287K(17472K)->289K(17472K)
[354.463s][info][gc,heap        ] GC(2408) Tenured: 21687K(349568K)->21705K(349568K)
[354.463s][info][gc,metaspace   ] GC(2408) Metaspace: 14290K(15232K)->14290K(15232K) NonClass: 12330K(12928K)->12330K(12928K) Class: 1959K(2304K)->1959K(2304K)
[354.463s][info][gc             ] GC(2408) Pause Young (Allocation Failure) 157M->21M(494M) 24.267ms
[354.463s][info][gc,cpu         ] GC(2408) User=0.02s Sys=0.00s Real=0.02s
[354.579s][info][gc,start       ] GC(2409) Pause Young (Allocation Failure)
[354.613s][info][gc,heap        ] GC(2409) DefNew: 140065K(157248K)->289K(157248K) Eden: 139775K(139776K)->0K(139776K) From: 289K(17472K)->289K(17472K)
[354.613s][info][gc,heap        ] GC(2409) Tenured: 21705K(349568K)->21726K(349568K)
[354.613s][info][gc,metaspace   ] GC(2409) Metaspace: 14290K(15232K)->14290K(15232K) NonClass: 12330K(12928K)->12330K(12928K) Class: 1959K(2304K)->1959K(2304K)
[354.613s][info][gc             ] GC(2409) Pause Young (Allocation Failure) 157M->21M(494M) 33.459ms
[354.613s][info][gc,cpu         ] GC(2409) User=0.03s Sys=0.00s Real=0.03s
[354.730s][info][gc,start       ] GC(2410) Pause Young (Allocation Failure)
[354.763s][info][gc,heap        ] GC(2410) DefNew: 140065K(157248K)->289K(157248K) Eden: 139776K(139776K)->0K(139776K) From: 289K(17472K)->289K(17472K)
[354.764s][info][gc,heap        ] GC(2410) Tenured: 21726K(349568K)->21747K(349568K)
[354.764s][info][gc,metaspace   ] GC(2410) Metaspace: 14290K(15232K)->14290K(15232K) NonClass: 12330K(12928K)->12330K(12928K) Class: 1959K(2304K)->1959K(2304K)
[354.764s][info][gc             ] GC(2410) Pause Young (Allocation Failure) 157M->21M(494M) 33.654ms
[354.764s][info][gc,cpu         ] GC(2410) User=0.03s Sys=0.00s Real=0.03s
[354.880s][info][gc,start       ] GC(2411) Pause Young (Allocation Failure)
[354.914s][info][gc,heap        ] GC(2411) DefNew: 140065K(157248K)->287K(157248K) Eden: 139776K(139776K)->0K(139776K) From: 289K(17472K)->287K(17472K)
[354.914s][info][gc,heap        ] GC(2411) Tenured: 21747K(349568K)->21767K(349568K)
[354.914s][info][gc,metaspace   ] GC(2411) Metaspace: 14290K(15232K)->14290K(15232K) NonClass: 12330K(12928K)->12330K(12928K) Class: 1959K(2304K)->1959K(2304K)
[354.914s][info][gc             ] GC(2411) Pause Young (Allocation Failure) 158M->21M(494M) 33.983ms
[354.914s][info][gc,cpu         ] GC(2411) User=0.03s Sys=0.00s Real=0.02s
[355.031s][info][gc,start       ] GC(2412) Pause Young (Allocation Failure)
[355.066s][info][gc,heap        ] GC(2412) DefNew: 140063K(157248K)->289K(157248K) Eden: 139776K(139776K)->0K(139776K) From: 287K(17472K)->289K(17472K)
[355.066s][info][gc,heap        ] GC(2412) Tenured: 21767K(349568K)->21785K(349568K)
[355.066s][info][gc,metaspace   ] GC(2412) Metaspace: 14290K(15232K)->14290K(15232K) NonClass: 12330K(12928K)->12330K(12928K) Class: 1959K(2304K)->1959K(2304K)
[355.066s][info][gc             ] GC(2412) Pause Young (Allocation Failure) 158M->21M(494M) 35.172ms
[355.066s][info][gc,cpu         ] GC(2412) User=0.03s Sys=0.00s Real=0.03s
[355.182s][info][gc,start       ] GC(2413) Pause Young (Allocation Failure)
[355.216s][info][gc,heap        ] GC(2413) DefNew: 140065K(157248K)->288K(157248K) Eden: 139776K(139776K)->0K(139776K) From: 289K(17472K)->288K(17472K)
[355.216s][info][gc,heap        ] GC(2413) Tenured: 21785K(349568K)->21803K(349568K)
[355.216s][info][gc,metaspace   ] GC(2413) Metaspace: 14290K(15232K)->14290K(15232K) NonClass: 12330K(12928K)->12330K(12928K) Class: 1959K(2304K)->1959K(2304K)
[355.216s][info][gc             ] GC(2413) Pause Young (Allocation Failure) 158M->21M(494M) 34.339ms
[355.216s][info][gc,cpu         ] GC(2413) User=0.03s Sys=0.00s Real=0.03s
[355.331s][info][gc,start       ] GC(2414) Pause Young (Allocation Failure)
[355.366s][info][gc,heap        ] GC(2414) DefNew: 140064K(157248K)->288K(157248K) Eden: 139776K(139776K)->0K(139776K) From: 288K(17472K)->288K(17472K)
[355.366s][info][gc,heap        ] GC(2414) Tenured: 21803K(349568K)->21821K(349568K)
[355.366s][info][gc,metaspace   ] GC(2414) Metaspace: 14290K(15232K)->14290K(15232K) NonClass: 12330K(12928K)->12330K(12928K) Class: 1959K(2304K)->1959K(2304K)
[355.366s][info][gc             ] GC(2414) Pause Young (Allocation Failure) 158M->21M(494M) 35.130ms
[355.366s][info][gc,cpu         ] GC(2414) User=0.03s Sys=0.00s Real=0.03s
[355.480s][info][gc,start       ] GC(2415) Pause Young (Allocation Failure)
[355.514s][info][gc,heap        ] GC(2415) DefNew: 140064K(157248K)->287K(157248K) Eden: 139776K(139776K)->0K(139776K) From: 288K(17472K)->287K(17472K)
[355.514s][info][gc,heap        ] GC(2415) Tenured: 21821K(349568K)->21838K(349568K)
[355.514s][info][gc,metaspace   ] GC(2415) Metaspace: 14290K(15232K)->14290K(15232K) NonClass: 12330K(12928K)->12330K(12928K) Class: 1959K(2304K)->1959K(2304K)
[355.514s][info][gc             ] GC(2415) Pause Young (Allocation Failure) 158M->21M(494M) 34.721ms
[355.514s][info][gc,cpu         ] GC(2415) User=0.02s Sys=0.00s Real=0.03s
[355.632s][info][gc,start       ] GC(2416) Pause Young (Allocation Failure)
[355.668s][info][gc,heap        ] GC(2416) DefNew: 140063K(157248K)->290K(157248K) Eden: 139776K(139776K)->0K(139776K) From: 287K(17472K)->290K(17472K)
[355.668s][info][gc,heap        ] GC(2416) Tenured: 21838K(349568K)->21856K(349568K)
[355.668s][info][gc,metaspace   ] GC(2416) Metaspace: 14290K(15232K)->14290K(15232K) NonClass: 12330K(12928K)->12330K(12928K) Class: 1959K(2304K)->1959K(2304K)
[355.668s][info][gc             ] GC(2416) Pause Young (Allocation Failure) 158M->21M(494M) 35.985ms
[355.668s][info][gc,cpu         ] GC(2416) User=0.03s Sys=0.00s Real=0.04s
[355.881s][info][gc,start       ] GC(2417) Pause Young (Allocation Failure)
[355.922s][info][gc,heap        ] GC(2417) DefNew: 140066K(157248K)->293K(157248K) Eden: 139776K(139776K)->0K(139776K) From: 290K(17472K)->293K(17472K)
[355.922s][info][gc,heap        ] GC(2417) Tenured: 21856K(349568K)->21874K(349568K)
[355.922s][info][gc,metaspace   ] GC(2417) Metaspace: 14290K(15232K)->14290K(15232K) NonClass: 12330K(12928K)->12330K(12928K) Class: 1959K(2304K)->1959K(2304K)
[355.922s][info][gc             ] GC(2417) Pause Young (Allocation Failure) 158M->21M(494M) 41.532ms
[355.922s][info][gc,cpu         ] GC(2417) User=0.03s Sys=0.00s Real=0.03s
[356.056s][info][gc,start       ] GC(2418) Pause Young (Allocation Failure)
[356.081s][info][gc,heap        ] GC(2418) DefNew: 140069K(157248K)->295K(157248K) Eden: 139776K(139776K)->0K(139776K) From: 293K(17472K)->295K(17472K)
[356.081s][info][gc,heap        ] GC(2418) Tenured: 21874K(349568K)->21895K(349568K)
[356.081s][info][gc,metaspace   ] GC(2418) Metaspace: 14290K(15232K)->14290K(15232K) NonClass: 12330K(12928K)->12330K(12928K) Class: 1959K(2304K)->1959K(2304K)
[356.081s][info][gc             ] GC(2418) Pause Young (Allocation Failure) 158M->21M(494M) 25.549ms
[356.081s][info][gc,cpu         ] GC(2418) User=0.02s Sys=0.00s Real=0.02s
[356.209s][info][gc,start       ] GC(2419) Pause Young (Allocation Failure)
[356.233s][info][gc,heap        ] GC(2419) DefNew: 140071K(157248K)->299K(157248K) Eden: 139776K(139776K)->0K(139776K) From: 295K(17472K)->299K(17472K)
[356.233s][info][gc,heap        ] GC(2419) Tenured: 21895K(349568K)->21912K(349568K)
[356.233s][info][gc,metaspace   ] GC(2419) Metaspace: 14290K(15232K)->14290K(15232K) NonClass: 12330K(12928K)->12330K(12928K) Class: 1959K(2304K)->1959K(2304K)
[356.233s][info][gc             ] GC(2419) Pause Young (Allocation Failure) 158M->21M(494M) 23.473ms
[356.233s][info][gc,cpu         ] GC(2419) User=0.02s Sys=0.00s Real=0.02s
[356.359s][info][gc,start       ] GC(2420) Pause Young (Allocation Failure)
[356.388s][info][gc,heap        ] GC(2420) DefNew: 140005K(157248K)->300K(157248K) Eden: 139706K(139776K)->0K(139776K) From: 299K(17472K)->300K(17472K)
[356.388s][info][gc,heap        ] GC(2420) Tenured: 21912K(349568K)->21930K(349568K)
[356.388s][info][gc,metaspace   ] GC(2420) Metaspace: 14290K(15232K)->14290K(15232K) NonClass: 12330K(12928K)->12330K(12928K) Class: 1959K(2304K)->1959K(2304K)
[356.388s][info][gc             ] GC(2420) Pause Young (Allocation Failure) 158M->21M(494M) 29.300ms
[356.388s][info][gc,cpu         ] GC(2420) User=0.02s Sys=0.00s Real=0.02s
[356.515s][info][gc,start       ] GC(2421) Pause Young (Allocation Failure)
[356.544s][info][gc,heap        ] GC(2421) DefNew: 140076K(157248K)->301K(157248K) Eden: 139776K(139776K)->0K(139776K) From: 300K(17472K)->301K(17472K)
[356.544s][info][gc,heap        ] GC(2421) Tenured: 21930K(349568K)->21948K(349568K)
[356.544s][info][gc,metaspace   ] GC(2421) Metaspace: 14290K(15232K)->14290K(15232K) NonClass: 12330K(12928K)->12330K(12928K) Class: 1959K(2304K)->1959K(2304K)
[356.544s][info][gc             ] GC(2421) Pause Young (Allocation Failure) 158M->21M(494M) 29.539ms
[356.544s][info][gc,cpu         ] GC(2421) User=0.02s Sys=0.00s Real=0.02s
[356.671s][info][gc,start       ] GC(2422) Pause Young (Allocation Failure)
[356.701s][info][gc,heap        ] GC(2422) DefNew: 140077K(157248K)->303K(157248K) Eden: 139776K(139776K)->0K(139776K) From: 301K(17472K)->303K(17472K)
[356.701s][info][gc,heap        ] GC(2422) Tenured: 21948K(349568K)->21966K(349568K)
[356.701s][info][gc,metaspace   ] GC(2422) Metaspace: 14290K(15232K)->14290K(15232K) NonClass: 12330K(12928K)->12330K(12928K) Class: 1959K(2304K)->1959K(2304K)
[356.701s][info][gc             ] GC(2422) Pause Young (Allocation Failure) 158M->21M(494M) 29.770ms
[356.701s][info][gc,cpu         ] GC(2422) User=0.02s Sys=0.00s Real=0.02s
[356.824s][info][gc,start       ] GC(2423) Pause Young (Allocation Failure)
[356.853s][info][gc,heap        ] GC(2423) DefNew: 140079K(157248K)->302K(157248K) Eden: 139776K(139776K)->0K(139776K) From: 303K(17472K)->302K(17472K)
[356.853s][info][gc,heap        ] GC(2423) Tenured: 21966K(349568K)->21986K(349568K)
[356.853s][info][gc,metaspace   ] GC(2423) Metaspace: 14290K(15232K)->14290K(15232K) NonClass: 12330K(12928K)->12330K(12928K) Class: 1959K(2304K)->1959K(2304K)
[356.853s][info][gc             ] GC(2423) Pause Young (Allocation Failure) 158M->21M(494M) 29.008ms
[356.854s][info][gc,cpu         ] GC(2423) User=0.02s Sys=0.00s Real=0.02s
[356.938s][info][gc,start       ] GC(2424) Pause Young (Allocation Failure)
[356.960s][info][gc,heap        ] GC(2424) DefNew: 140078K(157248K)->295K(157248K) Eden: 139776K(139776K)->0K(139776K) From: 302K(17472K)->295K(17472K)
[356.960s][info][gc,heap        ] GC(2424) Tenured: 21986K(349568K)->22007K(349568K)
[356.960s][info][gc,metaspace   ] GC(2424) Metaspace: 14290K(15232K)->14290K(15232K) NonClass: 12330K(12928K)->12330K(12928K) Class: 1959K(2304K)->1959K(2304K)
[356.960s][info][gc             ] GC(2424) Pause Young (Allocation Failure) 158M->21M(494M) 21.783ms
[356.960s][info][gc,cpu         ] GC(2424) User=0.02s Sys=0.00s Real=0.01s
[357.042s][info][gc,start       ] GC(2425) Pause Young (Allocation Failure)
[357.062s][info][gc,heap        ] GC(2425) DefNew: 140071K(157248K)->287K(157248K) Eden: 139776K(139776K)->0K(139776K) From: 295K(17472K)->287K(17472K)
[357.062s][info][gc,heap        ] GC(2425) Tenured: 22007K(349568K)->22027K(349568K)
[357.062s][info][gc,metaspace   ] GC(2425) Metaspace: 14290K(15232K)->14290K(15232K) NonClass: 12330K(12928K)->12330K(12928K) Class: 1959K(2304K)->1959K(2304K)
[357.062s][info][gc             ] GC(2425) Pause Young (Allocation Failure) 158M->21M(494M) 20.428ms
[357.062s][info][gc,cpu         ] GC(2425) User=0.00s Sys=0.00s Real=0.01s
[357.166s][info][gc,start       ] GC(2426) Pause Young (Allocation Failure)
[357.187s][info][gc,heap        ] GC(2426) DefNew: 140063K(157248K)->284K(157248K) Eden: 139776K(139776K)->0K(139776K) From: 287K(17472K)->284K(17472K)
[357.187s][info][gc,heap        ] GC(2426) Tenured: 22027K(349568K)->22046K(349568K)
[357.187s][info][gc,metaspace   ] GC(2426) Metaspace: 14290K(15232K)->14290K(15232K) NonClass: 12330K(12928K)->12330K(12928K) Class: 1959K(2304K)->1959K(2304K)
[357.187s][info][gc             ] GC(2426) Pause Young (Allocation Failure) 158M->21M(494M) 21.340ms
[357.187s][info][gc,cpu         ] GC(2426) User=0.02s Sys=0.00s Real=0.02s
[357.333s][info][gc,start       ] GC(2427) Pause Young (Allocation Failure)
[357.357s][info][gc,heap        ] GC(2427) DefNew: 140060K(157248K)->295K(157248K) Eden: 139776K(139776K)->0K(139776K) From: 284K(17472K)->295K(17472K)
[357.357s][info][gc,heap        ] GC(2427) Tenured: 22046K(349568K)->22067K(349568K)
[357.357s][info][gc,metaspace   ] GC(2427) Metaspace: 14290K(15232K)->14290K(15232K) NonClass: 12330K(12928K)->12330K(12928K) Class: 1959K(2304K)->1959K(2304K)
[357.357s][info][gc             ] GC(2427) Pause Young (Allocation Failure) 158M->21M(494M) 23.199ms
[357.357s][info][gc,cpu         ] GC(2427) User=0.02s Sys=0.00s Real=0.01s
[357.445s][info][gc,start       ] GC(2428) Pause Full (System.gc())
[357.445s][info][gc,phases,start] GC(2428) Phase 1: Mark live objects
[357.476s][info][gc,phases      ] GC(2428) Phase 1: Mark live objects 31.227ms
[357.476s][info][gc,phases,start] GC(2428) Phase 2: Compute new object addresses
[357.488s][info][gc,phases      ] GC(2428) Phase 2: Compute new object addresses 11.584ms
[357.488s][info][gc,phases,start] GC(2428) Phase 3: Adjust pointers
[357.508s][info][gc,phases      ] GC(2428) Phase 3: Adjust pointers 20.130ms
[357.508s][info][gc,phases,start] GC(2428) Phase 4: Move objects
[357.508s][info][gc,phases      ] GC(2428) Phase 4: Move objects 0.011ms
[357.508s][info][gc,heap        ] GC(2428) DefNew: 43174K(157248K)->0K(157248K) Eden: 42878K(139776K)->0K(139776K) From: 295K(17472K)->0K(17472K)
[357.508s][info][gc,heap        ] GC(2428) Tenured: 22067K(349568K)->5371K(349568K)
[357.508s][info][gc,metaspace   ] GC(2428) Metaspace: 14290K(15232K)->14290K(15232K) NonClass: 12331K(12928K)->12331K(12928K) Class: 1959K(2304K)->1959K(2304K)
[357.508s][info][gc             ] GC(2428) Pause Full (System.gc()) 63M->5M(494M) 63.317ms
[357.508s][info][gc,cpu         ] GC(2428) User=0.06s Sys=0.00s Real=0.06s
[357.606s][info][gc,start       ] GC(2429) Pause Young (Allocation Failure)
[357.637s][info][gc,heap        ] GC(2429) DefNew: 139776K(157248K)->1476K(157248K) Eden: 139776K(139776K)->0K(139776K) From: 0K(17472K)->1476K(17472K)
[357.637s][info][gc,heap        ] GC(2429) Tenured: 5371K(349568K)->5371K(349568K)
[357.637s][info][gc,metaspace   ] GC(2429) Metaspace: 14290K(15232K)->14290K(15232K) NonClass: 12331K(12928K)->12331K(12928K) Class: 1959K(2304K)->1959K(2304K)
[357.637s][info][gc             ] GC(2429) Pause Young (Allocation Failure) 141M->6M(494M) 30.626ms
[357.637s][info][gc,cpu         ] GC(2429) User=0.03s Sys=0.00s Real=0.03s
[357.755s][info][gc,start       ] GC(2430) Pause Young (Allocation Failure)
[357.787s][info][gc,heap        ] GC(2430) DefNew: 141252K(157248K)->1496K(157248K) Eden: 139776K(139776K)->0K(139776K) From: 1476K(17472K)->1496K(17472K)
[357.788s][info][gc,heap        ] GC(2430) Tenured: 5371K(349568K)->5371K(349568K)
[357.788s][info][gc,metaspace   ] GC(2430) Metaspace: 14290K(15232K)->14290K(15232K) NonClass: 12331K(12928K)->12331K(12928K) Class: 1959K(2304K)->1959K(2304K)
[357.788s][info][gc             ] GC(2430) Pause Young (Allocation Failure) 143M->6M(494M) 32.742ms
[357.788s][info][gc,cpu         ] GC(2430) User=0.03s Sys=0.00s Real=0.03s
[357.912s][info][gc,start       ] GC(2431) Pause Young (Allocation Failure)
[357.944s][info][gc,heap        ] GC(2431) DefNew: 141272K(157248K)->1517K(157248K) Eden: 139776K(139776K)->0K(139776K) From: 1496K(17472K)->1517K(17472K)
[357.944s][info][gc,heap        ] GC(2431) Tenured: 5371K(349568K)->5371K(349568K)
[357.944s][info][gc,metaspace   ] GC(2431) Metaspace: 14290K(15232K)->14290K(15232K) NonClass: 12331K(12928K)->12331K(12928K) Class: 1959K(2304K)->1959K(2304K)
[357.944s][info][gc             ] GC(2431) Pause Young (Allocation Failure) 143M->6M(494M) 32.168ms
[357.944s][info][gc,cpu         ] GC(2431) User=0.03s Sys=0.00s Real=0.03s
[358.060s][info][gc,start       ] GC(2432) Pause Young (Allocation Failure)
[358.093s][info][gc,heap        ] GC(2432) DefNew: 141293K(157248K)->1537K(157248K) Eden: 139776K(139776K)->0K(139776K) From: 1517K(17472K)->1537K(17472K)
[358.093s][info][gc,heap        ] GC(2432) Tenured: 5371K(349568K)->5371K(349568K)
[358.093s][info][gc,metaspace   ] GC(2432) Metaspace: 14290K(15232K)->14290K(15232K) NonClass: 12331K(12928K)->12331K(12928K) Class: 1959K(2304K)->1959K(2304K)
[358.093s][info][gc             ] GC(2432) Pause Young (Allocation Failure) 143M->6M(494M) 33.054ms
[358.093s][info][gc,cpu         ] GC(2432) User=0.03s Sys=0.00s Real=0.03s
[358.205s][info][gc,start       ] GC(2433) Pause Young (Allocation Failure)
[358.237s][info][gc,heap        ] GC(2433) DefNew: 141313K(157248K)->1556K(157248K) Eden: 139776K(139776K)->0K(139776K) From: 1537K(17472K)->1556K(17472K)
[358.237s][info][gc,heap        ] GC(2433) Tenured: 5371K(349568K)->5371K(349568K)
[358.237s][info][gc,metaspace   ] GC(2433) Metaspace: 14290K(15232K)->14290K(15232K) NonClass: 12331K(12928K)->12331K(12928K) Class: 1959K(2304K)->1959K(2304K)
[358.237s][info][gc             ] GC(2433) Pause Young (Allocation Failure) 143M->6M(494M) 32.499ms
[358.237s][info][gc,cpu         ] GC(2433) User=0.03s Sys=0.00s Real=0.03s
[358.350s][info][gc,start       ] GC(2434) Pause Young (Allocation Failure)
[358.384s][info][gc,heap        ] GC(2434) DefNew: 141332K(157248K)->1577K(157248K) Eden: 139776K(139776K)->0K(139776K) From: 1556K(17472K)->1577K(17472K)
[358.384s][info][gc,heap        ] GC(2434) Tenured: 5371K(349568K)->5371K(349568K)
[358.384s][info][gc,metaspace   ] GC(2434) Metaspace: 14290K(15232K)->14290K(15232K) NonClass: 12331K(12928K)->12331K(12928K) Class: 1959K(2304K)->1959K(2304K)
[358.384s][info][gc             ] GC(2434) Pause Young (Allocation Failure) 143M->6M(494M) 34.000ms
[358.384s][info][gc,cpu         ] GC(2434) User=0.03s Sys=0.00s Real=0.03s
[358.498s][info][gc,start       ] GC(2435) Pause Young (Allocation Failure)
[358.531s][info][gc,heap        ] GC(2435) DefNew: 141353K(157248K)->1595K(157248K) Eden: 139776K(139776K)->0K(139776K) From: 1577K(17472K)->1595K(17472K)
[358.531s][info][gc,heap        ] GC(2435) Tenured: 5371K(349568K)->5371K(349568K)
[358.531s][info][gc,metaspace   ] GC(2435) Metaspace: 14290K(15232K)->14290K(15232K) NonClass: 12331K(12928K)->12331K(12928K) Class: 1959K(2304K)->1959K(2304K)
[358.531s][info][gc             ] GC(2435) Pause Young (Allocation Failure) 143M->6M(494M) 33.021ms
[358.531s][info][gc,cpu         ] GC(2435) User=0.03s Sys=0.00s Real=0.03s
[358.649s][info][gc,start       ] GC(2436) Pause Young (Allocation Failure)
[358.684s][info][gc,heap        ] GC(2436) DefNew: 141371K(157248K)->1615K(157248K) Eden: 139776K(139776K)->0K(139776K) From: 1595K(17472K)->1615K(17472K)
[358.684s][info][gc,heap        ] GC(2436) Tenured: 5371K(349568K)->5371K(349568K)
[358.684s][info][gc,metaspace   ] GC(2436) Metaspace: 14290K(15232K)->14290K(15232K) NonClass: 12331K(12928K)->12331K(12928K) Class: 1959K(2304K)->1959K(2304K)
[358.684s][info][gc             ] GC(2436) Pause Young (Allocation Failure) 143M->6M(494M) 34.782ms
[358.684s][info][gc,cpu         ] GC(2436) User=0.03s Sys=0.00s Real=0.04s
[358.800s][info][gc,start       ] GC(2437) Pause Young (Allocation Failure)
[358.825s][info][gc,heap        ] GC(2437) DefNew: 141391K(157248K)->1633K(157248K) Eden: 139776K(139776K)->0K(139776K) From: 1615K(17472K)->1633K(17472K)
[358.825s][info][gc,heap        ] GC(2437) Tenured: 5371K(349568K)->5371K(349568K)
[358.825s][info][gc,metaspace   ] GC(2437) Metaspace: 14290K(15232K)->14290K(15232K) NonClass: 12331K(12928K)->12331K(12928K) Class: 1959K(2304K)->1959K(2304K)
[358.825s][info][gc             ] GC(2437) Pause Young (Allocation Failure) 143M->6M(494M) 25.140ms
[358.825s][info][gc,cpu         ] GC(2437) User=0.03s Sys=0.00s Real=0.02s
[358.934s][info][gc,start       ] GC(2438) Pause Young (Allocation Failure)
[358.959s][info][gc,heap        ] GC(2438) DefNew: 141409K(157248K)->1651K(157248K) Eden: 139776K(139776K)->0K(139776K) From: 1633K(17472K)->1651K(17472K)
[358.959s][info][gc,heap        ] GC(2438) Tenured: 5371K(349568K)->5371K(349568K)
[358.959s][info][gc,metaspace   ] GC(2438) Metaspace: 14290K(15232K)->14290K(15232K) NonClass: 12331K(12928K)->12331K(12928K) Class: 1959K(2304K)->1959K(2304K)
[358.959s][info][gc             ] GC(2438) Pause Young (Allocation Failure) 143M->6M(494M) 25.174ms
[358.959s][info][gc,cpu         ] GC(2438) User=0.02s Sys=0.00s Real=0.01s
[359.075s][info][gc,start       ] GC(2439) Pause Young (Allocation Failure)
[359.101s][info][gc,heap        ] GC(2439) DefNew: 141427K(157248K)->1670K(157248K) Eden: 139776K(139776K)->0K(139776K) From: 1651K(17472K)->1670K(17472K)
[359.101s][info][gc,heap        ] GC(2439) Tenured: 5371K(349568K)->5371K(349568K)
[359.101s][info][gc,metaspace   ] GC(2439) Metaspace: 14290K(15232K)->14290K(15232K) NonClass: 12331K(12928K)->12331K(12928K) Class: 1959K(2304K)->1959K(2304K)
[359.101s][info][gc             ] GC(2439) Pause Young (Allocation Failure) 143M->6M(494M) 25.647ms
[359.101s][info][gc,cpu         ] GC(2439) User=0.03s Sys=0.00s Real=0.03s
[359.220s][info][gc,start       ] GC(2440) Pause Young (Allocation Failure)
[359.246s][info][gc,heap        ] GC(2440) DefNew: 141446K(157248K)->1689K(157248K) Eden: 139776K(139776K)->0K(139776K) From: 1670K(17472K)->1689K(17472K)
[359.246s][info][gc,heap        ] GC(2440) Tenured: 5371K(349568K)->5371K(349568K)
[359.246s][info][gc,metaspace   ] GC(2440) Metaspace: 14290K(15232K)->14290K(15232K) NonClass: 12331K(12928K)->12331K(12928K) Class: 1959K(2304K)->1959K(2304K)
[359.246s][info][gc             ] GC(2440) Pause Young (Allocation Failure) 143M->6M(494M) 26.105ms
[359.246s][info][gc,cpu         ] GC(2440) User=0.03s Sys=0.00s Real=0.03s
[359.361s][info][gc,start       ] GC(2441) Pause Young (Allocation Failure)
[359.388s][info][gc,heap        ] GC(2441) DefNew: 141465K(157248K)->1707K(157248K) Eden: 139776K(139776K)->0K(139776K) From: 1689K(17472K)->1707K(17472K)
[359.388s][info][gc,heap        ] GC(2441) Tenured: 5371K(349568K)->5371K(349568K)
[359.388s][info][gc,metaspace   ] GC(2441) Metaspace: 14290K(15232K)->14290K(15232K) NonClass: 12331K(12928K)->12331K(12928K) Class: 1959K(2304K)->1959K(2304K)
[359.388s][info][gc             ] GC(2441) Pause Young (Allocation Failure) 143M->6M(494M) 27.179ms
[359.388s][info][gc,cpu         ] GC(2441) User=0.02s Sys=0.00s Real=0.02s
[359.506s][info][gc,start       ] GC(2442) Pause Young (Allocation Failure)
[359.532s][info][gc,heap        ] GC(2442) DefNew: 141483K(157248K)->1727K(157248K) Eden: 139776K(139776K)->0K(139776K) From: 1707K(17472K)->1727K(17472K)
[359.532s][info][gc,heap        ] GC(2442) Tenured: 5371K(349568K)->5371K(349568K)
[359.532s][info][gc,metaspace   ] GC(2442) Metaspace: 14290K(15232K)->14290K(15232K) NonClass: 12331K(12928K)->12331K(12928K) Class: 1959K(2304K)->1959K(2304K)
[359.532s][info][gc             ] GC(2442) Pause Young (Allocation Failure) 143M->6M(494M) 26.726ms
[359.532s][info][gc,cpu         ] GC(2442) User=0.03s Sys=0.00s Real=0.03s
[359.645s][info][gc,start       ] GC(2443) Pause Young (Allocation Failure)
[359.671s][info][gc,heap        ] GC(2443) DefNew: 141503K(157248K)->1748K(157248K) Eden: 139776K(139776K)->0K(139776K) From: 1727K(17472K)->1748K(17472K)
[359.672s][info][gc,heap        ] GC(2443) Tenured: 5371K(349568K)->5371K(349568K)
[359.672s][info][gc,metaspace   ] GC(2443) Metaspace: 14290K(15232K)->14290K(15232K) NonClass: 12331K(12928K)->12331K(12928K) Class: 1959K(2304K)->1959K(2304K)
[359.672s][info][gc             ] GC(2443) Pause Young (Allocation Failure) 143M->6M(494M) 26.348ms
[359.672s][info][gc,cpu         ] GC(2443) User=0.02s Sys=0.00s Real=0.02s
[359.803s][info][gc,start       ] GC(2444) Pause Young (Allocation Failure)
[359.832s][info][gc,heap        ] GC(2444) DefNew: 141524K(157248K)->297K(157248K) Eden: 139776K(139776K)->0K(139776K) From: 1748K(17472K)->297K(17472K)
[359.832s][info][gc,heap        ] GC(2444) Tenured: 5371K(349568K)->6839K(349568K)
[359.832s][info][gc,metaspace   ] GC(2444) Metaspace: 14290K(15232K)->14290K(15232K) NonClass: 12331K(12928K)->12331K(12928K) Class: 1959K(2304K)->1959K(2304K)
[359.832s][info][gc             ] GC(2444) Pause Young (Allocation Failure) 143M->6M(494M) 29.325ms
[359.832s][info][gc,cpu         ] GC(2444) User=0.02s Sys=0.00s Real=0.02s
[359.950s][info][gc,start       ] GC(2445) Pause Young (Allocation Failure)
[359.985s][info][gc,heap        ] GC(2445) DefNew: 140073K(157248K)->297K(157248K) Eden: 139776K(139776K)->0K(139776K) From: 297K(17472K)->297K(17472K)
[359.985s][info][gc,heap        ] GC(2445) Tenured: 6839K(349568K)->6860K(349568K)
[359.985s][info][gc,metaspace   ] GC(2445) Metaspace: 14290K(15232K)->14290K(15232K) NonClass: 12331K(12928K)->12331K(12928K) Class: 1959K(2304K)->1959K(2304K)
[359.985s][info][gc             ] GC(2445) Pause Young (Allocation Failure) 143M->6M(494M) 35.398ms
[359.985s][info][gc,cpu         ] GC(2445) User=0.03s Sys=0.00s Real=0.03s
[360.106s][info][gc,start       ] GC(2446) Pause Young (Allocation Failure)
[360.140s][info][gc,heap        ] GC(2446) DefNew: 140073K(157248K)->297K(157248K) Eden: 139776K(139776K)->0K(139776K) From: 297K(17472K)->297K(17472K)
[360.141s][info][gc,heap        ] GC(2446) Tenured: 6860K(349568K)->6881K(349568K)
[360.141s][info][gc,metaspace   ] GC(2446) Metaspace: 14290K(15232K)->14290K(15232K) NonClass: 12331K(12928K)->12331K(12928K) Class: 1959K(2304K)->1959K(2304K)
[360.141s][info][gc             ] GC(2446) Pause Young (Allocation Failure) 143M->7M(494M) 35.064ms
[360.141s][info][gc,cpu         ] GC(2446) User=0.03s Sys=0.00s Real=0.03s
[360.258s][info][gc,start       ] GC(2447) Pause Young (Allocation Failure)
[360.290s][info][gc,heap        ] GC(2447) DefNew: 140073K(157248K)->297K(157248K) Eden: 139776K(139776K)->0K(139776K) From: 297K(17472K)->297K(17472K)
[360.290s][info][gc,heap        ] GC(2447) Tenured: 6881K(349568K)->6898K(349568K)
[360.290s][info][gc,metaspace   ] GC(2447) Metaspace: 14290K(15232K)->14290K(15232K) NonClass: 12331K(12928K)->12331K(12928K) Class: 1959K(2304K)->1959K(2304K)
[360.290s][info][gc             ] GC(2447) Pause Young (Allocation Failure) 143M->7M(494M) 32.080ms
[360.290s][info][gc,cpu         ] GC(2447) User=0.02s Sys=0.00s Real=0.02s
[360.410s][info][gc,start       ] GC(2448) Pause Young (Allocation Failure)
[360.440s][info][gc,heap        ] GC(2448) DefNew: 140073K(157248K)->297K(157248K) Eden: 139776K(139776K)->0K(139776K) From: 297K(17472K)->297K(17472K)
[360.440s][info][gc,heap        ] GC(2448) Tenured: 6898K(349568K)->6919K(349568K)
[360.440s][info][gc,metaspace   ] GC(2448) Metaspace: 14290K(15232K)->14290K(15232K) NonClass: 12331K(12928K)->12331K(12928K) Class: 1959K(2304K)->1959K(2304K)
[360.440s][info][gc             ] GC(2448) Pause Young (Allocation Failure) 143M->7M(494M) 29.988ms
[360.440s][info][gc,cpu         ] GC(2448) User=0.03s Sys=0.00s Real=0.03s
[360.570s][info][gc,start       ] GC(2449) Pause Young (Allocation Failure)
[360.598s][info][gc,heap        ] GC(2449) DefNew: 140073K(157248K)->299K(157248K) Eden: 139775K(139776K)->0K(139776K) From: 297K(17472K)->299K(17472K)
[360.598s][info][gc,heap        ] GC(2449) Tenured: 6919K(349568K)->6940K(349568K)
[360.598s][info][gc,metaspace   ] GC(2449) Metaspace: 14290K(15232K)->14290K(15232K) NonClass: 12331K(12928K)->12331K(12928K) Class: 1959K(2304K)->1959K(2304K)
[360.598s][info][gc             ] GC(2449) Pause Young (Allocation Failure) 143M->7M(494M) 28.261ms
[360.598s][info][gc,cpu         ] GC(2449) User=0.02s Sys=0.00s Real=0.03s
[360.719s][info][gc,start       ] GC(2450) Pause Young (Allocation Failure)
[360.749s][info][gc,heap        ] GC(2450) DefNew: 140075K(157248K)->301K(157248K) Eden: 139776K(139776K)->0K(139776K) From: 299K(17472K)->301K(17472K)
[360.749s][info][gc,heap        ] GC(2450) Tenured: 6940K(349568K)->6957K(349568K)
[360.749s][info][gc,metaspace   ] GC(2450) Metaspace: 14290K(15232K)->14290K(15232K) NonClass: 12331K(12928K)->12331K(12928K) Class: 1959K(2304K)->1959K(2304K)
[360.749s][info][gc             ] GC(2450) Pause Young (Allocation Failure) 143M->7M(494M) 29.721ms
[360.749s][info][gc,cpu         ] GC(2450) User=0.03s Sys=0.00s Real=0.03s
[360.861s][info][gc,start       ] GC(2451) Pause Young (Allocation Failure)
[360.884s][info][gc,heap        ] GC(2451) DefNew: 140077K(157248K)->297K(157248K) Eden: 139776K(139776K)->0K(139776K) From: 301K(17472K)->297K(17472K)
[360.884s][info][gc,heap        ] GC(2451) Tenured: 6957K(349568K)->6978K(349568K)
[360.884s][info][gc,metaspace   ] GC(2451) Metaspace: 14290K(15232K)->14290K(15232K) NonClass: 12331K(12928K)->12331K(12928K) Class: 1959K(2304K)->1959K(2304K)
[360.884s][info][gc             ] GC(2451) Pause Young (Allocation Failure) 143M->7M(494M) 22.302ms
[360.884s][info][gc,cpu         ] GC(2451) User=0.03s Sys=0.00s Real=0.02s
[360.996s][info][gc,start       ] GC(2452) Pause Young (Allocation Failure)
[361.019s][info][gc,heap        ] GC(2452) DefNew: 140073K(157248K)->301K(157248K) Eden: 139776K(139776K)->0K(139776K) From: 297K(17472K)->301K(17472K)
[361.019s][info][gc,heap        ] GC(2452) Tenured: 6978K(349568K)->6996K(349568K)
[361.019s][info][gc,metaspace   ] GC(2452) Metaspace: 14290K(15232K)->14290K(15232K) NonClass: 12331K(12928K)->12331K(12928K) Class: 1959K(2304K)->1959K(2304K)
[361.019s][info][gc             ] GC(2452) Pause Young (Allocation Failure) 143M->7M(494M) 22.746ms
[361.019s][info][gc,cpu         ] GC(2452) User=0.02s Sys=0.00s Real=0.02s
[361.130s][info][gc,start       ] GC(2453) Pause Young (Allocation Failure)
[361.159s][info][gc,heap        ] GC(2453) DefNew: 140077K(157248K)->300K(157248K) Eden: 139776K(139776K)->0K(139776K) From: 301K(17472K)->300K(17472K)
[361.159s][info][gc,heap        ] GC(2453) Tenured: 6996K(349568K)->7013K(349568K)
[361.159s][info][gc,metaspace   ] GC(2453) Metaspace: 14290K(15232K)->14290K(15232K) NonClass: 12331K(12928K)->12331K(12928K) Class: 1959K(2304K)->1959K(2304K)
[361.159s][info][gc             ] GC(2453) Pause Young (Allocation Failure) 143M->7M(494M) 29.931ms
[361.159s][info][gc,cpu         ] GC(2453) User=0.03s Sys=0.00s Real=0.03s
[361.274s][info][gc,start       ] GC(2454) Pause Young (Allocation Failure)
[361.304s][info][gc,heap        ] GC(2454) DefNew: 140076K(157248K)->304K(157248K) Eden: 139776K(139776K)->0K(139776K) From: 300K(17472K)->304K(17472K)
[361.304s][info][gc,heap        ] GC(2454) Tenured: 7013K(349568K)->7031K(349568K)
[361.304s][info][gc,metaspace   ] GC(2454) Metaspace: 14290K(15232K)->14290K(15232K) NonClass: 12331K(12928K)->12331K(12928K) Class: 1959K(2304K)->1959K(2304K)
[361.304s][info][gc             ] GC(2454) Pause Young (Allocation Failure) 143M->7M(494M) 30.101ms
[361.304s][info][gc,cpu         ] GC(2454) User=0.03s Sys=0.00s Real=0.03s
[361.417s][info][gc,start       ] GC(2455) Pause Young (Allocation Failure)
[361.446s][info][gc,heap        ] GC(2455) DefNew: 140080K(157248K)->301K(157248K) Eden: 139776K(139776K)->0K(139776K) From: 304K(17472K)->301K(17472K)
[361.447s][info][gc,heap        ] GC(2455) Tenured: 7031K(349568K)->7051K(349568K)
[361.447s][info][gc,metaspace   ] GC(2455) Metaspace: 14290K(15232K)->14290K(15232K) NonClass: 12331K(12928K)->12331K(12928K) Class: 1959K(2304K)->1959K(2304K)
[361.447s][info][gc             ] GC(2455) Pause Young (Allocation Failure) 143M->7M(494M) 30.056ms
[361.447s][info][gc,cpu         ] GC(2455) User=0.02s Sys=0.00s Real=0.02s
[361.561s][info][gc,start       ] GC(2456) Pause Young (Allocation Failure)
[361.592s][info][gc,heap        ] GC(2456) DefNew: 140077K(157248K)->305K(157248K) Eden: 139776K(139776K)->0K(139776K) From: 301K(17472K)->305K(17472K)
[361.592s][info][gc,heap        ] GC(2456) Tenured: 7051K(349568K)->7069K(349568K)
[361.592s][info][gc,metaspace   ] GC(2456) Metaspace: 14290K(15232K)->14290K(15232K) NonClass: 12331K(12928K)->12331K(12928K) Class: 1959K(2304K)->1959K(2304K)
[361.592s][info][gc             ] GC(2456) Pause Young (Allocation Failure) 143M->7M(494M) 31.293ms
[361.592s][info][gc,cpu         ] GC(2456) User=0.03s Sys=0.00s Real=0.03s
[361.707s][info][gc,start       ] GC(2457) Pause Young (Allocation Failure)
[361.738s][info][gc,heap        ] GC(2457) DefNew: 140081K(157248K)->302K(157248K) Eden: 139776K(139776K)->0K(139776K) From: 305K(17472K)->302K(17472K)
[361.738s][info][gc,heap        ] GC(2457) Tenured: 7069K(349568K)->7090K(349568K)
[361.738s][info][gc,metaspace   ] GC(2457) Metaspace: 14290K(15232K)->14290K(15232K) NonClass: 12331K(12928K)->12331K(12928K) Class: 1959K(2304K)->1959K(2304K)
[361.738s][info][gc             ] GC(2457) Pause Young (Allocation Failure) 143M->7M(494M) 30.506ms
[361.738s][info][gc,cpu         ] GC(2457) User=0.03s Sys=0.00s Real=0.02s
[361.851s][info][gc,start       ] GC(2458) Pause Young (Allocation Failure)
[361.882s][info][gc,heap        ] GC(2458) DefNew: 140078K(157248K)->299K(157248K) Eden: 139776K(139776K)->0K(139776K) From: 302K(17472K)->299K(17472K)
[361.882s][info][gc,heap        ] GC(2458) Tenured: 7090K(349568K)->7110K(349568K)
[361.882s][info][gc,metaspace   ] GC(2458) Metaspace: 14290K(15232K)->14290K(15232K) NonClass: 12331K(12928K)->12331K(12928K) Class: 1959K(2304K)->1959K(2304K)
[361.882s][info][gc             ] GC(2458) Pause Young (Allocation Failure) 143M->7M(494M) 30.822ms
[361.882s][info][gc,cpu         ] GC(2458) User=0.02s Sys=0.00s Real=0.03s
[361.999s][info][gc,start       ] GC(2459) Pause Young (Allocation Failure)
[362.033s][info][gc,heap        ] GC(2459) DefNew: 140075K(157248K)->302K(157248K) Eden: 139776K(139776K)->0K(139776K) From: 299K(17472K)->302K(17472K)
[362.033s][info][gc,heap        ] GC(2459) Tenured: 7110K(349568K)->7128K(349568K)
[362.033s][info][gc,metaspace   ] GC(2459) Metaspace: 14290K(15232K)->14290K(15232K) NonClass: 12331K(12928K)->12331K(12928K) Class: 1959K(2304K)->1959K(2304K)
[362.033s][info][gc             ] GC(2459) Pause Young (Allocation Failure) 143M->7M(494M) 34.071ms
[362.033s][info][gc,cpu         ] GC(2459) User=0.03s Sys=0.00s Real=0.03s
[362.149s][info][gc,start       ] GC(2460) Pause Young (Allocation Failure)
[362.173s][info][gc,heap        ] GC(2460) DefNew: 140078K(157248K)->303K(157248K) Eden: 139776K(139776K)->0K(139776K) From: 302K(17472K)->303K(17472K)
[362.173s][info][gc,heap        ] GC(2460) Tenured: 7128K(349568K)->7148K(349568K)
[362.173s][info][gc,metaspace   ] GC(2460) Metaspace: 14290K(15232K)->14290K(15232K) NonClass: 12331K(12928K)->12331K(12928K) Class: 1959K(2304K)->1959K(2304K)
[362.173s][info][gc             ] GC(2460) Pause Young (Allocation Failure) 143M->7M(494M) 23.908ms
[362.173s][info][gc,cpu         ] GC(2460) User=0.02s Sys=0.00s Real=0.02s
[362.287s][info][gc,start       ] GC(2461) Pause Young (Allocation Failure)
[362.312s][info][gc,heap        ] GC(2461) DefNew: 140079K(157248K)->300K(157248K) Eden: 139776K(139776K)->0K(139776K) From: 303K(17472K)->300K(17472K)
[362.312s][info][gc,heap        ] GC(2461) Tenured: 7148K(349568K)->7169K(349568K)
[362.312s][info][gc,metaspace   ] GC(2461) Metaspace: 14290K(15232K)->14290K(15232K) NonClass: 12331K(12928K)->12331K(12928K) Class: 1959K(2304K)->1959K(2304K)
[362.312s][info][gc             ] GC(2461) Pause Young (Allocation Failure) 143M->7M(494M) 24.270ms
[362.312s][info][gc,cpu         ] GC(2461) User=0.02s Sys=0.00s Real=0.02s
[362.424s][info][gc,start       ] GC(2462) Pause Young (Allocation Failure)
[362.457s][info][gc,heap        ] GC(2462) DefNew: 140076K(157248K)->301K(157248K) Eden: 139776K(139776K)->0K(139776K) From: 300K(17472K)->301K(17472K)
[362.457s][info][gc,heap        ] GC(2462) Tenured: 7169K(349568K)->7187K(349568K)
[362.457s][info][gc,metaspace   ] GC(2462) Metaspace: 14290K(15232K)->14290K(15232K) NonClass: 12331K(12928K)->12331K(12928K) Class: 1959K(2304K)->1959K(2304K)
[362.457s][info][gc             ] GC(2462) Pause Young (Allocation Failure) 143M->7M(494M) 32.595ms
[362.457s][info][gc,cpu         ] GC(2462) User=0.03s Sys=0.00s Real=0.03s
[362.573s][info][gc,start       ] GC(2463) Pause Young (Allocation Failure)
[362.607s][info][gc,heap        ] GC(2463) DefNew: 140077K(157248K)->299K(157248K) Eden: 139776K(139776K)->0K(139776K) From: 301K(17472K)->299K(17472K)
[362.608s][info][gc,heap        ] GC(2463) Tenured: 7187K(349568K)->7209K(349568K)
[362.608s][info][gc,metaspace   ] GC(2463) Metaspace: 14290K(15232K)->14290K(15232K) NonClass: 12331K(12928K)->12331K(12928K) Class: 1959K(2304K)->1959K(2304K)
[362.608s][info][gc             ] GC(2463) Pause Young (Allocation Failure) 143M->7M(494M) 34.281ms
[362.608s][info][gc,cpu         ] GC(2463) User=0.02s Sys=0.00s Real=0.02s
[362.724s][info][gc,start       ] GC(2464) Pause Young (Allocation Failure)
[362.756s][info][gc,heap        ] GC(2464) DefNew: 140075K(157248K)->297K(157248K) Eden: 139776K(139776K)->0K(139776K) From: 299K(17472K)->297K(17472K)
[362.756s][info][gc,heap        ] GC(2464) Tenured: 7209K(349568K)->7229K(349568K)
[362.756s][info][gc,metaspace   ] GC(2464) Metaspace: 14290K(15232K)->14290K(15232K) NonClass: 12331K(12928K)->12331K(12928K) Class: 1959K(2304K)->1959K(2304K)
[362.757s][info][gc             ] GC(2464) Pause Young (Allocation Failure) 143M->7M(494M) 32.897ms
[362.757s][info][gc,cpu         ] GC(2464) User=0.03s Sys=0.00s Real=0.03s
[362.873s][info][gc,start       ] GC(2465) Pause Young (Allocation Failure)
[362.906s][info][gc,heap        ] GC(2465) DefNew: 140073K(157248K)->294K(157248K) Eden: 139776K(139776K)->0K(139776K) From: 297K(17472K)->294K(17472K)
[362.906s][info][gc,heap        ] GC(2465) Tenured: 7229K(349568K)->7250K(349568K)
[362.906s][info][gc,metaspace   ] GC(2465) Metaspace: 14290K(15232K)->14290K(15232K) NonClass: 12331K(12928K)->12331K(12928K) Class: 1959K(2304K)->1959K(2304K)
[362.906s][info][gc             ] GC(2465) Pause Young (Allocation Failure) 143M->7M(494M) 33.295ms
[362.906s][info][gc,cpu         ] GC(2465) User=0.03s Sys=0.00s Real=0.03s
[363.020s][info][gc,start       ] GC(2466) Pause Young (Allocation Failure)
[363.054s][info][gc,heap        ] GC(2466) DefNew: 140070K(157248K)->292K(157248K) Eden: 139776K(139776K)->0K(139776K) From: 294K(17472K)->292K(17472K)
[363.054s][info][gc,heap        ] GC(2466) Tenured: 7250K(349568K)->7268K(349568K)
[363.054s][info][gc,metaspace   ] GC(2466) Metaspace: 14290K(15232K)->14290K(15232K) NonClass: 12331K(12928K)->12331K(12928K) Class: 1959K(2304K)->1959K(2304K)
[363.054s][info][gc             ] GC(2466) Pause Young (Allocation Failure) 143M->7M(494M) 33.581ms
[363.054s][info][gc,cpu         ] GC(2466) User=0.05s Sys=0.00s Real=0.03s
[363.168s][info][gc,start       ] GC(2467) Pause Young (Allocation Failure)
[363.203s][info][gc,heap        ] GC(2467) DefNew: 140068K(157248K)->291K(157248K) Eden: 139776K(139776K)->0K(139776K) From: 292K(17472K)->291K(17472K)
[363.203s][info][gc,heap        ] GC(2467) Tenured: 7268K(349568K)->7288K(349568K)
[363.203s][info][gc,metaspace   ] GC(2467) Metaspace: 14290K(15232K)->14290K(15232K) NonClass: 12331K(12928K)->12331K(12928K) Class: 1959K(2304K)->1959K(2304K)
[363.203s][info][gc             ] GC(2467) Pause Young (Allocation Failure) 143M->7M(494M) 35.598ms
[363.203s][info][gc,cpu         ] GC(2467) User=0.03s Sys=0.00s Real=0.04s
[363.319s][info][gc,start       ] GC(2468) Pause Young (Allocation Failure)
[363.353s][info][gc,heap        ] GC(2468) DefNew: 140067K(157248K)->291K(157248K) Eden: 139776K(139776K)->0K(139776K) From: 291K(17472K)->291K(17472K)
[363.353s][info][gc,heap        ] GC(2468) Tenured: 7288K(349568K)->7306K(349568K)
[363.353s][info][gc,metaspace   ] GC(2468) Metaspace: 14290K(15232K)->14290K(15232K) NonClass: 12331K(12928K)->12331K(12928K) Class: 1959K(2304K)->1959K(2304K)
[363.353s][info][gc             ] GC(2468) Pause Young (Allocation Failure) 143M->7M(494M) 34.609ms
[363.353s][info][gc,cpu         ] GC(2468) User=0.03s Sys=0.00s Real=0.02s
[363.468s][info][gc,start       ] GC(2469) Pause Young (Allocation Failure)
[363.503s][info][gc,heap        ] GC(2469) DefNew: 140067K(157248K)->290K(157248K) Eden: 139776K(139776K)->0K(139776K) From: 291K(17472K)->290K(17472K)
[363.503s][info][gc,heap        ] GC(2469) Tenured: 7306K(349568K)->7327K(349568K)
[363.503s][info][gc,metaspace   ] GC(2469) Metaspace: 14290K(15232K)->14290K(15232K) NonClass: 12331K(12928K)->12331K(12928K) Class: 1959K(2304K)->1959K(2304K)
[363.503s][info][gc             ] GC(2469) Pause Young (Allocation Failure) 143M->7M(494M) 34.629ms
[363.503s][info][gc,cpu         ] GC(2469) User=0.03s Sys=0.00s Real=0.03s
[363.620s][info][gc,start       ] GC(2470) Pause Young (Allocation Failure)
[363.656s][info][gc,heap        ] GC(2470) DefNew: 140066K(157248K)->292K(157248K) Eden: 139776K(139776K)->0K(139776K) From: 290K(17472K)->292K(17472K)
[363.656s][info][gc,heap        ] GC(2470) Tenured: 7327K(349568K)->7345K(349568K)
[363.656s][info][gc,metaspace   ] GC(2470) Metaspace: 14290K(15232K)->14290K(15232K) NonClass: 12331K(12928K)->12331K(12928K) Class: 1959K(2304K)->1959K(2304K)
[363.656s][info][gc             ] GC(2470) Pause Young (Allocation Failure) 143M->7M(494M) 36.415ms
[363.656s][info][gc,cpu         ] GC(2470) User=0.02s Sys=0.00s Real=0.02s
[363.771s][info][gc,start       ] GC(2471) Pause Young (Allocation Failure)
[363.806s][info][gc,heap        ] GC(2471) DefNew: 140068K(157248K)->289K(157248K) Eden: 139776K(139776K)->0K(139776K) From: 292K(17472K)->289K(17472K)
[363.806s][info][gc,heap        ] GC(2471) Tenured: 7345K(349568K)->7365K(349568K)
[363.806s][info][gc,metaspace   ] GC(2471) Metaspace: 14290K(15232K)->14290K(15232K) NonClass: 12331K(12928K)->12331K(12928K) Class: 1959K(2304K)->1959K(2304K)
[363.806s][info][gc             ] GC(2471) Pause Young (Allocation Failure) 143M->7M(494M) 35.248ms
[363.806s][info][gc,cpu         ] GC(2471) User=0.03s Sys=0.00s Real=0.02s
[363.990s][info][gc,start       ] GC(2472) Pause Young (Allocation Failure)
[364.031s][info][gc,heap        ] GC(2472) DefNew: 140065K(157248K)->292K(157248K) Eden: 139776K(139776K)->0K(139776K) From: 289K(17472K)->292K(17472K)
[364.031s][info][gc,heap        ] GC(2472) Tenured: 7365K(349568K)->7383K(349568K)
[364.031s][info][gc,metaspace   ] GC(2472) Metaspace: 14290K(15232K)->14290K(15232K) NonClass: 12331K(12928K)->12331K(12928K) Class: 1959K(2304K)->1959K(2304K)
[364.031s][info][gc             ] GC(2472) Pause Young (Allocation Failure) 143M->7M(494M) 40.881ms
[364.031s][info][gc,cpu         ] GC(2472) User=0.05s Sys=0.00s Real=0.04s
[364.154s][info][gc,start       ] GC(2473) Pause Young (Allocation Failure)
[364.187s][info][gc,heap        ] GC(2473) DefNew: 140068K(157248K)->295K(157248K) Eden: 139776K(139776K)->0K(139776K) From: 292K(17472K)->295K(17472K)
[364.188s][info][gc,heap        ] GC(2473) Tenured: 7383K(349568K)->7401K(349568K)
[364.188s][info][gc,metaspace   ] GC(2473) Metaspace: 14290K(15232K)->14290K(15232K) NonClass: 12331K(12928K)->12331K(12928K) Class: 1959K(2304K)->1959K(2304K)
[364.188s][info][gc             ] GC(2473) Pause Young (Allocation Failure) 143M->7M(494M) 33.532ms
[364.188s][info][gc,cpu         ] GC(2473) User=0.03s Sys=0.00s Real=0.03s
[364.307s][info][gc,start       ] GC(2474) Pause Young (Allocation Failure)
[364.338s][info][gc,heap        ] GC(2474) DefNew: 140071K(157248K)->292K(157248K) Eden: 139776K(139776K)->0K(139776K) From: 295K(17472K)->292K(17472K)
[364.338s][info][gc,heap        ] GC(2474) Tenured: 7401K(349568K)->7422K(349568K)
[364.338s][info][gc,metaspace   ] GC(2474) Metaspace: 14290K(15232K)->14290K(15232K) NonClass: 12331K(12928K)->12331K(12928K) Class: 1959K(2304K)->1959K(2304K)
[364.338s][info][gc             ] GC(2474) Pause Young (Allocation Failure) 144M->7M(494M) 31.273ms
[364.339s][info][gc,cpu         ] GC(2474) User=0.03s Sys=0.00s Real=0.03s
[364.464s][info][gc,start       ] GC(2475) Pause Young (Allocation Failure)
[364.493s][info][gc,heap        ] GC(2475) DefNew: 140068K(157248K)->290K(157248K) Eden: 139776K(139776K)->0K(139776K) From: 292K(17472K)->290K(17472K)
[364.493s][info][gc,heap        ] GC(2475) Tenured: 7422K(349568K)->7443K(349568K)
[364.493s][info][gc,metaspace   ] GC(2475) Metaspace: 14290K(15232K)->14290K(15232K) NonClass: 12331K(12928K)->12331K(12928K) Class: 1959K(2304K)->1959K(2304K)
[364.493s][info][gc             ] GC(2475) Pause Young (Allocation Failure) 144M->7M(494M) 28.997ms
[364.493s][info][gc,cpu         ] GC(2475) User=0.02s Sys=0.00s Real=0.02s
[364.623s][info][gc,start       ] GC(2476) Pause Young (Allocation Failure)
[364.645s][info][gc,heap        ] GC(2476) DefNew: 140066K(157248K)->292K(157248K) Eden: 139776K(139776K)->0K(139776K) From: 290K(17472K)->292K(17472K)
[364.645s][info][gc,heap        ] GC(2476) Tenured: 7443K(349568K)->7461K(349568K)
[364.645s][info][gc,metaspace   ] GC(2476) Metaspace: 14290K(15232K)->14290K(15232K) NonClass: 12331K(12928K)->12331K(12928K) Class: 1959K(2304K)->1959K(2304K)
[364.645s][info][gc             ] GC(2476) Pause Young (Allocation Failure) 144M->7M(494M) 21.920ms
[364.645s][info][gc,cpu         ] GC(2476) User=0.02s Sys=0.00s Real=0.02s
[364.756s][info][gc,start       ] GC(2477) Pause Young (Allocation Failure)
[364.779s][info][gc,heap        ] GC(2477) DefNew: 140068K(157248K)->289K(157248K) Eden: 139776K(139776K)->0K(139776K) From: 292K(17472K)->289K(17472K)
[364.779s][info][gc,heap        ] GC(2477) Tenured: 7461K(349568K)->7481K(349568K)
[364.779s][info][gc,metaspace   ] GC(2477) Metaspace: 14290K(15232K)->14290K(15232K) NonClass: 12331K(12928K)->12331K(12928K) Class: 1959K(2304K)->1959K(2304K)
[364.779s][info][gc             ] GC(2477) Pause Young (Allocation Failure) 144M->7M(494M) 22.428ms
[364.779s][info][gc,cpu         ] GC(2477) User=0.03s Sys=0.00s Real=0.02s
[364.893s][info][gc,start       ] GC(2478) Pause Young (Allocation Failure)
[364.922s][info][gc,heap        ] GC(2478) DefNew: 140065K(157248K)->289K(157248K) Eden: 139776K(139776K)->0K(139776K) From: 289K(17472K)->289K(17472K)
[364.922s][info][gc,heap        ] GC(2478) Tenured: 7481K(349568K)->7499K(349568K)
[364.922s][info][gc,metaspace   ] GC(2478) Metaspace: 14290K(15232K)->14290K(15232K) NonClass: 12331K(12928K)->12331K(12928K) Class: 1959K(2304K)->1959K(2304K)
[364.922s][info][gc             ] GC(2478) Pause Young (Allocation Failure) 144M->7M(494M) 29.808ms
[364.922s][info][gc,cpu         ] GC(2478) User=0.02s Sys=0.00s Real=0.02s
[365.036s][info][gc,start       ] GC(2479) Pause Young (Allocation Failure)
[365.066s][info][gc,heap        ] GC(2479) DefNew: 140065K(157248K)->292K(157248K) Eden: 139776K(139776K)->0K(139776K) From: 289K(17472K)->292K(17472K)
[365.066s][info][gc,heap        ] GC(2479) Tenured: 7499K(349568K)->7517K(349568K)
[365.066s][info][gc,metaspace   ] GC(2479) Metaspace: 14290K(15232K)->14290K(15232K) NonClass: 12331K(12928K)->12331K(12928K) Class: 1959K(2304K)->1959K(2304K)
[365.066s][info][gc             ] GC(2479) Pause Young (Allocation Failure) 144M->7M(494M) 29.762ms
[365.066s][info][gc,cpu         ] GC(2479) User=0.03s Sys=0.00s Real=0.03s
[365.180s][info][gc,start       ] GC(2480) Pause Young (Allocation Failure)
[365.210s][info][gc,heap        ] GC(2480) DefNew: 140068K(157248K)->295K(157248K) Eden: 139776K(139776K)->0K(139776K) From: 292K(17472K)->295K(17472K)
[365.211s][info][gc,heap        ] GC(2480) Tenured: 7517K(349568K)->7535K(349568K)
[365.211s][info][gc,metaspace   ] GC(2480) Metaspace: 14290K(15232K)->14290K(15232K) NonClass: 12331K(12928K)->12331K(12928K) Class: 1959K(2304K)->1959K(2304K)
[365.211s][info][gc             ] GC(2480) Pause Young (Allocation Failure) 144M->7M(494M) 30.216ms
[365.211s][info][gc,cpu         ] GC(2480) User=0.02s Sys=0.00s Real=0.02s
[365.326s][info][gc,start       ] GC(2481) Pause Young (Allocation Failure)
[365.356s][info][gc,heap        ] GC(2481) DefNew: 140071K(157248K)->298K(157248K) Eden: 139776K(139776K)->0K(139776K) From: 295K(17472K)->298K(17472K)
[365.356s][info][gc,heap        ] GC(2481) Tenured: 7535K(349568K)->7552K(349568K)
[365.356s][info][gc,metaspace   ] GC(2481) Metaspace: 14290K(15232K)->14290K(15232K) NonClass: 12331K(12928K)->12331K(12928K) Class: 1959K(2304K)->1959K(2304K)
[365.356s][info][gc             ] GC(2481) Pause Young (Allocation Failure) 144M->7M(494M) 30.359ms
[365.356s][info][gc,cpu         ] GC(2481) User=0.03s Sys=0.00s Real=0.03s
[365.470s][info][gc,start       ] GC(2482) Pause Young (Allocation Failure)
[365.499s][info][gc,heap        ] GC(2482) DefNew: 140074K(157248K)->297K(157248K) Eden: 139775K(139776K)->0K(139776K) From: 298K(17472K)->297K(17472K)
[365.499s][info][gc,heap        ] GC(2482) Tenured: 7552K(349568K)->7570K(349568K)
[365.499s][info][gc,metaspace   ] GC(2482) Metaspace: 14290K(15232K)->14290K(15232K) NonClass: 12331K(12928K)->12331K(12928K) Class: 1959K(2304K)->1959K(2304K)
[365.499s][info][gc             ] GC(2482) Pause Young (Allocation Failure) 144M->7M(494M) 29.887ms
[365.500s][info][gc,cpu         ] GC(2482) User=0.02s Sys=0.00s Real=0.02s
[365.616s][info][gc,start       ] GC(2483) Pause Young (Allocation Failure)
[365.648s][info][gc,heap        ] GC(2483) DefNew: 140073K(157248K)->298K(157248K) Eden: 139776K(139776K)->0K(139776K) From: 297K(17472K)->298K(17472K)
[365.648s][info][gc,heap        ] GC(2483) Tenured: 7570K(349568K)->7590K(349568K)
[365.648s][info][gc,metaspace   ] GC(2483) Metaspace: 14290K(15232K)->14290K(15232K) NonClass: 12331K(12928K)->12331K(12928K) Class: 1959K(2304K)->1959K(2304K)
[365.648s][info][gc             ] GC(2483) Pause Young (Allocation Failure) 144M->7M(494M) 31.769ms
[365.648s][info][gc,cpu         ] GC(2483) User=0.03s Sys=0.00s Real=0.03s
[365.762s][info][gc,start       ] GC(2484) Pause Young (Allocation Failure)
[365.792s][info][gc,heap        ] GC(2484) DefNew: 140074K(157248K)->302K(157248K) Eden: 139776K(139776K)->0K(139776K) From: 298K(17472K)->302K(17472K)
[365.792s][info][gc,heap        ] GC(2484) Tenured: 7590K(349568K)->7608K(349568K)
[365.792s][info][gc,metaspace   ] GC(2484) Metaspace: 14290K(15232K)->14290K(15232K) NonClass: 12331K(12928K)->12331K(12928K) Class: 1959K(2304K)->1959K(2304K)
[365.792s][info][gc             ] GC(2484) Pause Young (Allocation Failure) 144M->7M(494M) 30.316ms
[365.792s][info][gc,cpu         ] GC(2484) User=0.03s Sys=0.00s Real=0.03s
[365.908s][info][gc,start       ] GC(2485) Pause Young (Allocation Failure)
[365.940s][info][gc,heap        ] GC(2485) DefNew: 140078K(157248K)->301K(157248K) Eden: 139776K(139776K)->0K(139776K) From: 302K(17472K)->301K(17472K)
[365.940s][info][gc,heap        ] GC(2485) Tenured: 7608K(349568K)->7629K(349568K)
[365.940s][info][gc,metaspace   ] GC(2485) Metaspace: 14290K(15232K)->14290K(15232K) NonClass: 12331K(12928K)->12331K(12928K) Class: 1959K(2304K)->1959K(2304K)
[365.940s][info][gc             ] GC(2485) Pause Young (Allocation Failure) 144M->7M(494M) 31.579ms
[365.940s][info][gc,cpu         ] GC(2485) User=0.02s Sys=0.00s Real=0.02s
[366.054s][info][gc,start       ] GC(2486) Pause Young (Allocation Failure)
[366.077s][info][gc,heap        ] GC(2486) DefNew: 140077K(157248K)->301K(157248K) Eden: 139776K(139776K)->0K(139776K) From: 301K(17472K)->301K(17472K)
[366.077s][info][gc,heap        ] GC(2486) Tenured: 7629K(349568K)->7646K(349568K)
[366.077s][info][gc,metaspace   ] GC(2486) Metaspace: 14290K(15232K)->14290K(15232K) NonClass: 12331K(12928K)->12331K(12928K) Class: 1959K(2304K)->1959K(2304K)
[366.077s][info][gc             ] GC(2486) Pause Young (Allocation Failure) 144M->7M(494M) 23.018ms
[366.077s][info][gc,cpu         ] GC(2486) User=0.02s Sys=0.00s Real=0.02s
[366.188s][info][gc,start       ] GC(2487) Pause Young (Allocation Failure)
[366.220s][info][gc,heap        ] GC(2487) DefNew: 140077K(157248K)->300K(157248K) Eden: 139776K(139776K)->0K(139776K) From: 301K(17472K)->300K(17472K)
[366.221s][info][gc,heap        ] GC(2487) Tenured: 7646K(349568K)->7667K(349568K)
[366.221s][info][gc,metaspace   ] GC(2487) Metaspace: 14290K(15232K)->14290K(15232K) NonClass: 12331K(12928K)->12331K(12928K) Class: 1959K(2304K)->1959K(2304K)
[366.221s][info][gc             ] GC(2487) Pause Young (Allocation Failure) 144M->7M(494M) 32.316ms
[366.221s][info][gc,cpu         ] GC(2487) User=0.03s Sys=0.00s Real=0.03s
[366.336s][info][gc,start       ] GC(2488) Pause Young (Allocation Failure)
[366.368s][info][gc,heap        ] GC(2488) DefNew: 140076K(157248K)->297K(157248K) Eden: 139776K(139776K)->0K(139776K) From: 300K(17472K)->297K(17472K)
[366.368s][info][gc,heap        ] GC(2488) Tenured: 7667K(349568K)->7688K(349568K)
[366.368s][info][gc,metaspace   ] GC(2488) Metaspace: 14290K(15232K)->14290K(15232K) NonClass: 12331K(12928K)->12331K(12928K) Class: 1959K(2304K)->1959K(2304K)
[366.368s][info][gc             ] GC(2488) Pause Young (Allocation Failure) 144M->7M(494M) 32.096ms
[366.368s][info][gc,cpu         ] GC(2488) User=0.02s Sys=0.00s Real=0.03s
[366.482s][info][gc,start       ] GC(2489) Pause Young (Allocation Failure)
[366.515s][info][gc,heap        ] GC(2489) DefNew: 140073K(157248K)->302K(157248K) Eden: 139776K(139776K)->0K(139776K) From: 297K(17472K)->302K(17472K)
[366.532s][info][gc,heap        ] GC(2489) Tenured: 7688K(349568K)->7706K(349568K)
[366.532s][info][gc,metaspace   ] GC(2489) Metaspace: 14290K(15232K)->14290K(15232K) NonClass: 12331K(12928K)->12331K(12928K) Class: 1959K(2304K)->1959K(2304K)
[366.532s][info][gc             ] GC(2489) Pause Young (Allocation Failure) 144M->7M(494M) 49.878ms
[366.532s][info][gc,cpu         ] GC(2489) User=0.03s Sys=0.00s Real=0.05s
[366.649s][info][gc,start       ] GC(2490) Pause Young (Allocation Failure)
[366.682s][info][gc,heap        ] GC(2490) DefNew: 140078K(157248K)->303K(157248K) Eden: 139776K(139776K)->0K(139776K) From: 302K(17472K)->303K(17472K)
[366.682s][info][gc,heap        ] GC(2490) Tenured: 7706K(349568K)->7724K(349568K)
[366.682s][info][gc,metaspace   ] GC(2490) Metaspace: 14290K(15232K)->14290K(15232K) NonClass: 12331K(12928K)->12331K(12928K) Class: 1959K(2304K)->1959K(2304K)
[366.682s][info][gc             ] GC(2490) Pause Young (Allocation Failure) 144M->7M(494M) 32.765ms
[366.682s][info][gc,cpu         ] GC(2490) User=0.03s Sys=0.00s Real=0.03s
[366.796s][info][gc,start       ] GC(2491) Pause Young (Allocation Failure)
[366.829s][info][gc,heap        ] GC(2491) DefNew: 140079K(157248K)->303K(157248K) Eden: 139776K(139776K)->0K(139776K) From: 303K(17472K)->303K(17472K)
[366.829s][info][gc,heap        ] GC(2491) Tenured: 7724K(349568K)->7745K(349568K)
[366.829s][info][gc,metaspace   ] GC(2491) Metaspace: 14290K(15232K)->14290K(15232K) NonClass: 12331K(12928K)->12331K(12928K) Class: 1959K(2304K)->1959K(2304K)
[366.829s][info][gc             ] GC(2491) Pause Young (Allocation Failure) 144M->7M(494M) 32.999ms
[366.829s][info][gc,cpu         ] GC(2491) User=0.03s Sys=0.00s Real=0.03s
[366.945s][info][gc,start       ] GC(2492) Pause Young (Allocation Failure)
[366.979s][info][gc,heap        ] GC(2492) DefNew: 140079K(157248K)->307K(157248K) Eden: 139776K(139776K)->0K(139776K) From: 303K(17472K)->307K(17472K)
[366.979s][info][gc,heap        ] GC(2492) Tenured: 7745K(349568K)->7763K(349568K)
[366.979s][info][gc,metaspace   ] GC(2492) Metaspace: 14290K(15232K)->14290K(15232K) NonClass: 12331K(12928K)->12331K(12928K) Class: 1959K(2304K)->1959K(2304K)
[366.979s][info][gc             ] GC(2492) Pause Young (Allocation Failure) 144M->7M(494M) 34.534ms
[366.979s][info][gc,cpu         ] GC(2492) User=0.02s Sys=0.00s Real=0.03s
[367.095s][info][gc,start       ] GC(2493) Pause Young (Allocation Failure)
[367.129s][info][gc,heap        ] GC(2493) DefNew: 140083K(157248K)->307K(157248K) Eden: 139776K(139776K)->0K(139776K) From: 307K(17472K)->307K(17472K)
[367.129s][info][gc,heap        ] GC(2493) Tenured: 7763K(349568K)->7780K(349568K)
[367.129s][info][gc,metaspace   ] GC(2493) Metaspace: 14290K(15232K)->14290K(15232K) NonClass: 12331K(12928K)->12331K(12928K) Class: 1959K(2304K)->1959K(2304K)
[367.129s][info][gc             ] GC(2493) Pause Young (Allocation Failure) 144M->7M(494M) 33.558ms
[367.129s][info][gc,cpu         ] GC(2493) User=0.03s Sys=0.00s Real=0.03s
[367.244s][info][gc,start       ] GC(2494) Pause Young (Allocation Failure)
[367.279s][info][gc,heap        ] GC(2494) DefNew: 140083K(157248K)->304K(157248K) Eden: 139776K(139776K)->0K(139776K) From: 307K(17472K)->304K(17472K)
[367.279s][info][gc,heap        ] GC(2494) Tenured: 7780K(349568K)->7801K(349568K)
[367.279s][info][gc,metaspace   ] GC(2494) Metaspace: 14290K(15232K)->14290K(15232K) NonClass: 12331K(12928K)->12331K(12928K) Class: 1959K(2304K)->1959K(2304K)
[367.279s][info][gc             ] GC(2494) Pause Young (Allocation Failure) 144M->7M(494M) 35.099ms
[367.279s][info][gc,cpu         ] GC(2494) User=0.03s Sys=0.00s Real=0.04s
[367.394s][info][gc,start       ] GC(2495) Pause Young (Allocation Failure)
[367.428s][info][gc,heap        ] GC(2495) DefNew: 140080K(157248K)->300K(157248K) Eden: 139776K(139776K)->0K(139776K) From: 304K(17472K)->300K(17472K)
[367.428s][info][gc,heap        ] GC(2495) Tenured: 7801K(349568K)->7822K(349568K)
[367.428s][info][gc,metaspace   ] GC(2495) Metaspace: 14290K(15232K)->14290K(15232K) NonClass: 12331K(12928K)->12331K(12928K) Class: 1959K(2304K)->1959K(2304K)
[367.428s][info][gc             ] GC(2495) Pause Young (Allocation Failure) 144M->7M(494M) 34.253ms
[367.428s][info][gc,cpu         ] GC(2495) User=0.03s Sys=0.00s Real=0.03s
[367.544s][info][gc,start       ] GC(2496) Pause Young (Allocation Failure)
[367.580s][info][gc,heap        ] GC(2496) DefNew: 140076K(157248K)->297K(157248K) Eden: 139776K(139776K)->0K(139776K) From: 300K(17472K)->297K(17472K)
[367.580s][info][gc,heap        ] GC(2496) Tenured: 7822K(349568K)->7842K(349568K)
[367.580s][info][gc,metaspace   ] GC(2496) Metaspace: 14290K(15232K)->14290K(15232K) NonClass: 12331K(12928K)->12331K(12928K) Class: 1959K(2304K)->1959K(2304K)
[367.580s][info][gc             ] GC(2496) Pause Young (Allocation Failure) 144M->7M(494M) 35.913ms
[367.580s][info][gc,cpu         ] GC(2496) User=0.03s Sys=0.00s Real=0.03s
[367.697s][info][gc,start       ] GC(2497) Pause Young (Allocation Failure)
[367.724s][info][gc,heap        ] GC(2497) DefNew: 140073K(157248K)->301K(157248K) Eden: 139776K(139776K)->0K(139776K) From: 297K(17472K)->301K(17472K)
[367.724s][info][gc,heap        ] GC(2497) Tenured: 7842K(349568K)->7860K(349568K)
[367.724s][info][gc,metaspace   ] GC(2497) Metaspace: 14290K(15232K)->14290K(15232K) NonClass: 12331K(12928K)->12331K(12928K) Class: 1959K(2304K)->1959K(2304K)
[367.724s][info][gc             ] GC(2497) Pause Young (Allocation Failure) 144M->7M(494M) 26.633ms
[367.724s][info][gc,cpu         ] GC(2497) User=0.02s Sys=0.00s Real=0.03s
[367.837s][info][gc,start       ] GC(2498) Pause Young (Allocation Failure)
[367.872s][info][gc,heap        ] GC(2498) DefNew: 140077K(157248K)->297K(157248K) Eden: 139776K(139776K)->0K(139776K) From: 301K(17472K)->297K(17472K)
[367.872s][info][gc,heap        ] GC(2498) Tenured: 7860K(349568K)->7881K(349568K)
[367.872s][info][gc,metaspace   ] GC(2498) Metaspace: 14290K(15232K)->14290K(15232K) NonClass: 12331K(12928K)->12331K(12928K) Class: 1959K(2304K)->1959K(2304K)
[367.872s][info][gc             ] GC(2498) Pause Young (Allocation Failure) 144M->7M(494M) 35.305ms
[367.872s][info][gc,cpu         ] GC(2498) User=0.03s Sys=0.00s Real=0.04s
[368.078s][info][gc,start       ] GC(2499) Pause Young (Allocation Failure)
[368.119s][info][gc,heap        ] GC(2499) DefNew: 140073K(157248K)->294K(157248K) Eden: 139776K(139776K)->0K(139776K) From: 297K(17472K)->294K(17472K)
[368.119s][info][gc,heap        ] GC(2499) Tenured: 7881K(349568K)->7901K(349568K)
[368.119s][info][gc,metaspace   ] GC(2499) Metaspace: 14290K(15232K)->14290K(15232K) NonClass: 12331K(12928K)->12331K(12928K) Class: 1959K(2304K)->1959K(2304K)
[368.119s][info][gc             ] GC(2499) Pause Young (Allocation Failure) 144M->8M(494M) 41.178ms
[368.119s][info][gc,cpu         ] GC(2499) User=0.05s Sys=0.00s Real=0.04s
[368.237s][info][gc,start       ] GC(2500) Pause Young (Allocation Failure)
[368.271s][info][gc,heap        ] GC(2500) DefNew: 140070K(157248K)->291K(157248K) Eden: 139776K(139776K)->0K(139776K) From: 294K(17472K)->291K(17472K)
[368.271s][info][gc,heap        ] GC(2500) Tenured: 7901K(349568K)->7922K(349568K)
[368.271s][info][gc,metaspace   ] GC(2500) Metaspace: 14290K(15232K)->14290K(15232K) NonClass: 12331K(12928K)->12331K(12928K) Class: 1959K(2304K)->1959K(2304K)
[368.271s][info][gc             ] GC(2500) Pause Young (Allocation Failure) 144M->8M(494M) 34.025ms
[368.271s][info][gc,cpu         ] GC(2500) User=0.03s Sys=0.00s Real=0.03s
[368.392s][info][gc,start       ] GC(2501) Pause Young (Allocation Failure)
[368.424s][info][gc,heap        ] GC(2501) DefNew: 140067K(157248K)->291K(157248K) Eden: 139776K(139776K)->0K(139776K) From: 291K(17472K)->291K(17472K)
[368.424s][info][gc,heap        ] GC(2501) Tenured: 7922K(349568K)->7940K(349568K)
[368.424s][info][gc,metaspace   ] GC(2501) Metaspace: 14290K(15232K)->14290K(15232K) NonClass: 12331K(12928K)->12331K(12928K) Class: 1959K(2304K)->1959K(2304K)
[368.424s][info][gc             ] GC(2501) Pause Young (Allocation Failure) 144M->8M(494M) 32.678ms
[368.424s][info][gc,cpu         ] GC(2501) User=0.03s Sys=0.00s Real=0.03s
[368.556s][info][gc,start       ] GC(2502) Pause Young (Allocation Failure)
[368.579s][info][gc,heap        ] GC(2502) DefNew: 140067K(157248K)->295K(157248K) Eden: 139776K(139776K)->0K(139776K) From: 291K(17472K)->295K(17472K)
[368.579s][info][gc,heap        ] GC(2502) Tenured: 7940K(349568K)->7957K(349568K)
[368.579s][info][gc,metaspace   ] GC(2502) Metaspace: 14290K(15232K)->14290K(15232K) NonClass: 12331K(12928K)->12331K(12928K) Class: 1959K(2304K)->1959K(2304K)
[368.579s][info][gc             ] GC(2502) Pause Young (Allocation Failure) 144M->8M(494M) 22.410ms
[368.579s][info][gc,cpu         ] GC(2502) User=0.02s Sys=0.00s Real=0.02s
[368.710s][info][gc,start       ] GC(2503) Pause Young (Allocation Failure)
[368.731s][info][gc,heap        ] GC(2503) DefNew: 140071K(157248K)->295K(157248K) Eden: 139776K(139776K)->0K(139776K) From: 295K(17472K)->295K(17472K)
[368.731s][info][gc,heap        ] GC(2503) Tenured: 7957K(349568K)->7978K(349568K)
[368.731s][info][gc,metaspace   ] GC(2503) Metaspace: 14290K(15232K)->14290K(15232K) NonClass: 12331K(12928K)->12331K(12928K) Class: 1959K(2304K)->1959K(2304K)
[368.731s][info][gc             ] GC(2503) Pause Young (Allocation Failure) 144M->8M(494M) 21.426ms
[368.731s][info][gc,cpu         ] GC(2503) User=0.02s Sys=0.00s Real=0.02s
[368.844s][info][gc,start       ] GC(2504) Pause Young (Allocation Failure)
[368.873s][info][gc,heap        ] GC(2504) DefNew: 140071K(157248K)->295K(157248K) Eden: 139776K(139776K)->0K(139776K) From: 295K(17472K)->295K(17472K)
[368.873s][info][gc,heap        ] GC(2504) Tenured: 7978K(349568K)->7999K(349568K)
[368.873s][info][gc,metaspace   ] GC(2504) Metaspace: 14290K(15232K)->14290K(15232K) NonClass: 12331K(12928K)->12331K(12928K) Class: 1959K(2304K)->1959K(2304K)
[368.873s][info][gc             ] GC(2504) Pause Young (Allocation Failure) 144M->8M(494M) 29.441ms
[368.874s][info][gc,cpu         ] GC(2504) User=0.02s Sys=0.00s Real=0.01s
[368.987s][info][gc,start       ] GC(2505) Pause Young (Allocation Failure)
[369.017s][info][gc,heap        ] GC(2505) DefNew: 140071K(157248K)->292K(157248K) Eden: 139776K(139776K)->0K(139776K) From: 295K(17472K)->292K(17472K)
[369.017s][info][gc,heap        ] GC(2505) Tenured: 7999K(349568K)->8019K(349568K)
[369.017s][info][gc,metaspace   ] GC(2505) Metaspace: 14290K(15232K)->14290K(15232K) NonClass: 12331K(12928K)->12331K(12928K) Class: 1959K(2304K)->1959K(2304K)
[369.017s][info][gc             ] GC(2505) Pause Young (Allocation Failure) 144M->8M(494M) 30.171ms
[369.017s][info][gc,cpu         ] GC(2505) User=0.03s Sys=0.00s Real=0.03s
[369.132s][info][gc,start       ] GC(2506) Pause Young (Allocation Failure)
[369.162s][info][gc,heap        ] GC(2506) DefNew: 140068K(157248K)->290K(157248K) Eden: 139776K(139776K)->0K(139776K) From: 292K(17472K)->290K(17472K)
[369.162s][info][gc,heap        ] GC(2506) Tenured: 8019K(349568K)->8040K(349568K)
[369.162s][info][gc,metaspace   ] GC(2506) Metaspace: 14290K(15232K)->14290K(15232K) NonClass: 12331K(12928K)->12331K(12928K) Class: 1959K(2304K)->1959K(2304K)
[369.162s][info][gc             ] GC(2506) Pause Young (Allocation Failure) 144M->8M(494M) 30.414ms
[369.162s][info][gc,cpu         ] GC(2506) User=0.02s Sys=0.00s Real=0.02s
[369.276s][info][gc,start       ] GC(2507) Pause Young (Allocation Failure)
[369.306s][info][gc,heap        ] GC(2507) DefNew: 140066K(157248K)->286K(157248K) Eden: 139776K(139776K)->0K(139776K) From: 290K(17472K)->286K(17472K)
[369.306s][info][gc,heap        ] GC(2507) Tenured: 8040K(349568K)->8061K(349568K)
[369.306s][info][gc,metaspace   ] GC(2507) Metaspace: 14290K(15232K)->14290K(15232K) NonClass: 12331K(12928K)->12331K(12928K) Class: 1959K(2304K)->1959K(2304K)
[369.306s][info][gc             ] GC(2507) Pause Young (Allocation Failure) 144M->8M(494M) 30.125ms
[369.306s][info][gc,cpu         ] GC(2507) User=0.02s Sys=0.00s Real=0.02s
[369.419s][info][gc,start       ] GC(2508) Pause Young (Allocation Failure)
[369.449s][info][gc,heap        ] GC(2508) DefNew: 140062K(157248K)->291K(157248K) Eden: 139776K(139776K)->0K(139776K) From: 286K(17472K)->291K(17472K)
[369.449s][info][gc,heap        ] GC(2508) Tenured: 8061K(349568K)->8078K(349568K)
[369.449s][info][gc,metaspace   ] GC(2508) Metaspace: 14290K(15232K)->14290K(15232K) NonClass: 12331K(12928K)->12331K(12928K) Class: 1959K(2304K)->1959K(2304K)
[369.449s][info][gc             ] GC(2508) Pause Young (Allocation Failure) 144M->8M(494M) 29.777ms
[369.449s][info][gc,cpu         ] GC(2508) User=0.02s Sys=0.00s Real=0.02s
[369.563s][info][gc,start       ] GC(2509) Pause Young (Allocation Failure)
[369.595s][info][gc,heap        ] GC(2509) DefNew: 140067K(157248K)->289K(157248K) Eden: 139776K(139776K)->0K(139776K) From: 291K(17472K)->289K(17472K)
[369.595s][info][gc,heap        ] GC(2509) Tenured: 8078K(349568K)->8096K(349568K)
[369.595s][info][gc,metaspace   ] GC(2509) Metaspace: 14290K(15232K)->14290K(15232K) NonClass: 12331K(12928K)->12331K(12928K) Class: 1959K(2304K)->1959K(2304K)
[369.595s][info][gc             ] GC(2509) Pause Young (Allocation Failure) 144M->8M(494M) 31.475ms
[369.595s][info][gc,cpu         ] GC(2509) User=0.02s Sys=0.00s Real=0.02s
[369.709s][info][gc,start       ] GC(2510) Pause Young (Allocation Failure)
[369.732s][info][gc,heap        ] GC(2510) DefNew: 140065K(157248K)->292K(157248K) Eden: 139776K(139776K)->0K(139776K) From: 289K(17472K)->292K(17472K)
[369.732s][info][gc,heap        ] GC(2510) Tenured: 8096K(349568K)->8114K(349568K)
[369.732s][info][gc,metaspace   ] GC(2510) Metaspace: 14290K(15232K)->14290K(15232K) NonClass: 12331K(12928K)->12331K(12928K) Class: 1959K(2304K)->1959K(2304K)
[369.732s][info][gc             ] GC(2510) Pause Young (Allocation Failure) 144M->8M(494M) 22.787ms
[369.732s][info][gc,cpu         ] GC(2510) User=0.03s Sys=0.00s Real=0.02s
[369.844s][info][gc,start       ] GC(2511) Pause Young (Allocation Failure)
[369.867s][info][gc,heap        ] GC(2511) DefNew: 140068K(157248K)->290K(157248K) Eden: 139776K(139776K)->0K(139776K) From: 292K(17472K)->290K(17472K)
[369.867s][info][gc,heap        ] GC(2511) Tenured: 8114K(349568K)->8132K(349568K)
[369.867s][info][gc,metaspace   ] GC(2511) Metaspace: 14290K(15232K)->14290K(15232K) NonClass: 12331K(12928K)->12331K(12928K) Class: 1959K(2304K)->1959K(2304K)
[369.867s][info][gc             ] GC(2511) Pause Young (Allocation Failure) 144M->8M(494M) 23.263ms
[369.867s][info][gc,cpu         ] GC(2511) User=0.02s Sys=0.00s Real=0.02s
[369.980s][info][gc,start       ] GC(2512) Pause Young (Allocation Failure)
[370.011s][info][gc,heap        ] GC(2512) DefNew: 140066K(157248K)->291K(157248K) Eden: 139776K(139776K)->0K(139776K) From: 290K(17472K)->291K(17472K)
[370.011s][info][gc,heap        ] GC(2512) Tenured: 8132K(349568K)->8152K(349568K)
[370.011s][info][gc,metaspace   ] GC(2512) Metaspace: 14290K(15232K)->14290K(15232K) NonClass: 12331K(12928K)->12331K(12928K) Class: 1959K(2304K)->1959K(2304K)
[370.011s][info][gc             ] GC(2512) Pause Young (Allocation Failure) 144M->8M(494M) 31.147ms
[370.011s][info][gc,cpu         ] GC(2512) User=0.02s Sys=0.00s Real=0.02s
[370.126s][info][gc,start       ] GC(2513) Pause Young (Allocation Failure)
[370.158s][info][gc,heap        ] GC(2513) DefNew: 140067K(157248K)->290K(157248K) Eden: 139776K(139776K)->0K(139776K) From: 291K(17472K)->290K(17472K)
[370.158s][info][gc,heap        ] GC(2513) Tenured: 8152K(349568K)->8170K(349568K)
[370.158s][info][gc,metaspace   ] GC(2513) Metaspace: 14290K(15232K)->14290K(15232K) NonClass: 12331K(12928K)->12331K(12928K) Class: 1959K(2304K)->1959K(2304K)
[370.159s][info][gc             ] GC(2513) Pause Young (Allocation Failure) 144M->8M(494M) 32.020ms
[370.159s][info][gc,cpu         ] GC(2513) User=0.02s Sys=0.00s Real=0.02s
[370.272s][info][gc,start       ] GC(2514) Pause Young (Allocation Failure)
[370.296s][info][gc,heap        ] GC(2514) DefNew: 140066K(157248K)->289K(157248K) Eden: 139776K(139776K)->0K(139776K) From: 290K(17472K)->289K(17472K)
[370.296s][info][gc,heap        ] GC(2514) Tenured: 8170K(349568K)->8188K(349568K)
[370.296s][info][gc,metaspace   ] GC(2514) Metaspace: 14290K(15232K)->14290K(15232K) NonClass: 12331K(12928K)->12331K(12928K) Class: 1959K(2304K)->1959K(2304K)
[370.296s][info][gc             ] GC(2514) Pause Young (Allocation Failure) 144M->8M(494M) 23.729ms
[370.296s][info][gc,cpu         ] GC(2514) User=0.02s Sys=0.00s Real=0.02s
[370.411s][info][gc,start       ] GC(2515) Pause Young (Allocation Failure)
[370.443s][info][gc,heap        ] GC(2515) DefNew: 140065K(157248K)->293K(157248K) Eden: 139776K(139776K)->0K(139776K) From: 289K(17472K)->293K(17472K)
[370.443s][info][gc,heap        ] GC(2515) Tenured: 8188K(349568K)->8205K(349568K)
[370.443s][info][gc,metaspace   ] GC(2515) Metaspace: 14290K(15232K)->14290K(15232K) NonClass: 12331K(12928K)->12331K(12928K) Class: 1959K(2304K)->1959K(2304K)
[370.443s][info][gc             ] GC(2515) Pause Young (Allocation Failure) 144M->8M(494M) 31.176ms
[370.443s][info][gc,cpu         ] GC(2515) User=0.03s Sys=0.00s Real=0.03s
[370.557s][info][gc,start       ] GC(2516) Pause Young (Allocation Failure)
[370.589s][info][gc,heap        ] GC(2516) DefNew: 140069K(157248K)->293K(157248K) Eden: 139776K(139776K)->0K(139776K) From: 293K(17472K)->293K(17472K)
[370.589s][info][gc,heap        ] GC(2516) Tenured: 8205K(349568K)->8223K(349568K)
[370.589s][info][gc,metaspace   ] GC(2516) Metaspace: 14290K(15232K)->14290K(15232K) NonClass: 12331K(12928K)->12331K(12928K) Class: 1959K(2304K)->1959K(2304K)
[370.589s][info][gc             ] GC(2516) Pause Young (Allocation Failure) 144M->8M(494M) 32.160ms
[370.589s][info][gc,cpu         ] GC(2516) User=0.02s Sys=0.00s Real=0.02s
[370.705s][info][gc,start       ] GC(2517) Pause Young (Allocation Failure)
[370.737s][info][gc,heap        ] GC(2517) DefNew: 140069K(157248K)->290K(157248K) Eden: 139775K(139776K)->0K(139776K) From: 293K(17472K)->290K(17472K)
[370.737s][info][gc,heap        ] GC(2517) Tenured: 8223K(349568K)->8244K(349568K)
[370.737s][info][gc,metaspace   ] GC(2517) Metaspace: 14290K(15232K)->14290K(15232K) NonClass: 12331K(12928K)->12331K(12928K) Class: 1959K(2304K)->1959K(2304K)
[370.737s][info][gc             ] GC(2517) Pause Young (Allocation Failure) 144M->8M(494M) 32.707ms
[370.737s][info][gc,cpu         ] GC(2517) User=0.03s Sys=0.00s Real=0.03s
[370.856s][info][gc,start       ] GC(2518) Pause Young (Allocation Failure)
[370.889s][info][gc,heap        ] GC(2518) DefNew: 140066K(157248K)->289K(157248K) Eden: 139776K(139776K)->0K(139776K) From: 290K(17472K)->289K(17472K)
[370.889s][info][gc,heap        ] GC(2518) Tenured: 8244K(349568K)->8265K(349568K)
[370.889s][info][gc,metaspace   ] GC(2518) Metaspace: 14290K(15232K)->14290K(15232K) NonClass: 12331K(12928K)->12331K(12928K) Class: 1959K(2304K)->1959K(2304K)
[370.889s][info][gc             ] GC(2518) Pause Young (Allocation Failure) 144M->8M(494M) 33.634ms
[370.889s][info][gc,cpu         ] GC(2518) User=0.02s Sys=0.00s Real=0.02s
[371.007s][info][gc,start       ] GC(2519) Pause Young (Allocation Failure)
[371.040s][info][gc,heap        ] GC(2519) DefNew: 140065K(157248K)->290K(157248K) Eden: 139776K(139776K)->0K(139776K) From: 289K(17472K)->290K(17472K)
[371.040s][info][gc,heap        ] GC(2519) Tenured: 8265K(349568K)->8286K(349568K)
[371.040s][info][gc,metaspace   ] GC(2519) Metaspace: 14290K(15232K)->14290K(15232K) NonClass: 12331K(12928K)->12331K(12928K) Class: 1959K(2304K)->1959K(2304K)
[371.040s][info][gc             ] GC(2519) Pause Young (Allocation Failure) 144M->8M(494M) 33.716ms
[371.041s][info][gc,cpu         ] GC(2519) User=0.02s Sys=0.00s Real=0.03s
[371.156s][info][gc,start       ] GC(2520) Pause Young (Allocation Failure)
[371.189s][info][gc,heap        ] GC(2520) DefNew: 140066K(157248K)->290K(157248K) Eden: 139776K(139776K)->0K(139776K) From: 290K(17472K)->290K(17472K)
[371.189s][info][gc,heap        ] GC(2520) Tenured: 8286K(349568K)->8303K(349568K)
[371.189s][info][gc,metaspace   ] GC(2520) Metaspace: 14290K(15232K)->14290K(15232K) NonClass: 12331K(12928K)->12331K(12928K) Class: 1959K(2304K)->1959K(2304K)
[371.189s][info][gc             ] GC(2520) Pause Young (Allocation Failure) 144M->8M(494M) 33.318ms
[371.189s][info][gc,cpu         ] GC(2520) User=0.03s Sys=0.00s Real=0.03s
[371.305s][info][gc,start       ] GC(2521) Pause Young (Allocation Failure)
[371.339s][info][gc,heap        ] GC(2521) DefNew: 140066K(157248K)->288K(157248K) Eden: 139776K(139776K)->0K(139776K) From: 290K(17472K)->288K(17472K)
[371.339s][info][gc,heap        ] GC(2521) Tenured: 8303K(349568K)->8321K(349568K)
[371.339s][info][gc,metaspace   ] GC(2521) Metaspace: 14290K(15232K)->14290K(15232K) NonClass: 12331K(12928K)->12331K(12928K) Class: 1959K(2304K)->1959K(2304K)
[371.339s][info][gc             ] GC(2521) Pause Young (Allocation Failure) 144M->8M(494M) 34.126ms
[371.339s][info][gc,cpu         ] GC(2521) User=0.03s Sys=0.00s Real=0.03s
[371.454s][info][gc,start       ] GC(2522) Pause Young (Allocation Failure)
[371.490s][info][gc,heap        ] GC(2522) DefNew: 140064K(157248K)->292K(157248K) Eden: 139776K(139776K)->0K(139776K) From: 288K(17472K)->292K(17472K)
[371.490s][info][gc,heap        ] GC(2522) Tenured: 8321K(349568K)->8339K(349568K)
[371.490s][info][gc,metaspace   ] GC(2522) Metaspace: 14290K(15232K)->14290K(15232K) NonClass: 12331K(12928K)->12331K(12928K) Class: 1959K(2304K)->1959K(2304K)
[371.490s][info][gc             ] GC(2522) Pause Young (Allocation Failure) 144M->8M(494M) 36.213ms
[371.490s][info][gc,cpu         ] GC(2522) User=0.03s Sys=0.00s Real=0.03s
[371.604s][info][gc,start       ] GC(2523) Pause Young (Allocation Failure)
[371.637s][info][gc,heap        ] GC(2523) DefNew: 140068K(157248K)->289K(157248K) Eden: 139776K(139776K)->0K(139776K) From: 292K(17472K)->289K(17472K)
[371.637s][info][gc,heap        ] GC(2523) Tenured: 8339K(349568K)->8361K(349568K)
[371.637s][info][gc,metaspace   ] GC(2523) Metaspace: 14290K(15232K)->14290K(15232K) NonClass: 12331K(12928K)->12331K(12928K) Class: 1959K(2304K)->1959K(2304K)
[371.637s][info][gc             ] GC(2523) Pause Young (Allocation Failure) 144M->8M(494M) 33.102ms
[371.637s][info][gc,cpu         ] GC(2523) User=0.02s Sys=0.00s Real=0.02s
[371.752s][info][gc,start       ] GC(2524) Pause Young (Allocation Failure)
[371.786s][info][gc,heap        ] GC(2524) DefNew: 140065K(157248K)->288K(157248K) Eden: 139776K(139776K)->0K(139776K) From: 289K(17472K)->288K(17472K)
[371.786s][info][gc,heap        ] GC(2524) Tenured: 8361K(349568K)->8378K(349568K)
[371.786s][info][gc,metaspace   ] GC(2524) Metaspace: 14290K(15232K)->14290K(15232K) NonClass: 12331K(12928K)->12331K(12928K) Class: 1959K(2304K)->1959K(2304K)
[371.786s][info][gc             ] GC(2524) Pause Young (Allocation Failure) 144M->8M(494M) 34.309ms
[371.786s][info][gc,cpu         ] GC(2524) User=0.03s Sys=0.00s Real=0.03s
[371.901s][info][gc,start       ] GC(2525) Pause Young (Allocation Failure)
[371.936s][info][gc,heap        ] GC(2525) DefNew: 140064K(157248K)->285K(157248K) Eden: 139776K(139776K)->0K(139776K) From: 288K(17472K)->285K(17472K)
[371.936s][info][gc,heap        ] GC(2525) Tenured: 8378K(349568K)->8396K(349568K)
[371.936s][info][gc,metaspace   ] GC(2525) Metaspace: 14290K(15232K)->14290K(15232K) NonClass: 12331K(12928K)->12331K(12928K) Class: 1959K(2304K)->1959K(2304K)
[371.936s][info][gc             ] GC(2525) Pause Young (Allocation Failure) 144M->8M(494M) 34.695ms
[371.936s][info][gc,cpu         ] GC(2525) User=0.03s Sys=0.00s Real=0.03s
[372.146s][info][gc,start       ] GC(2526) Pause Young (Allocation Failure)
[372.204s][info][gc,heap        ] GC(2526) DefNew: 140061K(157248K)->288K(157248K) Eden: 139776K(139776K)->0K(139776K) From: 285K(17472K)->288K(17472K)
[372.204s][info][gc,heap        ] GC(2526) Tenured: 8396K(349568K)->8414K(349568K)
[372.204s][info][gc,metaspace   ] GC(2526) Metaspace: 14290K(15232K)->14290K(15232K) NonClass: 12331K(12928K)->12331K(12928K) Class: 1959K(2304K)->1959K(2304K)
[372.204s][info][gc             ] GC(2526) Pause Young (Allocation Failure) 144M->8M(494M) 58.698ms
[372.204s][info][gc,cpu         ] GC(2526) User=0.03s Sys=0.00s Real=0.06s
[372.324s][info][gc,start       ] GC(2527) Pause Young (Allocation Failure)
[372.357s][info][gc,heap        ] GC(2527) DefNew: 140064K(157248K)->285K(157248K) Eden: 139776K(139776K)->0K(139776K) From: 288K(17472K)->285K(17472K)
[372.357s][info][gc,heap        ] GC(2527) Tenured: 8414K(349568K)->8434K(349568K)
[372.357s][info][gc,metaspace   ] GC(2527) Metaspace: 14290K(15232K)->14290K(15232K) NonClass: 12331K(12928K)->12331K(12928K) Class: 1959K(2304K)->1959K(2304K)
[372.357s][info][gc             ] GC(2527) Pause Young (Allocation Failure) 144M->8M(494M) 33.223ms
[372.357s][info][gc,cpu         ] GC(2527) User=0.03s Sys=0.00s Real=0.03s
[372.479s][info][gc,start       ] GC(2528) Pause Young (Allocation Failure)
[372.509s][info][gc,heap        ] GC(2528) DefNew: 140061K(157248K)->288K(157248K) Eden: 139776K(139776K)->0K(139776K) From: 285K(17472K)->288K(17472K)
[372.509s][info][gc,heap        ] GC(2528) Tenured: 8434K(349568K)->8452K(349568K)
[372.509s][info][gc,metaspace   ] GC(2528) Metaspace: 14290K(15232K)->14290K(15232K) NonClass: 12331K(12928K)->12331K(12928K) Class: 1959K(2304K)->1959K(2304K)
[372.509s][info][gc             ] GC(2528) Pause Young (Allocation Failure) 145M->8M(494M) 30.883ms
[372.510s][info][gc,cpu         ] GC(2528) User=0.02s Sys=0.00s Real=0.02s
[372.629s][info][gc,start       ] GC(2529) Pause Young (Allocation Failure)
[372.659s][info][gc,heap        ] GC(2529) DefNew: 140064K(157248K)->291K(157248K) Eden: 139776K(139776K)->0K(139776K) From: 288K(17472K)->291K(17472K)
[372.659s][info][gc,heap        ] GC(2529) Tenured: 8452K(349568K)->8469K(349568K)
[372.659s][info][gc,metaspace   ] GC(2529) Metaspace: 14290K(15232K)->14290K(15232K) NonClass: 12331K(12928K)->12331K(12928K) Class: 1959K(2304K)->1959K(2304K)
[372.659s][info][gc             ] GC(2529) Pause Young (Allocation Failure) 145M->8M(494M) 30.018ms
[372.659s][info][gc,cpu         ] GC(2529) User=0.03s Sys=0.00s Real=0.03s
[372.778s][info][gc,start       ] GC(2530) Pause Young (Allocation Failure)
[372.806s][info][gc,heap        ] GC(2530) DefNew: 140067K(157248K)->291K(157248K) Eden: 139776K(139776K)->0K(139776K) From: 291K(17472K)->291K(17472K)
[372.806s][info][gc,heap        ] GC(2530) Tenured: 8469K(349568K)->8490K(349568K)
[372.806s][info][gc,metaspace   ] GC(2530) Metaspace: 14290K(15232K)->14290K(15232K) NonClass: 12331K(12928K)->12331K(12928K) Class: 1959K(2304K)->1959K(2304K)
[372.806s][info][gc             ] GC(2530) Pause Young (Allocation Failure) 145M->8M(494M) 28.406ms
[372.806s][info][gc,cpu         ] GC(2530) User=0.03s Sys=0.00s Real=0.03s
[372.934s][info][gc,start       ] GC(2531) Pause Young (Allocation Failure)
[372.962s][info][gc,heap        ] GC(2531) DefNew: 140067K(157248K)->296K(157248K) Eden: 139776K(139776K)->0K(139776K) From: 291K(17472K)->296K(17472K)
[372.962s][info][gc,heap        ] GC(2531) Tenured: 8490K(349568K)->8508K(349568K)
[372.962s][info][gc,metaspace   ] GC(2531) Metaspace: 14290K(15232K)->14290K(15232K) NonClass: 12331K(12928K)->12331K(12928K) Class: 1959K(2304K)->1959K(2304K)
[372.962s][info][gc             ] GC(2531) Pause Young (Allocation Failure) 145M->8M(494M) 28.126ms
[372.962s][info][gc,cpu         ] GC(2531) User=0.03s Sys=0.00s Real=0.03s
[373.080s][info][gc,start       ] GC(2532) Pause Young (Allocation Failure)
[373.102s][info][gc,heap        ] GC(2532) DefNew: 140072K(157248K)->298K(157248K) Eden: 139776K(139776K)->0K(139776K) From: 296K(17472K)->298K(17472K)
[373.102s][info][gc,heap        ] GC(2532) Tenured: 8508K(349568K)->8526K(349568K)
[373.102s][info][gc,metaspace   ] GC(2532) Metaspace: 14290K(15232K)->14290K(15232K) NonClass: 12331K(12928K)->12331K(12928K) Class: 1959K(2304K)->1959K(2304K)
[373.102s][info][gc             ] GC(2532) Pause Young (Allocation Failure) 145M->8M(494M) 21.638ms
[373.102s][info][gc,cpu         ] GC(2532) User=0.02s Sys=0.00s Real=0.01s
[373.215s][info][gc,start       ] GC(2533) Pause Young (Allocation Failure)
[373.244s][info][gc,heap        ] GC(2533) DefNew: 140074K(157248K)->295K(157248K) Eden: 139776K(139776K)->0K(139776K) From: 298K(17472K)->295K(17472K)
[373.244s][info][gc,heap        ] GC(2533) Tenured: 8526K(349568K)->8546K(349568K)
[373.244s][info][gc,metaspace   ] GC(2533) Metaspace: 14290K(15232K)->14290K(15232K) NonClass: 12331K(12928K)->12331K(12928K) Class: 1959K(2304K)->1959K(2304K)
[373.244s][info][gc             ] GC(2533) Pause Young (Allocation Failure) 145M->8M(494M) 28.852ms
[373.244s][info][gc,cpu         ] GC(2533) User=0.02s Sys=0.00s Real=0.02s
[373.356s][info][gc,start       ] GC(2534) Pause Young (Allocation Failure)
[373.386s][info][gc,heap        ] GC(2534) DefNew: 140071K(157248K)->292K(157248K) Eden: 139776K(139776K)->0K(139776K) From: 295K(17472K)->292K(17472K)
[373.386s][info][gc,heap        ] GC(2534) Tenured: 8546K(349568K)->8567K(349568K)
[373.386s][info][gc,metaspace   ] GC(2534) Metaspace: 14290K(15232K)->14290K(15232K) NonClass: 12331K(12928K)->12331K(12928K) Class: 1959K(2304K)->1959K(2304K)
[373.386s][info][gc             ] GC(2534) Pause Young (Allocation Failure) 145M->8M(494M) 29.877ms
[373.386s][info][gc,cpu         ] GC(2534) User=0.02s Sys=0.00s Real=0.02s
[373.499s][info][gc,start       ] GC(2535) Pause Young (Allocation Failure)
[373.528s][info][gc,heap        ] GC(2535) DefNew: 140068K(157248K)->292K(157248K) Eden: 139776K(139776K)->0K(139776K) From: 292K(17472K)->292K(17472K)
[373.528s][info][gc,heap        ] GC(2535) Tenured: 8567K(349568K)->8584K(349568K)
[373.528s][info][gc,metaspace   ] GC(2535) Metaspace: 14290K(15232K)->14290K(15232K) NonClass: 12331K(12928K)->12331K(12928K) Class: 1959K(2304K)->1959K(2304K)
[373.528s][info][gc             ] GC(2535) Pause Young (Allocation Failure) 145M->8M(494M) 29.395ms
[373.528s][info][gc,cpu         ] GC(2535) User=0.02s Sys=0.00s Real=0.02s
[373.643s][info][gc,start       ] GC(2536) Pause Young (Allocation Failure)
[373.672s][info][gc,heap        ] GC(2536) DefNew: 140068K(157248K)->295K(157248K) Eden: 139776K(139776K)->0K(139776K) From: 292K(17472K)->295K(17472K)
[373.672s][info][gc,heap        ] GC(2536) Tenured: 8584K(349568K)->8602K(349568K)
[373.672s][info][gc,metaspace   ] GC(2536) Metaspace: 14290K(15232K)->14290K(15232K) NonClass: 12331K(12928K)->12331K(12928K) Class: 1959K(2304K)->1959K(2304K)
[373.672s][info][gc             ] GC(2536) Pause Young (Allocation Failure) 145M->8M(494M) 29.570ms
[373.672s][info][gc,cpu         ] GC(2536) User=0.02s Sys=0.00s Real=0.02s
[373.789s][info][gc,start       ] GC(2537) Pause Young (Allocation Failure)
[373.818s][info][gc,heap        ] GC(2537) DefNew: 140071K(157248K)->295K(157248K) Eden: 139776K(139776K)->0K(139776K) From: 295K(17472K)->295K(17472K)
[373.818s][info][gc,heap        ] GC(2537) Tenured: 8602K(349568K)->8623K(349568K)
[373.818s][info][gc,metaspace   ] GC(2537) Metaspace: 14290K(15232K)->14290K(15232K) NonClass: 12331K(12928K)->12331K(12928K) Class: 1959K(2304K)->1959K(2304K)
[373.818s][info][gc             ] GC(2537) Pause Young (Allocation Failure) 145M->8M(494M) 29.575ms
[373.818s][info][gc,cpu         ] GC(2537) User=0.02s Sys=0.00s Real=0.03s
[373.931s][info][gc,start       ] GC(2538) Pause Young (Allocation Failure)
[373.962s][info][gc,heap        ] GC(2538) DefNew: 140071K(157248K)->295K(157248K) Eden: 139776K(139776K)->0K(139776K) From: 295K(17472K)->295K(17472K)
[373.963s][info][gc,heap        ] GC(2538) Tenured: 8623K(349568K)->8640K(349568K)
[373.963s][info][gc,metaspace   ] GC(2538) Metaspace: 14290K(15232K)->14290K(15232K) NonClass: 12331K(12928K)->12331K(12928K) Class: 1959K(2304K)->1959K(2304K)
[373.963s][info][gc             ] GC(2538) Pause Young (Allocation Failure) 145M->8M(494M) 31.579ms
[373.963s][info][gc,cpu         ] GC(2538) User=0.02s Sys=0.00s Real=0.02s
[374.078s][info][gc,start       ] GC(2539) Pause Young (Allocation Failure)
[374.110s][info][gc,heap        ] GC(2539) DefNew: 140071K(157248K)->295K(157248K) Eden: 139776K(139776K)->0K(139776K) From: 295K(17472K)->295K(17472K)
[374.110s][info][gc,heap        ] GC(2539) Tenured: 8640K(349568K)->8658K(349568K)
[374.110s][info][gc,metaspace   ] GC(2539) Metaspace: 14290K(15232K)->14290K(15232K) NonClass: 12331K(12928K)->12331K(12928K) Class: 1959K(2304K)->1959K(2304K)
[374.110s][info][gc             ] GC(2539) Pause Young (Allocation Failure) 145M->8M(494M) 31.272ms
[374.110s][info][gc,cpu         ] GC(2539) User=0.03s Sys=0.00s Real=0.03s
[374.220s][info][gc,start       ] GC(2540) Pause Young (Allocation Failure)
[374.251s][info][gc,heap        ] GC(2540) DefNew: 140071K(157248K)->299K(157248K) Eden: 139776K(139776K)->0K(139776K) From: 295K(17472K)->299K(17472K)
[374.251s][info][gc,heap        ] GC(2540) Tenured: 8658K(349568K)->8673K(349568K)
[374.251s][info][gc,metaspace   ] GC(2540) Metaspace: 14290K(15232K)->14290K(15232K) NonClass: 12331K(12928K)->12331K(12928K) Class: 1959K(2304K)->1959K(2304K)
[374.251s][info][gc             ] GC(2540) Pause Young (Allocation Failure) 145M->8M(494M) 31.208ms
[374.251s][info][gc,cpu         ] GC(2540) User=0.02s Sys=0.00s Real=0.02s
[374.364s][info][gc,start       ] GC(2541) Pause Young (Allocation Failure)
[374.396s][info][gc,heap        ] GC(2541) DefNew: 140075K(157248K)->294K(157248K) Eden: 139776K(139776K)->0K(139776K) From: 299K(17472K)->294K(17472K)
[374.396s][info][gc,heap        ] GC(2541) Tenured: 8673K(349568K)->8693K(349568K)
[374.396s][info][gc,metaspace   ] GC(2541) Metaspace: 14290K(15232K)->14290K(15232K) NonClass: 12331K(12928K)->12331K(12928K) Class: 1959K(2304K)->1959K(2304K)
[374.396s][info][gc             ] GC(2541) Pause Young (Allocation Failure) 145M->8M(494M) 31.296ms
[374.396s][info][gc,cpu         ] GC(2541) User=0.02s Sys=0.00s Real=0.02s
[374.510s][info][gc,start       ] GC(2542) Pause Young (Allocation Failure)
[374.542s][info][gc,heap        ] GC(2542) DefNew: 140070K(157248K)->295K(157248K) Eden: 139776K(139776K)->0K(139776K) From: 294K(17472K)->295K(17472K)
[374.542s][info][gc,heap        ] GC(2542) Tenured: 8693K(349568K)->8711K(349568K)
[374.542s][info][gc,metaspace   ] GC(2542) Metaspace: 14290K(15232K)->14290K(15232K) NonClass: 12331K(12928K)->12331K(12928K) Class: 1959K(2304K)->1959K(2304K)
[374.542s][info][gc             ] GC(2542) Pause Young (Allocation Failure) 145M->8M(494M) 32.877ms
[374.542s][info][gc,cpu         ] GC(2542) User=0.03s Sys=0.00s Real=0.03s
[374.656s][info][gc,start       ] GC(2543) Pause Young (Allocation Failure)
[374.688s][info][gc,heap        ] GC(2543) DefNew: 140071K(157248K)->294K(157248K) Eden: 139776K(139776K)->0K(139776K) From: 295K(17472K)->294K(17472K)
[374.688s][info][gc,heap        ] GC(2543) Tenured: 8711K(349568K)->8732K(349568K)
[374.688s][info][gc,metaspace   ] GC(2543) Metaspace: 14290K(15232K)->14290K(15232K) NonClass: 12331K(12928K)->12331K(12928K) Class: 1959K(2304K)->1959K(2304K)
[374.688s][info][gc             ] GC(2543) Pause Young (Allocation Failure) 145M->8M(494M) 32.185ms
[374.688s][info][gc,cpu         ] GC(2543) User=0.03s Sys=0.00s Real=0.03s
[374.803s][info][gc,start       ] GC(2544) Pause Young (Allocation Failure)
[374.835s][info][gc,heap        ] GC(2544) DefNew: 140070K(157248K)->295K(157248K) Eden: 139776K(139776K)->0K(139776K) From: 294K(17472K)->295K(17472K)
[374.835s][info][gc,heap        ] GC(2544) Tenured: 8732K(349568K)->8753K(349568K)
[374.835s][info][gc,metaspace   ] GC(2544) Metaspace: 14290K(15232K)->14290K(15232K) NonClass: 12331K(12928K)->12331K(12928K) Class: 1959K(2304K)->1959K(2304K)
[374.835s][info][gc             ] GC(2544) Pause Young (Allocation Failure) 145M->8M(494M) 32.367ms
[374.835s][info][gc,cpu         ] GC(2544) User=0.03s Sys=0.00s Real=0.03s
[374.949s][info][gc,start       ] GC(2545) Pause Young (Allocation Failure)
[374.995s][info][gc,heap        ] GC(2545) DefNew: 140021K(157248K)->291K(157248K) Eden: 139726K(139776K)->0K(139776K) From: 295K(17472K)->291K(17472K)
[374.995s][info][gc,heap        ] GC(2545) Tenured: 8753K(349568K)->8774K(349568K)
[374.995s][info][gc,metaspace   ] GC(2545) Metaspace: 14290K(15232K)->14290K(15232K) NonClass: 12331K(12928K)->12331K(12928K) Class: 1959K(2304K)->1959K(2304K)
[374.995s][info][gc             ] GC(2545) Pause Young (Allocation Failure) 145M->8M(494M) 45.584ms
[374.995s][info][gc,cpu         ] GC(2545) User=0.03s Sys=0.00s Real=0.04s
[375.111s][info][gc,start       ] GC(2546) Pause Young (Allocation Failure)
[375.144s][info][gc,heap        ] GC(2546) DefNew: 140067K(157248K)->288K(157248K) Eden: 139776K(139776K)->0K(139776K) From: 291K(17472K)->288K(17472K)
[375.144s][info][gc,heap        ] GC(2546) Tenured: 8774K(349568K)->8794K(349568K)
[375.144s][info][gc,metaspace   ] GC(2546) Metaspace: 14290K(15232K)->14290K(15232K) NonClass: 12331K(12928K)->12331K(12928K) Class: 1959K(2304K)->1959K(2304K)
[375.144s][info][gc             ] GC(2546) Pause Young (Allocation Failure) 145M->8M(494M) 33.077ms
[375.144s][info][gc,cpu         ] GC(2546) User=0.03s Sys=0.00s Real=0.03s
[375.259s][info][gc,start       ] GC(2547) Pause Young (Allocation Failure)
[375.294s][info][gc,heap        ] GC(2547) DefNew: 140064K(157248K)->286K(157248K) Eden: 139776K(139776K)->0K(139776K) From: 288K(17472K)->286K(17472K)
[375.294s][info][gc,heap        ] GC(2547) Tenured: 8794K(349568K)->8815K(349568K)
[375.294s][info][gc,metaspace   ] GC(2547) Metaspace: 14290K(15232K)->14290K(15232K) NonClass: 12331K(12928K)->12331K(12928K) Class: 1959K(2304K)->1959K(2304K)
[375.294s][info][gc             ] GC(2547) Pause Young (Allocation Failure) 145M->8M(494M) 34.635ms
[375.294s][info][gc,cpu         ] GC(2547) User=0.03s Sys=0.00s Real=0.04s
[375.409s][info][gc,start       ] GC(2548) Pause Young (Allocation Failure)
[375.434s][info][gc,heap        ] GC(2548) DefNew: 140062K(157248K)->285K(157248K) Eden: 139776K(139776K)->0K(139776K) From: 286K(17472K)->285K(17472K)
[375.434s][info][gc,heap        ] GC(2548) Tenured: 8815K(349568K)->8832K(349568K)
[375.434s][info][gc,metaspace   ] GC(2548) Metaspace: 14290K(15232K)->14290K(15232K) NonClass: 12331K(12928K)->12331K(12928K) Class: 1959K(2304K)->1959K(2304K)
[375.434s][info][gc             ] GC(2548) Pause Young (Allocation Failure) 145M->8M(494M) 25.284ms
[375.434s][info][gc,cpu         ] GC(2548) User=0.03s Sys=0.00s Real=0.02s
[375.546s][info][gc,start       ] GC(2549) Pause Young (Allocation Failure)
[375.580s][info][gc,heap        ] GC(2549) DefNew: 140061K(157248K)->287K(157248K) Eden: 139776K(139776K)->0K(139776K) From: 285K(17472K)->287K(17472K)
[375.580s][info][gc,heap        ] GC(2549) Tenured: 8832K(349568K)->8850K(349568K)
[375.580s][info][gc,metaspace   ] GC(2549) Metaspace: 14290K(15232K)->14290K(15232K) NonClass: 12331K(12928K)->12331K(12928K) Class: 1959K(2304K)->1959K(2304K)
[375.580s][info][gc             ] GC(2549) Pause Young (Allocation Failure) 145M->8M(494M) 34.296ms
[375.580s][info][gc,cpu         ] GC(2549) User=0.02s Sys=0.00s Real=0.02s
[375.695s][info][gc,start       ] GC(2550) Pause Young (Allocation Failure)
[375.730s][info][gc,heap        ] GC(2550) DefNew: 140063K(157248K)->285K(157248K) Eden: 139776K(139776K)->0K(139776K) From: 287K(17472K)->285K(17472K)
[375.730s][info][gc,heap        ] GC(2550) Tenured: 8850K(349568K)->8868K(349568K)
[375.730s][info][gc,metaspace   ] GC(2550) Metaspace: 14290K(15232K)->14290K(15232K) NonClass: 12331K(12928K)->12331K(12928K) Class: 1959K(2304K)->1959K(2304K)
[375.730s][info][gc             ] GC(2550) Pause Young (Allocation Failure) 145M->8M(494M) 35.538ms
[375.730s][info][gc,cpu         ] GC(2550) User=0.03s Sys=0.00s Real=0.03s
[375.845s][info][gc,start       ] GC(2551) Pause Young (Allocation Failure)
[375.871s][info][gc,heap        ] GC(2551) DefNew: 140061K(157248K)->283K(157248K) Eden: 139776K(139776K)->0K(139776K) From: 285K(17472K)->283K(17472K)
[375.871s][info][gc,heap        ] GC(2551) Tenured: 8868K(349568K)->8889K(349568K)
[375.871s][info][gc,metaspace   ] GC(2551) Metaspace: 14290K(15232K)->14290K(15232K) NonClass: 12331K(12928K)->12331K(12928K) Class: 1959K(2304K)->1959K(2304K)
[375.871s][info][gc             ] GC(2551) Pause Young (Allocation Failure) 145M->8M(494M) 26.101ms
[375.871s][info][gc,cpu         ] GC(2551) User=0.03s Sys=0.00s Real=0.03s
[375.983s][info][gc,start       ] GC(2552) Pause Young (Allocation Failure)
[376.009s][info][gc,heap        ] GC(2552) DefNew: 140059K(157248K)->279K(157248K) Eden: 139776K(139776K)->0K(139776K) From: 283K(17472K)->279K(17472K)
[376.009s][info][gc,heap        ] GC(2552) Tenured: 8889K(349568K)->8910K(349568K)
[376.009s][info][gc,metaspace   ] GC(2552) Metaspace: 14290K(15232K)->14290K(15232K) NonClass: 12331K(12928K)->12331K(12928K) Class: 1959K(2304K)->1959K(2304K)
[376.009s][info][gc             ] GC(2552) Pause Young (Allocation Failure) 145M->8M(494M) 25.771ms
[376.009s][info][gc,cpu         ] GC(2552) User=0.03s Sys=0.00s Real=0.03s
[376.187s][info][gc,start       ] GC(2553) Pause Young (Allocation Failure)
[376.219s][info][gc,heap        ] GC(2553) DefNew: 140055K(157248K)->279K(157248K) Eden: 139776K(139776K)->0K(139776K) From: 279K(17472K)->279K(17472K)
[376.219s][info][gc,heap        ] GC(2553) Tenured: 8910K(349568K)->8927K(349568K)
[376.219s][info][gc,metaspace   ] GC(2553) Metaspace: 14290K(15232K)->14290K(15232K) NonClass: 12331K(12928K)->12331K(12928K) Class: 1959K(2304K)->1959K(2304K)
[376.219s][info][gc             ] GC(2553) Pause Young (Allocation Failure) 145M->8M(494M) 32.745ms
[376.219s][info][gc,cpu         ] GC(2553) User=0.03s Sys=0.00s Real=0.03s
[376.340s][info][gc,start       ] GC(2554) Pause Young (Allocation Failure)
[376.365s][info][gc,heap        ] GC(2554) DefNew: 140055K(157248K)->280K(157248K) Eden: 139776K(139776K)->0K(139776K) From: 279K(17472K)->280K(17472K)
[376.365s][info][gc,heap        ] GC(2554) Tenured: 8927K(349568K)->8945K(349568K)
[376.365s][info][gc,metaspace   ] GC(2554) Metaspace: 14290K(15232K)->14290K(15232K) NonClass: 12331K(12928K)->12331K(12928K) Class: 1959K(2304K)->1959K(2304K)
[376.365s][info][gc             ] GC(2554) Pause Young (Allocation Failure) 145M->9M(494M) 25.005ms
[376.365s][info][gc,cpu         ] GC(2554) User=0.02s Sys=0.00s Real=0.02s
[376.482s][info][gc,start       ] GC(2555) Pause Young (Allocation Failure)
[376.513s][info][gc,heap        ] GC(2555) DefNew: 140056K(157248K)->279K(157248K) Eden: 139776K(139776K)->0K(139776K) From: 280K(17472K)->279K(17472K)
[376.513s][info][gc,heap        ] GC(2555) Tenured: 8945K(349568K)->8962K(349568K)
[376.513s][info][gc,metaspace   ] GC(2555) Metaspace: 14290K(15232K)->14290K(15232K) NonClass: 12331K(12928K)->12331K(12928K) Class: 1959K(2304K)->1959K(2304K)
[376.513s][info][gc             ] GC(2555) Pause Young (Allocation Failure) 145M->9M(494M) 31.600ms
[376.513s][info][gc,cpu         ] GC(2555) User=0.02s Sys=0.00s Real=0.02s
[376.631s][info][gc,start       ] GC(2556) Pause Young (Allocation Failure)
[376.660s][info][gc,heap        ] GC(2556) DefNew: 140055K(157248K)->282K(157248K) Eden: 139776K(139776K)->0K(139776K) From: 279K(17472K)->282K(17472K)
[376.660s][info][gc,heap        ] GC(2556) Tenured: 8962K(349568K)->8980K(349568K)
[376.660s][info][gc,metaspace   ] GC(2556) Metaspace: 14290K(15232K)->14290K(15232K) NonClass: 12331K(12928K)->12331K(12928K) Class: 1959K(2304K)->1959K(2304K)
[376.660s][info][gc             ] GC(2556) Pause Young (Allocation Failure) 145M->9M(494M) 29.326ms
[376.660s][info][gc,cpu         ] GC(2556) User=0.02s Sys=0.00s Real=0.02s
[376.780s][info][gc,start       ] GC(2557) Pause Young (Allocation Failure)
[376.808s][info][gc,heap        ] GC(2557) DefNew: 140058K(157248K)->283K(157248K) Eden: 139776K(139776K)->0K(139776K) From: 282K(17472K)->283K(17472K)
[376.808s][info][gc,heap        ] GC(2557) Tenured: 8980K(349568K)->8998K(349568K)
[376.808s][info][gc,metaspace   ] GC(2557) Metaspace: 14290K(15232K)->14290K(15232K) NonClass: 12331K(12928K)->12331K(12928K) Class: 1959K(2304K)->1959K(2304K)
[376.808s][info][gc             ] GC(2557) Pause Young (Allocation Failure) 145M->9M(494M) 28.466ms
[376.809s][info][gc,cpu         ] GC(2557) User=0.02s Sys=0.00s Real=0.01s
[376.938s][info][gc,start       ] GC(2558) Pause Young (Allocation Failure)
[376.965s][info][gc,heap        ] GC(2558) DefNew: 140059K(157248K)->281K(157248K) Eden: 139776K(139776K)->0K(139776K) From: 283K(17472K)->281K(17472K)
[376.965s][info][gc,heap        ] GC(2558) Tenured: 8998K(349568K)->9019K(349568K)
[376.965s][info][gc,metaspace   ] GC(2558) Metaspace: 14290K(15232K)->14290K(15232K) NonClass: 12331K(12928K)->12331K(12928K) Class: 1959K(2304K)->1959K(2304K)
[376.965s][info][gc             ] GC(2558) Pause Young (Allocation Failure) 145M->9M(494M) 27.200ms
[376.965s][info][gc,cpu         ] GC(2558) User=0.02s Sys=0.00s Real=0.02s
[377.085s][info][gc,start       ] GC(2559) Pause Young (Allocation Failure)
[377.113s][info][gc,heap        ] GC(2559) DefNew: 140057K(157248K)->283K(157248K) Eden: 139776K(139776K)->0K(139776K) From: 281K(17472K)->283K(17472K)
[377.113s][info][gc,heap        ] GC(2559) Tenured: 9019K(349568K)->9039K(349568K)
[377.113s][info][gc,metaspace   ] GC(2559) Metaspace: 14290K(15232K)->14290K(15232K) NonClass: 12331K(12928K)->12331K(12928K) Class: 1959K(2304K)->1959K(2304K)
[377.113s][info][gc             ] GC(2559) Pause Young (Allocation Failure) 145M->9M(494M) 28.043ms
[377.113s][info][gc,cpu         ] GC(2559) User=0.02s Sys=0.00s Real=0.02s
[377.225s][info][gc,start       ] GC(2560) Pause Young (Allocation Failure)
[377.254s][info][gc,heap        ] GC(2560) DefNew: 140059K(157248K)->282K(157248K) Eden: 139776K(139776K)->0K(139776K) From: 283K(17472K)->282K(17472K)
[377.254s][info][gc,heap        ] GC(2560) Tenured: 9039K(349568K)->9057K(349568K)
[377.254s][info][gc,metaspace   ] GC(2560) Metaspace: 14290K(15232K)->14290K(15232K) NonClass: 12331K(12928K)->12331K(12928K) Class: 1959K(2304K)->1959K(2304K)
[377.254s][info][gc             ] GC(2560) Pause Young (Allocation Failure) 145M->9M(494M) 28.940ms
[377.254s][info][gc,cpu         ] GC(2560) User=0.03s Sys=0.00s Real=0.03s
[377.367s][info][gc,start       ] GC(2561) Pause Young (Allocation Failure)
[377.396s][info][gc,heap        ] GC(2561) DefNew: 140058K(157248K)->282K(157248K) Eden: 139776K(139776K)->0K(139776K) From: 282K(17472K)->282K(17472K)
[377.396s][info][gc,heap        ] GC(2561) Tenured: 9057K(349568K)->9075K(349568K)
[377.396s][info][gc,metaspace   ] GC(2561) Metaspace: 14290K(15232K)->14290K(15232K) NonClass: 12331K(12928K)->12331K(12928K) Class: 1959K(2304K)->1959K(2304K)
[377.397s][info][gc             ] GC(2561) Pause Young (Allocation Failure) 145M->9M(494M) 29.855ms
[377.397s][info][gc,cpu         ] GC(2561) User=0.02s Sys=0.00s Real=0.02s
[377.508s][info][gc,start       ] GC(2562) Pause Young (Allocation Failure)
[377.530s][info][gc,heap        ] GC(2562) DefNew: 140058K(157248K)->283K(157248K) Eden: 139776K(139776K)->0K(139776K) From: 282K(17472K)->283K(17472K)
[377.530s][info][gc,heap        ] GC(2562) Tenured: 9075K(349568K)->9092K(349568K)
[377.530s][info][gc,metaspace   ] GC(2562) Metaspace: 14290K(15232K)->14290K(15232K) NonClass: 12331K(12928K)->12331K(12928K) Class: 1959K(2304K)->1959K(2304K)
[377.530s][info][gc             ] GC(2562) Pause Young (Allocation Failure) 145M->9M(494M) 21.850ms
[377.530s][info][gc,cpu         ] GC(2562) User=0.00s Sys=0.00s Real=0.01s
[377.641s][info][gc,start       ] GC(2563) Pause Young (Allocation Failure)
[377.663s][info][gc,heap        ] GC(2563) DefNew: 140059K(157248K)->283K(157248K) Eden: 139776K(139776K)->0K(139776K) From: 283K(17472K)->283K(17472K)
[377.663s][info][gc,heap        ] GC(2563) Tenured: 9092K(349568K)->9110K(349568K)
[377.663s][info][gc,metaspace   ] GC(2563) Metaspace: 14290K(15232K)->14290K(15232K) NonClass: 12331K(12928K)->12331K(12928K) Class: 1959K(2304K)->1959K(2304K)
[377.663s][info][gc             ] GC(2563) Pause Young (Allocation Failure) 145M->9M(494M) 22.342ms
[377.663s][info][gc,cpu         ] GC(2563) User=0.02s Sys=0.00s Real=0.01s
[377.777s][info][gc,start       ] GC(2564) Pause Young (Allocation Failure)
[377.799s][info][gc,heap        ] GC(2564) DefNew: 140059K(157248K)->282K(157248K) Eden: 139776K(139776K)->0K(139776K) From: 283K(17472K)->282K(17472K)
[377.799s][info][gc,heap        ] GC(2564) Tenured: 9110K(349568K)->9127K(349568K)
[377.799s][info][gc,metaspace   ] GC(2564) Metaspace: 14290K(15232K)->14290K(15232K) NonClass: 12331K(12928K)->12331K(12928K) Class: 1959K(2304K)->1959K(2304K)
[377.799s][info][gc             ] GC(2564) Pause Young (Allocation Failure) 145M->9M(494M) 22.689ms
[377.799s][info][gc,cpu         ] GC(2564) User=0.02s Sys=0.00s Real=0.02s
[377.912s][info][gc,start       ] GC(2565) Pause Young (Allocation Failure)
[377.935s][info][gc,heap        ] GC(2565) DefNew: 140058K(157248K)->286K(157248K) Eden: 139776K(139776K)->0K(139776K) From: 282K(17472K)->286K(17472K)
[377.935s][info][gc,heap        ] GC(2565) Tenured: 9127K(349568K)->9145K(349568K)
[377.935s][info][gc,metaspace   ] GC(2565) Metaspace: 14290K(15232K)->14290K(15232K) NonClass: 12331K(12928K)->12331K(12928K) Class: 1959K(2304K)->1959K(2304K)
[377.935s][info][gc             ] GC(2565) Pause Young (Allocation Failure) 145M->9M(494M) 23.245ms
[377.935s][info][gc,cpu         ] GC(2565) User=0.03s Sys=0.00s Real=0.02s
[378.048s][info][gc,start       ] GC(2566) Pause Young (Allocation Failure)
[378.079s][info][gc,heap        ] GC(2566) DefNew: 140062K(157248K)->285K(157248K) Eden: 139776K(139776K)->0K(139776K) From: 286K(17472K)->285K(17472K)
[378.079s][info][gc,heap        ] GC(2566) Tenured: 9145K(349568K)->9163K(349568K)
[378.079s][info][gc,metaspace   ] GC(2566) Metaspace: 14290K(15232K)->14290K(15232K) NonClass: 12331K(12928K)->12331K(12928K) Class: 1959K(2304K)->1959K(2304K)
[378.079s][info][gc             ] GC(2566) Pause Young (Allocation Failure) 145M->9M(494M) 31.132ms
[378.079s][info][gc,cpu         ] GC(2566) User=0.02s Sys=0.00s Real=0.02s
[378.193s][info][gc,start       ] GC(2567) Pause Young (Allocation Failure)
[378.225s][info][gc,heap        ] GC(2567) DefNew: 140061K(157248K)->284K(157248K) Eden: 139776K(139776K)->0K(139776K) From: 285K(17472K)->284K(17472K)
[378.225s][info][gc,heap        ] GC(2567) Tenured: 9163K(349568K)->9181K(349568K)
[378.225s][info][gc,metaspace   ] GC(2567) Metaspace: 14290K(15232K)->14290K(15232K) NonClass: 12331K(12928K)->12331K(12928K) Class: 1959K(2304K)->1959K(2304K)
[378.225s][info][gc             ] GC(2567) Pause Young (Allocation Failure) 145M->9M(494M) 32.126ms
[378.225s][info][gc,cpu         ] GC(2567) User=0.03s Sys=0.00s Real=0.02s
[378.340s][info][gc,start       ] GC(2568) Pause Young (Allocation Failure)
[378.368s][info][gc,heap        ] GC(2568) DefNew: 140060K(157248K)->285K(157248K) Eden: 139776K(139776K)->0K(139776K) From: 284K(17472K)->285K(17472K)
[378.368s][info][gc,heap        ] GC(2568) Tenured: 9181K(349568K)->9199K(349568K)
[378.368s][info][gc,metaspace   ] GC(2568) Metaspace: 14290K(15232K)->14290K(15232K) NonClass: 12331K(12928K)->12331K(12928K) Class: 1959K(2304K)->1959K(2304K)
[378.368s][info][gc             ] GC(2568) Pause Young (Allocation Failure) 145M->9M(494M) 27.939ms
[378.368s][info][gc,cpu         ] GC(2568) User=0.03s Sys=0.00s Real=0.03s
[378.484s][info][gc,start       ] GC(2569) Pause Young (Allocation Failure)
[378.512s][info][gc,heap        ] GC(2569) DefNew: 140061K(157248K)->287K(157248K) Eden: 139776K(139776K)->0K(139776K) From: 285K(17472K)->287K(17472K)
[378.512s][info][gc,heap        ] GC(2569) Tenured: 9199K(349568K)->9216K(349568K)
[378.512s][info][gc,metaspace   ] GC(2569) Metaspace: 14290K(15232K)->14290K(15232K) NonClass: 12331K(12928K)->12331K(12928K) Class: 1959K(2304K)->1959K(2304K)
[378.512s][info][gc             ] GC(2569) Pause Young (Allocation Failure) 145M->9M(494M) 28.283ms
[378.512s][info][gc,cpu         ] GC(2569) User=0.03s Sys=0.00s Real=0.03s
[378.627s][info][gc,start       ] GC(2570) Pause Young (Allocation Failure)
[378.657s][info][gc,heap        ] GC(2570) DefNew: 140063K(157248K)->288K(157248K) Eden: 139776K(139776K)->0K(139776K) From: 287K(17472K)->288K(17472K)
[378.657s][info][gc,heap        ] GC(2570) Tenured: 9216K(349568K)->9234K(349568K)
[378.657s][info][gc,metaspace   ] GC(2570) Metaspace: 14290K(15232K)->14290K(15232K) NonClass: 12331K(12928K)->12331K(12928K) Class: 1959K(2304K)->1959K(2304K)
[378.657s][info][gc             ] GC(2570) Pause Young (Allocation Failure) 145M->9M(494M) 30.149ms
[378.657s][info][gc,cpu         ] GC(2570) User=0.02s Sys=0.00s Real=0.02s
[378.774s][info][gc,start       ] GC(2571) Pause Young (Allocation Failure)
[378.806s][info][gc,heap        ] GC(2571) DefNew: 140064K(157248K)->284K(157248K) Eden: 139776K(139776K)->0K(139776K) From: 288K(17472K)->284K(17472K)
[378.806s][info][gc,heap        ] GC(2571) Tenured: 9234K(349568K)->9255K(349568K)
[378.806s][info][gc,metaspace   ] GC(2571) Metaspace: 14290K(15232K)->14290K(15232K) NonClass: 12331K(12928K)->12331K(12928K) Class: 1959K(2304K)->1959K(2304K)
[378.807s][info][gc             ] GC(2571) Pause Young (Allocation Failure) 145M->9M(494M) 32.749ms
[378.807s][info][gc,cpu         ] GC(2571) User=0.03s Sys=0.00s Real=0.03s
[378.922s][info][gc,start       ] GC(2572) Pause Young (Allocation Failure)
[378.955s][info][gc,heap        ] GC(2572) DefNew: 140060K(157248K)->284K(157248K) Eden: 139776K(139776K)->0K(139776K) From: 284K(17472K)->284K(17472K)
[378.955s][info][gc,heap        ] GC(2572) Tenured: 9255K(349568K)->9272K(349568K)
[378.955s][info][gc,metaspace   ] GC(2572) Metaspace: 14290K(15232K)->14290K(15232K) NonClass: 12331K(12928K)->12331K(12928K) Class: 1959K(2304K)->1959K(2304K)
[378.955s][info][gc             ] GC(2572) Pause Young (Allocation Failure) 145M->9M(494M) 33.002ms
[378.955s][info][gc,cpu         ] GC(2572) User=0.02s Sys=0.00s Real=0.02s
[379.070s][info][gc,start       ] GC(2573) Pause Young (Allocation Failure)
[379.104s][info][gc,heap        ] GC(2573) DefNew: 140060K(157248K)->281K(157248K) Eden: 139776K(139776K)->0K(139776K) From: 284K(17472K)->281K(17472K)
[379.104s][info][gc,heap        ] GC(2573) Tenured: 9272K(349568K)->9293K(349568K)
[379.104s][info][gc,metaspace   ] GC(2573) Metaspace: 14290K(15232K)->14290K(15232K) NonClass: 12331K(12928K)->12331K(12928K) Class: 1959K(2304K)->1959K(2304K)
[379.104s][info][gc             ] GC(2573) Pause Young (Allocation Failure) 145M->9M(494M) 34.514ms
[379.104s][info][gc,cpu         ] GC(2573) User=0.03s Sys=0.00s Real=0.03s
[379.223s][info][gc,start       ] GC(2574) Pause Young (Allocation Failure)
[379.248s][info][gc,heap        ] GC(2574) DefNew: 140057K(157248K)->280K(157248K) Eden: 139776K(139776K)->0K(139776K) From: 281K(17472K)->280K(17472K)
[379.248s][info][gc,heap        ] GC(2574) Tenured: 9293K(349568K)->9314K(349568K)
[379.248s][info][gc,metaspace   ] GC(2574) Metaspace: 14290K(15232K)->14290K(15232K) NonClass: 12331K(12928K)->12331K(12928K) Class: 1959K(2304K)->1959K(2304K)
[379.248s][info][gc             ] GC(2574) Pause Young (Allocation Failure) 145M->9M(494M) 25.657ms
[379.249s][info][gc,cpu         ] GC(2574) User=0.02s Sys=0.00s Real=0.01s
[379.365s][info][gc,start       ] GC(2575) Pause Young (Allocation Failure)
[379.392s][info][gc,heap        ] GC(2575) DefNew: 140056K(157248K)->280K(157248K) Eden: 139776K(139776K)->0K(139776K) From: 280K(17472K)->280K(17472K)
[379.392s][info][gc,heap        ] GC(2575) Tenured: 9314K(349568K)->9331K(349568K)
[379.392s][info][gc,metaspace   ] GC(2575) Metaspace: 14290K(15232K)->14290K(15232K) NonClass: 12331K(12928K)->12331K(12928K) Class: 1959K(2304K)->1959K(2304K)
[379.392s][info][gc             ] GC(2575) Pause Young (Allocation Failure) 145M->9M(494M) 27.683ms
[379.392s][info][gc,cpu         ] GC(2575) User=0.02s Sys=0.00s Real=0.02s
[379.510s][info][gc,start       ] GC(2576) Pause Young (Allocation Failure)
[379.545s][info][gc,heap        ] GC(2576) DefNew: 140056K(157248K)->280K(157248K) Eden: 139776K(139776K)->0K(139776K) From: 280K(17472K)->280K(17472K)
[379.545s][info][gc,heap        ] GC(2576) Tenured: 9331K(349568K)->9349K(349568K)
[379.545s][info][gc,metaspace   ] GC(2576) Metaspace: 14290K(15232K)->14290K(15232K) NonClass: 12331K(12928K)->12331K(12928K) Class: 1959K(2304K)->1959K(2304K)
[379.545s][info][gc             ] GC(2576) Pause Young (Allocation Failure) 145M->9M(494M) 34.367ms
[379.545s][info][gc,cpu         ] GC(2576) User=0.03s Sys=0.00s Real=0.03s
[379.664s][info][gc,start       ] GC(2577) Pause Young (Allocation Failure)
[379.698s][info][gc,heap        ] GC(2577) DefNew: 140056K(157248K)->283K(157248K) Eden: 139776K(139776K)->0K(139776K) From: 280K(17472K)->283K(17472K)
[379.698s][info][gc,heap        ] GC(2577) Tenured: 9349K(349568K)->9367K(349568K)
[379.698s][info][gc,metaspace   ] GC(2577) Metaspace: 14290K(15232K)->14290K(15232K) NonClass: 12331K(12928K)->12331K(12928K) Class: 1959K(2304K)->1959K(2304K)
[379.699s][info][gc             ] GC(2577) Pause Young (Allocation Failure) 145M->9M(494M) 34.727ms
[379.699s][info][gc,cpu         ] GC(2577) User=0.03s Sys=0.00s Real=0.04s
[379.818s][info][gc,start       ] GC(2578) Pause Young (Allocation Failure)
[379.853s][info][gc,heap        ] GC(2578) DefNew: 140059K(157248K)->282K(157248K) Eden: 139776K(139776K)->0K(139776K) From: 283K(17472K)->282K(17472K)
[379.854s][info][gc,heap        ] GC(2578) Tenured: 9367K(349568K)->9384K(349568K)
[379.854s][info][gc,metaspace   ] GC(2578) Metaspace: 14290K(15232K)->14290K(15232K) NonClass: 12331K(12928K)->12331K(12928K) Class: 1959K(2304K)->1959K(2304K)
[379.854s][info][gc             ] GC(2578) Pause Young (Allocation Failure) 145M->9M(494M) 35.874ms
[379.854s][info][gc,cpu         ] GC(2578) User=0.05s Sys=0.00s Real=0.04s
[379.972s][info][gc,start       ] GC(2579) Pause Young (Allocation Failure)
[380.008s][info][gc,heap        ] GC(2579) DefNew: 140058K(157248K)->284K(157248K) Eden: 139776K(139776K)->0K(139776K) From: 282K(17472K)->284K(17472K)
[380.008s][info][gc,heap        ] GC(2579) Tenured: 9384K(349568K)->9402K(349568K)
[380.008s][info][gc,metaspace   ] GC(2579) Metaspace: 14290K(15232K)->14290K(15232K) NonClass: 12331K(12928K)->12331K(12928K) Class: 1959K(2304K)->1959K(2304K)
[380.008s][info][gc             ] GC(2579) Pause Young (Allocation Failure) 145M->9M(494M) 35.497ms
[380.008s][info][gc,cpu         ] GC(2579) User=0.05s Sys=0.00s Real=0.04s
[380.202s][info][gc,start       ] GC(2580) Pause Young (Allocation Failure)
[380.242s][info][gc,heap        ] GC(2580) DefNew: 140060K(157248K)->284K(157248K) Eden: 139776K(139776K)->0K(139776K) From: 284K(17472K)->284K(17472K)
[380.242s][info][gc,heap        ] GC(2580) Tenured: 9402K(349568K)->9423K(349568K)
[380.242s][info][gc,metaspace   ] GC(2580) Metaspace: 14290K(15232K)->14290K(15232K) NonClass: 12331K(12928K)->12331K(12928K) Class: 1959K(2304K)->1959K(2304K)
[380.242s][info][gc             ] GC(2580) Pause Young (Allocation Failure) 145M->9M(494M) 40.737ms
[380.242s][info][gc,cpu         ] GC(2580) User=0.03s Sys=0.00s Real=0.03s
[380.369s][info][gc,start       ] GC(2581) Pause Young (Allocation Failure)
[380.399s][info][gc,heap        ] GC(2581) DefNew: 140060K(157248K)->287K(157248K) Eden: 139776K(139776K)->0K(139776K) From: 284K(17472K)->287K(17472K)
[380.399s][info][gc,heap        ] GC(2581) Tenured: 9423K(349568K)->9440K(349568K)
[380.399s][info][gc,metaspace   ] GC(2581) Metaspace: 14290K(15232K)->14290K(15232K) NonClass: 12331K(12928K)->12331K(12928K) Class: 1959K(2304K)->1959K(2304K)
[380.399s][info][gc             ] GC(2581) Pause Young (Allocation Failure) 145M->9M(494M) 30.046ms
[380.399s][info][gc,cpu         ] GC(2581) User=0.03s Sys=0.00s Real=0.03s
[380.526s][info][gc,start       ] GC(2582) Pause Young (Allocation Failure)
[380.555s][info][gc,heap        ] GC(2582) DefNew: 140063K(157248K)->292K(157248K) Eden: 139776K(139776K)->0K(139776K) From: 287K(17472K)->292K(17472K)
[380.555s][info][gc,heap        ] GC(2582) Tenured: 9440K(349568K)->9458K(349568K)
[380.555s][info][gc,metaspace   ] GC(2582) Metaspace: 14290K(15232K)->14290K(15232K) NonClass: 12331K(12928K)->12331K(12928K) Class: 1959K(2304K)->1959K(2304K)
[380.555s][info][gc             ] GC(2582) Pause Young (Allocation Failure) 145M->9M(494M) 28.258ms
[380.555s][info][gc,cpu         ] GC(2582) User=0.02s Sys=0.00s Real=0.02s
[380.676s][info][gc,start       ] GC(2583) Pause Young (Allocation Failure)
[380.699s][info][gc,heap        ] GC(2583) DefNew: 140068K(157248K)->295K(157248K) Eden: 139776K(139776K)->0K(139776K) From: 292K(17472K)->295K(17472K)
[380.699s][info][gc,heap        ] GC(2583) Tenured: 9458K(349568K)->9475K(349568K)
[380.699s][info][gc,metaspace   ] GC(2583) Metaspace: 14290K(15232K)->14290K(15232K) NonClass: 12331K(12928K)->12331K(12928K) Class: 1959K(2304K)->1959K(2304K)
[380.699s][info][gc             ] GC(2583) Pause Young (Allocation Failure) 146M->9M(494M) 22.672ms
[380.699s][info][gc,cpu         ] GC(2583) User=0.02s Sys=0.00s Real=0.01s
[380.825s][info][gc,start       ] GC(2584) Pause Young (Allocation Failure)
[380.854s][info][gc,heap        ] GC(2584) DefNew: 140071K(157248K)->297K(157248K) Eden: 139776K(139776K)->0K(139776K) From: 295K(17472K)->297K(17472K)
[380.854s][info][gc,heap        ] GC(2584) Tenured: 9475K(349568K)->9496K(349568K)
[380.854s][info][gc,metaspace   ] GC(2584) Metaspace: 14290K(15232K)->14290K(15232K) NonClass: 12331K(12928K)->12331K(12928K) Class: 1959K(2304K)->1959K(2304K)
[380.854s][info][gc             ] GC(2584) Pause Young (Allocation Failure) 146M->9M(494M) 29.442ms
[380.854s][info][gc,cpu         ] GC(2584) User=0.03s Sys=0.00s Real=0.03s
[380.971s][info][gc,start       ] GC(2585) Pause Young (Allocation Failure)
[381.000s][info][gc,heap        ] GC(2585) DefNew: 140073K(157248K)->298K(157248K) Eden: 139776K(139776K)->0K(139776K) From: 297K(17472K)->298K(17472K)
[381.000s][info][gc,heap        ] GC(2585) Tenured: 9496K(349568K)->9514K(349568K)
[381.000s][info][gc,metaspace   ] GC(2585) Metaspace: 14290K(15232K)->14290K(15232K) NonClass: 12331K(12928K)->12331K(12928K) Class: 1959K(2304K)->1959K(2304K)
[381.000s][info][gc             ] GC(2585) Pause Young (Allocation Failure) 146M->9M(494M) 29.107ms
[381.000s][info][gc,cpu         ] GC(2585) User=0.03s Sys=0.00s Real=0.03s
[381.088s][info][gc,start       ] GC(2586) Pause Young (Allocation Failure)
[381.108s][info][gc,heap        ] GC(2586) DefNew: 140074K(157248K)->294K(157248K) Eden: 139776K(139776K)->0K(139776K) From: 298K(17472K)->294K(17472K)
[381.108s][info][gc,heap        ] GC(2586) Tenured: 9514K(349568K)->9532K(349568K)
[381.108s][info][gc,metaspace   ] GC(2586) Metaspace: 14290K(15232K)->14290K(15232K) NonClass: 12331K(12928K)->12331K(12928K) Class: 1959K(2304K)->1959K(2304K)
[381.108s][info][gc             ] GC(2586) Pause Young (Allocation Failure) 146M->9M(494M) 20.534ms
[381.108s][info][gc,cpu         ] GC(2586) User=0.02s Sys=0.00s Real=0.02s
[381.201s][info][gc,start       ] GC(2587) Pause Young (Allocation Failure)
[381.222s][info][gc,heap        ] GC(2587) DefNew: 140070K(157248K)->293K(157248K) Eden: 139776K(139776K)->0K(139776K) From: 294K(17472K)->293K(17472K)
[381.222s][info][gc,heap        ] GC(2587) Tenured: 9532K(349568K)->9549K(349568K)
[381.222s][info][gc,metaspace   ] GC(2587) Metaspace: 14290K(15232K)->14290K(15232K) NonClass: 12331K(12928K)->12331K(12928K) Class: 1959K(2304K)->1959K(2304K)
[381.222s][info][gc             ] GC(2587) Pause Young (Allocation Failure) 146M->9M(494M) 21.017ms
[381.222s][info][gc,cpu         ] GC(2587) User=0.02s Sys=0.00s Real=0.02s
[381.331s][info][gc,start       ] GC(2588) Pause Young (Allocation Failure)
[381.352s][info][gc,heap        ] GC(2588) DefNew: 140069K(157248K)->301K(157248K) Eden: 139776K(139776K)->0K(139776K) From: 293K(17472K)->301K(17472K)
[381.352s][info][gc,heap        ] GC(2588) Tenured: 9549K(349568K)->9567K(349568K)
[381.352s][info][gc,metaspace   ] GC(2588) Metaspace: 14290K(15232K)->14290K(15232K) NonClass: 12331K(12928K)->12331K(12928K) Class: 1959K(2304K)->1959K(2304K)
[381.353s][info][gc             ] GC(2588) Pause Young (Allocation Failure) 146M->9M(494M) 21.520ms
[381.353s][info][gc,cpu         ] GC(2588) User=0.02s Sys=0.00s Real=0.01s
[381.514s][info][gc,start       ] GC(2589) Pause Young (Allocation Failure)
[381.541s][info][gc,heap        ] GC(2589) DefNew: 140077K(157248K)->306K(157248K) Eden: 139776K(139776K)->0K(139776K) From: 301K(17472K)->306K(17472K)
[381.541s][info][gc,heap        ] GC(2589) Tenured: 9567K(349568K)->9587K(349568K)
[381.541s][info][gc,metaspace   ] GC(2589) Metaspace: 14290K(15232K)->14290K(15232K) NonClass: 12331K(12928K)->12331K(12928K) Class: 1959K(2304K)->1959K(2304K)
[381.542s][info][gc             ] GC(2589) Pause Young (Allocation Failure) 146M->9M(494M) 27.274ms
[381.542s][info][gc,cpu         ] GC(2589) User=0.02s Sys=0.00s Real=0.01s
[381.631s][info][gc,start       ] GC(2590) Pause Full (System.gc())
[381.632s][info][gc,phases,start] GC(2590) Phase 1: Mark live objects
[381.664s][info][gc,phases      ] GC(2590) Phase 1: Mark live objects 32.015ms
[381.664s][info][gc,phases,start] GC(2590) Phase 2: Compute new object addresses
[381.674s][info][gc,phases      ] GC(2590) Phase 2: Compute new object addresses 10.151ms
[381.674s][info][gc,phases,start] GC(2590) Phase 3: Adjust pointers
[381.694s][info][gc,phases      ] GC(2590) Phase 3: Adjust pointers 19.963ms
[381.694s][info][gc,phases,start] GC(2590) Phase 4: Move objects
[381.694s][info][gc,phases      ] GC(2590) Phase 4: Move objects 0.012ms
[381.694s][info][gc,heap        ] GC(2590) DefNew: 36855K(157248K)->0K(157248K) Eden: 36548K(139776K)->0K(139776K) From: 306K(17472K)->0K(17472K)
[381.694s][info][gc,heap        ] GC(2590) Tenured: 9587K(349568K)->9588K(349568K)
[381.694s][info][gc,metaspace   ] GC(2590) Metaspace: 14290K(15232K)->14290K(15232K) NonClass: 12331K(12928K)->12331K(12928K) Class: 1959K(2304K)->1959K(2304K)
[381.694s][info][gc             ] GC(2590) Pause Full (System.gc()) 45M->9M(494M) 62.469ms
[381.694s][info][gc,cpu         ] GC(2590) User=0.06s Sys=0.00s Real=0.06s
[381.790s][info][gc,start       ] GC(2591) Pause Young (Allocation Failure)
[381.821s][info][gc,heap        ] GC(2591) DefNew: 139776K(157248K)->1477K(157248K) Eden: 139776K(139776K)->0K(139776K) From: 0K(17472K)->1477K(17472K)
[381.821s][info][gc,heap        ] GC(2591) Tenured: 9588K(349568K)->9588K(349568K)
[381.821s][info][gc,metaspace   ] GC(2591) Metaspace: 14290K(15232K)->14290K(15232K) NonClass: 12331K(12928K)->12331K(12928K) Class: 1959K(2304K)->1959K(2304K)
[381.821s][info][gc             ] GC(2591) Pause Young (Allocation Failure) 145M->10M(494M) 31.000ms
[381.821s][info][gc,cpu         ] GC(2591) User=0.06s Sys=0.00s Real=0.03s
[381.931s][info][gc,start       ] GC(2592) Pause Young (Allocation Failure)
[381.963s][info][gc,heap        ] GC(2592) DefNew: 141253K(157248K)->1494K(157248K) Eden: 139776K(139776K)->0K(139776K) From: 1477K(17472K)->1494K(17472K)
[381.963s][info][gc,heap        ] GC(2592) Tenured: 9588K(349568K)->9588K(349568K)
[381.963s][info][gc,metaspace   ] GC(2592) Metaspace: 14290K(15232K)->14290K(15232K) NonClass: 12331K(12928K)->12331K(12928K) Class: 1959K(2304K)->1959K(2304K)
[381.963s][info][gc             ] GC(2592) Pause Young (Allocation Failure) 147M->10M(494M) 31.978ms
[381.963s][info][gc,cpu         ] GC(2592) User=0.03s Sys=0.00s Real=0.03s
[382.079s][info][gc,start       ] GC(2593) Pause Young (Allocation Failure)
[382.112s][info][gc,heap        ] GC(2593) DefNew: 141270K(157248K)->1514K(157248K) Eden: 139776K(139776K)->0K(139776K) From: 1494K(17472K)->1514K(17472K)
[382.112s][info][gc,heap        ] GC(2593) Tenured: 9588K(349568K)->9588K(349568K)
[382.112s][info][gc,metaspace   ] GC(2593) Metaspace: 14290K(15232K)->14290K(15232K) NonClass: 12331K(12928K)->12331K(12928K) Class: 1959K(2304K)->1959K(2304K)
[382.112s][info][gc             ] GC(2593) Pause Young (Allocation Failure) 147M->10M(494M) 32.912ms
[382.112s][info][gc,cpu         ] GC(2593) User=0.03s Sys=0.00s Real=0.03s
[382.224s][info][gc,start       ] GC(2594) Pause Young (Allocation Failure)
[382.249s][info][gc,heap        ] GC(2594) DefNew: 141290K(157248K)->1534K(157248K) Eden: 139776K(139776K)->0K(139776K) From: 1514K(17472K)->1534K(17472K)
[382.249s][info][gc,heap        ] GC(2594) Tenured: 9588K(349568K)->9588K(349568K)
[382.249s][info][gc,metaspace   ] GC(2594) Metaspace: 14290K(15232K)->14290K(15232K) NonClass: 12331K(12928K)->12331K(12928K) Class: 1959K(2304K)->1959K(2304K)
[382.249s][info][gc             ] GC(2594) Pause Young (Allocation Failure) 147M->10M(494M) 24.506ms
[382.249s][info][gc,cpu         ] GC(2594) User=0.02s Sys=0.00s Real=0.02s
[382.363s][info][gc,start       ] GC(2595) Pause Young (Allocation Failure)
[382.388s][info][gc,heap        ] GC(2595) DefNew: 141310K(157248K)->1553K(157248K) Eden: 139776K(139776K)->0K(139776K) From: 1534K(17472K)->1553K(17472K)
[382.388s][info][gc,heap        ] GC(2595) Tenured: 9588K(349568K)->9588K(349568K)
[382.388s][info][gc,metaspace   ] GC(2595) Metaspace: 14290K(15232K)->14290K(15232K) NonClass: 12331K(12928K)->12331K(12928K) Class: 1959K(2304K)->1959K(2304K)
[382.388s][info][gc             ] GC(2595) Pause Young (Allocation Failure) 147M->10M(494M) 24.661ms
[382.388s][info][gc,cpu         ] GC(2595) User=0.02s Sys=0.00s Real=0.02s
[382.501s][info][gc,start       ] GC(2596) Pause Young (Allocation Failure)
[382.526s][info][gc,heap        ] GC(2596) DefNew: 141329K(157248K)->1572K(157248K) Eden: 139776K(139776K)->0K(139776K) From: 1553K(17472K)->1572K(17472K)
[382.526s][info][gc,heap        ] GC(2596) Tenured: 9588K(349568K)->9588K(349568K)
[382.526s][info][gc,metaspace   ] GC(2596) Metaspace: 14290K(15232K)->14290K(15232K) NonClass: 12331K(12928K)->12331K(12928K) Class: 1959K(2304K)->1959K(2304K)
[382.526s][info][gc             ] GC(2596) Pause Young (Allocation Failure) 147M->10M(494M) 24.904ms
[382.526s][info][gc,cpu         ] GC(2596) User=0.03s Sys=0.00s Real=0.02s
[382.637s][info][gc,start       ] GC(2597) Pause Young (Allocation Failure)
[382.670s][info][gc,heap        ] GC(2597) DefNew: 141348K(157248K)->1590K(157248K) Eden: 139776K(139776K)->0K(139776K) From: 1572K(17472K)->1590K(17472K)
[382.670s][info][gc,heap        ] GC(2597) Tenured: 9588K(349568K)->9588K(349568K)
[382.670s][info][gc,metaspace   ] GC(2597) Metaspace: 14290K(15232K)->14290K(15232K) NonClass: 12331K(12928K)->12331K(12928K) Class: 1959K(2304K)->1959K(2304K)
[382.671s][info][gc             ] GC(2597) Pause Young (Allocation Failure) 147M->10M(494M) 33.248ms
[382.671s][info][gc,cpu         ] GC(2597) User=0.03s Sys=0.00s Real=0.03s
[382.789s][info][gc,start       ] GC(2598) Pause Young (Allocation Failure)
[382.823s][info][gc,heap        ] GC(2598) DefNew: 141366K(157248K)->1610K(157248K) Eden: 139776K(139776K)->0K(139776K) From: 1590K(17472K)->1610K(17472K)
[382.823s][info][gc,heap        ] GC(2598) Tenured: 9588K(349568K)->9588K(349568K)
[382.823s][info][gc,metaspace   ] GC(2598) Metaspace: 14290K(15232K)->14290K(15232K) NonClass: 12331K(12928K)->12331K(12928K) Class: 1959K(2304K)->1959K(2304K)
[382.823s][info][gc             ] GC(2598) Pause Young (Allocation Failure) 147M->10M(494M) 33.585ms
[382.823s][info][gc,cpu         ] GC(2598) User=0.02s Sys=0.00s Real=0.03s
[382.938s][info][gc,start       ] GC(2599) Pause Young (Allocation Failure)
[382.973s][info][gc,heap        ] GC(2599) DefNew: 141386K(157248K)->1627K(157248K) Eden: 139776K(139776K)->0K(139776K) From: 1610K(17472K)->1627K(17472K)
[382.973s][info][gc,heap        ] GC(2599) Tenured: 9588K(349568K)->9588K(349568K)
[382.973s][info][gc,metaspace   ] GC(2599) Metaspace: 14290K(15232K)->14290K(15232K) NonClass: 12331K(12928K)->12331K(12928K) Class: 1959K(2304K)->1959K(2304K)
[382.973s][info][gc             ] GC(2599) Pause Young (Allocation Failure) 147M->10M(494M) 34.930ms
[382.973s][info][gc,cpu         ] GC(2599) User=0.03s Sys=0.00s Real=0.03s
[383.097s][info][gc,start       ] GC(2600) Pause Young (Allocation Failure)
[383.130s][info][gc,heap        ] GC(2600) DefNew: 141403K(157248K)->1646K(157248K) Eden: 139776K(139776K)->0K(139776K) From: 1627K(17472K)->1646K(17472K)
[383.130s][info][gc,heap        ] GC(2600) Tenured: 9588K(349568K)->9588K(349568K)
[383.130s][info][gc,metaspace   ] GC(2600) Metaspace: 14290K(15232K)->14290K(15232K) NonClass: 12331K(12928K)->12331K(12928K) Class: 1959K(2304K)->1959K(2304K)
[383.130s][info][gc             ] GC(2600) Pause Young (Allocation Failure) 147M->10M(494M) 33.907ms
[383.130s][info][gc,cpu         ] GC(2600) User=0.03s Sys=0.00s Real=0.03s
[383.249s][info][gc,start       ] GC(2601) Pause Young (Allocation Failure)
[383.284s][info][gc,heap        ] GC(2601) DefNew: 141422K(157248K)->1663K(157248K) Eden: 139776K(139776K)->0K(139776K) From: 1646K(17472K)->1663K(17472K)
[383.285s][info][gc,heap        ] GC(2601) Tenured: 9588K(349568K)->9588K(349568K)
[383.285s][info][gc,metaspace   ] GC(2601) Metaspace: 14290K(15232K)->14290K(15232K) NonClass: 12331K(12928K)->12331K(12928K) Class: 1959K(2304K)->1959K(2304K)
[383.285s][info][gc             ] GC(2601) Pause Young (Allocation Failure) 147M->10M(494M) 35.646ms
[383.285s][info][gc,cpu         ] GC(2601) User=0.03s Sys=0.00s Real=0.03s
[383.397s][info][gc,start       ] GC(2602) Pause Young (Allocation Failure)
[383.431s][info][gc,heap        ] GC(2602) DefNew: 141439K(157248K)->1681K(157248K) Eden: 139776K(139776K)->0K(139776K) From: 1663K(17472K)->1681K(17472K)
[383.431s][info][gc,heap        ] GC(2602) Tenured: 9588K(349568K)->9588K(349568K)
[383.431s][info][gc,metaspace   ] GC(2602) Metaspace: 14290K(15232K)->14290K(15232K) NonClass: 12331K(12928K)->12331K(12928K) Class: 1959K(2304K)->1959K(2304K)
[383.431s][info][gc             ] GC(2602) Pause Young (Allocation Failure) 147M->11M(494M) 34.347ms
[383.431s][info][gc,cpu         ] GC(2602) User=0.02s Sys=0.00s Real=0.02s
[383.547s][info][gc,start       ] GC(2603) Pause Young (Allocation Failure)
[383.582s][info][gc,heap        ] GC(2603) DefNew: 141457K(157248K)->1699K(157248K) Eden: 139776K(139776K)->0K(139776K) From: 1681K(17472K)->1699K(17472K)
[383.582s][info][gc,heap        ] GC(2603) Tenured: 9588K(349568K)->9588K(349568K)
[383.582s][info][gc,metaspace   ] GC(2603) Metaspace: 14290K(15232K)->14290K(15232K) NonClass: 12331K(12928K)->12331K(12928K) Class: 1959K(2304K)->1959K(2304K)
[383.582s][info][gc             ] GC(2603) Pause Young (Allocation Failure) 147M->11M(494M) 34.943ms
[383.582s][info][gc,cpu         ] GC(2603) User=0.03s Sys=0.00s Real=0.03s
[383.692s][info][gc,start       ] GC(2604) Pause Young (Allocation Failure)
[383.727s][info][gc,heap        ] GC(2604) DefNew: 141475K(157248K)->1716K(157248K) Eden: 139776K(139776K)->0K(139776K) From: 1699K(17472K)->1716K(17472K)
[383.727s][info][gc,heap        ] GC(2604) Tenured: 9588K(349568K)->9588K(349568K)
[383.727s][info][gc,metaspace   ] GC(2604) Metaspace: 14290K(15232K)->14290K(15232K) NonClass: 12331K(12928K)->12331K(12928K) Class: 1959K(2304K)->1959K(2304K)
[383.727s][info][gc             ] GC(2604) Pause Young (Allocation Failure) 147M->11M(494M) 35.170ms
[383.727s][info][gc,cpu         ] GC(2604) User=0.05s Sys=0.00s Real=0.03s
[383.840s][info][gc,start       ] GC(2605) Pause Young (Allocation Failure)
[383.876s][info][gc,heap        ] GC(2605) DefNew: 141492K(157248K)->1734K(157248K) Eden: 139776K(139776K)->0K(139776K) From: 1716K(17472K)->1734K(17472K)
[383.876s][info][gc,heap        ] GC(2605) Tenured: 9588K(349568K)->9588K(349568K)
[383.876s][info][gc,metaspace   ] GC(2605) Metaspace: 14290K(15232K)->14290K(15232K) NonClass: 12331K(12928K)->12331K(12928K) Class: 1959K(2304K)->1959K(2304K)
[383.876s][info][gc             ] GC(2605) Pause Young (Allocation Failure) 147M->11M(494M) 36.203ms
[383.876s][info][gc,cpu         ] GC(2605) User=0.03s Sys=0.00s Real=0.03s
[383.992s][info][gc,start       ] GC(2606) Pause Young (Allocation Failure)
[384.020s][info][gc,heap        ] GC(2606) DefNew: 141510K(157248K)->283K(157248K) Eden: 139776K(139776K)->0K(139776K) From: 1734K(17472K)->283K(17472K)
[384.020s][info][gc,heap        ] GC(2606) Tenured: 9588K(349568K)->11057K(349568K)
[384.020s][info][gc,metaspace   ] GC(2606) Metaspace: 14290K(15232K)->14290K(15232K) NonClass: 12331K(12928K)->12331K(12928K) Class: 1959K(2304K)->1959K(2304K)
[384.020s][info][gc             ] GC(2606) Pause Young (Allocation Failure) 147M->11M(494M) 28.090ms
[384.020s][info][gc,cpu         ] GC(2606) User=0.02s Sys=0.00s Real=0.02s
[384.145s][info][gc,start       ] GC(2607) Pause Young (Allocation Failure)
[384.172s][info][gc,heap        ] GC(2607) DefNew: 140059K(157248K)->280K(157248K) Eden: 139776K(139776K)->0K(139776K) From: 283K(17472K)->280K(17472K)
[384.172s][info][gc,heap        ] GC(2607) Tenured: 11057K(349568K)->11074K(349568K)
[384.172s][info][gc,metaspace   ] GC(2607) Metaspace: 14290K(15232K)->14290K(15232K) NonClass: 12331K(12928K)->12331K(12928K) Class: 1959K(2304K)->1959K(2304K)
[384.172s][info][gc             ] GC(2607) Pause Young (Allocation Failure) 147M->11M(494M) 27.735ms
[384.172s][info][gc,cpu         ] GC(2607) User=0.02s Sys=0.00s Real=0.02s
[384.284s][info][gc,start       ] GC(2608) Pause Young (Allocation Failure)
[384.310s][info][gc,heap        ] GC(2608) DefNew: 140056K(157248K)->280K(157248K) Eden: 139775K(139776K)->0K(139776K) From: 280K(17472K)->280K(17472K)
[384.310s][info][gc,heap        ] GC(2608) Tenured: 11074K(349568K)->11092K(349568K)
[384.310s][info][gc,metaspace   ] GC(2608) Metaspace: 14290K(15232K)->14290K(15232K) NonClass: 12331K(12928K)->12331K(12928K) Class: 1959K(2304K)->1959K(2304K)
[384.310s][info][gc             ] GC(2608) Pause Young (Allocation Failure) 147M->11M(494M) 25.764ms
[384.310s][info][gc,cpu         ] GC(2608) User=0.03s Sys=0.00s Real=0.02s
[384.421s][info][gc,start       ] GC(2609) Pause Young (Allocation Failure)
[384.446s][info][gc,heap        ] GC(2609) DefNew: 140056K(157248K)->277K(157248K) Eden: 139776K(139776K)->0K(139776K) From: 280K(17472K)->277K(17472K)
[384.446s][info][gc,heap        ] GC(2609) Tenured: 11092K(349568K)->11113K(349568K)
[384.446s][info][gc,metaspace   ] GC(2609) Metaspace: 14290K(15232K)->14290K(15232K) NonClass: 12331K(12928K)->12331K(12928K) Class: 1959K(2304K)->1959K(2304K)
[384.446s][info][gc             ] GC(2609) Pause Young (Allocation Failure) 147M->11M(494M) 25.110ms
[384.446s][info][gc,cpu         ] GC(2609) User=0.02s Sys=0.00s Real=0.01s
[384.556s][info][gc,start       ] GC(2610) Pause Young (Allocation Failure)
[384.588s][info][gc,heap        ] GC(2610) DefNew: 140053K(157248K)->274K(157248K) Eden: 139776K(139776K)->0K(139776K) From: 277K(17472K)->274K(17472K)
[384.588s][info][gc,heap        ] GC(2610) Tenured: 11113K(349568K)->11133K(349568K)
[384.588s][info][gc,metaspace   ] GC(2610) Metaspace: 14290K(15232K)->14290K(15232K) NonClass: 12331K(12928K)->12331K(12928K) Class: 1959K(2304K)->1959K(2304K)
[384.588s][info][gc             ] GC(2610) Pause Young (Allocation Failure) 147M->11M(494M) 32.103ms
[384.588s][info][gc,cpu         ] GC(2610) User=0.02s Sys=0.00s Real=0.03s
[384.714s][info][gc,start       ] GC(2611) Pause Young (Allocation Failure)
[384.743s][info][gc,heap        ] GC(2611) DefNew: 140050K(157248K)->277K(157248K) Eden: 139776K(139776K)->0K(139776K) From: 274K(17472K)->277K(17472K)
[384.743s][info][gc,heap        ] GC(2611) Tenured: 11133K(349568K)->11151K(349568K)
[384.743s][info][gc,metaspace   ] GC(2611) Metaspace: 14290K(15232K)->14290K(15232K) NonClass: 12331K(12928K)->12331K(12928K) Class: 1959K(2304K)->1959K(2304K)
[384.743s][info][gc             ] GC(2611) Pause Young (Allocation Failure) 147M->11M(494M) 29.613ms
[384.743s][info][gc,cpu         ] GC(2611) User=0.03s Sys=0.00s Real=0.03s
[384.867s][info][gc,start       ] GC(2612) Pause Young (Allocation Failure)
[384.896s][info][gc,heap        ] GC(2612) DefNew: 140053K(157248K)->281K(157248K) Eden: 139776K(139776K)->0K(139776K) From: 277K(17472K)->281K(17472K)
[384.896s][info][gc,heap        ] GC(2612) Tenured: 11151K(349568K)->11169K(349568K)
[384.896s][info][gc,metaspace   ] GC(2612) Metaspace: 14290K(15232K)->14290K(15232K) NonClass: 12331K(12928K)->12331K(12928K) Class: 1959K(2304K)->1959K(2304K)
[384.896s][info][gc             ] GC(2612) Pause Young (Allocation Failure) 147M->11M(494M) 28.606ms
[384.896s][info][gc,cpu         ] GC(2612) User=0.02s Sys=0.00s Real=0.02s
[385.004s][info][gc,start       ] GC(2613) Pause Young (Allocation Failure)
[385.033s][info][gc,heap        ] GC(2613) DefNew: 140057K(157248K)->278K(157248K) Eden: 139776K(139776K)->0K(139776K) From: 281K(17472K)->278K(17472K)
[385.044s][info][gc,heap        ] GC(2613) Tenured: 11169K(349568K)->11189K(349568K)
[385.044s][info][gc,metaspace   ] GC(2613) Metaspace: 14290K(15232K)->14290K(15232K) NonClass: 12331K(12928K)->12331K(12928K) Class: 1959K(2304K)->1959K(2304K)
[385.044s][info][gc             ] GC(2613) Pause Young (Allocation Failure) 147M->11M(494M) 39.924ms
[385.044s][info][gc,cpu         ] GC(2613) User=0.03s Sys=0.00s Real=0.03s
[385.156s][info][gc,start       ] GC(2614) Pause Young (Allocation Failure)
[385.185s][info][gc,heap        ] GC(2614) DefNew: 140054K(157248K)->277K(157248K) Eden: 139776K(139776K)->0K(139776K) From: 278K(17472K)->277K(17472K)
[385.185s][info][gc,heap        ] GC(2614) Tenured: 11189K(349568K)->11207K(349568K)
[385.185s][info][gc,metaspace   ] GC(2614) Metaspace: 14290K(15232K)->14290K(15232K) NonClass: 12331K(12928K)->12331K(12928K) Class: 1959K(2304K)->1959K(2304K)
[385.185s][info][gc             ] GC(2614) Pause Young (Allocation Failure) 147M->11M(494M) 28.928ms
[385.185s][info][gc,cpu         ] GC(2614) User=0.02s Sys=0.00s Real=0.02s
[385.294s][info][gc,start       ] GC(2615) Pause Young (Allocation Failure)
[385.324s][info][gc,heap        ] GC(2615) DefNew: 140053K(157248K)->277K(157248K) Eden: 139776K(139776K)->0K(139776K) From: 277K(17472K)->277K(17472K)
[385.324s][info][gc,heap        ] GC(2615) Tenured: 11207K(349568K)->11225K(349568K)
[385.324s][info][gc,metaspace   ] GC(2615) Metaspace: 14290K(15232K)->14290K(15232K) NonClass: 12331K(12928K)->12331K(12928K) Class: 1959K(2304K)->1959K(2304K)
[385.324s][info][gc             ] GC(2615) Pause Young (Allocation Failure) 147M->11M(494M) 30.450ms
[385.324s][info][gc,cpu         ] GC(2615) User=0.03s Sys=0.00s Real=0.03s
[385.435s][info][gc,start       ] GC(2616) Pause Young (Allocation Failure)
[385.464s][info][gc,heap        ] GC(2616) DefNew: 140053K(157248K)->278K(157248K) Eden: 139776K(139776K)->0K(139776K) From: 277K(17472K)->278K(17472K)
[385.464s][info][gc,heap        ] GC(2616) Tenured: 11225K(349568K)->11242K(349568K)
[385.464s][info][gc,metaspace   ] GC(2616) Metaspace: 14290K(15232K)->14290K(15232K) NonClass: 12331K(12928K)->12331K(12928K) Class: 1959K(2304K)->1959K(2304K)
[385.464s][info][gc             ] GC(2616) Pause Young (Allocation Failure) 147M->11M(494M) 29.492ms
[385.464s][info][gc,cpu         ] GC(2616) User=0.02s Sys=0.00s Real=0.02s
[385.574s][info][gc,start       ] GC(2617) Pause Young (Allocation Failure)
[385.604s][info][gc,heap        ] GC(2617) DefNew: 140054K(157248K)->279K(157248K) Eden: 139776K(139776K)->0K(139776K) From: 278K(17472K)->279K(17472K)
[385.605s][info][gc,heap        ] GC(2617) Tenured: 11242K(349568K)->11260K(349568K)
[385.605s][info][gc,metaspace   ] GC(2617) Metaspace: 14290K(15232K)->14290K(15232K) NonClass: 12331K(12928K)->12331K(12928K) Class: 1959K(2304K)->1959K(2304K)
[385.605s][info][gc             ] GC(2617) Pause Young (Allocation Failure) 147M->11M(494M) 30.661ms
[385.605s][info][gc,cpu         ] GC(2617) User=0.02s Sys=0.00s Real=0.02s
[385.715s][info][gc,start       ] GC(2618) Pause Young (Allocation Failure)
[385.745s][info][gc,heap        ] GC(2618) DefNew: 140055K(157248K)->277K(157248K) Eden: 139776K(139776K)->0K(139776K) From: 279K(17472K)->277K(17472K)
[385.745s][info][gc,heap        ] GC(2618) Tenured: 11260K(349568K)->11278K(349568K)
[385.745s][info][gc,metaspace   ] GC(2618) Metaspace: 14290K(15232K)->14290K(15232K) NonClass: 12331K(12928K)->12331K(12928K) Class: 1959K(2304K)->1959K(2304K)
[385.745s][info][gc             ] GC(2618) Pause Young (Allocation Failure) 147M->11M(494M) 29.695ms
[385.745s][info][gc,cpu         ] GC(2618) User=0.02s Sys=0.00s Real=0.02s
[385.855s][info][gc,start       ] GC(2619) Pause Young (Allocation Failure)
[385.884s][info][gc,heap        ] GC(2619) DefNew: 140053K(157248K)->277K(157248K) Eden: 139776K(139776K)->0K(139776K) From: 277K(17472K)->277K(17472K)
[385.884s][info][gc,heap        ] GC(2619) Tenured: 11278K(349568K)->11296K(349568K)
[385.884s][info][gc,metaspace   ] GC(2619) Metaspace: 14290K(15232K)->14290K(15232K) NonClass: 12331K(12928K)->12331K(12928K) Class: 1959K(2304K)->1959K(2304K)
[385.884s][info][gc             ] GC(2619) Pause Young (Allocation Failure) 147M->11M(494M) 29.587ms
[385.884s][info][gc,cpu         ] GC(2619) User=0.02s Sys=0.00s Real=0.02s
[385.992s][info][gc,start       ] GC(2620) Pause Young (Allocation Failure)
[386.023s][info][gc,heap        ] GC(2620) DefNew: 140053K(157248K)->277K(157248K) Eden: 139776K(139776K)->0K(139776K) From: 277K(17472K)->277K(17472K)
[386.024s][info][gc,heap        ] GC(2620) Tenured: 11296K(349568K)->11314K(349568K)
[386.024s][info][gc,metaspace   ] GC(2620) Metaspace: 14290K(15232K)->14290K(15232K) NonClass: 12331K(12928K)->12331K(12928K) Class: 1959K(2304K)->1959K(2304K)
[386.024s][info][gc             ] GC(2620) Pause Young (Allocation Failure) 147M->11M(494M) 31.223ms
[386.024s][info][gc,cpu         ] GC(2620) User=0.02s Sys=0.00s Real=0.03s
[386.131s][info][gc,start       ] GC(2621) Pause Young (Allocation Failure)
[386.162s][info][gc,heap        ] GC(2621) DefNew: 140053K(157248K)->277K(157248K) Eden: 139776K(139776K)->0K(139776K) From: 277K(17472K)->277K(17472K)
[386.162s][info][gc,heap        ] GC(2621) Tenured: 11314K(349568K)->11331K(349568K)
[386.162s][info][gc,metaspace   ] GC(2621) Metaspace: 14290K(15232K)->14290K(15232K) NonClass: 12331K(12928K)->12331K(12928K) Class: 1959K(2304K)->1959K(2304K)
[386.162s][info][gc             ] GC(2621) Pause Young (Allocation Failure) 147M->11M(494M) 30.559ms
[386.162s][info][gc,cpu         ] GC(2621) User=0.03s Sys=0.00s Real=0.03s
[386.271s][info][gc,start       ] GC(2622) Pause Young (Allocation Failure)
[386.302s][info][gc,heap        ] GC(2622) DefNew: 140053K(157248K)->280K(157248K) Eden: 139776K(139776K)->0K(139776K) From: 277K(17472K)->280K(17472K)
[386.302s][info][gc,heap        ] GC(2622) Tenured: 11331K(349568K)->11346K(349568K)
[386.302s][info][gc,metaspace   ] GC(2622) Metaspace: 14290K(15232K)->14290K(15232K) NonClass: 12331K(12928K)->12331K(12928K) Class: 1959K(2304K)->1959K(2304K)
[386.302s][info][gc             ] GC(2622) Pause Young (Allocation Failure) 147M->11M(494M) 30.300ms
[386.302s][info][gc,cpu         ] GC(2622) User=0.03s Sys=0.00s Real=0.03s
[386.412s][info][gc,start       ] GC(2623) Pause Young (Allocation Failure)
[386.446s][info][gc,heap        ] GC(2623) DefNew: 140056K(157248K)->281K(157248K) Eden: 139776K(139776K)->0K(139776K) From: 280K(17472K)->281K(17472K)
[386.446s][info][gc,heap        ] GC(2623) Tenured: 11346K(349568K)->11364K(349568K)
[386.446s][info][gc,metaspace   ] GC(2623) Metaspace: 14290K(15232K)->14290K(15232K) NonClass: 12331K(12928K)->12331K(12928K) Class: 1959K(2304K)->1959K(2304K)
[386.446s][info][gc             ] GC(2623) Pause Young (Allocation Failure) 147M->11M(494M) 33.883ms
[386.446s][info][gc,cpu         ] GC(2623) User=0.05s Sys=0.00s Real=0.03s
[386.555s][info][gc,start       ] GC(2624) Pause Young (Allocation Failure)
[386.588s][info][gc,heap        ] GC(2624) DefNew: 140029K(157248K)->281K(157248K) Eden: 139748K(139776K)->0K(139776K) From: 281K(17472K)->281K(17472K)
[386.588s][info][gc,heap        ] GC(2624) Tenured: 11364K(349568K)->11381K(349568K)
[386.588s][info][gc,metaspace   ] GC(2624) Metaspace: 14290K(15232K)->14290K(15232K) NonClass: 12331K(12928K)->12331K(12928K) Class: 1959K(2304K)->1959K(2304K)
[386.588s][info][gc             ] GC(2624) Pause Young (Allocation Failure) 147M->11M(494M) 32.346ms
[386.588s][info][gc,cpu         ] GC(2624) User=0.02s Sys=0.00s Real=0.03s
[386.696s][info][gc,start       ] GC(2625) Pause Young (Allocation Failure)
[386.730s][info][gc,heap        ] GC(2625) DefNew: 140057K(157248K)->281K(157248K) Eden: 139776K(139776K)->0K(139776K) From: 281K(17472K)->281K(17472K)
[386.730s][info][gc,heap        ] GC(2625) Tenured: 11381K(349568K)->11399K(349568K)
[386.730s][info][gc,metaspace   ] GC(2625) Metaspace: 14290K(15232K)->14290K(15232K) NonClass: 12331K(12928K)->12331K(12928K) Class: 1959K(2304K)->1959K(2304K)
[386.730s][info][gc             ] GC(2625) Pause Young (Allocation Failure) 147M->11M(494M) 33.872ms
[386.730s][info][gc,cpu         ] GC(2625) User=0.02s Sys=0.00s Real=0.02s
[386.841s][info][gc,start       ] GC(2626) Pause Young (Allocation Failure)
[386.865s][info][gc,heap        ] GC(2626) DefNew: 140057K(157248K)->278K(157248K) Eden: 139776K(139776K)->0K(139776K) From: 281K(17472K)->278K(17472K)
[386.865s][info][gc,heap        ] GC(2626) Tenured: 11399K(349568K)->11420K(349568K)
[386.865s][info][gc,metaspace   ] GC(2626) Metaspace: 14290K(15232K)->14290K(15232K) NonClass: 12331K(12928K)->12331K(12928K) Class: 1959K(2304K)->1959K(2304K)
[386.865s][info][gc             ] GC(2626) Pause Young (Allocation Failure) 147M->11M(494M) 23.933ms
[386.865s][info][gc,cpu         ] GC(2626) User=0.02s Sys=0.00s Real=0.02s
[386.972s][info][gc,start       ] GC(2627) Pause Young (Allocation Failure)
[386.997s][info][gc,heap        ] GC(2627) DefNew: 140054K(157248K)->273K(157248K) Eden: 139776K(139776K)->0K(139776K) From: 278K(17472K)->273K(17472K)
[386.997s][info][gc,heap        ] GC(2627) Tenured: 11420K(349568K)->11442K(349568K)
[386.997s][info][gc,metaspace   ] GC(2627) Metaspace: 14290K(15232K)->14290K(15232K) NonClass: 12331K(12928K)->12331K(12928K) Class: 1959K(2304K)->1959K(2304K)
[386.997s][info][gc             ] GC(2627) Pause Young (Allocation Failure) 147M->11M(494M) 25.057ms
[386.997s][info][gc,cpu         ] GC(2627) User=0.03s Sys=0.00s Real=0.03s
[387.105s][info][gc,start       ] GC(2628) Pause Young (Allocation Failure)
[387.129s][info][gc,heap        ] GC(2628) DefNew: 140049K(157248K)->274K(157248K) Eden: 139776K(139776K)->0K(139776K) From: 273K(17472K)->274K(17472K)
[387.129s][info][gc,heap        ] GC(2628) Tenured: 11442K(349568K)->11459K(349568K)
[387.129s][info][gc,metaspace   ] GC(2628) Metaspace: 14290K(15232K)->14290K(15232K) NonClass: 12331K(12928K)->12331K(12928K) Class: 1959K(2304K)->1959K(2304K)
[387.129s][info][gc             ] GC(2628) Pause Young (Allocation Failure) 147M->11M(494M) 24.444ms
[387.129s][info][gc,cpu         ] GC(2628) User=0.02s Sys=0.00s Real=0.02s
[387.236s][info][gc,start       ] GC(2629) Pause Young (Allocation Failure)
[387.270s][info][gc,heap        ] GC(2629) DefNew: 140050K(157248K)->274K(157248K) Eden: 139776K(139776K)->0K(139776K) From: 274K(17472K)->274K(17472K)
[387.270s][info][gc,heap        ] GC(2629) Tenured: 11459K(349568K)->11477K(349568K)
[387.270s][info][gc,metaspace   ] GC(2629) Metaspace: 14290K(15232K)->14290K(15232K) NonClass: 12331K(12928K)->12331K(12928K) Class: 1959K(2304K)->1959K(2304K)
[387.270s][info][gc             ] GC(2629) Pause Young (Allocation Failure) 147M->11M(494M) 33.606ms
[387.270s][info][gc,cpu         ] GC(2629) User=0.03s Sys=0.00s Real=0.03s
[387.380s][info][gc,start       ] GC(2630) Pause Young (Allocation Failure)
[387.415s][info][gc,heap        ] GC(2630) DefNew: 140050K(157248K)->278K(157248K) Eden: 139776K(139776K)->0K(139776K) From: 274K(17472K)->278K(17472K)
[387.415s][info][gc,heap        ] GC(2630) Tenured: 11477K(349568K)->11494K(349568K)
[387.415s][info][gc,metaspace   ] GC(2630) Metaspace: 14290K(15232K)->14290K(15232K) NonClass: 12331K(12928K)->12331K(12928K) Class: 1959K(2304K)->1959K(2304K)
[387.415s][info][gc             ] GC(2630) Pause Young (Allocation Failure) 147M->11M(494M) 34.829ms
[387.415s][info][gc,cpu         ] GC(2630) User=0.05s Sys=0.00s Real=0.03s
[387.524s][info][gc,start       ] GC(2631) Pause Young (Allocation Failure)
[387.556s][info][gc,heap        ] GC(2631) DefNew: 140054K(157248K)->277K(157248K) Eden: 139776K(139776K)->0K(139776K) From: 278K(17472K)->277K(17472K)
[387.556s][info][gc,heap        ] GC(2631) Tenured: 11494K(349568K)->11512K(349568K)
[387.556s][info][gc,metaspace   ] GC(2631) Metaspace: 14290K(15232K)->14290K(15232K) NonClass: 12331K(12928K)->12331K(12928K) Class: 1959K(2304K)->1959K(2304K)
[387.556s][info][gc             ] GC(2631) Pause Young (Allocation Failure) 147M->11M(494M) 31.881ms
[387.556s][info][gc,cpu         ] GC(2631) User=0.02s Sys=0.00s Real=0.02s
[387.666s][info][gc,start       ] GC(2632) Pause Young (Allocation Failure)
[387.700s][info][gc,heap        ] GC(2632) DefNew: 140053K(157248K)->276K(157248K) Eden: 139776K(139776K)->0K(139776K) From: 277K(17472K)->276K(17472K)
[387.700s][info][gc,heap        ] GC(2632) Tenured: 11512K(349568K)->11530K(349568K)
[387.700s][info][gc,metaspace   ] GC(2632) Metaspace: 14290K(15232K)->14290K(15232K) NonClass: 12331K(12928K)->12331K(12928K) Class: 1959K(2304K)->1959K(2304K)
[387.700s][info][gc             ] GC(2632) Pause Young (Allocation Failure) 148M->11M(494M) 34.019ms
[387.700s][info][gc,cpu         ] GC(2632) User=0.03s Sys=0.00s Real=0.03s
[387.810s][info][gc,start       ] GC(2633) Pause Young (Allocation Failure)
[387.844s][info][gc,heap        ] GC(2633) DefNew: 140052K(157248K)->279K(157248K) Eden: 139776K(139776K)->0K(139776K) From: 276K(17472K)->279K(17472K)
[387.844s][info][gc,heap        ] GC(2633) Tenured: 11530K(349568K)->11547K(349568K)
[387.844s][info][gc,metaspace   ] GC(2633) Metaspace: 14290K(15232K)->14290K(15232K) NonClass: 12331K(12928K)->12331K(12928K) Class: 1959K(2304K)->1959K(2304K)
[387.844s][info][gc             ] GC(2633) Pause Young (Allocation Failure) 148M->11M(494M) 34.571ms
[387.845s][info][gc,cpu         ] GC(2633) User=0.03s Sys=0.00s Real=0.03s
[387.954s][info][gc,start       ] GC(2634) Pause Young (Allocation Failure)
[387.988s][info][gc,heap        ] GC(2634) DefNew: 140055K(157248K)->278K(157248K) Eden: 139776K(139776K)->0K(139776K) From: 279K(17472K)->278K(17472K)
[387.988s][info][gc,heap        ] GC(2634) Tenured: 11547K(349568K)->11565K(349568K)
[387.988s][info][gc,metaspace   ] GC(2634) Metaspace: 14290K(15232K)->14290K(15232K) NonClass: 12331K(12928K)->12331K(12928K) Class: 1959K(2304K)->1959K(2304K)
[387.988s][info][gc             ] GC(2634) Pause Young (Allocation Failure) 148M->11M(494M) 34.630ms
[387.988s][info][gc,cpu         ] GC(2634) User=0.03s Sys=0.00s Real=0.02s
[388.098s][info][gc,start       ] GC(2635) Pause Young (Allocation Failure)
[388.133s][info][gc,heap        ] GC(2635) DefNew: 140054K(157248K)->279K(157248K) Eden: 139776K(139776K)->0K(139776K) From: 278K(17472K)->279K(17472K)
[388.133s][info][gc,heap        ] GC(2635) Tenured: 11565K(349568K)->11583K(349568K)
[388.133s][info][gc,metaspace   ] GC(2635) Metaspace: 14290K(15232K)->14290K(15232K) NonClass: 12331K(12928K)->12331K(12928K) Class: 1959K(2304K)->1959K(2304K)
[388.134s][info][gc             ] GC(2635) Pause Young (Allocation Failure) 148M->11M(494M) 35.137ms
[388.134s][info][gc,cpu         ] GC(2635) User=0.03s Sys=0.00s Real=0.02s
[388.397s][info][gc,start       ] GC(2636) Pause Young (Allocation Failure)
[388.430s][info][gc,heap        ] GC(2636) DefNew: 140055K(157248K)->279K(157248K) Eden: 139776K(139776K)->0K(139776K) From: 279K(17472K)->279K(17472K)
[388.430s][info][gc,heap        ] GC(2636) Tenured: 11583K(349568K)->11600K(349568K)
[388.430s][info][gc,metaspace   ] GC(2636) Metaspace: 14290K(15232K)->14290K(15232K) NonClass: 12331K(12928K)->12331K(12928K) Class: 1959K(2304K)->1959K(2304K)
[388.430s][info][gc             ] GC(2636) Pause Young (Allocation Failure) 148M->11M(494M) 32.560ms
[388.430s][info][gc,cpu         ] GC(2636) User=0.03s Sys=0.00s Real=0.03s
[388.544s][info][gc,start       ] GC(2637) Pause Young (Allocation Failure)
[388.568s][info][gc,heap        ] GC(2637) DefNew: 140055K(157248K)->278K(157248K) Eden: 139776K(139776K)->0K(139776K) From: 279K(17472K)->278K(17472K)
[388.568s][info][gc,heap        ] GC(2637) Tenured: 11600K(349568K)->11618K(349568K)
[388.568s][info][gc,metaspace   ] GC(2637) Metaspace: 14290K(15232K)->14290K(15232K) NonClass: 12331K(12928K)->12331K(12928K) Class: 1959K(2304K)->1959K(2304K)
[388.569s][info][gc             ] GC(2637) Pause Young (Allocation Failure) 148M->11M(494M) 24.657ms
[388.569s][info][gc,cpu         ] GC(2637) User=0.02s Sys=0.00s Real=0.02s
[388.686s][info][gc,start       ] GC(2638) Pause Young (Allocation Failure)
[388.718s][info][gc,heap        ] GC(2638) DefNew: 140054K(157248K)->281K(157248K) Eden: 139776K(139776K)->0K(139776K) From: 278K(17472K)->281K(17472K)
[388.718s][info][gc,heap        ] GC(2638) Tenured: 11618K(349568K)->11636K(349568K)
[388.718s][info][gc,metaspace   ] GC(2638) Metaspace: 14290K(15232K)->14290K(15232K) NonClass: 12331K(12928K)->12331K(12928K) Class: 1959K(2304K)->1959K(2304K)
[388.718s][info][gc             ] GC(2638) Pause Young (Allocation Failure) 148M->11M(494M) 32.363ms
[388.718s][info][gc,cpu         ] GC(2638) User=0.03s Sys=0.00s Real=0.03s
[388.829s][info][gc,start       ] GC(2639) Pause Young (Allocation Failure)
[388.860s][info][gc,heap        ] GC(2639) DefNew: 140057K(157248K)->282K(157248K) Eden: 139776K(139776K)->0K(139776K) From: 281K(17472K)->282K(17472K)
[388.860s][info][gc,heap        ] GC(2639) Tenured: 11636K(349568K)->11654K(349568K)
[388.860s][info][gc,metaspace   ] GC(2639) Metaspace: 14290K(15232K)->14290K(15232K) NonClass: 12331K(12928K)->12331K(12928K) Class: 1959K(2304K)->1959K(2304K)
[388.860s][info][gc             ] GC(2639) Pause Young (Allocation Failure) 148M->11M(494M) 31.270ms
[388.860s][info][gc,cpu         ] GC(2639) User=0.03s Sys=0.00s Real=0.03s
[388.970s][info][gc,start       ] GC(2640) Pause Young (Allocation Failure)
[388.999s][info][gc,heap        ] GC(2640) DefNew: 140058K(157248K)->282K(157248K) Eden: 139776K(139776K)->0K(139776K) From: 282K(17472K)->282K(17472K)
[388.999s][info][gc,heap        ] GC(2640) Tenured: 11654K(349568K)->11672K(349568K)
[388.999s][info][gc,metaspace   ] GC(2640) Metaspace: 14290K(15232K)->14290K(15232K) NonClass: 12331K(12928K)->12331K(12928K) Class: 1959K(2304K)->1959K(2304K)
[388.999s][info][gc             ] GC(2640) Pause Young (Allocation Failure) 148M->11M(494M) 29.121ms
[388.999s][info][gc,cpu         ] GC(2640) User=0.03s Sys=0.00s Real=0.03s
[389.110s][info][gc,start       ] GC(2641) Pause Young (Allocation Failure)
[389.139s][info][gc,heap        ] GC(2641) DefNew: 140058K(157248K)->281K(157248K) Eden: 139776K(139776K)->0K(139776K) From: 282K(17472K)->281K(17472K)
[389.139s][info][gc,heap        ] GC(2641) Tenured: 11672K(349568K)->11689K(349568K)
[389.139s][info][gc,metaspace   ] GC(2641) Metaspace: 14290K(15232K)->14290K(15232K) NonClass: 12331K(12928K)->12331K(12928K) Class: 1959K(2304K)->1959K(2304K)
[389.139s][info][gc             ] GC(2641) Pause Young (Allocation Failure) 148M->11M(494M) 28.745ms
[389.139s][info][gc,cpu         ] GC(2641) User=0.02s Sys=0.00s Real=0.02s
[389.246s][info][gc,start       ] GC(2642) Pause Young (Allocation Failure)
[389.277s][info][gc,heap        ] GC(2642) DefNew: 140057K(157248K)->282K(157248K) Eden: 139776K(139776K)->0K(139776K) From: 281K(17472K)->282K(17472K)
[389.277s][info][gc,heap        ] GC(2642) Tenured: 11689K(349568K)->11707K(349568K)
[389.277s][info][gc,metaspace   ] GC(2642) Metaspace: 14290K(15232K)->14290K(15232K) NonClass: 12331K(12928K)->12331K(12928K) Class: 1959K(2304K)->1959K(2304K)
[389.277s][info][gc             ] GC(2642) Pause Young (Allocation Failure) 148M->11M(494M) 30.342ms
[389.277s][info][gc,cpu         ] GC(2642) User=0.03s Sys=0.00s Real=0.03s
[389.395s][info][gc,start       ] GC(2643) Pause Young (Allocation Failure)
[389.416s][info][gc,heap        ] GC(2643) DefNew: 140058K(157248K)->284K(157248K) Eden: 139776K(139776K)->0K(139776K) From: 282K(17472K)->284K(17472K)
[389.416s][info][gc,heap        ] GC(2643) Tenured: 11707K(349568K)->11725K(349568K)
[389.416s][info][gc,metaspace   ] GC(2643) Metaspace: 14290K(15232K)->14290K(15232K) NonClass: 12331K(12928K)->12331K(12928K) Class: 1959K(2304K)->1959K(2304K)
[389.416s][info][gc             ] GC(2643) Pause Young (Allocation Failure) 148M->11M(494M) 21.410ms
[389.416s][info][gc,cpu         ] GC(2643) User=0.03s Sys=0.00s Real=0.02s
[389.524s][info][gc,start       ] GC(2644) Pause Young (Allocation Failure)
[389.545s][info][gc,heap        ] GC(2644) DefNew: 140060K(157248K)->285K(157248K) Eden: 139776K(139776K)->0K(139776K) From: 284K(17472K)->285K(17472K)
[389.545s][info][gc,heap        ] GC(2644) Tenured: 11725K(349568K)->11743K(349568K)
[389.546s][info][gc,metaspace   ] GC(2644) Metaspace: 14290K(15232K)->14290K(15232K) NonClass: 12331K(12928K)->12331K(12928K) Class: 1959K(2304K)->1959K(2304K)
[389.546s][info][gc             ] GC(2644) Pause Young (Allocation Failure) 148M->11M(494M) 21.989ms
[389.546s][info][gc,cpu         ] GC(2644) User=0.00s Sys=0.00s Real=0.01s
[389.652s][info][gc,start       ] GC(2645) Pause Young (Allocation Failure)
[389.674s][info][gc,heap        ] GC(2645) DefNew: 140061K(157248K)->282K(157248K) Eden: 139776K(139776K)->0K(139776K) From: 285K(17472K)->282K(17472K)
[389.674s][info][gc,heap        ] GC(2645) Tenured: 11743K(349568K)->11763K(349568K)
[389.674s][info][gc,metaspace   ] GC(2645) Metaspace: 14290K(15232K)->14290K(15232K) NonClass: 12331K(12928K)->12331K(12928K) Class: 1959K(2304K)->1959K(2304K)
[389.675s][info][gc             ] GC(2645) Pause Young (Allocation Failure) 148M->11M(494M) 22.038ms
[389.675s][info][gc,cpu         ] GC(2645) User=0.02s Sys=0.00s Real=0.02s
[389.781s][info][gc,start       ] GC(2646) Pause Young (Allocation Failure)
[389.810s][info][gc,heap        ] GC(2646) DefNew: 140058K(157248K)->283K(157248K) Eden: 139776K(139776K)->0K(139776K) From: 282K(17472K)->283K(17472K)
[389.810s][info][gc,heap        ] GC(2646) Tenured: 11763K(349568K)->11781K(349568K)
[389.810s][info][gc,metaspace   ] GC(2646) Metaspace: 14290K(15232K)->14290K(15232K) NonClass: 12331K(12928K)->12331K(12928K) Class: 1959K(2304K)->1959K(2304K)
[389.810s][info][gc             ] GC(2646) Pause Young (Allocation Failure) 148M->11M(494M) 29.845ms
[389.810s][info][gc,cpu         ] GC(2646) User=0.03s Sys=0.00s Real=0.02s
[389.919s][info][gc,start       ] GC(2647) Pause Young (Allocation Failure)
[389.950s][info][gc,heap        ] GC(2647) DefNew: 140059K(157248K)->283K(157248K) Eden: 139776K(139776K)->0K(139776K) From: 283K(17472K)->283K(17472K)
[389.950s][info][gc,heap        ] GC(2647) Tenured: 11781K(349568K)->11798K(349568K)
[389.950s][info][gc,metaspace   ] GC(2647) Metaspace: 14290K(15232K)->14290K(15232K) NonClass: 12331K(12928K)->12331K(12928K) Class: 1959K(2304K)->1959K(2304K)
[389.950s][info][gc             ] GC(2647) Pause Young (Allocation Failure) 148M->11M(494M) 30.810ms
[389.950s][info][gc,cpu         ] GC(2647) User=0.02s Sys=0.00s Real=0.02s
[390.060s][info][gc,start       ] GC(2648) Pause Young (Allocation Failure)
[390.090s][info][gc,heap        ] GC(2648) DefNew: 140059K(157248K)->281K(157248K) Eden: 139776K(139776K)->0K(139776K) From: 283K(17472K)->281K(17472K)
[390.090s][info][gc,heap        ] GC(2648) Tenured: 11798K(349568K)->11818K(349568K)
[390.090s][info][gc,metaspace   ] GC(2648) Metaspace: 14290K(15232K)->14290K(15232K) NonClass: 12331K(12928K)->12331K(12928K) Class: 1959K(2304K)->1959K(2304K)
[390.090s][info][gc             ] GC(2648) Pause Young (Allocation Failure) 148M->11M(494M) 30.110ms
[390.090s][info][gc,cpu         ] GC(2648) User=0.02s Sys=0.00s Real=0.02s
[390.200s][info][gc,start       ] GC(2649) Pause Young (Allocation Failure)
[390.230s][info][gc,heap        ] GC(2649) DefNew: 140057K(157248K)->281K(157248K) Eden: 139776K(139776K)->0K(139776K) From: 281K(17472K)->281K(17472K)
[390.230s][info][gc,heap        ] GC(2649) Tenured: 11818K(349568K)->11836K(349568K)
[390.230s][info][gc,metaspace   ] GC(2649) Metaspace: 14290K(15232K)->14290K(15232K) NonClass: 12331K(12928K)->12331K(12928K) Class: 1959K(2304K)->1959K(2304K)
[390.231s][info][gc             ] GC(2649) Pause Young (Allocation Failure) 148M->11M(494M) 30.372ms
[390.231s][info][gc,cpu         ] GC(2649) User=0.03s Sys=0.00s Real=0.03s
[390.340s][info][gc,start       ] GC(2650) Pause Young (Allocation Failure)
[390.372s][info][gc,heap        ] GC(2650) DefNew: 140057K(157248K)->281K(157248K) Eden: 139776K(139776K)->0K(139776K) From: 281K(17472K)->281K(17472K)
[390.372s][info][gc,heap        ] GC(2650) Tenured: 11836K(349568K)->11853K(349568K)
[390.372s][info][gc,metaspace   ] GC(2650) Metaspace: 14290K(15232K)->14290K(15232K) NonClass: 12331K(12928K)->12331K(12928K) Class: 1959K(2304K)->1959K(2304K)
[390.372s][info][gc             ] GC(2650) Pause Young (Allocation Failure) 148M->11M(494M) 31.615ms
[390.372s][info][gc,cpu         ] GC(2650) User=0.03s Sys=0.00s Real=0.03s
[390.483s][info][gc,start       ] GC(2651) Pause Young (Allocation Failure)
[390.507s][info][gc,heap        ] GC(2651) DefNew: 140057K(157248K)->281K(157248K) Eden: 139776K(139776K)->0K(139776K) From: 281K(17472K)->281K(17472K)
[390.507s][info][gc,heap        ] GC(2651) Tenured: 11853K(349568K)->11871K(349568K)
[390.507s][info][gc,metaspace   ] GC(2651) Metaspace: 14290K(15232K)->14290K(15232K) NonClass: 12331K(12928K)->12331K(12928K) Class: 1959K(2304K)->1959K(2304K)
[390.507s][info][gc             ] GC(2651) Pause Young (Allocation Failure) 148M->11M(494M) 23.624ms
[390.507s][info][gc,cpu         ] GC(2651) User=0.02s Sys=0.00s Real=0.02s
[390.614s][info][gc,start       ] GC(2652) Pause Young (Allocation Failure)
[390.642s][info][gc,heap        ] GC(2652) DefNew: 140057K(157248K)->281K(157248K) Eden: 139776K(139776K)->0K(139776K) From: 281K(17472K)->281K(17472K)
[390.642s][info][gc,heap        ] GC(2652) Tenured: 11871K(349568K)->11889K(349568K)
[390.642s][info][gc,metaspace   ] GC(2652) Metaspace: 14290K(15232K)->14290K(15232K) NonClass: 12331K(12928K)->12331K(12928K) Class: 1959K(2304K)->1959K(2304K)
[390.642s][info][gc             ] GC(2652) Pause Young (Allocation Failure) 148M->11M(494M) 28.121ms
[390.643s][info][gc,cpu         ] GC(2652) User=0.03s Sys=0.00s Real=0.03s
[390.752s][info][gc,start       ] GC(2653) Pause Young (Allocation Failure)
[390.784s][info][gc,heap        ] GC(2653) DefNew: 140057K(157248K)->279K(157248K) Eden: 139776K(139776K)->0K(139776K) From: 281K(17472K)->279K(17472K)
[390.784s][info][gc,heap        ] GC(2653) Tenured: 11889K(349568K)->11910K(349568K)
[390.784s][info][gc,metaspace   ] GC(2653) Metaspace: 14290K(15232K)->14290K(15232K) NonClass: 12331K(12928K)->12331K(12928K) Class: 1959K(2304K)->1959K(2304K)
[390.784s][info][gc             ] GC(2653) Pause Young (Allocation Failure) 148M->11M(494M) 32.090ms
[390.784s][info][gc,cpu         ] GC(2653) User=0.03s Sys=0.00s Real=0.03s
[390.893s][info][gc,start       ] GC(2654) Pause Young (Allocation Failure)
[390.927s][info][gc,heap        ] GC(2654) DefNew: 140055K(157248K)->278K(157248K) Eden: 139776K(139776K)->0K(139776K) From: 279K(17472K)->278K(17472K)
[390.927s][info][gc,heap        ] GC(2654) Tenured: 11910K(349568K)->11928K(349568K)
[390.927s][info][gc,metaspace   ] GC(2654) Metaspace: 14290K(15232K)->14290K(15232K) NonClass: 12331K(12928K)->12331K(12928K) Class: 1959K(2304K)->1959K(2304K)
[390.927s][info][gc             ] GC(2654) Pause Young (Allocation Failure) 148M->11M(494M) 33.539ms
[390.927s][info][gc,cpu         ] GC(2654) User=0.03s Sys=0.00s Real=0.02s
[391.038s][info][gc,start       ] GC(2655) Pause Young (Allocation Failure)
[391.071s][info][gc,heap        ] GC(2655) DefNew: 140054K(157248K)->278K(157248K) Eden: 139776K(139776K)->0K(139776K) From: 278K(17472K)->278K(17472K)
[391.071s][info][gc,heap        ] GC(2655) Tenured: 11928K(349568K)->11945K(349568K)
[391.071s][info][gc,metaspace   ] GC(2655) Metaspace: 14290K(15232K)->14290K(15232K) NonClass: 12331K(12928K)->12331K(12928K) Class: 1959K(2304K)->1959K(2304K)
[391.071s][info][gc             ] GC(2655) Pause Young (Allocation Failure) 148M->11M(494M) 32.732ms
[391.071s][info][gc,cpu         ] GC(2655) User=0.03s Sys=0.00s Real=0.03s
[391.179s][info][gc,start       ] GC(2656) Pause Young (Allocation Failure)
[391.212s][info][gc,heap        ] GC(2656) DefNew: 140054K(157248K)->278K(157248K) Eden: 139776K(139776K)->0K(139776K) From: 278K(17472K)->278K(17472K)
[391.212s][info][gc,heap        ] GC(2656) Tenured: 11945K(349568K)->11963K(349568K)
[391.212s][info][gc,metaspace   ] GC(2656) Metaspace: 14290K(15232K)->14290K(15232K) NonClass: 12331K(12928K)->12331K(12928K) Class: 1959K(2304K)->1959K(2304K)
[391.212s][info][gc             ] GC(2656) Pause Young (Allocation Failure) 148M->11M(494M) 32.553ms
[391.212s][info][gc,cpu         ] GC(2656) User=0.03s Sys=0.00s Real=0.03s
[391.320s][info][gc,start       ] GC(2657) Pause Young (Allocation Failure)
[391.353s][info][gc,heap        ] GC(2657) DefNew: 140054K(157248K)->279K(157248K) Eden: 139776K(139776K)->0K(139776K) From: 278K(17472K)->279K(17472K)
[391.353s][info][gc,heap        ] GC(2657) Tenured: 11963K(349568K)->11981K(349568K)
[391.354s][info][gc,metaspace   ] GC(2657) Metaspace: 14290K(15232K)->14290K(15232K) NonClass: 12331K(12928K)->12331K(12928K) Class: 1959K(2304K)->1959K(2304K)
[391.354s][info][gc             ] GC(2657) Pause Young (Allocation Failure) 148M->11M(494M) 33.457ms
[391.354s][info][gc,cpu         ] GC(2657) User=0.02s Sys=0.00s Real=0.03s
[391.464s][info][gc,start       ] GC(2658) Pause Young (Allocation Failure)
[391.498s][info][gc,heap        ] GC(2658) DefNew: 140055K(157248K)->282K(157248K) Eden: 139776K(139776K)->0K(139776K) From: 279K(17472K)->282K(17472K)
[391.498s][info][gc,heap        ] GC(2658) Tenured: 11981K(349568K)->12001K(349568K)
[391.498s][info][gc,metaspace   ] GC(2658) Metaspace: 14290K(15232K)->14290K(15232K) NonClass: 12331K(12928K)->12331K(12928K) Class: 1959K(2304K)->1959K(2304K)
[391.498s][info][gc             ] GC(2658) Pause Young (Allocation Failure) 148M->11M(494M) 34.527ms
[391.498s][info][gc,cpu         ] GC(2658) User=0.03s Sys=0.00s Real=0.03s
[391.609s][info][gc,start       ] GC(2659) Pause Young (Allocation Failure)
[391.636s][info][gc,heap        ] GC(2659) DefNew: 140058K(157248K)->276K(157248K) Eden: 139776K(139776K)->0K(139776K) From: 282K(17472K)->276K(17472K)
[391.636s][info][gc,heap        ] GC(2659) Tenured: 12001K(349568K)->12019K(349568K)
[391.636s][info][gc,metaspace   ] GC(2659) Metaspace: 14290K(15232K)->14290K(15232K) NonClass: 12331K(12928K)->12331K(12928K) Class: 1959K(2304K)->1959K(2304K)
[391.636s][info][gc             ] GC(2659) Pause Young (Allocation Failure) 148M->12M(494M) 26.849ms
[391.636s][info][gc,cpu         ] GC(2659) User=0.03s Sys=0.00s Real=0.03s
[391.744s][info][gc,start       ] GC(2660) Pause Young (Allocation Failure)
[391.778s][info][gc,heap        ] GC(2660) DefNew: 140052K(157248K)->276K(157248K) Eden: 139776K(139776K)->0K(139776K) From: 276K(17472K)->276K(17472K)
[391.778s][info][gc,heap        ] GC(2660) Tenured: 12019K(349568K)->12037K(349568K)
[391.778s][info][gc,metaspace   ] GC(2660) Metaspace: 14290K(15232K)->14290K(15232K) NonClass: 12331K(12928K)->12331K(12928K) Class: 1959K(2304K)->1959K(2304K)
[391.778s][info][gc             ] GC(2660) Pause Young (Allocation Failure) 148M->12M(494M) 34.041ms
[391.778s][info][gc,cpu         ] GC(2660) User=0.02s Sys=0.00s Real=0.02s
[391.887s][info][gc,start       ] GC(2661) Pause Young (Allocation Failure)
[391.921s][info][gc,heap        ] GC(2661) DefNew: 140052K(157248K)->276K(157248K) Eden: 139776K(139776K)->0K(139776K) From: 276K(17472K)->276K(17472K)
[391.921s][info][gc,heap        ] GC(2661) Tenured: 12037K(349568K)->12055K(349568K)
[391.921s][info][gc,metaspace   ] GC(2661) Metaspace: 14290K(15232K)->14290K(15232K) NonClass: 12331K(12928K)->12331K(12928K) Class: 1959K(2304K)->1959K(2304K)
[391.921s][info][gc             ] GC(2661) Pause Young (Allocation Failure) 148M->12M(494M) 34.180ms
[391.921s][info][gc,cpu         ] GC(2661) User=0.02s Sys=0.00s Real=0.03s
[392.030s][info][gc,start       ] GC(2662) Pause Young (Allocation Failure)
[392.066s][info][gc,heap        ] GC(2662) DefNew: 140052K(157248K)->275K(157248K) Eden: 139776K(139776K)->0K(139776K) From: 276K(17472K)->275K(17472K)
[392.066s][info][gc,heap        ] GC(2662) Tenured: 12055K(349568K)->12073K(349568K)
[392.066s][info][gc,metaspace   ] GC(2662) Metaspace: 14290K(15232K)->14290K(15232K) NonClass: 12331K(12928K)->12331K(12928K) Class: 1959K(2304K)->1959K(2304K)
[392.066s][info][gc             ] GC(2662) Pause Young (Allocation Failure) 148M->12M(494M) 35.876ms
[392.066s][info][gc,cpu         ] GC(2662) User=0.02s Sys=0.00s Real=0.02s
[392.177s][info][gc,start       ] GC(2663) Pause Young (Allocation Failure)
[392.203s][info][gc,heap        ] GC(2663) DefNew: 140051K(157248K)->275K(157248K) Eden: 139776K(139776K)->0K(139776K) From: 275K(17472K)->275K(17472K)
[392.203s][info][gc,heap        ] GC(2663) Tenured: 12073K(349568K)->12091K(349568K)
[392.203s][info][gc,metaspace   ] GC(2663) Metaspace: 14290K(15232K)->14290K(15232K) NonClass: 12331K(12928K)->12331K(12928K) Class: 1959K(2304K)->1959K(2304K)
[392.203s][info][gc             ] GC(2663) Pause Young (Allocation Failure) 148M->12M(494M) 26.330ms
[392.203s][info][gc,cpu         ] GC(2663) User=0.03s Sys=0.00s Real=0.02s
[392.312s][info][gc,start       ] GC(2664) Pause Young (Allocation Failure)
[392.348s][info][gc,heap        ] GC(2664) DefNew: 140051K(157248K)->275K(157248K) Eden: 139776K(139776K)->0K(139776K) From: 275K(17472K)->275K(17472K)
[392.348s][info][gc,heap        ] GC(2664) Tenured: 12091K(349568K)->12108K(349568K)
[392.348s][info][gc,metaspace   ] GC(2664) Metaspace: 14290K(15232K)->14290K(15232K) NonClass: 12331K(12928K)->12331K(12928K) Class: 1959K(2304K)->1959K(2304K)
[392.348s][info][gc             ] GC(2664) Pause Young (Allocation Failure) 148M->12M(494M) 35.485ms
[392.348s][info][gc,cpu         ] GC(2664) User=0.03s Sys=0.00s Real=0.03s
[392.561s][info][gc,start       ] GC(2665) Pause Young (Allocation Failure)
[392.602s][info][gc,heap        ] GC(2665) DefNew: 140051K(157248K)->274K(157248K) Eden: 139776K(139776K)->0K(139776K) From: 275K(17472K)->274K(17472K)
[392.602s][info][gc,heap        ] GC(2665) Tenured: 12108K(349568K)->12127K(349568K)
[392.602s][info][gc,metaspace   ] GC(2665) Metaspace: 14290K(15232K)->14290K(15232K) NonClass: 12331K(12928K)->12331K(12928K) Class: 1959K(2304K)->1959K(2304K)
[392.602s][info][gc             ] GC(2665) Pause Young (Allocation Failure) 148M->12M(494M) 40.424ms
[392.602s][info][gc,cpu         ] GC(2665) User=0.03s Sys=0.00s Real=0.03s
[392.716s][info][gc,start       ] GC(2666) Pause Young (Allocation Failure)
[392.750s][info][gc,heap        ] GC(2666) DefNew: 140050K(157248K)->274K(157248K) Eden: 139776K(139776K)->0K(139776K) From: 274K(17472K)->274K(17472K)
[392.750s][info][gc,heap        ] GC(2666) Tenured: 12127K(349568K)->12144K(349568K)
[392.750s][info][gc,metaspace   ] GC(2666) Metaspace: 14290K(15232K)->14290K(15232K) NonClass: 12331K(12928K)->12331K(12928K) Class: 1959K(2304K)->1959K(2304K)
[392.750s][info][gc             ] GC(2666) Pause Young (Allocation Failure) 148M->12M(494M) 33.899ms
[392.750s][info][gc,cpu         ] GC(2666) User=0.03s Sys=0.00s Real=0.03s
[392.868s][info][gc,start       ] GC(2667) Pause Young (Allocation Failure)
[392.902s][info][gc,heap        ] GC(2667) DefNew: 140050K(157248K)->278K(157248K) Eden: 139776K(139776K)->0K(139776K) From: 274K(17472K)->278K(17472K)
[392.902s][info][gc,heap        ] GC(2667) Tenured: 12144K(349568K)->12162K(349568K)
[392.902s][info][gc,metaspace   ] GC(2667) Metaspace: 14290K(15232K)->14290K(15232K) NonClass: 12331K(12928K)->12331K(12928K) Class: 1959K(2304K)->1959K(2304K)
[392.902s][info][gc             ] GC(2667) Pause Young (Allocation Failure) 148M->12M(494M) 33.636ms
[392.902s][info][gc,cpu         ] GC(2667) User=0.03s Sys=0.00s Real=0.03s
[393.015s][info][gc,start       ] GC(2668) Pause Young (Allocation Failure)
[393.039s][info][gc,heap        ] GC(2668) DefNew: 140054K(157248K)->281K(157248K) Eden: 139776K(139776K)->0K(139776K) From: 278K(17472K)->281K(17472K)
[393.040s][info][gc,heap        ] GC(2668) Tenured: 12162K(349568K)->12180K(349568K)
[393.040s][info][gc,metaspace   ] GC(2668) Metaspace: 14290K(15232K)->14290K(15232K) NonClass: 12331K(12928K)->12331K(12928K) Class: 1959K(2304K)->1959K(2304K)
[393.040s][info][gc             ] GC(2668) Pause Young (Allocation Failure) 148M->12M(494M) 24.170ms
[393.040s][info][gc,cpu         ] GC(2668) User=0.02s Sys=0.00s Real=0.02s
[393.152s][info][gc,start       ] GC(2669) Pause Young (Allocation Failure)
[393.174s][info][gc,heap        ] GC(2669) DefNew: 140057K(157248K)->284K(157248K) Eden: 139776K(139776K)->0K(139776K) From: 281K(17472K)->284K(17472K)
[393.174s][info][gc,heap        ] GC(2669) Tenured: 12180K(349568K)->12198K(349568K)
[393.174s][info][gc,metaspace   ] GC(2669) Metaspace: 14290K(15232K)->14290K(15232K) NonClass: 12331K(12928K)->12331K(12928K) Class: 1959K(2304K)->1959K(2304K)
[393.174s][info][gc             ] GC(2669) Pause Young (Allocation Failure) 148M->12M(494M) 22.721ms
[393.174s][info][gc,cpu         ] GC(2669) User=0.02s Sys=0.00s Real=0.02s
[393.282s][info][gc,start       ] GC(2670) Pause Young (Allocation Failure)
[393.304s][info][gc,heap        ] GC(2670) DefNew: 140060K(157248K)->284K(157248K) Eden: 139776K(139776K)->0K(139776K) From: 284K(17472K)->284K(17472K)
[393.304s][info][gc,heap        ] GC(2670) Tenured: 12198K(349568K)->12215K(349568K)
[393.304s][info][gc,metaspace   ] GC(2670) Metaspace: 14290K(15232K)->14290K(15232K) NonClass: 12331K(12928K)->12331K(12928K) Class: 1959K(2304K)->1959K(2304K)
[393.304s][info][gc             ] GC(2670) Pause Young (Allocation Failure) 148M->12M(494M) 21.654ms
[393.304s][info][gc,cpu         ] GC(2670) User=0.03s Sys=0.00s Real=0.02s
[393.408s][info][gc,start       ] GC(2671) Pause Young (Allocation Failure)
[393.431s][info][gc,heap        ] GC(2671) DefNew: 140060K(157248K)->284K(157248K) Eden: 139776K(139776K)->0K(139776K) From: 284K(17472K)->284K(17472K)
[393.431s][info][gc,heap        ] GC(2671) Tenured: 12215K(349568K)->12233K(349568K)
[393.431s][info][gc,metaspace   ] GC(2671) Metaspace: 14290K(15232K)->14290K(15232K) NonClass: 12331K(12928K)->12331K(12928K) Class: 1959K(2304K)->1959K(2304K)
[393.431s][info][gc             ] GC(2671) Pause Young (Allocation Failure) 148M->12M(494M) 22.939ms
[393.431s][info][gc,cpu         ] GC(2671) User=0.02s Sys=0.00s Real=0.01s
[393.551s][info][gc,start       ] GC(2672) Pause Young (Allocation Failure)
[393.573s][info][gc,heap        ] GC(2672) DefNew: 140060K(157248K)->287K(157248K) Eden: 139776K(139776K)->0K(139776K) From: 284K(17472K)->287K(17472K)
[393.573s][info][gc,heap        ] GC(2672) Tenured: 12233K(349568K)->12251K(349568K)
[393.573s][info][gc,metaspace   ] GC(2672) Metaspace: 14290K(15232K)->14290K(15232K) NonClass: 12331K(12928K)->12331K(12928K) Class: 1959K(2304K)->1959K(2304K)
[393.573s][info][gc             ] GC(2672) Pause Young (Allocation Failure) 148M->12M(494M) 22.066ms
[393.573s][info][gc,cpu         ] GC(2672) User=0.02s Sys=0.00s Real=0.01s
[393.678s][info][gc,start       ] GC(2673) Pause Young (Allocation Failure)
[393.707s][info][gc,heap        ] GC(2673) DefNew: 140063K(157248K)->286K(157248K) Eden: 139776K(139776K)->0K(139776K) From: 287K(17472K)->286K(17472K)
[393.707s][info][gc,heap        ] GC(2673) Tenured: 12251K(349568K)->12269K(349568K)
[393.707s][info][gc,metaspace   ] GC(2673) Metaspace: 14290K(15232K)->14290K(15232K) NonClass: 12331K(12928K)->12331K(12928K) Class: 1959K(2304K)->1959K(2304K)
[393.707s][info][gc             ] GC(2673) Pause Young (Allocation Failure) 148M->12M(494M) 29.356ms
[393.707s][info][gc,cpu         ] GC(2673) User=0.03s Sys=0.00s Real=0.02s
[393.816s][info][gc,start       ] GC(2674) Pause Young (Allocation Failure)
[393.845s][info][gc,heap        ] GC(2674) DefNew: 140062K(157248K)->290K(157248K) Eden: 139776K(139776K)->0K(139776K) From: 286K(17472K)->290K(17472K)
[393.845s][info][gc,heap        ] GC(2674) Tenured: 12269K(349568K)->12287K(349568K)
[393.845s][info][gc,metaspace   ] GC(2674) Metaspace: 14290K(15232K)->14290K(15232K) NonClass: 12331K(12928K)->12331K(12928K) Class: 1959K(2304K)->1959K(2304K)
[393.845s][info][gc             ] GC(2674) Pause Young (Allocation Failure) 148M->12M(494M) 29.616ms
[393.845s][info][gc,cpu         ] GC(2674) User=0.03s Sys=0.00s Real=0.02s
[393.953s][info][gc,start       ] GC(2675) Pause Young (Allocation Failure)
[393.984s][info][gc,heap        ] GC(2675) DefNew: 140066K(157248K)->291K(157248K) Eden: 139776K(139776K)->0K(139776K) From: 290K(17472K)->291K(17472K)
[393.984s][info][gc,heap        ] GC(2675) Tenured: 12287K(349568K)->12305K(349568K)
[393.984s][info][gc,metaspace   ] GC(2675) Metaspace: 14290K(15232K)->14290K(15232K) NonClass: 12331K(12928K)->12331K(12928K) Class: 1959K(2304K)->1959K(2304K)
[393.984s][info][gc             ] GC(2675) Pause Young (Allocation Failure) 148M->12M(494M) 30.760ms
[393.984s][info][gc,cpu         ] GC(2675) User=0.02s Sys=0.00s Real=0.02s
[394.092s][info][gc,start       ] GC(2676) Pause Young (Allocation Failure)
[394.115s][info][gc,heap        ] GC(2676) DefNew: 140067K(157248K)->290K(157248K) Eden: 139775K(139776K)->0K(139776K) From: 291K(17472K)->290K(17472K)
[394.115s][info][gc,heap        ] GC(2676) Tenured: 12305K(349568K)->12323K(349568K)
[394.115s][info][gc,metaspace   ] GC(2676) Metaspace: 14290K(15232K)->14290K(15232K) NonClass: 12331K(12928K)->12331K(12928K) Class: 1959K(2304K)->1959K(2304K)
[394.115s][info][gc             ] GC(2676) Pause Young (Allocation Failure) 148M->12M(494M) 23.101ms
[394.115s][info][gc,cpu         ] GC(2676) User=0.02s Sys=0.00s Real=0.02s
[394.222s][info][gc,start       ] GC(2677) Pause Young (Allocation Failure)
[394.244s][info][gc,heap        ] GC(2677) DefNew: 140066K(157248K)->291K(157248K) Eden: 139776K(139776K)->0K(139776K) From: 290K(17472K)->291K(17472K)
[394.244s][info][gc,heap        ] GC(2677) Tenured: 12323K(349568K)->12340K(349568K)
[394.244s][info][gc,metaspace   ] GC(2677) Metaspace: 14290K(15232K)->14290K(15232K) NonClass: 12331K(12928K)->12331K(12928K) Class: 1959K(2304K)->1959K(2304K)
[394.244s][info][gc             ] GC(2677) Pause Young (Allocation Failure) 148M->12M(494M) 22.902ms
[394.244s][info][gc,cpu         ] GC(2677) User=0.02s Sys=0.00s Real=0.01s
[394.351s][info][gc,start       ] GC(2678) Pause Young (Allocation Failure)
[394.381s][info][gc,heap        ] GC(2678) DefNew: 140067K(157248K)->291K(157248K) Eden: 139776K(139776K)->0K(139776K) From: 291K(17472K)->291K(17472K)
[394.381s][info][gc,heap        ] GC(2678) Tenured: 12340K(349568K)->12358K(349568K)
[394.381s][info][gc,metaspace   ] GC(2678) Metaspace: 14290K(15232K)->14290K(15232K) NonClass: 12331K(12928K)->12331K(12928K) Class: 1959K(2304K)->1959K(2304K)
[394.381s][info][gc             ] GC(2678) Pause Young (Allocation Failure) 148M->12M(494M) 30.099ms
[394.381s][info][gc,cpu         ] GC(2678) User=0.02s Sys=0.00s Real=0.02s
[394.491s][info][gc,start       ] GC(2679) Pause Young (Allocation Failure)
[394.522s][info][gc,heap        ] GC(2679) DefNew: 140067K(157248K)->291K(157248K) Eden: 139776K(139776K)->0K(139776K) From: 291K(17472K)->291K(17472K)
[394.522s][info][gc,heap        ] GC(2679) Tenured: 12358K(349568K)->12375K(349568K)
[394.522s][info][gc,metaspace   ] GC(2679) Metaspace: 14290K(15232K)->14290K(15232K) NonClass: 12331K(12928K)->12331K(12928K) Class: 1959K(2304K)->1959K(2304K)
[394.522s][info][gc             ] GC(2679) Pause Young (Allocation Failure) 148M->12M(494M) 31.733ms
[394.522s][info][gc,cpu         ] GC(2679) User=0.02s Sys=0.00s Real=0.02s
[394.631s][info][gc,start       ] GC(2680) Pause Young (Allocation Failure)
[394.663s][info][gc,heap        ] GC(2680) DefNew: 140067K(157248K)->291K(157248K) Eden: 139776K(139776K)->0K(139776K) From: 291K(17472K)->291K(17472K)
[394.663s][info][gc,heap        ] GC(2680) Tenured: 12375K(349568K)->12393K(349568K)
[394.663s][info][gc,metaspace   ] GC(2680) Metaspace: 14290K(15232K)->14290K(15232K) NonClass: 12331K(12928K)->12331K(12928K) Class: 1959K(2304K)->1959K(2304K)
[394.663s][info][gc             ] GC(2680) Pause Young (Allocation Failure) 148M->12M(494M) 32.128ms
[394.663s][info][gc,cpu         ] GC(2680) User=0.05s Sys=0.00s Real=0.03s
[394.773s][info][gc,start       ] GC(2681) Pause Young (Allocation Failure)
[394.804s][info][gc,heap        ] GC(2681) DefNew: 140067K(157248K)->290K(157248K) Eden: 139776K(139776K)->0K(139776K) From: 291K(17472K)->290K(17472K)
[394.804s][info][gc,heap        ] GC(2681) Tenured: 12393K(349568K)->12411K(349568K)
[394.804s][info][gc,metaspace   ] GC(2681) Metaspace: 14290K(15232K)->14290K(15232K) NonClass: 12331K(12928K)->12331K(12928K) Class: 1959K(2304K)->1959K(2304K)
[394.804s][info][gc             ] GC(2681) Pause Young (Allocation Failure) 148M->12M(494M) 31.492ms
[394.805s][info][gc,cpu         ] GC(2681) User=0.02s Sys=0.00s Real=0.02s
[394.913s][info][gc,start       ] GC(2682) Pause Young (Allocation Failure)
[394.945s][info][gc,heap        ] GC(2682) DefNew: 140066K(157248K)->287K(157248K) Eden: 139776K(139776K)->0K(139776K) From: 290K(17472K)->287K(17472K)
[394.945s][info][gc,heap        ] GC(2682) Tenured: 12411K(349568K)->12432K(349568K)
[394.945s][info][gc,metaspace   ] GC(2682) Metaspace: 14290K(15232K)->14290K(15232K) NonClass: 12331K(12928K)->12331K(12928K) Class: 1959K(2304K)->1959K(2304K)
[394.945s][info][gc             ] GC(2682) Pause Young (Allocation Failure) 148M->12M(494M) 32.339ms
[394.945s][info][gc,cpu         ] GC(2682) User=0.02s Sys=0.00s Real=0.02s
[395.055s][info][gc,start       ] GC(2683) Pause Young (Allocation Failure)
[395.089s][info][gc,heap        ] GC(2683) DefNew: 140063K(157248K)->285K(157248K) Eden: 139776K(139776K)->0K(139776K) From: 287K(17472K)->285K(17472K)
[395.089s][info][gc,heap        ] GC(2683) Tenured: 12432K(349568K)->12452K(349568K)
[395.089s][info][gc,metaspace   ] GC(2683) Metaspace: 14290K(15232K)->14290K(15232K) NonClass: 12331K(12928K)->12331K(12928K) Class: 1959K(2304K)->1959K(2304K)
[395.089s][info][gc             ] GC(2683) Pause Young (Allocation Failure) 148M->12M(494M) 34.087ms
[395.089s][info][gc,cpu         ] GC(2683) User=0.02s Sys=0.00s Real=0.02s
[395.198s][info][gc,start       ] GC(2684) Pause Young (Allocation Failure)
[395.230s][info][gc,heap        ] GC(2684) DefNew: 140061K(157248K)->281K(157248K) Eden: 139776K(139776K)->0K(139776K) From: 285K(17472K)->281K(17472K)
[395.230s][info][gc,heap        ] GC(2684) Tenured: 12452K(349568K)->12473K(349568K)
[395.230s][info][gc,metaspace   ] GC(2684) Metaspace: 14290K(15232K)->14290K(15232K) NonClass: 12331K(12928K)->12331K(12928K) Class: 1959K(2304K)->1959K(2304K)
[395.231s][info][gc             ] GC(2684) Pause Young (Allocation Failure) 148M->12M(494M) 32.471ms
[395.231s][info][gc,cpu         ] GC(2684) User=0.02s Sys=0.00s Real=0.03s
[395.342s][info][gc,start       ] GC(2685) Pause Young (Allocation Failure)
[395.375s][info][gc,heap        ] GC(2685) DefNew: 140057K(157248K)->281K(157248K) Eden: 139776K(139776K)->0K(139776K) From: 281K(17472K)->281K(17472K)
[395.375s][info][gc,heap        ] GC(2685) Tenured: 12473K(349568K)->12491K(349568K)
[395.375s][info][gc,metaspace   ] GC(2685) Metaspace: 14290K(15232K)->14290K(15232K) NonClass: 12331K(12928K)->12331K(12928K) Class: 1959K(2304K)->1959K(2304K)
[395.375s][info][gc             ] GC(2685) Pause Young (Allocation Failure) 148M->12M(494M) 33.318ms
[395.375s][info][gc,cpu         ] GC(2685) User=0.03s Sys=0.00s Real=0.03s
[395.484s][info][gc,start       ] GC(2686) Pause Young (Allocation Failure)
[395.518s][info][gc,heap        ] GC(2686) DefNew: 140057K(157248K)->280K(157248K) Eden: 139776K(139776K)->0K(139776K) From: 281K(17472K)->280K(17472K)
[395.518s][info][gc,heap        ] GC(2686) Tenured: 12491K(349568K)->12509K(349568K)
[395.518s][info][gc,metaspace   ] GC(2686) Metaspace: 14290K(15232K)->14290K(15232K) NonClass: 12331K(12928K)->12331K(12928K) Class: 1959K(2304K)->1959K(2304K)
[395.518s][info][gc             ] GC(2686) Pause Young (Allocation Failure) 148M->12M(494M) 34.362ms
[395.518s][info][gc,cpu         ] GC(2686) User=0.03s Sys=0.00s Real=0.02s
[395.628s][info][gc,start       ] GC(2687) Pause Young (Allocation Failure)
[395.662s][info][gc,heap        ] GC(2687) DefNew: 140056K(157248K)->280K(157248K) Eden: 139776K(139776K)->0K(139776K) From: 280K(17472K)->280K(17472K)
[395.662s][info][gc,heap        ] GC(2687) Tenured: 12509K(349568K)->12530K(349568K)
[395.662s][info][gc,metaspace   ] GC(2687) Metaspace: 14290K(15232K)->14290K(15232K) NonClass: 12331K(12928K)->12331K(12928K) Class: 1959K(2304K)->1959K(2304K)
[395.662s][info][gc             ] GC(2687) Pause Young (Allocation Failure) 148M->12M(494M) 33.738ms
[395.662s][info][gc,cpu         ] GC(2687) User=0.03s Sys=0.00s Real=0.03s
[395.772s][info][gc,start       ] GC(2688) Pause Young (Allocation Failure)
[395.805s][info][gc,heap        ] GC(2688) DefNew: 140056K(157248K)->282K(157248K) Eden: 139776K(139776K)->0K(139776K) From: 280K(17472K)->282K(17472K)
[395.805s][info][gc,heap        ] GC(2688) Tenured: 12530K(349568K)->12547K(349568K)
[395.805s][info][gc,metaspace   ] GC(2688) Metaspace: 14290K(15232K)->14290K(15232K) NonClass: 12331K(12928K)->12331K(12928K) Class: 1959K(2304K)->1959K(2304K)
[395.805s][info][gc             ] GC(2688) Pause Young (Allocation Failure) 149M->12M(494M) 33.459ms
[395.805s][info][gc,cpu         ] GC(2688) User=0.03s Sys=0.00s Real=0.03s
[395.915s][info][gc,start       ] GC(2689) Pause Young (Allocation Failure)
[395.949s][info][gc,heap        ] GC(2689) DefNew: 140058K(157248K)->277K(157248K) Eden: 139776K(139776K)->0K(139776K) From: 282K(17472K)->277K(17472K)
[395.949s][info][gc,heap        ] GC(2689) Tenured: 12547K(349568K)->12569K(349568K)
[395.949s][info][gc,metaspace   ] GC(2689) Metaspace: 14290K(15232K)->14290K(15232K) NonClass: 12331K(12928K)->12331K(12928K) Class: 1959K(2304K)->1959K(2304K)
[395.949s][info][gc             ] GC(2689) Pause Young (Allocation Failure) 149M->12M(494M) 33.879ms
[395.949s][info][gc,cpu         ] GC(2689) User=0.03s Sys=0.00s Real=0.03s
[396.058s][info][gc,start       ] GC(2690) Pause Young (Allocation Failure)
[396.093s][info][gc,heap        ] GC(2690) DefNew: 140053K(157248K)->276K(157248K) Eden: 139776K(139776K)->0K(139776K) From: 277K(17472K)->276K(17472K)
[396.138s][info][gc,heap        ] GC(2690) Tenured: 12569K(349568K)->12587K(349568K)
[396.138s][info][gc,metaspace   ] GC(2690) Metaspace: 14290K(15232K)->14290K(15232K) NonClass: 12331K(12928K)->12331K(12928K) Class: 1959K(2304K)->1959K(2304K)
[396.138s][info][gc             ] GC(2690) Pause Young (Allocation Failure) 149M->12M(494M) 79.909ms
[396.138s][info][gc,cpu         ] GC(2690) User=0.02s Sys=0.00s Real=0.07s
[396.248s][info][gc,start       ] GC(2691) Pause Young (Allocation Failure)
[396.283s][info][gc,heap        ] GC(2691) DefNew: 140052K(157248K)->276K(157248K) Eden: 139776K(139776K)->0K(139776K) From: 276K(17472K)->276K(17472K)
[396.283s][info][gc,heap        ] GC(2691) Tenured: 12587K(349568K)->12605K(349568K)
[396.283s][info][gc,metaspace   ] GC(2691) Metaspace: 14290K(15232K)->14290K(15232K) NonClass: 12331K(12928K)->12331K(12928K) Class: 1959K(2304K)->1959K(2304K)
[396.283s][info][gc             ] GC(2691) Pause Young (Allocation Failure) 149M->12M(494M) 34.983ms
[396.283s][info][gc,cpu         ] GC(2691) User=0.03s Sys=0.00s Real=0.02s
[396.393s][info][gc,start       ] GC(2692) Pause Young (Allocation Failure)
[396.428s][info][gc,heap        ] GC(2692) DefNew: 140052K(157248K)->276K(157248K) Eden: 139776K(139776K)->0K(139776K) From: 276K(17472K)->276K(17472K)
[396.428s][info][gc,heap        ] GC(2692) Tenured: 12605K(349568K)->12623K(349568K)
[396.428s][info][gc,metaspace   ] GC(2692) Metaspace: 14290K(15232K)->14290K(15232K) NonClass: 12331K(12928K)->12331K(12928K) Class: 1959K(2304K)->1959K(2304K)
[396.429s][info][gc             ] GC(2692) Pause Young (Allocation Failure) 149M->12M(494M) 35.429ms
[396.429s][info][gc,cpu         ] GC(2692) User=0.03s Sys=0.00s Real=0.02s
[396.538s][info][gc,start       ] GC(2693) Pause Young (Allocation Failure)
[396.574s][info][gc,heap        ] GC(2693) DefNew: 140052K(157248K)->276K(157248K) Eden: 139776K(139776K)->0K(139776K) From: 276K(17472K)->276K(17472K)
[396.574s][info][gc,heap        ] GC(2693) Tenured: 12623K(349568K)->12640K(349568K)
[396.574s][info][gc,metaspace   ] GC(2693) Metaspace: 14290K(15232K)->14290K(15232K) NonClass: 12331K(12928K)->12331K(12928K) Class: 1959K(2304K)->1959K(2304K)
[396.574s][info][gc             ] GC(2693) Pause Young (Allocation Failure) 149M->12M(494M) 36.112ms
[396.574s][info][gc,cpu         ] GC(2693) User=0.02s Sys=0.00s Real=0.02s
[396.782s][info][gc,start       ] GC(2694) Pause Young (Allocation Failure)
[396.819s][info][gc,heap        ] GC(2694) DefNew: 140052K(157248K)->277K(157248K) Eden: 139776K(139776K)->0K(139776K) From: 276K(17472K)->277K(17472K)
[396.819s][info][gc,heap        ] GC(2694) Tenured: 12640K(349568K)->12658K(349568K)
[396.819s][info][gc,metaspace   ] GC(2694) Metaspace: 14290K(15232K)->14290K(15232K) NonClass: 12331K(12928K)->12331K(12928K) Class: 1959K(2304K)->1959K(2304K)
[396.819s][info][gc             ] GC(2694) Pause Young (Allocation Failure) 149M->12M(494M) 37.929ms
[396.819s][info][gc,cpu         ] GC(2694) User=0.03s Sys=0.00s Real=0.03s
[396.935s][info][gc,start       ] GC(2695) Pause Young (Allocation Failure)
[396.969s][info][gc,heap        ] GC(2695) DefNew: 140053K(157248K)->281K(157248K) Eden: 139776K(139776K)->0K(139776K) From: 277K(17472K)->281K(17472K)
[396.969s][info][gc,heap        ] GC(2695) Tenured: 12658K(349568K)->12676K(349568K)
[396.969s][info][gc,metaspace   ] GC(2695) Metaspace: 14290K(15232K)->14290K(15232K) NonClass: 12331K(12928K)->12331K(12928K) Class: 1959K(2304K)->1959K(2304K)
[396.969s][info][gc             ] GC(2695) Pause Young (Allocation Failure) 149M->12M(494M) 33.702ms
[396.969s][info][gc,cpu         ] GC(2695) User=0.03s Sys=0.00s Real=0.03s
[397.093s][info][gc,start       ] GC(2696) Pause Young (Allocation Failure)
[397.125s][info][gc,heap        ] GC(2696) DefNew: 140057K(157248K)->284K(157248K) Eden: 139776K(139776K)->0K(139776K) From: 281K(17472K)->284K(17472K)
[397.125s][info][gc,heap        ] GC(2696) Tenured: 12676K(349568K)->12694K(349568K)
[397.125s][info][gc,metaspace   ] GC(2696) Metaspace: 14290K(15232K)->14290K(15232K) NonClass: 12331K(12928K)->12331K(12928K) Class: 1959K(2304K)->1959K(2304K)
[397.125s][info][gc             ] GC(2696) Pause Young (Allocation Failure) 149M->12M(494M) 32.342ms
[397.125s][info][gc,cpu         ] GC(2696) User=0.03s Sys=0.00s Real=0.02s
[397.238s][info][gc,start       ] GC(2697) Pause Young (Allocation Failure)
[397.269s][info][gc,heap        ] GC(2697) DefNew: 140060K(157248K)->283K(157248K) Eden: 139775K(139776K)->0K(139776K) From: 284K(17472K)->283K(17472K)
[397.269s][info][gc,heap        ] GC(2697) Tenured: 12694K(349568K)->12711K(349568K)
[397.269s][info][gc,metaspace   ] GC(2697) Metaspace: 14290K(15232K)->14290K(15232K) NonClass: 12331K(12928K)->12331K(12928K) Class: 1959K(2304K)->1959K(2304K)
[397.270s][info][gc             ] GC(2697) Pause Young (Allocation Failure) 149M->12M(494M) 31.653ms
[397.270s][info][gc,cpu         ] GC(2697) User=0.03s Sys=0.00s Real=0.03s
[397.382s][info][gc,start       ] GC(2698) Pause Young (Allocation Failure)
[397.412s][info][gc,heap        ] GC(2698) DefNew: 140059K(157248K)->285K(157248K) Eden: 139776K(139776K)->0K(139776K) From: 283K(17472K)->285K(17472K)
[397.412s][info][gc,heap        ] GC(2698) Tenured: 12711K(349568K)->12729K(349568K)
[397.412s][info][gc,metaspace   ] GC(2698) Metaspace: 14290K(15232K)->14290K(15232K) NonClass: 12331K(12928K)->12331K(12928K) Class: 1959K(2304K)->1959K(2304K)
[397.412s][info][gc             ] GC(2698) Pause Young (Allocation Failure) 149M->12M(494M) 29.929ms
[397.412s][info][gc,cpu         ] GC(2698) User=0.02s Sys=0.00s Real=0.01s
[397.522s][info][gc,start       ] GC(2699) Pause Young (Allocation Failure)
[397.552s][info][gc,heap        ] GC(2699) DefNew: 140061K(157248K)->285K(157248K) Eden: 139776K(139776K)->0K(139776K) From: 285K(17472K)->285K(17472K)
[397.552s][info][gc,heap        ] GC(2699) Tenured: 12729K(349568K)->12747K(349568K)
[397.552s][info][gc,metaspace   ] GC(2699) Metaspace: 14290K(15232K)->14290K(15232K) NonClass: 12331K(12928K)->12331K(12928K) Class: 1959K(2304K)->1959K(2304K)
[397.552s][info][gc             ] GC(2699) Pause Young (Allocation Failure) 149M->12M(494M) 30.014ms
[397.552s][info][gc,cpu         ] GC(2699) User=0.02s Sys=0.00s Real=0.02s
[397.659s][info][gc,start       ] GC(2700) Pause Young (Allocation Failure)
[397.681s][info][gc,heap        ] GC(2700) DefNew: 140061K(157248K)->290K(157248K) Eden: 139776K(139776K)->0K(139776K) From: 285K(17472K)->290K(17472K)
[397.681s][info][gc,heap        ] GC(2700) Tenured: 12747K(349568K)->12765K(349568K)
[397.681s][info][gc,metaspace   ] GC(2700) Metaspace: 14290K(15232K)->14290K(15232K) NonClass: 12331K(12928K)->12331K(12928K) Class: 1959K(2304K)->1959K(2304K)
[397.681s][info][gc             ] GC(2700) Pause Young (Allocation Failure) 149M->12M(494M) 21.670ms
[397.681s][info][gc,cpu         ] GC(2700) User=0.02s Sys=0.00s Real=0.02s
[397.793s][info][gc,start       ] GC(2701) Pause Young (Allocation Failure)
[397.821s][info][gc,heap        ] GC(2701) DefNew: 140066K(157248K)->282K(157248K) Eden: 139776K(139776K)->0K(139776K) From: 290K(17472K)->282K(17472K)
[397.821s][info][gc,heap        ] GC(2701) Tenured: 12765K(349568K)->12782K(349568K)
[397.821s][info][gc,metaspace   ] GC(2701) Metaspace: 14290K(15232K)->14290K(15232K) NonClass: 12331K(12928K)->12331K(12928K) Class: 1959K(2304K)->1959K(2304K)
[397.822s][info][gc             ] GC(2701) Pause Young (Allocation Failure) 149M->12M(494M) 28.639ms
[397.822s][info][gc,cpu         ] GC(2701) User=0.02s Sys=0.00s Real=0.02s
[397.930s][info][gc,start       ] GC(2702) Pause Young (Allocation Failure)
[397.960s][info][gc,heap        ] GC(2702) DefNew: 140058K(157248K)->280K(157248K) Eden: 139776K(139776K)->0K(139776K) From: 282K(17472K)->280K(17472K)
[397.960s][info][gc,heap        ] GC(2702) Tenured: 12782K(349568K)->12803K(349568K)
[397.960s][info][gc,metaspace   ] GC(2702) Metaspace: 14290K(15232K)->14290K(15232K) NonClass: 12331K(12928K)->12331K(12928K) Class: 1959K(2304K)->1959K(2304K)
[397.960s][info][gc             ] GC(2702) Pause Young (Allocation Failure) 149M->12M(494M) 30.425ms
[397.960s][info][gc,cpu         ] GC(2702) User=0.02s Sys=0.00s Real=0.02s
[398.070s][info][gc,start       ] GC(2703) Pause Young (Allocation Failure)
[398.099s][info][gc,heap        ] GC(2703) DefNew: 140013K(157248K)->280K(157248K) Eden: 139732K(139776K)->0K(139776K) From: 280K(17472K)->280K(17472K)
[398.099s][info][gc,heap        ] GC(2703) Tenured: 12803K(349568K)->12821K(349568K)
[398.099s][info][gc,metaspace   ] GC(2703) Metaspace: 14290K(15232K)->14290K(15232K) NonClass: 12331K(12928K)->12331K(12928K) Class: 1959K(2304K)->1959K(2304K)
[398.099s][info][gc             ] GC(2703) Pause Young (Allocation Failure) 149M->12M(494M) 29.653ms
[398.099s][info][gc,cpu         ] GC(2703) User=0.02s Sys=0.00s Real=0.02s
[398.207s][info][gc,start       ] GC(2704) Pause Young (Allocation Failure)
[398.239s][info][gc,heap        ] GC(2704) DefNew: 140056K(157248K)->279K(157248K) Eden: 139776K(139776K)->0K(139776K) From: 280K(17472K)->279K(17472K)
[398.239s][info][gc,heap        ] GC(2704) Tenured: 12821K(349568K)->12838K(349568K)
[398.239s][info][gc,metaspace   ] GC(2704) Metaspace: 14290K(15232K)->14290K(15232K) NonClass: 12331K(12928K)->12331K(12928K) Class: 1959K(2304K)->1959K(2304K)
[398.239s][info][gc             ] GC(2704) Pause Young (Allocation Failure) 149M->12M(494M) 31.565ms
[398.239s][info][gc,cpu         ] GC(2704) User=0.03s Sys=0.00s Real=0.02s
[398.347s][info][gc,start       ] GC(2705) Pause Young (Allocation Failure)
[398.377s][info][gc,heap        ] GC(2705) DefNew: 140055K(157248K)->279K(157248K) Eden: 139776K(139776K)->0K(139776K) From: 279K(17472K)->279K(17472K)
[398.378s][info][gc,heap        ] GC(2705) Tenured: 12838K(349568K)->12856K(349568K)
[398.378s][info][gc,metaspace   ] GC(2705) Metaspace: 14290K(15232K)->14290K(15232K) NonClass: 12331K(12928K)->12331K(12928K) Class: 1959K(2304K)->1959K(2304K)
[398.378s][info][gc             ] GC(2705) Pause Young (Allocation Failure) 149M->12M(494M) 30.395ms
[398.378s][info][gc,cpu         ] GC(2705) User=0.03s Sys=0.00s Real=0.02s
[398.484s][info][gc,start       ] GC(2706) Pause Young (Allocation Failure)
[398.514s][info][gc,heap        ] GC(2706) DefNew: 140055K(157248K)->280K(157248K) Eden: 139776K(139776K)->0K(139776K) From: 279K(17472K)->280K(17472K)
[398.514s][info][gc,heap        ] GC(2706) Tenured: 12856K(349568K)->12874K(349568K)
[398.514s][info][gc,metaspace   ] GC(2706) Metaspace: 14290K(15232K)->14290K(15232K) NonClass: 12331K(12928K)->12331K(12928K) Class: 1959K(2304K)->1959K(2304K)
[398.515s][info][gc             ] GC(2706) Pause Young (Allocation Failure) 149M->12M(494M) 30.126ms
[398.515s][info][gc,cpu         ] GC(2706) User=0.03s Sys=0.00s Real=0.02s
[398.624s][info][gc,start       ] GC(2707) Pause Young (Allocation Failure)
[398.655s][info][gc,heap        ] GC(2707) DefNew: 140056K(157248K)->280K(157248K) Eden: 139776K(139776K)->0K(139776K) From: 280K(17472K)->280K(17472K)
[398.655s][info][gc,heap        ] GC(2707) Tenured: 12874K(349568K)->12891K(349568K)
[398.655s][info][gc,metaspace   ] GC(2707) Metaspace: 14290K(15232K)->14290K(15232K) NonClass: 12331K(12928K)->12331K(12928K) Class: 1959K(2304K)->1959K(2304K)
[398.655s][info][gc             ] GC(2707) Pause Young (Allocation Failure) 149M->12M(494M) 31.433ms
[398.655s][info][gc,cpu         ] GC(2707) User=0.02s Sys=0.00s Real=0.02s
[398.764s][info][gc,start       ] GC(2708) Pause Young (Allocation Failure)
[398.788s][info][gc,heap        ] GC(2708) DefNew: 140056K(157248K)->280K(157248K) Eden: 139775K(139776K)->0K(139776K) From: 280K(17472K)->280K(17472K)
[398.788s][info][gc,heap        ] GC(2708) Tenured: 12891K(349568K)->12909K(349568K)
[398.788s][info][gc,metaspace   ] GC(2708) Metaspace: 14290K(15232K)->14290K(15232K) NonClass: 12331K(12928K)->12331K(12928K) Class: 1959K(2304K)->1959K(2304K)
[398.788s][info][gc             ] GC(2708) Pause Young (Allocation Failure) 149M->12M(494M) 23.556ms
[398.788s][info][gc,cpu         ] GC(2708) User=0.02s Sys=0.00s Real=0.01s
[398.895s][info][gc,start       ] GC(2709) Pause Young (Allocation Failure)
[398.927s][info][gc,heap        ] GC(2709) DefNew: 140056K(157248K)->279K(157248K) Eden: 139776K(139776K)->0K(139776K) From: 280K(17472K)->279K(17472K)
[398.927s][info][gc,heap        ] GC(2709) Tenured: 12909K(349568K)->12927K(349568K)
[398.927s][info][gc,metaspace   ] GC(2709) Metaspace: 14290K(15232K)->14290K(15232K) NonClass: 12331K(12928K)->12331K(12928K) Class: 1959K(2304K)->1959K(2304K)
[398.927s][info][gc             ] GC(2709) Pause Young (Allocation Failure) 149M->12M(494M) 31.701ms
[398.927s][info][gc,cpu         ] GC(2709) User=0.03s Sys=0.00s Real=0.03s
[399.037s][info][gc,start       ] GC(2710) Pause Young (Allocation Failure)
[399.070s][info][gc,heap        ] GC(2710) DefNew: 140055K(157248K)->276K(157248K) Eden: 139776K(139776K)->0K(139776K) From: 279K(17472K)->276K(17472K)
[399.070s][info][gc,heap        ] GC(2710) Tenured: 12927K(349568K)->12948K(349568K)
[399.070s][info][gc,metaspace   ] GC(2710) Metaspace: 14290K(15232K)->14290K(15232K) NonClass: 12331K(12928K)->12331K(12928K) Class: 1959K(2304K)->1959K(2304K)
[399.070s][info][gc             ] GC(2710) Pause Young (Allocation Failure) 149M->12M(494M) 33.135ms
[399.070s][info][gc,cpu         ] GC(2710) User=0.03s Sys=0.00s Real=0.02s
[399.179s][info][gc,start       ] GC(2711) Pause Young (Allocation Failure)
[399.211s][info][gc,heap        ] GC(2711) DefNew: 140052K(157248K)->273K(157248K) Eden: 139776K(139776K)->0K(139776K) From: 276K(17472K)->273K(17472K)
[399.211s][info][gc,heap        ] GC(2711) Tenured: 12948K(349568K)->12968K(349568K)
[399.211s][info][gc,metaspace   ] GC(2711) Metaspace: 14290K(15232K)->14290K(15232K) NonClass: 12331K(12928K)->12331K(12928K) Class: 1959K(2304K)->1959K(2304K)
[399.211s][info][gc             ] GC(2711) Pause Young (Allocation Failure) 149M->12M(494M) 32.074ms
[399.211s][info][gc,cpu         ] GC(2711) User=0.03s Sys=0.00s Real=0.03s
[399.320s][info][gc,start       ] GC(2712) Pause Young (Allocation Failure)
[399.353s][info][gc,heap        ] GC(2712) DefNew: 140049K(157248K)->272K(157248K) Eden: 139776K(139776K)->0K(139776K) From: 273K(17472K)->272K(17472K)
[399.353s][info][gc,heap        ] GC(2712) Tenured: 12968K(349568K)->12986K(349568K)
[399.353s][info][gc,metaspace   ] GC(2712) Metaspace: 14290K(15232K)->14290K(15232K) NonClass: 12331K(12928K)->12331K(12928K) Class: 1959K(2304K)->1959K(2304K)
[399.353s][info][gc             ] GC(2712) Pause Young (Allocation Failure) 149M->12M(494M) 33.675ms
[399.353s][info][gc,cpu         ] GC(2712) User=0.02s Sys=0.00s Real=0.02s
[399.463s][info][gc,start       ] GC(2713) Pause Young (Allocation Failure)
[399.495s][info][gc,heap        ] GC(2713) DefNew: 140048K(157248K)->270K(157248K) Eden: 139776K(139776K)->0K(139776K) From: 272K(17472K)->270K(17472K)
[399.495s][info][gc,heap        ] GC(2713) Tenured: 12986K(349568K)->13007K(349568K)
[399.495s][info][gc,metaspace   ] GC(2713) Metaspace: 14290K(15232K)->14290K(15232K) NonClass: 12331K(12928K)->12331K(12928K) Class: 1959K(2304K)->1959K(2304K)
[399.495s][info][gc             ] GC(2713) Pause Young (Allocation Failure) 149M->12M(494M) 32.634ms
[399.495s][info][gc,cpu         ] GC(2713) User=0.02s Sys=0.00s Real=0.02s
[399.604s][info][gc,start       ] GC(2714) Pause Young (Allocation Failure)
[399.638s][info][gc,heap        ] GC(2714) DefNew: 140046K(157248K)->270K(157248K) Eden: 139776K(139776K)->0K(139776K) From: 270K(17472K)->270K(17472K)
[399.638s][info][gc,heap        ] GC(2714) Tenured: 13007K(349568K)->13025K(349568K)
[399.638s][info][gc,metaspace   ] GC(2714) Metaspace: 14290K(15232K)->14290K(15232K) NonClass: 12331K(12928K)->12331K(12928K) Class: 1959K(2304K)->1959K(2304K)
[399.638s][info][gc             ] GC(2714) Pause Young (Allocation Failure) 149M->12M(494M) 33.973ms
[399.638s][info][gc,cpu         ] GC(2714) User=0.02s Sys=0.00s Real=0.02s
[399.748s][info][gc,start       ] GC(2715) Pause Young (Allocation Failure)
[399.781s][info][gc,heap        ] GC(2715) DefNew: 140046K(157248K)->273K(157248K) Eden: 139776K(139776K)->0K(139776K) From: 270K(17472K)->273K(17472K)
[399.781s][info][gc,heap        ] GC(2715) Tenured: 13025K(349568K)->13039K(349568K)
[399.781s][info][gc,metaspace   ] GC(2715) Metaspace: 14290K(15232K)->14290K(15232K) NonClass: 12331K(12928K)->12331K(12928K) Class: 1959K(2304K)->1959K(2304K)
[399.781s][info][gc             ] GC(2715) Pause Young (Allocation Failure) 149M->13M(494M) 33.239ms
[399.781s][info][gc,cpu         ] GC(2715) User=0.03s Sys=0.00s Real=0.03s
[399.890s][info][gc,start       ] GC(2716) Pause Young (Allocation Failure)
[399.923s][info][gc,heap        ] GC(2716) DefNew: 140049K(157248K)->273K(157248K) Eden: 139776K(139776K)->0K(139776K) From: 273K(17472K)->273K(17472K)
[399.923s][info][gc,heap        ] GC(2716) Tenured: 13039K(349568K)->13057K(349568K)
[399.923s][info][gc,metaspace   ] GC(2716) Metaspace: 14290K(15232K)->14290K(15232K) NonClass: 12331K(12928K)->12331K(12928K) Class: 1959K(2304K)->1959K(2304K)
[399.923s][info][gc             ] GC(2716) Pause Young (Allocation Failure) 149M->13M(494M) 33.723ms
[399.923s][info][gc,cpu         ] GC(2716) User=0.03s Sys=0.00s Real=0.02s
[400.034s][info][gc,start       ] GC(2717) Pause Young (Allocation Failure)
[400.068s][info][gc,heap        ] GC(2717) DefNew: 140049K(157248K)->273K(157248K) Eden: 139776K(139776K)->0K(139776K) From: 273K(17472K)->273K(17472K)
[400.068s][info][gc,heap        ] GC(2717) Tenured: 13057K(349568K)->13075K(349568K)
[400.068s][info][gc,metaspace   ] GC(2717) Metaspace: 14290K(15232K)->14290K(15232K) NonClass: 12331K(12928K)->12331K(12928K) Class: 1959K(2304K)->1959K(2304K)
[400.068s][info][gc             ] GC(2717) Pause Young (Allocation Failure) 149M->13M(494M) 34.126ms
[400.068s][info][gc,cpu         ] GC(2717) User=0.02s Sys=0.00s Real=0.02s
[400.180s][info][gc,start       ] GC(2718) Pause Young (Allocation Failure)
[400.214s][info][gc,heap        ] GC(2718) DefNew: 140049K(157248K)->273K(157248K) Eden: 139776K(139776K)->0K(139776K) From: 273K(17472K)->273K(17472K)
[400.214s][info][gc,heap        ] GC(2718) Tenured: 13075K(349568K)->13092K(349568K)
[400.214s][info][gc,metaspace   ] GC(2718) Metaspace: 14290K(15232K)->14290K(15232K) NonClass: 12331K(12928K)->12331K(12928K) Class: 1959K(2304K)->1959K(2304K)
[400.214s][info][gc             ] GC(2718) Pause Young (Allocation Failure) 149M->13M(494M) 34.557ms
[400.214s][info][gc,cpu         ] GC(2718) User=0.03s Sys=0.00s Real=0.04s
[400.323s][info][gc,start       ] GC(2719) Pause Young (Allocation Failure)
[400.359s][info][gc,heap        ] GC(2719) DefNew: 140049K(157248K)->273K(157248K) Eden: 139776K(139776K)->0K(139776K) From: 273K(17472K)->273K(17472K)
[400.359s][info][gc,heap        ] GC(2719) Tenured: 13092K(349568K)->13110K(349568K)
[400.359s][info][gc,metaspace   ] GC(2719) Metaspace: 14290K(15232K)->14290K(15232K) NonClass: 12331K(12928K)->12331K(12928K) Class: 1959K(2304K)->1959K(2304K)
[400.359s][info][gc             ] GC(2719) Pause Young (Allocation Failure) 149M->13M(494M) 36.027ms
[400.359s][info][gc,cpu         ] GC(2719) User=0.02s Sys=0.00s Real=0.02s
[400.469s][info][gc,start       ] GC(2720) Pause Young (Allocation Failure)
[400.504s][info][gc,heap        ] GC(2720) DefNew: 140049K(157248K)->274K(157248K) Eden: 139776K(139776K)->0K(139776K) From: 273K(17472K)->274K(17472K)
[400.504s][info][gc,heap        ] GC(2720) Tenured: 13110K(349568K)->13127K(349568K)
[400.504s][info][gc,metaspace   ] GC(2720) Metaspace: 14290K(15232K)->14290K(15232K) NonClass: 12331K(12928K)->12331K(12928K) Class: 1959K(2304K)->1959K(2304K)
[400.504s][info][gc             ] GC(2720) Pause Young (Allocation Failure) 149M->13M(494M) 35.138ms
[400.504s][info][gc,cpu         ] GC(2720) User=0.02s Sys=0.00s Real=0.02s
[400.615s][info][gc,start       ] GC(2721) Pause Young (Allocation Failure)
[400.653s][info][gc,heap        ] GC(2721) DefNew: 140050K(157248K)->273K(157248K) Eden: 139776K(139776K)->0K(139776K) From: 274K(17472K)->273K(17472K)
[400.653s][info][gc,heap        ] GC(2721) Tenured: 13127K(349568K)->13145K(349568K)
[400.653s][info][gc,metaspace   ] GC(2721) Metaspace: 14290K(15232K)->14290K(15232K) NonClass: 12331K(12928K)->12331K(12928K) Class: 1959K(2304K)->1959K(2304K)
[400.653s][info][gc             ] GC(2721) Pause Young (Allocation Failure) 149M->13M(494M) 37.589ms
[400.653s][info][gc,cpu         ] GC(2721) User=0.03s Sys=0.00s Real=0.04s
[400.768s][info][gc,start       ] GC(2722) Pause Young (Allocation Failure)
[400.794s][info][gc,heap        ] GC(2722) DefNew: 140049K(157248K)->273K(157248K) Eden: 139776K(139776K)->0K(139776K) From: 273K(17472K)->273K(17472K)
[400.794s][info][gc,heap        ] GC(2722) Tenured: 13145K(349568K)->13162K(349568K)
[400.794s][info][gc,metaspace   ] GC(2722) Metaspace: 14290K(15232K)->14290K(15232K) NonClass: 12331K(12928K)->12331K(12928K) Class: 1959K(2304K)->1959K(2304K)
[400.794s][info][gc             ] GC(2722) Pause Young (Allocation Failure) 149M->13M(494M) 26.043ms
[400.794s][info][gc,cpu         ] GC(2722) User=0.03s Sys=0.00s Real=0.02s
[400.985s][info][gc,start       ] GC(2723) Pause Young (Allocation Failure)
[401.017s][info][gc,heap        ] GC(2723) DefNew: 140049K(157248K)->274K(157248K) Eden: 139776K(139776K)->0K(139776K) From: 273K(17472K)->274K(17472K)
[401.017s][info][gc,heap        ] GC(2723) Tenured: 13162K(349568K)->13180K(349568K)
[401.017s][info][gc,metaspace   ] GC(2723) Metaspace: 14290K(15232K)->14290K(15232K) NonClass: 12331K(12928K)->12331K(12928K) Class: 1959K(2304K)->1959K(2304K)
[401.017s][info][gc             ] GC(2723) Pause Young (Allocation Failure) 149M->13M(494M) 31.867ms
[401.017s][info][gc,cpu         ] GC(2723) User=0.03s Sys=0.00s Real=0.03s
[401.132s][info][gc,start       ] GC(2724) Pause Young (Allocation Failure)
[401.157s][info][gc,heap        ] GC(2724) DefNew: 140050K(157248K)->275K(157248K) Eden: 139776K(139776K)->0K(139776K) From: 274K(17472K)->275K(17472K)
[401.157s][info][gc,heap        ] GC(2724) Tenured: 13180K(349568K)->13198K(349568K)
[401.157s][info][gc,metaspace   ] GC(2724) Metaspace: 14290K(15232K)->14290K(15232K) NonClass: 12331K(12928K)->12331K(12928K) Class: 1959K(2304K)->1959K(2304K)
[401.157s][info][gc             ] GC(2724) Pause Young (Allocation Failure) 149M->13M(494M) 25.393ms
[401.157s][info][gc,cpu         ] GC(2724) User=0.02s Sys=0.00s Real=0.02s
[401.274s][info][gc,start       ] GC(2725) Pause Young (Allocation Failure)
[401.307s][info][gc,heap        ] GC(2725) DefNew: 140051K(157248K)->274K(157248K) Eden: 139776K(139776K)->0K(139776K) From: 275K(17472K)->274K(17472K)
[401.307s][info][gc,heap        ] GC(2725) Tenured: 13198K(349568K)->13215K(349568K)
[401.307s][info][gc,metaspace   ] GC(2725) Metaspace: 14290K(15232K)->14290K(15232K) NonClass: 12331K(12928K)->12331K(12928K) Class: 1959K(2304K)->1959K(2304K)
[401.307s][info][gc             ] GC(2725) Pause Young (Allocation Failure) 149M->13M(494M) 32.862ms
[401.307s][info][gc,cpu         ] GC(2725) User=0.03s Sys=0.00s Real=0.03s
[401.420s][info][gc,start       ] GC(2726) Pause Young (Allocation Failure)
[401.451s][info][gc,heap        ] GC(2726) DefNew: 140050K(157248K)->274K(157248K) Eden: 139776K(139776K)->0K(139776K) From: 274K(17472K)->274K(17472K)
[401.452s][info][gc,heap        ] GC(2726) Tenured: 13215K(349568K)->13233K(349568K)
[401.452s][info][gc,metaspace   ] GC(2726) Metaspace: 14290K(15232K)->14290K(15232K) NonClass: 12331K(12928K)->12331K(12928K) Class: 1959K(2304K)->1959K(2304K)
[401.452s][info][gc             ] GC(2726) Pause Young (Allocation Failure) 149M->13M(494M) 31.434ms
[401.452s][info][gc,cpu         ] GC(2726) User=0.03s Sys=0.00s Real=0.03s
[401.565s][info][gc,start       ] GC(2727) Pause Young (Allocation Failure)
[401.588s][info][gc,heap        ] GC(2727) DefNew: 140050K(157248K)->277K(157248K) Eden: 139776K(139776K)->0K(139776K) From: 274K(17472K)->277K(17472K)
[401.588s][info][gc,heap        ] GC(2727) Tenured: 13233K(349568K)->13251K(349568K)
[401.588s][info][gc,metaspace   ] GC(2727) Metaspace: 14290K(15232K)->14290K(15232K) NonClass: 12331K(12928K)->12331K(12928K) Class: 1959K(2304K)->1959K(2304K)
[401.588s][info][gc             ] GC(2727) Pause Young (Allocation Failure) 149M->13M(494M) 23.259ms
[401.588s][info][gc,cpu         ] GC(2727) User=0.03s Sys=0.00s Real=0.02s
[401.703s][info][gc,start       ] GC(2728) Pause Young (Allocation Failure)
[401.724s][info][gc,heap        ] GC(2728) DefNew: 140053K(157248K)->277K(157248K) Eden: 139776K(139776K)->0K(139776K) From: 277K(17472K)->277K(17472K)
[401.724s][info][gc,heap        ] GC(2728) Tenured: 13251K(349568K)->13268K(349568K)
[401.724s][info][gc,metaspace   ] GC(2728) Metaspace: 14290K(15232K)->14290K(15232K) NonClass: 12331K(12928K)->12331K(12928K) Class: 1959K(2304K)->1959K(2304K)
[401.724s][info][gc             ] GC(2728) Pause Young (Allocation Failure) 149M->13M(494M) 21.852ms
[401.724s][info][gc,cpu         ] GC(2728) User=0.02s Sys=0.00s Real=0.02s
[401.830s][info][gc,start       ] GC(2729) Pause Young (Allocation Failure)
[401.852s][info][gc,heap        ] GC(2729) DefNew: 140053K(157248K)->278K(157248K) Eden: 139776K(139776K)->0K(139776K) From: 277K(17472K)->278K(17472K)
[401.852s][info][gc,heap        ] GC(2729) Tenured: 13268K(349568K)->13286K(349568K)
[401.852s][info][gc,metaspace   ] GC(2729) Metaspace: 14290K(15232K)->14290K(15232K) NonClass: 12331K(12928K)->12331K(12928K) Class: 1959K(2304K)->1959K(2304K)
[401.852s][info][gc             ] GC(2729) Pause Young (Allocation Failure) 149M->13M(494M) 22.302ms
[401.852s][info][gc,cpu         ] GC(2729) User=0.02s Sys=0.00s Real=0.01s
[401.957s][info][gc,start       ] GC(2730) Pause Young (Allocation Failure)
[401.979s][info][gc,heap        ] GC(2730) DefNew: 140054K(157248K)->275K(157248K) Eden: 139776K(139776K)->0K(139776K) From: 278K(17472K)->275K(17472K)
[401.979s][info][gc,heap        ] GC(2730) Tenured: 13286K(349568K)->13304K(349568K)
[401.979s][info][gc,metaspace   ] GC(2730) Metaspace: 14290K(15232K)->14290K(15232K) NonClass: 12331K(12928K)->12331K(12928K) Class: 1959K(2304K)->1959K(2304K)
[401.979s][info][gc             ] GC(2730) Pause Young (Allocation Failure) 149M->13M(494M) 21.856ms
[401.979s][info][gc,cpu         ] GC(2730) User=0.02s Sys=0.00s Real=0.02s
[402.085s][info][gc,start       ] GC(2731) Pause Young (Allocation Failure)
[402.108s][info][gc,heap        ] GC(2731) DefNew: 140051K(157248K)->273K(157248K) Eden: 139776K(139776K)->0K(139776K) From: 275K(17472K)->273K(17472K)
[402.108s][info][gc,heap        ] GC(2731) Tenured: 13304K(349568K)->13322K(349568K)
[402.108s][info][gc,metaspace   ] GC(2731) Metaspace: 14290K(15232K)->14290K(15232K) NonClass: 12331K(12928K)->12331K(12928K) Class: 1959K(2304K)->1959K(2304K)
[402.108s][info][gc             ] GC(2731) Pause Young (Allocation Failure) 149M->13M(494M) 22.564ms
[402.108s][info][gc,cpu         ] GC(2731) User=0.02s Sys=0.00s Real=0.02s
[402.215s][info][gc,start       ] GC(2732) Pause Young (Allocation Failure)
[402.238s][info][gc,heap        ] GC(2732) DefNew: 140049K(157248K)->274K(157248K) Eden: 139776K(139776K)->0K(139776K) From: 273K(17472K)->274K(17472K)
[402.238s][info][gc,heap        ] GC(2732) Tenured: 13322K(349568K)->13340K(349568K)
[402.238s][info][gc,metaspace   ] GC(2732) Metaspace: 14290K(15232K)->14290K(15232K) NonClass: 12331K(12928K)->12331K(12928K) Class: 1959K(2304K)->1959K(2304K)
[402.238s][info][gc             ] GC(2732) Pause Young (Allocation Failure) 149M->13M(494M) 23.271ms
[402.238s][info][gc,cpu         ] GC(2732) User=0.02s Sys=0.00s Real=0.02s
[402.345s][info][gc,start       ] GC(2733) Pause Young (Allocation Failure)
[402.368s][info][gc,heap        ] GC(2733) DefNew: 140050K(157248K)->274K(157248K) Eden: 139776K(139776K)->0K(139776K) From: 274K(17472K)->274K(17472K)
[402.368s][info][gc,heap        ] GC(2733) Tenured: 13340K(349568K)->13357K(349568K)
[402.368s][info][gc,metaspace   ] GC(2733) Metaspace: 14290K(15232K)->14290K(15232K) NonClass: 12331K(12928K)->12331K(12928K) Class: 1959K(2304K)->1959K(2304K)
[402.368s][info][gc             ] GC(2733) Pause Young (Allocation Failure) 149M->13M(494M) 23.196ms
[402.368s][info][gc,cpu         ] GC(2733) User=0.02s Sys=0.00s Real=0.01s
[402.475s][info][gc,start       ] GC(2734) Pause Young (Allocation Failure)
[402.505s][info][gc,heap        ] GC(2734) DefNew: 140050K(157248K)->273K(157248K) Eden: 139776K(139776K)->0K(139776K) From: 274K(17472K)->273K(17472K)
[402.505s][info][gc,heap        ] GC(2734) Tenured: 13357K(349568K)->13375K(349568K)
[402.505s][info][gc,metaspace   ] GC(2734) Metaspace: 14290K(15232K)->14290K(15232K) NonClass: 12331K(12928K)->12331K(12928K) Class: 1959K(2304K)->1959K(2304K)
[402.505s][info][gc             ] GC(2734) Pause Young (Allocation Failure) 149M->13M(494M) 30.460ms
[402.505s][info][gc,cpu         ] GC(2734) User=0.03s Sys=0.00s Real=0.03s
[402.616s][info][gc,start       ] GC(2735) Pause Young (Allocation Failure)
[402.649s][info][gc,heap        ] GC(2735) DefNew: 140049K(157248K)->276K(157248K) Eden: 139776K(139776K)->0K(139776K) From: 273K(17472K)->276K(17472K)
[402.649s][info][gc,heap        ] GC(2735) Tenured: 13375K(349568K)->13393K(349568K)
[402.649s][info][gc,metaspace   ] GC(2735) Metaspace: 14290K(15232K)->14290K(15232K) NonClass: 12331K(12928K)->12331K(12928K) Class: 1959K(2304K)->1959K(2304K)
[402.649s][info][gc             ] GC(2735) Pause Young (Allocation Failure) 149M->13M(494M) 32.831ms
[402.649s][info][gc,cpu         ] GC(2735) User=0.03s Sys=0.00s Real=0.03s
[402.761s][info][gc,start       ] GC(2736) Pause Young (Allocation Failure)
[402.792s][info][gc,heap        ] GC(2736) DefNew: 140052K(157248K)->277K(157248K) Eden: 139776K(139776K)->0K(139776K) From: 276K(17472K)->277K(17472K)
[402.792s][info][gc,heap        ] GC(2736) Tenured: 13393K(349568K)->13410K(349568K)
[402.792s][info][gc,metaspace   ] GC(2736) Metaspace: 14290K(15232K)->14290K(15232K) NonClass: 12331K(12928K)->12331K(12928K) Class: 1959K(2304K)->1959K(2304K)
[402.792s][info][gc             ] GC(2736) Pause Young (Allocation Failure) 149M->13M(494M) 31.071ms
[402.792s][info][gc,cpu         ] GC(2736) User=0.02s Sys=0.00s Real=0.02s
[402.901s][info][gc,start       ] GC(2737) Pause Young (Allocation Failure)
[402.938s][info][gc,heap        ] GC(2737) DefNew: 140053K(157248K)->276K(157248K) Eden: 139776K(139776K)->0K(139776K) From: 277K(17472K)->276K(17472K)
[402.938s][info][gc,heap        ] GC(2737) Tenured: 13410K(349568K)->13428K(349568K)
[402.938s][info][gc,metaspace   ] GC(2737) Metaspace: 14290K(15232K)->14290K(15232K) NonClass: 12331K(12928K)->12331K(12928K) Class: 1959K(2304K)->1959K(2304K)
[402.938s][info][gc             ] GC(2737) Pause Young (Allocation Failure) 149M->13M(494M) 37.230ms
[402.939s][info][gc,cpu         ] GC(2737) User=0.03s Sys=0.00s Real=0.04s
[403.051s][info][gc,start       ] GC(2738) Pause Young (Allocation Failure)
[403.075s][info][gc,heap        ] GC(2738) DefNew: 140052K(157248K)->277K(157248K) Eden: 139776K(139776K)->0K(139776K) From: 276K(17472K)->277K(17472K)
[403.075s][info][gc,heap        ] GC(2738) Tenured: 13428K(349568K)->13446K(349568K)
[403.075s][info][gc,metaspace   ] GC(2738) Metaspace: 14290K(15232K)->14290K(15232K) NonClass: 12331K(12928K)->12331K(12928K) Class: 1959K(2304K)->1959K(2304K)
[403.075s][info][gc             ] GC(2738) Pause Young (Allocation Failure) 149M->13M(494M) 24.128ms
[403.075s][info][gc,cpu         ] GC(2738) User=0.03s Sys=0.00s Real=0.02s
[403.182s][info][gc,start       ] GC(2739) Pause Young (Allocation Failure)
[403.215s][info][gc,heap        ] GC(2739) DefNew: 140053K(157248K)->276K(157248K) Eden: 139776K(139776K)->0K(139776K) From: 277K(17472K)->276K(17472K)
[403.215s][info][gc,heap        ] GC(2739) Tenured: 13446K(349568K)->13464K(349568K)
[403.215s][info][gc,metaspace   ] GC(2739) Metaspace: 14290K(15232K)->14290K(15232K) NonClass: 12331K(12928K)->12331K(12928K) Class: 1959K(2304K)->1959K(2304K)
[403.215s][info][gc             ] GC(2739) Pause Young (Allocation Failure) 149M->13M(494M) 32.554ms
[403.215s][info][gc,cpu         ] GC(2739) User=0.03s Sys=0.00s Real=0.03s
[403.327s][info][gc,start       ] GC(2740) Pause Young (Allocation Failure)
[403.360s][info][gc,heap        ] GC(2740) DefNew: 140052K(157248K)->277K(157248K) Eden: 139776K(139776K)->0K(139776K) From: 276K(17472K)->277K(17472K)
[403.360s][info][gc,heap        ] GC(2740) Tenured: 13464K(349568K)->13482K(349568K)
[403.360s][info][gc,metaspace   ] GC(2740) Metaspace: 14290K(15232K)->14290K(15232K) NonClass: 12331K(12928K)->12331K(12928K) Class: 1959K(2304K)->1959K(2304K)
[403.360s][info][gc             ] GC(2740) Pause Young (Allocation Failure) 149M->13M(494M) 33.039ms
[403.360s][info][gc,cpu         ] GC(2740) User=0.03s Sys=0.00s Real=0.03s
[403.475s][info][gc,start       ] GC(2741) Pause Young (Allocation Failure)
[403.508s][info][gc,heap        ] GC(2741) DefNew: 140053K(157248K)->277K(157248K) Eden: 139776K(139776K)->0K(139776K) From: 277K(17472K)->277K(17472K)
[403.508s][info][gc,heap        ] GC(2741) Tenured: 13482K(349568K)->13499K(349568K)
[403.508s][info][gc,metaspace   ] GC(2741) Metaspace: 14290K(15232K)->14290K(15232K) NonClass: 12331K(12928K)->12331K(12928K) Class: 1959K(2304K)->1959K(2304K)
[403.508s][info][gc             ] GC(2741) Pause Young (Allocation Failure) 149M->13M(494M) 33.280ms
[403.508s][info][gc,cpu         ] GC(2741) User=0.03s Sys=0.00s Real=0.02s
[403.623s][info][gc,start       ] GC(2742) Pause Young (Allocation Failure)
[403.660s][info][gc,heap        ] GC(2742) DefNew: 140053K(157248K)->277K(157248K) Eden: 139776K(139776K)->0K(139776K) From: 277K(17472K)->277K(17472K)
[403.660s][info][gc,heap        ] GC(2742) Tenured: 13499K(349568K)->13520K(349568K)
[403.660s][info][gc,metaspace   ] GC(2742) Metaspace: 14290K(15232K)->14290K(15232K) NonClass: 12331K(12928K)->12331K(12928K) Class: 1959K(2304K)->1959K(2304K)
[403.660s][info][gc             ] GC(2742) Pause Young (Allocation Failure) 149M->13M(494M) 36.369ms
[403.660s][info][gc,cpu         ] GC(2742) User=0.03s Sys=0.00s Real=0.03s
[403.780s][info][gc,start       ] GC(2743) Pause Young (Allocation Failure)
[403.806s][info][gc,heap        ] GC(2743) DefNew: 140053K(157248K)->279K(157248K) Eden: 139776K(139776K)->0K(139776K) From: 277K(17472K)->279K(17472K)
[403.807s][info][gc,heap        ] GC(2743) Tenured: 13520K(349568K)->13538K(349568K)
[403.807s][info][gc,metaspace   ] GC(2743) Metaspace: 14290K(15232K)->14290K(15232K) NonClass: 12331K(12928K)->12331K(12928K) Class: 1959K(2304K)->1959K(2304K)
[403.807s][info][gc             ] GC(2743) Pause Young (Allocation Failure) 149M->13M(494M) 26.785ms
[403.807s][info][gc,cpu         ] GC(2743) User=0.02s Sys=0.00s Real=0.02s
[403.998s][info][gc,start       ] GC(2744) Pause Young (Allocation Failure)
[404.030s][info][gc,heap        ] GC(2744) DefNew: 140055K(157248K)->281K(157248K) Eden: 139776K(139776K)->0K(139776K) From: 279K(17472K)->281K(17472K)
[404.030s][info][gc,heap        ] GC(2744) Tenured: 13538K(349568K)->13556K(349568K)
[404.030s][info][gc,metaspace   ] GC(2744) Metaspace: 14290K(15232K)->14290K(15232K) NonClass: 12331K(12928K)->12331K(12928K) Class: 1959K(2304K)->1959K(2304K)
[404.030s][info][gc             ] GC(2744) Pause Young (Allocation Failure) 149M->13M(494M) 31.995ms
[404.030s][info][gc,cpu         ] GC(2744) User=0.03s Sys=0.00s Real=0.03s
[404.156s][info][gc,start       ] GC(2745) Pause Young (Allocation Failure)
[404.181s][info][gc,heap        ] GC(2745) DefNew: 140057K(157248K)->286K(157248K) Eden: 139776K(139776K)->0K(139776K) From: 281K(17472K)->286K(17472K)
[404.181s][info][gc,heap        ] GC(2745) Tenured: 13556K(349568K)->13571K(349568K)
[404.181s][info][gc,metaspace   ] GC(2745) Metaspace: 14290K(15232K)->14290K(15232K) NonClass: 12331K(12928K)->12331K(12928K) Class: 1959K(2304K)->1959K(2304K)
[404.181s][info][gc             ] GC(2745) Pause Young (Allocation Failure) 150M->13M(494M) 24.561ms
[404.181s][info][gc,cpu         ] GC(2745) User=0.02s Sys=0.00s Real=0.02s
[404.307s][info][gc,start       ] GC(2746) Pause Young (Allocation Failure)
[404.329s][info][gc,heap        ] GC(2746) DefNew: 140062K(157248K)->289K(157248K) Eden: 139776K(139776K)->0K(139776K) From: 286K(17472K)->289K(17472K)
[404.330s][info][gc,heap        ] GC(2746) Tenured: 13571K(349568K)->13588K(349568K)
[404.330s][info][gc,metaspace   ] GC(2746) Metaspace: 14290K(15232K)->14290K(15232K) NonClass: 12331K(12928K)->12331K(12928K) Class: 1959K(2304K)->1959K(2304K)
[404.330s][info][gc             ] GC(2746) Pause Young (Allocation Failure) 150M->13M(494M) 22.576ms
[404.330s][info][gc,cpu         ] GC(2746) User=0.02s Sys=0.00s Real=0.02s
[404.463s][info][gc,start       ] GC(2747) Pause Young (Allocation Failure)
[404.485s][info][gc,heap        ] GC(2747) DefNew: 140065K(157248K)->293K(157248K) Eden: 139776K(139776K)->0K(139776K) From: 289K(17472K)->293K(17472K)
[404.485s][info][gc,heap        ] GC(2747) Tenured: 13588K(349568K)->13606K(349568K)
[404.485s][info][gc,metaspace   ] GC(2747) Metaspace: 14290K(15232K)->14290K(15232K) NonClass: 12331K(12928K)->12331K(12928K) Class: 1959K(2304K)->1959K(2304K)
[404.485s][info][gc             ] GC(2747) Pause Young (Allocation Failure) 150M->13M(494M) 21.852ms
[404.485s][info][gc,cpu         ] GC(2747) User=0.02s Sys=0.00s Real=0.02s
[404.605s][info][gc,start       ] GC(2748) Pause Young (Allocation Failure)
[404.630s][info][gc,heap        ] GC(2748) DefNew: 140069K(157248K)->295K(157248K) Eden: 139776K(139776K)->0K(139776K) From: 293K(17472K)->295K(17472K)
[404.630s][info][gc,heap        ] GC(2748) Tenured: 13606K(349568K)->13623K(349568K)
[404.630s][info][gc,metaspace   ] GC(2748) Metaspace: 14290K(15232K)->14290K(15232K) NonClass: 12331K(12928K)->12331K(12928K) Class: 1959K(2304K)->1959K(2304K)
[404.630s][info][gc             ] GC(2748) Pause Young (Allocation Failure) 150M->13M(494M) 24.837ms
[404.630s][info][gc,cpu         ] GC(2748) User=0.02s Sys=0.00s Real=0.02s
[404.744s][info][gc,start       ] GC(2749) Pause Young (Allocation Failure)
[404.771s][info][gc,heap        ] GC(2749) DefNew: 140071K(157248K)->297K(157248K) Eden: 139776K(139776K)->0K(139776K) From: 295K(17472K)->297K(17472K)
[404.771s][info][gc,heap        ] GC(2749) Tenured: 13623K(349568K)->13641K(349568K)
[404.771s][info][gc,metaspace   ] GC(2749) Metaspace: 14290K(15232K)->14290K(15232K) NonClass: 12331K(12928K)->12331K(12928K) Class: 1959K(2304K)->1959K(2304K)
[404.771s][info][gc             ] GC(2749) Pause Young (Allocation Failure) 150M->13M(494M) 27.514ms
[404.771s][info][gc,cpu         ] GC(2749) User=0.02s Sys=0.00s Real=0.03s
[404.850s][info][gc,start       ] GC(2750) Pause Young (Allocation Failure)
[404.876s][info][gc,heap        ] GC(2750) DefNew: 140073K(157248K)->289K(157248K) Eden: 139776K(139776K)->0K(139776K) From: 297K(17472K)->289K(17472K)
[404.876s][info][gc,heap        ] GC(2750) Tenured: 13641K(349568K)->13662K(349568K)
[404.876s][info][gc,metaspace   ] GC(2750) Metaspace: 14290K(15232K)->14290K(15232K) NonClass: 12331K(12928K)->12331K(12928K) Class: 1959K(2304K)->1959K(2304K)
[404.876s][info][gc             ] GC(2750) Pause Young (Allocation Failure) 150M->13M(494M) 26.241ms
[404.876s][info][gc,cpu         ] GC(2750) User=0.02s Sys=0.00s Real=0.03s
[404.960s][info][gc,start       ] GC(2751) Pause Young (Allocation Failure)
[404.980s][info][gc,heap        ] GC(2751) DefNew: 140065K(157248K)->285K(157248K) Eden: 139776K(139776K)->0K(139776K) From: 289K(17472K)->285K(17472K)
[404.980s][info][gc,heap        ] GC(2751) Tenured: 13662K(349568K)->13679K(349568K)
[404.980s][info][gc,metaspace   ] GC(2751) Metaspace: 14290K(15232K)->14290K(15232K) NonClass: 12331K(12928K)->12331K(12928K) Class: 1959K(2304K)->1959K(2304K)
[404.980s][info][gc             ] GC(2751) Pause Young (Allocation Failure) 150M->13M(494M) 19.526ms
[404.980s][info][gc,cpu         ] GC(2751) User=0.00s Sys=0.00s Real=0.01s
[405.081s][info][gc,start       ] GC(2752) Pause Young (Allocation Failure)
[405.100s][info][gc,heap        ] GC(2752) DefNew: 140061K(157248K)->283K(157248K) Eden: 139776K(139776K)->0K(139776K) From: 285K(17472K)->283K(17472K)
[405.100s][info][gc,heap        ] GC(2752) Tenured: 13679K(349568K)->13697K(349568K)
[405.100s][info][gc,metaspace   ] GC(2752) Metaspace: 14290K(15232K)->14290K(15232K) NonClass: 12331K(12928K)->12331K(12928K) Class: 1959K(2304K)->1959K(2304K)
[405.100s][info][gc             ] GC(2752) Pause Young (Allocation Failure) 150M->13M(494M) 19.433ms
[405.100s][info][gc,cpu         ] GC(2752) User=0.02s Sys=0.00s Real=0.02s
[405.278s][info][gc,start       ] GC(2753) Pause Young (Allocation Failure)
[405.298s][info][gc,heap        ] GC(2753) DefNew: 140059K(157248K)->294K(157248K) Eden: 139776K(139776K)->0K(139776K) From: 283K(17472K)->294K(17472K)
[405.298s][info][gc,heap        ] GC(2753) Tenured: 13697K(349568K)->13715K(349568K)
[405.298s][info][gc,metaspace   ] GC(2753) Metaspace: 14290K(15232K)->14290K(15232K) NonClass: 12331K(12928K)->12331K(12928K) Class: 1959K(2304K)->1959K(2304K)
[405.298s][info][gc             ] GC(2753) Pause Young (Allocation Failure) 150M->13M(494M) 19.733ms
[405.298s][info][gc,cpu         ] GC(2753) User=0.02s Sys=0.00s Real=0.01s
[405.439s][info][gc,start       ] GC(2754) Pause Full (System.gc())
[405.439s][info][gc,phases,start] GC(2754) Phase 1: Mark live objects
[405.465s][info][gc,phases      ] GC(2754) Phase 1: Mark live objects 26.161ms
[405.465s][info][gc,phases,start] GC(2754) Phase 2: Compute new object addresses
[405.482s][info][gc,phases      ] GC(2754) Phase 2: Compute new object addresses 16.689ms
[405.482s][info][gc,phases,start] GC(2754) Phase 3: Adjust pointers
[405.502s][info][gc,phases      ] GC(2754) Phase 3: Adjust pointers 19.701ms
[405.502s][info][gc,phases,start] GC(2754) Phase 4: Move objects
[405.502s][info][gc,phases      ] GC(2754) Phase 4: Move objects 0.015ms
[405.502s][info][gc,heap        ] GC(2754) DefNew: 63830K(157248K)->0K(157248K) Eden: 63536K(139776K)->0K(139776K) From: 294K(17472K)->0K(17472K)
[405.502s][info][gc,heap        ] GC(2754) Tenured: 13715K(349568K)->13715K(349568K)
[405.502s][info][gc,metaspace   ] GC(2754) Metaspace: 14290K(15232K)->14290K(15232K) NonClass: 12331K(12928K)->12331K(12928K) Class: 1959K(2304K)->1959K(2304K)
[405.502s][info][gc             ] GC(2754) Pause Full (System.gc()) 75M->13M(494M) 62.906ms
[405.502s][info][gc,cpu         ] GC(2754) User=0.06s Sys=0.00s Real=0.06s
[405.598s][info][gc,start       ] GC(2755) Pause Young (Allocation Failure)
[405.619s][info][gc,heap        ] GC(2755) DefNew: 139776K(157248K)->1474K(157248K) Eden: 139776K(139776K)->0K(139776K) From: 0K(17472K)->1474K(17472K)
[405.619s][info][gc,heap        ] GC(2755) Tenured: 13715K(349568K)->13715K(349568K)
[405.619s][info][gc,metaspace   ] GC(2755) Metaspace: 14290K(15232K)->14290K(15232K) NonClass: 12331K(12928K)->12331K(12928K) Class: 1959K(2304K)->1959K(2304K)
[405.619s][info][gc             ] GC(2755) Pause Young (Allocation Failure) 149M->14M(494M) 21.602ms
[405.619s][info][gc,cpu         ] GC(2755) User=0.02s Sys=0.00s Real=0.02s
[405.727s][info][gc,start       ] GC(2756) Pause Young (Allocation Failure)
[405.750s][info][gc,heap        ] GC(2756) DefNew: 141250K(157248K)->1491K(157248K) Eden: 139776K(139776K)->0K(139776K) From: 1474K(17472K)->1491K(17472K)
[405.750s][info][gc,heap        ] GC(2756) Tenured: 13715K(349568K)->13715K(349568K)
[405.750s][info][gc,metaspace   ] GC(2756) Metaspace: 14290K(15232K)->14290K(15232K) NonClass: 12331K(12928K)->12331K(12928K) Class: 1959K(2304K)->1959K(2304K)
[405.750s][info][gc             ] GC(2756) Pause Young (Allocation Failure) 151M->14M(494M) 22.552ms
[405.750s][info][gc,cpu         ] GC(2756) User=0.02s Sys=0.00s Real=0.02s
[405.860s][info][gc,start       ] GC(2757) Pause Young (Allocation Failure)
[405.890s][info][gc,heap        ] GC(2757) DefNew: 141267K(157248K)->1510K(157248K) Eden: 139776K(139776K)->0K(139776K) From: 1491K(17472K)->1510K(17472K)
[405.890s][info][gc,heap        ] GC(2757) Tenured: 13715K(349568K)->13715K(349568K)
[405.890s][info][gc,metaspace   ] GC(2757) Metaspace: 14290K(15232K)->14290K(15232K) NonClass: 12331K(12928K)->12331K(12928K) Class: 1959K(2304K)->1959K(2304K)
[405.890s][info][gc             ] GC(2757) Pause Young (Allocation Failure) 151M->14M(494M) 29.794ms
[405.890s][info][gc,cpu         ] GC(2757) User=0.03s Sys=0.00s Real=0.03s
[406.002s][info][gc,start       ] GC(2758) Pause Young (Allocation Failure)
[406.032s][info][gc,heap        ] GC(2758) DefNew: 141286K(157248K)->1527K(157248K) Eden: 139776K(139776K)->0K(139776K) From: 1510K(17472K)->1527K(17472K)
[406.032s][info][gc,heap        ] GC(2758) Tenured: 13715K(349568K)->13715K(349568K)
[406.032s][info][gc,metaspace   ] GC(2758) Metaspace: 14290K(15232K)->14290K(15232K) NonClass: 12331K(12928K)->12331K(12928K) Class: 1959K(2304K)->1959K(2304K)
[406.032s][info][gc             ] GC(2758) Pause Young (Allocation Failure) 151M->14M(494M) 30.038ms
[406.032s][info][gc,cpu         ] GC(2758) User=0.02s Sys=0.00s Real=0.02s
[406.146s][info][gc,start       ] GC(2759) Pause Young (Allocation Failure)
[406.177s][info][gc,heap        ] GC(2759) DefNew: 141303K(157248K)->1547K(157248K) Eden: 139776K(139776K)->0K(139776K) From: 1527K(17472K)->1547K(17472K)
[406.177s][info][gc,heap        ] GC(2759) Tenured: 13715K(349568K)->13715K(349568K)
[406.177s][info][gc,metaspace   ] GC(2759) Metaspace: 14290K(15232K)->14290K(15232K) NonClass: 12331K(12928K)->12331K(12928K) Class: 1959K(2304K)->1959K(2304K)
[406.177s][info][gc             ] GC(2759) Pause Young (Allocation Failure) 151M->14M(494M) 31.591ms
[406.177s][info][gc,cpu         ] GC(2759) User=0.03s Sys=0.00s Real=0.03s
[406.292s][info][gc,start       ] GC(2760) Pause Young (Allocation Failure)
[406.315s][info][gc,heap        ] GC(2760) DefNew: 141323K(157248K)->1568K(157248K) Eden: 139776K(139776K)->0K(139776K) From: 1547K(17472K)->1568K(17472K)
[406.315s][info][gc,heap        ] GC(2760) Tenured: 13715K(349568K)->13715K(349568K)
[406.315s][info][gc,metaspace   ] GC(2760) Metaspace: 14290K(15232K)->14290K(15232K) NonClass: 12331K(12928K)->12331K(12928K) Class: 1959K(2304K)->1959K(2304K)
[406.315s][info][gc             ] GC(2760) Pause Young (Allocation Failure) 151M->14M(494M) 23.496ms
[406.315s][info][gc,cpu         ] GC(2760) User=0.02s Sys=0.00s Real=0.02s
[406.431s][info][gc,start       ] GC(2761) Pause Young (Allocation Failure)
[406.462s][info][gc,heap        ] GC(2761) DefNew: 141344K(157248K)->1590K(157248K) Eden: 139776K(139776K)->0K(139776K) From: 1568K(17472K)->1590K(17472K)
[406.462s][info][gc,heap        ] GC(2761) Tenured: 13715K(349568K)->13715K(349568K)
[406.462s][info][gc,metaspace   ] GC(2761) Metaspace: 14290K(15232K)->14290K(15232K) NonClass: 12331K(12928K)->12331K(12928K) Class: 1959K(2304K)->1959K(2304K)
[406.462s][info][gc             ] GC(2761) Pause Young (Allocation Failure) 151M->14M(494M) 31.425ms
[406.462s][info][gc,cpu         ] GC(2761) User=0.03s Sys=0.00s Real=0.03s
[406.576s][info][gc,start       ] GC(2762) Pause Young (Allocation Failure)
[406.608s][info][gc,heap        ] GC(2762) DefNew: 141366K(157248K)->1610K(157248K) Eden: 139776K(139776K)->0K(139776K) From: 1590K(17472K)->1610K(17472K)
[406.608s][info][gc,heap        ] GC(2762) Tenured: 13715K(349568K)->13715K(349568K)
[406.608s][info][gc,metaspace   ] GC(2762) Metaspace: 14290K(15232K)->14290K(15232K) NonClass: 12331K(12928K)->12331K(12928K) Class: 1959K(2304K)->1959K(2304K)
[406.608s][info][gc             ] GC(2762) Pause Young (Allocation Failure) 151M->14M(494M) 31.921ms
[406.608s][info][gc,cpu         ] GC(2762) User=0.03s Sys=0.00s Real=0.03s
[406.721s][info][gc,start       ] GC(2763) Pause Young (Allocation Failure)
[406.753s][info][gc,heap        ] GC(2763) DefNew: 141386K(157248K)->1625K(157248K) Eden: 139776K(139776K)->0K(139776K) From: 1610K(17472K)->1625K(17472K)
[406.753s][info][gc,heap        ] GC(2763) Tenured: 13715K(349568K)->13715K(349568K)
[406.753s][info][gc,metaspace   ] GC(2763) Metaspace: 14290K(15232K)->14290K(15232K) NonClass: 12331K(12928K)->12331K(12928K) Class: 1959K(2304K)->1959K(2304K)
[406.753s][info][gc             ] GC(2763) Pause Young (Allocation Failure) 151M->14M(494M) 32.101ms
[406.753s][info][gc,cpu         ] GC(2763) User=0.03s Sys=0.00s Real=0.03s
[406.868s][info][gc,start       ] GC(2764) Pause Young (Allocation Failure)
[406.901s][info][gc,heap        ] GC(2764) DefNew: 141401K(157248K)->1645K(157248K) Eden: 139775K(139776K)->0K(139776K) From: 1625K(17472K)->1645K(17472K)
[406.901s][info][gc,heap        ] GC(2764) Tenured: 13715K(349568K)->13715K(349568K)
[406.901s][info][gc,metaspace   ] GC(2764) Metaspace: 14290K(15232K)->14290K(15232K) NonClass: 12331K(12928K)->12331K(12928K) Class: 1959K(2304K)->1959K(2304K)
[406.901s][info][gc             ] GC(2764) Pause Young (Allocation Failure) 151M->15M(494M) 32.299ms
[406.901s][info][gc,cpu         ] GC(2764) User=0.03s Sys=0.00s Real=0.03s
[407.014s][info][gc,start       ] GC(2765) Pause Young (Allocation Failure)
[407.047s][info][gc,heap        ] GC(2765) DefNew: 141421K(157248K)->1667K(157248K) Eden: 139776K(139776K)->0K(139776K) From: 1645K(17472K)->1667K(17472K)
[407.048s][info][gc,heap        ] GC(2765) Tenured: 13715K(349568K)->13715K(349568K)
[407.048s][info][gc,metaspace   ] GC(2765) Metaspace: 14290K(15232K)->14290K(15232K) NonClass: 12331K(12928K)->12331K(12928K) Class: 1959K(2304K)->1959K(2304K)
[407.048s][info][gc             ] GC(2765) Pause Young (Allocation Failure) 151M->15M(494M) 33.730ms
[407.048s][info][gc,cpu         ] GC(2765) User=0.03s Sys=0.00s Real=0.03s
[407.162s][info][gc,start       ] GC(2766) Pause Young (Allocation Failure)
[407.187s][info][gc,heap        ] GC(2766) DefNew: 141443K(157248K)->1684K(157248K) Eden: 139776K(139776K)->0K(139776K) From: 1667K(17472K)->1684K(17472K)
[407.187s][info][gc,heap        ] GC(2766) Tenured: 13715K(349568K)->13715K(349568K)
[407.187s][info][gc,metaspace   ] GC(2766) Metaspace: 14290K(15232K)->14290K(15232K) NonClass: 12331K(12928K)->12331K(12928K) Class: 1959K(2304K)->1959K(2304K)
[407.187s][info][gc             ] GC(2766) Pause Young (Allocation Failure) 151M->15M(494M) 24.712ms
[407.187s][info][gc,cpu         ] GC(2766) User=0.03s Sys=0.00s Real=0.02s
[407.297s][info][gc,start       ] GC(2767) Pause Young (Allocation Failure)
[407.321s][info][gc,heap        ] GC(2767) DefNew: 141460K(157248K)->1702K(157248K) Eden: 139776K(139776K)->0K(139776K) From: 1684K(17472K)->1702K(17472K)
[407.321s][info][gc,heap        ] GC(2767) Tenured: 13715K(349568K)->13715K(349568K)
[407.321s][info][gc,metaspace   ] GC(2767) Metaspace: 14290K(15232K)->14290K(15232K) NonClass: 12331K(12928K)->12331K(12928K) Class: 1959K(2304K)->1959K(2304K)
[407.321s][info][gc             ] GC(2767) Pause Young (Allocation Failure) 151M->15M(494M) 24.579ms
[407.321s][info][gc,cpu         ] GC(2767) User=0.02s Sys=0.00s Real=0.01s
[407.435s][info][gc,start       ] GC(2768) Pause Young (Allocation Failure)
[407.460s][info][gc,heap        ] GC(2768) DefNew: 141478K(157248K)->1719K(157248K) Eden: 139776K(139776K)->0K(139776K) From: 1702K(17472K)->1719K(17472K)
[407.460s][info][gc,heap        ] GC(2768) Tenured: 13715K(349568K)->13715K(349568K)
[407.460s][info][gc,metaspace   ] GC(2768) Metaspace: 14290K(15232K)->14290K(15232K) NonClass: 12331K(12928K)->12331K(12928K) Class: 1959K(2304K)->1959K(2304K)
[407.461s][info][gc             ] GC(2768) Pause Young (Allocation Failure) 151M->15M(494M) 25.229ms
[407.461s][info][gc,cpu         ] GC(2768) User=0.03s Sys=0.00s Real=0.02s
[407.575s][info][gc,start       ] GC(2769) Pause Young (Allocation Failure)
[407.600s][info][gc,heap        ] GC(2769) DefNew: 141495K(157248K)->1739K(157248K) Eden: 139776K(139776K)->0K(139776K) From: 1719K(17472K)->1739K(17472K)
[407.600s][info][gc,heap        ] GC(2769) Tenured: 13715K(349568K)->13715K(349568K)
[407.600s][info][gc,metaspace   ] GC(2769) Metaspace: 14290K(15232K)->14290K(15232K) NonClass: 12331K(12928K)->12331K(12928K) Class: 1959K(2304K)->1959K(2304K)
[407.600s][info][gc             ] GC(2769) Pause Young (Allocation Failure) 151M->15M(494M) 25.218ms
[407.600s][info][gc,cpu         ] GC(2769) User=0.02s Sys=0.00s Real=0.02s
[407.709s][info][gc,start       ] GC(2770) Pause Young (Allocation Failure)
[407.743s][info][gc,heap        ] GC(2770) DefNew: 141515K(157248K)->288K(157248K) Eden: 139776K(139776K)->0K(139776K) From: 1739K(17472K)->288K(17472K)
[407.743s][info][gc,heap        ] GC(2770) Tenured: 13715K(349568K)->15181K(349568K)
[407.743s][info][gc,metaspace   ] GC(2770) Metaspace: 14290K(15232K)->14290K(15232K) NonClass: 12331K(12928K)->12331K(12928K) Class: 1959K(2304K)->1959K(2304K)
[407.743s][info][gc             ] GC(2770) Pause Young (Allocation Failure) 151M->15M(494M) 34.424ms
[407.743s][info][gc,cpu         ] GC(2770) User=0.05s Sys=0.00s Real=0.03s
[407.857s][info][gc,start       ] GC(2771) Pause Young (Allocation Failure)
[407.892s][info][gc,heap        ] GC(2771) DefNew: 140064K(157248K)->288K(157248K) Eden: 139776K(139776K)->0K(139776K) From: 288K(17472K)->288K(17472K)
[407.892s][info][gc,heap        ] GC(2771) Tenured: 15181K(349568K)->15199K(349568K)
[407.892s][info][gc,metaspace   ] GC(2771) Metaspace: 14290K(15232K)->14290K(15232K) NonClass: 12331K(12928K)->12331K(12928K) Class: 1959K(2304K)->1959K(2304K)
[407.892s][info][gc             ] GC(2771) Pause Young (Allocation Failure) 151M->15M(494M) 34.576ms
[407.892s][info][gc,cpu         ] GC(2771) User=0.03s Sys=0.00s Real=0.03s
[408.006s][info][gc,start       ] GC(2772) Pause Young (Allocation Failure)
[408.039s][info][gc,heap        ] GC(2772) DefNew: 140064K(157248K)->288K(157248K) Eden: 139776K(139776K)->0K(139776K) From: 288K(17472K)->288K(17472K)
[408.040s][info][gc,heap        ] GC(2772) Tenured: 15199K(349568K)->15216K(349568K)
[408.040s][info][gc,metaspace   ] GC(2772) Metaspace: 14290K(15232K)->14290K(15232K) NonClass: 12331K(12928K)->12331K(12928K) Class: 1959K(2304K)->1959K(2304K)
[408.040s][info][gc             ] GC(2772) Pause Young (Allocation Failure) 151M->15M(494M) 33.876ms
[408.040s][info][gc,cpu         ] GC(2772) User=0.05s Sys=0.00s Real=0.03s
[408.154s][info][gc,start       ] GC(2773) Pause Young (Allocation Failure)
[408.188s][info][gc,heap        ] GC(2773) DefNew: 140064K(157248K)->292K(157248K) Eden: 139776K(139776K)->0K(139776K) From: 288K(17472K)->292K(17472K)
[408.188s][info][gc,heap        ] GC(2773) Tenured: 15216K(349568K)->15234K(349568K)
[408.188s][info][gc,metaspace   ] GC(2773) Metaspace: 14290K(15232K)->14290K(15232K) NonClass: 12331K(12928K)->12331K(12928K) Class: 1959K(2304K)->1959K(2304K)
[408.188s][info][gc             ] GC(2773) Pause Young (Allocation Failure) 151M->15M(494M) 34.344ms
[408.188s][info][gc,cpu         ] GC(2773) User=0.03s Sys=0.00s Real=0.04s
[408.303s][info][gc,start       ] GC(2774) Pause Young (Allocation Failure)
[408.339s][info][gc,heap        ] GC(2774) DefNew: 140068K(157248K)->292K(157248K) Eden: 139776K(139776K)->0K(139776K) From: 292K(17472K)->292K(17472K)
[408.339s][info][gc,heap        ] GC(2774) Tenured: 15234K(349568K)->15255K(349568K)
[408.339s][info][gc,metaspace   ] GC(2774) Metaspace: 14290K(15232K)->14290K(15232K) NonClass: 12331K(12928K)->12331K(12928K) Class: 1959K(2304K)->1959K(2304K)
[408.339s][info][gc             ] GC(2774) Pause Young (Allocation Failure) 151M->15M(494M) 35.677ms
[408.339s][info][gc,cpu         ] GC(2774) User=0.05s Sys=0.00s Real=0.04s
[408.453s][info][gc,start       ] GC(2775) Pause Young (Allocation Failure)
[408.479s][info][gc,heap        ] GC(2775) DefNew: 140068K(157248K)->290K(157248K) Eden: 139776K(139776K)->0K(139776K) From: 292K(17472K)->290K(17472K)
[408.479s][info][gc,heap        ] GC(2775) Tenured: 15255K(349568K)->15275K(349568K)
[408.479s][info][gc,metaspace   ] GC(2775) Metaspace: 14290K(15232K)->14290K(15232K) NonClass: 12331K(12928K)->12331K(12928K) Class: 1959K(2304K)->1959K(2304K)
[408.479s][info][gc             ] GC(2775) Pause Young (Allocation Failure) 151M->15M(494M) 26.008ms
[408.479s][info][gc,cpu         ] GC(2775) User=0.03s Sys=0.00s Real=0.03s
[408.591s][info][gc,start       ] GC(2776) Pause Young (Allocation Failure)
[408.617s][info][gc,heap        ] GC(2776) DefNew: 140066K(157248K)->290K(157248K) Eden: 139776K(139776K)->0K(139776K) From: 290K(17472K)->290K(17472K)
[408.617s][info][gc,heap        ] GC(2776) Tenured: 15275K(349568K)->15296K(349568K)
[408.617s][info][gc,metaspace   ] GC(2776) Metaspace: 14290K(15232K)->14290K(15232K) NonClass: 12331K(12928K)->12331K(12928K) Class: 1959K(2304K)->1959K(2304K)
[408.617s][info][gc             ] GC(2776) Pause Young (Allocation Failure) 151M->15M(494M) 25.902ms
[408.617s][info][gc,cpu         ] GC(2776) User=0.02s Sys=0.00s Real=0.01s
[408.728s][info][gc,start       ] GC(2777) Pause Young (Allocation Failure)
[408.763s][info][gc,heap        ] GC(2777) DefNew: 140066K(157248K)->286K(157248K) Eden: 139776K(139776K)->0K(139776K) From: 290K(17472K)->286K(17472K)
[408.763s][info][gc,heap        ] GC(2777) Tenured: 15296K(349568K)->15317K(349568K)
[408.763s][info][gc,metaspace   ] GC(2777) Metaspace: 14290K(15232K)->14290K(15232K) NonClass: 12331K(12928K)->12331K(12928K) Class: 1959K(2304K)->1959K(2304K)
[408.763s][info][gc             ] GC(2777) Pause Young (Allocation Failure) 151M->15M(494M) 35.340ms
[408.763s][info][gc,cpu         ] GC(2777) User=0.02s Sys=0.00s Real=0.03s
[408.973s][info][gc,start       ] GC(2778) Pause Young (Allocation Failure)
[409.014s][info][gc,heap        ] GC(2778) DefNew: 140062K(157248K)->293K(157248K) Eden: 139776K(139776K)->0K(139776K) From: 286K(17472K)->293K(17472K)
[409.014s][info][gc,heap        ] GC(2778) Tenured: 15317K(349568K)->15332K(349568K)
[409.014s][info][gc,metaspace   ] GC(2778) Metaspace: 14290K(15232K)->14290K(15232K) NonClass: 12331K(12928K)->12331K(12928K) Class: 1959K(2304K)->1959K(2304K)
[409.014s][info][gc             ] GC(2778) Pause Young (Allocation Failure) 151M->15M(494M) 41.164ms
[409.014s][info][gc,cpu         ] GC(2778) User=0.03s Sys=0.00s Real=0.03s
[409.132s][info][gc,start       ] GC(2779) Pause Young (Allocation Failure)
[409.158s][info][gc,heap        ] GC(2779) DefNew: 140069K(157248K)->293K(157248K) Eden: 139776K(139776K)->0K(139776K) From: 293K(17472K)->293K(17472K)
[409.158s][info][gc,heap        ] GC(2779) Tenured: 15332K(349568K)->15352K(349568K)
[409.158s][info][gc,metaspace   ] GC(2779) Metaspace: 14290K(15232K)->14290K(15232K) NonClass: 12331K(12928K)->12331K(12928K) Class: 1959K(2304K)->1959K(2304K)
[409.158s][info][gc             ] GC(2779) Pause Young (Allocation Failure) 151M->15M(494M) 25.496ms
[409.158s][info][gc,cpu         ] GC(2779) User=0.02s Sys=0.00s Real=0.03s
[409.278s][info][gc,start       ] GC(2780) Pause Young (Allocation Failure)
[409.311s][info][gc,heap        ] GC(2780) DefNew: 140069K(157248K)->293K(157248K) Eden: 139776K(139776K)->0K(139776K) From: 293K(17472K)->293K(17472K)
[409.311s][info][gc,heap        ] GC(2780) Tenured: 15352K(349568K)->15373K(349568K)
[409.311s][info][gc,metaspace   ] GC(2780) Metaspace: 14290K(15232K)->14290K(15232K) NonClass: 12331K(12928K)->12331K(12928K) Class: 1959K(2304K)->1959K(2304K)
[409.311s][info][gc             ] GC(2780) Pause Young (Allocation Failure) 151M->15M(494M) 33.166ms
[409.311s][info][gc,cpu         ] GC(2780) User=0.03s Sys=0.00s Real=0.03s
[409.427s][info][gc,start       ] GC(2781) Pause Young (Allocation Failure)
[409.458s][info][gc,heap        ] GC(2781) DefNew: 140069K(157248K)->292K(157248K) Eden: 139776K(139776K)->0K(139776K) From: 293K(17472K)->292K(17472K)
[409.458s][info][gc,heap        ] GC(2781) Tenured: 15373K(349568K)->15390K(349568K)
[409.458s][info][gc,metaspace   ] GC(2781) Metaspace: 14290K(15232K)->14290K(15232K) NonClass: 12331K(12928K)->12331K(12928K) Class: 1959K(2304K)->1959K(2304K)
[409.458s][info][gc             ] GC(2781) Pause Young (Allocation Failure) 151M->15M(494M) 30.861ms
[409.458s][info][gc,cpu         ] GC(2781) User=0.03s Sys=0.00s Real=0.02s
[409.574s][info][gc,start       ] GC(2782) Pause Young (Allocation Failure)
[409.603s][info][gc,heap        ] GC(2782) DefNew: 140068K(157248K)->294K(157248K) Eden: 139776K(139776K)->0K(139776K) From: 292K(17472K)->294K(17472K)
[409.603s][info][gc,heap        ] GC(2782) Tenured: 15390K(349568K)->15408K(349568K)
[409.603s][info][gc,metaspace   ] GC(2782) Metaspace: 14290K(15232K)->14290K(15232K) NonClass: 12331K(12928K)->12331K(12928K) Class: 1959K(2304K)->1959K(2304K)
[409.603s][info][gc             ] GC(2782) Pause Young (Allocation Failure) 151M->15M(494M) 29.346ms
[409.603s][info][gc,cpu         ] GC(2782) User=0.02s Sys=0.00s Real=0.02s
[409.718s][info][gc,start       ] GC(2783) Pause Young (Allocation Failure)
[409.747s][info][gc,heap        ] GC(2783) DefNew: 140070K(157248K)->296K(157248K) Eden: 139776K(139776K)->0K(139776K) From: 294K(17472K)->296K(17472K)
[409.747s][info][gc,heap        ] GC(2783) Tenured: 15408K(349568K)->15425K(349568K)
[409.747s][info][gc,metaspace   ] GC(2783) Metaspace: 14290K(15232K)->14290K(15232K) NonClass: 12331K(12928K)->12331K(12928K) Class: 1959K(2304K)->1959K(2304K)
[409.747s][info][gc             ] GC(2783) Pause Young (Allocation Failure) 151M->15M(494M) 29.299ms
[409.747s][info][gc,cpu         ] GC(2783) User=0.03s Sys=0.00s Real=0.03s
[409.869s][info][gc,start       ] GC(2784) Pause Young (Allocation Failure)
[409.898s][info][gc,heap        ] GC(2784) DefNew: 140072K(157248K)->296K(157248K) Eden: 139776K(139776K)->0K(139776K) From: 296K(17472K)->296K(17472K)
[409.898s][info][gc,heap        ] GC(2784) Tenured: 15425K(349568K)->15443K(349568K)
[409.898s][info][gc,metaspace   ] GC(2784) Metaspace: 14290K(15232K)->14290K(15232K) NonClass: 12331K(12928K)->12331K(12928K) Class: 1959K(2304K)->1959K(2304K)
[409.898s][info][gc             ] GC(2784) Pause Young (Allocation Failure) 151M->15M(494M) 28.802ms
[409.898s][info][gc,cpu         ] GC(2784) User=0.03s Sys=0.00s Real=0.03s
[410.010s][info][gc,start       ] GC(2785) Pause Young (Allocation Failure)
[410.040s][info][gc,heap        ] GC(2785) DefNew: 140072K(157248K)->299K(157248K) Eden: 139776K(139776K)->0K(139776K) From: 296K(17472K)->299K(17472K)
[410.040s][info][gc,heap        ] GC(2785) Tenured: 15443K(349568K)->15461K(349568K)
[410.040s][info][gc,metaspace   ] GC(2785) Metaspace: 14290K(15232K)->14290K(15232K) NonClass: 12331K(12928K)->12331K(12928K) Class: 1959K(2304K)->1959K(2304K)
[410.040s][info][gc             ] GC(2785) Pause Young (Allocation Failure) 151M->15M(494M) 29.655ms
[410.040s][info][gc,cpu         ] GC(2785) User=0.02s Sys=0.00s Real=0.02s
[410.153s][info][gc,start       ] GC(2786) Pause Young (Allocation Failure)
[410.183s][info][gc,heap        ] GC(2786) DefNew: 140075K(157248K)->300K(157248K) Eden: 139776K(139776K)->0K(139776K) From: 299K(17472K)->300K(17472K)
[410.183s][info][gc,heap        ] GC(2786) Tenured: 15461K(349568K)->15479K(349568K)
[410.183s][info][gc,metaspace   ] GC(2786) Metaspace: 14290K(15232K)->14290K(15232K) NonClass: 12331K(12928K)->12331K(12928K) Class: 1959K(2304K)->1959K(2304K)
[410.183s][info][gc             ] GC(2786) Pause Young (Allocation Failure) 151M->15M(494M) 30.534ms
[410.183s][info][gc,cpu         ] GC(2786) User=0.02s Sys=0.00s Real=0.02s
[410.297s][info][gc,start       ] GC(2787) Pause Young (Allocation Failure)
[410.320s][info][gc,heap        ] GC(2787) DefNew: 140076K(157248K)->299K(157248K) Eden: 139776K(139776K)->0K(139776K) From: 300K(17472K)->299K(17472K)
[410.320s][info][gc,heap        ] GC(2787) Tenured: 15479K(349568K)->15497K(349568K)
[410.320s][info][gc,metaspace   ] GC(2787) Metaspace: 14290K(15232K)->14290K(15232K) NonClass: 12331K(12928K)->12331K(12928K) Class: 1959K(2304K)->1959K(2304K)
[410.320s][info][gc             ] GC(2787) Pause Young (Allocation Failure) 151M->15M(494M) 23.046ms
[410.320s][info][gc,cpu         ] GC(2787) User=0.02s Sys=0.00s Real=0.01s
[410.431s][info][gc,start       ] GC(2788) Pause Young (Allocation Failure)
[410.454s][info][gc,heap        ] GC(2788) DefNew: 140075K(157248K)->295K(157248K) Eden: 139776K(139776K)->0K(139776K) From: 299K(17472K)->295K(17472K)
[410.454s][info][gc,heap        ] GC(2788) Tenured: 15497K(349568K)->15517K(349568K)
[410.454s][info][gc,metaspace   ] GC(2788) Metaspace: 14290K(15232K)->14290K(15232K) NonClass: 12331K(12928K)->12331K(12928K) Class: 1959K(2304K)->1959K(2304K)
[410.454s][info][gc             ] GC(2788) Pause Young (Allocation Failure) 151M->15M(494M) 23.298ms
[410.454s][info][gc,cpu         ] GC(2788) User=0.02s Sys=0.00s Real=0.02s
[410.561s][info][gc,start       ] GC(2789) Pause Young (Allocation Failure)
[410.591s][info][gc,heap        ] GC(2789) DefNew: 140071K(157248K)->290K(157248K) Eden: 139776K(139776K)->0K(139776K) From: 295K(17472K)->290K(17472K)
[410.591s][info][gc,heap        ] GC(2789) Tenured: 15517K(349568K)->15538K(349568K)
[410.591s][info][gc,metaspace   ] GC(2789) Metaspace: 14290K(15232K)->14290K(15232K) NonClass: 12331K(12928K)->12331K(12928K) Class: 1959K(2304K)->1959K(2304K)
[410.592s][info][gc             ] GC(2789) Pause Young (Allocation Failure) 151M->15M(494M) 30.633ms
[410.592s][info][gc,cpu         ] GC(2789) User=0.03s Sys=0.00s Real=0.03s
[410.703s][info][gc,start       ] GC(2790) Pause Young (Allocation Failure)
[410.734s][info][gc,heap        ] GC(2790) DefNew: 140066K(157248K)->289K(157248K) Eden: 139776K(139776K)->0K(139776K) From: 290K(17472K)->289K(17472K)
[410.734s][info][gc,heap        ] GC(2790) Tenured: 15538K(349568K)->15557K(349568K)
[410.734s][info][gc,metaspace   ] GC(2790) Metaspace: 14290K(15232K)->14290K(15232K) NonClass: 12331K(12928K)->12331K(12928K) Class: 1959K(2304K)->1959K(2304K)
[410.734s][info][gc             ] GC(2790) Pause Young (Allocation Failure) 151M->15M(494M) 30.977ms
[410.734s][info][gc,cpu         ] GC(2790) User=0.02s Sys=0.00s Real=0.02s
[410.846s][info][gc,start       ] GC(2791) Pause Young (Allocation Failure)
[410.877s][info][gc,heap        ] GC(2791) DefNew: 140065K(157248K)->285K(157248K) Eden: 139776K(139776K)->0K(139776K) From: 289K(17472K)->285K(17472K)
[410.877s][info][gc,heap        ] GC(2791) Tenured: 15557K(349568K)->15577K(349568K)
[410.877s][info][gc,metaspace   ] GC(2791) Metaspace: 14290K(15232K)->14290K(15232K) NonClass: 12331K(12928K)->12331K(12928K) Class: 1959K(2304K)->1959K(2304K)
[410.877s][info][gc             ] GC(2791) Pause Young (Allocation Failure) 151M->15M(494M) 31.447ms
[410.877s][info][gc,cpu         ] GC(2791) User=0.02s Sys=0.00s Real=0.02s
[410.990s][info][gc,start       ] GC(2792) Pause Young (Allocation Failure)
[411.021s][info][gc,heap        ] GC(2792) DefNew: 140061K(157248K)->284K(157248K) Eden: 139776K(139776K)->0K(139776K) From: 285K(17472K)->284K(17472K)
[411.021s][info][gc,heap        ] GC(2792) Tenured: 15577K(349568K)->15595K(349568K)
[411.021s][info][gc,metaspace   ] GC(2792) Metaspace: 14290K(15232K)->14290K(15232K) NonClass: 12331K(12928K)->12331K(12928K) Class: 1959K(2304K)->1959K(2304K)
[411.021s][info][gc             ] GC(2792) Pause Young (Allocation Failure) 151M->15M(494M) 31.662ms
[411.021s][info][gc,cpu         ] GC(2792) User=0.03s Sys=0.00s Real=0.03s
[411.134s][info][gc,start       ] GC(2793) Pause Young (Allocation Failure)
[411.166s][info][gc,heap        ] GC(2793) DefNew: 140060K(157248K)->282K(157248K) Eden: 139775K(139776K)->0K(139776K) From: 284K(17472K)->282K(17472K)
[411.166s][info][gc,heap        ] GC(2793) Tenured: 15595K(349568K)->15616K(349568K)
[411.166s][info][gc,metaspace   ] GC(2793) Metaspace: 14290K(15232K)->14290K(15232K) NonClass: 12331K(12928K)->12331K(12928K) Class: 1959K(2304K)->1959K(2304K)
[411.166s][info][gc             ] GC(2793) Pause Young (Allocation Failure) 152M->15M(494M) 32.635ms
[411.166s][info][gc,cpu         ] GC(2793) User=0.02s Sys=0.00s Real=0.03s
[411.279s][info][gc,start       ] GC(2794) Pause Young (Allocation Failure)
[411.311s][info][gc,heap        ] GC(2794) DefNew: 140058K(157248K)->278K(157248K) Eden: 139776K(139776K)->0K(139776K) From: 282K(17472K)->278K(17472K)
[411.311s][info][gc,heap        ] GC(2794) Tenured: 15616K(349568K)->15637K(349568K)
[411.311s][info][gc,metaspace   ] GC(2794) Metaspace: 14290K(15232K)->14290K(15232K) NonClass: 12331K(12928K)->12331K(12928K) Class: 1959K(2304K)->1959K(2304K)
[411.311s][info][gc             ] GC(2794) Pause Young (Allocation Failure) 152M->15M(494M) 32.075ms
[411.311s][info][gc,cpu         ] GC(2794) User=0.02s Sys=0.00s Real=0.02s
[411.425s][info][gc,start       ] GC(2795) Pause Young (Allocation Failure)
[411.458s][info][gc,heap        ] GC(2795) DefNew: 140054K(157248K)->277K(157248K) Eden: 139776K(139776K)->0K(139776K) From: 278K(17472K)->277K(17472K)
[411.458s][info][gc,heap        ] GC(2795) Tenured: 15637K(349568K)->15657K(349568K)
[411.458s][info][gc,metaspace   ] GC(2795) Metaspace: 14290K(15232K)->14290K(15232K) NonClass: 12331K(12928K)->12331K(12928K) Class: 1959K(2304K)->1959K(2304K)
[411.458s][info][gc             ] GC(2795) Pause Young (Allocation Failure) 152M->15M(494M) 33.240ms
[411.458s][info][gc,cpu         ] GC(2795) User=0.02s Sys=0.00s Real=0.02s
[411.573s][info][gc,start       ] GC(2796) Pause Young (Allocation Failure)
[411.605s][info][gc,heap        ] GC(2796) DefNew: 140053K(157248K)->278K(157248K) Eden: 139776K(139776K)->0K(139776K) From: 277K(17472K)->278K(17472K)
[411.605s][info][gc,heap        ] GC(2796) Tenured: 15657K(349568K)->15675K(349568K)
[411.605s][info][gc,metaspace   ] GC(2796) Metaspace: 14290K(15232K)->14290K(15232K) NonClass: 12331K(12928K)->12331K(12928K) Class: 1959K(2304K)->1959K(2304K)
[411.605s][info][gc             ] GC(2796) Pause Young (Allocation Failure) 152M->15M(494M) 32.926ms
[411.605s][info][gc,cpu         ] GC(2796) User=0.03s Sys=0.00s Real=0.03s
[411.721s][info][gc,start       ] GC(2797) Pause Young (Allocation Failure)
[411.754s][info][gc,heap        ] GC(2797) DefNew: 140054K(157248K)->278K(157248K) Eden: 139776K(139776K)->0K(139776K) From: 278K(17472K)->278K(17472K)
[411.754s][info][gc,heap        ] GC(2797) Tenured: 15675K(349568K)->15693K(349568K)
[411.754s][info][gc,metaspace   ] GC(2797) Metaspace: 14290K(15232K)->14290K(15232K) NonClass: 12331K(12928K)->12331K(12928K) Class: 1959K(2304K)->1959K(2304K)
[411.754s][info][gc             ] GC(2797) Pause Young (Allocation Failure) 152M->15M(494M) 32.904ms
[411.754s][info][gc,cpu         ] GC(2797) User=0.03s Sys=0.00s Real=0.03s
[411.867s][info][gc,start       ] GC(2798) Pause Young (Allocation Failure)
[411.900s][info][gc,heap        ] GC(2798) DefNew: 140054K(157248K)->275K(157248K) Eden: 139776K(139776K)->0K(139776K) From: 278K(17472K)->275K(17472K)
[411.900s][info][gc,heap        ] GC(2798) Tenured: 15693K(349568K)->15714K(349568K)
[411.900s][info][gc,metaspace   ] GC(2798) Metaspace: 14290K(15232K)->14290K(15232K) NonClass: 12331K(12928K)->12331K(12928K) Class: 1959K(2304K)->1959K(2304K)
[411.900s][info][gc             ] GC(2798) Pause Young (Allocation Failure) 152M->15M(494M) 33.637ms
[411.900s][info][gc,cpu         ] GC(2798) User=0.02s Sys=0.00s Real=0.02s
[412.014s][info][gc,start       ] GC(2799) Pause Young (Allocation Failure)
[412.049s][info][gc,heap        ] GC(2799) DefNew: 140051K(157248K)->279K(157248K) Eden: 139776K(139776K)->0K(139776K) From: 275K(17472K)->279K(17472K)
[412.049s][info][gc,heap        ] GC(2799) Tenured: 15714K(349568K)->15731K(349568K)
[412.049s][info][gc,metaspace   ] GC(2799) Metaspace: 14290K(15232K)->14290K(15232K) NonClass: 12331K(12928K)->12331K(12928K) Class: 1959K(2304K)->1959K(2304K)
[412.049s][info][gc             ] GC(2799) Pause Young (Allocation Failure) 152M->15M(494M) 34.750ms
[412.049s][info][gc,cpu         ] GC(2799) User=0.03s Sys=0.00s Real=0.03s
[412.164s][info][gc,start       ] GC(2800) Pause Young (Allocation Failure)
[412.198s][info][gc,heap        ] GC(2800) DefNew: 140055K(157248K)->279K(157248K) Eden: 139776K(139776K)->0K(139776K) From: 279K(17472K)->279K(17472K)
[412.198s][info][gc,heap        ] GC(2800) Tenured: 15731K(349568K)->15752K(349568K)
[412.198s][info][gc,metaspace   ] GC(2800) Metaspace: 14290K(15232K)->14290K(15232K) NonClass: 12331K(12928K)->12331K(12928K) Class: 1959K(2304K)->1959K(2304K)
[412.198s][info][gc             ] GC(2800) Pause Young (Allocation Failure) 152M->15M(494M) 34.348ms
[412.198s][info][gc,cpu         ] GC(2800) User=0.03s Sys=0.00s Real=0.03s
[412.315s][info][gc,start       ] GC(2801) Pause Young (Allocation Failure)
[412.350s][info][gc,heap        ] GC(2801) DefNew: 140055K(157248K)->282K(157248K) Eden: 139776K(139776K)->0K(139776K) From: 279K(17472K)->282K(17472K)
[412.350s][info][gc,heap        ] GC(2801) Tenured: 15752K(349568K)->15770K(349568K)
[412.350s][info][gc,metaspace   ] GC(2801) Metaspace: 14290K(15232K)->14290K(15232K) NonClass: 12331K(12928K)->12331K(12928K) Class: 1959K(2304K)->1959K(2304K)
[412.350s][info][gc             ] GC(2801) Pause Young (Allocation Failure) 152M->15M(494M) 35.584ms
[412.350s][info][gc,cpu         ] GC(2801) User=0.03s Sys=0.00s Real=0.03s
[412.466s][info][gc,start       ] GC(2802) Pause Young (Allocation Failure)
[412.501s][info][gc,heap        ] GC(2802) DefNew: 140058K(157248K)->284K(157248K) Eden: 139776K(139776K)->0K(139776K) From: 282K(17472K)->284K(17472K)
[412.501s][info][gc,heap        ] GC(2802) Tenured: 15770K(349568K)->15787K(349568K)
[412.501s][info][gc,metaspace   ] GC(2802) Metaspace: 14290K(15232K)->14290K(15232K) NonClass: 12331K(12928K)->12331K(12928K) Class: 1959K(2304K)->1959K(2304K)
[412.501s][info][gc             ] GC(2802) Pause Young (Allocation Failure) 152M->15M(494M) 35.157ms
[412.501s][info][gc,cpu         ] GC(2802) User=0.03s Sys=0.00s Real=0.03s
[412.615s][info][gc,start       ] GC(2803) Pause Young (Allocation Failure)
[412.651s][info][gc,heap        ] GC(2803) DefNew: 140060K(157248K)->284K(157248K) Eden: 139776K(139776K)->0K(139776K) From: 284K(17472K)->284K(17472K)
[412.651s][info][gc,heap        ] GC(2803) Tenured: 15787K(349568K)->15805K(349568K)
[412.651s][info][gc,metaspace   ] GC(2803) Metaspace: 14290K(15232K)->14290K(15232K) NonClass: 12331K(12928K)->12331K(12928K) Class: 1959K(2304K)->1959K(2304K)
[412.651s][info][gc             ] GC(2803) Pause Young (Allocation Failure) 152M->15M(494M) 35.969ms
[412.651s][info][gc,cpu         ] GC(2803) User=0.05s Sys=0.00s Real=0.04s
[412.765s][info][gc,start       ] GC(2804) Pause Young (Allocation Failure)
[412.800s][info][gc,heap        ] GC(2804) DefNew: 140060K(157248K)->288K(157248K) Eden: 139776K(139776K)->0K(139776K) From: 284K(17472K)->288K(17472K)
[412.800s][info][gc,heap        ] GC(2804) Tenured: 15805K(349568K)->15819K(349568K)
[412.800s][info][gc,metaspace   ] GC(2804) Metaspace: 14290K(15232K)->14290K(15232K) NonClass: 12331K(12928K)->12331K(12928K) Class: 1959K(2304K)->1959K(2304K)
[412.800s][info][gc             ] GC(2804) Pause Young (Allocation Failure) 152M->15M(494M) 35.016ms
[412.800s][info][gc,cpu         ] GC(2804) User=0.03s Sys=0.00s Real=0.04s
[412.913s][info][gc,start       ] GC(2805) Pause Young (Allocation Failure)
[412.948s][info][gc,heap        ] GC(2805) DefNew: 140064K(157248K)->287K(157248K) Eden: 139776K(139776K)->0K(139776K) From: 288K(17472K)->287K(17472K)
[412.948s][info][gc,heap        ] GC(2805) Tenured: 15819K(349568K)->15837K(349568K)
[412.948s][info][gc,metaspace   ] GC(2805) Metaspace: 14290K(15232K)->14290K(15232K) NonClass: 12331K(12928K)->12331K(12928K) Class: 1959K(2304K)->1959K(2304K)
[412.948s][info][gc             ] GC(2805) Pause Young (Allocation Failure) 152M->15M(494M) 35.480ms
[412.948s][info][gc,cpu         ] GC(2805) User=0.02s Sys=0.00s Real=0.02s
[413.171s][info][gc,start       ] GC(2806) Pause Young (Allocation Failure)
[413.205s][info][gc,heap        ] GC(2806) DefNew: 140063K(157248K)->289K(157248K) Eden: 139776K(139776K)->0K(139776K) From: 287K(17472K)->289K(17472K)
[413.205s][info][gc,heap        ] GC(2806) Tenured: 15837K(349568K)->15855K(349568K)
[413.205s][info][gc,metaspace   ] GC(2806) Metaspace: 14290K(15232K)->14290K(15232K) NonClass: 12331K(12928K)->12331K(12928K) Class: 1959K(2304K)->1959K(2304K)
[413.205s][info][gc             ] GC(2806) Pause Young (Allocation Failure) 152M->15M(494M) 33.452ms
[413.205s][info][gc,cpu         ] GC(2806) User=0.03s Sys=0.00s Real=0.03s
[413.323s][info][gc,start       ] GC(2807) Pause Young (Allocation Failure)
[413.348s][info][gc,heap        ] GC(2807) DefNew: 140065K(157248K)->291K(157248K) Eden: 139776K(139776K)->0K(139776K) From: 289K(17472K)->291K(17472K)
[413.348s][info][gc,heap        ] GC(2807) Tenured: 15855K(349568K)->15872K(349568K)
[413.348s][info][gc,metaspace   ] GC(2807) Metaspace: 14290K(15232K)->14290K(15232K) NonClass: 12331K(12928K)->12331K(12928K) Class: 1959K(2304K)->1959K(2304K)
[413.349s][info][gc             ] GC(2807) Pause Young (Allocation Failure) 152M->15M(494M) 25.459ms
[413.349s][info][gc,cpu         ] GC(2807) User=0.02s Sys=0.00s Real=0.02s
[413.460s][info][gc,start       ] GC(2808) Pause Young (Allocation Failure)
[413.484s][info][gc,heap        ] GC(2808) DefNew: 140067K(157248K)->291K(157248K) Eden: 139776K(139776K)->0K(139776K) From: 291K(17472K)->291K(17472K)
[413.484s][info][gc,heap        ] GC(2808) Tenured: 15872K(349568K)->15890K(349568K)
[413.484s][info][gc,metaspace   ] GC(2808) Metaspace: 14290K(15232K)->14290K(15232K) NonClass: 12331K(12928K)->12331K(12928K) Class: 1959K(2304K)->1959K(2304K)
[413.484s][info][gc             ] GC(2808) Pause Young (Allocation Failure) 152M->15M(494M) 24.143ms
[413.485s][info][gc,cpu         ] GC(2808) User=0.02s Sys=0.00s Real=0.02s
[413.599s][info][gc,start       ] GC(2809) Pause Young (Allocation Failure)
[413.622s][info][gc,heap        ] GC(2809) DefNew: 140067K(157248K)->292K(157248K) Eden: 139776K(139776K)->0K(139776K) From: 291K(17472K)->292K(17472K)
[413.622s][info][gc,heap        ] GC(2809) Tenured: 15890K(349568K)->15908K(349568K)
[413.622s][info][gc,metaspace   ] GC(2809) Metaspace: 14290K(15232K)->14290K(15232K) NonClass: 12331K(12928K)->12331K(12928K) Class: 1959K(2304K)->1959K(2304K)
[413.622s][info][gc             ] GC(2809) Pause Young (Allocation Failure) 152M->15M(494M) 22.852ms
[413.622s][info][gc,cpu         ] GC(2809) User=0.02s Sys=0.00s Real=0.02s
[413.740s][info][gc,start       ] GC(2810) Pause Young (Allocation Failure)
[413.762s][info][gc,heap        ] GC(2810) DefNew: 140068K(157248K)->293K(157248K) Eden: 139776K(139776K)->0K(139776K) From: 292K(17472K)->293K(17472K)
[413.762s][info][gc,heap        ] GC(2810) Tenured: 15908K(349568K)->15926K(349568K)
[413.762s][info][gc,metaspace   ] GC(2810) Metaspace: 14290K(15232K)->14290K(15232K) NonClass: 12331K(12928K)->12331K(12928K) Class: 1959K(2304K)->1959K(2304K)
[413.762s][info][gc             ] GC(2810) Pause Young (Allocation Failure) 152M->15M(494M) 22.393ms
[413.762s][info][gc,cpu         ] GC(2810) User=0.02s Sys=0.00s Real=0.01s
[413.886s][info][gc,start       ] GC(2811) Pause Young (Allocation Failure)
[413.908s][info][gc,heap        ] GC(2811) DefNew: 140069K(157248K)->295K(157248K) Eden: 139776K(139776K)->0K(139776K) From: 293K(17472K)->295K(17472K)
[413.908s][info][gc,heap        ] GC(2811) Tenured: 15926K(349568K)->15945K(349568K)
[413.909s][info][gc,metaspace   ] GC(2811) Metaspace: 14290K(15232K)->14290K(15232K) NonClass: 12331K(12928K)->12331K(12928K) Class: 1959K(2304K)->1959K(2304K)
[413.909s][info][gc             ] GC(2811) Pause Young (Allocation Failure) 152M->15M(494M) 22.272ms
[413.909s][info][gc,cpu         ] GC(2811) User=0.02s Sys=0.00s Real=0.02s
[414.023s][info][gc,start       ] GC(2812) Pause Young (Allocation Failure)
[414.045s][info][gc,heap        ] GC(2812) DefNew: 140071K(157248K)->297K(157248K) Eden: 139776K(139776K)->0K(139776K) From: 295K(17472K)->297K(17472K)
[414.045s][info][gc,heap        ] GC(2812) Tenured: 15945K(349568K)->15963K(349568K)
[414.045s][info][gc,metaspace   ] GC(2812) Metaspace: 14290K(15232K)->14290K(15232K) NonClass: 12331K(12928K)->12331K(12928K) Class: 1959K(2304K)->1959K(2304K)
[414.045s][info][gc             ] GC(2812) Pause Young (Allocation Failure) 152M->15M(494M) 21.914ms
[414.045s][info][gc,cpu         ] GC(2812) User=0.02s Sys=0.00s Real=0.02s
[414.157s][info][gc,start       ] GC(2813) Pause Young (Allocation Failure)
[414.179s][info][gc,heap        ] GC(2813) DefNew: 140073K(157248K)->299K(157248K) Eden: 139776K(139776K)->0K(139776K) From: 297K(17472K)->299K(17472K)
[414.179s][info][gc,heap        ] GC(2813) Tenured: 15963K(349568K)->15981K(349568K)
[414.179s][info][gc,metaspace   ] GC(2813) Metaspace: 14290K(15232K)->14290K(15232K) NonClass: 12331K(12928K)->12331K(12928K) Class: 1959K(2304K)->1959K(2304K)
[414.179s][info][gc             ] GC(2813) Pause Young (Allocation Failure) 152M->15M(494M) 22.628ms
[414.179s][info][gc,cpu         ] GC(2813) User=0.02s Sys=0.00s Real=0.02s
[414.292s][info][gc,start       ] GC(2814) Pause Young (Allocation Failure)
[414.315s][info][gc,heap        ] GC(2814) DefNew: 140075K(157248K)->295K(157248K) Eden: 139776K(139776K)->0K(139776K) From: 299K(17472K)->295K(17472K)
[414.315s][info][gc,heap        ] GC(2814) Tenured: 15981K(349568K)->16001K(349568K)
[414.315s][info][gc,metaspace   ] GC(2814) Metaspace: 14290K(15232K)->14290K(15232K) NonClass: 12331K(12928K)->12331K(12928K) Class: 1959K(2304K)->1959K(2304K)
[414.315s][info][gc             ] GC(2814) Pause Young (Allocation Failure) 152M->15M(494M) 23.057ms
[414.315s][info][gc,cpu         ] GC(2814) User=0.02s Sys=0.00s Real=0.02s
[414.425s][info][gc,start       ] GC(2815) Pause Young (Allocation Failure)
[414.455s][info][gc,heap        ] GC(2815) DefNew: 140071K(157248K)->292K(157248K) Eden: 139776K(139776K)->0K(139776K) From: 295K(17472K)->292K(17472K)
[414.455s][info][gc,heap        ] GC(2815) Tenured: 16001K(349568K)->16022K(349568K)
[414.455s][info][gc,metaspace   ] GC(2815) Metaspace: 14290K(15232K)->14290K(15232K) NonClass: 12331K(12928K)->12331K(12928K) Class: 1959K(2304K)->1959K(2304K)
[414.455s][info][gc             ] GC(2815) Pause Young (Allocation Failure) 152M->15M(494M) 30.415ms
[414.455s][info][gc,cpu         ] GC(2815) User=0.02s Sys=0.00s Real=0.02s
[414.569s][info][gc,start       ] GC(2816) Pause Young (Allocation Failure)
[414.600s][info][gc,heap        ] GC(2816) DefNew: 140068K(157248K)->289K(157248K) Eden: 139776K(139776K)->0K(139776K) From: 292K(17472K)->289K(17472K)
[414.600s][info][gc,heap        ] GC(2816) Tenured: 16022K(349568K)->16043K(349568K)
[414.600s][info][gc,metaspace   ] GC(2816) Metaspace: 14290K(15232K)->14290K(15232K) NonClass: 12331K(12928K)->12331K(12928K) Class: 1959K(2304K)->1959K(2304K)
[414.600s][info][gc             ] GC(2816) Pause Young (Allocation Failure) 152M->15M(494M) 31.047ms
[414.600s][info][gc,cpu         ] GC(2816) User=0.03s Sys=0.00s Real=0.02s
[414.713s][info][gc,start       ] GC(2817) Pause Young (Allocation Failure)
[414.744s][info][gc,heap        ] GC(2817) DefNew: 140065K(157248K)->286K(157248K) Eden: 139776K(139776K)->0K(139776K) From: 289K(17472K)->286K(17472K)
[414.744s][info][gc,heap        ] GC(2817) Tenured: 16043K(349568K)->16063K(349568K)
[414.744s][info][gc,metaspace   ] GC(2817) Metaspace: 14290K(15232K)->14290K(15232K) NonClass: 12331K(12928K)->12331K(12928K) Class: 1959K(2304K)->1959K(2304K)
[414.744s][info][gc             ] GC(2817) Pause Young (Allocation Failure) 152M->15M(494M) 31.005ms
[414.744s][info][gc,cpu         ] GC(2817) User=0.02s Sys=0.00s Real=0.02s
[414.856s][info][gc,start       ] GC(2818) Pause Young (Allocation Failure)
[414.887s][info][gc,heap        ] GC(2818) DefNew: 140062K(157248K)->286K(157248K) Eden: 139776K(139776K)->0K(139776K) From: 286K(17472K)->286K(17472K)
[414.887s][info][gc,heap        ] GC(2818) Tenured: 16063K(349568K)->16081K(349568K)
[414.887s][info][gc,metaspace   ] GC(2818) Metaspace: 14290K(15232K)->14290K(15232K) NonClass: 12331K(12928K)->12331K(12928K) Class: 1959K(2304K)->1959K(2304K)
[414.887s][info][gc             ] GC(2818) Pause Young (Allocation Failure) 152M->15M(494M) 30.950ms
[414.887s][info][gc,cpu         ] GC(2818) User=0.02s Sys=0.00s Real=0.02s
[415.001s][info][gc,start       ] GC(2819) Pause Young (Allocation Failure)
[415.032s][info][gc,heap        ] GC(2819) DefNew: 140062K(157248K)->287K(157248K) Eden: 139776K(139776K)->0K(139776K) From: 286K(17472K)->287K(17472K)
[415.032s][info][gc,heap        ] GC(2819) Tenured: 16081K(349568K)->16099K(349568K)
[415.032s][info][gc,metaspace   ] GC(2819) Metaspace: 14290K(15232K)->14290K(15232K) NonClass: 12331K(12928K)->12331K(12928K) Class: 1959K(2304K)->1959K(2304K)
[415.032s][info][gc             ] GC(2819) Pause Young (Allocation Failure) 152M->16M(494M) 31.435ms
[415.032s][info][gc,cpu         ] GC(2819) User=0.02s Sys=0.00s Real=0.02s
[415.149s][info][gc,start       ] GC(2820) Pause Young (Allocation Failure)
[415.180s][info][gc,heap        ] GC(2820) DefNew: 140063K(157248K)->290K(157248K) Eden: 139776K(139776K)->0K(139776K) From: 287K(17472K)->290K(17472K)
[415.180s][info][gc,heap        ] GC(2820) Tenured: 16099K(349568K)->16117K(349568K)
[415.181s][info][gc,metaspace   ] GC(2820) Metaspace: 14290K(15232K)->14290K(15232K) NonClass: 12331K(12928K)->12331K(12928K) Class: 1959K(2304K)->1959K(2304K)
[415.181s][info][gc             ] GC(2820) Pause Young (Allocation Failure) 152M->16M(494M) 31.794ms
[415.181s][info][gc,cpu         ] GC(2820) User=0.03s Sys=0.00s Real=0.03s
[415.294s][info][gc,start       ] GC(2821) Pause Young (Allocation Failure)
[415.326s][info][gc,heap        ] GC(2821) DefNew: 140066K(157248K)->290K(157248K) Eden: 139776K(139776K)->0K(139776K) From: 290K(17472K)->290K(17472K)
[415.326s][info][gc,heap        ] GC(2821) Tenured: 16117K(349568K)->16134K(349568K)
[415.326s][info][gc,metaspace   ] GC(2821) Metaspace: 14290K(15232K)->14290K(15232K) NonClass: 12331K(12928K)->12331K(12928K) Class: 1959K(2304K)->1959K(2304K)
[415.326s][info][gc             ] GC(2821) Pause Young (Allocation Failure) 152M->16M(494M) 32.045ms
[415.326s][info][gc,cpu         ] GC(2821) User=0.03s Sys=0.00s Real=0.03s
[415.440s][info][gc,start       ] GC(2822) Pause Young (Allocation Failure)
[415.474s][info][gc,heap        ] GC(2822) DefNew: 140066K(157248K)->289K(157248K) Eden: 139776K(139776K)->0K(139776K) From: 290K(17472K)->289K(17472K)
[415.521s][info][gc,heap        ] GC(2822) Tenured: 16134K(349568K)->16155K(349568K)
[415.521s][info][gc,metaspace   ] GC(2822) Metaspace: 14290K(15232K)->14290K(15232K) NonClass: 12331K(12928K)->12331K(12928K) Class: 1959K(2304K)->1959K(2304K)
[415.521s][info][gc             ] GC(2822) Pause Young (Allocation Failure) 152M->16M(494M) 80.987ms
[415.521s][info][gc,cpu         ] GC(2822) User=0.03s Sys=0.00s Real=0.08s
[415.637s][info][gc,start       ] GC(2823) Pause Young (Allocation Failure)
[415.661s][info][gc,heap        ] GC(2823) DefNew: 140065K(157248K)->289K(157248K) Eden: 139776K(139776K)->0K(139776K) From: 289K(17472K)->289K(17472K)
[415.661s][info][gc,heap        ] GC(2823) Tenured: 16155K(349568K)->16173K(349568K)
[415.661s][info][gc,metaspace   ] GC(2823) Metaspace: 14290K(15232K)->14290K(15232K) NonClass: 12331K(12928K)->12331K(12928K) Class: 1959K(2304K)->1959K(2304K)
[415.661s][info][gc             ] GC(2823) Pause Young (Allocation Failure) 152M->16M(494M) 24.228ms
[415.661s][info][gc,cpu         ] GC(2823) User=0.02s Sys=0.00s Real=0.02s
[415.771s][info][gc,start       ] GC(2824) Pause Young (Allocation Failure)
[415.804s][info][gc,heap        ] GC(2824) DefNew: 140065K(157248K)->288K(157248K) Eden: 139776K(139776K)->0K(139776K) From: 289K(17472K)->288K(17472K)
[415.804s][info][gc,heap        ] GC(2824) Tenured: 16173K(349568K)->16191K(349568K)
[415.804s][info][gc,metaspace   ] GC(2824) Metaspace: 14290K(15232K)->14290K(15232K) NonClass: 12331K(12928K)->12331K(12928K) Class: 1959K(2304K)->1959K(2304K)
[415.804s][info][gc             ] GC(2824) Pause Young (Allocation Failure) 152M->16M(494M) 33.133ms
[415.804s][info][gc,cpu         ] GC(2824) User=0.05s Sys=0.00s Real=0.03s
[415.919s][info][gc,start       ] GC(2825) Pause Young (Allocation Failure)
[415.953s][info][gc,heap        ] GC(2825) DefNew: 140064K(157248K)->289K(157248K) Eden: 139776K(139776K)->0K(139776K) From: 288K(17472K)->289K(17472K)
[415.953s][info][gc,heap        ] GC(2825) Tenured: 16191K(349568K)->16211K(349568K)
[415.953s][info][gc,metaspace   ] GC(2825) Metaspace: 14290K(15232K)->14290K(15232K) NonClass: 12331K(12928K)->12331K(12928K) Class: 1959K(2304K)->1959K(2304K)
[415.953s][info][gc             ] GC(2825) Pause Young (Allocation Failure) 152M->16M(494M) 34.549ms
[415.953s][info][gc,cpu         ] GC(2825) User=0.03s Sys=0.00s Real=0.03s
[416.066s][info][gc,start       ] GC(2826) Pause Young (Allocation Failure)
[416.092s][info][gc,heap        ] GC(2826) DefNew: 140065K(157248K)->286K(157248K) Eden: 139776K(139776K)->0K(139776K) From: 289K(17472K)->286K(17472K)
[416.092s][info][gc,heap        ] GC(2826) Tenured: 16211K(349568K)->16232K(349568K)
[416.092s][info][gc,metaspace   ] GC(2826) Metaspace: 14290K(15232K)->14290K(15232K) NonClass: 12331K(12928K)->12331K(12928K) Class: 1959K(2304K)->1959K(2304K)
[416.092s][info][gc             ] GC(2826) Pause Young (Allocation Failure) 152M->16M(494M) 26.091ms
[416.092s][info][gc,cpu         ] GC(2826) User=0.03s Sys=0.00s Real=0.02s
[416.205s][info][gc,start       ] GC(2827) Pause Young (Allocation Failure)
[416.229s][info][gc,heap        ] GC(2827) DefNew: 140062K(157248K)->284K(157248K) Eden: 139776K(139776K)->0K(139776K) From: 286K(17472K)->284K(17472K)
[416.230s][info][gc,heap        ] GC(2827) Tenured: 16232K(349568K)->16253K(349568K)
[416.230s][info][gc,metaspace   ] GC(2827) Metaspace: 14290K(15232K)->14290K(15232K) NonClass: 12331K(12928K)->12331K(12928K) Class: 1959K(2304K)->1959K(2304K)
[416.230s][info][gc             ] GC(2827) Pause Young (Allocation Failure) 152M->16M(494M) 25.023ms
[416.230s][info][gc,cpu         ] GC(2827) User=0.02s Sys=0.00s Real=0.02s
[416.342s][info][gc,start       ] GC(2828) Pause Young (Allocation Failure)
[416.376s][info][gc,heap        ] GC(2828) DefNew: 140060K(157248K)->287K(157248K) Eden: 139776K(139776K)->0K(139776K) From: 284K(17472K)->287K(17472K)
[416.376s][info][gc,heap        ] GC(2828) Tenured: 16253K(349568K)->16270K(349568K)
[416.376s][info][gc,metaspace   ] GC(2828) Metaspace: 14290K(15232K)->14290K(15232K) NonClass: 12331K(12928K)->12331K(12928K) Class: 1959K(2304K)->1959K(2304K)
[416.376s][info][gc             ] GC(2828) Pause Young (Allocation Failure) 152M->16M(494M) 34.137ms
[416.376s][info][gc,cpu         ] GC(2828) User=0.03s Sys=0.00s Real=0.03s
[416.490s][info][gc,start       ] GC(2829) Pause Young (Allocation Failure)
[416.526s][info][gc,heap        ] GC(2829) DefNew: 140063K(157248K)->291K(157248K) Eden: 139776K(139776K)->0K(139776K) From: 287K(17472K)->291K(17472K)
[416.526s][info][gc,heap        ] GC(2829) Tenured: 16270K(349568K)->16288K(349568K)
[416.526s][info][gc,metaspace   ] GC(2829) Metaspace: 14290K(15232K)->14290K(15232K) NonClass: 12331K(12928K)->12331K(12928K) Class: 1959K(2304K)->1959K(2304K)
[416.526s][info][gc             ] GC(2829) Pause Young (Allocation Failure) 152M->16M(494M) 36.198ms
[416.526s][info][gc,cpu         ] GC(2829) User=0.05s Sys=0.00s Real=0.03s
[416.642s][info][gc,start       ] GC(2830) Pause Young (Allocation Failure)
[416.668s][info][gc,heap        ] GC(2830) DefNew: 140067K(157248K)->294K(157248K) Eden: 139776K(139776K)->0K(139776K) From: 291K(17472K)->294K(17472K)
[416.668s][info][gc,heap        ] GC(2830) Tenured: 16288K(349568K)->16306K(349568K)
[416.668s][info][gc,metaspace   ] GC(2830) Metaspace: 14290K(15232K)->14290K(15232K) NonClass: 12331K(12928K)->12331K(12928K) Class: 1959K(2304K)->1959K(2304K)
[416.668s][info][gc             ] GC(2830) Pause Young (Allocation Failure) 152M->16M(494M) 25.588ms
[416.668s][info][gc,cpu         ] GC(2830) User=0.02s Sys=0.00s Real=0.01s
[416.780s][info][gc,start       ] GC(2831) Pause Young (Allocation Failure)
[416.816s][info][gc,heap        ] GC(2831) DefNew: 140070K(157248K)->293K(157248K) Eden: 139776K(139776K)->0K(139776K) From: 294K(17472K)->293K(17472K)
[416.816s][info][gc,heap        ] GC(2831) Tenured: 16306K(349568K)->16324K(349568K)
[416.816s][info][gc,metaspace   ] GC(2831) Metaspace: 14290K(15232K)->14290K(15232K) NonClass: 12331K(12928K)->12331K(12928K) Class: 1959K(2304K)->1959K(2304K)
[416.816s][info][gc             ] GC(2831) Pause Young (Allocation Failure) 152M->16M(494M) 35.428ms
[416.816s][info][gc,cpu         ] GC(2831) User=0.03s Sys=0.00s Real=0.03s
[416.932s][info][gc,start       ] GC(2832) Pause Young (Allocation Failure)
[416.968s][info][gc,heap        ] GC(2832) DefNew: 140069K(157248K)->296K(157248K) Eden: 139776K(139776K)->0K(139776K) From: 293K(17472K)->296K(17472K)
[416.968s][info][gc,heap        ] GC(2832) Tenured: 16324K(349568K)->16341K(349568K)
[416.968s][info][gc,metaspace   ] GC(2832) Metaspace: 14290K(15232K)->14290K(15232K) NonClass: 12331K(12928K)->12331K(12928K) Class: 1959K(2304K)->1959K(2304K)
[416.968s][info][gc             ] GC(2832) Pause Young (Allocation Failure) 152M->16M(494M) 35.666ms
[416.968s][info][gc,cpu         ] GC(2832) User=0.03s Sys=0.00s Real=0.04s
[417.082s][info][gc,start       ] GC(2833) Pause Young (Allocation Failure)
[417.117s][info][gc,heap        ] GC(2833) DefNew: 140072K(157248K)->296K(157248K) Eden: 139776K(139776K)->0K(139776K) From: 296K(17472K)->296K(17472K)
[417.117s][info][gc,heap        ] GC(2833) Tenured: 16341K(349568K)->16359K(349568K)
[417.117s][info][gc,metaspace   ] GC(2833) Metaspace: 14290K(15232K)->14290K(15232K) NonClass: 12331K(12928K)->12331K(12928K) Class: 1959K(2304K)->1959K(2304K)
[417.117s][info][gc             ] GC(2833) Pause Young (Allocation Failure) 152M->16M(494M) 35.351ms
[417.118s][info][gc,cpu         ] GC(2833) User=0.03s Sys=0.00s Real=0.03s
[417.282s][info][gc,start       ] GC(2834) Pause Young (Allocation Failure)
[417.324s][info][gc,heap        ] GC(2834) DefNew: 140072K(157248K)->296K(157248K) Eden: 139776K(139776K)->0K(139776K) From: 296K(17472K)->296K(17472K)
[417.324s][info][gc,heap        ] GC(2834) Tenured: 16359K(349568K)->16377K(349568K)
[417.324s][info][gc,metaspace   ] GC(2834) Metaspace: 14290K(15232K)->14290K(15232K) NonClass: 12331K(12928K)->12331K(12928K) Class: 1959K(2304K)->1959K(2304K)
[417.324s][info][gc             ] GC(2834) Pause Young (Allocation Failure) 152M->16M(494M) 42.274ms
[417.324s][info][gc,cpu         ] GC(2834) User=0.03s Sys=0.00s Real=0.03s
[417.444s][info][gc,start       ] GC(2835) Pause Young (Allocation Failure)
[417.478s][info][gc,heap        ] GC(2835) DefNew: 140072K(157248K)->296K(157248K) Eden: 139775K(139776K)->0K(139776K) From: 296K(17472K)->296K(17472K)
[417.478s][info][gc,heap        ] GC(2835) Tenured: 16377K(349568K)->16398K(349568K)
[417.478s][info][gc,metaspace   ] GC(2835) Metaspace: 14290K(15232K)->14290K(15232K) NonClass: 12331K(12928K)->12331K(12928K) Class: 1959K(2304K)->1959K(2304K)
[417.478s][info][gc             ] GC(2835) Pause Young (Allocation Failure) 152M->16M(494M) 33.894ms
[417.478s][info][gc,cpu         ] GC(2835) User=0.03s Sys=0.00s Real=0.03s
[417.606s][info][gc,start       ] GC(2836) Pause Young (Allocation Failure)
[417.638s][info][gc,heap        ] GC(2836) DefNew: 140072K(157248K)->303K(157248K) Eden: 139776K(139776K)->0K(139776K) From: 296K(17472K)->303K(17472K)
[417.638s][info][gc,heap        ] GC(2836) Tenured: 16398K(349568K)->16416K(349568K)
[417.638s][info][gc,metaspace   ] GC(2836) Metaspace: 14290K(15232K)->14290K(15232K) NonClass: 12331K(12928K)->12331K(12928K) Class: 1959K(2304K)->1959K(2304K)
[417.638s][info][gc             ] GC(2836) Pause Young (Allocation Failure) 152M->16M(494M) 32.409ms
[417.638s][info][gc,cpu         ] GC(2836) User=0.03s Sys=0.00s Real=0.03s
[417.756s][info][gc,start       ] GC(2837) Pause Young (Allocation Failure)
[417.787s][info][gc,heap        ] GC(2837) DefNew: 140079K(157248K)->300K(157248K) Eden: 139776K(139776K)->0K(139776K) From: 303K(17472K)->300K(17472K)
[417.787s][info][gc,heap        ] GC(2837) Tenured: 16416K(349568K)->16436K(349568K)
[417.787s][info][gc,metaspace   ] GC(2837) Metaspace: 14290K(15232K)->14290K(15232K) NonClass: 12331K(12928K)->12331K(12928K) Class: 1959K(2304K)->1959K(2304K)
[417.787s][info][gc             ] GC(2837) Pause Young (Allocation Failure) 152M->16M(494M) 30.745ms
[417.787s][info][gc,cpu         ] GC(2837) User=0.03s Sys=0.00s Real=0.03s
[417.903s][info][gc,start       ] GC(2838) Pause Young (Allocation Failure)
[417.931s][info][gc,heap        ] GC(2838) DefNew: 140076K(157248K)->301K(157248K) Eden: 139775K(139776K)->0K(139776K) From: 300K(17472K)->301K(17472K)
[417.931s][info][gc,heap        ] GC(2838) Tenured: 16436K(349568K)->16454K(349568K)
[417.931s][info][gc,metaspace   ] GC(2838) Metaspace: 14290K(15232K)->14290K(15232K) NonClass: 12331K(12928K)->12331K(12928K) Class: 1959K(2304K)->1959K(2304K)
[417.931s][info][gc             ] GC(2838) Pause Young (Allocation Failure) 152M->16M(494M) 28.859ms
[417.931s][info][gc,cpu         ] GC(2838) User=0.03s Sys=0.00s Real=0.03s
[418.044s][info][gc,start       ] GC(2839) Pause Young (Allocation Failure)
[418.074s][info][gc,heap        ] GC(2839) DefNew: 140077K(157248K)->300K(157248K) Eden: 139776K(139776K)->0K(139776K) From: 301K(17472K)->300K(17472K)
[418.074s][info][gc,heap        ] GC(2839) Tenured: 16454K(349568K)->16472K(349568K)
[418.074s][info][gc,metaspace   ] GC(2839) Metaspace: 14290K(15232K)->14290K(15232K) NonClass: 12331K(12928K)->12331K(12928K) Class: 1959K(2304K)->1959K(2304K)
[418.074s][info][gc             ] GC(2839) Pause Young (Allocation Failure) 152M->16M(494M) 30.234ms
[418.074s][info][gc,cpu         ] GC(2839) User=0.03s Sys=0.00s Real=0.03s
[418.188s][info][gc,start       ] GC(2840) Pause Young (Allocation Failure)
[418.210s][info][gc,heap        ] GC(2840) DefNew: 140076K(157248K)->297K(157248K) Eden: 139776K(139776K)->0K(139776K) From: 300K(17472K)->297K(17472K)
[418.210s][info][gc,heap        ] GC(2840) Tenured: 16472K(349568K)->16493K(349568K)
[418.210s][info][gc,metaspace   ] GC(2840) Metaspace: 14290K(15232K)->14290K(15232K) NonClass: 12331K(12928K)->12331K(12928K) Class: 1959K(2304K)->1959K(2304K)
[418.210s][info][gc             ] GC(2840) Pause Young (Allocation Failure) 152M->16M(494M) 22.663ms
[418.211s][info][gc,cpu         ] GC(2840) User=0.02s Sys=0.00s Real=0.02s
[418.331s][info][gc,start       ] GC(2841) Pause Young (Allocation Failure)
[418.353s][info][gc,heap        ] GC(2841) DefNew: 140073K(157248K)->300K(157248K) Eden: 139776K(139776K)->0K(139776K) From: 297K(17472K)->300K(17472K)
[418.353s][info][gc,heap        ] GC(2841) Tenured: 16493K(349568K)->16511K(349568K)
[418.353s][info][gc,metaspace   ] GC(2841) Metaspace: 14290K(15232K)->14290K(15232K) NonClass: 12331K(12928K)->12331K(12928K) Class: 1959K(2304K)->1959K(2304K)
[418.353s][info][gc             ] GC(2841) Pause Young (Allocation Failure) 152M->16M(494M) 22.064ms
[418.353s][info][gc,cpu         ] GC(2841) User=0.03s Sys=0.00s Real=0.02s
[418.463s][info][gc,start       ] GC(2842) Pause Young (Allocation Failure)
[418.493s][info][gc,heap        ] GC(2842) DefNew: 140076K(157248K)->299K(157248K) Eden: 139776K(139776K)->0K(139776K) From: 300K(17472K)->299K(17472K)
[418.493s][info][gc,heap        ] GC(2842) Tenured: 16511K(349568K)->16529K(349568K)
[418.493s][info][gc,metaspace   ] GC(2842) Metaspace: 14290K(15232K)->14290K(15232K) NonClass: 12331K(12928K)->12331K(12928K) Class: 1959K(2304K)->1959K(2304K)
[418.493s][info][gc             ] GC(2842) Pause Young (Allocation Failure) 152M->16M(494M) 29.920ms
[418.493s][info][gc,cpu         ] GC(2842) User=0.02s Sys=0.00s Real=0.02s
[418.604s][info][gc,start       ] GC(2843) Pause Young (Allocation Failure)
[418.635s][info][gc,heap        ] GC(2843) DefNew: 140075K(157248K)->297K(157248K) Eden: 139776K(139776K)->0K(139776K) From: 299K(17472K)->297K(17472K)
[418.635s][info][gc,heap        ] GC(2843) Tenured: 16529K(349568K)->16549K(349568K)
[418.635s][info][gc,metaspace   ] GC(2843) Metaspace: 14290K(15232K)->14290K(15232K) NonClass: 12331K(12928K)->12331K(12928K) Class: 1959K(2304K)->1959K(2304K)
[418.635s][info][gc             ] GC(2843) Pause Young (Allocation Failure) 152M->16M(494M) 31.121ms
[418.635s][info][gc,cpu         ] GC(2843) User=0.03s Sys=0.00s Real=0.03s
[418.747s][info][gc,start       ] GC(2844) Pause Young (Allocation Failure)
[418.777s][info][gc,heap        ] GC(2844) DefNew: 140073K(157248K)->293K(157248K) Eden: 139776K(139776K)->0K(139776K) From: 297K(17472K)->293K(17472K)
[418.777s][info][gc,heap        ] GC(2844) Tenured: 16549K(349568K)->16570K(349568K)
[418.777s][info][gc,metaspace   ] GC(2844) Metaspace: 14290K(15232K)->14290K(15232K) NonClass: 12331K(12928K)->12331K(12928K) Class: 1959K(2304K)->1959K(2304K)
[418.777s][info][gc             ] GC(2844) Pause Young (Allocation Failure) 152M->16M(494M) 30.457ms
[418.778s][info][gc,cpu         ] GC(2844) User=0.03s Sys=0.00s Real=0.03s
[418.889s][info][gc,start       ] GC(2845) Pause Young (Allocation Failure)
[418.922s][info][gc,heap        ] GC(2845) DefNew: 140069K(157248K)->290K(157248K) Eden: 139776K(139776K)->0K(139776K) From: 293K(17472K)->290K(17472K)
[418.922s][info][gc,heap        ] GC(2845) Tenured: 16570K(349568K)->16591K(349568K)
[418.922s][info][gc,metaspace   ] GC(2845) Metaspace: 14290K(15232K)->14290K(15232K) NonClass: 12331K(12928K)->12331K(12928K) Class: 1959K(2304K)->1959K(2304K)
[418.922s][info][gc             ] GC(2845) Pause Young (Allocation Failure) 152M->16M(494M) 32.748ms
[418.922s][info][gc,cpu         ] GC(2845) User=0.03s Sys=0.00s Real=0.03s
[419.036s][info][gc,start       ] GC(2846) Pause Young (Allocation Failure)
[419.059s][info][gc,heap        ] GC(2846) DefNew: 140066K(157248K)->290K(157248K) Eden: 139776K(139776K)->0K(139776K) From: 290K(17472K)->290K(17472K)
[419.059s][info][gc,heap        ] GC(2846) Tenured: 16591K(349568K)->16608K(349568K)
[419.059s][info][gc,metaspace   ] GC(2846) Metaspace: 14290K(15232K)->14290K(15232K) NonClass: 12331K(12928K)->12331K(12928K) Class: 1959K(2304K)->1959K(2304K)
[419.059s][info][gc             ] GC(2846) Pause Young (Allocation Failure) 152M->16M(494M) 23.631ms
[419.059s][info][gc,cpu         ] GC(2846) User=0.03s Sys=0.00s Real=0.02s
[419.172s][info][gc,start       ] GC(2847) Pause Young (Allocation Failure)
[419.195s][info][gc,heap        ] GC(2847) DefNew: 140066K(157248K)->290K(157248K) Eden: 139776K(139776K)->0K(139776K) From: 290K(17472K)->290K(17472K)
[419.195s][info][gc,heap        ] GC(2847) Tenured: 16608K(349568K)->16629K(349568K)
[419.195s][info][gc,metaspace   ] GC(2847) Metaspace: 14290K(15232K)->14290K(15232K) NonClass: 12331K(12928K)->12331K(12928K) Class: 1959K(2304K)->1959K(2304K)
[419.195s][info][gc             ] GC(2847) Pause Young (Allocation Failure) 153M->16M(494M) 23.646ms
[419.195s][info][gc,cpu         ] GC(2847) User=0.02s Sys=0.00s Real=0.01s
[419.307s][info][gc,start       ] GC(2848) Pause Young (Allocation Failure)
[419.330s][info][gc,heap        ] GC(2848) DefNew: 140066K(157248K)->293K(157248K) Eden: 139776K(139776K)->0K(139776K) From: 290K(17472K)->293K(17472K)
[419.330s][info][gc,heap        ] GC(2848) Tenured: 16629K(349568K)->16647K(349568K)
[419.330s][info][gc,metaspace   ] GC(2848) Metaspace: 14290K(15232K)->14290K(15232K) NonClass: 12331K(12928K)->12331K(12928K) Class: 1959K(2304K)->1959K(2304K)
[419.330s][info][gc             ] GC(2848) Pause Young (Allocation Failure) 153M->16M(494M) 23.426ms
[419.330s][info][gc,cpu         ] GC(2848) User=0.02s Sys=0.00s Real=0.02s
[419.440s][info][gc,start       ] GC(2849) Pause Young (Allocation Failure)
[419.472s][info][gc,heap        ] GC(2849) DefNew: 140069K(157248K)->289K(157248K) Eden: 139776K(139776K)->0K(139776K) From: 293K(17472K)->289K(17472K)
[419.472s][info][gc,heap        ] GC(2849) Tenured: 16647K(349568K)->16665K(349568K)
[419.472s][info][gc,metaspace   ] GC(2849) Metaspace: 14290K(15232K)->14290K(15232K) NonClass: 12331K(12928K)->12331K(12928K) Class: 1959K(2304K)->1959K(2304K)
[419.472s][info][gc             ] GC(2849) Pause Young (Allocation Failure) 153M->16M(494M) 31.938ms
[419.472s][info][gc,cpu         ] GC(2849) User=0.03s Sys=0.00s Real=0.03s
[419.586s][info][gc,start       ] GC(2850) Pause Young (Allocation Failure)
[419.619s][info][gc,heap        ] GC(2850) DefNew: 140065K(157248K)->286K(157248K) Eden: 139776K(139776K)->0K(139776K) From: 289K(17472K)->286K(17472K)
[419.619s][info][gc,heap        ] GC(2850) Tenured: 16665K(349568K)->16685K(349568K)
[419.619s][info][gc,metaspace   ] GC(2850) Metaspace: 14290K(15232K)->14290K(15232K) NonClass: 12331K(12928K)->12331K(12928K) Class: 1959K(2304K)->1959K(2304K)
[419.619s][info][gc             ] GC(2850) Pause Young (Allocation Failure) 153M->16M(494M) 33.392ms
[419.619s][info][gc,cpu         ] GC(2850) User=0.02s Sys=0.00s Real=0.02s
[419.732s][info][gc,start       ] GC(2851) Pause Young (Allocation Failure)
[419.764s][info][gc,heap        ] GC(2851) DefNew: 140062K(157248K)->282K(157248K) Eden: 139776K(139776K)->0K(139776K) From: 286K(17472K)->282K(17472K)
[419.764s][info][gc,heap        ] GC(2851) Tenured: 16685K(349568K)->16707K(349568K)
[419.764s][info][gc,metaspace   ] GC(2851) Metaspace: 14290K(15232K)->14290K(15232K) NonClass: 12331K(12928K)->12331K(12928K) Class: 1959K(2304K)->1959K(2304K)
[419.764s][info][gc             ] GC(2851) Pause Young (Allocation Failure) 153M->16M(494M) 32.697ms
[419.764s][info][gc,cpu         ] GC(2851) User=0.03s Sys=0.00s Real=0.03s
[419.878s][info][gc,start       ] GC(2852) Pause Young (Allocation Failure)
[419.911s][info][gc,heap        ] GC(2852) DefNew: 140058K(157248K)->278K(157248K) Eden: 139776K(139776K)->0K(139776K) From: 282K(17472K)->278K(17472K)
[419.911s][info][gc,heap        ] GC(2852) Tenured: 16707K(349568K)->16728K(349568K)
[419.911s][info][gc,metaspace   ] GC(2852) Metaspace: 14290K(15232K)->14290K(15232K) NonClass: 12331K(12928K)->12331K(12928K) Class: 1959K(2304K)->1959K(2304K)
[419.911s][info][gc             ] GC(2852) Pause Young (Allocation Failure) 153M->16M(494M) 32.851ms
[419.911s][info][gc,cpu         ] GC(2852) User=0.03s Sys=0.00s Real=0.03s
[420.024s][info][gc,start       ] GC(2853) Pause Young (Allocation Failure)
[420.058s][info][gc,heap        ] GC(2853) DefNew: 140054K(157248K)->279K(157248K) Eden: 139776K(139776K)->0K(139776K) From: 278K(17472K)->279K(17472K)
[420.058s][info][gc,heap        ] GC(2853) Tenured: 16728K(349568K)->16746K(349568K)
[420.058s][info][gc,metaspace   ] GC(2853) Metaspace: 14290K(15232K)->14290K(15232K) NonClass: 12331K(12928K)->12331K(12928K) Class: 1959K(2304K)->1959K(2304K)
[420.058s][info][gc             ] GC(2853) Pause Young (Allocation Failure) 153M->16M(494M) 34.455ms
[420.058s][info][gc,cpu         ] GC(2853) User=0.03s Sys=0.00s Real=0.03s
[420.173s][info][gc,start       ] GC(2854) Pause Young (Allocation Failure)
[420.198s][info][gc,heap        ] GC(2854) DefNew: 140055K(157248K)->281K(157248K) Eden: 139776K(139776K)->0K(139776K) From: 279K(17472K)->281K(17472K)
[420.198s][info][gc,heap        ] GC(2854) Tenured: 16746K(349568K)->16764K(349568K)
[420.198s][info][gc,metaspace   ] GC(2854) Metaspace: 14290K(15232K)->14290K(15232K) NonClass: 12331K(12928K)->12331K(12928K) Class: 1959K(2304K)->1959K(2304K)
[420.198s][info][gc             ] GC(2854) Pause Young (Allocation Failure) 153M->16M(494M) 24.828ms
[420.198s][info][gc,cpu         ] GC(2854) User=0.02s Sys=0.00s Real=0.01s
[420.309s][info][gc,start       ] GC(2855) Pause Young (Allocation Failure)
[420.344s][info][gc,heap        ] GC(2855) DefNew: 140057K(157248K)->282K(157248K) Eden: 139776K(139776K)->0K(139776K) From: 281K(17472K)->282K(17472K)
[420.344s][info][gc,heap        ] GC(2855) Tenured: 16764K(349568K)->16782K(349568K)
[420.344s][info][gc,metaspace   ] GC(2855) Metaspace: 14290K(15232K)->14290K(15232K) NonClass: 12331K(12928K)->12331K(12928K) Class: 1959K(2304K)->1959K(2304K)
[420.344s][info][gc             ] GC(2855) Pause Young (Allocation Failure) 153M->16M(494M) 34.265ms
[420.344s][info][gc,cpu         ] GC(2855) User=0.03s Sys=0.00s Real=0.03s
[420.456s][info][gc,start       ] GC(2856) Pause Young (Allocation Failure)
[420.491s][info][gc,heap        ] GC(2856) DefNew: 140058K(157248K)->278K(157248K) Eden: 139776K(139776K)->0K(139776K) From: 282K(17472K)->278K(17472K)
[420.491s][info][gc,heap        ] GC(2856) Tenured: 16782K(349568K)->16803K(349568K)
[420.491s][info][gc,metaspace   ] GC(2856) Metaspace: 14290K(15232K)->14290K(15232K) NonClass: 12331K(12928K)->12331K(12928K) Class: 1959K(2304K)->1959K(2304K)
[420.492s][info][gc             ] GC(2856) Pause Young (Allocation Failure) 153M->16M(494M) 35.562ms
[420.492s][info][gc,cpu         ] GC(2856) User=0.05s Sys=0.00s Real=0.04s
[420.607s][info][gc,start       ] GC(2857) Pause Young (Allocation Failure)
[420.642s][info][gc,heap        ] GC(2857) DefNew: 140054K(157248K)->282K(157248K) Eden: 139776K(139776K)->0K(139776K) From: 278K(17472K)->282K(17472K)
[420.642s][info][gc,heap        ] GC(2857) Tenured: 16803K(349568K)->16820K(349568K)
[420.642s][info][gc,metaspace   ] GC(2857) Metaspace: 14290K(15232K)->14290K(15232K) NonClass: 12331K(12928K)->12331K(12928K) Class: 1959K(2304K)->1959K(2304K)
[420.642s][info][gc             ] GC(2857) Pause Young (Allocation Failure) 153M->16M(494M) 35.068ms
[420.642s][info][gc,cpu         ] GC(2857) User=0.03s Sys=0.00s Real=0.04s
[420.757s][info][gc,start       ] GC(2858) Pause Young (Allocation Failure)
[420.793s][info][gc,heap        ] GC(2858) DefNew: 140058K(157248K)->282K(157248K) Eden: 139776K(139776K)->0K(139776K) From: 282K(17472K)->282K(17472K)
[420.793s][info][gc,heap        ] GC(2858) Tenured: 16820K(349568K)->16837K(349568K)
[420.793s][info][gc,metaspace   ] GC(2858) Metaspace: 14290K(15232K)->14290K(15232K) NonClass: 12331K(12928K)->12331K(12928K) Class: 1959K(2304K)->1959K(2304K)
[420.793s][info][gc             ] GC(2858) Pause Young (Allocation Failure) 153M->16M(494M) 36.153ms
[420.793s][info][gc,cpu         ] GC(2858) User=0.03s Sys=0.00s Real=0.03s
[420.908s][info][gc,start       ] GC(2859) Pause Young (Allocation Failure)
[420.943s][info][gc,heap        ] GC(2859) DefNew: 140058K(157248K)->284K(157248K) Eden: 139776K(139776K)->0K(139776K) From: 282K(17472K)->284K(17472K)
[420.943s][info][gc,heap        ] GC(2859) Tenured: 16837K(349568K)->16855K(349568K)
[420.943s][info][gc,metaspace   ] GC(2859) Metaspace: 14290K(15232K)->14290K(15232K) NonClass: 12331K(12928K)->12331K(12928K) Class: 1959K(2304K)->1959K(2304K)
[420.943s][info][gc             ] GC(2859) Pause Young (Allocation Failure) 153M->16M(494M) 35.496ms
[420.943s][info][gc,cpu         ] GC(2859) User=0.03s Sys=0.00s Real=0.03s
[421.058s][info][gc,start       ] GC(2860) Pause Young (Allocation Failure)
[421.093s][info][gc,heap        ] GC(2860) DefNew: 140060K(157248K)->284K(157248K) Eden: 139776K(139776K)->0K(139776K) From: 284K(17472K)->284K(17472K)
[421.093s][info][gc,heap        ] GC(2860) Tenured: 16855K(349568K)->16873K(349568K)
[421.093s][info][gc,metaspace   ] GC(2860) Metaspace: 14290K(15232K)->14290K(15232K) NonClass: 12331K(12928K)->12331K(12928K) Class: 1959K(2304K)->1959K(2304K)
[421.093s][info][gc             ] GC(2860) Pause Young (Allocation Failure) 153M->16M(494M) 35.504ms
[421.093s][info][gc,cpu         ] GC(2860) User=0.02s Sys=0.00s Real=0.02s
[421.209s][info][gc,start       ] GC(2861) Pause Young (Allocation Failure)
[421.245s][info][gc,heap        ] GC(2861) DefNew: 140060K(157248K)->285K(157248K) Eden: 139776K(139776K)->0K(139776K) From: 284K(17472K)->285K(17472K)
[421.245s][info][gc,heap        ] GC(2861) Tenured: 16873K(349568K)->16890K(349568K)
[421.245s][info][gc,metaspace   ] GC(2861) Metaspace: 14290K(15232K)->14290K(15232K) NonClass: 12331K(12928K)->12331K(12928K) Class: 1959K(2304K)->1959K(2304K)
[421.245s][info][gc             ] GC(2861) Pause Young (Allocation Failure) 153M->16M(494M) 35.760ms
[421.245s][info][gc,cpu         ] GC(2861) User=0.03s Sys=0.00s Real=0.03s
[421.438s][info][gc,start       ] GC(2862) Pause Young (Allocation Failure)
[421.471s][info][gc,heap        ] GC(2862) DefNew: 140061K(157248K)->283K(157248K) Eden: 139776K(139776K)->0K(139776K) From: 285K(17472K)->283K(17472K)
[421.471s][info][gc,heap        ] GC(2862) Tenured: 16890K(349568K)->16911K(349568K)
[421.471s][info][gc,metaspace   ] GC(2862) Metaspace: 14290K(15232K)->14290K(15232K) NonClass: 12331K(12928K)->12331K(12928K) Class: 1959K(2304K)->1959K(2304K)
[421.471s][info][gc             ] GC(2862) Pause Young (Allocation Failure) 153M->16M(494M) 32.677ms
[421.471s][info][gc,cpu         ] GC(2862) User=0.03s Sys=0.00s Real=0.03s
[421.591s][info][gc,start       ] GC(2863) Pause Young (Allocation Failure)
[421.617s][info][gc,heap        ] GC(2863) DefNew: 140059K(157248K)->286K(157248K) Eden: 139776K(139776K)->0K(139776K) From: 283K(17472K)->286K(17472K)
[421.617s][info][gc,heap        ] GC(2863) Tenured: 16911K(349568K)->16928K(349568K)
[421.617s][info][gc,metaspace   ] GC(2863) Metaspace: 14290K(15232K)->14290K(15232K) NonClass: 12331K(12928K)->12331K(12928K) Class: 1959K(2304K)->1959K(2304K)
[421.617s][info][gc             ] GC(2863) Pause Young (Allocation Failure) 153M->16M(494M) 25.773ms
[421.617s][info][gc,cpu         ] GC(2863) User=0.02s Sys=0.00s Real=0.01s
[421.733s][info][gc,start       ] GC(2864) Pause Young (Allocation Failure)
[421.756s][info][gc,heap        ] GC(2864) DefNew: 140062K(157248K)->285K(157248K) Eden: 139776K(139776K)->0K(139776K) From: 286K(17472K)->285K(17472K)
[421.756s][info][gc,heap        ] GC(2864) Tenured: 16928K(349568K)->16946K(349568K)
[421.757s][info][gc,metaspace   ] GC(2864) Metaspace: 14290K(15232K)->14290K(15232K) NonClass: 12331K(12928K)->12331K(12928K) Class: 1959K(2304K)->1959K(2304K)
[421.757s][info][gc             ] GC(2864) Pause Young (Allocation Failure) 153M->16M(494M) 23.993ms
[421.757s][info][gc,cpu         ] GC(2864) User=0.02s Sys=0.00s Real=0.02s
[421.871s][info][gc,start       ] GC(2865) Pause Young (Allocation Failure)
[421.895s][info][gc,heap        ] GC(2865) DefNew: 140061K(157248K)->287K(157248K) Eden: 139776K(139776K)->0K(139776K) From: 285K(17472K)->287K(17472K)
[421.895s][info][gc,heap        ] GC(2865) Tenured: 16946K(349568K)->16964K(349568K)
[421.895s][info][gc,metaspace   ] GC(2865) Metaspace: 14290K(15232K)->14290K(15232K) NonClass: 12331K(12928K)->12331K(12928K) Class: 1959K(2304K)->1959K(2304K)
[421.895s][info][gc             ] GC(2865) Pause Young (Allocation Failure) 153M->16M(494M) 23.143ms
[421.895s][info][gc,cpu         ] GC(2865) User=0.02s Sys=0.00s Real=0.02s
[422.020s][info][gc,start       ] GC(2866) Pause Young (Allocation Failure)
[422.049s][info][gc,heap        ] GC(2866) DefNew: 140063K(157248K)->286K(157248K) Eden: 139776K(139776K)->0K(139776K) From: 287K(17472K)->286K(17472K)
[422.049s][info][gc,heap        ] GC(2866) Tenured: 16964K(349568K)->16981K(349568K)
[422.049s][info][gc,metaspace   ] GC(2866) Metaspace: 14290K(15232K)->14290K(15232K) NonClass: 12331K(12928K)->12331K(12928K) Class: 1959K(2304K)->1959K(2304K)
[422.049s][info][gc             ] GC(2866) Pause Young (Allocation Failure) 153M->16M(494M) 28.765ms
[422.049s][info][gc,cpu         ] GC(2866) User=0.03s Sys=0.00s Real=0.03s
[422.168s][info][gc,start       ] GC(2867) Pause Young (Allocation Failure)
[422.199s][info][gc,heap        ] GC(2867) DefNew: 140062K(157248K)->286K(157248K) Eden: 139776K(139776K)->0K(139776K) From: 286K(17472K)->286K(17472K)
[422.199s][info][gc,heap        ] GC(2867) Tenured: 16981K(349568K)->16999K(349568K)
[422.199s][info][gc,metaspace   ] GC(2867) Metaspace: 14290K(15232K)->14290K(15232K) NonClass: 12331K(12928K)->12331K(12928K) Class: 1959K(2304K)->1959K(2304K)
[422.199s][info][gc             ] GC(2867) Pause Young (Allocation Failure) 153M->16M(494M) 30.281ms
[422.199s][info][gc,cpu         ] GC(2867) User=0.03s Sys=0.00s Real=0.03s
[422.312s][info][gc,start       ] GC(2868) Pause Young (Allocation Failure)
[422.335s][info][gc,heap        ] GC(2868) DefNew: 140062K(157248K)->285K(157248K) Eden: 139776K(139776K)->0K(139776K) From: 286K(17472K)->285K(17472K)
[422.335s][info][gc,heap        ] GC(2868) Tenured: 16999K(349568K)->17017K(349568K)
[422.335s][info][gc,metaspace   ] GC(2868) Metaspace: 14290K(15232K)->14290K(15232K) NonClass: 12331K(12928K)->12331K(12928K) Class: 1959K(2304K)->1959K(2304K)
[422.335s][info][gc             ] GC(2868) Pause Young (Allocation Failure) 153M->16M(494M) 22.698ms
[422.335s][info][gc,cpu         ] GC(2868) User=0.02s Sys=0.00s Real=0.02s
[422.445s][info][gc,start       ] GC(2869) Pause Young (Allocation Failure)
[422.468s][info][gc,heap        ] GC(2869) DefNew: 140061K(157248K)->287K(157248K) Eden: 139776K(139776K)->0K(139776K) From: 285K(17472K)->287K(17472K)
[422.468s][info][gc,heap        ] GC(2869) Tenured: 17017K(349568K)->17037K(349568K)
[422.468s][info][gc,metaspace   ] GC(2869) Metaspace: 14290K(15232K)->14290K(15232K) NonClass: 12331K(12928K)->12331K(12928K) Class: 1959K(2304K)->1959K(2304K)
[422.468s][info][gc             ] GC(2869) Pause Young (Allocation Failure) 153M->16M(494M) 22.761ms
[422.468s][info][gc,cpu         ] GC(2869) User=0.02s Sys=0.00s Real=0.02s
[422.579s][info][gc,start       ] GC(2870) Pause Young (Allocation Failure)
[422.609s][info][gc,heap        ] GC(2870) DefNew: 140063K(157248K)->284K(157248K) Eden: 139776K(139776K)->0K(139776K) From: 287K(17472K)->284K(17472K)
[422.609s][info][gc,heap        ] GC(2870) Tenured: 17037K(349568K)->17055K(349568K)
[422.609s][info][gc,metaspace   ] GC(2870) Metaspace: 14290K(15232K)->14290K(15232K) NonClass: 12331K(12928K)->12331K(12928K) Class: 1959K(2304K)->1959K(2304K)
[422.609s][info][gc             ] GC(2870) Pause Young (Allocation Failure) 153M->16M(494M) 30.458ms
[422.609s][info][gc,cpu         ] GC(2870) User=0.03s Sys=0.00s Real=0.03s
[422.724s][info][gc,start       ] GC(2871) Pause Young (Allocation Failure)
[422.754s][info][gc,heap        ] GC(2871) DefNew: 140060K(157248K)->288K(157248K) Eden: 139776K(139776K)->0K(139776K) From: 284K(17472K)->288K(17472K)
[422.754s][info][gc,heap        ] GC(2871) Tenured: 17055K(349568K)->17073K(349568K)
[422.754s][info][gc,metaspace   ] GC(2871) Metaspace: 14290K(15232K)->14290K(15232K) NonClass: 12331K(12928K)->12331K(12928K) Class: 1959K(2304K)->1959K(2304K)
[422.754s][info][gc             ] GC(2871) Pause Young (Allocation Failure) 153M->16M(494M) 30.542ms
[422.754s][info][gc,cpu         ] GC(2871) User=0.03s Sys=0.00s Real=0.03s
[422.865s][info][gc,start       ] GC(2872) Pause Young (Allocation Failure)
[422.896s][info][gc,heap        ] GC(2872) DefNew: 140064K(157248K)->285K(157248K) Eden: 139776K(139776K)->0K(139776K) From: 288K(17472K)->285K(17472K)
[422.896s][info][gc,heap        ] GC(2872) Tenured: 17073K(349568K)->17094K(349568K)
[422.896s][info][gc,metaspace   ] GC(2872) Metaspace: 14290K(15232K)->14290K(15232K) NonClass: 12331K(12928K)->12331K(12928K) Class: 1959K(2304K)->1959K(2304K)
[422.896s][info][gc             ] GC(2872) Pause Young (Allocation Failure) 153M->16M(494M) 31.556ms
[422.896s][info][gc,cpu         ] GC(2872) User=0.03s Sys=0.00s Real=0.02s
[423.009s][info][gc,start       ] GC(2873) Pause Young (Allocation Failure)
[423.033s][info][gc,heap        ] GC(2873) DefNew: 140061K(157248K)->285K(157248K) Eden: 139776K(139776K)->0K(139776K) From: 285K(17472K)->285K(17472K)
[423.033s][info][gc,heap        ] GC(2873) Tenured: 17094K(349568K)->17111K(349568K)
[423.033s][info][gc,metaspace   ] GC(2873) Metaspace: 14290K(15232K)->14290K(15232K) NonClass: 12331K(12928K)->12331K(12928K) Class: 1959K(2304K)->1959K(2304K)
[423.033s][info][gc             ] GC(2873) Pause Young (Allocation Failure) 153M->16M(494M) 23.922ms
[423.033s][info][gc,cpu         ] GC(2873) User=0.02s Sys=0.00s Real=0.02s
[423.143s][info][gc,start       ] GC(2874) Pause Young (Allocation Failure)
[423.174s][info][gc,heap        ] GC(2874) DefNew: 140061K(157248K)->283K(157248K) Eden: 139776K(139776K)->0K(139776K) From: 285K(17472K)->283K(17472K)
[423.174s][info][gc,heap        ] GC(2874) Tenured: 17111K(349568K)->17132K(349568K)
[423.174s][info][gc,metaspace   ] GC(2874) Metaspace: 14290K(15232K)->14290K(15232K) NonClass: 12331K(12928K)->12331K(12928K) Class: 1959K(2304K)->1959K(2304K)
[423.175s][info][gc             ] GC(2874) Pause Young (Allocation Failure) 153M->17M(494M) 31.264ms
[423.175s][info][gc,cpu         ] GC(2874) User=0.03s Sys=0.00s Real=0.03s
[423.288s][info][gc,start       ] GC(2875) Pause Young (Allocation Failure)
[423.320s][info][gc,heap        ] GC(2875) DefNew: 140059K(157248K)->283K(157248K) Eden: 139776K(139776K)->0K(139776K) From: 283K(17472K)->283K(17472K)
[423.320s][info][gc,heap        ] GC(2875) Tenured: 17132K(349568K)->17149K(349568K)
[423.320s][info][gc,metaspace   ] GC(2875) Metaspace: 14290K(15232K)->14290K(15232K) NonClass: 12331K(12928K)->12331K(12928K) Class: 1959K(2304K)->1959K(2304K)
[423.320s][info][gc             ] GC(2875) Pause Young (Allocation Failure) 153M->17M(494M) 32.058ms
[423.320s][info][gc,cpu         ] GC(2875) User=0.03s Sys=0.00s Real=0.02s
[423.433s][info][gc,start       ] GC(2876) Pause Young (Allocation Failure)
[423.457s][info][gc,heap        ] GC(2876) DefNew: 140059K(157248K)->283K(157248K) Eden: 139776K(139776K)->0K(139776K) From: 283K(17472K)->283K(17472K)
[423.457s][info][gc,heap        ] GC(2876) Tenured: 17149K(349568K)->17167K(349568K)
[423.457s][info][gc,metaspace   ] GC(2876) Metaspace: 14290K(15232K)->14290K(15232K) NonClass: 12331K(12928K)->12331K(12928K) Class: 1959K(2304K)->1959K(2304K)
[423.457s][info][gc             ] GC(2876) Pause Young (Allocation Failure) 153M->17M(494M) 24.049ms
[423.457s][info][gc,cpu         ] GC(2876) User=0.02s Sys=0.00s Real=0.02s
[423.569s][info][gc,start       ] GC(2877) Pause Young (Allocation Failure)
[423.593s][info][gc,heap        ] GC(2877) DefNew: 140059K(157248K)->285K(157248K) Eden: 139776K(139776K)->0K(139776K) From: 283K(17472K)->285K(17472K)
[423.593s][info][gc,heap        ] GC(2877) Tenured: 17167K(349568K)->17185K(349568K)
[423.593s][info][gc,metaspace   ] GC(2877) Metaspace: 14290K(15232K)->14290K(15232K) NonClass: 12331K(12928K)->12331K(12928K) Class: 1959K(2304K)->1959K(2304K)
[423.593s][info][gc             ] GC(2877) Pause Young (Allocation Failure) 153M->17M(494M) 23.466ms
[423.593s][info][gc,cpu         ] GC(2877) User=0.02s Sys=0.00s Real=0.01s
[423.702s][info][gc,start       ] GC(2878) Pause Young (Allocation Failure)
[423.735s][info][gc,heap        ] GC(2878) DefNew: 140061K(157248K)->279K(157248K) Eden: 139776K(139776K)->0K(139776K) From: 285K(17472K)->279K(17472K)
[423.735s][info][gc,heap        ] GC(2878) Tenured: 17185K(349568K)->17206K(349568K)
[423.735s][info][gc,metaspace   ] GC(2878) Metaspace: 14290K(15232K)->14290K(15232K) NonClass: 12331K(12928K)->12331K(12928K) Class: 1959K(2304K)->1959K(2304K)
[423.735s][info][gc             ] GC(2878) Pause Young (Allocation Failure) 153M->17M(494M) 32.696ms
[423.735s][info][gc,cpu         ] GC(2878) User=0.02s Sys=0.00s Real=0.02s
[423.849s][info][gc,start       ] GC(2879) Pause Young (Allocation Failure)
[423.882s][info][gc,heap        ] GC(2879) DefNew: 140055K(157248K)->282K(157248K) Eden: 139776K(139776K)->0K(139776K) From: 279K(17472K)->282K(17472K)
[423.882s][info][gc,heap        ] GC(2879) Tenured: 17206K(349568K)->17224K(349568K)
[423.882s][info][gc,metaspace   ] GC(2879) Metaspace: 14290K(15232K)->14290K(15232K) NonClass: 12331K(12928K)->12331K(12928K) Class: 1959K(2304K)->1959K(2304K)
[423.882s][info][gc             ] GC(2879) Pause Young (Allocation Failure) 153M->17M(494M) 32.869ms
[423.882s][info][gc,cpu         ] GC(2879) User=0.03s Sys=0.00s Real=0.03s
[423.993s][info][gc,start       ] GC(2880) Pause Young (Allocation Failure)
[424.028s][info][gc,heap        ] GC(2880) DefNew: 140058K(157248K)->282K(157248K) Eden: 139776K(139776K)->0K(139776K) From: 282K(17472K)->282K(17472K)
[424.028s][info][gc,heap        ] GC(2880) Tenured: 17224K(349568K)->17242K(349568K)
[424.028s][info][gc,metaspace   ] GC(2880) Metaspace: 14290K(15232K)->14290K(15232K) NonClass: 12331K(12928K)->12331K(12928K) Class: 1959K(2304K)->1959K(2304K)
[424.028s][info][gc             ] GC(2880) Pause Young (Allocation Failure) 153M->17M(494M) 34.681ms
[424.028s][info][gc,cpu         ] GC(2880) User=0.02s Sys=0.00s Real=0.03s
[424.142s][info][gc,start       ] GC(2881) Pause Young (Allocation Failure)
[424.175s][info][gc,heap        ] GC(2881) DefNew: 140058K(157248K)->283K(157248K) Eden: 139776K(139776K)->0K(139776K) From: 282K(17472K)->283K(17472K)
[424.175s][info][gc,heap        ] GC(2881) Tenured: 17242K(349568K)->17259K(349568K)
[424.175s][info][gc,metaspace   ] GC(2881) Metaspace: 14290K(15232K)->14290K(15232K) NonClass: 12331K(12928K)->12331K(12928K) Class: 1959K(2304K)->1959K(2304K)
[424.175s][info][gc             ] GC(2881) Pause Young (Allocation Failure) 153M->17M(494M) 33.172ms
[424.175s][info][gc,cpu         ] GC(2881) User=0.03s Sys=0.00s Real=0.03s
[424.287s][info][gc,start       ] GC(2882) Pause Young (Allocation Failure)
[424.323s][info][gc,heap        ] GC(2882) DefNew: 140059K(157248K)->281K(157248K) Eden: 139776K(139776K)->0K(139776K) From: 283K(17472K)->281K(17472K)
[424.323s][info][gc,heap        ] GC(2882) Tenured: 17259K(349568K)->17277K(349568K)
[424.323s][info][gc,metaspace   ] GC(2882) Metaspace: 14290K(15232K)->14290K(15232K) NonClass: 12331K(12928K)->12331K(12928K) Class: 1959K(2304K)->1959K(2304K)
[424.323s][info][gc             ] GC(2882) Pause Young (Allocation Failure) 153M->17M(494M) 35.411ms
[424.323s][info][gc,cpu         ] GC(2882) User=0.03s Sys=0.00s Real=0.04s
[424.438s][info][gc,start       ] GC(2883) Pause Young (Allocation Failure)
[424.472s][info][gc,heap        ] GC(2883) DefNew: 140057K(157248K)->282K(157248K) Eden: 139776K(139776K)->0K(139776K) From: 281K(17472K)->282K(17472K)
[424.472s][info][gc,heap        ] GC(2883) Tenured: 17277K(349568K)->17294K(349568K)
[424.472s][info][gc,metaspace   ] GC(2883) Metaspace: 14290K(15232K)->14290K(15232K) NonClass: 12331K(12928K)->12331K(12928K) Class: 1959K(2304K)->1959K(2304K)
[424.472s][info][gc             ] GC(2883) Pause Young (Allocation Failure) 153M->17M(494M) 33.924ms
[424.472s][info][gc,cpu         ] GC(2883) User=0.02s Sys=0.00s Real=0.02s
[424.588s][info][gc,start       ] GC(2884) Pause Young (Allocation Failure)
[424.622s][info][gc,heap        ] GC(2884) DefNew: 140058K(157248K)->283K(157248K) Eden: 139776K(139776K)->0K(139776K) From: 282K(17472K)->283K(17472K)
[424.622s][info][gc,heap        ] GC(2884) Tenured: 17294K(349568K)->17315K(349568K)
[424.622s][info][gc,metaspace   ] GC(2884) Metaspace: 14290K(15232K)->14290K(15232K) NonClass: 12331K(12928K)->12331K(12928K) Class: 1959K(2304K)->1959K(2304K)
[424.622s][info][gc             ] GC(2884) Pause Young (Allocation Failure) 153M->17M(494M) 34.442ms
[424.622s][info][gc,cpu         ] GC(2884) User=0.02s Sys=0.00s Real=0.03s
[424.738s][info][gc,start       ] GC(2885) Pause Young (Allocation Failure)
[424.773s][info][gc,heap        ] GC(2885) DefNew: 140059K(157248K)->283K(157248K) Eden: 139776K(139776K)->0K(139776K) From: 283K(17472K)->283K(17472K)
[424.773s][info][gc,heap        ] GC(2885) Tenured: 17315K(349568K)->17332K(349568K)
[424.773s][info][gc,metaspace   ] GC(2885) Metaspace: 14290K(15232K)->14290K(15232K) NonClass: 12331K(12928K)->12331K(12928K) Class: 1959K(2304K)->1959K(2304K)
[424.773s][info][gc             ] GC(2885) Pause Young (Allocation Failure) 153M->17M(494M) 35.758ms
[424.773s][info][gc,cpu         ] GC(2885) User=0.05s Sys=0.00s Real=0.04s
[424.886s][info][gc,start       ] GC(2886) Pause Young (Allocation Failure)
[424.912s][info][gc,heap        ] GC(2886) DefNew: 140059K(157248K)->280K(157248K) Eden: 139776K(139776K)->0K(139776K) From: 283K(17472K)->280K(17472K)
[424.912s][info][gc,heap        ] GC(2886) Tenured: 17332K(349568K)->17353K(349568K)
[424.912s][info][gc,metaspace   ] GC(2886) Metaspace: 14290K(15232K)->14290K(15232K) NonClass: 12331K(12928K)->12331K(12928K) Class: 1959K(2304K)->1959K(2304K)
[424.912s][info][gc             ] GC(2886) Pause Young (Allocation Failure) 153M->17M(494M) 25.914ms
[424.912s][info][gc,cpu         ] GC(2886) User=0.02s Sys=0.00s Real=0.02s
[425.023s][info][gc,start       ] GC(2887) Pause Young (Allocation Failure)
[425.058s][info][gc,heap        ] GC(2887) DefNew: 140056K(157248K)->280K(157248K) Eden: 139775K(139776K)->0K(139776K) From: 280K(17472K)->280K(17472K)
[425.058s][info][gc,heap        ] GC(2887) Tenured: 17353K(349568K)->17371K(349568K)
[425.058s][info][gc,metaspace   ] GC(2887) Metaspace: 14290K(15232K)->14290K(15232K) NonClass: 12331K(12928K)->12331K(12928K) Class: 1959K(2304K)->1959K(2304K)
[425.058s][info][gc             ] GC(2887) Pause Young (Allocation Failure) 153M->17M(494M) 35.076ms
[425.058s][info][gc,cpu         ] GC(2887) User=0.02s Sys=0.00s Real=0.02s
[425.171s][info][gc,start       ] GC(2888) Pause Young (Allocation Failure)
[425.207s][info][gc,heap        ] GC(2888) DefNew: 140056K(157248K)->280K(157248K) Eden: 139776K(139776K)->0K(139776K) From: 280K(17472K)->280K(17472K)
[425.207s][info][gc,heap        ] GC(2888) Tenured: 17371K(349568K)->17389K(349568K)
[425.207s][info][gc,metaspace   ] GC(2888) Metaspace: 14290K(15232K)->14290K(15232K) NonClass: 12331K(12928K)->12331K(12928K) Class: 1959K(2304K)->1959K(2304K)
[425.207s][info][gc             ] GC(2888) Pause Young (Allocation Failure) 153M->17M(494M) 35.472ms
[425.207s][info][gc,cpu         ] GC(2888) User=0.03s Sys=0.00s Real=0.03s
[425.323s][info][gc,start       ] GC(2889) Pause Young (Allocation Failure)
[425.358s][info][gc,heap        ] GC(2889) DefNew: 140056K(157248K)->283K(157248K) Eden: 139776K(139776K)->0K(139776K) From: 280K(17472K)->283K(17472K)
[425.358s][info][gc,heap        ] GC(2889) Tenured: 17389K(349568K)->17406K(349568K)
[425.358s][info][gc,metaspace   ] GC(2889) Metaspace: 14290K(15232K)->14290K(15232K) NonClass: 12331K(12928K)->12331K(12928K) Class: 1959K(2304K)->1959K(2304K)
[425.359s][info][gc             ] GC(2889) Pause Young (Allocation Failure) 153M->17M(494M) 35.736ms
[425.359s][info][gc,cpu         ] GC(2889) User=0.03s Sys=0.00s Real=0.03s
[425.571s][info][gc,start       ] GC(2890) Pause Young (Allocation Failure)
[425.603s][info][gc,heap        ] GC(2890) DefNew: 140035K(157248K)->282K(157248K) Eden: 139752K(139776K)->0K(139776K) From: 283K(17472K)->282K(17472K)
[425.603s][info][gc,heap        ] GC(2890) Tenured: 17406K(349568K)->17424K(349568K)
[425.603s][info][gc,metaspace   ] GC(2890) Metaspace: 14290K(15232K)->14290K(15232K) NonClass: 12331K(12928K)->12331K(12928K) Class: 1959K(2304K)->1959K(2304K)
[425.603s][info][gc             ] GC(2890) Pause Young (Allocation Failure) 153M->17M(494M) 31.795ms
[425.603s][info][gc,cpu         ] GC(2890) User=0.03s Sys=0.00s Real=0.03s
[425.724s][info][gc,start       ] GC(2891) Pause Young (Allocation Failure)
[425.749s][info][gc,heap        ] GC(2891) DefNew: 140058K(157248K)->285K(157248K) Eden: 139776K(139776K)->0K(139776K) From: 282K(17472K)->285K(17472K)
[425.749s][info][gc,heap        ] GC(2891) Tenured: 17424K(349568K)->17441K(349568K)
[425.749s][info][gc,metaspace   ] GC(2891) Metaspace: 14290K(15232K)->14290K(15232K) NonClass: 12331K(12928K)->12331K(12928K) Class: 1959K(2304K)->1959K(2304K)
[425.749s][info][gc             ] GC(2891) Pause Young (Allocation Failure) 153M->17M(494M) 25.377ms
[425.749s][info][gc,cpu         ] GC(2891) User=0.03s Sys=0.00s Real=0.03s
[425.877s][info][gc,start       ] GC(2892) Pause Young (Allocation Failure)
[425.909s][info][gc,heap        ] GC(2892) DefNew: 140061K(157248K)->285K(157248K) Eden: 139776K(139776K)->0K(139776K) From: 285K(17472K)->285K(17472K)
[425.909s][info][gc,heap        ] GC(2892) Tenured: 17441K(349568K)->17462K(349568K)
[425.909s][info][gc,metaspace   ] GC(2892) Metaspace: 14290K(15232K)->14290K(15232K) NonClass: 12331K(12928K)->12331K(12928K) Class: 1959K(2304K)->1959K(2304K)
[425.909s][info][gc             ] GC(2892) Pause Young (Allocation Failure) 153M->17M(494M) 32.224ms
[425.909s][info][gc,cpu         ] GC(2892) User=0.02s Sys=0.00s Real=0.02s
[426.033s][info][gc,start       ] GC(2893) Pause Young (Allocation Failure)
[426.065s][info][gc,heap        ] GC(2893) DefNew: 140061K(157248K)->289K(157248K) Eden: 139776K(139776K)->0K(139776K) From: 285K(17472K)->289K(17472K)
[426.065s][info][gc,heap        ] GC(2893) Tenured: 17462K(349568K)->17477K(349568K)
[426.065s][info][gc,metaspace   ] GC(2893) Metaspace: 14290K(15232K)->14290K(15232K) NonClass: 12331K(12928K)->12331K(12928K) Class: 1959K(2304K)->1959K(2304K)
[426.065s][info][gc             ] GC(2893) Pause Young (Allocation Failure) 153M->17M(494M) 31.237ms
[426.065s][info][gc,cpu         ] GC(2893) User=0.02s Sys=0.00s Real=0.01s
[426.180s][info][gc,start       ] GC(2894) Pause Young (Allocation Failure)
[426.210s][info][gc,heap        ] GC(2894) DefNew: 140065K(157248K)->288K(157248K) Eden: 139776K(139776K)->0K(139776K) From: 289K(17472K)->288K(17472K)
[426.210s][info][gc,heap        ] GC(2894) Tenured: 17477K(349568K)->17498K(349568K)
[426.210s][info][gc,metaspace   ] GC(2894) Metaspace: 14290K(15232K)->14290K(15232K) NonClass: 12331K(12928K)->12331K(12928K) Class: 1959K(2304K)->1959K(2304K)
[426.210s][info][gc             ] GC(2894) Pause Young (Allocation Failure) 153M->17M(494M) 29.772ms
[426.210s][info][gc,cpu         ] GC(2894) User=0.02s Sys=0.00s Real=0.02s
[426.324s][info][gc,start       ] GC(2895) Pause Young (Allocation Failure)
[426.354s][info][gc,heap        ] GC(2895) DefNew: 140064K(157248K)->291K(157248K) Eden: 139776K(139776K)->0K(139776K) From: 288K(17472K)->291K(17472K)
[426.354s][info][gc,heap        ] GC(2895) Tenured: 17498K(349568K)->17515K(349568K)
[426.354s][info][gc,metaspace   ] GC(2895) Metaspace: 14290K(15232K)->14290K(15232K) NonClass: 12331K(12928K)->12331K(12928K) Class: 1959K(2304K)->1959K(2304K)
[426.354s][info][gc             ] GC(2895) Pause Young (Allocation Failure) 153M->17M(494M) 29.885ms
[426.354s][info][gc,cpu         ] GC(2895) User=0.03s Sys=0.00s Real=0.03s
[426.466s][info][gc,start       ] GC(2896) Pause Young (Allocation Failure)
[426.497s][info][gc,heap        ] GC(2896) DefNew: 140067K(157248K)->291K(157248K) Eden: 139776K(139776K)->0K(139776K) From: 291K(17472K)->291K(17472K)
[426.497s][info][gc,heap        ] GC(2896) Tenured: 17515K(349568K)->17533K(349568K)
[426.497s][info][gc,metaspace   ] GC(2896) Metaspace: 14290K(15232K)->14290K(15232K) NonClass: 12331K(12928K)->12331K(12928K) Class: 1959K(2304K)->1959K(2304K)
[426.497s][info][gc             ] GC(2896) Pause Young (Allocation Failure) 153M->17M(494M) 30.789ms
[426.497s][info][gc,cpu         ] GC(2896) User=0.02s Sys=0.00s Real=0.02s
[426.610s][info][gc,start       ] GC(2897) Pause Young (Allocation Failure)
[426.640s][info][gc,heap        ] GC(2897) DefNew: 140067K(157248K)->291K(157248K) Eden: 139776K(139776K)->0K(139776K) From: 291K(17472K)->291K(17472K)
[426.640s][info][gc,heap        ] GC(2897) Tenured: 17533K(349568K)->17551K(349568K)
[426.640s][info][gc,metaspace   ] GC(2897) Metaspace: 14290K(15232K)->14290K(15232K) NonClass: 12331K(12928K)->12331K(12928K) Class: 1959K(2304K)->1959K(2304K)
[426.640s][info][gc             ] GC(2897) Pause Young (Allocation Failure) 153M->17M(494M) 30.353ms
[426.640s][info][gc,cpu         ] GC(2897) User=0.03s Sys=0.00s Real=0.02s
[426.763s][info][gc,start       ] GC(2898) Pause Young (Allocation Failure)
[426.793s][info][gc,heap        ] GC(2898) DefNew: 140067K(157248K)->294K(157248K) Eden: 139776K(139776K)->0K(139776K) From: 291K(17472K)->294K(17472K)
[426.793s][info][gc,heap        ] GC(2898) Tenured: 17551K(349568K)->17569K(349568K)
[426.793s][info][gc,metaspace   ] GC(2898) Metaspace: 14290K(15232K)->14290K(15232K) NonClass: 12331K(12928K)->12331K(12928K) Class: 1959K(2304K)->1959K(2304K)
[426.793s][info][gc             ] GC(2898) Pause Young (Allocation Failure) 153M->17M(494M) 30.066ms
[426.793s][info][gc,cpu         ] GC(2898) User=0.02s Sys=0.00s Real=0.02s
[426.905s][info][gc,start       ] GC(2899) Pause Young (Allocation Failure)
[426.936s][info][gc,heap        ] GC(2899) DefNew: 140070K(157248K)->291K(157248K) Eden: 139776K(139776K)->0K(139776K) From: 294K(17472K)->291K(17472K)
[426.936s][info][gc,heap        ] GC(2899) Tenured: 17569K(349568K)->17590K(349568K)
[426.936s][info][gc,metaspace   ] GC(2899) Metaspace: 14290K(15232K)->14290K(15232K) NonClass: 12331K(12928K)->12331K(12928K) Class: 1959K(2304K)->1959K(2304K)
[426.936s][info][gc             ] GC(2899) Pause Young (Allocation Failure) 153M->17M(494M) 30.816ms
[426.936s][info][gc,cpu         ] GC(2899) User=0.02s Sys=0.00s Real=0.02s
[427.049s][info][gc,start       ] GC(2900) Pause Young (Allocation Failure)
[427.080s][info][gc,heap        ] GC(2900) DefNew: 140067K(157248K)->291K(157248K) Eden: 139776K(139776K)->0K(139776K) From: 291K(17472K)->291K(17472K)
[427.080s][info][gc,heap        ] GC(2900) Tenured: 17590K(349568K)->17607K(349568K)
[427.080s][info][gc,metaspace   ] GC(2900) Metaspace: 14290K(15232K)->14290K(15232K) NonClass: 12331K(12928K)->12331K(12928K) Class: 1959K(2304K)->1959K(2304K)
[427.080s][info][gc             ] GC(2900) Pause Young (Allocation Failure) 153M->17M(494M) 31.000ms
[427.080s][info][gc,cpu         ] GC(2900) User=0.03s Sys=0.00s Real=0.02s
[427.195s][info][gc,start       ] GC(2901) Pause Young (Allocation Failure)
[427.226s][info][gc,heap        ] GC(2901) DefNew: 140067K(157248K)->291K(157248K) Eden: 139776K(139776K)->0K(139776K) From: 291K(17472K)->291K(17472K)
[427.226s][info][gc,heap        ] GC(2901) Tenured: 17607K(349568K)->17625K(349568K)
[427.226s][info][gc,metaspace   ] GC(2901) Metaspace: 14290K(15232K)->14290K(15232K) NonClass: 12331K(12928K)->12331K(12928K) Class: 1959K(2304K)->1959K(2304K)
[427.226s][info][gc             ] GC(2901) Pause Young (Allocation Failure) 153M->17M(494M) 31.024ms
[427.226s][info][gc,cpu         ] GC(2901) User=0.02s Sys=0.00s Real=0.02s
[427.340s][info][gc,start       ] GC(2902) Pause Young (Allocation Failure)
[427.372s][info][gc,heap        ] GC(2902) DefNew: 140067K(157248K)->294K(157248K) Eden: 139776K(139776K)->0K(139776K) From: 291K(17472K)->294K(17472K)
[427.372s][info][gc,heap        ] GC(2902) Tenured: 17625K(349568K)->17643K(349568K)
[427.372s][info][gc,metaspace   ] GC(2902) Metaspace: 14290K(15232K)->14290K(15232K) NonClass: 12331K(12928K)->12331K(12928K) Class: 1959K(2304K)->1959K(2304K)
[427.372s][info][gc             ] GC(2902) Pause Young (Allocation Failure) 153M->17M(494M) 32.318ms
[427.372s][info][gc,cpu         ] GC(2902) User=0.03s Sys=0.00s Real=0.03s
[427.487s][info][gc,start       ] GC(2903) Pause Young (Allocation Failure)
[427.518s][info][gc,heap        ] GC(2903) DefNew: 140070K(157248K)->294K(157248K) Eden: 139776K(139776K)->0K(139776K) From: 294K(17472K)->294K(17472K)
[427.518s][info][gc,heap        ] GC(2903) Tenured: 17643K(349568K)->17660K(349568K)
[427.518s][info][gc,metaspace   ] GC(2903) Metaspace: 14290K(15232K)->14290K(15232K) NonClass: 12331K(12928K)->12331K(12928K) Class: 1959K(2304K)->1959K(2304K)
[427.518s][info][gc             ] GC(2903) Pause Young (Allocation Failure) 154M->17M(494M) 31.688ms
[427.518s][info][gc,cpu         ] GC(2903) User=0.03s Sys=0.00s Real=0.03s
[427.632s][info][gc,start       ] GC(2904) Pause Young (Allocation Failure)
[427.664s][info][gc,heap        ] GC(2904) DefNew: 140070K(157248K)->290K(157248K) Eden: 139776K(139776K)->0K(139776K) From: 294K(17472K)->290K(17472K)
[427.664s][info][gc,heap        ] GC(2904) Tenured: 17660K(349568K)->17681K(349568K)
[427.664s][info][gc,metaspace   ] GC(2904) Metaspace: 14290K(15232K)->14290K(15232K) NonClass: 12331K(12928K)->12331K(12928K) Class: 1959K(2304K)->1959K(2304K)
[427.664s][info][gc             ] GC(2904) Pause Young (Allocation Failure) 154M->17M(494M) 31.976ms
[427.664s][info][gc,cpu         ] GC(2904) User=0.03s Sys=0.00s Real=0.03s
[427.777s][info][gc,start       ] GC(2905) Pause Young (Allocation Failure)
[427.809s][info][gc,heap        ] GC(2905) DefNew: 140066K(157248K)->293K(157248K) Eden: 139776K(139776K)->0K(139776K) From: 290K(17472K)->293K(17472K)
[427.809s][info][gc,heap        ] GC(2905) Tenured: 17681K(349568K)->17699K(349568K)
[427.809s][info][gc,metaspace   ] GC(2905) Metaspace: 14290K(15232K)->14290K(15232K) NonClass: 12331K(12928K)->12331K(12928K) Class: 1959K(2304K)->1959K(2304K)
[427.809s][info][gc             ] GC(2905) Pause Young (Allocation Failure) 154M->17M(494M) 32.135ms
[427.809s][info][gc,cpu         ] GC(2905) User=0.03s Sys=0.00s Real=0.03s
[427.924s][info][gc,start       ] GC(2906) Pause Young (Allocation Failure)
[427.958s][info][gc,heap        ] GC(2906) DefNew: 140069K(157248K)->293K(157248K) Eden: 139776K(139776K)->0K(139776K) From: 293K(17472K)->293K(17472K)
[427.958s][info][gc,heap        ] GC(2906) Tenured: 17699K(349568K)->17719K(349568K)
[427.958s][info][gc,metaspace   ] GC(2906) Metaspace: 14290K(15232K)->14290K(15232K) NonClass: 12331K(12928K)->12331K(12928K) Class: 1959K(2304K)->1959K(2304K)
[427.958s][info][gc             ] GC(2906) Pause Young (Allocation Failure) 154M->17M(494M) 34.130ms
[427.958s][info][gc,cpu         ] GC(2906) User=0.03s Sys=0.00s Real=0.03s
[428.074s][info][gc,start       ] GC(2907) Pause Young (Allocation Failure)
[428.098s][info][gc,heap        ] GC(2907) DefNew: 140069K(157248K)->290K(157248K) Eden: 139776K(139776K)->0K(139776K) From: 293K(17472K)->290K(17472K)
[428.098s][info][gc,heap        ] GC(2907) Tenured: 17719K(349568K)->17740K(349568K)
[428.098s][info][gc,metaspace   ] GC(2907) Metaspace: 14290K(15232K)->14290K(15232K) NonClass: 12331K(12928K)->12331K(12928K) Class: 1959K(2304K)->1959K(2304K)
[428.098s][info][gc             ] GC(2907) Pause Young (Allocation Failure) 154M->17M(494M) 24.784ms
[428.098s][info][gc,cpu         ] GC(2907) User=0.02s Sys=0.00s Real=0.02s
[428.210s][info][gc,start       ] GC(2908) Pause Young (Allocation Failure)
[428.244s][info][gc,heap        ] GC(2908) DefNew: 140066K(157248K)->289K(157248K) Eden: 139776K(139776K)->0K(139776K) From: 290K(17472K)->289K(17472K)
[428.244s][info][gc,heap        ] GC(2908) Tenured: 17740K(349568K)->17758K(349568K)
[428.244s][info][gc,metaspace   ] GC(2908) Metaspace: 14290K(15232K)->14290K(15232K) NonClass: 12331K(12928K)->12331K(12928K) Class: 1959K(2304K)->1959K(2304K)
[428.244s][info][gc             ] GC(2908) Pause Young (Allocation Failure) 154M->17M(494M) 33.996ms
[428.244s][info][gc,cpu         ] GC(2908) User=0.03s Sys=0.00s Real=0.03s
[428.361s][info][gc,start       ] GC(2909) Pause Young (Allocation Failure)
[428.395s][info][gc,heap        ] GC(2909) DefNew: 140065K(157248K)->285K(157248K) Eden: 139776K(139776K)->0K(139776K) From: 289K(17472K)->285K(17472K)
[428.395s][info][gc,heap        ] GC(2909) Tenured: 17758K(349568K)->17778K(349568K)
[428.395s][info][gc,metaspace   ] GC(2909) Metaspace: 14290K(15232K)->14290K(15232K) NonClass: 12331K(12928K)->12331K(12928K) Class: 1959K(2304K)->1959K(2304K)
[428.396s][info][gc             ] GC(2909) Pause Young (Allocation Failure) 154M->17M(494M) 34.361ms
[428.396s][info][gc,cpu         ] GC(2909) User=0.03s Sys=0.00s Real=0.03s
[428.516s][info][gc,start       ] GC(2910) Pause Young (Allocation Failure)
[428.552s][info][gc,heap        ] GC(2910) DefNew: 140061K(157248K)->285K(157248K) Eden: 139776K(139776K)->0K(139776K) From: 285K(17472K)->285K(17472K)
[428.552s][info][gc,heap        ] GC(2910) Tenured: 17778K(349568K)->17799K(349568K)
[428.552s][info][gc,metaspace   ] GC(2910) Metaspace: 14290K(15232K)->14290K(15232K) NonClass: 12331K(12928K)->12331K(12928K) Class: 1959K(2304K)->1959K(2304K)
[428.552s][info][gc             ] GC(2910) Pause Young (Allocation Failure) 154M->17M(494M) 35.232ms
[428.552s][info][gc,cpu         ] GC(2910) User=0.03s Sys=0.00s Real=0.03s
[428.675s][info][gc,start       ] GC(2911) Pause Young (Allocation Failure)
[428.709s][info][gc,heap        ] GC(2911) DefNew: 140061K(157248K)->285K(157248K) Eden: 139776K(139776K)->0K(139776K) From: 285K(17472K)->285K(17472K)
[428.709s][info][gc,heap        ] GC(2911) Tenured: 17799K(349568K)->17817K(349568K)
[428.709s][info][gc,metaspace   ] GC(2911) Metaspace: 14290K(15232K)->14290K(15232K) NonClass: 12331K(12928K)->12331K(12928K) Class: 1959K(2304K)->1959K(2304K)
[428.709s][info][gc             ] GC(2911) Pause Young (Allocation Failure) 154M->17M(494M) 34.577ms
[428.709s][info][gc,cpu         ] GC(2911) User=0.03s Sys=0.00s Real=0.04s
[428.814s][info][gc,start       ] GC(2912) Pause Young (Allocation Failure)
[428.849s][info][gc,heap        ] GC(2912) DefNew: 140061K(157248K)->284K(157248K) Eden: 139776K(139776K)->0K(139776K) From: 285K(17472K)->284K(17472K)
[428.849s][info][gc,heap        ] GC(2912) Tenured: 17817K(349568K)->17834K(349568K)
[428.849s][info][gc,metaspace   ] GC(2912) Metaspace: 14290K(15232K)->14290K(15232K) NonClass: 12331K(12928K)->12331K(12928K) Class: 1959K(2304K)->1959K(2304K)
[428.849s][info][gc             ] GC(2912) Pause Young (Allocation Failure) 154M->17M(494M) 34.600ms
[428.849s][info][gc,cpu         ] GC(2912) User=0.02s Sys=0.00s Real=0.02s
[428.934s][info][gc,start       ] GC(2913) Pause Young (Allocation Failure)
[428.959s][info][gc,heap        ] GC(2913) DefNew: 140060K(157248K)->277K(157248K) Eden: 139776K(139776K)->0K(139776K) From: 284K(17472K)->277K(17472K)
[428.959s][info][gc,heap        ] GC(2913) Tenured: 17834K(349568K)->17855K(349568K)
[428.959s][info][gc,metaspace   ] GC(2913) Metaspace: 14290K(15232K)->14290K(15232K) NonClass: 12331K(12928K)->12331K(12928K) Class: 1959K(2304K)->1959K(2304K)
[428.959s][info][gc             ] GC(2913) Pause Young (Allocation Failure) 154M->17M(494M) 25.226ms
[428.959s][info][gc,cpu         ] GC(2913) User=0.02s Sys=0.00s Real=0.02s
[429.045s][info][gc,start       ] GC(2914) Pause Young (Allocation Failure)
[429.069s][info][gc,heap        ] GC(2914) DefNew: 140053K(157248K)->272K(157248K) Eden: 139776K(139776K)->0K(139776K) From: 277K(17472K)->272K(17472K)
[429.069s][info][gc,heap        ] GC(2914) Tenured: 17855K(349568K)->17873K(349568K)
[429.069s][info][gc,metaspace   ] GC(2914) Metaspace: 14290K(15232K)->14290K(15232K) NonClass: 12331K(12928K)->12331K(12928K) Class: 1959K(2304K)->1959K(2304K)
[429.069s][info][gc             ] GC(2914) Pause Young (Allocation Failure) 154M->17M(494M) 24.268ms
[429.069s][info][gc,cpu         ] GC(2914) User=0.02s Sys=0.00s Real=0.02s
[429.192s][info][gc,start       ] GC(2915) Pause Young (Allocation Failure)
[429.217s][info][gc,heap        ] GC(2915) DefNew: 140048K(157248K)->275K(157248K) Eden: 139776K(139776K)->0K(139776K) From: 272K(17472K)->275K(17472K)
[429.217s][info][gc,heap        ] GC(2915) Tenured: 17873K(349568K)->17891K(349568K)
[429.217s][info][gc,metaspace   ] GC(2915) Metaspace: 14290K(15232K)->14290K(15232K) NonClass: 12331K(12928K)->12331K(12928K) Class: 1959K(2304K)->1959K(2304K)
[429.217s][info][gc             ] GC(2915) Pause Young (Allocation Failure) 154M->17M(494M) 25.314ms
[429.217s][info][gc,cpu         ] GC(2915) User=0.02s Sys=0.00s Real=0.02s
[429.488s][info][gc,start       ] GC(2916) Pause Young (Allocation Failure)
[429.519s][info][gc,heap        ] GC(2916) DefNew: 140051K(157248K)->294K(157248K) Eden: 139776K(139776K)->0K(139776K) From: 275K(17472K)->294K(17472K)
[429.519s][info][gc,heap        ] GC(2916) Tenured: 17891K(349568K)->17908K(349568K)
[429.519s][info][gc,metaspace   ] GC(2916) Metaspace: 14290K(15232K)->14290K(15232K) NonClass: 12331K(12928K)->12331K(12928K) Class: 1959K(2304K)->1959K(2304K)
[429.519s][info][gc             ] GC(2916) Pause Young (Allocation Failure) 154M->17M(494M) 31.167ms
[429.519s][info][gc,cpu         ] GC(2916) User=0.02s Sys=0.00s Real=0.02s
[429.607s][info][gc,start       ] GC(2917) Pause Full (System.gc())
[429.607s][info][gc,phases,start] GC(2917) Phase 1: Mark live objects
[429.641s][info][gc,phases      ] GC(2917) Phase 1: Mark live objects 33.408ms
[429.641s][info][gc,phases,start] GC(2917) Phase 2: Compute new object addresses
[429.651s][info][gc,phases      ] GC(2917) Phase 2: Compute new object addresses 9.697ms
[429.651s][info][gc,phases,start] GC(2917) Phase 3: Adjust pointers
[429.672s][info][gc,phases      ] GC(2917) Phase 3: Adjust pointers 21.399ms
[429.672s][info][gc,phases,start] GC(2917) Phase 4: Move objects
[429.672s][info][gc,phases      ] GC(2917) Phase 4: Move objects 0.013ms
[429.672s][info][gc,heap        ] GC(2917) DefNew: 33944K(157248K)->0K(157248K) Eden: 33649K(139776K)->0K(139776K) From: 294K(17472K)->0K(17472K)
[429.672s][info][gc,heap        ] GC(2917) Tenured: 17908K(349568K)->17909K(349568K)
[429.672s][info][gc,metaspace   ] GC(2917) Metaspace: 14290K(15232K)->14290K(15232K) NonClass: 12331K(12928K)->12331K(12928K) Class: 1959K(2304K)->1959K(2304K)
[429.672s][info][gc             ] GC(2917) Pause Full (System.gc()) 50M->17M(494M) 64.877ms
[429.672s][info][gc,cpu         ] GC(2917) User=0.06s Sys=0.00s Real=0.06s
[429.768s][info][gc,start       ] GC(2918) Pause Young (Allocation Failure)
[429.790s][info][gc,heap        ] GC(2918) DefNew: 139776K(157248K)->1476K(157248K) Eden: 139776K(139776K)->0K(139776K) From: 0K(17472K)->1476K(17472K)
[429.790s][info][gc,heap        ] GC(2918) Tenured: 17909K(349568K)->17909K(349568K)
[429.790s][info][gc,metaspace   ] GC(2918) Metaspace: 14290K(15232K)->14290K(15232K) NonClass: 12331K(12928K)->12331K(12928K) Class: 1959K(2304K)->1959K(2304K)
[429.790s][info][gc             ] GC(2918) Pause Young (Allocation Failure) 153M->18M(494M) 22.383ms
[429.790s][info][gc,cpu         ] GC(2918) User=0.02s Sys=0.00s Real=0.02s
[429.906s][info][gc,start       ] GC(2919) Pause Young (Allocation Failure)
[429.929s][info][gc,heap        ] GC(2919) DefNew: 141252K(157248K)->1492K(157248K) Eden: 139776K(139776K)->0K(139776K) From: 1476K(17472K)->1492K(17472K)
[429.929s][info][gc,heap        ] GC(2919) Tenured: 17909K(349568K)->17909K(349568K)
[429.929s][info][gc,metaspace   ] GC(2919) Metaspace: 14290K(15232K)->14290K(15232K) NonClass: 12331K(12928K)->12331K(12928K) Class: 1959K(2304K)->1959K(2304K)
[429.929s][info][gc             ] GC(2919) Pause Young (Allocation Failure) 155M->18M(494M) 23.293ms
[429.929s][info][gc,cpu         ] GC(2919) User=0.03s Sys=0.00s Real=0.02s
[430.043s][info][gc,start       ] GC(2920) Pause Young (Allocation Failure)
[430.066s][info][gc,heap        ] GC(2920) DefNew: 141268K(157248K)->1510K(157248K) Eden: 139776K(139776K)->0K(139776K) From: 1492K(17472K)->1510K(17472K)
[430.066s][info][gc,heap        ] GC(2920) Tenured: 17909K(349568K)->17909K(349568K)
[430.066s][info][gc,metaspace   ] GC(2920) Metaspace: 14290K(15232K)->14290K(15232K) NonClass: 12331K(12928K)->12331K(12928K) Class: 1959K(2304K)->1959K(2304K)
[430.066s][info][gc             ] GC(2920) Pause Young (Allocation Failure) 155M->18M(494M) 22.575ms
[430.066s][info][gc,cpu         ] GC(2920) User=0.02s Sys=0.00s Real=0.02s
[430.174s][info][gc,start       ] GC(2921) Pause Young (Allocation Failure)
[430.197s][info][gc,heap        ] GC(2921) DefNew: 141286K(157248K)->1528K(157248K) Eden: 139776K(139776K)->0K(139776K) From: 1510K(17472K)->1528K(17472K)
[430.197s][info][gc,heap        ] GC(2921) Tenured: 17909K(349568K)->17909K(349568K)
[430.197s][info][gc,metaspace   ] GC(2921) Metaspace: 14290K(15232K)->14290K(15232K) NonClass: 12331K(12928K)->12331K(12928K) Class: 1959K(2304K)->1959K(2304K)
[430.197s][info][gc             ] GC(2921) Pause Young (Allocation Failure) 155M->18M(494M) 23.513ms
[430.197s][info][gc,cpu         ] GC(2921) User=0.02s Sys=0.00s Real=0.01s
[430.310s][info][gc,start       ] GC(2922) Pause Young (Allocation Failure)
[430.332s][info][gc,heap        ] GC(2922) DefNew: 141304K(157248K)->1544K(157248K) Eden: 139776K(139776K)->0K(139776K) From: 1528K(17472K)->1544K(17472K)
[430.332s][info][gc,heap        ] GC(2922) Tenured: 17909K(349568K)->17909K(349568K)
[430.332s][info][gc,metaspace   ] GC(2922) Metaspace: 14290K(15232K)->14290K(15232K) NonClass: 12331K(12928K)->12331K(12928K) Class: 1959K(2304K)->1959K(2304K)
[430.332s][info][gc             ] GC(2922) Pause Young (Allocation Failure) 155M->18M(494M) 22.704ms
[430.332s][info][gc,cpu         ] GC(2922) User=0.02s Sys=0.00s Real=0.01s
[430.445s][info][gc,start       ] GC(2923) Pause Young (Allocation Failure)
[430.469s][info][gc,heap        ] GC(2923) DefNew: 141320K(157248K)->1562K(157248K) Eden: 139776K(139776K)->0K(139776K) From: 1544K(17472K)->1562K(17472K)
[430.469s][info][gc,heap        ] GC(2923) Tenured: 17909K(349568K)->17909K(349568K)
[430.469s][info][gc,metaspace   ] GC(2923) Metaspace: 14290K(15232K)->14290K(15232K) NonClass: 12331K(12928K)->12331K(12928K) Class: 1959K(2304K)->1959K(2304K)
[430.469s][info][gc             ] GC(2923) Pause Young (Allocation Failure) 155M->19M(494M) 23.213ms
[430.469s][info][gc,cpu         ] GC(2923) User=0.02s Sys=0.00s Real=0.02s
[430.582s][info][gc,start       ] GC(2924) Pause Young (Allocation Failure)
[430.613s][info][gc,heap        ] GC(2924) DefNew: 141338K(157248K)->1580K(157248K) Eden: 139776K(139776K)->0K(139776K) From: 1562K(17472K)->1580K(17472K)
[430.613s][info][gc,heap        ] GC(2924) Tenured: 17909K(349568K)->17909K(349568K)
[430.613s][info][gc,metaspace   ] GC(2924) Metaspace: 14290K(15232K)->14290K(15232K) NonClass: 12331K(12928K)->12331K(12928K) Class: 1959K(2304K)->1959K(2304K)
[430.613s][info][gc             ] GC(2924) Pause Young (Allocation Failure) 155M->19M(494M) 30.468ms
[430.613s][info][gc,cpu         ] GC(2924) User=0.03s Sys=0.00s Real=0.03s
[430.726s][info][gc,start       ] GC(2925) Pause Young (Allocation Failure)
[430.760s][info][gc,heap        ] GC(2925) DefNew: 141356K(157248K)->1602K(157248K) Eden: 139776K(139776K)->0K(139776K) From: 1580K(17472K)->1602K(17472K)
[430.760s][info][gc,heap        ] GC(2925) Tenured: 17909K(349568K)->17909K(349568K)
[430.760s][info][gc,metaspace   ] GC(2925) Metaspace: 14290K(15232K)->14290K(15232K) NonClass: 12331K(12928K)->12331K(12928K) Class: 1959K(2304K)->1959K(2304K)
[430.760s][info][gc             ] GC(2925) Pause Young (Allocation Failure) 155M->19M(494M) 33.754ms
[430.760s][info][gc,cpu         ] GC(2925) User=0.03s Sys=0.00s Real=0.03s
[430.875s][info][gc,start       ] GC(2926) Pause Young (Allocation Failure)
[430.906s][info][gc,heap        ] GC(2926) DefNew: 141378K(157248K)->1621K(157248K) Eden: 139776K(139776K)->0K(139776K) From: 1602K(17472K)->1621K(17472K)
[430.906s][info][gc,heap        ] GC(2926) Tenured: 17909K(349568K)->17909K(349568K)
[430.906s][info][gc,metaspace   ] GC(2926) Metaspace: 14290K(15232K)->14290K(15232K) NonClass: 12331K(12928K)->12331K(12928K) Class: 1959K(2304K)->1959K(2304K)
[430.906s][info][gc             ] GC(2926) Pause Young (Allocation Failure) 155M->19M(494M) 30.817ms
[430.906s][info][gc,cpu         ] GC(2926) User=0.03s Sys=0.00s Real=0.03s
[431.018s][info][gc,start       ] GC(2927) Pause Young (Allocation Failure)
[431.049s][info][gc,heap        ] GC(2927) DefNew: 141397K(157248K)->1639K(157248K) Eden: 139776K(139776K)->0K(139776K) From: 1621K(17472K)->1639K(17472K)
[431.049s][info][gc,heap        ] GC(2927) Tenured: 17909K(349568K)->17909K(349568K)
[431.049s][info][gc,metaspace   ] GC(2927) Metaspace: 14290K(15232K)->14290K(15232K) NonClass: 12331K(12928K)->12331K(12928K) Class: 1959K(2304K)->1959K(2304K)
[431.049s][info][gc             ] GC(2927) Pause Young (Allocation Failure) 155M->19M(494M) 31.009ms
[431.049s][info][gc,cpu         ] GC(2927) User=0.02s Sys=0.00s Real=0.02s
[431.165s][info][gc,start       ] GC(2928) Pause Young (Allocation Failure)
[431.197s][info][gc,heap        ] GC(2928) DefNew: 141415K(157248K)->1656K(157248K) Eden: 139776K(139776K)->0K(139776K) From: 1639K(17472K)->1656K(17472K)
[431.197s][info][gc,heap        ] GC(2928) Tenured: 17909K(349568K)->17909K(349568K)
[431.197s][info][gc,metaspace   ] GC(2928) Metaspace: 14290K(15232K)->14290K(15232K) NonClass: 12331K(12928K)->12331K(12928K) Class: 1959K(2304K)->1959K(2304K)
[431.197s][info][gc             ] GC(2928) Pause Young (Allocation Failure) 155M->19M(494M) 32.140ms
[431.197s][info][gc,cpu         ] GC(2928) User=0.02s Sys=0.00s Real=0.02s
[431.316s][info][gc,start       ] GC(2929) Pause Young (Allocation Failure)
[431.347s][info][gc,heap        ] GC(2929) DefNew: 141432K(157248K)->1674K(157248K) Eden: 139776K(139776K)->0K(139776K) From: 1656K(17472K)->1674K(17472K)
[431.347s][info][gc,heap        ] GC(2929) Tenured: 17909K(349568K)->17909K(349568K)
[431.347s][info][gc,metaspace   ] GC(2929) Metaspace: 14290K(15232K)->14290K(15232K) NonClass: 12331K(12928K)->12331K(12928K) Class: 1959K(2304K)->1959K(2304K)
[431.347s][info][gc             ] GC(2929) Pause Young (Allocation Failure) 155M->19M(494M) 31.092ms
[431.347s][info][gc,cpu         ] GC(2929) User=0.02s Sys=0.00s Real=0.02s
[431.458s][info][gc,start       ] GC(2930) Pause Young (Allocation Failure)
[431.491s][info][gc,heap        ] GC(2930) DefNew: 141450K(157248K)->1693K(157248K) Eden: 139776K(139776K)->0K(139776K) From: 1674K(17472K)->1693K(17472K)
[431.491s][info][gc,heap        ] GC(2930) Tenured: 17909K(349568K)->17909K(349568K)
[431.491s][info][gc,metaspace   ] GC(2930) Metaspace: 14290K(15232K)->14290K(15232K) NonClass: 12331K(12928K)->12331K(12928K) Class: 1959K(2304K)->1959K(2304K)
[431.491s][info][gc             ] GC(2930) Pause Young (Allocation Failure) 155M->19M(494M) 32.658ms
[431.491s][info][gc,cpu         ] GC(2930) User=0.03s Sys=0.00s Real=0.03s
[431.608s][info][gc,start       ] GC(2931) Pause Young (Allocation Failure)
[431.641s][info][gc,heap        ] GC(2931) DefNew: 141469K(157248K)->1713K(157248K) Eden: 139776K(139776K)->0K(139776K) From: 1693K(17472K)->1713K(17472K)
[431.641s][info][gc,heap        ] GC(2931) Tenured: 17909K(349568K)->17909K(349568K)
[431.641s][info][gc,metaspace   ] GC(2931) Metaspace: 14290K(15232K)->14290K(15232K) NonClass: 12331K(12928K)->12331K(12928K) Class: 1959K(2304K)->1959K(2304K)
[431.641s][info][gc             ] GC(2931) Pause Young (Allocation Failure) 155M->19M(494M) 32.789ms
[431.641s][info][gc,cpu         ] GC(2931) User=0.03s Sys=0.00s Real=0.03s
[431.752s][info][gc,start       ] GC(2932) Pause Young (Allocation Failure)
[431.785s][info][gc,heap        ] GC(2932) DefNew: 141489K(157248K)->1730K(157248K) Eden: 139776K(139776K)->0K(139776K) From: 1713K(17472K)->1730K(17472K)
[431.785s][info][gc,heap        ] GC(2932) Tenured: 17909K(349568K)->17909K(349568K)
[431.785s][info][gc,metaspace   ] GC(2932) Metaspace: 14290K(15232K)->14290K(15232K) NonClass: 12331K(12928K)->12331K(12928K) Class: 1959K(2304K)->1959K(2304K)
[431.785s][info][gc             ] GC(2932) Pause Young (Allocation Failure) 155M->19M(494M) 33.821ms
[431.785s][info][gc,cpu         ] GC(2932) User=0.03s Sys=0.00s Real=0.03s
[431.902s][info][gc,start       ] GC(2933) Pause Young (Allocation Failure)
[431.927s][info][gc,heap        ] GC(2933) DefNew: 141506K(157248K)->282K(157248K) Eden: 139776K(139776K)->0K(139776K) From: 1730K(17472K)->282K(17472K)
[431.927s][info][gc,heap        ] GC(2933) Tenured: 17909K(349568K)->19375K(349568K)
[431.927s][info][gc,metaspace   ] GC(2933) Metaspace: 14290K(15232K)->14290K(15232K) NonClass: 12331K(12928K)->12331K(12928K) Class: 1959K(2304K)->1959K(2304K)
[431.927s][info][gc             ] GC(2933) Pause Young (Allocation Failure) 155M->19M(494M) 25.603ms
[431.927s][info][gc,cpu         ] GC(2933) User=0.02s Sys=0.00s Real=0.02s
[432.035s][info][gc,start       ] GC(2934) Pause Young (Allocation Failure)
[432.059s][info][gc,heap        ] GC(2934) DefNew: 140058K(157248K)->282K(157248K) Eden: 139776K(139776K)->0K(139776K) From: 282K(17472K)->282K(17472K)
[432.059s][info][gc,heap        ] GC(2934) Tenured: 19375K(349568K)->19393K(349568K)
[432.059s][info][gc,metaspace   ] GC(2934) Metaspace: 14290K(15232K)->14290K(15232K) NonClass: 12331K(12928K)->12331K(12928K) Class: 1959K(2304K)->1959K(2304K)
[432.059s][info][gc             ] GC(2934) Pause Young (Allocation Failure) 155M->19M(494M) 24.178ms
[432.059s][info][gc,cpu         ] GC(2934) User=0.02s Sys=0.00s Real=0.01s
[432.169s][info][gc,start       ] GC(2935) Pause Young (Allocation Failure)
[432.194s][info][gc,heap        ] GC(2935) DefNew: 140058K(157248K)->283K(157248K) Eden: 139776K(139776K)->0K(139776K) From: 282K(17472K)->283K(17472K)
[432.194s][info][gc,heap        ] GC(2935) Tenured: 19393K(349568K)->19410K(349568K)
[432.194s][info][gc,metaspace   ] GC(2935) Metaspace: 14290K(15232K)->14290K(15232K) NonClass: 12331K(12928K)->12331K(12928K) Class: 1959K(2304K)->1959K(2304K)
[432.194s][info][gc             ] GC(2935) Pause Young (Allocation Failure) 155M->19M(494M) 24.841ms
[432.194s][info][gc,cpu         ] GC(2935) User=0.02s Sys=0.00s Real=0.02s
[432.303s][info][gc,start       ] GC(2936) Pause Young (Allocation Failure)
[432.328s][info][gc,heap        ] GC(2936) DefNew: 140059K(157248K)->283K(157248K) Eden: 139776K(139776K)->0K(139776K) From: 283K(17472K)->283K(17472K)
[432.328s][info][gc,heap        ] GC(2936) Tenured: 19410K(349568K)->19428K(349568K)
[432.328s][info][gc,metaspace   ] GC(2936) Metaspace: 14290K(15232K)->14290K(15232K) NonClass: 12331K(12928K)->12331K(12928K) Class: 1959K(2304K)->1959K(2304K)
[432.328s][info][gc             ] GC(2936) Pause Young (Allocation Failure) 155M->19M(494M) 25.090ms
[432.329s][info][gc,cpu         ] GC(2936) User=0.02s Sys=0.00s Real=0.02s
[432.437s][info][gc,start       ] GC(2937) Pause Young (Allocation Failure)
[432.470s][info][gc,heap        ] GC(2937) DefNew: 140059K(157248K)->286K(157248K) Eden: 139776K(139776K)->0K(139776K) From: 283K(17472K)->286K(17472K)
[432.470s][info][gc,heap        ] GC(2937) Tenured: 19428K(349568K)->19443K(349568K)
[432.470s][info][gc,metaspace   ] GC(2937) Metaspace: 14290K(15232K)->14290K(15232K) NonClass: 12331K(12928K)->12331K(12928K) Class: 1959K(2304K)->1959K(2304K)
[432.470s][info][gc             ] GC(2937) Pause Young (Allocation Failure) 155M->19M(494M) 33.478ms
[432.470s][info][gc,cpu         ] GC(2937) User=0.03s Sys=0.00s Real=0.02s
[432.583s][info][gc,start       ] GC(2938) Pause Young (Allocation Failure)
[432.617s][info][gc,heap        ] GC(2938) DefNew: 140062K(157248K)->282K(157248K) Eden: 139776K(139776K)->0K(139776K) From: 286K(17472K)->282K(17472K)
[432.617s][info][gc,heap        ] GC(2938) Tenured: 19443K(349568K)->19463K(349568K)
[432.617s][info][gc,metaspace   ] GC(2938) Metaspace: 14290K(15232K)->14290K(15232K) NonClass: 12331K(12928K)->12331K(12928K) Class: 1959K(2304K)->1959K(2304K)
[432.617s][info][gc             ] GC(2938) Pause Young (Allocation Failure) 155M->19M(494M) 33.965ms
[432.617s][info][gc,cpu         ] GC(2938) User=0.05s Sys=0.00s Real=0.03s
[432.726s][info][gc,start       ] GC(2939) Pause Young (Allocation Failure)
[432.762s][info][gc,heap        ] GC(2939) DefNew: 140058K(157248K)->284K(157248K) Eden: 139776K(139776K)->0K(139776K) From: 282K(17472K)->284K(17472K)
[432.762s][info][gc,heap        ] GC(2939) Tenured: 19463K(349568K)->19481K(349568K)
[432.762s][info][gc,metaspace   ] GC(2939) Metaspace: 14290K(15232K)->14290K(15232K) NonClass: 12331K(12928K)->12331K(12928K) Class: 1959K(2304K)->1959K(2304K)
[432.762s][info][gc             ] GC(2939) Pause Young (Allocation Failure) 155M->19M(494M) 35.257ms
[432.762s][info][gc,cpu         ] GC(2939) User=0.03s Sys=0.00s Real=0.03s
[432.874s][info][gc,start       ] GC(2940) Pause Young (Allocation Failure)
[432.899s][info][gc,heap        ] GC(2940) DefNew: 140060K(157248K)->283K(157248K) Eden: 139776K(139776K)->0K(139776K) From: 284K(17472K)->283K(17472K)
[432.899s][info][gc,heap        ] GC(2940) Tenured: 19481K(349568K)->19502K(349568K)
[432.899s][info][gc,metaspace   ] GC(2940) Metaspace: 14290K(15232K)->14290K(15232K) NonClass: 12331K(12928K)->12331K(12928K) Class: 1959K(2304K)->1959K(2304K)
[432.899s][info][gc             ] GC(2940) Pause Young (Allocation Failure) 155M->19M(494M) 25.357ms
[432.899s][info][gc,cpu         ] GC(2940) User=0.02s Sys=0.00s Real=0.02s
[433.008s][info][gc,start       ] GC(2941) Pause Young (Allocation Failure)
[433.033s][info][gc,heap        ] GC(2941) DefNew: 140059K(157248K)->280K(157248K) Eden: 139776K(139776K)->0K(139776K) From: 283K(17472K)->280K(17472K)
[433.033s][info][gc,heap        ] GC(2941) Tenured: 19502K(349568K)->19522K(349568K)
[433.033s][info][gc,metaspace   ] GC(2941) Metaspace: 14290K(15232K)->14290K(15232K) NonClass: 12331K(12928K)->12331K(12928K) Class: 1959K(2304K)->1959K(2304K)
[433.033s][info][gc             ] GC(2941) Pause Young (Allocation Failure) 155M->19M(494M) 25.637ms
[433.033s][info][gc,cpu         ] GC(2941) User=0.00s Sys=0.00s Real=0.01s
[433.141s][info][gc,start       ] GC(2942) Pause Young (Allocation Failure)
[433.167s][info][gc,heap        ] GC(2942) DefNew: 140056K(157248K)->280K(157248K) Eden: 139776K(139776K)->0K(139776K) From: 280K(17472K)->280K(17472K)
[433.167s][info][gc,heap        ] GC(2942) Tenured: 19522K(349568K)->19540K(349568K)
[433.167s][info][gc,metaspace   ] GC(2942) Metaspace: 14290K(15232K)->14290K(15232K) NonClass: 12331K(12928K)->12331K(12928K) Class: 1959K(2304K)->1959K(2304K)
[433.167s][info][gc             ] GC(2942) Pause Young (Allocation Failure) 155M->19M(494M) 25.894ms
[433.167s][info][gc,cpu         ] GC(2942) User=0.03s Sys=0.00s Real=0.03s
[433.344s][info][gc,start       ] GC(2943) Pause Young (Allocation Failure)
[433.377s][info][gc,heap        ] GC(2943) DefNew: 140056K(157248K)->280K(157248K) Eden: 139776K(139776K)->0K(139776K) From: 280K(17472K)->280K(17472K)
[433.377s][info][gc,heap        ] GC(2943) Tenured: 19540K(349568K)->19557K(349568K)
[433.377s][info][gc,metaspace   ] GC(2943) Metaspace: 14290K(15232K)->14290K(15232K) NonClass: 12331K(12928K)->12331K(12928K) Class: 1959K(2304K)->1959K(2304K)
[433.377s][info][gc             ] GC(2943) Pause Young (Allocation Failure) 155M->19M(494M) 32.819ms
[433.377s][info][gc,cpu         ] GC(2943) User=0.03s Sys=0.00s Real=0.03s
[433.491s][info][gc,start       ] GC(2944) Pause Young (Allocation Failure)
[433.516s][info][gc,heap        ] GC(2944) DefNew: 140056K(157248K)->280K(157248K) Eden: 139776K(139776K)->0K(139776K) From: 280K(17472K)->280K(17472K)
[433.516s][info][gc,heap        ] GC(2944) Tenured: 19557K(349568K)->19575K(349568K)
[433.516s][info][gc,metaspace   ] GC(2944) Metaspace: 14290K(15232K)->14290K(15232K) NonClass: 12331K(12928K)->12331K(12928K) Class: 1959K(2304K)->1959K(2304K)
[433.516s][info][gc             ] GC(2944) Pause Young (Allocation Failure) 155M->19M(494M) 25.191ms
[433.516s][info][gc,cpu         ] GC(2944) User=0.02s Sys=0.00s Real=0.02s
[433.631s][info][gc,start       ] GC(2945) Pause Young (Allocation Failure)
[433.656s][info][gc,heap        ] GC(2945) DefNew: 140056K(157248K)->283K(157248K) Eden: 139776K(139776K)->0K(139776K) From: 280K(17472K)->283K(17472K)
[433.656s][info][gc,heap        ] GC(2945) Tenured: 19575K(349568K)->19592K(349568K)
[433.656s][info][gc,metaspace   ] GC(2945) Metaspace: 14290K(15232K)->14290K(15232K) NonClass: 12331K(12928K)->12331K(12928K) Class: 1959K(2304K)->1959K(2304K)
[433.656s][info][gc             ] GC(2945) Pause Young (Allocation Failure) 155M->19M(494M) 24.413ms
[433.656s][info][gc,cpu         ] GC(2945) User=0.02s Sys=0.00s Real=0.01s
[433.778s][info][gc,start       ] GC(2946) Pause Young (Allocation Failure)
[433.808s][info][gc,heap        ] GC(2946) DefNew: 140059K(157248K)->284K(157248K) Eden: 139776K(139776K)->0K(139776K) From: 283K(17472K)->284K(17472K)
[433.808s][info][gc,heap        ] GC(2946) Tenured: 19592K(349568K)->19613K(349568K)
[433.808s][info][gc,metaspace   ] GC(2946) Metaspace: 14290K(15232K)->14290K(15232K) NonClass: 12331K(12928K)->12331K(12928K) Class: 1959K(2304K)->1959K(2304K)
[433.808s][info][gc             ] GC(2946) Pause Young (Allocation Failure) 155M->19M(494M) 29.953ms
[433.808s][info][gc,cpu         ] GC(2946) User=0.03s Sys=0.00s Real=0.03s
[433.936s][info][gc,start       ] GC(2947) Pause Young (Allocation Failure)
[433.965s][info][gc,heap        ] GC(2947) DefNew: 140060K(157248K)->286K(157248K) Eden: 139776K(139776K)->0K(139776K) From: 284K(17472K)->286K(17472K)
[433.965s][info][gc,heap        ] GC(2947) Tenured: 19613K(349568K)->19631K(349568K)
[433.965s][info][gc,metaspace   ] GC(2947) Metaspace: 14290K(15232K)->14290K(15232K) NonClass: 12331K(12928K)->12331K(12928K) Class: 1959K(2304K)->1959K(2304K)
[433.965s][info][gc             ] GC(2947) Pause Young (Allocation Failure) 155M->19M(494M) 28.760ms
[433.965s][info][gc,cpu         ] GC(2947) User=0.02s Sys=0.00s Real=0.02s
[434.074s][info][gc,start       ] GC(2948) Pause Young (Allocation Failure)
[434.103s][info][gc,heap        ] GC(2948) DefNew: 140062K(157248K)->286K(157248K) Eden: 139776K(139776K)->0K(139776K) From: 286K(17472K)->286K(17472K)
[434.103s][info][gc,heap        ] GC(2948) Tenured: 19631K(349568K)->19649K(349568K)
[434.103s][info][gc,metaspace   ] GC(2948) Metaspace: 14290K(15232K)->14290K(15232K) NonClass: 12331K(12928K)->12331K(12928K) Class: 1959K(2304K)->1959K(2304K)
[434.103s][info][gc             ] GC(2948) Pause Young (Allocation Failure) 155M->19M(494M) 29.024ms
[434.103s][info][gc,cpu         ] GC(2948) User=0.02s Sys=0.00s Real=0.02s
[434.213s][info][gc,start       ] GC(2949) Pause Young (Allocation Failure)
[434.242s][info][gc,heap        ] GC(2949) DefNew: 140062K(157248K)->286K(157248K) Eden: 139776K(139776K)->0K(139776K) From: 286K(17472K)->286K(17472K)
[434.242s][info][gc,heap        ] GC(2949) Tenured: 19649K(349568K)->19666K(349568K)
[434.242s][info][gc,metaspace   ] GC(2949) Metaspace: 14290K(15232K)->14290K(15232K) NonClass: 12331K(12928K)->12331K(12928K) Class: 1959K(2304K)->1959K(2304K)
[434.242s][info][gc             ] GC(2949) Pause Young (Allocation Failure) 155M->19M(494M) 29.833ms
[434.242s][info][gc,cpu         ] GC(2949) User=0.03s Sys=0.00s Real=0.03s
[434.353s][info][gc,start       ] GC(2950) Pause Young (Allocation Failure)
[434.383s][info][gc,heap        ] GC(2950) DefNew: 140062K(157248K)->288K(157248K) Eden: 139776K(139776K)->0K(139776K) From: 286K(17472K)->288K(17472K)
[434.383s][info][gc,heap        ] GC(2950) Tenured: 19666K(349568K)->19684K(349568K)
[434.383s][info][gc,metaspace   ] GC(2950) Metaspace: 14290K(15232K)->14290K(15232K) NonClass: 12331K(12928K)->12331K(12928K) Class: 1959K(2304K)->1959K(2304K)
[434.383s][info][gc             ] GC(2950) Pause Young (Allocation Failure) 155M->19M(494M) 29.829ms
[434.383s][info][gc,cpu         ] GC(2950) User=0.03s Sys=0.00s Real=0.03s
[434.494s][info][gc,start       ] GC(2951) Pause Young (Allocation Failure)
[434.524s][info][gc,heap        ] GC(2951) DefNew: 140064K(157248K)->291K(157248K) Eden: 139776K(139776K)->0K(139776K) From: 288K(17472K)->291K(17472K)
[434.524s][info][gc,heap        ] GC(2951) Tenured: 19684K(349568K)->19702K(349568K)
[434.524s][info][gc,metaspace   ] GC(2951) Metaspace: 14290K(15232K)->14290K(15232K) NonClass: 12331K(12928K)->12331K(12928K) Class: 1959K(2304K)->1959K(2304K)
[434.524s][info][gc             ] GC(2951) Pause Young (Allocation Failure) 156M->19M(494M) 30.300ms
[434.524s][info][gc,cpu         ] GC(2951) User=0.03s Sys=0.00s Real=0.03s
[434.638s][info][gc,start       ] GC(2952) Pause Young (Allocation Failure)
[434.667s][info][gc,heap        ] GC(2952) DefNew: 140067K(157248K)->291K(157248K) Eden: 139776K(139776K)->0K(139776K) From: 291K(17472K)->291K(17472K)
[434.667s][info][gc,heap        ] GC(2952) Tenured: 19702K(349568K)->19720K(349568K)
[434.667s][info][gc,metaspace   ] GC(2952) Metaspace: 14290K(15232K)->14290K(15232K) NonClass: 12331K(12928K)->12331K(12928K) Class: 1959K(2304K)->1959K(2304K)
[434.668s][info][gc             ] GC(2952) Pause Young (Allocation Failure) 156M->19M(494M) 29.031ms
[434.668s][info][gc,cpu         ] GC(2952) User=0.02s Sys=0.00s Real=0.01s
[434.776s][info][gc,start       ] GC(2953) Pause Young (Allocation Failure)
[434.806s][info][gc,heap        ] GC(2953) DefNew: 140037K(157248K)->290K(157248K) Eden: 139745K(139776K)->0K(139776K) From: 291K(17472K)->290K(17472K)
[434.806s][info][gc,heap        ] GC(2953) Tenured: 19720K(349568K)->19737K(349568K)
[434.806s][info][gc,metaspace   ] GC(2953) Metaspace: 14290K(15232K)->14290K(15232K) NonClass: 12331K(12928K)->12331K(12928K) Class: 1959K(2304K)->1959K(2304K)
[434.806s][info][gc             ] GC(2953) Pause Young (Allocation Failure) 156M->19M(494M) 30.234ms
[434.806s][info][gc,cpu         ] GC(2953) User=0.02s Sys=0.00s Real=0.02s
[434.918s][info][gc,start       ] GC(2954) Pause Young (Allocation Failure)
[434.948s][info][gc,heap        ] GC(2954) DefNew: 140066K(157248K)->290K(157248K) Eden: 139776K(139776K)->0K(139776K) From: 290K(17472K)->290K(17472K)
[434.948s][info][gc,heap        ] GC(2954) Tenured: 19737K(349568K)->19756K(349568K)
[434.948s][info][gc,metaspace   ] GC(2954) Metaspace: 14290K(15232K)->14290K(15232K) NonClass: 12331K(12928K)->12331K(12928K) Class: 1959K(2304K)->1959K(2304K)
[434.948s][info][gc             ] GC(2954) Pause Young (Allocation Failure) 156M->19M(494M) 30.264ms
[434.948s][info][gc,cpu         ] GC(2954) User=0.02s Sys=0.00s Real=0.02s
[435.058s][info][gc,start       ] GC(2955) Pause Young (Allocation Failure)
[435.089s][info][gc,heap        ] GC(2955) DefNew: 140066K(157248K)->287K(157248K) Eden: 139776K(139776K)->0K(139776K) From: 290K(17472K)->287K(17472K)
[435.089s][info][gc,heap        ] GC(2955) Tenured: 19756K(349568K)->19777K(349568K)
[435.089s][info][gc,metaspace   ] GC(2955) Metaspace: 14290K(15232K)->14290K(15232K) NonClass: 12331K(12928K)->12331K(12928K) Class: 1959K(2304K)->1959K(2304K)
[435.089s][info][gc             ] GC(2955) Pause Young (Allocation Failure) 156M->19M(494M) 31.138ms
[435.089s][info][gc,cpu         ] GC(2955) User=0.02s Sys=0.00s Real=0.02s
[435.201s][info][gc,start       ] GC(2956) Pause Young (Allocation Failure)
[435.224s][info][gc,heap        ] GC(2956) DefNew: 140063K(157248K)->288K(157248K) Eden: 139775K(139776K)->0K(139776K) From: 287K(17472K)->288K(17472K)
[435.224s][info][gc,heap        ] GC(2956) Tenured: 19777K(349568K)->19794K(349568K)
[435.224s][info][gc,metaspace   ] GC(2956) Metaspace: 14290K(15232K)->14290K(15232K) NonClass: 12331K(12928K)->12331K(12928K) Class: 1959K(2304K)->1959K(2304K)
[435.224s][info][gc             ] GC(2956) Pause Young (Allocation Failure) 156M->19M(494M) 23.490ms
[435.224s][info][gc,cpu         ] GC(2956) User=0.02s Sys=0.00s Real=0.02s
[435.333s][info][gc,start       ] GC(2957) Pause Young (Allocation Failure)
[435.363s][info][gc,heap        ] GC(2957) DefNew: 140064K(157248K)->286K(157248K) Eden: 139776K(139776K)->0K(139776K) From: 288K(17472K)->286K(17472K)
[435.363s][info][gc,heap        ] GC(2957) Tenured: 19794K(349568K)->19812K(349568K)
[435.363s][info][gc,metaspace   ] GC(2957) Metaspace: 14290K(15232K)->14290K(15232K) NonClass: 12331K(12928K)->12331K(12928K) Class: 1959K(2304K)->1959K(2304K)
[435.363s][info][gc             ] GC(2957) Pause Young (Allocation Failure) 156M->19M(494M) 30.838ms
[435.363s][info][gc,cpu         ] GC(2957) User=0.03s Sys=0.00s Real=0.02s
[435.472s][info][gc,start       ] GC(2958) Pause Young (Allocation Failure)
[435.502s][info][gc,heap        ] GC(2958) DefNew: 140062K(157248K)->287K(157248K) Eden: 139775K(139776K)->0K(139776K) From: 286K(17472K)->287K(17472K)
[435.502s][info][gc,heap        ] GC(2958) Tenured: 19812K(349568K)->19830K(349568K)
[435.502s][info][gc,metaspace   ] GC(2958) Metaspace: 14290K(15232K)->14290K(15232K) NonClass: 12331K(12928K)->12331K(12928K) Class: 1959K(2304K)->1959K(2304K)
[435.502s][info][gc             ] GC(2958) Pause Young (Allocation Failure) 156M->19M(494M) 30.045ms
[435.502s][info][gc,cpu         ] GC(2958) User=0.03s Sys=0.00s Real=0.02s
[435.612s][info][gc,start       ] GC(2959) Pause Young (Allocation Failure)
[435.644s][info][gc,heap        ] GC(2959) DefNew: 140063K(157248K)->289K(157248K) Eden: 139776K(139776K)->0K(139776K) From: 287K(17472K)->289K(17472K)
[435.644s][info][gc,heap        ] GC(2959) Tenured: 19830K(349568K)->19848K(349568K)
[435.644s][info][gc,metaspace   ] GC(2959) Metaspace: 14290K(15232K)->14290K(15232K) NonClass: 12331K(12928K)->12331K(12928K) Class: 1959K(2304K)->1959K(2304K)
[435.644s][info][gc             ] GC(2959) Pause Young (Allocation Failure) 156M->19M(494M) 32.383ms
[435.644s][info][gc,cpu         ] GC(2959) User=0.02s Sys=0.00s Real=0.02s
[435.755s][info][gc,start       ] GC(2960) Pause Young (Allocation Failure)
[435.787s][info][gc,heap        ] GC(2960) DefNew: 140065K(157248K)->285K(157248K) Eden: 139776K(139776K)->0K(139776K) From: 289K(17472K)->285K(17472K)
[435.787s][info][gc,heap        ] GC(2960) Tenured: 19848K(349568K)->19868K(349568K)
[435.787s][info][gc,metaspace   ] GC(2960) Metaspace: 14290K(15232K)->14290K(15232K) NonClass: 12331K(12928K)->12331K(12928K) Class: 1959K(2304K)->1959K(2304K)
[435.787s][info][gc             ] GC(2960) Pause Young (Allocation Failure) 156M->19M(494M) 32.008ms
[435.787s][info][gc,cpu         ] GC(2960) User=0.03s Sys=0.00s Real=0.03s
[435.899s][info][gc,start       ] GC(2961) Pause Young (Allocation Failure)
[435.932s][info][gc,heap        ] GC(2961) DefNew: 140061K(157248K)->284K(157248K) Eden: 139776K(139776K)->0K(139776K) From: 285K(17472K)->284K(17472K)
[435.932s][info][gc,heap        ] GC(2961) Tenured: 19868K(349568K)->19889K(349568K)
[435.932s][info][gc,metaspace   ] GC(2961) Metaspace: 14290K(15232K)->14290K(15232K) NonClass: 12331K(12928K)->12331K(12928K) Class: 1959K(2304K)->1959K(2304K)
[435.932s][info][gc             ] GC(2961) Pause Young (Allocation Failure) 156M->19M(494M) 32.759ms
[435.932s][info][gc,cpu         ] GC(2961) User=0.03s Sys=0.00s Real=0.03s
[436.044s][info][gc,start       ] GC(2962) Pause Young (Allocation Failure)
[436.078s][info][gc,heap        ] GC(2962) DefNew: 140060K(157248K)->280K(157248K) Eden: 139776K(139776K)->0K(139776K) From: 284K(17472K)->280K(17472K)
[436.078s][info][gc,heap        ] GC(2962) Tenured: 19889K(349568K)->19910K(349568K)
[436.078s][info][gc,metaspace   ] GC(2962) Metaspace: 14290K(15232K)->14290K(15232K) NonClass: 12331K(12928K)->12331K(12928K) Class: 1959K(2304K)->1959K(2304K)
[436.078s][info][gc             ] GC(2962) Pause Young (Allocation Failure) 156M->19M(494M) 33.736ms
[436.078s][info][gc,cpu         ] GC(2962) User=0.03s Sys=0.00s Real=0.03s
[436.189s][info][gc,start       ] GC(2963) Pause Young (Allocation Failure)
[436.222s][info][gc,heap        ] GC(2963) DefNew: 140056K(157248K)->279K(157248K) Eden: 139776K(139776K)->0K(139776K) From: 280K(17472K)->279K(17472K)
[436.222s][info][gc,heap        ] GC(2963) Tenured: 19910K(349568K)->19927K(349568K)
[436.222s][info][gc,metaspace   ] GC(2963) Metaspace: 14290K(15232K)->14290K(15232K) NonClass: 12331K(12928K)->12331K(12928K) Class: 1959K(2304K)->1959K(2304K)
[436.222s][info][gc             ] GC(2963) Pause Young (Allocation Failure) 156M->19M(494M) 33.111ms
[436.223s][info][gc,cpu         ] GC(2963) User=0.03s Sys=0.00s Real=0.02s
[436.333s][info][gc,start       ] GC(2964) Pause Young (Allocation Failure)
[436.366s][info][gc,heap        ] GC(2964) DefNew: 140055K(157248K)->279K(157248K) Eden: 139776K(139776K)->0K(139776K) From: 279K(17472K)->279K(17472K)
[436.366s][info][gc,heap        ] GC(2964) Tenured: 19927K(349568K)->19945K(349568K)
[436.366s][info][gc,metaspace   ] GC(2964) Metaspace: 14290K(15232K)->14290K(15232K) NonClass: 12331K(12928K)->12331K(12928K) Class: 1959K(2304K)->1959K(2304K)
[436.366s][info][gc             ] GC(2964) Pause Young (Allocation Failure) 156M->19M(494M) 33.033ms
[436.366s][info][gc,cpu         ] GC(2964) User=0.03s Sys=0.00s Real=0.02s
[436.477s][info][gc,start       ] GC(2965) Pause Young (Allocation Failure)
[436.511s][info][gc,heap        ] GC(2965) DefNew: 140055K(157248K)->279K(157248K) Eden: 139776K(139776K)->0K(139776K) From: 279K(17472K)->279K(17472K)
[436.511s][info][gc,heap        ] GC(2965) Tenured: 19945K(349568K)->19963K(349568K)
[436.511s][info][gc,metaspace   ] GC(2965) Metaspace: 14290K(15232K)->14290K(15232K) NonClass: 12331K(12928K)->12331K(12928K) Class: 1959K(2304K)->1959K(2304K)
[436.511s][info][gc             ] GC(2965) Pause Young (Allocation Failure) 156M->19M(494M) 33.376ms
[436.511s][info][gc,cpu         ] GC(2965) User=0.02s Sys=0.00s Real=0.02s
[436.622s][info][gc,start       ] GC(2966) Pause Young (Allocation Failure)
[436.656s][info][gc,heap        ] GC(2966) DefNew: 140055K(157248K)->276K(157248K) Eden: 139776K(139776K)->0K(139776K) From: 279K(17472K)->276K(17472K)
[436.657s][info][gc,heap        ] GC(2966) Tenured: 19963K(349568K)->19984K(349568K)
[436.657s][info][gc,metaspace   ] GC(2966) Metaspace: 14290K(15232K)->14290K(15232K) NonClass: 12331K(12928K)->12331K(12928K) Class: 1959K(2304K)->1959K(2304K)
[436.657s][info][gc             ] GC(2966) Pause Young (Allocation Failure) 156M->19M(494M) 34.628ms
[436.657s][info][gc,cpu         ] GC(2966) User=0.03s Sys=0.00s Real=0.03s
[436.768s][info][gc,start       ] GC(2967) Pause Young (Allocation Failure)
[436.793s][info][gc,heap        ] GC(2967) DefNew: 140052K(157248K)->275K(157248K) Eden: 139776K(139776K)->0K(139776K) From: 276K(17472K)->275K(17472K)
[436.793s][info][gc,heap        ] GC(2967) Tenured: 19984K(349568K)->20002K(349568K)
[436.793s][info][gc,metaspace   ] GC(2967) Metaspace: 14290K(15232K)->14290K(15232K) NonClass: 12331K(12928K)->12331K(12928K) Class: 1959K(2304K)->1959K(2304K)
[436.793s][info][gc             ] GC(2967) Pause Young (Allocation Failure) 156M->19M(494M) 25.667ms
[436.793s][info][gc,cpu         ] GC(2967) User=0.03s Sys=0.00s Real=0.03s
[436.902s][info][gc,start       ] GC(2968) Pause Young (Allocation Failure)
[436.936s][info][gc,heap        ] GC(2968) DefNew: 140051K(157248K)->275K(157248K) Eden: 139776K(139776K)->0K(139776K) From: 275K(17472K)->275K(17472K)
[436.936s][info][gc,heap        ] GC(2968) Tenured: 20002K(349568K)->20019K(349568K)
[436.936s][info][gc,metaspace   ] GC(2968) Metaspace: 14290K(15232K)->14290K(15232K) NonClass: 12331K(12928K)->12331K(12928K) Class: 1959K(2304K)->1959K(2304K)
[436.936s][info][gc             ] GC(2968) Pause Young (Allocation Failure) 156M->19M(494M) 34.626ms
[436.936s][info][gc,cpu         ] GC(2968) User=0.03s Sys=0.00s Real=0.03s
[437.049s][info][gc,start       ] GC(2969) Pause Young (Allocation Failure)
[437.083s][info][gc,heap        ] GC(2969) DefNew: 140051K(157248K)->279K(157248K) Eden: 139776K(139776K)->0K(139776K) From: 275K(17472K)->279K(17472K)
[437.083s][info][gc,heap        ] GC(2969) Tenured: 20019K(349568K)->20037K(349568K)
[437.083s][info][gc,metaspace   ] GC(2969) Metaspace: 14290K(15232K)->14290K(15232K) NonClass: 12331K(12928K)->12331K(12928K) Class: 1959K(2304K)->1959K(2304K)
[437.083s][info][gc             ] GC(2969) Pause Young (Allocation Failure) 156M->19M(494M) 34.458ms
[437.083s][info][gc,cpu         ] GC(2969) User=0.03s Sys=0.00s Real=0.03s
[437.194s][info][gc,start       ] GC(2970) Pause Young (Allocation Failure)
[437.229s][info][gc,heap        ] GC(2970) DefNew: 140055K(157248K)->279K(157248K) Eden: 139776K(139776K)->0K(139776K) From: 279K(17472K)->279K(17472K)
[437.229s][info][gc,heap        ] GC(2970) Tenured: 20037K(349568K)->20055K(349568K)
[437.229s][info][gc,metaspace   ] GC(2970) Metaspace: 14290K(15232K)->14290K(15232K) NonClass: 12331K(12928K)->12331K(12928K) Class: 1959K(2304K)->1959K(2304K)
[437.229s][info][gc             ] GC(2970) Pause Young (Allocation Failure) 156M->19M(494M) 34.972ms
[437.229s][info][gc,cpu         ] GC(2970) User=0.03s Sys=0.00s Real=0.03s
[437.427s][info][gc,start       ] GC(2971) Pause Young (Allocation Failure)
[437.460s][info][gc,heap        ] GC(2971) DefNew: 140055K(157248K)->279K(157248K) Eden: 139776K(139776K)->0K(139776K) From: 279K(17472K)->279K(17472K)
[437.460s][info][gc,heap        ] GC(2971) Tenured: 20055K(349568K)->20073K(349568K)
[437.460s][info][gc,metaspace   ] GC(2971) Metaspace: 14290K(15232K)->14290K(15232K) NonClass: 12331K(12928K)->12331K(12928K) Class: 1959K(2304K)->1959K(2304K)
[437.460s][info][gc             ] GC(2971) Pause Young (Allocation Failure) 156M->19M(494M) 33.381ms
[437.460s][info][gc,cpu         ] GC(2971) User=0.05s Sys=0.00s Real=0.03s
[437.575s][info][gc,start       ] GC(2972) Pause Young (Allocation Failure)
[437.608s][info][gc,heap        ] GC(2972) DefNew: 140055K(157248K)->278K(157248K) Eden: 139776K(139776K)->0K(139776K) From: 279K(17472K)->278K(17472K)
[437.608s][info][gc,heap        ] GC(2972) Tenured: 20073K(349568K)->20091K(349568K)
[437.608s][info][gc,metaspace   ] GC(2972) Metaspace: 14290K(15232K)->14290K(15232K) NonClass: 12331K(12928K)->12331K(12928K) Class: 1959K(2304K)->1959K(2304K)
[437.608s][info][gc             ] GC(2972) Pause Young (Allocation Failure) 156M->19M(494M) 33.614ms
[437.608s][info][gc,cpu         ] GC(2972) User=0.03s Sys=0.00s Real=0.03s
[437.723s][info][gc,start       ] GC(2973) Pause Young (Allocation Failure)
[437.755s][info][gc,heap        ] GC(2973) DefNew: 140054K(157248K)->281K(157248K) Eden: 139776K(139776K)->0K(139776K) From: 278K(17472K)->281K(17472K)
[437.755s][info][gc,heap        ] GC(2973) Tenured: 20091K(349568K)->20108K(349568K)
[437.755s][info][gc,metaspace   ] GC(2973) Metaspace: 14290K(15232K)->14290K(15232K) NonClass: 12331K(12928K)->12331K(12928K) Class: 1959K(2304K)->1959K(2304K)
[437.755s][info][gc             ] GC(2973) Pause Young (Allocation Failure) 156M->19M(494M) 31.390ms
[437.755s][info][gc,cpu         ] GC(2973) User=0.03s Sys=0.00s Real=0.03s
[437.867s][info][gc,start       ] GC(2974) Pause Young (Allocation Failure)
[437.890s][info][gc,heap        ] GC(2974) DefNew: 140057K(157248K)->278K(157248K) Eden: 139776K(139776K)->0K(139776K) From: 281K(17472K)->278K(17472K)
[437.890s][info][gc,heap        ] GC(2974) Tenured: 20108K(349568K)->20128K(349568K)
[437.890s][info][gc,metaspace   ] GC(2974) Metaspace: 14290K(15232K)->14290K(15232K) NonClass: 12331K(12928K)->12331K(12928K) Class: 1959K(2304K)->1959K(2304K)
[437.890s][info][gc             ] GC(2974) Pause Young (Allocation Failure) 156M->19M(494M) 22.951ms
[437.890s][info][gc,cpu         ] GC(2974) User=0.02s Sys=0.00s Real=0.02s
[438.004s][info][gc,start       ] GC(2975) Pause Young (Allocation Failure)
[438.025s][info][gc,heap        ] GC(2975) DefNew: 140054K(157248K)->279K(157248K) Eden: 139776K(139776K)->0K(139776K) From: 278K(17472K)->279K(17472K)
[438.025s][info][gc,heap        ] GC(2975) Tenured: 20128K(349568K)->20146K(349568K)
[438.025s][info][gc,metaspace   ] GC(2975) Metaspace: 14290K(15232K)->14290K(15232K) NonClass: 12331K(12928K)->12331K(12928K) Class: 1959K(2304K)->1959K(2304K)
[438.025s][info][gc             ] GC(2975) Pause Young (Allocation Failure) 156M->19M(494M) 21.611ms
[438.025s][info][gc,cpu         ] GC(2975) User=0.03s Sys=0.00s Real=0.02s
[438.144s][info][gc,start       ] GC(2976) Pause Young (Allocation Failure)
[438.172s][info][gc,heap        ] GC(2976) DefNew: 140055K(157248K)->281K(157248K) Eden: 139776K(139776K)->0K(139776K) From: 279K(17472K)->281K(17472K)
[438.172s][info][gc,heap        ] GC(2976) Tenured: 20146K(349568K)->20164K(349568K)
[438.172s][info][gc,metaspace   ] GC(2976) Metaspace: 14290K(15232K)->14290K(15232K) NonClass: 12331K(12928K)->12331K(12928K) Class: 1959K(2304K)->1959K(2304K)
[438.172s][info][gc             ] GC(2976) Pause Young (Allocation Failure) 156M->19M(494M) 27.991ms
[438.172s][info][gc,cpu         ] GC(2976) User=0.02s Sys=0.00s Real=0.02s
[438.285s][info][gc,start       ] GC(2977) Pause Young (Allocation Failure)
[438.314s][info][gc,heap        ] GC(2977) DefNew: 140057K(157248K)->282K(157248K) Eden: 139776K(139776K)->0K(139776K) From: 281K(17472K)->282K(17472K)
[438.314s][info][gc,heap        ] GC(2977) Tenured: 20164K(349568K)->20181K(349568K)
[438.314s][info][gc,metaspace   ] GC(2977) Metaspace: 14290K(15232K)->14290K(15232K) NonClass: 12331K(12928K)->12331K(12928K) Class: 1959K(2304K)->1959K(2304K)
[438.314s][info][gc             ] GC(2977) Pause Young (Allocation Failure) 156M->19M(494M) 28.991ms
[438.314s][info][gc,cpu         ] GC(2977) User=0.02s Sys=0.00s Real=0.02s
[438.422s][info][gc,start       ] GC(2978) Pause Young (Allocation Failure)
[438.451s][info][gc,heap        ] GC(2978) DefNew: 140058K(157248K)->280K(157248K) Eden: 139776K(139776K)->0K(139776K) From: 282K(17472K)->280K(17472K)
[438.451s][info][gc,heap        ] GC(2978) Tenured: 20181K(349568K)->20199K(349568K)
[438.451s][info][gc,metaspace   ] GC(2978) Metaspace: 14290K(15232K)->14290K(15232K) NonClass: 12331K(12928K)->12331K(12928K) Class: 1959K(2304K)->1959K(2304K)
[438.451s][info][gc             ] GC(2978) Pause Young (Allocation Failure) 156M->20M(494M) 28.863ms
[438.451s][info][gc,cpu         ] GC(2978) User=0.03s Sys=0.00s Real=0.02s
[438.561s][info][gc,start       ] GC(2979) Pause Young (Allocation Failure)
[438.591s][info][gc,heap        ] GC(2979) DefNew: 140056K(157248K)->282K(157248K) Eden: 139776K(139776K)->0K(139776K) From: 280K(17472K)->282K(17472K)
[438.591s][info][gc,heap        ] GC(2979) Tenured: 20199K(349568K)->20216K(349568K)
[438.591s][info][gc,metaspace   ] GC(2979) Metaspace: 14290K(15232K)->14290K(15232K) NonClass: 12331K(12928K)->12331K(12928K) Class: 1959K(2304K)->1959K(2304K)
[438.591s][info][gc             ] GC(2979) Pause Young (Allocation Failure) 156M->20M(494M) 29.820ms
[438.591s][info][gc,cpu         ] GC(2979) User=0.02s Sys=0.00s Real=0.02s
[438.701s][info][gc,start       ] GC(2980) Pause Young (Allocation Failure)
[438.730s][info][gc,heap        ] GC(2980) DefNew: 140058K(157248K)->281K(157248K) Eden: 139776K(139776K)->0K(139776K) From: 282K(17472K)->281K(17472K)
[438.730s][info][gc,heap        ] GC(2980) Tenured: 20216K(349568K)->20234K(349568K)
[438.730s][info][gc,metaspace   ] GC(2980) Metaspace: 14290K(15232K)->14290K(15232K) NonClass: 12331K(12928K)->12331K(12928K) Class: 1959K(2304K)->1959K(2304K)
[438.730s][info][gc             ] GC(2980) Pause Young (Allocation Failure) 156M->20M(494M) 29.561ms
[438.730s][info][gc,cpu         ] GC(2980) User=0.02s Sys=0.00s Real=0.02s
[438.841s][info][gc,start       ] GC(2981) Pause Young (Allocation Failure)
[438.870s][info][gc,heap        ] GC(2981) DefNew: 140057K(157248K)->281K(157248K) Eden: 139776K(139776K)->0K(139776K) From: 281K(17472K)->281K(17472K)
[438.870s][info][gc,heap        ] GC(2981) Tenured: 20234K(349568K)->20252K(349568K)
[438.870s][info][gc,metaspace   ] GC(2981) Metaspace: 14290K(15232K)->14290K(15232K) NonClass: 12331K(12928K)->12331K(12928K) Class: 1959K(2304K)->1959K(2304K)
[438.870s][info][gc             ] GC(2981) Pause Young (Allocation Failure) 156M->20M(494M) 29.646ms
[438.870s][info][gc,cpu         ] GC(2981) User=0.02s Sys=0.00s Real=0.02s
[438.981s][info][gc,start       ] GC(2982) Pause Young (Allocation Failure)
[439.011s][info][gc,heap        ] GC(2982) DefNew: 140057K(157248K)->282K(157248K) Eden: 139776K(139776K)->0K(139776K) From: 281K(17472K)->282K(17472K)
[439.012s][info][gc,heap        ] GC(2982) Tenured: 20252K(349568K)->20270K(349568K)
[439.012s][info][gc,metaspace   ] GC(2982) Metaspace: 14290K(15232K)->14290K(15232K) NonClass: 12331K(12928K)->12331K(12928K) Class: 1959K(2304K)->1959K(2304K)
[439.012s][info][gc             ] GC(2982) Pause Young (Allocation Failure) 156M->20M(494M) 30.516ms
[439.012s][info][gc,cpu         ] GC(2982) User=0.02s Sys=0.00s Real=0.02s
[439.121s][info][gc,start       ] GC(2983) Pause Young (Allocation Failure)
[439.151s][info][gc,heap        ] GC(2983) DefNew: 140058K(157248K)->281K(157248K) Eden: 139776K(139776K)->0K(139776K) From: 282K(17472K)->281K(17472K)
[439.151s][info][gc,heap        ] GC(2983) Tenured: 20270K(349568K)->20287K(349568K)
[439.151s][info][gc,metaspace   ] GC(2983) Metaspace: 14290K(15232K)->14290K(15232K) NonClass: 12331K(12928K)->12331K(12928K) Class: 1959K(2304K)->1959K(2304K)
[439.151s][info][gc             ] GC(2983) Pause Young (Allocation Failure) 156M->20M(494M) 29.756ms
[439.151s][info][gc,cpu         ] GC(2983) User=0.02s Sys=0.00s Real=0.02s
[439.261s][info][gc,start       ] GC(2984) Pause Young (Allocation Failure)
[439.292s][info][gc,heap        ] GC(2984) DefNew: 140057K(157248K)->278K(157248K) Eden: 139776K(139776K)->0K(139776K) From: 281K(17472K)->278K(17472K)
[439.292s][info][gc,heap        ] GC(2984) Tenured: 20287K(349568K)->20308K(349568K)
[439.292s][info][gc,metaspace   ] GC(2984) Metaspace: 14290K(15232K)->14290K(15232K) NonClass: 12331K(12928K)->12331K(12928K) Class: 1959K(2304K)->1959K(2304K)
[439.292s][info][gc             ] GC(2984) Pause Young (Allocation Failure) 156M->20M(494M) 31.491ms
[439.292s][info][gc,cpu         ] GC(2984) User=0.02s Sys=0.00s Real=0.02s
[439.402s][info][gc,start       ] GC(2985) Pause Young (Allocation Failure)
[439.434s][info][gc,heap        ] GC(2985) DefNew: 140054K(157248K)->278K(157248K) Eden: 139776K(139776K)->0K(139776K) From: 278K(17472K)->278K(17472K)
[439.434s][info][gc,heap        ] GC(2985) Tenured: 20308K(349568K)->20325K(349568K)
[439.434s][info][gc,metaspace   ] GC(2985) Metaspace: 14290K(15232K)->14290K(15232K) NonClass: 12331K(12928K)->12331K(12928K) Class: 1959K(2304K)->1959K(2304K)
[439.434s][info][gc             ] GC(2985) Pause Young (Allocation Failure) 156M->20M(494M) 31.400ms
[439.434s][info][gc,cpu         ] GC(2985) User=0.02s Sys=0.00s Real=0.02s
[439.543s][info][gc,start       ] GC(2986) Pause Young (Allocation Failure)
[439.575s][info][gc,heap        ] GC(2986) DefNew: 140054K(157248K)->278K(157248K) Eden: 139776K(139776K)->0K(139776K) From: 278K(17472K)->278K(17472K)
[439.575s][info][gc,heap        ] GC(2986) Tenured: 20325K(349568K)->20343K(349568K)
[439.575s][info][gc,metaspace   ] GC(2986) Metaspace: 14290K(15232K)->14290K(15232K) NonClass: 12331K(12928K)->12331K(12928K) Class: 1959K(2304K)->1959K(2304K)
[439.575s][info][gc             ] GC(2986) Pause Young (Allocation Failure) 156M->20M(494M) 32.211ms
[439.575s][info][gc,cpu         ] GC(2986) User=0.02s Sys=0.00s Real=0.02s
[439.686s][info][gc,start       ] GC(2987) Pause Young (Allocation Failure)
[439.718s][info][gc,heap        ] GC(2987) DefNew: 140054K(157248K)->279K(157248K) Eden: 139776K(139776K)->0K(139776K) From: 278K(17472K)->279K(17472K)
[439.718s][info][gc,heap        ] GC(2987) Tenured: 20343K(349568K)->20361K(349568K)
[439.718s][info][gc,metaspace   ] GC(2987) Metaspace: 14290K(15232K)->14290K(15232K) NonClass: 12331K(12928K)->12331K(12928K) Class: 1959K(2304K)->1959K(2304K)
[439.718s][info][gc             ] GC(2987) Pause Young (Allocation Failure) 156M->20M(494M) 32.115ms
[439.718s][info][gc,cpu         ] GC(2987) User=0.03s Sys=0.00s Real=0.03s
[439.829s][info][gc,start       ] GC(2988) Pause Young (Allocation Failure)
[439.861s][info][gc,heap        ] GC(2988) DefNew: 140055K(157248K)->275K(157248K) Eden: 139776K(139776K)->0K(139776K) From: 279K(17472K)->275K(17472K)
[439.861s][info][gc,heap        ] GC(2988) Tenured: 20361K(349568K)->20382K(349568K)
[439.861s][info][gc,metaspace   ] GC(2988) Metaspace: 14290K(15232K)->14290K(15232K) NonClass: 12331K(12928K)->12331K(12928K) Class: 1959K(2304K)->1959K(2304K)
[439.861s][info][gc             ] GC(2988) Pause Young (Allocation Failure) 156M->20M(494M) 32.205ms
[439.861s][info][gc,cpu         ] GC(2988) User=0.03s Sys=0.00s Real=0.03s
[439.973s][info][gc,start       ] GC(2989) Pause Young (Allocation Failure)
[440.005s][info][gc,heap        ] GC(2989) DefNew: 140051K(157248K)->276K(157248K) Eden: 139776K(139776K)->0K(139776K) From: 275K(17472K)->276K(17472K)
[440.005s][info][gc,heap        ] GC(2989) Tenured: 20382K(349568K)->20399K(349568K)
[440.005s][info][gc,metaspace   ] GC(2989) Metaspace: 14290K(15232K)->14290K(15232K) NonClass: 12331K(12928K)->12331K(12928K) Class: 1959K(2304K)->1959K(2304K)
[440.005s][info][gc             ] GC(2989) Pause Young (Allocation Failure) 156M->20M(494M) 32.489ms
[440.005s][info][gc,cpu         ] GC(2989) User=0.03s Sys=0.00s Real=0.02s
[440.117s][info][gc,start       ] GC(2990) Pause Young (Allocation Failure)
[440.150s][info][gc,heap        ] GC(2990) DefNew: 140052K(157248K)->276K(157248K) Eden: 139776K(139776K)->0K(139776K) From: 276K(17472K)->276K(17472K)
[440.150s][info][gc,heap        ] GC(2990) Tenured: 20399K(349568K)->20416K(349568K)
[440.150s][info][gc,metaspace   ] GC(2990) Metaspace: 14290K(15232K)->14290K(15232K) NonClass: 12331K(12928K)->12331K(12928K) Class: 1959K(2304K)->1959K(2304K)
[440.150s][info][gc             ] GC(2990) Pause Young (Allocation Failure) 156M->20M(494M) 33.104ms
[440.150s][info][gc,cpu         ] GC(2990) User=0.03s Sys=0.00s Real=0.03s
[440.261s][info][gc,start       ] GC(2991) Pause Young (Allocation Failure)
[440.295s][info][gc,heap        ] GC(2991) DefNew: 140052K(157248K)->274K(157248K) Eden: 139776K(139776K)->0K(139776K) From: 276K(17472K)->274K(17472K)
[440.295s][info][gc,heap        ] GC(2991) Tenured: 20416K(349568K)->20437K(349568K)
[440.295s][info][gc,metaspace   ] GC(2991) Metaspace: 14290K(15232K)->14290K(15232K) NonClass: 12331K(12928K)->12331K(12928K) Class: 1959K(2304K)->1959K(2304K)
[440.295s][info][gc             ] GC(2991) Pause Young (Allocation Failure) 156M->20M(494M) 34.093ms
[440.295s][info][gc,cpu         ] GC(2991) User=0.03s Sys=0.00s Real=0.03s
[440.405s][info][gc,start       ] GC(2992) Pause Young (Allocation Failure)
[440.430s][info][gc,heap        ] GC(2992) DefNew: 140050K(157248K)->274K(157248K) Eden: 139776K(139776K)->0K(139776K) From: 274K(17472K)->274K(17472K)
[440.430s][info][gc,heap        ] GC(2992) Tenured: 20437K(349568K)->20454K(349568K)
[440.430s][info][gc,metaspace   ] GC(2992) Metaspace: 14290K(15232K)->14290K(15232K) NonClass: 12331K(12928K)->12331K(12928K) Class: 1959K(2304K)->1959K(2304K)
[440.430s][info][gc             ] GC(2992) Pause Young (Allocation Failure) 156M->20M(494M) 24.987ms
[440.430s][info][gc,cpu         ] GC(2992) User=0.03s Sys=0.00s Real=0.02s
[440.537s][info][gc,start       ] GC(2993) Pause Young (Allocation Failure)
[440.570s][info][gc,heap        ] GC(2993) DefNew: 140050K(157248K)->273K(157248K) Eden: 139775K(139776K)->0K(139776K) From: 274K(17472K)->273K(17472K)
[440.570s][info][gc,heap        ] GC(2993) Tenured: 20454K(349568K)->20472K(349568K)
[440.570s][info][gc,metaspace   ] GC(2993) Metaspace: 14290K(15232K)->14290K(15232K) NonClass: 12331K(12928K)->12331K(12928K) Class: 1959K(2304K)->1959K(2304K)
[440.570s][info][gc             ] GC(2993) Pause Young (Allocation Failure) 156M->20M(494M) 33.350ms
[440.570s][info][gc,cpu         ] GC(2993) User=0.03s Sys=0.00s Real=0.03s
[440.680s][info][gc,start       ] GC(2994) Pause Young (Allocation Failure)
[440.714s][info][gc,heap        ] GC(2994) DefNew: 140049K(157248K)->274K(157248K) Eden: 139776K(139776K)->0K(139776K) From: 273K(17472K)->274K(17472K)
[440.714s][info][gc,heap        ] GC(2994) Tenured: 20472K(349568K)->20490K(349568K)
[440.714s][info][gc,metaspace   ] GC(2994) Metaspace: 14290K(15232K)->14290K(15232K) NonClass: 12331K(12928K)->12331K(12928K) Class: 1959K(2304K)->1959K(2304K)
[440.714s][info][gc             ] GC(2994) Pause Young (Allocation Failure) 156M->20M(494M) 34.009ms
[440.714s][info][gc,cpu         ] GC(2994) User=0.02s Sys=0.00s Real=0.02s
[440.825s][info][gc,start       ] GC(2995) Pause Young (Allocation Failure)
[440.860s][info][gc,heap        ] GC(2995) DefNew: 140050K(157248K)->273K(157248K) Eden: 139776K(139776K)->0K(139776K) From: 274K(17472K)->273K(17472K)
[440.860s][info][gc,heap        ] GC(2995) Tenured: 20490K(349568K)->20507K(349568K)
[440.860s][info][gc,metaspace   ] GC(2995) Metaspace: 14290K(15232K)->14290K(15232K) NonClass: 12331K(12928K)->12331K(12928K) Class: 1959K(2304K)->1959K(2304K)
[440.860s][info][gc             ] GC(2995) Pause Young (Allocation Failure) 156M->20M(494M) 35.164ms
[440.860s][info][gc,cpu         ] GC(2995) User=0.02s Sys=0.00s Real=0.02s
[440.973s][info][gc,start       ] GC(2996) Pause Young (Allocation Failure)
[441.007s][info][gc,heap        ] GC(2996) DefNew: 140049K(157248K)->273K(157248K) Eden: 139776K(139776K)->0K(139776K) From: 273K(17472K)->273K(17472K)
[441.007s][info][gc,heap        ] GC(2996) Tenured: 20507K(349568K)->20525K(349568K)
[441.007s][info][gc,metaspace   ] GC(2996) Metaspace: 14290K(15232K)->14290K(15232K) NonClass: 12331K(12928K)->12331K(12928K) Class: 1959K(2304K)->1959K(2304K)
[441.007s][info][gc             ] GC(2996) Pause Young (Allocation Failure) 156M->20M(494M) 34.209ms
[441.007s][info][gc,cpu         ] GC(2996) User=0.03s Sys=0.00s Real=0.03s
[441.121s][info][gc,start       ] GC(2997) Pause Young (Allocation Failure)
[441.156s][info][gc,heap        ] GC(2997) DefNew: 140049K(157248K)->273K(157248K) Eden: 139776K(139776K)->0K(139776K) From: 273K(17472K)->273K(17472K)
[441.156s][info][gc,heap        ] GC(2997) Tenured: 20525K(349568K)->20543K(349568K)
[441.156s][info][gc,metaspace   ] GC(2997) Metaspace: 14290K(15232K)->14290K(15232K) NonClass: 12331K(12928K)->12331K(12928K) Class: 1959K(2304K)->1959K(2304K)
[441.156s][info][gc             ] GC(2997) Pause Young (Allocation Failure) 156M->20M(494M) 35.291ms
[441.156s][info][gc,cpu         ] GC(2997) User=0.03s Sys=0.00s Real=0.03s
[441.268s][info][gc,start       ] GC(2998) Pause Young (Allocation Failure)
[441.294s][info][gc,heap        ] GC(2998) DefNew: 140049K(157248K)->273K(157248K) Eden: 139776K(139776K)->0K(139776K) From: 273K(17472K)->273K(17472K)
[441.294s][info][gc,heap        ] GC(2998) Tenured: 20543K(349568K)->20560K(349568K)
[441.294s][info][gc,metaspace   ] GC(2998) Metaspace: 14290K(15232K)->14290K(15232K) NonClass: 12331K(12928K)->12331K(12928K) Class: 1959K(2304K)->1959K(2304K)
[441.294s][info][gc             ] GC(2998) Pause Young (Allocation Failure) 156M->20M(494M) 25.753ms
[441.294s][info][gc,cpu         ] GC(2998) User=0.03s Sys=0.00s Real=0.03s
[441.465s][info][gc,start       ] GC(2999) Pause Young (Allocation Failure)
[441.496s][info][gc,heap        ] GC(2999) DefNew: 140049K(157248K)->272K(157248K) Eden: 139776K(139776K)->0K(139776K) From: 273K(17472K)->272K(17472K)
[441.496s][info][gc,heap        ] GC(2999) Tenured: 20560K(349568K)->20578K(349568K)
[441.496s][info][gc,metaspace   ] GC(2999) Metaspace: 14290K(15232K)->14290K(15232K) NonClass: 12331K(12928K)->12331K(12928K) Class: 1959K(2304K)->1959K(2304K)
[441.496s][info][gc             ] GC(2999) Pause Young (Allocation Failure) 156M->20M(494M) 31.196ms
[441.496s][info][gc,cpu         ] GC(2999) User=0.03s Sys=0.00s Real=0.03s
[441.612s][info][gc,start       ] GC(3000) Pause Young (Allocation Failure)
[441.637s][info][gc,heap        ] GC(3000) DefNew: 140048K(157248K)->271K(157248K) Eden: 139776K(139776K)->0K(139776K) From: 272K(17472K)->271K(17472K)
[441.637s][info][gc,heap        ] GC(3000) Tenured: 20578K(349568K)->20596K(349568K)
[441.637s][info][gc,metaspace   ] GC(3000) Metaspace: 14290K(15232K)->14290K(15232K) NonClass: 12331K(12928K)->12331K(12928K) Class: 1959K(2304K)->1959K(2304K)
[441.637s][info][gc             ] GC(3000) Pause Young (Allocation Failure) 156M->20M(494M) 24.461ms
[441.637s][info][gc,cpu         ] GC(3000) User=0.03s Sys=0.00s Real=0.02s
[441.749s][info][gc,start       ] GC(3001) Pause Young (Allocation Failure)
[441.780s][info][gc,heap        ] GC(3001) DefNew: 140047K(157248K)->271K(157248K) Eden: 139776K(139776K)->0K(139776K) From: 271K(17472K)->271K(17472K)
[441.781s][info][gc,heap        ] GC(3001) Tenured: 20596K(349568K)->20614K(349568K)
[441.781s][info][gc,metaspace   ] GC(3001) Metaspace: 14290K(15232K)->14290K(15232K) NonClass: 12331K(12928K)->12331K(12928K) Class: 1959K(2304K)->1959K(2304K)
[441.781s][info][gc             ] GC(3001) Pause Young (Allocation Failure) 156M->20M(494M) 31.279ms
[441.781s][info][gc,cpu         ] GC(3001) User=0.02s Sys=0.02s Real=0.03s
[441.895s][info][gc,start       ] GC(3002) Pause Young (Allocation Failure)
[441.925s][info][gc,heap        ] GC(3002) DefNew: 140047K(157248K)->274K(157248K) Eden: 139776K(139776K)->0K(139776K) From: 271K(17472K)->274K(17472K)
[441.925s][info][gc,heap        ] GC(3002) Tenured: 20614K(349568K)->20632K(349568K)
[441.925s][info][gc,metaspace   ] GC(3002) Metaspace: 14290K(15232K)->14290K(15232K) NonClass: 12331K(12928K)->12331K(12928K) Class: 1959K(2304K)->1959K(2304K)
[441.925s][info][gc             ] GC(3002) Pause Young (Allocation Failure) 156M->20M(494M) 29.781ms
[441.925s][info][gc,cpu         ] GC(3002) User=0.03s Sys=0.00s Real=0.03s
[442.038s][info][gc,start       ] GC(3003) Pause Young (Allocation Failure)
[442.066s][info][gc,heap        ] GC(3003) DefNew: 140050K(157248K)->276K(157248K) Eden: 139776K(139776K)->0K(139776K) From: 274K(17472K)->276K(17472K)
[442.066s][info][gc,heap        ] GC(3003) Tenured: 20632K(349568K)->20650K(349568K)
[442.066s][info][gc,metaspace   ] GC(3003) Metaspace: 14290K(15232K)->14290K(15232K) NonClass: 12331K(12928K)->12331K(12928K) Class: 1959K(2304K)->1959K(2304K)
[442.066s][info][gc             ] GC(3003) Pause Young (Allocation Failure) 156M->20M(494M) 28.568ms
[442.066s][info][gc,cpu         ] GC(3003) User=0.00s Sys=0.00s Real=0.02s
[442.184s][info][gc,start       ] GC(3004) Pause Young (Allocation Failure)
[442.212s][info][gc,heap        ] GC(3004) DefNew: 140052K(157248K)->277K(157248K) Eden: 139776K(139776K)->0K(139776K) From: 276K(17472K)->277K(17472K)
[442.212s][info][gc,heap        ] GC(3004) Tenured: 20650K(349568K)->20667K(349568K)
[442.212s][info][gc,metaspace   ] GC(3004) Metaspace: 14290K(15232K)->14290K(15232K) NonClass: 12331K(12928K)->12331K(12928K) Class: 1959K(2304K)->1959K(2304K)
[442.212s][info][gc             ] GC(3004) Pause Young (Allocation Failure) 156M->20M(494M) 27.529ms
[442.212s][info][gc,cpu         ] GC(3004) User=0.03s Sys=0.00s Real=0.03s
[442.325s][info][gc,start       ] GC(3005) Pause Young (Allocation Failure)
[442.353s][info][gc,heap        ] GC(3005) DefNew: 140053K(157248K)->279K(157248K) Eden: 139776K(139776K)->0K(139776K) From: 277K(17472K)->279K(17472K)
[442.353s][info][gc,heap        ] GC(3005) Tenured: 20667K(349568K)->20685K(349568K)
[442.353s][info][gc,metaspace   ] GC(3005) Metaspace: 14290K(15232K)->14290K(15232K) NonClass: 12331K(12928K)->12331K(12928K) Class: 1959K(2304K)->1959K(2304K)
[442.353s][info][gc             ] GC(3005) Pause Young (Allocation Failure) 156M->20M(494M) 27.966ms
[442.353s][info][gc,cpu         ] GC(3005) User=0.02s Sys=0.00s Real=0.02s
[442.463s][info][gc,start       ] GC(3006) Pause Young (Allocation Failure)
[442.491s][info][gc,heap        ] GC(3006) DefNew: 140055K(157248K)->280K(157248K) Eden: 139776K(139776K)->0K(139776K) From: 279K(17472K)->280K(17472K)
[442.491s][info][gc,heap        ] GC(3006) Tenured: 20685K(349568K)->20702K(349568K)
[442.491s][info][gc,metaspace   ] GC(3006) Metaspace: 14290K(15232K)->14290K(15232K) NonClass: 12331K(12928K)->12331K(12928K) Class: 1959K(2304K)->1959K(2304K)
[442.491s][info][gc             ] GC(3006) Pause Young (Allocation Failure) 156M->20M(494M) 28.740ms
[442.491s][info][gc,cpu         ] GC(3006) User=0.02s Sys=0.00s Real=0.02s
[442.599s][info][gc,start       ] GC(3007) Pause Young (Allocation Failure)
[442.628s][info][gc,heap        ] GC(3007) DefNew: 140056K(157248K)->280K(157248K) Eden: 139776K(139776K)->0K(139776K) From: 280K(17472K)->280K(17472K)
[442.628s][info][gc,heap        ] GC(3007) Tenured: 20702K(349568K)->20720K(349568K)
[442.629s][info][gc,metaspace   ] GC(3007) Metaspace: 14290K(15232K)->14290K(15232K) NonClass: 12331K(12928K)->12331K(12928K) Class: 1959K(2304K)->1959K(2304K)
[442.629s][info][gc             ] GC(3007) Pause Young (Allocation Failure) 156M->20M(494M) 29.666ms
[442.629s][info][gc,cpu         ] GC(3007) User=0.03s Sys=0.00s Real=0.03s
[442.739s][info][gc,start       ] GC(3008) Pause Young (Allocation Failure)
[442.768s][info][gc,heap        ] GC(3008) DefNew: 140056K(157248K)->282K(157248K) Eden: 139776K(139776K)->0K(139776K) From: 280K(17472K)->282K(17472K)
[442.768s][info][gc,heap        ] GC(3008) Tenured: 20720K(349568K)->20737K(349568K)
[442.768s][info][gc,metaspace   ] GC(3008) Metaspace: 14290K(15232K)->14290K(15232K) NonClass: 12331K(12928K)->12331K(12928K) Class: 1959K(2304K)->1959K(2304K)
[442.768s][info][gc             ] GC(3008) Pause Young (Allocation Failure) 157M->20M(494M) 29.252ms
[442.768s][info][gc,cpu         ] GC(3008) User=0.02s Sys=0.00s Real=0.02s
[442.877s][info][gc,start       ] GC(3009) Pause Young (Allocation Failure)
[442.906s][info][gc,heap        ] GC(3009) DefNew: 140058K(157248K)->280K(157248K) Eden: 139776K(139776K)->0K(139776K) From: 282K(17472K)->280K(17472K)
[442.906s][info][gc,heap        ] GC(3009) Tenured: 20737K(349568K)->20755K(349568K)
[442.906s][info][gc,metaspace   ] GC(3009) Metaspace: 14290K(15232K)->14290K(15232K) NonClass: 12331K(12928K)->12331K(12928K) Class: 1959K(2304K)->1959K(2304K)
[442.906s][info][gc             ] GC(3009) Pause Young (Allocation Failure) 157M->20M(494M) 29.378ms
[442.906s][info][gc,cpu         ] GC(3009) User=0.03s Sys=0.00s Real=0.03s
[443.018s][info][gc,start       ] GC(3010) Pause Young (Allocation Failure)
[443.048s][info][gc,heap        ] GC(3010) DefNew: 140056K(157248K)->280K(157248K) Eden: 139776K(139776K)->0K(139776K) From: 280K(17472K)->280K(17472K)
[443.048s][info][gc,heap        ] GC(3010) Tenured: 20755K(349568K)->20773K(349568K)
[443.048s][info][gc,metaspace   ] GC(3010) Metaspace: 14290K(15232K)->14290K(15232K) NonClass: 12331K(12928K)->12331K(12928K) Class: 1959K(2304K)->1959K(2304K)
[443.048s][info][gc             ] GC(3010) Pause Young (Allocation Failure) 157M->20M(494M) 30.141ms
[443.048s][info][gc,cpu         ] GC(3010) User=0.03s Sys=0.00s Real=0.02s
[443.159s][info][gc,start       ] GC(3011) Pause Young (Allocation Failure)
[443.188s][info][gc,heap        ] GC(3011) DefNew: 140056K(157248K)->281K(157248K) Eden: 139776K(139776K)->0K(139776K) From: 280K(17472K)->281K(17472K)
[443.188s][info][gc,heap        ] GC(3011) Tenured: 20773K(349568K)->20790K(349568K)
[443.188s][info][gc,metaspace   ] GC(3011) Metaspace: 14290K(15232K)->14290K(15232K) NonClass: 12331K(12928K)->12331K(12928K) Class: 1959K(2304K)->1959K(2304K)
[443.188s][info][gc             ] GC(3011) Pause Young (Allocation Failure) 157M->20M(494M) 29.469ms
[443.188s][info][gc,cpu         ] GC(3011) User=0.03s Sys=0.00s Real=0.03s
[443.301s][info][gc,start       ] GC(3012) Pause Young (Allocation Failure)
[443.331s][info][gc,heap        ] GC(3012) DefNew: 140057K(157248K)->280K(157248K) Eden: 139776K(139776K)->0K(139776K) From: 281K(17472K)->280K(17472K)
[443.331s][info][gc,heap        ] GC(3012) Tenured: 20790K(349568K)->20808K(349568K)
[443.331s][info][gc,metaspace   ] GC(3012) Metaspace: 14290K(15232K)->14290K(15232K) NonClass: 12331K(12928K)->12331K(12928K) Class: 1959K(2304K)->1959K(2304K)
[443.331s][info][gc             ] GC(3012) Pause Young (Allocation Failure) 157M->20M(494M) 30.799ms
[443.331s][info][gc,cpu         ] GC(3012) User=0.03s Sys=0.00s Real=0.03s
[443.440s][info][gc,start       ] GC(3013) Pause Young (Allocation Failure)
[443.471s][info][gc,heap        ] GC(3013) DefNew: 140056K(157248K)->280K(157248K) Eden: 139776K(139776K)->0K(139776K) From: 280K(17472K)->280K(17472K)
[443.471s][info][gc,heap        ] GC(3013) Tenured: 20808K(349568K)->20826K(349568K)
[443.471s][info][gc,metaspace   ] GC(3013) Metaspace: 14290K(15232K)->14290K(15232K) NonClass: 12331K(12928K)->12331K(12928K) Class: 1959K(2304K)->1959K(2304K)
[443.471s][info][gc             ] GC(3013) Pause Young (Allocation Failure) 157M->20M(494M) 30.762ms
[443.471s][info][gc,cpu         ] GC(3013) User=0.03s Sys=0.00s Real=0.03s
[443.583s][info][gc,start       ] GC(3014) Pause Young (Allocation Failure)
[443.614s][info][gc,heap        ] GC(3014) DefNew: 140056K(157248K)->284K(157248K) Eden: 139776K(139776K)->0K(139776K) From: 280K(17472K)->284K(17472K)
[443.614s][info][gc,heap        ] GC(3014) Tenured: 20826K(349568K)->20840K(349568K)
[443.615s][info][gc,metaspace   ] GC(3014) Metaspace: 14290K(15232K)->14290K(15232K) NonClass: 12331K(12928K)->12331K(12928K) Class: 1959K(2304K)->1959K(2304K)
[443.615s][info][gc             ] GC(3014) Pause Young (Allocation Failure) 157M->20M(494M) 31.115ms
[443.615s][info][gc,cpu         ] GC(3014) User=0.03s Sys=0.00s Real=0.02s
[443.723s][info][gc,start       ] GC(3015) Pause Young (Allocation Failure)
[443.756s][info][gc,heap        ] GC(3015) DefNew: 140060K(157248K)->284K(157248K) Eden: 139776K(139776K)->0K(139776K) From: 284K(17472K)->284K(17472K)
[443.756s][info][gc,heap        ] GC(3015) Tenured: 20840K(349568K)->20858K(349568K)
[443.756s][info][gc,metaspace   ] GC(3015) Metaspace: 14290K(15232K)->14290K(15232K) NonClass: 12331K(12928K)->12331K(12928K) Class: 1959K(2304K)->1959K(2304K)
[443.756s][info][gc             ] GC(3015) Pause Young (Allocation Failure) 157M->20M(494M) 32.280ms
[443.756s][info][gc,cpu         ] GC(3015) User=0.03s Sys=0.00s Real=0.02s
[443.866s][info][gc,start       ] GC(3016) Pause Young (Allocation Failure)
[443.898s][info][gc,heap        ] GC(3016) DefNew: 140060K(157248K)->284K(157248K) Eden: 139775K(139776K)->0K(139776K) From: 284K(17472K)->284K(17472K)
[443.898s][info][gc,heap        ] GC(3016) Tenured: 20858K(349568K)->20876K(349568K)
[443.898s][info][gc,metaspace   ] GC(3016) Metaspace: 14290K(15232K)->14290K(15232K) NonClass: 12331K(12928K)->12331K(12928K) Class: 1959K(2304K)->1959K(2304K)
[443.898s][info][gc             ] GC(3016) Pause Young (Allocation Failure) 157M->20M(494M) 31.700ms
[443.898s][info][gc,cpu         ] GC(3016) User=0.02s Sys=0.00s Real=0.02s
[444.009s][info][gc,start       ] GC(3017) Pause Young (Allocation Failure)
[444.041s][info][gc,heap        ] GC(3017) DefNew: 140060K(157248K)->280K(157248K) Eden: 139776K(139776K)->0K(139776K) From: 284K(17472K)->280K(17472K)
[444.041s][info][gc,heap        ] GC(3017) Tenured: 20876K(349568K)->20897K(349568K)
[444.041s][info][gc,metaspace   ] GC(3017) Metaspace: 14290K(15232K)->14290K(15232K) NonClass: 12331K(12928K)->12331K(12928K) Class: 1959K(2304K)->1959K(2304K)
[444.041s][info][gc             ] GC(3017) Pause Young (Allocation Failure) 157M->20M(494M) 32.105ms
[444.041s][info][gc,cpu         ] GC(3017) User=0.03s Sys=0.00s Real=0.03s
[444.152s][info][gc,start       ] GC(3018) Pause Young (Allocation Failure)
[444.184s][info][gc,heap        ] GC(3018) DefNew: 140056K(157248K)->277K(157248K) Eden: 139776K(139776K)->0K(139776K) From: 280K(17472K)->277K(17472K)
[444.184s][info][gc,heap        ] GC(3018) Tenured: 20897K(349568K)->20918K(349568K)
[444.184s][info][gc,metaspace   ] GC(3018) Metaspace: 14290K(15232K)->14290K(15232K) NonClass: 12331K(12928K)->12331K(12928K) Class: 1959K(2304K)->1959K(2304K)
[444.184s][info][gc             ] GC(3018) Pause Young (Allocation Failure) 157M->20M(494M) 32.124ms
[444.184s][info][gc,cpu         ] GC(3018) User=0.03s Sys=0.00s Real=0.03s
[444.298s][info][gc,start       ] GC(3019) Pause Young (Allocation Failure)
[444.332s][info][gc,heap        ] GC(3019) DefNew: 140053K(157248K)->277K(157248K) Eden: 139776K(139776K)->0K(139776K) From: 277K(17472K)->277K(17472K)
[444.332s][info][gc,heap        ] GC(3019) Tenured: 20918K(349568K)->20936K(349568K)
[444.332s][info][gc,metaspace   ] GC(3019) Metaspace: 14290K(15232K)->14290K(15232K) NonClass: 12331K(12928K)->12331K(12928K) Class: 1959K(2304K)->1959K(2304K)
[444.332s][info][gc             ] GC(3019) Pause Young (Allocation Failure) 157M->20M(494M) 33.559ms
[444.332s][info][gc,cpu         ] GC(3019) User=0.03s Sys=0.00s Real=0.03s
[444.441s][info][gc,start       ] GC(3020) Pause Young (Allocation Failure)
[444.466s][info][gc,heap        ] GC(3020) DefNew: 140053K(157248K)->269K(157248K) Eden: 139776K(139776K)->0K(139776K) From: 277K(17472K)->269K(17472K)
[444.466s][info][gc,heap        ] GC(3020) Tenured: 20936K(349568K)->20957K(349568K)
[444.466s][info][gc,metaspace   ] GC(3020) Metaspace: 14290K(15232K)->14290K(15232K) NonClass: 12331K(12928K)->12331K(12928K) Class: 1959K(2304K)->1959K(2304K)
[444.466s][info][gc             ] GC(3020) Pause Young (Allocation Failure) 157M->20M(494M) 24.637ms
[444.466s][info][gc,cpu         ] GC(3020) User=0.03s Sys=0.00s Real=0.02s
[444.576s][info][gc,start       ] GC(3021) Pause Young (Allocation Failure)
[444.600s][info][gc,heap        ] GC(3021) DefNew: 140045K(157248K)->271K(157248K) Eden: 139776K(139776K)->0K(139776K) From: 269K(17472K)->271K(17472K)
[444.600s][info][gc,heap        ] GC(3021) Tenured: 20957K(349568K)->20974K(349568K)
[444.600s][info][gc,metaspace   ] GC(3021) Metaspace: 14290K(15232K)->14290K(15232K) NonClass: 12331K(12928K)->12331K(12928K) Class: 1959K(2304K)->1959K(2304K)
[444.600s][info][gc             ] GC(3021) Pause Young (Allocation Failure) 157M->20M(494M) 24.712ms
[444.600s][info][gc,cpu         ] GC(3021) User=0.02s Sys=0.00s Real=0.02s
[444.710s][info][gc,start       ] GC(3022) Pause Young (Allocation Failure)
[444.744s][info][gc,heap        ] GC(3022) DefNew: 140047K(157248K)->273K(157248K) Eden: 139776K(139776K)->0K(139776K) From: 271K(17472K)->273K(17472K)
[444.744s][info][gc,heap        ] GC(3022) Tenured: 20974K(349568K)->20992K(349568K)
[444.744s][info][gc,metaspace   ] GC(3022) Metaspace: 14290K(15232K)->14290K(15232K) NonClass: 12331K(12928K)->12331K(12928K) Class: 1959K(2304K)->1959K(2304K)
[444.744s][info][gc             ] GC(3022) Pause Young (Allocation Failure) 157M->20M(494M) 33.824ms
[444.744s][info][gc,cpu         ] GC(3022) User=0.03s Sys=0.00s Real=0.03s
[444.857s][info][gc,start       ] GC(3023) Pause Young (Allocation Failure)
[444.892s][info][gc,heap        ] GC(3023) DefNew: 140049K(157248K)->274K(157248K) Eden: 139776K(139776K)->0K(139776K) From: 273K(17472K)->274K(17472K)
[444.892s][info][gc,heap        ] GC(3023) Tenured: 20992K(349568K)->21010K(349568K)
[444.892s][info][gc,metaspace   ] GC(3023) Metaspace: 14290K(15232K)->14290K(15232K) NonClass: 12331K(12928K)->12331K(12928K) Class: 1959K(2304K)->1959K(2304K)
[444.892s][info][gc             ] GC(3023) Pause Young (Allocation Failure) 157M->20M(494M) 35.028ms
[444.892s][info][gc,cpu         ] GC(3023) User=0.03s Sys=0.00s Real=0.04s
[445.003s][info][gc,start       ] GC(3024) Pause Young (Allocation Failure)
[445.028s][info][gc,heap        ] GC(3024) DefNew: 140050K(157248K)->273K(157248K) Eden: 139776K(139776K)->0K(139776K) From: 274K(17472K)->273K(17472K)
[445.028s][info][gc,heap        ] GC(3024) Tenured: 21010K(349568K)->21027K(349568K)
[445.028s][info][gc,metaspace   ] GC(3024) Metaspace: 14290K(15232K)->14290K(15232K) NonClass: 12331K(12928K)->12331K(12928K) Class: 1959K(2304K)->1959K(2304K)
[445.028s][info][gc             ] GC(3024) Pause Young (Allocation Failure) 157M->20M(494M) 25.608ms
[445.028s][info][gc,cpu         ] GC(3024) User=0.03s Sys=0.00s Real=0.02s
[445.139s][info][gc,start       ] GC(3025) Pause Young (Allocation Failure)
[445.174s][info][gc,heap        ] GC(3025) DefNew: 140049K(157248K)->272K(157248K) Eden: 139776K(139776K)->0K(139776K) From: 273K(17472K)->272K(17472K)
[445.174s][info][gc,heap        ] GC(3025) Tenured: 21027K(349568K)->21045K(349568K)
[445.174s][info][gc,metaspace   ] GC(3025) Metaspace: 14290K(15232K)->14290K(15232K) NonClass: 12331K(12928K)->12331K(12928K) Class: 1959K(2304K)->1959K(2304K)
[445.174s][info][gc             ] GC(3025) Pause Young (Allocation Failure) 157M->20M(494M) 34.597ms
[445.174s][info][gc,cpu         ] GC(3025) User=0.03s Sys=0.00s Real=0.03s
[445.285s][info][gc,start       ] GC(3026) Pause Young (Allocation Failure)
[445.320s][info][gc,heap        ] GC(3026) DefNew: 140048K(157248K)->274K(157248K) Eden: 139776K(139776K)->0K(139776K) From: 272K(17472K)->274K(17472K)
[445.320s][info][gc,heap        ] GC(3026) Tenured: 21045K(349568K)->21063K(349568K)
[445.320s][info][gc,metaspace   ] GC(3026) Metaspace: 14290K(15232K)->14290K(15232K) NonClass: 12331K(12928K)->12331K(12928K) Class: 1959K(2304K)->1959K(2304K)
[445.320s][info][gc             ] GC(3026) Pause Young (Allocation Failure) 157M->20M(494M) 34.528ms
[445.320s][info][gc,cpu         ] GC(3026) User=0.03s Sys=0.00s Real=0.03s
[445.512s][info][gc,start       ] GC(3027) Pause Young (Allocation Failure)
[445.552s][info][gc,heap        ] GC(3027) DefNew: 140050K(157248K)->273K(157248K) Eden: 139776K(139776K)->0K(139776K) From: 274K(17472K)->273K(17472K)
[445.552s][info][gc,heap        ] GC(3027) Tenured: 21063K(349568K)->21080K(349568K)
[445.552s][info][gc,metaspace   ] GC(3027) Metaspace: 14290K(15232K)->14290K(15232K) NonClass: 12331K(12928K)->12331K(12928K) Class: 1959K(2304K)->1959K(2304K)
[445.552s][info][gc             ] GC(3027) Pause Young (Allocation Failure) 157M->20M(494M) 40.362ms
[445.553s][info][gc,cpu         ] GC(3027) User=0.03s Sys=0.00s Real=0.03s
[445.671s][info][gc,start       ] GC(3028) Pause Young (Allocation Failure)
[445.695s][info][gc,heap        ] GC(3028) DefNew: 140049K(157248K)->274K(157248K) Eden: 139776K(139776K)->0K(139776K) From: 273K(17472K)->274K(17472K)
[445.695s][info][gc,heap        ] GC(3028) Tenured: 21080K(349568K)->21098K(349568K)
[445.695s][info][gc,metaspace   ] GC(3028) Metaspace: 14290K(15232K)->14290K(15232K) NonClass: 12331K(12928K)->12331K(12928K) Class: 1959K(2304K)->1959K(2304K)
[445.695s][info][gc             ] GC(3028) Pause Young (Allocation Failure) 157M->20M(494M) 24.257ms
[445.695s][info][gc,cpu         ] GC(3028) User=0.02s Sys=0.00s Real=0.02s
[445.808s][info][gc,start       ] GC(3029) Pause Young (Allocation Failure)
[445.831s][info][gc,heap        ] GC(3029) DefNew: 140050K(157248K)->273K(157248K) Eden: 139776K(139776K)->0K(139776K) From: 274K(17472K)->273K(17472K)
[445.831s][info][gc,heap        ] GC(3029) Tenured: 21098K(349568K)->21116K(349568K)
[445.831s][info][gc,metaspace   ] GC(3029) Metaspace: 14290K(15232K)->14290K(15232K) NonClass: 12331K(12928K)->12331K(12928K) Class: 1959K(2304K)->1959K(2304K)
[445.832s][info][gc             ] GC(3029) Pause Young (Allocation Failure) 157M->20M(494M) 23.974ms
[445.832s][info][gc,cpu         ] GC(3029) User=0.02s Sys=0.00s Real=0.02s
[445.945s][info][gc,start       ] GC(3030) Pause Young (Allocation Failure)
[445.967s][info][gc,heap        ] GC(3030) DefNew: 140049K(157248K)->273K(157248K) Eden: 139776K(139776K)->0K(139776K) From: 273K(17472K)->273K(17472K)
[445.967s][info][gc,heap        ] GC(3030) Tenured: 21116K(349568K)->21134K(349568K)
[445.967s][info][gc,metaspace   ] GC(3030) Metaspace: 14290K(15232K)->14290K(15232K) NonClass: 12331K(12928K)->12331K(12928K) Class: 1959K(2304K)->1959K(2304K)
[445.967s][info][gc             ] GC(3030) Pause Young (Allocation Failure) 157M->20M(494M) 22.605ms
[445.967s][info][gc,cpu         ] GC(3030) User=0.02s Sys=0.00s Real=0.02s
[446.080s][info][gc,start       ] GC(3031) Pause Young (Allocation Failure)
[446.101s][info][gc,heap        ] GC(3031) DefNew: 140049K(157248K)->275K(157248K) Eden: 139776K(139776K)->0K(139776K) From: 273K(17472K)->275K(17472K)
[446.101s][info][gc,heap        ] GC(3031) Tenured: 21134K(349568K)->21151K(349568K)
[446.101s][info][gc,metaspace   ] GC(3031) Metaspace: 14290K(15232K)->14290K(15232K) NonClass: 12331K(12928K)->12331K(12928K) Class: 1959K(2304K)->1959K(2304K)
[446.101s][info][gc             ] GC(3031) Pause Young (Allocation Failure) 157M->20M(494M) 21.339ms
[446.101s][info][gc,cpu         ] GC(3031) User=0.03s Sys=0.00s Real=0.02s
[446.219s][info][gc,start       ] GC(3032) Pause Young (Allocation Failure)
[446.246s][info][gc,heap        ] GC(3032) DefNew: 140051K(157248K)->274K(157248K) Eden: 139776K(139776K)->0K(139776K) From: 275K(17472K)->274K(17472K)
[446.246s][info][gc,heap        ] GC(3032) Tenured: 21151K(349568K)->21169K(349568K)
[446.246s][info][gc,metaspace   ] GC(3032) Metaspace: 14290K(15232K)->14290K(15232K) NonClass: 12331K(12928K)->12331K(12928K) Class: 1959K(2304K)->1959K(2304K)
[446.246s][info][gc             ] GC(3032) Pause Young (Allocation Failure) 157M->20M(494M) 27.640ms
[446.246s][info][gc,cpu         ] GC(3032) User=0.02s Sys=0.00s Real=0.02s
[446.356s][info][gc,start       ] GC(3033) Pause Young (Allocation Failure)
[446.385s][info][gc,heap        ] GC(3033) DefNew: 140050K(157248K)->274K(157248K) Eden: 139776K(139776K)->0K(139776K) From: 274K(17472K)->274K(17472K)
[446.385s][info][gc,heap        ] GC(3033) Tenured: 21169K(349568K)->21186K(349568K)
[446.385s][info][gc,metaspace   ] GC(3033) Metaspace: 14290K(15232K)->14290K(15232K) NonClass: 12331K(12928K)->12331K(12928K) Class: 1959K(2304K)->1959K(2304K)
[446.385s][info][gc             ] GC(3033) Pause Young (Allocation Failure) 157M->20M(494M) 28.985ms
[446.385s][info][gc,cpu         ] GC(3033) User=0.02s Sys=0.00s Real=0.01s
[446.495s][info][gc,start       ] GC(3034) Pause Young (Allocation Failure)
[446.517s][info][gc,heap        ] GC(3034) DefNew: 140050K(157248K)->274K(157248K) Eden: 139776K(139776K)->0K(139776K) From: 274K(17472K)->274K(17472K)
[446.517s][info][gc,heap        ] GC(3034) Tenured: 21186K(349568K)->21204K(349568K)
[446.517s][info][gc,metaspace   ] GC(3034) Metaspace: 14290K(15232K)->14290K(15232K) NonClass: 12331K(12928K)->12331K(12928K) Class: 1959K(2304K)->1959K(2304K)
[446.517s][info][gc             ] GC(3034) Pause Young (Allocation Failure) 157M->20M(494M) 22.214ms
[446.517s][info][gc,cpu         ] GC(3034) User=0.02s Sys=0.00s Real=0.02s
[446.626s][info][gc,start       ] GC(3035) Pause Young (Allocation Failure)
[446.655s][info][gc,heap        ] GC(3035) DefNew: 140050K(157248K)->278K(157248K) Eden: 139776K(139776K)->0K(139776K) From: 274K(17472K)->278K(17472K)
[446.655s][info][gc,heap        ] GC(3035) Tenured: 21204K(349568K)->21219K(349568K)
[446.655s][info][gc,metaspace   ] GC(3035) Metaspace: 14290K(15232K)->14290K(15232K) NonClass: 12331K(12928K)->12331K(12928K) Class: 1959K(2304K)->1959K(2304K)
[446.655s][info][gc             ] GC(3035) Pause Young (Allocation Failure) 157M->20M(494M) 29.248ms
[446.655s][info][gc,cpu         ] GC(3035) User=0.02s Sys=0.00s Real=0.02s
[446.766s][info][gc,start       ] GC(3036) Pause Young (Allocation Failure)
[446.795s][info][gc,heap        ] GC(3036) DefNew: 140054K(157248K)->277K(157248K) Eden: 139775K(139776K)->0K(139776K) From: 278K(17472K)->277K(17472K)
[446.795s][info][gc,heap        ] GC(3036) Tenured: 21219K(349568K)->21237K(349568K)
[446.795s][info][gc,metaspace   ] GC(3036) Metaspace: 14290K(15232K)->14290K(15232K) NonClass: 12331K(12928K)->12331K(12928K) Class: 1959K(2304K)->1959K(2304K)
[446.795s][info][gc             ] GC(3036) Pause Young (Allocation Failure) 157M->21M(494M) 29.100ms
[446.795s][info][gc,cpu         ] GC(3036) User=0.03s Sys=0.00s Real=0.03s
[446.904s][info][gc,start       ] GC(3037) Pause Young (Allocation Failure)
[446.933s][info][gc,heap        ] GC(3037) DefNew: 140053K(157248K)->274K(157248K) Eden: 139776K(139776K)->0K(139776K) From: 277K(17472K)->274K(17472K)
[446.933s][info][gc,heap        ] GC(3037) Tenured: 21237K(349568K)->21257K(349568K)
[446.933s][info][gc,metaspace   ] GC(3037) Metaspace: 14290K(15232K)->14290K(15232K) NonClass: 12331K(12928K)->12331K(12928K) Class: 1959K(2304K)->1959K(2304K)
[446.933s][info][gc             ] GC(3037) Pause Young (Allocation Failure) 157M->21M(494M) 28.875ms
[446.933s][info][gc,cpu         ] GC(3037) User=0.02s Sys=0.00s Real=0.02s
[447.043s][info][gc,start       ] GC(3038) Pause Young (Allocation Failure)
[447.072s][info][gc,heap        ] GC(3038) DefNew: 140050K(157248K)->274K(157248K) Eden: 139776K(139776K)->0K(139776K) From: 274K(17472K)->274K(17472K)
[447.072s][info][gc,heap        ] GC(3038) Tenured: 21257K(349568K)->21275K(349568K)
[447.072s][info][gc,metaspace   ] GC(3038) Metaspace: 14290K(15232K)->14290K(15232K) NonClass: 12331K(12928K)->12331K(12928K) Class: 1959K(2304K)->1959K(2304K)
[447.072s][info][gc             ] GC(3038) Pause Young (Allocation Failure) 157M->21M(494M) 29.492ms
[447.072s][info][gc,cpu         ] GC(3038) User=0.02s Sys=0.00s Real=0.02s
[447.183s][info][gc,start       ] GC(3039) Pause Young (Allocation Failure)
[447.214s][info][gc,heap        ] GC(3039) DefNew: 140050K(157248K)->273K(157248K) Eden: 139776K(139776K)->0K(139776K) From: 274K(17472K)->273K(17472K)
[447.214s][info][gc,heap        ] GC(3039) Tenured: 21275K(349568K)->21292K(349568K)
[447.214s][info][gc,metaspace   ] GC(3039) Metaspace: 14290K(15232K)->14290K(15232K) NonClass: 12331K(12928K)->12331K(12928K) Class: 1959K(2304K)->1959K(2304K)
[447.214s][info][gc             ] GC(3039) Pause Young (Allocation Failure) 157M->21M(494M) 31.137ms
[447.214s][info][gc,cpu         ] GC(3039) User=0.02s Sys=0.00s Real=0.02s
[447.324s][info][gc,start       ] GC(3040) Pause Young (Allocation Failure)
[447.350s][info][gc,heap        ] GC(3040) DefNew: 140049K(157248K)->275K(157248K) Eden: 139776K(139776K)->0K(139776K) From: 273K(17472K)->275K(17472K)
[447.350s][info][gc,heap        ] GC(3040) Tenured: 21292K(349568K)->21310K(349568K)
[447.350s][info][gc,metaspace   ] GC(3040) Metaspace: 14290K(15232K)->14290K(15232K) NonClass: 12331K(12928K)->12331K(12928K) Class: 1959K(2304K)->1959K(2304K)
[447.350s][info][gc             ] GC(3040) Pause Young (Allocation Failure) 157M->21M(494M) 26.133ms
[447.350s][info][gc,cpu         ] GC(3040) User=0.03s Sys=0.02s Real=0.03s
[447.459s][info][gc,start       ] GC(3041) Pause Young (Allocation Failure)
[447.490s][info][gc,heap        ] GC(3041) DefNew: 140051K(157248K)->274K(157248K) Eden: 139776K(139776K)->0K(139776K) From: 275K(17472K)->274K(17472K)
[447.490s][info][gc,heap        ] GC(3041) Tenured: 21310K(349568K)->21328K(349568K)
[447.490s][info][gc,metaspace   ] GC(3041) Metaspace: 14290K(15232K)->14290K(15232K) NonClass: 12331K(12928K)->12331K(12928K) Class: 1959K(2304K)->1959K(2304K)
[447.490s][info][gc             ] GC(3041) Pause Young (Allocation Failure) 157M->21M(494M) 31.022ms
[447.490s][info][gc,cpu         ] GC(3041) User=0.03s Sys=0.00s Real=0.02s
[447.602s][info][gc,start       ] GC(3042) Pause Young (Allocation Failure)
[447.633s][info][gc,heap        ] GC(3042) DefNew: 140050K(157248K)->274K(157248K) Eden: 139776K(139776K)->0K(139776K) From: 274K(17472K)->274K(17472K)
[447.633s][info][gc,heap        ] GC(3042) Tenured: 21328K(349568K)->21346K(349568K)
[447.633s][info][gc,metaspace   ] GC(3042) Metaspace: 14290K(15232K)->14290K(15232K) NonClass: 12331K(12928K)->12331K(12928K) Class: 1959K(2304K)->1959K(2304K)
[447.633s][info][gc             ] GC(3042) Pause Young (Allocation Failure) 157M->21M(494M) 30.953ms
[447.633s][info][gc,cpu         ] GC(3042) User=0.02s Sys=0.00s Real=0.02s
[447.745s][info][gc,start       ] GC(3043) Pause Young (Allocation Failure)
[447.777s][info][gc,heap        ] GC(3043) DefNew: 140050K(157248K)->274K(157248K) Eden: 139776K(139776K)->0K(139776K) From: 274K(17472K)->274K(17472K)
[447.777s][info][gc,heap        ] GC(3043) Tenured: 21346K(349568K)->21363K(349568K)
[447.777s][info][gc,metaspace   ] GC(3043) Metaspace: 14290K(15232K)->14290K(15232K) NonClass: 12331K(12928K)->12331K(12928K) Class: 1959K(2304K)->1959K(2304K)
[447.777s][info][gc             ] GC(3043) Pause Young (Allocation Failure) 157M->21M(494M) 32.478ms
[447.777s][info][gc,cpu         ] GC(3043) User=0.02s Sys=0.00s Real=0.02s
[447.887s][info][gc,start       ] GC(3044) Pause Young (Allocation Failure)
[447.919s][info][gc,heap        ] GC(3044) DefNew: 140050K(157248K)->274K(157248K) Eden: 139776K(139776K)->0K(139776K) From: 274K(17472K)->274K(17472K)
[447.919s][info][gc,heap        ] GC(3044) Tenured: 21363K(349568K)->21381K(349568K)
[447.919s][info][gc,metaspace   ] GC(3044) Metaspace: 14290K(15232K)->14290K(15232K) NonClass: 12331K(12928K)->12331K(12928K) Class: 1959K(2304K)->1959K(2304K)
[447.919s][info][gc             ] GC(3044) Pause Young (Allocation Failure) 157M->21M(494M) 31.738ms
[447.919s][info][gc,cpu         ] GC(3044) User=0.03s Sys=0.00s Real=0.03s
[448.030s][info][gc,start       ] GC(3045) Pause Young (Allocation Failure)
[448.061s][info][gc,heap        ] GC(3045) DefNew: 140050K(157248K)->275K(157248K) Eden: 139776K(139776K)->0K(139776K) From: 274K(17472K)->275K(17472K)
[448.061s][info][gc,heap        ] GC(3045) Tenured: 21381K(349568K)->21399K(349568K)
[448.061s][info][gc,metaspace   ] GC(3045) Metaspace: 14290K(15232K)->14290K(15232K) NonClass: 12331K(12928K)->12331K(12928K) Class: 1959K(2304K)->1959K(2304K)
[448.061s][info][gc             ] GC(3045) Pause Young (Allocation Failure) 157M->21M(494M) 31.853ms
[448.062s][info][gc,cpu         ] GC(3045) User=0.02s Sys=0.00s Real=0.02s
[448.174s][info][gc,start       ] GC(3046) Pause Young (Allocation Failure)
[448.207s][info][gc,heap        ] GC(3046) DefNew: 140051K(157248K)->274K(157248K) Eden: 139776K(139776K)->0K(139776K) From: 275K(17472K)->274K(17472K)
[448.207s][info][gc,heap        ] GC(3046) Tenured: 21399K(349568K)->21416K(349568K)
[448.207s][info][gc,metaspace   ] GC(3046) Metaspace: 14290K(15232K)->14290K(15232K) NonClass: 12331K(12928K)->12331K(12928K) Class: 1959K(2304K)->1959K(2304K)
[448.207s][info][gc             ] GC(3046) Pause Young (Allocation Failure) 157M->21M(494M) 33.558ms
[448.207s][info][gc,cpu         ] GC(3046) User=0.03s Sys=0.00s Real=0.03s
[448.319s][info][gc,start       ] GC(3047) Pause Young (Allocation Failure)
[448.344s][info][gc,heap        ] GC(3047) DefNew: 140050K(157248K)->275K(157248K) Eden: 139776K(139776K)->0K(139776K) From: 274K(17472K)->275K(17472K)
[448.344s][info][gc,heap        ] GC(3047) Tenured: 21416K(349568K)->21434K(349568K)
[448.344s][info][gc,metaspace   ] GC(3047) Metaspace: 14290K(15232K)->14290K(15232K) NonClass: 12331K(12928K)->12331K(12928K) Class: 1959K(2304K)->1959K(2304K)
[448.344s][info][gc             ] GC(3047) Pause Young (Allocation Failure) 157M->21M(494M) 24.442ms
[448.344s][info][gc,cpu         ] GC(3047) User=0.02s Sys=0.00s Real=0.02s
[448.452s][info][gc,start       ] GC(3048) Pause Young (Allocation Failure)
[448.485s][info][gc,heap        ] GC(3048) DefNew: 140051K(157248K)->273K(157248K) Eden: 139776K(139776K)->0K(139776K) From: 275K(17472K)->273K(17472K)
[448.485s][info][gc,heap        ] GC(3048) Tenured: 21434K(349568K)->21452K(349568K)
[448.485s][info][gc,metaspace   ] GC(3048) Metaspace: 14290K(15232K)->14290K(15232K) NonClass: 12331K(12928K)->12331K(12928K) Class: 1959K(2304K)->1959K(2304K)
[448.485s][info][gc             ] GC(3048) Pause Young (Allocation Failure) 157M->21M(494M) 32.867ms
[448.485s][info][gc,cpu         ] GC(3048) User=0.03s Sys=0.00s Real=0.03s
[448.597s][info][gc,start       ] GC(3049) Pause Young (Allocation Failure)
[448.630s][info][gc,heap        ] GC(3049) DefNew: 140049K(157248K)->273K(157248K) Eden: 139776K(139776K)->0K(139776K) From: 273K(17472K)->273K(17472K)
[448.630s][info][gc,heap        ] GC(3049) Tenured: 21452K(349568K)->21470K(349568K)
[448.630s][info][gc,metaspace   ] GC(3049) Metaspace: 14290K(15232K)->14290K(15232K) NonClass: 12331K(12928K)->12331K(12928K) Class: 1959K(2304K)->1959K(2304K)
[448.630s][info][gc             ] GC(3049) Pause Young (Allocation Failure) 157M->21M(494M) 32.955ms
[448.630s][info][gc,cpu         ] GC(3049) User=0.03s Sys=0.00s Real=0.02s
[448.741s][info][gc,start       ] GC(3050) Pause Young (Allocation Failure)
[448.774s][info][gc,heap        ] GC(3050) DefNew: 140049K(157248K)->273K(157248K) Eden: 139776K(139776K)->0K(139776K) From: 273K(17472K)->273K(17472K)
[448.774s][info][gc,heap        ] GC(3050) Tenured: 21470K(349568K)->21488K(349568K)
[448.774s][info][gc,metaspace   ] GC(3050) Metaspace: 14290K(15232K)->14290K(15232K) NonClass: 12331K(12928K)->12331K(12928K) Class: 1959K(2304K)->1959K(2304K)
[448.775s][info][gc             ] GC(3050) Pause Young (Allocation Failure) 157M->21M(494M) 33.564ms
[448.775s][info][gc,cpu         ] GC(3050) User=0.05s Sys=0.00s Real=0.03s
[448.885s][info][gc,start       ] GC(3051) Pause Young (Allocation Failure)
[448.919s][info][gc,heap        ] GC(3051) DefNew: 140049K(157248K)->274K(157248K) Eden: 139776K(139776K)->0K(139776K) From: 273K(17472K)->274K(17472K)
[448.919s][info][gc,heap        ] GC(3051) Tenured: 21488K(349568K)->21505K(349568K)
[448.919s][info][gc,metaspace   ] GC(3051) Metaspace: 14290K(15232K)->14290K(15232K) NonClass: 12331K(12928K)->12331K(12928K) Class: 1959K(2304K)->1959K(2304K)
[448.919s][info][gc             ] GC(3051) Pause Young (Allocation Failure) 157M->21M(494M) 34.406ms
[448.919s][info][gc,cpu         ] GC(3051) User=0.03s Sys=0.00s Real=0.03s
[449.031s][info][gc,start       ] GC(3052) Pause Young (Allocation Failure)
[449.066s][info][gc,heap        ] GC(3052) DefNew: 140050K(157248K)->275K(157248K) Eden: 139775K(139776K)->0K(139776K) From: 274K(17472K)->275K(17472K)
[449.066s][info][gc,heap        ] GC(3052) Tenured: 21505K(349568K)->21523K(349568K)
[449.066s][info][gc,metaspace   ] GC(3052) Metaspace: 14290K(15232K)->14290K(15232K) NonClass: 12331K(12928K)->12331K(12928K) Class: 1959K(2304K)->1959K(2304K)
[449.066s][info][gc             ] GC(3052) Pause Young (Allocation Failure) 157M->21M(494M) 35.013ms
[449.066s][info][gc,cpu         ] GC(3052) User=0.03s Sys=0.00s Real=0.03s
[449.178s][info][gc,start       ] GC(3053) Pause Young (Allocation Failure)
[449.212s][info][gc,heap        ] GC(3053) DefNew: 140051K(157248K)->273K(157248K) Eden: 139776K(139776K)->0K(139776K) From: 275K(17472K)->273K(17472K)
[449.212s][info][gc,heap        ] GC(3053) Tenured: 21523K(349568K)->21541K(349568K)
[449.212s][info][gc,metaspace   ] GC(3053) Metaspace: 14290K(15232K)->14290K(15232K) NonClass: 12331K(12928K)->12331K(12928K) Class: 1959K(2304K)->1959K(2304K)
[449.213s][info][gc             ] GC(3053) Pause Young (Allocation Failure) 157M->21M(494M) 34.390ms
[449.213s][info][gc,cpu         ] GC(3053) User=0.05s Sys=0.00s Real=0.03s
[449.322s][info][gc,start       ] GC(3054) Pause Young (Allocation Failure)
[449.357s][info][gc,heap        ] GC(3054) DefNew: 140049K(157248K)->272K(157248K) Eden: 139776K(139776K)->0K(139776K) From: 273K(17472K)->272K(17472K)
[449.357s][info][gc,heap        ] GC(3054) Tenured: 21541K(349568K)->21559K(349568K)
[449.357s][info][gc,metaspace   ] GC(3054) Metaspace: 14290K(15232K)->14290K(15232K) NonClass: 12331K(12928K)->12331K(12928K) Class: 1959K(2304K)->1959K(2304K)
